--------- beginning of main
07-05 20:33:28.588 26880 26880 E Zygote  : isWhitelistProcess - Process is Whitelisted
07-05 20:33:28.591 26880 26880 E Zygote  : accessInfo : 1
07-05 20:33:28.605 26880 26880 I example.edgesu: Late-enabling -Xcheck:jni
--------- beginning of system
07-05 20:33:29.442 26880 26880 I ActivityThread: handleStopService: token=android.os.BinderProxy@2ba744a not found.
07-05 20:33:29.445 26880 26880 I TransferService: Starting Transfer Service to listen for network connectivity changes.
07-05 20:33:29.446 26880 26880 W LogFactory: Truncating log tag length as it exceed 23, the limit imposed by Android on certain API Levels
07-05 20:33:29.472 26880 26880 I TransferService: Registering the network receiver
07-05 20:33:29.474 26880 26880 I TransferService: Moving the service out of the Foreground state.
07-05 20:33:29.474 26880 26880 I TransferService: De-registering the network receiver.
07-05 20:33:29.476 26880 26880 W ActivityThread: handleWindowVisibility: no activity for token android.os.BinderProxy@5e6eb33
07-05 20:33:29.482 26880 26899 D vndksupport: Loading /vendor/lib64/egl/libGLES_mali.so from current namespace instead of sphal namespace.
07-05 20:33:29.502 26880 26899 D libEGL  : loaded /vendor/lib64/egl/libGLES_mali.so
07-05 20:33:29.553 26880 26880 W example.edgesu: Accessing hidden method Landroid/graphics/drawable/Drawable;->getOpticalInsets()Landroid/graphics/Insets; (light greylist, linking)
07-05 20:33:29.553 26880 26880 W example.edgesu: Accessing hidden field Landroid/graphics/Insets;->left:I (light greylist, linking)
07-05 20:33:29.553 26880 26880 W example.edgesu: Accessing hidden field Landroid/graphics/Insets;->right:I (light greylist, linking)
07-05 20:33:29.553 26880 26880 W example.edgesu: Accessing hidden field Landroid/graphics/Insets;->top:I (light greylist, linking)
07-05 20:33:29.553 26880 26880 W example.edgesu: Accessing hidden field Landroid/graphics/Insets;->bottom:I (light greylist, linking)
07-05 20:33:29.572 26880 26880 I DecorView: createDecorCaptionView >> DecorView@d5170b4[], isFloating: false, isApplication: true, hasWindowDecorCaption: false, hasWindowControllerCallback: true
07-05 20:33:29.600 26880 26880 W example.edgesu: Accessing hidden method Landroid/view/View;->computeFitSystemWindows(Landroid/graphics/Rect;Landroid/graphics/Rect;)Z (light greylist, reflection)
07-05 20:33:29.600 26880 26880 W example.edgesu: Accessing hidden method Landroid/view/ViewGroup;->makeOptionalFitsSystemWindows()V (light greylist, reflection)
07-05 20:33:29.701 26880 26880 W example.edgesu: Accessing hidden method Landroid/widget/TextView;->getTextDirectionHeuristic()Landroid/text/TextDirectionHeuristic; (light greylist, linking)
07-05 20:33:29.710 26880 26880 W example.edgesu: Accessing hidden field Landroid/view/View;->mAccessibilityDelegate:Landroid/view/View$AccessibilityDelegate; (light greylist, reflection)
07-05 20:33:29.770 26880 26880 V Repo    : /storage/emulated/0/Movies/raw
07-05 20:33:29.771 26880 26880 V Repo    : /storage/emulated/0/Movies/summarised
07-05 20:33:29.793 26880 26880 V FileManager: External storage is readable
07-05 20:33:29.795 26880 26880 V FileManager: Created new directory: /storage/emulated/0/Movies/raw
07-05 20:33:29.796 26880 26880 V FileManager: External storage is readable
07-05 20:33:29.797 26880 26880 V FileManager: Created new directory: /storage/emulated/0/Movies/summarised
07-05 20:33:29.798 26880 26880 V FileManager: External storage is readable
07-05 20:33:29.800 26880 26880 V FileManager: Created new directory: /storage/emulated/0/Download/nearby
07-05 20:33:29.801 26880 26880 V FileManager: External storage is readable
07-05 20:33:29.802 26880 26880 V FileManager: Created new directory: /storage/emulated/0/Movies/segment
07-05 20:33:29.803 26880 26880 V FileManager: External storage is readable
07-05 20:33:29.803 26880 26880 V FileManager: Created new directory: /storage/emulated/0/Movies/segment-sum
07-05 20:33:29.930 26880 26880 V VideoManager: getAllVideoFromExternalStorageFolder
07-05 20:33:29.932 26880 26880 D VideoManager: /storage/emulated/0/Movies/summarised
07-05 20:33:29.938 26880 26880 D VideoManager: 0 videos return
07-05 20:33:29.967 26880 26880 V VideoManager: getAllVideoFromExternalStorageFolder
07-05 20:33:29.969 26880 26880 D VideoManager: /storage/emulated/0/Movies/raw
07-05 20:33:29.973 26880 26880 D VideoManager: 0 videos return
07-05 20:33:29.997 26880 26880 D OpenGLRenderer: Skia GL Pipeline
07-05 20:33:30.000 26880 26880 D EmergencyMode: [EmergencyManager] android createPackageContext successful
07-05 20:33:30.013 26880 26880 D InputTransport: Input channel constructed: fd=64
07-05 20:33:30.014 26880 26880 D ViewRootImpl@2a1ed2b[MainActivity]: setView = DecorView@d5170b4[MainActivity] TM=true MM=false
07-05 20:33:30.019 26880 26880 I TransferService: Starting Transfer Service to listen for network connectivity changes.
07-05 20:33:30.019 26880 26880 I TransferService: Registering the network receiver
07-05 20:33:30.021 26880 26880 E TransferService: No notification is passed in the intent. Unable to transition to foreground.
07-05 20:33:30.047 26880 26892 D MainActivity: Scanned /storage/emulated/0/Movies/raw
07-05 20:33:30.047 26880 26892 D MainActivity:   -> uri=content://media/external/file/138419
07-05 20:33:30.058 26880 26880 D ViewRootImpl@2a1ed2b[MainActivity]: dispatchAttachedToWindow
07-05 20:33:30.072 26880 26892 D MainActivity: Scanned /storage/emulated/0/Movies/summarised
07-05 20:33:30.072 26880 26892 D MainActivity:   -> uri=content://media/external/file/138420
07-05 20:33:30.073 26880 26880 W StaticLayout: maxLineHeight should not be -1.  maxLines:1 lineCount:1
07-05 20:33:30.086 26880 26880 I chatty  : uid=10568(com.example.edgesum) identical 2 lines
07-05 20:33:30.091 26880 26880 W StaticLayout: maxLineHeight should not be -1.  maxLines:1 lineCount:1
07-05 20:33:30.101 26880 26880 D ViewRootImpl@2a1ed2b[MainActivity]: Relayout returned: old=[0,0][720,1480] new=[0,0][720,1480] result=0x7 surface={valid=true 519406931968} changed=true
07-05 20:33:30.108 26880 26880 W StaticLayout: maxLineHeight should not be -1.  maxLines:1 lineCount:1
07-05 20:33:30.110 26880 26903 I ConfigStore: android::hardware::configstore::V1_0::ISurfaceFlingerConfigs::hasWideColorDisplay retrieved: 0
07-05 20:33:30.110 26880 26903 I ConfigStore: android::hardware::configstore::V1_0::ISurfaceFlingerConfigs::hasHDRDisplay retrieved: 0
07-05 20:33:30.110 26880 26903 I OpenGLRenderer: Initialized EGL, version 1.4
07-05 20:33:30.110 26880 26903 D OpenGLRenderer: Swap behavior 2
07-05 20:33:30.112 26880 26880 W StaticLayout: maxLineHeight should not be -1.  maxLines:1 lineCount:1
07-05 20:33:30.122 26880 26903 D mali_winsys: EGLint new_window_surface(egl_winsys_display *, void *, EGLSurface, EGLConfig, egl_winsys_surface **, EGLBoolean) returns 0x3000
07-05 20:33:30.122 26880 26903 D OpenGLRenderer: eglCreateWindowSurface = 0x78d5f7f000, 0x78ef10d010
07-05 20:33:30.122 26880 26880 I TransferNetworkLossHand: Network connectivity changed detected.
07-05 20:33:30.123 26880 26880 I TransferNetworkLossHand: Network connected: true
07-05 20:33:30.125 26880 26917 D TransferNetworkLossHand: Loading transfers from database...
07-05 20:33:30.128 26880 26917 D TransferNetworkLossHand: Closing the cursor for resumeAllTransfers
07-05 20:33:30.128 26880 26917 D TransferNetworkLossHand: 0 transfers are loaded from database.
07-05 20:33:30.205 26880 26903 D vndksupport: Loading /vendor/lib64/hw/android.hardware.graphics.mapper@2.0-impl.so from current namespace instead of sphal namespace.
07-05 20:33:30.224 26880 26880 D ViewRootImpl@2a1ed2b[MainActivity]: MSG_RESIZED: frame=Rect(0, 0 - 720, 1480) ci=Rect(0, 48 - 0, 96) vi=Rect(0, 48 - 0, 96) or=1
07-05 20:33:30.225 26880 26880 D ViewRootImpl@2a1ed2b[MainActivity]: setWindowStopped(false) old=false
07-05 20:33:30.231 26880 26880 D ViewRootImpl@2a1ed2b[MainActivity]: MSG_WINDOW_FOCUS_CHANGED 1 1
07-05 20:33:30.232 26880 26880 D InputMethodManager: prepareNavigationBarInfo() DecorView@d5170b4[MainActivity]
07-05 20:33:30.232 26880 26880 D InputMethodManager: getNavigationBarColor() -855310
07-05 20:33:30.237 26880 26880 D InputMethodManager: prepareNavigationBarInfo() DecorView@d5170b4[MainActivity]
07-05 20:33:30.237 26880 26880 D InputMethodManager: getNavigationBarColor() -855310
07-05 20:33:30.237 26880 26880 V InputMethodManager: Starting input: tba=com.example.edgesum ic=null mNaviBarColor -855310 mIsGetNaviBarColorSuccess true , NavVisible : true , NavTrans : false
07-05 20:33:30.237 26880 26880 D InputMethodManager: startInputInner - Id : 0
07-05 20:33:30.237 26880 26880 I InputMethodManager: startInputInner - mService.startInputOrWindowGainedFocus
07-05 20:33:30.242 26880 26894 D InputTransport: Input channel constructed: fd=74
07-05 20:33:30.272 26880 26880 D InputMethodManager: prepareNavigationBarInfo() DecorView@d5170b4[MainActivity]
07-05 20:33:30.273 26880 26880 D InputMethodManager: getNavigationBarColor() -855310
07-05 20:33:30.273 26880 26880 V InputMethodManager: Starting input: tba=com.example.edgesum ic=null mNaviBarColor -855310 mIsGetNaviBarColorSuccess true , NavVisible : true , NavTrans : false
07-05 20:33:30.273 26880 26880 D InputMethodManager: startInputInner - Id : 0
07-05 20:33:39.955 26880 26880 D ViewRootImpl@2a1ed2b[MainActivity]: ViewPostIme pointer 0
07-05 20:33:40.004 26880 26880 D ViewRootImpl@2a1ed2b[MainActivity]: ViewPostIme pointer 1
07-05 20:33:40.020 26880 26880 V MainActivity: Connect button clicked
07-05 20:33:44.220 26880 26880 D ViewRootImpl@2a1ed2b[MainActivity]: ViewPostIme pointer 0
07-05 20:33:44.268 26880 26880 D ViewRootImpl@2a1ed2b[MainActivity]: ViewPostIme pointer 1
07-05 20:33:44.277 26880 26880 V ConnectionFragment: Advertisement switch checked
07-05 20:33:46.143 26880 26880 D NearbyFragment: Started advertising
07-05 20:33:56.011 26880 26880 D NearbyFragment: Initiated connection with 4qxN: Nexus 5X [34d8]
07-05 20:33:56.030 26880 26880 D Dialog  : mIsSamsungBasicInteraction = false
07-05 20:33:56.031 26880 26880 D Dialog  : mIsSamsungBasicInteraction = false, isMetaDataInActivity = false
07-05 20:33:56.076 26880 26880 I DecorView: createDecorCaptionView >> DecorView@ce1b69b[], isFloating: true, isApplication: true, hasWindowDecorCaption: false, hasWindowControllerCallback: false
07-05 20:33:56.167 26880 26880 D ScrollView: initGoToTop
07-05 20:33:56.222 26880 26880 D InputTransport: Input channel constructed: fd=76
07-05 20:33:56.224 26880 26880 D ViewRootImpl@2615667[MainActivity]: setView = DecorView@ce1b69b[MainActivity] TM=true MM=false
07-05 20:33:56.237 26880 26880 W example.edgesu: Accessing hidden method Landroid/graphics/FontFamily;-><init>()V (light greylist, reflection)
07-05 20:33:56.237 26880 26880 W example.edgesu: Accessing hidden method Landroid/graphics/FontFamily;->addFontFromAssetManager(Landroid/content/res/AssetManager;Ljava/lang/String;IZIII[Landroid/graphics/fonts/FontVariationAxis;)Z (light greylist, reflection)
07-05 20:33:56.237 26880 26880 W example.edgesu: Accessing hidden method Landroid/graphics/FontFamily;->addFontFromBuffer(Ljava/nio/ByteBuffer;I[Landroid/graphics/fonts/FontVariationAxis;II)Z (light greylist, reflection)
07-05 20:33:56.237 26880 26880 W example.edgesu: Accessing hidden method Landroid/graphics/FontFamily;->freeze()Z (light greylist, reflection)
07-05 20:33:56.238 26880 26880 W example.edgesu: Accessing hidden method Landroid/graphics/FontFamily;->abortCreation()V (light greylist, reflection)
07-05 20:33:56.238 26880 26880 W example.edgesu: Accessing hidden method Landroid/graphics/Typeface;->createFromFamiliesWithDefault([Landroid/graphics/FontFamily;Ljava/lang/String;II)Landroid/graphics/Typeface; (light greylist, reflection)
07-05 20:33:56.303 26880 26880 D ViewRootImpl@2615667[MainActivity]: dispatchAttachedToWindow
07-05 20:33:56.354 26880 26880 D ViewRootImpl@2615667[MainActivity]: Relayout returned: old=[0,48][720,1384] new=[18,508][702,923] result=0x7 surface={valid=true 518988320768} changed=true
07-05 20:33:56.358 26880 26903 D mali_winsys: EGLint new_window_surface(egl_winsys_display *, void *, EGLSurface, EGLConfig, egl_winsys_surface **, EGLBoolean) returns 0x3000
07-05 20:33:56.358 26880 26903 D OpenGLRenderer: eglCreateWindowSurface = 0x78d63f1580, 0x78d61d5010
07-05 20:33:56.369 26880 26880 D ScrollView:  onsize change changed 
07-05 20:33:56.385 26880 26880 D ViewRootImpl@2615667[MainActivity]: MSG_WINDOW_FOCUS_CHANGED 1 1
07-05 20:33:56.417 26880 26880 D ViewRootImpl@2615667[MainActivity]: MSG_RESIZED: frame=Rect(18, 508 - 702, 923) ci=Rect(0, 0 - 0, 0) vi=Rect(0, 0 - 0, 0) or=1
07-05 20:33:56.451 26880 26880 D ViewRootImpl@2a1ed2b[MainActivity]: MSG_WINDOW_FOCUS_CHANGED 0 1
07-05 20:33:56.452 26880 26880 D InputMethodManager: prepareNavigationBarInfo() DecorView@d5170b4[MainActivity]
07-05 20:33:56.452 26880 26880 D InputMethodManager: getNavigationBarColor() -855310
07-05 20:33:57.809 26880 26880 D ViewRootImpl@2615667[MainActivity]: ViewPostIme pointer 0
07-05 20:33:57.850 26880 26880 D ViewRootImpl@2615667[MainActivity]: ViewPostIme pointer 1
07-05 20:33:57.897 26880 26903 W libEGL  : EGLNativeWindowType 0x78d61d5010 disconnect failed
07-05 20:33:57.898 26880 26903 D OpenGLRenderer: eglDestroySurface = 0x78d63f1580, 0x78d61d5000
07-05 20:33:57.898 26880 26903 D OpenGLRenderer: endAllActiveAnimators on 0x78d6199900 (RippleDrawable) with handle 0x78d618cc80
07-05 20:33:57.898 26880 26880 D ViewRootImpl@2615667[MainActivity]: dispatchDetachedFromWindow
07-05 20:33:57.899 26880 26880 D ViewRootImpl@2615667[MainActivity]: Surface release. android.view.ViewRootImpl.doDie:7979 android.view.ViewRootImpl.die:7947 android.view.WindowManagerGlobal.removeViewLocked:497 android.view.WindowManagerGlobal.removeView:435 android.view.WindowManagerImpl.removeViewImmediate:124 android.app.Dialog.dismissDialog:518 android.app.Dialog.dismiss:501 androidx.appcompat.app.AlertController$ButtonHandler.handleMessage:171 
07-05 20:33:57.914 26880 26880 D InputTransport: Input channel destroyed: fd=76
07-05 20:33:57.917 26880 26880 I NearbyFragment: Connected to Endpoint{id=4qxN, name=Nexus 5X [34d8]}
07-05 20:33:57.985 26880 26880 D ViewRootImpl@2a1ed2b[MainActivity]: MSG_WINDOW_FOCUS_CHANGED 1 1
07-05 20:33:57.986 26880 26880 D InputMethodManager: prepareNavigationBarInfo() DecorView@d5170b4[MainActivity]
07-05 20:33:57.986 26880 26880 D InputMethodManager: getNavigationBarColor() -855310
07-05 20:33:57.997 26880 26880 E ViewRootImpl: sendUserActionEvent() returned.
07-05 20:34:02.169 26880 26880 D NearbyFragment: Initiated connection with w2Lc: Nexus 5 [1825]
07-05 20:34:02.175 26880 26880 D Dialog  : mIsSamsungBasicInteraction = false
07-05 20:34:02.175 26880 26880 D Dialog  : mIsSamsungBasicInteraction = false, isMetaDataInActivity = false
07-05 20:34:02.191 26880 26880 I DecorView: createDecorCaptionView >> DecorView@518f91a[], isFloating: true, isApplication: true, hasWindowDecorCaption: false, hasWindowControllerCallback: false
07-05 20:34:02.275 26880 26880 D ScrollView: initGoToTop
07-05 20:34:02.332 26880 26880 D InputTransport: Input channel constructed: fd=76
07-05 20:34:02.336 26880 26880 D ViewRootImpl@12db579[MainActivity]: setView = DecorView@518f91a[MainActivity] TM=true MM=false
07-05 20:34:02.398 26880 26880 D ViewRootImpl@12db579[MainActivity]: dispatchAttachedToWindow
07-05 20:34:02.440 26880 26885 I example.edgesu: Compiler allocated 4MB to compile void android.widget.TextView.<init>(android.content.Context, android.util.AttributeSet, int, int)
07-05 20:34:02.466 26880 26880 D ViewRootImpl@12db579[MainActivity]: Relayout returned: old=[0,48][720,1384] new=[18,508][702,923] result=0x7 surface={valid=true 518904700928} changed=true
07-05 20:34:02.472 26880 26903 D mali_winsys: EGLint new_window_surface(egl_winsys_display *, void *, EGLSurface, EGLConfig, egl_winsys_surface **, EGLBoolean) returns 0x3000
07-05 20:34:02.472 26880 26903 D OpenGLRenderer: eglCreateWindowSurface = 0x78d6514100, 0x78d1216010
07-05 20:34:02.486 26880 26880 D ScrollView:  onsize change changed 
07-05 20:34:02.507 26880 26880 D ViewRootImpl@12db579[MainActivity]: MSG_WINDOW_FOCUS_CHANGED 1 1
07-05 20:34:02.536 26880 26880 D ViewRootImpl@12db579[MainActivity]: MSG_RESIZED: frame=Rect(18, 508 - 702, 923) ci=Rect(0, 0 - 0, 0) vi=Rect(0, 0 - 0, 0) or=1
07-05 20:34:02.587 26880 26880 D ViewRootImpl@2a1ed2b[MainActivity]: MSG_WINDOW_FOCUS_CHANGED 0 1
07-05 20:34:02.587 26880 26880 D InputMethodManager: prepareNavigationBarInfo() DecorView@d5170b4[MainActivity]
07-05 20:34:02.588 26880 26880 D InputMethodManager: getNavigationBarColor() -855310
07-05 20:34:04.306 26880 26880 D ViewRootImpl@12db579[MainActivity]: ViewPostIme pointer 0
07-05 20:34:04.374 26880 26880 D ViewRootImpl@12db579[MainActivity]: ViewPostIme pointer 1
07-05 20:34:04.398 26880 26903 W libEGL  : EGLNativeWindowType 0x78d1216010 disconnect failed
07-05 20:34:04.398 26880 26903 D OpenGLRenderer: eglDestroySurface = 0x78d6514100, 0x78d1216000
07-05 20:34:04.398 26880 26903 D OpenGLRenderer: endAllActiveAnimators on 0x78d12b5000 (RippleDrawable) with handle 0x78d61d7e00
07-05 20:34:04.398 26880 26880 D ViewRootImpl@12db579[MainActivity]: dispatchDetachedFromWindow
07-05 20:34:04.398 26880 26880 D ViewRootImpl@12db579[MainActivity]: Surface release. android.view.ViewRootImpl.doDie:7979 android.view.ViewRootImpl.die:7947 android.view.WindowManagerGlobal.removeViewLocked:497 android.view.WindowManagerGlobal.removeView:435 android.view.WindowManagerImpl.removeViewImmediate:124 android.app.Dialog.dismissDialog:518 android.app.Dialog.dismiss:501 androidx.appcompat.app.AlertController$ButtonHandler.handleMessage:171 
07-05 20:34:04.415 26880 26880 D InputTransport: Input channel destroyed: fd=76
07-05 20:34:04.418 26880 26880 I NearbyFragment: Connected to Endpoint{id=w2Lc, name=Nexus 5 [1825]}
07-05 20:34:04.486 26880 26880 D ViewRootImpl@2a1ed2b[MainActivity]: MSG_WINDOW_FOCUS_CHANGED 1 1
07-05 20:34:04.487 26880 26880 D InputMethodManager: prepareNavigationBarInfo() DecorView@d5170b4[MainActivity]
07-05 20:34:04.487 26880 26880 D InputMethodManager: getNavigationBarColor() -855310
07-05 20:34:04.496 26880 26880 E ViewRootImpl: sendUserActionEvent() returned.
07-05 20:34:06.240 26880 26880 D ViewRootImpl@2a1ed2b[MainActivity]: ViewPostIme pointer 0
07-05 20:34:06.338 26880 26880 D ViewRootImpl@2a1ed2b[MainActivity]: ViewPostIme pointer 1
07-05 20:34:06.345 26880 26880 V ConnectionFragment: Advertisement switch unchecked
07-05 20:34:06.345 26880 26880 D NearbyFragment: Stopped advertising
07-05 20:34:50.894 26880 26880 D ViewRootImpl@2a1ed2b[MainActivity]: ViewPostIme pointer 0
07-05 20:34:50.965 26880 26880 D ViewRootImpl@2a1ed2b[MainActivity]: ViewPostIme pointer 1
07-05 20:34:50.970 26880 26880 V ConnectionFragment: Auto-send switch checked
07-05 20:34:51.002 26880 26880 W NearbyFragment: Preferences:
07-05 20:34:51.002 26880 26880 W NearbyFragment:   Auto download: true
07-05 20:34:51.002 26880 26880 W NearbyFragment:   Algorithm: ordered
07-05 20:34:51.002 26880 26880 W NearbyFragment:   Fast scheduling: true
07-05 20:34:51.002 26880 26880 W NearbyFragment:   Segmentation: false
07-05 20:34:51.002 26880 26880 W NearbyFragment:   Auto segmentation: false
07-05 20:34:51.002 26880 26880 W NearbyFragment:   Segment number: 4
07-05 20:34:51.002 26880 26880 W NearbyFragment:   Noise tolerance: 45.00
07-05 20:34:51.002 26880 26880 W NearbyFragment:   Quality: 23
07-05 20:34:51.002 26880 26880 W NearbyFragment:   Speed: medium
07-05 20:34:51.002 26880 26880 W NearbyFragment:   Freeze duration: 1.00
07-05 20:34:51.003 26880 26880 W NearbyFragment: Download delay: 1s
07-05 20:34:51.003 26880 26880 W NearbyFragment: Started downloading from dashcam
07-05 20:34:51.006 26880 27303 V DownloadTestVideosTask: Starting DownloadTestVideosTask
07-05 20:34:51.018 26880 27303 V DashDownloadManager: Started downloading: 20200312_150643.mp4
07-05 20:34:51.031 26880 27303 D NetworkSecurityConfig: No Network Security Config specified, using platform default
07-05 20:34:51.036 26880 27303 I System.out: (HTTPLog)-Static: isSBSettingEnabled false
07-05 20:34:51.037 26880 27303 I System.out: (HTTPLog)-Static: isSBSettingEnabled false
07-05 20:34:51.042 26880 27303 D TcpOptimizer: TcpOptimizer-ON
07-05 20:34:51.053 26880 27303 I System.out: (HTTPLog)-Thread-1970-50442975: getTransferStream : ContentLength=69990400, method=GET, HTTPVersion=http/1.1
07-05 20:35:08.121 26880 26880 D ViewRootImpl@2a1ed2b[MainActivity]: ViewPostIme pointer 0
07-05 20:35:08.205 26880 26880 D ViewRootImpl@2a1ed2b[MainActivity]: ViewPostIme pointer 1
07-05 20:35:08.212 26880 26880 V MainActivity: Navigation summarised button clicked
07-05 20:35:08.220 26880 26880 W example.edgesu: Accessing hidden method Landroid/view/View;->getTransitionAlpha()F (light greylist, linking)
07-05 20:35:08.220 26880 26880 W example.edgesu: Accessing hidden method Landroid/view/View;->setTransitionAlpha(F)V (light greylist, linking)
07-05 20:35:08.221 26880 26880 W example.edgesu: Accessing hidden method Landroid/view/View;->setAnimationMatrix(Landroid/graphics/Matrix;)V (light greylist, linking)
07-05 20:35:08.221 26880 26880 W example.edgesu: Accessing hidden method Landroid/view/View;->transformMatrixToGlobal(Landroid/graphics/Matrix;)V (light greylist, linking)
07-05 20:35:08.221 26880 26880 W example.edgesu: Accessing hidden method Landroid/view/View;->transformMatrixToLocal(Landroid/graphics/Matrix;)V (light greylist, linking)
07-05 20:35:08.221 26880 26880 W example.edgesu: Accessing hidden method Landroid/view/View;->setLeftTopRightBottom(IIII)V (light greylist, linking)
07-05 20:35:08.221 26880 26880 W example.edgesu: Accessing hidden method Landroid/view/View;->setTransitionVisibility(I)V (dark greylist, linking)
07-05 20:35:08.256 26880 26880 W StaticLayout: maxLineHeight should not be -1.  maxLines:1 lineCount:1
07-05 20:35:08.262 26880 26880 W StaticLayout: maxLineHeight should not be -1.  maxLines:1 lineCount:1
07-05 20:35:08.262 26880 27303 V VideoManager: Retrieving video from /storage/emulated/0/Movies/raw/20200312_150643.mp4
07-05 20:35:08.275 26880 26880 W example.edgesu: Accessing hidden field Landroid/view/View;->mViewFlags:I (light greylist, reflection)
07-05 20:35:08.277 26880 26880 W example.edgesu: Accessing hidden method Landroid/view/ViewGroup;->suppressLayout(Z)V (light greylist, linking)
07-05 20:35:08.281 26880 26880 D skia    : approximate: numPoints=2, lengths[0]=0.000000, totalLength=4.000000, segmentPoints[0]=[96.000000,16.000000]
07-05 20:35:08.281 26880 26880 D skia    : approximate: approximation[0]=0.000000, approximation[1]=96.000000, approximation[2]=16.000000
07-05 20:35:08.281 26880 26880 D skia    : approximate: numPoints=2, lengths[1]=4.000000, totalLength=4.000000, segmentPoints[1]=[96.000000,12.000000]
07-05 20:35:08.281 26880 26880 D skia    : approximate: approximation[3]=1.000000, approximation[4]=96.000000, approximation[5]=12.000000
07-05 20:35:08.283 26880 26880 D skia    : approximate: numPoints=2, lengths[0]=0.000000, totalLength=4.000000, segmentPoints[0]=[96.000000,12.000000]
07-05 20:35:08.283 26880 26880 D skia    : approximate: approximation[0]=0.000000, approximation[1]=96.000000, approximation[2]=12.000000
07-05 20:35:08.283 26880 26880 D skia    : approximate: numPoints=2, lengths[1]=4.000000, totalLength=4.000000, segmentPoints[1]=[96.000000,16.000000]
07-05 20:35:08.283 26880 26880 D skia    : approximate: approximation[3]=1.000000, approximation[4]=96.000000, approximation[5]=16.000000
07-05 20:35:08.296 26880 27303 D VideoManager: videoCursor is null
07-05 20:35:08.342 26880 27303 V VideoManager: videoFromCursor
07-05 20:35:08.348 26880 27303 W DashDownloadManager: Successfully downloaded 20200312_150643.mp4 in 17.230s
07-05 20:35:08.349 26880 27303 V DownloadTestVideosTask: Entering callback for download completion of 20200312_150643.mp4
07-05 20:35:08.350 26880 27303 V RawFootageEventHandler: onAdd
07-05 20:35:08.352 26880 27303 V NearbyFragment: nextTransfer with selected algorithm: ordered
07-05 20:35:08.353 26880 27303 D NearbyFragment: Less queued transfers than connected endpoints
07-05 20:35:09.356 26880 27303 V DownloadTestVideosTask: Starting DownloadTestVideosTask
07-05 20:35:09.363 26880 27303 V DashDownloadManager: Started downloading: 20200312_150744.mp4
07-05 20:35:09.369 26880 27303 I System.out: (HTTPLog)-Static: isSBSettingEnabled false
07-05 20:35:09.370 26880 27303 I System.out: (HTTPLog)-Static: isSBSettingEnabled false
07-05 20:35:09.387 26880 27303 I System.out: (HTTPLog)-Thread-1970-105807762: getTransferStream : ContentLength=69990400, method=GET, HTTPVersion=http/1.1
07-05 20:35:27.001 26880 27303 V VideoManager: Retrieving video from /storage/emulated/0/Movies/raw/20200312_150744.mp4
07-05 20:35:27.011 26880 27303 D VideoManager: videoCursor is null
07-05 20:35:27.059 26880 27303 V VideoManager: videoFromCursor
07-05 20:35:27.063 26880 27303 W DashDownloadManager: Successfully downloaded 20200312_150744.mp4 in 17.634s
07-05 20:35:27.064 26880 27303 V DownloadTestVideosTask: Entering callback for download completion of 20200312_150744.mp4
07-05 20:35:27.065 26880 27303 V RawFootageEventHandler: onAdd
07-05 20:35:27.068 26880 27303 V NearbyFragment: nextTransfer with selected algorithm: ordered
07-05 20:35:27.073 26880 27303 W NearbyFragment: Sending 20200312_150643.mp4 to Nexus 5X [34d8]
07-05 20:35:27.081 26880 27303 W NearbyFragment: Sending 20200312_150744.mp4 to Nexus 5 [1825]
07-05 20:35:27.103 26880 26880 V NearbyFragment: Transfer to Endpoint{id=4qxN, name=Nexus 5X [34d8]} complete
07-05 20:35:27.120 26880 26880 V NearbyFragment: Transfer to Endpoint{id=w2Lc, name=Nexus 5 [1825]} complete
07-05 20:35:28.087 26880 27303 V DownloadTestVideosTask: Starting DownloadTestVideosTask
07-05 20:35:28.094 26880 27303 V DashDownloadManager: Started downloading: 20200312_150844.mp4
07-05 20:35:28.100 26880 27303 I System.out: (HTTPLog)-Static: isSBSettingEnabled false
07-05 20:35:28.101 26880 27303 I System.out: (HTTPLog)-Static: isSBSettingEnabled false
07-05 20:35:28.129 26880 27303 I System.out: (HTTPLog)-Thread-1970-155963276: getTransferStream : ContentLength=69990400, method=GET, HTTPVersion=http/1.1
07-05 20:35:46.843 26880 26880 V NearbyFragment: Transfer to Endpoint{id=4qxN, name=Nexus 5X [34d8]} complete
07-05 20:35:47.268 26880 26880 D NearbyFragment: onPayloadReceived(endpointId=4qxN, payload=com.google.android.gms.nearby.connection.Payload@cc36d5)
07-05 20:35:47.271 26880 26880 D NearbyFragment: Endpoint{id=4qxN, name=Nexus 5X [34d8]} has finished downloading 20200312_150643.mp4
07-05 20:35:47.279 26880 26880 V VideoManager: Retrieving video from /storage/emulated/0/Movies/raw/20200312_150643.mp4
07-05 20:35:47.296 26880 26880 V VideoManager: videoFromCursor
07-05 20:35:47.301 26880 26880 V ProcessingVideosEventHandler: onAdd
07-05 20:35:47.302 26880 26880 V RawFootageEventHandler: onRemove
07-05 20:35:47.306 26880 26880 I NearbyFragment: Transfer queue is empty
07-05 20:35:47.309 26880 26880 V NearbyFragment: Transfer to Endpoint{id=4qxN, name=Nexus 5X [34d8]} complete
07-05 20:36:01.247 26880 26880 D NearbyFragment: onPayloadReceived(endpointId=4qxN, payload=com.google.android.gms.nearby.connection.Payload@2266b51)
07-05 20:36:01.250 26880 26880 D NearbyFragment: 20200312_150643.mp4 from Endpoint{id=4qxN, name=Nexus 5X [34d8]} contained no activity
07-05 20:36:01.253 26880 26880 V VideoManager: Retrieving video from /storage/emulated/0/Movies/raw/20200312_150643.mp4
07-05 20:36:01.265 26880 26880 V VideoManager: videoFromCursor
07-05 20:36:01.270 26880 26880 V ProcessingVideosEventHandler: onRemove
07-05 20:36:01.272 26880 26880 I NearbyFragment: Transfer queue is empty
07-05 20:36:01.489 26880 26880 V NearbyFragment: Transfer to Endpoint{id=4qxN, name=Nexus 5X [34d8]} complete
07-05 20:36:05.045 26880 26880 V NearbyFragment: Transfer to Endpoint{id=w2Lc, name=Nexus 5 [1825]} complete
07-05 20:36:05.543 26880 26880 D NearbyFragment: onPayloadReceived(endpointId=w2Lc, payload=com.google.android.gms.nearby.connection.Payload@d6ed4b7)
07-05 20:36:05.546 26880 26880 D NearbyFragment: Endpoint{id=w2Lc, name=Nexus 5 [1825]} has finished downloading 20200312_150744.mp4
07-05 20:36:05.550 26880 26880 V VideoManager: Retrieving video from /storage/emulated/0/Movies/raw/20200312_150744.mp4
07-05 20:36:05.565 26880 26880 V VideoManager: videoFromCursor
07-05 20:36:05.570 26880 26880 V ProcessingVideosEventHandler: onAdd
07-05 20:36:05.571 26880 26880 V RawFootageEventHandler: onRemove
07-05 20:36:05.573 26880 26880 I NearbyFragment: Transfer queue is empty
07-05 20:36:05.600 26880 26880 V NearbyFragment: Transfer to Endpoint{id=w2Lc, name=Nexus 5 [1825]} complete
07-05 20:36:09.179 26880 27303 V VideoManager: Retrieving video from /storage/emulated/0/Movies/raw/20200312_150844.mp4
07-05 20:36:09.195 26880 27303 D VideoManager: videoCursor is null
07-05 20:36:09.273 26880 27303 V VideoManager: videoFromCursor
07-05 20:36:09.283 26880 27303 W DashDownloadManager: Successfully downloaded 20200312_150844.mp4 in 41.083s
07-05 20:36:09.284 26880 27303 V DownloadTestVideosTask: Entering callback for download completion of 20200312_150844.mp4
07-05 20:36:09.285 26880 27303 V RawFootageEventHandler: onAdd
07-05 20:36:09.290 26880 27303 V NearbyFragment: nextTransfer with selected algorithm: ordered
07-05 20:36:09.294 26880 27303 W NearbyFragment: Sending 20200312_150844.mp4 to Nexus 5X [34d8]
07-05 20:36:09.321 26880 26880 V NearbyFragment: Transfer to Endpoint{id=4qxN, name=Nexus 5X [34d8]} complete
07-05 20:36:10.301 26880 27303 V DownloadTestVideosTask: Starting DownloadTestVideosTask
07-05 20:36:10.316 26880 27303 V DashDownloadManager: Started downloading: 20200312_150944.mp4
07-05 20:36:10.327 26880 27303 I System.out: (HTTPLog)-Static: isSBSettingEnabled false
07-05 20:36:10.328 26880 27303 I System.out: (HTTPLog)-Static: isSBSettingEnabled false
07-05 20:36:10.408 26880 27303 I System.out: (HTTPLog)-Thread-1970-259666825: getTransferStream : ContentLength=69990400, method=GET, HTTPVersion=http/1.1
07-05 20:36:31.113 26880 26880 V NearbyFragment: Transfer to Endpoint{id=4qxN, name=Nexus 5X [34d8]} complete
07-05 20:36:31.277 26880 26880 D NearbyFragment: onPayloadReceived(endpointId=4qxN, payload=com.google.android.gms.nearby.connection.Payload@7b1df8e)
07-05 20:36:31.280 26880 26880 D NearbyFragment: Endpoint{id=4qxN, name=Nexus 5X [34d8]} has finished downloading 20200312_150844.mp4
07-05 20:36:31.283 26880 26880 V VideoManager: Retrieving video from /storage/emulated/0/Movies/raw/20200312_150844.mp4
07-05 20:36:31.300 26880 26880 V VideoManager: videoFromCursor
07-05 20:36:31.305 26880 26880 V ProcessingVideosEventHandler: onAdd
07-05 20:36:31.306 26880 26880 V RawFootageEventHandler: onRemove
07-05 20:36:31.309 26880 26880 I NearbyFragment: Transfer queue is empty
07-05 20:36:31.335 26880 26880 V NearbyFragment: Transfer to Endpoint{id=4qxN, name=Nexus 5X [34d8]} complete
07-05 20:36:39.302 26880 27303 V VideoManager: Retrieving video from /storage/emulated/0/Movies/raw/20200312_150944.mp4
07-05 20:36:39.316 26880 27303 D VideoManager: videoCursor is null
07-05 20:36:39.404 26880 27303 V VideoManager: videoFromCursor
07-05 20:36:39.409 26880 27303 W DashDownloadManager: Successfully downloaded 20200312_150944.mp4 in 28.985s
07-05 20:36:39.410 26880 27303 V DownloadTestVideosTask: Entering callback for download completion of 20200312_150944.mp4
07-05 20:36:39.411 26880 27303 V RawFootageEventHandler: onAdd
07-05 20:36:39.413 26880 27303 V NearbyFragment: nextTransfer with selected algorithm: ordered
07-05 20:36:39.414 26880 27303 I NearbyFragment: Endpoint queue is empty
07-05 20:36:39.417 26880 27303 W NearbyFragment: Sending 20200312_150944.mp4 to Nexus 5X [34d8]
07-05 20:36:39.432 26880 26880 V NearbyFragment: Transfer to Endpoint{id=4qxN, name=Nexus 5X [34d8]} complete
07-05 20:36:40.423 26880 27303 V DownloadTestVideosTask: Starting DownloadTestVideosTask
07-05 20:36:40.435 26880 27303 V DashDownloadManager: Started downloading: 20200312_151044.mp4
07-05 20:36:40.442 26880 27303 I System.out: (HTTPLog)-Static: isSBSettingEnabled false
07-05 20:36:40.443 26880 27303 I System.out: (HTTPLog)-Static: isSBSettingEnabled false
07-05 20:36:40.689 26880 27303 I System.out: (HTTPLog)-Thread-1970-153276328: getTransferStream : ContentLength=69990400, method=GET, HTTPVersion=http/1.1
07-05 20:36:43.422 26880 26889 W System  : A resource failed to call close. 
07-05 20:36:43.433 26880 26889 I chatty  : uid=10568(com.example.edgesum) FinalizerDaemon identical 6 lines
07-05 20:36:43.435 26880 26889 W System  : A resource failed to call close. 
07-05 20:36:51.678 26880 26880 D NearbyFragment: onPayloadReceived(endpointId=4qxN, payload=com.google.android.gms.nearby.connection.Payload@307cac1)
07-05 20:36:51.681 26880 26880 V NearbyFragment: Started downloading 20200312_150844.mp4 from Endpoint{id=4qxN, name=Nexus 5X [34d8]}
07-05 20:36:51.683 26880 26880 I NearbyFragment: Transfer queue is empty
07-05 20:36:51.697 26880 26880 V NearbyFragment: Transfer to Endpoint{id=4qxN, name=Nexus 5X [34d8]} complete
07-05 20:36:54.400 26880 26880 D NearbyFragment: onPayloadReceived(endpointId=4qxN, payload=com.google.android.gms.nearby.connection.Payload@c5e5266)
07-05 20:36:59.172 26880 26880 V NearbyFragment: Transfer to Endpoint{id=4qxN, name=Nexus 5X [34d8]} complete
07-05 20:37:00.667 26880 26880 D NearbyFragment: onPayloadReceived(endpointId=w2Lc, payload=com.google.android.gms.nearby.connection.Payload@22859a7)
07-05 20:37:00.675 26880 26880 V NearbyFragment: Started downloading 20200312_150744.mp4 from Endpoint{id=w2Lc, name=Nexus 5 [1825]}
07-05 20:37:00.677 26880 26880 I NearbyFragment: Transfer queue is empty
07-05 20:37:00.685 26880 26880 V NearbyFragment: Transfer to Endpoint{id=w2Lc, name=Nexus 5 [1825]} complete
07-05 20:37:00.709 26880 26880 D NearbyFragment: onPayloadReceived(endpointId=w2Lc, payload=com.google.android.gms.nearby.connection.Payload@4a93e54)
07-05 20:37:00.951 26880 26880 V NearbyFragment: Transfer to Endpoint{id=w2Lc, name=Nexus 5 [1825]} complete
07-05 20:37:00.954 26880 26880 W NearbyFragment: Completed downloading 20200312_150744.mp4 from Endpoint{id=w2Lc, name=Nexus 5 [1825]} in 00.275s
07-05 20:37:01.061 26880 26880 V VideoManager: Retrieving video from /storage/emulated/0/Movies/summarised/20200312_150744.mp4
07-05 20:37:01.080 26880 26880 D VideoManager: videoCursor is null
07-05 20:37:01.136 26880 26880 V VideoManager: videoFromCursor
07-05 20:37:01.140 26880 26880 V SummarisedVideosEventHandler: onAdd
07-05 20:37:01.141 26880 26880 V ProcessingVideosEventHandler: removeByName
07-05 20:37:01.607 26880 26880 D NearbyFragment: onPayloadReceived(endpointId=4qxN, payload=com.google.android.gms.nearby.connection.Payload@61a15aa)
07-05 20:37:01.610 26880 26880 D NearbyFragment: Endpoint{id=4qxN, name=Nexus 5X [34d8]} has finished downloading 20200312_150944.mp4
07-05 20:37:01.612 26880 26880 V VideoManager: Retrieving video from /storage/emulated/0/Movies/raw/20200312_150944.mp4
07-05 20:37:01.625 26880 26880 V VideoManager: videoFromCursor
07-05 20:37:01.629 26880 26880 V ProcessingVideosEventHandler: onAdd
07-05 20:37:01.629 26880 26880 V RawFootageEventHandler: onRemove
07-05 20:37:01.632 26880 26880 I NearbyFragment: Transfer queue is empty
07-05 20:37:01.642 26880 26880 V NearbyFragment: Transfer to Endpoint{id=4qxN, name=Nexus 5X [34d8]} complete
07-05 20:37:17.222 26880 26880 V NearbyFragment: Transfer to Endpoint{id=4qxN, name=Nexus 5X [34d8]} complete
07-05 20:37:17.225 26880 26880 W NearbyFragment: Completed downloading 20200312_150844.mp4 from Endpoint{id=4qxN, name=Nexus 5X [34d8]} in 25.542s
07-05 20:37:19.261 26880 26880 V VideoManager: Retrieving video from /storage/emulated/0/Movies/summarised/20200312_150844.mp4
07-05 20:37:19.271 26880 26880 D VideoManager: videoCursor is null
07-05 20:37:19.319 26880 26880 V VideoManager: videoFromCursor
07-05 20:37:19.323 26880 26880 V SummarisedVideosEventHandler: onAdd
07-05 20:37:19.324 26880 26880 V ProcessingVideosEventHandler: removeByName
07-05 20:37:21.439 26880 27303 V VideoManager: Retrieving video from /storage/emulated/0/Movies/raw/20200312_151044.mp4
07-05 20:37:21.459 26880 27303 D VideoManager: videoCursor is null
07-05 20:37:21.506 26880 27303 V VideoManager: videoFromCursor
07-05 20:37:21.511 26880 27303 W DashDownloadManager: Successfully downloaded 20200312_151044.mp4 in 41.001s
07-05 20:37:21.512 26880 27303 V DownloadTestVideosTask: Entering callback for download completion of 20200312_151044.mp4
07-05 20:37:21.513 26880 27303 V RawFootageEventHandler: onAdd
07-05 20:37:21.516 26880 27303 V NearbyFragment: nextTransfer with selected algorithm: ordered
07-05 20:37:21.521 26880 27303 W NearbyFragment: Sending 20200312_151044.mp4 to Nexus 5X [34d8]
07-05 20:37:21.551 26880 26880 V NearbyFragment: Transfer to Endpoint{id=4qxN, name=Nexus 5X [34d8]} complete
07-05 20:37:22.528 26880 27303 V DownloadTestVideosTask: Starting DownloadTestVideosTask
07-05 20:37:22.533 26880 27303 V DashDownloadManager: Started downloading: 20200312_193528.mp4
07-05 20:37:22.537 26880 27303 I System.out: (HTTPLog)-Static: isSBSettingEnabled false
07-05 20:37:22.538 26880 27303 I System.out: (HTTPLog)-Static: isSBSettingEnabled false
07-05 20:37:22.570 26880 27303 I System.out: (HTTPLog)-Thread-1970-207163651: getTransferStream : ContentLength=69990400, method=GET, HTTPVersion=http/1.1
07-05 20:37:40.388 26880 26880 V NearbyFragment: Transfer to Endpoint{id=4qxN, name=Nexus 5X [34d8]} complete
07-05 20:37:40.892 26880 26880 D NearbyFragment: onPayloadReceived(endpointId=4qxN, payload=com.google.android.gms.nearby.connection.Payload@6d5880)
07-05 20:37:40.894 26880 26880 D NearbyFragment: Endpoint{id=4qxN, name=Nexus 5X [34d8]} has finished downloading 20200312_151044.mp4
07-05 20:37:40.897 26880 26880 V VideoManager: Retrieving video from /storage/emulated/0/Movies/raw/20200312_151044.mp4
07-05 20:37:40.912 26880 26880 V VideoManager: videoFromCursor
07-05 20:37:40.917 26880 26880 V ProcessingVideosEventHandler: onAdd
07-05 20:37:40.918 26880 26880 V RawFootageEventHandler: onRemove
07-05 20:37:40.920 26880 26880 I NearbyFragment: Transfer queue is empty
07-05 20:37:40.949 26880 26880 V NearbyFragment: Transfer to Endpoint{id=4qxN, name=Nexus 5X [34d8]} complete
07-05 20:37:49.168 26880 27303 V VideoManager: Retrieving video from /storage/emulated/0/Movies/raw/20200312_193528.mp4
07-05 20:37:49.182 26880 27303 D VideoManager: videoCursor is null
07-05 20:37:49.264 26880 27303 V VideoManager: videoFromCursor
07-05 20:37:49.269 26880 27303 W DashDownloadManager: Successfully downloaded 20200312_193528.mp4 in 26.634s
07-05 20:37:49.270 26880 27303 V DownloadTestVideosTask: Entering callback for download completion of 20200312_193528.mp4
07-05 20:37:49.271 26880 27303 V RawFootageEventHandler: onAdd
07-05 20:37:49.274 26880 27303 V NearbyFragment: nextTransfer with selected algorithm: ordered
07-05 20:37:49.277 26880 27303 W NearbyFragment: Sending 20200312_193528.mp4 to Nexus 5 [1825]
07-05 20:37:49.307 26880 26880 V NearbyFragment: Transfer to Endpoint{id=w2Lc, name=Nexus 5 [1825]} complete
07-05 20:37:50.283 26880 27303 V DownloadTestVideosTask: Starting DownloadTestVideosTask
07-05 20:37:50.286 26880 27303 V DashDownloadManager: Started downloading: 20200312_193628.mp4
07-05 20:37:50.291 26880 27303 I System.out: (HTTPLog)-Static: isSBSettingEnabled false
07-05 20:37:50.292 26880 27303 I System.out: (HTTPLog)-Static: isSBSettingEnabled false
07-05 20:37:50.301 26880 27303 I System.out: (HTTPLog)-Thread-1970-59617546: getTransferStream : ContentLength=69990400, method=GET, HTTPVersion=http/1.1
07-05 20:37:55.574 26880 26880 D NearbyFragment: onPayloadReceived(endpointId=4qxN, payload=com.google.android.gms.nearby.connection.Payload@7019d7b)
07-05 20:37:55.576 26880 26880 V NearbyFragment: Started downloading 20200312_150944.mp4 from Endpoint{id=4qxN, name=Nexus 5X [34d8]}
07-05 20:37:55.578 26880 26880 I NearbyFragment: Transfer queue is empty
07-05 20:37:55.595 26880 26880 V NearbyFragment: Transfer to Endpoint{id=4qxN, name=Nexus 5X [34d8]} complete
07-05 20:37:55.988 26880 26880 D NearbyFragment: onPayloadReceived(endpointId=4qxN, payload=com.google.android.gms.nearby.connection.Payload@1cdb798)
07-05 20:37:56.823 26880 26880 V NearbyFragment: Transfer to Endpoint{id=4qxN, name=Nexus 5X [34d8]} complete
07-05 20:37:56.825 26880 26880 W NearbyFragment: Completed downloading 20200312_150944.mp4 from Endpoint{id=4qxN, name=Nexus 5X [34d8]} in 01.246s
07-05 20:37:56.910 26880 26880 V VideoManager: Retrieving video from /storage/emulated/0/Movies/summarised/20200312_150944.mp4
07-05 20:37:56.922 26880 26880 D VideoManager: videoCursor is null
07-05 20:37:56.967 26880 26880 V VideoManager: videoFromCursor
07-05 20:37:56.971 26880 26880 V SummarisedVideosEventHandler: onAdd
07-05 20:37:56.972 26880 26880 V ProcessingVideosEventHandler: removeByName
07-05 20:38:07.258 26880 26880 V NearbyFragment: Transfer to Endpoint{id=w2Lc, name=Nexus 5 [1825]} complete
07-05 20:38:07.573 26880 26880 D NearbyFragment: onPayloadReceived(endpointId=w2Lc, payload=com.google.android.gms.nearby.connection.Payload@14ff774)
07-05 20:38:07.576 26880 26880 D NearbyFragment: Endpoint{id=w2Lc, name=Nexus 5 [1825]} has finished downloading 20200312_193528.mp4
07-05 20:38:07.578 26880 26880 V VideoManager: Retrieving video from /storage/emulated/0/Movies/raw/20200312_193528.mp4
07-05 20:38:07.595 26880 26880 V VideoManager: videoFromCursor
07-05 20:38:07.600 26880 26880 V ProcessingVideosEventHandler: onAdd
07-05 20:38:07.601 26880 26880 V RawFootageEventHandler: onRemove
07-05 20:38:07.603 26880 26880 I NearbyFragment: Transfer queue is empty
07-05 20:38:07.606 26880 26880 V NearbyFragment: Transfer to Endpoint{id=w2Lc, name=Nexus 5 [1825]} complete
07-05 20:38:16.241 26880 26880 D NearbyFragment: onPayloadReceived(endpointId=4qxN, payload=com.google.android.gms.nearby.connection.Payload@1eb4ce3)
07-05 20:38:16.244 26880 26880 D NearbyFragment: 20200312_151044.mp4 from Endpoint{id=4qxN, name=Nexus 5X [34d8]} contained no activity
07-05 20:38:16.247 26880 26880 V VideoManager: Retrieving video from /storage/emulated/0/Movies/raw/20200312_151044.mp4
07-05 20:38:16.261 26880 26880 V VideoManager: videoFromCursor
07-05 20:38:16.267 26880 26880 V ProcessingVideosEventHandler: onRemove
07-05 20:38:16.269 26880 26880 I NearbyFragment: Transfer queue is empty
07-05 20:38:16.271 26880 26880 V NearbyFragment: Transfer to Endpoint{id=4qxN, name=Nexus 5X [34d8]} complete
07-05 20:38:20.865 26880 27303 V VideoManager: Retrieving video from /storage/emulated/0/Movies/raw/20200312_193628.mp4
07-05 20:38:20.879 26880 27303 D VideoManager: videoCursor is null
07-05 20:38:20.938 26880 27303 V VideoManager: videoFromCursor
07-05 20:38:20.943 26880 27303 W DashDownloadManager: Successfully downloaded 20200312_193628.mp4 in 30.577s
07-05 20:38:20.944 26880 27303 V DownloadTestVideosTask: Entering callback for download completion of 20200312_193628.mp4
07-05 20:38:20.946 26880 27303 V RawFootageEventHandler: onAdd
07-05 20:38:20.948 26880 27303 V NearbyFragment: nextTransfer with selected algorithm: ordered
07-05 20:38:20.952 26880 27303 W NearbyFragment: Sending 20200312_193628.mp4 to Nexus 5X [34d8]
07-05 20:38:20.975 26880 26880 V NearbyFragment: Transfer to Endpoint{id=4qxN, name=Nexus 5X [34d8]} complete
07-05 20:38:21.098 26880 26885 I example.edgesu: Compiler allocated 4MB to compile void android.view.ViewRootImpl.performTraversals()
07-05 20:38:21.957 26880 27303 V DownloadTestVideosTask: Starting DownloadTestVideosTask
07-05 20:38:21.961 26880 27303 V DashDownloadManager: Started downloading: 20200312_193728.mp4
07-05 20:38:21.966 26880 27303 I System.out: (HTTPLog)-Static: isSBSettingEnabled false
07-05 20:38:21.966 26880 27303 I System.out: (HTTPLog)-Static: isSBSettingEnabled false
07-05 20:38:21.994 26880 27303 I System.out: (HTTPLog)-Thread-1970-203342092: getTransferStream : ContentLength=69990400, method=GET, HTTPVersion=http/1.1
07-05 20:38:31.752 26880 26880 D NearbyFragment: onPayloadReceived(endpointId=w2Lc, payload=com.google.android.gms.nearby.connection.Payload@3320a55)
07-05 20:38:31.754 26880 26880 D NearbyFragment: 20200312_193528.mp4 from Endpoint{id=w2Lc, name=Nexus 5 [1825]} contained no activity
07-05 20:38:31.755 26880 26880 V VideoManager: Retrieving video from /storage/emulated/0/Movies/raw/20200312_193528.mp4
07-05 20:38:31.768 26880 26880 V VideoManager: videoFromCursor
07-05 20:38:31.772 26880 26880 V ProcessingVideosEventHandler: onRemove
07-05 20:38:31.774 26880 26880 I NearbyFragment: Transfer queue is empty
07-05 20:38:31.831 26880 26880 V NearbyFragment: Transfer to Endpoint{id=w2Lc, name=Nexus 5 [1825]} complete
07-05 20:38:37.030 26880 26880 V NearbyFragment: Transfer to Endpoint{id=4qxN, name=Nexus 5X [34d8]} complete
07-05 20:38:37.567 26880 26880 D NearbyFragment: onPayloadReceived(endpointId=4qxN, payload=com.google.android.gms.nearby.connection.Payload@163755b)
07-05 20:38:37.569 26880 26880 D NearbyFragment: Endpoint{id=4qxN, name=Nexus 5X [34d8]} has finished downloading 20200312_193628.mp4
07-05 20:38:37.571 26880 26880 V VideoManager: Retrieving video from /storage/emulated/0/Movies/raw/20200312_193628.mp4
07-05 20:38:37.587 26880 26880 V VideoManager: videoFromCursor
07-05 20:38:37.593 26880 26880 V ProcessingVideosEventHandler: onAdd
07-05 20:38:37.593 26880 26880 V RawFootageEventHandler: onRemove
07-05 20:38:37.595 26880 26880 I NearbyFragment: Transfer queue is empty
07-05 20:38:37.615 26880 26880 V NearbyFragment: Transfer to Endpoint{id=4qxN, name=Nexus 5X [34d8]} complete
07-05 20:38:47.970 26880 27303 V VideoManager: Retrieving video from /storage/emulated/0/Movies/raw/20200312_193728.mp4
07-05 20:38:47.985 26880 27303 D VideoManager: videoCursor is null
07-05 20:38:48.047 26880 27303 V VideoManager: videoFromCursor
07-05 20:38:48.052 26880 27303 W DashDownloadManager: Successfully downloaded 20200312_193728.mp4 in 26.007s
07-05 20:38:48.053 26880 27303 V DownloadTestVideosTask: Entering callback for download completion of 20200312_193728.mp4
07-05 20:38:48.054 26880 27303 V RawFootageEventHandler: onAdd
07-05 20:38:48.060 26880 27303 V NearbyFragment: nextTransfer with selected algorithm: ordered
07-05 20:38:48.063 26880 27303 W NearbyFragment: Sending 20200312_193728.mp4 to Nexus 5X [34d8]
07-05 20:38:48.084 26880 26880 V NearbyFragment: Transfer to Endpoint{id=4qxN, name=Nexus 5X [34d8]} complete
07-05 20:38:49.069 26880 27303 V DownloadTestVideosTask: Starting DownloadTestVideosTask
07-05 20:38:49.080 26880 27303 V DashDownloadManager: Started downloading: 20200312_193828.mp4
07-05 20:38:49.092 26880 27303 I System.out: (HTTPLog)-Static: isSBSettingEnabled false
07-05 20:38:49.094 26880 27303 I System.out: (HTTPLog)-Static: isSBSettingEnabled false
07-05 20:38:49.143 26880 27303 I System.out: (HTTPLog)-Thread-1970-66203405: getTransferStream : ContentLength=69990400, method=GET, HTTPVersion=http/1.1
07-05 20:39:10.826 26880 26880 V NearbyFragment: Transfer to Endpoint{id=4qxN, name=Nexus 5X [34d8]} complete
07-05 20:39:11.790 26880 26880 D NearbyFragment: onPayloadReceived(endpointId=4qxN, payload=com.google.android.gms.nearby.connection.Payload@9822ec2)
07-05 20:39:11.792 26880 26880 D NearbyFragment: Endpoint{id=4qxN, name=Nexus 5X [34d8]} has finished downloading 20200312_193728.mp4
07-05 20:39:11.793 26880 26880 V VideoManager: Retrieving video from /storage/emulated/0/Movies/raw/20200312_193728.mp4
07-05 20:39:11.810 26880 26880 V VideoManager: videoFromCursor
07-05 20:39:11.814 26880 26880 V ProcessingVideosEventHandler: onAdd
07-05 20:39:11.814 26880 26880 V RawFootageEventHandler: onRemove
07-05 20:39:11.816 26880 26880 I NearbyFragment: Transfer queue is empty
07-05 20:39:11.904 26880 26880 V NearbyFragment: Transfer to Endpoint{id=4qxN, name=Nexus 5X [34d8]} complete
07-05 20:39:15.843 26880 27303 V VideoManager: Retrieving video from /storage/emulated/0/Movies/raw/20200312_193828.mp4
07-05 20:39:15.853 26880 27303 D VideoManager: videoCursor is null
07-05 20:39:15.908 26880 27303 V VideoManager: videoFromCursor
07-05 20:39:15.913 26880 27303 W DashDownloadManager: Successfully downloaded 20200312_193828.mp4 in 26.762s
07-05 20:39:15.914 26880 27303 V DownloadTestVideosTask: Entering callback for download completion of 20200312_193828.mp4
07-05 20:39:15.914 26880 27303 V RawFootageEventHandler: onAdd
07-05 20:39:15.917 26880 27303 V NearbyFragment: nextTransfer with selected algorithm: ordered
07-05 20:39:15.920 26880 27303 W NearbyFragment: Sending 20200312_193828.mp4 to Nexus 5 [1825]
07-05 20:39:15.941 26880 26880 V NearbyFragment: Transfer to Endpoint{id=w2Lc, name=Nexus 5 [1825]} complete
07-05 20:39:16.925 26880 27303 V DownloadTestVideosTask: Starting DownloadTestVideosTask
07-05 20:39:16.928 26880 27303 V DashDownloadManager: Started downloading: 20200312_193928.mp4
07-05 20:39:16.932 26880 27303 I System.out: (HTTPLog)-Static: isSBSettingEnabled false
07-05 20:39:16.933 26880 27303 I System.out: (HTTPLog)-Static: isSBSettingEnabled false
07-05 20:39:17.005 26880 27303 I System.out: (HTTPLog)-Thread-1970-73041212: getTransferStream : ContentLength=69990400, method=GET, HTTPVersion=http/1.1
07-05 20:39:34.302 26880 26880 V NearbyFragment: Transfer to Endpoint{id=w2Lc, name=Nexus 5 [1825]} complete
07-05 20:39:34.357 26880 26880 D NearbyFragment: onPayloadReceived(endpointId=w2Lc, payload=com.google.android.gms.nearby.connection.Payload@78b32c5)
07-05 20:39:34.359 26880 26880 D NearbyFragment: Endpoint{id=w2Lc, name=Nexus 5 [1825]} has finished downloading 20200312_193828.mp4
07-05 20:39:34.361 26880 26880 V VideoManager: Retrieving video from /storage/emulated/0/Movies/raw/20200312_193828.mp4
