07-03 03:10:42.157  3746  5138 V FfmpegTools: Retrieving duration of /storage/emulated/0/Download/Nearby/20200312_151044!002.mp4
07-03 03:10:42.197  3746  5138 W Summariser: Summarisation completed
07-03 03:10:42.197  3746  5138 W Summariser:   filename: 20200312_151044!002.mp4
07-03 03:10:42.197  3746  5138 W Summariser:   active sections: 0
07-03 03:10:42.197  3746  5138 W Summariser:   time: 01.952s
07-03 03:10:42.197  3746  5138 W Summariser:   original duration: 16.01
07-03 03:10:42.197  3746  5138 W Summariser:   summarised duration: -1.00
07-03 03:10:42.197  3746  5138 W Summariser:   noise tolerance: 45.00
07-03 03:10:42.197  3746  5138 W Summariser:   quality: 23
07-03 03:10:42.197  3746  5138 W Summariser:   speed: medium
07-03 03:10:42.197  3746  5138 W Summariser:   freeze duration: 1.00
07-03 03:10:42.198  3746  5138 V ProcessingVideosEventHandler: onRemove
07-03 03:10:42.206  3746  3746 V NearbyFragment: Transfer to Endpoint{id=3PH2, name=Nexus 5X [34d8]} complete
07-03 03:10:42.263  3746  3759 D SummariserIntentService: Scanned /storage/emulated/0/Movies/summarised
07-03 03:10:42.263  3746  3759 D SummariserIntentService:   -> uri=content://media/external/file/137582
07-03 03:10:55.335  3746  3746 D NearbyFragment: onPayloadReceived(endpointId=3PH2, payload=com.google.android.gms.nearby.connection.Payload@15ca484)
07-03 03:10:55.340  3746  3746 V NearbyFragment: Started downloading SUMMARISE_SEGMENT:-5461740442549792832:20200312_193528!000.mp4:45.0_1.0_23_medium from Endpoint{id=3PH2, name=Nexus 5X [34d8]}
07-03 03:10:55.358  3746  3746 D NearbyFragment: onPayloadReceived(endpointId=3PH2, payload=com.google.android.gms.nearby.connection.Payload@aa746d)
07-03 03:10:55.361  3746  3746 V NearbyFragment: Transfer to Endpoint{id=3PH2, name=Nexus 5X [34d8]} complete
07-03 03:10:57.228  3746  3746 V NearbyFragment: Transfer to Endpoint{id=3PH2, name=Nexus 5X [34d8]} complete
07-03 03:10:57.231  3746  3746 W NearbyFragment: Completed downloading 20200312_193528!000.mp4 from Endpoint{id=3PH2, name=Nexus 5X [34d8]} in 01.887s
07-03 03:10:57.244  3746  3746 V FileManager: External storage is readable
07-03 03:10:57.249  3746  3746 V FileManager: Created new directory: /storage/emulated/0/Movies/segment-sum/20200312_193528
07-03 03:10:57.252  3746  3746 D NearbyFragment: Summarising 20200312_193528!000.mp4
07-03 03:10:57.255  3746  3746 V VideoManager: Retrieving video from /storage/emulated/0/Download/Nearby/20200312_193528!000.mp4
07-03 03:10:57.279  3746  3746 V VideoManager: videoFromCursor
07-03 03:10:57.286  3746  3746 V ProcessingVideosEventHandler: onAdd
07-03 03:10:57.287  3746  3746 V RawFootageEventHandler: onRemove
07-03 03:10:57.298  3746  3746 V NearbyFragment: Transfer to Endpoint{id=3PH2, name=Nexus 5X [34d8]} complete
07-03 03:10:57.316  3746  5201 V SummariserIntentService: onHandleIntent
07-03 03:10:57.317  3746  5201 D SummariserIntentService: Video{id='137599', data='/storage/emulated/0/Download/Nearby/20200312_193528!000.mp4', name='20200312_193528!000.mp4', size=16832420, visible=true, mimeType='video/mp4'}
07-03 03:10:57.317  3746  5201 D SummariserIntentService: /storage/emulated/0/Movies/segment-sum/20200312_193528/20200312_193528!000.mp4
07-03 03:10:57.454  3746  4565 W mobile-ffmpeg: [graph 0 input from stream 0:0 @ 0x7024b0d840] sws_param option is deprecated and ignored
07-03 03:10:59.435  3746  5201 W Summariser: No activity detected
07-03 03:10:59.435  3746  5201 V FfmpegTools: Retrieving duration of /storage/emulated/0/Download/Nearby/20200312_193528!000.mp4
07-03 03:10:59.464  3746  5201 W Summariser: Summarisation completed
07-03 03:10:59.464  3746  5201 W Summariser:   filename: 20200312_193528!000.mp4
07-03 03:10:59.464  3746  5201 W Summariser:   active sections: 0
07-03 03:10:59.464  3746  5201 W Summariser:   time: 02.116s
07-03 03:10:59.464  3746  5201 W Summariser:   original duration: 16.06
07-03 03:10:59.464  3746  5201 W Summariser:   summarised duration: -1.00
07-03 03:10:59.464  3746  5201 W Summariser:   noise tolerance: 45.00
07-03 03:10:59.464  3746  5201 W Summariser:   quality: 23
07-03 03:10:59.464  3746  5201 W Summariser:   speed: medium
07-03 03:10:59.464  3746  5201 W Summariser:   freeze duration: 1.00
07-03 03:10:59.465  3746  5201 V ProcessingVideosEventHandler: onRemove
07-03 03:10:59.479  3746  3746 V NearbyFragment: Transfer to Endpoint{id=3PH2, name=Nexus 5X [34d8]} complete
07-03 03:10:59.561  3746  3746 D NearbyFragment: onPayloadReceived(endpointId=3PH2, payload=com.google.android.gms.nearby.connection.Payload@a46f9fa)
07-03 03:10:59.562  3746  3759 D SummariserIntentService: Scanned /storage/emulated/0/Movies/summarised
07-03 03:10:59.562  3746  3759 D SummariserIntentService:   -> uri=content://media/external/file/137582
07-03 03:10:59.563  3746  3746 V NearbyFragment: Started downloading SUMMARISE_SEGMENT:-6683815030310912089:20200312_193528!002.mp4:45.0_1.0_23_medium from Endpoint{id=3PH2, name=Nexus 5X [34d8]}
07-03 03:10:59.601  3746  3746 V NearbyFragment: Transfer to Endpoint{id=3PH2, name=Nexus 5X [34d8]} complete
07-03 03:11:01.061  3746  3746 D NearbyFragment: onPayloadReceived(endpointId=3PH2, payload=com.google.android.gms.nearby.connection.Payload@1becbab)
07-03 03:11:03.576  3746  3746 V NearbyFragment: Transfer to Endpoint{id=3PH2, name=Nexus 5X [34d8]} complete
07-03 03:11:03.581  3746  3746 W NearbyFragment: Completed downloading 20200312_193528!002.mp4 from Endpoint{id=3PH2, name=Nexus 5X [34d8]} in 04.013s
07-03 03:11:03.599  3746  3746 V FileManager: External storage is readable
07-03 03:11:03.601  3746  3746 V FileManager: Directory already exists: /storage/emulated/0/Movies/segment-sum/20200312_193528
07-03 03:11:03.603  3746  3746 D NearbyFragment: Summarising 20200312_193528!002.mp4
07-03 03:11:03.604  3746  3746 V VideoManager: Retrieving video from /storage/emulated/0/Download/Nearby/20200312_193528!002.mp4
07-03 03:11:03.630  3746  3746 V VideoManager: videoFromCursor
07-03 03:11:03.637  3746  3746 V ProcessingVideosEventHandler: onAdd
07-03 03:11:03.638  3746  3746 V RawFootageEventHandler: onRemove
07-03 03:11:03.649  3746  3746 V NearbyFragment: Transfer to Endpoint{id=3PH2, name=Nexus 5X [34d8]} complete
07-03 03:11:03.666  3746  5251 V SummariserIntentService: onHandleIntent
07-03 03:11:03.668  3746  5251 D SummariserIntentService: Video{id='137600', data='/storage/emulated/0/Download/Nearby/20200312_193528!002.mp4', name='20200312_193528!002.mp4', size=16948481, visible=true, mimeType='video/mp4'}
07-03 03:11:03.668  3746  5251 D SummariserIntentService: /storage/emulated/0/Movies/segment-sum/20200312_193528/20200312_193528!002.mp4
07-03 03:11:03.800  3746  4565 W mobile-ffmpeg: [graph 0 input from stream 0:0 @ 0x7024b0d840] sws_param option is deprecated and ignored
07-03 03:11:05.766  3746  5251 W Summariser: No activity detected
07-03 03:11:05.767  3746  5251 V FfmpegTools: Retrieving duration of /storage/emulated/0/Download/Nearby/20200312_193528!002.mp4
07-03 03:11:05.795  3746  5251 W Summariser: Summarisation completed
07-03 03:11:05.795  3746  5251 W Summariser:   filename: 20200312_193528!002.mp4
07-03 03:11:05.795  3746  5251 W Summariser:   active sections: 0
07-03 03:11:05.795  3746  5251 W Summariser:   time: 02.096s
07-03 03:11:05.795  3746  5251 W Summariser:   original duration: 16.06
07-03 03:11:05.795  3746  5251 W Summariser:   summarised duration: -1.00
07-03 03:11:05.795  3746  5251 W Summariser:   noise tolerance: 45.00
07-03 03:11:05.795  3746  5251 W Summariser:   quality: 23
07-03 03:11:05.795  3746  5251 W Summariser:   speed: medium
07-03 03:11:05.795  3746  5251 W Summariser:   freeze duration: 1.00
07-03 03:11:05.796  3746  5251 V ProcessingVideosEventHandler: onRemove
07-03 03:11:05.814  3746  3746 V NearbyFragment: Transfer to Endpoint{id=3PH2, name=Nexus 5X [34d8]} complete
07-03 03:11:05.883  3746  3759 D SummariserIntentService: Scanned /storage/emulated/0/Movies/summarised
07-03 03:11:05.883  3746  3759 D SummariserIntentService:   -> uri=content://media/external/file/137582
07-03 03:11:20.107  3746  3746 D NearbyFragment: onPayloadReceived(endpointId=3PH2, payload=com.google.android.gms.nearby.connection.Payload@df80a20)
07-03 03:11:20.110  3746  3746 V NearbyFragment: Started downloading SUMMARISE_SEGMENT:-4628306011799517614:20200312_193628!000.mp4:45.0_1.0_23_medium from Endpoint{id=3PH2, name=Nexus 5X [34d8]}
07-03 03:11:20.137  3746  3746 D NearbyFragment: onPayloadReceived(endpointId=3PH2, payload=com.google.android.gms.nearby.connection.Payload@a723fd9)
07-03 03:11:20.145  3746  3746 V NearbyFragment: Transfer to Endpoint{id=3PH2, name=Nexus 5X [34d8]} complete
07-03 03:11:21.995  3746  3746 V NearbyFragment: Transfer to Endpoint{id=3PH2, name=Nexus 5X [34d8]} complete
07-03 03:11:21.996  3746  3746 W NearbyFragment: Completed downloading 20200312_193628!000.mp4 from Endpoint{id=3PH2, name=Nexus 5X [34d8]} in 01.885s
07-03 03:11:22.002  3746  3746 V FileManager: External storage is readable
07-03 03:11:22.003  3746  3746 V FileManager: Created new directory: /storage/emulated/0/Movies/segment-sum/20200312_193628
07-03 03:11:22.007  3746  3746 D NearbyFragment: Summarising 20200312_193628!000.mp4
07-03 03:11:22.008  3746  3746 V VideoManager: Retrieving video from /storage/emulated/0/Download/Nearby/20200312_193628!000.mp4
07-03 03:11:22.029  3746  3746 V VideoManager: videoFromCursor
07-03 03:11:22.035  3746  3746 V ProcessingVideosEventHandler: onAdd
07-03 03:11:22.035  3746  3746 V RawFootageEventHandler: onRemove
07-03 03:11:22.042  3746  3746 V NearbyFragment: Transfer to Endpoint{id=3PH2, name=Nexus 5X [34d8]} complete
07-03 03:11:22.055  3746  5502 V SummariserIntentService: onHandleIntent
07-03 03:11:22.056  3746  5502 D SummariserIntentService: Video{id='137601', data='/storage/emulated/0/Download/Nearby/20200312_193628!000.mp4', name='20200312_193628!000.mp4', size=16939247, visible=true, mimeType='video/mp4'}
07-03 03:11:22.056  3746  5502 D SummariserIntentService: /storage/emulated/0/Movies/segment-sum/20200312_193628/20200312_193628!000.mp4
07-03 03:11:22.129  3746  4565 W mobile-ffmpeg: [graph 0 input from stream 0:0 @ 0x703717e6c0] sws_param option is deprecated and ignored
07-03 03:11:23.937  3746  5502 W Summariser: No activity detected
07-03 03:11:23.938  3746  5502 V FfmpegTools: Retrieving duration of /storage/emulated/0/Download/Nearby/20200312_193628!000.mp4
07-03 03:11:23.964  3746  5502 W Summariser: Summarisation completed
07-03 03:11:23.964  3746  5502 W Summariser:   filename: 20200312_193628!000.mp4
07-03 03:11:23.964  3746  5502 W Summariser:   active sections: 0
07-03 03:11:23.964  3746  5502 W Summariser:   time: 01.880s
07-03 03:11:23.964  3746  5502 W Summariser:   original duration: 16.07
07-03 03:11:23.964  3746  5502 W Summariser:   summarised duration: -1.00
07-03 03:11:23.964  3746  5502 W Summariser:   noise tolerance: 45.00
07-03 03:11:23.964  3746  5502 W Summariser:   quality: 23
07-03 03:11:23.964  3746  5502 W Summariser:   speed: medium
07-03 03:11:23.964  3746  5502 W Summariser:   freeze duration: 1.00
07-03 03:11:23.965  3746  5502 V ProcessingVideosEventHandler: onRemove
07-03 03:11:23.979  3746  3746 V NearbyFragment: Transfer to Endpoint{id=3PH2, name=Nexus 5X [34d8]} complete
07-03 03:11:24.035  3746  5500 D SummariserIntentService: Scanned /storage/emulated/0/Movies/summarised
07-03 03:11:24.035  3746  5500 D SummariserIntentService:   -> uri=content://media/external/file/137582
07-03 03:11:24.625  3746  3746 D NearbyFragment: onPayloadReceived(endpointId=3PH2, payload=com.google.android.gms.nearby.connection.Payload@9cfa276)
07-03 03:11:24.630  3746  3746 V NearbyFragment: Started downloading SUMMARISE_SEGMENT:-6936577819714071007:20200312_193628!002.mp4:45.0_1.0_23_medium from Endpoint{id=3PH2, name=Nexus 5X [34d8]}
07-03 03:11:24.850  3746  3746 V NearbyFragment: Transfer to Endpoint{id=3PH2, name=Nexus 5X [34d8]} complete
07-03 03:11:25.922  3746  3746 D NearbyFragment: onPayloadReceived(endpointId=3PH2, payload=com.google.android.gms.nearby.connection.Payload@e2c5077)
07-03 03:11:28.596  3746  3746 V NearbyFragment: Transfer to Endpoint{id=3PH2, name=Nexus 5X [34d8]} complete
07-03 03:11:28.599  3746  3746 W NearbyFragment: Completed downloading 20200312_193628!002.mp4 from Endpoint{id=3PH2, name=Nexus 5X [34d8]} in 03.966s
07-03 03:11:28.609  3746  3746 V FileManager: External storage is readable
07-03 03:11:28.610  3746  3746 V FileManager: Directory already exists: /storage/emulated/0/Movies/segment-sum/20200312_193628
07-03 03:11:28.612  3746  3746 D NearbyFragment: Summarising 20200312_193628!002.mp4
07-03 03:11:28.613  3746  3746 V VideoManager: Retrieving video from /storage/emulated/0/Download/Nearby/20200312_193628!002.mp4
07-03 03:11:28.636  3746  3746 V VideoManager: videoFromCursor
07-03 03:11:28.642  3746  3746 V ProcessingVideosEventHandler: onAdd
07-03 03:11:28.643  3746  3746 V RawFootageEventHandler: onRemove
07-03 03:11:28.657  3746  3746 V NearbyFragment: Transfer to Endpoint{id=3PH2, name=Nexus 5X [34d8]} complete
07-03 03:11:28.674  3746  5549 V SummariserIntentService: onHandleIntent
07-03 03:11:28.676  3746  5549 D SummariserIntentService: Video{id='137602', data='/storage/emulated/0/Download/Nearby/20200312_193628!002.mp4', name='20200312_193628!002.mp4', size=16861166, visible=true, mimeType='video/mp4'}
07-03 03:11:28.676  3746  5549 D SummariserIntentService: /storage/emulated/0/Movies/segment-sum/20200312_193628/20200312_193628!002.mp4
07-03 03:11:28.808  3746  4565 W mobile-ffmpeg: [graph 0 input from stream 0:0 @ 0x703717e6c0] sws_param option is deprecated and ignored
07-03 03:11:30.721  3746  5549 W Summariser: No activity detected
07-03 03:11:30.721  3746  5549 V FfmpegTools: Retrieving duration of /storage/emulated/0/Download/Nearby/20200312_193628!002.mp4
07-03 03:11:30.759  3746  5549 W Summariser: Summarisation completed
07-03 03:11:30.759  3746  5549 W Summariser:   filename: 20200312_193628!002.mp4
07-03 03:11:30.759  3746  5549 W Summariser:   active sections: 0
07-03 03:11:30.759  3746  5549 W Summariser:   time: 02.044s
07-03 03:11:30.759  3746  5549 W Summariser:   original duration: 16.02
07-03 03:11:30.759  3746  5549 W Summariser:   summarised duration: -1.00
07-03 03:11:30.759  3746  5549 W Summariser:   noise tolerance: 45.00
07-03 03:11:30.759  3746  5549 W Summariser:   quality: 23
07-03 03:11:30.759  3746  5549 W Summariser:   speed: medium
07-03 03:11:30.759  3746  5549 W Summariser:   freeze duration: 1.00
07-03 03:11:30.760  3746  5549 V ProcessingVideosEventHandler: onRemove
07-03 03:11:30.773  3746  3746 V NearbyFragment: Transfer to Endpoint{id=3PH2, name=Nexus 5X [34d8]} complete
07-03 03:11:30.842  3746  5500 D SummariserIntentService: Scanned /storage/emulated/0/Movies/summarised
07-03 03:11:30.842  3746  5500 D SummariserIntentService:   -> uri=content://media/external/file/137582
07-03 03:11:44.250  3746  3746 D NearbyFragment: onPayloadReceived(endpointId=3PH2, payload=com.google.android.gms.nearby.connection.Payload@d87bc7c)
07-03 03:11:44.254  3746  3746 V NearbyFragment: Started downloading SUMMARISE_SEGMENT:-8156715601657014252:20200312_193728!000.mp4:45.0_1.0_23_medium from Endpoint{id=3PH2, name=Nexus 5X [34d8]}
07-03 03:11:44.260  3746  3746 V NearbyFragment: Transfer to Endpoint{id=3PH2, name=Nexus 5X [34d8]} complete
07-03 03:11:44.277  3746  3746 D NearbyFragment: onPayloadReceived(endpointId=3PH2, payload=com.google.android.gms.nearby.connection.Payload@2213905)
07-03 03:11:46.623  3746  3746 V NearbyFragment: Transfer to Endpoint{id=3PH2, name=Nexus 5X [34d8]} complete
07-03 03:11:46.626  3746  3746 W NearbyFragment: Completed downloading 20200312_193728!000.mp4 from Endpoint{id=3PH2, name=Nexus 5X [34d8]} in 02.368s
07-03 03:11:46.635  3746  3746 V FileManager: External storage is readable
07-03 03:11:46.639  3746  3746 V FileManager: Created new directory: /storage/emulated/0/Movies/segment-sum/20200312_193728
07-03 03:11:46.641  3746  3746 D NearbyFragment: Summarising 20200312_193728!000.mp4
07-03 03:11:46.642  3746  3746 V VideoManager: Retrieving video from /storage/emulated/0/Download/Nearby/20200312_193728!000.mp4
07-03 03:11:46.664  3746  3746 V VideoManager: videoFromCursor
07-03 03:11:46.670  3746  3746 V ProcessingVideosEventHandler: onAdd
07-03 03:11:46.671  3746  3746 V RawFootageEventHandler: onRemove
07-03 03:11:46.680  3746  3746 V NearbyFragment: Transfer to Endpoint{id=3PH2, name=Nexus 5X [34d8]} complete
07-03 03:11:46.696  3746  5598 V SummariserIntentService: onHandleIntent
07-03 03:11:46.698  3746  5598 D SummariserIntentService: Video{id='137603', data='/storage/emulated/0/Download/Nearby/20200312_193728!000.mp4', name='20200312_193728!000.mp4', size=16857642, visible=true, mimeType='video/mp4'}
07-03 03:11:46.699  3746  5598 D SummariserIntentService: /storage/emulated/0/Movies/segment-sum/20200312_193728/20200312_193728!000.mp4
07-03 03:11:46.819  3746  4565 W mobile-ffmpeg: [graph 0 input from stream 0:0 @ 0x703717e480] sws_param option is deprecated and ignored
07-03 03:11:48.717  3746  5598 D Summariser: No freeze file
07-03 03:11:48.717  3746  5598 W Summariser: Whole video is active
07-03 03:11:49.106  3746  5598 V FfmpegTools: Retrieving duration of /storage/emulated/0/Download/Nearby/20200312_193728!000.mp4
07-03 03:11:49.136  3746  5598 V FfmpegTools: Retrieving duration of /storage/emulated/0/Movies/segment-sum/20200312_193728/20200312_193728!000.mp4
07-03 03:11:49.153  3746  3755 W System  : A resource failed to call close. 
07-03 03:11:49.156  3746  3755 I chatty  : uid=10568(com.example.edgesum) FinalizerDaemon identical 40 lines
07-03 03:11:49.156  3746  3755 W System  : A resource failed to call close. 
07-03 03:11:49.163  3746  5598 W Summariser: Summarisation completed
07-03 03:11:49.163  3746  5598 W Summariser:   filename: 20200312_193728!000.mp4
07-03 03:11:49.163  3746  5598 W Summariser:   active sections: -1
07-03 03:11:49.163  3746  5598 W Summariser:   time: 02.406s
07-03 03:11:49.163  3746  5598 W Summariser:   original duration: 16.06
07-03 03:11:49.163  3746  5598 W Summariser:   summarised duration: 16.06
07-03 03:11:49.163  3746  5598 W Summariser:   noise tolerance: 45.00
07-03 03:11:49.163  3746  5598 W Summariser:   quality: 23
07-03 03:11:49.163  3746  5598 W Summariser:   speed: medium
07-03 03:11:49.163  3746  5598 W Summariser:   freeze duration: 1.00
07-03 03:11:49.163  3746  5598 V VideoManager: Retrieving video from /storage/emulated/0/Movies/segment-sum/20200312_193728/20200312_193728!000.mp4
07-03 03:11:49.183  3746  5598 V VideoManager: videoFromCursor
07-03 03:11:49.188  3746  5598 W NearbyFragment: Sending 20200312_193728!000.mp4 to Nexus 5X [34d8]
07-03 03:11:49.189  3746  5598 V ProcessingVideosEventHandler: onRemove
07-03 03:11:49.205  3746  3746 V NearbyFragment: Transfer to Endpoint{id=3PH2, name=Nexus 5X [34d8]} complete
07-03 03:11:49.262  3746  3746 D NearbyFragment: onPayloadReceived(endpointId=3PH2, payload=com.google.android.gms.nearby.connection.Payload@b31880)
07-03 03:11:49.262  3746  3746 V NearbyFragment: Started downloading SUMMARISE_SEGMENT:-8755196571965274273:20200312_193728!002.mp4:45.0_1.0_23_medium from Endpoint{id=3PH2, name=Nexus 5X [34d8]}
07-03 03:11:49.266  3746  3759 D SummariserIntentService: Scanned /storage/emulated/0/Movies/summarised
07-03 03:11:49.266  3746  3759 D SummariserIntentService:   -> uri=content://media/external/file/137582
07-03 03:11:49.301  3746  3746 V NearbyFragment: Transfer to Endpoint{id=3PH2, name=Nexus 5X [34d8]} complete
07-03 03:11:51.705  3746  3746 V NearbyFragment: Transfer to Endpoint{id=3PH2, name=Nexus 5X [34d8]} complete
07-03 03:11:52.205  3746  3746 D NearbyFragment: onPayloadReceived(endpointId=3PH2, payload=com.google.android.gms.nearby.connection.Payload@b89eb9)
07-03 03:11:54.714  3746  3746 V NearbyFragment: Transfer to Endpoint{id=3PH2, name=Nexus 5X [34d8]} complete
07-03 03:11:54.717  3746  3746 W NearbyFragment: Completed downloading 20200312_193728!002.mp4 from Endpoint{id=3PH2, name=Nexus 5X [34d8]} in 05.452s
07-03 03:11:54.732  3746  3746 V FileManager: External storage is readable
07-03 03:11:54.733  3746  3746 V FileManager: Directory already exists: /storage/emulated/0/Movies/segment-sum/20200312_193728
07-03 03:11:54.735  3746  3746 D NearbyFragment: Summarising 20200312_193728!002.mp4
07-03 03:11:54.736  3746  3746 V VideoManager: Retrieving video from /storage/emulated/0/Download/Nearby/20200312_193728!002.mp4
07-03 03:11:54.774  3746  3746 V VideoManager: videoFromCursor
07-03 03:11:54.782  3746  3746 V ProcessingVideosEventHandler: onAdd
07-03 03:11:54.783  3746  3746 V RawFootageEventHandler: onRemove
07-03 03:11:54.800  3746  3746 V NearbyFragment: Transfer to Endpoint{id=3PH2, name=Nexus 5X [34d8]} complete
07-03 03:11:54.823  3746  5639 V SummariserIntentService: onHandleIntent
07-03 03:11:54.824  3746  5639 D SummariserIntentService: Video{id='137606', data='/storage/emulated/0/Download/Nearby/20200312_193728!002.mp4', name='20200312_193728!002.mp4', size=16928276, visible=true, mimeType='video/mp4'}
07-03 03:11:54.825  3746  5639 D SummariserIntentService: /storage/emulated/0/Movies/segment-sum/20200312_193728/20200312_193728!002.mp4
07-03 03:11:54.970  3746  4565 W mobile-ffmpeg: [graph 0 input from stream 0:0 @ 0x703717e480] sws_param option is deprecated and ignored
07-03 03:11:56.993  3746  5639 D Summariser: No freeze file
07-03 03:11:56.993  3746  5639 W Summariser: Whole video is active
07-03 03:11:57.388  3746  5639 V FfmpegTools: Retrieving duration of /storage/emulated/0/Download/Nearby/20200312_193728!002.mp4
07-03 03:11:57.426  3746  5639 V FfmpegTools: Retrieving duration of /storage/emulated/0/Movies/segment-sum/20200312_193728/20200312_193728!002.mp4
07-03 03:11:57.464  3746  5639 W Summariser: Summarisation completed
07-03 03:11:57.464  3746  5639 W Summariser:   filename: 20200312_193728!002.mp4
07-03 03:11:57.464  3746  5639 W Summariser:   active sections: -1
07-03 03:11:57.464  3746  5639 W Summariser:   time: 02.560s
07-03 03:11:57.464  3746  5639 W Summariser:   original duration: 16.01
07-03 03:11:57.464  3746  5639 W Summariser:   summarised duration: 16.01
07-03 03:11:57.464  3746  5639 W Summariser:   noise tolerance: 45.00
07-03 03:11:57.464  3746  5639 W Summariser:   quality: 23
07-03 03:11:57.464  3746  5639 W Summariser:   speed: medium
07-03 03:11:57.464  3746  5639 W Summariser:   freeze duration: 1.00
07-03 03:11:57.464  3746  5639 V VideoManager: Retrieving video from /storage/emulated/0/Movies/segment-sum/20200312_193728/20200312_193728!002.mp4
07-03 03:11:57.486  3746  5639 V VideoManager: videoFromCursor
07-03 03:11:57.491  3746  5639 W NearbyFragment: Sending 20200312_193728!002.mp4 to Nexus 5X [34d8]
07-03 03:11:57.492  3746  5639 V ProcessingVideosEventHandler: onRemove
07-03 03:11:57.527  3746  3746 V NearbyFragment: Transfer to Endpoint{id=3PH2, name=Nexus 5X [34d8]} complete
07-03 03:11:57.584  3746  3760 D SummariserIntentService: Scanned /storage/emulated/0/Movies/summarised
07-03 03:11:57.584  3746  3760 D SummariserIntentService:   -> uri=content://media/external/file/137582
07-03 03:11:59.369  3746  3746 V NearbyFragment: Transfer to Endpoint{id=3PH2, name=Nexus 5X [34d8]} complete
07-03 03:12:15.812  3746  3746 D NearbyFragment: onPayloadReceived(endpointId=3PH2, payload=com.google.android.gms.nearby.connection.Payload@12b5657)
07-03 03:12:15.815  3746  3746 V NearbyFragment: Started downloading SUMMARISE_SEGMENT:-6027591786766557460:20200312_193828!000.mp4:45.0_1.0_23_medium from Endpoint{id=3PH2, name=Nexus 5X [34d8]}
07-03 03:12:15.822  3746  3746 V NearbyFragment: Transfer to Endpoint{id=3PH2, name=Nexus 5X [34d8]} complete
07-03 03:12:15.867  3746  3746 D NearbyFragment: onPayloadReceived(endpointId=3PH2, payload=com.google.android.gms.nearby.connection.Payload@20c7544)
07-03 03:12:18.043  3746  3746 V NearbyFragment: Transfer to Endpoint{id=3PH2, name=Nexus 5X [34d8]} complete
07-03 03:12:18.044  3746  3746 W NearbyFragment: Completed downloading 20200312_193828!000.mp4 from Endpoint{id=3PH2, name=Nexus 5X [34d8]} in 02.226s
07-03 03:12:18.048  3746  3746 V FileManager: External storage is readable
07-03 03:12:18.049  3746  3746 V FileManager: Created new directory: /storage/emulated/0/Movies/segment-sum/20200312_193828
07-03 03:12:18.050  3746  3746 D NearbyFragment: Summarising 20200312_193828!000.mp4
07-03 03:12:18.050  3746  3746 V VideoManager: Retrieving video from /storage/emulated/0/Download/Nearby/20200312_193828!000.mp4
07-03 03:12:18.076  3746  3746 V VideoManager: videoFromCursor
07-03 03:12:18.083  3746  3746 V ProcessingVideosEventHandler: onAdd
07-03 03:12:18.083  3746  3746 V RawFootageEventHandler: onRemove
07-03 03:12:18.092  3746  3746 V NearbyFragment: Transfer to Endpoint{id=3PH2, name=Nexus 5X [34d8]} complete
07-03 03:12:18.113  3746  5687 V SummariserIntentService: onHandleIntent
07-03 03:12:18.114  3746  5687 D SummariserIntentService: Video{id='137608', data='/storage/emulated/0/Download/Nearby/20200312_193828!000.mp4', name='20200312_193828!000.mp4', size=16933030, visible=true, mimeType='video/mp4'}
07-03 03:12:18.115  3746  5687 D SummariserIntentService: /storage/emulated/0/Movies/segment-sum/20200312_193828/20200312_193828!000.mp4
07-03 03:12:18.233  3746  4565 W mobile-ffmpeg: [graph 0 input from stream 0:0 @ 0x703717e480] sws_param option is deprecated and ignored
07-03 03:12:20.186  3746  5687 W Summariser: 1 active sections found
07-03 03:12:20.187  3746  5687 I FfmpegTools: Running ffmpeg with:
07-03 03:12:20.187  3746  5687 I FfmpegTools:   -y -i /storage/emulated/0/Download/Nearby/20200312_193828!000.mp4 -filter_complex [0:v]trim=0.000000:14.212000,setpts=PTS-STARTPTS[v0];[0:a]atrim=0.000000:14.212000,asetpts=PTS-STARTPTS[a0];[v0][a0]concat=n=1:v=1:a=1[outv][outa] -map [outv] -map [outa] -crf 23 -preset medium /storage/emulated/0/Movies/segment-sum/20200312_193828/20200312_193828!000.mp4
07-03 03:12:20.231  3746  4565 W mobile-ffmpeg: [graph 0 input from stream 0:0 @ 0x703717e3c0] sws_param option is deprecated and ignored
07-03 03:12:33.543  3746  5687 V FfmpegTools: Retrieving duration of /storage/emulated/0/Download/Nearby/20200312_193828!000.mp4
07-03 03:12:33.570  3746  5687 V FfmpegTools: Retrieving duration of /storage/emulated/0/Movies/segment-sum/20200312_193828/20200312_193828!000.mp4
07-03 03:12:33.588  3746  5687 W Summariser: Summarisation completed
07-03 03:12:33.588  3746  5687 W Summariser:   filename: 20200312_193828!000.mp4
07-03 03:12:33.588  3746  5687 W Summariser:   active sections: 1
07-03 03:12:33.588  3746  5687 W Summariser:   time: 15.427s
07-03 03:12:33.588  3746  5687 W Summariser:   original duration: 16.06
07-03 03:12:33.588  3746  5687 W Summariser:   summarised duration: 14.28
07-03 03:12:33.588  3746  5687 W Summariser:   noise tolerance: 45.00
07-03 03:12:33.588  3746  5687 W Summariser:   quality: 23
07-03 03:12:33.588  3746  5687 W Summariser:   speed: medium
07-03 03:12:33.588  3746  5687 W Summariser:   freeze duration: 1.00
07-03 03:12:33.589  3746  5687 V VideoManager: Retrieving video from /storage/emulated/0/Movies/segment-sum/20200312_193828/20200312_193828!000.mp4
07-03 03:12:33.615  3746  5687 V VideoManager: videoFromCursor
07-03 03:12:33.622  3746  5687 W NearbyFragment: Sending 20200312_193828!000.mp4 to Nexus 5X [34d8]
07-03 03:12:33.623  3746  5687 V ProcessingVideosEventHandler: onRemove
07-03 03:12:33.655  3746  3746 V NearbyFragment: Transfer to Endpoint{id=3PH2, name=Nexus 5X [34d8]} complete
07-03 03:12:33.745  3746  5500 D SummariserIntentService: Scanned /storage/emulated/0/Movies/summarised
07-03 03:12:33.745  3746  5500 D SummariserIntentService:   -> uri=content://media/external/file/137582
07-03 03:12:33.869  3746  3746 V NearbyFragment: Transfer to Endpoint{id=3PH2, name=Nexus 5X [34d8]} complete
07-03 03:12:39.776  3746  3746 D NearbyFragment: onPayloadReceived(endpointId=3PH2, payload=com.google.android.gms.nearby.connection.Payload@c0430ba)
07-03 03:12:39.780  3746  3746 V NearbyFragment: Started downloading SUMMARISE_SEGMENT:-7979126310383630267:20200312_193928!000.mp4:45.0_1.0_23_medium from Endpoint{id=3PH2, name=Nexus 5X [34d8]}
07-03 03:12:39.785  3746  3746 V NearbyFragment: Transfer to Endpoint{id=3PH2, name=Nexus 5X [34d8]} complete
07-03 03:12:39.806  3746  3746 D NearbyFragment: onPayloadReceived(endpointId=3PH2, payload=com.google.android.gms.nearby.connection.Payload@e7d9b6b)
07-03 03:12:41.898  3746  3746 V NearbyFragment: Transfer to Endpoint{id=3PH2, name=Nexus 5X [34d8]} complete
07-03 03:12:41.900  3746  3746 W NearbyFragment: Completed downloading 20200312_193928!000.mp4 from Endpoint{id=3PH2, name=Nexus 5X [34d8]} in 02.116s
07-03 03:12:41.911  3746  3746 V FileManager: External storage is readable
07-03 03:12:41.917  3746  3746 V FileManager: Created new directory: /storage/emulated/0/Movies/segment-sum/20200312_193928
07-03 03:12:41.919  3746  3746 D NearbyFragment: Summarising 20200312_193928!000.mp4
07-03 03:12:41.920  3746  3746 V VideoManager: Retrieving video from /storage/emulated/0/Download/Nearby/20200312_193928!000.mp4
07-03 03:12:41.946  3746  3746 V VideoManager: videoFromCursor
07-03 03:12:41.952  3746  3746 V ProcessingVideosEventHandler: onAdd
07-03 03:12:41.952  3746  3746 V RawFootageEventHandler: onRemove
07-03 03:12:41.960  3746  3746 V NearbyFragment: Transfer to Endpoint{id=3PH2, name=Nexus 5X [34d8]} complete
07-03 03:12:41.974  3746  5782 V SummariserIntentService: onHandleIntent
07-03 03:12:41.974  3746  5782 D SummariserIntentService: Video{id='137676', data='/storage/emulated/0/Download/Nearby/20200312_193928!000.mp4', name='20200312_193928!000.mp4', size=17599188, visible=true, mimeType='video/mp4'}
07-03 03:12:41.974  3746  5782 D SummariserIntentService: /storage/emulated/0/Movies/segment-sum/20200312_193928/20200312_193928!000.mp4
07-03 03:12:42.129  3746  4565 W mobile-ffmpeg: [graph 0 input from stream 0:0 @ 0x703717e480] sws_param option is deprecated and ignored
07-03 03:12:44.025  3746  5782 W Summariser: No activity detected
07-03 03:12:44.025  3746  5782 V FfmpegTools: Retrieving duration of /storage/emulated/0/Download/Nearby/20200312_193928!000.mp4
07-03 03:12:44.053  3746  5782 W Summariser: Summarisation completed
07-03 03:12:44.053  3746  5782 W Summariser:   filename: 20200312_193928!000.mp4
07-03 03:12:44.053  3746  5782 W Summariser:   active sections: 0
07-03 03:12:44.053  3746  5782 W Summariser:   time: 02.050s
07-03 03:12:44.053  3746  5782 W Summariser:   original duration: 16.90
07-03 03:12:44.053  3746  5782 W Summariser:   summarised duration: -1.00
07-03 03:12:44.053  3746  5782 W Summariser:   noise tolerance: 45.00
07-03 03:12:44.053  3746  5782 W Summariser:   quality: 23
07-03 03:12:44.053  3746  5782 W Summariser:   speed: medium
07-03 03:12:44.053  3746  5782 W Summariser:   freeze duration: 1.00
07-03 03:12:44.053  3746  5782 V ProcessingVideosEventHandler: onRemove
07-03 03:12:44.086  3746  3746 V NearbyFragment: Transfer to Endpoint{id=3PH2, name=Nexus 5X [34d8]} complete
07-03 03:12:44.102  3746  3746 D NearbyFragment: onPayloadReceived(endpointId=3PH2, payload=com.google.android.gms.nearby.connection.Payload@354d6e0)
07-03 03:12:44.104  3746  3746 V NearbyFragment: Started downloading SUMMARISE_SEGMENT:-4786534765711255393:20200312_193928!002.mp4:45.0_1.0_23_medium from Endpoint{id=3PH2, name=Nexus 5X [34d8]}
07-03 03:12:44.143  3746  3760 D SummariserIntentService: Scanned /storage/emulated/0/Movies/summarised
07-03 03:12:44.143  3746  3760 D SummariserIntentService:   -> uri=content://media/external/file/137582
07-03 03:12:44.208  3746  3746 V NearbyFragment: Transfer to Endpoint{id=3PH2, name=Nexus 5X [34d8]} complete
07-03 03:12:45.718  3746  3746 D NearbyFragment: onPayloadReceived(endpointId=3PH2, payload=com.google.android.gms.nearby.connection.Payload@5d7ed99)
07-03 03:12:48.465  3746  3746 V NearbyFragment: Transfer to Endpoint{id=3PH2, name=Nexus 5X [34d8]} complete
07-03 03:12:48.468  3746  3746 W NearbyFragment: Completed downloading 20200312_193928!002.mp4 from Endpoint{id=3PH2, name=Nexus 5X [34d8]} in 04.362s
07-03 03:12:48.483  3746  3746 V FileManager: External storage is readable
07-03 03:12:48.484  3746  3746 V FileManager: Directory already exists: /storage/emulated/0/Movies/segment-sum/20200312_193928
07-03 03:12:48.485  3746  3746 D NearbyFragment: Summarising 20200312_193928!002.mp4
07-03 03:12:48.486  3746  3746 V VideoManager: Retrieving video from /storage/emulated/0/Download/Nearby/20200312_193928!002.mp4
07-03 03:12:48.511  3746  3746 V VideoManager: videoFromCursor
07-03 03:12:48.517  3746  3746 V ProcessingVideosEventHandler: onAdd
07-03 03:12:48.518  3746  3746 V RawFootageEventHandler: onRemove
07-03 03:12:48.530  3746  3746 V NearbyFragment: Transfer to Endpoint{id=3PH2, name=Nexus 5X [34d8]} complete
07-03 03:12:48.549  3746  5834 V SummariserIntentService: onHandleIntent
07-03 03:12:48.551  3746  5834 D SummariserIntentService: Video{id='137677', data='/storage/emulated/0/Download/Nearby/20200312_193928!002.mp4', name='20200312_193928!002.mp4', size=16869633, visible=true, mimeType='video/mp4'}
07-03 03:12:48.551  3746  5834 D SummariserIntentService: /storage/emulated/0/Movies/segment-sum/20200312_193928/20200312_193928!002.mp4
07-03 03:12:48.672  3746  4565 W mobile-ffmpeg: [graph 0 input from stream 0:0 @ 0x703717e480] sws_param option is deprecated and ignored
07-03 03:12:50.466  3746  5834 W Summariser: No activity detected
07-03 03:12:50.467  3746  5834 V FfmpegTools: Retrieving duration of /storage/emulated/0/Download/Nearby/20200312_193928!002.mp4
07-03 03:12:50.495  3746  5834 W Summariser: Summarisation completed
07-03 03:12:50.495  3746  5834 W Summariser:   filename: 20200312_193928!002.mp4
07-03 03:12:50.495  3746  5834 W Summariser:   active sections: 0
07-03 03:12:50.495  3746  5834 W Summariser:   time: 01.911s
07-03 03:12:50.495  3746  5834 W Summariser:   original duration: 16.06
07-03 03:12:50.495  3746  5834 W Summariser:   summarised duration: -1.00
07-03 03:12:50.495  3746  5834 W Summariser:   noise tolerance: 45.00
07-03 03:12:50.495  3746  5834 W Summariser:   quality: 23
07-03 03:12:50.495  3746  5834 W Summariser:   speed: medium
07-03 03:12:50.495  3746  5834 W Summariser:   freeze duration: 1.00
07-03 03:12:50.495  3746  5834 V ProcessingVideosEventHandler: onRemove
07-03 03:12:50.510  3746  3746 V NearbyFragment: Transfer to Endpoint{id=3PH2, name=Nexus 5X [34d8]} complete
07-03 03:12:50.578  3746  3760 D SummariserIntentService: Scanned /storage/emulated/0/Movies/summarised
07-03 03:12:50.578  3746  3760 D SummariserIntentService:   -> uri=content://media/external/file/137582
07-03 03:13:02.717  3746  3746 D NearbyFragment: onPayloadReceived(endpointId=3PH2, payload=com.google.android.gms.nearby.connection.Payload@a7b536)
07-03 03:13:02.720  3746  3746 V NearbyFragment: Started downloading SUMMARISE_SEGMENT:-4625061150789507333:20200312_194129!000.mp4:45.0_1.0_23_medium from Endpoint{id=3PH2, name=Nexus 5X [34d8]}
07-03 03:13:02.724  3746  3746 V NearbyFragment: Transfer to Endpoint{id=3PH2, name=Nexus 5X [34d8]} complete
07-03 03:13:02.753  3746  3746 D NearbyFragment: onPayloadReceived(endpointId=3PH2, payload=com.google.android.gms.nearby.connection.Payload@e62cc37)
07-03 03:13:04.923  3746  3746 V NearbyFragment: Transfer to Endpoint{id=3PH2, name=Nexus 5X [34d8]} complete
07-03 03:13:04.925  3746  3746 W NearbyFragment: Completed downloading 20200312_194129!000.mp4 from Endpoint{id=3PH2, name=Nexus 5X [34d8]} in 02.202s
07-03 03:13:04.934  3746  3746 V FileManager: External storage is readable
07-03 03:13:04.938  3746  3746 V FileManager: Created new directory: /storage/emulated/0/Movies/segment-sum/20200312_194129
07-03 03:13:04.939  3746  3746 D NearbyFragment: Summarising 20200312_194129!000.mp4
07-03 03:13:04.939  3746  3746 V VideoManager: Retrieving video from /storage/emulated/0/Download/Nearby/20200312_194129!000.mp4
07-03 03:13:04.960  3746  3746 V VideoManager: videoFromCursor
07-03 03:13:04.964  3746  3746 V ProcessingVideosEventHandler: onAdd
07-03 03:13:04.964  3746  3746 V RawFootageEventHandler: onRemove
07-03 03:13:04.971  3746  3746 V NearbyFragment: Transfer to Endpoint{id=3PH2, name=Nexus 5X [34d8]} complete
07-03 03:13:04.982  3746  5896 V SummariserIntentService: onHandleIntent
07-03 03:13:04.983  3746  5896 D SummariserIntentService: Video{id='137614', data='/storage/emulated/0/Download/Nearby/20200312_194129!000.mp4', name='20200312_194129!000.mp4', size=16878473, visible=true, mimeType='video/mp4'}
07-03 03:13:04.983  3746  5896 D SummariserIntentService: /storage/emulated/0/Movies/segment-sum/20200312_194129/20200312_194129!000.mp4
07-03 03:13:05.067  3746  4565 W mobile-ffmpeg: [graph 0 input from stream 0:0 @ 0x703717e780] sws_param option is deprecated and ignored
07-03 03:13:06.943  3746  5896 W Summariser: No activity detected
07-03 03:13:06.943  3746  5896 V FfmpegTools: Retrieving duration of /storage/emulated/0/Download/Nearby/20200312_194129!000.mp4
07-03 03:13:06.968  3746  5896 W Summariser: Summarisation completed
07-03 03:13:06.968  3746  5896 W Summariser:   filename: 20200312_194129!000.mp4
07-03 03:13:06.968  3746  5896 W Summariser:   active sections: 0
07-03 03:13:06.968  3746  5896 W Summariser:   time: 01.959s
07-03 03:13:06.968  3746  5896 W Summariser:   original duration: 16.07
07-03 03:13:06.968  3746  5896 W Summariser:   summarised duration: -1.00
07-03 03:13:06.968  3746  5896 W Summariser:   noise tolerance: 45.00
07-03 03:13:06.968  3746  5896 W Summariser:   quality: 23
07-03 03:13:06.968  3746  5896 W Summariser:   speed: medium
07-03 03:13:06.968  3746  5896 W Summariser:   freeze duration: 1.00
07-03 03:13:06.969  3746  5896 V ProcessingVideosEventHandler: onRemove
07-03 03:13:06.987  3746  3746 V NearbyFragment: Transfer to Endpoint{id=3PH2, name=Nexus 5X [34d8]} complete
07-03 03:13:07.036  3746  3746 D NearbyFragment: onPayloadReceived(endpointId=3PH2, payload=com.google.android.gms.nearby.connection.Payload@b0c453c)
07-03 03:13:07.037  3746  3746 V NearbyFragment: Started downloading SUMMARISE_SEGMENT:-8571523088386161442:20200312_194129!002.mp4:45.0_1.0_23_medium from Endpoint{id=3PH2, name=Nexus 5X [34d8]}
07-03 03:13:07.037  3746  3760 D SummariserIntentService: Scanned /storage/emulated/0/Movies/summarised
07-03 03:13:07.037  3746  3760 D SummariserIntentService:   -> uri=content://media/external/file/137582
07-03 03:13:07.269  3746  3746 V NearbyFragment: Transfer to Endpoint{id=3PH2, name=Nexus 5X [34d8]} complete
07-03 03:13:09.304  3746  3746 D NearbyFragment: onPayloadReceived(endpointId=3PH2, payload=com.google.android.gms.nearby.connection.Payload@9b9f2c5)
07-03 03:13:11.535  3746  3746 V NearbyFragment: Transfer to Endpoint{id=3PH2, name=Nexus 5X [34d8]} complete
07-03 03:13:11.538  3746  3746 W NearbyFragment: Completed downloading 20200312_194129!002.mp4 from Endpoint{id=3PH2, name=Nexus 5X [34d8]} in 04.498s
07-03 03:13:11.554  3746  3746 V FileManager: External storage is readable
07-03 03:13:11.556  3746  3746 V FileManager: Directory already exists: /storage/emulated/0/Movies/segment-sum/20200312_194129
07-03 03:13:11.558  3746  3746 D NearbyFragment: Summarising 20200312_194129!002.mp4
07-03 03:13:11.559  3746  3746 V VideoManager: Retrieving video from /storage/emulated/0/Download/Nearby/20200312_194129!002.mp4
07-03 03:13:11.584  3746  3746 V VideoManager: videoFromCursor
07-03 03:13:11.591  3746  3746 V ProcessingVideosEventHandler: onAdd
07-03 03:13:11.592  3746  3746 V RawFootageEventHandler: onRemove
07-03 03:13:11.608  3746  3746 V NearbyFragment: Transfer to Endpoint{id=3PH2, name=Nexus 5X [34d8]} complete
07-03 03:13:11.629  3746  5933 V SummariserIntentService: onHandleIntent
07-03 03:13:11.630  3746  5933 D SummariserIntentService: Video{id='137615', data='/storage/emulated/0/Download/Nearby/20200312_194129!002.mp4', name='20200312_194129!002.mp4', size=16799769, visible=true, mimeType='video/mp4'}
07-03 03:13:11.630  3746  5933 D SummariserIntentService: /storage/emulated/0/Movies/segment-sum/20200312_194129/20200312_194129!002.mp4
07-03 03:13:11.777  3746  4565 W mobile-ffmpeg: [graph 0 input from stream 0:0 @ 0x703717e6c0] sws_param option is deprecated and ignored
07-03 03:13:13.737  3746  5933 W Summariser: 1 active sections found
07-03 03:13:13.737  3746  5933 I FfmpegTools: Running ffmpeg with:
07-03 03:13:13.737  3746  5933 I FfmpegTools:   -y -i /storage/emulated/0/Download/Nearby/20200312_194129!002.mp4 -filter_complex [0:v]trim=0.000000:7.339000,setpts=PTS-STARTPTS[v0];[0:a]atrim=0.000000:7.339000,asetpts=PTS-STARTPTS[a0];[v0][a0]concat=n=1:v=1:a=1[outv][outa] -map [outv] -map [outa] -crf 23 -preset medium /storage/emulated/0/Movies/segment-sum/20200312_194129/20200312_194129!002.mp4
07-03 03:13:13.800  3746  4565 W mobile-ffmpeg: [graph 0 input from stream 0:0 @ 0x703717e600] sws_param option is deprecated and ignored
07-03 03:13:21.506  3746  5933 V FfmpegTools: Retrieving duration of /storage/emulated/0/Download/Nearby/20200312_194129!002.mp4
07-03 03:13:21.545  3746  5933 V FfmpegTools: Retrieving duration of /storage/emulated/0/Movies/segment-sum/20200312_194129/20200312_194129!002.mp4
07-03 03:13:21.564  3746  5933 W Summariser: Summarisation completed
07-03 03:13:21.564  3746  5933 W Summariser:   filename: 20200312_194129!002.mp4
07-03 03:13:21.564  3746  5933 W Summariser:   active sections: 1
07-03 03:13:21.564  3746  5933 W Summariser:   time: 09.873s
07-03 03:13:21.564  3746  5933 W Summariser:   original duration: 16.01
07-03 03:13:21.564  3746  5933 W Summariser:   summarised duration: 7.37
07-03 03:13:21.564  3746  5933 W Summariser:   noise tolerance: 45.00
07-03 03:13:21.564  3746  5933 W Summariser:   quality: 23
07-03 03:13:21.564  3746  5933 W Summariser:   speed: medium
07-03 03:13:21.564  3746  5933 W Summariser:   freeze duration: 1.00
07-03 03:13:21.564  3746  5933 V VideoManager: Retrieving video from /storage/emulated/0/Movies/segment-sum/20200312_194129/20200312_194129!002.mp4
07-03 03:13:21.577  3746  5933 V VideoManager: videoFromCursor
07-03 03:13:21.580  3746  5933 W NearbyFragment: Sending 20200312_194129!002.mp4 to Nexus 5X [34d8]
07-03 03:13:21.581  3746  5933 V ProcessingVideosEventHandler: onRemove
07-03 03:13:21.608  3746  3746 V NearbyFragment: Transfer to Endpoint{id=3PH2, name=Nexus 5X [34d8]} complete
07-03 03:13:21.650  3746  3746 V NearbyFragment: Transfer to Endpoint{id=3PH2, name=Nexus 5X [34d8]} complete
07-03 03:13:21.663  3746  3760 D SummariserIntentService: Scanned /storage/emulated/0/Movies/summarised
07-03 03:13:21.663  3746  3760 D SummariserIntentService:   -> uri=content://media/external/file/137582
07-03 03:13:27.267  3746  3746 D NearbyFragment: onPayloadReceived(endpointId=3PH2, payload=com.google.android.gms.nearby.connection.Payload@50db8c3)
07-03 03:13:27.274  3746  3746 V NearbyFragment: Started downloading SUMMARISE_SEGMENT:-6254856397694390683:20200312_194229!000.mp4:45.0_1.0_23_medium from Endpoint{id=3PH2, name=Nexus 5X [34d8]}
07-03 03:13:27.278  3746  3746 V NearbyFragment: Transfer to Endpoint{id=3PH2, name=Nexus 5X [34d8]} complete
07-03 03:13:27.298  3746  3746 D NearbyFragment: onPayloadReceived(endpointId=3PH2, payload=com.google.android.gms.nearby.connection.Payload@ef54540)
07-03 03:13:29.255  3746  3746 V NearbyFragment: Transfer to Endpoint{id=3PH2, name=Nexus 5X [34d8]} complete
07-03 03:13:29.258  3746  3746 W NearbyFragment: Completed downloading 20200312_194229!000.mp4 from Endpoint{id=3PH2, name=Nexus 5X [34d8]} in 01.980s
07-03 03:13:29.280  3746  3746 V FileManager: External storage is readable
07-03 03:13:29.283  3746  3746 V FileManager: Created new directory: /storage/emulated/0/Movies/segment-sum/20200312_194229
07-03 03:13:29.284  3746  3746 D NearbyFragment: Summarising 20200312_194229!000.mp4
07-03 03:13:29.285  3746  3746 V VideoManager: Retrieving video from /storage/emulated/0/Download/Nearby/20200312_194229!000.mp4
07-03 03:13:29.305  3746  3746 V VideoManager: videoFromCursor
07-03 03:13:29.311  3746  3746 V ProcessingVideosEventHandler: onAdd
07-03 03:13:29.311  3746  3746 V RawFootageEventHandler: onRemove
07-03 03:13:29.321  3746  3746 V NearbyFragment: Transfer to Endpoint{id=3PH2, name=Nexus 5X [34d8]} complete
07-03 03:13:29.337  3746  6004 V SummariserIntentService: onHandleIntent
07-03 03:13:29.338  3746  6004 D SummariserIntentService: Video{id='137618', data='/storage/emulated/0/Download/Nearby/20200312_194229!000.mp4', name='20200312_194229!000.mp4', size=16971954, visible=true, mimeType='video/mp4'}
07-03 03:13:29.338  3746  6004 D SummariserIntentService: /storage/emulated/0/Movies/segment-sum/20200312_194229/20200312_194229!000.mp4
07-03 03:13:29.515  3746  4565 W mobile-ffmpeg: [graph 0 input from stream 0:0 @ 0x703717e6c0] sws_param option is deprecated and ignored
07-03 03:13:31.434  3746  6004 V FfmpegTools: Retrieving duration of /storage/emulated/0/Download/Nearby/20200312_194229!000.mp4
07-03 03:13:31.461  3746  6004 W Summariser: 1 active sections found
07-03 03:13:31.461  3746  6004 I FfmpegTools: Running ffmpeg with:
07-03 03:13:31.461  3746  6004 I FfmpegTools:   -y -i /storage/emulated/0/Download/Nearby/20200312_194229!000.mp4 -filter_complex [0:v]trim=10.509000:16.060000,setpts=PTS-STARTPTS[v0];[0:a]atrim=10.509000:16.060000,asetpts=PTS-STARTPTS[a0];[v0][a0]concat=n=1:v=1:a=1[outv][outa] -map [outv] -map [outa] -crf 23 -preset medium /storage/emulated/0/Movies/segment-sum/20200312_194229/20200312_194229!000.mp4
07-03 03:13:31.512  3746  4565 W mobile-ffmpeg: [graph 0 input from stream 0:0 @ 0x703717e600] sws_param option is deprecated and ignored
07-03 03:13:37.791  3746  6004 V FfmpegTools: Retrieving duration of /storage/emulated/0/Download/Nearby/20200312_194229!000.mp4
07-03 03:13:37.817  3746  6004 V FfmpegTools: Retrieving duration of /storage/emulated/0/Movies/segment-sum/20200312_194229/20200312_194229!000.mp4
07-03 03:13:37.835  3746  6004 W Summariser: Summarisation completed
07-03 03:13:37.835  3746  6004 W Summariser:   filename: 20200312_194229!000.mp4
07-03 03:13:37.835  3746  6004 W Summariser:   active sections: 1
07-03 03:13:37.835  3746  6004 W Summariser:   time: 08.452s
07-03 03:13:37.835  3746  6004 W Summariser:   original duration: 16.06
07-03 03:13:37.835  3746  6004 W Summariser:   summarised duration: 5.62
07-03 03:13:37.835  3746  6004 W Summariser:   noise tolerance: 45.00
07-03 03:13:37.835  3746  6004 W Summariser:   quality: 23
07-03 03:13:37.835  3746  6004 W Summariser:   speed: medium
07-03 03:13:37.835  3746  6004 W Summariser:   freeze duration: 1.00
07-03 03:13:37.835  3746  6004 V VideoManager: Retrieving video from /storage/emulated/0/Movies/segment-sum/20200312_194229/20200312_194229!000.mp4
07-03 03:13:37.860  3746  6004 V VideoManager: videoFromCursor
07-03 03:13:37.867  3746  6004 W NearbyFragment: Sending 20200312_194229!000.mp4 to Nexus 5X [34d8]
07-03 03:13:37.868  3746  6004 V ProcessingVideosEventHandler: onRemove
07-03 03:13:37.888  3746  3746 V NearbyFragment: Transfer to Endpoint{id=3PH2, name=Nexus 5X [34d8]} complete
07-03 03:13:37.932  3746  3746 V NearbyFragment: Transfer to Endpoint{id=3PH2, name=Nexus 5X [34d8]} complete
07-03 03:13:37.965  3746  3759 D SummariserIntentService: Scanned /storage/emulated/0/Movies/summarised
07-03 03:13:37.965  3746  3759 D SummariserIntentService:   -> uri=content://media/external/file/137582
07-03 03:13:54.748  3746  3746 D NearbyFragment: onPayloadReceived(endpointId=3PH2, payload=com.google.android.gms.nearby.connection.Payload@48a0696)
07-03 03:13:54.750  3746  3746 V NearbyFragment: Started downloading SUMMARISE_SEGMENT:-6364552509555271071:20200312_194330!000.mp4:45.0_1.0_23_medium from Endpoint{id=3PH2, name=Nexus 5X [34d8]}
07-03 03:13:54.755  3746  3746 V NearbyFragment: Transfer to Endpoint{id=3PH2, name=Nexus 5X [34d8]} complete
07-03 03:13:54.776  3746  3746 D NearbyFragment: onPayloadReceived(endpointId=3PH2, payload=com.google.android.gms.nearby.connection.Payload@acab217)
07-03 03:13:56.571  3746  3746 V NearbyFragment: Transfer to Endpoint{id=3PH2, name=Nexus 5X [34d8]} complete
07-03 03:13:56.573  3746  3746 W NearbyFragment: Completed downloading 20200312_194330!000.mp4 from Endpoint{id=3PH2, name=Nexus 5X [34d8]} in 01.820s
07-03 03:13:56.585  3746  3746 V FileManager: External storage is readable
07-03 03:13:56.588  3746  3746 V FileManager: Created new directory: /storage/emulated/0/Movies/segment-sum/20200312_194330
07-03 03:13:56.589  3746  3746 D NearbyFragment: Summarising 20200312_194330!000.mp4
07-03 03:13:56.590  3746  3746 V VideoManager: Retrieving video from /storage/emulated/0/Download/Nearby/20200312_194330!000.mp4
07-03 03:13:56.613  3746  3746 V VideoManager: videoFromCursor
07-03 03:13:56.619  3746  3746 V ProcessingVideosEventHandler: onAdd
07-03 03:13:56.620  3746  3746 V RawFootageEventHandler: onRemove
07-03 03:13:56.630  3746  3746 V NearbyFragment: Transfer to Endpoint{id=3PH2, name=Nexus 5X [34d8]} complete
07-03 03:13:56.649  3746  6085 V SummariserIntentService: onHandleIntent
07-03 03:13:56.650  3746  6085 D SummariserIntentService: Video{id='137622', data='/storage/emulated/0/Download/Nearby/20200312_194330!000.mp4', name='20200312_194330!000.mp4', size=16853664, visible=true, mimeType='video/mp4'}
07-03 03:13:56.651  3746  6085 D SummariserIntentService: /storage/emulated/0/Movies/segment-sum/20200312_194330/20200312_194330!000.mp4
07-03 03:13:56.834  3746  4565 W mobile-ffmpeg: [graph 0 input from stream 0:0 @ 0x703717e6c0] sws_param option is deprecated and ignored
07-03 03:13:58.672  3746  6085 W Summariser: No activity detected
07-03 03:13:58.673  3746  6085 V FfmpegTools: Retrieving duration of /storage/emulated/0/Download/Nearby/20200312_194330!000.mp4
