--------- beginning of main
--------- beginning of system
07-05 19:17:20.939  6778  6778 W LogFactory: Truncating log tag length as it exceed 23, the limit imposed by Android on certain API Levels
07-05 19:19:19.104  6778  6778 E TransferService: No notification is passed in the intent. Unable to transition to foreground.
07-05 19:19:19.204  6778  6778 W StaticLayout: maxLineHeight should not be -1.  maxLines:1 lineCount:1
07-05 19:19:19.216  6778  6778 W StaticLayout: maxLineHeight should not be -1.  maxLines:1 lineCount:1
07-05 19:19:19.226  6778  6778 W StaticLayout: maxLineHeight should not be -1.  maxLines:1 lineCount:1
07-05 19:19:19.237  6778  6778 W StaticLayout: maxLineHeight should not be -1.  maxLines:1 lineCount:1
07-05 19:19:19.274  6778  6950 W Adreno-EGL: <qeglDrvAPI_eglGetConfigAttrib:607>: EGL_BAD_ATTRIBUTE
07-05 19:19:19.277  6778  6950 W Adreno-EGL: <qeglDrvAPI_eglGetConfigAttrib:607>: EGL_BAD_ATTRIBUTE
07-05 19:19:19.289  6778  6778 W StaticLayout: maxLineHeight should not be -1.  maxLines:1 lineCount:1
07-05 19:19:19.303  6778  6778 W StaticLayout: maxLineHeight should not be -1.  maxLines:1 lineCount:1
07-05 19:19:58.637  6778  6950 W Adreno-EGL: <qeglDrvAPI_eglGetConfigAttrib:607>: EGL_BAD_ATTRIBUTE
07-05 19:20:02.059  6778  6950 W Adreno-EGL: <qeglDrvAPI_eglGetConfigAttrib:607>: EGL_BAD_ATTRIBUTE
07-05 19:22:07.762  6778  6778 W NearbyFragment: Completed downloading 20200312_150744.mp4 from Endpoint{id=hrLv, name=Galaxy S8 [2802]} in 26.218s
07-05 19:22:07.956  6778  7226 W mobile-ffmpeg: [mov,mp4,m4a,3gp,3g2,mj2 @ 0x9239f600] Found duplicated MOOV Atom. Skipped it
07-05 19:22:08.070  6778  7226 W mobile-ffmpeg: [graph 0 input from stream 0:0 @ 0x93515760] sws_param option is deprecated and ignored
07-05 19:22:29.805  6778  7226 W mobile-ffmpeg: [mov,mp4,m4a,3gp,3g2,mj2 @ 0x92dbd400] Found duplicated MOOV Atom. Skipped it
07-05 19:22:29.879  6778  7225 W Summariser: 1 active sections found
07-05 19:22:29.892  6778  7226 W mobile-ffmpeg: [mov,mp4,m4a,3gp,3g2,mj2 @ 0x8dd7d600] Found duplicated MOOV Atom. Skipped it
07-05 19:22:30.027  6778  7226 W mobile-ffmpeg: [graph 0 input from stream 0:0 @ 0x8dd60f60] sws_param option is deprecated and ignored
07-05 19:23:01.274  6778  7226 W mobile-ffmpeg: [mov,mp4,m4a,3gp,3g2,mj2 @ 0x8dd7d600] Found duplicated MOOV Atom. Skipped it
07-05 19:23:01.429  6778  7225 W Summariser: Summarisation completed
07-05 19:23:01.429  6778  7225 W Summariser:   filename: 20200312_150744.mp4
07-05 19:23:01.429  6778  7225 W Summariser:   active sections: 1
07-05 19:23:01.429  6778  7225 W Summariser:   time: 53.464s
07-05 19:23:01.429  6778  7225 W Summariser:   original duration: 60.02
07-05 19:23:01.429  6778  7225 W Summariser:   summarised duration: 4.83
07-05 19:23:01.429  6778  7225 W Summariser:   noise tolerance: 45.00
07-05 19:23:01.429  6778  7225 W Summariser:   quality: 23
07-05 19:23:01.429  6778  7225 W Summariser:   speed: medium
07-05 19:23:01.429  6778  7225 W Summariser:   freeze duration: 1.00
07-05 19:23:01.522  6778  7225 W NearbyFragment: Sending 20200312_150744.mp4 to Galaxy S8 [2802]
07-05 19:24:21.988  6778  6778 W NearbyFragment: Completed downloading 20200312_151044.mp4 from Endpoint{id=hrLv, name=Galaxy S8 [2802]} in 21.558s
07-05 19:24:22.042  6778  7226 W mobile-ffmpeg: [mov,mp4,m4a,3gp,3g2,mj2 @ 0x91095200] Found duplicated MOOV Atom. Skipped it
07-05 19:24:22.125  6778  7226 W mobile-ffmpeg: [graph 0 input from stream 0:0 @ 0x8dd610e0] sws_param option is deprecated and ignored
07-05 19:24:45.066  6778  7360 W Summariser: No activity detected
07-05 19:24:45.075  6778  7226 W mobile-ffmpeg: [mov,mp4,m4a,3gp,3g2,mj2 @ 0x91096a00] Found duplicated MOOV Atom. Skipped it
07-05 19:24:45.137  6778  7360 W Summariser: Summarisation completed
07-05 19:24:45.137  6778  7360 W Summariser:   filename: 20200312_151044.mp4
07-05 19:24:45.137  6778  7360 W Summariser:   active sections: 0
07-05 19:24:45.137  6778  7360 W Summariser:   time: 23.033s
07-05 19:24:45.137  6778  7360 W Summariser:   original duration: 60.02
07-05 19:24:45.137  6778  7360 W Summariser:   summarised duration: -1.00
07-05 19:24:45.137  6778  7360 W Summariser:   noise tolerance: 45.00
07-05 19:24:45.137  6778  7360 W Summariser:   quality: 23
07-05 19:24:45.137  6778  7360 W Summariser:   speed: medium
07-05 19:24:45.137  6778  7360 W Summariser:   freeze duration: 1.00
07-05 19:25:34.246  6778  6778 W NearbyFragment: Completed downloading 20200312_193628.mp4 from Endpoint{id=hrLv, name=Galaxy S8 [2802]} in 26.610s
07-05 19:25:34.283  6778  7226 W mobile-ffmpeg: [mov,mp4,m4a,3gp,3g2,mj2 @ 0x9239f000] Found duplicated MOOV Atom. Skipped it
07-05 19:25:34.430  6778  7226 W mobile-ffmpeg: [graph 0 input from stream 0:0 @ 0x8c657480] sws_param option is deprecated and ignored
07-05 19:25:58.857  6778  7226 W mobile-ffmpeg: [mov,mp4,m4a,3gp,3g2,mj2 @ 0x8def0600] Found duplicated MOOV Atom. Skipped it
07-05 19:25:58.940  6778  7537 W Summariser: 1 active sections found
07-05 19:25:58.954  6778  7226 W mobile-ffmpeg: [mov,mp4,m4a,3gp,3g2,mj2 @ 0x8e0a9e00] Found duplicated MOOV Atom. Skipped it
07-05 19:25:59.060  6778  7226 W mobile-ffmpeg: [graph 0 input from stream 0:0 @ 0x8c659700] sws_param option is deprecated and ignored
07-05 19:26:40.444  6778  7226 W mobile-ffmpeg: [mov,mp4,m4a,3gp,3g2,mj2 @ 0x8e0a9e00] Found duplicated MOOV Atom. Skipped it
07-05 19:26:40.604  6778  7537 W Summariser: Summarisation completed
07-05 19:26:40.604  6778  7537 W Summariser:   filename: 20200312_193628.mp4
07-05 19:26:40.604  6778  7537 W Summariser:   active sections: 1
07-05 19:26:40.604  6778  7537 W Summariser:   time: 66.163s
07-05 19:26:40.604  6778  7537 W Summariser:   original duration: 60.02
07-05 19:26:40.604  6778  7537 W Summariser:   summarised duration: 6.07
07-05 19:26:40.604  6778  7537 W Summariser:   noise tolerance: 45.00
07-05 19:26:40.604  6778  7537 W Summariser:   quality: 23
07-05 19:26:40.604  6778  7537 W Summariser:   speed: medium
07-05 19:26:40.604  6778  7537 W Summariser:   freeze duration: 1.00
07-05 19:26:40.685  6778  7537 W NearbyFragment: Sending 20200312_193628.mp4 to Galaxy S8 [2802]
07-05 19:27:36.563  6778  6778 W NearbyFragment: Completed downloading 20200312_193928.mp4 from Endpoint{id=hrLv, name=Galaxy S8 [2802]} in 22.139s
07-05 19:27:36.608  6778  7226 W mobile-ffmpeg: [mov,mp4,m4a,3gp,3g2,mj2 @ 0xa39aea00] Found duplicated MOOV Atom. Skipped it
07-05 19:27:36.729  6778  7226 W mobile-ffmpeg: [graph 0 input from stream 0:0 @ 0x93515400] sws_param option is deprecated and ignored
07-05 19:28:02.173  6778  7779 W Summariser: No activity detected
07-05 19:28:02.183  6778  7226 W mobile-ffmpeg: [mov,mp4,m4a,3gp,3g2,mj2 @ 0xa2740800] Found duplicated MOOV Atom. Skipped it
07-05 19:28:02.253  6778  7779 W Summariser: Summarisation completed
07-05 19:28:02.253  6778  7779 W Summariser:   filename: 20200312_193928.mp4
07-05 19:28:02.253  6778  7779 W Summariser:   active sections: 0
07-05 19:28:02.253  6778  7779 W Summariser:   time: 25.579s
07-05 19:28:02.253  6778  7779 W Summariser:   original duration: 60.89
07-05 19:28:02.253  6778  7779 W Summariser:   summarised duration: -1.00
07-05 19:28:02.253  6778  7779 W Summariser:   noise tolerance: 45.00
07-05 19:28:02.253  6778  7779 W Summariser:   quality: 23
07-05 19:28:02.253  6778  7779 W Summariser:   speed: medium
07-05 19:28:02.253  6778  7779 W Summariser:   freeze duration: 1.00
07-05 19:28:45.420  6778  6778 W NearbyFragment: Completed downloading 20200312_194229.mp4 from Endpoint{id=hrLv, name=Galaxy S8 [2802]} in 27.714s
07-05 19:28:45.460  6778  7226 W mobile-ffmpeg: [mov,mp4,m4a,3gp,3g2,mj2 @ 0x91094000] Found duplicated MOOV Atom. Skipped it
07-05 19:28:45.579  6778  7226 W mobile-ffmpeg: [graph 0 input from stream 0:0 @ 0x8dd60cc0] sws_param option is deprecated and ignored
07-05 19:29:11.636  6778  7226 W mobile-ffmpeg: [mov,mp4,m4a,3gp,3g2,mj2 @ 0x9234ea00] Found duplicated MOOV Atom. Skipped it
07-05 19:29:11.772  6778  7877 W Summariser: 5 active sections found
07-05 19:29:11.788  6778  7226 W mobile-ffmpeg: [mov,mp4,m4a,3gp,3g2,mj2 @ 0xa2736a00] Found duplicated MOOV Atom. Skipped it
07-05 19:29:11.937  6778  7226 W mobile-ffmpeg: [graph 0 input from stream 0:0 @ 0x8c657600] sws_param option is deprecated and ignored
07-05 19:29:11.937  6778  7226 W mobile-ffmpeg: [graph 0 input from stream 0:0 @ 0x8c657720] sws_param option is deprecated and ignored
07-05 19:29:11.938  6778  7226 W mobile-ffmpeg: [graph 0 input from stream 0:0 @ 0x8c657480] sws_param option is deprecated and ignored
07-05 19:29:11.938  6778  7226 W mobile-ffmpeg: [graph 0 input from stream 0:0 @ 0x8dd61140] sws_param option is deprecated and ignored
07-05 19:29:11.938  6778  7226 W mobile-ffmpeg: [graph 0 input from stream 0:0 @ 0x8c657960] sws_param option is deprecated and ignored
07-05 19:30:26.029  6778  7226 W mobile-ffmpeg: [mov,mp4,m4a,3gp,3g2,mj2 @ 0xa2736a00] Found duplicated MOOV Atom. Skipped it
07-05 19:30:26.242  6778  7877 W Summariser: Summarisation completed
07-05 19:30:26.242  6778  7877 W Summariser:   filename: 20200312_194229.mp4
07-05 19:30:26.242  6778  7877 W Summariser:   active sections: 5
07-05 19:30:26.242  6778  7877 W Summariser:   time: 100.570s
07-05 19:30:26.242  6778  7877 W Summariser:   original duration: 60.02
07-05 19:30:26.242  6778  7877 W Summariser:   summarised duration: 15.51
07-05 19:30:26.242  6778  7877 W Summariser:   noise tolerance: 45.00
07-05 19:30:26.242  6778  7877 W Summariser:   quality: 23
07-05 19:30:26.242  6778  7877 W Summariser:   speed: medium
07-05 19:30:26.242  6778  7877 W Summariser:   freeze duration: 1.00
07-05 19:30:26.400  6778  7877 W NearbyFragment: Sending 20200312_194229.mp4 to Galaxy S8 [2802]
07-05 19:31:07.061  6778  6778 W NearbyFragment: Completed downloading 20200312_194930.mp4 from Endpoint{id=hrLv, name=Galaxy S8 [2802]} in 39.528s
07-05 19:31:07.179  6778  7226 W mobile-ffmpeg: [mov,mp4,m4a,3gp,3g2,mj2 @ 0x93d3ec00] Found duplicated MOOV Atom. Skipped it
07-05 19:31:07.359  6778  7226 W mobile-ffmpeg: [graph 0 input from stream 0:0 @ 0x8dd62e80] sws_param option is deprecated and ignored
07-05 19:31:36.540  6778  7226 W mobile-ffmpeg: [mov,mp4,m4a,3gp,3g2,mj2 @ 0x9385a600] Found duplicated MOOV Atom. Skipped it
07-05 19:31:36.644  6778  8125 W Summariser: 2 active sections found
07-05 19:31:36.662  6778  7226 W mobile-ffmpeg: [mov,mp4,m4a,3gp,3g2,mj2 @ 0x8dc7ce00] Found duplicated MOOV Atom. Skipped it
07-05 19:31:36.811  6778  7226 W mobile-ffmpeg: [graph 0 input from stream 0:0 @ 0x8c6593a0] sws_param option is deprecated and ignored
07-05 19:31:36.811  6778  7226 W mobile-ffmpeg: [graph 0 input from stream 0:0 @ 0x8c6594c0] sws_param option is deprecated and ignored
07-05 19:33:20.195  6778  7226 W mobile-ffmpeg: [mov,mp4,m4a,3gp,3g2,mj2 @ 0x8dc7ce00] Found duplicated MOOV Atom. Skipped it
07-05 19:33:20.409  6778  8125 W Summariser: Summarisation completed
07-05 19:33:20.409  6778  8125 W Summariser:   filename: 20200312_194930.mp4
07-05 19:33:20.409  6778  8125 W Summariser:   active sections: 2
07-05 19:33:20.409  6778  8125 W Summariser:   time: 133.031s
07-05 19:33:20.409  6778  8125 W Summariser:   original duration: 60.02
07-05 19:33:20.409  6778  8125 W Summariser:   summarised duration: 22.25
07-05 19:33:20.409  6778  8125 W Summariser:   noise tolerance: 45.00
07-05 19:33:20.409  6778  8125 W Summariser:   quality: 23
07-05 19:33:20.409  6778  8125 W Summariser:   speed: medium
07-05 19:33:20.409  6778  8125 W Summariser:   freeze duration: 1.00
07-05 19:33:20.509  6778  8125 W NearbyFragment: Sending 20200312_194930.mp4 to Galaxy S8 [2802]
