07-12 19:40:48.005 12363 12363 V NearbyFragment: Transfer to Endpoint{id=a6Kd, name=Shark 1S [34d8]} complete
07-12 19:40:51.624 12363 12363 V NearbyFragment: Transfer to Endpoint{id=b1P0, name=Shark 1S [9c8f]} complete
07-12 19:40:51.765 12363 12363 D NearbyFragment: onPayloadReceived(endpointId=b1P0, payload=com.google.android.gms.nearby.connection.Payload@1063e80)
07-12 19:40:51.765 12363 12363 D NearbyFragment: Endpoint{id=b1P0, name=Shark 1S [9c8f]} has finished downloading 20200312_193828!002.mp4
07-12 19:40:51.766 12363 12363 I NearbyFragment: Transfer queue is empty
07-12 19:40:51.804 12363 12363 V NearbyFragment: Transfer to Endpoint{id=b1P0, name=Shark 1S [9c8f]} complete
07-12 19:40:54.472 12363 12363 D NearbyFragment: onPayloadReceived(endpointId=Hqzs, payload=com.google.android.gms.nearby.connection.Payload@db3ccb9)
07-12 19:40:54.473 12363 12363 V NearbyFragment: Started downloading 20200312_193828!000.mp4 from Endpoint{id=Hqzs, name=Galaxy S8 [2802]}
07-12 19:40:54.473 12363 12363 I NearbyFragment: Transfer queue is empty
07-12 19:40:54.573 12363 12363 V NearbyFragment: Transfer to Endpoint{id=a6Kd, name=Shark 1S [34d8]} complete
07-12 19:40:54.617 12363 12363 D NearbyFragment: onPayloadReceived(endpointId=Hqzs, payload=com.google.android.gms.nearby.connection.Payload@e04b8fe)
07-12 19:40:54.620 12363 12363 V NearbyFragment: Transfer to Endpoint{id=Hqzs, name=Galaxy S8 [2802]} complete
07-12 19:40:54.702 12363 12363 D NearbyFragment: onPayloadReceived(endpointId=a6Kd, payload=com.google.android.gms.nearby.connection.Payload@ad4585f)
07-12 19:40:54.703 12363 12363 D NearbyFragment: Endpoint{id=a6Kd, name=Shark 1S [34d8]} has finished downloading 20200312_193828!003.mp4
07-12 19:40:54.703 12363 12363 I NearbyFragment: Transfer queue is empty
07-12 19:40:54.727 12363 12363 V NearbyFragment: Transfer to Endpoint{id=a6Kd, name=Shark 1S [34d8]} complete
07-12 19:40:54.826 12363 12363 D NearbyFragment: onPayloadReceived(endpointId=b1P0, payload=com.google.android.gms.nearby.connection.Payload@7d0c2ac)
07-12 19:40:54.827 12363 12363 D NearbyFragment: 20200312_193828!002.mp4 from Endpoint{id=b1P0, name=Shark 1S [9c8f]} contained no activity
07-12 19:40:54.827 12363 12363 V NearbyFragment: Received a segment of 20200312_193828
07-12 19:40:54.827 12363 12363 I NearbyFragment: Transfer queue is empty
07-12 19:40:54.850 12363 12363 V NearbyFragment: Transfer to Endpoint{id=b1P0, name=Shark 1S [9c8f]} complete
07-12 19:40:55.087 12363 12363 V NearbyFragment: Transfer to Endpoint{id=Hqzs, name=Galaxy S8 [2802]} complete
07-12 19:40:55.088 12363 12363 W NearbyFragment: Completed downloading 20200312_193828!000.mp4 from Endpoint{id=Hqzs, name=Galaxy S8 [2802]} in 00.615s
07-12 19:40:55.092 12363 12363 V FileManager: External storage is readable
07-12 19:40:55.093 12363 12363 V FileManager: Created new directory: /storage/emulated/0/Movies/segment-sum/20200312_193828
07-12 19:40:55.287 12363 12363 V NearbyFragment: Received a segment of 20200312_193828
07-12 19:40:57.173 12363 12363 D NearbyFragment: onPayloadReceived(endpointId=a6Kd, payload=com.google.android.gms.nearby.connection.Payload@c3b7b75)
07-12 19:40:57.173 12363 12363 D NearbyFragment: 20200312_193828!003.mp4 from Endpoint{id=a6Kd, name=Shark 1S [34d8]} contained no activity
07-12 19:40:57.173 12363 12363 D NearbyFragment: Received all summarised video segments of 20200312_193828
07-12 19:40:57.177 12363 12363 V FileManager: External storage is readable
07-12 19:40:57.177 12363 12363 V FileManager: Directory already exists: /storage/emulated/0/Movies/segment-sum/20200312_193828
07-12 19:40:57.179 12363 12363 D FfmpegTools: Merging /storage/emulated/0/Movies/summarised/20200312_193828.mp4
07-12 19:40:57.180 12363 12363 V FfmpegTools: Retrieving duration of /storage/emulated/0/Movies/segment-sum/20200312_193828/20200312_193828!000.mp4
07-12 19:40:57.235 12363 12708 I mobile-ffmpeg: Input #0, mov,mp4,m4a,3gp,3g2,mj2, from '/storage/emulated/0/Movies/segment-sum/20200312_193828/20200312_193828!000.mp4':
07-12 19:40:57.235 12363 12708 I mobile-ffmpeg:   Metadata:
07-12 19:40:57.235 12363 12708 I mobile-ffmpeg:     major_brand     : 
07-12 19:40:57.235 12363 12708 I mobile-ffmpeg: isom
07-12 19:40:57.235 12363 12708 I mobile-ffmpeg: 
07-12 19:40:57.235 12363 12708 I mobile-ffmpeg:     minor_version   : 
07-12 19:40:57.235 12363 12708 I mobile-ffmpeg: 512
07-12 19:40:57.235 12363 12708 I mobile-ffmpeg: 
07-12 19:40:57.235 12363 12708 I mobile-ffmpeg:     compatible_brands: 
07-12 19:40:57.235 12363 12708 I mobile-ffmpeg: isomiso2avc1mp41
07-12 19:40:57.235 12363 12708 I mobile-ffmpeg: 
07-12 19:40:57.235 12363 12708 I mobile-ffmpeg:     encoder         : 
07-12 19:40:57.235 12363 12708 I mobile-ffmpeg: Lavf58.42.100
07-12 19:40:57.235 12363 12708 I mobile-ffmpeg: 
07-12 19:40:57.235 12363 12708 I mobile-ffmpeg:   Duration: 
07-12 19:40:57.235 12363 12708 I mobile-ffmpeg: 00:00:14.28
07-12 19:40:57.235 12363 12708 I mobile-ffmpeg: , start: 
07-12 19:40:57.236 12363 12708 I mobile-ffmpeg: 0.000000
07-12 19:40:57.236 12363 12708 I mobile-ffmpeg: , bitrate: 
07-12 19:40:57.236 12363 12708 I mobile-ffmpeg: 1365 kb/s
07-12 19:40:57.236 12363 12708 I mobile-ffmpeg: 
07-12 19:40:57.236 12363 12708 I mobile-ffmpeg:     Stream #0:0
07-12 19:40:57.236 12363 12708 I mobile-ffmpeg: (und)
07-12 19:40:57.236 12363 12708 I mobile-ffmpeg: : Video: h264 (avc1 / 0x31637661), yuvj420p(pc), 1280x720, 1280 kb/s
07-12 19:40:57.236 12363 12708 I mobile-ffmpeg: , 
07-12 19:40:57.236 12363 12708 I mobile-ffmpeg: 29.97 fps, 
07-12 19:40:57.236 12363 12708 I mobile-ffmpeg: 29.97 tbr, 
07-12 19:40:57.236 12363 12708 I mobile-ffmpeg: 30k tbn, 
07-12 19:40:57.236 12363 12708 I mobile-ffmpeg: 59.94 tbc
07-12 19:40:57.236 12363 12708 I mobile-ffmpeg:  (default)
07-12 19:40:57.236 12363 12708 I mobile-ffmpeg: 
07-12 19:40:57.236 12363 12708 I mobile-ffmpeg:     Metadata:
07-12 19:40:57.236 12363 12708 I mobile-ffmpeg:       handler_name    : 
07-12 19:40:57.236 12363 12708 I mobile-ffmpeg: VideoHandler
07-12 19:40:57.236 12363 12708 I mobile-ffmpeg: 
07-12 19:40:57.236 12363 12708 I mobile-ffmpeg:     Stream #0:1
07-12 19:40:57.237 12363 12708 I mobile-ffmpeg: (und)
07-12 19:40:57.237 12363 12708 I mobile-ffmpeg: : Audio: aac (mp4a / 0x6134706D), 16000 Hz, stereo, fltp, 85 kb/s
07-12 19:40:57.237 12363 12708 I mobile-ffmpeg:  (default)
07-12 19:40:57.237 12363 12708 I mobile-ffmpeg: 
07-12 19:40:57.237 12363 12708 I mobile-ffmpeg:     Metadata:
07-12 19:40:57.237 12363 12708 I mobile-ffmpeg:       handler_name    : 
07-12 19:40:57.237 12363 12708 I mobile-ffmpeg: SoundHandler
07-12 19:40:57.237 12363 12708 I mobile-ffmpeg: 
07-12 19:40:57.254 12363 12363 W FfmpegTools: Single segment returned, duration of 20200312_193828: 14.28
07-12 19:40:57.479 12363 12363 V VideoManager: Retrieving video from /storage/emulated/0/Movies/summarised/20200312_193828.mp4
07-12 19:40:57.484 12363 12363 V VideoManager: videoFromCursor
07-12 19:40:57.486 12363 12363 V SummarisedVideosEventHandler: onAdd
07-12 19:40:57.487 12363 12363 V RawFootageEventHandler: removeByName
07-12 19:40:57.488 12363 12363 V ProcessingVideosEventHandler: removeByName
07-12 19:40:57.489 12363 12363 V NearbyFragment: Removing video segment map for 20200312_193828
07-12 19:40:57.489 12363 12363 I NearbyFragment: Transfer queue is empty
07-12 19:40:57.489 12363 12363 V NearbyFragment: Transfer to Endpoint{id=a6Kd, name=Shark 1S [34d8]} complete
07-12 19:41:05.789 12363 12654 V VideoManager: Retrieving video from /storage/emulated/0/Movies/raw/20200312_193928.mp4
07-12 19:41:05.797 12363 12654 D VideoManager: videoCursor is null
07-12 19:41:05.838 12363 12654 V VideoManager: videoFromCursor
07-12 19:41:05.842 12363 12654 W DashDownloadManager: Successfully downloaded 20200312_193928.mp4 in 30.317s
07-12 19:41:05.842 12363 12654 V DownloadTestVideosTask: Entering callback for download completion of 20200312_193928.mp4
07-12 19:41:05.844 12363 12654 V RawFootageEventHandler: onAdd
07-12 19:41:05.848 12363 12654 V FfmpegTools: Retrieving duration of /storage/emulated/0/Movies/raw/20200312_193928.mp4
07-12 19:41:05.856 12363 12708 W mobile-ffmpeg: [mov,mp4,m4a,3gp,3g2,mj2 @ 0x93f69800] Found duplicated MOOV Atom. Skipped it
07-12 19:41:05.935 12363 12708 I mobile-ffmpeg: Input #0, mov,mp4,m4a,3gp,3g2,mj2, from '/storage/emulated/0/Movies/raw/20200312_193928.mp4':
07-12 19:41:05.946 12363 12708 I mobile-ffmpeg:   Metadata:
07-12 19:41:05.946 12363 12708 I mobile-ffmpeg:     creation_time   : 
07-12 19:41:05.946 12363 12708 I mobile-ffmpeg: 2020-03-12T08:40:29.000000Z
07-12 19:41:05.946 12363 12708 I mobile-ffmpeg: 
07-12 19:41:05.946 12363 12708 I mobile-ffmpeg:     major_brand     : 
07-12 19:41:05.946 12363 12708 I mobile-ffmpeg: mp42
07-12 19:41:05.946 12363 12708 I mobile-ffmpeg: 
07-12 19:41:05.946 12363 12708 I mobile-ffmpeg:     minor_version   : 
07-12 19:41:05.946 12363 12708 I mobile-ffmpeg: 1
07-12 19:41:05.946 12363 12708 I mobile-ffmpeg: 
07-12 19:41:05.946 12363 12708 I mobile-ffmpeg:     compatible_brands: 
07-12 19:41:05.946 12363 12708 I mobile-ffmpeg: mp42mp42
07-12 19:41:05.946 12363 12708 I mobile-ffmpeg: 
07-12 19:41:05.947 12363 12708 I mobile-ffmpeg:   Duration: 
07-12 19:41:05.947 12363 12708 I mobile-ffmpeg: 00:01:00.89
07-12 19:41:05.947 12363 12708 I mobile-ffmpeg: , start: 
07-12 19:41:05.947 12363 12708 I mobile-ffmpeg: 0.000000
07-12 19:41:05.947 12363 12708 I mobile-ffmpeg: , bitrate: 
07-12 19:41:05.947 12363 12708 I mobile-ffmpeg: 9195 kb/s
07-12 19:41:05.947 12363 12708 I mobile-ffmpeg: 
07-12 19:41:05.947 12363 12708 I mobile-ffmpeg:     Stream #0:0
07-12 19:41:05.947 12363 12708 I mobile-ffmpeg: (eng)
07-12 19:41:05.947 12363 12708 I mobile-ffmpeg: : Video: h264 (avc1 / 0x31637661), yuvj420p(pc, bt709), 1280x720, 8355 kb/s
07-12 19:41:05.947 12363 12708 I mobile-ffmpeg: , 
07-12 19:41:05.947 12363 12708 I mobile-ffmpeg: 28.73 fps, 
07-12 19:41:05.947 12363 12708 I mobile-ffmpeg: 29.97 tbr, 
07-12 19:41:05.947 12363 12708 I mobile-ffmpeg: 1k tbn, 
07-12 19:41:05.947 12363 12708 I mobile-ffmpeg: 2k tbc
07-12 19:41:05.947 12363 12708 I mobile-ffmpeg:  (default)
07-12 19:41:05.947 12363 12708 I mobile-ffmpeg: 
07-12 19:41:05.947 12363 12708 I mobile-ffmpeg:     Metadata:
07-12 19:41:05.947 12363 12708 I mobile-ffmpeg:       creation_time   : 
07-12 19:41:05.947 12363 12708 I mobile-ffmpeg: 2020-03-12T08:40:29.000000Z
07-12 19:41:05.947 12363 12708 I mobile-ffmpeg: 
07-12 19:41:05.947 12363 12708 I mobile-ffmpeg:       handler_name    : 
07-12 19:41:05.948 12363 12708 I mobile-ffmpeg: PittaSoft Video Media Handler
07-12 19:41:05.948 12363 12708 I mobile-ffmpeg: 
07-12 19:41:05.948 12363 12708 I mobile-ffmpeg:     Stream #0:1
07-12 19:41:05.948 12363 12708 I mobile-ffmpeg: (eng)
07-12 19:41:05.948 12363 12708 I mobile-ffmpeg: : Audio: aac (mp4a / 0x6134706D), 16000 Hz, stereo, fltp, 47 kb/s
07-12 19:41:05.948 12363 12708 I mobile-ffmpeg:  (default)
07-12 19:41:05.948 12363 12708 I mobile-ffmpeg: 
07-12 19:41:05.948 12363 12708 I mobile-ffmpeg:     Metadata:
07-12 19:41:05.948 12363 12708 I mobile-ffmpeg:       creation_time   : 
07-12 19:41:05.948 12363 12708 I mobile-ffmpeg: 2020-03-12T08:40:29.000000Z
07-12 19:41:05.948 12363 12708 I mobile-ffmpeg: 
07-12 19:41:05.948 12363 12708 I mobile-ffmpeg:       handler_name    : 
07-12 19:41:05.948 12363 12708 I mobile-ffmpeg: PittaSoft Sound Media Handler
07-12 19:41:05.948 12363 12708 I mobile-ffmpeg: 
07-12 19:41:05.989 12363 12654 V FileManager: External storage is readable
07-12 19:41:05.989 12363 12654 V FileManager: Created new directory: /storage/emulated/0/Movies/segment/20200312_193928
07-12 19:41:05.990 12363 12654 V FfmpegTools: Splitting /storage/emulated/0/Movies/raw/20200312_193928.mp4 with 16s long segments
07-12 19:41:05.991 12363 12654 I FfmpegTools: Running ffmpeg with:
07-12 19:41:05.991 12363 12654 I FfmpegTools:   -y -i /storage/emulated/0/Movies/raw/20200312_193928.mp4 -map 0 -c copy -f segment -reset_timestamps 1 -segment_time 16 /storage/emulated/0/Movies/segment/20200312_193928/20200312_193928!%03d.mp4
07-12 19:41:06.014 12363 12708 W mobile-ffmpeg: [mov,mp4,m4a,3gp,3g2,mj2 @ 0x8f25a600] Found duplicated MOOV Atom. Skipped it
07-12 19:41:06.072 12363 12708 I mobile-ffmpeg: Input #0, mov,mp4,m4a,3gp,3g2,mj2, from '/storage/emulated/0/Movies/raw/20200312_193928.mp4':
07-12 19:41:06.072 12363 12708 I mobile-ffmpeg:   Metadata:
07-12 19:41:06.073 12363 12708 I mobile-ffmpeg:     creation_time   : 
07-12 19:41:06.073 12363 12708 I mobile-ffmpeg: 2020-03-12T08:40:29.000000Z
07-12 19:41:06.074 12363 12708 I mobile-ffmpeg: 
07-12 19:41:06.074 12363 12708 I mobile-ffmpeg:     major_brand     : 
07-12 19:41:06.075 12363 12708 I mobile-ffmpeg: mp42
07-12 19:41:06.075 12363 12708 I mobile-ffmpeg: 
07-12 19:41:06.076 12363 12708 I mobile-ffmpeg:     minor_version   : 
07-12 19:41:06.077 12363 12708 I mobile-ffmpeg: 1
07-12 19:41:06.077 12363 12708 I mobile-ffmpeg: 
07-12 19:41:06.078 12363 12708 I mobile-ffmpeg:     compatible_brands: 
07-12 19:41:06.078 12363 12708 I mobile-ffmpeg: mp42mp42
07-12 19:41:06.078 12363 12708 I mobile-ffmpeg: 
07-12 19:41:06.079 12363 12708 I mobile-ffmpeg:   Duration: 
07-12 19:41:06.079 12363 12708 I mobile-ffmpeg: 00:01:00.89
07-12 19:41:06.079 12363 12708 I mobile-ffmpeg: , start: 
07-12 19:41:06.080 12363 12708 I mobile-ffmpeg: 0.000000
07-12 19:41:06.080 12363 12708 I mobile-ffmpeg: , bitrate: 
07-12 19:41:06.080 12363 12708 I mobile-ffmpeg: 9195 kb/s
07-12 19:41:06.080 12363 12708 I mobile-ffmpeg: 
07-12 19:41:06.080 12363 12708 I mobile-ffmpeg:     Stream #0:0
07-12 19:41:06.080 12363 12708 I mobile-ffmpeg: (eng)
07-12 19:41:06.080 12363 12708 I mobile-ffmpeg: : Video: h264 (avc1 / 0x31637661), yuvj420p(pc, bt709), 1280x720, 8355 kb/s
07-12 19:41:06.081 12363 12708 I mobile-ffmpeg: , 
07-12 19:41:06.081 12363 12708 I mobile-ffmpeg: 28.73 fps, 
07-12 19:41:06.081 12363 12708 I mobile-ffmpeg: 29.97 tbr, 
07-12 19:41:06.081 12363 12708 I mobile-ffmpeg: 1k tbn, 
07-12 19:41:06.081 12363 12708 I mobile-ffmpeg: 2k tbc
07-12 19:41:06.081 12363 12708 I mobile-ffmpeg:  (default)
07-12 19:41:06.081 12363 12708 I mobile-ffmpeg: 
07-12 19:41:06.081 12363 12708 I mobile-ffmpeg:     Metadata:
07-12 19:41:06.081 12363 12708 I mobile-ffmpeg:       creation_time   : 
07-12 19:41:06.081 12363 12708 I mobile-ffmpeg: 2020-03-12T08:40:29.000000Z
07-12 19:41:06.081 12363 12708 I mobile-ffmpeg: 
07-12 19:41:06.082 12363 12708 I mobile-ffmpeg:       handler_name    : 
07-12 19:41:06.082 12363 12708 I mobile-ffmpeg: PittaSoft Video Media Handler
07-12 19:41:06.082 12363 12708 I mobile-ffmpeg: 
07-12 19:41:06.082 12363 12708 I mobile-ffmpeg:     Stream #0:1
07-12 19:41:06.082 12363 12708 I mobile-ffmpeg: (eng)
07-12 19:41:06.082 12363 12708 I mobile-ffmpeg: : Audio: aac (mp4a / 0x6134706D), 16000 Hz, stereo, fltp, 47 kb/s
07-12 19:41:06.085 12363 12708 I mobile-ffmpeg:  (default)
07-12 19:41:06.085 12363 12708 I mobile-ffmpeg: 
07-12 19:41:06.085 12363 12708 I mobile-ffmpeg:     Metadata:
07-12 19:41:06.085 12363 12708 I mobile-ffmpeg:       creation_time   : 
07-12 19:41:06.085 12363 12708 I mobile-ffmpeg: 2020-03-12T08:40:29.000000Z
07-12 19:41:06.085 12363 12708 I mobile-ffmpeg: 
07-12 19:41:06.085 12363 12708 I mobile-ffmpeg:       handler_name    : 
07-12 19:41:06.086 12363 12708 I mobile-ffmpeg: PittaSoft Sound Media Handler
07-12 19:41:06.086 12363 12708 I mobile-ffmpeg: 
07-12 19:41:06.089 12363 12708 I mobile-ffmpeg: [segment @ 0x8f25b800] Opening '/storage/emulated/0/Movies/segment/20200312_193928/20200312_193928!000.mp4' for writing
07-12 19:41:06.090 12363 12708 I mobile-ffmpeg: Output #0, segment, to '/storage/emulated/0/Movies/segment/20200312_193928/20200312_193928!%03d.mp4':
07-12 19:41:06.090 12363 12708 I mobile-ffmpeg:   Metadata:
07-12 19:41:06.091 12363 12708 I mobile-ffmpeg:     compatible_brands: 
07-12 19:41:06.091 12363 12708 I mobile-ffmpeg: mp42mp42
07-12 19:41:06.091 12363 12708 I mobile-ffmpeg: 
07-12 19:41:06.091 12363 12708 I mobile-ffmpeg:     major_brand     : 
07-12 19:41:06.091 12363 12708 I mobile-ffmpeg: mp42
07-12 19:41:06.092 12363 12708 I mobile-ffmpeg: 
07-12 19:41:06.092 12363 12708 I mobile-ffmpeg:     minor_version   : 
07-12 19:41:06.093 12363 12708 I mobile-ffmpeg: 1
07-12 19:41:06.093 12363 12708 I mobile-ffmpeg: 
07-12 19:41:06.093 12363 12708 I mobile-ffmpeg:     encoder         : 
07-12 19:41:06.093 12363 12708 I mobile-ffmpeg: Lavf58.42.100
07-12 19:41:06.094 12363 12708 I mobile-ffmpeg: 
07-12 19:41:06.094 12363 12708 I mobile-ffmpeg:     Stream #0:0
07-12 19:41:06.094 12363 12708 I mobile-ffmpeg: (eng)
07-12 19:41:06.094 12363 12708 I mobile-ffmpeg: : Video: h264 (avc1 / 0x31637661), yuvj420p(pc, bt709), 1280x720, q=2-31, 8355 kb/s
07-12 19:41:06.094 12363 12708 I mobile-ffmpeg: , 
07-12 19:41:06.094 12363 12708 I mobile-ffmpeg: 28.73 fps, 
07-12 19:41:06.095 12363 12708 I mobile-ffmpeg: 29.97 tbr, 
07-12 19:41:06.095 12363 12708 I mobile-ffmpeg: 16k tbn, 
07-12 19:41:06.095 12363 12708 I mobile-ffmpeg: 1k tbc
07-12 19:41:06.095 12363 12708 I mobile-ffmpeg:  (default)
07-12 19:41:06.095 12363 12708 I mobile-ffmpeg: 
07-12 19:41:06.095 12363 12708 I mobile-ffmpeg:     Metadata:
07-12 19:41:06.096 12363 12708 I mobile-ffmpeg:       creation_time   : 
07-12 19:41:06.096 12363 12708 I mobile-ffmpeg: 2020-03-12T08:40:29.000000Z
07-12 19:41:06.096 12363 12708 I mobile-ffmpeg: 
07-12 19:41:06.097 12363 12708 I mobile-ffmpeg:       handler_name    : 
07-12 19:41:06.097 12363 12708 I mobile-ffmpeg: PittaSoft Video Media Handler
07-12 19:41:06.097 12363 12708 I mobile-ffmpeg: 
07-12 19:41:06.097 12363 12708 I mobile-ffmpeg:     Stream #0:1
07-12 19:41:06.097 12363 12708 I mobile-ffmpeg: (eng)
07-12 19:41:06.097 12363 12708 I mobile-ffmpeg: : Audio: aac (mp4a / 0x6134706D), 16000 Hz, stereo, fltp, 47 kb/s
07-12 19:41:06.097 12363 12708 I mobile-ffmpeg:  (default)
07-12 19:41:06.098 12363 12708 I mobile-ffmpeg: 
07-12 19:41:06.098 12363 12708 I mobile-ffmpeg:     Metadata:
07-12 19:41:06.098 12363 12708 I mobile-ffmpeg:       creation_time   : 
07-12 19:41:06.098 12363 12708 I mobile-ffmpeg: 2020-03-12T08:40:29.000000Z
07-12 19:41:06.098 12363 12708 I mobile-ffmpeg: 
07-12 19:41:06.098 12363 12708 I mobile-ffmpeg:       handler_name    : 
07-12 19:41:06.098 12363 12708 I mobile-ffmpeg: PittaSoft Sound Media Handler
07-12 19:41:06.098 12363 12708 I mobile-ffmpeg: 
07-12 19:41:06.098 12363 12708 I mobile-ffmpeg: Stream mapping:
07-12 19:41:06.098 12363 12708 I mobile-ffmpeg:   Stream #0:0 -> #0:0
07-12 19:41:06.099 12363 12708 I mobile-ffmpeg:  (copy)
07-12 19:41:06.099 12363 12708 I mobile-ffmpeg: 
07-12 19:41:06.099 12363 12708 I mobile-ffmpeg:   Stream #0:1 -> #0:1
07-12 19:41:06.099 12363 12708 I mobile-ffmpeg:  (copy)
07-12 19:41:06.099 12363 12708 I mobile-ffmpeg: 
07-12 19:41:06.099 12363 12708 I mobile-ffmpeg: Press [q] to stop, [?] for help
07-12 19:41:06.100 12363 12708 I mobile-ffmpeg: frame=    1 fps=0.0 q=-1.0 size=N/A time=00:00:00.00 bitrate=N/A speed=31.5x    
07-12 19:41:06.291 12363 12708 I mobile-ffmpeg: [segment @ 0x8f25b800] Opening '/storage/emulated/0/Movies/segment/20200312_193928/20200312_193928!001.mp4' for writing
07-12 19:41:07.202 12363 12708 I mobile-ffmpeg: [segment @ 0x8f25b800] Opening '/storage/emulated/0/Movies/segment/20200312_193928/20200312_193928!002.mp4' for writing
07-12 19:41:07.203 12363 12708 I mobile-ffmpeg: frame=  913 fps=828 q=-1.0 size=N/A time=00:00:32.96 bitrate=N/A speed=29.9x    
07-12 19:41:07.370 12363 12708 I mobile-ffmpeg: [segment @ 0x8f25b800] Opening '/storage/emulated/0/Movies/segment/20200312_193928/20200312_193928!003.mp4' for writing
07-12 19:41:07.882 12363 12708 I mobile-ffmpeg: frame= 1750 fps=982 q=-1.0 Lsize=N/A time=00:01:00.88 bitrate=N/A speed=34.2x    
07-12 19:41:07.882 12363 12708 I mobile-ffmpeg: video:62106kB audio:350kB subtitle:0kB other streams:0kB global headers:0kB muxing overhead: 
07-12 19:41:07.882 12363 12708 I mobile-ffmpeg: unknown
07-12 19:41:07.882 12363 12708 I mobile-ffmpeg: 
07-12 19:41:07.885 12363 12654 V FileManager: External storage is readable
07-12 19:41:07.886 12363 12654 V FileManager: Directory already exists: /storage/emulated/0/Movies/segment/20200312_193928
07-12 19:41:07.886 12363 12654 V VideoManager: Retrieving videos from /storage/emulated/0/Movies/segment/20200312_193928
07-12 19:41:07.888 12363 12654 V VideoManager: Retrieving video from /storage/emulated/0/Movies/segment/20200312_193928/20200312_193928!000.mp4
07-12 19:41:08.027 12363 12654 V VideoManager: videoFromCursor
07-12 19:41:08.029 12363 12654 V VideoManager: Retrieving video from /storage/emulated/0/Movies/segment/20200312_193928/20200312_193928!001.mp4
07-12 19:41:08.034 12363 12654 V VideoManager: videoFromCursor
07-12 19:41:08.035 12363 12654 V VideoManager: Retrieving video from /storage/emulated/0/Movies/segment/20200312_193928/20200312_193928!002.mp4
07-12 19:41:08.040 12363 12654 V VideoManager: videoFromCursor
07-12 19:41:08.042 12363 12654 V VideoManager: Retrieving video from /storage/emulated/0/Movies/segment/20200312_193928/20200312_193928!003.mp4
07-12 19:41:08.046 12363 12654 V VideoManager: videoFromCursor
07-12 19:41:08.049 12363 12654 V NearbyFragment: nextTransfer with selected algorithm: best_or_local
07-12 19:41:08.050 12363 12654 W NearbyFragment: Sending 20200312_193928!000.mp4 to Galaxy S8 [2802]
07-12 19:41:08.064 12363 12363 V NearbyFragment: Transfer to Endpoint{id=Hqzs, name=Galaxy S8 [2802]} complete
07-12 19:41:09.055 12363 12654 V DownloadTestVideosTask: Starting DownloadTestVideosTask
07-12 19:41:09.058 12363 12654 V DashDownloadManager: Started downloading: 20200312_194129.mp4
07-12 19:41:11.939 12363 12363 V NearbyFragment: Transfer to Endpoint{id=Hqzs, name=Galaxy S8 [2802]} complete
07-12 19:41:12.169 12363 12363 D NearbyFragment: onPayloadReceived(endpointId=Hqzs, payload=com.google.android.gms.nearby.connection.Payload@aaf5cc8)
07-12 19:41:12.169 12363 12363 D NearbyFragment: Endpoint{id=Hqzs, name=Galaxy S8 [2802]} has finished downloading 20200312_193928!000.mp4
07-12 19:41:12.170 12363 12363 V NearbyFragment: nextTransfer with selected algorithm: best_or_local
07-12 19:41:12.171 12363 12363 W NearbyFragment: Sending 20200312_193928!001.mp4 to Shark 1S [34d8]
07-12 19:41:12.186 12363 12363 V NearbyFragment: Transfer to Endpoint{id=a6Kd, name=Shark 1S [34d8]} complete
07-12 19:41:12.215 12363 12363 V NearbyFragment: Transfer to Endpoint{id=Hqzs, name=Galaxy S8 [2802]} complete
07-12 19:41:14.527 12363 12363 D NearbyFragment: onPayloadReceived(endpointId=Hqzs, payload=com.google.android.gms.nearby.connection.Payload@acba147)
07-12 19:41:14.527 12363 12363 D NearbyFragment: 20200312_193928!000.mp4 from Endpoint{id=Hqzs, name=Galaxy S8 [2802]} contained no activity
07-12 19:41:14.527 12363 12363 V NearbyFragment: Received a segment of 20200312_193928
07-12 19:41:14.528 12363 12363 V NearbyFragment: nextTransfer with selected algorithm: best_or_local
07-12 19:41:14.529 12363 12363 W NearbyFragment: Sending 20200312_193928!002.mp4 to Galaxy S8 [2802]
07-12 19:41:14.542 12363 12363 V NearbyFragment: Transfer to Endpoint{id=Hqzs, name=Galaxy S8 [2802]} complete
07-12 19:41:14.544 12363 12363 V NearbyFragment: Transfer to Endpoint{id=Hqzs, name=Galaxy S8 [2802]} complete
07-12 19:41:17.038 12363 12363 V NearbyFragment: Transfer to Endpoint{id=a6Kd, name=Shark 1S [34d8]} complete
07-12 19:41:17.138 12363 12363 D NearbyFragment: onPayloadReceived(endpointId=a6Kd, payload=com.google.android.gms.nearby.connection.Payload@3185312)
07-12 19:41:17.138 12363 12363 D NearbyFragment: Endpoint{id=a6Kd, name=Shark 1S [34d8]} has finished downloading 20200312_193928!001.mp4
07-12 19:41:17.139 12363 12363 V NearbyFragment: nextTransfer with selected algorithm: best_or_local
07-12 19:41:17.140 12363 12363 W NearbyFragment: Sending 20200312_193928!003.mp4 to Shark 1S [9c8f]
07-12 19:41:17.154 12363 12363 V NearbyFragment: Transfer to Endpoint{id=b1P0, name=Shark 1S [9c8f]} complete
07-12 19:41:17.183 12363 12363 V NearbyFragment: Transfer to Endpoint{id=a6Kd, name=Shark 1S [34d8]} complete
07-12 19:41:20.422 12363 12363 D NearbyFragment: onPayloadReceived(endpointId=a6Kd, payload=com.google.android.gms.nearby.connection.Payload@4021b99)
07-12 19:41:20.422 12363 12363 D NearbyFragment: 20200312_193928!001.mp4 from Endpoint{id=a6Kd, name=Shark 1S [34d8]} contained no activity
07-12 19:41:20.422 12363 12363 V NearbyFragment: Received a segment of 20200312_193928
07-12 19:41:20.423 12363 12363 I NearbyFragment: Transfer queue is empty
07-12 19:41:20.449 12363 12363 V NearbyFragment: Transfer to Endpoint{id=a6Kd, name=Shark 1S [34d8]} complete
07-12 19:41:21.487 12363 12363 V NearbyFragment: Transfer to Endpoint{id=Hqzs, name=Galaxy S8 [2802]} complete
07-12 19:41:21.849 12363 12363 D NearbyFragment: onPayloadReceived(endpointId=Hqzs, payload=com.google.android.gms.nearby.connection.Payload@aa48e5e)
07-12 19:41:21.849 12363 12363 D NearbyFragment: Endpoint{id=Hqzs, name=Galaxy S8 [2802]} has finished downloading 20200312_193928!002.mp4
07-12 19:41:21.850 12363 12363 I NearbyFragment: Transfer queue is empty
07-12 19:41:21.900 12363 12363 V NearbyFragment: Transfer to Endpoint{id=Hqzs, name=Galaxy S8 [2802]} complete
07-12 19:41:24.152 12363 12363 D NearbyFragment: onPayloadReceived(endpointId=Hqzs, payload=com.google.android.gms.nearby.connection.Payload@625723f)
07-12 19:41:24.152 12363 12363 D NearbyFragment: 20200312_193928!002.mp4 from Endpoint{id=Hqzs, name=Galaxy S8 [2802]} contained no activity
07-12 19:41:24.152 12363 12363 V NearbyFragment: Received a segment of 20200312_193928
07-12 19:41:24.153 12363 12363 I NearbyFragment: Transfer queue is empty
07-12 19:41:24.163 12363 12363 V NearbyFragment: Transfer to Endpoint{id=Hqzs, name=Galaxy S8 [2802]} complete
07-12 19:41:27.276 12363 12363 V NearbyFragment: Transfer to Endpoint{id=b1P0, name=Shark 1S [9c8f]} complete
07-12 19:41:27.443 12363 12363 D NearbyFragment: onPayloadReceived(endpointId=b1P0, payload=com.google.android.gms.nearby.connection.Payload@27b070c)
07-12 19:41:27.443 12363 12363 D NearbyFragment: Endpoint{id=b1P0, name=Shark 1S [9c8f]} has finished downloading 20200312_193928!003.mp4
07-12 19:41:27.444 12363 12363 I NearbyFragment: Transfer queue is empty
07-12 19:41:27.486 12363 12363 V NearbyFragment: Transfer to Endpoint{id=b1P0, name=Shark 1S [9c8f]} complete
07-12 19:41:29.871 12363 12363 D NearbyFragment: onPayloadReceived(endpointId=b1P0, payload=com.google.android.gms.nearby.connection.Payload@9cfd855)
07-12 19:41:29.871 12363 12363 D NearbyFragment: 20200312_193928!003.mp4 from Endpoint{id=b1P0, name=Shark 1S [9c8f]} contained no activity
07-12 19:41:29.871 12363 12363 D NearbyFragment: Received all summarised video segments of 20200312_193928
07-12 19:41:29.875 12363 12363 V FileManager: External storage is readable
07-12 19:41:29.876 12363 12363 V FileManager: Created new directory: /storage/emulated/0/Movies/segment-sum/20200312_193928
07-12 19:41:29.877 12363 12363 D FfmpegTools: Merging /storage/emulated/0/Movies/summarised/20200312_193928.mp4
07-12 19:41:29.877 12363 12363 D FfmpegTools: No split videos to merge
07-12 19:41:29.877 12363 12363 V RawFootageEventHandler: removeByName
07-12 19:41:29.878 12363 12363 V ProcessingVideosEventHandler: removeByName
07-12 19:41:29.878 12363 12363 V NearbyFragment: Removing video segment map for 20200312_193928
07-12 19:41:29.878 12363 12363 I NearbyFragment: Transfer queue is empty
07-12 19:41:29.982 12363 12363 V NearbyFragment: Transfer to Endpoint{id=b1P0, name=Shark 1S [9c8f]} complete
07-12 19:41:37.566 12363 12654 V VideoManager: Retrieving video from /storage/emulated/0/Movies/raw/20200312_194129.mp4
07-12 19:41:37.572 12363 12654 D VideoManager: videoCursor is null
07-12 19:41:37.619 12363 12654 V VideoManager: videoFromCursor
07-12 19:41:37.621 12363 12654 W DashDownloadManager: Successfully downloaded 20200312_194129.mp4 in 28.507s
07-12 19:41:37.622 12363 12654 V DownloadTestVideosTask: Entering callback for download completion of 20200312_194129.mp4
07-12 19:41:37.622 12363 12654 V RawFootageEventHandler: onAdd
07-12 19:41:37.626 12363 12654 V FfmpegTools: Retrieving duration of /storage/emulated/0/Movies/raw/20200312_194129.mp4
07-12 19:41:37.646 12363 12708 W mobile-ffmpeg: [mov,mp4,m4a,3gp,3g2,mj2 @ 0x8f25a600] Found duplicated MOOV Atom. Skipped it
07-12 19:41:37.690 12363 12708 I mobile-ffmpeg: Input #0, mov,mp4,m4a,3gp,3g2,mj2, from '/storage/emulated/0/Movies/raw/20200312_194129.mp4':
07-12 19:41:37.691 12363 12708 I mobile-ffmpeg:   Metadata:
07-12 19:41:37.691 12363 12708 I mobile-ffmpeg:     creation_time   : 
07-12 19:41:37.692 12363 12708 I mobile-ffmpeg: 2020-03-12T08:42:29.000000Z
07-12 19:41:37.692 12363 12708 I mobile-ffmpeg: 
07-12 19:41:37.693 12363 12708 I mobile-ffmpeg:     major_brand     : 
07-12 19:41:37.693 12363 12708 I mobile-ffmpeg: mp42
07-12 19:41:37.694 12363 12708 I mobile-ffmpeg: 
07-12 19:41:37.694 12363 12708 I mobile-ffmpeg:     minor_version   : 
07-12 19:41:37.695 12363 12708 I mobile-ffmpeg: 1
07-12 19:41:37.695 12363 12708 I mobile-ffmpeg: 
07-12 19:41:37.696 12363 12708 I mobile-ffmpeg:     compatible_brands: 
07-12 19:41:37.696 12363 12708 I mobile-ffmpeg: mp42mp42
07-12 19:41:37.696 12363 12708 I mobile-ffmpeg: 
07-12 19:41:37.696 12363 12708 I mobile-ffmpeg:   Duration: 
07-12 19:41:37.697 12363 12708 I mobile-ffmpeg: 00:01:00.02
07-12 19:41:37.697 12363 12708 I mobile-ffmpeg: , start: 
07-12 19:41:37.697 12363 12708 I mobile-ffmpeg: 0.000000
07-12 19:41:37.697 12363 12708 I mobile-ffmpeg: , bitrate: 
07-12 19:41:37.697 12363 12708 I mobile-ffmpeg: 9328 kb/s
07-12 19:41:37.697 12363 12708 I mobile-ffmpeg: 
07-12 19:41:37.700 12363 12708 I mobile-ffmpeg:     Stream #0:0
07-12 19:41:37.700 12363 12708 I mobile-ffmpeg: (eng)
07-12 19:41:37.700 12363 12708 I mobile-ffmpeg: : Video: h264 (avc1 / 0x31637661), yuvj420p(pc, bt709), 1280x720, 8370 kb/s
07-12 19:41:37.714 12363 12708 I mobile-ffmpeg: , 
07-12 19:41:37.714 12363 12708 I mobile-ffmpeg: 29.97 fps, 
07-12 19:41:37.714 12363 12708 I mobile-ffmpeg: 29.97 tbr, 
07-12 19:41:37.714 12363 12708 I mobile-ffmpeg: 1k tbn, 
07-12 19:41:37.714 12363 12708 I mobile-ffmpeg: 2k tbc
07-12 19:41:37.714 12363 12708 I mobile-ffmpeg:  (default)
07-12 19:41:37.714 12363 12708 I mobile-ffmpeg: 
07-12 19:41:37.714 12363 12708 I mobile-ffmpeg:     Metadata:
07-12 19:41:37.714 12363 12708 I mobile-ffmpeg:       creation_time   : 
07-12 19:41:37.714 12363 12708 I mobile-ffmpeg: 2020-03-12T08:42:29.000000Z
07-12 19:41:37.714 12363 12708 I mobile-ffmpeg: 
07-12 19:41:37.714 12363 12708 I mobile-ffmpeg:       handler_name    : 
07-12 19:41:37.714 12363 12708 I mobile-ffmpeg: PittaSoft Video Media Handler
07-12 19:41:37.714 12363 12708 I mobile-ffmpeg: 
07-12 19:41:37.714 12363 12708 I mobile-ffmpeg:     Stream #0:1
07-12 19:41:37.714 12363 12708 I mobile-ffmpeg: (eng)
07-12 19:41:37.715 12363 12708 I mobile-ffmpeg: : Audio: aac (mp4a / 0x6134706D), 16000 Hz, stereo, fltp, 47 kb/s
07-12 19:41:37.715 12363 12708 I mobile-ffmpeg:  (default)
07-12 19:41:37.715 12363 12708 I mobile-ffmpeg: 
07-12 19:41:37.715 12363 12708 I mobile-ffmpeg:     Metadata:
07-12 19:41:37.715 12363 12708 I mobile-ffmpeg:       creation_time   : 
07-12 19:41:37.715 12363 12708 I mobile-ffmpeg: 2020-03-12T08:42:29.000000Z
07-12 19:41:37.715 12363 12708 I mobile-ffmpeg: 
07-12 19:41:37.715 12363 12708 I mobile-ffmpeg:       handler_name    : 
07-12 19:41:37.715 12363 12708 I mobile-ffmpeg: PittaSoft Sound Media Handler
07-12 19:41:37.715 12363 12708 I mobile-ffmpeg: 
07-12 19:41:37.749 12363 12654 V FileManager: External storage is readable
07-12 19:41:37.749 12363 12654 V FileManager: Created new directory: /storage/emulated/0/Movies/segment/20200312_194129
07-12 19:41:37.750 12363 12654 V FfmpegTools: Splitting /storage/emulated/0/Movies/raw/20200312_194129.mp4 with 16s long segments
07-12 19:41:37.751 12363 12654 I FfmpegTools: Running ffmpeg with:
07-12 19:41:37.751 12363 12654 I FfmpegTools:   -y -i /storage/emulated/0/Movies/raw/20200312_194129.mp4 -map 0 -c copy -f segment -reset_timestamps 1 -segment_time 16 /storage/emulated/0/Movies/segment/20200312_194129/20200312_194129!%03d.mp4
07-12 19:41:37.769 12363 12708 W mobile-ffmpeg: [mov,mp4,m4a,3gp,3g2,mj2 @ 0x93eaa800] Found duplicated MOOV Atom. Skipped it
07-12 19:41:37.828 12363 12374 I zygote  : Background concurrent copying GC freed 92778(2MB) AllocSpace objects, 0(0B) LOS objects, 49% free, 2MB/5MB, paused 94us total 111.733ms
07-12 19:41:37.831 12363 12708 I mobile-ffmpeg: Input #0, mov,mp4,m4a,3gp,3g2,mj2, from '/storage/emulated/0/Movies/raw/20200312_194129.mp4':
07-12 19:41:37.831 12363 12708 I mobile-ffmpeg:   Metadata:
07-12 19:41:37.832 12363 12708 I mobile-ffmpeg:     creation_time   : 
07-12 19:41:37.832 12363 12708 I mobile-ffmpeg: 2020-03-12T08:42:29.000000Z
07-12 19:41:37.832 12363 12708 I mobile-ffmpeg: 
07-12 19:41:37.833 12363 12708 I mobile-ffmpeg:     major_brand     : 
07-12 19:41:37.833 12363 12708 I mobile-ffmpeg: mp42
07-12 19:41:37.834 12363 12708 I mobile-ffmpeg: 
07-12 19:41:37.835 12363 12708 I mobile-ffmpeg:     minor_version   : 
07-12 19:41:37.836 12363 12708 I mobile-ffmpeg: 1
07-12 19:41:37.836 12363 12708 I mobile-ffmpeg: 
07-12 19:41:37.836 12363 12708 I mobile-ffmpeg:     compatible_brands: 
07-12 19:41:37.837 12363 12708 I mobile-ffmpeg: mp42mp42
07-12 19:41:37.837 12363 12708 I mobile-ffmpeg: 
07-12 19:41:37.837 12363 12708 I mobile-ffmpeg:   Duration: 
07-12 19:41:37.837 12363 12708 I mobile-ffmpeg: 00:01:00.02
07-12 19:41:37.837 12363 12708 I mobile-ffmpeg: , start: 
07-12 19:41:37.838 12363 12708 I mobile-ffmpeg: 0.000000
07-12 19:41:37.838 12363 12708 I mobile-ffmpeg: , bitrate: 
07-12 19:41:37.838 12363 12708 I mobile-ffmpeg: 9328 kb/s
07-12 19:41:37.838 12363 12708 I mobile-ffmpeg: 
07-12 19:41:37.838 12363 12708 I mobile-ffmpeg:     Stream #0:0
07-12 19:41:37.838 12363 12708 I mobile-ffmpeg: (eng)
07-12 19:41:37.839 12363 12708 I mobile-ffmpeg: : Video: h264 (avc1 / 0x31637661), yuvj420p(pc, bt709), 1280x720, 8370 kb/s
07-12 19:41:37.839 12363 12708 I mobile-ffmpeg: , 
07-12 19:41:37.839 12363 12708 I mobile-ffmpeg: 29.97 fps, 
07-12 19:41:37.839 12363 12708 I mobile-ffmpeg: 29.97 tbr, 
07-12 19:41:37.839 12363 12708 I mobile-ffmpeg: 1k tbn, 
07-12 19:41:37.839 12363 12708 I mobile-ffmpeg: 2k tbc
07-12 19:41:37.839 12363 12708 I mobile-ffmpeg:  (default)
07-12 19:41:37.839 12363 12708 I mobile-ffmpeg: 
07-12 19:41:37.840 12363 12708 I mobile-ffmpeg:     Metadata:
07-12 19:41:37.840 12363 12708 I mobile-ffmpeg:       creation_time   : 
07-12 19:41:37.840 12363 12708 I mobile-ffmpeg: 2020-03-12T08:42:29.000000Z
07-12 19:41:37.840 12363 12708 I mobile-ffmpeg: 
07-12 19:41:37.840 12363 12708 I mobile-ffmpeg:       handler_name    : 
07-12 19:41:37.840 12363 12708 I mobile-ffmpeg: PittaSoft Video Media Handler
07-12 19:41:37.840 12363 12708 I mobile-ffmpeg: 
07-12 19:41:37.840 12363 12708 I mobile-ffmpeg:     Stream #0:1
07-12 19:41:37.840 12363 12708 I mobile-ffmpeg: (eng)
07-12 19:41:37.841 12363 12708 I mobile-ffmpeg: : Audio: aac (mp4a / 0x6134706D), 16000 Hz, stereo, fltp, 47 kb/s
07-12 19:41:37.841 12363 12708 I mobile-ffmpeg:  (default)
07-12 19:41:37.841 12363 12708 I mobile-ffmpeg: 
07-12 19:41:37.841 12363 12708 I mobile-ffmpeg:     Metadata:
07-12 19:41:37.841 12363 12708 I mobile-ffmpeg:       creation_time   : 
07-12 19:41:37.841 12363 12708 I mobile-ffmpeg: 2020-03-12T08:42:29.000000Z
07-12 19:41:37.841 12363 12708 I mobile-ffmpeg: 
07-12 19:41:37.841 12363 12708 I mobile-ffmpeg:       handler_name    : 
07-12 19:41:37.841 12363 12708 I mobile-ffmpeg: PittaSoft Sound Media Handler
07-12 19:41:37.841 12363 12708 I mobile-ffmpeg: 
07-12 19:41:37.846 12363 12708 I mobile-ffmpeg: [segment @ 0x93eaba00] Opening '/storage/emulated/0/Movies/segment/20200312_194129/20200312_194129!000.mp4' for writing
07-12 19:41:37.847 12363 12708 I mobile-ffmpeg: Output #0, segment, to '/storage/emulated/0/Movies/segment/20200312_194129/20200312_194129!%03d.mp4':
07-12 19:41:37.847 12363 12708 I mobile-ffmpeg:   Metadata:
07-12 19:41:37.847 12363 12708 I mobile-ffmpeg:     compatible_brands: 
07-12 19:41:37.847 12363 12708 I mobile-ffmpeg: mp42mp42
07-12 19:41:37.847 12363 12708 I mobile-ffmpeg: 
07-12 19:41:37.847 12363 12708 I mobile-ffmpeg:     major_brand     : 
07-12 19:41:37.847 12363 12708 I mobile-ffmpeg: mp42
07-12 19:41:37.848 12363 12708 I mobile-ffmpeg: 
07-12 19:41:37.848 12363 12708 I mobile-ffmpeg:     minor_version   : 
07-12 19:41:37.848 12363 12708 I mobile-ffmpeg: 1
07-12 19:41:37.848 12363 12708 I mobile-ffmpeg: 
07-12 19:41:37.848 12363 12708 I mobile-ffmpeg:     encoder         : 
07-12 19:41:37.848 12363 12708 I mobile-ffmpeg: Lavf58.42.100
07-12 19:41:37.848 12363 12708 I mobile-ffmpeg: 
07-12 19:41:37.848 12363 12708 I mobile-ffmpeg:     Stream #0:0
07-12 19:41:37.849 12363 12708 I mobile-ffmpeg: (eng)
07-12 19:41:37.849 12363 12708 I mobile-ffmpeg: : Video: h264 (avc1 / 0x31637661), yuvj420p(pc, bt709), 1280x720, q=2-31, 8370 kb/s
07-12 19:41:37.849 12363 12708 I mobile-ffmpeg: , 
07-12 19:41:37.849 12363 12708 I mobile-ffmpeg: 29.97 fps, 
07-12 19:41:37.849 12363 12708 I mobile-ffmpeg: 29.97 tbr, 
07-12 19:41:37.849 12363 12708 I mobile-ffmpeg: 16k tbn, 
07-12 19:41:37.849 12363 12708 I mobile-ffmpeg: 1k tbc
07-12 19:41:37.849 12363 12708 I mobile-ffmpeg:  (default)
07-12 19:41:37.849 12363 12708 I mobile-ffmpeg: 
07-12 19:41:37.850 12363 12708 I mobile-ffmpeg:     Metadata:
07-12 19:41:37.850 12363 12708 I mobile-ffmpeg:       creation_time   : 
07-12 19:41:37.850 12363 12708 I mobile-ffmpeg: 2020-03-12T08:42:29.000000Z
07-12 19:41:37.850 12363 12708 I mobile-ffmpeg: 
07-12 19:41:37.850 12363 12708 I mobile-ffmpeg:       handler_name    : 
07-12 19:41:37.850 12363 12708 I mobile-ffmpeg: PittaSoft Video Media Handler
07-12 19:41:37.850 12363 12708 I mobile-ffmpeg: 
07-12 19:41:37.850 12363 12708 I mobile-ffmpeg:     Stream #0:1
07-12 19:41:37.850 12363 12708 I mobile-ffmpeg: (eng)
07-12 19:41:37.851 12363 12708 I mobile-ffmpeg: : Audio: aac (mp4a / 0x6134706D), 16000 Hz, stereo, fltp, 47 kb/s
07-12 19:41:37.851 12363 12708 I mobile-ffmpeg:  (default)
07-12 19:41:37.851 12363 12708 I mobile-ffmpeg: 
07-12 19:41:37.851 12363 12708 I mobile-ffmpeg:     Metadata:
07-12 19:41:37.851 12363 12708 I mobile-ffmpeg:       creation_time   : 
07-12 19:41:37.851 12363 12708 I mobile-ffmpeg: 2020-03-12T08:42:29.000000Z
07-12 19:41:37.851 12363 12708 I mobile-ffmpeg: 
07-12 19:41:37.851 12363 12708 I mobile-ffmpeg:       handler_name    : 
07-12 19:41:37.851 12363 12708 I mobile-ffmpeg: PittaSoft Sound Media Handler
07-12 19:41:37.851 12363 12708 I mobile-ffmpeg: 
07-12 19:41:37.852 12363 12708 I mobile-ffmpeg: Stream mapping:
07-12 19:41:37.852 12363 12708 I mobile-ffmpeg:   Stream #0:0 -> #0:0
07-12 19:41:37.852 12363 12708 I mobile-ffmpeg:  (copy)
07-12 19:41:37.852 12363 12708 I mobile-ffmpeg: 
07-12 19:41:37.852 12363 12708 I mobile-ffmpeg:   Stream #0:1 -> #0:1
07-12 19:41:37.852 12363 12708 I mobile-ffmpeg:  (copy)
07-12 19:41:37.852 12363 12708 I mobile-ffmpeg: 
07-12 19:41:37.852 12363 12708 I mobile-ffmpeg: Press [q] to stop, [?] for help
07-12 19:41:37.853 12363 12708 I mobile-ffmpeg: frame=    1 fps=0.0 q=-1.0 size=N/A time=00:00:00.00 bitrate=N/A speed=31.5x    
07-12 19:41:38.059 12363 12708 I mobile-ffmpeg: [segment @ 0x93eaba00] Opening '/storage/emulated/0/Movies/segment/20200312_194129/20200312_194129!001.mp4' for writing
07-12 19:41:38.239 12363 12708 I mobile-ffmpeg: [segment @ 0x93eaba00] Opening '/storage/emulated/0/Movies/segment/20200312_194129/20200312_194129!002.mp4' for writing
07-12 19:41:38.354 12363 12708 I mobile-ffmpeg: frame= 1188 fps=0.0 q=-1.0 size=N/A time=00:00:39.60 bitrate=N/A speed=79.1x    
07-12 19:41:39.125 12363 12708 I mobile-ffmpeg: [segment @ 0x93eaba00] Opening '/storage/emulated/0/Movies/segment/20200312_194129/20200312_194129!003.mp4' for writing
07-12 19:41:39.125 12363 12708 I mobile-ffmpeg: frame= 1443 fps=1136 q=-1.0 size=N/A time=00:00:48.11 bitrate=N/A speed=37.9x    
07-12 19:41:39.251 12363 12708 I mobile-ffmpeg: frame= 1800 fps=1287 q=-1.0 Lsize=N/A time=00:01:00.03 bitrate=N/A speed=42.9x    
07-12 19:41:39.251 12363 12708 I mobile-ffmpeg: video:61330kB audio:346kB subtitle:0kB other streams:0kB global headers:0kB muxing overhead: 
07-12 19:41:39.251 12363 12708 I mobile-ffmpeg: unknown
07-12 19:41:39.251 12363 12708 I mobile-ffmpeg: 
07-12 19:41:39.255 12363 12654 V FileManager: External storage is readable
07-12 19:41:39.255 12363 12654 V FileManager: Directory already exists: /storage/emulated/0/Movies/segment/20200312_194129
07-12 19:41:39.255 12363 12654 V VideoManager: Retrieving videos from /storage/emulated/0/Movies/segment/20200312_194129
07-12 19:41:39.258 12363 12654 V VideoManager: Retrieving video from /storage/emulated/0/Movies/segment/20200312_194129/20200312_194129!000.mp4
07-12 19:41:39.286 12363 12654 V VideoManager: videoFromCursor
07-12 19:41:39.288 12363 12654 V VideoManager: Retrieving video from /storage/emulated/0/Movies/segment/20200312_194129/20200312_194129!001.mp4
07-12 19:41:39.295 12363 12654 V VideoManager: videoFromCursor
07-12 19:41:39.297 12363 12654 V VideoManager: Retrieving video from /storage/emulated/0/Movies/segment/20200312_194129/20200312_194129!002.mp4
07-12 19:41:39.304 12363 12654 V VideoManager: videoFromCursor
07-12 19:41:39.306 12363 12654 V VideoManager: Retrieving video from /storage/emulated/0/Movies/segment/20200312_194129/20200312_194129!003.mp4
07-12 19:41:39.313 12363 12654 V VideoManager: videoFromCursor
07-12 19:41:39.317 12363 12654 V NearbyFragment: nextTransfer with selected algorithm: best_or_local
07-12 19:41:39.319 12363 12654 W NearbyFragment: Sending 20200312_194129!000.mp4 to Galaxy S8 [2802]
07-12 19:41:39.332 12363 12363 V NearbyFragment: Transfer to Endpoint{id=Hqzs, name=Galaxy S8 [2802]} complete
07-12 19:41:40.322 12363 12654 V DownloadTestVideosTask: Starting DownloadTestVideosTask
07-12 19:41:40.325 12363 12654 V DashDownloadManager: Started downloading: 20200312_194229.mp4
07-12 19:41:43.342 12363 12363 V NearbyFragment: Transfer to Endpoint{id=Hqzs, name=Galaxy S8 [2802]} complete
07-12 19:41:43.454 12363 12363 D NearbyFragment: onPayloadReceived(endpointId=Hqzs, payload=com.google.android.gms.nearby.connection.Payload@7d96a37)
07-12 19:41:43.455 12363 12363 D NearbyFragment: Endpoint{id=Hqzs, name=Galaxy S8 [2802]} has finished downloading 20200312_194129!000.mp4
07-12 19:41:43.455 12363 12363 V NearbyFragment: nextTransfer with selected algorithm: best_or_local
07-12 19:41:43.457 12363 12363 W NearbyFragment: Sending 20200312_194129!001.mp4 to Shark 1S [34d8]
07-12 19:41:43.465 12363 12363 V NearbyFragment: Transfer to Endpoint{id=a6Kd, name=Shark 1S [34d8]} complete
07-12 19:41:43.500 12363 12363 V NearbyFragment: Transfer to Endpoint{id=Hqzs, name=Galaxy S8 [2802]} complete
07-12 19:41:45.895 12363 12363 D NearbyFragment: onPayloadReceived(endpointId=Hqzs, payload=com.google.android.gms.nearby.connection.Payload@a97a4c2)
07-12 19:41:45.895 12363 12363 D NearbyFragment: 20200312_194129!000.mp4 from Endpoint{id=Hqzs, name=Galaxy S8 [2802]} contained no activity
07-12 19:41:45.895 12363 12363 V NearbyFragment: Received a segment of 20200312_194129
07-12 19:41:45.896 12363 12363 V NearbyFragment: nextTransfer with selected algorithm: best_or_local
07-12 19:41:45.897 12363 12363 W NearbyFragment: Sending 20200312_194129!002.mp4 to Galaxy S8 [2802]
07-12 19:41:45.924 12363 12363 V NearbyFragment: Transfer to Endpoint{id=Hqzs, name=Galaxy S8 [2802]} complete
07-12 19:41:46.005 12363 12363 V NearbyFragment: Transfer to Endpoint{id=Hqzs, name=Galaxy S8 [2802]} complete
07-12 19:41:49.648 12363 12363 V NearbyFragment: Transfer to Endpoint{id=a6Kd, name=Shark 1S [34d8]} complete
07-12 19:41:49.808 12363 12363 D NearbyFragment: onPayloadReceived(endpointId=a6Kd, payload=com.google.android.gms.nearby.connection.Payload@3f41d09)
07-12 19:41:49.808 12363 12363 D NearbyFragment: Endpoint{id=a6Kd, name=Shark 1S [34d8]} has finished downloading 20200312_194129!001.mp4
07-12 19:41:49.809 12363 12363 V NearbyFragment: nextTransfer with selected algorithm: best_or_local
07-12 19:41:49.810 12363 12363 W NearbyFragment: Sending 20200312_194129!003.mp4 to Shark 1S [9c8f]
07-12 19:41:49.836 12363 12363 V NearbyFragment: Transfer to Endpoint{id=b1P0, name=Shark 1S [9c8f]} complete
07-12 19:41:49.853 12363 12363 V NearbyFragment: Transfer to Endpoint{id=a6Kd, name=Shark 1S [34d8]} complete
07-12 19:41:53.361 12363 12363 V NearbyFragment: Transfer to Endpoint{id=Hqzs, name=Galaxy S8 [2802]} complete
07-12 19:41:53.411 12363 12363 D NearbyFragment: onPayloadReceived(endpointId=Hqzs, payload=com.google.android.gms.nearby.connection.Payload@5544b3c)
07-12 19:41:53.411 12363 12363 D NearbyFragment: Endpoint{id=Hqzs, name=Galaxy S8 [2802]} has finished downloading 20200312_194129!002.mp4
07-12 19:41:53.412 12363 12363 I NearbyFragment: Transfer queue is empty
07-12 19:41:53.457 12363 12363 V NearbyFragment: Transfer to Endpoint{id=Hqzs, name=Galaxy S8 [2802]} complete
07-12 19:41:58.166 12363 12363 V NearbyFragment: Transfer to Endpoint{id=b1P0, name=Shark 1S [9c8f]} complete
07-12 19:41:58.319 12363 12363 D NearbyFragment: onPayloadReceived(endpointId=b1P0, payload=com.google.android.gms.nearby.connection.Payload@3880c5)
07-12 19:41:58.319 12363 12363 D NearbyFragment: Endpoint{id=b1P0, name=Shark 1S [9c8f]} has finished downloading 20200312_194129!003.mp4
07-12 19:41:58.320 12363 12363 I NearbyFragment: Transfer queue is empty
07-12 19:41:58.343 12363 12363 V NearbyFragment: Transfer to Endpoint{id=b1P0, name=Shark 1S [9c8f]} complete
07-12 19:42:01.995 12363 12363 D NearbyFragment: onPayloadReceived(endpointId=a6Kd, payload=com.google.android.gms.nearby.connection.Payload@ca90a1a)
07-12 19:42:01.996 12363 12363 V NearbyFragment: Started downloading 20200312_194129!001.mp4 from Endpoint{id=a6Kd, name=Shark 1S [34d8]}
07-12 19:42:01.996 12363 12363 I NearbyFragment: Transfer queue is empty
07-12 19:42:02.061 12363 12363 D NearbyFragment: onPayloadReceived(endpointId=a6Kd, payload=com.google.android.gms.nearby.connection.Payload@f29694b)
07-12 19:42:02.268 12363 12363 V NearbyFragment: Transfer to Endpoint{id=a6Kd, name=Shark 1S [34d8]} complete
07-12 19:42:02.475 12363 12363 V NearbyFragment: Transfer to Endpoint{id=a6Kd, name=Shark 1S [34d8]} complete
07-12 19:42:02.476 12363 12363 W NearbyFragment: Completed downloading 20200312_194129!001.mp4 from Endpoint{id=a6Kd, name=Shark 1S [34d8]} in 00.479s
07-12 19:42:02.483 12363 12363 V FileManager: External storage is readable
07-12 19:42:02.484 12363 12363 V FileManager: Created new directory: /storage/emulated/0/Movies/segment-sum/20200312_194129
07-12 19:42:02.528 12363 12363 V NearbyFragment: Received a segment of 20200312_194129
07-12 19:42:02.528 12363 12363 D NearbyFragment: onPayloadReceived(endpointId=b1P0, payload=com.google.android.gms.nearby.connection.Payload@db8df28)
07-12 19:42:02.528 12363 12363 V NearbyFragment: Started downloading 20200312_194129!003.mp4 from Endpoint{id=b1P0, name=Shark 1S [9c8f]}
07-12 19:42:02.529 12363 12363 I NearbyFragment: Transfer queue is empty
07-12 19:42:02.529 12363 12363 V NearbyFragment: Transfer to Endpoint{id=b1P0, name=Shark 1S [9c8f]} complete
07-12 19:42:02.530 12363 12363 D NearbyFragment: onPayloadReceived(endpointId=b1P0, payload=com.google.android.gms.nearby.connection.Payload@ca56441)
07-12 19:42:02.540 12363 12363 V NearbyFragment: Transfer to Endpoint{id=b1P0, name=Shark 1S [9c8f]} complete
07-12 19:42:02.541 12363 12363 W NearbyFragment: Completed downloading 20200312_194129!003.mp4 from Endpoint{id=b1P0, name=Shark 1S [9c8f]} in 00.011s
07-12 19:42:02.545 12363 12363 V FileManager: External storage is readable
07-12 19:42:02.546 12363 12363 V FileManager: Directory already exists: /storage/emulated/0/Movies/segment-sum/20200312_194129
07-12 19:42:02.552 12363 12363 V NearbyFragment: Received a segment of 20200312_194129
07-12 19:42:03.260 12363 12363 D NearbyFragment: onPayloadReceived(endpointId=Hqzs, payload=com.google.android.gms.nearby.connection.Payload@23dade6)
07-12 19:42:03.261 12363 12363 V NearbyFragment: Started downloading 20200312_194129!002.mp4 from Endpoint{id=Hqzs, name=Galaxy S8 [2802]}
07-12 19:42:03.262 12363 12363 I NearbyFragment: Transfer queue is empty
07-12 19:42:03.266 12363 12363 V NearbyFragment: Transfer to Endpoint{id=Hqzs, name=Galaxy S8 [2802]} complete
07-12 19:42:03.368 12363 12363 D NearbyFragment: onPayloadReceived(endpointId=Hqzs, payload=com.google.android.gms.nearby.connection.Payload@5234f27)
07-12 19:42:03.579 12363 12363 V NearbyFragment: Transfer to Endpoint{id=Hqzs, name=Galaxy S8 [2802]} complete
07-12 19:42:03.579 12363 12363 W NearbyFragment: Completed downloading 20200312_194129!002.mp4 from Endpoint{id=Hqzs, name=Galaxy S8 [2802]} in 00.318s
07-12 19:42:03.584 12363 12363 V FileManager: External storage is readable
07-12 19:42:03.584 12363 12363 V FileManager: Directory already exists: /storage/emulated/0/Movies/segment-sum/20200312_194129
07-12 19:42:03.675 12363 12363 D NearbyFragment: Received all summarised video segments of 20200312_194129
07-12 19:42:03.678 12363 12363 V FileManager: External storage is readable
07-12 19:42:03.679 12363 12363 V FileManager: Directory already exists: /storage/emulated/0/Movies/segment-sum/20200312_194129
07-12 19:42:03.680 12363 12363 D FfmpegTools: Merging /storage/emulated/0/Movies/summarised/20200312_194129.mp4
07-12 19:42:03.683 12363 12363 V FileManager: External storage is readable
07-12 19:42:03.683 12363 12363 V FileManager: Directory already exists: /storage/emulated/0/Movies/segment/20200312_194129
07-12 19:42:03.686 12363 12363 I FfmpegTools: Running ffmpeg with:
