07-12 19:37:12.257 12363 12363 D NearbyFragment: onPayloadReceived(endpointId=b1P0, payload=com.google.android.gms.nearby.connection.Payload@2b55c0f)
07-12 19:37:12.257 12363 12363 D NearbyFragment: Endpoint{id=b1P0, name=Shark 1S [9c8f]} has finished downloading 20200312_150844!002.mp4
07-12 19:37:12.258 12363 12363 I NearbyFragment: Transfer queue is empty
07-12 19:37:12.258 12363 12363 V NearbyFragment: Transfer to Endpoint{id=b1P0, name=Shark 1S [9c8f]} complete
07-12 19:37:16.093 12363 12363 D NearbyFragment: onPayloadReceived(endpointId=b1P0, payload=com.google.android.gms.nearby.connection.Payload@bdef49c)
07-12 19:37:16.093 12363 12363 V NearbyFragment: Started downloading 20200312_150844!002.mp4 from Endpoint{id=b1P0, name=Shark 1S [9c8f]}
07-12 19:37:16.094 12363 12363 I NearbyFragment: Transfer queue is empty
07-12 19:37:16.121 12363 12363 V NearbyFragment: Transfer to Endpoint{id=b1P0, name=Shark 1S [9c8f]} complete
07-12 19:37:16.141 12363 12363 V NearbyFragment: Transfer to Endpoint{id=Hqzs, name=Galaxy S8 [2802]} complete
07-12 19:37:16.274 12363 12363 D NearbyFragment: onPayloadReceived(endpointId=Hqzs, payload=com.google.android.gms.nearby.connection.Payload@91ddea5)
07-12 19:37:16.274 12363 12363 D NearbyFragment: Endpoint{id=Hqzs, name=Galaxy S8 [2802]} has finished downloading 20200312_150844!003.mp4
07-12 19:37:16.275 12363 12363 I NearbyFragment: Transfer queue is empty
07-12 19:37:16.324 12363 12363 V NearbyFragment: Transfer to Endpoint{id=Hqzs, name=Galaxy S8 [2802]} complete
07-12 19:37:16.451 12363 12363 D NearbyFragment: onPayloadReceived(endpointId=b1P0, payload=com.google.android.gms.nearby.connection.Payload@42c427a)
07-12 19:37:18.550 12363 12363 D NearbyFragment: onPayloadReceived(endpointId=Hqzs, payload=com.google.android.gms.nearby.connection.Payload@775aa2b)
07-12 19:37:18.550 12363 12363 V NearbyFragment: Started downloading 20200312_150844!003.mp4 from Endpoint{id=Hqzs, name=Galaxy S8 [2802]}
07-12 19:37:18.551 12363 12363 I NearbyFragment: Transfer queue is empty
07-12 19:37:18.569 12363 12363 V NearbyFragment: Transfer to Endpoint{id=Hqzs, name=Galaxy S8 [2802]} complete
07-12 19:37:18.629 12363 12363 D NearbyFragment: onPayloadReceived(endpointId=Hqzs, payload=com.google.android.gms.nearby.connection.Payload@f34be88)
07-12 19:37:22.269 12363 12363 V NearbyFragment: Transfer to Endpoint{id=b1P0, name=Shark 1S [9c8f]} complete
07-12 19:37:22.270 12363 12363 W NearbyFragment: Completed downloading 20200312_150844!002.mp4 from Endpoint{id=b1P0, name=Shark 1S [9c8f]} in 06.175s
07-12 19:37:22.274 12363 12363 V FileManager: External storage is readable
07-12 19:37:22.274 12363 12363 V FileManager: Directory already exists: /storage/emulated/0/Movies/segment-sum/20200312_150844
07-12 19:37:23.455 12363 12363 V NearbyFragment: Received a segment of 20200312_150844
07-12 19:37:23.915 12363 12363 V NearbyFragment: Transfer to Endpoint{id=Hqzs, name=Galaxy S8 [2802]} complete
07-12 19:37:23.916 12363 12363 W NearbyFragment: Completed downloading 20200312_150844!003.mp4 from Endpoint{id=Hqzs, name=Galaxy S8 [2802]} in 05.364s
07-12 19:37:23.920 12363 12363 V FileManager: External storage is readable
07-12 19:37:23.920 12363 12363 V FileManager: Directory already exists: /storage/emulated/0/Movies/segment-sum/20200312_150844
07-12 19:37:24.813 12363 12363 D NearbyFragment: Received all summarised video segments of 20200312_150844
07-12 19:37:24.818 12363 12363 V FileManager: External storage is readable
07-12 19:37:24.818 12363 12363 V FileManager: Directory already exists: /storage/emulated/0/Movies/segment-sum/20200312_150844
07-12 19:37:24.819 12363 12363 D FfmpegTools: Merging /storage/emulated/0/Movies/summarised/20200312_150844.mp4
07-12 19:37:24.823 12363 12363 V FileManager: External storage is readable
07-12 19:37:24.823 12363 12363 V FileManager: Directory already exists: /storage/emulated/0/Movies/segment/20200312_150844
07-12 19:37:24.827 12363 12363 I FfmpegTools: Running ffmpeg with:
07-12 19:37:24.827 12363 12363 I FfmpegTools:   -y -f concat -safe 0 -i /storage/emulated/0/Movies/segment/20200312_150844/paths.txt -c copy /storage/emulated/0/Movies/summarised/20200312_150844.mp4
07-12 19:37:24.874 12363 12708 I mobile-ffmpeg: [mov,mp4,m4a,3gp,3g2,mj2 @ 0x93f3da00] Auto-inserting h264_mp4toannexb bitstream filter
07-12 19:37:24.913 12363 12708 I mobile-ffmpeg: Input #0, concat, from '/storage/emulated/0/Movies/segment/20200312_150844/paths.txt':
07-12 19:37:24.926 12363 12708 I mobile-ffmpeg:   Duration: 
07-12 19:37:24.926 12363 12708 I mobile-ffmpeg: N/A
07-12 19:37:24.927 12363 12708 I mobile-ffmpeg: , start: 
07-12 19:37:24.927 12363 12708 I mobile-ffmpeg: 0.000000
07-12 19:37:24.928 12363 12708 I mobile-ffmpeg: , bitrate: 
07-12 19:37:24.928 12363 12708 I mobile-ffmpeg: 8413 kb/s
07-12 19:37:24.928 12363 12708 I mobile-ffmpeg: 
07-12 19:37:24.929 12363 12708 I mobile-ffmpeg:     Stream #0:0
07-12 19:37:24.929 12363 12708 I mobile-ffmpeg: (eng)
07-12 19:37:24.929 12363 12708 I mobile-ffmpeg: : Video: h264 (avc1 / 0x31637661), yuvj420p(pc, bt709), 1280x720, 8366 kb/s
07-12 19:37:24.929 12363 12708 I mobile-ffmpeg: , 
07-12 19:37:24.931 12363 12708 I mobile-ffmpeg: 29.97 fps, 
07-12 19:37:24.931 12363 12708 I mobile-ffmpeg: 29.97 tbr, 
07-12 19:37:24.932 12363 12708 I mobile-ffmpeg: 16k tbn, 
07-12 19:37:24.932 12363 12708 I mobile-ffmpeg: 32k tbc
07-12 19:37:24.932 12363 12708 I mobile-ffmpeg: 
07-12 19:37:24.932 12363 12708 I mobile-ffmpeg:     Metadata:
07-12 19:37:24.932 12363 12708 I mobile-ffmpeg:       handler_name    : 
07-12 19:37:24.932 12363 12708 I mobile-ffmpeg: PittaSoft Video Media Handler
07-12 19:37:24.932 12363 12708 I mobile-ffmpeg: 
07-12 19:37:24.932 12363 12708 I mobile-ffmpeg:     Stream #0:1
07-12 19:37:24.932 12363 12708 I mobile-ffmpeg: (eng)
07-12 19:37:24.932 12363 12708 I mobile-ffmpeg: : Audio: aac (mp4a / 0x6134706D), 16000 Hz, stereo, fltp, 47 kb/s
07-12 19:37:24.932 12363 12708 I mobile-ffmpeg: 
07-12 19:37:24.937 12363 12708 I mobile-ffmpeg:     Metadata:
07-12 19:37:24.937 12363 12708 I mobile-ffmpeg:       handler_name    : 
07-12 19:37:24.938 12363 12708 I mobile-ffmpeg: PittaSoft Sound Media Handler
07-12 19:37:24.938 12363 12708 I mobile-ffmpeg: 
07-12 19:37:24.938 12363 12708 I mobile-ffmpeg: Output #0, mp4, to '/storage/emulated/0/Movies/summarised/20200312_150844.mp4':
07-12 19:37:24.938 12363 12708 I mobile-ffmpeg:   Metadata:
07-12 19:37:24.938 12363 12708 I mobile-ffmpeg:     encoder         : 
07-12 19:37:24.938 12363 12708 I mobile-ffmpeg: Lavf58.42.100
07-12 19:37:24.938 12363 12708 I mobile-ffmpeg: 
07-12 19:37:24.938 12363 12708 I mobile-ffmpeg:     Stream #0:0
07-12 19:37:24.938 12363 12708 I mobile-ffmpeg: (eng)
07-12 19:37:24.938 12363 12708 I mobile-ffmpeg: : Video: h264 (avc1 / 0x31637661), yuvj420p(pc, bt709), 1280x720, q=2-31, 8366 kb/s
07-12 19:37:24.939 12363 12708 I mobile-ffmpeg: , 
07-12 19:37:24.939 12363 12708 I mobile-ffmpeg: 29.97 fps, 
07-12 19:37:24.939 12363 12708 I mobile-ffmpeg: 29.97 tbr, 
07-12 19:37:24.939 12363 12708 I mobile-ffmpeg: 16k tbn, 
07-12 19:37:24.942 12363 12708 I mobile-ffmpeg: 16k tbc
07-12 19:37:24.942 12363 12708 I mobile-ffmpeg: 
07-12 19:37:24.943 12363 12708 I mobile-ffmpeg:     Metadata:
07-12 19:37:24.943 12363 12708 I mobile-ffmpeg:       handler_name    : 
07-12 19:37:24.943 12363 12708 I mobile-ffmpeg: PittaSoft Video Media Handler
07-12 19:37:24.944 12363 12708 I mobile-ffmpeg: 
07-12 19:37:24.944 12363 12708 I mobile-ffmpeg:     Stream #0:1
07-12 19:37:24.944 12363 12708 I mobile-ffmpeg: (eng)
07-12 19:37:24.944 12363 12708 I mobile-ffmpeg: : Audio: aac (mp4a / 0x6134706D), 16000 Hz, stereo, fltp, 47 kb/s
07-12 19:37:24.944 12363 12708 I mobile-ffmpeg: 
07-12 19:37:24.945 12363 12708 I mobile-ffmpeg:     Metadata:
07-12 19:37:24.945 12363 12708 I mobile-ffmpeg:       handler_name    : 
07-12 19:37:24.945 12363 12708 I mobile-ffmpeg: PittaSoft Sound Media Handler
07-12 19:37:24.945 12363 12708 I mobile-ffmpeg: 
07-12 19:37:24.945 12363 12708 I mobile-ffmpeg: Stream mapping:
07-12 19:37:24.945 12363 12708 I mobile-ffmpeg:   Stream #0:0 -> #0:0
07-12 19:37:24.945 12363 12708 I mobile-ffmpeg:  (copy)
07-12 19:37:24.945 12363 12708 I mobile-ffmpeg: 
07-12 19:37:24.945 12363 12708 I mobile-ffmpeg:   Stream #0:1 -> #0:1
07-12 19:37:24.945 12363 12708 I mobile-ffmpeg:  (copy)
07-12 19:37:24.951 12363 12708 I mobile-ffmpeg: 
07-12 19:37:24.951 12363 12708 I mobile-ffmpeg: Press [q] to stop, [?] for help
07-12 19:37:24.951 12363 12708 I mobile-ffmpeg: frame=    1 fps=0.0 q=-1.0 size=       0kB time=00:00:00.00 bitrate=6095.2kbits/s speed=31.5x    
07-12 19:37:25.186 12363 12708 I mobile-ffmpeg: [mov,mp4,m4a,3gp,3g2,mj2 @ 0x93f3da00] Auto-inserting h264_mp4toannexb bitstream filter
07-12 19:37:25.486 12363 12708 I mobile-ffmpeg: frame=  953 fps=0.0 q=-1.0 size=   32768kB time=00:00:31.81 bitrate=8438.7kbits/s speed=57.5x    
07-12 19:37:25.551 12363 12708 I mobile-ffmpeg: [mov,mp4,m4a,3gp,3g2,mj2 @ 0x93f3da00] Auto-inserting h264_mp4toannexb bitstream filter
07-12 19:37:25.750 12363 12708 I mobile-ffmpeg: [mov,mp4,m4a,3gp,3g2,mj2 @ 0x93f3da00] Auto-inserting h264_mp4toannexb bitstream filter
07-12 19:37:25.889 12363 12708 I mobile-ffmpeg: frame= 1800 fps=0.0 q=-1.0 Lsize=   61804kB time=00:01:00.06 bitrate=8428.8kbits/s speed=62.5x    
07-12 19:37:25.890 12363 12708 I mobile-ffmpeg: video:61425kB audio:345kB subtitle:0kB other streams:0kB global headers:0kB muxing overhead: 
07-12 19:37:25.891 12363 12708 I mobile-ffmpeg: 0.053992%
07-12 19:37:25.891 12363 12708 I mobile-ffmpeg: 
07-12 19:37:25.893 12363 12363 V FfmpegTools: Retrieving duration of /storage/emulated/0/Movies/summarised/20200312_150844.mp4
07-12 19:37:25.946 12363 12708 I mobile-ffmpeg: Input #0, mov,mp4,m4a,3gp,3g2,mj2, from '/storage/emulated/0/Movies/summarised/20200312_150844.mp4':
07-12 19:37:25.949 12363 12708 I mobile-ffmpeg:   Metadata:
07-12 19:37:25.949 12363 12708 I mobile-ffmpeg:     major_brand     : 
07-12 19:37:25.949 12363 12708 I mobile-ffmpeg: isom
07-12 19:37:25.950 12363 12708 I mobile-ffmpeg: 
07-12 19:37:25.951 12363 12708 I mobile-ffmpeg:     minor_version   : 
07-12 19:37:25.952 12363 12708 I mobile-ffmpeg: 512
07-12 19:37:25.952 12363 12708 I mobile-ffmpeg: 
07-12 19:37:25.953 12363 12708 I mobile-ffmpeg:     compatible_brands: 
07-12 19:37:25.953 12363 12708 I mobile-ffmpeg: isomiso2avc1mp41
07-12 19:37:25.953 12363 12708 I mobile-ffmpeg: 
07-12 19:37:25.953 12363 12708 I mobile-ffmpeg:     encoder         : 
07-12 19:37:25.954 12363 12708 I mobile-ffmpeg: Lavf58.42.100
07-12 19:37:25.954 12363 12708 I mobile-ffmpeg: 
07-12 19:37:25.954 12363 12708 I mobile-ffmpeg:   Duration: 
07-12 19:37:25.954 12363 12708 I mobile-ffmpeg: 00:01:00.08
07-12 19:37:25.954 12363 12708 I mobile-ffmpeg: , start: 
07-12 19:37:25.954 12363 12708 I mobile-ffmpeg: 0.000000
07-12 19:37:25.955 12363 12708 I mobile-ffmpeg: , bitrate: 
07-12 19:37:25.955 12363 12708 I mobile-ffmpeg: 8427 kb/s
07-12 19:37:25.955 12363 12708 I mobile-ffmpeg: 
07-12 19:37:25.955 12363 12708 I mobile-ffmpeg:     Stream #0:0
07-12 19:37:25.955 12363 12708 I mobile-ffmpeg: (eng)
07-12 19:37:25.955 12363 12708 I mobile-ffmpeg: : Video: h264 (avc1 / 0x31637661), yuvj420p(pc, bt709), 1280x720, 8377 kb/s
07-12 19:37:25.955 12363 12708 I mobile-ffmpeg: , 
07-12 19:37:25.955 12363 12708 I mobile-ffmpeg: 29.97 fps, 
07-12 19:37:25.955 12363 12708 I mobile-ffmpeg: 29.97 tbr, 
07-12 19:37:25.955 12363 12708 I mobile-ffmpeg: 16k tbn, 
07-12 19:37:25.955 12363 12708 I mobile-ffmpeg: 32k tbc
07-12 19:37:25.955 12363 12708 I mobile-ffmpeg:  (default)
07-12 19:37:25.955 12363 12708 I mobile-ffmpeg: 
07-12 19:37:25.956 12363 12708 I mobile-ffmpeg:     Metadata:
07-12 19:37:25.956 12363 12708 I mobile-ffmpeg:       handler_name    : 
07-12 19:37:25.956 12363 12708 I mobile-ffmpeg: PittaSoft Video Media Handler
07-12 19:37:25.956 12363 12708 I mobile-ffmpeg: 
07-12 19:37:25.956 12363 12708 I mobile-ffmpeg:     Stream #0:1
07-12 19:37:25.956 12363 12708 I mobile-ffmpeg: (eng)
07-12 19:37:25.956 12363 12708 I mobile-ffmpeg: : Audio: aac (mp4a / 0x6134706D), 16000 Hz, stereo, fltp, 47 kb/s
07-12 19:37:25.956 12363 12708 I mobile-ffmpeg:  (default)
07-12 19:37:25.956 12363 12708 I mobile-ffmpeg: 
07-12 19:37:25.956 12363 12708 I mobile-ffmpeg:     Metadata:
07-12 19:37:25.956 12363 12708 I mobile-ffmpeg:       handler_name    : 
07-12 19:37:25.956 12363 12708 I mobile-ffmpeg: PittaSoft Sound Media Handler
07-12 19:37:25.957 12363 12708 I mobile-ffmpeg: 
07-12 19:37:25.965 12363 12363 W FfmpegTools: Merged duration of 20200312_150844: 60.08
07-12 19:37:26.617 12363 12363 V VideoManager: Retrieving video from /storage/emulated/0/Movies/summarised/20200312_150844.mp4
07-12 19:37:26.622 12363 12363 V VideoManager: videoFromCursor
07-12 19:37:26.623 12363 12363 V SummarisedVideosEventHandler: onAdd
07-12 19:37:26.624 12363 12363 V RawFootageEventHandler: removeByName
07-12 19:37:26.624 12363 12363 V ProcessingVideosEventHandler: removeByName
07-12 19:37:26.625 12363 12363 V NearbyFragment: Removing video segment map for 20200312_150844
07-12 19:37:37.352 12363 12654 V VideoManager: Retrieving video from /storage/emulated/0/Movies/raw/20200312_150944.mp4
07-12 19:37:37.358 12363 12654 D VideoManager: videoCursor is null
07-12 19:37:37.397 12363 12654 V VideoManager: videoFromCursor
07-12 19:37:37.400 12363 12654 W DashDownloadManager: Successfully downloaded 20200312_150944.mp4 in 43.707s
07-12 19:37:37.400 12363 12654 V DownloadTestVideosTask: Entering callback for download completion of 20200312_150944.mp4
07-12 19:37:37.401 12363 12654 V RawFootageEventHandler: onAdd
07-12 19:37:37.406 12363 12654 V FfmpegTools: Retrieving duration of /storage/emulated/0/Movies/raw/20200312_150944.mp4
07-12 19:37:37.425 12363 12708 W mobile-ffmpeg: [mov,mp4,m4a,3gp,3g2,mj2 @ 0x93f3c800] Found duplicated MOOV Atom. Skipped it
07-12 19:37:37.513 12363 12708 I mobile-ffmpeg: Input #0, mov,mp4,m4a,3gp,3g2,mj2, from '/storage/emulated/0/Movies/raw/20200312_150944.mp4':
07-12 19:37:37.514 12363 12708 I mobile-ffmpeg:   Metadata:
07-12 19:37:37.514 12363 12708 I mobile-ffmpeg:     creation_time   : 
07-12 19:37:37.514 12363 12708 I mobile-ffmpeg: 2020-03-12T04:10:43.000000Z
07-12 19:37:37.514 12363 12708 I mobile-ffmpeg: 
07-12 19:37:37.514 12363 12708 I mobile-ffmpeg:     major_brand     : 
07-12 19:37:37.514 12363 12708 I mobile-ffmpeg: mp42
07-12 19:37:37.514 12363 12708 I mobile-ffmpeg: 
07-12 19:37:37.515 12363 12708 I mobile-ffmpeg:     minor_version   : 
07-12 19:37:37.515 12363 12708 I mobile-ffmpeg: 1
07-12 19:37:37.515 12363 12708 I mobile-ffmpeg: 
07-12 19:37:37.515 12363 12708 I mobile-ffmpeg:     compatible_brands: 
07-12 19:37:37.515 12363 12708 I mobile-ffmpeg: mp42mp42
07-12 19:37:37.515 12363 12708 I mobile-ffmpeg: 
07-12 19:37:37.515 12363 12708 I mobile-ffmpeg:   Duration: 
07-12 19:37:37.516 12363 12708 I mobile-ffmpeg: 00:01:00.02
07-12 19:37:37.516 12363 12708 I mobile-ffmpeg: , start: 
07-12 19:37:37.516 12363 12708 I mobile-ffmpeg: 0.000000
07-12 19:37:37.516 12363 12708 I mobile-ffmpeg: , bitrate: 
07-12 19:37:37.517 12363 12708 I mobile-ffmpeg: 9328 kb/s
07-12 19:37:37.517 12363 12708 I mobile-ffmpeg: 
07-12 19:37:37.517 12363 12708 I mobile-ffmpeg:     Stream #0:0
07-12 19:37:37.517 12363 12708 I mobile-ffmpeg: (eng)
07-12 19:37:37.517 12363 12708 I mobile-ffmpeg: : Video: h264 (avc1 / 0x31637661), yuvj420p(pc, bt709), 1280x720, 8398 kb/s
07-12 19:37:37.519 12363 12708 I mobile-ffmpeg: , 
07-12 19:37:37.519 12363 12708 I mobile-ffmpeg: 29.97 fps, 
07-12 19:37:37.519 12363 12708 I mobile-ffmpeg: 29.97 tbr, 
07-12 19:37:37.519 12363 12708 I mobile-ffmpeg: 1k tbn, 
07-12 19:37:37.519 12363 12708 I mobile-ffmpeg: 2k tbc
07-12 19:37:37.519 12363 12708 I mobile-ffmpeg:  (default)
07-12 19:37:37.519 12363 12708 I mobile-ffmpeg: 
07-12 19:37:37.520 12363 12708 I mobile-ffmpeg:     Metadata:
07-12 19:37:37.520 12363 12708 I mobile-ffmpeg:       creation_time   : 
07-12 19:37:37.520 12363 12708 I mobile-ffmpeg: 2020-03-12T04:10:43.000000Z
07-12 19:37:37.520 12363 12708 I mobile-ffmpeg: 
07-12 19:37:37.520 12363 12708 I mobile-ffmpeg:       handler_name    : 
07-12 19:37:37.520 12363 12708 I mobile-ffmpeg: PittaSoft Video Media Handler
07-12 19:37:37.520 12363 12708 I mobile-ffmpeg: 
07-12 19:37:37.521 12363 12708 I mobile-ffmpeg:     Stream #0:1
07-12 19:37:37.521 12363 12708 I mobile-ffmpeg: (eng)
07-12 19:37:37.521 12363 12708 I mobile-ffmpeg: : Audio: aac (mp4a / 0x6134706D), 16000 Hz, stereo, fltp, 47 kb/s
07-12 19:37:37.521 12363 12708 I mobile-ffmpeg:  (default)
07-12 19:37:37.521 12363 12708 I mobile-ffmpeg: 
07-12 19:37:37.521 12363 12708 I mobile-ffmpeg:     Metadata:
07-12 19:37:37.521 12363 12708 I mobile-ffmpeg:       creation_time   : 
07-12 19:37:37.522 12363 12708 I mobile-ffmpeg: 2020-03-12T04:10:43.000000Z
07-12 19:37:37.522 12363 12708 I mobile-ffmpeg: 
07-12 19:37:37.522 12363 12708 I mobile-ffmpeg:       handler_name    : 
07-12 19:37:37.522 12363 12708 I mobile-ffmpeg: PittaSoft Sound Media Handler
07-12 19:37:37.522 12363 12708 I mobile-ffmpeg: 
07-12 19:37:37.541 12363 12654 V FileManager: External storage is readable
07-12 19:37:37.542 12363 12654 V FileManager: Created new directory: /storage/emulated/0/Movies/segment/20200312_150944
07-12 19:37:37.542 12363 12654 V FfmpegTools: Splitting /storage/emulated/0/Movies/raw/20200312_150944.mp4 with 16s long segments
07-12 19:37:37.543 12363 12654 I FfmpegTools: Running ffmpeg with:
07-12 19:37:37.543 12363 12654 I FfmpegTools:   -y -i /storage/emulated/0/Movies/raw/20200312_150944.mp4 -map 0 -c copy -f segment -reset_timestamps 1 -segment_time 16 /storage/emulated/0/Movies/segment/20200312_150944/20200312_150944!%03d.mp4
07-12 19:37:37.559 12363 12708 W mobile-ffmpeg: [mov,mp4,m4a,3gp,3g2,mj2 @ 0x93e85a00] Found duplicated MOOV Atom. Skipped it
07-12 19:37:37.624 12363 12708 I mobile-ffmpeg: Input #0, mov,mp4,m4a,3gp,3g2,mj2, from '/storage/emulated/0/Movies/raw/20200312_150944.mp4':
07-12 19:37:37.624 12363 12708 I mobile-ffmpeg:   Metadata:
07-12 19:37:37.624 12363 12708 I mobile-ffmpeg:     creation_time   : 
07-12 19:37:37.625 12363 12708 I mobile-ffmpeg: 2020-03-12T04:10:43.000000Z
07-12 19:37:37.625 12363 12708 I mobile-ffmpeg: 
07-12 19:37:37.625 12363 12708 I mobile-ffmpeg:     major_brand     : 
07-12 19:37:37.625 12363 12708 I mobile-ffmpeg: mp42
07-12 19:37:37.625 12363 12708 I mobile-ffmpeg: 
07-12 19:37:37.625 12363 12708 I mobile-ffmpeg:     minor_version   : 
07-12 19:37:37.625 12363 12708 I mobile-ffmpeg: 1
07-12 19:37:37.625 12363 12708 I mobile-ffmpeg: 
07-12 19:37:37.626 12363 12708 I mobile-ffmpeg:     compatible_brands: 
07-12 19:37:37.626 12363 12708 I mobile-ffmpeg: mp42mp42
07-12 19:37:37.626 12363 12708 I mobile-ffmpeg: 
07-12 19:37:37.626 12363 12708 I mobile-ffmpeg:   Duration: 
07-12 19:37:37.626 12363 12708 I mobile-ffmpeg: 00:01:00.02
07-12 19:37:37.626 12363 12708 I mobile-ffmpeg: , start: 
07-12 19:37:37.626 12363 12708 I mobile-ffmpeg: 0.000000
07-12 19:37:37.626 12363 12708 I mobile-ffmpeg: , bitrate: 
07-12 19:37:37.627 12363 12708 I mobile-ffmpeg: 9328 kb/s
07-12 19:37:37.627 12363 12708 I mobile-ffmpeg: 
07-12 19:37:37.627 12363 12708 I mobile-ffmpeg:     Stream #0:0
07-12 19:37:37.627 12363 12708 I mobile-ffmpeg: (eng)
07-12 19:37:37.627 12363 12708 I mobile-ffmpeg: : Video: h264 (avc1 / 0x31637661), yuvj420p(pc, bt709), 1280x720, 8398 kb/s
07-12 19:37:37.627 12363 12708 I mobile-ffmpeg: , 
07-12 19:37:37.627 12363 12708 I mobile-ffmpeg: 29.97 fps, 
07-12 19:37:37.628 12363 12708 I mobile-ffmpeg: 29.97 tbr, 
07-12 19:37:37.628 12363 12708 I mobile-ffmpeg: 1k tbn, 
07-12 19:37:37.628 12363 12708 I mobile-ffmpeg: 2k tbc
07-12 19:37:37.628 12363 12708 I mobile-ffmpeg:  (default)
07-12 19:37:37.628 12363 12708 I mobile-ffmpeg: 
07-12 19:37:37.628 12363 12708 I mobile-ffmpeg:     Metadata:
07-12 19:37:37.628 12363 12708 I mobile-ffmpeg:       creation_time   : 
07-12 19:37:37.628 12363 12708 I mobile-ffmpeg: 2020-03-12T04:10:43.000000Z
07-12 19:37:37.629 12363 12708 I mobile-ffmpeg: 
07-12 19:37:37.629 12363 12708 I mobile-ffmpeg:       handler_name    : 
07-12 19:37:37.629 12363 12708 I mobile-ffmpeg: PittaSoft Video Media Handler
07-12 19:37:37.629 12363 12708 I mobile-ffmpeg: 
07-12 19:37:37.629 12363 12708 I mobile-ffmpeg:     Stream #0:1
07-12 19:37:37.629 12363 12708 I mobile-ffmpeg: (eng)
07-12 19:37:37.629 12363 12708 I mobile-ffmpeg: : Audio: aac (mp4a / 0x6134706D), 16000 Hz, stereo, fltp, 47 kb/s
07-12 19:37:37.630 12363 12708 I mobile-ffmpeg:  (default)
07-12 19:37:37.630 12363 12708 I mobile-ffmpeg: 
07-12 19:37:37.630 12363 12708 I mobile-ffmpeg:     Metadata:
07-12 19:37:37.630 12363 12708 I mobile-ffmpeg:       creation_time   : 
07-12 19:37:37.630 12363 12708 I mobile-ffmpeg: 2020-03-12T04:10:43.000000Z
07-12 19:37:37.630 12363 12708 I mobile-ffmpeg: 
07-12 19:37:37.630 12363 12708 I mobile-ffmpeg:       handler_name    : 
07-12 19:37:37.630 12363 12708 I mobile-ffmpeg: PittaSoft Sound Media Handler
07-12 19:37:37.631 12363 12708 I mobile-ffmpeg: 
07-12 19:37:37.632 12363 12708 I mobile-ffmpeg: [segment @ 0x93e86c00] Opening '/storage/emulated/0/Movies/segment/20200312_150944/20200312_150944!000.mp4' for writing
07-12 19:37:37.633 12363 12708 I mobile-ffmpeg: Output #0, segment, to '/storage/emulated/0/Movies/segment/20200312_150944/20200312_150944!%03d.mp4':
07-12 19:37:37.633 12363 12708 I mobile-ffmpeg:   Metadata:
07-12 19:37:37.633 12363 12708 I mobile-ffmpeg:     compatible_brands: 
07-12 19:37:37.633 12363 12708 I mobile-ffmpeg: mp42mp42
07-12 19:37:37.634 12363 12708 I mobile-ffmpeg: 
07-12 19:37:37.634 12363 12708 I mobile-ffmpeg:     major_brand     : 
07-12 19:37:37.634 12363 12708 I mobile-ffmpeg: mp42
07-12 19:37:37.634 12363 12708 I mobile-ffmpeg: 
07-12 19:37:37.634 12363 12708 I mobile-ffmpeg:     minor_version   : 
07-12 19:37:37.634 12363 12708 I mobile-ffmpeg: 1
07-12 19:37:37.634 12363 12708 I mobile-ffmpeg: 
07-12 19:37:37.634 12363 12708 I mobile-ffmpeg:     encoder         : 
07-12 19:37:37.635 12363 12708 I mobile-ffmpeg: Lavf58.42.100
07-12 19:37:37.635 12363 12708 I mobile-ffmpeg: 
07-12 19:37:37.635 12363 12708 I mobile-ffmpeg:     Stream #0:0
07-12 19:37:37.635 12363 12708 I mobile-ffmpeg: (eng)
07-12 19:37:37.635 12363 12708 I mobile-ffmpeg: : Video: h264 (avc1 / 0x31637661), yuvj420p(pc, bt709), 1280x720, q=2-31, 8398 kb/s
07-12 19:37:37.636 12363 12708 I mobile-ffmpeg: , 
07-12 19:37:37.636 12363 12708 I mobile-ffmpeg: 29.97 fps, 
07-12 19:37:37.636 12363 12708 I mobile-ffmpeg: 29.97 tbr, 
07-12 19:37:37.636 12363 12708 I mobile-ffmpeg: 16k tbn, 
07-12 19:37:37.636 12363 12708 I mobile-ffmpeg: 1k tbc
07-12 19:37:37.637 12363 12708 I mobile-ffmpeg:  (default)
07-12 19:37:37.637 12363 12708 I mobile-ffmpeg: 
07-12 19:37:37.637 12363 12708 I mobile-ffmpeg:     Metadata:
07-12 19:37:37.637 12363 12708 I mobile-ffmpeg:       creation_time   : 
07-12 19:37:37.637 12363 12708 I mobile-ffmpeg: 2020-03-12T04:10:43.000000Z
07-12 19:37:37.638 12363 12708 I mobile-ffmpeg: 
07-12 19:37:37.638 12363 12708 I mobile-ffmpeg:       handler_name    : 
07-12 19:37:37.638 12363 12708 I mobile-ffmpeg: PittaSoft Video Media Handler
07-12 19:37:37.638 12363 12708 I mobile-ffmpeg: 
07-12 19:37:37.638 12363 12708 I mobile-ffmpeg:     Stream #0:1
07-12 19:37:37.638 12363 12708 I mobile-ffmpeg: (eng)
07-12 19:37:37.638 12363 12708 I mobile-ffmpeg: : Audio: aac (mp4a / 0x6134706D), 16000 Hz, stereo, fltp, 47 kb/s
07-12 19:37:37.638 12363 12708 I mobile-ffmpeg:  (default)
07-12 19:37:37.638 12363 12708 I mobile-ffmpeg: 
07-12 19:37:37.638 12363 12708 I mobile-ffmpeg:     Metadata:
07-12 19:37:37.638 12363 12708 I mobile-ffmpeg:       creation_time   : 
07-12 19:37:37.638 12363 12708 I mobile-ffmpeg: 2020-03-12T04:10:43.000000Z
07-12 19:37:37.638 12363 12708 I mobile-ffmpeg: 
07-12 19:37:37.638 12363 12708 I mobile-ffmpeg:       handler_name    : 
07-12 19:37:37.639 12363 12708 I mobile-ffmpeg: PittaSoft Sound Media Handler
07-12 19:37:37.639 12363 12708 I mobile-ffmpeg: 
07-12 19:37:37.639 12363 12708 I mobile-ffmpeg: Stream mapping:
07-12 19:37:37.639 12363 12708 I mobile-ffmpeg:   Stream #0:0 -> #0:0
07-12 19:37:37.639 12363 12708 I mobile-ffmpeg:  (copy)
07-12 19:37:37.639 12363 12708 I mobile-ffmpeg: 
07-12 19:37:37.639 12363 12708 I mobile-ffmpeg:   Stream #0:1 -> #0:1
07-12 19:37:37.639 12363 12708 I mobile-ffmpeg:  (copy)
07-12 19:37:37.639 12363 12708 I mobile-ffmpeg: 
07-12 19:37:37.639 12363 12708 I mobile-ffmpeg: Press [q] to stop, [?] for help
07-12 19:37:37.639 12363 12708 I mobile-ffmpeg: frame=    1 fps=0.0 q=-1.0 size=N/A time=00:00:00.00 bitrate=N/A speed=31.5x    
07-12 19:37:37.777 12363 12708 I mobile-ffmpeg: [segment @ 0x93e86c00] Opening '/storage/emulated/0/Movies/segment/20200312_150944/20200312_150944!001.mp4' for writing
07-12 19:37:38.356 12363 12708 I mobile-ffmpeg: [segment @ 0x93e86c00] Opening '/storage/emulated/0/Movies/segment/20200312_150944/20200312_150944!002.mp4' for writing
07-12 19:37:38.356 12363 12708 I mobile-ffmpeg: frame=  964 fps=0.0 q=-1.0 size=N/A time=00:00:32.12 bitrate=N/A speed=44.9x    
07-12 19:37:38.492 12363 12708 I mobile-ffmpeg: [segment @ 0x93e86c00] Opening '/storage/emulated/0/Movies/segment/20200312_150944/20200312_150944!003.mp4' for writing
07-12 19:37:38.595 12363 12708 I mobile-ffmpeg: frame= 1800 fps=0.0 q=-1.0 Lsize=N/A time=00:01:00.02 bitrate=N/A speed=62.6x    
07-12 19:37:38.595 12363 12708 I mobile-ffmpeg: video:61532kB audio:345kB subtitle:0kB other streams:0kB global headers:0kB muxing overhead: 
07-12 19:37:38.596 12363 12708 I mobile-ffmpeg: unknown
07-12 19:37:38.596 12363 12708 I mobile-ffmpeg: 
07-12 19:37:38.598 12363 12654 V FileManager: External storage is readable
07-12 19:37:38.599 12363 12654 V FileManager: Directory already exists: /storage/emulated/0/Movies/segment/20200312_150944
07-12 19:37:38.599 12363 12654 V VideoManager: Retrieving videos from /storage/emulated/0/Movies/segment/20200312_150944
07-12 19:37:38.600 12363 12654 V VideoManager: Retrieving video from /storage/emulated/0/Movies/segment/20200312_150944/20200312_150944!000.mp4
07-12 19:37:38.604 12363 12654 V VideoManager: videoFromCursor
07-12 19:37:38.606 12363 12654 V VideoManager: Retrieving video from /storage/emulated/0/Movies/segment/20200312_150944/20200312_150944!001.mp4
07-12 19:37:38.610 12363 12654 V VideoManager: videoFromCursor
07-12 19:37:38.612 12363 12654 V VideoManager: Retrieving video from /storage/emulated/0/Movies/segment/20200312_150944/20200312_150944!002.mp4
07-12 19:37:38.616 12363 12654 V VideoManager: videoFromCursor
07-12 19:37:38.618 12363 12654 V VideoManager: Retrieving video from /storage/emulated/0/Movies/segment/20200312_150944/20200312_150944!003.mp4
07-12 19:37:38.622 12363 12654 V VideoManager: videoFromCursor
07-12 19:37:38.624 12363 12654 V NearbyFragment: nextTransfer with selected algorithm: best_or_local
07-12 19:37:38.625 12363 12654 W NearbyFragment: Sending 20200312_150944!000.mp4 to Galaxy S8 [2802]
07-12 19:37:38.638 12363 12363 V NearbyFragment: Transfer to Endpoint{id=Hqzs, name=Galaxy S8 [2802]} complete
07-12 19:37:39.629 12363 12654 V DownloadTestVideosTask: Starting DownloadTestVideosTask
07-12 19:37:39.631 12363 12654 V DashDownloadManager: Started downloading: 20200312_151044.mp4
07-12 19:37:42.517 12363 12363 V NearbyFragment: Transfer to Endpoint{id=Hqzs, name=Galaxy S8 [2802]} complete
07-12 19:37:42.637 12363 12363 D NearbyFragment: onPayloadReceived(endpointId=Hqzs, payload=com.google.android.gms.nearby.connection.Payload@21136f7)
07-12 19:37:42.638 12363 12363 D NearbyFragment: Endpoint{id=Hqzs, name=Galaxy S8 [2802]} has finished downloading 20200312_150944!000.mp4
07-12 19:37:42.639 12363 12363 V NearbyFragment: nextTransfer with selected algorithm: best_or_local
07-12 19:37:42.641 12363 12363 W NearbyFragment: Sending 20200312_150944!001.mp4 to Shark 1S [34d8]
07-12 19:37:42.648 12363 12363 V NearbyFragment: Transfer to Endpoint{id=Hqzs, name=Galaxy S8 [2802]} complete
07-12 19:37:42.661 12363 12363 V NearbyFragment: Transfer to Endpoint{id=a6Kd, name=Shark 1S [34d8]} complete
07-12 19:37:46.245 12363 12363 V NearbyFragment: Transfer to Endpoint{id=a6Kd, name=Shark 1S [34d8]} complete
07-12 19:37:46.316 12363 12363 D NearbyFragment: onPayloadReceived(endpointId=a6Kd, payload=com.google.android.gms.nearby.connection.Payload@8286882)
07-12 19:37:46.317 12363 12363 D NearbyFragment: Endpoint{id=a6Kd, name=Shark 1S [34d8]} has finished downloading 20200312_150944!001.mp4
07-12 19:37:46.318 12363 12363 V NearbyFragment: nextTransfer with selected algorithm: best_or_local
07-12 19:37:46.319 12363 12363 W NearbyFragment: Sending 20200312_150944!002.mp4 to Shark 1S [9c8f]
07-12 19:37:46.329 12363 12363 V NearbyFragment: Transfer to Endpoint{id=b1P0, name=Shark 1S [9c8f]} complete
07-12 19:37:46.357 12363 12363 V NearbyFragment: Transfer to Endpoint{id=a6Kd, name=Shark 1S [34d8]} complete
07-12 19:37:49.551 12363 12363 D NearbyFragment: onPayloadReceived(endpointId=a6Kd, payload=com.google.android.gms.nearby.connection.Payload@fcf83c9)
07-12 19:37:49.551 12363 12363 D NearbyFragment: 20200312_150944!001.mp4 from Endpoint{id=a6Kd, name=Shark 1S [34d8]} contained no activity
07-12 19:37:49.551 12363 12363 V NearbyFragment: Received a segment of 20200312_150944
07-12 19:37:49.552 12363 12363 V NearbyFragment: nextTransfer with selected algorithm: best_or_local
07-12 19:37:49.553 12363 12363 W NearbyFragment: Sending 20200312_150944!003.mp4 to Shark 1S [34d8]
07-12 19:37:49.564 12363 12363 V NearbyFragment: Transfer to Endpoint{id=a6Kd, name=Shark 1S [34d8]} complete
07-12 19:37:49.581 12363 12363 V NearbyFragment: Transfer to Endpoint{id=a6Kd, name=Shark 1S [34d8]} complete
07-12 19:37:52.113 12363 12363 D NearbyFragment: onPayloadReceived(endpointId=Hqzs, payload=com.google.android.gms.nearby.connection.Payload@2a8f0fc)
07-12 19:37:52.113 12363 12363 V NearbyFragment: Started downloading 20200312_150944!000.mp4 from Endpoint{id=Hqzs, name=Galaxy S8 [2802]}
07-12 19:37:52.114 12363 12363 I NearbyFragment: Transfer queue is empty
07-12 19:37:52.119 12363 12363 V NearbyFragment: Transfer to Endpoint{id=Hqzs, name=Galaxy S8 [2802]} complete
07-12 19:37:52.310 12363 12363 D NearbyFragment: onPayloadReceived(endpointId=Hqzs, payload=com.google.android.gms.nearby.connection.Payload@a439385)
07-12 19:37:52.569 12363 12363 V NearbyFragment: Transfer to Endpoint{id=Hqzs, name=Galaxy S8 [2802]} complete
07-12 19:37:52.569 12363 12363 W NearbyFragment: Completed downloading 20200312_150944!000.mp4 from Endpoint{id=Hqzs, name=Galaxy S8 [2802]} in 00.456s
07-12 19:37:52.572 12363 12363 V FileManager: External storage is readable
07-12 19:37:52.573 12363 12363 V FileManager: Created new directory: /storage/emulated/0/Movies/segment-sum/20200312_150944
07-12 19:37:52.654 12363 12363 V NearbyFragment: Received a segment of 20200312_150944
07-12 19:37:53.616 12363 12363 V NearbyFragment: Transfer to Endpoint{id=b1P0, name=Shark 1S [9c8f]} complete
07-12 19:37:53.738 12363 12363 D NearbyFragment: onPayloadReceived(endpointId=b1P0, payload=com.google.android.gms.nearby.connection.Payload@39685da)
07-12 19:37:53.738 12363 12363 D NearbyFragment: Endpoint{id=b1P0, name=Shark 1S [9c8f]} has finished downloading 20200312_150944!002.mp4
07-12 19:37:53.738 12363 12363 I NearbyFragment: Transfer queue is empty
07-12 19:37:53.851 12363 12363 V NearbyFragment: Transfer to Endpoint{id=b1P0, name=Shark 1S [9c8f]} complete
07-12 19:37:56.756 12363 12363 D NearbyFragment: onPayloadReceived(endpointId=b1P0, payload=com.google.android.gms.nearby.connection.Payload@47b9a0b)
07-12 19:37:56.756 12363 12363 D NearbyFragment: 20200312_150944!002.mp4 from Endpoint{id=b1P0, name=Shark 1S [9c8f]} contained no activity
07-12 19:37:56.756 12363 12363 V NearbyFragment: Received a segment of 20200312_150944
07-12 19:37:56.757 12363 12363 I NearbyFragment: Transfer queue is empty
07-12 19:37:56.771 12363 12363 V NearbyFragment: Transfer to Endpoint{id=b1P0, name=Shark 1S [9c8f]} complete
07-12 19:38:00.181 12363 12363 V NearbyFragment: Transfer to Endpoint{id=a6Kd, name=Shark 1S [34d8]} complete
07-12 19:38:00.275 12363 12363 D NearbyFragment: onPayloadReceived(endpointId=a6Kd, payload=com.google.android.gms.nearby.connection.Payload@11220e8)
07-12 19:38:00.275 12363 12363 D NearbyFragment: Endpoint{id=a6Kd, name=Shark 1S [34d8]} has finished downloading 20200312_150944!003.mp4
07-12 19:38:00.276 12363 12363 I NearbyFragment: Transfer queue is empty
07-12 19:38:00.326 12363 12363 V NearbyFragment: Transfer to Endpoint{id=a6Kd, name=Shark 1S [34d8]} complete
07-12 19:38:02.694 12363 12363 D NearbyFragment: onPayloadReceived(endpointId=a6Kd, payload=com.google.android.gms.nearby.connection.Payload@62ee301)
07-12 19:38:02.694 12363 12363 D NearbyFragment: 20200312_150944!003.mp4 from Endpoint{id=a6Kd, name=Shark 1S [34d8]} contained no activity
07-12 19:38:02.695 12363 12363 D NearbyFragment: Received all summarised video segments of 20200312_150944
07-12 19:38:02.701 12363 12363 V FileManager: External storage is readable
07-12 19:38:02.701 12363 12363 V FileManager: Directory already exists: /storage/emulated/0/Movies/segment-sum/20200312_150944
07-12 19:38:02.703 12363 12363 D FfmpegTools: Merging /storage/emulated/0/Movies/summarised/20200312_150944.mp4
07-12 19:38:02.703 12363 12363 V FfmpegTools: Retrieving duration of /storage/emulated/0/Movies/segment-sum/20200312_150944/20200312_150944!000.mp4
07-12 19:38:02.766 12363 12708 I mobile-ffmpeg: Input #0, mov,mp4,m4a,3gp,3g2,mj2, from '/storage/emulated/0/Movies/segment-sum/20200312_150944/20200312_150944!000.mp4':
07-12 19:38:02.766 12363 12708 I mobile-ffmpeg:   Metadata:
07-12 19:38:02.766 12363 12708 I mobile-ffmpeg:     major_brand     : 
07-12 19:38:02.766 12363 12708 I mobile-ffmpeg: isom
07-12 19:38:02.766 12363 12708 I mobile-ffmpeg: 
07-12 19:38:02.766 12363 12708 I mobile-ffmpeg:     minor_version   : 
07-12 19:38:02.767 12363 12708 I mobile-ffmpeg: 512
07-12 19:38:02.767 12363 12708 I mobile-ffmpeg: 
07-12 19:38:02.767 12363 12708 I mobile-ffmpeg:     compatible_brands: 
07-12 19:38:02.767 12363 12708 I mobile-ffmpeg: isomiso2avc1mp41
07-12 19:38:02.767 12363 12708 I mobile-ffmpeg: 
07-12 19:38:02.767 12363 12708 I mobile-ffmpeg:     encoder         : 
07-12 19:38:02.767 12363 12708 I mobile-ffmpeg: Lavf58.42.100
07-12 19:38:02.767 12363 12708 I mobile-ffmpeg: 
07-12 19:38:02.768 12363 12708 I mobile-ffmpeg:   Duration: 
07-12 19:38:02.768 12363 12708 I mobile-ffmpeg: 00:00:07.07
07-12 19:38:02.768 12363 12708 I mobile-ffmpeg: , start: 
07-12 19:38:02.768 12363 12708 I mobile-ffmpeg: 0.000000
07-12 19:38:02.768 12363 12708 I mobile-ffmpeg: , bitrate: 
07-12 19:38:02.768 12363 12708 I mobile-ffmpeg: 1343 kb/s
07-12 19:38:02.768 12363 12708 I mobile-ffmpeg: 
07-12 19:38:02.769 12363 12708 I mobile-ffmpeg:     Stream #0:0
07-12 19:38:02.769 12363 12708 I mobile-ffmpeg: (und)
07-12 19:38:02.769 12363 12708 I mobile-ffmpeg: : Video: h264 (avc1 / 0x31637661), yuvj420p(pc), 1280x720, 1270 kb/s
07-12 19:38:02.769 12363 12708 I mobile-ffmpeg: , 
07-12 19:38:02.769 12363 12708 I mobile-ffmpeg: 29.97 fps, 
07-12 19:38:02.769 12363 12708 I mobile-ffmpeg: 29.97 tbr, 
07-12 19:38:02.769 12363 12708 I mobile-ffmpeg: 30k tbn, 
07-12 19:38:02.770 12363 12708 I mobile-ffmpeg: 59.94 tbc
07-12 19:38:02.770 12363 12708 I mobile-ffmpeg:  (default)
07-12 19:38:02.770 12363 12708 I mobile-ffmpeg: 
07-12 19:38:02.770 12363 12708 I mobile-ffmpeg:     Metadata:
07-12 19:38:02.770 12363 12708 I mobile-ffmpeg:       handler_name    : 
07-12 19:38:02.771 12363 12708 I mobile-ffmpeg: VideoHandler
07-12 19:38:02.776 12363 12708 I mobile-ffmpeg: 
07-12 19:38:02.776 12363 12708 I mobile-ffmpeg:     Stream #0:1
07-12 19:38:02.776 12363 12708 I mobile-ffmpeg: (und)
07-12 19:38:02.776 12363 12708 I mobile-ffmpeg: : Audio: aac (mp4a / 0x6134706D), 16000 Hz, stereo, fltp, 78 kb/s
07-12 19:38:02.776 12363 12708 I mobile-ffmpeg:  (default)
07-12 19:38:02.776 12363 12708 I mobile-ffmpeg: 
07-12 19:38:02.776 12363 12708 I mobile-ffmpeg:     Metadata:
07-12 19:38:02.776 12363 12708 I mobile-ffmpeg:       handler_name    : 
07-12 19:38:02.777 12363 12708 I mobile-ffmpeg: SoundHandler
07-12 19:38:02.777 12363 12708 I mobile-ffmpeg: 
07-12 19:38:02.798 12363 12363 W FfmpegTools: Single segment returned, duration of 20200312_150944: 7.07
07-12 19:38:02.899 12363 12363 V VideoManager: Retrieving video from /storage/emulated/0/Movies/summarised/20200312_150944.mp4
07-12 19:38:02.904 12363 12363 V VideoManager: videoFromCursor
07-12 19:38:02.906 12363 12363 V SummarisedVideosEventHandler: onAdd
07-12 19:38:02.907 12363 12363 V RawFootageEventHandler: removeByName
07-12 19:38:02.908 12363 12363 V ProcessingVideosEventHandler: removeByName
07-12 19:38:02.908 12363 12363 V NearbyFragment: Removing video segment map for 20200312_150944
07-12 19:38:02.909 12363 12363 I NearbyFragment: Transfer queue is empty
07-12 19:38:02.909 12363 12363 V NearbyFragment: Transfer to Endpoint{id=a6Kd, name=Shark 1S [34d8]} complete
07-12 19:38:07.987 12363 12654 V VideoManager: Retrieving video from /storage/emulated/0/Movies/raw/20200312_151044.mp4
07-12 19:38:07.991 12363 12654 D VideoManager: videoCursor is null
07-12 19:38:08.029 12363 12654 V VideoManager: videoFromCursor
07-12 19:38:08.030 12363 12654 W DashDownloadManager: Successfully downloaded 20200312_151044.mp4 in 28.354s
07-12 19:38:08.030 12363 12654 V DownloadTestVideosTask: Entering callback for download completion of 20200312_151044.mp4
07-12 19:38:08.032 12363 12654 V RawFootageEventHandler: onAdd
07-12 19:38:08.033 12363 12654 V FfmpegTools: Retrieving duration of /storage/emulated/0/Movies/raw/20200312_151044.mp4
07-12 19:38:08.040 12363 12708 W mobile-ffmpeg: [mov,mp4,m4a,3gp,3g2,mj2 @ 0x93ee5800] Found duplicated MOOV Atom. Skipped it
07-12 19:38:08.087 12363 12708 I mobile-ffmpeg: Input #0, mov,mp4,m4a,3gp,3g2,mj2, from '/storage/emulated/0/Movies/raw/20200312_151044.mp4':
07-12 19:38:08.087 12363 12708 I mobile-ffmpeg:   Metadata:
07-12 19:38:08.087 12363 12708 I mobile-ffmpeg:     creation_time   : 
07-12 19:38:08.087 12363 12708 I mobile-ffmpeg: 2020-03-12T04:11:43.000000Z
07-12 19:38:08.087 12363 12708 I mobile-ffmpeg: 
07-12 19:38:08.088 12363 12708 I mobile-ffmpeg:     major_brand     : 
07-12 19:38:08.088 12363 12708 I mobile-ffmpeg: mp42
07-12 19:38:08.088 12363 12708 I mobile-ffmpeg: 
07-12 19:38:08.089 12363 12708 I mobile-ffmpeg:     minor_version   : 
07-12 19:38:08.089 12363 12708 I mobile-ffmpeg: 1
07-12 19:38:08.089 12363 12708 I mobile-ffmpeg: 
07-12 19:38:08.089 12363 12708 I mobile-ffmpeg:     compatible_brands: 
07-12 19:38:08.090 12363 12708 I mobile-ffmpeg: mp42mp42
07-12 19:38:08.090 12363 12708 I mobile-ffmpeg: 
07-12 19:38:08.090 12363 12708 I mobile-ffmpeg:   Duration: 
07-12 19:38:08.090 12363 12708 I mobile-ffmpeg: 00:01:00.02
07-12 19:38:08.091 12363 12708 I mobile-ffmpeg: , start: 
07-12 19:38:08.091 12363 12708 I mobile-ffmpeg: 0.000000
07-12 19:38:08.091 12363 12708 I mobile-ffmpeg: , bitrate: 
07-12 19:38:08.091 12363 12708 I mobile-ffmpeg: 9328 kb/s
07-12 19:38:08.091 12363 12708 I mobile-ffmpeg: 
07-12 19:38:08.092 12363 12708 I mobile-ffmpeg:     Stream #0:0
07-12 19:38:08.093 12363 12708 I mobile-ffmpeg: (eng)
07-12 19:38:08.093 12363 12708 I mobile-ffmpeg: : Video: h264 (avc1 / 0x31637661), yuvj420p(pc, bt709), 1280x720, 8383 kb/s
07-12 19:38:08.093 12363 12708 I mobile-ffmpeg: , 
07-12 19:38:08.093 12363 12708 I mobile-ffmpeg: 29.97 fps, 
07-12 19:38:08.093 12363 12708 I mobile-ffmpeg: 29.97 tbr, 
07-12 19:38:08.093 12363 12708 I mobile-ffmpeg: 1k tbn, 
07-12 19:38:08.093 12363 12708 I mobile-ffmpeg: 2k tbc
07-12 19:38:08.094 12363 12708 I mobile-ffmpeg:  (default)
07-12 19:38:08.094 12363 12708 I mobile-ffmpeg: 
07-12 19:38:08.094 12363 12708 I mobile-ffmpeg:     Metadata:
07-12 19:38:08.094 12363 12708 I mobile-ffmpeg:       creation_time   : 
07-12 19:38:08.094 12363 12708 I mobile-ffmpeg: 2020-03-12T04:11:43.000000Z
07-12 19:38:08.094 12363 12708 I mobile-ffmpeg: 
07-12 19:38:08.094 12363 12708 I mobile-ffmpeg:       handler_name    : 
07-12 19:38:08.095 12363 12708 I mobile-ffmpeg: PittaSoft Video Media Handler
07-12 19:38:08.095 12363 12708 I mobile-ffmpeg: 
07-12 19:38:08.096 12363 12708 I mobile-ffmpeg:     Stream #0:1
07-12 19:38:08.096 12363 12708 I mobile-ffmpeg: (eng)
07-12 19:38:08.096 12363 12708 I mobile-ffmpeg: : Audio: aac (mp4a / 0x6134706D), 16000 Hz, stereo, fltp, 47 kb/s
07-12 19:38:08.096 12363 12708 I mobile-ffmpeg:  (default)
07-12 19:38:08.096 12363 12708 I mobile-ffmpeg: 
07-12 19:38:08.097 12363 12708 I mobile-ffmpeg:     Metadata:
07-12 19:38:08.097 12363 12708 I mobile-ffmpeg:       creation_time   : 
07-12 19:38:08.097 12363 12708 I mobile-ffmpeg: 2020-03-12T04:11:43.000000Z
07-12 19:38:08.097 12363 12708 I mobile-ffmpeg: 
07-12 19:38:08.097 12363 12708 I mobile-ffmpeg:       handler_name    : 
07-12 19:38:08.097 12363 12708 I mobile-ffmpeg: PittaSoft Sound Media Handler
07-12 19:38:08.097 12363 12708 I mobile-ffmpeg: 
07-12 19:38:08.114 12363 12654 V FileManager: External storage is readable
07-12 19:38:08.114 12363 12654 V FileManager: Created new directory: /storage/emulated/0/Movies/segment/20200312_151044
07-12 19:38:08.115 12363 12654 V FfmpegTools: Splitting /storage/emulated/0/Movies/raw/20200312_151044.mp4 with 16s long segments
07-12 19:38:08.116 12363 12654 I FfmpegTools: Running ffmpeg with:
07-12 19:38:08.116 12363 12654 I FfmpegTools:   -y -i /storage/emulated/0/Movies/raw/20200312_151044.mp4 -map 0 -c copy -f segment -reset_timestamps 1 -segment_time 16 /storage/emulated/0/Movies/segment/20200312_151044/20200312_151044!%03d.mp4
07-12 19:38:08.132 12363 12708 W mobile-ffmpeg: [mov,mp4,m4a,3gp,3g2,mj2 @ 0x93f54a00] Found duplicated MOOV Atom. Skipped it
07-12 19:38:08.173 12363 12708 I mobile-ffmpeg: Input #0, mov,mp4,m4a,3gp,3g2,mj2, from '/storage/emulated/0/Movies/raw/20200312_151044.mp4':
07-12 19:38:08.173 12363 12708 I mobile-ffmpeg:   Metadata:
07-12 19:38:08.173 12363 12708 I mobile-ffmpeg:     creation_time   : 
07-12 19:38:08.173 12363 12708 I mobile-ffmpeg: 2020-03-12T04:11:43.000000Z
07-12 19:38:08.174 12363 12708 I mobile-ffmpeg: 
07-12 19:38:08.174 12363 12708 I mobile-ffmpeg:     major_brand     : 
07-12 19:38:08.174 12363 12708 I mobile-ffmpeg: mp42
07-12 19:38:08.175 12363 12708 I mobile-ffmpeg: 
07-12 19:38:08.175 12363 12708 I mobile-ffmpeg:     minor_version   : 
07-12 19:38:08.175 12363 12708 I mobile-ffmpeg: 1
07-12 19:38:08.175 12363 12708 I mobile-ffmpeg: 
07-12 19:38:08.176 12363 12708 I mobile-ffmpeg:     compatible_brands: 
07-12 19:38:08.176 12363 12708 I mobile-ffmpeg: mp42mp42
07-12 19:38:08.177 12363 12708 I mobile-ffmpeg: 
07-12 19:38:08.177 12363 12708 I mobile-ffmpeg:   Duration: 
07-12 19:38:08.177 12363 12708 I mobile-ffmpeg: 00:01:00.02
07-12 19:38:08.177 12363 12708 I mobile-ffmpeg: , start: 
07-12 19:38:08.178 12363 12708 I mobile-ffmpeg: 0.000000
07-12 19:38:08.178 12363 12708 I mobile-ffmpeg: , bitrate: 
07-12 19:38:08.178 12363 12708 I mobile-ffmpeg: 9328 kb/s
07-12 19:38:08.178 12363 12708 I mobile-ffmpeg: 
07-12 19:38:08.179 12363 12708 I mobile-ffmpeg:     Stream #0:0
07-12 19:38:08.179 12363 12708 I mobile-ffmpeg: (eng)
07-12 19:38:08.179 12363 12708 I mobile-ffmpeg: : Video: h264 (avc1 / 0x31637661), yuvj420p(pc, bt709), 1280x720, 8383 kb/s
07-12 19:38:08.179 12363 12708 I mobile-ffmpeg: , 
07-12 19:38:08.179 12363 12708 I mobile-ffmpeg: 29.97 fps, 
07-12 19:38:08.180 12363 12708 I mobile-ffmpeg: 29.97 tbr, 
07-12 19:38:08.180 12363 12708 I mobile-ffmpeg: 1k tbn, 
07-12 19:38:08.180 12363 12708 I mobile-ffmpeg: 2k tbc
07-12 19:38:08.180 12363 12708 I mobile-ffmpeg:  (default)
07-12 19:38:08.180 12363 12708 I mobile-ffmpeg: 
07-12 19:38:08.180 12363 12708 I mobile-ffmpeg:     Metadata:
07-12 19:38:08.180 12363 12708 I mobile-ffmpeg:       creation_time   : 
07-12 19:38:08.180 12363 12708 I mobile-ffmpeg: 2020-03-12T04:11:43.000000Z
07-12 19:38:08.180 12363 12708 I mobile-ffmpeg: 
07-12 19:38:08.180 12363 12708 I mobile-ffmpeg:       handler_name    : 
07-12 19:38:08.180 12363 12708 I mobile-ffmpeg: PittaSoft Video Media Handler
07-12 19:38:08.181 12363 12708 I mobile-ffmpeg: 
07-12 19:38:08.181 12363 12708 I mobile-ffmpeg:     Stream #0:1
07-12 19:38:08.181 12363 12708 I mobile-ffmpeg: (eng)
07-12 19:38:08.181 12363 12708 I mobile-ffmpeg: : Audio: aac (mp4a / 0x6134706D), 16000 Hz, stereo, fltp, 47 kb/s
07-12 19:38:08.181 12363 12708 I mobile-ffmpeg:  (default)
07-12 19:38:08.181 12363 12708 I mobile-ffmpeg: 
07-12 19:38:08.181 12363 12708 I mobile-ffmpeg:     Metadata:
07-12 19:38:08.181 12363 12708 I mobile-ffmpeg:       creation_time   : 
07-12 19:38:08.181 12363 12708 I mobile-ffmpeg: 2020-03-12T04:11:43.000000Z
07-12 19:38:08.182 12363 12708 I mobile-ffmpeg: 
07-12 19:38:08.182 12363 12708 I mobile-ffmpeg:       handler_name    : 
07-12 19:38:08.182 12363 12708 I mobile-ffmpeg: PittaSoft Sound Media Handler
07-12 19:38:08.182 12363 12708 I mobile-ffmpeg: 
07-12 19:38:08.185 12363 12708 I mobile-ffmpeg: [segment @ 0x943bbc00] Opening '/storage/emulated/0/Movies/segment/20200312_151044/20200312_151044!000.mp4' for writing
07-12 19:38:08.186 12363 12708 I mobile-ffmpeg: Output #0, segment, to '/storage/emulated/0/Movies/segment/20200312_151044/20200312_151044!%03d.mp4':
07-12 19:38:08.186 12363 12708 I mobile-ffmpeg:   Metadata:
07-12 19:38:08.186 12363 12708 I mobile-ffmpeg:     compatible_brands: 
07-12 19:38:08.186 12363 12708 I mobile-ffmpeg: mp42mp42
07-12 19:38:08.186 12363 12708 I mobile-ffmpeg: 
07-12 19:38:08.186 12363 12708 I mobile-ffmpeg:     major_brand     : 
07-12 19:38:08.186 12363 12708 I mobile-ffmpeg: mp42
07-12 19:38:08.187 12363 12708 I mobile-ffmpeg: 
07-12 19:38:08.187 12363 12708 I mobile-ffmpeg:     minor_version   : 
07-12 19:38:08.187 12363 12708 I mobile-ffmpeg: 1
07-12 19:38:08.187 12363 12708 I mobile-ffmpeg: 
07-12 19:38:08.187 12363 12708 I mobile-ffmpeg:     encoder         : 
07-12 19:38:08.187 12363 12708 I mobile-ffmpeg: Lavf58.42.100
07-12 19:38:08.187 12363 12708 I mobile-ffmpeg: 
07-12 19:38:08.187 12363 12708 I mobile-ffmpeg:     Stream #0:0
07-12 19:38:08.188 12363 12708 I mobile-ffmpeg: (eng)
07-12 19:38:08.188 12363 12708 I mobile-ffmpeg: : Video: h264 (avc1 / 0x31637661), yuvj420p(pc, bt709), 1280x720, q=2-31, 8383 kb/s
07-12 19:38:08.188 12363 12708 I mobile-ffmpeg: , 
07-12 19:38:08.188 12363 12708 I mobile-ffmpeg: 29.97 fps, 
07-12 19:38:08.188 12363 12708 I mobile-ffmpeg: 29.97 tbr, 
07-12 19:38:08.188 12363 12708 I mobile-ffmpeg: 16k tbn, 
07-12 19:38:08.188 12363 12708 I mobile-ffmpeg: 1k tbc
07-12 19:38:08.188 12363 12708 I mobile-ffmpeg:  (default)
07-12 19:38:08.188 12363 12708 I mobile-ffmpeg: 
07-12 19:38:08.188 12363 12708 I mobile-ffmpeg:     Metadata:
07-12 19:38:08.189 12363 12708 I mobile-ffmpeg:       creation_time   : 
07-12 19:38:08.189 12363 12708 I mobile-ffmpeg: 2020-03-12T04:11:43.000000Z
07-12 19:38:08.189 12363 12708 I mobile-ffmpeg: 
07-12 19:38:08.189 12363 12708 I mobile-ffmpeg:       handler_name    : 
07-12 19:38:08.189 12363 12708 I mobile-ffmpeg: PittaSoft Video Media Handler
07-12 19:38:08.189 12363 12708 I mobile-ffmpeg: 
07-12 19:38:08.189 12363 12708 I mobile-ffmpeg:     Stream #0:1
07-12 19:38:08.189 12363 12708 I mobile-ffmpeg: (eng)
07-12 19:38:08.190 12363 12708 I mobile-ffmpeg: : Audio: aac (mp4a / 0x6134706D), 16000 Hz, stereo, fltp, 47 kb/s
07-12 19:38:08.190 12363 12708 I mobile-ffmpeg:  (default)
07-12 19:38:08.190 12363 12708 I mobile-ffmpeg: 
07-12 19:38:08.190 12363 12708 I mobile-ffmpeg:     Metadata:
07-12 19:38:08.190 12363 12708 I mobile-ffmpeg:       creation_time   : 
07-12 19:38:08.190 12363 12708 I mobile-ffmpeg: 2020-03-12T04:11:43.000000Z
07-12 19:38:08.190 12363 12708 I mobile-ffmpeg: 
07-12 19:38:08.190 12363 12708 I mobile-ffmpeg:       handler_name    : 
07-12 19:38:08.190 12363 12708 I mobile-ffmpeg: PittaSoft Sound Media Handler
07-12 19:38:08.190 12363 12708 I mobile-ffmpeg: 
07-12 19:38:08.190 12363 12708 I mobile-ffmpeg: Stream mapping:
07-12 19:38:08.191 12363 12708 I mobile-ffmpeg:   Stream #0:0 -> #0:0
07-12 19:38:08.191 12363 12708 I mobile-ffmpeg:  (copy)
07-12 19:38:08.191 12363 12708 I mobile-ffmpeg: 
07-12 19:38:08.191 12363 12708 I mobile-ffmpeg:   Stream #0:1 -> #0:1
07-12 19:38:08.191 12363 12708 I mobile-ffmpeg:  (copy)
07-12 19:38:08.191 12363 12708 I mobile-ffmpeg: 
07-12 19:38:08.191 12363 12708 I mobile-ffmpeg: Press [q] to stop, [?] for help
07-12 19:38:08.192 12363 12708 I mobile-ffmpeg: frame=    1 fps=0.0 q=-1.0 size=N/A time=00:00:00.00 bitrate=N/A speed=31.5x    
07-12 19:38:08.601 12363 12708 I mobile-ffmpeg: [segment @ 0x943bbc00] Opening '/storage/emulated/0/Movies/segment/20200312_151044/20200312_151044!001.mp4' for writing
07-12 19:38:08.692 12363 12708 I mobile-ffmpeg: frame=  797 fps=0.0 q=-1.0 size=N/A time=00:00:26.55 bitrate=N/A speed=53.1x    
07-12 19:38:08.740 12363 12708 I mobile-ffmpeg: [segment @ 0x943bbc00] Opening '/storage/emulated/0/Movies/segment/20200312_151044/20200312_151044!002.mp4' for writing
07-12 19:38:08.879 12363 12708 I mobile-ffmpeg: [segment @ 0x943bbc00] Opening '/storage/emulated/0/Movies/segment/20200312_151044/20200312_151044!003.mp4' for writing
07-12 19:38:08.989 12363 12708 I mobile-ffmpeg: frame= 1800 fps=0.0 q=-1.0 Lsize=N/A time=00:01:00.03 bitrate=N/A speed=75.2x    
07-12 19:38:08.989 12363 12708 I mobile-ffmpeg: video:61424kB audio:346kB subtitle:0kB other streams:0kB global headers:0kB muxing overhead: 
07-12 19:38:08.989 12363 12708 I mobile-ffmpeg: unknown
07-12 19:38:08.989 12363 12708 I mobile-ffmpeg: 
07-12 19:38:08.993 12363 12654 V FileManager: External storage is readable
07-12 19:38:08.993 12363 12654 V FileManager: Directory already exists: /storage/emulated/0/Movies/segment/20200312_151044
