07-12 19:35:44.152 12363 12654 V VideoManager: Retrieving video from /storage/emulated/0/Movies/segment/20200312_150643/20200312_150643!000.mp4
07-12 19:35:44.157 12363 12654 V VideoManager: videoFromCursor
07-12 19:35:44.160 12363 12654 V VideoManager: Retrieving video from /storage/emulated/0/Movies/segment/20200312_150643/20200312_150643!001.mp4
07-12 19:35:44.165 12363 12654 V VideoManager: videoFromCursor
07-12 19:35:44.167 12363 12654 V VideoManager: Retrieving video from /storage/emulated/0/Movies/segment/20200312_150643/20200312_150643!002.mp4
07-12 19:35:44.173 12363 12654 V VideoManager: videoFromCursor
07-12 19:35:44.175 12363 12654 V VideoManager: Retrieving video from /storage/emulated/0/Movies/segment/20200312_150643/20200312_150643!003.mp4
07-12 19:35:44.180 12363 12654 V VideoManager: videoFromCursor
07-12 19:35:44.182 12363 12654 V NearbyFragment: nextTransfer with selected algorithm: best_or_local
07-12 19:35:44.185 12363 12654 W NearbyFragment: Sending 20200312_150643!000.mp4 to Galaxy S8 [2802]
07-12 19:35:44.199 12363 12363 V NearbyFragment: Transfer to Endpoint{id=Hqzs, name=Galaxy S8 [2802]} complete
07-12 19:35:45.190 12363 12654 V DownloadTestVideosTask: Starting DownloadTestVideosTask
07-12 19:35:45.194 12363 12654 V DashDownloadManager: Started downloading: 20200312_150744.mp4
07-12 19:35:52.636 12363 12363 V NearbyFragment: Transfer to Endpoint{id=Hqzs, name=Galaxy S8 [2802]} complete
07-12 19:35:52.891 12363 12363 D NearbyFragment: onPayloadReceived(endpointId=Hqzs, payload=com.google.android.gms.nearby.connection.Payload@34de214)
07-12 19:35:52.895 12363 12363 D NearbyFragment: Endpoint{id=Hqzs, name=Galaxy S8 [2802]} has finished downloading 20200312_150643!000.mp4
07-12 19:35:52.897 12363 12363 V NearbyFragment: nextTransfer with selected algorithm: best_or_local
07-12 19:35:52.901 12363 12363 W NearbyFragment: Sending 20200312_150643!001.mp4 to Shark 1S [34d8]
07-12 19:35:52.949 12363 12363 V NearbyFragment: Transfer to Endpoint{id=Hqzs, name=Galaxy S8 [2802]} complete
07-12 19:35:52.989 12363 12363 V NearbyFragment: Transfer to Endpoint{id=a6Kd, name=Shark 1S [34d8]} complete
07-12 19:35:55.281 12363 12363 D NearbyFragment: onPayloadReceived(endpointId=Hqzs, payload=com.google.android.gms.nearby.connection.Payload@6310b80)
07-12 19:35:55.282 12363 12363 D NearbyFragment: 20200312_150643!000.mp4 from Endpoint{id=Hqzs, name=Galaxy S8 [2802]} contained no activity
07-12 19:35:55.283 12363 12363 V NearbyFragment: Received a segment of 20200312_150643
07-12 19:35:55.284 12363 12363 V NearbyFragment: nextTransfer with selected algorithm: best_or_local
07-12 19:35:55.288 12363 12363 W NearbyFragment: Sending 20200312_150643!002.mp4 to Galaxy S8 [2802]
07-12 19:35:55.303 12363 12363 V NearbyFragment: Transfer to Endpoint{id=Hqzs, name=Galaxy S8 [2802]} complete
07-12 19:35:55.309 12363 12363 V NearbyFragment: Transfer to Endpoint{id=Hqzs, name=Galaxy S8 [2802]} complete
07-12 19:36:00.177 12363 12363 V NearbyFragment: Transfer to Endpoint{id=a6Kd, name=Shark 1S [34d8]} complete
07-12 19:36:00.275 12363 12363 D NearbyFragment: onPayloadReceived(endpointId=a6Kd, payload=com.google.android.gms.nearby.connection.Payload@9a3495f)
07-12 19:36:00.276 12363 12363 D NearbyFragment: Endpoint{id=a6Kd, name=Shark 1S [34d8]} has finished downloading 20200312_150643!001.mp4
07-12 19:36:00.277 12363 12363 V NearbyFragment: nextTransfer with selected algorithm: best_or_local
07-12 19:36:00.278 12363 12363 W NearbyFragment: Sending 20200312_150643!003.mp4 to Shark 1S [9c8f]
07-12 19:36:00.292 12363 12363 V NearbyFragment: Transfer to Endpoint{id=b1P0, name=Shark 1S [9c8f]} complete
07-12 19:36:00.323 12363 12363 V NearbyFragment: Transfer to Endpoint{id=a6Kd, name=Shark 1S [34d8]} complete
07-12 19:36:03.698 12363 12363 D NearbyFragment: onPayloadReceived(endpointId=a6Kd, payload=com.google.android.gms.nearby.connection.Payload@4bbcc0a)
07-12 19:36:03.699 12363 12363 D NearbyFragment: 20200312_150643!001.mp4 from Endpoint{id=a6Kd, name=Shark 1S [34d8]} contained no activity
07-12 19:36:03.699 12363 12363 V NearbyFragment: Received a segment of 20200312_150643
07-12 19:36:03.700 12363 12363 I NearbyFragment: Transfer queue is empty
07-12 19:36:03.799 12363 12363 V NearbyFragment: Transfer to Endpoint{id=a6Kd, name=Shark 1S [34d8]} complete
07-12 19:36:04.456 12363 12363 V NearbyFragment: Transfer to Endpoint{id=Hqzs, name=Galaxy S8 [2802]} complete
07-12 19:36:04.720 12363 12363 D NearbyFragment: onPayloadReceived(endpointId=Hqzs, payload=com.google.android.gms.nearby.connection.Payload@5dd1c7b)
07-12 19:36:04.722 12363 12363 D NearbyFragment: Endpoint{id=Hqzs, name=Galaxy S8 [2802]} has finished downloading 20200312_150643!002.mp4
07-12 19:36:04.722 12363 12363 I NearbyFragment: Transfer queue is empty
07-12 19:36:04.741 12363 12363 V NearbyFragment: Transfer to Endpoint{id=Hqzs, name=Galaxy S8 [2802]} complete
07-12 19:36:07.359 12363 12363 D NearbyFragment: onPayloadReceived(endpointId=Hqzs, payload=com.google.android.gms.nearby.connection.Payload@ff4ca98)
07-12 19:36:07.360 12363 12363 D NearbyFragment: 20200312_150643!002.mp4 from Endpoint{id=Hqzs, name=Galaxy S8 [2802]} contained no activity
07-12 19:36:07.361 12363 12363 V NearbyFragment: Received a segment of 20200312_150643
07-12 19:36:07.361 12363 12363 I NearbyFragment: Transfer queue is empty
07-12 19:36:07.389 12363 12363 V NearbyFragment: Transfer to Endpoint{id=Hqzs, name=Galaxy S8 [2802]} complete
07-12 19:36:09.625 12363 12363 V NearbyFragment: Transfer to Endpoint{id=b1P0, name=Shark 1S [9c8f]} complete
07-12 19:36:09.703 12363 12363 D NearbyFragment: onPayloadReceived(endpointId=b1P0, payload=com.google.android.gms.nearby.connection.Payload@a84c2f1)
07-12 19:36:09.703 12363 12363 D NearbyFragment: Endpoint{id=b1P0, name=Shark 1S [9c8f]} has finished downloading 20200312_150643!003.mp4
07-12 19:36:09.704 12363 12363 I NearbyFragment: Transfer queue is empty
07-12 19:36:09.760 12363 12363 V NearbyFragment: Transfer to Endpoint{id=b1P0, name=Shark 1S [9c8f]} complete
07-12 19:36:12.562 12363 12363 D NearbyFragment: onPayloadReceived(endpointId=b1P0, payload=com.google.android.gms.nearby.connection.Payload@5529ed6)
07-12 19:36:12.564 12363 12363 D NearbyFragment: 20200312_150643!003.mp4 from Endpoint{id=b1P0, name=Shark 1S [9c8f]} contained no activity
07-12 19:36:12.564 12363 12363 D NearbyFragment: Received all summarised video segments of 20200312_150643
07-12 19:36:12.571 12363 12363 V FileManager: External storage is readable
07-12 19:36:12.572 12363 12363 V FileManager: Created new directory: /storage/emulated/0/Movies/segment-sum/20200312_150643
07-12 19:36:12.576 12363 12363 D FfmpegTools: Merging /storage/emulated/0/Movies/summarised/20200312_150643.mp4
07-12 19:36:12.576 12363 12363 D FfmpegTools: No split videos to merge
07-12 19:36:12.577 12363 12363 V RawFootageEventHandler: removeByName
07-12 19:36:12.579 12363 12363 V ProcessingVideosEventHandler: removeByName
07-12 19:36:12.582 12363 12363 V NearbyFragment: Removing video segment map for 20200312_150643
07-12 19:36:12.583 12363 12363 I NearbyFragment: Transfer queue is empty
07-12 19:36:12.614 12363 12363 V NearbyFragment: Transfer to Endpoint{id=b1P0, name=Shark 1S [9c8f]} complete
07-12 19:36:15.820 12363 12654 V VideoManager: Retrieving video from /storage/emulated/0/Movies/raw/20200312_150744.mp4
07-12 19:36:15.839 12363 12654 D VideoManager: videoCursor is null
07-12 19:36:15.909 12363 12654 V VideoManager: videoFromCursor
07-12 19:36:15.912 12363 12654 W DashDownloadManager: Successfully downloaded 20200312_150744.mp4 in 30.625s
07-12 19:36:15.913 12363 12654 V DownloadTestVideosTask: Entering callback for download completion of 20200312_150744.mp4
07-12 19:36:15.914 12363 12654 V RawFootageEventHandler: onAdd
07-12 19:36:15.919 12363 12654 V FfmpegTools: Retrieving duration of /storage/emulated/0/Movies/raw/20200312_150744.mp4
07-12 19:36:15.950 12363 12708 W mobile-ffmpeg: [mov,mp4,m4a,3gp,3g2,mj2 @ 0x8f06fa00] Found duplicated MOOV Atom. Skipped it
07-12 19:36:16.015 12363 12708 I mobile-ffmpeg: Input #0, mov,mp4,m4a,3gp,3g2,mj2, from '/storage/emulated/0/Movies/raw/20200312_150744.mp4':
07-12 19:36:16.015 12363 12708 I mobile-ffmpeg:   Metadata:
07-12 19:36:16.015 12363 12708 I mobile-ffmpeg:     creation_time   : 
07-12 19:36:16.015 12363 12708 I mobile-ffmpeg: 2020-03-12T04:08:43.000000Z
07-12 19:36:16.016 12363 12708 I mobile-ffmpeg: 
07-12 19:36:16.016 12363 12708 I mobile-ffmpeg:     major_brand     : 
07-12 19:36:16.016 12363 12708 I mobile-ffmpeg: mp42
07-12 19:36:16.016 12363 12708 I mobile-ffmpeg: 
07-12 19:36:16.016 12363 12708 I mobile-ffmpeg:     minor_version   : 
07-12 19:36:16.016 12363 12708 I mobile-ffmpeg: 1
07-12 19:36:16.016 12363 12708 I mobile-ffmpeg: 
07-12 19:36:16.016 12363 12708 I mobile-ffmpeg:     compatible_brands: 
07-12 19:36:16.016 12363 12708 I mobile-ffmpeg: mp42mp42
07-12 19:36:16.016 12363 12708 I mobile-ffmpeg: 
07-12 19:36:16.016 12363 12708 I mobile-ffmpeg:   Duration: 
07-12 19:36:16.016 12363 12708 I mobile-ffmpeg: 00:01:00.02
07-12 19:36:16.017 12363 12708 I mobile-ffmpeg: , start: 
07-12 19:36:16.017 12363 12708 I mobile-ffmpeg: 0.000000
07-12 19:36:16.017 12363 12708 I mobile-ffmpeg: , bitrate: 
07-12 19:36:16.017 12363 12708 I mobile-ffmpeg: 9328 kb/s
07-12 19:36:16.017 12363 12708 I mobile-ffmpeg: 
07-12 19:36:16.017 12363 12708 I mobile-ffmpeg:     Stream #0:0
07-12 19:36:16.017 12363 12708 I mobile-ffmpeg: (eng)
07-12 19:36:16.017 12363 12708 I mobile-ffmpeg: : Video: h264 (avc1 / 0x31637661), yuvj420p(pc, bt709), 1280x720, 8381 kb/s
07-12 19:36:16.017 12363 12708 I mobile-ffmpeg: , 
07-12 19:36:16.017 12363 12708 I mobile-ffmpeg: 29.97 fps, 
07-12 19:36:16.017 12363 12708 I mobile-ffmpeg: 29.97 tbr, 
07-12 19:36:16.017 12363 12708 I mobile-ffmpeg: 1k tbn, 
07-12 19:36:16.018 12363 12708 I mobile-ffmpeg: 2k tbc
07-12 19:36:16.018 12363 12708 I mobile-ffmpeg:  (default)
07-12 19:36:16.018 12363 12708 I mobile-ffmpeg: 
07-12 19:36:16.018 12363 12708 I mobile-ffmpeg:     Metadata:
07-12 19:36:16.018 12363 12708 I mobile-ffmpeg:       creation_time   : 
07-12 19:36:16.018 12363 12708 I mobile-ffmpeg: 2020-03-12T04:08:43.000000Z
07-12 19:36:16.018 12363 12708 I mobile-ffmpeg: 
07-12 19:36:16.018 12363 12708 I mobile-ffmpeg:       handler_name    : 
07-12 19:36:16.018 12363 12708 I mobile-ffmpeg: PittaSoft Video Media Handler
07-12 19:36:16.018 12363 12708 I mobile-ffmpeg: 
07-12 19:36:16.018 12363 12708 I mobile-ffmpeg:     Stream #0:1
07-12 19:36:16.018 12363 12708 I mobile-ffmpeg: (eng)
07-12 19:36:16.018 12363 12708 I mobile-ffmpeg: : Audio: aac (mp4a / 0x6134706D), 16000 Hz, stereo, fltp, 47 kb/s
07-12 19:36:16.019 12363 12708 I mobile-ffmpeg:  (default)
07-12 19:36:16.019 12363 12708 I mobile-ffmpeg: 
07-12 19:36:16.019 12363 12708 I mobile-ffmpeg:     Metadata:
07-12 19:36:16.019 12363 12708 I mobile-ffmpeg:       creation_time   : 
07-12 19:36:16.019 12363 12708 I mobile-ffmpeg: 2020-03-12T04:08:43.000000Z
07-12 19:36:16.019 12363 12708 I mobile-ffmpeg: 
07-12 19:36:16.019 12363 12708 I mobile-ffmpeg:       handler_name    : 
07-12 19:36:16.019 12363 12708 I mobile-ffmpeg: PittaSoft Sound Media Handler
07-12 19:36:16.019 12363 12708 I mobile-ffmpeg: 
07-12 19:36:16.039 12363 12654 V FileManager: External storage is readable
07-12 19:36:16.040 12363 12654 V FileManager: Created new directory: /storage/emulated/0/Movies/segment/20200312_150744
07-12 19:36:16.040 12363 12654 V FfmpegTools: Splitting /storage/emulated/0/Movies/raw/20200312_150744.mp4 with 16s long segments
07-12 19:36:16.042 12363 12654 I FfmpegTools: Running ffmpeg with:
07-12 19:36:16.042 12363 12654 I FfmpegTools:   -y -i /storage/emulated/0/Movies/raw/20200312_150744.mp4 -map 0 -c copy -f segment -reset_timestamps 1 -segment_time 16 /storage/emulated/0/Movies/segment/20200312_150744/20200312_150744!%03d.mp4
07-12 19:36:16.058 12363 12708 W mobile-ffmpeg: [mov,mp4,m4a,3gp,3g2,mj2 @ 0x93f19c00] Found duplicated MOOV Atom. Skipped it
07-12 19:36:16.099 12363 12708 I mobile-ffmpeg: Input #0, mov,mp4,m4a,3gp,3g2,mj2, from '/storage/emulated/0/Movies/raw/20200312_150744.mp4':
07-12 19:36:16.099 12363 12708 I mobile-ffmpeg:   Metadata:
07-12 19:36:16.100 12363 12708 I mobile-ffmpeg:     creation_time   : 
07-12 19:36:16.100 12363 12708 I mobile-ffmpeg: 2020-03-12T04:08:43.000000Z
07-12 19:36:16.100 12363 12708 I mobile-ffmpeg: 
07-12 19:36:16.100 12363 12708 I mobile-ffmpeg:     major_brand     : 
07-12 19:36:16.100 12363 12708 I mobile-ffmpeg: mp42
07-12 19:36:16.100 12363 12708 I mobile-ffmpeg: 
07-12 19:36:16.100 12363 12708 I mobile-ffmpeg:     minor_version   : 
07-12 19:36:16.100 12363 12708 I mobile-ffmpeg: 1
07-12 19:36:16.100 12363 12708 I mobile-ffmpeg: 
07-12 19:36:16.100 12363 12708 I mobile-ffmpeg:     compatible_brands: 
07-12 19:36:16.100 12363 12708 I mobile-ffmpeg: mp42mp42
07-12 19:36:16.100 12363 12708 I mobile-ffmpeg: 
07-12 19:36:16.100 12363 12708 I mobile-ffmpeg:   Duration: 
07-12 19:36:16.101 12363 12708 I mobile-ffmpeg: 00:01:00.02
07-12 19:36:16.101 12363 12708 I mobile-ffmpeg: , start: 
07-12 19:36:16.101 12363 12708 I mobile-ffmpeg: 0.000000
07-12 19:36:16.101 12363 12708 I mobile-ffmpeg: , bitrate: 
07-12 19:36:16.101 12363 12708 I mobile-ffmpeg: 9328 kb/s
07-12 19:36:16.101 12363 12708 I mobile-ffmpeg: 
07-12 19:36:16.101 12363 12708 I mobile-ffmpeg:     Stream #0:0
07-12 19:36:16.101 12363 12708 I mobile-ffmpeg: (eng)
07-12 19:36:16.101 12363 12708 I mobile-ffmpeg: : Video: h264 (avc1 / 0x31637661), yuvj420p(pc, bt709), 1280x720, 8381 kb/s
07-12 19:36:16.101 12363 12708 I mobile-ffmpeg: , 
07-12 19:36:16.101 12363 12708 I mobile-ffmpeg: 29.97 fps, 
07-12 19:36:16.101 12363 12708 I mobile-ffmpeg: 29.97 tbr, 
07-12 19:36:16.101 12363 12708 I mobile-ffmpeg: 1k tbn, 
07-12 19:36:16.102 12363 12708 I mobile-ffmpeg: 2k tbc
07-12 19:36:16.102 12363 12708 I mobile-ffmpeg:  (default)
07-12 19:36:16.102 12363 12708 I mobile-ffmpeg: 
07-12 19:36:16.102 12363 12708 I mobile-ffmpeg:     Metadata:
07-12 19:36:16.102 12363 12708 I mobile-ffmpeg:       creation_time   : 
07-12 19:36:16.102 12363 12708 I mobile-ffmpeg: 2020-03-12T04:08:43.000000Z
07-12 19:36:16.102 12363 12708 I mobile-ffmpeg: 
07-12 19:36:16.102 12363 12708 I mobile-ffmpeg:       handler_name    : 
07-12 19:36:16.102 12363 12708 I mobile-ffmpeg: PittaSoft Video Media Handler
07-12 19:36:16.102 12363 12708 I mobile-ffmpeg: 
07-12 19:36:16.102 12363 12708 I mobile-ffmpeg:     Stream #0:1
07-12 19:36:16.102 12363 12708 I mobile-ffmpeg: (eng)
07-12 19:36:16.103 12363 12708 I mobile-ffmpeg: : Audio: aac (mp4a / 0x6134706D), 16000 Hz, stereo, fltp, 47 kb/s
07-12 19:36:16.103 12363 12708 I mobile-ffmpeg:  (default)
07-12 19:36:16.103 12363 12708 I mobile-ffmpeg: 
07-12 19:36:16.103 12363 12708 I mobile-ffmpeg:     Metadata:
07-12 19:36:16.103 12363 12708 I mobile-ffmpeg:       creation_time   : 
07-12 19:36:16.103 12363 12708 I mobile-ffmpeg: 2020-03-12T04:08:43.000000Z
07-12 19:36:16.103 12363 12708 I mobile-ffmpeg: 
07-12 19:36:16.103 12363 12708 I mobile-ffmpeg:       handler_name    : 
07-12 19:36:16.103 12363 12708 I mobile-ffmpeg: PittaSoft Sound Media Handler
07-12 19:36:16.103 12363 12708 I mobile-ffmpeg: 
07-12 19:36:16.103 12363 12708 I mobile-ffmpeg: [segment @ 0x93f1ae00] Opening '/storage/emulated/0/Movies/segment/20200312_150744/20200312_150744!000.mp4' for writing
07-12 19:36:16.103 12363 12708 I mobile-ffmpeg: Output #0, segment, to '/storage/emulated/0/Movies/segment/20200312_150744/20200312_150744!%03d.mp4':
07-12 19:36:16.104 12363 12708 I mobile-ffmpeg:   Metadata:
07-12 19:36:16.104 12363 12708 I mobile-ffmpeg:     compatible_brands: 
07-12 19:36:16.104 12363 12708 I mobile-ffmpeg: mp42mp42
07-12 19:36:16.104 12363 12708 I mobile-ffmpeg: 
07-12 19:36:16.104 12363 12708 I mobile-ffmpeg:     major_brand     : 
07-12 19:36:16.104 12363 12708 I mobile-ffmpeg: mp42
07-12 19:36:16.104 12363 12708 I mobile-ffmpeg: 
07-12 19:36:16.104 12363 12708 I mobile-ffmpeg:     minor_version   : 
07-12 19:36:16.104 12363 12708 I mobile-ffmpeg: 1
07-12 19:36:16.104 12363 12708 I mobile-ffmpeg: 
07-12 19:36:16.104 12363 12708 I mobile-ffmpeg:     encoder         : 
07-12 19:36:16.105 12363 12708 I mobile-ffmpeg: Lavf58.42.100
07-12 19:36:16.105 12363 12708 I mobile-ffmpeg: 
07-12 19:36:16.105 12363 12708 I mobile-ffmpeg:     Stream #0:0
07-12 19:36:16.105 12363 12708 I mobile-ffmpeg: (eng)
07-12 19:36:16.105 12363 12708 I mobile-ffmpeg: : Video: h264 (avc1 / 0x31637661), yuvj420p(pc, bt709), 1280x720, q=2-31, 8381 kb/s
07-12 19:36:16.105 12363 12708 I mobile-ffmpeg: , 
07-12 19:36:16.105 12363 12708 I mobile-ffmpeg: 29.97 fps, 
07-12 19:36:16.105 12363 12708 I mobile-ffmpeg: 29.97 tbr, 
07-12 19:36:16.105 12363 12708 I mobile-ffmpeg: 16k tbn, 
07-12 19:36:16.105 12363 12708 I mobile-ffmpeg: 1k tbc
07-12 19:36:16.105 12363 12708 I mobile-ffmpeg:  (default)
07-12 19:36:16.105 12363 12708 I mobile-ffmpeg: 
07-12 19:36:16.105 12363 12708 I mobile-ffmpeg:     Metadata:
07-12 19:36:16.106 12363 12708 I mobile-ffmpeg:       creation_time   : 
07-12 19:36:16.106 12363 12708 I mobile-ffmpeg: 2020-03-12T04:08:43.000000Z
07-12 19:36:16.106 12363 12708 I mobile-ffmpeg: 
07-12 19:36:16.106 12363 12708 I mobile-ffmpeg:       handler_name    : 
07-12 19:36:16.106 12363 12708 I mobile-ffmpeg: PittaSoft Video Media Handler
07-12 19:36:16.106 12363 12708 I mobile-ffmpeg: 
07-12 19:36:16.106 12363 12708 I mobile-ffmpeg:     Stream #0:1
07-12 19:36:16.106 12363 12708 I mobile-ffmpeg: (eng)
07-12 19:36:16.106 12363 12708 I mobile-ffmpeg: : Audio: aac (mp4a / 0x6134706D), 16000 Hz, stereo, fltp, 47 kb/s
07-12 19:36:16.106 12363 12708 I mobile-ffmpeg:  (default)
07-12 19:36:16.106 12363 12708 I mobile-ffmpeg: 
07-12 19:36:16.107 12363 12708 I mobile-ffmpeg:     Metadata:
07-12 19:36:16.107 12363 12708 I mobile-ffmpeg:       creation_time   : 
07-12 19:36:16.107 12363 12708 I mobile-ffmpeg: 2020-03-12T04:08:43.000000Z
07-12 19:36:16.107 12363 12708 I mobile-ffmpeg: 
07-12 19:36:16.107 12363 12708 I mobile-ffmpeg:       handler_name    : 
07-12 19:36:16.107 12363 12708 I mobile-ffmpeg: PittaSoft Sound Media Handler
07-12 19:36:16.107 12363 12708 I mobile-ffmpeg: 
07-12 19:36:16.107 12363 12708 I mobile-ffmpeg: Stream mapping:
07-12 19:36:16.107 12363 12708 I mobile-ffmpeg:   Stream #0:0 -> #0:0
07-12 19:36:16.107 12363 12708 I mobile-ffmpeg:  (copy)
07-12 19:36:16.107 12363 12708 I mobile-ffmpeg: 
07-12 19:36:16.108 12363 12708 I mobile-ffmpeg:   Stream #0:1 -> #0:1
07-12 19:36:16.108 12363 12708 I mobile-ffmpeg:  (copy)
07-12 19:36:16.108 12363 12708 I mobile-ffmpeg: 
07-12 19:36:16.108 12363 12708 I mobile-ffmpeg: Press [q] to stop, [?] for help
07-12 19:36:16.108 12363 12708 I mobile-ffmpeg: frame=    1 fps=0.0 q=-1.0 size=N/A time=00:00:00.00 bitrate=N/A speed=31.5x    
07-12 19:36:16.256 12363 12708 I mobile-ffmpeg: [segment @ 0x93f1ae00] Opening '/storage/emulated/0/Movies/segment/20200312_150744/20200312_150744!001.mp4' for writing
07-12 19:36:16.469 12363 12708 I mobile-ffmpeg: [segment @ 0x93f1ae00] Opening '/storage/emulated/0/Movies/segment/20200312_150744/20200312_150744!002.mp4' for writing
07-12 19:36:16.602 12363 12708 I mobile-ffmpeg: frame= 1390 fps=0.0 q=-1.0 size=N/A time=00:00:46.34 bitrate=N/A speed=92.7x    
07-12 19:36:16.620 12363 12708 I mobile-ffmpeg: [segment @ 0x93f1ae00] Opening '/storage/emulated/0/Movies/segment/20200312_150744/20200312_150744!003.mp4' for writing
07-12 19:36:16.729 12363 12708 I mobile-ffmpeg: frame= 1800 fps=0.0 q=-1.0 Lsize=N/A time=00:01:00.03 bitrate=N/A speed=95.7x    
07-12 19:36:16.730 12363 12708 I mobile-ffmpeg: video:61410kB audio:346kB subtitle:0kB other streams:0kB global headers:0kB muxing overhead: 
07-12 19:36:16.730 12363 12708 I mobile-ffmpeg: unknown
07-12 19:36:16.730 12363 12708 I mobile-ffmpeg: 
07-12 19:36:16.733 12363 12654 V FileManager: External storage is readable
07-12 19:36:16.734 12363 12654 V FileManager: Directory already exists: /storage/emulated/0/Movies/segment/20200312_150744
07-12 19:36:16.734 12363 12654 V VideoManager: Retrieving videos from /storage/emulated/0/Movies/segment/20200312_150744
07-12 19:36:16.735 12363 12654 V VideoManager: Retrieving video from /storage/emulated/0/Movies/segment/20200312_150744/20200312_150744!000.mp4
07-12 19:36:16.741 12363 12654 V VideoManager: videoFromCursor
07-12 19:36:16.745 12363 12654 V VideoManager: Retrieving video from /storage/emulated/0/Movies/segment/20200312_150744/20200312_150744!001.mp4
07-12 19:36:16.751 12363 12654 V VideoManager: videoFromCursor
07-12 19:36:16.753 12363 12654 V VideoManager: Retrieving video from /storage/emulated/0/Movies/segment/20200312_150744/20200312_150744!002.mp4
07-12 19:36:16.760 12363 12654 V VideoManager: videoFromCursor
07-12 19:36:16.763 12363 12654 V VideoManager: Retrieving video from /storage/emulated/0/Movies/segment/20200312_150744/20200312_150744!003.mp4
07-12 19:36:16.769 12363 12654 V VideoManager: videoFromCursor
07-12 19:36:16.774 12363 12654 V NearbyFragment: nextTransfer with selected algorithm: best_or_local
07-12 19:36:16.775 12363 12654 W NearbyFragment: Sending 20200312_150744!000.mp4 to Galaxy S8 [2802]
07-12 19:36:16.786 12363 12363 V NearbyFragment: Transfer to Endpoint{id=Hqzs, name=Galaxy S8 [2802]} complete
07-12 19:36:17.779 12363 12654 V DownloadTestVideosTask: Starting DownloadTestVideosTask
07-12 19:36:17.782 12363 12654 V DashDownloadManager: Started downloading: 20200312_150844.mp4
07-12 19:36:20.651 12363 12363 V NearbyFragment: Transfer to Endpoint{id=Hqzs, name=Galaxy S8 [2802]} complete
07-12 19:36:20.949 12363 12363 D NearbyFragment: onPayloadReceived(endpointId=Hqzs, payload=com.google.android.gms.nearby.connection.Payload@55e54b0)
07-12 19:36:20.951 12363 12363 D NearbyFragment: Endpoint{id=Hqzs, name=Galaxy S8 [2802]} has finished downloading 20200312_150744!000.mp4
07-12 19:36:20.953 12363 12363 V NearbyFragment: nextTransfer with selected algorithm: best_or_local
07-12 19:36:20.956 12363 12363 W NearbyFragment: Sending 20200312_150744!001.mp4 to Shark 1S [34d8]
07-12 19:36:20.987 12363 12363 V NearbyFragment: Transfer to Endpoint{id=a6Kd, name=Shark 1S [34d8]} complete
07-12 19:36:20.990 12363 12363 V NearbyFragment: Transfer to Endpoint{id=Hqzs, name=Galaxy S8 [2802]} complete
07-12 19:36:23.380 12363 12363 D NearbyFragment: onPayloadReceived(endpointId=Hqzs, payload=com.google.android.gms.nearby.connection.Payload@2d7484f)
07-12 19:36:23.381 12363 12363 D NearbyFragment: 20200312_150744!000.mp4 from Endpoint{id=Hqzs, name=Galaxy S8 [2802]} contained no activity
07-12 19:36:23.381 12363 12363 V NearbyFragment: Received a segment of 20200312_150744
07-12 19:36:23.382 12363 12363 V NearbyFragment: nextTransfer with selected algorithm: best_or_local
07-12 19:36:23.383 12363 12363 W NearbyFragment: Sending 20200312_150744!002.mp4 to Galaxy S8 [2802]
07-12 19:36:23.425 12363 12363 V NearbyFragment: Transfer to Endpoint{id=Hqzs, name=Galaxy S8 [2802]} complete
07-12 19:36:23.443 12363 12363 V NearbyFragment: Transfer to Endpoint{id=Hqzs, name=Galaxy S8 [2802]} complete
07-12 19:36:26.816 12363 12363 V NearbyFragment: Transfer to Endpoint{id=a6Kd, name=Shark 1S [34d8]} complete
07-12 19:36:26.915 12363 12363 D NearbyFragment: onPayloadReceived(endpointId=a6Kd, payload=com.google.android.gms.nearby.connection.Payload@e74bba)
07-12 19:36:26.915 12363 12363 D NearbyFragment: Endpoint{id=a6Kd, name=Shark 1S [34d8]} has finished downloading 20200312_150744!001.mp4
07-12 19:36:26.916 12363 12363 V NearbyFragment: nextTransfer with selected algorithm: best_or_local
07-12 19:36:26.918 12363 12363 W NearbyFragment: Sending 20200312_150744!003.mp4 to Shark 1S [9c8f]
07-12 19:36:26.946 12363 12363 V NearbyFragment: Transfer to Endpoint{id=b1P0, name=Shark 1S [9c8f]} complete
07-12 19:36:26.963 12363 12363 V NearbyFragment: Transfer to Endpoint{id=a6Kd, name=Shark 1S [34d8]} complete
07-12 19:36:30.105 12363 12363 D NearbyFragment: onPayloadReceived(endpointId=a6Kd, payload=com.google.android.gms.nearby.connection.Payload@ffb4a61)
07-12 19:36:30.106 12363 12363 D NearbyFragment: 20200312_150744!001.mp4 from Endpoint{id=a6Kd, name=Shark 1S [34d8]} contained no activity
07-12 19:36:30.107 12363 12363 V NearbyFragment: Received a segment of 20200312_150744
07-12 19:36:30.107 12363 12363 I NearbyFragment: Transfer queue is empty
07-12 19:36:30.110 12363 12363 V NearbyFragment: Transfer to Endpoint{id=a6Kd, name=Shark 1S [34d8]} complete
07-12 19:36:36.950 12363 12363 V NearbyFragment: Transfer to Endpoint{id=Hqzs, name=Galaxy S8 [2802]} complete
07-12 19:36:37.092 12363 12363 D NearbyFragment: onPayloadReceived(endpointId=Hqzs, payload=com.google.android.gms.nearby.connection.Payload@6ae6986)
07-12 19:36:37.092 12363 12363 D NearbyFragment: Endpoint{id=Hqzs, name=Galaxy S8 [2802]} has finished downloading 20200312_150744!002.mp4
07-12 19:36:37.093 12363 12363 I NearbyFragment: Transfer queue is empty
07-12 19:36:37.138 12363 12363 V NearbyFragment: Transfer to Endpoint{id=Hqzs, name=Galaxy S8 [2802]} complete
07-12 19:36:39.423 12363 12363 D NearbyFragment: onPayloadReceived(endpointId=Hqzs, payload=com.google.android.gms.nearby.connection.Payload@df247)
07-12 19:36:39.423 12363 12363 D NearbyFragment: 20200312_150744!002.mp4 from Endpoint{id=Hqzs, name=Galaxy S8 [2802]} contained no activity
07-12 19:36:39.423 12363 12363 V NearbyFragment: Received a segment of 20200312_150744
07-12 19:36:39.424 12363 12363 I NearbyFragment: Transfer queue is empty
07-12 19:36:39.444 12363 12363 V NearbyFragment: Transfer to Endpoint{id=Hqzs, name=Galaxy S8 [2802]} complete
07-12 19:36:42.740 12363 12363 V NearbyFragment: Transfer to Endpoint{id=b1P0, name=Shark 1S [9c8f]} complete
07-12 19:36:42.837 12363 12363 D NearbyFragment: onPayloadReceived(endpointId=b1P0, payload=com.google.android.gms.nearby.connection.Payload@fabfa74)
07-12 19:36:42.837 12363 12363 D NearbyFragment: Endpoint{id=b1P0, name=Shark 1S [9c8f]} has finished downloading 20200312_150744!003.mp4
07-12 19:36:42.838 12363 12363 I NearbyFragment: Transfer queue is empty
07-12 19:36:42.879 12363 12363 V NearbyFragment: Transfer to Endpoint{id=b1P0, name=Shark 1S [9c8f]} complete
07-12 19:36:50.624 12363 12654 V VideoManager: Retrieving video from /storage/emulated/0/Movies/raw/20200312_150844.mp4
07-12 19:36:50.644 12363 12654 D VideoManager: videoCursor is null
07-12 19:36:50.707 12363 12654 V VideoManager: videoFromCursor
07-12 19:36:50.710 12363 12654 W DashDownloadManager: Successfully downloaded 20200312_150844.mp4 in 32.841s
07-12 19:36:50.710 12363 12654 V DownloadTestVideosTask: Entering callback for download completion of 20200312_150844.mp4
07-12 19:36:50.711 12363 12654 V RawFootageEventHandler: onAdd
07-12 19:36:50.715 12363 12654 V FfmpegTools: Retrieving duration of /storage/emulated/0/Movies/raw/20200312_150844.mp4
07-12 19:36:50.740 12363 12708 W mobile-ffmpeg: [mov,mp4,m4a,3gp,3g2,mj2 @ 0xa5618800] Found duplicated MOOV Atom. Skipped it
07-12 19:36:50.826 12363 12708 I mobile-ffmpeg: Input #0, mov,mp4,m4a,3gp,3g2,mj2, from '/storage/emulated/0/Movies/raw/20200312_150844.mp4':
07-12 19:36:50.826 12363 12708 I mobile-ffmpeg:   Metadata:
07-12 19:36:50.827 12363 12708 I mobile-ffmpeg:     creation_time   : 
07-12 19:36:50.827 12363 12708 I mobile-ffmpeg: 2020-03-12T04:09:43.000000Z
07-12 19:36:50.827 12363 12708 I mobile-ffmpeg: 
07-12 19:36:50.828 12363 12708 I mobile-ffmpeg:     major_brand     : 
07-12 19:36:50.828 12363 12708 I mobile-ffmpeg: mp42
07-12 19:36:50.828 12363 12708 I mobile-ffmpeg: 
07-12 19:36:50.829 12363 12708 I mobile-ffmpeg:     minor_version   : 
07-12 19:36:50.830 12363 12708 I mobile-ffmpeg: 1
07-12 19:36:50.830 12363 12708 I mobile-ffmpeg: 
07-12 19:36:50.831 12363 12708 I mobile-ffmpeg:     compatible_brands: 
07-12 19:36:50.831 12363 12708 I mobile-ffmpeg: mp42mp42
07-12 19:36:50.832 12363 12708 I mobile-ffmpeg: 
07-12 19:36:50.832 12363 12708 I mobile-ffmpeg:   Duration: 
07-12 19:36:50.832 12363 12708 I mobile-ffmpeg: 00:01:00.02
07-12 19:36:50.833 12363 12708 I mobile-ffmpeg: , start: 
07-12 19:36:50.833 12363 12708 I mobile-ffmpeg: 0.000000
07-12 19:36:50.833 12363 12708 I mobile-ffmpeg: , bitrate: 
07-12 19:36:50.833 12363 12708 I mobile-ffmpeg: 9328 kb/s
07-12 19:36:50.833 12363 12708 I mobile-ffmpeg: 
07-12 19:36:50.835 12363 12708 I mobile-ffmpeg:     Stream #0:0
07-12 19:36:50.836 12363 12708 I mobile-ffmpeg: (eng)
07-12 19:36:50.836 12363 12708 I mobile-ffmpeg: : Video: h264 (avc1 / 0x31637661), yuvj420p(pc, bt709), 1280x720, 8383 kb/s
07-12 19:36:50.836 12363 12708 I mobile-ffmpeg: , 
07-12 19:36:50.836 12363 12708 I mobile-ffmpeg: 29.97 fps, 
07-12 19:36:50.837 12363 12708 I mobile-ffmpeg: 29.97 tbr, 
07-12 19:36:50.837 12363 12708 I mobile-ffmpeg: 1k tbn, 
07-12 19:36:50.837 12363 12708 I mobile-ffmpeg: 2k tbc
07-12 19:36:50.837 12363 12708 I mobile-ffmpeg:  (default)
07-12 19:36:50.837 12363 12708 I mobile-ffmpeg: 
07-12 19:36:50.837 12363 12708 I mobile-ffmpeg:     Metadata:
07-12 19:36:50.837 12363 12708 I mobile-ffmpeg:       creation_time   : 
07-12 19:36:50.837 12363 12708 I mobile-ffmpeg: 2020-03-12T04:09:43.000000Z
07-12 19:36:50.838 12363 12708 I mobile-ffmpeg: 
07-12 19:36:50.838 12363 12708 I mobile-ffmpeg:       handler_name    : 
07-12 19:36:50.838 12363 12708 I mobile-ffmpeg: PittaSoft Video Media Handler
07-12 19:36:50.838 12363 12708 I mobile-ffmpeg: 
07-12 19:36:50.838 12363 12708 I mobile-ffmpeg:     Stream #0:1
07-12 19:36:50.838 12363 12708 I mobile-ffmpeg: (eng)
07-12 19:36:50.838 12363 12708 I mobile-ffmpeg: : Audio: aac (mp4a / 0x6134706D), 16000 Hz, stereo, fltp, 47 kb/s
07-12 19:36:50.839 12363 12708 I mobile-ffmpeg:  (default)
07-12 19:36:50.839 12363 12708 I mobile-ffmpeg: 
07-12 19:36:50.839 12363 12708 I mobile-ffmpeg:     Metadata:
07-12 19:36:50.839 12363 12708 I mobile-ffmpeg:       creation_time   : 
07-12 19:36:50.846 12363 12708 I mobile-ffmpeg: 2020-03-12T04:09:43.000000Z
07-12 19:36:50.846 12363 12708 I mobile-ffmpeg: 
07-12 19:36:50.846 12363 12708 I mobile-ffmpeg:       handler_name    : 
07-12 19:36:50.846 12363 12708 I mobile-ffmpeg: PittaSoft Sound Media Handler
07-12 19:36:50.846 12363 12708 I mobile-ffmpeg: 
07-12 19:36:50.864 12363 12654 V FileManager: External storage is readable
07-12 19:36:50.865 12363 12654 V FileManager: Created new directory: /storage/emulated/0/Movies/segment/20200312_150844
07-12 19:36:50.865 12363 12654 V FfmpegTools: Splitting /storage/emulated/0/Movies/raw/20200312_150844.mp4 with 16s long segments
07-12 19:36:50.866 12363 12654 I FfmpegTools: Running ffmpeg with:
07-12 19:36:50.866 12363 12654 I FfmpegTools:   -y -i /storage/emulated/0/Movies/raw/20200312_150844.mp4 -map 0 -c copy -f segment -reset_timestamps 1 -segment_time 16 /storage/emulated/0/Movies/segment/20200312_150844/20200312_150844!%03d.mp4
07-12 19:36:50.883 12363 12708 W mobile-ffmpeg: [mov,mp4,m4a,3gp,3g2,mj2 @ 0x93f3c800] Found duplicated MOOV Atom. Skipped it
07-12 19:36:50.945 12363 12708 I mobile-ffmpeg: Input #0, mov,mp4,m4a,3gp,3g2,mj2, from '/storage/emulated/0/Movies/raw/20200312_150844.mp4':
07-12 19:36:50.945 12363 12708 I mobile-ffmpeg:   Metadata:
07-12 19:36:50.946 12363 12708 I mobile-ffmpeg:     creation_time   : 
07-12 19:36:50.946 12363 12708 I mobile-ffmpeg: 2020-03-12T04:09:43.000000Z
07-12 19:36:50.946 12363 12708 I mobile-ffmpeg: 
07-12 19:36:50.946 12363 12708 I mobile-ffmpeg:     major_brand     : 
07-12 19:36:50.946 12363 12708 I mobile-ffmpeg: mp42
07-12 19:36:50.946 12363 12708 I mobile-ffmpeg: 
07-12 19:36:50.946 12363 12708 I mobile-ffmpeg:     minor_version   : 
07-12 19:36:50.947 12363 12708 I mobile-ffmpeg: 1
07-12 19:36:50.947 12363 12708 I mobile-ffmpeg: 
07-12 19:36:50.947 12363 12708 I mobile-ffmpeg:     compatible_brands: 
07-12 19:36:50.947 12363 12708 I mobile-ffmpeg: mp42mp42
07-12 19:36:50.947 12363 12708 I mobile-ffmpeg: 
07-12 19:36:50.947 12363 12708 I mobile-ffmpeg:   Duration: 
07-12 19:36:50.947 12363 12708 I mobile-ffmpeg: 00:01:00.02
07-12 19:36:50.947 12363 12708 I mobile-ffmpeg: , start: 
07-12 19:36:50.948 12363 12708 I mobile-ffmpeg: 0.000000
07-12 19:36:50.948 12363 12708 I mobile-ffmpeg: , bitrate: 
07-12 19:36:50.948 12363 12708 I mobile-ffmpeg: 9328 kb/s
07-12 19:36:50.948 12363 12708 I mobile-ffmpeg: 
07-12 19:36:50.948 12363 12708 I mobile-ffmpeg:     Stream #0:0
07-12 19:36:50.948 12363 12708 I mobile-ffmpeg: (eng)
07-12 19:36:50.948 12363 12708 I mobile-ffmpeg: : Video: h264 (avc1 / 0x31637661), yuvj420p(pc, bt709), 1280x720, 8383 kb/s
07-12 19:36:50.948 12363 12708 I mobile-ffmpeg: , 
07-12 19:36:50.949 12363 12708 I mobile-ffmpeg: 29.97 fps, 
07-12 19:36:50.949 12363 12708 I mobile-ffmpeg: 29.97 tbr, 
07-12 19:36:50.949 12363 12708 I mobile-ffmpeg: 1k tbn, 
07-12 19:36:50.949 12363 12708 I mobile-ffmpeg: 2k tbc
07-12 19:36:50.949 12363 12708 I mobile-ffmpeg:  (default)
07-12 19:36:50.949 12363 12708 I mobile-ffmpeg: 
07-12 19:36:50.949 12363 12708 I mobile-ffmpeg:     Metadata:
07-12 19:36:50.950 12363 12708 I mobile-ffmpeg:       creation_time   : 
07-12 19:36:50.950 12363 12708 I mobile-ffmpeg: 2020-03-12T04:09:43.000000Z
07-12 19:36:50.950 12363 12708 I mobile-ffmpeg: 
07-12 19:36:50.950 12363 12708 I mobile-ffmpeg:       handler_name    : 
07-12 19:36:50.950 12363 12708 I mobile-ffmpeg: PittaSoft Video Media Handler
07-12 19:36:50.950 12363 12708 I mobile-ffmpeg: 
07-12 19:36:50.951 12363 12708 I mobile-ffmpeg:     Stream #0:1
07-12 19:36:50.951 12363 12708 I mobile-ffmpeg: (eng)
07-12 19:36:50.951 12363 12708 I mobile-ffmpeg: : Audio: aac (mp4a / 0x6134706D), 16000 Hz, stereo, fltp, 47 kb/s
07-12 19:36:50.951 12363 12708 I mobile-ffmpeg:  (default)
07-12 19:36:50.951 12363 12708 I mobile-ffmpeg: 
07-12 19:36:50.951 12363 12708 I mobile-ffmpeg:     Metadata:
07-12 19:36:50.951 12363 12708 I mobile-ffmpeg:       creation_time   : 
07-12 19:36:50.951 12363 12708 I mobile-ffmpeg: 2020-03-12T04:09:43.000000Z
07-12 19:36:50.952 12363 12708 I mobile-ffmpeg: 
07-12 19:36:50.952 12363 12708 I mobile-ffmpeg:       handler_name    : 
07-12 19:36:50.952 12363 12708 I mobile-ffmpeg: PittaSoft Sound Media Handler
07-12 19:36:50.952 12363 12708 I mobile-ffmpeg: 
07-12 19:36:50.952 12363 12708 I mobile-ffmpeg: [segment @ 0x93f3da00] Opening '/storage/emulated/0/Movies/segment/20200312_150844/20200312_150844!000.mp4' for writing
07-12 19:36:50.952 12363 12708 I mobile-ffmpeg: Output #0, segment, to '/storage/emulated/0/Movies/segment/20200312_150844/20200312_150844!%03d.mp4':
07-12 19:36:50.953 12363 12708 I mobile-ffmpeg:   Metadata:
07-12 19:36:50.953 12363 12708 I mobile-ffmpeg:     compatible_brands: 
07-12 19:36:50.953 12363 12708 I mobile-ffmpeg: mp42mp42
07-12 19:36:50.953 12363 12708 I mobile-ffmpeg: 
07-12 19:36:50.953 12363 12708 I mobile-ffmpeg:     major_brand     : 
07-12 19:36:50.953 12363 12708 I mobile-ffmpeg: mp42
07-12 19:36:50.953 12363 12708 I mobile-ffmpeg: 
07-12 19:36:50.954 12363 12708 I mobile-ffmpeg:     minor_version   : 
07-12 19:36:50.954 12363 12708 I mobile-ffmpeg: 1
07-12 19:36:50.954 12363 12708 I mobile-ffmpeg: 
07-12 19:36:50.954 12363 12708 I mobile-ffmpeg:     encoder         : 
07-12 19:36:50.954 12363 12708 I mobile-ffmpeg: Lavf58.42.100
07-12 19:36:50.954 12363 12708 I mobile-ffmpeg: 
07-12 19:36:50.954 12363 12708 I mobile-ffmpeg:     Stream #0:0
07-12 19:36:50.955 12363 12708 I mobile-ffmpeg: (eng)
07-12 19:36:50.955 12363 12708 I mobile-ffmpeg: : Video: h264 (avc1 / 0x31637661), yuvj420p(pc, bt709), 1280x720, q=2-31, 8383 kb/s
07-12 19:36:50.955 12363 12708 I mobile-ffmpeg: , 
07-12 19:36:50.955 12363 12708 I mobile-ffmpeg: 29.97 fps, 
07-12 19:36:50.955 12363 12708 I mobile-ffmpeg: 29.97 tbr, 
07-12 19:36:50.955 12363 12708 I mobile-ffmpeg: 16k tbn, 
07-12 19:36:50.955 12363 12708 I mobile-ffmpeg: 1k tbc
07-12 19:36:50.956 12363 12708 I mobile-ffmpeg:  (default)
07-12 19:36:50.956 12363 12708 I mobile-ffmpeg: 
07-12 19:36:50.956 12363 12708 I mobile-ffmpeg:     Metadata:
07-12 19:36:50.956 12363 12708 I mobile-ffmpeg:       creation_time   : 
07-12 19:36:50.956 12363 12708 I mobile-ffmpeg: 2020-03-12T04:09:43.000000Z
07-12 19:36:50.956 12363 12708 I mobile-ffmpeg: 
07-12 19:36:50.956 12363 12708 I mobile-ffmpeg:       handler_name    : 
07-12 19:36:50.957 12363 12708 I mobile-ffmpeg: PittaSoft Video Media Handler
07-12 19:36:50.957 12363 12708 I mobile-ffmpeg: 
07-12 19:36:50.957 12363 12708 I mobile-ffmpeg:     Stream #0:1
07-12 19:36:50.957 12363 12708 I mobile-ffmpeg: (eng)
07-12 19:36:50.957 12363 12708 I mobile-ffmpeg: : Audio: aac (mp4a / 0x6134706D), 16000 Hz, stereo, fltp, 47 kb/s
07-12 19:36:50.957 12363 12708 I mobile-ffmpeg:  (default)
07-12 19:36:50.957 12363 12708 I mobile-ffmpeg: 
07-12 19:36:50.958 12363 12708 I mobile-ffmpeg:     Metadata:
07-12 19:36:50.958 12363 12708 I mobile-ffmpeg:       creation_time   : 
07-12 19:36:50.958 12363 12708 I mobile-ffmpeg: 2020-03-12T04:09:43.000000Z
07-12 19:36:50.958 12363 12708 I mobile-ffmpeg: 
07-12 19:36:50.958 12363 12708 I mobile-ffmpeg:       handler_name    : 
07-12 19:36:50.958 12363 12708 I mobile-ffmpeg: PittaSoft Sound Media Handler
07-12 19:36:50.958 12363 12708 I mobile-ffmpeg: 
07-12 19:36:50.959 12363 12708 I mobile-ffmpeg: Stream mapping:
07-12 19:36:50.959 12363 12708 I mobile-ffmpeg:   Stream #0:0 -> #0:0
07-12 19:36:50.959 12363 12708 I mobile-ffmpeg:  (copy)
07-12 19:36:50.959 12363 12708 I mobile-ffmpeg: 
07-12 19:36:50.959 12363 12708 I mobile-ffmpeg:   Stream #0:1 -> #0:1
07-12 19:36:50.959 12363 12708 I mobile-ffmpeg:  (copy)
07-12 19:36:50.959 12363 12708 I mobile-ffmpeg: 
07-12 19:36:50.960 12363 12708 I mobile-ffmpeg: Press [q] to stop, [?] for help
07-12 19:36:50.960 12363 12708 I mobile-ffmpeg: frame=    1 fps=0.0 q=-1.0 size=N/A time=00:00:00.00 bitrate=N/A speed=31.5x    
07-12 19:36:51.292 12363 12708 I mobile-ffmpeg: [segment @ 0x93f3da00] Opening '/storage/emulated/0/Movies/segment/20200312_150844/20200312_150844!001.mp4' for writing
07-12 19:36:51.900 12363 12708 I mobile-ffmpeg: [segment @ 0x93f3da00] Opening '/storage/emulated/0/Movies/segment/20200312_150844/20200312_150844!002.mp4' for writing
07-12 19:36:51.906 12363 12708 I mobile-ffmpeg: frame=  964 fps=0.0 q=-1.0 size=N/A time=00:00:32.12 bitrate=N/A speed=33.5x    
07-12 19:36:52.062 12363 12708 I mobile-ffmpeg: [segment @ 0x93f3da00] Opening '/storage/emulated/0/Movies/segment/20200312_150844/20200312_150844!003.mp4' for writing
07-12 19:36:52.607 12363 12708 I mobile-ffmpeg: frame= 1800 fps=1085 q=-1.0 Lsize=N/A time=00:01:00.01 bitrate=N/A speed=36.2x    
07-12 19:36:52.607 12363 12708 I mobile-ffmpeg: video:61424kB audio:345kB subtitle:0kB other streams:0kB global headers:0kB muxing overhead: 
07-12 19:36:52.607 12363 12708 I mobile-ffmpeg: unknown
07-12 19:36:52.607 12363 12708 I mobile-ffmpeg: 
07-12 19:36:52.611 12363 12654 V FileManager: External storage is readable
07-12 19:36:52.611 12363 12654 V FileManager: Directory already exists: /storage/emulated/0/Movies/segment/20200312_150844
07-12 19:36:52.611 12363 12654 V VideoManager: Retrieving videos from /storage/emulated/0/Movies/segment/20200312_150844
07-12 19:36:52.613 12363 12654 V VideoManager: Retrieving video from /storage/emulated/0/Movies/segment/20200312_150844/20200312_150844!000.mp4
07-12 19:36:52.617 12363 12654 V VideoManager: videoFromCursor
07-12 19:36:52.619 12363 12654 V VideoManager: Retrieving video from /storage/emulated/0/Movies/segment/20200312_150844/20200312_150844!001.mp4
07-12 19:36:52.623 12363 12654 V VideoManager: videoFromCursor
07-12 19:36:52.625 12363 12654 V VideoManager: Retrieving video from /storage/emulated/0/Movies/segment/20200312_150844/20200312_150844!002.mp4
07-12 19:36:52.629 12363 12654 V VideoManager: videoFromCursor
07-12 19:36:52.630 12363 12654 V VideoManager: Retrieving video from /storage/emulated/0/Movies/segment/20200312_150844/20200312_150844!003.mp4
07-12 19:36:52.634 12363 12654 V VideoManager: videoFromCursor
07-12 19:36:52.636 12363 12654 V NearbyFragment: nextTransfer with selected algorithm: best_or_local
07-12 19:36:52.637 12363 12654 W NearbyFragment: Sending 20200312_150844!000.mp4 to Galaxy S8 [2802]
07-12 19:36:52.657 12363 12363 V NearbyFragment: Transfer to Endpoint{id=Hqzs, name=Galaxy S8 [2802]} complete
07-12 19:36:53.641 12363 12654 V DownloadTestVideosTask: Starting DownloadTestVideosTask
07-12 19:36:53.643 12363 12654 V DashDownloadManager: Started downloading: 20200312_150944.mp4
07-12 19:36:56.314 12363 12363 D NearbyFragment: onPayloadReceived(endpointId=b1P0, payload=com.google.android.gms.nearby.connection.Payload@8c849e0)
07-12 19:36:56.314 12363 12363 V NearbyFragment: Started downloading 20200312_150744!003.mp4 from Endpoint{id=b1P0, name=Shark 1S [9c8f]}
07-12 19:36:56.315 12363 12363 V NearbyFragment: nextTransfer with selected algorithm: best_or_local
07-12 19:36:56.317 12363 12363 W NearbyFragment: Sending 20200312_150844!001.mp4 to Shark 1S [34d8]
07-12 19:36:56.320 12363 12363 V NearbyFragment: Transfer to Endpoint{id=b1P0, name=Shark 1S [9c8f]} complete
07-12 19:36:56.331 12363 12363 V NearbyFragment: Transfer to Endpoint{id=a6Kd, name=Shark 1S [34d8]} complete
07-12 19:36:56.560 12363 12363 D NearbyFragment: onPayloadReceived(endpointId=b1P0, payload=com.google.android.gms.nearby.connection.Payload@540e33f)
07-12 19:36:56.675 12363 12363 V NearbyFragment: Transfer to Endpoint{id=Hqzs, name=Galaxy S8 [2802]} complete
07-12 19:36:57.104 12363 12363 D NearbyFragment: onPayloadReceived(endpointId=Hqzs, payload=com.google.android.gms.nearby.connection.Payload@398240c)
07-12 19:36:57.104 12363 12363 D NearbyFragment: Endpoint{id=Hqzs, name=Galaxy S8 [2802]} has finished downloading 20200312_150844!000.mp4
07-12 19:36:57.105 12363 12363 V NearbyFragment: nextTransfer with selected algorithm: best_or_local
07-12 19:36:57.107 12363 12363 W NearbyFragment: Sending 20200312_150844!002.mp4 to Shark 1S [9c8f]
07-12 19:36:57.126 12363 12363 V NearbyFragment: Transfer to Endpoint{id=b1P0, name=Shark 1S [9c8f]} complete
07-12 19:36:57.163 12363 12363 V NearbyFragment: Transfer to Endpoint{id=Hqzs, name=Galaxy S8 [2802]} complete
07-12 19:36:57.709 12363 12363 V NearbyFragment: Transfer to Endpoint{id=b1P0, name=Shark 1S [9c8f]} complete
07-12 19:36:57.710 12363 12363 W NearbyFragment: Completed downloading 20200312_150744!003.mp4 from Endpoint{id=b1P0, name=Shark 1S [9c8f]} in 01.394s
07-12 19:36:57.714 12363 12363 V FileManager: External storage is readable
07-12 19:36:57.715 12363 12363 V FileManager: Created new directory: /storage/emulated/0/Movies/segment-sum/20200312_150744
07-12 19:36:57.801 12363 12363 D NearbyFragment: Received all summarised video segments of 20200312_150744
07-12 19:36:57.805 12363 12363 V FileManager: External storage is readable
07-12 19:36:57.805 12363 12363 V FileManager: Directory already exists: /storage/emulated/0/Movies/segment-sum/20200312_150744
07-12 19:36:57.806 12363 12363 D FfmpegTools: Merging /storage/emulated/0/Movies/summarised/20200312_150744.mp4
07-12 19:36:57.806 12363 12363 V FfmpegTools: Retrieving duration of /storage/emulated/0/Movies/segment-sum/20200312_150744/20200312_150744!003.mp4
07-12 19:36:57.847 12363 12708 I mobile-ffmpeg: Input #0, mov,mp4,m4a,3gp,3g2,mj2, from '/storage/emulated/0/Movies/segment-sum/20200312_150744/20200312_150744!003.mp4':
07-12 19:36:57.847 12363 12708 I mobile-ffmpeg:   Metadata:
07-12 19:36:57.848 12363 12708 I mobile-ffmpeg:     major_brand     : 
07-12 19:36:57.848 12363 12708 I mobile-ffmpeg: isom
07-12 19:36:57.848 12363 12708 I mobile-ffmpeg: 
07-12 19:36:57.848 12363 12708 I mobile-ffmpeg:     minor_version   : 
07-12 19:36:57.848 12363 12708 I mobile-ffmpeg: 512
07-12 19:36:57.848 12363 12708 I mobile-ffmpeg: 
07-12 19:36:57.848 12363 12708 I mobile-ffmpeg:     compatible_brands: 
07-12 19:36:57.848 12363 12708 I mobile-ffmpeg: isomiso2avc1mp41
07-12 19:36:57.848 12363 12708 I mobile-ffmpeg: 
07-12 19:36:57.848 12363 12708 I mobile-ffmpeg:     encoder         : 
07-12 19:36:57.848 12363 12708 I mobile-ffmpeg: Lavf58.42.100
07-12 19:36:57.848 12363 12708 I mobile-ffmpeg: 
07-12 19:36:57.849 12363 12708 I mobile-ffmpeg:   Duration: 
07-12 19:36:57.849 12363 12708 I mobile-ffmpeg: 00:00:04.89
07-12 19:36:57.849 12363 12708 I mobile-ffmpeg: , start: 
07-12 19:36:57.849 12363 12708 I mobile-ffmpeg: 0.000000
07-12 19:36:57.849 12363 12708 I mobile-ffmpeg: , bitrate: 
07-12 19:36:57.849 12363 12708 I mobile-ffmpeg: 1421 kb/s
07-12 19:36:57.849 12363 12708 I mobile-ffmpeg: 
07-12 19:36:57.849 12363 12708 I mobile-ffmpeg:     Stream #0:0
07-12 19:36:57.849 12363 12708 I mobile-ffmpeg: (und)
07-12 19:36:57.849 12363 12708 I mobile-ffmpeg: : Video: h264 (avc1 / 0x31637661), yuvj420p(pc), 1280x720, 1361 kb/s
07-12 19:36:57.849 12363 12708 I mobile-ffmpeg: , 
07-12 19:36:57.850 12363 12708 I mobile-ffmpeg: 29.97 fps, 
07-12 19:36:57.850 12363 12708 I mobile-ffmpeg: 29.97 tbr, 
07-12 19:36:57.850 12363 12708 I mobile-ffmpeg: 30k tbn, 
07-12 19:36:57.850 12363 12708 I mobile-ffmpeg: 59.94 tbc
07-12 19:36:57.850 12363 12708 I mobile-ffmpeg:  (default)
07-12 19:36:57.850 12363 12708 I mobile-ffmpeg: 
07-12 19:36:57.850 12363 12708 I mobile-ffmpeg:     Metadata:
07-12 19:36:57.850 12363 12708 I mobile-ffmpeg:       handler_name    : 
07-12 19:36:57.851 12363 12708 I mobile-ffmpeg: VideoHandler
07-12 19:36:57.851 12363 12708 I mobile-ffmpeg: 
07-12 19:36:57.851 12363 12708 I mobile-ffmpeg:     Stream #0:1
07-12 19:36:57.851 12363 12708 I mobile-ffmpeg: (und)
07-12 19:36:57.851 12363 12708 I mobile-ffmpeg: : Audio: aac (mp4a / 0x6134706D), 16000 Hz, stereo, fltp, 78 kb/s
07-12 19:36:57.851 12363 12708 I mobile-ffmpeg:  (default)
07-12 19:36:57.851 12363 12708 I mobile-ffmpeg: 
07-12 19:36:57.851 12363 12708 I mobile-ffmpeg:     Metadata:
07-12 19:36:57.851 12363 12708 I mobile-ffmpeg:       handler_name    : 
07-12 19:36:57.851 12363 12708 I mobile-ffmpeg: SoundHandler
07-12 19:36:57.852 12363 12708 I mobile-ffmpeg: 
07-12 19:36:57.868 12363 12363 W FfmpegTools: Single segment returned, duration of 20200312_150744: 4.89
07-12 19:36:57.959 12363 12363 V VideoManager: Retrieving video from /storage/emulated/0/Movies/summarised/20200312_150744.mp4
07-12 19:36:57.964 12363 12363 V VideoManager: videoFromCursor
07-12 19:36:57.966 12363 12363 V SummarisedVideosEventHandler: onAdd
07-12 19:36:57.966 12363 12363 V RawFootageEventHandler: removeByName
07-12 19:36:57.967 12363 12363 V ProcessingVideosEventHandler: removeByName
07-12 19:36:57.968 12363 12363 V NearbyFragment: Removing video segment map for 20200312_150744
07-12 19:36:59.861 12363 12363 D NearbyFragment: onPayloadReceived(endpointId=Hqzs, payload=com.google.android.gms.nearby.connection.Payload@bc18904)
07-12 19:36:59.861 12363 12363 V NearbyFragment: Started downloading 20200312_150844!000.mp4 from Endpoint{id=Hqzs, name=Galaxy S8 [2802]}
07-12 19:36:59.863 12363 12363 V NearbyFragment: nextTransfer with selected algorithm: best_or_local
07-12 19:36:59.865 12363 12363 W NearbyFragment: Sending 20200312_150844!003.mp4 to Galaxy S8 [2802]
07-12 19:36:59.878 12363 12363 V NearbyFragment: Transfer to Endpoint{id=Hqzs, name=Galaxy S8 [2802]} complete
07-12 19:36:59.886 12363 12363 V NearbyFragment: Transfer to Endpoint{id=Hqzs, name=Galaxy S8 [2802]} complete
07-12 19:37:00.128 12363 12363 D NearbyFragment: onPayloadReceived(endpointId=Hqzs, payload=com.google.android.gms.nearby.connection.Payload@e6cf7b3)
07-12 19:37:00.727 12363 12363 V NearbyFragment: Transfer to Endpoint{id=a6Kd, name=Shark 1S [34d8]} complete
07-12 19:37:00.798 12363 12363 D NearbyFragment: onPayloadReceived(endpointId=a6Kd, payload=com.google.android.gms.nearby.connection.Payload@f503170)
07-12 19:37:00.798 12363 12363 D NearbyFragment: Endpoint{id=a6Kd, name=Shark 1S [34d8]} has finished downloading 20200312_150844!001.mp4
07-12 19:37:00.799 12363 12363 I NearbyFragment: Transfer queue is empty
07-12 19:37:00.836 12363 12363 V NearbyFragment: Transfer to Endpoint{id=a6Kd, name=Shark 1S [34d8]} complete
07-12 19:37:04.731 12363 12363 D NearbyFragment: onPayloadReceived(endpointId=a6Kd, payload=com.google.android.gms.nearby.connection.Payload@d55ce9)
07-12 19:37:04.732 12363 12363 V NearbyFragment: Started downloading 20200312_150844!001.mp4 from Endpoint{id=a6Kd, name=Shark 1S [34d8]}
07-12 19:37:04.732 12363 12363 I NearbyFragment: Transfer queue is empty
07-12 19:37:04.735 12363 12363 V NearbyFragment: Transfer to Endpoint{id=a6Kd, name=Shark 1S [34d8]} complete
07-12 19:37:04.812 12363 12363 D NearbyFragment: onPayloadReceived(endpointId=a6Kd, payload=com.google.android.gms.nearby.connection.Payload@25dbd6e)
07-12 19:37:05.309 12363 12363 V NearbyFragment: Transfer to Endpoint{id=Hqzs, name=Galaxy S8 [2802]} complete
07-12 19:37:05.309 12363 12363 W NearbyFragment: Completed downloading 20200312_150844!000.mp4 from Endpoint{id=Hqzs, name=Galaxy S8 [2802]} in 05.447s
07-12 19:37:05.314 12363 12363 V FileManager: External storage is readable
07-12 19:37:05.314 12363 12363 V FileManager: Created new directory: /storage/emulated/0/Movies/segment-sum/20200312_150844
07-12 19:37:06.616 12363 12363 V NearbyFragment: Received a segment of 20200312_150844
07-12 19:37:10.808 12363 12363 V NearbyFragment: Transfer to Endpoint{id=a6Kd, name=Shark 1S [34d8]} complete
07-12 19:37:10.809 12363 12363 W NearbyFragment: Completed downloading 20200312_150844!001.mp4 from Endpoint{id=a6Kd, name=Shark 1S [34d8]} in 06.076s
07-12 19:37:10.813 12363 12363 V FileManager: External storage is readable
07-12 19:37:10.813 12363 12363 V FileManager: Directory already exists: /storage/emulated/0/Movies/segment-sum/20200312_150844
07-12 19:37:12.253 12363 12363 V NearbyFragment: Received a segment of 20200312_150844
07-12 19:37:12.256 12363 12363 V NearbyFragment: Transfer to Endpoint{id=b1P0, name=Shark 1S [9c8f]} complete
