07-12 19:39:41.040 12363 12708 I mobile-ffmpeg:  (default)
07-12 19:39:41.040 12363 12708 I mobile-ffmpeg: 
07-12 19:39:41.041 12363 12708 I mobile-ffmpeg:     Metadata:
07-12 19:39:41.041 12363 12708 I mobile-ffmpeg:       creation_time   : 
07-12 19:39:41.041 12363 12708 I mobile-ffmpeg: 2020-03-12T08:38:28.000000Z
07-12 19:39:41.041 12363 12708 I mobile-ffmpeg: 
07-12 19:39:41.041 12363 12708 I mobile-ffmpeg:       handler_name    : 
07-12 19:39:41.041 12363 12708 I mobile-ffmpeg: PittaSoft Sound Media Handler
07-12 19:39:41.041 12363 12708 I mobile-ffmpeg: 
07-12 19:39:41.053 12363 12654 V FileManager: External storage is readable
07-12 19:39:41.054 12363 12654 V FileManager: Created new directory: /storage/emulated/0/Movies/segment/20200312_193728
07-12 19:39:41.054 12363 12654 V FfmpegTools: Splitting /storage/emulated/0/Movies/raw/20200312_193728.mp4 with 16s long segments
07-12 19:39:41.055 12363 12654 I FfmpegTools: Running ffmpeg with:
07-12 19:39:41.055 12363 12654 I FfmpegTools:   -y -i /storage/emulated/0/Movies/raw/20200312_193728.mp4 -map 0 -c copy -f segment -reset_timestamps 1 -segment_time 16 /storage/emulated/0/Movies/segment/20200312_193728/20200312_193728!%03d.mp4
07-12 19:39:41.071 12363 12708 W mobile-ffmpeg: [mov,mp4,m4a,3gp,3g2,mj2 @ 0x93ecec00] Found duplicated MOOV Atom. Skipped it
07-12 19:39:41.135 12363 12708 I mobile-ffmpeg: Input #0, mov,mp4,m4a,3gp,3g2,mj2, from '/storage/emulated/0/Movies/raw/20200312_193728.mp4':
07-12 19:39:41.135 12363 12708 I mobile-ffmpeg:   Metadata:
07-12 19:39:41.135 12363 12708 I mobile-ffmpeg:     creation_time   : 
07-12 19:39:41.135 12363 12708 I mobile-ffmpeg: 2020-03-12T08:38:28.000000Z
07-12 19:39:41.135 12363 12708 I mobile-ffmpeg: 
07-12 19:39:41.135 12363 12708 I mobile-ffmpeg:     major_brand     : 
07-12 19:39:41.135 12363 12708 I mobile-ffmpeg: mp42
07-12 19:39:41.135 12363 12708 I mobile-ffmpeg: 
07-12 19:39:41.135 12363 12708 I mobile-ffmpeg:     minor_version   : 
07-12 19:39:41.135 12363 12708 I mobile-ffmpeg: 1
07-12 19:39:41.135 12363 12708 I mobile-ffmpeg: 
07-12 19:39:41.135 12363 12708 I mobile-ffmpeg:     compatible_brands: 
07-12 19:39:41.135 12363 12708 I mobile-ffmpeg: mp42mp42
07-12 19:39:41.135 12363 12708 I mobile-ffmpeg: 
07-12 19:39:41.135 12363 12708 I mobile-ffmpeg:   Duration: 
07-12 19:39:41.135 12363 12708 I mobile-ffmpeg: 00:01:00.02
07-12 19:39:41.136 12363 12708 I mobile-ffmpeg: , start: 
07-12 19:39:41.136 12363 12708 I mobile-ffmpeg: 0.000000
07-12 19:39:41.136 12363 12708 I mobile-ffmpeg: , bitrate: 
07-12 19:39:41.136 12363 12708 I mobile-ffmpeg: 9328 kb/s
07-12 19:39:41.136 12363 12708 I mobile-ffmpeg: 
07-12 19:39:41.136 12363 12708 I mobile-ffmpeg:     Stream #0:0
07-12 19:39:41.136 12363 12708 I mobile-ffmpeg: (eng)
07-12 19:39:41.136 12363 12708 I mobile-ffmpeg: : Video: h264 (avc1 / 0x31637661), yuvj420p(pc, bt709), 1280x720, 8379 kb/s
07-12 19:39:41.136 12363 12708 I mobile-ffmpeg: , 
07-12 19:39:41.136 12363 12708 I mobile-ffmpeg: 29.97 fps, 
07-12 19:39:41.136 12363 12708 I mobile-ffmpeg: 29.97 tbr, 
07-12 19:39:41.136 12363 12708 I mobile-ffmpeg: 1k tbn, 
07-12 19:39:41.136 12363 12708 I mobile-ffmpeg: 2k tbc
07-12 19:39:41.136 12363 12708 I mobile-ffmpeg:  (default)
07-12 19:39:41.136 12363 12708 I mobile-ffmpeg: 
07-12 19:39:41.137 12363 12708 I mobile-ffmpeg:     Metadata:
07-12 19:39:41.137 12363 12708 I mobile-ffmpeg:       creation_time   : 
07-12 19:39:41.137 12363 12708 I mobile-ffmpeg: 2020-03-12T08:38:28.000000Z
07-12 19:39:41.137 12363 12708 I mobile-ffmpeg: 
07-12 19:39:41.137 12363 12708 I mobile-ffmpeg:       handler_name    : 
07-12 19:39:41.137 12363 12708 I mobile-ffmpeg: PittaSoft Video Media Handler
07-12 19:39:41.137 12363 12708 I mobile-ffmpeg: 
07-12 19:39:41.137 12363 12708 I mobile-ffmpeg:     Stream #0:1
07-12 19:39:41.137 12363 12708 I mobile-ffmpeg: (eng)
07-12 19:39:41.137 12363 12708 I mobile-ffmpeg: : Audio: aac (mp4a / 0x6134706D), 16000 Hz, stereo, fltp, 47 kb/s
07-12 19:39:41.137 12363 12708 I mobile-ffmpeg:  (default)
07-12 19:39:41.137 12363 12708 I mobile-ffmpeg: 
07-12 19:39:41.137 12363 12708 I mobile-ffmpeg:     Metadata:
07-12 19:39:41.137 12363 12708 I mobile-ffmpeg:       creation_time   : 
07-12 19:39:41.137 12363 12708 I mobile-ffmpeg: 2020-03-12T08:38:28.000000Z
07-12 19:39:41.137 12363 12708 I mobile-ffmpeg: 
07-12 19:39:41.138 12363 12708 I mobile-ffmpeg:       handler_name    : 
07-12 19:39:41.138 12363 12708 I mobile-ffmpeg: PittaSoft Sound Media Handler
07-12 19:39:41.138 12363 12708 I mobile-ffmpeg: 
07-12 19:39:41.138 12363 12708 I mobile-ffmpeg: [segment @ 0x93ecfe00] Opening '/storage/emulated/0/Movies/segment/20200312_193728/20200312_193728!000.mp4' for writing
07-12 19:39:41.138 12363 12708 I mobile-ffmpeg: Output #0, segment, to '/storage/emulated/0/Movies/segment/20200312_193728/20200312_193728!%03d.mp4':
07-12 19:39:41.138 12363 12708 I mobile-ffmpeg:   Metadata:
07-12 19:39:41.138 12363 12708 I mobile-ffmpeg:     compatible_brands: 
07-12 19:39:41.138 12363 12708 I mobile-ffmpeg: mp42mp42
07-12 19:39:41.138 12363 12708 I mobile-ffmpeg: 
07-12 19:39:41.138 12363 12708 I mobile-ffmpeg:     major_brand     : 
07-12 19:39:41.138 12363 12708 I mobile-ffmpeg: mp42
07-12 19:39:41.138 12363 12708 I mobile-ffmpeg: 
07-12 19:39:41.138 12363 12708 I mobile-ffmpeg:     minor_version   : 
07-12 19:39:41.138 12363 12708 I mobile-ffmpeg: 1
07-12 19:39:41.138 12363 12708 I mobile-ffmpeg: 
07-12 19:39:41.138 12363 12708 I mobile-ffmpeg:     encoder         : 
07-12 19:39:41.138 12363 12708 I mobile-ffmpeg: Lavf58.42.100
07-12 19:39:41.138 12363 12708 I mobile-ffmpeg: 
07-12 19:39:41.138 12363 12708 I mobile-ffmpeg:     Stream #0:0
07-12 19:39:41.138 12363 12708 I mobile-ffmpeg: (eng)
07-12 19:39:41.138 12363 12708 I mobile-ffmpeg: : Video: h264 (avc1 / 0x31637661), yuvj420p(pc, bt709), 1280x720, q=2-31, 8379 kb/s
07-12 19:39:41.139 12363 12708 I mobile-ffmpeg: , 
07-12 19:39:41.139 12363 12708 I mobile-ffmpeg: 29.97 fps, 
07-12 19:39:41.139 12363 12708 I mobile-ffmpeg: 29.97 tbr, 
07-12 19:39:41.139 12363 12708 I mobile-ffmpeg: 16k tbn, 
07-12 19:39:41.139 12363 12708 I mobile-ffmpeg: 1k tbc
07-12 19:39:41.139 12363 12708 I mobile-ffmpeg:  (default)
07-12 19:39:41.139 12363 12708 I mobile-ffmpeg: 
07-12 19:39:41.139 12363 12708 I mobile-ffmpeg:     Metadata:
07-12 19:39:41.139 12363 12708 I mobile-ffmpeg:       creation_time   : 
07-12 19:39:41.139 12363 12708 I mobile-ffmpeg: 2020-03-12T08:38:28.000000Z
07-12 19:39:41.139 12363 12708 I mobile-ffmpeg: 
07-12 19:39:41.139 12363 12708 I mobile-ffmpeg:       handler_name    : 
07-12 19:39:41.139 12363 12708 I mobile-ffmpeg: PittaSoft Video Media Handler
07-12 19:39:41.139 12363 12708 I mobile-ffmpeg: 
07-12 19:39:41.139 12363 12708 I mobile-ffmpeg:     Stream #0:1
07-12 19:39:41.139 12363 12708 I mobile-ffmpeg: (eng)
07-12 19:39:41.139 12363 12708 I mobile-ffmpeg: : Audio: aac (mp4a / 0x6134706D), 16000 Hz, stereo, fltp, 47 kb/s
07-12 19:39:41.139 12363 12708 I mobile-ffmpeg:  (default)
07-12 19:39:41.140 12363 12708 I mobile-ffmpeg: 
07-12 19:39:41.140 12363 12708 I mobile-ffmpeg:     Metadata:
07-12 19:39:41.140 12363 12708 I mobile-ffmpeg:       creation_time   : 
07-12 19:39:41.140 12363 12708 I mobile-ffmpeg: 2020-03-12T08:38:28.000000Z
07-12 19:39:41.140 12363 12708 I mobile-ffmpeg: 
07-12 19:39:41.140 12363 12708 I mobile-ffmpeg:       handler_name    : 
07-12 19:39:41.140 12363 12708 I mobile-ffmpeg: PittaSoft Sound Media Handler
07-12 19:39:41.140 12363 12708 I mobile-ffmpeg: 
07-12 19:39:41.140 12363 12708 I mobile-ffmpeg: Stream mapping:
07-12 19:39:41.140 12363 12708 I mobile-ffmpeg:   Stream #0:0 -> #0:0
07-12 19:39:41.140 12363 12708 I mobile-ffmpeg:  (copy)
07-12 19:39:41.140 12363 12708 I mobile-ffmpeg: 
07-12 19:39:41.140 12363 12708 I mobile-ffmpeg:   Stream #0:1 -> #0:1
07-12 19:39:41.140 12363 12708 I mobile-ffmpeg:  (copy)
07-12 19:39:41.140 12363 12708 I mobile-ffmpeg: 
07-12 19:39:41.140 12363 12708 I mobile-ffmpeg: Press [q] to stop, [?] for help
07-12 19:39:41.140 12363 12708 I mobile-ffmpeg: frame=    1 fps=0.0 q=-1.0 size=N/A time=00:00:00.00 bitrate=N/A speed=31.5x    
07-12 19:39:41.288 12363 12708 I mobile-ffmpeg: [segment @ 0x93ecfe00] Opening '/storage/emulated/0/Movies/segment/20200312_193728/20200312_193728!001.mp4' for writing
07-12 19:39:41.956 12363 12708 I mobile-ffmpeg: frame=  767 fps=0.0 q=-1.0 size=N/A time=00:00:25.55 bitrate=N/A speed=31.2x    
07-12 19:39:42.018 12363 12708 I mobile-ffmpeg: [segment @ 0x93ecfe00] Opening '/storage/emulated/0/Movies/segment/20200312_193728/20200312_193728!002.mp4' for writing
07-12 19:39:42.164 12363 12708 I mobile-ffmpeg: [segment @ 0x93ecfe00] Opening '/storage/emulated/0/Movies/segment/20200312_193728/20200312_193728!003.mp4' for writing
07-12 19:39:42.639 12363 12708 I mobile-ffmpeg: frame= 1800 fps=1199 q=-1.0 Lsize=N/A time=00:01:00.01 bitrate=N/A speed=  40x    
07-12 19:39:42.639 12363 12708 I mobile-ffmpeg: video:61391kB audio:345kB subtitle:0kB other streams:0kB global headers:0kB muxing overhead: 
07-12 19:39:42.639 12363 12708 I mobile-ffmpeg: unknown
07-12 19:39:42.639 12363 12708 I mobile-ffmpeg: 
07-12 19:39:42.646 12363 12654 V FileManager: External storage is readable
07-12 19:39:42.648 12363 12654 V FileManager: Directory already exists: /storage/emulated/0/Movies/segment/20200312_193728
07-12 19:39:42.648 12363 12654 V VideoManager: Retrieving videos from /storage/emulated/0/Movies/segment/20200312_193728
07-12 19:39:42.650 12363 12654 V VideoManager: Retrieving video from /storage/emulated/0/Movies/segment/20200312_193728/20200312_193728!000.mp4
07-12 19:39:42.656 12363 12654 V VideoManager: videoFromCursor
07-12 19:39:42.658 12363 12654 V VideoManager: Retrieving video from /storage/emulated/0/Movies/segment/20200312_193728/20200312_193728!001.mp4
07-12 19:39:42.662 12363 12654 V VideoManager: videoFromCursor
07-12 19:39:42.663 12363 12654 V VideoManager: Retrieving video from /storage/emulated/0/Movies/segment/20200312_193728/20200312_193728!002.mp4
07-12 19:39:42.667 12363 12654 V VideoManager: videoFromCursor
07-12 19:39:42.669 12363 12654 V VideoManager: Retrieving video from /storage/emulated/0/Movies/segment/20200312_193728/20200312_193728!003.mp4
07-12 19:39:42.754 12363 12654 V VideoManager: videoFromCursor
07-12 19:39:42.756 12363 12654 V NearbyFragment: nextTransfer with selected algorithm: best_or_local
07-12 19:39:42.758 12363 12654 W NearbyFragment: Sending 20200312_193728!000.mp4 to Galaxy S8 [2802]
07-12 19:39:42.770 12363 12363 V NearbyFragment: Transfer to Endpoint{id=Hqzs, name=Galaxy S8 [2802]} complete
07-12 19:39:43.761 12363 12654 V DownloadTestVideosTask: Starting DownloadTestVideosTask
07-12 19:39:43.764 12363 12654 V DashDownloadManager: Started downloading: 20200312_193828.mp4
07-12 19:39:46.737 12363 12363 V NearbyFragment: Transfer to Endpoint{id=Hqzs, name=Galaxy S8 [2802]} complete
07-12 19:39:46.813 12363 12363 D NearbyFragment: onPayloadReceived(endpointId=Hqzs, payload=com.google.android.gms.nearby.connection.Payload@e79e3e)
07-12 19:39:46.813 12363 12363 D NearbyFragment: Endpoint{id=Hqzs, name=Galaxy S8 [2802]} has finished downloading 20200312_193728!000.mp4
07-12 19:39:46.815 12363 12363 V NearbyFragment: nextTransfer with selected algorithm: best_or_local
07-12 19:39:46.816 12363 12363 W NearbyFragment: Sending 20200312_193728!001.mp4 to Shark 1S [34d8]
07-12 19:39:46.829 12363 12363 V NearbyFragment: Transfer to Endpoint{id=a6Kd, name=Shark 1S [34d8]} complete
07-12 19:39:46.856 12363 12363 V NearbyFragment: Transfer to Endpoint{id=Hqzs, name=Galaxy S8 [2802]} complete
07-12 19:39:47.913 12363 12363 D NearbyFragment: onPayloadReceived(endpointId=b1P0, payload=com.google.android.gms.nearby.connection.Payload@74291b5)
07-12 19:39:47.914 12363 12363 V NearbyFragment: Started downloading 20200312_193628!003.mp4 from Endpoint{id=b1P0, name=Shark 1S [9c8f]}
07-12 19:39:47.914 12363 12363 V NearbyFragment: nextTransfer with selected algorithm: best_or_local
07-12 19:39:47.916 12363 12363 W NearbyFragment: Sending 20200312_193728!002.mp4 to Shark 1S [9c8f]
07-12 19:39:47.927 12363 12363 V NearbyFragment: Transfer to Endpoint{id=b1P0, name=Shark 1S [9c8f]} complete
07-12 19:39:47.937 12363 12363 V NearbyFragment: Transfer to Endpoint{id=b1P0, name=Shark 1S [9c8f]} complete
07-12 19:39:48.030 12363 12363 D NearbyFragment: onPayloadReceived(endpointId=b1P0, payload=com.google.android.gms.nearby.connection.Payload@17718d8)
07-12 19:39:48.280 12363 12363 V NearbyFragment: Transfer to Endpoint{id=b1P0, name=Shark 1S [9c8f]} complete
07-12 19:39:48.281 12363 12363 W NearbyFragment: Completed downloading 20200312_193628!003.mp4 from Endpoint{id=b1P0, name=Shark 1S [9c8f]} in 00.366s
07-12 19:39:48.284 12363 12363 V FileManager: External storage is readable
07-12 19:39:48.284 12363 12363 V FileManager: Created new directory: /storage/emulated/0/Movies/segment-sum/20200312_193628
07-12 19:39:48.357 12363 12363 D NearbyFragment: Received all summarised video segments of 20200312_193628
07-12 19:39:48.360 12363 12363 V FileManager: External storage is readable
07-12 19:39:48.360 12363 12363 V FileManager: Directory already exists: /storage/emulated/0/Movies/segment-sum/20200312_193628
07-12 19:39:48.361 12363 12363 D FfmpegTools: Merging /storage/emulated/0/Movies/summarised/20200312_193628.mp4
07-12 19:39:48.361 12363 12363 V FfmpegTools: Retrieving duration of /storage/emulated/0/Movies/segment-sum/20200312_193628/20200312_193628!003.mp4
07-12 19:39:48.399 12363 12708 I mobile-ffmpeg: Input #0, mov,mp4,m4a,3gp,3g2,mj2, from '/storage/emulated/0/Movies/segment-sum/20200312_193628/20200312_193628!003.mp4':
07-12 19:39:48.399 12363 12708 I mobile-ffmpeg:   Metadata:
07-12 19:39:48.399 12363 12708 I mobile-ffmpeg:     major_brand     : 
07-12 19:39:48.399 12363 12708 I mobile-ffmpeg: isom
07-12 19:39:48.399 12363 12708 I mobile-ffmpeg: 
07-12 19:39:48.399 12363 12708 I mobile-ffmpeg:     minor_version   : 
07-12 19:39:48.399 12363 12708 I mobile-ffmpeg: 512
07-12 19:39:48.399 12363 12708 I mobile-ffmpeg: 
07-12 19:39:48.399 12363 12708 I mobile-ffmpeg:     compatible_brands: 
07-12 19:39:48.399 12363 12708 I mobile-ffmpeg: isomiso2avc1mp41
07-12 19:39:48.399 12363 12708 I mobile-ffmpeg: 
07-12 19:39:48.399 12363 12708 I mobile-ffmpeg:     encoder         : 
07-12 19:39:48.399 12363 12708 I mobile-ffmpeg: Lavf58.42.100
07-12 19:39:48.399 12363 12708 I mobile-ffmpeg: 
07-12 19:39:48.400 12363 12708 I mobile-ffmpeg:   Duration: 
07-12 19:39:48.400 12363 12708 I mobile-ffmpeg: 00:00:06.16
07-12 19:39:48.400 12363 12708 I mobile-ffmpeg: , start: 
07-12 19:39:48.400 12363 12708 I mobile-ffmpeg: 0.000000
07-12 19:39:48.400 12363 12708 I mobile-ffmpeg: , bitrate: 
07-12 19:39:48.400 12363 12708 I mobile-ffmpeg: 1340 kb/s
07-12 19:39:48.400 12363 12708 I mobile-ffmpeg: 
07-12 19:39:48.400 12363 12708 I mobile-ffmpeg:     Stream #0:0
07-12 19:39:48.400 12363 12708 I mobile-ffmpeg: (und)
07-12 19:39:48.400 12363 12708 I mobile-ffmpeg: : Video: h264 (avc1 / 0x31637661), yuvj420p(pc), 1280x720, 1266 kb/s
07-12 19:39:48.400 12363 12708 I mobile-ffmpeg: , 
07-12 19:39:48.400 12363 12708 I mobile-ffmpeg: 29.97 fps, 
07-12 19:39:48.400 12363 12708 I mobile-ffmpeg: 29.97 tbr, 
07-12 19:39:48.400 12363 12708 I mobile-ffmpeg: 30k tbn, 
07-12 19:39:48.400 12363 12708 I mobile-ffmpeg: 59.94 tbc
07-12 19:39:48.400 12363 12708 I mobile-ffmpeg:  (default)
07-12 19:39:48.400 12363 12708 I mobile-ffmpeg: 
07-12 19:39:48.400 12363 12708 I mobile-ffmpeg:     Metadata:
07-12 19:39:48.400 12363 12708 I mobile-ffmpeg:       handler_name    : 
07-12 19:39:48.400 12363 12708 I mobile-ffmpeg: VideoHandler
07-12 19:39:48.401 12363 12708 I mobile-ffmpeg: 
07-12 19:39:48.401 12363 12708 I mobile-ffmpeg:     Stream #0:1
07-12 19:39:48.401 12363 12708 I mobile-ffmpeg: (und)
07-12 19:39:48.401 12363 12708 I mobile-ffmpeg: : Audio: aac (mp4a / 0x6134706D), 16000 Hz, stereo, fltp, 85 kb/s
07-12 19:39:48.401 12363 12708 I mobile-ffmpeg:  (default)
07-12 19:39:48.401 12363 12708 I mobile-ffmpeg: 
07-12 19:39:48.401 12363 12708 I mobile-ffmpeg:     Metadata:
07-12 19:39:48.401 12363 12708 I mobile-ffmpeg:       handler_name    : 
07-12 19:39:48.401 12363 12708 I mobile-ffmpeg: SoundHandler
07-12 19:39:48.401 12363 12708 I mobile-ffmpeg: 
07-12 19:39:48.426 12363 12363 W FfmpegTools: Single segment returned, duration of 20200312_193628: 6.16
07-12 19:39:48.518 12363 12363 V VideoManager: Retrieving video from /storage/emulated/0/Movies/summarised/20200312_193628.mp4
07-12 19:39:48.523 12363 12363 V VideoManager: videoFromCursor
07-12 19:39:48.525 12363 12363 V SummarisedVideosEventHandler: onAdd
07-12 19:39:48.526 12363 12363 V RawFootageEventHandler: removeByName
07-12 19:39:48.527 12363 12363 V ProcessingVideosEventHandler: removeByName
07-12 19:39:48.527 12363 12363 V NearbyFragment: Removing video segment map for 20200312_193628
07-12 19:39:49.716 12363 12363 D NearbyFragment: onPayloadReceived(endpointId=Hqzs, payload=com.google.android.gms.nearby.connection.Payload@8ce6808)
07-12 19:39:49.716 12363 12363 V NearbyFragment: Started downloading 20200312_193728!000.mp4 from Endpoint{id=Hqzs, name=Galaxy S8 [2802]}
07-12 19:39:49.717 12363 12363 V NearbyFragment: nextTransfer with selected algorithm: best_or_local
07-12 19:39:49.719 12363 12363 W NearbyFragment: Sending 20200312_193728!003.mp4 to Galaxy S8 [2802]
07-12 19:39:49.734 12363 12363 V NearbyFragment: Transfer to Endpoint{id=Hqzs, name=Galaxy S8 [2802]} complete
07-12 19:39:49.747 12363 12363 V NearbyFragment: Transfer to Endpoint{id=Hqzs, name=Galaxy S8 [2802]} complete
07-12 19:39:49.783 12363 12363 D NearbyFragment: onPayloadReceived(endpointId=Hqzs, payload=com.google.android.gms.nearby.connection.Payload@1419587)
07-12 19:39:55.436 12363 12363 V NearbyFragment: Transfer to Endpoint{id=Hqzs, name=Galaxy S8 [2802]} complete
07-12 19:39:55.437 12363 12363 W NearbyFragment: Completed downloading 20200312_193728!000.mp4 from Endpoint{id=Hqzs, name=Galaxy S8 [2802]} in 05.721s
07-12 19:39:55.442 12363 12363 V FileManager: External storage is readable
07-12 19:39:55.443 12363 12363 V FileManager: Created new directory: /storage/emulated/0/Movies/segment-sum/20200312_193728
07-12 19:39:56.642 12363 12363 V NearbyFragment: Received a segment of 20200312_193728
07-12 19:39:56.860 12363 12363 V NearbyFragment: Transfer to Endpoint{id=a6Kd, name=Shark 1S [34d8]} complete
07-12 19:39:57.088 12363 12363 D NearbyFragment: onPayloadReceived(endpointId=a6Kd, payload=com.google.android.gms.nearby.connection.Payload@1e5fcb4)
07-12 19:39:57.088 12363 12363 D NearbyFragment: Endpoint{id=a6Kd, name=Shark 1S [34d8]} has finished downloading 20200312_193728!001.mp4
07-12 19:39:57.089 12363 12363 I NearbyFragment: Transfer queue is empty
07-12 19:39:57.131 12363 12363 V NearbyFragment: Transfer to Endpoint{id=a6Kd, name=Shark 1S [34d8]} complete
07-12 19:40:00.975 12363 12363 D NearbyFragment: onPayloadReceived(endpointId=a6Kd, payload=com.google.android.gms.nearby.connection.Payload@923a0dd)
07-12 19:40:00.975 12363 12363 V NearbyFragment: Started downloading 20200312_193728!001.mp4 from Endpoint{id=a6Kd, name=Shark 1S [34d8]}
07-12 19:40:00.976 12363 12363 I NearbyFragment: Transfer queue is empty
07-12 19:40:00.987 12363 12363 V NearbyFragment: Transfer to Endpoint{id=a6Kd, name=Shark 1S [34d8]} complete
07-12 19:40:01.051 12363 12363 D NearbyFragment: onPayloadReceived(endpointId=a6Kd, payload=com.google.android.gms.nearby.connection.Payload@71d0452)
07-12 19:40:06.980 12363 12363 V NearbyFragment: Transfer to Endpoint{id=b1P0, name=Shark 1S [9c8f]} complete
07-12 19:40:07.388 12363 12363 D NearbyFragment: onPayloadReceived(endpointId=b1P0, payload=com.google.android.gms.nearby.connection.Payload@8180323)
07-12 19:40:07.388 12363 12363 D NearbyFragment: Endpoint{id=b1P0, name=Shark 1S [9c8f]} has finished downloading 20200312_193728!002.mp4
07-12 19:40:07.389 12363 12363 I NearbyFragment: Transfer queue is empty
07-12 19:40:07.445 12363 12363 V NearbyFragment: Transfer to Endpoint{id=b1P0, name=Shark 1S [9c8f]} complete
07-12 19:40:10.077 12363 12363 V NearbyFragment: Transfer to Endpoint{id=a6Kd, name=Shark 1S [34d8]} complete
07-12 19:40:10.079 12363 12363 W NearbyFragment: Completed downloading 20200312_193728!001.mp4 from Endpoint{id=a6Kd, name=Shark 1S [34d8]} in 09.101s
07-12 19:40:10.082 12363 12363 V FileManager: External storage is readable
07-12 19:40:10.083 12363 12363 V FileManager: Directory already exists: /storage/emulated/0/Movies/segment-sum/20200312_193728
07-12 19:40:11.390 12363 12363 V NearbyFragment: Received a segment of 20200312_193728
07-12 19:40:11.392 12363 12363 D NearbyFragment: onPayloadReceived(endpointId=b1P0, payload=com.google.android.gms.nearby.connection.Payload@3403020)
07-12 19:40:11.392 12363 12363 V NearbyFragment: Started downloading 20200312_193728!002.mp4 from Endpoint{id=b1P0, name=Shark 1S [9c8f]}
07-12 19:40:11.393 12363 12363 I NearbyFragment: Transfer queue is empty
07-12 19:40:11.393 12363 12363 V NearbyFragment: Transfer to Endpoint{id=b1P0, name=Shark 1S [9c8f]} complete
07-12 19:40:11.408 12363 12363 D NearbyFragment: onPayloadReceived(endpointId=b1P0, payload=com.google.android.gms.nearby.connection.Payload@9be6dd9)
07-12 19:40:15.046 12363 12363 V NearbyFragment: Transfer to Endpoint{id=Hqzs, name=Galaxy S8 [2802]} complete
07-12 19:40:15.747 12363 12363 D NearbyFragment: onPayloadReceived(endpointId=Hqzs, payload=com.google.android.gms.nearby.connection.Payload@a63139e)
07-12 19:40:15.748 12363 12363 D NearbyFragment: Endpoint{id=Hqzs, name=Galaxy S8 [2802]} has finished downloading 20200312_193728!003.mp4
07-12 19:40:15.749 12363 12363 I NearbyFragment: Transfer queue is empty
07-12 19:40:15.803 12363 12363 V NearbyFragment: Transfer to Endpoint{id=Hqzs, name=Galaxy S8 [2802]} complete
07-12 19:40:18.035 12363 12363 D NearbyFragment: onPayloadReceived(endpointId=Hqzs, payload=com.google.android.gms.nearby.connection.Payload@65dae7f)
07-12 19:40:18.035 12363 12363 V NearbyFragment: Started downloading 20200312_193728!003.mp4 from Endpoint{id=Hqzs, name=Galaxy S8 [2802]}
07-12 19:40:18.036 12363 12363 I NearbyFragment: Transfer queue is empty
07-12 19:40:18.102 12363 12363 D NearbyFragment: onPayloadReceived(endpointId=Hqzs, payload=com.google.android.gms.nearby.connection.Payload@6482e4c)
07-12 19:40:18.105 12363 12363 V NearbyFragment: Transfer to Endpoint{id=Hqzs, name=Galaxy S8 [2802]} complete
07-12 19:40:21.192 12363 12363 V NearbyFragment: Transfer to Endpoint{id=b1P0, name=Shark 1S [9c8f]} complete
07-12 19:40:21.193 12363 12363 W NearbyFragment: Completed downloading 20200312_193728!002.mp4 from Endpoint{id=b1P0, name=Shark 1S [9c8f]} in 09.800s
07-12 19:40:21.197 12363 12363 V FileManager: External storage is readable
07-12 19:40:21.198 12363 12363 V FileManager: Directory already exists: /storage/emulated/0/Movies/segment-sum/20200312_193728
07-12 19:40:22.842 12363 12363 V NearbyFragment: Received a segment of 20200312_193728
07-12 19:40:22.843 12363 12363 V NearbyFragment: Transfer to Endpoint{id=Hqzs, name=Galaxy S8 [2802]} complete
07-12 19:40:22.844 12363 12363 W NearbyFragment: Completed downloading 20200312_193728!003.mp4 from Endpoint{id=Hqzs, name=Galaxy S8 [2802]} in 04.809s
07-12 19:40:22.852 12363 12363 V FileManager: External storage is readable
07-12 19:40:22.853 12363 12363 V FileManager: Directory already exists: /storage/emulated/0/Movies/segment-sum/20200312_193728
07-12 19:40:24.466 12363 12363 D NearbyFragment: Received all summarised video segments of 20200312_193728
07-12 19:40:24.470 12363 12363 V FileManager: External storage is readable
07-12 19:40:24.470 12363 12363 V FileManager: Directory already exists: /storage/emulated/0/Movies/segment-sum/20200312_193728
07-12 19:40:24.471 12363 12363 D FfmpegTools: Merging /storage/emulated/0/Movies/summarised/20200312_193728.mp4
07-12 19:40:24.475 12363 12363 V FileManager: External storage is readable
07-12 19:40:24.475 12363 12363 V FileManager: Directory already exists: /storage/emulated/0/Movies/segment/20200312_193728
07-12 19:40:24.483 12363 12363 I FfmpegTools: Running ffmpeg with:
07-12 19:40:24.483 12363 12363 I FfmpegTools:   -y -f concat -safe 0 -i /storage/emulated/0/Movies/segment/20200312_193728/paths.txt -c copy /storage/emulated/0/Movies/summarised/20200312_193728.mp4
07-12 19:40:24.545 12363 12708 I mobile-ffmpeg: [mov,mp4,m4a,3gp,3g2,mj2 @ 0x943b6800] Auto-inserting h264_mp4toannexb bitstream filter
07-12 19:40:24.592 12363 12708 I mobile-ffmpeg: Input #0, concat, from '/storage/emulated/0/Movies/segment/20200312_193728/paths.txt':
07-12 19:40:24.592 12363 12708 I mobile-ffmpeg:   Duration: 
07-12 19:40:24.593 12363 12708 I mobile-ffmpeg: N/A
07-12 19:40:24.593 12363 12708 I mobile-ffmpeg: , start: 
07-12 19:40:24.593 12363 12708 I mobile-ffmpeg: 0.000000
07-12 19:40:24.593 12363 12708 I mobile-ffmpeg: , bitrate: 
07-12 19:40:24.593 12363 12708 I mobile-ffmpeg: 8416 kb/s
07-12 19:40:24.593 12363 12708 I mobile-ffmpeg: 
07-12 19:40:24.594 12363 12708 I mobile-ffmpeg:     Stream #0:0
07-12 19:40:24.594 12363 12708 I mobile-ffmpeg: (eng)
07-12 19:40:24.594 12363 12708 I mobile-ffmpeg: : Video: h264 (avc1 / 0x31637661), yuvj420p(pc, bt709), 1280x720, 8369 kb/s
07-12 19:40:24.594 12363 12708 I mobile-ffmpeg: , 
07-12 19:40:24.594 12363 12708 I mobile-ffmpeg: 29.97 fps, 
07-12 19:40:24.595 12363 12708 I mobile-ffmpeg: 29.97 tbr, 
07-12 19:40:24.595 12363 12708 I mobile-ffmpeg: 16k tbn, 
07-12 19:40:24.595 12363 12708 I mobile-ffmpeg: 32k tbc
07-12 19:40:24.595 12363 12708 I mobile-ffmpeg: 
07-12 19:40:24.595 12363 12708 I mobile-ffmpeg:     Metadata:
07-12 19:40:24.595 12363 12708 I mobile-ffmpeg:       handler_name    : 
07-12 19:40:24.595 12363 12708 I mobile-ffmpeg: PittaSoft Video Media Handler
07-12 19:40:24.595 12363 12708 I mobile-ffmpeg: 
07-12 19:40:24.596 12363 12708 I mobile-ffmpeg:     Stream #0:1
07-12 19:40:24.596 12363 12708 I mobile-ffmpeg: (eng)
07-12 19:40:24.596 12363 12708 I mobile-ffmpeg: : Audio: aac (mp4a / 0x6134706D), 16000 Hz, stereo, fltp, 47 kb/s
07-12 19:40:24.596 12363 12708 I mobile-ffmpeg: 
07-12 19:40:24.596 12363 12708 I mobile-ffmpeg:     Metadata:
07-12 19:40:24.596 12363 12708 I mobile-ffmpeg:       handler_name    : 
07-12 19:40:24.596 12363 12708 I mobile-ffmpeg: PittaSoft Sound Media Handler
07-12 19:40:24.596 12363 12708 I mobile-ffmpeg: 
07-12 19:40:24.598 12363 12708 I mobile-ffmpeg: Output #0, mp4, to '/storage/emulated/0/Movies/summarised/20200312_193728.mp4':
07-12 19:40:24.598 12363 12708 I mobile-ffmpeg:   Metadata:
07-12 19:40:24.598 12363 12708 I mobile-ffmpeg:     encoder         : 
07-12 19:40:24.598 12363 12708 I mobile-ffmpeg: Lavf58.42.100
07-12 19:40:24.598 12363 12708 I mobile-ffmpeg: 
07-12 19:40:24.598 12363 12708 I mobile-ffmpeg:     Stream #0:0
07-12 19:40:24.598 12363 12708 I mobile-ffmpeg: (eng)
07-12 19:40:24.599 12363 12708 I mobile-ffmpeg: : Video: h264 (avc1 / 0x31637661), yuvj420p(pc, bt709), 1280x720, q=2-31, 8369 kb/s
07-12 19:40:24.599 12363 12708 I mobile-ffmpeg: , 
07-12 19:40:24.599 12363 12708 I mobile-ffmpeg: 29.97 fps, 
07-12 19:40:24.599 12363 12708 I mobile-ffmpeg: 29.97 tbr, 
07-12 19:40:24.599 12363 12708 I mobile-ffmpeg: 16k tbn, 
07-12 19:40:24.599 12363 12708 I mobile-ffmpeg: 16k tbc
07-12 19:40:24.599 12363 12708 I mobile-ffmpeg: 
07-12 19:40:24.599 12363 12708 I mobile-ffmpeg:     Metadata:
07-12 19:40:24.599 12363 12708 I mobile-ffmpeg:       handler_name    : 
07-12 19:40:24.600 12363 12708 I mobile-ffmpeg: PittaSoft Video Media Handler
07-12 19:40:24.600 12363 12708 I mobile-ffmpeg: 
07-12 19:40:24.600 12363 12708 I mobile-ffmpeg:     Stream #0:1
07-12 19:40:24.600 12363 12708 I mobile-ffmpeg: (eng)
07-12 19:40:24.600 12363 12708 I mobile-ffmpeg: : Audio: aac (mp4a / 0x6134706D), 16000 Hz, stereo, fltp, 47 kb/s
07-12 19:40:24.600 12363 12708 I mobile-ffmpeg: 
07-12 19:40:24.607 12363 12708 I mobile-ffmpeg:     Metadata:
07-12 19:40:24.607 12363 12708 I mobile-ffmpeg:       handler_name    : 
07-12 19:40:24.607 12363 12708 I mobile-ffmpeg: PittaSoft Sound Media Handler
07-12 19:40:24.608 12363 12708 I mobile-ffmpeg: 
07-12 19:40:24.608 12363 12708 I mobile-ffmpeg: Stream mapping:
07-12 19:40:24.608 12363 12708 I mobile-ffmpeg:   Stream #0:0 -> #0:0
07-12 19:40:24.608 12363 12708 I mobile-ffmpeg:  (copy)
07-12 19:40:24.608 12363 12708 I mobile-ffmpeg: 
07-12 19:40:24.608 12363 12708 I mobile-ffmpeg:   Stream #0:1 -> #0:1
07-12 19:40:24.608 12363 12708 I mobile-ffmpeg:  (copy)
07-12 19:40:24.608 12363 12708 I mobile-ffmpeg: 
07-12 19:40:24.608 12363 12708 I mobile-ffmpeg: Press [q] to stop, [?] for help
07-12 19:40:24.608 12363 12708 I mobile-ffmpeg: frame=    1 fps=0.0 q=-1.0 size=       0kB time=00:00:00.00 bitrate=6095.2kbits/s speed=31.5x    
07-12 19:40:24.896 12363 12708 I mobile-ffmpeg: [mov,mp4,m4a,3gp,3g2,mj2 @ 0x943b6800] Auto-inserting h264_mp4toannexb bitstream filter
07-12 19:40:25.168 12363 12708 I mobile-ffmpeg: [mov,mp4,m4a,3gp,3g2,mj2 @ 0x943b6800] Auto-inserting h264_mp4toannexb bitstream filter
07-12 19:40:25.168 12363 12708 I mobile-ffmpeg: frame=  962 fps=0.0 q=-1.0 size=   32768kB time=00:00:32.11 bitrate=8359.6kbits/s speed=56.6x    
07-12 19:40:25.414 12363 12708 I mobile-ffmpeg: [mov,mp4,m4a,3gp,3g2,mj2 @ 0x943b6800] Auto-inserting h264_mp4toannexb bitstream filter
07-12 19:40:25.561 12363 12708 I mobile-ffmpeg: frame= 1800 fps=0.0 q=-1.0 Lsize=   61771kB time=00:01:00.06 bitrate=8424.1kbits/s speed=62.5x    
07-12 19:40:25.561 12363 12708 I mobile-ffmpeg: video:61392kB audio:345kB subtitle:0kB other streams:0kB global headers:0kB muxing overhead: 
07-12 19:40:25.561 12363 12708 I mobile-ffmpeg: 0.053654%
07-12 19:40:25.561 12363 12708 I mobile-ffmpeg: 
07-12 19:40:25.561 12363 12363 V FfmpegTools: Retrieving duration of /storage/emulated/0/Movies/summarised/20200312_193728.mp4
07-12 19:40:25.613 12363 12708 I mobile-ffmpeg: Input #0, mov,mp4,m4a,3gp,3g2,mj2, from '/storage/emulated/0/Movies/summarised/20200312_193728.mp4':
07-12 19:40:25.613 12363 12708 I mobile-ffmpeg:   Metadata:
07-12 19:40:25.613 12363 12708 I mobile-ffmpeg:     major_brand     : 
07-12 19:40:25.613 12363 12708 I mobile-ffmpeg: isom
07-12 19:40:25.613 12363 12708 I mobile-ffmpeg: 
07-12 19:40:25.613 12363 12708 I mobile-ffmpeg:     minor_version   : 
07-12 19:40:25.613 12363 12708 I mobile-ffmpeg: 512
07-12 19:40:25.613 12363 12708 I mobile-ffmpeg: 
07-12 19:40:25.613 12363 12708 I mobile-ffmpeg:     compatible_brands: 
07-12 19:40:25.613 12363 12708 I mobile-ffmpeg: isomiso2avc1mp41
07-12 19:40:25.613 12363 12708 I mobile-ffmpeg: 
07-12 19:40:25.614 12363 12708 I mobile-ffmpeg:     encoder         : 
07-12 19:40:25.614 12363 12708 I mobile-ffmpeg: Lavf58.42.100
07-12 19:40:25.614 12363 12708 I mobile-ffmpeg: 
07-12 19:40:25.614 12363 12708 I mobile-ffmpeg:   Duration: 
07-12 19:40:25.614 12363 12708 I mobile-ffmpeg: 00:01:00.07
07-12 19:40:25.614 12363 12708 I mobile-ffmpeg: , start: 
07-12 19:40:25.614 12363 12708 I mobile-ffmpeg: 0.000000
07-12 19:40:25.614 12363 12708 I mobile-ffmpeg: , bitrate: 
07-12 19:40:25.614 12363 12708 I mobile-ffmpeg: 8423 kb/s
07-12 19:40:25.614 12363 12708 I mobile-ffmpeg: 
07-12 19:40:25.614 12363 12708 I mobile-ffmpeg:     Stream #0:0
07-12 19:40:25.614 12363 12708 I mobile-ffmpeg: (eng)
07-12 19:40:25.614 12363 12708 I mobile-ffmpeg: : Video: h264 (avc1 / 0x31637661), yuvj420p(pc, bt709), 1280x720, 8372 kb/s
07-12 19:40:25.614 12363 12708 I mobile-ffmpeg: , 
07-12 19:40:25.614 12363 12708 I mobile-ffmpeg: 29.97 fps, 
07-12 19:40:25.614 12363 12708 I mobile-ffmpeg: 29.97 tbr, 
07-12 19:40:25.614 12363 12708 I mobile-ffmpeg: 16k tbn, 
07-12 19:40:25.614 12363 12708 I mobile-ffmpeg: 32k tbc
07-12 19:40:25.615 12363 12708 I mobile-ffmpeg:  (default)
07-12 19:40:25.615 12363 12708 I mobile-ffmpeg: 
07-12 19:40:25.615 12363 12708 I mobile-ffmpeg:     Metadata:
07-12 19:40:25.615 12363 12708 I mobile-ffmpeg:       handler_name    : 
07-12 19:40:25.615 12363 12708 I mobile-ffmpeg: PittaSoft Video Media Handler
07-12 19:40:25.615 12363 12708 I mobile-ffmpeg: 
07-12 19:40:25.615 12363 12708 I mobile-ffmpeg:     Stream #0:1
07-12 19:40:25.615 12363 12708 I mobile-ffmpeg: (eng)
07-12 19:40:25.615 12363 12708 I mobile-ffmpeg: : Audio: aac (mp4a / 0x6134706D), 16000 Hz, stereo, fltp, 47 kb/s
07-12 19:40:25.615 12363 12708 I mobile-ffmpeg:  (default)
07-12 19:40:25.615 12363 12708 I mobile-ffmpeg: 
07-12 19:40:25.615 12363 12708 I mobile-ffmpeg:     Metadata:
07-12 19:40:25.615 12363 12708 I mobile-ffmpeg:       handler_name    : 
07-12 19:40:25.615 12363 12708 I mobile-ffmpeg: PittaSoft Sound Media Handler
07-12 19:40:25.615 12363 12708 I mobile-ffmpeg: 
07-12 19:40:25.718 12363 12363 W FfmpegTools: Merged duration of 20200312_193728: 60.07
07-12 19:40:25.874 12363 12363 V VideoManager: Retrieving video from /storage/emulated/0/Movies/summarised/20200312_193728.mp4
07-12 19:40:25.890 12363 12363 V VideoManager: videoFromCursor
07-12 19:40:25.892 12363 12363 V SummarisedVideosEventHandler: onAdd
07-12 19:40:25.893 12363 12363 V RawFootageEventHandler: removeByName
07-12 19:40:25.894 12363 12363 V ProcessingVideosEventHandler: removeByName
07-12 19:40:25.894 12363 12363 V NearbyFragment: Removing video segment map for 20200312_193728
07-12 19:40:32.808 12363 12654 V VideoManager: Retrieving video from /storage/emulated/0/Movies/raw/20200312_193828.mp4
07-12 19:40:32.815 12363 12654 D VideoManager: videoCursor is null
07-12 19:40:32.855 12363 12654 V VideoManager: videoFromCursor
07-12 19:40:32.857 12363 12654 W DashDownloadManager: Successfully downloaded 20200312_193828.mp4 in 49.042s
07-12 19:40:32.857 12363 12654 V DownloadTestVideosTask: Entering callback for download completion of 20200312_193828.mp4
07-12 19:40:32.861 12363 12654 V RawFootageEventHandler: onAdd
07-12 19:40:32.865 12363 12654 V FfmpegTools: Retrieving duration of /storage/emulated/0/Movies/raw/20200312_193828.mp4
07-12 19:40:32.874 12363 12708 W mobile-ffmpeg: [mov,mp4,m4a,3gp,3g2,mj2 @ 0x8f3ed600] Found duplicated MOOV Atom. Skipped it
07-12 19:40:32.965 12363 12708 I mobile-ffmpeg: Input #0, mov,mp4,m4a,3gp,3g2,mj2, from '/storage/emulated/0/Movies/raw/20200312_193828.mp4':
07-12 19:40:32.986 12363 12708 I mobile-ffmpeg:   Metadata:
07-12 19:40:32.986 12363 12708 I mobile-ffmpeg:     creation_time   : 
07-12 19:40:32.986 12363 12708 I mobile-ffmpeg: 2020-03-12T08:39:28.000000Z
07-12 19:40:32.986 12363 12708 I mobile-ffmpeg: 
07-12 19:40:32.986 12363 12708 I mobile-ffmpeg:     major_brand     : 
07-12 19:40:32.986 12363 12708 I mobile-ffmpeg: mp42
07-12 19:40:32.986 12363 12708 I mobile-ffmpeg: 
07-12 19:40:32.986 12363 12708 I mobile-ffmpeg:     minor_version   : 
07-12 19:40:32.986 12363 12708 I mobile-ffmpeg: 1
07-12 19:40:32.986 12363 12708 I mobile-ffmpeg: 
07-12 19:40:32.986 12363 12708 I mobile-ffmpeg:     compatible_brands: 
07-12 19:40:32.987 12363 12708 I mobile-ffmpeg: mp42mp42
07-12 19:40:32.987 12363 12708 I mobile-ffmpeg: 
07-12 19:40:32.987 12363 12708 I mobile-ffmpeg:   Duration: 
07-12 19:40:32.987 12363 12708 I mobile-ffmpeg: 00:01:00.02
07-12 19:40:32.987 12363 12708 I mobile-ffmpeg: , start: 
07-12 19:40:32.987 12363 12708 I mobile-ffmpeg: 0.000000
07-12 19:40:32.987 12363 12708 I mobile-ffmpeg: , bitrate: 
07-12 19:40:32.987 12363 12708 I mobile-ffmpeg: 9328 kb/s
07-12 19:40:32.987 12363 12708 I mobile-ffmpeg: 
07-12 19:40:32.987 12363 12708 I mobile-ffmpeg:     Stream #0:0
07-12 19:40:32.987 12363 12708 I mobile-ffmpeg: (eng)
07-12 19:40:32.987 12363 12708 I mobile-ffmpeg: : Video: h264 (avc1 / 0x31637661), yuvj420p(pc, bt709), 1280x720, 8385 kb/s
07-12 19:40:32.987 12363 12708 I mobile-ffmpeg: , 
07-12 19:40:32.987 12363 12708 I mobile-ffmpeg: 29.97 fps, 
07-12 19:40:32.987 12363 12708 I mobile-ffmpeg: 29.97 tbr, 
07-12 19:40:32.987 12363 12708 I mobile-ffmpeg: 1k tbn, 
07-12 19:40:32.987 12363 12708 I mobile-ffmpeg: 2k tbc
07-12 19:40:32.987 12363 12708 I mobile-ffmpeg:  (default)
07-12 19:40:32.987 12363 12708 I mobile-ffmpeg: 
07-12 19:40:32.988 12363 12708 I mobile-ffmpeg:     Metadata:
07-12 19:40:32.988 12363 12708 I mobile-ffmpeg:       creation_time   : 
07-12 19:40:32.988 12363 12708 I mobile-ffmpeg: 2020-03-12T08:39:28.000000Z
07-12 19:40:32.988 12363 12708 I mobile-ffmpeg: 
07-12 19:40:32.988 12363 12708 I mobile-ffmpeg:       handler_name    : 
07-12 19:40:32.988 12363 12708 I mobile-ffmpeg: PittaSoft Video Media Handler
07-12 19:40:32.988 12363 12708 I mobile-ffmpeg: 
07-12 19:40:32.988 12363 12708 I mobile-ffmpeg:     Stream #0:1
07-12 19:40:32.988 12363 12708 I mobile-ffmpeg: (eng)
07-12 19:40:32.988 12363 12708 I mobile-ffmpeg: : Audio: aac (mp4a / 0x6134706D), 16000 Hz, stereo, fltp, 47 kb/s
07-12 19:40:32.988 12363 12708 I mobile-ffmpeg:  (default)
07-12 19:40:32.988 12363 12708 I mobile-ffmpeg: 
07-12 19:40:32.988 12363 12708 I mobile-ffmpeg:     Metadata:
07-12 19:40:32.988 12363 12708 I mobile-ffmpeg:       creation_time   : 
07-12 19:40:32.988 12363 12708 I mobile-ffmpeg: 2020-03-12T08:39:28.000000Z
07-12 19:40:32.988 12363 12708 I mobile-ffmpeg: 
07-12 19:40:32.988 12363 12708 I mobile-ffmpeg:       handler_name    : 
07-12 19:40:32.988 12363 12708 I mobile-ffmpeg: PittaSoft Sound Media Handler
07-12 19:40:32.988 12363 12708 I mobile-ffmpeg: 
07-12 19:40:33.009 12363 12654 V FileManager: External storage is readable
07-12 19:40:33.009 12363 12654 V FileManager: Created new directory: /storage/emulated/0/Movies/segment/20200312_193828
07-12 19:40:33.010 12363 12654 V FfmpegTools: Splitting /storage/emulated/0/Movies/raw/20200312_193828.mp4 with 16s long segments
07-12 19:40:33.010 12363 12654 I FfmpegTools: Running ffmpeg with:
07-12 19:40:33.010 12363 12654 I FfmpegTools:   -y -i /storage/emulated/0/Movies/raw/20200312_193828.mp4 -map 0 -c copy -f segment -reset_timestamps 1 -segment_time 16 /storage/emulated/0/Movies/segment/20200312_193828/20200312_193828!%03d.mp4
07-12 19:40:33.029 12363 12708 W mobile-ffmpeg: [mov,mp4,m4a,3gp,3g2,mj2 @ 0x93f69800] Found duplicated MOOV Atom. Skipped it
07-12 19:40:33.108 12363 12708 I mobile-ffmpeg: Input #0, mov,mp4,m4a,3gp,3g2,mj2, from '/storage/emulated/0/Movies/raw/20200312_193828.mp4':
07-12 19:40:33.108 12363 12708 I mobile-ffmpeg:   Metadata:
07-12 19:40:33.109 12363 12708 I mobile-ffmpeg:     creation_time   : 
07-12 19:40:33.109 12363 12708 I mobile-ffmpeg: 2020-03-12T08:39:28.000000Z
07-12 19:40:33.110 12363 12708 I mobile-ffmpeg: 
07-12 19:40:33.110 12363 12708 I mobile-ffmpeg:     major_brand     : 
07-12 19:40:33.111 12363 12708 I mobile-ffmpeg: mp42
07-12 19:40:33.111 12363 12708 I mobile-ffmpeg: 
07-12 19:40:33.112 12363 12708 I mobile-ffmpeg:     minor_version   : 
07-12 19:40:33.112 12363 12708 I mobile-ffmpeg: 1
07-12 19:40:33.113 12363 12708 I mobile-ffmpeg: 
07-12 19:40:33.113 12363 12708 I mobile-ffmpeg:     compatible_brands: 
07-12 19:40:33.114 12363 12708 I mobile-ffmpeg: mp42mp42
07-12 19:40:33.115 12363 12708 I mobile-ffmpeg: 
07-12 19:40:33.115 12363 12708 I mobile-ffmpeg:   Duration: 
07-12 19:40:33.115 12363 12708 I mobile-ffmpeg: 00:01:00.02
07-12 19:40:33.115 12363 12708 I mobile-ffmpeg: , start: 
07-12 19:40:33.115 12363 12708 I mobile-ffmpeg: 0.000000
07-12 19:40:33.115 12363 12708 I mobile-ffmpeg: , bitrate: 
07-12 19:40:33.115 12363 12708 I mobile-ffmpeg: 9328 kb/s
07-12 19:40:33.115 12363 12708 I mobile-ffmpeg: 
07-12 19:40:33.116 12363 12708 I mobile-ffmpeg:     Stream #0:0
07-12 19:40:33.116 12363 12708 I mobile-ffmpeg: (eng)
07-12 19:40:33.116 12363 12708 I mobile-ffmpeg: : Video: h264 (avc1 / 0x31637661), yuvj420p(pc, bt709), 1280x720, 8385 kb/s
07-12 19:40:33.116 12363 12708 I mobile-ffmpeg: , 
07-12 19:40:33.116 12363 12708 I mobile-ffmpeg: 29.97 fps, 
07-12 19:40:33.116 12363 12708 I mobile-ffmpeg: 29.97 tbr, 
07-12 19:40:33.119 12363 12708 I mobile-ffmpeg: 1k tbn, 
07-12 19:40:33.120 12363 12708 I mobile-ffmpeg: 2k tbc
07-12 19:40:33.120 12363 12708 I mobile-ffmpeg:  (default)
07-12 19:40:33.120 12363 12708 I mobile-ffmpeg: 
07-12 19:40:33.120 12363 12708 I mobile-ffmpeg:     Metadata:
07-12 19:40:33.120 12363 12708 I mobile-ffmpeg:       creation_time   : 
07-12 19:40:33.120 12363 12708 I mobile-ffmpeg: 2020-03-12T08:39:28.000000Z
07-12 19:40:33.120 12363 12708 I mobile-ffmpeg: 
07-12 19:40:33.120 12363 12708 I mobile-ffmpeg:       handler_name    : 
07-12 19:40:33.120 12363 12708 I mobile-ffmpeg: PittaSoft Video Media Handler
07-12 19:40:33.120 12363 12708 I mobile-ffmpeg: 
07-12 19:40:33.121 12363 12708 I mobile-ffmpeg:     Stream #0:1
07-12 19:40:33.121 12363 12708 I mobile-ffmpeg: (eng)
07-12 19:40:33.121 12363 12708 I mobile-ffmpeg: : Audio: aac (mp4a / 0x6134706D), 16000 Hz, stereo, fltp, 47 kb/s
07-12 19:40:33.121 12363 12708 I mobile-ffmpeg:  (default)
07-12 19:40:33.121 12363 12708 I mobile-ffmpeg: 
07-12 19:40:33.121 12363 12708 I mobile-ffmpeg:     Metadata:
07-12 19:40:33.121 12363 12708 I mobile-ffmpeg:       creation_time   : 
07-12 19:40:33.121 12363 12708 I mobile-ffmpeg: 2020-03-12T08:39:28.000000Z
07-12 19:40:33.121 12363 12708 I mobile-ffmpeg: 
07-12 19:40:33.121 12363 12708 I mobile-ffmpeg:       handler_name    : 
07-12 19:40:33.122 12363 12708 I mobile-ffmpeg: PittaSoft Sound Media Handler
07-12 19:40:33.122 12363 12708 I mobile-ffmpeg: 
07-12 19:40:33.124 12363 12708 I mobile-ffmpeg: [segment @ 0x93f6aa00] Opening '/storage/emulated/0/Movies/segment/20200312_193828/20200312_193828!000.mp4' for writing
07-12 19:40:33.124 12363 12708 I mobile-ffmpeg: Output #0, segment, to '/storage/emulated/0/Movies/segment/20200312_193828/20200312_193828!%03d.mp4':
07-12 19:40:33.124 12363 12708 I mobile-ffmpeg:   Metadata:
07-12 19:40:33.124 12363 12708 I mobile-ffmpeg:     compatible_brands: 
07-12 19:40:33.124 12363 12708 I mobile-ffmpeg: mp42mp42
07-12 19:40:33.124 12363 12708 I mobile-ffmpeg: 
07-12 19:40:33.124 12363 12708 I mobile-ffmpeg:     major_brand     : 
07-12 19:40:33.125 12363 12708 I mobile-ffmpeg: mp42
07-12 19:40:33.125 12363 12708 I mobile-ffmpeg: 
07-12 19:40:33.125 12363 12708 I mobile-ffmpeg:     minor_version   : 
07-12 19:40:33.125 12363 12708 I mobile-ffmpeg: 1
07-12 19:40:33.125 12363 12708 I mobile-ffmpeg: 
07-12 19:40:33.125 12363 12708 I mobile-ffmpeg:     encoder         : 
07-12 19:40:33.125 12363 12708 I mobile-ffmpeg: Lavf58.42.100
07-12 19:40:33.125 12363 12708 I mobile-ffmpeg: 
07-12 19:40:33.125 12363 12708 I mobile-ffmpeg:     Stream #0:0
07-12 19:40:33.126 12363 12708 I mobile-ffmpeg: (eng)
07-12 19:40:33.126 12363 12708 I mobile-ffmpeg: : Video: h264 (avc1 / 0x31637661), yuvj420p(pc, bt709), 1280x720, q=2-31, 8385 kb/s
07-12 19:40:33.126 12363 12708 I mobile-ffmpeg: , 
07-12 19:40:33.126 12363 12708 I mobile-ffmpeg: 29.97 fps, 
07-12 19:40:33.126 12363 12708 I mobile-ffmpeg: 29.97 tbr, 
07-12 19:40:33.126 12363 12708 I mobile-ffmpeg: 16k tbn, 
07-12 19:40:33.126 12363 12708 I mobile-ffmpeg: 1k tbc
07-12 19:40:33.126 12363 12708 I mobile-ffmpeg:  (default)
07-12 19:40:33.126 12363 12708 I mobile-ffmpeg: 
07-12 19:40:33.126 12363 12708 I mobile-ffmpeg:     Metadata:
07-12 19:40:33.127 12363 12708 I mobile-ffmpeg:       creation_time   : 
07-12 19:40:33.127 12363 12708 I mobile-ffmpeg: 2020-03-12T08:39:28.000000Z
07-12 19:40:33.127 12363 12708 I mobile-ffmpeg: 
07-12 19:40:33.127 12363 12708 I mobile-ffmpeg:       handler_name    : 
07-12 19:40:33.127 12363 12708 I mobile-ffmpeg: PittaSoft Video Media Handler
07-12 19:40:33.127 12363 12708 I mobile-ffmpeg: 
07-12 19:40:33.127 12363 12708 I mobile-ffmpeg:     Stream #0:1
07-12 19:40:33.127 12363 12708 I mobile-ffmpeg: (eng)
07-12 19:40:33.127 12363 12708 I mobile-ffmpeg: : Audio: aac (mp4a / 0x6134706D), 16000 Hz, stereo, fltp, 47 kb/s
07-12 19:40:33.128 12363 12708 I mobile-ffmpeg:  (default)
07-12 19:40:33.128 12363 12708 I mobile-ffmpeg: 
07-12 19:40:33.128 12363 12708 I mobile-ffmpeg:     Metadata:
07-12 19:40:33.128 12363 12708 I mobile-ffmpeg:       creation_time   : 
07-12 19:40:33.128 12363 12708 I mobile-ffmpeg: 2020-03-12T08:39:28.000000Z
07-12 19:40:33.133 12363 12708 I mobile-ffmpeg: 
07-12 19:40:33.133 12363 12708 I mobile-ffmpeg:       handler_name    : 
07-12 19:40:33.134 12363 12708 I mobile-ffmpeg: PittaSoft Sound Media Handler
07-12 19:40:33.134 12363 12708 I mobile-ffmpeg: 
07-12 19:40:33.134 12363 12708 I mobile-ffmpeg: Stream mapping:
07-12 19:40:33.134 12363 12708 I mobile-ffmpeg:   Stream #0:0 -> #0:0
07-12 19:40:33.134 12363 12708 I mobile-ffmpeg:  (copy)
07-12 19:40:33.134 12363 12708 I mobile-ffmpeg: 
07-12 19:40:33.134 12363 12708 I mobile-ffmpeg:   Stream #0:1 -> #0:1
07-12 19:40:33.134 12363 12708 I mobile-ffmpeg:  (copy)
07-12 19:40:33.134 12363 12708 I mobile-ffmpeg: 
07-12 19:40:33.135 12363 12708 I mobile-ffmpeg: Press [q] to stop, [?] for help
07-12 19:40:33.135 12363 12708 I mobile-ffmpeg: frame=    1 fps=0.0 q=-1.0 size=N/A time=00:00:00.00 bitrate=N/A speed=  21x    
07-12 19:40:33.321 12363 12708 I mobile-ffmpeg: [segment @ 0x93f6aa00] Opening '/storage/emulated/0/Movies/segment/20200312_193828/20200312_193828!001.mp4' for writing
07-12 19:40:33.951 12363 12708 I mobile-ffmpeg: [segment @ 0x93f6aa00] Opening '/storage/emulated/0/Movies/segment/20200312_193828/20200312_193828!002.mp4' for writing
07-12 19:40:33.951 12363 12708 I mobile-ffmpeg: frame=  964 fps=0.0 q=-1.0 size=N/A time=00:00:32.12 bitrate=N/A speed=39.8x    
07-12 19:40:34.166 12363 12708 I mobile-ffmpeg: [segment @ 0x93f6aa00] Opening '/storage/emulated/0/Movies/segment/20200312_193828/20200312_193828!003.mp4' for writing
07-12 19:40:34.331 12363 12708 I mobile-ffmpeg: frame= 1800 fps=1505 q=-1.0 Lsize=N/A time=00:01:00.02 bitrate=N/A speed=50.2x    
07-12 19:40:34.332 12363 12708 I mobile-ffmpeg: video:61439kB audio:345kB subtitle:0kB other streams:0kB global headers:0kB muxing overhead: 
07-12 19:40:34.332 12363 12708 I mobile-ffmpeg: unknown
07-12 19:40:34.333 12363 12708 I mobile-ffmpeg: 
07-12 19:40:34.336 12363 12654 V FileManager: External storage is readable
07-12 19:40:34.337 12363 12654 V FileManager: Directory already exists: /storage/emulated/0/Movies/segment/20200312_193828
07-12 19:40:34.337 12363 12654 V VideoManager: Retrieving videos from /storage/emulated/0/Movies/segment/20200312_193828
07-12 19:40:34.339 12363 12654 V VideoManager: Retrieving video from /storage/emulated/0/Movies/segment/20200312_193828/20200312_193828!000.mp4
07-12 19:40:34.344 12363 12654 V VideoManager: videoFromCursor
07-12 19:40:34.346 12363 12654 V VideoManager: Retrieving video from /storage/emulated/0/Movies/segment/20200312_193828/20200312_193828!001.mp4
07-12 19:40:34.439 12363 12654 V VideoManager: videoFromCursor
07-12 19:40:34.441 12363 12654 V VideoManager: Retrieving video from /storage/emulated/0/Movies/segment/20200312_193828/20200312_193828!002.mp4
07-12 19:40:34.447 12363 12654 V VideoManager: videoFromCursor
07-12 19:40:34.449 12363 12654 V VideoManager: Retrieving video from /storage/emulated/0/Movies/segment/20200312_193828/20200312_193828!003.mp4
07-12 19:40:34.456 12363 12654 V VideoManager: videoFromCursor
07-12 19:40:34.459 12363 12654 V NearbyFragment: nextTransfer with selected algorithm: best_or_local
07-12 19:40:34.462 12363 12654 W NearbyFragment: Sending 20200312_193828!000.mp4 to Galaxy S8 [2802]
07-12 19:40:34.486 12363 12363 V NearbyFragment: Transfer to Endpoint{id=Hqzs, name=Galaxy S8 [2802]} complete
07-12 19:40:35.467 12363 12654 V DownloadTestVideosTask: Starting DownloadTestVideosTask
07-12 19:40:35.471 12363 12654 V DashDownloadManager: Started downloading: 20200312_193928.mp4
07-12 19:40:38.171 12363 12363 V NearbyFragment: Transfer to Endpoint{id=Hqzs, name=Galaxy S8 [2802]} complete
07-12 19:40:38.251 12363 12363 D NearbyFragment: onPayloadReceived(endpointId=Hqzs, payload=com.google.android.gms.nearby.connection.Payload@6d9b98b)
07-12 19:40:38.251 12363 12363 D NearbyFragment: Endpoint{id=Hqzs, name=Galaxy S8 [2802]} has finished downloading 20200312_193828!000.mp4
07-12 19:40:38.252 12363 12363 V NearbyFragment: nextTransfer with selected algorithm: best_or_local
07-12 19:40:38.254 12363 12363 W NearbyFragment: Sending 20200312_193828!001.mp4 to Shark 1S [34d8]
07-12 19:40:38.263 12363 12363 V NearbyFragment: Transfer to Endpoint{id=a6Kd, name=Shark 1S [34d8]} complete
07-12 19:40:38.564 12363 12363 V NearbyFragment: Transfer to Endpoint{id=Hqzs, name=Galaxy S8 [2802]} complete
07-12 19:40:44.531 12363 12363 V NearbyFragment: Transfer to Endpoint{id=a6Kd, name=Shark 1S [34d8]} complete
07-12 19:40:44.709 12363 12363 D NearbyFragment: onPayloadReceived(endpointId=a6Kd, payload=com.google.android.gms.nearby.connection.Payload@c156b26)
07-12 19:40:44.709 12363 12363 D NearbyFragment: Endpoint{id=a6Kd, name=Shark 1S [34d8]} has finished downloading 20200312_193828!001.mp4
07-12 19:40:44.710 12363 12363 V NearbyFragment: nextTransfer with selected algorithm: best_or_local
07-12 19:40:44.712 12363 12363 W NearbyFragment: Sending 20200312_193828!002.mp4 to Shark 1S [9c8f]
07-12 19:40:44.728 12363 12363 V NearbyFragment: Transfer to Endpoint{id=b1P0, name=Shark 1S [9c8f]} complete
07-12 19:40:44.767 12363 12363 V NearbyFragment: Transfer to Endpoint{id=a6Kd, name=Shark 1S [34d8]} complete
07-12 19:40:47.965 12363 12363 D NearbyFragment: onPayloadReceived(endpointId=a6Kd, payload=com.google.android.gms.nearby.connection.Payload@e66d1bd)
07-12 19:40:47.965 12363 12363 D NearbyFragment: 20200312_193828!001.mp4 from Endpoint{id=a6Kd, name=Shark 1S [34d8]} contained no activity
07-12 19:40:47.965 12363 12363 V NearbyFragment: Received a segment of 20200312_193828
07-12 19:40:47.966 12363 12363 V NearbyFragment: nextTransfer with selected algorithm: best_or_local
07-12 19:40:47.968 12363 12363 W NearbyFragment: Sending 20200312_193828!003.mp4 to Shark 1S [34d8]
07-12 19:40:48.003 12363 12363 V NearbyFragment: Transfer to Endpoint{id=a6Kd, name=Shark 1S [34d8]} complete
