07-12 19:45:04.425  8710  8710 V NearbyFragment: Transfer to Endpoint{id=y2y7, name=Nexus 5 [1825]} complete
07-12 19:45:04.427  8710  8710 W NearbyFragment: Completed downloading 20200312_195230!000.mp4 from Endpoint{id=y2y7, name=Nexus 5 [1825]} in 05.137s
07-12 19:45:04.438  8710  8710 V FileManager: External storage is readable
07-12 19:45:04.442  8710  8710 V FileManager: Created new directory: /storage/emulated/0/Movies/segment-sum/20200312_195230
07-12 19:45:04.443  8710  8710 D NearbyFragment: Summarising 20200312_195230!000.mp4
07-12 19:45:04.444  8710  8710 V VideoManager: Retrieving video from /storage/emulated/0/Download/Nearby/20200312_195230!000.mp4
07-12 19:45:04.469  8710  8710 V VideoManager: videoFromCursor
07-12 19:45:04.477  8710  8710 V ProcessingVideosEventHandler: onAdd
07-12 19:45:04.478  8710  8710 V RawFootageEventHandler: onRemove
07-12 19:45:04.487  8710  8710 V NearbyFragment: Transfer to Endpoint{id=y2y7, name=Nexus 5 [1825]} complete
07-12 19:45:04.505  8710 11159 V SummariserIntentService: onHandleIntent
07-12 19:45:04.507  8710 11159 D SummariserIntentService: Video{id='139440', data='/storage/emulated/0/Download/Nearby/20200312_195230!000.mp4', name='20200312_195230!000.mp4', size=16897687, visible=true, mimeType='video/mp4'}
07-12 19:45:04.507  8710 11159 D SummariserIntentService: /storage/emulated/0/Movies/segment-sum/20200312_195230/20200312_195230!000.mp4
07-12 19:45:04.510  8710 11159 I FfmpegTools: Running ffmpeg with:
07-12 19:45:04.510  8710 11159 I FfmpegTools:   -y -i /storage/emulated/0/Download/Nearby/20200312_195230!000.mp4 -vf freezedetect=n=-45.000000dB:d=1.000000,metadata=mode=print:file=/storage/emulated/0/Movies/raw/20200312_195230!000.txt -f null -
07-12 19:45:04.668  8710  9675 W mobile-ffmpeg: [graph 0 input from stream 0:0 @ 0x71f5668640] sws_param option is deprecated and ignored
07-12 19:45:06.758  8710 11159 W Summariser: No activity detected
07-12 19:45:06.759  8710 11159 V FfmpegTools: Retrieving duration of /storage/emulated/0/Download/Nearby/20200312_195230!000.mp4
07-12 19:45:06.783  8710 11159 W Summariser: Summarisation completed
07-12 19:45:06.783  8710 11159 W Summariser:   filename: 20200312_195230!000.mp4
07-12 19:45:06.783  8710 11159 W Summariser:   active sections: 0
07-12 19:45:06.783  8710 11159 W Summariser:   time: 02.250s
07-12 19:45:06.783  8710 11159 W Summariser:   original duration: 16.07
07-12 19:45:06.783  8710 11159 W Summariser:   summarised duration: -1.00
07-12 19:45:06.783  8710 11159 W Summariser:   noise tolerance: 45.00
07-12 19:45:06.783  8710 11159 W Summariser:   quality: 23
07-12 19:45:06.783  8710 11159 W Summariser:   speed: medium
07-12 19:45:06.783  8710 11159 W Summariser:   freeze duration: 1.00
07-12 19:45:06.783  8710 11159 V ProcessingVideosEventHandler: onRemove
07-12 19:45:06.801  8710  8710 V NearbyFragment: Transfer to Endpoint{id=y2y7, name=Nexus 5 [1825]} complete
07-12 19:45:06.848  8710  8722 D SummariserIntentService: Scanned /storage/emulated/0/Movies/summarised
07-12 19:45:06.848  8710  8722 D SummariserIntentService:   -> uri=content://media/external/file/139217
07-12 19:45:06.897  8710  8710 D NearbyFragment: onPayloadReceived(endpointId=y2y7, payload=com.google.android.gms.nearby.connection.Payload@ebda2c3)
07-12 19:45:06.897  8710  8710 V NearbyFragment: Started downloading SUMMARISE_SEGMENT:-5526746099290398339:20200312_195230!002.mp4:45.0_1.0_23_medium from Endpoint{id=y2y7, name=Nexus 5 [1825]}
07-12 19:45:07.198  8710  8710 V NearbyFragment: Transfer to Endpoint{id=y2y7, name=Nexus 5 [1825]} complete
07-12 19:45:08.235  8710  8710 D NearbyFragment: onPayloadReceived(endpointId=y2y7, payload=com.google.android.gms.nearby.connection.Payload@427e740)
07-12 19:45:13.193  8710  8710 V NearbyFragment: Transfer to Endpoint{id=y2y7, name=Nexus 5 [1825]} complete
07-12 19:45:13.195  8710  8710 W NearbyFragment: Completed downloading 20200312_195230!002.mp4 from Endpoint{id=y2y7, name=Nexus 5 [1825]} in 06.296s
07-12 19:45:13.205  8710  8710 V FileManager: External storage is readable
07-12 19:45:13.206  8710  8710 V FileManager: Directory already exists: /storage/emulated/0/Movies/segment-sum/20200312_195230
07-12 19:45:13.207  8710  8710 D NearbyFragment: Summarising 20200312_195230!002.mp4
07-12 19:45:13.208  8710  8710 V VideoManager: Retrieving video from /storage/emulated/0/Download/Nearby/20200312_195230!002.mp4
07-12 19:45:13.231  8710  8710 V VideoManager: videoFromCursor
07-12 19:45:13.237  8710  8710 V ProcessingVideosEventHandler: onAdd
07-12 19:45:13.238  8710  8710 V RawFootageEventHandler: onRemove
07-12 19:45:13.247  8710  8710 V NearbyFragment: Transfer to Endpoint{id=y2y7, name=Nexus 5 [1825]} complete
07-12 19:45:13.264  8710 11189 V SummariserIntentService: onHandleIntent
07-12 19:45:13.265  8710 11189 D SummariserIntentService: Video{id='139427', data='/storage/emulated/0/Download/Nearby/20200312_195230!002.mp4', name='20200312_195230!002.mp4', size=16981034, visible=true, mimeType='video/mp4'}
07-12 19:45:13.265  8710 11189 D SummariserIntentService: /storage/emulated/0/Movies/segment-sum/20200312_195230/20200312_195230!002.mp4
07-12 19:45:13.268  8710 11189 I FfmpegTools: Running ffmpeg with:
07-12 19:45:13.268  8710 11189 I FfmpegTools:   -y -i /storage/emulated/0/Download/Nearby/20200312_195230!002.mp4 -vf freezedetect=n=-45.000000dB:d=1.000000,metadata=mode=print:file=/storage/emulated/0/Movies/raw/20200312_195230!002.txt -f null -
07-12 19:45:13.420  8710  9675 W mobile-ffmpeg: [graph 0 input from stream 0:0 @ 0x71f5668640] sws_param option is deprecated and ignored
07-12 19:45:15.497  8710 11189 W Summariser: No activity detected
07-12 19:45:15.497  8710 11189 V FfmpegTools: Retrieving duration of /storage/emulated/0/Download/Nearby/20200312_195230!002.mp4
07-12 19:45:15.533  8710 11189 W Summariser: Summarisation completed
07-12 19:45:15.533  8710 11189 W Summariser:   filename: 20200312_195230!002.mp4
07-12 19:45:15.533  8710 11189 W Summariser:   active sections: 0
07-12 19:45:15.533  8710 11189 W Summariser:   time: 02.230s
07-12 19:45:15.533  8710 11189 W Summariser:   original duration: 16.01
07-12 19:45:15.533  8710 11189 W Summariser:   summarised duration: -1.00
07-12 19:45:15.533  8710 11189 W Summariser:   noise tolerance: 45.00
07-12 19:45:15.533  8710 11189 W Summariser:   quality: 23
07-12 19:45:15.533  8710 11189 W Summariser:   speed: medium
07-12 19:45:15.533  8710 11189 W Summariser:   freeze duration: 1.00
07-12 19:45:15.534  8710 11189 V ProcessingVideosEventHandler: onRemove
07-12 19:45:15.557  8710  8710 V NearbyFragment: Transfer to Endpoint{id=y2y7, name=Nexus 5 [1825]} complete
07-12 19:45:15.599  8710  8722 D SummariserIntentService: Scanned /storage/emulated/0/Movies/summarised
07-12 19:45:15.599  8710  8722 D SummariserIntentService:   -> uri=content://media/external/file/139217
07-12 19:45:29.528  8710  8710 D NearbyFragment: onPayloadReceived(endpointId=y2y7, payload=com.google.android.gms.nearby.connection.Payload@c1eb896)
07-12 19:45:29.531  8710  8710 V NearbyFragment: Started downloading SUMMARISE_SEGMENT:-4780376377550809709:20200312_195330!000.mp4:45.0_1.0_23_medium from Endpoint{id=y2y7, name=Nexus 5 [1825]}
07-12 19:45:29.534  8710  8710 V NearbyFragment: Transfer to Endpoint{id=y2y7, name=Nexus 5 [1825]} complete
07-12 19:45:29.579  8710  8710 D NearbyFragment: onPayloadReceived(endpointId=y2y7, payload=com.google.android.gms.nearby.connection.Payload@f567c17)
07-12 19:45:34.160  8710  8710 V NearbyFragment: Transfer to Endpoint{id=y2y7, name=Nexus 5 [1825]} complete
07-12 19:45:34.161  8710  8710 W NearbyFragment: Completed downloading 20200312_195330!000.mp4 from Endpoint{id=y2y7, name=Nexus 5 [1825]} in 04.629s
07-12 19:45:34.171  8710  8710 V FileManager: External storage is readable
07-12 19:45:34.173  8710  8710 V FileManager: Created new directory: /storage/emulated/0/Movies/segment-sum/20200312_195330
07-12 19:45:34.174  8710  8710 D NearbyFragment: Summarising 20200312_195330!000.mp4
07-12 19:45:34.174  8710  8710 V VideoManager: Retrieving video from /storage/emulated/0/Download/Nearby/20200312_195330!000.mp4
07-12 19:45:34.215  8710  8710 V VideoManager: videoFromCursor
07-12 19:45:34.227  8710  8710 V ProcessingVideosEventHandler: onAdd
07-12 19:45:34.228  8710  8710 V RawFootageEventHandler: onRemove
07-12 19:45:34.243  8710  8710 V NearbyFragment: Transfer to Endpoint{id=y2y7, name=Nexus 5 [1825]} complete
07-12 19:45:34.266  8710 11227 V SummariserIntentService: onHandleIntent
07-12 19:45:34.268  8710 11227 D SummariserIntentService: Video{id='139412', data='/storage/emulated/0/Download/Nearby/20200312_195330!000.mp4', name='20200312_195330!000.mp4', size=16869597, visible=true, mimeType='video/mp4'}
07-12 19:45:34.269  8710 11227 D SummariserIntentService: /storage/emulated/0/Movies/segment-sum/20200312_195330/20200312_195330!000.mp4
07-12 19:45:34.272  8710 11227 I FfmpegTools: Running ffmpeg with:
07-12 19:45:34.272  8710 11227 I FfmpegTools:   -y -i /storage/emulated/0/Download/Nearby/20200312_195330!000.mp4 -vf freezedetect=n=-45.000000dB:d=1.000000,metadata=mode=print:file=/storage/emulated/0/Movies/raw/20200312_195330!000.txt -f null -
07-12 19:45:34.420  8710  9675 W mobile-ffmpeg: [graph 0 input from stream 0:0 @ 0x71f5668640] sws_param option is deprecated and ignored
07-12 19:45:36.646  8710 11227 V FfmpegTools: Retrieving duration of /storage/emulated/0/Download/Nearby/20200312_195330!000.mp4
07-12 19:45:36.672  8710 11227 W Summariser: 1 active sections found
07-12 19:45:36.672  8710 11227 I FfmpegTools: Running ffmpeg with:
07-12 19:45:36.672  8710 11227 I FfmpegTools:   -y -i /storage/emulated/0/Download/Nearby/20200312_195330!000.mp4 -filter_complex [0:v]trim=15.014000:16.070000,setpts=PTS-STARTPTS[v0];[0:a]atrim=15.014000:16.070000,asetpts=PTS-STARTPTS[a0];[v0][a0]concat=n=1:v=1:a=1[outv][outa] -map [outv] -map [outa] -crf 23 -preset medium /storage/emulated/0/Movies/segment-sum/20200312_195330/20200312_195330!000.mp4
07-12 19:45:36.717  8710  9675 W mobile-ffmpeg: [graph 0 input from stream 0:0 @ 0x71f5668580] sws_param option is deprecated and ignored
07-12 19:45:39.632  8710 11227 V FfmpegTools: Retrieving duration of /storage/emulated/0/Download/Nearby/20200312_195330!000.mp4
07-12 19:45:39.683  8710 11227 V FfmpegTools: Retrieving duration of /storage/emulated/0/Movies/segment-sum/20200312_195330/20200312_195330!000.mp4
07-12 19:45:39.711  8710 11227 W Summariser: Summarisation completed
07-12 19:45:39.711  8710 11227 W Summariser:   filename: 20200312_195330!000.mp4
07-12 19:45:39.711  8710 11227 W Summariser:   active sections: 1
07-12 19:45:39.711  8710 11227 W Summariser:   time: 05.362s
07-12 19:45:39.711  8710 11227 W Summariser:   original duration: 16.07
07-12 19:45:39.711  8710 11227 W Summariser:   summarised duration: 1.11
07-12 19:45:39.711  8710 11227 W Summariser:   noise tolerance: 45.00
07-12 19:45:39.711  8710 11227 W Summariser:   quality: 23
07-12 19:45:39.711  8710 11227 W Summariser:   speed: medium
07-12 19:45:39.711  8710 11227 W Summariser:   freeze duration: 1.00
07-12 19:45:39.711  8710 11227 V VideoManager: Retrieving video from /storage/emulated/0/Movies/segment-sum/20200312_195330/20200312_195330!000.mp4
07-12 19:45:39.725  8710 11227 V VideoManager: videoFromCursor
07-12 19:45:39.729  8710 11227 W NearbyFragment: Sending 20200312_195330!000.mp4 to Nexus 5 [1825]
07-12 19:45:39.730  8710 11227 V ProcessingVideosEventHandler: onRemove
07-12 19:45:39.750  8710  8710 V NearbyFragment: Transfer to Endpoint{id=y2y7, name=Nexus 5 [1825]} complete
07-12 19:45:39.761  8710  8710 V NearbyFragment: Transfer to Endpoint{id=y2y7, name=Nexus 5 [1825]} complete
07-12 19:45:39.790  8710  8724 D SummariserIntentService: Scanned /storage/emulated/0/Movies/summarised
07-12 19:45:39.790  8710  8724 D SummariserIntentService:   -> uri=content://media/external/file/139217
07-12 19:46:04.198  8710  8710 D NearbyFragment: onPayloadReceived(endpointId=y2y7, payload=com.google.android.gms.nearby.connection.Payload@33751a5)
07-12 19:46:04.201  8710  8710 V NearbyFragment: Started downloading SUMMARISE_SEGMENT:-9153821550008501540:20200312_195430!000.mp4:45.0_1.0_23_medium from Endpoint{id=y2y7, name=Nexus 5 [1825]}
07-12 19:46:04.267  8710  8710 D NearbyFragment: onPayloadReceived(endpointId=y2y7, payload=com.google.android.gms.nearby.connection.Payload@40c397a)
07-12 19:46:04.274  8710  8710 V NearbyFragment: Transfer to Endpoint{id=y2y7, name=Nexus 5 [1825]} complete
07-12 19:46:08.375  8710  8710 V NearbyFragment: Transfer to Endpoint{id=y2y7, name=Nexus 5 [1825]} complete
07-12 19:46:08.376  8710  8710 W NearbyFragment: Completed downloading 20200312_195430!000.mp4 from Endpoint{id=y2y7, name=Nexus 5 [1825]} in 04.172s
07-12 19:46:08.386  8710  8710 V FileManager: External storage is readable
07-12 19:46:08.389  8710  8710 V FileManager: Created new directory: /storage/emulated/0/Movies/segment-sum/20200312_195430
07-12 19:46:08.390  8710  8710 D NearbyFragment: Summarising 20200312_195430!000.mp4
07-12 19:46:08.390  8710  8710 V VideoManager: Retrieving video from /storage/emulated/0/Download/Nearby/20200312_195430!000.mp4
07-12 19:46:08.418  8710  8710 V VideoManager: videoFromCursor
07-12 19:46:08.424  8710  8710 V ProcessingVideosEventHandler: onAdd
07-12 19:46:08.424  8710  8710 V RawFootageEventHandler: onRemove
07-12 19:46:08.432  8710  8710 V NearbyFragment: Transfer to Endpoint{id=y2y7, name=Nexus 5 [1825]} complete
07-12 19:46:08.447  8710 11307 V SummariserIntentService: onHandleIntent
07-12 19:46:08.448  8710 11307 D SummariserIntentService: Video{id='139430', data='/storage/emulated/0/Download/Nearby/20200312_195430!000.mp4', name='20200312_195430!000.mp4', size=16942161, visible=true, mimeType='video/mp4'}
07-12 19:46:08.448  8710 11307 D SummariserIntentService: /storage/emulated/0/Movies/segment-sum/20200312_195430/20200312_195430!000.mp4
07-12 19:46:08.451  8710 11307 I FfmpegTools: Running ffmpeg with:
07-12 19:46:08.451  8710 11307 I FfmpegTools:   -y -i /storage/emulated/0/Download/Nearby/20200312_195430!000.mp4 -vf freezedetect=n=-45.000000dB:d=1.000000,metadata=mode=print:file=/storage/emulated/0/Movies/raw/20200312_195430!000.txt -f null -
07-12 19:46:08.610  8710  9675 W mobile-ffmpeg: [graph 0 input from stream 0:0 @ 0x71f5668640] sws_param option is deprecated and ignored
07-12 19:46:10.718  8710 11307 W Summariser: 1 active sections found
07-12 19:46:10.718  8710 11307 I FfmpegTools: Running ffmpeg with:
07-12 19:46:10.718  8710 11307 I FfmpegTools:   -y -i /storage/emulated/0/Download/Nearby/20200312_195430!000.mp4 -filter_complex [0:v]trim=6.739000:12.010000,setpts=PTS-STARTPTS[v0];[0:a]atrim=6.739000:12.010000,asetpts=PTS-STARTPTS[a0];[v0][a0]concat=n=1:v=1:a=1[outv][outa] -map [outv] -map [outa] -crf 23 -preset medium /storage/emulated/0/Movies/segment-sum/20200312_195430/20200312_195430!000.mp4
07-12 19:46:10.763  8710  9675 W mobile-ffmpeg: [graph 0 input from stream 0:0 @ 0x71f5668580] sws_param option is deprecated and ignored
07-12 19:46:16.271  8710 11307 V FfmpegTools: Retrieving duration of /storage/emulated/0/Download/Nearby/20200312_195430!000.mp4
07-12 19:46:16.323  8710 11307 V FfmpegTools: Retrieving duration of /storage/emulated/0/Movies/segment-sum/20200312_195430/20200312_195430!000.mp4
07-12 19:46:16.353  8710 11307 W Summariser: Summarisation completed
07-12 19:46:16.353  8710 11307 W Summariser:   filename: 20200312_195430!000.mp4
07-12 19:46:16.353  8710 11307 W Summariser:   active sections: 1
07-12 19:46:16.353  8710 11307 W Summariser:   time: 07.821s
07-12 19:46:16.353  8710 11307 W Summariser:   original duration: 16.06
07-12 19:46:16.353  8710 11307 W Summariser:   summarised duration: 5.34
07-12 19:46:16.353  8710 11307 W Summariser:   noise tolerance: 45.00
07-12 19:46:16.353  8710 11307 W Summariser:   quality: 23
07-12 19:46:16.353  8710 11307 W Summariser:   speed: medium
07-12 19:46:16.353  8710 11307 W Summariser:   freeze duration: 1.00
07-12 19:46:16.353  8710 11307 V VideoManager: Retrieving video from /storage/emulated/0/Movies/segment-sum/20200312_195430/20200312_195430!000.mp4
07-12 19:46:16.367  8710 11307 V VideoManager: videoFromCursor
07-12 19:46:16.373  8710 11307 W NearbyFragment: Sending 20200312_195430!000.mp4 to Nexus 5 [1825]
07-12 19:46:16.375  8710 11307 V ProcessingVideosEventHandler: onRemove
07-12 19:46:16.411  8710  8710 V NearbyFragment: Transfer to Endpoint{id=y2y7, name=Nexus 5 [1825]} complete
07-12 19:46:16.451  8710  8710 V NearbyFragment: Transfer to Endpoint{id=y2y7, name=Nexus 5 [1825]} complete
07-12 19:46:16.491  8710  8722 D SummariserIntentService: Scanned /storage/emulated/0/Movies/summarised
07-12 19:46:16.491  8710  8722 D SummariserIntentService:   -> uri=content://media/external/file/139217
