--------- beginning of main
06-28 20:09:53.319 25574 25574 E Zygote  : isWhitelistProcess - Process is Whitelisted
06-28 20:09:53.320 25574 25574 E Zygote  : accessInfo : 1
06-28 20:09:53.912 25574 25574 W example.edgesu: Accessing hidden method Landroid/graphics/drawable/Drawable;->getOpticalInsets()Landroid/graphics/Insets; (light greylist, linking)
06-28 20:09:53.912 25574 25574 W example.edgesu: Accessing hidden field Landroid/graphics/Insets;->left:I (light greylist, linking)
06-28 20:09:53.912 25574 25574 W example.edgesu: Accessing hidden field Landroid/graphics/Insets;->right:I (light greylist, linking)
06-28 20:09:53.912 25574 25574 W example.edgesu: Accessing hidden field Landroid/graphics/Insets;->top:I (light greylist, linking)
06-28 20:09:53.912 25574 25574 W example.edgesu: Accessing hidden field Landroid/graphics/Insets;->bottom:I (light greylist, linking)
06-28 20:09:53.957 25574 25574 W example.edgesu: Accessing hidden method Landroid/view/View;->computeFitSystemWindows(Landroid/graphics/Rect;Landroid/graphics/Rect;)Z (light greylist, reflection)
06-28 20:09:53.958 25574 25574 W example.edgesu: Accessing hidden method Landroid/view/ViewGroup;->makeOptionalFitsSystemWindows()V (light greylist, reflection)
06-28 20:09:54.061 25574 25574 W example.edgesu: Accessing hidden method Landroid/widget/TextView;->getTextDirectionHeuristic()Landroid/text/TextDirectionHeuristic; (light greylist, linking)
06-28 20:09:54.070 25574 25574 W example.edgesu: Accessing hidden field Landroid/view/View;->mAccessibilityDelegate:Landroid/view/View$AccessibilityDelegate; (light greylist, reflection)
06-28 20:09:54.392 25574 25574 W LogFactory: Truncating log tag length as it exceed 23, the limit imposed by Android on certain API Levels
06-28 20:09:54.421 25574 25574 E TransferService: No notification is passed in the intent. Unable to transition to foreground.
06-28 20:09:54.469 25574 25574 W StaticLayout: maxLineHeight should not be -1.  maxLines:1 lineCount:1
06-28 20:09:54.482 25574 25574 W StaticLayout: maxLineHeight should not be -1.  maxLines:1 lineCount:1
06-28 20:09:54.486 25574 25574 W StaticLayout: maxLineHeight should not be -1.  maxLines:1 lineCount:1
06-28 20:09:54.506 25574 25574 W StaticLayout: maxLineHeight should not be -1.  maxLines:1 lineCount:1
06-28 20:09:54.510 25574 25574 W StaticLayout: maxLineHeight should not be -1.  maxLines:1 lineCount:1
06-28 20:10:24.946 25574 25574 W example.edgesu: Accessing hidden method Landroid/graphics/FontFamily;-><init>()V (light greylist, reflection)
06-28 20:10:24.947 25574 25574 W example.edgesu: Accessing hidden method Landroid/graphics/FontFamily;->addFontFromAssetManager(Landroid/content/res/AssetManager;Ljava/lang/String;IZIII[Landroid/graphics/fonts/FontVariationAxis;)Z (light greylist, reflection)
06-28 20:10:24.947 25574 25574 W example.edgesu: Accessing hidden method Landroid/graphics/FontFamily;->addFontFromBuffer(Ljava/nio/ByteBuffer;I[Landroid/graphics/fonts/FontVariationAxis;II)Z (light greylist, reflection)
06-28 20:10:24.947 25574 25574 W example.edgesu: Accessing hidden method Landroid/graphics/FontFamily;->freeze()Z (light greylist, reflection)
06-28 20:10:24.947 25574 25574 W example.edgesu: Accessing hidden method Landroid/graphics/FontFamily;->abortCreation()V (light greylist, reflection)
06-28 20:10:24.948 25574 25574 W example.edgesu: Accessing hidden method Landroid/graphics/Typeface;->createFromFamiliesWithDefault([Landroid/graphics/FontFamily;Ljava/lang/String;II)Landroid/graphics/Typeface; (light greylist, reflection)
06-28 20:10:33.551 25574 25597 W libEGL  : EGLNativeWindowType 0x7d07d6b010 disconnect failed
06-28 20:10:37.502 25574 25597 W libEGL  : EGLNativeWindowType 0x7d07d6b010 disconnect failed
06-28 20:10:37.589 25574 25574 E ViewRootImpl: sendUserActionEvent() returned.
06-28 20:11:53.735 25574 25574 W NearbyFragment: Completed downloading 20200312_150643.mp4 from Endpoint{id=Az3S, name=Nexus 5X [34d8]} in 07.731s
06-28 20:11:54.021 25574 26661 W mobile-ffmpeg: 
06-28 20:11:54.021 25574 26661 W mobile-ffmpeg: [mov,mp4,m4a,3gp,3g2,mj2 @ 0x7d0379ae00] 
06-28 20:11:54.021 25574 26661 W mobile-ffmpeg: 
06-28 20:11:54.021 25574 26661 W mobile-ffmpeg: Found duplicated MOOV Atom. Skipped it
06-28 20:12:00.616 25574 26660 W Summariser: No activity detected
06-28 20:12:00.685 25574 26660 W Summariser: Summarisation completed
06-28 20:12:00.685 25574 26660 W Summariser:   filename: 20200312_150643.mp4
06-28 20:12:00.685 25574 26660 W Summariser:   active sections: 0
06-28 20:12:00.685 25574 26660 W Summariser:   time: 06.738s
06-28 20:12:00.685 25574 26660 W Summariser:   original duration: 60.02
06-28 20:12:00.685 25574 26660 W Summariser:   noise tolerance: 45.00
06-28 20:12:00.685 25574 26660 W Summariser:   quality: 23
06-28 20:12:00.685 25574 26660 W Summariser:   speed: medium
06-28 20:12:00.685 25574 26660 W Summariser:   freeze duration: 1.00
06-28 20:12:16.954 25574 25574 W NearbyFragment: Completed downloading 20200312_150744.mp4 from Endpoint{id=Az3S, name=Nexus 5X [34d8]} in 07.404s
06-28 20:12:17.011 25574 26661 W mobile-ffmpeg: 
06-28 20:12:17.012 25574 26661 W mobile-ffmpeg: [mov,mp4,m4a,3gp,3g2,mj2 @ 0x7d0379ae00] 
06-28 20:12:17.012 25574 26661 W mobile-ffmpeg: 
06-28 20:12:17.012 25574 26661 W mobile-ffmpeg: Found duplicated MOOV Atom. Skipped it
06-28 20:12:23.686 25574 26697 W Summariser: 1 active sections found
06-28 20:12:23.691 25574 26661 W mobile-ffmpeg: 
06-28 20:12:23.691 25574 26661 W mobile-ffmpeg: [mov,mp4,m4a,3gp,3g2,mj2 @ 0x7d0379ae00] 
06-28 20:12:23.691 25574 26661 W mobile-ffmpeg: 
06-28 20:12:23.691 25574 26661 W mobile-ffmpeg: Found duplicated MOOV Atom. Skipped it
06-28 20:12:34.237 25574 26697 W Summariser: Summarisation completed
06-28 20:12:34.237 25574 26697 W Summariser:   filename: 20200312_150744.mp4
06-28 20:12:34.237 25574 26697 W Summariser:   active sections: 1
06-28 20:12:34.237 25574 26697 W Summariser:   time: 17.138s
06-28 20:12:34.237 25574 26697 W Summariser:   original duration: 60.02
06-28 20:12:34.237 25574 26697 W Summariser:   summarised duration: 4.83
06-28 20:12:34.237 25574 26697 W Summariser:   noise tolerance: 45.00
06-28 20:12:34.237 25574 26697 W Summariser:   quality: 23
06-28 20:12:34.237 25574 26697 W Summariser:   speed: medium
06-28 20:12:34.237 25574 26697 W Summariser:   freeze duration: 1.00
06-28 20:12:34.360 25574 26697 W NearbyFragment: Sending 20200312_150744.mp4 to Nexus 5X [34d8]
06-28 20:13:02.597 25574 25583 W System  : A resource failed to call close. 
06-28 20:13:02.599 25574 25583 W System  : A resource failed to call close. 
06-28 20:13:06.109 25574 25574 W NearbyFragment: Completed downloading 20200312_150944.mp4 from Endpoint{id=Az3S, name=Nexus 5X [34d8]} in 07.554s
06-28 20:13:06.237 25574 26661 W mobile-ffmpeg: 
06-28 20:13:06.237 25574 26661 W mobile-ffmpeg: [mov,mp4,m4a,3gp,3g2,mj2 @ 0x7d0379ae00] 
06-28 20:13:06.238 25574 26661 W mobile-ffmpeg: 
06-28 20:13:06.238 25574 26661 W mobile-ffmpeg: Found duplicated MOOV Atom. Skipped it
06-28 20:13:13.205 25574 26807 W Summariser: 1 active sections found
06-28 20:13:13.212 25574 26661 W mobile-ffmpeg: 
06-28 20:13:13.212 25574 26661 W mobile-ffmpeg: [mov,mp4,m4a,3gp,3g2,mj2 @ 0x7d0379ae00] 
06-28 20:13:13.212 25574 26661 W mobile-ffmpeg: 
06-28 20:13:13.213 25574 26661 W mobile-ffmpeg: Found duplicated MOOV Atom. Skipped it
06-28 20:13:19.971 25574 26807 W Summariser: Summarisation completed
06-28 20:13:19.971 25574 26807 W Summariser:   filename: 20200312_150944.mp4
06-28 20:13:19.971 25574 26807 W Summariser:   active sections: 1
06-28 20:13:19.971 25574 26807 W Summariser:   time: 13.642s
06-28 20:13:19.971 25574 26807 W Summariser:   original duration: 60.02
06-28 20:13:19.971 25574 26807 W Summariser:   summarised duration: 7.07
06-28 20:13:19.971 25574 26807 W Summariser:   noise tolerance: 45.00
06-28 20:13:19.971 25574 26807 W Summariser:   quality: 23
06-28 20:13:19.971 25574 26807 W Summariser:   speed: medium
06-28 20:13:19.971 25574 26807 W Summariser:   freeze duration: 1.00
06-28 20:13:20.086 25574 26807 W NearbyFragment: Sending 20200312_150944.mp4 to Nexus 5X [34d8]
06-28 20:13:41.151 25574 25574 W NearbyFragment: Completed downloading 20200312_151044.mp4 from Endpoint{id=Az3S, name=Nexus 5X [34d8]} in 07.874s
06-28 20:13:41.240 25574 26661 W mobile-ffmpeg: 
06-28 20:13:41.240 25574 26661 W mobile-ffmpeg: [mov,mp4,m4a,3gp,3g2,mj2 @ 0x7d0379ae00] 
06-28 20:13:41.241 25574 26661 W mobile-ffmpeg: 
06-28 20:13:41.241 25574 26661 W mobile-ffmpeg: Found duplicated MOOV Atom. Skipped it
06-28 20:13:47.981 25574 26911 W Summariser: No activity detected
06-28 20:13:48.032 25574 26911 W Summariser: Summarisation completed
06-28 20:13:48.032 25574 26911 W Summariser:   filename: 20200312_151044.mp4
06-28 20:13:48.032 25574 26911 W Summariser:   active sections: 0
06-28 20:13:48.032 25574 26911 W Summariser:   time: 06.752s
06-28 20:13:48.032 25574 26911 W Summariser:   original duration: 60.02
06-28 20:13:48.032 25574 26911 W Summariser:   noise tolerance: 45.00
06-28 20:13:48.032 25574 26911 W Summariser:   quality: 23
06-28 20:13:48.032 25574 26911 W Summariser:   speed: medium
06-28 20:13:48.032 25574 26911 W Summariser:   freeze duration: 1.00
06-28 20:14:02.604 25574 25574 W NearbyFragment: Completed downloading 20200312_193528.mp4 from Endpoint{id=Az3S, name=Nexus 5X [34d8]} in 07.671s
06-28 20:14:02.673 25574 26661 W mobile-ffmpeg: 
06-28 20:14:02.673 25574 26661 W mobile-ffmpeg: [mov,mp4,m4a,3gp,3g2,mj2 @ 0x7d0379ae00] 
06-28 20:14:02.673 25574 26661 W mobile-ffmpeg: 
06-28 20:14:02.673 25574 26661 W mobile-ffmpeg: Found duplicated MOOV Atom. Skipped it
06-28 20:14:09.336 25574 26945 W Summariser: No activity detected
06-28 20:14:09.386 25574 26945 W Summariser: Summarisation completed
06-28 20:14:09.386 25574 26945 W Summariser:   filename: 20200312_193528.mp4
06-28 20:14:09.386 25574 26945 W Summariser:   active sections: 0
06-28 20:14:09.386 25574 26945 W Summariser:   time: 06.672s
06-28 20:14:09.386 25574 26945 W Summariser:   original duration: 60.05
06-28 20:14:09.386 25574 26945 W Summariser:   noise tolerance: 45.00
06-28 20:14:09.386 25574 26945 W Summariser:   quality: 23
06-28 20:14:09.386 25574 26945 W Summariser:   speed: medium
06-28 20:14:09.386 25574 26945 W Summariser:   freeze duration: 1.00
06-28 20:14:16.492 25574 25583 W System  : A resource failed to call close. 
06-28 20:14:16.493 25574 25583 W System  : A resource failed to call close. 
06-28 20:14:24.242 25574 25574 W NearbyFragment: Completed downloading 20200312_193628.mp4 from Endpoint{id=Az3S, name=Nexus 5X [34d8]} in 07.857s
06-28 20:14:24.326 25574 26661 W mobile-ffmpeg: 
06-28 20:14:24.327 25574 26661 W mobile-ffmpeg: [mov,mp4,m4a,3gp,3g2,mj2 @ 0x7d0379ae00] 
06-28 20:14:24.327 25574 26661 W mobile-ffmpeg: 
06-28 20:14:24.327 25574 26661 W mobile-ffmpeg: Found duplicated MOOV Atom. Skipped it
06-28 20:14:31.256 25574 26986 W Summariser: 1 active sections found
06-28 20:14:31.260 25574 26661 W mobile-ffmpeg: 
06-28 20:14:31.260 25574 26661 W mobile-ffmpeg: [mov,mp4,m4a,3gp,3g2,mj2 @ 0x7d0379ae00] 
06-28 20:14:31.261 25574 26661 W mobile-ffmpeg: 
06-28 20:14:31.261 25574 26661 W mobile-ffmpeg: Found duplicated MOOV Atom. Skipped it
06-28 20:14:42.746 25574 26986 W Summariser: Summarisation completed
06-28 20:14:42.746 25574 26986 W Summariser:   filename: 20200312_193628.mp4
06-28 20:14:42.746 25574 26986 W Summariser:   active sections: 1
06-28 20:14:42.746 25574 26986 W Summariser:   time: 18.333s
06-28 20:14:42.746 25574 26986 W Summariser:   original duration: 60.02
06-28 20:14:42.746 25574 26986 W Summariser:   summarised duration: 6.07
06-28 20:14:42.746 25574 26986 W Summariser:   noise tolerance: 45.00
06-28 20:14:42.746 25574 26986 W Summariser:   quality: 23
06-28 20:14:42.746 25574 26986 W Summariser:   speed: medium
06-28 20:14:42.746 25574 26986 W Summariser:   freeze duration: 1.00
06-28 20:14:42.844 25574 26986 W NearbyFragment: Sending 20200312_193628.mp4 to Nexus 5X [34d8]
06-28 20:15:20.137 25574 25574 W NearbyFragment: Completed downloading 20200312_193828.mp4 from Endpoint{id=Az3S, name=Nexus 5X [34d8]} in 12.199s
06-28 20:15:20.244 25574 26661 W mobile-ffmpeg: 
06-28 20:15:20.244 25574 26661 W mobile-ffmpeg: [mov,mp4,m4a,3gp,3g2,mj2 @ 0x7d0379ae00] 
06-28 20:15:20.245 25574 26661 W mobile-ffmpeg: 
06-28 20:15:20.245 25574 26661 W mobile-ffmpeg: Found duplicated MOOV Atom. Skipped it
06-28 20:15:27.153 25574 27073 W Summariser: 1 active sections found
06-28 20:15:27.157 25574 26661 W mobile-ffmpeg: 
06-28 20:15:27.157 25574 26661 W mobile-ffmpeg: [mov,mp4,m4a,3gp,3g2,mj2 @ 0x7d0379ae00] 
06-28 20:15:27.157 25574 26661 W mobile-ffmpeg: 
06-28 20:15:27.157 25574 26661 W mobile-ffmpeg: Found duplicated MOOV Atom. Skipped it
06-28 20:15:40.452 25574 27073 W Summariser: Summarisation completed
06-28 20:15:40.452 25574 27073 W Summariser:   filename: 20200312_193828.mp4
06-28 20:15:40.452 25574 27073 W Summariser:   active sections: 1
06-28 20:15:40.452 25574 27073 W Summariser:   time: 20.116s
06-28 20:15:40.452 25574 27073 W Summariser:   original duration: 60.02
06-28 20:15:40.452 25574 27073 W Summariser:   summarised duration: 14.28
06-28 20:15:40.452 25574 27073 W Summariser:   noise tolerance: 45.00
06-28 20:15:40.452 25574 27073 W Summariser:   quality: 23
06-28 20:15:40.452 25574 27073 W Summariser:   speed: medium
06-28 20:15:40.452 25574 27073 W Summariser:   freeze duration: 1.00
06-28 20:15:40.571 25574 27073 W NearbyFragment: Sending 20200312_193828.mp4 to Nexus 5X [34d8]
06-28 20:15:46.894 25574 25583 W System  : A resource failed to call close. 
06-28 20:15:46.895 25574 25583 W System  : A resource failed to call close. 
06-28 20:15:50.625 25574 25574 W NearbyFragment: Completed downloading 20200312_193928.mp4 from Endpoint{id=Az3S, name=Nexus 5X [34d8]} in 07.725s
06-28 20:15:50.694 25574 26661 W mobile-ffmpeg: 
06-28 20:15:50.695 25574 26661 W mobile-ffmpeg: [mov,mp4,m4a,3gp,3g2,mj2 @ 0x7d0379ae00] 
06-28 20:15:50.695 25574 26661 W mobile-ffmpeg: 
06-28 20:15:50.695 25574 26661 W mobile-ffmpeg: Found duplicated MOOV Atom. Skipped it
06-28 20:15:57.408 25574 27149 W Summariser: No activity detected
06-28 20:15:57.457 25574 27149 W Summariser: Summarisation completed
06-28 20:15:57.457 25574 27149 W Summariser:   filename: 20200312_193928.mp4
06-28 20:15:57.457 25574 27149 W Summariser:   active sections: 0
06-28 20:15:57.457 25574 27149 W Summariser:   time: 06.725s
06-28 20:15:57.457 25574 27149 W Summariser:   original duration: 60.89
06-28 20:15:57.457 25574 27149 W Summariser:   noise tolerance: 45.00
06-28 20:15:57.457 25574 27149 W Summariser:   quality: 23
06-28 20:15:57.457 25574 27149 W Summariser:   speed: medium
06-28 20:15:57.457 25574 27149 W Summariser:   freeze duration: 1.00
06-28 20:16:11.385 25574 25574 W NearbyFragment: Completed downloading 20200312_194129.mp4 from Endpoint{id=Az3S, name=Nexus 5X [34d8]} in 07.797s
06-28 20:16:11.467 25574 26661 W mobile-ffmpeg: 
06-28 20:16:11.467 25574 26661 W mobile-ffmpeg: [mov,mp4,m4a,3gp,3g2,mj2 @ 0x7d0379ae00] 
06-28 20:16:11.468 25574 26661 W mobile-ffmpeg: 
06-28 20:16:11.468 25574 26661 W mobile-ffmpeg: Found duplicated MOOV Atom. Skipped it
06-28 20:16:18.311 25574 27183 W Summariser: 2 active sections found
06-28 20:16:18.315 25574 26661 W mobile-ffmpeg: 
06-28 20:16:18.315 25574 26661 W mobile-ffmpeg: [mov,mp4,m4a,3gp,3g2,mj2 @ 0x7d0379ae00] 
06-28 20:16:18.315 25574 26661 W mobile-ffmpeg: 
06-28 20:16:18.315 25574 26661 W mobile-ffmpeg: Found duplicated MOOV Atom. Skipped it
06-28 20:16:31.644 25574 27183 W Summariser: Summarisation completed
06-28 20:16:31.644 25574 27183 W Summariser:   filename: 20200312_194129.mp4
06-28 20:16:31.644 25574 27183 W Summariser:   active sections: 2
06-28 20:16:31.644 25574 27183 W Summariser:   time: 20.099s
06-28 20:16:31.644 25574 27183 W Summariser:   original duration: 60.02
06-28 20:16:31.644 25574 27183 W Summariser:   summarised duration: 10.77
06-28 20:16:31.644 25574 27183 W Summariser:   noise tolerance: 45.00
06-28 20:16:31.644 25574 27183 W Summariser:   quality: 23
06-28 20:16:31.644 25574 27183 W Summariser:   speed: medium
06-28 20:16:31.644 25574 27183 W Summariser:   freeze duration: 1.00
06-28 20:16:31.758 25574 27183 W NearbyFragment: Sending 20200312_194129.mp4 to Nexus 5X [34d8]
06-28 20:16:59.476 25574 25574 W NearbyFragment: Completed downloading 20200312_194330.mp4 from Endpoint{id=Az3S, name=Nexus 5X [34d8]} in 07.708s
06-28 20:16:59.556 25574 26661 W mobile-ffmpeg: 
06-28 20:16:59.557 25574 26661 W mobile-ffmpeg: [mov,mp4,m4a,3gp,3g2,mj2 @ 0x7d0379ae00] 
06-28 20:16:59.557 25574 26661 W mobile-ffmpeg: 
06-28 20:16:59.557 25574 26661 W mobile-ffmpeg: Found duplicated MOOV Atom. Skipped it
06-28 20:17:06.639 25574 27257 W Summariser: No activity detected
06-28 20:17:06.689 25574 27257 W Summariser: Summarisation completed
06-28 20:17:06.689 25574 27257 W Summariser:   filename: 20200312_194330.mp4
06-28 20:17:06.689 25574 27257 W Summariser:   active sections: 0
06-28 20:17:06.689 25574 27257 W Summariser:   time: 07.090s
06-28 20:17:06.689 25574 27257 W Summariser:   original duration: 60.02
06-28 20:17:06.689 25574 27257 W Summariser:   noise tolerance: 45.00
06-28 20:17:06.689 25574 27257 W Summariser:   quality: 23
06-28 20:17:06.689 25574 27257 W Summariser:   speed: medium
06-28 20:17:06.689 25574 27257 W Summariser:   freeze duration: 1.00
06-28 20:17:06.701 25574 25583 W System  : A resource failed to call close. 
06-28 20:17:06.702 25574 25583 W System  : A resource failed to call close. 
06-28 20:17:20.928 25574 25574 W NearbyFragment: Completed downloading 20200312_194730.mp4 from Endpoint{id=Az3S, name=Nexus 5X [34d8]} in 07.766s
06-28 20:17:20.983 25574 26661 W mobile-ffmpeg: 
06-28 20:17:20.984 25574 26661 W mobile-ffmpeg: [mov,mp4,m4a,3gp,3g2,mj2 @ 0x7d0379ae00] 
06-28 20:17:20.984 25574 26661 W mobile-ffmpeg: 
06-28 20:17:20.984 25574 26661 W mobile-ffmpeg: Found duplicated MOOV Atom. Skipped it
06-28 20:17:27.738 25574 27294 W Summariser: No activity detected
06-28 20:17:27.784 25574 27294 W Summariser: Summarisation completed
06-28 20:17:27.784 25574 27294 W Summariser:   filename: 20200312_194730.mp4
06-28 20:17:27.784 25574 27294 W Summariser:   active sections: 0
06-28 20:17:27.784 25574 27294 W Summariser:   time: 06.759s
06-28 20:17:27.784 25574 27294 W Summariser:   original duration: 60.02
06-28 20:17:27.784 25574 27294 W Summariser:   noise tolerance: 45.00
06-28 20:17:27.784 25574 27294 W Summariser:   quality: 23
06-28 20:17:27.784 25574 27294 W Summariser:   speed: medium
06-28 20:17:27.784 25574 27294 W Summariser:   freeze duration: 1.00
06-28 20:17:44.547 25574 25574 W NearbyFragment: Completed downloading 20200312_194830.mp4 from Endpoint{id=Az3S, name=Nexus 5X [34d8]} in 08.092s
06-28 20:17:44.611 25574 26661 W mobile-ffmpeg: 
06-28 20:17:44.611 25574 26661 W mobile-ffmpeg: [mov,mp4,m4a,3gp,3g2,mj2 @ 0x7d0379ae00] 
06-28 20:17:44.611 25574 26661 W mobile-ffmpeg: 
06-28 20:17:44.612 25574 26661 W mobile-ffmpeg: Found duplicated MOOV Atom. Skipped it
06-28 20:17:51.655 25574 27335 W Summariser: 4 active sections found
06-28 20:17:51.659 25574 26661 W mobile-ffmpeg: 
06-28 20:17:51.659 25574 26661 W mobile-ffmpeg: [mov,mp4,m4a,3gp,3g2,mj2 @ 0x7d0379ae00] 
06-28 20:17:51.659 25574 26661 W mobile-ffmpeg: 
06-28 20:17:51.659 25574 26661 W mobile-ffmpeg: Found duplicated MOOV Atom. Skipped it
06-28 20:18:12.429 25574 27335 W Summariser: Summarisation completed
06-28 20:18:12.429 25574 27335 W Summariser:   filename: 20200312_194830.mp4
06-28 20:18:12.429 25574 27335 W Summariser:   active sections: 4
06-28 20:18:12.429 25574 27335 W Summariser:   time: 27.728s
06-28 20:18:12.429 25574 27335 W Summariser:   original duration: 60.02
06-28 20:18:12.429 25574 27335 W Summariser:   summarised duration: 19.02
06-28 20:18:12.429 25574 27335 W Summariser:   noise tolerance: 45.00
06-28 20:18:12.429 25574 27335 W Summariser:   quality: 23
06-28 20:18:12.429 25574 27335 W Summariser:   speed: medium
06-28 20:18:12.429 25574 27335 W Summariser:   freeze duration: 1.00
06-28 20:18:12.527 25574 27335 W NearbyFragment: Sending 20200312_194830.mp4 to Nexus 5X [34d8]
06-28 20:18:42.911 25574 25583 W System  : A resource failed to call close. 
06-28 20:18:42.912 25574 25583 W System  : A resource failed to call close. 
06-28 20:18:48.973 25574 25574 W NearbyFragment: Completed downloading 20200312_195230.mp4 from Endpoint{id=Az3S, name=Nexus 5X [34d8]} in 15.444s
06-28 20:18:49.047 25574 26661 W mobile-ffmpeg: 
06-28 20:18:49.047 25574 26661 W mobile-ffmpeg: [mov,mp4,m4a,3gp,3g2,mj2 @ 0x7d0379ae00] 
06-28 20:18:49.047 25574 26661 W mobile-ffmpeg: 
06-28 20:18:49.047 25574 26661 W mobile-ffmpeg: Found duplicated MOOV Atom. Skipped it
06-28 20:18:56.087 25574 27419 W Summariser: 1 active sections found
06-28 20:18:56.091 25574 26661 W mobile-ffmpeg: 
06-28 20:18:56.091 25574 26661 W mobile-ffmpeg: [mov,mp4,m4a,3gp,3g2,mj2 @ 0x7d0379ae00] 
06-28 20:18:56.091 25574 26661 W mobile-ffmpeg: 
06-28 20:18:56.091 25574 26661 W mobile-ffmpeg: Found duplicated MOOV Atom. Skipped it
06-28 20:19:06.358 25574 25574 W NearbyFragment: Completed downloading 20200312_195330.mp4 from Endpoint{id=Az3S, name=Nexus 5X [34d8]} in 08.820s
06-28 20:19:06.628 25574 27419 W Summariser: Summarisation completed
06-28 20:19:06.628 25574 27419 W Summariser:   filename: 20200312_195230.mp4
06-28 20:19:06.628 25574 27419 W Summariser:   active sections: 1
06-28 20:19:06.628 25574 27419 W Summariser:   time: 17.505s
06-28 20:19:06.628 25574 27419 W Summariser:   original duration: 60.02
06-28 20:19:06.628 25574 27419 W Summariser:   summarised duration: 6.97
06-28 20:19:06.628 25574 27419 W Summariser:   noise tolerance: 45.00
06-28 20:19:06.628 25574 27419 W Summariser:   quality: 23
06-28 20:19:06.628 25574 27419 W Summariser:   speed: medium
06-28 20:19:06.628 25574 27419 W Summariser:   freeze duration: 1.00
06-28 20:19:06.772 25574 27419 W NearbyFragment: Sending 20200312_195230.mp4 to Nexus 5X [34d8]
06-28 20:19:06.818 25574 26661 W mobile-ffmpeg: 
06-28 20:19:06.818 25574 26661 W mobile-ffmpeg: [mov,mp4,m4a,3gp,3g2,mj2 @ 0x7d0379ae00] 
06-28 20:19:06.818 25574 26661 W mobile-ffmpeg: 
06-28 20:19:06.819 25574 26661 W mobile-ffmpeg: Found duplicated MOOV Atom. Skipped it
06-28 20:19:13.765 25574 27419 W Summariser: 5 active sections found
06-28 20:19:13.769 25574 26661 W mobile-ffmpeg: 
06-28 20:19:13.769 25574 26661 W mobile-ffmpeg: [mov,mp4,m4a,3gp,3g2,mj2 @ 0x7d0379ae00] 
06-28 20:19:13.769 25574 26661 W mobile-ffmpeg: 
06-28 20:19:13.769 25574 26661 W mobile-ffmpeg: Found duplicated MOOV Atom. Skipped it
06-28 20:19:31.082 25574 25574 W NearbyFragment: Completed downloading 20200312_195430.mp4 from Endpoint{id=Az3S, name=Nexus 5X [34d8]} in 08.674s
06-28 20:19:38.735 25574 25583 W System  : A resource failed to call close. 
06-28 20:19:38.736 25574 25583 W System  : A resource failed to call close. 
06-28 20:19:38.803 25574 27419 W Summariser: Summarisation completed
06-28 20:19:38.803 25574 27419 W Summariser:   filename: 20200312_195330.mp4
06-28 20:19:38.803 25574 27419 W Summariser:   active sections: 5
06-28 20:19:38.803 25574 27419 W Summariser:   time: 31.910s
06-28 20:19:38.803 25574 27419 W Summariser:   original duration: 60.02
06-28 20:19:38.803 25574 27419 W Summariser:   summarised duration: 23.42
06-28 20:19:38.803 25574 27419 W Summariser:   noise tolerance: 45.00
06-28 20:19:38.803 25574 27419 W Summariser:   quality: 23
06-28 20:19:38.803 25574 27419 W Summariser:   speed: medium
06-28 20:19:38.803 25574 27419 W Summariser:   freeze duration: 1.00
06-28 20:19:38.902 25574 27419 W NearbyFragment: Sending 20200312_195330.mp4 to Nexus 5X [34d8]
06-28 20:19:38.950 25574 26661 W mobile-ffmpeg: 
06-28 20:19:38.950 25574 26661 W mobile-ffmpeg: [mov,mp4,m4a,3gp,3g2,mj2 @ 0x7d0379ae00] 
06-28 20:19:38.950 25574 26661 W mobile-ffmpeg: 
06-28 20:19:38.950 25574 26661 W mobile-ffmpeg: Found duplicated MOOV Atom. Skipped it
06-28 20:19:45.995 25574 27419 W Summariser: 5 active sections found
06-28 20:19:46.000 25574 26661 W mobile-ffmpeg: 
06-28 20:19:46.000 25574 26661 W mobile-ffmpeg: [mov,mp4,m4a,3gp,3g2,mj2 @ 0x7d0379ae00] 
06-28 20:19:46.000 25574 26661 W mobile-ffmpeg: 
06-28 20:19:46.000 25574 26661 W mobile-ffmpeg: Found duplicated MOOV Atom. Skipped it
06-28 20:20:06.872 25574 27419 W Summariser: Summarisation completed
06-28 20:20:06.872 25574 27419 W Summariser:   filename: 20200312_195430.mp4
06-28 20:20:06.872 25574 27419 W Summariser:   active sections: 5
06-28 20:20:06.872 25574 27419 W Summariser:   time: 27.840s
06-28 20:20:06.872 25574 27419 W Summariser:   original duration: 60.02
06-28 20:20:06.872 25574 27419 W Summariser:   summarised duration: 21.92
06-28 20:20:06.872 25574 27419 W Summariser:   noise tolerance: 45.00
06-28 20:20:06.872 25574 27419 W Summariser:   quality: 23
06-28 20:20:06.872 25574 27419 W Summariser:   speed: medium
06-28 20:20:06.872 25574 27419 W Summariser:   freeze duration: 1.00
06-28 20:20:06.988 25574 27419 W NearbyFragment: Sending 20200312_195430.mp4 to Nexus 5X [34d8]
