--------- beginning of main
06-28 20:41:44.723 11342 11342 I zygote64: Late-enabling -Xcheck:jni
--------- beginning of system
06-28 20:41:44.849 11342 11342 I ActivityThread: handleStopService: token=android.os.BinderProxy@80572d not found.
06-28 20:41:44.854 11342 11342 I TransferService: Starting Transfer Service to listen for network connectivity changes.
06-28 20:41:44.856 11342 11342 W LogFactory: Truncating log tag length as it exceed 23, the limit imposed by Android on certain API Levels
06-28 20:41:44.880 11342 11342 I TransferService: Registering the network receiver
06-28 20:41:44.884 11342 11342 I TransferService: Moving the service out of the Foreground state.
06-28 20:41:44.886 11342 11342 I TransferService: De-registering the network receiver.
06-28 20:41:45.582 11342 11342 I zygote64: Rejecting re-init on previously-failed class java.lang.Class<androidx.core.view.ViewCompat$2>: java.lang.NoClassDefFoundError: Failed resolution of: Landroid/view/View$OnUnhandledKeyEventListener;
06-28 20:41:45.582 11342 11342 I zygote64:   at void androidx.core.view.ViewCompat.setOnApplyWindowInsetsListener(android.view.View, androidx.core.view.OnApplyWindowInsetsListener) (ViewCompat.java:2421)
06-28 20:41:45.582 11342 11342 I zygote64:   at android.view.ViewGroup androidx.appcompat.app.AppCompatDelegateImpl.createSubDecor() (AppCompatDelegateImpl.java:779)
06-28 20:41:45.582 11342 11342 I zygote64:   at void androidx.appcompat.app.AppCompatDelegateImpl.ensureSubDecor() (AppCompatDelegateImpl.java:659)
06-28 20:41:45.582 11342 11342 I zygote64:   at void androidx.appcompat.app.AppCompatDelegateImpl.setContentView(int) (AppCompatDelegateImpl.java:552)
06-28 20:41:45.582 11342 11342 I zygote64:   at void androidx.appcompat.app.AppCompatActivity.setContentView(int) (AppCompatActivity.java:161)
06-28 20:41:45.582 11342 11342 I zygote64:   at void com.example.edgesum.page.main.MainActivity.onCreate(android.os.Bundle) (MainActivity.java:95)
06-28 20:41:45.582 11342 11342 I zygote64:   at void android.app.Activity.performCreate(android.os.Bundle, android.os.PersistableBundle) (Activity.java:7009)
06-28 20:41:45.582 11342 11342 I zygote64:   at void android.app.Activity.performCreate(android.os.Bundle) (Activity.java:7000)
06-28 20:41:45.582 11342 11342 I zygote64:   at void android.app.Instrumentation.callActivityOnCreate(android.app.Activity, android.os.Bundle) (Instrumentation.java:1214)
06-28 20:41:45.582 11342 11342 I zygote64:   at android.app.Activity android.app.ActivityThread.performLaunchActivity(android.app.ActivityThread$ActivityClientRecord, android.content.Intent) (ActivityThread.java:2731)
06-28 20:41:45.582 11342 11342 I zygote64:   at void android.app.ActivityThread.handleLaunchActivity(android.app.ActivityThread$ActivityClientRecord, android.content.Intent, java.lang.String) (ActivityThread.java:2856)
06-28 20:41:45.583 11342 11342 I zygote64:   at void android.app.ActivityThread.-wrap11(android.app.ActivityThread, android.app.ActivityThread$ActivityClientRecord, android.content.Intent, java.lang.String) (ActivityThread.java:-1)
06-28 20:41:45.583 11342 11342 I zygote64:   at void android.app.ActivityThread$H.handleMessage(android.os.Message) (ActivityThread.java:1589)
06-28 20:41:45.583 11342 11342 I zygote64:   at void android.os.Handler.dispatchMessage(android.os.Message) (Handler.java:106)
06-28 20:41:45.583 11342 11342 I zygote64:   at void android.os.Looper.loop() (Looper.java:164)
06-28 20:41:45.583 11342 11342 I zygote64:   at void android.app.ActivityThread.main(java.lang.String[]) (ActivityThread.java:6494)
06-28 20:41:45.583 11342 11342 I zygote64:   at java.lang.Object java.lang.reflect.Method.invoke(java.lang.Object, java.lang.Object[]) (Method.java:-2)
06-28 20:41:45.583 11342 11342 I zygote64:   at void com.android.internal.os.RuntimeInit$MethodAndArgsCaller.run() (RuntimeInit.java:438)
06-28 20:41:45.583 11342 11342 I zygote64:   at void com.android.internal.os.ZygoteInit.main(java.lang.String[]) (ZygoteInit.java:807)
06-28 20:41:45.583 11342 11342 I zygote64: Caused by: java.lang.ClassNotFoundException: Didn't find class "android.view.View$OnUnhandledKeyEventListener" on path: DexPathList[[zip file "/data/app/com.example.edgesum-qfSKGNLC3qMLqo_UjqdiYA==/base.apk"],nativeLibraryDirectories=[/data/app/com.example.edgesum-qfSKGNLC3qMLqo_UjqdiYA==/lib/arm64, /data/app/com.example.edgesum-qfSKGNLC3qMLqo_UjqdiYA==/base.apk!/lib/arm64-v8a, /system/lib64, /vendor/lib64]]
06-28 20:41:45.583 11342 11342 I zygote64:   at java.lang.Class dalvik.system.BaseDexClassLoader.findClass(java.lang.String) (BaseDexClassLoader.java:125)
06-28 20:41:45.583 11342 11342 I zygote64:   at java.lang.Class java.lang.ClassLoader.loadClass(java.lang.String, boolean) (ClassLoader.java:379)
06-28 20:41:45.583 11342 11342 I zygote64:   at java.lang.Class java.lang.ClassLoader.loadClass(java.lang.String) (ClassLoader.java:312)
06-28 20:41:45.583 11342 11342 I zygote64:   at void androidx.core.view.ViewCompat.setOnApplyWindowInsetsListener(android.view.View, androidx.core.view.OnApplyWindowInsetsListener) (ViewCompat.java:2421)
06-28 20:41:45.583 11342 11342 I zygote64:   at android.view.ViewGroup androidx.appcompat.app.AppCompatDelegateImpl.createSubDecor() (AppCompatDelegateImpl.java:779)
06-28 20:41:45.583 11342 11342 I zygote64:   at void androidx.appcompat.app.AppCompatDelegateImpl.ensureSubDecor() (AppCompatDelegateImpl.java:659)
06-28 20:41:45.583 11342 11342 I zygote64:   at void androidx.appcompat.app.AppCompatDelegateImpl.setContentView(int) (AppCompatDelegateImpl.java:552)
06-28 20:41:45.583 11342 11342 I zygote64:   at void androidx.appcompat.app.AppCompatActivity.setContentView(int) (AppCompatActivity.java:161)
06-28 20:41:45.583 11342 11342 I zygote64:   at void com.example.edgesum.page.main.MainActivity.onCreate(android.os.Bundle) (MainActivity.java:95)
06-28 20:41:45.583 11342 11342 I zygote64:   at void android.app.Activity.performCreate(android.os.Bundle, android.os.PersistableBundle) (Activity.java:7009)
06-28 20:41:45.583 11342 11342 I zygote64:   at void android.app.Activity.performCreate(android.os.Bundle) (Activity.java:7000)
06-28 20:41:45.583 11342 11342 I zygote64:   at void android.app.Instrumentation.callActivityOnCreate(android.app.Activity, android.os.Bundle) (Instrumentation.java:1214)
06-28 20:41:45.583 11342 11342 I zygote64:   at android.app.Activity android.app.ActivityThread.performLaunchActivity(android.app.ActivityThread$ActivityClientRecord, android.content.Intent) (ActivityThread.java:2731)
06-28 20:41:45.583 11342 11342 I zygote64:   at void android.app.ActivityThread.handleLaunchActivity(android.app.ActivityThread$ActivityClientRecord, android.content.Intent, java.lang.String) (ActivityThread.java:2856)
06-28 20:41:45.583 11342 11342 I zygote64:   at void android.app.ActivityThread.-wrap11(android.app.ActivityThread, android.app.ActivityThread$ActivityClientRecord, android.content.Intent, java.lang.String) (ActivityThread.java:-1)
06-28 20:41:45.583 11342 11342 I zygote64:   at void android.app.ActivityThread$H.handleMessage(android.os.Message) (ActivityThread.java:1589)
06-28 20:41:45.583 11342 11342 I zygote64:   at void android.os.Handler.dispatchMessage(android.os.Message) (Handler.java:106)
06-28 20:41:45.583 11342 11342 I zygote64:   at void android.os.Looper.loop() (Looper.java:164)
06-28 20:41:45.583 11342 11342 I zygote64:   at void android.app.ActivityThread.main(java.lang.String[]) (ActivityThread.java:6494)
06-28 20:41:45.583 11342 11342 I zygote64:   at java.lang.Object java.lang.reflect.Method.invoke(java.lang.Object, java.lang.Object[]) (Method.java:-2)
06-28 20:41:45.583 11342 11342 I zygote64:   at void com.android.internal.os.RuntimeInit$MethodAndArgsCaller.run() (RuntimeInit.java:438)
06-28 20:41:45.583 11342 11342 I zygote64:   at void com.android.internal.os.ZygoteInit.main(java.lang.String[]) (ZygoteInit.java:807)
06-28 20:41:45.583 11342 11342 I zygote64: 
06-28 20:41:45.583 11342 11342 I zygote64: Rejecting re-init on previously-failed class java.lang.Class<androidx.core.view.ViewCompat$2>: java.lang.NoClassDefFoundError: Failed resolution of: Landroid/view/View$OnUnhandledKeyEventListener;
06-28 20:41:45.583 11342 11342 I zygote64:   at void androidx.core.view.ViewCompat.setOnApplyWindowInsetsListener(android.view.View, androidx.core.view.OnApplyWindowInsetsListener) (ViewCompat.java:2421)
06-28 20:41:45.583 11342 11342 I zygote64:   at android.view.ViewGroup androidx.appcompat.app.AppCompatDelegateImpl.createSubDecor() (AppCompatDelegateImpl.java:779)
06-28 20:41:45.583 11342 11342 I zygote64:   at void androidx.appcompat.app.AppCompatDelegateImpl.ensureSubDecor() (AppCompatDelegateImpl.java:659)
06-28 20:41:45.583 11342 11342 I zygote64:   at void androidx.appcompat.app.AppCompatDelegateImpl.setContentView(int) (AppCompatDelegateImpl.java:552)
06-28 20:41:45.583 11342 11342 I zygote64:   at void androidx.appcompat.app.AppCompatActivity.setContentView(int) (AppCompatActivity.java:161)
06-28 20:41:45.583 11342 11342 I zygote64:   at void com.example.edgesum.page.main.MainActivity.onCreate(android.os.Bundle) (MainActivity.java:95)
06-28 20:41:45.583 11342 11342 I zygote64:   at void android.app.Activity.performCreate(android.os.Bundle, android.os.PersistableBundle) (Activity.java:7009)
06-28 20:41:45.583 11342 11342 I zygote64:   at void android.app.Activity.performCreate(android.os.Bundle) (Activity.java:7000)
06-28 20:41:45.583 11342 11342 I zygote64:   at void android.app.Instrumentation.callActivityOnCreate(android.app.Activity, android.os.Bundle) (Instrumentation.java:1214)
06-28 20:41:45.583 11342 11342 I zygote64:   at android.app.Activity android.app.ActivityThread.performLaunchActivity(android.app.ActivityThread$ActivityClientRecord, android.content.Intent) (ActivityThread.java:2731)
06-28 20:41:45.583 11342 11342 I zygote64:   at void android.app.ActivityThread.handleLaunchActivity(android.app.ActivityThread$ActivityClientRecord, android.content.Intent, java.lang.String) (ActivityThread.java:2856)
06-28 20:41:45.583 11342 11342 I zygote64:   at void android.app.ActivityThread.-wrap11(android.app.ActivityThread, android.app.ActivityThread$ActivityClientRecord, android.content.Intent, java.lang.String) (ActivityThread.java:-1)
06-28 20:41:45.583 11342 11342 I zygote64:   at void android.app.ActivityThread$H.handleMessage(android.os.Message) (ActivityThread.java:1589)
06-28 20:41:45.584 11342 11342 I zygote64:   at void android.os.Handler.dispatchMessage(android.os.Message) (Handler.java:106)
06-28 20:41:45.584 11342 11342 I zygote64:   at void android.os.Looper.loop() (Looper.java:164)
06-28 20:41:45.584 11342 11342 I zygote64:   at void android.app.ActivityThread.main(java.lang.String[]) (ActivityThread.java:6494)
06-28 20:41:45.584 11342 11342 I zygote64:   at java.lang.Object java.lang.reflect.Method.invoke(java.lang.Object, java.lang.Object[]) (Method.java:-2)
06-28 20:41:45.584 11342 11342 I zygote64:   at void com.android.internal.os.RuntimeInit$MethodAndArgsCaller.run() (RuntimeInit.java:438)
06-28 20:41:45.584 11342 11342 I zygote64:   at void com.android.internal.os.ZygoteInit.main(java.lang.String[]) (ZygoteInit.java:807)
06-28 20:41:45.584 11342 11342 I zygote64: Caused by: java.lang.ClassNotFoundException: Didn't find class "android.view.View$OnUnhandledKeyEventListener" on path: DexPathList[[zip file "/data/app/com.example.edgesum-qfSKGNLC3qMLqo_UjqdiYA==/base.apk"],nativeLibraryDirectories=[/data/app/com.example.edgesum-qfSKGNLC3qMLqo_UjqdiYA==/lib/arm64, /data/app/com.example.edgesum-qfSKGNLC3qMLqo_UjqdiYA==/base.apk!/lib/arm64-v8a, /system/lib64, /vendor/lib64]]
06-28 20:41:45.584 11342 11342 I zygote64:   at java.lang.Class dalvik.system.BaseDexClassLoader.findClass(java.lang.String) (BaseDexClassLoader.java:125)
06-28 20:41:45.584 11342 11342 I zygote64:   at java.lang.Class java.lang.ClassLoader.loadClass(java.lang.String, boolean) (ClassLoader.java:379)
06-28 20:41:45.584 11342 11342 I zygote64:   at java.lang.Class java.lang.ClassLoader.loadClass(java.lang.String) (ClassLoader.java:312)
06-28 20:41:45.584 11342 11342 I zygote64:   at void androidx.core.view.ViewCompat.setOnApplyWindowInsetsListener(android.view.View, androidx.core.view.OnApplyWindowInsetsListener) (ViewCompat.java:2421)
06-28 20:41:45.584 11342 11342 I zygote64:   at android.view.ViewGroup androidx.appcompat.app.AppCompatDelegateImpl.createSubDecor() (AppCompatDelegateImpl.java:779)
06-28 20:41:45.584 11342 11342 I zygote64:   at void androidx.appcompat.app.AppCompatDelegateImpl.ensureSubDecor() (AppCompatDelegateImpl.java:659)
06-28 20:41:45.584 11342 11342 I zygote64:   at void androidx.appcompat.app.AppCompatDelegateImpl.setContentView(int) (AppCompatDelegateImpl.java:552)
06-28 20:41:45.584 11342 11342 I zygote64:   at void androidx.appcompat.app.AppCompatActivity.setContentView(int) (AppCompatActivity.java:161)
06-28 20:41:45.584 11342 11342 I zygote64:   at void com.example.edgesum.page.main.MainActivity.onCreate(android.os.Bundle) (MainActivity.java:95)
06-28 20:41:45.584 11342 11342 I zygote64:   at void android.app.Activity.performCreate(android.os.Bundle, android.os.PersistableBundle) (Activity.java:7009)
06-28 20:41:45.584 11342 11342 I zygote64:   at void android.app.Activity.performCreate(android.os.Bundle) (Activity.java:7000)
06-28 20:41:45.584 11342 11342 I zygote64:   at void android.app.Instrumentation.callActivityOnCreate(android.app.Activity, android.os.Bundle) (Instrumentation.java:1214)
06-28 20:41:45.584 11342 11342 I zygote64:   at android.app.Activity android.app.ActivityThread.performLaunchActivity(android.app.ActivityThread$ActivityClientRecord, android.content.Intent) (ActivityThread.java:2731)
06-28 20:41:45.584 11342 11342 I zygote64:   at void android.app.ActivityThread.handleLaunchActivity(android.app.ActivityThread$ActivityClientRecord, android.content.Intent, java.lang.String) (ActivityThread.java:2856)
06-28 20:41:45.584 11342 11342 I zygote64:   at void android.app.ActivityThread.-wrap11(android.app.ActivityThread, android.app.ActivityThread$ActivityClientRecord, android.content.Intent, java.lang.String) (ActivityThread.java:-1)
06-28 20:41:45.584 11342 11342 I zygote64:   at void android.app.ActivityThread$H.handleMessage(android.os.Message) (ActivityThread.java:1589)
06-28 20:41:45.584 11342 11342 I zygote64:   at void android.os.Handler.dispatchMessage(android.os.Message) (Handler.java:106)
06-28 20:41:45.584 11342 11342 I zygote64:   at void android.os.Looper.loop() (Looper.java:164)
06-28 20:41:45.584 11342 11342 I zygote64:   at void android.app.ActivityThread.main(java.lang.String[]) (ActivityThread.java:6494)
06-28 20:41:45.584 11342 11342 I zygote64:   at java.lang.Object java.lang.reflect.Method.invoke(java.lang.Object, java.lang.Object[]) (Method.java:-2)
06-28 20:41:45.584 11342 11342 I zygote64:   at void com.android.internal.os.RuntimeInit$MethodAndArgsCaller.run() (RuntimeInit.java:438)
06-28 20:41:45.584 11342 11342 I zygote64:   at void com.android.internal.os.ZygoteInit.main(java.lang.String[]) (ZygoteInit.java:807)
06-28 20:41:45.584 11342 11342 I zygote64: 
06-28 20:41:45.584 11342 11342 I zygote64: Rejecting re-init on previously-failed class java.lang.Class<androidx.core.view.ViewCompat$2>: java.lang.NoClassDefFoundError: Failed resolution of: Landroid/view/View$OnUnhandledKeyEventListener;
06-28 20:41:45.584 11342 11342 I zygote64:   at void androidx.core.view.ViewCompat.setOnApplyWindowInsetsListener(android.view.View, androidx.core.view.OnApplyWindowInsetsListener) (ViewCompat.java:2421)
06-28 20:41:45.584 11342 11342 I zygote64:   at android.view.ViewGroup androidx.appcompat.app.AppCompatDelegateImpl.createSubDecor() (AppCompatDelegateImpl.java:779)
06-28 20:41:45.584 11342 11342 I zygote64:   at void androidx.appcompat.app.AppCompatDelegateImpl.ensureSubDecor() (AppCompatDelegateImpl.java:659)
06-28 20:41:45.584 11342 11342 I zygote64:   at void androidx.appcompat.app.AppCompatDelegateImpl.setContentView(int) (AppCompatDelegateImpl.java:552)
06-28 20:41:45.584 11342 11342 I zygote64:   at void androidx.appcompat.app.AppCompatActivity.setContentView(int) (AppCompatActivity.java:161)
06-28 20:41:45.584 11342 11342 I zygote64:   at void com.example.edgesum.page.main.MainActivity.onCreate(android.os.Bundle) (MainActivity.java:95)
06-28 20:41:45.584 11342 11342 I zygote64:   at void android.app.Activity.performCreate(android.os.Bundle, android.os.PersistableBundle) (Activity.java:7009)
06-28 20:41:45.584 11342 11342 I zygote64:   at void android.app.Activity.performCreate(android.os.Bundle) (Activity.java:7000)
06-28 20:41:45.584 11342 11342 I zygote64:   at void android.app.Instrumentation.callActivityOnCreate(android.app.Activity, android.os.Bundle) (Instrumentation.java:1214)
06-28 20:41:45.584 11342 11342 I zygote64:   at android.app.Activity android.app.ActivityThread.performLaunchActivity(android.app.ActivityThread$ActivityClientRecord, android.content.Intent) (ActivityThread.java:2731)
06-28 20:41:45.584 11342 11342 I zygote64:   at void android.app.ActivityThread.handleLaunchActivity(android.app.ActivityThread$ActivityClientRecord, android.content.Intent, java.lang.String) (ActivityThread.java:2856)
06-28 20:41:45.584 11342 11342 I zygote64:   at void android.app.ActivityThread.-wrap11(android.app.ActivityThread, android.app.ActivityThread$ActivityClientRecord, android.content.Intent, java.lang.String) (ActivityThread.java:-1)
06-28 20:41:45.584 11342 11342 I zygote64:   at void android.app.ActivityThread$H.handleMessage(android.os.Message) (ActivityThread.java:1589)
06-28 20:41:45.584 11342 11342 I zygote64:   at void android.os.Handler.dispatchMessage(android.os.Message) (Handler.java:106)
06-28 20:41:45.584 11342 11342 I zygote64:   at void android.os.Looper.loop() (Looper.java:164)
06-28 20:41:45.584 11342 11342 I zygote64:   at void android.app.ActivityThread.main(java.lang.String[]) (ActivityThread.java:6494)
06-28 20:41:45.584 11342 11342 I zygote64:   at java.lang.Object java.lang.reflect.Method.invoke(java.lang.Object, java.lang.Object[]) (Method.java:-2)
06-28 20:41:45.584 11342 11342 I zygote64:   at void com.android.internal.os.RuntimeInit$MethodAndArgsCaller.run() (RuntimeInit.java:438)
06-28 20:41:45.584 11342 11342 I zygote64:   at void com.android.internal.os.ZygoteInit.main(java.lang.String[]) (ZygoteInit.java:807)
06-28 20:41:45.584 11342 11342 I zygote64: Caused by: java.lang.ClassNotFoundException: Didn't find class "android.view.View$OnUnhandledKeyEventListener" on path: DexPathList[[zip file "/data/app/com.example.edgesum-qfSKGNLC3qMLqo_UjqdiYA==/base.apk"],nativeLibraryDirectories=[/data/app/com.example.edgesum-qfSKGNLC3qMLqo_UjqdiYA==/lib/arm64, /data/app/com.example.edgesum-qfSKGNLC3qMLqo_UjqdiYA==/base.apk!/lib/arm64-v8a, /system/lib64, /vendor/lib64]]
06-28 20:41:45.584 11342 11342 I zygote64:   at java.lang.Class dalvik.system.BaseDexClassLoader.findClass(java.lang.String) (BaseDexClassLoader.java:125)
06-28 20:41:45.584 11342 11342 I zygote64:   at java.lang.Class java.lang.ClassLoader.loadClass(java.lang.String, boolean) (ClassLoader.java:379)
06-28 20:41:45.584 11342 11342 I zygote64:   at java.lang.Class java.lang.ClassLoader.loadClass(java.lang.String) (ClassLoader.java:312)
06-28 20:41:45.585 11342 11342 I zygote64:   at void androidx.core.view.ViewCompat.setOnApplyWindowInsetsListener(android.view.View, androidx.core.view.OnApplyWindowInsetsListener) (ViewCompat.java:2421)
06-28 20:41:45.585 11342 11342 I zygote64:   at android.view.ViewGroup androidx.appcompat.app.AppCompatDelegateImpl.createSubDecor() (AppCompatDelegateImpl.java:779)
06-28 20:41:45.585 11342 11342 I zygote64:   at void androidx.appcompat.app.AppCompatDelegateImpl.ensureSubDecor() (AppCompatDelegateImpl.java:659)
06-28 20:41:45.585 11342 11342 I zygote64:   at void androidx.appcompat.app.AppCompatDelegateImpl.setContentView(int) (AppCompatDelegateImpl.java:552)
06-28 20:41:45.585 11342 11342 I zygote64:   at void androidx.appcompat.app.AppCompatActivity.setContentView(int) (AppCompatActivity.java:161)
06-28 20:41:45.585 11342 11342 I zygote64:   at void com.example.edgesum.page.main.MainActivity.onCreate(android.os.Bundle) (MainActivity.java:95)
06-28 20:41:45.585 11342 11342 I zygote64:   at void android.app.Activity.performCreate(android.os.Bundle, android.os.PersistableBundle) (Activity.java:7009)
06-28 20:41:45.585 11342 11342 I zygote64:   at void android.app.Activity.performCreate(android.os.Bundle) (Activity.java:7000)
06-28 20:41:45.585 11342 11342 I zygote64:   at void android.app.Instrumentation.callActivityOnCreate(android.app.Activity, android.os.Bundle) (Instrumentation.java:1214)
06-28 20:41:45.585 11342 11342 I zygote64:   at android.app.Activity android.app.ActivityThread.performLaunchActivity(android.app.ActivityThread$ActivityClientRecord, android.content.Intent) (ActivityThread.java:2731)
06-28 20:41:45.585 11342 11342 I zygote64:   at void android.app.ActivityThread.handleLaunchActivity(android.app.ActivityThread$ActivityClientRecord, android.content.Intent, java.lang.String) (ActivityThread.java:2856)
06-28 20:41:45.585 11342 11342 I zygote64:   at void android.app.ActivityThread.-wrap11(android.app.ActivityThread, android.app.ActivityThread$ActivityClientRecord, android.content.Intent, java.lang.String) (ActivityThread.java:-1)
06-28 20:41:45.585 11342 11342 I zygote64:   at void android.app.ActivityThread$H.handleMessage(android.os.Message) (ActivityThread.java:1589)
06-28 20:41:45.585 11342 11342 I zygote64:   at void android.os.Handler.dispatchMessage(android.os.Message) (Handler.java:106)
06-28 20:41:45.585 11342 11342 I zygote64:   at void android.os.Looper.loop() (Looper.java:164)
06-28 20:41:45.585 11342 11342 I zygote64:   at void android.app.ActivityThread.main(java.lang.String[]) (ActivityThread.java:6494)
06-28 20:41:45.585 11342 11342 I zygote64:   at java.lang.Object java.lang.reflect.Method.invoke(java.lang.Object, java.lang.Object[]) (Method.java:-2)
06-28 20:41:45.585 11342 11342 I zygote64:   at void com.android.internal.os.RuntimeInit$MethodAndArgsCaller.run() (RuntimeInit.java:438)
06-28 20:41:45.585 11342 11342 I zygote64:   at void com.android.internal.os.ZygoteInit.main(java.lang.String[]) (ZygoteInit.java:807)
06-28 20:41:45.585 11342 11342 I zygote64: 
06-28 20:41:45.759 11342 11342 V Repo    : /storage/emulated/0/Movies/raw
06-28 20:41:45.760 11342 11342 V Repo    : /storage/emulated/0/Movies/summarised
06-28 20:41:45.773 11342 11342 V FileManager: External storage is readable
06-28 20:41:45.774 11342 11342 V FileManager: Directory already exists: /storage/emulated/0/Movies/raw
06-28 20:41:45.782 11342 11342 V FileManager: External storage is readable
06-28 20:41:45.783 11342 11342 V FileManager: Directory already exists: /storage/emulated/0/Movies/summarised
06-28 20:41:45.789 11342 11342 V FileManager: External storage is readable
06-28 20:41:45.790 11342 11342 V FileManager: Directory already exists: /storage/emulated/0/Download/nearby
06-28 20:41:45.796 11342 11342 V FileManager: External storage is readable
06-28 20:41:45.797 11342 11342 V FileManager: Directory already exists: /storage/emulated/0/Movies/segment
06-28 20:41:45.803 11342 11342 V FileManager: External storage is readable
06-28 20:41:45.804 11342 11342 V FileManager: Directory already exists: /storage/emulated/0/Movies/segment-sum
06-28 20:41:45.952 11342 11342 V VideoManager: getAllVideoFromExternalStorageFolder
06-28 20:41:45.957 11342 11342 D VideoManager: /storage/emulated/0/Movies/summarised
06-28 20:41:45.970 11342 11342 D VideoManager: 0 videos return
06-28 20:41:46.003 11342 11342 V VideoManager: getAllVideoFromExternalStorageFolder
06-28 20:41:46.010 11342 11342 D VideoManager: /storage/emulated/0/Movies/raw
06-28 20:41:46.017 11342 11342 D VideoManager: 0 videos return
06-28 20:41:46.057 11342 11371 D OpenGLRenderer: HWUI GL Pipeline
06-28 20:41:46.068 11342 11342 I TransferService: Starting Transfer Service to listen for network connectivity changes.
06-28 20:41:46.069 11342 11342 I TransferService: Registering the network receiver
06-28 20:41:46.071 11342 11342 E TransferService: No notification is passed in the intent. Unable to transition to foreground.
06-28 20:41:46.131 11342 11354 D MainActivity: Scanned /storage/emulated/0/Movies/raw
06-28 20:41:46.131 11342 11354 D MainActivity:   -> uri=content://media/external/file/4028
06-28 20:41:46.157 11342 11371 I Adreno  : QUALCOMM build                   : 8e59954, I0be83d0d26
06-28 20:41:46.157 11342 11371 I Adreno  : Build Date                       : 09/22/17
06-28 20:41:46.157 11342 11371 I Adreno  : OpenGL ES Shader Compiler Version: EV031.21.02.00
06-28 20:41:46.157 11342 11371 I Adreno  : Local Branch                     : O17A
06-28 20:41:46.157 11342 11371 I Adreno  : Remote Branch                    : 
06-28 20:41:46.157 11342 11371 I Adreno  : Remote Branch                    : 
06-28 20:41:46.157 11342 11371 I Adreno  : Reconstruct Branch               : 
06-28 20:41:46.158 11342 11371 D vndksupport: Loading /vendor/lib64/hw/gralloc.msm8992.so from current namespace instead of sphal namespace.
06-28 20:41:46.172 11342 11371 I Adreno  : PFP: 0x00000000, ME: 0x00000000
06-28 20:41:46.176 11342 11354 D MainActivity: Scanned /storage/emulated/0/Movies/summarised
06-28 20:41:46.176 11342 11354 D MainActivity:   -> uri=content://media/external/file/4027
06-28 20:41:46.186 11342 11342 I TransferNetworkLossHand: Network connectivity changed detected.
06-28 20:41:46.188 11342 11371 I zygote64: android::hardware::configstore::V1_0::ISurfaceFlingerConfigs::hasWideColorDisplay retrieved: 0
06-28 20:41:46.188 11342 11342 I TransferNetworkLossHand: Network connected: true
06-28 20:41:46.190 11342 11371 I OpenGLRenderer: Initialized EGL, version 1.4
06-28 20:41:46.192 11342 11371 D OpenGLRenderer: Swap behavior 2
06-28 20:41:46.193 11342 11347 I zygote64: Do partial code cache collection, code=23KB, data=29KB
06-28 20:41:46.195 11342 11347 I zygote64: After code cache collection, code=23KB, data=29KB
06-28 20:41:46.195 11342 11347 I zygote64: Increasing code cache capacity to 128KB
06-28 20:41:46.276 11342 11371 D vndksupport: Loading /vendor/lib64/hw/android.hardware.graphics.mapper@2.0-impl.so from current namespace instead of sphal namespace.
06-28 20:41:46.277 11342 11371 D vndksupport: Loading /vendor/lib64/hw/gralloc.msm8992.so from current namespace instead of sphal namespace.
06-28 20:41:50.928 11342 11342 V MainActivity: Connect button clicked
06-28 20:41:54.326 11342 11342 V ConnectionFragment: Advertisement switch checked
06-28 20:41:56.586 11342 11342 D NearbyFragment: Started advertising
06-28 20:42:18.137 11342 11342 D NearbyFragment: Initiated connection with null: Galaxy S8 [2802]
06-28 20:42:18.269 11342 11347 I zygote64: Do partial code cache collection, code=51KB, data=58KB
06-28 20:42:18.269 11342 11347 I zygote64: After code cache collection, code=51KB, data=58KB
06-28 20:42:18.269 11342 11347 I zygote64: Increasing code cache capacity to 256KB
06-28 20:42:18.270 11342 11347 I zygote64: Compiler allocated 4MB to compile void android.view.View.<init>(android.content.Context, android.util.AttributeSet, int, int)
06-28 20:42:19.322 11342 11347 I zygote64: Do full code cache collection, code=125KB, data=103KB
06-28 20:42:19.323 11342 11347 I zygote64: After code cache collection, code=123KB, data=62KB
06-28 20:42:20.049 11342 11342 I NearbyFragment: Connected to Endpoint{id=Fyrc, name=Galaxy S8 [2802]}
06-28 20:42:20.119 11342 11347 I zygote64: Do partial code cache collection, code=124KB, data=70KB
06-28 20:42:20.119 11342 11347 I zygote64: After code cache collection, code=124KB, data=70KB
06-28 20:42:20.119 11342 11347 I zygote64: Increasing code cache capacity to 512KB
06-28 20:42:26.304 11342 11342 D NearbyFragment: Initiated connection with null: Nexus 5 [1825]
06-28 20:42:29.108 11342 11342 I NearbyFragment: Connected to Endpoint{id=3b9d, name=Nexus 5 [1825]}
06-28 20:42:32.601 11342 11342 V ConnectionFragment: Advertisement switch unchecked
06-28 20:42:32.601 11342 11342 D NearbyFragment: Stopped advertising
06-28 20:43:11.601 11342 11342 V ConnectionFragment: Auto-send switch checked
06-28 20:43:11.692 11342 11342 W NearbyFragment: Preferences:
06-28 20:43:11.692 11342 11342 W NearbyFragment:   Auto download: true
06-28 20:43:11.692 11342 11342 W NearbyFragment:   Algorithm: least_busy
06-28 20:43:11.692 11342 11342 W NearbyFragment:   Segmentation: false
06-28 20:43:11.692 11342 11342 W NearbyFragment:   Auto segmentation: false
06-28 20:43:11.692 11342 11342 W NearbyFragment:   Segment number: 4
06-28 20:43:11.692 11342 11342 W NearbyFragment:   Noise tolerance: 45.00
06-28 20:43:11.692 11342 11342 W NearbyFragment:   Quality: 23
06-28 20:43:11.692 11342 11342 W NearbyFragment:   Speed: medium
06-28 20:43:11.692 11342 11342 W NearbyFragment:   Freeze duration: 1.00
06-28 20:43:11.693 11342 11342 W NearbyFragment: Download delay: 1s
06-28 20:43:11.693 11342 11342 W NearbyFragment: Started downloading from dashcam
06-28 20:43:11.694 11342 11561 V DownloadTestVideosTask: Starting DownloadTestVideosTask
06-28 20:43:11.702 11342 11561 V DashDownloadManager: Started downloading: 20200312_150643.mp4
06-28 20:43:27.748 11342 11342 V VideoManager: videoFromCursor
06-28 20:43:27.758 11342 11342 V RawFootageEventHandler: onAdd
06-28 20:43:27.762 11342 11342 V NearbyFragment: nextTransfer with selected algorithm: least_busy
06-28 20:43:27.769 11342 11342 W NearbyFragment: Sending 20200312_150643.mp4 to Galaxy S8 [2802]
06-28 20:43:27.781 11342 11342 W DashDownloadManager: Successfully downloaded 20200312_150643.mp4 in 16.023s
06-28 20:43:27.807 11342 11342 V NearbyFragment: Transfer to Fyrc: 100%
06-28 20:43:27.809 11342 11342 V NearbyFragment: Transfer to Fyrc: 100%
06-28 20:43:27.811 11342 11342 V NearbyFragment: Transfer to Fyrc: 0%
06-28 20:43:27.813 11342 11342 V NearbyFragment: Transfer to Fyrc: 0%
06-28 20:43:27.815 11342 11342 I chatty  : uid=10100(com.example.edgesum) identical 1 line
06-28 20:43:27.817 11342 11342 V NearbyFragment: Transfer to Fyrc: 0%
06-28 20:43:27.818 11342 11342 V NearbyFragment: Transfer to Fyrc: 0%
06-28 20:43:27.820 11342 11342 V NearbyFragment: Transfer to Fyrc: 0%
06-28 20:43:27.823 11342 11342 V NearbyFragment: Transfer to Fyrc: 0%
06-28 20:43:27.826 11342 11342 V NearbyFragment: Transfer to Fyrc: 0%
06-28 20:43:27.830 11342 11342 V NearbyFragment: Transfer to Fyrc: 0%
06-28 20:43:27.834 11342 11342 V NearbyFragment: Transfer to Fyrc: 0%
06-28 20:43:27.838 11342 11342 V NearbyFragment: Transfer to Fyrc: 1%
06-28 20:43:27.841 11342 11342 V NearbyFragment: Transfer to Fyrc: 1%
06-28 20:43:27.843 11342 11342 V NearbyFragment: Transfer to Fyrc: 1%
06-28 20:43:27.846 11342 11342 V NearbyFragment: Transfer to Fyrc: 1%
06-28 20:43:27.849 11342 11342 V NearbyFragment: Transfer to Fyrc: 1%
06-28 20:43:27.851 11342 11342 V NearbyFragment: Transfer to Fyrc: 1%
06-28 20:43:27.854 11342 11342 V NearbyFragment: Transfer to Fyrc: 1%
06-28 20:43:27.857 11342 11342 V NearbyFragment: Transfer to Fyrc: 1%
06-28 20:43:27.859 11342 11342 V NearbyFragment: Transfer to Fyrc: 1%
06-28 20:43:27.862 11342 11342 V NearbyFragment: Transfer to Fyrc: 1%
06-28 20:43:27.864 11342 11342 V NearbyFragment: Transfer to Fyrc: 1%
06-28 20:43:27.867 11342 11342 V NearbyFragment: Transfer to Fyrc: 2%
06-28 20:43:27.870 11342 11342 V NearbyFragment: Transfer to Fyrc: 2%
06-28 20:43:27.872 11342 11342 V NearbyFragment: Transfer to Fyrc: 2%
06-28 20:43:27.876 11342 11342 V NearbyFragment: Transfer to Fyrc: 2%
06-28 20:43:27.877 11342 11342 V NearbyFragment: Transfer to Fyrc: 2%
06-28 20:43:27.879 11342 11342 V NearbyFragment: Transfer to Fyrc: 2%
06-28 20:43:27.881 11342 11342 V NearbyFragment: Transfer to Fyrc: 2%
06-28 20:43:27.884 11342 11342 V NearbyFragment: Transfer to Fyrc: 2%
06-28 20:43:27.887 11342 11342 V NearbyFragment: Transfer to Fyrc: 2%
06-28 20:43:27.889 11342 11342 V NearbyFragment: Transfer to Fyrc: 2%
06-28 20:43:27.891 11342 11342 V NearbyFragment: Transfer to Fyrc: 2%
06-28 20:43:27.893 11342 11342 V NearbyFragment: Transfer to Fyrc: 3%
06-28 20:43:27.896 11342 11342 V NearbyFragment: Transfer to Fyrc: 3%
06-28 20:43:27.899 11342 11342 V NearbyFragment: Transfer to Fyrc: 3%
06-28 20:43:27.901 11342 11342 V NearbyFragment: Transfer to Fyrc: 3%
06-28 20:43:27.903 11342 11342 V NearbyFragment: Transfer to Fyrc: 3%
06-28 20:43:27.907 11342 11342 V NearbyFragment: Transfer to Fyrc: 3%
06-28 20:43:27.910 11342 11342 V NearbyFragment: Transfer to Fyrc: 3%
06-28 20:43:27.911 11342 11342 V NearbyFragment: Transfer to Fyrc: 3%
06-28 20:43:27.914 11342 11342 V NearbyFragment: Transfer to Fyrc: 3%
06-28 20:43:27.915 11342 11342 V NearbyFragment: Transfer to Fyrc: 3%
06-28 20:43:27.917 11342 11342 V NearbyFragment: Transfer to Fyrc: 4%
06-28 20:43:27.920 11342 11342 V NearbyFragment: Transfer to Fyrc: 4%
06-28 20:43:27.921 11342 11342 V NearbyFragment: Transfer to Fyrc: 4%
06-28 20:43:27.924 11342 11342 V NearbyFragment: Transfer to Fyrc: 4%
06-28 20:43:27.927 11342 11342 V NearbyFragment: Transfer to Fyrc: 4%
06-28 20:43:27.928 11342 11342 V NearbyFragment: Transfer to Fyrc: 4%
06-28 20:43:27.930 11342 11342 V NearbyFragment: Transfer to Fyrc: 4%
06-28 20:43:27.933 11342 11342 V NearbyFragment: Transfer to Fyrc: 4%
06-28 20:43:27.935 11342 11342 V NearbyFragment: Transfer to Fyrc: 4%
06-28 20:43:27.937 11342 11342 V NearbyFragment: Transfer to Fyrc: 4%
06-28 20:43:27.939 11342 11342 V NearbyFragment: Transfer to Fyrc: 4%
06-28 20:43:27.942 11342 11342 V NearbyFragment: Transfer to Fyrc: 5%
06-28 20:43:27.944 11342 11342 V NearbyFragment: Transfer to Fyrc: 5%
06-28 20:43:27.947 11342 11342 V NearbyFragment: Transfer to Fyrc: 5%
06-28 20:43:27.949 11342 11342 V NearbyFragment: Transfer to Fyrc: 5%
06-28 20:43:27.951 11342 11342 V NearbyFragment: Transfer to Fyrc: 5%
06-28 20:43:27.953 11342 11342 V NearbyFragment: Transfer to Fyrc: 5%
06-28 20:43:27.957 11342 11342 V NearbyFragment: Transfer to Fyrc: 5%
06-28 20:43:28.117 11342 11342 V NearbyFragment: Transfer to Fyrc: 5%
06-28 20:43:28.121 11342 11342 V NearbyFragment: Transfer to Fyrc: 5%
06-28 20:43:28.127 11342 11342 V NearbyFragment: Transfer to Fyrc: 5%
06-28 20:43:28.129 11342 11342 V NearbyFragment: Transfer to Fyrc: 5%
06-28 20:43:28.135 11342 11342 V NearbyFragment: Transfer to Fyrc: 6%
06-28 20:43:28.138 11342 11342 V NearbyFragment: Transfer to Fyrc: 6%
06-28 20:43:28.144 11342 11342 V NearbyFragment: Transfer to Fyrc: 6%
06-28 20:43:28.146 11342 11342 V NearbyFragment: Transfer to Fyrc: 6%
06-28 20:43:28.150 11342 11342 V NearbyFragment: Transfer to Fyrc: 6%
06-28 20:43:28.153 11342 11342 V NearbyFragment: Transfer to Fyrc: 6%
06-28 20:43:28.160 11342 11342 V NearbyFragment: Transfer to Fyrc: 6%
06-28 20:43:28.163 11342 11342 I chatty  : uid=10100(com.example.edgesum) identical 1 line
06-28 20:43:28.165 11342 11342 V NearbyFragment: Transfer to Fyrc: 6%
06-28 20:43:28.167 11342 11342 V NearbyFragment: Transfer to Fyrc: 6%
06-28 20:43:28.169 11342 11342 V NearbyFragment: Transfer to Fyrc: 7%
06-28 20:43:28.173 11342 11342 I chatty  : uid=10100(com.example.edgesum) identical 1 line
06-28 20:43:28.175 11342 11342 V NearbyFragment: Transfer to Fyrc: 7%
06-28 20:43:28.177 11342 11342 V NearbyFragment: Transfer to Fyrc: 7%
06-28 20:43:28.178 11342 11342 I chatty  : uid=10100(com.example.edgesum) identical 1 line
06-28 20:43:28.180 11342 11342 V NearbyFragment: Transfer to Fyrc: 7%
06-28 20:43:28.185 11342 11342 V NearbyFragment: Transfer to Fyrc: 7%
06-28 20:43:28.187 11342 11342 V NearbyFragment: Transfer to Fyrc: 7%
06-28 20:43:28.191 11342 11342 V NearbyFragment: Transfer to Fyrc: 7%
06-28 20:43:28.193 11342 11342 V NearbyFragment: Transfer to Fyrc: 7%
06-28 20:43:28.195 11342 11342 V NearbyFragment: Transfer to Fyrc: 7%
06-28 20:43:28.196 11342 11342 V NearbyFragment: Transfer to Fyrc: 8%
06-28 20:43:28.198 11342 11342 V NearbyFragment: Transfer to Fyrc: 8%
06-28 20:43:28.199 11342 11342 V NearbyFragment: Transfer to Fyrc: 8%
06-28 20:43:28.204 11342 11342 V NearbyFragment: Transfer to Fyrc: 8%
06-28 20:43:28.207 11342 11342 I chatty  : uid=10100(com.example.edgesum) identical 1 line
06-28 20:43:28.208 11342 11342 V NearbyFragment: Transfer to Fyrc: 8%
06-28 20:43:28.212 11342 11342 V NearbyFragment: Transfer to Fyrc: 8%
06-28 20:43:28.213 11342 11342 V NearbyFragment: Transfer to Fyrc: 8%
06-28 20:43:28.214 11342 11342 V NearbyFragment: Transfer to Fyrc: 8%
06-28 20:43:28.216 11342 11342 I chatty  : uid=10100(com.example.edgesum) identical 1 line
06-28 20:43:28.218 11342 11342 V NearbyFragment: Transfer to Fyrc: 8%
06-28 20:43:28.219 11342 11342 V NearbyFragment: Transfer to Fyrc: 9%
06-28 20:43:28.222 11342 11342 V NearbyFragment: Transfer to Fyrc: 9%
06-28 20:43:28.225 11342 11342 V NearbyFragment: Transfer to Fyrc: 9%
06-28 20:43:28.226 11342 11342 V NearbyFragment: Transfer to Fyrc: 9%
06-28 20:43:28.231 11342 11342 V NearbyFragment: Transfer to Fyrc: 9%
06-28 20:43:28.232 11342 11342 V NearbyFragment: Transfer to Fyrc: 9%
06-28 20:43:28.235 11342 11342 V NearbyFragment: Transfer to Fyrc: 9%
06-28 20:43:28.249 11342 11342 V NearbyFragment: Transfer to Fyrc: 9%
06-28 20:43:28.251 11342 11342 V NearbyFragment: Transfer to Fyrc: 9%
06-28 20:43:28.253 11342 11342 V NearbyFragment: Transfer to Fyrc: 9%
06-28 20:43:28.256 11342 11342 V NearbyFragment: Transfer to Fyrc: 10%
06-28 20:43:28.257 11342 11342 V NearbyFragment: Transfer to Fyrc: 10%
06-28 20:43:28.386 11342 11342 V NearbyFragment: Transfer to Fyrc: 10%
06-28 20:43:28.390 11342 11342 V NearbyFragment: Transfer to Fyrc: 10%
06-28 20:43:28.395 11342 11342 V NearbyFragment: Transfer to Fyrc: 10%
06-28 20:43:28.398 11342 11342 V NearbyFragment: Transfer to Fyrc: 10%
06-28 20:43:28.402 11342 11342 V NearbyFragment: Transfer to Fyrc: 10%
06-28 20:43:28.406 11342 11342 V NearbyFragment: Transfer to Fyrc: 10%
06-28 20:43:28.409 11342 11342 V NearbyFragment: Transfer to Fyrc: 10%
06-28 20:43:28.411 11342 11342 V NearbyFragment: Transfer to Fyrc: 10%
06-28 20:43:28.414 11342 11342 V NearbyFragment: Transfer to Fyrc: 10%
06-28 20:43:28.417 11342 11342 V NearbyFragment: Transfer to Fyrc: 11%
06-28 20:43:28.422 11342 11342 V NearbyFragment: Transfer to Fyrc: 11%
06-28 20:43:28.429 11342 11342 V NearbyFragment: Transfer to Fyrc: 11%
06-28 20:43:28.432 11342 11342 V NearbyFragment: Transfer to Fyrc: 11%
06-28 20:43:28.433 11342 11342 V NearbyFragment: Transfer to Fyrc: 11%
06-28 20:43:28.436 11342 11342 V NearbyFragment: Transfer to Fyrc: 11%
06-28 20:43:28.438 11342 11342 V NearbyFragment: Transfer to Fyrc: 11%
06-28 20:43:28.441 11342 11342 V NearbyFragment: Transfer to Fyrc: 11%
06-28 20:43:28.442 11342 11342 V NearbyFragment: Transfer to Fyrc: 11%
06-28 20:43:28.444 11342 11342 V NearbyFragment: Transfer to Fyrc: 11%
06-28 20:43:28.446 11342 11342 V NearbyFragment: Transfer to Fyrc: 11%
06-28 20:43:28.457 11342 11342 V NearbyFragment: Transfer to Fyrc: 12%
06-28 20:43:28.458 11342 11342 V NearbyFragment: Transfer to Fyrc: 12%
06-28 20:43:28.461 11342 11342 V NearbyFragment: Transfer to Fyrc: 12%
06-28 20:43:28.462 11342 11342 V NearbyFragment: Transfer to Fyrc: 12%
06-28 20:43:28.465 11342 11342 V NearbyFragment: Transfer to Fyrc: 12%
06-28 20:43:28.467 11342 11342 V NearbyFragment: Transfer to Fyrc: 12%
06-28 20:43:28.471 11342 11342 V NearbyFragment: Transfer to Fyrc: 12%
06-28 20:43:28.474 11342 11342 V NearbyFragment: Transfer to Fyrc: 12%
06-28 20:43:28.476 11342 11342 V NearbyFragment: Transfer to Fyrc: 12%
06-28 20:43:28.479 11342 11342 V NearbyFragment: Transfer to Fyrc: 12%
06-28 20:43:28.481 11342 11342 V NearbyFragment: Transfer to Fyrc: 13%
06-28 20:43:28.484 11342 11342 V NearbyFragment: Transfer to Fyrc: 13%
06-28 20:43:28.485 11342 11342 V NearbyFragment: Transfer to Fyrc: 13%
06-28 20:43:28.490 11342 11342 V NearbyFragment: Transfer to Fyrc: 13%
06-28 20:43:28.492 11342 11342 V NearbyFragment: Transfer to Fyrc: 13%
06-28 20:43:28.493 11342 11342 V NearbyFragment: Transfer to Fyrc: 13%
06-28 20:43:28.495 11342 11342 V NearbyFragment: Transfer to Fyrc: 13%
06-28 20:43:28.497 11342 11342 V NearbyFragment: Transfer to Fyrc: 13%
06-28 20:43:28.499 11342 11342 V NearbyFragment: Transfer to Fyrc: 13%
06-28 20:43:28.501 11342 11342 V NearbyFragment: Transfer to Fyrc: 13%
06-28 20:43:28.504 11342 11342 V NearbyFragment: Transfer to Fyrc: 13%
06-28 20:43:28.506 11342 11342 V NearbyFragment: Transfer to Fyrc: 14%
06-28 20:43:28.508 11342 11342 V NearbyFragment: Transfer to Fyrc: 14%
06-28 20:43:28.778 11342 11561 V DownloadTestVideosTask: Starting DownloadTestVideosTask
06-28 20:43:28.791 11342 11561 V DashDownloadManager: Started downloading: 20200312_150744.mp4
06-28 20:43:28.827 11342 11342 V NearbyFragment: Transfer to Fyrc: 14%
06-28 20:43:28.828 11342 11342 V NearbyFragment: Transfer to Fyrc: 14%
06-28 20:43:28.833 11342 11342 V NearbyFragment: Transfer to Fyrc: 14%
06-28 20:43:28.837 11342 11342 V NearbyFragment: Transfer to Fyrc: 14%
06-28 20:43:28.847 11342 11342 V NearbyFragment: Transfer to Fyrc: 14%
06-28 20:43:28.850 11342 11342 V NearbyFragment: Transfer to Fyrc: 14%
06-28 20:43:28.852 11342 11342 V NearbyFragment: Transfer to Fyrc: 14%
06-28 20:43:28.854 11342 11342 V NearbyFragment: Transfer to Fyrc: 14%
06-28 20:43:28.857 11342 11342 V NearbyFragment: Transfer to Fyrc: 14%
06-28 20:43:28.860 11342 11342 V NearbyFragment: Transfer to Fyrc: 15%
06-28 20:43:28.864 11342 11342 V NearbyFragment: Transfer to Fyrc: 15%
06-28 20:43:28.867 11342 11342 V NearbyFragment: Transfer to Fyrc: 15%
06-28 20:43:28.870 11342 11342 V NearbyFragment: Transfer to Fyrc: 15%
06-28 20:43:28.873 11342 11342 V NearbyFragment: Transfer to Fyrc: 15%
06-28 20:43:28.876 11342 11342 V NearbyFragment: Transfer to Fyrc: 15%
06-28 20:43:28.877 11342 11342 V NearbyFragment: Transfer to Fyrc: 15%
06-28 20:43:28.879 11342 11342 V NearbyFragment: Transfer to Fyrc: 15%
06-28 20:43:28.882 11342 11342 V NearbyFragment: Transfer to Fyrc: 15%
06-28 20:43:28.886 11342 11342 V NearbyFragment: Transfer to Fyrc: 15%
06-28 20:43:28.887 11342 11342 V NearbyFragment: Transfer to Fyrc: 16%
06-28 20:43:28.889 11342 11342 V NearbyFragment: Transfer to Fyrc: 16%
06-28 20:43:28.891 11342 11342 V NearbyFragment: Transfer to Fyrc: 16%
06-28 20:43:28.893 11342 11342 V NearbyFragment: Transfer to Fyrc: 16%
06-28 20:43:28.897 11342 11342 V NearbyFragment: Transfer to Fyrc: 16%
06-28 20:43:28.899 11342 11342 V NearbyFragment: Transfer to Fyrc: 16%
06-28 20:43:28.901 11342 11342 V NearbyFragment: Transfer to Fyrc: 16%
06-28 20:43:28.903 11342 11342 V NearbyFragment: Transfer to Fyrc: 16%
06-28 20:43:28.905 11342 11342 V NearbyFragment: Transfer to Fyrc: 16%
06-28 20:43:28.909 11342 11342 V NearbyFragment: Transfer to Fyrc: 16%
06-28 20:43:28.913 11342 11342 V NearbyFragment: Transfer to Fyrc: 16%
06-28 20:43:28.916 11342 11342 V NearbyFragment: Transfer to Fyrc: 17%
06-28 20:43:28.918 11342 11342 V NearbyFragment: Transfer to Fyrc: 17%
06-28 20:43:28.920 11342 11342 V NearbyFragment: Transfer to Fyrc: 17%
06-28 20:43:28.921 11342 11342 V NearbyFragment: Transfer to Fyrc: 17%
06-28 20:43:28.924 11342 11342 V NearbyFragment: Transfer to Fyrc: 17%
06-28 20:43:28.926 11342 11342 V NearbyFragment: Transfer to Fyrc: 17%
06-28 20:43:28.928 11342 11342 V NearbyFragment: Transfer to Fyrc: 17%
06-28 20:43:28.929 11342 11342 V NearbyFragment: Transfer to Fyrc: 17%
06-28 20:43:28.932 11342 11342 V NearbyFragment: Transfer to Fyrc: 17%
06-28 20:43:28.939 11342 11342 V NearbyFragment: Transfer to Fyrc: 17%
06-28 20:43:28.940 11342 11342 V NearbyFragment: Transfer to Fyrc: 17%
06-28 20:43:28.940 11342 11342 V NearbyFragment: Transfer to Fyrc: 18%
06-28 20:43:28.942 11342 11342 V NearbyFragment: Transfer to Fyrc: 18%
06-28 20:43:28.944 11342 11342 V NearbyFragment: Transfer to Fyrc: 18%
06-28 20:43:28.947 11342 11342 V NearbyFragment: Transfer to Fyrc: 18%
06-28 20:43:28.950 11342 11342 V NearbyFragment: Transfer to Fyrc: 18%
06-28 20:43:28.958 11342 11342 V NearbyFragment: Transfer to Fyrc: 18%
06-28 20:43:28.961 11342 11342 V NearbyFragment: Transfer to Fyrc: 18%
06-28 20:43:28.962 11342 11342 V NearbyFragment: Transfer to Fyrc: 18%
06-28 20:43:28.964 11342 11342 V NearbyFragment: Transfer to Fyrc: 18%
06-28 20:43:28.967 11342 11342 V NearbyFragment: Transfer to Fyrc: 18%
06-28 20:43:28.970 11342 11342 V NearbyFragment: Transfer to Fyrc: 19%
06-28 20:43:29.127 11342 11342 V NearbyFragment: Transfer to Fyrc: 19%
06-28 20:43:29.131 11342 11342 V NearbyFragment: Transfer to Fyrc: 19%
06-28 20:43:29.136 11342 11342 V NearbyFragment: Transfer to Fyrc: 19%
06-28 20:43:29.139 11342 11342 V NearbyFragment: Transfer to Fyrc: 19%
06-28 20:43:29.142 11342 11342 V NearbyFragment: Transfer to Fyrc: 19%
06-28 20:43:29.152 11342 11342 V NearbyFragment: Transfer to Fyrc: 19%
06-28 20:43:29.154 11342 11342 V NearbyFragment: Transfer to Fyrc: 19%
06-28 20:43:29.158 11342 11342 V NearbyFragment: Transfer to Fyrc: 19%
06-28 20:43:29.160 11342 11342 V NearbyFragment: Transfer to Fyrc: 19%
06-28 20:43:29.163 11342 11342 V NearbyFragment: Transfer to Fyrc: 19%
06-28 20:43:29.165 11342 11342 V NearbyFragment: Transfer to Fyrc: 20%
06-28 20:43:29.168 11342 11342 V NearbyFragment: Transfer to Fyrc: 20%
06-28 20:43:29.170 11342 11342 V NearbyFragment: Transfer to Fyrc: 20%
06-28 20:43:29.172 11342 11342 V NearbyFragment: Transfer to Fyrc: 20%
06-28 20:43:29.174 11342 11342 V NearbyFragment: Transfer to Fyrc: 20%
06-28 20:43:29.176 11342 11342 V NearbyFragment: Transfer to Fyrc: 20%
06-28 20:43:29.178 11342 11342 V NearbyFragment: Transfer to Fyrc: 20%
06-28 20:43:29.181 11342 11342 V NearbyFragment: Transfer to Fyrc: 20%
06-28 20:43:29.183 11342 11342 V NearbyFragment: Transfer to Fyrc: 20%
06-28 20:43:29.185 11342 11342 V NearbyFragment: Transfer to Fyrc: 20%
06-28 20:43:29.187 11342 11342 V NearbyFragment: Transfer to Fyrc: 20%
06-28 20:43:29.197 11342 11342 V NearbyFragment: Transfer to Fyrc: 21%
06-28 20:43:29.199 11342 11342 V NearbyFragment: Transfer to Fyrc: 21%
06-28 20:43:29.202 11342 11342 V NearbyFragment: Transfer to Fyrc: 21%
06-28 20:43:29.203 11342 11342 V NearbyFragment: Transfer to Fyrc: 21%
06-28 20:43:29.205 11342 11342 V NearbyFragment: Transfer to Fyrc: 21%
06-28 20:43:29.209 11342 11342 V NearbyFragment: Transfer to Fyrc: 21%
06-28 20:43:29.213 11342 11342 V NearbyFragment: Transfer to Fyrc: 21%
06-28 20:43:29.213 11342 11342 V NearbyFragment: Transfer to Fyrc: 21%
06-28 20:43:29.217 11342 11342 V NearbyFragment: Transfer to Fyrc: 21%
06-28 20:43:29.218 11342 11342 V NearbyFragment: Transfer to Fyrc: 21%
06-28 20:43:29.220 11342 11342 V NearbyFragment: Transfer to Fyrc: 22%
06-28 20:43:29.223 11342 11342 V NearbyFragment: Transfer to Fyrc: 22%
06-28 20:43:29.225 11342 11342 V NearbyFragment: Transfer to Fyrc: 22%
06-28 20:43:29.226 11342 11342 V NearbyFragment: Transfer to Fyrc: 22%
06-28 20:43:29.228 11342 11342 V NearbyFragment: Transfer to Fyrc: 22%
06-28 20:43:29.231 11342 11342 V NearbyFragment: Transfer to Fyrc: 22%
06-28 20:43:29.232 11342 11342 V NearbyFragment: Transfer to Fyrc: 22%
06-28 20:43:29.234 11342 11342 V NearbyFragment: Transfer to Fyrc: 22%
06-28 20:43:29.236 11342 11342 V NearbyFragment: Transfer to Fyrc: 22%
06-28 20:43:29.238 11342 11342 V NearbyFragment: Transfer to Fyrc: 22%
06-28 20:43:29.240 11342 11342 V NearbyFragment: Transfer to Fyrc: 22%
06-28 20:43:29.244 11342 11342 V NearbyFragment: Transfer to Fyrc: 23%
06-28 20:43:29.353 11342 11342 V NearbyFragment: Transfer to Fyrc: 23%
06-28 20:43:29.355 11342 11342 V NearbyFragment: Transfer to Fyrc: 23%
06-28 20:43:29.360 11342 11342 V NearbyFragment: Transfer to Fyrc: 23%
06-28 20:43:29.362 11342 11342 V NearbyFragment: Transfer to Fyrc: 23%
06-28 20:43:29.364 11342 11342 V NearbyFragment: Transfer to Fyrc: 23%
06-28 20:43:29.365 11342 11342 V NearbyFragment: Transfer to Fyrc: 23%
06-28 20:43:29.367 11342 11342 V NearbyFragment: Transfer to Fyrc: 23%
06-28 20:43:29.369 11342 11342 V NearbyFragment: Transfer to Fyrc: 23%
06-28 20:43:29.371 11342 11342 V NearbyFragment: Transfer to Fyrc: 23%
06-28 20:43:29.373 11342 11342 V NearbyFragment: Transfer to Fyrc: 23%
06-28 20:43:29.375 11342 11342 V NearbyFragment: Transfer to Fyrc: 24%
06-28 20:43:29.378 11342 11342 V NearbyFragment: Transfer to Fyrc: 24%
06-28 20:43:29.380 11342 11342 V NearbyFragment: Transfer to Fyrc: 24%
06-28 20:43:29.383 11342 11342 V NearbyFragment: Transfer to Fyrc: 24%
06-28 20:43:29.384 11342 11342 V NearbyFragment: Transfer to Fyrc: 24%
06-28 20:43:29.385 11342 11342 V NearbyFragment: Transfer to Fyrc: 24%
06-28 20:43:29.387 11342 11342 V NearbyFragment: Transfer to Fyrc: 24%
06-28 20:43:29.389 11342 11342 V NearbyFragment: Transfer to Fyrc: 24%
06-28 20:43:29.392 11342 11342 V NearbyFragment: Transfer to Fyrc: 24%
06-28 20:43:29.393 11342 11342 V NearbyFragment: Transfer to Fyrc: 24%
06-28 20:43:29.396 11342 11342 V NearbyFragment: Transfer to Fyrc: 25%
06-28 20:43:29.397 11342 11342 V NearbyFragment: Transfer to Fyrc: 25%
06-28 20:43:29.398 11342 11342 V NearbyFragment: Transfer to Fyrc: 25%
06-28 20:43:29.400 11342 11342 V NearbyFragment: Transfer to Fyrc: 25%
06-28 20:43:29.709 11342 11342 V NearbyFragment: Transfer to Fyrc: 25%
06-28 20:43:29.728 11342 11342 V NearbyFragment: Transfer to Fyrc: 25%
06-28 20:43:29.736 11342 11342 V NearbyFragment: Transfer to Fyrc: 25%
06-28 20:43:29.738 11342 11342 V NearbyFragment: Transfer to Fyrc: 25%
06-28 20:43:29.741 11342 11342 V NearbyFragment: Transfer to Fyrc: 25%
06-28 20:43:29.745 11342 11342 V NearbyFragment: Transfer to Fyrc: 25%
06-28 20:43:29.746 11342 11342 V NearbyFragment: Transfer to Fyrc: 25%
06-28 20:43:29.750 11342 11342 V NearbyFragment: Transfer to Fyrc: 26%
06-28 20:43:29.752 11342 11342 V NearbyFragment: Transfer to Fyrc: 26%
06-28 20:43:29.754 11342 11342 V NearbyFragment: Transfer to Fyrc: 26%
