--------- beginning of main
06-28 20:41:42.591  7117  7117 I zygote  : Late-enabling -Xcheck:jni
--------- beginning of system
06-28 20:41:42.683  7117  7117 I ActivityThread: handleStopService: token=android.os.BinderProxy@da74432 not found.
06-28 20:41:42.687  7117  7117 I TransferService: Starting Transfer Service to listen for network connectivity changes.
06-28 20:41:42.688  7117  7117 W LogFactory: Truncating log tag length as it exceed 23, the limit imposed by Android on certain API Levels
06-28 20:41:42.710  7117  7117 I TransferService: Registering the network receiver
06-28 20:41:42.713  7117  7117 I TransferService: Moving the service out of the Foreground state.
06-28 20:41:42.714  7117  7117 I TransferService: De-registering the network receiver.
06-28 20:41:44.571  7117  7117 I zygote  : Rejecting re-init on previously-failed class java.lang.Class<androidx.core.view.ViewCompat$2>: java.lang.NoClassDefFoundError: Failed resolution of: Landroid/view/View$OnUnhandledKeyEventListener;
06-28 20:41:44.571  7117  7117 I zygote  :   at void androidx.core.view.ViewCompat.setOnApplyWindowInsetsListener(android.view.View, androidx.core.view.OnApplyWindowInsetsListener) (ViewCompat.java:2421)
06-28 20:41:44.571  7117  7117 I zygote  :   at android.view.ViewGroup androidx.appcompat.app.AppCompatDelegateImpl.createSubDecor() (AppCompatDelegateImpl.java:779)
06-28 20:41:44.571  7117  7117 I zygote  :   at void androidx.appcompat.app.AppCompatDelegateImpl.ensureSubDecor() (AppCompatDelegateImpl.java:659)
06-28 20:41:44.571  7117  7117 I zygote  :   at void androidx.appcompat.app.AppCompatDelegateImpl.setContentView(int) (AppCompatDelegateImpl.java:552)
06-28 20:41:44.571  7117  7117 I zygote  :   at void androidx.appcompat.app.AppCompatActivity.setContentView(int) (AppCompatActivity.java:161)
06-28 20:41:44.571  7117  7117 I zygote  :   at void com.example.edgesum.page.main.MainActivity.onCreate(android.os.Bundle) (MainActivity.java:95)
06-28 20:41:44.571  7117  7117 I zygote  :   at void android.app.Activity.performCreate(android.os.Bundle, android.os.PersistableBundle) (Activity.java:7009)
06-28 20:41:44.571  7117  7117 I zygote  :   at void android.app.Activity.performCreate(android.os.Bundle) (Activity.java:7000)
06-28 20:41:44.571  7117  7117 I zygote  :   at void android.app.Instrumentation.callActivityOnCreate(android.app.Activity, android.os.Bundle) (Instrumentation.java:1214)
06-28 20:41:44.571  7117  7117 I zygote  :   at android.app.Activity android.app.ActivityThread.performLaunchActivity(android.app.ActivityThread$ActivityClientRecord, android.content.Intent) (ActivityThread.java:2731)
06-28 20:41:44.571  7117  7117 I zygote  :   at void android.app.ActivityThread.handleLaunchActivity(android.app.ActivityThread$ActivityClientRecord, android.content.Intent, java.lang.String) (ActivityThread.java:2856)
06-28 20:41:44.571  7117  7117 I zygote  :   at void android.app.ActivityThread.-wrap11(android.app.ActivityThread, android.app.ActivityThread$ActivityClientRecord, android.content.Intent, java.lang.String) (ActivityThread.java:-1)
06-28 20:41:44.571  7117  7117 I zygote  :   at void android.app.ActivityThread$H.handleMessage(android.os.Message) (ActivityThread.java:1589)
06-28 20:41:44.571  7117  7117 I zygote  :   at void android.os.Handler.dispatchMessage(android.os.Message) (Handler.java:106)
06-28 20:41:44.571  7117  7117 I zygote  :   at void android.os.Looper.loop() (Looper.java:164)
06-28 20:41:44.571  7117  7117 I zygote  :   at void android.app.ActivityThread.main(java.lang.String[]) (ActivityThread.java:6494)
06-28 20:41:44.571  7117  7117 I zygote  :   at java.lang.Object java.lang.reflect.Method.invoke(java.lang.Object, java.lang.Object[]) (Method.java:-2)
06-28 20:41:44.571  7117  7117 I zygote  :   at void com.android.internal.os.RuntimeInit$MethodAndArgsCaller.run() (RuntimeInit.java:438)
06-28 20:41:44.571  7117  7117 I zygote  :   at void com.android.internal.os.ZygoteInit.main(java.lang.String[]) (ZygoteInit.java:807)
06-28 20:41:44.571  7117  7117 I zygote  : Caused by: java.lang.ClassNotFoundException: Didn't find class "android.view.View$OnUnhandledKeyEventListener" on path: DexPathList[[zip file "/data/app/com.example.edgesum-XZulbL2Uky1WPZydDzZa6Q==/base.apk"],nativeLibraryDirectories=[/data/app/com.example.edgesum-XZulbL2Uky1WPZydDzZa6Q==/lib/arm, /data/app/com.example.edgesum-XZulbL2Uky1WPZydDzZa6Q==/base.apk!/lib/armeabi-v7a, /system/lib, /system/vendor/lib]]
06-28 20:41:44.571  7117  7117 I zygote  :   at java.lang.Class dalvik.system.BaseDexClassLoader.findClass(java.lang.String) (BaseDexClassLoader.java:125)
06-28 20:41:44.571  7117  7117 I zygote  :   at java.lang.Class java.lang.ClassLoader.loadClass(java.lang.String, boolean) (ClassLoader.java:379)
06-28 20:41:44.571  7117  7117 I zygote  :   at java.lang.Class java.lang.ClassLoader.loadClass(java.lang.String) (ClassLoader.java:312)
06-28 20:41:44.571  7117  7117 I zygote  :   at void androidx.core.view.ViewCompat.setOnApplyWindowInsetsListener(android.view.View, androidx.core.view.OnApplyWindowInsetsListener) (ViewCompat.java:2421)
06-28 20:41:44.571  7117  7117 I zygote  :   at android.view.ViewGroup androidx.appcompat.app.AppCompatDelegateImpl.createSubDecor() (AppCompatDelegateImpl.java:779)
06-28 20:41:44.571  7117  7117 I zygote  :   at void androidx.appcompat.app.AppCompatDelegateImpl.ensureSubDecor() (AppCompatDelegateImpl.java:659)
06-28 20:41:44.571  7117  7117 I zygote  :   at void androidx.appcompat.app.AppCompatDelegateImpl.setContentView(int) (AppCompatDelegateImpl.java:552)
06-28 20:41:44.571  7117  7117 I zygote  :   at void androidx.appcompat.app.AppCompatActivity.setContentView(int) (AppCompatActivity.java:161)
06-28 20:41:44.571  7117  7117 I zygote  :   at void com.example.edgesum.page.main.MainActivity.onCreate(android.os.Bundle) (MainActivity.java:95)
06-28 20:41:44.571  7117  7117 I zygote  :   at void android.app.Activity.performCreate(android.os.Bundle, android.os.PersistableBundle) (Activity.java:7009)
06-28 20:41:44.571  7117  7117 I zygote  :   at void android.app.Activity.performCreate(android.os.Bundle) (Activity.java:7000)
06-28 20:41:44.571  7117  7117 I zygote  :   at void android.app.Instrumentation.callActivityOnCreate(android.app.Activity, android.os.Bundle) (Instrumentation.java:1214)
06-28 20:41:44.571  7117  7117 I zygote  :   at android.app.Activity android.app.ActivityThread.performLaunchActivity(android.app.ActivityThread$ActivityClientRecord, android.content.Intent) (ActivityThread.java:2731)
06-28 20:41:44.571  7117  7117 I zygote  :   at void android.app.ActivityThread.handleLaunchActivity(android.app.ActivityThread$ActivityClientRecord, android.content.Intent, java.lang.String) (ActivityThread.java:2856)
06-28 20:41:44.571  7117  7117 I zygote  :   at void android.app.ActivityThread.-wrap11(android.app.ActivityThread, android.app.ActivityThread$ActivityClientRecord, android.content.Intent, java.lang.String) (ActivityThread.java:-1)
06-28 20:41:44.571  7117  7117 I zygote  :   at void android.app.ActivityThread$H.handleMessage(android.os.Message) (ActivityThread.java:1589)
06-28 20:41:44.571  7117  7117 I zygote  :   at void android.os.Handler.dispatchMessage(android.os.Message) (Handler.java:106)
06-28 20:41:44.571  7117  7117 I zygote  :   at void android.os.Looper.loop() (Looper.java:164)
06-28 20:41:44.571  7117  7117 I zygote  :   at void android.app.ActivityThread.main(java.lang.String[]) (ActivityThread.java:6494)
06-28 20:41:44.571  7117  7117 I zygote  :   at java.lang.Object java.lang.reflect.Method.invoke(java.lang.Object, java.lang.Object[]) (Method.java:-2)
06-28 20:41:44.571  7117  7117 I zygote  :   at void com.android.internal.os.RuntimeInit$MethodAndArgsCaller.run() (RuntimeInit.java:438)
06-28 20:41:44.571  7117  7117 I zygote  :   at void com.android.internal.os.ZygoteInit.main(java.lang.String[]) (ZygoteInit.java:807)
06-28 20:41:44.571  7117  7117 I zygote  : 
06-28 20:41:44.573  7117  7117 I zygote  : Rejecting re-init on previously-failed class java.lang.Class<androidx.core.view.ViewCompat$2>: java.lang.NoClassDefFoundError: Failed resolution of: Landroid/view/View$OnUnhandledKeyEventListener;
06-28 20:41:44.573  7117  7117 I zygote  :   at void androidx.core.view.ViewCompat.setOnApplyWindowInsetsListener(android.view.View, androidx.core.view.OnApplyWindowInsetsListener) (ViewCompat.java:2421)
06-28 20:41:44.573  7117  7117 I zygote  :   at android.view.ViewGroup androidx.appcompat.app.AppCompatDelegateImpl.createSubDecor() (AppCompatDelegateImpl.java:779)
06-28 20:41:44.573  7117  7117 I zygote  :   at void androidx.appcompat.app.AppCompatDelegateImpl.ensureSubDecor() (AppCompatDelegateImpl.java:659)
06-28 20:41:44.573  7117  7117 I zygote  :   at void androidx.appcompat.app.AppCompatDelegateImpl.setContentView(int) (AppCompatDelegateImpl.java:552)
06-28 20:41:44.573  7117  7117 I zygote  :   at void androidx.appcompat.app.AppCompatActivity.setContentView(int) (AppCompatActivity.java:161)
06-28 20:41:44.573  7117  7117 I zygote  :   at void com.example.edgesum.page.main.MainActivity.onCreate(android.os.Bundle) (MainActivity.java:95)
06-28 20:41:44.573  7117  7117 I zygote  :   at void android.app.Activity.performCreate(android.os.Bundle, android.os.PersistableBundle) (Activity.java:7009)
06-28 20:41:44.573  7117  7117 I zygote  :   at void android.app.Activity.performCreate(android.os.Bundle) (Activity.java:7000)
06-28 20:41:44.573  7117  7117 I zygote  :   at void android.app.Instrumentation.callActivityOnCreate(android.app.Activity, android.os.Bundle) (Instrumentation.java:1214)
06-28 20:41:44.573  7117  7117 I zygote  :   at android.app.Activity android.app.ActivityThread.performLaunchActivity(android.app.ActivityThread$ActivityClientRecord, android.content.Intent) (ActivityThread.java:2731)
06-28 20:41:44.573  7117  7117 I zygote  :   at void android.app.ActivityThread.handleLaunchActivity(android.app.ActivityThread$ActivityClientRecord, android.content.Intent, java.lang.String) (ActivityThread.java:2856)
06-28 20:41:44.573  7117  7117 I zygote  :   at void android.app.ActivityThread.-wrap11(android.app.ActivityThread, android.app.ActivityThread$ActivityClientRecord, android.content.Intent, java.lang.String) (ActivityThread.java:-1)
06-28 20:41:44.573  7117  7117 I zygote  :   at void android.app.ActivityThread$H.handleMessage(android.os.Message) (ActivityThread.java:1589)
06-28 20:41:44.573  7117  7117 I zygote  :   at void android.os.Handler.dispatchMessage(android.os.Message) (Handler.java:106)
06-28 20:41:44.573  7117  7117 I zygote  :   at void android.os.Looper.loop() (Looper.java:164)
06-28 20:41:44.573  7117  7117 I zygote  :   at void android.app.ActivityThread.main(java.lang.String[]) (ActivityThread.java:6494)
06-28 20:41:44.573  7117  7117 I zygote  :   at java.lang.Object java.lang.reflect.Method.invoke(java.lang.Object, java.lang.Object[]) (Method.java:-2)
06-28 20:41:44.573  7117  7117 I zygote  :   at void com.android.internal.os.RuntimeInit$MethodAndArgsCaller.run() (RuntimeInit.java:438)
06-28 20:41:44.573  7117  7117 I zygote  :   at void com.android.internal.os.ZygoteInit.main(java.lang.String[]) (ZygoteInit.java:807)
06-28 20:41:44.573  7117  7117 I zygote  : Caused by: java.lang.ClassNotFoundException: Didn't find class "android.view.View$OnUnhandledKeyEventListener" on path: DexPathList[[zip file "/data/app/com.example.edgesum-XZulbL2Uky1WPZydDzZa6Q==/base.apk"],nativeLibraryDirectories=[/data/app/com.example.edgesum-XZulbL2Uky1WPZydDzZa6Q==/lib/arm, /data/app/com.example.edgesum-XZulbL2Uky1WPZydDzZa6Q==/base.apk!/lib/armeabi-v7a, /system/lib, /system/vendor/lib]]
06-28 20:41:44.573  7117  7117 I zygote  :   at java.lang.Class dalvik.system.BaseDexClassLoader.findClass(java.lang.String) (BaseDexClassLoader.java:125)
06-28 20:41:44.573  7117  7117 I zygote  :   at java.lang.Class java.lang.ClassLoader.loadClass(java.lang.String, boolean) (ClassLoader.java:379)
06-28 20:41:44.573  7117  7117 I zygote  :   at java.lang.Class java.lang.ClassLoader.loadClass(java.lang.String) (ClassLoader.java:312)
06-28 20:41:44.573  7117  7117 I zygote  :   at void androidx.core.view.ViewCompat.setOnApplyWindowInsetsListener(android.view.View, androidx.core.view.OnApplyWindowInsetsListener) (ViewCompat.java:2421)
06-28 20:41:44.573  7117  7117 I zygote  :   at android.view.ViewGroup androidx.appcompat.app.AppCompatDelegateImpl.createSubDecor() (AppCompatDelegateImpl.java:779)
06-28 20:41:44.573  7117  7117 I zygote  :   at void androidx.appcompat.app.AppCompatDelegateImpl.ensureSubDecor() (AppCompatDelegateImpl.java:659)
06-28 20:41:44.573  7117  7117 I zygote  :   at void androidx.appcompat.app.AppCompatDelegateImpl.setContentView(int) (AppCompatDelegateImpl.java:552)
06-28 20:41:44.573  7117  7117 I zygote  :   at void androidx.appcompat.app.AppCompatActivity.setContentView(int) (AppCompatActivity.java:161)
06-28 20:41:44.573  7117  7117 I zygote  :   at void com.example.edgesum.page.main.MainActivity.onCreate(android.os.Bundle) (MainActivity.java:95)
06-28 20:41:44.573  7117  7117 I zygote  :   at void android.app.Activity.performCreate(android.os.Bundle, android.os.PersistableBundle) (Activity.java:7009)
06-28 20:41:44.573  7117  7117 I zygote  :   at void android.app.Activity.performCreate(android.os.Bundle) (Activity.java:7000)
06-28 20:41:44.573  7117  7117 I zygote  :   at void android.app.Instrumentation.callActivityOnCreate(android.app.Activity, android.os.Bundle) (Instrumentation.java:1214)
06-28 20:41:44.573  7117  7117 I zygote  :   at android.app.Activity android.app.ActivityThread.performLaunchActivity(android.app.ActivityThread$ActivityClientRecord, android.content.Intent) (ActivityThread.java:2731)
06-28 20:41:44.573  7117  7117 I zygote  :   at void android.app.ActivityThread.handleLaunchActivity(android.app.ActivityThread$ActivityClientRecord, android.content.Intent, java.lang.String) (ActivityThread.java:2856)
06-28 20:41:44.573  7117  7117 I zygote  :   at void android.app.ActivityThread.-wrap11(android.app.ActivityThread, android.app.ActivityThread$ActivityClientRecord, android.content.Intent, java.lang.String) (ActivityThread.java:-1)
06-28 20:41:44.573  7117  7117 I zygote  :   at void android.app.ActivityThread$H.handleMessage(android.os.Message) (ActivityThread.java:1589)
06-28 20:41:44.573  7117  7117 I zygote  :   at void android.os.Handler.dispatchMessage(android.os.Message) (Handler.java:106)
06-28 20:41:44.573  7117  7117 I zygote  :   at void android.os.Looper.loop() (Looper.java:164)
06-28 20:41:44.573  7117  7117 I zygote  :   at void android.app.ActivityThread.main(java.lang.String[]) (ActivityThread.java:6494)
06-28 20:41:44.573  7117  7117 I zygote  :   at java.lang.Object java.lang.reflect.Method.invoke(java.lang.Object, java.lang.Object[]) (Method.java:-2)
06-28 20:41:44.573  7117  7117 I zygote  :   at void com.android.internal.os.RuntimeInit$MethodAndArgsCaller.run() (RuntimeInit.java:438)
06-28 20:41:44.573  7117  7117 I zygote  :   at void com.android.internal.os.ZygoteInit.main(java.lang.String[]) (ZygoteInit.java:807)
06-28 20:41:44.573  7117  7117 I zygote  : 
06-28 20:41:44.574  7117  7117 I zygote  : Rejecting re-init on previously-failed class java.lang.Class<androidx.core.view.ViewCompat$2>: java.lang.NoClassDefFoundError: Failed resolution of: Landroid/view/View$OnUnhandledKeyEventListener;
06-28 20:41:44.574  7117  7117 I zygote  :   at void androidx.core.view.ViewCompat.setOnApplyWindowInsetsListener(android.view.View, androidx.core.view.OnApplyWindowInsetsListener) (ViewCompat.java:2421)
06-28 20:41:44.574  7117  7117 I zygote  :   at android.view.ViewGroup androidx.appcompat.app.AppCompatDelegateImpl.createSubDecor() (AppCompatDelegateImpl.java:779)
06-28 20:41:44.574  7117  7117 I zygote  :   at void androidx.appcompat.app.AppCompatDelegateImpl.ensureSubDecor() (AppCompatDelegateImpl.java:659)
06-28 20:41:44.574  7117  7117 I zygote  :   at void androidx.appcompat.app.AppCompatDelegateImpl.setContentView(int) (AppCompatDelegateImpl.java:552)
06-28 20:41:44.574  7117  7117 I zygote  :   at void androidx.appcompat.app.AppCompatActivity.setContentView(int) (AppCompatActivity.java:161)
06-28 20:41:44.574  7117  7117 I zygote  :   at void com.example.edgesum.page.main.MainActivity.onCreate(android.os.Bundle) (MainActivity.java:95)
06-28 20:41:44.574  7117  7117 I zygote  :   at void android.app.Activity.performCreate(android.os.Bundle, android.os.PersistableBundle) (Activity.java:7009)
06-28 20:41:44.574  7117  7117 I zygote  :   at void android.app.Activity.performCreate(android.os.Bundle) (Activity.java:7000)
06-28 20:41:44.574  7117  7117 I zygote  :   at void android.app.Instrumentation.callActivityOnCreate(android.app.Activity, android.os.Bundle) (Instrumentation.java:1214)
06-28 20:41:44.574  7117  7117 I zygote  :   at android.app.Activity android.app.ActivityThread.performLaunchActivity(android.app.ActivityThread$ActivityClientRecord, android.content.Intent) (ActivityThread.java:2731)
06-28 20:41:44.574  7117  7117 I zygote  :   at void android.app.ActivityThread.handleLaunchActivity(android.app.ActivityThread$ActivityClientRecord, android.content.Intent, java.lang.String) (ActivityThread.java:2856)
06-28 20:41:44.574  7117  7117 I zygote  :   at void android.app.ActivityThread.-wrap11(android.app.ActivityThread, android.app.ActivityThread$ActivityClientRecord, android.content.Intent, java.lang.String) (ActivityThread.java:-1)
06-28 20:41:44.574  7117  7117 I zygote  :   at void android.app.ActivityThread$H.handleMessage(android.os.Message) (ActivityThread.java:1589)
06-28 20:41:44.574  7117  7117 I zygote  :   at void android.os.Handler.dispatchMessage(android.os.Message) (Handler.java:106)
06-28 20:41:44.574  7117  7117 I zygote  :   at void android.os.Looper.loop() (Looper.java:164)
06-28 20:41:44.574  7117  7117 I zygote  :   at void android.app.ActivityThread.main(java.lang.String[]) (ActivityThread.java:6494)
06-28 20:41:44.574  7117  7117 I zygote  :   at java.lang.Object java.lang.reflect.Method.invoke(java.lang.Object, java.lang.Object[]) (Method.java:-2)
06-28 20:41:44.574  7117  7117 I zygote  :   at void com.android.internal.os.RuntimeInit$MethodAndArgsCaller.run() (RuntimeInit.java:438)
06-28 20:41:44.574  7117  7117 I zygote  :   at void com.android.internal.os.ZygoteInit.main(java.lang.String[]) (ZygoteInit.java:807)
06-28 20:41:44.574  7117  7117 I zygote  : Caused by: java.lang.ClassNotFoundException: Didn't find class "android.view.View$OnUnhandledKeyEventListener" on path: DexPathList[[zip file "/data/app/com.example.edgesum-XZulbL2Uky1WPZydDzZa6Q==/base.apk"],nativeLibraryDirectories=[/data/app/com.example.edgesum-XZulbL2Uky1WPZydDzZa6Q==/lib/arm, /data/app/com.example.edgesum-XZulbL2Uky1WPZydDzZa6Q==/base.apk!/lib/armeabi-v7a, /system/lib, /system/vendor/lib]]
06-28 20:41:44.574  7117  7117 I zygote  :   at java.lang.Class dalvik.system.BaseDexClassLoader.findClass(java.lang.String) (BaseDexClassLoader.java:125)
06-28 20:41:44.574  7117  7117 I zygote  :   at java.lang.Class java.lang.ClassLoader.loadClass(java.lang.String, boolean) (ClassLoader.java:379)
06-28 20:41:44.574  7117  7117 I zygote  :   at java.lang.Class java.lang.ClassLoader.loadClass(java.lang.String) (ClassLoader.java:312)
06-28 20:41:44.574  7117  7117 I zygote  :   at void androidx.core.view.ViewCompat.setOnApplyWindowInsetsListener(android.view.View, androidx.core.view.OnApplyWindowInsetsListener) (ViewCompat.java:2421)
06-28 20:41:44.574  7117  7117 I zygote  :   at android.view.ViewGroup androidx.appcompat.app.AppCompatDelegateImpl.createSubDecor() (AppCompatDelegateImpl.java:779)
06-28 20:41:44.574  7117  7117 I zygote  :   at void androidx.appcompat.app.AppCompatDelegateImpl.ensureSubDecor() (AppCompatDelegateImpl.java:659)
06-28 20:41:44.574  7117  7117 I zygote  :   at void androidx.appcompat.app.AppCompatDelegateImpl.setContentView(int) (AppCompatDelegateImpl.java:552)
06-28 20:41:44.574  7117  7117 I zygote  :   at void androidx.appcompat.app.AppCompatActivity.setContentView(int) (AppCompatActivity.java:161)
06-28 20:41:44.574  7117  7117 I zygote  :   at void com.example.edgesum.page.main.MainActivity.onCreate(android.os.Bundle) (MainActivity.java:95)
06-28 20:41:44.574  7117  7117 I zygote  :   at void android.app.Activity.performCreate(android.os.Bundle, android.os.PersistableBundle) (Activity.java:7009)
06-28 20:41:44.574  7117  7117 I zygote  :   at void android.app.Activity.performCreate(android.os.Bundle) (Activity.java:7000)
06-28 20:41:44.574  7117  7117 I zygote  :   at void android.app.Instrumentation.callActivityOnCreate(android.app.Activity, android.os.Bundle) (Instrumentation.java:1214)
06-28 20:41:44.574  7117  7117 I zygote  :   at android.app.Activity android.app.ActivityThread.performLaunchActivity(android.app.ActivityThread$ActivityClientRecord, android.content.Intent) (ActivityThread.java:2731)
06-28 20:41:44.574  7117  7117 I zygote  :   at void android.app.ActivityThread.handleLaunchActivity(android.app.ActivityThread$ActivityClientRecord, android.content.Intent, java.lang.String) (ActivityThread.java:2856)
06-28 20:41:44.574  7117  7117 I zygote  :   at void android.app.ActivityThread.-wrap11(android.app.ActivityThread, android.app.ActivityThread$ActivityClientRecord, android.content.Intent, java.lang.String) (ActivityThread.java:-1)
06-28 20:41:44.574  7117  7117 I zygote  :   at void android.app.ActivityThread$H.handleMessage(android.os.Message) (ActivityThread.java:1589)
06-28 20:41:44.574  7117  7117 I zygote  :   at void android.os.Handler.dispatchMessage(android.os.Message) (Handler.java:106)
06-28 20:41:44.574  7117  7117 I zygote  :   at void android.os.Looper.loop() (Looper.java:164)
06-28 20:41:44.574  7117  7117 I zygote  :   at void android.app.ActivityThread.main(java.lang.String[]) (ActivityThread.java:6494)
06-28 20:41:44.574  7117  7117 I zygote  :   at java.lang.Object java.lang.reflect.Method.invoke(java.lang.Object, java.lang.Object[]) (Method.java:-2)
06-28 20:41:44.574  7117  7117 I zygote  :   at void com.android.internal.os.RuntimeInit$MethodAndArgsCaller.run() (RuntimeInit.java:438)
06-28 20:41:44.574  7117  7117 I zygote  :   at void com.android.internal.os.ZygoteInit.main(java.lang.String[]) (ZygoteInit.java:807)
06-28 20:41:44.574  7117  7117 I zygote  : 
06-28 20:41:44.808  7117  7117 V Repo    : /storage/emulated/0/Movies/raw
06-28 20:41:44.809  7117  7117 V Repo    : /storage/emulated/0/Movies/summarised
06-28 20:41:44.823  7117  7117 V FileManager: External storage is readable
06-28 20:41:44.824  7117  7117 V FileManager: Directory already exists: /storage/emulated/0/Movies/raw
06-28 20:41:44.827  7117  7117 V FileManager: External storage is readable
06-28 20:41:44.828  7117  7117 V FileManager: Directory already exists: /storage/emulated/0/Movies/summarised
06-28 20:41:44.832  7117  7117 V FileManager: External storage is readable
06-28 20:41:44.832  7117  7117 V FileManager: Directory already exists: /storage/emulated/0/Download/nearby
06-28 20:41:44.835  7117  7117 V FileManager: External storage is readable
06-28 20:41:44.836  7117  7117 V FileManager: Directory already exists: /storage/emulated/0/Movies/segment
06-28 20:41:44.838  7117  7117 V FileManager: External storage is readable
06-28 20:41:44.839  7117  7117 V FileManager: Directory already exists: /storage/emulated/0/Movies/segment-sum
06-28 20:41:45.055  7117  7117 V VideoManager: getAllVideoFromExternalStorageFolder
06-28 20:41:45.058  7117  7117 D VideoManager: /storage/emulated/0/Movies/summarised
06-28 20:41:45.075  7117  7117 D VideoManager: 0 videos return
06-28 20:41:45.125  7117  7117 V VideoManager: getAllVideoFromExternalStorageFolder
06-28 20:41:45.129  7117  7117 D VideoManager: /storage/emulated/0/Movies/raw
06-28 20:41:45.137  7117  7117 D VideoManager: 0 videos return
06-28 20:41:45.155  7117  7122 I zygote  : Do partial code cache collection, code=10KB, data=19KB
06-28 20:41:45.156  7117  7122 I zygote  : After code cache collection, code=10KB, data=19KB
06-28 20:41:45.156  7117  7122 I zygote  : Increasing code cache capacity to 128KB
06-28 20:41:45.157  7117  7122 I zygote  : Do partial code cache collection, code=10KB, data=37KB
06-28 20:41:45.157  7117  7122 I zygote  : After code cache collection, code=10KB, data=37KB
06-28 20:41:45.157  7117  7122 I zygote  : Increasing code cache capacity to 256KB
06-28 20:41:45.158  7117  7122 I zygote  : Compiler allocated 4MB to compile void android.widget.TextView.<init>(android.content.Context, android.util.AttributeSet, int, int)
06-28 20:41:45.206  7117  7136 D OpenGLRenderer: HWUI GL Pipeline
06-28 20:41:45.224  7117  7117 I TransferService: Starting Transfer Service to listen for network connectivity changes.
06-28 20:41:45.225  7117  7117 I TransferService: Registering the network receiver
06-28 20:41:45.233  7117  7117 E TransferService: No notification is passed in the intent. Unable to transition to foreground.
06-28 20:41:45.270  7117  7129 D MainActivity: Scanned /storage/emulated/0/Movies/summarised
06-28 20:41:45.270  7117  7129 D MainActivity:   -> uri=content://media/external/file/807
06-28 20:41:45.339  7117  7130 D MainActivity: Scanned /storage/emulated/0/Movies/raw
06-28 20:41:45.339  7117  7130 D MainActivity:   -> uri=content://media/external/file/806
06-28 20:41:45.375  7117  7117 W StaticLayout: maxLineHeight should not be -1.  maxLines:1 lineCount:1
06-28 20:41:45.400  7117  7117 I chatty  : uid=10086(com.example.edgesum) identical 2 lines
06-28 20:41:45.409  7117  7117 W StaticLayout: maxLineHeight should not be -1.  maxLines:1 lineCount:1
06-28 20:41:45.442  7117  7136 I Adreno-EGL: <qeglDrvAPI_eglInitialize:379>: QUALCOMM Build: 06/17/16, f19e6a9, I9e7a63e7c4
06-28 20:41:45.447  7117  7136 I zygote  : android::hardware::configstore::V1_0::ISurfaceFlingerConfigs::hasWideColorDisplay retrieved: 0
06-28 20:41:45.447  7117  7136 I OpenGLRenderer: Initialized EGL, version 1.4
06-28 20:41:45.447  7117  7136 D OpenGLRenderer: Swap behavior 1
06-28 20:41:45.454  7117  7136 W Adreno-EGL: <qeglDrvAPI_eglGetConfigAttrib:607>: EGL_BAD_ATTRIBUTE
06-28 20:41:45.457  7117  7136 W Adreno-EGL: <qeglDrvAPI_eglGetConfigAttrib:607>: EGL_BAD_ATTRIBUTE
06-28 20:41:45.460  7117  7136 D vndksupport: Loading /vendor/lib/hw/gralloc.msm8974.so from current namespace instead of sphal namespace.
06-28 20:41:45.472  7117  7117 W StaticLayout: maxLineHeight should not be -1.  maxLines:1 lineCount:1
06-28 20:41:45.483  7117  7117 W StaticLayout: maxLineHeight should not be -1.  maxLines:1 lineCount:1
06-28 20:41:45.497  7117  7117 I TransferNetworkLossHand: Network connectivity changed detected.
06-28 20:41:45.498  7117  7117 I TransferNetworkLossHand: Network connected: false
06-28 20:41:45.541  7117  7136 D vndksupport: Loading /vendor/lib/hw/android.hardware.graphics.mapper@2.0-impl.so from current namespace instead of sphal namespace.
06-28 20:41:45.542  7117  7136 D vndksupport: Loading /vendor/lib/hw/gralloc.msm8974.so from current namespace instead of sphal namespace.
06-28 20:41:52.143  7117  7117 V MainActivity: Connect button clicked
06-28 20:41:56.745  7117  7117 V ConnectionFragment: Discovery switch checked
06-28 20:41:56.874  7117  7117 D NearbyFragment: Started discovering
06-28 20:41:58.894  7117  7117 D NearbyFragment: Found endpoint 91YL: Nexus 5X [34d8]
06-28 20:42:21.042  7117  7122 I zygote  : Do full code cache collection, code=126KB, data=89KB
06-28 20:42:21.043  7117  7122 I zygote  : After code cache collection, code=126KB, data=66KB
06-28 20:42:21.081  7117  7117 D NearbyFragment: Selected 'Endpoint{id=91YL, name=Nexus 5X [34d8]}'
06-28 20:42:21.114  7117  7136 W Adreno-EGL: <qeglDrvAPI_eglGetConfigAttrib:607>: EGL_BAD_ATTRIBUTE
06-28 20:42:21.117  7117  7136 D vndksupport: Loading /vendor/lib/hw/gralloc.msm8974.so from current namespace instead of sphal namespace.
06-28 20:42:25.949  7117  7117 D NearbyFragment: Initiated connection with Endpoint{id=91YL, name=Nexus 5X [34d8]}: Nexus 5X [34d8]
06-28 20:42:26.017  7117  7122 I zygote  : Do partial code cache collection, code=126KB, data=72KB
06-28 20:42:26.019  7117  7122 I zygote  : After code cache collection, code=126KB, data=72KB
06-28 20:42:26.019  7117  7122 I zygote  : Increasing code cache capacity to 512KB
06-28 20:42:26.071  7117  7117 D NearbyFragment: Requested connection with Endpoint{id=91YL, name=Nexus 5X [34d8]}
06-28 20:42:26.146  7117  7136 W Adreno-EGL: <qeglDrvAPI_eglGetConfigAttrib:607>: EGL_BAD_ATTRIBUTE
06-28 20:42:26.156  7117  7136 D vndksupport: Loading /vendor/lib/hw/gralloc.msm8974.so from current namespace instead of sphal namespace.
06-28 20:42:28.851  7117  7117 I NearbyFragment: Connected to Endpoint{id=91YL, name=Nexus 5X [34d8]}
06-28 20:42:30.802  7117  7117 V ConnectionFragment: Discovery switch unchecked
06-28 20:42:30.802  7117  7117 D NearbyFragment: Stopped discovering
06-28 20:42:33.327  7117  7117 I TransferNetworkLossHand: Network connectivity changed detected.
06-28 20:42:33.329  7117  7117 I TransferNetworkLossHand: Network connected: true
06-28 20:44:12.035  7117  7117 D NearbyFragment: onPayloadReceived(endpointId=91YL, payload=com.google.android.gms.nearby.connection.Payload@8e4e166)
06-28 20:44:12.037  7117  7117 V NearbyFragment: Started downloading SUMMARISE:-7452201492436180664:20200312_150844.mp4:45.0_1.0_23_medium from Endpoint{id=91YL, name=Nexus 5X [34d8]}
06-28 20:44:12.051  7117  7117 V NearbyFragment: Transfer to 91YL: 100%
06-28 20:44:12.058  7117  7117 V NearbyFragment: Transfer to 91YL: 100%
06-28 20:44:12.068  7117  7117 D NearbyFragment: onPayloadReceived(endpointId=91YL, payload=com.google.android.gms.nearby.connection.Payload@52c6cfd)
06-28 20:44:12.071  7117  7117 V NearbyFragment: Transfer to 91YL: 0%
06-28 20:44:12.082  7117  7117 V NearbyFragment: Transfer to 91YL: 0%
06-28 20:44:12.102  7117  7117 V NearbyFragment: Transfer to 91YL: 0%
06-28 20:44:12.119  7117  7117 V NearbyFragment: Transfer to 91YL: 0%
06-28 20:44:12.167  7117  7117 V NearbyFragment: Transfer to 91YL: 0%
06-28 20:44:12.184  7117  7117 V NearbyFragment: Transfer to 91YL: 0%
06-28 20:44:12.208  7117  7117 V NearbyFragment: Transfer to 91YL: 0%
06-28 20:44:12.243  7117  7117 V NearbyFragment: Transfer to 91YL: 0%
06-28 20:44:12.271  7117  7117 V NearbyFragment: Transfer to 91YL: 0%
06-28 20:44:12.311  7117  7117 V NearbyFragment: Transfer to 91YL: 0%
06-28 20:44:12.332  7117  7117 V NearbyFragment: Transfer to 91YL: 1%
06-28 20:44:12.355  7117  7117 V NearbyFragment: Transfer to 91YL: 1%
06-28 20:44:12.379  7117  7117 V NearbyFragment: Transfer to 91YL: 1%
06-28 20:44:12.394  7117  7117 V NearbyFragment: Transfer to 91YL: 1%
06-28 20:44:12.419  7117  7117 V NearbyFragment: Transfer to 91YL: 1%
06-28 20:44:12.436  7117  7117 V NearbyFragment: Transfer to 91YL: 1%
06-28 20:44:12.452  7117  7117 V NearbyFragment: Transfer to 91YL: 1%
06-28 20:44:12.467  7117  7117 V NearbyFragment: Transfer to 91YL: 1%
06-28 20:44:12.485  7117  7117 V NearbyFragment: Transfer to 91YL: 1%
06-28 20:44:12.502  7117  7117 V NearbyFragment: Transfer to 91YL: 1%
06-28 20:44:12.521  7117  7117 V NearbyFragment: Transfer to 91YL: 1%
06-28 20:44:12.537  7117  7117 V NearbyFragment: Transfer to 91YL: 2%
06-28 20:44:12.556  7117  7117 V NearbyFragment: Transfer to 91YL: 2%
06-28 20:44:12.571  7117  7117 V NearbyFragment: Transfer to 91YL: 2%
06-28 20:44:12.589  7117  7117 V NearbyFragment: Transfer to 91YL: 2%
06-28 20:44:12.605  7117  7117 V NearbyFragment: Transfer to 91YL: 2%
06-28 20:44:12.619  7117  7117 V NearbyFragment: Transfer to 91YL: 2%
06-28 20:44:12.633  7117  7117 V NearbyFragment: Transfer to 91YL: 2%
06-28 20:44:12.650  7117  7117 V NearbyFragment: Transfer to 91YL: 2%
06-28 20:44:12.664  7117  7117 V NearbyFragment: Transfer to 91YL: 2%
06-28 20:44:12.692  7117  7117 V NearbyFragment: Transfer to 91YL: 2%
06-28 20:44:12.708  7117  7117 V NearbyFragment: Transfer to 91YL: 2%
06-28 20:44:12.721  7117  7117 V NearbyFragment: Transfer to 91YL: 3%
06-28 20:44:12.733  7117  7117 V NearbyFragment: Transfer to 91YL: 3%
06-28 20:44:12.756  7117  7117 V NearbyFragment: Transfer to 91YL: 3%
06-28 20:44:12.798  7117  7117 V NearbyFragment: Transfer to 91YL: 3%
06-28 20:44:12.819  7117  7117 V NearbyFragment: Transfer to 91YL: 3%
06-28 20:44:12.833  7117  7117 V NearbyFragment: Transfer to 91YL: 3%
06-28 20:44:12.846  7117  7117 V NearbyFragment: Transfer to 91YL: 3%
06-28 20:44:12.858  7117  7117 V NearbyFragment: Transfer to 91YL: 3%
06-28 20:44:12.872  7117  7117 V NearbyFragment: Transfer to 91YL: 3%
06-28 20:44:12.886  7117  7117 V NearbyFragment: Transfer to 91YL: 3%
06-28 20:44:12.902  7117  7117 V NearbyFragment: Transfer to 91YL: 4%
06-28 20:44:12.927  7117  7117 V NearbyFragment: Transfer to 91YL: 4%
06-28 20:44:12.945  7117  7117 V NearbyFragment: Transfer to 91YL: 4%
06-28 20:44:12.971  7117  7117 V NearbyFragment: Transfer to 91YL: 4%
06-28 20:44:12.984  7117  7117 V NearbyFragment: Transfer to 91YL: 4%
06-28 20:44:12.995  7117  7117 V NearbyFragment: Transfer to 91YL: 4%
06-28 20:44:13.010  7117  7117 V NearbyFragment: Transfer to 91YL: 4%
06-28 20:44:13.077  7117  7117 V NearbyFragment: Transfer to 91YL: 4%
06-28 20:44:13.113  7117  7117 V NearbyFragment: Transfer to 91YL: 4%
06-28 20:44:13.133  7117  7117 V NearbyFragment: Transfer to 91YL: 4%
06-28 20:44:13.150  7117  7117 V NearbyFragment: Transfer to 91YL: 4%
06-28 20:44:13.175  7117  7117 V NearbyFragment: Transfer to 91YL: 5%
06-28 20:44:13.195  7117  7117 V NearbyFragment: Transfer to 91YL: 5%
06-28 20:44:13.209  7117  7117 V NearbyFragment: Transfer to 91YL: 5%
06-28 20:44:13.230  7117  7117 V NearbyFragment: Transfer to 91YL: 5%
06-28 20:44:13.259  7117  7117 V NearbyFragment: Transfer to 91YL: 5%
06-28 20:44:13.280  7117  7117 V NearbyFragment: Transfer to 91YL: 5%
06-28 20:44:13.297  7117  7117 V NearbyFragment: Transfer to 91YL: 5%
06-28 20:44:13.319  7117  7117 V NearbyFragment: Transfer to 91YL: 5%
06-28 20:44:13.345  7117  7117 V NearbyFragment: Transfer to 91YL: 5%
06-28 20:44:13.361  7117  7117 V NearbyFragment: Transfer to 91YL: 5%
06-28 20:44:13.377  7117  7117 V NearbyFragment: Transfer to 91YL: 5%
06-28 20:44:13.387  7117  7117 V NearbyFragment: Transfer to 91YL: 6%
06-28 20:44:13.404  7117  7117 V NearbyFragment: Transfer to 91YL: 6%
06-28 20:44:13.439  7117  7117 V NearbyFragment: Transfer to 91YL: 6%
06-28 20:44:13.461  7117  7117 V NearbyFragment: Transfer to 91YL: 6%
06-28 20:44:13.482  7117  7117 V NearbyFragment: Transfer to 91YL: 6%
06-28 20:44:13.501  7117  7117 V NearbyFragment: Transfer to 91YL: 6%
06-28 20:44:13.532  7117  7117 V NearbyFragment: Transfer to 91YL: 6%
06-28 20:44:13.550  7117  7117 V NearbyFragment: Transfer to 91YL: 6%
06-28 20:44:13.572  7117  7117 V NearbyFragment: Transfer to 91YL: 6%
06-28 20:44:13.592  7117  7117 V NearbyFragment: Transfer to 91YL: 6%
06-28 20:44:13.609  7117  7117 V NearbyFragment: Transfer to 91YL: 7%
06-28 20:44:13.636  7117  7117 V NearbyFragment: Transfer to 91YL: 7%
06-28 20:44:13.665  7117  7117 V NearbyFragment: Transfer to 91YL: 7%
06-28 20:44:13.678  7117  7117 V NearbyFragment: Transfer to 91YL: 7%
06-28 20:44:13.698  7117  7117 V NearbyFragment: Transfer to 91YL: 7%
06-28 20:44:13.729  7117  7117 V NearbyFragment: Transfer to 91YL: 7%
06-28 20:44:13.755  7117  7117 V NearbyFragment: Transfer to 91YL: 7%
06-28 20:44:13.785  7117  7117 V NearbyFragment: Transfer to 91YL: 7%
06-28 20:44:13.799  7117  7117 V NearbyFragment: Transfer to 91YL: 7%
06-28 20:44:13.815  7117  7117 V NearbyFragment: Transfer to 91YL: 7%
06-28 20:44:13.859  7117  7117 V NearbyFragment: Transfer to 91YL: 7%
06-28 20:44:13.873  7117  7117 V NearbyFragment: Transfer to 91YL: 8%
06-28 20:44:13.905  7117  7117 V NearbyFragment: Transfer to 91YL: 8%
06-28 20:44:13.925  7117  7117 V NearbyFragment: Transfer to 91YL: 8%
06-28 20:44:13.948  7117  7117 V NearbyFragment: Transfer to 91YL: 8%
06-28 20:44:14.042  7117  7117 V NearbyFragment: Transfer to 91YL: 8%
06-28 20:44:14.145  7117  7117 V NearbyFragment: Transfer to 91YL: 8%
06-28 20:44:14.172  7117  7117 V NearbyFragment: Transfer to 91YL: 8%
06-28 20:44:14.257  7117  7117 V NearbyFragment: Transfer to 91YL: 8%
06-28 20:44:14.290  7117  7117 V NearbyFragment: Transfer to 91YL: 8%
06-28 20:44:14.392  7117  7117 V NearbyFragment: Transfer to 91YL: 8%
06-28 20:44:14.519  7117  7117 V NearbyFragment: Transfer to 91YL: 8%
06-28 20:44:14.541  7117  7117 V NearbyFragment: Transfer to 91YL: 9%
06-28 20:44:14.563  7117  7117 V NearbyFragment: Transfer to 91YL: 9%
06-28 20:44:14.612  7117  7117 V NearbyFragment: Transfer to 91YL: 9%
06-28 20:44:14.652  7117  7117 V NearbyFragment: Transfer to 91YL: 9%
06-28 20:44:14.679  7117  7117 V NearbyFragment: Transfer to 91YL: 9%
06-28 20:44:14.713  7117  7117 V NearbyFragment: Transfer to 91YL: 9%
06-28 20:44:14.727  7117  7117 V NearbyFragment: Transfer to 91YL: 9%
06-28 20:44:14.743  7117  7117 V NearbyFragment: Transfer to 91YL: 9%
06-28 20:44:14.765  7117  7117 V NearbyFragment: Transfer to 91YL: 9%
06-28 20:44:14.783  7117  7117 V NearbyFragment: Transfer to 91YL: 9%
06-28 20:44:14.801  7117  7117 V NearbyFragment: Transfer to 91YL: 10%
06-28 20:44:14.827  7117  7117 V NearbyFragment: Transfer to 91YL: 10%
06-28 20:44:14.857  7117  7117 V NearbyFragment: Transfer to 91YL: 10%
06-28 20:44:14.876  7117  7117 V NearbyFragment: Transfer to 91YL: 10%
06-28 20:44:14.902  7117  7117 V NearbyFragment: Transfer to 91YL: 10%
06-28 20:44:14.915  7117  7117 V NearbyFragment: Transfer to 91YL: 10%
06-28 20:44:14.926  7117  7117 V NearbyFragment: Transfer to 91YL: 10%
06-28 20:44:14.943  7117  7117 V NearbyFragment: Transfer to 91YL: 10%
06-28 20:44:14.971  7117  7117 V NearbyFragment: Transfer to 91YL: 10%
06-28 20:44:14.985  7117  7117 V NearbyFragment: Transfer to 91YL: 10%
06-28 20:44:15.008  7117  7117 V NearbyFragment: Transfer to 91YL: 10%
06-28 20:44:15.029  7117  7117 V NearbyFragment: Transfer to 91YL: 11%
06-28 20:44:15.043  7117  7117 V NearbyFragment: Transfer to 91YL: 11%
06-28 20:44:15.055  7117  7117 V NearbyFragment: Transfer to 91YL: 11%
06-28 20:44:15.085  7117  7117 V NearbyFragment: Transfer to 91YL: 11%
06-28 20:44:15.104  7117  7117 V NearbyFragment: Transfer to 91YL: 11%
06-28 20:44:15.116  7117  7117 V NearbyFragment: Transfer to 91YL: 11%
06-28 20:44:15.134  7117  7117 V NearbyFragment: Transfer to 91YL: 11%
06-28 20:44:15.174  7117  7117 V NearbyFragment: Transfer to 91YL: 11%
06-28 20:44:15.205  7117  7117 V NearbyFragment: Transfer to 91YL: 11%
06-28 20:44:15.219  7117  7117 V NearbyFragment: Transfer to 91YL: 11%
06-28 20:44:15.241  7117  7117 V NearbyFragment: Transfer to 91YL: 11%
06-28 20:44:15.253  7117  7117 V NearbyFragment: Transfer to 91YL: 12%
06-28 20:44:15.285  7117  7117 V NearbyFragment: Transfer to 91YL: 12%
06-28 20:44:15.299  7117  7117 V NearbyFragment: Transfer to 91YL: 12%
06-28 20:44:15.330  7117  7117 V NearbyFragment: Transfer to 91YL: 12%
06-28 20:44:15.358  7117  7117 V NearbyFragment: Transfer to 91YL: 12%
06-28 20:44:15.396  7117  7117 V NearbyFragment: Transfer to 91YL: 12%
06-28 20:44:15.414  7117  7117 V NearbyFragment: Transfer to 91YL: 12%
06-28 20:44:15.459  7117  7117 V NearbyFragment: Transfer to 91YL: 12%
06-28 20:44:15.472  7117  7117 V NearbyFragment: Transfer to 91YL: 12%
06-28 20:44:15.497  7117  7117 V NearbyFragment: Transfer to 91YL: 12%
06-28 20:44:15.507  7117  7117 V NearbyFragment: Transfer to 91YL: 13%
06-28 20:44:15.556  7117  7117 V NearbyFragment: Transfer to 91YL: 13%
06-28 20:44:15.571  7117  7117 V NearbyFragment: Transfer to 91YL: 13%
06-28 20:44:15.616  7117  7117 V NearbyFragment: Transfer to 91YL: 13%
06-28 20:44:15.638  7117  7117 V NearbyFragment: Transfer to 91YL: 13%
06-28 20:44:15.648  7117  7117 V NearbyFragment: Transfer to 91YL: 13%
06-28 20:44:15.669  7117  7117 V NearbyFragment: Transfer to 91YL: 13%
06-28 20:44:15.673  7117  7117 V NearbyFragment: Transfer to 91YL: 13%
06-28 20:44:15.678  7117  7117 V NearbyFragment: Transfer to 91YL: 13%
06-28 20:44:15.693  7117  7117 V NearbyFragment: Transfer to 91YL: 13%
06-28 20:44:15.705  7117  7117 V NearbyFragment: Transfer to 91YL: 13%
06-28 20:44:15.715  7117  7117 V NearbyFragment: Transfer to 91YL: 14%
06-28 20:44:15.729  7117  7117 V NearbyFragment: Transfer to 91YL: 14%
06-28 20:44:15.743  7117  7117 V NearbyFragment: Transfer to 91YL: 14%
06-28 20:44:15.756  7117  7117 V NearbyFragment: Transfer to 91YL: 14%
06-28 20:44:15.766  7117  7117 V NearbyFragment: Transfer to 91YL: 14%
06-28 20:44:15.779  7117  7117 V NearbyFragment: Transfer to 91YL: 14%
06-28 20:44:15.792  7117  7117 V NearbyFragment: Transfer to 91YL: 14%
06-28 20:44:15.803  7117  7117 V NearbyFragment: Transfer to 91YL: 14%
06-28 20:44:15.838  7117  7117 V NearbyFragment: Transfer to 91YL: 14%
06-28 20:44:15.846  7117  7117 V NearbyFragment: Transfer to 91YL: 14%
06-28 20:44:15.861  7117  7117 V NearbyFragment: Transfer to 91YL: 14%
06-28 20:44:15.873  7117  7117 V NearbyFragment: Transfer to 91YL: 15%
06-28 20:44:15.882  7117  7117 V NearbyFragment: Transfer to 91YL: 15%
06-28 20:44:15.903  7117  7117 V NearbyFragment: Transfer to 91YL: 15%
06-28 20:44:15.915  7117  7117 V NearbyFragment: Transfer to 91YL: 15%
06-28 20:44:15.932  7117  7117 V NearbyFragment: Transfer to 91YL: 15%
06-28 20:44:15.950  7117  7117 V NearbyFragment: Transfer to 91YL: 15%
06-28 20:44:15.959  7117  7117 V NearbyFragment: Transfer to 91YL: 15%
06-28 20:44:15.977  7117  7117 V NearbyFragment: Transfer to 91YL: 15%
06-28 20:44:15.994  7117  7117 V NearbyFragment: Transfer to 91YL: 15%
06-28 20:44:16.012  7117  7117 V NearbyFragment: Transfer to 91YL: 15%
06-28 20:44:16.026  7117  7117 V NearbyFragment: Transfer to 91YL: 16%
06-28 20:44:16.040  7117  7117 V NearbyFragment: Transfer to 91YL: 16%
06-28 20:44:16.051  7117  7117 V NearbyFragment: Transfer to 91YL: 16%
06-28 20:44:16.065  7117  7117 V NearbyFragment: Transfer to 91YL: 16%
06-28 20:44:16.082  7117  7117 V NearbyFragment: Transfer to 91YL: 16%
06-28 20:44:16.093  7117  7117 V NearbyFragment: Transfer to 91YL: 16%
06-28 20:44:16.124  7117  7117 V NearbyFragment: Transfer to 91YL: 16%
06-28 20:44:16.142  7117  7117 V NearbyFragment: Transfer to 91YL: 16%
06-28 20:44:16.163  7117  7117 V NearbyFragment: Transfer to 91YL: 16%
06-28 20:44:16.173  7117  7117 V NearbyFragment: Transfer to 91YL: 16%
06-28 20:44:16.191  7117  7117 V NearbyFragment: Transfer to 91YL: 16%
06-28 20:44:16.206  7117  7117 V NearbyFragment: Transfer to 91YL: 17%
06-28 20:44:16.218  7117  7117 V NearbyFragment: Transfer to 91YL: 17%
06-28 20:44:16.228  7117  7117 V NearbyFragment: Transfer to 91YL: 17%
06-28 20:44:16.245  7117  7117 V NearbyFragment: Transfer to 91YL: 17%
06-28 20:44:16.254  7117  7117 V NearbyFragment: Transfer to 91YL: 17%
06-28 20:44:16.265  7117  7117 V NearbyFragment: Transfer to 91YL: 17%
06-28 20:44:16.275  7117  7117 V NearbyFragment: Transfer to 91YL: 17%
06-28 20:44:16.291  7117  7117 V NearbyFragment: Transfer to 91YL: 17%
06-28 20:44:16.322  7117  7117 V NearbyFragment: Transfer to 91YL: 17%
06-28 20:44:16.345  7117  7117 V NearbyFragment: Transfer to 91YL: 17%
06-28 20:44:16.354  7117  7117 V NearbyFragment: Transfer to 91YL: 17%
06-28 20:44:16.374  7117  7117 V NearbyFragment: Transfer to 91YL: 18%
06-28 20:44:16.386  7117  7117 V NearbyFragment: Transfer to 91YL: 18%
06-28 20:44:16.412  7117  7117 V NearbyFragment: Transfer to 91YL: 18%
06-28 20:44:16.422  7117  7117 V NearbyFragment: Transfer to 91YL: 18%
06-28 20:44:16.435  7117  7117 V NearbyFragment: Transfer to 91YL: 18%
06-28 20:44:16.465  7117  7117 V NearbyFragment: Transfer to 91YL: 18%
06-28 20:44:16.477  7117  7117 V NearbyFragment: Transfer to 91YL: 18%
06-28 20:44:16.486  7117  7117 V NearbyFragment: Transfer to 91YL: 18%
06-28 20:44:16.503  7117  7117 V NearbyFragment: Transfer to 91YL: 18%
06-28 20:44:16.521  7117  7117 V NearbyFragment: Transfer to 91YL: 18%
06-28 20:44:16.538  7117  7117 V NearbyFragment: Transfer to 91YL: 19%
06-28 20:44:16.549  7117  7117 V NearbyFragment: Transfer to 91YL: 19%
06-28 20:44:16.561  7117  7117 V NearbyFragment: Transfer to 91YL: 19%
06-28 20:44:16.575  7117  7117 V NearbyFragment: Transfer to 91YL: 19%
06-28 20:44:16.591  7117  7117 V NearbyFragment: Transfer to 91YL: 19%
06-28 20:44:16.609  7117  7117 V NearbyFragment: Transfer to 91YL: 19%
06-28 20:44:16.622  7117  7117 V NearbyFragment: Transfer to 91YL: 19%
06-28 20:44:16.641  7117  7117 V NearbyFragment: Transfer to 91YL: 19%
06-28 20:44:16.651  7117  7117 V NearbyFragment: Transfer to 91YL: 19%
06-28 20:44:16.687  7117  7117 V NearbyFragment: Transfer to 91YL: 19%
06-28 20:44:16.702  7117  7117 V NearbyFragment: Transfer to 91YL: 19%
06-28 20:44:16.726  7117  7117 V NearbyFragment: Transfer to 91YL: 20%
06-28 20:44:16.734  7117  7117 V NearbyFragment: Transfer to 91YL: 20%
06-28 20:44:16.772  7117  7117 V NearbyFragment: Transfer to 91YL: 20%
06-28 20:44:16.782  7117  7117 V NearbyFragment: Transfer to 91YL: 20%
06-28 20:44:16.794  7117  7117 V NearbyFragment: Transfer to 91YL: 20%
06-28 20:44:16.802  7117  7117 V NearbyFragment: Transfer to 91YL: 20%
06-28 20:44:16.881  7117  7117 V NearbyFragment: Transfer to 91YL: 20%
06-28 20:44:16.964  7117  7117 V NearbyFragment: Transfer to 91YL: 20%
06-28 20:44:16.991  7117  7117 V NearbyFragment: Transfer to 91YL: 20%
06-28 20:44:16.998  7117  7117 V NearbyFragment: Transfer to 91YL: 20%
06-28 20:44:17.004  7117  7117 V NearbyFragment: Transfer to 91YL: 20%
06-28 20:44:17.066  7117  7117 V NearbyFragment: Transfer to 91YL: 21%
06-28 20:44:17.260  7117  7117 V NearbyFragment: Transfer to 91YL: 21%
06-28 20:44:17.265  7117  7117 V NearbyFragment: Transfer to 91YL: 21%
06-28 20:44:17.276  7117  7117 V NearbyFragment: Transfer to 91YL: 21%
06-28 20:44:17.288  7117  7117 V NearbyFragment: Transfer to 91YL: 21%
06-28 20:44:17.297  7117  7117 V NearbyFragment: Transfer to 91YL: 21%
06-28 20:44:17.300  7117  7117 V NearbyFragment: Transfer to 91YL: 21%
06-28 20:44:17.309  7117  7117 V NearbyFragment: Transfer to 91YL: 21%
06-28 20:44:17.322  7117  7117 V NearbyFragment: Transfer to 91YL: 21%
06-28 20:44:17.329  7117  7117 V NearbyFragment: Transfer to 91YL: 21%
06-28 20:44:17.338  7117  7117 V NearbyFragment: Transfer to 91YL: 22%
06-28 20:44:17.341  7117  7117 V NearbyFragment: Transfer to 91YL: 22%
06-28 20:44:17.351  7117  7117 V NearbyFragment: Transfer to 91YL: 22%
06-28 20:44:17.358  7117  7117 V NearbyFragment: Transfer to 91YL: 22%
06-28 20:44:17.378  7117  7117 V NearbyFragment: Transfer to 91YL: 22%
06-28 20:44:17.387  7117  7117 V NearbyFragment: Transfer to 91YL: 22%
06-28 20:44:17.413  7117  7117 V NearbyFragment: Transfer to 91YL: 22%
06-28 20:44:17.420  7117  7117 V NearbyFragment: Transfer to 91YL: 22%
06-28 20:44:17.443  7117  7117 V NearbyFragment: Transfer to 91YL: 22%
06-28 20:44:17.461  7117  7117 V NearbyFragment: Transfer to 91YL: 22%
06-28 20:44:17.468  7117  7117 V NearbyFragment: Transfer to 91YL: 22%
06-28 20:44:17.489  7117  7117 V NearbyFragment: Transfer to 91YL: 23%
06-28 20:44:17.499  7117  7117 V NearbyFragment: Transfer to 91YL: 23%
06-28 20:44:17.523  7117  7117 V NearbyFragment: Transfer to 91YL: 23%
06-28 20:44:17.533  7117  7117 V NearbyFragment: Transfer to 91YL: 23%
06-28 20:44:17.544  7117  7117 V NearbyFragment: Transfer to 91YL: 23%
06-28 20:44:17.556  7117  7117 V NearbyFragment: Transfer to 91YL: 23%
06-28 20:44:17.574  7117  7117 V NearbyFragment: Transfer to 91YL: 23%
06-28 20:44:17.586  7117  7117 V NearbyFragment: Transfer to 91YL: 23%
06-28 20:44:17.603  7117  7117 V NearbyFragment: Transfer to 91YL: 23%
06-28 20:44:17.628  7117  7117 V NearbyFragment: Transfer to 91YL: 23%
06-28 20:44:17.641  7117  7117 V NearbyFragment: Transfer to 91YL: 23%
06-28 20:44:17.652  7117  7117 V NearbyFragment: Transfer to 91YL: 24%
06-28 20:44:17.677  7117  7117 V NearbyFragment: Transfer to 91YL: 24%
06-28 20:44:17.701  7117  7117 V NearbyFragment: Transfer to 91YL: 24%
06-28 20:44:17.713  7117  7117 V NearbyFragment: Transfer to 91YL: 24%
06-28 20:44:17.733  7117  7117 V NearbyFragment: Transfer to 91YL: 24%
06-28 20:44:17.767  7117  7117 V NearbyFragment: Transfer to 91YL: 24%
06-28 20:44:17.778  7117  7117 V NearbyFragment: Transfer to 91YL: 24%
06-28 20:44:17.805  7117  7117 V NearbyFragment: Transfer to 91YL: 24%
06-28 20:44:17.815  7117  7117 V NearbyFragment: Transfer to 91YL: 24%
06-28 20:44:17.824  7117  7117 V NearbyFragment: Transfer to 91YL: 24%
06-28 20:44:17.844  7117  7117 V NearbyFragment: Transfer to 91YL: 25%
06-28 20:44:17.862  7117  7117 V NearbyFragment: Transfer to 91YL: 25%
06-28 20:44:17.881  7117  7117 V NearbyFragment: Transfer to 91YL: 25%
06-28 20:44:17.891  7117  7117 V NearbyFragment: Transfer to 91YL: 25%
06-28 20:44:17.901  7117  7117 V NearbyFragment: Transfer to 91YL: 25%
06-28 20:44:17.910  7117  7117 V NearbyFragment: Transfer to 91YL: 25%
06-28 20:44:17.919  7117  7117 V NearbyFragment: Transfer to 91YL: 25%
06-28 20:44:17.945  7117  7117 V NearbyFragment: Transfer to 91YL: 25%
06-28 20:44:17.960  7117  7117 V NearbyFragment: Transfer to 91YL: 25%
06-28 20:44:17.971  7117  7117 V NearbyFragment: Transfer to 91YL: 25%
06-28 20:44:17.991  7117  7117 V NearbyFragment: Transfer to 91YL: 25%
06-28 20:44:18.008  7117  7117 V NearbyFragment: Transfer to 91YL: 26%
06-28 20:44:18.016  7117  7117 V NearbyFragment: Transfer to 91YL: 26%
06-28 20:44:18.027  7117  7117 V NearbyFragment: Transfer to 91YL: 26%
06-28 20:44:18.063  7117  7117 V NearbyFragment: Transfer to 91YL: 26%
06-28 20:44:18.082  7117  7117 V NearbyFragment: Transfer to 91YL: 26%
06-28 20:44:18.096  7117  7117 V NearbyFragment: Transfer to 91YL: 26%
06-28 20:44:18.135  7117  7117 V NearbyFragment: Transfer to 91YL: 26%
06-28 20:44:18.149  7117  7117 V NearbyFragment: Transfer to 91YL: 26%
06-28 20:44:18.202  7117  7117 V NearbyFragment: Transfer to 91YL: 26%
