--------- beginning of main
06-30 03:19:33.798  7519  7519 I zygote  : Late-enabling -Xcheck:jni
--------- beginning of system
06-30 03:19:33.930  7519  7519 I ActivityThread: handleStopService: token=android.os.BinderProxy@262efb9 not found.
06-30 03:19:33.934  7519  7519 I TransferService: Starting Transfer Service to listen for network connectivity changes.
06-30 03:19:33.935  7519  7519 W LogFactory: Truncating log tag length as it exceed 23, the limit imposed by Android on certain API Levels
06-30 03:19:33.958  7519  7519 I TransferService: Registering the network receiver
06-30 03:19:33.961  7519  7519 I TransferService: Moving the service out of the Foreground state.
06-30 03:19:33.962  7519  7519 I TransferService: De-registering the network receiver.
06-30 03:19:38.916  7519  7533 I zygote  : Waiting for a blocking GC ProfileSaver
06-30 03:19:38.941  7519  7533 I zygote  : WaitForGcToComplete blocked ProfileSaver on HeapTrim for 24.893ms
06-30 03:19:46.189  7519  7519 I zygote  : Rejecting re-init on previously-failed class java.lang.Class<androidx.core.view.ViewCompat$2>: java.lang.NoClassDefFoundError: Failed resolution of: Landroid/view/View$OnUnhandledKeyEventListener;
06-30 03:19:46.190  7519  7519 I zygote  :   at void androidx.core.view.ViewCompat.setOnApplyWindowInsetsListener(android.view.View, androidx.core.view.OnApplyWindowInsetsListener) (ViewCompat.java:2421)
06-30 03:19:46.190  7519  7519 I zygote  :   at android.view.ViewGroup androidx.appcompat.app.AppCompatDelegateImpl.createSubDecor() (AppCompatDelegateImpl.java:779)
06-30 03:19:46.190  7519  7519 I zygote  :   at void androidx.appcompat.app.AppCompatDelegateImpl.ensureSubDecor() (AppCompatDelegateImpl.java:659)
06-30 03:19:46.190  7519  7519 I zygote  :   at void androidx.appcompat.app.AppCompatDelegateImpl.setContentView(int) (AppCompatDelegateImpl.java:552)
06-30 03:19:46.190  7519  7519 I zygote  :   at void androidx.appcompat.app.AppCompatActivity.setContentView(int) (AppCompatActivity.java:161)
06-30 03:19:46.190  7519  7519 I zygote  :   at void com.example.edgesum.page.main.MainActivity.onCreate(android.os.Bundle) (MainActivity.java:95)
06-30 03:19:46.190  7519  7519 I zygote  :   at void android.app.Activity.performCreate(android.os.Bundle, android.os.PersistableBundle) (Activity.java:7009)
06-30 03:19:46.190  7519  7519 I zygote  :   at void android.app.Activity.performCreate(android.os.Bundle) (Activity.java:7000)
06-30 03:19:46.190  7519  7519 I zygote  :   at void android.app.Instrumentation.callActivityOnCreate(android.app.Activity, android.os.Bundle) (Instrumentation.java:1214)
06-30 03:19:46.190  7519  7519 I zygote  :   at android.app.Activity android.app.ActivityThread.performLaunchActivity(android.app.ActivityThread$ActivityClientRecord, android.content.Intent) (ActivityThread.java:2731)
06-30 03:19:46.190  7519  7519 I zygote  :   at void android.app.ActivityThread.handleLaunchActivity(android.app.ActivityThread$ActivityClientRecord, android.content.Intent, java.lang.String) (ActivityThread.java:2856)
06-30 03:19:46.190  7519  7519 I zygote  :   at void android.app.ActivityThread.-wrap11(android.app.ActivityThread, android.app.ActivityThread$ActivityClientRecord, android.content.Intent, java.lang.String) (ActivityThread.java:-1)
06-30 03:19:46.190  7519  7519 I zygote  :   at void android.app.ActivityThread$H.handleMessage(android.os.Message) (ActivityThread.java:1589)
06-30 03:19:46.190  7519  7519 I zygote  :   at void android.os.Handler.dispatchMessage(android.os.Message) (Handler.java:106)
06-30 03:19:46.190  7519  7519 I zygote  :   at void android.os.Looper.loop() (Looper.java:164)
06-30 03:19:46.190  7519  7519 I zygote  :   at void android.app.ActivityThread.main(java.lang.String[]) (ActivityThread.java:6494)
06-30 03:19:46.190  7519  7519 I zygote  :   at java.lang.Object java.lang.reflect.Method.invoke(java.lang.Object, java.lang.Object[]) (Method.java:-2)
06-30 03:19:46.190  7519  7519 I zygote  :   at void com.android.internal.os.RuntimeInit$MethodAndArgsCaller.run() (RuntimeInit.java:438)
06-30 03:19:46.190  7519  7519 I zygote  :   at void com.android.internal.os.ZygoteInit.main(java.lang.String[]) (ZygoteInit.java:807)
06-30 03:19:46.190  7519  7519 I zygote  : Caused by: java.lang.ClassNotFoundException: Didn't find class "android.view.View$OnUnhandledKeyEventListener" on path: DexPathList[[zip file "/data/app/com.example.edgesum-lkLBCK7p0ZaIGHiDg7wsZg==/base.apk"],nativeLibraryDirectories=[/data/app/com.example.edgesum-lkLBCK7p0ZaIGHiDg7wsZg==/lib/arm, /data/app/com.example.edgesum-lkLBCK7p0ZaIGHiDg7wsZg==/base.apk!/lib/armeabi-v7a, /system/lib, /system/vendor/lib]]
06-30 03:19:46.190  7519  7519 I zygote  :   at java.lang.Class dalvik.system.BaseDexClassLoader.findClass(java.lang.String) (BaseDexClassLoader.java:125)
06-30 03:19:46.190  7519  7519 I zygote  :   at java.lang.Class java.lang.ClassLoader.loadClass(java.lang.String, boolean) (ClassLoader.java:379)
06-30 03:19:46.190  7519  7519 I zygote  :   at java.lang.Class java.lang.ClassLoader.loadClass(java.lang.String) (ClassLoader.java:312)
06-30 03:19:46.190  7519  7519 I zygote  :   at void androidx.core.view.ViewCompat.setOnApplyWindowInsetsListener(android.view.View, androidx.core.view.OnApplyWindowInsetsListener) (ViewCompat.java:2421)
06-30 03:19:46.190  7519  7519 I zygote  :   at android.view.ViewGroup androidx.appcompat.app.AppCompatDelegateImpl.createSubDecor() (AppCompatDelegateImpl.java:779)
06-30 03:19:46.190  7519  7519 I zygote  :   at void androidx.appcompat.app.AppCompatDelegateImpl.ensureSubDecor() (AppCompatDelegateImpl.java:659)
06-30 03:19:46.190  7519  7519 I zygote  :   at void androidx.appcompat.app.AppCompatDelegateImpl.setContentView(int) (AppCompatDelegateImpl.java:552)
06-30 03:19:46.190  7519  7519 I zygote  :   at void androidx.appcompat.app.AppCompatActivity.setContentView(int) (AppCompatActivity.java:161)
06-30 03:19:46.190  7519  7519 I zygote  :   at void com.example.edgesum.page.main.MainActivity.onCreate(android.os.Bundle) (MainActivity.java:95)
06-30 03:19:46.190  7519  7519 I zygote  :   at void android.app.Activity.performCreate(android.os.Bundle, android.os.PersistableBundle) (Activity.java:7009)
06-30 03:19:46.190  7519  7519 I zygote  :   at void android.app.Activity.performCreate(android.os.Bundle) (Activity.java:7000)
06-30 03:19:46.190  7519  7519 I zygote  :   at void android.app.Instrumentation.callActivityOnCreate(android.app.Activity, android.os.Bundle) (Instrumentation.java:1214)
06-30 03:19:46.190  7519  7519 I zygote  :   at android.app.Activity android.app.ActivityThread.performLaunchActivity(android.app.ActivityThread$ActivityClientRecord, android.content.Intent) (ActivityThread.java:2731)
06-30 03:19:46.191  7519  7519 I zygote  :   at void android.app.ActivityThread.handleLaunchActivity(android.app.ActivityThread$ActivityClientRecord, android.content.Intent, java.lang.String) (ActivityThread.java:2856)
06-30 03:19:46.191  7519  7519 I zygote  :   at void android.app.ActivityThread.-wrap11(android.app.ActivityThread, android.app.ActivityThread$ActivityClientRecord, android.content.Intent, java.lang.String) (ActivityThread.java:-1)
06-30 03:19:46.191  7519  7519 I zygote  :   at void android.app.ActivityThread$H.handleMessage(android.os.Message) (ActivityThread.java:1589)
06-30 03:19:46.191  7519  7519 I zygote  :   at void android.os.Handler.dispatchMessage(android.os.Message) (Handler.java:106)
06-30 03:19:46.191  7519  7519 I zygote  :   at void android.os.Looper.loop() (Looper.java:164)
06-30 03:19:46.191  7519  7519 I zygote  :   at void android.app.ActivityThread.main(java.lang.String[]) (ActivityThread.java:6494)
06-30 03:19:46.191  7519  7519 I zygote  :   at java.lang.Object java.lang.reflect.Method.invoke(java.lang.Object, java.lang.Object[]) (Method.java:-2)
06-30 03:19:46.191  7519  7519 I zygote  :   at void com.android.internal.os.RuntimeInit$MethodAndArgsCaller.run() (RuntimeInit.java:438)
06-30 03:19:46.191  7519  7519 I zygote  :   at void com.android.internal.os.ZygoteInit.main(java.lang.String[]) (ZygoteInit.java:807)
06-30 03:19:46.191  7519  7519 I zygote  : 
06-30 03:19:46.192  7519  7519 I zygote  : Rejecting re-init on previously-failed class java.lang.Class<androidx.core.view.ViewCompat$2>: java.lang.NoClassDefFoundError: Failed resolution of: Landroid/view/View$OnUnhandledKeyEventListener;
06-30 03:19:46.192  7519  7519 I zygote  :   at void androidx.core.view.ViewCompat.setOnApplyWindowInsetsListener(android.view.View, androidx.core.view.OnApplyWindowInsetsListener) (ViewCompat.java:2421)
06-30 03:19:46.192  7519  7519 I zygote  :   at android.view.ViewGroup androidx.appcompat.app.AppCompatDelegateImpl.createSubDecor() (AppCompatDelegateImpl.java:779)
06-30 03:19:46.192  7519  7519 I zygote  :   at void androidx.appcompat.app.AppCompatDelegateImpl.ensureSubDecor() (AppCompatDelegateImpl.java:659)
06-30 03:19:46.192  7519  7519 I zygote  :   at void androidx.appcompat.app.AppCompatDelegateImpl.setContentView(int) (AppCompatDelegateImpl.java:552)
06-30 03:19:46.192  7519  7519 I zygote  :   at void androidx.appcompat.app.AppCompatActivity.setContentView(int) (AppCompatActivity.java:161)
06-30 03:19:46.192  7519  7519 I zygote  :   at void com.example.edgesum.page.main.MainActivity.onCreate(android.os.Bundle) (MainActivity.java:95)
06-30 03:19:46.192  7519  7519 I zygote  :   at void android.app.Activity.performCreate(android.os.Bundle, android.os.PersistableBundle) (Activity.java:7009)
06-30 03:19:46.192  7519  7519 I zygote  :   at void android.app.Activity.performCreate(android.os.Bundle) (Activity.java:7000)
06-30 03:19:46.192  7519  7519 I zygote  :   at void android.app.Instrumentation.callActivityOnCreate(android.app.Activity, android.os.Bundle) (Instrumentation.java:1214)
06-30 03:19:46.192  7519  7519 I zygote  :   at android.app.Activity android.app.ActivityThread.performLaunchActivity(android.app.ActivityThread$ActivityClientRecord, android.content.Intent) (ActivityThread.java:2731)
06-30 03:19:46.192  7519  7519 I zygote  :   at void android.app.ActivityThread.handleLaunchActivity(android.app.ActivityThread$ActivityClientRecord, android.content.Intent, java.lang.String) (ActivityThread.java:2856)
06-30 03:19:46.192  7519  7519 I zygote  :   at void android.app.ActivityThread.-wrap11(android.app.ActivityThread, android.app.ActivityThread$ActivityClientRecord, android.content.Intent, java.lang.String) (ActivityThread.java:-1)
06-30 03:19:46.192  7519  7519 I zygote  :   at void android.app.ActivityThread$H.handleMessage(android.os.Message) (ActivityThread.java:1589)
06-30 03:19:46.192  7519  7519 I zygote  :   at void android.os.Handler.dispatchMessage(android.os.Message) (Handler.java:106)
06-30 03:19:46.192  7519  7519 I zygote  :   at void android.os.Looper.loop() (Looper.java:164)
06-30 03:19:46.192  7519  7519 I zygote  :   at void android.app.ActivityThread.main(java.lang.String[]) (ActivityThread.java:6494)
06-30 03:19:46.192  7519  7519 I zygote  :   at java.lang.Object java.lang.reflect.Method.invoke(java.lang.Object, java.lang.Object[]) (Method.java:-2)
06-30 03:19:46.192  7519  7519 I zygote  :   at void com.android.internal.os.RuntimeInit$MethodAndArgsCaller.run() (RuntimeInit.java:438)
06-30 03:19:46.192  7519  7519 I zygote  :   at void com.android.internal.os.ZygoteInit.main(java.lang.String[]) (ZygoteInit.java:807)
06-30 03:19:46.192  7519  7519 I zygote  : Caused by: java.lang.ClassNotFoundException: Didn't find class "android.view.View$OnUnhandledKeyEventListener" on path: DexPathList[[zip file "/data/app/com.example.edgesum-lkLBCK7p0ZaIGHiDg7wsZg==/base.apk"],nativeLibraryDirectories=[/data/app/com.example.edgesum-lkLBCK7p0ZaIGHiDg7wsZg==/lib/arm, /data/app/com.example.edgesum-lkLBCK7p0ZaIGHiDg7wsZg==/base.apk!/lib/armeabi-v7a, /system/lib, /system/vendor/lib]]
06-30 03:19:46.192  7519  7519 I zygote  :   at java.lang.Class dalvik.system.BaseDexClassLoader.findClass(java.lang.String) (BaseDexClassLoader.java:125)
06-30 03:19:46.192  7519  7519 I zygote  :   at java.lang.Class java.lang.ClassLoader.loadClass(java.lang.String, boolean) (ClassLoader.java:379)
06-30 03:19:46.192  7519  7519 I zygote  :   at java.lang.Class java.lang.ClassLoader.loadClass(java.lang.String) (ClassLoader.java:312)
06-30 03:19:46.192  7519  7519 I zygote  :   at void androidx.core.view.ViewCompat.setOnApplyWindowInsetsListener(android.view.View, androidx.core.view.OnApplyWindowInsetsListener) (ViewCompat.java:2421)
06-30 03:19:46.192  7519  7519 I zygote  :   at android.view.ViewGroup androidx.appcompat.app.AppCompatDelegateImpl.createSubDecor() (AppCompatDelegateImpl.java:779)
06-30 03:19:46.192  7519  7519 I zygote  :   at void androidx.appcompat.app.AppCompatDelegateImpl.ensureSubDecor() (AppCompatDelegateImpl.java:659)
06-30 03:19:46.192  7519  7519 I zygote  :   at void androidx.appcompat.app.AppCompatDelegateImpl.setContentView(int) (AppCompatDelegateImpl.java:552)
06-30 03:19:46.192  7519  7519 I zygote  :   at void androidx.appcompat.app.AppCompatActivity.setContentView(int) (AppCompatActivity.java:161)
06-30 03:19:46.192  7519  7519 I zygote  :   at void com.example.edgesum.page.main.MainActivity.onCreate(android.os.Bundle) (MainActivity.java:95)
06-30 03:19:46.192  7519  7519 I zygote  :   at void android.app.Activity.performCreate(android.os.Bundle, android.os.PersistableBundle) (Activity.java:7009)
06-30 03:19:46.192  7519  7519 I zygote  :   at void android.app.Activity.performCreate(android.os.Bundle) (Activity.java:7000)
06-30 03:19:46.192  7519  7519 I zygote  :   at void android.app.Instrumentation.callActivityOnCreate(android.app.Activity, android.os.Bundle) (Instrumentation.java:1214)
06-30 03:19:46.192  7519  7519 I zygote  :   at android.app.Activity android.app.ActivityThread.performLaunchActivity(android.app.ActivityThread$ActivityClientRecord, android.content.Intent) (ActivityThread.java:2731)
06-30 03:19:46.192  7519  7519 I zygote  :   at void android.app.ActivityThread.handleLaunchActivity(android.app.ActivityThread$ActivityClientRecord, android.content.Intent, java.lang.String) (ActivityThread.java:2856)
06-30 03:19:46.192  7519  7519 I zygote  :   at void android.app.ActivityThread.-wrap11(android.app.ActivityThread, android.app.ActivityThread$ActivityClientRecord, android.content.Intent, java.lang.String) (ActivityThread.java:-1)
06-30 03:19:46.192  7519  7519 I zygote  :   at void android.app.ActivityThread$H.handleMessage(android.os.Message) (ActivityThread.java:1589)
06-30 03:19:46.192  7519  7519 I zygote  :   at void android.os.Handler.dispatchMessage(android.os.Message) (Handler.java:106)
06-30 03:19:46.192  7519  7519 I zygote  :   at void android.os.Looper.loop() (Looper.java:164)
06-30 03:19:46.192  7519  7519 I zygote  :   at void android.app.ActivityThread.main(java.lang.String[]) (ActivityThread.java:6494)
06-30 03:19:46.192  7519  7519 I zygote  :   at java.lang.Object java.lang.reflect.Method.invoke(java.lang.Object, java.lang.Object[]) (Method.java:-2)
06-30 03:19:46.192  7519  7519 I zygote  :   at void com.android.internal.os.RuntimeInit$MethodAndArgsCaller.run() (RuntimeInit.java:438)
06-30 03:19:46.192  7519  7519 I zygote  :   at void com.android.internal.os.ZygoteInit.main(java.lang.String[]) (ZygoteInit.java:807)
06-30 03:19:46.192  7519  7519 I zygote  : 
06-30 03:19:46.194  7519  7519 I zygote  : Rejecting re-init on previously-failed class java.lang.Class<androidx.core.view.ViewCompat$2>: java.lang.NoClassDefFoundError: Failed resolution of: Landroid/view/View$OnUnhandledKeyEventListener;
06-30 03:19:46.194  7519  7519 I zygote  :   at void androidx.core.view.ViewCompat.setOnApplyWindowInsetsListener(android.view.View, androidx.core.view.OnApplyWindowInsetsListener) (ViewCompat.java:2421)
06-30 03:19:46.194  7519  7519 I zygote  :   at android.view.ViewGroup androidx.appcompat.app.AppCompatDelegateImpl.createSubDecor() (AppCompatDelegateImpl.java:779)
06-30 03:19:46.194  7519  7519 I zygote  :   at void androidx.appcompat.app.AppCompatDelegateImpl.ensureSubDecor() (AppCompatDelegateImpl.java:659)
06-30 03:19:46.194  7519  7519 I zygote  :   at void androidx.appcompat.app.AppCompatDelegateImpl.setContentView(int) (AppCompatDelegateImpl.java:552)
06-30 03:19:46.194  7519  7519 I zygote  :   at void androidx.appcompat.app.AppCompatActivity.setContentView(int) (AppCompatActivity.java:161)
06-30 03:19:46.194  7519  7519 I zygote  :   at void com.example.edgesum.page.main.MainActivity.onCreate(android.os.Bundle) (MainActivity.java:95)
06-30 03:19:46.194  7519  7519 I zygote  :   at void android.app.Activity.performCreate(android.os.Bundle, android.os.PersistableBundle) (Activity.java:7009)
06-30 03:19:46.194  7519  7519 I zygote  :   at void android.app.Activity.performCreate(android.os.Bundle) (Activity.java:7000)
06-30 03:19:46.194  7519  7519 I zygote  :   at void android.app.Instrumentation.callActivityOnCreate(android.app.Activity, android.os.Bundle) (Instrumentation.java:1214)
06-30 03:19:46.194  7519  7519 I zygote  :   at android.app.Activity android.app.ActivityThread.performLaunchActivity(android.app.ActivityThread$ActivityClientRecord, android.content.Intent) (ActivityThread.java:2731)
06-30 03:19:46.194  7519  7519 I zygote  :   at void android.app.ActivityThread.handleLaunchActivity(android.app.ActivityThread$ActivityClientRecord, android.content.Intent, java.lang.String) (ActivityThread.java:2856)
06-30 03:19:46.194  7519  7519 I zygote  :   at void android.app.ActivityThread.-wrap11(android.app.ActivityThread, android.app.ActivityThread$ActivityClientRecord, android.content.Intent, java.lang.String) (ActivityThread.java:-1)
06-30 03:19:46.194  7519  7519 I zygote  :   at void android.app.ActivityThread$H.handleMessage(android.os.Message) (ActivityThread.java:1589)
06-30 03:19:46.194  7519  7519 I zygote  :   at void android.os.Handler.dispatchMessage(android.os.Message) (Handler.java:106)
06-30 03:19:46.194  7519  7519 I zygote  :   at void android.os.Looper.loop() (Looper.java:164)
06-30 03:19:46.194  7519  7519 I zygote  :   at void android.app.ActivityThread.main(java.lang.String[]) (ActivityThread.java:6494)
06-30 03:19:46.194  7519  7519 I zygote  :   at java.lang.Object java.lang.reflect.Method.invoke(java.lang.Object, java.lang.Object[]) (Method.java:-2)
06-30 03:19:46.194  7519  7519 I zygote  :   at void com.android.internal.os.RuntimeInit$MethodAndArgsCaller.run() (RuntimeInit.java:438)
06-30 03:19:46.194  7519  7519 I zygote  :   at void com.android.internal.os.ZygoteInit.main(java.lang.String[]) (ZygoteInit.java:807)
06-30 03:19:46.194  7519  7519 I zygote  : Caused by: java.lang.ClassNotFoundException: Didn't find class "android.view.View$OnUnhandledKeyEventListener" on path: DexPathList[[zip file "/data/app/com.example.edgesum-lkLBCK7p0ZaIGHiDg7wsZg==/base.apk"],nativeLibraryDirectories=[/data/app/com.example.edgesum-lkLBCK7p0ZaIGHiDg7wsZg==/lib/arm, /data/app/com.example.edgesum-lkLBCK7p0ZaIGHiDg7wsZg==/base.apk!/lib/armeabi-v7a, /system/lib, /system/vendor/lib]]
06-30 03:19:46.194  7519  7519 I zygote  :   at java.lang.Class dalvik.system.BaseDexClassLoader.findClass(java.lang.String) (BaseDexClassLoader.java:125)
06-30 03:19:46.194  7519  7519 I zygote  :   at java.lang.Class java.lang.ClassLoader.loadClass(java.lang.String, boolean) (ClassLoader.java:379)
06-30 03:19:46.194  7519  7519 I zygote  :   at java.lang.Class java.lang.ClassLoader.loadClass(java.lang.String) (ClassLoader.java:312)
06-30 03:19:46.194  7519  7519 I zygote  :   at void androidx.core.view.ViewCompat.setOnApplyWindowInsetsListener(android.view.View, androidx.core.view.OnApplyWindowInsetsListener) (ViewCompat.java:2421)
06-30 03:19:46.194  7519  7519 I zygote  :   at android.view.ViewGroup androidx.appcompat.app.AppCompatDelegateImpl.createSubDecor() (AppCompatDelegateImpl.java:779)
06-30 03:19:46.194  7519  7519 I zygote  :   at void androidx.appcompat.app.AppCompatDelegateImpl.ensureSubDecor() (AppCompatDelegateImpl.java:659)
06-30 03:19:46.194  7519  7519 I zygote  :   at void androidx.appcompat.app.AppCompatDelegateImpl.setContentView(int) (AppCompatDelegateImpl.java:552)
06-30 03:19:46.194  7519  7519 I zygote  :   at void androidx.appcompat.app.AppCompatActivity.setContentView(int) (AppCompatActivity.java:161)
06-30 03:19:46.194  7519  7519 I zygote  :   at void com.example.edgesum.page.main.MainActivity.onCreate(android.os.Bundle) (MainActivity.java:95)
06-30 03:19:46.194  7519  7519 I zygote  :   at void android.app.Activity.performCreate(android.os.Bundle, android.os.PersistableBundle) (Activity.java:7009)
06-30 03:19:46.194  7519  7519 I zygote  :   at void android.app.Activity.performCreate(android.os.Bundle) (Activity.java:7000)
06-30 03:19:46.194  7519  7519 I zygote  :   at void android.app.Instrumentation.callActivityOnCreate(android.app.Activity, android.os.Bundle) (Instrumentation.java:1214)
06-30 03:19:46.194  7519  7519 I zygote  :   at android.app.Activity android.app.ActivityThread.performLaunchActivity(android.app.ActivityThread$ActivityClientRecord, android.content.Intent) (ActivityThread.java:2731)
06-30 03:19:46.194  7519  7519 I zygote  :   at void android.app.ActivityThread.handleLaunchActivity(android.app.ActivityThread$ActivityClientRecord, android.content.Intent, java.lang.String) (ActivityThread.java:2856)
06-30 03:19:46.194  7519  7519 I zygote  :   at void android.app.ActivityThread.-wrap11(android.app.ActivityThread, android.app.ActivityThread$ActivityClientRecord, android.content.Intent, java.lang.String) (ActivityThread.java:-1)
06-30 03:19:46.194  7519  7519 I zygote  :   at void android.app.ActivityThread$H.handleMessage(android.os.Message) (ActivityThread.java:1589)
06-30 03:19:46.194  7519  7519 I zygote  :   at void android.os.Handler.dispatchMessage(android.os.Message) (Handler.java:106)
06-30 03:19:46.194  7519  7519 I zygote  :   at void android.os.Looper.loop() (Looper.java:164)
06-30 03:19:46.194  7519  7519 I zygote  :   at void android.app.ActivityThread.main(java.lang.String[]) (ActivityThread.java:6494)
06-30 03:19:46.194  7519  7519 I zygote  :   at java.lang.Object java.lang.reflect.Method.invoke(java.lang.Object, java.lang.Object[]) (Method.java:-2)
06-30 03:19:46.194  7519  7519 I zygote  :   at void com.android.internal.os.RuntimeInit$MethodAndArgsCaller.run() (RuntimeInit.java:438)
06-30 03:19:46.194  7519  7519 I zygote  :   at void com.android.internal.os.ZygoteInit.main(java.lang.String[]) (ZygoteInit.java:807)
06-30 03:19:46.194  7519  7519 I zygote  : 
06-30 03:19:46.460  7519  7519 V Repo    : /storage/emulated/0/Movies/raw
06-30 03:19:46.461  7519  7519 V Repo    : /storage/emulated/0/Movies/summarised
06-30 03:19:46.476  7519  7519 V FileManager: External storage is readable
06-30 03:19:46.477  7519  7519 V FileManager: Directory already exists: /storage/emulated/0/Movies/raw
06-30 03:19:46.483  7519  7519 V FileManager: External storage is readable
06-30 03:19:46.483  7519  7519 V FileManager: Directory already exists: /storage/emulated/0/Movies/summarised
06-30 03:19:46.488  7519  7519 V FileManager: External storage is readable
06-30 03:19:46.488  7519  7519 V FileManager: Directory already exists: /storage/emulated/0/Download/nearby
06-30 03:19:46.492  7519  7519 V FileManager: External storage is readable
06-30 03:19:46.493  7519  7519 V FileManager: Directory already exists: /storage/emulated/0/Movies/segment
06-30 03:19:46.496  7519  7519 V FileManager: External storage is readable
06-30 03:19:46.497  7519  7519 V FileManager: Directory already exists: /storage/emulated/0/Movies/segment-sum
06-30 03:19:46.705  7519  7519 V VideoManager: getAllVideoFromExternalStorageFolder
06-30 03:19:46.708  7519  7519 D VideoManager: /storage/emulated/0/Movies/summarised
06-30 03:19:46.720  7519  7519 D VideoManager: 0 videos return
06-30 03:19:46.754  7519  7524 I zygote  : Do partial code cache collection, code=10KB, data=18KB
06-30 03:19:46.755  7519  7524 I zygote  : After code cache collection, code=10KB, data=18KB
06-30 03:19:46.755  7519  7524 I zygote  : Increasing code cache capacity to 128KB
06-30 03:19:46.758  7519  7524 I zygote  : Do partial code cache collection, code=10KB, data=36KB
06-30 03:19:46.759  7519  7524 I zygote  : After code cache collection, code=10KB, data=36KB
06-30 03:19:46.759  7519  7524 I zygote  : Increasing code cache capacity to 256KB
06-30 03:19:46.760  7519  7524 I zygote  : Compiler allocated 4MB to compile void android.widget.TextView.<init>(android.content.Context, android.util.AttributeSet, int, int)
06-30 03:19:46.777  7519  7519 V VideoManager: getAllVideoFromExternalStorageFolder
06-30 03:19:46.781  7519  7519 D VideoManager: /storage/emulated/0/Movies/raw
06-30 03:19:46.788  7519  7519 D VideoManager: 0 videos return
06-30 03:19:46.853  7519  7572 D OpenGLRenderer: HWUI GL Pipeline
06-30 03:19:46.866  7519  7519 I TransferService: Starting Transfer Service to listen for network connectivity changes.
06-30 03:19:46.866  7519  7519 I TransferService: Registering the network receiver
06-30 03:19:46.870  7519  7519 E TransferService: No notification is passed in the intent. Unable to transition to foreground.
06-30 03:19:46.931  7519  7531 D MainActivity: Scanned /storage/emulated/0/Movies/summarised
06-30 03:19:46.931  7519  7531 D MainActivity:   -> uri=content://media/external/file/1273
06-30 03:19:46.983  7519  7519 W StaticLayout: maxLineHeight should not be -1.  maxLines:1 lineCount:1
06-30 03:19:46.986  7519  7532 D MainActivity: Scanned /storage/emulated/0/Movies/raw
06-30 03:19:46.986  7519  7532 D MainActivity:   -> uri=content://media/external/file/1274
06-30 03:19:46.998  7519  7519 W StaticLayout: maxLineHeight should not be -1.  maxLines:1 lineCount:1
06-30 03:19:47.007  7519  7519 I chatty  : uid=10086(com.example.edgesum) identical 1 line
06-30 03:19:47.017  7519  7519 W StaticLayout: maxLineHeight should not be -1.  maxLines:1 lineCount:1
06-30 03:19:47.051  7519  7572 I Adreno-EGL: <qeglDrvAPI_eglInitialize:379>: QUALCOMM Build: 06/17/16, f19e6a9, I9e7a63e7c4
06-30 03:19:47.057  7519  7572 I zygote  : android::hardware::configstore::V1_0::ISurfaceFlingerConfigs::hasWideColorDisplay retrieved: 0
06-30 03:19:47.058  7519  7572 I OpenGLRenderer: Initialized EGL, version 1.4
06-30 03:19:47.058  7519  7572 D OpenGLRenderer: Swap behavior 1
06-30 03:19:47.064  7519  7572 W Adreno-EGL: <qeglDrvAPI_eglGetConfigAttrib:607>: EGL_BAD_ATTRIBUTE
06-30 03:19:47.066  7519  7572 W Adreno-EGL: <qeglDrvAPI_eglGetConfigAttrib:607>: EGL_BAD_ATTRIBUTE
06-30 03:19:47.067  7519  7572 D vndksupport: Loading /vendor/lib/hw/gralloc.msm8974.so from current namespace instead of sphal namespace.
06-30 03:19:47.071  7519  7519 W StaticLayout: maxLineHeight should not be -1.  maxLines:1 lineCount:1
06-30 03:19:47.083  7519  7519 W StaticLayout: maxLineHeight should not be -1.  maxLines:1 lineCount:1
06-30 03:19:47.099  7519  7519 I TransferNetworkLossHand: Network connectivity changed detected.
06-30 03:19:47.100  7519  7519 I TransferNetworkLossHand: Network connected: false
06-30 03:19:47.265  7519  7572 D vndksupport: Loading /vendor/lib/hw/android.hardware.graphics.mapper@2.0-impl.so from current namespace instead of sphal namespace.
06-30 03:19:47.266  7519  7572 D vndksupport: Loading /vendor/lib/hw/gralloc.msm8974.so from current namespace instead of sphal namespace.
06-30 03:19:58.706  7519  7519 V MainActivity: Connect button clicked
06-30 03:19:59.465  7519  7519 V ConnectionFragment: Discovery switch checked
06-30 03:19:59.615  7519  7519 D NearbyFragment: Started discovering
06-30 03:20:00.738  7519  7519 D NearbyFragment: Found endpoint diT4: Nexus 5X [34d8]
06-30 03:20:13.380  7519  7519 D NearbyFragment: Selected 'Endpoint{id=diT4, name=Nexus 5X [34d8]}'
06-30 03:20:13.414  7519  7572 W Adreno-EGL: <qeglDrvAPI_eglGetConfigAttrib:607>: EGL_BAD_ATTRIBUTE
06-30 03:20:13.417  7519  7572 D vndksupport: Loading /vendor/lib/hw/gralloc.msm8974.so from current namespace instead of sphal namespace.
06-30 03:20:29.853  7519  7519 D NearbyFragment: Initiated connection with Endpoint{id=diT4, name=Nexus 5X [34d8]}: Nexus 5X [34d8]
06-30 03:20:30.000  7519  7519 D NearbyFragment: Requested connection with Endpoint{id=diT4, name=Nexus 5X [34d8]}
06-30 03:20:30.012  7519  7524 I zygote  : Do full code cache collection, code=126KB, data=93KB
06-30 03:20:30.014  7519  7524 I zygote  : After code cache collection, code=126KB, data=63KB
06-30 03:20:30.045  7519  7524 I zygote  : Do partial code cache collection, code=126KB, data=65KB
06-30 03:20:30.046  7519  7524 I zygote  : After code cache collection, code=126KB, data=65KB
06-30 03:20:30.046  7519  7524 I zygote  : Increasing code cache capacity to 512KB
06-30 03:20:30.082  7519  7572 W Adreno-EGL: <qeglDrvAPI_eglGetConfigAttrib:607>: EGL_BAD_ATTRIBUTE
06-30 03:20:30.087  7519  7572 D vndksupport: Loading /vendor/lib/hw/gralloc.msm8974.so from current namespace instead of sphal namespace.
06-30 03:20:33.073  7519  7519 I NearbyFragment: Connected to Endpoint{id=diT4, name=Nexus 5X [34d8]}
06-30 03:20:34.056  7519  7519 V ConnectionFragment: Discovery switch unchecked
06-30 03:20:34.056  7519  7519 D NearbyFragment: Stopped discovering
06-30 03:20:37.382  7519  7519 I TransferNetworkLossHand: Network connectivity changed detected.
06-30 03:20:37.385  7519  7519 I TransferNetworkLossHand: Network connected: true
06-30 03:28:35.452  7519  7519 D NearbyFragment: onPayloadReceived(endpointId=diT4, payload=com.google.android.gms.nearby.connection.Payload@7dfe41)
06-30 03:28:35.465  7519  7519 V NearbyFragment: Started downloading SUMMARISE_SEGMENT:-7303610332677757934:20200312_194229!000.mp4:45.0_1.0_23_medium from Endpoint{id=diT4, name=Nexus 5X [34d8]}
06-30 03:28:35.482  7519  7519 V NearbyFragment: Transfer to diT4: 100%
06-30 03:28:35.492  7519  7519 V NearbyFragment: Transfer to diT4: 100%
06-30 03:28:37.834  7519  7519 D NearbyFragment: onPayloadReceived(endpointId=diT4, payload=com.google.android.gms.nearby.connection.Payload@c8da7d4)
06-30 03:28:37.838  7519  7519 V NearbyFragment: Transfer to diT4: 0%
06-30 03:28:37.847  7519  7519 V NearbyFragment: Transfer to diT4: 0%
06-30 03:28:37.855  7519  7519 V NearbyFragment: Transfer to diT4: 1%
06-30 03:28:37.866  7519  7519 V NearbyFragment: Transfer to diT4: 1%
06-30 03:28:37.875  7519  7519 V NearbyFragment: Transfer to diT4: 1%
06-30 03:28:37.930  7519  7519 V NearbyFragment: Transfer to diT4: 2%
06-30 03:28:37.941  7519  7519 V NearbyFragment: Transfer to diT4: 2%
06-30 03:28:37.953  7519  7519 V NearbyFragment: Transfer to diT4: 3%
06-30 03:28:37.963  7519  7519 V NearbyFragment: Transfer to diT4: 3%
06-30 03:28:37.983  7519  7519 V NearbyFragment: Transfer to diT4: 3%
06-30 03:28:37.996  7519  7519 V NearbyFragment: Transfer to diT4: 4%
06-30 03:28:38.014  7519  7519 V NearbyFragment: Transfer to diT4: 4%
06-30 03:28:38.035  7519  7519 V NearbyFragment: Transfer to diT4: 5%
06-30 03:28:38.049  7519  7519 V NearbyFragment: Transfer to diT4: 5%
06-30 03:28:38.066  7519  7519 V NearbyFragment: Transfer to diT4: 5%
06-30 03:28:38.078  7519  7519 V NearbyFragment: Transfer to diT4: 6%
06-30 03:28:38.101  7519  7519 V NearbyFragment: Transfer to diT4: 6%
06-30 03:28:38.107  7519  7519 V NearbyFragment: Transfer to diT4: 6%
06-30 03:28:38.117  7519  7519 V NearbyFragment: Transfer to diT4: 7%
06-30 03:28:38.136  7519  7519 V NearbyFragment: Transfer to diT4: 7%
06-30 03:28:38.152  7519  7519 V NearbyFragment: Transfer to diT4: 8%
06-30 03:28:38.163  7519  7519 V NearbyFragment: Transfer to diT4: 8%
06-30 03:28:38.185  7519  7519 V NearbyFragment: Transfer to diT4: 8%
06-30 03:28:38.196  7519  7519 V NearbyFragment: Transfer to diT4: 9%
06-30 03:28:38.214  7519  7519 V NearbyFragment: Transfer to diT4: 9%
06-30 03:28:38.286  7519  7519 V NearbyFragment: Transfer to diT4: 10%
06-30 03:28:38.294  7519  7519 V NearbyFragment: Transfer to diT4: 10%
06-30 03:28:38.321  7519  7519 V NearbyFragment: Transfer to diT4: 10%
06-30 03:28:38.329  7519  7519 V NearbyFragment: Transfer to diT4: 11%
06-30 03:28:38.344  7519  7519 V NearbyFragment: Transfer to diT4: 11%
06-30 03:28:38.364  7519  7519 V NearbyFragment: Transfer to diT4: 11%
06-30 03:28:38.393  7519  7519 V NearbyFragment: Transfer to diT4: 12%
06-30 03:28:38.396  7519  7519 V NearbyFragment: Transfer to diT4: 12%
06-30 03:28:38.412  7519  7519 V NearbyFragment: Transfer to diT4: 13%
06-30 03:28:38.420  7519  7519 V NearbyFragment: Transfer to diT4: 13%
06-30 03:28:38.436  7519  7519 V NearbyFragment: Transfer to diT4: 13%
06-30 03:28:38.451  7519  7519 V NearbyFragment: Transfer to diT4: 14%
06-30 03:28:38.467  7519  7519 V NearbyFragment: Transfer to diT4: 14%
06-30 03:28:38.492  7519  7519 V NearbyFragment: Transfer to diT4: 15%
06-30 03:28:38.505  7519  7519 V NearbyFragment: Transfer to diT4: 15%
06-30 03:28:38.515  7519  7519 V NearbyFragment: Transfer to diT4: 15%
06-30 03:28:38.527  7519  7519 V NearbyFragment: Transfer to diT4: 16%
06-30 03:28:38.536  7519  7519 V NearbyFragment: Transfer to diT4: 16%
06-30 03:28:38.545  7519  7519 V NearbyFragment: Transfer to diT4: 16%
06-30 03:28:38.546  7519  7519 V NearbyFragment: Transfer to diT4: 17%
06-30 03:28:38.552  7519  7519 V NearbyFragment: Transfer to diT4: 17%
06-30 03:28:38.559  7519  7519 V NearbyFragment: Transfer to diT4: 18%
06-30 03:28:38.572  7519  7519 V NearbyFragment: Transfer to diT4: 18%
06-30 03:28:38.593  7519  7519 V NearbyFragment: Transfer to diT4: 18%
06-30 03:28:38.601  7519  7519 V NearbyFragment: Transfer to diT4: 19%
06-30 03:28:38.617  7519  7519 V NearbyFragment: Transfer to diT4: 19%
06-30 03:28:38.630  7519  7519 V NearbyFragment: Transfer to diT4: 20%
06-30 03:28:38.642  7519  7519 V NearbyFragment: Transfer to diT4: 20%
06-30 03:28:38.655  7519  7519 V NearbyFragment: Transfer to diT4: 20%
06-30 03:28:38.670  7519  7519 V NearbyFragment: Transfer to diT4: 21%
06-30 03:28:38.677  7519  7519 V NearbyFragment: Transfer to diT4: 21%
06-30 03:28:38.698  7519  7519 V NearbyFragment: Transfer to diT4: 22%
06-30 03:28:38.708  7519  7519 V NearbyFragment: Transfer to diT4: 22%
06-30 03:28:38.716  7519  7519 V NearbyFragment: Transfer to diT4: 22%
06-30 03:28:38.741  7519  7519 V NearbyFragment: Transfer to diT4: 23%
06-30 03:28:38.753  7519  7519 V NearbyFragment: Transfer to diT4: 23%
06-30 03:28:38.762  7519  7519 V NearbyFragment: Transfer to diT4: 23%
06-30 03:28:38.801  7519  7519 V NearbyFragment: Transfer to diT4: 24%
06-30 03:28:38.847  7519  7519 V NearbyFragment: Transfer to diT4: 24%
06-30 03:28:38.853  7519  7519 V NearbyFragment: Transfer to diT4: 25%
06-30 03:28:38.868  7519  7519 V NearbyFragment: Transfer to diT4: 25%
06-30 03:28:38.901  7519  7519 V NearbyFragment: Transfer to diT4: 25%
06-30 03:28:38.908  7519  7519 V NearbyFragment: Transfer to diT4: 26%
06-30 03:28:38.918  7519  7519 V NearbyFragment: Transfer to diT4: 26%
06-30 03:28:38.927  7519  7519 V NearbyFragment: Transfer to diT4: 27%
06-30 03:28:38.937  7519  7519 V NearbyFragment: Transfer to diT4: 27%
06-30 03:28:38.956  7519  7519 V NearbyFragment: Transfer to diT4: 27%
06-30 03:28:38.968  7519  7519 V NearbyFragment: Transfer to diT4: 28%
06-30 03:28:38.979  7519  7519 V NearbyFragment: Transfer to diT4: 28%
06-30 03:28:38.986  7519  7519 V NearbyFragment: Transfer to diT4: 28%
06-30 03:28:39.008  7519  7519 V NearbyFragment: Transfer to diT4: 29%
06-30 03:28:39.033  7519  7519 V NearbyFragment: Transfer to diT4: 29%
06-30 03:28:39.042  7519  7519 V NearbyFragment: Transfer to diT4: 30%
06-30 03:28:39.063  7519  7519 V NearbyFragment: Transfer to diT4: 30%
06-30 03:28:39.075  7519  7519 V NearbyFragment: Transfer to diT4: 30%
06-30 03:28:39.089  7519  7519 V NearbyFragment: Transfer to diT4: 31%
06-30 03:28:39.103  7519  7519 V NearbyFragment: Transfer to diT4: 31%
06-30 03:28:39.116  7519  7519 V NearbyFragment: Transfer to diT4: 32%
06-30 03:28:39.139  7519  7519 V NearbyFragment: Transfer to diT4: 32%
06-30 03:28:39.171  7519  7519 V NearbyFragment: Transfer to diT4: 32%
06-30 03:28:39.179  7519  7519 V NearbyFragment: Transfer to diT4: 33%
06-30 03:28:39.189  7519  7519 V NearbyFragment: Transfer to diT4: 33%
06-30 03:28:39.247  7519  7519 V NearbyFragment: Transfer to diT4: 33%
06-30 03:28:39.255  7519  7519 V NearbyFragment: Transfer to diT4: 34%
06-30 03:28:39.268  7519  7519 V NearbyFragment: Transfer to diT4: 34%
06-30 03:28:39.276  7519  7519 V NearbyFragment: Transfer to diT4: 35%
06-30 03:28:39.286  7519  7519 V NearbyFragment: Transfer to diT4: 35%
06-30 03:28:39.291  7519  7519 V NearbyFragment: Transfer to diT4: 35%
06-30 03:28:39.324  7519  7519 V NearbyFragment: Transfer to diT4: 36%
06-30 03:28:39.336  7519  7519 V NearbyFragment: Transfer to diT4: 36%
06-30 03:28:39.349  7519  7519 V NearbyFragment: Transfer to diT4: 37%
06-30 03:28:39.359  7519  7519 V NearbyFragment: Transfer to diT4: 37%
06-30 03:28:39.384  7519  7519 V NearbyFragment: Transfer to diT4: 37%
06-30 03:28:39.401  7519  7519 V NearbyFragment: Transfer to diT4: 38%
06-30 03:28:39.418  7519  7519 V NearbyFragment: Transfer to diT4: 38%
06-30 03:28:39.428  7519  7519 V NearbyFragment: Transfer to diT4: 39%
06-30 03:28:39.437  7519  7519 V NearbyFragment: Transfer to diT4: 39%
06-30 03:28:39.447  7519  7519 V NearbyFragment: Transfer to diT4: 39%
06-30 03:28:39.457  7519  7519 V NearbyFragment: Transfer to diT4: 40%
06-30 03:28:39.464  7519  7519 V NearbyFragment: Transfer to diT4: 40%
06-30 03:28:39.535  7519  7519 V NearbyFragment: Transfer to diT4: 40%
06-30 03:28:39.607  7519  7519 V NearbyFragment: Transfer to diT4: 41%
06-30 03:28:39.614  7519  7519 V NearbyFragment: Transfer to diT4: 41%
06-30 03:28:39.624  7519  7519 V NearbyFragment: Transfer to diT4: 42%
06-30 03:28:39.633  7519  7519 V NearbyFragment: Transfer to diT4: 42%
06-30 03:28:39.642  7519  7519 V NearbyFragment: Transfer to diT4: 42%
06-30 03:28:39.653  7519  7519 V NearbyFragment: Transfer to diT4: 43%
06-30 03:28:39.660  7519  7519 V NearbyFragment: Transfer to diT4: 43%
06-30 03:28:39.667  7519  7519 V NearbyFragment: Transfer to diT4: 44%
06-30 03:28:39.670  7519  7519 V NearbyFragment: Transfer to diT4: 44%
06-30 03:28:39.683  7519  7519 V NearbyFragment: Transfer to diT4: 44%
06-30 03:28:39.694  7519  7519 V NearbyFragment: Transfer to diT4: 45%
06-30 03:28:39.704  7519  7519 V NearbyFragment: Transfer to diT4: 45%
06-30 03:28:39.711  7519  7519 V NearbyFragment: Transfer to diT4: 45%
06-30 03:28:39.723  7519  7519 V NearbyFragment: Transfer to diT4: 46%
06-30 03:28:39.735  7519  7519 V NearbyFragment: Transfer to diT4: 46%
06-30 03:28:39.746  7519  7519 V NearbyFragment: Transfer to diT4: 47%
06-30 03:28:39.756  7519  7519 V NearbyFragment: Transfer to diT4: 47%
06-30 03:28:39.763  7519  7519 V NearbyFragment: Transfer to diT4: 47%
06-30 03:28:39.770  7519  7519 V NearbyFragment: Transfer to diT4: 48%
06-30 03:28:39.777  7519  7519 V NearbyFragment: Transfer to diT4: 48%
06-30 03:28:39.801  7519  7519 V NearbyFragment: Transfer to diT4: 49%
06-30 03:28:39.804  7519  7519 V NearbyFragment: Transfer to diT4: 49%
06-30 03:28:39.830  7519  7519 V NearbyFragment: Transfer to diT4: 49%
06-30 03:28:39.847  7519  7519 V NearbyFragment: Transfer to diT4: 50%
06-30 03:28:39.854  7519  7519 V NearbyFragment: Transfer to diT4: 50%
06-30 03:28:39.861  7519  7519 V NearbyFragment: Transfer to diT4: 50%
06-30 03:28:39.867  7519  7519 V NearbyFragment: Transfer to diT4: 51%
06-30 03:28:39.876  7519  7519 V NearbyFragment: Transfer to diT4: 51%
06-30 03:28:39.891  7519  7519 V NearbyFragment: Transfer to diT4: 52%
06-30 03:28:39.900  7519  7519 V NearbyFragment: Transfer to diT4: 52%
06-30 03:28:39.912  7519  7519 V NearbyFragment: Transfer to diT4: 52%
06-30 03:28:39.921  7519  7519 V NearbyFragment: Transfer to diT4: 53%
06-30 03:28:39.929  7519  7519 V NearbyFragment: Transfer to diT4: 53%
06-30 03:28:39.941  7519  7519 V NearbyFragment: Transfer to diT4: 54%
06-30 03:28:39.946  7519  7519 V NearbyFragment: Transfer to diT4: 54%
06-30 03:28:39.949  7519  7519 V NearbyFragment: Transfer to diT4: 54%
06-30 03:28:39.963  7519  7519 V NearbyFragment: Transfer to diT4: 55%
06-30 03:28:39.971  7519  7519 V NearbyFragment: Transfer to diT4: 55%
06-30 03:28:39.987  7519  7519 V NearbyFragment: Transfer to diT4: 55%
06-30 03:28:40.060  7519  7519 V NearbyFragment: Transfer to diT4: 56%
06-30 03:28:40.070  7519  7519 V NearbyFragment: Transfer to diT4: 56%
06-30 03:28:40.078  7519  7519 V NearbyFragment: Transfer to diT4: 57%
06-30 03:28:40.089  7519  7519 V NearbyFragment: Transfer to diT4: 57%
06-30 03:28:40.111  7519  7519 V NearbyFragment: Transfer to diT4: 57%
06-30 03:28:40.182  7519  7519 V NearbyFragment: Transfer to diT4: 58%
06-30 03:28:40.199  7519  7519 V NearbyFragment: Transfer to diT4: 58%
06-30 03:28:40.206  7519  7519 V NearbyFragment: Transfer to diT4: 59%
06-30 03:28:40.220  7519  7519 V NearbyFragment: Transfer to diT4: 59%
06-30 03:28:40.236  7519  7519 V NearbyFragment: Transfer to diT4: 59%
06-30 03:28:40.249  7519  7519 V NearbyFragment: Transfer to diT4: 60%
06-30 03:28:40.260  7519  7519 V NearbyFragment: Transfer to diT4: 60%
06-30 03:28:40.272  7519  7519 V NearbyFragment: Transfer to diT4: 61%
06-30 03:28:40.287  7519  7519 V NearbyFragment: Transfer to diT4: 61%
06-30 03:28:40.289  7519  7519 V NearbyFragment: Transfer to diT4: 61%
06-30 03:28:40.313  7519  7519 V NearbyFragment: Transfer to diT4: 62%
06-30 03:28:40.321  7519  7519 V NearbyFragment: Transfer to diT4: 62%
06-30 03:28:40.401  7519  7519 V NearbyFragment: Transfer to diT4: 62%
06-30 03:28:40.415  7519  7519 V NearbyFragment: Transfer to diT4: 63%
06-30 03:28:40.422  7519  7519 V NearbyFragment: Transfer to diT4: 63%
06-30 03:28:40.429  7519  7519 V NearbyFragment: Transfer to diT4: 64%
06-30 03:28:40.438  7519  7519 V NearbyFragment: Transfer to diT4: 64%
06-30 03:28:40.452  7519  7519 V NearbyFragment: Transfer to diT4: 64%
06-30 03:28:40.474  7519  7519 V NearbyFragment: Transfer to diT4: 65%
06-30 03:28:40.493  7519  7519 V NearbyFragment: Transfer to diT4: 65%
06-30 03:28:40.504  7519  7519 V NearbyFragment: Transfer to diT4: 66%
06-30 03:28:40.542  7519  7519 V NearbyFragment: Transfer to diT4: 66%
06-30 03:28:40.551  7519  7519 V NearbyFragment: Transfer to diT4: 66%
06-30 03:28:40.566  7519  7519 V NearbyFragment: Transfer to diT4: 67%
06-30 03:28:40.582  7519  7519 V NearbyFragment: Transfer to diT4: 67%
06-30 03:28:40.600  7519  7519 V NearbyFragment: Transfer to diT4: 67%
06-30 03:28:40.614  7519  7519 V NearbyFragment: Transfer to diT4: 68%
06-30 03:28:40.622  7519  7519 V NearbyFragment: Transfer to diT4: 68%
06-30 03:28:40.637  7519  7519 V NearbyFragment: Transfer to diT4: 69%
06-30 03:28:40.646  7519  7519 V NearbyFragment: Transfer to diT4: 69%
06-30 03:28:40.649  7519  7519 V NearbyFragment: Transfer to diT4: 69%
06-30 03:28:40.658  7519  7519 V NearbyFragment: Transfer to diT4: 70%
06-30 03:28:40.691  7519  7519 V NearbyFragment: Transfer to diT4: 70%
06-30 03:28:40.734  7519  7519 V NearbyFragment: Transfer to diT4: 71%
06-30 03:28:40.763  7519  7519 V NearbyFragment: Transfer to diT4: 71%
06-30 03:28:40.774  7519  7519 V NearbyFragment: Transfer to diT4: 71%
06-30 03:28:40.775  7519  7519 V NearbyFragment: Transfer to diT4: 72%
06-30 03:28:40.780  7519  7519 V NearbyFragment: Transfer to diT4: 72%
06-30 03:28:40.819  7519  7519 V NearbyFragment: Transfer to diT4: 72%
06-30 03:28:40.848  7519  7519 V NearbyFragment: Transfer to diT4: 73%
06-30 03:28:40.857  7519  7519 V NearbyFragment: Transfer to diT4: 73%
06-30 03:28:40.868  7519  7519 V NearbyFragment: Transfer to diT4: 74%
06-30 03:28:40.893  7519  7519 V NearbyFragment: Transfer to diT4: 74%
06-30 03:28:40.908  7519  7519 V NearbyFragment: Transfer to diT4: 74%
06-30 03:28:40.929  7519  7519 V NearbyFragment: Transfer to diT4: 75%
06-30 03:28:40.949  7519  7519 V NearbyFragment: Transfer to diT4: 75%
06-30 03:28:40.964  7519  7519 V NearbyFragment: Transfer to diT4: 76%
06-30 03:28:40.977  7519  7519 V NearbyFragment: Transfer to diT4: 76%
06-30 03:28:40.985  7519  7519 V NearbyFragment: Transfer to diT4: 76%
06-30 03:28:40.996  7519  7519 V NearbyFragment: Transfer to diT4: 77%
06-30 03:28:41.010  7519  7519 V NearbyFragment: Transfer to diT4: 77%
06-30 03:28:41.029  7519  7519 V NearbyFragment: Transfer to diT4: 78%
06-30 03:28:41.056  7519  7519 V NearbyFragment: Transfer to diT4: 78%
06-30 03:28:41.067  7519  7519 V NearbyFragment: Transfer to diT4: 78%
06-30 03:28:41.074  7519  7519 V NearbyFragment: Transfer to diT4: 79%
06-30 03:28:41.089  7519  7519 V NearbyFragment: Transfer to diT4: 79%
06-30 03:28:41.100  7519  7519 V NearbyFragment: Transfer to diT4: 79%
06-30 03:28:41.108  7519  7519 V NearbyFragment: Transfer to diT4: 80%
06-30 03:28:41.157  7519  7519 V NearbyFragment: Transfer to diT4: 80%
06-30 03:28:41.166  7519  7519 V NearbyFragment: Transfer to diT4: 81%
06-30 03:28:41.176  7519  7519 V NearbyFragment: Transfer to diT4: 81%
06-30 03:28:41.186  7519  7519 V NearbyFragment: Transfer to diT4: 81%
06-30 03:28:41.189  7519  7519 V NearbyFragment: Transfer to diT4: 82%
06-30 03:28:41.194  7519  7519 V NearbyFragment: Transfer to diT4: 82%
06-30 03:28:41.200  7519  7519 V NearbyFragment: Transfer to diT4: 83%
06-30 03:28:41.212  7519  7519 V NearbyFragment: Transfer to diT4: 83%
06-30 03:28:41.226  7519  7519 V NearbyFragment: Transfer to diT4: 83%
06-30 03:28:41.233  7519  7519 V NearbyFragment: Transfer to diT4: 84%
06-30 03:28:41.256  7519  7519 V NearbyFragment: Transfer to diT4: 84%
06-30 03:28:41.265  7519  7519 V NearbyFragment: Transfer to diT4: 84%
06-30 03:28:41.276  7519  7519 V NearbyFragment: Transfer to diT4: 85%
06-30 03:28:41.292  7519  7519 V NearbyFragment: Transfer to diT4: 85%
06-30 03:28:41.301  7519  7519 V NearbyFragment: Transfer to diT4: 86%
06-30 03:28:41.325  7519  7519 V NearbyFragment: Transfer to diT4: 86%
06-30 03:28:41.345  7519  7519 V NearbyFragment: Transfer to diT4: 86%
06-30 03:28:41.351  7519  7519 V NearbyFragment: Transfer to diT4: 87%
06-30 03:28:41.366  7519  7519 V NearbyFragment: Transfer to diT4: 87%
06-30 03:28:41.377  7519  7519 V NearbyFragment: Transfer to diT4: 88%
06-30 03:28:41.390  7519  7519 V NearbyFragment: Transfer to diT4: 88%
06-30 03:28:41.402  7519  7519 V NearbyFragment: Transfer to diT4: 88%
06-30 03:28:41.415  7519  7519 V NearbyFragment: Transfer to diT4: 89%
06-30 03:28:41.424  7519  7519 V NearbyFragment: Transfer to diT4: 89%
06-30 03:28:41.436  7519  7519 V NearbyFragment: Transfer to diT4: 89%
06-30 03:28:41.466  7519  7519 V NearbyFragment: Transfer to diT4: 90%
06-30 03:28:41.475  7519  7519 V NearbyFragment: Transfer to diT4: 90%
06-30 03:28:41.480  7519  7519 V NearbyFragment: Transfer to diT4: 91%
06-30 03:28:41.487  7519  7519 V NearbyFragment: Transfer to diT4: 91%
06-30 03:28:41.493  7519  7519 V NearbyFragment: Transfer to diT4: 91%
06-30 03:28:41.499  7519  7519 V NearbyFragment: Transfer to diT4: 92%
06-30 03:28:41.506  7519  7519 V NearbyFragment: Transfer to diT4: 92%
06-30 03:28:41.515  7519  7519 V NearbyFragment: Transfer to diT4: 93%
06-30 03:28:41.516  7519  7519 V NearbyFragment: Transfer to diT4: 93%
06-30 03:28:41.527  7519  7519 V NearbyFragment: Transfer to diT4: 93%
06-30 03:28:41.541  7519  7519 V NearbyFragment: Transfer to diT4: 94%
06-30 03:28:41.554  7519  7519 V NearbyFragment: Transfer to diT4: 94%
06-30 03:28:41.565  7519  7519 V NearbyFragment: Transfer to diT4: 94%
06-30 03:28:41.590  7519  7519 V NearbyFragment: Transfer to diT4: 95%
06-30 03:28:41.597  7519  7519 V NearbyFragment: Transfer to diT4: 95%
06-30 03:28:41.618  7519  7519 V NearbyFragment: Transfer to diT4: 96%
06-30 03:28:41.630  7519  7519 V NearbyFragment: Transfer to diT4: 96%
06-30 03:28:41.667  7519  7519 V NearbyFragment: Transfer to diT4: 96%
06-30 03:28:41.681  7519  7519 V NearbyFragment: Transfer to diT4: 97%
06-30 03:28:41.687  7519  7519 V NearbyFragment: Transfer to diT4: 97%
06-30 03:28:41.700  7519  7519 V NearbyFragment: Transfer to diT4: 98%
06-30 03:28:41.711  7519  7519 V NearbyFragment: Transfer to diT4: 98%
06-30 03:28:41.721  7519  7519 V NearbyFragment: Transfer to diT4: 98%
06-30 03:28:41.731  7519  7519 V NearbyFragment: Transfer to diT4: 99%
06-30 03:28:41.741  7519  7519 V NearbyFragment: Transfer to diT4: 99%
06-30 03:28:41.748  7519  7519 V NearbyFragment: Transfer to diT4: 100%
06-30 03:28:41.749  7519  7519 V NearbyFragment: Transfer to diT4: 100%
06-30 03:28:41.753  7519  7519 W NearbyFragment: Completed downloading 20200312_194229!000.mp4 from Endpoint{id=diT4, name=Nexus 5X [34d8]} in 06.275s
06-30 03:28:41.755  7519  7519 D NearbyFragment: Summarising 20200312_194229!000.mp4
06-30 03:28:41.809  7519  7519 V VideoManager: videoFromCursor
06-30 03:28:41.812  7519  7519 V ProcessingVideosEventHandler: onAdd
06-30 03:28:41.813  7519  7519 V RawFootageEventHandler: onRemove
06-30 03:28:41.821  7519  7519 V NearbyFragment: Transfer to diT4: 100%
06-30 03:28:41.821  7519  7519 V NearbyFragment: Transfer to diT4: 100%
06-30 03:28:41.828  7519  7939 V SummariserIntentService: onHandleIntent
06-30 03:28:41.829  7519  7939 D SummariserIntentService: Video{id='1303', data='/storage/emulated/0/Download/Nearby/20200312_194229!000.mp4', name='20200312_194229!000.mp4', size=16971954, visible=true, mimeType='video/mp4'}
06-30 03:28:41.829  7519  7939 D SummariserIntentService: /storage/emulated/0/Movies/segment-sum/20200312_194229!000.mp4
06-30 03:28:41.843  7519  7939 I mobile-ffmpeg: Loading mobile-ffmpeg.
06-30 03:28:41.882  7519  7939 I mobile-ffmpeg: Loaded mobile-ffmpeg-full-gpl-arm-v7a-neon-4.2.2-20190703.
06-30 03:28:41.883  7519  7940 D mobile-ffmpeg: Callback thread started.
06-30 03:28:41.884  7519  7940 I mobile-ffmpeg: 
06-30 03:28:41.884  7519  7940 I chatty  : uid=10086(com.example.edgesum) Thread-4 identical 1 line
06-30 03:28:41.884  7519  7940 I mobile-ffmpeg: 
