--------- beginning of main
06-29 22:21:51.442 10697 10697 I zygote64: Late-enabling -Xcheck:jni
--------- beginning of system
06-29 22:21:51.589 10697 10697 I ActivityThread: handleStopService: token=android.os.BinderProxy@e6cc6cc not found.
06-29 22:21:51.595 10697 10697 I TransferService: Starting Transfer Service to listen for network connectivity changes.
06-29 22:21:51.601 10697 10697 W LogFactory: Truncating log tag length as it exceed 23, the limit imposed by Android on certain API Levels
06-29 22:21:51.629 10697 10697 I TransferService: Registering the network receiver
06-29 22:21:51.634 10697 10697 I TransferService: Moving the service out of the Foreground state.
06-29 22:21:51.636 10697 10697 I TransferService: De-registering the network receiver.
06-29 22:21:57.735 10697 10697 I zygote64: Rejecting re-init on previously-failed class java.lang.Class<androidx.core.view.ViewCompat$2>: java.lang.NoClassDefFoundError: Failed resolution of: Landroid/view/View$OnUnhandledKeyEventListener;
06-29 22:21:57.735 10697 10697 I zygote64:   at void androidx.core.view.ViewCompat.setOnApplyWindowInsetsListener(android.view.View, androidx.core.view.OnApplyWindowInsetsListener) (ViewCompat.java:2421)
06-29 22:21:57.735 10697 10697 I zygote64:   at android.view.ViewGroup androidx.appcompat.app.AppCompatDelegateImpl.createSubDecor() (AppCompatDelegateImpl.java:779)
06-29 22:21:57.735 10697 10697 I zygote64:   at void androidx.appcompat.app.AppCompatDelegateImpl.ensureSubDecor() (AppCompatDelegateImpl.java:659)
06-29 22:21:57.735 10697 10697 I zygote64:   at void androidx.appcompat.app.AppCompatDelegateImpl.setContentView(int) (AppCompatDelegateImpl.java:552)
06-29 22:21:57.735 10697 10697 I zygote64:   at void androidx.appcompat.app.AppCompatActivity.setContentView(int) (AppCompatActivity.java:161)
06-29 22:21:57.735 10697 10697 I zygote64:   at void com.example.edgesum.page.main.MainActivity.onCreate(android.os.Bundle) (MainActivity.java:95)
06-29 22:21:57.735 10697 10697 I zygote64:   at void android.app.Activity.performCreate(android.os.Bundle, android.os.PersistableBundle) (Activity.java:7009)
06-29 22:21:57.735 10697 10697 I zygote64:   at void android.app.Activity.performCreate(android.os.Bundle) (Activity.java:7000)
06-29 22:21:57.735 10697 10697 I zygote64:   at void android.app.Instrumentation.callActivityOnCreate(android.app.Activity, android.os.Bundle) (Instrumentation.java:1214)
06-29 22:21:57.735 10697 10697 I zygote64:   at android.app.Activity android.app.ActivityThread.performLaunchActivity(android.app.ActivityThread$ActivityClientRecord, android.content.Intent) (ActivityThread.java:2731)
06-29 22:21:57.735 10697 10697 I zygote64:   at void android.app.ActivityThread.handleLaunchActivity(android.app.ActivityThread$ActivityClientRecord, android.content.Intent, java.lang.String) (ActivityThread.java:2856)
06-29 22:21:57.735 10697 10697 I zygote64:   at void android.app.ActivityThread.-wrap11(android.app.ActivityThread, android.app.ActivityThread$ActivityClientRecord, android.content.Intent, java.lang.String) (ActivityThread.java:-1)
06-29 22:21:57.735 10697 10697 I zygote64:   at void android.app.ActivityThread$H.handleMessage(android.os.Message) (ActivityThread.java:1589)
06-29 22:21:57.735 10697 10697 I zygote64:   at void android.os.Handler.dispatchMessage(android.os.Message) (Handler.java:106)
06-29 22:21:57.735 10697 10697 I zygote64:   at void android.os.Looper.loop() (Looper.java:164)
06-29 22:21:57.735 10697 10697 I zygote64:   at void android.app.ActivityThread.main(java.lang.String[]) (ActivityThread.java:6494)
06-29 22:21:57.735 10697 10697 I zygote64:   at java.lang.Object java.lang.reflect.Method.invoke(java.lang.Object, java.lang.Object[]) (Method.java:-2)
06-29 22:21:57.735 10697 10697 I zygote64:   at void com.android.internal.os.RuntimeInit$MethodAndArgsCaller.run() (RuntimeInit.java:438)
06-29 22:21:57.735 10697 10697 I zygote64:   at void com.android.internal.os.ZygoteInit.main(java.lang.String[]) (ZygoteInit.java:807)
06-29 22:21:57.735 10697 10697 I zygote64: Caused by: java.lang.ClassNotFoundException: Didn't find class "android.view.View$OnUnhandledKeyEventListener" on path: DexPathList[[zip file "/data/app/com.example.edgesum-xo3L3oHCK05qKs3PdMmOEQ==/base.apk"],nativeLibraryDirectories=[/data/app/com.example.edgesum-xo3L3oHCK05qKs3PdMmOEQ==/lib/arm64, /data/app/com.example.edgesum-xo3L3oHCK05qKs3PdMmOEQ==/base.apk!/lib/arm64-v8a, /system/lib64, /vendor/lib64]]
06-29 22:21:57.735 10697 10697 I zygote64:   at java.lang.Class dalvik.system.BaseDexClassLoader.findClass(java.lang.String) (BaseDexClassLoader.java:125)
06-29 22:21:57.735 10697 10697 I zygote64:   at java.lang.Class java.lang.ClassLoader.loadClass(java.lang.String, boolean) (ClassLoader.java:379)
06-29 22:21:57.735 10697 10697 I zygote64:   at java.lang.Class java.lang.ClassLoader.loadClass(java.lang.String) (ClassLoader.java:312)
06-29 22:21:57.735 10697 10697 I zygote64:   at void androidx.core.view.ViewCompat.setOnApplyWindowInsetsListener(android.view.View, androidx.core.view.OnApplyWindowInsetsListener) (ViewCompat.java:2421)
06-29 22:21:57.735 10697 10697 I zygote64:   at android.view.ViewGroup androidx.appcompat.app.AppCompatDelegateImpl.createSubDecor() (AppCompatDelegateImpl.java:779)
06-29 22:21:57.735 10697 10697 I zygote64:   at void androidx.appcompat.app.AppCompatDelegateImpl.ensureSubDecor() (AppCompatDelegateImpl.java:659)
06-29 22:21:57.735 10697 10697 I zygote64:   at void androidx.appcompat.app.AppCompatDelegateImpl.setContentView(int) (AppCompatDelegateImpl.java:552)
06-29 22:21:57.735 10697 10697 I zygote64:   at void androidx.appcompat.app.AppCompatActivity.setContentView(int) (AppCompatActivity.java:161)
06-29 22:21:57.735 10697 10697 I zygote64:   at void com.example.edgesum.page.main.MainActivity.onCreate(android.os.Bundle) (MainActivity.java:95)
06-29 22:21:57.735 10697 10697 I zygote64:   at void android.app.Activity.performCreate(android.os.Bundle, android.os.PersistableBundle) (Activity.java:7009)
06-29 22:21:57.735 10697 10697 I zygote64:   at void android.app.Activity.performCreate(android.os.Bundle) (Activity.java:7000)
06-29 22:21:57.735 10697 10697 I zygote64:   at void android.app.Instrumentation.callActivityOnCreate(android.app.Activity, android.os.Bundle) (Instrumentation.java:1214)
06-29 22:21:57.735 10697 10697 I zygote64:   at android.app.Activity android.app.ActivityThread.performLaunchActivity(android.app.ActivityThread$ActivityClientRecord, android.content.Intent) (ActivityThread.java:2731)
06-29 22:21:57.735 10697 10697 I zygote64:   at void android.app.ActivityThread.handleLaunchActivity(android.app.ActivityThread$ActivityClientRecord, android.content.Intent, java.lang.String) (ActivityThread.java:2856)
06-29 22:21:57.735 10697 10697 I zygote64:   at void android.app.ActivityThread.-wrap11(android.app.ActivityThread, android.app.ActivityThread$ActivityClientRecord, android.content.Intent, java.lang.String) (ActivityThread.java:-1)
06-29 22:21:57.735 10697 10697 I zygote64:   at void android.app.ActivityThread$H.handleMessage(android.os.Message) (ActivityThread.java:1589)
06-29 22:21:57.735 10697 10697 I zygote64:   at void android.os.Handler.dispatchMessage(android.os.Message) (Handler.java:106)
06-29 22:21:57.735 10697 10697 I zygote64:   at void android.os.Looper.loop() (Looper.java:164)
06-29 22:21:57.735 10697 10697 I zygote64:   at void android.app.ActivityThread.main(java.lang.String[]) (ActivityThread.java:6494)
06-29 22:21:57.735 10697 10697 I zygote64:   at java.lang.Object java.lang.reflect.Method.invoke(java.lang.Object, java.lang.Object[]) (Method.java:-2)
06-29 22:21:57.735 10697 10697 I zygote64:   at void com.android.internal.os.RuntimeInit$MethodAndArgsCaller.run() (RuntimeInit.java:438)
06-29 22:21:57.736 10697 10697 I zygote64:   at void com.android.internal.os.ZygoteInit.main(java.lang.String[]) (ZygoteInit.java:807)
06-29 22:21:57.736 10697 10697 I zygote64: 
06-29 22:21:57.736 10697 10697 I zygote64: Rejecting re-init on previously-failed class java.lang.Class<androidx.core.view.ViewCompat$2>: java.lang.NoClassDefFoundError: Failed resolution of: Landroid/view/View$OnUnhandledKeyEventListener;
06-29 22:21:57.736 10697 10697 I zygote64:   at void androidx.core.view.ViewCompat.setOnApplyWindowInsetsListener(android.view.View, androidx.core.view.OnApplyWindowInsetsListener) (ViewCompat.java:2421)
06-29 22:21:57.736 10697 10697 I zygote64:   at android.view.ViewGroup androidx.appcompat.app.AppCompatDelegateImpl.createSubDecor() (AppCompatDelegateImpl.java:779)
06-29 22:21:57.736 10697 10697 I zygote64:   at void androidx.appcompat.app.AppCompatDelegateImpl.ensureSubDecor() (AppCompatDelegateImpl.java:659)
06-29 22:21:57.736 10697 10697 I zygote64:   at void androidx.appcompat.app.AppCompatDelegateImpl.setContentView(int) (AppCompatDelegateImpl.java:552)
06-29 22:21:57.736 10697 10697 I zygote64:   at void androidx.appcompat.app.AppCompatActivity.setContentView(int) (AppCompatActivity.java:161)
06-29 22:21:57.736 10697 10697 I zygote64:   at void com.example.edgesum.page.main.MainActivity.onCreate(android.os.Bundle) (MainActivity.java:95)
06-29 22:21:57.736 10697 10697 I zygote64:   at void android.app.Activity.performCreate(android.os.Bundle, android.os.PersistableBundle) (Activity.java:7009)
06-29 22:21:57.736 10697 10697 I zygote64:   at void android.app.Activity.performCreate(android.os.Bundle) (Activity.java:7000)
06-29 22:21:57.736 10697 10697 I zygote64:   at void android.app.Instrumentation.callActivityOnCreate(android.app.Activity, android.os.Bundle) (Instrumentation.java:1214)
06-29 22:21:57.736 10697 10697 I zygote64:   at android.app.Activity android.app.ActivityThread.performLaunchActivity(android.app.ActivityThread$ActivityClientRecord, android.content.Intent) (ActivityThread.java:2731)
06-29 22:21:57.736 10697 10697 I zygote64:   at void android.app.ActivityThread.handleLaunchActivity(android.app.ActivityThread$ActivityClientRecord, android.content.Intent, java.lang.String) (ActivityThread.java:2856)
06-29 22:21:57.736 10697 10697 I zygote64:   at void android.app.ActivityThread.-wrap11(android.app.ActivityThread, android.app.ActivityThread$ActivityClientRecord, android.content.Intent, java.lang.String) (ActivityThread.java:-1)
06-29 22:21:57.736 10697 10697 I zygote64:   at void android.app.ActivityThread$H.handleMessage(android.os.Message) (ActivityThread.java:1589)
06-29 22:21:57.736 10697 10697 I zygote64:   at void android.os.Handler.dispatchMessage(android.os.Message) (Handler.java:106)
06-29 22:21:57.736 10697 10697 I zygote64:   at void android.os.Looper.loop() (Looper.java:164)
06-29 22:21:57.736 10697 10697 I zygote64:   at void android.app.ActivityThread.main(java.lang.String[]) (ActivityThread.java:6494)
06-29 22:21:57.736 10697 10697 I zygote64:   at java.lang.Object java.lang.reflect.Method.invoke(java.lang.Object, java.lang.Object[]) (Method.java:-2)
06-29 22:21:57.736 10697 10697 I zygote64:   at void com.android.internal.os.RuntimeInit$MethodAndArgsCaller.run() (RuntimeInit.java:438)
06-29 22:21:57.736 10697 10697 I zygote64:   at void com.android.internal.os.ZygoteInit.main(java.lang.String[]) (ZygoteInit.java:807)
06-29 22:21:57.736 10697 10697 I zygote64: Caused by: java.lang.ClassNotFoundException: Didn't find class "android.view.View$OnUnhandledKeyEventListener" on path: DexPathList[[zip file "/data/app/com.example.edgesum-xo3L3oHCK05qKs3PdMmOEQ==/base.apk"],nativeLibraryDirectories=[/data/app/com.example.edgesum-xo3L3oHCK05qKs3PdMmOEQ==/lib/arm64, /data/app/com.example.edgesum-xo3L3oHCK05qKs3PdMmOEQ==/base.apk!/lib/arm64-v8a, /system/lib64, /vendor/lib64]]
06-29 22:21:57.736 10697 10697 I zygote64:   at java.lang.Class dalvik.system.BaseDexClassLoader.findClass(java.lang.String) (BaseDexClassLoader.java:125)
06-29 22:21:57.736 10697 10697 I zygote64:   at java.lang.Class java.lang.ClassLoader.loadClass(java.lang.String, boolean) (ClassLoader.java:379)
06-29 22:21:57.736 10697 10697 I zygote64:   at java.lang.Class java.lang.ClassLoader.loadClass(java.lang.String) (ClassLoader.java:312)
06-29 22:21:57.736 10697 10697 I zygote64:   at void androidx.core.view.ViewCompat.setOnApplyWindowInsetsListener(android.view.View, androidx.core.view.OnApplyWindowInsetsListener) (ViewCompat.java:2421)
06-29 22:21:57.736 10697 10697 I zygote64:   at android.view.ViewGroup androidx.appcompat.app.AppCompatDelegateImpl.createSubDecor() (AppCompatDelegateImpl.java:779)
06-29 22:21:57.736 10697 10697 I zygote64:   at void androidx.appcompat.app.AppCompatDelegateImpl.ensureSubDecor() (AppCompatDelegateImpl.java:659)
06-29 22:21:57.736 10697 10697 I zygote64:   at void androidx.appcompat.app.AppCompatDelegateImpl.setContentView(int) (AppCompatDelegateImpl.java:552)
06-29 22:21:57.736 10697 10697 I zygote64:   at void androidx.appcompat.app.AppCompatActivity.setContentView(int) (AppCompatActivity.java:161)
06-29 22:21:57.736 10697 10697 I zygote64:   at void com.example.edgesum.page.main.MainActivity.onCreate(android.os.Bundle) (MainActivity.java:95)
06-29 22:21:57.737 10697 10697 I zygote64:   at void android.app.Activity.performCreate(android.os.Bundle, android.os.PersistableBundle) (Activity.java:7009)
06-29 22:21:57.737 10697 10697 I zygote64:   at void android.app.Activity.performCreate(android.os.Bundle) (Activity.java:7000)
06-29 22:21:57.737 10697 10697 I zygote64:   at void android.app.Instrumentation.callActivityOnCreate(android.app.Activity, android.os.Bundle) (Instrumentation.java:1214)
06-29 22:21:57.737 10697 10697 I zygote64:   at android.app.Activity android.app.ActivityThread.performLaunchActivity(android.app.ActivityThread$ActivityClientRecord, android.content.Intent) (ActivityThread.java:2731)
06-29 22:21:57.737 10697 10697 I zygote64:   at void android.app.ActivityThread.handleLaunchActivity(android.app.ActivityThread$ActivityClientRecord, android.content.Intent, java.lang.String) (ActivityThread.java:2856)
06-29 22:21:57.737 10697 10697 I zygote64:   at void android.app.ActivityThread.-wrap11(android.app.ActivityThread, android.app.ActivityThread$ActivityClientRecord, android.content.Intent, java.lang.String) (ActivityThread.java:-1)
06-29 22:21:57.737 10697 10697 I zygote64:   at void android.app.ActivityThread$H.handleMessage(android.os.Message) (ActivityThread.java:1589)
06-29 22:21:57.737 10697 10697 I zygote64:   at void android.os.Handler.dispatchMessage(android.os.Message) (Handler.java:106)
06-29 22:21:57.737 10697 10697 I zygote64:   at void android.os.Looper.loop() (Looper.java:164)
06-29 22:21:57.737 10697 10697 I zygote64:   at void android.app.ActivityThread.main(java.lang.String[]) (ActivityThread.java:6494)
06-29 22:21:57.737 10697 10697 I zygote64:   at java.lang.Object java.lang.reflect.Method.invoke(java.lang.Object, java.lang.Object[]) (Method.java:-2)
06-29 22:21:57.737 10697 10697 I zygote64:   at void com.android.internal.os.RuntimeInit$MethodAndArgsCaller.run() (RuntimeInit.java:438)
06-29 22:21:57.737 10697 10697 I zygote64:   at void com.android.internal.os.ZygoteInit.main(java.lang.String[]) (ZygoteInit.java:807)
06-29 22:21:57.737 10697 10697 I zygote64: 
06-29 22:21:57.737 10697 10697 I zygote64: Rejecting re-init on previously-failed class java.lang.Class<androidx.core.view.ViewCompat$2>: java.lang.NoClassDefFoundError: Failed resolution of: Landroid/view/View$OnUnhandledKeyEventListener;
06-29 22:21:57.737 10697 10697 I zygote64:   at void androidx.core.view.ViewCompat.setOnApplyWindowInsetsListener(android.view.View, androidx.core.view.OnApplyWindowInsetsListener) (ViewCompat.java:2421)
06-29 22:21:57.737 10697 10697 I zygote64:   at android.view.ViewGroup androidx.appcompat.app.AppCompatDelegateImpl.createSubDecor() (AppCompatDelegateImpl.java:779)
06-29 22:21:57.737 10697 10697 I zygote64:   at void androidx.appcompat.app.AppCompatDelegateImpl.ensureSubDecor() (AppCompatDelegateImpl.java:659)
06-29 22:21:57.737 10697 10697 I zygote64:   at void androidx.appcompat.app.AppCompatDelegateImpl.setContentView(int) (AppCompatDelegateImpl.java:552)
06-29 22:21:57.737 10697 10697 I zygote64:   at void androidx.appcompat.app.AppCompatActivity.setContentView(int) (AppCompatActivity.java:161)
06-29 22:21:57.737 10697 10697 I zygote64:   at void com.example.edgesum.page.main.MainActivity.onCreate(android.os.Bundle) (MainActivity.java:95)
06-29 22:21:57.737 10697 10697 I zygote64:   at void android.app.Activity.performCreate(android.os.Bundle, android.os.PersistableBundle) (Activity.java:7009)
06-29 22:21:57.737 10697 10697 I zygote64:   at void android.app.Activity.performCreate(android.os.Bundle) (Activity.java:7000)
06-29 22:21:57.737 10697 10697 I zygote64:   at void android.app.Instrumentation.callActivityOnCreate(android.app.Activity, android.os.Bundle) (Instrumentation.java:1214)
06-29 22:21:57.737 10697 10697 I zygote64:   at android.app.Activity android.app.ActivityThread.performLaunchActivity(android.app.ActivityThread$ActivityClientRecord, android.content.Intent) (ActivityThread.java:2731)
06-29 22:21:57.737 10697 10697 I zygote64:   at void android.app.ActivityThread.handleLaunchActivity(android.app.ActivityThread$ActivityClientRecord, android.content.Intent, java.lang.String) (ActivityThread.java:2856)
06-29 22:21:57.737 10697 10697 I zygote64:   at void android.app.ActivityThread.-wrap11(android.app.ActivityThread, android.app.ActivityThread$ActivityClientRecord, android.content.Intent, java.lang.String) (ActivityThread.java:-1)
06-29 22:21:57.737 10697 10697 I zygote64:   at void android.app.ActivityThread$H.handleMessage(android.os.Message) (ActivityThread.java:1589)
06-29 22:21:57.737 10697 10697 I zygote64:   at void android.os.Handler.dispatchMessage(android.os.Message) (Handler.java:106)
06-29 22:21:57.737 10697 10697 I zygote64:   at void android.os.Looper.loop() (Looper.java:164)
06-29 22:21:57.737 10697 10697 I zygote64:   at void android.app.ActivityThread.main(java.lang.String[]) (ActivityThread.java:6494)
06-29 22:21:57.737 10697 10697 I zygote64:   at java.lang.Object java.lang.reflect.Method.invoke(java.lang.Object, java.lang.Object[]) (Method.java:-2)
06-29 22:21:57.737 10697 10697 I zygote64:   at void com.android.internal.os.RuntimeInit$MethodAndArgsCaller.run() (RuntimeInit.java:438)
06-29 22:21:57.737 10697 10697 I zygote64:   at void com.android.internal.os.ZygoteInit.main(java.lang.String[]) (ZygoteInit.java:807)
06-29 22:21:57.737 10697 10697 I zygote64: Caused by: java.lang.ClassNotFoundException: Didn't find class "android.view.View$OnUnhandledKeyEventListener" on path: DexPathList[[zip file "/data/app/com.example.edgesum-xo3L3oHCK05qKs3PdMmOEQ==/base.apk"],nativeLibraryDirectories=[/data/app/com.example.edgesum-xo3L3oHCK05qKs3PdMmOEQ==/lib/arm64, /data/app/com.example.edgesum-xo3L3oHCK05qKs3PdMmOEQ==/base.apk!/lib/arm64-v8a, /system/lib64, /vendor/lib64]]
06-29 22:21:57.737 10697 10697 I zygote64:   at java.lang.Class dalvik.system.BaseDexClassLoader.findClass(java.lang.String) (BaseDexClassLoader.java:125)
06-29 22:21:57.737 10697 10697 I zygote64:   at java.lang.Class java.lang.ClassLoader.loadClass(java.lang.String, boolean) (ClassLoader.java:379)
06-29 22:21:57.737 10697 10697 I zygote64:   at java.lang.Class java.lang.ClassLoader.loadClass(java.lang.String) (ClassLoader.java:312)
06-29 22:21:57.737 10697 10697 I zygote64:   at void androidx.core.view.ViewCompat.setOnApplyWindowInsetsListener(android.view.View, androidx.core.view.OnApplyWindowInsetsListener) (ViewCompat.java:2421)
06-29 22:21:57.737 10697 10697 I zygote64:   at android.view.ViewGroup androidx.appcompat.app.AppCompatDelegateImpl.createSubDecor() (AppCompatDelegateImpl.java:779)
06-29 22:21:57.737 10697 10697 I zygote64:   at void androidx.appcompat.app.AppCompatDelegateImpl.ensureSubDecor() (AppCompatDelegateImpl.java:659)
06-29 22:21:57.737 10697 10697 I zygote64:   at void androidx.appcompat.app.AppCompatDelegateImpl.setContentView(int) (AppCompatDelegateImpl.java:552)
06-29 22:21:57.737 10697 10697 I zygote64:   at void androidx.appcompat.app.AppCompatActivity.setContentView(int) (AppCompatActivity.java:161)
06-29 22:21:57.737 10697 10697 I zygote64:   at void com.example.edgesum.page.main.MainActivity.onCreate(android.os.Bundle) (MainActivity.java:95)
06-29 22:21:57.737 10697 10697 I zygote64:   at void android.app.Activity.performCreate(android.os.Bundle, android.os.PersistableBundle) (Activity.java:7009)
06-29 22:21:57.737 10697 10697 I zygote64:   at void android.app.Activity.performCreate(android.os.Bundle) (Activity.java:7000)
06-29 22:21:57.737 10697 10697 I zygote64:   at void android.app.Instrumentation.callActivityOnCreate(android.app.Activity, android.os.Bundle) (Instrumentation.java:1214)
06-29 22:21:57.738 10697 10697 I zygote64:   at android.app.Activity android.app.ActivityThread.performLaunchActivity(android.app.ActivityThread$ActivityClientRecord, android.content.Intent) (ActivityThread.java:2731)
06-29 22:21:57.738 10697 10697 I zygote64:   at void android.app.ActivityThread.handleLaunchActivity(android.app.ActivityThread$ActivityClientRecord, android.content.Intent, java.lang.String) (ActivityThread.java:2856)
06-29 22:21:57.738 10697 10697 I zygote64:   at void android.app.ActivityThread.-wrap11(android.app.ActivityThread, android.app.ActivityThread$ActivityClientRecord, android.content.Intent, java.lang.String) (ActivityThread.java:-1)
06-29 22:21:57.738 10697 10697 I zygote64:   at void android.app.ActivityThread$H.handleMessage(android.os.Message) (ActivityThread.java:1589)
06-29 22:21:57.738 10697 10697 I zygote64:   at void android.os.Handler.dispatchMessage(android.os.Message) (Handler.java:106)
06-29 22:21:57.738 10697 10697 I zygote64:   at void android.os.Looper.loop() (Looper.java:164)
06-29 22:21:57.738 10697 10697 I zygote64:   at void android.app.ActivityThread.main(java.lang.String[]) (ActivityThread.java:6494)
06-29 22:21:57.738 10697 10697 I zygote64:   at java.lang.Object java.lang.reflect.Method.invoke(java.lang.Object, java.lang.Object[]) (Method.java:-2)
06-29 22:21:57.738 10697 10697 I zygote64:   at void com.android.internal.os.RuntimeInit$MethodAndArgsCaller.run() (RuntimeInit.java:438)
06-29 22:21:57.738 10697 10697 I zygote64:   at void com.android.internal.os.ZygoteInit.main(java.lang.String[]) (ZygoteInit.java:807)
06-29 22:21:57.738 10697 10697 I zygote64: 
06-29 22:21:57.921 10697 10697 V Repo    : /storage/emulated/0/Movies/raw
06-29 22:21:57.921 10697 10697 V Repo    : /storage/emulated/0/Movies/summarised
06-29 22:21:57.933 10697 10697 V FileManager: External storage is readable
06-29 22:21:57.934 10697 10697 V FileManager: Directory already exists: /storage/emulated/0/Movies/raw
06-29 22:21:57.939 10697 10697 V FileManager: External storage is readable
06-29 22:21:57.939 10697 10697 V FileManager: Directory already exists: /storage/emulated/0/Movies/summarised
06-29 22:21:57.948 10697 10697 V FileManager: External storage is readable
06-29 22:21:57.948 10697 10697 V FileManager: Directory already exists: /storage/emulated/0/Download/nearby
06-29 22:21:57.953 10697 10697 V FileManager: External storage is readable
06-29 22:21:57.954 10697 10697 V FileManager: Directory already exists: /storage/emulated/0/Movies/segment
06-29 22:21:57.966 10697 10697 V FileManager: External storage is readable
06-29 22:21:57.967 10697 10697 V FileManager: Directory already exists: /storage/emulated/0/Movies/segment-sum
06-29 22:21:58.107 10697 10697 V VideoManager: getAllVideoFromExternalStorageFolder
06-29 22:21:58.114 10697 10697 D VideoManager: /storage/emulated/0/Movies/summarised
06-29 22:21:58.128 10697 10697 D VideoManager: 0 videos return
06-29 22:21:58.158 10697 10697 V VideoManager: getAllVideoFromExternalStorageFolder
06-29 22:21:58.163 10697 10697 D VideoManager: /storage/emulated/0/Movies/raw
06-29 22:21:58.170 10697 10697 D VideoManager: 0 videos return
06-29 22:21:58.218 10697 10729 D OpenGLRenderer: HWUI GL Pipeline
06-29 22:21:58.230 10697 10697 I TransferService: Starting Transfer Service to listen for network connectivity changes.
06-29 22:21:58.231 10697 10697 I TransferService: Registering the network receiver
06-29 22:21:58.234 10697 10697 E TransferService: No notification is passed in the intent. Unable to transition to foreground.
06-29 22:21:58.282 10697 10710 D MainActivity: Scanned /storage/emulated/0/Movies/summarised
06-29 22:21:58.282 10697 10710 D MainActivity:   -> uri=content://media/external/file/6248
06-29 22:21:58.318 10697 10729 I Adreno  : QUALCOMM build                   : 8e59954, I0be83d0d26
06-29 22:21:58.318 10697 10729 I Adreno  : Build Date                       : 09/22/17
06-29 22:21:58.318 10697 10729 I Adreno  : OpenGL ES Shader Compiler Version: EV031.21.02.00
06-29 22:21:58.318 10697 10729 I Adreno  : Local Branch                     : O17A
06-29 22:21:58.318 10697 10729 I Adreno  : Remote Branch                    : 
06-29 22:21:58.318 10697 10729 I Adreno  : Remote Branch                    : 
06-29 22:21:58.318 10697 10729 I Adreno  : Reconstruct Branch               : 
06-29 22:21:58.319 10697 10729 D vndksupport: Loading /vendor/lib64/hw/gralloc.msm8992.so from current namespace instead of sphal namespace.
06-29 22:21:58.327 10697 10729 I Adreno  : PFP: 0x00000000, ME: 0x00000000
06-29 22:21:58.333 10697 10729 I zygote64: android::hardware::configstore::V1_0::ISurfaceFlingerConfigs::hasWideColorDisplay retrieved: 0
06-29 22:21:58.338 10697 10729 I OpenGLRenderer: Initialized EGL, version 1.4
06-29 22:21:58.339 10697 10729 D OpenGLRenderer: Swap behavior 2
06-29 22:21:58.344 10697 10710 D MainActivity: Scanned /storage/emulated/0/Movies/raw
06-29 22:21:58.344 10697 10710 D MainActivity:   -> uri=content://media/external/file/6249
06-29 22:21:58.352 10697 10697 I TransferNetworkLossHand: Network connectivity changed detected.
06-29 22:21:58.355 10697 10697 I TransferNetworkLossHand: Network connected: true
06-29 22:21:58.356 10697 10702 I zygote64: Do partial code cache collection, code=23KB, data=29KB
06-29 22:21:58.356 10697 10702 I zygote64: After code cache collection, code=23KB, data=29KB
06-29 22:21:58.356 10697 10702 I zygote64: Increasing code cache capacity to 128KB
06-29 22:21:58.449 10697 10729 D vndksupport: Loading /vendor/lib64/hw/android.hardware.graphics.mapper@2.0-impl.so from current namespace instead of sphal namespace.
06-29 22:21:58.450 10697 10729 D vndksupport: Loading /vendor/lib64/hw/gralloc.msm8992.so from current namespace instead of sphal namespace.
06-29 22:22:01.697 10697 10697 V MainActivity: Connect button clicked
06-29 22:22:05.084 10697 10697 V ConnectionFragment: Advertisement switch checked
06-29 22:22:07.385 10697 10697 D NearbyFragment: Started advertising
06-29 22:22:17.225 10697 10697 D NearbyFragment: Initiated connection with null: Galaxy S8 [2802]
06-29 22:22:17.357 10697 10702 I zygote64: Do partial code cache collection, code=49KB, data=56KB
06-29 22:22:17.357 10697 10702 I zygote64: After code cache collection, code=49KB, data=56KB
06-29 22:22:17.357 10697 10702 I zygote64: Increasing code cache capacity to 256KB
06-29 22:22:17.357 10697 10702 I zygote64: Compiler allocated 4MB to compile void android.view.View.<init>(android.content.Context, android.util.AttributeSet, int, int)
06-29 22:22:18.841 10697 10702 I zygote64: Do full code cache collection, code=124KB, data=104KB
06-29 22:22:18.842 10697 10702 I zygote64: After code cache collection, code=122KB, data=63KB
06-29 22:22:19.417 10697 10697 I NearbyFragment: Connected to Endpoint{id=L-ub, name=Galaxy S8 [2802]}
06-29 22:22:19.480 10697 10702 I zygote64: Do partial code cache collection, code=123KB, data=69KB
06-29 22:22:19.480 10697 10702 I zygote64: After code cache collection, code=123KB, data=69KB
06-29 22:22:19.480 10697 10702 I zygote64: Increasing code cache capacity to 512KB
06-29 22:22:47.571 10697 10697 D NearbyFragment: Initiated connection with null: Nexus 5 [1825]
06-29 22:22:52.624 10697 10697 I NearbyFragment: Connected to Endpoint{id=xvz2, name=Nexus 5 [1825]}
06-29 22:23:01.894 10697 10697 D NearbyFragment: Initiated connection with null: Nexus 5X [9c8f]
06-29 22:23:04.598 10697 10697 I NearbyFragment: Connected to Endpoint{id=nFAu, name=Nexus 5X [9c8f]}
06-29 22:23:07.142 10697 10697 V ConnectionFragment: Advertisement switch unchecked
06-29 22:23:07.142 10697 10697 D NearbyFragment: Stopped advertising
06-29 22:23:07.332 10697 10702 I zygote64: Do full code cache collection, code=250KB, data=190KB
06-29 22:23:07.334 10697 10702 I zygote64: After code cache collection, code=249KB, data=151KB
06-29 22:24:16.396 10697 10697 V ConnectionFragment: Auto-send switch checked
06-29 22:24:16.496 10697 10697 W NearbyFragment: Preferences:
06-29 22:24:16.496 10697 10697 W NearbyFragment:   Auto download: true
06-29 22:24:16.496 10697 10697 W NearbyFragment:   Algorithm: ordered
06-29 22:24:16.496 10697 10697 W NearbyFragment:   Fast scheduling: true
06-29 22:24:16.496 10697 10697 W NearbyFragment:   Segmentation: true
06-29 22:24:16.496 10697 10697 W NearbyFragment:   Auto segmentation: false
06-29 22:24:16.496 10697 10697 W NearbyFragment:   Segment number: 4
06-29 22:24:16.496 10697 10697 W NearbyFragment:   Noise tolerance: 45.00
06-29 22:24:16.496 10697 10697 W NearbyFragment:   Quality: 23
06-29 22:24:16.496 10697 10697 W NearbyFragment:   Speed: medium
06-29 22:24:16.496 10697 10697 W NearbyFragment:   Freeze duration: 1.00
06-29 22:24:16.497 10697 10697 W NearbyFragment: Download delay: 1s
06-29 22:24:16.497 10697 10697 W NearbyFragment: Started downloading from dashcam
06-29 22:24:16.499 10697 10920 V DownloadTestVideosTask: Starting DownloadTestVideosTask
06-29 22:24:16.510 10697 10920 V DashDownloadManager: Started downloading: 20200312_150643.mp4
06-29 22:24:21.178 10697 10697 V MainActivity: Navigation summarised button clicked
06-29 22:24:21.225 10697 10702 I zygote64: Do partial code cache collection, code=251KB, data=151KB
06-29 22:24:21.225 10697 10702 I zygote64: After code cache collection, code=251KB, data=151KB
06-29 22:24:21.225 10697 10702 I zygote64: Increasing code cache capacity to 1024KB
06-29 22:24:33.848 10697 10697 V VideoManager: videoFromCursor
06-29 22:24:33.857 10697 10697 V RawFootageEventHandler: onAdd
06-29 22:24:33.860 10697 10697 I mobile-ffmpeg: Loading mobile-ffmpeg.
06-29 22:24:33.956 10697 10697 I mobile-ffmpeg: Loaded mobile-ffmpeg-full-gpl-arm64-v8a-4.2.2-20190703.
06-29 22:24:33.959 10697 10942 D mobile-ffmpeg: Callback thread started.
06-29 22:24:34.121 10697 10697 V FileManager: External storage is readable
06-29 22:24:34.124 10697 10697 V FileManager: Created new directory: /storage/emulated/0/Movies/segment/20200312_150643
06-29 22:24:34.126 10697 10697 I FfmpegTools: Running ffmpeg with:
06-29 22:24:34.126 10697 10697 I FfmpegTools:   -y -i /storage/emulated/0/Movies/raw/20200312_150643.mp4 -map 0 -c copy -f segment -reset_timestamps 1 -segment_time 16 /storage/emulated/0/Movies/segment/20200312_150643/20200312_150643!%03d.mp4
06-29 22:24:34.137 10697 10942 W mobile-ffmpeg: 
06-29 22:24:34.137 10697 10942 W mobile-ffmpeg: [mov,mp4,m4a,3gp,3g2,mj2 @ 0x77505f2400] 
06-29 22:24:34.137 10697 10942 W mobile-ffmpeg: 
06-29 22:24:34.137 10697 10942 W mobile-ffmpeg: Found duplicated MOOV Atom. Skipped it
06-29 22:24:34.189 10697 10942 I mobile-ffmpeg: 
06-29 22:24:34.189 10697 10942 I chatty  : uid=10100(com.example.edgesum) Thread-3 identical 1 line
06-29 22:24:34.189 10697 10942 I mobile-ffmpeg: 
06-29 22:24:34.189 10697 10942 I mobile-ffmpeg: Input #0, mov,mp4,m4a,3gp,3g2,mj2, from '/storage/emulated/0/Movies/raw/20200312_150643.mp4':
06-29 22:24:34.190 10697 10942 I mobile-ffmpeg: 
06-29 22:24:34.190 10697 10942 I chatty  : uid=10100(com.example.edgesum) Thread-3 identical 1 line
06-29 22:24:34.190 10697 10942 I mobile-ffmpeg: 
06-29 22:24:34.190 10697 10942 I mobile-ffmpeg:   Metadata:
06-29 22:24:34.190 10697 10942 I mobile-ffmpeg: 
06-29 22:24:34.190 10697 10942 I chatty  : uid=10100(com.example.edgesum) Thread-3 identical 1 line
06-29 22:24:34.190 10697 10942 I mobile-ffmpeg: 
06-29 22:24:34.190 10697 10942 I mobile-ffmpeg:     creation_time   : 
06-29 22:24:34.190 10697 10942 I mobile-ffmpeg: 
06-29 22:24:34.190 10697 10942 I chatty  : uid=10100(com.example.edgesum) Thread-3 identical 1 line
06-29 22:24:34.190 10697 10942 I mobile-ffmpeg: 
06-29 22:24:34.190 10697 10942 I mobile-ffmpeg: 2020-03-12T04:07:43.000000Z
06-29 22:24:34.190 10697 10942 I mobile-ffmpeg: 
06-29 22:24:34.191 10697 10942 I chatty  : uid=10100(com.example.edgesum) Thread-3 identical 1 line
06-29 22:24:34.191 10697 10942 I mobile-ffmpeg: 
06-29 22:24:34.191 10697 10942 I mobile-ffmpeg: 
06-29 22:24:34.191 10697 10942 I mobile-ffmpeg: 
06-29 22:24:34.191 10697 10942 I chatty  : uid=10100(com.example.edgesum) Thread-3 identical 1 line
06-29 22:24:34.191 10697 10942 I mobile-ffmpeg: 
06-29 22:24:34.191 10697 10942 I mobile-ffmpeg:     major_brand     : 
06-29 22:24:34.191 10697 10942 I mobile-ffmpeg: 
06-29 22:24:34.191 10697 10942 I chatty  : uid=10100(com.example.edgesum) Thread-3 identical 1 line
06-29 22:24:34.191 10697 10942 I mobile-ffmpeg: 
06-29 22:24:34.191 10697 10942 I mobile-ffmpeg: mp42
06-29 22:24:34.191 10697 10942 I mobile-ffmpeg: 
06-29 22:24:34.191 10697 10942 I chatty  : uid=10100(com.example.edgesum) Thread-3 identical 1 line
06-29 22:24:34.192 10697 10942 I mobile-ffmpeg: 
06-29 22:24:34.192 10697 10942 I mobile-ffmpeg: 
06-29 22:24:34.192 10697 10942 I mobile-ffmpeg: 
06-29 22:24:34.192 10697 10942 I chatty  : uid=10100(com.example.edgesum) Thread-3 identical 1 line
06-29 22:24:34.192 10697 10942 I mobile-ffmpeg: 
06-29 22:24:34.192 10697 10942 I mobile-ffmpeg:     minor_version   : 
06-29 22:24:34.192 10697 10942 I mobile-ffmpeg: 
06-29 22:24:34.192 10697 10942 I chatty  : uid=10100(com.example.edgesum) Thread-3 identical 1 line
06-29 22:24:34.193 10697 10942 I mobile-ffmpeg: 
06-29 22:24:34.194 10697 10942 I mobile-ffmpeg: 1
06-29 22:24:34.195 10697 10942 I mobile-ffmpeg: 
06-29 22:24:34.195 10697 10942 I chatty  : uid=10100(com.example.edgesum) Thread-3 identical 1 line
06-29 22:24:34.195 10697 10942 I mobile-ffmpeg: 
06-29 22:24:34.195 10697 10942 I mobile-ffmpeg: 
06-29 22:24:34.196 10697 10942 I mobile-ffmpeg: 
06-29 22:24:34.196 10697 10942 I chatty  : uid=10100(com.example.edgesum) Thread-3 identical 1 line
06-29 22:24:34.196 10697 10942 I mobile-ffmpeg: 
06-29 22:24:34.197 10697 10942 I mobile-ffmpeg:     compatible_brands: 
06-29 22:24:34.197 10697 10942 I mobile-ffmpeg: 
06-29 22:24:34.197 10697 10942 I chatty  : uid=10100(com.example.edgesum) Thread-3 identical 1 line
06-29 22:24:34.197 10697 10942 I mobile-ffmpeg: 
06-29 22:24:34.197 10697 10942 I mobile-ffmpeg: mp42mp42
06-29 22:24:34.198 10697 10942 I mobile-ffmpeg: 
06-29 22:24:34.198 10697 10942 I chatty  : uid=10100(com.example.edgesum) Thread-3 identical 1 line
06-29 22:24:34.198 10697 10942 I mobile-ffmpeg: 
06-29 22:24:34.199 10697 10942 I mobile-ffmpeg: 
06-29 22:24:34.199 10697 10942 I mobile-ffmpeg: 
06-29 22:24:34.199 10697 10942 I chatty  : uid=10100(com.example.edgesum) Thread-3 identical 1 line
06-29 22:24:34.200 10697 10942 I mobile-ffmpeg: 
06-29 22:24:34.200 10697 10942 I mobile-ffmpeg:   Duration: 
06-29 22:24:34.200 10697 10942 I mobile-ffmpeg: 
06-29 22:24:34.201 10697 10942 I chatty  : uid=10100(com.example.edgesum) Thread-3 identical 1 line
06-29 22:24:34.201 10697 10942 I mobile-ffmpeg: 
06-29 22:24:34.201 10697 10942 I mobile-ffmpeg: 00:01:00.02
06-29 22:24:34.202 10697 10942 I mobile-ffmpeg: 
06-29 22:24:34.202 10697 10942 I chatty  : uid=10100(com.example.edgesum) Thread-3 identical 1 line
06-29 22:24:34.202 10697 10942 I mobile-ffmpeg: 
06-29 22:24:34.203 10697 10942 I mobile-ffmpeg: , start: 
06-29 22:24:34.203 10697 10942 I mobile-ffmpeg: 
06-29 22:24:34.203 10697 10942 I chatty  : uid=10100(com.example.edgesum) Thread-3 identical 1 line
06-29 22:24:34.204 10697 10942 I mobile-ffmpeg: 
06-29 22:24:34.206 10697 10942 I mobile-ffmpeg: 0.000000
06-29 22:24:34.207 10697 10942 I mobile-ffmpeg: 
06-29 22:24:34.208 10697 10942 I chatty  : uid=10100(com.example.edgesum) Thread-3 identical 1 line
06-29 22:24:34.208 10697 10942 I mobile-ffmpeg: 
06-29 22:24:34.210 10697 10942 I mobile-ffmpeg: , bitrate: 
06-29 22:24:34.210 10697 10942 I mobile-ffmpeg: 
06-29 22:24:34.210 10697 10942 I chatty  : uid=10100(com.example.edgesum) Thread-3 identical 1 line
06-29 22:24:34.210 10697 10942 I mobile-ffmpeg: 
06-29 22:24:34.210 10697 10942 I mobile-ffmpeg: 9328 kb/s
06-29 22:24:34.210 10697 10942 I mobile-ffmpeg: 
06-29 22:24:34.211 10697 10942 I chatty  : uid=10100(com.example.edgesum) Thread-3 identical 1 line
06-29 22:24:34.211 10697 10942 I mobile-ffmpeg: 
06-29 22:24:34.211 10697 10942 I mobile-ffmpeg: 
06-29 22:24:34.211 10697 10942 I mobile-ffmpeg: 
06-29 22:24:34.211 10697 10942 I chatty  : uid=10100(com.example.edgesum) Thread-3 identical 1 line
06-29 22:24:34.211 10697 10942 I mobile-ffmpeg: 
06-29 22:24:34.211 10697 10942 I mobile-ffmpeg:     Stream #0:0
06-29 22:24:34.212 10697 10942 I mobile-ffmpeg: 
06-29 22:24:34.212 10697 10942 I chatty  : uid=10100(com.example.edgesum) Thread-3 identical 1 line
06-29 22:24:34.212 10697 10942 I mobile-ffmpeg: 
06-29 22:24:34.212 10697 10942 I mobile-ffmpeg: (eng)
06-29 22:24:34.212 10697 10942 I mobile-ffmpeg: 
06-29 22:24:34.213 10697 10942 I chatty  : uid=10100(com.example.edgesum) Thread-3 identical 1 line
06-29 22:24:34.213 10697 10942 I mobile-ffmpeg: 
06-29 22:24:34.213 10697 10942 I mobile-ffmpeg: : Video: h264 (avc1 / 0x31637661), yuvj420p(pc, bt709), 1280x720, 8381 kb/s
06-29 22:24:34.213 10697 10942 I mobile-ffmpeg: 
06-29 22:24:34.213 10697 10942 I chatty  : uid=10100(com.example.edgesum) Thread-3 identical 1 line
06-29 22:24:34.213 10697 10942 I mobile-ffmpeg: 
06-29 22:24:34.213 10697 10942 I mobile-ffmpeg: , 
06-29 22:24:34.214 10697 10942 I mobile-ffmpeg: 
06-29 22:24:34.214 10697 10942 I chatty  : uid=10100(com.example.edgesum) Thread-3 identical 1 line
06-29 22:24:34.214 10697 10942 I mobile-ffmpeg: 
06-29 22:24:34.214 10697 10942 I mobile-ffmpeg: 29.97 fps, 
06-29 22:24:34.214 10697 10942 I mobile-ffmpeg: 
06-29 22:24:34.214 10697 10942 I chatty  : uid=10100(com.example.edgesum) Thread-3 identical 1 line
06-29 22:24:34.214 10697 10942 I mobile-ffmpeg: 
06-29 22:24:34.215 10697 10942 I mobile-ffmpeg: 29.97 tbr, 
06-29 22:24:34.215 10697 10942 I mobile-ffmpeg: 
06-29 22:24:34.215 10697 10942 I chatty  : uid=10100(com.example.edgesum) Thread-3 identical 1 line
06-29 22:24:34.215 10697 10942 I mobile-ffmpeg: 
06-29 22:24:34.215 10697 10942 I mobile-ffmpeg: 1k tbn, 
06-29 22:24:34.215 10697 10942 I mobile-ffmpeg: 
06-29 22:24:34.216 10697 10942 I chatty  : uid=10100(com.example.edgesum) Thread-3 identical 1 line
06-29 22:24:34.216 10697 10942 I mobile-ffmpeg: 
06-29 22:24:34.216 10697 10942 I mobile-ffmpeg: 2k tbc
06-29 22:24:34.216 10697 10942 I mobile-ffmpeg: 
06-29 22:24:34.216 10697 10942 I chatty  : uid=10100(com.example.edgesum) Thread-3 identical 1 line
06-29 22:24:34.216 10697 10942 I mobile-ffmpeg: 
06-29 22:24:34.217 10697 10942 I mobile-ffmpeg:  (default)
06-29 22:24:34.217 10697 10942 I mobile-ffmpeg: 
06-29 22:24:34.217 10697 10942 I chatty  : uid=10100(com.example.edgesum) Thread-3 identical 1 line
06-29 22:24:34.217 10697 10942 I mobile-ffmpeg: 
06-29 22:24:34.217 10697 10942 I mobile-ffmpeg: 
06-29 22:24:34.217 10697 10942 I mobile-ffmpeg: 
06-29 22:24:34.217 10697 10942 I chatty  : uid=10100(com.example.edgesum) Thread-3 identical 1 line
06-29 22:24:34.217 10697 10942 I mobile-ffmpeg: 
06-29 22:24:34.217 10697 10942 I mobile-ffmpeg:     Metadata:
06-29 22:24:34.218 10697 10942 I mobile-ffmpeg: 
06-29 22:24:34.218 10697 10942 I chatty  : uid=10100(com.example.edgesum) Thread-3 identical 1 line
06-29 22:24:34.218 10697 10942 I mobile-ffmpeg: 
06-29 22:24:34.218 10697 10942 I mobile-ffmpeg:       creation_time   : 
06-29 22:24:34.218 10697 10942 I mobile-ffmpeg: 
06-29 22:24:34.218 10697 10942 I chatty  : uid=10100(com.example.edgesum) Thread-3 identical 1 line
06-29 22:24:34.219 10697 10942 I mobile-ffmpeg: 
06-29 22:24:34.219 10697 10942 I mobile-ffmpeg: 2020-03-12T04:07:43.000000Z
06-29 22:24:34.219 10697 10942 I mobile-ffmpeg: 
06-29 22:24:34.219 10697 10942 I chatty  : uid=10100(com.example.edgesum) Thread-3 identical 1 line
06-29 22:24:34.219 10697 10942 I mobile-ffmpeg: 
06-29 22:24:34.219 10697 10942 I mobile-ffmpeg: 
06-29 22:24:34.220 10697 10942 I mobile-ffmpeg: 
06-29 22:24:34.220 10697 10942 I chatty  : uid=10100(com.example.edgesum) Thread-3 identical 1 line
06-29 22:24:34.220 10697 10942 I mobile-ffmpeg: 
06-29 22:24:34.220 10697 10942 I mobile-ffmpeg:       handler_name    : 
06-29 22:24:34.220 10697 10942 I mobile-ffmpeg: 
06-29 22:24:34.220 10697 10942 I chatty  : uid=10100(com.example.edgesum) Thread-3 identical 1 line
06-29 22:24:34.220 10697 10942 I mobile-ffmpeg: 
06-29 22:24:34.220 10697 10942 I mobile-ffmpeg: PittaSoft Video Media Handler
06-29 22:24:34.221 10697 10942 I mobile-ffmpeg: 
06-29 22:24:34.221 10697 10942 I chatty  : uid=10100(com.example.edgesum) Thread-3 identical 1 line
06-29 22:24:34.221 10697 10942 I mobile-ffmpeg: 
06-29 22:24:34.221 10697 10942 I mobile-ffmpeg: 
06-29 22:24:34.221 10697 10942 I mobile-ffmpeg: 
06-29 22:24:34.221 10697 10942 I chatty  : uid=10100(com.example.edgesum) Thread-3 identical 1 line
06-29 22:24:34.221 10697 10942 I mobile-ffmpeg: 
06-29 22:24:34.221 10697 10942 I mobile-ffmpeg:     Stream #0:1
06-29 22:24:34.221 10697 10942 I mobile-ffmpeg: 
06-29 22:24:34.221 10697 10942 I chatty  : uid=10100(com.example.edgesum) Thread-3 identical 1 line
06-29 22:24:34.221 10697 10942 I mobile-ffmpeg: 
06-29 22:24:34.222 10697 10942 I mobile-ffmpeg: (eng)
06-29 22:24:34.222 10697 10942 I mobile-ffmpeg: 
06-29 22:24:34.222 10697 10942 I chatty  : uid=10100(com.example.edgesum) Thread-3 identical 1 line
06-29 22:24:34.222 10697 10942 I mobile-ffmpeg: 
06-29 22:24:34.222 10697 10942 I mobile-ffmpeg: : Audio: aac (mp4a / 0x6134706D), 16000 Hz, stereo, fltp, 47 kb/s
06-29 22:24:34.222 10697 10942 I mobile-ffmpeg: 
06-29 22:24:34.222 10697 10942 I chatty  : uid=10100(com.example.edgesum) Thread-3 identical 1 line
06-29 22:24:34.222 10697 10942 I mobile-ffmpeg: 
06-29 22:24:34.222 10697 10942 I mobile-ffmpeg:  (default)
06-29 22:24:34.222 10697 10942 I mobile-ffmpeg: 
06-29 22:24:34.223 10697 10942 I chatty  : uid=10100(com.example.edgesum) Thread-3 identical 1 line
06-29 22:24:34.223 10697 10942 I mobile-ffmpeg: 
06-29 22:24:34.223 10697 10942 I mobile-ffmpeg: 
06-29 22:24:34.223 10697 10942 I mobile-ffmpeg: 
06-29 22:24:34.223 10697 10942 I chatty  : uid=10100(com.example.edgesum) Thread-3 identical 1 line
06-29 22:24:34.223 10697 10942 I mobile-ffmpeg: 
06-29 22:24:34.223 10697 10942 I mobile-ffmpeg:     Metadata:
06-29 22:24:34.223 10697 10942 I mobile-ffmpeg: 
06-29 22:24:34.223 10697 10942 I chatty  : uid=10100(com.example.edgesum) Thread-3 identical 1 line
06-29 22:24:34.223 10697 10942 I mobile-ffmpeg: 
06-29 22:24:34.224 10697 10942 I mobile-ffmpeg:       creation_time   : 
06-29 22:24:34.224 10697 10942 I mobile-ffmpeg: 
06-29 22:24:34.224 10697 10942 I chatty  : uid=10100(com.example.edgesum) Thread-3 identical 1 line
06-29 22:24:34.224 10697 10942 I mobile-ffmpeg: 
06-29 22:24:34.224 10697 10942 I mobile-ffmpeg: 2020-03-12T04:07:43.000000Z
06-29 22:24:34.224 10697 10942 I mobile-ffmpeg: 
06-29 22:24:34.224 10697 10942 I chatty  : uid=10100(com.example.edgesum) Thread-3 identical 1 line
06-29 22:24:34.224 10697 10942 I mobile-ffmpeg: 
06-29 22:24:34.224 10697 10942 I mobile-ffmpeg: 
06-29 22:24:34.225 10697 10942 I mobile-ffmpeg: 
06-29 22:24:34.225 10697 10942 I chatty  : uid=10100(com.example.edgesum) Thread-3 identical 1 line
06-29 22:24:34.225 10697 10942 I mobile-ffmpeg: 
06-29 22:24:34.225 10697 10942 I mobile-ffmpeg:       handler_name    : 
06-29 22:24:34.225 10697 10942 I mobile-ffmpeg: 
06-29 22:24:34.225 10697 10942 I chatty  : uid=10100(com.example.edgesum) Thread-3 identical 1 line
06-29 22:24:34.225 10697 10942 I mobile-ffmpeg: 
06-29 22:24:34.225 10697 10942 I mobile-ffmpeg: PittaSoft Sound Media Handler
06-29 22:24:34.225 10697 10942 I mobile-ffmpeg: 
06-29 22:24:34.226 10697 10942 I chatty  : uid=10100(com.example.edgesum) Thread-3 identical 1 line
06-29 22:24:34.226 10697 10942 I mobile-ffmpeg: 
06-29 22:24:34.226 10697 10942 I mobile-ffmpeg: 
06-29 22:24:34.226 10697 10942 I mobile-ffmpeg: 
06-29 22:24:34.226 10697 10942 I mobile-ffmpeg: [segment @ 0x7740335800] 
06-29 22:24:34.226 10697 10942 I mobile-ffmpeg: 
06-29 22:24:34.226 10697 10942 I mobile-ffmpeg: Opening '/storage/emulated/0/Movies/segment/20200312_150643/20200312_150643!000.mp4' for writing
06-29 22:24:34.226 10697 10942 I mobile-ffmpeg: 
06-29 22:24:34.226 10697 10942 I chatty  : uid=10100(com.example.edgesum) Thread-3 identical 1 line
06-29 22:24:34.226 10697 10942 I mobile-ffmpeg: 
06-29 22:24:34.227 10697 10942 I mobile-ffmpeg: Output #0, segment, to '/storage/emulated/0/Movies/segment/20200312_150643/20200312_150643!%03d.mp4':
06-29 22:24:34.227 10697 10942 I mobile-ffmpeg: 
06-29 22:24:34.227 10697 10942 I chatty  : uid=10100(com.example.edgesum) Thread-3 identical 1 line
06-29 22:24:34.227 10697 10942 I mobile-ffmpeg: 
06-29 22:24:34.227 10697 10942 I mobile-ffmpeg:   Metadata:
06-29 22:24:34.227 10697 10942 I mobile-ffmpeg: 
06-29 22:24:34.227 10697 10942 I chatty  : uid=10100(com.example.edgesum) Thread-3 identical 1 line
06-29 22:24:34.227 10697 10942 I mobile-ffmpeg: 
06-29 22:24:34.228 10697 10942 I mobile-ffmpeg:     compatible_brands: 
06-29 22:24:34.228 10697 10942 I mobile-ffmpeg: 
06-29 22:24:34.228 10697 10942 I chatty  : uid=10100(com.example.edgesum) Thread-3 identical 1 line
06-29 22:24:34.228 10697 10942 I mobile-ffmpeg: 
06-29 22:24:34.228 10697 10942 I mobile-ffmpeg: mp42mp42
06-29 22:24:34.228 10697 10942 I mobile-ffmpeg: 
06-29 22:24:34.228 10697 10942 I chatty  : uid=10100(com.example.edgesum) Thread-3 identical 1 line
06-29 22:24:34.229 10697 10942 I mobile-ffmpeg: 
06-29 22:24:34.229 10697 10942 I mobile-ffmpeg: 
06-29 22:24:34.230 10697 10942 I mobile-ffmpeg: 
06-29 22:24:34.230 10697 10942 I chatty  : uid=10100(com.example.edgesum) Thread-3 identical 1 line
06-29 22:24:34.230 10697 10942 I mobile-ffmpeg: 
06-29 22:24:34.230 10697 10942 I mobile-ffmpeg:     major_brand     : 
06-29 22:24:34.230 10697 10942 I mobile-ffmpeg: 
06-29 22:24:34.230 10697 10942 I chatty  : uid=10100(com.example.edgesum) Thread-3 identical 1 line
06-29 22:24:34.231 10697 10942 I mobile-ffmpeg: 
06-29 22:24:34.231 10697 10942 I mobile-ffmpeg: mp42
06-29 22:24:34.231 10697 10942 I mobile-ffmpeg: 
06-29 22:24:34.231 10697 10942 I chatty  : uid=10100(com.example.edgesum) Thread-3 identical 1 line
06-29 22:24:34.231 10697 10942 I mobile-ffmpeg: 
06-29 22:24:34.231 10697 10942 I mobile-ffmpeg: 
06-29 22:24:34.231 10697 10942 I mobile-ffmpeg: 
06-29 22:24:34.231 10697 10942 I chatty  : uid=10100(com.example.edgesum) Thread-3 identical 1 line
06-29 22:24:34.231 10697 10942 I mobile-ffmpeg: 
06-29 22:24:34.232 10697 10942 I mobile-ffmpeg:     minor_version   : 
06-29 22:24:34.232 10697 10942 I mobile-ffmpeg: 
06-29 22:24:34.232 10697 10942 I chatty  : uid=10100(com.example.edgesum) Thread-3 identical 1 line
06-29 22:24:34.232 10697 10942 I mobile-ffmpeg: 
06-29 22:24:34.232 10697 10942 I mobile-ffmpeg: 1
06-29 22:24:34.233 10697 10942 I mobile-ffmpeg: 
06-29 22:24:34.233 10697 10942 I chatty  : uid=10100(com.example.edgesum) Thread-3 identical 1 line
06-29 22:24:34.233 10697 10942 I mobile-ffmpeg: 
06-29 22:24:34.233 10697 10942 I mobile-ffmpeg: 
06-29 22:24:34.233 10697 10942 I mobile-ffmpeg: 
06-29 22:24:34.233 10697 10942 I chatty  : uid=10100(com.example.edgesum) Thread-3 identical 1 line
06-29 22:24:34.233 10697 10942 I mobile-ffmpeg: 
06-29 22:24:34.233 10697 10942 I mobile-ffmpeg:     encoder         : 
06-29 22:24:34.234 10697 10942 I mobile-ffmpeg: 
06-29 22:24:34.234 10697 10942 I chatty  : uid=10100(com.example.edgesum) Thread-3 identical 1 line
06-29 22:24:34.234 10697 10942 I mobile-ffmpeg: 
06-29 22:24:34.234 10697 10942 I mobile-ffmpeg: Lavf58.28.101
06-29 22:24:34.234 10697 10942 I mobile-ffmpeg: 
06-29 22:24:34.234 10697 10942 I chatty  : uid=10100(com.example.edgesum) Thread-3 identical 1 line
06-29 22:24:34.234 10697 10942 I mobile-ffmpeg: 
06-29 22:24:34.234 10697 10942 I mobile-ffmpeg: 
06-29 22:24:34.234 10697 10942 I mobile-ffmpeg: 
06-29 22:24:34.234 10697 10942 I chatty  : uid=10100(com.example.edgesum) Thread-3 identical 1 line
06-29 22:24:34.234 10697 10942 I mobile-ffmpeg: 
06-29 22:24:34.234 10697 10942 I mobile-ffmpeg:     Stream #0:0
06-29 22:24:34.234 10697 10942 I mobile-ffmpeg: 
06-29 22:24:34.235 10697 10942 I chatty  : uid=10100(com.example.edgesum) Thread-3 identical 1 line
06-29 22:24:34.235 10697 10942 I mobile-ffmpeg: 
06-29 22:24:34.235 10697 10942 I mobile-ffmpeg: (eng)
06-29 22:24:34.235 10697 10942 I mobile-ffmpeg: 
06-29 22:24:34.235 10697 10942 I chatty  : uid=10100(com.example.edgesum) Thread-3 identical 1 line
06-29 22:24:34.235 10697 10942 I mobile-ffmpeg: 
06-29 22:24:34.235 10697 10942 I mobile-ffmpeg: : Video: h264 (avc1 / 0x31637661), yuvj420p(pc, bt709), 1280x720, q=2-31, 8381 kb/s
06-29 22:24:34.235 10697 10942 I mobile-ffmpeg: 
06-29 22:24:34.236 10697 10942 I chatty  : uid=10100(com.example.edgesum) Thread-3 identical 1 line
06-29 22:24:34.236 10697 10942 I mobile-ffmpeg: 
06-29 22:24:34.236 10697 10942 I mobile-ffmpeg: , 
06-29 22:24:34.236 10697 10942 I mobile-ffmpeg: 
06-29 22:24:34.236 10697 10942 I chatty  : uid=10100(com.example.edgesum) Thread-3 identical 1 line
06-29 22:24:34.236 10697 10942 I mobile-ffmpeg: 
06-29 22:24:34.236 10697 10942 I mobile-ffmpeg: 29.97 fps, 
06-29 22:24:34.237 10697 10942 I mobile-ffmpeg: 
06-29 22:24:34.237 10697 10942 I chatty  : uid=10100(com.example.edgesum) Thread-3 identical 1 line
06-29 22:24:34.237 10697 10942 I mobile-ffmpeg: 
06-29 22:24:34.237 10697 10942 I mobile-ffmpeg: 29.97 tbr, 
