07-06 00:39:56.023 24039 24039 V VideoManager: Retrieving video from /storage/emulated/0/Download/Nearby/20200312_194229.mp4
07-06 00:39:56.031 24039 24039 V VideoManager: videoFromCursor
07-06 00:39:56.034 24039 24039 V ProcessingVideosEventHandler: onAdd
07-06 00:39:56.034 24039 24039 V RawFootageEventHandler: onRemove
07-06 00:39:56.039 24039 24039 V NearbyFragment: Transfer to Endpoint{id=njPJ, name=Galaxy S8 [2802]} complete
07-06 00:39:56.043 24039 24446 V SummariserIntentService: onHandleIntent
07-06 00:39:56.044 24039 24446 D SummariserIntentService: Video{id='8254', data='/storage/emulated/0/Download/Nearby/20200312_194229.mp4', name='20200312_194229.mp4', size=69990400, visible=true, mimeType='video/mp4'}
07-06 00:39:56.044 24039 24446 D SummariserIntentService: /storage/emulated/0/Movies/summarised/20200312_194229.mp4
07-06 00:39:56.047 24039 24446 I FfmpegTools: Running ffmpeg with:
07-06 00:39:56.047 24039 24446 I FfmpegTools:   -y -i /storage/emulated/0/Download/Nearby/20200312_194229.mp4 -vf freezedetect=n=-45.000000dB:d=1.000000,metadata=mode=print:file=/storage/emulated/0/Movies/raw/20200312_194229.txt -f null -
07-06 00:39:56.053 24039 24271 W mobile-ffmpeg: [mov,mp4,m4a,3gp,3g2,mj2 @ 0x7a20ea4800] Found duplicated MOOV Atom. Skipped it
07-06 00:39:56.198 24039 24271 W mobile-ffmpeg: [graph 0 input from stream 0:0 @ 0x7a20e64fc0] sws_param option is deprecated and ignored
07-06 00:40:16.735 24039 24446 V FfmpegTools: Retrieving duration of /storage/emulated/0/Download/Nearby/20200312_194229.mp4
07-06 00:40:16.745 24039 24271 W mobile-ffmpeg: [mov,mp4,m4a,3gp,3g2,mj2 @ 0x7a20ea4800] Found duplicated MOOV Atom. Skipped it
07-06 00:40:16.867 24039 24446 W Summariser: 5 active sections found
07-06 00:40:16.868 24039 24446 I FfmpegTools: Running ffmpeg with:
07-06 00:40:16.868 24039 24446 I FfmpegTools:   -y -i /storage/emulated/0/Download/Nearby/20200312_194229.mp4 -filter_complex [0:v]trim=10.509000:19.517000,setpts=PTS-STARTPTS[v0];[0:a]atrim=10.509000:19.517000,asetpts=PTS-STARTPTS[a0];[0:v]trim=24.088000:29.259000,setpts=PTS-STARTPTS[v1];[0:a]atrim=24.088000:29.259000,asetpts=PTS-STARTPTS[a1];[0:v]trim=39.935000:40.269000,setpts=PTS-STARTPTS[v2];[0:a]atrim=39.935000:40.269000,asetpts=PTS-STARTPTS[a2];[0:v]trim=54.314000:54.615000,setpts=PTS-STARTPTS[v3];[0:a]atrim=54.314000:54.615000,asetpts=PTS-STARTPTS[a3];[0:v]trim=59.386000:60.020000,setpts=PTS-STARTPTS[v4];[0:a]atrim=59.386000:60.020000,asetpts=PTS-STARTPTS[a4];[v0][a0][v1][a1][v2][a2][v3][a3][v4][a4]concat=n=5:v=1:a=1[outv][outa] -map [outv] -map [outa] -crf 23 -preset medium /storage/emulated/0/Movies/summarised/20200312_194229.mp4
07-06 00:40:16.883 24039 24271 W mobile-ffmpeg: [mov,mp4,m4a,3gp,3g2,mj2 @ 0x7a20ea4800] Found duplicated MOOV Atom. Skipped it
07-06 00:40:17.047 24039 24271 W mobile-ffmpeg: [graph 0 input from stream 0:0 @ 0x7a20e655c0] sws_param option is deprecated and ignored
07-06 00:40:17.047 24039 24271 W mobile-ffmpeg: [graph 0 input from stream 0:0 @ 0x7a20e65d40] sws_param option is deprecated and ignored
07-06 00:40:17.047 24039 24271 W mobile-ffmpeg: [graph 0 input from stream 0:0 @ 0x7a20e65b00] sws_param option is deprecated and ignored
07-06 00:40:17.047 24039 24271 W mobile-ffmpeg: [graph 0 input from stream 0:0 @ 0x7a20e65f80] sws_param option is deprecated and ignored
07-06 00:40:17.048 24039 24271 W mobile-ffmpeg: [graph 0 input from stream 0:0 @ 0x7a20e66100] sws_param option is deprecated and ignored
07-06 00:41:21.028 24039 24446 V FfmpegTools: Retrieving duration of /storage/emulated/0/Download/Nearby/20200312_194229.mp4
07-06 00:41:21.036 24039 24271 W mobile-ffmpeg: [mov,mp4,m4a,3gp,3g2,mj2 @ 0x7a20ea4800] Found duplicated MOOV Atom. Skipped it
07-06 00:41:21.149 24039 24446 V FfmpegTools: Retrieving duration of /storage/emulated/0/Movies/summarised/20200312_194229.mp4
07-06 00:41:21.204 24039 24446 W Summariser: Summarisation completed
07-06 00:41:21.204 24039 24446 W Summariser:   filename: 20200312_194229.mp4
07-06 00:41:21.204 24039 24446 W Summariser:   active sections: 5
07-06 00:41:21.204 24039 24446 W Summariser:   time: 84.982s
07-06 00:41:21.204 24039 24446 W Summariser:   original duration: 60.02
07-06 00:41:21.204 24039 24446 W Summariser:   summarised duration: 15.51
07-06 00:41:21.204 24039 24446 W Summariser:   noise tolerance: 45.00
07-06 00:41:21.204 24039 24446 W Summariser:   quality: 23
07-06 00:41:21.204 24039 24446 W Summariser:   speed: medium
07-06 00:41:21.204 24039 24446 W Summariser:   freeze duration: 1.00
07-06 00:41:21.205 24039 24446 V VideoManager: Retrieving video from /storage/emulated/0/Movies/summarised/20200312_194229.mp4
07-06 00:41:21.223 24039 24446 D VideoManager: videoCursor is null
07-06 00:41:21.258 24039 24446 V VideoManager: videoFromCursor
07-06 00:41:21.265 24039 24446 V SummarisedVideosEventHandler: onAdd
07-06 00:41:21.269 24039 24446 W NearbyFragment: Sending 20200312_194229.mp4 to Galaxy S8 [2802]
07-06 00:41:21.273 24039 24446 V ProcessingVideosEventHandler: onRemove
07-06 00:41:21.307 24039 24039 V NearbyFragment: Transfer to Endpoint{id=njPJ, name=Galaxy S8 [2802]} complete
07-06 00:41:21.325 24039 24052 D SummariserIntentService: Scanned /storage/emulated/0/Movies/summarised
07-06 00:41:21.325 24039 24052 D SummariserIntentService:   -> uri=content://media/external/file/8207
07-06 00:41:21.436 24039 24039 V NearbyFragment: Transfer to Endpoint{id=njPJ, name=Galaxy S8 [2802]} complete
07-06 00:41:34.067 24039 24039 D NearbyFragment: onPayloadReceived(endpointId=njPJ, payload=com.google.android.gms.nearby.connection.Payload@f2301a8)
07-06 00:41:34.069 24039 24039 V NearbyFragment: Started downloading SUMMARISE:-6814678684699202676:20200312_194930.mp4:45.0_1.0_23_medium from Endpoint{id=njPJ, name=Galaxy S8 [2802]}
07-06 00:41:34.072 24039 24039 V NearbyFragment: Transfer to Endpoint{id=njPJ, name=Galaxy S8 [2802]} complete
07-06 00:41:34.213 24039 24039 D NearbyFragment: onPayloadReceived(endpointId=njPJ, payload=com.google.android.gms.nearby.connection.Payload@c5914c1)
07-06 00:41:47.887 24039 24039 V NearbyFragment: Transfer to Endpoint{id=njPJ, name=Galaxy S8 [2802]} complete
07-06 00:41:47.890 24039 24039 W NearbyFragment: Completed downloading 20200312_194930.mp4 from Endpoint{id=njPJ, name=Galaxy S8 [2802]} in 13.818s
07-06 00:41:47.903 24039 24039 D NearbyFragment: Summarising 20200312_194930.mp4
07-06 00:41:47.904 24039 24039 V VideoManager: Retrieving video from /storage/emulated/0/Download/Nearby/20200312_194930.mp4
07-06 00:41:47.928 24039 24039 V VideoManager: videoFromCursor
07-06 00:41:47.936 24039 24039 V ProcessingVideosEventHandler: onAdd
07-06 00:41:47.937 24039 24039 V RawFootageEventHandler: onRemove
07-06 00:41:47.950 24039 24039 V NearbyFragment: Transfer to Endpoint{id=njPJ, name=Galaxy S8 [2802]} complete
07-06 00:41:48.021 24039 24495 V SummariserIntentService: onHandleIntent
07-06 00:41:48.024 24039 24495 D SummariserIntentService: Video{id='8256', data='/storage/emulated/0/Download/Nearby/20200312_194930.mp4', name='20200312_194930.mp4', size=69990400, visible=true, mimeType='video/mp4'}
07-06 00:41:48.024 24039 24495 D SummariserIntentService: /storage/emulated/0/Movies/summarised/20200312_194930.mp4
07-06 00:41:48.028 24039 24495 I FfmpegTools: Running ffmpeg with:
07-06 00:41:48.028 24039 24495 I FfmpegTools:   -y -i /storage/emulated/0/Download/Nearby/20200312_194930.mp4 -vf freezedetect=n=-45.000000dB:d=1.000000,metadata=mode=print:file=/storage/emulated/0/Movies/raw/20200312_194930.txt -f null -
07-06 00:41:48.034 24039 24271 W mobile-ffmpeg: [mov,mp4,m4a,3gp,3g2,mj2 @ 0x7a20ea4800] Found duplicated MOOV Atom. Skipped it
07-06 00:41:48.168 24039 24271 W mobile-ffmpeg: [graph 0 input from stream 0:0 @ 0x7a20e64fc0] sws_param option is deprecated and ignored
07-06 00:42:08.820 24039 24495 V FfmpegTools: Retrieving duration of /storage/emulated/0/Download/Nearby/20200312_194930.mp4
07-06 00:42:08.827 24039 24271 W mobile-ffmpeg: [mov,mp4,m4a,3gp,3g2,mj2 @ 0x7a20ea4800] Found duplicated MOOV Atom. Skipped it
07-06 00:42:08.946 24039 24495 W Summariser: 2 active sections found
07-06 00:42:08.947 24039 24495 I FfmpegTools: Running ffmpeg with:
07-06 00:42:08.947 24039 24495 I FfmpegTools:   -y -i /storage/emulated/0/Download/Nearby/20200312_194930.mp4 -filter_complex [0:v]trim=6.773000:18.017000,setpts=PTS-STARTPTS[v0];[0:a]atrim=6.773000:18.017000,asetpts=PTS-STARTPTS[a0];[0:v]trim=49.078000:60.020000,setpts=PTS-STARTPTS[v1];[0:a]atrim=49.078000:60.020000,asetpts=PTS-STARTPTS[a1];[v0][a0][v1][a1]concat=n=2:v=1:a=1[outv][outa] -map [outv] -map [outa] -crf 23 -preset medium /storage/emulated/0/Movies/summarised/20200312_194930.mp4
07-06 00:42:08.960 24039 24271 W mobile-ffmpeg: [mov,mp4,m4a,3gp,3g2,mj2 @ 0x7a20ea4800] Found duplicated MOOV Atom. Skipped it
07-06 00:42:09.106 24039 24271 W mobile-ffmpeg: [graph 0 input from stream 0:0 @ 0x7a20e64e40] sws_param option is deprecated and ignored
07-06 00:42:09.107 24039 24271 W mobile-ffmpeg: [graph 0 input from stream 0:0 @ 0x7a20e652c0] sws_param option is deprecated and ignored
07-06 00:43:37.224 24039 24495 V FfmpegTools: Retrieving duration of /storage/emulated/0/Download/Nearby/20200312_194930.mp4
07-06 00:43:37.234 24039 24271 W mobile-ffmpeg: [mov,mp4,m4a,3gp,3g2,mj2 @ 0x7a20ea4800] Found duplicated MOOV Atom. Skipped it
07-06 00:43:37.340 24039 24495 V FfmpegTools: Retrieving duration of /storage/emulated/0/Movies/summarised/20200312_194930.mp4
07-06 00:43:37.386 24039 24053 I zygote64: Waiting for a blocking GC ProfileSaver
07-06 00:43:37.399 24039 24495 W Summariser: Summarisation completed
07-06 00:43:37.399 24039 24495 W Summariser:   filename: 20200312_194930.mp4
07-06 00:43:37.399 24039 24495 W Summariser:   active sections: 2
07-06 00:43:37.399 24039 24495 W Summariser:   time: 109.196s
07-06 00:43:37.399 24039 24495 W Summariser:   original duration: 60.02
07-06 00:43:37.399 24039 24495 W Summariser:   summarised duration: 22.25
07-06 00:43:37.399 24039 24495 W Summariser:   noise tolerance: 45.00
07-06 00:43:37.399 24039 24495 W Summariser:   quality: 23
07-06 00:43:37.399 24039 24495 W Summariser:   speed: medium
07-06 00:43:37.399 24039 24495 W Summariser:   freeze duration: 1.00
07-06 00:43:37.400 24039 24495 V VideoManager: Retrieving video from /storage/emulated/0/Movies/summarised/20200312_194930.mp4
07-06 00:43:37.408 24039 24053 I zygote64: WaitForGcToComplete blocked ProfileSaver on ProfileSaver for 21.858ms
07-06 00:43:37.415 24039 24495 D VideoManager: videoCursor is null
07-06 00:43:37.445 24039 24495 V VideoManager: videoFromCursor
07-06 00:43:37.448 24039 24495 V SummarisedVideosEventHandler: onAdd
07-06 00:43:37.452 24039 24495 W NearbyFragment: Sending 20200312_194930.mp4 to Galaxy S8 [2802]
07-06 00:43:37.455 24039 24495 V ProcessingVideosEventHandler: onRemove
07-06 00:43:37.469 24039 24039 V NearbyFragment: Transfer to Endpoint{id=njPJ, name=Galaxy S8 [2802]} complete
07-06 00:43:37.472 24039 24044 I zygote64: Do full code cache collection, code=250KB, data=173KB
07-06 00:43:37.473 24039 24044 I zygote64: After code cache collection, code=161KB, data=93KB
07-06 00:43:37.508 24039 24061 D SummariserIntentService: Scanned /storage/emulated/0/Movies/summarised
07-06 00:43:37.508 24039 24061 D SummariserIntentService:   -> uri=content://media/external/file/8207
07-06 00:43:37.653 24039 24039 V NearbyFragment: Transfer to Endpoint{id=njPJ, name=Galaxy S8 [2802]} complete
