--------- beginning of main
07-06 00:48:45.632 10326 10326 I zygote64: Late-enabling -Xcheck:jni
--------- beginning of system
07-06 00:48:45.761 10326 10326 I ActivityThread: handleStopService: token=android.os.BinderProxy@17d1972 not found.
07-06 00:48:45.767 10326 10326 I TransferService: Starting Transfer Service to listen for network connectivity changes.
07-06 00:48:45.769 10326 10326 W LogFactory: Truncating log tag length as it exceed 23, the limit imposed by Android on certain API Levels
07-06 00:48:45.795 10326 10326 I TransferService: Registering the network receiver
07-06 00:48:45.799 10326 10326 I TransferService: Moving the service out of the Foreground state.
07-06 00:48:45.801 10326 10326 I TransferService: De-registering the network receiver.
07-06 00:48:48.686 10326 10326 I zygote64: Rejecting re-init on previously-failed class java.lang.Class<androidx.core.view.ViewCompat$2>: java.lang.NoClassDefFoundError: Failed resolution of: Landroid/view/View$OnUnhandledKeyEventListener;
07-06 00:48:48.686 10326 10326 I zygote64:   at void androidx.core.view.ViewCompat.setOnApplyWindowInsetsListener(android.view.View, androidx.core.view.OnApplyWindowInsetsListener) (ViewCompat.java:2421)
07-06 00:48:48.686 10326 10326 I zygote64:   at android.view.ViewGroup androidx.appcompat.app.AppCompatDelegateImpl.createSubDecor() (AppCompatDelegateImpl.java:779)
07-06 00:48:48.686 10326 10326 I zygote64:   at void androidx.appcompat.app.AppCompatDelegateImpl.ensureSubDecor() (AppCompatDelegateImpl.java:659)
07-06 00:48:48.686 10326 10326 I zygote64:   at void androidx.appcompat.app.AppCompatDelegateImpl.setContentView(int) (AppCompatDelegateImpl.java:552)
07-06 00:48:48.686 10326 10326 I zygote64:   at void androidx.appcompat.app.AppCompatActivity.setContentView(int) (AppCompatActivity.java:161)
07-06 00:48:48.686 10326 10326 I zygote64:   at void com.example.edgesum.page.main.MainActivity.onCreate(android.os.Bundle) (MainActivity.java:95)
07-06 00:48:48.686 10326 10326 I zygote64:   at void android.app.Activity.performCreate(android.os.Bundle, android.os.PersistableBundle) (Activity.java:7009)
07-06 00:48:48.686 10326 10326 I zygote64:   at void android.app.Activity.performCreate(android.os.Bundle) (Activity.java:7000)
07-06 00:48:48.686 10326 10326 I zygote64:   at void android.app.Instrumentation.callActivityOnCreate(android.app.Activity, android.os.Bundle) (Instrumentation.java:1214)
07-06 00:48:48.686 10326 10326 I zygote64:   at android.app.Activity android.app.ActivityThread.performLaunchActivity(android.app.ActivityThread$ActivityClientRecord, android.content.Intent) (ActivityThread.java:2731)
07-06 00:48:48.686 10326 10326 I zygote64:   at void android.app.ActivityThread.handleLaunchActivity(android.app.ActivityThread$ActivityClientRecord, android.content.Intent, java.lang.String) (ActivityThread.java:2856)
07-06 00:48:48.686 10326 10326 I zygote64:   at void android.app.ActivityThread.-wrap11(android.app.ActivityThread, android.app.ActivityThread$ActivityClientRecord, android.content.Intent, java.lang.String) (ActivityThread.java:-1)
07-06 00:48:48.686 10326 10326 I zygote64:   at void android.app.ActivityThread$H.handleMessage(android.os.Message) (ActivityThread.java:1589)
07-06 00:48:48.686 10326 10326 I zygote64:   at void android.os.Handler.dispatchMessage(android.os.Message) (Handler.java:106)
07-06 00:48:48.686 10326 10326 I zygote64:   at void android.os.Looper.loop() (Looper.java:164)
07-06 00:48:48.686 10326 10326 I zygote64:   at void android.app.ActivityThread.main(java.lang.String[]) (ActivityThread.java:6494)
07-06 00:48:48.686 10326 10326 I zygote64:   at java.lang.Object java.lang.reflect.Method.invoke(java.lang.Object, java.lang.Object[]) (Method.java:-2)
07-06 00:48:48.686 10326 10326 I zygote64:   at void com.android.internal.os.RuntimeInit$MethodAndArgsCaller.run() (RuntimeInit.java:438)
07-06 00:48:48.686 10326 10326 I zygote64:   at void com.android.internal.os.ZygoteInit.main(java.lang.String[]) (ZygoteInit.java:807)
07-06 00:48:48.686 10326 10326 I zygote64: Caused by: java.lang.ClassNotFoundException: Didn't find class "android.view.View$OnUnhandledKeyEventListener" on path: DexPathList[[zip file "/data/app/com.example.edgesum-bFxynPrl0lxppOVe6iVL-w==/base.apk"],nativeLibraryDirectories=[/data/app/com.example.edgesum-bFxynPrl0lxppOVe6iVL-w==/lib/arm64, /data/app/com.example.edgesum-bFxynPrl0lxppOVe6iVL-w==/base.apk!/lib/arm64-v8a, /system/lib64, /vendor/lib64]]
07-06 00:48:48.686 10326 10326 I zygote64:   at java.lang.Class dalvik.system.BaseDexClassLoader.findClass(java.lang.String) (BaseDexClassLoader.java:125)
07-06 00:48:48.686 10326 10326 I zygote64:   at java.lang.Class java.lang.ClassLoader.loadClass(java.lang.String, boolean) (ClassLoader.java:379)
07-06 00:48:48.686 10326 10326 I zygote64:   at java.lang.Class java.lang.ClassLoader.loadClass(java.lang.String) (ClassLoader.java:312)
07-06 00:48:48.686 10326 10326 I zygote64:   at void androidx.core.view.ViewCompat.setOnApplyWindowInsetsListener(android.view.View, androidx.core.view.OnApplyWindowInsetsListener) (ViewCompat.java:2421)
07-06 00:48:48.686 10326 10326 I zygote64:   at android.view.ViewGroup androidx.appcompat.app.AppCompatDelegateImpl.createSubDecor() (AppCompatDelegateImpl.java:779)
07-06 00:48:48.686 10326 10326 I zygote64:   at void androidx.appcompat.app.AppCompatDelegateImpl.ensureSubDecor() (AppCompatDelegateImpl.java:659)
07-06 00:48:48.686 10326 10326 I zygote64:   at void androidx.appcompat.app.AppCompatDelegateImpl.setContentView(int) (AppCompatDelegateImpl.java:552)
07-06 00:48:48.686 10326 10326 I zygote64:   at void androidx.appcompat.app.AppCompatActivity.setContentView(int) (AppCompatActivity.java:161)
07-06 00:48:48.686 10326 10326 I zygote64:   at void com.example.edgesum.page.main.MainActivity.onCreate(android.os.Bundle) (MainActivity.java:95)
07-06 00:48:48.687 10326 10326 I zygote64:   at void android.app.Activity.performCreate(android.os.Bundle, android.os.PersistableBundle) (Activity.java:7009)
07-06 00:48:48.687 10326 10326 I zygote64:   at void android.app.Activity.performCreate(android.os.Bundle) (Activity.java:7000)
07-06 00:48:48.687 10326 10326 I zygote64:   at void android.app.Instrumentation.callActivityOnCreate(android.app.Activity, android.os.Bundle) (Instrumentation.java:1214)
07-06 00:48:48.687 10326 10326 I zygote64:   at android.app.Activity android.app.ActivityThread.performLaunchActivity(android.app.ActivityThread$ActivityClientRecord, android.content.Intent) (ActivityThread.java:2731)
07-06 00:48:48.687 10326 10326 I zygote64:   at void android.app.ActivityThread.handleLaunchActivity(android.app.ActivityThread$ActivityClientRecord, android.content.Intent, java.lang.String) (ActivityThread.java:2856)
07-06 00:48:48.687 10326 10326 I zygote64:   at void android.app.ActivityThread.-wrap11(android.app.ActivityThread, android.app.ActivityThread$ActivityClientRecord, android.content.Intent, java.lang.String) (ActivityThread.java:-1)
07-06 00:48:48.687 10326 10326 I zygote64:   at void android.app.ActivityThread$H.handleMessage(android.os.Message) (ActivityThread.java:1589)
07-06 00:48:48.687 10326 10326 I zygote64:   at void android.os.Handler.dispatchMessage(android.os.Message) (Handler.java:106)
07-06 00:48:48.687 10326 10326 I zygote64:   at void android.os.Looper.loop() (Looper.java:164)
07-06 00:48:48.687 10326 10326 I zygote64:   at void android.app.ActivityThread.main(java.lang.String[]) (ActivityThread.java:6494)
07-06 00:48:48.687 10326 10326 I zygote64:   at java.lang.Object java.lang.reflect.Method.invoke(java.lang.Object, java.lang.Object[]) (Method.java:-2)
07-06 00:48:48.687 10326 10326 I zygote64:   at void com.android.internal.os.RuntimeInit$MethodAndArgsCaller.run() (RuntimeInit.java:438)
07-06 00:48:48.687 10326 10326 I zygote64:   at void com.android.internal.os.ZygoteInit.main(java.lang.String[]) (ZygoteInit.java:807)
07-06 00:48:48.687 10326 10326 I zygote64: 
07-06 00:48:48.687 10326 10326 I zygote64: Rejecting re-init on previously-failed class java.lang.Class<androidx.core.view.ViewCompat$2>: java.lang.NoClassDefFoundError: Failed resolution of: Landroid/view/View$OnUnhandledKeyEventListener;
07-06 00:48:48.687 10326 10326 I zygote64:   at void androidx.core.view.ViewCompat.setOnApplyWindowInsetsListener(android.view.View, androidx.core.view.OnApplyWindowInsetsListener) (ViewCompat.java:2421)
07-06 00:48:48.687 10326 10326 I zygote64:   at android.view.ViewGroup androidx.appcompat.app.AppCompatDelegateImpl.createSubDecor() (AppCompatDelegateImpl.java:779)
07-06 00:48:48.687 10326 10326 I zygote64:   at void androidx.appcompat.app.AppCompatDelegateImpl.ensureSubDecor() (AppCompatDelegateImpl.java:659)
07-06 00:48:48.687 10326 10326 I zygote64:   at void androidx.appcompat.app.AppCompatDelegateImpl.setContentView(int) (AppCompatDelegateImpl.java:552)
07-06 00:48:48.687 10326 10326 I zygote64:   at void androidx.appcompat.app.AppCompatActivity.setContentView(int) (AppCompatActivity.java:161)
07-06 00:48:48.687 10326 10326 I zygote64:   at void com.example.edgesum.page.main.MainActivity.onCreate(android.os.Bundle) (MainActivity.java:95)
07-06 00:48:48.687 10326 10326 I zygote64:   at void android.app.Activity.performCreate(android.os.Bundle, android.os.PersistableBundle) (Activity.java:7009)
07-06 00:48:48.687 10326 10326 I zygote64:   at void android.app.Activity.performCreate(android.os.Bundle) (Activity.java:7000)
07-06 00:48:48.687 10326 10326 I zygote64:   at void android.app.Instrumentation.callActivityOnCreate(android.app.Activity, android.os.Bundle) (Instrumentation.java:1214)
07-06 00:48:48.687 10326 10326 I zygote64:   at android.app.Activity android.app.ActivityThread.performLaunchActivity(android.app.ActivityThread$ActivityClientRecord, android.content.Intent) (ActivityThread.java:2731)
07-06 00:48:48.687 10326 10326 I zygote64:   at void android.app.ActivityThread.handleLaunchActivity(android.app.ActivityThread$ActivityClientRecord, android.content.Intent, java.lang.String) (ActivityThread.java:2856)
07-06 00:48:48.687 10326 10326 I zygote64:   at void android.app.ActivityThread.-wrap11(android.app.ActivityThread, android.app.ActivityThread$ActivityClientRecord, android.content.Intent, java.lang.String) (ActivityThread.java:-1)
07-06 00:48:48.687 10326 10326 I zygote64:   at void android.app.ActivityThread$H.handleMessage(android.os.Message) (ActivityThread.java:1589)
07-06 00:48:48.688 10326 10326 I zygote64:   at void android.os.Handler.dispatchMessage(android.os.Message) (Handler.java:106)
07-06 00:48:48.688 10326 10326 I zygote64:   at void android.os.Looper.loop() (Looper.java:164)
07-06 00:48:48.688 10326 10326 I zygote64:   at void android.app.ActivityThread.main(java.lang.String[]) (ActivityThread.java:6494)
07-06 00:48:48.688 10326 10326 I zygote64:   at java.lang.Object java.lang.reflect.Method.invoke(java.lang.Object, java.lang.Object[]) (Method.java:-2)
07-06 00:48:48.688 10326 10326 I zygote64:   at void com.android.internal.os.RuntimeInit$MethodAndArgsCaller.run() (RuntimeInit.java:438)
07-06 00:48:48.688 10326 10326 I zygote64:   at void com.android.internal.os.ZygoteInit.main(java.lang.String[]) (ZygoteInit.java:807)
07-06 00:48:48.688 10326 10326 I zygote64: Caused by: java.lang.ClassNotFoundException: Didn't find class "android.view.View$OnUnhandledKeyEventListener" on path: DexPathList[[zip file "/data/app/com.example.edgesum-bFxynPrl0lxppOVe6iVL-w==/base.apk"],nativeLibraryDirectories=[/data/app/com.example.edgesum-bFxynPrl0lxppOVe6iVL-w==/lib/arm64, /data/app/com.example.edgesum-bFxynPrl0lxppOVe6iVL-w==/base.apk!/lib/arm64-v8a, /system/lib64, /vendor/lib64]]
07-06 00:48:48.688 10326 10326 I zygote64:   at java.lang.Class dalvik.system.BaseDexClassLoader.findClass(java.lang.String) (BaseDexClassLoader.java:125)
07-06 00:48:48.688 10326 10326 I zygote64:   at java.lang.Class java.lang.ClassLoader.loadClass(java.lang.String, boolean) (ClassLoader.java:379)
07-06 00:48:48.688 10326 10326 I zygote64:   at java.lang.Class java.lang.ClassLoader.loadClass(java.lang.String) (ClassLoader.java:312)
07-06 00:48:48.688 10326 10326 I zygote64:   at void androidx.core.view.ViewCompat.setOnApplyWindowInsetsListener(android.view.View, androidx.core.view.OnApplyWindowInsetsListener) (ViewCompat.java:2421)
07-06 00:48:48.688 10326 10326 I zygote64:   at android.view.ViewGroup androidx.appcompat.app.AppCompatDelegateImpl.createSubDecor() (AppCompatDelegateImpl.java:779)
07-06 00:48:48.688 10326 10326 I zygote64:   at void androidx.appcompat.app.AppCompatDelegateImpl.ensureSubDecor() (AppCompatDelegateImpl.java:659)
07-06 00:48:48.688 10326 10326 I zygote64:   at void androidx.appcompat.app.AppCompatDelegateImpl.setContentView(int) (AppCompatDelegateImpl.java:552)
07-06 00:48:48.688 10326 10326 I zygote64:   at void androidx.appcompat.app.AppCompatActivity.setContentView(int) (AppCompatActivity.java:161)
07-06 00:48:48.688 10326 10326 I zygote64:   at void com.example.edgesum.page.main.MainActivity.onCreate(android.os.Bundle) (MainActivity.java:95)
07-06 00:48:48.688 10326 10326 I zygote64:   at void android.app.Activity.performCreate(android.os.Bundle, android.os.PersistableBundle) (Activity.java:7009)
07-06 00:48:48.688 10326 10326 I zygote64:   at void android.app.Activity.performCreate(android.os.Bundle) (Activity.java:7000)
07-06 00:48:48.688 10326 10326 I zygote64:   at void android.app.Instrumentation.callActivityOnCreate(android.app.Activity, android.os.Bundle) (Instrumentation.java:1214)
07-06 00:48:48.688 10326 10326 I zygote64:   at android.app.Activity android.app.ActivityThread.performLaunchActivity(android.app.ActivityThread$ActivityClientRecord, android.content.Intent) (ActivityThread.java:2731)
07-06 00:48:48.688 10326 10326 I zygote64:   at void android.app.ActivityThread.handleLaunchActivity(android.app.ActivityThread$ActivityClientRecord, android.content.Intent, java.lang.String) (ActivityThread.java:2856)
07-06 00:48:48.688 10326 10326 I zygote64:   at void android.app.ActivityThread.-wrap11(android.app.ActivityThread, android.app.ActivityThread$ActivityClientRecord, android.content.Intent, java.lang.String) (ActivityThread.java:-1)
07-06 00:48:48.688 10326 10326 I zygote64:   at void android.app.ActivityThread$H.handleMessage(android.os.Message) (ActivityThread.java:1589)
07-06 00:48:48.688 10326 10326 I zygote64:   at void android.os.Handler.dispatchMessage(android.os.Message) (Handler.java:106)
07-06 00:48:48.688 10326 10326 I zygote64:   at void android.os.Looper.loop() (Looper.java:164)
07-06 00:48:48.688 10326 10326 I zygote64:   at void android.app.ActivityThread.main(java.lang.String[]) (ActivityThread.java:6494)
07-06 00:48:48.688 10326 10326 I zygote64:   at java.lang.Object java.lang.reflect.Method.invoke(java.lang.Object, java.lang.Object[]) (Method.java:-2)
07-06 00:48:48.688 10326 10326 I zygote64:   at void com.android.internal.os.RuntimeInit$MethodAndArgsCaller.run() (RuntimeInit.java:438)
07-06 00:48:48.688 10326 10326 I zygote64:   at void com.android.internal.os.ZygoteInit.main(java.lang.String[]) (ZygoteInit.java:807)
07-06 00:48:48.688 10326 10326 I zygote64: 
07-06 00:48:48.688 10326 10326 I zygote64: Rejecting re-init on previously-failed class java.lang.Class<androidx.core.view.ViewCompat$2>: java.lang.NoClassDefFoundError: Failed resolution of: Landroid/view/View$OnUnhandledKeyEventListener;
07-06 00:48:48.688 10326 10326 I zygote64:   at void androidx.core.view.ViewCompat.setOnApplyWindowInsetsListener(android.view.View, androidx.core.view.OnApplyWindowInsetsListener) (ViewCompat.java:2421)
07-06 00:48:48.688 10326 10326 I zygote64:   at android.view.ViewGroup androidx.appcompat.app.AppCompatDelegateImpl.createSubDecor() (AppCompatDelegateImpl.java:779)
07-06 00:48:48.688 10326 10326 I zygote64:   at void androidx.appcompat.app.AppCompatDelegateImpl.ensureSubDecor() (AppCompatDelegateImpl.java:659)
07-06 00:48:48.688 10326 10326 I zygote64:   at void androidx.appcompat.app.AppCompatDelegateImpl.setContentView(int) (AppCompatDelegateImpl.java:552)
07-06 00:48:48.688 10326 10326 I zygote64:   at void androidx.appcompat.app.AppCompatActivity.setContentView(int) (AppCompatActivity.java:161)
07-06 00:48:48.688 10326 10326 I zygote64:   at void com.example.edgesum.page.main.MainActivity.onCreate(android.os.Bundle) (MainActivity.java:95)
07-06 00:48:48.688 10326 10326 I zygote64:   at void android.app.Activity.performCreate(android.os.Bundle, android.os.PersistableBundle) (Activity.java:7009)
07-06 00:48:48.688 10326 10326 I zygote64:   at void android.app.Activity.performCreate(android.os.Bundle) (Activity.java:7000)
07-06 00:48:48.688 10326 10326 I zygote64:   at void android.app.Instrumentation.callActivityOnCreate(android.app.Activity, android.os.Bundle) (Instrumentation.java:1214)
07-06 00:48:48.688 10326 10326 I zygote64:   at android.app.Activity android.app.ActivityThread.performLaunchActivity(android.app.ActivityThread$ActivityClientRecord, android.content.Intent) (ActivityThread.java:2731)
07-06 00:48:48.688 10326 10326 I zygote64:   at void android.app.ActivityThread.handleLaunchActivity(android.app.ActivityThread$ActivityClientRecord, android.content.Intent, java.lang.String) (ActivityThread.java:2856)
07-06 00:48:48.688 10326 10326 I zygote64:   at void android.app.ActivityThread.-wrap11(android.app.ActivityThread, android.app.ActivityThread$ActivityClientRecord, android.content.Intent, java.lang.String) (ActivityThread.java:-1)
07-06 00:48:48.688 10326 10326 I zygote64:   at void android.app.ActivityThread$H.handleMessage(android.os.Message) (ActivityThread.java:1589)
07-06 00:48:48.688 10326 10326 I zygote64:   at void android.os.Handler.dispatchMessage(android.os.Message) (Handler.java:106)
07-06 00:48:48.688 10326 10326 I zygote64:   at void android.os.Looper.loop() (Looper.java:164)
07-06 00:48:48.688 10326 10326 I zygote64:   at void android.app.ActivityThread.main(java.lang.String[]) (ActivityThread.java:6494)
07-06 00:48:48.689 10326 10326 I zygote64:   at java.lang.Object java.lang.reflect.Method.invoke(java.lang.Object, java.lang.Object[]) (Method.java:-2)
07-06 00:48:48.689 10326 10326 I zygote64:   at void com.android.internal.os.RuntimeInit$MethodAndArgsCaller.run() (RuntimeInit.java:438)
07-06 00:48:48.689 10326 10326 I zygote64:   at void com.android.internal.os.ZygoteInit.main(java.lang.String[]) (ZygoteInit.java:807)
07-06 00:48:48.689 10326 10326 I zygote64: Caused by: java.lang.ClassNotFoundException: Didn't find class "android.view.View$OnUnhandledKeyEventListener" on path: DexPathList[[zip file "/data/app/com.example.edgesum-bFxynPrl0lxppOVe6iVL-w==/base.apk"],nativeLibraryDirectories=[/data/app/com.example.edgesum-bFxynPrl0lxppOVe6iVL-w==/lib/arm64, /data/app/com.example.edgesum-bFxynPrl0lxppOVe6iVL-w==/base.apk!/lib/arm64-v8a, /system/lib64, /vendor/lib64]]
07-06 00:48:48.689 10326 10326 I zygote64:   at java.lang.Class dalvik.system.BaseDexClassLoader.findClass(java.lang.String) (BaseDexClassLoader.java:125)
07-06 00:48:48.689 10326 10326 I zygote64:   at java.lang.Class java.lang.ClassLoader.loadClass(java.lang.String, boolean) (ClassLoader.java:379)
07-06 00:48:48.689 10326 10326 I zygote64:   at java.lang.Class java.lang.ClassLoader.loadClass(java.lang.String) (ClassLoader.java:312)
07-06 00:48:48.689 10326 10326 I zygote64:   at void androidx.core.view.ViewCompat.setOnApplyWindowInsetsListener(android.view.View, androidx.core.view.OnApplyWindowInsetsListener) (ViewCompat.java:2421)
07-06 00:48:48.689 10326 10326 I zygote64:   at android.view.ViewGroup androidx.appcompat.app.AppCompatDelegateImpl.createSubDecor() (AppCompatDelegateImpl.java:779)
07-06 00:48:48.689 10326 10326 I zygote64:   at void androidx.appcompat.app.AppCompatDelegateImpl.ensureSubDecor() (AppCompatDelegateImpl.java:659)
07-06 00:48:48.689 10326 10326 I zygote64:   at void androidx.appcompat.app.AppCompatDelegateImpl.setContentView(int) (AppCompatDelegateImpl.java:552)
07-06 00:48:48.689 10326 10326 I zygote64:   at void androidx.appcompat.app.AppCompatActivity.setContentView(int) (AppCompatActivity.java:161)
07-06 00:48:48.689 10326 10326 I zygote64:   at void com.example.edgesum.page.main.MainActivity.onCreate(android.os.Bundle) (MainActivity.java:95)
07-06 00:48:48.689 10326 10326 I zygote64:   at void android.app.Activity.performCreate(android.os.Bundle, android.os.PersistableBundle) (Activity.java:7009)
07-06 00:48:48.689 10326 10326 I zygote64:   at void android.app.Activity.performCreate(android.os.Bundle) (Activity.java:7000)
07-06 00:48:48.689 10326 10326 I zygote64:   at void android.app.Instrumentation.callActivityOnCreate(android.app.Activity, android.os.Bundle) (Instrumentation.java:1214)
07-06 00:48:48.689 10326 10326 I zygote64:   at android.app.Activity android.app.ActivityThread.performLaunchActivity(android.app.ActivityThread$ActivityClientRecord, android.content.Intent) (ActivityThread.java:2731)
07-06 00:48:48.689 10326 10326 I zygote64:   at void android.app.ActivityThread.handleLaunchActivity(android.app.ActivityThread$ActivityClientRecord, android.content.Intent, java.lang.String) (ActivityThread.java:2856)
07-06 00:48:48.689 10326 10326 I zygote64:   at void android.app.ActivityThread.-wrap11(android.app.ActivityThread, android.app.ActivityThread$ActivityClientRecord, android.content.Intent, java.lang.String) (ActivityThread.java:-1)
07-06 00:48:48.689 10326 10326 I zygote64:   at void android.app.ActivityThread$H.handleMessage(android.os.Message) (ActivityThread.java:1589)
07-06 00:48:48.689 10326 10326 I zygote64:   at void android.os.Handler.dispatchMessage(android.os.Message) (Handler.java:106)
07-06 00:48:48.689 10326 10326 I zygote64:   at void android.os.Looper.loop() (Looper.java:164)
07-06 00:48:48.689 10326 10326 I zygote64:   at void android.app.ActivityThread.main(java.lang.String[]) (ActivityThread.java:6494)
07-06 00:48:48.689 10326 10326 I zygote64:   at java.lang.Object java.lang.reflect.Method.invoke(java.lang.Object, java.lang.Object[]) (Method.java:-2)
07-06 00:48:48.689 10326 10326 I zygote64:   at void com.android.internal.os.RuntimeInit$MethodAndArgsCaller.run() (RuntimeInit.java:438)
07-06 00:48:48.689 10326 10326 I zygote64:   at void com.android.internal.os.ZygoteInit.main(java.lang.String[]) (ZygoteInit.java:807)
07-06 00:48:48.689 10326 10326 I zygote64: 
07-06 00:48:48.860 10326 10326 V Repo    : /storage/emulated/0/Movies/raw
07-06 00:48:48.860 10326 10326 V Repo    : /storage/emulated/0/Movies/summarised
07-06 00:48:48.875 10326 10326 V FileManager: External storage is readable
07-06 00:48:48.877 10326 10326 V FileManager: Created new directory: /storage/emulated/0/Movies/raw
07-06 00:48:48.882 10326 10326 V FileManager: External storage is readable
07-06 00:48:48.883 10326 10326 V FileManager: Created new directory: /storage/emulated/0/Movies/summarised
07-06 00:48:48.887 10326 10326 V FileManager: External storage is readable
07-06 00:48:48.889 10326 10326 V FileManager: Created new directory: /storage/emulated/0/Download/nearby
07-06 00:48:48.892 10326 10326 V FileManager: External storage is readable
07-06 00:48:48.893 10326 10326 V FileManager: Created new directory: /storage/emulated/0/Movies/segment
07-06 00:48:48.898 10326 10326 V FileManager: External storage is readable
07-06 00:48:48.899 10326 10326 V FileManager: Created new directory: /storage/emulated/0/Movies/segment-sum
07-06 00:48:49.032 10326 10326 V VideoManager: getAllVideoFromExternalStorageFolder
07-06 00:48:49.036 10326 10326 D VideoManager: /storage/emulated/0/Movies/summarised
07-06 00:48:49.050 10326 10326 D VideoManager: 0 videos return
07-06 00:48:49.080 10326 10326 V VideoManager: getAllVideoFromExternalStorageFolder
07-06 00:48:49.085 10326 10326 D VideoManager: /storage/emulated/0/Movies/raw
07-06 00:48:49.095 10326 10326 D VideoManager: 0 videos return
07-06 00:48:49.137 10326 10352 D OpenGLRenderer: HWUI GL Pipeline
07-06 00:48:49.147 10326 10326 I TransferService: Starting Transfer Service to listen for network connectivity changes.
07-06 00:48:49.147 10326 10326 I TransferService: Registering the network receiver
07-06 00:48:49.153 10326 10326 E TransferService: No notification is passed in the intent. Unable to transition to foreground.
07-06 00:48:49.199 10326 10349 D MainActivity: Scanned /storage/emulated/0/Movies/raw
07-06 00:48:49.199 10326 10349 D MainActivity:   -> uri=content://media/external/file/1013
07-06 00:48:49.224 10326 10339 D MainActivity: Scanned /storage/emulated/0/Movies/summarised
07-06 00:48:49.224 10326 10339 D MainActivity:   -> uri=content://media/external/file/1014
07-06 00:48:49.233 10326 10352 I Adreno  : QUALCOMM build                   : 8e59954, I0be83d0d26
07-06 00:48:49.233 10326 10352 I Adreno  : Build Date                       : 09/22/17
07-06 00:48:49.233 10326 10352 I Adreno  : OpenGL ES Shader Compiler Version: EV031.21.02.00
07-06 00:48:49.233 10326 10352 I Adreno  : Local Branch                     : O17A
07-06 00:48:49.233 10326 10352 I Adreno  : Remote Branch                    : 
07-06 00:48:49.233 10326 10352 I Adreno  : Remote Branch                    : 
07-06 00:48:49.233 10326 10352 I Adreno  : Reconstruct Branch               : 
07-06 00:48:49.234 10326 10352 D vndksupport: Loading /vendor/lib64/hw/gralloc.msm8992.so from current namespace instead of sphal namespace.
07-06 00:48:49.261 10326 10352 I Adreno  : PFP: 0x00000000, ME: 0x00000000
07-06 00:48:49.263 10326 10326 I TransferNetworkLossHand: Network connectivity changed detected.
07-06 00:48:49.264 10326 10331 I zygote64: Do partial code cache collection, code=23KB, data=29KB
07-06 00:48:49.264 10326 10326 I TransferNetworkLossHand: Network connected: false
07-06 00:48:49.266 10326 10331 I zygote64: After code cache collection, code=23KB, data=29KB
07-06 00:48:49.266 10326 10331 I zygote64: Increasing code cache capacity to 128KB
07-06 00:48:49.271 10326 10352 I zygote64: android::hardware::configstore::V1_0::ISurfaceFlingerConfigs::hasWideColorDisplay retrieved: 0
07-06 00:48:49.273 10326 10352 I OpenGLRenderer: Initialized EGL, version 1.4
07-06 00:48:49.273 10326 10352 D OpenGLRenderer: Swap behavior 2
07-06 00:48:49.349 10326 10352 D vndksupport: Loading /vendor/lib64/hw/android.hardware.graphics.mapper@2.0-impl.so from current namespace instead of sphal namespace.
07-06 00:48:49.350 10326 10352 D vndksupport: Loading /vendor/lib64/hw/gralloc.msm8992.so from current namespace instead of sphal namespace.
07-06 00:49:02.227 10326 10326 V MainActivity: Connect button clicked
07-06 00:49:09.247 10326 10326 V ConnectionFragment: Discovery switch checked
07-06 00:49:09.492 10326 10331 I zygote64: Do partial code cache collection, code=56KB, data=59KB
07-06 00:49:09.492 10326 10331 I zygote64: After code cache collection, code=56KB, data=59KB
07-06 00:49:09.492 10326 10331 I zygote64: Increasing code cache capacity to 256KB
07-06 00:49:11.179 10326 10326 D NearbyFragment: Started discovering
07-06 00:49:12.905 10326 10326 D NearbyFragment: Found endpoint vMbk: Galaxy S8 [2802]
07-06 00:49:28.946 10326 10326 D NearbyFragment: Selected 'Endpoint{id=vMbk, name=Galaxy S8 [2802]}'
07-06 00:49:28.999 10326 10331 I zygote64: Compiler allocated 4MB to compile void android.view.View.<init>(android.content.Context, android.util.AttributeSet, int, int)
07-06 00:49:34.019 10326 10326 D NearbyFragment: Initiated connection with vMbk: Galaxy S8 [2802]
07-06 00:49:34.139 10326 10326 D NearbyFragment: Requested connection with Endpoint{id=vMbk, name=Galaxy S8 [2802]}
07-06 00:49:34.187 10326 10331 I zygote64: Do full code cache collection, code=118KB, data=100KB
07-06 00:49:34.187 10326 10331 I zygote64: After code cache collection, code=116KB, data=61KB
07-06 00:49:35.530 10326 10326 I NearbyFragment: Connected to Endpoint{id=vMbk, name=Galaxy S8 [2802]}
07-06 00:49:36.182 10326 10331 I zygote64: Do partial code cache collection, code=122KB, data=84KB
07-06 00:49:36.182 10326 10331 I zygote64: After code cache collection, code=122KB, data=84KB
07-06 00:49:36.182 10326 10331 I zygote64: Increasing code cache capacity to 512KB
07-06 00:49:36.460 10326 10326 V ConnectionFragment: Discovery switch unchecked
07-06 00:49:36.460 10326 10326 D NearbyFragment: Stopped discovering
07-06 00:49:44.386 10326 10326 I TransferNetworkLossHand: Network connectivity changed detected.
07-06 00:49:44.395 10326 10326 I TransferNetworkLossHand: Network connected: true
07-06 00:51:26.200 10326 10326 D NearbyFragment: onPayloadReceived(endpointId=vMbk, payload=com.google.android.gms.nearby.connection.Payload@7a5b2da)
07-06 00:51:26.210 10326 10326 V NearbyFragment: Started downloading SUMMARISE_SEGMENT:-7337338206193713437:20200312_150643!003.mp4:45.0_1.0_23_medium from Endpoint{id=vMbk, name=Galaxy S8 [2802]}
07-06 00:51:26.493 10326 10326 V NearbyFragment: Transfer to Endpoint{id=vMbk, name=Galaxy S8 [2802]} complete
07-06 00:51:32.842 10326 10326 D NearbyFragment: onPayloadReceived(endpointId=vMbk, payload=com.google.android.gms.nearby.connection.Payload@2f5b401)
07-06 00:51:36.228 10326 10326 V NearbyFragment: Transfer to Endpoint{id=vMbk, name=Galaxy S8 [2802]} complete
07-06 00:51:36.237 10326 10326 W NearbyFragment: Completed downloading 20200312_150643!003.mp4 from Endpoint{id=vMbk, name=Galaxy S8 [2802]} in 10.004s
07-06 00:51:36.251 10326 10326 V FileManager: External storage is readable
07-06 00:51:36.253 10326 10326 V FileManager: Created new directory: /storage/emulated/0/Movies/segment-sum/20200312_150643
07-06 00:51:36.255 10326 10326 D NearbyFragment: Summarising 20200312_150643!003.mp4
07-06 00:51:36.256 10326 10326 V VideoManager: Retrieving video from /storage/emulated/0/Download/Nearby/20200312_150643!003.mp4
07-06 00:51:36.277 10326 10326 D VideoManager: videoCursor is null
07-06 00:51:36.315 10326 10326 V VideoManager: videoFromCursor
07-06 00:51:36.319 10326 10326 V ProcessingVideosEventHandler: onAdd
07-06 00:51:36.320 10326 10326 V RawFootageEventHandler: onRemove
07-06 00:51:36.334 10326 10326 V NearbyFragment: Transfer to Endpoint{id=vMbk, name=Galaxy S8 [2802]} complete
07-06 00:51:36.343 10326 10652 V SummariserIntentService: onHandleIntent
07-06 00:51:36.344 10326 10652 D SummariserIntentService: Video{id='1052', data='/storage/emulated/0/Download/Nearby/20200312_150643!003.mp4', name='20200312_150643!003.mp4', size=12603801, visible=true, mimeType='video/mp4'}
07-06 00:51:36.344 10326 10652 D SummariserIntentService: /storage/emulated/0/Movies/segment-sum/20200312_150643/20200312_150643!003.mp4
07-06 00:51:36.347 10326 10652 I mobile-ffmpeg: Loading mobile-ffmpeg.
07-06 00:51:36.401 10326 10652 I mobile-ffmpeg: Loaded mobile-ffmpeg-full-gpl-arm64-v8a-4.3.2-20200415.
07-06 00:51:36.410 10326 10653 D mobile-ffmpeg: Callback thread started.
07-06 00:51:36.421 10326 10652 I FfmpegTools: Running ffmpeg with:
07-06 00:51:36.421 10326 10652 I FfmpegTools:   -y -i /storage/emulated/0/Download/Nearby/20200312_150643!003.mp4 -vf freezedetect=n=-45.000000dB:d=1.000000,metadata=mode=print:file=/storage/emulated/0/Movies/raw/20200312_150643!003.txt -f null -
07-06 00:51:36.572 10326 10653 W mobile-ffmpeg: [graph 0 input from stream 0:0 @ 0x755ac22640] sws_param option is deprecated and ignored
07-06 00:51:38.640 10326 10652 W Summariser: No activity detected
07-06 00:51:38.641 10326 10652 V FfmpegTools: Retrieving duration of /storage/emulated/0/Download/Nearby/20200312_150643!003.mp4
07-06 00:51:38.691 10326 10652 W Summariser: Summarisation completed
07-06 00:51:38.691 10326 10652 W Summariser:   filename: 20200312_150643!003.mp4
07-06 00:51:38.691 10326 10652 W Summariser:   active sections: 0
07-06 00:51:38.691 10326 10652 W Summariser:   time: 02.295s
07-06 00:51:38.691 10326 10652 W Summariser:   original duration: 12.01
07-06 00:51:38.691 10326 10652 W Summariser:   summarised duration: -1.00
07-06 00:51:38.691 10326 10652 W Summariser:   noise tolerance: 45.00
07-06 00:51:38.691 10326 10652 W Summariser:   quality: 23
07-06 00:51:38.691 10326 10652 W Summariser:   speed: medium
07-06 00:51:38.691 10326 10652 W Summariser:   freeze duration: 1.00
07-06 00:51:38.693 10326 10652 V ProcessingVideosEventHandler: onRemove
07-06 00:51:38.718 10326 10326 V NearbyFragment: Transfer to Endpoint{id=vMbk, name=Galaxy S8 [2802]} complete
07-06 00:51:38.738 10326 10349 D SummariserIntentService: Scanned /storage/emulated/0/Movies/summarised
07-06 00:51:38.738 10326 10349 D SummariserIntentService:   -> uri=content://media/external/file/1014
07-06 00:51:53.587 10326 10326 D NearbyFragment: onPayloadReceived(endpointId=vMbk, payload=com.google.android.gms.nearby.connection.Payload@e164918)
07-06 00:51:53.592 10326 10326 V NearbyFragment: Started downloading SUMMARISE_SEGMENT:-6014378534496878492:20200312_150744!003.mp4:45.0_1.0_23_medium from Endpoint{id=vMbk, name=Galaxy S8 [2802]}
07-06 00:51:53.610 10326 10326 V NearbyFragment: Transfer to Endpoint{id=vMbk, name=Galaxy S8 [2802]} complete
07-06 00:51:57.031 10326 10326 D NearbyFragment: onPayloadReceived(endpointId=vMbk, payload=com.google.android.gms.nearby.connection.Payload@a529f71)
07-06 00:51:59.913 10326 10326 V NearbyFragment: Transfer to Endpoint{id=vMbk, name=Galaxy S8 [2802]} complete
07-06 00:51:59.918 10326 10326 W NearbyFragment: Completed downloading 20200312_150744!003.mp4 from Endpoint{id=vMbk, name=Galaxy S8 [2802]} in 06.321s
07-06 00:51:59.933 10326 10326 V FileManager: External storage is readable
07-06 00:51:59.935 10326 10326 V FileManager: Created new directory: /storage/emulated/0/Movies/segment-sum/20200312_150744
07-06 00:51:59.938 10326 10326 D NearbyFragment: Summarising 20200312_150744!003.mp4
07-06 00:51:59.939 10326 10326 V VideoManager: Retrieving video from /storage/emulated/0/Download/Nearby/20200312_150744!003.mp4
07-06 00:51:59.948 10326 10326 D VideoManager: videoCursor is null
07-06 00:51:59.976 10326 10326 V VideoManager: videoFromCursor
07-06 00:51:59.979 10326 10326 V ProcessingVideosEventHandler: onAdd
07-06 00:51:59.979 10326 10326 V RawFootageEventHandler: onRemove
07-06 00:51:59.985 10326 10326 V NearbyFragment: Transfer to Endpoint{id=vMbk, name=Galaxy S8 [2802]} complete
07-06 00:51:59.992 10326 10685 V SummariserIntentService: onHandleIntent
07-06 00:51:59.993 10326 10685 D SummariserIntentService: Video{id='1053', data='/storage/emulated/0/Download/Nearby/20200312_150744!003.mp4', name='20200312_150744!003.mp4', size=12638441, visible=true, mimeType='video/mp4'}
07-06 00:51:59.993 10326 10685 D SummariserIntentService: /storage/emulated/0/Movies/segment-sum/20200312_150744/20200312_150744!003.mp4
07-06 00:51:59.996 10326 10685 I FfmpegTools: Running ffmpeg with:
07-06 00:51:59.996 10326 10685 I FfmpegTools:   -y -i /storage/emulated/0/Download/Nearby/20200312_150744!003.mp4 -vf freezedetect=n=-45.000000dB:d=1.000000,metadata=mode=print:file=/storage/emulated/0/Movies/raw/20200312_150744!003.txt -f null -
07-06 00:52:00.106 10326 10653 W mobile-ffmpeg: [graph 0 input from stream 0:0 @ 0x755ac22640] sws_param option is deprecated and ignored
07-06 00:52:02.172 10326 10685 V FfmpegTools: Retrieving duration of /storage/emulated/0/Download/Nearby/20200312_150744!003.mp4
07-06 00:52:02.219 10326 10685 W Summariser: 1 active sections found
07-06 00:52:02.220 10326 10685 I FfmpegTools: Running ffmpeg with:
07-06 00:52:02.220 10326 10685 I FfmpegTools:   -y -i /storage/emulated/0/Download/Nearby/20200312_150744!003.mp4 -filter_complex [0:v]trim=7.206000:12.030000,setpts=PTS-STARTPTS[v0];[0:a]atrim=7.206000:12.030000,asetpts=PTS-STARTPTS[a0];[v0][a0]concat=n=1:v=1:a=1[outv][outa] -map [outv] -map [outa] -crf 23 -preset medium /storage/emulated/0/Movies/segment-sum/20200312_150744/20200312_150744!003.mp4
07-06 00:52:02.347 10326 10653 W mobile-ffmpeg: [graph 0 input from stream 0:0 @ 0x755ac22580] sws_param option is deprecated and ignored
07-06 00:52:13.528 10326 10685 V FfmpegTools: Retrieving duration of /storage/emulated/0/Download/Nearby/20200312_150744!003.mp4
07-06 00:52:13.579 10326 10685 V FfmpegTools: Retrieving duration of /storage/emulated/0/Movies/segment-sum/20200312_150744/20200312_150744!003.mp4
07-06 00:52:13.610 10326 10685 W Summariser: Summarisation completed
07-06 00:52:13.610 10326 10685 W Summariser:   filename: 20200312_150744!003.mp4
07-06 00:52:13.610 10326 10685 W Summariser:   active sections: 1
07-06 00:52:13.610 10326 10685 W Summariser:   time: 13.533s
07-06 00:52:13.610 10326 10685 W Summariser:   original duration: 12.03
07-06 00:52:13.610 10326 10685 W Summariser:   summarised duration: 4.89
07-06 00:52:13.610 10326 10685 W Summariser:   noise tolerance: 45.00
07-06 00:52:13.610 10326 10685 W Summariser:   quality: 23
07-06 00:52:13.610 10326 10685 W Summariser:   speed: medium
07-06 00:52:13.610 10326 10685 W Summariser:   freeze duration: 1.00
07-06 00:52:13.610 10326 10685 V VideoManager: Retrieving video from /storage/emulated/0/Movies/segment-sum/20200312_150744/20200312_150744!003.mp4
07-06 00:52:13.615 10326 10685 D VideoManager: videoCursor is null
07-06 00:52:13.661 10326 10685 V VideoManager: videoFromCursor
07-06 00:52:13.664 10326 10685 W NearbyFragment: Sending 20200312_150744!003.mp4 to Galaxy S8 [2802]
07-06 00:52:13.666 10326 10685 V ProcessingVideosEventHandler: onRemove
07-06 00:52:13.709 10326 10326 V NearbyFragment: Transfer to Endpoint{id=vMbk, name=Galaxy S8 [2802]} complete
07-06 00:52:13.737 10326 10326 V NearbyFragment: Transfer to Endpoint{id=vMbk, name=Galaxy S8 [2802]} complete
07-06 00:52:13.738 10326 10338 D SummariserIntentService: Scanned /storage/emulated/0/Movies/summarised
07-06 00:52:13.738 10326 10338 D SummariserIntentService:   -> uri=content://media/external/file/1014
07-06 00:52:14.148 10326 10326 D NearbyFragment: onPayloadReceived(endpointId=vMbk, payload=com.google.android.gms.nearby.connection.Payload@cf948cf)
07-06 00:52:14.155 10326 10326 V NearbyFragment: Started downloading SUMMARISE_SEGMENT:-5502143084637424449:20200312_150844!002.mp4:45.0_1.0_23_medium from Endpoint{id=vMbk, name=Galaxy S8 [2802]}
07-06 00:52:14.161 10326 10326 V NearbyFragment: Transfer to Endpoint{id=vMbk, name=Galaxy S8 [2802]} complete
07-06 00:52:18.384 10326 10326 D NearbyFragment: onPayloadReceived(endpointId=vMbk, payload=com.google.android.gms.nearby.connection.Payload@96d425c)
07-06 00:52:22.981 10326 10326 V NearbyFragment: Transfer to Endpoint{id=vMbk, name=Galaxy S8 [2802]} complete
07-06 00:52:22.983 10326 10326 W NearbyFragment: Completed downloading 20200312_150844!002.mp4 from Endpoint{id=vMbk, name=Galaxy S8 [2802]} in 08.825s
07-06 00:52:23.189 10326 10326 V FileManager: External storage is readable
07-06 00:52:23.192 10326 10326 V FileManager: Created new directory: /storage/emulated/0/Movies/segment-sum/20200312_150844
07-06 00:52:23.194 10326 10326 D NearbyFragment: Summarising 20200312_150844!002.mp4
07-06 00:52:23.195 10326 10326 V VideoManager: Retrieving video from /storage/emulated/0/Download/Nearby/20200312_150844!002.mp4
07-06 00:52:23.209 10326 10326 D VideoManager: videoCursor is null
07-06 00:52:23.236 10326 10326 V VideoManager: videoFromCursor
07-06 00:52:23.239 10326 10326 V ProcessingVideosEventHandler: onAdd
07-06 00:52:23.239 10326 10326 V RawFootageEventHandler: onRemove
07-06 00:52:23.246 10326 10326 V NearbyFragment: Transfer to Endpoint{id=vMbk, name=Galaxy S8 [2802]} complete
07-06 00:52:23.258 10326 10740 V SummariserIntentService: onHandleIntent
07-06 00:52:23.259 10326 10740 D SummariserIntentService: Video{id='1056', data='/storage/emulated/0/Download/Nearby/20200312_150844!002.mp4', name='20200312_150844!002.mp4', size=16805379, visible=true, mimeType='video/mp4'}
07-06 00:52:23.259 10326 10740 D SummariserIntentService: /storage/emulated/0/Movies/segment-sum/20200312_150844/20200312_150844!002.mp4
07-06 00:52:23.264 10326 10740 I FfmpegTools: Running ffmpeg with:
07-06 00:52:23.264 10326 10740 I FfmpegTools:   -y -i /storage/emulated/0/Download/Nearby/20200312_150844!002.mp4 -vf freezedetect=n=-45.000000dB:d=1.000000,metadata=mode=print:file=/storage/emulated/0/Movies/raw/20200312_150844!002.txt -f null -
07-06 00:52:23.403 10326 10653 W mobile-ffmpeg: [graph 0 input from stream 0:0 @ 0x755ac22640] sws_param option is deprecated and ignored
07-06 00:52:26.509 10326 10740 D Summariser: No freeze file
07-06 00:52:26.509 10326 10740 W Summariser: Whole video is active
07-06 00:52:27.102 10326 10740 V FfmpegTools: Retrieving duration of /storage/emulated/0/Download/Nearby/20200312_150844!002.mp4
07-06 00:52:27.171 10326 10740 V FfmpegTools: Retrieving duration of /storage/emulated/0/Movies/segment-sum/20200312_150844/20200312_150844!002.mp4
07-06 00:52:27.234 10326 10740 W Summariser: Summarisation completed
07-06 00:52:27.234 10326 10740 W Summariser:   filename: 20200312_150844!002.mp4
07-06 00:52:27.234 10326 10740 W Summariser:   active sections: -1
07-06 00:52:27.234 10326 10740 W Summariser:   time: 03.840s
07-06 00:52:27.234 10326 10740 W Summariser:   original duration: 16.01
07-06 00:52:27.234 10326 10740 W Summariser:   summarised duration: 16.01
07-06 00:52:27.234 10326 10740 W Summariser:   noise tolerance: 45.00
07-06 00:52:27.234 10326 10740 W Summariser:   quality: 23
07-06 00:52:27.234 10326 10740 W Summariser:   speed: medium
07-06 00:52:27.234 10326 10740 W Summariser:   freeze duration: 1.00
07-06 00:52:27.234 10326 10740 V VideoManager: Retrieving video from /storage/emulated/0/Movies/segment-sum/20200312_150844/20200312_150844!002.mp4
07-06 00:52:27.239 10326 10740 D VideoManager: videoCursor is null
07-06 00:52:27.295 10326 10740 V VideoManager: videoFromCursor
07-06 00:52:27.298 10326 10740 W NearbyFragment: Sending 20200312_150844!002.mp4 to Galaxy S8 [2802]
07-06 00:52:27.300 10326 10740 V ProcessingVideosEventHandler: onRemove
07-06 00:52:27.339 10326 10326 V NearbyFragment: Transfer to Endpoint{id=vMbk, name=Galaxy S8 [2802]} complete
07-06 00:52:27.365 10326 10350 D SummariserIntentService: Scanned /storage/emulated/0/Movies/summarised
07-06 00:52:27.365 10326 10350 D SummariserIntentService:   -> uri=content://media/external/file/1014
07-06 00:52:32.600 10326 10326 V NearbyFragment: Transfer to Endpoint{id=vMbk, name=Galaxy S8 [2802]} complete
07-06 00:53:05.011 10326 10326 D NearbyFragment: onPayloadReceived(endpointId=vMbk, payload=com.google.android.gms.nearby.connection.Payload@c0c292)
07-06 00:53:05.015 10326 10326 V NearbyFragment: Started downloading SUMMARISE_SEGMENT:-8560053582042874435:20200312_150944!002.mp4:45.0_1.0_23_medium from Endpoint{id=vMbk, name=Galaxy S8 [2802]}
07-06 00:53:05.019 10326 10326 V NearbyFragment: Transfer to Endpoint{id=vMbk, name=Galaxy S8 [2802]} complete
07-06 00:53:05.050 10326 10326 D NearbyFragment: onPayloadReceived(endpointId=vMbk, payload=com.google.android.gms.nearby.connection.Payload@c478463)
07-06 00:53:09.392 10326 10326 V NearbyFragment: Transfer to Endpoint{id=vMbk, name=Galaxy S8 [2802]} complete
07-06 00:53:09.394 10326 10326 W NearbyFragment: Completed downloading 20200312_150944!002.mp4 from Endpoint{id=vMbk, name=Galaxy S8 [2802]} in 04.376s
07-06 00:53:09.404 10326 10326 V FileManager: External storage is readable
07-06 00:53:09.405 10326 10326 V FileManager: Created new directory: /storage/emulated/0/Movies/segment-sum/20200312_150944
07-06 00:53:09.406 10326 10326 D NearbyFragment: Summarising 20200312_150944!002.mp4
07-06 00:53:09.407 10326 10326 V VideoManager: Retrieving video from /storage/emulated/0/Download/Nearby/20200312_150944!002.mp4
07-06 00:53:09.414 10326 10326 D VideoManager: videoCursor is null
07-06 00:53:09.442 10326 10326 V VideoManager: videoFromCursor
07-06 00:53:09.445 10326 10326 V ProcessingVideosEventHandler: onAdd
07-06 00:53:09.445 10326 10326 V RawFootageEventHandler: onRemove
07-06 00:53:09.451 10326 10326 V NearbyFragment: Transfer to Endpoint{id=vMbk, name=Galaxy S8 [2802]} complete
07-06 00:53:09.457 10326 10775 V SummariserIntentService: onHandleIntent
07-06 00:53:09.458 10326 10775 D SummariserIntentService: Video{id='1059', data='/storage/emulated/0/Download/Nearby/20200312_150944!002.mp4', name='20200312_150944!002.mp4', size=16854256, visible=true, mimeType='video/mp4'}
07-06 00:53:09.458 10326 10775 D SummariserIntentService: /storage/emulated/0/Movies/segment-sum/20200312_150944/20200312_150944!002.mp4
07-06 00:53:09.460 10326 10775 I FfmpegTools: Running ffmpeg with:
07-06 00:53:09.460 10326 10775 I FfmpegTools:   -y -i /storage/emulated/0/Download/Nearby/20200312_150944!002.mp4 -vf freezedetect=n=-45.000000dB:d=1.000000,metadata=mode=print:file=/storage/emulated/0/Movies/raw/20200312_150944!002.txt -f null -
07-06 00:53:09.589 10326 10653 W mobile-ffmpeg: [graph 0 input from stream 0:0 @ 0x755ac22640] sws_param option is deprecated and ignored
07-06 00:53:12.436 10326 10775 W Summariser: No activity detected
07-06 00:53:12.437 10326 10775 V FfmpegTools: Retrieving duration of /storage/emulated/0/Download/Nearby/20200312_150944!002.mp4
07-06 00:53:12.496 10326 10775 W Summariser: Summarisation completed
07-06 00:53:12.496 10326 10775 W Summariser:   filename: 20200312_150944!002.mp4
07-06 00:53:12.496 10326 10775 W Summariser:   active sections: 0
07-06 00:53:12.496 10326 10775 W Summariser:   time: 02.977s
07-06 00:53:12.496 10326 10775 W Summariser:   original duration: 16.01
07-06 00:53:12.496 10326 10775 W Summariser:   summarised duration: -1.00
07-06 00:53:12.496 10326 10775 W Summariser:   noise tolerance: 45.00
07-06 00:53:12.496 10326 10775 W Summariser:   quality: 23
07-06 00:53:12.496 10326 10775 W Summariser:   speed: medium
07-06 00:53:12.496 10326 10775 W Summariser:   freeze duration: 1.00
07-06 00:53:12.498 10326 10775 V ProcessingVideosEventHandler: onRemove
07-06 00:53:12.516 10326 10326 V NearbyFragment: Transfer to Endpoint{id=vMbk, name=Galaxy S8 [2802]} complete
07-06 00:53:12.539 10326 10350 D SummariserIntentService: Scanned /storage/emulated/0/Movies/summarised
07-06 00:53:12.539 10326 10350 D SummariserIntentService:   -> uri=content://media/external/file/1014
07-06 00:53:20.672 10326 10326 D NearbyFragment: onPayloadReceived(endpointId=vMbk, payload=com.google.android.gms.nearby.connection.Payload@56c3378)
07-06 00:53:20.676 10326 10326 V NearbyFragment: Started downloading SUMMARISE_SEGMENT:-4756501415640225031:20200312_151044!001.mp4:45.0_1.0_23_medium from Endpoint{id=vMbk, name=Galaxy S8 [2802]}
07-06 00:53:20.695 10326 10326 V NearbyFragment: Transfer to Endpoint{id=vMbk, name=Galaxy S8 [2802]} complete
07-06 00:53:29.333 10326 10326 D NearbyFragment: onPayloadReceived(endpointId=vMbk, payload=com.google.android.gms.nearby.connection.Payload@d90aa51)
07-06 00:53:33.678 10326 10326 V NearbyFragment: Transfer to Endpoint{id=vMbk, name=Galaxy S8 [2802]} complete
07-06 00:53:33.680 10326 10326 W NearbyFragment: Completed downloading 20200312_151044!001.mp4 from Endpoint{id=vMbk, name=Galaxy S8 [2802]} in 13.000s
07-06 00:53:33.692 10326 10326 V FileManager: External storage is readable
07-06 00:53:33.693 10326 10326 V FileManager: Created new directory: /storage/emulated/0/Movies/segment-sum/20200312_151044
07-06 00:53:33.694 10326 10326 D NearbyFragment: Summarising 20200312_151044!001.mp4
07-06 00:53:33.695 10326 10326 V VideoManager: Retrieving video from /storage/emulated/0/Download/Nearby/20200312_151044!001.mp4
07-06 00:53:33.704 10326 10326 D VideoManager: videoCursor is null
07-06 00:53:33.727 10326 10326 V VideoManager: videoFromCursor
07-06 00:53:33.730 10326 10326 V ProcessingVideosEventHandler: onAdd
07-06 00:53:33.731 10326 10326 V RawFootageEventHandler: onRemove
07-06 00:53:33.738 10326 10326 V NearbyFragment: Transfer to Endpoint{id=vMbk, name=Galaxy S8 [2802]} complete
07-06 00:53:33.744 10326 10804 V SummariserIntentService: onHandleIntent
07-06 00:53:33.745 10326 10804 D SummariserIntentService: Video{id='1060', data='/storage/emulated/0/Download/Nearby/20200312_151044!001.mp4', name='20200312_151044!001.mp4', size=16835637, visible=true, mimeType='video/mp4'}
07-06 00:53:33.745 10326 10804 D SummariserIntentService: /storage/emulated/0/Movies/segment-sum/20200312_151044/20200312_151044!001.mp4
07-06 00:53:33.749 10326 10804 I FfmpegTools: Running ffmpeg with:
07-06 00:53:33.749 10326 10804 I FfmpegTools:   -y -i /storage/emulated/0/Download/Nearby/20200312_151044!001.mp4 -vf freezedetect=n=-45.000000dB:d=1.000000,metadata=mode=print:file=/storage/emulated/0/Movies/raw/20200312_151044!001.txt -f null -
07-06 00:53:33.888 10326 10653 W mobile-ffmpeg: [graph 0 input from stream 0:0 @ 0x755ac22400] sws_param option is deprecated and ignored
07-06 00:53:36.787 10326 10804 W Summariser: No activity detected
07-06 00:53:36.788 10326 10804 V FfmpegTools: Retrieving duration of /storage/emulated/0/Download/Nearby/20200312_151044!001.mp4
07-06 00:53:36.847 10326 10804 W Summariser: Summarisation completed
07-06 00:53:36.847 10326 10804 W Summariser:   filename: 20200312_151044!001.mp4
07-06 00:53:36.847 10326 10804 W Summariser:   active sections: 0
07-06 00:53:36.847 10326 10804 W Summariser:   time: 03.041s
07-06 00:53:36.847 10326 10804 W Summariser:   original duration: 16.02
07-06 00:53:36.847 10326 10804 W Summariser:   summarised duration: -1.00
07-06 00:53:36.847 10326 10804 W Summariser:   noise tolerance: 45.00
07-06 00:53:36.847 10326 10804 W Summariser:   quality: 23
07-06 00:53:36.847 10326 10804 W Summariser:   speed: medium
07-06 00:53:36.847 10326 10804 W Summariser:   freeze duration: 1.00
07-06 00:53:36.848 10326 10804 V ProcessingVideosEventHandler: onRemove
07-06 00:53:36.884 10326 10326 V NearbyFragment: Transfer to Endpoint{id=vMbk, name=Galaxy S8 [2802]} complete
07-06 00:53:36.903 10326 10350 D SummariserIntentService: Scanned /storage/emulated/0/Movies/summarised
07-06 00:53:36.903 10326 10350 D SummariserIntentService:   -> uri=content://media/external/file/1014
07-06 00:53:50.271 10326 10326 D NearbyFragment: onPayloadReceived(endpointId=vMbk, payload=com.google.android.gms.nearby.connection.Payload@bc8128e)
