07-06 00:52:49.252 19922 20824 I mobile-ffmpeg: [mov,mp4,m4a,3gp,3g2,mj2 @ 0x78d679ce00] Auto-inserting h264_mp4toannexb bitstream filter
07-06 00:52:49.307 19922 20824 I mobile-ffmpeg: frame= 1800 fps=0.0 q=-1.0 Lsize=   61804kB time=00:01:00.06 bitrate=8428.8kbits/s speed= 154x    
07-06 00:52:49.307 19922 19922 V FfmpegTools: Retrieving duration of /storage/emulated/0/Movies/summarised/20200312_150844.mp4
07-06 00:52:49.307 19922 20824 I mobile-ffmpeg: video:61425kB audio:345kB subtitle:0kB other streams:0kB global headers:0kB muxing overhead: 
07-06 00:52:49.307 19922 20824 I mobile-ffmpeg: 0.053992%
07-06 00:52:49.308 19922 20824 I mobile-ffmpeg: 
07-06 00:52:49.329 19922 20824 I mobile-ffmpeg: Input #0, mov,mp4,m4a,3gp,3g2,mj2, from '/storage/emulated/0/Movies/summarised/20200312_150844.mp4':
07-06 00:52:49.330 19922 20824 I mobile-ffmpeg:   Metadata:
07-06 00:52:49.330 19922 20824 I mobile-ffmpeg:     major_brand     : 
07-06 00:52:49.330 19922 20824 I mobile-ffmpeg: isom
07-06 00:52:49.330 19922 20824 I mobile-ffmpeg: 
07-06 00:52:49.330 19922 20824 I mobile-ffmpeg:     minor_version   : 
07-06 00:52:49.331 19922 20824 I mobile-ffmpeg: 512
07-06 00:52:49.331 19922 20824 I mobile-ffmpeg: 
07-06 00:52:49.331 19922 20824 I mobile-ffmpeg:     compatible_brands: 
07-06 00:52:49.331 19922 20824 I mobile-ffmpeg: isomiso2avc1mp41
07-06 00:52:49.331 19922 20824 I mobile-ffmpeg: 
07-06 00:52:49.332 19922 20824 I mobile-ffmpeg:     encoder         : 
07-06 00:52:49.332 19922 20824 I mobile-ffmpeg: Lavf58.42.100
07-06 00:52:49.332 19922 20824 I mobile-ffmpeg: 
07-06 00:52:49.332 19922 20824 I mobile-ffmpeg:   Duration: 
07-06 00:52:49.333 19922 20824 I mobile-ffmpeg: 00:01:00.08
07-06 00:52:49.333 19922 20824 I mobile-ffmpeg: , start: 
07-06 00:52:49.333 19922 20824 I mobile-ffmpeg: 0.000000
07-06 00:52:49.333 19922 20824 I mobile-ffmpeg: , bitrate: 
07-06 00:52:49.333 19922 20824 I mobile-ffmpeg: 8427 kb/s
07-06 00:52:49.334 19922 20824 I mobile-ffmpeg: 
07-06 00:52:49.334 19922 20824 I mobile-ffmpeg:     Stream #0:0
07-06 00:52:49.334 19922 20824 I mobile-ffmpeg: (eng)
07-06 00:52:49.334 19922 20824 I mobile-ffmpeg: : Video: h264 (avc1 / 0x31637661), yuvj420p(pc, bt709), 1280x720, 8377 kb/s
07-06 00:52:49.334 19922 20824 I mobile-ffmpeg: , 
07-06 00:52:49.334 19922 20824 I mobile-ffmpeg: 29.97 fps, 
07-06 00:52:49.334 19922 20824 I mobile-ffmpeg: 29.97 tbr, 
07-06 00:52:49.335 19922 20824 I mobile-ffmpeg: 16k tbn, 
07-06 00:52:49.335 19922 20824 I mobile-ffmpeg: 32k tbc
07-06 00:52:49.335 19922 20824 I mobile-ffmpeg:  (default)
07-06 00:52:49.335 19922 19922 W FfmpegTools: Merged duration of 20200312_150844: 60.08
07-06 00:52:49.335 19922 20824 I mobile-ffmpeg: 
07-06 00:52:49.335 19922 20824 I mobile-ffmpeg:     Metadata:
07-06 00:52:49.336 19922 20824 I mobile-ffmpeg:       handler_name    : 
07-06 00:52:49.336 19922 20824 I mobile-ffmpeg: PittaSoft Video Media Handler
07-06 00:52:49.336 19922 20824 I mobile-ffmpeg: 
07-06 00:52:49.338 19922 20824 I mobile-ffmpeg:     Stream #0:1
07-06 00:52:49.338 19922 20824 I mobile-ffmpeg: (eng)
07-06 00:52:49.338 19922 20824 I mobile-ffmpeg: : Audio: aac (mp4a / 0x6134706D), 16000 Hz, stereo, fltp, 47 kb/s
07-06 00:52:49.338 19922 20824 I mobile-ffmpeg:  (default)
07-06 00:52:49.339 19922 20824 I mobile-ffmpeg: 
07-06 00:52:49.339 19922 20824 I mobile-ffmpeg:     Metadata:
07-06 00:52:49.339 19922 20824 I mobile-ffmpeg:       handler_name    : 
07-06 00:52:49.339 19922 20824 I mobile-ffmpeg: PittaSoft Sound Media Handler
07-06 00:52:49.339 19922 20824 I mobile-ffmpeg: 
07-06 00:52:49.368 19922 19922 V VideoManager: Retrieving video from /storage/emulated/0/Movies/summarised/20200312_150844.mp4
07-06 00:52:49.376 19922 19922 V VideoManager: videoFromCursor
07-06 00:52:49.378 19922 19922 V SummarisedVideosEventHandler: onAdd
07-06 00:52:49.379 19922 19922 V RawFootageEventHandler: removeByName
07-06 00:52:49.379 19922 19922 V ProcessingVideosEventHandler: removeByName
07-06 00:52:49.379 19922 19922 V NearbyFragment: Removing video segment map for 20200312_150844
07-06 00:52:49.456 19922 19931 W System  : A resource failed to call close. 
07-06 00:52:49.456 19922 19931 I chatty  : uid=10568(com.example.edgesum) FinalizerDaemon identical 3 lines
07-06 00:52:49.456 19922 19931 W System  : A resource failed to call close. 
07-06 00:52:49.460 19922 19931 W System  : A resource failed to call close. 
07-06 00:52:49.465 19922 19931 I chatty  : uid=10568(com.example.edgesum) FinalizerDaemon identical 18 lines
07-06 00:52:49.465 19922 19931 W System  : A resource failed to call close. 
07-06 00:52:49.984 19922 19927 I example.edgesu: Compiler allocated 4MB to compile void android.view.ViewRootImpl.performTraversals()
07-06 00:52:59.459 19922 20803 V VideoManager: Retrieving video from /storage/emulated/0/Movies/raw/20200312_150944.mp4
07-06 00:52:59.480 19922 20803 D VideoManager: videoCursor is null
07-06 00:52:59.539 19922 20803 V VideoManager: videoFromCursor
07-06 00:52:59.544 19922 20803 W DashDownloadManager: Successfully downloaded 20200312_150944.mp4 in 40.607s
07-06 00:52:59.544 19922 20803 V DownloadTestVideosTask: Entering callback for download completion of 20200312_150944.mp4
07-06 00:52:59.546 19922 20803 V RawFootageEventHandler: onAdd
07-06 00:52:59.548 19922 20803 V FfmpegTools: Retrieving duration of /storage/emulated/0/Movies/raw/20200312_150944.mp4
07-06 00:52:59.556 19922 20824 W mobile-ffmpeg: [mov,mp4,m4a,3gp,3g2,mj2 @ 0x78d1292000] Found duplicated MOOV Atom. Skipped it
07-06 00:52:59.642 19922 20824 I mobile-ffmpeg: Input #0, mov,mp4,m4a,3gp,3g2,mj2, from '/storage/emulated/0/Movies/raw/20200312_150944.mp4':
07-06 00:52:59.642 19922 20824 I mobile-ffmpeg:   Metadata:
07-06 00:52:59.642 19922 20824 I mobile-ffmpeg:     creation_time   : 
07-06 00:52:59.642 19922 20824 I mobile-ffmpeg: 2020-03-12T04:10:43.000000Z
07-06 00:52:59.642 19922 20824 I mobile-ffmpeg: 
07-06 00:52:59.642 19922 20824 I mobile-ffmpeg:     major_brand     : 
07-06 00:52:59.642 19922 20824 I mobile-ffmpeg: mp42
07-06 00:52:59.642 19922 20824 I mobile-ffmpeg: 
07-06 00:52:59.642 19922 20824 I mobile-ffmpeg:     minor_version   : 
07-06 00:52:59.642 19922 20824 I mobile-ffmpeg: 1
07-06 00:52:59.642 19922 20824 I mobile-ffmpeg: 
07-06 00:52:59.642 19922 20824 I mobile-ffmpeg:     compatible_brands: 
07-06 00:52:59.642 19922 20824 I mobile-ffmpeg: mp42mp42
07-06 00:52:59.642 19922 20824 I mobile-ffmpeg: 
07-06 00:52:59.642 19922 20824 I mobile-ffmpeg:   Duration: 
07-06 00:52:59.642 19922 20824 I mobile-ffmpeg: 00:01:00.02
07-06 00:52:59.643 19922 20824 I mobile-ffmpeg: , start: 
07-06 00:52:59.643 19922 20824 I mobile-ffmpeg: 0.000000
07-06 00:52:59.643 19922 20824 I mobile-ffmpeg: , bitrate: 
07-06 00:52:59.643 19922 20824 I mobile-ffmpeg: 9328 kb/s
07-06 00:52:59.643 19922 20824 I mobile-ffmpeg: 
07-06 00:52:59.643 19922 20824 I mobile-ffmpeg:     Stream #0:0
07-06 00:52:59.643 19922 20824 I mobile-ffmpeg: (eng)
07-06 00:52:59.643 19922 20824 I mobile-ffmpeg: : Video: h264 (avc1 / 0x31637661), yuvj420p(pc, bt709), 1280x720, 8398 kb/s
07-06 00:52:59.643 19922 20824 I mobile-ffmpeg: , 
07-06 00:52:59.643 19922 20824 I mobile-ffmpeg: 29.97 fps, 
07-06 00:52:59.643 19922 20824 I mobile-ffmpeg: 29.97 tbr, 
07-06 00:52:59.643 19922 20824 I mobile-ffmpeg: 1k tbn, 
07-06 00:52:59.643 19922 20824 I mobile-ffmpeg: 2k tbc
07-06 00:52:59.643 19922 20824 I mobile-ffmpeg:  (default)
07-06 00:52:59.643 19922 20824 I mobile-ffmpeg: 
07-06 00:52:59.643 19922 20824 I mobile-ffmpeg:     Metadata:
07-06 00:52:59.643 19922 20824 I mobile-ffmpeg:       creation_time   : 
07-06 00:52:59.643 19922 20824 I mobile-ffmpeg: 2020-03-12T04:10:43.000000Z
07-06 00:52:59.644 19922 20824 I mobile-ffmpeg: 
07-06 00:52:59.644 19922 20824 I mobile-ffmpeg:       handler_name    : 
07-06 00:52:59.644 19922 20824 I mobile-ffmpeg: PittaSoft Video Media Handler
07-06 00:52:59.644 19922 20824 I mobile-ffmpeg: 
07-06 00:52:59.644 19922 20824 I mobile-ffmpeg:     Stream #0:1
07-06 00:52:59.644 19922 20824 I mobile-ffmpeg: (eng)
07-06 00:52:59.644 19922 20824 I mobile-ffmpeg: : Audio: aac (mp4a / 0x6134706D), 16000 Hz, stereo, fltp, 47 kb/s
07-06 00:52:59.644 19922 20824 I mobile-ffmpeg:  (default)
07-06 00:52:59.644 19922 20824 I mobile-ffmpeg: 
07-06 00:52:59.644 19922 20824 I mobile-ffmpeg:     Metadata:
07-06 00:52:59.644 19922 20824 I mobile-ffmpeg:       creation_time   : 
07-06 00:52:59.644 19922 20824 I mobile-ffmpeg: 2020-03-12T04:10:43.000000Z
07-06 00:52:59.644 19922 20824 I mobile-ffmpeg: 
07-06 00:52:59.644 19922 20824 I mobile-ffmpeg:       handler_name    : 
07-06 00:52:59.645 19922 20824 I mobile-ffmpeg: PittaSoft Sound Media Handler
07-06 00:52:59.645 19922 20824 I mobile-ffmpeg: 
07-06 00:52:59.659 19922 20803 V FileManager: External storage is readable
07-06 00:52:59.661 19922 20803 V FileManager: Created new directory: /storage/emulated/0/Movies/segment/20200312_150944
07-06 00:52:59.661 19922 20803 V FfmpegTools: Splitting /storage/emulated/0/Movies/raw/20200312_150944.mp4 with 16s long segments
07-06 00:52:59.661 19922 20803 I FfmpegTools: Running ffmpeg with:
07-06 00:52:59.661 19922 20803 I FfmpegTools:   -y -i /storage/emulated/0/Movies/raw/20200312_150944.mp4 -map 0 -c copy -f segment -reset_timestamps 1 -segment_time 16 /storage/emulated/0/Movies/segment/20200312_150944/20200312_150944!%03d.mp4
07-06 00:52:59.671 19922 20824 W mobile-ffmpeg: [mov,mp4,m4a,3gp,3g2,mj2 @ 0x78d1292000] Found duplicated MOOV Atom. Skipped it
07-06 00:52:59.735 19922 20824 I mobile-ffmpeg: Input #0, mov,mp4,m4a,3gp,3g2,mj2, from '/storage/emulated/0/Movies/raw/20200312_150944.mp4':
07-06 00:52:59.735 19922 20824 I mobile-ffmpeg:   Metadata:
07-06 00:52:59.735 19922 20824 I mobile-ffmpeg:     creation_time   : 
07-06 00:52:59.735 19922 20824 I mobile-ffmpeg: 2020-03-12T04:10:43.000000Z
07-06 00:52:59.735 19922 20824 I mobile-ffmpeg: 
07-06 00:52:59.735 19922 20824 I mobile-ffmpeg:     major_brand     : 
07-06 00:52:59.735 19922 20824 I mobile-ffmpeg: mp42
07-06 00:52:59.735 19922 20824 I mobile-ffmpeg: 
07-06 00:52:59.735 19922 20824 I mobile-ffmpeg:     minor_version   : 
07-06 00:52:59.735 19922 20824 I mobile-ffmpeg: 1
07-06 00:52:59.736 19922 20824 I mobile-ffmpeg: 
07-06 00:52:59.736 19922 20824 I mobile-ffmpeg:     compatible_brands: 
07-06 00:52:59.736 19922 20824 I mobile-ffmpeg: mp42mp42
07-06 00:52:59.736 19922 20824 I mobile-ffmpeg: 
07-06 00:52:59.736 19922 20824 I mobile-ffmpeg:   Duration: 
07-06 00:52:59.736 19922 20824 I mobile-ffmpeg: 00:01:00.02
07-06 00:52:59.736 19922 20824 I mobile-ffmpeg: , start: 
07-06 00:52:59.736 19922 20824 I mobile-ffmpeg: 0.000000
07-06 00:52:59.736 19922 20824 I mobile-ffmpeg: , bitrate: 
07-06 00:52:59.736 19922 20824 I mobile-ffmpeg: 9328 kb/s
07-06 00:52:59.736 19922 20824 I mobile-ffmpeg: 
07-06 00:52:59.736 19922 20824 I mobile-ffmpeg:     Stream #0:0
07-06 00:52:59.736 19922 20824 I mobile-ffmpeg: (eng)
07-06 00:52:59.736 19922 20824 I mobile-ffmpeg: : Video: h264 (avc1 / 0x31637661), yuvj420p(pc, bt709), 1280x720, 8398 kb/s
07-06 00:52:59.736 19922 20824 I mobile-ffmpeg: , 
07-06 00:52:59.736 19922 20824 I mobile-ffmpeg: 29.97 fps, 
07-06 00:52:59.737 19922 20824 I mobile-ffmpeg: 29.97 tbr, 
07-06 00:52:59.737 19922 20824 I mobile-ffmpeg: 1k tbn, 
07-06 00:52:59.737 19922 20824 I mobile-ffmpeg: 2k tbc
07-06 00:52:59.737 19922 20824 I mobile-ffmpeg:  (default)
07-06 00:52:59.737 19922 20824 I mobile-ffmpeg: 
07-06 00:52:59.737 19922 20824 I mobile-ffmpeg:     Metadata:
07-06 00:52:59.737 19922 20824 I mobile-ffmpeg:       creation_time   : 
07-06 00:52:59.737 19922 20824 I mobile-ffmpeg: 2020-03-12T04:10:43.000000Z
07-06 00:52:59.737 19922 20824 I mobile-ffmpeg: 
07-06 00:52:59.737 19922 20824 I mobile-ffmpeg:       handler_name    : 
07-06 00:52:59.737 19922 20824 I mobile-ffmpeg: PittaSoft Video Media Handler
07-06 00:52:59.737 19922 20824 I mobile-ffmpeg: 
07-06 00:52:59.737 19922 20824 I mobile-ffmpeg:     Stream #0:1
07-06 00:52:59.737 19922 20824 I mobile-ffmpeg: (eng)
07-06 00:52:59.737 19922 20824 I mobile-ffmpeg: : Audio: aac (mp4a / 0x6134706D), 16000 Hz, stereo, fltp, 47 kb/s
07-06 00:52:59.737 19922 20824 I mobile-ffmpeg:  (default)
07-06 00:52:59.737 19922 20824 I mobile-ffmpeg: 
07-06 00:52:59.738 19922 20824 I mobile-ffmpeg:     Metadata:
07-06 00:52:59.738 19922 20824 I mobile-ffmpeg:       creation_time   : 
07-06 00:52:59.738 19922 20824 I mobile-ffmpeg: 2020-03-12T04:10:43.000000Z
07-06 00:52:59.738 19922 20824 I mobile-ffmpeg: 
07-06 00:52:59.738 19922 20824 I mobile-ffmpeg:       handler_name    : 
07-06 00:52:59.738 19922 20824 I mobile-ffmpeg: PittaSoft Sound Media Handler
07-06 00:52:59.738 19922 20824 I mobile-ffmpeg: 
07-06 00:52:59.738 19922 20824 I mobile-ffmpeg: [segment @ 0x78d1293800] Opening '/storage/emulated/0/Movies/segment/20200312_150944/20200312_150944!000.mp4' for writing
07-06 00:52:59.738 19922 20824 I mobile-ffmpeg: Output #0, segment, to '/storage/emulated/0/Movies/segment/20200312_150944/20200312_150944!%03d.mp4':
07-06 00:52:59.738 19922 20824 I mobile-ffmpeg:   Metadata:
07-06 00:52:59.738 19922 20824 I mobile-ffmpeg:     compatible_brands: 
07-06 00:52:59.738 19922 20824 I mobile-ffmpeg: mp42mp42
07-06 00:52:59.738 19922 20824 I mobile-ffmpeg: 
07-06 00:52:59.738 19922 20824 I mobile-ffmpeg:     major_brand     : 
07-06 00:52:59.738 19922 20824 I mobile-ffmpeg: mp42
07-06 00:52:59.738 19922 20824 I mobile-ffmpeg: 
07-06 00:52:59.738 19922 20824 I mobile-ffmpeg:     minor_version   : 
07-06 00:52:59.739 19922 20824 I mobile-ffmpeg: 1
07-06 00:52:59.739 19922 20824 I mobile-ffmpeg: 
07-06 00:52:59.739 19922 20824 I mobile-ffmpeg:     encoder         : 
07-06 00:52:59.739 19922 20824 I mobile-ffmpeg: Lavf58.42.100
07-06 00:52:59.739 19922 20824 I mobile-ffmpeg: 
07-06 00:52:59.739 19922 20824 I mobile-ffmpeg:     Stream #0:0
07-06 00:52:59.739 19922 20824 I mobile-ffmpeg: (eng)
07-06 00:52:59.739 19922 20824 I mobile-ffmpeg: : Video: h264 (avc1 / 0x31637661), yuvj420p(pc, bt709), 1280x720, q=2-31, 8398 kb/s
07-06 00:52:59.739 19922 20824 I mobile-ffmpeg: , 
07-06 00:52:59.739 19922 20824 I mobile-ffmpeg: 29.97 fps, 
07-06 00:52:59.739 19922 20824 I mobile-ffmpeg: 29.97 tbr, 
07-06 00:52:59.739 19922 20824 I mobile-ffmpeg: 16k tbn, 
07-06 00:52:59.739 19922 20824 I mobile-ffmpeg: 1k tbc
07-06 00:52:59.739 19922 20824 I mobile-ffmpeg:  (default)
07-06 00:52:59.739 19922 20824 I mobile-ffmpeg: 
07-06 00:52:59.739 19922 20824 I mobile-ffmpeg:     Metadata:
07-06 00:52:59.740 19922 20824 I mobile-ffmpeg:       creation_time   : 
07-06 00:52:59.740 19922 20824 I mobile-ffmpeg: 2020-03-12T04:10:43.000000Z
07-06 00:52:59.740 19922 20824 I mobile-ffmpeg: 
07-06 00:52:59.740 19922 20824 I mobile-ffmpeg:       handler_name    : 
07-06 00:52:59.740 19922 20824 I mobile-ffmpeg: PittaSoft Video Media Handler
07-06 00:52:59.740 19922 20824 I mobile-ffmpeg: 
07-06 00:52:59.740 19922 20824 I mobile-ffmpeg:     Stream #0:1
07-06 00:52:59.740 19922 20824 I mobile-ffmpeg: (eng)
07-06 00:52:59.740 19922 20824 I mobile-ffmpeg: : Audio: aac (mp4a / 0x6134706D), 16000 Hz, stereo, fltp, 47 kb/s
07-06 00:52:59.740 19922 20824 I mobile-ffmpeg:  (default)
07-06 00:52:59.740 19922 20824 I mobile-ffmpeg: 
07-06 00:52:59.740 19922 20824 I mobile-ffmpeg:     Metadata:
07-06 00:52:59.741 19922 20824 I mobile-ffmpeg:       creation_time   : 
07-06 00:52:59.741 19922 20824 I mobile-ffmpeg: 2020-03-12T04:10:43.000000Z
07-06 00:52:59.741 19922 20824 I mobile-ffmpeg: 
07-06 00:52:59.741 19922 20824 I mobile-ffmpeg:       handler_name    : 
07-06 00:52:59.741 19922 20824 I mobile-ffmpeg: PittaSoft Sound Media Handler
07-06 00:52:59.741 19922 20824 I mobile-ffmpeg: 
07-06 00:52:59.741 19922 20824 I mobile-ffmpeg: Stream mapping:
07-06 00:52:59.741 19922 20824 I mobile-ffmpeg:   Stream #0:0 -> #0:0
07-06 00:52:59.741 19922 20824 I mobile-ffmpeg:  (copy)
07-06 00:52:59.741 19922 20824 I mobile-ffmpeg: 
07-06 00:52:59.741 19922 20824 I mobile-ffmpeg:   Stream #0:1 -> #0:1
07-06 00:52:59.741 19922 20824 I mobile-ffmpeg:  (copy)
07-06 00:52:59.741 19922 20824 I mobile-ffmpeg: 
07-06 00:52:59.741 19922 20824 I mobile-ffmpeg: Press [q] to stop, [?] for help
07-06 00:52:59.741 19922 20824 I mobile-ffmpeg: frame=    1 fps=0.0 q=-1.0 size=N/A time=00:00:00.00 bitrate=N/A speed=31.5x    
07-06 00:52:59.829 19922 20824 I mobile-ffmpeg: [segment @ 0x78d1293800] Opening '/storage/emulated/0/Movies/segment/20200312_150944/20200312_150944!001.mp4' for writing
07-06 00:52:59.898 19922 20824 I mobile-ffmpeg: [segment @ 0x78d1293800] Opening '/storage/emulated/0/Movies/segment/20200312_150944/20200312_150944!002.mp4' for writing
07-06 00:52:59.951 19922 20824 I mobile-ffmpeg: [segment @ 0x78d1293800] Opening '/storage/emulated/0/Movies/segment/20200312_150944/20200312_150944!003.mp4' for writing
07-06 00:52:59.991 19922 20824 I mobile-ffmpeg: frame= 1800 fps=0.0 q=-1.0 Lsize=N/A time=00:01:00.02 bitrate=N/A speed= 237x    
07-06 00:52:59.991 19922 20824 I mobile-ffmpeg: video:61532kB audio:345kB subtitle:0kB other streams:0kB global headers:0kB muxing overhead: 
07-06 00:52:59.992 19922 20824 I mobile-ffmpeg: unknown
07-06 00:52:59.992 19922 20824 I mobile-ffmpeg: 
07-06 00:52:59.997 19922 20803 V FileManager: External storage is readable
07-06 00:52:59.998 19922 20803 V FileManager: Directory already exists: /storage/emulated/0/Movies/segment/20200312_150944
07-06 00:52:59.998 19922 20803 V VideoManager: Retrieving videos from /storage/emulated/0/Movies/segment/20200312_150944
07-06 00:52:59.998 19922 20803 V VideoManager: Retrieving video from /storage/emulated/0/Movies/segment/20200312_150944/20200312_150944!000.mp4
07-06 00:53:00.015 19922 20803 V VideoManager: videoFromCursor
07-06 00:53:00.018 19922 20803 V VideoManager: Retrieving video from /storage/emulated/0/Movies/segment/20200312_150944/20200312_150944!001.mp4
07-06 00:53:00.028 19922 20803 V VideoManager: videoFromCursor
07-06 00:53:00.030 19922 20803 V VideoManager: Retrieving video from /storage/emulated/0/Movies/segment/20200312_150944/20200312_150944!002.mp4
07-06 00:53:00.046 19922 20803 V VideoManager: videoFromCursor
07-06 00:53:00.048 19922 20803 V VideoManager: Retrieving video from /storage/emulated/0/Movies/segment/20200312_150944/20200312_150944!003.mp4
07-06 00:53:00.058 19922 20803 V VideoManager: videoFromCursor
07-06 00:53:00.061 19922 20803 V NearbyFragment: nextTransfer with selected algorithm: best
07-06 00:53:00.062 19922 20803 W NearbyFragment: Sending 20200312_150944!000.mp4 to Nexus 5X [34d8]
07-06 00:53:00.072 19922 19922 V NearbyFragment: Transfer to Endpoint{id=Qd2N, name=Nexus 5X [34d8]} complete
07-06 00:53:01.064 19922 20803 V DownloadTestVideosTask: Starting DownloadTestVideosTask
07-06 00:53:01.066 19922 20803 V DashDownloadManager: Started downloading: 20200312_151044.mp4
07-06 00:53:01.068 19922 20803 I System.out: (HTTPLog)-Static: isSBSettingEnabled false
07-06 00:53:01.068 19922 20803 I System.out: (HTTPLog)-Static: isSBSettingEnabled false
07-06 00:53:01.103 19922 20803 I System.out: (HTTPLog)-Thread-3246-113203199: getTransferStream : ContentLength=69990400, method=GET, HTTPVersion=http/1.1
07-06 00:53:06.305 19922 19922 V NearbyFragment: Transfer to Endpoint{id=Qd2N, name=Nexus 5X [34d8]} complete
07-06 00:53:06.773 19922 19922 D NearbyFragment: onPayloadReceived(endpointId=Qd2N, payload=com.google.android.gms.nearby.connection.Payload@a8259cc)
07-06 00:53:06.774 19922 19922 D NearbyFragment: Endpoint{id=Qd2N, name=Nexus 5X [34d8]} has finished downloading 20200312_150944!000.mp4
07-06 00:53:06.775 19922 19922 V NearbyFragment: nextTransfer with selected algorithm: best
07-06 00:53:06.777 19922 19922 W NearbyFragment: Sending 20200312_150944!001.mp4 to Nexus 5 [1825]
07-06 00:53:06.780 19922 19922 V NearbyFragment: Transfer to Endpoint{id=Qd2N, name=Nexus 5X [34d8]} complete
07-06 00:53:06.791 19922 19922 V NearbyFragment: Transfer to Endpoint{id=w2Lc, name=Nexus 5 [1825]} complete
07-06 00:53:12.326 19922 19922 V NearbyFragment: Transfer to Endpoint{id=w2Lc, name=Nexus 5 [1825]} complete
07-06 00:53:12.578 19922 19922 D NearbyFragment: onPayloadReceived(endpointId=w2Lc, payload=com.google.android.gms.nearby.connection.Payload@7bb751b)
07-06 00:53:12.579 19922 19922 D NearbyFragment: Endpoint{id=w2Lc, name=Nexus 5 [1825]} has finished downloading 20200312_150944!001.mp4
07-06 00:53:12.580 19922 19922 V NearbyFragment: nextTransfer with selected algorithm: best
07-06 00:53:12.582 19922 19922 W NearbyFragment: Sending 20200312_150944!002.mp4 to Nexus 5X [9c8f]
07-06 00:53:12.596 19922 19922 V NearbyFragment: Transfer to Endpoint{id=w2Lc, name=Nexus 5 [1825]} complete
07-06 00:53:12.604 19922 19922 V NearbyFragment: Transfer to Endpoint{id=weVh, name=Nexus 5X [9c8f]} complete
07-06 00:53:16.735 19922 19922 V NearbyFragment: Transfer to Endpoint{id=weVh, name=Nexus 5X [9c8f]} complete
07-06 00:53:17.037 19922 19922 D NearbyFragment: onPayloadReceived(endpointId=weVh, payload=com.google.android.gms.nearby.connection.Payload@6bcc7f6)
07-06 00:53:17.038 19922 19922 D NearbyFragment: Endpoint{id=weVh, name=Nexus 5X [9c8f]} has finished downloading 20200312_150944!002.mp4
07-06 00:53:17.039 19922 19922 V NearbyFragment: nextTransfer with selected algorithm: best
07-06 00:53:17.042 19922 19922 W NearbyFragment: Sending 20200312_150944!003.mp4 to Nexus 5X [34d8]
07-06 00:53:17.061 19922 19922 V NearbyFragment: Transfer to Endpoint{id=weVh, name=Nexus 5X [9c8f]} complete
07-06 00:53:17.073 19922 19922 V NearbyFragment: Transfer to Endpoint{id=Qd2N, name=Nexus 5X [34d8]} complete
07-06 00:53:18.637 19922 19922 D NearbyFragment: onPayloadReceived(endpointId=w2Lc, payload=com.google.android.gms.nearby.connection.Payload@7430cd)
07-06 00:53:18.637 19922 19922 D NearbyFragment: 20200312_150944!001.mp4 from Endpoint{id=w2Lc, name=Nexus 5 [1825]} contained no activity
07-06 00:53:18.638 19922 19922 V NearbyFragment: Received a segment of 20200312_150944
07-06 00:53:18.638 19922 19922 I NearbyFragment: Transfer queue is empty
07-06 00:53:18.706 19922 19922 V NearbyFragment: Transfer to Endpoint{id=w2Lc, name=Nexus 5 [1825]} complete
07-06 00:53:20.211 19922 19922 D NearbyFragment: onPayloadReceived(endpointId=weVh, payload=com.google.android.gms.nearby.connection.Payload@3e56d82)
07-06 00:53:20.212 19922 19922 D NearbyFragment: 20200312_150944!002.mp4 from Endpoint{id=weVh, name=Nexus 5X [9c8f]} contained no activity
07-06 00:53:20.213 19922 19922 V NearbyFragment: Received a segment of 20200312_150944
07-06 00:53:20.214 19922 19922 I NearbyFragment: Transfer queue is empty
07-06 00:53:20.224 19922 19922 V NearbyFragment: Transfer to Endpoint{id=weVh, name=Nexus 5X [9c8f]} complete
07-06 00:53:27.058 19922 20803 V VideoManager: Retrieving video from /storage/emulated/0/Movies/raw/20200312_151044.mp4
07-06 00:53:27.082 19922 20803 D VideoManager: videoCursor is null
07-06 00:53:27.169 19922 20803 V VideoManager: videoFromCursor
07-06 00:53:27.175 19922 20803 W DashDownloadManager: Successfully downloaded 20200312_151044.mp4 in 25.991s
07-06 00:53:27.175 19922 20803 V DownloadTestVideosTask: Entering callback for download completion of 20200312_151044.mp4
07-06 00:53:27.177 19922 20803 V RawFootageEventHandler: onAdd
07-06 00:53:27.179 19922 20803 V FfmpegTools: Retrieving duration of /storage/emulated/0/Movies/raw/20200312_151044.mp4
07-06 00:53:27.189 19922 20824 W mobile-ffmpeg: [mov,mp4,m4a,3gp,3g2,mj2 @ 0x78d1292000] Found duplicated MOOV Atom. Skipped it
07-06 00:53:27.255 19922 20824 I mobile-ffmpeg: Input #0, mov,mp4,m4a,3gp,3g2,mj2, from '/storage/emulated/0/Movies/raw/20200312_151044.mp4':
07-06 00:53:27.255 19922 20824 I mobile-ffmpeg:   Metadata:
07-06 00:53:27.255 19922 20824 I mobile-ffmpeg:     creation_time   : 
07-06 00:53:27.255 19922 20824 I mobile-ffmpeg: 2020-03-12T04:11:43.000000Z
07-06 00:53:27.255 19922 20824 I mobile-ffmpeg: 
07-06 00:53:27.255 19922 20824 I mobile-ffmpeg:     major_brand     : 
07-06 00:53:27.255 19922 20824 I mobile-ffmpeg: mp42
07-06 00:53:27.255 19922 20824 I mobile-ffmpeg: 
07-06 00:53:27.255 19922 20824 I mobile-ffmpeg:     minor_version   : 
07-06 00:53:27.255 19922 20824 I mobile-ffmpeg: 1
07-06 00:53:27.255 19922 20824 I mobile-ffmpeg: 
07-06 00:53:27.255 19922 20824 I mobile-ffmpeg:     compatible_brands: 
07-06 00:53:27.255 19922 20824 I mobile-ffmpeg: mp42mp42
07-06 00:53:27.255 19922 20824 I mobile-ffmpeg: 
07-06 00:53:27.255 19922 20824 I mobile-ffmpeg:   Duration: 
07-06 00:53:27.256 19922 20824 I mobile-ffmpeg: 00:01:00.02
07-06 00:53:27.256 19922 20824 I mobile-ffmpeg: , start: 
07-06 00:53:27.256 19922 20824 I mobile-ffmpeg: 0.000000
07-06 00:53:27.256 19922 20824 I mobile-ffmpeg: , bitrate: 
07-06 00:53:27.256 19922 20824 I mobile-ffmpeg: 9328 kb/s
07-06 00:53:27.256 19922 20824 I mobile-ffmpeg: 
07-06 00:53:27.256 19922 20824 I mobile-ffmpeg:     Stream #0:0
07-06 00:53:27.256 19922 20824 I mobile-ffmpeg: (eng)
07-06 00:53:27.256 19922 20824 I mobile-ffmpeg: : Video: h264 (avc1 / 0x31637661), yuvj420p(pc, bt709), 1280x720, 8383 kb/s
07-06 00:53:27.256 19922 20824 I mobile-ffmpeg: , 
07-06 00:53:27.256 19922 20824 I mobile-ffmpeg: 29.97 fps, 
07-06 00:53:27.256 19922 20824 I mobile-ffmpeg: 29.97 tbr, 
07-06 00:53:27.256 19922 20824 I mobile-ffmpeg: 1k tbn, 
07-06 00:53:27.256 19922 20824 I mobile-ffmpeg: 2k tbc
07-06 00:53:27.256 19922 20824 I mobile-ffmpeg:  (default)
07-06 00:53:27.256 19922 20824 I mobile-ffmpeg: 
07-06 00:53:27.256 19922 20824 I mobile-ffmpeg:     Metadata:
07-06 00:53:27.257 19922 20824 I mobile-ffmpeg:       creation_time   : 
07-06 00:53:27.257 19922 20824 I mobile-ffmpeg: 2020-03-12T04:11:43.000000Z
07-06 00:53:27.257 19922 20824 I mobile-ffmpeg: 
07-06 00:53:27.257 19922 20824 I mobile-ffmpeg:       handler_name    : 
07-06 00:53:27.257 19922 20824 I mobile-ffmpeg: PittaSoft Video Media Handler
07-06 00:53:27.257 19922 20824 I mobile-ffmpeg: 
07-06 00:53:27.257 19922 20824 I mobile-ffmpeg:     Stream #0:1
07-06 00:53:27.257 19922 20824 I mobile-ffmpeg: (eng)
07-06 00:53:27.257 19922 20824 I mobile-ffmpeg: : Audio: aac (mp4a / 0x6134706D), 16000 Hz, stereo, fltp, 47 kb/s
07-06 00:53:27.257 19922 20824 I mobile-ffmpeg:  (default)
07-06 00:53:27.257 19922 20824 I mobile-ffmpeg: 
07-06 00:53:27.257 19922 20824 I mobile-ffmpeg:     Metadata:
07-06 00:53:27.257 19922 20824 I mobile-ffmpeg:       creation_time   : 
07-06 00:53:27.257 19922 20824 I mobile-ffmpeg: 2020-03-12T04:11:43.000000Z
07-06 00:53:27.257 19922 20824 I mobile-ffmpeg: 
07-06 00:53:27.257 19922 20824 I mobile-ffmpeg:       handler_name    : 
07-06 00:53:27.258 19922 20824 I mobile-ffmpeg: PittaSoft Sound Media Handler
07-06 00:53:27.258 19922 20824 I mobile-ffmpeg: 
07-06 00:53:27.268 19922 20803 V FileManager: External storage is readable
07-06 00:53:27.269 19922 20803 V FileManager: Created new directory: /storage/emulated/0/Movies/segment/20200312_151044
07-06 00:53:27.269 19922 20803 V FfmpegTools: Splitting /storage/emulated/0/Movies/raw/20200312_151044.mp4 with 16s long segments
07-06 00:53:27.270 19922 20803 I FfmpegTools: Running ffmpeg with:
07-06 00:53:27.270 19922 20803 I FfmpegTools:   -y -i /storage/emulated/0/Movies/raw/20200312_151044.mp4 -map 0 -c copy -f segment -reset_timestamps 1 -segment_time 16 /storage/emulated/0/Movies/segment/20200312_151044/20200312_151044!%03d.mp4
07-06 00:53:27.279 19922 20824 W mobile-ffmpeg: [mov,mp4,m4a,3gp,3g2,mj2 @ 0x78d1292000] Found duplicated MOOV Atom. Skipped it
07-06 00:53:27.319 19922 20824 I mobile-ffmpeg: Input #0, mov,mp4,m4a,3gp,3g2,mj2, from '/storage/emulated/0/Movies/raw/20200312_151044.mp4':
07-06 00:53:27.319 19922 20824 I mobile-ffmpeg:   Metadata:
07-06 00:53:27.319 19922 20824 I mobile-ffmpeg:     creation_time   : 
07-06 00:53:27.319 19922 20824 I mobile-ffmpeg: 2020-03-12T04:11:43.000000Z
07-06 00:53:27.319 19922 20824 I mobile-ffmpeg: 
07-06 00:53:27.319 19922 20824 I mobile-ffmpeg:     major_brand     : 
07-06 00:53:27.319 19922 20824 I mobile-ffmpeg: mp42
07-06 00:53:27.319 19922 20824 I mobile-ffmpeg: 
07-06 00:53:27.319 19922 20824 I mobile-ffmpeg:     minor_version   : 
07-06 00:53:27.319 19922 20824 I mobile-ffmpeg: 1
07-06 00:53:27.319 19922 20824 I mobile-ffmpeg: 
07-06 00:53:27.319 19922 20824 I mobile-ffmpeg:     compatible_brands: 
07-06 00:53:27.319 19922 20824 I mobile-ffmpeg: mp42mp42
07-06 00:53:27.319 19922 20824 I mobile-ffmpeg: 
07-06 00:53:27.319 19922 20824 I mobile-ffmpeg:   Duration: 
07-06 00:53:27.319 19922 20824 I mobile-ffmpeg: 00:01:00.02
07-06 00:53:27.319 19922 20824 I mobile-ffmpeg: , start: 
07-06 00:53:27.319 19922 20824 I mobile-ffmpeg: 0.000000
07-06 00:53:27.319 19922 20824 I mobile-ffmpeg: , bitrate: 
07-06 00:53:27.319 19922 20824 I mobile-ffmpeg: 9328 kb/s
07-06 00:53:27.319 19922 20824 I mobile-ffmpeg: 
07-06 00:53:27.320 19922 20824 I mobile-ffmpeg:     Stream #0:0
07-06 00:53:27.320 19922 20824 I mobile-ffmpeg: (eng)
07-06 00:53:27.320 19922 20824 I mobile-ffmpeg: : Video: h264 (avc1 / 0x31637661), yuvj420p(pc, bt709), 1280x720, 8383 kb/s
07-06 00:53:27.320 19922 20824 I mobile-ffmpeg: , 
07-06 00:53:27.320 19922 20824 I mobile-ffmpeg: 29.97 fps, 
07-06 00:53:27.320 19922 20824 I mobile-ffmpeg: 29.97 tbr, 
07-06 00:53:27.320 19922 20824 I mobile-ffmpeg: 1k tbn, 
07-06 00:53:27.320 19922 20824 I mobile-ffmpeg: 2k tbc
07-06 00:53:27.320 19922 20824 I mobile-ffmpeg:  (default)
07-06 00:53:27.320 19922 20824 I mobile-ffmpeg: 
07-06 00:53:27.320 19922 20824 I mobile-ffmpeg:     Metadata:
07-06 00:53:27.320 19922 20824 I mobile-ffmpeg:       creation_time   : 
07-06 00:53:27.320 19922 20824 I mobile-ffmpeg: 2020-03-12T04:11:43.000000Z
07-06 00:53:27.320 19922 20824 I mobile-ffmpeg: 
07-06 00:53:27.320 19922 20824 I mobile-ffmpeg:       handler_name    : 
07-06 00:53:27.320 19922 20824 I mobile-ffmpeg: PittaSoft Video Media Handler
07-06 00:53:27.320 19922 20824 I mobile-ffmpeg: 
07-06 00:53:27.320 19922 20824 I mobile-ffmpeg:     Stream #0:1
07-06 00:53:27.320 19922 20824 I mobile-ffmpeg: (eng)
07-06 00:53:27.320 19922 20824 I mobile-ffmpeg: : Audio: aac (mp4a / 0x6134706D), 16000 Hz, stereo, fltp, 47 kb/s
07-06 00:53:27.320 19922 20824 I mobile-ffmpeg:  (default)
07-06 00:53:27.321 19922 20824 I mobile-ffmpeg: 
07-06 00:53:27.321 19922 20824 I mobile-ffmpeg:     Metadata:
07-06 00:53:27.321 19922 20824 I mobile-ffmpeg:       creation_time   : 
07-06 00:53:27.321 19922 20824 I mobile-ffmpeg: 2020-03-12T04:11:43.000000Z
07-06 00:53:27.321 19922 20824 I mobile-ffmpeg: 
07-06 00:53:27.321 19922 20824 I mobile-ffmpeg:       handler_name    : 
07-06 00:53:27.321 19922 20824 I mobile-ffmpeg: PittaSoft Sound Media Handler
07-06 00:53:27.321 19922 20824 I mobile-ffmpeg: 
07-06 00:53:27.321 19922 20824 I mobile-ffmpeg: [segment @ 0x78d1293800] Opening '/storage/emulated/0/Movies/segment/20200312_151044/20200312_151044!000.mp4' for writing
07-06 00:53:27.321 19922 20824 I mobile-ffmpeg: Output #0, segment, to '/storage/emulated/0/Movies/segment/20200312_151044/20200312_151044!%03d.mp4':
07-06 00:53:27.321 19922 20824 I mobile-ffmpeg:   Metadata:
07-06 00:53:27.321 19922 20824 I mobile-ffmpeg:     compatible_brands: 
07-06 00:53:27.321 19922 20824 I mobile-ffmpeg: mp42mp42
07-06 00:53:27.321 19922 20824 I mobile-ffmpeg: 
07-06 00:53:27.321 19922 20824 I mobile-ffmpeg:     major_brand     : 
07-06 00:53:27.321 19922 20824 I mobile-ffmpeg: mp42
07-06 00:53:27.321 19922 20824 I mobile-ffmpeg: 
07-06 00:53:27.321 19922 20824 I mobile-ffmpeg:     minor_version   : 
07-06 00:53:27.321 19922 20824 I mobile-ffmpeg: 1
07-06 00:53:27.321 19922 20824 I mobile-ffmpeg: 
07-06 00:53:27.321 19922 20824 I mobile-ffmpeg:     encoder         : 
07-06 00:53:27.321 19922 20824 I mobile-ffmpeg: Lavf58.42.100
07-06 00:53:27.321 19922 20824 I mobile-ffmpeg: 
07-06 00:53:27.322 19922 20824 I mobile-ffmpeg:     Stream #0:0
07-06 00:53:27.322 19922 20824 I mobile-ffmpeg: (eng)
07-06 00:53:27.322 19922 20824 I mobile-ffmpeg: : Video: h264 (avc1 / 0x31637661), yuvj420p(pc, bt709), 1280x720, q=2-31, 8383 kb/s
07-06 00:53:27.322 19922 20824 I mobile-ffmpeg: , 
07-06 00:53:27.322 19922 20824 I mobile-ffmpeg: 29.97 fps, 
07-06 00:53:27.322 19922 20824 I mobile-ffmpeg: 29.97 tbr, 
07-06 00:53:27.322 19922 20824 I mobile-ffmpeg: 16k tbn, 
07-06 00:53:27.322 19922 20824 I mobile-ffmpeg: 1k tbc
07-06 00:53:27.322 19922 20824 I mobile-ffmpeg:  (default)
07-06 00:53:27.322 19922 20824 I mobile-ffmpeg: 
07-06 00:53:27.322 19922 20824 I mobile-ffmpeg:     Metadata:
07-06 00:53:27.322 19922 20824 I mobile-ffmpeg:       creation_time   : 
07-06 00:53:27.322 19922 20824 I mobile-ffmpeg: 2020-03-12T04:11:43.000000Z
07-06 00:53:27.322 19922 20824 I mobile-ffmpeg: 
07-06 00:53:27.322 19922 20824 I mobile-ffmpeg:       handler_name    : 
07-06 00:53:27.322 19922 20824 I mobile-ffmpeg: PittaSoft Video Media Handler
07-06 00:53:27.322 19922 20824 I mobile-ffmpeg: 
07-06 00:53:27.322 19922 20824 I mobile-ffmpeg:     Stream #0:1
07-06 00:53:27.322 19922 20824 I mobile-ffmpeg: (eng)
07-06 00:53:27.322 19922 20824 I mobile-ffmpeg: : Audio: aac (mp4a / 0x6134706D), 16000 Hz, stereo, fltp, 47 kb/s
07-06 00:53:27.322 19922 20824 I mobile-ffmpeg:  (default)
07-06 00:53:27.323 19922 20824 I mobile-ffmpeg: 
07-06 00:53:27.323 19922 20824 I mobile-ffmpeg:     Metadata:
07-06 00:53:27.323 19922 20824 I mobile-ffmpeg:       creation_time   : 
07-06 00:53:27.323 19922 20824 I mobile-ffmpeg: 2020-03-12T04:11:43.000000Z
07-06 00:53:27.323 19922 20824 I mobile-ffmpeg: 
07-06 00:53:27.323 19922 20824 I mobile-ffmpeg:       handler_name    : 
07-06 00:53:27.323 19922 20824 I mobile-ffmpeg: PittaSoft Sound Media Handler
07-06 00:53:27.323 19922 20824 I mobile-ffmpeg: 
07-06 00:53:27.323 19922 20824 I mobile-ffmpeg: Stream mapping:
07-06 00:53:27.323 19922 20824 I mobile-ffmpeg:   Stream #0:0 -> #0:0
07-06 00:53:27.323 19922 20824 I mobile-ffmpeg:  (copy)
07-06 00:53:27.323 19922 20824 I mobile-ffmpeg: 
07-06 00:53:27.323 19922 20824 I mobile-ffmpeg:   Stream #0:1 -> #0:1
07-06 00:53:27.323 19922 20824 I mobile-ffmpeg:  (copy)
07-06 00:53:27.323 19922 20824 I mobile-ffmpeg: 
07-06 00:53:27.323 19922 20824 I mobile-ffmpeg: Press [q] to stop, [?] for help
07-06 00:53:27.323 19922 20824 I mobile-ffmpeg: frame=    1 fps=0.0 q=-1.0 size=N/A time=00:00:00.00 bitrate=N/A speed=  63x    
07-06 00:53:27.404 19922 20824 I mobile-ffmpeg: [segment @ 0x78d1293800] Opening '/storage/emulated/0/Movies/segment/20200312_151044/20200312_151044!001.mp4' for writing
07-06 00:53:27.480 19922 20824 I mobile-ffmpeg: [segment @ 0x78d1293800] Opening '/storage/emulated/0/Movies/segment/20200312_151044/20200312_151044!002.mp4' for writing
07-06 00:53:27.551 19922 20824 I mobile-ffmpeg: [segment @ 0x78d1293800] Opening '/storage/emulated/0/Movies/segment/20200312_151044/20200312_151044!003.mp4' for writing
07-06 00:53:27.601 19922 20824 I mobile-ffmpeg: frame= 1800 fps=0.0 q=-1.0 Lsize=N/A time=00:01:00.03 bitrate=N/A speed= 214x    
07-06 00:53:27.601 19922 20824 I mobile-ffmpeg: video:61424kB audio:346kB subtitle:0kB other streams:0kB global headers:0kB muxing overhead: 
07-06 00:53:27.601 19922 20824 I mobile-ffmpeg: unknown
07-06 00:53:27.601 19922 20824 I mobile-ffmpeg: 
07-06 00:53:27.605 19922 20803 V FileManager: External storage is readable
07-06 00:53:27.605 19922 20803 V FileManager: Directory already exists: /storage/emulated/0/Movies/segment/20200312_151044
07-06 00:53:27.605 19922 20803 V VideoManager: Retrieving videos from /storage/emulated/0/Movies/segment/20200312_151044
07-06 00:53:27.606 19922 20803 V VideoManager: Retrieving video from /storage/emulated/0/Movies/segment/20200312_151044/20200312_151044!000.mp4
07-06 00:53:27.621 19922 20803 V VideoManager: videoFromCursor
07-06 00:53:27.624 19922 20803 V VideoManager: Retrieving video from /storage/emulated/0/Movies/segment/20200312_151044/20200312_151044!001.mp4
07-06 00:53:27.633 19922 20803 V VideoManager: videoFromCursor
07-06 00:53:27.636 19922 20803 V VideoManager: Retrieving video from /storage/emulated/0/Movies/segment/20200312_151044/20200312_151044!002.mp4
07-06 00:53:27.644 19922 20803 V VideoManager: videoFromCursor
07-06 00:53:27.646 19922 20803 V VideoManager: Retrieving video from /storage/emulated/0/Movies/segment/20200312_151044/20200312_151044!003.mp4
07-06 00:53:27.656 19922 20803 V VideoManager: videoFromCursor
07-06 00:53:27.662 19922 20803 V NearbyFragment: nextTransfer with selected algorithm: best
07-06 00:53:27.665 19922 20803 W NearbyFragment: Sending 20200312_151044!000.mp4 to Nexus 5 [1825]
07-06 00:53:27.681 19922 19922 V NearbyFragment: Transfer to Endpoint{id=w2Lc, name=Nexus 5 [1825]} complete
07-06 00:53:27.922 19922 19922 D NearbyFragment: onPayloadReceived(endpointId=Qd2N, payload=com.google.android.gms.nearby.connection.Payload@700dfce)
07-06 00:53:27.923 19922 19922 V NearbyFragment: Started downloading 20200312_150944!000.mp4 from Endpoint{id=Qd2N, name=Nexus 5X [34d8]}
07-06 00:53:27.926 19922 19922 V NearbyFragment: nextTransfer with selected algorithm: best
07-06 00:53:27.933 19922 19922 W NearbyFragment: Sending 20200312_151044!001.mp4 to Nexus 5X [9c8f]
07-06 00:53:27.937 19922 19922 V NearbyFragment: Transfer to Endpoint{id=Qd2N, name=Nexus 5X [34d8]} complete
07-06 00:53:27.950 19922 19922 V NearbyFragment: Transfer to Endpoint{id=weVh, name=Nexus 5X [9c8f]} complete
07-06 00:53:28.183 19922 19922 D NearbyFragment: onPayloadReceived(endpointId=Qd2N, payload=com.google.android.gms.nearby.connection.Payload@693ac85)
07-06 00:53:28.412 19922 19922 V NearbyFragment: Transfer to Endpoint{id=Qd2N, name=Nexus 5X [34d8]} complete
07-06 00:53:28.413 19922 19922 W NearbyFragment: Completed downloading 20200312_150944!000.mp4 from Endpoint{id=Qd2N, name=Nexus 5X [34d8]} in 00.488s
07-06 00:53:28.421 19922 19922 V FileManager: External storage is readable
07-06 00:53:28.423 19922 19922 V FileManager: Created new directory: /storage/emulated/0/Movies/segment-sum/20200312_150944
07-06 00:53:28.492 19922 19922 V NearbyFragment: Received a segment of 20200312_150944
07-06 00:53:28.671 19922 20803 V DownloadTestVideosTask: Starting DownloadTestVideosTask
07-06 00:53:28.674 19922 20803 V DashDownloadManager: Started downloading: 20200312_193528.mp4
07-06 00:53:28.679 19922 20803 I System.out: (HTTPLog)-Static: isSBSettingEnabled false
07-06 00:53:28.679 19922 20803 I System.out: (HTTPLog)-Static: isSBSettingEnabled false
07-06 00:53:28.693 19922 20803 I System.out: (HTTPLog)-Thread-3246-256846554: getTransferStream : ContentLength=69990400, method=GET, HTTPVersion=http/1.1
07-06 00:53:29.335 19922 19922 V NearbyFragment: Transfer to Endpoint{id=Qd2N, name=Nexus 5X [34d8]} complete
07-06 00:53:32.627 19922 19922 D NearbyFragment: onPayloadReceived(endpointId=Qd2N, payload=com.google.android.gms.nearby.connection.Payload@25fdb0b)
07-06 00:53:32.630 19922 19922 D NearbyFragment: Endpoint{id=Qd2N, name=Nexus 5X [34d8]} has finished downloading 20200312_150944!003.mp4
07-06 00:53:32.635 19922 19922 V NearbyFragment: nextTransfer with selected algorithm: best
07-06 00:53:32.642 19922 19922 W NearbyFragment: Sending 20200312_151044!002.mp4 to Nexus 5X [34d8]
07-06 00:53:32.665 19922 19922 V NearbyFragment: Transfer to Endpoint{id=Qd2N, name=Nexus 5X [34d8]} complete
07-06 00:53:32.930 19922 19922 V NearbyFragment: Transfer to Endpoint{id=Qd2N, name=Nexus 5X [34d8]} complete
07-06 00:53:36.278 19922 19922 V NearbyFragment: Transfer to Endpoint{id=w2Lc, name=Nexus 5 [1825]} complete
07-06 00:53:36.909 19922 19922 D NearbyFragment: onPayloadReceived(endpointId=w2Lc, payload=com.google.android.gms.nearby.connection.Payload@e051aa6)
07-06 00:53:36.912 19922 19922 D NearbyFragment: Endpoint{id=w2Lc, name=Nexus 5 [1825]} has finished downloading 20200312_151044!000.mp4
07-06 00:53:36.915 19922 19922 V NearbyFragment: nextTransfer with selected algorithm: best
07-06 00:53:36.922 19922 19922 W NearbyFragment: Sending 20200312_151044!003.mp4 to Nexus 5X [34d8]
07-06 00:53:36.946 19922 19922 V NearbyFragment: Transfer to Endpoint{id=Qd2N, name=Nexus 5X [34d8]} complete
07-06 00:53:37.003 19922 19922 V NearbyFragment: Transfer to Endpoint{id=w2Lc, name=Nexus 5 [1825]} complete
07-06 00:53:37.100 19922 19922 D NearbyFragment: onPayloadReceived(endpointId=Qd2N, payload=com.google.android.gms.nearby.connection.Payload@33fe73d)
07-06 00:53:37.101 19922 19922 D NearbyFragment: 20200312_150944!003.mp4 from Endpoint{id=Qd2N, name=Nexus 5X [34d8]} contained no activity
07-06 00:53:37.102 19922 19922 D NearbyFragment: Received all summarised video segments of 20200312_150944
07-06 00:53:37.112 19922 19922 V FileManager: External storage is readable
07-06 00:53:37.113 19922 19922 V FileManager: Directory already exists: /storage/emulated/0/Movies/segment-sum/20200312_150944
07-06 00:53:37.116 19922 19922 D FfmpegTools: Merging /storage/emulated/0/Movies/summarised/20200312_150944.mp4
07-06 00:53:37.117 19922 19922 V FfmpegTools: Retrieving duration of /storage/emulated/0/Movies/segment-sum/20200312_150944/20200312_150944!000.mp4
07-06 00:53:37.180 19922 20824 I mobile-ffmpeg: Input #0, mov,mp4,m4a,3gp,3g2,mj2, from '/storage/emulated/0/Movies/segment-sum/20200312_150944/20200312_150944!000.mp4':
07-06 00:53:37.180 19922 20824 I mobile-ffmpeg:   Metadata:
07-06 00:53:37.180 19922 20824 I mobile-ffmpeg:     major_brand     : 
07-06 00:53:37.180 19922 20824 I mobile-ffmpeg: isom
07-06 00:53:37.180 19922 20824 I mobile-ffmpeg: 
07-06 00:53:37.180 19922 20824 I mobile-ffmpeg:     minor_version   : 
07-06 00:53:37.180 19922 20824 I mobile-ffmpeg: 512
07-06 00:53:37.180 19922 20824 I mobile-ffmpeg: 
07-06 00:53:37.181 19922 20824 I mobile-ffmpeg:     compatible_brands: 
07-06 00:53:37.181 19922 20824 I mobile-ffmpeg: isomiso2avc1mp41
07-06 00:53:37.181 19922 20824 I mobile-ffmpeg: 
07-06 00:53:37.181 19922 20824 I mobile-ffmpeg:     encoder         : 
07-06 00:53:37.181 19922 20824 I mobile-ffmpeg: Lavf58.42.100
07-06 00:53:37.181 19922 20824 I mobile-ffmpeg: 
07-06 00:53:37.181 19922 20824 I mobile-ffmpeg:   Duration: 
07-06 00:53:37.181 19922 20824 I mobile-ffmpeg: 00:00:07.07
07-06 00:53:37.181 19922 20824 I mobile-ffmpeg: , start: 
07-06 00:53:37.181 19922 20824 I mobile-ffmpeg: 0.000000
07-06 00:53:37.181 19922 20824 I mobile-ffmpeg: , bitrate: 
07-06 00:53:37.181 19922 20824 I mobile-ffmpeg: 1347 kb/s
07-06 00:53:37.181 19922 20824 I mobile-ffmpeg: 
07-06 00:53:37.181 19922 20824 I mobile-ffmpeg:     Stream #0:0
07-06 00:53:37.181 19922 20824 I mobile-ffmpeg: (und)
07-06 00:53:37.181 19922 20824 I mobile-ffmpeg: : Video: h264 (avc1 / 0x31637661), yuvj420p(pc), 1280x720, 1275 kb/s
07-06 00:53:37.182 19922 20824 I mobile-ffmpeg: , 
07-06 00:53:37.182 19922 20824 I mobile-ffmpeg: 29.97 fps, 
07-06 00:53:37.182 19922 20824 I mobile-ffmpeg: 29.97 tbr, 
07-06 00:53:37.182 19922 20824 I mobile-ffmpeg: 30k tbn, 
07-06 00:53:37.182 19922 20824 I mobile-ffmpeg: 59.94 tbc
07-06 00:53:37.182 19922 20824 I mobile-ffmpeg:  (default)
07-06 00:53:37.182 19922 20824 I mobile-ffmpeg: 
07-06 00:53:37.182 19922 20824 I mobile-ffmpeg:     Metadata:
07-06 00:53:37.182 19922 20824 I mobile-ffmpeg:       handler_name    : 
07-06 00:53:37.182 19922 20824 I mobile-ffmpeg: VideoHandler
07-06 00:53:37.182 19922 20824 I mobile-ffmpeg: 
07-06 00:53:37.182 19922 20824 I mobile-ffmpeg:     Stream #0:1
07-06 00:53:37.182 19922 20824 I mobile-ffmpeg: (und)
07-06 00:53:37.182 19922 20824 I mobile-ffmpeg: : Audio: aac (mp4a / 0x6134706D), 16000 Hz, stereo, fltp, 78 kb/s
07-06 00:53:37.182 19922 20824 I mobile-ffmpeg:  (default)
07-06 00:53:37.182 19922 20824 I mobile-ffmpeg: 
07-06 00:53:37.182 19922 20824 I mobile-ffmpeg:     Metadata:
07-06 00:53:37.183 19922 20824 I mobile-ffmpeg:       handler_name    : 
07-06 00:53:37.183 19922 20824 I mobile-ffmpeg: SoundHandler
07-06 00:53:37.183 19922 20824 I mobile-ffmpeg: 
07-06 00:53:37.204 19922 19922 W FfmpegTools: Single segment returned, duration of 20200312_150944: 7.07
07-06 00:53:37.349 19922 19922 V VideoManager: Retrieving video from /storage/emulated/0/Movies/summarised/20200312_150944.mp4
07-06 00:53:37.367 19922 19922 V VideoManager: videoFromCursor
07-06 00:53:37.373 19922 19922 V SummarisedVideosEventHandler: onAdd
07-06 00:53:37.373 19922 19922 V RawFootageEventHandler: removeByName
07-06 00:53:37.375 19922 19922 V ProcessingVideosEventHandler: removeByName
07-06 00:53:37.375 19922 19922 V NearbyFragment: Removing video segment map for 20200312_150944
07-06 00:53:37.376 19922 19922 I NearbyFragment: Transfer queue is empty
07-06 00:53:37.376 19922 19922 V NearbyFragment: Transfer to Endpoint{id=Qd2N, name=Nexus 5X [34d8]} complete
07-06 00:53:41.068 19922 19922 V NearbyFragment: Transfer to Endpoint{id=weVh, name=Nexus 5X [9c8f]} complete
07-06 00:53:41.316 19922 19922 D NearbyFragment: onPayloadReceived(endpointId=weVh, payload=com.google.android.gms.nearby.connection.Payload@e1c5d2e)
07-06 00:53:41.317 19922 19922 D NearbyFragment: Endpoint{id=weVh, name=Nexus 5X [9c8f]} has finished downloading 20200312_151044!001.mp4
07-06 00:53:41.318 19922 19922 I NearbyFragment: Transfer queue is empty
07-06 00:53:41.366 19922 19922 V NearbyFragment: Transfer to Endpoint{id=weVh, name=Nexus 5X [9c8f]} complete
07-06 00:53:42.836 19922 19922 D NearbyFragment: onPayloadReceived(endpointId=w2Lc, payload=com.google.android.gms.nearby.connection.Payload@60be0cf)
07-06 00:53:42.837 19922 19922 D NearbyFragment: 20200312_151044!000.mp4 from Endpoint{id=w2Lc, name=Nexus 5 [1825]} contained no activity
07-06 00:53:42.838 19922 19922 V NearbyFragment: Received a segment of 20200312_151044
07-06 00:53:42.839 19922 19922 I NearbyFragment: Transfer queue is empty
07-06 00:53:42.917 19922 19922 V NearbyFragment: Transfer to Endpoint{id=w2Lc, name=Nexus 5 [1825]} complete
07-06 00:53:44.562 19922 19922 D NearbyFragment: onPayloadReceived(endpointId=weVh, payload=com.google.android.gms.nearby.connection.Payload@a7fa5c)
07-06 00:53:44.563 19922 19922 D NearbyFragment: 20200312_151044!001.mp4 from Endpoint{id=weVh, name=Nexus 5X [9c8f]} contained no activity
07-06 00:53:44.564 19922 19922 V NearbyFragment: Received a segment of 20200312_151044
07-06 00:53:44.565 19922 19922 I NearbyFragment: Transfer queue is empty
07-06 00:53:44.608 19922 19922 V NearbyFragment: Transfer to Endpoint{id=weVh, name=Nexus 5X [9c8f]} complete
07-06 00:53:50.222 19922 19922 V NearbyFragment: Transfer to Endpoint{id=Qd2N, name=Nexus 5X [34d8]} complete
07-06 00:53:51.453 19922 19922 D NearbyFragment: onPayloadReceived(endpointId=Qd2N, payload=com.google.android.gms.nearby.connection.Payload@4f5d165)
07-06 00:53:51.455 19922 19922 D NearbyFragment: Endpoint{id=Qd2N, name=Nexus 5X [34d8]} has finished downloading 20200312_151044!002.mp4
07-06 00:53:51.458 19922 19922 I NearbyFragment: Transfer queue is empty
07-06 00:53:51.502 19922 19922 V NearbyFragment: Transfer to Endpoint{id=Qd2N, name=Nexus 5X [34d8]} complete
07-06 00:53:54.889 19922 19922 V NearbyFragment: Transfer to Endpoint{id=Qd2N, name=Nexus 5X [34d8]} complete
07-06 00:53:55.739 19922 19922 D NearbyFragment: onPayloadReceived(endpointId=Qd2N, payload=com.google.android.gms.nearby.connection.Payload@b951e3a)
07-06 00:53:55.739 19922 19922 D NearbyFragment: Endpoint{id=Qd2N, name=Nexus 5X [34d8]} has finished downloading 20200312_151044!003.mp4
07-06 00:53:55.740 19922 19922 I NearbyFragment: Transfer queue is empty
07-06 00:53:55.790 19922 19922 V NearbyFragment: Transfer to Endpoint{id=Qd2N, name=Nexus 5X [34d8]} complete
07-06 00:53:56.162 19922 20803 V VideoManager: Retrieving video from /storage/emulated/0/Movies/raw/20200312_193528.mp4
07-06 00:53:56.175 19922 20803 D VideoManager: videoCursor is null
07-06 00:53:56.235 19922 20803 V VideoManager: videoFromCursor
07-06 00:53:56.240 19922 20803 W DashDownloadManager: Successfully downloaded 20200312_193528.mp4 in 27.487s
07-06 00:53:56.241 19922 20803 V DownloadTestVideosTask: Entering callback for download completion of 20200312_193528.mp4
07-06 00:53:56.242 19922 20803 V RawFootageEventHandler: onAdd
07-06 00:53:56.243 19922 20803 V FfmpegTools: Retrieving duration of /storage/emulated/0/Movies/raw/20200312_193528.mp4
07-06 00:53:56.252 19922 20824 W mobile-ffmpeg: [mov,mp4,m4a,3gp,3g2,mj2 @ 0x78d1292000] Found duplicated MOOV Atom. Skipped it
07-06 00:53:56.308 19922 20824 I mobile-ffmpeg: Input #0, mov,mp4,m4a,3gp,3g2,mj2, from '/storage/emulated/0/Movies/raw/20200312_193528.mp4':
07-06 00:53:56.308 19922 20824 I mobile-ffmpeg:   Metadata:
07-06 00:53:56.308 19922 20824 I mobile-ffmpeg:     creation_time   : 
07-06 00:53:56.308 19922 20824 I mobile-ffmpeg: 2020-03-12T08:36:28.000000Z
07-06 00:53:56.308 19922 20824 I mobile-ffmpeg: 
07-06 00:53:56.308 19922 20824 I mobile-ffmpeg:     major_brand     : 
07-06 00:53:56.308 19922 20824 I mobile-ffmpeg: mp42
07-06 00:53:56.308 19922 20824 I mobile-ffmpeg: 
07-06 00:53:56.309 19922 20824 I mobile-ffmpeg:     minor_version   : 
07-06 00:53:56.309 19922 20824 I mobile-ffmpeg: 1
07-06 00:53:56.309 19922 20824 I mobile-ffmpeg: 
07-06 00:53:56.309 19922 20824 I mobile-ffmpeg:     compatible_brands: 
07-06 00:53:56.309 19922 20824 I mobile-ffmpeg: mp42mp42
07-06 00:53:56.309 19922 20824 I mobile-ffmpeg: 
07-06 00:53:56.309 19922 20824 I mobile-ffmpeg:   Duration: 
07-06 00:53:56.309 19922 20824 I mobile-ffmpeg: 00:01:00.05
07-06 00:53:56.309 19922 20824 I mobile-ffmpeg: , start: 
07-06 00:53:56.309 19922 20824 I mobile-ffmpeg: 0.000000
07-06 00:53:56.309 19922 20824 I mobile-ffmpeg: , bitrate: 
07-06 00:53:56.309 19922 20824 I mobile-ffmpeg: 9323 kb/s
07-06 00:53:56.309 19922 20824 I mobile-ffmpeg: 
07-06 00:53:56.309 19922 20824 I mobile-ffmpeg:     Stream #0:0
07-06 00:53:56.309 19922 20824 I mobile-ffmpeg: (eng)
07-06 00:53:56.309 19922 20824 I mobile-ffmpeg: : Video: h264 (avc1 / 0x31637661), yuvj420p(pc, bt709), 1280x720, 8373 kb/s
07-06 00:53:56.309 19922 20824 I mobile-ffmpeg: , 
07-06 00:53:56.309 19922 20824 I mobile-ffmpeg: 29.96 fps, 
