07-06 00:51:50.983 19922 20824 I mobile-ffmpeg: 0.000000
07-06 00:51:50.983 19922 20824 I mobile-ffmpeg: , bitrate: 
07-06 00:51:50.983 19922 20824 I mobile-ffmpeg: 9328 kb/s
07-06 00:51:50.983 19922 20824 I mobile-ffmpeg: 
07-06 00:51:50.983 19922 20824 I mobile-ffmpeg:     Stream #0:0
07-06 00:51:50.983 19922 20824 I mobile-ffmpeg: (eng)
07-06 00:51:50.983 19922 20824 I mobile-ffmpeg: : Video: h264 (avc1 / 0x31637661), yuvj420p(pc, bt709), 1280x720, 8381 kb/s
07-06 00:51:50.983 19922 20824 I mobile-ffmpeg: , 
07-06 00:51:50.983 19922 20824 I mobile-ffmpeg: 29.97 fps, 
07-06 00:51:50.983 19922 20824 I mobile-ffmpeg: 29.97 tbr, 
07-06 00:51:50.983 19922 20824 I mobile-ffmpeg: 1k tbn, 
07-06 00:51:50.984 19922 20824 I mobile-ffmpeg: 2k tbc
07-06 00:51:50.984 19922 20824 I mobile-ffmpeg:  (default)
07-06 00:51:50.984 19922 20824 I mobile-ffmpeg: 
07-06 00:51:50.984 19922 20824 I mobile-ffmpeg:     Metadata:
07-06 00:51:50.984 19922 20824 I mobile-ffmpeg:       creation_time   : 
07-06 00:51:50.984 19922 20824 I mobile-ffmpeg: 2020-03-12T04:08:43.000000Z
07-06 00:51:50.984 19922 20824 I mobile-ffmpeg: 
07-06 00:51:50.984 19922 20824 I mobile-ffmpeg:       handler_name    : 
07-06 00:51:50.984 19922 20824 I mobile-ffmpeg: PittaSoft Video Media Handler
07-06 00:51:50.984 19922 20824 I mobile-ffmpeg: 
07-06 00:51:50.984 19922 20824 I mobile-ffmpeg:     Stream #0:1
07-06 00:51:50.984 19922 20824 I mobile-ffmpeg: (eng)
07-06 00:51:50.984 19922 20824 I mobile-ffmpeg: : Audio: aac (mp4a / 0x6134706D), 16000 Hz, stereo, fltp, 47 kb/s
07-06 00:51:50.984 19922 20824 I mobile-ffmpeg:  (default)
07-06 00:51:50.984 19922 20824 I mobile-ffmpeg: 
07-06 00:51:50.984 19922 20824 I mobile-ffmpeg:     Metadata:
07-06 00:51:50.984 19922 20824 I mobile-ffmpeg:       creation_time   : 
07-06 00:51:50.985 19922 20824 I mobile-ffmpeg: 2020-03-12T04:08:43.000000Z
07-06 00:51:50.985 19922 20824 I mobile-ffmpeg: 
07-06 00:51:50.985 19922 20824 I mobile-ffmpeg:       handler_name    : 
07-06 00:51:50.985 19922 20824 I mobile-ffmpeg: PittaSoft Sound Media Handler
07-06 00:51:50.985 19922 20824 I mobile-ffmpeg: 
07-06 00:51:50.999 19922 20803 V FileManager: External storage is readable
07-06 00:51:51.000 19922 20803 V FileManager: Created new directory: /storage/emulated/0/Movies/segment/20200312_150744
07-06 00:51:51.001 19922 20803 V FfmpegTools: Splitting /storage/emulated/0/Movies/raw/20200312_150744.mp4 with 16s long segments
07-06 00:51:51.001 19922 20803 I FfmpegTools: Running ffmpeg with:
07-06 00:51:51.001 19922 20803 I FfmpegTools:   -y -i /storage/emulated/0/Movies/raw/20200312_150744.mp4 -map 0 -c copy -f segment -reset_timestamps 1 -segment_time 16 /storage/emulated/0/Movies/segment/20200312_150744/20200312_150744!%03d.mp4
07-06 00:51:51.010 19922 20824 W mobile-ffmpeg: [mov,mp4,m4a,3gp,3g2,mj2 @ 0x78d1292600] Found duplicated MOOV Atom. Skipped it
07-06 00:51:51.043 19922 20824 I mobile-ffmpeg: Input #0, mov,mp4,m4a,3gp,3g2,mj2, from '/storage/emulated/0/Movies/raw/20200312_150744.mp4':
07-06 00:51:51.043 19922 20824 I mobile-ffmpeg:   Metadata:
07-06 00:51:51.043 19922 20824 I mobile-ffmpeg:     creation_time   : 
07-06 00:51:51.043 19922 20824 I mobile-ffmpeg: 2020-03-12T04:08:43.000000Z
07-06 00:51:51.043 19922 20824 I mobile-ffmpeg: 
07-06 00:51:51.043 19922 20824 I mobile-ffmpeg:     major_brand     : 
07-06 00:51:51.043 19922 20824 I mobile-ffmpeg: mp42
07-06 00:51:51.044 19922 20824 I mobile-ffmpeg: 
07-06 00:51:51.044 19922 20824 I mobile-ffmpeg:     minor_version   : 
07-06 00:51:51.044 19922 20824 I mobile-ffmpeg: 1
07-06 00:51:51.044 19922 20824 I mobile-ffmpeg: 
07-06 00:51:51.044 19922 20824 I mobile-ffmpeg:     compatible_brands: 
07-06 00:51:51.044 19922 20824 I mobile-ffmpeg: mp42mp42
07-06 00:51:51.044 19922 20824 I mobile-ffmpeg: 
07-06 00:51:51.044 19922 20824 I mobile-ffmpeg:   Duration: 
07-06 00:51:51.044 19922 20824 I mobile-ffmpeg: 00:01:00.02
07-06 00:51:51.044 19922 20824 I mobile-ffmpeg: , start: 
07-06 00:51:51.044 19922 20824 I mobile-ffmpeg: 0.000000
07-06 00:51:51.044 19922 20824 I mobile-ffmpeg: , bitrate: 
07-06 00:51:51.044 19922 20824 I mobile-ffmpeg: 9328 kb/s
07-06 00:51:51.044 19922 20824 I mobile-ffmpeg: 
07-06 00:51:51.044 19922 20824 I mobile-ffmpeg:     Stream #0:0
07-06 00:51:51.044 19922 20824 I mobile-ffmpeg: (eng)
07-06 00:51:51.044 19922 20824 I mobile-ffmpeg: : Video: h264 (avc1 / 0x31637661), yuvj420p(pc, bt709), 1280x720, 8381 kb/s
07-06 00:51:51.044 19922 20824 I mobile-ffmpeg: , 
07-06 00:51:51.044 19922 20824 I mobile-ffmpeg: 29.97 fps, 
07-06 00:51:51.045 19922 20824 I mobile-ffmpeg: 29.97 tbr, 
07-06 00:51:51.045 19922 20824 I mobile-ffmpeg: 1k tbn, 
07-06 00:51:51.045 19922 20824 I mobile-ffmpeg: 2k tbc
07-06 00:51:51.045 19922 20824 I mobile-ffmpeg:  (default)
07-06 00:51:51.045 19922 20824 I mobile-ffmpeg: 
07-06 00:51:51.045 19922 20824 I mobile-ffmpeg:     Metadata:
07-06 00:51:51.045 19922 20824 I mobile-ffmpeg:       creation_time   : 
07-06 00:51:51.045 19922 20824 I mobile-ffmpeg: 2020-03-12T04:08:43.000000Z
07-06 00:51:51.045 19922 20824 I mobile-ffmpeg: 
07-06 00:51:51.045 19922 20824 I mobile-ffmpeg:       handler_name    : 
07-06 00:51:51.045 19922 20824 I mobile-ffmpeg: PittaSoft Video Media Handler
07-06 00:51:51.045 19922 20824 I mobile-ffmpeg: 
07-06 00:51:51.045 19922 20824 I mobile-ffmpeg:     Stream #0:1
07-06 00:51:51.045 19922 20824 I mobile-ffmpeg: (eng)
07-06 00:51:51.045 19922 20824 I mobile-ffmpeg: : Audio: aac (mp4a / 0x6134706D), 16000 Hz, stereo, fltp, 47 kb/s
07-06 00:51:51.045 19922 20824 I mobile-ffmpeg:  (default)
07-06 00:51:51.045 19922 20824 I mobile-ffmpeg: 
07-06 00:51:51.045 19922 20824 I mobile-ffmpeg:     Metadata:
07-06 00:51:51.045 19922 20824 I mobile-ffmpeg:       creation_time   : 
07-06 00:51:51.045 19922 20824 I mobile-ffmpeg: 2020-03-12T04:08:43.000000Z
07-06 00:51:51.046 19922 20824 I mobile-ffmpeg: 
07-06 00:51:51.046 19922 20824 I mobile-ffmpeg:       handler_name    : 
07-06 00:51:51.046 19922 20824 I mobile-ffmpeg: PittaSoft Sound Media Handler
07-06 00:51:51.046 19922 20824 I mobile-ffmpeg: 
07-06 00:51:51.046 19922 20824 I mobile-ffmpeg: [segment @ 0x78d1293800] Opening '/storage/emulated/0/Movies/segment/20200312_150744/20200312_150744!000.mp4' for writing
07-06 00:51:51.046 19922 20824 I mobile-ffmpeg: Output #0, segment, to '/storage/emulated/0/Movies/segment/20200312_150744/20200312_150744!%03d.mp4':
07-06 00:51:51.046 19922 20824 I mobile-ffmpeg:   Metadata:
07-06 00:51:51.046 19922 20824 I mobile-ffmpeg:     compatible_brands: 
07-06 00:51:51.046 19922 20824 I mobile-ffmpeg: mp42mp42
07-06 00:51:51.046 19922 20824 I mobile-ffmpeg: 
07-06 00:51:51.046 19922 20824 I mobile-ffmpeg:     major_brand     : 
07-06 00:51:51.046 19922 20824 I mobile-ffmpeg: mp42
07-06 00:51:51.046 19922 20824 I mobile-ffmpeg: 
07-06 00:51:51.046 19922 20824 I mobile-ffmpeg:     minor_version   : 
07-06 00:51:51.046 19922 20824 I mobile-ffmpeg: 1
07-06 00:51:51.046 19922 20824 I mobile-ffmpeg: 
07-06 00:51:51.046 19922 20824 I mobile-ffmpeg:     encoder         : 
07-06 00:51:51.047 19922 20824 I mobile-ffmpeg: Lavf58.42.100
07-06 00:51:51.047 19922 20824 I mobile-ffmpeg: 
07-06 00:51:51.047 19922 20824 I mobile-ffmpeg:     Stream #0:0
07-06 00:51:51.047 19922 20824 I mobile-ffmpeg: (eng)
07-06 00:51:51.047 19922 20824 I mobile-ffmpeg: : Video: h264 (avc1 / 0x31637661), yuvj420p(pc, bt709), 1280x720, q=2-31, 8381 kb/s
07-06 00:51:51.047 19922 20824 I mobile-ffmpeg: , 
07-06 00:51:51.047 19922 20824 I mobile-ffmpeg: 29.97 fps, 
07-06 00:51:51.047 19922 20824 I mobile-ffmpeg: 29.97 tbr, 
07-06 00:51:51.047 19922 20824 I mobile-ffmpeg: 16k tbn, 
07-06 00:51:51.047 19922 20824 I mobile-ffmpeg: 1k tbc
07-06 00:51:51.047 19922 20824 I mobile-ffmpeg:  (default)
07-06 00:51:51.047 19922 20824 I mobile-ffmpeg: 
07-06 00:51:51.047 19922 20824 I mobile-ffmpeg:     Metadata:
07-06 00:51:51.047 19922 20824 I mobile-ffmpeg:       creation_time   : 
07-06 00:51:51.047 19922 20824 I mobile-ffmpeg: 2020-03-12T04:08:43.000000Z
07-06 00:51:51.047 19922 20824 I mobile-ffmpeg: 
07-06 00:51:51.047 19922 20824 I mobile-ffmpeg:       handler_name    : 
07-06 00:51:51.047 19922 20824 I mobile-ffmpeg: PittaSoft Video Media Handler
07-06 00:51:51.047 19922 20824 I mobile-ffmpeg: 
07-06 00:51:51.048 19922 20824 I mobile-ffmpeg:     Stream #0:1
07-06 00:51:51.048 19922 20824 I mobile-ffmpeg: (eng)
07-06 00:51:51.048 19922 20824 I mobile-ffmpeg: : Audio: aac (mp4a / 0x6134706D), 16000 Hz, stereo, fltp, 47 kb/s
07-06 00:51:51.048 19922 20824 I mobile-ffmpeg:  (default)
07-06 00:51:51.048 19922 20824 I mobile-ffmpeg: 
07-06 00:51:51.048 19922 20824 I mobile-ffmpeg:     Metadata:
07-06 00:51:51.048 19922 20824 I mobile-ffmpeg:       creation_time   : 
07-06 00:51:51.048 19922 20824 I mobile-ffmpeg: 2020-03-12T04:08:43.000000Z
07-06 00:51:51.048 19922 20824 I mobile-ffmpeg: 
07-06 00:51:51.048 19922 20824 I mobile-ffmpeg:       handler_name    : 
07-06 00:51:51.048 19922 20824 I mobile-ffmpeg: PittaSoft Sound Media Handler
07-06 00:51:51.048 19922 20824 I mobile-ffmpeg: 
07-06 00:51:51.048 19922 20824 I mobile-ffmpeg: Stream mapping:
07-06 00:51:51.048 19922 20824 I mobile-ffmpeg:   Stream #0:0 -> #0:0
07-06 00:51:51.048 19922 20824 I mobile-ffmpeg:  (copy)
07-06 00:51:51.048 19922 20824 I mobile-ffmpeg: 
07-06 00:51:51.048 19922 20824 I mobile-ffmpeg:   Stream #0:1 -> #0:1
07-06 00:51:51.048 19922 20824 I mobile-ffmpeg:  (copy)
07-06 00:51:51.049 19922 20824 I mobile-ffmpeg: 
07-06 00:51:51.049 19922 20824 I mobile-ffmpeg: Press [q] to stop, [?] for help
07-06 00:51:51.049 19922 20824 I mobile-ffmpeg: frame=    1 fps=0.0 q=-1.0 size=N/A time=00:00:00.00 bitrate=N/A speed=  63x    
07-06 00:51:51.121 19922 20824 I mobile-ffmpeg: [segment @ 0x78d1293800] Opening '/storage/emulated/0/Movies/segment/20200312_150744/20200312_150744!001.mp4' for writing
07-06 00:51:51.178 19922 20824 I mobile-ffmpeg: [segment @ 0x78d1293800] Opening '/storage/emulated/0/Movies/segment/20200312_150744/20200312_150744!002.mp4' for writing
07-06 00:51:51.230 19922 20824 I mobile-ffmpeg: [segment @ 0x78d1293800] Opening '/storage/emulated/0/Movies/segment/20200312_150744/20200312_150744!003.mp4' for writing
07-06 00:51:51.268 19922 20824 I mobile-ffmpeg: frame= 1800 fps=0.0 q=-1.0 Lsize=N/A time=00:01:00.03 bitrate=N/A speed= 270x    
07-06 00:51:51.268 19922 20824 I mobile-ffmpeg: video:61410kB audio:346kB subtitle:0kB other streams:0kB global headers:0kB muxing overhead: 
07-06 00:51:51.268 19922 20824 I mobile-ffmpeg: unknown
07-06 00:51:51.268 19922 20824 I mobile-ffmpeg: 
07-06 00:51:51.271 19922 20803 V FileManager: External storage is readable
07-06 00:51:51.272 19922 20803 V FileManager: Directory already exists: /storage/emulated/0/Movies/segment/20200312_150744
07-06 00:51:51.272 19922 20803 V VideoManager: Retrieving videos from /storage/emulated/0/Movies/segment/20200312_150744
07-06 00:51:51.272 19922 20803 V VideoManager: Retrieving video from /storage/emulated/0/Movies/segment/20200312_150744/20200312_150744!000.mp4
07-06 00:51:51.281 19922 20803 V VideoManager: videoFromCursor
07-06 00:51:51.284 19922 20803 V VideoManager: Retrieving video from /storage/emulated/0/Movies/segment/20200312_150744/20200312_150744!001.mp4
07-06 00:51:51.291 19922 20803 V VideoManager: videoFromCursor
07-06 00:51:51.294 19922 20803 V VideoManager: Retrieving video from /storage/emulated/0/Movies/segment/20200312_150744/20200312_150744!002.mp4
07-06 00:51:51.300 19922 20803 V VideoManager: videoFromCursor
07-06 00:51:51.303 19922 20803 V VideoManager: Retrieving video from /storage/emulated/0/Movies/segment/20200312_150744/20200312_150744!003.mp4
07-06 00:51:51.312 19922 20803 V VideoManager: videoFromCursor
07-06 00:51:51.314 19922 20803 V NearbyFragment: nextTransfer with selected algorithm: best
07-06 00:51:51.315 19922 20803 W NearbyFragment: Sending 20200312_150744!000.mp4 to Nexus 5X [34d8]
07-06 00:51:51.324 19922 19922 V NearbyFragment: Transfer to Endpoint{id=Qd2N, name=Nexus 5X [34d8]} complete
07-06 00:51:52.317 19922 20803 V DownloadTestVideosTask: Starting DownloadTestVideosTask
07-06 00:51:52.319 19922 20803 V DashDownloadManager: Started downloading: 20200312_150844.mp4
07-06 00:51:52.321 19922 20803 I System.out: (HTTPLog)-Static: isSBSettingEnabled false
07-06 00:51:52.321 19922 20803 I System.out: (HTTPLog)-Static: isSBSettingEnabled false
07-06 00:51:52.334 19922 20803 I System.out: (HTTPLog)-Thread-3246-7298836: getTransferStream : ContentLength=69990400, method=GET, HTTPVersion=http/1.1
07-06 00:51:54.255 19922 19922 V NearbyFragment: Transfer to Endpoint{id=Qd2N, name=Nexus 5X [34d8]} complete
07-06 00:51:54.746 19922 19922 D NearbyFragment: onPayloadReceived(endpointId=Qd2N, payload=com.google.android.gms.nearby.connection.Payload@bdbc3bd)
07-06 00:51:54.748 19922 19922 D NearbyFragment: Endpoint{id=Qd2N, name=Nexus 5X [34d8]} has finished downloading 20200312_150744!000.mp4
07-06 00:51:54.751 19922 19922 V NearbyFragment: nextTransfer with selected algorithm: best
07-06 00:51:54.755 19922 19922 W NearbyFragment: Sending 20200312_150744!001.mp4 to Nexus 5 [1825]
07-06 00:51:54.764 19922 19922 V NearbyFragment: Transfer to Endpoint{id=Qd2N, name=Nexus 5X [34d8]} complete
07-06 00:51:54.780 19922 19922 V NearbyFragment: Transfer to Endpoint{id=w2Lc, name=Nexus 5 [1825]} complete
07-06 00:51:58.244 19922 19922 D NearbyFragment: onPayloadReceived(endpointId=Qd2N, payload=com.google.android.gms.nearby.connection.Payload@6d5880)
07-06 00:51:58.247 19922 19922 D NearbyFragment: 20200312_150744!000.mp4 from Endpoint{id=Qd2N, name=Nexus 5X [34d8]} contained no activity
07-06 00:51:58.248 19922 19922 V NearbyFragment: Received a segment of 20200312_150744
07-06 00:51:58.250 19922 19922 V NearbyFragment: nextTransfer with selected algorithm: best
07-06 00:51:58.253 19922 19922 W NearbyFragment: Sending 20200312_150744!002.mp4 to Nexus 5X [34d8]
07-06 00:51:58.273 19922 19922 V NearbyFragment: Transfer to Endpoint{id=Qd2N, name=Nexus 5X [34d8]} complete
07-06 00:51:58.539 19922 19922 V NearbyFragment: Transfer to Endpoint{id=Qd2N, name=Nexus 5X [34d8]} complete
07-06 00:52:00.499 19922 19922 V NearbyFragment: Transfer to Endpoint{id=w2Lc, name=Nexus 5 [1825]} complete
07-06 00:52:00.964 19922 19922 D NearbyFragment: onPayloadReceived(endpointId=w2Lc, payload=com.google.android.gms.nearby.connection.Payload@7d1ba5f)
07-06 00:52:00.969 19922 19922 D NearbyFragment: Endpoint{id=w2Lc, name=Nexus 5 [1825]} has finished downloading 20200312_150744!001.mp4
07-06 00:52:00.970 19922 19922 V NearbyFragment: nextTransfer with selected algorithm: best
07-06 00:52:00.971 19922 19922 W NearbyFragment: Sending 20200312_150744!003.mp4 to Nexus 5X [9c8f]
07-06 00:52:00.990 19922 19922 V NearbyFragment: Transfer to Endpoint{id=weVh, name=Nexus 5X [9c8f]} complete
07-06 00:52:01.018 19922 19922 V NearbyFragment: Transfer to Endpoint{id=w2Lc, name=Nexus 5 [1825]} complete
07-06 00:52:04.314 19922 19922 V NearbyFragment: Transfer to Endpoint{id=Qd2N, name=Nexus 5X [34d8]} complete
07-06 00:52:04.803 19922 19922 D NearbyFragment: onPayloadReceived(endpointId=Qd2N, payload=com.google.android.gms.nearby.connection.Payload@38db10a)
07-06 00:52:04.805 19922 19922 D NearbyFragment: Endpoint{id=Qd2N, name=Nexus 5X [34d8]} has finished downloading 20200312_150744!002.mp4
07-06 00:52:04.806 19922 19922 I NearbyFragment: Transfer queue is empty
07-06 00:52:05.130 19922 19922 V NearbyFragment: Transfer to Endpoint{id=Qd2N, name=Nexus 5X [34d8]} complete
07-06 00:52:07.326 19922 19922 V NearbyFragment: Transfer to Endpoint{id=weVh, name=Nexus 5X [9c8f]} complete
07-06 00:52:07.365 19922 19922 D NearbyFragment: onPayloadReceived(endpointId=w2Lc, payload=com.google.android.gms.nearby.connection.Payload@7019d7b)
07-06 00:52:07.368 19922 19922 D NearbyFragment: 20200312_150744!001.mp4 from Endpoint{id=w2Lc, name=Nexus 5 [1825]} contained no activity
07-06 00:52:07.369 19922 19922 V NearbyFragment: Received a segment of 20200312_150744
07-06 00:52:07.370 19922 19922 I NearbyFragment: Transfer queue is empty
07-06 00:52:07.562 19922 19922 D NearbyFragment: onPayloadReceived(endpointId=weVh, payload=com.google.android.gms.nearby.connection.Payload@1cdb798)
07-06 00:52:07.564 19922 19922 D NearbyFragment: Endpoint{id=weVh, name=Nexus 5X [9c8f]} has finished downloading 20200312_150744!003.mp4
07-06 00:52:07.565 19922 19922 I NearbyFragment: Transfer queue is empty
07-06 00:52:07.609 19922 19922 V NearbyFragment: Transfer to Endpoint{id=weVh, name=Nexus 5X [9c8f]} complete
07-06 00:52:07.617 19922 19922 V NearbyFragment: Transfer to Endpoint{id=w2Lc, name=Nexus 5 [1825]} complete
07-06 00:52:08.510 19922 19922 D NearbyFragment: onPayloadReceived(endpointId=Qd2N, payload=com.google.android.gms.nearby.connection.Payload@a17abf1)
07-06 00:52:08.511 19922 19922 D NearbyFragment: 20200312_150744!002.mp4 from Endpoint{id=Qd2N, name=Nexus 5X [34d8]} contained no activity
07-06 00:52:08.512 19922 19922 V NearbyFragment: Received a segment of 20200312_150744
07-06 00:52:08.513 19922 19922 I NearbyFragment: Transfer queue is empty
07-06 00:52:08.515 19922 19922 V NearbyFragment: Transfer to Endpoint{id=Qd2N, name=Nexus 5X [34d8]} complete
07-06 00:52:17.360 19922 20803 V VideoManager: Retrieving video from /storage/emulated/0/Movies/raw/20200312_150844.mp4
07-06 00:52:17.370 19922 20803 D VideoManager: videoCursor is null
07-06 00:52:17.417 19922 20803 V VideoManager: videoFromCursor
07-06 00:52:17.420 19922 20803 W DashDownloadManager: Successfully downloaded 20200312_150844.mp4 in 25.040s
07-06 00:52:17.421 19922 20803 V DownloadTestVideosTask: Entering callback for download completion of 20200312_150844.mp4
07-06 00:52:17.421 19922 20803 V RawFootageEventHandler: onAdd
07-06 00:52:17.423 19922 20803 V FfmpegTools: Retrieving duration of /storage/emulated/0/Movies/raw/20200312_150844.mp4
07-06 00:52:17.430 19922 20824 W mobile-ffmpeg: [mov,mp4,m4a,3gp,3g2,mj2 @ 0x78d1292000] Found duplicated MOOV Atom. Skipped it
07-06 00:52:17.498 19922 20824 I mobile-ffmpeg: Input #0, mov,mp4,m4a,3gp,3g2,mj2, from '/storage/emulated/0/Movies/raw/20200312_150844.mp4':
07-06 00:52:17.498 19922 20824 I mobile-ffmpeg:   Metadata:
07-06 00:52:17.498 19922 20824 I mobile-ffmpeg:     creation_time   : 
07-06 00:52:17.498 19922 20824 I mobile-ffmpeg: 2020-03-12T04:09:43.000000Z
07-06 00:52:17.498 19922 20824 I mobile-ffmpeg: 
07-06 00:52:17.498 19922 20824 I mobile-ffmpeg:     major_brand     : 
07-06 00:52:17.498 19922 20824 I mobile-ffmpeg: mp42
07-06 00:52:17.498 19922 20824 I mobile-ffmpeg: 
07-06 00:52:17.498 19922 20824 I mobile-ffmpeg:     minor_version   : 
07-06 00:52:17.498 19922 20824 I mobile-ffmpeg: 1
07-06 00:52:17.499 19922 20824 I mobile-ffmpeg: 
07-06 00:52:17.499 19922 20824 I mobile-ffmpeg:     compatible_brands: 
07-06 00:52:17.499 19922 20824 I mobile-ffmpeg: mp42mp42
07-06 00:52:17.499 19922 20824 I mobile-ffmpeg: 
07-06 00:52:17.499 19922 20824 I mobile-ffmpeg:   Duration: 
07-06 00:52:17.499 19922 20824 I mobile-ffmpeg: 00:01:00.02
07-06 00:52:17.499 19922 20824 I mobile-ffmpeg: , start: 
07-06 00:52:17.499 19922 20824 I mobile-ffmpeg: 0.000000
07-06 00:52:17.499 19922 20824 I mobile-ffmpeg: , bitrate: 
07-06 00:52:17.499 19922 20824 I mobile-ffmpeg: 9328 kb/s
07-06 00:52:17.499 19922 20824 I mobile-ffmpeg: 
07-06 00:52:17.499 19922 20824 I mobile-ffmpeg:     Stream #0:0
07-06 00:52:17.499 19922 20824 I mobile-ffmpeg: (eng)
07-06 00:52:17.499 19922 20824 I mobile-ffmpeg: : Video: h264 (avc1 / 0x31637661), yuvj420p(pc, bt709), 1280x720, 8383 kb/s
07-06 00:52:17.499 19922 20824 I mobile-ffmpeg: , 
07-06 00:52:17.499 19922 20824 I mobile-ffmpeg: 29.97 fps, 
07-06 00:52:17.499 19922 20824 I mobile-ffmpeg: 29.97 tbr, 
07-06 00:52:17.499 19922 20824 I mobile-ffmpeg: 1k tbn, 
07-06 00:52:17.500 19922 20824 I mobile-ffmpeg: 2k tbc
07-06 00:52:17.500 19922 20824 I mobile-ffmpeg:  (default)
07-06 00:52:17.500 19922 20824 I mobile-ffmpeg: 
07-06 00:52:17.500 19922 20824 I mobile-ffmpeg:     Metadata:
07-06 00:52:17.500 19922 20824 I mobile-ffmpeg:       creation_time   : 
07-06 00:52:17.500 19922 20824 I mobile-ffmpeg: 2020-03-12T04:09:43.000000Z
07-06 00:52:17.500 19922 20824 I mobile-ffmpeg: 
07-06 00:52:17.500 19922 20824 I mobile-ffmpeg:       handler_name    : 
07-06 00:52:17.500 19922 20824 I mobile-ffmpeg: PittaSoft Video Media Handler
07-06 00:52:17.500 19922 20824 I mobile-ffmpeg: 
07-06 00:52:17.500 19922 20824 I mobile-ffmpeg:     Stream #0:1
07-06 00:52:17.500 19922 20824 I mobile-ffmpeg: (eng)
07-06 00:52:17.500 19922 20824 I mobile-ffmpeg: : Audio: aac (mp4a / 0x6134706D), 16000 Hz, stereo, fltp, 47 kb/s
07-06 00:52:17.500 19922 20824 I mobile-ffmpeg:  (default)
07-06 00:52:17.500 19922 20824 I mobile-ffmpeg: 
07-06 00:52:17.500 19922 20824 I mobile-ffmpeg:     Metadata:
07-06 00:52:17.501 19922 20824 I mobile-ffmpeg:       creation_time   : 
07-06 00:52:17.501 19922 20824 I mobile-ffmpeg: 2020-03-12T04:09:43.000000Z
07-06 00:52:17.501 19922 20824 I mobile-ffmpeg: 
07-06 00:52:17.501 19922 20824 I mobile-ffmpeg:       handler_name    : 
07-06 00:52:17.501 19922 20824 I mobile-ffmpeg: PittaSoft Sound Media Handler
07-06 00:52:17.501 19922 20824 I mobile-ffmpeg: 
07-06 00:52:17.517 19922 20803 V FileManager: External storage is readable
07-06 00:52:17.519 19922 20803 V FileManager: Created new directory: /storage/emulated/0/Movies/segment/20200312_150844
07-06 00:52:17.519 19922 20803 V FfmpegTools: Splitting /storage/emulated/0/Movies/raw/20200312_150844.mp4 with 16s long segments
07-06 00:52:17.520 19922 20803 I FfmpegTools: Running ffmpeg with:
07-06 00:52:17.520 19922 20803 I FfmpegTools:   -y -i /storage/emulated/0/Movies/raw/20200312_150844.mp4 -map 0 -c copy -f segment -reset_timestamps 1 -segment_time 16 /storage/emulated/0/Movies/segment/20200312_150844/20200312_150844!%03d.mp4
07-06 00:52:17.528 19922 20824 W mobile-ffmpeg: [mov,mp4,m4a,3gp,3g2,mj2 @ 0x78d1292000] Found duplicated MOOV Atom. Skipped it
07-06 00:52:17.578 19922 20824 I mobile-ffmpeg: Input #0, mov,mp4,m4a,3gp,3g2,mj2, from '/storage/emulated/0/Movies/raw/20200312_150844.mp4':
07-06 00:52:17.578 19922 20824 I mobile-ffmpeg:   Metadata:
07-06 00:52:17.578 19922 20824 I mobile-ffmpeg:     creation_time   : 
07-06 00:52:17.578 19922 20824 I mobile-ffmpeg: 2020-03-12T04:09:43.000000Z
07-06 00:52:17.578 19922 20824 I mobile-ffmpeg: 
07-06 00:52:17.578 19922 20824 I mobile-ffmpeg:     major_brand     : 
07-06 00:52:17.578 19922 20824 I mobile-ffmpeg: mp42
07-06 00:52:17.578 19922 20824 I mobile-ffmpeg: 
07-06 00:52:17.578 19922 20824 I mobile-ffmpeg:     minor_version   : 
07-06 00:52:17.578 19922 20824 I mobile-ffmpeg: 1
07-06 00:52:17.578 19922 20824 I mobile-ffmpeg: 
07-06 00:52:17.578 19922 20824 I mobile-ffmpeg:     compatible_brands: 
07-06 00:52:17.579 19922 20824 I mobile-ffmpeg: mp42mp42
07-06 00:52:17.579 19922 20824 I mobile-ffmpeg: 
07-06 00:52:17.579 19922 20824 I mobile-ffmpeg:   Duration: 
07-06 00:52:17.579 19922 20824 I mobile-ffmpeg: 00:01:00.02
07-06 00:52:17.579 19922 20824 I mobile-ffmpeg: , start: 
07-06 00:52:17.579 19922 20824 I mobile-ffmpeg: 0.000000
07-06 00:52:17.579 19922 20824 I mobile-ffmpeg: , bitrate: 
07-06 00:52:17.579 19922 20824 I mobile-ffmpeg: 9328 kb/s
07-06 00:52:17.579 19922 20824 I mobile-ffmpeg: 
07-06 00:52:17.579 19922 20824 I mobile-ffmpeg:     Stream #0:0
07-06 00:52:17.579 19922 20824 I mobile-ffmpeg: (eng)
07-06 00:52:17.579 19922 20824 I mobile-ffmpeg: : Video: h264 (avc1 / 0x31637661), yuvj420p(pc, bt709), 1280x720, 8383 kb/s
07-06 00:52:17.579 19922 20824 I mobile-ffmpeg: , 
07-06 00:52:17.579 19922 20824 I mobile-ffmpeg: 29.97 fps, 
07-06 00:52:17.579 19922 20824 I mobile-ffmpeg: 29.97 tbr, 
07-06 00:52:17.579 19922 20824 I mobile-ffmpeg: 1k tbn, 
07-06 00:52:17.579 19922 20824 I mobile-ffmpeg: 2k tbc
07-06 00:52:17.579 19922 20824 I mobile-ffmpeg:  (default)
07-06 00:52:17.579 19922 20824 I mobile-ffmpeg: 
07-06 00:52:17.579 19922 20824 I mobile-ffmpeg:     Metadata:
07-06 00:52:17.579 19922 20824 I mobile-ffmpeg:       creation_time   : 
07-06 00:52:17.580 19922 20824 I mobile-ffmpeg: 2020-03-12T04:09:43.000000Z
07-06 00:52:17.580 19922 20824 I mobile-ffmpeg: 
07-06 00:52:17.580 19922 20824 I mobile-ffmpeg:       handler_name    : 
07-06 00:52:17.580 19922 20824 I mobile-ffmpeg: PittaSoft Video Media Handler
07-06 00:52:17.580 19922 20824 I mobile-ffmpeg: 
07-06 00:52:17.580 19922 20824 I mobile-ffmpeg:     Stream #0:1
07-06 00:52:17.580 19922 20824 I mobile-ffmpeg: (eng)
07-06 00:52:17.580 19922 20824 I mobile-ffmpeg: : Audio: aac (mp4a / 0x6134706D), 16000 Hz, stereo, fltp, 47 kb/s
07-06 00:52:17.580 19922 20824 I mobile-ffmpeg:  (default)
07-06 00:52:17.580 19922 20824 I mobile-ffmpeg: 
07-06 00:52:17.580 19922 20824 I mobile-ffmpeg:     Metadata:
07-06 00:52:17.580 19922 20824 I mobile-ffmpeg:       creation_time   : 
07-06 00:52:17.580 19922 20824 I mobile-ffmpeg: 2020-03-12T04:09:43.000000Z
07-06 00:52:17.580 19922 20824 I mobile-ffmpeg: 
07-06 00:52:17.580 19922 20824 I mobile-ffmpeg:       handler_name    : 
07-06 00:52:17.580 19922 20824 I mobile-ffmpeg: PittaSoft Sound Media Handler
07-06 00:52:17.580 19922 20824 I mobile-ffmpeg: 
07-06 00:52:17.580 19922 20824 I mobile-ffmpeg: [segment @ 0x78d1293800] Opening '/storage/emulated/0/Movies/segment/20200312_150844/20200312_150844!000.mp4' for writing
07-06 00:52:17.580 19922 20824 I mobile-ffmpeg: Output #0, segment, to '/storage/emulated/0/Movies/segment/20200312_150844/20200312_150844!%03d.mp4':
07-06 00:52:17.581 19922 20824 I mobile-ffmpeg:   Metadata:
07-06 00:52:17.581 19922 20824 I mobile-ffmpeg:     compatible_brands: 
07-06 00:52:17.581 19922 20824 I mobile-ffmpeg: mp42mp42
07-06 00:52:17.581 19922 20824 I mobile-ffmpeg: 
07-06 00:52:17.581 19922 20824 I mobile-ffmpeg:     major_brand     : 
07-06 00:52:17.581 19922 20824 I mobile-ffmpeg: mp42
07-06 00:52:17.581 19922 20824 I mobile-ffmpeg: 
07-06 00:52:17.581 19922 20824 I mobile-ffmpeg:     minor_version   : 
07-06 00:52:17.581 19922 20824 I mobile-ffmpeg: 1
07-06 00:52:17.581 19922 20824 I mobile-ffmpeg: 
07-06 00:52:17.581 19922 20824 I mobile-ffmpeg:     encoder         : 
07-06 00:52:17.581 19922 20824 I mobile-ffmpeg: Lavf58.42.100
07-06 00:52:17.581 19922 20824 I mobile-ffmpeg: 
07-06 00:52:17.581 19922 20824 I mobile-ffmpeg:     Stream #0:0
07-06 00:52:17.581 19922 20824 I mobile-ffmpeg: (eng)
07-06 00:52:17.581 19922 20824 I mobile-ffmpeg: : Video: h264 (avc1 / 0x31637661), yuvj420p(pc, bt709), 1280x720, q=2-31, 8383 kb/s
07-06 00:52:17.581 19922 20824 I mobile-ffmpeg: , 
07-06 00:52:17.581 19922 20824 I mobile-ffmpeg: 29.97 fps, 
07-06 00:52:17.581 19922 20824 I mobile-ffmpeg: 29.97 tbr, 
07-06 00:52:17.582 19922 20824 I mobile-ffmpeg: 16k tbn, 
07-06 00:52:17.582 19922 20824 I mobile-ffmpeg: 1k tbc
07-06 00:52:17.582 19922 20824 I mobile-ffmpeg:  (default)
07-06 00:52:17.582 19922 20824 I mobile-ffmpeg: 
07-06 00:52:17.582 19922 20824 I mobile-ffmpeg:     Metadata:
07-06 00:52:17.582 19922 20824 I mobile-ffmpeg:       creation_time   : 
07-06 00:52:17.582 19922 20824 I mobile-ffmpeg: 2020-03-12T04:09:43.000000Z
07-06 00:52:17.582 19922 20824 I mobile-ffmpeg: 
07-06 00:52:17.582 19922 20824 I mobile-ffmpeg:       handler_name    : 
07-06 00:52:17.582 19922 20824 I mobile-ffmpeg: PittaSoft Video Media Handler
07-06 00:52:17.582 19922 20824 I mobile-ffmpeg: 
07-06 00:52:17.582 19922 20824 I mobile-ffmpeg:     Stream #0:1
07-06 00:52:17.582 19922 20824 I mobile-ffmpeg: (eng)
07-06 00:52:17.582 19922 20824 I mobile-ffmpeg: : Audio: aac (mp4a / 0x6134706D), 16000 Hz, stereo, fltp, 47 kb/s
07-06 00:52:17.582 19922 20824 I mobile-ffmpeg:  (default)
07-06 00:52:17.582 19922 20824 I mobile-ffmpeg: 
07-06 00:52:17.582 19922 20824 I mobile-ffmpeg:     Metadata:
07-06 00:52:17.582 19922 20824 I mobile-ffmpeg:       creation_time   : 
07-06 00:52:17.582 19922 20824 I mobile-ffmpeg: 2020-03-12T04:09:43.000000Z
07-06 00:52:17.582 19922 20824 I mobile-ffmpeg: 
07-06 00:52:17.582 19922 20824 I mobile-ffmpeg:       handler_name    : 
07-06 00:52:17.582 19922 20824 I mobile-ffmpeg: PittaSoft Sound Media Handler
07-06 00:52:17.583 19922 20824 I mobile-ffmpeg: 
07-06 00:52:17.583 19922 20824 I mobile-ffmpeg: Stream mapping:
07-06 00:52:17.583 19922 20824 I mobile-ffmpeg:   Stream #0:0 -> #0:0
07-06 00:52:17.583 19922 20824 I mobile-ffmpeg:  (copy)
07-06 00:52:17.583 19922 20824 I mobile-ffmpeg: 
07-06 00:52:17.583 19922 20824 I mobile-ffmpeg:   Stream #0:1 -> #0:1
07-06 00:52:17.583 19922 20824 I mobile-ffmpeg:  (copy)
07-06 00:52:17.583 19922 20824 I mobile-ffmpeg: 
07-06 00:52:17.583 19922 20824 I mobile-ffmpeg: Press [q] to stop, [?] for help
07-06 00:52:17.583 19922 20824 I mobile-ffmpeg: frame=    1 fps=0.0 q=-1.0 size=N/A time=00:00:00.00 bitrate=N/A speed=31.5x    
07-06 00:52:17.650 19922 20824 I mobile-ffmpeg: [segment @ 0x78d1293800] Opening '/storage/emulated/0/Movies/segment/20200312_150844/20200312_150844!001.mp4' for writing
07-06 00:52:17.704 19922 20824 I mobile-ffmpeg: [segment @ 0x78d1293800] Opening '/storage/emulated/0/Movies/segment/20200312_150844/20200312_150844!002.mp4' for writing
07-06 00:52:17.756 19922 20824 I mobile-ffmpeg: [segment @ 0x78d1293800] Opening '/storage/emulated/0/Movies/segment/20200312_150844/20200312_150844!003.mp4' for writing
07-06 00:52:17.795 19922 20824 I mobile-ffmpeg: frame= 1800 fps=0.0 q=-1.0 Lsize=N/A time=00:01:00.01 bitrate=N/A speed= 279x    
07-06 00:52:17.795 19922 20824 I mobile-ffmpeg: video:61424kB audio:345kB subtitle:0kB other streams:0kB global headers:0kB muxing overhead: 
07-06 00:52:17.795 19922 20824 I mobile-ffmpeg: unknown
07-06 00:52:17.795 19922 20824 I mobile-ffmpeg: 
07-06 00:52:17.799 19922 20803 V FileManager: External storage is readable
07-06 00:52:17.799 19922 20803 V FileManager: Directory already exists: /storage/emulated/0/Movies/segment/20200312_150844
07-06 00:52:17.799 19922 20803 V VideoManager: Retrieving videos from /storage/emulated/0/Movies/segment/20200312_150844
07-06 00:52:17.800 19922 20803 V VideoManager: Retrieving video from /storage/emulated/0/Movies/segment/20200312_150844/20200312_150844!000.mp4
07-06 00:52:17.814 19922 20803 V VideoManager: videoFromCursor
07-06 00:52:17.816 19922 20803 V VideoManager: Retrieving video from /storage/emulated/0/Movies/segment/20200312_150844/20200312_150844!001.mp4
07-06 00:52:17.824 19922 20803 V VideoManager: videoFromCursor
07-06 00:52:17.827 19922 20803 V VideoManager: Retrieving video from /storage/emulated/0/Movies/segment/20200312_150844/20200312_150844!002.mp4
07-06 00:52:17.834 19922 20803 V VideoManager: videoFromCursor
07-06 00:52:17.836 19922 20803 V VideoManager: Retrieving video from /storage/emulated/0/Movies/segment/20200312_150844/20200312_150844!003.mp4
07-06 00:52:17.842 19922 20803 V VideoManager: videoFromCursor
07-06 00:52:17.844 19922 20803 V NearbyFragment: nextTransfer with selected algorithm: best
07-06 00:52:17.845 19922 20803 W NearbyFragment: Sending 20200312_150844!000.mp4 to Nexus 5X [34d8]
07-06 00:52:17.863 19922 19922 V NearbyFragment: Transfer to Endpoint{id=Qd2N, name=Nexus 5X [34d8]} complete
07-06 00:52:18.849 19922 20803 V DownloadTestVideosTask: Starting DownloadTestVideosTask
07-06 00:52:18.851 19922 20803 V DashDownloadManager: Started downloading: 20200312_150944.mp4
07-06 00:52:18.855 19922 20803 I System.out: (HTTPLog)-Static: isSBSettingEnabled false
07-06 00:52:18.855 19922 20803 I System.out: (HTTPLog)-Static: isSBSettingEnabled false
07-06 00:52:18.895 19922 20803 I System.out: (HTTPLog)-Thread-3246-99227181: getTransferStream : ContentLength=69990400, method=GET, HTTPVersion=http/1.1
07-06 00:52:20.182 19922 19922 V NearbyFragment: Transfer to Endpoint{id=Qd2N, name=Nexus 5X [34d8]} complete
07-06 00:52:20.334 19922 19922 D NearbyFragment: onPayloadReceived(endpointId=Qd2N, payload=com.google.android.gms.nearby.connection.Payload@b3b5762)
07-06 00:52:20.336 19922 19922 D NearbyFragment: Endpoint{id=Qd2N, name=Nexus 5X [34d8]} has finished downloading 20200312_150844!000.mp4
07-06 00:52:20.340 19922 19922 V NearbyFragment: nextTransfer with selected algorithm: best
07-06 00:52:20.344 19922 19922 W NearbyFragment: Sending 20200312_150844!001.mp4 to Nexus 5 [1825]
07-06 00:52:20.352 19922 19922 V NearbyFragment: Transfer to Endpoint{id=Qd2N, name=Nexus 5X [34d8]} complete
07-06 00:52:20.360 19922 19922 V NearbyFragment: Transfer to Endpoint{id=w2Lc, name=Nexus 5 [1825]} complete
07-06 00:52:21.401 19922 19922 D NearbyFragment: onPayloadReceived(endpointId=weVh, payload=com.google.android.gms.nearby.connection.Payload@6fee829)
07-06 00:52:21.405 19922 19922 V NearbyFragment: Started downloading 20200312_150744!003.mp4 from Endpoint{id=weVh, name=Nexus 5X [9c8f]}
07-06 00:52:21.410 19922 19922 V NearbyFragment: nextTransfer with selected algorithm: best
07-06 00:52:21.417 19922 19922 W NearbyFragment: Sending 20200312_150844!002.mp4 to Nexus 5X [9c8f]
07-06 00:52:21.437 19922 19922 V NearbyFragment: Transfer to Endpoint{id=weVh, name=Nexus 5X [9c8f]} complete
07-06 00:52:21.444 19922 19922 V NearbyFragment: Transfer to Endpoint{id=weVh, name=Nexus 5X [9c8f]} complete
07-06 00:52:21.827 19922 19922 D NearbyFragment: onPayloadReceived(endpointId=weVh, payload=com.google.android.gms.nearby.connection.Payload@7c168dc)
07-06 00:52:24.184 19922 19922 V NearbyFragment: Transfer to Endpoint{id=weVh, name=Nexus 5X [9c8f]} complete
07-06 00:52:24.186 19922 19922 W NearbyFragment: Completed downloading 20200312_150744!003.mp4 from Endpoint{id=weVh, name=Nexus 5X [9c8f]} in 02.779s
07-06 00:52:24.195 19922 19922 V FileManager: External storage is readable
07-06 00:52:24.199 19922 19922 V FileManager: Created new directory: /storage/emulated/0/Movies/segment-sum/20200312_150744
07-06 00:52:24.267 19922 19922 D NearbyFragment: Received all summarised video segments of 20200312_150744
07-06 00:52:24.272 19922 19922 V FileManager: External storage is readable
07-06 00:52:24.273 19922 19922 V FileManager: Directory already exists: /storage/emulated/0/Movies/segment-sum/20200312_150744
07-06 00:52:24.274 19922 19922 D FfmpegTools: Merging /storage/emulated/0/Movies/summarised/20200312_150744.mp4
07-06 00:52:24.274 19922 19922 V FfmpegTools: Retrieving duration of /storage/emulated/0/Movies/segment-sum/20200312_150744/20200312_150744!003.mp4
07-06 00:52:24.307 19922 20824 I mobile-ffmpeg: Input #0, mov,mp4,m4a,3gp,3g2,mj2, from '/storage/emulated/0/Movies/segment-sum/20200312_150744/20200312_150744!003.mp4':
07-06 00:52:24.307 19922 20824 I mobile-ffmpeg:   Metadata:
07-06 00:52:24.307 19922 20824 I mobile-ffmpeg:     major_brand     : 
07-06 00:52:24.311 19922 20824 I mobile-ffmpeg: isom
07-06 00:52:24.311 19922 20824 I mobile-ffmpeg: 
07-06 00:52:24.312 19922 20824 I mobile-ffmpeg:     minor_version   : 
07-06 00:52:24.312 19922 20824 I mobile-ffmpeg: 512
07-06 00:52:24.312 19922 20824 I mobile-ffmpeg: 
07-06 00:52:24.312 19922 20824 I mobile-ffmpeg:     compatible_brands: 
07-06 00:52:24.313 19922 20824 I mobile-ffmpeg: isomiso2avc1mp41
07-06 00:52:24.313 19922 20824 I mobile-ffmpeg: 
07-06 00:52:24.313 19922 20824 I mobile-ffmpeg:     encoder         : 
07-06 00:52:24.313 19922 20824 I mobile-ffmpeg: Lavf58.42.100
07-06 00:52:24.314 19922 20824 I mobile-ffmpeg: 
07-06 00:52:24.314 19922 20824 I mobile-ffmpeg:   Duration: 
07-06 00:52:24.314 19922 20824 I mobile-ffmpeg: 00:00:04.89
07-06 00:52:24.315 19922 20824 I mobile-ffmpeg: , start: 
07-06 00:52:24.315 19922 20824 I mobile-ffmpeg: 0.000000
07-06 00:52:24.315 19922 20824 I mobile-ffmpeg: , bitrate: 
07-06 00:52:24.315 19922 20824 I mobile-ffmpeg: 1421 kb/s
07-06 00:52:24.315 19922 20824 I mobile-ffmpeg: 
07-06 00:52:24.316 19922 20824 I mobile-ffmpeg:     Stream #0:0
07-06 00:52:24.316 19922 20824 I mobile-ffmpeg: (und)
07-06 00:52:24.316 19922 20824 I mobile-ffmpeg: : Video: h264 (avc1 / 0x31637661), yuvj420p(pc), 1280x720, 1361 kb/s
07-06 00:52:24.316 19922 20824 I mobile-ffmpeg: , 
07-06 00:52:24.317 19922 20824 I mobile-ffmpeg: 29.97 fps, 
07-06 00:52:24.317 19922 20824 I mobile-ffmpeg: 29.97 tbr, 
07-06 00:52:24.317 19922 20824 I mobile-ffmpeg: 30k tbn, 
07-06 00:52:24.317 19922 20824 I mobile-ffmpeg: 59.94 tbc
07-06 00:52:24.318 19922 20824 I mobile-ffmpeg:  (default)
07-06 00:52:24.318 19922 20824 I mobile-ffmpeg: 
07-06 00:52:24.318 19922 20824 I mobile-ffmpeg:     Metadata:
07-06 00:52:24.318 19922 20824 I mobile-ffmpeg:       handler_name    : 
07-06 00:52:24.319 19922 20824 I mobile-ffmpeg: VideoHandler
07-06 00:52:24.319 19922 20824 I mobile-ffmpeg: 
07-06 00:52:24.319 19922 20824 I mobile-ffmpeg:     Stream #0:1
07-06 00:52:24.319 19922 20824 I mobile-ffmpeg: (und)
07-06 00:52:24.320 19922 20824 I mobile-ffmpeg: : Audio: aac (mp4a / 0x6134706D), 16000 Hz, stereo, fltp, 78 kb/s
07-06 00:52:24.320 19922 20824 I mobile-ffmpeg:  (default)
07-06 00:52:24.320 19922 20824 I mobile-ffmpeg: 
07-06 00:52:24.320 19922 20824 I mobile-ffmpeg:     Metadata:
07-06 00:52:24.320 19922 20824 I mobile-ffmpeg:       handler_name    : 
07-06 00:52:24.321 19922 20824 I mobile-ffmpeg: SoundHandler
07-06 00:52:24.321 19922 20824 I mobile-ffmpeg: 
07-06 00:52:24.321 19922 19922 W FfmpegTools: Single segment returned, duration of 20200312_150744: 4.89
07-06 00:52:24.406 19922 19922 V VideoManager: Retrieving video from /storage/emulated/0/Movies/summarised/20200312_150744.mp4
07-06 00:52:24.416 19922 19922 V VideoManager: videoFromCursor
07-06 00:52:24.419 19922 19922 V SummarisedVideosEventHandler: onAdd
07-06 00:52:24.420 19922 19922 V RawFootageEventHandler: removeByName
07-06 00:52:24.420 19922 19922 V ProcessingVideosEventHandler: removeByName
07-06 00:52:24.421 19922 19922 V NearbyFragment: Removing video segment map for 20200312_150744
07-06 00:52:24.776 19922 19922 D NearbyFragment: onPayloadReceived(endpointId=Qd2N, payload=com.google.android.gms.nearby.connection.Payload@fa43fd4)
07-06 00:52:24.777 19922 19922 V NearbyFragment: Started downloading 20200312_150844!000.mp4 from Endpoint{id=Qd2N, name=Nexus 5X [34d8]}
07-06 00:52:24.777 19922 19922 V NearbyFragment: nextTransfer with selected algorithm: best
07-06 00:52:24.779 19922 19922 W NearbyFragment: Sending 20200312_150844!003.mp4 to Nexus 5X [34d8]
07-06 00:52:24.781 19922 19922 V NearbyFragment: Transfer to Endpoint{id=Qd2N, name=Nexus 5X [34d8]} complete
07-06 00:52:24.781 19922 19922 D NearbyFragment: onPayloadReceived(endpointId=Qd2N, payload=com.google.android.gms.nearby.connection.Payload@f88f8c3)
07-06 00:52:24.798 19922 19922 V NearbyFragment: Transfer to Endpoint{id=Qd2N, name=Nexus 5X [34d8]} complete
07-06 00:52:25.798 19922 19922 V NearbyFragment: Transfer to Endpoint{id=w2Lc, name=Nexus 5 [1825]} complete
07-06 00:52:25.979 19922 19922 D NearbyFragment: onPayloadReceived(endpointId=w2Lc, payload=com.google.android.gms.nearby.connection.Payload@785e1f)
07-06 00:52:25.979 19922 19922 D NearbyFragment: Endpoint{id=w2Lc, name=Nexus 5 [1825]} has finished downloading 20200312_150844!001.mp4
07-06 00:52:25.980 19922 19922 I NearbyFragment: Transfer queue is empty
07-06 00:52:26.047 19922 19922 V NearbyFragment: Transfer to Endpoint{id=w2Lc, name=Nexus 5 [1825]} complete
07-06 00:52:30.141 19922 19922 V NearbyFragment: Transfer to Endpoint{id=weVh, name=Nexus 5X [9c8f]} complete
07-06 00:52:30.629 19922 19922 D NearbyFragment: onPayloadReceived(endpointId=weVh, payload=com.google.android.gms.nearby.connection.Payload@ae7b56c)
07-06 00:52:30.630 19922 19922 D NearbyFragment: Endpoint{id=weVh, name=Nexus 5X [9c8f]} has finished downloading 20200312_150844!002.mp4
07-06 00:52:30.632 19922 19922 I NearbyFragment: Transfer queue is empty
07-06 00:52:30.704 19922 19922 V NearbyFragment: Transfer to Endpoint{id=weVh, name=Nexus 5X [9c8f]} complete
07-06 00:52:33.202 19922 19922 V NearbyFragment: Transfer to Endpoint{id=Qd2N, name=Nexus 5X [34d8]} complete
07-06 00:52:33.395 19922 19922 D NearbyFragment: onPayloadReceived(endpointId=w2Lc, payload=com.google.android.gms.nearby.connection.Payload@b775735)
07-06 00:52:33.397 19922 19922 V NearbyFragment: Started downloading 20200312_150844!001.mp4 from Endpoint{id=w2Lc, name=Nexus 5 [1825]}
07-06 00:52:33.398 19922 19922 I NearbyFragment: Transfer queue is empty
07-06 00:52:33.417 19922 19922 V NearbyFragment: Transfer to Endpoint{id=w2Lc, name=Nexus 5 [1825]} complete
07-06 00:52:33.468 19922 19922 D NearbyFragment: onPayloadReceived(endpointId=w2Lc, payload=com.google.android.gms.nearby.connection.Payload@66077ca)
07-06 00:52:34.686 19922 19922 D NearbyFragment: onPayloadReceived(endpointId=Qd2N, payload=com.google.android.gms.nearby.connection.Payload@bcebd3b)
07-06 00:52:34.688 19922 19922 D NearbyFragment: Endpoint{id=Qd2N, name=Nexus 5X [34d8]} has finished downloading 20200312_150844!003.mp4
07-06 00:52:34.689 19922 19922 I NearbyFragment: Transfer queue is empty
07-06 00:52:34.691 19922 19922 V NearbyFragment: Transfer to Endpoint{id=Qd2N, name=Nexus 5X [34d8]} complete
07-06 00:52:34.968 19922 19922 D NearbyFragment: onPayloadReceived(endpointId=weVh, payload=com.google.android.gms.nearby.connection.Payload@b50bc58)
07-06 00:52:34.969 19922 19922 V NearbyFragment: Started downloading 20200312_150844!002.mp4 from Endpoint{id=weVh, name=Nexus 5X [9c8f]}
07-06 00:52:34.969 19922 19922 I NearbyFragment: Transfer queue is empty
07-06 00:52:34.970 19922 19922 V NearbyFragment: Transfer to Endpoint{id=weVh, name=Nexus 5X [9c8f]} complete
07-06 00:52:35.085 19922 19922 D NearbyFragment: onPayloadReceived(endpointId=weVh, payload=com.google.android.gms.nearby.connection.Payload@ed331b1)
07-06 00:52:38.558 19922 19922 V NearbyFragment: Transfer to Endpoint{id=Qd2N, name=Nexus 5X [34d8]} complete
07-06 00:52:38.560 19922 19922 W NearbyFragment: Completed downloading 20200312_150844!000.mp4 from Endpoint{id=Qd2N, name=Nexus 5X [34d8]} in 13.782s
07-06 00:52:38.570 19922 19922 V FileManager: External storage is readable
07-06 00:52:38.573 19922 19922 V FileManager: Created new directory: /storage/emulated/0/Movies/segment-sum/20200312_150844
07-06 00:52:39.206 19922 19922 V NearbyFragment: Received a segment of 20200312_150844
07-06 00:52:39.206 19922 19922 D NearbyFragment: onPayloadReceived(endpointId=Qd2N, payload=com.google.android.gms.nearby.connection.Payload@8f64696)
07-06 00:52:39.206 19922 19922 V NearbyFragment: Started downloading 20200312_150844!003.mp4 from Endpoint{id=Qd2N, name=Nexus 5X [34d8]}
07-06 00:52:39.207 19922 19922 I NearbyFragment: Transfer queue is empty
07-06 00:52:39.207 19922 19922 V NearbyFragment: Transfer to Endpoint{id=Qd2N, name=Nexus 5X [34d8]} complete
07-06 00:52:39.207 19922 19922 D NearbyFragment: onPayloadReceived(endpointId=Qd2N, payload=com.google.android.gms.nearby.connection.Payload@861f217)
07-06 00:52:40.745 19922 19922 V NearbyFragment: Transfer to Endpoint{id=weVh, name=Nexus 5X [9c8f]} complete
07-06 00:52:40.747 19922 19922 W NearbyFragment: Completed downloading 20200312_150844!002.mp4 from Endpoint{id=weVh, name=Nexus 5X [9c8f]} in 05.777s
07-06 00:52:40.753 19922 19922 V FileManager: External storage is readable
07-06 00:52:40.754 19922 19922 V FileManager: Directory already exists: /storage/emulated/0/Movies/segment-sum/20200312_150844
07-06 00:52:41.259 19922 19922 V NearbyFragment: Received a segment of 20200312_150844
07-06 00:52:43.762 19922 19922 V NearbyFragment: Transfer to Endpoint{id=Qd2N, name=Nexus 5X [34d8]} complete
07-06 00:52:43.763 19922 19922 W NearbyFragment: Completed downloading 20200312_150844!003.mp4 from Endpoint{id=Qd2N, name=Nexus 5X [34d8]} in 04.555s
07-06 00:52:43.772 19922 19922 V FileManager: External storage is readable
07-06 00:52:43.773 19922 19922 V FileManager: Directory already exists: /storage/emulated/0/Movies/segment-sum/20200312_150844
07-06 00:52:44.204 19922 19922 V NearbyFragment: Received a segment of 20200312_150844
07-06 00:52:48.324 19922 19922 V NearbyFragment: Transfer to Endpoint{id=w2Lc, name=Nexus 5 [1825]} complete
07-06 00:52:48.327 19922 19922 W NearbyFragment: Completed downloading 20200312_150844!001.mp4 from Endpoint{id=w2Lc, name=Nexus 5 [1825]} in 14.928s
07-06 00:52:48.338 19922 19922 V FileManager: External storage is readable
07-06 00:52:48.339 19922 19922 V FileManager: Directory already exists: /storage/emulated/0/Movies/segment-sum/20200312_150844
07-06 00:52:48.854 19922 19922 D NearbyFragment: Received all summarised video segments of 20200312_150844
07-06 00:52:48.858 19922 19922 V FileManager: External storage is readable
07-06 00:52:48.859 19922 19922 V FileManager: Directory already exists: /storage/emulated/0/Movies/segment-sum/20200312_150844
07-06 00:52:48.859 19922 19922 D FfmpegTools: Merging /storage/emulated/0/Movies/summarised/20200312_150844.mp4
07-06 00:52:48.863 19922 19922 V FileManager: External storage is readable
07-06 00:52:48.864 19922 19922 V FileManager: Directory already exists: /storage/emulated/0/Movies/segment/20200312_150844
07-06 00:52:48.865 19922 19922 I FfmpegTools: Running ffmpeg with:
07-06 00:52:48.865 19922 19922 I FfmpegTools:   -y -f concat -safe 0 -i /storage/emulated/0/Movies/segment/20200312_150844/paths.txt -c copy /storage/emulated/0/Movies/summarised/20200312_150844.mp4
07-06 00:52:48.889 19922 20824 I mobile-ffmpeg: [mov,mp4,m4a,3gp,3g2,mj2 @ 0x78d679ce00] Auto-inserting h264_mp4toannexb bitstream filter
07-06 00:52:48.916 19922 20824 I mobile-ffmpeg: Input #0, concat, from '/storage/emulated/0/Movies/segment/20200312_150844/paths.txt':
07-06 00:52:48.916 19922 20824 I mobile-ffmpeg:   Duration: 
07-06 00:52:48.917 19922 20824 I mobile-ffmpeg: N/A
07-06 00:52:48.917 19922 20824 I mobile-ffmpeg: , start: 
07-06 00:52:48.917 19922 20824 I mobile-ffmpeg: 0.000000
07-06 00:52:48.918 19922 20824 I mobile-ffmpeg: , bitrate: 
07-06 00:52:48.918 19922 20824 I mobile-ffmpeg: 8413 kb/s
07-06 00:52:48.918 19922 20824 I mobile-ffmpeg: 
07-06 00:52:48.919 19922 20824 I mobile-ffmpeg:     Stream #0:0
07-06 00:52:48.919 19922 20824 I mobile-ffmpeg: (eng)
07-06 00:52:48.919 19922 20824 I mobile-ffmpeg: : Video: h264 (avc1 / 0x31637661), yuvj420p(pc, bt709), 1280x720, 8366 kb/s
07-06 00:52:48.920 19922 20824 I mobile-ffmpeg: , 
07-06 00:52:48.920 19922 20824 I mobile-ffmpeg: 29.97 fps, 
07-06 00:52:48.920 19922 20824 I mobile-ffmpeg: 29.97 tbr, 
07-06 00:52:48.922 19922 20824 I mobile-ffmpeg: 16k tbn, 
07-06 00:52:48.922 19922 20824 I mobile-ffmpeg: 32k tbc
07-06 00:52:48.922 19922 20824 I mobile-ffmpeg: 
07-06 00:52:48.923 19922 20824 I mobile-ffmpeg:     Metadata:
07-06 00:52:48.923 19922 20824 I mobile-ffmpeg:       handler_name    : 
07-06 00:52:48.923 19922 20824 I mobile-ffmpeg: PittaSoft Video Media Handler
07-06 00:52:48.923 19922 20824 I mobile-ffmpeg: 
07-06 00:52:48.923 19922 20824 I mobile-ffmpeg:     Stream #0:1
07-06 00:52:48.924 19922 20824 I mobile-ffmpeg: (eng)
07-06 00:52:48.924 19922 20824 I mobile-ffmpeg: : Audio: aac (mp4a / 0x6134706D), 16000 Hz, stereo, fltp, 47 kb/s
07-06 00:52:48.924 19922 20824 I mobile-ffmpeg: 
07-06 00:52:48.924 19922 20824 I mobile-ffmpeg:     Metadata:
07-06 00:52:48.925 19922 20824 I mobile-ffmpeg:       handler_name    : 
07-06 00:52:48.925 19922 20824 I mobile-ffmpeg: PittaSoft Sound Media Handler
07-06 00:52:48.925 19922 20824 I mobile-ffmpeg: 
07-06 00:52:48.925 19922 20824 I mobile-ffmpeg: Output #0, mp4, to '/storage/emulated/0/Movies/summarised/20200312_150844.mp4':
07-06 00:52:48.925 19922 20824 I mobile-ffmpeg:   Metadata:
07-06 00:52:48.926 19922 20824 I mobile-ffmpeg:     encoder         : 
07-06 00:52:48.926 19922 20824 I mobile-ffmpeg: Lavf58.42.100
07-06 00:52:48.926 19922 20824 I mobile-ffmpeg: 
07-06 00:52:48.926 19922 20824 I mobile-ffmpeg:     Stream #0:0
07-06 00:52:48.927 19922 20824 I mobile-ffmpeg: (eng)
07-06 00:52:48.927 19922 20824 I mobile-ffmpeg: : Video: h264 (avc1 / 0x31637661), yuvj420p(pc, bt709), 1280x720, q=2-31, 8366 kb/s
07-06 00:52:48.927 19922 20824 I mobile-ffmpeg: , 
07-06 00:52:48.927 19922 20824 I mobile-ffmpeg: 29.97 fps, 
07-06 00:52:48.927 19922 20824 I mobile-ffmpeg: 29.97 tbr, 
07-06 00:52:48.928 19922 20824 I mobile-ffmpeg: 16k tbn, 
07-06 00:52:48.928 19922 20824 I mobile-ffmpeg: 16k tbc
07-06 00:52:48.928 19922 20824 I mobile-ffmpeg: 
07-06 00:52:48.928 19922 20824 I mobile-ffmpeg:     Metadata:
07-06 00:52:48.929 19922 20824 I mobile-ffmpeg:       handler_name    : 
07-06 00:52:48.929 19922 20824 I mobile-ffmpeg: PittaSoft Video Media Handler
07-06 00:52:48.929 19922 20824 I mobile-ffmpeg: 
07-06 00:52:48.929 19922 20824 I mobile-ffmpeg:     Stream #0:1
07-06 00:52:48.930 19922 20824 I mobile-ffmpeg: (eng)
07-06 00:52:48.930 19922 20824 I mobile-ffmpeg: : Audio: aac (mp4a / 0x6134706D), 16000 Hz, stereo, fltp, 47 kb/s
07-06 00:52:48.930 19922 20824 I mobile-ffmpeg: 
07-06 00:52:48.930 19922 20824 I mobile-ffmpeg:     Metadata:
07-06 00:52:48.930 19922 20824 I mobile-ffmpeg:       handler_name    : 
07-06 00:52:48.930 19922 20824 I mobile-ffmpeg: PittaSoft Sound Media Handler
07-06 00:52:48.930 19922 20824 I mobile-ffmpeg: 
07-06 00:52:48.931 19922 20824 I mobile-ffmpeg: Stream mapping:
07-06 00:52:48.931 19922 20824 I mobile-ffmpeg:   Stream #0:0 -> #0:0
07-06 00:52:48.931 19922 20824 I mobile-ffmpeg:  (copy)
07-06 00:52:48.932 19922 20824 I mobile-ffmpeg: 
07-06 00:52:48.932 19922 20824 I mobile-ffmpeg:   Stream #0:1 -> #0:1
07-06 00:52:48.932 19922 20824 I mobile-ffmpeg:  (copy)
07-06 00:52:48.932 19922 20824 I mobile-ffmpeg: 
07-06 00:52:48.932 19922 20824 I mobile-ffmpeg: Press [q] to stop, [?] for help
07-06 00:52:48.933 19922 20824 I mobile-ffmpeg: frame=    1 fps=0.0 q=-1.0 size=       0kB time=00:00:00.00 bitrate=6095.2kbits/s speed=  63x    
07-06 00:52:49.035 19922 20824 I mobile-ffmpeg: [mov,mp4,m4a,3gp,3g2,mj2 @ 0x78d679ce00] Auto-inserting h264_mp4toannexb bitstream filter
07-06 00:52:49.156 19922 20824 I chatty  : uid=10568(com.example.edgesum) Thread-7 identical 1 line
