--------- beginning of main
--------- beginning of system
06-28 20:55:07.695  8142  8142 W LogFactory: Truncating log tag length as it exceed 23, the limit imposed by Android on certain API Levels
06-28 20:55:12.550  8142  8142 E TransferService: No notification is passed in the intent. Unable to transition to foreground.
06-28 20:55:12.683  8142  8142 W StaticLayout: maxLineHeight should not be -1.  maxLines:1 lineCount:1
06-28 20:55:12.719  8142  8142 W StaticLayout: maxLineHeight should not be -1.  maxLines:1 lineCount:1
06-28 20:55:12.756  8142  8174 W Adreno-EGL: <qeglDrvAPI_eglGetConfigAttrib:607>: EGL_BAD_ATTRIBUTE
06-28 20:55:12.762  8142  8174 W Adreno-EGL: <qeglDrvAPI_eglGetConfigAttrib:607>: EGL_BAD_ATTRIBUTE
06-28 20:55:12.769  8142  8142 W StaticLayout: maxLineHeight should not be -1.  maxLines:1 lineCount:1
06-28 20:55:12.781  8142  8142 W StaticLayout: maxLineHeight should not be -1.  maxLines:1 lineCount:1
06-28 20:55:42.515  8142  8174 W Adreno-EGL: <qeglDrvAPI_eglGetConfigAttrib:607>: EGL_BAD_ATTRIBUTE
06-28 20:55:48.346  8142  8174 W Adreno-EGL: <qeglDrvAPI_eglGetConfigAttrib:607>: EGL_BAD_ATTRIBUTE
06-28 20:57:31.069  8142  8142 W NearbyFragment: Completed downloading 20200312_150744.mp4 from Endpoint{id=91YL, name=Nexus 5X [34d8]} in 24.261s
06-28 20:57:31.188  8142  8408 W mobile-ffmpeg: 
06-28 20:57:31.188  8142  8408 W mobile-ffmpeg: [mov,mp4,m4a,3gp,3g2,mj2 @ 0x96ec8200] 
06-28 20:57:31.189  8142  8408 W mobile-ffmpeg: 
06-28 20:57:31.189  8142  8408 W mobile-ffmpeg: Found duplicated MOOV Atom. Skipped it
06-28 20:57:50.279  8142  8403 W Summariser: 1 active sections found
06-28 20:57:50.292  8142  8408 W mobile-ffmpeg: 
06-28 20:57:50.292  8142  8408 W mobile-ffmpeg: [mov,mp4,m4a,3gp,3g2,mj2 @ 0x933f7600] 
06-28 20:57:50.292  8142  8408 W mobile-ffmpeg: 
06-28 20:57:50.293  8142  8408 W mobile-ffmpeg: Found duplicated MOOV Atom. Skipped it
06-28 20:58:20.618  8142  8403 W Summariser: Summarisation completed
06-28 20:58:20.618  8142  8403 W Summariser:   filename: 20200312_150744.mp4
06-28 20:58:20.618  8142  8403 W Summariser:   active sections: 1
06-28 20:58:20.618  8142  8403 W Summariser:   time: 49.293s
06-28 20:58:20.618  8142  8403 W Summariser:   original duration: 60.02
06-28 20:58:20.618  8142  8403 W Summariser:   summarised duration: 4.83
06-28 20:58:20.618  8142  8403 W Summariser:   noise tolerance: 45.00
06-28 20:58:20.618  8142  8403 W Summariser:   quality: 23
06-28 20:58:20.618  8142  8403 W Summariser:   speed: medium
06-28 20:58:20.618  8142  8403 W Summariser:   freeze duration: 1.00
06-28 20:58:20.706  8142  8403 W NearbyFragment: Sending 20200312_150744.mp4 to Nexus 5X [34d8]
06-28 20:58:48.797  8142  8142 W NearbyFragment: Completed downloading 20200312_151044.mp4 from Endpoint{id=91YL, name=Nexus 5X [34d8]} in 14.161s
06-28 20:58:48.836  8142  8408 W mobile-ffmpeg: 
06-28 20:58:48.836  8142  8408 W mobile-ffmpeg: [mov,mp4,m4a,3gp,3g2,mj2 @ 0xa9eade00] 
06-28 20:58:48.836  8142  8408 W mobile-ffmpeg: 
06-28 20:58:48.836  8142  8408 W mobile-ffmpeg: Found duplicated MOOV Atom. Skipped it
06-28 20:59:13.553  8142  8558 W Summariser: No activity detected
06-28 20:59:13.654  8142  8558 W Summariser: Summarisation completed
06-28 20:59:13.654  8142  8558 W Summariser:   filename: 20200312_151044.mp4
06-28 20:59:13.654  8142  8558 W Summariser:   active sections: 0
06-28 20:59:13.654  8142  8558 W Summariser:   time: 24.725s
06-28 20:59:13.654  8142  8558 W Summariser:   original duration: 60.02
06-28 20:59:13.654  8142  8558 W Summariser:   noise tolerance: 45.00
06-28 20:59:13.654  8142  8558 W Summariser:   quality: 23
06-28 20:59:13.654  8142  8558 W Summariser:   speed: medium
06-28 20:59:13.654  8142  8558 W Summariser:   freeze duration: 1.00
06-28 20:59:39.664  8142  8142 W NearbyFragment: Completed downloading 20200312_193628.mp4 from Endpoint{id=91YL, name=Nexus 5X [34d8]} in 15.270s
06-28 20:59:39.741  8142  8408 W mobile-ffmpeg: 
06-28 20:59:39.742  8142  8408 W mobile-ffmpeg: [mov,mp4,m4a,3gp,3g2,mj2 @ 0xa9eade00] 
06-28 20:59:39.742  8142  8408 W mobile-ffmpeg: 
06-28 20:59:39.742  8142  8408 W mobile-ffmpeg: Found duplicated MOOV Atom. Skipped it
06-28 21:00:00.132  8142  8659 W Summariser: 1 active sections found
06-28 21:00:00.145  8142  8408 W mobile-ffmpeg: 
06-28 21:00:00.145  8142  8408 W mobile-ffmpeg: [mov,mp4,m4a,3gp,3g2,mj2 @ 0x942e3000] 
06-28 21:00:00.145  8142  8408 W mobile-ffmpeg: 
06-28 21:00:00.145  8142  8408 W mobile-ffmpeg: Found duplicated MOOV Atom. Skipped it
06-28 21:00:39.892  8142  8659 W Summariser: Summarisation completed
06-28 21:00:39.892  8142  8659 W Summariser:   filename: 20200312_193628.mp4
06-28 21:00:39.892  8142  8659 W Summariser:   active sections: 1
06-28 21:00:39.892  8142  8659 W Summariser:   time: 59.962s
06-28 21:00:39.892  8142  8659 W Summariser:   original duration: 60.02
06-28 21:00:39.892  8142  8659 W Summariser:   summarised duration: 6.07
06-28 21:00:39.892  8142  8659 W Summariser:   noise tolerance: 45.00
06-28 21:00:39.892  8142  8659 W Summariser:   quality: 23
06-28 21:00:39.892  8142  8659 W Summariser:   speed: medium
06-28 21:00:39.892  8142  8659 W Summariser:   freeze duration: 1.00
06-28 21:00:40.013  8142  8659 W NearbyFragment: Sending 20200312_193628.mp4 to Nexus 5X [34d8]
06-28 21:01:03.300  8142  8142 W NearbyFragment: Completed downloading 20200312_193928.mp4 from Endpoint{id=91YL, name=Nexus 5X [34d8]} in 17.597s
06-28 21:01:03.378  8142  8408 W mobile-ffmpeg: 
06-28 21:01:03.378  8142  8408 W mobile-ffmpeg: [mov,mp4,m4a,3gp,3g2,mj2 @ 0x98703c00] 
06-28 21:01:03.378  8142  8408 W mobile-ffmpeg: 
06-28 21:01:03.378  8142  8408 W mobile-ffmpeg: Found duplicated MOOV Atom. Skipped it
06-28 21:01:26.471  8142  8839 W Summariser: No activity detected
06-28 21:01:26.570  8142  8839 W Summariser: Summarisation completed
06-28 21:01:26.570  8142  8839 W Summariser:   filename: 20200312_193928.mp4
06-28 21:01:26.570  8142  8839 W Summariser:   active sections: 0
06-28 21:01:26.570  8142  8839 W Summariser:   time: 23.104s
06-28 21:01:26.570  8142  8839 W Summariser:   original duration: 60.89
06-28 21:01:26.570  8142  8839 W Summariser:   noise tolerance: 45.00
06-28 21:01:26.570  8142  8839 W Summariser:   quality: 23
06-28 21:01:26.570  8142  8839 W Summariser:   speed: medium
06-28 21:01:26.570  8142  8839 W Summariser:   freeze duration: 1.00
06-28 21:01:56.867  8142  8142 W NearbyFragment: Completed downloading 20200312_194229.mp4 from Endpoint{id=91YL, name=Nexus 5X [34d8]} in 18.282s
06-28 21:01:56.938  8142  8408 W mobile-ffmpeg: 
06-28 21:01:56.938  8142  8408 W mobile-ffmpeg: [mov,mp4,m4a,3gp,3g2,mj2 @ 0xa9e93200] 
06-28 21:01:56.938  8142  8408 W mobile-ffmpeg: 
06-28 21:01:56.938  8142  8408 W mobile-ffmpeg: Found duplicated MOOV Atom. Skipped it
06-28 21:02:26.497  8142  8962 W Summariser: 5 active sections found
06-28 21:02:26.513  8142  8408 W mobile-ffmpeg: 
06-28 21:02:26.513  8142  8408 W mobile-ffmpeg: [mov,mp4,m4a,3gp,3g2,mj2 @ 0x942e2600] 
06-28 21:02:26.513  8142  8408 W mobile-ffmpeg: 
06-28 21:02:26.513  8142  8408 W mobile-ffmpeg: Found duplicated MOOV Atom. Skipped it
06-28 21:03:40.592  8142  8962 W Summariser: Summarisation completed
06-28 21:03:40.592  8142  8962 W Summariser:   filename: 20200312_194229.mp4
06-28 21:03:40.592  8142  8962 W Summariser:   active sections: 5
06-28 21:03:40.592  8142  8962 W Summariser:   time: 103.402s
06-28 21:03:40.592  8142  8962 W Summariser:   original duration: 60.02
06-28 21:03:40.592  8142  8962 W Summariser:   summarised duration: 15.51
06-28 21:03:40.592  8142  8962 W Summariser:   noise tolerance: 45.00
06-28 21:03:40.592  8142  8962 W Summariser:   quality: 23
06-28 21:03:40.592  8142  8962 W Summariser:   speed: medium
06-28 21:03:40.592  8142  8962 W Summariser:   freeze duration: 1.00
06-28 21:03:40.753  8142  8962 W NearbyFragment: Sending 20200312_194229.mp4 to Nexus 5X [34d8]
06-28 21:04:13.015  8142  8142 W NearbyFragment: Completed downloading 20200312_195330.mp4 from Endpoint{id=91YL, name=Nexus 5X [34d8]} in 15.864s
06-28 21:04:13.087  8142  8408 W mobile-ffmpeg: 
06-28 21:04:13.087  8142  8408 W mobile-ffmpeg: [mov,mp4,m4a,3gp,3g2,mj2 @ 0x94566a00] 
06-28 21:04:13.087  8142  8408 W mobile-ffmpeg: 
06-28 21:04:13.087  8142  8408 W mobile-ffmpeg: Found duplicated MOOV Atom. Skipped it
06-28 21:04:36.785  8142  9251 W Summariser: 5 active sections found
06-28 21:04:36.800  8142  8408 W mobile-ffmpeg: 
06-28 21:04:36.801  8142  8408 W mobile-ffmpeg: [mov,mp4,m4a,3gp,3g2,mj2 @ 0x991f8c00] 
06-28 21:04:36.801  8142  8408 W mobile-ffmpeg: 
06-28 21:04:36.801  8142  8408 W mobile-ffmpeg: Found duplicated MOOV Atom. Skipped it
06-28 21:06:17.492  8142  9251 W Summariser: Summarisation completed
06-28 21:06:17.492  8142  9251 W Summariser:   filename: 20200312_195330.mp4
06-28 21:06:17.492  8142  9251 W Summariser:   active sections: 5
06-28 21:06:17.492  8142  9251 W Summariser:   time: 124.190s
06-28 21:06:17.492  8142  9251 W Summariser:   original duration: 60.02
06-28 21:06:17.492  8142  9251 W Summariser:   summarised duration: 23.42
06-28 21:06:17.492  8142  9251 W Summariser:   noise tolerance: 45.00
06-28 21:06:17.492  8142  9251 W Summariser:   quality: 23
06-28 21:06:17.492  8142  9251 W Summariser:   speed: medium
06-28 21:06:17.492  8142  9251 W Summariser:   freeze duration: 1.00
06-28 21:06:17.583  8142  9251 W NearbyFragment: Sending 20200312_195330.mp4 to Nexus 5X [34d8]
