--------- beginning of main
--------- beginning of system
06-29 02:19:00.147  2791  2791 W LogFactory: Truncating log tag length as it exceed 23, the limit imposed by Android on certain API Levels
06-29 02:19:09.325  2791  2791 E TransferService: No notification is passed in the intent. Unable to transition to foreground.
06-29 02:19:09.453  2791  2791 W StaticLayout: maxLineHeight should not be -1.  maxLines:1 lineCount:1
06-29 02:19:09.485  2791  2791 W StaticLayout: maxLineHeight should not be -1.  maxLines:1 lineCount:1
06-29 02:19:09.536  2791  2864 W Adreno-EGL: <qeglDrvAPI_eglGetConfigAttrib:607>: EGL_BAD_ATTRIBUTE
06-29 02:19:09.544  2791  2864 W Adreno-EGL: <qeglDrvAPI_eglGetConfigAttrib:607>: EGL_BAD_ATTRIBUTE
06-29 02:19:09.551  2791  2791 W StaticLayout: maxLineHeight should not be -1.  maxLines:1 lineCount:1
06-29 02:19:09.562  2791  2791 W StaticLayout: maxLineHeight should not be -1.  maxLines:1 lineCount:1
06-29 02:19:36.302  2791  2864 W Adreno-EGL: <qeglDrvAPI_eglGetConfigAttrib:607>: EGL_BAD_ATTRIBUTE
06-29 02:19:42.087  2791  2864 W Adreno-EGL: <qeglDrvAPI_eglGetConfigAttrib:607>: EGL_BAD_ATTRIBUTE
06-29 02:21:21.347  2791  2791 W NearbyFragment: Completed downloading 20200312_150844.mp4 from Endpoint{id=vf39, name=Nexus 5X [34d8]} in 16.342s
06-29 02:21:21.609  2791  3338 W mobile-ffmpeg: 
06-29 02:21:21.609  2791  3338 W mobile-ffmpeg: [mov,mp4,m4a,3gp,3g2,mj2 @ 0x9592c400] 
06-29 02:21:21.609  2791  3338 W mobile-ffmpeg: 
06-29 02:21:21.609  2791  3338 W mobile-ffmpeg: Found duplicated MOOV Atom. Skipped it
06-29 02:21:43.438  2791  3337 W Summariser: Whole video is active
06-29 02:21:49.070  2791  3337 W Summariser: Summarisation completed
06-29 02:21:49.070  2791  3337 W Summariser:   filename: 20200312_150844.mp4
06-29 02:21:49.070  2791  3337 W Summariser:   active sections: -1
06-29 02:21:49.070  2791  3337 W Summariser:   time: 27.368s
06-29 02:21:49.070  2791  3337 W Summariser:   original duration: 60.02
06-29 02:21:49.070  2791  3337 W Summariser:   summarised duration: 60.02
06-29 02:21:49.070  2791  3337 W Summariser:   noise tolerance: 45.00
06-29 02:21:49.070  2791  3337 W Summariser:   quality: 23
06-29 02:21:49.070  2791  3337 W Summariser:   speed: medium
06-29 02:21:49.070  2791  3337 W Summariser:   freeze duration: 1.00
06-29 02:21:49.115  2791  3337 W NearbyFragment: Sending 20200312_150844.mp4 to Nexus 5X [34d8]
06-29 02:23:33.796  2791  2791 W NearbyFragment: Completed downloading 20200312_193728.mp4 from Endpoint{id=vf39, name=Nexus 5X [34d8]} in 15.663s
06-29 02:23:33.883  2791  3338 W mobile-ffmpeg: 
06-29 02:23:33.883  2791  3338 W mobile-ffmpeg: [mov,mp4,m4a,3gp,3g2,mj2 @ 0xa89a3400] 
06-29 02:23:33.884  2791  3338 W mobile-ffmpeg: 
06-29 02:23:33.884  2791  3338 W mobile-ffmpeg: Found duplicated MOOV Atom. Skipped it
06-29 02:23:55.889  2791  3560 W Summariser: Whole video is active
06-29 02:24:00.450  2791  3560 W Summariser: Summarisation completed
06-29 02:24:00.450  2791  3560 W Summariser:   filename: 20200312_193728.mp4
06-29 02:24:00.450  2791  3560 W Summariser:   active sections: -1
06-29 02:24:00.450  2791  3560 W Summariser:   time: 26.369s
06-29 02:24:00.450  2791  3560 W Summariser:   original duration: 60.02
06-29 02:24:00.450  2791  3560 W Summariser:   summarised duration: 60.02
06-29 02:24:00.450  2791  3560 W Summariser:   noise tolerance: 45.00
06-29 02:24:00.450  2791  3560 W Summariser:   quality: 23
06-29 02:24:00.450  2791  3560 W Summariser:   speed: medium
06-29 02:24:00.450  2791  3560 W Summariser:   freeze duration: 1.00
06-29 02:24:00.496  2791  3560 W NearbyFragment: Sending 20200312_193728.mp4 to Nexus 5X [34d8]
06-29 02:25:26.006  2791  2791 W NearbyFragment: Completed downloading 20200312_194229.mp4 from Endpoint{id=vf39, name=Nexus 5X [34d8]} in 15.304s
06-29 02:25:26.080  2791  3338 W mobile-ffmpeg: 
06-29 02:25:26.080  2791  3338 W mobile-ffmpeg: [mov,mp4,m4a,3gp,3g2,mj2 @ 0x95ecd800] 
06-29 02:25:26.080  2791  3338 W mobile-ffmpeg: 
06-29 02:25:26.080  2791  3338 W mobile-ffmpeg: Found duplicated MOOV Atom. Skipped it
06-29 02:25:48.087  2791  3746 W Summariser: 5 active sections found
06-29 02:25:48.108  2791  3338 W mobile-ffmpeg: 
06-29 02:25:48.108  2791  3338 W mobile-ffmpeg: [mov,mp4,m4a,3gp,3g2,mj2 @ 0x93274a00] 
06-29 02:25:48.108  2791  3338 W mobile-ffmpeg: 
06-29 02:25:48.108  2791  3338 W mobile-ffmpeg: Found duplicated MOOV Atom. Skipped it
06-29 02:26:43.054  2791  3746 W Summariser: Summarisation completed
06-29 02:26:43.054  2791  3746 W Summariser:   filename: 20200312_194229.mp4
06-29 02:26:43.054  2791  3746 W Summariser:   active sections: 5
06-29 02:26:43.054  2791  3746 W Summariser:   time: 76.766s
06-29 02:26:43.054  2791  3746 W Summariser:   original duration: 60.02
06-29 02:26:43.054  2791  3746 W Summariser:   summarised duration: 15.51
06-29 02:26:43.054  2791  3746 W Summariser:   noise tolerance: 45.00
06-29 02:26:43.054  2791  3746 W Summariser:   quality: 23
06-29 02:26:43.054  2791  3746 W Summariser:   speed: medium
06-29 02:26:43.054  2791  3746 W Summariser:   freeze duration: 1.00
06-29 02:26:43.131  2791  3746 W NearbyFragment: Sending 20200312_194229.mp4 to Nexus 5X [34d8]
06-29 02:27:05.811  2791  2791 W NearbyFragment: Completed downloading 20200312_194930.mp4 from Endpoint{id=vf39, name=Nexus 5X [34d8]} in 15.607s
06-29 02:27:05.873  2791  3338 W mobile-ffmpeg: 
06-29 02:27:05.873  2791  3338 W mobile-ffmpeg: [mov,mp4,m4a,3gp,3g2,mj2 @ 0xa89a3400] 
06-29 02:27:05.873  2791  3338 W mobile-ffmpeg: 
06-29 02:27:05.873  2791  3338 W mobile-ffmpeg: Found duplicated MOOV Atom. Skipped it
06-29 02:27:30.482  2791  3963 W Summariser: 2 active sections found
06-29 02:27:30.495  2791  3338 W mobile-ffmpeg: 
06-29 02:27:30.495  2791  3338 W mobile-ffmpeg: [mov,mp4,m4a,3gp,3g2,mj2 @ 0x95ea5600] 
06-29 02:27:30.495  2791  3338 W mobile-ffmpeg: 
06-29 02:27:30.495  2791  3338 W mobile-ffmpeg: Found duplicated MOOV Atom. Skipped it
06-29 02:28:58.774  2791  3963 W Summariser: Summarisation completed
06-29 02:28:58.774  2791  3963 W Summariser:   filename: 20200312_194930.mp4
06-29 02:28:58.774  2791  3963 W Summariser:   active sections: 2
06-29 02:28:58.774  2791  3963 W Summariser:   time: 112.650s
06-29 02:28:58.774  2791  3963 W Summariser:   original duration: 60.02
06-29 02:28:58.774  2791  3963 W Summariser:   summarised duration: 22.25
06-29 02:28:58.774  2791  3963 W Summariser:   noise tolerance: 45.00
06-29 02:28:58.774  2791  3963 W Summariser:   quality: 23
06-29 02:28:58.774  2791  3963 W Summariser:   speed: medium
06-29 02:28:58.774  2791  3963 W Summariser:   freeze duration: 1.00
06-29 02:28:58.864  2791  3963 W NearbyFragment: Sending 20200312_194930.mp4 to Nexus 5X [34d8]
06-29 02:42:58.710  2791  2864 W Adreno-EGL: <qeglDrvAPI_eglGetConfigAttrib:607>: EGL_BAD_ATTRIBUTE
