--------- beginning of main
--------- beginning of system
07-05 20:52:58.524 11044 11044 W LogFactory: Truncating log tag length as it exceed 23, the limit imposed by Android on certain API Levels
07-05 20:53:01.831 11044 11044 E TransferService: No notification is passed in the intent. Unable to transition to foreground.
07-05 20:54:57.523 11044 11044 W NearbyFragment: Completed downloading 20200312_150643.mp4 from Endpoint{id=vMbk, name=Galaxy S8 [2802]} in 38.862s
07-05 20:54:57.806 11044 11292 W mobile-ffmpeg: [mov,mp4,m4a,3gp,3g2,mj2 @ 0x7a20e98c00] Found duplicated MOOV Atom. Skipped it
07-05 20:54:57.982 11044 11292 W mobile-ffmpeg: [graph 0 input from stream 0:0 @ 0x7a20e69f00] sws_param option is deprecated and ignored
07-05 20:55:11.414 11044 11291 W Summariser: No activity detected
07-05 20:55:11.426 11044 11292 W mobile-ffmpeg: [mov,mp4,m4a,3gp,3g2,mj2 @ 0x7a20e98c00] Found duplicated MOOV Atom. Skipped it
07-05 20:55:11.556 11044 11291 W Summariser: Summarisation completed
07-05 20:55:11.556 11044 11291 W Summariser:   filename: 20200312_150643.mp4
07-05 20:55:11.556 11044 11291 W Summariser:   active sections: 0
07-05 20:55:11.556 11044 11291 W Summariser:   time: 13.822s
07-05 20:55:11.556 11044 11291 W Summariser:   original duration: 60.02
07-05 20:55:11.556 11044 11291 W Summariser:   summarised duration: -1.00
07-05 20:55:11.556 11044 11291 W Summariser:   noise tolerance: 45.00
07-05 20:55:11.556 11044 11291 W Summariser:   quality: 23
07-05 20:55:11.556 11044 11291 W Summariser:   speed: medium
07-05 20:55:11.556 11044 11291 W Summariser:   freeze duration: 1.00
07-05 20:56:01.325 11044 11044 W NearbyFragment: Completed downloading 20200312_150944.mp4 from Endpoint{id=vMbk, name=Galaxy S8 [2802]} in 37.972s
07-05 20:56:01.393 11044 11292 W mobile-ffmpeg: [mov,mp4,m4a,3gp,3g2,mj2 @ 0x7a20e98c00] Found duplicated MOOV Atom. Skipped it
07-05 20:56:01.541 11044 11292 W mobile-ffmpeg: [graph 0 input from stream 0:0 @ 0x7a20e69f00] sws_param option is deprecated and ignored
07-05 20:56:21.813 11044 11324 W Summariser: 1 active sections found
07-05 20:56:21.827 11044 11292 W mobile-ffmpeg: [mov,mp4,m4a,3gp,3g2,mj2 @ 0x7a20e98c00] Found duplicated MOOV Atom. Skipped it
07-05 20:56:21.977 11044 11292 W mobile-ffmpeg: [graph 0 input from stream 0:0 @ 0x7a20e699c0] sws_param option is deprecated and ignored
07-05 20:56:47.520 11044 11292 W mobile-ffmpeg: [mov,mp4,m4a,3gp,3g2,mj2 @ 0x7a20e98c00] Found duplicated MOOV Atom. Skipped it
07-05 20:56:47.705 11044 11324 W Summariser: Summarisation completed
07-05 20:56:47.705 11044 11324 W Summariser:   filename: 20200312_150944.mp4
07-05 20:56:47.705 11044 11324 W Summariser:   active sections: 1
07-05 20:56:47.705 11044 11324 W Summariser:   time: 46.127s
07-05 20:56:47.705 11044 11324 W Summariser:   original duration: 60.02
07-05 20:56:47.705 11044 11324 W Summariser:   summarised duration: 7.07
07-05 20:56:47.705 11044 11324 W Summariser:   noise tolerance: 45.00
07-05 20:56:47.705 11044 11324 W Summariser:   quality: 23
07-05 20:56:47.705 11044 11324 W Summariser:   speed: medium
07-05 20:56:47.705 11044 11324 W Summariser:   freeze duration: 1.00
07-05 20:56:47.779 11044 11324 W NearbyFragment: Sending 20200312_150944.mp4 to Galaxy S8 [2802]
07-05 20:57:31.645 11044 11044 W NearbyFragment: Completed downloading 20200312_193828.mp4 from Endpoint{id=vMbk, name=Galaxy S8 [2802]} in 33.671s
07-05 20:57:31.700 11044 11292 W mobile-ffmpeg: [mov,mp4,m4a,3gp,3g2,mj2 @ 0x7a20e98c00] Found duplicated MOOV Atom. Skipped it
07-05 20:57:31.926 11044 11292 W mobile-ffmpeg: [graph 0 input from stream 0:0 @ 0x7a20e69f00] sws_param option is deprecated and ignored
07-05 20:57:52.422 11044 11377 W Summariser: 1 active sections found
07-05 20:57:52.436 11044 11292 W mobile-ffmpeg: [mov,mp4,m4a,3gp,3g2,mj2 @ 0x7a20e98c00] Found duplicated MOOV Atom. Skipped it
07-05 20:57:52.569 11044 11292 W mobile-ffmpeg: [graph 0 input from stream 0:0 @ 0x7a20e699c0] sws_param option is deprecated and ignored
07-05 20:58:44.915 11044 11292 W mobile-ffmpeg: [mov,mp4,m4a,3gp,3g2,mj2 @ 0x7a20e98c00] Found duplicated MOOV Atom. Skipped it
07-05 20:58:45.084 11044 11377 W Summariser: Summarisation completed
07-05 20:58:45.084 11044 11377 W Summariser:   filename: 20200312_193828.mp4
07-05 20:58:45.084 11044 11377 W Summariser:   active sections: 1
07-05 20:58:45.084 11044 11377 W Summariser:   time: 73.218s
07-05 20:58:45.084 11044 11377 W Summariser:   original duration: 60.02
07-05 20:58:45.084 11044 11377 W Summariser:   summarised duration: 14.28
07-05 20:58:45.084 11044 11377 W Summariser:   noise tolerance: 45.00
07-05 20:58:45.084 11044 11377 W Summariser:   quality: 23
07-05 20:58:45.084 11044 11377 W Summariser:   speed: medium
07-05 20:58:45.084 11044 11377 W Summariser:   freeze duration: 1.00
07-05 20:58:45.136 11044 11377 W NearbyFragment: Sending 20200312_193828.mp4 to Galaxy S8 [2802]
07-05 20:59:25.591 11044 11044 W NearbyFragment: Completed downloading 20200312_194830.mp4 from Endpoint{id=vMbk, name=Galaxy S8 [2802]} in 26.042s
07-05 20:59:25.665 11044 11292 W mobile-ffmpeg: [mov,mp4,m4a,3gp,3g2,mj2 @ 0x7a20e98c00] Found duplicated MOOV Atom. Skipped it
07-05 20:59:25.810 11044 11292 W mobile-ffmpeg: [graph 0 input from stream 0:0 @ 0x7a20e69f00] sws_param option is deprecated and ignored
07-05 20:59:46.413 11044 11445 W Summariser: 4 active sections found
07-05 20:59:46.427 11044 11292 W mobile-ffmpeg: [mov,mp4,m4a,3gp,3g2,mj2 @ 0x7a20e98c00] Found duplicated MOOV Atom. Skipped it
07-05 20:59:46.596 11044 11292 W mobile-ffmpeg: [graph 0 input from stream 0:0 @ 0x7a20e6a200] sws_param option is deprecated and ignored
07-05 20:59:46.596 11044 11292 W mobile-ffmpeg: [graph 0 input from stream 0:0 @ 0x7a20e6aa40] sws_param option is deprecated and ignored
07-05 20:59:46.597 11044 11292 W mobile-ffmpeg: [graph 0 input from stream 0:0 @ 0x7a20e6abc0] sws_param option is deprecated and ignored
07-05 20:59:46.597 11044 11292 W mobile-ffmpeg: [graph 0 input from stream 0:0 @ 0x7a20e6ad40] sws_param option is deprecated and ignored
07-05 21:01:04.537 11044 11292 W mobile-ffmpeg: [mov,mp4,m4a,3gp,3g2,mj2 @ 0x7a20e98c00] Found duplicated MOOV Atom. Skipped it
07-05 21:01:04.695 11044 11445 W Summariser: Summarisation completed
07-05 21:01:04.695 11044 11445 W Summariser:   filename: 20200312_194830.mp4
07-05 21:01:04.695 11044 11445 W Summariser:   active sections: 4
07-05 21:01:04.695 11044 11445 W Summariser:   time: 98.871s
07-05 21:01:04.695 11044 11445 W Summariser:   original duration: 60.02
07-05 21:01:04.695 11044 11445 W Summariser:   summarised duration: 19.02
07-05 21:01:04.695 11044 11445 W Summariser:   noise tolerance: 45.00
07-05 21:01:04.695 11044 11445 W Summariser:   quality: 23
07-05 21:01:04.695 11044 11445 W Summariser:   speed: medium
07-05 21:01:04.695 11044 11445 W Summariser:   freeze duration: 1.00
07-05 21:01:04.753 11044 11445 W NearbyFragment: Sending 20200312_194830.mp4 to Galaxy S8 [2802]
