--------- beginning of main
--------- beginning of system
07-05 20:52:59.114 12786 12786 W LogFactory: Truncating log tag length as it exceed 23, the limit imposed by Android on certain API Levels
07-05 20:53:00.313 12786 12786 E TransferService: No notification is passed in the intent. Unable to transition to foreground.
07-05 20:53:00.448 12786 12786 W StaticLayout: maxLineHeight should not be -1.  maxLines:1 lineCount:1
07-05 20:53:00.463 12786 12786 W StaticLayout: maxLineHeight should not be -1.  maxLines:1 lineCount:1
07-05 20:53:00.483 12786 12786 W StaticLayout: maxLineHeight should not be -1.  maxLines:1 lineCount:1
07-05 20:53:00.520 12786 12806 W Adreno-EGL: <qeglDrvAPI_eglGetConfigAttrib:607>: EGL_BAD_ATTRIBUTE
07-05 20:53:00.524 12786 12806 W Adreno-EGL: <qeglDrvAPI_eglGetConfigAttrib:607>: EGL_BAD_ATTRIBUTE
07-05 20:53:00.530 12786 12786 W StaticLayout: maxLineHeight should not be -1.  maxLines:1 lineCount:1
07-05 20:53:00.543 12786 12786 W StaticLayout: maxLineHeight should not be -1.  maxLines:1 lineCount:1
07-05 20:53:22.838 12786 12806 W Adreno-EGL: <qeglDrvAPI_eglGetConfigAttrib:607>: EGL_BAD_ATTRIBUTE
07-05 20:53:25.998 12786 12806 W Adreno-EGL: <qeglDrvAPI_eglGetConfigAttrib:607>: EGL_BAD_ATTRIBUTE
07-05 20:55:18.456 12786 12786 W NearbyFragment: Completed downloading 20200312_150744.mp4 from Endpoint{id=vMbk, name=Galaxy S8 [2802]} in 41.068s
07-05 20:55:18.574 12786 13068 W mobile-ffmpeg: [mov,mp4,m4a,3gp,3g2,mj2 @ 0x923c1600] Found duplicated MOOV Atom. Skipped it
07-05 20:55:18.671 12786 13068 W mobile-ffmpeg: [graph 0 input from stream 0:0 @ 0x93575e60] sws_param option is deprecated and ignored
07-05 20:55:40.883 12786 13068 W mobile-ffmpeg: [mov,mp4,m4a,3gp,3g2,mj2 @ 0x923c5800] Found duplicated MOOV Atom. Skipped it
07-05 20:55:40.961 12786 13067 W Summariser: 1 active sections found
07-05 20:55:40.975 12786 13068 W mobile-ffmpeg: [mov,mp4,m4a,3gp,3g2,mj2 @ 0x8dfb6a00] Found duplicated MOOV Atom. Skipped it
07-05 20:55:41.058 12786 13068 W mobile-ffmpeg: [graph 0 input from stream 0:0 @ 0x908840e0] sws_param option is deprecated and ignored
07-05 20:56:17.612 12786 13068 W mobile-ffmpeg: [mov,mp4,m4a,3gp,3g2,mj2 @ 0x8dfb6a00] Found duplicated MOOV Atom. Skipped it
07-05 20:56:17.781 12786 13067 W Summariser: Summarisation completed
07-05 20:56:17.781 12786 13067 W Summariser:   filename: 20200312_150744.mp4
07-05 20:56:17.781 12786 13067 W Summariser:   active sections: 1
07-05 20:56:17.781 12786 13067 W Summariser:   time: 59.096s
07-05 20:56:17.781 12786 13067 W Summariser:   original duration: 60.02
07-05 20:56:17.781 12786 13067 W Summariser:   summarised duration: 4.83
07-05 20:56:17.781 12786 13067 W Summariser:   noise tolerance: 45.00
07-05 20:56:17.781 12786 13067 W Summariser:   quality: 23
07-05 20:56:17.781 12786 13067 W Summariser:   speed: medium
07-05 20:56:17.781 12786 13067 W Summariser:   freeze duration: 1.00
07-05 20:56:17.870 12786 13067 W NearbyFragment: Sending 20200312_150744.mp4 to Galaxy S8 [2802]
07-05 20:56:51.227 12786 12786 W NearbyFragment: Completed downloading 20200312_193728.mp4 from Endpoint{id=vMbk, name=Galaxy S8 [2802]} in 19.178s
07-05 20:56:51.315 12786 13068 W mobile-ffmpeg: [mov,mp4,m4a,3gp,3g2,mj2 @ 0x93783600] Found duplicated MOOV Atom. Skipped it
07-05 20:56:51.513 12786 13068 W mobile-ffmpeg: [graph 0 input from stream 0:0 @ 0x908842c0] sws_param option is deprecated and ignored
07-05 20:57:14.600 12786 13230 W Summariser: Whole video is active
07-05 20:57:22.684 12786 13068 W mobile-ffmpeg: [mov,mp4,m4a,3gp,3g2,mj2 @ 0x93783600] Found duplicated MOOV Atom. Skipped it
07-05 20:57:22.842 12786 13068 W mobile-ffmpeg: [mov,mp4,m4a,3gp,3g2,mj2 @ 0x8d2f3a00] Found duplicated MOOV Atom. Skipped it
07-05 20:57:22.984 12786 13230 W Summariser: Summarisation completed
07-05 20:57:22.984 12786 13230 W Summariser:   filename: 20200312_193728.mp4
07-05 20:57:22.984 12786 13230 W Summariser:   active sections: -1
07-05 20:57:22.984 12786 13230 W Summariser:   time: 31.388s
07-05 20:57:22.984 12786 13230 W Summariser:   original duration: 60.02
07-05 20:57:22.984 12786 13230 W Summariser:   summarised duration: 60.02
07-05 20:57:22.984 12786 13230 W Summariser:   noise tolerance: 45.00
07-05 20:57:22.984 12786 13230 W Summariser:   quality: 23
07-05 20:57:22.984 12786 13230 W Summariser:   speed: medium
07-05 20:57:22.984 12786 13230 W Summariser:   freeze duration: 1.00
07-05 20:57:23.073 12786 13230 W NearbyFragment: Sending 20200312_193728.mp4 to Galaxy S8 [2802]
07-05 20:58:06.276 12786 12786 W NearbyFragment: Completed downloading 20200312_194129.mp4 from Endpoint{id=vMbk, name=Galaxy S8 [2802]} in 19.981s
07-05 20:58:06.355 12786 13068 W mobile-ffmpeg: [mov,mp4,m4a,3gp,3g2,mj2 @ 0x93783c00] Found duplicated MOOV Atom. Skipped it
07-05 20:58:06.472 12786 13068 W mobile-ffmpeg: [graph 0 input from stream 0:0 @ 0x908841a0] sws_param option is deprecated and ignored
07-05 20:58:35.878 12786 13426 W Summariser: 2 active sections found
07-05 20:58:35.897 12786 13068 W mobile-ffmpeg: [mov,mp4,m4a,3gp,3g2,mj2 @ 0x9350d000] Found duplicated MOOV Atom. Skipped it
07-05 20:58:36.026 12786 13068 W mobile-ffmpeg: [graph 0 input from stream 0:0 @ 0x935761c0] sws_param option is deprecated and ignored
07-05 20:58:36.027 12786 13068 W mobile-ffmpeg: [graph 0 input from stream 0:0 @ 0x935762e0] sws_param option is deprecated and ignored
07-05 20:59:31.875 12786 13068 W mobile-ffmpeg: [mov,mp4,m4a,3gp,3g2,mj2 @ 0x9350d000] Found duplicated MOOV Atom. Skipped it
07-05 20:59:32.078 12786 13426 W Summariser: Summarisation completed
07-05 20:59:32.078 12786 13426 W Summariser:   filename: 20200312_194129.mp4
07-05 20:59:32.078 12786 13426 W Summariser:   active sections: 2
07-05 20:59:32.078 12786 13426 W Summariser:   time: 85.528s
07-05 20:59:32.078 12786 13426 W Summariser:   original duration: 60.02
07-05 20:59:32.078 12786 13426 W Summariser:   summarised duration: 10.77
07-05 20:59:32.078 12786 13426 W Summariser:   noise tolerance: 45.00
07-05 20:59:32.078 12786 13426 W Summariser:   quality: 23
07-05 20:59:32.078 12786 13426 W Summariser:   speed: medium
07-05 20:59:32.078 12786 13426 W Summariser:   freeze duration: 1.00
07-05 20:59:32.174 12786 13426 W NearbyFragment: Sending 20200312_194129.mp4 to Galaxy S8 [2802]
07-05 21:00:00.844 12786 12786 W NearbyFragment: Completed downloading 20200312_195230.mp4 from Endpoint{id=vMbk, name=Galaxy S8 [2802]} in 22.404s
07-05 21:00:00.887 12786 13068 W mobile-ffmpeg: [mov,mp4,m4a,3gp,3g2,mj2 @ 0x908d9600] Found duplicated MOOV Atom. Skipped it
07-05 21:00:01.029 12786 13068 W mobile-ffmpeg: [graph 0 input from stream 0:0 @ 0x935760a0] sws_param option is deprecated and ignored
07-05 21:00:30.236 12786 13631 W Summariser: 1 active sections found
07-05 21:00:30.259 12786 13068 W mobile-ffmpeg: [mov,mp4,m4a,3gp,3g2,mj2 @ 0x8cd53600] Found duplicated MOOV Atom. Skipped it
07-05 21:00:30.401 12786 13068 W mobile-ffmpeg: [graph 0 input from stream 0:0 @ 0x910d7240] sws_param option is deprecated and ignored
07-05 21:01:12.205 12786 13068 W mobile-ffmpeg: [mov,mp4,m4a,3gp,3g2,mj2 @ 0x8cd53600] Found duplicated MOOV Atom. Skipped it
07-05 21:01:12.387 12786 13631 W Summariser: Summarisation completed
07-05 21:01:12.387 12786 13631 W Summariser:   filename: 20200312_195230.mp4
07-05 21:01:12.387 12786 13631 W Summariser:   active sections: 1
07-05 21:01:12.387 12786 13631 W Summariser:   time: 71.319s
07-05 21:01:12.387 12786 13631 W Summariser:   original duration: 60.02
07-05 21:01:12.387 12786 13631 W Summariser:   summarised duration: 6.97
07-05 21:01:12.387 12786 13631 W Summariser:   noise tolerance: 45.00
07-05 21:01:12.387 12786 13631 W Summariser:   quality: 23
07-05 21:01:12.387 12786 13631 W Summariser:   speed: medium
07-05 21:01:12.387 12786 13631 W Summariser:   freeze duration: 1.00
07-05 21:01:12.470 12786 13631 W NearbyFragment: Sending 20200312_195230.mp4 to Galaxy S8 [2802]
