--------- beginning of main
07-05 20:52:59.550 28892 28892 E Zygote  : isWhitelistProcess - Process is Whitelisted
07-05 20:52:59.553 28892 28892 E Zygote  : accessInfo : 1
--------- beginning of system
07-05 20:53:01.170 28892 28892 W LogFactory: Truncating log tag length as it exceed 23, the limit imposed by Android on certain API Levels
07-05 20:53:02.342 28892 28892 W ActivityThread: handleWindowVisibility: no activity for token android.os.BinderProxy@5e6eb33
07-05 20:53:02.421 28892 28892 W example.edgesu: Accessing hidden method Landroid/graphics/drawable/Drawable;->getOpticalInsets()Landroid/graphics/Insets; (light greylist, linking)
07-05 20:53:02.421 28892 28892 W example.edgesu: Accessing hidden field Landroid/graphics/Insets;->left:I (light greylist, linking)
07-05 20:53:02.421 28892 28892 W example.edgesu: Accessing hidden field Landroid/graphics/Insets;->right:I (light greylist, linking)
07-05 20:53:02.421 28892 28892 W example.edgesu: Accessing hidden field Landroid/graphics/Insets;->top:I (light greylist, linking)
07-05 20:53:02.422 28892 28892 W example.edgesu: Accessing hidden field Landroid/graphics/Insets;->bottom:I (light greylist, linking)
07-05 20:53:02.468 28892 28892 W example.edgesu: Accessing hidden method Landroid/view/View;->computeFitSystemWindows(Landroid/graphics/Rect;Landroid/graphics/Rect;)Z (light greylist, reflection)
07-05 20:53:02.469 28892 28892 W example.edgesu: Accessing hidden method Landroid/view/ViewGroup;->makeOptionalFitsSystemWindows()V (light greylist, reflection)
07-05 20:53:02.571 28892 28892 W example.edgesu: Accessing hidden method Landroid/widget/TextView;->getTextDirectionHeuristic()Landroid/text/TextDirectionHeuristic; (light greylist, linking)
07-05 20:53:02.579 28892 28892 W example.edgesu: Accessing hidden field Landroid/view/View;->mAccessibilityDelegate:Landroid/view/View$AccessibilityDelegate; (light greylist, reflection)
07-05 20:53:02.902 28892 28892 E TransferService: No notification is passed in the intent. Unable to transition to foreground.
07-05 20:53:02.951 28892 28892 W StaticLayout: maxLineHeight should not be -1.  maxLines:1 lineCount:1
07-05 20:53:02.960 28892 28892 W StaticLayout: maxLineHeight should not be -1.  maxLines:1 lineCount:1
07-05 20:53:02.964 28892 28892 W StaticLayout: maxLineHeight should not be -1.  maxLines:1 lineCount:1
07-05 20:53:02.968 28892 28892 W StaticLayout: maxLineHeight should not be -1.  maxLines:1 lineCount:1
07-05 20:53:02.986 28892 28892 W StaticLayout: maxLineHeight should not be -1.  maxLines:1 lineCount:1
07-05 20:53:02.990 28892 28892 W StaticLayout: maxLineHeight should not be -1.  maxLines:1 lineCount:1
07-05 20:53:21.866 28892 28892 W example.edgesu: Accessing hidden method Landroid/graphics/FontFamily;-><init>()V (light greylist, reflection)
07-05 20:53:21.866 28892 28892 W example.edgesu: Accessing hidden method Landroid/graphics/FontFamily;->addFontFromAssetManager(Landroid/content/res/AssetManager;Ljava/lang/String;IZIII[Landroid/graphics/fonts/FontVariationAxis;)Z (light greylist, reflection)
07-05 20:53:21.866 28892 28892 W example.edgesu: Accessing hidden method Landroid/graphics/FontFamily;->addFontFromBuffer(Ljava/nio/ByteBuffer;I[Landroid/graphics/fonts/FontVariationAxis;II)Z (light greylist, reflection)
07-05 20:53:21.866 28892 28892 W example.edgesu: Accessing hidden method Landroid/graphics/FontFamily;->freeze()Z (light greylist, reflection)
07-05 20:53:21.866 28892 28892 W example.edgesu: Accessing hidden method Landroid/graphics/FontFamily;->abortCreation()V (light greylist, reflection)
07-05 20:53:21.866 28892 28892 W example.edgesu: Accessing hidden method Landroid/graphics/Typeface;->createFromFamiliesWithDefault([Landroid/graphics/FontFamily;Ljava/lang/String;II)Landroid/graphics/Typeface; (light greylist, reflection)
07-05 20:53:23.397 28892 28917 W libEGL  : EGLNativeWindowType 0x78d678f010 disconnect failed
07-05 20:53:23.493 28892 28892 E ViewRootImpl: sendUserActionEvent() returned.
07-05 20:53:29.864 28892 28917 W libEGL  : EGLNativeWindowType 0x78d63ee010 disconnect failed
07-05 20:53:29.964 28892 28892 E ViewRootImpl: sendUserActionEvent() returned.
07-05 20:54:05.652 28892 28892 W NearbyFragment: Preferences:
07-05 20:54:05.652 28892 28892 W NearbyFragment:   Auto download: true
07-05 20:54:05.652 28892 28892 W NearbyFragment:   Algorithm: best_or_local
07-05 20:54:05.652 28892 28892 W NearbyFragment:   Fast scheduling: true
07-05 20:54:05.652 28892 28892 W NearbyFragment:   Segmentation: false
07-05 20:54:05.652 28892 28892 W NearbyFragment:   Auto segmentation: false
07-05 20:54:05.652 28892 28892 W NearbyFragment:   Segment number: 4
07-05 20:54:05.652 28892 28892 W NearbyFragment:   Noise tolerance: 45.00
07-05 20:54:05.652 28892 28892 W NearbyFragment:   Quality: 23
07-05 20:54:05.652 28892 28892 W NearbyFragment:   Speed: medium
07-05 20:54:05.652 28892 28892 W NearbyFragment:   Freeze duration: 1.00
07-05 20:54:05.652 28892 28892 W NearbyFragment: Download delay: 1s
07-05 20:54:05.652 28892 28892 W NearbyFragment: Started downloading from dashcam
07-05 20:54:20.332 28892 29709 W DashDownloadManager: Successfully downloaded 20200312_150643.mp4 in 14.469s
07-05 20:54:20.347 28892 29709 W NearbyFragment: Sending 20200312_150643.mp4 to Nexus 5X [34d8]
07-05 20:54:39.172 28892 29709 W DashDownloadManager: Successfully downloaded 20200312_150744.mp4 in 17.713s
07-05 20:54:39.185 28892 29709 W NearbyFragment: Sending 20200312_150744.mp4 to Nexus 5 [1825]
07-05 20:54:59.749 28892 29709 W DashDownloadManager: Successfully downloaded 20200312_150844.mp4 in 19.484s
07-05 20:54:59.941 28892 29755 W mobile-ffmpeg: [mov,mp4,m4a,3gp,3g2,mj2 @ 0x78d5eeaa00] Found duplicated MOOV Atom. Skipped it
07-05 20:55:00.122 28892 29755 W mobile-ffmpeg: [graph 0 input from stream 0:0 @ 0x78d5ff7c40] sws_param option is deprecated and ignored
07-05 20:55:08.717 28892 29754 W Summariser: Whole video is active
07-05 20:55:10.626 28892 29755 W mobile-ffmpeg: [mov,mp4,m4a,3gp,3g2,mj2 @ 0x78d5ee8000] Found duplicated MOOV Atom. Skipped it
07-05 20:55:10.688 28892 29755 W mobile-ffmpeg: [mov,mp4,m4a,3gp,3g2,mj2 @ 0x78d5ee8000] Found duplicated MOOV Atom. Skipped it
07-05 20:55:10.729 28892 29754 W Summariser: Summarisation completed
07-05 20:55:10.729 28892 29754 W Summariser:   filename: 20200312_150844.mp4
07-05 20:55:10.729 28892 29754 W Summariser:   active sections: -1
07-05 20:55:10.729 28892 29754 W Summariser:   time: 10.816s
07-05 20:55:10.729 28892 29754 W Summariser:   original duration: 60.02
07-05 20:55:10.729 28892 29754 W Summariser:   summarised duration: 60.02
07-05 20:55:10.729 28892 29754 W Summariser:   noise tolerance: 45.00
07-05 20:55:10.729 28892 29754 W Summariser:   quality: 23
07-05 20:55:10.729 28892 29754 W Summariser:   speed: medium
07-05 20:55:10.729 28892 29754 W Summariser:   freeze duration: 1.00
07-05 20:55:18.430 28892 28892 W example.edgesu: Accessing hidden method Landroid/view/View;->getTransitionAlpha()F (light greylist, linking)
07-05 20:55:18.430 28892 28892 W example.edgesu: Accessing hidden method Landroid/view/View;->setTransitionAlpha(F)V (light greylist, linking)
07-05 20:55:18.430 28892 28892 W example.edgesu: Accessing hidden method Landroid/view/View;->setAnimationMatrix(Landroid/graphics/Matrix;)V (light greylist, linking)
07-05 20:55:18.430 28892 28892 W example.edgesu: Accessing hidden method Landroid/view/View;->transformMatrixToGlobal(Landroid/graphics/Matrix;)V (light greylist, linking)
07-05 20:55:18.431 28892 28892 W example.edgesu: Accessing hidden method Landroid/view/View;->transformMatrixToLocal(Landroid/graphics/Matrix;)V (light greylist, linking)
07-05 20:55:18.431 28892 28892 W example.edgesu: Accessing hidden method Landroid/view/View;->setLeftTopRightBottom(IIII)V (light greylist, linking)
07-05 20:55:18.431 28892 28892 W example.edgesu: Accessing hidden method Landroid/view/View;->setTransitionVisibility(I)V (dark greylist, linking)
07-05 20:55:18.465 28892 28892 W StaticLayout: maxLineHeight should not be -1.  maxLines:1 lineCount:1
07-05 20:55:18.471 28892 28892 W StaticLayout: maxLineHeight should not be -1.  maxLines:1 lineCount:1
07-05 20:55:18.731 28892 28892 W example.edgesu: Accessing hidden field Landroid/view/View;->mViewFlags:I (light greylist, reflection)
07-05 20:55:18.734 28892 28892 W example.edgesu: Accessing hidden method Landroid/view/ViewGroup;->suppressLayout(Z)V (light greylist, linking)
07-05 20:55:24.971 28892 29709 W DashDownloadManager: Successfully downloaded 20200312_150944.mp4 in 24.112s
07-05 20:55:24.978 28892 29709 W NearbyFragment: Sending 20200312_150944.mp4 to Nexus 5X [34d8]
07-05 20:55:43.558 28892 29709 W DashDownloadManager: Successfully downloaded 20200312_151044.mp4 in 17.480s
07-05 20:55:43.630 28892 29755 W mobile-ffmpeg: [mov,mp4,m4a,3gp,3g2,mj2 @ 0x78d6445000] Found duplicated MOOV Atom. Skipped it
07-05 20:55:43.767 28892 29755 W mobile-ffmpeg: [graph 0 input from stream 0:0 @ 0x78d649d5c0] sws_param option is deprecated and ignored
07-05 20:55:52.723 28892 29821 W Summariser: No activity detected
07-05 20:55:52.727 28892 29755 W mobile-ffmpeg: [mov,mp4,m4a,3gp,3g2,mj2 @ 0x78d6445000] Found duplicated MOOV Atom. Skipped it
07-05 20:55:52.762 28892 29821 W Summariser: Summarisation completed
07-05 20:55:52.762 28892 29821 W Summariser:   filename: 20200312_151044.mp4
07-05 20:55:52.762 28892 29821 W Summariser:   active sections: 0
07-05 20:55:52.762 28892 29821 W Summariser:   time: 09.107s
07-05 20:55:52.762 28892 29821 W Summariser:   original duration: 60.02
07-05 20:55:52.762 28892 29821 W Summariser:   summarised duration: -1.00
07-05 20:55:52.762 28892 29821 W Summariser:   noise tolerance: 45.00
07-05 20:55:52.762 28892 29821 W Summariser:   quality: 23
07-05 20:55:52.762 28892 29821 W Summariser:   speed: medium
07-05 20:55:52.762 28892 29821 W Summariser:   freeze duration: 1.00
07-05 20:56:03.085 28892 29709 W DashDownloadManager: Successfully downloaded 20200312_193528.mp4 in 18.385s
07-05 20:56:03.154 28892 29755 W mobile-ffmpeg: [mov,mp4,m4a,3gp,3g2,mj2 @ 0x78d6445000] Found duplicated MOOV Atom. Skipped it
07-05 20:56:03.320 28892 29755 W mobile-ffmpeg: [graph 0 input from stream 0:0 @ 0x78d649d500] sws_param option is deprecated and ignored
07-05 20:56:11.988 28892 29859 W Summariser: No activity detected
07-05 20:56:11.992 28892 29755 W mobile-ffmpeg: [mov,mp4,m4a,3gp,3g2,mj2 @ 0x78d6445000] Found duplicated MOOV Atom. Skipped it
07-05 20:56:12.025 28892 29859 W Summariser: Summarisation completed
07-05 20:56:12.025 28892 29859 W Summariser:   filename: 20200312_193528.mp4
07-05 20:56:12.025 28892 29859 W Summariser:   active sections: 0
07-05 20:56:12.025 28892 29859 W Summariser:   time: 08.845s
07-05 20:56:12.025 28892 29859 W Summariser:   original duration: 60.05
07-05 20:56:12.025 28892 29859 W Summariser:   summarised duration: -1.00
07-05 20:56:12.025 28892 29859 W Summariser:   noise tolerance: 45.00
07-05 20:56:12.025 28892 29859 W Summariser:   quality: 23
07-05 20:56:12.025 28892 29859 W Summariser:   speed: medium
07-05 20:56:12.025 28892 29859 W Summariser:   freeze duration: 1.00
07-05 20:56:18.446 28892 29709 W DashDownloadManager: Successfully downloaded 20200312_193628.mp4 in 14.237s
07-05 20:56:18.519 28892 29755 W mobile-ffmpeg: [mov,mp4,m4a,3gp,3g2,mj2 @ 0x78b6ab9000] Found duplicated MOOV Atom. Skipped it
07-05 20:56:18.658 28892 29755 W mobile-ffmpeg: [graph 0 input from stream 0:0 @ 0x78d649d500] sws_param option is deprecated and ignored
07-05 20:56:20.443 28892 28892 W NearbyFragment: Completed downloading 20200312_150744.mp4 from Endpoint{id=Rc4h, name=Nexus 5 [1825]} in 00.656s
07-05 20:56:27.441 28892 29755 W mobile-ffmpeg: [mov,mp4,m4a,3gp,3g2,mj2 @ 0x78b6ab9000] Found duplicated MOOV Atom. Skipped it
07-05 20:56:27.483 28892 29896 W Summariser: 1 active sections found
07-05 20:56:27.487 28892 29755 W mobile-ffmpeg: [mov,mp4,m4a,3gp,3g2,mj2 @ 0x78b6ab9000] Found duplicated MOOV Atom. Skipped it
07-05 20:56:27.616 28892 29755 W mobile-ffmpeg: [graph 0 input from stream 0:0 @ 0x78d649cfc0] sws_param option is deprecated and ignored
07-05 20:56:33.880 28892 29709 W DashDownloadManager: Successfully downloaded 20200312_193728.mp4 in 14.316s
07-05 20:56:33.882 28892 29709 W NearbyFragment: Sending 20200312_193728.mp4 to Nexus 5 [1825]
07-05 20:56:41.413 28892 29755 W mobile-ffmpeg: [mov,mp4,m4a,3gp,3g2,mj2 @ 0x78b6ab9000] Found duplicated MOOV Atom. Skipped it
07-05 20:56:41.474 28892 29896 W Summariser: Summarisation completed
07-05 20:56:41.474 28892 29896 W Summariser:   filename: 20200312_193628.mp4
07-05 20:56:41.474 28892 29896 W Summariser:   active sections: 1
07-05 20:56:41.474 28892 29896 W Summariser:   time: 22.904s
07-05 20:56:41.474 28892 29896 W Summariser:   original duration: 60.02
07-05 20:56:41.474 28892 29896 W Summariser:   summarised duration: 6.07
07-05 20:56:41.474 28892 29896 W Summariser:   noise tolerance: 45.00
07-05 20:56:41.474 28892 29896 W Summariser:   quality: 23
07-05 20:56:41.474 28892 29896 W Summariser:   speed: medium
07-05 20:56:41.474 28892 29896 W Summariser:   freeze duration: 1.00
07-05 20:56:53.930 28892 28892 W NearbyFragment: Completed downloading 20200312_150944.mp4 from Endpoint{id=Qd2N, name=Nexus 5X [34d8]} in 04.176s
07-05 20:56:59.680 28892 29709 W DashDownloadManager: Successfully downloaded 20200312_193828.mp4 in 24.660s
07-05 20:56:59.690 28892 29709 W NearbyFragment: Sending 20200312_193828.mp4 to Nexus 5X [34d8]
07-05 20:57:19.699 28892 29709 W DashDownloadManager: Successfully downloaded 20200312_193928.mp4 in 18.885s
07-05 20:57:19.766 28892 29755 W mobile-ffmpeg: [mov,mp4,m4a,3gp,3g2,mj2 @ 0x78e6734200] Found duplicated MOOV Atom. Skipped it
07-05 20:57:19.909 28892 29755 W mobile-ffmpeg: [graph 0 input from stream 0:0 @ 0x78e661a840] sws_param option is deprecated and ignored
07-05 20:57:27.595 28892 29996 W Summariser: No activity detected
07-05 20:57:27.598 28892 29755 W mobile-ffmpeg: [mov,mp4,m4a,3gp,3g2,mj2 @ 0x78e6734200] Found duplicated MOOV Atom. Skipped it
07-05 20:57:27.628 28892 29996 W Summariser: Summarisation completed
07-05 20:57:27.628 28892 29996 W Summariser:   filename: 20200312_193928.mp4
07-05 20:57:27.628 28892 29996 W Summariser:   active sections: 0
07-05 20:57:27.628 28892 29996 W Summariser:   time: 07.841s
07-05 20:57:27.628 28892 29996 W Summariser:   original duration: 60.89
07-05 20:57:27.628 28892 29996 W Summariser:   summarised duration: -1.00
07-05 20:57:27.628 28892 29996 W Summariser:   noise tolerance: 45.00
07-05 20:57:27.628 28892 29996 W Summariser:   quality: 23
07-05 20:57:27.628 28892 29996 W Summariser:   speed: medium
07-05 20:57:27.628 28892 29996 W Summariser:   freeze duration: 1.00
07-05 20:57:45.927 28892 28892 W NearbyFragment: Completed downloading 20200312_193728.mp4 from Endpoint{id=Rc4h, name=Nexus 5 [1825]} in 20.940s
07-05 20:57:48.109 28892 29709 W DashDownloadManager: Successfully downloaded 20200312_194129.mp4 in 27.298s
07-05 20:57:48.116 28892 29709 W NearbyFragment: Sending 20200312_194129.mp4 to Nexus 5 [1825]
07-05 20:58:13.663 28892 29709 W DashDownloadManager: Successfully downloaded 20200312_194229.mp4 in 24.428s
07-05 20:58:13.722 28892 29755 W mobile-ffmpeg: [mov,mp4,m4a,3gp,3g2,mj2 @ 0x78e6733600] Found duplicated MOOV Atom. Skipped it
07-05 20:58:13.875 28892 29755 W mobile-ffmpeg: [graph 0 input from stream 0:0 @ 0x78e661a900] sws_param option is deprecated and ignored
07-05 20:58:21.446 28892 29755 W mobile-ffmpeg: [mov,mp4,m4a,3gp,3g2,mj2 @ 0x78e6733600] Found duplicated MOOV Atom. Skipped it
07-05 20:58:21.503 28892 30047 W Summariser: 5 active sections found
07-05 20:58:21.510 28892 29755 W mobile-ffmpeg: [mov,mp4,m4a,3gp,3g2,mj2 @ 0x78e6733600] Found duplicated MOOV Atom. Skipped it
07-05 20:58:21.597 28892 29755 W mobile-ffmpeg: [graph 0 input from stream 0:0 @ 0x78e661af00] sws_param option is deprecated and ignored
07-05 20:58:21.597 28892 29755 W mobile-ffmpeg: [graph 0 input from stream 0:0 @ 0x78e661b680] sws_param option is deprecated and ignored
07-05 20:58:21.598 28892 29755 W mobile-ffmpeg: [graph 0 input from stream 0:0 @ 0x78e661b440] sws_param option is deprecated and ignored
07-05 20:58:21.599 28892 29755 W mobile-ffmpeg: [graph 0 input from stream 0:0 @ 0x78e661b8c0] sws_param option is deprecated and ignored
07-05 20:58:21.599 28892 29755 W mobile-ffmpeg: [graph 0 input from stream 0:0 @ 0x78e661ba40] sws_param option is deprecated and ignored
07-05 20:58:29.284 28892 29709 W DashDownloadManager: Successfully downloaded 20200312_194330.mp4 in 14.485s
07-05 20:58:42.814 28892 29755 W mobile-ffmpeg: [mov,mp4,m4a,3gp,3g2,mj2 @ 0x78e6733600] Found duplicated MOOV Atom. Skipped it
07-05 20:58:42.872 28892 30047 W Summariser: Summarisation completed
07-05 20:58:42.872 28892 30047 W Summariser:   filename: 20200312_194229.mp4
07-05 20:58:42.872 28892 30047 W Summariser:   active sections: 5
07-05 20:58:42.872 28892 30047 W Summariser:   time: 29.100s
07-05 20:58:42.872 28892 30047 W Summariser:   original duration: 60.02
07-05 20:58:42.872 28892 30047 W Summariser:   summarised duration: 15.51
07-05 20:58:42.872 28892 30047 W Summariser:   noise tolerance: 45.00
07-05 20:58:42.872 28892 30047 W Summariser:   quality: 23
07-05 20:58:42.872 28892 30047 W Summariser:   speed: medium
07-05 20:58:42.872 28892 30047 W Summariser:   freeze duration: 1.00
07-05 20:58:42.989 28892 29755 W mobile-ffmpeg: [mov,mp4,m4a,3gp,3g2,mj2 @ 0x78e6733600] Found duplicated MOOV Atom. Skipped it
07-05 20:58:43.105 28892 29755 W mobile-ffmpeg: [graph 0 input from stream 0:0 @ 0x78e661a840] sws_param option is deprecated and ignored
07-05 20:58:44.663 28892 29709 W DashDownloadManager: Successfully downloaded 20200312_194730.mp4 in 14.309s
07-05 20:58:47.932 28892 28892 W NearbyFragment: Completed downloading 20200312_193828.mp4 from Endpoint{id=Qd2N, name=Nexus 5X [34d8]} in 00.907s
07-05 20:58:50.940 28892 30047 W Summariser: No activity detected
07-05 20:58:50.943 28892 29755 W mobile-ffmpeg: [mov,mp4,m4a,3gp,3g2,mj2 @ 0x78e6733600] Found duplicated MOOV Atom. Skipped it
07-05 20:58:50.971 28892 30047 W Summariser: Summarisation completed
07-05 20:58:50.971 28892 30047 W Summariser:   filename: 20200312_194330.mp4
07-05 20:58:50.971 28892 30047 W Summariser:   active sections: 0
07-05 20:58:50.971 28892 30047 W Summariser:   time: 07.964s
07-05 20:58:50.971 28892 30047 W Summariser:   original duration: 60.02
07-05 20:58:50.971 28892 30047 W Summariser:   summarised duration: -1.00
07-05 20:58:50.971 28892 30047 W Summariser:   noise tolerance: 45.00
07-05 20:58:50.971 28892 30047 W Summariser:   quality: 23
07-05 20:58:50.971 28892 30047 W Summariser:   speed: medium
07-05 20:58:50.971 28892 30047 W Summariser:   freeze duration: 1.00
07-05 20:58:50.989 28892 29755 W mobile-ffmpeg: [mov,mp4,m4a,3gp,3g2,mj2 @ 0x78e6733600] Found duplicated MOOV Atom. Skipped it
07-05 20:58:51.038 28892 29755 W mobile-ffmpeg: [graph 0 input from stream 0:0 @ 0x78e661a780] sws_param option is deprecated and ignored
07-05 20:58:58.918 28892 30047 W Summariser: No activity detected
07-05 20:58:58.921 28892 29755 W mobile-ffmpeg: [mov,mp4,m4a,3gp,3g2,mj2 @ 0x78e6733600] Found duplicated MOOV Atom. Skipped it
07-05 20:58:58.947 28892 30047 W Summariser: Summarisation completed
07-05 20:58:58.947 28892 30047 W Summariser:   filename: 20200312_194730.mp4
07-05 20:58:58.947 28892 30047 W Summariser:   active sections: 0
07-05 20:58:58.947 28892 30047 W Summariser:   time: 07.933s
07-05 20:58:58.947 28892 30047 W Summariser:   original duration: 60.02
07-05 20:58:58.947 28892 30047 W Summariser:   summarised duration: -1.00
07-05 20:58:58.947 28892 30047 W Summariser:   noise tolerance: 45.00
07-05 20:58:58.947 28892 30047 W Summariser:   quality: 23
07-05 20:58:58.947 28892 30047 W Summariser:   speed: medium
07-05 20:58:58.947 28892 30047 W Summariser:   freeze duration: 1.00
07-05 20:59:00.541 28892 29709 W DashDownloadManager: Successfully downloaded 20200312_194830.mp4 in 14.773s
07-05 20:59:00.548 28892 29709 W NearbyFragment: Sending 20200312_194830.mp4 to Nexus 5X [34d8]
07-05 20:59:22.791 28892 29709 W DashDownloadManager: Successfully downloaded 20200312_194930.mp4 in 21.103s
07-05 20:59:22.859 28892 29755 W mobile-ffmpeg: [mov,mp4,m4a,3gp,3g2,mj2 @ 0x78d5eeaa00] Found duplicated MOOV Atom. Skipped it
07-05 20:59:22.969 28892 29755 W mobile-ffmpeg: [graph 0 input from stream 0:0 @ 0x78d649d500] sws_param option is deprecated and ignored
07-05 20:59:30.802 28892 29755 W mobile-ffmpeg: [mov,mp4,m4a,3gp,3g2,mj2 @ 0x78d5eeaa00] Found duplicated MOOV Atom. Skipped it
07-05 20:59:30.847 28892 30240 W Summariser: 2 active sections found
07-05 20:59:30.852 28892 29755 W mobile-ffmpeg: [mov,mp4,m4a,3gp,3g2,mj2 @ 0x78d5eeaa00] Found duplicated MOOV Atom. Skipped it
07-05 20:59:30.944 28892 29755 W mobile-ffmpeg: [graph 0 input from stream 0:0 @ 0x78d5ff65c0] sws_param option is deprecated and ignored
07-05 20:59:30.944 28892 29755 W mobile-ffmpeg: [graph 0 input from stream 0:0 @ 0x78d649d680] sws_param option is deprecated and ignored
07-05 20:59:34.559 28892 28892 W NearbyFragment: Completed downloading 20200312_194129.mp4 from Endpoint{id=Rc4h, name=Nexus 5 [1825]} in 00.461s
07-05 20:59:40.223 28892 29709 W DashDownloadManager: Successfully downloaded 20200312_195230.mp4 in 16.313s
07-05 20:59:40.234 28892 29709 W NearbyFragment: Sending 20200312_195230.mp4 to Nexus 5 [1825]
07-05 20:59:40.378 28892 28901 W System  : A resource failed to call close. 
07-05 20:59:40.446 28892 28901 W System  : A resource failed to call close. 
07-05 20:59:40.446 28892 28901 W System  : A resource failed to call close. 
07-05 20:59:40.455 28892 28901 W System  : A resource failed to call close. 
07-05 20:59:40.491 28892 28901 W System  : A resource failed to call close. 
07-05 20:59:40.497 28892 28901 W System  : A resource failed to call close. 
07-05 20:59:40.497 28892 28901 W System  : A resource failed to call close. 
07-05 20:59:59.856 28892 29755 W mobile-ffmpeg: [mov,mp4,m4a,3gp,3g2,mj2 @ 0x78d5eeaa00] Found duplicated MOOV Atom. Skipped it
07-05 20:59:59.916 28892 30240 W Summariser: Summarisation completed
07-05 20:59:59.916 28892 30240 W Summariser:   filename: 20200312_194930.mp4
07-05 20:59:59.916 28892 30240 W Summariser:   active sections: 2
07-05 20:59:59.916 28892 30240 W Summariser:   time: 37.005s
07-05 20:59:59.916 28892 30240 W Summariser:   original duration: 60.02
07-05 20:59:59.916 28892 30240 W Summariser:   summarised duration: 22.25
07-05 20:59:59.916 28892 30240 W Summariser:   noise tolerance: 45.00
07-05 20:59:59.916 28892 30240 W Summariser:   quality: 23
07-05 20:59:59.916 28892 30240 W Summariser:   speed: medium
07-05 20:59:59.916 28892 30240 W Summariser:   freeze duration: 1.00
07-05 21:00:05.765 28892 29709 W DashDownloadManager: Successfully downloaded 20200312_195330.mp4 in 24.470s
07-05 21:00:05.814 28892 29755 W mobile-ffmpeg: [mov,mp4,m4a,3gp,3g2,mj2 @ 0x78d5ee9e00] Found duplicated MOOV Atom. Skipped it
07-05 21:00:05.903 28892 29755 W mobile-ffmpeg: [graph 0 input from stream 0:0 @ 0x78d649d200] sws_param option is deprecated and ignored
07-05 21:00:13.659 28892 30321 W Summariser: 5 active sections found
07-05 21:00:13.664 28892 29755 W mobile-ffmpeg: [mov,mp4,m4a,3gp,3g2,mj2 @ 0x78d5ee9e00] Found duplicated MOOV Atom. Skipped it
07-05 21:00:13.747 28892 29755 W mobile-ffmpeg: [graph 0 input from stream 0:0 @ 0x78d649d680] sws_param option is deprecated and ignored
07-05 21:00:13.747 28892 29755 W mobile-ffmpeg: [graph 0 input from stream 0:0 @ 0x78d649dec0] sws_param option is deprecated and ignored
07-05 21:00:13.747 28892 29755 W mobile-ffmpeg: [graph 0 input from stream 0:0 @ 0x78d649dbc0] sws_param option is deprecated and ignored
07-05 21:00:13.748 28892 29755 W mobile-ffmpeg: [graph 0 input from stream 0:0 @ 0x78d649e040] sws_param option is deprecated and ignored
07-05 21:00:13.748 28892 29755 W mobile-ffmpeg: [graph 0 input from stream 0:0 @ 0x78d649e1c0] sws_param option is deprecated and ignored
07-05 21:00:21.148 28892 29709 W DashDownloadManager: Successfully downloaded 20200312_195430.mp4 in 14.283s
07-05 21:00:22.182 28892 29709 W NearbyFragment: Stopped downloading from dashcam
07-05 21:00:39.807 28892 29755 W mobile-ffmpeg: [mov,mp4,m4a,3gp,3g2,mj2 @ 0x78d5ee9e00] Found duplicated MOOV Atom. Skipped it
07-05 21:00:39.853 28892 30321 W Summariser: Summarisation completed
07-05 21:00:39.853 28892 30321 W Summariser:   filename: 20200312_195330.mp4
07-05 21:00:39.853 28892 30321 W Summariser:   active sections: 5
07-05 21:00:39.853 28892 30321 W Summariser:   time: 33.998s
07-05 21:00:39.853 28892 30321 W Summariser:   original duration: 60.02
07-05 21:00:39.853 28892 30321 W Summariser:   summarised duration: 23.42
07-05 21:00:39.853 28892 30321 W Summariser:   noise tolerance: 45.00
07-05 21:00:39.853 28892 30321 W Summariser:   quality: 23
07-05 21:00:39.853 28892 30321 W Summariser:   speed: medium
07-05 21:00:39.853 28892 30321 W Summariser:   freeze duration: 1.00
07-05 21:00:39.950 28892 29755 W mobile-ffmpeg: [mov,mp4,m4a,3gp,3g2,mj2 @ 0x78d5ee9e00] Found duplicated MOOV Atom. Skipped it
07-05 21:00:40.074 28892 29755 W mobile-ffmpeg: [graph 0 input from stream 0:0 @ 0x78d5ff6e00] sws_param option is deprecated and ignored
07-05 21:00:47.385 28892 30321 W Summariser: 5 active sections found
07-05 21:00:47.389 28892 29755 W mobile-ffmpeg: [mov,mp4,m4a,3gp,3g2,mj2 @ 0x78d5ee9e00] Found duplicated MOOV Atom. Skipped it
07-05 21:00:47.448 28892 29755 W mobile-ffmpeg: [graph 0 input from stream 0:0 @ 0x78d649d680] sws_param option is deprecated and ignored
07-05 21:00:47.448 28892 29755 W mobile-ffmpeg: [graph 0 input from stream 0:0 @ 0x78d649dec0] sws_param option is deprecated and ignored
07-05 21:00:47.448 28892 29755 W mobile-ffmpeg: [graph 0 input from stream 0:0 @ 0x78d649dc80] sws_param option is deprecated and ignored
07-05 21:00:47.448 28892 29755 W mobile-ffmpeg: [graph 0 input from stream 0:0 @ 0x78d649e040] sws_param option is deprecated and ignored
07-05 21:00:47.448 28892 29755 W mobile-ffmpeg: [graph 0 input from stream 0:0 @ 0x78d649e1c0] sws_param option is deprecated and ignored
07-05 21:01:07.188 28892 28892 W NearbyFragment: Completed downloading 20200312_194830.mp4 from Endpoint{id=Qd2N, name=Nexus 5X [34d8]} in 00.531s
07-05 21:01:08.979 28892 29755 W mobile-ffmpeg: [mov,mp4,m4a,3gp,3g2,mj2 @ 0x78d5ee9e00] Found duplicated MOOV Atom. Skipped it
07-05 21:01:09.039 28892 30321 W Summariser: Summarisation completed
07-05 21:01:09.039 28892 30321 W Summariser:   filename: 20200312_195430.mp4
07-05 21:01:09.039 28892 30321 W Summariser:   active sections: 5
07-05 21:01:09.039 28892 30321 W Summariser:   time: 29.034s
07-05 21:01:09.039 28892 30321 W Summariser:   original duration: 60.02
07-05 21:01:09.039 28892 30321 W Summariser:   summarised duration: 21.92
07-05 21:01:09.039 28892 30321 W Summariser:   noise tolerance: 45.00
07-05 21:01:09.039 28892 30321 W Summariser:   quality: 23
07-05 21:01:09.039 28892 30321 W Summariser:   speed: medium
07-05 21:01:09.039 28892 30321 W Summariser:   freeze duration: 1.00
07-05 21:01:14.756 28892 28892 W NearbyFragment: Completed downloading 20200312_195230.mp4 from Endpoint{id=Rc4h, name=Nexus 5 [1825]} in 00.347s
