--------- beginning of main
--------- beginning of system
07-05 23:54:19.607 22222 22222 W LogFactory: Truncating log tag length as it exceed 23, the limit imposed by Android on certain API Levels
07-05 23:54:31.039 22222 22222 E TransferService: No notification is passed in the intent. Unable to transition to foreground.
07-05 23:56:17.624 22222 22222 W NearbyFragment: Completed downloading 20200312_150643.mp4 from Endpoint{id=hrLv, name=Galaxy S8 [2802]} in 15.736s
07-05 23:56:17.916 22222 22469 W mobile-ffmpeg: [mov,mp4,m4a,3gp,3g2,mj2 @ 0x7a20e92c00] Found duplicated MOOV Atom. Skipped it
07-05 23:56:18.071 22222 22469 W mobile-ffmpeg: [graph 0 input from stream 0:0 @ 0x7a20e70f00] sws_param option is deprecated and ignored
07-05 23:56:31.586 22222 22468 W Summariser: No activity detected
07-05 23:56:31.597 22222 22469 W mobile-ffmpeg: [mov,mp4,m4a,3gp,3g2,mj2 @ 0x7a20e92c00] Found duplicated MOOV Atom. Skipped it
07-05 23:56:31.756 22222 22468 W Summariser: Summarisation completed
07-05 23:56:31.756 22222 22468 W Summariser:   filename: 20200312_150643.mp4
07-05 23:56:31.756 22222 22468 W Summariser:   active sections: 0
07-05 23:56:31.756 22222 22468 W Summariser:   time: 13.915s
07-05 23:56:31.756 22222 22468 W Summariser:   original duration: 60.02
07-05 23:56:31.756 22222 22468 W Summariser:   summarised duration: -1.00
07-05 23:56:31.756 22222 22468 W Summariser:   noise tolerance: 45.00
07-05 23:56:31.756 22222 22468 W Summariser:   quality: 23
07-05 23:56:31.756 22222 22468 W Summariser:   speed: medium
07-05 23:56:31.756 22222 22468 W Summariser:   freeze duration: 1.00
07-05 23:57:12.844 22222 22222 W NearbyFragment: Completed downloading 20200312_150844.mp4 from Endpoint{id=hrLv, name=Galaxy S8 [2802]} in 14.371s
07-05 23:57:12.889 22222 22469 W mobile-ffmpeg: [mov,mp4,m4a,3gp,3g2,mj2 @ 0x7a20e92c00] Found duplicated MOOV Atom. Skipped it
07-05 23:57:13.028 22222 22469 W mobile-ffmpeg: [graph 0 input from stream 0:0 @ 0x7a20e70f00] sws_param option is deprecated and ignored
07-05 23:57:28.950 22222 22505 W Summariser: Whole video is active
07-05 23:57:32.296 22222 22469 W mobile-ffmpeg: [mov,mp4,m4a,3gp,3g2,mj2 @ 0x7a20e92c00] Found duplicated MOOV Atom. Skipped it
07-05 23:57:32.428 22222 22469 W mobile-ffmpeg: [mov,mp4,m4a,3gp,3g2,mj2 @ 0x7a20e92c00] Found duplicated MOOV Atom. Skipped it
07-05 23:57:32.538 22222 22505 W Summariser: Summarisation completed
07-05 23:57:32.538 22222 22505 W Summariser:   filename: 20200312_150844.mp4
07-05 23:57:32.538 22222 22505 W Summariser:   active sections: -1
07-05 23:57:32.538 22222 22505 W Summariser:   time: 19.407s
07-05 23:57:32.538 22222 22505 W Summariser:   original duration: 60.02
07-05 23:57:32.538 22222 22505 W Summariser:   summarised duration: 60.02
07-05 23:57:32.538 22222 22505 W Summariser:   noise tolerance: 45.00
07-05 23:57:32.538 22222 22505 W Summariser:   quality: 23
07-05 23:57:32.538 22222 22505 W Summariser:   speed: medium
07-05 23:57:32.538 22222 22505 W Summariser:   freeze duration: 1.00
07-05 23:57:32.644 22222 22505 W NearbyFragment: Sending 20200312_150844.mp4 to Galaxy S8 [2802]
07-05 23:58:17.865 22222 22222 W NearbyFragment: Completed downloading 20200312_151044.mp4 from Endpoint{id=hrLv, name=Galaxy S8 [2802]} in 14.687s
07-05 23:58:17.912 22222 22469 W mobile-ffmpeg: [mov,mp4,m4a,3gp,3g2,mj2 @ 0x7a20e92c00] Found duplicated MOOV Atom. Skipped it
07-05 23:58:18.033 22222 22469 W mobile-ffmpeg: [graph 0 input from stream 0:0 @ 0x7a20e70f00] sws_param option is deprecated and ignored
07-05 23:58:38.355 22222 22550 W Summariser: No activity detected
07-05 23:58:38.365 22222 22469 W mobile-ffmpeg: [mov,mp4,m4a,3gp,3g2,mj2 @ 0x7a20e92c00] Found duplicated MOOV Atom. Skipped it
07-05 23:58:38.440 22222 22550 W Summariser: Summarisation completed
07-05 23:58:38.440 22222 22550 W Summariser:   filename: 20200312_151044.mp4
07-05 23:58:38.440 22222 22550 W Summariser:   active sections: 0
07-05 23:58:38.440 22222 22550 W Summariser:   time: 20.454s
07-05 23:58:38.440 22222 22550 W Summariser:   original duration: 60.02
07-05 23:58:38.440 22222 22550 W Summariser:   summarised duration: -1.00
07-05 23:58:38.440 22222 22550 W Summariser:   noise tolerance: 45.00
07-05 23:58:38.440 22222 22550 W Summariser:   quality: 23
07-05 23:58:38.440 22222 22550 W Summariser:   speed: medium
07-05 23:58:38.440 22222 22550 W Summariser:   freeze duration: 1.00
07-05 23:59:15.702 22222 22222 W NearbyFragment: Completed downloading 20200312_193628.mp4 from Endpoint{id=hrLv, name=Galaxy S8 [2802]} in 14.630s
07-05 23:59:15.747 22222 22469 W mobile-ffmpeg: [mov,mp4,m4a,3gp,3g2,mj2 @ 0x7a20e92c00] Found duplicated MOOV Atom. Skipped it
07-05 23:59:15.896 22222 22469 W mobile-ffmpeg: [graph 0 input from stream 0:0 @ 0x7a20e70f00] sws_param option is deprecated and ignored
07-05 23:59:36.266 22222 22469 W mobile-ffmpeg: [mov,mp4,m4a,3gp,3g2,mj2 @ 0x7a20e92c00] Found duplicated MOOV Atom. Skipped it
07-05 23:59:36.370 22222 22573 W Summariser: 1 active sections found
07-05 23:59:36.384 22222 22469 W mobile-ffmpeg: [mov,mp4,m4a,3gp,3g2,mj2 @ 0x7a20e92c00] Found duplicated MOOV Atom. Skipped it
07-05 23:59:36.537 22222 22469 W mobile-ffmpeg: [graph 0 input from stream 0:0 @ 0x7a20e709c0] sws_param option is deprecated and ignored
07-06 00:00:15.973 22222 22469 W mobile-ffmpeg: [mov,mp4,m4a,3gp,3g2,mj2 @ 0x7a20e92c00] Found duplicated MOOV Atom. Skipped it
07-06 00:00:16.137 22222 22573 W Summariser: Summarisation completed
07-06 00:00:16.137 22222 22573 W Summariser:   filename: 20200312_193628.mp4
07-06 00:00:16.137 22222 22573 W Summariser:   active sections: 1
07-06 00:00:16.137 22222 22573 W Summariser:   time: 60.226s
07-06 00:00:16.137 22222 22573 W Summariser:   original duration: 60.02
07-06 00:00:16.137 22222 22573 W Summariser:   summarised duration: 6.07
07-06 00:00:16.137 22222 22573 W Summariser:   noise tolerance: 45.00
07-06 00:00:16.137 22222 22573 W Summariser:   quality: 23
07-06 00:00:16.137 22222 22573 W Summariser:   speed: medium
07-06 00:00:16.137 22222 22573 W Summariser:   freeze duration: 1.00
07-06 00:00:16.195 22222 22573 W NearbyFragment: Sending 20200312_193628.mp4 to Galaxy S8 [2802]
07-06 00:00:43.646 22222 22222 W NearbyFragment: Completed downloading 20200312_193928.mp4 from Endpoint{id=hrLv, name=Galaxy S8 [2802]} in 17.685s
07-06 00:00:43.686 22222 22469 W mobile-ffmpeg: [mov,mp4,m4a,3gp,3g2,mj2 @ 0x7a20e92c00] Found duplicated MOOV Atom. Skipped it
07-06 00:00:43.872 22222 22469 W mobile-ffmpeg: [graph 0 input from stream 0:0 @ 0x7a20e70cc0] sws_param option is deprecated and ignored
07-06 00:01:03.985 22222 22689 W Summariser: No activity detected
07-06 00:01:03.994 22222 22469 W mobile-ffmpeg: [mov,mp4,m4a,3gp,3g2,mj2 @ 0x7a20e92c00] Found duplicated MOOV Atom. Skipped it
07-06 00:01:04.064 22222 22689 W Summariser: Summarisation completed
07-06 00:01:04.064 22222 22689 W Summariser:   filename: 20200312_193928.mp4
07-06 00:01:04.064 22222 22689 W Summariser:   active sections: 0
07-06 00:01:04.064 22222 22689 W Summariser:   time: 20.309s
07-06 00:01:04.064 22222 22689 W Summariser:   original duration: 60.89
07-06 00:01:04.064 22222 22689 W Summariser:   summarised duration: -1.00
07-06 00:01:04.064 22222 22689 W Summariser:   noise tolerance: 45.00
07-06 00:01:04.064 22222 22689 W Summariser:   quality: 23
07-06 00:01:04.064 22222 22689 W Summariser:   speed: medium
07-06 00:01:04.064 22222 22689 W Summariser:   freeze duration: 1.00
07-06 00:01:25.229 22222 22222 W NearbyFragment: Completed downloading 20200312_194129.mp4 from Endpoint{id=hrLv, name=Galaxy S8 [2802]} in 18.044s
07-06 00:01:25.267 22222 22469 W mobile-ffmpeg: [mov,mp4,m4a,3gp,3g2,mj2 @ 0x7a20e92c00] Found duplicated MOOV Atom. Skipped it
07-06 00:01:25.371 22222 22469 W mobile-ffmpeg: [graph 0 input from stream 0:0 @ 0x7a20e70cc0] sws_param option is deprecated and ignored
07-06 00:01:45.831 22222 22715 W Summariser: 2 active sections found
07-06 00:01:45.846 22222 22469 W mobile-ffmpeg: [mov,mp4,m4a,3gp,3g2,mj2 @ 0x7a20e92c00] Found duplicated MOOV Atom. Skipped it
07-06 00:01:45.950 22222 22469 W mobile-ffmpeg: [graph 0 input from stream 0:0 @ 0x7a20e70b40] sws_param option is deprecated and ignored
07-06 00:01:45.951 22222 22469 W mobile-ffmpeg: [graph 0 input from stream 0:0 @ 0x7a20e71080] sws_param option is deprecated and ignored
07-06 00:02:32.700 22222 22469 W mobile-ffmpeg: [mov,mp4,m4a,3gp,3g2,mj2 @ 0x7a20e92c00] Found duplicated MOOV Atom. Skipped it
07-06 00:02:32.840 22222 22715 W Summariser: Summarisation completed
07-06 00:02:32.840 22222 22715 W Summariser:   filename: 20200312_194129.mp4
07-06 00:02:32.840 22222 22715 W Summariser:   active sections: 2
07-06 00:02:32.840 22222 22715 W Summariser:   time: 67.433s
07-06 00:02:32.840 22222 22715 W Summariser:   original duration: 60.02
07-06 00:02:32.840 22222 22715 W Summariser:   summarised duration: 10.77
07-06 00:02:32.840 22222 22715 W Summariser:   noise tolerance: 45.00
07-06 00:02:32.840 22222 22715 W Summariser:   quality: 23
07-06 00:02:32.840 22222 22715 W Summariser:   speed: medium
07-06 00:02:32.840 22222 22715 W Summariser:   freeze duration: 1.00
07-06 00:02:32.905 22222 22715 W NearbyFragment: Sending 20200312_194129.mp4 to Galaxy S8 [2802]
07-06 00:02:45.796 22222 22222 W NearbyFragment: Completed downloading 20200312_194730.mp4 from Endpoint{id=hrLv, name=Galaxy S8 [2802]} in 13.019s
07-06 00:02:45.830 22222 22469 W mobile-ffmpeg: [mov,mp4,m4a,3gp,3g2,mj2 @ 0x7a20e92c00] Found duplicated MOOV Atom. Skipped it
07-06 00:02:45.942 22222 22469 W mobile-ffmpeg: [graph 0 input from stream 0:0 @ 0x7a20e70cc0] sws_param option is deprecated and ignored
07-06 00:03:06.274 22222 22767 W Summariser: No activity detected
07-06 00:03:06.286 22222 22469 W mobile-ffmpeg: [mov,mp4,m4a,3gp,3g2,mj2 @ 0x7a20e92c00] Found duplicated MOOV Atom. Skipped it
07-06 00:03:06.355 22222 22767 W Summariser: Summarisation completed
07-06 00:03:06.355 22222 22767 W Summariser:   filename: 20200312_194730.mp4
07-06 00:03:06.355 22222 22767 W Summariser:   active sections: 0
07-06 00:03:06.355 22222 22767 W Summariser:   time: 20.454s
07-06 00:03:06.355 22222 22767 W Summariser:   original duration: 60.02
07-06 00:03:06.355 22222 22767 W Summariser:   summarised duration: -1.00
07-06 00:03:06.355 22222 22767 W Summariser:   noise tolerance: 45.00
07-06 00:03:06.355 22222 22767 W Summariser:   quality: 23
07-06 00:03:06.355 22222 22767 W Summariser:   speed: medium
07-06 00:03:06.355 22222 22767 W Summariser:   freeze duration: 1.00
07-06 00:03:42.853 22222 22222 W NearbyFragment: Completed downloading 20200312_194930.mp4 from Endpoint{id=hrLv, name=Galaxy S8 [2802]} in 16.580s
07-06 00:03:42.907 22222 22469 W mobile-ffmpeg: [mov,mp4,m4a,3gp,3g2,mj2 @ 0x7a20e92c00] Found duplicated MOOV Atom. Skipped it
07-06 00:03:43.040 22222 22469 W mobile-ffmpeg: [graph 0 input from stream 0:0 @ 0x7a20e70cc0] sws_param option is deprecated and ignored
07-06 00:04:03.672 22222 22469 W mobile-ffmpeg: [mov,mp4,m4a,3gp,3g2,mj2 @ 0x7a20e92c00] Found duplicated MOOV Atom. Skipped it
07-06 00:04:03.771 22222 22800 W Summariser: 2 active sections found
07-06 00:04:03.784 22222 22469 W mobile-ffmpeg: [mov,mp4,m4a,3gp,3g2,mj2 @ 0x7a20e92c00] Found duplicated MOOV Atom. Skipped it
07-06 00:04:03.921 22222 22469 W mobile-ffmpeg: [graph 0 input from stream 0:0 @ 0x7a20e70b40] sws_param option is deprecated and ignored
07-06 00:04:03.922 22222 22469 W mobile-ffmpeg: [graph 0 input from stream 0:0 @ 0x7a20e70fc0] sws_param option is deprecated and ignored
07-06 00:04:50.861 22222 22222 W NearbyFragment: Completed downloading 20200312_195330.mp4 from Endpoint{id=hrLv, name=Galaxy S8 [2802]} in 26.462s
07-06 00:05:40.463 22222 22469 W mobile-ffmpeg: [mov,mp4,m4a,3gp,3g2,mj2 @ 0x7a20e92c00] Found duplicated MOOV Atom. Skipped it
07-06 00:05:40.649 22222 22800 W Summariser: Summarisation completed
07-06 00:05:40.649 22222 22800 W Summariser:   filename: 20200312_194930.mp4
07-06 00:05:40.649 22222 22800 W Summariser:   active sections: 2
07-06 00:05:40.649 22222 22800 W Summariser:   time: 117.553s
07-06 00:05:40.649 22222 22800 W Summariser:   original duration: 60.02
07-06 00:05:40.649 22222 22800 W Summariser:   summarised duration: 22.25
07-06 00:05:40.649 22222 22800 W Summariser:   noise tolerance: 45.00
07-06 00:05:40.649 22222 22800 W Summariser:   quality: 23
07-06 00:05:40.649 22222 22800 W Summariser:   speed: medium
07-06 00:05:40.649 22222 22800 W Summariser:   freeze duration: 1.00
07-06 00:05:40.719 22222 22800 W NearbyFragment: Sending 20200312_194930.mp4 to Galaxy S8 [2802]
07-06 00:05:40.755 22222 22469 W mobile-ffmpeg: [mov,mp4,m4a,3gp,3g2,mj2 @ 0x7a20e92c00] Found duplicated MOOV Atom. Skipped it
07-06 00:05:40.945 22222 22469 W mobile-ffmpeg: [graph 0 input from stream 0:0 @ 0x7a20e70b40] sws_param option is deprecated and ignored
07-06 00:06:04.721 22222 22800 W Summariser: 5 active sections found
07-06 00:06:04.739 22222 22469 W mobile-ffmpeg: [mov,mp4,m4a,3gp,3g2,mj2 @ 0x7a20e92c00] Found duplicated MOOV Atom. Skipped it
07-06 00:06:04.887 22222 22469 W mobile-ffmpeg: [graph 0 input from stream 0:0 @ 0x7a20e712c0] sws_param option is deprecated and ignored
07-06 00:06:04.887 22222 22469 W mobile-ffmpeg: [graph 0 input from stream 0:0 @ 0x7a20e71b00] sws_param option is deprecated and ignored
07-06 00:06:04.887 22222 22469 W mobile-ffmpeg: [graph 0 input from stream 0:0 @ 0x7a20e71800] sws_param option is deprecated and ignored
07-06 00:06:04.888 22222 22469 W mobile-ffmpeg: [graph 0 input from stream 0:0 @ 0x7a20e71c80] sws_param option is deprecated and ignored
07-06 00:06:04.888 22222 22469 W mobile-ffmpeg: [graph 0 input from stream 0:0 @ 0x7a20e71e00] sws_param option is deprecated and ignored
07-06 00:07:39.676 22222 22469 W mobile-ffmpeg: [mov,mp4,m4a,3gp,3g2,mj2 @ 0x7a20e92c00] Found duplicated MOOV Atom. Skipped it
07-06 00:07:39.811 22222 22800 W Summariser: Summarisation completed
07-06 00:07:39.811 22222 22800 W Summariser:   filename: 20200312_195330.mp4
07-06 00:07:39.811 22222 22800 W Summariser:   active sections: 5
07-06 00:07:39.811 22222 22800 W Summariser:   time: 118.927s
07-06 00:07:39.811 22222 22800 W Summariser:   original duration: 60.02
07-06 00:07:39.811 22222 22800 W Summariser:   summarised duration: 23.42
07-06 00:07:39.811 22222 22800 W Summariser:   noise tolerance: 45.00
07-06 00:07:39.811 22222 22800 W Summariser:   quality: 23
07-06 00:07:39.811 22222 22800 W Summariser:   speed: medium
07-06 00:07:39.811 22222 22800 W Summariser:   freeze duration: 1.00
07-06 00:07:39.869 22222 22800 W NearbyFragment: Sending 20200312_195330.mp4 to Galaxy S8 [2802]
