--------- beginning of main
--------- beginning of system
07-05 23:54:20.640 29415 29415 W LogFactory: Truncating log tag length as it exceed 23, the limit imposed by Android on certain API Levels
07-05 23:54:31.943 29415 29415 E TransferService: No notification is passed in the intent. Unable to transition to foreground.
07-05 23:54:32.076 29415 29415 W StaticLayout: maxLineHeight should not be -1.  maxLines:1 lineCount:1
07-05 23:54:32.091 29415 29415 W StaticLayout: maxLineHeight should not be -1.  maxLines:1 lineCount:1
07-05 23:54:32.099 29415 29415 W StaticLayout: maxLineHeight should not be -1.  maxLines:1 lineCount:1
07-05 23:54:32.111 29415 29415 W StaticLayout: maxLineHeight should not be -1.  maxLines:1 lineCount:1
07-05 23:54:32.159 29415 29445 W Adreno-EGL: <qeglDrvAPI_eglGetConfigAttrib:607>: EGL_BAD_ATTRIBUTE
07-05 23:54:32.162 29415 29445 W Adreno-EGL: <qeglDrvAPI_eglGetConfigAttrib:607>: EGL_BAD_ATTRIBUTE
07-05 23:54:32.173 29415 29415 W StaticLayout: maxLineHeight should not be -1.  maxLines:1 lineCount:1
07-05 23:54:32.182 29415 29415 W StaticLayout: maxLineHeight should not be -1.  maxLines:1 lineCount:1
07-05 23:55:07.018 29415 29445 W Adreno-EGL: <qeglDrvAPI_eglGetConfigAttrib:607>: EGL_BAD_ATTRIBUTE
07-05 23:55:11.023 29415 29445 W Adreno-EGL: <qeglDrvAPI_eglGetConfigAttrib:607>: EGL_BAD_ATTRIBUTE
07-05 23:56:51.460 29415 29415 W NearbyFragment: Completed downloading 20200312_150744.mp4 from Endpoint{id=hrLv, name=Galaxy S8 [2802]} in 23.277s
07-05 23:56:51.589 29415 29710 W mobile-ffmpeg: [mov,mp4,m4a,3gp,3g2,mj2 @ 0x90ec5a00] Found duplicated MOOV Atom. Skipped it
07-05 23:56:51.720 29415 29710 W mobile-ffmpeg: [graph 0 input from stream 0:0 @ 0x93a37d60] sws_param option is deprecated and ignored
07-05 23:57:13.543 29415 29710 W mobile-ffmpeg: [mov,mp4,m4a,3gp,3g2,mj2 @ 0x8dc60c00] Found duplicated MOOV Atom. Skipped it
07-05 23:57:13.615 29415 29709 W Summariser: 1 active sections found
07-05 23:57:13.629 29415 29710 W mobile-ffmpeg: [mov,mp4,m4a,3gp,3g2,mj2 @ 0x8dc56e00] Found duplicated MOOV Atom. Skipped it
07-05 23:57:13.719 29415 29710 W mobile-ffmpeg: [graph 0 input from stream 0:0 @ 0x8dc64fe0] sws_param option is deprecated and ignored
07-05 23:57:42.469 29415 29710 W mobile-ffmpeg: [mov,mp4,m4a,3gp,3g2,mj2 @ 0x8dc56e00] Found duplicated MOOV Atom. Skipped it
07-05 23:57:42.600 29415 29709 W Summariser: Summarisation completed
07-05 23:57:42.600 29415 29709 W Summariser:   filename: 20200312_150744.mp4
07-05 23:57:42.600 29415 29709 W Summariser:   active sections: 1
07-05 23:57:42.600 29415 29709 W Summariser:   time: 50.947s
07-05 23:57:42.600 29415 29709 W Summariser:   original duration: 60.02
07-05 23:57:42.600 29415 29709 W Summariser:   summarised duration: 4.83
07-05 23:57:42.600 29415 29709 W Summariser:   noise tolerance: 45.00
07-05 23:57:42.600 29415 29709 W Summariser:   quality: 23
07-05 23:57:42.600 29415 29709 W Summariser:   speed: medium
07-05 23:57:42.600 29415 29709 W Summariser:   freeze duration: 1.00
07-05 23:57:42.680 29415 29709 W NearbyFragment: Sending 20200312_150744.mp4 to Galaxy S8 [2802]
07-05 23:58:53.931 29415 29415 W NearbyFragment: Completed downloading 20200312_193528.mp4 from Endpoint{id=hrLv, name=Galaxy S8 [2802]} in 23.337s
07-05 23:58:54.001 29415 29710 W mobile-ffmpeg: [mov,mp4,m4a,3gp,3g2,mj2 @ 0x90ec3600] Found duplicated MOOV Atom. Skipped it
07-05 23:58:54.098 29415 29710 W mobile-ffmpeg: [graph 0 input from stream 0:0 @ 0x8dc65160] sws_param option is deprecated and ignored
07-05 23:59:15.597 29415 29870 W Summariser: No activity detected
07-05 23:59:15.607 29415 29710 W mobile-ffmpeg: [mov,mp4,m4a,3gp,3g2,mj2 @ 0x8d08b200] Found duplicated MOOV Atom. Skipped it
07-05 23:59:15.671 29415 29870 W Summariser: Summarisation completed
07-05 23:59:15.671 29415 29870 W Summariser:   filename: 20200312_193528.mp4
07-05 23:59:15.671 29415 29870 W Summariser:   active sections: 0
07-05 23:59:15.671 29415 29870 W Summariser:   time: 21.611s
07-05 23:59:15.671 29415 29870 W Summariser:   original duration: 60.05
07-05 23:59:15.671 29415 29870 W Summariser:   summarised duration: -1.00
07-05 23:59:15.671 29415 29870 W Summariser:   noise tolerance: 45.00
07-05 23:59:15.671 29415 29870 W Summariser:   quality: 23
07-05 23:59:15.671 29415 29870 W Summariser:   speed: medium
07-05 23:59:15.671 29415 29870 W Summariser:   freeze duration: 1.00
07-05 23:59:48.842 29415 29415 W NearbyFragment: Completed downloading 20200312_193728.mp4 from Endpoint{id=hrLv, name=Galaxy S8 [2802]} in 21.733s
07-05 23:59:48.878 29415 29710 W mobile-ffmpeg: [mov,mp4,m4a,3gp,3g2,mj2 @ 0x8c9c4400] Found duplicated MOOV Atom. Skipped it
07-05 23:59:49.025 29415 29710 W mobile-ffmpeg: [graph 0 input from stream 0:0 @ 0x8dbec5c0] sws_param option is deprecated and ignored
07-06 00:00:13.682 29415 29960 W Summariser: Whole video is active
07-06 00:00:20.204 29415 29710 W mobile-ffmpeg: [mov,mp4,m4a,3gp,3g2,mj2 @ 0x8c9c4400] Found duplicated MOOV Atom. Skipped it
07-06 00:00:20.326 29415 29710 W mobile-ffmpeg: [mov,mp4,m4a,3gp,3g2,mj2 @ 0x8dc49600] Found duplicated MOOV Atom. Skipped it
07-06 00:00:20.435 29415 29960 W Summariser: Summarisation completed
07-06 00:00:20.435 29415 29960 W Summariser:   filename: 20200312_193728.mp4
07-06 00:00:20.435 29415 29960 W Summariser:   active sections: -1
07-06 00:00:20.435 29415 29960 W Summariser:   time: 31.327s
07-06 00:00:20.435 29415 29960 W Summariser:   original duration: 60.02
07-06 00:00:20.435 29415 29960 W Summariser:   summarised duration: 60.02
07-06 00:00:20.435 29415 29960 W Summariser:   noise tolerance: 45.00
07-06 00:00:20.435 29415 29960 W Summariser:   quality: 23
07-06 00:00:20.435 29415 29960 W Summariser:   speed: medium
07-06 00:00:20.435 29415 29960 W Summariser:   freeze duration: 1.00
07-06 00:00:20.506 29415 29960 W NearbyFragment: Sending 20200312_193728.mp4 to Galaxy S8 [2802]
07-06 00:01:58.805 29415 29415 W NearbyFragment: Completed downloading 20200312_194229.mp4 from Endpoint{id=hrLv, name=Galaxy S8 [2802]} in 24.414s
07-06 00:01:58.857 29415 29710 W mobile-ffmpeg: [mov,mp4,m4a,3gp,3g2,mj2 @ 0xa39aea00] Found duplicated MOOV Atom. Skipped it
07-06 00:01:58.998 29415 29710 W mobile-ffmpeg: [graph 0 input from stream 0:0 @ 0x93a37760] sws_param option is deprecated and ignored
07-06 00:02:21.929 29415 29710 W mobile-ffmpeg: [mov,mp4,m4a,3gp,3g2,mj2 @ 0x8dc6ce00] Found duplicated MOOV Atom. Skipped it
07-06 00:02:22.040 29415 30303 W Summariser: 5 active sections found
07-06 00:02:22.054 29415 29710 W mobile-ffmpeg: [mov,mp4,m4a,3gp,3g2,mj2 @ 0x8dc53a00] Found duplicated MOOV Atom. Skipped it
07-06 00:02:22.171 29415 29710 W mobile-ffmpeg: [graph 0 input from stream 0:0 @ 0x8dc65040] sws_param option is deprecated and ignored
07-06 00:02:22.171 29415 29710 W mobile-ffmpeg: [graph 0 input from stream 0:0 @ 0x8dc65160] sws_param option is deprecated and ignored
07-06 00:02:22.172 29415 29710 W mobile-ffmpeg: [graph 0 input from stream 0:0 @ 0x8dc64f20] sws_param option is deprecated and ignored
07-06 00:02:22.172 29415 29710 W mobile-ffmpeg: [graph 0 input from stream 0:0 @ 0x8dc653a0] sws_param option is deprecated and ignored
07-06 00:02:22.172 29415 29710 W mobile-ffmpeg: [graph 0 input from stream 0:0 @ 0x8dc654c0] sws_param option is deprecated and ignored
07-06 00:03:29.525 29415 29710 W mobile-ffmpeg: [mov,mp4,m4a,3gp,3g2,mj2 @ 0x8dc53a00] Found duplicated MOOV Atom. Skipped it
07-06 00:03:29.764 29415 30303 W Summariser: Summarisation completed
07-06 00:03:29.764 29415 30303 W Summariser:   filename: 20200312_194229.mp4
07-06 00:03:29.764 29415 30303 W Summariser:   active sections: 5
07-06 00:03:29.764 29415 30303 W Summariser:   time: 90.664s
07-06 00:03:29.764 29415 30303 W Summariser:   original duration: 60.02
07-06 00:03:29.764 29415 30303 W Summariser:   summarised duration: 15.51
07-06 00:03:29.764 29415 30303 W Summariser:   noise tolerance: 45.00
07-06 00:03:29.764 29415 30303 W Summariser:   quality: 23
07-06 00:03:29.764 29415 30303 W Summariser:   speed: medium
07-06 00:03:29.764 29415 30303 W Summariser:   freeze duration: 1.00
07-06 00:03:29.850 29415 30303 W NearbyFragment: Sending 20200312_194229.mp4 to Galaxy S8 [2802]
07-06 00:04:16.044 29415 29415 W NearbyFragment: Completed downloading 20200312_195230.mp4 from Endpoint{id=hrLv, name=Galaxy S8 [2802]} in 23.712s
07-06 00:04:16.091 29415 29710 W mobile-ffmpeg: [mov,mp4,m4a,3gp,3g2,mj2 @ 0x8becc400] Found duplicated MOOV Atom. Skipped it
07-06 00:04:16.220 29415 29710 W mobile-ffmpeg: [graph 0 input from stream 0:0 @ 0x8dc64a40] sws_param option is deprecated and ignored
07-06 00:04:42.221 29415 30466 W Summariser: 1 active sections found
07-06 00:04:42.238 29415 29710 W mobile-ffmpeg: [mov,mp4,m4a,3gp,3g2,mj2 @ 0xa2736000] Found duplicated MOOV Atom. Skipped it
07-06 00:04:42.380 29415 29710 W mobile-ffmpeg: [graph 0 input from stream 0:0 @ 0x93a20ea0] sws_param option is deprecated and ignored
07-06 00:05:17.228 29415 29710 W mobile-ffmpeg: [mov,mp4,m4a,3gp,3g2,mj2 @ 0xa2736000] Found duplicated MOOV Atom. Skipped it
07-06 00:05:17.416 29415 30466 W Summariser: Summarisation completed
07-06 00:05:17.416 29415 30466 W Summariser:   filename: 20200312_195230.mp4
07-06 00:05:17.416 29415 30466 W Summariser:   active sections: 1
07-06 00:05:17.416 29415 30466 W Summariser:   time: 61.150s
07-06 00:05:17.416 29415 30466 W Summariser:   original duration: 60.02
07-06 00:05:17.416 29415 30466 W Summariser:   summarised duration: 6.97
07-06 00:05:17.416 29415 30466 W Summariser:   noise tolerance: 45.00
07-06 00:05:17.416 29415 30466 W Summariser:   quality: 23
07-06 00:05:17.416 29415 30466 W Summariser:   speed: medium
07-06 00:05:17.416 29415 30466 W Summariser:   freeze duration: 1.00
07-06 00:05:17.503 29415 30466 W NearbyFragment: Sending 20200312_195230.mp4 to Galaxy S8 [2802]
