--------- beginning of main
07-05 23:38:25.409 21375 21375 I zygote64: Late-enabling -Xcheck:jni
--------- beginning of system
07-05 23:38:25.541 21375 21375 I ActivityThread: handleStopService: token=android.os.BinderProxy@a7b801a not found.
07-05 23:38:25.547 21375 21375 I TransferService: Starting Transfer Service to listen for network connectivity changes.
07-05 23:38:25.549 21375 21375 W LogFactory: Truncating log tag length as it exceed 23, the limit imposed by Android on certain API Levels
07-05 23:38:25.576 21375 21375 I TransferService: Registering the network receiver
07-05 23:38:25.581 21375 21375 I TransferService: Moving the service out of the Foreground state.
07-05 23:38:25.582 21375 21375 I TransferService: De-registering the network receiver.
07-05 23:38:29.103 21375 21375 I zygote64: Rejecting re-init on previously-failed class java.lang.Class<androidx.core.view.ViewCompat$2>: java.lang.NoClassDefFoundError: Failed resolution of: Landroid/view/View$OnUnhandledKeyEventListener;
07-05 23:38:29.104 21375 21375 I zygote64:   at void androidx.core.view.ViewCompat.setOnApplyWindowInsetsListener(android.view.View, androidx.core.view.OnApplyWindowInsetsListener) (ViewCompat.java:2421)
07-05 23:38:29.104 21375 21375 I zygote64:   at android.view.ViewGroup androidx.appcompat.app.AppCompatDelegateImpl.createSubDecor() (AppCompatDelegateImpl.java:779)
07-05 23:38:29.104 21375 21375 I zygote64:   at void androidx.appcompat.app.AppCompatDelegateImpl.ensureSubDecor() (AppCompatDelegateImpl.java:659)
07-05 23:38:29.104 21375 21375 I zygote64:   at void androidx.appcompat.app.AppCompatDelegateImpl.setContentView(int) (AppCompatDelegateImpl.java:552)
07-05 23:38:29.104 21375 21375 I zygote64:   at void androidx.appcompat.app.AppCompatActivity.setContentView(int) (AppCompatActivity.java:161)
07-05 23:38:29.104 21375 21375 I zygote64:   at void com.example.edgesum.page.main.MainActivity.onCreate(android.os.Bundle) (MainActivity.java:95)
07-05 23:38:29.104 21375 21375 I zygote64:   at void android.app.Activity.performCreate(android.os.Bundle, android.os.PersistableBundle) (Activity.java:7009)
07-05 23:38:29.104 21375 21375 I zygote64:   at void android.app.Activity.performCreate(android.os.Bundle) (Activity.java:7000)
07-05 23:38:29.104 21375 21375 I zygote64:   at void android.app.Instrumentation.callActivityOnCreate(android.app.Activity, android.os.Bundle) (Instrumentation.java:1214)
07-05 23:38:29.104 21375 21375 I zygote64:   at android.app.Activity android.app.ActivityThread.performLaunchActivity(android.app.ActivityThread$ActivityClientRecord, android.content.Intent) (ActivityThread.java:2731)
07-05 23:38:29.104 21375 21375 I zygote64:   at void android.app.ActivityThread.handleLaunchActivity(android.app.ActivityThread$ActivityClientRecord, android.content.Intent, java.lang.String) (ActivityThread.java:2856)
07-05 23:38:29.104 21375 21375 I zygote64:   at void android.app.ActivityThread.-wrap11(android.app.ActivityThread, android.app.ActivityThread$ActivityClientRecord, android.content.Intent, java.lang.String) (ActivityThread.java:-1)
07-05 23:38:29.104 21375 21375 I zygote64:   at void android.app.ActivityThread$H.handleMessage(android.os.Message) (ActivityThread.java:1589)
07-05 23:38:29.104 21375 21375 I zygote64:   at void android.os.Handler.dispatchMessage(android.os.Message) (Handler.java:106)
07-05 23:38:29.104 21375 21375 I zygote64:   at void android.os.Looper.loop() (Looper.java:164)
07-05 23:38:29.104 21375 21375 I zygote64:   at void android.app.ActivityThread.main(java.lang.String[]) (ActivityThread.java:6494)
07-05 23:38:29.104 21375 21375 I zygote64:   at java.lang.Object java.lang.reflect.Method.invoke(java.lang.Object, java.lang.Object[]) (Method.java:-2)
07-05 23:38:29.104 21375 21375 I zygote64:   at void com.android.internal.os.RuntimeInit$MethodAndArgsCaller.run() (RuntimeInit.java:438)
07-05 23:38:29.104 21375 21375 I zygote64:   at void com.android.internal.os.ZygoteInit.main(java.lang.String[]) (ZygoteInit.java:807)
07-05 23:38:29.104 21375 21375 I zygote64: Caused by: java.lang.ClassNotFoundException: Didn't find class "android.view.View$OnUnhandledKeyEventListener" on path: DexPathList[[zip file "/data/app/com.example.edgesum-c0BM74Lnz63uwQ5IWXiyXw==/base.apk"],nativeLibraryDirectories=[/data/app/com.example.edgesum-c0BM74Lnz63uwQ5IWXiyXw==/lib/arm64, /data/app/com.example.edgesum-c0BM74Lnz63uwQ5IWXiyXw==/base.apk!/lib/arm64-v8a, /system/lib64, /vendor/lib64]]
07-05 23:38:29.104 21375 21375 I zygote64:   at java.lang.Class dalvik.system.BaseDexClassLoader.findClass(java.lang.String) (BaseDexClassLoader.java:125)
07-05 23:38:29.104 21375 21375 I zygote64:   at java.lang.Class java.lang.ClassLoader.loadClass(java.lang.String, boolean) (ClassLoader.java:379)
07-05 23:38:29.104 21375 21375 I zygote64:   at java.lang.Class java.lang.ClassLoader.loadClass(java.lang.String) (ClassLoader.java:312)
07-05 23:38:29.104 21375 21375 I zygote64:   at void androidx.core.view.ViewCompat.setOnApplyWindowInsetsListener(android.view.View, androidx.core.view.OnApplyWindowInsetsListener) (ViewCompat.java:2421)
07-05 23:38:29.104 21375 21375 I zygote64:   at android.view.ViewGroup androidx.appcompat.app.AppCompatDelegateImpl.createSubDecor() (AppCompatDelegateImpl.java:779)
07-05 23:38:29.104 21375 21375 I zygote64:   at void androidx.appcompat.app.AppCompatDelegateImpl.ensureSubDecor() (AppCompatDelegateImpl.java:659)
07-05 23:38:29.104 21375 21375 I zygote64:   at void androidx.appcompat.app.AppCompatDelegateImpl.setContentView(int) (AppCompatDelegateImpl.java:552)
07-05 23:38:29.104 21375 21375 I zygote64:   at void androidx.appcompat.app.AppCompatActivity.setContentView(int) (AppCompatActivity.java:161)
07-05 23:38:29.104 21375 21375 I zygote64:   at void com.example.edgesum.page.main.MainActivity.onCreate(android.os.Bundle) (MainActivity.java:95)
07-05 23:38:29.104 21375 21375 I zygote64:   at void android.app.Activity.performCreate(android.os.Bundle, android.os.PersistableBundle) (Activity.java:7009)
07-05 23:38:29.104 21375 21375 I zygote64:   at void android.app.Activity.performCreate(android.os.Bundle) (Activity.java:7000)
07-05 23:38:29.104 21375 21375 I zygote64:   at void android.app.Instrumentation.callActivityOnCreate(android.app.Activity, android.os.Bundle) (Instrumentation.java:1214)
07-05 23:38:29.104 21375 21375 I zygote64:   at android.app.Activity android.app.ActivityThread.performLaunchActivity(android.app.ActivityThread$ActivityClientRecord, android.content.Intent) (ActivityThread.java:2731)
07-05 23:38:29.104 21375 21375 I zygote64:   at void android.app.ActivityThread.handleLaunchActivity(android.app.ActivityThread$ActivityClientRecord, android.content.Intent, java.lang.String) (ActivityThread.java:2856)
07-05 23:38:29.104 21375 21375 I zygote64:   at void android.app.ActivityThread.-wrap11(android.app.ActivityThread, android.app.ActivityThread$ActivityClientRecord, android.content.Intent, java.lang.String) (ActivityThread.java:-1)
07-05 23:38:29.104 21375 21375 I zygote64:   at void android.app.ActivityThread$H.handleMessage(android.os.Message) (ActivityThread.java:1589)
07-05 23:38:29.104 21375 21375 I zygote64:   at void android.os.Handler.dispatchMessage(android.os.Message) (Handler.java:106)
07-05 23:38:29.104 21375 21375 I zygote64:   at void android.os.Looper.loop() (Looper.java:164)
07-05 23:38:29.104 21375 21375 I zygote64:   at void android.app.ActivityThread.main(java.lang.String[]) (ActivityThread.java:6494)
07-05 23:38:29.104 21375 21375 I zygote64:   at java.lang.Object java.lang.reflect.Method.invoke(java.lang.Object, java.lang.Object[]) (Method.java:-2)
07-05 23:38:29.104 21375 21375 I zygote64:   at void com.android.internal.os.RuntimeInit$MethodAndArgsCaller.run() (RuntimeInit.java:438)
07-05 23:38:29.104 21375 21375 I zygote64:   at void com.android.internal.os.ZygoteInit.main(java.lang.String[]) (ZygoteInit.java:807)
07-05 23:38:29.104 21375 21375 I zygote64: 
07-05 23:38:29.105 21375 21375 I zygote64: Rejecting re-init on previously-failed class java.lang.Class<androidx.core.view.ViewCompat$2>: java.lang.NoClassDefFoundError: Failed resolution of: Landroid/view/View$OnUnhandledKeyEventListener;
07-05 23:38:29.105 21375 21375 I zygote64:   at void androidx.core.view.ViewCompat.setOnApplyWindowInsetsListener(android.view.View, androidx.core.view.OnApplyWindowInsetsListener) (ViewCompat.java:2421)
07-05 23:38:29.105 21375 21375 I zygote64:   at android.view.ViewGroup androidx.appcompat.app.AppCompatDelegateImpl.createSubDecor() (AppCompatDelegateImpl.java:779)
07-05 23:38:29.105 21375 21375 I zygote64:   at void androidx.appcompat.app.AppCompatDelegateImpl.ensureSubDecor() (AppCompatDelegateImpl.java:659)
07-05 23:38:29.105 21375 21375 I zygote64:   at void androidx.appcompat.app.AppCompatDelegateImpl.setContentView(int) (AppCompatDelegateImpl.java:552)
07-05 23:38:29.105 21375 21375 I zygote64:   at void androidx.appcompat.app.AppCompatActivity.setContentView(int) (AppCompatActivity.java:161)
07-05 23:38:29.105 21375 21375 I zygote64:   at void com.example.edgesum.page.main.MainActivity.onCreate(android.os.Bundle) (MainActivity.java:95)
07-05 23:38:29.105 21375 21375 I zygote64:   at void android.app.Activity.performCreate(android.os.Bundle, android.os.PersistableBundle) (Activity.java:7009)
07-05 23:38:29.105 21375 21375 I zygote64:   at void android.app.Activity.performCreate(android.os.Bundle) (Activity.java:7000)
07-05 23:38:29.105 21375 21375 I zygote64:   at void android.app.Instrumentation.callActivityOnCreate(android.app.Activity, android.os.Bundle) (Instrumentation.java:1214)
07-05 23:38:29.105 21375 21375 I zygote64:   at android.app.Activity android.app.ActivityThread.performLaunchActivity(android.app.ActivityThread$ActivityClientRecord, android.content.Intent) (ActivityThread.java:2731)
07-05 23:38:29.105 21375 21375 I zygote64:   at void android.app.ActivityThread.handleLaunchActivity(android.app.ActivityThread$ActivityClientRecord, android.content.Intent, java.lang.String) (ActivityThread.java:2856)
07-05 23:38:29.105 21375 21375 I zygote64:   at void android.app.ActivityThread.-wrap11(android.app.ActivityThread, android.app.ActivityThread$ActivityClientRecord, android.content.Intent, java.lang.String) (ActivityThread.java:-1)
07-05 23:38:29.105 21375 21375 I zygote64:   at void android.app.ActivityThread$H.handleMessage(android.os.Message) (ActivityThread.java:1589)
07-05 23:38:29.105 21375 21375 I zygote64:   at void android.os.Handler.dispatchMessage(android.os.Message) (Handler.java:106)
07-05 23:38:29.105 21375 21375 I zygote64:   at void android.os.Looper.loop() (Looper.java:164)
07-05 23:38:29.105 21375 21375 I zygote64:   at void android.app.ActivityThread.main(java.lang.String[]) (ActivityThread.java:6494)
07-05 23:38:29.105 21375 21375 I zygote64:   at java.lang.Object java.lang.reflect.Method.invoke(java.lang.Object, java.lang.Object[]) (Method.java:-2)
07-05 23:38:29.105 21375 21375 I zygote64:   at void com.android.internal.os.RuntimeInit$MethodAndArgsCaller.run() (RuntimeInit.java:438)
07-05 23:38:29.105 21375 21375 I zygote64:   at void com.android.internal.os.ZygoteInit.main(java.lang.String[]) (ZygoteInit.java:807)
07-05 23:38:29.105 21375 21375 I zygote64: Caused by: java.lang.ClassNotFoundException: Didn't find class "android.view.View$OnUnhandledKeyEventListener" on path: DexPathList[[zip file "/data/app/com.example.edgesum-c0BM74Lnz63uwQ5IWXiyXw==/base.apk"],nativeLibraryDirectories=[/data/app/com.example.edgesum-c0BM74Lnz63uwQ5IWXiyXw==/lib/arm64, /data/app/com.example.edgesum-c0BM74Lnz63uwQ5IWXiyXw==/base.apk!/lib/arm64-v8a, /system/lib64, /vendor/lib64]]
07-05 23:38:29.105 21375 21375 I zygote64:   at java.lang.Class dalvik.system.BaseDexClassLoader.findClass(java.lang.String) (BaseDexClassLoader.java:125)
07-05 23:38:29.105 21375 21375 I zygote64:   at java.lang.Class java.lang.ClassLoader.loadClass(java.lang.String, boolean) (ClassLoader.java:379)
07-05 23:38:29.105 21375 21375 I zygote64:   at java.lang.Class java.lang.ClassLoader.loadClass(java.lang.String) (ClassLoader.java:312)
07-05 23:38:29.105 21375 21375 I zygote64:   at void androidx.core.view.ViewCompat.setOnApplyWindowInsetsListener(android.view.View, androidx.core.view.OnApplyWindowInsetsListener) (ViewCompat.java:2421)
07-05 23:38:29.105 21375 21375 I zygote64:   at android.view.ViewGroup androidx.appcompat.app.AppCompatDelegateImpl.createSubDecor() (AppCompatDelegateImpl.java:779)
07-05 23:38:29.105 21375 21375 I zygote64:   at void androidx.appcompat.app.AppCompatDelegateImpl.ensureSubDecor() (AppCompatDelegateImpl.java:659)
07-05 23:38:29.105 21375 21375 I zygote64:   at void androidx.appcompat.app.AppCompatDelegateImpl.setContentView(int) (AppCompatDelegateImpl.java:552)
07-05 23:38:29.105 21375 21375 I zygote64:   at void androidx.appcompat.app.AppCompatActivity.setContentView(int) (AppCompatActivity.java:161)
07-05 23:38:29.105 21375 21375 I zygote64:   at void com.example.edgesum.page.main.MainActivity.onCreate(android.os.Bundle) (MainActivity.java:95)
07-05 23:38:29.105 21375 21375 I zygote64:   at void android.app.Activity.performCreate(android.os.Bundle, android.os.PersistableBundle) (Activity.java:7009)
07-05 23:38:29.105 21375 21375 I zygote64:   at void android.app.Activity.performCreate(android.os.Bundle) (Activity.java:7000)
07-05 23:38:29.105 21375 21375 I zygote64:   at void android.app.Instrumentation.callActivityOnCreate(android.app.Activity, android.os.Bundle) (Instrumentation.java:1214)
07-05 23:38:29.105 21375 21375 I zygote64:   at android.app.Activity android.app.ActivityThread.performLaunchActivity(android.app.ActivityThread$ActivityClientRecord, android.content.Intent) (ActivityThread.java:2731)
07-05 23:38:29.105 21375 21375 I zygote64:   at void android.app.ActivityThread.handleLaunchActivity(android.app.ActivityThread$ActivityClientRecord, android.content.Intent, java.lang.String) (ActivityThread.java:2856)
07-05 23:38:29.105 21375 21375 I zygote64:   at void android.app.ActivityThread.-wrap11(android.app.ActivityThread, android.app.ActivityThread$ActivityClientRecord, android.content.Intent, java.lang.String) (ActivityThread.java:-1)
07-05 23:38:29.105 21375 21375 I zygote64:   at void android.app.ActivityThread$H.handleMessage(android.os.Message) (ActivityThread.java:1589)
07-05 23:38:29.105 21375 21375 I zygote64:   at void android.os.Handler.dispatchMessage(android.os.Message) (Handler.java:106)
07-05 23:38:29.105 21375 21375 I zygote64:   at void android.os.Looper.loop() (Looper.java:164)
07-05 23:38:29.105 21375 21375 I zygote64:   at void android.app.ActivityThread.main(java.lang.String[]) (ActivityThread.java:6494)
07-05 23:38:29.105 21375 21375 I zygote64:   at java.lang.Object java.lang.reflect.Method.invoke(java.lang.Object, java.lang.Object[]) (Method.java:-2)
07-05 23:38:29.105 21375 21375 I zygote64:   at void com.android.internal.os.RuntimeInit$MethodAndArgsCaller.run() (RuntimeInit.java:438)
07-05 23:38:29.105 21375 21375 I zygote64:   at void com.android.internal.os.ZygoteInit.main(java.lang.String[]) (ZygoteInit.java:807)
07-05 23:38:29.105 21375 21375 I zygote64: 
07-05 23:38:29.106 21375 21375 I zygote64: Rejecting re-init on previously-failed class java.lang.Class<androidx.core.view.ViewCompat$2>: java.lang.NoClassDefFoundError: Failed resolution of: Landroid/view/View$OnUnhandledKeyEventListener;
07-05 23:38:29.106 21375 21375 I zygote64:   at void androidx.core.view.ViewCompat.setOnApplyWindowInsetsListener(android.view.View, androidx.core.view.OnApplyWindowInsetsListener) (ViewCompat.java:2421)
07-05 23:38:29.106 21375 21375 I zygote64:   at android.view.ViewGroup androidx.appcompat.app.AppCompatDelegateImpl.createSubDecor() (AppCompatDelegateImpl.java:779)
07-05 23:38:29.106 21375 21375 I zygote64:   at void androidx.appcompat.app.AppCompatDelegateImpl.ensureSubDecor() (AppCompatDelegateImpl.java:659)
07-05 23:38:29.106 21375 21375 I zygote64:   at void androidx.appcompat.app.AppCompatDelegateImpl.setContentView(int) (AppCompatDelegateImpl.java:552)
07-05 23:38:29.106 21375 21375 I zygote64:   at void androidx.appcompat.app.AppCompatActivity.setContentView(int) (AppCompatActivity.java:161)
07-05 23:38:29.106 21375 21375 I zygote64:   at void com.example.edgesum.page.main.MainActivity.onCreate(android.os.Bundle) (MainActivity.java:95)
07-05 23:38:29.106 21375 21375 I zygote64:   at void android.app.Activity.performCreate(android.os.Bundle, android.os.PersistableBundle) (Activity.java:7009)
07-05 23:38:29.106 21375 21375 I zygote64:   at void android.app.Activity.performCreate(android.os.Bundle) (Activity.java:7000)
07-05 23:38:29.106 21375 21375 I zygote64:   at void android.app.Instrumentation.callActivityOnCreate(android.app.Activity, android.os.Bundle) (Instrumentation.java:1214)
07-05 23:38:29.106 21375 21375 I zygote64:   at android.app.Activity android.app.ActivityThread.performLaunchActivity(android.app.ActivityThread$ActivityClientRecord, android.content.Intent) (ActivityThread.java:2731)
07-05 23:38:29.106 21375 21375 I zygote64:   at void android.app.ActivityThread.handleLaunchActivity(android.app.ActivityThread$ActivityClientRecord, android.content.Intent, java.lang.String) (ActivityThread.java:2856)
07-05 23:38:29.106 21375 21375 I zygote64:   at void android.app.ActivityThread.-wrap11(android.app.ActivityThread, android.app.ActivityThread$ActivityClientRecord, android.content.Intent, java.lang.String) (ActivityThread.java:-1)
07-05 23:38:29.106 21375 21375 I zygote64:   at void android.app.ActivityThread$H.handleMessage(android.os.Message) (ActivityThread.java:1589)
07-05 23:38:29.106 21375 21375 I zygote64:   at void android.os.Handler.dispatchMessage(android.os.Message) (Handler.java:106)
07-05 23:38:29.106 21375 21375 I zygote64:   at void android.os.Looper.loop() (Looper.java:164)
07-05 23:38:29.106 21375 21375 I zygote64:   at void android.app.ActivityThread.main(java.lang.String[]) (ActivityThread.java:6494)
07-05 23:38:29.106 21375 21375 I zygote64:   at java.lang.Object java.lang.reflect.Method.invoke(java.lang.Object, java.lang.Object[]) (Method.java:-2)
07-05 23:38:29.106 21375 21375 I zygote64:   at void com.android.internal.os.RuntimeInit$MethodAndArgsCaller.run() (RuntimeInit.java:438)
07-05 23:38:29.106 21375 21375 I zygote64:   at void com.android.internal.os.ZygoteInit.main(java.lang.String[]) (ZygoteInit.java:807)
07-05 23:38:29.106 21375 21375 I zygote64: Caused by: java.lang.ClassNotFoundException: Didn't find class "android.view.View$OnUnhandledKeyEventListener" on path: DexPathList[[zip file "/data/app/com.example.edgesum-c0BM74Lnz63uwQ5IWXiyXw==/base.apk"],nativeLibraryDirectories=[/data/app/com.example.edgesum-c0BM74Lnz63uwQ5IWXiyXw==/lib/arm64, /data/app/com.example.edgesum-c0BM74Lnz63uwQ5IWXiyXw==/base.apk!/lib/arm64-v8a, /system/lib64, /vendor/lib64]]
07-05 23:38:29.106 21375 21375 I zygote64:   at java.lang.Class dalvik.system.BaseDexClassLoader.findClass(java.lang.String) (BaseDexClassLoader.java:125)
07-05 23:38:29.106 21375 21375 I zygote64:   at java.lang.Class java.lang.ClassLoader.loadClass(java.lang.String, boolean) (ClassLoader.java:379)
07-05 23:38:29.106 21375 21375 I zygote64:   at java.lang.Class java.lang.ClassLoader.loadClass(java.lang.String) (ClassLoader.java:312)
07-05 23:38:29.106 21375 21375 I zygote64:   at void androidx.core.view.ViewCompat.setOnApplyWindowInsetsListener(android.view.View, androidx.core.view.OnApplyWindowInsetsListener) (ViewCompat.java:2421)
07-05 23:38:29.106 21375 21375 I zygote64:   at android.view.ViewGroup androidx.appcompat.app.AppCompatDelegateImpl.createSubDecor() (AppCompatDelegateImpl.java:779)
07-05 23:38:29.106 21375 21375 I zygote64:   at void androidx.appcompat.app.AppCompatDelegateImpl.ensureSubDecor() (AppCompatDelegateImpl.java:659)
07-05 23:38:29.106 21375 21375 I zygote64:   at void androidx.appcompat.app.AppCompatDelegateImpl.setContentView(int) (AppCompatDelegateImpl.java:552)
07-05 23:38:29.106 21375 21375 I zygote64:   at void androidx.appcompat.app.AppCompatActivity.setContentView(int) (AppCompatActivity.java:161)
07-05 23:38:29.106 21375 21375 I zygote64:   at void com.example.edgesum.page.main.MainActivity.onCreate(android.os.Bundle) (MainActivity.java:95)
07-05 23:38:29.106 21375 21375 I zygote64:   at void android.app.Activity.performCreate(android.os.Bundle, android.os.PersistableBundle) (Activity.java:7009)
07-05 23:38:29.106 21375 21375 I zygote64:   at void android.app.Activity.performCreate(android.os.Bundle) (Activity.java:7000)
07-05 23:38:29.106 21375 21375 I zygote64:   at void android.app.Instrumentation.callActivityOnCreate(android.app.Activity, android.os.Bundle) (Instrumentation.java:1214)
07-05 23:38:29.106 21375 21375 I zygote64:   at android.app.Activity android.app.ActivityThread.performLaunchActivity(android.app.ActivityThread$ActivityClientRecord, android.content.Intent) (ActivityThread.java:2731)
07-05 23:38:29.106 21375 21375 I zygote64:   at void android.app.ActivityThread.handleLaunchActivity(android.app.ActivityThread$ActivityClientRecord, android.content.Intent, java.lang.String) (ActivityThread.java:2856)
07-05 23:38:29.106 21375 21375 I zygote64:   at void android.app.ActivityThread.-wrap11(android.app.ActivityThread, android.app.ActivityThread$ActivityClientRecord, android.content.Intent, java.lang.String) (ActivityThread.java:-1)
07-05 23:38:29.106 21375 21375 I zygote64:   at void android.app.ActivityThread$H.handleMessage(android.os.Message) (ActivityThread.java:1589)
07-05 23:38:29.106 21375 21375 I zygote64:   at void android.os.Handler.dispatchMessage(android.os.Message) (Handler.java:106)
07-05 23:38:29.106 21375 21375 I zygote64:   at void android.os.Looper.loop() (Looper.java:164)
07-05 23:38:29.106 21375 21375 I zygote64:   at void android.app.ActivityThread.main(java.lang.String[]) (ActivityThread.java:6494)
07-05 23:38:29.106 21375 21375 I zygote64:   at java.lang.Object java.lang.reflect.Method.invoke(java.lang.Object, java.lang.Object[]) (Method.java:-2)
07-05 23:38:29.106 21375 21375 I zygote64:   at void com.android.internal.os.RuntimeInit$MethodAndArgsCaller.run() (RuntimeInit.java:438)
07-05 23:38:29.106 21375 21375 I zygote64:   at void com.android.internal.os.ZygoteInit.main(java.lang.String[]) (ZygoteInit.java:807)
07-05 23:38:29.106 21375 21375 I zygote64: 
07-05 23:38:29.290 21375 21375 V Repo    : /storage/emulated/0/Movies/raw
07-05 23:38:29.290 21375 21375 V Repo    : /storage/emulated/0/Movies/summarised
07-05 23:38:29.307 21375 21375 V FileManager: External storage is readable
07-05 23:38:29.308 21375 21375 V FileManager: Created new directory: /storage/emulated/0/Movies/raw
07-05 23:38:29.312 21375 21375 V FileManager: External storage is readable
07-05 23:38:29.313 21375 21375 V FileManager: Created new directory: /storage/emulated/0/Movies/summarised
07-05 23:38:29.318 21375 21375 V FileManager: External storage is readable
07-05 23:38:29.320 21375 21375 V FileManager: Created new directory: /storage/emulated/0/Download/nearby
07-05 23:38:29.325 21375 21375 V FileManager: External storage is readable
07-05 23:38:29.326 21375 21375 V FileManager: Created new directory: /storage/emulated/0/Movies/segment
07-05 23:38:29.334 21375 21375 V FileManager: External storage is readable
07-05 23:38:29.334 21375 21375 V FileManager: Created new directory: /storage/emulated/0/Movies/segment-sum
07-05 23:38:29.464 21375 21375 V VideoManager: getAllVideoFromExternalStorageFolder
07-05 23:38:29.473 21375 21375 D VideoManager: /storage/emulated/0/Movies/summarised
07-05 23:38:29.483 21375 21375 D VideoManager: 0 videos return
07-05 23:38:29.511 21375 21375 V VideoManager: getAllVideoFromExternalStorageFolder
07-05 23:38:29.517 21375 21375 D VideoManager: /storage/emulated/0/Movies/raw
07-05 23:38:29.528 21375 21375 D VideoManager: 0 videos return
07-05 23:38:29.571 21375 21399 D OpenGLRenderer: HWUI GL Pipeline
07-05 23:38:29.581 21375 21375 I TransferService: Starting Transfer Service to listen for network connectivity changes.
07-05 23:38:29.582 21375 21375 I TransferService: Registering the network receiver
07-05 23:38:29.584 21375 21375 E TransferService: No notification is passed in the intent. Unable to transition to foreground.
07-05 23:38:29.621 21375 21387 D MainActivity: Scanned /storage/emulated/0/Movies/raw
07-05 23:38:29.621 21375 21387 D MainActivity:   -> uri=content://media/external/file/8206
07-05 23:38:29.654 21375 21388 D MainActivity: Scanned /storage/emulated/0/Movies/summarised
07-05 23:38:29.654 21375 21388 D MainActivity:   -> uri=content://media/external/file/8207
07-05 23:38:29.667 21375 21399 I Adreno  : QUALCOMM build                   : 8e59954, I0be83d0d26
07-05 23:38:29.667 21375 21399 I Adreno  : Build Date                       : 09/22/17
07-05 23:38:29.667 21375 21399 I Adreno  : OpenGL ES Shader Compiler Version: EV031.21.02.00
07-05 23:38:29.667 21375 21399 I Adreno  : Local Branch                     : O17A
07-05 23:38:29.667 21375 21399 I Adreno  : Remote Branch                    : 
07-05 23:38:29.667 21375 21399 I Adreno  : Remote Branch                    : 
07-05 23:38:29.667 21375 21399 I Adreno  : Reconstruct Branch               : 
07-05 23:38:29.668 21375 21399 D vndksupport: Loading /vendor/lib64/hw/gralloc.msm8992.so from current namespace instead of sphal namespace.
07-05 23:38:29.697 21375 21375 I TransferNetworkLossHand: Network connectivity changed detected.
07-05 23:38:29.698 21375 21380 I zygote64: Do partial code cache collection, code=23KB, data=29KB
07-05 23:38:29.698 21375 21380 I zygote64: After code cache collection, code=23KB, data=29KB
07-05 23:38:29.698 21375 21380 I zygote64: Increasing code cache capacity to 128KB
07-05 23:38:29.698 21375 21375 I TransferNetworkLossHand: Network connected: false
07-05 23:38:29.700 21375 21399 I Adreno  : PFP: 0x00000000, ME: 0x00000000
07-05 23:38:29.708 21375 21399 I zygote64: android::hardware::configstore::V1_0::ISurfaceFlingerConfigs::hasWideColorDisplay retrieved: 0
07-05 23:38:29.709 21375 21399 I OpenGLRenderer: Initialized EGL, version 1.4
07-05 23:38:29.709 21375 21399 D OpenGLRenderer: Swap behavior 2
07-05 23:38:29.784 21375 21399 D vndksupport: Loading /vendor/lib64/hw/android.hardware.graphics.mapper@2.0-impl.so from current namespace instead of sphal namespace.
07-05 23:38:29.785 21375 21399 D vndksupport: Loading /vendor/lib64/hw/gralloc.msm8992.so from current namespace instead of sphal namespace.
07-05 23:38:46.577 21375 21375 V MainActivity: Connect button clicked
07-05 23:38:49.871 21375 21375 V ConnectionFragment: Discovery switch checked
07-05 23:38:50.059 21375 21380 I zygote64: Do partial code cache collection, code=55KB, data=56KB
07-05 23:38:50.059 21375 21380 I zygote64: After code cache collection, code=55KB, data=56KB
07-05 23:38:50.059 21375 21380 I zygote64: Increasing code cache capacity to 256KB
07-05 23:38:52.140 21375 21375 D NearbyFragment: Started discovering
07-05 23:38:54.480 21375 21375 D NearbyFragment: Found endpoint njPJ: Galaxy S8 [2802]
07-05 23:38:57.788 21375 21375 D NearbyFragment: Selected 'Endpoint{id=njPJ, name=Galaxy S8 [2802]}'
07-05 23:38:57.837 21375 21380 I zygote64: Compiler allocated 4MB to compile void android.view.View.<init>(android.content.Context, android.util.AttributeSet, int, int)
07-05 23:39:01.733 21375 21375 D NearbyFragment: Initiated connection with njPJ: Galaxy S8 [2802]
07-05 23:39:01.872 21375 21375 D NearbyFragment: Requested connection with Endpoint{id=njPJ, name=Galaxy S8 [2802]}
07-05 23:39:01.924 21375 21380 I zygote64: Do full code cache collection, code=124KB, data=103KB
07-05 23:39:01.925 21375 21380 I zygote64: After code cache collection, code=122KB, data=65KB
07-05 23:39:03.637 21375 21375 I NearbyFragment: Connected to Endpoint{id=njPJ, name=Galaxy S8 [2802]}
07-05 23:39:03.713 21375 21380 I zygote64: Do partial code cache collection, code=124KB, data=77KB
07-05 23:39:03.715 21375 21380 I zygote64: After code cache collection, code=124KB, data=77KB
07-05 23:39:03.715 21375 21380 I zygote64: Increasing code cache capacity to 512KB
07-05 23:39:12.843 21375 21375 I TransferNetworkLossHand: Network connectivity changed detected.
07-05 23:39:12.845 21375 21375 I TransferNetworkLossHand: Network connected: true
07-05 23:39:13.158 21375 21375 V ConnectionFragment: Discovery switch unchecked
07-05 23:39:13.158 21375 21375 D NearbyFragment: Stopped discovering
07-05 23:39:58.098 21375 21375 D NearbyFragment: onPayloadReceived(endpointId=njPJ, payload=com.google.android.gms.nearby.connection.Payload@6b51482)
07-05 23:39:58.110 21375 21375 V NearbyFragment: Started downloading SUMMARISE:-8886555857273626555:20200312_150643.mp4:45.0_1.0_23_medium from Endpoint{id=njPJ, name=Galaxy S8 [2802]}
07-05 23:39:58.125 21375 21375 V NearbyFragment: Transfer to Endpoint{id=njPJ, name=Galaxy S8 [2802]} complete
07-05 23:39:58.413 21375 21375 D NearbyFragment: onPayloadReceived(endpointId=njPJ, payload=com.google.android.gms.nearby.connection.Payload@3951fc9)
07-05 23:40:18.033 21375 21375 V NearbyFragment: Transfer to Endpoint{id=njPJ, name=Galaxy S8 [2802]} complete
07-05 23:40:18.039 21375 21375 W NearbyFragment: Completed downloading 20200312_150643.mp4 from Endpoint{id=njPJ, name=Galaxy S8 [2802]} in 19.912s
07-05 23:40:18.043 21375 21375 D NearbyFragment: Summarising 20200312_150643.mp4
07-05 23:40:18.044 21375 21375 V VideoManager: Retrieving video from /storage/emulated/0/Download/Nearby/20200312_150643.mp4
07-05 23:40:18.061 21375 21375 V VideoManager: videoFromCursor
07-05 23:40:18.065 21375 21375 V ProcessingVideosEventHandler: onAdd
07-05 23:40:18.066 21375 21375 V RawFootageEventHandler: onRemove
07-05 23:40:18.078 21375 21375 V NearbyFragment: Transfer to Endpoint{id=njPJ, name=Galaxy S8 [2802]} complete
07-05 23:40:18.086 21375 21619 V SummariserIntentService: onHandleIntent
07-05 23:40:18.088 21375 21619 D SummariserIntentService: Video{id='8209', data='/storage/emulated/0/Download/Nearby/20200312_150643.mp4', name='20200312_150643.mp4', size=69990400, visible=true, mimeType='video/mp4'}
07-05 23:40:18.088 21375 21619 D SummariserIntentService: /storage/emulated/0/Movies/summarised/20200312_150643.mp4
07-05 23:40:18.092 21375 21619 I mobile-ffmpeg: Loading mobile-ffmpeg.
07-05 23:40:18.211 21375 21619 I mobile-ffmpeg: Loaded mobile-ffmpeg-full-gpl-arm64-v8a-4.3.2-20200415.
07-05 23:40:18.213 21375 21620 D mobile-ffmpeg: Callback thread started.
07-05 23:40:18.233 21375 21619 I FfmpegTools: Running ffmpeg with:
07-05 23:40:18.233 21375 21619 I FfmpegTools:   -y -i /storage/emulated/0/Download/Nearby/20200312_150643.mp4 -vf freezedetect=n=-45.000000dB:d=1.000000,metadata=mode=print:file=/storage/emulated/0/Movies/raw/20200312_150643.txt -f null -
07-05 23:40:18.253 21375 21620 W mobile-ffmpeg: [mov,mp4,m4a,3gp,3g2,mj2 @ 0x7a0f53c800] Found duplicated MOOV Atom. Skipped it
07-05 23:40:18.390 21375 21620 W mobile-ffmpeg: [graph 0 input from stream 0:0 @ 0x7a0f589ec0] sws_param option is deprecated and ignored
07-05 23:40:31.508 21375 21619 W Summariser: No activity detected
07-05 23:40:31.512 21375 21619 V FfmpegTools: Retrieving duration of /storage/emulated/0/Download/Nearby/20200312_150643.mp4
07-05 23:40:31.520 21375 21620 W mobile-ffmpeg: [mov,mp4,m4a,3gp,3g2,mj2 @ 0x7a0f53c800] Found duplicated MOOV Atom. Skipped it
07-05 23:40:31.627 21375 21619 W Summariser: Summarisation completed
07-05 23:40:31.627 21375 21619 W Summariser:   filename: 20200312_150643.mp4
07-05 23:40:31.627 21375 21619 W Summariser:   active sections: 0
07-05 23:40:31.627 21375 21619 W Summariser:   time: 13.419s
07-05 23:40:31.627 21375 21619 W Summariser:   original duration: 60.02
07-05 23:40:31.627 21375 21619 W Summariser:   summarised duration: -1.00
07-05 23:40:31.627 21375 21619 W Summariser:   noise tolerance: 45.00
07-05 23:40:31.627 21375 21619 W Summariser:   quality: 23
07-05 23:40:31.627 21375 21619 W Summariser:   speed: medium
07-05 23:40:31.627 21375 21619 W Summariser:   freeze duration: 1.00
07-05 23:40:31.629 21375 21619 V ProcessingVideosEventHandler: onRemove
07-05 23:40:31.672 21375 21375 V NearbyFragment: Transfer to Endpoint{id=njPJ, name=Galaxy S8 [2802]} complete
07-05 23:40:31.718 21375 21387 D SummariserIntentService: Scanned /storage/emulated/0/Movies/summarised
07-05 23:40:31.718 21375 21387 D SummariserIntentService:   -> uri=content://media/external/file/8207
07-05 23:40:45.399 21375 21375 D NearbyFragment: onPayloadReceived(endpointId=njPJ, payload=com.google.android.gms.nearby.connection.Payload@4bb100)
07-05 23:40:45.405 21375 21375 V NearbyFragment: Started downloading SUMMARISE:-7299284500410938806:20200312_150844.mp4:45.0_1.0_23_medium from Endpoint{id=njPJ, name=Galaxy S8 [2802]}
07-05 23:40:45.412 21375 21375 V NearbyFragment: Transfer to Endpoint{id=njPJ, name=Galaxy S8 [2802]} complete
07-05 23:40:45.479 21375 21375 D NearbyFragment: onPayloadReceived(endpointId=njPJ, payload=com.google.android.gms.nearby.connection.Payload@6288d39)
07-05 23:40:59.784 21375 21375 V NearbyFragment: Transfer to Endpoint{id=njPJ, name=Galaxy S8 [2802]} complete
07-05 23:40:59.788 21375 21375 W NearbyFragment: Completed downloading 20200312_150844.mp4 from Endpoint{id=njPJ, name=Galaxy S8 [2802]} in 14.377s
07-05 23:40:59.796 21375 21375 D NearbyFragment: Summarising 20200312_150844.mp4
07-05 23:40:59.797 21375 21375 V VideoManager: Retrieving video from /storage/emulated/0/Download/Nearby/20200312_150844.mp4
07-05 23:40:59.810 21375 21375 V VideoManager: videoFromCursor
07-05 23:40:59.813 21375 21375 V ProcessingVideosEventHandler: onAdd
07-05 23:40:59.814 21375 21375 V RawFootageEventHandler: onRemove
07-05 23:40:59.820 21375 21375 V NearbyFragment: Transfer to Endpoint{id=njPJ, name=Galaxy S8 [2802]} complete
07-05 23:40:59.829 21375 21650 V SummariserIntentService: onHandleIntent
07-05 23:40:59.830 21375 21650 D SummariserIntentService: Video{id='8210', data='/storage/emulated/0/Download/Nearby/20200312_150844.mp4', name='20200312_150844.mp4', size=69990400, visible=true, mimeType='video/mp4'}
07-05 23:40:59.830 21375 21650 D SummariserIntentService: /storage/emulated/0/Movies/summarised/20200312_150844.mp4
07-05 23:40:59.834 21375 21650 I FfmpegTools: Running ffmpeg with:
07-05 23:40:59.834 21375 21650 I FfmpegTools:   -y -i /storage/emulated/0/Download/Nearby/20200312_150844.mp4 -vf freezedetect=n=-45.000000dB:d=1.000000,metadata=mode=print:file=/storage/emulated/0/Movies/raw/20200312_150844.txt -f null -
07-05 23:40:59.841 21375 21620 W mobile-ffmpeg: [mov,mp4,m4a,3gp,3g2,mj2 @ 0x7a0f53c800] Found duplicated MOOV Atom. Skipped it
07-05 23:40:59.943 21375 21620 W mobile-ffmpeg: [graph 0 input from stream 0:0 @ 0x7a0f589ec0] sws_param option is deprecated and ignored
07-05 23:41:13.715 21375 21650 D Summariser: No freeze file
07-05 23:41:13.715 21375 21650 W Summariser: Whole video is active
07-05 23:41:16.152 21375 21650 V FfmpegTools: Retrieving duration of /storage/emulated/0/Download/Nearby/20200312_150844.mp4
07-05 23:41:16.157 21375 21620 W mobile-ffmpeg: [mov,mp4,m4a,3gp,3g2,mj2 @ 0x7a0f53c800] Found duplicated MOOV Atom. Skipped it
07-05 23:41:16.231 21375 21650 V FfmpegTools: Retrieving duration of /storage/emulated/0/Movies/summarised/20200312_150844.mp4
07-05 23:41:16.235 21375 21620 W mobile-ffmpeg: [mov,mp4,m4a,3gp,3g2,mj2 @ 0x7a0f53c800] Found duplicated MOOV Atom. Skipped it
07-05 23:41:16.300 21375 21650 W Summariser: Summarisation completed
07-05 23:41:16.300 21375 21650 W Summariser:   filename: 20200312_150844.mp4
07-05 23:41:16.300 21375 21650 W Summariser:   active sections: -1
07-05 23:41:16.300 21375 21650 W Summariser:   time: 16.320s
07-05 23:41:16.300 21375 21650 W Summariser:   original duration: 60.02
07-05 23:41:16.300 21375 21650 W Summariser:   summarised duration: 60.02
07-05 23:41:16.300 21375 21650 W Summariser:   noise tolerance: 45.00
07-05 23:41:16.300 21375 21650 W Summariser:   quality: 23
07-05 23:41:16.300 21375 21650 W Summariser:   speed: medium
07-05 23:41:16.300 21375 21650 W Summariser:   freeze duration: 1.00
07-05 23:41:16.300 21375 21650 V VideoManager: Retrieving video from /storage/emulated/0/Movies/summarised/20200312_150844.mp4
07-05 23:41:16.309 21375 21650 D VideoManager: videoCursor is null
07-05 23:41:16.350 21375 21650 V VideoManager: videoFromCursor
07-05 23:41:16.352 21375 21650 V SummarisedVideosEventHandler: onAdd
07-05 23:41:16.354 21375 21650 W NearbyFragment: Sending 20200312_150844.mp4 to Galaxy S8 [2802]
07-05 23:41:16.356 21375 21650 V ProcessingVideosEventHandler: onRemove
07-05 23:41:16.402 21375 21375 V NearbyFragment: Transfer to Endpoint{id=njPJ, name=Galaxy S8 [2802]} complete
07-05 23:41:16.434 21375 21401 D SummariserIntentService: Scanned /storage/emulated/0/Movies/summarised
07-05 23:41:16.434 21375 21401 D SummariserIntentService:   -> uri=content://media/external/file/8207
07-05 23:41:32.301 21375 21375 V NearbyFragment: Transfer to Endpoint{id=njPJ, name=Galaxy S8 [2802]} complete
07-05 23:41:41.940 21375 21375 D NearbyFragment: onPayloadReceived(endpointId=njPJ, payload=com.google.android.gms.nearby.connection.Payload@c59a5c4)
07-05 23:41:41.944 21375 21375 V NearbyFragment: Started downloading SUMMARISE:-8098753239471611405:20200312_151044.mp4:45.0_1.0_23_medium from Endpoint{id=njPJ, name=Galaxy S8 [2802]}
07-05 23:41:41.948 21375 21375 V NearbyFragment: Transfer to Endpoint{id=njPJ, name=Galaxy S8 [2802]} complete
07-05 23:41:41.966 21375 21375 D NearbyFragment: onPayloadReceived(endpointId=njPJ, payload=com.google.android.gms.nearby.connection.Payload@c457cad)
07-05 23:42:21.482 21375 21375 V NearbyFragment: Transfer to Endpoint{id=njPJ, name=Galaxy S8 [2802]} complete
07-05 23:42:21.489 21375 21375 W NearbyFragment: Completed downloading 20200312_151044.mp4 from Endpoint{id=njPJ, name=Galaxy S8 [2802]} in 39.537s
07-05 23:42:21.500 21375 21375 D NearbyFragment: Summarising 20200312_151044.mp4
07-05 23:42:21.501 21375 21375 V VideoManager: Retrieving video from /storage/emulated/0/Download/Nearby/20200312_151044.mp4
07-05 23:42:21.526 21375 21375 V VideoManager: videoFromCursor
07-05 23:42:21.530 21375 21375 V ProcessingVideosEventHandler: onAdd
07-05 23:42:21.530 21375 21375 V RawFootageEventHandler: onRemove
07-05 23:42:21.538 21375 21375 V NearbyFragment: Transfer to Endpoint{id=njPJ, name=Galaxy S8 [2802]} complete
07-05 23:42:21.551 21375 21773 V SummariserIntentService: onHandleIntent
07-05 23:42:21.556 21375 21773 D SummariserIntentService: Video{id='8240', data='/storage/emulated/0/Download/Nearby/20200312_151044.mp4', name='20200312_151044.mp4', size=69990400, visible=true, mimeType='video/mp4'}
07-05 23:42:21.556 21375 21773 D SummariserIntentService: /storage/emulated/0/Movies/summarised/20200312_151044.mp4
07-05 23:42:21.559 21375 21773 I FfmpegTools: Running ffmpeg with:
07-05 23:42:21.559 21375 21773 I FfmpegTools:   -y -i /storage/emulated/0/Download/Nearby/20200312_151044.mp4 -vf freezedetect=n=-45.000000dB:d=1.000000,metadata=mode=print:file=/storage/emulated/0/Movies/raw/20200312_151044.txt -f null -
07-05 23:42:21.567 21375 21620 W mobile-ffmpeg: [mov,mp4,m4a,3gp,3g2,mj2 @ 0x7a0f53c800] Found duplicated MOOV Atom. Skipped it
07-05 23:42:21.680 21375 21620 W mobile-ffmpeg: [graph 0 input from stream 0:0 @ 0x7a0f589ec0] sws_param option is deprecated and ignored
07-05 23:42:34.931 21375 21773 W Summariser: No activity detected
07-05 23:42:34.935 21375 21773 V FfmpegTools: Retrieving duration of /storage/emulated/0/Download/Nearby/20200312_151044.mp4
07-05 23:42:34.942 21375 21620 W mobile-ffmpeg: [mov,mp4,m4a,3gp,3g2,mj2 @ 0x7a0f53c800] Found duplicated MOOV Atom. Skipped it
07-05 23:42:35.037 21375 21773 W Summariser: Summarisation completed
07-05 23:42:35.037 21375 21773 W Summariser:   filename: 20200312_151044.mp4
07-05 23:42:35.037 21375 21773 W Summariser:   active sections: 0
07-05 23:42:35.037 21375 21773 W Summariser:   time: 13.376s
07-05 23:42:35.037 21375 21773 W Summariser:   original duration: 60.02
07-05 23:42:35.037 21375 21773 W Summariser:   summarised duration: -1.00
07-05 23:42:35.037 21375 21773 W Summariser:   noise tolerance: 45.00
07-05 23:42:35.037 21375 21773 W Summariser:   quality: 23
07-05 23:42:35.037 21375 21773 W Summariser:   speed: medium
07-05 23:42:35.037 21375 21773 W Summariser:   freeze duration: 1.00
07-05 23:42:35.039 21375 21773 V ProcessingVideosEventHandler: onRemove
07-05 23:42:35.068 21375 21375 V NearbyFragment: Transfer to Endpoint{id=njPJ, name=Galaxy S8 [2802]} complete
07-05 23:42:35.100 21375 21388 D SummariserIntentService: Scanned /storage/emulated/0/Movies/summarised
07-05 23:42:35.100 21375 21388 D SummariserIntentService:   -> uri=content://media/external/file/8207
07-05 23:42:51.824 21375 21375 D NearbyFragment: onPayloadReceived(endpointId=njPJ, payload=com.google.android.gms.nearby.connection.Payload@522253a)
07-05 23:42:51.830 21375 21375 V NearbyFragment: Started downloading SUMMARISE:-8236316667537846706:20200312_193728.mp4:45.0_1.0_23_medium from Endpoint{id=njPJ, name=Galaxy S8 [2802]}
07-05 23:42:51.867 21375 21375 V NearbyFragment: Transfer to Endpoint{id=njPJ, name=Galaxy S8 [2802]} complete
07-05 23:42:58.843 21375 21375 D NearbyFragment: onPayloadReceived(endpointId=njPJ, payload=com.google.android.gms.nearby.connection.Payload@bbdb5eb)
07-05 23:43:32.636 21375 21375 V NearbyFragment: Transfer to Endpoint{id=njPJ, name=Galaxy S8 [2802]} complete
07-05 23:43:32.638 21375 21375 W NearbyFragment: Completed downloading 20200312_193728.mp4 from Endpoint{id=njPJ, name=Galaxy S8 [2802]} in 40.805s
07-05 23:43:32.643 21375 21375 D NearbyFragment: Summarising 20200312_193728.mp4
07-05 23:43:32.643 21375 21375 V VideoManager: Retrieving video from /storage/emulated/0/Download/Nearby/20200312_193728.mp4
07-05 23:43:32.656 21375 21375 V VideoManager: videoFromCursor
07-05 23:43:32.660 21375 21375 V ProcessingVideosEventHandler: onAdd
07-05 23:43:32.660 21375 21375 V RawFootageEventHandler: onRemove
07-05 23:43:32.666 21375 21375 V NearbyFragment: Transfer to Endpoint{id=njPJ, name=Galaxy S8 [2802]} complete
07-05 23:43:32.674 21375 21809 V SummariserIntentService: onHandleIntent
07-05 23:43:32.675 21375 21809 D SummariserIntentService: Video{id='8215', data='/storage/emulated/0/Download/Nearby/20200312_193728.mp4', name='20200312_193728.mp4', size=69990400, visible=true, mimeType='video/mp4'}
07-05 23:43:32.675 21375 21809 D SummariserIntentService: /storage/emulated/0/Movies/summarised/20200312_193728.mp4
07-05 23:43:32.680 21375 21809 I FfmpegTools: Running ffmpeg with:
07-05 23:43:32.680 21375 21809 I FfmpegTools:   -y -i /storage/emulated/0/Download/Nearby/20200312_193728.mp4 -vf freezedetect=n=-45.000000dB:d=1.000000,metadata=mode=print:file=/storage/emulated/0/Movies/raw/20200312_193728.txt -f null -
07-05 23:43:32.687 21375 21620 W mobile-ffmpeg: [mov,mp4,m4a,3gp,3g2,mj2 @ 0x7a0f53c800] Found duplicated MOOV Atom. Skipped it
07-05 23:43:32.780 21375 21620 W mobile-ffmpeg: [graph 0 input from stream 0:0 @ 0x7a0f589ec0] sws_param option is deprecated and ignored
07-05 23:43:37.513 21375 21375 D NearbyFragment: onPayloadReceived(endpointId=njPJ, payload=com.google.android.gms.nearby.connection.Payload@6d407f4)
07-05 23:43:37.515 21375 21375 V NearbyFragment: Started downloading SUMMARISE:-8636521138371991288:20200312_193928.mp4:45.0_1.0_23_medium from Endpoint{id=njPJ, name=Galaxy S8 [2802]}
07-05 23:43:37.597 21375 21375 V NearbyFragment: Transfer to Endpoint{id=njPJ, name=Galaxy S8 [2802]} complete
07-05 23:43:46.404 21375 21809 D Summariser: No freeze file
07-05 23:43:46.404 21375 21809 W Summariser: Whole video is active
07-05 23:43:49.313 21375 21809 V FfmpegTools: Retrieving duration of /storage/emulated/0/Download/Nearby/20200312_193728.mp4
07-05 23:43:49.321 21375 21620 W mobile-ffmpeg: [mov,mp4,m4a,3gp,3g2,mj2 @ 0x7a0f53c800] Found duplicated MOOV Atom. Skipped it
07-05 23:43:49.416 21375 21809 V FfmpegTools: Retrieving duration of /storage/emulated/0/Movies/summarised/20200312_193728.mp4
07-05 23:43:49.420 21375 21620 W mobile-ffmpeg: [mov,mp4,m4a,3gp,3g2,mj2 @ 0x7a0f53c800] Found duplicated MOOV Atom. Skipped it
07-05 23:43:49.505 21375 21809 W Summariser: Summarisation completed
07-05 23:43:49.505 21375 21809 W Summariser:   filename: 20200312_193728.mp4
07-05 23:43:49.505 21375 21809 W Summariser:   active sections: -1
07-05 23:43:49.505 21375 21809 W Summariser:   time: 16.635s
07-05 23:43:49.505 21375 21809 W Summariser:   original duration: 60.02
07-05 23:43:49.505 21375 21809 W Summariser:   summarised duration: 60.02
07-05 23:43:49.505 21375 21809 W Summariser:   noise tolerance: 45.00
07-05 23:43:49.505 21375 21809 W Summariser:   quality: 23
07-05 23:43:49.505 21375 21809 W Summariser:   speed: medium
07-05 23:43:49.505 21375 21809 W Summariser:   freeze duration: 1.00
07-05 23:43:49.505 21375 21809 V VideoManager: Retrieving video from /storage/emulated/0/Movies/summarised/20200312_193728.mp4
07-05 23:43:49.515 21375 21809 D VideoManager: videoCursor is null
07-05 23:43:49.611 21375 21809 V VideoManager: videoFromCursor
07-05 23:43:49.616 21375 21809 V SummarisedVideosEventHandler: onAdd
07-05 23:43:49.620 21375 21809 W NearbyFragment: Sending 20200312_193728.mp4 to Galaxy S8 [2802]
07-05 23:43:49.625 21375 21809 V ProcessingVideosEventHandler: onRemove
07-05 23:43:49.666 21375 21375 V NearbyFragment: Transfer to Endpoint{id=njPJ, name=Galaxy S8 [2802]} complete
07-05 23:43:49.682 21375 21387 D SummariserIntentService: Scanned /storage/emulated/0/Movies/summarised
07-05 23:43:49.682 21375 21387 D SummariserIntentService:   -> uri=content://media/external/file/8207
07-05 23:43:52.790 21375 21375 D NearbyFragment: onPayloadReceived(endpointId=njPJ, payload=com.google.android.gms.nearby.connection.Payload@e9a6bf)
07-05 23:44:00.167 21375 21375 V NearbyFragment: Transfer to Endpoint{id=njPJ, name=Galaxy S8 [2802]} complete
07-05 23:44:31.487 21375 21375 V NearbyFragment: Transfer to Endpoint{id=njPJ, name=Galaxy S8 [2802]} complete
07-05 23:44:31.491 21375 21375 W NearbyFragment: Completed downloading 20200312_193928.mp4 from Endpoint{id=njPJ, name=Galaxy S8 [2802]} in 53.973s
07-05 23:44:31.496 21375 21375 D NearbyFragment: Summarising 20200312_193928.mp4
07-05 23:44:31.500 21375 21375 V VideoManager: Retrieving video from /storage/emulated/0/Download/Nearby/20200312_193928.mp4
07-05 23:44:31.513 21375 21375 V VideoManager: videoFromCursor
07-05 23:44:31.516 21375 21375 V ProcessingVideosEventHandler: onAdd
07-05 23:44:31.516 21375 21375 V RawFootageEventHandler: onRemove
07-05 23:44:31.521 21375 21375 D NearbyFragment: onPayloadReceived(endpointId=njPJ, payload=com.google.android.gms.nearby.connection.Payload@4de60d5)
07-05 23:44:31.523 21375 21375 V NearbyFragment: Started downloading SUMMARISE:-8617987826545401294:20200312_194229.mp4:45.0_1.0_23_medium from Endpoint{id=njPJ, name=Galaxy S8 [2802]}
07-05 23:44:31.524 21375 21375 V NearbyFragment: Transfer to Endpoint{id=njPJ, name=Galaxy S8 [2802]} complete
07-05 23:44:31.525 21375 21375 V NearbyFragment: Transfer to Endpoint{id=njPJ, name=Galaxy S8 [2802]} complete
07-05 23:44:31.531 21375 21853 V SummariserIntentService: onHandleIntent
07-05 23:44:31.533 21375 21853 D SummariserIntentService: Video{id='8253', data='/storage/emulated/0/Download/Nearby/20200312_193928.mp4', name='20200312_193928.mp4', size=69990400, visible=true, mimeType='video/mp4'}
07-05 23:44:31.533 21375 21853 D SummariserIntentService: /storage/emulated/0/Movies/summarised/20200312_193928.mp4
07-05 23:44:31.535 21375 21853 I FfmpegTools: Running ffmpeg with:
07-05 23:44:31.535 21375 21853 I FfmpegTools:   -y -i /storage/emulated/0/Download/Nearby/20200312_193928.mp4 -vf freezedetect=n=-45.000000dB:d=1.000000,metadata=mode=print:file=/storage/emulated/0/Movies/raw/20200312_193928.txt -f null -
07-05 23:44:31.543 21375 21620 W mobile-ffmpeg: [mov,mp4,m4a,3gp,3g2,mj2 @ 0x7a0f53c800] Found duplicated MOOV Atom. Skipped it
07-05 23:44:31.673 21375 21620 W mobile-ffmpeg: [graph 0 input from stream 0:0 @ 0x7a0f589c80] sws_param option is deprecated and ignored
07-05 23:44:45.590 21375 21375 D NearbyFragment: onPayloadReceived(endpointId=njPJ, payload=com.google.android.gms.nearby.connection.Payload@6313551)
07-05 23:44:52.670 21375 21853 W Summariser: No activity detected
07-05 23:44:52.673 21375 21853 V FfmpegTools: Retrieving duration of /storage/emulated/0/Download/Nearby/20200312_193928.mp4
07-05 23:44:52.680 21375 21620 W mobile-ffmpeg: [mov,mp4,m4a,3gp,3g2,mj2 @ 0x7a0f53c800] Found duplicated MOOV Atom. Skipped it
07-05 23:44:52.753 21375 21853 W Summariser: Summarisation completed
07-05 23:44:52.753 21375 21853 W Summariser:   filename: 20200312_193928.mp4
07-05 23:44:52.753 21375 21853 W Summariser:   active sections: 0
07-05 23:44:52.753 21375 21853 W Summariser:   time: 21.138s
07-05 23:44:52.753 21375 21853 W Summariser:   original duration: 60.89
07-05 23:44:52.753 21375 21853 W Summariser:   summarised duration: -1.00
07-05 23:44:52.753 21375 21853 W Summariser:   noise tolerance: 45.00
07-05 23:44:52.753 21375 21853 W Summariser:   quality: 23
07-05 23:44:52.753 21375 21853 W Summariser:   speed: medium
07-05 23:44:52.753 21375 21853 W Summariser:   freeze duration: 1.00
07-05 23:44:52.758 21375 21853 V ProcessingVideosEventHandler: onRemove
07-05 23:44:52.790 21375 21375 V NearbyFragment: Transfer to Endpoint{id=njPJ, name=Galaxy S8 [2802]} complete
07-05 23:44:52.821 21375 21387 D SummariserIntentService: Scanned /storage/emulated/0/Movies/summarised
07-05 23:44:52.821 21375 21387 D SummariserIntentService:   -> uri=content://media/external/file/8207
07-05 23:44:57.117 21375 21375 D NearbyFragment: onPayloadReceived(endpointId=njPJ, payload=com.google.android.gms.nearby.connection.Payload@1541342)
07-05 23:44:57.118 21375 21375 V NearbyFragment: Started downloading SUMMARISE:-9004783266077297123:20200312_194330.mp4:45.0_1.0_23_medium from Endpoint{id=njPJ, name=Galaxy S8 [2802]}
