--------- beginning of main
07-06 02:47:30.261 14200 14200 I zygote  : Late-enabling -Xcheck:jni
--------- beginning of system
07-06 02:47:30.382 14200 14200 I ActivityThread: handleStopService: token=android.os.BinderProxy@12f5aad not found.
07-06 02:47:30.387 14200 14200 I TransferService: Starting Transfer Service to listen for network connectivity changes.
07-06 02:47:30.389 14200 14200 W LogFactory: Truncating log tag length as it exceed 23, the limit imposed by Android on certain API Levels
07-06 02:47:30.414 14200 14200 I TransferService: Registering the network receiver
07-06 02:47:30.417 14200 14200 I TransferService: Moving the service out of the Foreground state.
07-06 02:47:30.418 14200 14200 I TransferService: De-registering the network receiver.
07-06 02:47:32.357 14200 14200 I zygote  : Rejecting re-init on previously-failed class java.lang.Class<androidx.core.view.ViewCompat$2>: java.lang.NoClassDefFoundError: Failed resolution of: Landroid/view/View$OnUnhandledKeyEventListener;
07-06 02:47:32.357 14200 14200 I zygote  :   at void androidx.core.view.ViewCompat.setOnApplyWindowInsetsListener(android.view.View, androidx.core.view.OnApplyWindowInsetsListener) (ViewCompat.java:2421)
07-06 02:47:32.357 14200 14200 I zygote  :   at android.view.ViewGroup androidx.appcompat.app.AppCompatDelegateImpl.createSubDecor() (AppCompatDelegateImpl.java:779)
07-06 02:47:32.357 14200 14200 I zygote  :   at void androidx.appcompat.app.AppCompatDelegateImpl.ensureSubDecor() (AppCompatDelegateImpl.java:659)
07-06 02:47:32.357 14200 14200 I zygote  :   at void androidx.appcompat.app.AppCompatDelegateImpl.setContentView(int) (AppCompatDelegateImpl.java:552)
07-06 02:47:32.357 14200 14200 I zygote  :   at void androidx.appcompat.app.AppCompatActivity.setContentView(int) (AppCompatActivity.java:161)
07-06 02:47:32.357 14200 14200 I zygote  :   at void com.example.edgesum.page.main.MainActivity.onCreate(android.os.Bundle) (MainActivity.java:95)
07-06 02:47:32.357 14200 14200 I zygote  :   at void android.app.Activity.performCreate(android.os.Bundle, android.os.PersistableBundle) (Activity.java:7009)
07-06 02:47:32.357 14200 14200 I zygote  :   at void android.app.Activity.performCreate(android.os.Bundle) (Activity.java:7000)
07-06 02:47:32.357 14200 14200 I zygote  :   at void android.app.Instrumentation.callActivityOnCreate(android.app.Activity, android.os.Bundle) (Instrumentation.java:1214)
07-06 02:47:32.357 14200 14200 I zygote  :   at android.app.Activity android.app.ActivityThread.performLaunchActivity(android.app.ActivityThread$ActivityClientRecord, android.content.Intent) (ActivityThread.java:2731)
07-06 02:47:32.357 14200 14200 I zygote  :   at void android.app.ActivityThread.handleLaunchActivity(android.app.ActivityThread$ActivityClientRecord, android.content.Intent, java.lang.String) (ActivityThread.java:2856)
07-06 02:47:32.357 14200 14200 I zygote  :   at void android.app.ActivityThread.-wrap11(android.app.ActivityThread, android.app.ActivityThread$ActivityClientRecord, android.content.Intent, java.lang.String) (ActivityThread.java:-1)
07-06 02:47:32.357 14200 14200 I zygote  :   at void android.app.ActivityThread$H.handleMessage(android.os.Message) (ActivityThread.java:1589)
07-06 02:47:32.357 14200 14200 I zygote  :   at void android.os.Handler.dispatchMessage(android.os.Message) (Handler.java:106)
07-06 02:47:32.357 14200 14200 I zygote  :   at void android.os.Looper.loop() (Looper.java:164)
07-06 02:47:32.357 14200 14200 I zygote  :   at void android.app.ActivityThread.main(java.lang.String[]) (ActivityThread.java:6494)
07-06 02:47:32.357 14200 14200 I zygote  :   at java.lang.Object java.lang.reflect.Method.invoke(java.lang.Object, java.lang.Object[]) (Method.java:-2)
07-06 02:47:32.357 14200 14200 I zygote  :   at void com.android.internal.os.RuntimeInit$MethodAndArgsCaller.run() (RuntimeInit.java:438)
07-06 02:47:32.357 14200 14200 I zygote  :   at void com.android.internal.os.ZygoteInit.main(java.lang.String[]) (ZygoteInit.java:807)
07-06 02:47:32.357 14200 14200 I zygote  : Caused by: java.lang.ClassNotFoundException: Didn't find class "android.view.View$OnUnhandledKeyEventListener" on path: DexPathList[[zip file "/data/app/com.example.edgesum-YzI1NIeHkS8kN2Z2Ls5RAg==/base.apk"],nativeLibraryDirectories=[/data/app/com.example.edgesum-YzI1NIeHkS8kN2Z2Ls5RAg==/lib/arm, /data/app/com.example.edgesum-YzI1NIeHkS8kN2Z2Ls5RAg==/base.apk!/lib/armeabi-v7a, /system/lib, /system/vendor/lib]]
07-06 02:47:32.357 14200 14200 I zygote  :   at java.lang.Class dalvik.system.BaseDexClassLoader.findClass(java.lang.String) (BaseDexClassLoader.java:125)
07-06 02:47:32.357 14200 14200 I zygote  :   at java.lang.Class java.lang.ClassLoader.loadClass(java.lang.String, boolean) (ClassLoader.java:379)
07-06 02:47:32.357 14200 14200 I zygote  :   at java.lang.Class java.lang.ClassLoader.loadClass(java.lang.String) (ClassLoader.java:312)
07-06 02:47:32.357 14200 14200 I zygote  :   at void androidx.core.view.ViewCompat.setOnApplyWindowInsetsListener(android.view.View, androidx.core.view.OnApplyWindowInsetsListener) (ViewCompat.java:2421)
07-06 02:47:32.357 14200 14200 I zygote  :   at android.view.ViewGroup androidx.appcompat.app.AppCompatDelegateImpl.createSubDecor() (AppCompatDelegateImpl.java:779)
07-06 02:47:32.357 14200 14200 I zygote  :   at void androidx.appcompat.app.AppCompatDelegateImpl.ensureSubDecor() (AppCompatDelegateImpl.java:659)
07-06 02:47:32.357 14200 14200 I zygote  :   at void androidx.appcompat.app.AppCompatDelegateImpl.setContentView(int) (AppCompatDelegateImpl.java:552)
07-06 02:47:32.357 14200 14200 I zygote  :   at void androidx.appcompat.app.AppCompatActivity.setContentView(int) (AppCompatActivity.java:161)
07-06 02:47:32.357 14200 14200 I zygote  :   at void com.example.edgesum.page.main.MainActivity.onCreate(android.os.Bundle) (MainActivity.java:95)
07-06 02:47:32.357 14200 14200 I zygote  :   at void android.app.Activity.performCreate(android.os.Bundle, android.os.PersistableBundle) (Activity.java:7009)
07-06 02:47:32.357 14200 14200 I zygote  :   at void android.app.Activity.performCreate(android.os.Bundle) (Activity.java:7000)
07-06 02:47:32.357 14200 14200 I zygote  :   at void android.app.Instrumentation.callActivityOnCreate(android.app.Activity, android.os.Bundle) (Instrumentation.java:1214)
07-06 02:47:32.357 14200 14200 I zygote  :   at android.app.Activity android.app.ActivityThread.performLaunchActivity(android.app.ActivityThread$ActivityClientRecord, android.content.Intent) (ActivityThread.java:2731)
07-06 02:47:32.357 14200 14200 I zygote  :   at void android.app.ActivityThread.handleLaunchActivity(android.app.ActivityThread$ActivityClientRecord, android.content.Intent, java.lang.String) (ActivityThread.java:2856)
07-06 02:47:32.357 14200 14200 I zygote  :   at void android.app.ActivityThread.-wrap11(android.app.ActivityThread, android.app.ActivityThread$ActivityClientRecord, android.content.Intent, java.lang.String) (ActivityThread.java:-1)
07-06 02:47:32.357 14200 14200 I zygote  :   at void android.app.ActivityThread$H.handleMessage(android.os.Message) (ActivityThread.java:1589)
07-06 02:47:32.357 14200 14200 I zygote  :   at void android.os.Handler.dispatchMessage(android.os.Message) (Handler.java:106)
07-06 02:47:32.357 14200 14200 I zygote  :   at void android.os.Looper.loop() (Looper.java:164)
07-06 02:47:32.357 14200 14200 I zygote  :   at void android.app.ActivityThread.main(java.lang.String[]) (ActivityThread.java:6494)
07-06 02:47:32.357 14200 14200 I zygote  :   at java.lang.Object java.lang.reflect.Method.invoke(java.lang.Object, java.lang.Object[]) (Method.java:-2)
07-06 02:47:32.357 14200 14200 I zygote  :   at void com.android.internal.os.RuntimeInit$MethodAndArgsCaller.run() (RuntimeInit.java:438)
07-06 02:47:32.357 14200 14200 I zygote  :   at void com.android.internal.os.ZygoteInit.main(java.lang.String[]) (ZygoteInit.java:807)
07-06 02:47:32.357 14200 14200 I zygote  : 
07-06 02:47:32.360 14200 14200 I zygote  : Rejecting re-init on previously-failed class java.lang.Class<androidx.core.view.ViewCompat$2>: java.lang.NoClassDefFoundError: Failed resolution of: Landroid/view/View$OnUnhandledKeyEventListener;
07-06 02:47:32.360 14200 14200 I zygote  :   at void androidx.core.view.ViewCompat.setOnApplyWindowInsetsListener(android.view.View, androidx.core.view.OnApplyWindowInsetsListener) (ViewCompat.java:2421)
07-06 02:47:32.360 14200 14200 I zygote  :   at android.view.ViewGroup androidx.appcompat.app.AppCompatDelegateImpl.createSubDecor() (AppCompatDelegateImpl.java:779)
07-06 02:47:32.360 14200 14200 I zygote  :   at void androidx.appcompat.app.AppCompatDelegateImpl.ensureSubDecor() (AppCompatDelegateImpl.java:659)
07-06 02:47:32.360 14200 14200 I zygote  :   at void androidx.appcompat.app.AppCompatDelegateImpl.setContentView(int) (AppCompatDelegateImpl.java:552)
07-06 02:47:32.360 14200 14200 I zygote  :   at void androidx.appcompat.app.AppCompatActivity.setContentView(int) (AppCompatActivity.java:161)
07-06 02:47:32.360 14200 14200 I zygote  :   at void com.example.edgesum.page.main.MainActivity.onCreate(android.os.Bundle) (MainActivity.java:95)
07-06 02:47:32.360 14200 14200 I zygote  :   at void android.app.Activity.performCreate(android.os.Bundle, android.os.PersistableBundle) (Activity.java:7009)
07-06 02:47:32.360 14200 14200 I zygote  :   at void android.app.Activity.performCreate(android.os.Bundle) (Activity.java:7000)
07-06 02:47:32.360 14200 14200 I zygote  :   at void android.app.Instrumentation.callActivityOnCreate(android.app.Activity, android.os.Bundle) (Instrumentation.java:1214)
07-06 02:47:32.360 14200 14200 I zygote  :   at android.app.Activity android.app.ActivityThread.performLaunchActivity(android.app.ActivityThread$ActivityClientRecord, android.content.Intent) (ActivityThread.java:2731)
07-06 02:47:32.360 14200 14200 I zygote  :   at void android.app.ActivityThread.handleLaunchActivity(android.app.ActivityThread$ActivityClientRecord, android.content.Intent, java.lang.String) (ActivityThread.java:2856)
07-06 02:47:32.360 14200 14200 I zygote  :   at void android.app.ActivityThread.-wrap11(android.app.ActivityThread, android.app.ActivityThread$ActivityClientRecord, android.content.Intent, java.lang.String) (ActivityThread.java:-1)
07-06 02:47:32.360 14200 14200 I zygote  :   at void android.app.ActivityThread$H.handleMessage(android.os.Message) (ActivityThread.java:1589)
07-06 02:47:32.360 14200 14200 I zygote  :   at void android.os.Handler.dispatchMessage(android.os.Message) (Handler.java:106)
07-06 02:47:32.360 14200 14200 I zygote  :   at void android.os.Looper.loop() (Looper.java:164)
07-06 02:47:32.360 14200 14200 I zygote  :   at void android.app.ActivityThread.main(java.lang.String[]) (ActivityThread.java:6494)
07-06 02:47:32.360 14200 14200 I zygote  :   at java.lang.Object java.lang.reflect.Method.invoke(java.lang.Object, java.lang.Object[]) (Method.java:-2)
07-06 02:47:32.360 14200 14200 I zygote  :   at void com.android.internal.os.RuntimeInit$MethodAndArgsCaller.run() (RuntimeInit.java:438)
07-06 02:47:32.360 14200 14200 I zygote  :   at void com.android.internal.os.ZygoteInit.main(java.lang.String[]) (ZygoteInit.java:807)
07-06 02:47:32.360 14200 14200 I zygote  : Caused by: java.lang.ClassNotFoundException: Didn't find class "android.view.View$OnUnhandledKeyEventListener" on path: DexPathList[[zip file "/data/app/com.example.edgesum-YzI1NIeHkS8kN2Z2Ls5RAg==/base.apk"],nativeLibraryDirectories=[/data/app/com.example.edgesum-YzI1NIeHkS8kN2Z2Ls5RAg==/lib/arm, /data/app/com.example.edgesum-YzI1NIeHkS8kN2Z2Ls5RAg==/base.apk!/lib/armeabi-v7a, /system/lib, /system/vendor/lib]]
07-06 02:47:32.360 14200 14200 I zygote  :   at java.lang.Class dalvik.system.BaseDexClassLoader.findClass(java.lang.String) (BaseDexClassLoader.java:125)
07-06 02:47:32.360 14200 14200 I zygote  :   at java.lang.Class java.lang.ClassLoader.loadClass(java.lang.String, boolean) (ClassLoader.java:379)
07-06 02:47:32.360 14200 14200 I zygote  :   at java.lang.Class java.lang.ClassLoader.loadClass(java.lang.String) (ClassLoader.java:312)
07-06 02:47:32.360 14200 14200 I zygote  :   at void androidx.core.view.ViewCompat.setOnApplyWindowInsetsListener(android.view.View, androidx.core.view.OnApplyWindowInsetsListener) (ViewCompat.java:2421)
07-06 02:47:32.360 14200 14200 I zygote  :   at android.view.ViewGroup androidx.appcompat.app.AppCompatDelegateImpl.createSubDecor() (AppCompatDelegateImpl.java:779)
07-06 02:47:32.360 14200 14200 I zygote  :   at void androidx.appcompat.app.AppCompatDelegateImpl.ensureSubDecor() (AppCompatDelegateImpl.java:659)
07-06 02:47:32.360 14200 14200 I zygote  :   at void androidx.appcompat.app.AppCompatDelegateImpl.setContentView(int) (AppCompatDelegateImpl.java:552)
07-06 02:47:32.360 14200 14200 I zygote  :   at void androidx.appcompat.app.AppCompatActivity.setContentView(int) (AppCompatActivity.java:161)
07-06 02:47:32.360 14200 14200 I zygote  :   at void com.example.edgesum.page.main.MainActivity.onCreate(android.os.Bundle) (MainActivity.java:95)
07-06 02:47:32.360 14200 14200 I zygote  :   at void android.app.Activity.performCreate(android.os.Bundle, android.os.PersistableBundle) (Activity.java:7009)
07-06 02:47:32.360 14200 14200 I zygote  :   at void android.app.Activity.performCreate(android.os.Bundle) (Activity.java:7000)
07-06 02:47:32.360 14200 14200 I zygote  :   at void android.app.Instrumentation.callActivityOnCreate(android.app.Activity, android.os.Bundle) (Instrumentation.java:1214)
07-06 02:47:32.360 14200 14200 I zygote  :   at android.app.Activity android.app.ActivityThread.performLaunchActivity(android.app.ActivityThread$ActivityClientRecord, android.content.Intent) (ActivityThread.java:2731)
07-06 02:47:32.360 14200 14200 I zygote  :   at void android.app.ActivityThread.handleLaunchActivity(android.app.ActivityThread$ActivityClientRecord, android.content.Intent, java.lang.String) (ActivityThread.java:2856)
07-06 02:47:32.360 14200 14200 I zygote  :   at void android.app.ActivityThread.-wrap11(android.app.ActivityThread, android.app.ActivityThread$ActivityClientRecord, android.content.Intent, java.lang.String) (ActivityThread.java:-1)
07-06 02:47:32.360 14200 14200 I zygote  :   at void android.app.ActivityThread$H.handleMessage(android.os.Message) (ActivityThread.java:1589)
07-06 02:47:32.360 14200 14200 I zygote  :   at void android.os.Handler.dispatchMessage(android.os.Message) (Handler.java:106)
07-06 02:47:32.360 14200 14200 I zygote  :   at void android.os.Looper.loop() (Looper.java:164)
07-06 02:47:32.360 14200 14200 I zygote  :   at void android.app.ActivityThread.main(java.lang.String[]) (ActivityThread.java:6494)
07-06 02:47:32.360 14200 14200 I zygote  :   at java.lang.Object java.lang.reflect.Method.invoke(java.lang.Object, java.lang.Object[]) (Method.java:-2)
07-06 02:47:32.360 14200 14200 I zygote  :   at void com.android.internal.os.RuntimeInit$MethodAndArgsCaller.run() (RuntimeInit.java:438)
07-06 02:47:32.360 14200 14200 I zygote  :   at void com.android.internal.os.ZygoteInit.main(java.lang.String[]) (ZygoteInit.java:807)
07-06 02:47:32.360 14200 14200 I zygote  : 
07-06 02:47:32.361 14200 14200 I zygote  : Rejecting re-init on previously-failed class java.lang.Class<androidx.core.view.ViewCompat$2>: java.lang.NoClassDefFoundError: Failed resolution of: Landroid/view/View$OnUnhandledKeyEventListener;
07-06 02:47:32.361 14200 14200 I zygote  :   at void androidx.core.view.ViewCompat.setOnApplyWindowInsetsListener(android.view.View, androidx.core.view.OnApplyWindowInsetsListener) (ViewCompat.java:2421)
07-06 02:47:32.361 14200 14200 I zygote  :   at android.view.ViewGroup androidx.appcompat.app.AppCompatDelegateImpl.createSubDecor() (AppCompatDelegateImpl.java:779)
07-06 02:47:32.361 14200 14200 I zygote  :   at void androidx.appcompat.app.AppCompatDelegateImpl.ensureSubDecor() (AppCompatDelegateImpl.java:659)
07-06 02:47:32.361 14200 14200 I zygote  :   at void androidx.appcompat.app.AppCompatDelegateImpl.setContentView(int) (AppCompatDelegateImpl.java:552)
07-06 02:47:32.361 14200 14200 I zygote  :   at void androidx.appcompat.app.AppCompatActivity.setContentView(int) (AppCompatActivity.java:161)
07-06 02:47:32.361 14200 14200 I zygote  :   at void com.example.edgesum.page.main.MainActivity.onCreate(android.os.Bundle) (MainActivity.java:95)
07-06 02:47:32.361 14200 14200 I zygote  :   at void android.app.Activity.performCreate(android.os.Bundle, android.os.PersistableBundle) (Activity.java:7009)
07-06 02:47:32.361 14200 14200 I zygote  :   at void android.app.Activity.performCreate(android.os.Bundle) (Activity.java:7000)
07-06 02:47:32.361 14200 14200 I zygote  :   at void android.app.Instrumentation.callActivityOnCreate(android.app.Activity, android.os.Bundle) (Instrumentation.java:1214)
07-06 02:47:32.361 14200 14200 I zygote  :   at android.app.Activity android.app.ActivityThread.performLaunchActivity(android.app.ActivityThread$ActivityClientRecord, android.content.Intent) (ActivityThread.java:2731)
07-06 02:47:32.361 14200 14200 I zygote  :   at void android.app.ActivityThread.handleLaunchActivity(android.app.ActivityThread$ActivityClientRecord, android.content.Intent, java.lang.String) (ActivityThread.java:2856)
07-06 02:47:32.361 14200 14200 I zygote  :   at void android.app.ActivityThread.-wrap11(android.app.ActivityThread, android.app.ActivityThread$ActivityClientRecord, android.content.Intent, java.lang.String) (ActivityThread.java:-1)
07-06 02:47:32.361 14200 14200 I zygote  :   at void android.app.ActivityThread$H.handleMessage(android.os.Message) (ActivityThread.java:1589)
07-06 02:47:32.361 14200 14200 I zygote  :   at void android.os.Handler.dispatchMessage(android.os.Message) (Handler.java:106)
07-06 02:47:32.361 14200 14200 I zygote  :   at void android.os.Looper.loop() (Looper.java:164)
07-06 02:47:32.361 14200 14200 I zygote  :   at void android.app.ActivityThread.main(java.lang.String[]) (ActivityThread.java:6494)
07-06 02:47:32.361 14200 14200 I zygote  :   at java.lang.Object java.lang.reflect.Method.invoke(java.lang.Object, java.lang.Object[]) (Method.java:-2)
07-06 02:47:32.361 14200 14200 I zygote  :   at void com.android.internal.os.RuntimeInit$MethodAndArgsCaller.run() (RuntimeInit.java:438)
07-06 02:47:32.361 14200 14200 I zygote  :   at void com.android.internal.os.ZygoteInit.main(java.lang.String[]) (ZygoteInit.java:807)
07-06 02:47:32.361 14200 14200 I zygote  : Caused by: java.lang.ClassNotFoundException: Didn't find class "android.view.View$OnUnhandledKeyEventListener" on path: DexPathList[[zip file "/data/app/com.example.edgesum-YzI1NIeHkS8kN2Z2Ls5RAg==/base.apk"],nativeLibraryDirectories=[/data/app/com.example.edgesum-YzI1NIeHkS8kN2Z2Ls5RAg==/lib/arm, /data/app/com.example.edgesum-YzI1NIeHkS8kN2Z2Ls5RAg==/base.apk!/lib/armeabi-v7a, /system/lib, /system/vendor/lib]]
07-06 02:47:32.361 14200 14200 I zygote  :   at java.lang.Class dalvik.system.BaseDexClassLoader.findClass(java.lang.String) (BaseDexClassLoader.java:125)
07-06 02:47:32.361 14200 14200 I zygote  :   at java.lang.Class java.lang.ClassLoader.loadClass(java.lang.String, boolean) (ClassLoader.java:379)
07-06 02:47:32.361 14200 14200 I zygote  :   at java.lang.Class java.lang.ClassLoader.loadClass(java.lang.String) (ClassLoader.java:312)
07-06 02:47:32.361 14200 14200 I zygote  :   at void androidx.core.view.ViewCompat.setOnApplyWindowInsetsListener(android.view.View, androidx.core.view.OnApplyWindowInsetsListener) (ViewCompat.java:2421)
07-06 02:47:32.361 14200 14200 I zygote  :   at android.view.ViewGroup androidx.appcompat.app.AppCompatDelegateImpl.createSubDecor() (AppCompatDelegateImpl.java:779)
07-06 02:47:32.361 14200 14200 I zygote  :   at void androidx.appcompat.app.AppCompatDelegateImpl.ensureSubDecor() (AppCompatDelegateImpl.java:659)
07-06 02:47:32.361 14200 14200 I zygote  :   at void androidx.appcompat.app.AppCompatDelegateImpl.setContentView(int) (AppCompatDelegateImpl.java:552)
07-06 02:47:32.361 14200 14200 I zygote  :   at void androidx.appcompat.app.AppCompatActivity.setContentView(int) (AppCompatActivity.java:161)
07-06 02:47:32.361 14200 14200 I zygote  :   at void com.example.edgesum.page.main.MainActivity.onCreate(android.os.Bundle) (MainActivity.java:95)
07-06 02:47:32.361 14200 14200 I zygote  :   at void android.app.Activity.performCreate(android.os.Bundle, android.os.PersistableBundle) (Activity.java:7009)
07-06 02:47:32.361 14200 14200 I zygote  :   at void android.app.Activity.performCreate(android.os.Bundle) (Activity.java:7000)
07-06 02:47:32.361 14200 14200 I zygote  :   at void android.app.Instrumentation.callActivityOnCreate(android.app.Activity, android.os.Bundle) (Instrumentation.java:1214)
07-06 02:47:32.361 14200 14200 I zygote  :   at android.app.Activity android.app.ActivityThread.performLaunchActivity(android.app.ActivityThread$ActivityClientRecord, android.content.Intent) (ActivityThread.java:2731)
07-06 02:47:32.361 14200 14200 I zygote  :   at void android.app.ActivityThread.handleLaunchActivity(android.app.ActivityThread$ActivityClientRecord, android.content.Intent, java.lang.String) (ActivityThread.java:2856)
07-06 02:47:32.361 14200 14200 I zygote  :   at void android.app.ActivityThread.-wrap11(android.app.ActivityThread, android.app.ActivityThread$ActivityClientRecord, android.content.Intent, java.lang.String) (ActivityThread.java:-1)
07-06 02:47:32.361 14200 14200 I zygote  :   at void android.app.ActivityThread$H.handleMessage(android.os.Message) (ActivityThread.java:1589)
07-06 02:47:32.361 14200 14200 I zygote  :   at void android.os.Handler.dispatchMessage(android.os.Message) (Handler.java:106)
07-06 02:47:32.361 14200 14200 I zygote  :   at void android.os.Looper.loop() (Looper.java:164)
07-06 02:47:32.361 14200 14200 I zygote  :   at void android.app.ActivityThread.main(java.lang.String[]) (ActivityThread.java:6494)
07-06 02:47:32.361 14200 14200 I zygote  :   at java.lang.Object java.lang.reflect.Method.invoke(java.lang.Object, java.lang.Object[]) (Method.java:-2)
07-06 02:47:32.361 14200 14200 I zygote  :   at void com.android.internal.os.RuntimeInit$MethodAndArgsCaller.run() (RuntimeInit.java:438)
07-06 02:47:32.361 14200 14200 I zygote  :   at void com.android.internal.os.ZygoteInit.main(java.lang.String[]) (ZygoteInit.java:807)
07-06 02:47:32.361 14200 14200 I zygote  : 
07-06 02:47:32.627 14200 14200 V Repo    : /storage/emulated/0/Movies/raw
07-06 02:47:32.627 14200 14200 V Repo    : /storage/emulated/0/Movies/summarised
07-06 02:47:32.644 14200 14200 V FileManager: External storage is readable
07-06 02:47:32.647 14200 14200 V FileManager: Created new directory: /storage/emulated/0/Movies/raw
07-06 02:47:32.651 14200 14200 V FileManager: External storage is readable
07-06 02:47:32.652 14200 14200 V FileManager: Created new directory: /storage/emulated/0/Movies/summarised
07-06 02:47:32.656 14200 14200 V FileManager: External storage is readable
07-06 02:47:32.657 14200 14200 V FileManager: Created new directory: /storage/emulated/0/Download/nearby
07-06 02:47:32.660 14200 14200 V FileManager: External storage is readable
07-06 02:47:32.661 14200 14200 V FileManager: Created new directory: /storage/emulated/0/Movies/segment
07-06 02:47:32.665 14200 14200 V FileManager: External storage is readable
07-06 02:47:32.667 14200 14200 V FileManager: Created new directory: /storage/emulated/0/Movies/segment-sum
07-06 02:47:32.869 14200 14200 V VideoManager: getAllVideoFromExternalStorageFolder
07-06 02:47:32.874 14200 14200 D VideoManager: /storage/emulated/0/Movies/summarised
07-06 02:47:32.889 14200 14200 D VideoManager: 0 videos return
07-06 02:47:32.929 14200 14205 I zygote  : Do partial code cache collection, code=10KB, data=19KB
07-06 02:47:32.931 14200 14205 I zygote  : After code cache collection, code=10KB, data=19KB
07-06 02:47:32.931 14200 14205 I zygote  : Increasing code cache capacity to 128KB
07-06 02:47:32.935 14200 14205 I zygote  : Do partial code cache collection, code=10KB, data=37KB
07-06 02:47:32.938 14200 14205 I zygote  : After code cache collection, code=10KB, data=37KB
07-06 02:47:32.939 14200 14205 I zygote  : Increasing code cache capacity to 256KB
07-06 02:47:32.939 14200 14205 I zygote  : Compiler allocated 4MB to compile void android.widget.TextView.<init>(android.content.Context, android.util.AttributeSet, int, int)
07-06 02:47:32.940 14200 14200 V VideoManager: getAllVideoFromExternalStorageFolder
07-06 02:47:32.944 14200 14200 D VideoManager: /storage/emulated/0/Movies/raw
07-06 02:47:32.958 14200 14200 D VideoManager: 0 videos return
07-06 02:47:33.023 14200 14224 D OpenGLRenderer: HWUI GL Pipeline
07-06 02:47:33.040 14200 14200 I TransferService: Starting Transfer Service to listen for network connectivity changes.
07-06 02:47:33.040 14200 14200 I TransferService: Registering the network receiver
07-06 02:47:33.044 14200 14200 E TransferService: No notification is passed in the intent. Unable to transition to foreground.
07-06 02:47:33.063 14200 14218 D MainActivity: Scanned /storage/emulated/0/Movies/raw
07-06 02:47:33.063 14200 14218 D MainActivity:   -> uri=content://media/external/file/1526
07-06 02:47:33.167 14200 14200 W StaticLayout: maxLineHeight should not be -1.  maxLines:1 lineCount:1
07-06 02:47:33.172 14200 14218 D MainActivity: Scanned /storage/emulated/0/Movies/summarised
07-06 02:47:33.172 14200 14218 D MainActivity:   -> uri=content://media/external/file/1527
07-06 02:47:33.183 14200 14200 W StaticLayout: maxLineHeight should not be -1.  maxLines:1 lineCount:1
07-06 02:47:33.195 14200 14200 I chatty  : uid=10086(com.example.edgesum) identical 1 line
07-06 02:47:33.208 14200 14200 W StaticLayout: maxLineHeight should not be -1.  maxLines:1 lineCount:1
07-06 02:47:33.246 14200 14224 I Adreno-EGL: <qeglDrvAPI_eglInitialize:379>: QUALCOMM Build: 06/17/16, f19e6a9, I9e7a63e7c4
07-06 02:47:33.251 14200 14224 I zygote  : android::hardware::configstore::V1_0::ISurfaceFlingerConfigs::hasWideColorDisplay retrieved: 0
07-06 02:47:33.251 14200 14224 I OpenGLRenderer: Initialized EGL, version 1.4
07-06 02:47:33.251 14200 14224 D OpenGLRenderer: Swap behavior 1
07-06 02:47:33.260 14200 14224 W Adreno-EGL: <qeglDrvAPI_eglGetConfigAttrib:607>: EGL_BAD_ATTRIBUTE
07-06 02:47:33.264 14200 14224 W Adreno-EGL: <qeglDrvAPI_eglGetConfigAttrib:607>: EGL_BAD_ATTRIBUTE
07-06 02:47:33.265 14200 14224 D vndksupport: Loading /vendor/lib/hw/gralloc.msm8974.so from current namespace instead of sphal namespace.
07-06 02:47:33.267 14200 14200 W StaticLayout: maxLineHeight should not be -1.  maxLines:1 lineCount:1
07-06 02:47:33.285 14200 14200 W StaticLayout: maxLineHeight should not be -1.  maxLines:1 lineCount:1
07-06 02:47:33.299 14200 14200 I TransferNetworkLossHand: Network connectivity changed detected.
07-06 02:47:33.301 14200 14200 I TransferNetworkLossHand: Network connected: true
07-06 02:47:33.457 14200 14224 D vndksupport: Loading /vendor/lib/hw/android.hardware.graphics.mapper@2.0-impl.so from current namespace instead of sphal namespace.
07-06 02:47:33.458 14200 14224 D vndksupport: Loading /vendor/lib/hw/gralloc.msm8974.so from current namespace instead of sphal namespace.
07-06 02:47:39.453 14200 14200 V MainActivity: Connect button clicked
07-06 02:47:40.334 14200 14200 V ConnectionFragment: Auto-send switch checked
07-06 02:47:40.376 14200 14200 W NearbyFragment: Preferences:
07-06 02:47:40.376 14200 14200 W NearbyFragment:   Auto download: true
07-06 02:47:40.376 14200 14200 W NearbyFragment:   Algorithm: best
07-06 02:47:40.376 14200 14200 W NearbyFragment:   Fast scheduling: false
07-06 02:47:40.376 14200 14200 W NearbyFragment:   Segmentation: false
07-06 02:47:40.376 14200 14200 W NearbyFragment:   Auto segmentation: false
07-06 02:47:40.376 14200 14200 W NearbyFragment:   Segment number: 2
07-06 02:47:40.376 14200 14200 W NearbyFragment:   Noise tolerance: 45.00
07-06 02:47:40.376 14200 14200 W NearbyFragment:   Quality: 23
07-06 02:47:40.376 14200 14200 W NearbyFragment:   Speed: medium
07-06 02:47:40.376 14200 14200 W NearbyFragment:   Freeze duration: 1.00
07-06 02:47:40.376 14200 14200 W NearbyFragment: Download delay: 1s
07-06 02:47:40.376 14200 14200 W NearbyFragment: Started downloading from dashcam
07-06 02:47:40.378 14200 14278 V DownloadTestVideosTask: Starting DownloadTestVideosTask
07-06 02:47:40.385 14200 14278 V DashDownloadManager: Started downloading: 20200312_150643.mp4
07-06 02:47:40.430 14200 14278 D NetworkSecurityConfig: No Network Security Config specified, using platform default
07-06 02:47:41.788 14200 14200 V MainActivity: Navigation summarised button clicked
07-06 02:47:41.848 14200 14200 W StaticLayout: maxLineHeight should not be -1.  maxLines:1 lineCount:1
07-06 02:47:41.861 14200 14200 W StaticLayout: maxLineHeight should not be -1.  maxLines:1 lineCount:1
07-06 02:47:55.132 14200 14278 V VideoManager: Retrieving video from /storage/emulated/0/Movies/raw/20200312_150643.mp4
07-06 02:47:55.139 14200 14278 D VideoManager: videoCursor is null
07-06 02:47:55.158 14200 14278 V VideoManager: videoFromCursor
07-06 02:47:55.160 14200 14278 W DashDownloadManager: Successfully downloaded 20200312_150643.mp4 in 14.733s
07-06 02:47:55.161 14200 14278 V DownloadTestVideosTask: Entering callback for download completion of 20200312_150643.mp4
07-06 02:47:55.165 14200 14278 V ProcessingVideosEventHandler: onAdd
07-06 02:47:55.181 14200 14285 V SummariserIntentService: onHandleIntent
07-06 02:47:55.183 14200 14285 D SummariserIntentService: Video{id='1745', data='/storage/emulated/0/Movies/raw/20200312_150643.mp4', name='20200312_150643.mp4', size=69990400, visible=true, mimeType='video/mp4'}
07-06 02:47:55.183 14200 14285 D SummariserIntentService: /storage/emulated/0/Movies/summarised/20200312_150643.mp4
07-06 02:47:55.187 14200 14285 I mobile-ffmpeg: Loading mobile-ffmpeg.
07-06 02:47:55.268 14200 14285 I mobile-ffmpeg: Loaded mobile-ffmpeg-full-gpl-arm-v7a-neon-4.3.2-20200415.
07-06 02:47:55.269 14200 14286 D mobile-ffmpeg: Callback thread started.
07-06 02:47:55.272 14200 14285 I FfmpegTools: Running ffmpeg with:
07-06 02:47:55.272 14200 14285 I FfmpegTools:   -y -i /storage/emulated/0/Movies/raw/20200312_150643.mp4 -vf freezedetect=n=-45.000000dB:d=1.000000,metadata=mode=print:file=/storage/emulated/0/Movies/raw/20200312_150643.txt -f null -
07-06 02:47:55.280 14200 14286 W mobile-ffmpeg: [mov,mp4,m4a,3gp,3g2,mj2 @ 0x9363cc00] Found duplicated MOOV Atom. Skipped it
07-06 02:47:55.427 14200 14286 W mobile-ffmpeg: [graph 0 input from stream 0:0 @ 0x93549820] sws_param option is deprecated and ignored
07-06 02:47:56.177 14200 14278 V DownloadTestVideosTask: Starting DownloadTestVideosTask
07-06 02:47:56.181 14200 14278 V DashDownloadManager: Started downloading: 20200312_150744.mp4
07-06 02:48:09.692 14200 14278 V VideoManager: Retrieving video from /storage/emulated/0/Movies/raw/20200312_150744.mp4
07-06 02:48:09.697 14200 14278 D VideoManager: videoCursor is null
07-06 02:48:09.715 14200 14278 V VideoManager: videoFromCursor
07-06 02:48:09.717 14200 14278 W DashDownloadManager: Successfully downloaded 20200312_150744.mp4 in 13.510s
07-06 02:48:09.718 14200 14278 V DownloadTestVideosTask: Entering callback for download completion of 20200312_150744.mp4
07-06 02:48:09.718 14200 14278 V ProcessingVideosEventHandler: onAdd
07-06 02:48:10.724 14200 14278 V DownloadTestVideosTask: Starting DownloadTestVideosTask
07-06 02:48:10.728 14200 14278 V DashDownloadManager: Started downloading: 20200312_150844.mp4
07-06 02:48:23.230 14200 14285 W Summariser: No activity detected
07-06 02:48:23.232 14200 14285 V FfmpegTools: Retrieving duration of /storage/emulated/0/Movies/raw/20200312_150643.mp4
07-06 02:48:23.239 14200 14286 W mobile-ffmpeg: [mov,mp4,m4a,3gp,3g2,mj2 @ 0x93642a00] Found duplicated MOOV Atom. Skipped it
07-06 02:48:23.346 14200 14285 W Summariser: Summarisation completed
07-06 02:48:23.346 14200 14285 W Summariser:   filename: 20200312_150643.mp4
07-06 02:48:23.346 14200 14285 W Summariser:   active sections: 0
07-06 02:48:23.346 14200 14285 W Summariser:   time: 28.047s
07-06 02:48:23.346 14200 14285 W Summariser:   original duration: 60.02
07-06 02:48:23.346 14200 14285 W Summariser:   summarised duration: -1.00
07-06 02:48:23.346 14200 14285 W Summariser:   noise tolerance: 45.00
07-06 02:48:23.346 14200 14285 W Summariser:   quality: 23
07-06 02:48:23.346 14200 14285 W Summariser:   speed: medium
07-06 02:48:23.346 14200 14285 W Summariser:   freeze duration: 1.00
07-06 02:48:23.347 14200 14285 V ProcessingVideosEventHandler: onRemove
07-06 02:48:23.356 14200 14285 V SummariserIntentService: onHandleIntent
07-06 02:48:23.358 14200 14285 D SummariserIntentService: Video{id='1746', data='/storage/emulated/0/Movies/raw/20200312_150744.mp4', name='20200312_150744.mp4', size=69990400, visible=true, mimeType='video/mp4'}
07-06 02:48:23.358 14200 14285 D SummariserIntentService: /storage/emulated/0/Movies/summarised/20200312_150744.mp4
07-06 02:48:23.363 14200 14285 I FfmpegTools: Running ffmpeg with:
07-06 02:48:23.363 14200 14285 I FfmpegTools:   -y -i /storage/emulated/0/Movies/raw/20200312_150744.mp4 -vf freezedetect=n=-45.000000dB:d=1.000000,metadata=mode=print:file=/storage/emulated/0/Movies/raw/20200312_150744.txt -f null -
07-06 02:48:23.370 14200 14286 W mobile-ffmpeg: [mov,mp4,m4a,3gp,3g2,mj2 @ 0x8dc72000] Found duplicated MOOV Atom. Skipped it
07-06 02:48:23.405 14200 14213 D SummariserIntentService: Scanned /storage/emulated/0/Movies/summarised
07-06 02:48:23.405 14200 14213 D SummariserIntentService:   -> uri=content://media/external/file/1527
07-06 02:48:23.415 14200 14205 I zygote  : Do full code cache collection, code=118KB, data=106KB
07-06 02:48:23.417 14200 14205 I zygote  : After code cache collection, code=118KB, data=77KB
07-06 02:48:23.490 14200 14286 W mobile-ffmpeg: [graph 0 input from stream 0:0 @ 0x8dceab00] sws_param option is deprecated and ignored
07-06 02:48:24.365 14200 14278 V VideoManager: Retrieving video from /storage/emulated/0/Movies/raw/20200312_150844.mp4
07-06 02:48:24.370 14200 14278 D VideoManager: videoCursor is null
07-06 02:48:24.391 14200 14278 V VideoManager: videoFromCursor
07-06 02:48:24.393 14200 14278 W DashDownloadManager: Successfully downloaded 20200312_150844.mp4 in 13.636s
07-06 02:48:24.393 14200 14278 V DownloadTestVideosTask: Entering callback for download completion of 20200312_150844.mp4
07-06 02:48:24.394 14200 14278 V ProcessingVideosEventHandler: onAdd
07-06 02:48:25.398 14200 14278 V DownloadTestVideosTask: Starting DownloadTestVideosTask
07-06 02:48:25.403 14200 14278 V DashDownloadManager: Started downloading: 20200312_150944.mp4
07-06 02:48:38.784 14200 14278 V VideoManager: Retrieving video from /storage/emulated/0/Movies/raw/20200312_150944.mp4
07-06 02:48:38.790 14200 14278 D VideoManager: videoCursor is null
07-06 02:48:38.815 14200 14278 V VideoManager: videoFromCursor
07-06 02:48:38.818 14200 14278 W DashDownloadManager: Successfully downloaded 20200312_150944.mp4 in 13.381s
07-06 02:48:38.818 14200 14278 V DownloadTestVideosTask: Entering callback for download completion of 20200312_150944.mp4
07-06 02:48:38.819 14200 14278 V ProcessingVideosEventHandler: onAdd
07-06 02:48:39.824 14200 14278 V DownloadTestVideosTask: Starting DownloadTestVideosTask
07-06 02:48:39.829 14200 14278 V DashDownloadManager: Started downloading: 20200312_151044.mp4
07-06 02:48:51.272 14200 14285 V FfmpegTools: Retrieving duration of /storage/emulated/0/Movies/raw/20200312_150744.mp4
07-06 02:48:51.280 14200 14286 W mobile-ffmpeg: [mov,mp4,m4a,3gp,3g2,mj2 @ 0x8dc73800] Found duplicated MOOV Atom. Skipped it
07-06 02:48:51.364 14200 14285 W Summariser: 1 active sections found
07-06 02:48:51.365 14200 14285 I FfmpegTools: Running ffmpeg with:
07-06 02:48:51.365 14200 14285 I FfmpegTools:   -y -i /storage/emulated/0/Movies/raw/20200312_150744.mp4 -filter_complex [0:v]trim=55.250000:60.020000,setpts=PTS-STARTPTS[v0];[0:a]atrim=55.250000:60.020000,asetpts=PTS-STARTPTS[a0];[v0][a0]concat=n=1:v=1:a=1[outv][outa] -map [outv] -map [outa] -crf 23 -preset medium /storage/emulated/0/Movies/summarised/20200312_150744.mp4
07-06 02:48:51.381 14200 14286 W mobile-ffmpeg: [mov,mp4,m4a,3gp,3g2,mj2 @ 0x8caf5600] Found duplicated MOOV Atom. Skipped it
07-06 02:48:51.509 14200 14286 W mobile-ffmpeg: [graph 0 input from stream 0:0 @ 0x8dc75e40] sws_param option is deprecated and ignored
07-06 02:48:53.783 14200 14278 V VideoManager: Retrieving video from /storage/emulated/0/Movies/raw/20200312_151044.mp4
07-06 02:48:53.789 14200 14278 D VideoManager: videoCursor is null
07-06 02:48:53.827 14200 14278 V VideoManager: videoFromCursor
07-06 02:48:53.830 14200 14278 W DashDownloadManager: Successfully downloaded 20200312_151044.mp4 in 13.953s
07-06 02:48:53.830 14200 14278 V DownloadTestVideosTask: Entering callback for download completion of 20200312_151044.mp4
07-06 02:48:53.831 14200 14278 V ProcessingVideosEventHandler: onAdd
07-06 02:48:54.838 14200 14278 V DownloadTestVideosTask: Starting DownloadTestVideosTask
07-06 02:48:54.843 14200 14278 V DashDownloadManager: Started downloading: 20200312_193528.mp4
07-06 02:49:09.023 14200 14278 V VideoManager: Retrieving video from /storage/emulated/0/Movies/raw/20200312_193528.mp4
07-06 02:49:09.029 14200 14278 D VideoManager: videoCursor is null
07-06 02:49:09.052 14200 14278 V VideoManager: videoFromCursor
07-06 02:49:09.055 14200 14278 W DashDownloadManager: Successfully downloaded 20200312_193528.mp4 in 14.180s
07-06 02:49:09.055 14200 14278 V DownloadTestVideosTask: Entering callback for download completion of 20200312_193528.mp4
07-06 02:49:09.056 14200 14278 V ProcessingVideosEventHandler: onAdd
07-06 02:49:10.062 14200 14278 V DownloadTestVideosTask: Starting DownloadTestVideosTask
07-06 02:49:10.067 14200 14278 V DashDownloadManager: Started downloading: 20200312_193628.mp4
07-06 02:49:24.242 14200 14278 V VideoManager: Retrieving video from /storage/emulated/0/Movies/raw/20200312_193628.mp4
07-06 02:49:24.250 14200 14278 D VideoManager: videoCursor is null
07-06 02:49:24.291 14200 14278 V VideoManager: videoFromCursor
07-06 02:49:24.295 14200 14278 W DashDownloadManager: Successfully downloaded 20200312_193628.mp4 in 14.174s
07-06 02:49:24.295 14200 14278 V DownloadTestVideosTask: Entering callback for download completion of 20200312_193628.mp4
07-06 02:49:24.296 14200 14278 V ProcessingVideosEventHandler: onAdd
07-06 02:49:25.310 14200 14278 V DownloadTestVideosTask: Starting DownloadTestVideosTask
07-06 02:49:25.317 14200 14278 V DashDownloadManager: Started downloading: 20200312_193728.mp4
07-06 02:49:38.856 14200 14278 V VideoManager: Retrieving video from /storage/emulated/0/Movies/raw/20200312_193728.mp4
07-06 02:49:38.864 14200 14278 D VideoManager: videoCursor is null
07-06 02:49:38.893 14200 14278 V VideoManager: videoFromCursor
07-06 02:49:38.896 14200 14278 W DashDownloadManager: Successfully downloaded 20200312_193728.mp4 in 13.538s
07-06 02:49:38.897 14200 14278 V DownloadTestVideosTask: Entering callback for download completion of 20200312_193728.mp4
07-06 02:49:38.898 14200 14278 V ProcessingVideosEventHandler: onAdd
07-06 02:49:39.006 14200 14285 V FfmpegTools: Retrieving duration of /storage/emulated/0/Movies/raw/20200312_150744.mp4
07-06 02:49:39.016 14200 14286 W mobile-ffmpeg: [mov,mp4,m4a,3gp,3g2,mj2 @ 0x8caf5600] Found duplicated MOOV Atom. Skipped it
07-06 02:49:39.123 14200 14285 V FfmpegTools: Retrieving duration of /storage/emulated/0/Movies/summarised/20200312_150744.mp4
07-06 02:49:39.244 14200 14285 W Summariser: Summarisation completed
07-06 02:49:39.244 14200 14285 W Summariser:   filename: 20200312_150744.mp4
07-06 02:49:39.244 14200 14285 W Summariser:   active sections: 1
07-06 02:49:39.244 14200 14285 W Summariser:   time: 75.643s
07-06 02:49:39.244 14200 14285 W Summariser:   original duration: 60.02
07-06 02:49:39.244 14200 14285 W Summariser:   summarised duration: 4.83
07-06 02:49:39.244 14200 14285 W Summariser:   noise tolerance: 45.00
07-06 02:49:39.244 14200 14285 W Summariser:   quality: 23
07-06 02:49:39.244 14200 14285 W Summariser:   speed: medium
07-06 02:49:39.244 14200 14285 W Summariser:   freeze duration: 1.00
07-06 02:49:39.245 14200 14285 V VideoManager: Retrieving video from /storage/emulated/0/Movies/summarised/20200312_150744.mp4
07-06 02:49:39.253 14200 14285 D VideoManager: videoCursor is null
07-06 02:49:39.280 14200 14285 V VideoManager: videoFromCursor
07-06 02:49:39.285 14200 14285 V SummarisedVideosEventHandler: onAdd
07-06 02:49:39.285 14200 14285 V ProcessingVideosEventHandler: onRemove
07-06 02:49:39.293 14200 14285 V SummariserIntentService: onHandleIntent
07-06 02:49:39.296 14200 14285 D SummariserIntentService: Video{id='1747', data='/storage/emulated/0/Movies/raw/20200312_150844.mp4', name='20200312_150844.mp4', size=69990400, visible=true, mimeType='video/mp4'}
07-06 02:49:39.297 14200 14285 D SummariserIntentService: /storage/emulated/0/Movies/summarised/20200312_150844.mp4
07-06 02:49:39.311 14200 14285 I FfmpegTools: Running ffmpeg with:
07-06 02:49:39.311 14200 14285 I FfmpegTools:   -y -i /storage/emulated/0/Movies/raw/20200312_150844.mp4 -vf freezedetect=n=-45.000000dB:d=1.000000,metadata=mode=print:file=/storage/emulated/0/Movies/raw/20200312_150844.txt -f null -
07-06 02:49:39.325 14200 14286 W mobile-ffmpeg: [mov,mp4,m4a,3gp,3g2,mj2 @ 0x8ca67600] Found duplicated MOOV Atom. Skipped it
07-06 02:49:39.587 14200 14286 W mobile-ffmpeg: [graph 0 input from stream 0:0 @ 0x8dc76260] sws_param option is deprecated and ignored
07-06 02:49:39.914 14200 14278 V DownloadTestVideosTask: Starting DownloadTestVideosTask
07-06 02:49:39.921 14200 14278 V DashDownloadManager: Started downloading: 20200312_193828.mp4
07-06 02:49:40.029 14200 14383 D SummariserIntentService: Scanned /storage/emulated/0/Movies/summarised
07-06 02:49:40.029 14200 14383 D SummariserIntentService:   -> uri=content://media/external/file/1527
07-06 02:49:53.614 14200 14278 V VideoManager: Retrieving video from /storage/emulated/0/Movies/raw/20200312_193828.mp4
07-06 02:49:53.621 14200 14278 D VideoManager: videoCursor is null
07-06 02:49:53.652 14200 14278 V VideoManager: videoFromCursor
07-06 02:49:53.660 14200 14278 W DashDownloadManager: Successfully downloaded 20200312_193828.mp4 in 13.692s
07-06 02:49:53.661 14200 14278 V DownloadTestVideosTask: Entering callback for download completion of 20200312_193828.mp4
07-06 02:49:53.661 14200 14278 V ProcessingVideosEventHandler: onAdd
07-06 02:49:54.665 14200 14278 V DownloadTestVideosTask: Starting DownloadTestVideosTask
07-06 02:49:54.670 14200 14278 V DashDownloadManager: Started downloading: 20200312_193928.mp4
07-06 02:50:08.363 14200 14278 V VideoManager: Retrieving video from /storage/emulated/0/Movies/raw/20200312_193928.mp4
07-06 02:50:08.372 14200 14278 D VideoManager: videoCursor is null
07-06 02:50:08.394 14200 14278 V VideoManager: videoFromCursor
07-06 02:50:08.397 14200 14278 W DashDownloadManager: Successfully downloaded 20200312_193928.mp4 in 13.692s
07-06 02:50:08.397 14200 14278 V DownloadTestVideosTask: Entering callback for download completion of 20200312_193928.mp4
07-06 02:50:08.398 14200 14278 V ProcessingVideosEventHandler: onAdd
07-06 02:50:09.404 14200 14278 V DownloadTestVideosTask: Starting DownloadTestVideosTask
07-06 02:50:09.409 14200 14278 V DashDownloadManager: Started downloading: 20200312_194129.mp4
07-06 02:50:16.126 14200 14285 D Summariser: No freeze file
07-06 02:50:16.126 14200 14285 W Summariser: Whole video is active
07-06 02:50:16.220 14200 14205 I zygote  : Do partial code cache collection, code=126KB, data=93KB
07-06 02:50:16.221 14200 14205 I zygote  : After code cache collection, code=126KB, data=93KB
07-06 02:50:16.221 14200 14205 I zygote  : Increasing code cache capacity to 512KB
07-06 02:50:23.018 14200 14278 V VideoManager: Retrieving video from /storage/emulated/0/Movies/raw/20200312_194129.mp4
07-06 02:50:23.024 14200 14278 D VideoManager: videoCursor is null
07-06 02:50:23.167 14200 14278 V VideoManager: videoFromCursor
07-06 02:50:23.169 14200 14278 W DashDownloadManager: Successfully downloaded 20200312_194129.mp4 in 13.608s
07-06 02:50:23.170 14200 14278 V DownloadTestVideosTask: Entering callback for download completion of 20200312_194129.mp4
07-06 02:50:23.170 14200 14278 V ProcessingVideosEventHandler: onAdd
07-06 02:50:23.497 14200 14285 V FfmpegTools: Retrieving duration of /storage/emulated/0/Movies/raw/20200312_150844.mp4
07-06 02:50:23.505 14200 14286 W mobile-ffmpeg: [mov,mp4,m4a,3gp,3g2,mj2 @ 0x93514000] Found duplicated MOOV Atom. Skipped it
07-06 02:50:23.608 14200 14285 V FfmpegTools: Retrieving duration of /storage/emulated/0/Movies/summarised/20200312_150844.mp4
07-06 02:50:23.616 14200 14286 W mobile-ffmpeg: [mov,mp4,m4a,3gp,3g2,mj2 @ 0x8db7d200] Found duplicated MOOV Atom. Skipped it
07-06 02:50:23.715 14200 14285 W Summariser: Summarisation completed
07-06 02:50:23.715 14200 14285 W Summariser:   filename: 20200312_150844.mp4
07-06 02:50:23.715 14200 14285 W Summariser:   active sections: -1
07-06 02:50:23.715 14200 14285 W Summariser:   time: 44.198s
07-06 02:50:23.715 14200 14285 W Summariser:   original duration: 60.02
07-06 02:50:23.715 14200 14285 W Summariser:   summarised duration: 60.02
07-06 02:50:23.715 14200 14285 W Summariser:   noise tolerance: 45.00
07-06 02:50:23.715 14200 14285 W Summariser:   quality: 23
07-06 02:50:23.715 14200 14285 W Summariser:   speed: medium
07-06 02:50:23.715 14200 14285 W Summariser:   freeze duration: 1.00
07-06 02:50:23.716 14200 14285 V VideoManager: Retrieving video from /storage/emulated/0/Movies/summarised/20200312_150844.mp4
07-06 02:50:23.721 14200 14285 D VideoManager: videoCursor is null
07-06 02:50:23.745 14200 14285 V VideoManager: videoFromCursor
07-06 02:50:23.747 14200 14285 V SummarisedVideosEventHandler: onAdd
07-06 02:50:23.748 14200 14285 V ProcessingVideosEventHandler: onRemove
07-06 02:50:23.764 14200 14285 V SummariserIntentService: onHandleIntent
07-06 02:50:23.764 14200 14285 D SummariserIntentService: Video{id='1748', data='/storage/emulated/0/Movies/raw/20200312_150944.mp4', name='20200312_150944.mp4', size=69990400, visible=true, mimeType='video/mp4'}
07-06 02:50:23.764 14200 14285 D SummariserIntentService: /storage/emulated/0/Movies/summarised/20200312_150944.mp4
07-06 02:50:23.774 14200 14285 I FfmpegTools: Running ffmpeg with:
07-06 02:50:23.774 14200 14285 I FfmpegTools:   -y -i /storage/emulated/0/Movies/raw/20200312_150944.mp4 -vf freezedetect=n=-45.000000dB:d=1.000000,metadata=mode=print:file=/storage/emulated/0/Movies/raw/20200312_150944.txt -f null -
07-06 02:50:23.784 14200 14286 W mobile-ffmpeg: [mov,mp4,m4a,3gp,3g2,mj2 @ 0x8dbf1400] Found duplicated MOOV Atom. Skipped it
07-06 02:50:24.013 14200 14286 W mobile-ffmpeg: [graph 0 input from stream 0:0 @ 0x8dc76a40] sws_param option is deprecated and ignored
07-06 02:50:24.175 14200 14278 V DownloadTestVideosTask: Starting DownloadTestVideosTask
07-06 02:50:24.181 14200 14278 V DashDownloadManager: Started downloading: 20200312_194229.mp4
07-06 02:50:24.245 14200 14218 D SummariserIntentService: Scanned /storage/emulated/0/Movies/summarised
07-06 02:50:24.245 14200 14218 D SummariserIntentService:   -> uri=content://media/external/file/1527
07-06 02:50:38.828 14200 14278 V VideoManager: Retrieving video from /storage/emulated/0/Movies/raw/20200312_194229.mp4
07-06 02:50:38.834 14200 14278 D VideoManager: videoCursor is null
07-06 02:50:39.115 14200 14278 V VideoManager: videoFromCursor
07-06 02:50:39.117 14200 14278 W DashDownloadManager: Successfully downloaded 20200312_194229.mp4 in 14.646s
07-06 02:50:39.118 14200 14278 V DownloadTestVideosTask: Entering callback for download completion of 20200312_194229.mp4
07-06 02:50:39.119 14200 14278 V ProcessingVideosEventHandler: onAdd
07-06 02:50:40.124 14200 14278 V DownloadTestVideosTask: Starting DownloadTestVideosTask
07-06 02:50:40.128 14200 14278 V DashDownloadManager: Started downloading: 20200312_194330.mp4
07-06 02:50:55.054 14200 14278 V VideoManager: Retrieving video from /storage/emulated/0/Movies/raw/20200312_194330.mp4
07-06 02:50:55.063 14200 14278 D VideoManager: videoCursor is null
07-06 02:50:55.093 14200 14278 V VideoManager: videoFromCursor
07-06 02:50:55.097 14200 14278 W DashDownloadManager: Successfully downloaded 20200312_194330.mp4 in 14.924s
07-06 02:50:55.098 14200 14278 V DownloadTestVideosTask: Entering callback for download completion of 20200312_194330.mp4
07-06 02:50:55.098 14200 14278 V ProcessingVideosEventHandler: onAdd
07-06 02:50:56.105 14200 14278 V DownloadTestVideosTask: Starting DownloadTestVideosTask
07-06 02:50:56.111 14200 14278 V DashDownloadManager: Started downloading: 20200312_194730.mp4
07-06 02:51:00.406 14200 14285 W Summariser: 1 active sections found
07-06 02:51:00.408 14200 14285 I FfmpegTools: Running ffmpeg with:
07-06 02:51:00.408 14200 14285 I FfmpegTools:   -y -i /storage/emulated/0/Movies/raw/20200312_150944.mp4 -filter_complex [0:v]trim=0.000000:7.006000,setpts=PTS-STARTPTS[v0];[0:a]atrim=0.000000:7.006000,asetpts=PTS-STARTPTS[a0];[v0][a0]concat=n=1:v=1:a=1[outv][outa] -map [outv] -map [outa] -crf 23 -preset medium /storage/emulated/0/Movies/summarised/20200312_150944.mp4
07-06 02:51:00.430 14200 14286 W mobile-ffmpeg: [mov,mp4,m4a,3gp,3g2,mj2 @ 0x8cee2c00] Found duplicated MOOV Atom. Skipped it
07-06 02:51:00.648 14200 14286 W mobile-ffmpeg: [graph 0 input from stream 0:0 @ 0x935493a0] sws_param option is deprecated and ignored
07-06 02:51:10.846 14200 14278 V VideoManager: Retrieving video from /storage/emulated/0/Movies/raw/20200312_194730.mp4
07-06 02:51:10.880 14200 14278 D VideoManager: videoCursor is null
07-06 02:51:10.917 14200 14278 V VideoManager: videoFromCursor
07-06 02:51:10.921 14200 14278 W DashDownloadManager: Successfully downloaded 20200312_194730.mp4 in 14.733s
