--------- beginning of main
06-28 21:37:16.945  5071  5071 I zygote  : Late-enabling -Xcheck:jni
--------- beginning of system
06-28 21:37:17.054  5071  5071 I ActivityThread: handleStopService: token=android.os.BinderProxy@4b96e9f not found.
06-28 21:37:17.059  5071  5071 I TransferService: Starting Transfer Service to listen for network connectivity changes.
06-28 21:37:17.060  5071  5071 W LogFactory: Truncating log tag length as it exceed 23, the limit imposed by Android on certain API Levels
06-28 21:37:17.086  5071  5071 I TransferService: Registering the network receiver
06-28 21:37:17.089  5071  5071 I TransferService: Moving the service out of the Foreground state.
06-28 21:37:17.090  5071  5071 I TransferService: De-registering the network receiver.
06-28 21:37:34.869  5071  5071 I zygote  : Rejecting re-init on previously-failed class java.lang.Class<androidx.core.view.ViewCompat$2>: java.lang.NoClassDefFoundError: Failed resolution of: Landroid/view/View$OnUnhandledKeyEventListener;
06-28 21:37:34.869  5071  5071 I zygote  :   at void androidx.core.view.ViewCompat.setOnApplyWindowInsetsListener(android.view.View, androidx.core.view.OnApplyWindowInsetsListener) (ViewCompat.java:2421)
06-28 21:37:34.869  5071  5071 I zygote  :   at android.view.ViewGroup androidx.appcompat.app.AppCompatDelegateImpl.createSubDecor() (AppCompatDelegateImpl.java:779)
06-28 21:37:34.869  5071  5071 I zygote  :   at void androidx.appcompat.app.AppCompatDelegateImpl.ensureSubDecor() (AppCompatDelegateImpl.java:659)
06-28 21:37:34.869  5071  5071 I zygote  :   at void androidx.appcompat.app.AppCompatDelegateImpl.setContentView(int) (AppCompatDelegateImpl.java:552)
06-28 21:37:34.869  5071  5071 I zygote  :   at void androidx.appcompat.app.AppCompatActivity.setContentView(int) (AppCompatActivity.java:161)
06-28 21:37:34.869  5071  5071 I zygote  :   at void com.example.edgesum.page.main.MainActivity.onCreate(android.os.Bundle) (MainActivity.java:95)
06-28 21:37:34.869  5071  5071 I zygote  :   at void android.app.Activity.performCreate(android.os.Bundle, android.os.PersistableBundle) (Activity.java:7009)
06-28 21:37:34.869  5071  5071 I zygote  :   at void android.app.Activity.performCreate(android.os.Bundle) (Activity.java:7000)
06-28 21:37:34.869  5071  5071 I zygote  :   at void android.app.Instrumentation.callActivityOnCreate(android.app.Activity, android.os.Bundle) (Instrumentation.java:1214)
06-28 21:37:34.869  5071  5071 I zygote  :   at android.app.Activity android.app.ActivityThread.performLaunchActivity(android.app.ActivityThread$ActivityClientRecord, android.content.Intent) (ActivityThread.java:2731)
06-28 21:37:34.869  5071  5071 I zygote  :   at void android.app.ActivityThread.handleLaunchActivity(android.app.ActivityThread$ActivityClientRecord, android.content.Intent, java.lang.String) (ActivityThread.java:2856)
06-28 21:37:34.869  5071  5071 I zygote  :   at void android.app.ActivityThread.-wrap11(android.app.ActivityThread, android.app.ActivityThread$ActivityClientRecord, android.content.Intent, java.lang.String) (ActivityThread.java:-1)
06-28 21:37:34.869  5071  5071 I zygote  :   at void android.app.ActivityThread$H.handleMessage(android.os.Message) (ActivityThread.java:1589)
06-28 21:37:34.869  5071  5071 I zygote  :   at void android.os.Handler.dispatchMessage(android.os.Message) (Handler.java:106)
06-28 21:37:34.869  5071  5071 I zygote  :   at void android.os.Looper.loop() (Looper.java:164)
06-28 21:37:34.869  5071  5071 I zygote  :   at void android.app.ActivityThread.main(java.lang.String[]) (ActivityThread.java:6494)
06-28 21:37:34.869  5071  5071 I zygote  :   at java.lang.Object java.lang.reflect.Method.invoke(java.lang.Object, java.lang.Object[]) (Method.java:-2)
06-28 21:37:34.869  5071  5071 I zygote  :   at void com.android.internal.os.RuntimeInit$MethodAndArgsCaller.run() (RuntimeInit.java:438)
06-28 21:37:34.869  5071  5071 I zygote  :   at void com.android.internal.os.ZygoteInit.main(java.lang.String[]) (ZygoteInit.java:807)
06-28 21:37:34.869  5071  5071 I zygote  : Caused by: java.lang.ClassNotFoundException: Didn't find class "android.view.View$OnUnhandledKeyEventListener" on path: DexPathList[[zip file "/data/app/com.example.edgesum-XZulbL2Uky1WPZydDzZa6Q==/base.apk"],nativeLibraryDirectories=[/data/app/com.example.edgesum-XZulbL2Uky1WPZydDzZa6Q==/lib/arm, /data/app/com.example.edgesum-XZulbL2Uky1WPZydDzZa6Q==/base.apk!/lib/armeabi-v7a, /system/lib, /system/vendor/lib]]
06-28 21:37:34.869  5071  5071 I zygote  :   at java.lang.Class dalvik.system.BaseDexClassLoader.findClass(java.lang.String) (BaseDexClassLoader.java:125)
06-28 21:37:34.869  5071  5071 I zygote  :   at java.lang.Class java.lang.ClassLoader.loadClass(java.lang.String, boolean) (ClassLoader.java:379)
06-28 21:37:34.869  5071  5071 I zygote  :   at java.lang.Class java.lang.ClassLoader.loadClass(java.lang.String) (ClassLoader.java:312)
06-28 21:37:34.869  5071  5071 I zygote  :   at void androidx.core.view.ViewCompat.setOnApplyWindowInsetsListener(android.view.View, androidx.core.view.OnApplyWindowInsetsListener) (ViewCompat.java:2421)
06-28 21:37:34.869  5071  5071 I zygote  :   at android.view.ViewGroup androidx.appcompat.app.AppCompatDelegateImpl.createSubDecor() (AppCompatDelegateImpl.java:779)
06-28 21:37:34.869  5071  5071 I zygote  :   at void androidx.appcompat.app.AppCompatDelegateImpl.ensureSubDecor() (AppCompatDelegateImpl.java:659)
06-28 21:37:34.869  5071  5071 I zygote  :   at void androidx.appcompat.app.AppCompatDelegateImpl.setContentView(int) (AppCompatDelegateImpl.java:552)
06-28 21:37:34.869  5071  5071 I zygote  :   at void androidx.appcompat.app.AppCompatActivity.setContentView(int) (AppCompatActivity.java:161)
06-28 21:37:34.869  5071  5071 I zygote  :   at void com.example.edgesum.page.main.MainActivity.onCreate(android.os.Bundle) (MainActivity.java:95)
06-28 21:37:34.869  5071  5071 I zygote  :   at void android.app.Activity.performCreate(android.os.Bundle, android.os.PersistableBundle) (Activity.java:7009)
06-28 21:37:34.869  5071  5071 I zygote  :   at void android.app.Activity.performCreate(android.os.Bundle) (Activity.java:7000)
06-28 21:37:34.869  5071  5071 I zygote  :   at void android.app.Instrumentation.callActivityOnCreate(android.app.Activity, android.os.Bundle) (Instrumentation.java:1214)
06-28 21:37:34.869  5071  5071 I zygote  :   at android.app.Activity android.app.ActivityThread.performLaunchActivity(android.app.ActivityThread$ActivityClientRecord, android.content.Intent) (ActivityThread.java:2731)
06-28 21:37:34.869  5071  5071 I zygote  :   at void android.app.ActivityThread.handleLaunchActivity(android.app.ActivityThread$ActivityClientRecord, android.content.Intent, java.lang.String) (ActivityThread.java:2856)
06-28 21:37:34.869  5071  5071 I zygote  :   at void android.app.ActivityThread.-wrap11(android.app.ActivityThread, android.app.ActivityThread$ActivityClientRecord, android.content.Intent, java.lang.String) (ActivityThread.java:-1)
06-28 21:37:34.869  5071  5071 I zygote  :   at void android.app.ActivityThread$H.handleMessage(android.os.Message) (ActivityThread.java:1589)
06-28 21:37:34.869  5071  5071 I zygote  :   at void android.os.Handler.dispatchMessage(android.os.Message) (Handler.java:106)
06-28 21:37:34.869  5071  5071 I zygote  :   at void android.os.Looper.loop() (Looper.java:164)
06-28 21:37:34.869  5071  5071 I zygote  :   at void android.app.ActivityThread.main(java.lang.String[]) (ActivityThread.java:6494)
06-28 21:37:34.869  5071  5071 I zygote  :   at java.lang.Object java.lang.reflect.Method.invoke(java.lang.Object, java.lang.Object[]) (Method.java:-2)
06-28 21:37:34.869  5071  5071 I zygote  :   at void com.android.internal.os.RuntimeInit$MethodAndArgsCaller.run() (RuntimeInit.java:438)
06-28 21:37:34.869  5071  5071 I zygote  :   at void com.android.internal.os.ZygoteInit.main(java.lang.String[]) (ZygoteInit.java:807)
06-28 21:37:34.869  5071  5071 I zygote  : 
06-28 21:37:34.870  5071  5071 I zygote  : Rejecting re-init on previously-failed class java.lang.Class<androidx.core.view.ViewCompat$2>: java.lang.NoClassDefFoundError: Failed resolution of: Landroid/view/View$OnUnhandledKeyEventListener;
06-28 21:37:34.870  5071  5071 I zygote  :   at void androidx.core.view.ViewCompat.setOnApplyWindowInsetsListener(android.view.View, androidx.core.view.OnApplyWindowInsetsListener) (ViewCompat.java:2421)
06-28 21:37:34.870  5071  5071 I zygote  :   at android.view.ViewGroup androidx.appcompat.app.AppCompatDelegateImpl.createSubDecor() (AppCompatDelegateImpl.java:779)
06-28 21:37:34.870  5071  5071 I zygote  :   at void androidx.appcompat.app.AppCompatDelegateImpl.ensureSubDecor() (AppCompatDelegateImpl.java:659)
06-28 21:37:34.870  5071  5071 I zygote  :   at void androidx.appcompat.app.AppCompatDelegateImpl.setContentView(int) (AppCompatDelegateImpl.java:552)
06-28 21:37:34.870  5071  5071 I zygote  :   at void androidx.appcompat.app.AppCompatActivity.setContentView(int) (AppCompatActivity.java:161)
06-28 21:37:34.870  5071  5071 I zygote  :   at void com.example.edgesum.page.main.MainActivity.onCreate(android.os.Bundle) (MainActivity.java:95)
06-28 21:37:34.870  5071  5071 I zygote  :   at void android.app.Activity.performCreate(android.os.Bundle, android.os.PersistableBundle) (Activity.java:7009)
06-28 21:37:34.870  5071  5071 I zygote  :   at void android.app.Activity.performCreate(android.os.Bundle) (Activity.java:7000)
06-28 21:37:34.870  5071  5071 I zygote  :   at void android.app.Instrumentation.callActivityOnCreate(android.app.Activity, android.os.Bundle) (Instrumentation.java:1214)
06-28 21:37:34.870  5071  5071 I zygote  :   at android.app.Activity android.app.ActivityThread.performLaunchActivity(android.app.ActivityThread$ActivityClientRecord, android.content.Intent) (ActivityThread.java:2731)
06-28 21:37:34.870  5071  5071 I zygote  :   at void android.app.ActivityThread.handleLaunchActivity(android.app.ActivityThread$ActivityClientRecord, android.content.Intent, java.lang.String) (ActivityThread.java:2856)
06-28 21:37:34.870  5071  5071 I zygote  :   at void android.app.ActivityThread.-wrap11(android.app.ActivityThread, android.app.ActivityThread$ActivityClientRecord, android.content.Intent, java.lang.String) (ActivityThread.java:-1)
06-28 21:37:34.870  5071  5071 I zygote  :   at void android.app.ActivityThread$H.handleMessage(android.os.Message) (ActivityThread.java:1589)
06-28 21:37:34.870  5071  5071 I zygote  :   at void android.os.Handler.dispatchMessage(android.os.Message) (Handler.java:106)
06-28 21:37:34.870  5071  5071 I zygote  :   at void android.os.Looper.loop() (Looper.java:164)
06-28 21:37:34.870  5071  5071 I zygote  :   at void android.app.ActivityThread.main(java.lang.String[]) (ActivityThread.java:6494)
06-28 21:37:34.870  5071  5071 I zygote  :   at java.lang.Object java.lang.reflect.Method.invoke(java.lang.Object, java.lang.Object[]) (Method.java:-2)
06-28 21:37:34.870  5071  5071 I zygote  :   at void com.android.internal.os.RuntimeInit$MethodAndArgsCaller.run() (RuntimeInit.java:438)
06-28 21:37:34.870  5071  5071 I zygote  :   at void com.android.internal.os.ZygoteInit.main(java.lang.String[]) (ZygoteInit.java:807)
06-28 21:37:34.870  5071  5071 I zygote  : Caused by: java.lang.ClassNotFoundException: Didn't find class "android.view.View$OnUnhandledKeyEventListener" on path: DexPathList[[zip file "/data/app/com.example.edgesum-XZulbL2Uky1WPZydDzZa6Q==/base.apk"],nativeLibraryDirectories=[/data/app/com.example.edgesum-XZulbL2Uky1WPZydDzZa6Q==/lib/arm, /data/app/com.example.edgesum-XZulbL2Uky1WPZydDzZa6Q==/base.apk!/lib/armeabi-v7a, /system/lib, /system/vendor/lib]]
06-28 21:37:34.870  5071  5071 I zygote  :   at java.lang.Class dalvik.system.BaseDexClassLoader.findClass(java.lang.String) (BaseDexClassLoader.java:125)
06-28 21:37:34.870  5071  5071 I zygote  :   at java.lang.Class java.lang.ClassLoader.loadClass(java.lang.String, boolean) (ClassLoader.java:379)
06-28 21:37:34.870  5071  5071 I zygote  :   at java.lang.Class java.lang.ClassLoader.loadClass(java.lang.String) (ClassLoader.java:312)
06-28 21:37:34.870  5071  5071 I zygote  :   at void androidx.core.view.ViewCompat.setOnApplyWindowInsetsListener(android.view.View, androidx.core.view.OnApplyWindowInsetsListener) (ViewCompat.java:2421)
06-28 21:37:34.870  5071  5071 I zygote  :   at android.view.ViewGroup androidx.appcompat.app.AppCompatDelegateImpl.createSubDecor() (AppCompatDelegateImpl.java:779)
06-28 21:37:34.870  5071  5071 I zygote  :   at void androidx.appcompat.app.AppCompatDelegateImpl.ensureSubDecor() (AppCompatDelegateImpl.java:659)
06-28 21:37:34.870  5071  5071 I zygote  :   at void androidx.appcompat.app.AppCompatDelegateImpl.setContentView(int) (AppCompatDelegateImpl.java:552)
06-28 21:37:34.870  5071  5071 I zygote  :   at void androidx.appcompat.app.AppCompatActivity.setContentView(int) (AppCompatActivity.java:161)
06-28 21:37:34.870  5071  5071 I zygote  :   at void com.example.edgesum.page.main.MainActivity.onCreate(android.os.Bundle) (MainActivity.java:95)
06-28 21:37:34.870  5071  5071 I zygote  :   at void android.app.Activity.performCreate(android.os.Bundle, android.os.PersistableBundle) (Activity.java:7009)
06-28 21:37:34.870  5071  5071 I zygote  :   at void android.app.Activity.performCreate(android.os.Bundle) (Activity.java:7000)
06-28 21:37:34.870  5071  5071 I zygote  :   at void android.app.Instrumentation.callActivityOnCreate(android.app.Activity, android.os.Bundle) (Instrumentation.java:1214)
06-28 21:37:34.870  5071  5071 I zygote  :   at android.app.Activity android.app.ActivityThread.performLaunchActivity(android.app.ActivityThread$ActivityClientRecord, android.content.Intent) (ActivityThread.java:2731)
06-28 21:37:34.870  5071  5071 I zygote  :   at void android.app.ActivityThread.handleLaunchActivity(android.app.ActivityThread$ActivityClientRecord, android.content.Intent, java.lang.String) (ActivityThread.java:2856)
06-28 21:37:34.870  5071  5071 I zygote  :   at void android.app.ActivityThread.-wrap11(android.app.ActivityThread, android.app.ActivityThread$ActivityClientRecord, android.content.Intent, java.lang.String) (ActivityThread.java:-1)
06-28 21:37:34.870  5071  5071 I zygote  :   at void android.app.ActivityThread$H.handleMessage(android.os.Message) (ActivityThread.java:1589)
06-28 21:37:34.870  5071  5071 I zygote  :   at void android.os.Handler.dispatchMessage(android.os.Message) (Handler.java:106)
06-28 21:37:34.870  5071  5071 I zygote  :   at void android.os.Looper.loop() (Looper.java:164)
06-28 21:37:34.870  5071  5071 I zygote  :   at void android.app.ActivityThread.main(java.lang.String[]) (ActivityThread.java:6494)
06-28 21:37:34.870  5071  5071 I zygote  :   at java.lang.Object java.lang.reflect.Method.invoke(java.lang.Object, java.lang.Object[]) (Method.java:-2)
06-28 21:37:34.870  5071  5071 I zygote  :   at void com.android.internal.os.RuntimeInit$MethodAndArgsCaller.run() (RuntimeInit.java:438)
06-28 21:37:34.870  5071  5071 I zygote  :   at void com.android.internal.os.ZygoteInit.main(java.lang.String[]) (ZygoteInit.java:807)
06-28 21:37:34.870  5071  5071 I zygote  : 
06-28 21:37:34.871  5071  5071 I zygote  : Rejecting re-init on previously-failed class java.lang.Class<androidx.core.view.ViewCompat$2>: java.lang.NoClassDefFoundError: Failed resolution of: Landroid/view/View$OnUnhandledKeyEventListener;
06-28 21:37:34.871  5071  5071 I zygote  :   at void androidx.core.view.ViewCompat.setOnApplyWindowInsetsListener(android.view.View, androidx.core.view.OnApplyWindowInsetsListener) (ViewCompat.java:2421)
06-28 21:37:34.871  5071  5071 I zygote  :   at android.view.ViewGroup androidx.appcompat.app.AppCompatDelegateImpl.createSubDecor() (AppCompatDelegateImpl.java:779)
06-28 21:37:34.871  5071  5071 I zygote  :   at void androidx.appcompat.app.AppCompatDelegateImpl.ensureSubDecor() (AppCompatDelegateImpl.java:659)
06-28 21:37:34.871  5071  5071 I zygote  :   at void androidx.appcompat.app.AppCompatDelegateImpl.setContentView(int) (AppCompatDelegateImpl.java:552)
06-28 21:37:34.871  5071  5071 I zygote  :   at void androidx.appcompat.app.AppCompatActivity.setContentView(int) (AppCompatActivity.java:161)
06-28 21:37:34.871  5071  5071 I zygote  :   at void com.example.edgesum.page.main.MainActivity.onCreate(android.os.Bundle) (MainActivity.java:95)
06-28 21:37:34.871  5071  5071 I zygote  :   at void android.app.Activity.performCreate(android.os.Bundle, android.os.PersistableBundle) (Activity.java:7009)
06-28 21:37:34.871  5071  5071 I zygote  :   at void android.app.Activity.performCreate(android.os.Bundle) (Activity.java:7000)
06-28 21:37:34.871  5071  5071 I zygote  :   at void android.app.Instrumentation.callActivityOnCreate(android.app.Activity, android.os.Bundle) (Instrumentation.java:1214)
06-28 21:37:34.871  5071  5071 I zygote  :   at android.app.Activity android.app.ActivityThread.performLaunchActivity(android.app.ActivityThread$ActivityClientRecord, android.content.Intent) (ActivityThread.java:2731)
06-28 21:37:34.871  5071  5071 I zygote  :   at void android.app.ActivityThread.handleLaunchActivity(android.app.ActivityThread$ActivityClientRecord, android.content.Intent, java.lang.String) (ActivityThread.java:2856)
06-28 21:37:34.871  5071  5071 I zygote  :   at void android.app.ActivityThread.-wrap11(android.app.ActivityThread, android.app.ActivityThread$ActivityClientRecord, android.content.Intent, java.lang.String) (ActivityThread.java:-1)
06-28 21:37:34.871  5071  5071 I zygote  :   at void android.app.ActivityThread$H.handleMessage(android.os.Message) (ActivityThread.java:1589)
06-28 21:37:34.871  5071  5071 I zygote  :   at void android.os.Handler.dispatchMessage(android.os.Message) (Handler.java:106)
06-28 21:37:34.871  5071  5071 I zygote  :   at void android.os.Looper.loop() (Looper.java:164)
06-28 21:37:34.871  5071  5071 I zygote  :   at void android.app.ActivityThread.main(java.lang.String[]) (ActivityThread.java:6494)
06-28 21:37:34.871  5071  5071 I zygote  :   at java.lang.Object java.lang.reflect.Method.invoke(java.lang.Object, java.lang.Object[]) (Method.java:-2)
06-28 21:37:34.871  5071  5071 I zygote  :   at void com.android.internal.os.RuntimeInit$MethodAndArgsCaller.run() (RuntimeInit.java:438)
06-28 21:37:34.871  5071  5071 I zygote  :   at void com.android.internal.os.ZygoteInit.main(java.lang.String[]) (ZygoteInit.java:807)
06-28 21:37:34.871  5071  5071 I zygote  : Caused by: java.lang.ClassNotFoundException: Didn't find class "android.view.View$OnUnhandledKeyEventListener" on path: DexPathList[[zip file "/data/app/com.example.edgesum-XZulbL2Uky1WPZydDzZa6Q==/base.apk"],nativeLibraryDirectories=[/data/app/com.example.edgesum-XZulbL2Uky1WPZydDzZa6Q==/lib/arm, /data/app/com.example.edgesum-XZulbL2Uky1WPZydDzZa6Q==/base.apk!/lib/armeabi-v7a, /system/lib, /system/vendor/lib]]
06-28 21:37:34.871  5071  5071 I zygote  :   at java.lang.Class dalvik.system.BaseDexClassLoader.findClass(java.lang.String) (BaseDexClassLoader.java:125)
06-28 21:37:34.871  5071  5071 I zygote  :   at java.lang.Class java.lang.ClassLoader.loadClass(java.lang.String, boolean) (ClassLoader.java:379)
06-28 21:37:34.871  5071  5071 I zygote  :   at java.lang.Class java.lang.ClassLoader.loadClass(java.lang.String) (ClassLoader.java:312)
06-28 21:37:34.871  5071  5071 I zygote  :   at void androidx.core.view.ViewCompat.setOnApplyWindowInsetsListener(android.view.View, androidx.core.view.OnApplyWindowInsetsListener) (ViewCompat.java:2421)
06-28 21:37:34.871  5071  5071 I zygote  :   at android.view.ViewGroup androidx.appcompat.app.AppCompatDelegateImpl.createSubDecor() (AppCompatDelegateImpl.java:779)
06-28 21:37:34.871  5071  5071 I zygote  :   at void androidx.appcompat.app.AppCompatDelegateImpl.ensureSubDecor() (AppCompatDelegateImpl.java:659)
06-28 21:37:34.871  5071  5071 I zygote  :   at void androidx.appcompat.app.AppCompatDelegateImpl.setContentView(int) (AppCompatDelegateImpl.java:552)
06-28 21:37:34.871  5071  5071 I zygote  :   at void androidx.appcompat.app.AppCompatActivity.setContentView(int) (AppCompatActivity.java:161)
06-28 21:37:34.871  5071  5071 I zygote  :   at void com.example.edgesum.page.main.MainActivity.onCreate(android.os.Bundle) (MainActivity.java:95)
06-28 21:37:34.871  5071  5071 I zygote  :   at void android.app.Activity.performCreate(android.os.Bundle, android.os.PersistableBundle) (Activity.java:7009)
06-28 21:37:34.871  5071  5071 I zygote  :   at void android.app.Activity.performCreate(android.os.Bundle) (Activity.java:7000)
06-28 21:37:34.871  5071  5071 I zygote  :   at void android.app.Instrumentation.callActivityOnCreate(android.app.Activity, android.os.Bundle) (Instrumentation.java:1214)
06-28 21:37:34.871  5071  5071 I zygote  :   at android.app.Activity android.app.ActivityThread.performLaunchActivity(android.app.ActivityThread$ActivityClientRecord, android.content.Intent) (ActivityThread.java:2731)
06-28 21:37:34.871  5071  5071 I zygote  :   at void android.app.ActivityThread.handleLaunchActivity(android.app.ActivityThread$ActivityClientRecord, android.content.Intent, java.lang.String) (ActivityThread.java:2856)
06-28 21:37:34.871  5071  5071 I zygote  :   at void android.app.ActivityThread.-wrap11(android.app.ActivityThread, android.app.ActivityThread$ActivityClientRecord, android.content.Intent, java.lang.String) (ActivityThread.java:-1)
06-28 21:37:34.871  5071  5071 I zygote  :   at void android.app.ActivityThread$H.handleMessage(android.os.Message) (ActivityThread.java:1589)
06-28 21:37:34.871  5071  5071 I zygote  :   at void android.os.Handler.dispatchMessage(android.os.Message) (Handler.java:106)
06-28 21:37:34.871  5071  5071 I zygote  :   at void android.os.Looper.loop() (Looper.java:164)
06-28 21:37:34.871  5071  5071 I zygote  :   at void android.app.ActivityThread.main(java.lang.String[]) (ActivityThread.java:6494)
06-28 21:37:34.871  5071  5071 I zygote  :   at java.lang.Object java.lang.reflect.Method.invoke(java.lang.Object, java.lang.Object[]) (Method.java:-2)
06-28 21:37:34.871  5071  5071 I zygote  :   at void com.android.internal.os.RuntimeInit$MethodAndArgsCaller.run() (RuntimeInit.java:438)
06-28 21:37:34.871  5071  5071 I zygote  :   at void com.android.internal.os.ZygoteInit.main(java.lang.String[]) (ZygoteInit.java:807)
06-28 21:37:34.871  5071  5071 I zygote  : 
06-28 21:37:35.115  5071  5071 V Repo    : /storage/emulated/0/Movies/raw
06-28 21:37:35.115  5071  5071 V Repo    : /storage/emulated/0/Movies/summarised
06-28 21:37:35.131  5071  5071 V FileManager: External storage is readable
06-28 21:37:35.132  5071  5071 V FileManager: Directory already exists: /storage/emulated/0/Movies/raw
06-28 21:37:35.135  5071  5071 V FileManager: External storage is readable
06-28 21:37:35.136  5071  5071 V FileManager: Directory already exists: /storage/emulated/0/Movies/summarised
06-28 21:37:35.138  5071  5071 V FileManager: External storage is readable
06-28 21:37:35.139  5071  5071 V FileManager: Directory already exists: /storage/emulated/0/Download/nearby
06-28 21:37:35.142  5071  5071 V FileManager: External storage is readable
06-28 21:37:35.142  5071  5071 V FileManager: Directory already exists: /storage/emulated/0/Movies/segment
06-28 21:37:35.145  5071  5071 V FileManager: External storage is readable
06-28 21:37:35.145  5071  5071 V FileManager: Directory already exists: /storage/emulated/0/Movies/segment-sum
06-28 21:37:35.355  5071  5071 V VideoManager: getAllVideoFromExternalStorageFolder
06-28 21:37:35.359  5071  5071 D VideoManager: /storage/emulated/0/Movies/summarised
06-28 21:37:35.376  5071  5071 D VideoManager: 0 videos return
06-28 21:37:35.401  5071  5076 I zygote  : Do partial code cache collection, code=10KB, data=19KB
06-28 21:37:35.403  5071  5076 I zygote  : After code cache collection, code=10KB, data=19KB
06-28 21:37:35.403  5071  5076 I zygote  : Increasing code cache capacity to 128KB
06-28 21:37:35.404  5071  5076 I zygote  : Do partial code cache collection, code=10KB, data=37KB
06-28 21:37:35.405  5071  5076 I zygote  : After code cache collection, code=10KB, data=37KB
06-28 21:37:35.405  5071  5076 I zygote  : Increasing code cache capacity to 256KB
06-28 21:37:35.406  5071  5076 I zygote  : Compiler allocated 4MB to compile void android.widget.TextView.<init>(android.content.Context, android.util.AttributeSet, int, int)
06-28 21:37:35.436  5071  5071 V VideoManager: getAllVideoFromExternalStorageFolder
06-28 21:37:35.440  5071  5071 D VideoManager: /storage/emulated/0/Movies/raw
06-28 21:37:35.447  5071  5071 D VideoManager: 0 videos return
06-28 21:37:35.516  5071  5161 D OpenGLRenderer: HWUI GL Pipeline
06-28 21:37:35.526  5071  5071 I TransferService: Starting Transfer Service to listen for network connectivity changes.
06-28 21:37:35.526  5071  5071 I TransferService: Registering the network receiver
06-28 21:37:35.530  5071  5071 E TransferService: No notification is passed in the intent. Unable to transition to foreground.
06-28 21:37:35.672  5071  5071 W StaticLayout: maxLineHeight should not be -1.  maxLines:1 lineCount:1
06-28 21:37:35.687  5071  5071 W StaticLayout: maxLineHeight should not be -1.  maxLines:1 lineCount:1
06-28 21:37:35.688  5071  5084 D MainActivity: Scanned /storage/emulated/0/Movies/raw
06-28 21:37:35.688  5071  5084 D MainActivity:   -> uri=content://media/external/file/932
06-28 21:37:35.698  5071  5071 W StaticLayout: maxLineHeight should not be -1.  maxLines:1 lineCount:1
06-28 21:37:35.709  5071  5071 W StaticLayout: maxLineHeight should not be -1.  maxLines:1 lineCount:1
06-28 21:37:35.728  5071  5083 D MainActivity: Scanned /storage/emulated/0/Movies/summarised
06-28 21:37:35.728  5071  5083 D MainActivity:   -> uri=content://media/external/file/931
06-28 21:37:35.737  5071  5161 I Adreno-EGL: <qeglDrvAPI_eglInitialize:379>: QUALCOMM Build: 06/17/16, f19e6a9, I9e7a63e7c4
06-28 21:37:35.743  5071  5161 I zygote  : android::hardware::configstore::V1_0::ISurfaceFlingerConfigs::hasWideColorDisplay retrieved: 0
06-28 21:37:35.744  5071  5161 I OpenGLRenderer: Initialized EGL, version 1.4
06-28 21:37:35.744  5071  5161 D OpenGLRenderer: Swap behavior 1
06-28 21:37:35.750  5071  5161 W Adreno-EGL: <qeglDrvAPI_eglGetConfigAttrib:607>: EGL_BAD_ATTRIBUTE
06-28 21:37:35.756  5071  5161 W Adreno-EGL: <qeglDrvAPI_eglGetConfigAttrib:607>: EGL_BAD_ATTRIBUTE
06-28 21:37:35.758  5071  5161 D vndksupport: Loading /vendor/lib/hw/gralloc.msm8974.so from current namespace instead of sphal namespace.
06-28 21:37:35.769  5071  5071 W StaticLayout: maxLineHeight should not be -1.  maxLines:1 lineCount:1
06-28 21:37:35.781  5071  5071 W StaticLayout: maxLineHeight should not be -1.  maxLines:1 lineCount:1
06-28 21:37:35.797  5071  5071 I TransferNetworkLossHand: Network connectivity changed detected.
06-28 21:37:35.798  5071  5071 I TransferNetworkLossHand: Network connected: false
06-28 21:37:35.934  5071  5161 D vndksupport: Loading /vendor/lib/hw/android.hardware.graphics.mapper@2.0-impl.so from current namespace instead of sphal namespace.
06-28 21:37:35.935  5071  5161 D vndksupport: Loading /vendor/lib/hw/gralloc.msm8974.so from current namespace instead of sphal namespace.
06-28 21:37:49.773  5071  5071 V MainActivity: Connect button clicked
06-28 21:37:50.479  5071  5071 V ConnectionFragment: Discovery switch checked
06-28 21:37:52.367  5071  5071 D NearbyFragment: Started discovering
06-28 21:37:54.407  5071  5071 D NearbyFragment: Found endpoint jKt9: Nexus 5X [34d8]
06-28 21:38:06.210  5071  5071 D NearbyFragment: Selected 'Endpoint{id=jKt9, name=Nexus 5X [34d8]}'
06-28 21:38:06.249  5071  5161 W Adreno-EGL: <qeglDrvAPI_eglGetConfigAttrib:607>: EGL_BAD_ATTRIBUTE
06-28 21:38:06.250  5071  5161 D vndksupport: Loading /vendor/lib/hw/gralloc.msm8974.so from current namespace instead of sphal namespace.
06-28 21:38:10.942  5071  5071 D NearbyFragment: Initiated connection with Endpoint{id=jKt9, name=Nexus 5X [34d8]}: Nexus 5X [34d8]
06-28 21:38:10.991  5071  5076 I zygote  : Do full code cache collection, code=126KB, data=90KB
06-28 21:38:10.993  5071  5076 I zygote  : After code cache collection, code=124KB, data=61KB
06-28 21:38:11.057  5071  5071 D NearbyFragment: Requested connection with Endpoint{id=jKt9, name=Nexus 5X [34d8]}
06-28 21:38:11.128  5071  5161 W Adreno-EGL: <qeglDrvAPI_eglGetConfigAttrib:607>: EGL_BAD_ATTRIBUTE
06-28 21:38:11.134  5071  5161 D vndksupport: Loading /vendor/lib/hw/gralloc.msm8974.so from current namespace instead of sphal namespace.
06-28 21:38:11.152  5071  5076 I zygote  : Do partial code cache collection, code=124KB, data=73KB
06-28 21:38:11.153  5071  5076 I zygote  : After code cache collection, code=124KB, data=73KB
06-28 21:38:11.153  5071  5076 I zygote  : Increasing code cache capacity to 512KB
06-28 21:38:13.965  5071  5071 I NearbyFragment: Connected to Endpoint{id=jKt9, name=Nexus 5X [34d8]}
06-28 21:38:14.636  5071  5071 V ConnectionFragment: Discovery switch unchecked
06-28 21:38:14.636  5071  5071 D NearbyFragment: Stopped discovering
06-28 21:38:19.226  5071  5071 I TransferNetworkLossHand: Network connectivity changed detected.
06-28 21:38:19.230  5071  5071 I TransferNetworkLossHand: Network connected: true
06-28 21:38:25.193  5071  5071 I TransferNetworkLossHand: Network connectivity changed detected.
06-28 21:38:25.194  5071  5071 I TransferNetworkLossHand: Network connected: false
06-28 21:38:35.025  5071  5071 I TransferNetworkLossHand: Network connectivity changed detected.
06-28 21:38:35.027  5071  5071 I TransferNetworkLossHand: Network connected: true
06-28 21:39:51.168  5071  5071 D NearbyFragment: onPayloadReceived(endpointId=jKt9, payload=com.google.android.gms.nearby.connection.Payload@5434c67)
06-28 21:39:51.170  5071  5071 V NearbyFragment: Started downloading SUMMARISE_SEGMENT:-6250478099390184608:20200312_150844!000.mp4:45.0_1.0_23_medium from Endpoint{id=jKt9, name=Nexus 5X [34d8]}
06-28 21:39:51.180  5071  5071 V NearbyFragment: Transfer to jKt9: 100%
06-28 21:39:51.185  5071  5071 V NearbyFragment: Transfer to jKt9: 100%
06-28 21:39:51.199  5071  5071 D NearbyFragment: onPayloadReceived(endpointId=jKt9, payload=com.google.android.gms.nearby.connection.Payload@9ffd0b2)
06-28 21:39:51.202  5071  5071 V NearbyFragment: Transfer to jKt9: 0%
06-28 21:39:51.213  5071  5071 V NearbyFragment: Transfer to jKt9: 0%
06-28 21:39:51.224  5071  5071 V NearbyFragment: Transfer to jKt9: 1%
06-28 21:39:51.235  5071  5071 V NearbyFragment: Transfer to jKt9: 1%
06-28 21:39:51.247  5071  5071 V NearbyFragment: Transfer to jKt9: 1%
06-28 21:39:51.272  5071  5071 V NearbyFragment: Transfer to jKt9: 2%
06-28 21:39:51.302  5071  5071 V NearbyFragment: Transfer to jKt9: 2%
06-28 21:39:51.318  5071  5071 V NearbyFragment: Transfer to jKt9: 3%
06-28 21:39:51.326  5071  5071 V NearbyFragment: Transfer to jKt9: 3%
06-28 21:39:51.432  5071  5071 V NearbyFragment: Transfer to jKt9: 3%
06-28 21:39:51.440  5071  5071 V NearbyFragment: Transfer to jKt9: 4%
06-28 21:39:52.093  5071  5071 V NearbyFragment: Transfer to jKt9: 4%
06-28 21:39:52.120  5071  5071 V NearbyFragment: Transfer to jKt9: 5%
06-28 21:39:52.345  5071  5071 V NearbyFragment: Transfer to jKt9: 5%
06-28 21:39:52.457  5071  5071 V NearbyFragment: Transfer to jKt9: 5%
06-28 21:39:52.470  5071  5071 V NearbyFragment: Transfer to jKt9: 6%
06-28 21:39:52.493  5071  5071 V NearbyFragment: Transfer to jKt9: 6%
06-28 21:39:52.503  5071  5071 V NearbyFragment: Transfer to jKt9: 6%
06-28 21:39:52.704  5071  5071 V NearbyFragment: Transfer to jKt9: 7%
06-28 21:39:52.722  5071  5071 V NearbyFragment: Transfer to jKt9: 7%
06-28 21:39:52.862  5071  5071 V NearbyFragment: Transfer to jKt9: 8%
06-28 21:39:53.077  5071  5071 V NearbyFragment: Transfer to jKt9: 8%
06-28 21:39:53.096  5071  5071 V NearbyFragment: Transfer to jKt9: 8%
06-28 21:39:53.099  5071  5071 V NearbyFragment: Transfer to jKt9: 9%
06-28 21:39:53.214  5071  5071 V NearbyFragment: Transfer to jKt9: 9%
06-28 21:39:53.233  5071  5071 V NearbyFragment: Transfer to jKt9: 10%
06-28 21:39:53.464  5071  5071 V NearbyFragment: Transfer to jKt9: 10%
06-28 21:39:53.484  5071  5071 V NearbyFragment: Transfer to jKt9: 10%
06-28 21:39:53.521  5071  5071 V NearbyFragment: Transfer to jKt9: 11%
06-28 21:39:53.545  5071  5071 V NearbyFragment: Transfer to jKt9: 11%
06-28 21:39:53.552  5071  5071 V NearbyFragment: Transfer to jKt9: 12%
06-28 21:39:53.580  5071  5071 V NearbyFragment: Transfer to jKt9: 12%
06-28 21:39:53.597  5071  5071 V NearbyFragment: Transfer to jKt9: 12%
06-28 21:39:53.603  5071  5071 V NearbyFragment: Transfer to jKt9: 13%
06-28 21:39:53.608  5071  5071 V NearbyFragment: Transfer to jKt9: 13%
06-28 21:39:53.613  5071  5071 V NearbyFragment: Transfer to jKt9: 13%
06-28 21:39:53.625  5071  5071 V NearbyFragment: Transfer to jKt9: 14%
06-28 21:39:53.635  5071  5071 V NearbyFragment: Transfer to jKt9: 14%
06-28 21:39:53.650  5071  5071 V NearbyFragment: Transfer to jKt9: 15%
06-28 21:39:53.660  5071  5071 V NearbyFragment: Transfer to jKt9: 15%
06-28 21:39:53.676  5071  5071 V NearbyFragment: Transfer to jKt9: 15%
06-28 21:39:53.689  5071  5071 V NearbyFragment: Transfer to jKt9: 16%
06-28 21:39:53.692  5071  5071 V NearbyFragment: Transfer to jKt9: 16%
06-28 21:39:53.705  5071  5071 V NearbyFragment: Transfer to jKt9: 17%
06-28 21:39:53.712  5071  5071 V NearbyFragment: Transfer to jKt9: 17%
06-28 21:39:53.742  5071  5071 V NearbyFragment: Transfer to jKt9: 17%
06-28 21:39:53.749  5071  5071 V NearbyFragment: Transfer to jKt9: 18%
06-28 21:39:53.758  5071  5071 V NearbyFragment: Transfer to jKt9: 18%
06-28 21:39:53.768  5071  5071 V NearbyFragment: Transfer to jKt9: 19%
06-28 21:39:53.795  5071  5071 V NearbyFragment: Transfer to jKt9: 19%
06-28 21:39:53.810  5071  5071 V NearbyFragment: Transfer to jKt9: 19%
06-28 21:39:53.844  5071  5071 V NearbyFragment: Transfer to jKt9: 20%
06-28 21:39:53.851  5071  5071 V NearbyFragment: Transfer to jKt9: 20%
06-28 21:39:53.856  5071  5071 V NearbyFragment: Transfer to jKt9: 20%
06-28 21:39:53.869  5071  5071 V NearbyFragment: Transfer to jKt9: 21%
06-28 21:39:53.887  5071  5071 V NearbyFragment: Transfer to jKt9: 21%
06-28 21:39:53.896  5071  5071 V NearbyFragment: Transfer to jKt9: 22%
06-28 21:39:53.904  5071  5071 V NearbyFragment: Transfer to jKt9: 22%
06-28 21:39:53.916  5071  5071 V NearbyFragment: Transfer to jKt9: 22%
06-28 21:39:53.931  5071  5071 V NearbyFragment: Transfer to jKt9: 23%
06-28 21:39:53.939  5071  5071 V NearbyFragment: Transfer to jKt9: 23%
06-28 21:39:53.948  5071  5071 V NearbyFragment: Transfer to jKt9: 24%
06-28 21:39:53.957  5071  5071 V NearbyFragment: Transfer to jKt9: 24%
06-28 21:39:53.980  5071  5071 V NearbyFragment: Transfer to jKt9: 24%
06-28 21:39:53.998  5071  5071 V NearbyFragment: Transfer to jKt9: 25%
06-28 21:39:54.024  5071  5071 V NearbyFragment: Transfer to jKt9: 25%
06-28 21:39:54.033  5071  5071 V NearbyFragment: Transfer to jKt9: 26%
06-28 21:39:54.043  5071  5071 V NearbyFragment: Transfer to jKt9: 26%
06-28 21:39:54.051  5071  5071 V NearbyFragment: Transfer to jKt9: 26%
06-28 21:39:54.059  5071  5071 V NearbyFragment: Transfer to jKt9: 27%
06-28 21:39:54.066  5071  5071 V NearbyFragment: Transfer to jKt9: 27%
06-28 21:39:54.080  5071  5071 V NearbyFragment: Transfer to jKt9: 27%
06-28 21:39:54.092  5071  5071 V NearbyFragment: Transfer to jKt9: 28%
06-28 21:39:54.096  5071  5071 V NearbyFragment: Transfer to jKt9: 28%
06-28 21:39:54.104  5071  5071 V NearbyFragment: Transfer to jKt9: 29%
06-28 21:39:54.113  5071  5071 V NearbyFragment: Transfer to jKt9: 29%
06-28 21:39:54.125  5071  5071 V NearbyFragment: Transfer to jKt9: 29%
06-28 21:39:54.136  5071  5071 V NearbyFragment: Transfer to jKt9: 30%
06-28 21:39:54.157  5071  5071 V NearbyFragment: Transfer to jKt9: 30%
06-28 21:39:54.165  5071  5071 V NearbyFragment: Transfer to jKt9: 31%
06-28 21:39:54.183  5071  5071 V NearbyFragment: Transfer to jKt9: 31%
06-28 21:39:54.193  5071  5071 V NearbyFragment: Transfer to jKt9: 31%
06-28 21:39:54.204  5071  5071 V NearbyFragment: Transfer to jKt9: 32%
06-28 21:39:54.223  5071  5071 V NearbyFragment: Transfer to jKt9: 32%
06-28 21:39:54.240  5071  5071 V NearbyFragment: Transfer to jKt9: 33%
06-28 21:39:54.251  5071  5071 V NearbyFragment: Transfer to jKt9: 33%
06-28 21:39:54.266  5071  5071 V NearbyFragment: Transfer to jKt9: 33%
06-28 21:39:54.275  5071  5071 V NearbyFragment: Transfer to jKt9: 34%
06-28 21:39:54.287  5071  5071 V NearbyFragment: Transfer to jKt9: 34%
06-28 21:39:54.303  5071  5071 V NearbyFragment: Transfer to jKt9: 34%
06-28 21:39:54.323  5071  5071 V NearbyFragment: Transfer to jKt9: 35%
06-28 21:39:54.330  5071  5071 V NearbyFragment: Transfer to jKt9: 35%
06-28 21:39:54.355  5071  5071 V NearbyFragment: Transfer to jKt9: 36%
06-28 21:39:54.363  5071  5071 V NearbyFragment: Transfer to jKt9: 36%
06-28 21:39:54.450  5071  5071 V NearbyFragment: Transfer to jKt9: 36%
06-28 21:39:54.457  5071  5071 V NearbyFragment: Transfer to jKt9: 37%
06-28 21:39:54.463  5071  5071 V NearbyFragment: Transfer to jKt9: 37%
06-28 21:39:54.472  5071  5071 V NearbyFragment: Transfer to jKt9: 38%
06-28 21:39:54.479  5071  5071 V NearbyFragment: Transfer to jKt9: 38%
06-28 21:39:54.514  5071  5071 V NearbyFragment: Transfer to jKt9: 38%
06-28 21:39:54.521  5071  5071 V NearbyFragment: Transfer to jKt9: 39%
06-28 21:39:54.530  5071  5071 V NearbyFragment: Transfer to jKt9: 39%
06-28 21:39:54.538  5071  5071 V NearbyFragment: Transfer to jKt9: 40%
06-28 21:39:54.544  5071  5071 V NearbyFragment: Transfer to jKt9: 40%
06-28 21:39:54.552  5071  5071 V NearbyFragment: Transfer to jKt9: 40%
06-28 21:39:54.561  5071  5071 V NearbyFragment: Transfer to jKt9: 41%
06-28 21:39:54.569  5071  5071 V NearbyFragment: Transfer to jKt9: 41%
06-28 21:39:54.597  5071  5071 V NearbyFragment: Transfer to jKt9: 41%
06-28 21:39:54.628  5071  5071 V NearbyFragment: Transfer to jKt9: 42%
06-28 21:39:54.636  5071  5071 V NearbyFragment: Transfer to jKt9: 42%
06-28 21:39:54.638  5071  5071 V NearbyFragment: Transfer to jKt9: 43%
06-28 21:39:54.644  5071  5071 V NearbyFragment: Transfer to jKt9: 43%
06-28 21:39:54.650  5071  5071 V NearbyFragment: Transfer to jKt9: 43%
06-28 21:39:54.660  5071  5071 V NearbyFragment: Transfer to jKt9: 44%
06-28 21:39:54.670  5071  5071 V NearbyFragment: Transfer to jKt9: 44%
06-28 21:39:54.680  5071  5071 V NearbyFragment: Transfer to jKt9: 45%
06-28 21:39:54.684  5071  5071 V NearbyFragment: Transfer to jKt9: 45%
06-28 21:39:54.691  5071  5071 V NearbyFragment: Transfer to jKt9: 45%
06-28 21:39:54.738  5071  5071 V NearbyFragment: Transfer to jKt9: 46%
06-28 21:39:54.740  5071  5071 V NearbyFragment: Transfer to jKt9: 46%
06-28 21:39:54.761  5071  5071 V NearbyFragment: Transfer to jKt9: 47%
06-28 21:39:54.770  5071  5071 V NearbyFragment: Transfer to jKt9: 47%
06-28 21:39:54.776  5071  5071 V NearbyFragment: Transfer to jKt9: 47%
06-28 21:39:54.778  5071  5071 V NearbyFragment: Transfer to jKt9: 48%
06-28 21:39:54.822  5071  5071 V NearbyFragment: Transfer to jKt9: 48%
06-28 21:39:54.834  5071  5071 V NearbyFragment: Transfer to jKt9: 48%
06-28 21:39:54.843  5071  5071 V NearbyFragment: Transfer to jKt9: 49%
06-28 21:39:54.850  5071  5071 V NearbyFragment: Transfer to jKt9: 49%
06-28 21:39:54.870  5071  5071 V NearbyFragment: Transfer to jKt9: 50%
06-28 21:39:54.921  5071  5071 V NearbyFragment: Transfer to jKt9: 50%
06-28 21:39:54.929  5071  5071 V NearbyFragment: Transfer to jKt9: 50%
06-28 21:39:54.937  5071  5071 V NearbyFragment: Transfer to jKt9: 51%
06-28 21:39:54.947  5071  5071 V NearbyFragment: Transfer to jKt9: 51%
06-28 21:39:54.952  5071  5071 V NearbyFragment: Transfer to jKt9: 52%
06-28 21:39:54.959  5071  5071 V NearbyFragment: Transfer to jKt9: 52%
06-28 21:39:55.015  5071  5071 V NearbyFragment: Transfer to jKt9: 52%
06-28 21:39:55.035  5071  5071 V NearbyFragment: Transfer to jKt9: 53%
06-28 21:39:55.045  5071  5071 V NearbyFragment: Transfer to jKt9: 53%
06-28 21:39:55.094  5071  5071 V NearbyFragment: Transfer to jKt9: 54%
06-28 21:39:55.109  5071  5071 V NearbyFragment: Transfer to jKt9: 54%
06-28 21:39:55.119  5071  5071 V NearbyFragment: Transfer to jKt9: 54%
06-28 21:39:55.127  5071  5071 V NearbyFragment: Transfer to jKt9: 55%
06-28 21:39:55.184  5071  5071 V NearbyFragment: Transfer to jKt9: 55%
06-28 21:39:55.191  5071  5071 V NearbyFragment: Transfer to jKt9: 55%
06-28 21:39:55.199  5071  5071 V NearbyFragment: Transfer to jKt9: 56%
06-28 21:39:55.208  5071  5071 V NearbyFragment: Transfer to jKt9: 56%
06-28 21:39:55.216  5071  5071 V NearbyFragment: Transfer to jKt9: 57%
06-28 21:39:55.226  5071  5071 V NearbyFragment: Transfer to jKt9: 57%
06-28 21:39:55.231  5071  5071 V NearbyFragment: Transfer to jKt9: 57%
06-28 21:39:55.244  5071  5071 V NearbyFragment: Transfer to jKt9: 58%
06-28 21:39:55.274  5071  5071 V NearbyFragment: Transfer to jKt9: 58%
06-28 21:39:55.284  5071  5071 V NearbyFragment: Transfer to jKt9: 59%
06-28 21:39:55.291  5071  5071 V NearbyFragment: Transfer to jKt9: 59%
06-28 21:39:55.303  5071  5071 V NearbyFragment: Transfer to jKt9: 59%
06-28 21:39:55.311  5071  5071 V NearbyFragment: Transfer to jKt9: 60%
06-28 21:39:55.347  5071  5071 V NearbyFragment: Transfer to jKt9: 60%
06-28 21:39:55.372  5071  5071 V NearbyFragment: Transfer to jKt9: 61%
06-28 21:39:55.378  5071  5071 V NearbyFragment: Transfer to jKt9: 61%
06-28 21:39:55.392  5071  5071 V NearbyFragment: Transfer to jKt9: 61%
06-28 21:39:55.404  5071  5071 V NearbyFragment: Transfer to jKt9: 62%
06-28 21:39:55.415  5071  5071 V NearbyFragment: Transfer to jKt9: 62%
06-28 21:39:55.429  5071  5071 V NearbyFragment: Transfer to jKt9: 62%
06-28 21:39:55.433  5071  5071 V NearbyFragment: Transfer to jKt9: 63%
06-28 21:39:55.448  5071  5071 V NearbyFragment: Transfer to jKt9: 63%
06-28 21:39:55.457  5071  5071 V NearbyFragment: Transfer to jKt9: 64%
06-28 21:39:55.473  5071  5071 V NearbyFragment: Transfer to jKt9: 64%
06-28 21:39:55.505  5071  5071 V NearbyFragment: Transfer to jKt9: 64%
06-28 21:39:55.525  5071  5071 V NearbyFragment: Transfer to jKt9: 65%
06-28 21:39:55.545  5071  5071 V NearbyFragment: Transfer to jKt9: 65%
06-28 21:39:55.561  5071  5071 V NearbyFragment: Transfer to jKt9: 66%
06-28 21:39:55.570  5071  5071 V NearbyFragment: Transfer to jKt9: 66%
06-28 21:39:55.575  5071  5071 V NearbyFragment: Transfer to jKt9: 66%
06-28 21:39:55.580  5071  5071 V NearbyFragment: Transfer to jKt9: 67%
06-28 21:39:55.584  5071  5071 V NearbyFragment: Transfer to jKt9: 67%
06-28 21:39:55.596  5071  5071 V NearbyFragment: Transfer to jKt9: 68%
06-28 21:39:55.617  5071  5071 V NearbyFragment: Transfer to jKt9: 68%
06-28 21:39:55.624  5071  5071 V NearbyFragment: Transfer to jKt9: 68%
06-28 21:39:55.630  5071  5071 V NearbyFragment: Transfer to jKt9: 69%
06-28 21:39:55.637  5071  5071 V NearbyFragment: Transfer to jKt9: 69%
06-28 21:39:55.640  5071  5071 V NearbyFragment: Transfer to jKt9: 69%
06-28 21:39:55.649  5071  5071 V NearbyFragment: Transfer to jKt9: 70%
06-28 21:39:55.651  5071  5071 V NearbyFragment: Transfer to jKt9: 70%
06-28 21:39:55.656  5071  5071 V NearbyFragment: Transfer to jKt9: 71%
06-28 21:39:55.665  5071  5071 V NearbyFragment: Transfer to jKt9: 71%
06-28 21:39:55.666  5071  5071 V NearbyFragment: Transfer to jKt9: 71%
06-28 21:39:55.674  5071  5071 V NearbyFragment: Transfer to jKt9: 72%
06-28 21:39:55.700  5071  5071 V NearbyFragment: Transfer to jKt9: 72%
06-28 21:39:55.710  5071  5071 V NearbyFragment: Transfer to jKt9: 73%
06-28 21:39:55.720  5071  5071 V NearbyFragment: Transfer to jKt9: 73%
06-28 21:39:55.732  5071  5071 V NearbyFragment: Transfer to jKt9: 73%
06-28 21:39:55.737  5071  5071 V NearbyFragment: Transfer to jKt9: 74%
06-28 21:39:55.775  5071  5071 V NearbyFragment: Transfer to jKt9: 74%
06-28 21:39:55.817  5071  5071 V NearbyFragment: Transfer to jKt9: 75%
06-28 21:39:55.867  5071  5071 V NearbyFragment: Transfer to jKt9: 75%
06-28 21:39:55.871  5071  5071 V NearbyFragment: Transfer to jKt9: 75%
06-28 21:39:55.887  5071  5071 V NearbyFragment: Transfer to jKt9: 76%
06-28 21:39:55.913  5071  5071 V NearbyFragment: Transfer to jKt9: 76%
06-28 21:39:55.936  5071  5071 V NearbyFragment: Transfer to jKt9: 76%
06-28 21:39:55.958  5071  5071 V NearbyFragment: Transfer to jKt9: 77%
06-28 21:39:55.976  5071  5071 V NearbyFragment: Transfer to jKt9: 77%
06-28 21:39:55.986  5071  5071 V NearbyFragment: Transfer to jKt9: 78%
06-28 21:39:55.993  5071  5071 V NearbyFragment: Transfer to jKt9: 78%
06-28 21:39:56.001  5071  5071 V NearbyFragment: Transfer to jKt9: 78%
06-28 21:39:56.009  5071  5071 V NearbyFragment: Transfer to jKt9: 79%
06-28 21:39:56.018  5071  5071 V NearbyFragment: Transfer to jKt9: 79%
06-28 21:39:56.020  5071  5071 V NearbyFragment: Transfer to jKt9: 80%
06-28 21:39:56.026  5071  5071 V NearbyFragment: Transfer to jKt9: 80%
06-28 21:39:56.033  5071  5071 V NearbyFragment: Transfer to jKt9: 80%
06-28 21:39:56.050  5071  5071 V NearbyFragment: Transfer to jKt9: 81%
06-28 21:39:56.052  5071  5071 V NearbyFragment: Transfer to jKt9: 81%
06-28 21:39:56.060  5071  5071 V NearbyFragment: Transfer to jKt9: 82%
06-28 21:39:56.068  5071  5071 V NearbyFragment: Transfer to jKt9: 82%
06-28 21:39:56.082  5071  5071 V NearbyFragment: Transfer to jKt9: 82%
06-28 21:39:56.092  5071  5071 V NearbyFragment: Transfer to jKt9: 83%
06-28 21:39:56.108  5071  5071 V NearbyFragment: Transfer to jKt9: 83%
06-28 21:39:56.135  5071  5071 V NearbyFragment: Transfer to jKt9: 83%
06-28 21:39:56.144  5071  5071 V NearbyFragment: Transfer to jKt9: 84%
06-28 21:39:56.165  5071  5071 V NearbyFragment: Transfer to jKt9: 84%
06-28 21:39:56.180  5071  5071 V NearbyFragment: Transfer to jKt9: 85%
06-28 21:39:56.186  5071  5071 V NearbyFragment: Transfer to jKt9: 85%
06-28 21:39:56.197  5071  5071 V NearbyFragment: Transfer to jKt9: 85%
06-28 21:39:56.207  5071  5071 V NearbyFragment: Transfer to jKt9: 86%
06-28 21:39:56.229  5071  5071 V NearbyFragment: Transfer to jKt9: 86%
06-28 21:39:56.246  5071  5071 V NearbyFragment: Transfer to jKt9: 87%
06-28 21:39:56.256  5071  5071 V NearbyFragment: Transfer to jKt9: 87%
06-28 21:39:56.261  5071  5071 V NearbyFragment: Transfer to jKt9: 87%
06-28 21:39:56.270  5071  5071 V NearbyFragment: Transfer to jKt9: 88%
06-28 21:39:56.272  5071  5071 V NearbyFragment: Transfer to jKt9: 88%
06-28 21:39:56.280  5071  5071 V NearbyFragment: Transfer to jKt9: 89%
06-28 21:39:56.287  5071  5071 V NearbyFragment: Transfer to jKt9: 89%
06-28 21:39:56.288  5071  5071 V NearbyFragment: Transfer to jKt9: 89%
06-28 21:39:56.296  5071  5071 V NearbyFragment: Transfer to jKt9: 90%
06-28 21:39:56.300  5071  5071 V NearbyFragment: Transfer to jKt9: 90%
06-28 21:39:56.309  5071  5071 V NearbyFragment: Transfer to jKt9: 90%
06-28 21:39:56.310  5071  5071 V NearbyFragment: Transfer to jKt9: 91%
06-28 21:39:56.318  5071  5071 V NearbyFragment: Transfer to jKt9: 91%
06-28 21:39:56.324  5071  5071 V NearbyFragment: Transfer to jKt9: 92%
06-28 21:39:56.330  5071  5071 V NearbyFragment: Transfer to jKt9: 92%
06-28 21:39:56.342  5071  5071 V NearbyFragment: Transfer to jKt9: 92%
06-28 21:39:56.350  5071  5071 V NearbyFragment: Transfer to jKt9: 93%
06-28 21:39:56.360  5071  5071 V NearbyFragment: Transfer to jKt9: 93%
06-28 21:39:56.368  5071  5071 V NearbyFragment: Transfer to jKt9: 94%
06-28 21:39:56.376  5071  5071 V NearbyFragment: Transfer to jKt9: 94%
06-28 21:39:56.398  5071  5071 V NearbyFragment: Transfer to jKt9: 94%
06-28 21:39:56.400  5071  5071 V NearbyFragment: Transfer to jKt9: 95%
06-28 21:39:56.429  5071  5071 V NearbyFragment: Transfer to jKt9: 95%
06-28 21:39:56.435  5071  5071 V NearbyFragment: Transfer to jKt9: 96%
06-28 21:39:56.437  5071  5071 V NearbyFragment: Transfer to jKt9: 96%
06-28 21:39:56.444  5071  5071 V NearbyFragment: Transfer to jKt9: 96%
06-28 21:39:56.556  5071  5071 V NearbyFragment: Transfer to jKt9: 97%
06-28 21:39:56.600  5071  5071 V NearbyFragment: Transfer to jKt9: 97%
06-28 21:39:56.610  5071  5071 V NearbyFragment: Transfer to jKt9: 97%
06-28 21:39:56.627  5071  5071 V NearbyFragment: Transfer to jKt9: 98%
06-28 21:39:56.639  5071  5071 V NearbyFragment: Transfer to jKt9: 98%
06-28 21:39:56.653  5071  5071 V NearbyFragment: Transfer to jKt9: 99%
06-28 21:39:56.668  5071  5071 V NearbyFragment: Transfer to jKt9: 99%
06-28 21:39:56.797  5071  5071 V NearbyFragment: Transfer to jKt9: 99%
06-28 21:39:56.798  5071  5071 V NearbyFragment: Transfer to jKt9: 100%
06-28 21:39:56.801  5071  5071 V NearbyFragment: Transfer to jKt9: 100%
06-28 21:39:56.805  5071  5071 W NearbyFragment: Completed downloading 20200312_150844!000.mp4 from Endpoint{id=jKt9, name=Nexus 5X [34d8]} in 05.629s
06-28 21:39:56.806  5071  5071 D NearbyFragment: Summarising 20200312_150844!000.mp4
06-28 21:39:56.856  5071  5071 V VideoManager: videoFromCursor
06-28 21:39:56.859  5071  5071 V ProcessingVideosEventHandler: onAdd
06-28 21:39:56.860  5071  5071 V RawFootageEventHandler: onRemove
06-28 21:39:56.868  5071  5071 V NearbyFragment: Transfer to jKt9: 100%
06-28 21:39:56.868  5071  5071 V NearbyFragment: Transfer to jKt9: 100%
06-28 21:39:56.874  5071  5621 V SummariserIntentService: onHandleIntent
06-28 21:39:56.876  5071  5621 D SummariserIntentService: Video{id='958', data='/storage/emulated/0/Download/Nearby/20200312_150844!000.mp4', name='20200312_150844!000.mp4', size=16852835, visible=true, mimeType='video/mp4'}
06-28 21:39:56.876  5071  5621 D SummariserIntentService: /storage/emulated/0/Movies/segment-sum/20200312_150844!000.mp4
06-28 21:39:56.890  5071  5621 I mobile-ffmpeg: Loading mobile-ffmpeg.
06-28 21:39:56.926  5071  5621 I mobile-ffmpeg: Loaded mobile-ffmpeg-full-gpl-arm-v7a-neon-4.2.2-20190703.
06-28 21:39:56.927  5071  5622 D mobile-ffmpeg: Callback thread started.
06-28 21:39:56.929  5071  5622 I mobile-ffmpeg: 
06-28 21:39:56.930  5071  5622 I chatty  : uid=10086(com.example.edgesum) Thread-6 identical 1 line
