--------- beginning of main
06-28 21:37:14.167 21651 21651 E Zygote  : isWhitelistProcess - Process is Whitelisted
06-28 21:37:14.180 21651 21651 E Zygote  : accessInfo : 1
06-28 21:37:14.190 21651 21651 I example.edgesu: Late-enabling -Xcheck:jni
06-28 21:37:16.344 21651 21651 I TransferService: Starting Transfer Service to listen for network connectivity changes.
06-28 21:37:16.349 21651 21651 W LogFactory: Truncating log tag length as it exceed 23, the limit imposed by Android on certain API Levels
06-28 21:37:16.459 21651 21651 I TransferService: Registering the network receiver
06-28 21:37:16.465 21651 21651 I TransferService: Moving the service out of the Foreground state.
06-28 21:37:16.467 21651 21651 I TransferService: De-registering the network receiver.
06-28 21:37:36.430 21651 21651 W ActivityThread: handleWindowVisibility: no activity for token android.os.BinderProxy@ab2112b
06-28 21:37:36.441 21651 21799 D vndksupport: Loading /vendor/lib64/egl/libGLES_mali.so from current namespace instead of sphal namespace.
06-28 21:37:36.511 21651 21651 W example.edgesu: Accessing hidden method Landroid/graphics/drawable/Drawable;->getOpticalInsets()Landroid/graphics/Insets; (light greylist, linking)
06-28 21:37:36.511 21651 21651 W example.edgesu: Accessing hidden field Landroid/graphics/Insets;->left:I (light greylist, linking)
06-28 21:37:36.511 21651 21651 W example.edgesu: Accessing hidden field Landroid/graphics/Insets;->right:I (light greylist, linking)
06-28 21:37:36.511 21651 21651 W example.edgesu: Accessing hidden field Landroid/graphics/Insets;->top:I (light greylist, linking)
06-28 21:37:36.512 21651 21651 W example.edgesu: Accessing hidden field Landroid/graphics/Insets;->bottom:I (light greylist, linking)
06-28 21:37:36.533 21651 21651 I DecorView: createDecorCaptionView >> DecorView@c99a7cc[], isFloating: false, isApplication: true, hasWindowDecorCaption: false, hasWindowControllerCallback: true
06-28 21:37:36.549 21651 21799 D libEGL  : loaded /vendor/lib64/egl/libGLES_mali.so
06-28 21:37:36.566 21651 21651 W example.edgesu: Accessing hidden method Landroid/view/View;->computeFitSystemWindows(Landroid/graphics/Rect;Landroid/graphics/Rect;)Z (light greylist, reflection)
06-28 21:37:36.567 21651 21651 W example.edgesu: Accessing hidden method Landroid/view/ViewGroup;->makeOptionalFitsSystemWindows()V (light greylist, reflection)
06-28 21:37:36.672 21651 21651 W example.edgesu: Accessing hidden method Landroid/widget/TextView;->getTextDirectionHeuristic()Landroid/text/TextDirectionHeuristic; (light greylist, linking)
06-28 21:37:36.681 21651 21651 W example.edgesu: Accessing hidden field Landroid/view/View;->mAccessibilityDelegate:Landroid/view/View$AccessibilityDelegate; (light greylist, reflection)
06-28 21:37:36.743 21651 21651 V Repo    : /storage/emulated/0/Movies/raw
06-28 21:37:36.743 21651 21651 V Repo    : /storage/emulated/0/Movies/summarised
06-28 21:37:36.769 21651 21651 V FileManager: External storage is readable
06-28 21:37:36.770 21651 21651 V FileManager: Directory already exists: /storage/emulated/0/Movies/raw
06-28 21:37:36.773 21651 21651 V FileManager: External storage is readable
06-28 21:37:36.773 21651 21651 V FileManager: Directory already exists: /storage/emulated/0/Movies/summarised
06-28 21:37:36.774 21651 21651 V FileManager: External storage is readable
06-28 21:37:36.775 21651 21651 V FileManager: Directory already exists: /storage/emulated/0/Download/nearby
06-28 21:37:36.776 21651 21651 V FileManager: External storage is readable
06-28 21:37:36.776 21651 21651 V FileManager: Directory already exists: /storage/emulated/0/Movies/segment
06-28 21:37:36.777 21651 21651 V FileManager: External storage is readable
06-28 21:37:36.777 21651 21651 V FileManager: Directory already exists: /storage/emulated/0/Movies/segment-sum
06-28 21:37:36.914 21651 21651 V VideoManager: getAllVideoFromExternalStorageFolder
06-28 21:37:36.916 21651 21651 D VideoManager: /storage/emulated/0/Movies/summarised
06-28 21:37:36.929 21651 21651 D VideoManager: 0 videos return
06-28 21:37:36.959 21651 21651 V VideoManager: getAllVideoFromExternalStorageFolder
06-28 21:37:36.960 21651 21651 D VideoManager: /storage/emulated/0/Movies/raw
06-28 21:37:36.965 21651 21651 D VideoManager: 0 videos return
06-28 21:37:36.990 21651 21651 D OpenGLRenderer: Skia GL Pipeline
06-28 21:37:36.993 21651 21651 D EmergencyMode: [EmergencyManager] android createPackageContext successful
06-28 21:37:37.008 21651 21651 D InputTransport: Input channel constructed: fd=64
06-28 21:37:37.009 21651 21651 D ViewRootImpl@cc06b20[MainActivity]: setView = DecorView@c99a7cc[MainActivity] TM=true MM=false
06-28 21:37:37.013 21651 21651 I TransferService: Starting Transfer Service to listen for network connectivity changes.
06-28 21:37:37.013 21651 21651 I TransferService: Registering the network receiver
06-28 21:37:37.015 21651 21651 E TransferService: No notification is passed in the intent. Unable to transition to foreground.
06-28 21:37:37.042 21651 21651 D ViewRootImpl@cc06b20[MainActivity]: dispatchAttachedToWindow
06-28 21:37:37.053 21651 21670 D MainActivity: Scanned /storage/emulated/0/Movies/raw
06-28 21:37:37.053 21651 21670 D MainActivity:   -> uri=content://media/external/file/136064
06-28 21:37:37.062 21651 21651 W StaticLayout: maxLineHeight should not be -1.  maxLines:1 lineCount:1
06-28 21:37:37.071 21651 21651 W StaticLayout: maxLineHeight should not be -1.  maxLines:1 lineCount:1
06-28 21:37:37.075 21651 21651 W StaticLayout: maxLineHeight should not be -1.  maxLines:1 lineCount:1
06-28 21:37:37.079 21651 21651 W StaticLayout: maxLineHeight should not be -1.  maxLines:1 lineCount:1
06-28 21:37:37.090 21651 21651 D ViewRootImpl@cc06b20[MainActivity]: Relayout returned: old=[0,0][720,1480] new=[0,0][720,1480] result=0x7 surface={valid=true 513910087680} changed=true
06-28 21:37:37.092 21651 21670 D MainActivity: Scanned /storage/emulated/0/Movies/summarised
06-28 21:37:37.092 21651 21670 D MainActivity:   -> uri=content://media/external/file/136063
06-28 21:37:37.097 21651 21651 W StaticLayout: maxLineHeight should not be -1.  maxLines:1 lineCount:1
06-28 21:37:37.101 21651 21651 W StaticLayout: maxLineHeight should not be -1.  maxLines:1 lineCount:1
06-28 21:37:37.104 21651 21805 I ConfigStore: android::hardware::configstore::V1_0::ISurfaceFlingerConfigs::hasWideColorDisplay retrieved: 0
06-28 21:37:37.104 21651 21805 I ConfigStore: android::hardware::configstore::V1_0::ISurfaceFlingerConfigs::hasHDRDisplay retrieved: 0
06-28 21:37:37.104 21651 21805 I OpenGLRenderer: Initialized EGL, version 1.4
06-28 21:37:37.104 21651 21805 D OpenGLRenderer: Swap behavior 2
06-28 21:37:37.110 21651 21651 I TransferNetworkLossHand: Network connectivity changed detected.
06-28 21:37:37.111 21651 21651 I TransferNetworkLossHand: Network connected: false
06-28 21:37:37.114 21651 21805 D mali_winsys: EGLint new_window_surface(egl_winsys_display *, void *, EGLSurface, EGLConfig, egl_winsys_surface **, EGLBoolean) returns 0x3000
06-28 21:37:37.114 21651 21805 D OpenGLRenderer: eglCreateWindowSurface = 0x778ec16d80, 0x77a76da010
06-28 21:37:37.192 21651 21805 D vndksupport: Loading /vendor/lib64/hw/android.hardware.graphics.mapper@2.0-impl.so from current namespace instead of sphal namespace.
06-28 21:37:37.252 21651 21651 D ViewRootImpl@cc06b20[MainActivity]: MSG_RESIZED: frame=Rect(0, 0 - 720, 1480) ci=Rect(0, 48 - 0, 96) vi=Rect(0, 48 - 0, 96) or=1
06-28 21:37:37.256 21651 21651 D ViewRootImpl@cc06b20[MainActivity]: setWindowStopped(false) old=false
06-28 21:37:37.260 21651 21651 D ViewRootImpl@cc06b20[MainActivity]: MSG_WINDOW_FOCUS_CHANGED 1 1
06-28 21:37:37.261 21651 21651 D InputMethodManager: prepareNavigationBarInfo() DecorView@c99a7cc[MainActivity]
06-28 21:37:37.261 21651 21651 D InputMethodManager: getNavigationBarColor() -855310
06-28 21:37:37.267 21651 21651 D InputMethodManager: prepareNavigationBarInfo() DecorView@c99a7cc[MainActivity]
06-28 21:37:37.267 21651 21651 D InputMethodManager: getNavigationBarColor() -855310
06-28 21:37:37.267 21651 21651 V InputMethodManager: Starting input: tba=com.example.edgesum ic=null mNaviBarColor -855310 mIsGetNaviBarColorSuccess true , NavVisible : true , NavTrans : false
06-28 21:37:37.267 21651 21651 D InputMethodManager: startInputInner - Id : 0
06-28 21:37:37.267 21651 21651 I InputMethodManager: startInputInner - mService.startInputOrWindowGainedFocus
06-28 21:37:37.271 21651 21670 D InputTransport: Input channel constructed: fd=74
06-28 21:37:37.301 21651 21651 D InputMethodManager: prepareNavigationBarInfo() DecorView@c99a7cc[MainActivity]
06-28 21:37:37.301 21651 21651 D InputMethodManager: getNavigationBarColor() -855310
06-28 21:37:37.301 21651 21651 V InputMethodManager: Starting input: tba=com.example.edgesum ic=null mNaviBarColor -855310 mIsGetNaviBarColorSuccess true , NavVisible : true , NavTrans : false
06-28 21:37:37.302 21651 21651 D InputMethodManager: startInputInner - Id : 0
06-28 21:37:47.180 21651 21651 D ViewRootImpl@cc06b20[MainActivity]: ViewPostIme pointer 0
06-28 21:37:47.261 21651 21651 D ViewRootImpl@cc06b20[MainActivity]: ViewPostIme pointer 1
06-28 21:37:47.276 21651 21651 V MainActivity: Connect button clicked
06-28 21:37:47.751 21651 21651 D ViewRootImpl@cc06b20[MainActivity]: ViewPostIme pointer 0
06-28 21:37:47.830 21651 21651 D ViewRootImpl@cc06b20[MainActivity]: ViewPostIme pointer 1
06-28 21:37:48.362 21651 21651 D ViewRootImpl@cc06b20[MainActivity]: ViewPostIme pointer 0
06-28 21:37:48.419 21651 21651 D ViewRootImpl@cc06b20[MainActivity]: ViewPostIme pointer 1
06-28 21:37:48.428 21651 21651 V ConnectionFragment: Discovery switch checked
06-28 21:37:49.571 21651 21651 D NearbyFragment: Started discovering
06-28 21:37:51.486 21651 21651 D NearbyFragment: Found endpoint jKt9: Nexus 5X [34d8]
06-28 21:37:51.525 21651 21651 W example.edgesu: Accessing hidden method Landroid/graphics/FontFamily;-><init>()V (light greylist, reflection)
06-28 21:37:51.525 21651 21651 W example.edgesu: Accessing hidden method Landroid/graphics/FontFamily;->addFontFromAssetManager(Landroid/content/res/AssetManager;Ljava/lang/String;IZIII[Landroid/graphics/fonts/FontVariationAxis;)Z (light greylist, reflection)
06-28 21:37:51.525 21651 21651 W example.edgesu: Accessing hidden method Landroid/graphics/FontFamily;->addFontFromBuffer(Ljava/nio/ByteBuffer;I[Landroid/graphics/fonts/FontVariationAxis;II)Z (light greylist, reflection)
06-28 21:37:51.525 21651 21651 W example.edgesu: Accessing hidden method Landroid/graphics/FontFamily;->freeze()Z (light greylist, reflection)
06-28 21:37:51.526 21651 21651 W example.edgesu: Accessing hidden method Landroid/graphics/FontFamily;->abortCreation()V (light greylist, reflection)
06-28 21:37:51.526 21651 21651 W example.edgesu: Accessing hidden method Landroid/graphics/Typeface;->createFromFamiliesWithDefault([Landroid/graphics/FontFamily;Ljava/lang/String;II)Landroid/graphics/Typeface; (light greylist, reflection)
06-28 21:37:55.690 21651 21651 D ViewRootImpl@cc06b20[MainActivity]: ViewPostIme pointer 0
06-28 21:37:55.780 21651 21651 D ViewRootImpl@cc06b20[MainActivity]: ViewPostIme pointer 1
06-28 21:37:55.810 21651 21651 D NearbyFragment: Selected 'Endpoint{id=jKt9, name=Nexus 5X [34d8]}'
06-28 21:37:55.828 21651 21651 D InputTransport: Input channel constructed: fd=77
06-28 21:37:55.829 21651 21651 D ViewRootImpl@b97a256[Toast]: setView = android.widget.LinearLayout{78a82d7 V.E...... ......I. 0,0-0,0} TM=true MM=false
06-28 21:37:55.830 21651 21651 V Toast   : Text: Donn in android.widget.Toast$TN@32167c4
06-28 21:37:55.832 21651 21651 D ViewRootImpl@b97a256[Toast]: dispatchAttachedToWindow
06-28 21:37:55.850 21651 21651 D ViewRootImpl@b97a256[Toast]: Relayout returned: old=[0,48][720,1384] new=[118,1168][602,1256] result=0x7 surface={valid=true 513497853952} changed=true
06-28 21:37:55.853 21651 21805 D mali_winsys: EGLint new_window_surface(egl_winsys_display *, void *, EGLSurface, EGLConfig, egl_winsys_surface **, EGLBoolean) returns 0x3000
06-28 21:37:55.853 21651 21805 D OpenGLRenderer: eglCreateWindowSurface = 0x778ef9c080, 0x778edb7010
06-28 21:37:55.857 21651 21651 D ViewRootImpl@b97a256[Toast]: MSG_RESIZED: frame=Rect(118, 1168 - 602, 1256) ci=Rect(0, 0 - 0, 0) vi=Rect(0, 0 - 0, 0) or=1
06-28 21:37:59.317 21651 21805 W libEGL  : EGLNativeWindowType 0x778edb7010 disconnect failed
06-28 21:37:59.318 21651 21805 D OpenGLRenderer: eglDestroySurface = 0x778ef9c080, 0x778edb7000
06-28 21:37:59.318 21651 21651 D ViewRootImpl@b97a256[Toast]: dispatchDetachedFromWindow
06-28 21:37:59.320 21651 21651 D ViewRootImpl@b97a256[Toast]: Surface release. android.view.ViewRootImpl.doDie:7979 android.view.ViewRootImpl.die:7947 android.view.WindowManagerGlobal.removeViewLocked:497 android.view.WindowManagerGlobal.removeView:435 android.view.WindowManagerImpl.removeViewImmediate:124 android.widget.Toast$TN.handleHide:1110 android.widget.Toast$TN$1.handleMessage:898 android.os.Handler.dispatchMessage:106 
06-28 21:37:59.351 21651 21651 D InputTransport: Input channel destroyed: fd=77
06-28 21:38:02.677 21651 21651 D NearbyFragment: Initiated connection with Endpoint{id=jKt9, name=Nexus 5X [34d8]}: Nexus 5X [34d8]
06-28 21:38:02.694 21651 21651 D Dialog  : mIsSamsungBasicInteraction = false
06-28 21:38:02.694 21651 21651 D Dialog  : mIsSamsungBasicInteraction = false, isMetaDataInActivity = false
06-28 21:38:02.729 21651 21651 I DecorView: createDecorCaptionView >> DecorView@e03eb5c[], isFloating: true, isApplication: true, hasWindowDecorCaption: false, hasWindowControllerCallback: false
06-28 21:38:02.801 21651 21651 D ScrollView: initGoToTop
06-28 21:38:02.862 21651 21651 D InputTransport: Input channel constructed: fd=77
06-28 21:38:02.865 21651 21651 D ViewRootImpl@e44ac78[MainActivity]: setView = DecorView@e03eb5c[MainActivity] TM=true MM=false
06-28 21:38:02.866 21651 21651 D NearbyFragment: Requested connection with Endpoint{id=jKt9, name=Nexus 5X [34d8]}
06-28 21:38:02.878 21651 21651 D ViewRootImpl@e44ac78[MainActivity]: dispatchAttachedToWindow
06-28 21:38:02.950 21651 21651 D ViewRootImpl@e44ac78[MainActivity]: Relayout returned: old=[0,48][720,1384] new=[18,508][702,923] result=0x7 surface={valid=true 513497853952} changed=true
06-28 21:38:02.956 21651 21805 D mali_winsys: EGLint new_window_surface(egl_winsys_display *, void *, EGLSurface, EGLConfig, egl_winsys_surface **, EGLBoolean) returns 0x3000
06-28 21:38:02.956 21651 21805 D OpenGLRenderer: eglCreateWindowSurface = 0x778ef9c000, 0x778edb7010
06-28 21:38:02.978 21651 21651 D ScrollView:  onsize change changed 
06-28 21:38:02.981 21651 21651 D ViewRootImpl@e44ac78[MainActivity]: MSG_WINDOW_FOCUS_CHANGED 1 1
06-28 21:38:03.030 21651 21651 D ViewRootImpl@e44ac78[MainActivity]: MSG_RESIZED: frame=Rect(18, 508 - 702, 923) ci=Rect(0, 0 - 0, 0) vi=Rect(0, 0 - 0, 0) or=1
06-28 21:38:03.093 21651 21651 D ViewRootImpl@cc06b20[MainActivity]: MSG_WINDOW_FOCUS_CHANGED 0 1
06-28 21:38:03.093 21651 21651 D InputMethodManager: prepareNavigationBarInfo() DecorView@c99a7cc[MainActivity]
06-28 21:38:03.094 21651 21651 D InputMethodManager: getNavigationBarColor() -855310
06-28 21:38:04.963 21651 21651 D ViewRootImpl@e44ac78[MainActivity]: ViewPostIme pointer 0
06-28 21:38:05.058 21651 21651 D ViewRootImpl@e44ac78[MainActivity]: ViewPostIme pointer 1
06-28 21:38:05.085 21651 21805 W libEGL  : EGLNativeWindowType 0x778edb7010 disconnect failed
06-28 21:38:05.085 21651 21805 D OpenGLRenderer: eglDestroySurface = 0x778ef9c000, 0x778edb7000
06-28 21:38:05.085 21651 21805 D OpenGLRenderer: endAllActiveAnimators on 0x778ea74000 (RippleDrawable) with handle 0x778ed68880
06-28 21:38:05.086 21651 21651 D ViewRootImpl@e44ac78[MainActivity]: dispatchDetachedFromWindow
06-28 21:38:05.086 21651 21651 D ViewRootImpl@e44ac78[MainActivity]: Surface release. android.view.ViewRootImpl.doDie:7979 android.view.ViewRootImpl.die:7947 android.view.WindowManagerGlobal.removeViewLocked:497 android.view.WindowManagerGlobal.removeView:435 android.view.WindowManagerImpl.removeViewImmediate:124 android.app.Dialog.dismissDialog:518 android.app.Dialog.dismiss:501 androidx.appcompat.app.AlertController$ButtonHandler.handleMessage:171 
06-28 21:38:05.111 21651 21651 D InputTransport: Input channel destroyed: fd=77
06-28 21:38:05.114 21651 21651 I NearbyFragment: Connected to Endpoint{id=jKt9, name=Nexus 5X [34d8]}
06-28 21:38:05.171 21651 21651 E ViewRootImpl: sendUserActionEvent() returned.
06-28 21:38:05.172 21651 21651 D ViewRootImpl@cc06b20[MainActivity]: MSG_WINDOW_FOCUS_CHANGED 1 1
06-28 21:38:05.173 21651 21651 D InputMethodManager: prepareNavigationBarInfo() DecorView@c99a7cc[MainActivity]
06-28 21:38:05.173 21651 21651 D InputMethodManager: getNavigationBarColor() -855310
06-28 21:38:07.177 21651 21651 D ViewRootImpl@cc06b20[MainActivity]: ViewPostIme pointer 0
06-28 21:38:07.244 21651 21651 D ViewRootImpl@cc06b20[MainActivity]: ViewPostIme pointer 1
06-28 21:38:07.250 21651 21651 V ConnectionFragment: Discovery switch unchecked
06-28 21:38:07.250 21651 21651 D NearbyFragment: Stopped discovering
06-28 21:38:12.167 21651 21651 I TransferNetworkLossHand: Network connectivity changed detected.
06-28 21:38:12.404 21651 22638 D TransferNetworkLossHand: Loading transfers from database...
06-28 21:38:12.413 21651 22638 D TransferNetworkLossHand: Closing the cursor for resumeAllTransfers
06-28 21:38:12.414 21651 22638 D TransferNetworkLossHand: 0 transfers are loaded from database.
06-28 21:38:17.999 21651 21651 I TransferNetworkLossHand: Network connectivity changed detected.
06-28 21:38:18.030 21651 21651 I TransferNetworkLossHand: Network connected: false
06-28 21:38:29.049 21651 21651 I TransferNetworkLossHand: Network connectivity changed detected.
06-28 21:38:29.140 21651 21651 I TransferNetworkLossHand: Network connected: true
06-28 21:38:29.147 21651 23447 D TransferNetworkLossHand: Loading transfers from database...
06-28 21:38:29.151 21651 23447 D TransferNetworkLossHand: Closing the cursor for resumeAllTransfers
06-28 21:38:29.151 21651 23447 D TransferNetworkLossHand: 0 transfers are loaded from database.
06-28 21:39:10.221 21651 21651 D NearbyFragment: onPayloadReceived(endpointId=jKt9, payload=com.google.android.gms.nearby.connection.Payload@a629516)
06-28 21:39:10.227 21651 21651 V NearbyFragment: Started downloading SUMMARISE_SEGMENT:-5735672115044981173:20200312_150643!000.mp4:45.0_1.0_23_medium from Endpoint{id=jKt9, name=Nexus 5X [34d8]}
06-28 21:39:10.234 21651 21651 V NearbyFragment: Transfer to jKt9: 100%
06-28 21:39:10.237 21651 21651 V NearbyFragment: Transfer to jKt9: 100%
06-28 21:39:10.244 21651 21651 D NearbyFragment: onPayloadReceived(endpointId=jKt9, payload=com.google.android.gms.nearby.connection.Payload@ff1b86d)
06-28 21:39:10.250 21651 21651 V NearbyFragment: Transfer to jKt9: 0%
06-28 21:39:10.260 21651 21651 V NearbyFragment: Transfer to jKt9: 0%
06-28 21:39:10.264 21651 21651 V NearbyFragment: Transfer to jKt9: 1%
06-28 21:39:10.271 21651 21651 V NearbyFragment: Transfer to jKt9: 1%
06-28 21:39:10.281 21651 21651 V NearbyFragment: Transfer to jKt9: 1%
06-28 21:39:10.284 21651 21651 V NearbyFragment: Transfer to jKt9: 2%
06-28 21:39:10.289 21651 21651 V NearbyFragment: Transfer to jKt9: 2%
06-28 21:39:10.294 21651 21651 V NearbyFragment: Transfer to jKt9: 3%
06-28 21:39:10.301 21651 21651 V NearbyFragment: Transfer to jKt9: 3%
06-28 21:39:10.305 21651 21651 V NearbyFragment: Transfer to jKt9: 3%
06-28 21:39:10.310 21651 21651 V NearbyFragment: Transfer to jKt9: 4%
06-28 21:39:10.316 21651 21651 V NearbyFragment: Transfer to jKt9: 4%
06-28 21:39:10.320 21651 21651 V NearbyFragment: Transfer to jKt9: 5%
06-28 21:39:10.324 21651 21651 V NearbyFragment: Transfer to jKt9: 5%
06-28 21:39:10.331 21651 21651 V NearbyFragment: Transfer to jKt9: 5%
06-28 21:39:10.336 21651 21651 V NearbyFragment: Transfer to jKt9: 6%
06-28 21:39:10.341 21651 21651 V NearbyFragment: Transfer to jKt9: 6%
06-28 21:39:10.346 21651 21651 V NearbyFragment: Transfer to jKt9: 7%
06-28 21:39:10.351 21651 21651 V NearbyFragment: Transfer to jKt9: 7%
06-28 21:39:10.356 21651 21651 V NearbyFragment: Transfer to jKt9: 7%
06-28 21:39:10.360 21651 21651 V NearbyFragment: Transfer to jKt9: 8%
06-28 21:39:10.365 21651 21651 V NearbyFragment: Transfer to jKt9: 8%
06-28 21:39:10.371 21651 21651 V NearbyFragment: Transfer to jKt9: 8%
06-28 21:39:10.375 21651 21651 V NearbyFragment: Transfer to jKt9: 9%
06-28 21:39:10.380 21651 21651 V NearbyFragment: Transfer to jKt9: 9%
06-28 21:39:10.384 21651 21651 V NearbyFragment: Transfer to jKt9: 10%
06-28 21:39:10.389 21651 21651 V NearbyFragment: Transfer to jKt9: 10%
06-28 21:39:10.393 21651 21651 V NearbyFragment: Transfer to jKt9: 10%
06-28 21:39:10.397 21651 21651 V NearbyFragment: Transfer to jKt9: 11%
06-28 21:39:10.401 21651 21651 V NearbyFragment: Transfer to jKt9: 11%
06-28 21:39:10.404 21651 21651 V NearbyFragment: Transfer to jKt9: 12%
06-28 21:39:10.408 21651 21651 V NearbyFragment: Transfer to jKt9: 12%
06-28 21:39:10.414 21651 21651 V NearbyFragment: Transfer to jKt9: 12%
06-28 21:39:10.422 21651 21651 V NearbyFragment: Transfer to jKt9: 13%
06-28 21:39:10.427 21651 21651 V NearbyFragment: Transfer to jKt9: 13%
06-28 21:39:10.434 21651 21651 V NearbyFragment: Transfer to jKt9: 14%
06-28 21:39:10.447 21651 21651 V NearbyFragment: Transfer to jKt9: 14%
06-28 21:39:10.454 21651 21651 V NearbyFragment: Transfer to jKt9: 14%
06-28 21:39:10.460 21651 21651 V NearbyFragment: Transfer to jKt9: 15%
06-28 21:39:10.468 21651 21651 V NearbyFragment: Transfer to jKt9: 15%
06-28 21:39:10.474 21651 21651 V NearbyFragment: Transfer to jKt9: 15%
06-28 21:39:10.478 21651 21651 V NearbyFragment: Transfer to jKt9: 16%
06-28 21:39:10.489 21651 21651 V NearbyFragment: Transfer to jKt9: 16%
06-28 21:39:10.499 21651 21651 V NearbyFragment: Transfer to jKt9: 17%
06-28 21:39:10.504 21651 21651 V NearbyFragment: Transfer to jKt9: 17%
06-28 21:39:10.510 21651 21651 V NearbyFragment: Transfer to jKt9: 17%
06-28 21:39:10.515 21651 21651 V NearbyFragment: Transfer to jKt9: 18%
06-28 21:39:10.522 21651 21651 V NearbyFragment: Transfer to jKt9: 18%
06-28 21:39:10.528 21651 21651 V NearbyFragment: Transfer to jKt9: 19%
06-28 21:39:10.533 21651 21651 V NearbyFragment: Transfer to jKt9: 19%
06-28 21:39:10.535 21651 21651 V NearbyFragment: Transfer to jKt9: 19%
06-28 21:39:10.538 21651 21651 V NearbyFragment: Transfer to jKt9: 20%
06-28 21:39:10.540 21651 21651 V NearbyFragment: Transfer to jKt9: 20%
06-28 21:39:10.546 21651 21651 V NearbyFragment: Transfer to jKt9: 21%
06-28 21:39:10.551 21651 21651 V NearbyFragment: Transfer to jKt9: 21%
06-28 21:39:10.558 21651 21651 V NearbyFragment: Transfer to jKt9: 21%
06-28 21:39:10.566 21651 21651 V NearbyFragment: Transfer to jKt9: 22%
06-28 21:39:10.571 21651 21651 V NearbyFragment: Transfer to jKt9: 22%
06-28 21:39:10.576 21651 21651 V NearbyFragment: Transfer to jKt9: 22%
06-28 21:39:10.581 21651 21651 V NearbyFragment: Transfer to jKt9: 23%
06-28 21:39:10.585 21651 21651 V NearbyFragment: Transfer to jKt9: 23%
06-28 21:39:10.589 21651 21651 V NearbyFragment: Transfer to jKt9: 24%
06-28 21:39:10.591 21651 21651 V NearbyFragment: Transfer to jKt9: 24%
06-28 21:39:10.594 21651 21651 V NearbyFragment: Transfer to jKt9: 24%
06-28 21:39:10.601 21651 21651 V NearbyFragment: Transfer to jKt9: 25%
06-28 21:39:10.606 21651 21651 V NearbyFragment: Transfer to jKt9: 25%
06-28 21:39:10.609 21651 21651 V NearbyFragment: Transfer to jKt9: 26%
06-28 21:39:10.614 21651 21651 V NearbyFragment: Transfer to jKt9: 26%
06-28 21:39:10.617 21651 21651 V NearbyFragment: Transfer to jKt9: 26%
06-28 21:39:10.621 21651 21651 V NearbyFragment: Transfer to jKt9: 27%
06-28 21:39:10.625 21651 21651 V NearbyFragment: Transfer to jKt9: 27%
06-28 21:39:10.629 21651 21651 V NearbyFragment: Transfer to jKt9: 28%
06-28 21:39:10.632 21651 21651 V NearbyFragment: Transfer to jKt9: 28%
06-28 21:39:10.635 21651 21651 V NearbyFragment: Transfer to jKt9: 28%
06-28 21:39:10.640 21651 21651 V NearbyFragment: Transfer to jKt9: 29%
06-28 21:39:10.645 21651 21651 V NearbyFragment: Transfer to jKt9: 29%
06-28 21:39:10.648 21651 21651 V NearbyFragment: Transfer to jKt9: 29%
06-28 21:39:10.653 21651 21651 V NearbyFragment: Transfer to jKt9: 30%
06-28 21:39:10.659 21651 21651 V NearbyFragment: Transfer to jKt9: 30%
06-28 21:39:10.663 21651 21651 V NearbyFragment: Transfer to jKt9: 31%
06-28 21:39:10.666 21651 21651 V NearbyFragment: Transfer to jKt9: 31%
06-28 21:39:10.676 21651 21651 V NearbyFragment: Transfer to jKt9: 31%
06-28 21:39:10.679 21651 21651 V NearbyFragment: Transfer to jKt9: 32%
06-28 21:39:10.684 21651 21651 V NearbyFragment: Transfer to jKt9: 32%
06-28 21:39:10.693 21651 21651 V NearbyFragment: Transfer to jKt9: 33%
06-28 21:39:10.702 21651 21651 V NearbyFragment: Transfer to jKt9: 33%
06-28 21:39:10.705 21651 21651 V NearbyFragment: Transfer to jKt9: 33%
06-28 21:39:10.708 21651 21651 V NearbyFragment: Transfer to jKt9: 34%
06-28 21:39:10.710 21651 21651 V NearbyFragment: Transfer to jKt9: 34%
06-28 21:39:10.713 21651 21651 V NearbyFragment: Transfer to jKt9: 35%
06-28 21:39:10.716 21651 21651 V NearbyFragment: Transfer to jKt9: 35%
06-28 21:39:10.719 21651 21651 V NearbyFragment: Transfer to jKt9: 35%
06-28 21:39:10.723 21651 21651 V NearbyFragment: Transfer to jKt9: 36%
06-28 21:39:10.727 21651 21651 V NearbyFragment: Transfer to jKt9: 36%
06-28 21:39:10.732 21651 21651 V NearbyFragment: Transfer to jKt9: 36%
06-28 21:39:10.742 21651 21651 V NearbyFragment: Transfer to jKt9: 37%
06-28 21:39:10.747 21651 21651 V NearbyFragment: Transfer to jKt9: 37%
06-28 21:39:10.750 21651 21651 V NearbyFragment: Transfer to jKt9: 38%
06-28 21:39:10.754 21651 21651 V NearbyFragment: Transfer to jKt9: 38%
06-28 21:39:10.759 21651 21651 V NearbyFragment: Transfer to jKt9: 38%
06-28 21:39:10.764 21651 21651 V NearbyFragment: Transfer to jKt9: 39%
06-28 21:39:10.769 21651 21651 V NearbyFragment: Transfer to jKt9: 39%
06-28 21:39:10.773 21651 21651 V NearbyFragment: Transfer to jKt9: 40%
06-28 21:39:10.778 21651 21651 V NearbyFragment: Transfer to jKt9: 40%
06-28 21:39:10.783 21651 21651 V NearbyFragment: Transfer to jKt9: 40%
06-28 21:39:10.788 21651 21651 V NearbyFragment: Transfer to jKt9: 41%
06-28 21:39:10.793 21651 21651 V NearbyFragment: Transfer to jKt9: 41%
06-28 21:39:10.797 21651 21651 V NearbyFragment: Transfer to jKt9: 42%
06-28 21:39:10.804 21651 21651 V NearbyFragment: Transfer to jKt9: 42%
06-28 21:39:10.813 21651 21651 V NearbyFragment: Transfer to jKt9: 42%
06-28 21:39:10.819 21651 21651 V NearbyFragment: Transfer to jKt9: 43%
06-28 21:39:10.822 21651 21651 V NearbyFragment: Transfer to jKt9: 43%
06-28 21:39:10.825 21651 21651 V NearbyFragment: Transfer to jKt9: 43%
06-28 21:39:11.045 21651 21651 V NearbyFragment: Transfer to jKt9: 44%
06-28 21:39:11.051 21651 21651 V NearbyFragment: Transfer to jKt9: 44%
06-28 21:39:11.062 21651 21651 V NearbyFragment: Transfer to jKt9: 45%
06-28 21:39:11.071 21651 21651 V NearbyFragment: Transfer to jKt9: 45%
06-28 21:39:11.094 21651 21651 V NearbyFragment: Transfer to jKt9: 45%
06-28 21:39:11.105 21651 21651 V NearbyFragment: Transfer to jKt9: 46%
06-28 21:39:11.111 21651 21651 V NearbyFragment: Transfer to jKt9: 46%
06-28 21:39:11.115 21651 21651 V NearbyFragment: Transfer to jKt9: 47%
06-28 21:39:11.119 21651 21651 V NearbyFragment: Transfer to jKt9: 47%
06-28 21:39:11.123 21651 21651 V NearbyFragment: Transfer to jKt9: 47%
06-28 21:39:11.127 21651 21651 V NearbyFragment: Transfer to jKt9: 48%
06-28 21:39:11.130 21651 21651 V NearbyFragment: Transfer to jKt9: 48%
06-28 21:39:11.136 21651 21651 V NearbyFragment: Transfer to jKt9: 49%
06-28 21:39:11.142 21651 21651 V NearbyFragment: Transfer to jKt9: 49%
06-28 21:39:11.176 21651 21651 V NearbyFragment: Transfer to jKt9: 49%
06-28 21:39:11.184 21651 21651 V NearbyFragment: Transfer to jKt9: 50%
06-28 21:39:11.188 21651 21651 V NearbyFragment: Transfer to jKt9: 50%
06-28 21:39:11.193 21651 21651 V NearbyFragment: Transfer to jKt9: 50%
06-28 21:39:11.198 21651 21651 V NearbyFragment: Transfer to jKt9: 51%
06-28 21:39:11.205 21651 21651 V NearbyFragment: Transfer to jKt9: 51%
06-28 21:39:11.210 21651 21651 V NearbyFragment: Transfer to jKt9: 52%
06-28 21:39:11.217 21651 21651 V NearbyFragment: Transfer to jKt9: 52%
06-28 21:39:11.222 21651 21651 V NearbyFragment: Transfer to jKt9: 52%
06-28 21:39:11.229 21651 21651 V NearbyFragment: Transfer to jKt9: 53%
06-28 21:39:11.232 21651 21651 V NearbyFragment: Transfer to jKt9: 53%
06-28 21:39:11.238 21651 21651 V NearbyFragment: Transfer to jKt9: 54%
06-28 21:39:11.245 21651 21651 V NearbyFragment: Transfer to jKt9: 54%
06-28 21:39:11.247 21651 21651 V NearbyFragment: Transfer to jKt9: 54%
06-28 21:39:11.254 21651 21651 V NearbyFragment: Transfer to jKt9: 55%
06-28 21:39:11.256 21651 21651 V NearbyFragment: Transfer to jKt9: 55%
06-28 21:39:11.262 21651 21651 V NearbyFragment: Transfer to jKt9: 56%
06-28 21:39:11.267 21651 21651 V NearbyFragment: Transfer to jKt9: 56%
06-28 21:39:11.273 21651 21651 V NearbyFragment: Transfer to jKt9: 56%
06-28 21:39:11.276 21651 21651 V NearbyFragment: Transfer to jKt9: 57%
06-28 21:39:11.280 21651 21651 V NearbyFragment: Transfer to jKt9: 57%
06-28 21:39:11.284 21651 21651 V NearbyFragment: Transfer to jKt9: 57%
06-28 21:39:11.288 21651 21651 V NearbyFragment: Transfer to jKt9: 58%
06-28 21:39:11.292 21651 21651 V NearbyFragment: Transfer to jKt9: 58%
06-28 21:39:11.295 21651 21651 V NearbyFragment: Transfer to jKt9: 59%
06-28 21:39:11.299 21651 21651 V NearbyFragment: Transfer to jKt9: 59%
06-28 21:39:11.302 21651 21651 V NearbyFragment: Transfer to jKt9: 59%
06-28 21:39:11.306 21651 21651 V NearbyFragment: Transfer to jKt9: 60%
06-28 21:39:11.310 21651 21651 V NearbyFragment: Transfer to jKt9: 60%
06-28 21:39:11.315 21651 21651 V NearbyFragment: Transfer to jKt9: 61%
06-28 21:39:11.319 21651 21651 V NearbyFragment: Transfer to jKt9: 61%
06-28 21:39:11.323 21651 21651 V NearbyFragment: Transfer to jKt9: 61%
06-28 21:39:11.326 21651 21651 V NearbyFragment: Transfer to jKt9: 62%
06-28 21:39:11.330 21651 21651 V NearbyFragment: Transfer to jKt9: 62%
06-28 21:39:11.333 21651 21651 V NearbyFragment: Transfer to jKt9: 63%
06-28 21:39:11.336 21651 21651 V NearbyFragment: Transfer to jKt9: 63%
06-28 21:39:11.339 21651 21651 V NearbyFragment: Transfer to jKt9: 63%
06-28 21:39:11.342 21651 21651 V NearbyFragment: Transfer to jKt9: 64%
06-28 21:39:11.345 21651 21651 V NearbyFragment: Transfer to jKt9: 64%
06-28 21:39:11.348 21651 21651 V NearbyFragment: Transfer to jKt9: 64%
06-28 21:39:11.350 21651 21651 V NearbyFragment: Transfer to jKt9: 65%
06-28 21:39:11.353 21651 21651 V NearbyFragment: Transfer to jKt9: 65%
06-28 21:39:11.356 21651 21651 V NearbyFragment: Transfer to jKt9: 66%
06-28 21:39:11.359 21651 21651 V NearbyFragment: Transfer to jKt9: 66%
06-28 21:39:11.363 21651 21651 V NearbyFragment: Transfer to jKt9: 66%
06-28 21:39:11.365 21651 21651 V NearbyFragment: Transfer to jKt9: 67%
06-28 21:39:11.368 21651 21651 V NearbyFragment: Transfer to jKt9: 67%
06-28 21:39:11.370 21651 21651 V NearbyFragment: Transfer to jKt9: 68%
06-28 21:39:11.373 21651 21651 V NearbyFragment: Transfer to jKt9: 68%
06-28 21:39:11.378 21651 21651 V NearbyFragment: Transfer to jKt9: 68%
06-28 21:39:11.382 21651 21651 V NearbyFragment: Transfer to jKt9: 69%
06-28 21:39:11.393 21651 21651 V NearbyFragment: Transfer to jKt9: 69%
06-28 21:39:11.400 21651 21651 V NearbyFragment: Transfer to jKt9: 70%
06-28 21:39:11.403 21651 21651 V NearbyFragment: Transfer to jKt9: 70%
06-28 21:39:11.406 21651 21651 V NearbyFragment: Transfer to jKt9: 70%
06-28 21:39:11.409 21651 21651 V NearbyFragment: Transfer to jKt9: 71%
06-28 21:39:11.412 21651 21651 V NearbyFragment: Transfer to jKt9: 71%
06-28 21:39:11.415 21651 21651 V NearbyFragment: Transfer to jKt9: 71%
06-28 21:39:11.420 21651 21651 V NearbyFragment: Transfer to jKt9: 72%
06-28 21:39:11.423 21651 21651 V NearbyFragment: Transfer to jKt9: 72%
06-28 21:39:11.433 21651 21651 V NearbyFragment: Transfer to jKt9: 73%
06-28 21:39:11.438 21651 21651 V NearbyFragment: Transfer to jKt9: 73%
06-28 21:39:11.443 21651 21651 V NearbyFragment: Transfer to jKt9: 73%
06-28 21:39:11.469 21651 21651 V NearbyFragment: Transfer to jKt9: 74%
06-28 21:39:11.474 21651 21651 V NearbyFragment: Transfer to jKt9: 74%
06-28 21:39:11.477 21651 21651 V NearbyFragment: Transfer to jKt9: 75%
06-28 21:39:11.481 21651 21651 V NearbyFragment: Transfer to jKt9: 75%
06-28 21:39:11.498 21651 21651 V NearbyFragment: Transfer to jKt9: 75%
06-28 21:39:11.501 21651 21651 V NearbyFragment: Transfer to jKt9: 76%
06-28 21:39:11.503 21651 21651 V NearbyFragment: Transfer to jKt9: 76%
06-28 21:39:11.509 21651 21651 V NearbyFragment: Transfer to jKt9: 77%
06-28 21:39:11.510 21651 21651 V NearbyFragment: Transfer to jKt9: 77%
06-28 21:39:11.516 21651 21651 V NearbyFragment: Transfer to jKt9: 77%
06-28 21:39:11.520 21651 21651 V NearbyFragment: Transfer to jKt9: 78%
06-28 21:39:11.524 21651 21651 V NearbyFragment: Transfer to jKt9: 78%
06-28 21:39:11.529 21651 21651 V NearbyFragment: Transfer to jKt9: 78%
06-28 21:39:11.535 21651 21651 V NearbyFragment: Transfer to jKt9: 79%
06-28 21:39:11.539 21651 21651 V NearbyFragment: Transfer to jKt9: 79%
06-28 21:39:11.543 21651 21651 V NearbyFragment: Transfer to jKt9: 80%
06-28 21:39:11.547 21651 21651 V NearbyFragment: Transfer to jKt9: 80%
06-28 21:39:11.551 21651 21651 V NearbyFragment: Transfer to jKt9: 80%
06-28 21:39:11.555 21651 21651 V NearbyFragment: Transfer to jKt9: 81%
06-28 21:39:11.575 21651 21651 V NearbyFragment: Transfer to jKt9: 81%
06-28 21:39:11.586 21651 21651 V NearbyFragment: Transfer to jKt9: 82%
06-28 21:39:11.591 21651 21651 V NearbyFragment: Transfer to jKt9: 82%
06-28 21:39:11.595 21651 21651 V NearbyFragment: Transfer to jKt9: 82%
06-28 21:39:11.606 21651 21651 V NearbyFragment: Transfer to jKt9: 83%
06-28 21:39:11.616 21651 21651 V NearbyFragment: Transfer to jKt9: 83%
06-28 21:39:11.623 21651 21651 V NearbyFragment: Transfer to jKt9: 84%
06-28 21:39:11.628 21651 21651 V NearbyFragment: Transfer to jKt9: 84%
06-28 21:39:11.644 21651 21651 V NearbyFragment: Transfer to jKt9: 84%
06-28 21:39:11.653 21651 21651 V NearbyFragment: Transfer to jKt9: 85%
06-28 21:39:11.655 21651 21651 V NearbyFragment: Transfer to jKt9: 85%
06-28 21:39:11.659 21651 21651 V NearbyFragment: Transfer to jKt9: 85%
06-28 21:39:11.789 21651 21651 V NearbyFragment: Transfer to jKt9: 86%
06-28 21:39:11.793 21651 21651 V NearbyFragment: Transfer to jKt9: 86%
06-28 21:39:11.798 21651 21651 V NearbyFragment: Transfer to jKt9: 87%
06-28 21:39:11.804 21651 21651 V NearbyFragment: Transfer to jKt9: 87%
06-28 21:39:11.809 21651 21651 V NearbyFragment: Transfer to jKt9: 87%
06-28 21:39:11.814 21651 21651 V NearbyFragment: Transfer to jKt9: 88%
06-28 21:39:11.818 21651 21651 V NearbyFragment: Transfer to jKt9: 88%
06-28 21:39:11.825 21651 21651 V NearbyFragment: Transfer to jKt9: 89%
06-28 21:39:11.827 21651 21651 V NearbyFragment: Transfer to jKt9: 89%
06-28 21:39:11.831 21651 21651 V NearbyFragment: Transfer to jKt9: 89%
06-28 21:39:11.835 21651 21651 V NearbyFragment: Transfer to jKt9: 90%
06-28 21:39:11.840 21651 21651 V NearbyFragment: Transfer to jKt9: 90%
06-28 21:39:11.843 21651 21651 V NearbyFragment: Transfer to jKt9: 91%
06-28 21:39:11.847 21651 21651 V NearbyFragment: Transfer to jKt9: 91%
06-28 21:39:11.851 21651 21651 V NearbyFragment: Transfer to jKt9: 91%
06-28 21:39:11.855 21651 21651 V NearbyFragment: Transfer to jKt9: 92%
06-28 21:39:11.859 21651 21651 V NearbyFragment: Transfer to jKt9: 92%
06-28 21:39:11.863 21651 21651 V NearbyFragment: Transfer to jKt9: 92%
06-28 21:39:11.867 21651 21651 V NearbyFragment: Transfer to jKt9: 93%
06-28 21:39:11.871 21651 21651 V NearbyFragment: Transfer to jKt9: 93%
06-28 21:39:11.876 21651 21651 V NearbyFragment: Transfer to jKt9: 94%
06-28 21:39:11.880 21651 21651 V NearbyFragment: Transfer to jKt9: 94%
06-28 21:39:11.886 21651 21651 V NearbyFragment: Transfer to jKt9: 94%
06-28 21:39:11.892 21651 21651 V NearbyFragment: Transfer to jKt9: 95%
06-28 21:39:11.897 21651 21651 V NearbyFragment: Transfer to jKt9: 95%
06-28 21:39:11.900 21651 21651 V NearbyFragment: Transfer to jKt9: 96%
06-28 21:39:11.910 21651 21651 V NearbyFragment: Transfer to jKt9: 96%
06-28 21:39:11.913 21651 21651 V NearbyFragment: Transfer to jKt9: 96%
06-28 21:39:11.917 21651 21651 V NearbyFragment: Transfer to jKt9: 97%
06-28 21:39:11.921 21651 21651 V NearbyFragment: Transfer to jKt9: 97%
06-28 21:39:11.924 21651 21651 V NearbyFragment: Transfer to jKt9: 98%
06-28 21:39:11.929 21651 21651 V NearbyFragment: Transfer to jKt9: 98%
06-28 21:39:11.932 21651 21651 V NearbyFragment: Transfer to jKt9: 98%
06-28 21:39:11.937 21651 21651 V NearbyFragment: Transfer to jKt9: 99%
06-28 21:39:11.948 21651 21651 V NearbyFragment: Transfer to jKt9: 99%
06-28 21:39:11.953 21651 21651 V NearbyFragment: Transfer to jKt9: 99%
06-28 21:39:11.954 21651 21651 V NearbyFragment: Transfer to jKt9: 100%
06-28 21:39:11.955 21651 21651 V NearbyFragment: Transfer to jKt9: 100%
06-28 21:39:11.974 21651 21651 W NearbyFragment: Completed downloading 20200312_150643!000.mp4 from Endpoint{id=jKt9, name=Nexus 5X [34d8]} in 01.724s
06-28 21:39:11.978 21651 21651 D NearbyFragment: Summarising 20200312_150643!000.mp4
06-28 21:39:12.036 21651 21651 V VideoManager: videoFromCursor
06-28 21:39:12.044 21651 21651 V ProcessingVideosEventHandler: onAdd
06-28 21:39:12.045 21651 21651 V RawFootageEventHandler: onRemove
06-28 21:39:12.053 21651 21651 V NearbyFragment: Transfer to jKt9: 100%
06-28 21:39:12.053 21651 21651 V NearbyFragment: Transfer to jKt9: 100%
06-28 21:39:12.067 21651 23798 V SummariserIntentService: onHandleIntent
06-28 21:39:12.068 21651 23798 D SummariserIntentService: Video{id='136065', data='/storage/emulated/0/Download/Nearby/20200312_150643!000.mp4', name='20200312_150643!000.mp4', size=16843851, visible=true, mimeType='video/mp4'}
06-28 21:39:12.068 21651 23798 D SummariserIntentService: /storage/emulated/0/Movies/segment-sum/20200312_150643!000.mp4
06-28 21:39:12.093 21651 23798 I mobile-ffmpeg: Loading mobile-ffmpeg.
06-28 21:39:12.206 21651 23798 I mobile-ffmpeg: Loaded mobile-ffmpeg-full-gpl-arm64-v8a-4.2.2-20190703.
06-28 21:39:12.210 21651 23801 D mobile-ffmpeg: Callback thread started.
06-28 21:39:12.211 21651 23801 I mobile-ffmpeg: 
06-28 21:39:12.211 21651 23801 I chatty  : uid=10568(com.example.edgesum) Thread-10 identical 1 line
06-28 21:39:12.211 21651 23801 I mobile-ffmpeg: 
06-28 21:39:12.211 21651 23801 I mobile-ffmpeg: ffmpeg version v4.2-dev-1824
06-28 21:39:12.212 21651 23801 I mobile-ffmpeg: 
06-28 21:39:12.212 21651 23801 I chatty  : uid=10568(com.example.edgesum) Thread-10 identical 1 line
06-28 21:39:12.212 21651 23801 I mobile-ffmpeg: 
06-28 21:39:12.212 21651 23801 I mobile-ffmpeg:  Copyright (c) 2000-2019 the FFmpeg developers
06-28 21:39:12.212 21651 23801 I mobile-ffmpeg: 
06-28 21:39:12.212 21651 23801 I chatty  : uid=10568(com.example.edgesum) Thread-10 identical 1 line
06-28 21:39:12.212 21651 23801 I mobile-ffmpeg: 
06-28 21:39:12.212 21651 23801 I mobile-ffmpeg: 
06-28 21:39:12.213 21651 23801 I mobile-ffmpeg: 
06-28 21:39:12.213 21651 23801 I chatty  : uid=10568(com.example.edgesum) Thread-10 identical 1 line
06-28 21:39:12.213 21651 23801 I mobile-ffmpeg: 
06-28 21:39:12.213 21651 23801 I mobile-ffmpeg:   built with Android (5220042 based on r346389c) clang version 8.0.7 (https://android.googlesource.com/toolchain/clang b55f2d4ebfd35bf643d27dbca1bb228957008617) (https://android.googlesource.com/toolchain/llvm 3c393fe7a7e13b0fba4ac75a01aa683d7a5b11cd) (based on LLVM 8.0.7svn)
06-28 21:39:12.213 21651 23801 I mobile-ffmpeg: 
06-28 21:39:12.213 21651 23801 I chatty  : uid=10568(com.example.edgesum) Thread-10 identical 1 line
06-28 21:39:12.213 21651 23801 I mobile-ffmpeg: 
06-28 21:39:12.214 21651 23801 I mobile-ffmpeg:   configuration: --cross-prefix=aarch64-linux-android- --sysroot=/files/android-sdk/ndk-bundle/toolchains/llvm/prebuilt/linux-x86_64/sysroot --prefix=/home/taner/Projects/mobile-ffmpeg/prebuilt/android-arm64/ffmpeg --pkg-config=/usr/bin/pkg-config --enable-version3 --arch=aarch64 --cpu=armv8-a --cc=aarch64-linux-android24-clang --cxx=aarch64-linux-android24-clang++ --target-os=android --enable-neon --enable-asm --enable-inline-asm --enable-cross-compile --enable-pic --enable-jni --enable-optimizations --enable-swscale --enable-shared --disable-v4l2-m2m --disable-outdev=v4l2 --disable-outdev=fbdev --disable-indev=v4l2 --disable-indev=fbdev --enable-small --disable-openssl --disable-xmm-clobber-test --disable-debug --enable-lto --disable-neon-clobber-test --disable-programs --disable-postproc --disable-doc --disable-htmlpages --disable-manpages --disable-podpages --disable-txtpages --disable-static --disable-sndio --disable-schannel --disable-securetransport --disable-xlib --disable-cuda --disable-cuvid --disable-nvenc --disable-vaapi --disable-vdpau --disable-videotoolbox --disable-audiotoolbox --disable-appkit --disable-alsa --disable-cuda --disable-cuvid --disable-nvenc --disable-vaapi --disable-vdpau --enable-libfontconfig --enable-libfreetype --enable-libfribidi --enable-gmp --enable-gnutls --enable-libmp3lame --enable-libass --enable-iconv --enable-libtheora --enable-libvorbis --enable-libvpx --enable-libwebp --enable-libxml2 --enable-libopencore-amrnb --enable-libopencore-amrwb --enable-libshine --enable-libspeex --enable-libwavpack --enable-libkvazaar --enable-libx264 --enable-gpl --enable-libxvid --enable-gpl --enable-libx265 --enable-gpl --enable-libvidstab --enable-gpl --enable-libilbc --enable-libopus --enable-libsnappy --enable-libsoxr --enable-libaom --enable-libtwolame --disable-sdl2 --enable-zlib --enable-mediacodec
06-28 21:39:12.214 21651 23801 I mobile-ffmpeg: 
06-28 21:39:12.214 21651 23801 I chatty  : uid=10568(com.example.edgesum) Thread-10 identical 1 line
06-28 21:39:12.214 21651 23801 I mobile-ffmpeg: 
06-28 21:39:12.214 21651 23801 I mobile-ffmpeg:   libavutil      56. 30.100 / 56. 30.100
06-28 21:39:12.214 21651 23801 I mobile-ffmpeg: 
06-28 21:39:12.214 21651 23801 I chatty  : uid=10568(com.example.edgesum) Thread-10 identical 1 line
06-28 21:39:12.214 21651 23801 I mobile-ffmpeg: 
06-28 21:39:12.214 21651 23801 I mobile-ffmpeg:   libavcodec     58. 53.101 / 58. 53.101
06-28 21:39:12.215 21651 23801 I mobile-ffmpeg: 
06-28 21:39:12.215 21651 23801 I chatty  : uid=10568(com.example.edgesum) Thread-10 identical 1 line
06-28 21:39:12.215 21651 23801 I mobile-ffmpeg: 
06-28 21:39:12.215 21651 23801 I mobile-ffmpeg:   libavformat    58. 28.101 / 58. 28.101
06-28 21:39:12.215 21651 23801 I mobile-ffmpeg: 
06-28 21:39:12.215 21651 23801 I chatty  : uid=10568(com.example.edgesum) Thread-10 identical 1 line
06-28 21:39:12.215 21651 23801 I mobile-ffmpeg: 
06-28 21:39:12.215 21651 23801 I mobile-ffmpeg:   libavdevice    58.  7.100 / 58.  7.100
06-28 21:39:12.215 21651 23801 I mobile-ffmpeg: 
06-28 21:39:12.215 21651 23801 I chatty  : uid=10568(com.example.edgesum) Thread-10 identical 1 line
06-28 21:39:12.215 21651 23801 I mobile-ffmpeg: 
06-28 21:39:12.215 21651 23801 I mobile-ffmpeg:   libavfilter     7. 55.100 /  7. 55.100
06-28 21:39:12.215 21651 23801 I mobile-ffmpeg: 
06-28 21:39:12.216 21651 23801 I chatty  : uid=10568(com.example.edgesum) Thread-10 identical 1 line
06-28 21:39:12.216 21651 23801 I mobile-ffmpeg: 
06-28 21:39:12.216 21651 23801 I mobile-ffmpeg:   libswscale      5.  4.101 /  5.  4.101
06-28 21:39:12.216 21651 23801 I mobile-ffmpeg: 
06-28 21:39:12.216 21651 23801 I chatty  : uid=10568(com.example.edgesum) Thread-10 identical 1 line
06-28 21:39:12.216 21651 23801 I mobile-ffmpeg: 
06-28 21:39:12.216 21651 23801 I mobile-ffmpeg:   libswresample   3.  4.100 /  3.  4.100
06-28 21:39:12.275 21651 23801 I mobile-ffmpeg: 
06-28 21:39:12.275 21651 23801 I chatty  : uid=10568(com.example.edgesum) Thread-10 identical 1 line
06-28 21:39:12.275 21651 23801 I mobile-ffmpeg: 
06-28 21:39:12.275 21651 23801 I mobile-ffmpeg: Input #0, mov,mp4,m4a,3gp,3g2,mj2, from '/storage/emulated/0/Download/Nearby/20200312_150643!000.mp4':
06-28 21:39:12.275 21651 23801 I mobile-ffmpeg: 
06-28 21:39:12.275 21651 23801 I chatty  : uid=10568(com.example.edgesum) Thread-10 identical 1 line
06-28 21:39:12.275 21651 23801 I mobile-ffmpeg: 
06-28 21:39:12.275 21651 23801 I mobile-ffmpeg:   Metadata:
06-28 21:39:12.275 21651 23801 I mobile-ffmpeg: 
06-28 21:39:12.275 21651 23801 I chatty  : uid=10568(com.example.edgesum) Thread-10 identical 1 line
06-28 21:39:12.275 21651 23801 I mobile-ffmpeg: 
06-28 21:39:12.275 21651 23801 I mobile-ffmpeg:     major_brand     : 
06-28 21:39:12.275 21651 23801 I mobile-ffmpeg: 
06-28 21:39:12.275 21651 23801 I chatty  : uid=10568(com.example.edgesum) Thread-10 identical 1 line
06-28 21:39:12.275 21651 23801 I mobile-ffmpeg: 
06-28 21:39:12.276 21651 23801 I mobile-ffmpeg: isom
06-28 21:39:12.276 21651 23801 I mobile-ffmpeg: 
06-28 21:39:12.276 21651 23801 I chatty  : uid=10568(com.example.edgesum) Thread-10 identical 1 line
06-28 21:39:12.276 21651 23801 I mobile-ffmpeg: 
06-28 21:39:12.276 21651 23801 I mobile-ffmpeg: 
06-28 21:39:12.276 21651 23801 I mobile-ffmpeg: 
06-28 21:39:12.276 21651 23801 I chatty  : uid=10568(com.example.edgesum) Thread-10 identical 1 line
06-28 21:39:12.276 21651 23801 I mobile-ffmpeg: 
06-28 21:39:12.276 21651 23801 I mobile-ffmpeg:     minor_version   : 
06-28 21:39:12.276 21651 23801 I mobile-ffmpeg: 
06-28 21:39:12.276 21651 23801 I chatty  : uid=10568(com.example.edgesum) Thread-10 identical 1 line
06-28 21:39:12.276 21651 23801 I mobile-ffmpeg: 
06-28 21:39:12.276 21651 23801 I mobile-ffmpeg: 512
06-28 21:39:12.276 21651 23801 I mobile-ffmpeg: 
06-28 21:39:12.276 21651 23801 I chatty  : uid=10568(com.example.edgesum) Thread-10 identical 1 line
06-28 21:39:12.276 21651 23801 I mobile-ffmpeg: 
06-28 21:39:12.277 21651 23801 I mobile-ffmpeg: 
06-28 21:39:12.277 21651 23801 I mobile-ffmpeg: 
06-28 21:39:12.277 21651 23801 I chatty  : uid=10568(com.example.edgesum) Thread-10 identical 1 line
06-28 21:39:12.277 21651 23801 I mobile-ffmpeg: 
06-28 21:39:12.277 21651 23801 I mobile-ffmpeg:     compatible_brands: 
06-28 21:39:12.277 21651 23801 I mobile-ffmpeg: 
06-28 21:39:12.277 21651 23801 I chatty  : uid=10568(com.example.edgesum) Thread-10 identical 1 line
06-28 21:39:12.277 21651 23801 I mobile-ffmpeg: 
06-28 21:39:12.277 21651 23801 I mobile-ffmpeg: isomiso2avc1mp41
06-28 21:39:12.277 21651 23801 I mobile-ffmpeg: 
06-28 21:39:12.277 21651 23801 I chatty  : uid=10568(com.example.edgesum) Thread-10 identical 1 line
06-28 21:39:12.277 21651 23801 I mobile-ffmpeg: 
06-28 21:39:12.277 21651 23801 I mobile-ffmpeg: 
06-28 21:39:12.277 21651 23801 I mobile-ffmpeg: 
06-28 21:39:12.277 21651 23801 I chatty  : uid=10568(com.example.edgesum) Thread-10 identical 1 line
06-28 21:39:12.277 21651 23801 I mobile-ffmpeg: 
06-28 21:39:12.277 21651 23801 I mobile-ffmpeg:     encoder         : 
06-28 21:39:12.277 21651 23801 I mobile-ffmpeg: 
06-28 21:39:12.278 21651 23801 I chatty  : uid=10568(com.example.edgesum) Thread-10 identical 1 line
06-28 21:39:12.278 21651 23801 I mobile-ffmpeg: 
06-28 21:39:12.278 21651 23801 I mobile-ffmpeg: Lavf58.28.101
06-28 21:39:12.278 21651 23801 I mobile-ffmpeg: 
06-28 21:39:12.278 21651 23801 I chatty  : uid=10568(com.example.edgesum) Thread-10 identical 1 line
06-28 21:39:12.278 21651 23801 I mobile-ffmpeg: 
06-28 21:39:12.278 21651 23801 I mobile-ffmpeg: 
06-28 21:39:12.278 21651 23801 I mobile-ffmpeg: 
06-28 21:39:12.278 21651 23801 I chatty  : uid=10568(com.example.edgesum) Thread-10 identical 1 line
06-28 21:39:12.278 21651 23801 I mobile-ffmpeg: 
06-28 21:39:12.278 21651 23801 I mobile-ffmpeg:   Duration: 
06-28 21:39:12.278 21651 23801 I mobile-ffmpeg: 
06-28 21:39:12.278 21651 23801 I chatty  : uid=10568(com.example.edgesum) Thread-10 identical 1 line
06-28 21:39:12.278 21651 23801 I mobile-ffmpeg: 
06-28 21:39:12.278 21651 23801 I mobile-ffmpeg: 00:00:16.07
06-28 21:39:12.278 21651 23801 I mobile-ffmpeg: 
06-28 21:39:12.278 21651 23801 I chatty  : uid=10568(com.example.edgesum) Thread-10 identical 1 line
06-28 21:39:12.278 21651 23801 I mobile-ffmpeg: 
06-28 21:39:12.279 21651 23801 I mobile-ffmpeg: , start: 
06-28 21:39:12.279 21651 23801 I mobile-ffmpeg: 
06-28 21:39:12.279 21651 23801 I chatty  : uid=10568(com.example.edgesum) Thread-10 identical 1 line
06-28 21:39:12.279 21651 23801 I mobile-ffmpeg: 
06-28 21:39:12.279 21651 23801 I mobile-ffmpeg: 0.000000
06-28 21:39:12.279 21651 23801 I mobile-ffmpeg: 
06-28 21:39:12.279 21651 23801 I chatty  : uid=10568(com.example.edgesum) Thread-10 identical 1 line
06-28 21:39:12.279 21651 23801 I mobile-ffmpeg: 
06-28 21:39:12.279 21651 23801 I mobile-ffmpeg: , bitrate: 
06-28 21:39:12.279 21651 23801 I mobile-ffmpeg: 
06-28 21:39:12.279 21651 23801 I chatty  : uid=10568(com.example.edgesum) Thread-10 identical 1 line
06-28 21:39:12.279 21651 23801 I mobile-ffmpeg: 
06-28 21:39:12.279 21651 23801 I mobile-ffmpeg: 8387 kb/s
06-28 21:39:12.279 21651 23801 I mobile-ffmpeg: 
06-28 21:39:12.279 21651 23801 I chatty  : uid=10568(com.example.edgesum) Thread-10 identical 1 line
06-28 21:39:12.279 21651 23801 I mobile-ffmpeg: 
06-28 21:39:12.279 21651 23801 I mobile-ffmpeg: 
06-28 21:39:12.279 21651 23801 I mobile-ffmpeg: 
06-28 21:39:12.279 21651 23801 I chatty  : uid=10568(com.example.edgesum) Thread-10 identical 1 line
06-28 21:39:12.280 21651 23801 I mobile-ffmpeg: 
06-28 21:39:12.280 21651 23801 I mobile-ffmpeg:     Stream #0:0
06-28 21:39:12.280 21651 23801 I mobile-ffmpeg: 
06-28 21:39:12.280 21651 23801 I chatty  : uid=10568(com.example.edgesum) Thread-10 identical 1 line
06-28 21:39:12.280 21651 23801 I mobile-ffmpeg: 
06-28 21:39:12.280 21651 23801 I mobile-ffmpeg: (eng)
06-28 21:39:12.280 21651 23801 I mobile-ffmpeg: 
