--------- beginning of main
06-28 20:09:53.005  9722  9722 I zygote64: Late-enabling -Xcheck:jni
06-28 20:09:53.188  9722  9722 I zygote64: Rejecting re-init on previously-failed class java.lang.Class<androidx.core.view.ViewCompat$2>: java.lang.NoClassDefFoundError: Failed resolution of: Landroid/view/View$OnUnhandledKeyEventListener;
06-28 20:09:53.188  9722  9722 I zygote64:   at void androidx.core.view.ViewCompat.setOnApplyWindowInsetsListener(android.view.View, androidx.core.view.OnApplyWindowInsetsListener) (ViewCompat.java:2421)
06-28 20:09:53.188  9722  9722 I zygote64:   at android.view.ViewGroup androidx.appcompat.app.AppCompatDelegateImpl.createSubDecor() (AppCompatDelegateImpl.java:779)
06-28 20:09:53.188  9722  9722 I zygote64:   at void androidx.appcompat.app.AppCompatDelegateImpl.ensureSubDecor() (AppCompatDelegateImpl.java:659)
06-28 20:09:53.188  9722  9722 I zygote64:   at void androidx.appcompat.app.AppCompatDelegateImpl.setContentView(int) (AppCompatDelegateImpl.java:552)
06-28 20:09:53.188  9722  9722 I zygote64:   at void androidx.appcompat.app.AppCompatActivity.setContentView(int) (AppCompatActivity.java:161)
06-28 20:09:53.188  9722  9722 I zygote64:   at void com.example.edgesum.page.main.MainActivity.onCreate(android.os.Bundle) (MainActivity.java:95)
06-28 20:09:53.188  9722  9722 I zygote64:   at void android.app.Activity.performCreate(android.os.Bundle, android.os.PersistableBundle) (Activity.java:7009)
06-28 20:09:53.188  9722  9722 I zygote64:   at void android.app.Activity.performCreate(android.os.Bundle) (Activity.java:7000)
06-28 20:09:53.188  9722  9722 I zygote64:   at void android.app.Instrumentation.callActivityOnCreate(android.app.Activity, android.os.Bundle) (Instrumentation.java:1214)
06-28 20:09:53.188  9722  9722 I zygote64:   at android.app.Activity android.app.ActivityThread.performLaunchActivity(android.app.ActivityThread$ActivityClientRecord, android.content.Intent) (ActivityThread.java:2731)
06-28 20:09:53.188  9722  9722 I zygote64:   at void android.app.ActivityThread.handleLaunchActivity(android.app.ActivityThread$ActivityClientRecord, android.content.Intent, java.lang.String) (ActivityThread.java:2856)
06-28 20:09:53.188  9722  9722 I zygote64:   at void android.app.ActivityThread.-wrap11(android.app.ActivityThread, android.app.ActivityThread$ActivityClientRecord, android.content.Intent, java.lang.String) (ActivityThread.java:-1)
06-28 20:09:53.188  9722  9722 I zygote64:   at void android.app.ActivityThread$H.handleMessage(android.os.Message) (ActivityThread.java:1589)
06-28 20:09:53.188  9722  9722 I zygote64:   at void android.os.Handler.dispatchMessage(android.os.Message) (Handler.java:106)
06-28 20:09:53.188  9722  9722 I zygote64:   at void android.os.Looper.loop() (Looper.java:164)
06-28 20:09:53.188  9722  9722 I zygote64:   at void android.app.ActivityThread.main(java.lang.String[]) (ActivityThread.java:6494)
06-28 20:09:53.188  9722  9722 I zygote64:   at java.lang.Object java.lang.reflect.Method.invoke(java.lang.Object, java.lang.Object[]) (Method.java:-2)
06-28 20:09:53.188  9722  9722 I zygote64:   at void com.android.internal.os.RuntimeInit$MethodAndArgsCaller.run() (RuntimeInit.java:438)
06-28 20:09:53.188  9722  9722 I zygote64:   at void com.android.internal.os.ZygoteInit.main(java.lang.String[]) (ZygoteInit.java:807)
06-28 20:09:53.188  9722  9722 I zygote64: Caused by: java.lang.ClassNotFoundException: Didn't find class "android.view.View$OnUnhandledKeyEventListener" on path: DexPathList[[zip file "/data/app/com.example.edgesum-qfSKGNLC3qMLqo_UjqdiYA==/base.apk"],nativeLibraryDirectories=[/data/app/com.example.edgesum-qfSKGNLC3qMLqo_UjqdiYA==/lib/arm64, /data/app/com.example.edgesum-qfSKGNLC3qMLqo_UjqdiYA==/base.apk!/lib/arm64-v8a, /system/lib64, /vendor/lib64]]
06-28 20:09:53.188  9722  9722 I zygote64:   at java.lang.Class dalvik.system.BaseDexClassLoader.findClass(java.lang.String) (BaseDexClassLoader.java:125)
06-28 20:09:53.188  9722  9722 I zygote64:   at java.lang.Class java.lang.ClassLoader.loadClass(java.lang.String, boolean) (ClassLoader.java:379)
06-28 20:09:53.188  9722  9722 I zygote64:   at java.lang.Class java.lang.ClassLoader.loadClass(java.lang.String) (ClassLoader.java:312)
06-28 20:09:53.188  9722  9722 I zygote64:   at void androidx.core.view.ViewCompat.setOnApplyWindowInsetsListener(android.view.View, androidx.core.view.OnApplyWindowInsetsListener) (ViewCompat.java:2421)
06-28 20:09:53.188  9722  9722 I zygote64:   at android.view.ViewGroup androidx.appcompat.app.AppCompatDelegateImpl.createSubDecor() (AppCompatDelegateImpl.java:779)
06-28 20:09:53.188  9722  9722 I zygote64:   at void androidx.appcompat.app.AppCompatDelegateImpl.ensureSubDecor() (AppCompatDelegateImpl.java:659)
06-28 20:09:53.188  9722  9722 I zygote64:   at void androidx.appcompat.app.AppCompatDelegateImpl.setContentView(int) (AppCompatDelegateImpl.java:552)
06-28 20:09:53.188  9722  9722 I zygote64:   at void androidx.appcompat.app.AppCompatActivity.setContentView(int) (AppCompatActivity.java:161)
06-28 20:09:53.188  9722  9722 I zygote64:   at void com.example.edgesum.page.main.MainActivity.onCreate(android.os.Bundle) (MainActivity.java:95)
06-28 20:09:53.188  9722  9722 I zygote64:   at void android.app.Activity.performCreate(android.os.Bundle, android.os.PersistableBundle) (Activity.java:7009)
06-28 20:09:53.188  9722  9722 I zygote64:   at void android.app.Activity.performCreate(android.os.Bundle) (Activity.java:7000)
06-28 20:09:53.188  9722  9722 I zygote64:   at void android.app.Instrumentation.callActivityOnCreate(android.app.Activity, android.os.Bundle) (Instrumentation.java:1214)
06-28 20:09:53.188  9722  9722 I zygote64:   at android.app.Activity android.app.ActivityThread.performLaunchActivity(android.app.ActivityThread$ActivityClientRecord, android.content.Intent) (ActivityThread.java:2731)
06-28 20:09:53.188  9722  9722 I zygote64:   at void android.app.ActivityThread.handleLaunchActivity(android.app.ActivityThread$ActivityClientRecord, android.content.Intent, java.lang.String) (ActivityThread.java:2856)
06-28 20:09:53.188  9722  9722 I zygote64:   at void android.app.ActivityThread.-wrap11(android.app.ActivityThread, android.app.ActivityThread$ActivityClientRecord, android.content.Intent, java.lang.String) (ActivityThread.java:-1)
06-28 20:09:53.188  9722  9722 I zygote64:   at void android.app.ActivityThread$H.handleMessage(android.os.Message) (ActivityThread.java:1589)
06-28 20:09:53.188  9722  9722 I zygote64:   at void android.os.Handler.dispatchMessage(android.os.Message) (Handler.java:106)
06-28 20:09:53.188  9722  9722 I zygote64:   at void android.os.Looper.loop() (Looper.java:164)
06-28 20:09:53.188  9722  9722 I zygote64:   at void android.app.ActivityThread.main(java.lang.String[]) (ActivityThread.java:6494)
06-28 20:09:53.188  9722  9722 I zygote64:   at java.lang.Object java.lang.reflect.Method.invoke(java.lang.Object, java.lang.Object[]) (Method.java:-2)
06-28 20:09:53.188  9722  9722 I zygote64:   at void com.android.internal.os.RuntimeInit$MethodAndArgsCaller.run() (RuntimeInit.java:438)
06-28 20:09:53.188  9722  9722 I zygote64:   at void com.android.internal.os.ZygoteInit.main(java.lang.String[]) (ZygoteInit.java:807)
06-28 20:09:53.188  9722  9722 I zygote64: 
06-28 20:09:53.188  9722  9722 I zygote64: Rejecting re-init on previously-failed class java.lang.Class<androidx.core.view.ViewCompat$2>: java.lang.NoClassDefFoundError: Failed resolution of: Landroid/view/View$OnUnhandledKeyEventListener;
06-28 20:09:53.188  9722  9722 I zygote64:   at void androidx.core.view.ViewCompat.setOnApplyWindowInsetsListener(android.view.View, androidx.core.view.OnApplyWindowInsetsListener) (ViewCompat.java:2421)
06-28 20:09:53.188  9722  9722 I zygote64:   at android.view.ViewGroup androidx.appcompat.app.AppCompatDelegateImpl.createSubDecor() (AppCompatDelegateImpl.java:779)
06-28 20:09:53.189  9722  9722 I zygote64:   at void androidx.appcompat.app.AppCompatDelegateImpl.ensureSubDecor() (AppCompatDelegateImpl.java:659)
06-28 20:09:53.189  9722  9722 I zygote64:   at void androidx.appcompat.app.AppCompatDelegateImpl.setContentView(int) (AppCompatDelegateImpl.java:552)
06-28 20:09:53.189  9722  9722 I zygote64:   at void androidx.appcompat.app.AppCompatActivity.setContentView(int) (AppCompatActivity.java:161)
06-28 20:09:53.189  9722  9722 I zygote64:   at void com.example.edgesum.page.main.MainActivity.onCreate(android.os.Bundle) (MainActivity.java:95)
06-28 20:09:53.189  9722  9722 I zygote64:   at void android.app.Activity.performCreate(android.os.Bundle, android.os.PersistableBundle) (Activity.java:7009)
06-28 20:09:53.189  9722  9722 I zygote64:   at void android.app.Activity.performCreate(android.os.Bundle) (Activity.java:7000)
06-28 20:09:53.189  9722  9722 I zygote64:   at void android.app.Instrumentation.callActivityOnCreate(android.app.Activity, android.os.Bundle) (Instrumentation.java:1214)
06-28 20:09:53.189  9722  9722 I zygote64:   at android.app.Activity android.app.ActivityThread.performLaunchActivity(android.app.ActivityThread$ActivityClientRecord, android.content.Intent) (ActivityThread.java:2731)
06-28 20:09:53.189  9722  9722 I zygote64:   at void android.app.ActivityThread.handleLaunchActivity(android.app.ActivityThread$ActivityClientRecord, android.content.Intent, java.lang.String) (ActivityThread.java:2856)
06-28 20:09:53.189  9722  9722 I zygote64:   at void android.app.ActivityThread.-wrap11(android.app.ActivityThread, android.app.ActivityThread$ActivityClientRecord, android.content.Intent, java.lang.String) (ActivityThread.java:-1)
06-28 20:09:53.189  9722  9722 I zygote64:   at void android.app.ActivityThread$H.handleMessage(android.os.Message) (ActivityThread.java:1589)
06-28 20:09:53.189  9722  9722 I zygote64:   at void android.os.Handler.dispatchMessage(android.os.Message) (Handler.java:106)
06-28 20:09:53.189  9722  9722 I zygote64:   at void android.os.Looper.loop() (Looper.java:164)
06-28 20:09:53.189  9722  9722 I zygote64:   at void android.app.ActivityThread.main(java.lang.String[]) (ActivityThread.java:6494)
06-28 20:09:53.189  9722  9722 I zygote64:   at java.lang.Object java.lang.reflect.Method.invoke(java.lang.Object, java.lang.Object[]) (Method.java:-2)
06-28 20:09:53.189  9722  9722 I zygote64:   at void com.android.internal.os.RuntimeInit$MethodAndArgsCaller.run() (RuntimeInit.java:438)
06-28 20:09:53.189  9722  9722 I zygote64:   at void com.android.internal.os.ZygoteInit.main(java.lang.String[]) (ZygoteInit.java:807)
06-28 20:09:53.189  9722  9722 I zygote64: Caused by: java.lang.ClassNotFoundException: Didn't find class "android.view.View$OnUnhandledKeyEventListener" on path: DexPathList[[zip file "/data/app/com.example.edgesum-qfSKGNLC3qMLqo_UjqdiYA==/base.apk"],nativeLibraryDirectories=[/data/app/com.example.edgesum-qfSKGNLC3qMLqo_UjqdiYA==/lib/arm64, /data/app/com.example.edgesum-qfSKGNLC3qMLqo_UjqdiYA==/base.apk!/lib/arm64-v8a, /system/lib64, /vendor/lib64]]
06-28 20:09:53.189  9722  9722 I zygote64:   at java.lang.Class dalvik.system.BaseDexClassLoader.findClass(java.lang.String) (BaseDexClassLoader.java:125)
06-28 20:09:53.189  9722  9722 I zygote64:   at java.lang.Class java.lang.ClassLoader.loadClass(java.lang.String, boolean) (ClassLoader.java:379)
06-28 20:09:53.189  9722  9722 I zygote64:   at java.lang.Class java.lang.ClassLoader.loadClass(java.lang.String) (ClassLoader.java:312)
06-28 20:09:53.189  9722  9722 I zygote64:   at void androidx.core.view.ViewCompat.setOnApplyWindowInsetsListener(android.view.View, androidx.core.view.OnApplyWindowInsetsListener) (ViewCompat.java:2421)
06-28 20:09:53.189  9722  9722 I zygote64:   at android.view.ViewGroup androidx.appcompat.app.AppCompatDelegateImpl.createSubDecor() (AppCompatDelegateImpl.java:779)
06-28 20:09:53.189  9722  9722 I zygote64:   at void androidx.appcompat.app.AppCompatDelegateImpl.ensureSubDecor() (AppCompatDelegateImpl.java:659)
06-28 20:09:53.189  9722  9722 I zygote64:   at void androidx.appcompat.app.AppCompatDelegateImpl.setContentView(int) (AppCompatDelegateImpl.java:552)
06-28 20:09:53.189  9722  9722 I zygote64:   at void androidx.appcompat.app.AppCompatActivity.setContentView(int) (AppCompatActivity.java:161)
06-28 20:09:53.189  9722  9722 I zygote64:   at void com.example.edgesum.page.main.MainActivity.onCreate(android.os.Bundle) (MainActivity.java:95)
06-28 20:09:53.189  9722  9722 I zygote64:   at void android.app.Activity.performCreate(android.os.Bundle, android.os.PersistableBundle) (Activity.java:7009)
06-28 20:09:53.189  9722  9722 I zygote64:   at void android.app.Activity.performCreate(android.os.Bundle) (Activity.java:7000)
06-28 20:09:53.189  9722  9722 I zygote64:   at void android.app.Instrumentation.callActivityOnCreate(android.app.Activity, android.os.Bundle) (Instrumentation.java:1214)
06-28 20:09:53.189  9722  9722 I zygote64:   at android.app.Activity android.app.ActivityThread.performLaunchActivity(android.app.ActivityThread$ActivityClientRecord, android.content.Intent) (ActivityThread.java:2731)
06-28 20:09:53.189  9722  9722 I zygote64:   at void android.app.ActivityThread.handleLaunchActivity(android.app.ActivityThread$ActivityClientRecord, android.content.Intent, java.lang.String) (ActivityThread.java:2856)
06-28 20:09:53.189  9722  9722 I zygote64:   at void android.app.ActivityThread.-wrap11(android.app.ActivityThread, android.app.ActivityThread$ActivityClientRecord, android.content.Intent, java.lang.String) (ActivityThread.java:-1)
06-28 20:09:53.189  9722  9722 I zygote64:   at void android.app.ActivityThread$H.handleMessage(android.os.Message) (ActivityThread.java:1589)
06-28 20:09:53.189  9722  9722 I zygote64:   at void android.os.Handler.dispatchMessage(android.os.Message) (Handler.java:106)
06-28 20:09:53.189  9722  9722 I zygote64:   at void android.os.Looper.loop() (Looper.java:164)
06-28 20:09:53.189  9722  9722 I zygote64:   at void android.app.ActivityThread.main(java.lang.String[]) (ActivityThread.java:6494)
06-28 20:09:53.189  9722  9722 I zygote64:   at java.lang.Object java.lang.reflect.Method.invoke(java.lang.Object, java.lang.Object[]) (Method.java:-2)
06-28 20:09:53.189  9722  9722 I zygote64:   at void com.android.internal.os.RuntimeInit$MethodAndArgsCaller.run() (RuntimeInit.java:438)
06-28 20:09:53.189  9722  9722 I zygote64:   at void com.android.internal.os.ZygoteInit.main(java.lang.String[]) (ZygoteInit.java:807)
06-28 20:09:53.189  9722  9722 I zygote64: 
06-28 20:09:53.189  9722  9722 I zygote64: Rejecting re-init on previously-failed class java.lang.Class<androidx.core.view.ViewCompat$2>: java.lang.NoClassDefFoundError: Failed resolution of: Landroid/view/View$OnUnhandledKeyEventListener;
06-28 20:09:53.189  9722  9722 I zygote64:   at void androidx.core.view.ViewCompat.setOnApplyWindowInsetsListener(android.view.View, androidx.core.view.OnApplyWindowInsetsListener) (ViewCompat.java:2421)
06-28 20:09:53.190  9722  9722 I zygote64:   at android.view.ViewGroup androidx.appcompat.app.AppCompatDelegateImpl.createSubDecor() (AppCompatDelegateImpl.java:779)
06-28 20:09:53.190  9722  9722 I zygote64:   at void androidx.appcompat.app.AppCompatDelegateImpl.ensureSubDecor() (AppCompatDelegateImpl.java:659)
06-28 20:09:53.190  9722  9722 I zygote64:   at void androidx.appcompat.app.AppCompatDelegateImpl.setContentView(int) (AppCompatDelegateImpl.java:552)
06-28 20:09:53.190  9722  9722 I zygote64:   at void androidx.appcompat.app.AppCompatActivity.setContentView(int) (AppCompatActivity.java:161)
06-28 20:09:53.190  9722  9722 I zygote64:   at void com.example.edgesum.page.main.MainActivity.onCreate(android.os.Bundle) (MainActivity.java:95)
06-28 20:09:53.190  9722  9722 I zygote64:   at void android.app.Activity.performCreate(android.os.Bundle, android.os.PersistableBundle) (Activity.java:7009)
06-28 20:09:53.190  9722  9722 I zygote64:   at void android.app.Activity.performCreate(android.os.Bundle) (Activity.java:7000)
06-28 20:09:53.190  9722  9722 I zygote64:   at void android.app.Instrumentation.callActivityOnCreate(android.app.Activity, android.os.Bundle) (Instrumentation.java:1214)
06-28 20:09:53.190  9722  9722 I zygote64:   at android.app.Activity android.app.ActivityThread.performLaunchActivity(android.app.ActivityThread$ActivityClientRecord, android.content.Intent) (ActivityThread.java:2731)
06-28 20:09:53.190  9722  9722 I zygote64:   at void android.app.ActivityThread.handleLaunchActivity(android.app.ActivityThread$ActivityClientRecord, android.content.Intent, java.lang.String) (ActivityThread.java:2856)
06-28 20:09:53.190  9722  9722 I zygote64:   at void android.app.ActivityThread.-wrap11(android.app.ActivityThread, android.app.ActivityThread$ActivityClientRecord, android.content.Intent, java.lang.String) (ActivityThread.java:-1)
06-28 20:09:53.190  9722  9722 I zygote64:   at void android.app.ActivityThread$H.handleMessage(android.os.Message) (ActivityThread.java:1589)
06-28 20:09:53.190  9722  9722 I zygote64:   at void android.os.Handler.dispatchMessage(android.os.Message) (Handler.java:106)
06-28 20:09:53.190  9722  9722 I zygote64:   at void android.os.Looper.loop() (Looper.java:164)
06-28 20:09:53.190  9722  9722 I zygote64:   at void android.app.ActivityThread.main(java.lang.String[]) (ActivityThread.java:6494)
06-28 20:09:53.190  9722  9722 I zygote64:   at java.lang.Object java.lang.reflect.Method.invoke(java.lang.Object, java.lang.Object[]) (Method.java:-2)
06-28 20:09:53.190  9722  9722 I zygote64:   at void com.android.internal.os.RuntimeInit$MethodAndArgsCaller.run() (RuntimeInit.java:438)
06-28 20:09:53.190  9722  9722 I zygote64:   at void com.android.internal.os.ZygoteInit.main(java.lang.String[]) (ZygoteInit.java:807)
06-28 20:09:53.190  9722  9722 I zygote64: Caused by: java.lang.ClassNotFoundException: Didn't find class "android.view.View$OnUnhandledKeyEventListener" on path: DexPathList[[zip file "/data/app/com.example.edgesum-qfSKGNLC3qMLqo_UjqdiYA==/base.apk"],nativeLibraryDirectories=[/data/app/com.example.edgesum-qfSKGNLC3qMLqo_UjqdiYA==/lib/arm64, /data/app/com.example.edgesum-qfSKGNLC3qMLqo_UjqdiYA==/base.apk!/lib/arm64-v8a, /system/lib64, /vendor/lib64]]
06-28 20:09:53.190  9722  9722 I zygote64:   at java.lang.Class dalvik.system.BaseDexClassLoader.findClass(java.lang.String) (BaseDexClassLoader.java:125)
06-28 20:09:53.190  9722  9722 I zygote64:   at java.lang.Class java.lang.ClassLoader.loadClass(java.lang.String, boolean) (ClassLoader.java:379)
06-28 20:09:53.190  9722  9722 I zygote64:   at java.lang.Class java.lang.ClassLoader.loadClass(java.lang.String) (ClassLoader.java:312)
06-28 20:09:53.190  9722  9722 I zygote64:   at void androidx.core.view.ViewCompat.setOnApplyWindowInsetsListener(android.view.View, androidx.core.view.OnApplyWindowInsetsListener) (ViewCompat.java:2421)
06-28 20:09:53.190  9722  9722 I zygote64:   at android.view.ViewGroup androidx.appcompat.app.AppCompatDelegateImpl.createSubDecor() (AppCompatDelegateImpl.java:779)
06-28 20:09:53.190  9722  9722 I zygote64:   at void androidx.appcompat.app.AppCompatDelegateImpl.ensureSubDecor() (AppCompatDelegateImpl.java:659)
06-28 20:09:53.190  9722  9722 I zygote64:   at void androidx.appcompat.app.AppCompatDelegateImpl.setContentView(int) (AppCompatDelegateImpl.java:552)
06-28 20:09:53.191  9722  9722 I zygote64:   at void androidx.appcompat.app.AppCompatActivity.setContentView(int) (AppCompatActivity.java:161)
06-28 20:09:53.191  9722  9722 I zygote64:   at void com.example.edgesum.page.main.MainActivity.onCreate(android.os.Bundle) (MainActivity.java:95)
06-28 20:09:53.191  9722  9722 I zygote64:   at void android.app.Activity.performCreate(android.os.Bundle, android.os.PersistableBundle) (Activity.java:7009)
06-28 20:09:53.191  9722  9722 I zygote64:   at void android.app.Activity.performCreate(android.os.Bundle) (Activity.java:7000)
06-28 20:09:53.191  9722  9722 I zygote64:   at void android.app.Instrumentation.callActivityOnCreate(android.app.Activity, android.os.Bundle) (Instrumentation.java:1214)
06-28 20:09:53.191  9722  9722 I zygote64:   at android.app.Activity android.app.ActivityThread.performLaunchActivity(android.app.ActivityThread$ActivityClientRecord, android.content.Intent) (ActivityThread.java:2731)
06-28 20:09:53.191  9722  9722 I zygote64:   at void android.app.ActivityThread.handleLaunchActivity(android.app.ActivityThread$ActivityClientRecord, android.content.Intent, java.lang.String) (ActivityThread.java:2856)
06-28 20:09:53.191  9722  9722 I zygote64:   at void android.app.ActivityThread.-wrap11(android.app.ActivityThread, android.app.ActivityThread$ActivityClientRecord, android.content.Intent, java.lang.String) (ActivityThread.java:-1)
06-28 20:09:53.191  9722  9722 I zygote64:   at void android.app.ActivityThread$H.handleMessage(android.os.Message) (ActivityThread.java:1589)
06-28 20:09:53.191  9722  9722 I zygote64:   at void android.os.Handler.dispatchMessage(android.os.Message) (Handler.java:106)
06-28 20:09:53.191  9722  9722 I zygote64:   at void android.os.Looper.loop() (Looper.java:164)
06-28 20:09:53.191  9722  9722 I zygote64:   at void android.app.ActivityThread.main(java.lang.String[]) (ActivityThread.java:6494)
06-28 20:09:53.191  9722  9722 I zygote64:   at java.lang.Object java.lang.reflect.Method.invoke(java.lang.Object, java.lang.Object[]) (Method.java:-2)
06-28 20:09:53.191  9722  9722 I zygote64:   at void com.android.internal.os.RuntimeInit$MethodAndArgsCaller.run() (RuntimeInit.java:438)
06-28 20:09:53.191  9722  9722 I zygote64:   at void com.android.internal.os.ZygoteInit.main(java.lang.String[]) (ZygoteInit.java:807)
06-28 20:09:53.191  9722  9722 I zygote64: 
06-28 20:09:53.370  9722  9722 V Repo    : /storage/emulated/0/Movies/raw
06-28 20:09:53.371  9722  9722 V Repo    : /storage/emulated/0/Movies/summarised
06-28 20:09:53.384  9722  9722 V FileManager: External storage is readable
06-28 20:09:53.384  9722  9722 V FileManager: Directory already exists: /storage/emulated/0/Movies/raw
06-28 20:09:53.391  9722  9722 V FileManager: External storage is readable
06-28 20:09:53.391  9722  9722 V FileManager: Directory already exists: /storage/emulated/0/Movies/summarised
06-28 20:09:53.397  9722  9722 V FileManager: External storage is readable
06-28 20:09:53.398  9722  9722 V FileManager: Directory already exists: /storage/emulated/0/Download/nearby
06-28 20:09:53.404  9722  9722 V FileManager: External storage is readable
06-28 20:09:53.405  9722  9722 V FileManager: Directory already exists: /storage/emulated/0/Movies/segment
06-28 20:09:53.413  9722  9722 V FileManager: External storage is readable
06-28 20:09:53.414  9722  9722 V FileManager: Directory already exists: /storage/emulated/0/Movies/segment-sum
06-28 20:09:53.560  9722  9722 V VideoManager: getAllVideoFromExternalStorageFolder
06-28 20:09:53.567  9722  9722 D VideoManager: /storage/emulated/0/Movies/summarised
06-28 20:09:53.579  9722  9722 D VideoManager: 0 videos return
06-28 20:09:53.607  9722  9722 V VideoManager: getAllVideoFromExternalStorageFolder
06-28 20:09:53.613  9722  9722 D VideoManager: /storage/emulated/0/Movies/raw
06-28 20:09:53.619  9722  9722 D VideoManager: 0 videos return
06-28 20:09:53.660  9722  9740 D OpenGLRenderer: HWUI GL Pipeline
06-28 20:09:53.670  9722  9722 I TransferService: Starting Transfer Service to listen for network connectivity changes.
06-28 20:09:53.671  9722  9722 W LogFactory: Truncating log tag length as it exceed 23, the limit imposed by Android on certain API Levels
06-28 20:09:53.688  9722  9722 I TransferService: Registering the network receiver
06-28 20:09:53.691  9722  9722 E TransferService: No notification is passed in the intent. Unable to transition to foreground.
06-28 20:09:53.745  9722  9734 D MainActivity: Scanned /storage/emulated/0/Movies/summarised
06-28 20:09:53.745  9722  9734 D MainActivity:   -> uri=content://media/external/file/4027
06-28 20:09:53.770  9722  9734 D MainActivity: Scanned /storage/emulated/0/Movies/raw
06-28 20:09:53.770  9722  9734 D MainActivity:   -> uri=content://media/external/file/4028
06-28 20:09:53.773  9722  9740 I Adreno  : QUALCOMM build                   : 8e59954, I0be83d0d26
06-28 20:09:53.773  9722  9740 I Adreno  : Build Date                       : 09/22/17
06-28 20:09:53.773  9722  9740 I Adreno  : OpenGL ES Shader Compiler Version: EV031.21.02.00
06-28 20:09:53.773  9722  9740 I Adreno  : Local Branch                     : O17A
06-28 20:09:53.773  9722  9740 I Adreno  : Remote Branch                    : 
06-28 20:09:53.773  9722  9740 I Adreno  : Remote Branch                    : 
06-28 20:09:53.773  9722  9740 I Adreno  : Reconstruct Branch               : 
06-28 20:09:53.774  9722  9740 D vndksupport: Loading /vendor/lib64/hw/gralloc.msm8992.so from current namespace instead of sphal namespace.
06-28 20:09:53.782  9722  9740 I Adreno  : PFP: 0x00000000, ME: 0x00000000
06-28 20:09:53.791  9722  9740 I zygote64: android::hardware::configstore::V1_0::ISurfaceFlingerConfigs::hasWideColorDisplay retrieved: 0
06-28 20:09:53.792  9722  9740 I OpenGLRenderer: Initialized EGL, version 1.4
06-28 20:09:53.793  9722  9740 D OpenGLRenderer: Swap behavior 2
06-28 20:09:53.802  9722  9727 I zygote64: Do partial code cache collection, code=23KB, data=29KB
06-28 20:09:53.802  9722  9727 I zygote64: After code cache collection, code=23KB, data=29KB
06-28 20:09:53.802  9722  9727 I zygote64: Increasing code cache capacity to 128KB
06-28 20:09:53.805  9722  9722 I TransferNetworkLossHand: Network connectivity changed detected.
06-28 20:09:53.807  9722  9722 I TransferNetworkLossHand: Network connected: true
06-28 20:09:53.906  9722  9740 D vndksupport: Loading /vendor/lib64/hw/android.hardware.graphics.mapper@2.0-impl.so from current namespace instead of sphal namespace.
06-28 20:09:53.907  9722  9740 D vndksupport: Loading /vendor/lib64/hw/gralloc.msm8992.so from current namespace instead of sphal namespace.
06-28 20:09:55.718  9722  9727 I zygote64: Do partial code cache collection, code=37KB, data=51KB
06-28 20:09:55.718  9722  9727 I zygote64: After code cache collection, code=37KB, data=51KB
06-28 20:09:55.718  9722  9727 I zygote64: Increasing code cache capacity to 256KB
06-28 20:09:55.718  9722  9727 I zygote64: Compiler allocated 4MB to compile void android.view.View.<init>(android.content.Context, android.util.AttributeSet, int, int)
06-28 20:09:56.674  9722  9722 V MainActivity: Setting button clicked
06-28 20:09:56.723  9722  9727 I zygote64: Do full code cache collection, code=117KB, data=94KB
06-28 20:09:56.723  9722  9727 I zygote64: After code cache collection, code=114KB, data=60KB
06-28 20:09:57.047  9722  9727 I zygote64: Do partial code cache collection, code=125KB, data=81KB
06-28 20:09:57.047  9722  9727 I zygote64: After code cache collection, code=125KB, data=81KB
06-28 20:09:57.047  9722  9727 I zygote64: Increasing code cache capacity to 512KB
06-28 20:09:57.250  9722  9740 D OpenGLRenderer: endAllActiveAnimators on 0x789e0bf400 (MenuPopupWindow$MenuDropDownListView) with handle 0x788fbdc700
06-28 20:09:58.768  9722  9727 I zygote64: Do full code cache collection, code=251KB, data=170KB
06-28 20:09:58.768  9722  9727 I zygote64: After code cache collection, code=243KB, data=132KB
06-28 20:10:01.784  9722  9727 I zygote64: Do partial code cache collection, code=250KB, data=145KB
06-28 20:10:01.784  9722  9727 I zygote64: After code cache collection, code=250KB, data=145KB
06-28 20:10:01.784  9722  9727 I zygote64: Increasing code cache capacity to 1024KB
06-28 20:10:02.216  9722  9727 I zygote64: Compiler allocated 4MB to compile void android.view.ViewRootImpl.performTraversals()
06-28 20:10:08.319  9722  9722 V Repo    : /storage/emulated/0/Movies/raw
06-28 20:10:08.319  9722  9722 V Repo    : /storage/emulated/0/Movies/summarised
06-28 20:10:08.327  9722  9722 V FileManager: External storage is readable
06-28 20:10:08.328  9722  9722 V FileManager: Directory already exists: /storage/emulated/0/Movies/raw
06-28 20:10:08.333  9722  9722 V FileManager: External storage is readable
06-28 20:10:08.334  9722  9722 V FileManager: Directory already exists: /storage/emulated/0/Movies/summarised
06-28 20:10:08.338  9722  9722 V FileManager: External storage is readable
06-28 20:10:08.339  9722  9722 V FileManager: Directory already exists: /storage/emulated/0/Download/nearby
06-28 20:10:08.344  9722  9722 V FileManager: External storage is readable
06-28 20:10:08.345  9722  9722 V FileManager: Directory already exists: /storage/emulated/0/Movies/segment
06-28 20:10:08.354  9722  9722 V FileManager: External storage is readable
06-28 20:10:08.354  9722  9722 V FileManager: Directory already exists: /storage/emulated/0/Movies/segment-sum
06-28 20:10:08.428  9722  9722 V VideoManager: getAllVideoFromExternalStorageFolder
06-28 20:10:08.434  9722  9722 D VideoManager: /storage/emulated/0/Movies/summarised
06-28 20:10:08.443  9722  9722 D VideoManager: 0 videos return
06-28 20:10:08.459  9722  9722 V VideoManager: getAllVideoFromExternalStorageFolder
06-28 20:10:08.464  9722  9722 D VideoManager: /storage/emulated/0/Movies/raw
06-28 20:10:08.477  9722  9722 D VideoManager: 0 videos return
06-28 20:10:08.566  9722  9722 E TransferService: No notification is passed in the intent. Unable to transition to foreground.
06-28 20:10:08.598  9722  9735 D MainActivity: Scanned /storage/emulated/0/Movies/summarised
06-28 20:10:08.598  9722  9735 D MainActivity:   -> uri=content://media/external/file/4027
06-28 20:10:08.626  9722  9734 D MainActivity: Scanned /storage/emulated/0/Movies/raw
06-28 20:10:08.626  9722  9734 D MainActivity:   -> uri=content://media/external/file/4028
06-28 20:10:08.631  9722  9727 I zygote64: Do full code cache collection, code=498KB, data=343KB
06-28 20:10:08.636  9722  9727 I zygote64: After code cache collection, code=496KB, data=290KB
06-28 20:10:09.337  9722  9722 V MainActivity: Connect button clicked
06-28 20:10:20.621  9722  9722 V ConnectionFragment: Advertisement switch checked
06-28 20:10:20.719  9722  9727 I zygote64: Do partial code cache collection, code=502KB, data=310KB
06-28 20:10:20.719  9722  9727 I zygote64: After code cache collection, code=502KB, data=310KB
06-28 20:10:20.719  9722  9727 I zygote64: Increasing code cache capacity to 2MB
06-28 20:10:23.293  9722  9722 D NearbyFragment: Started advertising
06-28 20:10:35.461  9722  9722 D NearbyFragment: Initiated connection with null: Galaxy S8 [2802]
06-28 20:10:37.605  9722  9722 I NearbyFragment: Connected to Endpoint{id=pM1R, name=Galaxy S8 [2802]}
06-28 20:10:45.778  9722  9722 D NearbyFragment: Initiated connection with null: Nexus 5 [1825]
06-28 20:10:49.784  9722  9722 I NearbyFragment: Connected to Endpoint{id=VMKu, name=Nexus 5 [1825]}
06-28 20:10:52.575  9722  9722 V ConnectionFragment: Advertisement switch unchecked
06-28 20:10:52.575  9722  9722 D NearbyFragment: Stopped advertising
06-28 20:11:29.240  9722  9722 V ConnectionFragment: Auto-send switch checked
06-28 20:11:29.259  9722  9722 W NearbyFragment: Preferences:
06-28 20:11:29.259  9722  9722 W NearbyFragment:   Auto download: true
06-28 20:11:29.259  9722  9722 W NearbyFragment:   Algorithm: best
06-28 20:11:29.259  9722  9722 W NearbyFragment:   Segmentation: false
06-28 20:11:29.259  9722  9722 W NearbyFragment:   Auto segmentation: false
06-28 20:11:29.259  9722  9722 W NearbyFragment:   Segment number: 4
06-28 20:11:29.259  9722  9722 W NearbyFragment:   Noise tolerance: 45.00
06-28 20:11:29.259  9722  9722 W NearbyFragment:   Quality: 23
06-28 20:11:29.259  9722  9722 W NearbyFragment:   Speed: medium
06-28 20:11:29.259  9722  9722 W NearbyFragment:   Freeze duration: 1.00
06-28 20:11:29.260  9722  9722 W NearbyFragment: Download delay: 1s
06-28 20:11:29.260  9722  9722 W NearbyFragment: Started downloading from dashcam
06-28 20:11:29.263  9722  9966 V DownloadTestVideosTask: Starting DownloadTestVideosTask
06-28 20:11:29.271  9722  9966 V DashDownloadManager: Started downloading: 20200312_150643.mp4
06-28 20:11:30.914  9722  9722 V MainActivity: Navigation summarised button clicked
06-28 20:11:45.868  9722  9722 V VideoManager: videoFromCursor
06-28 20:11:45.878  9722  9722 V RawFootageEventHandler: onAdd
06-28 20:11:45.881  9722  9722 V NearbyFragment: nextTransfer with selected algorithm: best
06-28 20:11:45.889  9722  9722 W NearbyFragment: Sending 20200312_150643.mp4 to Galaxy S8 [2802]
06-28 20:11:45.902  9722  9722 W DashDownloadManager: Successfully downloaded 20200312_150643.mp4 in 16.575s
06-28 20:11:45.915  9722  9722 V NearbyFragment: Transfer to pM1R: 100%
06-28 20:11:45.916  9722  9722 V NearbyFragment: Transfer to pM1R: 100%
06-28 20:11:45.917  9722  9722 V NearbyFragment: Transfer to pM1R: 0%
06-28 20:11:45.919  9722  9722 V NearbyFragment: Transfer to pM1R: 0%
06-28 20:11:45.920  9722  9722 I chatty  : uid=10100(com.example.edgesum) identical 1 line
06-28 20:11:45.921  9722  9722 V NearbyFragment: Transfer to pM1R: 0%
06-28 20:11:45.923  9722  9722 V NearbyFragment: Transfer to pM1R: 0%
06-28 20:11:45.926  9722  9722 V NearbyFragment: Transfer to pM1R: 0%
06-28 20:11:45.931  9722  9722 V NearbyFragment: Transfer to pM1R: 0%
06-28 20:11:45.932  9722  9722 V NearbyFragment: Transfer to pM1R: 0%
06-28 20:11:45.934  9722  9722 V NearbyFragment: Transfer to pM1R: 0%
06-28 20:11:45.937  9722  9722 V NearbyFragment: Transfer to pM1R: 0%
06-28 20:11:45.942  9722  9722 V NearbyFragment: Transfer to pM1R: 1%
06-28 20:11:45.946  9722  9722 V NearbyFragment: Transfer to pM1R: 1%
06-28 20:11:45.950  9722  9722 V NearbyFragment: Transfer to pM1R: 1%
06-28 20:11:45.953  9722  9722 V NearbyFragment: Transfer to pM1R: 1%
06-28 20:11:45.955  9722  9722 V NearbyFragment: Transfer to pM1R: 1%
06-28 20:11:45.958  9722  9722 V NearbyFragment: Transfer to pM1R: 1%
06-28 20:11:45.961  9722  9722 V NearbyFragment: Transfer to pM1R: 1%
06-28 20:11:45.963  9722  9722 V NearbyFragment: Transfer to pM1R: 1%
06-28 20:11:45.966  9722  9722 V NearbyFragment: Transfer to pM1R: 1%
06-28 20:11:45.969  9722  9722 V NearbyFragment: Transfer to pM1R: 1%
06-28 20:11:45.972  9722  9722 V NearbyFragment: Transfer to pM1R: 1%
06-28 20:11:45.975  9722  9722 V NearbyFragment: Transfer to pM1R: 2%
06-28 20:11:45.977  9722  9722 V NearbyFragment: Transfer to pM1R: 2%
06-28 20:11:45.979  9722  9722 V NearbyFragment: Transfer to pM1R: 2%
06-28 20:11:45.982  9722  9722 V NearbyFragment: Transfer to pM1R: 2%
06-28 20:11:45.984  9722  9722 V NearbyFragment: Transfer to pM1R: 2%
06-28 20:11:45.986  9722  9722 V NearbyFragment: Transfer to pM1R: 2%
06-28 20:11:45.989  9722  9722 V NearbyFragment: Transfer to pM1R: 2%
06-28 20:11:45.992  9722  9722 V NearbyFragment: Transfer to pM1R: 2%
06-28 20:11:45.994  9722  9722 V NearbyFragment: Transfer to pM1R: 2%
06-28 20:11:45.996  9722  9722 V NearbyFragment: Transfer to pM1R: 2%
06-28 20:11:46.001  9722  9722 V NearbyFragment: Transfer to pM1R: 2%
06-28 20:11:46.002  9722  9722 V NearbyFragment: Transfer to pM1R: 3%
06-28 20:11:46.005  9722  9722 V NearbyFragment: Transfer to pM1R: 3%
06-28 20:11:46.007  9722  9722 V NearbyFragment: Transfer to pM1R: 3%
06-28 20:11:46.008  9722  9722 V NearbyFragment: Transfer to pM1R: 3%
06-28 20:11:46.012  9722  9722 V NearbyFragment: Transfer to pM1R: 3%
06-28 20:11:46.014  9722  9722 V NearbyFragment: Transfer to pM1R: 3%
06-28 20:11:46.015  9722  9722 V NearbyFragment: Transfer to pM1R: 3%
06-28 20:11:46.018  9722  9722 V NearbyFragment: Transfer to pM1R: 3%
06-28 20:11:46.019  9722  9722 V NearbyFragment: Transfer to pM1R: 3%
06-28 20:11:46.022  9722  9722 V NearbyFragment: Transfer to pM1R: 3%
06-28 20:11:46.024  9722  9722 V NearbyFragment: Transfer to pM1R: 4%
06-28 20:11:46.027  9722  9722 V NearbyFragment: Transfer to pM1R: 4%
06-28 20:11:46.029  9722  9722 V NearbyFragment: Transfer to pM1R: 4%
06-28 20:11:46.032  9722  9722 V NearbyFragment: Transfer to pM1R: 4%
06-28 20:11:46.034  9722  9722 V NearbyFragment: Transfer to pM1R: 4%
06-28 20:11:46.036  9722  9722 V NearbyFragment: Transfer to pM1R: 4%
06-28 20:11:46.038  9722  9722 V NearbyFragment: Transfer to pM1R: 4%
06-28 20:11:46.041  9722  9722 V NearbyFragment: Transfer to pM1R: 4%
06-28 20:11:46.042  9722  9722 V NearbyFragment: Transfer to pM1R: 4%
06-28 20:11:46.044  9722  9722 V NearbyFragment: Transfer to pM1R: 4%
06-28 20:11:46.046  9722  9722 V NearbyFragment: Transfer to pM1R: 4%
06-28 20:11:46.048  9722  9722 V NearbyFragment: Transfer to pM1R: 5%
06-28 20:11:46.050  9722  9722 V NearbyFragment: Transfer to pM1R: 5%
06-28 20:11:46.052  9722  9722 V NearbyFragment: Transfer to pM1R: 5%
06-28 20:11:46.055  9722  9722 V NearbyFragment: Transfer to pM1R: 5%
06-28 20:11:46.057  9722  9722 V NearbyFragment: Transfer to pM1R: 5%
06-28 20:11:46.058  9722  9722 V NearbyFragment: Transfer to pM1R: 5%
06-28 20:11:46.061  9722  9722 V NearbyFragment: Transfer to pM1R: 5%
06-28 20:11:46.064  9722  9722 V NearbyFragment: Transfer to pM1R: 5%
06-28 20:11:46.065  9722  9722 I chatty  : uid=10100(com.example.edgesum) identical 1 line
06-28 20:11:46.067  9722  9722 V NearbyFragment: Transfer to pM1R: 5%
06-28 20:11:46.070  9722  9722 V NearbyFragment: Transfer to pM1R: 5%
06-28 20:11:46.071  9722  9722 V NearbyFragment: Transfer to pM1R: 6%
06-28 20:11:46.073  9722  9722 V NearbyFragment: Transfer to pM1R: 6%
06-28 20:11:46.074  9722  9722 V NearbyFragment: Transfer to pM1R: 6%
06-28 20:11:46.076  9722  9722 V NearbyFragment: Transfer to pM1R: 6%
06-28 20:11:46.110  9722  9722 V NearbyFragment: Transfer to pM1R: 6%
06-28 20:11:46.114  9722  9722 V NearbyFragment: Transfer to pM1R: 6%
06-28 20:11:46.117  9722  9722 V NearbyFragment: Transfer to pM1R: 6%
06-28 20:11:46.119  9722  9722 V NearbyFragment: Transfer to pM1R: 6%
06-28 20:11:46.120  9722  9722 V NearbyFragment: Transfer to pM1R: 6%
06-28 20:11:46.123  9722  9722 V NearbyFragment: Transfer to pM1R: 6%
06-28 20:11:46.126  9722  9722 V NearbyFragment: Transfer to pM1R: 7%
06-28 20:11:46.458  9722  9722 V NearbyFragment: Transfer to pM1R: 7%
06-28 20:11:46.467  9722  9722 V NearbyFragment: Transfer to pM1R: 7%
06-28 20:11:46.469  9722  9722 V NearbyFragment: Transfer to pM1R: 7%
06-28 20:11:46.472  9722  9722 I chatty  : uid=10100(com.example.edgesum) identical 1 line
06-28 20:11:46.478  9722  9722 V NearbyFragment: Transfer to pM1R: 7%
06-28 20:11:46.482  9722  9722 V NearbyFragment: Transfer to pM1R: 7%
06-28 20:11:46.489  9722  9722 V NearbyFragment: Transfer to pM1R: 7%
06-28 20:11:46.490  9722  9722 V NearbyFragment: Transfer to pM1R: 7%
06-28 20:11:46.492  9722  9722 V NearbyFragment: Transfer to pM1R: 7%
06-28 20:11:46.497  9722  9722 V NearbyFragment: Transfer to pM1R: 7%
06-28 20:11:46.498  9722  9722 V NearbyFragment: Transfer to pM1R: 8%
06-28 20:11:46.499  9722  9722 V NearbyFragment: Transfer to pM1R: 8%
06-28 20:11:46.503  9722  9722 V NearbyFragment: Transfer to pM1R: 8%
06-28 20:11:46.504  9722  9722 V NearbyFragment: Transfer to pM1R: 8%
06-28 20:11:46.506  9722  9722 V NearbyFragment: Transfer to pM1R: 8%
06-28 20:11:46.508  9722  9722 V NearbyFragment: Transfer to pM1R: 8%
06-28 20:11:46.512  9722  9722 V NearbyFragment: Transfer to pM1R: 8%
06-28 20:11:46.514  9722  9722 V NearbyFragment: Transfer to pM1R: 8%
06-28 20:11:46.518  9722  9722 V NearbyFragment: Transfer to pM1R: 8%
06-28 20:11:46.519  9722  9722 V NearbyFragment: Transfer to pM1R: 8%
06-28 20:11:46.521  9722  9722 V NearbyFragment: Transfer to pM1R: 8%
06-28 20:11:46.525  9722  9722 V NearbyFragment: Transfer to pM1R: 9%
06-28 20:11:46.526  9722  9722 V NearbyFragment: Transfer to pM1R: 9%
06-28 20:11:46.527  9722  9722 V NearbyFragment: Transfer to pM1R: 9%
06-28 20:11:46.530  9722  9722 V NearbyFragment: Transfer to pM1R: 9%
06-28 20:11:46.531  9722  9722 V NearbyFragment: Transfer to pM1R: 9%
06-28 20:11:46.533  9722  9722 V NearbyFragment: Transfer to pM1R: 9%
06-28 20:11:46.535  9722  9722 V NearbyFragment: Transfer to pM1R: 9%
06-28 20:11:46.537  9722  9722 V NearbyFragment: Transfer to pM1R: 9%
06-28 20:11:46.539  9722  9722 V NearbyFragment: Transfer to pM1R: 9%
06-28 20:11:46.540  9722  9722 V NearbyFragment: Transfer to pM1R: 9%
06-28 20:11:46.543  9722  9722 V NearbyFragment: Transfer to pM1R: 10%
06-28 20:11:46.546  9722  9722 V NearbyFragment: Transfer to pM1R: 10%
06-28 20:11:46.558  9722  9722 V NearbyFragment: Transfer to pM1R: 10%
06-28 20:11:46.562  9722  9722 V NearbyFragment: Transfer to pM1R: 10%
06-28 20:11:46.565  9722  9722 V NearbyFragment: Transfer to pM1R: 10%
06-28 20:11:46.567  9722  9722 V NearbyFragment: Transfer to pM1R: 10%
06-28 20:11:46.570  9722  9722 V NearbyFragment: Transfer to pM1R: 10%
06-28 20:11:46.575  9722  9722 V NearbyFragment: Transfer to pM1R: 10%
06-28 20:11:46.575  9722  9722 V NearbyFragment: Transfer to pM1R: 10%
06-28 20:11:46.577  9722  9722 V NearbyFragment: Transfer to pM1R: 10%
06-28 20:11:46.579  9722  9722 V NearbyFragment: Transfer to pM1R: 10%
06-28 20:11:46.582  9722  9722 V NearbyFragment: Transfer to pM1R: 11%
06-28 20:11:46.584  9722  9722 V NearbyFragment: Transfer to pM1R: 11%
06-28 20:11:46.586  9722  9722 V NearbyFragment: Transfer to pM1R: 11%
06-28 20:11:46.588  9722  9722 V NearbyFragment: Transfer to pM1R: 11%
06-28 20:11:46.592  9722  9722 V NearbyFragment: Transfer to pM1R: 11%
06-28 20:11:46.707  9722  9722 V NearbyFragment: Transfer to pM1R: 11%
06-28 20:11:46.711  9722  9722 V NearbyFragment: Transfer to pM1R: 11%
06-28 20:11:46.716  9722  9722 V NearbyFragment: Transfer to pM1R: 11%
06-28 20:11:46.717  9722  9722 V NearbyFragment: Transfer to pM1R: 11%
06-28 20:11:46.721  9722  9722 V NearbyFragment: Transfer to pM1R: 11%
06-28 20:11:46.725  9722  9722 V NearbyFragment: Transfer to pM1R: 11%
06-28 20:11:46.730  9722  9722 V NearbyFragment: Transfer to pM1R: 12%
06-28 20:11:46.735  9722  9722 V NearbyFragment: Transfer to pM1R: 12%
06-28 20:11:46.737  9722  9722 V NearbyFragment: Transfer to pM1R: 12%
06-28 20:11:46.740  9722  9722 V NearbyFragment: Transfer to pM1R: 12%
06-28 20:11:46.743  9722  9722 V NearbyFragment: Transfer to pM1R: 12%
06-28 20:11:46.745  9722  9722 V NearbyFragment: Transfer to pM1R: 12%
06-28 20:11:46.748  9722  9722 V NearbyFragment: Transfer to pM1R: 12%
06-28 20:11:46.750  9722  9722 V NearbyFragment: Transfer to pM1R: 12%
06-28 20:11:46.752  9722  9722 V NearbyFragment: Transfer to pM1R: 12%
06-28 20:11:46.754  9722  9722 V NearbyFragment: Transfer to pM1R: 12%
06-28 20:11:46.758  9722  9722 V NearbyFragment: Transfer to pM1R: 13%
06-28 20:11:46.760  9722  9722 V NearbyFragment: Transfer to pM1R: 13%
06-28 20:11:46.762  9722  9722 V NearbyFragment: Transfer to pM1R: 13%
06-28 20:11:46.764  9722  9722 V NearbyFragment: Transfer to pM1R: 13%
06-28 20:11:46.767  9722  9722 V NearbyFragment: Transfer to pM1R: 13%
06-28 20:11:46.770  9722  9722 V NearbyFragment: Transfer to pM1R: 13%
06-28 20:11:46.772  9722  9722 V NearbyFragment: Transfer to pM1R: 13%
06-28 20:11:46.774  9722  9722 V NearbyFragment: Transfer to pM1R: 13%
06-28 20:11:46.776  9722  9722 V NearbyFragment: Transfer to pM1R: 13%
06-28 20:11:46.780  9722  9722 V NearbyFragment: Transfer to pM1R: 13%
06-28 20:11:46.782  9722  9722 V NearbyFragment: Transfer to pM1R: 13%
06-28 20:11:46.785  9722  9722 V NearbyFragment: Transfer to pM1R: 14%
06-28 20:11:46.793  9722  9722 V NearbyFragment: Transfer to pM1R: 14%
06-28 20:11:46.794  9722  9722 I chatty  : uid=10100(com.example.edgesum) identical 1 line
06-28 20:11:46.795  9722  9722 V NearbyFragment: Transfer to pM1R: 14%
06-28 20:11:46.797  9722  9722 V NearbyFragment: Transfer to pM1R: 14%
06-28 20:11:46.799  9722  9722 V NearbyFragment: Transfer to pM1R: 14%
06-28 20:11:46.801  9722  9722 V NearbyFragment: Transfer to pM1R: 14%
06-28 20:11:46.803  9722  9722 V NearbyFragment: Transfer to pM1R: 14%
06-28 20:11:46.805  9722  9722 V NearbyFragment: Transfer to pM1R: 14%
06-28 20:11:46.807  9722  9722 V NearbyFragment: Transfer to pM1R: 14%
06-28 20:11:46.810  9722  9722 V NearbyFragment: Transfer to pM1R: 14%
06-28 20:11:46.815  9722  9722 V NearbyFragment: Transfer to pM1R: 15%
06-28 20:11:46.817  9722  9722 V NearbyFragment: Transfer to pM1R: 15%
06-28 20:11:46.819  9722  9722 V NearbyFragment: Transfer to pM1R: 15%
06-28 20:11:46.820  9722  9722 V NearbyFragment: Transfer to pM1R: 15%
06-28 20:11:46.824  9722  9722 V NearbyFragment: Transfer to pM1R: 15%
06-28 20:11:46.825  9722  9722 V NearbyFragment: Transfer to pM1R: 15%
06-28 20:11:46.827  9722  9722 V NearbyFragment: Transfer to pM1R: 15%
06-28 20:11:46.829  9722  9722 V NearbyFragment: Transfer to pM1R: 15%
06-28 20:11:46.897  9722  9966 V DownloadTestVideosTask: Starting DownloadTestVideosTask
06-28 20:11:46.902  9722  9966 V DashDownloadManager: Started downloading: 20200312_150744.mp4
06-28 20:11:46.938  9722  9722 V NearbyFragment: Transfer to pM1R: 15%
06-28 20:11:46.940  9722  9722 V NearbyFragment: Transfer to pM1R: 15%
06-28 20:11:46.942  9722  9722 V NearbyFragment: Transfer to pM1R: 16%
06-28 20:11:46.946  9722  9722 V NearbyFragment: Transfer to pM1R: 16%
06-28 20:11:46.950  9722  9722 V NearbyFragment: Transfer to pM1R: 16%
06-28 20:11:46.960  9722  9722 V NearbyFragment: Transfer to pM1R: 16%
06-28 20:11:46.962  9722  9722 V NearbyFragment: Transfer to pM1R: 16%
06-28 20:11:46.966  9722  9722 V NearbyFragment: Transfer to pM1R: 16%
06-28 20:11:46.967  9722  9722 V NearbyFragment: Transfer to pM1R: 16%
06-28 20:11:46.969  9722  9722 V NearbyFragment: Transfer to pM1R: 16%
06-28 20:11:46.971  9722  9722 V NearbyFragment: Transfer to pM1R: 16%
06-28 20:11:46.974  9722  9722 V NearbyFragment: Transfer to pM1R: 16%
06-28 20:11:46.975  9722  9722 V NearbyFragment: Transfer to pM1R: 16%
06-28 20:11:46.977  9722  9722 V NearbyFragment: Transfer to pM1R: 17%
06-28 20:11:46.980  9722  9722 V NearbyFragment: Transfer to pM1R: 17%
06-28 20:11:46.982  9722  9722 V NearbyFragment: Transfer to pM1R: 17%
06-28 20:11:46.984  9722  9722 V NearbyFragment: Transfer to pM1R: 17%
06-28 20:11:46.989  9722  9722 V NearbyFragment: Transfer to pM1R: 17%
06-28 20:11:46.992  9722  9722 V NearbyFragment: Transfer to pM1R: 17%
06-28 20:11:46.997  9722  9722 V NearbyFragment: Transfer to pM1R: 17%
06-28 20:11:46.997  9722  9722 V NearbyFragment: Transfer to pM1R: 17%
06-28 20:11:46.999  9722  9722 V NearbyFragment: Transfer to pM1R: 17%
06-28 20:11:47.002  9722  9722 V NearbyFragment: Transfer to pM1R: 17%
06-28 20:11:47.003  9722  9722 V NearbyFragment: Transfer to pM1R: 17%
06-28 20:11:47.005  9722  9722 V NearbyFragment: Transfer to pM1R: 18%
06-28 20:11:47.007  9722  9722 V NearbyFragment: Transfer to pM1R: 18%
06-28 20:11:47.009  9722  9722 V NearbyFragment: Transfer to pM1R: 18%
06-28 20:11:47.011  9722  9722 V NearbyFragment: Transfer to pM1R: 18%
06-28 20:11:47.014  9722  9722 V NearbyFragment: Transfer to pM1R: 18%
06-28 20:11:47.016  9722  9722 V NearbyFragment: Transfer to pM1R: 18%
06-28 20:11:47.018  9722  9722 V NearbyFragment: Transfer to pM1R: 18%
06-28 20:11:47.020  9722  9722 V NearbyFragment: Transfer to pM1R: 18%
06-28 20:11:47.023  9722  9722 V NearbyFragment: Transfer to pM1R: 18%
06-28 20:11:47.025  9722  9722 V NearbyFragment: Transfer to pM1R: 18%
06-28 20:11:47.028  9722  9722 V NearbyFragment: Transfer to pM1R: 19%
06-28 20:11:47.030  9722  9722 V NearbyFragment: Transfer to pM1R: 19%
06-28 20:11:47.035  9722  9722 V NearbyFragment: Transfer to pM1R: 19%
06-28 20:11:47.037  9722  9722 I chatty  : uid=10100(com.example.edgesum) identical 1 line
06-28 20:11:47.039  9722  9722 V NearbyFragment: Transfer to pM1R: 19%
06-28 20:11:47.313  9722  9722 V NearbyFragment: Transfer to pM1R: 19%
06-28 20:11:47.318  9722  9722 V NearbyFragment: Transfer to pM1R: 19%
06-28 20:11:47.322  9722  9722 V NearbyFragment: Transfer to pM1R: 19%
06-28 20:11:47.326  9722  9722 V NearbyFragment: Transfer to pM1R: 19%
06-28 20:11:47.330  9722  9722 V NearbyFragment: Transfer to pM1R: 19%
06-28 20:11:47.333  9722  9722 V NearbyFragment: Transfer to pM1R: 19%
06-28 20:11:47.337  9722  9722 V NearbyFragment: Transfer to pM1R: 20%
06-28 20:11:47.339  9722  9722 V NearbyFragment: Transfer to pM1R: 20%
06-28 20:11:47.342  9722  9722 V NearbyFragment: Transfer to pM1R: 20%
06-28 20:11:47.345  9722  9722 V NearbyFragment: Transfer to pM1R: 20%
06-28 20:11:47.348  9722  9722 V NearbyFragment: Transfer to pM1R: 20%
06-28 20:11:47.350  9722  9722 V NearbyFragment: Transfer to pM1R: 20%
06-28 20:11:47.352  9722  9722 V NearbyFragment: Transfer to pM1R: 20%
06-28 20:11:47.355  9722  9722 V NearbyFragment: Transfer to pM1R: 20%
06-28 20:11:47.357  9722  9722 V NearbyFragment: Transfer to pM1R: 20%
06-28 20:11:47.359  9722  9722 V NearbyFragment: Transfer to pM1R: 20%
06-28 20:11:47.361  9722  9722 V NearbyFragment: Transfer to pM1R: 20%
06-28 20:11:47.363  9722  9722 V NearbyFragment: Transfer to pM1R: 21%
06-28 20:11:47.366  9722  9722 V NearbyFragment: Transfer to pM1R: 21%
06-28 20:11:47.368  9722  9722 V NearbyFragment: Transfer to pM1R: 21%
06-28 20:11:47.371  9722  9722 V NearbyFragment: Transfer to pM1R: 21%
06-28 20:11:47.564  9722  9722 V NearbyFragment: Transfer to pM1R: 21%
06-28 20:11:47.577  9722  9722 V NearbyFragment: Transfer to pM1R: 21%
06-28 20:11:47.584  9722  9722 V NearbyFragment: Transfer to pM1R: 21%
06-28 20:11:47.587  9722  9722 V NearbyFragment: Transfer to pM1R: 21%
06-28 20:11:47.592  9722  9722 V NearbyFragment: Transfer to pM1R: 21%
06-28 20:11:47.595  9722  9722 V NearbyFragment: Transfer to pM1R: 21%
06-28 20:11:47.597  9722  9722 V NearbyFragment: Transfer to pM1R: 22%
06-28 20:11:47.603  9722  9722 V NearbyFragment: Transfer to pM1R: 22%
06-28 20:11:47.604  9722  9722 V NearbyFragment: Transfer to pM1R: 22%
06-28 20:11:47.613  9722  9722 V NearbyFragment: Transfer to pM1R: 22%
06-28 20:11:47.615  9722  9722 V NearbyFragment: Transfer to pM1R: 22%
06-28 20:11:47.619  9722  9722 V NearbyFragment: Transfer to pM1R: 22%
06-28 20:11:47.621  9722  9722 V NearbyFragment: Transfer to pM1R: 22%
