--------- beginning of main
06-28 20:09:53.319 25574 25574 E Zygote  : isWhitelistProcess - Process is Whitelisted
06-28 20:09:53.320 25574 25574 E Zygote  : accessInfo : 1
06-28 20:09:53.325 25574 25574 I example.edgesu: Late-enabling -Xcheck:jni
06-28 20:09:53.856 25574 25592 D vndksupport: Loading /vendor/lib64/egl/libGLES_mali.so from current namespace instead of sphal namespace.
06-28 20:09:53.876 25574 25592 D libEGL  : loaded /vendor/lib64/egl/libGLES_mali.so
06-28 20:09:53.912 25574 25574 W example.edgesu: Accessing hidden method Landroid/graphics/drawable/Drawable;->getOpticalInsets()Landroid/graphics/Insets; (light greylist, linking)
06-28 20:09:53.912 25574 25574 W example.edgesu: Accessing hidden field Landroid/graphics/Insets;->left:I (light greylist, linking)
06-28 20:09:53.912 25574 25574 W example.edgesu: Accessing hidden field Landroid/graphics/Insets;->right:I (light greylist, linking)
06-28 20:09:53.912 25574 25574 W example.edgesu: Accessing hidden field Landroid/graphics/Insets;->top:I (light greylist, linking)
06-28 20:09:53.912 25574 25574 W example.edgesu: Accessing hidden field Landroid/graphics/Insets;->bottom:I (light greylist, linking)
06-28 20:09:53.930 25574 25574 I DecorView: createDecorCaptionView >> DecorView@b2983b4[], isFloating: false, isApplication: true, hasWindowDecorCaption: false, hasWindowControllerCallback: true
06-28 20:09:53.957 25574 25574 W example.edgesu: Accessing hidden method Landroid/view/View;->computeFitSystemWindows(Landroid/graphics/Rect;Landroid/graphics/Rect;)Z (light greylist, reflection)
06-28 20:09:53.958 25574 25574 W example.edgesu: Accessing hidden method Landroid/view/ViewGroup;->makeOptionalFitsSystemWindows()V (light greylist, reflection)
06-28 20:09:54.061 25574 25574 W example.edgesu: Accessing hidden method Landroid/widget/TextView;->getTextDirectionHeuristic()Landroid/text/TextDirectionHeuristic; (light greylist, linking)
06-28 20:09:54.070 25574 25574 W example.edgesu: Accessing hidden field Landroid/view/View;->mAccessibilityDelegate:Landroid/view/View$AccessibilityDelegate; (light greylist, reflection)
06-28 20:09:54.130 25574 25574 V Repo    : /storage/emulated/0/Movies/raw
06-28 20:09:54.130 25574 25574 V Repo    : /storage/emulated/0/Movies/summarised
06-28 20:09:54.151 25574 25574 V FileManager: External storage is readable
06-28 20:09:54.151 25574 25574 V FileManager: Directory already exists: /storage/emulated/0/Movies/raw
06-28 20:09:54.153 25574 25574 V FileManager: External storage is readable
06-28 20:09:54.153 25574 25574 V FileManager: Directory already exists: /storage/emulated/0/Movies/summarised
06-28 20:09:54.154 25574 25574 V FileManager: External storage is readable
06-28 20:09:54.154 25574 25574 V FileManager: Directory already exists: /storage/emulated/0/Download/nearby
06-28 20:09:54.155 25574 25574 V FileManager: External storage is readable
06-28 20:09:54.156 25574 25574 V FileManager: Directory already exists: /storage/emulated/0/Movies/segment
06-28 20:09:54.157 25574 25574 V FileManager: External storage is readable
06-28 20:09:54.157 25574 25574 V FileManager: Directory already exists: /storage/emulated/0/Movies/segment-sum
06-28 20:09:54.288 25574 25574 V VideoManager: getAllVideoFromExternalStorageFolder
06-28 20:09:54.289 25574 25574 D VideoManager: /storage/emulated/0/Movies/summarised
06-28 20:09:54.303 25574 25574 D VideoManager: 0 videos return
06-28 20:09:54.333 25574 25574 V VideoManager: getAllVideoFromExternalStorageFolder
06-28 20:09:54.334 25574 25574 D VideoManager: /storage/emulated/0/Movies/raw
06-28 20:09:54.339 25574 25574 D VideoManager: 0 videos return
06-28 20:09:54.368 25574 25574 D OpenGLRenderer: Skia GL Pipeline
06-28 20:09:54.371 25574 25574 D EmergencyMode: [EmergencyManager] android createPackageContext successful
06-28 20:09:54.384 25574 25574 D InputTransport: Input channel constructed: fd=61
06-28 20:09:54.385 25574 25574 D ViewRootImpl@d467c2b[MainActivity]: setView = DecorView@b2983b4[MainActivity] TM=true MM=false
06-28 20:09:54.391 25574 25574 I TransferService: Starting Transfer Service to listen for network connectivity changes.
06-28 20:09:54.392 25574 25574 W LogFactory: Truncating log tag length as it exceed 23, the limit imposed by Android on certain API Levels
06-28 20:09:54.419 25574 25574 I TransferService: Registering the network receiver
06-28 20:09:54.419 25574 25586 D MainActivity: Scanned /storage/emulated/0/Movies/raw
06-28 20:09:54.419 25574 25586 D MainActivity:   -> uri=content://media/external/file/135849
06-28 20:09:54.421 25574 25574 E TransferService: No notification is passed in the intent. Unable to transition to foreground.
06-28 20:09:54.451 25574 25586 D MainActivity: Scanned /storage/emulated/0/Movies/summarised
06-28 20:09:54.451 25574 25586 D MainActivity:   -> uri=content://media/external/file/135850
06-28 20:09:54.456 25574 25574 D ViewRootImpl@d467c2b[MainActivity]: dispatchAttachedToWindow
06-28 20:09:54.469 25574 25574 W StaticLayout: maxLineHeight should not be -1.  maxLines:1 lineCount:1
06-28 20:09:54.479 25574 25574 I chatty  : uid=10568(com.example.edgesum) identical 1 line
06-28 20:09:54.482 25574 25574 W StaticLayout: maxLineHeight should not be -1.  maxLines:1 lineCount:1
06-28 20:09:54.486 25574 25574 W StaticLayout: maxLineHeight should not be -1.  maxLines:1 lineCount:1
06-28 20:09:54.496 25574 25574 D ViewRootImpl@d467c2b[MainActivity]: Relayout returned: old=[0,0][720,1480] new=[0,0][720,1480] result=0x7 surface={valid=true 537301012480} changed=true
06-28 20:09:54.502 25574 25597 I ConfigStore: android::hardware::configstore::V1_0::ISurfaceFlingerConfigs::hasWideColorDisplay retrieved: 0
06-28 20:09:54.502 25574 25597 I ConfigStore: android::hardware::configstore::V1_0::ISurfaceFlingerConfigs::hasHDRDisplay retrieved: 0
06-28 20:09:54.502 25574 25597 I OpenGLRenderer: Initialized EGL, version 1.4
06-28 20:09:54.502 25574 25597 D OpenGLRenderer: Swap behavior 2
06-28 20:09:54.506 25574 25574 W StaticLayout: maxLineHeight should not be -1.  maxLines:1 lineCount:1
06-28 20:09:54.510 25574 25574 W StaticLayout: maxLineHeight should not be -1.  maxLines:1 lineCount:1
06-28 20:09:54.512 25574 25597 D mali_winsys: EGLint new_window_surface(egl_winsys_display *, void *, EGLSurface, EGLConfig, egl_winsys_surface **, EGLBoolean) returns 0x3000
06-28 20:09:54.512 25574 25597 D OpenGLRenderer: eglCreateWindowSurface = 0x7d1a0cf580, 0x7d19a2d010
06-28 20:09:54.519 25574 25574 I TransferNetworkLossHand: Network connectivity changed detected.
06-28 20:09:54.519 25574 25574 I TransferNetworkLossHand: Network connected: false
06-28 20:09:54.593 25574 25597 D vndksupport: Loading /vendor/lib64/hw/android.hardware.graphics.mapper@2.0-impl.so from current namespace instead of sphal namespace.
06-28 20:09:54.612 25574 25574 D ViewRootImpl@d467c2b[MainActivity]: MSG_RESIZED: frame=Rect(0, 0 - 720, 1480) ci=Rect(0, 48 - 0, 96) vi=Rect(0, 48 - 0, 96) or=1
06-28 20:09:54.613 25574 25574 D ViewRootImpl@d467c2b[MainActivity]: setWindowStopped(false) old=false
06-28 20:09:54.619 25574 25574 D ViewRootImpl@d467c2b[MainActivity]: MSG_WINDOW_FOCUS_CHANGED 1 1
06-28 20:09:54.619 25574 25574 D InputMethodManager: prepareNavigationBarInfo() DecorView@b2983b4[MainActivity]
06-28 20:09:54.619 25574 25574 D InputMethodManager: getNavigationBarColor() -855310
06-28 20:09:54.624 25574 25574 D InputMethodManager: prepareNavigationBarInfo() DecorView@b2983b4[MainActivity]
06-28 20:09:54.624 25574 25574 D InputMethodManager: getNavigationBarColor() -855310
06-28 20:09:54.624 25574 25574 V InputMethodManager: Starting input: tba=com.example.edgesum ic=null mNaviBarColor -855310 mIsGetNaviBarColorSuccess true , NavVisible : true , NavTrans : false
06-28 20:09:54.624 25574 25574 D InputMethodManager: startInputInner - Id : 0
06-28 20:09:54.624 25574 25574 I InputMethodManager: startInputInner - mService.startInputOrWindowGainedFocus
06-28 20:09:54.629 25574 25586 D InputTransport: Input channel constructed: fd=74
06-28 20:09:54.659 25574 25574 D InputMethodManager: prepareNavigationBarInfo() DecorView@b2983b4[MainActivity]
06-28 20:09:54.659 25574 25574 D InputMethodManager: getNavigationBarColor() -855310
06-28 20:09:54.659 25574 25574 V InputMethodManager: Starting input: tba=com.example.edgesum ic=null mNaviBarColor -855310 mIsGetNaviBarColorSuccess true , NavVisible : true , NavTrans : false
06-28 20:09:54.659 25574 25574 D InputMethodManager: startInputInner - Id : 0
06-28 20:10:11.345 25574 25574 D ViewRootImpl@d467c2b[MainActivity]: ViewPostIme pointer 0
06-28 20:10:11.410 25574 25574 D ViewRootImpl@d467c2b[MainActivity]: ViewPostIme pointer 1
06-28 20:10:11.433 25574 25574 V MainActivity: Connect button clicked
06-28 20:10:21.768 25574 25574 D ViewRootImpl@d467c2b[MainActivity]: ViewPostIme pointer 0
06-28 20:10:21.866 25574 25574 D ViewRootImpl@d467c2b[MainActivity]: ViewPostIme pointer 1
06-28 20:10:21.873 25574 25574 V ConnectionFragment: Discovery switch checked
06-28 20:10:22.911 25574 25574 D NearbyFragment: Started discovering
06-28 20:10:24.904 25574 25574 D NearbyFragment: Found endpoint Az3S: Nexus 5X [34d8]
06-28 20:10:24.946 25574 25574 W example.edgesu: Accessing hidden method Landroid/graphics/FontFamily;-><init>()V (light greylist, reflection)
06-28 20:10:24.947 25574 25574 W example.edgesu: Accessing hidden method Landroid/graphics/FontFamily;->addFontFromAssetManager(Landroid/content/res/AssetManager;Ljava/lang/String;IZIII[Landroid/graphics/fonts/FontVariationAxis;)Z (light greylist, reflection)
06-28 20:10:24.947 25574 25574 W example.edgesu: Accessing hidden method Landroid/graphics/FontFamily;->addFontFromBuffer(Ljava/nio/ByteBuffer;I[Landroid/graphics/fonts/FontVariationAxis;II)Z (light greylist, reflection)
06-28 20:10:24.947 25574 25574 W example.edgesu: Accessing hidden method Landroid/graphics/FontFamily;->freeze()Z (light greylist, reflection)
06-28 20:10:24.947 25574 25574 W example.edgesu: Accessing hidden method Landroid/graphics/FontFamily;->abortCreation()V (light greylist, reflection)
06-28 20:10:24.948 25574 25574 W example.edgesu: Accessing hidden method Landroid/graphics/Typeface;->createFromFamiliesWithDefault([Landroid/graphics/FontFamily;Ljava/lang/String;II)Landroid/graphics/Typeface; (light greylist, reflection)
06-28 20:10:29.887 25574 25574 D ViewRootImpl@d467c2b[MainActivity]: ViewPostIme pointer 0
06-28 20:10:30.004 25574 25574 D ViewRootImpl@d467c2b[MainActivity]: ViewPostIme pointer 1
06-28 20:10:30.036 25574 25574 D NearbyFragment: Selected 'Endpoint{id=Az3S, name=Nexus 5X [34d8]}'
06-28 20:10:30.062 25574 25574 D InputTransport: Input channel constructed: fd=76
06-28 20:10:30.064 25574 25574 D ViewRootImpl@9224798[Toast]: setView = android.widget.LinearLayout{cf8fbf1 V.E...... ......I. 0,0-0,0} TM=true MM=false
06-28 20:10:30.064 25574 25574 V Toast   : Text: Donn in android.widget.Toast$TN@2ce3d6
06-28 20:10:30.069 25574 25574 D ViewRootImpl@9224798[Toast]: dispatchAttachedToWindow
06-28 20:10:30.091 25574 25574 D ViewRootImpl@9224798[Toast]: Relayout returned: old=[0,48][720,1384] new=[118,1168][602,1256] result=0x7 surface={valid=true 537002422272} changed=true
06-28 20:10:30.094 25574 25597 D mali_winsys: EGLint new_window_surface(egl_winsys_display *, void *, EGLSurface, EGLConfig, egl_winsys_surface **, EGLBoolean) returns 0x3000
06-28 20:10:30.094 25574 25597 D OpenGLRenderer: eglCreateWindowSurface = 0x7d07ebb200, 0x7d07d6b010
06-28 20:10:30.101 25574 25574 D ViewRootImpl@9224798[Toast]: MSG_RESIZED: frame=Rect(118, 1168 - 602, 1256) ci=Rect(0, 0 - 0, 0) vi=Rect(0, 0 - 0, 0) or=1
06-28 20:10:33.551 25574 25597 W libEGL  : EGLNativeWindowType 0x7d07d6b010 disconnect failed
06-28 20:10:33.551 25574 25597 D OpenGLRenderer: eglDestroySurface = 0x7d07ebb200, 0x7d07d6b000
06-28 20:10:33.552 25574 25574 D ViewRootImpl@9224798[Toast]: dispatchDetachedFromWindow
06-28 20:10:33.554 25574 25574 D ViewRootImpl@9224798[Toast]: Surface release. android.view.ViewRootImpl.doDie:7979 android.view.ViewRootImpl.die:7947 android.view.WindowManagerGlobal.removeViewLocked:497 android.view.WindowManagerGlobal.removeView:435 android.view.WindowManagerImpl.removeViewImmediate:124 android.widget.Toast$TN.handleHide:1110 android.widget.Toast$TN$1.handleMessage:898 android.os.Handler.dispatchMessage:106 
06-28 20:10:33.582 25574 25574 D InputTransport: Input channel destroyed: fd=76
06-28 20:10:35.304 25574 25574 D NearbyFragment: Initiated connection with Endpoint{id=Az3S, name=Nexus 5X [34d8]}: Nexus 5X [34d8]
06-28 20:10:35.317 25574 25574 D Dialog  : mIsSamsungBasicInteraction = false
06-28 20:10:35.318 25574 25574 D Dialog  : mIsSamsungBasicInteraction = false, isMetaDataInActivity = false
06-28 20:10:35.351 25574 25574 I DecorView: createDecorCaptionView >> DecorView@71c97ae[], isFloating: true, isApplication: true, hasWindowDecorCaption: false, hasWindowControllerCallback: false
06-28 20:10:35.396 25574 25574 D ScrollView: initGoToTop
06-28 20:10:35.438 25574 25574 D InputTransport: Input channel constructed: fd=76
06-28 20:10:35.439 25574 25574 D ViewRootImpl@4f88c6a[MainActivity]: setView = DecorView@71c97ae[MainActivity] TM=true MM=false
06-28 20:10:35.440 25574 25574 D NearbyFragment: Requested connection with Endpoint{id=Az3S, name=Nexus 5X [34d8]}
06-28 20:10:35.447 25574 25574 D ViewRootImpl@4f88c6a[MainActivity]: dispatchAttachedToWindow
06-28 20:10:35.489 25574 25574 D ViewRootImpl@4f88c6a[MainActivity]: Relayout returned: old=[0,48][720,1384] new=[18,508][702,923] result=0x7 surface={valid=true 537002422272} changed=true
06-28 20:10:35.492 25574 25597 D mali_winsys: EGLint new_window_surface(egl_winsys_display *, void *, EGLSurface, EGLConfig, egl_winsys_surface **, EGLBoolean) returns 0x3000
06-28 20:10:35.492 25574 25597 D OpenGLRenderer: eglCreateWindowSurface = 0x7d07ebb200, 0x7d07d6b010
06-28 20:10:35.502 25574 25574 D ScrollView:  onsize change changed 
06-28 20:10:35.504 25574 25574 D ViewRootImpl@4f88c6a[MainActivity]: MSG_WINDOW_FOCUS_CHANGED 1 1
06-28 20:10:35.534 25574 25574 D ViewRootImpl@4f88c6a[MainActivity]: MSG_RESIZED: frame=Rect(18, 508 - 702, 923) ci=Rect(0, 0 - 0, 0) vi=Rect(0, 0 - 0, 0) or=1
06-28 20:10:35.547 25574 25574 D ViewRootImpl@d467c2b[MainActivity]: MSG_WINDOW_FOCUS_CHANGED 0 1
06-28 20:10:35.547 25574 25574 D InputMethodManager: prepareNavigationBarInfo() DecorView@b2983b4[MainActivity]
06-28 20:10:35.547 25574 25574 D InputMethodManager: getNavigationBarColor() -855310
06-28 20:10:37.386 25574 25574 D ViewRootImpl@4f88c6a[MainActivity]: ViewPostIme pointer 0
06-28 20:10:37.470 25574 25574 D ViewRootImpl@4f88c6a[MainActivity]: ViewPostIme pointer 1
06-28 20:10:37.502 25574 25597 W libEGL  : EGLNativeWindowType 0x7d07d6b010 disconnect failed
06-28 20:10:37.502 25574 25597 D OpenGLRenderer: eglDestroySurface = 0x7d07ebb200, 0x7d07d6b000
06-28 20:10:37.502 25574 25597 D OpenGLRenderer: endAllActiveAnimators on 0x7d07f49000 (RippleDrawable) with handle 0x7d037f5500
06-28 20:10:37.503 25574 25574 D ViewRootImpl@4f88c6a[MainActivity]: dispatchDetachedFromWindow
06-28 20:10:37.504 25574 25574 D ViewRootImpl@4f88c6a[MainActivity]: Surface release. android.view.ViewRootImpl.doDie:7979 android.view.ViewRootImpl.die:7947 android.view.WindowManagerGlobal.removeViewLocked:497 android.view.WindowManagerGlobal.removeView:435 android.view.WindowManagerImpl.removeViewImmediate:124 android.app.Dialog.dismissDialog:518 android.app.Dialog.dismiss:501 androidx.appcompat.app.AlertController$ButtonHandler.handleMessage:171 
06-28 20:10:37.523 25574 25574 D InputTransport: Input channel destroyed: fd=76
06-28 20:10:37.526 25574 25574 I NearbyFragment: Connected to Endpoint{id=Az3S, name=Nexus 5X [34d8]}
06-28 20:10:37.578 25574 25574 D ViewRootImpl@d467c2b[MainActivity]: MSG_WINDOW_FOCUS_CHANGED 1 1
06-28 20:10:37.579 25574 25574 D InputMethodManager: prepareNavigationBarInfo() DecorView@b2983b4[MainActivity]
06-28 20:10:37.580 25574 25574 D InputMethodManager: getNavigationBarColor() -855310
06-28 20:10:37.589 25574 25574 E ViewRootImpl: sendUserActionEvent() returned.
06-28 20:10:38.851 25574 25574 D ViewRootImpl@d467c2b[MainActivity]: ViewPostIme pointer 0
06-28 20:10:38.968 25574 25574 D ViewRootImpl@d467c2b[MainActivity]: ViewPostIme pointer 1
06-28 20:10:38.977 25574 25574 V ConnectionFragment: Discovery switch unchecked
06-28 20:10:38.977 25574 25574 D NearbyFragment: Stopped discovering
06-28 20:10:43.083 25574 25574 I TransferNetworkLossHand: Network connectivity changed detected.
06-28 20:10:43.086 25574 25574 I TransferNetworkLossHand: Network connected: true
06-28 20:10:43.090 25574 26469 D TransferNetworkLossHand: Loading transfers from database...
06-28 20:10:43.102 25574 26469 D TransferNetworkLossHand: Closing the cursor for resumeAllTransfers
06-28 20:10:43.103 25574 26469 D TransferNetworkLossHand: 0 transfers are loaded from database.
06-28 20:11:45.967 25574 25574 D NearbyFragment: onPayloadReceived(endpointId=Az3S, payload=com.google.android.gms.nearby.connection.Payload@b8481b1)
06-28 20:11:45.974 25574 25574 V NearbyFragment: Started downloading SUMMARISE:-6383824352110198308:20200312_150643.mp4:45.0_1.0_23_medium from Endpoint{id=Az3S, name=Nexus 5X [34d8]}
06-28 20:11:45.980 25574 25574 V NearbyFragment: Transfer to Az3S: 100%
06-28 20:11:45.982 25574 25574 V NearbyFragment: Transfer to Az3S: 100%
06-28 20:11:45.985 25574 25574 D NearbyFragment: onPayloadReceived(endpointId=Az3S, payload=com.google.android.gms.nearby.connection.Payload@e5ed604)
06-28 20:11:45.987 25574 25574 V NearbyFragment: Transfer to Az3S: 0%
06-28 20:11:45.990 25574 25574 V NearbyFragment: Transfer to Az3S: 0%
06-28 20:11:45.996 25574 25574 V NearbyFragment: Transfer to Az3S: 0%
06-28 20:11:46.000 25574 25574 V NearbyFragment: Transfer to Az3S: 0%
06-28 20:11:46.005 25574 25574 V NearbyFragment: Transfer to Az3S: 0%
06-28 20:11:46.010 25574 25574 V NearbyFragment: Transfer to Az3S: 0%
06-28 20:11:46.015 25574 25574 V NearbyFragment: Transfer to Az3S: 0%
06-28 20:11:46.020 25574 25574 V NearbyFragment: Transfer to Az3S: 0%
06-28 20:11:46.024 25574 25574 V NearbyFragment: Transfer to Az3S: 0%
06-28 20:11:46.038 25574 25574 V NearbyFragment: Transfer to Az3S: 0%
06-28 20:11:46.045 25574 25574 V NearbyFragment: Transfer to Az3S: 1%
06-28 20:11:46.057 25574 25574 V NearbyFragment: Transfer to Az3S: 1%
06-28 20:11:46.063 25574 25574 V NearbyFragment: Transfer to Az3S: 1%
06-28 20:11:46.073 25574 25574 V NearbyFragment: Transfer to Az3S: 1%
06-28 20:11:46.082 25574 25574 V NearbyFragment: Transfer to Az3S: 1%
06-28 20:11:46.089 25574 25574 V NearbyFragment: Transfer to Az3S: 1%
06-28 20:11:46.093 25574 25574 V NearbyFragment: Transfer to Az3S: 1%
06-28 20:11:46.098 25574 25574 V NearbyFragment: Transfer to Az3S: 1%
06-28 20:11:46.102 25574 25574 V NearbyFragment: Transfer to Az3S: 1%
06-28 20:11:46.106 25574 25574 V NearbyFragment: Transfer to Az3S: 1%
06-28 20:11:46.110 25574 25574 V NearbyFragment: Transfer to Az3S: 1%
06-28 20:11:46.114 25574 25574 V NearbyFragment: Transfer to Az3S: 2%
06-28 20:11:46.119 25574 25574 V NearbyFragment: Transfer to Az3S: 2%
06-28 20:11:46.125 25574 25574 V NearbyFragment: Transfer to Az3S: 2%
06-28 20:11:46.131 25574 25574 V NearbyFragment: Transfer to Az3S: 2%
06-28 20:11:46.134 25574 25574 V NearbyFragment: Transfer to Az3S: 2%
06-28 20:11:46.141 25574 25574 V NearbyFragment: Transfer to Az3S: 2%
06-28 20:11:46.145 25574 25574 V NearbyFragment: Transfer to Az3S: 2%
06-28 20:11:46.151 25574 25574 V NearbyFragment: Transfer to Az3S: 2%
06-28 20:11:46.157 25574 25574 V NearbyFragment: Transfer to Az3S: 2%
06-28 20:11:46.374 25574 25574 V NearbyFragment: Transfer to Az3S: 2%
06-28 20:11:46.385 25574 25574 V NearbyFragment: Transfer to Az3S: 2%
06-28 20:11:46.391 25574 25574 V NearbyFragment: Transfer to Az3S: 3%
06-28 20:11:46.397 25574 25574 V NearbyFragment: Transfer to Az3S: 3%
06-28 20:11:46.402 25574 25574 V NearbyFragment: Transfer to Az3S: 3%
06-28 20:11:46.408 25574 25574 V NearbyFragment: Transfer to Az3S: 3%
06-28 20:11:46.413 25574 25574 V NearbyFragment: Transfer to Az3S: 3%
06-28 20:11:46.419 25574 25574 V NearbyFragment: Transfer to Az3S: 3%
06-28 20:11:46.424 25574 25574 V NearbyFragment: Transfer to Az3S: 3%
06-28 20:11:46.430 25574 25574 V NearbyFragment: Transfer to Az3S: 3%
06-28 20:11:46.434 25574 25574 V NearbyFragment: Transfer to Az3S: 3%
06-28 20:11:46.438 25574 25574 V NearbyFragment: Transfer to Az3S: 3%
06-28 20:11:46.444 25574 25574 V NearbyFragment: Transfer to Az3S: 4%
06-28 20:11:46.450 25574 25574 V NearbyFragment: Transfer to Az3S: 4%
06-28 20:11:46.454 25574 25574 V NearbyFragment: Transfer to Az3S: 4%
06-28 20:11:46.457 25574 25574 V NearbyFragment: Transfer to Az3S: 4%
06-28 20:11:46.462 25574 25574 V NearbyFragment: Transfer to Az3S: 4%
06-28 20:11:46.466 25574 25574 V NearbyFragment: Transfer to Az3S: 4%
06-28 20:11:46.470 25574 25574 V NearbyFragment: Transfer to Az3S: 4%
06-28 20:11:46.473 25574 25574 V NearbyFragment: Transfer to Az3S: 4%
06-28 20:11:46.478 25574 25574 V NearbyFragment: Transfer to Az3S: 4%
06-28 20:11:46.482 25574 25574 V NearbyFragment: Transfer to Az3S: 4%
06-28 20:11:46.486 25574 25574 V NearbyFragment: Transfer to Az3S: 4%
06-28 20:11:46.490 25574 25574 V NearbyFragment: Transfer to Az3S: 5%
06-28 20:11:46.495 25574 25574 V NearbyFragment: Transfer to Az3S: 5%
06-28 20:11:46.499 25574 25574 V NearbyFragment: Transfer to Az3S: 5%
06-28 20:11:46.512 25574 25574 V NearbyFragment: Transfer to Az3S: 5%
06-28 20:11:46.519 25574 25574 V NearbyFragment: Transfer to Az3S: 5%
06-28 20:11:46.529 25574 25574 V NearbyFragment: Transfer to Az3S: 5%
06-28 20:11:46.537 25574 25574 V NearbyFragment: Transfer to Az3S: 5%
06-28 20:11:46.544 25574 25574 V NearbyFragment: Transfer to Az3S: 5%
06-28 20:11:46.549 25574 25574 V NearbyFragment: Transfer to Az3S: 5%
06-28 20:11:46.556 25574 25574 V NearbyFragment: Transfer to Az3S: 5%
06-28 20:11:46.562 25574 25574 V NearbyFragment: Transfer to Az3S: 5%
06-28 20:11:46.567 25574 25574 V NearbyFragment: Transfer to Az3S: 6%
06-28 20:11:46.573 25574 25574 V NearbyFragment: Transfer to Az3S: 6%
06-28 20:11:46.581 25574 25574 V NearbyFragment: Transfer to Az3S: 6%
06-28 20:11:46.587 25574 25574 V NearbyFragment: Transfer to Az3S: 6%
06-28 20:11:46.593 25574 25574 V NearbyFragment: Transfer to Az3S: 6%
06-28 20:11:46.597 25574 25574 V NearbyFragment: Transfer to Az3S: 6%
06-28 20:11:46.603 25574 25574 V NearbyFragment: Transfer to Az3S: 6%
06-28 20:11:46.610 25574 25574 V NearbyFragment: Transfer to Az3S: 6%
06-28 20:11:46.615 25574 25574 V NearbyFragment: Transfer to Az3S: 6%
06-28 20:11:46.621 25574 25574 V NearbyFragment: Transfer to Az3S: 6%
06-28 20:11:46.629 25574 25574 V NearbyFragment: Transfer to Az3S: 7%
06-28 20:11:46.645 25574 25574 V NearbyFragment: Transfer to Az3S: 7%
06-28 20:11:46.650 25574 25574 V NearbyFragment: Transfer to Az3S: 7%
06-28 20:11:46.655 25574 25574 V NearbyFragment: Transfer to Az3S: 7%
06-28 20:11:46.660 25574 25574 V NearbyFragment: Transfer to Az3S: 7%
06-28 20:11:46.663 25574 25574 V NearbyFragment: Transfer to Az3S: 7%
06-28 20:11:46.669 25574 25574 V NearbyFragment: Transfer to Az3S: 7%
06-28 20:11:46.676 25574 25574 V NearbyFragment: Transfer to Az3S: 7%
06-28 20:11:46.679 25574 25574 V NearbyFragment: Transfer to Az3S: 7%
06-28 20:11:46.683 25574 25574 V NearbyFragment: Transfer to Az3S: 7%
06-28 20:11:46.689 25574 25574 V NearbyFragment: Transfer to Az3S: 7%
06-28 20:11:46.693 25574 25574 V NearbyFragment: Transfer to Az3S: 8%
06-28 20:11:46.697 25574 25574 V NearbyFragment: Transfer to Az3S: 8%
06-28 20:11:46.702 25574 25574 V NearbyFragment: Transfer to Az3S: 8%
06-28 20:11:46.706 25574 25574 V NearbyFragment: Transfer to Az3S: 8%
06-28 20:11:46.710 25574 25574 V NearbyFragment: Transfer to Az3S: 8%
06-28 20:11:46.714 25574 25574 V NearbyFragment: Transfer to Az3S: 8%
06-28 20:11:46.718 25574 25574 V NearbyFragment: Transfer to Az3S: 8%
06-28 20:11:46.722 25574 25574 V NearbyFragment: Transfer to Az3S: 8%
06-28 20:11:46.727 25574 25574 V NearbyFragment: Transfer to Az3S: 8%
06-28 20:11:46.729 25574 25574 V NearbyFragment: Transfer to Az3S: 8%
06-28 20:11:46.734 25574 25574 V NearbyFragment: Transfer to Az3S: 8%
06-28 20:11:46.737 25574 25574 V NearbyFragment: Transfer to Az3S: 9%
06-28 20:11:46.741 25574 25574 V NearbyFragment: Transfer to Az3S: 9%
06-28 20:11:46.745 25574 25574 V NearbyFragment: Transfer to Az3S: 9%
06-28 20:11:46.748 25574 25574 V NearbyFragment: Transfer to Az3S: 9%
06-28 20:11:46.752 25574 25574 V NearbyFragment: Transfer to Az3S: 9%
06-28 20:11:46.754 25574 25574 V NearbyFragment: Transfer to Az3S: 9%
06-28 20:11:46.757 25574 25574 V NearbyFragment: Transfer to Az3S: 9%
06-28 20:11:46.760 25574 25574 V NearbyFragment: Transfer to Az3S: 9%
06-28 20:11:46.763 25574 25574 V NearbyFragment: Transfer to Az3S: 9%
06-28 20:11:46.768 25574 25574 V NearbyFragment: Transfer to Az3S: 9%
06-28 20:11:46.771 25574 25574 V NearbyFragment: Transfer to Az3S: 10%
06-28 20:11:46.774 25574 25574 V NearbyFragment: Transfer to Az3S: 10%
06-28 20:11:46.778 25574 25574 V NearbyFragment: Transfer to Az3S: 10%
06-28 20:11:46.782 25574 25574 V NearbyFragment: Transfer to Az3S: 10%
06-28 20:11:46.785 25574 25574 V NearbyFragment: Transfer to Az3S: 10%
06-28 20:11:46.789 25574 25574 V NearbyFragment: Transfer to Az3S: 10%
06-28 20:11:46.793 25574 25574 V NearbyFragment: Transfer to Az3S: 10%
06-28 20:11:46.794 25574 25574 V NearbyFragment: Transfer to Az3S: 10%
06-28 20:11:46.798 25574 25574 V NearbyFragment: Transfer to Az3S: 10%
06-28 20:11:46.806 25574 25574 V NearbyFragment: Transfer to Az3S: 10%
06-28 20:11:46.809 25574 25574 V NearbyFragment: Transfer to Az3S: 10%
06-28 20:11:46.812 25574 25574 V NearbyFragment: Transfer to Az3S: 11%
06-28 20:11:46.817 25574 25574 V NearbyFragment: Transfer to Az3S: 11%
06-28 20:11:46.820 25574 25574 V NearbyFragment: Transfer to Az3S: 11%
06-28 20:11:46.829 25574 25574 V NearbyFragment: Transfer to Az3S: 11%
06-28 20:11:46.836 25574 25574 V NearbyFragment: Transfer to Az3S: 11%
06-28 20:11:46.845 25574 25574 V NearbyFragment: Transfer to Az3S: 11%
06-28 20:11:46.849 25574 25574 V NearbyFragment: Transfer to Az3S: 11%
06-28 20:11:46.863 25574 25574 V NearbyFragment: Transfer to Az3S: 11%
06-28 20:11:46.872 25574 25574 V NearbyFragment: Transfer to Az3S: 11%
06-28 20:11:46.875 25574 25574 V NearbyFragment: Transfer to Az3S: 11%
06-28 20:11:46.879 25574 25574 V NearbyFragment: Transfer to Az3S: 11%
06-28 20:11:46.883 25574 25574 V NearbyFragment: Transfer to Az3S: 12%
06-28 20:11:46.886 25574 25574 V NearbyFragment: Transfer to Az3S: 12%
06-28 20:11:46.889 25574 25574 V NearbyFragment: Transfer to Az3S: 12%
06-28 20:11:46.892 25574 25574 V NearbyFragment: Transfer to Az3S: 12%
06-28 20:11:46.895 25574 25574 V NearbyFragment: Transfer to Az3S: 12%
06-28 20:11:46.898 25574 25574 V NearbyFragment: Transfer to Az3S: 12%
06-28 20:11:46.901 25574 25574 V NearbyFragment: Transfer to Az3S: 12%
06-28 20:11:46.906 25574 25574 V NearbyFragment: Transfer to Az3S: 12%
06-28 20:11:46.910 25574 25574 V NearbyFragment: Transfer to Az3S: 12%
06-28 20:11:46.915 25574 25574 V NearbyFragment: Transfer to Az3S: 12%
06-28 20:11:46.920 25574 25574 V NearbyFragment: Transfer to Az3S: 13%
06-28 20:11:46.924 25574 25574 V NearbyFragment: Transfer to Az3S: 13%
06-28 20:11:46.927 25574 25574 V NearbyFragment: Transfer to Az3S: 13%
06-28 20:11:46.931 25574 25574 V NearbyFragment: Transfer to Az3S: 13%
06-28 20:11:46.938 25574 25574 V NearbyFragment: Transfer to Az3S: 13%
06-28 20:11:46.943 25574 25574 V NearbyFragment: Transfer to Az3S: 13%
06-28 20:11:46.947 25574 25574 V NearbyFragment: Transfer to Az3S: 13%
06-28 20:11:46.952 25574 25574 V NearbyFragment: Transfer to Az3S: 13%
06-28 20:11:46.959 25574 25574 V NearbyFragment: Transfer to Az3S: 13%
06-28 20:11:46.964 25574 25574 V NearbyFragment: Transfer to Az3S: 13%
06-28 20:11:46.973 25574 25574 V NearbyFragment: Transfer to Az3S: 13%
06-28 20:11:46.977 25574 25574 V NearbyFragment: Transfer to Az3S: 14%
06-28 20:11:46.979 25574 25574 V NearbyFragment: Transfer to Az3S: 14%
06-28 20:11:47.184 25574 25574 V NearbyFragment: Transfer to Az3S: 14%
06-28 20:11:47.191 25574 25574 V NearbyFragment: Transfer to Az3S: 14%
06-28 20:11:47.198 25574 25574 V NearbyFragment: Transfer to Az3S: 14%
06-28 20:11:47.205 25574 25574 V NearbyFragment: Transfer to Az3S: 14%
06-28 20:11:47.214 25574 25574 V NearbyFragment: Transfer to Az3S: 14%
06-28 20:11:47.224 25574 25574 V NearbyFragment: Transfer to Az3S: 14%
06-28 20:11:47.229 25574 25574 V NearbyFragment: Transfer to Az3S: 14%
06-28 20:11:47.234 25574 25574 V NearbyFragment: Transfer to Az3S: 14%
06-28 20:11:47.239 25574 25574 V NearbyFragment: Transfer to Az3S: 14%
06-28 20:11:47.245 25574 25574 V NearbyFragment: Transfer to Az3S: 15%
06-28 20:11:47.250 25574 25574 V NearbyFragment: Transfer to Az3S: 15%
06-28 20:11:47.255 25574 25574 V NearbyFragment: Transfer to Az3S: 15%
06-28 20:11:47.260 25574 25574 V NearbyFragment: Transfer to Az3S: 15%
06-28 20:11:47.264 25574 25574 V NearbyFragment: Transfer to Az3S: 15%
06-28 20:11:47.269 25574 25574 V NearbyFragment: Transfer to Az3S: 15%
06-28 20:11:47.273 25574 25574 V NearbyFragment: Transfer to Az3S: 15%
06-28 20:11:47.276 25574 25574 V NearbyFragment: Transfer to Az3S: 15%
06-28 20:11:47.280 25574 25574 V NearbyFragment: Transfer to Az3S: 15%
06-28 20:11:47.283 25574 25574 V NearbyFragment: Transfer to Az3S: 15%
06-28 20:11:47.287 25574 25574 V NearbyFragment: Transfer to Az3S: 16%
06-28 20:11:47.293 25574 25574 V NearbyFragment: Transfer to Az3S: 16%
06-28 20:11:47.294 25574 25574 V NearbyFragment: Transfer to Az3S: 16%
06-28 20:11:47.298 25574 25574 V NearbyFragment: Transfer to Az3S: 16%
06-28 20:11:47.301 25574 25574 V NearbyFragment: Transfer to Az3S: 16%
06-28 20:11:47.337 25574 25574 V NearbyFragment: Transfer to Az3S: 16%
06-28 20:11:47.340 25574 25574 V NearbyFragment: Transfer to Az3S: 16%
06-28 20:11:47.348 25574 25574 V NearbyFragment: Transfer to Az3S: 16%
06-28 20:11:47.351 25574 25574 V NearbyFragment: Transfer to Az3S: 16%
06-28 20:11:47.367 25574 25574 V NearbyFragment: Transfer to Az3S: 16%
06-28 20:11:47.372 25574 25574 V NearbyFragment: Transfer to Az3S: 16%
06-28 20:11:47.377 25574 25574 V NearbyFragment: Transfer to Az3S: 17%
06-28 20:11:47.389 25574 25574 V NearbyFragment: Transfer to Az3S: 17%
06-28 20:11:47.403 25574 25574 V NearbyFragment: Transfer to Az3S: 17%
06-28 20:11:47.408 25574 25574 V NearbyFragment: Transfer to Az3S: 17%
06-28 20:11:47.443 25574 25574 V NearbyFragment: Transfer to Az3S: 17%
06-28 20:11:47.483 25574 25574 V NearbyFragment: Transfer to Az3S: 17%
06-28 20:11:47.500 25574 25574 V NearbyFragment: Transfer to Az3S: 17%
06-28 20:11:47.507 25574 25574 V NearbyFragment: Transfer to Az3S: 17%
06-28 20:11:47.515 25574 25574 V NearbyFragment: Transfer to Az3S: 17%
06-28 20:11:47.521 25574 25574 V NearbyFragment: Transfer to Az3S: 17%
06-28 20:11:47.530 25574 25574 V NearbyFragment: Transfer to Az3S: 17%
06-28 20:11:47.543 25574 25574 V NearbyFragment: Transfer to Az3S: 18%
06-28 20:11:47.550 25574 25574 V NearbyFragment: Transfer to Az3S: 18%
06-28 20:11:47.556 25574 25574 V NearbyFragment: Transfer to Az3S: 18%
06-28 20:11:47.567 25574 25574 V NearbyFragment: Transfer to Az3S: 18%
06-28 20:11:47.573 25574 25574 V NearbyFragment: Transfer to Az3S: 18%
06-28 20:11:47.579 25574 25574 V NearbyFragment: Transfer to Az3S: 18%
06-28 20:11:47.585 25574 25574 V NearbyFragment: Transfer to Az3S: 18%
06-28 20:11:47.589 25574 25574 V NearbyFragment: Transfer to Az3S: 18%
06-28 20:11:47.596 25574 25574 V NearbyFragment: Transfer to Az3S: 18%
06-28 20:11:47.602 25574 25574 V NearbyFragment: Transfer to Az3S: 18%
06-28 20:11:47.607 25574 25574 V NearbyFragment: Transfer to Az3S: 19%
06-28 20:11:47.612 25574 25574 V NearbyFragment: Transfer to Az3S: 19%
06-28 20:11:47.620 25574 25574 V NearbyFragment: Transfer to Az3S: 19%
06-28 20:11:47.623 25574 25574 V NearbyFragment: Transfer to Az3S: 19%
06-28 20:11:47.630 25574 25574 V NearbyFragment: Transfer to Az3S: 19%
06-28 20:11:47.637 25574 25574 V NearbyFragment: Transfer to Az3S: 19%
06-28 20:11:47.643 25574 25574 V NearbyFragment: Transfer to Az3S: 19%
06-28 20:11:47.647 25574 25574 V NearbyFragment: Transfer to Az3S: 19%
06-28 20:11:47.650 25574 25574 V NearbyFragment: Transfer to Az3S: 19%
06-28 20:11:47.659 25574 25574 V NearbyFragment: Transfer to Az3S: 19%
06-28 20:11:47.666 25574 25574 V NearbyFragment: Transfer to Az3S: 19%
06-28 20:11:47.670 25574 25574 V NearbyFragment: Transfer to Az3S: 20%
06-28 20:11:47.675 25574 25574 V NearbyFragment: Transfer to Az3S: 20%
06-28 20:11:47.681 25574 25574 V NearbyFragment: Transfer to Az3S: 20%
06-28 20:11:47.686 25574 25574 V NearbyFragment: Transfer to Az3S: 20%
06-28 20:11:47.690 25574 25574 V NearbyFragment: Transfer to Az3S: 20%
06-28 20:11:47.695 25574 25574 V NearbyFragment: Transfer to Az3S: 20%
06-28 20:11:47.698 25574 25574 V NearbyFragment: Transfer to Az3S: 20%
06-28 20:11:47.706 25574 25574 V NearbyFragment: Transfer to Az3S: 20%
06-28 20:11:47.722 25574 25574 V NearbyFragment: Transfer to Az3S: 20%
06-28 20:11:47.724 25574 25574 V NearbyFragment: Transfer to Az3S: 20%
06-28 20:11:47.728 25574 25574 V NearbyFragment: Transfer to Az3S: 20%
06-28 20:11:47.731 25574 25574 V NearbyFragment: Transfer to Az3S: 21%
06-28 20:11:47.734 25574 25574 V NearbyFragment: Transfer to Az3S: 21%
06-28 20:11:47.739 25574 25574 V NearbyFragment: Transfer to Az3S: 21%
06-28 20:11:47.742 25574 25574 V NearbyFragment: Transfer to Az3S: 21%
06-28 20:11:47.743 25574 25574 V NearbyFragment: Transfer to Az3S: 21%
06-28 20:11:47.747 25574 25574 V NearbyFragment: Transfer to Az3S: 21%
06-28 20:11:47.750 25574 25574 V NearbyFragment: Transfer to Az3S: 21%
06-28 20:11:47.752 25574 25574 V NearbyFragment: Transfer to Az3S: 21%
06-28 20:11:47.756 25574 25574 V NearbyFragment: Transfer to Az3S: 21%
06-28 20:11:47.759 25574 25574 V NearbyFragment: Transfer to Az3S: 21%
06-28 20:11:47.763 25574 25574 V NearbyFragment: Transfer to Az3S: 22%
06-28 20:11:47.766 25574 25574 V NearbyFragment: Transfer to Az3S: 22%
06-28 20:11:47.769 25574 25574 V NearbyFragment: Transfer to Az3S: 22%
06-28 20:11:47.772 25574 25574 V NearbyFragment: Transfer to Az3S: 22%
06-28 20:11:47.774 25574 25574 V NearbyFragment: Transfer to Az3S: 22%
06-28 20:11:47.776 25574 25574 V NearbyFragment: Transfer to Az3S: 22%
06-28 20:11:47.778 25574 25574 V NearbyFragment: Transfer to Az3S: 22%
06-28 20:11:47.779 25574 25574 V NearbyFragment: Transfer to Az3S: 22%
06-28 20:11:47.782 25574 25574 V NearbyFragment: Transfer to Az3S: 22%
06-28 20:11:47.783 25574 25574 V NearbyFragment: Transfer to Az3S: 22%
06-28 20:11:47.784 25574 25574 V NearbyFragment: Transfer to Az3S: 22%
06-28 20:11:47.785 25574 25574 V NearbyFragment: Transfer to Az3S: 23%
06-28 20:11:47.787 25574 25574 V NearbyFragment: Transfer to Az3S: 23%
06-28 20:11:47.788 25574 25574 V NearbyFragment: Transfer to Az3S: 23%
06-28 20:11:47.790 25574 25574 V NearbyFragment: Transfer to Az3S: 23%
06-28 20:11:47.791 25574 25574 V NearbyFragment: Transfer to Az3S: 23%
06-28 20:11:47.793 25574 25574 V NearbyFragment: Transfer to Az3S: 23%
06-28 20:11:47.795 25574 25574 V NearbyFragment: Transfer to Az3S: 23%
06-28 20:11:47.797 25574 25574 V NearbyFragment: Transfer to Az3S: 23%
06-28 20:11:47.798 25574 25574 V NearbyFragment: Transfer to Az3S: 23%
06-28 20:11:47.953 25574 25574 V NearbyFragment: Transfer to Az3S: 23%
06-28 20:11:47.963 25574 25574 V NearbyFragment: Transfer to Az3S: 23%
06-28 20:11:47.972 25574 25574 V NearbyFragment: Transfer to Az3S: 24%
06-28 20:11:47.979 25574 25574 V NearbyFragment: Transfer to Az3S: 24%
06-28 20:11:47.986 25574 25574 V NearbyFragment: Transfer to Az3S: 24%
06-28 20:11:47.994 25574 25574 V NearbyFragment: Transfer to Az3S: 24%
06-28 20:11:47.999 25574 25574 V NearbyFragment: Transfer to Az3S: 24%
06-28 20:11:48.004 25574 25574 V NearbyFragment: Transfer to Az3S: 24%
06-28 20:11:48.008 25574 25574 V NearbyFragment: Transfer to Az3S: 24%
06-28 20:11:48.011 25574 25574 V NearbyFragment: Transfer to Az3S: 24%
06-28 20:11:48.016 25574 25574 V NearbyFragment: Transfer to Az3S: 24%
06-28 20:11:48.018 25574 25574 V NearbyFragment: Transfer to Az3S: 24%
06-28 20:11:48.022 25574 25574 V NearbyFragment: Transfer to Az3S: 25%
06-28 20:11:48.026 25574 25574 V NearbyFragment: Transfer to Az3S: 25%
06-28 20:11:48.031 25574 25574 V NearbyFragment: Transfer to Az3S: 25%
06-28 20:11:48.034 25574 25574 V NearbyFragment: Transfer to Az3S: 25%
06-28 20:11:48.037 25574 25574 V NearbyFragment: Transfer to Az3S: 25%
06-28 20:11:48.041 25574 25574 V NearbyFragment: Transfer to Az3S: 25%
06-28 20:11:48.046 25574 25574 V NearbyFragment: Transfer to Az3S: 25%
06-28 20:11:48.050 25574 25574 V NearbyFragment: Transfer to Az3S: 25%
06-28 20:11:48.053 25574 25574 V NearbyFragment: Transfer to Az3S: 25%
06-28 20:11:48.057 25574 25574 V NearbyFragment: Transfer to Az3S: 25%
06-28 20:11:48.062 25574 25574 V NearbyFragment: Transfer to Az3S: 25%
06-28 20:11:48.067 25574 25574 V NearbyFragment: Transfer to Az3S: 26%
06-28 20:11:48.069 25574 25574 V NearbyFragment: Transfer to Az3S: 26%
06-28 20:11:48.072 25574 25574 V NearbyFragment: Transfer to Az3S: 26%
06-28 20:11:48.075 25574 25574 V NearbyFragment: Transfer to Az3S: 26%
06-28 20:11:48.079 25574 25574 V NearbyFragment: Transfer to Az3S: 26%
06-28 20:11:48.082 25574 25574 V NearbyFragment: Transfer to Az3S: 26%
06-28 20:11:48.086 25574 25574 V NearbyFragment: Transfer to Az3S: 26%
06-28 20:11:48.089 25574 25574 V NearbyFragment: Transfer to Az3S: 26%
06-28 20:11:48.092 25574 25574 V NearbyFragment: Transfer to Az3S: 26%
06-28 20:11:48.096 25574 25574 V NearbyFragment: Transfer to Az3S: 26%
06-28 20:11:48.099 25574 25574 V NearbyFragment: Transfer to Az3S: 26%
06-28 20:11:48.102 25574 25574 V NearbyFragment: Transfer to Az3S: 27%
06-28 20:11:48.108 25574 25574 V NearbyFragment: Transfer to Az3S: 27%
06-28 20:11:48.112 25574 25574 V NearbyFragment: Transfer to Az3S: 27%
06-28 20:11:48.118 25574 25574 V NearbyFragment: Transfer to Az3S: 27%
06-28 20:11:48.121 25574 25574 V NearbyFragment: Transfer to Az3S: 27%
06-28 20:11:48.127 25574 25574 V NearbyFragment: Transfer to Az3S: 27%
06-28 20:11:48.131 25574 25574 V NearbyFragment: Transfer to Az3S: 27%
06-28 20:11:48.138 25574 25574 V NearbyFragment: Transfer to Az3S: 27%
06-28 20:11:48.142 25574 25574 V NearbyFragment: Transfer to Az3S: 27%
06-28 20:11:48.153 25574 25574 V NearbyFragment: Transfer to Az3S: 27%
06-28 20:11:48.157 25574 25574 V NearbyFragment: Transfer to Az3S: 27%
06-28 20:11:48.161 25574 25574 V NearbyFragment: Transfer to Az3S: 28%
06-28 20:11:48.164 25574 25574 V NearbyFragment: Transfer to Az3S: 28%
06-28 20:11:48.168 25574 25574 V NearbyFragment: Transfer to Az3S: 28%
06-28 20:11:48.173 25574 25574 V NearbyFragment: Transfer to Az3S: 28%
06-28 20:11:48.179 25574 25574 V NearbyFragment: Transfer to Az3S: 28%
06-28 20:11:48.184 25574 25574 V NearbyFragment: Transfer to Az3S: 28%
06-28 20:11:48.195 25574 25574 V NearbyFragment: Transfer to Az3S: 28%
06-28 20:11:48.203 25574 25574 V NearbyFragment: Transfer to Az3S: 28%
06-28 20:11:48.205 25574 25574 V NearbyFragment: Transfer to Az3S: 28%
06-28 20:11:48.208 25574 25574 V NearbyFragment: Transfer to Az3S: 28%
06-28 20:11:48.210 25574 25574 V NearbyFragment: Transfer to Az3S: 29%
06-28 20:11:48.213 25574 25574 V NearbyFragment: Transfer to Az3S: 29%
06-28 20:11:48.217 25574 25574 V NearbyFragment: Transfer to Az3S: 29%
06-28 20:11:48.219 25574 25574 V NearbyFragment: Transfer to Az3S: 29%
06-28 20:11:48.224 25574 25574 V NearbyFragment: Transfer to Az3S: 29%
06-28 20:11:48.228 25574 25574 V NearbyFragment: Transfer to Az3S: 29%
06-28 20:11:48.235 25574 25574 V NearbyFragment: Transfer to Az3S: 29%
06-28 20:11:48.238 25574 25574 V NearbyFragment: Transfer to Az3S: 29%
06-28 20:11:48.247 25574 25574 V NearbyFragment: Transfer to Az3S: 29%
06-28 20:11:48.253 25574 25574 V NearbyFragment: Transfer to Az3S: 29%
06-28 20:11:48.258 25574 25574 V NearbyFragment: Transfer to Az3S: 29%
06-28 20:11:48.262 25574 25574 V NearbyFragment: Transfer to Az3S: 30%
06-28 20:11:48.268 25574 25574 V NearbyFragment: Transfer to Az3S: 30%
06-28 20:11:48.273 25574 25574 V NearbyFragment: Transfer to Az3S: 30%
06-28 20:11:48.279 25574 25574 V NearbyFragment: Transfer to Az3S: 30%
06-28 20:11:48.281 25574 25574 V NearbyFragment: Transfer to Az3S: 30%
06-28 20:11:48.285 25574 25574 V NearbyFragment: Transfer to Az3S: 30%
06-28 20:11:48.288 25574 25574 V NearbyFragment: Transfer to Az3S: 30%
06-28 20:11:48.311 25574 25574 V NearbyFragment: Transfer to Az3S: 30%
06-28 20:11:48.314 25574 25574 V NearbyFragment: Transfer to Az3S: 30%
06-28 20:11:48.320 25574 25574 V NearbyFragment: Transfer to Az3S: 30%
06-28 20:11:48.324 25574 25574 V NearbyFragment: Transfer to Az3S: 30%
06-28 20:11:48.362 25574 25574 V NearbyFragment: Transfer to Az3S: 31%
06-28 20:11:48.373 25574 25574 V NearbyFragment: Transfer to Az3S: 31%
06-28 20:11:48.384 25574 25574 V NearbyFragment: Transfer to Az3S: 31%
06-28 20:11:48.391 25574 25574 V NearbyFragment: Transfer to Az3S: 31%
06-28 20:11:48.398 25574 25574 V NearbyFragment: Transfer to Az3S: 31%
06-28 20:11:48.414 25574 25574 V NearbyFragment: Transfer to Az3S: 31%
06-28 20:11:48.417 25574 25574 V NearbyFragment: Transfer to Az3S: 31%
06-28 20:11:48.421 25574 25574 V NearbyFragment: Transfer to Az3S: 31%
06-28 20:11:48.425 25574 25574 V NearbyFragment: Transfer to Az3S: 31%
06-28 20:11:48.431 25574 25574 V NearbyFragment: Transfer to Az3S: 31%
06-28 20:11:48.432 25574 25574 V NearbyFragment: Transfer to Az3S: 32%
06-28 20:11:48.435 25574 25574 V NearbyFragment: Transfer to Az3S: 32%
06-28 20:11:48.438 25574 25574 V NearbyFragment: Transfer to Az3S: 32%
06-28 20:11:48.444 25574 25574 V NearbyFragment: Transfer to Az3S: 32%
06-28 20:11:48.451 25574 25574 V NearbyFragment: Transfer to Az3S: 32%
06-28 20:11:48.456 25574 25574 V NearbyFragment: Transfer to Az3S: 32%
06-28 20:11:48.460 25574 25574 V NearbyFragment: Transfer to Az3S: 32%
06-28 20:11:48.467 25574 25574 V NearbyFragment: Transfer to Az3S: 32%
06-28 20:11:48.474 25574 25574 V NearbyFragment: Transfer to Az3S: 32%
06-28 20:11:48.481 25574 25574 V NearbyFragment: Transfer to Az3S: 32%
06-28 20:11:48.489 25574 25574 V NearbyFragment: Transfer to Az3S: 32%
06-28 20:11:48.496 25574 25574 V NearbyFragment: Transfer to Az3S: 33%
06-28 20:11:48.504 25574 25574 V NearbyFragment: Transfer to Az3S: 33%
06-28 20:11:48.519 25574 25574 V NearbyFragment: Transfer to Az3S: 33%
06-28 20:11:48.532 25574 25574 V NearbyFragment: Transfer to Az3S: 33%
06-28 20:11:48.534 25574 25574 V NearbyFragment: Transfer to Az3S: 33%
06-28 20:11:48.537 25574 25574 V NearbyFragment: Transfer to Az3S: 33%
06-28 20:11:48.540 25574 25574 V NearbyFragment: Transfer to Az3S: 33%
06-28 20:11:48.544 25574 25574 V NearbyFragment: Transfer to Az3S: 33%
06-28 20:11:48.548 25574 25574 V NearbyFragment: Transfer to Az3S: 33%
06-28 20:11:48.553 25574 25574 V NearbyFragment: Transfer to Az3S: 33%
06-28 20:11:48.558 25574 25574 V NearbyFragment: Transfer to Az3S: 33%
06-28 20:11:48.562 25574 25574 V NearbyFragment: Transfer to Az3S: 34%
06-28 20:11:48.567 25574 25574 V NearbyFragment: Transfer to Az3S: 34%
06-28 20:11:48.572 25574 25574 V NearbyFragment: Transfer to Az3S: 34%
06-28 20:11:48.575 25574 25574 V NearbyFragment: Transfer to Az3S: 34%
06-28 20:11:48.577 25574 25574 V NearbyFragment: Transfer to Az3S: 34%
06-28 20:11:48.579 25574 25574 V NearbyFragment: Transfer to Az3S: 34%
06-28 20:11:48.581 25574 25574 V NearbyFragment: Transfer to Az3S: 34%
06-28 20:11:48.585 25574 25574 V NearbyFragment: Transfer to Az3S: 34%
06-28 20:11:48.587 25574 25574 V NearbyFragment: Transfer to Az3S: 34%
06-28 20:11:48.589 25574 25574 V NearbyFragment: Transfer to Az3S: 34%
06-28 20:11:48.593 25574 25574 V NearbyFragment: Transfer to Az3S: 35%
06-28 20:11:48.594 25574 25574 V NearbyFragment: Transfer to Az3S: 35%
06-28 20:11:48.597 25574 25574 V NearbyFragment: Transfer to Az3S: 35%
06-28 20:11:48.598 25574 25574 V NearbyFragment: Transfer to Az3S: 35%
06-28 20:11:48.601 25574 25574 V NearbyFragment: Transfer to Az3S: 35%
06-28 20:11:48.814 25574 25574 V NearbyFragment: Transfer to Az3S: 35%
06-28 20:11:48.819 25574 25574 V NearbyFragment: Transfer to Az3S: 35%
06-28 20:11:48.833 25574 25574 V NearbyFragment: Transfer to Az3S: 35%
06-28 20:11:48.842 25574 25574 V NearbyFragment: Transfer to Az3S: 35%
06-28 20:11:48.849 25574 25574 V NearbyFragment: Transfer to Az3S: 35%
06-28 20:11:48.854 25574 25574 V NearbyFragment: Transfer to Az3S: 35%
06-28 20:11:48.858 25574 25574 V NearbyFragment: Transfer to Az3S: 36%
06-28 20:11:48.866 25574 25574 V NearbyFragment: Transfer to Az3S: 36%
06-28 20:11:48.871 25574 25574 V NearbyFragment: Transfer to Az3S: 36%
06-28 20:11:48.873 25574 25574 I chatty  : uid=10568(com.example.edgesum) identical 1 line
06-28 20:11:48.875 25574 25574 V NearbyFragment: Transfer to Az3S: 36%
06-28 20:11:48.888 25574 25574 V NearbyFragment: Transfer to Az3S: 36%
06-28 20:11:48.898 25574 25574 V NearbyFragment: Transfer to Az3S: 36%
06-28 20:11:48.905 25574 25574 V NearbyFragment: Transfer to Az3S: 36%
06-28 20:11:48.908 25574 25574 V NearbyFragment: Transfer to Az3S: 36%
06-28 20:11:48.916 25574 25574 V NearbyFragment: Transfer to Az3S: 36%
06-28 20:11:48.925 25574 25574 V NearbyFragment: Transfer to Az3S: 36%
06-28 20:11:48.933 25574 25574 V NearbyFragment: Transfer to Az3S: 37%
06-28 20:11:48.938 25574 25574 V NearbyFragment: Transfer to Az3S: 37%
06-28 20:11:48.941 25574 25574 V NearbyFragment: Transfer to Az3S: 37%
06-28 20:11:48.944 25574 25574 V NearbyFragment: Transfer to Az3S: 37%
06-28 20:11:48.948 25574 25574 V NearbyFragment: Transfer to Az3S: 37%
06-28 20:11:48.951 25574 25574 V NearbyFragment: Transfer to Az3S: 37%
06-28 20:11:48.954 25574 25574 V NearbyFragment: Transfer to Az3S: 37%
06-28 20:11:48.990 25574 25574 V NearbyFragment: Transfer to Az3S: 37%
06-28 20:11:48.998 25574 25574 V NearbyFragment: Transfer to Az3S: 37%
06-28 20:11:49.004 25574 25574 V NearbyFragment: Transfer to Az3S: 37%
06-28 20:11:49.009 25574 25574 V NearbyFragment: Transfer to Az3S: 38%
06-28 20:11:49.016 25574 25574 V NearbyFragment: Transfer to Az3S: 38%
06-28 20:11:49.023 25574 25574 V NearbyFragment: Transfer to Az3S: 38%
06-28 20:11:49.029 25574 25574 V NearbyFragment: Transfer to Az3S: 38%
06-28 20:11:49.032 25574 25574 V NearbyFragment: Transfer to Az3S: 38%
06-28 20:11:49.037 25574 25574 V NearbyFragment: Transfer to Az3S: 38%
06-28 20:11:49.041 25574 25574 V NearbyFragment: Transfer to Az3S: 38%
06-28 20:11:49.045 25574 25574 V NearbyFragment: Transfer to Az3S: 38%
06-28 20:11:49.047 25574 25574 V NearbyFragment: Transfer to Az3S: 38%
06-28 20:11:49.081 25574 25574 V NearbyFragment: Transfer to Az3S: 38%
06-28 20:11:49.092 25574 25574 V NearbyFragment: Transfer to Az3S: 38%
06-28 20:11:49.102 25574 25574 V NearbyFragment: Transfer to Az3S: 39%
06-28 20:11:49.109 25574 25574 V NearbyFragment: Transfer to Az3S: 39%
06-28 20:11:49.118 25574 25574 V NearbyFragment: Transfer to Az3S: 39%
06-28 20:11:49.121 25574 25574 V NearbyFragment: Transfer to Az3S: 39%
06-28 20:11:49.124 25574 25574 V NearbyFragment: Transfer to Az3S: 39%
06-28 20:11:49.129 25574 25574 V NearbyFragment: Transfer to Az3S: 39%
06-28 20:11:49.134 25574 25574 V NearbyFragment: Transfer to Az3S: 39%
06-28 20:11:49.136 25574 25574 V NearbyFragment: Transfer to Az3S: 39%
06-28 20:11:49.138 25574 25574 V NearbyFragment: Transfer to Az3S: 39%
06-28 20:11:49.161 25574 25574 V NearbyFragment: Transfer to Az3S: 39%
06-28 20:11:49.168 25574 25574 V NearbyFragment: Transfer to Az3S: 39%
06-28 20:11:49.173 25574 25574 V NearbyFragment: Transfer to Az3S: 40%
06-28 20:11:49.183 25574 25574 V NearbyFragment: Transfer to Az3S: 40%
06-28 20:11:49.198 25574 25574 V NearbyFragment: Transfer to Az3S: 40%
06-28 20:11:49.204 25574 25574 V NearbyFragment: Transfer to Az3S: 40%
06-28 20:11:49.218 25574 25574 V NearbyFragment: Transfer to Az3S: 40%
06-28 20:11:49.226 25574 25574 V NearbyFragment: Transfer to Az3S: 40%
06-28 20:11:49.235 25574 25574 V NearbyFragment: Transfer to Az3S: 40%
06-28 20:11:49.240 25574 25574 V NearbyFragment: Transfer to Az3S: 40%
06-28 20:11:49.246 25574 25574 V NearbyFragment: Transfer to Az3S: 40%
06-28 20:11:49.252 25574 25574 V NearbyFragment: Transfer to Az3S: 40%
06-28 20:11:49.259 25574 25574 V NearbyFragment: Transfer to Az3S: 41%
06-28 20:11:49.264 25574 25574 V NearbyFragment: Transfer to Az3S: 41%
06-28 20:11:49.272 25574 25574 V NearbyFragment: Transfer to Az3S: 41%
06-28 20:11:49.279 25574 25574 V NearbyFragment: Transfer to Az3S: 41%
06-28 20:11:49.286 25574 25574 V NearbyFragment: Transfer to Az3S: 41%
06-28 20:11:49.294 25574 25574 V NearbyFragment: Transfer to Az3S: 41%
06-28 20:11:49.304 25574 25574 V NearbyFragment: Transfer to Az3S: 41%
06-28 20:11:49.315 25574 25574 V NearbyFragment: Transfer to Az3S: 41%
06-28 20:11:49.332 25574 25574 V NearbyFragment: Transfer to Az3S: 41%
06-28 20:11:49.335 25574 25574 V NearbyFragment: Transfer to Az3S: 41%
06-28 20:11:49.340 25574 25574 V NearbyFragment: Transfer to Az3S: 41%
06-28 20:11:49.343 25574 25574 V NearbyFragment: Transfer to Az3S: 42%
06-28 20:11:49.348 25574 25574 V NearbyFragment: Transfer to Az3S: 42%
06-28 20:11:49.351 25574 25574 V NearbyFragment: Transfer to Az3S: 42%
06-28 20:11:49.356 25574 25574 V NearbyFragment: Transfer to Az3S: 42%
06-28 20:11:49.360 25574 25574 V NearbyFragment: Transfer to Az3S: 42%
06-28 20:11:49.365 25574 25574 V NearbyFragment: Transfer to Az3S: 42%
06-28 20:11:49.371 25574 25574 V NearbyFragment: Transfer to Az3S: 42%
06-28 20:11:49.373 25574 25574 V NearbyFragment: Transfer to Az3S: 42%
06-28 20:11:49.378 25574 25574 V NearbyFragment: Transfer to Az3S: 42%
06-28 20:11:49.379 25574 25574 V NearbyFragment: Transfer to Az3S: 42%
