--------- beginning of main
07-03 03:07:12.451  3746  3746 E Zygote  : isWhitelistProcess - Process is Whitelisted
07-03 03:07:12.453  3746  3746 E Zygote  : accessInfo : 1
07-03 03:07:14.000  3746  3746 W LogFactory: Truncating log tag length as it exceed 23, the limit imposed by Android on certain API Levels
07-03 03:07:22.994  3746  3746 W ActivityThread: handleWindowVisibility: no activity for token android.os.BinderProxy@151475a
07-03 03:07:23.075  3746  3746 W example.edgesu: Accessing hidden method Landroid/graphics/drawable/Drawable;->getOpticalInsets()Landroid/graphics/Insets; (light greylist, linking)
07-03 03:07:23.075  3746  3746 W example.edgesu: Accessing hidden field Landroid/graphics/Insets;->left:I (light greylist, linking)
07-03 03:07:23.075  3746  3746 W example.edgesu: Accessing hidden field Landroid/graphics/Insets;->right:I (light greylist, linking)
07-03 03:07:23.075  3746  3746 W example.edgesu: Accessing hidden field Landroid/graphics/Insets;->top:I (light greylist, linking)
07-03 03:07:23.075  3746  3746 W example.edgesu: Accessing hidden field Landroid/graphics/Insets;->bottom:I (light greylist, linking)
07-03 03:07:23.123  3746  3746 W example.edgesu: Accessing hidden method Landroid/view/View;->computeFitSystemWindows(Landroid/graphics/Rect;Landroid/graphics/Rect;)Z (light greylist, reflection)
07-03 03:07:23.123  3746  3746 W example.edgesu: Accessing hidden method Landroid/view/ViewGroup;->makeOptionalFitsSystemWindows()V (light greylist, reflection)
07-03 03:07:23.229  3746  3746 W example.edgesu: Accessing hidden method Landroid/widget/TextView;->getTextDirectionHeuristic()Landroid/text/TextDirectionHeuristic; (light greylist, linking)
07-03 03:07:23.239  3746  3746 W example.edgesu: Accessing hidden field Landroid/view/View;->mAccessibilityDelegate:Landroid/view/View$AccessibilityDelegate; (light greylist, reflection)
07-03 03:07:23.571  3746  3746 E TransferService: No notification is passed in the intent. Unable to transition to foreground.
07-03 03:07:23.615  3746  3746 W StaticLayout: maxLineHeight should not be -1.  maxLines:1 lineCount:1
07-03 03:07:23.624  3746  3746 W StaticLayout: maxLineHeight should not be -1.  maxLines:1 lineCount:1
07-03 03:07:23.628  3746  3746 W StaticLayout: maxLineHeight should not be -1.  maxLines:1 lineCount:1
07-03 03:07:23.632  3746  3746 W StaticLayout: maxLineHeight should not be -1.  maxLines:1 lineCount:1
07-03 03:07:23.654  3746  3746 W StaticLayout: maxLineHeight should not be -1.  maxLines:1 lineCount:1
07-03 03:07:23.658  3746  3746 W StaticLayout: maxLineHeight should not be -1.  maxLines:1 lineCount:1
07-03 03:07:34.458  3746  3746 W example.edgesu: Accessing hidden method Landroid/graphics/FontFamily;-><init>()V (light greylist, reflection)
07-03 03:07:34.458  3746  3746 W example.edgesu: Accessing hidden method Landroid/graphics/FontFamily;->addFontFromAssetManager(Landroid/content/res/AssetManager;Ljava/lang/String;IZIII[Landroid/graphics/fonts/FontVariationAxis;)Z (light greylist, reflection)
07-03 03:07:34.458  3746  3746 W example.edgesu: Accessing hidden method Landroid/graphics/FontFamily;->addFontFromBuffer(Ljava/nio/ByteBuffer;I[Landroid/graphics/fonts/FontVariationAxis;II)Z (light greylist, reflection)
07-03 03:07:34.459  3746  3746 W example.edgesu: Accessing hidden method Landroid/graphics/FontFamily;->freeze()Z (light greylist, reflection)
07-03 03:07:34.459  3746  3746 W example.edgesu: Accessing hidden method Landroid/graphics/FontFamily;->abortCreation()V (light greylist, reflection)
07-03 03:07:34.459  3746  3746 W example.edgesu: Accessing hidden method Landroid/graphics/Typeface;->createFromFamiliesWithDefault([Landroid/graphics/FontFamily;Ljava/lang/String;II)Landroid/graphics/Typeface; (light greylist, reflection)
07-03 03:07:42.732  3746  3773 W libEGL  : EGLNativeWindowType 0x7024bdd010 disconnect failed
07-03 03:07:45.648  3746  3773 W libEGL  : EGLNativeWindowType 0x7024bdd010 disconnect failed
07-03 03:07:45.744  3746  3746 E ViewRootImpl: sendUserActionEvent() returned.
07-03 03:08:54.737  3746  3746 W NearbyFragment: Completed downloading 20200312_150643!000.mp4 from Endpoint{id=3PH2, name=Nexus 5X [34d8]} in 03.147s
07-03 03:08:55.020  3746  4565 W mobile-ffmpeg: [graph 0 input from stream 0:0 @ 0x7024b0dc00] sws_param option is deprecated and ignored
07-03 03:08:56.973  3746  4564 W Summariser: No activity detected
07-03 03:08:57.008  3746  4564 W Summariser: Summarisation completed
07-03 03:08:57.008  3746  4564 W Summariser:   filename: 20200312_150643!000.mp4
07-03 03:08:57.008  3746  4564 W Summariser:   active sections: 0
07-03 03:08:57.008  3746  4564 W Summariser:   time: 02.148s
07-03 03:08:57.008  3746  4564 W Summariser:   original duration: 16.07
07-03 03:08:57.008  3746  4564 W Summariser:   summarised duration: -1.00
07-03 03:08:57.008  3746  4564 W Summariser:   noise tolerance: 45.00
07-03 03:08:57.008  3746  4564 W Summariser:   quality: 23
07-03 03:08:57.008  3746  4564 W Summariser:   speed: medium
07-03 03:08:57.008  3746  4564 W Summariser:   freeze duration: 1.00
07-03 03:09:00.935  3746  3746 W NearbyFragment: Completed downloading 20200312_150643!002.mp4 from Endpoint{id=3PH2, name=Nexus 5X [34d8]} in 03.821s
07-03 03:09:01.117  3746  4565 W mobile-ffmpeg: [graph 0 input from stream 0:0 @ 0x7024b0dc00] sws_param option is deprecated and ignored
07-03 03:09:02.993  3746  4709 W Summariser: No activity detected
07-03 03:09:03.036  3746  4709 W Summariser: Summarisation completed
07-03 03:09:03.036  3746  4709 W Summariser:   filename: 20200312_150643!002.mp4
07-03 03:09:03.036  3746  4709 W Summariser:   active sections: 0
07-03 03:09:03.036  3746  4709 W Summariser:   time: 01.995s
07-03 03:09:03.036  3746  4709 W Summariser:   original duration: 16.01
07-03 03:09:03.036  3746  4709 W Summariser:   summarised duration: -1.00
07-03 03:09:03.036  3746  4709 W Summariser:   noise tolerance: 45.00
07-03 03:09:03.036  3746  4709 W Summariser:   quality: 23
07-03 03:09:03.036  3746  4709 W Summariser:   speed: medium
07-03 03:09:03.036  3746  4709 W Summariser:   freeze duration: 1.00
07-03 03:09:16.616  3746  3746 W NearbyFragment: Completed downloading 20200312_150744!000.mp4 from Endpoint{id=3PH2, name=Nexus 5X [34d8]} in 01.933s
07-03 03:09:16.811  3746  4565 W mobile-ffmpeg: [graph 0 input from stream 0:0 @ 0x7024b0dc00] sws_param option is deprecated and ignored
07-03 03:09:18.631  3746  4768 W Summariser: No activity detected
07-03 03:09:18.662  3746  4768 W Summariser: Summarisation completed
07-03 03:09:18.662  3746  4768 W Summariser:   filename: 20200312_150744!000.mp4
07-03 03:09:18.662  3746  4768 W Summariser:   active sections: 0
07-03 03:09:18.662  3746  4768 W Summariser:   time: 01.944s
07-03 03:09:18.662  3746  4768 W Summariser:   original duration: 16.07
07-03 03:09:18.662  3746  4768 W Summariser:   summarised duration: -1.00
07-03 03:09:18.662  3746  4768 W Summariser:   noise tolerance: 45.00
07-03 03:09:18.662  3746  4768 W Summariser:   quality: 23
07-03 03:09:18.662  3746  4768 W Summariser:   speed: medium
07-03 03:09:18.662  3746  4768 W Summariser:   freeze duration: 1.00
07-03 03:09:23.071  3746  3746 W NearbyFragment: Completed downloading 20200312_150744!002.mp4 from Endpoint{id=3PH2, name=Nexus 5X [34d8]} in 04.297s
07-03 03:09:23.285  3746  4565 W mobile-ffmpeg: [graph 0 input from stream 0:0 @ 0x7024b0dc00] sws_param option is deprecated and ignored
07-03 03:09:25.203  3746  4810 W Summariser: No activity detected
07-03 03:09:25.246  3746  4810 W Summariser: Summarisation completed
07-03 03:09:25.246  3746  4810 W Summariser:   filename: 20200312_150744!002.mp4
07-03 03:09:25.246  3746  4810 W Summariser:   active sections: 0
07-03 03:09:25.246  3746  4810 W Summariser:   time: 02.055s
07-03 03:09:25.246  3746  4810 W Summariser:   original duration: 16.01
07-03 03:09:25.246  3746  4810 W Summariser:   summarised duration: -1.00
07-03 03:09:25.246  3746  4810 W Summariser:   noise tolerance: 45.00
07-03 03:09:25.246  3746  4810 W Summariser:   quality: 23
07-03 03:09:25.246  3746  4810 W Summariser:   speed: medium
07-03 03:09:25.246  3746  4810 W Summariser:   freeze duration: 1.00
07-03 03:09:39.552  3746  3746 W NearbyFragment: Completed downloading 20200312_150844!000.mp4 from Endpoint{id=3PH2, name=Nexus 5X [34d8]} in 02.456s
07-03 03:09:39.753  3746  4565 W mobile-ffmpeg: [graph 0 input from stream 0:0 @ 0x7024b0dc00] sws_param option is deprecated and ignored
07-03 03:09:41.706  3746  4896 W Summariser: Whole video is active
07-03 03:09:42.225  3746  4896 W Summariser: Summarisation completed
07-03 03:09:42.225  3746  4896 W Summariser:   filename: 20200312_150844!000.mp4
07-03 03:09:42.225  3746  4896 W Summariser:   active sections: -1
07-03 03:09:42.225  3746  4896 W Summariser:   time: 02.535s
07-03 03:09:42.225  3746  4896 W Summariser:   original duration: 16.06
07-03 03:09:42.225  3746  4896 W Summariser:   summarised duration: 16.06
07-03 03:09:42.225  3746  4896 W Summariser:   noise tolerance: 45.00
07-03 03:09:42.225  3746  4896 W Summariser:   quality: 23
07-03 03:09:42.225  3746  4896 W Summariser:   speed: medium
07-03 03:09:42.225  3746  4896 W Summariser:   freeze duration: 1.00
07-03 03:09:42.240  3746  4896 W NearbyFragment: Sending 20200312_150844!000.mp4 to Nexus 5X [34d8]
07-03 03:09:50.523  3746  3746 W NearbyFragment: Completed downloading 20200312_150844!003.mp4 from Endpoint{id=3PH2, name=Nexus 5X [34d8]} in 08.009s
07-03 03:09:50.740  3746  4565 W mobile-ffmpeg: [graph 0 input from stream 0:0 @ 0x7024b0dc00] sws_param option is deprecated and ignored
07-03 03:09:52.163  3746  4936 W Summariser: Whole video is active
07-03 03:09:52.514  3746  4936 W Summariser: Summarisation completed
07-03 03:09:52.514  3746  4936 W Summariser:   filename: 20200312_150844!003.mp4
07-03 03:09:52.514  3746  4936 W Summariser:   active sections: -1
07-03 03:09:52.514  3746  4936 W Summariser:   time: 01.838s
07-03 03:09:52.514  3746  4936 W Summariser:   original duration: 11.98
07-03 03:09:52.514  3746  4936 W Summariser:   summarised duration: 11.98
07-03 03:09:52.514  3746  4936 W Summariser:   noise tolerance: 45.00
07-03 03:09:52.514  3746  4936 W Summariser:   quality: 23
07-03 03:09:52.514  3746  4936 W Summariser:   speed: medium
07-03 03:09:52.514  3746  4936 W Summariser:   freeze duration: 1.00
07-03 03:09:52.540  3746  4936 W NearbyFragment: Sending 20200312_150844!003.mp4 to Nexus 5X [34d8]
07-03 03:10:10.560  3746  3746 W NearbyFragment: Completed downloading 20200312_150944!000.mp4 from Endpoint{id=3PH2, name=Nexus 5X [34d8]} in 02.031s
07-03 03:10:10.755  3746  4565 W mobile-ffmpeg: [graph 0 input from stream 0:0 @ 0x7024b0dc00] sws_param option is deprecated and ignored
07-03 03:10:12.664  3746  5016 W Summariser: 1 active sections found
07-03 03:10:12.715  3746  4565 W mobile-ffmpeg: [graph 0 input from stream 0:0 @ 0x7024b0db40] sws_param option is deprecated and ignored
07-03 03:10:19.517  3746  5016 W Summariser: Summarisation completed
07-03 03:10:19.517  3746  5016 W Summariser:   filename: 20200312_150944!000.mp4
07-03 03:10:19.517  3746  5016 W Summariser:   active sections: 1
07-03 03:10:19.517  3746  5016 W Summariser:   time: 08.828s
07-03 03:10:19.517  3746  5016 W Summariser:   original duration: 16.06
07-03 03:10:19.517  3746  5016 W Summariser:   summarised duration: 7.07
07-03 03:10:19.517  3746  5016 W Summariser:   noise tolerance: 45.00
07-03 03:10:19.517  3746  5016 W Summariser:   quality: 23
07-03 03:10:19.517  3746  5016 W Summariser:   speed: medium
07-03 03:10:19.517  3746  5016 W Summariser:   freeze duration: 1.00
07-03 03:10:19.539  3746  5016 W NearbyFragment: Sending 20200312_150944!000.mp4 to Nexus 5X [34d8]
07-03 03:10:33.790  3746  3746 W NearbyFragment: Completed downloading 20200312_151044!000.mp4 from Endpoint{id=3PH2, name=Nexus 5X [34d8]} in 02.309s
07-03 03:10:34.014  3746  4565 W mobile-ffmpeg: [graph 0 input from stream 0:0 @ 0x7024b0dc00] sws_param option is deprecated and ignored
07-03 03:10:35.957  3746  5102 W Summariser: No activity detected
07-03 03:10:35.987  3746  5102 W Summariser: Summarisation completed
07-03 03:10:35.987  3746  5102 W Summariser:   filename: 20200312_151044!000.mp4
07-03 03:10:35.987  3746  5102 W Summariser:   active sections: 0
07-03 03:10:35.987  3746  5102 W Summariser:   time: 02.079s
07-03 03:10:35.987  3746  5102 W Summariser:   original duration: 16.07
07-03 03:10:35.987  3746  5102 W Summariser:   summarised duration: -1.00
07-03 03:10:35.987  3746  5102 W Summariser:   noise tolerance: 45.00
07-03 03:10:35.987  3746  5102 W Summariser:   quality: 23
07-03 03:10:35.987  3746  5102 W Summariser:   speed: medium
07-03 03:10:35.987  3746  5102 W Summariser:   freeze duration: 1.00
07-03 03:10:40.129  3746  3746 W NearbyFragment: Completed downloading 20200312_151044!002.mp4 from Endpoint{id=3PH2, name=Nexus 5X [34d8]} in 04.072s
07-03 03:10:40.354  3746  4565 W mobile-ffmpeg: [graph 0 input from stream 0:0 @ 0x7024b0d840] sws_param option is deprecated and ignored
07-03 03:10:42.156  3746  5138 W Summariser: No activity detected
07-03 03:10:42.197  3746  5138 W Summariser: Summarisation completed
07-03 03:10:42.197  3746  5138 W Summariser:   filename: 20200312_151044!002.mp4
07-03 03:10:42.197  3746  5138 W Summariser:   active sections: 0
07-03 03:10:42.197  3746  5138 W Summariser:   time: 01.952s
07-03 03:10:42.197  3746  5138 W Summariser:   original duration: 16.01
07-03 03:10:42.197  3746  5138 W Summariser:   summarised duration: -1.00
07-03 03:10:42.197  3746  5138 W Summariser:   noise tolerance: 45.00
07-03 03:10:42.197  3746  5138 W Summariser:   quality: 23
07-03 03:10:42.197  3746  5138 W Summariser:   speed: medium
07-03 03:10:42.197  3746  5138 W Summariser:   freeze duration: 1.00
07-03 03:10:57.231  3746  3746 W NearbyFragment: Completed downloading 20200312_193528!000.mp4 from Endpoint{id=3PH2, name=Nexus 5X [34d8]} in 01.887s
07-03 03:10:57.454  3746  4565 W mobile-ffmpeg: [graph 0 input from stream 0:0 @ 0x7024b0d840] sws_param option is deprecated and ignored
07-03 03:10:59.435  3746  5201 W Summariser: No activity detected
07-03 03:10:59.464  3746  5201 W Summariser: Summarisation completed
07-03 03:10:59.464  3746  5201 W Summariser:   filename: 20200312_193528!000.mp4
07-03 03:10:59.464  3746  5201 W Summariser:   active sections: 0
07-03 03:10:59.464  3746  5201 W Summariser:   time: 02.116s
07-03 03:10:59.464  3746  5201 W Summariser:   original duration: 16.06
07-03 03:10:59.464  3746  5201 W Summariser:   summarised duration: -1.00
07-03 03:10:59.464  3746  5201 W Summariser:   noise tolerance: 45.00
07-03 03:10:59.464  3746  5201 W Summariser:   quality: 23
07-03 03:10:59.464  3746  5201 W Summariser:   speed: medium
07-03 03:10:59.464  3746  5201 W Summariser:   freeze duration: 1.00
07-03 03:11:03.581  3746  3746 W NearbyFragment: Completed downloading 20200312_193528!002.mp4 from Endpoint{id=3PH2, name=Nexus 5X [34d8]} in 04.013s
07-03 03:11:03.800  3746  4565 W mobile-ffmpeg: [graph 0 input from stream 0:0 @ 0x7024b0d840] sws_param option is deprecated and ignored
07-03 03:11:05.766  3746  5251 W Summariser: No activity detected
07-03 03:11:05.795  3746  5251 W Summariser: Summarisation completed
07-03 03:11:05.795  3746  5251 W Summariser:   filename: 20200312_193528!002.mp4
07-03 03:11:05.795  3746  5251 W Summariser:   active sections: 0
07-03 03:11:05.795  3746  5251 W Summariser:   time: 02.096s
07-03 03:11:05.795  3746  5251 W Summariser:   original duration: 16.06
07-03 03:11:05.795  3746  5251 W Summariser:   summarised duration: -1.00
07-03 03:11:05.795  3746  5251 W Summariser:   noise tolerance: 45.00
07-03 03:11:05.795  3746  5251 W Summariser:   quality: 23
07-03 03:11:05.795  3746  5251 W Summariser:   speed: medium
07-03 03:11:05.795  3746  5251 W Summariser:   freeze duration: 1.00
07-03 03:11:21.996  3746  3746 W NearbyFragment: Completed downloading 20200312_193628!000.mp4 from Endpoint{id=3PH2, name=Nexus 5X [34d8]} in 01.885s
07-03 03:11:22.129  3746  4565 W mobile-ffmpeg: [graph 0 input from stream 0:0 @ 0x703717e6c0] sws_param option is deprecated and ignored
07-03 03:11:23.937  3746  5502 W Summariser: No activity detected
07-03 03:11:23.964  3746  5502 W Summariser: Summarisation completed
07-03 03:11:23.964  3746  5502 W Summariser:   filename: 20200312_193628!000.mp4
07-03 03:11:23.964  3746  5502 W Summariser:   active sections: 0
07-03 03:11:23.964  3746  5502 W Summariser:   time: 01.880s
07-03 03:11:23.964  3746  5502 W Summariser:   original duration: 16.07
07-03 03:11:23.964  3746  5502 W Summariser:   summarised duration: -1.00
07-03 03:11:23.964  3746  5502 W Summariser:   noise tolerance: 45.00
07-03 03:11:23.964  3746  5502 W Summariser:   quality: 23
07-03 03:11:23.964  3746  5502 W Summariser:   speed: medium
07-03 03:11:23.964  3746  5502 W Summariser:   freeze duration: 1.00
07-03 03:11:28.599  3746  3746 W NearbyFragment: Completed downloading 20200312_193628!002.mp4 from Endpoint{id=3PH2, name=Nexus 5X [34d8]} in 03.966s
07-03 03:11:28.808  3746  4565 W mobile-ffmpeg: [graph 0 input from stream 0:0 @ 0x703717e6c0] sws_param option is deprecated and ignored
07-03 03:11:30.721  3746  5549 W Summariser: No activity detected
07-03 03:11:30.759  3746  5549 W Summariser: Summarisation completed
07-03 03:11:30.759  3746  5549 W Summariser:   filename: 20200312_193628!002.mp4
07-03 03:11:30.759  3746  5549 W Summariser:   active sections: 0
07-03 03:11:30.759  3746  5549 W Summariser:   time: 02.044s
07-03 03:11:30.759  3746  5549 W Summariser:   original duration: 16.02
07-03 03:11:30.759  3746  5549 W Summariser:   summarised duration: -1.00
07-03 03:11:30.759  3746  5549 W Summariser:   noise tolerance: 45.00
07-03 03:11:30.759  3746  5549 W Summariser:   quality: 23
07-03 03:11:30.759  3746  5549 W Summariser:   speed: medium
07-03 03:11:30.759  3746  5549 W Summariser:   freeze duration: 1.00
07-03 03:11:46.626  3746  3746 W NearbyFragment: Completed downloading 20200312_193728!000.mp4 from Endpoint{id=3PH2, name=Nexus 5X [34d8]} in 02.368s
07-03 03:11:46.819  3746  4565 W mobile-ffmpeg: [graph 0 input from stream 0:0 @ 0x703717e480] sws_param option is deprecated and ignored
07-03 03:11:48.717  3746  5598 W Summariser: Whole video is active
07-03 03:11:49.153  3746  3755 W System  : A resource failed to call close. 
07-03 03:11:49.156  3746  3755 W System  : A resource failed to call close. 
07-03 03:11:49.163  3746  5598 W Summariser: Summarisation completed
07-03 03:11:49.163  3746  5598 W Summariser:   filename: 20200312_193728!000.mp4
07-03 03:11:49.163  3746  5598 W Summariser:   active sections: -1
07-03 03:11:49.163  3746  5598 W Summariser:   time: 02.406s
07-03 03:11:49.163  3746  5598 W Summariser:   original duration: 16.06
07-03 03:11:49.163  3746  5598 W Summariser:   summarised duration: 16.06
07-03 03:11:49.163  3746  5598 W Summariser:   noise tolerance: 45.00
07-03 03:11:49.163  3746  5598 W Summariser:   quality: 23
07-03 03:11:49.163  3746  5598 W Summariser:   speed: medium
07-03 03:11:49.163  3746  5598 W Summariser:   freeze duration: 1.00
07-03 03:11:49.188  3746  5598 W NearbyFragment: Sending 20200312_193728!000.mp4 to Nexus 5X [34d8]
07-03 03:11:54.717  3746  3746 W NearbyFragment: Completed downloading 20200312_193728!002.mp4 from Endpoint{id=3PH2, name=Nexus 5X [34d8]} in 05.452s
07-03 03:11:54.970  3746  4565 W mobile-ffmpeg: [graph 0 input from stream 0:0 @ 0x703717e480] sws_param option is deprecated and ignored
07-03 03:11:56.993  3746  5639 W Summariser: Whole video is active
07-03 03:11:57.464  3746  5639 W Summariser: Summarisation completed
07-03 03:11:57.464  3746  5639 W Summariser:   filename: 20200312_193728!002.mp4
07-03 03:11:57.464  3746  5639 W Summariser:   active sections: -1
07-03 03:11:57.464  3746  5639 W Summariser:   time: 02.560s
07-03 03:11:57.464  3746  5639 W Summariser:   original duration: 16.01
07-03 03:11:57.464  3746  5639 W Summariser:   summarised duration: 16.01
07-03 03:11:57.464  3746  5639 W Summariser:   noise tolerance: 45.00
07-03 03:11:57.464  3746  5639 W Summariser:   quality: 23
07-03 03:11:57.464  3746  5639 W Summariser:   speed: medium
07-03 03:11:57.464  3746  5639 W Summariser:   freeze duration: 1.00
07-03 03:11:57.491  3746  5639 W NearbyFragment: Sending 20200312_193728!002.mp4 to Nexus 5X [34d8]
07-03 03:12:18.044  3746  3746 W NearbyFragment: Completed downloading 20200312_193828!000.mp4 from Endpoint{id=3PH2, name=Nexus 5X [34d8]} in 02.226s
07-03 03:12:18.233  3746  4565 W mobile-ffmpeg: [graph 0 input from stream 0:0 @ 0x703717e480] sws_param option is deprecated and ignored
07-03 03:12:20.186  3746  5687 W Summariser: 1 active sections found
07-03 03:12:20.231  3746  4565 W mobile-ffmpeg: [graph 0 input from stream 0:0 @ 0x703717e3c0] sws_param option is deprecated and ignored
07-03 03:12:33.588  3746  5687 W Summariser: Summarisation completed
07-03 03:12:33.588  3746  5687 W Summariser:   filename: 20200312_193828!000.mp4
07-03 03:12:33.588  3746  5687 W Summariser:   active sections: 1
07-03 03:12:33.588  3746  5687 W Summariser:   time: 15.427s
07-03 03:12:33.588  3746  5687 W Summariser:   original duration: 16.06
07-03 03:12:33.588  3746  5687 W Summariser:   summarised duration: 14.28
07-03 03:12:33.588  3746  5687 W Summariser:   noise tolerance: 45.00
07-03 03:12:33.588  3746  5687 W Summariser:   quality: 23
07-03 03:12:33.588  3746  5687 W Summariser:   speed: medium
07-03 03:12:33.588  3746  5687 W Summariser:   freeze duration: 1.00
07-03 03:12:33.622  3746  5687 W NearbyFragment: Sending 20200312_193828!000.mp4 to Nexus 5X [34d8]
07-03 03:12:41.900  3746  3746 W NearbyFragment: Completed downloading 20200312_193928!000.mp4 from Endpoint{id=3PH2, name=Nexus 5X [34d8]} in 02.116s
07-03 03:12:42.129  3746  4565 W mobile-ffmpeg: [graph 0 input from stream 0:0 @ 0x703717e480] sws_param option is deprecated and ignored
07-03 03:12:44.025  3746  5782 W Summariser: No activity detected
07-03 03:12:44.053  3746  5782 W Summariser: Summarisation completed
07-03 03:12:44.053  3746  5782 W Summariser:   filename: 20200312_193928!000.mp4
07-03 03:12:44.053  3746  5782 W Summariser:   active sections: 0
07-03 03:12:44.053  3746  5782 W Summariser:   time: 02.050s
07-03 03:12:44.053  3746  5782 W Summariser:   original duration: 16.90
07-03 03:12:44.053  3746  5782 W Summariser:   summarised duration: -1.00
07-03 03:12:44.053  3746  5782 W Summariser:   noise tolerance: 45.00
07-03 03:12:44.053  3746  5782 W Summariser:   quality: 23
07-03 03:12:44.053  3746  5782 W Summariser:   speed: medium
07-03 03:12:44.053  3746  5782 W Summariser:   freeze duration: 1.00
07-03 03:12:48.468  3746  3746 W NearbyFragment: Completed downloading 20200312_193928!002.mp4 from Endpoint{id=3PH2, name=Nexus 5X [34d8]} in 04.362s
07-03 03:12:48.672  3746  4565 W mobile-ffmpeg: [graph 0 input from stream 0:0 @ 0x703717e480] sws_param option is deprecated and ignored
07-03 03:12:50.466  3746  5834 W Summariser: No activity detected
07-03 03:12:50.495  3746  5834 W Summariser: Summarisation completed
07-03 03:12:50.495  3746  5834 W Summariser:   filename: 20200312_193928!002.mp4
07-03 03:12:50.495  3746  5834 W Summariser:   active sections: 0
07-03 03:12:50.495  3746  5834 W Summariser:   time: 01.911s
07-03 03:12:50.495  3746  5834 W Summariser:   original duration: 16.06
07-03 03:12:50.495  3746  5834 W Summariser:   summarised duration: -1.00
07-03 03:12:50.495  3746  5834 W Summariser:   noise tolerance: 45.00
07-03 03:12:50.495  3746  5834 W Summariser:   quality: 23
07-03 03:12:50.495  3746  5834 W Summariser:   speed: medium
07-03 03:12:50.495  3746  5834 W Summariser:   freeze duration: 1.00
07-03 03:13:04.925  3746  3746 W NearbyFragment: Completed downloading 20200312_194129!000.mp4 from Endpoint{id=3PH2, name=Nexus 5X [34d8]} in 02.202s
07-03 03:13:05.067  3746  4565 W mobile-ffmpeg: [graph 0 input from stream 0:0 @ 0x703717e780] sws_param option is deprecated and ignored
07-03 03:13:06.943  3746  5896 W Summariser: No activity detected
07-03 03:13:06.968  3746  5896 W Summariser: Summarisation completed
07-03 03:13:06.968  3746  5896 W Summariser:   filename: 20200312_194129!000.mp4
07-03 03:13:06.968  3746  5896 W Summariser:   active sections: 0
07-03 03:13:06.968  3746  5896 W Summariser:   time: 01.959s
07-03 03:13:06.968  3746  5896 W Summariser:   original duration: 16.07
07-03 03:13:06.968  3746  5896 W Summariser:   summarised duration: -1.00
07-03 03:13:06.968  3746  5896 W Summariser:   noise tolerance: 45.00
07-03 03:13:06.968  3746  5896 W Summariser:   quality: 23
07-03 03:13:06.968  3746  5896 W Summariser:   speed: medium
07-03 03:13:06.968  3746  5896 W Summariser:   freeze duration: 1.00
07-03 03:13:11.538  3746  3746 W NearbyFragment: Completed downloading 20200312_194129!002.mp4 from Endpoint{id=3PH2, name=Nexus 5X [34d8]} in 04.498s
07-03 03:13:11.777  3746  4565 W mobile-ffmpeg: [graph 0 input from stream 0:0 @ 0x703717e6c0] sws_param option is deprecated and ignored
07-03 03:13:13.737  3746  5933 W Summariser: 1 active sections found
07-03 03:13:13.800  3746  4565 W mobile-ffmpeg: [graph 0 input from stream 0:0 @ 0x703717e600] sws_param option is deprecated and ignored
07-03 03:13:21.564  3746  5933 W Summariser: Summarisation completed
07-03 03:13:21.564  3746  5933 W Summariser:   filename: 20200312_194129!002.mp4
07-03 03:13:21.564  3746  5933 W Summariser:   active sections: 1
07-03 03:13:21.564  3746  5933 W Summariser:   time: 09.873s
07-03 03:13:21.564  3746  5933 W Summariser:   original duration: 16.01
07-03 03:13:21.564  3746  5933 W Summariser:   summarised duration: 7.37
07-03 03:13:21.564  3746  5933 W Summariser:   noise tolerance: 45.00
07-03 03:13:21.564  3746  5933 W Summariser:   quality: 23
07-03 03:13:21.564  3746  5933 W Summariser:   speed: medium
07-03 03:13:21.564  3746  5933 W Summariser:   freeze duration: 1.00
07-03 03:13:21.580  3746  5933 W NearbyFragment: Sending 20200312_194129!002.mp4 to Nexus 5X [34d8]
07-03 03:13:29.258  3746  3746 W NearbyFragment: Completed downloading 20200312_194229!000.mp4 from Endpoint{id=3PH2, name=Nexus 5X [34d8]} in 01.980s
07-03 03:13:29.515  3746  4565 W mobile-ffmpeg: [graph 0 input from stream 0:0 @ 0x703717e6c0] sws_param option is deprecated and ignored
07-03 03:13:31.461  3746  6004 W Summariser: 1 active sections found
07-03 03:13:31.512  3746  4565 W mobile-ffmpeg: [graph 0 input from stream 0:0 @ 0x703717e600] sws_param option is deprecated and ignored
07-03 03:13:37.835  3746  6004 W Summariser: Summarisation completed
07-03 03:13:37.835  3746  6004 W Summariser:   filename: 20200312_194229!000.mp4
07-03 03:13:37.835  3746  6004 W Summariser:   active sections: 1
07-03 03:13:37.835  3746  6004 W Summariser:   time: 08.452s
07-03 03:13:37.835  3746  6004 W Summariser:   original duration: 16.06
07-03 03:13:37.835  3746  6004 W Summariser:   summarised duration: 5.62
07-03 03:13:37.835  3746  6004 W Summariser:   noise tolerance: 45.00
07-03 03:13:37.835  3746  6004 W Summariser:   quality: 23
07-03 03:13:37.835  3746  6004 W Summariser:   speed: medium
07-03 03:13:37.835  3746  6004 W Summariser:   freeze duration: 1.00
07-03 03:13:37.867  3746  6004 W NearbyFragment: Sending 20200312_194229!000.mp4 to Nexus 5X [34d8]
07-03 03:13:56.573  3746  3746 W NearbyFragment: Completed downloading 20200312_194330!000.mp4 from Endpoint{id=3PH2, name=Nexus 5X [34d8]} in 01.820s
07-03 03:13:56.834  3746  4565 W mobile-ffmpeg: [graph 0 input from stream 0:0 @ 0x703717e6c0] sws_param option is deprecated and ignored
07-03 03:13:58.672  3746  6085 W Summariser: No activity detected
07-03 03:13:58.698  3746  6085 W Summariser: Summarisation completed
07-03 03:13:58.698  3746  6085 W Summariser:   filename: 20200312_194330!000.mp4
07-03 03:13:58.698  3746  6085 W Summariser:   active sections: 0
07-03 03:13:58.698  3746  6085 W Summariser:   time: 02.021s
07-03 03:13:58.698  3746  6085 W Summariser:   original duration: 16.07
07-03 03:13:58.698  3746  6085 W Summariser:   summarised duration: -1.00
07-03 03:13:58.698  3746  6085 W Summariser:   noise tolerance: 45.00
07-03 03:13:58.698  3746  6085 W Summariser:   quality: 23
07-03 03:13:58.698  3746  6085 W Summariser:   speed: medium
07-03 03:13:58.698  3746  6085 W Summariser:   freeze duration: 1.00
07-03 03:14:05.985  3746  3746 W NearbyFragment: Completed downloading 20200312_194330!002.mp4 from Endpoint{id=3PH2, name=Nexus 5X [34d8]} in 07.221s
07-03 03:14:06.116  3746  4565 W mobile-ffmpeg: [graph 0 input from stream 0:0 @ 0x703717e6c0] sws_param option is deprecated and ignored
07-03 03:14:08.072  3746  6122 W Summariser: No activity detected
07-03 03:14:08.111  3746  6122 W Summariser: Summarisation completed
07-03 03:14:08.111  3746  6122 W Summariser:   filename: 20200312_194330!002.mp4
07-03 03:14:08.111  3746  6122 W Summariser:   active sections: 0
07-03 03:14:08.111  3746  6122 W Summariser:   time: 02.044s
07-03 03:14:08.111  3746  6122 W Summariser:   original duration: 16.01
07-03 03:14:08.111  3746  6122 W Summariser:   summarised duration: -1.00
07-03 03:14:08.111  3746  6122 W Summariser:   noise tolerance: 45.00
07-03 03:14:08.111  3746  6122 W Summariser:   quality: 23
07-03 03:14:08.111  3746  6122 W Summariser:   speed: medium
07-03 03:14:08.111  3746  6122 W Summariser:   freeze duration: 1.00
07-03 03:14:20.901  3746  3746 W NearbyFragment: Completed downloading 20200312_194730!000.mp4 from Endpoint{id=3PH2, name=Nexus 5X [34d8]} in 01.987s
07-03 03:14:21.056  3746  4565 W mobile-ffmpeg: [graph 0 input from stream 0:0 @ 0x703717e540] sws_param option is deprecated and ignored
07-03 03:14:22.974  3746  6158 W Summariser: No activity detected
07-03 03:14:23.000  3746  6158 W Summariser: Summarisation completed
07-03 03:14:23.000  3746  6158 W Summariser:   filename: 20200312_194730!000.mp4
07-03 03:14:23.000  3746  6158 W Summariser:   active sections: 0
07-03 03:14:23.000  3746  6158 W Summariser:   time: 02.007s
07-03 03:14:23.000  3746  6158 W Summariser:   original duration: 16.07
07-03 03:14:23.000  3746  6158 W Summariser:   summarised duration: -1.00
07-03 03:14:23.000  3746  6158 W Summariser:   noise tolerance: 45.00
07-03 03:14:23.000  3746  6158 W Summariser:   quality: 23
07-03 03:14:23.000  3746  6158 W Summariser:   speed: medium
07-03 03:14:23.000  3746  6158 W Summariser:   freeze duration: 1.00
07-03 03:14:27.628  3746  3746 W NearbyFragment: Completed downloading 20200312_194730!002.mp4 from Endpoint{id=3PH2, name=Nexus 5X [34d8]} in 04.395s
07-03 03:14:27.832  3746  4565 W mobile-ffmpeg: [graph 0 input from stream 0:0 @ 0x703717e540] sws_param option is deprecated and ignored
07-03 03:14:29.659  3746  6200 W Summariser: No activity detected
07-03 03:14:29.696  3746  6200 W Summariser: Summarisation completed
07-03 03:14:29.696  3746  6200 W Summariser:   filename: 20200312_194730!002.mp4
07-03 03:14:29.696  3746  6200 W Summariser:   active sections: 0
07-03 03:14:29.696  3746  6200 W Summariser:   time: 01.951s
07-03 03:14:29.696  3746  6200 W Summariser:   original duration: 16.01
07-03 03:14:29.696  3746  6200 W Summariser:   summarised duration: -1.00
07-03 03:14:29.696  3746  6200 W Summariser:   noise tolerance: 45.00
07-03 03:14:29.696  3746  6200 W Summariser:   quality: 23
07-03 03:14:29.696  3746  6200 W Summariser:   speed: medium
07-03 03:14:29.696  3746  6200 W Summariser:   freeze duration: 1.00
07-03 03:14:45.804  3746  3746 W NearbyFragment: Completed downloading 20200312_194830!000.mp4 from Endpoint{id=3PH2, name=Nexus 5X [34d8]} in 01.745s
07-03 03:14:46.033  3746  4565 W mobile-ffmpeg: [graph 0 input from stream 0:0 @ 0x703717e540] sws_param option is deprecated and ignored
07-03 03:14:48.002  3746  6239 W Summariser: 1 active sections found
07-03 03:14:48.084  3746  4565 W mobile-ffmpeg: [graph 0 input from stream 0:0 @ 0x703717e480] sws_param option is deprecated and ignored
07-03 03:14:52.818  3746  6239 W Summariser: Summarisation completed
07-03 03:14:52.818  3746  6239 W Summariser:   filename: 20200312_194830!000.mp4
07-03 03:14:52.818  3746  6239 W Summariser:   active sections: 1
07-03 03:14:52.818  3746  6239 W Summariser:   time: 06.884s
07-03 03:14:52.818  3746  6239 W Summariser:   original duration: 16.06
07-03 03:14:52.818  3746  6239 W Summariser:   summarised duration: 3.97
07-03 03:14:52.818  3746  6239 W Summariser:   noise tolerance: 45.00
07-03 03:14:52.818  3746  6239 W Summariser:   quality: 23
07-03 03:14:52.818  3746  6239 W Summariser:   speed: medium
07-03 03:14:52.818  3746  6239 W Summariser:   freeze duration: 1.00
07-03 03:14:52.851  3746  6239 W NearbyFragment: Sending 20200312_194830!000.mp4 to Nexus 5X [34d8]
07-03 03:14:54.646  3746  3746 W NearbyFragment: Completed downloading 20200312_194830!003.mp4 from Endpoint{id=3PH2, name=Nexus 5X [34d8]} in 01.705s
07-03 03:14:54.892  3746  4565 W mobile-ffmpeg: [graph 0 input from stream 0:0 @ 0x703717e540] sws_param option is deprecated and ignored
07-03 03:14:56.323  3746  6320 W Summariser: No activity detected
07-03 03:14:56.348  3746  6320 W Summariser: Summarisation completed
07-03 03:14:56.348  3746  6320 W Summariser:   filename: 20200312_194830!003.mp4
07-03 03:14:56.348  3746  6320 W Summariser:   active sections: 0
07-03 03:14:56.348  3746  6320 W Summariser:   time: 01.594s
07-03 03:14:56.348  3746  6320 W Summariser:   original duration: 11.98
07-03 03:14:56.348  3746  6320 W Summariser:   summarised duration: -1.00
07-03 03:14:56.348  3746  6320 W Summariser:   noise tolerance: 45.00
07-03 03:14:56.348  3746  6320 W Summariser:   quality: 23
07-03 03:14:56.348  3746  6320 W Summariser:   speed: medium
07-03 03:14:56.348  3746  6320 W Summariser:   freeze duration: 1.00
07-03 03:15:10.610  3746  3746 W NearbyFragment: Completed downloading 20200312_194930!000.mp4 from Endpoint{id=3PH2, name=Nexus 5X [34d8]} in 01.791s
07-03 03:15:10.806  3746  4565 W mobile-ffmpeg: [graph 0 input from stream 0:0 @ 0x703717e540] sws_param option is deprecated and ignored
07-03 03:15:12.753  3746  6370 W Summariser: 1 active sections found
07-03 03:15:12.799  3746  4565 W mobile-ffmpeg: [graph 0 input from stream 0:0 @ 0x703717e480] sws_param option is deprecated and ignored
07-03 03:15:21.805  3746  6370 W Summariser: Summarisation completed
07-03 03:15:21.805  3746  6370 W Summariser:   filename: 20200312_194930!000.mp4
07-03 03:15:21.805  3746  6370 W Summariser:   active sections: 1
07-03 03:15:21.805  3746  6370 W Summariser:   time: 11.080s
07-03 03:15:21.805  3746  6370 W Summariser:   original duration: 16.07
07-03 03:15:21.805  3746  6370 W Summariser:   summarised duration: 9.36
07-03 03:15:21.805  3746  6370 W Summariser:   noise tolerance: 45.00
07-03 03:15:21.805  3746  6370 W Summariser:   quality: 23
07-03 03:15:21.805  3746  6370 W Summariser:   speed: medium
07-03 03:15:21.805  3746  6370 W Summariser:   freeze duration: 1.00
07-03 03:15:21.819  3746  6370 W NearbyFragment: Sending 20200312_194930!000.mp4 to Nexus 5X [34d8]
07-03 03:15:42.768  3746  3746 W NearbyFragment: Completed downloading 20200312_195230!000.mp4 from Endpoint{id=3PH2, name=Nexus 5X [34d8]} in 01.951s
07-03 03:15:43.024  3746  4565 W mobile-ffmpeg: [graph 0 input from stream 0:0 @ 0x703717e540] sws_param option is deprecated and ignored
07-03 03:15:44.964  3746  6455 W Summariser: No activity detected
07-03 03:15:44.989  3746  6455 W Summariser: Summarisation completed
07-03 03:15:44.989  3746  6455 W Summariser:   filename: 20200312_195230!000.mp4
07-03 03:15:44.989  3746  6455 W Summariser:   active sections: 0
07-03 03:15:44.989  3746  6455 W Summariser:   time: 02.124s
07-03 03:15:44.989  3746  6455 W Summariser:   original duration: 16.07
07-03 03:15:44.989  3746  6455 W Summariser:   summarised duration: -1.00
07-03 03:15:44.989  3746  6455 W Summariser:   noise tolerance: 45.00
07-03 03:15:44.989  3746  6455 W Summariser:   quality: 23
07-03 03:15:44.989  3746  6455 W Summariser:   speed: medium
07-03 03:15:44.989  3746  6455 W Summariser:   freeze duration: 1.00
07-03 03:15:49.654  3746  3746 W NearbyFragment: Completed downloading 20200312_195230!002.mp4 from Endpoint{id=3PH2, name=Nexus 5X [34d8]} in 04.614s
07-03 03:15:49.884  3746  4565 W mobile-ffmpeg: [graph 0 input from stream 0:0 @ 0x703717e540] sws_param option is deprecated and ignored
07-03 03:15:51.726  3746  6491 W Summariser: No activity detected
07-03 03:15:51.764  3746  6491 W Summariser: Summarisation completed
07-03 03:15:51.764  3746  6491 W Summariser:   filename: 20200312_195230!002.mp4
07-03 03:15:51.764  3746  6491 W Summariser:   active sections: 0
07-03 03:15:51.764  3746  6491 W Summariser:   time: 01.991s
07-03 03:15:51.764  3746  6491 W Summariser:   original duration: 16.01
07-03 03:15:51.764  3746  6491 W Summariser:   summarised duration: -1.00
07-03 03:15:51.764  3746  6491 W Summariser:   noise tolerance: 45.00
07-03 03:15:51.764  3746  6491 W Summariser:   quality: 23
07-03 03:15:51.764  3746  6491 W Summariser:   speed: medium
07-03 03:15:51.764  3746  6491 W Summariser:   freeze duration: 1.00
07-03 03:16:11.805  3746  3746 W NearbyFragment: Completed downloading 20200312_195330!000.mp4 from Endpoint{id=3PH2, name=Nexus 5X [34d8]} in 01.899s
07-03 03:16:11.987  3746  4565 W mobile-ffmpeg: [graph 0 input from stream 0:0 @ 0x703717e540] sws_param option is deprecated and ignored
07-03 03:16:13.758  3746  6556 W Summariser: 1 active sections found
07-03 03:16:13.804  3746  4565 W mobile-ffmpeg: [graph 0 input from stream 0:0 @ 0x703717e480] sws_param option is deprecated and ignored
07-03 03:16:16.517  3746  6556 W Summariser: Summarisation completed
07-03 03:16:16.517  3746  6556 W Summariser:   filename: 20200312_195330!000.mp4
07-03 03:16:16.517  3746  6556 W Summariser:   active sections: 1
07-03 03:16:16.517  3746  6556 W Summariser:   time: 04.610s
07-03 03:16:16.517  3746  6556 W Summariser:   original duration: 16.07
07-03 03:16:16.517  3746  6556 W Summariser:   summarised duration: 1.11
07-03 03:16:16.517  3746  6556 W Summariser:   noise tolerance: 45.00
07-03 03:16:16.517  3746  6556 W Summariser:   quality: 23
07-03 03:16:16.517  3746  6556 W Summariser:   speed: medium
07-03 03:16:16.517  3746  6556 W Summariser:   freeze duration: 1.00
07-03 03:16:16.531  3746  6556 W NearbyFragment: Sending 20200312_195330!000.mp4 to Nexus 5X [34d8]
07-03 03:16:34.586  3746  3746 W NearbyFragment: Completed downloading 20200312_195430!000.mp4 from Endpoint{id=3PH2, name=Nexus 5X [34d8]} in 01.947s
07-03 03:16:34.795  3746  4565 W mobile-ffmpeg: [graph 0 input from stream 0:0 @ 0x703717e540] sws_param option is deprecated and ignored
07-03 03:16:36.704  3746  6626 W Summariser: 1 active sections found
07-03 03:16:36.785  3746  4565 W mobile-ffmpeg: [graph 0 input from stream 0:0 @ 0x703717e480] sws_param option is deprecated and ignored
07-03 03:16:42.081  3746  6626 W Summariser: Summarisation completed
07-03 03:16:42.081  3746  6626 W Summariser:   filename: 20200312_195430!000.mp4
07-03 03:16:42.081  3746  6626 W Summariser:   active sections: 1
07-03 03:16:42.081  3746  6626 W Summariser:   time: 07.376s
07-03 03:16:42.081  3746  6626 W Summariser:   original duration: 16.06
07-03 03:16:42.081  3746  6626 W Summariser:   summarised duration: 5.34
07-03 03:16:42.081  3746  6626 W Summariser:   noise tolerance: 45.00
07-03 03:16:42.081  3746  6626 W Summariser:   quality: 23
07-03 03:16:42.081  3746  6626 W Summariser:   speed: medium
07-03 03:16:42.081  3746  6626 W Summariser:   freeze duration: 1.00
07-03 03:16:42.095  3746  6626 W NearbyFragment: Sending 20200312_195430!000.mp4 to Nexus 5X [34d8]
07-03 03:16:46.523  3746  3746 W NearbyFragment: Completed downloading 20200312_195430!002.mp4 from Endpoint{id=3PH2, name=Nexus 5X [34d8]} in 04.314s
07-03 03:16:46.792  3746  4565 W mobile-ffmpeg: [graph 0 input from stream 0:0 @ 0x703717e540] sws_param option is deprecated and ignored
07-03 03:16:48.759  3746  6711 W Summariser: 2 active sections found
07-03 03:16:48.818  3746  4565 W mobile-ffmpeg: [graph 0 input from stream 0:0 @ 0x703717e780] sws_param option is deprecated and ignored
07-03 03:16:48.818  3746  4565 W mobile-ffmpeg: [graph 0 input from stream 0:0 @ 0x703717e900] sws_param option is deprecated and ignored
07-03 03:16:54.101  3746  6711 W Summariser: Summarisation completed
07-03 03:16:54.101  3746  6711 W Summariser:   filename: 20200312_195430!002.mp4
07-03 03:16:54.101  3746  6711 W Summariser:   active sections: 2
07-03 03:16:54.101  3746  6711 W Summariser:   time: 07.443s
07-03 03:16:54.101  3746  6711 W Summariser:   original duration: 16.01
07-03 03:16:54.101  3746  6711 W Summariser:   summarised duration: 6.17
07-03 03:16:54.101  3746  6711 W Summariser:   noise tolerance: 45.00
07-03 03:16:54.101  3746  6711 W Summariser:   quality: 23
07-03 03:16:54.101  3746  6711 W Summariser:   speed: medium
07-03 03:16:54.101  3746  6711 W Summariser:   freeze duration: 1.00
07-03 03:16:54.133  3746  6711 W NearbyFragment: Sending 20200312_195430!002.mp4 to Nexus 5X [34d8]
07-03 03:16:54.158  3746  3755 W System  : A resource failed to call close. 
07-03 03:16:54.161  3746  3755 W System  : A resource failed to call close. 
07-03 03:16:54.161  3746  3755 W System  : A resource failed to call close. 
07-03 03:16:54.163  3746  3755 W System  : A resource failed to call close. 
