--------- beginning of main
06-28 22:40:53.163  5603  5603 I zygote64: Late-enabling -Xcheck:jni
06-28 22:40:53.387  5603  5603 I TransferService: Starting Transfer Service to listen for network connectivity changes.
06-28 22:40:53.389  5603  5603 W LogFactory: Truncating log tag length as it exceed 23, the limit imposed by Android on certain API Levels
06-28 22:40:53.414  5603  5603 I TransferService: Registering the network receiver
06-28 22:40:53.418  5603  5603 I TransferService: Moving the service out of the Foreground state.
06-28 22:40:53.419  5603  5603 I TransferService: De-registering the network receiver.
06-28 22:40:58.228  5603  5603 I zygote64: Rejecting re-init on previously-failed class java.lang.Class<androidx.core.view.ViewCompat$2>: java.lang.NoClassDefFoundError: Failed resolution of: Landroid/view/View$OnUnhandledKeyEventListener;
06-28 22:40:58.228  5603  5603 I zygote64:   at void androidx.core.view.ViewCompat.setOnApplyWindowInsetsListener(android.view.View, androidx.core.view.OnApplyWindowInsetsListener) (ViewCompat.java:2421)
06-28 22:40:58.228  5603  5603 I zygote64:   at android.view.ViewGroup androidx.appcompat.app.AppCompatDelegateImpl.createSubDecor() (AppCompatDelegateImpl.java:779)
06-28 22:40:58.228  5603  5603 I zygote64:   at void androidx.appcompat.app.AppCompatDelegateImpl.ensureSubDecor() (AppCompatDelegateImpl.java:659)
06-28 22:40:58.228  5603  5603 I zygote64:   at void androidx.appcompat.app.AppCompatDelegateImpl.setContentView(int) (AppCompatDelegateImpl.java:552)
06-28 22:40:58.229  5603  5603 I zygote64:   at void androidx.appcompat.app.AppCompatActivity.setContentView(int) (AppCompatActivity.java:161)
06-28 22:40:58.229  5603  5603 I zygote64:   at void com.example.edgesum.page.main.MainActivity.onCreate(android.os.Bundle) (MainActivity.java:95)
06-28 22:40:58.229  5603  5603 I zygote64:   at void android.app.Activity.performCreate(android.os.Bundle, android.os.PersistableBundle) (Activity.java:7009)
06-28 22:40:58.229  5603  5603 I zygote64:   at void android.app.Activity.performCreate(android.os.Bundle) (Activity.java:7000)
06-28 22:40:58.229  5603  5603 I zygote64:   at void android.app.Instrumentation.callActivityOnCreate(android.app.Activity, android.os.Bundle) (Instrumentation.java:1214)
06-28 22:40:58.229  5603  5603 I zygote64:   at android.app.Activity android.app.ActivityThread.performLaunchActivity(android.app.ActivityThread$ActivityClientRecord, android.content.Intent) (ActivityThread.java:2731)
06-28 22:40:58.229  5603  5603 I zygote64:   at void android.app.ActivityThread.handleLaunchActivity(android.app.ActivityThread$ActivityClientRecord, android.content.Intent, java.lang.String) (ActivityThread.java:2856)
06-28 22:40:58.229  5603  5603 I zygote64:   at void android.app.ActivityThread.-wrap11(android.app.ActivityThread, android.app.ActivityThread$ActivityClientRecord, android.content.Intent, java.lang.String) (ActivityThread.java:-1)
06-28 22:40:58.229  5603  5603 I zygote64:   at void android.app.ActivityThread$H.handleMessage(android.os.Message) (ActivityThread.java:1589)
06-28 22:40:58.229  5603  5603 I zygote64:   at void android.os.Handler.dispatchMessage(android.os.Message) (Handler.java:106)
06-28 22:40:58.229  5603  5603 I zygote64:   at void android.os.Looper.loop() (Looper.java:164)
06-28 22:40:58.229  5603  5603 I zygote64:   at void android.app.ActivityThread.main(java.lang.String[]) (ActivityThread.java:6494)
06-28 22:40:58.229  5603  5603 I zygote64:   at java.lang.Object java.lang.reflect.Method.invoke(java.lang.Object, java.lang.Object[]) (Method.java:-2)
06-28 22:40:58.229  5603  5603 I zygote64:   at void com.android.internal.os.RuntimeInit$MethodAndArgsCaller.run() (RuntimeInit.java:438)
06-28 22:40:58.229  5603  5603 I zygote64:   at void com.android.internal.os.ZygoteInit.main(java.lang.String[]) (ZygoteInit.java:807)
06-28 22:40:58.229  5603  5603 I zygote64: Caused by: java.lang.ClassNotFoundException: Didn't find class "android.view.View$OnUnhandledKeyEventListener" on path: DexPathList[[zip file "/data/app/com.example.edgesum-nyEr5QNpQBamrkxnmo1ZHQ==/base.apk"],nativeLibraryDirectories=[/data/app/com.example.edgesum-nyEr5QNpQBamrkxnmo1ZHQ==/lib/arm64, /data/app/com.example.edgesum-nyEr5QNpQBamrkxnmo1ZHQ==/base.apk!/lib/arm64-v8a, /system/lib64, /vendor/lib64]]
06-28 22:40:58.229  5603  5603 I zygote64:   at java.lang.Class dalvik.system.BaseDexClassLoader.findClass(java.lang.String) (BaseDexClassLoader.java:125)
06-28 22:40:58.229  5603  5603 I zygote64:   at java.lang.Class java.lang.ClassLoader.loadClass(java.lang.String, boolean) (ClassLoader.java:379)
06-28 22:40:58.229  5603  5603 I zygote64:   at java.lang.Class java.lang.ClassLoader.loadClass(java.lang.String) (ClassLoader.java:312)
06-28 22:40:58.229  5603  5603 I zygote64:   at void androidx.core.view.ViewCompat.setOnApplyWindowInsetsListener(android.view.View, androidx.core.view.OnApplyWindowInsetsListener) (ViewCompat.java:2421)
06-28 22:40:58.229  5603  5603 I zygote64:   at android.view.ViewGroup androidx.appcompat.app.AppCompatDelegateImpl.createSubDecor() (AppCompatDelegateImpl.java:779)
06-28 22:40:58.229  5603  5603 I zygote64:   at void androidx.appcompat.app.AppCompatDelegateImpl.ensureSubDecor() (AppCompatDelegateImpl.java:659)
06-28 22:40:58.229  5603  5603 I zygote64:   at void androidx.appcompat.app.AppCompatDelegateImpl.setContentView(int) (AppCompatDelegateImpl.java:552)
06-28 22:40:58.229  5603  5603 I zygote64:   at void androidx.appcompat.app.AppCompatActivity.setContentView(int) (AppCompatActivity.java:161)
06-28 22:40:58.229  5603  5603 I zygote64:   at void com.example.edgesum.page.main.MainActivity.onCreate(android.os.Bundle) (MainActivity.java:95)
06-28 22:40:58.229  5603  5603 I zygote64:   at void android.app.Activity.performCreate(android.os.Bundle, android.os.PersistableBundle) (Activity.java:7009)
06-28 22:40:58.229  5603  5603 I zygote64:   at void android.app.Activity.performCreate(android.os.Bundle) (Activity.java:7000)
06-28 22:40:58.229  5603  5603 I zygote64:   at void android.app.Instrumentation.callActivityOnCreate(android.app.Activity, android.os.Bundle) (Instrumentation.java:1214)
06-28 22:40:58.229  5603  5603 I zygote64:   at android.app.Activity android.app.ActivityThread.performLaunchActivity(android.app.ActivityThread$ActivityClientRecord, android.content.Intent) (ActivityThread.java:2731)
06-28 22:40:58.229  5603  5603 I zygote64:   at void android.app.ActivityThread.handleLaunchActivity(android.app.ActivityThread$ActivityClientRecord, android.content.Intent, java.lang.String) (ActivityThread.java:2856)
06-28 22:40:58.229  5603  5603 I zygote64:   at void android.app.ActivityThread.-wrap11(android.app.ActivityThread, android.app.ActivityThread$ActivityClientRecord, android.content.Intent, java.lang.String) (ActivityThread.java:-1)
06-28 22:40:58.229  5603  5603 I zygote64:   at void android.app.ActivityThread$H.handleMessage(android.os.Message) (ActivityThread.java:1589)
06-28 22:40:58.229  5603  5603 I zygote64:   at void android.os.Handler.dispatchMessage(android.os.Message) (Handler.java:106)
06-28 22:40:58.229  5603  5603 I zygote64:   at void android.os.Looper.loop() (Looper.java:164)
06-28 22:40:58.229  5603  5603 I zygote64:   at void android.app.ActivityThread.main(java.lang.String[]) (ActivityThread.java:6494)
06-28 22:40:58.229  5603  5603 I zygote64:   at java.lang.Object java.lang.reflect.Method.invoke(java.lang.Object, java.lang.Object[]) (Method.java:-2)
06-28 22:40:58.229  5603  5603 I zygote64:   at void com.android.internal.os.RuntimeInit$MethodAndArgsCaller.run() (RuntimeInit.java:438)
06-28 22:40:58.229  5603  5603 I zygote64:   at void com.android.internal.os.ZygoteInit.main(java.lang.String[]) (ZygoteInit.java:807)
06-28 22:40:58.229  5603  5603 I zygote64: 
06-28 22:40:58.229  5603  5603 I zygote64: Rejecting re-init on previously-failed class java.lang.Class<androidx.core.view.ViewCompat$2>: java.lang.NoClassDefFoundError: Failed resolution of: Landroid/view/View$OnUnhandledKeyEventListener;
06-28 22:40:58.230  5603  5603 I zygote64:   at void androidx.core.view.ViewCompat.setOnApplyWindowInsetsListener(android.view.View, androidx.core.view.OnApplyWindowInsetsListener) (ViewCompat.java:2421)
06-28 22:40:58.230  5603  5603 I zygote64:   at android.view.ViewGroup androidx.appcompat.app.AppCompatDelegateImpl.createSubDecor() (AppCompatDelegateImpl.java:779)
06-28 22:40:58.230  5603  5603 I zygote64:   at void androidx.appcompat.app.AppCompatDelegateImpl.ensureSubDecor() (AppCompatDelegateImpl.java:659)
06-28 22:40:58.230  5603  5603 I zygote64:   at void androidx.appcompat.app.AppCompatDelegateImpl.setContentView(int) (AppCompatDelegateImpl.java:552)
06-28 22:40:58.230  5603  5603 I zygote64:   at void androidx.appcompat.app.AppCompatActivity.setContentView(int) (AppCompatActivity.java:161)
06-28 22:40:58.230  5603  5603 I zygote64:   at void com.example.edgesum.page.main.MainActivity.onCreate(android.os.Bundle) (MainActivity.java:95)
06-28 22:40:58.230  5603  5603 I zygote64:   at void android.app.Activity.performCreate(android.os.Bundle, android.os.PersistableBundle) (Activity.java:7009)
06-28 22:40:58.230  5603  5603 I zygote64:   at void android.app.Activity.performCreate(android.os.Bundle) (Activity.java:7000)
06-28 22:40:58.230  5603  5603 I zygote64:   at void android.app.Instrumentation.callActivityOnCreate(android.app.Activity, android.os.Bundle) (Instrumentation.java:1214)
06-28 22:40:58.230  5603  5603 I zygote64:   at android.app.Activity android.app.ActivityThread.performLaunchActivity(android.app.ActivityThread$ActivityClientRecord, android.content.Intent) (ActivityThread.java:2731)
06-28 22:40:58.230  5603  5603 I zygote64:   at void android.app.ActivityThread.handleLaunchActivity(android.app.ActivityThread$ActivityClientRecord, android.content.Intent, java.lang.String) (ActivityThread.java:2856)
06-28 22:40:58.230  5603  5603 I zygote64:   at void android.app.ActivityThread.-wrap11(android.app.ActivityThread, android.app.ActivityThread$ActivityClientRecord, android.content.Intent, java.lang.String) (ActivityThread.java:-1)
06-28 22:40:58.230  5603  5603 I zygote64:   at void android.app.ActivityThread$H.handleMessage(android.os.Message) (ActivityThread.java:1589)
06-28 22:40:58.230  5603  5603 I zygote64:   at void android.os.Handler.dispatchMessage(android.os.Message) (Handler.java:106)
06-28 22:40:58.230  5603  5603 I zygote64:   at void android.os.Looper.loop() (Looper.java:164)
06-28 22:40:58.230  5603  5603 I zygote64:   at void android.app.ActivityThread.main(java.lang.String[]) (ActivityThread.java:6494)
06-28 22:40:58.230  5603  5603 I zygote64:   at java.lang.Object java.lang.reflect.Method.invoke(java.lang.Object, java.lang.Object[]) (Method.java:-2)
06-28 22:40:58.230  5603  5603 I zygote64:   at void com.android.internal.os.RuntimeInit$MethodAndArgsCaller.run() (RuntimeInit.java:438)
06-28 22:40:58.230  5603  5603 I zygote64:   at void com.android.internal.os.ZygoteInit.main(java.lang.String[]) (ZygoteInit.java:807)
06-28 22:40:58.230  5603  5603 I zygote64: Caused by: java.lang.ClassNotFoundException: Didn't find class "android.view.View$OnUnhandledKeyEventListener" on path: DexPathList[[zip file "/data/app/com.example.edgesum-nyEr5QNpQBamrkxnmo1ZHQ==/base.apk"],nativeLibraryDirectories=[/data/app/com.example.edgesum-nyEr5QNpQBamrkxnmo1ZHQ==/lib/arm64, /data/app/com.example.edgesum-nyEr5QNpQBamrkxnmo1ZHQ==/base.apk!/lib/arm64-v8a, /system/lib64, /vendor/lib64]]
06-28 22:40:58.230  5603  5603 I zygote64:   at java.lang.Class dalvik.system.BaseDexClassLoader.findClass(java.lang.String) (BaseDexClassLoader.java:125)
06-28 22:40:58.230  5603  5603 I zygote64:   at java.lang.Class java.lang.ClassLoader.loadClass(java.lang.String, boolean) (ClassLoader.java:379)
06-28 22:40:58.230  5603  5603 I zygote64:   at java.lang.Class java.lang.ClassLoader.loadClass(java.lang.String) (ClassLoader.java:312)
06-28 22:40:58.230  5603  5603 I zygote64:   at void androidx.core.view.ViewCompat.setOnApplyWindowInsetsListener(android.view.View, androidx.core.view.OnApplyWindowInsetsListener) (ViewCompat.java:2421)
06-28 22:40:58.230  5603  5603 I zygote64:   at android.view.ViewGroup androidx.appcompat.app.AppCompatDelegateImpl.createSubDecor() (AppCompatDelegateImpl.java:779)
06-28 22:40:58.230  5603  5603 I zygote64:   at void androidx.appcompat.app.AppCompatDelegateImpl.ensureSubDecor() (AppCompatDelegateImpl.java:659)
06-28 22:40:58.230  5603  5603 I zygote64:   at void androidx.appcompat.app.AppCompatDelegateImpl.setContentView(int) (AppCompatDelegateImpl.java:552)
06-28 22:40:58.230  5603  5603 I zygote64:   at void androidx.appcompat.app.AppCompatActivity.setContentView(int) (AppCompatActivity.java:161)
06-28 22:40:58.230  5603  5603 I zygote64:   at void com.example.edgesum.page.main.MainActivity.onCreate(android.os.Bundle) (MainActivity.java:95)
06-28 22:40:58.230  5603  5603 I zygote64:   at void android.app.Activity.performCreate(android.os.Bundle, android.os.PersistableBundle) (Activity.java:7009)
06-28 22:40:58.230  5603  5603 I zygote64:   at void android.app.Activity.performCreate(android.os.Bundle) (Activity.java:7000)
06-28 22:40:58.230  5603  5603 I zygote64:   at void android.app.Instrumentation.callActivityOnCreate(android.app.Activity, android.os.Bundle) (Instrumentation.java:1214)
06-28 22:40:58.230  5603  5603 I zygote64:   at android.app.Activity android.app.ActivityThread.performLaunchActivity(android.app.ActivityThread$ActivityClientRecord, android.content.Intent) (ActivityThread.java:2731)
06-28 22:40:58.230  5603  5603 I zygote64:   at void android.app.ActivityThread.handleLaunchActivity(android.app.ActivityThread$ActivityClientRecord, android.content.Intent, java.lang.String) (ActivityThread.java:2856)
06-28 22:40:58.230  5603  5603 I zygote64:   at void android.app.ActivityThread.-wrap11(android.app.ActivityThread, android.app.ActivityThread$ActivityClientRecord, android.content.Intent, java.lang.String) (ActivityThread.java:-1)
06-28 22:40:58.230  5603  5603 I zygote64:   at void android.app.ActivityThread$H.handleMessage(android.os.Message) (ActivityThread.java:1589)
06-28 22:40:58.230  5603  5603 I zygote64:   at void android.os.Handler.dispatchMessage(android.os.Message) (Handler.java:106)
06-28 22:40:58.230  5603  5603 I zygote64:   at void android.os.Looper.loop() (Looper.java:164)
06-28 22:40:58.230  5603  5603 I zygote64:   at void android.app.ActivityThread.main(java.lang.String[]) (ActivityThread.java:6494)
06-28 22:40:58.230  5603  5603 I zygote64:   at java.lang.Object java.lang.reflect.Method.invoke(java.lang.Object, java.lang.Object[]) (Method.java:-2)
06-28 22:40:58.230  5603  5603 I zygote64:   at void com.android.internal.os.RuntimeInit$MethodAndArgsCaller.run() (RuntimeInit.java:438)
06-28 22:40:58.230  5603  5603 I zygote64:   at void com.android.internal.os.ZygoteInit.main(java.lang.String[]) (ZygoteInit.java:807)
06-28 22:40:58.230  5603  5603 I zygote64: 
06-28 22:40:58.230  5603  5603 I zygote64: Rejecting re-init on previously-failed class java.lang.Class<androidx.core.view.ViewCompat$2>: java.lang.NoClassDefFoundError: Failed resolution of: Landroid/view/View$OnUnhandledKeyEventListener;
06-28 22:40:58.230  5603  5603 I zygote64:   at void androidx.core.view.ViewCompat.setOnApplyWindowInsetsListener(android.view.View, androidx.core.view.OnApplyWindowInsetsListener) (ViewCompat.java:2421)
06-28 22:40:58.230  5603  5603 I zygote64:   at android.view.ViewGroup androidx.appcompat.app.AppCompatDelegateImpl.createSubDecor() (AppCompatDelegateImpl.java:779)
06-28 22:40:58.230  5603  5603 I zygote64:   at void androidx.appcompat.app.AppCompatDelegateImpl.ensureSubDecor() (AppCompatDelegateImpl.java:659)
06-28 22:40:58.230  5603  5603 I zygote64:   at void androidx.appcompat.app.AppCompatDelegateImpl.setContentView(int) (AppCompatDelegateImpl.java:552)
06-28 22:40:58.230  5603  5603 I zygote64:   at void androidx.appcompat.app.AppCompatActivity.setContentView(int) (AppCompatActivity.java:161)
06-28 22:40:58.230  5603  5603 I zygote64:   at void com.example.edgesum.page.main.MainActivity.onCreate(android.os.Bundle) (MainActivity.java:95)
06-28 22:40:58.230  5603  5603 I zygote64:   at void android.app.Activity.performCreate(android.os.Bundle, android.os.PersistableBundle) (Activity.java:7009)
06-28 22:40:58.230  5603  5603 I zygote64:   at void android.app.Activity.performCreate(android.os.Bundle) (Activity.java:7000)
06-28 22:40:58.230  5603  5603 I zygote64:   at void android.app.Instrumentation.callActivityOnCreate(android.app.Activity, android.os.Bundle) (Instrumentation.java:1214)
06-28 22:40:58.230  5603  5603 I zygote64:   at android.app.Activity android.app.ActivityThread.performLaunchActivity(android.app.ActivityThread$ActivityClientRecord, android.content.Intent) (ActivityThread.java:2731)
06-28 22:40:58.230  5603  5603 I zygote64:   at void android.app.ActivityThread.handleLaunchActivity(android.app.ActivityThread$ActivityClientRecord, android.content.Intent, java.lang.String) (ActivityThread.java:2856)
06-28 22:40:58.230  5603  5603 I zygote64:   at void android.app.ActivityThread.-wrap11(android.app.ActivityThread, android.app.ActivityThread$ActivityClientRecord, android.content.Intent, java.lang.String) (ActivityThread.java:-1)
06-28 22:40:58.230  5603  5603 I zygote64:   at void android.app.ActivityThread$H.handleMessage(android.os.Message) (ActivityThread.java:1589)
06-28 22:40:58.230  5603  5603 I zygote64:   at void android.os.Handler.dispatchMessage(android.os.Message) (Handler.java:106)
06-28 22:40:58.230  5603  5603 I zygote64:   at void android.os.Looper.loop() (Looper.java:164)
06-28 22:40:58.230  5603  5603 I zygote64:   at void android.app.ActivityThread.main(java.lang.String[]) (ActivityThread.java:6494)
06-28 22:40:58.230  5603  5603 I zygote64:   at java.lang.Object java.lang.reflect.Method.invoke(java.lang.Object, java.lang.Object[]) (Method.java:-2)
06-28 22:40:58.230  5603  5603 I zygote64:   at void com.android.internal.os.RuntimeInit$MethodAndArgsCaller.run() (RuntimeInit.java:438)
06-28 22:40:58.230  5603  5603 I zygote64:   at void com.android.internal.os.ZygoteInit.main(java.lang.String[]) (ZygoteInit.java:807)
06-28 22:40:58.230  5603  5603 I zygote64: Caused by: java.lang.ClassNotFoundException: Didn't find class "android.view.View$OnUnhandledKeyEventListener" on path: DexPathList[[zip file "/data/app/com.example.edgesum-nyEr5QNpQBamrkxnmo1ZHQ==/base.apk"],nativeLibraryDirectories=[/data/app/com.example.edgesum-nyEr5QNpQBamrkxnmo1ZHQ==/lib/arm64, /data/app/com.example.edgesum-nyEr5QNpQBamrkxnmo1ZHQ==/base.apk!/lib/arm64-v8a, /system/lib64, /vendor/lib64]]
06-28 22:40:58.231  5603  5603 I zygote64:   at java.lang.Class dalvik.system.BaseDexClassLoader.findClass(java.lang.String) (BaseDexClassLoader.java:125)
06-28 22:40:58.231  5603  5603 I zygote64:   at java.lang.Class java.lang.ClassLoader.loadClass(java.lang.String, boolean) (ClassLoader.java:379)
06-28 22:40:58.231  5603  5603 I zygote64:   at java.lang.Class java.lang.ClassLoader.loadClass(java.lang.String) (ClassLoader.java:312)
06-28 22:40:58.231  5603  5603 I zygote64:   at void androidx.core.view.ViewCompat.setOnApplyWindowInsetsListener(android.view.View, androidx.core.view.OnApplyWindowInsetsListener) (ViewCompat.java:2421)
06-28 22:40:58.231  5603  5603 I zygote64:   at android.view.ViewGroup androidx.appcompat.app.AppCompatDelegateImpl.createSubDecor() (AppCompatDelegateImpl.java:779)
06-28 22:40:58.231  5603  5603 I zygote64:   at void androidx.appcompat.app.AppCompatDelegateImpl.ensureSubDecor() (AppCompatDelegateImpl.java:659)
06-28 22:40:58.231  5603  5603 I zygote64:   at void androidx.appcompat.app.AppCompatDelegateImpl.setContentView(int) (AppCompatDelegateImpl.java:552)
06-28 22:40:58.231  5603  5603 I zygote64:   at void androidx.appcompat.app.AppCompatActivity.setContentView(int) (AppCompatActivity.java:161)
06-28 22:40:58.231  5603  5603 I zygote64:   at void com.example.edgesum.page.main.MainActivity.onCreate(android.os.Bundle) (MainActivity.java:95)
06-28 22:40:58.231  5603  5603 I zygote64:   at void android.app.Activity.performCreate(android.os.Bundle, android.os.PersistableBundle) (Activity.java:7009)
06-28 22:40:58.231  5603  5603 I zygote64:   at void android.app.Activity.performCreate(android.os.Bundle) (Activity.java:7000)
06-28 22:40:58.231  5603  5603 I zygote64:   at void android.app.Instrumentation.callActivityOnCreate(android.app.Activity, android.os.Bundle) (Instrumentation.java:1214)
06-28 22:40:58.231  5603  5603 I zygote64:   at android.app.Activity android.app.ActivityThread.performLaunchActivity(android.app.ActivityThread$ActivityClientRecord, android.content.Intent) (ActivityThread.java:2731)
06-28 22:40:58.231  5603  5603 I zygote64:   at void android.app.ActivityThread.handleLaunchActivity(android.app.ActivityThread$ActivityClientRecord, android.content.Intent, java.lang.String) (ActivityThread.java:2856)
06-28 22:40:58.231  5603  5603 I zygote64:   at void android.app.ActivityThread.-wrap11(android.app.ActivityThread, android.app.ActivityThread$ActivityClientRecord, android.content.Intent, java.lang.String) (ActivityThread.java:-1)
06-28 22:40:58.231  5603  5603 I zygote64:   at void android.app.ActivityThread$H.handleMessage(android.os.Message) (ActivityThread.java:1589)
06-28 22:40:58.231  5603  5603 I zygote64:   at void android.os.Handler.dispatchMessage(android.os.Message) (Handler.java:106)
06-28 22:40:58.231  5603  5603 I zygote64:   at void android.os.Looper.loop() (Looper.java:164)
06-28 22:40:58.231  5603  5603 I zygote64:   at void android.app.ActivityThread.main(java.lang.String[]) (ActivityThread.java:6494)
06-28 22:40:58.231  5603  5603 I zygote64:   at java.lang.Object java.lang.reflect.Method.invoke(java.lang.Object, java.lang.Object[]) (Method.java:-2)
06-28 22:40:58.231  5603  5603 I zygote64:   at void com.android.internal.os.RuntimeInit$MethodAndArgsCaller.run() (RuntimeInit.java:438)
06-28 22:40:58.231  5603  5603 I zygote64:   at void com.android.internal.os.ZygoteInit.main(java.lang.String[]) (ZygoteInit.java:807)
06-28 22:40:58.231  5603  5603 I zygote64: 
06-28 22:40:58.408  5603  5603 V Repo    : /storage/emulated/0/Movies/raw
06-28 22:40:58.408  5603  5603 V Repo    : /storage/emulated/0/Movies/summarised
06-28 22:40:58.424  5603  5603 V FileManager: External storage is readable
06-28 22:40:58.425  5603  5603 V FileManager: Directory already exists: /storage/emulated/0/Movies/raw
06-28 22:40:58.430  5603  5603 V FileManager: External storage is readable
06-28 22:40:58.431  5603  5603 V FileManager: Directory already exists: /storage/emulated/0/Movies/summarised
06-28 22:40:58.436  5603  5603 V FileManager: External storage is readable
06-28 22:40:58.438  5603  5603 V FileManager: Directory already exists: /storage/emulated/0/Download/nearby
06-28 22:40:58.444  5603  5603 V FileManager: External storage is readable
06-28 22:40:58.444  5603  5603 V FileManager: Directory already exists: /storage/emulated/0/Movies/segment
06-28 22:40:58.451  5603  5603 V FileManager: External storage is readable
06-28 22:40:58.452  5603  5603 V FileManager: Directory already exists: /storage/emulated/0/Movies/segment-sum
06-28 22:40:58.590  5603  5603 V VideoManager: getAllVideoFromExternalStorageFolder
06-28 22:40:58.596  5603  5603 D VideoManager: /storage/emulated/0/Movies/summarised
06-28 22:40:58.611  5603  5603 D VideoManager: 0 videos return
06-28 22:40:58.640  5603  5603 V VideoManager: getAllVideoFromExternalStorageFolder
06-28 22:40:58.645  5603  5603 D VideoManager: /storage/emulated/0/Movies/raw
06-28 22:40:58.651  5603  5603 D VideoManager: 0 videos return
06-28 22:40:58.694  5603  5640 D OpenGLRenderer: HWUI GL Pipeline
06-28 22:40:58.702  5603  5603 I TransferService: Starting Transfer Service to listen for network connectivity changes.
06-28 22:40:58.703  5603  5603 I TransferService: Registering the network receiver
06-28 22:40:58.705  5603  5603 E TransferService: No notification is passed in the intent. Unable to transition to foreground.
06-28 22:40:58.763  5603  5617 D MainActivity: Scanned /storage/emulated/0/Movies/raw
06-28 22:40:58.763  5603  5617 D MainActivity:   -> uri=content://media/external/file/697
06-28 22:40:58.799  5603  5640 I Adreno  : QUALCOMM build                   : 8e59954, I0be83d0d26
06-28 22:40:58.799  5603  5640 I Adreno  : Build Date                       : 09/22/17
06-28 22:40:58.799  5603  5640 I Adreno  : OpenGL ES Shader Compiler Version: EV031.21.02.00
06-28 22:40:58.799  5603  5640 I Adreno  : Local Branch                     : O17A
06-28 22:40:58.799  5603  5640 I Adreno  : Remote Branch                    : 
06-28 22:40:58.799  5603  5640 I Adreno  : Remote Branch                    : 
06-28 22:40:58.799  5603  5640 I Adreno  : Reconstruct Branch               : 
06-28 22:40:58.800  5603  5640 D vndksupport: Loading /vendor/lib64/hw/gralloc.msm8992.so from current namespace instead of sphal namespace.
06-28 22:40:58.812  5603  5620 D MainActivity: Scanned /storage/emulated/0/Movies/summarised
06-28 22:40:58.812  5603  5620 D MainActivity:   -> uri=content://media/external/file/698
06-28 22:40:58.812  5603  5640 I Adreno  : PFP: 0x00000000, ME: 0x00000000
06-28 22:40:58.823  5603  5640 I zygote64: android::hardware::configstore::V1_0::ISurfaceFlingerConfigs::hasWideColorDisplay retrieved: 0
06-28 22:40:58.824  5603  5608 I zygote64: Do partial code cache collection, code=23KB, data=29KB
06-28 22:40:58.825  5603  5608 I zygote64: After code cache collection, code=23KB, data=29KB
06-28 22:40:58.825  5603  5608 I zygote64: Increasing code cache capacity to 128KB
06-28 22:40:58.827  5603  5640 I OpenGLRenderer: Initialized EGL, version 1.4
06-28 22:40:58.827  5603  5640 D OpenGLRenderer: Swap behavior 2
06-28 22:40:58.901  5603  5640 D vndksupport: Loading /vendor/lib64/hw/android.hardware.graphics.mapper@2.0-impl.so from current namespace instead of sphal namespace.
06-28 22:40:58.902  5603  5640 D vndksupport: Loading /vendor/lib64/hw/gralloc.msm8992.so from current namespace instead of sphal namespace.
06-28 22:41:05.698  5603  5603 V MainActivity: Connect button clicked
06-28 22:41:11.822  5603  5603 V ConnectionFragment: Discovery switch checked
06-28 22:41:13.786  5603  5603 D NearbyFragment: Started discovering
06-28 22:41:14.009  5603  5603 D NearbyFragment: Found endpoint jKt9: Nexus 5X [34d8]
06-28 22:41:14.060  5603  5608 I zygote64: Do partial code cache collection, code=55KB, data=59KB
06-28 22:41:14.060  5603  5608 I zygote64: After code cache collection, code=55KB, data=59KB
06-28 22:41:14.060  5603  5608 I zygote64: Increasing code cache capacity to 256KB
06-28 22:41:40.995  5603  5603 D NearbyFragment: Selected 'Endpoint{id=jKt9, name=Nexus 5X [34d8]}'
06-28 22:41:41.045  5603  5608 I zygote64: Compiler allocated 4MB to compile void android.view.View.<init>(android.content.Context, android.util.AttributeSet, int, int)
06-28 22:41:50.003  5603  5603 D NearbyFragment: Initiated connection with Endpoint{id=jKt9, name=Nexus 5X [34d8]}: Nexus 5X [34d8]
06-28 22:41:50.191  5603  5603 D NearbyFragment: Requested connection with Endpoint{id=jKt9, name=Nexus 5X [34d8]}
06-28 22:41:50.273  5603  5608 I zygote64: Do full code cache collection, code=124KB, data=103KB
06-28 22:41:50.273  5603  5608 I zygote64: After code cache collection, code=121KB, data=61KB
06-28 22:41:53.291  5603  5603 I NearbyFragment: Connected to Endpoint{id=jKt9, name=Nexus 5X [34d8]}
06-28 22:41:53.356  5603  5608 I zygote64: Do partial code cache collection, code=123KB, data=71KB
06-28 22:41:53.357  5603  5608 I zygote64: After code cache collection, code=123KB, data=71KB
06-28 22:41:53.357  5603  5608 I zygote64: Increasing code cache capacity to 512KB
06-28 22:41:54.359  5603  5603 V ConnectionFragment: Discovery switch unchecked
06-28 22:41:54.359  5603  5603 D NearbyFragment: Stopped discovering
06-28 22:42:03.445  5603  5603 I TransferNetworkLossHand: Network connectivity changed detected.
06-28 22:42:03.447  5603  5603 I TransferNetworkLossHand: Network connected: true
06-28 22:42:08.620  5603  5603 I TransferNetworkLossHand: Network connectivity changed detected.
06-28 22:42:08.622  5603  5603 I TransferNetworkLossHand: Network connected: false
06-28 22:42:22.615  5603  5603 I TransferNetworkLossHand: Network connectivity changed detected.
06-28 22:42:22.623  5603  5603 I TransferNetworkLossHand: Network connected: true
06-28 22:50:15.934  5603  5603 D NearbyFragment: onPayloadReceived(endpointId=jKt9, payload=com.google.android.gms.nearby.connection.Payload@b694138)
06-28 22:50:15.946  5603  5603 V NearbyFragment: Started downloading SUMMARISE:-6508506731804612210:20200312_195330.mp4:45.0_1.0_23_medium from Endpoint{id=jKt9, name=Nexus 5X [34d8]}
06-28 22:50:15.958  5603  5603 V NearbyFragment: Transfer to jKt9: 100%
06-28 22:50:15.962  5603  5603 V NearbyFragment: Transfer to jKt9: 100%
06-28 22:50:15.967  5603  5603 D NearbyFragment: onPayloadReceived(endpointId=jKt9, payload=com.google.android.gms.nearby.connection.Payload@cac6477)
06-28 22:50:15.970  5603  5603 V NearbyFragment: Transfer to jKt9: 0%
06-28 22:50:15.972  5603  5603 V NearbyFragment: Transfer to jKt9: 0%
06-28 22:50:15.977  5603  5603 V NearbyFragment: Transfer to jKt9: 0%
06-28 22:50:15.984  5603  5603 V NearbyFragment: Transfer to jKt9: 0%
06-28 22:50:15.990  5603  5603 V NearbyFragment: Transfer to jKt9: 0%
06-28 22:50:15.997  5603  5603 V NearbyFragment: Transfer to jKt9: 0%
06-28 22:50:16.006  5603  5603 V NearbyFragment: Transfer to jKt9: 0%
06-28 22:50:16.015  5603  5603 V NearbyFragment: Transfer to jKt9: 0%
06-28 22:50:16.027  5603  5603 V NearbyFragment: Transfer to jKt9: 0%
06-28 22:50:16.036  5603  5603 V NearbyFragment: Transfer to jKt9: 0%
06-28 22:50:16.043  5603  5603 V NearbyFragment: Transfer to jKt9: 1%
06-28 22:50:16.049  5603  5603 V NearbyFragment: Transfer to jKt9: 1%
06-28 22:50:16.061  5603  5603 V NearbyFragment: Transfer to jKt9: 1%
06-28 22:50:16.078  5603  5603 V NearbyFragment: Transfer to jKt9: 1%
06-28 22:50:16.087  5603  5603 V NearbyFragment: Transfer to jKt9: 1%
06-28 22:50:16.092  5603  5603 V NearbyFragment: Transfer to jKt9: 1%
06-28 22:50:16.139  5603  5603 V NearbyFragment: Transfer to jKt9: 1%
06-28 22:50:16.143  5603  5603 V NearbyFragment: Transfer to jKt9: 1%
06-28 22:50:16.147  5603  5603 V NearbyFragment: Transfer to jKt9: 1%
06-28 22:50:16.159  5603  5603 V NearbyFragment: Transfer to jKt9: 1%
06-28 22:50:16.163  5603  5603 V NearbyFragment: Transfer to jKt9: 1%
06-28 22:50:16.174  5603  5603 V NearbyFragment: Transfer to jKt9: 2%
06-28 22:50:16.180  5603  5603 V NearbyFragment: Transfer to jKt9: 2%
06-28 22:50:16.185  5603  5603 V NearbyFragment: Transfer to jKt9: 2%
06-28 22:50:16.202  5603  5603 V NearbyFragment: Transfer to jKt9: 2%
06-28 22:50:16.207  5603  5603 V NearbyFragment: Transfer to jKt9: 2%
06-28 22:50:16.211  5603  5603 V NearbyFragment: Transfer to jKt9: 2%
06-28 22:50:16.217  5603  5603 V NearbyFragment: Transfer to jKt9: 2%
06-28 22:50:16.226  5603  5603 V NearbyFragment: Transfer to jKt9: 2%
06-28 22:50:16.232  5603  5603 V NearbyFragment: Transfer to jKt9: 2%
06-28 22:50:16.240  5603  5603 V NearbyFragment: Transfer to jKt9: 2%
06-28 22:50:16.247  5603  5603 V NearbyFragment: Transfer to jKt9: 2%
06-28 22:50:16.252  5603  5603 V NearbyFragment: Transfer to jKt9: 3%
06-28 22:50:16.259  5603  5603 V NearbyFragment: Transfer to jKt9: 3%
06-28 22:50:16.265  5603  5603 V NearbyFragment: Transfer to jKt9: 3%
06-28 22:50:16.279  5603  5603 V NearbyFragment: Transfer to jKt9: 3%
06-28 22:50:16.287  5603  5603 V NearbyFragment: Transfer to jKt9: 3%
06-28 22:50:16.293  5603  5603 V NearbyFragment: Transfer to jKt9: 3%
06-28 22:50:16.301  5603  5603 V NearbyFragment: Transfer to jKt9: 3%
06-28 22:50:16.308  5603  5603 V NearbyFragment: Transfer to jKt9: 3%
06-28 22:50:16.316  5603  5603 V NearbyFragment: Transfer to jKt9: 3%
06-28 22:50:16.324  5603  5603 V NearbyFragment: Transfer to jKt9: 3%
06-28 22:50:16.328  5603  5603 V NearbyFragment: Transfer to jKt9: 4%
06-28 22:50:16.335  5603  5603 V NearbyFragment: Transfer to jKt9: 4%
06-28 22:50:16.344  5603  5603 V NearbyFragment: Transfer to jKt9: 4%
06-28 22:50:16.353  5603  5603 V NearbyFragment: Transfer to jKt9: 4%
06-28 22:50:16.357  5603  5603 V NearbyFragment: Transfer to jKt9: 4%
06-28 22:50:16.367  5603  5603 V NearbyFragment: Transfer to jKt9: 4%
06-28 22:50:16.372  5603  5603 V NearbyFragment: Transfer to jKt9: 4%
06-28 22:50:16.387  5603  5603 V NearbyFragment: Transfer to jKt9: 4%
06-28 22:50:16.410  5603  5603 V NearbyFragment: Transfer to jKt9: 4%
06-28 22:50:16.417  5603  5603 V NearbyFragment: Transfer to jKt9: 4%
06-28 22:50:16.424  5603  5603 V NearbyFragment: Transfer to jKt9: 4%
06-28 22:50:16.432  5603  5603 V NearbyFragment: Transfer to jKt9: 5%
06-28 22:50:16.439  5603  5603 V NearbyFragment: Transfer to jKt9: 5%
06-28 22:50:16.446  5603  5603 V NearbyFragment: Transfer to jKt9: 5%
06-28 22:50:16.454  5603  5603 V NearbyFragment: Transfer to jKt9: 5%
06-28 22:50:16.470  5603  5603 V NearbyFragment: Transfer to jKt9: 5%
06-28 22:50:16.471  5603  5603 V NearbyFragment: Transfer to jKt9: 5%
06-28 22:50:16.481  5603  5603 V NearbyFragment: Transfer to jKt9: 5%
06-28 22:50:16.488  5603  5603 V NearbyFragment: Transfer to jKt9: 5%
06-28 22:50:16.495  5603  5603 V NearbyFragment: Transfer to jKt9: 5%
06-28 22:50:16.504  5603  5603 V NearbyFragment: Transfer to jKt9: 5%
06-28 22:50:16.510  5603  5603 V NearbyFragment: Transfer to jKt9: 5%
06-28 22:50:16.522  5603  5603 V NearbyFragment: Transfer to jKt9: 6%
06-28 22:50:16.527  5603  5603 V NearbyFragment: Transfer to jKt9: 6%
06-28 22:50:16.534  5603  5603 V NearbyFragment: Transfer to jKt9: 6%
06-28 22:50:16.541  5603  5603 V NearbyFragment: Transfer to jKt9: 6%
06-28 22:50:16.551  5603  5603 V NearbyFragment: Transfer to jKt9: 6%
06-28 22:50:16.556  5603  5603 V NearbyFragment: Transfer to jKt9: 6%
06-28 22:50:16.563  5603  5603 V NearbyFragment: Transfer to jKt9: 6%
06-28 22:50:16.570  5603  5603 V NearbyFragment: Transfer to jKt9: 6%
06-28 22:50:16.580  5603  5603 V NearbyFragment: Transfer to jKt9: 6%
06-28 22:50:16.585  5603  5603 V NearbyFragment: Transfer to jKt9: 6%
06-28 22:50:16.593  5603  5603 V NearbyFragment: Transfer to jKt9: 7%
06-28 22:50:16.603  5603  5603 V NearbyFragment: Transfer to jKt9: 7%
06-28 22:50:16.607  5603  5603 V NearbyFragment: Transfer to jKt9: 7%
06-28 22:50:16.614  5603  5603 V NearbyFragment: Transfer to jKt9: 7%
06-28 22:50:16.625  5603  5603 V NearbyFragment: Transfer to jKt9: 7%
06-28 22:50:16.630  5603  5603 V NearbyFragment: Transfer to jKt9: 7%
06-28 22:50:16.634  5603  5603 V NearbyFragment: Transfer to jKt9: 7%
06-28 22:50:16.641  5603  5603 V NearbyFragment: Transfer to jKt9: 7%
06-28 22:50:16.647  5603  5603 V NearbyFragment: Transfer to jKt9: 7%
06-28 22:50:16.654  5603  5603 V NearbyFragment: Transfer to jKt9: 7%
06-28 22:50:16.661  5603  5603 V NearbyFragment: Transfer to jKt9: 7%
06-28 22:50:16.667  5603  5603 V NearbyFragment: Transfer to jKt9: 8%
06-28 22:50:16.680  5603  5603 V NearbyFragment: Transfer to jKt9: 8%
06-28 22:50:16.686  5603  5603 V NearbyFragment: Transfer to jKt9: 8%
06-28 22:50:16.723  5603  5603 V NearbyFragment: Transfer to jKt9: 8%
06-28 22:50:16.728  5603  5603 V NearbyFragment: Transfer to jKt9: 8%
06-28 22:50:16.734  5603  5603 V NearbyFragment: Transfer to jKt9: 8%
06-28 22:50:16.745  5603  5603 V NearbyFragment: Transfer to jKt9: 8%
06-28 22:50:16.750  5603  5603 V NearbyFragment: Transfer to jKt9: 8%
06-28 22:50:16.755  5603  5603 V NearbyFragment: Transfer to jKt9: 8%
06-28 22:50:16.760  5603  5603 V NearbyFragment: Transfer to jKt9: 8%
06-28 22:50:16.772  5603  5603 V NearbyFragment: Transfer to jKt9: 8%
06-28 22:50:16.776  5603  5603 V NearbyFragment: Transfer to jKt9: 9%
06-28 22:50:16.817  5603  5603 V NearbyFragment: Transfer to jKt9: 9%
06-28 22:50:16.827  5603  5603 V NearbyFragment: Transfer to jKt9: 9%
06-28 22:50:16.832  5603  5603 V NearbyFragment: Transfer to jKt9: 9%
06-28 22:50:16.839  5603  5603 V NearbyFragment: Transfer to jKt9: 9%
06-28 22:50:16.852  5603  5603 V NearbyFragment: Transfer to jKt9: 9%
06-28 22:50:16.856  5603  5603 V NearbyFragment: Transfer to jKt9: 9%
06-28 22:50:16.860  5603  5603 V NearbyFragment: Transfer to jKt9: 9%
06-28 22:50:16.865  5603  5603 V NearbyFragment: Transfer to jKt9: 9%
06-28 22:50:16.909  5603  5603 V NearbyFragment: Transfer to jKt9: 9%
06-28 22:50:16.914  5603  5603 V NearbyFragment: Transfer to jKt9: 10%
06-28 22:50:16.933  5603  5603 V NearbyFragment: Transfer to jKt9: 10%
06-28 22:50:16.938  5603  5603 V NearbyFragment: Transfer to jKt9: 10%
06-28 22:50:16.943  5603  5603 V NearbyFragment: Transfer to jKt9: 10%
06-28 22:50:16.948  5603  5603 V NearbyFragment: Transfer to jKt9: 10%
06-28 22:50:16.951  5603  5603 V NearbyFragment: Transfer to jKt9: 10%
06-28 22:50:16.961  5603  5603 V NearbyFragment: Transfer to jKt9: 10%
06-28 22:50:16.998  5603  5603 V NearbyFragment: Transfer to jKt9: 10%
06-28 22:50:17.008  5603  5603 V NearbyFragment: Transfer to jKt9: 10%
06-28 22:50:17.012  5603  5603 V NearbyFragment: Transfer to jKt9: 10%
06-28 22:50:17.018  5603  5603 V NearbyFragment: Transfer to jKt9: 10%
06-28 22:50:17.027  5603  5603 V NearbyFragment: Transfer to jKt9: 11%
06-28 22:50:17.033  5603  5603 V NearbyFragment: Transfer to jKt9: 11%
06-28 22:50:17.040  5603  5603 V NearbyFragment: Transfer to jKt9: 11%
06-28 22:50:17.097  5603  5603 V NearbyFragment: Transfer to jKt9: 11%
06-28 22:50:17.105  5603  5603 V NearbyFragment: Transfer to jKt9: 11%
06-28 22:50:17.114  5603  5603 V NearbyFragment: Transfer to jKt9: 11%
06-28 22:50:17.117  5603  5603 V NearbyFragment: Transfer to jKt9: 11%
06-28 22:50:17.123  5603  5603 V NearbyFragment: Transfer to jKt9: 11%
06-28 22:50:17.138  5603  5603 V NearbyFragment: Transfer to jKt9: 11%
06-28 22:50:17.186  5603  5603 V NearbyFragment: Transfer to jKt9: 11%
06-28 22:50:17.197  5603  5603 V NearbyFragment: Transfer to jKt9: 11%
06-28 22:50:17.206  5603  5603 V NearbyFragment: Transfer to jKt9: 12%
06-28 22:50:17.212  5603  5603 V NearbyFragment: Transfer to jKt9: 12%
06-28 22:50:17.221  5603  5603 V NearbyFragment: Transfer to jKt9: 12%
06-28 22:50:17.225  5603  5603 V NearbyFragment: Transfer to jKt9: 12%
06-28 22:50:17.232  5603  5603 V NearbyFragment: Transfer to jKt9: 12%
06-28 22:50:17.237  5603  5603 V NearbyFragment: Transfer to jKt9: 12%
06-28 22:50:17.242  5603  5603 V NearbyFragment: Transfer to jKt9: 12%
06-28 22:50:17.250  5603  5603 V NearbyFragment: Transfer to jKt9: 12%
06-28 22:50:17.254  5603  5603 V NearbyFragment: Transfer to jKt9: 12%
06-28 22:50:17.258  5603  5603 V NearbyFragment: Transfer to jKt9: 12%
06-28 22:50:17.274  5603  5603 V NearbyFragment: Transfer to jKt9: 13%
06-28 22:50:17.279  5603  5603 V NearbyFragment: Transfer to jKt9: 13%
06-28 22:50:17.287  5603  5603 V NearbyFragment: Transfer to jKt9: 13%
06-28 22:50:17.290  5603  5603 V NearbyFragment: Transfer to jKt9: 13%
06-28 22:50:17.292  5603  5603 V NearbyFragment: Transfer to jKt9: 13%
06-28 22:50:17.303  5603  5603 V NearbyFragment: Transfer to jKt9: 13%
06-28 22:50:17.307  5603  5603 V NearbyFragment: Transfer to jKt9: 13%
06-28 22:50:17.319  5603  5603 V NearbyFragment: Transfer to jKt9: 13%
06-28 22:50:17.326  5603  5603 V NearbyFragment: Transfer to jKt9: 13%
06-28 22:50:17.339  5603  5603 V NearbyFragment: Transfer to jKt9: 13%
06-28 22:50:17.342  5603  5603 V NearbyFragment: Transfer to jKt9: 13%
06-28 22:50:17.347  5603  5603 V NearbyFragment: Transfer to jKt9: 14%
06-28 22:50:17.352  5603  5603 V NearbyFragment: Transfer to jKt9: 14%
06-28 22:50:17.359  5603  5603 V NearbyFragment: Transfer to jKt9: 14%
06-28 22:50:17.365  5603  5603 V NearbyFragment: Transfer to jKt9: 14%
06-28 22:50:17.395  5603  5603 V NearbyFragment: Transfer to jKt9: 14%
06-28 22:50:17.401  5603  5603 V NearbyFragment: Transfer to jKt9: 14%
06-28 22:50:17.428  5603  5603 V NearbyFragment: Transfer to jKt9: 14%
06-28 22:50:17.438  5603  5603 V NearbyFragment: Transfer to jKt9: 14%
06-28 22:50:17.448  5603  5603 V NearbyFragment: Transfer to jKt9: 14%
06-28 22:50:17.455  5603  5603 V NearbyFragment: Transfer to jKt9: 14%
06-28 22:50:17.462  5603  5603 V NearbyFragment: Transfer to jKt9: 14%
06-28 22:50:17.469  5603  5603 V NearbyFragment: Transfer to jKt9: 15%
06-28 22:50:17.475  5603  5603 V NearbyFragment: Transfer to jKt9: 15%
06-28 22:50:17.491  5603  5603 V NearbyFragment: Transfer to jKt9: 15%
06-28 22:50:17.497  5603  5603 V NearbyFragment: Transfer to jKt9: 15%
06-28 22:50:17.503  5603  5603 V NearbyFragment: Transfer to jKt9: 15%
06-28 22:50:17.511  5603  5603 V NearbyFragment: Transfer to jKt9: 15%
06-28 22:50:17.518  5603  5603 V NearbyFragment: Transfer to jKt9: 15%
06-28 22:50:17.522  5603  5603 V NearbyFragment: Transfer to jKt9: 15%
06-28 22:50:17.527  5603  5603 V NearbyFragment: Transfer to jKt9: 15%
06-28 22:50:17.531  5603  5603 V NearbyFragment: Transfer to jKt9: 15%
06-28 22:50:17.535  5603  5603 V NearbyFragment: Transfer to jKt9: 16%
06-28 22:50:17.540  5603  5603 V NearbyFragment: Transfer to jKt9: 16%
06-28 22:50:17.546  5603  5603 V NearbyFragment: Transfer to jKt9: 16%
06-28 22:50:17.551  5603  5603 V NearbyFragment: Transfer to jKt9: 16%
06-28 22:50:17.555  5603  5603 V NearbyFragment: Transfer to jKt9: 16%
06-28 22:50:17.564  5603  5603 V NearbyFragment: Transfer to jKt9: 16%
06-28 22:50:17.568  5603  5603 V NearbyFragment: Transfer to jKt9: 16%
06-28 22:50:17.575  5603  5603 V NearbyFragment: Transfer to jKt9: 16%
06-28 22:50:17.582  5603  5603 V NearbyFragment: Transfer to jKt9: 16%
06-28 22:50:17.587  5603  5603 V NearbyFragment: Transfer to jKt9: 16%
06-28 22:50:17.592  5603  5603 V NearbyFragment: Transfer to jKt9: 16%
06-28 22:50:17.597  5603  5603 V NearbyFragment: Transfer to jKt9: 17%
06-28 22:50:17.611  5603  5603 V NearbyFragment: Transfer to jKt9: 17%
06-28 22:50:17.616  5603  5603 V NearbyFragment: Transfer to jKt9: 17%
06-28 22:50:17.623  5603  5603 V NearbyFragment: Transfer to jKt9: 17%
06-28 22:50:17.629  5603  5603 V NearbyFragment: Transfer to jKt9: 17%
06-28 22:50:17.634  5603  5603 V NearbyFragment: Transfer to jKt9: 17%
06-28 22:50:17.648  5603  5603 V NearbyFragment: Transfer to jKt9: 17%
06-28 22:50:17.653  5603  5603 V NearbyFragment: Transfer to jKt9: 17%
06-28 22:50:17.659  5603  5603 V NearbyFragment: Transfer to jKt9: 17%
06-28 22:50:17.666  5603  5603 V NearbyFragment: Transfer to jKt9: 17%
06-28 22:50:17.689  5603  5603 V NearbyFragment: Transfer to jKt9: 17%
06-28 22:50:17.694  5603  5603 V NearbyFragment: Transfer to jKt9: 18%
06-28 22:50:17.701  5603  5603 V NearbyFragment: Transfer to jKt9: 18%
06-28 22:50:17.715  5603  5603 V NearbyFragment: Transfer to jKt9: 18%
06-28 22:50:17.722  5603  5603 V NearbyFragment: Transfer to jKt9: 18%
06-28 22:50:17.729  5603  5603 V NearbyFragment: Transfer to jKt9: 18%
06-28 22:50:17.737  5603  5603 V NearbyFragment: Transfer to jKt9: 18%
06-28 22:50:17.756  5603  5603 V NearbyFragment: Transfer to jKt9: 18%
06-28 22:50:17.761  5603  5603 V NearbyFragment: Transfer to jKt9: 18%
06-28 22:50:17.767  5603  5603 V NearbyFragment: Transfer to jKt9: 18%
06-28 22:50:17.774  5603  5603 V NearbyFragment: Transfer to jKt9: 18%
06-28 22:50:17.781  5603  5603 V NearbyFragment: Transfer to jKt9: 19%
06-28 22:50:17.787  5603  5603 V NearbyFragment: Transfer to jKt9: 19%
06-28 22:50:17.797  5603  5603 V NearbyFragment: Transfer to jKt9: 19%
06-28 22:50:17.806  5603  5603 V NearbyFragment: Transfer to jKt9: 19%
06-28 22:50:17.815  5603  5603 V NearbyFragment: Transfer to jKt9: 19%
06-28 22:50:17.831  5603  5603 V NearbyFragment: Transfer to jKt9: 19%
06-28 22:50:17.836  5603  5603 V NearbyFragment: Transfer to jKt9: 19%
06-28 22:50:17.841  5603  5603 V NearbyFragment: Transfer to jKt9: 19%
06-28 22:50:17.846  5603  5603 V NearbyFragment: Transfer to jKt9: 19%
06-28 22:50:17.853  5603  5603 V NearbyFragment: Transfer to jKt9: 19%
06-28 22:50:17.861  5603  5603 V NearbyFragment: Transfer to jKt9: 19%
06-28 22:50:17.868  5603  5603 V NearbyFragment: Transfer to jKt9: 20%
06-28 22:50:17.880  5603  5603 V NearbyFragment: Transfer to jKt9: 20%
06-28 22:50:17.883  5603  5603 V NearbyFragment: Transfer to jKt9: 20%
06-28 22:50:17.887  5603  5603 V NearbyFragment: Transfer to jKt9: 20%
06-28 22:50:17.892  5603  5603 V NearbyFragment: Transfer to jKt9: 20%
06-28 22:50:17.897  5603  5603 V NearbyFragment: Transfer to jKt9: 20%
06-28 22:50:17.906  5603  5603 V NearbyFragment: Transfer to jKt9: 20%
06-28 22:50:17.913  5603  5603 V NearbyFragment: Transfer to jKt9: 20%
06-28 22:50:17.921  5603  5603 V NearbyFragment: Transfer to jKt9: 20%
06-28 22:50:17.926  5603  5603 V NearbyFragment: Transfer to jKt9: 20%
06-28 22:50:17.932  5603  5603 V NearbyFragment: Transfer to jKt9: 20%
06-28 22:50:17.940  5603  5603 V NearbyFragment: Transfer to jKt9: 21%
06-28 22:50:17.945  5603  5603 V NearbyFragment: Transfer to jKt9: 21%
06-28 22:50:17.952  5603  5603 V NearbyFragment: Transfer to jKt9: 21%
06-28 22:50:17.958  5603  5603 V NearbyFragment: Transfer to jKt9: 21%
06-28 22:50:17.966  5603  5603 V NearbyFragment: Transfer to jKt9: 21%
06-28 22:50:17.971  5603  5603 V NearbyFragment: Transfer to jKt9: 21%
06-28 22:50:17.981  5603  5603 V NearbyFragment: Transfer to jKt9: 21%
06-28 22:50:17.992  5603  5603 V NearbyFragment: Transfer to jKt9: 21%
06-28 22:50:17.996  5603  5603 V NearbyFragment: Transfer to jKt9: 21%
06-28 22:50:18.000  5603  5603 V NearbyFragment: Transfer to jKt9: 21%
06-28 22:50:18.005  5603  5603 V NearbyFragment: Transfer to jKt9: 22%
06-28 22:50:18.014  5603  5603 V NearbyFragment: Transfer to jKt9: 22%
06-28 22:50:18.021  5603  5603 V NearbyFragment: Transfer to jKt9: 22%
06-28 22:50:18.026  5603  5603 V NearbyFragment: Transfer to jKt9: 22%
06-28 22:50:18.032  5603  5603 V NearbyFragment: Transfer to jKt9: 22%
06-28 22:50:18.042  5603  5603 V NearbyFragment: Transfer to jKt9: 22%
06-28 22:50:18.061  5603  5603 V NearbyFragment: Transfer to jKt9: 22%
06-28 22:50:18.067  5603  5603 V NearbyFragment: Transfer to jKt9: 22%
06-28 22:50:18.073  5603  5603 V NearbyFragment: Transfer to jKt9: 22%
06-28 22:50:18.080  5603  5603 V NearbyFragment: Transfer to jKt9: 22%
06-28 22:50:18.085  5603  5603 V NearbyFragment: Transfer to jKt9: 22%
06-28 22:50:18.097  5603  5603 V NearbyFragment: Transfer to jKt9: 23%
06-28 22:50:18.104  5603  5603 V NearbyFragment: Transfer to jKt9: 23%
06-28 22:50:18.106  5603  5603 V NearbyFragment: Transfer to jKt9: 23%
06-28 22:50:18.110  5603  5603 V NearbyFragment: Transfer to jKt9: 23%
06-28 22:50:18.115  5603  5603 V NearbyFragment: Transfer to jKt9: 23%
06-28 22:50:18.123  5603  5603 V NearbyFragment: Transfer to jKt9: 23%
06-28 22:50:18.141  5603  5603 V NearbyFragment: Transfer to jKt9: 23%
06-28 22:50:18.145  5603  5603 V NearbyFragment: Transfer to jKt9: 23%
06-28 22:50:18.149  5603  5603 V NearbyFragment: Transfer to jKt9: 23%
06-28 22:50:18.183  5603  5603 V NearbyFragment: Transfer to jKt9: 23%
06-28 22:50:18.189  5603  5603 V NearbyFragment: Transfer to jKt9: 23%
06-28 22:50:18.195  5603  5603 V NearbyFragment: Transfer to jKt9: 24%
06-28 22:50:18.201  5603  5603 V NearbyFragment: Transfer to jKt9: 24%
06-28 22:50:18.208  5603  5603 V NearbyFragment: Transfer to jKt9: 24%
06-28 22:50:18.214  5603  5603 V NearbyFragment: Transfer to jKt9: 24%
06-28 22:50:18.232  5603  5603 V NearbyFragment: Transfer to jKt9: 24%
06-28 22:50:18.239  5603  5603 V NearbyFragment: Transfer to jKt9: 24%
06-28 22:50:18.244  5603  5603 V NearbyFragment: Transfer to jKt9: 24%
06-28 22:50:18.250  5603  5603 V NearbyFragment: Transfer to jKt9: 24%
06-28 22:50:18.289  5603  5603 V NearbyFragment: Transfer to jKt9: 24%
06-28 22:50:18.301  5603  5603 V NearbyFragment: Transfer to jKt9: 24%
06-28 22:50:18.308  5603  5603 V NearbyFragment: Transfer to jKt9: 25%
06-28 22:50:18.315  5603  5603 V NearbyFragment: Transfer to jKt9: 25%
06-28 22:50:18.323  5603  5603 V NearbyFragment: Transfer to jKt9: 25%
06-28 22:50:18.327  5603  5603 V NearbyFragment: Transfer to jKt9: 25%
06-28 22:50:18.333  5603  5603 V NearbyFragment: Transfer to jKt9: 25%
06-28 22:50:18.378  5603  5603 V NearbyFragment: Transfer to jKt9: 25%
06-28 22:50:18.392  5603  5603 V NearbyFragment: Transfer to jKt9: 25%
06-28 22:50:18.396  5603  5603 V NearbyFragment: Transfer to jKt9: 25%
06-28 22:50:18.402  5603  5603 V NearbyFragment: Transfer to jKt9: 25%
06-28 22:50:18.407  5603  5603 V NearbyFragment: Transfer to jKt9: 25%
06-28 22:50:18.412  5603  5603 V NearbyFragment: Transfer to jKt9: 25%
06-28 22:50:18.415  5603  5603 V NearbyFragment: Transfer to jKt9: 26%
06-28 22:50:18.419  5603  5603 V NearbyFragment: Transfer to jKt9: 26%
06-28 22:50:18.464  5603  5603 V NearbyFragment: Transfer to jKt9: 26%
06-28 22:50:18.493  5603  5603 V NearbyFragment: Transfer to jKt9: 26%
06-28 22:50:18.498  5603  5603 V NearbyFragment: Transfer to jKt9: 26%
06-28 22:50:18.505  5603  5603 V NearbyFragment: Transfer to jKt9: 26%
06-28 22:50:18.508  5603  5603 V NearbyFragment: Transfer to jKt9: 26%
06-28 22:50:18.513  5603  5603 V NearbyFragment: Transfer to jKt9: 26%
06-28 22:50:18.549  5603  5603 V NearbyFragment: Transfer to jKt9: 26%
06-28 22:50:18.562  5603  5603 V NearbyFragment: Transfer to jKt9: 26%
06-28 22:50:18.574  5603  5603 V NearbyFragment: Transfer to jKt9: 26%
06-28 22:50:18.579  5603  5603 V NearbyFragment: Transfer to jKt9: 27%
06-28 22:50:18.585  5603  5603 V NearbyFragment: Transfer to jKt9: 27%
06-28 22:50:18.591  5603  5603 V NearbyFragment: Transfer to jKt9: 27%
06-28 22:50:18.598  5603  5603 V NearbyFragment: Transfer to jKt9: 27%
06-28 22:50:18.603  5603  5603 V NearbyFragment: Transfer to jKt9: 27%
06-28 22:50:18.657  5603  5603 V NearbyFragment: Transfer to jKt9: 27%
06-28 22:50:18.673  5603  5603 V NearbyFragment: Transfer to jKt9: 27%
