--------- beginning of main
06-28 22:40:59.894 10734 10734 I zygote  : Late-enabling -Xcheck:jni
06-28 22:41:00.143 10734 10734 I zygote  : Rejecting re-init on previously-failed class java.lang.Class<androidx.core.view.ViewCompat$2>: java.lang.NoClassDefFoundError: Failed resolution of: Landroid/view/View$OnUnhandledKeyEventListener;
06-28 22:41:00.143 10734 10734 I zygote  :   at void androidx.core.view.ViewCompat.setOnApplyWindowInsetsListener(android.view.View, androidx.core.view.OnApplyWindowInsetsListener) (ViewCompat.java:2421)
06-28 22:41:00.143 10734 10734 I zygote  :   at android.view.ViewGroup androidx.appcompat.app.AppCompatDelegateImpl.createSubDecor() (AppCompatDelegateImpl.java:779)
06-28 22:41:00.143 10734 10734 I zygote  :   at void androidx.appcompat.app.AppCompatDelegateImpl.ensureSubDecor() (AppCompatDelegateImpl.java:659)
06-28 22:41:00.143 10734 10734 I zygote  :   at void androidx.appcompat.app.AppCompatDelegateImpl.setContentView(int) (AppCompatDelegateImpl.java:552)
06-28 22:41:00.143 10734 10734 I zygote  :   at void androidx.appcompat.app.AppCompatActivity.setContentView(int) (AppCompatActivity.java:161)
06-28 22:41:00.143 10734 10734 I zygote  :   at void com.example.edgesum.page.main.MainActivity.onCreate(android.os.Bundle) (MainActivity.java:95)
06-28 22:41:00.143 10734 10734 I zygote  :   at void android.app.Activity.performCreate(android.os.Bundle, android.os.PersistableBundle) (Activity.java:7009)
06-28 22:41:00.143 10734 10734 I zygote  :   at void android.app.Activity.performCreate(android.os.Bundle) (Activity.java:7000)
06-28 22:41:00.143 10734 10734 I zygote  :   at void android.app.Instrumentation.callActivityOnCreate(android.app.Activity, android.os.Bundle) (Instrumentation.java:1214)
06-28 22:41:00.143 10734 10734 I zygote  :   at android.app.Activity android.app.ActivityThread.performLaunchActivity(android.app.ActivityThread$ActivityClientRecord, android.content.Intent) (ActivityThread.java:2731)
06-28 22:41:00.143 10734 10734 I zygote  :   at void android.app.ActivityThread.handleLaunchActivity(android.app.ActivityThread$ActivityClientRecord, android.content.Intent, java.lang.String) (ActivityThread.java:2856)
06-28 22:41:00.143 10734 10734 I zygote  :   at void android.app.ActivityThread.-wrap11(android.app.ActivityThread, android.app.ActivityThread$ActivityClientRecord, android.content.Intent, java.lang.String) (ActivityThread.java:-1)
06-28 22:41:00.143 10734 10734 I zygote  :   at void android.app.ActivityThread$H.handleMessage(android.os.Message) (ActivityThread.java:1589)
06-28 22:41:00.143 10734 10734 I zygote  :   at void android.os.Handler.dispatchMessage(android.os.Message) (Handler.java:106)
06-28 22:41:00.143 10734 10734 I zygote  :   at void android.os.Looper.loop() (Looper.java:164)
06-28 22:41:00.143 10734 10734 I zygote  :   at void android.app.ActivityThread.main(java.lang.String[]) (ActivityThread.java:6494)
06-28 22:41:00.143 10734 10734 I zygote  :   at java.lang.Object java.lang.reflect.Method.invoke(java.lang.Object, java.lang.Object[]) (Method.java:-2)
06-28 22:41:00.143 10734 10734 I zygote  :   at void com.android.internal.os.RuntimeInit$MethodAndArgsCaller.run() (RuntimeInit.java:438)
06-28 22:41:00.143 10734 10734 I zygote  :   at void com.android.internal.os.ZygoteInit.main(java.lang.String[]) (ZygoteInit.java:807)
06-28 22:41:00.143 10734 10734 I zygote  : Caused by: java.lang.ClassNotFoundException: Didn't find class "android.view.View$OnUnhandledKeyEventListener" on path: DexPathList[[zip file "/data/app/com.example.edgesum-XZulbL2Uky1WPZydDzZa6Q==/base.apk"],nativeLibraryDirectories=[/data/app/com.example.edgesum-XZulbL2Uky1WPZydDzZa6Q==/lib/arm, /data/app/com.example.edgesum-XZulbL2Uky1WPZydDzZa6Q==/base.apk!/lib/armeabi-v7a, /system/lib, /system/vendor/lib]]
06-28 22:41:00.143 10734 10734 I zygote  :   at java.lang.Class dalvik.system.BaseDexClassLoader.findClass(java.lang.String) (BaseDexClassLoader.java:125)
06-28 22:41:00.143 10734 10734 I zygote  :   at java.lang.Class java.lang.ClassLoader.loadClass(java.lang.String, boolean) (ClassLoader.java:379)
06-28 22:41:00.143 10734 10734 I zygote  :   at java.lang.Class java.lang.ClassLoader.loadClass(java.lang.String) (ClassLoader.java:312)
06-28 22:41:00.143 10734 10734 I zygote  :   at void androidx.core.view.ViewCompat.setOnApplyWindowInsetsListener(android.view.View, androidx.core.view.OnApplyWindowInsetsListener) (ViewCompat.java:2421)
06-28 22:41:00.143 10734 10734 I zygote  :   at android.view.ViewGroup androidx.appcompat.app.AppCompatDelegateImpl.createSubDecor() (AppCompatDelegateImpl.java:779)
06-28 22:41:00.143 10734 10734 I zygote  :   at void androidx.appcompat.app.AppCompatDelegateImpl.ensureSubDecor() (AppCompatDelegateImpl.java:659)
06-28 22:41:00.143 10734 10734 I zygote  :   at void androidx.appcompat.app.AppCompatDelegateImpl.setContentView(int) (AppCompatDelegateImpl.java:552)
06-28 22:41:00.143 10734 10734 I zygote  :   at void androidx.appcompat.app.AppCompatActivity.setContentView(int) (AppCompatActivity.java:161)
06-28 22:41:00.143 10734 10734 I zygote  :   at void com.example.edgesum.page.main.MainActivity.onCreate(android.os.Bundle) (MainActivity.java:95)
06-28 22:41:00.143 10734 10734 I zygote  :   at void android.app.Activity.performCreate(android.os.Bundle, android.os.PersistableBundle) (Activity.java:7009)
06-28 22:41:00.143 10734 10734 I zygote  :   at void android.app.Activity.performCreate(android.os.Bundle) (Activity.java:7000)
06-28 22:41:00.143 10734 10734 I zygote  :   at void android.app.Instrumentation.callActivityOnCreate(android.app.Activity, android.os.Bundle) (Instrumentation.java:1214)
06-28 22:41:00.143 10734 10734 I zygote  :   at android.app.Activity android.app.ActivityThread.performLaunchActivity(android.app.ActivityThread$ActivityClientRecord, android.content.Intent) (ActivityThread.java:2731)
06-28 22:41:00.143 10734 10734 I zygote  :   at void android.app.ActivityThread.handleLaunchActivity(android.app.ActivityThread$ActivityClientRecord, android.content.Intent, java.lang.String) (ActivityThread.java:2856)
06-28 22:41:00.143 10734 10734 I zygote  :   at void android.app.ActivityThread.-wrap11(android.app.ActivityThread, android.app.ActivityThread$ActivityClientRecord, android.content.Intent, java.lang.String) (ActivityThread.java:-1)
06-28 22:41:00.143 10734 10734 I zygote  :   at void android.app.ActivityThread$H.handleMessage(android.os.Message) (ActivityThread.java:1589)
06-28 22:41:00.144 10734 10734 I zygote  :   at void android.os.Handler.dispatchMessage(android.os.Message) (Handler.java:106)
06-28 22:41:00.144 10734 10734 I zygote  :   at void android.os.Looper.loop() (Looper.java:164)
06-28 22:41:00.144 10734 10734 I zygote  :   at void android.app.ActivityThread.main(java.lang.String[]) (ActivityThread.java:6494)
06-28 22:41:00.144 10734 10734 I zygote  :   at java.lang.Object java.lang.reflect.Method.invoke(java.lang.Object, java.lang.Object[]) (Method.java:-2)
06-28 22:41:00.144 10734 10734 I zygote  :   at void com.android.internal.os.RuntimeInit$MethodAndArgsCaller.run() (RuntimeInit.java:438)
06-28 22:41:00.144 10734 10734 I zygote  :   at void com.android.internal.os.ZygoteInit.main(java.lang.String[]) (ZygoteInit.java:807)
06-28 22:41:00.144 10734 10734 I zygote  : 
06-28 22:41:00.145 10734 10734 I zygote  : Rejecting re-init on previously-failed class java.lang.Class<androidx.core.view.ViewCompat$2>: java.lang.NoClassDefFoundError: Failed resolution of: Landroid/view/View$OnUnhandledKeyEventListener;
06-28 22:41:00.145 10734 10734 I zygote  :   at void androidx.core.view.ViewCompat.setOnApplyWindowInsetsListener(android.view.View, androidx.core.view.OnApplyWindowInsetsListener) (ViewCompat.java:2421)
06-28 22:41:00.145 10734 10734 I zygote  :   at android.view.ViewGroup androidx.appcompat.app.AppCompatDelegateImpl.createSubDecor() (AppCompatDelegateImpl.java:779)
06-28 22:41:00.145 10734 10734 I zygote  :   at void androidx.appcompat.app.AppCompatDelegateImpl.ensureSubDecor() (AppCompatDelegateImpl.java:659)
06-28 22:41:00.145 10734 10734 I zygote  :   at void androidx.appcompat.app.AppCompatDelegateImpl.setContentView(int) (AppCompatDelegateImpl.java:552)
06-28 22:41:00.145 10734 10734 I zygote  :   at void androidx.appcompat.app.AppCompatActivity.setContentView(int) (AppCompatActivity.java:161)
06-28 22:41:00.145 10734 10734 I zygote  :   at void com.example.edgesum.page.main.MainActivity.onCreate(android.os.Bundle) (MainActivity.java:95)
06-28 22:41:00.146 10734 10734 I zygote  :   at void android.app.Activity.performCreate(android.os.Bundle, android.os.PersistableBundle) (Activity.java:7009)
06-28 22:41:00.146 10734 10734 I zygote  :   at void android.app.Activity.performCreate(android.os.Bundle) (Activity.java:7000)
06-28 22:41:00.146 10734 10734 I zygote  :   at void android.app.Instrumentation.callActivityOnCreate(android.app.Activity, android.os.Bundle) (Instrumentation.java:1214)
06-28 22:41:00.146 10734 10734 I zygote  :   at android.app.Activity android.app.ActivityThread.performLaunchActivity(android.app.ActivityThread$ActivityClientRecord, android.content.Intent) (ActivityThread.java:2731)
06-28 22:41:00.146 10734 10734 I zygote  :   at void android.app.ActivityThread.handleLaunchActivity(android.app.ActivityThread$ActivityClientRecord, android.content.Intent, java.lang.String) (ActivityThread.java:2856)
06-28 22:41:00.146 10734 10734 I zygote  :   at void android.app.ActivityThread.-wrap11(android.app.ActivityThread, android.app.ActivityThread$ActivityClientRecord, android.content.Intent, java.lang.String) (ActivityThread.java:-1)
06-28 22:41:00.146 10734 10734 I zygote  :   at void android.app.ActivityThread$H.handleMessage(android.os.Message) (ActivityThread.java:1589)
06-28 22:41:00.146 10734 10734 I zygote  :   at void android.os.Handler.dispatchMessage(android.os.Message) (Handler.java:106)
06-28 22:41:00.146 10734 10734 I zygote  :   at void android.os.Looper.loop() (Looper.java:164)
06-28 22:41:00.146 10734 10734 I zygote  :   at void android.app.ActivityThread.main(java.lang.String[]) (ActivityThread.java:6494)
06-28 22:41:00.146 10734 10734 I zygote  :   at java.lang.Object java.lang.reflect.Method.invoke(java.lang.Object, java.lang.Object[]) (Method.java:-2)
06-28 22:41:00.146 10734 10734 I zygote  :   at void com.android.internal.os.RuntimeInit$MethodAndArgsCaller.run() (RuntimeInit.java:438)
06-28 22:41:00.146 10734 10734 I zygote  :   at void com.android.internal.os.ZygoteInit.main(java.lang.String[]) (ZygoteInit.java:807)
06-28 22:41:00.146 10734 10734 I zygote  : Caused by: java.lang.ClassNotFoundException: Didn't find class "android.view.View$OnUnhandledKeyEventListener" on path: DexPathList[[zip file "/data/app/com.example.edgesum-XZulbL2Uky1WPZydDzZa6Q==/base.apk"],nativeLibraryDirectories=[/data/app/com.example.edgesum-XZulbL2Uky1WPZydDzZa6Q==/lib/arm, /data/app/com.example.edgesum-XZulbL2Uky1WPZydDzZa6Q==/base.apk!/lib/armeabi-v7a, /system/lib, /system/vendor/lib]]
06-28 22:41:00.146 10734 10734 I zygote  :   at java.lang.Class dalvik.system.BaseDexClassLoader.findClass(java.lang.String) (BaseDexClassLoader.java:125)
06-28 22:41:00.146 10734 10734 I zygote  :   at java.lang.Class java.lang.ClassLoader.loadClass(java.lang.String, boolean) (ClassLoader.java:379)
06-28 22:41:00.146 10734 10734 I zygote  :   at java.lang.Class java.lang.ClassLoader.loadClass(java.lang.String) (ClassLoader.java:312)
06-28 22:41:00.146 10734 10734 I zygote  :   at void androidx.core.view.ViewCompat.setOnApplyWindowInsetsListener(android.view.View, androidx.core.view.OnApplyWindowInsetsListener) (ViewCompat.java:2421)
06-28 22:41:00.146 10734 10734 I zygote  :   at android.view.ViewGroup androidx.appcompat.app.AppCompatDelegateImpl.createSubDecor() (AppCompatDelegateImpl.java:779)
06-28 22:41:00.146 10734 10734 I zygote  :   at void androidx.appcompat.app.AppCompatDelegateImpl.ensureSubDecor() (AppCompatDelegateImpl.java:659)
06-28 22:41:00.146 10734 10734 I zygote  :   at void androidx.appcompat.app.AppCompatDelegateImpl.setContentView(int) (AppCompatDelegateImpl.java:552)
06-28 22:41:00.146 10734 10734 I zygote  :   at void androidx.appcompat.app.AppCompatActivity.setContentView(int) (AppCompatActivity.java:161)
06-28 22:41:00.146 10734 10734 I zygote  :   at void com.example.edgesum.page.main.MainActivity.onCreate(android.os.Bundle) (MainActivity.java:95)
06-28 22:41:00.146 10734 10734 I zygote  :   at void android.app.Activity.performCreate(android.os.Bundle, android.os.PersistableBundle) (Activity.java:7009)
06-28 22:41:00.146 10734 10734 I zygote  :   at void android.app.Activity.performCreate(android.os.Bundle) (Activity.java:7000)
06-28 22:41:00.146 10734 10734 I zygote  :   at void android.app.Instrumentation.callActivityOnCreate(android.app.Activity, android.os.Bundle) (Instrumentation.java:1214)
06-28 22:41:00.146 10734 10734 I zygote  :   at android.app.Activity android.app.ActivityThread.performLaunchActivity(android.app.ActivityThread$ActivityClientRecord, android.content.Intent) (ActivityThread.java:2731)
06-28 22:41:00.146 10734 10734 I zygote  :   at void android.app.ActivityThread.handleLaunchActivity(android.app.ActivityThread$ActivityClientRecord, android.content.Intent, java.lang.String) (ActivityThread.java:2856)
06-28 22:41:00.146 10734 10734 I zygote  :   at void android.app.ActivityThread.-wrap11(android.app.ActivityThread, android.app.ActivityThread$ActivityClientRecord, android.content.Intent, java.lang.String) (ActivityThread.java:-1)
06-28 22:41:00.146 10734 10734 I zygote  :   at void android.app.ActivityThread$H.handleMessage(android.os.Message) (ActivityThread.java:1589)
06-28 22:41:00.146 10734 10734 I zygote  :   at void android.os.Handler.dispatchMessage(android.os.Message) (Handler.java:106)
06-28 22:41:00.146 10734 10734 I zygote  :   at void android.os.Looper.loop() (Looper.java:164)
06-28 22:41:00.146 10734 10734 I zygote  :   at void android.app.ActivityThread.main(java.lang.String[]) (ActivityThread.java:6494)
06-28 22:41:00.146 10734 10734 I zygote  :   at java.lang.Object java.lang.reflect.Method.invoke(java.lang.Object, java.lang.Object[]) (Method.java:-2)
06-28 22:41:00.146 10734 10734 I zygote  :   at void com.android.internal.os.RuntimeInit$MethodAndArgsCaller.run() (RuntimeInit.java:438)
06-28 22:41:00.146 10734 10734 I zygote  :   at void com.android.internal.os.ZygoteInit.main(java.lang.String[]) (ZygoteInit.java:807)
06-28 22:41:00.146 10734 10734 I zygote  : 
06-28 22:41:00.148 10734 10734 I zygote  : Rejecting re-init on previously-failed class java.lang.Class<androidx.core.view.ViewCompat$2>: java.lang.NoClassDefFoundError: Failed resolution of: Landroid/view/View$OnUnhandledKeyEventListener;
06-28 22:41:00.148 10734 10734 I zygote  :   at void androidx.core.view.ViewCompat.setOnApplyWindowInsetsListener(android.view.View, androidx.core.view.OnApplyWindowInsetsListener) (ViewCompat.java:2421)
06-28 22:41:00.148 10734 10734 I zygote  :   at android.view.ViewGroup androidx.appcompat.app.AppCompatDelegateImpl.createSubDecor() (AppCompatDelegateImpl.java:779)
06-28 22:41:00.148 10734 10734 I zygote  :   at void androidx.appcompat.app.AppCompatDelegateImpl.ensureSubDecor() (AppCompatDelegateImpl.java:659)
06-28 22:41:00.148 10734 10734 I zygote  :   at void androidx.appcompat.app.AppCompatDelegateImpl.setContentView(int) (AppCompatDelegateImpl.java:552)
06-28 22:41:00.148 10734 10734 I zygote  :   at void androidx.appcompat.app.AppCompatActivity.setContentView(int) (AppCompatActivity.java:161)
06-28 22:41:00.148 10734 10734 I zygote  :   at void com.example.edgesum.page.main.MainActivity.onCreate(android.os.Bundle) (MainActivity.java:95)
06-28 22:41:00.148 10734 10734 I zygote  :   at void android.app.Activity.performCreate(android.os.Bundle, android.os.PersistableBundle) (Activity.java:7009)
06-28 22:41:00.148 10734 10734 I zygote  :   at void android.app.Activity.performCreate(android.os.Bundle) (Activity.java:7000)
06-28 22:41:00.148 10734 10734 I zygote  :   at void android.app.Instrumentation.callActivityOnCreate(android.app.Activity, android.os.Bundle) (Instrumentation.java:1214)
06-28 22:41:00.148 10734 10734 I zygote  :   at android.app.Activity android.app.ActivityThread.performLaunchActivity(android.app.ActivityThread$ActivityClientRecord, android.content.Intent) (ActivityThread.java:2731)
06-28 22:41:00.148 10734 10734 I zygote  :   at void android.app.ActivityThread.handleLaunchActivity(android.app.ActivityThread$ActivityClientRecord, android.content.Intent, java.lang.String) (ActivityThread.java:2856)
06-28 22:41:00.148 10734 10734 I zygote  :   at void android.app.ActivityThread.-wrap11(android.app.ActivityThread, android.app.ActivityThread$ActivityClientRecord, android.content.Intent, java.lang.String) (ActivityThread.java:-1)
06-28 22:41:00.148 10734 10734 I zygote  :   at void android.app.ActivityThread$H.handleMessage(android.os.Message) (ActivityThread.java:1589)
06-28 22:41:00.148 10734 10734 I zygote  :   at void android.os.Handler.dispatchMessage(android.os.Message) (Handler.java:106)
06-28 22:41:00.148 10734 10734 I zygote  :   at void android.os.Looper.loop() (Looper.java:164)
06-28 22:41:00.148 10734 10734 I zygote  :   at void android.app.ActivityThread.main(java.lang.String[]) (ActivityThread.java:6494)
06-28 22:41:00.148 10734 10734 I zygote  :   at java.lang.Object java.lang.reflect.Method.invoke(java.lang.Object, java.lang.Object[]) (Method.java:-2)
06-28 22:41:00.148 10734 10734 I zygote  :   at void com.android.internal.os.RuntimeInit$MethodAndArgsCaller.run() (RuntimeInit.java:438)
06-28 22:41:00.148 10734 10734 I zygote  :   at void com.android.internal.os.ZygoteInit.main(java.lang.String[]) (ZygoteInit.java:807)
06-28 22:41:00.148 10734 10734 I zygote  : Caused by: java.lang.ClassNotFoundException: Didn't find class "android.view.View$OnUnhandledKeyEventListener" on path: DexPathList[[zip file "/data/app/com.example.edgesum-XZulbL2Uky1WPZydDzZa6Q==/base.apk"],nativeLibraryDirectories=[/data/app/com.example.edgesum-XZulbL2Uky1WPZydDzZa6Q==/lib/arm, /data/app/com.example.edgesum-XZulbL2Uky1WPZydDzZa6Q==/base.apk!/lib/armeabi-v7a, /system/lib, /system/vendor/lib]]
06-28 22:41:00.148 10734 10734 I zygote  :   at java.lang.Class dalvik.system.BaseDexClassLoader.findClass(java.lang.String) (BaseDexClassLoader.java:125)
06-28 22:41:00.148 10734 10734 I zygote  :   at java.lang.Class java.lang.ClassLoader.loadClass(java.lang.String, boolean) (ClassLoader.java:379)
06-28 22:41:00.148 10734 10734 I zygote  :   at java.lang.Class java.lang.ClassLoader.loadClass(java.lang.String) (ClassLoader.java:312)
06-28 22:41:00.148 10734 10734 I zygote  :   at void androidx.core.view.ViewCompat.setOnApplyWindowInsetsListener(android.view.View, androidx.core.view.OnApplyWindowInsetsListener) (ViewCompat.java:2421)
06-28 22:41:00.148 10734 10734 I zygote  :   at android.view.ViewGroup androidx.appcompat.app.AppCompatDelegateImpl.createSubDecor() (AppCompatDelegateImpl.java:779)
06-28 22:41:00.148 10734 10734 I zygote  :   at void androidx.appcompat.app.AppCompatDelegateImpl.ensureSubDecor() (AppCompatDelegateImpl.java:659)
06-28 22:41:00.148 10734 10734 I zygote  :   at void androidx.appcompat.app.AppCompatDelegateImpl.setContentView(int) (AppCompatDelegateImpl.java:552)
06-28 22:41:00.148 10734 10734 I zygote  :   at void androidx.appcompat.app.AppCompatActivity.setContentView(int) (AppCompatActivity.java:161)
06-28 22:41:00.148 10734 10734 I zygote  :   at void com.example.edgesum.page.main.MainActivity.onCreate(android.os.Bundle) (MainActivity.java:95)
06-28 22:41:00.148 10734 10734 I zygote  :   at void android.app.Activity.performCreate(android.os.Bundle, android.os.PersistableBundle) (Activity.java:7009)
06-28 22:41:00.148 10734 10734 I zygote  :   at void android.app.Activity.performCreate(android.os.Bundle) (Activity.java:7000)
06-28 22:41:00.148 10734 10734 I zygote  :   at void android.app.Instrumentation.callActivityOnCreate(android.app.Activity, android.os.Bundle) (Instrumentation.java:1214)
06-28 22:41:00.148 10734 10734 I zygote  :   at android.app.Activity android.app.ActivityThread.performLaunchActivity(android.app.ActivityThread$ActivityClientRecord, android.content.Intent) (ActivityThread.java:2731)
06-28 22:41:00.148 10734 10734 I zygote  :   at void android.app.ActivityThread.handleLaunchActivity(android.app.ActivityThread$ActivityClientRecord, android.content.Intent, java.lang.String) (ActivityThread.java:2856)
06-28 22:41:00.148 10734 10734 I zygote  :   at void android.app.ActivityThread.-wrap11(android.app.ActivityThread, android.app.ActivityThread$ActivityClientRecord, android.content.Intent, java.lang.String) (ActivityThread.java:-1)
06-28 22:41:00.148 10734 10734 I zygote  :   at void android.app.ActivityThread$H.handleMessage(android.os.Message) (ActivityThread.java:1589)
06-28 22:41:00.148 10734 10734 I zygote  :   at void android.os.Handler.dispatchMessage(android.os.Message) (Handler.java:106)
06-28 22:41:00.148 10734 10734 I zygote  :   at void android.os.Looper.loop() (Looper.java:164)
06-28 22:41:00.148 10734 10734 I zygote  :   at void android.app.ActivityThread.main(java.lang.String[]) (ActivityThread.java:6494)
06-28 22:41:00.148 10734 10734 I zygote  :   at java.lang.Object java.lang.reflect.Method.invoke(java.lang.Object, java.lang.Object[]) (Method.java:-2)
06-28 22:41:00.148 10734 10734 I zygote  :   at void com.android.internal.os.RuntimeInit$MethodAndArgsCaller.run() (RuntimeInit.java:438)
06-28 22:41:00.148 10734 10734 I zygote  :   at void com.android.internal.os.ZygoteInit.main(java.lang.String[]) (ZygoteInit.java:807)
06-28 22:41:00.148 10734 10734 I zygote  : 
06-28 22:41:00.422 10734 10734 V Repo    : /storage/emulated/0/Movies/raw
06-28 22:41:00.423 10734 10734 V Repo    : /storage/emulated/0/Movies/summarised
06-28 22:41:00.438 10734 10734 V FileManager: External storage is readable
06-28 22:41:00.438 10734 10734 V FileManager: Directory already exists: /storage/emulated/0/Movies/raw
06-28 22:41:00.441 10734 10734 V FileManager: External storage is readable
06-28 22:41:00.441 10734 10734 V FileManager: Directory already exists: /storage/emulated/0/Movies/summarised
06-28 22:41:00.444 10734 10734 V FileManager: External storage is readable
06-28 22:41:00.445 10734 10734 V FileManager: Directory already exists: /storage/emulated/0/Download/nearby
06-28 22:41:00.451 10734 10734 V FileManager: External storage is readable
06-28 22:41:00.451 10734 10734 V FileManager: Directory already exists: /storage/emulated/0/Movies/segment
06-28 22:41:00.454 10734 10734 V FileManager: External storage is readable
06-28 22:41:00.454 10734 10734 V FileManager: Directory already exists: /storage/emulated/0/Movies/segment-sum
06-28 22:41:00.671 10734 10734 V VideoManager: getAllVideoFromExternalStorageFolder
06-28 22:41:00.674 10734 10734 D VideoManager: /storage/emulated/0/Movies/summarised
06-28 22:41:00.689 10734 10734 D VideoManager: 0 videos return
06-28 22:41:00.737 10734 10739 I zygote  : Do partial code cache collection, code=10KB, data=20KB
06-28 22:41:00.738 10734 10739 I zygote  : After code cache collection, code=10KB, data=20KB
06-28 22:41:00.738 10734 10739 I zygote  : Increasing code cache capacity to 128KB
06-28 22:41:00.740 10734 10739 I zygote  : Do partial code cache collection, code=10KB, data=38KB
06-28 22:41:00.741 10734 10739 I zygote  : After code cache collection, code=10KB, data=38KB
06-28 22:41:00.741 10734 10739 I zygote  : Increasing code cache capacity to 256KB
06-28 22:41:00.741 10734 10739 I zygote  : Compiler allocated 4MB to compile void android.widget.TextView.<init>(android.content.Context, android.util.AttributeSet, int, int)
06-28 22:41:00.743 10734 10734 V VideoManager: getAllVideoFromExternalStorageFolder
06-28 22:41:00.750 10734 10734 D VideoManager: /storage/emulated/0/Movies/raw
06-28 22:41:00.758 10734 10734 D VideoManager: 0 videos return
06-28 22:41:00.820 10734 10753 D OpenGLRenderer: HWUI GL Pipeline
06-28 22:41:00.832 10734 10734 I TransferService: Starting Transfer Service to listen for network connectivity changes.
06-28 22:41:00.833 10734 10734 W LogFactory: Truncating log tag length as it exceed 23, the limit imposed by Android on certain API Levels
06-28 22:41:00.856 10734 10734 I TransferService: Registering the network receiver
06-28 22:41:00.868 10734 10734 E TransferService: No notification is passed in the intent. Unable to transition to foreground.
06-28 22:41:00.940 10734 10747 D MainActivity: Scanned /storage/emulated/0/Movies/raw
06-28 22:41:00.940 10734 10747 D MainActivity:   -> uri=content://media/external/file/932
06-28 22:41:01.006 10734 10734 W StaticLayout: maxLineHeight should not be -1.  maxLines:1 lineCount:1
06-28 22:41:01.022 10734 10747 D MainActivity: Scanned /storage/emulated/0/Movies/summarised
06-28 22:41:01.022 10734 10747 D MainActivity:   -> uri=content://media/external/file/931
06-28 22:41:01.022 10734 10734 W StaticLayout: maxLineHeight should not be -1.  maxLines:1 lineCount:1
06-28 22:41:01.033 10734 10734 I chatty  : uid=10086(com.example.edgesum) identical 1 line
06-28 22:41:01.042 10734 10734 W StaticLayout: maxLineHeight should not be -1.  maxLines:1 lineCount:1
06-28 22:41:01.071 10734 10753 I Adreno-EGL: <qeglDrvAPI_eglInitialize:379>: QUALCOMM Build: 06/17/16, f19e6a9, I9e7a63e7c4
06-28 22:41:01.075 10734 10753 I zygote  : android::hardware::configstore::V1_0::ISurfaceFlingerConfigs::hasWideColorDisplay retrieved: 0
06-28 22:41:01.075 10734 10753 I OpenGLRenderer: Initialized EGL, version 1.4
06-28 22:41:01.075 10734 10753 D OpenGLRenderer: Swap behavior 1
06-28 22:41:01.081 10734 10753 W Adreno-EGL: <qeglDrvAPI_eglGetConfigAttrib:607>: EGL_BAD_ATTRIBUTE
06-28 22:41:01.083 10734 10753 W Adreno-EGL: <qeglDrvAPI_eglGetConfigAttrib:607>: EGL_BAD_ATTRIBUTE
06-28 22:41:01.096 10734 10753 D vndksupport: Loading /vendor/lib/hw/gralloc.msm8974.so from current namespace instead of sphal namespace.
06-28 22:41:01.104 10734 10734 W StaticLayout: maxLineHeight should not be -1.  maxLines:1 lineCount:1
06-28 22:41:01.115 10734 10734 W StaticLayout: maxLineHeight should not be -1.  maxLines:1 lineCount:1
06-28 22:41:01.129 10734 10734 I TransferNetworkLossHand: Network connectivity changed detected.
06-28 22:41:01.130 10734 10734 I TransferNetworkLossHand: Network connected: false
06-28 22:41:01.282 10734 10753 D vndksupport: Loading /vendor/lib/hw/android.hardware.graphics.mapper@2.0-impl.so from current namespace instead of sphal namespace.
06-28 22:41:01.283 10734 10753 D vndksupport: Loading /vendor/lib/hw/gralloc.msm8974.so from current namespace instead of sphal namespace.
06-28 22:41:11.290 10734 10734 V MainActivity: Connect button clicked
06-28 22:41:16.724 10734 10734 V ConnectionFragment: Discovery switch checked
06-28 22:41:16.839 10734 10734 D NearbyFragment: Started discovering
06-28 22:41:17.231 10734 10734 D NearbyFragment: Found endpoint jKt9: Nexus 5X [34d8]
06-28 22:41:34.155 10734 10739 I zygote  : Do full code cache collection, code=126KB, data=88KB
06-28 22:41:34.156 10734 10739 I zygote  : After code cache collection, code=126KB, data=65KB
06-28 22:41:34.191 10734 10734 D NearbyFragment: Selected 'Endpoint{id=jKt9, name=Nexus 5X [34d8]}'
06-28 22:41:34.239 10734 10753 W Adreno-EGL: <qeglDrvAPI_eglGetConfigAttrib:607>: EGL_BAD_ATTRIBUTE
06-28 22:41:34.241 10734 10753 D vndksupport: Loading /vendor/lib/hw/gralloc.msm8974.so from current namespace instead of sphal namespace.
06-28 22:41:40.170 10734 10734 D NearbyFragment: Initiated connection with Endpoint{id=jKt9, name=Nexus 5X [34d8]}: Nexus 5X [34d8]
06-28 22:41:40.236 10734 10739 I zygote  : Do partial code cache collection, code=126KB, data=72KB
06-28 22:41:40.236 10734 10739 I zygote  : After code cache collection, code=126KB, data=72KB
06-28 22:41:40.236 10734 10739 I zygote  : Increasing code cache capacity to 512KB
06-28 22:41:40.289 10734 10734 D NearbyFragment: Requested connection with Endpoint{id=jKt9, name=Nexus 5X [34d8]}
06-28 22:41:40.377 10734 10753 W Adreno-EGL: <qeglDrvAPI_eglGetConfigAttrib:607>: EGL_BAD_ATTRIBUTE
06-28 22:41:40.384 10734 10753 D vndksupport: Loading /vendor/lib/hw/gralloc.msm8974.so from current namespace instead of sphal namespace.
06-28 22:41:42.408 10734 10734 I NearbyFragment: Connected to Endpoint{id=jKt9, name=Nexus 5X [34d8]}
06-28 22:41:43.002 10734 10734 V ConnectionFragment: Discovery switch unchecked
06-28 22:41:43.003 10734 10734 D NearbyFragment: Stopped discovering
06-28 22:41:46.566 10734 10734 I TransferNetworkLossHand: Network connectivity changed detected.
06-28 22:41:46.568 10734 10734 I TransferNetworkLossHand: Network connected: true
06-28 22:43:44.358 10734 10734 D NearbyFragment: onPayloadReceived(endpointId=jKt9, payload=com.google.android.gms.nearby.connection.Payload@d991a14)
06-28 22:43:44.360 10734 10734 V NearbyFragment: Started downloading SUMMARISE:-5037608221137090417:20200312_150844.mp4:45.0_1.0_23_medium from Endpoint{id=jKt9, name=Nexus 5X [34d8]}
06-28 22:43:44.369 10734 10734 V NearbyFragment: Transfer to jKt9: 100%
06-28 22:43:44.374 10734 10734 V NearbyFragment: Transfer to jKt9: 100%
06-28 22:43:44.388 10734 10734 D NearbyFragment: onPayloadReceived(endpointId=jKt9, payload=com.google.android.gms.nearby.connection.Payload@f2e4803)
06-28 22:43:44.391 10734 10734 V NearbyFragment: Transfer to jKt9: 0%
06-28 22:43:44.402 10734 10734 V NearbyFragment: Transfer to jKt9: 0%
06-28 22:43:44.417 10734 10734 V NearbyFragment: Transfer to jKt9: 0%
06-28 22:43:44.433 10734 10734 V NearbyFragment: Transfer to jKt9: 0%
06-28 22:43:44.460 10734 10734 V NearbyFragment: Transfer to jKt9: 0%
06-28 22:43:44.465 10734 10734 V NearbyFragment: Transfer to jKt9: 0%
06-28 22:43:44.475 10734 10734 V NearbyFragment: Transfer to jKt9: 0%
06-28 22:43:44.488 10734 10734 V NearbyFragment: Transfer to jKt9: 0%
06-28 22:43:44.503 10734 10734 V NearbyFragment: Transfer to jKt9: 0%
06-28 22:43:44.515 10734 10734 V NearbyFragment: Transfer to jKt9: 0%
06-28 22:43:44.527 10734 10734 V NearbyFragment: Transfer to jKt9: 1%
06-28 22:43:44.546 10734 10734 V NearbyFragment: Transfer to jKt9: 1%
06-28 22:43:44.551 10734 10734 V NearbyFragment: Transfer to jKt9: 1%
06-28 22:43:44.558 10734 10734 V NearbyFragment: Transfer to jKt9: 1%
06-28 22:43:44.560 10734 10734 V NearbyFragment: Transfer to jKt9: 1%
06-28 22:43:44.573 10734 10734 V NearbyFragment: Transfer to jKt9: 1%
06-28 22:43:44.584 10734 10734 V NearbyFragment: Transfer to jKt9: 1%
06-28 22:43:44.593 10734 10734 V NearbyFragment: Transfer to jKt9: 1%
06-28 22:43:44.603 10734 10734 V NearbyFragment: Transfer to jKt9: 1%
06-28 22:43:44.611 10734 10734 V NearbyFragment: Transfer to jKt9: 1%
06-28 22:43:44.622 10734 10734 V NearbyFragment: Transfer to jKt9: 1%
06-28 22:43:44.639 10734 10734 V NearbyFragment: Transfer to jKt9: 2%
06-28 22:43:44.641 10734 10734 V NearbyFragment: Transfer to jKt9: 2%
06-28 22:43:44.652 10734 10734 V NearbyFragment: Transfer to jKt9: 2%
06-28 22:43:44.661 10734 10734 V NearbyFragment: Transfer to jKt9: 2%
06-28 22:43:44.669 10734 10734 V NearbyFragment: Transfer to jKt9: 2%
06-28 22:43:44.680 10734 10734 V NearbyFragment: Transfer to jKt9: 2%
06-28 22:43:44.708 10734 10734 V NearbyFragment: Transfer to jKt9: 2%
06-28 22:43:44.711 10734 10734 V NearbyFragment: Transfer to jKt9: 2%
06-28 22:43:44.718 10734 10734 V NearbyFragment: Transfer to jKt9: 2%
06-28 22:43:44.735 10734 10734 V NearbyFragment: Transfer to jKt9: 2%
06-28 22:43:44.743 10734 10734 V NearbyFragment: Transfer to jKt9: 2%
06-28 22:43:44.756 10734 10734 V NearbyFragment: Transfer to jKt9: 3%
06-28 22:43:44.766 10734 10734 V NearbyFragment: Transfer to jKt9: 3%
06-28 22:43:44.775 10734 10734 V NearbyFragment: Transfer to jKt9: 3%
06-28 22:43:44.782 10734 10734 V NearbyFragment: Transfer to jKt9: 3%
06-28 22:43:44.792 10734 10734 V NearbyFragment: Transfer to jKt9: 3%
06-28 22:43:44.820 10734 10734 V NearbyFragment: Transfer to jKt9: 3%
06-28 22:43:44.833 10734 10734 V NearbyFragment: Transfer to jKt9: 3%
06-28 22:43:44.843 10734 10734 V NearbyFragment: Transfer to jKt9: 3%
06-28 22:43:44.851 10734 10734 V NearbyFragment: Transfer to jKt9: 3%
06-28 22:43:44.863 10734 10734 V NearbyFragment: Transfer to jKt9: 3%
06-28 22:43:44.874 10734 10734 V NearbyFragment: Transfer to jKt9: 4%
06-28 22:43:44.884 10734 10734 V NearbyFragment: Transfer to jKt9: 4%
06-28 22:43:44.896 10734 10734 V NearbyFragment: Transfer to jKt9: 4%
06-28 22:43:44.906 10734 10734 V NearbyFragment: Transfer to jKt9: 4%
06-28 22:43:44.912 10734 10734 V NearbyFragment: Transfer to jKt9: 4%
06-28 22:43:44.918 10734 10734 V NearbyFragment: Transfer to jKt9: 4%
06-28 22:43:44.926 10734 10734 V NearbyFragment: Transfer to jKt9: 4%
06-28 22:43:44.936 10734 10734 V NearbyFragment: Transfer to jKt9: 4%
06-28 22:43:44.948 10734 10734 V NearbyFragment: Transfer to jKt9: 4%
06-28 22:43:44.957 10734 10734 V NearbyFragment: Transfer to jKt9: 4%
06-28 22:43:44.965 10734 10734 V NearbyFragment: Transfer to jKt9: 4%
06-28 22:43:44.975 10734 10734 V NearbyFragment: Transfer to jKt9: 5%
06-28 22:43:44.980 10734 10734 V NearbyFragment: Transfer to jKt9: 5%
06-28 22:43:44.987 10734 10734 V NearbyFragment: Transfer to jKt9: 5%
06-28 22:43:45.005 10734 10734 V NearbyFragment: Transfer to jKt9: 5%
06-28 22:43:45.021 10734 10734 V NearbyFragment: Transfer to jKt9: 5%
06-28 22:43:45.029 10734 10734 V NearbyFragment: Transfer to jKt9: 5%
06-28 22:43:45.037 10734 10734 V NearbyFragment: Transfer to jKt9: 5%
06-28 22:43:45.062 10734 10734 V NearbyFragment: Transfer to jKt9: 5%
06-28 22:43:45.071 10734 10734 V NearbyFragment: Transfer to jKt9: 5%
06-28 22:43:45.080 10734 10734 V NearbyFragment: Transfer to jKt9: 5%
06-28 22:43:45.091 10734 10734 V NearbyFragment: Transfer to jKt9: 5%
06-28 22:43:45.099 10734 10734 V NearbyFragment: Transfer to jKt9: 6%
06-28 22:43:45.102 10734 10734 V NearbyFragment: Transfer to jKt9: 6%
06-28 22:43:45.110 10734 10734 V NearbyFragment: Transfer to jKt9: 6%
06-28 22:43:45.115 10734 10734 V NearbyFragment: Transfer to jKt9: 6%
06-28 22:43:45.144 10734 10734 V NearbyFragment: Transfer to jKt9: 6%
06-28 22:43:45.152 10734 10734 V NearbyFragment: Transfer to jKt9: 6%
06-28 22:43:45.159 10734 10734 V NearbyFragment: Transfer to jKt9: 6%
06-28 22:43:45.168 10734 10734 V NearbyFragment: Transfer to jKt9: 6%
06-28 22:43:45.176 10734 10734 V NearbyFragment: Transfer to jKt9: 6%
06-28 22:43:45.187 10734 10734 V NearbyFragment: Transfer to jKt9: 6%
06-28 22:43:45.196 10734 10734 V NearbyFragment: Transfer to jKt9: 7%
06-28 22:43:45.205 10734 10734 V NearbyFragment: Transfer to jKt9: 7%
06-28 22:43:45.214 10734 10734 V NearbyFragment: Transfer to jKt9: 7%
06-28 22:43:45.221 10734 10734 V NearbyFragment: Transfer to jKt9: 7%
06-28 22:43:45.233 10734 10734 V NearbyFragment: Transfer to jKt9: 7%
06-28 22:43:45.241 10734 10734 V NearbyFragment: Transfer to jKt9: 7%
06-28 22:43:45.250 10734 10734 V NearbyFragment: Transfer to jKt9: 7%
06-28 22:43:45.258 10734 10734 V NearbyFragment: Transfer to jKt9: 7%
06-28 22:43:45.268 10734 10734 V NearbyFragment: Transfer to jKt9: 7%
06-28 22:43:45.277 10734 10734 V NearbyFragment: Transfer to jKt9: 7%
06-28 22:43:45.285 10734 10734 V NearbyFragment: Transfer to jKt9: 7%
06-28 22:43:45.299 10734 10734 V NearbyFragment: Transfer to jKt9: 8%
06-28 22:43:45.314 10734 10734 V NearbyFragment: Transfer to jKt9: 8%
06-28 22:43:45.324 10734 10734 V NearbyFragment: Transfer to jKt9: 8%
06-28 22:43:45.335 10734 10734 V NearbyFragment: Transfer to jKt9: 8%
06-28 22:43:45.345 10734 10734 V NearbyFragment: Transfer to jKt9: 8%
06-28 22:43:45.365 10734 10734 V NearbyFragment: Transfer to jKt9: 8%
06-28 22:43:45.374 10734 10734 V NearbyFragment: Transfer to jKt9: 8%
06-28 22:43:45.380 10734 10734 V NearbyFragment: Transfer to jKt9: 8%
06-28 22:43:45.390 10734 10734 V NearbyFragment: Transfer to jKt9: 8%
06-28 22:43:45.394 10734 10734 V NearbyFragment: Transfer to jKt9: 8%
06-28 22:43:45.401 10734 10734 V NearbyFragment: Transfer to jKt9: 8%
06-28 22:43:45.421 10734 10734 V NearbyFragment: Transfer to jKt9: 9%
06-28 22:43:45.430 10734 10734 V NearbyFragment: Transfer to jKt9: 9%
06-28 22:43:45.460 10734 10734 V NearbyFragment: Transfer to jKt9: 9%
06-28 22:43:45.470 10734 10734 V NearbyFragment: Transfer to jKt9: 9%
06-28 22:43:45.476 10734 10734 V NearbyFragment: Transfer to jKt9: 9%
06-28 22:43:45.480 10734 10734 V NearbyFragment: Transfer to jKt9: 9%
06-28 22:43:45.487 10734 10734 V NearbyFragment: Transfer to jKt9: 9%
06-28 22:43:45.490 10734 10734 V NearbyFragment: Transfer to jKt9: 9%
06-28 22:43:45.500 10734 10734 V NearbyFragment: Transfer to jKt9: 9%
06-28 22:43:45.505 10734 10734 V NearbyFragment: Transfer to jKt9: 9%
06-28 22:43:45.508 10734 10734 V NearbyFragment: Transfer to jKt9: 10%
06-28 22:43:45.519 10734 10734 V NearbyFragment: Transfer to jKt9: 10%
06-28 22:43:45.522 10734 10734 V NearbyFragment: Transfer to jKt9: 10%
06-28 22:43:45.530 10734 10734 V NearbyFragment: Transfer to jKt9: 10%
06-28 22:43:45.544 10734 10734 V NearbyFragment: Transfer to jKt9: 10%
06-28 22:43:45.552 10734 10734 V NearbyFragment: Transfer to jKt9: 10%
06-28 22:43:45.562 10734 10734 V NearbyFragment: Transfer to jKt9: 10%
06-28 22:43:45.570 10734 10734 V NearbyFragment: Transfer to jKt9: 10%
06-28 22:43:45.578 10734 10734 V NearbyFragment: Transfer to jKt9: 10%
06-28 22:43:45.587 10734 10734 V NearbyFragment: Transfer to jKt9: 10%
06-28 22:43:45.597 10734 10734 V NearbyFragment: Transfer to jKt9: 10%
06-28 22:43:45.621 10734 10734 V NearbyFragment: Transfer to jKt9: 11%
06-28 22:43:45.644 10734 10734 V NearbyFragment: Transfer to jKt9: 11%
06-28 22:43:45.658 10734 10734 V NearbyFragment: Transfer to jKt9: 11%
06-28 22:43:45.670 10734 10734 V NearbyFragment: Transfer to jKt9: 11%
06-28 22:43:45.677 10734 10734 V NearbyFragment: Transfer to jKt9: 11%
06-28 22:43:45.697 10734 10734 V NearbyFragment: Transfer to jKt9: 11%
06-28 22:43:45.705 10734 10734 V NearbyFragment: Transfer to jKt9: 11%
06-28 22:43:45.731 10734 10734 V NearbyFragment: Transfer to jKt9: 11%
06-28 22:43:45.737 10734 10734 V NearbyFragment: Transfer to jKt9: 11%
06-28 22:43:45.752 10734 10734 V NearbyFragment: Transfer to jKt9: 11%
06-28 22:43:45.758 10734 10734 V NearbyFragment: Transfer to jKt9: 11%
06-28 22:43:45.764 10734 10734 V NearbyFragment: Transfer to jKt9: 12%
06-28 22:43:45.831 10734 10734 V NearbyFragment: Transfer to jKt9: 12%
06-28 22:43:45.840 10734 10734 V NearbyFragment: Transfer to jKt9: 12%
06-28 22:43:45.865 10734 10734 V NearbyFragment: Transfer to jKt9: 12%
06-28 22:43:45.876 10734 10734 V NearbyFragment: Transfer to jKt9: 12%
06-28 22:43:45.886 10734 10734 V NearbyFragment: Transfer to jKt9: 12%
06-28 22:43:45.897 10734 10734 V NearbyFragment: Transfer to jKt9: 12%
06-28 22:43:45.910 10734 10734 V NearbyFragment: Transfer to jKt9: 12%
06-28 22:43:45.921 10734 10734 V NearbyFragment: Transfer to jKt9: 12%
06-28 22:43:45.929 10734 10734 V NearbyFragment: Transfer to jKt9: 12%
06-28 22:43:45.939 10734 10734 V NearbyFragment: Transfer to jKt9: 13%
06-28 22:43:45.957 10734 10734 V NearbyFragment: Transfer to jKt9: 13%
06-28 22:43:45.970 10734 10734 V NearbyFragment: Transfer to jKt9: 13%
06-28 22:43:45.984 10734 10734 V NearbyFragment: Transfer to jKt9: 13%
06-28 22:43:45.995 10734 10734 V NearbyFragment: Transfer to jKt9: 13%
06-28 22:43:46.006 10734 10734 V NearbyFragment: Transfer to jKt9: 13%
06-28 22:43:46.019 10734 10734 V NearbyFragment: Transfer to jKt9: 13%
06-28 22:43:46.040 10734 10734 V NearbyFragment: Transfer to jKt9: 13%
06-28 22:43:46.047 10734 10734 V NearbyFragment: Transfer to jKt9: 13%
06-28 22:43:46.060 10734 10734 V NearbyFragment: Transfer to jKt9: 13%
06-28 22:43:46.063 10734 10734 V NearbyFragment: Transfer to jKt9: 13%
06-28 22:43:46.070 10734 10734 V NearbyFragment: Transfer to jKt9: 14%
06-28 22:43:46.076 10734 10734 V NearbyFragment: Transfer to jKt9: 14%
06-28 22:43:46.084 10734 10734 V NearbyFragment: Transfer to jKt9: 14%
06-28 22:43:46.091 10734 10734 V NearbyFragment: Transfer to jKt9: 14%
06-28 22:43:46.096 10734 10734 V NearbyFragment: Transfer to jKt9: 14%
06-28 22:43:46.102 10734 10734 V NearbyFragment: Transfer to jKt9: 14%
06-28 22:43:46.123 10734 10734 V NearbyFragment: Transfer to jKt9: 14%
06-28 22:43:46.132 10734 10734 V NearbyFragment: Transfer to jKt9: 14%
06-28 22:43:46.152 10734 10734 V NearbyFragment: Transfer to jKt9: 14%
06-28 22:43:46.169 10734 10734 V NearbyFragment: Transfer to jKt9: 14%
06-28 22:43:46.183 10734 10734 V NearbyFragment: Transfer to jKt9: 14%
06-28 22:43:46.212 10734 10734 V NearbyFragment: Transfer to jKt9: 15%
06-28 22:43:46.225 10734 10734 V NearbyFragment: Transfer to jKt9: 15%
06-28 22:43:46.236 10734 10734 V NearbyFragment: Transfer to jKt9: 15%
06-28 22:43:46.256 10734 10734 V NearbyFragment: Transfer to jKt9: 15%
06-28 22:43:46.266 10734 10734 V NearbyFragment: Transfer to jKt9: 15%
06-28 22:43:46.277 10734 10734 V NearbyFragment: Transfer to jKt9: 15%
06-28 22:43:46.286 10734 10734 V NearbyFragment: Transfer to jKt9: 15%
06-28 22:43:46.302 10734 10734 V NearbyFragment: Transfer to jKt9: 15%
06-28 22:43:46.312 10734 10734 V NearbyFragment: Transfer to jKt9: 15%
06-28 22:43:46.342 10734 10734 V NearbyFragment: Transfer to jKt9: 15%
06-28 22:43:46.350 10734 10734 V NearbyFragment: Transfer to jKt9: 16%
06-28 22:43:46.358 10734 10734 V NearbyFragment: Transfer to jKt9: 16%
06-28 22:43:46.363 10734 10734 V NearbyFragment: Transfer to jKt9: 16%
06-28 22:43:46.368 10734 10734 V NearbyFragment: Transfer to jKt9: 16%
06-28 22:43:46.419 10734 10734 V NearbyFragment: Transfer to jKt9: 16%
06-28 22:43:46.434 10734 10734 V NearbyFragment: Transfer to jKt9: 16%
06-28 22:43:46.441 10734 10734 V NearbyFragment: Transfer to jKt9: 16%
06-28 22:43:46.450 10734 10734 V NearbyFragment: Transfer to jKt9: 16%
06-28 22:43:46.460 10734 10734 V NearbyFragment: Transfer to jKt9: 16%
06-28 22:43:46.491 10734 10734 V NearbyFragment: Transfer to jKt9: 16%
06-28 22:43:46.498 10734 10734 V NearbyFragment: Transfer to jKt9: 16%
06-28 22:43:46.514 10734 10734 V NearbyFragment: Transfer to jKt9: 17%
06-28 22:43:46.521 10734 10734 V NearbyFragment: Transfer to jKt9: 17%
06-28 22:43:46.533 10734 10734 V NearbyFragment: Transfer to jKt9: 17%
06-28 22:43:46.545 10734 10734 V NearbyFragment: Transfer to jKt9: 17%
06-28 22:43:46.560 10734 10734 V NearbyFragment: Transfer to jKt9: 17%
06-28 22:43:46.583 10734 10734 V NearbyFragment: Transfer to jKt9: 17%
06-28 22:43:46.595 10734 10734 V NearbyFragment: Transfer to jKt9: 17%
06-28 22:43:46.607 10734 10734 V NearbyFragment: Transfer to jKt9: 17%
06-28 22:43:46.615 10734 10734 V NearbyFragment: Transfer to jKt9: 17%
06-28 22:43:46.622 10734 10734 V NearbyFragment: Transfer to jKt9: 17%
06-28 22:43:46.633 10734 10734 V NearbyFragment: Transfer to jKt9: 17%
06-28 22:43:46.679 10734 10734 V NearbyFragment: Transfer to jKt9: 18%
06-28 22:43:46.686 10734 10734 V NearbyFragment: Transfer to jKt9: 18%
06-28 22:43:46.718 10734 10734 V NearbyFragment: Transfer to jKt9: 18%
06-28 22:43:46.729 10734 10734 V NearbyFragment: Transfer to jKt9: 18%
06-28 22:43:46.739 10734 10734 V NearbyFragment: Transfer to jKt9: 18%
06-28 22:43:46.748 10734 10734 V NearbyFragment: Transfer to jKt9: 18%
06-28 22:43:46.798 10734 10734 V NearbyFragment: Transfer to jKt9: 18%
06-28 22:43:46.812 10734 10734 V NearbyFragment: Transfer to jKt9: 18%
06-28 22:43:46.819 10734 10734 V NearbyFragment: Transfer to jKt9: 18%
06-28 22:43:46.826 10734 10734 V NearbyFragment: Transfer to jKt9: 18%
06-28 22:43:46.835 10734 10734 V NearbyFragment: Transfer to jKt9: 19%
06-28 22:43:46.847 10734 10734 V NearbyFragment: Transfer to jKt9: 19%
06-28 22:43:46.885 10734 10734 V NearbyFragment: Transfer to jKt9: 19%
06-28 22:43:46.894 10734 10734 V NearbyFragment: Transfer to jKt9: 19%
06-28 22:43:46.903 10734 10734 V NearbyFragment: Transfer to jKt9: 19%
06-28 22:43:46.922 10734 10734 V NearbyFragment: Transfer to jKt9: 19%
06-28 22:43:46.931 10734 10734 V NearbyFragment: Transfer to jKt9: 19%
06-28 22:43:46.941 10734 10734 V NearbyFragment: Transfer to jKt9: 19%
06-28 22:43:46.947 10734 10734 V NearbyFragment: Transfer to jKt9: 19%
06-28 22:43:46.983 10734 10734 V NearbyFragment: Transfer to jKt9: 19%
06-28 22:43:47.019 10734 10734 V NearbyFragment: Transfer to jKt9: 19%
06-28 22:43:47.029 10734 10734 V NearbyFragment: Transfer to jKt9: 20%
06-28 22:43:47.039 10734 10734 V NearbyFragment: Transfer to jKt9: 20%
06-28 22:43:47.043 10734 10734 V NearbyFragment: Transfer to jKt9: 20%
06-28 22:43:47.049 10734 10734 V NearbyFragment: Transfer to jKt9: 20%
06-28 22:43:47.064 10734 10734 V NearbyFragment: Transfer to jKt9: 20%
06-28 22:43:47.075 10734 10734 V NearbyFragment: Transfer to jKt9: 20%
06-28 22:43:47.090 10734 10734 V NearbyFragment: Transfer to jKt9: 20%
06-28 22:43:47.100 10734 10734 V NearbyFragment: Transfer to jKt9: 20%
06-28 22:43:47.110 10734 10734 V NearbyFragment: Transfer to jKt9: 20%
06-28 22:43:47.113 10734 10734 V NearbyFragment: Transfer to jKt9: 20%
06-28 22:43:47.119 10734 10734 V NearbyFragment: Transfer to jKt9: 20%
06-28 22:43:47.168 10734 10734 V NearbyFragment: Transfer to jKt9: 21%
06-28 22:43:47.182 10734 10734 V NearbyFragment: Transfer to jKt9: 21%
06-28 22:43:47.210 10734 10734 V NearbyFragment: Transfer to jKt9: 21%
06-28 22:43:47.215 10734 10734 V NearbyFragment: Transfer to jKt9: 21%
06-28 22:43:47.225 10734 10734 V NearbyFragment: Transfer to jKt9: 21%
06-28 22:43:47.230 10734 10734 V NearbyFragment: Transfer to jKt9: 21%
06-28 22:43:47.240 10734 10734 V NearbyFragment: Transfer to jKt9: 21%
06-28 22:43:47.246 10734 10734 V NearbyFragment: Transfer to jKt9: 21%
06-28 22:43:47.250 10734 10734 V NearbyFragment: Transfer to jKt9: 21%
06-28 22:43:47.260 10734 10734 V NearbyFragment: Transfer to jKt9: 21%
06-28 22:43:47.264 10734 10734 V NearbyFragment: Transfer to jKt9: 22%
06-28 22:43:47.292 10734 10734 V NearbyFragment: Transfer to jKt9: 22%
06-28 22:43:47.304 10734 10734 V NearbyFragment: Transfer to jKt9: 22%
06-28 22:43:47.330 10734 10734 V NearbyFragment: Transfer to jKt9: 22%
06-28 22:43:47.340 10734 10734 V NearbyFragment: Transfer to jKt9: 22%
06-28 22:43:47.344 10734 10734 V NearbyFragment: Transfer to jKt9: 22%
06-28 22:43:47.354 10734 10734 V NearbyFragment: Transfer to jKt9: 22%
06-28 22:43:47.362 10734 10734 V NearbyFragment: Transfer to jKt9: 22%
06-28 22:43:47.371 10734 10734 V NearbyFragment: Transfer to jKt9: 22%
06-28 22:43:47.380 10734 10734 V NearbyFragment: Transfer to jKt9: 22%
06-28 22:43:47.388 10734 10734 V NearbyFragment: Transfer to jKt9: 22%
06-28 22:43:47.397 10734 10734 V NearbyFragment: Transfer to jKt9: 23%
06-28 22:43:47.410 10734 10734 V NearbyFragment: Transfer to jKt9: 23%
06-28 22:43:47.417 10734 10734 V NearbyFragment: Transfer to jKt9: 23%
06-28 22:43:47.420 10734 10734 V NearbyFragment: Transfer to jKt9: 23%
06-28 22:43:47.430 10734 10734 V NearbyFragment: Transfer to jKt9: 23%
06-28 22:43:47.438 10734 10734 V NearbyFragment: Transfer to jKt9: 23%
06-28 22:43:47.440 10734 10734 V NearbyFragment: Transfer to jKt9: 23%
06-28 22:43:47.456 10734 10734 V NearbyFragment: Transfer to jKt9: 23%
06-28 22:43:47.466 10734 10734 V NearbyFragment: Transfer to jKt9: 23%
06-28 22:43:47.474 10734 10734 V NearbyFragment: Transfer to jKt9: 23%
06-28 22:43:47.481 10734 10734 V NearbyFragment: Transfer to jKt9: 23%
06-28 22:43:47.491 10734 10734 V NearbyFragment: Transfer to jKt9: 24%
06-28 22:43:47.502 10734 10734 V NearbyFragment: Transfer to jKt9: 24%
06-28 22:43:47.513 10734 10734 V NearbyFragment: Transfer to jKt9: 24%
06-28 22:43:47.521 10734 10734 V NearbyFragment: Transfer to jKt9: 24%
06-28 22:43:47.555 10734 10734 V NearbyFragment: Transfer to jKt9: 24%
06-28 22:43:47.572 10734 10734 V NearbyFragment: Transfer to jKt9: 24%
06-28 22:43:47.580 10734 10734 V NearbyFragment: Transfer to jKt9: 24%
06-28 22:43:47.609 10734 10734 V NearbyFragment: Transfer to jKt9: 24%
06-28 22:43:47.620 10734 10734 V NearbyFragment: Transfer to jKt9: 24%
06-28 22:43:47.630 10734 10734 V NearbyFragment: Transfer to jKt9: 24%
06-28 22:43:47.638 10734 10734 V NearbyFragment: Transfer to jKt9: 25%
06-28 22:43:47.640 10734 10734 V NearbyFragment: Transfer to jKt9: 25%
06-28 22:43:47.650 10734 10734 V NearbyFragment: Transfer to jKt9: 25%
06-28 22:43:47.656 10734 10734 V NearbyFragment: Transfer to jKt9: 25%
06-28 22:43:47.658 10734 10734 V NearbyFragment: Transfer to jKt9: 25%
06-28 22:43:47.665 10734 10734 V NearbyFragment: Transfer to jKt9: 25%
06-28 22:43:47.673 10734 10734 V NearbyFragment: Transfer to jKt9: 25%
06-28 22:43:47.706 10734 10734 V NearbyFragment: Transfer to jKt9: 25%
06-28 22:43:47.715 10734 10734 V NearbyFragment: Transfer to jKt9: 25%
06-28 22:43:47.725 10734 10734 V NearbyFragment: Transfer to jKt9: 25%
06-28 22:43:47.735 10734 10734 V NearbyFragment: Transfer to jKt9: 25%
06-28 22:43:47.746 10734 10734 V NearbyFragment: Transfer to jKt9: 26%
06-28 22:43:47.769 10734 10734 V NearbyFragment: Transfer to jKt9: 26%
06-28 22:43:47.772 10734 10734 V NearbyFragment: Transfer to jKt9: 26%
06-28 22:43:47.780 10734 10734 V NearbyFragment: Transfer to jKt9: 26%
06-28 22:43:47.800 10734 10734 V NearbyFragment: Transfer to jKt9: 26%
06-28 22:43:47.809 10734 10734 V NearbyFragment: Transfer to jKt9: 26%
06-28 22:43:47.817 10734 10734 V NearbyFragment: Transfer to jKt9: 26%
06-28 22:43:47.827 10734 10734 V NearbyFragment: Transfer to jKt9: 26%
06-28 22:43:47.836 10734 10734 V NearbyFragment: Transfer to jKt9: 26%
06-28 22:43:47.854 10734 10734 V NearbyFragment: Transfer to jKt9: 26%
06-28 22:43:47.876 10734 10734 V NearbyFragment: Transfer to jKt9: 26%
06-28 22:43:47.901 10734 10734 V NearbyFragment: Transfer to jKt9: 27%
06-28 22:43:47.910 10734 10734 V NearbyFragment: Transfer to jKt9: 27%
06-28 22:43:47.918 10734 10734 V NearbyFragment: Transfer to jKt9: 27%
06-28 22:43:47.920 10734 10734 V NearbyFragment: Transfer to jKt9: 27%
