--------- beginning of main
06-30 03:34:42.074  8461  8461 I zygote64: Late-enabling -Xcheck:jni
--------- beginning of system
06-30 03:34:42.238  8461  8461 I ActivityThread: handleStopService: token=android.os.BinderProxy@b006efc not found.
06-30 03:34:42.244  8461  8461 I TransferService: Starting Transfer Service to listen for network connectivity changes.
06-30 03:34:42.246  8461  8461 W LogFactory: Truncating log tag length as it exceed 23, the limit imposed by Android on certain API Levels
06-30 03:34:42.321  8461  8461 I TransferService: Registering the network receiver
06-30 03:34:42.330  8461  8461 I TransferService: Moving the service out of the Foreground state.
06-30 03:34:42.331  8461  8461 I TransferService: De-registering the network receiver.
06-30 03:36:21.216  8461  8461 I zygote64: Rejecting re-init on previously-failed class java.lang.Class<androidx.core.view.ViewCompat$2>: java.lang.NoClassDefFoundError: Failed resolution of: Landroid/view/View$OnUnhandledKeyEventListener;
06-30 03:36:21.216  8461  8461 I zygote64:   at void androidx.core.view.ViewCompat.setOnApplyWindowInsetsListener(android.view.View, androidx.core.view.OnApplyWindowInsetsListener) (ViewCompat.java:2421)
06-30 03:36:21.216  8461  8461 I zygote64:   at android.view.ViewGroup androidx.appcompat.app.AppCompatDelegateImpl.createSubDecor() (AppCompatDelegateImpl.java:779)
06-30 03:36:21.216  8461  8461 I zygote64:   at void androidx.appcompat.app.AppCompatDelegateImpl.ensureSubDecor() (AppCompatDelegateImpl.java:659)
06-30 03:36:21.216  8461  8461 I zygote64:   at void androidx.appcompat.app.AppCompatDelegateImpl.setContentView(int) (AppCompatDelegateImpl.java:552)
06-30 03:36:21.216  8461  8461 I zygote64:   at void androidx.appcompat.app.AppCompatActivity.setContentView(int) (AppCompatActivity.java:161)
06-30 03:36:21.216  8461  8461 I zygote64:   at void com.example.edgesum.page.main.MainActivity.onCreate(android.os.Bundle) (MainActivity.java:95)
06-30 03:36:21.216  8461  8461 I zygote64:   at void android.app.Activity.performCreate(android.os.Bundle, android.os.PersistableBundle) (Activity.java:7009)
06-30 03:36:21.216  8461  8461 I zygote64:   at void android.app.Activity.performCreate(android.os.Bundle) (Activity.java:7000)
06-30 03:36:21.216  8461  8461 I zygote64:   at void android.app.Instrumentation.callActivityOnCreate(android.app.Activity, android.os.Bundle) (Instrumentation.java:1214)
06-30 03:36:21.216  8461  8461 I zygote64:   at android.app.Activity android.app.ActivityThread.performLaunchActivity(android.app.ActivityThread$ActivityClientRecord, android.content.Intent) (ActivityThread.java:2731)
06-30 03:36:21.216  8461  8461 I zygote64:   at void android.app.ActivityThread.handleLaunchActivity(android.app.ActivityThread$ActivityClientRecord, android.content.Intent, java.lang.String) (ActivityThread.java:2856)
06-30 03:36:21.216  8461  8461 I zygote64:   at void android.app.ActivityThread.-wrap11(android.app.ActivityThread, android.app.ActivityThread$ActivityClientRecord, android.content.Intent, java.lang.String) (ActivityThread.java:-1)
06-30 03:36:21.216  8461  8461 I zygote64:   at void android.app.ActivityThread$H.handleMessage(android.os.Message) (ActivityThread.java:1589)
06-30 03:36:21.216  8461  8461 I zygote64:   at void android.os.Handler.dispatchMessage(android.os.Message) (Handler.java:106)
06-30 03:36:21.216  8461  8461 I zygote64:   at void android.os.Looper.loop() (Looper.java:164)
06-30 03:36:21.216  8461  8461 I zygote64:   at void android.app.ActivityThread.main(java.lang.String[]) (ActivityThread.java:6494)
06-30 03:36:21.216  8461  8461 I zygote64:   at java.lang.Object java.lang.reflect.Method.invoke(java.lang.Object, java.lang.Object[]) (Method.java:-2)
06-30 03:36:21.216  8461  8461 I zygote64:   at void com.android.internal.os.RuntimeInit$MethodAndArgsCaller.run() (RuntimeInit.java:438)
06-30 03:36:21.216  8461  8461 I zygote64:   at void com.android.internal.os.ZygoteInit.main(java.lang.String[]) (ZygoteInit.java:807)
06-30 03:36:21.216  8461  8461 I zygote64: Caused by: java.lang.ClassNotFoundException: Didn't find class "android.view.View$OnUnhandledKeyEventListener" on path: DexPathList[[zip file "/data/app/com.example.edgesum-8Lvoc_azYUdUdNULLf1b3g==/base.apk"],nativeLibraryDirectories=[/data/app/com.example.edgesum-8Lvoc_azYUdUdNULLf1b3g==/lib/arm64, /data/app/com.example.edgesum-8Lvoc_azYUdUdNULLf1b3g==/base.apk!/lib/arm64-v8a, /system/lib64, /vendor/lib64]]
06-30 03:36:21.216  8461  8461 I zygote64:   at java.lang.Class dalvik.system.BaseDexClassLoader.findClass(java.lang.String) (BaseDexClassLoader.java:125)
06-30 03:36:21.216  8461  8461 I zygote64:   at java.lang.Class java.lang.ClassLoader.loadClass(java.lang.String, boolean) (ClassLoader.java:379)
06-30 03:36:21.216  8461  8461 I zygote64:   at java.lang.Class java.lang.ClassLoader.loadClass(java.lang.String) (ClassLoader.java:312)
06-30 03:36:21.216  8461  8461 I zygote64:   at void androidx.core.view.ViewCompat.setOnApplyWindowInsetsListener(android.view.View, androidx.core.view.OnApplyWindowInsetsListener) (ViewCompat.java:2421)
06-30 03:36:21.216  8461  8461 I zygote64:   at android.view.ViewGroup androidx.appcompat.app.AppCompatDelegateImpl.createSubDecor() (AppCompatDelegateImpl.java:779)
06-30 03:36:21.216  8461  8461 I zygote64:   at void androidx.appcompat.app.AppCompatDelegateImpl.ensureSubDecor() (AppCompatDelegateImpl.java:659)
06-30 03:36:21.216  8461  8461 I zygote64:   at void androidx.appcompat.app.AppCompatDelegateImpl.setContentView(int) (AppCompatDelegateImpl.java:552)
06-30 03:36:21.216  8461  8461 I zygote64:   at void androidx.appcompat.app.AppCompatActivity.setContentView(int) (AppCompatActivity.java:161)
06-30 03:36:21.216  8461  8461 I zygote64:   at void com.example.edgesum.page.main.MainActivity.onCreate(android.os.Bundle) (MainActivity.java:95)
06-30 03:36:21.216  8461  8461 I zygote64:   at void android.app.Activity.performCreate(android.os.Bundle, android.os.PersistableBundle) (Activity.java:7009)
06-30 03:36:21.216  8461  8461 I zygote64:   at void android.app.Activity.performCreate(android.os.Bundle) (Activity.java:7000)
06-30 03:36:21.216  8461  8461 I zygote64:   at void android.app.Instrumentation.callActivityOnCreate(android.app.Activity, android.os.Bundle) (Instrumentation.java:1214)
06-30 03:36:21.216  8461  8461 I zygote64:   at android.app.Activity android.app.ActivityThread.performLaunchActivity(android.app.ActivityThread$ActivityClientRecord, android.content.Intent) (ActivityThread.java:2731)
06-30 03:36:21.216  8461  8461 I zygote64:   at void android.app.ActivityThread.handleLaunchActivity(android.app.ActivityThread$ActivityClientRecord, android.content.Intent, java.lang.String) (ActivityThread.java:2856)
06-30 03:36:21.216  8461  8461 I zygote64:   at void android.app.ActivityThread.-wrap11(android.app.ActivityThread, android.app.ActivityThread$ActivityClientRecord, android.content.Intent, java.lang.String) (ActivityThread.java:-1)
06-30 03:36:21.216  8461  8461 I zygote64:   at void android.app.ActivityThread$H.handleMessage(android.os.Message) (ActivityThread.java:1589)
06-30 03:36:21.216  8461  8461 I zygote64:   at void android.os.Handler.dispatchMessage(android.os.Message) (Handler.java:106)
06-30 03:36:21.216  8461  8461 I zygote64:   at void android.os.Looper.loop() (Looper.java:164)
06-30 03:36:21.216  8461  8461 I zygote64:   at void android.app.ActivityThread.main(java.lang.String[]) (ActivityThread.java:6494)
06-30 03:36:21.216  8461  8461 I zygote64:   at java.lang.Object java.lang.reflect.Method.invoke(java.lang.Object, java.lang.Object[]) (Method.java:-2)
06-30 03:36:21.216  8461  8461 I zygote64:   at void com.android.internal.os.RuntimeInit$MethodAndArgsCaller.run() (RuntimeInit.java:438)
06-30 03:36:21.216  8461  8461 I zygote64:   at void com.android.internal.os.ZygoteInit.main(java.lang.String[]) (ZygoteInit.java:807)
06-30 03:36:21.216  8461  8461 I zygote64: 
06-30 03:36:21.217  8461  8461 I zygote64: Rejecting re-init on previously-failed class java.lang.Class<androidx.core.view.ViewCompat$2>: java.lang.NoClassDefFoundError: Failed resolution of: Landroid/view/View$OnUnhandledKeyEventListener;
06-30 03:36:21.217  8461  8461 I zygote64:   at void androidx.core.view.ViewCompat.setOnApplyWindowInsetsListener(android.view.View, androidx.core.view.OnApplyWindowInsetsListener) (ViewCompat.java:2421)
06-30 03:36:21.217  8461  8461 I zygote64:   at android.view.ViewGroup androidx.appcompat.app.AppCompatDelegateImpl.createSubDecor() (AppCompatDelegateImpl.java:779)
06-30 03:36:21.217  8461  8461 I zygote64:   at void androidx.appcompat.app.AppCompatDelegateImpl.ensureSubDecor() (AppCompatDelegateImpl.java:659)
06-30 03:36:21.217  8461  8461 I zygote64:   at void androidx.appcompat.app.AppCompatDelegateImpl.setContentView(int) (AppCompatDelegateImpl.java:552)
06-30 03:36:21.217  8461  8461 I zygote64:   at void androidx.appcompat.app.AppCompatActivity.setContentView(int) (AppCompatActivity.java:161)
06-30 03:36:21.217  8461  8461 I zygote64:   at void com.example.edgesum.page.main.MainActivity.onCreate(android.os.Bundle) (MainActivity.java:95)
06-30 03:36:21.217  8461  8461 I zygote64:   at void android.app.Activity.performCreate(android.os.Bundle, android.os.PersistableBundle) (Activity.java:7009)
06-30 03:36:21.217  8461  8461 I zygote64:   at void android.app.Activity.performCreate(android.os.Bundle) (Activity.java:7000)
06-30 03:36:21.218  8461  8461 I zygote64:   at void android.app.Instrumentation.callActivityOnCreate(android.app.Activity, android.os.Bundle) (Instrumentation.java:1214)
06-30 03:36:21.218  8461  8461 I zygote64:   at android.app.Activity android.app.ActivityThread.performLaunchActivity(android.app.ActivityThread$ActivityClientRecord, android.content.Intent) (ActivityThread.java:2731)
06-30 03:36:21.218  8461  8461 I zygote64:   at void android.app.ActivityThread.handleLaunchActivity(android.app.ActivityThread$ActivityClientRecord, android.content.Intent, java.lang.String) (ActivityThread.java:2856)
06-30 03:36:21.218  8461  8461 I zygote64:   at void android.app.ActivityThread.-wrap11(android.app.ActivityThread, android.app.ActivityThread$ActivityClientRecord, android.content.Intent, java.lang.String) (ActivityThread.java:-1)
06-30 03:36:21.218  8461  8461 I zygote64:   at void android.app.ActivityThread$H.handleMessage(android.os.Message) (ActivityThread.java:1589)
06-30 03:36:21.218  8461  8461 I zygote64:   at void android.os.Handler.dispatchMessage(android.os.Message) (Handler.java:106)
06-30 03:36:21.218  8461  8461 I zygote64:   at void android.os.Looper.loop() (Looper.java:164)
06-30 03:36:21.218  8461  8461 I zygote64:   at void android.app.ActivityThread.main(java.lang.String[]) (ActivityThread.java:6494)
06-30 03:36:21.218  8461  8461 I zygote64:   at java.lang.Object java.lang.reflect.Method.invoke(java.lang.Object, java.lang.Object[]) (Method.java:-2)
06-30 03:36:21.218  8461  8461 I zygote64:   at void com.android.internal.os.RuntimeInit$MethodAndArgsCaller.run() (RuntimeInit.java:438)
06-30 03:36:21.218  8461  8461 I zygote64:   at void com.android.internal.os.ZygoteInit.main(java.lang.String[]) (ZygoteInit.java:807)
06-30 03:36:21.218  8461  8461 I zygote64: Caused by: java.lang.ClassNotFoundException: Didn't find class "android.view.View$OnUnhandledKeyEventListener" on path: DexPathList[[zip file "/data/app/com.example.edgesum-8Lvoc_azYUdUdNULLf1b3g==/base.apk"],nativeLibraryDirectories=[/data/app/com.example.edgesum-8Lvoc_azYUdUdNULLf1b3g==/lib/arm64, /data/app/com.example.edgesum-8Lvoc_azYUdUdNULLf1b3g==/base.apk!/lib/arm64-v8a, /system/lib64, /vendor/lib64]]
06-30 03:36:21.218  8461  8461 I zygote64:   at java.lang.Class dalvik.system.BaseDexClassLoader.findClass(java.lang.String) (BaseDexClassLoader.java:125)
06-30 03:36:21.218  8461  8461 I zygote64:   at java.lang.Class java.lang.ClassLoader.loadClass(java.lang.String, boolean) (ClassLoader.java:379)
06-30 03:36:21.218  8461  8461 I zygote64:   at java.lang.Class java.lang.ClassLoader.loadClass(java.lang.String) (ClassLoader.java:312)
06-30 03:36:21.218  8461  8461 I zygote64:   at void androidx.core.view.ViewCompat.setOnApplyWindowInsetsListener(android.view.View, androidx.core.view.OnApplyWindowInsetsListener) (ViewCompat.java:2421)
06-30 03:36:21.218  8461  8461 I zygote64:   at android.view.ViewGroup androidx.appcompat.app.AppCompatDelegateImpl.createSubDecor() (AppCompatDelegateImpl.java:779)
06-30 03:36:21.218  8461  8461 I zygote64:   at void androidx.appcompat.app.AppCompatDelegateImpl.ensureSubDecor() (AppCompatDelegateImpl.java:659)
06-30 03:36:21.218  8461  8461 I zygote64:   at void androidx.appcompat.app.AppCompatDelegateImpl.setContentView(int) (AppCompatDelegateImpl.java:552)
06-30 03:36:21.218  8461  8461 I zygote64:   at void androidx.appcompat.app.AppCompatActivity.setContentView(int) (AppCompatActivity.java:161)
06-30 03:36:21.218  8461  8461 I zygote64:   at void com.example.edgesum.page.main.MainActivity.onCreate(android.os.Bundle) (MainActivity.java:95)
06-30 03:36:21.218  8461  8461 I zygote64:   at void android.app.Activity.performCreate(android.os.Bundle, android.os.PersistableBundle) (Activity.java:7009)
06-30 03:36:21.218  8461  8461 I zygote64:   at void android.app.Activity.performCreate(android.os.Bundle) (Activity.java:7000)
06-30 03:36:21.218  8461  8461 I zygote64:   at void android.app.Instrumentation.callActivityOnCreate(android.app.Activity, android.os.Bundle) (Instrumentation.java:1214)
06-30 03:36:21.218  8461  8461 I zygote64:   at android.app.Activity android.app.ActivityThread.performLaunchActivity(android.app.ActivityThread$ActivityClientRecord, android.content.Intent) (ActivityThread.java:2731)
06-30 03:36:21.218  8461  8461 I zygote64:   at void android.app.ActivityThread.handleLaunchActivity(android.app.ActivityThread$ActivityClientRecord, android.content.Intent, java.lang.String) (ActivityThread.java:2856)
06-30 03:36:21.218  8461  8461 I zygote64:   at void android.app.ActivityThread.-wrap11(android.app.ActivityThread, android.app.ActivityThread$ActivityClientRecord, android.content.Intent, java.lang.String) (ActivityThread.java:-1)
06-30 03:36:21.218  8461  8461 I zygote64:   at void android.app.ActivityThread$H.handleMessage(android.os.Message) (ActivityThread.java:1589)
06-30 03:36:21.218  8461  8461 I zygote64:   at void android.os.Handler.dispatchMessage(android.os.Message) (Handler.java:106)
06-30 03:36:21.218  8461  8461 I zygote64:   at void android.os.Looper.loop() (Looper.java:164)
06-30 03:36:21.218  8461  8461 I zygote64:   at void android.app.ActivityThread.main(java.lang.String[]) (ActivityThread.java:6494)
06-30 03:36:21.218  8461  8461 I zygote64:   at java.lang.Object java.lang.reflect.Method.invoke(java.lang.Object, java.lang.Object[]) (Method.java:-2)
06-30 03:36:21.218  8461  8461 I zygote64:   at void com.android.internal.os.RuntimeInit$MethodAndArgsCaller.run() (RuntimeInit.java:438)
06-30 03:36:21.218  8461  8461 I zygote64:   at void com.android.internal.os.ZygoteInit.main(java.lang.String[]) (ZygoteInit.java:807)
06-30 03:36:21.218  8461  8461 I zygote64: 
06-30 03:36:21.218  8461  8461 I zygote64: Rejecting re-init on previously-failed class java.lang.Class<androidx.core.view.ViewCompat$2>: java.lang.NoClassDefFoundError: Failed resolution of: Landroid/view/View$OnUnhandledKeyEventListener;
06-30 03:36:21.219  8461  8461 I zygote64:   at void androidx.core.view.ViewCompat.setOnApplyWindowInsetsListener(android.view.View, androidx.core.view.OnApplyWindowInsetsListener) (ViewCompat.java:2421)
06-30 03:36:21.219  8461  8461 I zygote64:   at android.view.ViewGroup androidx.appcompat.app.AppCompatDelegateImpl.createSubDecor() (AppCompatDelegateImpl.java:779)
06-30 03:36:21.219  8461  8461 I zygote64:   at void androidx.appcompat.app.AppCompatDelegateImpl.ensureSubDecor() (AppCompatDelegateImpl.java:659)
06-30 03:36:21.219  8461  8461 I zygote64:   at void androidx.appcompat.app.AppCompatDelegateImpl.setContentView(int) (AppCompatDelegateImpl.java:552)
06-30 03:36:21.219  8461  8461 I zygote64:   at void androidx.appcompat.app.AppCompatActivity.setContentView(int) (AppCompatActivity.java:161)
06-30 03:36:21.219  8461  8461 I zygote64:   at void com.example.edgesum.page.main.MainActivity.onCreate(android.os.Bundle) (MainActivity.java:95)
06-30 03:36:21.219  8461  8461 I zygote64:   at void android.app.Activity.performCreate(android.os.Bundle, android.os.PersistableBundle) (Activity.java:7009)
06-30 03:36:21.219  8461  8461 I zygote64:   at void android.app.Activity.performCreate(android.os.Bundle) (Activity.java:7000)
06-30 03:36:21.219  8461  8461 I zygote64:   at void android.app.Instrumentation.callActivityOnCreate(android.app.Activity, android.os.Bundle) (Instrumentation.java:1214)
06-30 03:36:21.219  8461  8461 I zygote64:   at android.app.Activity android.app.ActivityThread.performLaunchActivity(android.app.ActivityThread$ActivityClientRecord, android.content.Intent) (ActivityThread.java:2731)
06-30 03:36:21.219  8461  8461 I zygote64:   at void android.app.ActivityThread.handleLaunchActivity(android.app.ActivityThread$ActivityClientRecord, android.content.Intent, java.lang.String) (ActivityThread.java:2856)
06-30 03:36:21.219  8461  8461 I zygote64:   at void android.app.ActivityThread.-wrap11(android.app.ActivityThread, android.app.ActivityThread$ActivityClientRecord, android.content.Intent, java.lang.String) (ActivityThread.java:-1)
06-30 03:36:21.219  8461  8461 I zygote64:   at void android.app.ActivityThread$H.handleMessage(android.os.Message) (ActivityThread.java:1589)
06-30 03:36:21.219  8461  8461 I zygote64:   at void android.os.Handler.dispatchMessage(android.os.Message) (Handler.java:106)
06-30 03:36:21.219  8461  8461 I zygote64:   at void android.os.Looper.loop() (Looper.java:164)
06-30 03:36:21.219  8461  8461 I zygote64:   at void android.app.ActivityThread.main(java.lang.String[]) (ActivityThread.java:6494)
06-30 03:36:21.219  8461  8461 I zygote64:   at java.lang.Object java.lang.reflect.Method.invoke(java.lang.Object, java.lang.Object[]) (Method.java:-2)
06-30 03:36:21.219  8461  8461 I zygote64:   at void com.android.internal.os.RuntimeInit$MethodAndArgsCaller.run() (RuntimeInit.java:438)
06-30 03:36:21.219  8461  8461 I zygote64:   at void com.android.internal.os.ZygoteInit.main(java.lang.String[]) (ZygoteInit.java:807)
06-30 03:36:21.219  8461  8461 I zygote64: Caused by: java.lang.ClassNotFoundException: Didn't find class "android.view.View$OnUnhandledKeyEventListener" on path: DexPathList[[zip file "/data/app/com.example.edgesum-8Lvoc_azYUdUdNULLf1b3g==/base.apk"],nativeLibraryDirectories=[/data/app/com.example.edgesum-8Lvoc_azYUdUdNULLf1b3g==/lib/arm64, /data/app/com.example.edgesum-8Lvoc_azYUdUdNULLf1b3g==/base.apk!/lib/arm64-v8a, /system/lib64, /vendor/lib64]]
06-30 03:36:21.219  8461  8461 I zygote64:   at java.lang.Class dalvik.system.BaseDexClassLoader.findClass(java.lang.String) (BaseDexClassLoader.java:125)
06-30 03:36:21.219  8461  8461 I zygote64:   at java.lang.Class java.lang.ClassLoader.loadClass(java.lang.String, boolean) (ClassLoader.java:379)
06-30 03:36:21.219  8461  8461 I zygote64:   at java.lang.Class java.lang.ClassLoader.loadClass(java.lang.String) (ClassLoader.java:312)
06-30 03:36:21.219  8461  8461 I zygote64:   at void androidx.core.view.ViewCompat.setOnApplyWindowInsetsListener(android.view.View, androidx.core.view.OnApplyWindowInsetsListener) (ViewCompat.java:2421)
06-30 03:36:21.219  8461  8461 I zygote64:   at android.view.ViewGroup androidx.appcompat.app.AppCompatDelegateImpl.createSubDecor() (AppCompatDelegateImpl.java:779)
06-30 03:36:21.219  8461  8461 I zygote64:   at void androidx.appcompat.app.AppCompatDelegateImpl.ensureSubDecor() (AppCompatDelegateImpl.java:659)
06-30 03:36:21.219  8461  8461 I zygote64:   at void androidx.appcompat.app.AppCompatDelegateImpl.setContentView(int) (AppCompatDelegateImpl.java:552)
06-30 03:36:21.219  8461  8461 I zygote64:   at void androidx.appcompat.app.AppCompatActivity.setContentView(int) (AppCompatActivity.java:161)
06-30 03:36:21.219  8461  8461 I zygote64:   at void com.example.edgesum.page.main.MainActivity.onCreate(android.os.Bundle) (MainActivity.java:95)
06-30 03:36:21.219  8461  8461 I zygote64:   at void android.app.Activity.performCreate(android.os.Bundle, android.os.PersistableBundle) (Activity.java:7009)
06-30 03:36:21.219  8461  8461 I zygote64:   at void android.app.Activity.performCreate(android.os.Bundle) (Activity.java:7000)
06-30 03:36:21.219  8461  8461 I zygote64:   at void android.app.Instrumentation.callActivityOnCreate(android.app.Activity, android.os.Bundle) (Instrumentation.java:1214)
06-30 03:36:21.219  8461  8461 I zygote64:   at android.app.Activity android.app.ActivityThread.performLaunchActivity(android.app.ActivityThread$ActivityClientRecord, android.content.Intent) (ActivityThread.java:2731)
06-30 03:36:21.219  8461  8461 I zygote64:   at void android.app.ActivityThread.handleLaunchActivity(android.app.ActivityThread$ActivityClientRecord, android.content.Intent, java.lang.String) (ActivityThread.java:2856)
06-30 03:36:21.219  8461  8461 I zygote64:   at void android.app.ActivityThread.-wrap11(android.app.ActivityThread, android.app.ActivityThread$ActivityClientRecord, android.content.Intent, java.lang.String) (ActivityThread.java:-1)
06-30 03:36:21.219  8461  8461 I zygote64:   at void android.app.ActivityThread$H.handleMessage(android.os.Message) (ActivityThread.java:1589)
06-30 03:36:21.219  8461  8461 I zygote64:   at void android.os.Handler.dispatchMessage(android.os.Message) (Handler.java:106)
06-30 03:36:21.219  8461  8461 I zygote64:   at void android.os.Looper.loop() (Looper.java:164)
06-30 03:36:21.219  8461  8461 I zygote64:   at void android.app.ActivityThread.main(java.lang.String[]) (ActivityThread.java:6494)
06-30 03:36:21.219  8461  8461 I zygote64:   at java.lang.Object java.lang.reflect.Method.invoke(java.lang.Object, java.lang.Object[]) (Method.java:-2)
06-30 03:36:21.219  8461  8461 I zygote64:   at void com.android.internal.os.RuntimeInit$MethodAndArgsCaller.run() (RuntimeInit.java:438)
06-30 03:36:21.219  8461  8461 I zygote64:   at void com.android.internal.os.ZygoteInit.main(java.lang.String[]) (ZygoteInit.java:807)
06-30 03:36:21.219  8461  8461 I zygote64: 
06-30 03:36:21.391  8461  8461 V Repo    : /storage/emulated/0/Movies/raw
06-30 03:36:21.392  8461  8461 V Repo    : /storage/emulated/0/Movies/summarised
06-30 03:36:21.405  8461  8461 V FileManager: External storage is readable
06-30 03:36:21.407  8461  8461 V FileManager: Created new directory: /storage/emulated/0/Movies/raw
06-30 03:36:21.413  8461  8461 V FileManager: External storage is readable
06-30 03:36:21.415  8461  8461 V FileManager: Created new directory: /storage/emulated/0/Movies/summarised
06-30 03:36:21.425  8461  8461 V FileManager: External storage is readable
06-30 03:36:21.426  8461  8461 V FileManager: Directory already exists: /storage/emulated/0/Download/nearby
06-30 03:36:21.430  8461  8461 V FileManager: External storage is readable
06-30 03:36:21.432  8461  8461 V FileManager: Created new directory: /storage/emulated/0/Movies/segment
06-30 03:36:21.441  8461  8461 V FileManager: External storage is readable
06-30 03:36:21.443  8461  8461 V FileManager: Created new directory: /storage/emulated/0/Movies/segment-sum
06-30 03:36:21.595  8461  8461 V VideoManager: getAllVideoFromExternalStorageFolder
06-30 03:36:21.601  8461  8461 D VideoManager: /storage/emulated/0/Movies/summarised
06-30 03:36:21.613  8461  8461 D VideoManager: 0 videos return
06-30 03:36:21.641  8461  8461 V VideoManager: getAllVideoFromExternalStorageFolder
06-30 03:36:21.647  8461  8461 D VideoManager: /storage/emulated/0/Movies/raw
06-30 03:36:21.653  8461  8461 D VideoManager: 0 videos return
06-30 03:36:21.698  8461  8596 D OpenGLRenderer: HWUI GL Pipeline
06-30 03:36:21.707  8461  8461 I TransferService: Starting Transfer Service to listen for network connectivity changes.
06-30 03:36:21.707  8461  8461 I TransferService: Registering the network receiver
06-30 03:36:21.709  8461  8461 E TransferService: No notification is passed in the intent. Unable to transition to foreground.
06-30 03:36:21.753  8461  8473 D MainActivity: Scanned /storage/emulated/0/Movies/raw
06-30 03:36:21.753  8461  8473 D MainActivity:   -> uri=content://media/external/file/872
06-30 03:36:21.780  8461  8594 D MainActivity: Scanned /storage/emulated/0/Movies/summarised
06-30 03:36:21.780  8461  8594 D MainActivity:   -> uri=content://media/external/file/873
06-30 03:36:21.838  8461  8596 I Adreno  : QUALCOMM build                   : 8e59954, I0be83d0d26
06-30 03:36:21.838  8461  8596 I Adreno  : Build Date                       : 09/22/17
06-30 03:36:21.838  8461  8596 I Adreno  : OpenGL ES Shader Compiler Version: EV031.21.02.00
06-30 03:36:21.838  8461  8596 I Adreno  : Local Branch                     : O17A
06-30 03:36:21.838  8461  8596 I Adreno  : Remote Branch                    : 
06-30 03:36:21.838  8461  8596 I Adreno  : Remote Branch                    : 
06-30 03:36:21.838  8461  8596 I Adreno  : Reconstruct Branch               : 
06-30 03:36:21.838  8461  8596 D vndksupport: Loading /vendor/lib64/hw/gralloc.msm8992.so from current namespace instead of sphal namespace.
06-30 03:36:21.843  8461  8596 I Adreno  : PFP: 0x00000000, ME: 0x00000000
06-30 03:36:21.849  8461  8596 I zygote64: android::hardware::configstore::V1_0::ISurfaceFlingerConfigs::hasWideColorDisplay retrieved: 0
06-30 03:36:21.850  8461  8596 I OpenGLRenderer: Initialized EGL, version 1.4
06-30 03:36:21.850  8461  8596 D OpenGLRenderer: Swap behavior 2
06-30 03:36:21.856  8461  8466 I zygote64: Do partial code cache collection, code=23KB, data=29KB
06-30 03:36:21.856  8461  8466 I zygote64: After code cache collection, code=23KB, data=29KB
06-30 03:36:21.856  8461  8466 I zygote64: Increasing code cache capacity to 128KB
06-30 03:36:21.860  8461  8461 I TransferNetworkLossHand: Network connectivity changed detected.
06-30 03:36:21.861  8461  8461 I TransferNetworkLossHand: Network connected: false
06-30 03:36:21.942  8461  8596 D vndksupport: Loading /vendor/lib64/hw/android.hardware.graphics.mapper@2.0-impl.so from current namespace instead of sphal namespace.
06-30 03:36:21.943  8461  8596 D vndksupport: Loading /vendor/lib64/hw/gralloc.msm8992.so from current namespace instead of sphal namespace.
06-30 03:36:27.893  8461  8461 V MainActivity: Connect button clicked
06-30 03:36:35.236  8461  8461 V ConnectionFragment: Discovery switch checked
06-30 03:36:37.149  8461  8461 D NearbyFragment: Started discovering
06-30 03:36:38.933  8461  8461 D NearbyFragment: Found endpoint jfM6: Nexus 5X [34d8]
06-30 03:36:39.000  8461  8466 I zygote64: Do partial code cache collection, code=53KB, data=58KB
06-30 03:36:39.000  8461  8466 I zygote64: After code cache collection, code=53KB, data=58KB
06-30 03:36:39.000  8461  8466 I zygote64: Increasing code cache capacity to 256KB
06-30 03:36:59.310  8461  8461 D NearbyFragment: Selected 'Endpoint{id=jfM6, name=Nexus 5X [34d8]}'
06-30 03:36:59.311  8461  8466 I zygote64: Compiler allocated 4MB to compile void android.view.ViewRootImpl.performTraversals()
06-30 03:36:59.361  8461  8466 I zygote64: Compiler allocated 4MB to compile void android.view.View.<init>(android.content.Context, android.util.AttributeSet, int, int)
06-30 03:36:59.382  8461  8466 I zygote64: Do full code cache collection, code=125KB, data=97KB
06-30 03:36:59.383  8461  8466 I zygote64: After code cache collection, code=121KB, data=65KB
06-30 03:37:05.961  8461  8461 D NearbyFragment: Initiated connection with Endpoint{id=jfM6, name=Nexus 5X [34d8]}: Nexus 5X [34d8]
06-30 03:37:06.105  8461  8461 D NearbyFragment: Requested connection with Endpoint{id=jfM6, name=Nexus 5X [34d8]}
06-30 03:37:06.169  8461  8466 I zygote64: Do partial code cache collection, code=124KB, data=82KB
06-30 03:37:06.169  8461  8466 I zygote64: After code cache collection, code=124KB, data=82KB
06-30 03:37:06.169  8461  8466 I zygote64: Increasing code cache capacity to 512KB
06-30 03:37:08.620  8461  8461 I NearbyFragment: Connected to Endpoint{id=jfM6, name=Nexus 5X [34d8]}
06-30 03:37:10.025  8461  8461 V ConnectionFragment: Discovery switch unchecked
06-30 03:37:10.025  8461  8461 D NearbyFragment: Stopped discovering
06-30 03:37:17.756  8461  8461 I TransferNetworkLossHand: Network connectivity changed detected.
06-30 03:37:17.768  8461  8461 I TransferNetworkLossHand: Network connected: true
06-30 03:37:49.528  8461  8461 D NearbyFragment: onPayloadReceived(endpointId=jfM6, payload=com.google.android.gms.nearby.connection.Payload@2338b24)
06-30 03:37:49.536  8461  8461 V NearbyFragment: Started downloading SUMMARISE_SEGMENT:-9047639061734917259:20200312_150643!002.mp4:45.0_1.0_23_medium from Endpoint{id=jfM6, name=Nexus 5X [34d8]}
06-30 03:37:49.546  8461  8461 V NearbyFragment: Transfer to jfM6: 100%
06-30 03:37:49.548  8461  8461 V NearbyFragment: Transfer to jfM6: 100%
06-30 03:37:55.785  8461  8461 D NearbyFragment: onPayloadReceived(endpointId=jfM6, payload=com.google.android.gms.nearby.connection.Payload@37f853)
06-30 03:37:55.789  8461  8461 V NearbyFragment: Transfer to jfM6: 0%
06-30 03:37:55.822  8461  8461 V NearbyFragment: Transfer to jfM6: 0%
06-30 03:37:55.934  8461  8461 V NearbyFragment: Transfer to jfM6: 1%
06-30 03:37:56.040  8461  8461 V NearbyFragment: Transfer to jfM6: 1%
06-30 03:37:56.083  8461  8461 V NearbyFragment: Transfer to jfM6: 1%
06-30 03:37:56.152  8461  8461 V NearbyFragment: Transfer to jfM6: 2%
06-30 03:37:56.167  8461  8461 V NearbyFragment: Transfer to jfM6: 2%
06-30 03:37:56.250  8461  8461 V NearbyFragment: Transfer to jfM6: 3%
06-30 03:37:56.265  8461  8461 V NearbyFragment: Transfer to jfM6: 3%
06-30 03:37:56.297  8461  8461 V NearbyFragment: Transfer to jfM6: 3%
06-30 03:37:56.351  8461  8461 V NearbyFragment: Transfer to jfM6: 4%
06-30 03:37:56.384  8461  8461 V NearbyFragment: Transfer to jfM6: 4%
06-30 03:37:56.419  8461  8461 V NearbyFragment: Transfer to jfM6: 5%
06-30 03:37:56.425  8461  8461 V NearbyFragment: Transfer to jfM6: 5%
06-30 03:37:56.503  8461  8461 V NearbyFragment: Transfer to jfM6: 5%
06-30 03:37:56.630  8461  8461 V NearbyFragment: Transfer to jfM6: 6%
06-30 03:37:56.636  8461  8461 V NearbyFragment: Transfer to jfM6: 6%
06-30 03:37:56.661  8461  8461 V NearbyFragment: Transfer to jfM6: 6%
06-30 03:37:56.669  8461  8461 V NearbyFragment: Transfer to jfM6: 7%
06-30 03:37:56.679  8461  8461 V NearbyFragment: Transfer to jfM6: 7%
06-30 03:37:56.714  8461  8461 V NearbyFragment: Transfer to jfM6: 8%
06-30 03:37:56.722  8461  8461 V NearbyFragment: Transfer to jfM6: 8%
06-30 03:37:56.727  8461  8461 V NearbyFragment: Transfer to jfM6: 8%
06-30 03:37:56.748  8461  8461 V NearbyFragment: Transfer to jfM6: 9%
06-30 03:37:56.752  8461  8461 V NearbyFragment: Transfer to jfM6: 9%
06-30 03:37:56.768  8461  8461 V NearbyFragment: Transfer to jfM6: 10%
06-30 03:37:56.807  8461  8461 V NearbyFragment: Transfer to jfM6: 10%
06-30 03:37:56.814  8461  8461 V NearbyFragment: Transfer to jfM6: 10%
06-30 03:37:56.818  8461  8461 V NearbyFragment: Transfer to jfM6: 11%
06-30 03:37:56.832  8461  8461 V NearbyFragment: Transfer to jfM6: 11%
06-30 03:37:56.853  8461  8461 V NearbyFragment: Transfer to jfM6: 11%
06-30 03:37:56.856  8461  8461 V NearbyFragment: Transfer to jfM6: 12%
06-30 03:37:56.871  8461  8461 V NearbyFragment: Transfer to jfM6: 12%
06-30 03:37:56.876  8461  8461 V NearbyFragment: Transfer to jfM6: 13%
06-30 03:37:56.885  8461  8461 V NearbyFragment: Transfer to jfM6: 13%
06-30 03:37:56.897  8461  8461 V NearbyFragment: Transfer to jfM6: 13%
06-30 03:37:56.928  8461  8461 V NearbyFragment: Transfer to jfM6: 14%
06-30 03:37:56.944  8461  8461 V NearbyFragment: Transfer to jfM6: 14%
06-30 03:37:56.951  8461  8461 V NearbyFragment: Transfer to jfM6: 15%
06-30 03:37:56.991  8461  8461 V NearbyFragment: Transfer to jfM6: 15%
06-30 03:37:56.996  8461  8461 V NearbyFragment: Transfer to jfM6: 15%
06-30 03:37:57.001  8461  8461 V NearbyFragment: Transfer to jfM6: 16%
06-30 03:37:57.028  8461  8461 V NearbyFragment: Transfer to jfM6: 16%
06-30 03:37:57.082  8461  8461 V NearbyFragment: Transfer to jfM6: 16%
06-30 03:37:57.093  8461  8461 V NearbyFragment: Transfer to jfM6: 17%
06-30 03:37:57.097  8461  8461 V NearbyFragment: Transfer to jfM6: 17%
06-30 03:37:57.101  8461  8461 V NearbyFragment: Transfer to jfM6: 18%
06-30 03:37:57.144  8461  8461 V NearbyFragment: Transfer to jfM6: 18%
06-30 03:37:57.150  8461  8461 V NearbyFragment: Transfer to jfM6: 18%
06-30 03:37:57.156  8461  8461 V NearbyFragment: Transfer to jfM6: 19%
06-30 03:37:57.165  8461  8461 V NearbyFragment: Transfer to jfM6: 19%
06-30 03:37:57.169  8461  8461 V NearbyFragment: Transfer to jfM6: 20%
06-30 03:37:57.187  8461  8461 V NearbyFragment: Transfer to jfM6: 20%
06-30 03:37:57.191  8461  8461 V NearbyFragment: Transfer to jfM6: 20%
06-30 03:37:57.200  8461  8461 V NearbyFragment: Transfer to jfM6: 21%
06-30 03:37:57.283  8461  8461 V NearbyFragment: Transfer to jfM6: 21%
06-30 03:37:57.288  8461  8461 V NearbyFragment: Transfer to jfM6: 22%
06-30 03:37:57.298  8461  8461 V NearbyFragment: Transfer to jfM6: 22%
06-30 03:37:57.303  8461  8461 V NearbyFragment: Transfer to jfM6: 22%
06-30 03:37:57.310  8461  8461 V NearbyFragment: Transfer to jfM6: 23%
06-30 03:37:57.339  8461  8461 V NearbyFragment: Transfer to jfM6: 23%
06-30 03:37:57.358  8461  8461 V NearbyFragment: Transfer to jfM6: 23%
06-30 03:37:57.363  8461  8461 V NearbyFragment: Transfer to jfM6: 24%
06-30 03:37:57.393  8461  8461 V NearbyFragment: Transfer to jfM6: 24%
06-30 03:37:57.401  8461  8461 V NearbyFragment: Transfer to jfM6: 25%
06-30 03:37:57.404  8461  8461 V NearbyFragment: Transfer to jfM6: 25%
06-30 03:37:57.417  8461  8461 V NearbyFragment: Transfer to jfM6: 25%
06-30 03:37:57.419  8461  8461 V NearbyFragment: Transfer to jfM6: 26%
06-30 03:37:57.425  8461  8461 V NearbyFragment: Transfer to jfM6: 26%
06-30 03:37:57.434  8461  8461 V NearbyFragment: Transfer to jfM6: 27%
06-30 03:37:57.447  8461  8461 V NearbyFragment: Transfer to jfM6: 27%
06-30 03:37:57.479  8461  8461 V NearbyFragment: Transfer to jfM6: 27%
06-30 03:37:57.482  8461  8461 V NearbyFragment: Transfer to jfM6: 28%
06-30 03:37:57.488  8461  8461 V NearbyFragment: Transfer to jfM6: 28%
06-30 03:37:57.492  8461  8461 V NearbyFragment: Transfer to jfM6: 28%
06-30 03:37:57.496  8461  8461 V NearbyFragment: Transfer to jfM6: 29%
06-30 03:37:57.554  8461  8461 V NearbyFragment: Transfer to jfM6: 29%
06-30 03:37:57.559  8461  8461 V NearbyFragment: Transfer to jfM6: 30%
06-30 03:37:57.561  8461  8461 V NearbyFragment: Transfer to jfM6: 30%
06-30 03:37:57.604  8461  8461 V NearbyFragment: Transfer to jfM6: 30%
06-30 03:37:57.619  8461  8461 V NearbyFragment: Transfer to jfM6: 31%
06-30 03:37:57.625  8461  8461 V NearbyFragment: Transfer to jfM6: 31%
06-30 03:37:57.630  8461  8461 V NearbyFragment: Transfer to jfM6: 32%
06-30 03:37:57.637  8461  8461 V NearbyFragment: Transfer to jfM6: 32%
06-30 03:37:57.658  8461  8461 V NearbyFragment: Transfer to jfM6: 32%
06-30 03:37:57.669  8461  8461 V NearbyFragment: Transfer to jfM6: 33%
06-30 03:37:57.674  8461  8461 V NearbyFragment: Transfer to jfM6: 33%
06-30 03:37:57.679  8461  8461 V NearbyFragment: Transfer to jfM6: 33%
06-30 03:37:57.683  8461  8461 V NearbyFragment: Transfer to jfM6: 34%
06-30 03:37:57.688  8461  8461 V NearbyFragment: Transfer to jfM6: 34%
06-30 03:37:57.697  8461  8461 V NearbyFragment: Transfer to jfM6: 35%
06-30 03:37:57.714  8461  8461 V NearbyFragment: Transfer to jfM6: 35%
06-30 03:37:57.752  8461  8461 V NearbyFragment: Transfer to jfM6: 35%
06-30 03:37:57.756  8461  8461 V NearbyFragment: Transfer to jfM6: 36%
06-30 03:37:57.764  8461  8461 V NearbyFragment: Transfer to jfM6: 36%
06-30 03:37:57.769  8461  8461 V NearbyFragment: Transfer to jfM6: 37%
06-30 03:37:57.774  8461  8461 V NearbyFragment: Transfer to jfM6: 37%
06-30 03:37:57.792  8461  8461 V NearbyFragment: Transfer to jfM6: 37%
06-30 03:37:57.800  8461  8461 V NearbyFragment: Transfer to jfM6: 38%
06-30 03:37:57.808  8461  8461 V NearbyFragment: Transfer to jfM6: 38%
06-30 03:37:57.831  8461  8461 V NearbyFragment: Transfer to jfM6: 39%
06-30 03:37:57.864  8461  8461 V NearbyFragment: Transfer to jfM6: 39%
06-30 03:37:57.867  8461  8461 V NearbyFragment: Transfer to jfM6: 39%
06-30 03:37:57.902  8461  8461 V NearbyFragment: Transfer to jfM6: 40%
06-30 03:37:58.043  8461  8461 V NearbyFragment: Transfer to jfM6: 40%
06-30 03:37:58.049  8461  8461 V NearbyFragment: Transfer to jfM6: 40%
06-30 03:37:58.051  8461  8461 V NearbyFragment: Transfer to jfM6: 41%
06-30 03:37:58.055  8461  8461 V NearbyFragment: Transfer to jfM6: 41%
06-30 03:37:58.063  8461  8461 V NearbyFragment: Transfer to jfM6: 42%
06-30 03:37:58.065  8461  8461 V NearbyFragment: Transfer to jfM6: 42%
06-30 03:37:58.079  8461  8461 V NearbyFragment: Transfer to jfM6: 42%
06-30 03:37:58.087  8461  8461 V NearbyFragment: Transfer to jfM6: 43%
06-30 03:37:58.097  8461  8461 V NearbyFragment: Transfer to jfM6: 43%
06-30 03:37:58.117  8461  8461 V NearbyFragment: Transfer to jfM6: 44%
06-30 03:37:58.195  8461  8461 V NearbyFragment: Transfer to jfM6: 44%
06-30 03:37:58.209  8461  8461 V NearbyFragment: Transfer to jfM6: 44%
06-30 03:37:58.219  8461  8461 V NearbyFragment: Transfer to jfM6: 45%
06-30 03:37:58.225  8461  8461 V NearbyFragment: Transfer to jfM6: 45%
06-30 03:37:58.231  8461  8461 V NearbyFragment: Transfer to jfM6: 45%
06-30 03:37:58.236  8461  8461 V NearbyFragment: Transfer to jfM6: 46%
06-30 03:37:58.260  8461  8461 V NearbyFragment: Transfer to jfM6: 46%
06-30 03:37:58.274  8461  8461 V NearbyFragment: Transfer to jfM6: 47%
06-30 03:37:58.281  8461  8461 V NearbyFragment: Transfer to jfM6: 47%
06-30 03:37:58.291  8461  8461 V NearbyFragment: Transfer to jfM6: 47%
06-30 03:37:58.295  8461  8461 V NearbyFragment: Transfer to jfM6: 48%
06-30 03:37:58.299  8461  8461 V NearbyFragment: Transfer to jfM6: 48%
06-30 03:37:58.311  8461  8461 V NearbyFragment: Transfer to jfM6: 49%
06-30 03:37:58.315  8461  8461 V NearbyFragment: Transfer to jfM6: 49%
06-30 03:37:58.356  8461  8461 V NearbyFragment: Transfer to jfM6: 49%
06-30 03:37:58.370  8461  8461 V NearbyFragment: Transfer to jfM6: 50%
06-30 03:37:58.378  8461  8461 V NearbyFragment: Transfer to jfM6: 50%
06-30 03:37:58.382  8461  8461 V NearbyFragment: Transfer to jfM6: 50%
06-30 03:37:58.387  8461  8461 V NearbyFragment: Transfer to jfM6: 51%
06-30 03:37:58.393  8461  8461 V NearbyFragment: Transfer to jfM6: 51%
06-30 03:37:58.407  8461  8461 V NearbyFragment: Transfer to jfM6: 52%
06-30 03:37:58.412  8461  8461 V NearbyFragment: Transfer to jfM6: 52%
06-30 03:37:58.418  8461  8461 V NearbyFragment: Transfer to jfM6: 52%
06-30 03:37:58.419  8461  8461 V NearbyFragment: Transfer to jfM6: 53%
06-30 03:37:58.423  8461  8461 V NearbyFragment: Transfer to jfM6: 53%
06-30 03:37:58.444  8461  8461 V NearbyFragment: Transfer to jfM6: 54%
06-30 03:37:58.451  8461  8461 V NearbyFragment: Transfer to jfM6: 54%
06-30 03:37:58.458  8461  8461 V NearbyFragment: Transfer to jfM6: 54%
06-30 03:37:58.464  8461  8461 V NearbyFragment: Transfer to jfM6: 55%
06-30 03:37:58.478  8461  8461 V NearbyFragment: Transfer to jfM6: 55%
06-30 03:37:58.481  8461  8461 V NearbyFragment: Transfer to jfM6: 55%
06-30 03:37:58.489  8461  8461 V NearbyFragment: Transfer to jfM6: 56%
06-30 03:37:58.493  8461  8461 V NearbyFragment: Transfer to jfM6: 56%
06-30 03:37:58.496  8461  8461 V NearbyFragment: Transfer to jfM6: 57%
06-30 03:37:58.504  8461  8461 V NearbyFragment: Transfer to jfM6: 57%
06-30 03:37:58.513  8461  8461 V NearbyFragment: Transfer to jfM6: 57%
06-30 03:37:58.518  8461  8461 V NearbyFragment: Transfer to jfM6: 58%
06-30 03:37:58.526  8461  8461 V NearbyFragment: Transfer to jfM6: 58%
06-30 03:37:58.531  8461  8461 V NearbyFragment: Transfer to jfM6: 59%
06-30 03:37:58.539  8461  8461 V NearbyFragment: Transfer to jfM6: 59%
06-30 03:37:58.557  8461  8461 V NearbyFragment: Transfer to jfM6: 59%
06-30 03:37:58.562  8461  8461 V NearbyFragment: Transfer to jfM6: 60%
06-30 03:37:58.566  8461  8461 V NearbyFragment: Transfer to jfM6: 60%
06-30 03:37:58.572  8461  8461 V NearbyFragment: Transfer to jfM6: 61%
06-30 03:37:58.577  8461  8461 V NearbyFragment: Transfer to jfM6: 61%
06-30 03:37:58.590  8461  8461 V NearbyFragment: Transfer to jfM6: 61%
06-30 03:37:58.593  8461  8461 V NearbyFragment: Transfer to jfM6: 62%
06-30 03:37:58.607  8461  8461 V NearbyFragment: Transfer to jfM6: 62%
06-30 03:37:58.621  8461  8461 V NearbyFragment: Transfer to jfM6: 62%
06-30 03:37:58.625  8461  8461 V NearbyFragment: Transfer to jfM6: 63%
06-30 03:37:58.632  8461  8461 V NearbyFragment: Transfer to jfM6: 63%
06-30 03:37:58.636  8461  8461 V NearbyFragment: Transfer to jfM6: 64%
06-30 03:37:58.646  8461  8461 V NearbyFragment: Transfer to jfM6: 64%
06-30 03:37:58.654  8461  8461 V NearbyFragment: Transfer to jfM6: 64%
06-30 03:37:58.662  8461  8461 V NearbyFragment: Transfer to jfM6: 65%
06-30 03:37:58.666  8461  8461 V NearbyFragment: Transfer to jfM6: 65%
06-30 03:37:58.677  8461  8461 V NearbyFragment: Transfer to jfM6: 66%
06-30 03:37:58.681  8461  8461 V NearbyFragment: Transfer to jfM6: 66%
06-30 03:37:58.685  8461  8461 V NearbyFragment: Transfer to jfM6: 66%
06-30 03:37:58.703  8461  8461 V NearbyFragment: Transfer to jfM6: 67%
06-30 03:37:58.707  8461  8461 V NearbyFragment: Transfer to jfM6: 67%
06-30 03:37:58.711  8461  8461 V NearbyFragment: Transfer to jfM6: 67%
06-30 03:37:58.714  8461  8461 V NearbyFragment: Transfer to jfM6: 68%
06-30 03:37:58.720  8461  8461 V NearbyFragment: Transfer to jfM6: 68%
06-30 03:37:58.726  8461  8461 V NearbyFragment: Transfer to jfM6: 69%
06-30 03:37:58.742  8461  8461 V NearbyFragment: Transfer to jfM6: 69%
06-30 03:37:58.746  8461  8461 V NearbyFragment: Transfer to jfM6: 69%
06-30 03:37:58.754  8461  8461 V NearbyFragment: Transfer to jfM6: 70%
06-30 03:37:58.762  8461  8461 V NearbyFragment: Transfer to jfM6: 70%
06-30 03:37:58.766  8461  8461 V NearbyFragment: Transfer to jfM6: 71%
06-30 03:37:58.772  8461  8461 V NearbyFragment: Transfer to jfM6: 71%
06-30 03:37:58.792  8461  8461 V NearbyFragment: Transfer to jfM6: 71%
06-30 03:37:58.797  8461  8461 V NearbyFragment: Transfer to jfM6: 72%
06-30 03:37:58.800  8461  8461 V NearbyFragment: Transfer to jfM6: 72%
06-30 03:37:58.807  8461  8461 V NearbyFragment: Transfer to jfM6: 72%
06-30 03:37:58.814  8461  8461 V NearbyFragment: Transfer to jfM6: 73%
06-30 03:37:58.820  8461  8461 V NearbyFragment: Transfer to jfM6: 73%
06-30 03:37:58.829  8461  8461 V NearbyFragment: Transfer to jfM6: 74%
06-30 03:37:58.835  8461  8461 V NearbyFragment: Transfer to jfM6: 74%
06-30 03:37:58.844  8461  8461 V NearbyFragment: Transfer to jfM6: 74%
06-30 03:37:58.852  8461  8461 V NearbyFragment: Transfer to jfM6: 75%
06-30 03:37:58.860  8461  8461 V NearbyFragment: Transfer to jfM6: 75%
06-30 03:37:58.865  8461  8461 V NearbyFragment: Transfer to jfM6: 76%
06-30 03:37:58.868  8461  8461 V NearbyFragment: Transfer to jfM6: 76%
06-30 03:37:58.874  8461  8461 V NearbyFragment: Transfer to jfM6: 76%
06-30 03:37:58.881  8461  8461 V NearbyFragment: Transfer to jfM6: 77%
06-30 03:37:58.886  8461  8461 V NearbyFragment: Transfer to jfM6: 77%
06-30 03:37:58.898  8461  8461 V NearbyFragment: Transfer to jfM6: 78%
06-30 03:37:58.902  8461  8461 V NearbyFragment: Transfer to jfM6: 78%
06-30 03:37:58.909  8461  8461 V NearbyFragment: Transfer to jfM6: 78%
06-30 03:37:58.921  8461  8461 V NearbyFragment: Transfer to jfM6: 79%
06-30 03:37:58.925  8461  8461 V NearbyFragment: Transfer to jfM6: 79%
06-30 03:37:58.932  8461  8461 V NearbyFragment: Transfer to jfM6: 79%
06-30 03:37:58.937  8461  8461 V NearbyFragment: Transfer to jfM6: 80%
06-30 03:37:58.943  8461  8461 V NearbyFragment: Transfer to jfM6: 80%
06-30 03:37:58.949  8461  8461 V NearbyFragment: Transfer to jfM6: 81%
06-30 03:37:58.964  8461  8461 V NearbyFragment: Transfer to jfM6: 81%
06-30 03:37:58.968  8461  8461 V NearbyFragment: Transfer to jfM6: 81%
06-30 03:37:58.972  8461  8461 V NearbyFragment: Transfer to jfM6: 82%
06-30 03:37:58.978  8461  8461 V NearbyFragment: Transfer to jfM6: 82%
06-30 03:37:58.984  8461  8461 V NearbyFragment: Transfer to jfM6: 83%
06-30 03:37:58.999  8461  8461 V NearbyFragment: Transfer to jfM6: 83%
06-30 03:37:59.004  8461  8461 V NearbyFragment: Transfer to jfM6: 83%
06-30 03:37:59.008  8461  8461 V NearbyFragment: Transfer to jfM6: 84%
06-30 03:37:59.010  8461  8461 V NearbyFragment: Transfer to jfM6: 84%
06-30 03:37:59.019  8461  8461 V NearbyFragment: Transfer to jfM6: 84%
06-30 03:37:59.026  8461  8461 V NearbyFragment: Transfer to jfM6: 85%
06-30 03:37:59.034  8461  8461 V NearbyFragment: Transfer to jfM6: 85%
06-30 03:37:59.040  8461  8461 V NearbyFragment: Transfer to jfM6: 86%
06-30 03:37:59.068  8461  8461 V NearbyFragment: Transfer to jfM6: 86%
06-30 03:37:59.075  8461  8461 V NearbyFragment: Transfer to jfM6: 86%
06-30 03:37:59.080  8461  8461 V NearbyFragment: Transfer to jfM6: 87%
06-30 03:37:59.126  8461  8461 V NearbyFragment: Transfer to jfM6: 87%
06-30 03:37:59.133  8461  8461 V NearbyFragment: Transfer to jfM6: 88%
06-30 03:37:59.140  8461  8461 V NearbyFragment: Transfer to jfM6: 88%
06-30 03:37:59.145  8461  8461 V NearbyFragment: Transfer to jfM6: 88%
06-30 03:37:59.151  8461  8461 V NearbyFragment: Transfer to jfM6: 89%
06-30 03:37:59.160  8461  8461 V NearbyFragment: Transfer to jfM6: 89%
06-30 03:37:59.169  8461  8461 V NearbyFragment: Transfer to jfM6: 89%
06-30 03:37:59.174  8461  8461 V NearbyFragment: Transfer to jfM6: 90%
06-30 03:37:59.181  8461  8461 V NearbyFragment: Transfer to jfM6: 90%
06-30 03:37:59.193  8461  8461 V NearbyFragment: Transfer to jfM6: 91%
06-30 03:37:59.196  8461  8461 V NearbyFragment: Transfer to jfM6: 91%
06-30 03:37:59.220  8461  8461 V NearbyFragment: Transfer to jfM6: 91%
06-30 03:37:59.226  8461  8461 V NearbyFragment: Transfer to jfM6: 92%
06-30 03:37:59.229  8461  8461 V NearbyFragment: Transfer to jfM6: 92%
06-30 03:37:59.242  8461  8461 V NearbyFragment: Transfer to jfM6: 93%
06-30 03:37:59.247  8461  8461 V NearbyFragment: Transfer to jfM6: 93%
06-30 03:37:59.260  8461  8461 V NearbyFragment: Transfer to jfM6: 93%
06-30 03:37:59.267  8461  8461 V NearbyFragment: Transfer to jfM6: 94%
06-30 03:37:59.282  8461  8461 V NearbyFragment: Transfer to jfM6: 94%
06-30 03:37:59.297  8461  8461 V NearbyFragment: Transfer to jfM6: 94%
06-30 03:37:59.302  8461  8461 V NearbyFragment: Transfer to jfM6: 95%
06-30 03:37:59.309  8461  8461 V NearbyFragment: Transfer to jfM6: 95%
06-30 03:37:59.342  8461  8461 V NearbyFragment: Transfer to jfM6: 96%
06-30 03:37:59.354  8461  8461 V NearbyFragment: Transfer to jfM6: 96%
06-30 03:37:59.357  8461  8461 V NearbyFragment: Transfer to jfM6: 96%
06-30 03:37:59.385  8461  8461 V NearbyFragment: Transfer to jfM6: 97%
06-30 03:37:59.407  8461  8461 V NearbyFragment: Transfer to jfM6: 97%
06-30 03:37:59.412  8461  8461 V NearbyFragment: Transfer to jfM6: 98%
06-30 03:37:59.427  8461  8461 V NearbyFragment: Transfer to jfM6: 98%
06-30 03:37:59.462  8461  8461 V NearbyFragment: Transfer to jfM6: 98%
06-30 03:37:59.469  8461  8461 V NearbyFragment: Transfer to jfM6: 99%
06-30 03:37:59.474  8461  8461 V NearbyFragment: Transfer to jfM6: 99%
06-30 03:37:59.479  8461  8461 V NearbyFragment: Transfer to jfM6: 100%
06-30 03:37:59.482  8461  8461 V NearbyFragment: Transfer to jfM6: 100%
06-30 03:37:59.489  8461  8461 W NearbyFragment: Completed downloading 20200312_150643!002.mp4 from Endpoint{id=jfM6, name=Nexus 5X [34d8]} in 09.939s
06-30 03:37:59.491  8461  8461 D NearbyFragment: Summarising 20200312_150643!002.mp4
06-30 03:37:59.533  8461  8461 V VideoManager: videoFromCursor
06-30 03:37:59.538  8461  8461 V ProcessingVideosEventHandler: onAdd
06-30 03:37:59.539  8461  8461 V RawFootageEventHandler: onRemove
06-30 03:37:59.550  8461  8461 V NearbyFragment: Transfer to jfM6: 100%
06-30 03:37:59.551  8461  8461 V NearbyFragment: Transfer to jfM6: 100%
06-30 03:37:59.560  8461  8889 V SummariserIntentService: onHandleIntent
06-30 03:37:59.562  8461  8889 D SummariserIntentService: Video{id='884', data='/storage/emulated/0/Download/Nearby/20200312_150643!002.mp4', name='20200312_150643!002.mp4', size=16970539, visible=true, mimeType='video/mp4'}
06-30 03:37:59.562  8461  8889 D SummariserIntentService: /storage/emulated/0/Movies/segment-sum/20200312_150643!002.mp4
06-30 03:37:59.582  8461  8889 I mobile-ffmpeg: Loading mobile-ffmpeg.
06-30 03:37:59.623  8461  8889 I mobile-ffmpeg: Loaded mobile-ffmpeg-full-gpl-arm64-v8a-4.2.2-20190703.
06-30 03:37:59.624  8461  8890 D mobile-ffmpeg: Callback thread started.
06-30 03:37:59.625  8461  8890 I mobile-ffmpeg: 
06-30 03:37:59.625  8461  8890 I chatty  : uid=10099(com.example.edgesum) Thread-4 identical 1 line
06-30 03:37:59.625  8461  8890 I mobile-ffmpeg: 
06-30 03:37:59.625  8461  8890 I mobile-ffmpeg: ffmpeg version v4.2-dev-1824
06-30 03:37:59.625  8461  8890 I mobile-ffmpeg: 
06-30 03:37:59.625  8461  8890 I chatty  : uid=10099(com.example.edgesum) Thread-4 identical 1 line
06-30 03:37:59.625  8461  8890 I mobile-ffmpeg: 
06-30 03:37:59.625  8461  8890 I mobile-ffmpeg:  Copyright (c) 2000-2019 the FFmpeg developers
06-30 03:37:59.625  8461  8890 I mobile-ffmpeg: 
06-30 03:37:59.625  8461  8890 I chatty  : uid=10099(com.example.edgesum) Thread-4 identical 1 line
06-30 03:37:59.625  8461  8890 I mobile-ffmpeg: 
06-30 03:37:59.626  8461  8890 I mobile-ffmpeg: 
06-30 03:37:59.626  8461  8890 I mobile-ffmpeg: 
06-30 03:37:59.626  8461  8890 I chatty  : uid=10099(com.example.edgesum) Thread-4 identical 1 line
06-30 03:37:59.626  8461  8890 I mobile-ffmpeg: 
