--------- beginning of main
06-28 20:55:07.575  8142  8142 I zygote  : Late-enabling -Xcheck:jni
--------- beginning of system
06-28 20:55:07.689  8142  8142 I ActivityThread: handleStopService: token=android.os.BinderProxy@da74432 not found.
06-28 20:55:07.694  8142  8142 I TransferService: Starting Transfer Service to listen for network connectivity changes.
06-28 20:55:07.695  8142  8142 W LogFactory: Truncating log tag length as it exceed 23, the limit imposed by Android on certain API Levels
06-28 20:55:07.719  8142  8142 I TransferService: Registering the network receiver
06-28 20:55:07.722  8142  8142 I TransferService: Moving the service out of the Foreground state.
06-28 20:55:07.723  8142  8142 I TransferService: De-registering the network receiver.
06-28 20:55:11.840  8142  8142 I zygote  : Rejecting re-init on previously-failed class java.lang.Class<androidx.core.view.ViewCompat$2>: java.lang.NoClassDefFoundError: Failed resolution of: Landroid/view/View$OnUnhandledKeyEventListener;
06-28 20:55:11.840  8142  8142 I zygote  :   at void androidx.core.view.ViewCompat.setOnApplyWindowInsetsListener(android.view.View, androidx.core.view.OnApplyWindowInsetsListener) (ViewCompat.java:2421)
06-28 20:55:11.840  8142  8142 I zygote  :   at android.view.ViewGroup androidx.appcompat.app.AppCompatDelegateImpl.createSubDecor() (AppCompatDelegateImpl.java:779)
06-28 20:55:11.840  8142  8142 I zygote  :   at void androidx.appcompat.app.AppCompatDelegateImpl.ensureSubDecor() (AppCompatDelegateImpl.java:659)
06-28 20:55:11.840  8142  8142 I zygote  :   at void androidx.appcompat.app.AppCompatDelegateImpl.setContentView(int) (AppCompatDelegateImpl.java:552)
06-28 20:55:11.840  8142  8142 I zygote  :   at void androidx.appcompat.app.AppCompatActivity.setContentView(int) (AppCompatActivity.java:161)
06-28 20:55:11.840  8142  8142 I zygote  :   at void com.example.edgesum.page.main.MainActivity.onCreate(android.os.Bundle) (MainActivity.java:95)
06-28 20:55:11.840  8142  8142 I zygote  :   at void android.app.Activity.performCreate(android.os.Bundle, android.os.PersistableBundle) (Activity.java:7009)
06-28 20:55:11.840  8142  8142 I zygote  :   at void android.app.Activity.performCreate(android.os.Bundle) (Activity.java:7000)
06-28 20:55:11.840  8142  8142 I zygote  :   at void android.app.Instrumentation.callActivityOnCreate(android.app.Activity, android.os.Bundle) (Instrumentation.java:1214)
06-28 20:55:11.840  8142  8142 I zygote  :   at android.app.Activity android.app.ActivityThread.performLaunchActivity(android.app.ActivityThread$ActivityClientRecord, android.content.Intent) (ActivityThread.java:2731)
06-28 20:55:11.840  8142  8142 I zygote  :   at void android.app.ActivityThread.handleLaunchActivity(android.app.ActivityThread$ActivityClientRecord, android.content.Intent, java.lang.String) (ActivityThread.java:2856)
06-28 20:55:11.840  8142  8142 I zygote  :   at void android.app.ActivityThread.-wrap11(android.app.ActivityThread, android.app.ActivityThread$ActivityClientRecord, android.content.Intent, java.lang.String) (ActivityThread.java:-1)
06-28 20:55:11.840  8142  8142 I zygote  :   at void android.app.ActivityThread$H.handleMessage(android.os.Message) (ActivityThread.java:1589)
06-28 20:55:11.840  8142  8142 I zygote  :   at void android.os.Handler.dispatchMessage(android.os.Message) (Handler.java:106)
06-28 20:55:11.840  8142  8142 I zygote  :   at void android.os.Looper.loop() (Looper.java:164)
06-28 20:55:11.840  8142  8142 I zygote  :   at void android.app.ActivityThread.main(java.lang.String[]) (ActivityThread.java:6494)
06-28 20:55:11.840  8142  8142 I zygote  :   at java.lang.Object java.lang.reflect.Method.invoke(java.lang.Object, java.lang.Object[]) (Method.java:-2)
06-28 20:55:11.840  8142  8142 I zygote  :   at void com.android.internal.os.RuntimeInit$MethodAndArgsCaller.run() (RuntimeInit.java:438)
06-28 20:55:11.840  8142  8142 I zygote  :   at void com.android.internal.os.ZygoteInit.main(java.lang.String[]) (ZygoteInit.java:807)
06-28 20:55:11.840  8142  8142 I zygote  : Caused by: java.lang.ClassNotFoundException: Didn't find class "android.view.View$OnUnhandledKeyEventListener" on path: DexPathList[[zip file "/data/app/com.example.edgesum-XZulbL2Uky1WPZydDzZa6Q==/base.apk"],nativeLibraryDirectories=[/data/app/com.example.edgesum-XZulbL2Uky1WPZydDzZa6Q==/lib/arm, /data/app/com.example.edgesum-XZulbL2Uky1WPZydDzZa6Q==/base.apk!/lib/armeabi-v7a, /system/lib, /system/vendor/lib]]
06-28 20:55:11.840  8142  8142 I zygote  :   at java.lang.Class dalvik.system.BaseDexClassLoader.findClass(java.lang.String) (BaseDexClassLoader.java:125)
06-28 20:55:11.840  8142  8142 I zygote  :   at java.lang.Class java.lang.ClassLoader.loadClass(java.lang.String, boolean) (ClassLoader.java:379)
06-28 20:55:11.840  8142  8142 I zygote  :   at java.lang.Class java.lang.ClassLoader.loadClass(java.lang.String) (ClassLoader.java:312)
06-28 20:55:11.840  8142  8142 I zygote  :   at void androidx.core.view.ViewCompat.setOnApplyWindowInsetsListener(android.view.View, androidx.core.view.OnApplyWindowInsetsListener) (ViewCompat.java:2421)
06-28 20:55:11.840  8142  8142 I zygote  :   at android.view.ViewGroup androidx.appcompat.app.AppCompatDelegateImpl.createSubDecor() (AppCompatDelegateImpl.java:779)
06-28 20:55:11.840  8142  8142 I zygote  :   at void androidx.appcompat.app.AppCompatDelegateImpl.ensureSubDecor() (AppCompatDelegateImpl.java:659)
06-28 20:55:11.840  8142  8142 I zygote  :   at void androidx.appcompat.app.AppCompatDelegateImpl.setContentView(int) (AppCompatDelegateImpl.java:552)
06-28 20:55:11.840  8142  8142 I zygote  :   at void androidx.appcompat.app.AppCompatActivity.setContentView(int) (AppCompatActivity.java:161)
06-28 20:55:11.840  8142  8142 I zygote  :   at void com.example.edgesum.page.main.MainActivity.onCreate(android.os.Bundle) (MainActivity.java:95)
06-28 20:55:11.840  8142  8142 I zygote  :   at void android.app.Activity.performCreate(android.os.Bundle, android.os.PersistableBundle) (Activity.java:7009)
06-28 20:55:11.840  8142  8142 I zygote  :   at void android.app.Activity.performCreate(android.os.Bundle) (Activity.java:7000)
06-28 20:55:11.840  8142  8142 I zygote  :   at void android.app.Instrumentation.callActivityOnCreate(android.app.Activity, android.os.Bundle) (Instrumentation.java:1214)
06-28 20:55:11.840  8142  8142 I zygote  :   at android.app.Activity android.app.ActivityThread.performLaunchActivity(android.app.ActivityThread$ActivityClientRecord, android.content.Intent) (ActivityThread.java:2731)
06-28 20:55:11.840  8142  8142 I zygote  :   at void android.app.ActivityThread.handleLaunchActivity(android.app.ActivityThread$ActivityClientRecord, android.content.Intent, java.lang.String) (ActivityThread.java:2856)
06-28 20:55:11.840  8142  8142 I zygote  :   at void android.app.ActivityThread.-wrap11(android.app.ActivityThread, android.app.ActivityThread$ActivityClientRecord, android.content.Intent, java.lang.String) (ActivityThread.java:-1)
06-28 20:55:11.840  8142  8142 I zygote  :   at void android.app.ActivityThread$H.handleMessage(android.os.Message) (ActivityThread.java:1589)
06-28 20:55:11.840  8142  8142 I zygote  :   at void android.os.Handler.dispatchMessage(android.os.Message) (Handler.java:106)
06-28 20:55:11.840  8142  8142 I zygote  :   at void android.os.Looper.loop() (Looper.java:164)
06-28 20:55:11.840  8142  8142 I zygote  :   at void android.app.ActivityThread.main(java.lang.String[]) (ActivityThread.java:6494)
06-28 20:55:11.840  8142  8142 I zygote  :   at java.lang.Object java.lang.reflect.Method.invoke(java.lang.Object, java.lang.Object[]) (Method.java:-2)
06-28 20:55:11.840  8142  8142 I zygote  :   at void com.android.internal.os.RuntimeInit$MethodAndArgsCaller.run() (RuntimeInit.java:438)
06-28 20:55:11.840  8142  8142 I zygote  :   at void com.android.internal.os.ZygoteInit.main(java.lang.String[]) (ZygoteInit.java:807)
06-28 20:55:11.840  8142  8142 I zygote  : 
06-28 20:55:11.841  8142  8142 I zygote  : Rejecting re-init on previously-failed class java.lang.Class<androidx.core.view.ViewCompat$2>: java.lang.NoClassDefFoundError: Failed resolution of: Landroid/view/View$OnUnhandledKeyEventListener;
06-28 20:55:11.841  8142  8142 I zygote  :   at void androidx.core.view.ViewCompat.setOnApplyWindowInsetsListener(android.view.View, androidx.core.view.OnApplyWindowInsetsListener) (ViewCompat.java:2421)
06-28 20:55:11.841  8142  8142 I zygote  :   at android.view.ViewGroup androidx.appcompat.app.AppCompatDelegateImpl.createSubDecor() (AppCompatDelegateImpl.java:779)
06-28 20:55:11.841  8142  8142 I zygote  :   at void androidx.appcompat.app.AppCompatDelegateImpl.ensureSubDecor() (AppCompatDelegateImpl.java:659)
06-28 20:55:11.841  8142  8142 I zygote  :   at void androidx.appcompat.app.AppCompatDelegateImpl.setContentView(int) (AppCompatDelegateImpl.java:552)
06-28 20:55:11.841  8142  8142 I zygote  :   at void androidx.appcompat.app.AppCompatActivity.setContentView(int) (AppCompatActivity.java:161)
06-28 20:55:11.841  8142  8142 I zygote  :   at void com.example.edgesum.page.main.MainActivity.onCreate(android.os.Bundle) (MainActivity.java:95)
06-28 20:55:11.841  8142  8142 I zygote  :   at void android.app.Activity.performCreate(android.os.Bundle, android.os.PersistableBundle) (Activity.java:7009)
06-28 20:55:11.841  8142  8142 I zygote  :   at void android.app.Activity.performCreate(android.os.Bundle) (Activity.java:7000)
06-28 20:55:11.841  8142  8142 I zygote  :   at void android.app.Instrumentation.callActivityOnCreate(android.app.Activity, android.os.Bundle) (Instrumentation.java:1214)
06-28 20:55:11.841  8142  8142 I zygote  :   at android.app.Activity android.app.ActivityThread.performLaunchActivity(android.app.ActivityThread$ActivityClientRecord, android.content.Intent) (ActivityThread.java:2731)
06-28 20:55:11.841  8142  8142 I zygote  :   at void android.app.ActivityThread.handleLaunchActivity(android.app.ActivityThread$ActivityClientRecord, android.content.Intent, java.lang.String) (ActivityThread.java:2856)
06-28 20:55:11.841  8142  8142 I zygote  :   at void android.app.ActivityThread.-wrap11(android.app.ActivityThread, android.app.ActivityThread$ActivityClientRecord, android.content.Intent, java.lang.String) (ActivityThread.java:-1)
06-28 20:55:11.841  8142  8142 I zygote  :   at void android.app.ActivityThread$H.handleMessage(android.os.Message) (ActivityThread.java:1589)
06-28 20:55:11.841  8142  8142 I zygote  :   at void android.os.Handler.dispatchMessage(android.os.Message) (Handler.java:106)
06-28 20:55:11.841  8142  8142 I zygote  :   at void android.os.Looper.loop() (Looper.java:164)
06-28 20:55:11.841  8142  8142 I zygote  :   at void android.app.ActivityThread.main(java.lang.String[]) (ActivityThread.java:6494)
06-28 20:55:11.841  8142  8142 I zygote  :   at java.lang.Object java.lang.reflect.Method.invoke(java.lang.Object, java.lang.Object[]) (Method.java:-2)
06-28 20:55:11.841  8142  8142 I zygote  :   at void com.android.internal.os.RuntimeInit$MethodAndArgsCaller.run() (RuntimeInit.java:438)
06-28 20:55:11.841  8142  8142 I zygote  :   at void com.android.internal.os.ZygoteInit.main(java.lang.String[]) (ZygoteInit.java:807)
06-28 20:55:11.841  8142  8142 I zygote  : Caused by: java.lang.ClassNotFoundException: Didn't find class "android.view.View$OnUnhandledKeyEventListener" on path: DexPathList[[zip file "/data/app/com.example.edgesum-XZulbL2Uky1WPZydDzZa6Q==/base.apk"],nativeLibraryDirectories=[/data/app/com.example.edgesum-XZulbL2Uky1WPZydDzZa6Q==/lib/arm, /data/app/com.example.edgesum-XZulbL2Uky1WPZydDzZa6Q==/base.apk!/lib/armeabi-v7a, /system/lib, /system/vendor/lib]]
06-28 20:55:11.841  8142  8142 I zygote  :   at java.lang.Class dalvik.system.BaseDexClassLoader.findClass(java.lang.String) (BaseDexClassLoader.java:125)
06-28 20:55:11.841  8142  8142 I zygote  :   at java.lang.Class java.lang.ClassLoader.loadClass(java.lang.String, boolean) (ClassLoader.java:379)
06-28 20:55:11.841  8142  8142 I zygote  :   at java.lang.Class java.lang.ClassLoader.loadClass(java.lang.String) (ClassLoader.java:312)
06-28 20:55:11.841  8142  8142 I zygote  :   at void androidx.core.view.ViewCompat.setOnApplyWindowInsetsListener(android.view.View, androidx.core.view.OnApplyWindowInsetsListener) (ViewCompat.java:2421)
06-28 20:55:11.841  8142  8142 I zygote  :   at android.view.ViewGroup androidx.appcompat.app.AppCompatDelegateImpl.createSubDecor() (AppCompatDelegateImpl.java:779)
06-28 20:55:11.841  8142  8142 I zygote  :   at void androidx.appcompat.app.AppCompatDelegateImpl.ensureSubDecor() (AppCompatDelegateImpl.java:659)
06-28 20:55:11.841  8142  8142 I zygote  :   at void androidx.appcompat.app.AppCompatDelegateImpl.setContentView(int) (AppCompatDelegateImpl.java:552)
06-28 20:55:11.841  8142  8142 I zygote  :   at void androidx.appcompat.app.AppCompatActivity.setContentView(int) (AppCompatActivity.java:161)
06-28 20:55:11.841  8142  8142 I zygote  :   at void com.example.edgesum.page.main.MainActivity.onCreate(android.os.Bundle) (MainActivity.java:95)
06-28 20:55:11.841  8142  8142 I zygote  :   at void android.app.Activity.performCreate(android.os.Bundle, android.os.PersistableBundle) (Activity.java:7009)
06-28 20:55:11.841  8142  8142 I zygote  :   at void android.app.Activity.performCreate(android.os.Bundle) (Activity.java:7000)
06-28 20:55:11.841  8142  8142 I zygote  :   at void android.app.Instrumentation.callActivityOnCreate(android.app.Activity, android.os.Bundle) (Instrumentation.java:1214)
06-28 20:55:11.841  8142  8142 I zygote  :   at android.app.Activity android.app.ActivityThread.performLaunchActivity(android.app.ActivityThread$ActivityClientRecord, android.content.Intent) (ActivityThread.java:2731)
06-28 20:55:11.841  8142  8142 I zygote  :   at void android.app.ActivityThread.handleLaunchActivity(android.app.ActivityThread$ActivityClientRecord, android.content.Intent, java.lang.String) (ActivityThread.java:2856)
06-28 20:55:11.841  8142  8142 I zygote  :   at void android.app.ActivityThread.-wrap11(android.app.ActivityThread, android.app.ActivityThread$ActivityClientRecord, android.content.Intent, java.lang.String) (ActivityThread.java:-1)
06-28 20:55:11.841  8142  8142 I zygote  :   at void android.app.ActivityThread$H.handleMessage(android.os.Message) (ActivityThread.java:1589)
06-28 20:55:11.841  8142  8142 I zygote  :   at void android.os.Handler.dispatchMessage(android.os.Message) (Handler.java:106)
06-28 20:55:11.841  8142  8142 I zygote  :   at void android.os.Looper.loop() (Looper.java:164)
06-28 20:55:11.841  8142  8142 I zygote  :   at void android.app.ActivityThread.main(java.lang.String[]) (ActivityThread.java:6494)
06-28 20:55:11.841  8142  8142 I zygote  :   at java.lang.Object java.lang.reflect.Method.invoke(java.lang.Object, java.lang.Object[]) (Method.java:-2)
06-28 20:55:11.841  8142  8142 I zygote  :   at void com.android.internal.os.RuntimeInit$MethodAndArgsCaller.run() (RuntimeInit.java:438)
06-28 20:55:11.841  8142  8142 I zygote  :   at void com.android.internal.os.ZygoteInit.main(java.lang.String[]) (ZygoteInit.java:807)
06-28 20:55:11.841  8142  8142 I zygote  : 
06-28 20:55:11.842  8142  8142 I zygote  : Rejecting re-init on previously-failed class java.lang.Class<androidx.core.view.ViewCompat$2>: java.lang.NoClassDefFoundError: Failed resolution of: Landroid/view/View$OnUnhandledKeyEventListener;
06-28 20:55:11.842  8142  8142 I zygote  :   at void androidx.core.view.ViewCompat.setOnApplyWindowInsetsListener(android.view.View, androidx.core.view.OnApplyWindowInsetsListener) (ViewCompat.java:2421)
06-28 20:55:11.842  8142  8142 I zygote  :   at android.view.ViewGroup androidx.appcompat.app.AppCompatDelegateImpl.createSubDecor() (AppCompatDelegateImpl.java:779)
06-28 20:55:11.842  8142  8142 I zygote  :   at void androidx.appcompat.app.AppCompatDelegateImpl.ensureSubDecor() (AppCompatDelegateImpl.java:659)
06-28 20:55:11.842  8142  8142 I zygote  :   at void androidx.appcompat.app.AppCompatDelegateImpl.setContentView(int) (AppCompatDelegateImpl.java:552)
06-28 20:55:11.842  8142  8142 I zygote  :   at void androidx.appcompat.app.AppCompatActivity.setContentView(int) (AppCompatActivity.java:161)
06-28 20:55:11.842  8142  8142 I zygote  :   at void com.example.edgesum.page.main.MainActivity.onCreate(android.os.Bundle) (MainActivity.java:95)
06-28 20:55:11.842  8142  8142 I zygote  :   at void android.app.Activity.performCreate(android.os.Bundle, android.os.PersistableBundle) (Activity.java:7009)
06-28 20:55:11.842  8142  8142 I zygote  :   at void android.app.Activity.performCreate(android.os.Bundle) (Activity.java:7000)
06-28 20:55:11.842  8142  8142 I zygote  :   at void android.app.Instrumentation.callActivityOnCreate(android.app.Activity, android.os.Bundle) (Instrumentation.java:1214)
06-28 20:55:11.842  8142  8142 I zygote  :   at android.app.Activity android.app.ActivityThread.performLaunchActivity(android.app.ActivityThread$ActivityClientRecord, android.content.Intent) (ActivityThread.java:2731)
06-28 20:55:11.842  8142  8142 I zygote  :   at void android.app.ActivityThread.handleLaunchActivity(android.app.ActivityThread$ActivityClientRecord, android.content.Intent, java.lang.String) (ActivityThread.java:2856)
06-28 20:55:11.842  8142  8142 I zygote  :   at void android.app.ActivityThread.-wrap11(android.app.ActivityThread, android.app.ActivityThread$ActivityClientRecord, android.content.Intent, java.lang.String) (ActivityThread.java:-1)
06-28 20:55:11.842  8142  8142 I zygote  :   at void android.app.ActivityThread$H.handleMessage(android.os.Message) (ActivityThread.java:1589)
06-28 20:55:11.842  8142  8142 I zygote  :   at void android.os.Handler.dispatchMessage(android.os.Message) (Handler.java:106)
06-28 20:55:11.842  8142  8142 I zygote  :   at void android.os.Looper.loop() (Looper.java:164)
06-28 20:55:11.842  8142  8142 I zygote  :   at void android.app.ActivityThread.main(java.lang.String[]) (ActivityThread.java:6494)
06-28 20:55:11.842  8142  8142 I zygote  :   at java.lang.Object java.lang.reflect.Method.invoke(java.lang.Object, java.lang.Object[]) (Method.java:-2)
06-28 20:55:11.842  8142  8142 I zygote  :   at void com.android.internal.os.RuntimeInit$MethodAndArgsCaller.run() (RuntimeInit.java:438)
06-28 20:55:11.842  8142  8142 I zygote  :   at void com.android.internal.os.ZygoteInit.main(java.lang.String[]) (ZygoteInit.java:807)
06-28 20:55:11.842  8142  8142 I zygote  : Caused by: java.lang.ClassNotFoundException: Didn't find class "android.view.View$OnUnhandledKeyEventListener" on path: DexPathList[[zip file "/data/app/com.example.edgesum-XZulbL2Uky1WPZydDzZa6Q==/base.apk"],nativeLibraryDirectories=[/data/app/com.example.edgesum-XZulbL2Uky1WPZydDzZa6Q==/lib/arm, /data/app/com.example.edgesum-XZulbL2Uky1WPZydDzZa6Q==/base.apk!/lib/armeabi-v7a, /system/lib, /system/vendor/lib]]
06-28 20:55:11.842  8142  8142 I zygote  :   at java.lang.Class dalvik.system.BaseDexClassLoader.findClass(java.lang.String) (BaseDexClassLoader.java:125)
06-28 20:55:11.842  8142  8142 I zygote  :   at java.lang.Class java.lang.ClassLoader.loadClass(java.lang.String, boolean) (ClassLoader.java:379)
06-28 20:55:11.842  8142  8142 I zygote  :   at java.lang.Class java.lang.ClassLoader.loadClass(java.lang.String) (ClassLoader.java:312)
06-28 20:55:11.842  8142  8142 I zygote  :   at void androidx.core.view.ViewCompat.setOnApplyWindowInsetsListener(android.view.View, androidx.core.view.OnApplyWindowInsetsListener) (ViewCompat.java:2421)
06-28 20:55:11.842  8142  8142 I zygote  :   at android.view.ViewGroup androidx.appcompat.app.AppCompatDelegateImpl.createSubDecor() (AppCompatDelegateImpl.java:779)
06-28 20:55:11.842  8142  8142 I zygote  :   at void androidx.appcompat.app.AppCompatDelegateImpl.ensureSubDecor() (AppCompatDelegateImpl.java:659)
06-28 20:55:11.842  8142  8142 I zygote  :   at void androidx.appcompat.app.AppCompatDelegateImpl.setContentView(int) (AppCompatDelegateImpl.java:552)
06-28 20:55:11.842  8142  8142 I zygote  :   at void androidx.appcompat.app.AppCompatActivity.setContentView(int) (AppCompatActivity.java:161)
06-28 20:55:11.842  8142  8142 I zygote  :   at void com.example.edgesum.page.main.MainActivity.onCreate(android.os.Bundle) (MainActivity.java:95)
06-28 20:55:11.842  8142  8142 I zygote  :   at void android.app.Activity.performCreate(android.os.Bundle, android.os.PersistableBundle) (Activity.java:7009)
06-28 20:55:11.842  8142  8142 I zygote  :   at void android.app.Activity.performCreate(android.os.Bundle) (Activity.java:7000)
06-28 20:55:11.842  8142  8142 I zygote  :   at void android.app.Instrumentation.callActivityOnCreate(android.app.Activity, android.os.Bundle) (Instrumentation.java:1214)
06-28 20:55:11.842  8142  8142 I zygote  :   at android.app.Activity android.app.ActivityThread.performLaunchActivity(android.app.ActivityThread$ActivityClientRecord, android.content.Intent) (ActivityThread.java:2731)
06-28 20:55:11.842  8142  8142 I zygote  :   at void android.app.ActivityThread.handleLaunchActivity(android.app.ActivityThread$ActivityClientRecord, android.content.Intent, java.lang.String) (ActivityThread.java:2856)
06-28 20:55:11.842  8142  8142 I zygote  :   at void android.app.ActivityThread.-wrap11(android.app.ActivityThread, android.app.ActivityThread$ActivityClientRecord, android.content.Intent, java.lang.String) (ActivityThread.java:-1)
06-28 20:55:11.842  8142  8142 I zygote  :   at void android.app.ActivityThread$H.handleMessage(android.os.Message) (ActivityThread.java:1589)
06-28 20:55:11.842  8142  8142 I zygote  :   at void android.os.Handler.dispatchMessage(android.os.Message) (Handler.java:106)
06-28 20:55:11.842  8142  8142 I zygote  :   at void android.os.Looper.loop() (Looper.java:164)
06-28 20:55:11.842  8142  8142 I zygote  :   at void android.app.ActivityThread.main(java.lang.String[]) (ActivityThread.java:6494)
06-28 20:55:11.842  8142  8142 I zygote  :   at java.lang.Object java.lang.reflect.Method.invoke(java.lang.Object, java.lang.Object[]) (Method.java:-2)
06-28 20:55:11.842  8142  8142 I zygote  :   at void com.android.internal.os.RuntimeInit$MethodAndArgsCaller.run() (RuntimeInit.java:438)
06-28 20:55:11.842  8142  8142 I zygote  :   at void com.android.internal.os.ZygoteInit.main(java.lang.String[]) (ZygoteInit.java:807)
06-28 20:55:11.842  8142  8142 I zygote  : 
06-28 20:55:12.112  8142  8142 V Repo    : /storage/emulated/0/Movies/raw
06-28 20:55:12.114  8142  8142 V Repo    : /storage/emulated/0/Movies/summarised
06-28 20:55:12.133  8142  8142 V FileManager: External storage is readable
06-28 20:55:12.134  8142  8142 V FileManager: Directory already exists: /storage/emulated/0/Movies/raw
06-28 20:55:12.140  8142  8142 V FileManager: External storage is readable
06-28 20:55:12.141  8142  8142 V FileManager: Directory already exists: /storage/emulated/0/Movies/summarised
06-28 20:55:12.143  8142  8142 V FileManager: External storage is readable
06-28 20:55:12.144  8142  8142 V FileManager: Directory already exists: /storage/emulated/0/Download/nearby
06-28 20:55:12.146  8142  8142 V FileManager: External storage is readable
06-28 20:55:12.147  8142  8142 V FileManager: Directory already exists: /storage/emulated/0/Movies/segment
06-28 20:55:12.152  8142  8142 V FileManager: External storage is readable
06-28 20:55:12.153  8142  8142 V FileManager: Directory already exists: /storage/emulated/0/Movies/segment-sum
06-28 20:55:12.384  8142  8142 V VideoManager: getAllVideoFromExternalStorageFolder
06-28 20:55:12.387  8142  8142 D VideoManager: /storage/emulated/0/Movies/summarised
06-28 20:55:12.400  8142  8142 D VideoManager: 0 videos return
06-28 20:55:12.442  8142  8147 I zygote  : Do partial code cache collection, code=10KB, data=19KB
06-28 20:55:12.444  8142  8147 I zygote  : After code cache collection, code=10KB, data=19KB
06-28 20:55:12.444  8142  8147 I zygote  : Increasing code cache capacity to 128KB
06-28 20:55:12.445  8142  8147 I zygote  : Do partial code cache collection, code=10KB, data=37KB
06-28 20:55:12.445  8142  8147 I zygote  : After code cache collection, code=10KB, data=37KB
06-28 20:55:12.445  8142  8147 I zygote  : Increasing code cache capacity to 256KB
06-28 20:55:12.446  8142  8147 I zygote  : Compiler allocated 4MB to compile void android.widget.TextView.<init>(android.content.Context, android.util.AttributeSet, int, int)
06-28 20:55:12.459  8142  8142 V VideoManager: getAllVideoFromExternalStorageFolder
06-28 20:55:12.462  8142  8142 D VideoManager: /storage/emulated/0/Movies/raw
06-28 20:55:12.470  8142  8142 D VideoManager: 0 videos return
06-28 20:55:12.535  8142  8174 D OpenGLRenderer: HWUI GL Pipeline
06-28 20:55:12.545  8142  8142 I TransferService: Starting Transfer Service to listen for network connectivity changes.
06-28 20:55:12.545  8142  8142 I TransferService: Registering the network receiver
06-28 20:55:12.550  8142  8142 E TransferService: No notification is passed in the intent. Unable to transition to foreground.
06-28 20:55:12.676  8142  8155 D MainActivity: Scanned /storage/emulated/0/Movies/summarised
06-28 20:55:12.676  8142  8155 D MainActivity:   -> uri=content://media/external/file/807
06-28 20:55:12.683  8142  8142 W StaticLayout: maxLineHeight should not be -1.  maxLines:1 lineCount:1
06-28 20:55:12.707  8142  8142 I chatty  : uid=10086(com.example.edgesum) identical 2 lines
06-28 20:55:12.719  8142  8142 W StaticLayout: maxLineHeight should not be -1.  maxLines:1 lineCount:1
06-28 20:55:12.722  8142  8154 D MainActivity: Scanned /storage/emulated/0/Movies/raw
06-28 20:55:12.722  8142  8154 D MainActivity:   -> uri=content://media/external/file/806
06-28 20:55:12.740  8142  8174 I Adreno-EGL: <qeglDrvAPI_eglInitialize:379>: QUALCOMM Build: 06/17/16, f19e6a9, I9e7a63e7c4
06-28 20:55:12.750  8142  8174 I zygote  : android::hardware::configstore::V1_0::ISurfaceFlingerConfigs::hasWideColorDisplay retrieved: 0
06-28 20:55:12.751  8142  8174 I OpenGLRenderer: Initialized EGL, version 1.4
06-28 20:55:12.751  8142  8174 D OpenGLRenderer: Swap behavior 1
06-28 20:55:12.756  8142  8174 W Adreno-EGL: <qeglDrvAPI_eglGetConfigAttrib:607>: EGL_BAD_ATTRIBUTE
06-28 20:55:12.762  8142  8174 W Adreno-EGL: <qeglDrvAPI_eglGetConfigAttrib:607>: EGL_BAD_ATTRIBUTE
06-28 20:55:12.763  8142  8174 D vndksupport: Loading /vendor/lib/hw/gralloc.msm8974.so from current namespace instead of sphal namespace.
06-28 20:55:12.769  8142  8142 W StaticLayout: maxLineHeight should not be -1.  maxLines:1 lineCount:1
06-28 20:55:12.781  8142  8142 W StaticLayout: maxLineHeight should not be -1.  maxLines:1 lineCount:1
06-28 20:55:12.796  8142  8142 I TransferNetworkLossHand: Network connectivity changed detected.
06-28 20:55:12.797  8142  8142 I TransferNetworkLossHand: Network connected: false
06-28 20:55:12.941  8142  8174 D vndksupport: Loading /vendor/lib/hw/android.hardware.graphics.mapper@2.0-impl.so from current namespace instead of sphal namespace.
06-28 20:55:12.942  8142  8174 D vndksupport: Loading /vendor/lib/hw/gralloc.msm8974.so from current namespace instead of sphal namespace.
06-28 20:55:25.243  8142  8142 V MainActivity: Connect button clicked
06-28 20:55:25.811  8142  8142 V ConnectionFragment: Discovery switch checked
06-28 20:55:25.940  8142  8142 D NearbyFragment: Started discovering
06-28 20:55:28.148  8142  8142 D NearbyFragment: Found endpoint 91YL: Nexus 5X [34d8]
06-28 20:55:28.258  8142  8147 I zygote  : Do full code cache collection, code=88KB, data=83KB
06-28 20:55:28.259  8142  8147 I zygote  : After code cache collection, code=88KB, data=61KB
06-28 20:55:42.485  8142  8142 D NearbyFragment: Selected 'Endpoint{id=91YL, name=Nexus 5X [34d8]}'
06-28 20:55:42.515  8142  8174 W Adreno-EGL: <qeglDrvAPI_eglGetConfigAttrib:607>: EGL_BAD_ATTRIBUTE
06-28 20:55:42.518  8142  8174 D vndksupport: Loading /vendor/lib/hw/gralloc.msm8974.so from current namespace instead of sphal namespace.
06-28 20:55:48.148  8142  8142 D NearbyFragment: Initiated connection with Endpoint{id=91YL, name=Nexus 5X [34d8]}: Nexus 5X [34d8]
06-28 20:55:48.270  8142  8142 D NearbyFragment: Requested connection with Endpoint{id=91YL, name=Nexus 5X [34d8]}
06-28 20:55:48.346  8142  8174 W Adreno-EGL: <qeglDrvAPI_eglGetConfigAttrib:607>: EGL_BAD_ATTRIBUTE
06-28 20:55:48.357  8142  8174 D vndksupport: Loading /vendor/lib/hw/gralloc.msm8974.so from current namespace instead of sphal namespace.
06-28 20:55:52.563  8142  8142 I NearbyFragment: Connected to Endpoint{id=91YL, name=Nexus 5X [34d8]}
06-28 20:55:55.394  8142  8142 V ConnectionFragment: Discovery switch unchecked
06-28 20:55:55.394  8142  8142 D NearbyFragment: Stopped discovering
06-28 20:55:55.612  8142  8147 I zygote  : Do partial code cache collection, code=125KB, data=107KB
06-28 20:55:55.616  8142  8147 I zygote  : After code cache collection, code=125KB, data=107KB
06-28 20:55:55.616  8142  8147 I zygote  : Increasing code cache capacity to 512KB
06-28 20:55:56.740  8142  8142 I TransferNetworkLossHand: Network connectivity changed detected.
06-28 20:55:56.746  8142  8142 I TransferNetworkLossHand: Network connected: true
06-28 20:57:06.767  8142  8142 D NearbyFragment: onPayloadReceived(endpointId=91YL, payload=com.google.android.gms.nearby.connection.Payload@52c6cfd)
06-28 20:57:06.780  8142  8142 V NearbyFragment: Started downloading SUMMARISE:-7709853029593973560:20200312_150744.mp4:45.0_1.0_23_medium from Endpoint{id=91YL, name=Nexus 5X [34d8]}
06-28 20:57:06.804  8142  8142 V NearbyFragment: Transfer to 91YL: 100%
06-28 20:57:06.810  8142  8142 V NearbyFragment: Transfer to 91YL: 100%
06-28 20:57:13.769  8142  8142 D NearbyFragment: onPayloadReceived(endpointId=91YL, payload=com.google.android.gms.nearby.connection.Payload@70002c0)
06-28 20:57:13.771  8142  8142 V NearbyFragment: Transfer to 91YL: 0%
06-28 20:57:13.905  8142  8142 V NearbyFragment: Transfer to 91YL: 0%
06-28 20:57:14.272  8142  8142 V NearbyFragment: Transfer to 91YL: 0%
06-28 20:57:14.618  8142  8142 V NearbyFragment: Transfer to 91YL: 0%
06-28 20:57:14.759  8142  8142 V NearbyFragment: Transfer to 91YL: 0%
06-28 20:57:14.912  8142  8142 V NearbyFragment: Transfer to 91YL: 0%
06-28 20:57:15.154  8142  8142 V NearbyFragment: Transfer to 91YL: 0%
06-28 20:57:15.200  8142  8142 V NearbyFragment: Transfer to 91YL: 0%
06-28 20:57:15.242  8142  8142 V NearbyFragment: Transfer to 91YL: 0%
06-28 20:57:15.274  8142  8142 V NearbyFragment: Transfer to 91YL: 0%
06-28 20:57:15.299  8142  8142 V NearbyFragment: Transfer to 91YL: 1%
06-28 20:57:15.312  8142  8142 V NearbyFragment: Transfer to 91YL: 1%
06-28 20:57:15.338  8142  8142 V NearbyFragment: Transfer to 91YL: 1%
06-28 20:57:15.360  8142  8142 V NearbyFragment: Transfer to 91YL: 1%
06-28 20:57:15.386  8142  8142 V NearbyFragment: Transfer to 91YL: 1%
06-28 20:57:15.401  8142  8142 V NearbyFragment: Transfer to 91YL: 1%
06-28 20:57:15.437  8142  8142 V NearbyFragment: Transfer to 91YL: 1%
06-28 20:57:15.447  8142  8142 V NearbyFragment: Transfer to 91YL: 1%
06-28 20:57:15.460  8142  8142 V NearbyFragment: Transfer to 91YL: 1%
06-28 20:57:15.483  8142  8142 V NearbyFragment: Transfer to 91YL: 1%
06-28 20:57:15.506  8142  8142 V NearbyFragment: Transfer to 91YL: 1%
06-28 20:57:15.519  8142  8142 V NearbyFragment: Transfer to 91YL: 2%
06-28 20:57:15.543  8142  8142 V NearbyFragment: Transfer to 91YL: 2%
06-28 20:57:15.554  8142  8142 V NearbyFragment: Transfer to 91YL: 2%
06-28 20:57:15.563  8142  8142 V NearbyFragment: Transfer to 91YL: 2%
06-28 20:57:15.593  8142  8142 V NearbyFragment: Transfer to 91YL: 2%
06-28 20:57:15.603  8142  8142 V NearbyFragment: Transfer to 91YL: 2%
06-28 20:57:15.613  8142  8142 V NearbyFragment: Transfer to 91YL: 2%
06-28 20:57:15.639  8142  8142 V NearbyFragment: Transfer to 91YL: 2%
06-28 20:57:15.645  8142  8142 V NearbyFragment: Transfer to 91YL: 2%
06-28 20:57:15.659  8142  8142 V NearbyFragment: Transfer to 91YL: 2%
06-28 20:57:15.672  8142  8142 V NearbyFragment: Transfer to 91YL: 2%
06-28 20:57:15.681  8142  8142 V NearbyFragment: Transfer to 91YL: 3%
06-28 20:57:15.695  8142  8142 V NearbyFragment: Transfer to 91YL: 3%
06-28 20:57:15.705  8142  8142 V NearbyFragment: Transfer to 91YL: 3%
06-28 20:57:15.716  8142  8142 V NearbyFragment: Transfer to 91YL: 3%
06-28 20:57:15.725  8142  8142 V NearbyFragment: Transfer to 91YL: 3%
06-28 20:57:15.764  8142  8142 V NearbyFragment: Transfer to 91YL: 3%
06-28 20:57:15.794  8142  8142 V NearbyFragment: Transfer to 91YL: 3%
06-28 20:57:15.802  8142  8142 V NearbyFragment: Transfer to 91YL: 3%
06-28 20:57:15.871  8142  8142 V NearbyFragment: Transfer to 91YL: 3%
06-28 20:57:15.901  8142  8142 V NearbyFragment: Transfer to 91YL: 3%
06-28 20:57:15.915  8142  8142 V NearbyFragment: Transfer to 91YL: 4%
06-28 20:57:15.918  8142  8142 V NearbyFragment: Transfer to 91YL: 4%
06-28 20:57:15.948  8142  8142 V NearbyFragment: Transfer to 91YL: 4%
06-28 20:57:15.964  8142  8142 V NearbyFragment: Transfer to 91YL: 4%
06-28 20:57:15.984  8142  8142 V NearbyFragment: Transfer to 91YL: 4%
06-28 20:57:16.039  8142  8142 V NearbyFragment: Transfer to 91YL: 4%
06-28 20:57:16.062  8142  8142 V NearbyFragment: Transfer to 91YL: 4%
06-28 20:57:16.080  8142  8142 V NearbyFragment: Transfer to 91YL: 4%
06-28 20:57:16.122  8142  8142 V NearbyFragment: Transfer to 91YL: 4%
06-28 20:57:16.131  8142  8142 V NearbyFragment: Transfer to 91YL: 4%
06-28 20:57:16.148  8142  8142 V NearbyFragment: Transfer to 91YL: 4%
06-28 20:57:16.159  8142  8142 V NearbyFragment: Transfer to 91YL: 5%
06-28 20:57:16.214  8142  8142 V NearbyFragment: Transfer to 91YL: 5%
06-28 20:57:16.228  8142  8142 V NearbyFragment: Transfer to 91YL: 5%
06-28 20:57:16.238  8142  8142 V NearbyFragment: Transfer to 91YL: 5%
06-28 20:57:16.253  8142  8142 V NearbyFragment: Transfer to 91YL: 5%
06-28 20:57:16.278  8142  8142 V NearbyFragment: Transfer to 91YL: 5%
06-28 20:57:16.295  8142  8142 V NearbyFragment: Transfer to 91YL: 5%
06-28 20:57:16.304  8142  8142 V NearbyFragment: Transfer to 91YL: 5%
06-28 20:57:16.313  8142  8142 V NearbyFragment: Transfer to 91YL: 5%
06-28 20:57:16.329  8142  8142 V NearbyFragment: Transfer to 91YL: 5%
06-28 20:57:16.364  8142  8142 V NearbyFragment: Transfer to 91YL: 5%
06-28 20:57:16.370  8142  8142 V NearbyFragment: Transfer to 91YL: 6%
06-28 20:57:16.377  8142  8142 V NearbyFragment: Transfer to 91YL: 6%
06-28 20:57:16.394  8142  8142 V NearbyFragment: Transfer to 91YL: 6%
06-28 20:57:16.437  8142  8142 V NearbyFragment: Transfer to 91YL: 6%
06-28 20:57:16.474  8142  8142 V NearbyFragment: Transfer to 91YL: 6%
06-28 20:57:16.477  8142  8142 V NearbyFragment: Transfer to 91YL: 6%
06-28 20:57:16.486  8142  8142 V NearbyFragment: Transfer to 91YL: 6%
06-28 20:57:16.497  8142  8142 V NearbyFragment: Transfer to 91YL: 6%
06-28 20:57:16.513  8142  8142 V NearbyFragment: Transfer to 91YL: 6%
06-28 20:57:16.519  8142  8142 V NearbyFragment: Transfer to 91YL: 6%
06-28 20:57:16.547  8142  8142 V NearbyFragment: Transfer to 91YL: 7%
06-28 20:57:16.553  8142  8142 V NearbyFragment: Transfer to 91YL: 7%
06-28 20:57:16.569  8142  8142 V NearbyFragment: Transfer to 91YL: 7%
06-28 20:57:16.575  8142  8142 V NearbyFragment: Transfer to 91YL: 7%
06-28 20:57:16.587  8142  8142 V NearbyFragment: Transfer to 91YL: 7%
06-28 20:57:16.597  8142  8142 V NearbyFragment: Transfer to 91YL: 7%
06-28 20:57:16.606  8142  8142 V NearbyFragment: Transfer to 91YL: 7%
06-28 20:57:16.634  8142  8142 V NearbyFragment: Transfer to 91YL: 7%
06-28 20:57:16.641  8142  8142 V NearbyFragment: Transfer to 91YL: 7%
06-28 20:57:16.652  8142  8142 V NearbyFragment: Transfer to 91YL: 7%
06-28 20:57:16.661  8142  8142 V NearbyFragment: Transfer to 91YL: 7%
06-28 20:57:16.669  8142  8142 V NearbyFragment: Transfer to 91YL: 8%
06-28 20:57:16.677  8142  8142 V NearbyFragment: Transfer to 91YL: 8%
06-28 20:57:16.695  8142  8142 V NearbyFragment: Transfer to 91YL: 8%
06-28 20:57:16.704  8142  8142 V NearbyFragment: Transfer to 91YL: 8%
06-28 20:57:16.723  8142  8142 V NearbyFragment: Transfer to 91YL: 8%
06-28 20:57:16.747  8142  8142 V NearbyFragment: Transfer to 91YL: 8%
06-28 20:57:16.755  8142  8142 V NearbyFragment: Transfer to 91YL: 8%
06-28 20:57:16.758  8142  8142 V NearbyFragment: Transfer to 91YL: 8%
06-28 20:57:16.765  8142  8142 V NearbyFragment: Transfer to 91YL: 8%
06-28 20:57:16.777  8142  8142 V NearbyFragment: Transfer to 91YL: 8%
06-28 20:57:16.780  8142  8142 V NearbyFragment: Transfer to 91YL: 8%
06-28 20:57:16.789  8142  8142 V NearbyFragment: Transfer to 91YL: 9%
06-28 20:57:16.800  8142  8142 V NearbyFragment: Transfer to 91YL: 9%
06-28 20:57:16.814  8142  8142 V NearbyFragment: Transfer to 91YL: 9%
06-28 20:57:16.819  8142  8142 V NearbyFragment: Transfer to 91YL: 9%
06-28 20:57:16.827  8142  8142 V NearbyFragment: Transfer to 91YL: 9%
06-28 20:57:16.831  8142  8142 V NearbyFragment: Transfer to 91YL: 9%
06-28 20:57:16.840  8142  8142 V NearbyFragment: Transfer to 91YL: 9%
06-28 20:57:16.848  8142  8142 V NearbyFragment: Transfer to 91YL: 9%
06-28 20:57:16.856  8142  8142 V NearbyFragment: Transfer to 91YL: 9%
06-28 20:57:16.868  8142  8142 V NearbyFragment: Transfer to 91YL: 9%
06-28 20:57:16.877  8142  8142 V NearbyFragment: Transfer to 91YL: 10%
06-28 20:57:16.919  8142  8142 V NearbyFragment: Transfer to 91YL: 10%
06-28 20:57:16.932  8142  8142 V NearbyFragment: Transfer to 91YL: 10%
06-28 20:57:16.943  8142  8142 V NearbyFragment: Transfer to 91YL: 10%
06-28 20:57:16.955  8142  8142 V NearbyFragment: Transfer to 91YL: 10%
06-28 20:57:16.965  8142  8142 V NearbyFragment: Transfer to 91YL: 10%
06-28 20:57:16.979  8142  8142 V NearbyFragment: Transfer to 91YL: 10%
06-28 20:57:16.986  8142  8142 V NearbyFragment: Transfer to 91YL: 10%
06-28 20:57:16.993  8142  8142 V NearbyFragment: Transfer to 91YL: 10%
06-28 20:57:17.003  8142  8142 V NearbyFragment: Transfer to 91YL: 10%
06-28 20:57:17.026  8142  8142 V NearbyFragment: Transfer to 91YL: 10%
06-28 20:57:17.033  8142  8142 V NearbyFragment: Transfer to 91YL: 11%
06-28 20:57:17.039  8142  8142 V NearbyFragment: Transfer to 91YL: 11%
06-28 20:57:17.042  8142  8142 V NearbyFragment: Transfer to 91YL: 11%
06-28 20:57:17.051  8142  8142 V NearbyFragment: Transfer to 91YL: 11%
06-28 20:57:17.060  8142  8142 V NearbyFragment: Transfer to 91YL: 11%
06-28 20:57:17.070  8142  8142 V NearbyFragment: Transfer to 91YL: 11%
06-28 20:57:17.076  8142  8142 V NearbyFragment: Transfer to 91YL: 11%
06-28 20:57:17.082  8142  8142 V NearbyFragment: Transfer to 91YL: 11%
06-28 20:57:17.091  8142  8142 V NearbyFragment: Transfer to 91YL: 11%
06-28 20:57:17.100  8142  8142 V NearbyFragment: Transfer to 91YL: 11%
06-28 20:57:17.106  8142  8142 V NearbyFragment: Transfer to 91YL: 11%
06-28 20:57:17.115  8142  8142 V NearbyFragment: Transfer to 91YL: 12%
06-28 20:57:17.133  8142  8142 V NearbyFragment: Transfer to 91YL: 12%
06-28 20:57:17.139  8142  8142 V NearbyFragment: Transfer to 91YL: 12%
06-28 20:57:17.148  8142  8142 V NearbyFragment: Transfer to 91YL: 12%
06-28 20:57:17.152  8142  8142 V NearbyFragment: Transfer to 91YL: 12%
06-28 20:57:17.161  8142  8142 V NearbyFragment: Transfer to 91YL: 12%
06-28 20:57:17.173  8142  8142 V NearbyFragment: Transfer to 91YL: 12%
06-28 20:57:17.186  8142  8142 V NearbyFragment: Transfer to 91YL: 12%
06-28 20:57:17.196  8142  8142 V NearbyFragment: Transfer to 91YL: 12%
06-28 20:57:17.207  8142  8142 V NearbyFragment: Transfer to 91YL: 12%
06-28 20:57:17.220  8142  8142 V NearbyFragment: Transfer to 91YL: 13%
06-28 20:57:17.220  8142  8142 V NearbyFragment: Transfer to 91YL: 13%
06-28 20:57:17.255  8142  8142 V NearbyFragment: Transfer to 91YL: 13%
06-28 20:57:17.266  8142  8142 V NearbyFragment: Transfer to 91YL: 13%
06-28 20:57:17.273  8142  8142 V NearbyFragment: Transfer to 91YL: 13%
06-28 20:57:17.280  8142  8142 V NearbyFragment: Transfer to 91YL: 13%
06-28 20:57:17.287  8142  8142 V NearbyFragment: Transfer to 91YL: 13%
06-28 20:57:17.365  8142  8142 V NearbyFragment: Transfer to 91YL: 13%
06-28 20:57:17.378  8142  8142 V NearbyFragment: Transfer to 91YL: 13%
06-28 20:57:17.390  8142  8142 V NearbyFragment: Transfer to 91YL: 13%
06-28 20:57:17.406  8142  8142 V NearbyFragment: Transfer to 91YL: 13%
06-28 20:57:17.416  8142  8142 V NearbyFragment: Transfer to 91YL: 14%
06-28 20:57:17.425  8142  8142 V NearbyFragment: Transfer to 91YL: 14%
06-28 20:57:17.435  8142  8142 V NearbyFragment: Transfer to 91YL: 14%
06-28 20:57:17.444  8142  8142 V NearbyFragment: Transfer to 91YL: 14%
06-28 20:57:17.451  8142  8142 V NearbyFragment: Transfer to 91YL: 14%
06-28 20:57:17.461  8142  8142 V NearbyFragment: Transfer to 91YL: 14%
06-28 20:57:17.470  8142  8142 V NearbyFragment: Transfer to 91YL: 14%
06-28 20:57:17.479  8142  8142 V NearbyFragment: Transfer to 91YL: 14%
06-28 20:57:17.489  8142  8142 V NearbyFragment: Transfer to 91YL: 14%
06-28 20:57:17.495  8142  8142 V NearbyFragment: Transfer to 91YL: 14%
06-28 20:57:17.504  8142  8142 V NearbyFragment: Transfer to 91YL: 14%
06-28 20:57:17.512  8142  8142 V NearbyFragment: Transfer to 91YL: 15%
06-28 20:57:17.520  8142  8142 V NearbyFragment: Transfer to 91YL: 15%
06-28 20:57:17.531  8142  8142 V NearbyFragment: Transfer to 91YL: 15%
06-28 20:57:17.555  8142  8142 V NearbyFragment: Transfer to 91YL: 15%
06-28 20:57:17.568  8142  8142 V NearbyFragment: Transfer to 91YL: 15%
06-28 20:57:17.578  8142  8142 V NearbyFragment: Transfer to 91YL: 15%
06-28 20:57:17.587  8142  8142 V NearbyFragment: Transfer to 91YL: 15%
06-28 20:57:17.596  8142  8142 V NearbyFragment: Transfer to 91YL: 15%
06-28 20:57:17.603  8142  8142 V NearbyFragment: Transfer to 91YL: 15%
06-28 20:57:17.611  8142  8142 V NearbyFragment: Transfer to 91YL: 15%
06-28 20:57:17.621  8142  8142 V NearbyFragment: Transfer to 91YL: 16%
06-28 20:57:17.632  8142  8142 V NearbyFragment: Transfer to 91YL: 16%
06-28 20:57:17.641  8142  8142 V NearbyFragment: Transfer to 91YL: 16%
06-28 20:57:17.664  8142  8142 V NearbyFragment: Transfer to 91YL: 16%
06-28 20:57:17.675  8142  8142 V NearbyFragment: Transfer to 91YL: 16%
06-28 20:57:17.677  8142  8142 V NearbyFragment: Transfer to 91YL: 16%
06-28 20:57:17.686  8142  8142 V NearbyFragment: Transfer to 91YL: 16%
06-28 20:57:17.688  8142  8142 V NearbyFragment: Transfer to 91YL: 16%
06-28 20:57:17.751  8142  8142 V NearbyFragment: Transfer to 91YL: 16%
06-28 20:57:17.759  8142  8142 V NearbyFragment: Transfer to 91YL: 16%
06-28 20:57:17.768  8142  8142 V NearbyFragment: Transfer to 91YL: 16%
06-28 20:57:17.778  8142  8142 V NearbyFragment: Transfer to 91YL: 17%
06-28 20:57:17.781  8142  8142 V NearbyFragment: Transfer to 91YL: 17%
06-28 20:57:17.789  8142  8142 V NearbyFragment: Transfer to 91YL: 17%
06-28 20:57:17.796  8142  8142 V NearbyFragment: Transfer to 91YL: 17%
06-28 20:57:17.799  8142  8142 V NearbyFragment: Transfer to 91YL: 17%
06-28 20:57:17.805  8142  8142 V NearbyFragment: Transfer to 91YL: 17%
06-28 20:57:17.819  8142  8142 V NearbyFragment: Transfer to 91YL: 17%
06-28 20:57:17.832  8142  8142 V NearbyFragment: Transfer to 91YL: 17%
06-28 20:57:17.843  8142  8142 V NearbyFragment: Transfer to 91YL: 17%
06-28 20:57:17.849  8142  8142 V NearbyFragment: Transfer to 91YL: 17%
06-28 20:57:17.871  8142  8142 V NearbyFragment: Transfer to 91YL: 17%
06-28 20:57:17.881  8142  8142 V NearbyFragment: Transfer to 91YL: 18%
06-28 20:57:17.891  8142  8142 V NearbyFragment: Transfer to 91YL: 18%
06-28 20:57:17.904  8142  8142 V NearbyFragment: Transfer to 91YL: 18%
06-28 20:57:17.932  8142  8142 V NearbyFragment: Transfer to 91YL: 18%
06-28 20:57:17.944  8142  8142 V NearbyFragment: Transfer to 91YL: 18%
06-28 20:57:17.970  8142  8142 V NearbyFragment: Transfer to 91YL: 18%
06-28 20:57:17.980  8142  8142 V NearbyFragment: Transfer to 91YL: 18%
06-28 20:57:17.991  8142  8142 V NearbyFragment: Transfer to 91YL: 18%
06-28 20:57:17.999  8142  8142 V NearbyFragment: Transfer to 91YL: 18%
06-28 20:57:18.007  8142  8142 V NearbyFragment: Transfer to 91YL: 18%
06-28 20:57:18.016  8142  8142 V NearbyFragment: Transfer to 91YL: 19%
06-28 20:57:18.023  8142  8142 V NearbyFragment: Transfer to 91YL: 19%
06-28 20:57:18.026  8142  8142 V NearbyFragment: Transfer to 91YL: 19%
06-28 20:57:18.039  8142  8142 V NearbyFragment: Transfer to 91YL: 19%
06-28 20:57:18.056  8142  8142 V NearbyFragment: Transfer to 91YL: 19%
06-28 20:57:18.066  8142  8142 V NearbyFragment: Transfer to 91YL: 19%
06-28 20:57:18.075  8142  8142 V NearbyFragment: Transfer to 91YL: 19%
06-28 20:57:18.086  8142  8142 V NearbyFragment: Transfer to 91YL: 19%
06-28 20:57:18.097  8142  8142 V NearbyFragment: Transfer to 91YL: 19%
06-28 20:57:18.104  8142  8142 V NearbyFragment: Transfer to 91YL: 19%
06-28 20:57:18.122  8142  8142 V NearbyFragment: Transfer to 91YL: 19%
06-28 20:57:18.142  8142  8142 V NearbyFragment: Transfer to 91YL: 20%
06-28 20:57:18.153  8142  8142 V NearbyFragment: Transfer to 91YL: 20%
06-28 20:57:18.166  8142  8142 V NearbyFragment: Transfer to 91YL: 20%
06-28 20:57:18.177  8142  8142 V NearbyFragment: Transfer to 91YL: 20%
06-28 20:57:18.187  8142  8142 V NearbyFragment: Transfer to 91YL: 20%
06-28 20:57:18.199  8142  8142 V NearbyFragment: Transfer to 91YL: 20%
06-28 20:57:18.210  8142  8142 V NearbyFragment: Transfer to 91YL: 20%
06-28 20:57:18.220  8142  8142 V NearbyFragment: Transfer to 91YL: 20%
06-28 20:57:18.239  8142  8142 V NearbyFragment: Transfer to 91YL: 20%
06-28 20:57:18.250  8142  8142 V NearbyFragment: Transfer to 91YL: 20%
06-28 20:57:18.260  8142  8142 V NearbyFragment: Transfer to 91YL: 20%
06-28 20:57:18.270  8142  8142 V NearbyFragment: Transfer to 91YL: 21%
06-28 20:57:18.277  8142  8142 V NearbyFragment: Transfer to 91YL: 21%
06-28 20:57:18.292  8142  8142 V NearbyFragment: Transfer to 91YL: 21%
06-28 20:57:18.299  8142  8142 V NearbyFragment: Transfer to 91YL: 21%
06-28 20:57:18.312  8142  8142 V NearbyFragment: Transfer to 91YL: 21%
06-28 20:57:18.319  8142  8142 V NearbyFragment: Transfer to 91YL: 21%
06-28 20:57:18.327  8142  8142 V NearbyFragment: Transfer to 91YL: 21%
06-28 20:57:18.330  8142  8142 V NearbyFragment: Transfer to 91YL: 21%
06-28 20:57:18.339  8142  8142 V NearbyFragment: Transfer to 91YL: 21%
06-28 20:57:18.349  8142  8142 V NearbyFragment: Transfer to 91YL: 21%
06-28 20:57:18.354  8142  8142 V NearbyFragment: Transfer to 91YL: 22%
06-28 20:57:18.360  8142  8142 V NearbyFragment: Transfer to 91YL: 22%
06-28 20:57:18.365  8142  8142 V NearbyFragment: Transfer to 91YL: 22%
06-28 20:57:18.372  8142  8142 V NearbyFragment: Transfer to 91YL: 22%
06-28 20:57:18.380  8142  8142 V NearbyFragment: Transfer to 91YL: 22%
06-28 20:57:18.389  8142  8142 V NearbyFragment: Transfer to 91YL: 22%
06-28 20:57:18.402  8142  8142 V NearbyFragment: Transfer to 91YL: 22%
06-28 20:57:18.411  8142  8142 V NearbyFragment: Transfer to 91YL: 22%
06-28 20:57:18.420  8142  8142 V NearbyFragment: Transfer to 91YL: 22%
06-28 20:57:18.431  8142  8142 V NearbyFragment: Transfer to 91YL: 22%
06-28 20:57:18.441  8142  8142 V NearbyFragment: Transfer to 91YL: 22%
06-28 20:57:18.452  8142  8142 V NearbyFragment: Transfer to 91YL: 23%
06-28 20:57:18.461  8142  8142 V NearbyFragment: Transfer to 91YL: 23%
06-28 20:57:18.484  8142  8142 V NearbyFragment: Transfer to 91YL: 23%
06-28 20:57:18.491  8142  8142 V NearbyFragment: Transfer to 91YL: 23%
06-28 20:57:18.496  8142  8142 V NearbyFragment: Transfer to 91YL: 23%
06-28 20:57:18.501  8142  8142 V NearbyFragment: Transfer to 91YL: 23%
06-28 20:57:18.519  8142  8142 V NearbyFragment: Transfer to 91YL: 23%
06-28 20:57:18.529  8142  8142 V NearbyFragment: Transfer to 91YL: 23%
06-28 20:57:18.533  8142  8142 V NearbyFragment: Transfer to 91YL: 23%
06-28 20:57:18.548  8142  8142 V NearbyFragment: Transfer to 91YL: 23%
06-28 20:57:18.558  8142  8142 V NearbyFragment: Transfer to 91YL: 23%
06-28 20:57:18.567  8142  8142 V NearbyFragment: Transfer to 91YL: 24%
06-28 20:57:18.577  8142  8142 V NearbyFragment: Transfer to 91YL: 24%
06-28 20:57:18.584  8142  8142 V NearbyFragment: Transfer to 91YL: 24%
06-28 20:57:18.592  8142  8142 V NearbyFragment: Transfer to 91YL: 24%
06-28 20:57:18.614  8142  8142 V NearbyFragment: Transfer to 91YL: 24%
06-28 20:57:18.622  8142  8142 V NearbyFragment: Transfer to 91YL: 24%
06-28 20:57:18.637  8142  8142 V NearbyFragment: Transfer to 91YL: 24%
06-28 20:57:18.654  8142  8142 V NearbyFragment: Transfer to 91YL: 24%
06-28 20:57:18.664  8142  8142 V NearbyFragment: Transfer to 91YL: 24%
06-28 20:57:18.686  8142  8142 V NearbyFragment: Transfer to 91YL: 24%
06-28 20:57:18.701  8142  8142 V NearbyFragment: Transfer to 91YL: 25%
06-28 20:57:18.710  8142  8142 V NearbyFragment: Transfer to 91YL: 25%
06-28 20:57:18.720  8142  8142 V NearbyFragment: Transfer to 91YL: 25%
06-28 20:57:18.729  8142  8142 V NearbyFragment: Transfer to 91YL: 25%
06-28 20:57:18.737  8142  8142 V NearbyFragment: Transfer to 91YL: 25%
06-28 20:57:18.746  8142  8142 V NearbyFragment: Transfer to 91YL: 25%
06-28 20:57:18.755  8142  8142 V NearbyFragment: Transfer to 91YL: 25%
06-28 20:57:18.766  8142  8142 V NearbyFragment: Transfer to 91YL: 25%
06-28 20:57:18.799  8142  8142 V NearbyFragment: Transfer to 91YL: 25%
06-28 20:57:18.801  8142  8142 V NearbyFragment: Transfer to 91YL: 25%
06-28 20:57:18.819  8142  8142 V NearbyFragment: Transfer to 91YL: 25%
06-28 20:57:18.826  8142  8142 V NearbyFragment: Transfer to 91YL: 26%
06-28 20:57:18.830  8142  8142 V NearbyFragment: Transfer to 91YL: 26%
06-28 20:57:18.837  8142  8142 V NearbyFragment: Transfer to 91YL: 26%
06-28 20:57:18.852  8142  8142 V NearbyFragment: Transfer to 91YL: 26%
06-28 20:57:18.870  8142  8142 V NearbyFragment: Transfer to 91YL: 26%
06-28 20:57:18.883  8142  8142 V NearbyFragment: Transfer to 91YL: 26%
06-28 20:57:18.895  8142  8142 V NearbyFragment: Transfer to 91YL: 26%
06-28 20:57:18.902  8142  8142 V NearbyFragment: Transfer to 91YL: 26%
06-28 20:57:18.919  8142  8142 V NearbyFragment: Transfer to 91YL: 26%
