--------- beginning of main
06-29 20:48:42.639  3186  3186 W LogFactory: Truncating log tag length as it exceed 23, the limit imposed by Android on certain API Levels
06-29 20:48:42.671  3186  3186 E TransferService: No notification is passed in the intent. Unable to transition to foreground.
06-29 20:48:42.888  3186  3186 W StaticLayout: maxLineHeight should not be -1.  maxLines:1 lineCount:1
06-29 20:48:42.905  3186  3186 W StaticLayout: maxLineHeight should not be -1.  maxLines:1 lineCount:1
06-29 20:48:42.935  3186  3186 W StaticLayout: maxLineHeight should not be -1.  maxLines:1 lineCount:1
06-29 20:48:42.979  3186  3272 W Adreno-EGL: <qeglDrvAPI_eglGetConfigAttrib:607>: EGL_BAD_ATTRIBUTE
06-29 20:48:42.982  3186  3272 W Adreno-EGL: <qeglDrvAPI_eglGetConfigAttrib:607>: EGL_BAD_ATTRIBUTE
06-29 20:48:42.995  3186  3186 W StaticLayout: maxLineHeight should not be -1.  maxLines:1 lineCount:1
06-29 20:48:43.005  3186  3186 W StaticLayout: maxLineHeight should not be -1.  maxLines:1 lineCount:1
06-29 20:49:22.548  3186  3272 W Adreno-EGL: <qeglDrvAPI_eglGetConfigAttrib:607>: EGL_BAD_ATTRIBUTE
06-29 20:49:37.938  3186  3272 W Adreno-EGL: <qeglDrvAPI_eglGetConfigAttrib:607>: EGL_BAD_ATTRIBUTE
06-29 20:52:11.729  3186  3186 W NearbyFragment: Completed downloading 20200312_150744.mp4 from Endpoint{id=dafo, name=Nexus 5X [34d8]} in 23.988s
06-29 20:52:12.016  3186  3848 W mobile-ffmpeg: 
06-29 20:52:12.016  3186  3848 W mobile-ffmpeg: [mov,mp4,m4a,3gp,3g2,mj2 @ 0x95222c00] 
06-29 20:52:12.016  3186  3848 W mobile-ffmpeg: 
06-29 20:52:12.016  3186  3848 W mobile-ffmpeg: Found duplicated MOOV Atom. Skipped it
06-29 20:52:34.177  3186  3846 W Summariser: 1 active sections found
06-29 20:52:34.195  3186  3848 W mobile-ffmpeg: 
06-29 20:52:34.196  3186  3848 W mobile-ffmpeg: [mov,mp4,m4a,3gp,3g2,mj2 @ 0x96412c00] 
06-29 20:52:34.196  3186  3848 W mobile-ffmpeg: 
06-29 20:52:34.196  3186  3848 W mobile-ffmpeg: Found duplicated MOOV Atom. Skipped it
06-29 20:53:05.621  3186  3846 W Summariser: Summarisation completed
06-29 20:53:05.621  3186  3846 W Summariser:   filename: 20200312_150744.mp4
06-29 20:53:05.621  3186  3846 W Summariser:   active sections: 1
06-29 20:53:05.621  3186  3846 W Summariser:   time: 53.614s
06-29 20:53:05.621  3186  3846 W Summariser:   original duration: 60.02
06-29 20:53:05.621  3186  3846 W Summariser:   summarised duration: 4.83
06-29 20:53:05.621  3186  3846 W Summariser:   noise tolerance: 45.00
06-29 20:53:05.621  3186  3846 W Summariser:   quality: 23
06-29 20:53:05.621  3186  3846 W Summariser:   speed: medium
06-29 20:53:05.621  3186  3846 W Summariser:   freeze duration: 1.00
06-29 20:53:05.690  3186  3846 W NearbyFragment: Sending 20200312_150744.mp4 to Nexus 5X [34d8]
06-29 20:54:22.525  3186  3186 W NearbyFragment: Completed downloading 20200312_193528.mp4 from Endpoint{id=dafo, name=Nexus 5X [34d8]} in 15.822s
06-29 20:54:22.627  3186  3848 W mobile-ffmpeg: 
06-29 20:54:22.627  3186  3848 W mobile-ffmpeg: [mov,mp4,m4a,3gp,3g2,mj2 @ 0x9641be00] 
06-29 20:54:22.627  3186  3848 W mobile-ffmpeg: 
06-29 20:54:22.627  3186  3848 W mobile-ffmpeg: Found duplicated MOOV Atom. Skipped it
06-29 20:54:45.383  3186  4153 W Summariser: No activity detected
06-29 20:54:45.469  3186  4153 W Summariser: Summarisation completed
06-29 20:54:45.469  3186  4153 W Summariser:   filename: 20200312_193528.mp4
06-29 20:54:45.469  3186  4153 W Summariser:   active sections: 0
06-29 20:54:45.469  3186  4153 W Summariser:   time: 22.775s
06-29 20:54:45.469  3186  4153 W Summariser:   original duration: 60.05
06-29 20:54:45.469  3186  4153 W Summariser:   summarised duration: -1.00
06-29 20:54:45.469  3186  4153 W Summariser:   noise tolerance: 45.00
06-29 20:54:45.469  3186  4153 W Summariser:   quality: 23
06-29 20:54:45.469  3186  4153 W Summariser:   speed: medium
06-29 20:54:45.469  3186  4153 W Summariser:   freeze duration: 1.00
06-29 20:56:20.269  3186  3186 W NearbyFragment: Completed downloading 20200312_193828.mp4 from Endpoint{id=dafo, name=Nexus 5X [34d8]} in 15.824s
06-29 20:56:20.338  3186  3848 W mobile-ffmpeg: 
06-29 20:56:20.338  3186  3848 W mobile-ffmpeg: [mov,mp4,m4a,3gp,3g2,mj2 @ 0x9641c400] 
06-29 20:56:20.338  3186  3848 W mobile-ffmpeg: 
06-29 20:56:20.338  3186  3848 W mobile-ffmpeg: Found duplicated MOOV Atom. Skipped it
06-29 20:56:43.333  3186  4289 W Summariser: 1 active sections found
06-29 20:56:43.346  3186  3848 W mobile-ffmpeg: 
06-29 20:56:43.346  3186  3848 W mobile-ffmpeg: [mov,mp4,m4a,3gp,3g2,mj2 @ 0x93fc8c00] 
06-29 20:56:43.346  3186  3848 W mobile-ffmpeg: 
06-29 20:56:43.346  3186  3848 W mobile-ffmpeg: Found duplicated MOOV Atom. Skipped it
06-29 20:57:32.194  3186  4289 W Summariser: Summarisation completed
06-29 20:57:32.194  3186  4289 W Summariser:   filename: 20200312_193828.mp4
06-29 20:57:32.194  3186  4289 W Summariser:   active sections: 1
06-29 20:57:32.194  3186  4289 W Summariser:   time: 71.578s
06-29 20:57:32.194  3186  4289 W Summariser:   original duration: 60.02
06-29 20:57:32.194  3186  4289 W Summariser:   summarised duration: 14.28
06-29 20:57:32.194  3186  4289 W Summariser:   noise tolerance: 45.00
06-29 20:57:32.194  3186  4289 W Summariser:   quality: 23
06-29 20:57:32.194  3186  4289 W Summariser:   speed: medium
06-29 20:57:32.194  3186  4289 W Summariser:   freeze duration: 1.00
06-29 20:57:32.293  3186  4289 W NearbyFragment: Sending 20200312_193828.mp4 to Nexus 5X [34d8]
06-29 20:58:45.532  3186  3186 W NearbyFragment: Completed downloading 20200312_194330.mp4 from Endpoint{id=dafo, name=Nexus 5X [34d8]} in 16.431s
06-29 20:58:45.606  3186  3848 W mobile-ffmpeg: 
06-29 20:58:45.606  3186  3848 W mobile-ffmpeg: [mov,mp4,m4a,3gp,3g2,mj2 @ 0x90b74600] 
06-29 20:58:45.607  3186  3848 W mobile-ffmpeg: 
06-29 20:58:45.607  3186  3848 W mobile-ffmpeg: Found duplicated MOOV Atom. Skipped it
06-29 20:59:09.191  3186  4482 W Summariser: No activity detected
06-29 20:59:09.275  3186  4482 W Summariser: Summarisation completed
06-29 20:59:09.275  3186  4482 W Summariser:   filename: 20200312_194330.mp4
06-29 20:59:09.275  3186  4482 W Summariser:   active sections: 0
06-29 20:59:09.275  3186  4482 W Summariser:   time: 23.594s
06-29 20:59:09.275  3186  4482 W Summariser:   original duration: 60.02
06-29 20:59:09.275  3186  4482 W Summariser:   summarised duration: -1.00
06-29 20:59:09.275  3186  4482 W Summariser:   noise tolerance: 45.00
06-29 20:59:09.275  3186  4482 W Summariser:   quality: 23
06-29 20:59:09.275  3186  4482 W Summariser:   speed: medium
06-29 20:59:09.275  3186  4482 W Summariser:   freeze duration: 1.00
06-29 21:00:27.506  3186  3186 W NearbyFragment: Completed downloading 20200312_194930.mp4 from Endpoint{id=dafo, name=Nexus 5X [34d8]} in 17.001s
06-29 21:00:27.582  3186  3848 W mobile-ffmpeg: 
06-29 21:00:27.582  3186  3848 W mobile-ffmpeg: [mov,mp4,m4a,3gp,3g2,mj2 @ 0x95e34800] 
06-29 21:00:27.583  3186  3848 W mobile-ffmpeg: 
06-29 21:00:27.583  3186  3848 W mobile-ffmpeg: Found duplicated MOOV Atom. Skipped it
06-29 21:00:51.808  3186  4616 W Summariser: 2 active sections found
06-29 21:00:51.828  3186  3848 W mobile-ffmpeg: 
06-29 21:00:51.828  3186  3848 W mobile-ffmpeg: [mov,mp4,m4a,3gp,3g2,mj2 @ 0x9527fa00] 
06-29 21:00:51.828  3186  3848 W mobile-ffmpeg: 
06-29 21:00:51.828  3186  3848 W mobile-ffmpeg: Found duplicated MOOV Atom. Skipped it
06-29 21:02:34.724  3186  4616 W Summariser: Summarisation completed
06-29 21:02:34.724  3186  4616 W Summariser:   filename: 20200312_194930.mp4
06-29 21:02:34.724  3186  4616 W Summariser:   active sections: 2
06-29 21:02:34.724  3186  4616 W Summariser:   time: 126.873s
06-29 21:02:34.724  3186  4616 W Summariser:   original duration: 60.02
06-29 21:02:34.724  3186  4616 W Summariser:   summarised duration: 22.25
06-29 21:02:34.724  3186  4616 W Summariser:   noise tolerance: 45.00
06-29 21:02:34.724  3186  4616 W Summariser:   quality: 23
06-29 21:02:34.724  3186  4616 W Summariser:   speed: medium
06-29 21:02:34.724  3186  4616 W Summariser:   freeze duration: 1.00
06-29 21:02:34.828  3186  4616 W NearbyFragment: Sending 20200312_194930.mp4 to Nexus 5X [34d8]
