--------- beginning of main
06-29 20:48:40.756  9326  9326 E Zygote  : isWhitelistProcess - Process is Whitelisted
06-29 20:48:40.757  9326  9326 E Zygote  : accessInfo : 1
06-29 20:48:41.497  9326  9326 W example.edgesu: Accessing hidden method Landroid/graphics/drawable/Drawable;->getOpticalInsets()Landroid/graphics/Insets; (light greylist, linking)
06-29 20:48:41.497  9326  9326 W example.edgesu: Accessing hidden field Landroid/graphics/Insets;->left:I (light greylist, linking)
06-29 20:48:41.497  9326  9326 W example.edgesu: Accessing hidden field Landroid/graphics/Insets;->right:I (light greylist, linking)
06-29 20:48:41.497  9326  9326 W example.edgesu: Accessing hidden field Landroid/graphics/Insets;->top:I (light greylist, linking)
06-29 20:48:41.497  9326  9326 W example.edgesu: Accessing hidden field Landroid/graphics/Insets;->bottom:I (light greylist, linking)
06-29 20:48:41.548  9326  9326 W example.edgesu: Accessing hidden method Landroid/view/View;->computeFitSystemWindows(Landroid/graphics/Rect;Landroid/graphics/Rect;)Z (light greylist, reflection)
06-29 20:48:41.549  9326  9326 W example.edgesu: Accessing hidden method Landroid/view/ViewGroup;->makeOptionalFitsSystemWindows()V (light greylist, reflection)
06-29 20:48:41.668  9326  9326 W example.edgesu: Accessing hidden method Landroid/widget/TextView;->getTextDirectionHeuristic()Landroid/text/TextDirectionHeuristic; (light greylist, linking)
06-29 20:48:41.677  9326  9326 W example.edgesu: Accessing hidden field Landroid/view/View;->mAccessibilityDelegate:Landroid/view/View$AccessibilityDelegate; (light greylist, reflection)
06-29 20:48:42.062  9326  9326 W LogFactory: Truncating log tag length as it exceed 23, the limit imposed by Android on certain API Levels
06-29 20:48:42.091  9326  9326 E TransferService: No notification is passed in the intent. Unable to transition to foreground.
06-29 20:48:42.138  9326  9326 W StaticLayout: maxLineHeight should not be -1.  maxLines:1 lineCount:1
06-29 20:48:42.147  9326  9326 W StaticLayout: maxLineHeight should not be -1.  maxLines:1 lineCount:1
06-29 20:48:42.155  9326  9326 W StaticLayout: maxLineHeight should not be -1.  maxLines:1 lineCount:1
06-29 20:48:42.172  9326  9326 W StaticLayout: maxLineHeight should not be -1.  maxLines:1 lineCount:1
06-29 20:48:42.176  9326  9326 W StaticLayout: maxLineHeight should not be -1.  maxLines:1 lineCount:1
06-29 20:49:09.194  9326  9326 W example.edgesu: Accessing hidden method Landroid/graphics/FontFamily;-><init>()V (light greylist, reflection)
06-29 20:49:09.195  9326  9326 W example.edgesu: Accessing hidden method Landroid/graphics/FontFamily;->addFontFromAssetManager(Landroid/content/res/AssetManager;Ljava/lang/String;IZIII[Landroid/graphics/fonts/FontVariationAxis;)Z (light greylist, reflection)
06-29 20:49:09.195  9326  9326 W example.edgesu: Accessing hidden method Landroid/graphics/FontFamily;->addFontFromBuffer(Ljava/nio/ByteBuffer;I[Landroid/graphics/fonts/FontVariationAxis;II)Z (light greylist, reflection)
06-29 20:49:09.197  9326  9326 W example.edgesu: Accessing hidden method Landroid/graphics/FontFamily;->freeze()Z (light greylist, reflection)
06-29 20:49:09.197  9326  9326 W example.edgesu: Accessing hidden method Landroid/graphics/FontFamily;->abortCreation()V (light greylist, reflection)
06-29 20:49:09.198  9326  9326 W example.edgesu: Accessing hidden method Landroid/graphics/Typeface;->createFromFamiliesWithDefault([Landroid/graphics/FontFamily;Ljava/lang/String;II)Landroid/graphics/Typeface; (light greylist, reflection)
06-29 20:49:18.815  9326  9495 W libEGL  : EGLNativeWindowType 0x7075289010 disconnect failed
06-29 20:49:20.956  9326  9495 W libEGL  : EGLNativeWindowType 0x7075289010 disconnect failed
06-29 20:49:20.983  9326  9326 E ViewRootImpl: sendUserActionEvent() returned.
06-29 20:51:57.619  9326  9326 W NearbyFragment: Completed downloading 20200312_150643.mp4 from Endpoint{id=dafo, name=Nexus 5X [34d8]} in 09.697s
06-29 20:51:58.073  9326 17794 W mobile-ffmpeg: 
06-29 20:51:58.073  9326 17794 W mobile-ffmpeg: [mov,mp4,m4a,3gp,3g2,mj2 @ 0x706f2fb200] 
06-29 20:51:58.073  9326 17794 W mobile-ffmpeg: 
06-29 20:51:58.074  9326 17794 W mobile-ffmpeg: Found duplicated MOOV Atom. Skipped it
06-29 20:52:06.972  9326 17792 W Summariser: No activity detected
06-29 20:52:07.039  9326 17792 W Summariser: Summarisation completed
06-29 20:52:07.039  9326 17792 W Summariser:   filename: 20200312_150643.mp4
06-29 20:52:07.039  9326 17792 W Summariser:   active sections: 0
06-29 20:52:07.039  9326 17792 W Summariser:   time: 09.077s
06-29 20:52:07.039  9326 17792 W Summariser:   original duration: 60.02
06-29 20:52:07.039  9326 17792 W Summariser:   summarised duration: -1.00
06-29 20:52:07.039  9326 17792 W Summariser:   noise tolerance: 45.00
06-29 20:52:07.039  9326 17792 W Summariser:   quality: 23
06-29 20:52:07.039  9326 17792 W Summariser:   speed: medium
06-29 20:52:07.039  9326 17792 W Summariser:   freeze duration: 1.00
06-29 20:52:56.756  9326  9326 W NearbyFragment: Completed downloading 20200312_150944.mp4 from Endpoint{id=dafo, name=Nexus 5X [34d8]} in 13.180s
06-29 20:52:56.962  9326 17794 W mobile-ffmpeg: 
06-29 20:52:56.963  9326 17794 W mobile-ffmpeg: [mov,mp4,m4a,3gp,3g2,mj2 @ 0x706f2fb200] 
06-29 20:52:56.963  9326 17794 W mobile-ffmpeg: 
06-29 20:52:56.963  9326 17794 W mobile-ffmpeg: Found duplicated MOOV Atom. Skipped it
06-29 20:53:05.866  9326 18960 W Summariser: 1 active sections found
06-29 20:53:05.871  9326 17794 W mobile-ffmpeg: 
06-29 20:53:05.871  9326 17794 W mobile-ffmpeg: [mov,mp4,m4a,3gp,3g2,mj2 @ 0x706f2fb200] 
06-29 20:53:05.871  9326 17794 W mobile-ffmpeg: 
06-29 20:53:05.871  9326 17794 W mobile-ffmpeg: Found duplicated MOOV Atom. Skipped it
06-29 20:53:14.301  9326 18960 W Summariser: Summarisation completed
06-29 20:53:14.301  9326 18960 W Summariser:   filename: 20200312_150944.mp4
06-29 20:53:14.301  9326 18960 W Summariser:   active sections: 1
06-29 20:53:14.301  9326 18960 W Summariser:   time: 17.246s
06-29 20:53:14.301  9326 18960 W Summariser:   original duration: 60.02
06-29 20:53:14.301  9326 18960 W Summariser:   summarised duration: 7.07
06-29 20:53:14.301  9326 18960 W Summariser:   noise tolerance: 45.00
06-29 20:53:14.301  9326 18960 W Summariser:   quality: 23
06-29 20:53:14.301  9326 18960 W Summariser:   speed: medium
06-29 20:53:14.301  9326 18960 W Summariser:   freeze duration: 1.00
06-29 20:53:14.411  9326 18960 W NearbyFragment: Sending 20200312_150944.mp4 to Nexus 5X [34d8]
06-29 20:54:50.606  9326  9338 W System  : A resource failed to call close. 
06-29 20:54:50.609  9326  9338 W System  : A resource failed to call close. 
06-29 20:54:54.127  9326  9326 W NearbyFragment: Completed downloading 20200312_193628.mp4 from Endpoint{id=dafo, name=Nexus 5X [34d8]} in 08.136s
06-29 20:54:54.293  9326 17794 W mobile-ffmpeg: 
06-29 20:54:54.293  9326 17794 W mobile-ffmpeg: [mov,mp4,m4a,3gp,3g2,mj2 @ 0x706f2fb200] 
06-29 20:54:54.293  9326 17794 W mobile-ffmpeg: 
06-29 20:54:54.293  9326 17794 W mobile-ffmpeg: Found duplicated MOOV Atom. Skipped it
06-29 20:55:01.144  9326 19077 W Summariser: 1 active sections found
06-29 20:55:01.149  9326 17794 W mobile-ffmpeg: 
06-29 20:55:01.149  9326 17794 W mobile-ffmpeg: [mov,mp4,m4a,3gp,3g2,mj2 @ 0x706f2fb200] 
06-29 20:55:01.149  9326 17794 W mobile-ffmpeg: 
06-29 20:55:01.149  9326 17794 W mobile-ffmpeg: Found duplicated MOOV Atom. Skipped it
06-29 20:55:12.935  9326 19077 W Summariser: Summarisation completed
06-29 20:55:12.935  9326 19077 W Summariser:   filename: 20200312_193628.mp4
06-29 20:55:12.935  9326 19077 W Summariser:   active sections: 1
06-29 20:55:12.935  9326 19077 W Summariser:   time: 18.553s
06-29 20:55:12.935  9326 19077 W Summariser:   original duration: 60.02
06-29 20:55:12.935  9326 19077 W Summariser:   summarised duration: 6.07
06-29 20:55:12.935  9326 19077 W Summariser:   noise tolerance: 45.00
06-29 20:55:12.935  9326 19077 W Summariser:   quality: 23
06-29 20:55:12.935  9326 19077 W Summariser:   speed: medium
06-29 20:55:12.935  9326 19077 W Summariser:   freeze duration: 1.00
06-29 20:55:13.034  9326 19077 W NearbyFragment: Sending 20200312_193628.mp4 to Nexus 5X [34d8]
06-29 20:56:57.673  9326  9326 W NearbyFragment: Completed downloading 20200312_193928.mp4 from Endpoint{id=dafo, name=Nexus 5X [34d8]} in 13.333s
06-29 20:56:57.797  9326 17794 W mobile-ffmpeg: 
06-29 20:56:57.798  9326 17794 W mobile-ffmpeg: [mov,mp4,m4a,3gp,3g2,mj2 @ 0x706f2fb200] 
06-29 20:56:57.798  9326 17794 W mobile-ffmpeg: 
06-29 20:56:57.798  9326 17794 W mobile-ffmpeg: Found duplicated MOOV Atom. Skipped it
06-29 20:57:04.403  9326 19289 W Summariser: No activity detected
06-29 20:57:04.453  9326 19289 W Summariser: Summarisation completed
06-29 20:57:04.453  9326 19289 W Summariser:   filename: 20200312_193928.mp4
06-29 20:57:04.453  9326 19289 W Summariser:   active sections: 0
06-29 20:57:04.453  9326 19289 W Summariser:   time: 06.613s
06-29 20:57:04.453  9326 19289 W Summariser:   original duration: 60.89
06-29 20:57:04.453  9326 19289 W Summariser:   summarised duration: -1.00
06-29 20:57:04.453  9326 19289 W Summariser:   noise tolerance: 45.00
06-29 20:57:04.453  9326 19289 W Summariser:   quality: 23
06-29 20:57:04.453  9326 19289 W Summariser:   speed: medium
06-29 20:57:04.453  9326 19289 W Summariser:   freeze duration: 1.00
06-29 20:58:08.958  9326  9326 W NearbyFragment: Completed downloading 20200312_194229.mp4 from Endpoint{id=dafo, name=Nexus 5X [34d8]} in 09.289s
06-29 20:58:09.084  9326 17794 W mobile-ffmpeg: 
06-29 20:58:09.085  9326 17794 W mobile-ffmpeg: [mov,mp4,m4a,3gp,3g2,mj2 @ 0x706f2fb200] 
06-29 20:58:09.085  9326 17794 W mobile-ffmpeg: 
06-29 20:58:09.085  9326 17794 W mobile-ffmpeg: Found duplicated MOOV Atom. Skipped it
06-29 20:58:15.850  9326  9338 W System  : A resource failed to call close. 
06-29 20:58:15.851  9326  9338 W System  : A resource failed to call close. 
06-29 20:58:15.898  9326 19362 W Summariser: 5 active sections found
06-29 20:58:15.902  9326 17794 W mobile-ffmpeg: 
06-29 20:58:15.902  9326 17794 W mobile-ffmpeg: [mov,mp4,m4a,3gp,3g2,mj2 @ 0x706f2fb200] 
06-29 20:58:15.902  9326 17794 W mobile-ffmpeg: 
06-29 20:58:15.902  9326 17794 W mobile-ffmpeg: Found duplicated MOOV Atom. Skipped it
06-29 20:58:34.016  9326 19362 W Summariser: Summarisation completed
06-29 20:58:34.016  9326 19362 W Summariser:   filename: 20200312_194229.mp4
06-29 20:58:34.016  9326 19362 W Summariser:   active sections: 5
06-29 20:58:34.016  9326 19362 W Summariser:   time: 24.876s
06-29 20:58:34.016  9326 19362 W Summariser:   original duration: 60.02
06-29 20:58:34.016  9326 19362 W Summariser:   summarised duration: 15.51
06-29 20:58:34.016  9326 19362 W Summariser:   noise tolerance: 45.00
06-29 20:58:34.016  9326 19362 W Summariser:   quality: 23
06-29 20:58:34.016  9326 19362 W Summariser:   speed: medium
06-29 20:58:34.016  9326 19362 W Summariser:   freeze duration: 1.00
06-29 20:58:34.098  9326 19362 W NearbyFragment: Sending 20200312_194229.mp4 to Nexus 5X [34d8]
06-29 20:59:46.527  9326  9449 W example.edgesu: JNI critical lock held for 96.072ms on Thread[12,tid=9449,Runnable,Thread*=0x70873b7c00,peer=0x14a453b8,"Binder:9326_3"]
06-29 20:59:47.981  9326  9326 W NearbyFragment: Completed downloading 20200312_194830.mp4 from Endpoint{id=dafo, name=Nexus 5X [34d8]} in 08.437s
06-29 20:59:48.112  9326 17794 W mobile-ffmpeg: 
06-29 20:59:48.112  9326 17794 W mobile-ffmpeg: [mov,mp4,m4a,3gp,3g2,mj2 @ 0x7070a5ae00] 
06-29 20:59:48.113  9326 17794 W mobile-ffmpeg: 
06-29 20:59:48.113  9326 17794 W mobile-ffmpeg: Found duplicated MOOV Atom. Skipped it
06-29 20:59:54.939  9326 19524 W Summariser: 4 active sections found
06-29 20:59:54.944  9326 17794 W mobile-ffmpeg: 
06-29 20:59:54.944  9326 17794 W mobile-ffmpeg: [mov,mp4,m4a,3gp,3g2,mj2 @ 0x7070a5ae00] 
06-29 20:59:54.944  9326 17794 W mobile-ffmpeg: 
06-29 20:59:54.944  9326 17794 W mobile-ffmpeg: Found duplicated MOOV Atom. Skipped it
06-29 21:00:15.826  9326 19524 W Summariser: Summarisation completed
06-29 21:00:15.826  9326 19524 W Summariser:   filename: 20200312_194830.mp4
06-29 21:00:15.826  9326 19524 W Summariser:   active sections: 4
06-29 21:00:15.826  9326 19524 W Summariser:   time: 27.622s
06-29 21:00:15.826  9326 19524 W Summariser:   original duration: 60.02
06-29 21:00:15.826  9326 19524 W Summariser:   summarised duration: 19.02
06-29 21:00:15.826  9326 19524 W Summariser:   noise tolerance: 45.00
06-29 21:00:15.826  9326 19524 W Summariser:   quality: 23
06-29 21:00:15.826  9326 19524 W Summariser:   speed: medium
06-29 21:00:15.826  9326 19524 W Summariser:   freeze duration: 1.00
06-29 21:00:15.900  9326 19524 W NearbyFragment: Sending 20200312_194830.mp4 to Nexus 5X [34d8]
06-29 21:01:32.048  9326  9326 W NearbyFragment: Completed downloading 20200312_195330.mp4 from Endpoint{id=dafo, name=Nexus 5X [34d8]} in 09.208s
06-29 21:01:32.168  9326 17794 W mobile-ffmpeg: 
06-29 21:01:32.169  9326 17794 W mobile-ffmpeg: [mov,mp4,m4a,3gp,3g2,mj2 @ 0x7070a5ae00] 
06-29 21:01:32.169  9326 17794 W mobile-ffmpeg: 
06-29 21:01:32.169  9326 17794 W mobile-ffmpeg: Found duplicated MOOV Atom. Skipped it
06-29 21:01:38.894  9326 19620 W Summariser: 5 active sections found
06-29 21:01:38.898  9326 17794 W mobile-ffmpeg: 
06-29 21:01:38.898  9326 17794 W mobile-ffmpeg: [mov,mp4,m4a,3gp,3g2,mj2 @ 0x7070a5ae00] 
06-29 21:01:38.898  9326 17794 W mobile-ffmpeg: 
06-29 21:01:38.898  9326 17794 W mobile-ffmpeg: Found duplicated MOOV Atom. Skipped it
06-29 21:02:01.938  9326 19620 W Summariser: Summarisation completed
06-29 21:02:01.938  9326 19620 W Summariser:   filename: 20200312_195330.mp4
06-29 21:02:01.938  9326 19620 W Summariser:   active sections: 5
06-29 21:02:01.938  9326 19620 W Summariser:   time: 29.692s
06-29 21:02:01.938  9326 19620 W Summariser:   original duration: 60.02
06-29 21:02:01.938  9326 19620 W Summariser:   summarised duration: 23.42
06-29 21:02:01.938  9326 19620 W Summariser:   noise tolerance: 45.00
06-29 21:02:01.938  9326 19620 W Summariser:   quality: 23
06-29 21:02:01.938  9326 19620 W Summariser:   speed: medium
06-29 21:02:01.938  9326 19620 W Summariser:   freeze duration: 1.00
06-29 21:02:01.978  9326 19620 W NearbyFragment: Sending 20200312_195330.mp4 to Nexus 5X [34d8]
06-29 21:02:05.049  9326  9338 W System  : A resource failed to call close. 
06-29 21:02:05.050  9326  9338 W System  : A resource failed to call close. 
06-29 21:17:27.793  9326  9495 W libEGL  : EGLNativeWindowType 0x7086c75010 disconnect failed
