--------- beginning of main
07-12 18:24:30.210 26963 26963 E Zygote  : isWhitelistProcess - Process is Whitelisted
07-12 18:24:30.212 26963 26963 E Zygote  : accessInfo : 1
07-12 18:24:30.232 26963 26963 I example.edgesu: Late-enabling -Xcheck:jni
--------- beginning of system
07-12 18:24:31.796 26963 26963 I ActivityThread: handleStopService: token=android.os.BinderProxy@30868e6 not found.
07-12 18:24:31.806 26963 26963 I TransferService: Starting Transfer Service to listen for network connectivity changes.
07-12 18:24:31.811 26963 26963 W LogFactory: Truncating log tag length as it exceed 23, the limit imposed by Android on certain API Levels
07-12 18:24:31.907 26963 26963 I TransferService: Registering the network receiver
07-12 18:24:31.911 26963 26963 I TransferService: Moving the service out of the Foreground state.
07-12 18:24:31.913 26963 26963 I TransferService: De-registering the network receiver.
07-12 18:24:35.033 26963 26963 W ActivityThread: handleWindowVisibility: no activity for token android.os.BinderProxy@a070e6c
07-12 18:24:35.046 26963 26981 D vndksupport: Loading /vendor/lib64/egl/libGLES_mali.so from current namespace instead of sphal namespace.
07-12 18:24:35.072 26963 26981 D libEGL  : loaded /vendor/lib64/egl/libGLES_mali.so
07-12 18:24:35.110 26963 26963 W example.edgesu: Accessing hidden method Landroid/graphics/drawable/Drawable;->getOpticalInsets()Landroid/graphics/Insets; (light greylist, linking)
07-12 18:24:35.110 26963 26963 W example.edgesu: Accessing hidden field Landroid/graphics/Insets;->left:I (light greylist, linking)
07-12 18:24:35.110 26963 26963 W example.edgesu: Accessing hidden field Landroid/graphics/Insets;->right:I (light greylist, linking)
07-12 18:24:35.110 26963 26963 W example.edgesu: Accessing hidden field Landroid/graphics/Insets;->top:I (light greylist, linking)
07-12 18:24:35.110 26963 26963 W example.edgesu: Accessing hidden field Landroid/graphics/Insets;->bottom:I (light greylist, linking)
07-12 18:24:35.128 26963 26963 I DecorView: createDecorCaptionView >> DecorView@71f3ae9[], isFloating: false, isApplication: true, hasWindowDecorCaption: false, hasWindowControllerCallback: true
07-12 18:24:35.191 26963 26963 W example.edgesu: Accessing hidden method Landroid/view/View;->computeFitSystemWindows(Landroid/graphics/Rect;Landroid/graphics/Rect;)Z (light greylist, reflection)
07-12 18:24:35.192 26963 26963 W example.edgesu: Accessing hidden method Landroid/view/ViewGroup;->makeOptionalFitsSystemWindows()V (light greylist, reflection)
07-12 18:24:35.205 26963 26963 W example.edgesu: Accessing hidden method Landroid/widget/TextView;->getTextDirectionHeuristic()Landroid/text/TextDirectionHeuristic; (light greylist, linking)
07-12 18:24:35.266 26963 26983 I AWSKeyValueStore: Detected Android API Level = 28
07-12 18:24:35.266 26963 26983 I AWSKeyValueStore: Creating the AWSKeyValueStore with key for sharedPreferencesForData = com.amazonaws.mobile.client
07-12 18:24:35.275 26963 26963 D OpenGLRenderer: Skia GL Pipeline
07-12 18:24:35.275 26963 26983 I AWSKeyValueStore: Detected Android API Level = 28
07-12 18:24:35.275 26963 26983 I AWSKeyValueStore: Creating the AWSKeyValueStore with key for sharedPreferencesForData = com.amazonaws.android.auth
07-12 18:24:35.278 26963 26963 D EmergencyMode: [EmergencyManager] android createPackageContext successful
07-12 18:24:35.296 26963 26963 D InputTransport: Input channel constructed: fd=62
07-12 18:24:35.298 26963 26963 D ViewRootImpl@715d8f6[AuthenticationActivity]: setView = DecorView@71f3ae9[AuthenticationActivity] TM=true MM=false
07-12 18:24:35.303 26963 26963 D ViewRootImpl@715d8f6[AuthenticationActivity]: dispatchAttachedToWindow
07-12 18:24:35.324 26963 26963 D ViewRootImpl@715d8f6[AuthenticationActivity]: Relayout returned: old=[0,0][1080,2220] new=[0,0][1080,2220] result=0x7 surface={valid=true 489868394496} changed=true
07-12 18:24:35.331 26963 26988 I ConfigStore: android::hardware::configstore::V1_0::ISurfaceFlingerConfigs::hasWideColorDisplay retrieved: 0
07-12 18:24:35.331 26963 26988 I ConfigStore: android::hardware::configstore::V1_0::ISurfaceFlingerConfigs::hasHDRDisplay retrieved: 0
07-12 18:24:35.331 26963 26988 I OpenGLRenderer: Initialized EGL, version 1.4
07-12 18:24:35.331 26963 26988 D OpenGLRenderer: Swap behavior 2
07-12 18:24:35.336 26963 26983 W LogFactory: Truncating log tag length as it exceed 23, the limit imposed by Android on certain API Levels
07-12 18:24:35.336 26963 26983 W LogFactory: Truncating log tag length as it exceed 23, the limit imposed by Android on certain API Levels
07-12 18:24:35.341 26963 26988 D mali_winsys: EGLint new_window_surface(egl_winsys_display *, void *, EGLSurface, EGLConfig, egl_winsys_surface **, EGLBoolean) returns 0x3000
07-12 18:24:35.341 26963 26988 D OpenGLRenderer: eglCreateWindowSurface = 0x7207b2be00, 0x720e6e8010
07-12 18:24:35.350 26963 26983 I AWSKeyValueStore: Detected Android API Level = 28
07-12 18:24:35.350 26963 26983 I AWSKeyValueStore: Creating the AWSKeyValueStore with key for sharedPreferencesForData = com.amazonaws.android.auth
07-12 18:24:35.352 26963 26983 D KeyProvider23: AndroidKeyStore contains keyAlias com.amazonaws.android.auth.aesKeyStoreAlias
07-12 18:24:35.352 26963 26983 D KeyProvider23: Loading the encryption key from Android KeyStore.
07-12 18:24:35.364 26963 26963 D ViewRootImpl@715d8f6[AuthenticationActivity]: MSG_RESIZED: frame=Rect(0, 0 - 1080, 2220) ci=Rect(0, 72 - 0, 144) vi=Rect(0, 72 - 0, 144) or=1
07-12 18:24:35.364 26963 26963 D ViewRootImpl@715d8f6[AuthenticationActivity]: MSG_WINDOW_FOCUS_CHANGED 1 1
07-12 18:24:35.365 26963 26963 D InputMethodManager: prepareNavigationBarInfo() DecorView@71f3ae9[AuthenticationActivity]
07-12 18:24:35.365 26963 26963 D InputMethodManager: getNavigationBarColor() -855310
07-12 18:24:35.366 26963 26963 D InputMethodManager: prepareNavigationBarInfo() DecorView@71f3ae9[AuthenticationActivity]
07-12 18:24:35.366 26963 26963 D InputMethodManager: getNavigationBarColor() -855310
07-12 18:24:35.366 26963 26983 D CognitoCachingCredentia: Loading credentials from SharedPreferences
07-12 18:24:35.367 26963 26963 V InputMethodManager: Starting input: tba=com.example.edgesum ic=null mNaviBarColor -855310 mIsGetNaviBarColorSuccess true , NavVisible : true , NavTrans : false
07-12 18:24:35.367 26963 26963 D InputMethodManager: startInputInner - Id : 0
07-12 18:24:35.367 26963 26963 I InputMethodManager: startInputInner - mService.startInputOrWindowGainedFocus
07-12 18:24:35.368 26963 26983 D KeyProvider23: AndroidKeyStore contains keyAlias com.amazonaws.android.auth.aesKeyStoreAlias
07-12 18:24:35.368 26963 26983 D KeyProvider23: Loading the encryption key from Android KeyStore.
07-12 18:24:35.371 26963 26977 D InputTransport: Input channel constructed: fd=72
07-12 18:24:35.379 26963 26983 D CognitoCachingCredentia: No valid credentials found in SharedPreferences
07-12 18:24:35.381 26963 26983 D KeyProvider23: AndroidKeyStore contains keyAlias com.amazonaws.android.auth.aesKeyStoreAlias
07-12 18:24:35.381 26963 26983 D KeyProvider23: Loading the encryption key from Android KeyStore.
07-12 18:24:35.390 26963 26988 D vndksupport: Loading /vendor/lib64/hw/android.hardware.graphics.mapper@2.0-impl.so from current namespace instead of sphal namespace.
07-12 18:24:35.394 26963 26983 D KeyProvider23: AndroidKeyStore contains keyAlias com.amazonaws.android.auth.aesKeyStoreAlias
07-12 18:24:35.394 26963 26983 D KeyProvider23: Loading the encryption key from Android KeyStore.
07-12 18:24:35.406 26963 26983 D KeyProvider23: AndroidKeyStore contains keyAlias com.amazonaws.android.auth.aesKeyStoreAlias
07-12 18:24:35.406 26963 26983 D KeyProvider23: Loading the encryption key from Android KeyStore.
07-12 18:24:35.407 26963 26963 D InputMethodManager: prepareNavigationBarInfo() DecorView@71f3ae9[AuthenticationActivity]
07-12 18:24:35.407 26963 26963 D InputMethodManager: getNavigationBarColor() -855310
07-12 18:24:35.408 26963 26963 V InputMethodManager: Starting input: tba=com.example.edgesum ic=null mNaviBarColor -855310 mIsGetNaviBarColorSuccess true , NavVisible : true , NavTrans : false
07-12 18:24:35.408 26963 26963 D InputMethodManager: startInputInner - Id : 0
07-12 18:24:35.424 26963 26983 W LogFactory: Truncating log tag length as it exceed 23, the limit imposed by Android on certain API Levels
07-12 18:24:35.469 26963 26983 I AWSKeyValueStore: Detected Android API Level = 28
07-12 18:24:35.469 26963 26983 I AWSKeyValueStore: Creating the AWSKeyValueStore with key for sharedPreferencesForData = CognitoIdentityProviderCache
07-12 18:24:35.483 26963 26983 D KeyProvider23: AndroidKeyStore contains keyAlias com.amazonaws.mobile.client.aesKeyStoreAlias
07-12 18:24:35.483 26963 26983 D KeyProvider23: Loading the encryption key from Android KeyStore.
07-12 18:24:35.494 26963 26983 D KeyProvider23: AndroidKeyStore contains keyAlias com.amazonaws.mobile.client.aesKeyStoreAlias
07-12 18:24:35.494 26963 26983 D KeyProvider23: Loading the encryption key from Android KeyStore.
07-12 18:24:35.505 26963 26983 D KeyProvider23: AndroidKeyStore contains keyAlias com.amazonaws.mobile.client.aesKeyStoreAlias
07-12 18:24:35.505 26963 26983 D KeyProvider23: Loading the encryption key from Android KeyStore.
07-12 18:24:35.516 26963 26983 D KeyProvider23: AndroidKeyStore contains keyAlias com.amazonaws.mobile.client.aesKeyStoreAlias
07-12 18:24:35.516 26963 26983 D KeyProvider23: Loading the encryption key from Android KeyStore.
07-12 18:24:35.528 26963 26983 D AWSMobileClient: Inspecting user state details
07-12 18:24:35.528 26963 26983 I AuthenticationActivity: SIGNED_IN
07-12 18:24:35.545 26963 26963 W ActivityThread: handleWindowVisibility: no activity for token android.os.BinderProxy@b03497e
07-12 18:24:35.545 26963 26963 D ViewRootImpl@715d8f6[AuthenticationActivity]: MSG_WINDOW_FOCUS_CHANGED 0 1
07-12 18:24:35.545 26963 26963 D InputMethodManager: prepareNavigationBarInfo() DecorView@71f3ae9[AuthenticationActivity]
07-12 18:24:35.546 26963 26963 D InputMethodManager: getNavigationBarColor() -855310
07-12 18:24:35.563 26963 26963 I DecorView: createDecorCaptionView >> DecorView@72f75e2[], isFloating: false, isApplication: true, hasWindowDecorCaption: false, hasWindowControllerCallback: true
07-12 18:24:35.639 26963 26963 W example.edgesu: Accessing hidden field Landroid/view/View;->mAccessibilityDelegate:Landroid/view/View$AccessibilityDelegate; (light greylist, reflection)
07-12 18:24:35.694 26963 26963 V Repo    : /storage/emulated/0/Movies/raw
07-12 18:24:35.695 26963 26963 V Repo    : /storage/emulated/0/Movies/summarised
07-12 18:24:35.717 26963 26963 V FileManager: External storage is readable
07-12 18:24:35.719 26963 26963 V FileManager: Created new directory: /storage/emulated/0/Movies/raw
07-12 18:24:35.720 26963 26963 V FileManager: External storage is readable
07-12 18:24:35.720 26963 26963 V FileManager: Created new directory: /storage/emulated/0/Movies/summarised
07-12 18:24:35.721 26963 26963 V FileManager: External storage is readable
07-12 18:24:35.723 26963 26963 V FileManager: Created new directory: /storage/emulated/0/Download/nearby
07-12 18:24:35.724 26963 26963 V FileManager: External storage is readable
07-12 18:24:35.725 26963 26963 V FileManager: Created new directory: /storage/emulated/0/Movies/segment
07-12 18:24:35.726 26963 26963 V FileManager: External storage is readable
07-12 18:24:35.726 26963 26963 V FileManager: Created new directory: /storage/emulated/0/Movies/segment-sum
07-12 18:24:35.756 26963 26963 W example.edgesu: Accessing hidden method Landroid/app/ActivityThread;->currentApplication()Landroid/app/Application; (light greylist, reflection)
07-12 18:24:35.759 26963 26963 W System.err: org.json.JSONException: No value for manufacturer
07-12 18:24:35.759 26963 26963 W System.err: 	at org.json.JSONObject.get(JSONObject.java:392)
07-12 18:24:35.760 26963 26963 W System.err: 	at org.json.JSONObject.getString(JSONObject.java:553)
07-12 18:24:35.760 26963 26963 W System.err: 	at com.jaredrummler.android.device.DeviceName$DeviceInfo.<init>(DeviceName.java:374)
07-12 18:24:35.760 26963 26963 W System.err: 	at com.jaredrummler.android.device.DeviceName$DeviceInfo.<init>(DeviceName.java:347)
07-12 18:24:35.760 26963 26963 W System.err: 	at com.jaredrummler.android.device.DeviceName.getDeviceInfo(DeviceName.java:186)
07-12 18:24:35.760 26963 26963 W System.err: 	at com.jaredrummler.android.device.DeviceName.getDeviceName(DeviceName.java:138)
07-12 18:24:35.760 26963 26963 W System.err: 	at com.jaredrummler.android.device.DeviceName.getDeviceName(DeviceName.java:111)
07-12 18:24:35.760 26963 26963 W System.err: 	at com.example.edgesum.util.nearby.NearbyFragment.setLocalName(NearbyFragment.java:118)
07-12 18:24:35.760 26963 26963 W System.err: 	at com.example.edgesum.util.nearby.NearbyFragment.onCreate(NearbyFragment.java:110)
07-12 18:24:35.760 26963 26963 W System.err: 	at com.example.edgesum.page.main.ConnectionFragment.onCreate(ConnectionFragment.java:30)
07-12 18:24:35.760 26963 26963 W System.err: 	at androidx.fragment.app.Fragment.performCreate(Fragment.java:2684)
07-12 18:24:35.760 26963 26963 W System.err: 	at androidx.fragment.app.FragmentStateManager.create(FragmentStateManager.java:280)
07-12 18:24:35.760 26963 26963 W System.err: 	at androidx.fragment.app.FragmentManager.moveToState(FragmentManager.java:1175)
07-12 18:24:35.760 26963 26963 W System.err: 	at androidx.fragment.app.FragmentTransition.addToFirstInLastOut(FragmentTransition.java:1255)
07-12 18:24:35.760 26963 26963 W System.err: 	at androidx.fragment.app.FragmentTransition.calculateFragments(FragmentTransition.java:1138)
07-12 18:24:35.760 26963 26963 W System.err: 	at androidx.fragment.app.FragmentTransition.startTransitions(FragmentTransition.java:136)
07-12 18:24:35.760 26963 26963 W System.err: 	at androidx.fragment.app.FragmentManager.executeOpsTogether(FragmentManager.java:1989)
07-12 18:24:35.760 26963 26963 W System.err: 	at androidx.fragment.app.FragmentManager.removeRedundantOperationsAndExecute(FragmentManager.java:1947)
07-12 18:24:35.761 26963 26963 W System.err: 	at androidx.fragment.app.FragmentManager.execPendingActions(FragmentManager.java:1849)
07-12 18:24:35.761 26963 26963 W System.err: 	at androidx.fragment.app.FragmentManager.dispatchStateChange(FragmentManager.java:2629)
07-12 18:24:35.761 26963 26963 W System.err: 	at androidx.fragment.app.FragmentManager.dispatchActivityCreated(FragmentManager.java:2577)
07-12 18:24:35.761 26963 26963 W System.err: 	at androidx.fragment.app.FragmentController.dispatchActivityCreated(FragmentController.java:247)
07-12 18:24:35.761 26963 26963 W System.err: 	at androidx.fragment.app.FragmentActivity.onStart(FragmentActivity.java:541)
07-12 18:24:35.761 26963 26963 W System.err: 	at androidx.appcompat.app.AppCompatActivity.onStart(AppCompatActivity.java:201)
07-12 18:24:35.761 26963 26963 W System.err: 	at com.example.edgesum.page.main.MainActivity.onStart(MainActivity.java:88)
07-12 18:24:35.761 26963 26963 W System.err: 	at android.app.Instrumentation.callActivityOnStart(Instrumentation.java:1391)
07-12 18:24:35.761 26963 26963 W System.err: 	at android.app.Activity.performStart(Activity.java:7348)
07-12 18:24:35.761 26963 26963 W System.err: 	at android.app.ActivityThread.handleStartActivity(ActivityThread.java:3138)
07-12 18:24:35.761 26963 26963 W System.err: 	at android.app.servertransaction.TransactionExecutor.performLifecycleSequence(TransactionExecutor.java:180)
07-12 18:24:35.761 26963 26963 W System.err: 	at android.app.servertransaction.TransactionExecutor.cycleToPath(TransactionExecutor.java:165)
07-12 18:24:35.761 26963 26963 W System.err: 	at android.app.servertransaction.TransactionExecutor.executeLifecycleState(TransactionExecutor.java:142)
07-12 18:24:35.761 26963 26963 W System.err: 	at android.app.servertransaction.TransactionExecutor.execute(TransactionExecutor.java:70)
07-12 18:24:35.761 26963 26963 W System.err: 	at android.app.ActivityThread$H.handleMessage(ActivityThread.java:1948)
07-12 18:24:35.761 26963 26963 W System.err: 	at android.os.Handler.dispatchMessage(Handler.java:106)
07-12 18:24:35.761 26963 26963 W System.err: 	at android.os.Looper.loop(Looper.java:214)
07-12 18:24:35.762 26963 26963 W System.err: 	at android.app.ActivityThread.main(ActivityThread.java:7050)
07-12 18:24:35.762 26963 26963 W System.err: 	at java.lang.reflect.Method.invoke(Native Method)
07-12 18:24:35.762 26963 26963 W System.err: 	at com.android.internal.os.RuntimeInit$MethodAndArgsCaller.run(RuntimeInit.java:493)
07-12 18:24:35.762 26963 26963 W System.err: 	at com.android.internal.os.ZygoteInit.main(ZygoteInit.java:965)
07-12 18:24:35.872 26963 26963 V VideoManager: getAllVideoFromExternalStorageFolder
07-12 18:24:35.874 26963 26963 D VideoManager: /storage/emulated/0/Movies/summarised
07-12 18:24:35.887 26963 26963 D VideoManager: 0 videos return
07-12 18:24:35.915 26963 26963 V VideoManager: getAllVideoFromExternalStorageFolder
07-12 18:24:35.917 26963 26963 D VideoManager: /storage/emulated/0/Movies/raw
07-12 18:24:35.921 26963 26963 D VideoManager: 0 videos return
07-12 18:24:35.951 26963 26963 D InputTransport: Input channel constructed: fd=77
07-12 18:24:35.952 26963 26963 D ViewRootImpl@399f144[MainActivity]: setView = DecorView@72f75e2[MainActivity] TM=true MM=false
07-12 18:24:35.960 26963 26963 I TransferService: Starting Transfer Service to listen for network connectivity changes.
07-12 18:24:35.960 26963 26963 I TransferService: Registering the network receiver
07-12 18:24:35.962 26963 26963 E TransferService: No notification is passed in the intent. Unable to transition to foreground.
07-12 18:24:35.996 26963 26963 D ViewRootImpl@399f144[MainActivity]: dispatchAttachedToWindow
07-12 18:24:36.001 26963 26977 D MainActivity: Scanned /storage/emulated/0/Movies/summarised
07-12 18:24:36.001 26963 26977 D MainActivity:   -> uri=content://media/external/file/139217
07-12 18:24:36.008 26963 26963 W StaticLayout: maxLineHeight should not be -1.  maxLines:1 lineCount:1
07-12 18:24:36.018 26963 26963 W StaticLayout: maxLineHeight should not be -1.  maxLines:1 lineCount:1
07-12 18:24:36.022 26963 26963 W StaticLayout: maxLineHeight should not be -1.  maxLines:1 lineCount:1
07-12 18:24:36.023 26963 26977 D MainActivity: Scanned /storage/emulated/0/Movies/raw
07-12 18:24:36.023 26963 26977 D MainActivity:   -> uri=content://media/external/file/139216
07-12 18:24:36.026 26963 26963 W StaticLayout: maxLineHeight should not be -1.  maxLines:1 lineCount:1
07-12 18:24:36.037 26963 26963 D ViewRootImpl@399f144[MainActivity]: Relayout returned: old=[0,0][1080,2220] new=[0,0][1080,2220] result=0x7 surface={valid=true 489447018496} changed=true
07-12 18:24:36.044 26963 26988 D mali_winsys: EGLint new_window_surface(egl_winsys_display *, void *, EGLSurface, EGLConfig, egl_winsys_surface **, EGLBoolean) returns 0x3000
07-12 18:24:36.044 26963 26988 D OpenGLRenderer: eglCreateWindowSurface = 0x71f550a180, 0x71f550d010
07-12 18:24:36.047 26963 26963 W StaticLayout: maxLineHeight should not be -1.  maxLines:1 lineCount:1
07-12 18:24:36.051 26963 26963 W StaticLayout: maxLineHeight should not be -1.  maxLines:1 lineCount:1
07-12 18:24:36.059 26963 26963 I TransferNetworkLossHand: Network connectivity changed detected.
07-12 18:24:36.059 26963 26963 I TransferNetworkLossHand: Network connected: false
07-12 18:24:36.134 26963 26963 D ViewRootImpl@399f144[MainActivity]: MSG_RESIZED: frame=Rect(0, 0 - 1080, 2220) ci=Rect(0, 72 - 0, 144) vi=Rect(0, 72 - 0, 144) or=1
07-12 18:24:36.135 26963 26963 D ViewRootImpl@399f144[MainActivity]: setWindowStopped(false) old=false
07-12 18:24:36.143 26963 26963 D ViewRootImpl@399f144[MainActivity]: MSG_WINDOW_FOCUS_CHANGED 1 1
07-12 18:24:36.144 26963 26963 D InputMethodManager: prepareNavigationBarInfo() DecorView@72f75e2[MainActivity]
07-12 18:24:36.144 26963 26963 D InputMethodManager: getNavigationBarColor() -855310
07-12 18:24:36.148 26963 26963 D InputMethodManager: prepareNavigationBarInfo() DecorView@72f75e2[MainActivity]
07-12 18:24:36.148 26963 26963 D InputMethodManager: getNavigationBarColor() -855310
07-12 18:24:36.148 26963 26963 V InputMethodManager: Starting input: tba=com.example.edgesum ic=null mNaviBarColor -855310 mIsGetNaviBarColorSuccess true , NavVisible : true , NavTrans : false
07-12 18:24:36.148 26963 26963 D InputMethodManager: startInputInner - Id : 0
07-12 18:24:36.148 26963 26963 I InputMethodManager: startInputInner - mService.startInputOrWindowGainedFocus
07-12 18:24:36.150 26963 26963 D InputTransport: Input channel constructed: fd=79
07-12 18:24:36.150 26963 26963 D InputTransport: Input channel destroyed: fd=72
07-12 18:24:36.461 26963 26988 W libEGL  : EGLNativeWindowType 0x720e6e8010 disconnect failed
07-12 18:24:36.461 26963 26988 D OpenGLRenderer: eglDestroySurface = 0x7207b2be00, 0x720e6e8000
07-12 18:24:36.470 26963 26963 D ViewRootImpl@715d8f6[AuthenticationActivity]: Relayout returned: old=[0,0][1080,2220] new=[0,0][1080,2220] result=0x5 surface={valid=false 0} changed=true
07-12 18:24:47.167 26963 26963 D ViewRootImpl@399f144[MainActivity]: ViewPostIme pointer 0
07-12 18:24:47.248 26963 26963 D ViewRootImpl@399f144[MainActivity]: ViewPostIme pointer 1
07-12 18:24:47.272 26963 26963 V MainActivity: Connect button clicked
07-12 18:24:50.985 26963 26963 D ViewRootImpl@399f144[MainActivity]: ViewPostIme pointer 0
07-12 18:24:51.066 26963 26963 D ViewRootImpl@399f144[MainActivity]: ViewPostIme pointer 1
07-12 18:24:51.594 26963 26963 D ViewRootImpl@399f144[MainActivity]: ViewPostIme pointer 0
07-12 18:24:51.675 26963 26963 D ViewRootImpl@399f144[MainActivity]: ViewPostIme pointer 1
07-12 18:24:51.683 26963 26963 V ConnectionFragment: Discovery switch checked
07-12 18:24:52.771 26963 26963 D NearbyFragment: Started discovering
07-12 18:24:55.080 26963 26963 D NearbyFragment: Found endpoint F8-i: Shark 1S [9c8f]
07-12 18:24:55.135 26963 26963 W example.edgesu: Accessing hidden method Landroid/graphics/FontFamily;-><init>()V (light greylist, reflection)
07-12 18:24:55.135 26963 26963 W example.edgesu: Accessing hidden method Landroid/graphics/FontFamily;->addFontFromAssetManager(Landroid/content/res/AssetManager;Ljava/lang/String;IZIII[Landroid/graphics/fonts/FontVariationAxis;)Z (light greylist, reflection)
07-12 18:24:55.135 26963 26963 W example.edgesu: Accessing hidden method Landroid/graphics/FontFamily;->addFontFromBuffer(Ljava/nio/ByteBuffer;I[Landroid/graphics/fonts/FontVariationAxis;II)Z (light greylist, reflection)
07-12 18:24:55.135 26963 26963 W example.edgesu: Accessing hidden method Landroid/graphics/FontFamily;->freeze()Z (light greylist, reflection)
07-12 18:24:55.135 26963 26963 W example.edgesu: Accessing hidden method Landroid/graphics/FontFamily;->abortCreation()V (light greylist, reflection)
07-12 18:24:55.136 26963 26963 W example.edgesu: Accessing hidden method Landroid/graphics/Typeface;->createFromFamiliesWithDefault([Landroid/graphics/FontFamily;Ljava/lang/String;II)Landroid/graphics/Typeface; (light greylist, reflection)
07-12 18:24:57.817 26963 26963 D ViewRootImpl@399f144[MainActivity]: ViewPostIme pointer 0
07-12 18:24:57.901 26963 26963 D ViewRootImpl@399f144[MainActivity]: ViewPostIme pointer 1
07-12 18:24:57.944 26963 26963 D NearbyFragment: Selected 'Endpoint{id=F8-i, name=Shark 1S [9c8f]}'
07-12 18:24:57.965 26963 26963 D InputTransport: Input channel constructed: fd=72
07-12 18:24:57.967 26963 26963 D ViewRootImpl@c787e8d[Toast]: setView = android.widget.LinearLayout{3eb0842 V.E...... ......I. 0,0-0,0} TM=true MM=false
07-12 18:24:57.968 26963 26963 V Toast   : Text: Donn in android.widget.Toast$TN@ca2d053
07-12 18:24:57.971 26963 26963 D ViewRootImpl@c787e8d[Toast]: dispatchAttachedToWindow
07-12 18:24:57.991 26963 26963 D ViewRootImpl@c787e8d[Toast]: Relayout returned: old=[0,72][1080,2076] new=[189,1752][891,1884] result=0x7 surface={valid=true 489454108672} changed=true
07-12 18:24:57.995 26963 26988 D mali_winsys: EGLint new_window_surface(egl_winsys_display *, void *, EGLSurface, EGLConfig, egl_winsys_surface **, EGLBoolean) returns 0x3000
07-12 18:24:57.995 26963 26988 D OpenGLRenderer: eglCreateWindowSurface = 0x71f5c9f900, 0x71f5bd0010
07-12 18:24:58.006 26963 26963 D ViewRootImpl@c787e8d[Toast]: MSG_RESIZED: frame=Rect(189, 1752 - 891, 1884) ci=Rect(0, 0 - 0, 0) vi=Rect(0, 0 - 0, 0) or=1
07-12 18:25:01.452 26963 26988 W libEGL  : EGLNativeWindowType 0x71f5bd0010 disconnect failed
07-12 18:25:01.453 26963 26988 D OpenGLRenderer: eglDestroySurface = 0x71f5c9f900, 0x71f5bd0000
07-12 18:25:01.453 26963 26963 D ViewRootImpl@c787e8d[Toast]: dispatchDetachedFromWindow
07-12 18:25:01.455 26963 26963 D ViewRootImpl@c787e8d[Toast]: Surface release. android.view.ViewRootImpl.doDie:7979 android.view.ViewRootImpl.die:7947 android.view.WindowManagerGlobal.removeViewLocked:497 android.view.WindowManagerGlobal.removeView:435 android.view.WindowManagerImpl.removeViewImmediate:124 android.widget.Toast$TN.handleHide:1110 android.widget.Toast$TN$1.handleMessage:898 android.os.Handler.dispatchMessage:106 
07-12 18:25:01.479 26963 26963 D InputTransport: Input channel destroyed: fd=72
07-12 18:25:01.965 26963 26963 D NearbyFragment: Initiated connection with F8-i: Shark 1S [9c8f]
07-12 18:25:01.988 26963 26963 D Dialog  : mIsSamsungBasicInteraction = false
07-12 18:25:01.988 26963 26963 D Dialog  : mIsSamsungBasicInteraction = false, isMetaDataInActivity = false
07-12 18:25:02.033 26963 26963 I DecorView: createDecorCaptionView >> DecorView@639f6cb[], isFloating: true, isApplication: true, hasWindowDecorCaption: false, hasWindowControllerCallback: false
07-12 18:25:02.120 26963 26963 D ScrollView: initGoToTop
07-12 18:25:02.174 26963 26963 D InputTransport: Input channel constructed: fd=72
07-12 18:25:02.176 26963 26963 D ViewRootImpl@2b89597[MainActivity]: setView = DecorView@639f6cb[MainActivity] TM=true MM=false
07-12 18:25:02.177 26963 26963 D NearbyFragment: Requested connection with Endpoint{id=F8-i, name=Shark 1S [9c8f]}
07-12 18:25:02.189 26963 26963 D ViewRootImpl@2b89597[MainActivity]: dispatchAttachedToWindow
07-12 18:25:02.269 26963 26963 D ViewRootImpl@2b89597[MainActivity]: Relayout returned: old=[0,72][1080,2076] new=[27,763][1053,1385] result=0x7 surface={valid=true 489454108672} changed=true
07-12 18:25:02.277 26963 26988 D mali_winsys: EGLint new_window_surface(egl_winsys_display *, void *, EGLSurface, EGLConfig, egl_winsys_surface **, EGLBoolean) returns 0x3000
07-12 18:25:02.277 26963 26988 D OpenGLRenderer: eglCreateWindowSurface = 0x71f5c9f880, 0x71f5bd0010
07-12 18:25:02.337 26963 26963 D ScrollView:  onsize change changed 
07-12 18:25:02.342 26963 26963 D ViewRootImpl@2b89597[MainActivity]: MSG_WINDOW_FOCUS_CHANGED 1 1
07-12 18:25:02.386 26963 26963 D ViewRootImpl@2b89597[MainActivity]: MSG_RESIZED: frame=Rect(27, 763 - 1053, 1385) ci=Rect(0, 0 - 0, 0) vi=Rect(0, 0 - 0, 0) or=1
07-12 18:25:02.440 26963 26963 D ViewRootImpl@399f144[MainActivity]: MSG_WINDOW_FOCUS_CHANGED 0 1
07-12 18:25:02.441 26963 26963 D InputMethodManager: prepareNavigationBarInfo() DecorView@72f75e2[MainActivity]
07-12 18:25:02.441 26963 26963 D InputMethodManager: getNavigationBarColor() -855310
07-12 18:25:03.403 26963 26963 D ViewRootImpl@2b89597[MainActivity]: ViewPostIme pointer 0
07-12 18:25:03.496 26963 26963 D ViewRootImpl@2b89597[MainActivity]: ViewPostIme pointer 1
07-12 18:25:03.523 26963 26988 W libEGL  : EGLNativeWindowType 0x71f5bd0010 disconnect failed
07-12 18:25:03.523 26963 26988 D OpenGLRenderer: eglDestroySurface = 0x71f5c9f880, 0x71f5bd0000
07-12 18:25:03.523 26963 26988 D OpenGLRenderer: endAllActiveAnimators on 0x71f1629900 (RippleDrawable) with handle 0x71f54b5220
07-12 18:25:03.524 26963 26963 D ViewRootImpl@2b89597[MainActivity]: dispatchDetachedFromWindow
07-12 18:25:03.524 26963 26963 D ViewRootImpl@2b89597[MainActivity]: Surface release. android.view.ViewRootImpl.doDie:7979 android.view.ViewRootImpl.die:7947 android.view.WindowManagerGlobal.removeViewLocked:497 android.view.WindowManagerGlobal.removeView:435 android.view.WindowManagerImpl.removeViewImmediate:124 android.app.Dialog.dismissDialog:518 android.app.Dialog.dismiss:501 androidx.appcompat.app.AlertController$ButtonHandler.handleMessage:171 
07-12 18:25:03.535 26963 26963 D InputTransport: Input channel destroyed: fd=72
07-12 18:25:03.538 26963 26963 I NearbyFragment: Connected to Endpoint{id=F8-i, name=Shark 1S [9c8f]}
07-12 18:25:03.599 26963 26963 D ViewRootImpl@399f144[MainActivity]: MSG_WINDOW_FOCUS_CHANGED 1 1
07-12 18:25:03.600 26963 26963 D InputMethodManager: prepareNavigationBarInfo() DecorView@72f75e2[MainActivity]
07-12 18:25:03.600 26963 26963 D InputMethodManager: getNavigationBarColor() -855310
07-12 18:25:03.614 26963 26963 E ViewRootImpl: sendUserActionEvent() returned.
07-12 18:25:08.083 26963 26963 D ViewRootImpl@399f144[MainActivity]: ViewPostIme pointer 0
07-12 18:25:08.172 26963 26963 D ViewRootImpl@399f144[MainActivity]: ViewPostIme pointer 1
07-12 18:25:08.179 26963 26963 V ConnectionFragment: Discovery switch unchecked
07-12 18:25:08.180 26963 26963 D NearbyFragment: Stopped discovering
07-12 18:25:09.412 26963 26963 I TransferNetworkLossHand: Network connectivity changed detected.
07-12 18:25:09.450 26963 26963 I TransferNetworkLossHand: Network connected: true
07-12 18:25:09.500 26963 27701 D TransferNetworkLossHand: Loading transfers from database...
07-12 18:25:09.557 26963 27701 W LogFactory: Truncating log tag length as it exceed 23, the limit imposed by Android on certain API Levels
07-12 18:25:09.578 26963 27701 D TransferNetworkLossHand: Closing the cursor for resumeAllTransfers
07-12 18:25:09.580 26963 27701 D TransferNetworkLossHand: 2 transfers are loaded from database.
07-12 18:26:10.864 26963 26963 D NearbyFragment: onPayloadReceived(endpointId=F8-i, payload=com.google.android.gms.nearby.connection.Payload@12e8780)
07-12 18:26:10.871 26963 26963 V NearbyFragment: Started downloading SUMMARISE_SEGMENT:-7035590622314083542:20200312_150643!000.mp4:45.0_1.0_23_medium from Endpoint{id=F8-i, name=Shark 1S [9c8f]}
07-12 18:26:10.907 26963 26963 D NearbyFragment: onPayloadReceived(endpointId=F8-i, payload=com.google.android.gms.nearby.connection.Payload@1ebf55f)
07-12 18:26:10.911 26963 26963 V NearbyFragment: Transfer to Endpoint{id=F8-i, name=Shark 1S [9c8f]} complete
07-12 18:26:14.751 26963 26963 V NearbyFragment: Transfer to Endpoint{id=F8-i, name=Shark 1S [9c8f]} complete
07-12 18:26:14.778 26963 26963 W NearbyFragment: Completed downloading 20200312_150643!000.mp4 from Endpoint{id=F8-i, name=Shark 1S [9c8f]} in 03.877s
07-12 18:26:14.790 26963 26963 V FileManager: External storage is readable
07-12 18:26:14.794 26963 26963 V FileManager: Created new directory: /storage/emulated/0/Movies/segment-sum/20200312_150643
07-12 18:26:14.797 26963 26963 D NearbyFragment: Summarising 20200312_150643!000.mp4
07-12 18:26:14.798 26963 26963 V VideoManager: Retrieving video from /storage/emulated/0/Download/Nearby/20200312_150643!000.mp4
07-12 18:26:14.833 26963 26963 V VideoManager: videoFromCursor
07-12 18:26:14.841 26963 26963 V ProcessingVideosEventHandler: onAdd
07-12 18:26:14.842 26963 26963 V RawFootageEventHandler: onRemove
07-12 18:26:14.851 26963 26963 V NearbyFragment: Transfer to Endpoint{id=F8-i, name=Shark 1S [9c8f]} complete
07-12 18:26:14.866 26963 27916 V SummariserIntentService: onHandleIntent
07-12 18:26:14.867 26963 27916 D SummariserIntentService: Video{id='139357', data='/storage/emulated/0/Download/Nearby/20200312_150643!000.mp4', name='20200312_150643!000.mp4', size=16843851, visible=true, mimeType='video/mp4'}
07-12 18:26:14.868 26963 27916 D SummariserIntentService: /storage/emulated/0/Movies/segment-sum/20200312_150643/20200312_150643!000.mp4
07-12 18:26:14.882 26963 27916 I mobile-ffmpeg: Loading mobile-ffmpeg.
07-12 18:26:14.966 26963 27916 I mobile-ffmpeg: Loaded mobile-ffmpeg-full-gpl-arm64-v8a-4.3.2-20200415.
07-12 18:26:14.968 26963 27917 D mobile-ffmpeg: Callback thread started.
07-12 18:26:15.009 26963 27916 I FfmpegTools: Running ffmpeg with:
07-12 18:26:15.009 26963 27916 I FfmpegTools:   -y -i /storage/emulated/0/Download/Nearby/20200312_150643!000.mp4 -vf freezedetect=n=-45.000000dB:d=1.000000,metadata=mode=print:file=/storage/emulated/0/Movies/raw/20200312_150643!000.txt -f null -
07-12 18:26:15.128 26963 27917 W mobile-ffmpeg: [graph 0 input from stream 0:0 @ 0x71df888180] sws_param option is deprecated and ignored
07-12 18:26:17.301 26963 27916 W Summariser: No activity detected
07-12 18:26:17.302 26963 27916 V FfmpegTools: Retrieving duration of /storage/emulated/0/Download/Nearby/20200312_150643!000.mp4
07-12 18:26:17.337 26963 27916 W Summariser: Summarisation completed
07-12 18:26:17.337 26963 27916 W Summariser:   filename: 20200312_150643!000.mp4
07-12 18:26:17.337 26963 27916 W Summariser:   active sections: 0
07-12 18:26:17.337 26963 27916 W Summariser:   time: 02.423s
07-12 18:26:17.337 26963 27916 W Summariser:   original duration: 16.07
07-12 18:26:17.337 26963 27916 W Summariser:   summarised duration: -1.00
07-12 18:26:17.337 26963 27916 W Summariser:   noise tolerance: 45.00
07-12 18:26:17.337 26963 27916 W Summariser:   quality: 23
07-12 18:26:17.337 26963 27916 W Summariser:   speed: medium
07-12 18:26:17.337 26963 27916 W Summariser:   freeze duration: 1.00
07-12 18:26:17.338 26963 27916 V ProcessingVideosEventHandler: onRemove
07-12 18:26:17.358 26963 26963 V NearbyFragment: Transfer to Endpoint{id=F8-i, name=Shark 1S [9c8f]} complete
07-12 18:26:17.474 26963 26977 D SummariserIntentService: Scanned /storage/emulated/0/Movies/summarised
07-12 18:26:17.474 26963 26977 D SummariserIntentService:   -> uri=content://media/external/file/139217
07-12 18:26:17.621 26963 26963 D NearbyFragment: onPayloadReceived(endpointId=F8-i, payload=com.google.android.gms.nearby.connection.Payload@97aee62)
07-12 18:26:17.624 26963 26963 V NearbyFragment: Started downloading SUMMARISE_SEGMENT:-6388193169133812254:20200312_150643!002.mp4:45.0_1.0_23_medium from Endpoint{id=F8-i, name=Shark 1S [9c8f]}
07-12 18:26:17.630 26963 26963 V NearbyFragment: Transfer to Endpoint{id=F8-i, name=Shark 1S [9c8f]} complete
07-12 18:26:17.795 26963 26963 D NearbyFragment: onPayloadReceived(endpointId=F8-i, payload=com.google.android.gms.nearby.connection.Payload@fc58bf3)
07-12 18:26:22.606 26963 26963 V NearbyFragment: Transfer to Endpoint{id=F8-i, name=Shark 1S [9c8f]} complete
07-12 18:26:22.609 26963 26963 W NearbyFragment: Completed downloading 20200312_150643!002.mp4 from Endpoint{id=F8-i, name=Shark 1S [9c8f]} in 04.981s
07-12 18:26:22.619 26963 26963 V FileManager: External storage is readable
07-12 18:26:22.620 26963 26963 V FileManager: Directory already exists: /storage/emulated/0/Movies/segment-sum/20200312_150643
07-12 18:26:22.622 26963 26963 D NearbyFragment: Summarising 20200312_150643!002.mp4
07-12 18:26:22.624 26963 26963 V VideoManager: Retrieving video from /storage/emulated/0/Download/Nearby/20200312_150643!002.mp4
07-12 18:26:22.642 26963 26963 V VideoManager: videoFromCursor
07-12 18:26:22.647 26963 26963 V ProcessingVideosEventHandler: onAdd
07-12 18:26:22.648 26963 26963 V RawFootageEventHandler: onRemove
07-12 18:26:22.659 26963 26963 V NearbyFragment: Transfer to Endpoint{id=F8-i, name=Shark 1S [9c8f]} complete
07-12 18:26:22.672 26963 27951 V SummariserIntentService: onHandleIntent
07-12 18:26:22.673 26963 27951 D SummariserIntentService: Video{id='139358', data='/storage/emulated/0/Download/Nearby/20200312_150643!002.mp4', name='20200312_150643!002.mp4', size=16970539, visible=true, mimeType='video/mp4'}
07-12 18:26:22.673 26963 27951 D SummariserIntentService: /storage/emulated/0/Movies/segment-sum/20200312_150643/20200312_150643!002.mp4
07-12 18:26:22.679 26963 27951 I FfmpegTools: Running ffmpeg with:
07-12 18:26:22.679 26963 27951 I FfmpegTools:   -y -i /storage/emulated/0/Download/Nearby/20200312_150643!002.mp4 -vf freezedetect=n=-45.000000dB:d=1.000000,metadata=mode=print:file=/storage/emulated/0/Movies/raw/20200312_150643!002.txt -f null -
07-12 18:26:22.842 26963 27917 W mobile-ffmpeg: [graph 0 input from stream 0:0 @ 0x71dcc3f180] sws_param option is deprecated and ignored
07-12 18:26:24.989 26963 27951 W Summariser: No activity detected
07-12 18:26:24.990 26963 27951 V FfmpegTools: Retrieving duration of /storage/emulated/0/Download/Nearby/20200312_150643!002.mp4
07-12 18:26:25.032 26963 27951 W Summariser: Summarisation completed
07-12 18:26:25.032 26963 27951 W Summariser:   filename: 20200312_150643!002.mp4
07-12 18:26:25.032 26963 27951 W Summariser:   active sections: 0
07-12 18:26:25.032 26963 27951 W Summariser:   time: 02.313s
07-12 18:26:25.032 26963 27951 W Summariser:   original duration: 16.01
07-12 18:26:25.032 26963 27951 W Summariser:   summarised duration: -1.00
07-12 18:26:25.032 26963 27951 W Summariser:   noise tolerance: 45.00
07-12 18:26:25.032 26963 27951 W Summariser:   quality: 23
07-12 18:26:25.032 26963 27951 W Summariser:   speed: medium
07-12 18:26:25.032 26963 27951 W Summariser:   freeze duration: 1.00
07-12 18:26:25.032 26963 27951 V ProcessingVideosEventHandler: onRemove
07-12 18:26:25.060 26963 26963 V NearbyFragment: Transfer to Endpoint{id=F8-i, name=Shark 1S [9c8f]} complete
07-12 18:26:25.128 26963 26977 D SummariserIntentService: Scanned /storage/emulated/0/Movies/summarised
07-12 18:26:25.128 26963 26977 D SummariserIntentService:   -> uri=content://media/external/file/139217
07-12 18:26:37.051 26963 26963 D NearbyFragment: onPayloadReceived(endpointId=F8-i, payload=com.google.android.gms.nearby.connection.Payload@7e405c8)
07-12 18:26:37.053 26963 26963 V NearbyFragment: Started downloading SUMMARISE_SEGMENT:-8587507952312674068:20200312_150744!000.mp4:45.0_1.0_23_medium from Endpoint{id=F8-i, name=Shark 1S [9c8f]}
07-12 18:26:37.055 26963 26963 V NearbyFragment: Transfer to Endpoint{id=F8-i, name=Shark 1S [9c8f]} complete
07-12 18:26:37.080 26963 26963 D NearbyFragment: onPayloadReceived(endpointId=F8-i, payload=com.google.android.gms.nearby.connection.Payload@6899661)
07-12 18:26:41.013 26963 26963 V NearbyFragment: Transfer to Endpoint{id=F8-i, name=Shark 1S [9c8f]} complete
07-12 18:26:41.015 26963 26963 W NearbyFragment: Completed downloading 20200312_150744!000.mp4 from Endpoint{id=F8-i, name=Shark 1S [9c8f]} in 03.960s
07-12 18:26:41.022 26963 26963 V FileManager: External storage is readable
07-12 18:26:41.024 26963 26963 V FileManager: Created new directory: /storage/emulated/0/Movies/segment-sum/20200312_150744
07-12 18:26:41.026 26963 26963 D NearbyFragment: Summarising 20200312_150744!000.mp4
07-12 18:26:41.026 26963 26963 V VideoManager: Retrieving video from /storage/emulated/0/Download/Nearby/20200312_150744!000.mp4
07-12 18:26:41.042 26963 26963 V VideoManager: videoFromCursor
07-12 18:26:41.047 26963 26963 V ProcessingVideosEventHandler: onAdd
07-12 18:26:41.048 26963 26963 V RawFootageEventHandler: onRemove
07-12 18:26:41.056 26963 26963 V NearbyFragment: Transfer to Endpoint{id=F8-i, name=Shark 1S [9c8f]} complete
07-12 18:26:41.067 26963 27991 V SummariserIntentService: onHandleIntent
07-12 18:26:41.067 26963 27991 D SummariserIntentService: Video{id='139359', data='/storage/emulated/0/Download/Nearby/20200312_150744!000.mp4', name='20200312_150744!000.mp4', size=16882390, visible=true, mimeType='video/mp4'}
07-12 18:26:41.067 26963 27991 D SummariserIntentService: /storage/emulated/0/Movies/segment-sum/20200312_150744/20200312_150744!000.mp4
07-12 18:26:41.071 26963 27991 I FfmpegTools: Running ffmpeg with:
07-12 18:26:41.071 26963 27991 I FfmpegTools:   -y -i /storage/emulated/0/Download/Nearby/20200312_150744!000.mp4 -vf freezedetect=n=-45.000000dB:d=1.000000,metadata=mode=print:file=/storage/emulated/0/Movies/raw/20200312_150744!000.txt -f null -
07-12 18:26:41.172 26963 27917 W mobile-ffmpeg: [graph 0 input from stream 0:0 @ 0x71ddff5180] sws_param option is deprecated and ignored
07-12 18:26:43.247 26963 27991 W Summariser: No activity detected
07-12 18:26:43.248 26963 27991 V FfmpegTools: Retrieving duration of /storage/emulated/0/Download/Nearby/20200312_150744!000.mp4
07-12 18:26:43.279 26963 27991 W Summariser: Summarisation completed
07-12 18:26:43.279 26963 27991 W Summariser:   filename: 20200312_150744!000.mp4
07-12 18:26:43.279 26963 27991 W Summariser:   active sections: 0
07-12 18:26:43.279 26963 27991 W Summariser:   time: 02.179s
07-12 18:26:43.279 26963 27991 W Summariser:   original duration: 16.07
07-12 18:26:43.279 26963 27991 W Summariser:   summarised duration: -1.00
07-12 18:26:43.279 26963 27991 W Summariser:   noise tolerance: 45.00
07-12 18:26:43.279 26963 27991 W Summariser:   quality: 23
07-12 18:26:43.279 26963 27991 W Summariser:   speed: medium
07-12 18:26:43.279 26963 27991 W Summariser:   freeze duration: 1.00
07-12 18:26:43.280 26963 27991 V ProcessingVideosEventHandler: onRemove
07-12 18:26:43.297 26963 26963 V NearbyFragment: Transfer to Endpoint{id=F8-i, name=Shark 1S [9c8f]} complete
07-12 18:26:43.342 26963 26977 D SummariserIntentService: Scanned /storage/emulated/0/Movies/summarised
07-12 18:26:43.342 26963 26977 D SummariserIntentService:   -> uri=content://media/external/file/139217
07-12 18:26:43.356 26963 26963 D NearbyFragment: onPayloadReceived(endpointId=F8-i, payload=com.google.android.gms.nearby.connection.Payload@de0ff5e)
07-12 18:26:43.358 26963 26963 V NearbyFragment: Started downloading SUMMARISE_SEGMENT:-5463473109494010674:20200312_150744!002.mp4:45.0_1.0_23_medium from Endpoint{id=F8-i, name=Shark 1S [9c8f]}
07-12 18:26:43.430 26963 26963 V NearbyFragment: Transfer to Endpoint{id=F8-i, name=Shark 1S [9c8f]} complete
07-12 18:26:45.672 26963 26963 D NearbyFragment: onPayloadReceived(endpointId=F8-i, payload=com.google.android.gms.nearby.connection.Payload@74f8f3f)
07-12 18:26:49.740 26963 26963 V NearbyFragment: Transfer to Endpoint{id=F8-i, name=Shark 1S [9c8f]} complete
07-12 18:26:49.743 26963 26963 W NearbyFragment: Completed downloading 20200312_150744!002.mp4 from Endpoint{id=F8-i, name=Shark 1S [9c8f]} in 06.382s
07-12 18:26:49.755 26963 26963 V FileManager: External storage is readable
07-12 18:26:49.757 26963 26963 V FileManager: Directory already exists: /storage/emulated/0/Movies/segment-sum/20200312_150744
07-12 18:26:49.759 26963 26963 D NearbyFragment: Summarising 20200312_150744!002.mp4
07-12 18:26:49.761 26963 26963 V VideoManager: Retrieving video from /storage/emulated/0/Download/Nearby/20200312_150744!002.mp4
07-12 18:26:49.784 26963 26963 V VideoManager: videoFromCursor
07-12 18:26:49.791 26963 26963 V ProcessingVideosEventHandler: onAdd
07-12 18:26:49.792 26963 26963 V RawFootageEventHandler: onRemove
07-12 18:26:49.804 26963 26963 V NearbyFragment: Transfer to Endpoint{id=F8-i, name=Shark 1S [9c8f]} complete
07-12 18:26:49.821 26963 28030 V SummariserIntentService: onHandleIntent
07-12 18:26:49.823 26963 28030 D SummariserIntentService: Video{id='139360', data='/storage/emulated/0/Download/Nearby/20200312_150744!002.mp4', name='20200312_150744!002.mp4', size=16838272, visible=true, mimeType='video/mp4'}
07-12 18:26:49.823 26963 28030 D SummariserIntentService: /storage/emulated/0/Movies/segment-sum/20200312_150744/20200312_150744!002.mp4
07-12 18:26:49.827 26963 28030 I FfmpegTools: Running ffmpeg with:
07-12 18:26:49.827 26963 28030 I FfmpegTools:   -y -i /storage/emulated/0/Download/Nearby/20200312_150744!002.mp4 -vf freezedetect=n=-45.000000dB:d=1.000000,metadata=mode=print:file=/storage/emulated/0/Movies/raw/20200312_150744!002.txt -f null -
07-12 18:26:49.996 26963 27917 W mobile-ffmpeg: [graph 0 input from stream 0:0 @ 0x71debf6180] sws_param option is deprecated and ignored
07-12 18:26:52.119 26963 28030 W Summariser: No activity detected
07-12 18:26:52.120 26963 28030 V FfmpegTools: Retrieving duration of /storage/emulated/0/Download/Nearby/20200312_150744!002.mp4
07-12 18:26:52.161 26963 28030 W Summariser: Summarisation completed
07-12 18:26:52.161 26963 28030 W Summariser:   filename: 20200312_150744!002.mp4
07-12 18:26:52.161 26963 28030 W Summariser:   active sections: 0
07-12 18:26:52.161 26963 28030 W Summariser:   time: 02.295s
07-12 18:26:52.161 26963 28030 W Summariser:   original duration: 16.01
07-12 18:26:52.161 26963 28030 W Summariser:   summarised duration: -1.00
07-12 18:26:52.161 26963 28030 W Summariser:   noise tolerance: 45.00
07-12 18:26:52.161 26963 28030 W Summariser:   quality: 23
07-12 18:26:52.161 26963 28030 W Summariser:   speed: medium
07-12 18:26:52.161 26963 28030 W Summariser:   freeze duration: 1.00
07-12 18:26:52.162 26963 28030 V ProcessingVideosEventHandler: onRemove
07-12 18:26:52.182 26963 26963 V NearbyFragment: Transfer to Endpoint{id=F8-i, name=Shark 1S [9c8f]} complete
07-12 18:26:52.227 26963 26977 D SummariserIntentService: Scanned /storage/emulated/0/Movies/summarised
07-12 18:26:52.227 26963 26977 D SummariserIntentService:   -> uri=content://media/external/file/139217
07-12 18:27:02.851 26963 26963 D NearbyFragment: onPayloadReceived(endpointId=F8-i, payload=com.google.android.gms.nearby.connection.Payload@c4fa4a4)
07-12 18:27:02.854 26963 26963 V NearbyFragment: Started downloading SUMMARISE_SEGMENT:-7531303369190463832:20200312_150844!000.mp4:45.0_1.0_23_medium from Endpoint{id=F8-i, name=Shark 1S [9c8f]}
07-12 18:27:02.862 26963 26963 V NearbyFragment: Transfer to Endpoint{id=F8-i, name=Shark 1S [9c8f]} complete
07-12 18:27:02.887 26963 26963 D NearbyFragment: onPayloadReceived(endpointId=F8-i, payload=com.google.android.gms.nearby.connection.Payload@ceb420d)
07-12 18:27:06.915 26963 26963 V NearbyFragment: Transfer to Endpoint{id=F8-i, name=Shark 1S [9c8f]} complete
07-12 18:27:06.918 26963 26963 W NearbyFragment: Completed downloading 20200312_150844!000.mp4 from Endpoint{id=F8-i, name=Shark 1S [9c8f]} in 04.060s
07-12 18:27:06.928 26963 26963 V FileManager: External storage is readable
07-12 18:27:06.931 26963 26963 V FileManager: Created new directory: /storage/emulated/0/Movies/segment-sum/20200312_150844
07-12 18:27:06.933 26963 26963 D NearbyFragment: Summarising 20200312_150844!000.mp4
07-12 18:27:06.934 26963 26963 V VideoManager: Retrieving video from /storage/emulated/0/Download/Nearby/20200312_150844!000.mp4
07-12 18:27:06.952 26963 26963 V VideoManager: videoFromCursor
07-12 18:27:06.957 26963 26963 V ProcessingVideosEventHandler: onAdd
07-12 18:27:06.958 26963 26963 V RawFootageEventHandler: onRemove
07-12 18:27:06.969 26963 26963 V NearbyFragment: Transfer to Endpoint{id=F8-i, name=Shark 1S [9c8f]} complete
07-12 18:27:06.988 26963 28062 V SummariserIntentService: onHandleIntent
07-12 18:27:06.990 26963 28062 D SummariserIntentService: Video{id='139361', data='/storage/emulated/0/Download/Nearby/20200312_150844!000.mp4', name='20200312_150844!000.mp4', size=16852835, visible=true, mimeType='video/mp4'}
07-12 18:27:06.990 26963 28062 D SummariserIntentService: /storage/emulated/0/Movies/segment-sum/20200312_150844/20200312_150844!000.mp4
07-12 18:27:06.993 26963 28062 I FfmpegTools: Running ffmpeg with:
07-12 18:27:06.993 26963 28062 I FfmpegTools:   -y -i /storage/emulated/0/Download/Nearby/20200312_150844!000.mp4 -vf freezedetect=n=-45.000000dB:d=1.000000,metadata=mode=print:file=/storage/emulated/0/Movies/raw/20200312_150844!000.txt -f null -
07-12 18:27:07.117 26963 27917 W mobile-ffmpeg: [graph 0 input from stream 0:0 @ 0x71ef1cc180] sws_param option is deprecated and ignored
07-12 18:27:09.227 26963 28062 D Summariser: No freeze file
07-12 18:27:09.227 26963 28062 W Summariser: Whole video is active
07-12 18:27:09.677 26963 28062 V FfmpegTools: Retrieving duration of /storage/emulated/0/Download/Nearby/20200312_150844!000.mp4
07-12 18:27:09.708 26963 28062 V FfmpegTools: Retrieving duration of /storage/emulated/0/Movies/segment-sum/20200312_150844/20200312_150844!000.mp4
07-12 18:27:09.737 26963 28062 W Summariser: Summarisation completed
07-12 18:27:09.737 26963 28062 W Summariser:   filename: 20200312_150844!000.mp4
07-12 18:27:09.737 26963 28062 W Summariser:   active sections: -1
07-12 18:27:09.737 26963 28062 W Summariser:   time: 02.685s
07-12 18:27:09.737 26963 28062 W Summariser:   original duration: 16.06
07-12 18:27:09.737 26963 28062 W Summariser:   summarised duration: 16.06
07-12 18:27:09.737 26963 28062 W Summariser:   noise tolerance: 45.00
07-12 18:27:09.737 26963 28062 W Summariser:   quality: 23
07-12 18:27:09.737 26963 28062 W Summariser:   speed: medium
07-12 18:27:09.737 26963 28062 W Summariser:   freeze duration: 1.00
07-12 18:27:09.737 26963 28062 V VideoManager: Retrieving video from /storage/emulated/0/Movies/segment-sum/20200312_150844/20200312_150844!000.mp4
07-12 18:27:09.759 26963 28062 V VideoManager: videoFromCursor
07-12 18:27:09.765 26963 28062 W NearbyFragment: Sending 20200312_150844!000.mp4 to Shark 1S [9c8f]
07-12 18:27:09.766 26963 28062 V ProcessingVideosEventHandler: onRemove
07-12 18:27:09.793 26963 26963 V NearbyFragment: Transfer to Endpoint{id=F8-i, name=Shark 1S [9c8f]} complete
07-12 18:27:09.865 26963 26977 D SummariserIntentService: Scanned /storage/emulated/0/Movies/summarised
07-12 18:27:09.865 26963 26977 D SummariserIntentService:   -> uri=content://media/external/file/139217
07-12 18:27:09.883 26963 26963 D NearbyFragment: onPayloadReceived(endpointId=F8-i, payload=com.google.android.gms.nearby.connection.Payload@96d964b)
07-12 18:27:09.885 26963 26963 V NearbyFragment: Started downloading SUMMARISE_SEGMENT:-8599115932694442827:20200312_150844!002.mp4:45.0_1.0_23_medium from Endpoint{id=F8-i, name=Shark 1S [9c8f]}
07-12 18:27:09.910 26963 26963 V NearbyFragment: Transfer to Endpoint{id=F8-i, name=Shark 1S [9c8f]} complete
07-12 18:27:12.453 26963 26963 D NearbyFragment: onPayloadReceived(endpointId=F8-i, payload=com.google.android.gms.nearby.connection.Payload@760828)
