--------- beginning of main
07-03 01:37:53.073 23800 23800 I zygote64: Late-enabling -Xcheck:jni
--------- beginning of system
07-03 01:37:53.218 23800 23800 I ActivityThread: handleStopService: token=android.os.BinderProxy@6bd4cc not found.
07-03 01:37:53.224 23800 23800 I TransferService: Starting Transfer Service to listen for network connectivity changes.
07-03 01:37:53.226 23800 23800 W LogFactory: Truncating log tag length as it exceed 23, the limit imposed by Android on certain API Levels
07-03 01:37:53.254 23800 23800 I TransferService: Registering the network receiver
07-03 01:37:53.260 23800 23800 I TransferService: Moving the service out of the Foreground state.
07-03 01:37:53.262 23800 23800 I TransferService: De-registering the network receiver.
07-03 01:38:11.496 23800 23800 I zygote64: Rejecting re-init on previously-failed class java.lang.Class<androidx.core.view.ViewCompat$2>: java.lang.NoClassDefFoundError: Failed resolution of: Landroid/view/View$OnUnhandledKeyEventListener;
07-03 01:38:11.496 23800 23800 I zygote64:   at void androidx.core.view.ViewCompat.setOnApplyWindowInsetsListener(android.view.View, androidx.core.view.OnApplyWindowInsetsListener) (ViewCompat.java:2421)
07-03 01:38:11.496 23800 23800 I zygote64:   at android.view.ViewGroup androidx.appcompat.app.AppCompatDelegateImpl.createSubDecor() (AppCompatDelegateImpl.java:779)
07-03 01:38:11.496 23800 23800 I zygote64:   at void androidx.appcompat.app.AppCompatDelegateImpl.ensureSubDecor() (AppCompatDelegateImpl.java:659)
07-03 01:38:11.496 23800 23800 I zygote64:   at void androidx.appcompat.app.AppCompatDelegateImpl.setContentView(int) (AppCompatDelegateImpl.java:552)
07-03 01:38:11.496 23800 23800 I zygote64:   at void androidx.appcompat.app.AppCompatActivity.setContentView(int) (AppCompatActivity.java:161)
07-03 01:38:11.496 23800 23800 I zygote64:   at void com.example.edgesum.page.main.MainActivity.onCreate(android.os.Bundle) (MainActivity.java:95)
07-03 01:38:11.496 23800 23800 I zygote64:   at void android.app.Activity.performCreate(android.os.Bundle, android.os.PersistableBundle) (Activity.java:7009)
07-03 01:38:11.497 23800 23800 I zygote64:   at void android.app.Activity.performCreate(android.os.Bundle) (Activity.java:7000)
07-03 01:38:11.497 23800 23800 I zygote64:   at void android.app.Instrumentation.callActivityOnCreate(android.app.Activity, android.os.Bundle) (Instrumentation.java:1214)
07-03 01:38:11.497 23800 23800 I zygote64:   at android.app.Activity android.app.ActivityThread.performLaunchActivity(android.app.ActivityThread$ActivityClientRecord, android.content.Intent) (ActivityThread.java:2731)
07-03 01:38:11.497 23800 23800 I zygote64:   at void android.app.ActivityThread.handleLaunchActivity(android.app.ActivityThread$ActivityClientRecord, android.content.Intent, java.lang.String) (ActivityThread.java:2856)
07-03 01:38:11.497 23800 23800 I zygote64:   at void android.app.ActivityThread.-wrap11(android.app.ActivityThread, android.app.ActivityThread$ActivityClientRecord, android.content.Intent, java.lang.String) (ActivityThread.java:-1)
07-03 01:38:11.497 23800 23800 I zygote64:   at void android.app.ActivityThread$H.handleMessage(android.os.Message) (ActivityThread.java:1589)
07-03 01:38:11.497 23800 23800 I zygote64:   at void android.os.Handler.dispatchMessage(android.os.Message) (Handler.java:106)
07-03 01:38:11.497 23800 23800 I zygote64:   at void android.os.Looper.loop() (Looper.java:164)
07-03 01:38:11.497 23800 23800 I zygote64:   at void android.app.ActivityThread.main(java.lang.String[]) (ActivityThread.java:6494)
07-03 01:38:11.497 23800 23800 I zygote64:   at java.lang.Object java.lang.reflect.Method.invoke(java.lang.Object, java.lang.Object[]) (Method.java:-2)
07-03 01:38:11.497 23800 23800 I zygote64:   at void com.android.internal.os.RuntimeInit$MethodAndArgsCaller.run() (RuntimeInit.java:438)
07-03 01:38:11.497 23800 23800 I zygote64:   at void com.android.internal.os.ZygoteInit.main(java.lang.String[]) (ZygoteInit.java:807)
07-03 01:38:11.497 23800 23800 I zygote64: Caused by: java.lang.ClassNotFoundException: Didn't find class "android.view.View$OnUnhandledKeyEventListener" on path: DexPathList[[zip file "/data/app/com.example.edgesum-XJimNptGaLEk-jMsPYReBA==/base.apk"],nativeLibraryDirectories=[/data/app/com.example.edgesum-XJimNptGaLEk-jMsPYReBA==/lib/arm64, /data/app/com.example.edgesum-XJimNptGaLEk-jMsPYReBA==/base.apk!/lib/arm64-v8a, /system/lib64, /vendor/lib64]]
07-03 01:38:11.497 23800 23800 I zygote64:   at java.lang.Class dalvik.system.BaseDexClassLoader.findClass(java.lang.String) (BaseDexClassLoader.java:125)
07-03 01:38:11.497 23800 23800 I zygote64:   at java.lang.Class java.lang.ClassLoader.loadClass(java.lang.String, boolean) (ClassLoader.java:379)
07-03 01:38:11.497 23800 23800 I zygote64:   at java.lang.Class java.lang.ClassLoader.loadClass(java.lang.String) (ClassLoader.java:312)
07-03 01:38:11.497 23800 23800 I zygote64:   at void androidx.core.view.ViewCompat.setOnApplyWindowInsetsListener(android.view.View, androidx.core.view.OnApplyWindowInsetsListener) (ViewCompat.java:2421)
07-03 01:38:11.497 23800 23800 I zygote64:   at android.view.ViewGroup androidx.appcompat.app.AppCompatDelegateImpl.createSubDecor() (AppCompatDelegateImpl.java:779)
07-03 01:38:11.497 23800 23800 I zygote64:   at void androidx.appcompat.app.AppCompatDelegateImpl.ensureSubDecor() (AppCompatDelegateImpl.java:659)
07-03 01:38:11.497 23800 23800 I zygote64:   at void androidx.appcompat.app.AppCompatDelegateImpl.setContentView(int) (AppCompatDelegateImpl.java:552)
07-03 01:38:11.497 23800 23800 I zygote64:   at void androidx.appcompat.app.AppCompatActivity.setContentView(int) (AppCompatActivity.java:161)
07-03 01:38:11.497 23800 23800 I zygote64:   at void com.example.edgesum.page.main.MainActivity.onCreate(android.os.Bundle) (MainActivity.java:95)
07-03 01:38:11.497 23800 23800 I zygote64:   at void android.app.Activity.performCreate(android.os.Bundle, android.os.PersistableBundle) (Activity.java:7009)
07-03 01:38:11.497 23800 23800 I zygote64:   at void android.app.Activity.performCreate(android.os.Bundle) (Activity.java:7000)
07-03 01:38:11.497 23800 23800 I zygote64:   at void android.app.Instrumentation.callActivityOnCreate(android.app.Activity, android.os.Bundle) (Instrumentation.java:1214)
07-03 01:38:11.497 23800 23800 I zygote64:   at android.app.Activity android.app.ActivityThread.performLaunchActivity(android.app.ActivityThread$ActivityClientRecord, android.content.Intent) (ActivityThread.java:2731)
07-03 01:38:11.497 23800 23800 I zygote64:   at void android.app.ActivityThread.handleLaunchActivity(android.app.ActivityThread$ActivityClientRecord, android.content.Intent, java.lang.String) (ActivityThread.java:2856)
07-03 01:38:11.497 23800 23800 I zygote64:   at void android.app.ActivityThread.-wrap11(android.app.ActivityThread, android.app.ActivityThread$ActivityClientRecord, android.content.Intent, java.lang.String) (ActivityThread.java:-1)
07-03 01:38:11.497 23800 23800 I zygote64:   at void android.app.ActivityThread$H.handleMessage(android.os.Message) (ActivityThread.java:1589)
07-03 01:38:11.497 23800 23800 I zygote64:   at void android.os.Handler.dispatchMessage(android.os.Message) (Handler.java:106)
07-03 01:38:11.497 23800 23800 I zygote64:   at void android.os.Looper.loop() (Looper.java:164)
07-03 01:38:11.497 23800 23800 I zygote64:   at void android.app.ActivityThread.main(java.lang.String[]) (ActivityThread.java:6494)
07-03 01:38:11.497 23800 23800 I zygote64:   at java.lang.Object java.lang.reflect.Method.invoke(java.lang.Object, java.lang.Object[]) (Method.java:-2)
07-03 01:38:11.498 23800 23800 I zygote64:   at void com.android.internal.os.RuntimeInit$MethodAndArgsCaller.run() (RuntimeInit.java:438)
07-03 01:38:11.498 23800 23800 I zygote64:   at void com.android.internal.os.ZygoteInit.main(java.lang.String[]) (ZygoteInit.java:807)
07-03 01:38:11.498 23800 23800 I zygote64: 
07-03 01:38:11.499 23800 23800 I zygote64: Rejecting re-init on previously-failed class java.lang.Class<androidx.core.view.ViewCompat$2>: java.lang.NoClassDefFoundError: Failed resolution of: Landroid/view/View$OnUnhandledKeyEventListener;
07-03 01:38:11.499 23800 23800 I zygote64:   at void androidx.core.view.ViewCompat.setOnApplyWindowInsetsListener(android.view.View, androidx.core.view.OnApplyWindowInsetsListener) (ViewCompat.java:2421)
07-03 01:38:11.499 23800 23800 I zygote64:   at android.view.ViewGroup androidx.appcompat.app.AppCompatDelegateImpl.createSubDecor() (AppCompatDelegateImpl.java:779)
07-03 01:38:11.499 23800 23800 I zygote64:   at void androidx.appcompat.app.AppCompatDelegateImpl.ensureSubDecor() (AppCompatDelegateImpl.java:659)
07-03 01:38:11.499 23800 23800 I zygote64:   at void androidx.appcompat.app.AppCompatDelegateImpl.setContentView(int) (AppCompatDelegateImpl.java:552)
07-03 01:38:11.499 23800 23800 I zygote64:   at void androidx.appcompat.app.AppCompatActivity.setContentView(int) (AppCompatActivity.java:161)
07-03 01:38:11.499 23800 23800 I zygote64:   at void com.example.edgesum.page.main.MainActivity.onCreate(android.os.Bundle) (MainActivity.java:95)
07-03 01:38:11.499 23800 23800 I zygote64:   at void android.app.Activity.performCreate(android.os.Bundle, android.os.PersistableBundle) (Activity.java:7009)
07-03 01:38:11.499 23800 23800 I zygote64:   at void android.app.Activity.performCreate(android.os.Bundle) (Activity.java:7000)
07-03 01:38:11.499 23800 23800 I zygote64:   at void android.app.Instrumentation.callActivityOnCreate(android.app.Activity, android.os.Bundle) (Instrumentation.java:1214)
07-03 01:38:11.499 23800 23800 I zygote64:   at android.app.Activity android.app.ActivityThread.performLaunchActivity(android.app.ActivityThread$ActivityClientRecord, android.content.Intent) (ActivityThread.java:2731)
07-03 01:38:11.499 23800 23800 I zygote64:   at void android.app.ActivityThread.handleLaunchActivity(android.app.ActivityThread$ActivityClientRecord, android.content.Intent, java.lang.String) (ActivityThread.java:2856)
07-03 01:38:11.499 23800 23800 I zygote64:   at void android.app.ActivityThread.-wrap11(android.app.ActivityThread, android.app.ActivityThread$ActivityClientRecord, android.content.Intent, java.lang.String) (ActivityThread.java:-1)
07-03 01:38:11.499 23800 23800 I zygote64:   at void android.app.ActivityThread$H.handleMessage(android.os.Message) (ActivityThread.java:1589)
07-03 01:38:11.499 23800 23800 I zygote64:   at void android.os.Handler.dispatchMessage(android.os.Message) (Handler.java:106)
07-03 01:38:11.499 23800 23800 I zygote64:   at void android.os.Looper.loop() (Looper.java:164)
07-03 01:38:11.499 23800 23800 I zygote64:   at void android.app.ActivityThread.main(java.lang.String[]) (ActivityThread.java:6494)
07-03 01:38:11.499 23800 23800 I zygote64:   at java.lang.Object java.lang.reflect.Method.invoke(java.lang.Object, java.lang.Object[]) (Method.java:-2)
07-03 01:38:11.499 23800 23800 I zygote64:   at void com.android.internal.os.RuntimeInit$MethodAndArgsCaller.run() (RuntimeInit.java:438)
07-03 01:38:11.499 23800 23800 I zygote64:   at void com.android.internal.os.ZygoteInit.main(java.lang.String[]) (ZygoteInit.java:807)
07-03 01:38:11.499 23800 23800 I zygote64: Caused by: java.lang.ClassNotFoundException: Didn't find class "android.view.View$OnUnhandledKeyEventListener" on path: DexPathList[[zip file "/data/app/com.example.edgesum-XJimNptGaLEk-jMsPYReBA==/base.apk"],nativeLibraryDirectories=[/data/app/com.example.edgesum-XJimNptGaLEk-jMsPYReBA==/lib/arm64, /data/app/com.example.edgesum-XJimNptGaLEk-jMsPYReBA==/base.apk!/lib/arm64-v8a, /system/lib64, /vendor/lib64]]
07-03 01:38:11.499 23800 23800 I zygote64:   at java.lang.Class dalvik.system.BaseDexClassLoader.findClass(java.lang.String) (BaseDexClassLoader.java:125)
07-03 01:38:11.499 23800 23800 I zygote64:   at java.lang.Class java.lang.ClassLoader.loadClass(java.lang.String, boolean) (ClassLoader.java:379)
07-03 01:38:11.499 23800 23800 I zygote64:   at java.lang.Class java.lang.ClassLoader.loadClass(java.lang.String) (ClassLoader.java:312)
07-03 01:38:11.499 23800 23800 I zygote64:   at void androidx.core.view.ViewCompat.setOnApplyWindowInsetsListener(android.view.View, androidx.core.view.OnApplyWindowInsetsListener) (ViewCompat.java:2421)
07-03 01:38:11.499 23800 23800 I zygote64:   at android.view.ViewGroup androidx.appcompat.app.AppCompatDelegateImpl.createSubDecor() (AppCompatDelegateImpl.java:779)
07-03 01:38:11.499 23800 23800 I zygote64:   at void androidx.appcompat.app.AppCompatDelegateImpl.ensureSubDecor() (AppCompatDelegateImpl.java:659)
07-03 01:38:11.499 23800 23800 I zygote64:   at void androidx.appcompat.app.AppCompatDelegateImpl.setContentView(int) (AppCompatDelegateImpl.java:552)
07-03 01:38:11.499 23800 23800 I zygote64:   at void androidx.appcompat.app.AppCompatActivity.setContentView(int) (AppCompatActivity.java:161)
07-03 01:38:11.499 23800 23800 I zygote64:   at void com.example.edgesum.page.main.MainActivity.onCreate(android.os.Bundle) (MainActivity.java:95)
07-03 01:38:11.499 23800 23800 I zygote64:   at void android.app.Activity.performCreate(android.os.Bundle, android.os.PersistableBundle) (Activity.java:7009)
07-03 01:38:11.499 23800 23800 I zygote64:   at void android.app.Activity.performCreate(android.os.Bundle) (Activity.java:7000)
07-03 01:38:11.499 23800 23800 I zygote64:   at void android.app.Instrumentation.callActivityOnCreate(android.app.Activity, android.os.Bundle) (Instrumentation.java:1214)
07-03 01:38:11.499 23800 23800 I zygote64:   at android.app.Activity android.app.ActivityThread.performLaunchActivity(android.app.ActivityThread$ActivityClientRecord, android.content.Intent) (ActivityThread.java:2731)
07-03 01:38:11.499 23800 23800 I zygote64:   at void android.app.ActivityThread.handleLaunchActivity(android.app.ActivityThread$ActivityClientRecord, android.content.Intent, java.lang.String) (ActivityThread.java:2856)
07-03 01:38:11.499 23800 23800 I zygote64:   at void android.app.ActivityThread.-wrap11(android.app.ActivityThread, android.app.ActivityThread$ActivityClientRecord, android.content.Intent, java.lang.String) (ActivityThread.java:-1)
07-03 01:38:11.499 23800 23800 I zygote64:   at void android.app.ActivityThread$H.handleMessage(android.os.Message) (ActivityThread.java:1589)
07-03 01:38:11.499 23800 23800 I zygote64:   at void android.os.Handler.dispatchMessage(android.os.Message) (Handler.java:106)
07-03 01:38:11.499 23800 23800 I zygote64:   at void android.os.Looper.loop() (Looper.java:164)
07-03 01:38:11.499 23800 23800 I zygote64:   at void android.app.ActivityThread.main(java.lang.String[]) (ActivityThread.java:6494)
07-03 01:38:11.499 23800 23800 I zygote64:   at java.lang.Object java.lang.reflect.Method.invoke(java.lang.Object, java.lang.Object[]) (Method.java:-2)
07-03 01:38:11.499 23800 23800 I zygote64:   at void com.android.internal.os.RuntimeInit$MethodAndArgsCaller.run() (RuntimeInit.java:438)
07-03 01:38:11.499 23800 23800 I zygote64:   at void com.android.internal.os.ZygoteInit.main(java.lang.String[]) (ZygoteInit.java:807)
07-03 01:38:11.499 23800 23800 I zygote64: 
07-03 01:38:11.500 23800 23800 I zygote64: Rejecting re-init on previously-failed class java.lang.Class<androidx.core.view.ViewCompat$2>: java.lang.NoClassDefFoundError: Failed resolution of: Landroid/view/View$OnUnhandledKeyEventListener;
07-03 01:38:11.500 23800 23800 I zygote64:   at void androidx.core.view.ViewCompat.setOnApplyWindowInsetsListener(android.view.View, androidx.core.view.OnApplyWindowInsetsListener) (ViewCompat.java:2421)
07-03 01:38:11.500 23800 23800 I zygote64:   at android.view.ViewGroup androidx.appcompat.app.AppCompatDelegateImpl.createSubDecor() (AppCompatDelegateImpl.java:779)
07-03 01:38:11.500 23800 23800 I zygote64:   at void androidx.appcompat.app.AppCompatDelegateImpl.ensureSubDecor() (AppCompatDelegateImpl.java:659)
07-03 01:38:11.500 23800 23800 I zygote64:   at void androidx.appcompat.app.AppCompatDelegateImpl.setContentView(int) (AppCompatDelegateImpl.java:552)
07-03 01:38:11.500 23800 23800 I zygote64:   at void androidx.appcompat.app.AppCompatActivity.setContentView(int) (AppCompatActivity.java:161)
07-03 01:38:11.500 23800 23800 I zygote64:   at void com.example.edgesum.page.main.MainActivity.onCreate(android.os.Bundle) (MainActivity.java:95)
07-03 01:38:11.500 23800 23800 I zygote64:   at void android.app.Activity.performCreate(android.os.Bundle, android.os.PersistableBundle) (Activity.java:7009)
07-03 01:38:11.500 23800 23800 I zygote64:   at void android.app.Activity.performCreate(android.os.Bundle) (Activity.java:7000)
07-03 01:38:11.500 23800 23800 I zygote64:   at void android.app.Instrumentation.callActivityOnCreate(android.app.Activity, android.os.Bundle) (Instrumentation.java:1214)
07-03 01:38:11.500 23800 23800 I zygote64:   at android.app.Activity android.app.ActivityThread.performLaunchActivity(android.app.ActivityThread$ActivityClientRecord, android.content.Intent) (ActivityThread.java:2731)
07-03 01:38:11.500 23800 23800 I zygote64:   at void android.app.ActivityThread.handleLaunchActivity(android.app.ActivityThread$ActivityClientRecord, android.content.Intent, java.lang.String) (ActivityThread.java:2856)
07-03 01:38:11.500 23800 23800 I zygote64:   at void android.app.ActivityThread.-wrap11(android.app.ActivityThread, android.app.ActivityThread$ActivityClientRecord, android.content.Intent, java.lang.String) (ActivityThread.java:-1)
07-03 01:38:11.500 23800 23800 I zygote64:   at void android.app.ActivityThread$H.handleMessage(android.os.Message) (ActivityThread.java:1589)
07-03 01:38:11.500 23800 23800 I zygote64:   at void android.os.Handler.dispatchMessage(android.os.Message) (Handler.java:106)
07-03 01:38:11.500 23800 23800 I zygote64:   at void android.os.Looper.loop() (Looper.java:164)
07-03 01:38:11.500 23800 23800 I zygote64:   at void android.app.ActivityThread.main(java.lang.String[]) (ActivityThread.java:6494)
07-03 01:38:11.500 23800 23800 I zygote64:   at java.lang.Object java.lang.reflect.Method.invoke(java.lang.Object, java.lang.Object[]) (Method.java:-2)
07-03 01:38:11.500 23800 23800 I zygote64:   at void com.android.internal.os.RuntimeInit$MethodAndArgsCaller.run() (RuntimeInit.java:438)
07-03 01:38:11.500 23800 23800 I zygote64:   at void com.android.internal.os.ZygoteInit.main(java.lang.String[]) (ZygoteInit.java:807)
07-03 01:38:11.500 23800 23800 I zygote64: Caused by: java.lang.ClassNotFoundException: Didn't find class "android.view.View$OnUnhandledKeyEventListener" on path: DexPathList[[zip file "/data/app/com.example.edgesum-XJimNptGaLEk-jMsPYReBA==/base.apk"],nativeLibraryDirectories=[/data/app/com.example.edgesum-XJimNptGaLEk-jMsPYReBA==/lib/arm64, /data/app/com.example.edgesum-XJimNptGaLEk-jMsPYReBA==/base.apk!/lib/arm64-v8a, /system/lib64, /vendor/lib64]]
07-03 01:38:11.500 23800 23800 I zygote64:   at java.lang.Class dalvik.system.BaseDexClassLoader.findClass(java.lang.String) (BaseDexClassLoader.java:125)
07-03 01:38:11.500 23800 23800 I zygote64:   at java.lang.Class java.lang.ClassLoader.loadClass(java.lang.String, boolean) (ClassLoader.java:379)
07-03 01:38:11.500 23800 23800 I zygote64:   at java.lang.Class java.lang.ClassLoader.loadClass(java.lang.String) (ClassLoader.java:312)
07-03 01:38:11.500 23800 23800 I zygote64:   at void androidx.core.view.ViewCompat.setOnApplyWindowInsetsListener(android.view.View, androidx.core.view.OnApplyWindowInsetsListener) (ViewCompat.java:2421)
07-03 01:38:11.500 23800 23800 I zygote64:   at android.view.ViewGroup androidx.appcompat.app.AppCompatDelegateImpl.createSubDecor() (AppCompatDelegateImpl.java:779)
07-03 01:38:11.500 23800 23800 I zygote64:   at void androidx.appcompat.app.AppCompatDelegateImpl.ensureSubDecor() (AppCompatDelegateImpl.java:659)
07-03 01:38:11.500 23800 23800 I zygote64:   at void androidx.appcompat.app.AppCompatDelegateImpl.setContentView(int) (AppCompatDelegateImpl.java:552)
07-03 01:38:11.500 23800 23800 I zygote64:   at void androidx.appcompat.app.AppCompatActivity.setContentView(int) (AppCompatActivity.java:161)
07-03 01:38:11.500 23800 23800 I zygote64:   at void com.example.edgesum.page.main.MainActivity.onCreate(android.os.Bundle) (MainActivity.java:95)
07-03 01:38:11.500 23800 23800 I zygote64:   at void android.app.Activity.performCreate(android.os.Bundle, android.os.PersistableBundle) (Activity.java:7009)
07-03 01:38:11.500 23800 23800 I zygote64:   at void android.app.Activity.performCreate(android.os.Bundle) (Activity.java:7000)
07-03 01:38:11.500 23800 23800 I zygote64:   at void android.app.Instrumentation.callActivityOnCreate(android.app.Activity, android.os.Bundle) (Instrumentation.java:1214)
07-03 01:38:11.501 23800 23800 I zygote64:   at android.app.Activity android.app.ActivityThread.performLaunchActivity(android.app.ActivityThread$ActivityClientRecord, android.content.Intent) (ActivityThread.java:2731)
07-03 01:38:11.501 23800 23800 I zygote64:   at void android.app.ActivityThread.handleLaunchActivity(android.app.ActivityThread$ActivityClientRecord, android.content.Intent, java.lang.String) (ActivityThread.java:2856)
07-03 01:38:11.501 23800 23800 I zygote64:   at void android.app.ActivityThread.-wrap11(android.app.ActivityThread, android.app.ActivityThread$ActivityClientRecord, android.content.Intent, java.lang.String) (ActivityThread.java:-1)
07-03 01:38:11.501 23800 23800 I zygote64:   at void android.app.ActivityThread$H.handleMessage(android.os.Message) (ActivityThread.java:1589)
07-03 01:38:11.501 23800 23800 I zygote64:   at void android.os.Handler.dispatchMessage(android.os.Message) (Handler.java:106)
07-03 01:38:11.501 23800 23800 I zygote64:   at void android.os.Looper.loop() (Looper.java:164)
07-03 01:38:11.501 23800 23800 I zygote64:   at void android.app.ActivityThread.main(java.lang.String[]) (ActivityThread.java:6494)
07-03 01:38:11.501 23800 23800 I zygote64:   at java.lang.Object java.lang.reflect.Method.invoke(java.lang.Object, java.lang.Object[]) (Method.java:-2)
07-03 01:38:11.501 23800 23800 I zygote64:   at void com.android.internal.os.RuntimeInit$MethodAndArgsCaller.run() (RuntimeInit.java:438)
07-03 01:38:11.501 23800 23800 I zygote64:   at void com.android.internal.os.ZygoteInit.main(java.lang.String[]) (ZygoteInit.java:807)
07-03 01:38:11.501 23800 23800 I zygote64: 
07-03 01:38:11.861 23800 23800 V Repo    : /storage/emulated/0/Movies/raw
07-03 01:38:11.861 23800 23800 V Repo    : /storage/emulated/0/Movies/summarised
07-03 01:38:11.878 23800 23800 V FileManager: External storage is readable
07-03 01:38:11.880 23800 23800 V FileManager: Created new directory: /storage/emulated/0/Movies/raw
07-03 01:38:11.884 23800 23800 V FileManager: External storage is readable
07-03 01:38:11.886 23800 23800 V FileManager: Created new directory: /storage/emulated/0/Movies/summarised
07-03 01:38:11.891 23800 23800 V FileManager: External storage is readable
07-03 01:38:11.892 23800 23800 V FileManager: Created new directory: /storage/emulated/0/Download/nearby
07-03 01:38:11.897 23800 23800 V FileManager: External storage is readable
07-03 01:38:11.899 23800 23800 V FileManager: Created new directory: /storage/emulated/0/Movies/segment
07-03 01:38:11.905 23800 23800 V FileManager: External storage is readable
07-03 01:38:11.908 23800 23800 V FileManager: Created new directory: /storage/emulated/0/Movies/segment-sum
07-03 01:38:12.136 23800 23800 V VideoManager: getAllVideoFromExternalStorageFolder
07-03 01:38:12.142 23800 23800 D VideoManager: /storage/emulated/0/Movies/summarised
07-03 01:38:12.161 23800 23800 D VideoManager: 0 videos return
07-03 01:38:12.213 23800 23800 V VideoManager: getAllVideoFromExternalStorageFolder
07-03 01:38:12.218 23800 23800 D VideoManager: /storage/emulated/0/Movies/raw
07-03 01:38:12.231 23800 23800 D VideoManager: 0 videos return
07-03 01:38:12.302 23800 23827 D OpenGLRenderer: HWUI GL Pipeline
07-03 01:38:12.318 23800 23800 I TransferService: Starting Transfer Service to listen for network connectivity changes.
07-03 01:38:12.318 23800 23800 I TransferService: Registering the network receiver
07-03 01:38:12.323 23800 23800 E TransferService: No notification is passed in the intent. Unable to transition to foreground.
07-03 01:38:12.369 23800 23812 D MainActivity: Scanned /storage/emulated/0/Movies/raw
07-03 01:38:12.369 23800 23812 D MainActivity:   -> uri=content://media/external/file/7147
07-03 01:38:12.402 23800 23813 D MainActivity: Scanned /storage/emulated/0/Movies/summarised
07-03 01:38:12.402 23800 23813 D MainActivity:   -> uri=content://media/external/file/7148
07-03 01:38:12.481 23800 23827 I Adreno  : QUALCOMM build                   : 8e59954, I0be83d0d26
07-03 01:38:12.481 23800 23827 I Adreno  : Build Date                       : 09/22/17
07-03 01:38:12.481 23800 23827 I Adreno  : OpenGL ES Shader Compiler Version: EV031.21.02.00
07-03 01:38:12.481 23800 23827 I Adreno  : Local Branch                     : O17A
07-03 01:38:12.481 23800 23827 I Adreno  : Remote Branch                    : 
07-03 01:38:12.481 23800 23827 I Adreno  : Remote Branch                    : 
07-03 01:38:12.481 23800 23827 I Adreno  : Reconstruct Branch               : 
07-03 01:38:12.482 23800 23827 D vndksupport: Loading /vendor/lib64/hw/gralloc.msm8992.so from current namespace instead of sphal namespace.
07-03 01:38:12.491 23800 23827 I Adreno  : PFP: 0x00000000, ME: 0x00000000
07-03 01:38:12.498 23800 23827 I zygote64: android::hardware::configstore::V1_0::ISurfaceFlingerConfigs::hasWideColorDisplay retrieved: 0
07-03 01:38:12.499 23800 23827 I OpenGLRenderer: Initialized EGL, version 1.4
07-03 01:38:12.499 23800 23827 D OpenGLRenderer: Swap behavior 2
07-03 01:38:12.521 23800 23805 I zygote64: Do partial code cache collection, code=23KB, data=29KB
07-03 01:38:12.521 23800 23805 I zygote64: After code cache collection, code=23KB, data=29KB
07-03 01:38:12.521 23800 23805 I zygote64: Increasing code cache capacity to 128KB
07-03 01:38:12.531 23800 23800 I TransferNetworkLossHand: Network connectivity changed detected.
07-03 01:38:12.534 23800 23800 I TransferNetworkLossHand: Network connected: true
07-03 01:38:12.689 23800 23827 D vndksupport: Loading /vendor/lib64/hw/android.hardware.graphics.mapper@2.0-impl.so from current namespace instead of sphal namespace.
07-03 01:38:12.689 23800 23827 D vndksupport: Loading /vendor/lib64/hw/gralloc.msm8992.so from current namespace instead of sphal namespace.
07-03 01:38:17.103 23800 23800 V MainActivity: Connect button clicked
07-03 01:38:17.916 23800 23800 V ConnectionFragment: Advertisement switch checked
07-03 01:38:20.545 23800 23800 D NearbyFragment: Started advertising
07-03 01:38:30.519 23800 23800 D NearbyFragment: Initiated connection with EYKe: Galaxy S8 [2802]
07-03 01:38:30.650 23800 23805 I zygote64: Do partial code cache collection, code=55KB, data=58KB
07-03 01:38:30.650 23800 23805 I zygote64: After code cache collection, code=55KB, data=58KB
07-03 01:38:30.651 23800 23805 I zygote64: Increasing code cache capacity to 256KB
07-03 01:38:30.651 23800 23805 I zygote64: Compiler allocated 4MB to compile void android.view.View.<init>(android.content.Context, android.util.AttributeSet, int, int)
07-03 01:38:30.841 23800 23805 I zygote64: Do full code cache collection, code=117KB, data=100KB
07-03 01:38:30.841 23800 23805 I zygote64: After code cache collection, code=110KB, data=57KB
07-03 01:38:32.019 23800 23800 I NearbyFragment: Connected to Endpoint{id=EYKe, name=Galaxy S8 [2802]}
07-03 01:38:39.096 23800 23800 D NearbyFragment: Initiated connection with TOjw: Nexus 5 [1825]
07-03 01:38:39.326 23800 23805 I zygote64: Do partial code cache collection, code=124KB, data=89KB
07-03 01:38:39.327 23800 23805 I zygote64: After code cache collection, code=124KB, data=89KB
07-03 01:38:39.327 23800 23805 I zygote64: Increasing code cache capacity to 512KB
07-03 01:38:41.246 23800 23800 I NearbyFragment: Connected to Endpoint{id=TOjw, name=Nexus 5 [1825]}
07-03 01:38:48.716 23800 23800 D NearbyFragment: Initiated connection with OBJ7: Nexus 5X [9c8f]
07-03 01:38:50.378 23800 23800 I NearbyFragment: Connected to Endpoint{id=OBJ7, name=Nexus 5X [9c8f]}
07-03 01:38:50.455 23800 23805 I zygote64: Do full code cache collection, code=251KB, data=176KB
07-03 01:38:50.456 23800 23805 I zygote64: After code cache collection, code=250KB, data=140KB
07-03 01:38:52.511 23800 23800 V ConnectionFragment: Advertisement switch unchecked
07-03 01:38:52.511 23800 23800 D NearbyFragment: Stopped advertising
07-03 01:38:52.714 23800 23805 I zygote64: Do partial code cache collection, code=251KB, data=147KB
07-03 01:38:52.715 23800 23805 I zygote64: After code cache collection, code=251KB, data=147KB
07-03 01:38:52.715 23800 23805 I zygote64: Increasing code cache capacity to 1024KB
07-03 01:39:39.430 23800 23800 V ConnectionFragment: Auto-send switch checked
07-03 01:39:39.602 23800 23800 W NearbyFragment: Preferences:
07-03 01:39:39.602 23800 23800 W NearbyFragment:   Auto download: true
07-03 01:39:39.602 23800 23800 W NearbyFragment:   Algorithm: best_or_local
07-03 01:39:39.602 23800 23800 W NearbyFragment:   Fast scheduling: true
07-03 01:39:39.602 23800 23800 W NearbyFragment:   Segmentation: false
07-03 01:39:39.602 23800 23800 W NearbyFragment:   Auto segmentation: false
07-03 01:39:39.602 23800 23800 W NearbyFragment:   Segment number: 4
07-03 01:39:39.602 23800 23800 W NearbyFragment:   Noise tolerance: 45.00
07-03 01:39:39.602 23800 23800 W NearbyFragment:   Quality: 23
07-03 01:39:39.602 23800 23800 W NearbyFragment:   Speed: medium
07-03 01:39:39.602 23800 23800 W NearbyFragment:   Freeze duration: 1.00
07-03 01:39:39.603 23800 23800 W NearbyFragment: Download delay: 1s
07-03 01:39:39.603 23800 23800 W NearbyFragment: Started downloading from dashcam
07-03 01:39:39.604 23800 24002 V DownloadTestVideosTask: Starting DownloadTestVideosTask
07-03 01:39:39.608 23800 24002 V DashDownloadManager: Started downloading: 20200312_150643.mp4
07-03 01:39:39.621 23800 24002 D NetworkSecurityConfig: No Network Security Config specified, using platform default
07-03 01:40:03.794 23800 24002 V VideoManager: Retrieving video from /storage/emulated/0/Movies/raw/20200312_150643.mp4
07-03 01:40:03.829 23800 24002 D VideoManager: videoCursor is null
07-03 01:40:03.898 23800 24002 V VideoManager: videoFromCursor
07-03 01:40:03.907 23800 24002 W DashDownloadManager: Successfully downloaded 20200312_150643.mp4 in 24.167s
07-03 01:40:03.908 23800 24002 V DownloadTestVideosTask: Entering callback for download completion of 20200312_150643.mp4
07-03 01:40:03.915 23800 24002 V RawFootageEventHandler: onAdd
07-03 01:40:03.920 23800 24002 V NearbyFragment: nextTransfer with selected algorithm: best_or_local
07-03 01:40:03.929 23800 24002 W NearbyFragment: Sending 20200312_150643.mp4 to Galaxy S8 [2802]
07-03 01:40:03.951 23800 23800 V NearbyFragment: Transfer to EYKe: 100%
07-03 01:40:03.953 23800 23800 V NearbyFragment: Transfer to EYKe: 100%
07-03 01:40:03.959 23800 23800 V NearbyFragment: Transfer to EYKe: 0%
07-03 01:40:03.963 23800 23800 V NearbyFragment: Transfer to EYKe: 0%
07-03 01:40:03.966 23800 23800 V NearbyFragment: Transfer to EYKe: 0%
07-03 01:40:03.972 23800 23800 V NearbyFragment: Transfer to EYKe: 0%
07-03 01:40:03.976 23800 23800 V NearbyFragment: Transfer to EYKe: 0%
07-03 01:40:03.982 23800 23800 V NearbyFragment: Transfer to EYKe: 0%
07-03 01:40:03.984 23800 23800 V NearbyFragment: Transfer to EYKe: 0%
07-03 01:40:03.986 23800 23800 V NearbyFragment: Transfer to EYKe: 0%
07-03 01:40:03.990 23800 23800 V NearbyFragment: Transfer to EYKe: 0%
07-03 01:40:03.992 23800 23800 V NearbyFragment: Transfer to EYKe: 0%
07-03 01:40:03.995 23800 23800 V NearbyFragment: Transfer to EYKe: 1%
07-03 01:40:03.998 23800 23800 V NearbyFragment: Transfer to EYKe: 1%
07-03 01:40:04.003 23800 23800 V NearbyFragment: Transfer to EYKe: 1%
07-03 01:40:04.005 23800 23800 V NearbyFragment: Transfer to EYKe: 1%
07-03 01:40:04.006 23800 23800 V NearbyFragment: Transfer to EYKe: 1%
07-03 01:40:04.009 23800 23800 V NearbyFragment: Transfer to EYKe: 1%
07-03 01:40:04.011 23800 23800 V NearbyFragment: Transfer to EYKe: 1%
07-03 01:40:04.013 23800 23800 V NearbyFragment: Transfer to EYKe: 1%
07-03 01:40:04.016 23800 23800 V NearbyFragment: Transfer to EYKe: 1%
07-03 01:40:04.018 23800 23800 V NearbyFragment: Transfer to EYKe: 1%
07-03 01:40:04.020 23800 23800 V NearbyFragment: Transfer to EYKe: 1%
07-03 01:40:04.022 23800 23800 V NearbyFragment: Transfer to EYKe: 2%
07-03 01:40:04.025 23800 23800 V NearbyFragment: Transfer to EYKe: 2%
07-03 01:40:04.028 23800 23800 V NearbyFragment: Transfer to EYKe: 2%
07-03 01:40:04.030 23800 23800 V NearbyFragment: Transfer to EYKe: 2%
07-03 01:40:04.033 23800 23800 V NearbyFragment: Transfer to EYKe: 2%
07-03 01:40:04.036 23800 23800 V NearbyFragment: Transfer to EYKe: 2%
07-03 01:40:04.041 23800 23800 V NearbyFragment: Transfer to EYKe: 2%
07-03 01:40:04.043 23800 23800 V NearbyFragment: Transfer to EYKe: 2%
07-03 01:40:04.044 23800 23800 V NearbyFragment: Transfer to EYKe: 2%
07-03 01:40:04.046 23800 23800 V NearbyFragment: Transfer to EYKe: 2%
07-03 01:40:04.048 23800 23800 V NearbyFragment: Transfer to EYKe: 2%
07-03 01:40:04.050 23800 23800 V NearbyFragment: Transfer to EYKe: 3%
07-03 01:40:04.054 23800 23800 V NearbyFragment: Transfer to EYKe: 3%
07-03 01:40:04.056 23800 23800 V NearbyFragment: Transfer to EYKe: 3%
07-03 01:40:04.058 23800 23800 V NearbyFragment: Transfer to EYKe: 3%
07-03 01:40:04.059 23800 23800 V NearbyFragment: Transfer to EYKe: 3%
07-03 01:40:04.059 23800 23800 V NearbyFragment: Transfer to EYKe: 3%
07-03 01:40:04.060 23800 23800 V NearbyFragment: Transfer to EYKe: 3%
07-03 01:40:04.063 23800 23800 V NearbyFragment: Transfer to EYKe: 3%
07-03 01:40:04.065 23800 23800 V NearbyFragment: Transfer to EYKe: 3%
07-03 01:40:04.068 23800 23800 V NearbyFragment: Transfer to EYKe: 3%
07-03 01:40:04.070 23800 23800 V NearbyFragment: Transfer to EYKe: 4%
07-03 01:40:04.072 23800 23800 V NearbyFragment: Transfer to EYKe: 4%
07-03 01:40:04.075 23800 23800 V NearbyFragment: Transfer to EYKe: 4%
07-03 01:40:04.077 23800 23800 V NearbyFragment: Transfer to EYKe: 4%
07-03 01:40:04.079 23800 23800 V NearbyFragment: Transfer to EYKe: 4%
07-03 01:40:04.082 23800 23800 V NearbyFragment: Transfer to EYKe: 4%
07-03 01:40:04.084 23800 23800 V NearbyFragment: Transfer to EYKe: 4%
07-03 01:40:04.086 23800 23800 V NearbyFragment: Transfer to EYKe: 4%
07-03 01:40:04.089 23800 23800 V NearbyFragment: Transfer to EYKe: 4%
07-03 01:40:04.093 23800 23800 V NearbyFragment: Transfer to EYKe: 4%
07-03 01:40:04.095 23800 23800 V NearbyFragment: Transfer to EYKe: 4%
07-03 01:40:04.098 23800 23800 V NearbyFragment: Transfer to EYKe: 5%
07-03 01:40:04.099 23800 23800 V NearbyFragment: Transfer to EYKe: 5%
07-03 01:40:04.104 23800 23800 V NearbyFragment: Transfer to EYKe: 5%
07-03 01:40:04.105 23800 23800 V NearbyFragment: Transfer to EYKe: 5%
07-03 01:40:04.108 23800 23800 V NearbyFragment: Transfer to EYKe: 5%
07-03 01:40:04.109 23800 23800 V NearbyFragment: Transfer to EYKe: 5%
07-03 01:40:04.113 23800 23800 V NearbyFragment: Transfer to EYKe: 5%
07-03 01:40:04.116 23800 23800 V NearbyFragment: Transfer to EYKe: 5%
07-03 01:40:04.119 23800 23800 V NearbyFragment: Transfer to EYKe: 5%
07-03 01:40:04.120 23800 23800 V NearbyFragment: Transfer to EYKe: 5%
07-03 01:40:04.122 23800 23800 V NearbyFragment: Transfer to EYKe: 5%
07-03 01:40:04.124 23800 23800 V NearbyFragment: Transfer to EYKe: 6%
07-03 01:40:04.128 23800 23800 V NearbyFragment: Transfer to EYKe: 6%
07-03 01:40:04.131 23800 23800 V NearbyFragment: Transfer to EYKe: 6%
07-03 01:40:04.132 23800 23800 V NearbyFragment: Transfer to EYKe: 6%
07-03 01:40:04.135 23800 23800 V NearbyFragment: Transfer to EYKe: 6%
07-03 01:40:04.137 23800 23800 V NearbyFragment: Transfer to EYKe: 6%
07-03 01:40:04.140 23800 23800 V NearbyFragment: Transfer to EYKe: 6%
07-03 01:40:04.141 23800 23800 V NearbyFragment: Transfer to EYKe: 6%
07-03 01:40:04.249 23800 23800 V NearbyFragment: Transfer to EYKe: 6%
07-03 01:40:04.251 23800 23800 V NearbyFragment: Transfer to EYKe: 6%
07-03 01:40:04.253 23800 23800 V NearbyFragment: Transfer to EYKe: 7%
07-03 01:40:04.255 23800 23800 V NearbyFragment: Transfer to EYKe: 7%
07-03 01:40:04.258 23800 23800 V NearbyFragment: Transfer to EYKe: 7%
07-03 01:40:04.259 23800 23800 V NearbyFragment: Transfer to EYKe: 7%
07-03 01:40:04.261 23800 23800 V NearbyFragment: Transfer to EYKe: 7%
07-03 01:40:04.264 23800 23800 V NearbyFragment: Transfer to EYKe: 7%
07-03 01:40:04.266 23800 23800 V NearbyFragment: Transfer to EYKe: 7%
07-03 01:40:04.268 23800 23800 V NearbyFragment: Transfer to EYKe: 7%
07-03 01:40:04.270 23800 23800 V NearbyFragment: Transfer to EYKe: 7%
07-03 01:40:04.272 23800 23800 V NearbyFragment: Transfer to EYKe: 7%
07-03 01:40:04.273 23800 23800 V NearbyFragment: Transfer to EYKe: 7%
07-03 01:40:04.276 23800 23800 V NearbyFragment: Transfer to EYKe: 8%
07-03 01:40:04.278 23800 23800 V NearbyFragment: Transfer to EYKe: 8%
07-03 01:40:04.279 23800 23800 V NearbyFragment: Transfer to EYKe: 8%
07-03 01:40:04.281 23800 23800 V NearbyFragment: Transfer to EYKe: 8%
07-03 01:40:04.283 23800 23800 V NearbyFragment: Transfer to EYKe: 8%
07-03 01:40:04.285 23800 23800 V NearbyFragment: Transfer to EYKe: 8%
07-03 01:40:04.287 23800 23800 V NearbyFragment: Transfer to EYKe: 8%
07-03 01:40:04.289 23800 23800 V NearbyFragment: Transfer to EYKe: 8%
07-03 01:40:04.291 23800 23800 V NearbyFragment: Transfer to EYKe: 8%
07-03 01:40:04.292 23800 23800 V NearbyFragment: Transfer to EYKe: 8%
07-03 01:40:04.295 23800 23800 V NearbyFragment: Transfer to EYKe: 8%
07-03 01:40:04.299 23800 23800 V NearbyFragment: Transfer to EYKe: 9%
07-03 01:40:04.301 23800 23800 V NearbyFragment: Transfer to EYKe: 9%
07-03 01:40:04.303 23800 23800 V NearbyFragment: Transfer to EYKe: 9%
07-03 01:40:04.305 23800 23800 V NearbyFragment: Transfer to EYKe: 9%
07-03 01:40:04.307 23800 23800 V NearbyFragment: Transfer to EYKe: 9%
07-03 01:40:04.309 23800 23800 V NearbyFragment: Transfer to EYKe: 9%
07-03 01:40:04.313 23800 23800 V NearbyFragment: Transfer to EYKe: 9%
07-03 01:40:04.315 23800 23800 V NearbyFragment: Transfer to EYKe: 9%
07-03 01:40:04.419 23800 23800 V NearbyFragment: Transfer to EYKe: 9%
07-03 01:40:04.421 23800 23800 V NearbyFragment: Transfer to EYKe: 9%
07-03 01:40:04.423 23800 23800 V NearbyFragment: Transfer to EYKe: 10%
07-03 01:40:04.425 23800 23800 V NearbyFragment: Transfer to EYKe: 10%
07-03 01:40:04.426 23800 23800 V NearbyFragment: Transfer to EYKe: 10%
07-03 01:40:04.430 23800 23800 V NearbyFragment: Transfer to EYKe: 10%
07-03 01:40:04.431 23800 23800 V NearbyFragment: Transfer to EYKe: 10%
07-03 01:40:04.433 23800 23800 V NearbyFragment: Transfer to EYKe: 10%
07-03 01:40:04.435 23800 23800 V NearbyFragment: Transfer to EYKe: 10%
07-03 01:40:04.438 23800 23800 V NearbyFragment: Transfer to EYKe: 10%
07-03 01:40:04.440 23800 23800 V NearbyFragment: Transfer to EYKe: 10%
07-03 01:40:04.442 23800 23800 V NearbyFragment: Transfer to EYKe: 10%
07-03 01:40:04.444 23800 23800 V NearbyFragment: Transfer to EYKe: 10%
07-03 01:40:04.446 23800 23800 V NearbyFragment: Transfer to EYKe: 11%
07-03 01:40:04.448 23800 23800 V NearbyFragment: Transfer to EYKe: 11%
07-03 01:40:04.452 23800 23800 V NearbyFragment: Transfer to EYKe: 11%
07-03 01:40:04.454 23800 23800 V NearbyFragment: Transfer to EYKe: 11%
07-03 01:40:04.455 23800 23800 V NearbyFragment: Transfer to EYKe: 11%
07-03 01:40:04.457 23800 23800 V NearbyFragment: Transfer to EYKe: 11%
07-03 01:40:04.459 23800 23800 V NearbyFragment: Transfer to EYKe: 11%
07-03 01:40:04.462 23800 23800 V NearbyFragment: Transfer to EYKe: 11%
07-03 01:40:04.463 23800 23800 V NearbyFragment: Transfer to EYKe: 11%
07-03 01:40:04.464 23800 23800 V NearbyFragment: Transfer to EYKe: 11%
07-03 01:40:04.468 23800 23800 V NearbyFragment: Transfer to EYKe: 11%
07-03 01:40:04.470 23800 23800 V NearbyFragment: Transfer to EYKe: 12%
07-03 01:40:04.472 23800 23800 V NearbyFragment: Transfer to EYKe: 12%
07-03 01:40:04.475 23800 23800 V NearbyFragment: Transfer to EYKe: 12%
07-03 01:40:04.478 23800 23800 V NearbyFragment: Transfer to EYKe: 12%
07-03 01:40:04.480 23800 23800 V NearbyFragment: Transfer to EYKe: 12%
07-03 01:40:04.482 23800 23800 V NearbyFragment: Transfer to EYKe: 12%
07-03 01:40:04.484 23800 23800 V NearbyFragment: Transfer to EYKe: 12%
07-03 01:40:04.487 23800 23800 V NearbyFragment: Transfer to EYKe: 12%
07-03 01:40:04.488 23800 23800 V NearbyFragment: Transfer to EYKe: 12%
07-03 01:40:04.491 23800 23800 V NearbyFragment: Transfer to EYKe: 12%
07-03 01:40:04.493 23800 23800 V NearbyFragment: Transfer to EYKe: 13%
07-03 01:40:04.495 23800 23800 V NearbyFragment: Transfer to EYKe: 13%
07-03 01:40:04.772 23800 23800 V NearbyFragment: Transfer to EYKe: 13%
07-03 01:40:04.774 23800 23800 V NearbyFragment: Transfer to EYKe: 13%
07-03 01:40:04.784 23800 23800 V NearbyFragment: Transfer to EYKe: 13%
07-03 01:40:04.790 23800 23800 V NearbyFragment: Transfer to EYKe: 13%
07-03 01:40:04.792 23800 23800 V NearbyFragment: Transfer to EYKe: 13%
07-03 01:40:04.795 23800 23800 V NearbyFragment: Transfer to EYKe: 13%
07-03 01:40:04.796 23800 23800 V NearbyFragment: Transfer to EYKe: 13%
07-03 01:40:04.803 23800 23800 V NearbyFragment: Transfer to EYKe: 13%
07-03 01:40:04.804 23800 23800 V NearbyFragment: Transfer to EYKe: 13%
07-03 01:40:04.806 23800 23800 V NearbyFragment: Transfer to EYKe: 14%
07-03 01:40:04.811 23800 23800 V NearbyFragment: Transfer to EYKe: 14%
07-03 01:40:04.815 23800 23800 V NearbyFragment: Transfer to EYKe: 14%
07-03 01:40:04.817 23800 23800 V NearbyFragment: Transfer to EYKe: 14%
07-03 01:40:04.819 23800 23800 V NearbyFragment: Transfer to EYKe: 14%
07-03 01:40:04.822 23800 23800 V NearbyFragment: Transfer to EYKe: 14%
07-03 01:40:04.824 23800 23800 V NearbyFragment: Transfer to EYKe: 14%
07-03 01:40:04.828 23800 23800 V NearbyFragment: Transfer to EYKe: 14%
07-03 01:40:04.831 23800 23800 V NearbyFragment: Transfer to EYKe: 14%
07-03 01:40:04.835 23800 23800 V NearbyFragment: Transfer to EYKe: 14%
07-03 01:40:04.837 23800 23800 V NearbyFragment: Transfer to EYKe: 14%
07-03 01:40:04.839 23800 23800 V NearbyFragment: Transfer to EYKe: 15%
07-03 01:40:04.841 23800 23800 V NearbyFragment: Transfer to EYKe: 15%
07-03 01:40:04.843 23800 23800 V NearbyFragment: Transfer to EYKe: 15%
07-03 01:40:04.845 23800 23800 V NearbyFragment: Transfer to EYKe: 15%
07-03 01:40:04.847 23800 23800 V NearbyFragment: Transfer to EYKe: 15%
07-03 01:40:04.849 23800 23800 V NearbyFragment: Transfer to EYKe: 15%
07-03 01:40:04.852 23800 23800 V NearbyFragment: Transfer to EYKe: 15%
07-03 01:40:04.862 23800 23800 V NearbyFragment: Transfer to EYKe: 15%
07-03 01:40:04.873 23800 23800 V NearbyFragment: Transfer to EYKe: 15%
07-03 01:40:04.874 23800 23800 V NearbyFragment: Transfer to EYKe: 15%
07-03 01:40:04.874 23800 23800 V NearbyFragment: Transfer to EYKe: 16%
07-03 01:40:04.875 23800 23800 V NearbyFragment: Transfer to EYKe: 16%
07-03 01:40:04.876 23800 23800 V NearbyFragment: Transfer to EYKe: 16%
07-03 01:40:04.877 23800 23800 V NearbyFragment: Transfer to EYKe: 16%
07-03 01:40:04.879 23800 23800 V NearbyFragment: Transfer to EYKe: 16%
07-03 01:40:04.881 23800 23800 V NearbyFragment: Transfer to EYKe: 16%
07-03 01:40:04.882 23800 23800 V NearbyFragment: Transfer to EYKe: 16%
07-03 01:40:04.884 23800 23800 V NearbyFragment: Transfer to EYKe: 16%
07-03 01:40:04.886 23800 23800 V NearbyFragment: Transfer to EYKe: 16%
07-03 01:40:04.888 23800 23800 V NearbyFragment: Transfer to EYKe: 16%
07-03 01:40:04.937 23800 24002 V DownloadTestVideosTask: Starting DownloadTestVideosTask
07-03 01:40:04.940 23800 24002 V DashDownloadManager: Started downloading: 20200312_150744.mp4
07-03 01:40:05.008 23800 23800 V NearbyFragment: Transfer to EYKe: 16%
07-03 01:40:05.013 23800 23800 V NearbyFragment: Transfer to EYKe: 17%
07-03 01:40:05.017 23800 23800 V NearbyFragment: Transfer to EYKe: 17%
07-03 01:40:05.020 23800 23800 V NearbyFragment: Transfer to EYKe: 17%
07-03 01:40:05.027 23800 23800 V NearbyFragment: Transfer to EYKe: 17%
07-03 01:40:05.027 23800 23800 V NearbyFragment: Transfer to EYKe: 17%
07-03 01:40:05.030 23800 23800 V NearbyFragment: Transfer to EYKe: 17%
07-03 01:40:05.032 23800 23800 V NearbyFragment: Transfer to EYKe: 17%
07-03 01:40:05.034 23800 23800 V NearbyFragment: Transfer to EYKe: 17%
07-03 01:40:05.037 23800 23800 V NearbyFragment: Transfer to EYKe: 17%
07-03 01:40:05.039 23800 23800 V NearbyFragment: Transfer to EYKe: 17%
07-03 01:40:05.041 23800 23800 V NearbyFragment: Transfer to EYKe: 17%
07-03 01:40:05.045 23800 23800 V NearbyFragment: Transfer to EYKe: 18%
07-03 01:40:05.047 23800 23800 V NearbyFragment: Transfer to EYKe: 18%
07-03 01:40:05.050 23800 23800 V NearbyFragment: Transfer to EYKe: 18%
07-03 01:40:05.052 23800 23800 V NearbyFragment: Transfer to EYKe: 18%
07-03 01:40:05.054 23800 23800 V NearbyFragment: Transfer to EYKe: 18%
07-03 01:40:05.056 23800 23800 V NearbyFragment: Transfer to EYKe: 18%
07-03 01:40:05.058 23800 23800 V NearbyFragment: Transfer to EYKe: 18%
07-03 01:40:05.060 23800 23800 V NearbyFragment: Transfer to EYKe: 18%
07-03 01:40:05.064 23800 23800 V NearbyFragment: Transfer to EYKe: 18%
07-03 01:40:05.064 23800 23800 V NearbyFragment: Transfer to EYKe: 18%
07-03 01:40:05.066 23800 23800 V NearbyFragment: Transfer to EYKe: 19%
07-03 01:40:05.068 23800 23800 V NearbyFragment: Transfer to EYKe: 19%
07-03 01:40:05.070 23800 23800 V NearbyFragment: Transfer to EYKe: 19%
07-03 01:40:05.072 23800 23800 V NearbyFragment: Transfer to EYKe: 19%
07-03 01:40:05.073 23800 23800 V NearbyFragment: Transfer to EYKe: 19%
07-03 01:40:05.075 23800 23800 V NearbyFragment: Transfer to EYKe: 19%
07-03 01:40:05.078 23800 23800 V NearbyFragment: Transfer to EYKe: 19%
07-03 01:40:05.079 23800 23800 V NearbyFragment: Transfer to EYKe: 19%
07-03 01:40:05.085 23800 23800 V NearbyFragment: Transfer to EYKe: 19%
07-03 01:40:05.087 23800 23800 V NearbyFragment: Transfer to EYKe: 19%
07-03 01:40:05.090 23800 23800 V NearbyFragment: Transfer to EYKe: 19%
07-03 01:40:05.092 23800 23800 V NearbyFragment: Transfer to EYKe: 20%
07-03 01:40:05.093 23800 23800 V NearbyFragment: Transfer to EYKe: 20%
07-03 01:40:05.095 23800 23800 V NearbyFragment: Transfer to EYKe: 20%
07-03 01:40:05.097 23800 23800 V NearbyFragment: Transfer to EYKe: 20%
07-03 01:40:05.099 23800 23800 V NearbyFragment: Transfer to EYKe: 20%
07-03 01:40:05.101 23800 23800 V NearbyFragment: Transfer to EYKe: 20%
07-03 01:40:05.228 23800 23800 V NearbyFragment: Transfer to EYKe: 20%
07-03 01:40:05.231 23800 23800 V NearbyFragment: Transfer to EYKe: 20%
07-03 01:40:05.232 23800 23800 V NearbyFragment: Transfer to EYKe: 20%
07-03 01:40:05.235 23800 23800 V NearbyFragment: Transfer to EYKe: 20%
07-03 01:40:05.240 23800 23800 V NearbyFragment: Transfer to EYKe: 20%
07-03 01:40:05.244 23800 23800 V NearbyFragment: Transfer to EYKe: 21%
07-03 01:40:05.247 23800 23800 V NearbyFragment: Transfer to EYKe: 21%
07-03 01:40:05.249 23800 23800 V NearbyFragment: Transfer to EYKe: 21%
07-03 01:40:05.252 23800 23800 V NearbyFragment: Transfer to EYKe: 21%
07-03 01:40:05.255 23800 23800 V NearbyFragment: Transfer to EYKe: 21%
07-03 01:40:05.261 23800 23800 V NearbyFragment: Transfer to EYKe: 21%
07-03 01:40:05.263 23800 23800 V NearbyFragment: Transfer to EYKe: 21%
07-03 01:40:05.265 23800 23800 V NearbyFragment: Transfer to EYKe: 21%
07-03 01:40:05.269 23800 23800 V NearbyFragment: Transfer to EYKe: 21%
07-03 01:40:05.270 23800 23800 V NearbyFragment: Transfer to EYKe: 21%
07-03 01:40:05.273 23800 23800 V NearbyFragment: Transfer to EYKe: 22%
07-03 01:40:05.274 23800 23800 V NearbyFragment: Transfer to EYKe: 22%
07-03 01:40:05.278 23800 23800 V NearbyFragment: Transfer to EYKe: 22%
07-03 01:40:05.280 23800 23800 V NearbyFragment: Transfer to EYKe: 22%
07-03 01:40:05.282 23800 23800 V NearbyFragment: Transfer to EYKe: 22%
07-03 01:40:05.284 23800 23800 V NearbyFragment: Transfer to EYKe: 22%
07-03 01:40:05.286 23800 23800 V NearbyFragment: Transfer to EYKe: 22%
07-03 01:40:05.287 23800 23800 V NearbyFragment: Transfer to EYKe: 22%
07-03 01:40:05.289 23800 23800 V NearbyFragment: Transfer to EYKe: 22%
07-03 01:40:05.292 23800 23800 V NearbyFragment: Transfer to EYKe: 22%
07-03 01:40:05.294 23800 23800 V NearbyFragment: Transfer to EYKe: 22%
07-03 01:40:05.296 23800 23800 V NearbyFragment: Transfer to EYKe: 23%
07-03 01:40:05.297 23800 23800 V NearbyFragment: Transfer to EYKe: 23%
07-03 01:40:05.300 23800 23800 V NearbyFragment: Transfer to EYKe: 23%
07-03 01:40:05.301 23800 23800 V NearbyFragment: Transfer to EYKe: 23%
07-03 01:40:05.305 23800 23800 V NearbyFragment: Transfer to EYKe: 23%
07-03 01:40:05.307 23800 23800 V NearbyFragment: Transfer to EYKe: 23%
07-03 01:40:05.309 23800 23800 V NearbyFragment: Transfer to EYKe: 23%
07-03 01:40:05.547 23800 23800 V NearbyFragment: Transfer to EYKe: 23%
07-03 01:40:05.557 23800 23800 V NearbyFragment: Transfer to EYKe: 23%
07-03 01:40:05.558 23800 23800 V NearbyFragment: Transfer to EYKe: 23%
07-03 01:40:05.565 23800 23800 V NearbyFragment: Transfer to EYKe: 23%
07-03 01:40:05.571 23800 23800 V NearbyFragment: Transfer to EYKe: 24%
07-03 01:40:05.575 23800 23800 V NearbyFragment: Transfer to EYKe: 24%
07-03 01:40:05.577 23800 23800 V NearbyFragment: Transfer to EYKe: 24%
07-03 01:40:05.579 23800 23800 V NearbyFragment: Transfer to EYKe: 24%
07-03 01:40:05.582 23800 23800 V NearbyFragment: Transfer to EYKe: 24%
07-03 01:40:05.584 23800 23800 V NearbyFragment: Transfer to EYKe: 24%
07-03 01:40:05.586 23800 23800 V NearbyFragment: Transfer to EYKe: 24%
07-03 01:40:05.588 23800 23800 V NearbyFragment: Transfer to EYKe: 24%
07-03 01:40:05.591 23800 23800 V NearbyFragment: Transfer to EYKe: 24%
07-03 01:40:05.593 23800 23800 V NearbyFragment: Transfer to EYKe: 24%
