--------- beginning of main
07-03 01:37:56.082 22703 22703 E Zygote  : isWhitelistProcess - Process is Whitelisted
07-03 01:37:56.085 22703 22703 E Zygote  : accessInfo : 1
07-03 01:37:56.099 22703 22703 I example.edgesu: Late-enabling -Xcheck:jni
--------- beginning of system
07-03 01:37:57.633 22703 22703 I ActivityThread: handleStopService: token=android.os.BinderProxy@4439f4d not found.
07-03 01:37:57.643 22703 22703 I TransferService: Starting Transfer Service to listen for network connectivity changes.
07-03 01:37:57.649 22703 22703 W LogFactory: Truncating log tag length as it exceed 23, the limit imposed by Android on certain API Levels
07-03 01:37:57.744 22703 22703 I TransferService: Registering the network receiver
07-03 01:37:57.750 22703 22703 I TransferService: Moving the service out of the Foreground state.
07-03 01:37:57.752 22703 22703 I TransferService: De-registering the network receiver.
07-03 01:38:13.383 22703 22703 W ActivityThread: handleWindowVisibility: no activity for token android.os.BinderProxy@151475a
07-03 01:38:13.396 22703 22736 D vndksupport: Loading /vendor/lib64/egl/libGLES_mali.so from current namespace instead of sphal namespace.
07-03 01:38:13.419 22703 22736 D libEGL  : loaded /vendor/lib64/egl/libGLES_mali.so
07-03 01:38:13.466 22703 22703 W example.edgesu: Accessing hidden method Landroid/graphics/drawable/Drawable;->getOpticalInsets()Landroid/graphics/Insets; (light greylist, linking)
07-03 01:38:13.466 22703 22703 W example.edgesu: Accessing hidden field Landroid/graphics/Insets;->left:I (light greylist, linking)
07-03 01:38:13.466 22703 22703 W example.edgesu: Accessing hidden field Landroid/graphics/Insets;->right:I (light greylist, linking)
07-03 01:38:13.466 22703 22703 W example.edgesu: Accessing hidden field Landroid/graphics/Insets;->top:I (light greylist, linking)
07-03 01:38:13.466 22703 22703 W example.edgesu: Accessing hidden field Landroid/graphics/Insets;->bottom:I (light greylist, linking)
07-03 01:38:13.485 22703 22703 I DecorView: createDecorCaptionView >> DecorView@ecc5c5f[], isFloating: false, isApplication: true, hasWindowDecorCaption: false, hasWindowControllerCallback: true
07-03 01:38:13.514 22703 22703 W example.edgesu: Accessing hidden method Landroid/view/View;->computeFitSystemWindows(Landroid/graphics/Rect;Landroid/graphics/Rect;)Z (light greylist, reflection)
07-03 01:38:13.515 22703 22703 W example.edgesu: Accessing hidden method Landroid/view/ViewGroup;->makeOptionalFitsSystemWindows()V (light greylist, reflection)
07-03 01:38:13.620 22703 22703 W example.edgesu: Accessing hidden method Landroid/widget/TextView;->getTextDirectionHeuristic()Landroid/text/TextDirectionHeuristic; (light greylist, linking)
07-03 01:38:13.630 22703 22703 W example.edgesu: Accessing hidden field Landroid/view/View;->mAccessibilityDelegate:Landroid/view/View$AccessibilityDelegate; (light greylist, reflection)
07-03 01:38:13.694 22703 22703 V Repo    : /storage/emulated/0/Movies/raw
07-03 01:38:13.694 22703 22703 V Repo    : /storage/emulated/0/Movies/summarised
07-03 01:38:13.721 22703 22703 V FileManager: External storage is readable
07-03 01:38:13.722 22703 22703 V FileManager: Created new directory: /storage/emulated/0/Movies/raw
07-03 01:38:13.725 22703 22703 V FileManager: External storage is readable
07-03 01:38:13.726 22703 22703 V FileManager: Created new directory: /storage/emulated/0/Movies/summarised
07-03 01:38:13.727 22703 22703 V FileManager: External storage is readable
07-03 01:38:13.728 22703 22703 V FileManager: Created new directory: /storage/emulated/0/Download/nearby
07-03 01:38:13.730 22703 22703 V FileManager: External storage is readable
07-03 01:38:13.731 22703 22703 V FileManager: Created new directory: /storage/emulated/0/Movies/segment
07-03 01:38:13.732 22703 22703 V FileManager: External storage is readable
07-03 01:38:13.732 22703 22703 V FileManager: Created new directory: /storage/emulated/0/Movies/segment-sum
07-03 01:38:13.867 22703 22703 V VideoManager: getAllVideoFromExternalStorageFolder
07-03 01:38:13.869 22703 22703 D VideoManager: /storage/emulated/0/Movies/summarised
07-03 01:38:13.883 22703 22703 D VideoManager: 0 videos return
07-03 01:38:13.913 22703 22703 V VideoManager: getAllVideoFromExternalStorageFolder
07-03 01:38:13.914 22703 22703 D VideoManager: /storage/emulated/0/Movies/raw
07-03 01:38:13.919 22703 22703 D VideoManager: 0 videos return
07-03 01:38:13.943 22703 22703 D OpenGLRenderer: Skia GL Pipeline
07-03 01:38:13.946 22703 22703 D EmergencyMode: [EmergencyManager] android createPackageContext successful
07-03 01:38:13.959 22703 22703 D InputTransport: Input channel constructed: fd=64
07-03 01:38:13.960 22703 22703 D ViewRootImpl@89f2283[MainActivity]: setView = DecorView@ecc5c5f[MainActivity] TM=true MM=false
07-03 01:38:13.964 22703 22703 I TransferService: Starting Transfer Service to listen for network connectivity changes.
07-03 01:38:13.964 22703 22703 I TransferService: Registering the network receiver
07-03 01:38:13.966 22703 22703 E TransferService: No notification is passed in the intent. Unable to transition to foreground.
07-03 01:38:14.001 22703 22703 D ViewRootImpl@89f2283[MainActivity]: dispatchAttachedToWindow
07-03 01:38:14.010 22703 22717 D MainActivity: Scanned /storage/emulated/0/Movies/raw
07-03 01:38:14.010 22703 22717 D MainActivity:   -> uri=content://media/external/file/137581
07-03 01:38:14.017 22703 22703 W StaticLayout: maxLineHeight should not be -1.  maxLines:1 lineCount:1
07-03 01:38:14.027 22703 22703 W StaticLayout: maxLineHeight should not be -1.  maxLines:1 lineCount:1
07-03 01:38:14.031 22703 22703 W StaticLayout: maxLineHeight should not be -1.  maxLines:1 lineCount:1
07-03 01:38:14.034 22703 22717 D MainActivity: Scanned /storage/emulated/0/Movies/summarised
07-03 01:38:14.034 22703 22717 D MainActivity:   -> uri=content://media/external/file/137582
07-03 01:38:14.035 22703 22703 W StaticLayout: maxLineHeight should not be -1.  maxLines:1 lineCount:1
07-03 01:38:14.044 22703 22703 D ViewRootImpl@89f2283[MainActivity]: Relayout returned: old=[0,0][720,1480] new=[0,0][720,1480] result=0x7 surface={valid=true 482066923520} changed=true
07-03 01:38:14.051 22703 22741 I ConfigStore: android::hardware::configstore::V1_0::ISurfaceFlingerConfigs::hasWideColorDisplay retrieved: 0
07-03 01:38:14.051 22703 22741 I ConfigStore: android::hardware::configstore::V1_0::ISurfaceFlingerConfigs::hasHDRDisplay retrieved: 0
07-03 01:38:14.051 22703 22741 I OpenGLRenderer: Initialized EGL, version 1.4
07-03 01:38:14.051 22703 22741 D OpenGLRenderer: Swap behavior 2
07-03 01:38:14.053 22703 22703 W StaticLayout: maxLineHeight should not be -1.  maxLines:1 lineCount:1
07-03 01:38:14.057 22703 22703 W StaticLayout: maxLineHeight should not be -1.  maxLines:1 lineCount:1
07-03 01:38:14.060 22703 22741 D mali_winsys: EGLint new_window_surface(egl_winsys_display *, void *, EGLSurface, EGLConfig, egl_winsys_surface **, EGLBoolean) returns 0x3000
07-03 01:38:14.060 22703 22741 D OpenGLRenderer: eglCreateWindowSurface = 0x7024dc0900, 0x703d6d8010
07-03 01:38:14.067 22703 22703 I TransferNetworkLossHand: Network connectivity changed detected.
07-03 01:38:14.067 22703 22703 I TransferNetworkLossHand: Network connected: false
07-03 01:38:14.141 22703 22741 D vndksupport: Loading /vendor/lib64/hw/android.hardware.graphics.mapper@2.0-impl.so from current namespace instead of sphal namespace.
07-03 01:38:14.161 22703 22703 D ViewRootImpl@89f2283[MainActivity]: MSG_RESIZED: frame=Rect(0, 0 - 720, 1480) ci=Rect(0, 48 - 0, 96) vi=Rect(0, 48 - 0, 96) or=1
07-03 01:38:14.163 22703 22703 D ViewRootImpl@89f2283[MainActivity]: setWindowStopped(false) old=false
07-03 01:38:14.169 22703 22703 D ViewRootImpl@89f2283[MainActivity]: MSG_WINDOW_FOCUS_CHANGED 1 1
07-03 01:38:14.169 22703 22703 D InputMethodManager: prepareNavigationBarInfo() DecorView@ecc5c5f[MainActivity]
07-03 01:38:14.169 22703 22703 D InputMethodManager: getNavigationBarColor() -855310
07-03 01:38:14.174 22703 22703 D InputMethodManager: prepareNavigationBarInfo() DecorView@ecc5c5f[MainActivity]
07-03 01:38:14.174 22703 22703 D InputMethodManager: getNavigationBarColor() -855310
07-03 01:38:14.174 22703 22703 V InputMethodManager: Starting input: tba=com.example.edgesum ic=null mNaviBarColor -855310 mIsGetNaviBarColorSuccess true , NavVisible : true , NavTrans : false
07-03 01:38:14.175 22703 22703 D InputMethodManager: startInputInner - Id : 0
07-03 01:38:14.175 22703 22703 I InputMethodManager: startInputInner - mService.startInputOrWindowGainedFocus
07-03 01:38:14.179 22703 22717 D InputTransport: Input channel constructed: fd=74
07-03 01:38:14.211 22703 22703 D InputMethodManager: prepareNavigationBarInfo() DecorView@ecc5c5f[MainActivity]
07-03 01:38:14.211 22703 22703 D InputMethodManager: getNavigationBarColor() -855310
07-03 01:38:14.211 22703 22703 V InputMethodManager: Starting input: tba=com.example.edgesum ic=null mNaviBarColor -855310 mIsGetNaviBarColorSuccess true , NavVisible : true , NavTrans : false
07-03 01:38:14.211 22703 22703 D InputMethodManager: startInputInner - Id : 0
07-03 01:38:20.179 22703 22703 D ViewRootImpl@89f2283[MainActivity]: ViewPostIme pointer 0
07-03 01:38:20.261 22703 22703 D ViewRootImpl@89f2283[MainActivity]: ViewPostIme pointer 1
07-03 01:38:20.285 22703 22703 V MainActivity: Connect button clicked
07-03 01:38:21.729 22703 22703 D ViewRootImpl@89f2283[MainActivity]: ViewPostIme pointer 0
07-03 01:38:21.820 22703 22703 D ViewRootImpl@89f2283[MainActivity]: ViewPostIme pointer 1
07-03 01:38:21.828 22703 22703 V ConnectionFragment: Discovery switch checked
07-03 01:38:23.064 22703 22703 D NearbyFragment: Started discovering
07-03 01:38:24.969 22703 22703 D NearbyFragment: Found endpoint 1NpN: Nexus 5X [34d8]
07-03 01:38:25.025 22703 22703 W example.edgesu: Accessing hidden method Landroid/graphics/FontFamily;-><init>()V (light greylist, reflection)
07-03 01:38:25.025 22703 22703 W example.edgesu: Accessing hidden method Landroid/graphics/FontFamily;->addFontFromAssetManager(Landroid/content/res/AssetManager;Ljava/lang/String;IZIII[Landroid/graphics/fonts/FontVariationAxis;)Z (light greylist, reflection)
07-03 01:38:25.030 22703 22703 W example.edgesu: Accessing hidden method Landroid/graphics/FontFamily;->addFontFromBuffer(Ljava/nio/ByteBuffer;I[Landroid/graphics/fonts/FontVariationAxis;II)Z (light greylist, reflection)
07-03 01:38:25.031 22703 22703 W example.edgesu: Accessing hidden method Landroid/graphics/FontFamily;->freeze()Z (light greylist, reflection)
07-03 01:38:25.031 22703 22703 W example.edgesu: Accessing hidden method Landroid/graphics/FontFamily;->abortCreation()V (light greylist, reflection)
07-03 01:38:25.032 22703 22703 W example.edgesu: Accessing hidden method Landroid/graphics/Typeface;->createFromFamiliesWithDefault([Landroid/graphics/FontFamily;Ljava/lang/String;II)Landroid/graphics/Typeface; (light greylist, reflection)
07-03 01:38:28.053 22703 22703 D ViewRootImpl@89f2283[MainActivity]: ViewPostIme pointer 0
07-03 01:38:28.125 22703 22703 D ViewRootImpl@89f2283[MainActivity]: ViewPostIme pointer 1
07-03 01:38:28.169 22703 22703 D NearbyFragment: Selected 'Endpoint{id=1NpN, name=Nexus 5X [34d8]}'
07-03 01:38:28.190 22703 22703 D InputTransport: Input channel constructed: fd=76
07-03 01:38:28.193 22703 22703 D ViewRootImpl@9909fd1[Toast]: setView = android.widget.LinearLayout{febea36 V.E...... ......I. 0,0-0,0} TM=true MM=false
07-03 01:38:28.193 22703 22703 V Toast   : Text: Donn in android.widget.Toast$TN@4935d37
07-03 01:38:28.197 22703 22703 D ViewRootImpl@9909fd1[Toast]: dispatchAttachedToWindow
07-03 01:38:28.218 22703 22703 D ViewRootImpl@9909fd1[Toast]: Relayout returned: old=[0,48][720,1384] new=[118,1168][602,1256] result=0x7 surface={valid=true 481651060736} changed=true
07-03 01:38:28.225 22703 22741 D mali_winsys: EGLint new_window_surface(egl_winsys_display *, void *, EGLSurface, EGLConfig, egl_winsys_surface **, EGLBoolean) returns 0x3000
07-03 01:38:28.225 22703 22741 D OpenGLRenderer: eglCreateWindowSurface = 0x70249ede00, 0x7024a3f010
07-03 01:38:28.231 22703 22703 D ViewRootImpl@9909fd1[Toast]: MSG_RESIZED: frame=Rect(118, 1168 - 602, 1256) ci=Rect(0, 0 - 0, 0) vi=Rect(0, 0 - 0, 0) or=1
07-03 01:38:31.677 22703 22741 W libEGL  : EGLNativeWindowType 0x7024a3f010 disconnect failed
07-03 01:38:31.677 22703 22741 D OpenGLRenderer: eglDestroySurface = 0x70249ede00, 0x7024a3f000
07-03 01:38:31.678 22703 22703 D ViewRootImpl@9909fd1[Toast]: dispatchDetachedFromWindow
07-03 01:38:31.680 22703 22703 D ViewRootImpl@9909fd1[Toast]: Surface release. android.view.ViewRootImpl.doDie:7979 android.view.ViewRootImpl.die:7947 android.view.WindowManagerGlobal.removeViewLocked:497 android.view.WindowManagerGlobal.removeView:435 android.view.WindowManagerImpl.removeViewImmediate:124 android.widget.Toast$TN.handleHide:1110 android.widget.Toast$TN$1.handleMessage:898 android.os.Handler.dispatchMessage:106 
07-03 01:38:31.711 22703 22703 D InputTransport: Input channel destroyed: fd=76
07-03 01:38:31.916 22703 22703 D NearbyFragment: Initiated connection with 1NpN: Nexus 5X [34d8]
07-03 01:38:31.933 22703 22703 D Dialog  : mIsSamsungBasicInteraction = false
07-03 01:38:31.934 22703 22703 D Dialog  : mIsSamsungBasicInteraction = false, isMetaDataInActivity = false
07-03 01:38:31.987 22703 22703 I DecorView: createDecorCaptionView >> DecorView@3cabc2f[], isFloating: true, isApplication: true, hasWindowDecorCaption: false, hasWindowControllerCallback: false
07-03 01:38:32.074 22703 22703 D ScrollView: initGoToTop
07-03 01:38:32.126 22703 22703 D InputTransport: Input channel constructed: fd=76
07-03 01:38:32.130 22703 22703 D ViewRootImpl@d997e3b[MainActivity]: setView = DecorView@3cabc2f[MainActivity] TM=true MM=false
07-03 01:38:32.131 22703 22703 D NearbyFragment: Requested connection with Endpoint{id=1NpN, name=Nexus 5X [34d8]}
07-03 01:38:32.142 22703 22703 D ViewRootImpl@d997e3b[MainActivity]: dispatchAttachedToWindow
07-03 01:38:32.206 22703 22703 D ViewRootImpl@d997e3b[MainActivity]: Relayout returned: old=[0,48][720,1384] new=[18,508][702,923] result=0x7 surface={valid=true 481651060736} changed=true
07-03 01:38:32.212 22703 22741 D mali_winsys: EGLint new_window_surface(egl_winsys_display *, void *, EGLSurface, EGLConfig, egl_winsys_surface **, EGLBoolean) returns 0x3000
07-03 01:38:32.212 22703 22741 D OpenGLRenderer: eglCreateWindowSurface = 0x7024b0a400, 0x7024a3f010
07-03 01:38:32.237 22703 22703 D ScrollView:  onsize change changed 
07-03 01:38:32.240 22703 22703 D ViewRootImpl@d997e3b[MainActivity]: MSG_WINDOW_FOCUS_CHANGED 1 1
07-03 01:38:32.281 22703 22703 D ViewRootImpl@d997e3b[MainActivity]: MSG_RESIZED: frame=Rect(18, 508 - 702, 923) ci=Rect(0, 0 - 0, 0) vi=Rect(0, 0 - 0, 0) or=1
07-03 01:38:32.313 22703 22703 D ViewRootImpl@89f2283[MainActivity]: MSG_WINDOW_FOCUS_CHANGED 0 1
07-03 01:38:32.313 22703 22703 D InputMethodManager: prepareNavigationBarInfo() DecorView@ecc5c5f[MainActivity]
07-03 01:38:32.313 22703 22703 D InputMethodManager: getNavigationBarColor() -855310
07-03 01:38:33.394 22703 22703 D ViewRootImpl@d997e3b[MainActivity]: ViewPostIme pointer 0
07-03 01:38:33.487 22703 22703 D ViewRootImpl@d997e3b[MainActivity]: ViewPostIme pointer 1
07-03 01:38:33.515 22703 22741 W libEGL  : EGLNativeWindowType 0x7024a3f010 disconnect failed
07-03 01:38:33.515 22703 22741 D OpenGLRenderer: eglDestroySurface = 0x7024b0a400, 0x7024a3f000
07-03 01:38:33.515 22703 22741 D OpenGLRenderer: endAllActiveAnimators on 0x7024a68600 (RippleDrawable) with handle 0x70247cb560
07-03 01:38:33.515 22703 22703 D ViewRootImpl@d997e3b[MainActivity]: dispatchDetachedFromWindow
07-03 01:38:33.516 22703 22703 D ViewRootImpl@d997e3b[MainActivity]: Surface release. android.view.ViewRootImpl.doDie:7979 android.view.ViewRootImpl.die:7947 android.view.WindowManagerGlobal.removeViewLocked:497 android.view.WindowManagerGlobal.removeView:435 android.view.WindowManagerImpl.removeViewImmediate:124 android.app.Dialog.dismissDialog:518 android.app.Dialog.dismiss:501 androidx.appcompat.app.AlertController$ButtonHandler.handleMessage:171 
07-03 01:38:33.534 22703 22703 D InputTransport: Input channel destroyed: fd=76
07-03 01:38:33.538 22703 22703 I NearbyFragment: Connected to Endpoint{id=1NpN, name=Nexus 5X [34d8]}
07-03 01:38:33.610 22703 22703 D ViewRootImpl@89f2283[MainActivity]: MSG_WINDOW_FOCUS_CHANGED 1 1
07-03 01:38:33.611 22703 22703 D InputMethodManager: prepareNavigationBarInfo() DecorView@ecc5c5f[MainActivity]
07-03 01:38:33.611 22703 22703 D InputMethodManager: getNavigationBarColor() -855310
07-03 01:38:33.621 22703 22703 E ViewRootImpl: sendUserActionEvent() returned.
07-03 01:38:35.495 22703 22703 D ViewRootImpl@89f2283[MainActivity]: ViewPostIme pointer 0
07-03 01:38:35.586 22703 22703 D ViewRootImpl@89f2283[MainActivity]: ViewPostIme pointer 1
07-03 01:38:35.592 22703 22703 V ConnectionFragment: Discovery switch unchecked
07-03 01:38:35.592 22703 22703 D NearbyFragment: Stopped discovering
07-03 01:38:37.571 22703 22703 I TransferNetworkLossHand: Network connectivity changed detected.
07-03 01:38:37.638 22703 22703 I TransferNetworkLossHand: Network connected: true
07-03 01:38:37.655 22703 23256 D TransferNetworkLossHand: Loading transfers from database...
07-03 01:38:37.665 22703 23256 D TransferNetworkLossHand: Closing the cursor for resumeAllTransfers
07-03 01:38:37.666 22703 23256 D TransferNetworkLossHand: 0 transfers are loaded from database.
07-03 01:40:05.580 22703 22703 D NearbyFragment: onPayloadReceived(endpointId=1NpN, payload=com.google.android.gms.nearby.connection.Payload@a530591)
07-03 01:40:05.587 22703 22703 V NearbyFragment: Started downloading SUMMARISE:-4935433598220562732:20200312_150643.mp4:45.0_1.0_23_medium from Endpoint{id=1NpN, name=Nexus 5X [34d8]}
07-03 01:40:05.593 22703 22703 V NearbyFragment: Transfer to 1NpN: 100%
07-03 01:40:05.595 22703 22703 V NearbyFragment: Transfer to 1NpN: 100%
07-03 01:40:05.601 22703 22703 D NearbyFragment: onPayloadReceived(endpointId=1NpN, payload=com.google.android.gms.nearby.connection.Payload@39a9364)
07-03 01:40:05.604 22703 22703 V NearbyFragment: Transfer to 1NpN: 0%
07-03 01:40:05.610 22703 22703 V NearbyFragment: Transfer to 1NpN: 0%
07-03 01:40:05.620 22703 22703 V NearbyFragment: Transfer to 1NpN: 0%
07-03 01:40:05.628 22703 22703 V NearbyFragment: Transfer to 1NpN: 0%
07-03 01:40:05.634 22703 22703 V NearbyFragment: Transfer to 1NpN: 0%
07-03 01:40:05.644 22703 22703 V NearbyFragment: Transfer to 1NpN: 0%
07-03 01:40:05.649 22703 22703 V NearbyFragment: Transfer to 1NpN: 0%
07-03 01:40:05.658 22703 22703 V NearbyFragment: Transfer to 1NpN: 0%
07-03 01:40:05.666 22703 22703 V NearbyFragment: Transfer to 1NpN: 0%
07-03 01:40:05.671 22703 22703 V NearbyFragment: Transfer to 1NpN: 0%
07-03 01:40:05.677 22703 22703 V NearbyFragment: Transfer to 1NpN: 1%
07-03 01:40:05.685 22703 22703 V NearbyFragment: Transfer to 1NpN: 1%
07-03 01:40:05.691 22703 22703 V NearbyFragment: Transfer to 1NpN: 1%
07-03 01:40:05.697 22703 22703 V NearbyFragment: Transfer to 1NpN: 1%
07-03 01:40:05.701 22703 22703 V NearbyFragment: Transfer to 1NpN: 1%
07-03 01:40:05.707 22703 22703 V NearbyFragment: Transfer to 1NpN: 1%
07-03 01:40:05.712 22703 22703 V NearbyFragment: Transfer to 1NpN: 1%
07-03 01:40:05.716 22703 22703 V NearbyFragment: Transfer to 1NpN: 1%
07-03 01:40:05.720 22703 22703 V NearbyFragment: Transfer to 1NpN: 1%
07-03 01:40:05.724 22703 22703 V NearbyFragment: Transfer to 1NpN: 1%
07-03 01:40:05.729 22703 22703 V NearbyFragment: Transfer to 1NpN: 1%
07-03 01:40:05.733 22703 22703 V NearbyFragment: Transfer to 1NpN: 2%
07-03 01:40:05.737 22703 22703 V NearbyFragment: Transfer to 1NpN: 2%
07-03 01:40:05.742 22703 22703 V NearbyFragment: Transfer to 1NpN: 2%
07-03 01:40:05.752 22703 22703 V NearbyFragment: Transfer to 1NpN: 2%
07-03 01:40:05.755 22703 22703 V NearbyFragment: Transfer to 1NpN: 2%
07-03 01:40:05.759 22703 22703 V NearbyFragment: Transfer to 1NpN: 2%
07-03 01:40:05.768 22703 22703 V NearbyFragment: Transfer to 1NpN: 2%
07-03 01:40:05.773 22703 22703 V NearbyFragment: Transfer to 1NpN: 2%
07-03 01:40:05.775 22703 22703 V NearbyFragment: Transfer to 1NpN: 2%
07-03 01:40:05.779 22703 22703 V NearbyFragment: Transfer to 1NpN: 2%
07-03 01:40:05.783 22703 22703 V NearbyFragment: Transfer to 1NpN: 2%
07-03 01:40:05.787 22703 22703 V NearbyFragment: Transfer to 1NpN: 3%
07-03 01:40:05.790 22703 22703 V NearbyFragment: Transfer to 1NpN: 3%
07-03 01:40:05.794 22703 22703 V NearbyFragment: Transfer to 1NpN: 3%
07-03 01:40:05.798 22703 22703 V NearbyFragment: Transfer to 1NpN: 3%
07-03 01:40:05.802 22703 22703 V NearbyFragment: Transfer to 1NpN: 3%
07-03 01:40:05.804 22703 22703 V NearbyFragment: Transfer to 1NpN: 3%
07-03 01:40:05.807 22703 22703 V NearbyFragment: Transfer to 1NpN: 3%
07-03 01:40:05.810 22703 22703 V NearbyFragment: Transfer to 1NpN: 3%
07-03 01:40:05.813 22703 22703 V NearbyFragment: Transfer to 1NpN: 3%
07-03 01:40:05.816 22703 22703 V NearbyFragment: Transfer to 1NpN: 3%
07-03 01:40:05.819 22703 22703 V NearbyFragment: Transfer to 1NpN: 4%
07-03 01:40:05.823 22703 22703 V NearbyFragment: Transfer to 1NpN: 4%
07-03 01:40:05.826 22703 22703 V NearbyFragment: Transfer to 1NpN: 4%
07-03 01:40:05.829 22703 22703 V NearbyFragment: Transfer to 1NpN: 4%
07-03 01:40:05.833 22703 22703 V NearbyFragment: Transfer to 1NpN: 4%
07-03 01:40:05.841 22703 22703 V NearbyFragment: Transfer to 1NpN: 4%
07-03 01:40:05.846 22703 22703 V NearbyFragment: Transfer to 1NpN: 4%
07-03 01:40:05.851 22703 22703 V NearbyFragment: Transfer to 1NpN: 4%
07-03 01:40:05.854 22703 22703 V NearbyFragment: Transfer to 1NpN: 4%
07-03 01:40:05.863 22703 22703 V NearbyFragment: Transfer to 1NpN: 4%
07-03 01:40:05.869 22703 22703 V NearbyFragment: Transfer to 1NpN: 4%
07-03 01:40:05.875 22703 22703 V NearbyFragment: Transfer to 1NpN: 5%
07-03 01:40:05.882 22703 22703 V NearbyFragment: Transfer to 1NpN: 5%
07-03 01:40:05.887 22703 22703 V NearbyFragment: Transfer to 1NpN: 5%
07-03 01:40:05.893 22703 22703 V NearbyFragment: Transfer to 1NpN: 5%
07-03 01:40:05.898 22703 22703 V NearbyFragment: Transfer to 1NpN: 5%
07-03 01:40:05.901 22703 22703 V NearbyFragment: Transfer to 1NpN: 5%
07-03 01:40:05.909 22703 22703 V NearbyFragment: Transfer to 1NpN: 5%
07-03 01:40:05.914 22703 22703 V NearbyFragment: Transfer to 1NpN: 5%
07-03 01:40:05.923 22703 22703 V NearbyFragment: Transfer to 1NpN: 5%
07-03 01:40:05.930 22703 22703 V NearbyFragment: Transfer to 1NpN: 5%
07-03 01:40:05.937 22703 22703 V NearbyFragment: Transfer to 1NpN: 5%
07-03 01:40:05.940 22703 22703 V NearbyFragment: Transfer to 1NpN: 6%
07-03 01:40:05.946 22703 22703 V NearbyFragment: Transfer to 1NpN: 6%
07-03 01:40:05.957 22703 22703 V NearbyFragment: Transfer to 1NpN: 6%
07-03 01:40:05.970 22703 22703 V NearbyFragment: Transfer to 1NpN: 6%
07-03 01:40:05.976 22703 22703 V NearbyFragment: Transfer to 1NpN: 6%
07-03 01:40:05.980 22703 22703 V NearbyFragment: Transfer to 1NpN: 6%
07-03 01:40:05.986 22703 22703 V NearbyFragment: Transfer to 1NpN: 6%
07-03 01:40:05.989 22703 22703 V NearbyFragment: Transfer to 1NpN: 6%
07-03 01:40:05.994 22703 22703 V NearbyFragment: Transfer to 1NpN: 6%
07-03 01:40:05.998 22703 22703 V NearbyFragment: Transfer to 1NpN: 6%
07-03 01:40:06.002 22703 22703 V NearbyFragment: Transfer to 1NpN: 7%
07-03 01:40:06.006 22703 22703 V NearbyFragment: Transfer to 1NpN: 7%
07-03 01:40:06.012 22703 22703 V NearbyFragment: Transfer to 1NpN: 7%
07-03 01:40:06.015 22703 22703 V NearbyFragment: Transfer to 1NpN: 7%
07-03 01:40:06.020 22703 22703 V NearbyFragment: Transfer to 1NpN: 7%
07-03 01:40:06.026 22703 22703 V NearbyFragment: Transfer to 1NpN: 7%
07-03 01:40:06.028 22703 22703 V NearbyFragment: Transfer to 1NpN: 7%
07-03 01:40:06.031 22703 22703 V NearbyFragment: Transfer to 1NpN: 7%
07-03 01:40:06.034 22703 22703 V NearbyFragment: Transfer to 1NpN: 7%
07-03 01:40:06.038 22703 22703 V NearbyFragment: Transfer to 1NpN: 7%
07-03 01:40:06.041 22703 22703 V NearbyFragment: Transfer to 1NpN: 7%
07-03 01:40:06.044 22703 22703 V NearbyFragment: Transfer to 1NpN: 8%
07-03 01:40:06.047 22703 22703 V NearbyFragment: Transfer to 1NpN: 8%
07-03 01:40:06.051 22703 22703 V NearbyFragment: Transfer to 1NpN: 8%
07-03 01:40:06.055 22703 22703 V NearbyFragment: Transfer to 1NpN: 8%
07-03 01:40:06.058 22703 22703 V NearbyFragment: Transfer to 1NpN: 8%
07-03 01:40:06.060 22703 22703 V NearbyFragment: Transfer to 1NpN: 8%
07-03 01:40:06.062 22703 22703 V NearbyFragment: Transfer to 1NpN: 8%
07-03 01:40:06.067 22703 22703 V NearbyFragment: Transfer to 1NpN: 8%
07-03 01:40:06.071 22703 22703 V NearbyFragment: Transfer to 1NpN: 8%
07-03 01:40:06.246 22703 22703 V NearbyFragment: Transfer to 1NpN: 8%
07-03 01:40:06.252 22703 22703 V NearbyFragment: Transfer to 1NpN: 8%
07-03 01:40:06.258 22703 22703 V NearbyFragment: Transfer to 1NpN: 9%
07-03 01:40:06.268 22703 22703 V NearbyFragment: Transfer to 1NpN: 9%
07-03 01:40:06.276 22703 22703 V NearbyFragment: Transfer to 1NpN: 9%
07-03 01:40:06.287 22703 22703 V NearbyFragment: Transfer to 1NpN: 9%
07-03 01:40:06.295 22703 22703 V NearbyFragment: Transfer to 1NpN: 9%
07-03 01:40:06.299 22703 22703 V NearbyFragment: Transfer to 1NpN: 9%
07-03 01:40:06.306 22703 22703 V NearbyFragment: Transfer to 1NpN: 9%
07-03 01:40:06.315 22703 22703 V NearbyFragment: Transfer to 1NpN: 9%
07-03 01:40:06.321 22703 22703 V NearbyFragment: Transfer to 1NpN: 9%
07-03 01:40:06.327 22703 22703 V NearbyFragment: Transfer to 1NpN: 9%
07-03 01:40:06.332 22703 22703 V NearbyFragment: Transfer to 1NpN: 10%
07-03 01:40:06.338 22703 22703 V NearbyFragment: Transfer to 1NpN: 10%
07-03 01:40:06.342 22703 22703 V NearbyFragment: Transfer to 1NpN: 10%
07-03 01:40:06.347 22703 22703 V NearbyFragment: Transfer to 1NpN: 10%
07-03 01:40:06.351 22703 22703 V NearbyFragment: Transfer to 1NpN: 10%
07-03 01:40:06.354 22703 22703 V NearbyFragment: Transfer to 1NpN: 10%
07-03 01:40:06.358 22703 22703 V NearbyFragment: Transfer to 1NpN: 10%
07-03 01:40:06.361 22703 22703 V NearbyFragment: Transfer to 1NpN: 10%
07-03 01:40:06.364 22703 22703 V NearbyFragment: Transfer to 1NpN: 10%
07-03 01:40:06.367 22703 22703 V NearbyFragment: Transfer to 1NpN: 10%
07-03 01:40:06.370 22703 22703 V NearbyFragment: Transfer to 1NpN: 10%
07-03 01:40:06.373 22703 22703 V NearbyFragment: Transfer to 1NpN: 11%
07-03 01:40:06.377 22703 22703 V NearbyFragment: Transfer to 1NpN: 11%
07-03 01:40:06.386 22703 22703 V NearbyFragment: Transfer to 1NpN: 11%
07-03 01:40:06.404 22703 22703 V NearbyFragment: Transfer to 1NpN: 11%
07-03 01:40:06.407 22703 22703 V NearbyFragment: Transfer to 1NpN: 11%
07-03 01:40:06.411 22703 22703 V NearbyFragment: Transfer to 1NpN: 11%
07-03 01:40:06.415 22703 22703 V NearbyFragment: Transfer to 1NpN: 11%
07-03 01:40:06.419 22703 22703 V NearbyFragment: Transfer to 1NpN: 11%
07-03 01:40:06.429 22703 22703 V NearbyFragment: Transfer to 1NpN: 11%
07-03 01:40:06.433 22703 22703 V NearbyFragment: Transfer to 1NpN: 11%
07-03 01:40:06.435 22703 22703 V NearbyFragment: Transfer to 1NpN: 11%
07-03 01:40:06.441 22703 22703 V NearbyFragment: Transfer to 1NpN: 12%
07-03 01:40:06.456 22703 22703 V NearbyFragment: Transfer to 1NpN: 12%
07-03 01:40:06.459 22703 22703 V NearbyFragment: Transfer to 1NpN: 12%
07-03 01:40:06.463 22703 22703 V NearbyFragment: Transfer to 1NpN: 12%
07-03 01:40:06.465 22703 22703 V NearbyFragment: Transfer to 1NpN: 12%
07-03 01:40:06.476 22703 22703 V NearbyFragment: Transfer to 1NpN: 12%
07-03 01:40:06.482 22703 22703 V NearbyFragment: Transfer to 1NpN: 12%
07-03 01:40:06.490 22703 22703 V NearbyFragment: Transfer to 1NpN: 12%
07-03 01:40:06.498 22703 22703 V NearbyFragment: Transfer to 1NpN: 12%
07-03 01:40:06.503 22703 22703 V NearbyFragment: Transfer to 1NpN: 12%
07-03 01:40:06.506 22703 22703 V NearbyFragment: Transfer to 1NpN: 13%
07-03 01:40:06.514 22703 22703 V NearbyFragment: Transfer to 1NpN: 13%
07-03 01:40:06.518 22703 22703 V NearbyFragment: Transfer to 1NpN: 13%
07-03 01:40:06.525 22703 22703 V NearbyFragment: Transfer to 1NpN: 13%
07-03 01:40:06.530 22703 22703 V NearbyFragment: Transfer to 1NpN: 13%
07-03 01:40:06.538 22703 22703 V NearbyFragment: Transfer to 1NpN: 13%
07-03 01:40:06.544 22703 22703 V NearbyFragment: Transfer to 1NpN: 13%
07-03 01:40:06.550 22703 22703 V NearbyFragment: Transfer to 1NpN: 13%
07-03 01:40:06.553 22703 22703 V NearbyFragment: Transfer to 1NpN: 13%
07-03 01:40:06.557 22703 22703 V NearbyFragment: Transfer to 1NpN: 13%
07-03 01:40:06.560 22703 22703 V NearbyFragment: Transfer to 1NpN: 13%
07-03 01:40:06.565 22703 22703 V NearbyFragment: Transfer to 1NpN: 14%
07-03 01:40:06.568 22703 22703 V NearbyFragment: Transfer to 1NpN: 14%
07-03 01:40:06.573 22703 22703 V NearbyFragment: Transfer to 1NpN: 14%
07-03 01:40:06.576 22703 22703 V NearbyFragment: Transfer to 1NpN: 14%
07-03 01:40:06.582 22703 22703 V NearbyFragment: Transfer to 1NpN: 14%
07-03 01:40:06.587 22703 22703 V NearbyFragment: Transfer to 1NpN: 14%
07-03 01:40:06.593 22703 22703 V NearbyFragment: Transfer to 1NpN: 14%
07-03 01:40:06.597 22703 22703 V NearbyFragment: Transfer to 1NpN: 14%
07-03 01:40:06.600 22703 22703 V NearbyFragment: Transfer to 1NpN: 14%
07-03 01:40:06.604 22703 22703 V NearbyFragment: Transfer to 1NpN: 14%
07-03 01:40:06.607 22703 22703 V NearbyFragment: Transfer to 1NpN: 14%
07-03 01:40:06.611 22703 22703 V NearbyFragment: Transfer to 1NpN: 15%
07-03 01:40:06.623 22703 22703 V NearbyFragment: Transfer to 1NpN: 15%
07-03 01:40:06.628 22703 22703 V NearbyFragment: Transfer to 1NpN: 15%
07-03 01:40:06.633 22703 22703 V NearbyFragment: Transfer to 1NpN: 15%
07-03 01:40:06.637 22703 22703 V NearbyFragment: Transfer to 1NpN: 15%
07-03 01:40:06.641 22703 22703 V NearbyFragment: Transfer to 1NpN: 15%
07-03 01:40:06.646 22703 22703 V NearbyFragment: Transfer to 1NpN: 15%
07-03 01:40:06.650 22703 22703 V NearbyFragment: Transfer to 1NpN: 15%
07-03 01:40:06.654 22703 22703 V NearbyFragment: Transfer to 1NpN: 15%
07-03 01:40:06.657 22703 22703 V NearbyFragment: Transfer to 1NpN: 15%
07-03 01:40:06.661 22703 22703 V NearbyFragment: Transfer to 1NpN: 16%
07-03 01:40:06.665 22703 22703 V NearbyFragment: Transfer to 1NpN: 16%
07-03 01:40:06.672 22703 22703 V NearbyFragment: Transfer to 1NpN: 16%
07-03 01:40:06.675 22703 22703 V NearbyFragment: Transfer to 1NpN: 16%
07-03 01:40:06.683 22703 22703 V NearbyFragment: Transfer to 1NpN: 16%
07-03 01:40:06.687 22703 22703 V NearbyFragment: Transfer to 1NpN: 16%
07-03 01:40:06.690 22703 22703 V NearbyFragment: Transfer to 1NpN: 16%
07-03 01:40:06.695 22703 22703 V NearbyFragment: Transfer to 1NpN: 16%
07-03 01:40:06.704 22703 22703 V NearbyFragment: Transfer to 1NpN: 16%
07-03 01:40:06.707 22703 22703 V NearbyFragment: Transfer to 1NpN: 16%
07-03 01:40:06.712 22703 22703 V NearbyFragment: Transfer to 1NpN: 16%
07-03 01:40:06.744 22703 22703 V NearbyFragment: Transfer to 1NpN: 17%
07-03 01:40:06.749 22703 22703 V NearbyFragment: Transfer to 1NpN: 17%
07-03 01:40:06.754 22703 22703 V NearbyFragment: Transfer to 1NpN: 17%
07-03 01:40:06.758 22703 22703 V NearbyFragment: Transfer to 1NpN: 17%
07-03 01:40:06.763 22703 22703 V NearbyFragment: Transfer to 1NpN: 17%
07-03 01:40:06.769 22703 22703 V NearbyFragment: Transfer to 1NpN: 17%
07-03 01:40:06.772 22703 22703 V NearbyFragment: Transfer to 1NpN: 17%
07-03 01:40:06.777 22703 22703 V NearbyFragment: Transfer to 1NpN: 17%
07-03 01:40:06.785 22703 22703 V NearbyFragment: Transfer to 1NpN: 17%
07-03 01:40:06.789 22703 22703 V NearbyFragment: Transfer to 1NpN: 17%
07-03 01:40:06.798 22703 22703 V NearbyFragment: Transfer to 1NpN: 17%
07-03 01:40:06.820 22703 22703 V NearbyFragment: Transfer to 1NpN: 18%
07-03 01:40:06.827 22703 22703 V NearbyFragment: Transfer to 1NpN: 18%
07-03 01:40:06.831 22703 22703 V NearbyFragment: Transfer to 1NpN: 18%
07-03 01:40:06.838 22703 22703 V NearbyFragment: Transfer to 1NpN: 18%
07-03 01:40:06.842 22703 22703 V NearbyFragment: Transfer to 1NpN: 18%
07-03 01:40:06.847 22703 22703 V NearbyFragment: Transfer to 1NpN: 18%
07-03 01:40:06.851 22703 22703 V NearbyFragment: Transfer to 1NpN: 18%
07-03 01:40:06.854 22703 22703 V NearbyFragment: Transfer to 1NpN: 18%
07-03 01:40:06.857 22703 22703 V NearbyFragment: Transfer to 1NpN: 18%
07-03 01:40:06.863 22703 22703 V NearbyFragment: Transfer to 1NpN: 18%
07-03 01:40:06.867 22703 22703 V NearbyFragment: Transfer to 1NpN: 19%
07-03 01:40:06.873 22703 22703 V NearbyFragment: Transfer to 1NpN: 19%
07-03 01:40:07.056 22703 22703 V NearbyFragment: Transfer to 1NpN: 19%
07-03 01:40:07.065 22703 22703 V NearbyFragment: Transfer to 1NpN: 19%
07-03 01:40:07.075 22703 22703 V NearbyFragment: Transfer to 1NpN: 19%
07-03 01:40:07.082 22703 22703 V NearbyFragment: Transfer to 1NpN: 19%
07-03 01:40:07.088 22703 22703 V NearbyFragment: Transfer to 1NpN: 19%
07-03 01:40:07.095 22703 22703 V NearbyFragment: Transfer to 1NpN: 19%
07-03 01:40:07.105 22703 22703 V NearbyFragment: Transfer to 1NpN: 19%
07-03 01:40:07.111 22703 22703 V NearbyFragment: Transfer to 1NpN: 19%
07-03 01:40:07.123 22703 22703 V NearbyFragment: Transfer to 1NpN: 19%
07-03 01:40:07.127 22703 22703 V NearbyFragment: Transfer to 1NpN: 20%
07-03 01:40:07.135 22703 22703 V NearbyFragment: Transfer to 1NpN: 20%
07-03 01:40:07.142 22703 22703 V NearbyFragment: Transfer to 1NpN: 20%
07-03 01:40:07.148 22703 22703 V NearbyFragment: Transfer to 1NpN: 20%
07-03 01:40:07.156 22703 22703 V NearbyFragment: Transfer to 1NpN: 20%
07-03 01:40:07.162 22703 22703 V NearbyFragment: Transfer to 1NpN: 20%
07-03 01:40:07.166 22703 22703 V NearbyFragment: Transfer to 1NpN: 20%
07-03 01:40:07.171 22703 22703 V NearbyFragment: Transfer to 1NpN: 20%
07-03 01:40:07.175 22703 22703 V NearbyFragment: Transfer to 1NpN: 20%
07-03 01:40:07.180 22703 22703 V NearbyFragment: Transfer to 1NpN: 20%
07-03 01:40:07.183 22703 22703 V NearbyFragment: Transfer to 1NpN: 20%
07-03 01:40:07.187 22703 22703 V NearbyFragment: Transfer to 1NpN: 21%
07-03 01:40:07.190 22703 22703 V NearbyFragment: Transfer to 1NpN: 21%
07-03 01:40:07.193 22703 22703 V NearbyFragment: Transfer to 1NpN: 21%
07-03 01:40:07.196 22703 22703 V NearbyFragment: Transfer to 1NpN: 21%
07-03 01:40:07.199 22703 22703 V NearbyFragment: Transfer to 1NpN: 21%
07-03 01:40:07.203 22703 22703 V NearbyFragment: Transfer to 1NpN: 21%
07-03 01:40:07.206 22703 22703 V NearbyFragment: Transfer to 1NpN: 21%
07-03 01:40:07.209 22703 22703 V NearbyFragment: Transfer to 1NpN: 21%
07-03 01:40:07.212 22703 22703 V NearbyFragment: Transfer to 1NpN: 21%
07-03 01:40:07.215 22703 22703 V NearbyFragment: Transfer to 1NpN: 21%
07-03 01:40:07.219 22703 22703 V NearbyFragment: Transfer to 1NpN: 22%
07-03 01:40:07.223 22703 22703 V NearbyFragment: Transfer to 1NpN: 22%
07-03 01:40:07.235 22703 22703 V NearbyFragment: Transfer to 1NpN: 22%
07-03 01:40:07.244 22703 22703 V NearbyFragment: Transfer to 1NpN: 22%
07-03 01:40:07.254 22703 22703 V NearbyFragment: Transfer to 1NpN: 22%
07-03 01:40:07.259 22703 22703 V NearbyFragment: Transfer to 1NpN: 22%
07-03 01:40:07.263 22703 22703 V NearbyFragment: Transfer to 1NpN: 22%
07-03 01:40:07.265 22703 22703 V NearbyFragment: Transfer to 1NpN: 22%
07-03 01:40:07.269 22703 22703 V NearbyFragment: Transfer to 1NpN: 22%
07-03 01:40:07.272 22703 22703 V NearbyFragment: Transfer to 1NpN: 22%
07-03 01:40:07.275 22703 22703 V NearbyFragment: Transfer to 1NpN: 22%
07-03 01:40:07.278 22703 22703 V NearbyFragment: Transfer to 1NpN: 23%
07-03 01:40:07.282 22703 22703 V NearbyFragment: Transfer to 1NpN: 23%
07-03 01:40:07.284 22703 22703 V NearbyFragment: Transfer to 1NpN: 23%
07-03 01:40:07.293 22703 22703 V NearbyFragment: Transfer to 1NpN: 23%
07-03 01:40:07.297 22703 22703 V NearbyFragment: Transfer to 1NpN: 23%
07-03 01:40:07.302 22703 22703 V NearbyFragment: Transfer to 1NpN: 23%
07-03 01:40:07.308 22703 22703 V NearbyFragment: Transfer to 1NpN: 23%
07-03 01:40:07.320 22703 22703 V NearbyFragment: Transfer to 1NpN: 23%
07-03 01:40:07.324 22703 22703 V NearbyFragment: Transfer to 1NpN: 23%
07-03 01:40:07.330 22703 22703 V NearbyFragment: Transfer to 1NpN: 23%
07-03 01:40:07.335 22703 22703 V NearbyFragment: Transfer to 1NpN: 23%
07-03 01:40:07.340 22703 22703 V NearbyFragment: Transfer to 1NpN: 24%
07-03 01:40:07.344 22703 22703 V NearbyFragment: Transfer to 1NpN: 24%
07-03 01:40:07.351 22703 22703 V NearbyFragment: Transfer to 1NpN: 24%
07-03 01:40:07.356 22703 22703 V NearbyFragment: Transfer to 1NpN: 24%
07-03 01:40:07.362 22703 22703 V NearbyFragment: Transfer to 1NpN: 24%
07-03 01:40:07.389 22703 22703 V NearbyFragment: Transfer to 1NpN: 24%
07-03 01:40:07.394 22703 22703 V NearbyFragment: Transfer to 1NpN: 24%
07-03 01:40:07.399 22703 22703 V NearbyFragment: Transfer to 1NpN: 24%
07-03 01:40:07.404 22703 22703 V NearbyFragment: Transfer to 1NpN: 24%
07-03 01:40:07.407 22703 22703 V NearbyFragment: Transfer to 1NpN: 24%
07-03 01:40:07.428 22703 22703 V NearbyFragment: Transfer to 1NpN: 25%
07-03 01:40:07.439 22703 22703 V NearbyFragment: Transfer to 1NpN: 25%
07-03 01:40:07.449 22703 22703 V NearbyFragment: Transfer to 1NpN: 25%
07-03 01:40:07.457 22703 22703 V NearbyFragment: Transfer to 1NpN: 25%
07-03 01:40:07.464 22703 22703 V NearbyFragment: Transfer to 1NpN: 25%
07-03 01:40:07.472 22703 22703 V NearbyFragment: Transfer to 1NpN: 25%
07-03 01:40:07.478 22703 22703 V NearbyFragment: Transfer to 1NpN: 25%
07-03 01:40:07.483 22703 22703 V NearbyFragment: Transfer to 1NpN: 25%
07-03 01:40:07.486 22703 22703 V NearbyFragment: Transfer to 1NpN: 25%
07-03 01:40:07.489 22703 22703 V NearbyFragment: Transfer to 1NpN: 25%
07-03 01:40:07.510 22703 22703 V NearbyFragment: Transfer to 1NpN: 25%
07-03 01:40:07.516 22703 22703 V NearbyFragment: Transfer to 1NpN: 26%
07-03 01:40:07.522 22703 22703 V NearbyFragment: Transfer to 1NpN: 26%
07-03 01:40:07.527 22703 22703 V NearbyFragment: Transfer to 1NpN: 26%
07-03 01:40:07.534 22703 22703 V NearbyFragment: Transfer to 1NpN: 26%
07-03 01:40:07.539 22703 22703 V NearbyFragment: Transfer to 1NpN: 26%
07-03 01:40:07.543 22703 22703 V NearbyFragment: Transfer to 1NpN: 26%
07-03 01:40:07.548 22703 22703 V NearbyFragment: Transfer to 1NpN: 26%
07-03 01:40:07.555 22703 22703 V NearbyFragment: Transfer to 1NpN: 26%
07-03 01:40:07.558 22703 22703 V NearbyFragment: Transfer to 1NpN: 26%
07-03 01:40:07.564 22703 22703 V NearbyFragment: Transfer to 1NpN: 26%
07-03 01:40:07.602 22703 22703 V NearbyFragment: Transfer to 1NpN: 26%
07-03 01:40:07.614 22703 22703 V NearbyFragment: Transfer to 1NpN: 27%
07-03 01:40:07.619 22703 22703 V NearbyFragment: Transfer to 1NpN: 27%
07-03 01:40:07.634 22703 22703 V NearbyFragment: Transfer to 1NpN: 27%
07-03 01:40:07.640 22703 22703 V NearbyFragment: Transfer to 1NpN: 27%
07-03 01:40:07.645 22703 22703 V NearbyFragment: Transfer to 1NpN: 27%
07-03 01:40:07.654 22703 22703 V NearbyFragment: Transfer to 1NpN: 27%
07-03 01:40:07.660 22703 22703 V NearbyFragment: Transfer to 1NpN: 27%
07-03 01:40:07.664 22703 22703 V NearbyFragment: Transfer to 1NpN: 27%
07-03 01:40:07.669 22703 22703 V NearbyFragment: Transfer to 1NpN: 27%
07-03 01:40:07.671 22703 22703 V NearbyFragment: Transfer to 1NpN: 27%
07-03 01:40:07.903 22703 22703 V NearbyFragment: Transfer to 1NpN: 27%
07-03 01:40:07.913 22703 22703 V NearbyFragment: Transfer to 1NpN: 28%
07-03 01:40:07.919 22703 22703 V NearbyFragment: Transfer to 1NpN: 28%
07-03 01:40:07.925 22703 22703 V NearbyFragment: Transfer to 1NpN: 28%
07-03 01:40:07.934 22703 22703 V NearbyFragment: Transfer to 1NpN: 28%
07-03 01:40:07.957 22703 22703 V NearbyFragment: Transfer to 1NpN: 28%
07-03 01:40:07.964 22703 22703 V NearbyFragment: Transfer to 1NpN: 28%
07-03 01:40:07.967 22703 22703 V NearbyFragment: Transfer to 1NpN: 28%
07-03 01:40:08.028 22703 22703 V NearbyFragment: Transfer to 1NpN: 28%
07-03 01:40:08.034 22703 22703 V NearbyFragment: Transfer to 1NpN: 28%
07-03 01:40:08.042 22703 22703 V NearbyFragment: Transfer to 1NpN: 28%
07-03 01:40:08.049 22703 22703 V NearbyFragment: Transfer to 1NpN: 29%
07-03 01:40:08.054 22703 22703 V NearbyFragment: Transfer to 1NpN: 29%
07-03 01:40:08.059 22703 22703 V NearbyFragment: Transfer to 1NpN: 29%
07-03 01:40:08.065 22703 22703 V NearbyFragment: Transfer to 1NpN: 29%
07-03 01:40:08.070 22703 22703 V NearbyFragment: Transfer to 1NpN: 29%
07-03 01:40:08.075 22703 22703 V NearbyFragment: Transfer to 1NpN: 29%
07-03 01:40:08.081 22703 22703 V NearbyFragment: Transfer to 1NpN: 29%
07-03 01:40:08.089 22703 22703 V NearbyFragment: Transfer to 1NpN: 29%
07-03 01:40:08.095 22703 22703 V NearbyFragment: Transfer to 1NpN: 29%
07-03 01:40:08.098 22703 22703 V NearbyFragment: Transfer to 1NpN: 29%
07-03 01:40:08.102 22703 22703 V NearbyFragment: Transfer to 1NpN: 29%
07-03 01:40:08.108 22703 22703 V NearbyFragment: Transfer to 1NpN: 30%
07-03 01:40:08.113 22703 22703 V NearbyFragment: Transfer to 1NpN: 30%
07-03 01:40:08.117 22703 22703 V NearbyFragment: Transfer to 1NpN: 30%
07-03 01:40:08.122 22703 22703 V NearbyFragment: Transfer to 1NpN: 30%
07-03 01:40:08.126 22703 22703 V NearbyFragment: Transfer to 1NpN: 30%
07-03 01:40:08.130 22703 22703 V NearbyFragment: Transfer to 1NpN: 30%
07-03 01:40:08.134 22703 22703 V NearbyFragment: Transfer to 1NpN: 30%
07-03 01:40:08.138 22703 22703 V NearbyFragment: Transfer to 1NpN: 30%
07-03 01:40:08.142 22703 22703 V NearbyFragment: Transfer to 1NpN: 30%
07-03 01:40:08.146 22703 22703 V NearbyFragment: Transfer to 1NpN: 30%
07-03 01:40:08.150 22703 22703 V NearbyFragment: Transfer to 1NpN: 30%
07-03 01:40:08.157 22703 22703 V NearbyFragment: Transfer to 1NpN: 31%
07-03 01:40:08.159 22703 22703 V NearbyFragment: Transfer to 1NpN: 31%
07-03 01:40:08.163 22703 22703 V NearbyFragment: Transfer to 1NpN: 31%
07-03 01:40:08.167 22703 22703 V NearbyFragment: Transfer to 1NpN: 31%
07-03 01:40:08.170 22703 22703 V NearbyFragment: Transfer to 1NpN: 31%
07-03 01:40:08.174 22703 22703 V NearbyFragment: Transfer to 1NpN: 31%
07-03 01:40:08.177 22703 22703 V NearbyFragment: Transfer to 1NpN: 31%
07-03 01:40:08.181 22703 22703 V NearbyFragment: Transfer to 1NpN: 31%
07-03 01:40:08.185 22703 22703 V NearbyFragment: Transfer to 1NpN: 31%
07-03 01:40:08.189 22703 22703 V NearbyFragment: Transfer to 1NpN: 31%
07-03 01:40:08.193 22703 22703 V NearbyFragment: Transfer to 1NpN: 32%
07-03 01:40:08.197 22703 22703 V NearbyFragment: Transfer to 1NpN: 32%
07-03 01:40:08.209 22703 22703 V NearbyFragment: Transfer to 1NpN: 32%
07-03 01:40:08.212 22703 22703 V NearbyFragment: Transfer to 1NpN: 32%
07-03 01:40:08.222 22703 22703 V NearbyFragment: Transfer to 1NpN: 32%
07-03 01:40:08.230 22703 22703 V NearbyFragment: Transfer to 1NpN: 32%
07-03 01:40:08.239 22703 22703 V NearbyFragment: Transfer to 1NpN: 32%
07-03 01:40:08.245 22703 22703 V NearbyFragment: Transfer to 1NpN: 32%
07-03 01:40:08.248 22703 22703 V NearbyFragment: Transfer to 1NpN: 32%
07-03 01:40:08.251 22703 22703 V NearbyFragment: Transfer to 1NpN: 32%
07-03 01:40:08.253 22703 22703 V NearbyFragment: Transfer to 1NpN: 32%
07-03 01:40:08.259 22703 22703 V NearbyFragment: Transfer to 1NpN: 33%
07-03 01:40:08.265 22703 22703 V NearbyFragment: Transfer to 1NpN: 33%
07-03 01:40:08.268 22703 22703 V NearbyFragment: Transfer to 1NpN: 33%
07-03 01:40:08.271 22703 22703 V NearbyFragment: Transfer to 1NpN: 33%
07-03 01:40:08.285 22703 22703 V NearbyFragment: Transfer to 1NpN: 33%
07-03 01:40:08.289 22703 22703 V NearbyFragment: Transfer to 1NpN: 33%
07-03 01:40:08.292 22703 22703 V NearbyFragment: Transfer to 1NpN: 33%
07-03 01:40:08.300 22703 22703 V NearbyFragment: Transfer to 1NpN: 33%
07-03 01:40:08.304 22703 22703 V NearbyFragment: Transfer to 1NpN: 33%
07-03 01:40:08.309 22703 22703 V NearbyFragment: Transfer to 1NpN: 33%
07-03 01:40:08.320 22703 22703 V NearbyFragment: Transfer to 1NpN: 33%
07-03 01:40:08.323 22703 22703 V NearbyFragment: Transfer to 1NpN: 34%
07-03 01:40:08.329 22703 22703 V NearbyFragment: Transfer to 1NpN: 34%
07-03 01:40:08.333 22703 22703 V NearbyFragment: Transfer to 1NpN: 34%
07-03 01:40:08.342 22703 22703 V NearbyFragment: Transfer to 1NpN: 34%
07-03 01:40:08.345 22703 22703 V NearbyFragment: Transfer to 1NpN: 34%
07-03 01:40:08.350 22703 22703 V NearbyFragment: Transfer to 1NpN: 34%
07-03 01:40:08.354 22703 22703 V NearbyFragment: Transfer to 1NpN: 34%
07-03 01:40:08.358 22703 22703 V NearbyFragment: Transfer to 1NpN: 34%
07-03 01:40:08.366 22703 22703 V NearbyFragment: Transfer to 1NpN: 34%
07-03 01:40:08.371 22703 22703 V NearbyFragment: Transfer to 1NpN: 34%
07-03 01:40:08.375 22703 22703 V NearbyFragment: Transfer to 1NpN: 35%
07-03 01:40:08.380 22703 22703 V NearbyFragment: Transfer to 1NpN: 35%
07-03 01:40:08.383 22703 22703 V NearbyFragment: Transfer to 1NpN: 35%
07-03 01:40:08.388 22703 22703 V NearbyFragment: Transfer to 1NpN: 35%
07-03 01:40:08.395 22703 22703 V NearbyFragment: Transfer to 1NpN: 35%
07-03 01:40:08.412 22703 22703 V NearbyFragment: Transfer to 1NpN: 35%
07-03 01:40:08.417 22703 22703 V NearbyFragment: Transfer to 1NpN: 35%
07-03 01:40:08.426 22703 22703 V NearbyFragment: Transfer to 1NpN: 35%
07-03 01:40:08.431 22703 22703 V NearbyFragment: Transfer to 1NpN: 35%
07-03 01:40:08.434 22703 22703 V NearbyFragment: Transfer to 1NpN: 35%
07-03 01:40:08.440 22703 22703 V NearbyFragment: Transfer to 1NpN: 35%
07-03 01:40:08.447 22703 22703 V NearbyFragment: Transfer to 1NpN: 36%
07-03 01:40:08.454 22703 22703 V NearbyFragment: Transfer to 1NpN: 36%
07-03 01:40:08.464 22703 22703 V NearbyFragment: Transfer to 1NpN: 36%
07-03 01:40:08.468 22703 22703 V NearbyFragment: Transfer to 1NpN: 36%
07-03 01:40:08.473 22703 22703 V NearbyFragment: Transfer to 1NpN: 36%
07-03 01:40:08.477 22703 22703 V NearbyFragment: Transfer to 1NpN: 36%
07-03 01:40:08.481 22703 22703 V NearbyFragment: Transfer to 1NpN: 36%
07-03 01:40:08.656 22703 22703 V NearbyFragment: Transfer to 1NpN: 36%
07-03 01:40:08.669 22703 22703 V NearbyFragment: Transfer to 1NpN: 36%
07-03 01:40:08.678 22703 22703 V NearbyFragment: Transfer to 1NpN: 36%
07-03 01:40:08.686 22703 22703 V NearbyFragment: Transfer to 1NpN: 36%
07-03 01:40:08.694 22703 22703 V NearbyFragment: Transfer to 1NpN: 37%
07-03 01:40:08.700 22703 22703 V NearbyFragment: Transfer to 1NpN: 37%
07-03 01:40:08.706 22703 22703 V NearbyFragment: Transfer to 1NpN: 37%
07-03 01:40:08.713 22703 22703 V NearbyFragment: Transfer to 1NpN: 37%
07-03 01:40:08.721 22703 22703 V NearbyFragment: Transfer to 1NpN: 37%
07-03 01:40:08.726 22703 22703 V NearbyFragment: Transfer to 1NpN: 37%
07-03 01:40:08.733 22703 22703 V NearbyFragment: Transfer to 1NpN: 37%
07-03 01:40:08.739 22703 22703 V NearbyFragment: Transfer to 1NpN: 37%
07-03 01:40:08.744 22703 22703 V NearbyFragment: Transfer to 1NpN: 37%
07-03 01:40:08.749 22703 22703 V NearbyFragment: Transfer to 1NpN: 37%
07-03 01:40:08.754 22703 22703 V NearbyFragment: Transfer to 1NpN: 38%
07-03 01:40:08.760 22703 22703 V NearbyFragment: Transfer to 1NpN: 38%
07-03 01:40:08.764 22703 22703 V NearbyFragment: Transfer to 1NpN: 38%
07-03 01:40:08.769 22703 22703 V NearbyFragment: Transfer to 1NpN: 38%
07-03 01:40:08.774 22703 22703 V NearbyFragment: Transfer to 1NpN: 38%
07-03 01:40:08.778 22703 22703 V NearbyFragment: Transfer to 1NpN: 38%
07-03 01:40:08.782 22703 22703 V NearbyFragment: Transfer to 1NpN: 38%
07-03 01:40:08.786 22703 22703 V NearbyFragment: Transfer to 1NpN: 38%
07-03 01:40:08.790 22703 22703 V NearbyFragment: Transfer to 1NpN: 38%
07-03 01:40:08.794 22703 22703 V NearbyFragment: Transfer to 1NpN: 38%
07-03 01:40:08.799 22703 22703 V NearbyFragment: Transfer to 1NpN: 38%
07-03 01:40:08.803 22703 22703 V NearbyFragment: Transfer to 1NpN: 39%
07-03 01:40:08.807 22703 22703 V NearbyFragment: Transfer to 1NpN: 39%
07-03 01:40:08.811 22703 22703 V NearbyFragment: Transfer to 1NpN: 39%
07-03 01:40:08.815 22703 22703 V NearbyFragment: Transfer to 1NpN: 39%
07-03 01:40:08.820 22703 22703 V NearbyFragment: Transfer to 1NpN: 39%
07-03 01:40:08.824 22703 22703 V NearbyFragment: Transfer to 1NpN: 39%
07-03 01:40:08.830 22703 22703 V NearbyFragment: Transfer to 1NpN: 39%
07-03 01:40:08.835 22703 22703 V NearbyFragment: Transfer to 1NpN: 39%
07-03 01:40:08.840 22703 22703 V NearbyFragment: Transfer to 1NpN: 39%
07-03 01:40:08.842 22703 22703 V NearbyFragment: Transfer to 1NpN: 39%
07-03 01:40:08.846 22703 22703 V NearbyFragment: Transfer to 1NpN: 39%
07-03 01:40:08.850 22703 22703 V NearbyFragment: Transfer to 1NpN: 40%
07-03 01:40:08.853 22703 22703 V NearbyFragment: Transfer to 1NpN: 40%
07-03 01:40:08.857 22703 22703 V NearbyFragment: Transfer to 1NpN: 40%
07-03 01:40:08.861 22703 22703 V NearbyFragment: Transfer to 1NpN: 40%
07-03 01:40:08.865 22703 22703 V NearbyFragment: Transfer to 1NpN: 40%
07-03 01:40:08.868 22703 22703 V NearbyFragment: Transfer to 1NpN: 40%
07-03 01:40:08.872 22703 22703 V NearbyFragment: Transfer to 1NpN: 40%
07-03 01:40:08.876 22703 22703 V NearbyFragment: Transfer to 1NpN: 40%
07-03 01:40:08.881 22703 22703 V NearbyFragment: Transfer to 1NpN: 40%
07-03 01:40:08.884 22703 22703 V NearbyFragment: Transfer to 1NpN: 40%
07-03 01:40:08.887 22703 22703 V NearbyFragment: Transfer to 1NpN: 41%
07-03 01:40:08.890 22703 22703 V NearbyFragment: Transfer to 1NpN: 41%
07-03 01:40:08.894 22703 22703 V NearbyFragment: Transfer to 1NpN: 41%
07-03 01:40:08.897 22703 22703 V NearbyFragment: Transfer to 1NpN: 41%
07-03 01:40:08.899 22703 22703 V NearbyFragment: Transfer to 1NpN: 41%
07-03 01:40:08.906 22703 22703 V NearbyFragment: Transfer to 1NpN: 41%
07-03 01:40:08.909 22703 22703 V NearbyFragment: Transfer to 1NpN: 41%
07-03 01:40:08.912 22703 22703 V NearbyFragment: Transfer to 1NpN: 41%
07-03 01:40:08.931 22703 22703 V NearbyFragment: Transfer to 1NpN: 41%
07-03 01:40:08.948 22703 22703 V NearbyFragment: Transfer to 1NpN: 41%
07-03 01:40:08.951 22703 22703 V NearbyFragment: Transfer to 1NpN: 41%
07-03 01:40:08.954 22703 22703 V NearbyFragment: Transfer to 1NpN: 42%
07-03 01:40:08.961 22703 22703 V NearbyFragment: Transfer to 1NpN: 42%
