--------- beginning of main
06-29 19:49:06.393 30697 30697 E Zygote  : isWhitelistProcess - Process is Whitelisted
06-29 19:49:06.396 30697 30697 E Zygote  : accessInfo : 1
06-29 19:49:06.412 30697 30697 I example.edgesu: Late-enabling -Xcheck:jni
--------- beginning of system
06-29 19:49:07.948 30697 30697 I ActivityThread: handleStopService: token=android.os.BinderProxy@cacefe9 not found.
06-29 19:49:07.956 30697 30697 I TransferService: Starting Transfer Service to listen for network connectivity changes.
06-29 19:49:07.963 30697 30697 W LogFactory: Truncating log tag length as it exceed 23, the limit imposed by Android on certain API Levels
06-29 19:49:08.047 30697 30697 I TransferService: Registering the network receiver
06-29 19:49:08.051 30697 30697 I TransferService: Moving the service out of the Foreground state.
06-29 19:49:08.052 30697 30697 I TransferService: De-registering the network receiver.
06-29 19:49:11.252 30697 30697 W ActivityThread: handleWindowVisibility: no activity for token android.os.BinderProxy@6bb8346
06-29 19:49:11.267 30697 30716 D vndksupport: Loading /vendor/lib64/egl/libGLES_mali.so from current namespace instead of sphal namespace.
06-29 19:49:11.294 30697 30716 D libEGL  : loaded /vendor/lib64/egl/libGLES_mali.so
06-29 19:49:11.340 30697 30697 W example.edgesu: Accessing hidden method Landroid/graphics/drawable/Drawable;->getOpticalInsets()Landroid/graphics/Insets; (light greylist, linking)
06-29 19:49:11.341 30697 30697 W example.edgesu: Accessing hidden field Landroid/graphics/Insets;->left:I (light greylist, linking)
06-29 19:49:11.341 30697 30697 W example.edgesu: Accessing hidden field Landroid/graphics/Insets;->right:I (light greylist, linking)
06-29 19:49:11.341 30697 30697 W example.edgesu: Accessing hidden field Landroid/graphics/Insets;->top:I (light greylist, linking)
06-29 19:49:11.341 30697 30697 W example.edgesu: Accessing hidden field Landroid/graphics/Insets;->bottom:I (light greylist, linking)
06-29 19:49:11.358 30697 30697 I DecorView: createDecorCaptionView >> DecorView@eb12f1b[], isFloating: false, isApplication: true, hasWindowDecorCaption: false, hasWindowControllerCallback: true
06-29 19:49:11.387 30697 30697 W example.edgesu: Accessing hidden method Landroid/view/View;->computeFitSystemWindows(Landroid/graphics/Rect;Landroid/graphics/Rect;)Z (light greylist, reflection)
06-29 19:49:11.388 30697 30697 W example.edgesu: Accessing hidden method Landroid/view/ViewGroup;->makeOptionalFitsSystemWindows()V (light greylist, reflection)
06-29 19:49:11.491 30697 30697 W example.edgesu: Accessing hidden method Landroid/widget/TextView;->getTextDirectionHeuristic()Landroid/text/TextDirectionHeuristic; (light greylist, linking)
06-29 19:49:11.501 30697 30697 W example.edgesu: Accessing hidden field Landroid/view/View;->mAccessibilityDelegate:Landroid/view/View$AccessibilityDelegate; (light greylist, reflection)
06-29 19:49:11.565 30697 30697 V Repo    : /storage/emulated/0/Movies/raw
06-29 19:49:11.566 30697 30697 V Repo    : /storage/emulated/0/Movies/summarised
06-29 19:49:11.573 30697 30697 I example.edgesu: Waiting for a blocking GC ClassLinker
06-29 19:49:11.596 30697 30697 V FileManager: External storage is readable
06-29 19:49:11.597 30697 30697 V FileManager: Created new directory: /storage/emulated/0/Movies/raw
06-29 19:49:11.599 30697 30697 V FileManager: External storage is readable
06-29 19:49:11.600 30697 30697 V FileManager: Created new directory: /storage/emulated/0/Movies/summarised
06-29 19:49:11.601 30697 30697 V FileManager: External storage is readable
06-29 19:49:11.603 30697 30697 V FileManager: Created new directory: /storage/emulated/0/Download/nearby
06-29 19:49:11.604 30697 30697 V FileManager: External storage is readable
06-29 19:49:11.604 30697 30697 V FileManager: Created new directory: /storage/emulated/0/Movies/segment
06-29 19:49:11.605 30697 30697 V FileManager: External storage is readable
06-29 19:49:11.606 30697 30697 V FileManager: Created new directory: /storage/emulated/0/Movies/segment-sum
06-29 19:49:11.741 30697 30697 V VideoManager: getAllVideoFromExternalStorageFolder
06-29 19:49:11.743 30697 30697 D VideoManager: /storage/emulated/0/Movies/summarised
06-29 19:49:11.751 30697 30697 D VideoManager: 0 videos return
06-29 19:49:11.779 30697 30697 V VideoManager: getAllVideoFromExternalStorageFolder
06-29 19:49:11.781 30697 30697 D VideoManager: /storage/emulated/0/Movies/raw
06-29 19:49:11.786 30697 30697 D VideoManager: 0 videos return
06-29 19:49:11.809 30697 30697 D OpenGLRenderer: Skia GL Pipeline
06-29 19:49:11.812 30697 30697 D EmergencyMode: [EmergencyManager] android createPackageContext successful
06-29 19:49:11.826 30697 30697 D InputTransport: Input channel constructed: fd=64
06-29 19:49:11.828 30697 30697 D ViewRootImpl@8a5b97f[MainActivity]: setView = DecorView@eb12f1b[MainActivity] TM=true MM=false
06-29 19:49:11.833 30697 30697 I TransferService: Starting Transfer Service to listen for network connectivity changes.
06-29 19:49:11.833 30697 30697 I TransferService: Registering the network receiver
06-29 19:49:11.835 30697 30697 E TransferService: No notification is passed in the intent. Unable to transition to foreground.
06-29 19:49:11.862 30697 30710 D MainActivity: Scanned /storage/emulated/0/Movies/raw
06-29 19:49:11.862 30697 30710 D MainActivity:   -> uri=content://media/external/file/136785
06-29 19:49:11.878 30697 30697 D ViewRootImpl@8a5b97f[MainActivity]: dispatchAttachedToWindow
06-29 19:49:11.894 30697 30697 W StaticLayout: maxLineHeight should not be -1.  maxLines:1 lineCount:1
06-29 19:49:11.902 30697 30710 D MainActivity: Scanned /storage/emulated/0/Movies/summarised
06-29 19:49:11.902 30697 30710 D MainActivity:   -> uri=content://media/external/file/136786
06-29 19:49:11.903 30697 30697 W StaticLayout: maxLineHeight should not be -1.  maxLines:1 lineCount:1
06-29 19:49:11.907 30697 30697 W StaticLayout: maxLineHeight should not be -1.  maxLines:1 lineCount:1
06-29 19:49:11.911 30697 30697 W StaticLayout: maxLineHeight should not be -1.  maxLines:1 lineCount:1
06-29 19:49:11.921 30697 30697 D ViewRootImpl@8a5b97f[MainActivity]: Relayout returned: old=[0,0][720,1480] new=[0,0][720,1480] result=0x7 surface={valid=true 539522809856} changed=true
06-29 19:49:11.927 30697 30721 I ConfigStore: android::hardware::configstore::V1_0::ISurfaceFlingerConfigs::hasWideColorDisplay retrieved: 0
06-29 19:49:11.928 30697 30721 I ConfigStore: android::hardware::configstore::V1_0::ISurfaceFlingerConfigs::hasHDRDisplay retrieved: 0
06-29 19:49:11.928 30697 30721 I OpenGLRenderer: Initialized EGL, version 1.4
06-29 19:49:11.928 30697 30721 D OpenGLRenderer: Swap behavior 2
06-29 19:49:11.930 30697 30697 W StaticLayout: maxLineHeight should not be -1.  maxLines:1 lineCount:1
06-29 19:49:11.935 30697 30697 W StaticLayout: maxLineHeight should not be -1.  maxLines:1 lineCount:1
06-29 19:49:11.939 30697 30721 D mali_winsys: EGLint new_window_surface(egl_winsys_display *, void *, EGLSurface, EGLConfig, egl_winsys_surface **, EGLBoolean) returns 0x3000
06-29 19:49:11.939 30697 30721 D OpenGLRenderer: eglCreateWindowSurface = 0x7d857c2800, 0x7d9e10c010
06-29 19:49:11.947 30697 30697 I TransferNetworkLossHand: Network connectivity changed detected.
06-29 19:49:11.947 30697 30697 I TransferNetworkLossHand: Network connected: false
06-29 19:49:12.021 30697 30721 D vndksupport: Loading /vendor/lib64/hw/android.hardware.graphics.mapper@2.0-impl.so from current namespace instead of sphal namespace.
06-29 19:49:12.042 30697 30697 D ViewRootImpl@8a5b97f[MainActivity]: MSG_RESIZED: frame=Rect(0, 0 - 720, 1480) ci=Rect(0, 48 - 0, 96) vi=Rect(0, 48 - 0, 96) or=1
06-29 19:49:12.043 30697 30697 D ViewRootImpl@8a5b97f[MainActivity]: setWindowStopped(false) old=false
06-29 19:49:12.052 30697 30697 D ViewRootImpl@8a5b97f[MainActivity]: MSG_WINDOW_FOCUS_CHANGED 1 1
06-29 19:49:12.052 30697 30697 D InputMethodManager: prepareNavigationBarInfo() DecorView@eb12f1b[MainActivity]
06-29 19:49:12.052 30697 30697 D InputMethodManager: getNavigationBarColor() -855310
06-29 19:49:12.057 30697 30697 D InputMethodManager: prepareNavigationBarInfo() DecorView@eb12f1b[MainActivity]
06-29 19:49:12.057 30697 30697 D InputMethodManager: getNavigationBarColor() -855310
06-29 19:49:12.057 30697 30697 V InputMethodManager: Starting input: tba=com.example.edgesum ic=null mNaviBarColor -855310 mIsGetNaviBarColorSuccess true , NavVisible : true , NavTrans : false
06-29 19:49:12.057 30697 30697 D InputMethodManager: startInputInner - Id : 0
06-29 19:49:12.057 30697 30697 I InputMethodManager: startInputInner - mService.startInputOrWindowGainedFocus
06-29 19:49:12.062 30697 30710 D InputTransport: Input channel constructed: fd=74
06-29 19:49:12.093 30697 30697 D InputMethodManager: prepareNavigationBarInfo() DecorView@eb12f1b[MainActivity]
06-29 19:49:12.093 30697 30697 D InputMethodManager: getNavigationBarColor() -855310
06-29 19:49:12.093 30697 30697 V InputMethodManager: Starting input: tba=com.example.edgesum ic=null mNaviBarColor -855310 mIsGetNaviBarColorSuccess true , NavVisible : true , NavTrans : false
06-29 19:49:12.094 30697 30697 D InputMethodManager: startInputInner - Id : 0
06-29 19:49:18.793 30697 30697 D ViewRootImpl@8a5b97f[MainActivity]: ViewPostIme pointer 0
06-29 19:49:18.863 30697 30697 D ViewRootImpl@8a5b97f[MainActivity]: ViewPostIme pointer 1
06-29 19:49:18.886 30697 30697 V MainActivity: Connect button clicked
06-29 19:49:20.517 30697 30697 D ViewRootImpl@8a5b97f[MainActivity]: ViewPostIme pointer 0
06-29 19:49:20.590 30697 30697 D ViewRootImpl@8a5b97f[MainActivity]: ViewPostIme pointer 1
06-29 19:49:20.599 30697 30697 V ConnectionFragment: Discovery switch checked
06-29 19:49:21.734 30697 30697 D NearbyFragment: Started discovering
06-29 19:49:24.839 30697 30697 D NearbyFragment: Found endpoint rc9L: Nexus 5X [34d8]
06-29 19:49:24.884 30697 30697 W example.edgesu: Accessing hidden method Landroid/graphics/FontFamily;-><init>()V (light greylist, reflection)
06-29 19:49:24.884 30697 30697 W example.edgesu: Accessing hidden method Landroid/graphics/FontFamily;->addFontFromAssetManager(Landroid/content/res/AssetManager;Ljava/lang/String;IZIII[Landroid/graphics/fonts/FontVariationAxis;)Z (light greylist, reflection)
06-29 19:49:24.884 30697 30697 W example.edgesu: Accessing hidden method Landroid/graphics/FontFamily;->addFontFromBuffer(Ljava/nio/ByteBuffer;I[Landroid/graphics/fonts/FontVariationAxis;II)Z (light greylist, reflection)
06-29 19:49:24.885 30697 30697 W example.edgesu: Accessing hidden method Landroid/graphics/FontFamily;->freeze()Z (light greylist, reflection)
06-29 19:49:24.885 30697 30697 W example.edgesu: Accessing hidden method Landroid/graphics/FontFamily;->abortCreation()V (light greylist, reflection)
06-29 19:49:24.886 30697 30697 W example.edgesu: Accessing hidden method Landroid/graphics/Typeface;->createFromFamiliesWithDefault([Landroid/graphics/FontFamily;Ljava/lang/String;II)Landroid/graphics/Typeface; (light greylist, reflection)
06-29 19:49:29.138 30697 30697 D ViewRootImpl@8a5b97f[MainActivity]: ViewPostIme pointer 0
06-29 19:49:29.206 30697 30697 D ViewRootImpl@8a5b97f[MainActivity]: ViewPostIme pointer 1
06-29 19:49:29.905 30697 30697 D ViewRootImpl@8a5b97f[MainActivity]: ViewPostIme pointer 0
06-29 19:49:29.978 30697 30697 D ViewRootImpl@8a5b97f[MainActivity]: ViewPostIme pointer 1
06-29 19:49:30.020 30697 30697 D NearbyFragment: Selected 'Endpoint{id=rc9L, name=Nexus 5X [34d8]}'
06-29 19:49:30.038 30697 30697 D InputTransport: Input channel constructed: fd=76
06-29 19:49:30.039 30697 30697 D ViewRootImpl@9c00aad[Toast]: setView = android.widget.LinearLayout{8d371e2 V.E...... ......I. 0,0-0,0} TM=true MM=false
06-29 19:49:30.040 30697 30697 V Toast   : Text: Donn in android.widget.Toast$TN@5868973
06-29 19:49:30.044 30697 30697 D ViewRootImpl@9c00aad[Toast]: dispatchAttachedToWindow
06-29 19:49:30.061 30697 30697 D ViewRootImpl@9c00aad[Toast]: Relayout returned: old=[0,48][720,1384] new=[118,1168][602,1256] result=0x7 surface={valid=true 539104243712} changed=true
06-29 19:49:30.065 30697 30721 D mali_winsys: EGLint new_window_surface(egl_winsys_display *, void *, EGLSurface, EGLConfig, egl_winsys_surface **, EGLBoolean) returns 0x3000
06-29 19:49:30.065 30697 30721 D OpenGLRenderer: eglCreateWindowSurface = 0x7d84f99800, 0x7d851df010
06-29 19:49:30.070 30697 30697 D ViewRootImpl@9c00aad[Toast]: MSG_RESIZED: frame=Rect(118, 1168 - 602, 1256) ci=Rect(0, 0 - 0, 0) vi=Rect(0, 0 - 0, 0) or=1
06-29 19:49:33.124 30697 30697 D NearbyFragment: Initiated connection with Endpoint{id=rc9L, name=Nexus 5X [34d8]}: Nexus 5X [34d8]
06-29 19:49:33.141 30697 30697 D Dialog  : mIsSamsungBasicInteraction = false
06-29 19:49:33.141 30697 30697 D Dialog  : mIsSamsungBasicInteraction = false, isMetaDataInActivity = false
06-29 19:49:33.178 30697 30697 I DecorView: createDecorCaptionView >> DecorView@a77b3eb[], isFloating: true, isApplication: true, hasWindowDecorCaption: false, hasWindowControllerCallback: false
06-29 19:49:33.249 30697 30697 D ScrollView: initGoToTop
06-29 19:49:33.301 30697 30697 D InputTransport: Input channel constructed: fd=80
06-29 19:49:33.305 30697 30697 D ViewRootImpl@6f0cb7[MainActivity]: setView = DecorView@a77b3eb[MainActivity] TM=true MM=false
06-29 19:49:33.307 30697 30697 D NearbyFragment: Requested connection with Endpoint{id=rc9L, name=Nexus 5X [34d8]}
06-29 19:49:33.317 30697 30697 D ViewRootImpl@6f0cb7[MainActivity]: dispatchAttachedToWindow
06-29 19:49:33.377 30697 30697 D ViewRootImpl@6f0cb7[MainActivity]: Relayout returned: old=[0,48][720,1384] new=[18,508][702,923] result=0x7 surface={valid=true 539107639296} changed=true
06-29 19:49:33.381 30697 30721 D mali_winsys: EGLint new_window_surface(egl_winsys_display *, void *, EGLSurface, EGLConfig, egl_winsys_surface **, EGLBoolean) returns 0x3000
06-29 19:49:33.381 30697 30721 D OpenGLRenderer: eglCreateWindowSurface = 0x7d85512700, 0x7d8551c010
06-29 19:49:33.396 30697 30697 D ScrollView:  onsize change changed 
06-29 19:49:33.398 30697 30697 D ViewRootImpl@6f0cb7[MainActivity]: MSG_WINDOW_FOCUS_CHANGED 1 1
06-29 19:49:33.432 30697 30697 D ViewRootImpl@6f0cb7[MainActivity]: MSG_RESIZED: frame=Rect(18, 508 - 702, 923) ci=Rect(0, 0 - 0, 0) vi=Rect(0, 0 - 0, 0) or=1
06-29 19:49:33.457 30697 30697 D ViewRootImpl@8a5b97f[MainActivity]: MSG_WINDOW_FOCUS_CHANGED 0 1
06-29 19:49:33.457 30697 30697 D InputMethodManager: prepareNavigationBarInfo() DecorView@eb12f1b[MainActivity]
06-29 19:49:33.458 30697 30697 D InputMethodManager: getNavigationBarColor() -855310
06-29 19:49:33.523 30697 30721 W libEGL  : EGLNativeWindowType 0x7d851df010 disconnect failed
06-29 19:49:33.523 30697 30721 D OpenGLRenderer: eglDestroySurface = 0x7d84f99800, 0x7d851df000
06-29 19:49:33.524 30697 30697 D ViewRootImpl@9c00aad[Toast]: dispatchDetachedFromWindow
06-29 19:49:33.524 30697 30697 D ViewRootImpl@9c00aad[Toast]: Surface release. android.view.ViewRootImpl.doDie:7979 android.view.ViewRootImpl.die:7947 android.view.WindowManagerGlobal.removeViewLocked:497 android.view.WindowManagerGlobal.removeView:435 android.view.WindowManagerImpl.removeViewImmediate:124 android.widget.Toast$TN.handleHide:1110 android.widget.Toast$TN$1.handleMessage:898 android.os.Handler.dispatchMessage:106 
06-29 19:49:33.542 30697 30697 D InputTransport: Input channel destroyed: fd=76
06-29 19:49:34.613 30697 30697 D ViewRootImpl@6f0cb7[MainActivity]: ViewPostIme pointer 0
06-29 19:49:34.679 30697 30697 D ViewRootImpl@6f0cb7[MainActivity]: ViewPostIme pointer 1
06-29 19:49:34.715 30697 30721 W libEGL  : EGLNativeWindowType 0x7d8551c010 disconnect failed
06-29 19:49:34.715 30697 30721 D OpenGLRenderer: eglDestroySurface = 0x7d85512700, 0x7d8551c000
06-29 19:49:34.715 30697 30721 D OpenGLRenderer: endAllActiveAnimators on 0x7d85546600 (RippleDrawable) with handle 0x7d85389600
06-29 19:49:34.715 30697 30697 D ViewRootImpl@6f0cb7[MainActivity]: dispatchDetachedFromWindow
06-29 19:49:34.716 30697 30697 D ViewRootImpl@6f0cb7[MainActivity]: Surface release. android.view.ViewRootImpl.doDie:7979 android.view.ViewRootImpl.die:7947 android.view.WindowManagerGlobal.removeViewLocked:497 android.view.WindowManagerGlobal.removeView:435 android.view.WindowManagerImpl.removeViewImmediate:124 android.app.Dialog.dismissDialog:518 android.app.Dialog.dismiss:501 androidx.appcompat.app.AlertController$ButtonHandler.handleMessage:171 
06-29 19:49:34.735 30697 30697 D InputTransport: Input channel destroyed: fd=80
06-29 19:49:34.739 30697 30697 I NearbyFragment: Connected to Endpoint{id=rc9L, name=Nexus 5X [34d8]}
06-29 19:49:34.816 30697 30697 E ViewRootImpl: sendUserActionEvent() returned.
06-29 19:49:34.816 30697 30697 D ViewRootImpl@8a5b97f[MainActivity]: MSG_WINDOW_FOCUS_CHANGED 1 1
06-29 19:49:34.817 30697 30697 D InputMethodManager: prepareNavigationBarInfo() DecorView@eb12f1b[MainActivity]
06-29 19:49:34.818 30697 30697 D InputMethodManager: getNavigationBarColor() -855310
06-29 19:49:35.423 30697 30697 D ViewRootImpl@8a5b97f[MainActivity]: ViewPostIme pointer 0
06-29 19:49:35.522 30697 30697 D ViewRootImpl@8a5b97f[MainActivity]: ViewPostIme pointer 1
06-29 19:49:35.528 30697 30697 V ConnectionFragment: Discovery switch unchecked
06-29 19:49:35.528 30697 30697 D NearbyFragment: Stopped discovering
06-29 19:49:40.338 30697 30697 I TransferNetworkLossHand: Network connectivity changed detected.
06-29 19:49:40.371 30697 30697 I TransferNetworkLossHand: Network connected: true
06-29 19:49:40.390 30697 31567 D TransferNetworkLossHand: Loading transfers from database...
06-29 19:49:40.398 30697 31567 D TransferNetworkLossHand: Closing the cursor for resumeAllTransfers
06-29 19:49:40.399 30697 31567 D TransferNetworkLossHand: 0 transfers are loaded from database.
06-29 19:51:16.475 30697 30697 D NearbyFragment: onPayloadReceived(endpointId=rc9L, payload=com.google.android.gms.nearby.connection.Payload@556ac6d)
06-29 19:51:16.482 30697 30697 V NearbyFragment: Started downloading SUMMARISE:-5280656662158320185:20200312_150643.mp4:45.0_1.0_23_medium from Endpoint{id=rc9L, name=Nexus 5X [34d8]}
06-29 19:51:16.489 30697 30697 V NearbyFragment: Transfer to rc9L: 100%
06-29 19:51:16.492 30697 30697 V NearbyFragment: Transfer to rc9L: 100%
06-29 19:51:16.494 30697 30697 D NearbyFragment: onPayloadReceived(endpointId=rc9L, payload=com.google.android.gms.nearby.connection.Payload@5251cf0)
06-29 19:51:16.496 30697 30697 V NearbyFragment: Transfer to rc9L: 0%
06-29 19:51:16.501 30697 30697 V NearbyFragment: Transfer to rc9L: 0%
06-29 19:51:16.507 30697 30697 V NearbyFragment: Transfer to rc9L: 0%
06-29 19:51:16.512 30697 30697 V NearbyFragment: Transfer to rc9L: 0%
06-29 19:51:16.517 30697 30697 V NearbyFragment: Transfer to rc9L: 0%
06-29 19:51:16.524 30697 30697 V NearbyFragment: Transfer to rc9L: 0%
06-29 19:51:16.528 30697 30697 V NearbyFragment: Transfer to rc9L: 0%
06-29 19:51:16.532 30697 30697 V NearbyFragment: Transfer to rc9L: 0%
06-29 19:51:16.537 30697 30697 V NearbyFragment: Transfer to rc9L: 0%
06-29 19:51:16.543 30697 30697 V NearbyFragment: Transfer to rc9L: 0%
06-29 19:51:16.550 30697 30697 V NearbyFragment: Transfer to rc9L: 1%
06-29 19:51:16.557 30697 30697 V NearbyFragment: Transfer to rc9L: 1%
06-29 19:51:16.563 30697 30697 V NearbyFragment: Transfer to rc9L: 1%
06-29 19:51:16.579 30697 30697 V NearbyFragment: Transfer to rc9L: 1%
06-29 19:51:16.585 30697 30697 V NearbyFragment: Transfer to rc9L: 1%
06-29 19:51:16.591 30697 30697 V NearbyFragment: Transfer to rc9L: 1%
06-29 19:51:16.597 30697 30697 V NearbyFragment: Transfer to rc9L: 1%
06-29 19:51:16.604 30697 30697 V NearbyFragment: Transfer to rc9L: 1%
06-29 19:51:16.610 30697 30697 V NearbyFragment: Transfer to rc9L: 1%
06-29 19:51:16.614 30697 30697 V NearbyFragment: Transfer to rc9L: 1%
06-29 19:51:16.624 30697 30697 V NearbyFragment: Transfer to rc9L: 1%
06-29 19:51:16.632 30697 30697 V NearbyFragment: Transfer to rc9L: 2%
06-29 19:51:16.640 30697 30697 V NearbyFragment: Transfer to rc9L: 2%
06-29 19:51:16.644 30697 30697 V NearbyFragment: Transfer to rc9L: 2%
06-29 19:51:16.657 30697 30697 V NearbyFragment: Transfer to rc9L: 2%
06-29 19:51:16.665 30697 30697 V NearbyFragment: Transfer to rc9L: 2%
06-29 19:51:16.673 30697 30697 V NearbyFragment: Transfer to rc9L: 2%
06-29 19:51:16.682 30697 30697 V NearbyFragment: Transfer to rc9L: 2%
06-29 19:51:16.688 30697 30697 V NearbyFragment: Transfer to rc9L: 2%
06-29 19:51:16.696 30697 30697 V NearbyFragment: Transfer to rc9L: 2%
06-29 19:51:16.701 30697 30697 V NearbyFragment: Transfer to rc9L: 2%
06-29 19:51:16.705 30697 30697 V NearbyFragment: Transfer to rc9L: 2%
06-29 19:51:16.708 30697 30697 V NearbyFragment: Transfer to rc9L: 3%
06-29 19:51:16.713 30697 30697 V NearbyFragment: Transfer to rc9L: 3%
06-29 19:51:16.718 30697 30697 V NearbyFragment: Transfer to rc9L: 3%
06-29 19:51:16.725 30697 30697 V NearbyFragment: Transfer to rc9L: 3%
06-29 19:51:16.729 30697 30697 V NearbyFragment: Transfer to rc9L: 3%
06-29 19:51:16.734 30697 30697 V NearbyFragment: Transfer to rc9L: 3%
06-29 19:51:16.740 30697 30697 V NearbyFragment: Transfer to rc9L: 3%
06-29 19:51:16.743 30697 30697 V NearbyFragment: Transfer to rc9L: 3%
06-29 19:51:16.748 30697 30697 V NearbyFragment: Transfer to rc9L: 3%
06-29 19:51:16.752 30697 30697 V NearbyFragment: Transfer to rc9L: 3%
06-29 19:51:16.758 30697 30697 V NearbyFragment: Transfer to rc9L: 4%
06-29 19:51:16.764 30697 30697 V NearbyFragment: Transfer to rc9L: 4%
06-29 19:51:16.769 30697 30697 V NearbyFragment: Transfer to rc9L: 4%
06-29 19:51:16.773 30697 30697 V NearbyFragment: Transfer to rc9L: 4%
06-29 19:51:16.780 30697 30697 V NearbyFragment: Transfer to rc9L: 4%
06-29 19:51:16.783 30697 30697 V NearbyFragment: Transfer to rc9L: 4%
06-29 19:51:16.788 30697 30697 V NearbyFragment: Transfer to rc9L: 4%
06-29 19:51:16.793 30697 30697 V NearbyFragment: Transfer to rc9L: 4%
06-29 19:51:16.799 30697 30697 V NearbyFragment: Transfer to rc9L: 4%
06-29 19:51:16.803 30697 30697 V NearbyFragment: Transfer to rc9L: 4%
06-29 19:51:16.807 30697 30697 V NearbyFragment: Transfer to rc9L: 4%
06-29 19:51:16.812 30697 30697 V NearbyFragment: Transfer to rc9L: 5%
06-29 19:51:16.816 30697 30697 V NearbyFragment: Transfer to rc9L: 5%
06-29 19:51:16.819 30697 30697 V NearbyFragment: Transfer to rc9L: 5%
06-29 19:51:16.824 30697 30697 V NearbyFragment: Transfer to rc9L: 5%
06-29 19:51:16.834 30697 30697 V NearbyFragment: Transfer to rc9L: 5%
06-29 19:51:16.838 30697 30697 V NearbyFragment: Transfer to rc9L: 5%
06-29 19:51:16.843 30697 30697 V NearbyFragment: Transfer to rc9L: 5%
06-29 19:51:16.848 30697 30697 V NearbyFragment: Transfer to rc9L: 5%
06-29 19:51:16.853 30697 30697 V NearbyFragment: Transfer to rc9L: 5%
06-29 19:51:16.857 30697 30697 V NearbyFragment: Transfer to rc9L: 5%
06-29 19:51:16.862 30697 30697 V NearbyFragment: Transfer to rc9L: 5%
06-29 19:51:17.086 30697 30697 V NearbyFragment: Transfer to rc9L: 6%
06-29 19:51:17.096 30697 30697 V NearbyFragment: Transfer to rc9L: 6%
06-29 19:51:17.103 30697 30697 V NearbyFragment: Transfer to rc9L: 6%
06-29 19:51:17.111 30697 30697 V NearbyFragment: Transfer to rc9L: 6%
06-29 19:51:17.118 30697 30697 V NearbyFragment: Transfer to rc9L: 6%
06-29 19:51:17.125 30697 30697 V NearbyFragment: Transfer to rc9L: 6%
06-29 19:51:17.130 30697 30697 V NearbyFragment: Transfer to rc9L: 6%
06-29 19:51:17.134 30697 30697 V NearbyFragment: Transfer to rc9L: 6%
06-29 19:51:17.141 30697 30697 V NearbyFragment: Transfer to rc9L: 6%
06-29 19:51:17.147 30697 30697 V NearbyFragment: Transfer to rc9L: 6%
06-29 19:51:17.153 30697 30697 V NearbyFragment: Transfer to rc9L: 7%
06-29 19:51:17.158 30697 30697 V NearbyFragment: Transfer to rc9L: 7%
06-29 19:51:17.163 30697 30697 V NearbyFragment: Transfer to rc9L: 7%
06-29 19:51:17.168 30697 30697 V NearbyFragment: Transfer to rc9L: 7%
06-29 19:51:17.173 30697 30697 V NearbyFragment: Transfer to rc9L: 7%
06-29 19:51:17.177 30697 30697 V NearbyFragment: Transfer to rc9L: 7%
06-29 19:51:17.183 30697 30697 V NearbyFragment: Transfer to rc9L: 7%
06-29 19:51:17.186 30697 30697 V NearbyFragment: Transfer to rc9L: 7%
06-29 19:51:17.191 30697 30697 V NearbyFragment: Transfer to rc9L: 7%
06-29 19:51:17.196 30697 30697 V NearbyFragment: Transfer to rc9L: 7%
06-29 19:51:17.199 30697 30697 V NearbyFragment: Transfer to rc9L: 7%
06-29 19:51:17.211 30697 30697 V NearbyFragment: Transfer to rc9L: 8%
06-29 19:51:17.216 30697 30697 V NearbyFragment: Transfer to rc9L: 8%
06-29 19:51:17.222 30697 30697 V NearbyFragment: Transfer to rc9L: 8%
06-29 19:51:17.227 30697 30697 V NearbyFragment: Transfer to rc9L: 8%
06-29 19:51:17.232 30697 30697 V NearbyFragment: Transfer to rc9L: 8%
06-29 19:51:17.236 30697 30697 V NearbyFragment: Transfer to rc9L: 8%
06-29 19:51:17.241 30697 30697 V NearbyFragment: Transfer to rc9L: 8%
06-29 19:51:17.244 30697 30697 V NearbyFragment: Transfer to rc9L: 8%
06-29 19:51:17.250 30697 30697 V NearbyFragment: Transfer to rc9L: 8%
06-29 19:51:17.252 30697 30697 V NearbyFragment: Transfer to rc9L: 8%
06-29 19:51:17.256 30697 30697 V NearbyFragment: Transfer to rc9L: 8%
06-29 19:51:17.262 30697 30697 V NearbyFragment: Transfer to rc9L: 9%
06-29 19:51:17.266 30697 30697 V NearbyFragment: Transfer to rc9L: 9%
06-29 19:51:17.271 30697 30697 V NearbyFragment: Transfer to rc9L: 9%
06-29 19:51:17.278 30697 30697 V NearbyFragment: Transfer to rc9L: 9%
06-29 19:51:17.282 30697 30697 V NearbyFragment: Transfer to rc9L: 9%
06-29 19:51:17.290 30697 30697 V NearbyFragment: Transfer to rc9L: 9%
06-29 19:51:17.294 30697 30697 V NearbyFragment: Transfer to rc9L: 9%
06-29 19:51:17.298 30697 30697 V NearbyFragment: Transfer to rc9L: 9%
06-29 19:51:17.303 30697 30697 V NearbyFragment: Transfer to rc9L: 9%
06-29 19:51:17.308 30697 30697 V NearbyFragment: Transfer to rc9L: 9%
06-29 19:51:17.313 30697 30697 V NearbyFragment: Transfer to rc9L: 10%
06-29 19:51:17.317 30697 30697 V NearbyFragment: Transfer to rc9L: 10%
06-29 19:51:17.321 30697 30697 V NearbyFragment: Transfer to rc9L: 10%
06-29 19:51:17.326 30697 30697 V NearbyFragment: Transfer to rc9L: 10%
06-29 19:51:17.334 30697 30697 V NearbyFragment: Transfer to rc9L: 10%
06-29 19:51:17.336 30697 30697 V NearbyFragment: Transfer to rc9L: 10%
06-29 19:51:17.341 30697 30697 V NearbyFragment: Transfer to rc9L: 10%
06-29 19:51:17.345 30697 30697 V NearbyFragment: Transfer to rc9L: 10%
06-29 19:51:17.352 30697 30697 V NearbyFragment: Transfer to rc9L: 10%
06-29 19:51:17.356 30697 30697 V NearbyFragment: Transfer to rc9L: 10%
06-29 19:51:17.366 30697 30697 V NearbyFragment: Transfer to rc9L: 10%
06-29 19:51:17.370 30697 30697 V NearbyFragment: Transfer to rc9L: 11%
06-29 19:51:17.376 30697 30697 V NearbyFragment: Transfer to rc9L: 11%
06-29 19:51:17.379 30697 30697 V NearbyFragment: Transfer to rc9L: 11%
06-29 19:51:17.383 30697 30697 V NearbyFragment: Transfer to rc9L: 11%
06-29 19:51:17.386 30697 30697 V NearbyFragment: Transfer to rc9L: 11%
06-29 19:51:17.392 30697 30697 V NearbyFragment: Transfer to rc9L: 11%
06-29 19:51:17.396 30697 30697 V NearbyFragment: Transfer to rc9L: 11%
06-29 19:51:17.401 30697 30697 V NearbyFragment: Transfer to rc9L: 11%
06-29 19:51:17.406 30697 30697 V NearbyFragment: Transfer to rc9L: 11%
06-29 19:51:17.415 30697 30697 V NearbyFragment: Transfer to rc9L: 11%
06-29 19:51:17.422 30697 30697 V NearbyFragment: Transfer to rc9L: 11%
06-29 19:51:17.425 30697 30697 V NearbyFragment: Transfer to rc9L: 12%
06-29 19:51:17.428 30697 30697 V NearbyFragment: Transfer to rc9L: 12%
06-29 19:51:17.431 30697 30697 V NearbyFragment: Transfer to rc9L: 12%
06-29 19:51:17.433 30697 30697 V NearbyFragment: Transfer to rc9L: 12%
06-29 19:51:17.437 30697 30697 V NearbyFragment: Transfer to rc9L: 12%
06-29 19:51:17.440 30697 30697 V NearbyFragment: Transfer to rc9L: 12%
06-29 19:51:17.444 30697 30697 V NearbyFragment: Transfer to rc9L: 12%
06-29 19:51:17.448 30697 30697 V NearbyFragment: Transfer to rc9L: 12%
06-29 19:51:17.454 30697 30697 V NearbyFragment: Transfer to rc9L: 12%
06-29 19:51:17.458 30697 30697 V NearbyFragment: Transfer to rc9L: 12%
06-29 19:51:17.469 30697 30697 V NearbyFragment: Transfer to rc9L: 13%
06-29 19:51:17.473 30697 30697 V NearbyFragment: Transfer to rc9L: 13%
06-29 19:51:17.478 30697 30697 V NearbyFragment: Transfer to rc9L: 13%
06-29 19:51:17.485 30697 30697 V NearbyFragment: Transfer to rc9L: 13%
06-29 19:51:17.490 30697 30697 V NearbyFragment: Transfer to rc9L: 13%
06-29 19:51:17.500 30697 30697 V NearbyFragment: Transfer to rc9L: 13%
06-29 19:51:17.511 30697 30697 V NearbyFragment: Transfer to rc9L: 13%
06-29 19:51:17.514 30697 30697 V NearbyFragment: Transfer to rc9L: 13%
06-29 19:51:17.518 30697 30697 V NearbyFragment: Transfer to rc9L: 13%
06-29 19:51:17.521 30697 30697 V NearbyFragment: Transfer to rc9L: 13%
06-29 19:51:17.533 30697 30697 V NearbyFragment: Transfer to rc9L: 13%
06-29 19:51:17.537 30697 30697 V NearbyFragment: Transfer to rc9L: 14%
06-29 19:51:17.541 30697 30697 V NearbyFragment: Transfer to rc9L: 14%
06-29 19:51:17.546 30697 30697 V NearbyFragment: Transfer to rc9L: 14%
06-29 19:51:17.550 30697 30697 V NearbyFragment: Transfer to rc9L: 14%
06-29 19:51:17.555 30697 30697 V NearbyFragment: Transfer to rc9L: 14%
06-29 19:51:17.559 30697 30697 V NearbyFragment: Transfer to rc9L: 14%
06-29 19:51:17.564 30697 30697 V NearbyFragment: Transfer to rc9L: 14%
06-29 19:51:17.574 30697 30697 V NearbyFragment: Transfer to rc9L: 14%
06-29 19:51:17.579 30697 30697 V NearbyFragment: Transfer to rc9L: 14%
06-29 19:51:17.582 30697 30697 V NearbyFragment: Transfer to rc9L: 14%
06-29 19:51:17.586 30697 30697 V NearbyFragment: Transfer to rc9L: 14%
06-29 19:51:17.590 30697 30697 V NearbyFragment: Transfer to rc9L: 15%
06-29 19:51:17.604 30697 30697 V NearbyFragment: Transfer to rc9L: 15%
06-29 19:51:17.609 30697 30697 V NearbyFragment: Transfer to rc9L: 15%
06-29 19:51:17.613 30697 30697 V NearbyFragment: Transfer to rc9L: 15%
06-29 19:51:17.620 30697 30697 V NearbyFragment: Transfer to rc9L: 15%
06-29 19:51:17.626 30697 30697 V NearbyFragment: Transfer to rc9L: 15%
06-29 19:51:17.628 30697 30697 V NearbyFragment: Transfer to rc9L: 15%
06-29 19:51:17.633 30697 30697 V NearbyFragment: Transfer to rc9L: 15%
06-29 19:51:17.637 30697 30697 V NearbyFragment: Transfer to rc9L: 15%
06-29 19:51:17.644 30697 30697 V NearbyFragment: Transfer to rc9L: 15%
06-29 19:51:17.649 30697 30697 V NearbyFragment: Transfer to rc9L: 16%
06-29 19:51:17.653 30697 30697 V NearbyFragment: Transfer to rc9L: 16%
06-29 19:51:17.660 30697 30697 V NearbyFragment: Transfer to rc9L: 16%
06-29 19:51:17.685 30697 30697 V NearbyFragment: Transfer to rc9L: 16%
06-29 19:51:17.691 30697 30697 V NearbyFragment: Transfer to rc9L: 16%
06-29 19:51:17.846 30697 30697 V NearbyFragment: Transfer to rc9L: 16%
06-29 19:51:17.858 30697 30697 V NearbyFragment: Transfer to rc9L: 16%
06-29 19:51:17.866 30697 30697 V NearbyFragment: Transfer to rc9L: 16%
06-29 19:51:17.874 30697 30697 V NearbyFragment: Transfer to rc9L: 16%
06-29 19:51:17.880 30697 30697 V NearbyFragment: Transfer to rc9L: 16%
06-29 19:51:17.884 30697 30697 V NearbyFragment: Transfer to rc9L: 16%
06-29 19:51:17.889 30697 30697 V NearbyFragment: Transfer to rc9L: 17%
06-29 19:51:17.894 30697 30697 V NearbyFragment: Transfer to rc9L: 17%
06-29 19:51:17.920 30697 30697 V NearbyFragment: Transfer to rc9L: 17%
06-29 19:51:17.931 30697 30697 V NearbyFragment: Transfer to rc9L: 17%
06-29 19:51:17.940 30697 30697 V NearbyFragment: Transfer to rc9L: 17%
06-29 19:51:17.943 30697 30697 V NearbyFragment: Transfer to rc9L: 17%
06-29 19:51:17.946 30697 30697 V NearbyFragment: Transfer to rc9L: 17%
06-29 19:51:17.950 30697 30697 V NearbyFragment: Transfer to rc9L: 17%
06-29 19:51:17.955 30697 30697 V NearbyFragment: Transfer to rc9L: 17%
06-29 19:51:17.959 30697 30697 V NearbyFragment: Transfer to rc9L: 17%
06-29 19:51:17.962 30697 30697 V NearbyFragment: Transfer to rc9L: 17%
06-29 19:51:18.023 30697 30697 V NearbyFragment: Transfer to rc9L: 18%
06-29 19:51:18.038 30697 30697 V NearbyFragment: Transfer to rc9L: 18%
06-29 19:51:18.046 30697 30697 V NearbyFragment: Transfer to rc9L: 18%
06-29 19:51:18.052 30697 30697 V NearbyFragment: Transfer to rc9L: 18%
06-29 19:51:18.056 30697 30697 V NearbyFragment: Transfer to rc9L: 18%
06-29 19:51:18.059 30697 30697 V NearbyFragment: Transfer to rc9L: 18%
06-29 19:51:18.064 30697 30697 V NearbyFragment: Transfer to rc9L: 18%
06-29 19:51:18.069 30697 30697 V NearbyFragment: Transfer to rc9L: 18%
06-29 19:51:18.092 30697 30697 V NearbyFragment: Transfer to rc9L: 18%
06-29 19:51:18.098 30697 30697 V NearbyFragment: Transfer to rc9L: 18%
06-29 19:51:18.106 30697 30697 V NearbyFragment: Transfer to rc9L: 19%
06-29 19:51:18.119 30697 30697 V NearbyFragment: Transfer to rc9L: 19%
06-29 19:51:18.128 30697 30697 V NearbyFragment: Transfer to rc9L: 19%
06-29 19:51:18.136 30697 30697 V NearbyFragment: Transfer to rc9L: 19%
06-29 19:51:18.142 30697 30697 V NearbyFragment: Transfer to rc9L: 19%
06-29 19:51:18.147 30697 30697 V NearbyFragment: Transfer to rc9L: 19%
06-29 19:51:18.151 30697 30697 V NearbyFragment: Transfer to rc9L: 19%
06-29 19:51:18.156 30697 30697 V NearbyFragment: Transfer to rc9L: 19%
06-29 19:51:18.158 30697 30697 V NearbyFragment: Transfer to rc9L: 19%
06-29 19:51:18.166 30697 30697 V NearbyFragment: Transfer to rc9L: 19%
06-29 19:51:18.186 30697 30697 V NearbyFragment: Transfer to rc9L: 19%
06-29 19:51:18.198 30697 30697 V NearbyFragment: Transfer to rc9L: 20%
06-29 19:51:18.206 30697 30697 V NearbyFragment: Transfer to rc9L: 20%
06-29 19:51:18.210 30697 30697 V NearbyFragment: Transfer to rc9L: 20%
06-29 19:51:18.215 30697 30697 V NearbyFragment: Transfer to rc9L: 20%
06-29 19:51:18.221 30697 30697 V NearbyFragment: Transfer to rc9L: 20%
06-29 19:51:18.228 30697 30697 V NearbyFragment: Transfer to rc9L: 20%
06-29 19:51:18.231 30697 30697 V NearbyFragment: Transfer to rc9L: 20%
06-29 19:51:18.234 30697 30697 V NearbyFragment: Transfer to rc9L: 20%
06-29 19:51:18.328 30697 30697 V NearbyFragment: Transfer to rc9L: 20%
06-29 19:51:18.333 30697 30697 V NearbyFragment: Transfer to rc9L: 20%
06-29 19:51:18.338 30697 30697 V NearbyFragment: Transfer to rc9L: 20%
06-29 19:51:18.349 30697 30697 V NearbyFragment: Transfer to rc9L: 21%
06-29 19:51:18.353 30697 30697 V NearbyFragment: Transfer to rc9L: 21%
06-29 19:51:18.365 30697 30697 V NearbyFragment: Transfer to rc9L: 21%
06-29 19:51:18.370 30697 30697 V NearbyFragment: Transfer to rc9L: 21%
06-29 19:51:18.378 30697 30697 V NearbyFragment: Transfer to rc9L: 21%
06-29 19:51:18.384 30697 30697 V NearbyFragment: Transfer to rc9L: 21%
06-29 19:51:18.391 30697 30697 V NearbyFragment: Transfer to rc9L: 21%
06-29 19:51:18.403 30697 30697 V NearbyFragment: Transfer to rc9L: 21%
06-29 19:51:18.411 30697 30697 V NearbyFragment: Transfer to rc9L: 21%
06-29 19:51:18.420 30697 30697 V NearbyFragment: Transfer to rc9L: 21%
06-29 19:51:18.427 30697 30697 V NearbyFragment: Transfer to rc9L: 22%
06-29 19:51:18.434 30697 30697 V NearbyFragment: Transfer to rc9L: 22%
06-29 19:51:18.442 30697 30697 V NearbyFragment: Transfer to rc9L: 22%
06-29 19:51:18.450 30697 30697 V NearbyFragment: Transfer to rc9L: 22%
06-29 19:51:18.456 30697 30697 V NearbyFragment: Transfer to rc9L: 22%
06-29 19:51:18.463 30697 30697 V NearbyFragment: Transfer to rc9L: 22%
06-29 19:51:18.472 30697 30697 V NearbyFragment: Transfer to rc9L: 22%
06-29 19:51:18.476 30697 30697 V NearbyFragment: Transfer to rc9L: 22%
06-29 19:51:18.481 30697 30697 V NearbyFragment: Transfer to rc9L: 22%
06-29 19:51:18.483 30697 30697 V NearbyFragment: Transfer to rc9L: 22%
06-29 19:51:18.487 30697 30697 V NearbyFragment: Transfer to rc9L: 22%
06-29 19:51:18.490 30697 30697 V NearbyFragment: Transfer to rc9L: 23%
06-29 19:51:18.497 30697 30697 V NearbyFragment: Transfer to rc9L: 23%
06-29 19:51:18.670 30697 30697 V NearbyFragment: Transfer to rc9L: 23%
06-29 19:51:18.681 30697 30697 V NearbyFragment: Transfer to rc9L: 23%
06-29 19:51:18.691 30697 30697 V NearbyFragment: Transfer to rc9L: 23%
06-29 19:51:18.700 30697 30697 V NearbyFragment: Transfer to rc9L: 23%
06-29 19:51:18.706 30697 30697 V NearbyFragment: Transfer to rc9L: 23%
06-29 19:51:18.711 30697 30697 V NearbyFragment: Transfer to rc9L: 23%
06-29 19:51:18.717 30697 30697 V NearbyFragment: Transfer to rc9L: 23%
06-29 19:51:18.722 30697 30697 V NearbyFragment: Transfer to rc9L: 23%
06-29 19:51:18.727 30697 30697 V NearbyFragment: Transfer to rc9L: 23%
06-29 19:51:18.732 30697 30697 V NearbyFragment: Transfer to rc9L: 24%
06-29 19:51:18.738 30697 30697 V NearbyFragment: Transfer to rc9L: 24%
06-29 19:51:18.742 30697 30697 V NearbyFragment: Transfer to rc9L: 24%
06-29 19:51:18.746 30697 30697 V NearbyFragment: Transfer to rc9L: 24%
06-29 19:51:18.751 30697 30697 V NearbyFragment: Transfer to rc9L: 24%
06-29 19:51:18.755 30697 30697 V NearbyFragment: Transfer to rc9L: 24%
06-29 19:51:18.763 30697 30697 V NearbyFragment: Transfer to rc9L: 24%
06-29 19:51:18.769 30697 30697 V NearbyFragment: Transfer to rc9L: 24%
06-29 19:51:18.779 30697 30697 V NearbyFragment: Transfer to rc9L: 24%
06-29 19:51:18.783 30697 30697 V NearbyFragment: Transfer to rc9L: 24%
06-29 19:51:18.790 30697 30697 V NearbyFragment: Transfer to rc9L: 25%
06-29 19:51:18.794 30697 30697 V NearbyFragment: Transfer to rc9L: 25%
06-29 19:51:18.804 30697 30697 V NearbyFragment: Transfer to rc9L: 25%
06-29 19:51:18.822 30697 30697 V NearbyFragment: Transfer to rc9L: 25%
06-29 19:51:18.831 30697 30697 V NearbyFragment: Transfer to rc9L: 25%
06-29 19:51:18.834 30697 30697 V NearbyFragment: Transfer to rc9L: 25%
06-29 19:51:18.840 30697 30697 V NearbyFragment: Transfer to rc9L: 25%
06-29 19:51:18.846 30697 30697 V NearbyFragment: Transfer to rc9L: 25%
06-29 19:51:18.851 30697 30697 V NearbyFragment: Transfer to rc9L: 25%
06-29 19:51:18.854 30697 30697 V NearbyFragment: Transfer to rc9L: 25%
06-29 19:51:18.857 30697 30697 V NearbyFragment: Transfer to rc9L: 25%
06-29 19:51:18.861 30697 30697 V NearbyFragment: Transfer to rc9L: 26%
06-29 19:51:18.864 30697 30697 V NearbyFragment: Transfer to rc9L: 26%
06-29 19:51:18.868 30697 30697 V NearbyFragment: Transfer to rc9L: 26%
06-29 19:51:18.873 30697 30697 V NearbyFragment: Transfer to rc9L: 26%
06-29 19:51:18.877 30697 30697 V NearbyFragment: Transfer to rc9L: 26%
06-29 19:51:18.880 30697 30697 V NearbyFragment: Transfer to rc9L: 26%
06-29 19:51:18.885 30697 30697 V NearbyFragment: Transfer to rc9L: 26%
06-29 19:51:18.888 30697 30697 V NearbyFragment: Transfer to rc9L: 26%
06-29 19:51:18.891 30697 30697 V NearbyFragment: Transfer to rc9L: 26%
06-29 19:51:18.896 30697 30697 V NearbyFragment: Transfer to rc9L: 26%
06-29 19:51:18.897 30697 30697 V NearbyFragment: Transfer to rc9L: 26%
06-29 19:51:18.902 30697 30697 V NearbyFragment: Transfer to rc9L: 27%
06-29 19:51:18.906 30697 30697 V NearbyFragment: Transfer to rc9L: 27%
06-29 19:51:18.910 30697 30697 V NearbyFragment: Transfer to rc9L: 27%
06-29 19:51:18.914 30697 30697 V NearbyFragment: Transfer to rc9L: 27%
06-29 19:51:18.916 30697 30697 V NearbyFragment: Transfer to rc9L: 27%
06-29 19:51:18.920 30697 30697 V NearbyFragment: Transfer to rc9L: 27%
06-29 19:51:18.922 30697 30697 V NearbyFragment: Transfer to rc9L: 27%
06-29 19:51:18.925 30697 30697 V NearbyFragment: Transfer to rc9L: 27%
06-29 19:51:18.937 30697 30697 V NearbyFragment: Transfer to rc9L: 27%
06-29 19:51:18.947 30697 30697 V NearbyFragment: Transfer to rc9L: 27%
06-29 19:51:18.950 30697 30697 V NearbyFragment: Transfer to rc9L: 27%
06-29 19:51:18.954 30697 30697 V NearbyFragment: Transfer to rc9L: 28%
06-29 19:51:18.957 30697 30697 V NearbyFragment: Transfer to rc9L: 28%
06-29 19:51:18.961 30697 30697 V NearbyFragment: Transfer to rc9L: 28%
06-29 19:51:18.969 30697 30697 V NearbyFragment: Transfer to rc9L: 28%
06-29 19:51:18.973 30697 30697 V NearbyFragment: Transfer to rc9L: 28%
06-29 19:51:18.976 30697 30697 V NearbyFragment: Transfer to rc9L: 28%
06-29 19:51:18.984 30697 30697 V NearbyFragment: Transfer to rc9L: 28%
06-29 19:51:18.987 30697 30697 V NearbyFragment: Transfer to rc9L: 28%
06-29 19:51:18.990 30697 30697 V NearbyFragment: Transfer to rc9L: 28%
06-29 19:51:19.000 30697 30697 V NearbyFragment: Transfer to rc9L: 28%
06-29 19:51:19.004 30697 30697 V NearbyFragment: Transfer to rc9L: 29%
06-29 19:51:19.009 30697 30697 V NearbyFragment: Transfer to rc9L: 29%
06-29 19:51:19.023 30697 30697 V NearbyFragment: Transfer to rc9L: 29%
06-29 19:51:19.026 30697 30697 V NearbyFragment: Transfer to rc9L: 29%
06-29 19:51:19.029 30697 30697 V NearbyFragment: Transfer to rc9L: 29%
06-29 19:51:19.032 30697 30697 V NearbyFragment: Transfer to rc9L: 29%
06-29 19:51:19.037 30697 30697 V NearbyFragment: Transfer to rc9L: 29%
06-29 19:51:19.042 30697 30697 V NearbyFragment: Transfer to rc9L: 29%
06-29 19:51:19.046 30697 30697 V NearbyFragment: Transfer to rc9L: 29%
06-29 19:51:19.057 30697 30697 V NearbyFragment: Transfer to rc9L: 29%
06-29 19:51:19.061 30697 30697 V NearbyFragment: Transfer to rc9L: 29%
06-29 19:51:19.072 30697 30697 V NearbyFragment: Transfer to rc9L: 30%
06-29 19:51:19.090 30697 30697 V NearbyFragment: Transfer to rc9L: 30%
06-29 19:51:19.096 30697 30697 V NearbyFragment: Transfer to rc9L: 30%
06-29 19:51:19.099 30697 30697 V NearbyFragment: Transfer to rc9L: 30%
06-29 19:51:19.123 30697 30697 V NearbyFragment: Transfer to rc9L: 30%
06-29 19:51:19.132 30697 30697 V NearbyFragment: Transfer to rc9L: 30%
06-29 19:51:19.141 30697 30697 V NearbyFragment: Transfer to rc9L: 30%
06-29 19:51:19.149 30697 30697 V NearbyFragment: Transfer to rc9L: 30%
06-29 19:51:19.157 30697 30697 V NearbyFragment: Transfer to rc9L: 30%
06-29 19:51:19.161 30697 30697 V NearbyFragment: Transfer to rc9L: 30%
06-29 19:51:19.172 30697 30697 V NearbyFragment: Transfer to rc9L: 30%
06-29 19:51:19.183 30697 30697 V NearbyFragment: Transfer to rc9L: 31%
06-29 19:51:19.190 30697 30697 V NearbyFragment: Transfer to rc9L: 31%
06-29 19:51:19.197 30697 30697 V NearbyFragment: Transfer to rc9L: 31%
06-29 19:51:19.204 30697 30697 V NearbyFragment: Transfer to rc9L: 31%
06-29 19:51:19.208 30697 30697 V NearbyFragment: Transfer to rc9L: 31%
06-29 19:51:19.212 30697 30697 V NearbyFragment: Transfer to rc9L: 31%
06-29 19:51:19.215 30697 30697 V NearbyFragment: Transfer to rc9L: 31%
06-29 19:51:19.223 30697 30697 V NearbyFragment: Transfer to rc9L: 31%
06-29 19:51:19.225 30697 30697 V NearbyFragment: Transfer to rc9L: 31%
06-29 19:51:19.227 30697 30697 V NearbyFragment: Transfer to rc9L: 31%
06-29 19:51:19.237 30697 30697 V NearbyFragment: Transfer to rc9L: 32%
06-29 19:51:19.243 30697 30697 V NearbyFragment: Transfer to rc9L: 32%
06-29 19:51:19.247 30697 30697 V NearbyFragment: Transfer to rc9L: 32%
06-29 19:51:19.252 30697 30697 V NearbyFragment: Transfer to rc9L: 32%
06-29 19:51:19.258 30697 30697 V NearbyFragment: Transfer to rc9L: 32%
06-29 19:51:19.262 30697 30697 V NearbyFragment: Transfer to rc9L: 32%
06-29 19:51:19.267 30697 30697 V NearbyFragment: Transfer to rc9L: 32%
06-29 19:51:19.270 30697 30697 V NearbyFragment: Transfer to rc9L: 32%
06-29 19:51:19.273 30697 30697 V NearbyFragment: Transfer to rc9L: 32%
06-29 19:51:19.278 30697 30697 V NearbyFragment: Transfer to rc9L: 32%
06-29 19:51:19.283 30697 30697 V NearbyFragment: Transfer to rc9L: 32%
06-29 19:51:19.475 30697 30697 V NearbyFragment: Transfer to rc9L: 33%
06-29 19:51:19.488 30697 30697 V NearbyFragment: Transfer to rc9L: 33%
06-29 19:51:19.496 30697 30697 V NearbyFragment: Transfer to rc9L: 33%
06-29 19:51:19.504 30697 30697 V NearbyFragment: Transfer to rc9L: 33%
06-29 19:51:19.510 30697 30697 V NearbyFragment: Transfer to rc9L: 33%
06-29 19:51:19.514 30697 30697 V NearbyFragment: Transfer to rc9L: 33%
06-29 19:51:19.518 30697 30697 V NearbyFragment: Transfer to rc9L: 33%
06-29 19:51:19.522 30697 30697 V NearbyFragment: Transfer to rc9L: 33%
06-29 19:51:19.527 30697 30697 V NearbyFragment: Transfer to rc9L: 33%
06-29 19:51:19.533 30697 30697 V NearbyFragment: Transfer to rc9L: 33%
06-29 19:51:19.539 30697 30697 V NearbyFragment: Transfer to rc9L: 33%
06-29 19:51:19.543 30697 30697 V NearbyFragment: Transfer to rc9L: 34%
06-29 19:51:19.548 30697 30697 V NearbyFragment: Transfer to rc9L: 34%
06-29 19:51:19.552 30697 30697 V NearbyFragment: Transfer to rc9L: 34%
06-29 19:51:19.556 30697 30697 V NearbyFragment: Transfer to rc9L: 34%
06-29 19:51:19.562 30697 30697 V NearbyFragment: Transfer to rc9L: 34%
06-29 19:51:19.566 30697 30697 V NearbyFragment: Transfer to rc9L: 34%
06-29 19:51:19.597 30697 30697 V NearbyFragment: Transfer to rc9L: 34%
06-29 19:51:19.602 30697 30697 V NearbyFragment: Transfer to rc9L: 34%
06-29 19:51:19.609 30697 30697 V NearbyFragment: Transfer to rc9L: 34%
06-29 19:51:19.612 30697 30697 V NearbyFragment: Transfer to rc9L: 34%
06-29 19:51:19.635 30697 30697 V NearbyFragment: Transfer to rc9L: 35%
06-29 19:51:19.640 30697 30697 V NearbyFragment: Transfer to rc9L: 35%
06-29 19:51:19.645 30697 30697 V NearbyFragment: Transfer to rc9L: 35%
06-29 19:51:19.649 30697 30697 V NearbyFragment: Transfer to rc9L: 35%
06-29 19:51:19.663 30697 30697 V NearbyFragment: Transfer to rc9L: 35%
06-29 19:51:19.668 30697 30697 V NearbyFragment: Transfer to rc9L: 35%
06-29 19:51:19.673 30697 30697 V NearbyFragment: Transfer to rc9L: 35%
06-29 19:51:19.677 30697 30697 V NearbyFragment: Transfer to rc9L: 35%
06-29 19:51:19.682 30697 30697 V NearbyFragment: Transfer to rc9L: 35%
06-29 19:51:19.685 30697 30697 V NearbyFragment: Transfer to rc9L: 35%
06-29 19:51:19.689 30697 30697 V NearbyFragment: Transfer to rc9L: 35%
06-29 19:51:19.696 30697 30697 V NearbyFragment: Transfer to rc9L: 36%
06-29 19:51:19.698 30697 30697 V NearbyFragment: Transfer to rc9L: 36%
06-29 19:51:19.707 30697 30697 V NearbyFragment: Transfer to rc9L: 36%
06-29 19:51:19.710 30697 30697 V NearbyFragment: Transfer to rc9L: 36%
06-29 19:51:19.718 30697 30697 V NearbyFragment: Transfer to rc9L: 36%
06-29 19:51:19.722 30697 30697 V NearbyFragment: Transfer to rc9L: 36%
06-29 19:51:19.745 30697 30697 V NearbyFragment: Transfer to rc9L: 36%
06-29 19:51:19.746 30697 30697 V NearbyFragment: Transfer to rc9L: 36%
06-29 19:51:19.749 30697 30697 V NearbyFragment: Transfer to rc9L: 36%
06-29 19:51:19.751 30697 30697 V NearbyFragment: Transfer to rc9L: 36%
06-29 19:51:19.773 30697 30697 V NearbyFragment: Transfer to rc9L: 36%
06-29 19:51:19.780 30697 30697 V NearbyFragment: Transfer to rc9L: 37%
06-29 19:51:19.802 30697 30697 V NearbyFragment: Transfer to rc9L: 37%
06-29 19:51:19.807 30697 30697 V NearbyFragment: Transfer to rc9L: 37%
06-29 19:51:19.814 30697 30697 V NearbyFragment: Transfer to rc9L: 37%
06-29 19:51:19.833 30697 30697 V NearbyFragment: Transfer to rc9L: 37%
06-29 19:51:19.846 30697 30697 V NearbyFragment: Transfer to rc9L: 37%
06-29 19:51:19.853 30697 30697 V NearbyFragment: Transfer to rc9L: 37%
06-29 19:51:19.858 30697 30697 V NearbyFragment: Transfer to rc9L: 37%
06-29 19:51:19.863 30697 30697 V NearbyFragment: Transfer to rc9L: 37%
06-29 19:51:19.867 30697 30697 V NearbyFragment: Transfer to rc9L: 37%
06-29 19:51:19.871 30697 30697 V NearbyFragment: Transfer to rc9L: 38%
06-29 19:51:19.876 30697 30697 V NearbyFragment: Transfer to rc9L: 38%
06-29 19:51:19.878 30697 30697 V NearbyFragment: Transfer to rc9L: 38%
06-29 19:51:19.881 30697 30697 V NearbyFragment: Transfer to rc9L: 38%
06-29 19:51:19.897 30697 30697 V NearbyFragment: Transfer to rc9L: 38%
06-29 19:51:19.907 30697 30697 V NearbyFragment: Transfer to rc9L: 38%
06-29 19:51:19.910 30697 30697 V NearbyFragment: Transfer to rc9L: 38%
06-29 19:51:19.917 30697 30697 V NearbyFragment: Transfer to rc9L: 38%
06-29 19:51:19.922 30697 30697 V NearbyFragment: Transfer to rc9L: 38%
06-29 19:51:19.930 30697 30697 V NearbyFragment: Transfer to rc9L: 38%
06-29 19:51:19.935 30697 30697 V NearbyFragment: Transfer to rc9L: 38%
06-29 19:51:19.938 30697 30697 V NearbyFragment: Transfer to rc9L: 39%
06-29 19:51:19.943 30697 30697 V NearbyFragment: Transfer to rc9L: 39%
06-29 19:51:19.947 30697 30697 V NearbyFragment: Transfer to rc9L: 39%
06-29 19:51:19.957 30697 30697 V NearbyFragment: Transfer to rc9L: 39%
06-29 19:51:19.960 30697 30697 V NearbyFragment: Transfer to rc9L: 39%
06-29 19:51:19.967 30697 30697 V NearbyFragment: Transfer to rc9L: 39%
06-29 19:51:19.974 30697 30697 V NearbyFragment: Transfer to rc9L: 39%
06-29 19:51:19.976 30697 30697 V NearbyFragment: Transfer to rc9L: 39%
06-29 19:51:19.981 30697 30697 V NearbyFragment: Transfer to rc9L: 39%
06-29 19:51:19.984 30697 30697 V NearbyFragment: Transfer to rc9L: 39%
06-29 19:51:19.990 30697 30697 V NearbyFragment: Transfer to rc9L: 39%
06-29 19:51:19.994 30697 30697 V NearbyFragment: Transfer to rc9L: 40%
06-29 19:51:19.997 30697 30697 V NearbyFragment: Transfer to rc9L: 40%
06-29 19:51:20.000 30697 30697 V NearbyFragment: Transfer to rc9L: 40%
06-29 19:51:20.003 30697 30697 V NearbyFragment: Transfer to rc9L: 40%
06-29 19:51:20.007 30697 30697 V NearbyFragment: Transfer to rc9L: 40%
06-29 19:51:20.010 30697 30697 V NearbyFragment: Transfer to rc9L: 40%
06-29 19:51:20.013 30697 30697 V NearbyFragment: Transfer to rc9L: 40%
06-29 19:51:20.018 30697 30697 V NearbyFragment: Transfer to rc9L: 40%
06-29 19:51:20.021 30697 30697 V NearbyFragment: Transfer to rc9L: 40%
06-29 19:51:20.027 30697 30697 V NearbyFragment: Transfer to rc9L: 40%
06-29 19:51:20.032 30697 30697 V NearbyFragment: Transfer to rc9L: 41%
06-29 19:51:20.043 30697 30697 V NearbyFragment: Transfer to rc9L: 41%
06-29 19:51:20.051 30697 30697 V NearbyFragment: Transfer to rc9L: 41%
06-29 19:51:20.057 30697 30697 V NearbyFragment: Transfer to rc9L: 41%
06-29 19:51:20.059 30697 30697 V NearbyFragment: Transfer to rc9L: 41%
06-29 19:51:20.061 30697 30697 V NearbyFragment: Transfer to rc9L: 41%
06-29 19:51:20.234 30697 30697 V NearbyFragment: Transfer to rc9L: 41%
06-29 19:51:20.240 30697 30697 V NearbyFragment: Transfer to rc9L: 41%
06-29 19:51:20.245 30697 30697 V NearbyFragment: Transfer to rc9L: 41%
