--------- beginning of main
06-29 16:35:32.183  8774  8774 I zygote64: Late-enabling -Xcheck:jni
--------- beginning of system
06-29 16:35:32.300  8774  8774 I ActivityThread: handleStopService: token=android.os.BinderProxy@2d707e4 not found.
06-29 16:35:32.305  8774  8774 I TransferService: Starting Transfer Service to listen for network connectivity changes.
06-29 16:35:32.306  8774  8774 W LogFactory: Truncating log tag length as it exceed 23, the limit imposed by Android on certain API Levels
06-29 16:35:32.331  8774  8774 I TransferService: Registering the network receiver
06-29 16:35:32.335  8774  8774 I TransferService: Moving the service out of the Foreground state.
06-29 16:35:32.336  8774  8774 I TransferService: De-registering the network receiver.
06-29 16:35:33.114  8774  8774 I zygote64: Rejecting re-init on previously-failed class java.lang.Class<androidx.core.view.ViewCompat$2>: java.lang.NoClassDefFoundError: Failed resolution of: Landroid/view/View$OnUnhandledKeyEventListener;
06-29 16:35:33.114  8774  8774 I zygote64:   at void androidx.core.view.ViewCompat.setOnApplyWindowInsetsListener(android.view.View, androidx.core.view.OnApplyWindowInsetsListener) (ViewCompat.java:2421)
06-29 16:35:33.114  8774  8774 I zygote64:   at android.view.ViewGroup androidx.appcompat.app.AppCompatDelegateImpl.createSubDecor() (AppCompatDelegateImpl.java:779)
06-29 16:35:33.114  8774  8774 I zygote64:   at void androidx.appcompat.app.AppCompatDelegateImpl.ensureSubDecor() (AppCompatDelegateImpl.java:659)
06-29 16:35:33.114  8774  8774 I zygote64:   at void androidx.appcompat.app.AppCompatDelegateImpl.setContentView(int) (AppCompatDelegateImpl.java:552)
06-29 16:35:33.114  8774  8774 I zygote64:   at void androidx.appcompat.app.AppCompatActivity.setContentView(int) (AppCompatActivity.java:161)
06-29 16:35:33.114  8774  8774 I zygote64:   at void com.example.edgesum.page.main.MainActivity.onCreate(android.os.Bundle) (MainActivity.java:95)
06-29 16:35:33.114  8774  8774 I zygote64:   at void android.app.Activity.performCreate(android.os.Bundle, android.os.PersistableBundle) (Activity.java:7009)
06-29 16:35:33.114  8774  8774 I zygote64:   at void android.app.Activity.performCreate(android.os.Bundle) (Activity.java:7000)
06-29 16:35:33.114  8774  8774 I zygote64:   at void android.app.Instrumentation.callActivityOnCreate(android.app.Activity, android.os.Bundle) (Instrumentation.java:1214)
06-29 16:35:33.114  8774  8774 I zygote64:   at android.app.Activity android.app.ActivityThread.performLaunchActivity(android.app.ActivityThread$ActivityClientRecord, android.content.Intent) (ActivityThread.java:2731)
06-29 16:35:33.114  8774  8774 I zygote64:   at void android.app.ActivityThread.handleLaunchActivity(android.app.ActivityThread$ActivityClientRecord, android.content.Intent, java.lang.String) (ActivityThread.java:2856)
06-29 16:35:33.114  8774  8774 I zygote64:   at void android.app.ActivityThread.-wrap11(android.app.ActivityThread, android.app.ActivityThread$ActivityClientRecord, android.content.Intent, java.lang.String) (ActivityThread.java:-1)
06-29 16:35:33.114  8774  8774 I zygote64:   at void android.app.ActivityThread$H.handleMessage(android.os.Message) (ActivityThread.java:1589)
06-29 16:35:33.114  8774  8774 I zygote64:   at void android.os.Handler.dispatchMessage(android.os.Message) (Handler.java:106)
06-29 16:35:33.114  8774  8774 I zygote64:   at void android.os.Looper.loop() (Looper.java:164)
06-29 16:35:33.114  8774  8774 I zygote64:   at void android.app.ActivityThread.main(java.lang.String[]) (ActivityThread.java:6494)
06-29 16:35:33.114  8774  8774 I zygote64:   at java.lang.Object java.lang.reflect.Method.invoke(java.lang.Object, java.lang.Object[]) (Method.java:-2)
06-29 16:35:33.114  8774  8774 I zygote64:   at void com.android.internal.os.RuntimeInit$MethodAndArgsCaller.run() (RuntimeInit.java:438)
06-29 16:35:33.114  8774  8774 I zygote64:   at void com.android.internal.os.ZygoteInit.main(java.lang.String[]) (ZygoteInit.java:807)
06-29 16:35:33.114  8774  8774 I zygote64: Caused by: java.lang.ClassNotFoundException: Didn't find class "android.view.View$OnUnhandledKeyEventListener" on path: DexPathList[[zip file "/data/app/com.example.edgesum-YwTiOpOywA73urVhQN0HeQ==/base.apk"],nativeLibraryDirectories=[/data/app/com.example.edgesum-YwTiOpOywA73urVhQN0HeQ==/lib/arm64, /data/app/com.example.edgesum-YwTiOpOywA73urVhQN0HeQ==/base.apk!/lib/arm64-v8a, /system/lib64, /vendor/lib64]]
06-29 16:35:33.114  8774  8774 I zygote64:   at java.lang.Class dalvik.system.BaseDexClassLoader.findClass(java.lang.String) (BaseDexClassLoader.java:125)
06-29 16:35:33.114  8774  8774 I zygote64:   at java.lang.Class java.lang.ClassLoader.loadClass(java.lang.String, boolean) (ClassLoader.java:379)
06-29 16:35:33.114  8774  8774 I zygote64:   at java.lang.Class java.lang.ClassLoader.loadClass(java.lang.String) (ClassLoader.java:312)
06-29 16:35:33.114  8774  8774 I zygote64:   at void androidx.core.view.ViewCompat.setOnApplyWindowInsetsListener(android.view.View, androidx.core.view.OnApplyWindowInsetsListener) (ViewCompat.java:2421)
06-29 16:35:33.114  8774  8774 I zygote64:   at android.view.ViewGroup androidx.appcompat.app.AppCompatDelegateImpl.createSubDecor() (AppCompatDelegateImpl.java:779)
06-29 16:35:33.114  8774  8774 I zygote64:   at void androidx.appcompat.app.AppCompatDelegateImpl.ensureSubDecor() (AppCompatDelegateImpl.java:659)
06-29 16:35:33.114  8774  8774 I zygote64:   at void androidx.appcompat.app.AppCompatDelegateImpl.setContentView(int) (AppCompatDelegateImpl.java:552)
06-29 16:35:33.114  8774  8774 I zygote64:   at void androidx.appcompat.app.AppCompatActivity.setContentView(int) (AppCompatActivity.java:161)
06-29 16:35:33.114  8774  8774 I zygote64:   at void com.example.edgesum.page.main.MainActivity.onCreate(android.os.Bundle) (MainActivity.java:95)
06-29 16:35:33.114  8774  8774 I zygote64:   at void android.app.Activity.performCreate(android.os.Bundle, android.os.PersistableBundle) (Activity.java:7009)
06-29 16:35:33.114  8774  8774 I zygote64:   at void android.app.Activity.performCreate(android.os.Bundle) (Activity.java:7000)
06-29 16:35:33.114  8774  8774 I zygote64:   at void android.app.Instrumentation.callActivityOnCreate(android.app.Activity, android.os.Bundle) (Instrumentation.java:1214)
06-29 16:35:33.114  8774  8774 I zygote64:   at android.app.Activity android.app.ActivityThread.performLaunchActivity(android.app.ActivityThread$ActivityClientRecord, android.content.Intent) (ActivityThread.java:2731)
06-29 16:35:33.114  8774  8774 I zygote64:   at void android.app.ActivityThread.handleLaunchActivity(android.app.ActivityThread$ActivityClientRecord, android.content.Intent, java.lang.String) (ActivityThread.java:2856)
06-29 16:35:33.115  8774  8774 I zygote64:   at void android.app.ActivityThread.-wrap11(android.app.ActivityThread, android.app.ActivityThread$ActivityClientRecord, android.content.Intent, java.lang.String) (ActivityThread.java:-1)
06-29 16:35:33.115  8774  8774 I zygote64:   at void android.app.ActivityThread$H.handleMessage(android.os.Message) (ActivityThread.java:1589)
06-29 16:35:33.115  8774  8774 I zygote64:   at void android.os.Handler.dispatchMessage(android.os.Message) (Handler.java:106)
06-29 16:35:33.115  8774  8774 I zygote64:   at void android.os.Looper.loop() (Looper.java:164)
06-29 16:35:33.115  8774  8774 I zygote64:   at void android.app.ActivityThread.main(java.lang.String[]) (ActivityThread.java:6494)
06-29 16:35:33.115  8774  8774 I zygote64:   at java.lang.Object java.lang.reflect.Method.invoke(java.lang.Object, java.lang.Object[]) (Method.java:-2)
06-29 16:35:33.115  8774  8774 I zygote64:   at void com.android.internal.os.RuntimeInit$MethodAndArgsCaller.run() (RuntimeInit.java:438)
06-29 16:35:33.115  8774  8774 I zygote64:   at void com.android.internal.os.ZygoteInit.main(java.lang.String[]) (ZygoteInit.java:807)
06-29 16:35:33.115  8774  8774 I zygote64: 
06-29 16:35:33.115  8774  8774 I zygote64: Rejecting re-init on previously-failed class java.lang.Class<androidx.core.view.ViewCompat$2>: java.lang.NoClassDefFoundError: Failed resolution of: Landroid/view/View$OnUnhandledKeyEventListener;
06-29 16:35:33.115  8774  8774 I zygote64:   at void androidx.core.view.ViewCompat.setOnApplyWindowInsetsListener(android.view.View, androidx.core.view.OnApplyWindowInsetsListener) (ViewCompat.java:2421)
06-29 16:35:33.115  8774  8774 I zygote64:   at android.view.ViewGroup androidx.appcompat.app.AppCompatDelegateImpl.createSubDecor() (AppCompatDelegateImpl.java:779)
06-29 16:35:33.115  8774  8774 I zygote64:   at void androidx.appcompat.app.AppCompatDelegateImpl.ensureSubDecor() (AppCompatDelegateImpl.java:659)
06-29 16:35:33.115  8774  8774 I zygote64:   at void androidx.appcompat.app.AppCompatDelegateImpl.setContentView(int) (AppCompatDelegateImpl.java:552)
06-29 16:35:33.115  8774  8774 I zygote64:   at void androidx.appcompat.app.AppCompatActivity.setContentView(int) (AppCompatActivity.java:161)
06-29 16:35:33.115  8774  8774 I zygote64:   at void com.example.edgesum.page.main.MainActivity.onCreate(android.os.Bundle) (MainActivity.java:95)
06-29 16:35:33.115  8774  8774 I zygote64:   at void android.app.Activity.performCreate(android.os.Bundle, android.os.PersistableBundle) (Activity.java:7009)
06-29 16:35:33.115  8774  8774 I zygote64:   at void android.app.Activity.performCreate(android.os.Bundle) (Activity.java:7000)
06-29 16:35:33.115  8774  8774 I zygote64:   at void android.app.Instrumentation.callActivityOnCreate(android.app.Activity, android.os.Bundle) (Instrumentation.java:1214)
06-29 16:35:33.115  8774  8774 I zygote64:   at android.app.Activity android.app.ActivityThread.performLaunchActivity(android.app.ActivityThread$ActivityClientRecord, android.content.Intent) (ActivityThread.java:2731)
06-29 16:35:33.115  8774  8774 I zygote64:   at void android.app.ActivityThread.handleLaunchActivity(android.app.ActivityThread$ActivityClientRecord, android.content.Intent, java.lang.String) (ActivityThread.java:2856)
06-29 16:35:33.115  8774  8774 I zygote64:   at void android.app.ActivityThread.-wrap11(android.app.ActivityThread, android.app.ActivityThread$ActivityClientRecord, android.content.Intent, java.lang.String) (ActivityThread.java:-1)
06-29 16:35:33.115  8774  8774 I zygote64:   at void android.app.ActivityThread$H.handleMessage(android.os.Message) (ActivityThread.java:1589)
06-29 16:35:33.115  8774  8774 I zygote64:   at void android.os.Handler.dispatchMessage(android.os.Message) (Handler.java:106)
06-29 16:35:33.115  8774  8774 I zygote64:   at void android.os.Looper.loop() (Looper.java:164)
06-29 16:35:33.115  8774  8774 I zygote64:   at void android.app.ActivityThread.main(java.lang.String[]) (ActivityThread.java:6494)
06-29 16:35:33.115  8774  8774 I zygote64:   at java.lang.Object java.lang.reflect.Method.invoke(java.lang.Object, java.lang.Object[]) (Method.java:-2)
06-29 16:35:33.115  8774  8774 I zygote64:   at void com.android.internal.os.RuntimeInit$MethodAndArgsCaller.run() (RuntimeInit.java:438)
06-29 16:35:33.115  8774  8774 I zygote64:   at void com.android.internal.os.ZygoteInit.main(java.lang.String[]) (ZygoteInit.java:807)
06-29 16:35:33.115  8774  8774 I zygote64: Caused by: java.lang.ClassNotFoundException: Didn't find class "android.view.View$OnUnhandledKeyEventListener" on path: DexPathList[[zip file "/data/app/com.example.edgesum-YwTiOpOywA73urVhQN0HeQ==/base.apk"],nativeLibraryDirectories=[/data/app/com.example.edgesum-YwTiOpOywA73urVhQN0HeQ==/lib/arm64, /data/app/com.example.edgesum-YwTiOpOywA73urVhQN0HeQ==/base.apk!/lib/arm64-v8a, /system/lib64, /vendor/lib64]]
06-29 16:35:33.115  8774  8774 I zygote64:   at java.lang.Class dalvik.system.BaseDexClassLoader.findClass(java.lang.String) (BaseDexClassLoader.java:125)
06-29 16:35:33.115  8774  8774 I zygote64:   at java.lang.Class java.lang.ClassLoader.loadClass(java.lang.String, boolean) (ClassLoader.java:379)
06-29 16:35:33.115  8774  8774 I zygote64:   at java.lang.Class java.lang.ClassLoader.loadClass(java.lang.String) (ClassLoader.java:312)
06-29 16:35:33.115  8774  8774 I zygote64:   at void androidx.core.view.ViewCompat.setOnApplyWindowInsetsListener(android.view.View, androidx.core.view.OnApplyWindowInsetsListener) (ViewCompat.java:2421)
06-29 16:35:33.115  8774  8774 I zygote64:   at android.view.ViewGroup androidx.appcompat.app.AppCompatDelegateImpl.createSubDecor() (AppCompatDelegateImpl.java:779)
06-29 16:35:33.115  8774  8774 I zygote64:   at void androidx.appcompat.app.AppCompatDelegateImpl.ensureSubDecor() (AppCompatDelegateImpl.java:659)
06-29 16:35:33.115  8774  8774 I zygote64:   at void androidx.appcompat.app.AppCompatDelegateImpl.setContentView(int) (AppCompatDelegateImpl.java:552)
06-29 16:35:33.115  8774  8774 I zygote64:   at void androidx.appcompat.app.AppCompatActivity.setContentView(int) (AppCompatActivity.java:161)
06-29 16:35:33.115  8774  8774 I zygote64:   at void com.example.edgesum.page.main.MainActivity.onCreate(android.os.Bundle) (MainActivity.java:95)
06-29 16:35:33.116  8774  8774 I zygote64:   at void android.app.Activity.performCreate(android.os.Bundle, android.os.PersistableBundle) (Activity.java:7009)
06-29 16:35:33.116  8774  8774 I zygote64:   at void android.app.Activity.performCreate(android.os.Bundle) (Activity.java:7000)
06-29 16:35:33.116  8774  8774 I zygote64:   at void android.app.Instrumentation.callActivityOnCreate(android.app.Activity, android.os.Bundle) (Instrumentation.java:1214)
06-29 16:35:33.116  8774  8774 I zygote64:   at android.app.Activity android.app.ActivityThread.performLaunchActivity(android.app.ActivityThread$ActivityClientRecord, android.content.Intent) (ActivityThread.java:2731)
06-29 16:35:33.116  8774  8774 I zygote64:   at void android.app.ActivityThread.handleLaunchActivity(android.app.ActivityThread$ActivityClientRecord, android.content.Intent, java.lang.String) (ActivityThread.java:2856)
06-29 16:35:33.116  8774  8774 I zygote64:   at void android.app.ActivityThread.-wrap11(android.app.ActivityThread, android.app.ActivityThread$ActivityClientRecord, android.content.Intent, java.lang.String) (ActivityThread.java:-1)
06-29 16:35:33.116  8774  8774 I zygote64:   at void android.app.ActivityThread$H.handleMessage(android.os.Message) (ActivityThread.java:1589)
06-29 16:35:33.116  8774  8774 I zygote64:   at void android.os.Handler.dispatchMessage(android.os.Message) (Handler.java:106)
06-29 16:35:33.116  8774  8774 I zygote64:   at void android.os.Looper.loop() (Looper.java:164)
06-29 16:35:33.116  8774  8774 I zygote64:   at void android.app.ActivityThread.main(java.lang.String[]) (ActivityThread.java:6494)
06-29 16:35:33.116  8774  8774 I zygote64:   at java.lang.Object java.lang.reflect.Method.invoke(java.lang.Object, java.lang.Object[]) (Method.java:-2)
06-29 16:35:33.116  8774  8774 I zygote64:   at void com.android.internal.os.RuntimeInit$MethodAndArgsCaller.run() (RuntimeInit.java:438)
06-29 16:35:33.116  8774  8774 I zygote64:   at void com.android.internal.os.ZygoteInit.main(java.lang.String[]) (ZygoteInit.java:807)
06-29 16:35:33.116  8774  8774 I zygote64: 
06-29 16:35:33.116  8774  8774 I zygote64: Rejecting re-init on previously-failed class java.lang.Class<androidx.core.view.ViewCompat$2>: java.lang.NoClassDefFoundError: Failed resolution of: Landroid/view/View$OnUnhandledKeyEventListener;
06-29 16:35:33.116  8774  8774 I zygote64:   at void androidx.core.view.ViewCompat.setOnApplyWindowInsetsListener(android.view.View, androidx.core.view.OnApplyWindowInsetsListener) (ViewCompat.java:2421)
06-29 16:35:33.116  8774  8774 I zygote64:   at android.view.ViewGroup androidx.appcompat.app.AppCompatDelegateImpl.createSubDecor() (AppCompatDelegateImpl.java:779)
06-29 16:35:33.116  8774  8774 I zygote64:   at void androidx.appcompat.app.AppCompatDelegateImpl.ensureSubDecor() (AppCompatDelegateImpl.java:659)
06-29 16:35:33.116  8774  8774 I zygote64:   at void androidx.appcompat.app.AppCompatDelegateImpl.setContentView(int) (AppCompatDelegateImpl.java:552)
06-29 16:35:33.116  8774  8774 I zygote64:   at void androidx.appcompat.app.AppCompatActivity.setContentView(int) (AppCompatActivity.java:161)
06-29 16:35:33.116  8774  8774 I zygote64:   at void com.example.edgesum.page.main.MainActivity.onCreate(android.os.Bundle) (MainActivity.java:95)
06-29 16:35:33.116  8774  8774 I zygote64:   at void android.app.Activity.performCreate(android.os.Bundle, android.os.PersistableBundle) (Activity.java:7009)
06-29 16:35:33.116  8774  8774 I zygote64:   at void android.app.Activity.performCreate(android.os.Bundle) (Activity.java:7000)
06-29 16:35:33.116  8774  8774 I zygote64:   at void android.app.Instrumentation.callActivityOnCreate(android.app.Activity, android.os.Bundle) (Instrumentation.java:1214)
06-29 16:35:33.116  8774  8774 I zygote64:   at android.app.Activity android.app.ActivityThread.performLaunchActivity(android.app.ActivityThread$ActivityClientRecord, android.content.Intent) (ActivityThread.java:2731)
06-29 16:35:33.116  8774  8774 I zygote64:   at void android.app.ActivityThread.handleLaunchActivity(android.app.ActivityThread$ActivityClientRecord, android.content.Intent, java.lang.String) (ActivityThread.java:2856)
06-29 16:35:33.116  8774  8774 I zygote64:   at void android.app.ActivityThread.-wrap11(android.app.ActivityThread, android.app.ActivityThread$ActivityClientRecord, android.content.Intent, java.lang.String) (ActivityThread.java:-1)
06-29 16:35:33.116  8774  8774 I zygote64:   at void android.app.ActivityThread$H.handleMessage(android.os.Message) (ActivityThread.java:1589)
06-29 16:35:33.116  8774  8774 I zygote64:   at void android.os.Handler.dispatchMessage(android.os.Message) (Handler.java:106)
06-29 16:35:33.116  8774  8774 I zygote64:   at void android.os.Looper.loop() (Looper.java:164)
06-29 16:35:33.116  8774  8774 I zygote64:   at void android.app.ActivityThread.main(java.lang.String[]) (ActivityThread.java:6494)
06-29 16:35:33.116  8774  8774 I zygote64:   at java.lang.Object java.lang.reflect.Method.invoke(java.lang.Object, java.lang.Object[]) (Method.java:-2)
06-29 16:35:33.116  8774  8774 I zygote64:   at void com.android.internal.os.RuntimeInit$MethodAndArgsCaller.run() (RuntimeInit.java:438)
06-29 16:35:33.116  8774  8774 I zygote64:   at void com.android.internal.os.ZygoteInit.main(java.lang.String[]) (ZygoteInit.java:807)
06-29 16:35:33.117  8774  8774 I zygote64: Caused by: java.lang.ClassNotFoundException: Didn't find class "android.view.View$OnUnhandledKeyEventListener" on path: DexPathList[[zip file "/data/app/com.example.edgesum-YwTiOpOywA73urVhQN0HeQ==/base.apk"],nativeLibraryDirectories=[/data/app/com.example.edgesum-YwTiOpOywA73urVhQN0HeQ==/lib/arm64, /data/app/com.example.edgesum-YwTiOpOywA73urVhQN0HeQ==/base.apk!/lib/arm64-v8a, /system/lib64, /vendor/lib64]]
06-29 16:35:33.117  8774  8774 I zygote64:   at java.lang.Class dalvik.system.BaseDexClassLoader.findClass(java.lang.String) (BaseDexClassLoader.java:125)
06-29 16:35:33.117  8774  8774 I zygote64:   at java.lang.Class java.lang.ClassLoader.loadClass(java.lang.String, boolean) (ClassLoader.java:379)
06-29 16:35:33.117  8774  8774 I zygote64:   at java.lang.Class java.lang.ClassLoader.loadClass(java.lang.String) (ClassLoader.java:312)
06-29 16:35:33.117  8774  8774 I zygote64:   at void androidx.core.view.ViewCompat.setOnApplyWindowInsetsListener(android.view.View, androidx.core.view.OnApplyWindowInsetsListener) (ViewCompat.java:2421)
06-29 16:35:33.117  8774  8774 I zygote64:   at android.view.ViewGroup androidx.appcompat.app.AppCompatDelegateImpl.createSubDecor() (AppCompatDelegateImpl.java:779)
06-29 16:35:33.117  8774  8774 I zygote64:   at void androidx.appcompat.app.AppCompatDelegateImpl.ensureSubDecor() (AppCompatDelegateImpl.java:659)
06-29 16:35:33.117  8774  8774 I zygote64:   at void androidx.appcompat.app.AppCompatDelegateImpl.setContentView(int) (AppCompatDelegateImpl.java:552)
06-29 16:35:33.117  8774  8774 I zygote64:   at void androidx.appcompat.app.AppCompatActivity.setContentView(int) (AppCompatActivity.java:161)
06-29 16:35:33.117  8774  8774 I zygote64:   at void com.example.edgesum.page.main.MainActivity.onCreate(android.os.Bundle) (MainActivity.java:95)
06-29 16:35:33.117  8774  8774 I zygote64:   at void android.app.Activity.performCreate(android.os.Bundle, android.os.PersistableBundle) (Activity.java:7009)
06-29 16:35:33.117  8774  8774 I zygote64:   at void android.app.Activity.performCreate(android.os.Bundle) (Activity.java:7000)
06-29 16:35:33.117  8774  8774 I zygote64:   at void android.app.Instrumentation.callActivityOnCreate(android.app.Activity, android.os.Bundle) (Instrumentation.java:1214)
06-29 16:35:33.117  8774  8774 I zygote64:   at android.app.Activity android.app.ActivityThread.performLaunchActivity(android.app.ActivityThread$ActivityClientRecord, android.content.Intent) (ActivityThread.java:2731)
06-29 16:35:33.117  8774  8774 I zygote64:   at void android.app.ActivityThread.handleLaunchActivity(android.app.ActivityThread$ActivityClientRecord, android.content.Intent, java.lang.String) (ActivityThread.java:2856)
06-29 16:35:33.117  8774  8774 I zygote64:   at void android.app.ActivityThread.-wrap11(android.app.ActivityThread, android.app.ActivityThread$ActivityClientRecord, android.content.Intent, java.lang.String) (ActivityThread.java:-1)
06-29 16:35:33.117  8774  8774 I zygote64:   at void android.app.ActivityThread$H.handleMessage(android.os.Message) (ActivityThread.java:1589)
06-29 16:35:33.117  8774  8774 I zygote64:   at void android.os.Handler.dispatchMessage(android.os.Message) (Handler.java:106)
06-29 16:35:33.117  8774  8774 I zygote64:   at void android.os.Looper.loop() (Looper.java:164)
06-29 16:35:33.117  8774  8774 I zygote64:   at void android.app.ActivityThread.main(java.lang.String[]) (ActivityThread.java:6494)
06-29 16:35:33.117  8774  8774 I zygote64:   at java.lang.Object java.lang.reflect.Method.invoke(java.lang.Object, java.lang.Object[]) (Method.java:-2)
06-29 16:35:33.117  8774  8774 I zygote64:   at void com.android.internal.os.RuntimeInit$MethodAndArgsCaller.run() (RuntimeInit.java:438)
06-29 16:35:33.117  8774  8774 I zygote64:   at void com.android.internal.os.ZygoteInit.main(java.lang.String[]) (ZygoteInit.java:807)
06-29 16:35:33.117  8774  8774 I zygote64: 
06-29 16:35:33.292  8774  8774 V Repo    : /storage/emulated/0/Movies/raw
06-29 16:35:33.293  8774  8774 V Repo    : /storage/emulated/0/Movies/summarised
06-29 16:35:33.306  8774  8774 V FileManager: External storage is readable
06-29 16:35:33.306  8774  8774 V FileManager: Directory already exists: /storage/emulated/0/Movies/raw
06-29 16:35:33.313  8774  8774 V FileManager: External storage is readable
06-29 16:35:33.313  8774  8774 V FileManager: Directory already exists: /storage/emulated/0/Movies/summarised
06-29 16:35:33.324  8774  8774 V FileManager: External storage is readable
06-29 16:35:33.325  8774  8774 V FileManager: Directory already exists: /storage/emulated/0/Download/nearby
06-29 16:35:33.328  8774  8774 V FileManager: External storage is readable
06-29 16:35:33.329  8774  8774 V FileManager: Directory already exists: /storage/emulated/0/Movies/segment
06-29 16:35:33.335  8774  8774 V FileManager: External storage is readable
06-29 16:35:33.336  8774  8774 V FileManager: Directory already exists: /storage/emulated/0/Movies/segment-sum
06-29 16:35:33.474  8774  8774 V VideoManager: getAllVideoFromExternalStorageFolder
06-29 16:35:33.482  8774  8774 D VideoManager: /storage/emulated/0/Movies/summarised
06-29 16:35:33.496  8774  8774 D VideoManager: 0 videos return
06-29 16:35:33.523  8774  8774 V VideoManager: getAllVideoFromExternalStorageFolder
06-29 16:35:33.530  8774  8774 D VideoManager: /storage/emulated/0/Movies/raw
06-29 16:35:33.536  8774  8774 D VideoManager: 0 videos return
06-29 16:35:33.576  8774  8804 D OpenGLRenderer: HWUI GL Pipeline
06-29 16:35:33.587  8774  8774 I TransferService: Starting Transfer Service to listen for network connectivity changes.
06-29 16:35:33.587  8774  8774 I TransferService: Registering the network receiver
06-29 16:35:33.590  8774  8774 E TransferService: No notification is passed in the intent. Unable to transition to foreground.
06-29 16:35:33.634  8774  8786 D MainActivity: Scanned /storage/emulated/0/Movies/summarised
06-29 16:35:33.634  8774  8786 D MainActivity:   -> uri=content://media/external/file/5080
06-29 16:35:33.672  8774  8802 D MainActivity: Scanned /storage/emulated/0/Movies/raw
06-29 16:35:33.672  8774  8802 D MainActivity:   -> uri=content://media/external/file/5079
06-29 16:35:33.684  8774  8804 I Adreno  : QUALCOMM build                   : 8e59954, I0be83d0d26
06-29 16:35:33.684  8774  8804 I Adreno  : Build Date                       : 09/22/17
06-29 16:35:33.684  8774  8804 I Adreno  : OpenGL ES Shader Compiler Version: EV031.21.02.00
06-29 16:35:33.684  8774  8804 I Adreno  : Local Branch                     : O17A
06-29 16:35:33.684  8774  8804 I Adreno  : Remote Branch                    : 
06-29 16:35:33.684  8774  8804 I Adreno  : Remote Branch                    : 
06-29 16:35:33.684  8774  8804 I Adreno  : Reconstruct Branch               : 
06-29 16:35:33.684  8774  8804 D vndksupport: Loading /vendor/lib64/hw/gralloc.msm8992.so from current namespace instead of sphal namespace.
06-29 16:35:33.697  8774  8804 I Adreno  : PFP: 0x00000000, ME: 0x00000000
06-29 16:35:33.705  8774  8804 I zygote64: android::hardware::configstore::V1_0::ISurfaceFlingerConfigs::hasWideColorDisplay retrieved: 0
06-29 16:35:33.707  8774  8774 I TransferNetworkLossHand: Network connectivity changed detected.
06-29 16:35:33.711  8774  8804 I OpenGLRenderer: Initialized EGL, version 1.4
06-29 16:35:33.711  8774  8804 D OpenGLRenderer: Swap behavior 2
06-29 16:35:33.711  8774  8774 I TransferNetworkLossHand: Network connected: true
06-29 16:35:33.714  8774  8779 I zygote64: Do partial code cache collection, code=23KB, data=29KB
06-29 16:35:33.715  8774  8779 I zygote64: After code cache collection, code=23KB, data=29KB
06-29 16:35:33.715  8774  8779 I zygote64: Increasing code cache capacity to 128KB
06-29 16:35:33.745  8774  8804 D vndksupport: Loading /vendor/lib64/hw/android.hardware.graphics.mapper@2.0-impl.so from current namespace instead of sphal namespace.
06-29 16:35:33.746  8774  8804 D vndksupport: Loading /vendor/lib64/hw/gralloc.msm8992.so from current namespace instead of sphal namespace.
06-29 16:35:39.063  8774  8774 V MainActivity: Connect button clicked
06-29 16:35:42.293  8774  8774 V ConnectionFragment: Advertisement switch checked
06-29 16:35:44.518  8774  8774 D NearbyFragment: Started advertising
06-29 16:35:54.342  8774  8774 D NearbyFragment: Initiated connection with null: Galaxy S8 [2802]
06-29 16:35:54.477  8774  8779 I zygote64: Do partial code cache collection, code=51KB, data=55KB
06-29 16:35:54.477  8774  8779 I zygote64: After code cache collection, code=51KB, data=55KB
06-29 16:35:54.477  8774  8779 I zygote64: Increasing code cache capacity to 256KB
06-29 16:35:54.478  8774  8779 I zygote64: Compiler allocated 4MB to compile void android.view.View.<init>(android.content.Context, android.util.AttributeSet, int, int)
06-29 16:35:54.691  8774  8779 I zygote64: Do full code cache collection, code=122KB, data=99KB
06-29 16:35:54.691  8774  8779 I zygote64: After code cache collection, code=116KB, data=62KB
06-29 16:35:56.269  8774  8774 I NearbyFragment: Connected to Endpoint{id=4okG, name=Galaxy S8 [2802]}
06-29 16:36:05.529  8774  8779 I zygote64: Do partial code cache collection, code=122KB, data=75KB
06-29 16:36:05.529  8774  8779 I zygote64: After code cache collection, code=122KB, data=75KB
06-29 16:36:05.529  8774  8779 I zygote64: Increasing code cache capacity to 512KB
06-29 16:36:10.878  8774  8774 D NearbyFragment: Initiated connection with null: Nexus 5 [1825]
06-29 16:36:14.562  8774  8774 I NearbyFragment: Connected to Endpoint{id=R7mK, name=Nexus 5 [1825]}
06-29 16:36:15.576  8774  8774 V ConnectionFragment: Advertisement switch unchecked
06-29 16:36:15.576  8774  8774 D NearbyFragment: Stopped advertising
06-29 16:36:15.602  8774  8779 I zygote64: Compiler allocated 4MB to compile void android.view.ViewRootImpl.performTraversals()
06-29 16:36:32.572  8774  8774 V ConnectionFragment: Auto-send switch checked
06-29 16:36:32.605  8774  8774 W NearbyFragment: Preferences:
06-29 16:36:32.605  8774  8774 W NearbyFragment:   Auto download: true
06-29 16:36:32.605  8774  8774 W NearbyFragment:   Algorithm: best
06-29 16:36:32.605  8774  8774 W NearbyFragment:   Fast scheduling: true
06-29 16:36:32.605  8774  8774 W NearbyFragment:   Segmentation: true
06-29 16:36:32.605  8774  8774 W NearbyFragment:   Auto segmentation: false
06-29 16:36:32.605  8774  8774 W NearbyFragment:   Segment number: 4
06-29 16:36:32.605  8774  8774 W NearbyFragment:   Noise tolerance: 45.00
06-29 16:36:32.605  8774  8774 W NearbyFragment:   Quality: 23
06-29 16:36:32.605  8774  8774 W NearbyFragment:   Speed: medium
06-29 16:36:32.605  8774  8774 W NearbyFragment:   Freeze duration: 1.00
06-29 16:36:32.606  8774  8774 W NearbyFragment: Download delay: 1s
06-29 16:36:32.606  8774  8774 W NearbyFragment: Started downloading from dashcam
06-29 16:36:32.608  8774  8987 V DownloadTestVideosTask: Starting DownloadTestVideosTask
06-29 16:36:32.616  8774  8987 V DashDownloadManager: Started downloading: 20200312_150643.mp4
06-29 16:36:33.400  8774  8779 I zygote64: Do full code cache collection, code=251KB, data=177KB
06-29 16:36:33.400  8774  8779 I zygote64: After code cache collection, code=250KB, data=141KB
06-29 16:36:33.574  8774  8779 I zygote64: Do partial code cache collection, code=250KB, data=144KB
06-29 16:36:33.575  8774  8779 I zygote64: After code cache collection, code=250KB, data=144KB
06-29 16:36:33.575  8774  8779 I zygote64: Increasing code cache capacity to 1024KB
06-29 16:36:35.389  8774  8774 V MainActivity: Navigation summarised button clicked
06-29 16:36:47.180  8774  8774 V VideoManager: videoFromCursor
06-29 16:36:47.190  8774  8774 V RawFootageEventHandler: onAdd
06-29 16:36:47.192  8774  8774 I mobile-ffmpeg: Loading mobile-ffmpeg.
06-29 16:36:47.238  8774  8774 I mobile-ffmpeg: Loaded mobile-ffmpeg-full-gpl-arm64-v8a-4.2.2-20190703.
06-29 16:36:47.241  8774  9019 D mobile-ffmpeg: Callback thread started.
06-29 16:36:47.347  8774  8774 V FileManager: External storage is readable
06-29 16:36:47.350  8774  8774 V FileManager: Created new directory: /storage/emulated/0/Movies/segment/20200312_150643
06-29 16:36:47.351  8774  8774 I FfmpegTools: Running ffmpeg with:
06-29 16:36:47.351  8774  8774 I FfmpegTools:   -y -i /storage/emulated/0/Movies/raw/20200312_150643.mp4 -map 0 -c copy -f segment -reset_timestamps 1 -segment_time 16 /storage/emulated/0/Movies/segment/20200312_150643/20200312_150643!%03d.mp4
06-29 16:36:47.360  8774  9019 W mobile-ffmpeg: 
06-29 16:36:47.360  8774  9019 W mobile-ffmpeg: [mov,mp4,m4a,3gp,3g2,mj2 @ 0x7c736d8200] 
06-29 16:36:47.360  8774  9019 W mobile-ffmpeg: 
06-29 16:36:47.360  8774  9019 W mobile-ffmpeg: Found duplicated MOOV Atom. Skipped it
06-29 16:36:47.406  8774  9019 I mobile-ffmpeg: 
06-29 16:36:47.406  8774  9019 I chatty  : uid=10100(com.example.edgesum) Thread-3 identical 1 line
06-29 16:36:47.406  8774  9019 I mobile-ffmpeg: 
06-29 16:36:47.407  8774  9019 I mobile-ffmpeg: Input #0, mov,mp4,m4a,3gp,3g2,mj2, from '/storage/emulated/0/Movies/raw/20200312_150643.mp4':
06-29 16:36:47.407  8774  9019 I mobile-ffmpeg: 
06-29 16:36:47.407  8774  9019 I chatty  : uid=10100(com.example.edgesum) Thread-3 identical 1 line
06-29 16:36:47.407  8774  9019 I mobile-ffmpeg: 
06-29 16:36:47.408  8774  9019 I mobile-ffmpeg:   Metadata:
06-29 16:36:47.408  8774  9019 I mobile-ffmpeg: 
06-29 16:36:47.408  8774  9019 I chatty  : uid=10100(com.example.edgesum) Thread-3 identical 1 line
06-29 16:36:47.408  8774  9019 I mobile-ffmpeg: 
06-29 16:36:47.409  8774  9019 I mobile-ffmpeg:     creation_time   : 
06-29 16:36:47.409  8774  9019 I mobile-ffmpeg: 
06-29 16:36:47.409  8774  9019 I chatty  : uid=10100(com.example.edgesum) Thread-3 identical 1 line
06-29 16:36:47.409  8774  9019 I mobile-ffmpeg: 
06-29 16:36:47.410  8774  9019 I mobile-ffmpeg: 2020-03-12T04:07:43.000000Z
06-29 16:36:47.410  8774  9019 I mobile-ffmpeg: 
06-29 16:36:47.410  8774  9019 I chatty  : uid=10100(com.example.edgesum) Thread-3 identical 1 line
06-29 16:36:47.410  8774  9019 I mobile-ffmpeg: 
06-29 16:36:47.411  8774  9019 I mobile-ffmpeg: 
06-29 16:36:47.411  8774  9019 I mobile-ffmpeg: 
06-29 16:36:47.411  8774  9019 I chatty  : uid=10100(com.example.edgesum) Thread-3 identical 1 line
06-29 16:36:47.412  8774  9019 I mobile-ffmpeg: 
06-29 16:36:47.412  8774  9019 I mobile-ffmpeg:     major_brand     : 
06-29 16:36:47.412  8774  9019 I mobile-ffmpeg: 
06-29 16:36:47.412  8774  9019 I chatty  : uid=10100(com.example.edgesum) Thread-3 identical 1 line
06-29 16:36:47.413  8774  9019 I mobile-ffmpeg: 
06-29 16:36:47.413  8774  9019 I mobile-ffmpeg: mp42
06-29 16:36:47.413  8774  9019 I mobile-ffmpeg: 
06-29 16:36:47.413  8774  9019 I chatty  : uid=10100(com.example.edgesum) Thread-3 identical 1 line
06-29 16:36:47.414  8774  9019 I mobile-ffmpeg: 
06-29 16:36:47.414  8774  9019 I mobile-ffmpeg: 
06-29 16:36:47.414  8774  9019 I mobile-ffmpeg: 
06-29 16:36:47.414  8774  9019 I chatty  : uid=10100(com.example.edgesum) Thread-3 identical 1 line
06-29 16:36:47.415  8774  9019 I mobile-ffmpeg: 
06-29 16:36:47.415  8774  9019 I mobile-ffmpeg:     minor_version   : 
06-29 16:36:47.416  8774  9019 I mobile-ffmpeg: 
06-29 16:36:47.417  8774  9019 I chatty  : uid=10100(com.example.edgesum) Thread-3 identical 1 line
06-29 16:36:47.417  8774  9019 I mobile-ffmpeg: 
06-29 16:36:47.418  8774  9019 I mobile-ffmpeg: 1
06-29 16:36:47.419  8774  9019 I mobile-ffmpeg: 
06-29 16:36:47.419  8774  9019 I chatty  : uid=10100(com.example.edgesum) Thread-3 identical 1 line
06-29 16:36:47.419  8774  9019 I mobile-ffmpeg: 
06-29 16:36:47.420  8774  9019 I mobile-ffmpeg: 
06-29 16:36:47.420  8774  9019 I mobile-ffmpeg: 
06-29 16:36:47.420  8774  9019 I chatty  : uid=10100(com.example.edgesum) Thread-3 identical 1 line
06-29 16:36:47.420  8774  9019 I mobile-ffmpeg: 
06-29 16:36:47.421  8774  9019 I mobile-ffmpeg:     compatible_brands: 
06-29 16:36:47.421  8774  9019 I mobile-ffmpeg: 
06-29 16:36:47.421  8774  9019 I chatty  : uid=10100(com.example.edgesum) Thread-3 identical 1 line
06-29 16:36:47.422  8774  9019 I mobile-ffmpeg: 
06-29 16:36:47.422  8774  9019 I mobile-ffmpeg: mp42mp42
06-29 16:36:47.422  8774  9019 I mobile-ffmpeg: 
06-29 16:36:47.422  8774  9019 I chatty  : uid=10100(com.example.edgesum) Thread-3 identical 1 line
06-29 16:36:47.422  8774  9019 I mobile-ffmpeg: 
06-29 16:36:47.423  8774  9019 I mobile-ffmpeg: 
06-29 16:36:47.423  8774  9019 I mobile-ffmpeg: 
06-29 16:36:47.423  8774  9019 I chatty  : uid=10100(com.example.edgesum) Thread-3 identical 1 line
06-29 16:36:47.423  8774  9019 I mobile-ffmpeg: 
06-29 16:36:47.424  8774  9019 I mobile-ffmpeg:   Duration: 
06-29 16:36:47.424  8774  9019 I mobile-ffmpeg: 
06-29 16:36:47.424  8774  9019 I chatty  : uid=10100(com.example.edgesum) Thread-3 identical 1 line
06-29 16:36:47.425  8774  9019 I mobile-ffmpeg: 
06-29 16:36:47.425  8774  9019 I mobile-ffmpeg: 00:01:00.02
06-29 16:36:47.425  8774  9019 I mobile-ffmpeg: 
06-29 16:36:47.425  8774  9019 I chatty  : uid=10100(com.example.edgesum) Thread-3 identical 1 line
06-29 16:36:47.426  8774  9019 I mobile-ffmpeg: 
06-29 16:36:47.426  8774  9019 I mobile-ffmpeg: , start: 
06-29 16:36:47.426  8774  9019 I mobile-ffmpeg: 
06-29 16:36:47.426  8774  9019 I chatty  : uid=10100(com.example.edgesum) Thread-3 identical 1 line
06-29 16:36:47.427  8774  9019 I mobile-ffmpeg: 
06-29 16:36:47.427  8774  9019 I mobile-ffmpeg: 0.000000
06-29 16:36:47.427  8774  9019 I mobile-ffmpeg: 
06-29 16:36:47.427  8774  9019 I chatty  : uid=10100(com.example.edgesum) Thread-3 identical 1 line
06-29 16:36:47.429  8774  9019 I mobile-ffmpeg: 
06-29 16:36:47.429  8774  9019 I mobile-ffmpeg: , bitrate: 
06-29 16:36:47.429  8774  9019 I mobile-ffmpeg: 
06-29 16:36:47.429  8774  9019 I chatty  : uid=10100(com.example.edgesum) Thread-3 identical 1 line
06-29 16:36:47.429  8774  9019 I mobile-ffmpeg: 
06-29 16:36:47.430  8774  9019 I mobile-ffmpeg: 9328 kb/s
06-29 16:36:47.430  8774  9019 I mobile-ffmpeg: 
06-29 16:36:47.430  8774  9019 I chatty  : uid=10100(com.example.edgesum) Thread-3 identical 1 line
06-29 16:36:47.430  8774  9019 I mobile-ffmpeg: 
06-29 16:36:47.430  8774  9019 I mobile-ffmpeg: 
06-29 16:36:47.430  8774  9019 I mobile-ffmpeg: 
06-29 16:36:47.430  8774  9019 I chatty  : uid=10100(com.example.edgesum) Thread-3 identical 1 line
06-29 16:36:47.430  8774  9019 I mobile-ffmpeg: 
06-29 16:36:47.431  8774  9019 I mobile-ffmpeg:     Stream #0:0
06-29 16:36:47.431  8774  9019 I mobile-ffmpeg: 
06-29 16:36:47.431  8774  9019 I chatty  : uid=10100(com.example.edgesum) Thread-3 identical 1 line
06-29 16:36:47.431  8774  9019 I mobile-ffmpeg: 
06-29 16:36:47.431  8774  9019 I mobile-ffmpeg: (eng)
06-29 16:36:47.431  8774  9019 I mobile-ffmpeg: 
06-29 16:36:47.431  8774  9019 I chatty  : uid=10100(com.example.edgesum) Thread-3 identical 1 line
06-29 16:36:47.432  8774  9019 I mobile-ffmpeg: 
06-29 16:36:47.432  8774  9019 I mobile-ffmpeg: : Video: h264 (avc1 / 0x31637661), yuvj420p(pc, bt709), 1280x720, 8381 kb/s
06-29 16:36:47.432  8774  9019 I mobile-ffmpeg: 
06-29 16:36:47.432  8774  9019 I chatty  : uid=10100(com.example.edgesum) Thread-3 identical 1 line
06-29 16:36:47.432  8774  9019 I mobile-ffmpeg: 
06-29 16:36:47.432  8774  9019 I mobile-ffmpeg: , 
06-29 16:36:47.432  8774  9019 I mobile-ffmpeg: 
06-29 16:36:47.432  8774  9019 I chatty  : uid=10100(com.example.edgesum) Thread-3 identical 1 line
06-29 16:36:47.433  8774  9019 I mobile-ffmpeg: 
06-29 16:36:47.433  8774  9019 I mobile-ffmpeg: 29.97 fps, 
06-29 16:36:47.433  8774  9019 I mobile-ffmpeg: 
06-29 16:36:47.433  8774  9019 I chatty  : uid=10100(com.example.edgesum) Thread-3 identical 1 line
06-29 16:36:47.433  8774  9019 I mobile-ffmpeg: 
06-29 16:36:47.434  8774  9019 I mobile-ffmpeg: 29.97 tbr, 
06-29 16:36:47.435  8774  9019 I mobile-ffmpeg: 
06-29 16:36:47.436  8774  9019 I chatty  : uid=10100(com.example.edgesum) Thread-3 identical 1 line
06-29 16:36:47.436  8774  9019 I mobile-ffmpeg: 
06-29 16:36:47.436  8774  9019 I mobile-ffmpeg: 1k tbn, 
06-29 16:36:47.436  8774  9019 I mobile-ffmpeg: 
06-29 16:36:47.436  8774  9019 I chatty  : uid=10100(com.example.edgesum) Thread-3 identical 1 line
06-29 16:36:47.437  8774  9019 I mobile-ffmpeg: 
06-29 16:36:47.437  8774  9019 I mobile-ffmpeg: 2k tbc
06-29 16:36:47.437  8774  9019 I mobile-ffmpeg: 
06-29 16:36:47.437  8774  9019 I chatty  : uid=10100(com.example.edgesum) Thread-3 identical 1 line
06-29 16:36:47.437  8774  9019 I mobile-ffmpeg: 
06-29 16:36:47.437  8774  9019 I mobile-ffmpeg:  (default)
06-29 16:36:47.437  8774  9019 I mobile-ffmpeg: 
06-29 16:36:47.437  8774  9019 I chatty  : uid=10100(com.example.edgesum) Thread-3 identical 1 line
06-29 16:36:47.438  8774  9019 I mobile-ffmpeg: 
06-29 16:36:47.438  8774  9019 I mobile-ffmpeg: 
06-29 16:36:47.438  8774  9019 I mobile-ffmpeg: 
06-29 16:36:47.438  8774  9019 I chatty  : uid=10100(com.example.edgesum) Thread-3 identical 1 line
06-29 16:36:47.438  8774  9019 I mobile-ffmpeg: 
06-29 16:36:47.438  8774  9019 I mobile-ffmpeg:     Metadata:
06-29 16:36:47.438  8774  9019 I mobile-ffmpeg: 
06-29 16:36:47.439  8774  9019 I chatty  : uid=10100(com.example.edgesum) Thread-3 identical 1 line
06-29 16:36:47.439  8774  9019 I mobile-ffmpeg: 
06-29 16:36:47.439  8774  9019 I mobile-ffmpeg:       creation_time   : 
06-29 16:36:47.439  8774  9019 I mobile-ffmpeg: 
06-29 16:36:47.439  8774  9019 I chatty  : uid=10100(com.example.edgesum) Thread-3 identical 1 line
06-29 16:36:47.439  8774  9019 I mobile-ffmpeg: 
06-29 16:36:47.439  8774  9019 I mobile-ffmpeg: 2020-03-12T04:07:43.000000Z
06-29 16:36:47.439  8774  9019 I mobile-ffmpeg: 
06-29 16:36:47.440  8774  9019 I chatty  : uid=10100(com.example.edgesum) Thread-3 identical 1 line
06-29 16:36:47.440  8774  9019 I mobile-ffmpeg: 
06-29 16:36:47.440  8774  9019 I mobile-ffmpeg: 
06-29 16:36:47.440  8774  9019 I mobile-ffmpeg: 
06-29 16:36:47.440  8774  9019 I chatty  : uid=10100(com.example.edgesum) Thread-3 identical 1 line
06-29 16:36:47.440  8774  9019 I mobile-ffmpeg: 
06-29 16:36:47.440  8774  9019 I mobile-ffmpeg:       handler_name    : 
06-29 16:36:47.440  8774  9019 I mobile-ffmpeg: 
06-29 16:36:47.441  8774  9019 I chatty  : uid=10100(com.example.edgesum) Thread-3 identical 1 line
06-29 16:36:47.441  8774  9019 I mobile-ffmpeg: 
06-29 16:36:47.441  8774  9019 I mobile-ffmpeg: PittaSoft Video Media Handler
06-29 16:36:47.441  8774  9019 I mobile-ffmpeg: 
06-29 16:36:47.441  8774  9019 I chatty  : uid=10100(com.example.edgesum) Thread-3 identical 1 line
06-29 16:36:47.441  8774  9019 I mobile-ffmpeg: 
06-29 16:36:47.441  8774  9019 I mobile-ffmpeg: 
06-29 16:36:47.441  8774  9019 I mobile-ffmpeg: 
06-29 16:36:47.442  8774  9019 I chatty  : uid=10100(com.example.edgesum) Thread-3 identical 1 line
06-29 16:36:47.442  8774  9019 I mobile-ffmpeg: 
06-29 16:36:47.442  8774  9019 I mobile-ffmpeg:     Stream #0:1
06-29 16:36:47.442  8774  9019 I mobile-ffmpeg: 
06-29 16:36:47.442  8774  9019 I chatty  : uid=10100(com.example.edgesum) Thread-3 identical 1 line
06-29 16:36:47.442  8774  9019 I mobile-ffmpeg: 
06-29 16:36:47.442  8774  9019 I mobile-ffmpeg: (eng)
06-29 16:36:47.442  8774  9019 I mobile-ffmpeg: 
06-29 16:36:47.443  8774  9019 I chatty  : uid=10100(com.example.edgesum) Thread-3 identical 1 line
06-29 16:36:47.443  8774  9019 I mobile-ffmpeg: 
06-29 16:36:47.443  8774  9019 I mobile-ffmpeg: : Audio: aac (mp4a / 0x6134706D), 16000 Hz, stereo, fltp, 47 kb/s
06-29 16:36:47.443  8774  9019 I mobile-ffmpeg: 
06-29 16:36:47.443  8774  9019 I chatty  : uid=10100(com.example.edgesum) Thread-3 identical 1 line
06-29 16:36:47.443  8774  9019 I mobile-ffmpeg: 
06-29 16:36:47.443  8774  9019 I mobile-ffmpeg:  (default)
06-29 16:36:47.444  8774  9019 I mobile-ffmpeg: 
06-29 16:36:47.444  8774  9019 I chatty  : uid=10100(com.example.edgesum) Thread-3 identical 1 line
06-29 16:36:47.444  8774  9019 I mobile-ffmpeg: 
06-29 16:36:47.444  8774  9019 I mobile-ffmpeg: 
06-29 16:36:47.444  8774  9019 I mobile-ffmpeg: 
06-29 16:36:47.444  8774  9019 I chatty  : uid=10100(com.example.edgesum) Thread-3 identical 1 line
06-29 16:36:47.445  8774  9019 I mobile-ffmpeg: 
06-29 16:36:47.445  8774  9019 I mobile-ffmpeg:     Metadata:
06-29 16:36:47.445  8774  9019 I mobile-ffmpeg: 
06-29 16:36:47.445  8774  9019 I chatty  : uid=10100(com.example.edgesum) Thread-3 identical 1 line
06-29 16:36:47.445  8774  9019 I mobile-ffmpeg: 
06-29 16:36:47.446  8774  9019 I mobile-ffmpeg:       creation_time   : 
06-29 16:36:47.446  8774  9019 I mobile-ffmpeg: 
06-29 16:36:47.446  8774  9019 I chatty  : uid=10100(com.example.edgesum) Thread-3 identical 1 line
06-29 16:36:47.446  8774  9019 I mobile-ffmpeg: 
06-29 16:36:47.446  8774  9019 I mobile-ffmpeg: 2020-03-12T04:07:43.000000Z
06-29 16:36:47.446  8774  9019 I mobile-ffmpeg: 
06-29 16:36:47.446  8774  9019 I chatty  : uid=10100(com.example.edgesum) Thread-3 identical 1 line
06-29 16:36:47.447  8774  9019 I mobile-ffmpeg: 
06-29 16:36:47.447  8774  9019 I mobile-ffmpeg: 
06-29 16:36:47.447  8774  9019 I mobile-ffmpeg: 
06-29 16:36:47.447  8774  9019 I chatty  : uid=10100(com.example.edgesum) Thread-3 identical 1 line
06-29 16:36:47.447  8774  9019 I mobile-ffmpeg: 
06-29 16:36:47.448  8774  9019 I mobile-ffmpeg:       handler_name    : 
06-29 16:36:47.448  8774  9019 I mobile-ffmpeg: 
06-29 16:36:47.448  8774  9019 I chatty  : uid=10100(com.example.edgesum) Thread-3 identical 1 line
06-29 16:36:47.448  8774  9019 I mobile-ffmpeg: 
06-29 16:36:47.448  8774  9019 I mobile-ffmpeg: PittaSoft Sound Media Handler
06-29 16:36:47.449  8774  9019 I mobile-ffmpeg: 
06-29 16:36:47.449  8774  9019 I chatty  : uid=10100(com.example.edgesum) Thread-3 identical 1 line
06-29 16:36:47.449  8774  9019 I mobile-ffmpeg: 
06-29 16:36:47.449  8774  9019 I mobile-ffmpeg: 
06-29 16:36:47.449  8774  9019 I mobile-ffmpeg: 
06-29 16:36:47.449  8774  9019 I mobile-ffmpeg: [segment @ 0x7c65eef000] 
06-29 16:36:47.449  8774  9019 I mobile-ffmpeg: 
06-29 16:36:47.449  8774  9019 I mobile-ffmpeg: Opening '/storage/emulated/0/Movies/segment/20200312_150643/20200312_150643!000.mp4' for writing
06-29 16:36:47.450  8774  9019 I mobile-ffmpeg: 
06-29 16:36:47.450  8774  9019 I chatty  : uid=10100(com.example.edgesum) Thread-3 identical 1 line
06-29 16:36:47.450  8774  9019 I mobile-ffmpeg: 
06-29 16:36:47.450  8774  9019 I mobile-ffmpeg: Output #0, segment, to '/storage/emulated/0/Movies/segment/20200312_150643/20200312_150643!%03d.mp4':
06-29 16:36:47.450  8774  9019 I mobile-ffmpeg: 
06-29 16:36:47.450  8774  9019 I chatty  : uid=10100(com.example.edgesum) Thread-3 identical 1 line
06-29 16:36:47.450  8774  9019 I mobile-ffmpeg: 
06-29 16:36:47.451  8774  9019 I mobile-ffmpeg:   Metadata:
06-29 16:36:47.451  8774  9019 I mobile-ffmpeg: 
06-29 16:36:47.451  8774  9019 I chatty  : uid=10100(com.example.edgesum) Thread-3 identical 1 line
06-29 16:36:47.451  8774  9019 I mobile-ffmpeg: 
06-29 16:36:47.451  8774  9019 I mobile-ffmpeg:     compatible_brands: 
06-29 16:36:47.451  8774  9019 I mobile-ffmpeg: 
06-29 16:36:47.452  8774  9019 I chatty  : uid=10100(com.example.edgesum) Thread-3 identical 1 line
06-29 16:36:47.452  8774  9019 I mobile-ffmpeg: 
06-29 16:36:47.452  8774  9019 I mobile-ffmpeg: mp42mp42
06-29 16:36:47.452  8774  9019 I mobile-ffmpeg: 
06-29 16:36:47.452  8774  9019 I chatty  : uid=10100(com.example.edgesum) Thread-3 identical 1 line
06-29 16:36:47.453  8774  9019 I mobile-ffmpeg: 
06-29 16:36:47.453  8774  9019 I mobile-ffmpeg: 
06-29 16:36:47.453  8774  9019 I mobile-ffmpeg: 
06-29 16:36:47.453  8774  9019 I chatty  : uid=10100(com.example.edgesum) Thread-3 identical 1 line
06-29 16:36:47.453  8774  9019 I mobile-ffmpeg: 
06-29 16:36:47.453  8774  9019 I mobile-ffmpeg:     major_brand     : 
06-29 16:36:47.453  8774  9019 I mobile-ffmpeg: 
06-29 16:36:47.453  8774  9019 I chatty  : uid=10100(com.example.edgesum) Thread-3 identical 1 line
06-29 16:36:47.454  8774  9019 I mobile-ffmpeg: 
06-29 16:36:47.454  8774  9019 I mobile-ffmpeg: mp42
06-29 16:36:47.454  8774  9019 I mobile-ffmpeg: 
06-29 16:36:47.454  8774  9019 I chatty  : uid=10100(com.example.edgesum) Thread-3 identical 1 line
06-29 16:36:47.454  8774  9019 I mobile-ffmpeg: 
06-29 16:36:47.454  8774  9019 I mobile-ffmpeg: 
06-29 16:36:47.455  8774  9019 I mobile-ffmpeg: 
06-29 16:36:47.455  8774  9019 I chatty  : uid=10100(com.example.edgesum) Thread-3 identical 1 line
06-29 16:36:47.455  8774  9019 I mobile-ffmpeg: 
06-29 16:36:47.455  8774  9019 I mobile-ffmpeg:     minor_version   : 
06-29 16:36:47.455  8774  9019 I mobile-ffmpeg: 
06-29 16:36:47.455  8774  9019 I chatty  : uid=10100(com.example.edgesum) Thread-3 identical 1 line
06-29 16:36:47.456  8774  9019 I mobile-ffmpeg: 
06-29 16:36:47.456  8774  9019 I mobile-ffmpeg: 1
06-29 16:36:47.456  8774  9019 I mobile-ffmpeg: 
06-29 16:36:47.456  8774  9019 I chatty  : uid=10100(com.example.edgesum) Thread-3 identical 1 line
06-29 16:36:47.456  8774  9019 I mobile-ffmpeg: 
06-29 16:36:47.456  8774  9019 I mobile-ffmpeg: 
06-29 16:36:47.456  8774  9019 I mobile-ffmpeg: 
06-29 16:36:47.456  8774  9019 I chatty  : uid=10100(com.example.edgesum) Thread-3 identical 1 line
06-29 16:36:47.456  8774  9019 I mobile-ffmpeg: 
06-29 16:36:47.457  8774  9019 I mobile-ffmpeg:     encoder         : 
06-29 16:36:47.457  8774  9019 I mobile-ffmpeg: 
06-29 16:36:47.457  8774  9019 I chatty  : uid=10100(com.example.edgesum) Thread-3 identical 1 line
06-29 16:36:47.457  8774  9019 I mobile-ffmpeg: 
06-29 16:36:47.457  8774  9019 I mobile-ffmpeg: Lavf58.28.101
06-29 16:36:47.457  8774  9019 I mobile-ffmpeg: 
06-29 16:36:47.457  8774  9019 I chatty  : uid=10100(com.example.edgesum) Thread-3 identical 1 line
06-29 16:36:47.458  8774  9019 I mobile-ffmpeg: 
06-29 16:36:47.458  8774  9019 I mobile-ffmpeg: 
06-29 16:36:47.458  8774  9019 I mobile-ffmpeg: 
06-29 16:36:47.458  8774  9019 I chatty  : uid=10100(com.example.edgesum) Thread-3 identical 1 line
06-29 16:36:47.458  8774  9019 I mobile-ffmpeg: 
06-29 16:36:47.458  8774  9019 I mobile-ffmpeg:     Stream #0:0
06-29 16:36:47.459  8774  9019 I mobile-ffmpeg: 
06-29 16:36:47.459  8774  9019 I chatty  : uid=10100(com.example.edgesum) Thread-3 identical 1 line
06-29 16:36:47.459  8774  9019 I mobile-ffmpeg: 
06-29 16:36:47.459  8774  9019 I mobile-ffmpeg: (eng)
06-29 16:36:47.459  8774  9019 I mobile-ffmpeg: 
06-29 16:36:47.459  8774  9019 I chatty  : uid=10100(com.example.edgesum) Thread-3 identical 1 line
06-29 16:36:47.459  8774  9019 I mobile-ffmpeg: 
06-29 16:36:47.460  8774  9019 I mobile-ffmpeg: : Video: h264 (avc1 / 0x31637661), yuvj420p(pc, bt709), 1280x720, q=2-31, 8381 kb/s
06-29 16:36:47.460  8774  9019 I mobile-ffmpeg: 
06-29 16:36:47.460  8774  9019 I chatty  : uid=10100(com.example.edgesum) Thread-3 identical 1 line
06-29 16:36:47.460  8774  9019 I mobile-ffmpeg: 
06-29 16:36:47.460  8774  9019 I mobile-ffmpeg: , 
06-29 16:36:47.460  8774  9019 I mobile-ffmpeg: 
06-29 16:36:47.460  8774  9019 I chatty  : uid=10100(com.example.edgesum) Thread-3 identical 1 line
06-29 16:36:47.460  8774  9019 I mobile-ffmpeg: 
06-29 16:36:47.460  8774  9019 I mobile-ffmpeg: 29.97 fps, 
06-29 16:36:47.460  8774  9019 I mobile-ffmpeg: 
06-29 16:36:47.461  8774  9019 I chatty  : uid=10100(com.example.edgesum) Thread-3 identical 1 line
06-29 16:36:47.461  8774  9019 I mobile-ffmpeg: 
06-29 16:36:47.461  8774  9019 I mobile-ffmpeg: 29.97 tbr, 
06-29 16:36:47.461  8774  9019 I mobile-ffmpeg: 
