--------- beginning of main
06-29 16:35:33.403 26208 26208 E Zygote  : isWhitelistProcess - Process is Whitelisted
06-29 16:35:33.405 26208 26208 E Zygote  : accessInfo : 1
06-29 16:35:33.416 26208 26208 I example.edgesu: Late-enabling -Xcheck:jni
06-29 16:35:34.360 26208 26208 I TransferService: Starting Transfer Service to listen for network connectivity changes.
06-29 16:35:34.361 26208 26208 W LogFactory: Truncating log tag length as it exceed 23, the limit imposed by Android on certain API Levels
06-29 16:35:34.386 26208 26208 I TransferService: Registering the network receiver
06-29 16:35:34.388 26208 26208 I TransferService: Moving the service out of the Foreground state.
06-29 16:35:34.388 26208 26208 I TransferService: De-registering the network receiver.
06-29 16:35:34.390 26208 26208 W ActivityThread: handleWindowVisibility: no activity for token android.os.BinderProxy@8dca064
06-29 16:35:34.398 26208 26226 D vndksupport: Loading /vendor/lib64/egl/libGLES_mali.so from current namespace instead of sphal namespace.
06-29 16:35:34.418 26208 26226 D libEGL  : loaded /vendor/lib64/egl/libGLES_mali.so
06-29 16:35:34.457 26208 26208 W example.edgesu: Accessing hidden method Landroid/graphics/drawable/Drawable;->getOpticalInsets()Landroid/graphics/Insets; (light greylist, linking)
06-29 16:35:34.457 26208 26208 W example.edgesu: Accessing hidden field Landroid/graphics/Insets;->left:I (light greylist, linking)
06-29 16:35:34.457 26208 26208 W example.edgesu: Accessing hidden field Landroid/graphics/Insets;->right:I (light greylist, linking)
06-29 16:35:34.457 26208 26208 W example.edgesu: Accessing hidden field Landroid/graphics/Insets;->top:I (light greylist, linking)
06-29 16:35:34.457 26208 26208 W example.edgesu: Accessing hidden field Landroid/graphics/Insets;->bottom:I (light greylist, linking)
06-29 16:35:34.475 26208 26208 I DecorView: createDecorCaptionView >> DecorView@57eae01[], isFloating: false, isApplication: true, hasWindowDecorCaption: false, hasWindowControllerCallback: true
06-29 16:35:34.506 26208 26208 W example.edgesu: Accessing hidden method Landroid/view/View;->computeFitSystemWindows(Landroid/graphics/Rect;Landroid/graphics/Rect;)Z (light greylist, reflection)
06-29 16:35:34.506 26208 26208 W example.edgesu: Accessing hidden method Landroid/view/ViewGroup;->makeOptionalFitsSystemWindows()V (light greylist, reflection)
06-29 16:35:34.605 26208 26208 W example.edgesu: Accessing hidden method Landroid/widget/TextView;->getTextDirectionHeuristic()Landroid/text/TextDirectionHeuristic; (light greylist, linking)
06-29 16:35:34.614 26208 26208 W example.edgesu: Accessing hidden field Landroid/view/View;->mAccessibilityDelegate:Landroid/view/View$AccessibilityDelegate; (light greylist, reflection)
06-29 16:35:34.673 26208 26208 V Repo    : /storage/emulated/0/Movies/raw
06-29 16:35:34.674 26208 26208 V Repo    : /storage/emulated/0/Movies/summarised
06-29 16:35:34.695 26208 26208 V FileManager: External storage is readable
06-29 16:35:34.696 26208 26208 V FileManager: Directory already exists: /storage/emulated/0/Movies/raw
06-29 16:35:34.697 26208 26208 V FileManager: External storage is readable
06-29 16:35:34.697 26208 26208 V FileManager: Directory already exists: /storage/emulated/0/Movies/summarised
06-29 16:35:34.699 26208 26208 V FileManager: External storage is readable
06-29 16:35:34.699 26208 26208 V FileManager: Directory already exists: /storage/emulated/0/Download/nearby
06-29 16:35:34.700 26208 26208 V FileManager: External storage is readable
06-29 16:35:34.701 26208 26208 V FileManager: Directory already exists: /storage/emulated/0/Movies/segment
06-29 16:35:34.702 26208 26208 V FileManager: External storage is readable
06-29 16:35:34.702 26208 26208 V FileManager: Directory already exists: /storage/emulated/0/Movies/segment-sum
06-29 16:35:34.828 26208 26208 V VideoManager: getAllVideoFromExternalStorageFolder
06-29 16:35:34.830 26208 26208 D VideoManager: /storage/emulated/0/Movies/summarised
06-29 16:35:34.837 26208 26208 D VideoManager: 0 videos return
06-29 16:35:34.866 26208 26208 V VideoManager: getAllVideoFromExternalStorageFolder
06-29 16:35:34.868 26208 26208 D VideoManager: /storage/emulated/0/Movies/raw
06-29 16:35:34.872 26208 26208 D VideoManager: 0 videos return
06-29 16:35:34.896 26208 26208 D OpenGLRenderer: Skia GL Pipeline
06-29 16:35:34.899 26208 26208 D EmergencyMode: [EmergencyManager] android createPackageContext successful
06-29 16:35:34.912 26208 26208 D InputTransport: Input channel constructed: fd=64
06-29 16:35:34.913 26208 26208 D ViewRootImpl@448697c[MainActivity]: setView = DecorView@57eae01[MainActivity] TM=true MM=false
06-29 16:35:34.918 26208 26208 I TransferService: Starting Transfer Service to listen for network connectivity changes.
06-29 16:35:34.918 26208 26208 I TransferService: Registering the network receiver
06-29 16:35:34.919 26208 26208 E TransferService: No notification is passed in the intent. Unable to transition to foreground.
06-29 16:35:34.959 26208 26208 D ViewRootImpl@448697c[MainActivity]: dispatchAttachedToWindow
06-29 16:35:34.960 26208 26222 D MainActivity: Scanned /storage/emulated/0/Movies/raw
06-29 16:35:34.960 26208 26222 D MainActivity:   -> uri=content://media/external/file/136268
06-29 16:35:34.974 26208 26208 W StaticLayout: maxLineHeight should not be -1.  maxLines:1 lineCount:1
06-29 16:35:34.983 26208 26222 D MainActivity: Scanned /storage/emulated/0/Movies/summarised
06-29 16:35:34.983 26208 26222 D MainActivity:   -> uri=content://media/external/file/136267
06-29 16:35:34.983 26208 26208 W StaticLayout: maxLineHeight should not be -1.  maxLines:1 lineCount:1
06-29 16:35:34.987 26208 26208 W StaticLayout: maxLineHeight should not be -1.  maxLines:1 lineCount:1
06-29 16:35:34.992 26208 26208 W StaticLayout: maxLineHeight should not be -1.  maxLines:1 lineCount:1
06-29 16:35:35.001 26208 26208 D ViewRootImpl@448697c[MainActivity]: Relayout returned: old=[0,0][720,1480] new=[0,0][720,1480] result=0x7 surface={valid=true 497705480192} changed=true
06-29 16:35:35.006 26208 26230 I ConfigStore: android::hardware::configstore::V1_0::ISurfaceFlingerConfigs::hasWideColorDisplay retrieved: 0
06-29 16:35:35.006 26208 26230 I ConfigStore: android::hardware::configstore::V1_0::ISurfaceFlingerConfigs::hasHDRDisplay retrieved: 0
06-29 16:35:35.007 26208 26230 I OpenGLRenderer: Initialized EGL, version 1.4
06-29 16:35:35.007 26208 26230 D OpenGLRenderer: Swap behavior 2
06-29 16:35:35.014 26208 26208 W StaticLayout: maxLineHeight should not be -1.  maxLines:1 lineCount:1
06-29 16:35:35.015 26208 26230 D mali_winsys: EGLint new_window_surface(egl_winsys_display *, void *, EGLSurface, EGLConfig, egl_winsys_surface **, EGLBoolean) returns 0x3000
06-29 16:35:35.015 26208 26230 D OpenGLRenderer: eglCreateWindowSurface = 0x73c8f85600, 0x73e18ef010
06-29 16:35:35.018 26208 26208 W StaticLayout: maxLineHeight should not be -1.  maxLines:1 lineCount:1
06-29 16:35:35.027 26208 26208 I TransferNetworkLossHand: Network connectivity changed detected.
06-29 16:35:35.027 26208 26208 I TransferNetworkLossHand: Network connected: false
06-29 16:35:35.099 26208 26230 D vndksupport: Loading /vendor/lib64/hw/android.hardware.graphics.mapper@2.0-impl.so from current namespace instead of sphal namespace.
06-29 16:35:35.117 26208 26208 D ViewRootImpl@448697c[MainActivity]: MSG_RESIZED: frame=Rect(0, 0 - 720, 1480) ci=Rect(0, 48 - 0, 96) vi=Rect(0, 48 - 0, 96) or=1
06-29 16:35:35.119 26208 26208 D ViewRootImpl@448697c[MainActivity]: setWindowStopped(false) old=false
06-29 16:35:35.125 26208 26208 D ViewRootImpl@448697c[MainActivity]: MSG_WINDOW_FOCUS_CHANGED 1 1
06-29 16:35:35.125 26208 26208 D InputMethodManager: prepareNavigationBarInfo() DecorView@57eae01[MainActivity]
06-29 16:35:35.125 26208 26208 D InputMethodManager: getNavigationBarColor() -855310
06-29 16:35:35.130 26208 26208 D InputMethodManager: prepareNavigationBarInfo() DecorView@57eae01[MainActivity]
06-29 16:35:35.130 26208 26208 D InputMethodManager: getNavigationBarColor() -855310
06-29 16:35:35.130 26208 26208 V InputMethodManager: Starting input: tba=com.example.edgesum ic=null mNaviBarColor -855310 mIsGetNaviBarColorSuccess true , NavVisible : true , NavTrans : false
06-29 16:35:35.130 26208 26208 D InputMethodManager: startInputInner - Id : 0
06-29 16:35:35.130 26208 26208 I InputMethodManager: startInputInner - mService.startInputOrWindowGainedFocus
06-29 16:35:35.135 26208 26222 D InputTransport: Input channel constructed: fd=74
06-29 16:35:35.165 26208 26208 D InputMethodManager: prepareNavigationBarInfo() DecorView@57eae01[MainActivity]
06-29 16:35:35.165 26208 26208 D InputMethodManager: getNavigationBarColor() -855310
06-29 16:35:35.165 26208 26208 V InputMethodManager: Starting input: tba=com.example.edgesum ic=null mNaviBarColor -855310 mIsGetNaviBarColorSuccess true , NavVisible : true , NavTrans : false
06-29 16:35:35.165 26208 26208 D InputMethodManager: startInputInner - Id : 0
06-29 16:35:40.347 26208 26208 D ViewRootImpl@448697c[MainActivity]: ViewPostIme pointer 0
06-29 16:35:40.461 26208 26208 D ViewRootImpl@448697c[MainActivity]: ViewPostIme pointer 1
06-29 16:35:40.471 26208 26208 V MainActivity: Connect button clicked
06-29 16:35:43.506 26208 26208 D ViewRootImpl@448697c[MainActivity]: ViewPostIme pointer 0
06-29 16:35:43.604 26208 26208 D ViewRootImpl@448697c[MainActivity]: ViewPostIme pointer 1
06-29 16:35:43.610 26208 26208 V ConnectionFragment: Discovery switch checked
06-29 16:35:44.499 26208 26208 D NearbyFragment: Started discovering
06-29 16:35:46.788 26208 26208 D NearbyFragment: Found endpoint txAX: Nexus 5X [34d8]
06-29 16:35:46.837 26208 26208 W example.edgesu: Accessing hidden method Landroid/graphics/FontFamily;-><init>()V (light greylist, reflection)
06-29 16:35:46.837 26208 26208 W example.edgesu: Accessing hidden method Landroid/graphics/FontFamily;->addFontFromAssetManager(Landroid/content/res/AssetManager;Ljava/lang/String;IZIII[Landroid/graphics/fonts/FontVariationAxis;)Z (light greylist, reflection)
06-29 16:35:46.838 26208 26208 W example.edgesu: Accessing hidden method Landroid/graphics/FontFamily;->addFontFromBuffer(Ljava/nio/ByteBuffer;I[Landroid/graphics/fonts/FontVariationAxis;II)Z (light greylist, reflection)
06-29 16:35:46.838 26208 26208 W example.edgesu: Accessing hidden method Landroid/graphics/FontFamily;->freeze()Z (light greylist, reflection)
06-29 16:35:46.838 26208 26208 W example.edgesu: Accessing hidden method Landroid/graphics/FontFamily;->abortCreation()V (light greylist, reflection)
06-29 16:35:46.839 26208 26208 W example.edgesu: Accessing hidden method Landroid/graphics/Typeface;->createFromFamiliesWithDefault([Landroid/graphics/FontFamily;Ljava/lang/String;II)Landroid/graphics/Typeface; (light greylist, reflection)
06-29 16:35:49.805 26208 26208 D ViewRootImpl@448697c[MainActivity]: ViewPostIme pointer 0
06-29 16:35:49.888 26208 26208 D ViewRootImpl@448697c[MainActivity]: ViewPostIme pointer 1
06-29 16:35:49.933 26208 26208 D NearbyFragment: Selected 'Endpoint{id=txAX, name=Nexus 5X [34d8]}'
06-29 16:35:49.954 26208 26208 D InputTransport: Input channel constructed: fd=76
06-29 16:35:49.957 26208 26208 D ViewRootImpl@4c80f92[Toast]: setView = android.widget.LinearLayout{1ac4d60 V.E...... ......I. 0,0-0,0} TM=true MM=false
06-29 16:35:49.958 26208 26208 V Toast   : Text: Donn in android.widget.Toast$TN@e306219
06-29 16:35:49.963 26208 26208 D ViewRootImpl@4c80f92[Toast]: dispatchAttachedToWindow
06-29 16:35:49.989 26208 26208 D ViewRootImpl@4c80f92[Toast]: Relayout returned: old=[0,48][720,1384] new=[118,1168][602,1256] result=0x7 surface={valid=true 497288650752} changed=true
06-29 16:35:49.994 26208 26230 D mali_winsys: EGLint new_window_surface(egl_winsys_display *, void *, EGLSurface, EGLConfig, egl_winsys_surface **, EGLBoolean) returns 0x3000
06-29 16:35:49.994 26208 26230 D OpenGLRenderer: eglCreateWindowSurface = 0x73c897d500, 0x73c8b6a010
06-29 16:35:50.001 26208 26208 D ViewRootImpl@4c80f92[Toast]: MSG_RESIZED: frame=Rect(118, 1168 - 602, 1256) ci=Rect(0, 0 - 0, 0) vi=Rect(0, 0 - 0, 0) or=1
06-29 16:35:53.450 26208 26230 W libEGL  : EGLNativeWindowType 0x73c8b6a010 disconnect failed
06-29 16:35:53.451 26208 26230 D OpenGLRenderer: eglDestroySurface = 0x73c897d500, 0x73c8b6a000
06-29 16:35:53.452 26208 26208 D ViewRootImpl@4c80f92[Toast]: dispatchDetachedFromWindow
06-29 16:35:53.457 26208 26208 D ViewRootImpl@4c80f92[Toast]: Surface release. android.view.ViewRootImpl.doDie:7979 android.view.ViewRootImpl.die:7947 android.view.WindowManagerGlobal.removeViewLocked:497 android.view.WindowManagerGlobal.removeView:435 android.view.WindowManagerImpl.removeViewImmediate:124 android.widget.Toast$TN.handleHide:1110 android.widget.Toast$TN$1.handleMessage:898 android.os.Handler.dispatchMessage:106 
06-29 16:35:53.498 26208 26208 D InputTransport: Input channel destroyed: fd=76
06-29 16:35:54.754 26208 26208 D NearbyFragment: Initiated connection with Endpoint{id=txAX, name=Nexus 5X [34d8]}: Nexus 5X [34d8]
06-29 16:35:54.773 26208 26208 D Dialog  : mIsSamsungBasicInteraction = false
06-29 16:35:54.773 26208 26208 D Dialog  : mIsSamsungBasicInteraction = false, isMetaDataInActivity = false
06-29 16:35:54.813 26208 26208 I DecorView: createDecorCaptionView >> DecorView@d633b51[], isFloating: true, isApplication: true, hasWindowDecorCaption: false, hasWindowControllerCallback: false
06-29 16:35:54.887 26208 26208 D ScrollView: initGoToTop
06-29 16:35:54.934 26208 26208 D InputTransport: Input channel constructed: fd=76
06-29 16:35:54.937 26208 26208 D ViewRootImpl@a5321fd[MainActivity]: setView = DecorView@d633b51[MainActivity] TM=true MM=false
06-29 16:35:54.938 26208 26208 D NearbyFragment: Requested connection with Endpoint{id=txAX, name=Nexus 5X [34d8]}
06-29 16:35:54.950 26208 26208 D ViewRootImpl@a5321fd[MainActivity]: dispatchAttachedToWindow
06-29 16:35:55.017 26208 26208 D ViewRootImpl@a5321fd[MainActivity]: Relayout returned: old=[0,48][720,1384] new=[18,508][702,923] result=0x7 surface={valid=true 497288650752} changed=true
06-29 16:35:55.022 26208 26230 D mali_winsys: EGLint new_window_surface(egl_winsys_display *, void *, EGLSurface, EGLConfig, egl_winsys_surface **, EGLBoolean) returns 0x3000
06-29 16:35:55.022 26208 26230 D OpenGLRenderer: eglCreateWindowSurface = 0x73c8cf7380, 0x73c8b6a010
06-29 16:35:55.034 26208 26208 D ScrollView:  onsize change changed 
06-29 16:35:55.036 26208 26208 D ViewRootImpl@a5321fd[MainActivity]: MSG_WINDOW_FOCUS_CHANGED 1 1
06-29 16:35:55.063 26208 26208 D ViewRootImpl@a5321fd[MainActivity]: MSG_RESIZED: frame=Rect(18, 508 - 702, 923) ci=Rect(0, 0 - 0, 0) vi=Rect(0, 0 - 0, 0) or=1
06-29 16:35:55.098 26208 26208 D ViewRootImpl@448697c[MainActivity]: MSG_WINDOW_FOCUS_CHANGED 0 1
06-29 16:35:55.098 26208 26208 D InputMethodManager: prepareNavigationBarInfo() DecorView@57eae01[MainActivity]
06-29 16:35:55.098 26208 26208 D InputMethodManager: getNavigationBarColor() -855310
06-29 16:35:56.511 26208 26208 D ViewRootImpl@a5321fd[MainActivity]: ViewPostIme pointer 0
06-29 16:35:56.587 26208 26208 D ViewRootImpl@a5321fd[MainActivity]: ViewPostIme pointer 1
06-29 16:35:56.692 26208 26230 W libEGL  : EGLNativeWindowType 0x73c8b6a010 disconnect failed
06-29 16:35:56.692 26208 26230 D OpenGLRenderer: eglDestroySurface = 0x73c8cf7380, 0x73c8b6a000
06-29 16:35:56.692 26208 26230 D OpenGLRenderer: endAllActiveAnimators on 0x73c3aae700 (RippleDrawable) with handle 0x73c3a2fae0
06-29 16:35:56.692 26208 26208 D ViewRootImpl@a5321fd[MainActivity]: dispatchDetachedFromWindow
06-29 16:35:56.693 26208 26208 D ViewRootImpl@a5321fd[MainActivity]: Surface release. android.view.ViewRootImpl.doDie:7979 android.view.ViewRootImpl.die:7947 android.view.WindowManagerGlobal.removeViewLocked:497 android.view.WindowManagerGlobal.removeView:435 android.view.WindowManagerImpl.removeViewImmediate:124 android.app.Dialog.dismissDialog:518 android.app.Dialog.dismiss:501 androidx.appcompat.app.AlertController$ButtonHandler.handleMessage:171 
06-29 16:35:56.716 26208 26208 D InputTransport: Input channel destroyed: fd=76
06-29 16:35:56.719 26208 26208 I NearbyFragment: Connected to Endpoint{id=txAX, name=Nexus 5X [34d8]}
06-29 16:35:56.768 26208 26208 D ViewRootImpl@448697c[MainActivity]: MSG_WINDOW_FOCUS_CHANGED 1 1
06-29 16:35:56.769 26208 26208 D InputMethodManager: prepareNavigationBarInfo() DecorView@57eae01[MainActivity]
06-29 16:35:56.769 26208 26208 D InputMethodManager: getNavigationBarColor() -855310
06-29 16:35:56.778 26208 26208 E ViewRootImpl: sendUserActionEvent() returned.
06-29 16:35:58.629 26208 26208 D ViewRootImpl@448697c[MainActivity]: ViewPostIme pointer 0
06-29 16:35:58.752 26208 26208 D ViewRootImpl@448697c[MainActivity]: ViewPostIme pointer 1
06-29 16:35:58.759 26208 26208 V ConnectionFragment: Discovery switch unchecked
06-29 16:35:58.760 26208 26208 D NearbyFragment: Stopped discovering
06-29 16:36:01.042 26208 26208 I TransferNetworkLossHand: Network connectivity changed detected.
06-29 16:36:01.055 26208 26208 I TransferNetworkLossHand: Network connected: true
06-29 16:36:01.175 26208 26569 D TransferNetworkLossHand: Loading transfers from database...
06-29 16:36:01.194 26208 26569 D TransferNetworkLossHand: Closing the cursor for resumeAllTransfers
06-29 16:36:01.195 26208 26569 D TransferNetworkLossHand: 0 transfers are loaded from database.
06-29 16:36:48.405 26208 26208 D NearbyFragment: onPayloadReceived(endpointId=txAX, payload=com.google.android.gms.nearby.connection.Payload@6cc9523)
06-29 16:36:48.411 26208 26208 V NearbyFragment: Started downloading SUMMARISE_SEGMENT:-8958546439815891294:20200312_150643!000.mp4:45.0_1.0_23_medium from Endpoint{id=txAX, name=Nexus 5X [34d8]}
06-29 16:36:48.418 26208 26208 V NearbyFragment: Transfer to txAX: 100%
06-29 16:36:48.421 26208 26208 D NearbyFragment: onPayloadReceived(endpointId=txAX, payload=com.google.android.gms.nearby.connection.Payload@5464d9e)
06-29 16:36:48.423 26208 26208 V NearbyFragment: Transfer to txAX: 0%
06-29 16:36:48.426 26208 26208 V NearbyFragment: Transfer to txAX: 100%
06-29 16:36:48.433 26208 26208 V NearbyFragment: Transfer to txAX: 0%
06-29 16:36:48.440 26208 26208 V NearbyFragment: Transfer to txAX: 1%
06-29 16:36:48.446 26208 26208 V NearbyFragment: Transfer to txAX: 1%
06-29 16:36:48.452 26208 26208 V NearbyFragment: Transfer to txAX: 1%
06-29 16:36:48.457 26208 26208 V NearbyFragment: Transfer to txAX: 2%
06-29 16:36:48.463 26208 26208 V NearbyFragment: Transfer to txAX: 2%
06-29 16:36:48.469 26208 26208 V NearbyFragment: Transfer to txAX: 3%
06-29 16:36:48.474 26208 26208 V NearbyFragment: Transfer to txAX: 3%
06-29 16:36:48.478 26208 26208 V NearbyFragment: Transfer to txAX: 3%
06-29 16:36:48.492 26208 26208 V NearbyFragment: Transfer to txAX: 4%
06-29 16:36:48.500 26208 26208 V NearbyFragment: Transfer to txAX: 4%
06-29 16:36:48.509 26208 26208 V NearbyFragment: Transfer to txAX: 5%
06-29 16:36:48.516 26208 26208 V NearbyFragment: Transfer to txAX: 5%
06-29 16:36:48.535 26208 26208 V NearbyFragment: Transfer to txAX: 5%
06-29 16:36:48.540 26208 26208 V NearbyFragment: Transfer to txAX: 6%
06-29 16:36:48.544 26208 26208 V NearbyFragment: Transfer to txAX: 6%
06-29 16:36:48.549 26208 26208 V NearbyFragment: Transfer to txAX: 7%
06-29 16:36:48.554 26208 26208 V NearbyFragment: Transfer to txAX: 7%
06-29 16:36:48.557 26208 26208 V NearbyFragment: Transfer to txAX: 7%
06-29 16:36:48.561 26208 26208 V NearbyFragment: Transfer to txAX: 8%
06-29 16:36:48.566 26208 26208 V NearbyFragment: Transfer to txAX: 8%
06-29 16:36:48.575 26208 26208 V NearbyFragment: Transfer to txAX: 8%
06-29 16:36:48.579 26208 26208 V NearbyFragment: Transfer to txAX: 9%
06-29 16:36:48.589 26208 26208 V NearbyFragment: Transfer to txAX: 9%
06-29 16:36:48.592 26208 26208 V NearbyFragment: Transfer to txAX: 10%
06-29 16:36:48.599 26208 26208 V NearbyFragment: Transfer to txAX: 10%
06-29 16:36:48.605 26208 26208 V NearbyFragment: Transfer to txAX: 10%
06-29 16:36:48.608 26208 26208 V NearbyFragment: Transfer to txAX: 11%
06-29 16:36:48.623 26208 26208 V NearbyFragment: Transfer to txAX: 11%
06-29 16:36:48.631 26208 26208 V NearbyFragment: Transfer to txAX: 12%
06-29 16:36:48.639 26208 26208 V NearbyFragment: Transfer to txAX: 12%
06-29 16:36:48.647 26208 26208 V NearbyFragment: Transfer to txAX: 12%
06-29 16:36:48.653 26208 26208 V NearbyFragment: Transfer to txAX: 13%
06-29 16:36:48.655 26208 26208 V NearbyFragment: Transfer to txAX: 13%
06-29 16:36:48.659 26208 26208 V NearbyFragment: Transfer to txAX: 14%
06-29 16:36:48.666 26208 26208 V NearbyFragment: Transfer to txAX: 14%
06-29 16:36:48.671 26208 26208 V NearbyFragment: Transfer to txAX: 14%
06-29 16:36:48.678 26208 26208 V NearbyFragment: Transfer to txAX: 15%
06-29 16:36:48.691 26208 26208 V NearbyFragment: Transfer to txAX: 15%
06-29 16:36:48.702 26208 26208 V NearbyFragment: Transfer to txAX: 15%
06-29 16:36:48.708 26208 26208 V NearbyFragment: Transfer to txAX: 16%
06-29 16:36:48.713 26208 26208 V NearbyFragment: Transfer to txAX: 16%
06-29 16:36:48.718 26208 26208 V NearbyFragment: Transfer to txAX: 17%
06-29 16:36:48.723 26208 26208 V NearbyFragment: Transfer to txAX: 17%
06-29 16:36:48.727 26208 26208 V NearbyFragment: Transfer to txAX: 17%
06-29 16:36:48.733 26208 26208 V NearbyFragment: Transfer to txAX: 18%
06-29 16:36:48.743 26208 26208 V NearbyFragment: Transfer to txAX: 18%
06-29 16:36:48.750 26208 26208 V NearbyFragment: Transfer to txAX: 19%
06-29 16:36:48.756 26208 26208 V NearbyFragment: Transfer to txAX: 19%
06-29 16:36:48.762 26208 26208 V NearbyFragment: Transfer to txAX: 19%
06-29 16:36:48.768 26208 26208 V NearbyFragment: Transfer to txAX: 20%
06-29 16:36:48.773 26208 26208 V NearbyFragment: Transfer to txAX: 20%
06-29 16:36:48.777 26208 26208 V NearbyFragment: Transfer to txAX: 21%
06-29 16:36:48.780 26208 26208 V NearbyFragment: Transfer to txAX: 21%
06-29 16:36:48.963 26208 26208 V NearbyFragment: Transfer to txAX: 21%
06-29 16:36:48.970 26208 26208 V NearbyFragment: Transfer to txAX: 22%
06-29 16:36:48.977 26208 26208 V NearbyFragment: Transfer to txAX: 22%
06-29 16:36:48.980 26208 26208 V NearbyFragment: Transfer to txAX: 22%
06-29 16:36:48.994 26208 26208 V NearbyFragment: Transfer to txAX: 23%
06-29 16:36:49.004 26208 26208 V NearbyFragment: Transfer to txAX: 23%
06-29 16:36:49.007 26208 26208 V NearbyFragment: Transfer to txAX: 24%
06-29 16:36:49.014 26208 26208 V NearbyFragment: Transfer to txAX: 24%
06-29 16:36:49.016 26208 26208 V NearbyFragment: Transfer to txAX: 24%
06-29 16:36:49.019 26208 26208 V NearbyFragment: Transfer to txAX: 25%
06-29 16:36:49.024 26208 26208 V NearbyFragment: Transfer to txAX: 25%
06-29 16:36:49.027 26208 26208 V NearbyFragment: Transfer to txAX: 26%
06-29 16:36:49.033 26208 26208 V NearbyFragment: Transfer to txAX: 26%
06-29 16:36:49.036 26208 26208 V NearbyFragment: Transfer to txAX: 26%
06-29 16:36:49.040 26208 26208 V NearbyFragment: Transfer to txAX: 27%
06-29 16:36:49.043 26208 26208 V NearbyFragment: Transfer to txAX: 27%
06-29 16:36:49.047 26208 26208 V NearbyFragment: Transfer to txAX: 28%
06-29 16:36:49.052 26208 26208 V NearbyFragment: Transfer to txAX: 28%
06-29 16:36:49.057 26208 26208 V NearbyFragment: Transfer to txAX: 28%
06-29 16:36:49.059 26208 26208 V NearbyFragment: Transfer to txAX: 29%
06-29 16:36:49.062 26208 26208 V NearbyFragment: Transfer to txAX: 29%
06-29 16:36:49.066 26208 26208 V NearbyFragment: Transfer to txAX: 29%
06-29 16:36:49.070 26208 26208 V NearbyFragment: Transfer to txAX: 30%
06-29 16:36:49.074 26208 26208 V NearbyFragment: Transfer to txAX: 30%
06-29 16:36:49.077 26208 26208 V NearbyFragment: Transfer to txAX: 31%
06-29 16:36:49.081 26208 26208 V NearbyFragment: Transfer to txAX: 31%
06-29 16:36:49.086 26208 26208 V NearbyFragment: Transfer to txAX: 31%
06-29 16:36:49.088 26208 26208 V NearbyFragment: Transfer to txAX: 32%
06-29 16:36:49.100 26208 26208 V NearbyFragment: Transfer to txAX: 32%
06-29 16:36:49.114 26208 26208 V NearbyFragment: Transfer to txAX: 33%
06-29 16:36:49.122 26208 26208 V NearbyFragment: Transfer to txAX: 33%
06-29 16:36:49.123 26208 26208 V NearbyFragment: Transfer to txAX: 33%
06-29 16:36:49.125 26208 26208 V NearbyFragment: Transfer to txAX: 34%
06-29 16:36:49.129 26208 26208 V NearbyFragment: Transfer to txAX: 34%
06-29 16:36:49.133 26208 26208 V NearbyFragment: Transfer to txAX: 35%
06-29 16:36:49.136 26208 26208 V NearbyFragment: Transfer to txAX: 35%
06-29 16:36:49.141 26208 26208 V NearbyFragment: Transfer to txAX: 35%
06-29 16:36:49.143 26208 26208 V NearbyFragment: Transfer to txAX: 36%
06-29 16:36:49.146 26208 26208 V NearbyFragment: Transfer to txAX: 36%
06-29 16:36:49.152 26208 26208 V NearbyFragment: Transfer to txAX: 36%
06-29 16:36:49.154 26208 26208 V NearbyFragment: Transfer to txAX: 37%
06-29 16:36:49.165 26208 26208 V NearbyFragment: Transfer to txAX: 37%
06-29 16:36:49.168 26208 26208 V NearbyFragment: Transfer to txAX: 38%
06-29 16:36:49.174 26208 26208 V NearbyFragment: Transfer to txAX: 38%
06-29 16:36:49.177 26208 26208 V NearbyFragment: Transfer to txAX: 38%
06-29 16:36:49.182 26208 26208 V NearbyFragment: Transfer to txAX: 39%
06-29 16:36:49.186 26208 26208 V NearbyFragment: Transfer to txAX: 39%
06-29 16:36:49.198 26208 26208 V NearbyFragment: Transfer to txAX: 40%
06-29 16:36:49.203 26208 26208 V NearbyFragment: Transfer to txAX: 40%
06-29 16:36:49.207 26208 26208 V NearbyFragment: Transfer to txAX: 40%
06-29 16:36:49.214 26208 26208 V NearbyFragment: Transfer to txAX: 41%
06-29 16:36:49.220 26208 26208 V NearbyFragment: Transfer to txAX: 41%
06-29 16:36:49.222 26208 26208 V NearbyFragment: Transfer to txAX: 42%
06-29 16:36:49.226 26208 26208 V NearbyFragment: Transfer to txAX: 42%
06-29 16:36:49.233 26208 26208 V NearbyFragment: Transfer to txAX: 42%
06-29 16:36:49.234 26208 26208 V NearbyFragment: Transfer to txAX: 43%
06-29 16:36:49.239 26208 26208 V NearbyFragment: Transfer to txAX: 43%
06-29 16:36:49.248 26208 26208 V NearbyFragment: Transfer to txAX: 43%
06-29 16:36:49.250 26208 26208 V NearbyFragment: Transfer to txAX: 44%
06-29 16:36:49.257 26208 26208 V NearbyFragment: Transfer to txAX: 44%
06-29 16:36:49.261 26208 26208 V NearbyFragment: Transfer to txAX: 45%
06-29 16:36:49.267 26208 26208 V NearbyFragment: Transfer to txAX: 45%
06-29 16:36:49.284 26208 26208 V NearbyFragment: Transfer to txAX: 45%
06-29 16:36:49.288 26208 26208 V NearbyFragment: Transfer to txAX: 46%
06-29 16:36:49.306 26208 26208 V NearbyFragment: Transfer to txAX: 46%
06-29 16:36:49.310 26208 26208 V NearbyFragment: Transfer to txAX: 47%
06-29 16:36:49.323 26208 26208 V NearbyFragment: Transfer to txAX: 47%
06-29 16:36:49.333 26208 26208 V NearbyFragment: Transfer to txAX: 47%
06-29 16:36:49.339 26208 26208 V NearbyFragment: Transfer to txAX: 48%
06-29 16:36:49.349 26208 26208 V NearbyFragment: Transfer to txAX: 48%
06-29 16:36:49.357 26208 26208 V NearbyFragment: Transfer to txAX: 49%
06-29 16:36:49.361 26208 26208 V NearbyFragment: Transfer to txAX: 49%
06-29 16:36:49.382 26208 26208 V NearbyFragment: Transfer to txAX: 49%
06-29 16:36:49.391 26208 26208 V NearbyFragment: Transfer to txAX: 50%
06-29 16:36:49.399 26208 26208 V NearbyFragment: Transfer to txAX: 50%
06-29 16:36:49.402 26208 26208 V NearbyFragment: Transfer to txAX: 50%
06-29 16:36:49.410 26208 26208 V NearbyFragment: Transfer to txAX: 51%
06-29 16:36:49.416 26208 26208 V NearbyFragment: Transfer to txAX: 51%
06-29 16:36:49.423 26208 26208 V NearbyFragment: Transfer to txAX: 52%
06-29 16:36:49.429 26208 26208 V NearbyFragment: Transfer to txAX: 52%
06-29 16:36:49.436 26208 26208 V NearbyFragment: Transfer to txAX: 52%
06-29 16:36:49.440 26208 26208 V NearbyFragment: Transfer to txAX: 53%
06-29 16:36:49.445 26208 26208 V NearbyFragment: Transfer to txAX: 53%
06-29 16:36:49.450 26208 26208 V NearbyFragment: Transfer to txAX: 54%
06-29 16:36:49.454 26208 26208 V NearbyFragment: Transfer to txAX: 54%
06-29 16:36:49.457 26208 26208 V NearbyFragment: Transfer to txAX: 54%
06-29 16:36:49.461 26208 26208 V NearbyFragment: Transfer to txAX: 55%
06-29 16:36:49.464 26208 26208 V NearbyFragment: Transfer to txAX: 55%
06-29 16:36:49.469 26208 26208 V NearbyFragment: Transfer to txAX: 56%
06-29 16:36:49.472 26208 26208 V NearbyFragment: Transfer to txAX: 56%
06-29 16:36:49.475 26208 26208 V NearbyFragment: Transfer to txAX: 56%
06-29 16:36:49.479 26208 26208 V NearbyFragment: Transfer to txAX: 57%
06-29 16:36:49.482 26208 26208 V NearbyFragment: Transfer to txAX: 57%
06-29 16:36:49.485 26208 26208 V NearbyFragment: Transfer to txAX: 57%
06-29 16:36:49.488 26208 26208 V NearbyFragment: Transfer to txAX: 58%
06-29 16:36:49.491 26208 26208 V NearbyFragment: Transfer to txAX: 58%
06-29 16:36:49.498 26208 26208 V NearbyFragment: Transfer to txAX: 59%
06-29 16:36:49.499 26208 26208 V NearbyFragment: Transfer to txAX: 59%
06-29 16:36:49.502 26208 26208 V NearbyFragment: Transfer to txAX: 59%
06-29 16:36:49.506 26208 26208 V NearbyFragment: Transfer to txAX: 60%
06-29 16:36:49.509 26208 26208 V NearbyFragment: Transfer to txAX: 60%
06-29 16:36:49.513 26208 26208 V NearbyFragment: Transfer to txAX: 61%
06-29 16:36:49.521 26208 26208 V NearbyFragment: Transfer to txAX: 61%
06-29 16:36:49.524 26208 26208 V NearbyFragment: Transfer to txAX: 61%
06-29 16:36:49.528 26208 26208 V NearbyFragment: Transfer to txAX: 62%
06-29 16:36:49.531 26208 26208 V NearbyFragment: Transfer to txAX: 62%
06-29 16:36:49.534 26208 26208 V NearbyFragment: Transfer to txAX: 63%
06-29 16:36:49.538 26208 26208 V NearbyFragment: Transfer to txAX: 63%
06-29 16:36:49.541 26208 26208 V NearbyFragment: Transfer to txAX: 63%
06-29 16:36:49.543 26208 26208 V NearbyFragment: Transfer to txAX: 64%
06-29 16:36:49.546 26208 26208 V NearbyFragment: Transfer to txAX: 64%
06-29 16:36:49.548 26208 26208 V NearbyFragment: Transfer to txAX: 64%
06-29 16:36:49.551 26208 26208 V NearbyFragment: Transfer to txAX: 65%
06-29 16:36:49.555 26208 26208 V NearbyFragment: Transfer to txAX: 65%
06-29 16:36:49.559 26208 26208 V NearbyFragment: Transfer to txAX: 66%
06-29 16:36:49.561 26208 26208 V NearbyFragment: Transfer to txAX: 66%
06-29 16:36:49.570 26208 26208 V NearbyFragment: Transfer to txAX: 66%
06-29 16:36:49.572 26208 26208 V NearbyFragment: Transfer to txAX: 67%
06-29 16:36:49.578 26208 26208 V NearbyFragment: Transfer to txAX: 67%
06-29 16:36:49.586 26208 26208 V NearbyFragment: Transfer to txAX: 68%
06-29 16:36:49.614 26208 26208 V NearbyFragment: Transfer to txAX: 68%
06-29 16:36:49.617 26208 26208 V NearbyFragment: Transfer to txAX: 68%
06-29 16:36:49.620 26208 26208 V NearbyFragment: Transfer to txAX: 69%
06-29 16:36:49.628 26208 26208 V NearbyFragment: Transfer to txAX: 69%
06-29 16:36:49.631 26208 26208 V NearbyFragment: Transfer to txAX: 70%
06-29 16:36:49.641 26208 26208 V NearbyFragment: Transfer to txAX: 70%
06-29 16:36:49.644 26208 26208 V NearbyFragment: Transfer to txAX: 70%
06-29 16:36:49.649 26208 26208 V NearbyFragment: Transfer to txAX: 71%
06-29 16:36:49.651 26208 26208 V NearbyFragment: Transfer to txAX: 71%
06-29 16:36:49.660 26208 26208 V NearbyFragment: Transfer to txAX: 71%
06-29 16:36:49.663 26208 26208 V NearbyFragment: Transfer to txAX: 72%
06-29 16:36:49.675 26208 26208 V NearbyFragment: Transfer to txAX: 72%
06-29 16:36:49.679 26208 26208 V NearbyFragment: Transfer to txAX: 73%
06-29 16:36:49.685 26208 26208 V NearbyFragment: Transfer to txAX: 73%
06-29 16:36:49.687 26208 26208 V NearbyFragment: Transfer to txAX: 73%
06-29 16:36:49.691 26208 26208 V NearbyFragment: Transfer to txAX: 74%
06-29 16:36:49.704 26208 26208 V NearbyFragment: Transfer to txAX: 74%
06-29 16:36:49.707 26208 26208 V NearbyFragment: Transfer to txAX: 75%
06-29 16:36:49.721 26208 26208 V NearbyFragment: Transfer to txAX: 75%
06-29 16:36:49.726 26208 26208 V NearbyFragment: Transfer to txAX: 75%
06-29 16:36:49.730 26208 26208 V NearbyFragment: Transfer to txAX: 76%
06-29 16:36:49.734 26208 26208 V NearbyFragment: Transfer to txAX: 76%
06-29 16:36:49.738 26208 26208 V NearbyFragment: Transfer to txAX: 77%
06-29 16:36:49.742 26208 26208 V NearbyFragment: Transfer to txAX: 77%
06-29 16:36:49.747 26208 26208 V NearbyFragment: Transfer to txAX: 77%
06-29 16:36:49.752 26208 26208 V NearbyFragment: Transfer to txAX: 78%
06-29 16:36:49.755 26208 26208 V NearbyFragment: Transfer to txAX: 78%
06-29 16:36:49.759 26208 26208 V NearbyFragment: Transfer to txAX: 78%
06-29 16:36:49.763 26208 26208 V NearbyFragment: Transfer to txAX: 79%
06-29 16:36:49.769 26208 26208 V NearbyFragment: Transfer to txAX: 79%
06-29 16:36:49.772 26208 26208 V NearbyFragment: Transfer to txAX: 80%
06-29 16:36:49.778 26208 26208 V NearbyFragment: Transfer to txAX: 80%
06-29 16:36:49.803 26208 26208 V NearbyFragment: Transfer to txAX: 80%
06-29 16:36:49.808 26208 26208 V NearbyFragment: Transfer to txAX: 81%
06-29 16:36:49.817 26208 26208 V NearbyFragment: Transfer to txAX: 81%
06-29 16:36:49.822 26208 26208 V NearbyFragment: Transfer to txAX: 82%
06-29 16:36:49.827 26208 26208 V NearbyFragment: Transfer to txAX: 82%
06-29 16:36:49.833 26208 26208 V NearbyFragment: Transfer to txAX: 82%
06-29 16:36:49.837 26208 26208 V NearbyFragment: Transfer to txAX: 83%
06-29 16:36:49.841 26208 26208 V NearbyFragment: Transfer to txAX: 83%
06-29 16:36:49.845 26208 26208 V NearbyFragment: Transfer to txAX: 84%
06-29 16:36:49.848 26208 26208 V NearbyFragment: Transfer to txAX: 84%
06-29 16:36:49.852 26208 26208 V NearbyFragment: Transfer to txAX: 84%
06-29 16:36:49.856 26208 26208 V NearbyFragment: Transfer to txAX: 85%
06-29 16:36:49.861 26208 26208 V NearbyFragment: Transfer to txAX: 85%
06-29 16:36:49.863 26208 26208 V NearbyFragment: Transfer to txAX: 85%
06-29 16:36:49.867 26208 26208 V NearbyFragment: Transfer to txAX: 86%
06-29 16:36:49.870 26208 26208 V NearbyFragment: Transfer to txAX: 86%
06-29 16:36:49.874 26208 26208 V NearbyFragment: Transfer to txAX: 87%
06-29 16:36:49.879 26208 26208 V NearbyFragment: Transfer to txAX: 87%
06-29 16:36:49.887 26208 26208 V NearbyFragment: Transfer to txAX: 87%
06-29 16:36:49.893 26208 26208 V NearbyFragment: Transfer to txAX: 88%
06-29 16:36:49.902 26208 26208 V NearbyFragment: Transfer to txAX: 88%
06-29 16:36:49.906 26208 26208 V NearbyFragment: Transfer to txAX: 89%
06-29 16:36:49.910 26208 26208 V NearbyFragment: Transfer to txAX: 89%
06-29 16:36:49.913 26208 26208 V NearbyFragment: Transfer to txAX: 89%
06-29 16:36:49.918 26208 26208 V NearbyFragment: Transfer to txAX: 90%
06-29 16:36:49.919 26208 26208 V NearbyFragment: Transfer to txAX: 90%
06-29 16:36:49.924 26208 26208 V NearbyFragment: Transfer to txAX: 91%
06-29 16:36:49.943 26208 26208 V NearbyFragment: Transfer to txAX: 91%
06-29 16:36:49.948 26208 26208 V NearbyFragment: Transfer to txAX: 91%
06-29 16:36:49.953 26208 26208 V NearbyFragment: Transfer to txAX: 92%
06-29 16:36:49.957 26208 26208 V NearbyFragment: Transfer to txAX: 92%
06-29 16:36:49.975 26208 26208 V NearbyFragment: Transfer to txAX: 92%
06-29 16:36:49.980 26208 26208 V NearbyFragment: Transfer to txAX: 93%
06-29 16:36:49.984 26208 26208 V NearbyFragment: Transfer to txAX: 93%
06-29 16:36:49.990 26208 26208 V NearbyFragment: Transfer to txAX: 94%
06-29 16:36:49.995 26208 26208 V NearbyFragment: Transfer to txAX: 94%
06-29 16:36:49.998 26208 26208 V NearbyFragment: Transfer to txAX: 94%
06-29 16:36:50.013 26208 26208 V NearbyFragment: Transfer to txAX: 95%
06-29 16:36:50.019 26208 26208 V NearbyFragment: Transfer to txAX: 95%
06-29 16:36:50.023 26208 26208 V NearbyFragment: Transfer to txAX: 96%
06-29 16:36:50.027 26208 26208 V NearbyFragment: Transfer to txAX: 96%
06-29 16:36:50.033 26208 26208 V NearbyFragment: Transfer to txAX: 96%
06-29 16:36:50.034 26208 26208 V NearbyFragment: Transfer to txAX: 97%
06-29 16:36:50.044 26208 26208 V NearbyFragment: Transfer to txAX: 97%
06-29 16:36:50.055 26208 26208 V NearbyFragment: Transfer to txAX: 98%
06-29 16:36:50.062 26208 26208 V NearbyFragment: Transfer to txAX: 98%
06-29 16:36:50.066 26208 26208 V NearbyFragment: Transfer to txAX: 98%
06-29 16:36:50.069 26208 26208 V NearbyFragment: Transfer to txAX: 99%
06-29 16:36:50.073 26208 26208 V NearbyFragment: Transfer to txAX: 99%
06-29 16:36:50.077 26208 26208 V NearbyFragment: Transfer to txAX: 99%
06-29 16:36:50.079 26208 26208 V NearbyFragment: Transfer to txAX: 100%
06-29 16:36:50.082 26208 26208 V NearbyFragment: Transfer to txAX: 100%
06-29 16:36:50.109 26208 26208 W NearbyFragment: Completed downloading 20200312_150643!000.mp4 from Endpoint{id=txAX, name=Nexus 5X [34d8]} in 01.667s
06-29 16:36:50.114 26208 26208 D NearbyFragment: Summarising 20200312_150643!000.mp4
06-29 16:36:50.179 26208 26208 V VideoManager: videoFromCursor
06-29 16:36:50.188 26208 26208 V ProcessingVideosEventHandler: onAdd
06-29 16:36:50.189 26208 26208 V RawFootageEventHandler: onRemove
06-29 16:36:50.198 26208 26208 V NearbyFragment: Transfer to txAX: 100%
06-29 16:36:50.198 26208 26208 V NearbyFragment: Transfer to txAX: 100%
06-29 16:36:50.217 26208 26818 V SummariserIntentService: onHandleIntent
06-29 16:36:50.219 26208 26818 D SummariserIntentService: Video{id='136493', data='/storage/emulated/0/Download/Nearby/20200312_150643!000.mp4', name='20200312_150643!000.mp4', size=16843851, visible=true, mimeType='video/mp4'}
06-29 16:36:50.219 26208 26818 D SummariserIntentService: /storage/emulated/0/Movies/segment-sum/20200312_150643!000.mp4
06-29 16:36:50.246 26208 26818 I mobile-ffmpeg: Loading mobile-ffmpeg.
06-29 16:36:50.295 26208 26818 I mobile-ffmpeg: Loaded mobile-ffmpeg-full-gpl-arm64-v8a-4.2.2-20190703.
06-29 16:36:50.300 26208 26819 D mobile-ffmpeg: Callback thread started.
06-29 16:36:50.301 26208 26819 I mobile-ffmpeg: 
06-29 16:36:50.301 26208 26819 I chatty  : uid=10568(com.example.edgesum) Thread-8 identical 1 line
06-29 16:36:50.301 26208 26819 I mobile-ffmpeg: 
06-29 16:36:50.301 26208 26819 I mobile-ffmpeg: ffmpeg version v4.2-dev-1824
06-29 16:36:50.301 26208 26819 I mobile-ffmpeg: 
06-29 16:36:50.301 26208 26819 I chatty  : uid=10568(com.example.edgesum) Thread-8 identical 1 line
06-29 16:36:50.301 26208 26819 I mobile-ffmpeg: 
06-29 16:36:50.301 26208 26819 I mobile-ffmpeg:  Copyright (c) 2000-2019 the FFmpeg developers
06-29 16:36:50.302 26208 26819 I mobile-ffmpeg: 
06-29 16:36:50.302 26208 26819 I chatty  : uid=10568(com.example.edgesum) Thread-8 identical 1 line
06-29 16:36:50.302 26208 26819 I mobile-ffmpeg: 
06-29 16:36:50.302 26208 26819 I mobile-ffmpeg: 
06-29 16:36:50.302 26208 26819 I mobile-ffmpeg: 
06-29 16:36:50.302 26208 26819 I chatty  : uid=10568(com.example.edgesum) Thread-8 identical 1 line
06-29 16:36:50.302 26208 26819 I mobile-ffmpeg: 
06-29 16:36:50.302 26208 26819 I mobile-ffmpeg:   built with Android (5220042 based on r346389c) clang version 8.0.7 (https://android.googlesource.com/toolchain/clang b55f2d4ebfd35bf643d27dbca1bb228957008617) (https://android.googlesource.com/toolchain/llvm 3c393fe7a7e13b0fba4ac75a01aa683d7a5b11cd) (based on LLVM 8.0.7svn)
06-29 16:36:50.302 26208 26819 I mobile-ffmpeg: 
06-29 16:36:50.302 26208 26819 I chatty  : uid=10568(com.example.edgesum) Thread-8 identical 1 line
06-29 16:36:50.303 26208 26819 I mobile-ffmpeg: 
06-29 16:36:50.303 26208 26819 I mobile-ffmpeg:   configuration: --cross-prefix=aarch64-linux-android- --sysroot=/files/android-sdk/ndk-bundle/toolchains/llvm/prebuilt/linux-x86_64/sysroot --prefix=/home/taner/Projects/mobile-ffmpeg/prebuilt/android-arm64/ffmpeg --pkg-config=/usr/bin/pkg-config --enable-version3 --arch=aarch64 --cpu=armv8-a --cc=aarch64-linux-android24-clang --cxx=aarch64-linux-android24-clang++ --target-os=android --enable-neon --enable-asm --enable-inline-asm --enable-cross-compile --enable-pic --enable-jni --enable-optimizations --enable-swscale --enable-shared --disable-v4l2-m2m --disable-outdev=v4l2 --disable-outdev=fbdev --disable-indev=v4l2 --disable-indev=fbdev --enable-small --disable-openssl --disable-xmm-clobber-test --disable-debug --enable-lto --disable-neon-clobber-test --disable-programs --disable-postproc --disable-doc --disable-htmlpages --disable-manpages --disable-podpages --disable-txtpages --disable-static --disable-sndio --disable-schannel --disable-securetransport --disable-xlib --disable-cuda --disable-cuvid --disable-nvenc --disable-vaapi --disable-vdpau --disable-videotoolbox --disable-audiotoolbox --disable-appkit --disable-alsa --disable-cuda --disable-cuvid --disable-nvenc --disable-vaapi --disable-vdpau --enable-libfontconfig --enable-libfreetype --enable-libfribidi --enable-gmp --enable-gnutls --enable-libmp3lame --enable-libass --enable-iconv --enable-libtheora --enable-libvorbis --enable-libvpx --enable-libwebp --enable-libxml2 --enable-libopencore-amrnb --enable-libopencore-amrwb --enable-libshine --enable-libspeex --enable-libwavpack --enable-libkvazaar --enable-libx264 --enable-gpl --enable-libxvid --enable-gpl --enable-libx265 --enable-gpl --enable-libvidstab --enable-gpl --enable-libilbc --enable-libopus --enable-libsnappy --enable-libsoxr --enable-libaom --enable-libtwolame --disable-sdl2 --enable-zlib --enable-mediacodec
06-29 16:36:50.303 26208 26819 I mobile-ffmpeg: 
06-29 16:36:50.303 26208 26819 I chatty  : uid=10568(com.example.edgesum) Thread-8 identical 1 line
06-29 16:36:50.303 26208 26819 I mobile-ffmpeg: 
06-29 16:36:50.303 26208 26819 I mobile-ffmpeg:   libavutil      56. 30.100 / 56. 30.100
06-29 16:36:50.303 26208 26819 I mobile-ffmpeg: 
06-29 16:36:50.303 26208 26819 I chatty  : uid=10568(com.example.edgesum) Thread-8 identical 1 line
06-29 16:36:50.303 26208 26819 I mobile-ffmpeg: 
06-29 16:36:50.303 26208 26819 I mobile-ffmpeg:   libavcodec     58. 53.101 / 58. 53.101
06-29 16:36:50.303 26208 26819 I mobile-ffmpeg: 
06-29 16:36:50.303 26208 26819 I chatty  : uid=10568(com.example.edgesum) Thread-8 identical 1 line
06-29 16:36:50.303 26208 26819 I mobile-ffmpeg: 
06-29 16:36:50.303 26208 26819 I mobile-ffmpeg:   libavformat    58. 28.101 / 58. 28.101
06-29 16:36:50.303 26208 26819 I mobile-ffmpeg: 
06-29 16:36:50.304 26208 26819 I chatty  : uid=10568(com.example.edgesum) Thread-8 identical 1 line
06-29 16:36:50.304 26208 26819 I mobile-ffmpeg: 
06-29 16:36:50.304 26208 26819 I mobile-ffmpeg:   libavdevice    58.  7.100 / 58.  7.100
06-29 16:36:50.304 26208 26819 I mobile-ffmpeg: 
06-29 16:36:50.304 26208 26819 I chatty  : uid=10568(com.example.edgesum) Thread-8 identical 1 line
06-29 16:36:50.304 26208 26819 I mobile-ffmpeg: 
06-29 16:36:50.304 26208 26819 I mobile-ffmpeg:   libavfilter     7. 55.100 /  7. 55.100
06-29 16:36:50.304 26208 26819 I mobile-ffmpeg: 
06-29 16:36:50.304 26208 26819 I chatty  : uid=10568(com.example.edgesum) Thread-8 identical 1 line
06-29 16:36:50.304 26208 26819 I mobile-ffmpeg: 
06-29 16:36:50.305 26208 26819 I mobile-ffmpeg:   libswscale      5.  4.101 /  5.  4.101
06-29 16:36:50.305 26208 26819 I mobile-ffmpeg: 
06-29 16:36:50.305 26208 26819 I chatty  : uid=10568(com.example.edgesum) Thread-8 identical 1 line
06-29 16:36:50.305 26208 26819 I mobile-ffmpeg: 
06-29 16:36:50.305 26208 26819 I mobile-ffmpeg:   libswresample   3.  4.100 /  3.  4.100
06-29 16:36:50.359 26208 26819 I mobile-ffmpeg: 
06-29 16:36:50.359 26208 26819 I chatty  : uid=10568(com.example.edgesum) Thread-8 identical 1 line
06-29 16:36:50.359 26208 26819 I mobile-ffmpeg: 
06-29 16:36:50.359 26208 26819 I mobile-ffmpeg: Input #0, mov,mp4,m4a,3gp,3g2,mj2, from '/storage/emulated/0/Download/Nearby/20200312_150643!000.mp4':
06-29 16:36:50.359 26208 26819 I mobile-ffmpeg: 
06-29 16:36:50.359 26208 26819 I chatty  : uid=10568(com.example.edgesum) Thread-8 identical 1 line
06-29 16:36:50.359 26208 26819 I mobile-ffmpeg: 
06-29 16:36:50.359 26208 26819 I mobile-ffmpeg:   Metadata:
06-29 16:36:50.359 26208 26819 I mobile-ffmpeg: 
06-29 16:36:50.359 26208 26819 I chatty  : uid=10568(com.example.edgesum) Thread-8 identical 1 line
06-29 16:36:50.359 26208 26819 I mobile-ffmpeg: 
06-29 16:36:50.359 26208 26819 I mobile-ffmpeg:     major_brand     : 
06-29 16:36:50.359 26208 26819 I mobile-ffmpeg: 
06-29 16:36:50.359 26208 26819 I chatty  : uid=10568(com.example.edgesum) Thread-8 identical 1 line
06-29 16:36:50.359 26208 26819 I mobile-ffmpeg: 
06-29 16:36:50.360 26208 26819 I mobile-ffmpeg: isom
06-29 16:36:50.360 26208 26819 I mobile-ffmpeg: 
06-29 16:36:50.360 26208 26819 I chatty  : uid=10568(com.example.edgesum) Thread-8 identical 1 line
06-29 16:36:50.360 26208 26819 I mobile-ffmpeg: 
06-29 16:36:50.360 26208 26819 I mobile-ffmpeg: 
06-29 16:36:50.360 26208 26819 I mobile-ffmpeg: 
06-29 16:36:50.360 26208 26819 I chatty  : uid=10568(com.example.edgesum) Thread-8 identical 1 line
06-29 16:36:50.360 26208 26819 I mobile-ffmpeg: 
06-29 16:36:50.360 26208 26819 I mobile-ffmpeg:     minor_version   : 
06-29 16:36:50.360 26208 26819 I mobile-ffmpeg: 
06-29 16:36:50.360 26208 26819 I chatty  : uid=10568(com.example.edgesum) Thread-8 identical 1 line
06-29 16:36:50.360 26208 26819 I mobile-ffmpeg: 
06-29 16:36:50.360 26208 26819 I mobile-ffmpeg: 512
06-29 16:36:50.360 26208 26819 I mobile-ffmpeg: 
06-29 16:36:50.360 26208 26819 I chatty  : uid=10568(com.example.edgesum) Thread-8 identical 1 line
06-29 16:36:50.361 26208 26819 I mobile-ffmpeg: 
06-29 16:36:50.361 26208 26819 I mobile-ffmpeg: 
06-29 16:36:50.361 26208 26819 I mobile-ffmpeg: 
06-29 16:36:50.361 26208 26819 I chatty  : uid=10568(com.example.edgesum) Thread-8 identical 1 line
06-29 16:36:50.361 26208 26819 I mobile-ffmpeg: 
06-29 16:36:50.361 26208 26819 I mobile-ffmpeg:     compatible_brands: 
06-29 16:36:50.361 26208 26819 I mobile-ffmpeg: 
06-29 16:36:50.361 26208 26819 I chatty  : uid=10568(com.example.edgesum) Thread-8 identical 1 line
06-29 16:36:50.361 26208 26819 I mobile-ffmpeg: 
06-29 16:36:50.361 26208 26819 I mobile-ffmpeg: isomiso2avc1mp41
06-29 16:36:50.361 26208 26819 I mobile-ffmpeg: 
06-29 16:36:50.361 26208 26819 I chatty  : uid=10568(com.example.edgesum) Thread-8 identical 1 line
06-29 16:36:50.361 26208 26819 I mobile-ffmpeg: 
06-29 16:36:50.361 26208 26819 I mobile-ffmpeg: 
06-29 16:36:50.361 26208 26819 I mobile-ffmpeg: 
06-29 16:36:50.361 26208 26819 I chatty  : uid=10568(com.example.edgesum) Thread-8 identical 1 line
06-29 16:36:50.362 26208 26819 I mobile-ffmpeg: 
06-29 16:36:50.362 26208 26819 I mobile-ffmpeg:     encoder         : 
06-29 16:36:50.362 26208 26819 I mobile-ffmpeg: 
06-29 16:36:50.362 26208 26819 I chatty  : uid=10568(com.example.edgesum) Thread-8 identical 1 line
06-29 16:36:50.362 26208 26819 I mobile-ffmpeg: 
06-29 16:36:50.362 26208 26819 I mobile-ffmpeg: Lavf58.28.101
06-29 16:36:50.362 26208 26819 I mobile-ffmpeg: 
06-29 16:36:50.362 26208 26819 I chatty  : uid=10568(com.example.edgesum) Thread-8 identical 1 line
06-29 16:36:50.362 26208 26819 I mobile-ffmpeg: 
06-29 16:36:50.362 26208 26819 I mobile-ffmpeg: 
06-29 16:36:50.362 26208 26819 I mobile-ffmpeg: 
06-29 16:36:50.362 26208 26819 I chatty  : uid=10568(com.example.edgesum) Thread-8 identical 1 line
06-29 16:36:50.362 26208 26819 I mobile-ffmpeg: 
06-29 16:36:50.362 26208 26819 I mobile-ffmpeg:   Duration: 
06-29 16:36:50.362 26208 26819 I mobile-ffmpeg: 
06-29 16:36:50.363 26208 26819 I chatty  : uid=10568(com.example.edgesum) Thread-8 identical 1 line
06-29 16:36:50.363 26208 26819 I mobile-ffmpeg: 
06-29 16:36:50.363 26208 26819 I mobile-ffmpeg: 00:00:16.07
06-29 16:36:50.363 26208 26819 I mobile-ffmpeg: 
06-29 16:36:50.363 26208 26819 I chatty  : uid=10568(com.example.edgesum) Thread-8 identical 1 line
06-29 16:36:50.363 26208 26819 I mobile-ffmpeg: 
06-29 16:36:50.363 26208 26819 I mobile-ffmpeg: , start: 
06-29 16:36:50.363 26208 26819 I mobile-ffmpeg: 
06-29 16:36:50.363 26208 26819 I chatty  : uid=10568(com.example.edgesum) Thread-8 identical 1 line
06-29 16:36:50.363 26208 26819 I mobile-ffmpeg: 
06-29 16:36:50.363 26208 26819 I mobile-ffmpeg: 0.000000
06-29 16:36:50.363 26208 26819 I mobile-ffmpeg: 
06-29 16:36:50.363 26208 26819 I chatty  : uid=10568(com.example.edgesum) Thread-8 identical 1 line
06-29 16:36:50.363 26208 26819 I mobile-ffmpeg: 
06-29 16:36:50.363 26208 26819 I mobile-ffmpeg: , bitrate: 
06-29 16:36:50.363 26208 26819 I mobile-ffmpeg: 
06-29 16:36:50.364 26208 26819 I chatty  : uid=10568(com.example.edgesum) Thread-8 identical 1 line
06-29 16:36:50.364 26208 26819 I mobile-ffmpeg: 
06-29 16:36:50.364 26208 26819 I mobile-ffmpeg: 8387 kb/s
06-29 16:36:50.364 26208 26819 I mobile-ffmpeg: 
06-29 16:36:50.364 26208 26819 I chatty  : uid=10568(com.example.edgesum) Thread-8 identical 1 line
06-29 16:36:50.364 26208 26819 I mobile-ffmpeg: 
06-29 16:36:50.364 26208 26819 I mobile-ffmpeg: 
06-29 16:36:50.364 26208 26819 I mobile-ffmpeg: 
06-29 16:36:50.364 26208 26819 I chatty  : uid=10568(com.example.edgesum) Thread-8 identical 1 line
06-29 16:36:50.364 26208 26819 I mobile-ffmpeg: 
06-29 16:36:50.364 26208 26819 I mobile-ffmpeg:     Stream #0:0
06-29 16:36:50.364 26208 26819 I mobile-ffmpeg: 
06-29 16:36:50.364 26208 26819 I chatty  : uid=10568(com.example.edgesum) Thread-8 identical 1 line
06-29 16:36:50.364 26208 26819 I mobile-ffmpeg: 
06-29 16:36:50.364 26208 26819 I mobile-ffmpeg: (eng)
06-29 16:36:50.364 26208 26819 I mobile-ffmpeg: 
06-29 16:36:50.364 26208 26819 I chatty  : uid=10568(com.example.edgesum) Thread-8 identical 1 line
06-29 16:36:50.365 26208 26819 I mobile-ffmpeg: 
06-29 16:36:50.365 26208 26819 I mobile-ffmpeg: : Video: h264 (avc1 / 0x31637661), yuvj420p(pc, bt709), 1280x720, 8362 kb/s
06-29 16:36:50.365 26208 26819 I mobile-ffmpeg: 
06-29 16:36:50.365 26208 26819 I chatty  : uid=10568(com.example.edgesum) Thread-8 identical 1 line
06-29 16:36:50.365 26208 26819 I mobile-ffmpeg: 
06-29 16:36:50.365 26208 26819 I mobile-ffmpeg: , 
06-29 16:36:50.365 26208 26819 I mobile-ffmpeg: 
06-29 16:36:50.365 26208 26819 I chatty  : uid=10568(com.example.edgesum) Thread-8 identical 1 line
06-29 16:36:50.365 26208 26819 I mobile-ffmpeg: 
06-29 16:36:50.365 26208 26819 I mobile-ffmpeg: 29.97 fps, 
06-29 16:36:50.365 26208 26819 I mobile-ffmpeg: 
