--------- beginning of main
07-06 01:24:19.024 12685 12685 I zygote64: Late-enabling -Xcheck:jni
--------- beginning of system
07-06 01:24:19.151 12685 12685 I ActivityThread: handleStopService: token=android.os.BinderProxy@17d1972 not found.
07-06 01:24:19.156 12685 12685 I TransferService: Starting Transfer Service to listen for network connectivity changes.
07-06 01:24:19.158 12685 12685 W LogFactory: Truncating log tag length as it exceed 23, the limit imposed by Android on certain API Levels
07-06 01:24:19.184 12685 12685 I TransferService: Registering the network receiver
07-06 01:24:19.188 12685 12685 I TransferService: Moving the service out of the Foreground state.
07-06 01:24:19.190 12685 12685 I TransferService: De-registering the network receiver.
07-06 01:25:17.919 12685 12685 I zygote64: Rejecting re-init on previously-failed class java.lang.Class<androidx.core.view.ViewCompat$2>: java.lang.NoClassDefFoundError: Failed resolution of: Landroid/view/View$OnUnhandledKeyEventListener;
07-06 01:25:17.919 12685 12685 I zygote64:   at void androidx.core.view.ViewCompat.setOnApplyWindowInsetsListener(android.view.View, androidx.core.view.OnApplyWindowInsetsListener) (ViewCompat.java:2421)
07-06 01:25:17.919 12685 12685 I zygote64:   at android.view.ViewGroup androidx.appcompat.app.AppCompatDelegateImpl.createSubDecor() (AppCompatDelegateImpl.java:779)
07-06 01:25:17.919 12685 12685 I zygote64:   at void androidx.appcompat.app.AppCompatDelegateImpl.ensureSubDecor() (AppCompatDelegateImpl.java:659)
07-06 01:25:17.919 12685 12685 I zygote64:   at void androidx.appcompat.app.AppCompatDelegateImpl.setContentView(int) (AppCompatDelegateImpl.java:552)
07-06 01:25:17.919 12685 12685 I zygote64:   at void androidx.appcompat.app.AppCompatActivity.setContentView(int) (AppCompatActivity.java:161)
07-06 01:25:17.919 12685 12685 I zygote64:   at void com.example.edgesum.page.main.MainActivity.onCreate(android.os.Bundle) (MainActivity.java:95)
07-06 01:25:17.919 12685 12685 I zygote64:   at void android.app.Activity.performCreate(android.os.Bundle, android.os.PersistableBundle) (Activity.java:7009)
07-06 01:25:17.919 12685 12685 I zygote64:   at void android.app.Activity.performCreate(android.os.Bundle) (Activity.java:7000)
07-06 01:25:17.919 12685 12685 I zygote64:   at void android.app.Instrumentation.callActivityOnCreate(android.app.Activity, android.os.Bundle) (Instrumentation.java:1214)
07-06 01:25:17.919 12685 12685 I zygote64:   at android.app.Activity android.app.ActivityThread.performLaunchActivity(android.app.ActivityThread$ActivityClientRecord, android.content.Intent) (ActivityThread.java:2731)
07-06 01:25:17.919 12685 12685 I zygote64:   at void android.app.ActivityThread.handleLaunchActivity(android.app.ActivityThread$ActivityClientRecord, android.content.Intent, java.lang.String) (ActivityThread.java:2856)
07-06 01:25:17.919 12685 12685 I zygote64:   at void android.app.ActivityThread.-wrap11(android.app.ActivityThread, android.app.ActivityThread$ActivityClientRecord, android.content.Intent, java.lang.String) (ActivityThread.java:-1)
07-06 01:25:17.919 12685 12685 I zygote64:   at void android.app.ActivityThread$H.handleMessage(android.os.Message) (ActivityThread.java:1589)
07-06 01:25:17.919 12685 12685 I zygote64:   at void android.os.Handler.dispatchMessage(android.os.Message) (Handler.java:106)
07-06 01:25:17.919 12685 12685 I zygote64:   at void android.os.Looper.loop() (Looper.java:164)
07-06 01:25:17.919 12685 12685 I zygote64:   at void android.app.ActivityThread.main(java.lang.String[]) (ActivityThread.java:6494)
07-06 01:25:17.919 12685 12685 I zygote64:   at java.lang.Object java.lang.reflect.Method.invoke(java.lang.Object, java.lang.Object[]) (Method.java:-2)
07-06 01:25:17.919 12685 12685 I zygote64:   at void com.android.internal.os.RuntimeInit$MethodAndArgsCaller.run() (RuntimeInit.java:438)
07-06 01:25:17.919 12685 12685 I zygote64:   at void com.android.internal.os.ZygoteInit.main(java.lang.String[]) (ZygoteInit.java:807)
07-06 01:25:17.920 12685 12685 I zygote64: Caused by: java.lang.ClassNotFoundException: Didn't find class "android.view.View$OnUnhandledKeyEventListener" on path: DexPathList[[zip file "/data/app/com.example.edgesum-bFxynPrl0lxppOVe6iVL-w==/base.apk"],nativeLibraryDirectories=[/data/app/com.example.edgesum-bFxynPrl0lxppOVe6iVL-w==/lib/arm64, /data/app/com.example.edgesum-bFxynPrl0lxppOVe6iVL-w==/base.apk!/lib/arm64-v8a, /system/lib64, /vendor/lib64]]
07-06 01:25:17.920 12685 12685 I zygote64:   at java.lang.Class dalvik.system.BaseDexClassLoader.findClass(java.lang.String) (BaseDexClassLoader.java:125)
07-06 01:25:17.920 12685 12685 I zygote64:   at java.lang.Class java.lang.ClassLoader.loadClass(java.lang.String, boolean) (ClassLoader.java:379)
07-06 01:25:17.920 12685 12685 I zygote64:   at java.lang.Class java.lang.ClassLoader.loadClass(java.lang.String) (ClassLoader.java:312)
07-06 01:25:17.920 12685 12685 I zygote64:   at void androidx.core.view.ViewCompat.setOnApplyWindowInsetsListener(android.view.View, androidx.core.view.OnApplyWindowInsetsListener) (ViewCompat.java:2421)
07-06 01:25:17.920 12685 12685 I zygote64:   at android.view.ViewGroup androidx.appcompat.app.AppCompatDelegateImpl.createSubDecor() (AppCompatDelegateImpl.java:779)
07-06 01:25:17.920 12685 12685 I zygote64:   at void androidx.appcompat.app.AppCompatDelegateImpl.ensureSubDecor() (AppCompatDelegateImpl.java:659)
07-06 01:25:17.920 12685 12685 I zygote64:   at void androidx.appcompat.app.AppCompatDelegateImpl.setContentView(int) (AppCompatDelegateImpl.java:552)
07-06 01:25:17.920 12685 12685 I zygote64:   at void androidx.appcompat.app.AppCompatActivity.setContentView(int) (AppCompatActivity.java:161)
07-06 01:25:17.920 12685 12685 I zygote64:   at void com.example.edgesum.page.main.MainActivity.onCreate(android.os.Bundle) (MainActivity.java:95)
07-06 01:25:17.920 12685 12685 I zygote64:   at void android.app.Activity.performCreate(android.os.Bundle, android.os.PersistableBundle) (Activity.java:7009)
07-06 01:25:17.920 12685 12685 I zygote64:   at void android.app.Activity.performCreate(android.os.Bundle) (Activity.java:7000)
07-06 01:25:17.920 12685 12685 I zygote64:   at void android.app.Instrumentation.callActivityOnCreate(android.app.Activity, android.os.Bundle) (Instrumentation.java:1214)
07-06 01:25:17.920 12685 12685 I zygote64:   at android.app.Activity android.app.ActivityThread.performLaunchActivity(android.app.ActivityThread$ActivityClientRecord, android.content.Intent) (ActivityThread.java:2731)
07-06 01:25:17.920 12685 12685 I zygote64:   at void android.app.ActivityThread.handleLaunchActivity(android.app.ActivityThread$ActivityClientRecord, android.content.Intent, java.lang.String) (ActivityThread.java:2856)
07-06 01:25:17.920 12685 12685 I zygote64:   at void android.app.ActivityThread.-wrap11(android.app.ActivityThread, android.app.ActivityThread$ActivityClientRecord, android.content.Intent, java.lang.String) (ActivityThread.java:-1)
07-06 01:25:17.920 12685 12685 I zygote64:   at void android.app.ActivityThread$H.handleMessage(android.os.Message) (ActivityThread.java:1589)
07-06 01:25:17.920 12685 12685 I zygote64:   at void android.os.Handler.dispatchMessage(android.os.Message) (Handler.java:106)
07-06 01:25:17.920 12685 12685 I zygote64:   at void android.os.Looper.loop() (Looper.java:164)
07-06 01:25:17.920 12685 12685 I zygote64:   at void android.app.ActivityThread.main(java.lang.String[]) (ActivityThread.java:6494)
07-06 01:25:17.920 12685 12685 I zygote64:   at java.lang.Object java.lang.reflect.Method.invoke(java.lang.Object, java.lang.Object[]) (Method.java:-2)
07-06 01:25:17.920 12685 12685 I zygote64:   at void com.android.internal.os.RuntimeInit$MethodAndArgsCaller.run() (RuntimeInit.java:438)
07-06 01:25:17.920 12685 12685 I zygote64:   at void com.android.internal.os.ZygoteInit.main(java.lang.String[]) (ZygoteInit.java:807)
07-06 01:25:17.920 12685 12685 I zygote64: 
07-06 01:25:17.920 12685 12685 I zygote64: Rejecting re-init on previously-failed class java.lang.Class<androidx.core.view.ViewCompat$2>: java.lang.NoClassDefFoundError: Failed resolution of: Landroid/view/View$OnUnhandledKeyEventListener;
07-06 01:25:17.920 12685 12685 I zygote64:   at void androidx.core.view.ViewCompat.setOnApplyWindowInsetsListener(android.view.View, androidx.core.view.OnApplyWindowInsetsListener) (ViewCompat.java:2421)
07-06 01:25:17.921 12685 12685 I zygote64:   at android.view.ViewGroup androidx.appcompat.app.AppCompatDelegateImpl.createSubDecor() (AppCompatDelegateImpl.java:779)
07-06 01:25:17.921 12685 12685 I zygote64:   at void androidx.appcompat.app.AppCompatDelegateImpl.ensureSubDecor() (AppCompatDelegateImpl.java:659)
07-06 01:25:17.921 12685 12685 I zygote64:   at void androidx.appcompat.app.AppCompatDelegateImpl.setContentView(int) (AppCompatDelegateImpl.java:552)
07-06 01:25:17.921 12685 12685 I zygote64:   at void androidx.appcompat.app.AppCompatActivity.setContentView(int) (AppCompatActivity.java:161)
07-06 01:25:17.921 12685 12685 I zygote64:   at void com.example.edgesum.page.main.MainActivity.onCreate(android.os.Bundle) (MainActivity.java:95)
07-06 01:25:17.921 12685 12685 I zygote64:   at void android.app.Activity.performCreate(android.os.Bundle, android.os.PersistableBundle) (Activity.java:7009)
07-06 01:25:17.921 12685 12685 I zygote64:   at void android.app.Activity.performCreate(android.os.Bundle) (Activity.java:7000)
07-06 01:25:17.921 12685 12685 I zygote64:   at void android.app.Instrumentation.callActivityOnCreate(android.app.Activity, android.os.Bundle) (Instrumentation.java:1214)
07-06 01:25:17.921 12685 12685 I zygote64:   at android.app.Activity android.app.ActivityThread.performLaunchActivity(android.app.ActivityThread$ActivityClientRecord, android.content.Intent) (ActivityThread.java:2731)
07-06 01:25:17.921 12685 12685 I zygote64:   at void android.app.ActivityThread.handleLaunchActivity(android.app.ActivityThread$ActivityClientRecord, android.content.Intent, java.lang.String) (ActivityThread.java:2856)
07-06 01:25:17.921 12685 12685 I zygote64:   at void android.app.ActivityThread.-wrap11(android.app.ActivityThread, android.app.ActivityThread$ActivityClientRecord, android.content.Intent, java.lang.String) (ActivityThread.java:-1)
07-06 01:25:17.921 12685 12685 I zygote64:   at void android.app.ActivityThread$H.handleMessage(android.os.Message) (ActivityThread.java:1589)
07-06 01:25:17.921 12685 12685 I zygote64:   at void android.os.Handler.dispatchMessage(android.os.Message) (Handler.java:106)
07-06 01:25:17.921 12685 12685 I zygote64:   at void android.os.Looper.loop() (Looper.java:164)
07-06 01:25:17.921 12685 12685 I zygote64:   at void android.app.ActivityThread.main(java.lang.String[]) (ActivityThread.java:6494)
07-06 01:25:17.921 12685 12685 I zygote64:   at java.lang.Object java.lang.reflect.Method.invoke(java.lang.Object, java.lang.Object[]) (Method.java:-2)
07-06 01:25:17.921 12685 12685 I zygote64:   at void com.android.internal.os.RuntimeInit$MethodAndArgsCaller.run() (RuntimeInit.java:438)
07-06 01:25:17.921 12685 12685 I zygote64:   at void com.android.internal.os.ZygoteInit.main(java.lang.String[]) (ZygoteInit.java:807)
07-06 01:25:17.921 12685 12685 I zygote64: Caused by: java.lang.ClassNotFoundException: Didn't find class "android.view.View$OnUnhandledKeyEventListener" on path: DexPathList[[zip file "/data/app/com.example.edgesum-bFxynPrl0lxppOVe6iVL-w==/base.apk"],nativeLibraryDirectories=[/data/app/com.example.edgesum-bFxynPrl0lxppOVe6iVL-w==/lib/arm64, /data/app/com.example.edgesum-bFxynPrl0lxppOVe6iVL-w==/base.apk!/lib/arm64-v8a, /system/lib64, /vendor/lib64]]
07-06 01:25:17.921 12685 12685 I zygote64:   at java.lang.Class dalvik.system.BaseDexClassLoader.findClass(java.lang.String) (BaseDexClassLoader.java:125)
07-06 01:25:17.921 12685 12685 I zygote64:   at java.lang.Class java.lang.ClassLoader.loadClass(java.lang.String, boolean) (ClassLoader.java:379)
07-06 01:25:17.921 12685 12685 I zygote64:   at java.lang.Class java.lang.ClassLoader.loadClass(java.lang.String) (ClassLoader.java:312)
07-06 01:25:17.921 12685 12685 I zygote64:   at void androidx.core.view.ViewCompat.setOnApplyWindowInsetsListener(android.view.View, androidx.core.view.OnApplyWindowInsetsListener) (ViewCompat.java:2421)
07-06 01:25:17.921 12685 12685 I zygote64:   at android.view.ViewGroup androidx.appcompat.app.AppCompatDelegateImpl.createSubDecor() (AppCompatDelegateImpl.java:779)
07-06 01:25:17.921 12685 12685 I zygote64:   at void androidx.appcompat.app.AppCompatDelegateImpl.ensureSubDecor() (AppCompatDelegateImpl.java:659)
07-06 01:25:17.921 12685 12685 I zygote64:   at void androidx.appcompat.app.AppCompatDelegateImpl.setContentView(int) (AppCompatDelegateImpl.java:552)
07-06 01:25:17.921 12685 12685 I zygote64:   at void androidx.appcompat.app.AppCompatActivity.setContentView(int) (AppCompatActivity.java:161)
07-06 01:25:17.921 12685 12685 I zygote64:   at void com.example.edgesum.page.main.MainActivity.onCreate(android.os.Bundle) (MainActivity.java:95)
07-06 01:25:17.921 12685 12685 I zygote64:   at void android.app.Activity.performCreate(android.os.Bundle, android.os.PersistableBundle) (Activity.java:7009)
07-06 01:25:17.921 12685 12685 I zygote64:   at void android.app.Activity.performCreate(android.os.Bundle) (Activity.java:7000)
07-06 01:25:17.921 12685 12685 I zygote64:   at void android.app.Instrumentation.callActivityOnCreate(android.app.Activity, android.os.Bundle) (Instrumentation.java:1214)
07-06 01:25:17.921 12685 12685 I zygote64:   at android.app.Activity android.app.ActivityThread.performLaunchActivity(android.app.ActivityThread$ActivityClientRecord, android.content.Intent) (ActivityThread.java:2731)
07-06 01:25:17.921 12685 12685 I zygote64:   at void android.app.ActivityThread.handleLaunchActivity(android.app.ActivityThread$ActivityClientRecord, android.content.Intent, java.lang.String) (ActivityThread.java:2856)
07-06 01:25:17.921 12685 12685 I zygote64:   at void android.app.ActivityThread.-wrap11(android.app.ActivityThread, android.app.ActivityThread$ActivityClientRecord, android.content.Intent, java.lang.String) (ActivityThread.java:-1)
07-06 01:25:17.921 12685 12685 I zygote64:   at void android.app.ActivityThread$H.handleMessage(android.os.Message) (ActivityThread.java:1589)
07-06 01:25:17.921 12685 12685 I zygote64:   at void android.os.Handler.dispatchMessage(android.os.Message) (Handler.java:106)
07-06 01:25:17.921 12685 12685 I zygote64:   at void android.os.Looper.loop() (Looper.java:164)
07-06 01:25:17.921 12685 12685 I zygote64:   at void android.app.ActivityThread.main(java.lang.String[]) (ActivityThread.java:6494)
07-06 01:25:17.921 12685 12685 I zygote64:   at java.lang.Object java.lang.reflect.Method.invoke(java.lang.Object, java.lang.Object[]) (Method.java:-2)
07-06 01:25:17.921 12685 12685 I zygote64:   at void com.android.internal.os.RuntimeInit$MethodAndArgsCaller.run() (RuntimeInit.java:438)
07-06 01:25:17.921 12685 12685 I zygote64:   at void com.android.internal.os.ZygoteInit.main(java.lang.String[]) (ZygoteInit.java:807)
07-06 01:25:17.921 12685 12685 I zygote64: 
07-06 01:25:17.922 12685 12685 I zygote64: Rejecting re-init on previously-failed class java.lang.Class<androidx.core.view.ViewCompat$2>: java.lang.NoClassDefFoundError: Failed resolution of: Landroid/view/View$OnUnhandledKeyEventListener;
07-06 01:25:17.922 12685 12685 I zygote64:   at void androidx.core.view.ViewCompat.setOnApplyWindowInsetsListener(android.view.View, androidx.core.view.OnApplyWindowInsetsListener) (ViewCompat.java:2421)
07-06 01:25:17.922 12685 12685 I zygote64:   at android.view.ViewGroup androidx.appcompat.app.AppCompatDelegateImpl.createSubDecor() (AppCompatDelegateImpl.java:779)
07-06 01:25:17.922 12685 12685 I zygote64:   at void androidx.appcompat.app.AppCompatDelegateImpl.ensureSubDecor() (AppCompatDelegateImpl.java:659)
07-06 01:25:17.922 12685 12685 I zygote64:   at void androidx.appcompat.app.AppCompatDelegateImpl.setContentView(int) (AppCompatDelegateImpl.java:552)
07-06 01:25:17.922 12685 12685 I zygote64:   at void androidx.appcompat.app.AppCompatActivity.setContentView(int) (AppCompatActivity.java:161)
07-06 01:25:17.922 12685 12685 I zygote64:   at void com.example.edgesum.page.main.MainActivity.onCreate(android.os.Bundle) (MainActivity.java:95)
07-06 01:25:17.922 12685 12685 I zygote64:   at void android.app.Activity.performCreate(android.os.Bundle, android.os.PersistableBundle) (Activity.java:7009)
07-06 01:25:17.922 12685 12685 I zygote64:   at void android.app.Activity.performCreate(android.os.Bundle) (Activity.java:7000)
07-06 01:25:17.922 12685 12685 I zygote64:   at void android.app.Instrumentation.callActivityOnCreate(android.app.Activity, android.os.Bundle) (Instrumentation.java:1214)
07-06 01:25:17.922 12685 12685 I zygote64:   at android.app.Activity android.app.ActivityThread.performLaunchActivity(android.app.ActivityThread$ActivityClientRecord, android.content.Intent) (ActivityThread.java:2731)
07-06 01:25:17.922 12685 12685 I zygote64:   at void android.app.ActivityThread.handleLaunchActivity(android.app.ActivityThread$ActivityClientRecord, android.content.Intent, java.lang.String) (ActivityThread.java:2856)
07-06 01:25:17.922 12685 12685 I zygote64:   at void android.app.ActivityThread.-wrap11(android.app.ActivityThread, android.app.ActivityThread$ActivityClientRecord, android.content.Intent, java.lang.String) (ActivityThread.java:-1)
07-06 01:25:17.922 12685 12685 I zygote64:   at void android.app.ActivityThread$H.handleMessage(android.os.Message) (ActivityThread.java:1589)
07-06 01:25:17.922 12685 12685 I zygote64:   at void android.os.Handler.dispatchMessage(android.os.Message) (Handler.java:106)
07-06 01:25:17.922 12685 12685 I zygote64:   at void android.os.Looper.loop() (Looper.java:164)
07-06 01:25:17.922 12685 12685 I zygote64:   at void android.app.ActivityThread.main(java.lang.String[]) (ActivityThread.java:6494)
07-06 01:25:17.922 12685 12685 I zygote64:   at java.lang.Object java.lang.reflect.Method.invoke(java.lang.Object, java.lang.Object[]) (Method.java:-2)
07-06 01:25:17.922 12685 12685 I zygote64:   at void com.android.internal.os.RuntimeInit$MethodAndArgsCaller.run() (RuntimeInit.java:438)
07-06 01:25:17.922 12685 12685 I zygote64:   at void com.android.internal.os.ZygoteInit.main(java.lang.String[]) (ZygoteInit.java:807)
07-06 01:25:17.922 12685 12685 I zygote64: Caused by: java.lang.ClassNotFoundException: Didn't find class "android.view.View$OnUnhandledKeyEventListener" on path: DexPathList[[zip file "/data/app/com.example.edgesum-bFxynPrl0lxppOVe6iVL-w==/base.apk"],nativeLibraryDirectories=[/data/app/com.example.edgesum-bFxynPrl0lxppOVe6iVL-w==/lib/arm64, /data/app/com.example.edgesum-bFxynPrl0lxppOVe6iVL-w==/base.apk!/lib/arm64-v8a, /system/lib64, /vendor/lib64]]
07-06 01:25:17.922 12685 12685 I zygote64:   at java.lang.Class dalvik.system.BaseDexClassLoader.findClass(java.lang.String) (BaseDexClassLoader.java:125)
07-06 01:25:17.922 12685 12685 I zygote64:   at java.lang.Class java.lang.ClassLoader.loadClass(java.lang.String, boolean) (ClassLoader.java:379)
07-06 01:25:17.922 12685 12685 I zygote64:   at java.lang.Class java.lang.ClassLoader.loadClass(java.lang.String) (ClassLoader.java:312)
07-06 01:25:17.922 12685 12685 I zygote64:   at void androidx.core.view.ViewCompat.setOnApplyWindowInsetsListener(android.view.View, androidx.core.view.OnApplyWindowInsetsListener) (ViewCompat.java:2421)
07-06 01:25:17.922 12685 12685 I zygote64:   at android.view.ViewGroup androidx.appcompat.app.AppCompatDelegateImpl.createSubDecor() (AppCompatDelegateImpl.java:779)
07-06 01:25:17.922 12685 12685 I zygote64:   at void androidx.appcompat.app.AppCompatDelegateImpl.ensureSubDecor() (AppCompatDelegateImpl.java:659)
07-06 01:25:17.922 12685 12685 I zygote64:   at void androidx.appcompat.app.AppCompatDelegateImpl.setContentView(int) (AppCompatDelegateImpl.java:552)
07-06 01:25:17.922 12685 12685 I zygote64:   at void androidx.appcompat.app.AppCompatActivity.setContentView(int) (AppCompatActivity.java:161)
07-06 01:25:17.922 12685 12685 I zygote64:   at void com.example.edgesum.page.main.MainActivity.onCreate(android.os.Bundle) (MainActivity.java:95)
07-06 01:25:17.922 12685 12685 I zygote64:   at void android.app.Activity.performCreate(android.os.Bundle, android.os.PersistableBundle) (Activity.java:7009)
07-06 01:25:17.922 12685 12685 I zygote64:   at void android.app.Activity.performCreate(android.os.Bundle) (Activity.java:7000)
07-06 01:25:17.922 12685 12685 I zygote64:   at void android.app.Instrumentation.callActivityOnCreate(android.app.Activity, android.os.Bundle) (Instrumentation.java:1214)
07-06 01:25:17.922 12685 12685 I zygote64:   at android.app.Activity android.app.ActivityThread.performLaunchActivity(android.app.ActivityThread$ActivityClientRecord, android.content.Intent) (ActivityThread.java:2731)
07-06 01:25:17.922 12685 12685 I zygote64:   at void android.app.ActivityThread.handleLaunchActivity(android.app.ActivityThread$ActivityClientRecord, android.content.Intent, java.lang.String) (ActivityThread.java:2856)
07-06 01:25:17.922 12685 12685 I zygote64:   at void android.app.ActivityThread.-wrap11(android.app.ActivityThread, android.app.ActivityThread$ActivityClientRecord, android.content.Intent, java.lang.String) (ActivityThread.java:-1)
07-06 01:25:17.922 12685 12685 I zygote64:   at void android.app.ActivityThread$H.handleMessage(android.os.Message) (ActivityThread.java:1589)
07-06 01:25:17.922 12685 12685 I zygote64:   at void android.os.Handler.dispatchMessage(android.os.Message) (Handler.java:106)
07-06 01:25:17.922 12685 12685 I zygote64:   at void android.os.Looper.loop() (Looper.java:164)
07-06 01:25:17.922 12685 12685 I zygote64:   at void android.app.ActivityThread.main(java.lang.String[]) (ActivityThread.java:6494)
07-06 01:25:17.922 12685 12685 I zygote64:   at java.lang.Object java.lang.reflect.Method.invoke(java.lang.Object, java.lang.Object[]) (Method.java:-2)
07-06 01:25:17.922 12685 12685 I zygote64:   at void com.android.internal.os.RuntimeInit$MethodAndArgsCaller.run() (RuntimeInit.java:438)
07-06 01:25:17.922 12685 12685 I zygote64:   at void com.android.internal.os.ZygoteInit.main(java.lang.String[]) (ZygoteInit.java:807)
07-06 01:25:17.922 12685 12685 I zygote64: 
07-06 01:25:18.094 12685 12685 V Repo    : /storage/emulated/0/Movies/raw
07-06 01:25:18.095 12685 12685 V Repo    : /storage/emulated/0/Movies/summarised
07-06 01:25:18.107 12685 12685 V FileManager: External storage is readable
07-06 01:25:18.109 12685 12685 V FileManager: Created new directory: /storage/emulated/0/Movies/raw
07-06 01:25:18.115 12685 12685 V FileManager: External storage is readable
07-06 01:25:18.116 12685 12685 V FileManager: Created new directory: /storage/emulated/0/Movies/summarised
07-06 01:25:18.120 12685 12685 V FileManager: External storage is readable
07-06 01:25:18.125 12685 12685 V FileManager: Created new directory: /storage/emulated/0/Download/nearby
07-06 01:25:18.130 12685 12685 V FileManager: External storage is readable
07-06 01:25:18.131 12685 12685 V FileManager: Created new directory: /storage/emulated/0/Movies/segment
07-06 01:25:18.136 12685 12685 V FileManager: External storage is readable
07-06 01:25:18.137 12685 12685 V FileManager: Created new directory: /storage/emulated/0/Movies/segment-sum
07-06 01:25:18.269 12685 12685 V VideoManager: getAllVideoFromExternalStorageFolder
07-06 01:25:18.275 12685 12685 D VideoManager: /storage/emulated/0/Movies/summarised
07-06 01:25:18.288 12685 12685 D VideoManager: 0 videos return
07-06 01:25:18.317 12685 12685 V VideoManager: getAllVideoFromExternalStorageFolder
07-06 01:25:18.323 12685 12685 D VideoManager: /storage/emulated/0/Movies/raw
07-06 01:25:18.330 12685 12685 D VideoManager: 0 videos return
07-06 01:25:18.383 12685 12759 D OpenGLRenderer: HWUI GL Pipeline
07-06 01:25:18.394 12685 12685 I TransferService: Starting Transfer Service to listen for network connectivity changes.
07-06 01:25:18.394 12685 12685 I TransferService: Registering the network receiver
07-06 01:25:18.397 12685 12685 E TransferService: No notification is passed in the intent. Unable to transition to foreground.
07-06 01:25:18.455 12685 12698 D MainActivity: Scanned /storage/emulated/0/Movies/summarised
07-06 01:25:18.455 12685 12698 D MainActivity:   -> uri=content://media/external/file/1014
07-06 01:25:18.481 12685 12759 I Adreno  : QUALCOMM build                   : 8e59954, I0be83d0d26
07-06 01:25:18.481 12685 12759 I Adreno  : Build Date                       : 09/22/17
07-06 01:25:18.481 12685 12759 I Adreno  : OpenGL ES Shader Compiler Version: EV031.21.02.00
07-06 01:25:18.481 12685 12759 I Adreno  : Local Branch                     : O17A
07-06 01:25:18.481 12685 12759 I Adreno  : Remote Branch                    : 
07-06 01:25:18.481 12685 12759 I Adreno  : Remote Branch                    : 
07-06 01:25:18.481 12685 12759 I Adreno  : Reconstruct Branch               : 
07-06 01:25:18.488 12685 12759 D vndksupport: Loading /vendor/lib64/hw/gralloc.msm8992.so from current namespace instead of sphal namespace.
07-06 01:25:18.495 12685 12697 D MainActivity: Scanned /storage/emulated/0/Movies/raw
07-06 01:25:18.495 12685 12697 D MainActivity:   -> uri=content://media/external/file/1013
07-06 01:25:18.498 12685 12759 I Adreno  : PFP: 0x00000000, ME: 0x00000000
07-06 01:25:18.506 12685 12759 I zygote64: android::hardware::configstore::V1_0::ISurfaceFlingerConfigs::hasWideColorDisplay retrieved: 0
07-06 01:25:18.507 12685 12759 I OpenGLRenderer: Initialized EGL, version 1.4
07-06 01:25:18.508 12685 12759 D OpenGLRenderer: Swap behavior 2
07-06 01:25:18.516 12685 12690 I zygote64: Do partial code cache collection, code=23KB, data=29KB
07-06 01:25:18.516 12685 12690 I zygote64: After code cache collection, code=23KB, data=29KB
07-06 01:25:18.516 12685 12690 I zygote64: Increasing code cache capacity to 128KB
07-06 01:25:18.521 12685 12685 I TransferNetworkLossHand: Network connectivity changed detected.
07-06 01:25:18.521 12685 12685 I TransferNetworkLossHand: Network connected: false
07-06 01:25:18.613 12685 12759 D vndksupport: Loading /vendor/lib64/hw/android.hardware.graphics.mapper@2.0-impl.so from current namespace instead of sphal namespace.
07-06 01:25:18.614 12685 12759 D vndksupport: Loading /vendor/lib64/hw/gralloc.msm8992.so from current namespace instead of sphal namespace.
07-06 01:25:42.335 12685 12685 V MainActivity: Connect button clicked
07-06 01:25:51.086 12685 12685 V ConnectionFragment: Discovery switch checked
07-06 01:25:53.035 12685 12685 D NearbyFragment: Started discovering
07-06 01:25:53.717 12685 12685 D NearbyFragment: Found endpoint vMbk: Galaxy S8 [2802]
07-06 01:25:53.812 12685 12690 I zygote64: Do partial code cache collection, code=52KB, data=59KB
07-06 01:25:53.813 12685 12690 I zygote64: After code cache collection, code=52KB, data=59KB
07-06 01:25:53.813 12685 12690 I zygote64: Increasing code cache capacity to 256KB
07-06 01:26:17.979 12685 12685 D NearbyFragment: Selected 'Endpoint{id=vMbk, name=Galaxy S8 [2802]}'
07-06 01:26:18.023 12685 12690 I zygote64: Compiler allocated 4MB to compile void android.view.View.<init>(android.content.Context, android.util.AttributeSet, int, int)
07-06 01:26:21.869 12685 12685 D NearbyFragment: Initiated connection with vMbk: Galaxy S8 [2802]
07-06 01:26:21.968 12685 12685 D NearbyFragment: Requested connection with Endpoint{id=vMbk, name=Galaxy S8 [2802]}
07-06 01:26:22.038 12685 12690 I zygote64: Do full code cache collection, code=125KB, data=104KB
07-06 01:26:22.038 12685 12690 I zygote64: After code cache collection, code=121KB, data=63KB
07-06 01:26:24.317 12685 12685 I NearbyFragment: Connected to Endpoint{id=vMbk, name=Galaxy S8 [2802]}
07-06 01:26:24.374 12685 12690 I zygote64: Do partial code cache collection, code=124KB, data=73KB
07-06 01:26:24.375 12685 12690 I zygote64: After code cache collection, code=124KB, data=73KB
07-06 01:26:24.375 12685 12690 I zygote64: Increasing code cache capacity to 512KB
07-06 01:26:25.453 12685 12685 V ConnectionFragment: Discovery switch unchecked
07-06 01:26:25.453 12685 12685 D NearbyFragment: Stopped discovering
07-06 01:26:33.242 12685 12685 I TransferNetworkLossHand: Network connectivity changed detected.
07-06 01:26:33.251 12685 12685 I TransferNetworkLossHand: Network connected: true
07-06 01:27:50.026 12685 12685 D NearbyFragment: onPayloadReceived(endpointId=vMbk, payload=com.google.android.gms.nearby.connection.Payload@7a5b2da)
07-06 01:27:50.040 12685 12685 V NearbyFragment: Started downloading SUMMARISE_SEGMENT:-8692725925023083145:20200312_150643!003.mp4:45.0_1.0_23_medium from Endpoint{id=vMbk, name=Galaxy S8 [2802]}
07-06 01:27:50.143 12685 12685 V NearbyFragment: Transfer to Endpoint{id=vMbk, name=Galaxy S8 [2802]} complete
07-06 01:27:57.354 12685 12685 D NearbyFragment: onPayloadReceived(endpointId=vMbk, payload=com.google.android.gms.nearby.connection.Payload@2f5b401)
07-06 01:28:01.131 12685 12685 V NearbyFragment: Transfer to Endpoint{id=vMbk, name=Galaxy S8 [2802]} complete
07-06 01:28:01.147 12685 12685 W NearbyFragment: Completed downloading 20200312_150643!003.mp4 from Endpoint{id=vMbk, name=Galaxy S8 [2802]} in 11.079s
07-06 01:28:01.161 12685 12685 V FileManager: External storage is readable
07-06 01:28:01.164 12685 12685 V FileManager: Created new directory: /storage/emulated/0/Movies/segment-sum/20200312_150643
07-06 01:28:01.167 12685 12685 D NearbyFragment: Summarising 20200312_150643!003.mp4
07-06 01:28:01.168 12685 12685 V VideoManager: Retrieving video from /storage/emulated/0/Download/Nearby/20200312_150643!003.mp4
07-06 01:28:01.189 12685 12685 V VideoManager: videoFromCursor
07-06 01:28:01.195 12685 12685 V ProcessingVideosEventHandler: onAdd
07-06 01:28:01.196 12685 12685 V RawFootageEventHandler: onRemove
07-06 01:28:01.210 12685 12685 V NearbyFragment: Transfer to Endpoint{id=vMbk, name=Galaxy S8 [2802]} complete
07-06 01:28:01.221 12685 13053 V SummariserIntentService: onHandleIntent
07-06 01:28:01.223 12685 13053 D SummariserIntentService: Video{id='1052', data='/storage/emulated/0/Download/Nearby/20200312_150643!003.mp4', name='20200312_150643!003.mp4', size=12603801, visible=true, mimeType='video/mp4'}
07-06 01:28:01.223 12685 13053 D SummariserIntentService: /storage/emulated/0/Movies/segment-sum/20200312_150643/20200312_150643!003.mp4
07-06 01:28:01.226 12685 13053 I mobile-ffmpeg: Loading mobile-ffmpeg.
07-06 01:28:01.292 12685 13053 I mobile-ffmpeg: Loaded mobile-ffmpeg-full-gpl-arm64-v8a-4.3.2-20200415.
07-06 01:28:01.295 12685 13054 D mobile-ffmpeg: Callback thread started.
07-06 01:28:01.312 12685 13053 I FfmpegTools: Running ffmpeg with:
07-06 01:28:01.312 12685 13053 I FfmpegTools:   -y -i /storage/emulated/0/Download/Nearby/20200312_150643!003.mp4 -vf freezedetect=n=-45.000000dB:d=1.000000,metadata=mode=print:file=/storage/emulated/0/Movies/raw/20200312_150643!003.txt -f null -
07-06 01:28:01.476 12685 13054 W mobile-ffmpeg: [graph 0 input from stream 0:0 @ 0x756b213f00] sws_param option is deprecated and ignored
07-06 01:28:03.562 12685 13053 W Summariser: No activity detected
07-06 01:28:03.564 12685 13053 V FfmpegTools: Retrieving duration of /storage/emulated/0/Download/Nearby/20200312_150643!003.mp4
07-06 01:28:03.613 12685 13053 W Summariser: Summarisation completed
07-06 01:28:03.613 12685 13053 W Summariser:   filename: 20200312_150643!003.mp4
07-06 01:28:03.613 12685 13053 W Summariser:   active sections: 0
07-06 01:28:03.613 12685 13053 W Summariser:   time: 02.338s
07-06 01:28:03.613 12685 13053 W Summariser:   original duration: 12.01
07-06 01:28:03.613 12685 13053 W Summariser:   summarised duration: -1.00
07-06 01:28:03.613 12685 13053 W Summariser:   noise tolerance: 45.00
07-06 01:28:03.613 12685 13053 W Summariser:   quality: 23
07-06 01:28:03.613 12685 13053 W Summariser:   speed: medium
07-06 01:28:03.613 12685 13053 W Summariser:   freeze duration: 1.00
07-06 01:28:03.615 12685 13053 V ProcessingVideosEventHandler: onRemove
07-06 01:28:03.635 12685 12685 V NearbyFragment: Transfer to Endpoint{id=vMbk, name=Galaxy S8 [2802]} complete
07-06 01:28:03.670 12685 12757 D SummariserIntentService: Scanned /storage/emulated/0/Movies/summarised
07-06 01:28:03.670 12685 12757 D SummariserIntentService:   -> uri=content://media/external/file/1014
07-06 01:28:21.182 12685 12685 D NearbyFragment: onPayloadReceived(endpointId=vMbk, payload=com.google.android.gms.nearby.connection.Payload@e164918)
07-06 01:28:21.189 12685 12685 V NearbyFragment: Started downloading SUMMARISE_SEGMENT:-7889908200297053547:20200312_150744!003.mp4:45.0_1.0_23_medium from Endpoint{id=vMbk, name=Galaxy S8 [2802]}
07-06 01:28:21.202 12685 12685 V NearbyFragment: Transfer to Endpoint{id=vMbk, name=Galaxy S8 [2802]} complete
07-06 01:28:24.744 12685 12685 D NearbyFragment: onPayloadReceived(endpointId=vMbk, payload=com.google.android.gms.nearby.connection.Payload@a529f71)
07-06 01:28:27.734 12685 12685 V NearbyFragment: Transfer to Endpoint{id=vMbk, name=Galaxy S8 [2802]} complete
07-06 01:28:27.737 12685 12685 W NearbyFragment: Completed downloading 20200312_150744!003.mp4 from Endpoint{id=vMbk, name=Galaxy S8 [2802]} in 06.542s
07-06 01:28:27.745 12685 12685 V FileManager: External storage is readable
07-06 01:28:27.747 12685 12685 V FileManager: Created new directory: /storage/emulated/0/Movies/segment-sum/20200312_150744
07-06 01:28:27.749 12685 12685 D NearbyFragment: Summarising 20200312_150744!003.mp4
07-06 01:28:27.750 12685 12685 V VideoManager: Retrieving video from /storage/emulated/0/Download/Nearby/20200312_150744!003.mp4
07-06 01:28:27.762 12685 12685 V VideoManager: videoFromCursor
07-06 01:28:27.765 12685 12685 V ProcessingVideosEventHandler: onAdd
07-06 01:28:27.766 12685 12685 V RawFootageEventHandler: onRemove
07-06 01:28:27.772 12685 12685 V NearbyFragment: Transfer to Endpoint{id=vMbk, name=Galaxy S8 [2802]} complete
07-06 01:28:27.779 12685 13083 V SummariserIntentService: onHandleIntent
07-06 01:28:27.780 12685 13083 D SummariserIntentService: Video{id='1053', data='/storage/emulated/0/Download/Nearby/20200312_150744!003.mp4', name='20200312_150744!003.mp4', size=12638441, visible=true, mimeType='video/mp4'}
07-06 01:28:27.780 12685 13083 D SummariserIntentService: /storage/emulated/0/Movies/segment-sum/20200312_150744/20200312_150744!003.mp4
07-06 01:28:27.783 12685 13083 I FfmpegTools: Running ffmpeg with:
07-06 01:28:27.783 12685 13083 I FfmpegTools:   -y -i /storage/emulated/0/Download/Nearby/20200312_150744!003.mp4 -vf freezedetect=n=-45.000000dB:d=1.000000,metadata=mode=print:file=/storage/emulated/0/Movies/raw/20200312_150744!003.txt -f null -
07-06 01:28:27.859 12685 13054 W mobile-ffmpeg: [graph 0 input from stream 0:0 @ 0x756b213f00] sws_param option is deprecated and ignored
07-06 01:28:29.928 12685 13083 V FfmpegTools: Retrieving duration of /storage/emulated/0/Download/Nearby/20200312_150744!003.mp4
07-06 01:28:29.972 12685 13083 W Summariser: 1 active sections found
07-06 01:28:29.973 12685 13083 I FfmpegTools: Running ffmpeg with:
07-06 01:28:29.973 12685 13083 I FfmpegTools:   -y -i /storage/emulated/0/Download/Nearby/20200312_150744!003.mp4 -filter_complex [0:v]trim=7.206000:12.030000,setpts=PTS-STARTPTS[v0];[0:a]atrim=7.206000:12.030000,asetpts=PTS-STARTPTS[a0];[v0][a0]concat=n=1:v=1:a=1[outv][outa] -map [outv] -map [outa] -crf 23 -preset medium /storage/emulated/0/Movies/segment-sum/20200312_150744/20200312_150744!003.mp4
07-06 01:28:30.059 12685 13054 W mobile-ffmpeg: [graph 0 input from stream 0:0 @ 0x756b213e40] sws_param option is deprecated and ignored
07-06 01:28:41.177 12685 13083 V FfmpegTools: Retrieving duration of /storage/emulated/0/Download/Nearby/20200312_150744!003.mp4
07-06 01:28:41.231 12685 13083 V FfmpegTools: Retrieving duration of /storage/emulated/0/Movies/segment-sum/20200312_150744/20200312_150744!003.mp4
07-06 01:28:41.261 12685 13083 W Summariser: Summarisation completed
07-06 01:28:41.261 12685 13083 W Summariser:   filename: 20200312_150744!003.mp4
07-06 01:28:41.261 12685 13083 W Summariser:   active sections: 1
07-06 01:28:41.261 12685 13083 W Summariser:   time: 13.394s
07-06 01:28:41.261 12685 13083 W Summariser:   original duration: 12.03
07-06 01:28:41.261 12685 13083 W Summariser:   summarised duration: 4.89
07-06 01:28:41.261 12685 13083 W Summariser:   noise tolerance: 45.00
07-06 01:28:41.261 12685 13083 W Summariser:   quality: 23
07-06 01:28:41.261 12685 13083 W Summariser:   speed: medium
07-06 01:28:41.261 12685 13083 W Summariser:   freeze duration: 1.00
07-06 01:28:41.262 12685 13083 V VideoManager: Retrieving video from /storage/emulated/0/Movies/segment-sum/20200312_150744/20200312_150744!003.mp4
07-06 01:28:41.269 12685 13083 V VideoManager: videoFromCursor
07-06 01:28:41.272 12685 13083 W NearbyFragment: Sending 20200312_150744!003.mp4 to Galaxy S8 [2802]
07-06 01:28:41.274 12685 13083 V ProcessingVideosEventHandler: onRemove
07-06 01:28:41.306 12685 12685 V NearbyFragment: Transfer to Endpoint{id=vMbk, name=Galaxy S8 [2802]} complete
07-06 01:28:41.333 12685 12698 D SummariserIntentService: Scanned /storage/emulated/0/Movies/summarised
07-06 01:28:41.333 12685 12698 D SummariserIntentService:   -> uri=content://media/external/file/1014
07-06 01:28:41.339 12685 12685 V NearbyFragment: Transfer to Endpoint{id=vMbk, name=Galaxy S8 [2802]} complete
07-06 01:28:47.276 12685 12685 D NearbyFragment: onPayloadReceived(endpointId=vMbk, payload=com.google.android.gms.nearby.connection.Payload@cf948cf)
07-06 01:28:47.282 12685 12685 V NearbyFragment: Started downloading SUMMARISE_SEGMENT:-5761690248573541142:20200312_150844!002.mp4:45.0_1.0_23_medium from Endpoint{id=vMbk, name=Galaxy S8 [2802]}
07-06 01:28:47.291 12685 12685 V NearbyFragment: Transfer to Endpoint{id=vMbk, name=Galaxy S8 [2802]} complete
07-06 01:28:52.256 12685 12685 D NearbyFragment: onPayloadReceived(endpointId=vMbk, payload=com.google.android.gms.nearby.connection.Payload@96d425c)
07-06 01:29:01.284 12685 12685 V NearbyFragment: Transfer to Endpoint{id=vMbk, name=Galaxy S8 [2802]} complete
07-06 01:29:01.289 12685 12685 W NearbyFragment: Completed downloading 20200312_150844!002.mp4 from Endpoint{id=vMbk, name=Galaxy S8 [2802]} in 13.999s
07-06 01:29:01.303 12685 12685 V FileManager: External storage is readable
07-06 01:29:01.305 12685 12685 V FileManager: Created new directory: /storage/emulated/0/Movies/segment-sum/20200312_150844
07-06 01:29:01.308 12685 12685 D NearbyFragment: Summarising 20200312_150844!002.mp4
07-06 01:29:01.309 12685 12685 V VideoManager: Retrieving video from /storage/emulated/0/Download/Nearby/20200312_150844!002.mp4
07-06 01:29:01.325 12685 12685 V VideoManager: videoFromCursor
07-06 01:29:01.328 12685 12685 V ProcessingVideosEventHandler: onAdd
07-06 01:29:01.328 12685 12685 V RawFootageEventHandler: onRemove
07-06 01:29:01.335 12685 12685 V NearbyFragment: Transfer to Endpoint{id=vMbk, name=Galaxy S8 [2802]} complete
07-06 01:29:01.346 12685 13136 V SummariserIntentService: onHandleIntent
07-06 01:29:01.347 12685 13136 D SummariserIntentService: Video{id='1056', data='/storage/emulated/0/Download/Nearby/20200312_150844!002.mp4', name='20200312_150844!002.mp4', size=16805379, visible=true, mimeType='video/mp4'}
07-06 01:29:01.347 12685 13136 D SummariserIntentService: /storage/emulated/0/Movies/segment-sum/20200312_150844/20200312_150844!002.mp4
07-06 01:29:01.351 12685 13136 I FfmpegTools: Running ffmpeg with:
07-06 01:29:01.351 12685 13136 I FfmpegTools:   -y -i /storage/emulated/0/Download/Nearby/20200312_150844!002.mp4 -vf freezedetect=n=-45.000000dB:d=1.000000,metadata=mode=print:file=/storage/emulated/0/Movies/raw/20200312_150844!002.txt -f null -
07-06 01:29:01.547 12685 13054 W mobile-ffmpeg: [graph 0 input from stream 0:0 @ 0x756b213f00] sws_param option is deprecated and ignored
07-06 01:29:04.446 12685 13136 D Summariser: No freeze file
07-06 01:29:04.446 12685 13136 W Summariser: Whole video is active
07-06 01:29:05.011 12685 13136 V FfmpegTools: Retrieving duration of /storage/emulated/0/Download/Nearby/20200312_150844!002.mp4
07-06 01:29:05.081 12685 13136 V FfmpegTools: Retrieving duration of /storage/emulated/0/Movies/segment-sum/20200312_150844/20200312_150844!002.mp4
07-06 01:29:05.138 12685 13136 W Summariser: Summarisation completed
07-06 01:29:05.138 12685 13136 W Summariser:   filename: 20200312_150844!002.mp4
07-06 01:29:05.138 12685 13136 W Summariser:   active sections: -1
07-06 01:29:05.138 12685 13136 W Summariser:   time: 03.662s
07-06 01:29:05.138 12685 13136 W Summariser:   original duration: 16.01
07-06 01:29:05.138 12685 13136 W Summariser:   summarised duration: 16.01
07-06 01:29:05.138 12685 13136 W Summariser:   noise tolerance: 45.00
07-06 01:29:05.138 12685 13136 W Summariser:   quality: 23
07-06 01:29:05.138 12685 13136 W Summariser:   speed: medium
07-06 01:29:05.138 12685 13136 W Summariser:   freeze duration: 1.00
07-06 01:29:05.139 12685 13136 V VideoManager: Retrieving video from /storage/emulated/0/Movies/segment-sum/20200312_150844/20200312_150844!002.mp4
07-06 01:29:05.145 12685 13136 V VideoManager: videoFromCursor
07-06 01:29:05.148 12685 13136 W NearbyFragment: Sending 20200312_150844!002.mp4 to Galaxy S8 [2802]
07-06 01:29:05.150 12685 13136 V ProcessingVideosEventHandler: onRemove
07-06 01:29:05.190 12685 12685 V NearbyFragment: Transfer to Endpoint{id=vMbk, name=Galaxy S8 [2802]} complete
07-06 01:29:05.220 12685 12757 D SummariserIntentService: Scanned /storage/emulated/0/Movies/summarised
07-06 01:29:05.220 12685 12757 D SummariserIntentService:   -> uri=content://media/external/file/1014
07-06 01:29:13.566 12685 12685 V NearbyFragment: Transfer to Endpoint{id=vMbk, name=Galaxy S8 [2802]} complete
07-06 01:29:48.538 12685 12685 D NearbyFragment: onPayloadReceived(endpointId=vMbk, payload=com.google.android.gms.nearby.connection.Payload@c478463)
07-06 01:29:48.548 12685 12685 V NearbyFragment: Started downloading SUMMARISE_SEGMENT:-7163036111532009799:20200312_150944!002.mp4:45.0_1.0_23_medium from Endpoint{id=vMbk, name=Galaxy S8 [2802]}
07-06 01:29:48.552 12685 12685 V NearbyFragment: Transfer to Endpoint{id=vMbk, name=Galaxy S8 [2802]} complete
07-06 01:29:48.963 12685 12685 D NearbyFragment: onPayloadReceived(endpointId=vMbk, payload=com.google.android.gms.nearby.connection.Payload@c5bb860)
07-06 01:29:53.929 12685 12685 V NearbyFragment: Transfer to Endpoint{id=vMbk, name=Galaxy S8 [2802]} complete
07-06 01:29:53.932 12685 12685 W NearbyFragment: Completed downloading 20200312_150944!002.mp4 from Endpoint{id=vMbk, name=Galaxy S8 [2802]} in 05.380s
07-06 01:29:53.942 12685 12685 V FileManager: External storage is readable
07-06 01:29:53.944 12685 12685 V FileManager: Created new directory: /storage/emulated/0/Movies/segment-sum/20200312_150944
07-06 01:29:53.946 12685 12685 D NearbyFragment: Summarising 20200312_150944!002.mp4
07-06 01:29:53.946 12685 12685 V VideoManager: Retrieving video from /storage/emulated/0/Download/Nearby/20200312_150944!002.mp4
07-06 01:29:53.968 12685 12685 V VideoManager: videoFromCursor
07-06 01:29:53.970 12685 12685 V ProcessingVideosEventHandler: onAdd
07-06 01:29:53.971 12685 12685 V RawFootageEventHandler: onRemove
07-06 01:29:53.975 12685 12685 V NearbyFragment: Transfer to Endpoint{id=vMbk, name=Galaxy S8 [2802]} complete
07-06 01:29:53.984 12685 13177 V SummariserIntentService: onHandleIntent
07-06 01:29:53.985 12685 13177 D SummariserIntentService: Video{id='1059', data='/storage/emulated/0/Download/Nearby/20200312_150944!002.mp4', name='20200312_150944!002.mp4', size=16854256, visible=true, mimeType='video/mp4'}
07-06 01:29:53.985 12685 13177 D SummariserIntentService: /storage/emulated/0/Movies/segment-sum/20200312_150944/20200312_150944!002.mp4
07-06 01:29:53.989 12685 13177 I FfmpegTools: Running ffmpeg with:
07-06 01:29:53.989 12685 13177 I FfmpegTools:   -y -i /storage/emulated/0/Download/Nearby/20200312_150944!002.mp4 -vf freezedetect=n=-45.000000dB:d=1.000000,metadata=mode=print:file=/storage/emulated/0/Movies/raw/20200312_150944!002.txt -f null -
07-06 01:29:54.102 12685 13054 W mobile-ffmpeg: [graph 0 input from stream 0:0 @ 0x756b213f00] sws_param option is deprecated and ignored
07-06 01:29:56.887 12685 13177 W Summariser: No activity detected
07-06 01:29:56.889 12685 13177 V FfmpegTools: Retrieving duration of /storage/emulated/0/Download/Nearby/20200312_150944!002.mp4
07-06 01:29:56.947 12685 13177 W Summariser: Summarisation completed
07-06 01:29:56.947 12685 13177 W Summariser:   filename: 20200312_150944!002.mp4
07-06 01:29:56.947 12685 13177 W Summariser:   active sections: 0
07-06 01:29:56.947 12685 13177 W Summariser:   time: 02.900s
07-06 01:29:56.947 12685 13177 W Summariser:   original duration: 16.01
07-06 01:29:56.947 12685 13177 W Summariser:   summarised duration: -1.00
07-06 01:29:56.947 12685 13177 W Summariser:   noise tolerance: 45.00
07-06 01:29:56.947 12685 13177 W Summariser:   quality: 23
07-06 01:29:56.947 12685 13177 W Summariser:   speed: medium
07-06 01:29:56.947 12685 13177 W Summariser:   freeze duration: 1.00
07-06 01:29:56.948 12685 13177 V ProcessingVideosEventHandler: onRemove
07-06 01:29:56.969 12685 12685 V NearbyFragment: Transfer to Endpoint{id=vMbk, name=Galaxy S8 [2802]} complete
07-06 01:29:57.086 12685 12757 D SummariserIntentService: Scanned /storage/emulated/0/Movies/summarised
07-06 01:29:57.086 12685 12757 D SummariserIntentService:   -> uri=content://media/external/file/1014
07-06 01:30:15.264 12685 12685 D NearbyFragment: onPayloadReceived(endpointId=vMbk, payload=com.google.android.gms.nearby.connection.Payload@d90aa51)
07-06 01:30:15.268 12685 12685 V NearbyFragment: Started downloading SUMMARISE_SEGMENT:-8768975341534174700:20200312_151044!002.mp4:45.0_1.0_23_medium from Endpoint{id=vMbk, name=Galaxy S8 [2802]}
07-06 01:30:15.273 12685 12685 V NearbyFragment: Transfer to Endpoint{id=vMbk, name=Galaxy S8 [2802]} complete
07-06 01:30:21.687 12685 12685 D NearbyFragment: onPayloadReceived(endpointId=vMbk, payload=com.google.android.gms.nearby.connection.Payload@62362b6)
07-06 01:30:25.025 12685 12685 V NearbyFragment: Transfer to Endpoint{id=vMbk, name=Galaxy S8 [2802]} complete
07-06 01:30:25.028 12685 12685 W NearbyFragment: Completed downloading 20200312_151044!002.mp4 from Endpoint{id=vMbk, name=Galaxy S8 [2802]} in 09.756s
07-06 01:30:25.037 12685 12685 V FileManager: External storage is readable
07-06 01:30:25.039 12685 12685 V FileManager: Created new directory: /storage/emulated/0/Movies/segment-sum/20200312_151044
07-06 01:30:25.041 12685 12685 D NearbyFragment: Summarising 20200312_151044!002.mp4
07-06 01:30:25.042 12685 12685 V VideoManager: Retrieving video from /storage/emulated/0/Download/Nearby/20200312_151044!002.mp4
07-06 01:30:25.055 12685 12685 D VideoManager: videoCursor is null
07-06 01:30:25.084 12685 12685 V VideoManager: videoFromCursor
07-06 01:30:25.086 12685 12685 V ProcessingVideosEventHandler: onAdd
07-06 01:30:25.087 12685 12685 V RawFootageEventHandler: onRemove
07-06 01:30:25.094 12685 12685 V NearbyFragment: Transfer to Endpoint{id=vMbk, name=Galaxy S8 [2802]} complete
07-06 01:30:25.101 12685 13205 V SummariserIntentService: onHandleIntent
07-06 01:30:25.103 12685 13205 D SummariserIntentService: Video{id='1094', data='/storage/emulated/0/Download/Nearby/20200312_151044!002.mp4', name='20200312_151044!002.mp4', size=16939075, visible=true, mimeType='video/mp4'}
07-06 01:30:25.103 12685 13205 D SummariserIntentService: /storage/emulated/0/Movies/segment-sum/20200312_151044/20200312_151044!002.mp4
07-06 01:30:25.106 12685 13205 I FfmpegTools: Running ffmpeg with:
07-06 01:30:25.106 12685 13205 I FfmpegTools:   -y -i /storage/emulated/0/Download/Nearby/20200312_151044!002.mp4 -vf freezedetect=n=-45.000000dB:d=1.000000,metadata=mode=print:file=/storage/emulated/0/Movies/raw/20200312_151044!002.txt -f null -
07-06 01:30:25.252 12685 13054 W mobile-ffmpeg: [graph 0 input from stream 0:0 @ 0x756b213f00] sws_param option is deprecated and ignored
07-06 01:30:28.255 12685 13205 W Summariser: No activity detected
07-06 01:30:28.256 12685 13205 V FfmpegTools: Retrieving duration of /storage/emulated/0/Download/Nearby/20200312_151044!002.mp4
07-06 01:30:28.314 12685 13205 W Summariser: Summarisation completed
07-06 01:30:28.314 12685 13205 W Summariser:   filename: 20200312_151044!002.mp4
07-06 01:30:28.314 12685 13205 W Summariser:   active sections: 0
07-06 01:30:28.314 12685 13205 W Summariser:   time: 03.152s
07-06 01:30:28.314 12685 13205 W Summariser:   original duration: 16.01
07-06 01:30:28.314 12685 13205 W Summariser:   summarised duration: -1.00
07-06 01:30:28.314 12685 13205 W Summariser:   noise tolerance: 45.00
07-06 01:30:28.314 12685 13205 W Summariser:   quality: 23
07-06 01:30:28.314 12685 13205 W Summariser:   speed: medium
07-06 01:30:28.314 12685 13205 W Summariser:   freeze duration: 1.00
07-06 01:30:28.315 12685 13205 V ProcessingVideosEventHandler: onRemove
07-06 01:30:28.334 12685 12685 V NearbyFragment: Transfer to Endpoint{id=vMbk, name=Galaxy S8 [2802]} complete
07-06 01:30:28.357 12685 12698 D SummariserIntentService: Scanned /storage/emulated/0/Movies/summarised
07-06 01:30:28.357 12685 12698 D SummariserIntentService:   -> uri=content://media/external/file/1014
07-06 01:30:51.765 12685 12685 D NearbyFragment: onPayloadReceived(endpointId=vMbk, payload=com.google.android.gms.nearby.connection.Payload@1ab5aaf)
07-06 01:30:51.770 12685 12685 V NearbyFragment: Started downloading SUMMARISE_SEGMENT:-4930699926052976237:20200312_193528!003.mp4:45.0_1.0_23_medium from Endpoint{id=vMbk, name=Galaxy S8 [2802]}
07-06 01:30:52.097 12685 12685 V NearbyFragment: Transfer to Endpoint{id=vMbk, name=Galaxy S8 [2802]} complete
