--------- beginning of main
07-06 01:24:26.506  5426  5426 I zygote  : Late-enabling -Xcheck:jni
--------- beginning of system
07-06 01:24:26.621  5426  5426 I ActivityThread: handleStopService: token=android.os.BinderProxy@12f5aad not found.
07-06 01:24:26.625  5426  5426 I TransferService: Starting Transfer Service to listen for network connectivity changes.
07-06 01:24:26.626  5426  5426 W LogFactory: Truncating log tag length as it exceed 23, the limit imposed by Android on certain API Levels
07-06 01:24:26.649  5426  5426 I TransferService: Registering the network receiver
07-06 01:24:26.652  5426  5426 I TransferService: Moving the service out of the Foreground state.
07-06 01:24:26.653  5426  5426 I TransferService: De-registering the network receiver.
07-06 01:25:26.322  5426  5426 I zygote  : Rejecting re-init on previously-failed class java.lang.Class<androidx.core.view.ViewCompat$2>: java.lang.NoClassDefFoundError: Failed resolution of: Landroid/view/View$OnUnhandledKeyEventListener;
07-06 01:25:26.322  5426  5426 I zygote  :   at void androidx.core.view.ViewCompat.setOnApplyWindowInsetsListener(android.view.View, androidx.core.view.OnApplyWindowInsetsListener) (ViewCompat.java:2421)
07-06 01:25:26.322  5426  5426 I zygote  :   at android.view.ViewGroup androidx.appcompat.app.AppCompatDelegateImpl.createSubDecor() (AppCompatDelegateImpl.java:779)
07-06 01:25:26.322  5426  5426 I zygote  :   at void androidx.appcompat.app.AppCompatDelegateImpl.ensureSubDecor() (AppCompatDelegateImpl.java:659)
07-06 01:25:26.322  5426  5426 I zygote  :   at void androidx.appcompat.app.AppCompatDelegateImpl.setContentView(int) (AppCompatDelegateImpl.java:552)
07-06 01:25:26.322  5426  5426 I zygote  :   at void androidx.appcompat.app.AppCompatActivity.setContentView(int) (AppCompatActivity.java:161)
07-06 01:25:26.322  5426  5426 I zygote  :   at void com.example.edgesum.page.main.MainActivity.onCreate(android.os.Bundle) (MainActivity.java:95)
07-06 01:25:26.322  5426  5426 I zygote  :   at void android.app.Activity.performCreate(android.os.Bundle, android.os.PersistableBundle) (Activity.java:7009)
07-06 01:25:26.322  5426  5426 I zygote  :   at void android.app.Activity.performCreate(android.os.Bundle) (Activity.java:7000)
07-06 01:25:26.322  5426  5426 I zygote  :   at void android.app.Instrumentation.callActivityOnCreate(android.app.Activity, android.os.Bundle) (Instrumentation.java:1214)
07-06 01:25:26.322  5426  5426 I zygote  :   at android.app.Activity android.app.ActivityThread.performLaunchActivity(android.app.ActivityThread$ActivityClientRecord, android.content.Intent) (ActivityThread.java:2731)
07-06 01:25:26.322  5426  5426 I zygote  :   at void android.app.ActivityThread.handleLaunchActivity(android.app.ActivityThread$ActivityClientRecord, android.content.Intent, java.lang.String) (ActivityThread.java:2856)
07-06 01:25:26.322  5426  5426 I zygote  :   at void android.app.ActivityThread.-wrap11(android.app.ActivityThread, android.app.ActivityThread$ActivityClientRecord, android.content.Intent, java.lang.String) (ActivityThread.java:-1)
07-06 01:25:26.322  5426  5426 I zygote  :   at void android.app.ActivityThread$H.handleMessage(android.os.Message) (ActivityThread.java:1589)
07-06 01:25:26.322  5426  5426 I zygote  :   at void android.os.Handler.dispatchMessage(android.os.Message) (Handler.java:106)
07-06 01:25:26.322  5426  5426 I zygote  :   at void android.os.Looper.loop() (Looper.java:164)
07-06 01:25:26.322  5426  5426 I zygote  :   at void android.app.ActivityThread.main(java.lang.String[]) (ActivityThread.java:6494)
07-06 01:25:26.322  5426  5426 I zygote  :   at java.lang.Object java.lang.reflect.Method.invoke(java.lang.Object, java.lang.Object[]) (Method.java:-2)
07-06 01:25:26.322  5426  5426 I zygote  :   at void com.android.internal.os.RuntimeInit$MethodAndArgsCaller.run() (RuntimeInit.java:438)
07-06 01:25:26.322  5426  5426 I zygote  :   at void com.android.internal.os.ZygoteInit.main(java.lang.String[]) (ZygoteInit.java:807)
07-06 01:25:26.322  5426  5426 I zygote  : Caused by: java.lang.ClassNotFoundException: Didn't find class "android.view.View$OnUnhandledKeyEventListener" on path: DexPathList[[zip file "/data/app/com.example.edgesum-YzI1NIeHkS8kN2Z2Ls5RAg==/base.apk"],nativeLibraryDirectories=[/data/app/com.example.edgesum-YzI1NIeHkS8kN2Z2Ls5RAg==/lib/arm, /data/app/com.example.edgesum-YzI1NIeHkS8kN2Z2Ls5RAg==/base.apk!/lib/armeabi-v7a, /system/lib, /system/vendor/lib]]
07-06 01:25:26.322  5426  5426 I zygote  :   at java.lang.Class dalvik.system.BaseDexClassLoader.findClass(java.lang.String) (BaseDexClassLoader.java:125)
07-06 01:25:26.322  5426  5426 I zygote  :   at java.lang.Class java.lang.ClassLoader.loadClass(java.lang.String, boolean) (ClassLoader.java:379)
07-06 01:25:26.322  5426  5426 I zygote  :   at java.lang.Class java.lang.ClassLoader.loadClass(java.lang.String) (ClassLoader.java:312)
07-06 01:25:26.322  5426  5426 I zygote  :   at void androidx.core.view.ViewCompat.setOnApplyWindowInsetsListener(android.view.View, androidx.core.view.OnApplyWindowInsetsListener) (ViewCompat.java:2421)
07-06 01:25:26.322  5426  5426 I zygote  :   at android.view.ViewGroup androidx.appcompat.app.AppCompatDelegateImpl.createSubDecor() (AppCompatDelegateImpl.java:779)
07-06 01:25:26.322  5426  5426 I zygote  :   at void androidx.appcompat.app.AppCompatDelegateImpl.ensureSubDecor() (AppCompatDelegateImpl.java:659)
07-06 01:25:26.322  5426  5426 I zygote  :   at void androidx.appcompat.app.AppCompatDelegateImpl.setContentView(int) (AppCompatDelegateImpl.java:552)
07-06 01:25:26.322  5426  5426 I zygote  :   at void androidx.appcompat.app.AppCompatActivity.setContentView(int) (AppCompatActivity.java:161)
07-06 01:25:26.322  5426  5426 I zygote  :   at void com.example.edgesum.page.main.MainActivity.onCreate(android.os.Bundle) (MainActivity.java:95)
07-06 01:25:26.322  5426  5426 I zygote  :   at void android.app.Activity.performCreate(android.os.Bundle, android.os.PersistableBundle) (Activity.java:7009)
07-06 01:25:26.322  5426  5426 I zygote  :   at void android.app.Activity.performCreate(android.os.Bundle) (Activity.java:7000)
07-06 01:25:26.322  5426  5426 I zygote  :   at void android.app.Instrumentation.callActivityOnCreate(android.app.Activity, android.os.Bundle) (Instrumentation.java:1214)
07-06 01:25:26.322  5426  5426 I zygote  :   at android.app.Activity android.app.ActivityThread.performLaunchActivity(android.app.ActivityThread$ActivityClientRecord, android.content.Intent) (ActivityThread.java:2731)
07-06 01:25:26.322  5426  5426 I zygote  :   at void android.app.ActivityThread.handleLaunchActivity(android.app.ActivityThread$ActivityClientRecord, android.content.Intent, java.lang.String) (ActivityThread.java:2856)
07-06 01:25:26.322  5426  5426 I zygote  :   at void android.app.ActivityThread.-wrap11(android.app.ActivityThread, android.app.ActivityThread$ActivityClientRecord, android.content.Intent, java.lang.String) (ActivityThread.java:-1)
07-06 01:25:26.322  5426  5426 I zygote  :   at void android.app.ActivityThread$H.handleMessage(android.os.Message) (ActivityThread.java:1589)
07-06 01:25:26.322  5426  5426 I zygote  :   at void android.os.Handler.dispatchMessage(android.os.Message) (Handler.java:106)
07-06 01:25:26.322  5426  5426 I zygote  :   at void android.os.Looper.loop() (Looper.java:164)
07-06 01:25:26.322  5426  5426 I zygote  :   at void android.app.ActivityThread.main(java.lang.String[]) (ActivityThread.java:6494)
07-06 01:25:26.322  5426  5426 I zygote  :   at java.lang.Object java.lang.reflect.Method.invoke(java.lang.Object, java.lang.Object[]) (Method.java:-2)
07-06 01:25:26.322  5426  5426 I zygote  :   at void com.android.internal.os.RuntimeInit$MethodAndArgsCaller.run() (RuntimeInit.java:438)
07-06 01:25:26.322  5426  5426 I zygote  :   at void com.android.internal.os.ZygoteInit.main(java.lang.String[]) (ZygoteInit.java:807)
07-06 01:25:26.322  5426  5426 I zygote  : 
07-06 01:25:26.323  5426  5426 I zygote  : Rejecting re-init on previously-failed class java.lang.Class<androidx.core.view.ViewCompat$2>: java.lang.NoClassDefFoundError: Failed resolution of: Landroid/view/View$OnUnhandledKeyEventListener;
07-06 01:25:26.323  5426  5426 I zygote  :   at void androidx.core.view.ViewCompat.setOnApplyWindowInsetsListener(android.view.View, androidx.core.view.OnApplyWindowInsetsListener) (ViewCompat.java:2421)
07-06 01:25:26.323  5426  5426 I zygote  :   at android.view.ViewGroup androidx.appcompat.app.AppCompatDelegateImpl.createSubDecor() (AppCompatDelegateImpl.java:779)
07-06 01:25:26.323  5426  5426 I zygote  :   at void androidx.appcompat.app.AppCompatDelegateImpl.ensureSubDecor() (AppCompatDelegateImpl.java:659)
07-06 01:25:26.323  5426  5426 I zygote  :   at void androidx.appcompat.app.AppCompatDelegateImpl.setContentView(int) (AppCompatDelegateImpl.java:552)
07-06 01:25:26.323  5426  5426 I zygote  :   at void androidx.appcompat.app.AppCompatActivity.setContentView(int) (AppCompatActivity.java:161)
07-06 01:25:26.323  5426  5426 I zygote  :   at void com.example.edgesum.page.main.MainActivity.onCreate(android.os.Bundle) (MainActivity.java:95)
07-06 01:25:26.323  5426  5426 I zygote  :   at void android.app.Activity.performCreate(android.os.Bundle, android.os.PersistableBundle) (Activity.java:7009)
07-06 01:25:26.323  5426  5426 I zygote  :   at void android.app.Activity.performCreate(android.os.Bundle) (Activity.java:7000)
07-06 01:25:26.323  5426  5426 I zygote  :   at void android.app.Instrumentation.callActivityOnCreate(android.app.Activity, android.os.Bundle) (Instrumentation.java:1214)
07-06 01:25:26.323  5426  5426 I zygote  :   at android.app.Activity android.app.ActivityThread.performLaunchActivity(android.app.ActivityThread$ActivityClientRecord, android.content.Intent) (ActivityThread.java:2731)
07-06 01:25:26.323  5426  5426 I zygote  :   at void android.app.ActivityThread.handleLaunchActivity(android.app.ActivityThread$ActivityClientRecord, android.content.Intent, java.lang.String) (ActivityThread.java:2856)
07-06 01:25:26.323  5426  5426 I zygote  :   at void android.app.ActivityThread.-wrap11(android.app.ActivityThread, android.app.ActivityThread$ActivityClientRecord, android.content.Intent, java.lang.String) (ActivityThread.java:-1)
07-06 01:25:26.323  5426  5426 I zygote  :   at void android.app.ActivityThread$H.handleMessage(android.os.Message) (ActivityThread.java:1589)
07-06 01:25:26.323  5426  5426 I zygote  :   at void android.os.Handler.dispatchMessage(android.os.Message) (Handler.java:106)
07-06 01:25:26.323  5426  5426 I zygote  :   at void android.os.Looper.loop() (Looper.java:164)
07-06 01:25:26.323  5426  5426 I zygote  :   at void android.app.ActivityThread.main(java.lang.String[]) (ActivityThread.java:6494)
07-06 01:25:26.323  5426  5426 I zygote  :   at java.lang.Object java.lang.reflect.Method.invoke(java.lang.Object, java.lang.Object[]) (Method.java:-2)
07-06 01:25:26.323  5426  5426 I zygote  :   at void com.android.internal.os.RuntimeInit$MethodAndArgsCaller.run() (RuntimeInit.java:438)
07-06 01:25:26.323  5426  5426 I zygote  :   at void com.android.internal.os.ZygoteInit.main(java.lang.String[]) (ZygoteInit.java:807)
07-06 01:25:26.323  5426  5426 I zygote  : Caused by: java.lang.ClassNotFoundException: Didn't find class "android.view.View$OnUnhandledKeyEventListener" on path: DexPathList[[zip file "/data/app/com.example.edgesum-YzI1NIeHkS8kN2Z2Ls5RAg==/base.apk"],nativeLibraryDirectories=[/data/app/com.example.edgesum-YzI1NIeHkS8kN2Z2Ls5RAg==/lib/arm, /data/app/com.example.edgesum-YzI1NIeHkS8kN2Z2Ls5RAg==/base.apk!/lib/armeabi-v7a, /system/lib, /system/vendor/lib]]
07-06 01:25:26.323  5426  5426 I zygote  :   at java.lang.Class dalvik.system.BaseDexClassLoader.findClass(java.lang.String) (BaseDexClassLoader.java:125)
07-06 01:25:26.323  5426  5426 I zygote  :   at java.lang.Class java.lang.ClassLoader.loadClass(java.lang.String, boolean) (ClassLoader.java:379)
07-06 01:25:26.323  5426  5426 I zygote  :   at java.lang.Class java.lang.ClassLoader.loadClass(java.lang.String) (ClassLoader.java:312)
07-06 01:25:26.323  5426  5426 I zygote  :   at void androidx.core.view.ViewCompat.setOnApplyWindowInsetsListener(android.view.View, androidx.core.view.OnApplyWindowInsetsListener) (ViewCompat.java:2421)
07-06 01:25:26.323  5426  5426 I zygote  :   at android.view.ViewGroup androidx.appcompat.app.AppCompatDelegateImpl.createSubDecor() (AppCompatDelegateImpl.java:779)
07-06 01:25:26.323  5426  5426 I zygote  :   at void androidx.appcompat.app.AppCompatDelegateImpl.ensureSubDecor() (AppCompatDelegateImpl.java:659)
07-06 01:25:26.323  5426  5426 I zygote  :   at void androidx.appcompat.app.AppCompatDelegateImpl.setContentView(int) (AppCompatDelegateImpl.java:552)
07-06 01:25:26.323  5426  5426 I zygote  :   at void androidx.appcompat.app.AppCompatActivity.setContentView(int) (AppCompatActivity.java:161)
07-06 01:25:26.323  5426  5426 I zygote  :   at void com.example.edgesum.page.main.MainActivity.onCreate(android.os.Bundle) (MainActivity.java:95)
07-06 01:25:26.323  5426  5426 I zygote  :   at void android.app.Activity.performCreate(android.os.Bundle, android.os.PersistableBundle) (Activity.java:7009)
07-06 01:25:26.323  5426  5426 I zygote  :   at void android.app.Activity.performCreate(android.os.Bundle) (Activity.java:7000)
07-06 01:25:26.323  5426  5426 I zygote  :   at void android.app.Instrumentation.callActivityOnCreate(android.app.Activity, android.os.Bundle) (Instrumentation.java:1214)
07-06 01:25:26.323  5426  5426 I zygote  :   at android.app.Activity android.app.ActivityThread.performLaunchActivity(android.app.ActivityThread$ActivityClientRecord, android.content.Intent) (ActivityThread.java:2731)
07-06 01:25:26.323  5426  5426 I zygote  :   at void android.app.ActivityThread.handleLaunchActivity(android.app.ActivityThread$ActivityClientRecord, android.content.Intent, java.lang.String) (ActivityThread.java:2856)
07-06 01:25:26.323  5426  5426 I zygote  :   at void android.app.ActivityThread.-wrap11(android.app.ActivityThread, android.app.ActivityThread$ActivityClientRecord, android.content.Intent, java.lang.String) (ActivityThread.java:-1)
07-06 01:25:26.323  5426  5426 I zygote  :   at void android.app.ActivityThread$H.handleMessage(android.os.Message) (ActivityThread.java:1589)
07-06 01:25:26.323  5426  5426 I zygote  :   at void android.os.Handler.dispatchMessage(android.os.Message) (Handler.java:106)
07-06 01:25:26.323  5426  5426 I zygote  :   at void android.os.Looper.loop() (Looper.java:164)
07-06 01:25:26.323  5426  5426 I zygote  :   at void android.app.ActivityThread.main(java.lang.String[]) (ActivityThread.java:6494)
07-06 01:25:26.323  5426  5426 I zygote  :   at java.lang.Object java.lang.reflect.Method.invoke(java.lang.Object, java.lang.Object[]) (Method.java:-2)
07-06 01:25:26.323  5426  5426 I zygote  :   at void com.android.internal.os.RuntimeInit$MethodAndArgsCaller.run() (RuntimeInit.java:438)
07-06 01:25:26.323  5426  5426 I zygote  :   at void com.android.internal.os.ZygoteInit.main(java.lang.String[]) (ZygoteInit.java:807)
07-06 01:25:26.323  5426  5426 I zygote  : 
07-06 01:25:26.325  5426  5426 I zygote  : Rejecting re-init on previously-failed class java.lang.Class<androidx.core.view.ViewCompat$2>: java.lang.NoClassDefFoundError: Failed resolution of: Landroid/view/View$OnUnhandledKeyEventListener;
07-06 01:25:26.325  5426  5426 I zygote  :   at void androidx.core.view.ViewCompat.setOnApplyWindowInsetsListener(android.view.View, androidx.core.view.OnApplyWindowInsetsListener) (ViewCompat.java:2421)
07-06 01:25:26.325  5426  5426 I zygote  :   at android.view.ViewGroup androidx.appcompat.app.AppCompatDelegateImpl.createSubDecor() (AppCompatDelegateImpl.java:779)
07-06 01:25:26.325  5426  5426 I zygote  :   at void androidx.appcompat.app.AppCompatDelegateImpl.ensureSubDecor() (AppCompatDelegateImpl.java:659)
07-06 01:25:26.325  5426  5426 I zygote  :   at void androidx.appcompat.app.AppCompatDelegateImpl.setContentView(int) (AppCompatDelegateImpl.java:552)
07-06 01:25:26.325  5426  5426 I zygote  :   at void androidx.appcompat.app.AppCompatActivity.setContentView(int) (AppCompatActivity.java:161)
07-06 01:25:26.325  5426  5426 I zygote  :   at void com.example.edgesum.page.main.MainActivity.onCreate(android.os.Bundle) (MainActivity.java:95)
07-06 01:25:26.325  5426  5426 I zygote  :   at void android.app.Activity.performCreate(android.os.Bundle, android.os.PersistableBundle) (Activity.java:7009)
07-06 01:25:26.325  5426  5426 I zygote  :   at void android.app.Activity.performCreate(android.os.Bundle) (Activity.java:7000)
07-06 01:25:26.325  5426  5426 I zygote  :   at void android.app.Instrumentation.callActivityOnCreate(android.app.Activity, android.os.Bundle) (Instrumentation.java:1214)
07-06 01:25:26.325  5426  5426 I zygote  :   at android.app.Activity android.app.ActivityThread.performLaunchActivity(android.app.ActivityThread$ActivityClientRecord, android.content.Intent) (ActivityThread.java:2731)
07-06 01:25:26.325  5426  5426 I zygote  :   at void android.app.ActivityThread.handleLaunchActivity(android.app.ActivityThread$ActivityClientRecord, android.content.Intent, java.lang.String) (ActivityThread.java:2856)
07-06 01:25:26.325  5426  5426 I zygote  :   at void android.app.ActivityThread.-wrap11(android.app.ActivityThread, android.app.ActivityThread$ActivityClientRecord, android.content.Intent, java.lang.String) (ActivityThread.java:-1)
07-06 01:25:26.325  5426  5426 I zygote  :   at void android.app.ActivityThread$H.handleMessage(android.os.Message) (ActivityThread.java:1589)
07-06 01:25:26.325  5426  5426 I zygote  :   at void android.os.Handler.dispatchMessage(android.os.Message) (Handler.java:106)
07-06 01:25:26.325  5426  5426 I zygote  :   at void android.os.Looper.loop() (Looper.java:164)
07-06 01:25:26.325  5426  5426 I zygote  :   at void android.app.ActivityThread.main(java.lang.String[]) (ActivityThread.java:6494)
07-06 01:25:26.326  5426  5426 I zygote  :   at java.lang.Object java.lang.reflect.Method.invoke(java.lang.Object, java.lang.Object[]) (Method.java:-2)
07-06 01:25:26.326  5426  5426 I zygote  :   at void com.android.internal.os.RuntimeInit$MethodAndArgsCaller.run() (RuntimeInit.java:438)
07-06 01:25:26.326  5426  5426 I zygote  :   at void com.android.internal.os.ZygoteInit.main(java.lang.String[]) (ZygoteInit.java:807)
07-06 01:25:26.326  5426  5426 I zygote  : Caused by: java.lang.ClassNotFoundException: Didn't find class "android.view.View$OnUnhandledKeyEventListener" on path: DexPathList[[zip file "/data/app/com.example.edgesum-YzI1NIeHkS8kN2Z2Ls5RAg==/base.apk"],nativeLibraryDirectories=[/data/app/com.example.edgesum-YzI1NIeHkS8kN2Z2Ls5RAg==/lib/arm, /data/app/com.example.edgesum-YzI1NIeHkS8kN2Z2Ls5RAg==/base.apk!/lib/armeabi-v7a, /system/lib, /system/vendor/lib]]
07-06 01:25:26.326  5426  5426 I zygote  :   at java.lang.Class dalvik.system.BaseDexClassLoader.findClass(java.lang.String) (BaseDexClassLoader.java:125)
07-06 01:25:26.326  5426  5426 I zygote  :   at java.lang.Class java.lang.ClassLoader.loadClass(java.lang.String, boolean) (ClassLoader.java:379)
07-06 01:25:26.326  5426  5426 I zygote  :   at java.lang.Class java.lang.ClassLoader.loadClass(java.lang.String) (ClassLoader.java:312)
07-06 01:25:26.326  5426  5426 I zygote  :   at void androidx.core.view.ViewCompat.setOnApplyWindowInsetsListener(android.view.View, androidx.core.view.OnApplyWindowInsetsListener) (ViewCompat.java:2421)
07-06 01:25:26.326  5426  5426 I zygote  :   at android.view.ViewGroup androidx.appcompat.app.AppCompatDelegateImpl.createSubDecor() (AppCompatDelegateImpl.java:779)
07-06 01:25:26.326  5426  5426 I zygote  :   at void androidx.appcompat.app.AppCompatDelegateImpl.ensureSubDecor() (AppCompatDelegateImpl.java:659)
07-06 01:25:26.326  5426  5426 I zygote  :   at void androidx.appcompat.app.AppCompatDelegateImpl.setContentView(int) (AppCompatDelegateImpl.java:552)
07-06 01:25:26.326  5426  5426 I zygote  :   at void androidx.appcompat.app.AppCompatActivity.setContentView(int) (AppCompatActivity.java:161)
07-06 01:25:26.326  5426  5426 I zygote  :   at void com.example.edgesum.page.main.MainActivity.onCreate(android.os.Bundle) (MainActivity.java:95)
07-06 01:25:26.326  5426  5426 I zygote  :   at void android.app.Activity.performCreate(android.os.Bundle, android.os.PersistableBundle) (Activity.java:7009)
07-06 01:25:26.326  5426  5426 I zygote  :   at void android.app.Activity.performCreate(android.os.Bundle) (Activity.java:7000)
07-06 01:25:26.326  5426  5426 I zygote  :   at void android.app.Instrumentation.callActivityOnCreate(android.app.Activity, android.os.Bundle) (Instrumentation.java:1214)
07-06 01:25:26.326  5426  5426 I zygote  :   at android.app.Activity android.app.ActivityThread.performLaunchActivity(android.app.ActivityThread$ActivityClientRecord, android.content.Intent) (ActivityThread.java:2731)
07-06 01:25:26.326  5426  5426 I zygote  :   at void android.app.ActivityThread.handleLaunchActivity(android.app.ActivityThread$ActivityClientRecord, android.content.Intent, java.lang.String) (ActivityThread.java:2856)
07-06 01:25:26.326  5426  5426 I zygote  :   at void android.app.ActivityThread.-wrap11(android.app.ActivityThread, android.app.ActivityThread$ActivityClientRecord, android.content.Intent, java.lang.String) (ActivityThread.java:-1)
07-06 01:25:26.326  5426  5426 I zygote  :   at void android.app.ActivityThread$H.handleMessage(android.os.Message) (ActivityThread.java:1589)
07-06 01:25:26.326  5426  5426 I zygote  :   at void android.os.Handler.dispatchMessage(android.os.Message) (Handler.java:106)
07-06 01:25:26.326  5426  5426 I zygote  :   at void android.os.Looper.loop() (Looper.java:164)
07-06 01:25:26.326  5426  5426 I zygote  :   at void android.app.ActivityThread.main(java.lang.String[]) (ActivityThread.java:6494)
07-06 01:25:26.326  5426  5426 I zygote  :   at java.lang.Object java.lang.reflect.Method.invoke(java.lang.Object, java.lang.Object[]) (Method.java:-2)
07-06 01:25:26.326  5426  5426 I zygote  :   at void com.android.internal.os.RuntimeInit$MethodAndArgsCaller.run() (RuntimeInit.java:438)
07-06 01:25:26.326  5426  5426 I zygote  :   at void com.android.internal.os.ZygoteInit.main(java.lang.String[]) (ZygoteInit.java:807)
07-06 01:25:26.326  5426  5426 I zygote  : 
07-06 01:25:26.563  5426  5426 V Repo    : /storage/emulated/0/Movies/raw
07-06 01:25:26.564  5426  5426 V Repo    : /storage/emulated/0/Movies/summarised
07-06 01:25:26.581  5426  5426 V FileManager: External storage is readable
07-06 01:25:26.582  5426  5426 V FileManager: Created new directory: /storage/emulated/0/Movies/raw
07-06 01:25:26.587  5426  5426 V FileManager: External storage is readable
07-06 01:25:26.587  5426  5426 V FileManager: Created new directory: /storage/emulated/0/Movies/summarised
07-06 01:25:26.592  5426  5426 V FileManager: External storage is readable
07-06 01:25:26.593  5426  5426 V FileManager: Created new directory: /storage/emulated/0/Download/nearby
07-06 01:25:26.596  5426  5426 V FileManager: External storage is readable
07-06 01:25:26.597  5426  5426 V FileManager: Created new directory: /storage/emulated/0/Movies/segment
07-06 01:25:26.600  5426  5426 V FileManager: External storage is readable
07-06 01:25:26.602  5426  5426 V FileManager: Created new directory: /storage/emulated/0/Movies/segment-sum
07-06 01:25:26.835  5426  5426 V VideoManager: getAllVideoFromExternalStorageFolder
07-06 01:25:26.839  5426  5426 D VideoManager: /storage/emulated/0/Movies/summarised
07-06 01:25:26.857  5426  5426 D VideoManager: 0 videos return
07-06 01:25:26.868  5426  5431 I zygote  : Do partial code cache collection, code=10KB, data=19KB
07-06 01:25:26.872  5426  5431 I zygote  : After code cache collection, code=10KB, data=19KB
07-06 01:25:26.872  5426  5431 I zygote  : Increasing code cache capacity to 128KB
07-06 01:25:26.874  5426  5431 I zygote  : Do partial code cache collection, code=10KB, data=36KB
07-06 01:25:26.874  5426  5431 I zygote  : After code cache collection, code=10KB, data=36KB
07-06 01:25:26.874  5426  5431 I zygote  : Increasing code cache capacity to 256KB
07-06 01:25:26.875  5426  5431 I zygote  : Compiler allocated 4MB to compile void android.widget.TextView.<init>(android.content.Context, android.util.AttributeSet, int, int)
07-06 01:25:26.917  5426  5426 V VideoManager: getAllVideoFromExternalStorageFolder
07-06 01:25:26.923  5426  5426 D VideoManager: /storage/emulated/0/Movies/raw
07-06 01:25:26.930  5426  5426 D VideoManager: 0 videos return
07-06 01:25:26.998  5426  5513 D OpenGLRenderer: HWUI GL Pipeline
07-06 01:25:27.009  5426  5426 I TransferService: Starting Transfer Service to listen for network connectivity changes.
07-06 01:25:27.010  5426  5426 I TransferService: Registering the network receiver
07-06 01:25:27.014  5426  5426 E TransferService: No notification is passed in the intent. Unable to transition to foreground.
07-06 01:25:27.126  5426  5438 D MainActivity: Scanned /storage/emulated/0/Movies/summarised
07-06 01:25:27.126  5426  5438 D MainActivity:   -> uri=content://media/external/file/1527
07-06 01:25:27.140  5426  5426 W StaticLayout: maxLineHeight should not be -1.  maxLines:1 lineCount:1
07-06 01:25:27.145  5426  5439 D MainActivity: Scanned /storage/emulated/0/Movies/raw
07-06 01:25:27.145  5426  5439 D MainActivity:   -> uri=content://media/external/file/1526
07-06 01:25:27.154  5426  5426 W StaticLayout: maxLineHeight should not be -1.  maxLines:1 lineCount:1
07-06 01:25:27.163  5426  5426 I chatty  : uid=10086(com.example.edgesum) identical 1 line
07-06 01:25:27.172  5426  5426 W StaticLayout: maxLineHeight should not be -1.  maxLines:1 lineCount:1
07-06 01:25:27.210  5426  5513 I Adreno-EGL: <qeglDrvAPI_eglInitialize:379>: QUALCOMM Build: 06/17/16, f19e6a9, I9e7a63e7c4
07-06 01:25:27.215  5426  5513 I zygote  : android::hardware::configstore::V1_0::ISurfaceFlingerConfigs::hasWideColorDisplay retrieved: 0
07-06 01:25:27.215  5426  5513 I OpenGLRenderer: Initialized EGL, version 1.4
07-06 01:25:27.215  5426  5513 D OpenGLRenderer: Swap behavior 1
07-06 01:25:27.222  5426  5513 W Adreno-EGL: <qeglDrvAPI_eglGetConfigAttrib:607>: EGL_BAD_ATTRIBUTE
07-06 01:25:27.225  5426  5513 W Adreno-EGL: <qeglDrvAPI_eglGetConfigAttrib:607>: EGL_BAD_ATTRIBUTE
07-06 01:25:27.226  5426  5513 D vndksupport: Loading /vendor/lib/hw/gralloc.msm8974.so from current namespace instead of sphal namespace.
07-06 01:25:27.228  5426  5426 W StaticLayout: maxLineHeight should not be -1.  maxLines:1 lineCount:1
07-06 01:25:27.239  5426  5426 W StaticLayout: maxLineHeight should not be -1.  maxLines:1 lineCount:1
07-06 01:25:27.253  5426  5426 I TransferNetworkLossHand: Network connectivity changed detected.
07-06 01:25:27.254  5426  5426 I TransferNetworkLossHand: Network connected: false
07-06 01:25:27.294  5426  5513 D vndksupport: Loading /vendor/lib/hw/android.hardware.graphics.mapper@2.0-impl.so from current namespace instead of sphal namespace.
07-06 01:25:27.295  5426  5513 D vndksupport: Loading /vendor/lib/hw/gralloc.msm8974.so from current namespace instead of sphal namespace.
07-06 01:25:49.562  5426  5426 V MainActivity: Connect button clicked
07-06 01:25:55.217  5426  5426 V ConnectionFragment: Discovery switch checked
07-06 01:25:55.344  5426  5426 D NearbyFragment: Started discovering
07-06 01:25:55.457  5426  5426 D NearbyFragment: Found endpoint vMbk: Galaxy S8 [2802]
07-06 01:26:10.602  5426  5431 I zygote  : Do full code cache collection, code=126KB, data=85KB
07-06 01:26:10.606  5426  5431 I zygote  : After code cache collection, code=123KB, data=62KB
07-06 01:26:10.611  5426  5426 D NearbyFragment: Selected 'Endpoint{id=vMbk, name=Galaxy S8 [2802]}'
07-06 01:26:10.652  5426  5513 W Adreno-EGL: <qeglDrvAPI_eglGetConfigAttrib:607>: EGL_BAD_ATTRIBUTE
07-06 01:26:10.654  5426  5513 D vndksupport: Loading /vendor/lib/hw/gralloc.msm8974.so from current namespace instead of sphal namespace.
07-06 01:26:13.713  5426  5426 D NearbyFragment: Initiated connection with vMbk: Galaxy S8 [2802]
07-06 01:26:13.846  5426  5431 I zygote  : Do partial code cache collection, code=126KB, data=70KB
07-06 01:26:13.857  5426  5431 I zygote  : After code cache collection, code=126KB, data=71KB
07-06 01:26:13.857  5426  5431 I zygote  : Increasing code cache capacity to 512KB
07-06 01:26:13.867  5426  5426 D NearbyFragment: Requested connection with Endpoint{id=vMbk, name=Galaxy S8 [2802]}
07-06 01:26:13.931  5426  5513 W Adreno-EGL: <qeglDrvAPI_eglGetConfigAttrib:607>: EGL_BAD_ATTRIBUTE
07-06 01:26:13.944  5426  5513 D vndksupport: Loading /vendor/lib/hw/gralloc.msm8974.so from current namespace instead of sphal namespace.
07-06 01:26:16.444  5426  5426 I NearbyFragment: Connected to Endpoint{id=vMbk, name=Galaxy S8 [2802]}
07-06 01:26:16.997  5426  5426 V ConnectionFragment: Discovery switch unchecked
07-06 01:26:16.997  5426  5426 D NearbyFragment: Stopped discovering
07-06 01:26:37.193  5426  5426 I TransferNetworkLossHand: Network connectivity changed detected.
07-06 01:26:37.198  5426  5426 I TransferNetworkLossHand: Network connected: true
07-06 01:27:49.756  5426  5426 D NearbyFragment: onPayloadReceived(endpointId=vMbk, payload=com.google.android.gms.nearby.connection.Payload@3ed32b5)
07-06 01:27:49.759  5426  5426 V NearbyFragment: Started downloading SUMMARISE_SEGMENT:-7663499235288679875:20200312_150643!001.mp4:45.0_1.0_23_medium from Endpoint{id=vMbk, name=Galaxy S8 [2802]}
07-06 01:27:49.770  5426  5426 V NearbyFragment: Transfer to Endpoint{id=vMbk, name=Galaxy S8 [2802]} complete
07-06 01:27:49.807  5426  5426 D NearbyFragment: onPayloadReceived(endpointId=vMbk, payload=com.google.android.gms.nearby.connection.Payload@156edd8)
07-06 01:27:55.528  5426  5426 V NearbyFragment: Transfer to Endpoint{id=vMbk, name=Galaxy S8 [2802]} complete
07-06 01:27:55.532  5426  5426 W NearbyFragment: Completed downloading 20200312_150643!001.mp4 from Endpoint{id=vMbk, name=Galaxy S8 [2802]} in 05.766s
07-06 01:27:55.538  5426  5426 V FileManager: External storage is readable
07-06 01:27:55.539  5426  5426 V FileManager: Created new directory: /storage/emulated/0/Movies/segment-sum/20200312_150643
07-06 01:27:55.540  5426  5426 D NearbyFragment: Summarising 20200312_150643!001.mp4
07-06 01:27:55.540  5426  5426 V VideoManager: Retrieving video from /storage/emulated/0/Download/Nearby/20200312_150643!001.mp4
07-06 01:27:55.553  5426  5426 V VideoManager: videoFromCursor
07-06 01:27:55.556  5426  5426 V ProcessingVideosEventHandler: onAdd
07-06 01:27:55.557  5426  5426 V RawFootageEventHandler: onRemove
07-06 01:27:55.566  5426  5426 V NearbyFragment: Transfer to Endpoint{id=vMbk, name=Galaxy S8 [2802]} complete
07-06 01:27:55.573  5426  5843 V SummariserIntentService: onHandleIntent
07-06 01:27:55.574  5426  5843 D SummariserIntentService: Video{id='1584', data='/storage/emulated/0/Download/Nearby/20200312_150643!001.mp4', name='20200312_150643!001.mp4', size=16853523, visible=true, mimeType='video/mp4'}
07-06 01:27:55.574  5426  5843 D SummariserIntentService: /storage/emulated/0/Movies/segment-sum/20200312_150643/20200312_150643!001.mp4
07-06 01:27:55.576  5426  5843 I mobile-ffmpeg: Loading mobile-ffmpeg.
07-06 01:27:55.621  5426  5843 I mobile-ffmpeg: Loaded mobile-ffmpeg-full-gpl-arm-v7a-neon-4.3.2-20200415.
07-06 01:27:55.622  5426  5844 D mobile-ffmpeg: Callback thread started.
07-06 01:27:55.637  5426  5843 I FfmpegTools: Running ffmpeg with:
07-06 01:27:55.637  5426  5843 I FfmpegTools:   -y -i /storage/emulated/0/Download/Nearby/20200312_150643!001.mp4 -vf freezedetect=n=-45.000000dB:d=1.000000,metadata=mode=print:file=/storage/emulated/0/Movies/raw/20200312_150643!001.txt -f null -
07-06 01:27:55.781  5426  5844 W mobile-ffmpeg: [graph 0 input from stream 0:0 @ 0x93a7cb20] sws_param option is deprecated and ignored
07-06 01:28:01.735  5426  5843 W Summariser: No activity detected
07-06 01:28:01.738  5426  5843 V FfmpegTools: Retrieving duration of /storage/emulated/0/Download/Nearby/20200312_150643!001.mp4
07-06 01:28:01.831  5426  5843 W Summariser: Summarisation completed
07-06 01:28:01.831  5426  5843 W Summariser:   filename: 20200312_150643!001.mp4
07-06 01:28:01.831  5426  5843 W Summariser:   active sections: 0
07-06 01:28:01.831  5426  5843 W Summariser:   time: 06.161s
07-06 01:28:01.831  5426  5843 W Summariser:   original duration: 16.01
07-06 01:28:01.831  5426  5843 W Summariser:   summarised duration: -1.00
07-06 01:28:01.831  5426  5843 W Summariser:   noise tolerance: 45.00
07-06 01:28:01.831  5426  5843 W Summariser:   quality: 23
07-06 01:28:01.831  5426  5843 W Summariser:   speed: medium
07-06 01:28:01.831  5426  5843 W Summariser:   freeze duration: 1.00
07-06 01:28:01.833  5426  5843 V ProcessingVideosEventHandler: onRemove
07-06 01:28:01.863  5426  5426 V NearbyFragment: Transfer to Endpoint{id=vMbk, name=Galaxy S8 [2802]} complete
07-06 01:28:01.900  5426  5438 D SummariserIntentService: Scanned /storage/emulated/0/Movies/summarised
07-06 01:28:01.900  5426  5438 D SummariserIntentService:   -> uri=content://media/external/file/1527
07-06 01:28:18.777  5426  5426 D NearbyFragment: onPayloadReceived(endpointId=vMbk, payload=com.google.android.gms.nearby.connection.Payload@1852ab)
07-06 01:28:18.778  5426  5426 V NearbyFragment: Started downloading SUMMARISE_SEGMENT:-6540375800414468784:20200312_150744!001.mp4:45.0_1.0_23_medium from Endpoint{id=vMbk, name=Galaxy S8 [2802]}
07-06 01:28:18.790  5426  5426 V NearbyFragment: Transfer to Endpoint{id=vMbk, name=Galaxy S8 [2802]} complete
07-06 01:28:18.842  5426  5426 D NearbyFragment: onPayloadReceived(endpointId=vMbk, payload=com.google.android.gms.nearby.connection.Payload@ecd7d08)
07-06 01:28:25.980  5426  5426 V NearbyFragment: Transfer to Endpoint{id=vMbk, name=Galaxy S8 [2802]} complete
07-06 01:28:25.982  5426  5426 W NearbyFragment: Completed downloading 20200312_150744!001.mp4 from Endpoint{id=vMbk, name=Galaxy S8 [2802]} in 07.202s
07-06 01:28:25.989  5426  5426 V FileManager: External storage is readable
07-06 01:28:25.990  5426  5426 V FileManager: Created new directory: /storage/emulated/0/Movies/segment-sum/20200312_150744
07-06 01:28:25.991  5426  5426 D NearbyFragment: Summarising 20200312_150744!001.mp4
07-06 01:28:25.992  5426  5426 V VideoManager: Retrieving video from /storage/emulated/0/Download/Nearby/20200312_150744!001.mp4
07-06 01:28:25.999  5426  5426 V VideoManager: videoFromCursor
07-06 01:28:26.001  5426  5426 V ProcessingVideosEventHandler: onAdd
07-06 01:28:26.002  5426  5426 V RawFootageEventHandler: onRemove
07-06 01:28:26.007  5426  5426 V NearbyFragment: Transfer to Endpoint{id=vMbk, name=Galaxy S8 [2802]} complete
07-06 01:28:26.015  5426  5894 V SummariserIntentService: onHandleIntent
07-06 01:28:26.016  5426  5894 D SummariserIntentService: Video{id='1585', data='/storage/emulated/0/Download/Nearby/20200312_150744!001.mp4', name='20200312_150744!001.mp4', size=16915850, visible=true, mimeType='video/mp4'}
07-06 01:28:26.016  5426  5894 D SummariserIntentService: /storage/emulated/0/Movies/segment-sum/20200312_150744/20200312_150744!001.mp4
07-06 01:28:26.021  5426  5894 I FfmpegTools: Running ffmpeg with:
07-06 01:28:26.021  5426  5894 I FfmpegTools:   -y -i /storage/emulated/0/Download/Nearby/20200312_150744!001.mp4 -vf freezedetect=n=-45.000000dB:d=1.000000,metadata=mode=print:file=/storage/emulated/0/Movies/raw/20200312_150744!001.txt -f null -
07-06 01:28:26.132  5426  5844 W mobile-ffmpeg: [graph 0 input from stream 0:0 @ 0x8e0a3e60] sws_param option is deprecated and ignored
07-06 01:28:31.921  5426  5894 W Summariser: No activity detected
07-06 01:28:31.923  5426  5894 V FfmpegTools: Retrieving duration of /storage/emulated/0/Download/Nearby/20200312_150744!001.mp4
07-06 01:28:32.011  5426  5894 W Summariser: Summarisation completed
07-06 01:28:32.011  5426  5894 W Summariser:   filename: 20200312_150744!001.mp4
07-06 01:28:32.011  5426  5894 W Summariser:   active sections: 0
07-06 01:28:32.011  5426  5894 W Summariser:   time: 05.904s
07-06 01:28:32.011  5426  5894 W Summariser:   original duration: 16.02
07-06 01:28:32.011  5426  5894 W Summariser:   summarised duration: -1.00
07-06 01:28:32.011  5426  5894 W Summariser:   noise tolerance: 45.00
07-06 01:28:32.011  5426  5894 W Summariser:   quality: 23
07-06 01:28:32.011  5426  5894 W Summariser:   speed: medium
07-06 01:28:32.011  5426  5894 W Summariser:   freeze duration: 1.00
07-06 01:28:32.012  5426  5894 V ProcessingVideosEventHandler: onRemove
07-06 01:28:32.035  5426  5426 V NearbyFragment: Transfer to Endpoint{id=vMbk, name=Galaxy S8 [2802]} complete
07-06 01:28:32.072  5426  5439 D SummariserIntentService: Scanned /storage/emulated/0/Movies/summarised
07-06 01:28:32.072  5426  5439 D SummariserIntentService:   -> uri=content://media/external/file/1527
07-06 01:28:47.274  5426  5426 D NearbyFragment: onPayloadReceived(endpointId=vMbk, payload=com.google.android.gms.nearby.connection.Payload@bed7ed9)
07-06 01:28:47.278  5426  5426 V NearbyFragment: Started downloading SUMMARISE_SEGMENT:-7511704297595822453:20200312_150844!001.mp4:45.0_1.0_23_medium from Endpoint{id=vMbk, name=Galaxy S8 [2802]}
07-06 01:28:47.312  5426  5426 V NearbyFragment: Transfer to Endpoint{id=vMbk, name=Galaxy S8 [2802]} complete
07-06 01:28:53.003  5426  5426 D NearbyFragment: onPayloadReceived(endpointId=vMbk, payload=com.google.android.gms.nearby.connection.Payload@59b509e)
07-06 01:28:57.287  5426  5426 V NearbyFragment: Transfer to Endpoint{id=vMbk, name=Galaxy S8 [2802]} complete
07-06 01:28:57.288  5426  5426 W NearbyFragment: Completed downloading 20200312_150844!001.mp4 from Endpoint{id=vMbk, name=Galaxy S8 [2802]} in 10.008s
07-06 01:28:57.294  5426  5426 V FileManager: External storage is readable
07-06 01:28:57.295  5426  5426 V FileManager: Created new directory: /storage/emulated/0/Movies/segment-sum/20200312_150844
07-06 01:28:57.295  5426  5426 D NearbyFragment: Summarising 20200312_150844!001.mp4
07-06 01:28:57.296  5426  5426 V VideoManager: Retrieving video from /storage/emulated/0/Download/Nearby/20200312_150844!001.mp4
07-06 01:28:57.302  5426  5426 V VideoManager: videoFromCursor
07-06 01:28:57.304  5426  5426 V ProcessingVideosEventHandler: onAdd
07-06 01:28:57.304  5426  5426 V RawFootageEventHandler: onRemove
07-06 01:28:57.310  5426  5426 V NearbyFragment: Transfer to Endpoint{id=vMbk, name=Galaxy S8 [2802]} complete
07-06 01:28:57.315  5426  5958 V SummariserIntentService: onHandleIntent
07-06 01:28:57.316  5426  5958 D SummariserIntentService: Video{id='1688', data='/storage/emulated/0/Download/Nearby/20200312_150844!001.mp4', name='20200312_150844!001.mp4', size=17002010, visible=true, mimeType='video/mp4'}
07-06 01:28:57.316  5426  5958 D SummariserIntentService: /storage/emulated/0/Movies/segment-sum/20200312_150844/20200312_150844!001.mp4
07-06 01:28:57.322  5426  5958 I FfmpegTools: Running ffmpeg with:
07-06 01:28:57.322  5426  5958 I FfmpegTools:   -y -i /storage/emulated/0/Download/Nearby/20200312_150844!001.mp4 -vf freezedetect=n=-45.000000dB:d=1.000000,metadata=mode=print:file=/storage/emulated/0/Movies/raw/20200312_150844!001.txt -f null -
07-06 01:28:57.449  5426  5844 W mobile-ffmpeg: [graph 0 input from stream 0:0 @ 0x8dcfc1a0] sws_param option is deprecated and ignored
07-06 01:29:02.786  5426  5958 D Summariser: No freeze file
07-06 01:29:02.787  5426  5958 W Summariser: Whole video is active
07-06 01:29:04.036  5426  5958 V FfmpegTools: Retrieving duration of /storage/emulated/0/Download/Nearby/20200312_150844!001.mp4
07-06 01:29:04.123  5426  5958 V FfmpegTools: Retrieving duration of /storage/emulated/0/Movies/segment-sum/20200312_150844/20200312_150844!001.mp4
07-06 01:29:04.201  5426  5958 W Summariser: Summarisation completed
07-06 01:29:04.201  5426  5958 W Summariser:   filename: 20200312_150844!001.mp4
07-06 01:29:04.201  5426  5958 W Summariser:   active sections: -1
07-06 01:29:04.201  5426  5958 W Summariser:   time: 06.718s
07-06 01:29:04.201  5426  5958 W Summariser:   original duration: 16.01
07-06 01:29:04.201  5426  5958 W Summariser:   summarised duration: 16.01
07-06 01:29:04.201  5426  5958 W Summariser:   noise tolerance: 45.00
07-06 01:29:04.201  5426  5958 W Summariser:   quality: 23
07-06 01:29:04.201  5426  5958 W Summariser:   speed: medium
07-06 01:29:04.201  5426  5958 W Summariser:   freeze duration: 1.00
07-06 01:29:04.201  5426  5958 V VideoManager: Retrieving video from /storage/emulated/0/Movies/segment-sum/20200312_150844/20200312_150844!001.mp4
07-06 01:29:04.208  5426  5958 V VideoManager: videoFromCursor
07-06 01:29:04.213  5426  5958 W NearbyFragment: Sending 20200312_150844!001.mp4 to Galaxy S8 [2802]
07-06 01:29:04.216  5426  5958 V ProcessingVideosEventHandler: onRemove
07-06 01:29:04.246  5426  5426 V NearbyFragment: Transfer to Endpoint{id=vMbk, name=Galaxy S8 [2802]} complete
07-06 01:29:04.280  5426  5808 D SummariserIntentService: Scanned /storage/emulated/0/Movies/summarised
07-06 01:29:04.280  5426  5808 D SummariserIntentService:   -> uri=content://media/external/file/1527
07-06 01:29:32.069  5426  5426 V NearbyFragment: Transfer to Endpoint{id=vMbk, name=Galaxy S8 [2802]} complete
07-06 01:29:47.774  5426  5426 D NearbyFragment: onPayloadReceived(endpointId=vMbk, payload=com.google.android.gms.nearby.connection.Payload@bda9fe4)
07-06 01:29:47.776  5426  5426 V NearbyFragment: Started downloading SUMMARISE_SEGMENT:-5781728315804365379:20200312_150944!001.mp4:45.0_1.0_23_medium from Endpoint{id=vMbk, name=Galaxy S8 [2802]}
07-06 01:29:47.786  5426  5426 V NearbyFragment: Transfer to Endpoint{id=vMbk, name=Galaxy S8 [2802]} complete
07-06 01:29:48.061  5426  5426 D NearbyFragment: onPayloadReceived(endpointId=vMbk, payload=com.google.android.gms.nearby.connection.Payload@725bc4d)
07-06 01:29:53.957  5426  5426 V NearbyFragment: Transfer to Endpoint{id=vMbk, name=Galaxy S8 [2802]} complete
07-06 01:29:53.959  5426  5426 W NearbyFragment: Completed downloading 20200312_150944!001.mp4 from Endpoint{id=vMbk, name=Galaxy S8 [2802]} in 06.180s
07-06 01:29:53.966  5426  5426 V FileManager: External storage is readable
07-06 01:29:53.967  5426  5426 V FileManager: Created new directory: /storage/emulated/0/Movies/segment-sum/20200312_150944
07-06 01:29:53.968  5426  5426 D NearbyFragment: Summarising 20200312_150944!001.mp4
07-06 01:29:53.969  5426  5426 V VideoManager: Retrieving video from /storage/emulated/0/Download/Nearby/20200312_150944!001.mp4
07-06 01:29:53.978  5426  5426 V VideoManager: videoFromCursor
07-06 01:29:53.980  5426  5426 V ProcessingVideosEventHandler: onAdd
07-06 01:29:53.981  5426  5426 V RawFootageEventHandler: onRemove
07-06 01:29:53.988  5426  5426 V NearbyFragment: Transfer to Endpoint{id=vMbk, name=Galaxy S8 [2802]} complete
07-06 01:29:54.002  5426  6076 V SummariserIntentService: onHandleIntent
07-06 01:29:54.012  5426  6076 D SummariserIntentService: Video{id='1592', data='/storage/emulated/0/Download/Nearby/20200312_150944!001.mp4', name='20200312_150944!001.mp4', size=16812180, visible=true, mimeType='video/mp4'}
07-06 01:29:54.012  5426  6076 D SummariserIntentService: /storage/emulated/0/Movies/segment-sum/20200312_150944/20200312_150944!001.mp4
07-06 01:29:54.015  5426  6076 I FfmpegTools: Running ffmpeg with:
07-06 01:29:54.015  5426  6076 I FfmpegTools:   -y -i /storage/emulated/0/Download/Nearby/20200312_150944!001.mp4 -vf freezedetect=n=-45.000000dB:d=1.000000,metadata=mode=print:file=/storage/emulated/0/Movies/raw/20200312_150944!001.txt -f null -
07-06 01:29:54.132  5426  5844 W mobile-ffmpeg: [graph 0 input from stream 0:0 @ 0x8dcfc1a0] sws_param option is deprecated and ignored
07-06 01:30:00.057  5426  6076 W Summariser: No activity detected
07-06 01:30:00.058  5426  6076 V FfmpegTools: Retrieving duration of /storage/emulated/0/Download/Nearby/20200312_150944!001.mp4
07-06 01:30:00.139  5426  6076 W Summariser: Summarisation completed
07-06 01:30:00.139  5426  6076 W Summariser:   filename: 20200312_150944!001.mp4
07-06 01:30:00.139  5426  6076 W Summariser:   active sections: 0
07-06 01:30:00.139  5426  6076 W Summariser:   time: 06.045s
07-06 01:30:00.139  5426  6076 W Summariser:   original duration: 16.01
07-06 01:30:00.139  5426  6076 W Summariser:   summarised duration: -1.00
07-06 01:30:00.139  5426  6076 W Summariser:   noise tolerance: 45.00
07-06 01:30:00.139  5426  6076 W Summariser:   quality: 23
07-06 01:30:00.139  5426  6076 W Summariser:   speed: medium
07-06 01:30:00.139  5426  6076 W Summariser:   freeze duration: 1.00
07-06 01:30:00.142  5426  6076 V ProcessingVideosEventHandler: onRemove
07-06 01:30:00.163  5426  5426 V NearbyFragment: Transfer to Endpoint{id=vMbk, name=Galaxy S8 [2802]} complete
07-06 01:30:00.206  5426  5439 D SummariserIntentService: Scanned /storage/emulated/0/Movies/summarised
07-06 01:30:00.206  5426  5439 D SummariserIntentService:   -> uri=content://media/external/file/1527
07-06 01:30:15.430  5426  5426 D NearbyFragment: onPayloadReceived(endpointId=vMbk, payload=com.google.android.gms.nearby.connection.Payload@87fc05a)
07-06 01:30:15.432  5426  5426 V NearbyFragment: Started downloading SUMMARISE_SEGMENT:-8017205396314448496:20200312_151044!000.mp4:45.0_1.0_23_medium from Endpoint{id=vMbk, name=Galaxy S8 [2802]}
07-06 01:30:15.503  5426  5426 D NearbyFragment: onPayloadReceived(endpointId=vMbk, payload=com.google.android.gms.nearby.connection.Payload@a9c828b)
07-06 01:30:15.515  5426  5426 V NearbyFragment: Transfer to Endpoint{id=vMbk, name=Galaxy S8 [2802]} complete
07-06 01:30:20.341  5426  5426 V NearbyFragment: Transfer to Endpoint{id=vMbk, name=Galaxy S8 [2802]} complete
07-06 01:30:20.343  5426  5426 W NearbyFragment: Completed downloading 20200312_151044!000.mp4 from Endpoint{id=vMbk, name=Galaxy S8 [2802]} in 04.908s
07-06 01:30:20.353  5426  5426 V FileManager: External storage is readable
07-06 01:30:20.354  5426  5426 V FileManager: Created new directory: /storage/emulated/0/Movies/segment-sum/20200312_151044
07-06 01:30:20.355  5426  5426 D NearbyFragment: Summarising 20200312_151044!000.mp4
07-06 01:30:20.355  5426  5426 V VideoManager: Retrieving video from /storage/emulated/0/Download/Nearby/20200312_151044!000.mp4
07-06 01:30:20.371  5426  5426 V VideoManager: videoFromCursor
07-06 01:30:20.373  5426  5426 V ProcessingVideosEventHandler: onAdd
07-06 01:30:20.373  5426  5426 V RawFootageEventHandler: onRemove
07-06 01:30:20.406  5426  6118 V SummariserIntentService: onHandleIntent
07-06 01:30:20.407  5426  6118 D SummariserIntentService: Video{id='1594', data='/storage/emulated/0/Download/Nearby/20200312_151044!000.mp4', name='20200312_151044!000.mp4', size=16831892, visible=true, mimeType='video/mp4'}
07-06 01:30:20.407  5426  6118 D SummariserIntentService: /storage/emulated/0/Movies/segment-sum/20200312_151044/20200312_151044!000.mp4
07-06 01:30:20.409  5426  6118 I FfmpegTools: Running ffmpeg with:
07-06 01:30:20.409  5426  6118 I FfmpegTools:   -y -i /storage/emulated/0/Download/Nearby/20200312_151044!000.mp4 -vf freezedetect=n=-45.000000dB:d=1.000000,metadata=mode=print:file=/storage/emulated/0/Movies/raw/20200312_151044!000.txt -f null -
07-06 01:30:20.422  5426  5426 V NearbyFragment: Transfer to Endpoint{id=vMbk, name=Galaxy S8 [2802]} complete
07-06 01:30:20.540  5426  5844 W mobile-ffmpeg: [graph 0 input from stream 0:0 @ 0x8cfe1540] sws_param option is deprecated and ignored
07-06 01:30:26.308  5426  6118 W Summariser: No activity detected
07-06 01:30:26.310  5426  6118 V FfmpegTools: Retrieving duration of /storage/emulated/0/Download/Nearby/20200312_151044!000.mp4
07-06 01:30:26.368  5426  6118 W Summariser: Summarisation completed
07-06 01:30:26.368  5426  6118 W Summariser:   filename: 20200312_151044!000.mp4
07-06 01:30:26.368  5426  6118 W Summariser:   active sections: 0
07-06 01:30:26.368  5426  6118 W Summariser:   time: 05.902s
07-06 01:30:26.368  5426  6118 W Summariser:   original duration: 16.07
07-06 01:30:26.368  5426  6118 W Summariser:   summarised duration: -1.00
07-06 01:30:26.368  5426  6118 W Summariser:   noise tolerance: 45.00
07-06 01:30:26.368  5426  6118 W Summariser:   quality: 23
07-06 01:30:26.368  5426  6118 W Summariser:   speed: medium
07-06 01:30:26.368  5426  6118 W Summariser:   freeze duration: 1.00
07-06 01:30:26.369  5426  6118 V ProcessingVideosEventHandler: onRemove
07-06 01:30:26.399  5426  5426 V NearbyFragment: Transfer to Endpoint{id=vMbk, name=Galaxy S8 [2802]} complete
07-06 01:30:26.415  5426  5439 D SummariserIntentService: Scanned /storage/emulated/0/Movies/summarised
07-06 01:30:26.415  5426  5439 D SummariserIntentService:   -> uri=content://media/external/file/1527
07-06 01:30:26.706  5426  5426 D NearbyFragment: onPayloadReceived(endpointId=vMbk, payload=com.google.android.gms.nearby.connection.Payload@5b17380)
07-06 01:30:26.708  5426  5426 V NearbyFragment: Started downloading SUMMARISE_SEGMENT:-9192996116565867041:20200312_151044!003.mp4:45.0_1.0_23_medium from Endpoint{id=vMbk, name=Galaxy S8 [2802]}
07-06 01:30:26.794  5426  5426 V NearbyFragment: Transfer to Endpoint{id=vMbk, name=Galaxy S8 [2802]} complete
07-06 01:30:30.731  5426  5426 D NearbyFragment: onPayloadReceived(endpointId=vMbk, payload=com.google.android.gms.nearby.connection.Payload@2bf5db9)
07-06 01:30:33.973  5426  5426 V NearbyFragment: Transfer to Endpoint{id=vMbk, name=Galaxy S8 [2802]} complete
07-06 01:30:33.974  5426  5426 W NearbyFragment: Completed downloading 20200312_151044!003.mp4 from Endpoint{id=vMbk, name=Galaxy S8 [2802]} in 07.265s
07-06 01:30:33.984  5426  5426 V FileManager: External storage is readable
07-06 01:30:33.984  5426  5426 V FileManager: Directory already exists: /storage/emulated/0/Movies/segment-sum/20200312_151044
07-06 01:30:33.984  5426  5426 D NearbyFragment: Summarising 20200312_151044!003.mp4
