07-06 01:33:47.015 23426 24260 V VideoManager: Retrieving videos from /storage/emulated/0/Movies/segment/20200312_194129
07-06 01:33:47.016 23426 24260 V VideoManager: Retrieving video from /storage/emulated/0/Movies/segment/20200312_194129/20200312_194129!000.mp4
07-06 01:33:47.037 23426 24260 V VideoManager: videoFromCursor
07-06 01:33:47.040 23426 24260 V VideoManager: Retrieving video from /storage/emulated/0/Movies/segment/20200312_194129/20200312_194129!001.mp4
07-06 01:33:47.053 23426 24260 V VideoManager: videoFromCursor
07-06 01:33:47.056 23426 24260 V VideoManager: Retrieving video from /storage/emulated/0/Movies/segment/20200312_194129/20200312_194129!002.mp4
07-06 01:33:47.068 23426 24260 V VideoManager: videoFromCursor
07-06 01:33:47.071 23426 24260 V VideoManager: Retrieving video from /storage/emulated/0/Movies/segment/20200312_194129/20200312_194129!003.mp4
07-06 01:33:47.081 23426 24260 V VideoManager: videoFromCursor
07-06 01:33:47.084 23426 24260 V NearbyFragment: nextTransfer with selected algorithm: least_busy
07-06 01:33:47.085 23426 24260 W NearbyFragment: Sending 20200312_194129!000.mp4 to Nexus 5 [1825]
07-06 01:33:47.096 23426 23426 V NearbyFragment: Transfer to Endpoint{id=Rc4h, name=Nexus 5 [1825]} complete
07-06 01:33:48.086 23426 24260 V DownloadTestVideosTask: Starting DownloadTestVideosTask
07-06 01:33:48.088 23426 24260 V DashDownloadManager: Started downloading: 20200312_194229.mp4
07-06 01:33:48.090 23426 24260 I System.out: (HTTPLog)-Static: isSBSettingEnabled false
07-06 01:33:48.090 23426 24260 I System.out: (HTTPLog)-Static: isSBSettingEnabled false
07-06 01:33:48.322 23426 24260 I System.out: (HTTPLog)-Thread-3467-162026988: getTransferStream : ContentLength=69990400, method=GET, HTTPVersion=http/1.1
07-06 01:33:51.675 23426 23426 D NearbyFragment: onPayloadReceived(endpointId=Qd2N, payload=com.google.android.gms.nearby.connection.Payload@762adb5)
07-06 01:33:51.706 23426 23426 D NearbyFragment: onPayloadReceived(endpointId=Qd2N, payload=com.google.android.gms.nearby.connection.Payload@4ef4c4a)
07-06 01:33:51.707 23426 23426 V NearbyFragment: Started downloading 20200312_193828!000.mp4 from Endpoint{id=Qd2N, name=Nexus 5X [34d8]}
07-06 01:33:51.710 23426 23426 V NearbyFragment: nextTransfer with selected algorithm: least_busy
07-06 01:33:51.715 23426 23426 W NearbyFragment: Sending 20200312_194129!001.mp4 to Nexus 5X [9c8f]
07-06 01:33:51.736 23426 23426 V NearbyFragment: Transfer to Endpoint{id=TtzO, name=Nexus 5X [9c8f]} complete
07-06 01:33:51.861 23426 23426 V NearbyFragment: Transfer to Endpoint{id=Qd2N, name=Nexus 5X [34d8]} complete
07-06 01:33:52.599 23426 23426 V NearbyFragment: Transfer to Endpoint{id=Qd2N, name=Nexus 5X [34d8]} complete
07-06 01:33:52.601 23426 23426 W NearbyFragment: Completed downloading 20200312_193828!000.mp4 from Endpoint{id=Qd2N, name=Nexus 5X [34d8]} in 00.891s
07-06 01:33:52.611 23426 23426 V FileManager: External storage is readable
07-06 01:33:52.614 23426 23426 V FileManager: Created new directory: /storage/emulated/0/Movies/segment-sum/20200312_193828
07-06 01:33:52.764 23426 23426 D NearbyFragment: Received all summarised video segments of 20200312_193828
07-06 01:33:52.770 23426 23426 V FileManager: External storage is readable
07-06 01:33:52.770 23426 23426 V FileManager: Directory already exists: /storage/emulated/0/Movies/segment-sum/20200312_193828
07-06 01:33:52.771 23426 23426 D FfmpegTools: Merging /storage/emulated/0/Movies/summarised/20200312_193828.mp4
07-06 01:33:52.771 23426 23426 V FfmpegTools: Retrieving duration of /storage/emulated/0/Movies/segment-sum/20200312_193828/20200312_193828!000.mp4
07-06 01:33:52.802 23426 24280 I mobile-ffmpeg: Input #0, mov,mp4,m4a,3gp,3g2,mj2, from '/storage/emulated/0/Movies/segment-sum/20200312_193828/20200312_193828!000.mp4':
07-06 01:33:52.803 23426 24280 I mobile-ffmpeg:   Metadata:
07-06 01:33:52.803 23426 24280 I mobile-ffmpeg:     major_brand     : 
07-06 01:33:52.803 23426 24280 I mobile-ffmpeg: isom
07-06 01:33:52.803 23426 24280 I mobile-ffmpeg: 
07-06 01:33:52.803 23426 24280 I mobile-ffmpeg:     minor_version   : 
07-06 01:33:52.803 23426 24280 I mobile-ffmpeg: 512
07-06 01:33:52.803 23426 24280 I mobile-ffmpeg: 
07-06 01:33:52.803 23426 24280 I mobile-ffmpeg:     compatible_brands: 
07-06 01:33:52.803 23426 24280 I mobile-ffmpeg: isomiso2avc1mp41
07-06 01:33:52.803 23426 24280 I mobile-ffmpeg: 
07-06 01:33:52.803 23426 24280 I mobile-ffmpeg:     encoder         : 
07-06 01:33:52.804 23426 24280 I mobile-ffmpeg: Lavf58.42.100
07-06 01:33:52.804 23426 24280 I mobile-ffmpeg: 
07-06 01:33:52.804 23426 24280 I mobile-ffmpeg:   Duration: 
07-06 01:33:52.804 23426 24280 I mobile-ffmpeg: 00:00:14.28
07-06 01:33:52.804 23426 24280 I mobile-ffmpeg: , start: 
07-06 01:33:52.804 23426 24280 I mobile-ffmpeg: 0.000000
07-06 01:33:52.804 23426 24280 I mobile-ffmpeg: , bitrate: 
07-06 01:33:52.804 23426 24280 I mobile-ffmpeg: 1365 kb/s
07-06 01:33:52.804 23426 24280 I mobile-ffmpeg: 
07-06 01:33:52.804 23426 24280 I mobile-ffmpeg:     Stream #0:0
07-06 01:33:52.804 23426 24280 I mobile-ffmpeg: (und)
07-06 01:33:52.804 23426 24280 I mobile-ffmpeg: : Video: h264 (avc1 / 0x31637661), yuvj420p(pc), 1280x720, 1280 kb/s
07-06 01:33:52.804 23426 24280 I mobile-ffmpeg: , 
07-06 01:33:52.804 23426 24280 I mobile-ffmpeg: 29.97 fps, 
07-06 01:33:52.804 23426 24280 I mobile-ffmpeg: 29.97 tbr, 
07-06 01:33:52.804 23426 24280 I mobile-ffmpeg: 30k tbn, 
07-06 01:33:52.804 23426 24280 I mobile-ffmpeg: 59.94 tbc
07-06 01:33:52.805 23426 24280 I mobile-ffmpeg:  (default)
07-06 01:33:52.805 23426 24280 I mobile-ffmpeg: 
07-06 01:33:52.805 23426 24280 I mobile-ffmpeg:     Metadata:
07-06 01:33:52.805 23426 24280 I mobile-ffmpeg:       handler_name    : 
07-06 01:33:52.805 23426 24280 I mobile-ffmpeg: VideoHandler
07-06 01:33:52.805 23426 24280 I mobile-ffmpeg: 
07-06 01:33:52.805 23426 24280 I mobile-ffmpeg:     Stream #0:1
07-06 01:33:52.805 23426 24280 I mobile-ffmpeg: (und)
07-06 01:33:52.805 23426 24280 I mobile-ffmpeg: : Audio: aac (mp4a / 0x6134706D), 16000 Hz, stereo, fltp, 85 kb/s
07-06 01:33:52.805 23426 24280 I mobile-ffmpeg:  (default)
07-06 01:33:52.805 23426 24280 I mobile-ffmpeg: 
07-06 01:33:52.806 23426 24280 I mobile-ffmpeg:     Metadata:
07-06 01:33:52.806 23426 24280 I mobile-ffmpeg:       handler_name    : 
07-06 01:33:52.806 23426 24280 I mobile-ffmpeg: SoundHandler
07-06 01:33:52.806 23426 24280 I mobile-ffmpeg: 
07-06 01:33:52.812 23426 23426 W FfmpegTools: Single segment returned, duration of 20200312_193828: 14.28
07-06 01:33:52.942 23426 23426 V VideoManager: Retrieving video from /storage/emulated/0/Movies/summarised/20200312_193828.mp4
07-06 01:33:52.949 23426 23426 V VideoManager: videoFromCursor
07-06 01:33:52.952 23426 23426 V SummarisedVideosEventHandler: onAdd
07-06 01:33:52.952 23426 23426 V RawFootageEventHandler: removeByName
07-06 01:33:52.953 23426 23426 V ProcessingVideosEventHandler: removeByName
07-06 01:33:52.953 23426 23426 V NearbyFragment: Removing video segment map for 20200312_193828
07-06 01:33:53.242 23426 23426 V NearbyFragment: Transfer to Endpoint{id=Rc4h, name=Nexus 5 [1825]} complete
07-06 01:33:53.535 23426 23426 D NearbyFragment: onPayloadReceived(endpointId=Rc4h, payload=com.google.android.gms.nearby.connection.Payload@ca3cdd)
07-06 01:33:53.536 23426 23426 D NearbyFragment: Endpoint{id=Rc4h, name=Nexus 5 [1825]} has finished downloading 20200312_194129!000.mp4
07-06 01:33:53.537 23426 23426 V NearbyFragment: nextTransfer with selected algorithm: least_busy
07-06 01:33:53.540 23426 23426 W NearbyFragment: Sending 20200312_194129!002.mp4 to Nexus 5X [34d8]
07-06 01:33:53.543 23426 23426 V NearbyFragment: Transfer to Endpoint{id=Rc4h, name=Nexus 5 [1825]} complete
07-06 01:33:53.554 23426 23426 V NearbyFragment: Transfer to Endpoint{id=Qd2N, name=Nexus 5X [34d8]} complete
07-06 01:33:56.852 23426 23426 D NearbyFragment: onPayloadReceived(endpointId=Qd2N, payload=com.google.android.gms.nearby.connection.Payload@29c7c20)
07-06 01:33:56.853 23426 23426 D NearbyFragment: 20200312_193928!002.mp4 from Endpoint{id=Qd2N, name=Nexus 5X [34d8]} contained no activity
07-06 01:33:56.854 23426 23426 D NearbyFragment: Received all summarised video segments of 20200312_193928
07-06 01:33:56.862 23426 23426 V FileManager: External storage is readable
07-06 01:33:56.866 23426 23426 V FileManager: Created new directory: /storage/emulated/0/Movies/segment-sum/20200312_193928
07-06 01:33:56.869 23426 23426 D FfmpegTools: Merging /storage/emulated/0/Movies/summarised/20200312_193928.mp4
07-06 01:33:56.869 23426 23426 D FfmpegTools: No split videos to merge
07-06 01:33:56.869 23426 23426 V RawFootageEventHandler: removeByName
07-06 01:33:56.872 23426 23426 V ProcessingVideosEventHandler: removeByName
07-06 01:33:56.873 23426 23426 V NearbyFragment: Removing video segment map for 20200312_193928
07-06 01:33:56.875 23426 23426 V NearbyFragment: nextTransfer with selected algorithm: least_busy
07-06 01:33:56.879 23426 23426 W NearbyFragment: Sending 20200312_194129!003.mp4 to Nexus 5X [34d8]
07-06 01:33:56.902 23426 23426 V NearbyFragment: Transfer to Endpoint{id=Qd2N, name=Nexus 5X [34d8]} complete
07-06 01:33:56.957 23426 23426 V NearbyFragment: Transfer to Endpoint{id=Qd2N, name=Nexus 5X [34d8]} complete
07-06 01:33:58.915 23426 23426 V NearbyFragment: Transfer to Endpoint{id=TtzO, name=Nexus 5X [9c8f]} complete
07-06 01:33:59.264 23426 23426 D NearbyFragment: onPayloadReceived(endpointId=TtzO, payload=com.google.android.gms.nearby.connection.Payload@ffd2a95)
07-06 01:33:59.265 23426 23426 D NearbyFragment: Endpoint{id=TtzO, name=Nexus 5X [9c8f]} has finished downloading 20200312_194129!001.mp4
07-06 01:33:59.266 23426 23426 I NearbyFragment: Transfer queue is empty
07-06 01:33:59.306 23426 23426 V NearbyFragment: Transfer to Endpoint{id=TtzO, name=Nexus 5X [9c8f]} complete
07-06 01:34:00.560 23426 23426 D NearbyFragment: onPayloadReceived(endpointId=Rc4h, payload=com.google.android.gms.nearby.connection.Payload@602b7aa)
07-06 01:34:00.561 23426 23426 D NearbyFragment: 20200312_194129!000.mp4 from Endpoint{id=Rc4h, name=Nexus 5 [1825]} contained no activity
07-06 01:34:00.562 23426 23426 V NearbyFragment: Received a segment of 20200312_194129
07-06 01:34:00.563 23426 23426 I NearbyFragment: Transfer queue is empty
07-06 01:34:00.566 23426 23426 V NearbyFragment: Transfer to Endpoint{id=Rc4h, name=Nexus 5 [1825]} complete
07-06 01:34:03.823 23426 23426 V NearbyFragment: Transfer to Endpoint{id=Qd2N, name=Nexus 5X [34d8]} complete
07-06 01:34:04.104 23426 23426 D NearbyFragment: onPayloadReceived(endpointId=Qd2N, payload=com.google.android.gms.nearby.connection.Payload@a9a2f9b)
07-06 01:34:04.104 23426 23426 D NearbyFragment: Endpoint{id=Qd2N, name=Nexus 5X [34d8]} has finished downloading 20200312_194129!002.mp4
07-06 01:34:04.106 23426 23426 I NearbyFragment: Transfer queue is empty
07-06 01:34:04.563 23426 23426 V NearbyFragment: Transfer to Endpoint{id=Qd2N, name=Nexus 5X [34d8]} complete
07-06 01:34:10.793 23426 23426 D NearbyFragment: onPayloadReceived(endpointId=TtzO, payload=com.google.android.gms.nearby.connection.Payload@b09af38)
07-06 01:34:10.794 23426 23426 V NearbyFragment: Started downloading 20200312_194129!001.mp4 from Endpoint{id=TtzO, name=Nexus 5X [9c8f]}
07-06 01:34:10.797 23426 23426 I NearbyFragment: Transfer queue is empty
07-06 01:34:10.802 23426 23426 V NearbyFragment: Transfer to Endpoint{id=TtzO, name=Nexus 5X [9c8f]} complete
07-06 01:34:11.393 23426 23426 V NearbyFragment: Transfer to Endpoint{id=Qd2N, name=Nexus 5X [34d8]} complete
07-06 01:34:12.582 23426 23426 D NearbyFragment: onPayloadReceived(endpointId=Qd2N, payload=com.google.android.gms.nearby.connection.Payload@3d2db11)
07-06 01:34:12.583 23426 23426 D NearbyFragment: Endpoint{id=Qd2N, name=Nexus 5X [34d8]} has finished downloading 20200312_194129!003.mp4
07-06 01:34:12.583 23426 23426 I NearbyFragment: Transfer queue is empty
07-06 01:34:12.634 23426 23426 V NearbyFragment: Transfer to Endpoint{id=Qd2N, name=Nexus 5X [34d8]} complete
07-06 01:34:12.644 23426 23426 D NearbyFragment: onPayloadReceived(endpointId=TtzO, payload=com.google.android.gms.nearby.connection.Payload@faca476)
07-06 01:34:12.841 23426 23426 V NearbyFragment: Transfer to Endpoint{id=TtzO, name=Nexus 5X [9c8f]} complete
07-06 01:34:12.843 23426 23426 W NearbyFragment: Completed downloading 20200312_194129!001.mp4 from Endpoint{id=TtzO, name=Nexus 5X [9c8f]} in 02.047s
07-06 01:34:12.852 23426 23426 V FileManager: External storage is readable
07-06 01:34:12.855 23426 23426 V FileManager: Created new directory: /storage/emulated/0/Movies/segment-sum/20200312_194129
07-06 01:34:12.886 23426 23426 V NearbyFragment: Received a segment of 20200312_194129
07-06 01:34:18.347 23426 24260 V VideoManager: Retrieving video from /storage/emulated/0/Movies/raw/20200312_194229.mp4
07-06 01:34:18.378 23426 24260 D VideoManager: videoCursor is null
07-06 01:34:18.479 23426 24260 V VideoManager: videoFromCursor
07-06 01:34:18.484 23426 24260 W DashDownloadManager: Successfully downloaded 20200312_194229.mp4 in 30.258s
07-06 01:34:18.484 23426 24260 V DownloadTestVideosTask: Entering callback for download completion of 20200312_194229.mp4
07-06 01:34:18.485 23426 24260 V RawFootageEventHandler: onAdd
07-06 01:34:18.487 23426 24260 V FfmpegTools: Retrieving duration of /storage/emulated/0/Movies/raw/20200312_194229.mp4
07-06 01:34:18.496 23426 24280 W mobile-ffmpeg: [mov,mp4,m4a,3gp,3g2,mj2 @ 0x78d5fa6e00] Found duplicated MOOV Atom. Skipped it
07-06 01:34:18.577 23426 24280 I mobile-ffmpeg: Input #0, mov,mp4,m4a,3gp,3g2,mj2, from '/storage/emulated/0/Movies/raw/20200312_194229.mp4':
07-06 01:34:18.577 23426 24280 I mobile-ffmpeg:   Metadata:
07-06 01:34:18.577 23426 24280 I mobile-ffmpeg:     creation_time   : 
07-06 01:34:18.578 23426 24280 I mobile-ffmpeg: 2020-03-12T08:43:29.000000Z
07-06 01:34:18.578 23426 24280 I mobile-ffmpeg: 
07-06 01:34:18.578 23426 24280 I mobile-ffmpeg:     major_brand     : 
07-06 01:34:18.578 23426 24280 I mobile-ffmpeg: mp42
07-06 01:34:18.578 23426 24280 I mobile-ffmpeg: 
07-06 01:34:18.578 23426 24280 I mobile-ffmpeg:     minor_version   : 
07-06 01:34:18.578 23426 24280 I mobile-ffmpeg: 1
07-06 01:34:18.578 23426 24280 I mobile-ffmpeg: 
07-06 01:34:18.578 23426 24280 I mobile-ffmpeg:     compatible_brands: 
07-06 01:34:18.578 23426 24280 I mobile-ffmpeg: mp42mp42
07-06 01:34:18.578 23426 24280 I mobile-ffmpeg: 
07-06 01:34:18.578 23426 24280 I mobile-ffmpeg:   Duration: 
07-06 01:34:18.578 23426 24280 I mobile-ffmpeg: 00:01:00.02
07-06 01:34:18.578 23426 24280 I mobile-ffmpeg: , start: 
07-06 01:34:18.578 23426 24280 I mobile-ffmpeg: 0.000000
07-06 01:34:18.578 23426 24280 I mobile-ffmpeg: , bitrate: 
07-06 01:34:18.578 23426 24280 I mobile-ffmpeg: 9328 kb/s
07-06 01:34:18.578 23426 24280 I mobile-ffmpeg: 
07-06 01:34:18.578 23426 24280 I mobile-ffmpeg:     Stream #0:0
07-06 01:34:18.578 23426 24280 I mobile-ffmpeg: (eng)
07-06 01:34:18.578 23426 24280 I mobile-ffmpeg: : Video: h264 (avc1 / 0x31637661), yuvj420p(pc, bt709), 1280x720, 8399 kb/s
07-06 01:34:18.578 23426 24280 I mobile-ffmpeg: , 
07-06 01:34:18.578 23426 24280 I mobile-ffmpeg: 29.97 fps, 
07-06 01:34:18.578 23426 24280 I mobile-ffmpeg: 29.97 tbr, 
07-06 01:34:18.578 23426 24280 I mobile-ffmpeg: 1k tbn, 
07-06 01:34:18.578 23426 24280 I mobile-ffmpeg: 2k tbc
07-06 01:34:18.578 23426 24280 I mobile-ffmpeg:  (default)
07-06 01:34:18.578 23426 24280 I mobile-ffmpeg: 
07-06 01:34:18.578 23426 24280 I mobile-ffmpeg:     Metadata:
07-06 01:34:18.578 23426 24280 I mobile-ffmpeg:       creation_time   : 
07-06 01:34:18.578 23426 24280 I mobile-ffmpeg: 2020-03-12T08:43:29.000000Z
07-06 01:34:18.579 23426 24280 I mobile-ffmpeg: 
07-06 01:34:18.579 23426 24280 I mobile-ffmpeg:       handler_name    : 
07-06 01:34:18.579 23426 24280 I mobile-ffmpeg: PittaSoft Video Media Handler
07-06 01:34:18.579 23426 24280 I mobile-ffmpeg: 
07-06 01:34:18.579 23426 24280 I mobile-ffmpeg:     Stream #0:1
07-06 01:34:18.579 23426 24280 I mobile-ffmpeg: (eng)
07-06 01:34:18.579 23426 24280 I mobile-ffmpeg: : Audio: aac (mp4a / 0x6134706D), 16000 Hz, stereo, fltp, 47 kb/s
07-06 01:34:18.579 23426 24280 I mobile-ffmpeg:  (default)
07-06 01:34:18.579 23426 24280 I mobile-ffmpeg: 
07-06 01:34:18.579 23426 24280 I mobile-ffmpeg:     Metadata:
07-06 01:34:18.579 23426 24280 I mobile-ffmpeg:       creation_time   : 
07-06 01:34:18.579 23426 24280 I mobile-ffmpeg: 2020-03-12T08:43:29.000000Z
07-06 01:34:18.579 23426 24280 I mobile-ffmpeg: 
07-06 01:34:18.579 23426 24280 I mobile-ffmpeg:       handler_name    : 
07-06 01:34:18.579 23426 24280 I mobile-ffmpeg: PittaSoft Sound Media Handler
07-06 01:34:18.579 23426 24280 I mobile-ffmpeg: 
07-06 01:34:18.593 23426 24260 V FileManager: External storage is readable
07-06 01:34:18.594 23426 24260 V FileManager: Created new directory: /storage/emulated/0/Movies/segment/20200312_194229
07-06 01:34:18.594 23426 24260 V FfmpegTools: Splitting /storage/emulated/0/Movies/raw/20200312_194229.mp4 with 16s long segments
07-06 01:34:18.595 23426 24260 I FfmpegTools: Running ffmpeg with:
07-06 01:34:18.595 23426 24260 I FfmpegTools:   -y -i /storage/emulated/0/Movies/raw/20200312_194229.mp4 -map 0 -c copy -f segment -reset_timestamps 1 -segment_time 16 /storage/emulated/0/Movies/segment/20200312_194229/20200312_194229!%03d.mp4
07-06 01:34:18.604 23426 24280 W mobile-ffmpeg: [mov,mp4,m4a,3gp,3g2,mj2 @ 0x78d5fa6e00] Found duplicated MOOV Atom. Skipped it
07-06 01:34:18.665 23426 24280 I mobile-ffmpeg: Input #0, mov,mp4,m4a,3gp,3g2,mj2, from '/storage/emulated/0/Movies/raw/20200312_194229.mp4':
07-06 01:34:18.665 23426 24280 I mobile-ffmpeg:   Metadata:
07-06 01:34:18.665 23426 24280 I mobile-ffmpeg:     creation_time   : 
07-06 01:34:18.665 23426 24280 I mobile-ffmpeg: 2020-03-12T08:43:29.000000Z
07-06 01:34:18.665 23426 24280 I mobile-ffmpeg: 
07-06 01:34:18.665 23426 24280 I mobile-ffmpeg:     major_brand     : 
07-06 01:34:18.665 23426 24280 I mobile-ffmpeg: mp42
07-06 01:34:18.665 23426 24280 I mobile-ffmpeg: 
07-06 01:34:18.665 23426 24280 I mobile-ffmpeg:     minor_version   : 
07-06 01:34:18.666 23426 24280 I mobile-ffmpeg: 1
07-06 01:34:18.666 23426 24280 I mobile-ffmpeg: 
07-06 01:34:18.666 23426 24280 I mobile-ffmpeg:     compatible_brands: 
07-06 01:34:18.666 23426 24280 I mobile-ffmpeg: mp42mp42
07-06 01:34:18.666 23426 24280 I mobile-ffmpeg: 
07-06 01:34:18.666 23426 24280 I mobile-ffmpeg:   Duration: 
07-06 01:34:18.666 23426 24280 I mobile-ffmpeg: 00:01:00.02
07-06 01:34:18.666 23426 24280 I mobile-ffmpeg: , start: 
07-06 01:34:18.666 23426 24280 I mobile-ffmpeg: 0.000000
07-06 01:34:18.666 23426 24280 I mobile-ffmpeg: , bitrate: 
07-06 01:34:18.666 23426 24280 I mobile-ffmpeg: 9328 kb/s
07-06 01:34:18.666 23426 24280 I mobile-ffmpeg: 
07-06 01:34:18.666 23426 24280 I mobile-ffmpeg:     Stream #0:0
07-06 01:34:18.666 23426 24280 I mobile-ffmpeg: (eng)
07-06 01:34:18.666 23426 24280 I mobile-ffmpeg: : Video: h264 (avc1 / 0x31637661), yuvj420p(pc, bt709), 1280x720, 8399 kb/s
07-06 01:34:18.666 23426 24280 I mobile-ffmpeg: , 
07-06 01:34:18.666 23426 24280 I mobile-ffmpeg: 29.97 fps, 
07-06 01:34:18.666 23426 24280 I mobile-ffmpeg: 29.97 tbr, 
07-06 01:34:18.666 23426 24280 I mobile-ffmpeg: 1k tbn, 
07-06 01:34:18.666 23426 24280 I mobile-ffmpeg: 2k tbc
07-06 01:34:18.666 23426 24280 I mobile-ffmpeg:  (default)
07-06 01:34:18.666 23426 24280 I mobile-ffmpeg: 
07-06 01:34:18.666 23426 24280 I mobile-ffmpeg:     Metadata:
07-06 01:34:18.666 23426 24280 I mobile-ffmpeg:       creation_time   : 
07-06 01:34:18.666 23426 24280 I mobile-ffmpeg: 2020-03-12T08:43:29.000000Z
07-06 01:34:18.666 23426 24280 I mobile-ffmpeg: 
07-06 01:34:18.666 23426 24280 I mobile-ffmpeg:       handler_name    : 
07-06 01:34:18.666 23426 24280 I mobile-ffmpeg: PittaSoft Video Media Handler
07-06 01:34:18.666 23426 24280 I mobile-ffmpeg: 
07-06 01:34:18.666 23426 24280 I mobile-ffmpeg:     Stream #0:1
07-06 01:34:18.666 23426 24280 I mobile-ffmpeg: (eng)
07-06 01:34:18.666 23426 24280 I mobile-ffmpeg: : Audio: aac (mp4a / 0x6134706D), 16000 Hz, stereo, fltp, 47 kb/s
07-06 01:34:18.667 23426 24280 I mobile-ffmpeg:  (default)
07-06 01:34:18.667 23426 24280 I mobile-ffmpeg: 
07-06 01:34:18.667 23426 24280 I mobile-ffmpeg:     Metadata:
07-06 01:34:18.667 23426 24280 I mobile-ffmpeg:       creation_time   : 
07-06 01:34:18.667 23426 24280 I mobile-ffmpeg: 2020-03-12T08:43:29.000000Z
07-06 01:34:18.667 23426 24280 I mobile-ffmpeg: 
07-06 01:34:18.667 23426 24280 I mobile-ffmpeg:       handler_name    : 
07-06 01:34:18.667 23426 24280 I mobile-ffmpeg: PittaSoft Sound Media Handler
07-06 01:34:18.667 23426 24280 I mobile-ffmpeg: 
07-06 01:34:18.667 23426 24280 I mobile-ffmpeg: [segment @ 0x78d65c2600] Opening '/storage/emulated/0/Movies/segment/20200312_194229/20200312_194229!000.mp4' for writing
07-06 01:34:18.667 23426 24280 I mobile-ffmpeg: Output #0, segment, to '/storage/emulated/0/Movies/segment/20200312_194229/20200312_194229!%03d.mp4':
07-06 01:34:18.667 23426 24280 I mobile-ffmpeg:   Metadata:
07-06 01:34:18.667 23426 24280 I mobile-ffmpeg:     compatible_brands: 
07-06 01:34:18.667 23426 24280 I mobile-ffmpeg: mp42mp42
07-06 01:34:18.667 23426 24280 I mobile-ffmpeg: 
07-06 01:34:18.667 23426 24280 I mobile-ffmpeg:     major_brand     : 
07-06 01:34:18.667 23426 24280 I mobile-ffmpeg: mp42
07-06 01:34:18.667 23426 24280 I mobile-ffmpeg: 
07-06 01:34:18.667 23426 24280 I mobile-ffmpeg:     minor_version   : 
07-06 01:34:18.667 23426 24280 I mobile-ffmpeg: 1
07-06 01:34:18.667 23426 24280 I mobile-ffmpeg: 
07-06 01:34:18.667 23426 24280 I mobile-ffmpeg:     encoder         : 
07-06 01:34:18.667 23426 24280 I mobile-ffmpeg: Lavf58.42.100
07-06 01:34:18.667 23426 24280 I mobile-ffmpeg: 
07-06 01:34:18.667 23426 24280 I mobile-ffmpeg:     Stream #0:0
07-06 01:34:18.667 23426 24280 I mobile-ffmpeg: (eng)
07-06 01:34:18.667 23426 24280 I mobile-ffmpeg: : Video: h264 (avc1 / 0x31637661), yuvj420p(pc, bt709), 1280x720, q=2-31, 8399 kb/s
07-06 01:34:18.667 23426 24280 I mobile-ffmpeg: , 
07-06 01:34:18.667 23426 24280 I mobile-ffmpeg: 29.97 fps, 
07-06 01:34:18.667 23426 24280 I mobile-ffmpeg: 29.97 tbr, 
07-06 01:34:18.667 23426 24280 I mobile-ffmpeg: 16k tbn, 
07-06 01:34:18.667 23426 24280 I mobile-ffmpeg: 1k tbc
07-06 01:34:18.668 23426 24280 I mobile-ffmpeg:  (default)
07-06 01:34:18.668 23426 24280 I mobile-ffmpeg: 
07-06 01:34:18.668 23426 24280 I mobile-ffmpeg:     Metadata:
07-06 01:34:18.668 23426 24280 I mobile-ffmpeg:       creation_time   : 
07-06 01:34:18.668 23426 24280 I mobile-ffmpeg: 2020-03-12T08:43:29.000000Z
07-06 01:34:18.668 23426 24280 I mobile-ffmpeg: 
07-06 01:34:18.668 23426 24280 I mobile-ffmpeg:       handler_name    : 
07-06 01:34:18.668 23426 24280 I mobile-ffmpeg: PittaSoft Video Media Handler
07-06 01:34:18.668 23426 24280 I mobile-ffmpeg: 
07-06 01:34:18.668 23426 24280 I mobile-ffmpeg:     Stream #0:1
07-06 01:34:18.668 23426 24280 I mobile-ffmpeg: (eng)
07-06 01:34:18.668 23426 24280 I mobile-ffmpeg: : Audio: aac (mp4a / 0x6134706D), 16000 Hz, stereo, fltp, 47 kb/s
07-06 01:34:18.668 23426 24280 I mobile-ffmpeg:  (default)
07-06 01:34:18.668 23426 24280 I mobile-ffmpeg: 
07-06 01:34:18.668 23426 24280 I mobile-ffmpeg:     Metadata:
07-06 01:34:18.668 23426 24280 I mobile-ffmpeg:       creation_time   : 
07-06 01:34:18.668 23426 24280 I mobile-ffmpeg: 2020-03-12T08:43:29.000000Z
07-06 01:34:18.668 23426 24280 I mobile-ffmpeg: 
07-06 01:34:18.668 23426 24280 I mobile-ffmpeg:       handler_name    : 
07-06 01:34:18.668 23426 24280 I mobile-ffmpeg: PittaSoft Sound Media Handler
07-06 01:34:18.668 23426 24280 I mobile-ffmpeg: 
07-06 01:34:18.668 23426 24280 I mobile-ffmpeg: Stream mapping:
07-06 01:34:18.668 23426 24280 I mobile-ffmpeg:   Stream #0:0 -> #0:0
07-06 01:34:18.668 23426 24280 I mobile-ffmpeg:  (copy)
07-06 01:34:18.668 23426 24280 I mobile-ffmpeg: 
07-06 01:34:18.668 23426 24280 I mobile-ffmpeg:   Stream #0:1 -> #0:1
07-06 01:34:18.668 23426 24280 I mobile-ffmpeg:  (copy)
07-06 01:34:18.668 23426 24280 I mobile-ffmpeg: 
07-06 01:34:18.668 23426 24280 I mobile-ffmpeg: Press [q] to stop, [?] for help
07-06 01:34:18.669 23426 24280 I mobile-ffmpeg: frame=    1 fps=0.0 q=-1.0 size=N/A time=00:00:00.00 bitrate=N/A speed=31.5x    
07-06 01:34:18.759 23426 24280 I mobile-ffmpeg: [segment @ 0x78d65c2600] Opening '/storage/emulated/0/Movies/segment/20200312_194229/20200312_194229!001.mp4' for writing
07-06 01:34:18.832 23426 24280 I mobile-ffmpeg: [segment @ 0x78d65c2600] Opening '/storage/emulated/0/Movies/segment/20200312_194229/20200312_194229!002.mp4' for writing
07-06 01:34:18.887 23426 24280 I mobile-ffmpeg: [segment @ 0x78d65c2600] Opening '/storage/emulated/0/Movies/segment/20200312_194229/20200312_194229!003.mp4' for writing
07-06 01:34:18.927 23426 24280 I mobile-ffmpeg: frame= 1800 fps=0.0 q=-1.0 Lsize=N/A time=00:01:00.01 bitrate=N/A speed= 232x    
07-06 01:34:18.927 23426 24280 I mobile-ffmpeg: video:61542kB audio:345kB subtitle:0kB other streams:0kB global headers:0kB muxing overhead: 
07-06 01:34:18.927 23426 24280 I mobile-ffmpeg: unknown
07-06 01:34:18.927 23426 24280 I mobile-ffmpeg: 
07-06 01:34:18.931 23426 24260 V FileManager: External storage is readable
07-06 01:34:18.931 23426 24260 V FileManager: Directory already exists: /storage/emulated/0/Movies/segment/20200312_194229
07-06 01:34:18.932 23426 24260 V VideoManager: Retrieving videos from /storage/emulated/0/Movies/segment/20200312_194229
07-06 01:34:18.932 23426 24260 V VideoManager: Retrieving video from /storage/emulated/0/Movies/segment/20200312_194229/20200312_194229!000.mp4
07-06 01:34:18.947 23426 24260 V VideoManager: videoFromCursor
07-06 01:34:18.952 23426 24260 V VideoManager: Retrieving video from /storage/emulated/0/Movies/segment/20200312_194229/20200312_194229!001.mp4
07-06 01:34:18.962 23426 24260 V VideoManager: videoFromCursor
07-06 01:34:18.964 23426 24260 V VideoManager: Retrieving video from /storage/emulated/0/Movies/segment/20200312_194229/20200312_194229!002.mp4
07-06 01:34:18.973 23426 24260 V VideoManager: videoFromCursor
07-06 01:34:18.976 23426 24260 V VideoManager: Retrieving video from /storage/emulated/0/Movies/segment/20200312_194229/20200312_194229!003.mp4
07-06 01:34:18.986 23426 24260 V VideoManager: videoFromCursor
07-06 01:34:18.989 23426 24260 V NearbyFragment: nextTransfer with selected algorithm: least_busy
07-06 01:34:18.990 23426 24260 W NearbyFragment: Sending 20200312_194229!000.mp4 to Nexus 5 [1825]
07-06 01:34:18.995 23426 23426 V NearbyFragment: Transfer to Endpoint{id=Rc4h, name=Nexus 5 [1825]} complete
07-06 01:34:19.991 23426 24260 V DownloadTestVideosTask: Starting DownloadTestVideosTask
07-06 01:34:19.992 23426 24260 V DashDownloadManager: Started downloading: 20200312_194330.mp4
07-06 01:34:19.994 23426 24260 I System.out: (HTTPLog)-Static: isSBSettingEnabled false
07-06 01:34:19.994 23426 24260 I System.out: (HTTPLog)-Static: isSBSettingEnabled false
07-06 01:34:20.082 23426 24260 I System.out: (HTTPLog)-Thread-3467-87462402: getTransferStream : ContentLength=69990400, method=GET, HTTPVersion=http/1.1
07-06 01:34:24.578 23426 23426 V NearbyFragment: Transfer to Endpoint{id=Rc4h, name=Nexus 5 [1825]} complete
07-06 01:34:24.878 23426 23426 D NearbyFragment: onPayloadReceived(endpointId=Rc4h, payload=com.google.android.gms.nearby.connection.Payload@844f713)
07-06 01:34:24.879 23426 23426 D NearbyFragment: Endpoint{id=Rc4h, name=Nexus 5 [1825]} has finished downloading 20200312_194229!000.mp4
07-06 01:34:24.879 23426 23426 V NearbyFragment: nextTransfer with selected algorithm: least_busy
07-06 01:34:24.881 23426 23426 W NearbyFragment: Sending 20200312_194229!001.mp4 to Nexus 5X [9c8f]
07-06 01:34:24.897 23426 23426 V NearbyFragment: Transfer to Endpoint{id=TtzO, name=Nexus 5X [9c8f]} complete
07-06 01:34:24.938 23426 23426 V NearbyFragment: Transfer to Endpoint{id=Rc4h, name=Nexus 5 [1825]} complete
07-06 01:34:27.844 23426 23426 V NearbyFragment: Transfer to Endpoint{id=TtzO, name=Nexus 5X [9c8f]} complete
07-06 01:34:28.092 23426 23426 D NearbyFragment: onPayloadReceived(endpointId=TtzO, payload=com.google.android.gms.nearby.connection.Payload@97fcc4e)
07-06 01:34:28.092 23426 23426 D NearbyFragment: Endpoint{id=TtzO, name=Nexus 5X [9c8f]} has finished downloading 20200312_194229!001.mp4
07-06 01:34:28.093 23426 23426 V NearbyFragment: nextTransfer with selected algorithm: least_busy
07-06 01:34:28.094 23426 23426 W NearbyFragment: Sending 20200312_194229!002.mp4 to Nexus 5 [1825]
07-06 01:34:28.112 23426 23426 V NearbyFragment: Transfer to Endpoint{id=Rc4h, name=Nexus 5 [1825]} complete
07-06 01:34:28.141 23426 23426 V NearbyFragment: Transfer to Endpoint{id=TtzO, name=Nexus 5X [9c8f]} complete
07-06 01:34:29.076 23426 23435 W System  : A resource failed to call close. 
07-06 01:34:29.148 23426 23435 I chatty  : uid=10568(com.example.edgesum) FinalizerDaemon identical 68 lines
07-06 01:34:29.149 23426 23435 W System  : A resource failed to call close. 
07-06 01:34:32.504 23426 23426 V NearbyFragment: Transfer to Endpoint{id=Rc4h, name=Nexus 5 [1825]} complete
07-06 01:34:32.719 23426 23426 D NearbyFragment: onPayloadReceived(endpointId=Rc4h, payload=com.google.android.gms.nearby.connection.Payload@a7ee305)
07-06 01:34:32.720 23426 23426 D NearbyFragment: Endpoint{id=Rc4h, name=Nexus 5 [1825]} has finished downloading 20200312_194229!002.mp4
07-06 01:34:32.721 23426 23426 V NearbyFragment: nextTransfer with selected algorithm: least_busy
07-06 01:34:32.723 23426 23426 W NearbyFragment: Sending 20200312_194229!003.mp4 to Nexus 5X [9c8f]
07-06 01:34:32.762 23426 23426 V NearbyFragment: Transfer to Endpoint{id=TtzO, name=Nexus 5X [9c8f]} complete
07-06 01:34:32.767 23426 23426 V NearbyFragment: Transfer to Endpoint{id=Rc4h, name=Nexus 5 [1825]} complete
07-06 01:34:35.312 23426 23426 V NearbyFragment: Transfer to Endpoint{id=TtzO, name=Nexus 5X [9c8f]} complete
07-06 01:34:35.860 23426 23426 D NearbyFragment: onPayloadReceived(endpointId=TtzO, payload=com.google.android.gms.nearby.connection.Payload@ae35668)
07-06 01:34:35.861 23426 23426 D NearbyFragment: Endpoint{id=TtzO, name=Nexus 5X [9c8f]} has finished downloading 20200312_194229!003.mp4
07-06 01:34:35.862 23426 23426 I NearbyFragment: Transfer queue is empty
07-06 01:34:35.875 23426 23426 V NearbyFragment: Transfer to Endpoint{id=TtzO, name=Nexus 5X [9c8f]} complete
07-06 01:34:36.783 23426 23426 D NearbyFragment: onPayloadReceived(endpointId=Qd2N, payload=com.google.android.gms.nearby.connection.Payload@38faa81)
07-06 01:34:36.784 23426 23426 V NearbyFragment: Started downloading 20200312_194129!002.mp4 from Endpoint{id=Qd2N, name=Nexus 5X [34d8]}
07-06 01:34:36.785 23426 23426 I NearbyFragment: Transfer queue is empty
07-06 01:34:36.787 23426 23426 V NearbyFragment: Transfer to Endpoint{id=Qd2N, name=Nexus 5X [34d8]} complete
07-06 01:34:36.836 23426 23426 D NearbyFragment: onPayloadReceived(endpointId=Qd2N, payload=com.google.android.gms.nearby.connection.Payload@ae51726)
07-06 01:34:37.263 23426 23426 V NearbyFragment: Transfer to Endpoint{id=Qd2N, name=Nexus 5X [34d8]} complete
07-06 01:34:37.264 23426 23426 W NearbyFragment: Completed downloading 20200312_194129!002.mp4 from Endpoint{id=Qd2N, name=Nexus 5X [34d8]} in 00.479s
07-06 01:34:37.274 23426 23426 V FileManager: External storage is readable
07-06 01:34:37.275 23426 23426 V FileManager: Directory already exists: /storage/emulated/0/Movies/segment-sum/20200312_194129
07-06 01:34:37.360 23426 23426 V NearbyFragment: Received a segment of 20200312_194129
07-06 01:34:44.228 23426 23426 D NearbyFragment: onPayloadReceived(endpointId=Qd2N, payload=com.google.android.gms.nearby.connection.Payload@dfc9f67)
07-06 01:34:44.229 23426 23426 V NearbyFragment: Started downloading 20200312_194129!003.mp4 from Endpoint{id=Qd2N, name=Nexus 5X [34d8]}
07-06 01:34:44.229 23426 23426 I NearbyFragment: Transfer queue is empty
07-06 01:34:44.254 23426 23426 V NearbyFragment: Transfer to Endpoint{id=Qd2N, name=Nexus 5X [34d8]} complete
07-06 01:34:44.437 23426 23426 D NearbyFragment: onPayloadReceived(endpointId=Qd2N, payload=com.google.android.gms.nearby.connection.Payload@dcb7114)
07-06 01:34:44.454 23426 23426 V NearbyFragment: Transfer to Endpoint{id=Qd2N, name=Nexus 5X [34d8]} complete
07-06 01:34:44.456 23426 23426 W NearbyFragment: Completed downloading 20200312_194129!003.mp4 from Endpoint{id=Qd2N, name=Nexus 5X [34d8]} in 00.225s
07-06 01:34:44.466 23426 23426 V FileManager: External storage is readable
07-06 01:34:44.466 23426 23426 V FileManager: Directory already exists: /storage/emulated/0/Movies/segment-sum/20200312_194129
07-06 01:34:44.474 23426 23426 D NearbyFragment: Received all summarised video segments of 20200312_194129
07-06 01:34:44.481 23426 23426 V FileManager: External storage is readable
07-06 01:34:44.481 23426 23426 V FileManager: Directory already exists: /storage/emulated/0/Movies/segment-sum/20200312_194129
07-06 01:34:44.482 23426 23426 D FfmpegTools: Merging /storage/emulated/0/Movies/summarised/20200312_194129.mp4
07-06 01:34:44.488 23426 23426 V FileManager: External storage is readable
07-06 01:34:44.488 23426 23426 V FileManager: Directory already exists: /storage/emulated/0/Movies/segment/20200312_194129
07-06 01:34:44.492 23426 23426 I FfmpegTools: Running ffmpeg with:
07-06 01:34:44.492 23426 23426 I FfmpegTools:   -y -f concat -safe 0 -i /storage/emulated/0/Movies/segment/20200312_194129/paths.txt -c copy /storage/emulated/0/Movies/summarised/20200312_194129.mp4
07-06 01:34:44.534 23426 24280 I mobile-ffmpeg: [mov,mp4,m4a,3gp,3g2,mj2 @ 0x78d5fa7a00] Auto-inserting h264_mp4toannexb bitstream filter
07-06 01:34:44.562 23426 24280 I mobile-ffmpeg: Input #0, concat, from '/storage/emulated/0/Movies/segment/20200312_194129/paths.txt':
07-06 01:34:44.562 23426 24280 I mobile-ffmpeg:   Duration: 
07-06 01:34:44.562 23426 24280 I mobile-ffmpeg: N/A
07-06 01:34:44.563 23426 24280 I mobile-ffmpeg: , start: 
07-06 01:34:44.563 23426 24280 I mobile-ffmpeg: -0.064000
07-06 01:34:44.563 23426 24280 I mobile-ffmpeg: , bitrate: 
07-06 01:34:44.563 23426 24280 I mobile-ffmpeg: 1145 kb/s
07-06 01:34:44.563 23426 24280 I mobile-ffmpeg: 
07-06 01:34:44.563 23426 24280 I mobile-ffmpeg:     Stream #0:0
07-06 01:34:44.563 23426 24280 I mobile-ffmpeg: (und)
07-06 01:34:44.563 23426 24280 I mobile-ffmpeg: : Video: h264 (avc1 / 0x31637661), yuvj420p(pc), 1280x720, 1059 kb/s
07-06 01:34:44.563 23426 24280 I mobile-ffmpeg: , 
07-06 01:34:44.563 23426 24280 I mobile-ffmpeg: 29.97 fps, 
07-06 01:34:44.563 23426 24280 I mobile-ffmpeg: 29.97 tbr, 
07-06 01:34:44.563 23426 24280 I mobile-ffmpeg: 30k tbn, 
07-06 01:34:44.564 23426 24280 I mobile-ffmpeg: 59.94 tbc
07-06 01:34:44.564 23426 24280 I mobile-ffmpeg: 
07-06 01:34:44.564 23426 24280 I mobile-ffmpeg:     Metadata:
07-06 01:34:44.564 23426 24280 I mobile-ffmpeg:       handler_name    : 
07-06 01:34:44.564 23426 24280 I mobile-ffmpeg: VideoHandler
07-06 01:34:44.565 23426 24280 I mobile-ffmpeg: 
07-06 01:34:44.565 23426 24280 I mobile-ffmpeg:     Stream #0:1
07-06 01:34:44.565 23426 24280 I mobile-ffmpeg: (und)
07-06 01:34:44.565 23426 24280 I mobile-ffmpeg: : Audio: aac (mp4a / 0x6134706D), 16000 Hz, stereo, fltp, 86 kb/s
07-06 01:34:44.565 23426 24280 I mobile-ffmpeg: 
07-06 01:34:44.565 23426 24280 I mobile-ffmpeg:     Metadata:
07-06 01:34:44.565 23426 24280 I mobile-ffmpeg:       handler_name    : 
07-06 01:34:44.565 23426 24280 I mobile-ffmpeg: SoundHandler
07-06 01:34:44.565 23426 24280 I mobile-ffmpeg: 
07-06 01:34:44.566 23426 24280 I mobile-ffmpeg: Output #0, mp4, to '/storage/emulated/0/Movies/summarised/20200312_194129.mp4':
07-06 01:34:44.566 23426 24280 I mobile-ffmpeg:   Metadata:
07-06 01:34:44.566 23426 24280 I mobile-ffmpeg:     encoder         : 
07-06 01:34:44.566 23426 24280 I mobile-ffmpeg: Lavf58.42.100
07-06 01:34:44.566 23426 24280 I mobile-ffmpeg: 
07-06 01:34:44.566 23426 24280 I mobile-ffmpeg:     Stream #0:0
07-06 01:34:44.566 23426 24280 I mobile-ffmpeg: (und)
07-06 01:34:44.566 23426 24280 I mobile-ffmpeg: : Video: h264 (avc1 / 0x31637661), yuvj420p(pc), 1280x720, q=2-31, 1059 kb/s
07-06 01:34:44.566 23426 24280 I mobile-ffmpeg: , 
07-06 01:34:44.566 23426 24280 I mobile-ffmpeg: 29.97 fps, 
07-06 01:34:44.566 23426 24280 I mobile-ffmpeg: 29.97 tbr, 
07-06 01:34:44.567 23426 24280 I mobile-ffmpeg: 30k tbn, 
07-06 01:34:44.567 23426 24280 I mobile-ffmpeg: 30k tbc
07-06 01:34:44.567 23426 24280 I mobile-ffmpeg: 
07-06 01:34:44.567 23426 24280 I mobile-ffmpeg:     Metadata:
07-06 01:34:44.567 23426 24280 I mobile-ffmpeg:       handler_name    : 
07-06 01:34:44.567 23426 24280 I mobile-ffmpeg: VideoHandler
07-06 01:34:44.567 23426 24280 I mobile-ffmpeg: 
07-06 01:34:44.567 23426 24280 I mobile-ffmpeg:     Stream #0:1
07-06 01:34:44.567 23426 24280 I mobile-ffmpeg: (und)
07-06 01:34:44.567 23426 24280 I mobile-ffmpeg: : Audio: aac (mp4a / 0x6134706D), 16000 Hz, stereo, fltp, 86 kb/s
07-06 01:34:44.567 23426 24280 I mobile-ffmpeg: 
07-06 01:34:44.567 23426 24280 I mobile-ffmpeg:     Metadata:
07-06 01:34:44.567 23426 24280 I mobile-ffmpeg:       handler_name    : 
07-06 01:34:44.567 23426 24280 I mobile-ffmpeg: SoundHandler
07-06 01:34:44.567 23426 24280 I mobile-ffmpeg: 
07-06 01:34:44.567 23426 24280 I mobile-ffmpeg: Stream mapping:
07-06 01:34:44.567 23426 24280 I mobile-ffmpeg:   Stream #0:0 -> #0:0
07-06 01:34:44.567 23426 24280 I mobile-ffmpeg:  (copy)
07-06 01:34:44.567 23426 24280 I mobile-ffmpeg: 
07-06 01:34:44.567 23426 24280 I mobile-ffmpeg:   Stream #0:1 -> #0:1
07-06 01:34:44.567 23426 24280 I mobile-ffmpeg:  (copy)
07-06 01:34:44.567 23426 24280 I mobile-ffmpeg: 
07-06 01:34:44.567 23426 24280 I mobile-ffmpeg: Press [q] to stop, [?] for help
07-06 01:34:44.568 23426 24280 I mobile-ffmpeg: frame=    1 fps=0.0 q=-1.0 size=       0kB time=00:00:00.00 bitrate=N/A speed=   0x    
07-06 01:34:44.611 23426 24280 I mobile-ffmpeg: [mov,mp4,m4a,3gp,3g2,mj2 @ 0x78d5fa7a00] Auto-inserting h264_mp4toannexb bitstream filter
07-06 01:34:44.653 23426 24280 I mobile-ffmpeg: [mov,mp4,m4a,3gp,3g2,mj2 @ 0x78d5fa7a00] Auto-inserting h264_mp4toannexb bitstream filter
07-06 01:34:44.655 23426 24280 I mobile-ffmpeg: frame=  326 fps=0.0 q=-1.0 Lsize=    1496kB time=00:00:10.98 bitrate=1115.9kbits/s speed= 121x    
07-06 01:34:44.655 23426 24280 I mobile-ffmpeg: video:1375kB audio:115kB subtitle:0kB other streams:0kB global headers:0kB muxing overhead: 
07-06 01:34:44.656 23426 24280 I mobile-ffmpeg: 0.413323%
07-06 01:34:44.656 23426 24280 I mobile-ffmpeg: 
07-06 01:34:44.656 23426 23426 V FfmpegTools: Retrieving duration of /storage/emulated/0/Movies/summarised/20200312_194129.mp4
07-06 01:34:44.681 23426 24280 I mobile-ffmpeg: Input #0, mov,mp4,m4a,3gp,3g2,mj2, from '/storage/emulated/0/Movies/summarised/20200312_194129.mp4':
07-06 01:34:44.681 23426 24280 I mobile-ffmpeg:   Metadata:
07-06 01:34:44.681 23426 24280 I mobile-ffmpeg:     major_brand     : 
07-06 01:34:44.681 23426 24280 I mobile-ffmpeg: isom
07-06 01:34:44.681 23426 24280 I mobile-ffmpeg: 
07-06 01:34:44.681 23426 24280 I mobile-ffmpeg:     minor_version   : 
07-06 01:34:44.681 23426 24280 I mobile-ffmpeg: 512
07-06 01:34:44.681 23426 24280 I mobile-ffmpeg: 
07-06 01:34:44.681 23426 24280 I mobile-ffmpeg:     compatible_brands: 
07-06 01:34:44.681 23426 24280 I mobile-ffmpeg: isomiso2avc1mp41
07-06 01:34:44.681 23426 24280 I mobile-ffmpeg: 
07-06 01:34:44.681 23426 24280 I mobile-ffmpeg:     encoder         : 
07-06 01:34:44.681 23426 24280 I mobile-ffmpeg: Lavf58.42.100
07-06 01:34:44.681 23426 24280 I mobile-ffmpeg: 
07-06 01:34:44.681 23426 24280 I mobile-ffmpeg:   Duration: 
07-06 01:34:44.681 23426 24280 I mobile-ffmpeg: 00:00:11.04
07-06 01:34:44.681 23426 24280 I mobile-ffmpeg: , start: 
07-06 01:34:44.681 23426 24280 I mobile-ffmpeg: 0.000000
07-06 01:34:44.681 23426 24280 I mobile-ffmpeg: , bitrate: 
07-06 01:34:44.681 23426 24280 I mobile-ffmpeg: 1110 kb/s
07-06 01:34:44.681 23426 24280 I mobile-ffmpeg: 
07-06 01:34:44.682 23426 24280 I mobile-ffmpeg:     Stream #0:0
07-06 01:34:44.682 23426 24280 I mobile-ffmpeg: (und)
07-06 01:34:44.682 23426 24280 I mobile-ffmpeg: : Video: h264 (avc1 / 0x31637661), yuvj420p(pc), 1280x720, 1026 kb/s
07-06 01:34:44.682 23426 24280 I mobile-ffmpeg: , 
07-06 01:34:44.682 23426 24280 I mobile-ffmpeg: 29.70 fps, 
07-06 01:34:44.682 23426 24280 I mobile-ffmpeg: 29.97 tbr, 
07-06 01:34:44.682 23426 24280 I mobile-ffmpeg: 30k tbn, 
07-06 01:34:44.682 23426 24280 I mobile-ffmpeg: 59.94 tbc
07-06 01:34:44.682 23426 24280 I mobile-ffmpeg:  (default)
07-06 01:34:44.682 23426 24280 I mobile-ffmpeg: 
07-06 01:34:44.682 23426 24280 I mobile-ffmpeg:     Metadata:
07-06 01:34:44.682 23426 24280 I mobile-ffmpeg:       handler_name    : 
07-06 01:34:44.682 23426 24280 I mobile-ffmpeg: VideoHandler
07-06 01:34:44.682 23426 24280 I mobile-ffmpeg: 
07-06 01:34:44.682 23426 24280 I mobile-ffmpeg:     Stream #0:1
07-06 01:34:44.682 23426 24280 I mobile-ffmpeg: (und)
07-06 01:34:44.682 23426 24280 I mobile-ffmpeg: : Audio: aac (mp4a / 0x6134706D), 16000 Hz, stereo, fltp, 85 kb/s
07-06 01:34:44.682 23426 24280 I mobile-ffmpeg:  (default)
07-06 01:34:44.682 23426 24280 I mobile-ffmpeg: 
07-06 01:34:44.682 23426 24280 I mobile-ffmpeg:     Metadata:
07-06 01:34:44.682 23426 24280 I mobile-ffmpeg:       handler_name    : 
07-06 01:34:44.682 23426 24280 I mobile-ffmpeg: SoundHandler
07-06 01:34:44.682 23426 24280 I mobile-ffmpeg: 
07-06 01:34:44.688 23426 23426 W FfmpegTools: Merged duration of 20200312_194129: 11.04
07-06 01:34:44.743 23426 23426 V VideoManager: Retrieving video from /storage/emulated/0/Movies/summarised/20200312_194129.mp4
07-06 01:34:44.757 23426 23426 V VideoManager: videoFromCursor
07-06 01:34:44.764 23426 23426 V SummarisedVideosEventHandler: onAdd
07-06 01:34:44.764 23426 23426 V RawFootageEventHandler: removeByName
07-06 01:34:44.766 23426 23426 V ProcessingVideosEventHandler: removeByName
07-06 01:34:44.766 23426 23426 V NearbyFragment: Removing video segment map for 20200312_194129
07-06 01:34:48.018 23426 23426 D NearbyFragment: onPayloadReceived(endpointId=Rc4h, payload=com.google.android.gms.nearby.connection.Payload@aa5b229)
07-06 01:34:48.019 23426 23426 V NearbyFragment: Started downloading 20200312_194229!000.mp4 from Endpoint{id=Rc4h, name=Nexus 5 [1825]}
07-06 01:34:48.019 23426 23426 I NearbyFragment: Transfer queue is empty
07-06 01:34:48.035 23426 23426 V NearbyFragment: Transfer to Endpoint{id=Rc4h, name=Nexus 5 [1825]} complete
07-06 01:34:48.078 23426 23426 D NearbyFragment: onPayloadReceived(endpointId=Rc4h, payload=com.google.android.gms.nearby.connection.Payload@98b89ae)
07-06 01:34:48.144 23426 24260 V VideoManager: Retrieving video from /storage/emulated/0/Movies/raw/20200312_194330.mp4
07-06 01:34:48.162 23426 24260 D VideoManager: videoCursor is null
07-06 01:34:48.202 23426 24260 V VideoManager: videoFromCursor
07-06 01:34:48.206 23426 24260 W DashDownloadManager: Successfully downloaded 20200312_194330.mp4 in 28.151s
07-06 01:34:48.206 23426 24260 V DownloadTestVideosTask: Entering callback for download completion of 20200312_194330.mp4
07-06 01:34:48.207 23426 24260 V RawFootageEventHandler: onAdd
07-06 01:34:48.209 23426 24260 V FfmpegTools: Retrieving duration of /storage/emulated/0/Movies/raw/20200312_194330.mp4
07-06 01:34:48.216 23426 24280 W mobile-ffmpeg: [mov,mp4,m4a,3gp,3g2,mj2 @ 0x78e85ec600] Found duplicated MOOV Atom. Skipped it
07-06 01:34:48.268 23426 24280 I mobile-ffmpeg: Input #0, mov,mp4,m4a,3gp,3g2,mj2, from '/storage/emulated/0/Movies/raw/20200312_194330.mp4':
07-06 01:34:48.268 23426 24280 I mobile-ffmpeg:   Metadata:
07-06 01:34:48.268 23426 24280 I mobile-ffmpeg:     creation_time   : 
07-06 01:34:48.268 23426 24280 I mobile-ffmpeg: 2020-03-12T08:44:29.000000Z
07-06 01:34:48.268 23426 24280 I mobile-ffmpeg: 
07-06 01:34:48.268 23426 24280 I mobile-ffmpeg:     major_brand     : 
07-06 01:34:48.268 23426 24280 I mobile-ffmpeg: mp42
07-06 01:34:48.268 23426 24280 I mobile-ffmpeg: 
07-06 01:34:48.268 23426 24280 I mobile-ffmpeg:     minor_version   : 
07-06 01:34:48.268 23426 24280 I mobile-ffmpeg: 1
07-06 01:34:48.268 23426 24280 I mobile-ffmpeg: 
07-06 01:34:48.268 23426 24280 I mobile-ffmpeg:     compatible_brands: 
07-06 01:34:48.268 23426 24280 I mobile-ffmpeg: mp42mp42
07-06 01:34:48.268 23426 24280 I mobile-ffmpeg: 
07-06 01:34:48.268 23426 24280 I mobile-ffmpeg:   Duration: 
07-06 01:34:48.269 23426 24280 I mobile-ffmpeg: 00:01:00.02
07-06 01:34:48.269 23426 24280 I mobile-ffmpeg: , start: 
07-06 01:34:48.269 23426 24280 I mobile-ffmpeg: 0.000000
07-06 01:34:48.269 23426 24280 I mobile-ffmpeg: , bitrate: 
07-06 01:34:48.269 23426 24280 I mobile-ffmpeg: 9328 kb/s
07-06 01:34:48.269 23426 24280 I mobile-ffmpeg: 
07-06 01:34:48.269 23426 24280 I mobile-ffmpeg:     Stream #0:0
07-06 01:34:48.269 23426 24280 I mobile-ffmpeg: (eng)
07-06 01:34:48.269 23426 24280 I mobile-ffmpeg: : Video: h264 (avc1 / 0x31637661), yuvj420p(pc, bt709), 1280x720, 8381 kb/s
07-06 01:34:48.269 23426 24280 I mobile-ffmpeg: , 
07-06 01:34:48.269 23426 24280 I mobile-ffmpeg: 29.97 fps, 
07-06 01:34:48.269 23426 24280 I mobile-ffmpeg: 29.97 tbr, 
07-06 01:34:48.269 23426 24280 I mobile-ffmpeg: 1k tbn, 
07-06 01:34:48.269 23426 24280 I mobile-ffmpeg: 2k tbc
07-06 01:34:48.269 23426 24280 I mobile-ffmpeg:  (default)
07-06 01:34:48.269 23426 24280 I mobile-ffmpeg: 
07-06 01:34:48.269 23426 24280 I mobile-ffmpeg:     Metadata:
07-06 01:34:48.269 23426 24280 I mobile-ffmpeg:       creation_time   : 
07-06 01:34:48.269 23426 24280 I mobile-ffmpeg: 2020-03-12T08:44:29.000000Z
07-06 01:34:48.269 23426 24280 I mobile-ffmpeg: 
07-06 01:34:48.269 23426 24280 I mobile-ffmpeg:       handler_name    : 
07-06 01:34:48.269 23426 24280 I mobile-ffmpeg: PittaSoft Video Media Handler
07-06 01:34:48.269 23426 24280 I mobile-ffmpeg: 
07-06 01:34:48.269 23426 24280 I mobile-ffmpeg:     Stream #0:1
07-06 01:34:48.269 23426 24280 I mobile-ffmpeg: (eng)
07-06 01:34:48.269 23426 24280 I mobile-ffmpeg: : Audio: aac (mp4a / 0x6134706D), 16000 Hz, stereo, fltp, 47 kb/s
07-06 01:34:48.269 23426 24280 I mobile-ffmpeg:  (default)
07-06 01:34:48.269 23426 24280 I mobile-ffmpeg: 
07-06 01:34:48.269 23426 24280 I mobile-ffmpeg:     Metadata:
07-06 01:34:48.269 23426 24280 I mobile-ffmpeg:       creation_time   : 
07-06 01:34:48.269 23426 24280 I mobile-ffmpeg: 2020-03-12T08:44:29.000000Z
07-06 01:34:48.269 23426 24280 I mobile-ffmpeg: 
07-06 01:34:48.270 23426 24280 I mobile-ffmpeg:       handler_name    : 
07-06 01:34:48.270 23426 24280 I mobile-ffmpeg: PittaSoft Sound Media Handler
07-06 01:34:48.270 23426 24280 I mobile-ffmpeg: 
07-06 01:34:48.278 23426 24260 V FileManager: External storage is readable
07-06 01:34:48.280 23426 24260 V FileManager: Created new directory: /storage/emulated/0/Movies/segment/20200312_194330
07-06 01:34:48.280 23426 24260 V FfmpegTools: Splitting /storage/emulated/0/Movies/raw/20200312_194330.mp4 with 16s long segments
07-06 01:34:48.280 23426 24260 I FfmpegTools: Running ffmpeg with:
07-06 01:34:48.280 23426 24260 I FfmpegTools:   -y -i /storage/emulated/0/Movies/raw/20200312_194330.mp4 -map 0 -c copy -f segment -reset_timestamps 1 -segment_time 16 /storage/emulated/0/Movies/segment/20200312_194330/20200312_194330!%03d.mp4
07-06 01:34:48.289 23426 24280 W mobile-ffmpeg: [mov,mp4,m4a,3gp,3g2,mj2 @ 0x78e85ec600] Found duplicated MOOV Atom. Skipped it
07-06 01:34:48.323 23426 24280 I mobile-ffmpeg: Input #0, mov,mp4,m4a,3gp,3g2,mj2, from '/storage/emulated/0/Movies/raw/20200312_194330.mp4':
07-06 01:34:48.323 23426 24280 I mobile-ffmpeg:   Metadata:
07-06 01:34:48.323 23426 24280 I mobile-ffmpeg:     creation_time   : 
07-06 01:34:48.323 23426 24280 I mobile-ffmpeg: 2020-03-12T08:44:29.000000Z
07-06 01:34:48.323 23426 24280 I mobile-ffmpeg: 
07-06 01:34:48.323 23426 24280 I mobile-ffmpeg:     major_brand     : 
07-06 01:34:48.323 23426 24280 I mobile-ffmpeg: mp42
07-06 01:34:48.323 23426 24280 I mobile-ffmpeg: 
07-06 01:34:48.323 23426 24280 I mobile-ffmpeg:     minor_version   : 
07-06 01:34:48.324 23426 24280 I mobile-ffmpeg: 1
07-06 01:34:48.324 23426 24280 I mobile-ffmpeg: 
07-06 01:34:48.324 23426 24280 I mobile-ffmpeg:     compatible_brands: 
07-06 01:34:48.324 23426 24280 I mobile-ffmpeg: mp42mp42
07-06 01:34:48.324 23426 24280 I mobile-ffmpeg: 
07-06 01:34:48.324 23426 24280 I mobile-ffmpeg:   Duration: 
07-06 01:34:48.324 23426 24280 I mobile-ffmpeg: 00:01:00.02
07-06 01:34:48.324 23426 24280 I mobile-ffmpeg: , start: 
07-06 01:34:48.324 23426 24280 I mobile-ffmpeg: 0.000000
07-06 01:34:48.324 23426 24280 I mobile-ffmpeg: , bitrate: 
07-06 01:34:48.324 23426 24280 I mobile-ffmpeg: 9328 kb/s
07-06 01:34:48.324 23426 24280 I mobile-ffmpeg: 
07-06 01:34:48.324 23426 24280 I mobile-ffmpeg:     Stream #0:0
07-06 01:34:48.324 23426 24280 I mobile-ffmpeg: (eng)
07-06 01:34:48.324 23426 24280 I mobile-ffmpeg: : Video: h264 (avc1 / 0x31637661), yuvj420p(pc, bt709), 1280x720, 8381 kb/s
07-06 01:34:48.324 23426 24280 I mobile-ffmpeg: , 
07-06 01:34:48.324 23426 24280 I mobile-ffmpeg: 29.97 fps, 
07-06 01:34:48.324 23426 24280 I mobile-ffmpeg: 29.97 tbr, 
07-06 01:34:48.324 23426 24280 I mobile-ffmpeg: 1k tbn, 
07-06 01:34:48.324 23426 24280 I mobile-ffmpeg: 2k tbc
07-06 01:34:48.324 23426 24280 I mobile-ffmpeg:  (default)
07-06 01:34:48.324 23426 24280 I mobile-ffmpeg: 
07-06 01:34:48.324 23426 24280 I mobile-ffmpeg:     Metadata:
07-06 01:34:48.324 23426 24280 I mobile-ffmpeg:       creation_time   : 
07-06 01:34:48.324 23426 24280 I mobile-ffmpeg: 2020-03-12T08:44:29.000000Z
07-06 01:34:48.324 23426 24280 I mobile-ffmpeg: 
07-06 01:34:48.324 23426 24280 I mobile-ffmpeg:       handler_name    : 
07-06 01:34:48.324 23426 24280 I mobile-ffmpeg: PittaSoft Video Media Handler
07-06 01:34:48.325 23426 24280 I mobile-ffmpeg: 
