07-06 01:28:45.067 23426 24280 I mobile-ffmpeg: : Video: h264 (avc1 / 0x31637661), yuvj420p(pc, bt709), 1280x720, q=2-31, 8383 kb/s
07-06 01:28:45.067 23426 24280 I mobile-ffmpeg: , 
07-06 01:28:45.067 23426 24280 I mobile-ffmpeg: 29.97 fps, 
07-06 01:28:45.067 23426 24280 I mobile-ffmpeg: 29.97 tbr, 
07-06 01:28:45.067 23426 24280 I mobile-ffmpeg: 16k tbn, 
07-06 01:28:45.067 23426 24280 I mobile-ffmpeg: 1k tbc
07-06 01:28:45.067 23426 24280 I mobile-ffmpeg:  (default)
07-06 01:28:45.067 23426 24280 I mobile-ffmpeg: 
07-06 01:28:45.067 23426 24280 I mobile-ffmpeg:     Metadata:
07-06 01:28:45.067 23426 24280 I mobile-ffmpeg:       creation_time   : 
07-06 01:28:45.067 23426 24280 I mobile-ffmpeg: 2020-03-12T04:09:43.000000Z
07-06 01:28:45.067 23426 24280 I mobile-ffmpeg: 
07-06 01:28:45.067 23426 24280 I mobile-ffmpeg:       handler_name    : 
07-06 01:28:45.067 23426 24280 I mobile-ffmpeg: PittaSoft Video Media Handler
07-06 01:28:45.067 23426 24280 I mobile-ffmpeg: 
07-06 01:28:45.067 23426 24280 I mobile-ffmpeg:     Stream #0:1
07-06 01:28:45.067 23426 24280 I mobile-ffmpeg: (eng)
07-06 01:28:45.067 23426 24280 I mobile-ffmpeg: : Audio: aac (mp4a / 0x6134706D), 16000 Hz, stereo, fltp, 47 kb/s
07-06 01:28:45.067 23426 24280 I mobile-ffmpeg:  (default)
07-06 01:28:45.067 23426 24280 I mobile-ffmpeg: 
07-06 01:28:45.068 23426 24280 I mobile-ffmpeg:     Metadata:
07-06 01:28:45.068 23426 24280 I mobile-ffmpeg:       creation_time   : 
07-06 01:28:45.068 23426 24280 I mobile-ffmpeg: 2020-03-12T04:09:43.000000Z
07-06 01:28:45.068 23426 24280 I mobile-ffmpeg: 
07-06 01:28:45.068 23426 24280 I mobile-ffmpeg:       handler_name    : 
07-06 01:28:45.068 23426 24280 I mobile-ffmpeg: PittaSoft Sound Media Handler
07-06 01:28:45.068 23426 24280 I mobile-ffmpeg: 
07-06 01:28:45.068 23426 24280 I mobile-ffmpeg: Stream mapping:
07-06 01:28:45.068 23426 24280 I mobile-ffmpeg:   Stream #0:0 -> #0:0
07-06 01:28:45.068 23426 24280 I mobile-ffmpeg:  (copy)
07-06 01:28:45.068 23426 24280 I mobile-ffmpeg: 
07-06 01:28:45.068 23426 24280 I mobile-ffmpeg:   Stream #0:1 -> #0:1
07-06 01:28:45.068 23426 24280 I mobile-ffmpeg:  (copy)
07-06 01:28:45.068 23426 24280 I mobile-ffmpeg: 
07-06 01:28:45.068 23426 24280 I mobile-ffmpeg: Press [q] to stop, [?] for help
07-06 01:28:45.068 23426 24280 I mobile-ffmpeg: frame=    1 fps=0.0 q=-1.0 size=N/A time=00:00:00.00 bitrate=N/A speed=31.5x    
07-06 01:28:45.142 23426 24280 I mobile-ffmpeg: [segment @ 0x78e8599600] Opening '/storage/emulated/0/Movies/segment/20200312_150844/20200312_150844!001.mp4' for writing
07-06 01:28:45.197 23426 24280 I mobile-ffmpeg: [segment @ 0x78e8599600] Opening '/storage/emulated/0/Movies/segment/20200312_150844/20200312_150844!002.mp4' for writing
07-06 01:28:45.248 23426 24280 I mobile-ffmpeg: [segment @ 0x78e8599600] Opening '/storage/emulated/0/Movies/segment/20200312_150844/20200312_150844!003.mp4' for writing
07-06 01:28:45.287 23426 24280 I mobile-ffmpeg: frame= 1800 fps=0.0 q=-1.0 Lsize=N/A time=00:01:00.01 bitrate=N/A speed= 270x    
07-06 01:28:45.287 23426 24280 I mobile-ffmpeg: video:61424kB audio:345kB subtitle:0kB other streams:0kB global headers:0kB muxing overhead: 
07-06 01:28:45.287 23426 24280 I mobile-ffmpeg: unknown
07-06 01:28:45.287 23426 24280 I mobile-ffmpeg: 
07-06 01:28:45.291 23426 24260 V FileManager: External storage is readable
07-06 01:28:45.291 23426 24260 V FileManager: Directory already exists: /storage/emulated/0/Movies/segment/20200312_150844
07-06 01:28:45.291 23426 24260 V VideoManager: Retrieving videos from /storage/emulated/0/Movies/segment/20200312_150844
07-06 01:28:45.292 23426 24260 V VideoManager: Retrieving video from /storage/emulated/0/Movies/segment/20200312_150844/20200312_150844!000.mp4
07-06 01:28:45.302 23426 24260 V VideoManager: videoFromCursor
07-06 01:28:45.305 23426 24260 V VideoManager: Retrieving video from /storage/emulated/0/Movies/segment/20200312_150844/20200312_150844!001.mp4
07-06 01:28:45.312 23426 24260 V VideoManager: videoFromCursor
07-06 01:28:45.315 23426 24260 V VideoManager: Retrieving video from /storage/emulated/0/Movies/segment/20200312_150844/20200312_150844!002.mp4
07-06 01:28:45.323 23426 24260 V VideoManager: videoFromCursor
07-06 01:28:45.326 23426 24260 V VideoManager: Retrieving video from /storage/emulated/0/Movies/segment/20200312_150844/20200312_150844!003.mp4
07-06 01:28:45.333 23426 24260 V VideoManager: videoFromCursor
07-06 01:28:45.336 23426 24260 V NearbyFragment: nextTransfer with selected algorithm: least_busy
07-06 01:28:45.337 23426 24260 W NearbyFragment: Sending 20200312_150844!000.mp4 to Nexus 5X [34d8]
07-06 01:28:45.357 23426 23426 V NearbyFragment: Transfer to Endpoint{id=Qd2N, name=Nexus 5X [34d8]} complete
07-06 01:28:46.338 23426 24260 V DownloadTestVideosTask: Starting DownloadTestVideosTask
07-06 01:28:46.341 23426 24260 V DashDownloadManager: Started downloading: 20200312_150944.mp4
07-06 01:28:46.344 23426 24260 I System.out: (HTTPLog)-Static: isSBSettingEnabled false
07-06 01:28:46.344 23426 24260 I System.out: (HTTPLog)-Static: isSBSettingEnabled false
07-06 01:28:46.386 23426 24260 I System.out: (HTTPLog)-Thread-3467-16824184: getTransferStream : ContentLength=69990400, method=GET, HTTPVersion=http/1.1
07-06 01:28:49.019 23426 23426 D NearbyFragment: onPayloadReceived(endpointId=TtzO, payload=com.google.android.gms.nearby.connection.Payload@404de51)
07-06 01:28:49.019 23426 23426 V NearbyFragment: Started downloading 20200312_150744!003.mp4 from Endpoint{id=TtzO, name=Nexus 5X [9c8f]}
07-06 01:28:49.020 23426 23426 V NearbyFragment: nextTransfer with selected algorithm: least_busy
07-06 01:28:49.022 23426 23426 W NearbyFragment: Sending 20200312_150844!001.mp4 to Nexus 5 [1825]
07-06 01:28:49.024 23426 23426 V NearbyFragment: Transfer to Endpoint{id=TtzO, name=Nexus 5X [9c8f]} complete
07-06 01:28:49.048 23426 23426 V NearbyFragment: Transfer to Endpoint{id=Rc4h, name=Nexus 5 [1825]} complete
07-06 01:28:49.408 23426 23426 D NearbyFragment: onPayloadReceived(endpointId=TtzO, payload=com.google.android.gms.nearby.connection.Payload@f45d324)
07-06 01:28:54.384 23426 23426 V NearbyFragment: Transfer to Endpoint{id=Qd2N, name=Nexus 5X [34d8]} complete
07-06 01:28:54.839 23426 23426 D NearbyFragment: onPayloadReceived(endpointId=Qd2N, payload=com.google.android.gms.nearby.connection.Payload@8e80e8d)
07-06 01:28:54.843 23426 23426 D NearbyFragment: Endpoint{id=Qd2N, name=Nexus 5X [34d8]} has finished downloading 20200312_150844!000.mp4
07-06 01:28:54.848 23426 23426 V NearbyFragment: nextTransfer with selected algorithm: least_busy
07-06 01:28:54.858 23426 23426 W NearbyFragment: Sending 20200312_150844!002.mp4 to Nexus 5X [9c8f]
07-06 01:28:54.889 23426 23426 V NearbyFragment: Transfer to Endpoint{id=TtzO, name=Nexus 5X [9c8f]} complete
07-06 01:28:54.895 23426 23426 V NearbyFragment: Transfer to Endpoint{id=Qd2N, name=Nexus 5X [34d8]} complete
07-06 01:28:56.047 23426 23426 V NearbyFragment: Transfer to Endpoint{id=TtzO, name=Nexus 5X [9c8f]} complete
07-06 01:28:56.047 23426 23426 W NearbyFragment: Completed downloading 20200312_150744!003.mp4 from Endpoint{id=TtzO, name=Nexus 5X [9c8f]} in 07.027s
07-06 01:28:56.054 23426 23426 V FileManager: External storage is readable
07-06 01:28:56.055 23426 23426 V FileManager: Created new directory: /storage/emulated/0/Movies/segment-sum/20200312_150744
07-06 01:28:56.104 23426 23426 D NearbyFragment: Received all summarised video segments of 20200312_150744
07-06 01:28:56.108 23426 23426 V FileManager: External storage is readable
07-06 01:28:56.108 23426 23426 V FileManager: Directory already exists: /storage/emulated/0/Movies/segment-sum/20200312_150744
07-06 01:28:56.109 23426 23426 D FfmpegTools: Merging /storage/emulated/0/Movies/summarised/20200312_150744.mp4
07-06 01:28:56.109 23426 23426 V FfmpegTools: Retrieving duration of /storage/emulated/0/Movies/segment-sum/20200312_150744/20200312_150744!003.mp4
07-06 01:28:56.136 23426 24280 I mobile-ffmpeg: Input #0, mov,mp4,m4a,3gp,3g2,mj2, from '/storage/emulated/0/Movies/segment-sum/20200312_150744/20200312_150744!003.mp4':
07-06 01:28:56.137 23426 24280 I mobile-ffmpeg:   Metadata:
07-06 01:28:56.137 23426 24280 I mobile-ffmpeg:     major_brand     : 
07-06 01:28:56.137 23426 24280 I mobile-ffmpeg: isom
07-06 01:28:56.138 23426 24280 I mobile-ffmpeg: 
07-06 01:28:56.138 23426 24280 I mobile-ffmpeg:     minor_version   : 
07-06 01:28:56.138 23426 24280 I mobile-ffmpeg: 512
07-06 01:28:56.138 23426 24280 I mobile-ffmpeg: 
07-06 01:28:56.138 23426 24280 I mobile-ffmpeg:     compatible_brands: 
07-06 01:28:56.139 23426 24280 I mobile-ffmpeg: isomiso2avc1mp41
07-06 01:28:56.139 23426 24280 I mobile-ffmpeg: 
07-06 01:28:56.139 23426 24280 I mobile-ffmpeg:     encoder         : 
07-06 01:28:56.139 23426 24280 I mobile-ffmpeg: Lavf58.42.100
07-06 01:28:56.140 23426 24280 I mobile-ffmpeg: 
07-06 01:28:56.140 23426 24280 I mobile-ffmpeg:   Duration: 
07-06 01:28:56.141 23426 24280 I mobile-ffmpeg: 00:00:04.89
07-06 01:28:56.141 23426 24280 I mobile-ffmpeg: , start: 
07-06 01:28:56.141 23426 24280 I mobile-ffmpeg: 0.000000
07-06 01:28:56.141 23426 24280 I mobile-ffmpeg: , bitrate: 
07-06 01:28:56.141 23426 24280 I mobile-ffmpeg: 1421 kb/s
07-06 01:28:56.142 23426 24280 I mobile-ffmpeg: 
07-06 01:28:56.142 23426 24280 I mobile-ffmpeg:     Stream #0:0
07-06 01:28:56.142 23426 24280 I mobile-ffmpeg: (und)
07-06 01:28:56.142 23426 24280 I mobile-ffmpeg: : Video: h264 (avc1 / 0x31637661), yuvj420p(pc), 1280x720, 1361 kb/s
07-06 01:28:56.142 23426 24280 I mobile-ffmpeg: , 
07-06 01:28:56.142 23426 24280 I mobile-ffmpeg: 29.97 fps, 
07-06 01:28:56.142 23426 24280 I mobile-ffmpeg: 29.97 tbr, 
07-06 01:28:56.142 23426 24280 I mobile-ffmpeg: 30k tbn, 
07-06 01:28:56.143 23426 24280 I mobile-ffmpeg: 59.94 tbc
07-06 01:28:56.143 23426 24280 I mobile-ffmpeg:  (default)
07-06 01:28:56.143 23426 24280 I mobile-ffmpeg: 
07-06 01:28:56.143 23426 24280 I mobile-ffmpeg:     Metadata:
07-06 01:28:56.143 23426 24280 I mobile-ffmpeg:       handler_name    : 
07-06 01:28:56.143 23426 24280 I mobile-ffmpeg: VideoHandler
07-06 01:28:56.144 23426 24280 I mobile-ffmpeg: 
07-06 01:28:56.144 23426 24280 I mobile-ffmpeg:     Stream #0:1
07-06 01:28:56.145 23426 24280 I mobile-ffmpeg: (und)
07-06 01:28:56.145 23426 24280 I mobile-ffmpeg: : Audio: aac (mp4a / 0x6134706D), 16000 Hz, stereo, fltp, 78 kb/s
07-06 01:28:56.145 23426 24280 I mobile-ffmpeg:  (default)
07-06 01:28:56.145 23426 23426 W FfmpegTools: Single segment returned, duration of 20200312_150744: 4.89
07-06 01:28:56.145 23426 24280 I mobile-ffmpeg: 
07-06 01:28:56.146 23426 24280 I mobile-ffmpeg:     Metadata:
07-06 01:28:56.146 23426 24280 I mobile-ffmpeg:       handler_name    : 
07-06 01:28:56.146 23426 24280 I mobile-ffmpeg: SoundHandler
07-06 01:28:56.148 23426 24280 I mobile-ffmpeg: 
07-06 01:28:56.204 23426 23426 V VideoManager: Retrieving video from /storage/emulated/0/Movies/summarised/20200312_150744.mp4
07-06 01:28:56.212 23426 23426 V VideoManager: videoFromCursor
07-06 01:28:56.216 23426 23426 V SummarisedVideosEventHandler: onAdd
07-06 01:28:56.216 23426 23426 V RawFootageEventHandler: removeByName
07-06 01:28:56.217 23426 23426 V ProcessingVideosEventHandler: removeByName
07-06 01:28:56.217 23426 23426 V NearbyFragment: Removing video segment map for 20200312_150744
07-06 01:28:56.245 23426 23435 W System  : A resource failed to call close. 
07-06 01:28:56.251 23426 23435 I chatty  : uid=10568(com.example.edgesum) FinalizerDaemon identical 13 lines
07-06 01:28:56.251 23426 23435 W System  : A resource failed to call close. 
07-06 01:28:58.827 23426 23426 D NearbyFragment: onPayloadReceived(endpointId=Qd2N, payload=com.google.android.gms.nearby.connection.Payload@38b32c6)
07-06 01:28:58.829 23426 23426 V NearbyFragment: Started downloading 20200312_150844!000.mp4 from Endpoint{id=Qd2N, name=Nexus 5X [34d8]}
07-06 01:28:58.831 23426 23426 V NearbyFragment: nextTransfer with selected algorithm: least_busy
07-06 01:28:58.835 23426 23426 W NearbyFragment: Sending 20200312_150844!003.mp4 to Nexus 5X [34d8]
07-06 01:28:58.858 23426 23426 V NearbyFragment: Transfer to Endpoint{id=Qd2N, name=Nexus 5X [34d8]} complete
07-06 01:28:59.046 23426 23426 V NearbyFragment: Transfer to Endpoint{id=Rc4h, name=Nexus 5 [1825]} complete
07-06 01:28:59.253 23426 23426 D NearbyFragment: onPayloadReceived(endpointId=Qd2N, payload=com.google.android.gms.nearby.connection.Payload@c6675dd)
07-06 01:28:59.283 23426 23426 V NearbyFragment: Transfer to Endpoint{id=Qd2N, name=Nexus 5X [34d8]} complete
07-06 01:28:59.320 23426 23426 D NearbyFragment: onPayloadReceived(endpointId=Rc4h, payload=com.google.android.gms.nearby.connection.Payload@577b552)
07-06 01:28:59.321 23426 23426 D NearbyFragment: Endpoint{id=Rc4h, name=Nexus 5 [1825]} has finished downloading 20200312_150844!001.mp4
07-06 01:28:59.322 23426 23426 I NearbyFragment: Transfer queue is empty
07-06 01:28:59.889 23426 23426 V NearbyFragment: Transfer to Endpoint{id=Rc4h, name=Nexus 5 [1825]} complete
07-06 01:29:06.207 23426 23426 D NearbyFragment: onPayloadReceived(endpointId=Rc4h, payload=com.google.android.gms.nearby.connection.Payload@ca36023)
07-06 01:29:06.209 23426 23426 V NearbyFragment: Started downloading 20200312_150844!001.mp4 from Endpoint{id=Rc4h, name=Nexus 5 [1825]}
07-06 01:29:06.210 23426 23426 I NearbyFragment: Transfer queue is empty
07-06 01:29:06.212 23426 23426 V NearbyFragment: Transfer to Endpoint{id=Rc4h, name=Nexus 5 [1825]} complete
07-06 01:29:08.047 23426 23426 V NearbyFragment: Transfer to Endpoint{id=Qd2N, name=Nexus 5X [34d8]} complete
07-06 01:29:08.048 23426 23426 W NearbyFragment: Completed downloading 20200312_150844!000.mp4 from Endpoint{id=Qd2N, name=Nexus 5X [34d8]} in 09.219s
07-06 01:29:08.054 23426 23426 V FileManager: External storage is readable
07-06 01:29:08.055 23426 23426 V FileManager: Created new directory: /storage/emulated/0/Movies/segment-sum/20200312_150844
07-06 01:29:08.559 23426 23426 V NearbyFragment: Received a segment of 20200312_150844
07-06 01:29:08.559 23426 23426 D NearbyFragment: onPayloadReceived(endpointId=Rc4h, payload=com.google.android.gms.nearby.connection.Payload@6ecc920)
07-06 01:29:08.682 23426 23426 V NearbyFragment: Transfer to Endpoint{id=TtzO, name=Nexus 5X [9c8f]} complete
07-06 01:29:08.936 23426 23426 D NearbyFragment: onPayloadReceived(endpointId=TtzO, payload=com.google.android.gms.nearby.connection.Payload@6d992d9)
07-06 01:29:08.937 23426 23426 D NearbyFragment: Endpoint{id=TtzO, name=Nexus 5X [9c8f]} has finished downloading 20200312_150844!002.mp4
07-06 01:29:08.938 23426 23426 I NearbyFragment: Transfer queue is empty
07-06 01:29:09.159 23426 23426 V NearbyFragment: Transfer to Endpoint{id=TtzO, name=Nexus 5X [9c8f]} complete
07-06 01:29:12.795 23426 23426 D NearbyFragment: onPayloadReceived(endpointId=TtzO, payload=com.google.android.gms.nearby.connection.Payload@237d49e)
07-06 01:29:12.796 23426 23426 V NearbyFragment: Started downloading 20200312_150844!002.mp4 from Endpoint{id=TtzO, name=Nexus 5X [9c8f]}
07-06 01:29:12.797 23426 23426 I NearbyFragment: Transfer queue is empty
07-06 01:29:12.802 23426 23426 V NearbyFragment: Transfer to Endpoint{id=TtzO, name=Nexus 5X [9c8f]} complete
07-06 01:29:14.250 23426 23426 V NearbyFragment: Transfer to Endpoint{id=Qd2N, name=Nexus 5X [34d8]} complete
07-06 01:29:14.412 23426 23426 D NearbyFragment: onPayloadReceived(endpointId=TtzO, payload=com.google.android.gms.nearby.connection.Payload@4c1db7f)
07-06 01:29:14.485 23426 23426 D NearbyFragment: onPayloadReceived(endpointId=Qd2N, payload=com.google.android.gms.nearby.connection.Payload@aa5574c)
07-06 01:29:14.488 23426 23426 D NearbyFragment: Endpoint{id=Qd2N, name=Nexus 5X [34d8]} has finished downloading 20200312_150844!003.mp4
07-06 01:29:14.491 23426 23426 I NearbyFragment: Transfer queue is empty
07-06 01:29:14.536 23426 23426 V NearbyFragment: Transfer to Endpoint{id=Qd2N, name=Nexus 5X [34d8]} complete
07-06 01:29:19.442 23426 23426 D NearbyFragment: onPayloadReceived(endpointId=Qd2N, payload=com.google.android.gms.nearby.connection.Payload@9c78395)
07-06 01:29:19.443 23426 23426 V NearbyFragment: Started downloading 20200312_150844!003.mp4 from Endpoint{id=Qd2N, name=Nexus 5X [34d8]}
07-06 01:29:19.445 23426 23426 I NearbyFragment: Transfer queue is empty
07-06 01:29:19.447 23426 23426 V NearbyFragment: Transfer to Endpoint{id=Qd2N, name=Nexus 5X [34d8]} complete
07-06 01:29:19.583 23426 23426 D NearbyFragment: onPayloadReceived(endpointId=Qd2N, payload=com.google.android.gms.nearby.connection.Payload@e489caa)
07-06 01:29:22.918 23426 23426 V NearbyFragment: Transfer to Endpoint{id=TtzO, name=Nexus 5X [9c8f]} complete
07-06 01:29:22.919 23426 23426 W NearbyFragment: Completed downloading 20200312_150844!002.mp4 from Endpoint{id=TtzO, name=Nexus 5X [9c8f]} in 10.123s
07-06 01:29:22.926 23426 23426 V FileManager: External storage is readable
07-06 01:29:22.927 23426 23426 V FileManager: Directory already exists: /storage/emulated/0/Movies/segment-sum/20200312_150844
07-06 01:29:23.445 23426 23426 V NearbyFragment: Received a segment of 20200312_150844
07-06 01:29:28.621 23426 23426 V NearbyFragment: Transfer to Endpoint{id=Qd2N, name=Nexus 5X [34d8]} complete
07-06 01:29:28.625 23426 23426 W NearbyFragment: Completed downloading 20200312_150844!003.mp4 from Endpoint{id=Qd2N, name=Nexus 5X [34d8]} in 09.178s
07-06 01:29:28.640 23426 23426 V FileManager: External storage is readable
07-06 01:29:28.641 23426 23426 V FileManager: Directory already exists: /storage/emulated/0/Movies/segment-sum/20200312_150844
07-06 01:29:29.118 23426 23426 V NearbyFragment: Received a segment of 20200312_150844
07-06 01:29:34.187 23426 23426 V NearbyFragment: Transfer to Endpoint{id=Rc4h, name=Nexus 5 [1825]} complete
07-06 01:29:34.189 23426 23426 W NearbyFragment: Completed downloading 20200312_150844!001.mp4 from Endpoint{id=Rc4h, name=Nexus 5 [1825]} in 27.979s
07-06 01:29:34.199 23426 23426 V FileManager: External storage is readable
07-06 01:29:34.200 23426 23426 V FileManager: Directory already exists: /storage/emulated/0/Movies/segment-sum/20200312_150844
07-06 01:29:34.781 23426 23426 D NearbyFragment: Received all summarised video segments of 20200312_150844
07-06 01:29:34.784 23426 23426 V FileManager: External storage is readable
07-06 01:29:34.784 23426 23426 V FileManager: Directory already exists: /storage/emulated/0/Movies/segment-sum/20200312_150844
07-06 01:29:34.785 23426 23426 D FfmpegTools: Merging /storage/emulated/0/Movies/summarised/20200312_150844.mp4
07-06 01:29:34.788 23426 23426 V FileManager: External storage is readable
07-06 01:29:34.788 23426 23426 V FileManager: Directory already exists: /storage/emulated/0/Movies/segment/20200312_150844
07-06 01:29:34.790 23426 23426 I FfmpegTools: Running ffmpeg with:
07-06 01:29:34.790 23426 23426 I FfmpegTools:   -y -f concat -safe 0 -i /storage/emulated/0/Movies/segment/20200312_150844/paths.txt -c copy /storage/emulated/0/Movies/summarised/20200312_150844.mp4
07-06 01:29:34.815 23426 24280 I mobile-ffmpeg: [mov,mp4,m4a,3gp,3g2,mj2 @ 0x78d65c2c00] Auto-inserting h264_mp4toannexb bitstream filter
07-06 01:29:34.835 23426 24280 I mobile-ffmpeg: Input #0, concat, from '/storage/emulated/0/Movies/segment/20200312_150844/paths.txt':
07-06 01:29:34.835 23426 24280 I mobile-ffmpeg:   Duration: 
07-06 01:29:34.835 23426 24280 I mobile-ffmpeg: N/A
07-06 01:29:34.835 23426 24280 I mobile-ffmpeg: , start: 
07-06 01:29:34.836 23426 24280 I mobile-ffmpeg: 0.000000
07-06 01:29:34.836 23426 24280 I mobile-ffmpeg: , bitrate: 
07-06 01:29:34.836 23426 24280 I mobile-ffmpeg: 8413 kb/s
07-06 01:29:34.836 23426 24280 I mobile-ffmpeg: 
07-06 01:29:34.836 23426 24280 I mobile-ffmpeg:     Stream #0:0
07-06 01:29:34.836 23426 24280 I mobile-ffmpeg: (eng)
07-06 01:29:34.837 23426 24280 I mobile-ffmpeg: : Video: h264 (avc1 / 0x31637661), yuvj420p(pc, bt709), 1280x720, 8366 kb/s
07-06 01:29:34.837 23426 24280 I mobile-ffmpeg: , 
07-06 01:29:34.837 23426 24280 I mobile-ffmpeg: 29.97 fps, 
07-06 01:29:34.837 23426 24280 I mobile-ffmpeg: 29.97 tbr, 
07-06 01:29:34.838 23426 24280 I mobile-ffmpeg: 16k tbn, 
07-06 01:29:34.838 23426 24280 I mobile-ffmpeg: 32k tbc
07-06 01:29:34.838 23426 24280 I mobile-ffmpeg: 
07-06 01:29:34.838 23426 24280 I mobile-ffmpeg:     Metadata:
07-06 01:29:34.838 23426 24280 I mobile-ffmpeg:       handler_name    : 
07-06 01:29:34.839 23426 24280 I mobile-ffmpeg: PittaSoft Video Media Handler
07-06 01:29:34.839 23426 24280 I mobile-ffmpeg: 
07-06 01:29:34.839 23426 24280 I mobile-ffmpeg:     Stream #0:1
07-06 01:29:34.839 23426 24280 I mobile-ffmpeg: (eng)
07-06 01:29:34.839 23426 24280 I mobile-ffmpeg: : Audio: aac (mp4a / 0x6134706D), 16000 Hz, stereo, fltp, 47 kb/s
07-06 01:29:34.839 23426 24280 I mobile-ffmpeg: 
07-06 01:29:34.840 23426 24280 I mobile-ffmpeg:     Metadata:
07-06 01:29:34.840 23426 24280 I mobile-ffmpeg:       handler_name    : 
07-06 01:29:34.840 23426 24280 I mobile-ffmpeg: PittaSoft Sound Media Handler
07-06 01:29:34.840 23426 24280 I mobile-ffmpeg: 
07-06 01:29:34.842 23426 24280 I mobile-ffmpeg: Output #0, mp4, to '/storage/emulated/0/Movies/summarised/20200312_150844.mp4':
07-06 01:29:34.843 23426 24280 I mobile-ffmpeg:   Metadata:
07-06 01:29:34.843 23426 24280 I mobile-ffmpeg:     encoder         : 
07-06 01:29:34.843 23426 24280 I mobile-ffmpeg: Lavf58.42.100
07-06 01:29:34.843 23426 24280 I mobile-ffmpeg: 
07-06 01:29:34.843 23426 24280 I mobile-ffmpeg:     Stream #0:0
07-06 01:29:34.844 23426 24280 I mobile-ffmpeg: (eng)
07-06 01:29:34.844 23426 24280 I mobile-ffmpeg: : Video: h264 (avc1 / 0x31637661), yuvj420p(pc, bt709), 1280x720, q=2-31, 8366 kb/s
07-06 01:29:34.844 23426 24280 I mobile-ffmpeg: , 
07-06 01:29:34.844 23426 24280 I mobile-ffmpeg: 29.97 fps, 
07-06 01:29:34.844 23426 24280 I mobile-ffmpeg: 29.97 tbr, 
07-06 01:29:34.845 23426 24280 I mobile-ffmpeg: 16k tbn, 
07-06 01:29:34.845 23426 24280 I mobile-ffmpeg: 16k tbc
07-06 01:29:34.845 23426 24280 I mobile-ffmpeg: 
07-06 01:29:34.845 23426 24280 I mobile-ffmpeg:     Metadata:
07-06 01:29:34.845 23426 24280 I mobile-ffmpeg:       handler_name    : 
07-06 01:29:34.846 23426 24280 I mobile-ffmpeg: PittaSoft Video Media Handler
07-06 01:29:34.846 23426 24280 I mobile-ffmpeg: 
07-06 01:29:34.846 23426 24280 I mobile-ffmpeg:     Stream #0:1
07-06 01:29:34.846 23426 24280 I mobile-ffmpeg: (eng)
07-06 01:29:34.846 23426 24280 I mobile-ffmpeg: : Audio: aac (mp4a / 0x6134706D), 16000 Hz, stereo, fltp, 47 kb/s
07-06 01:29:34.847 23426 24280 I mobile-ffmpeg: 
07-06 01:29:34.847 23426 24280 I mobile-ffmpeg:     Metadata:
07-06 01:29:34.847 23426 24280 I mobile-ffmpeg:       handler_name    : 
07-06 01:29:34.847 23426 24280 I mobile-ffmpeg: PittaSoft Sound Media Handler
07-06 01:29:34.847 23426 24280 I mobile-ffmpeg: 
07-06 01:29:34.848 23426 24280 I mobile-ffmpeg: Stream mapping:
07-06 01:29:34.848 23426 24280 I mobile-ffmpeg:   Stream #0:0 -> #0:0
07-06 01:29:34.848 23426 24280 I mobile-ffmpeg:  (copy)
07-06 01:29:34.848 23426 24280 I mobile-ffmpeg: 
07-06 01:29:34.848 23426 24280 I mobile-ffmpeg:   Stream #0:1 -> #0:1
07-06 01:29:34.849 23426 24280 I mobile-ffmpeg:  (copy)
07-06 01:29:34.849 23426 24280 I mobile-ffmpeg: 
07-06 01:29:34.849 23426 24280 I mobile-ffmpeg: Press [q] to stop, [?] for help
07-06 01:29:34.849 23426 24280 I mobile-ffmpeg: frame=    1 fps=0.0 q=-1.0 size=       0kB time=00:00:00.00 bitrate=6095.2kbits/s speed=  63x    
07-06 01:29:34.946 23426 24280 I mobile-ffmpeg: [mov,mp4,m4a,3gp,3g2,mj2 @ 0x78d65c2c00] Auto-inserting h264_mp4toannexb bitstream filter
07-06 01:29:35.066 23426 24280 I mobile-ffmpeg: [mov,mp4,m4a,3gp,3g2,mj2 @ 0x78d65c2c00] Auto-inserting h264_mp4toannexb bitstream filter
07-06 01:29:35.160 23426 24280 I mobile-ffmpeg: [mov,mp4,m4a,3gp,3g2,mj2 @ 0x78d65c2c00] Auto-inserting h264_mp4toannexb bitstream filter
07-06 01:29:35.216 23426 24280 I mobile-ffmpeg: frame= 1800 fps=0.0 q=-1.0 Lsize=   61804kB time=00:01:00.06 bitrate=8428.8kbits/s speed= 158x    
07-06 01:29:35.216 23426 24280 I mobile-ffmpeg: video:61425kB audio:345kB subtitle:0kB other streams:0kB global headers:0kB muxing overhead: 
07-06 01:29:35.216 23426 24280 I mobile-ffmpeg: 0.053992%
07-06 01:29:35.216 23426 24280 I mobile-ffmpeg: 
07-06 01:29:35.217 23426 23426 V FfmpegTools: Retrieving duration of /storage/emulated/0/Movies/summarised/20200312_150844.mp4
07-06 01:29:35.242 23426 24280 I mobile-ffmpeg: Input #0, mov,mp4,m4a,3gp,3g2,mj2, from '/storage/emulated/0/Movies/summarised/20200312_150844.mp4':
07-06 01:29:35.242 23426 24280 I mobile-ffmpeg:   Metadata:
07-06 01:29:35.243 23426 24280 I mobile-ffmpeg:     major_brand     : 
07-06 01:29:35.243 23426 24280 I mobile-ffmpeg: isom
07-06 01:29:35.243 23426 24280 I mobile-ffmpeg: 
07-06 01:29:35.243 23426 24280 I mobile-ffmpeg:     minor_version   : 
07-06 01:29:35.243 23426 24280 I mobile-ffmpeg: 512
07-06 01:29:35.243 23426 24280 I mobile-ffmpeg: 
07-06 01:29:35.243 23426 24280 I mobile-ffmpeg:     compatible_brands: 
07-06 01:29:35.243 23426 24280 I mobile-ffmpeg: isomiso2avc1mp41
07-06 01:29:35.243 23426 24280 I mobile-ffmpeg: 
07-06 01:29:35.243 23426 24280 I mobile-ffmpeg:     encoder         : 
07-06 01:29:35.243 23426 24280 I mobile-ffmpeg: Lavf58.42.100
07-06 01:29:35.243 23426 24280 I mobile-ffmpeg: 
07-06 01:29:35.243 23426 24280 I mobile-ffmpeg:   Duration: 
07-06 01:29:35.243 23426 24280 I mobile-ffmpeg: 00:01:00.08
07-06 01:29:35.243 23426 24280 I mobile-ffmpeg: , start: 
07-06 01:29:35.243 23426 24280 I mobile-ffmpeg: 0.000000
07-06 01:29:35.243 23426 24280 I mobile-ffmpeg: , bitrate: 
07-06 01:29:35.243 23426 24280 I mobile-ffmpeg: 8427 kb/s
07-06 01:29:35.243 23426 24280 I mobile-ffmpeg: 
07-06 01:29:35.243 23426 24280 I mobile-ffmpeg:     Stream #0:0
07-06 01:29:35.243 23426 24280 I mobile-ffmpeg: (eng)
07-06 01:29:35.243 23426 24280 I mobile-ffmpeg: : Video: h264 (avc1 / 0x31637661), yuvj420p(pc, bt709), 1280x720, 8377 kb/s
07-06 01:29:35.243 23426 24280 I mobile-ffmpeg: , 
07-06 01:29:35.243 23426 24280 I mobile-ffmpeg: 29.97 fps, 
07-06 01:29:35.243 23426 24280 I mobile-ffmpeg: 29.97 tbr, 
07-06 01:29:35.243 23426 24280 I mobile-ffmpeg: 16k tbn, 
07-06 01:29:35.243 23426 24280 I mobile-ffmpeg: 32k tbc
07-06 01:29:35.244 23426 24280 I mobile-ffmpeg:  (default)
07-06 01:29:35.244 23426 24280 I mobile-ffmpeg: 
07-06 01:29:35.244 23426 24280 I mobile-ffmpeg:     Metadata:
07-06 01:29:35.244 23426 24280 I mobile-ffmpeg:       handler_name    : 
07-06 01:29:35.244 23426 24280 I mobile-ffmpeg: PittaSoft Video Media Handler
07-06 01:29:35.244 23426 24280 I mobile-ffmpeg: 
07-06 01:29:35.244 23426 24280 I mobile-ffmpeg:     Stream #0:1
07-06 01:29:35.244 23426 24280 I mobile-ffmpeg: (eng)
07-06 01:29:35.244 23426 24280 I mobile-ffmpeg: : Audio: aac (mp4a / 0x6134706D), 16000 Hz, stereo, fltp, 47 kb/s
07-06 01:29:35.244 23426 24280 I mobile-ffmpeg:  (default)
07-06 01:29:35.244 23426 24280 I mobile-ffmpeg: 
07-06 01:29:35.244 23426 24280 I mobile-ffmpeg:     Metadata:
07-06 01:29:35.244 23426 24280 I mobile-ffmpeg:       handler_name    : 
07-06 01:29:35.244 23426 24280 I mobile-ffmpeg: PittaSoft Sound Media Handler
07-06 01:29:35.244 23426 24280 I mobile-ffmpeg: 
07-06 01:29:35.249 23426 23426 W FfmpegTools: Merged duration of 20200312_150844: 60.08
07-06 01:29:35.382 23426 23426 V VideoManager: Retrieving video from /storage/emulated/0/Movies/summarised/20200312_150844.mp4
07-06 01:29:35.408 23426 23426 V VideoManager: videoFromCursor
07-06 01:29:35.413 23426 23426 V SummarisedVideosEventHandler: onAdd
07-06 01:29:35.413 23426 23426 V RawFootageEventHandler: removeByName
07-06 01:29:35.415 23426 23426 V ProcessingVideosEventHandler: removeByName
07-06 01:29:35.417 23426 23426 V NearbyFragment: Removing video segment map for 20200312_150844
07-06 01:29:44.636 23426 24260 V VideoManager: Retrieving video from /storage/emulated/0/Movies/raw/20200312_150944.mp4
07-06 01:29:44.672 23426 24260 D VideoManager: videoCursor is null
07-06 01:29:44.745 23426 24260 V VideoManager: videoFromCursor
07-06 01:29:44.749 23426 24260 W DashDownloadManager: Successfully downloaded 20200312_150944.mp4 in 58.294s
07-06 01:29:44.750 23426 24260 V DownloadTestVideosTask: Entering callback for download completion of 20200312_150944.mp4
07-06 01:29:44.751 23426 24260 V RawFootageEventHandler: onAdd
07-06 01:29:44.753 23426 24260 V FfmpegTools: Retrieving duration of /storage/emulated/0/Movies/raw/20200312_150944.mp4
07-06 01:29:44.763 23426 24280 W mobile-ffmpeg: [mov,mp4,m4a,3gp,3g2,mj2 @ 0x78ef058400] Found duplicated MOOV Atom. Skipped it
07-06 01:29:44.844 23426 24280 I mobile-ffmpeg: Input #0, mov,mp4,m4a,3gp,3g2,mj2, from '/storage/emulated/0/Movies/raw/20200312_150944.mp4':
07-06 01:29:44.844 23426 24280 I mobile-ffmpeg:   Metadata:
07-06 01:29:44.844 23426 24280 I mobile-ffmpeg:     creation_time   : 
07-06 01:29:44.844 23426 24280 I mobile-ffmpeg: 2020-03-12T04:10:43.000000Z
07-06 01:29:44.845 23426 24280 I mobile-ffmpeg: 
07-06 01:29:44.845 23426 24280 I mobile-ffmpeg:     major_brand     : 
07-06 01:29:44.845 23426 24280 I mobile-ffmpeg: mp42
07-06 01:29:44.845 23426 24280 I mobile-ffmpeg: 
07-06 01:29:44.845 23426 24280 I mobile-ffmpeg:     minor_version   : 
07-06 01:29:44.845 23426 24280 I mobile-ffmpeg: 1
07-06 01:29:44.845 23426 24280 I mobile-ffmpeg: 
07-06 01:29:44.845 23426 24280 I mobile-ffmpeg:     compatible_brands: 
07-06 01:29:44.845 23426 24280 I mobile-ffmpeg: mp42mp42
07-06 01:29:44.845 23426 24280 I mobile-ffmpeg: 
07-06 01:29:44.845 23426 24280 I mobile-ffmpeg:   Duration: 
07-06 01:29:44.845 23426 24280 I mobile-ffmpeg: 00:01:00.02
07-06 01:29:44.845 23426 24280 I mobile-ffmpeg: , start: 
07-06 01:29:44.845 23426 24280 I mobile-ffmpeg: 0.000000
07-06 01:29:44.845 23426 24280 I mobile-ffmpeg: , bitrate: 
07-06 01:29:44.845 23426 24280 I mobile-ffmpeg: 9328 kb/s
07-06 01:29:44.845 23426 24280 I mobile-ffmpeg: 
07-06 01:29:44.845 23426 24280 I mobile-ffmpeg:     Stream #0:0
07-06 01:29:44.846 23426 24280 I mobile-ffmpeg: (eng)
07-06 01:29:44.846 23426 24280 I mobile-ffmpeg: : Video: h264 (avc1 / 0x31637661), yuvj420p(pc, bt709), 1280x720, 8398 kb/s
07-06 01:29:44.846 23426 24280 I mobile-ffmpeg: , 
07-06 01:29:44.846 23426 24280 I mobile-ffmpeg: 29.97 fps, 
07-06 01:29:44.846 23426 24280 I mobile-ffmpeg: 29.97 tbr, 
07-06 01:29:44.846 23426 24280 I mobile-ffmpeg: 1k tbn, 
07-06 01:29:44.846 23426 24280 I mobile-ffmpeg: 2k tbc
07-06 01:29:44.846 23426 24280 I mobile-ffmpeg:  (default)
07-06 01:29:44.846 23426 24280 I mobile-ffmpeg: 
07-06 01:29:44.846 23426 24280 I mobile-ffmpeg:     Metadata:
07-06 01:29:44.846 23426 24280 I mobile-ffmpeg:       creation_time   : 
07-06 01:29:44.846 23426 24280 I mobile-ffmpeg: 2020-03-12T04:10:43.000000Z
07-06 01:29:44.846 23426 24280 I mobile-ffmpeg: 
07-06 01:29:44.846 23426 24280 I mobile-ffmpeg:       handler_name    : 
07-06 01:29:44.846 23426 24280 I mobile-ffmpeg: PittaSoft Video Media Handler
07-06 01:29:44.846 23426 24280 I mobile-ffmpeg: 
07-06 01:29:44.846 23426 24280 I mobile-ffmpeg:     Stream #0:1
07-06 01:29:44.846 23426 24280 I mobile-ffmpeg: (eng)
07-06 01:29:44.847 23426 24280 I mobile-ffmpeg: : Audio: aac (mp4a / 0x6134706D), 16000 Hz, stereo, fltp, 47 kb/s
07-06 01:29:44.847 23426 24280 I mobile-ffmpeg:  (default)
07-06 01:29:44.847 23426 24280 I mobile-ffmpeg: 
07-06 01:29:44.847 23426 24280 I mobile-ffmpeg:     Metadata:
07-06 01:29:44.847 23426 24280 I mobile-ffmpeg:       creation_time   : 
07-06 01:29:44.847 23426 24280 I mobile-ffmpeg: 2020-03-12T04:10:43.000000Z
07-06 01:29:44.847 23426 24280 I mobile-ffmpeg: 
07-06 01:29:44.847 23426 24280 I mobile-ffmpeg:       handler_name    : 
07-06 01:29:44.847 23426 24280 I mobile-ffmpeg: PittaSoft Sound Media Handler
07-06 01:29:44.847 23426 24280 I mobile-ffmpeg: 
07-06 01:29:44.859 23426 24260 V FileManager: External storage is readable
07-06 01:29:44.861 23426 24260 V FileManager: Created new directory: /storage/emulated/0/Movies/segment/20200312_150944
07-06 01:29:44.861 23426 24260 V FfmpegTools: Splitting /storage/emulated/0/Movies/raw/20200312_150944.mp4 with 16s long segments
07-06 01:29:44.861 23426 24260 I FfmpegTools: Running ffmpeg with:
07-06 01:29:44.861 23426 24260 I FfmpegTools:   -y -i /storage/emulated/0/Movies/raw/20200312_150944.mp4 -map 0 -c copy -f segment -reset_timestamps 1 -segment_time 16 /storage/emulated/0/Movies/segment/20200312_150944/20200312_150944!%03d.mp4
07-06 01:29:44.871 23426 24280 W mobile-ffmpeg: [mov,mp4,m4a,3gp,3g2,mj2 @ 0x78ef058400] Found duplicated MOOV Atom. Skipped it
07-06 01:29:44.928 23426 24280 I mobile-ffmpeg: Input #0, mov,mp4,m4a,3gp,3g2,mj2, from '/storage/emulated/0/Movies/raw/20200312_150944.mp4':
07-06 01:29:44.928 23426 24280 I mobile-ffmpeg:   Metadata:
07-06 01:29:44.928 23426 24280 I mobile-ffmpeg:     creation_time   : 
07-06 01:29:44.928 23426 24280 I mobile-ffmpeg: 2020-03-12T04:10:43.000000Z
07-06 01:29:44.928 23426 24280 I mobile-ffmpeg: 
07-06 01:29:44.928 23426 24280 I mobile-ffmpeg:     major_brand     : 
07-06 01:29:44.928 23426 24280 I mobile-ffmpeg: mp42
07-06 01:29:44.928 23426 24280 I mobile-ffmpeg: 
07-06 01:29:44.928 23426 24280 I mobile-ffmpeg:     minor_version   : 
07-06 01:29:44.929 23426 24280 I mobile-ffmpeg: 1
07-06 01:29:44.929 23426 24280 I mobile-ffmpeg: 
07-06 01:29:44.929 23426 24280 I mobile-ffmpeg:     compatible_brands: 
07-06 01:29:44.929 23426 24280 I mobile-ffmpeg: mp42mp42
07-06 01:29:44.929 23426 24280 I mobile-ffmpeg: 
07-06 01:29:44.929 23426 24280 I mobile-ffmpeg:   Duration: 
07-06 01:29:44.929 23426 24280 I mobile-ffmpeg: 00:01:00.02
07-06 01:29:44.929 23426 24280 I mobile-ffmpeg: , start: 
07-06 01:29:44.929 23426 24280 I mobile-ffmpeg: 0.000000
07-06 01:29:44.929 23426 24280 I mobile-ffmpeg: , bitrate: 
07-06 01:29:44.929 23426 24280 I mobile-ffmpeg: 9328 kb/s
07-06 01:29:44.929 23426 24280 I mobile-ffmpeg: 
07-06 01:29:44.929 23426 24280 I mobile-ffmpeg:     Stream #0:0
07-06 01:29:44.929 23426 24280 I mobile-ffmpeg: (eng)
07-06 01:29:44.929 23426 24280 I mobile-ffmpeg: : Video: h264 (avc1 / 0x31637661), yuvj420p(pc, bt709), 1280x720, 8398 kb/s
07-06 01:29:44.929 23426 24280 I mobile-ffmpeg: , 
07-06 01:29:44.929 23426 24280 I mobile-ffmpeg: 29.97 fps, 
07-06 01:29:44.929 23426 24280 I mobile-ffmpeg: 29.97 tbr, 
07-06 01:29:44.930 23426 24280 I mobile-ffmpeg: 1k tbn, 
07-06 01:29:44.930 23426 24280 I mobile-ffmpeg: 2k tbc
07-06 01:29:44.930 23426 24280 I mobile-ffmpeg:  (default)
07-06 01:29:44.930 23426 24280 I mobile-ffmpeg: 
07-06 01:29:44.930 23426 24280 I mobile-ffmpeg:     Metadata:
07-06 01:29:44.930 23426 24280 I mobile-ffmpeg:       creation_time   : 
07-06 01:29:44.930 23426 24280 I mobile-ffmpeg: 2020-03-12T04:10:43.000000Z
07-06 01:29:44.930 23426 24280 I mobile-ffmpeg: 
07-06 01:29:44.930 23426 24280 I mobile-ffmpeg:       handler_name    : 
07-06 01:29:44.930 23426 24280 I mobile-ffmpeg: PittaSoft Video Media Handler
07-06 01:29:44.930 23426 24280 I mobile-ffmpeg: 
07-06 01:29:44.930 23426 24280 I mobile-ffmpeg:     Stream #0:1
07-06 01:29:44.930 23426 24280 I mobile-ffmpeg: (eng)
07-06 01:29:44.930 23426 24280 I mobile-ffmpeg: : Audio: aac (mp4a / 0x6134706D), 16000 Hz, stereo, fltp, 47 kb/s
07-06 01:29:44.930 23426 24280 I mobile-ffmpeg:  (default)
07-06 01:29:44.930 23426 24280 I mobile-ffmpeg: 
07-06 01:29:44.930 23426 24280 I mobile-ffmpeg:     Metadata:
07-06 01:29:44.931 23426 24280 I mobile-ffmpeg:       creation_time   : 
07-06 01:29:44.931 23426 24280 I mobile-ffmpeg: 2020-03-12T04:10:43.000000Z
07-06 01:29:44.931 23426 24280 I mobile-ffmpeg: 
07-06 01:29:44.931 23426 24280 I mobile-ffmpeg:       handler_name    : 
07-06 01:29:44.931 23426 24280 I mobile-ffmpeg: PittaSoft Sound Media Handler
07-06 01:29:44.931 23426 24280 I mobile-ffmpeg: 
07-06 01:29:44.931 23426 24280 I mobile-ffmpeg: [segment @ 0x78e85ed200] Opening '/storage/emulated/0/Movies/segment/20200312_150944/20200312_150944!000.mp4' for writing
07-06 01:29:44.931 23426 24280 I mobile-ffmpeg: Output #0, segment, to '/storage/emulated/0/Movies/segment/20200312_150944/20200312_150944!%03d.mp4':
07-06 01:29:44.931 23426 24280 I mobile-ffmpeg:   Metadata:
07-06 01:29:44.931 23426 24280 I mobile-ffmpeg:     compatible_brands: 
07-06 01:29:44.931 23426 24280 I mobile-ffmpeg: mp42mp42
07-06 01:29:44.931 23426 24280 I mobile-ffmpeg: 
07-06 01:29:44.931 23426 24280 I mobile-ffmpeg:     major_brand     : 
07-06 01:29:44.931 23426 24280 I mobile-ffmpeg: mp42
07-06 01:29:44.931 23426 24280 I mobile-ffmpeg: 
07-06 01:29:44.931 23426 24280 I mobile-ffmpeg:     minor_version   : 
07-06 01:29:44.931 23426 24280 I mobile-ffmpeg: 1
07-06 01:29:44.931 23426 24280 I mobile-ffmpeg: 
07-06 01:29:44.931 23426 24280 I mobile-ffmpeg:     encoder         : 
07-06 01:29:44.931 23426 24280 I mobile-ffmpeg: Lavf58.42.100
07-06 01:29:44.932 23426 24280 I mobile-ffmpeg: 
07-06 01:29:44.932 23426 24280 I mobile-ffmpeg:     Stream #0:0
07-06 01:29:44.932 23426 24280 I mobile-ffmpeg: (eng)
07-06 01:29:44.932 23426 24280 I mobile-ffmpeg: : Video: h264 (avc1 / 0x31637661), yuvj420p(pc, bt709), 1280x720, q=2-31, 8398 kb/s
07-06 01:29:44.932 23426 24280 I mobile-ffmpeg: , 
07-06 01:29:44.932 23426 24280 I mobile-ffmpeg: 29.97 fps, 
07-06 01:29:44.932 23426 24280 I mobile-ffmpeg: 29.97 tbr, 
07-06 01:29:44.932 23426 24280 I mobile-ffmpeg: 16k tbn, 
07-06 01:29:44.932 23426 24280 I mobile-ffmpeg: 1k tbc
07-06 01:29:44.932 23426 24280 I mobile-ffmpeg:  (default)
07-06 01:29:44.932 23426 24280 I mobile-ffmpeg: 
07-06 01:29:44.932 23426 24280 I mobile-ffmpeg:     Metadata:
07-06 01:29:44.932 23426 24280 I mobile-ffmpeg:       creation_time   : 
07-06 01:29:44.932 23426 24280 I mobile-ffmpeg: 2020-03-12T04:10:43.000000Z
07-06 01:29:44.932 23426 24280 I mobile-ffmpeg: 
07-06 01:29:44.932 23426 24280 I mobile-ffmpeg:       handler_name    : 
07-06 01:29:44.932 23426 24280 I mobile-ffmpeg: PittaSoft Video Media Handler
07-06 01:29:44.932 23426 24280 I mobile-ffmpeg: 
07-06 01:29:44.932 23426 24280 I mobile-ffmpeg:     Stream #0:1
07-06 01:29:44.932 23426 24280 I mobile-ffmpeg: (eng)
07-06 01:29:44.933 23426 24280 I mobile-ffmpeg: : Audio: aac (mp4a / 0x6134706D), 16000 Hz, stereo, fltp, 47 kb/s
07-06 01:29:44.933 23426 24280 I mobile-ffmpeg:  (default)
07-06 01:29:44.933 23426 24280 I mobile-ffmpeg: 
07-06 01:29:44.933 23426 24280 I mobile-ffmpeg:     Metadata:
07-06 01:29:44.933 23426 24280 I mobile-ffmpeg:       creation_time   : 
07-06 01:29:44.933 23426 24280 I mobile-ffmpeg: 2020-03-12T04:10:43.000000Z
07-06 01:29:44.933 23426 24280 I mobile-ffmpeg: 
07-06 01:29:44.933 23426 24280 I mobile-ffmpeg:       handler_name    : 
07-06 01:29:44.933 23426 24280 I mobile-ffmpeg: PittaSoft Sound Media Handler
07-06 01:29:44.933 23426 24280 I mobile-ffmpeg: 
07-06 01:29:44.933 23426 24280 I mobile-ffmpeg: Stream mapping:
07-06 01:29:44.933 23426 24280 I mobile-ffmpeg:   Stream #0:0 -> #0:0
07-06 01:29:44.933 23426 24280 I mobile-ffmpeg:  (copy)
07-06 01:29:44.933 23426 24280 I mobile-ffmpeg: 
07-06 01:29:44.933 23426 24280 I mobile-ffmpeg:   Stream #0:1 -> #0:1
07-06 01:29:44.933 23426 24280 I mobile-ffmpeg:  (copy)
07-06 01:29:44.933 23426 24280 I mobile-ffmpeg: 
07-06 01:29:44.933 23426 24280 I mobile-ffmpeg: Press [q] to stop, [?] for help
07-06 01:29:44.933 23426 24280 I mobile-ffmpeg: frame=    1 fps=0.0 q=-1.0 size=N/A time=00:00:00.00 bitrate=N/A speed=31.5x    
07-06 01:29:45.011 23426 24280 I mobile-ffmpeg: [segment @ 0x78e85ed200] Opening '/storage/emulated/0/Movies/segment/20200312_150944/20200312_150944!001.mp4' for writing
07-06 01:29:45.065 23426 24280 I mobile-ffmpeg: [segment @ 0x78e85ed200] Opening '/storage/emulated/0/Movies/segment/20200312_150944/20200312_150944!002.mp4' for writing
07-06 01:29:45.117 23426 24280 I mobile-ffmpeg: [segment @ 0x78e85ed200] Opening '/storage/emulated/0/Movies/segment/20200312_150944/20200312_150944!003.mp4' for writing
07-06 01:29:45.156 23426 24280 I mobile-ffmpeg: frame= 1800 fps=0.0 q=-1.0 Lsize=N/A time=00:01:00.02 bitrate=N/A speed= 266x    
07-06 01:29:45.156 23426 24280 I mobile-ffmpeg: video:61532kB audio:345kB subtitle:0kB other streams:0kB global headers:0kB muxing overhead: 
07-06 01:29:45.156 23426 24280 I mobile-ffmpeg: unknown
07-06 01:29:45.156 23426 24280 I mobile-ffmpeg: 
07-06 01:29:45.160 23426 24260 V FileManager: External storage is readable
07-06 01:29:45.160 23426 24260 V FileManager: Directory already exists: /storage/emulated/0/Movies/segment/20200312_150944
07-06 01:29:45.160 23426 24260 V VideoManager: Retrieving videos from /storage/emulated/0/Movies/segment/20200312_150944
07-06 01:29:45.161 23426 24260 V VideoManager: Retrieving video from /storage/emulated/0/Movies/segment/20200312_150944/20200312_150944!000.mp4
07-06 01:29:45.169 23426 24260 V VideoManager: videoFromCursor
07-06 01:29:45.172 23426 24260 V VideoManager: Retrieving video from /storage/emulated/0/Movies/segment/20200312_150944/20200312_150944!001.mp4
07-06 01:29:45.181 23426 24260 V VideoManager: videoFromCursor
07-06 01:29:45.184 23426 24260 V VideoManager: Retrieving video from /storage/emulated/0/Movies/segment/20200312_150944/20200312_150944!002.mp4
07-06 01:29:45.192 23426 24260 V VideoManager: videoFromCursor
07-06 01:29:45.194 23426 24260 V VideoManager: Retrieving video from /storage/emulated/0/Movies/segment/20200312_150944/20200312_150944!003.mp4
07-06 01:29:45.203 23426 24260 V VideoManager: videoFromCursor
07-06 01:29:45.206 23426 24260 V NearbyFragment: nextTransfer with selected algorithm: least_busy
07-06 01:29:45.207 23426 24260 W NearbyFragment: Sending 20200312_150944!000.mp4 to Nexus 5X [34d8]
07-06 01:29:45.219 23426 23426 V NearbyFragment: Transfer to Endpoint{id=Qd2N, name=Nexus 5X [34d8]} complete
07-06 01:29:46.209 23426 24260 V DownloadTestVideosTask: Starting DownloadTestVideosTask
07-06 01:29:46.211 23426 24260 V DashDownloadManager: Started downloading: 20200312_151044.mp4
07-06 01:29:46.215 23426 24260 I System.out: (HTTPLog)-Static: isSBSettingEnabled false
07-06 01:29:46.215 23426 24260 I System.out: (HTTPLog)-Static: isSBSettingEnabled false
07-06 01:29:46.244 23426 24260 I System.out: (HTTPLog)-Thread-3467-174343346: getTransferStream : ContentLength=69990400, method=GET, HTTPVersion=http/1.1
07-06 01:29:49.380 23426 23426 V NearbyFragment: Transfer to Endpoint{id=Qd2N, name=Nexus 5X [34d8]} complete
07-06 01:29:49.652 23426 23426 D NearbyFragment: onPayloadReceived(endpointId=Qd2N, payload=com.google.android.gms.nearby.connection.Payload@d4bac03)
07-06 01:29:49.654 23426 23426 D NearbyFragment: Endpoint{id=Qd2N, name=Nexus 5X [34d8]} has finished downloading 20200312_150944!000.mp4
07-06 01:29:49.656 23426 23426 V NearbyFragment: nextTransfer with selected algorithm: least_busy
07-06 01:29:49.662 23426 23426 W NearbyFragment: Sending 20200312_150944!001.mp4 to Nexus 5 [1825]
07-06 01:29:49.680 23426 23426 V NearbyFragment: Transfer to Endpoint{id=Rc4h, name=Nexus 5 [1825]} complete
07-06 01:29:49.690 23426 23426 V NearbyFragment: Transfer to Endpoint{id=Qd2N, name=Nexus 5X [34d8]} complete
07-06 01:29:55.636 23426 23426 V NearbyFragment: Transfer to Endpoint{id=Rc4h, name=Nexus 5 [1825]} complete
07-06 01:29:55.974 23426 23426 D NearbyFragment: onPayloadReceived(endpointId=Rc4h, payload=com.google.android.gms.nearby.connection.Payload@d4df9fe)
07-06 01:29:55.974 23426 23426 D NearbyFragment: Endpoint{id=Rc4h, name=Nexus 5 [1825]} has finished downloading 20200312_150944!001.mp4
07-06 01:29:55.975 23426 23426 V NearbyFragment: nextTransfer with selected algorithm: least_busy
07-06 01:29:55.978 23426 23426 W NearbyFragment: Sending 20200312_150944!002.mp4 to Nexus 5X [9c8f]
07-06 01:29:55.990 23426 23426 V NearbyFragment: Transfer to Endpoint{id=TtzO, name=Nexus 5X [9c8f]} complete
07-06 01:29:56.026 23426 23426 V NearbyFragment: Transfer to Endpoint{id=Rc4h, name=Nexus 5 [1825]} complete
07-06 01:30:01.279 23426 23426 V NearbyFragment: Transfer to Endpoint{id=TtzO, name=Nexus 5X [9c8f]} complete
07-06 01:30:01.594 23426 23426 D NearbyFragment: onPayloadReceived(endpointId=TtzO, payload=com.google.android.gms.nearby.connection.Payload@3c27075)
07-06 01:30:01.595 23426 23426 D NearbyFragment: Endpoint{id=TtzO, name=Nexus 5X [9c8f]} has finished downloading 20200312_150944!002.mp4
07-06 01:30:01.596 23426 23426 V NearbyFragment: nextTransfer with selected algorithm: least_busy
07-06 01:30:01.599 23426 23426 W NearbyFragment: Sending 20200312_150944!003.mp4 to Nexus 5X [34d8]
07-06 01:30:01.619 23426 23426 V NearbyFragment: Transfer to Endpoint{id=Qd2N, name=Nexus 5X [34d8]} complete
07-06 01:30:01.645 23426 23426 V NearbyFragment: Transfer to Endpoint{id=TtzO, name=Nexus 5X [9c8f]} complete
07-06 01:30:02.136 23426 23426 D NearbyFragment: onPayloadReceived(endpointId=Rc4h, payload=com.google.android.gms.nearby.connection.Payload@3349698)
07-06 01:30:02.137 23426 23426 D NearbyFragment: 20200312_150944!001.mp4 from Endpoint{id=Rc4h, name=Nexus 5 [1825]} contained no activity
07-06 01:30:02.137 23426 23426 V NearbyFragment: Received a segment of 20200312_150944
07-06 01:30:02.138 23426 23426 I NearbyFragment: Transfer queue is empty
07-06 01:30:02.160 23426 23426 V NearbyFragment: Transfer to Endpoint{id=Rc4h, name=Nexus 5 [1825]} complete
07-06 01:30:04.618 23426 23426 D NearbyFragment: onPayloadReceived(endpointId=TtzO, payload=com.google.android.gms.nearby.connection.Payload@4d69ef1)
07-06 01:30:04.620 23426 23426 D NearbyFragment: 20200312_150944!002.mp4 from Endpoint{id=TtzO, name=Nexus 5X [9c8f]} contained no activity
07-06 01:30:04.622 23426 23426 V NearbyFragment: Received a segment of 20200312_150944
07-06 01:30:04.623 23426 23426 I NearbyFragment: Transfer queue is empty
07-06 01:30:04.750 23426 23426 V NearbyFragment: Transfer to Endpoint{id=TtzO, name=Nexus 5X [9c8f]} complete
07-06 01:30:07.200 23426 23426 V NearbyFragment: Transfer to Endpoint{id=Qd2N, name=Nexus 5X [34d8]} complete
07-06 01:30:07.689 23426 23426 D NearbyFragment: onPayloadReceived(endpointId=Qd2N, payload=com.google.android.gms.nearby.connection.Payload@3354ad6)
07-06 01:30:07.690 23426 23426 D NearbyFragment: Endpoint{id=Qd2N, name=Nexus 5X [34d8]} has finished downloading 20200312_150944!003.mp4
07-06 01:30:07.692 23426 23426 I NearbyFragment: Transfer queue is empty
07-06 01:30:07.742 23426 23426 V NearbyFragment: Transfer to Endpoint{id=Qd2N, name=Nexus 5X [34d8]} complete
07-06 01:30:14.337 23426 23426 D NearbyFragment: onPayloadReceived(endpointId=Qd2N, payload=com.google.android.gms.nearby.connection.Payload@2024157)
07-06 01:30:14.337 23426 23426 V NearbyFragment: Started downloading 20200312_150944!000.mp4 from Endpoint{id=Qd2N, name=Nexus 5X [34d8]}
07-06 01:30:14.338 23426 23426 I NearbyFragment: Transfer queue is empty
07-06 01:30:14.340 23426 23426 V NearbyFragment: Transfer to Endpoint{id=Qd2N, name=Nexus 5X [34d8]} complete
07-06 01:30:14.383 23426 23426 D NearbyFragment: onPayloadReceived(endpointId=Qd2N, payload=com.google.android.gms.nearby.connection.Payload@b288444)
07-06 01:30:14.834 23426 23426 V NearbyFragment: Transfer to Endpoint{id=Qd2N, name=Nexus 5X [34d8]} complete
07-06 01:30:14.837 23426 23426 W NearbyFragment: Completed downloading 20200312_150944!000.mp4 from Endpoint{id=Qd2N, name=Nexus 5X [34d8]} in 00.497s
07-06 01:30:14.849 23426 23426 V FileManager: External storage is readable
07-06 01:30:14.854 23426 23426 V FileManager: Created new directory: /storage/emulated/0/Movies/segment-sum/20200312_150944
07-06 01:30:14.934 23426 23426 V NearbyFragment: Received a segment of 20200312_150944
07-06 01:30:16.833 23426 24260 V VideoManager: Retrieving video from /storage/emulated/0/Movies/raw/20200312_151044.mp4
07-06 01:30:16.857 23426 24260 D VideoManager: videoCursor is null
07-06 01:30:16.918 23426 24260 V VideoManager: videoFromCursor
07-06 01:30:16.922 23426 24260 W DashDownloadManager: Successfully downloaded 20200312_151044.mp4 in 30.621s
07-06 01:30:16.922 23426 24260 V DownloadTestVideosTask: Entering callback for download completion of 20200312_151044.mp4
07-06 01:30:16.922 23426 24260 V RawFootageEventHandler: onAdd
07-06 01:30:16.923 23426 24260 V FfmpegTools: Retrieving duration of /storage/emulated/0/Movies/raw/20200312_151044.mp4
07-06 01:30:16.928 23426 24280 W mobile-ffmpeg: [mov,mp4,m4a,3gp,3g2,mj2 @ 0x78ef058400] Found duplicated MOOV Atom. Skipped it
07-06 01:30:16.970 23426 24280 I mobile-ffmpeg: Input #0, mov,mp4,m4a,3gp,3g2,mj2, from '/storage/emulated/0/Movies/raw/20200312_151044.mp4':
07-06 01:30:16.970 23426 24280 I mobile-ffmpeg:   Metadata:
07-06 01:30:16.971 23426 24280 I mobile-ffmpeg:     creation_time   : 
07-06 01:30:16.971 23426 24280 I mobile-ffmpeg: 2020-03-12T04:11:43.000000Z
07-06 01:30:16.971 23426 24280 I mobile-ffmpeg: 
07-06 01:30:16.971 23426 24280 I mobile-ffmpeg:     major_brand     : 
07-06 01:30:16.971 23426 24280 I mobile-ffmpeg: mp42
07-06 01:30:16.971 23426 24280 I mobile-ffmpeg: 
07-06 01:30:16.971 23426 24280 I mobile-ffmpeg:     minor_version   : 
07-06 01:30:16.971 23426 24280 I mobile-ffmpeg: 1
07-06 01:30:16.971 23426 24280 I mobile-ffmpeg: 
07-06 01:30:16.971 23426 24280 I mobile-ffmpeg:     compatible_brands: 
07-06 01:30:16.971 23426 24280 I mobile-ffmpeg: mp42mp42
07-06 01:30:16.971 23426 24280 I mobile-ffmpeg: 
07-06 01:30:16.971 23426 24280 I mobile-ffmpeg:   Duration: 
07-06 01:30:16.971 23426 24280 I mobile-ffmpeg: 00:01:00.02
07-06 01:30:16.971 23426 24280 I mobile-ffmpeg: , start: 
07-06 01:30:16.971 23426 24280 I mobile-ffmpeg: 0.000000
07-06 01:30:16.971 23426 24280 I mobile-ffmpeg: , bitrate: 
07-06 01:30:16.972 23426 24280 I mobile-ffmpeg: 9328 kb/s
07-06 01:30:16.972 23426 24280 I mobile-ffmpeg: 
07-06 01:30:16.972 23426 24280 I mobile-ffmpeg:     Stream #0:0
07-06 01:30:16.972 23426 24280 I mobile-ffmpeg: (eng)
