07-06 01:35:52.919 23426 24260 I FfmpegTools:   -y -i /storage/emulated/0/Movies/raw/20200312_194830.mp4 -map 0 -c copy -f segment -reset_timestamps 1 -segment_time 16 /storage/emulated/0/Movies/segment/20200312_194830/20200312_194830!%03d.mp4
07-06 01:35:52.928 23426 24280 W mobile-ffmpeg: [mov,mp4,m4a,3gp,3g2,mj2 @ 0x78e85ec000] Found duplicated MOOV Atom. Skipped it
07-06 01:35:52.983 23426 24280 I mobile-ffmpeg: Input #0, mov,mp4,m4a,3gp,3g2,mj2, from '/storage/emulated/0/Movies/raw/20200312_194830.mp4':
07-06 01:35:52.983 23426 24280 I mobile-ffmpeg:   Metadata:
07-06 01:35:52.983 23426 24280 I mobile-ffmpeg:     creation_time   : 
07-06 01:35:52.983 23426 24280 I mobile-ffmpeg: 2020-03-12T08:49:30.000000Z
07-06 01:35:52.983 23426 24280 I mobile-ffmpeg: 
07-06 01:35:52.983 23426 24280 I mobile-ffmpeg:     major_brand     : 
07-06 01:35:52.983 23426 24280 I mobile-ffmpeg: mp42
07-06 01:35:52.983 23426 24280 I mobile-ffmpeg: 
07-06 01:35:52.983 23426 24280 I mobile-ffmpeg:     minor_version   : 
07-06 01:35:52.983 23426 24280 I mobile-ffmpeg: 1
07-06 01:35:52.983 23426 24280 I mobile-ffmpeg: 
07-06 01:35:52.983 23426 24280 I mobile-ffmpeg:     compatible_brands: 
07-06 01:35:52.983 23426 24280 I mobile-ffmpeg: mp42mp42
07-06 01:35:52.984 23426 24280 I mobile-ffmpeg: 
07-06 01:35:52.984 23426 24280 I mobile-ffmpeg:   Duration: 
07-06 01:35:52.984 23426 24280 I mobile-ffmpeg: 00:01:00.02
07-06 01:35:52.984 23426 24280 I mobile-ffmpeg: , start: 
07-06 01:35:52.984 23426 24280 I mobile-ffmpeg: 0.000000
07-06 01:35:52.984 23426 24280 I mobile-ffmpeg: , bitrate: 
07-06 01:35:52.984 23426 24280 I mobile-ffmpeg: 9328 kb/s
07-06 01:35:52.984 23426 24280 I mobile-ffmpeg: 
07-06 01:35:52.984 23426 24280 I mobile-ffmpeg:     Stream #0:0
07-06 01:35:52.984 23426 24280 I mobile-ffmpeg: (eng)
07-06 01:35:52.984 23426 24280 I mobile-ffmpeg: : Video: h264 (avc1 / 0x31637661), yuvj420p(pc, bt709), 1280x720, 8389 kb/s
07-06 01:35:52.984 23426 24280 I mobile-ffmpeg: , 
07-06 01:35:52.984 23426 24280 I mobile-ffmpeg: 29.97 fps, 
07-06 01:35:52.984 23426 24280 I mobile-ffmpeg: 29.97 tbr, 
07-06 01:35:52.984 23426 24280 I mobile-ffmpeg: 1k tbn, 
07-06 01:35:52.984 23426 24280 I mobile-ffmpeg: 2k tbc
07-06 01:35:52.984 23426 24280 I mobile-ffmpeg:  (default)
07-06 01:35:52.984 23426 24280 I mobile-ffmpeg: 
07-06 01:35:52.984 23426 24280 I mobile-ffmpeg:     Metadata:
07-06 01:35:52.984 23426 24280 I mobile-ffmpeg:       creation_time   : 
07-06 01:35:52.984 23426 24280 I mobile-ffmpeg: 2020-03-12T08:49:30.000000Z
07-06 01:35:52.984 23426 24280 I mobile-ffmpeg: 
07-06 01:35:52.984 23426 24280 I mobile-ffmpeg:       handler_name    : 
07-06 01:35:52.984 23426 24280 I mobile-ffmpeg: PittaSoft Video Media Handler
07-06 01:35:52.984 23426 24280 I mobile-ffmpeg: 
07-06 01:35:52.984 23426 24280 I mobile-ffmpeg:     Stream #0:1
07-06 01:35:52.984 23426 24280 I mobile-ffmpeg: (eng)
07-06 01:35:52.984 23426 24280 I mobile-ffmpeg: : Audio: aac (mp4a / 0x6134706D), 16000 Hz, stereo, fltp, 47 kb/s
07-06 01:35:52.984 23426 24280 I mobile-ffmpeg:  (default)
07-06 01:35:52.984 23426 24280 I mobile-ffmpeg: 
07-06 01:35:52.984 23426 24280 I mobile-ffmpeg:     Metadata:
07-06 01:35:52.984 23426 24280 I mobile-ffmpeg:       creation_time   : 
07-06 01:35:52.985 23426 24280 I mobile-ffmpeg: 2020-03-12T08:49:30.000000Z
07-06 01:35:52.985 23426 24280 I mobile-ffmpeg: 
07-06 01:35:52.985 23426 24280 I mobile-ffmpeg:       handler_name    : 
07-06 01:35:52.985 23426 24280 I mobile-ffmpeg: PittaSoft Sound Media Handler
07-06 01:35:52.985 23426 24280 I mobile-ffmpeg: 
07-06 01:35:52.985 23426 24280 I mobile-ffmpeg: [segment @ 0x78e85ed800] Opening '/storage/emulated/0/Movies/segment/20200312_194830/20200312_194830!000.mp4' for writing
07-06 01:35:52.985 23426 24280 I mobile-ffmpeg: Output #0, segment, to '/storage/emulated/0/Movies/segment/20200312_194830/20200312_194830!%03d.mp4':
07-06 01:35:52.985 23426 24280 I mobile-ffmpeg:   Metadata:
07-06 01:35:52.985 23426 24280 I mobile-ffmpeg:     compatible_brands: 
07-06 01:35:52.985 23426 24280 I mobile-ffmpeg: mp42mp42
07-06 01:35:52.985 23426 24280 I mobile-ffmpeg: 
07-06 01:35:52.985 23426 24280 I mobile-ffmpeg:     major_brand     : 
07-06 01:35:52.985 23426 24280 I mobile-ffmpeg: mp42
07-06 01:35:52.985 23426 24280 I mobile-ffmpeg: 
07-06 01:35:52.985 23426 24280 I mobile-ffmpeg:     minor_version   : 
07-06 01:35:52.985 23426 24280 I mobile-ffmpeg: 1
07-06 01:35:52.985 23426 24280 I mobile-ffmpeg: 
07-06 01:35:52.985 23426 24280 I mobile-ffmpeg:     encoder         : 
07-06 01:35:52.985 23426 24280 I mobile-ffmpeg: Lavf58.42.100
07-06 01:35:52.985 23426 24280 I mobile-ffmpeg: 
07-06 01:35:52.985 23426 24280 I mobile-ffmpeg:     Stream #0:0
07-06 01:35:52.985 23426 24280 I mobile-ffmpeg: (eng)
07-06 01:35:52.985 23426 24280 I mobile-ffmpeg: : Video: h264 (avc1 / 0x31637661), yuvj420p(pc, bt709), 1280x720, q=2-31, 8389 kb/s
07-06 01:35:52.985 23426 24280 I mobile-ffmpeg: , 
07-06 01:35:52.985 23426 24280 I mobile-ffmpeg: 29.97 fps, 
07-06 01:35:52.985 23426 24280 I mobile-ffmpeg: 29.97 tbr, 
07-06 01:35:52.985 23426 24280 I mobile-ffmpeg: 16k tbn, 
07-06 01:35:52.985 23426 24280 I mobile-ffmpeg: 1k tbc
07-06 01:35:52.985 23426 24280 I mobile-ffmpeg:  (default)
07-06 01:35:52.985 23426 24280 I mobile-ffmpeg: 
07-06 01:35:52.985 23426 24280 I mobile-ffmpeg:     Metadata:
07-06 01:35:52.985 23426 24280 I mobile-ffmpeg:       creation_time   : 
07-06 01:35:52.985 23426 24280 I mobile-ffmpeg: 2020-03-12T08:49:30.000000Z
07-06 01:35:52.985 23426 24280 I mobile-ffmpeg: 
07-06 01:35:52.985 23426 24280 I mobile-ffmpeg:       handler_name    : 
07-06 01:35:52.985 23426 24280 I mobile-ffmpeg: PittaSoft Video Media Handler
07-06 01:35:52.985 23426 24280 I mobile-ffmpeg: 
07-06 01:35:52.986 23426 24280 I mobile-ffmpeg:     Stream #0:1
07-06 01:35:52.986 23426 24280 I mobile-ffmpeg: (eng)
07-06 01:35:52.986 23426 24280 I mobile-ffmpeg: : Audio: aac (mp4a / 0x6134706D), 16000 Hz, stereo, fltp, 47 kb/s
07-06 01:35:52.986 23426 24280 I mobile-ffmpeg:  (default)
07-06 01:35:52.986 23426 24280 I mobile-ffmpeg: 
07-06 01:35:52.986 23426 24280 I mobile-ffmpeg:     Metadata:
07-06 01:35:52.986 23426 24280 I mobile-ffmpeg:       creation_time   : 
07-06 01:35:52.986 23426 24280 I mobile-ffmpeg: 2020-03-12T08:49:30.000000Z
07-06 01:35:52.986 23426 24280 I mobile-ffmpeg: 
07-06 01:35:52.986 23426 24280 I mobile-ffmpeg:       handler_name    : 
07-06 01:35:52.986 23426 24280 I mobile-ffmpeg: PittaSoft Sound Media Handler
07-06 01:35:52.986 23426 24280 I mobile-ffmpeg: 
07-06 01:35:52.986 23426 24280 I mobile-ffmpeg: Stream mapping:
07-06 01:35:52.986 23426 24280 I mobile-ffmpeg:   Stream #0:0 -> #0:0
07-06 01:35:52.986 23426 24280 I mobile-ffmpeg:  (copy)
07-06 01:35:52.986 23426 24280 I mobile-ffmpeg: 
07-06 01:35:52.986 23426 24280 I mobile-ffmpeg:   Stream #0:1 -> #0:1
07-06 01:35:52.986 23426 24280 I mobile-ffmpeg:  (copy)
07-06 01:35:52.986 23426 24280 I mobile-ffmpeg: 
07-06 01:35:52.986 23426 24280 I mobile-ffmpeg: Press [q] to stop, [?] for help
07-06 01:35:52.986 23426 24280 I mobile-ffmpeg: frame=    1 fps=0.0 q=-1.0 size=N/A time=00:00:00.00 bitrate=N/A speed=  63x    
07-06 01:35:53.065 23426 24280 I mobile-ffmpeg: [segment @ 0x78e85ed800] Opening '/storage/emulated/0/Movies/segment/20200312_194830/20200312_194830!001.mp4' for writing
07-06 01:35:53.122 23426 24280 I mobile-ffmpeg: [segment @ 0x78e85ed800] Opening '/storage/emulated/0/Movies/segment/20200312_194830/20200312_194830!002.mp4' for writing
07-06 01:35:53.175 23426 24280 I mobile-ffmpeg: [segment @ 0x78e85ed800] Opening '/storage/emulated/0/Movies/segment/20200312_194830/20200312_194830!003.mp4' for writing
07-06 01:35:53.214 23426 24280 I mobile-ffmpeg: frame= 1800 fps=0.0 q=-1.0 Lsize=N/A time=00:01:00.01 bitrate=N/A speed= 262x    
07-06 01:35:53.214 23426 24280 I mobile-ffmpeg: video:61471kB audio:345kB subtitle:0kB other streams:0kB global headers:0kB muxing overhead: 
07-06 01:35:53.214 23426 24280 I mobile-ffmpeg: unknown
07-06 01:35:53.214 23426 24280 I mobile-ffmpeg: 
07-06 01:35:53.219 23426 24260 V FileManager: External storage is readable
07-06 01:35:53.219 23426 24260 V FileManager: Directory already exists: /storage/emulated/0/Movies/segment/20200312_194830
07-06 01:35:53.219 23426 24260 V VideoManager: Retrieving videos from /storage/emulated/0/Movies/segment/20200312_194830
07-06 01:35:53.219 23426 24260 V VideoManager: Retrieving video from /storage/emulated/0/Movies/segment/20200312_194830/20200312_194830!000.mp4
07-06 01:35:53.238 23426 24260 V VideoManager: videoFromCursor
07-06 01:35:53.242 23426 24260 V VideoManager: Retrieving video from /storage/emulated/0/Movies/segment/20200312_194830/20200312_194830!001.mp4
07-06 01:35:53.252 23426 24260 V VideoManager: videoFromCursor
07-06 01:35:53.256 23426 24260 V VideoManager: Retrieving video from /storage/emulated/0/Movies/segment/20200312_194830/20200312_194830!002.mp4
07-06 01:35:53.268 23426 24260 V VideoManager: videoFromCursor
07-06 01:35:53.271 23426 24260 V VideoManager: Retrieving video from /storage/emulated/0/Movies/segment/20200312_194830/20200312_194830!003.mp4
07-06 01:35:53.281 23426 24260 V VideoManager: videoFromCursor
07-06 01:35:53.287 23426 24260 V NearbyFragment: nextTransfer with selected algorithm: least_busy
07-06 01:35:53.289 23426 24260 W NearbyFragment: Sending 20200312_194830!000.mp4 to Nexus 5X [34d8]
07-06 01:35:53.304 23426 23426 V NearbyFragment: Transfer to Endpoint{id=Qd2N, name=Nexus 5X [34d8]} complete
07-06 01:35:54.291 23426 24260 V DownloadTestVideosTask: Starting DownloadTestVideosTask
07-06 01:35:54.292 23426 24260 V DashDownloadManager: Started downloading: 20200312_194930.mp4
07-06 01:35:54.294 23426 24260 I System.out: (HTTPLog)-Static: isSBSettingEnabled false
07-06 01:35:54.294 23426 24260 I System.out: (HTTPLog)-Static: isSBSettingEnabled false
07-06 01:35:54.320 23426 24260 I System.out: (HTTPLog)-Thread-3467-162722593: getTransferStream : ContentLength=69990400, method=GET, HTTPVersion=http/1.1
07-06 01:35:57.737 23426 23426 V NearbyFragment: Transfer to Endpoint{id=Qd2N, name=Nexus 5X [34d8]} complete
07-06 01:35:58.313 23426 23426 D NearbyFragment: onPayloadReceived(endpointId=Qd2N, payload=com.google.android.gms.nearby.connection.Payload@3cbc346)
07-06 01:35:58.314 23426 23426 D NearbyFragment: Endpoint{id=Qd2N, name=Nexus 5X [34d8]} has finished downloading 20200312_194830!000.mp4
07-06 01:35:58.314 23426 23426 V NearbyFragment: nextTransfer with selected algorithm: least_busy
07-06 01:35:58.316 23426 23426 W NearbyFragment: Sending 20200312_194830!001.mp4 to Nexus 5 [1825]
07-06 01:35:58.330 23426 23426 V NearbyFragment: Transfer to Endpoint{id=Rc4h, name=Nexus 5 [1825]} complete
07-06 01:35:58.471 23426 23426 V NearbyFragment: Transfer to Endpoint{id=Qd2N, name=Nexus 5X [34d8]} complete
07-06 01:36:03.353 23426 23426 V NearbyFragment: Transfer to Endpoint{id=Rc4h, name=Nexus 5 [1825]} complete
07-06 01:36:03.806 23426 23426 D NearbyFragment: onPayloadReceived(endpointId=Rc4h, payload=com.google.android.gms.nearby.connection.Payload@470cdd2)
07-06 01:36:03.806 23426 23426 D NearbyFragment: Endpoint{id=Rc4h, name=Nexus 5 [1825]} has finished downloading 20200312_194830!001.mp4
07-06 01:36:03.807 23426 23426 V NearbyFragment: nextTransfer with selected algorithm: least_busy
07-06 01:36:03.808 23426 23426 W NearbyFragment: Sending 20200312_194830!002.mp4 to Nexus 5X [9c8f]
07-06 01:36:03.819 23426 23426 V NearbyFragment: Transfer to Endpoint{id=TtzO, name=Nexus 5X [9c8f]} complete
07-06 01:36:03.862 23426 23426 V NearbyFragment: Transfer to Endpoint{id=Rc4h, name=Nexus 5 [1825]} complete
07-06 01:36:07.825 23426 23426 V NearbyFragment: Transfer to Endpoint{id=TtzO, name=Nexus 5X [9c8f]} complete
07-06 01:36:08.065 23426 23426 D NearbyFragment: onPayloadReceived(endpointId=TtzO, payload=com.google.android.gms.nearby.connection.Payload@175e559)
07-06 01:36:08.066 23426 23426 D NearbyFragment: Endpoint{id=TtzO, name=Nexus 5X [9c8f]} has finished downloading 20200312_194830!002.mp4
07-06 01:36:08.066 23426 23426 V NearbyFragment: nextTransfer with selected algorithm: least_busy
07-06 01:36:08.068 23426 23426 W NearbyFragment: Sending 20200312_194830!003.mp4 to Nexus 5X [34d8]
07-06 01:36:08.083 23426 23426 V NearbyFragment: Transfer to Endpoint{id=Qd2N, name=Nexus 5X [34d8]} complete
07-06 01:36:08.118 23426 23426 V NearbyFragment: Transfer to Endpoint{id=TtzO, name=Nexus 5X [9c8f]} complete
07-06 01:36:12.803 23426 23426 V NearbyFragment: Transfer to Endpoint{id=Qd2N, name=Nexus 5X [34d8]} complete
07-06 01:36:13.371 23426 23426 D NearbyFragment: onPayloadReceived(endpointId=Qd2N, payload=com.google.android.gms.nearby.connection.Payload@41abcc)
07-06 01:36:13.372 23426 23426 D NearbyFragment: Endpoint{id=Qd2N, name=Nexus 5X [34d8]} has finished downloading 20200312_194830!003.mp4
07-06 01:36:13.373 23426 23426 I NearbyFragment: Transfer queue is empty
07-06 01:36:13.416 23426 23426 V NearbyFragment: Transfer to Endpoint{id=Qd2N, name=Nexus 5X [34d8]} complete
07-06 01:36:22.793 23426 24260 V VideoManager: Retrieving video from /storage/emulated/0/Movies/raw/20200312_194930.mp4
07-06 01:36:22.806 23426 24260 D VideoManager: videoCursor is null
07-06 01:36:22.890 23426 24260 V VideoManager: videoFromCursor
07-06 01:36:22.898 23426 24260 W DashDownloadManager: Successfully downloaded 20200312_194930.mp4 in 28.500s
07-06 01:36:22.898 23426 24260 V DownloadTestVideosTask: Entering callback for download completion of 20200312_194930.mp4
07-06 01:36:22.899 23426 24260 V RawFootageEventHandler: onAdd
07-06 01:36:22.900 23426 24260 V FfmpegTools: Retrieving duration of /storage/emulated/0/Movies/raw/20200312_194930.mp4
07-06 01:36:22.908 23426 24280 W mobile-ffmpeg: [mov,mp4,m4a,3gp,3g2,mj2 @ 0x78ef058400] Found duplicated MOOV Atom. Skipped it
07-06 01:36:22.984 23426 24280 I mobile-ffmpeg: Input #0, mov,mp4,m4a,3gp,3g2,mj2, from '/storage/emulated/0/Movies/raw/20200312_194930.mp4':
07-06 01:36:22.984 23426 24280 I mobile-ffmpeg:   Metadata:
07-06 01:36:22.984 23426 24280 I mobile-ffmpeg:     creation_time   : 
07-06 01:36:22.984 23426 24280 I mobile-ffmpeg: 2020-03-12T08:50:30.000000Z
07-06 01:36:22.984 23426 24280 I mobile-ffmpeg: 
07-06 01:36:22.984 23426 24280 I mobile-ffmpeg:     major_brand     : 
07-06 01:36:22.984 23426 24280 I mobile-ffmpeg: mp42
07-06 01:36:22.984 23426 24280 I mobile-ffmpeg: 
07-06 01:36:22.984 23426 24280 I mobile-ffmpeg:     minor_version   : 
07-06 01:36:22.984 23426 24280 I mobile-ffmpeg: 1
07-06 01:36:22.984 23426 24280 I mobile-ffmpeg: 
07-06 01:36:22.984 23426 24280 I mobile-ffmpeg:     compatible_brands: 
07-06 01:36:22.984 23426 24280 I mobile-ffmpeg: mp42mp42
07-06 01:36:22.984 23426 24280 I mobile-ffmpeg: 
07-06 01:36:22.984 23426 24280 I mobile-ffmpeg:   Duration: 
07-06 01:36:22.984 23426 24280 I mobile-ffmpeg: 00:01:00.02
07-06 01:36:22.984 23426 24280 I mobile-ffmpeg: , start: 
07-06 01:36:22.984 23426 24280 I mobile-ffmpeg: 0.000000
07-06 01:36:22.984 23426 24280 I mobile-ffmpeg: , bitrate: 
07-06 01:36:22.984 23426 24280 I mobile-ffmpeg: 9328 kb/s
07-06 01:36:22.984 23426 24280 I mobile-ffmpeg: 
07-06 01:36:22.984 23426 24280 I mobile-ffmpeg:     Stream #0:0
07-06 01:36:22.984 23426 24280 I mobile-ffmpeg: (eng)
07-06 01:36:22.985 23426 24280 I mobile-ffmpeg: : Video: h264 (avc1 / 0x31637661), yuvj420p(pc, bt709), 1280x720, 8383 kb/s
07-06 01:36:22.985 23426 24280 I mobile-ffmpeg: , 
07-06 01:36:22.985 23426 24280 I mobile-ffmpeg: 29.97 fps, 
07-06 01:36:22.985 23426 24280 I mobile-ffmpeg: 29.97 tbr, 
07-06 01:36:22.985 23426 24280 I mobile-ffmpeg: 1k tbn, 
07-06 01:36:22.985 23426 24280 I mobile-ffmpeg: 2k tbc
07-06 01:36:22.985 23426 24280 I mobile-ffmpeg:  (default)
07-06 01:36:22.985 23426 24280 I mobile-ffmpeg: 
07-06 01:36:22.985 23426 24280 I mobile-ffmpeg:     Metadata:
07-06 01:36:22.985 23426 24280 I mobile-ffmpeg:       creation_time   : 
07-06 01:36:22.985 23426 24280 I mobile-ffmpeg: 2020-03-12T08:50:30.000000Z
07-06 01:36:22.985 23426 24280 I mobile-ffmpeg: 
07-06 01:36:22.985 23426 24280 I mobile-ffmpeg:       handler_name    : 
07-06 01:36:22.985 23426 24280 I mobile-ffmpeg: PittaSoft Video Media Handler
07-06 01:36:22.985 23426 24280 I mobile-ffmpeg: 
07-06 01:36:22.985 23426 24280 I mobile-ffmpeg:     Stream #0:1
07-06 01:36:22.985 23426 24280 I mobile-ffmpeg: (eng)
07-06 01:36:22.985 23426 24280 I mobile-ffmpeg: : Audio: aac (mp4a / 0x6134706D), 16000 Hz, stereo, fltp, 47 kb/s
07-06 01:36:22.985 23426 24280 I mobile-ffmpeg:  (default)
07-06 01:36:22.985 23426 24280 I mobile-ffmpeg: 
07-06 01:36:22.985 23426 24280 I mobile-ffmpeg:     Metadata:
07-06 01:36:22.985 23426 24280 I mobile-ffmpeg:       creation_time   : 
07-06 01:36:22.985 23426 24280 I mobile-ffmpeg: 2020-03-12T08:50:30.000000Z
07-06 01:36:22.985 23426 24280 I mobile-ffmpeg: 
07-06 01:36:22.985 23426 24280 I mobile-ffmpeg:       handler_name    : 
07-06 01:36:22.985 23426 24280 I mobile-ffmpeg: PittaSoft Sound Media Handler
07-06 01:36:22.985 23426 24280 I mobile-ffmpeg: 
07-06 01:36:22.997 23426 24260 V FileManager: External storage is readable
07-06 01:36:22.998 23426 24260 V FileManager: Created new directory: /storage/emulated/0/Movies/segment/20200312_194930
07-06 01:36:22.998 23426 24260 V FfmpegTools: Splitting /storage/emulated/0/Movies/raw/20200312_194930.mp4 with 16s long segments
07-06 01:36:22.999 23426 24260 I FfmpegTools: Running ffmpeg with:
07-06 01:36:22.999 23426 24260 I FfmpegTools:   -y -i /storage/emulated/0/Movies/raw/20200312_194930.mp4 -map 0 -c copy -f segment -reset_timestamps 1 -segment_time 16 /storage/emulated/0/Movies/segment/20200312_194930/20200312_194930!%03d.mp4
07-06 01:36:23.009 23426 24280 W mobile-ffmpeg: [mov,mp4,m4a,3gp,3g2,mj2 @ 0x78ef058400] Found duplicated MOOV Atom. Skipped it
07-06 01:36:23.064 23426 24280 I mobile-ffmpeg: Input #0, mov,mp4,m4a,3gp,3g2,mj2, from '/storage/emulated/0/Movies/raw/20200312_194930.mp4':
07-06 01:36:23.064 23426 24280 I mobile-ffmpeg:   Metadata:
07-06 01:36:23.064 23426 24280 I mobile-ffmpeg:     creation_time   : 
07-06 01:36:23.064 23426 24280 I mobile-ffmpeg: 2020-03-12T08:50:30.000000Z
07-06 01:36:23.064 23426 24280 I mobile-ffmpeg: 
07-06 01:36:23.064 23426 24280 I mobile-ffmpeg:     major_brand     : 
07-06 01:36:23.064 23426 24280 I mobile-ffmpeg: mp42
07-06 01:36:23.064 23426 24280 I mobile-ffmpeg: 
07-06 01:36:23.064 23426 24280 I mobile-ffmpeg:     minor_version   : 
07-06 01:36:23.064 23426 24280 I mobile-ffmpeg: 1
07-06 01:36:23.064 23426 24280 I mobile-ffmpeg: 
07-06 01:36:23.064 23426 24280 I mobile-ffmpeg:     compatible_brands: 
07-06 01:36:23.064 23426 24280 I mobile-ffmpeg: mp42mp42
07-06 01:36:23.064 23426 24280 I mobile-ffmpeg: 
07-06 01:36:23.064 23426 24280 I mobile-ffmpeg:   Duration: 
07-06 01:36:23.064 23426 24280 I mobile-ffmpeg: 00:01:00.02
07-06 01:36:23.064 23426 24280 I mobile-ffmpeg: , start: 
07-06 01:36:23.064 23426 24280 I mobile-ffmpeg: 0.000000
07-06 01:36:23.064 23426 24280 I mobile-ffmpeg: , bitrate: 
07-06 01:36:23.065 23426 24280 I mobile-ffmpeg: 9328 kb/s
07-06 01:36:23.065 23426 24280 I mobile-ffmpeg: 
07-06 01:36:23.065 23426 24280 I mobile-ffmpeg:     Stream #0:0
07-06 01:36:23.065 23426 24280 I mobile-ffmpeg: (eng)
07-06 01:36:23.065 23426 24280 I mobile-ffmpeg: : Video: h264 (avc1 / 0x31637661), yuvj420p(pc, bt709), 1280x720, 8383 kb/s
07-06 01:36:23.065 23426 24280 I mobile-ffmpeg: , 
07-06 01:36:23.065 23426 24280 I mobile-ffmpeg: 29.97 fps, 
07-06 01:36:23.065 23426 24280 I mobile-ffmpeg: 29.97 tbr, 
07-06 01:36:23.065 23426 24280 I mobile-ffmpeg: 1k tbn, 
07-06 01:36:23.065 23426 24280 I mobile-ffmpeg: 2k tbc
07-06 01:36:23.065 23426 24280 I mobile-ffmpeg:  (default)
07-06 01:36:23.065 23426 24280 I mobile-ffmpeg: 
07-06 01:36:23.065 23426 24280 I mobile-ffmpeg:     Metadata:
07-06 01:36:23.065 23426 24280 I mobile-ffmpeg:       creation_time   : 
07-06 01:36:23.065 23426 24280 I mobile-ffmpeg: 2020-03-12T08:50:30.000000Z
07-06 01:36:23.065 23426 24280 I mobile-ffmpeg: 
07-06 01:36:23.065 23426 24280 I mobile-ffmpeg:       handler_name    : 
07-06 01:36:23.065 23426 24280 I mobile-ffmpeg: PittaSoft Video Media Handler
07-06 01:36:23.065 23426 24280 I mobile-ffmpeg: 
07-06 01:36:23.065 23426 24280 I mobile-ffmpeg:     Stream #0:1
07-06 01:36:23.065 23426 24280 I mobile-ffmpeg: (eng)
07-06 01:36:23.065 23426 24280 I mobile-ffmpeg: : Audio: aac (mp4a / 0x6134706D), 16000 Hz, stereo, fltp, 47 kb/s
07-06 01:36:23.065 23426 24280 I mobile-ffmpeg:  (default)
07-06 01:36:23.065 23426 24280 I mobile-ffmpeg: 
07-06 01:36:23.065 23426 24280 I mobile-ffmpeg:     Metadata:
07-06 01:36:23.065 23426 24280 I mobile-ffmpeg:       creation_time   : 
07-06 01:36:23.065 23426 24280 I mobile-ffmpeg: 2020-03-12T08:50:30.000000Z
07-06 01:36:23.065 23426 24280 I mobile-ffmpeg: 
07-06 01:36:23.065 23426 24280 I mobile-ffmpeg:       handler_name    : 
07-06 01:36:23.065 23426 24280 I mobile-ffmpeg: PittaSoft Sound Media Handler
07-06 01:36:23.065 23426 24280 I mobile-ffmpeg: 
07-06 01:36:23.065 23426 24280 I mobile-ffmpeg: [segment @ 0x78e85ecc00] Opening '/storage/emulated/0/Movies/segment/20200312_194930/20200312_194930!000.mp4' for writing
07-06 01:36:23.065 23426 24280 I mobile-ffmpeg: Output #0, segment, to '/storage/emulated/0/Movies/segment/20200312_194930/20200312_194930!%03d.mp4':
07-06 01:36:23.065 23426 24280 I mobile-ffmpeg:   Metadata:
07-06 01:36:23.065 23426 24280 I mobile-ffmpeg:     compatible_brands: 
07-06 01:36:23.065 23426 24280 I mobile-ffmpeg: mp42mp42
07-06 01:36:23.066 23426 24280 I mobile-ffmpeg: 
07-06 01:36:23.066 23426 24280 I mobile-ffmpeg:     major_brand     : 
07-06 01:36:23.066 23426 24280 I mobile-ffmpeg: mp42
07-06 01:36:23.066 23426 24280 I mobile-ffmpeg: 
07-06 01:36:23.066 23426 24280 I mobile-ffmpeg:     minor_version   : 
07-06 01:36:23.066 23426 24280 I mobile-ffmpeg: 1
07-06 01:36:23.066 23426 24280 I mobile-ffmpeg: 
07-06 01:36:23.066 23426 24280 I mobile-ffmpeg:     encoder         : 
07-06 01:36:23.066 23426 24280 I mobile-ffmpeg: Lavf58.42.100
07-06 01:36:23.066 23426 24280 I mobile-ffmpeg: 
07-06 01:36:23.066 23426 24280 I mobile-ffmpeg:     Stream #0:0
07-06 01:36:23.066 23426 24280 I mobile-ffmpeg: (eng)
07-06 01:36:23.066 23426 24280 I mobile-ffmpeg: : Video: h264 (avc1 / 0x31637661), yuvj420p(pc, bt709), 1280x720, q=2-31, 8383 kb/s
07-06 01:36:23.066 23426 24280 I mobile-ffmpeg: , 
07-06 01:36:23.066 23426 24280 I mobile-ffmpeg: 29.97 fps, 
07-06 01:36:23.066 23426 24280 I mobile-ffmpeg: 29.97 tbr, 
07-06 01:36:23.066 23426 24280 I mobile-ffmpeg: 16k tbn, 
07-06 01:36:23.066 23426 24280 I mobile-ffmpeg: 1k tbc
07-06 01:36:23.066 23426 24280 I mobile-ffmpeg:  (default)
07-06 01:36:23.066 23426 24280 I mobile-ffmpeg: 
07-06 01:36:23.066 23426 24280 I mobile-ffmpeg:     Metadata:
07-06 01:36:23.066 23426 24280 I mobile-ffmpeg:       creation_time   : 
07-06 01:36:23.066 23426 24280 I mobile-ffmpeg: 2020-03-12T08:50:30.000000Z
07-06 01:36:23.066 23426 24280 I mobile-ffmpeg: 
07-06 01:36:23.066 23426 24280 I mobile-ffmpeg:       handler_name    : 
07-06 01:36:23.066 23426 24280 I mobile-ffmpeg: PittaSoft Video Media Handler
07-06 01:36:23.066 23426 24280 I mobile-ffmpeg: 
07-06 01:36:23.066 23426 24280 I mobile-ffmpeg:     Stream #0:1
07-06 01:36:23.066 23426 24280 I mobile-ffmpeg: (eng)
07-06 01:36:23.066 23426 24280 I mobile-ffmpeg: : Audio: aac (mp4a / 0x6134706D), 16000 Hz, stereo, fltp, 47 kb/s
07-06 01:36:23.066 23426 24280 I mobile-ffmpeg:  (default)
07-06 01:36:23.066 23426 24280 I mobile-ffmpeg: 
07-06 01:36:23.066 23426 24280 I mobile-ffmpeg:     Metadata:
07-06 01:36:23.066 23426 24280 I mobile-ffmpeg:       creation_time   : 
07-06 01:36:23.066 23426 24280 I mobile-ffmpeg: 2020-03-12T08:50:30.000000Z
07-06 01:36:23.066 23426 24280 I mobile-ffmpeg: 
07-06 01:36:23.067 23426 24280 I mobile-ffmpeg:       handler_name    : 
07-06 01:36:23.067 23426 24280 I mobile-ffmpeg: PittaSoft Sound Media Handler
07-06 01:36:23.067 23426 24280 I mobile-ffmpeg: 
07-06 01:36:23.067 23426 24280 I mobile-ffmpeg: Stream mapping:
07-06 01:36:23.067 23426 24280 I mobile-ffmpeg:   Stream #0:0 -> #0:0
07-06 01:36:23.067 23426 24280 I mobile-ffmpeg:  (copy)
07-06 01:36:23.067 23426 24280 I mobile-ffmpeg: 
07-06 01:36:23.067 23426 24280 I mobile-ffmpeg:   Stream #0:1 -> #0:1
07-06 01:36:23.067 23426 24280 I mobile-ffmpeg:  (copy)
07-06 01:36:23.067 23426 24280 I mobile-ffmpeg: 
07-06 01:36:23.067 23426 24280 I mobile-ffmpeg: Press [q] to stop, [?] for help
07-06 01:36:23.067 23426 24280 I mobile-ffmpeg: frame=    1 fps=0.0 q=-1.0 size=N/A time=00:00:00.00 bitrate=N/A speed=  63x    
07-06 01:36:23.146 23426 24280 I mobile-ffmpeg: [segment @ 0x78e85ecc00] Opening '/storage/emulated/0/Movies/segment/20200312_194930/20200312_194930!001.mp4' for writing
07-06 01:36:23.204 23426 24280 I mobile-ffmpeg: [segment @ 0x78e85ecc00] Opening '/storage/emulated/0/Movies/segment/20200312_194930/20200312_194930!002.mp4' for writing
07-06 01:36:23.256 23426 24280 I mobile-ffmpeg: [segment @ 0x78e85ecc00] Opening '/storage/emulated/0/Movies/segment/20200312_194930/20200312_194930!003.mp4' for writing
07-06 01:36:23.296 23426 24280 I mobile-ffmpeg: frame= 1800 fps=0.0 q=-1.0 Lsize=N/A time=00:01:00.02 bitrate=N/A speed= 261x    
07-06 01:36:23.296 23426 24280 I mobile-ffmpeg: video:61424kB audio:345kB subtitle:0kB other streams:0kB global headers:0kB muxing overhead: 
07-06 01:36:23.296 23426 24280 I mobile-ffmpeg: unknown
07-06 01:36:23.296 23426 24280 I mobile-ffmpeg: 
07-06 01:36:23.300 23426 24260 V FileManager: External storage is readable
07-06 01:36:23.300 23426 24260 V FileManager: Directory already exists: /storage/emulated/0/Movies/segment/20200312_194930
07-06 01:36:23.300 23426 24260 V VideoManager: Retrieving videos from /storage/emulated/0/Movies/segment/20200312_194930
07-06 01:36:23.301 23426 24260 V VideoManager: Retrieving video from /storage/emulated/0/Movies/segment/20200312_194930/20200312_194930!000.mp4
07-06 01:36:23.311 23426 24260 V VideoManager: videoFromCursor
07-06 01:36:23.314 23426 24260 V VideoManager: Retrieving video from /storage/emulated/0/Movies/segment/20200312_194930/20200312_194930!001.mp4
07-06 01:36:23.322 23426 24260 V VideoManager: videoFromCursor
07-06 01:36:23.325 23426 24260 V VideoManager: Retrieving video from /storage/emulated/0/Movies/segment/20200312_194930/20200312_194930!002.mp4
07-06 01:36:23.334 23426 24260 V VideoManager: videoFromCursor
07-06 01:36:23.336 23426 24260 V VideoManager: Retrieving video from /storage/emulated/0/Movies/segment/20200312_194930/20200312_194930!003.mp4
07-06 01:36:23.346 23426 24260 V VideoManager: videoFromCursor
07-06 01:36:23.350 23426 24260 V NearbyFragment: nextTransfer with selected algorithm: least_busy
07-06 01:36:23.351 23426 24260 W NearbyFragment: Sending 20200312_194930!000.mp4 to Nexus 5 [1825]
07-06 01:36:23.373 23426 23426 V NearbyFragment: Transfer to Endpoint{id=Rc4h, name=Nexus 5 [1825]} complete
07-06 01:36:23.852 23426 23426 D NearbyFragment: onPayloadReceived(endpointId=Qd2N, payload=com.google.android.gms.nearby.connection.Payload@dc3b8b8)
07-06 01:36:23.853 23426 23426 V NearbyFragment: Started downloading 20200312_194830!000.mp4 from Endpoint{id=Qd2N, name=Nexus 5X [34d8]}
07-06 01:36:23.854 23426 23426 V NearbyFragment: nextTransfer with selected algorithm: least_busy
07-06 01:36:23.858 23426 23426 W NearbyFragment: Sending 20200312_194930!001.mp4 to Nexus 5X [34d8]
07-06 01:36:23.861 23426 23426 V NearbyFragment: Transfer to Endpoint{id=Qd2N, name=Nexus 5X [34d8]} complete
07-06 01:36:23.870 23426 23426 V NearbyFragment: Transfer to Endpoint{id=Qd2N, name=Nexus 5X [34d8]} complete
07-06 01:36:24.353 23426 24260 V DownloadTestVideosTask: Starting DownloadTestVideosTask
07-06 01:36:24.355 23426 24260 V DashDownloadManager: Started downloading: 20200312_195230.mp4
07-06 01:36:24.359 23426 24260 I System.out: (HTTPLog)-Static: isSBSettingEnabled false
07-06 01:36:24.359 23426 24260 I System.out: (HTTPLog)-Static: isSBSettingEnabled false
07-06 01:36:24.424 23426 24260 I System.out: (HTTPLog)-Thread-3467-266658295: getTransferStream : ContentLength=69990400, method=GET, HTTPVersion=http/1.1
07-06 01:36:24.698 23426 23426 D NearbyFragment: onPayloadReceived(endpointId=Qd2N, payload=com.google.android.gms.nearby.connection.Payload@d57a864)
07-06 01:36:27.302 23426 23426 V NearbyFragment: Transfer to Endpoint{id=Qd2N, name=Nexus 5X [34d8]} complete
07-06 01:36:27.302 23426 23426 W NearbyFragment: Completed downloading 20200312_194830!000.mp4 from Endpoint{id=Qd2N, name=Nexus 5X [34d8]} in 03.449s
07-06 01:36:27.309 23426 23426 V FileManager: External storage is readable
07-06 01:36:27.311 23426 23426 V FileManager: Created new directory: /storage/emulated/0/Movies/segment-sum/20200312_194830
07-06 01:36:27.353 23426 23426 V NearbyFragment: Received a segment of 20200312_194830
07-06 01:36:28.122 23426 23426 D NearbyFragment: onPayloadReceived(endpointId=Qd2N, payload=com.google.android.gms.nearby.connection.Payload@4f95acd)
07-06 01:36:28.123 23426 23426 D NearbyFragment: 20200312_194830!003.mp4 from Endpoint{id=Qd2N, name=Nexus 5X [34d8]} contained no activity
07-06 01:36:28.124 23426 23426 V NearbyFragment: Received a segment of 20200312_194830
07-06 01:36:28.125 23426 23426 V NearbyFragment: nextTransfer with selected algorithm: least_busy
07-06 01:36:28.129 23426 23426 W NearbyFragment: Sending 20200312_194930!002.mp4 to Nexus 5X [34d8]
07-06 01:36:28.147 23426 23426 V NearbyFragment: Transfer to Endpoint{id=Qd2N, name=Nexus 5X [34d8]} complete
07-06 01:36:28.347 23426 23426 V NearbyFragment: Transfer to Endpoint{id=Qd2N, name=Nexus 5X [34d8]} complete
07-06 01:36:29.511 23426 23426 V NearbyFragment: Transfer to Endpoint{id=Rc4h, name=Nexus 5 [1825]} complete
07-06 01:36:30.048 23426 23426 D NearbyFragment: onPayloadReceived(endpointId=Rc4h, payload=com.google.android.gms.nearby.connection.Payload@18e6d0)
07-06 01:36:30.048 23426 23426 D NearbyFragment: Endpoint{id=Rc4h, name=Nexus 5 [1825]} has finished downloading 20200312_194930!000.mp4
07-06 01:36:30.050 23426 23426 V NearbyFragment: nextTransfer with selected algorithm: least_busy
07-06 01:36:30.055 23426 23426 W NearbyFragment: Sending 20200312_194930!003.mp4 to Nexus 5X [9c8f]
07-06 01:36:30.080 23426 23426 V NearbyFragment: Transfer to Endpoint{id=TtzO, name=Nexus 5X [9c8f]} complete
07-06 01:36:30.164 23426 23426 V NearbyFragment: Transfer to Endpoint{id=Rc4h, name=Nexus 5 [1825]} complete
07-06 01:36:34.439 23426 23426 V NearbyFragment: Transfer to Endpoint{id=Qd2N, name=Nexus 5X [34d8]} complete
07-06 01:36:34.458 23426 23426 D NearbyFragment: onPayloadReceived(endpointId=TtzO, payload=com.google.android.gms.nearby.connection.Payload@5b018ef)
07-06 01:36:34.459 23426 23426 V NearbyFragment: Started downloading 20200312_194830!002.mp4 from Endpoint{id=TtzO, name=Nexus 5X [9c8f]}
07-06 01:36:34.460 23426 23426 I NearbyFragment: Transfer queue is empty
07-06 01:36:34.461 23426 23426 V NearbyFragment: Transfer to Endpoint{id=TtzO, name=Nexus 5X [9c8f]} complete
07-06 01:36:34.874 23426 23426 D NearbyFragment: onPayloadReceived(endpointId=Qd2N, payload=com.google.android.gms.nearby.connection.Payload@b6d9ffc)
07-06 01:36:34.875 23426 23426 D NearbyFragment: Endpoint{id=Qd2N, name=Nexus 5X [34d8]} has finished downloading 20200312_194930!001.mp4
07-06 01:36:34.876 23426 23426 I NearbyFragment: Transfer queue is empty
07-06 01:36:34.881 23426 23426 V NearbyFragment: Transfer to Endpoint{id=Qd2N, name=Nexus 5X [34d8]} complete
07-06 01:36:34.904 23426 23426 D NearbyFragment: onPayloadReceived(endpointId=TtzO, payload=com.google.android.gms.nearby.connection.Payload@d541685)
07-06 01:36:36.553 23426 23426 D NearbyFragment: onPayloadReceived(endpointId=Rc4h, payload=com.google.android.gms.nearby.connection.Payload@b884cda)
07-06 01:36:36.554 23426 23426 V NearbyFragment: Started downloading 20200312_194830!001.mp4 from Endpoint{id=Rc4h, name=Nexus 5 [1825]}
07-06 01:36:36.555 23426 23426 I NearbyFragment: Transfer queue is empty
07-06 01:36:36.558 23426 23426 V NearbyFragment: Transfer to Endpoint{id=Rc4h, name=Nexus 5 [1825]} complete
07-06 01:36:36.867 23426 23426 V NearbyFragment: Transfer to Endpoint{id=TtzO, name=Nexus 5X [9c8f]} complete
07-06 01:36:36.869 23426 23426 W NearbyFragment: Completed downloading 20200312_194830!002.mp4 from Endpoint{id=TtzO, name=Nexus 5X [9c8f]} in 02.408s
07-06 01:36:36.877 23426 23426 V FileManager: External storage is readable
07-06 01:36:36.878 23426 23426 V FileManager: Directory already exists: /storage/emulated/0/Movies/segment-sum/20200312_194830
07-06 01:36:36.961 23426 23426 V NearbyFragment: Received a segment of 20200312_194830
07-06 01:36:39.243 23426 23426 D NearbyFragment: onPayloadReceived(endpointId=Rc4h, payload=com.google.android.gms.nearby.connection.Payload@b0f550b)
07-06 01:36:42.776 23426 23426 V NearbyFragment: Transfer to Endpoint{id=Qd2N, name=Nexus 5X [34d8]} complete
07-06 01:36:43.142 23426 23426 D NearbyFragment: onPayloadReceived(endpointId=Qd2N, payload=com.google.android.gms.nearby.connection.Payload@2f2bfe8)
07-06 01:36:43.143 23426 23426 D NearbyFragment: Endpoint{id=Qd2N, name=Nexus 5X [34d8]} has finished downloading 20200312_194930!002.mp4
07-06 01:36:43.144 23426 23426 I NearbyFragment: Transfer queue is empty
07-06 01:36:43.230 23426 23426 V NearbyFragment: Transfer to Endpoint{id=Qd2N, name=Nexus 5X [34d8]} complete
07-06 01:36:43.329 23426 23426 V NearbyFragment: Transfer to Endpoint{id=Rc4h, name=Nexus 5 [1825]} complete
07-06 01:36:43.330 23426 23426 W NearbyFragment: Completed downloading 20200312_194830!001.mp4 from Endpoint{id=Rc4h, name=Nexus 5 [1825]} in 06.774s
07-06 01:36:43.339 23426 23426 V FileManager: External storage is readable
07-06 01:36:43.339 23426 23426 V FileManager: Directory already exists: /storage/emulated/0/Movies/segment-sum/20200312_194830
07-06 01:36:43.411 23426 23426 D NearbyFragment: Received all summarised video segments of 20200312_194830
07-06 01:36:43.416 23426 23426 V FileManager: External storage is readable
07-06 01:36:43.416 23426 23426 V FileManager: Directory already exists: /storage/emulated/0/Movies/segment-sum/20200312_194830
07-06 01:36:43.417 23426 23426 D FfmpegTools: Merging /storage/emulated/0/Movies/summarised/20200312_194830.mp4
07-06 01:36:43.421 23426 23426 V FileManager: External storage is readable
07-06 01:36:43.422 23426 23426 V FileManager: Directory already exists: /storage/emulated/0/Movies/segment/20200312_194830
07-06 01:36:43.424 23426 23426 I FfmpegTools: Running ffmpeg with:
07-06 01:36:43.424 23426 23426 I FfmpegTools:   -y -f concat -safe 0 -i /storage/emulated/0/Movies/segment/20200312_194830/paths.txt -c copy /storage/emulated/0/Movies/summarised/20200312_194830.mp4
07-06 01:36:43.455 23426 24280 I mobile-ffmpeg: [mov,mp4,m4a,3gp,3g2,mj2 @ 0x78e85ed200] Auto-inserting h264_mp4toannexb bitstream filter
07-06 01:36:43.478 23426 24280 I mobile-ffmpeg: Input #0, concat, from '/storage/emulated/0/Movies/segment/20200312_194830/paths.txt':
07-06 01:36:43.478 23426 24280 I mobile-ffmpeg:   Duration: 
07-06 01:36:43.479 23426 24280 I mobile-ffmpeg: N/A
07-06 01:36:43.479 23426 24280 I mobile-ffmpeg: , start: 
07-06 01:36:43.479 23426 24280 I mobile-ffmpeg: -0.064000
07-06 01:36:43.479 23426 24280 I mobile-ffmpeg: , bitrate: 
07-06 01:36:43.479 23426 24280 I mobile-ffmpeg: 1290 kb/s
07-06 01:36:43.479 23426 24280 I mobile-ffmpeg: 
07-06 01:36:43.479 23426 24280 I mobile-ffmpeg:     Stream #0:0
07-06 01:36:43.479 23426 24280 I mobile-ffmpeg: (und)
07-06 01:36:43.479 23426 24280 I mobile-ffmpeg: : Video: h264 (avc1 / 0x31637661), yuvj420p(pc), 1280x720, 1204 kb/s
07-06 01:36:43.479 23426 24280 I mobile-ffmpeg: , 
07-06 01:36:43.479 23426 24280 I mobile-ffmpeg: 29.97 fps, 
07-06 01:36:43.479 23426 24280 I mobile-ffmpeg: 29.97 tbr, 
07-06 01:36:43.479 23426 24280 I mobile-ffmpeg: 30k tbn, 
07-06 01:36:43.479 23426 24280 I mobile-ffmpeg: 59.94 tbc
07-06 01:36:43.479 23426 24280 I mobile-ffmpeg: 
07-06 01:36:43.479 23426 24280 I mobile-ffmpeg:     Metadata:
07-06 01:36:43.479 23426 24280 I mobile-ffmpeg:       handler_name    : 
07-06 01:36:43.479 23426 24280 I mobile-ffmpeg: VideoHandler
07-06 01:36:43.479 23426 24280 I mobile-ffmpeg: 
07-06 01:36:43.480 23426 24280 I mobile-ffmpeg:     Stream #0:1
07-06 01:36:43.480 23426 24280 I mobile-ffmpeg: (und)
07-06 01:36:43.480 23426 24280 I mobile-ffmpeg: : Audio: aac (mp4a / 0x6134706D), 16000 Hz, stereo, fltp, 85 kb/s
07-06 01:36:43.480 23426 24280 I mobile-ffmpeg: 
07-06 01:36:43.480 23426 24280 I mobile-ffmpeg:     Metadata:
07-06 01:36:43.480 23426 24280 I mobile-ffmpeg:       handler_name    : 
07-06 01:36:43.480 23426 24280 I mobile-ffmpeg: SoundHandler
07-06 01:36:43.480 23426 24280 I mobile-ffmpeg: 
07-06 01:36:43.480 23426 24280 I mobile-ffmpeg: Output #0, mp4, to '/storage/emulated/0/Movies/summarised/20200312_194830.mp4':
07-06 01:36:43.480 23426 24280 I mobile-ffmpeg:   Metadata:
07-06 01:36:43.480 23426 24280 I mobile-ffmpeg:     encoder         : 
07-06 01:36:43.480 23426 24280 I mobile-ffmpeg: Lavf58.42.100
07-06 01:36:43.480 23426 24280 I mobile-ffmpeg: 
07-06 01:36:43.480 23426 24280 I mobile-ffmpeg:     Stream #0:0
07-06 01:36:43.480 23426 24280 I mobile-ffmpeg: (und)
07-06 01:36:43.480 23426 24280 I mobile-ffmpeg: : Video: h264 (avc1 / 0x31637661), yuvj420p(pc), 1280x720, q=2-31, 1204 kb/s
07-06 01:36:43.481 23426 24280 I mobile-ffmpeg: , 
07-06 01:36:43.481 23426 24280 I mobile-ffmpeg: 29.97 fps, 
07-06 01:36:43.481 23426 24280 I mobile-ffmpeg: 29.97 tbr, 
07-06 01:36:43.481 23426 24280 I mobile-ffmpeg: 30k tbn, 
07-06 01:36:43.481 23426 24280 I mobile-ffmpeg: 30k tbc
07-06 01:36:43.481 23426 24280 I mobile-ffmpeg: 
07-06 01:36:43.481 23426 24280 I mobile-ffmpeg:     Metadata:
07-06 01:36:43.481 23426 24280 I mobile-ffmpeg:       handler_name    : 
07-06 01:36:43.481 23426 24280 I mobile-ffmpeg: VideoHandler
07-06 01:36:43.481 23426 24280 I mobile-ffmpeg: 
07-06 01:36:43.481 23426 24280 I mobile-ffmpeg:     Stream #0:1
07-06 01:36:43.481 23426 24280 I mobile-ffmpeg: (und)
07-06 01:36:43.481 23426 24280 I mobile-ffmpeg: : Audio: aac (mp4a / 0x6134706D), 16000 Hz, stereo, fltp, 85 kb/s
07-06 01:36:43.482 23426 24280 I mobile-ffmpeg: 
07-06 01:36:43.482 23426 24280 I mobile-ffmpeg:     Metadata:
07-06 01:36:43.482 23426 24280 I mobile-ffmpeg:       handler_name    : 
07-06 01:36:43.482 23426 24280 I mobile-ffmpeg: SoundHandler
07-06 01:36:43.482 23426 24280 I mobile-ffmpeg: 
07-06 01:36:43.482 23426 24280 I mobile-ffmpeg: Stream mapping:
07-06 01:36:43.482 23426 24280 I mobile-ffmpeg:   Stream #0:0 -> #0:0
07-06 01:36:43.482 23426 24280 I mobile-ffmpeg:  (copy)
07-06 01:36:43.482 23426 24280 I mobile-ffmpeg: 
07-06 01:36:43.482 23426 24280 I mobile-ffmpeg:   Stream #0:1 -> #0:1
07-06 01:36:43.482 23426 24280 I mobile-ffmpeg:  (copy)
07-06 01:36:43.482 23426 24280 I mobile-ffmpeg: 
07-06 01:36:43.482 23426 24280 I mobile-ffmpeg: Press [q] to stop, [?] for help
07-06 01:36:43.483 23426 24280 I mobile-ffmpeg: frame=    1 fps=0.0 q=-1.0 size=       0kB time=00:00:00.00 bitrate=N/A speed=   0x    
07-06 01:36:43.513 23426 24280 I mobile-ffmpeg: [mov,mp4,m4a,3gp,3g2,mj2 @ 0x78e85ed200] Auto-inserting h264_mp4toannexb bitstream filter
07-06 01:36:43.555 23426 24280 I mobile-ffmpeg: [mov,mp4,m4a,3gp,3g2,mj2 @ 0x78e85ed200] Auto-inserting h264_mp4toannexb bitstream filter
07-06 01:36:43.574 23426 24280 I mobile-ffmpeg: frame=  621 fps=0.0 q=-1.0 Lsize=    3151kB time=00:00:20.89 bitrate=1235.3kbits/s speed= 224x    
07-06 01:36:43.574 23426 24280 I mobile-ffmpeg: video:2926kB audio:213kB subtitle:0kB other streams:0kB global headers:0kB muxing overhead: 
07-06 01:36:43.574 23426 24280 I mobile-ffmpeg: 0.350553%
07-06 01:36:43.574 23426 24280 I mobile-ffmpeg: 
07-06 01:36:43.574 23426 23426 V FfmpegTools: Retrieving duration of /storage/emulated/0/Movies/summarised/20200312_194830.mp4
07-06 01:36:43.592 23426 24280 I mobile-ffmpeg: Input #0, mov,mp4,m4a,3gp,3g2,mj2, from '/storage/emulated/0/Movies/summarised/20200312_194830.mp4':
07-06 01:36:43.592 23426 24280 I mobile-ffmpeg:   Metadata:
07-06 01:36:43.592 23426 24280 I mobile-ffmpeg:     major_brand     : 
07-06 01:36:43.592 23426 24280 I mobile-ffmpeg: isom
07-06 01:36:43.592 23426 24280 I mobile-ffmpeg: 
07-06 01:36:43.592 23426 24280 I mobile-ffmpeg:     minor_version   : 
07-06 01:36:43.592 23426 24280 I mobile-ffmpeg: 512
07-06 01:36:43.592 23426 24280 I mobile-ffmpeg: 
07-06 01:36:43.593 23426 24280 I mobile-ffmpeg:     compatible_brands: 
07-06 01:36:43.593 23426 24280 I mobile-ffmpeg: isomiso2avc1mp41
07-06 01:36:43.593 23426 24280 I mobile-ffmpeg: 
07-06 01:36:43.593 23426 24280 I mobile-ffmpeg:     encoder         : 
07-06 01:36:43.593 23426 24280 I mobile-ffmpeg: Lavf58.42.100
07-06 01:36:43.593 23426 24280 I mobile-ffmpeg: 
07-06 01:36:43.593 23426 24280 I mobile-ffmpeg:   Duration: 
07-06 01:36:43.593 23426 24280 I mobile-ffmpeg: 00:00:20.90
07-06 01:36:43.593 23426 24280 I mobile-ffmpeg: , start: 
07-06 01:36:43.593 23426 24280 I mobile-ffmpeg: 0.000000
07-06 01:36:43.593 23426 24280 I mobile-ffmpeg: , bitrate: 
07-06 01:36:43.593 23426 24280 I mobile-ffmpeg: 1235 kb/s
07-06 01:36:43.593 23426 24280 I mobile-ffmpeg: 
07-06 01:36:43.593 23426 24280 I mobile-ffmpeg:     Stream #0:0
07-06 01:36:43.594 23426 24280 I mobile-ffmpeg: (und)
07-06 01:36:43.594 23426 24280 I mobile-ffmpeg: : Video: h264 (avc1 / 0x31637661), yuvj420p(pc), 1280x720, 1150 kb/s
07-06 01:36:43.594 23426 24280 I mobile-ffmpeg: , 
07-06 01:36:43.594 23426 24280 I mobile-ffmpeg: 29.80 fps, 
07-06 01:36:43.594 23426 24280 I mobile-ffmpeg: 29.97 tbr, 
07-06 01:36:43.594 23426 24280 I mobile-ffmpeg: 30k tbn, 
07-06 01:36:43.594 23426 24280 I mobile-ffmpeg: 59.94 tbc
07-06 01:36:43.594 23426 24280 I mobile-ffmpeg:  (default)
07-06 01:36:43.594 23426 24280 I mobile-ffmpeg: 
07-06 01:36:43.594 23426 24280 I mobile-ffmpeg:     Metadata:
07-06 01:36:43.594 23426 24280 I mobile-ffmpeg:       handler_name    : 
07-06 01:36:43.594 23426 24280 I mobile-ffmpeg: VideoHandler
07-06 01:36:43.594 23426 24280 I mobile-ffmpeg: 
07-06 01:36:43.594 23426 24280 I mobile-ffmpeg:     Stream #0:1
07-06 01:36:43.594 23426 24280 I mobile-ffmpeg: (und)
07-06 01:36:43.594 23426 24280 I mobile-ffmpeg: : Audio: aac (mp4a / 0x6134706D), 16000 Hz, stereo, fltp, 83 kb/s
07-06 01:36:43.594 23426 24280 I mobile-ffmpeg:  (default)
07-06 01:36:43.595 23426 24280 I mobile-ffmpeg: 
07-06 01:36:43.595 23426 24280 I mobile-ffmpeg:     Metadata:
07-06 01:36:43.595 23426 24280 I mobile-ffmpeg:       handler_name    : 
07-06 01:36:43.595 23426 24280 I mobile-ffmpeg: SoundHandler
07-06 01:36:43.595 23426 24280 I mobile-ffmpeg: 
07-06 01:36:43.598 23426 23426 W FfmpegTools: Merged duration of 20200312_194830: 20.90
07-06 01:36:43.635 23426 23426 V VideoManager: Retrieving video from /storage/emulated/0/Movies/summarised/20200312_194830.mp4
07-06 01:36:43.645 23426 23426 V VideoManager: videoFromCursor
07-06 01:36:43.648 23426 23426 V SummarisedVideosEventHandler: onAdd
07-06 01:36:43.648 23426 23426 V RawFootageEventHandler: removeByName
07-06 01:36:43.649 23426 23426 V ProcessingVideosEventHandler: removeByName
07-06 01:36:43.649 23426 23426 V NearbyFragment: Removing video segment map for 20200312_194830
07-06 01:36:48.502 23426 23426 V NearbyFragment: Transfer to Endpoint{id=TtzO, name=Nexus 5X [9c8f]} complete
07-06 01:36:48.539 23426 23426 D NearbyFragment: onPayloadReceived(endpointId=Qd2N, payload=com.google.android.gms.nearby.connection.Payload@c043ad)
07-06 01:36:48.540 23426 23426 V NearbyFragment: Started downloading 20200312_194930!001.mp4 from Endpoint{id=Qd2N, name=Nexus 5X [34d8]}
07-06 01:36:48.543 23426 23426 I NearbyFragment: Transfer queue is empty
07-06 01:36:48.545 23426 23426 V NearbyFragment: Transfer to Endpoint{id=Qd2N, name=Nexus 5X [34d8]} complete
07-06 01:36:48.704 23426 23426 D NearbyFragment: onPayloadReceived(endpointId=Qd2N, payload=com.google.android.gms.nearby.connection.Payload@b49b6e2)
07-06 01:36:48.747 23426 23426 D NearbyFragment: onPayloadReceived(endpointId=TtzO, payload=com.google.android.gms.nearby.connection.Payload@8e7ea73)
07-06 01:36:48.748 23426 23426 D NearbyFragment: Endpoint{id=TtzO, name=Nexus 5X [9c8f]} has finished downloading 20200312_194930!003.mp4
07-06 01:36:48.749 23426 23426 I NearbyFragment: Transfer queue is empty
07-06 01:36:48.791 23426 23426 V NearbyFragment: Transfer to Endpoint{id=TtzO, name=Nexus 5X [9c8f]} complete
07-06 01:36:48.915 23426 23426 V NearbyFragment: Transfer to Endpoint{id=Qd2N, name=Nexus 5X [34d8]} complete
07-06 01:36:48.915 23426 23426 W NearbyFragment: Completed downloading 20200312_194930!001.mp4 from Endpoint{id=Qd2N, name=Nexus 5X [34d8]} in 00.372s
07-06 01:36:48.921 23426 23426 V FileManager: External storage is readable
07-06 01:36:48.924 23426 23426 V FileManager: Created new directory: /storage/emulated/0/Movies/segment-sum/20200312_194930
07-06 01:36:48.940 23426 23426 V NearbyFragment: Received a segment of 20200312_194930
07-06 01:36:54.317 23426 23426 D NearbyFragment: onPayloadReceived(endpointId=Qd2N, payload=com.google.android.gms.nearby.connection.Payload@c200d30)
07-06 01:36:54.317 23426 23426 D NearbyFragment: 20200312_194930!002.mp4 from Endpoint{id=Qd2N, name=Nexus 5X [34d8]} contained no activity
07-06 01:36:54.318 23426 23426 V NearbyFragment: Received a segment of 20200312_194930
07-06 01:36:54.318 23426 23426 I NearbyFragment: Transfer queue is empty
07-06 01:36:54.332 23426 23426 V NearbyFragment: Transfer to Endpoint{id=Qd2N, name=Nexus 5X [34d8]} complete
07-06 01:36:56.064 23426 24260 V VideoManager: Retrieving video from /storage/emulated/0/Movies/raw/20200312_195230.mp4
07-06 01:36:56.085 23426 24260 D VideoManager: videoCursor is null
07-06 01:36:56.185 23426 24260 V VideoManager: videoFromCursor
07-06 01:36:56.190 23426 24260 W DashDownloadManager: Successfully downloaded 20200312_195230.mp4 in 31.708s
07-06 01:36:56.190 23426 24260 V DownloadTestVideosTask: Entering callback for download completion of 20200312_195230.mp4
07-06 01:36:56.191 23426 24260 V RawFootageEventHandler: onAdd
07-06 01:36:56.193 23426 24260 V FfmpegTools: Retrieving duration of /storage/emulated/0/Movies/raw/20200312_195230.mp4
07-06 01:36:56.203 23426 24280 W mobile-ffmpeg: [mov,mp4,m4a,3gp,3g2,mj2 @ 0x78ef058400] Found duplicated MOOV Atom. Skipped it
07-06 01:36:56.258 23426 24280 I mobile-ffmpeg: Input #0, mov,mp4,m4a,3gp,3g2,mj2, from '/storage/emulated/0/Movies/raw/20200312_195230.mp4':
07-06 01:36:56.258 23426 24280 I mobile-ffmpeg:   Metadata:
07-06 01:36:56.258 23426 24280 I mobile-ffmpeg:     creation_time   : 
07-06 01:36:56.258 23426 24280 I mobile-ffmpeg: 2020-03-12T08:53:30.000000Z
07-06 01:36:56.258 23426 24280 I mobile-ffmpeg: 
07-06 01:36:56.258 23426 24280 I mobile-ffmpeg:     major_brand     : 
07-06 01:36:56.258 23426 24280 I mobile-ffmpeg: mp42
07-06 01:36:56.258 23426 24280 I mobile-ffmpeg: 
07-06 01:36:56.258 23426 24280 I mobile-ffmpeg:     minor_version   : 
07-06 01:36:56.258 23426 24280 I mobile-ffmpeg: 1
07-06 01:36:56.258 23426 24280 I mobile-ffmpeg: 
07-06 01:36:56.258 23426 24280 I mobile-ffmpeg:     compatible_brands: 
07-06 01:36:56.258 23426 24280 I mobile-ffmpeg: mp42mp42
07-06 01:36:56.258 23426 24280 I mobile-ffmpeg: 
07-06 01:36:56.258 23426 24280 I mobile-ffmpeg:   Duration: 
07-06 01:36:56.258 23426 24280 I mobile-ffmpeg: 00:01:00.02
07-06 01:36:56.258 23426 24280 I mobile-ffmpeg: , start: 
07-06 01:36:56.258 23426 24280 I mobile-ffmpeg: 0.000000
07-06 01:36:56.258 23426 24280 I mobile-ffmpeg: , bitrate: 
07-06 01:36:56.258 23426 24280 I mobile-ffmpeg: 9328 kb/s
07-06 01:36:56.258 23426 24280 I mobile-ffmpeg: 
07-06 01:36:56.258 23426 24280 I mobile-ffmpeg:     Stream #0:0
07-06 01:36:56.258 23426 24280 I mobile-ffmpeg: (eng)
07-06 01:36:56.258 23426 24280 I mobile-ffmpeg: : Video: h264 (avc1 / 0x31637661), yuvj420p(pc, bt709), 1280x720, 8390 kb/s
07-06 01:36:56.258 23426 24280 I mobile-ffmpeg: , 
07-06 01:36:56.258 23426 24280 I mobile-ffmpeg: 29.97 fps, 
07-06 01:36:56.258 23426 24280 I mobile-ffmpeg: 29.97 tbr, 
07-06 01:36:56.258 23426 24280 I mobile-ffmpeg: 1k tbn, 
07-06 01:36:56.258 23426 24280 I mobile-ffmpeg: 2k tbc
07-06 01:36:56.259 23426 24280 I mobile-ffmpeg:  (default)
07-06 01:36:56.259 23426 24280 I mobile-ffmpeg: 
07-06 01:36:56.259 23426 24280 I mobile-ffmpeg:     Metadata:
07-06 01:36:56.259 23426 24280 I mobile-ffmpeg:       creation_time   : 
07-06 01:36:56.259 23426 24280 I mobile-ffmpeg: 2020-03-12T08:53:30.000000Z
07-06 01:36:56.259 23426 24280 I mobile-ffmpeg: 
07-06 01:36:56.259 23426 24280 I mobile-ffmpeg:       handler_name    : 
07-06 01:36:56.259 23426 24280 I mobile-ffmpeg: PittaSoft Video Media Handler
07-06 01:36:56.259 23426 24280 I mobile-ffmpeg: 
07-06 01:36:56.259 23426 24280 I mobile-ffmpeg:     Stream #0:1
07-06 01:36:56.259 23426 24280 I mobile-ffmpeg: (eng)
07-06 01:36:56.259 23426 24280 I mobile-ffmpeg: : Audio: aac (mp4a / 0x6134706D), 16000 Hz, stereo, fltp, 47 kb/s
07-06 01:36:56.259 23426 24280 I mobile-ffmpeg:  (default)
07-06 01:36:56.259 23426 24280 I mobile-ffmpeg: 
07-06 01:36:56.259 23426 24280 I mobile-ffmpeg:     Metadata:
07-06 01:36:56.259 23426 24280 I mobile-ffmpeg:       creation_time   : 
07-06 01:36:56.259 23426 24280 I mobile-ffmpeg: 2020-03-12T08:53:30.000000Z
07-06 01:36:56.259 23426 24280 I mobile-ffmpeg: 
07-06 01:36:56.259 23426 24280 I mobile-ffmpeg:       handler_name    : 
07-06 01:36:56.259 23426 24280 I mobile-ffmpeg: PittaSoft Sound Media Handler
07-06 01:36:56.259 23426 24280 I mobile-ffmpeg: 
07-06 01:36:56.271 23426 24260 V FileManager: External storage is readable
07-06 01:36:56.272 23426 24260 V FileManager: Created new directory: /storage/emulated/0/Movies/segment/20200312_195230
