07-06 01:27:26.366 23426 23426 D skia    : approximate: numPoints=2, lengths[0]=0.000000, totalLength=4.000000, segmentPoints[0]=[96.000000,16.000000]
07-06 01:27:26.366 23426 23426 D skia    : approximate: approximation[0]=0.000000, approximation[1]=96.000000, approximation[2]=16.000000
07-06 01:27:26.366 23426 23426 D skia    : approximate: numPoints=2, lengths[1]=4.000000, totalLength=4.000000, segmentPoints[1]=[96.000000,12.000000]
07-06 01:27:26.366 23426 23426 D skia    : approximate: approximation[3]=1.000000, approximation[4]=96.000000, approximation[5]=12.000000
07-06 01:27:26.368 23426 23426 D skia    : approximate: numPoints=2, lengths[0]=0.000000, totalLength=4.000000, segmentPoints[0]=[96.000000,12.000000]
07-06 01:27:26.368 23426 23426 D skia    : approximate: approximation[0]=0.000000, approximation[1]=96.000000, approximation[2]=12.000000
07-06 01:27:26.368 23426 23426 D skia    : approximate: numPoints=2, lengths[1]=4.000000, totalLength=4.000000, segmentPoints[1]=[96.000000,16.000000]
07-06 01:27:26.368 23426 23426 D skia    : approximate: approximation[3]=1.000000, approximation[4]=96.000000, approximation[5]=16.000000
07-06 01:27:42.799 23426 24260 V VideoManager: Retrieving video from /storage/emulated/0/Movies/raw/20200312_150643.mp4
07-06 01:27:42.861 23426 24260 D VideoManager: videoCursor is null
07-06 01:27:42.966 23426 24260 V VideoManager: videoFromCursor
07-06 01:27:42.977 23426 24260 W DashDownloadManager: Successfully downloaded 20200312_150643.mp4 in 17.573s
07-06 01:27:42.978 23426 24260 V DownloadTestVideosTask: Entering callback for download completion of 20200312_150643.mp4
07-06 01:27:42.982 23426 24260 V RawFootageEventHandler: onAdd
07-06 01:27:42.990 23426 24260 V FfmpegTools: Retrieving duration of /storage/emulated/0/Movies/raw/20200312_150643.mp4
07-06 01:27:42.997 23426 24260 I mobile-ffmpeg: Loading mobile-ffmpeg.
07-06 01:27:43.098 23426 24260 I mobile-ffmpeg: Loaded mobile-ffmpeg-full-gpl-arm64-v8a-4.3.2-20200415.
07-06 01:27:43.102 23426 24280 D mobile-ffmpeg: Callback thread started.
07-06 01:27:43.107 23426 24280 W mobile-ffmpeg: [mov,mp4,m4a,3gp,3g2,mj2 @ 0x78d5fa6e00] Found duplicated MOOV Atom. Skipped it
07-06 01:27:43.187 23426 24280 I mobile-ffmpeg: Input #0, mov,mp4,m4a,3gp,3g2,mj2, from '/storage/emulated/0/Movies/raw/20200312_150643.mp4':
07-06 01:27:43.188 23426 24280 I mobile-ffmpeg:   Metadata:
07-06 01:27:43.188 23426 24280 I mobile-ffmpeg:     creation_time   : 
07-06 01:27:43.188 23426 24280 I mobile-ffmpeg: 2020-03-12T04:07:43.000000Z
07-06 01:27:43.188 23426 24280 I mobile-ffmpeg: 
07-06 01:27:43.188 23426 24280 I mobile-ffmpeg:     major_brand     : 
07-06 01:27:43.188 23426 24280 I mobile-ffmpeg: mp42
07-06 01:27:43.188 23426 24280 I mobile-ffmpeg: 
07-06 01:27:43.188 23426 24280 I mobile-ffmpeg:     minor_version   : 
07-06 01:27:43.188 23426 24280 I mobile-ffmpeg: 1
07-06 01:27:43.188 23426 24280 I mobile-ffmpeg: 
07-06 01:27:43.188 23426 24280 I mobile-ffmpeg:     compatible_brands: 
07-06 01:27:43.188 23426 24280 I mobile-ffmpeg: mp42mp42
07-06 01:27:43.188 23426 24280 I mobile-ffmpeg: 
07-06 01:27:43.188 23426 24280 I mobile-ffmpeg:   Duration: 
07-06 01:27:43.188 23426 24280 I mobile-ffmpeg: 00:01:00.02
07-06 01:27:43.188 23426 24280 I mobile-ffmpeg: , start: 
07-06 01:27:43.188 23426 24280 I mobile-ffmpeg: 0.000000
07-06 01:27:43.188 23426 24280 I mobile-ffmpeg: , bitrate: 
07-06 01:27:43.188 23426 24280 I mobile-ffmpeg: 9328 kb/s
07-06 01:27:43.188 23426 24280 I mobile-ffmpeg: 
07-06 01:27:43.189 23426 24280 I mobile-ffmpeg:     Stream #0:0
07-06 01:27:43.189 23426 24280 I mobile-ffmpeg: (eng)
07-06 01:27:43.189 23426 24280 I mobile-ffmpeg: : Video: h264 (avc1 / 0x31637661), yuvj420p(pc, bt709), 1280x720, 8381 kb/s
07-06 01:27:43.189 23426 24280 I mobile-ffmpeg: , 
07-06 01:27:43.189 23426 24280 I mobile-ffmpeg: 29.97 fps, 
07-06 01:27:43.189 23426 24280 I mobile-ffmpeg: 29.97 tbr, 
07-06 01:27:43.189 23426 24280 I mobile-ffmpeg: 1k tbn, 
07-06 01:27:43.189 23426 24280 I mobile-ffmpeg: 2k tbc
07-06 01:27:43.189 23426 24280 I mobile-ffmpeg:  (default)
07-06 01:27:43.189 23426 24280 I mobile-ffmpeg: 
07-06 01:27:43.189 23426 24280 I mobile-ffmpeg:     Metadata:
07-06 01:27:43.189 23426 24280 I mobile-ffmpeg:       creation_time   : 
07-06 01:27:43.189 23426 24280 I mobile-ffmpeg: 2020-03-12T04:07:43.000000Z
07-06 01:27:43.189 23426 24280 I mobile-ffmpeg: 
07-06 01:27:43.189 23426 24280 I mobile-ffmpeg:       handler_name    : 
07-06 01:27:43.189 23426 24280 I mobile-ffmpeg: PittaSoft Video Media Handler
07-06 01:27:43.189 23426 24280 I mobile-ffmpeg: 
07-06 01:27:43.189 23426 24280 I mobile-ffmpeg:     Stream #0:1
07-06 01:27:43.189 23426 24280 I mobile-ffmpeg: (eng)
07-06 01:27:43.190 23426 24280 I mobile-ffmpeg: : Audio: aac (mp4a / 0x6134706D), 16000 Hz, stereo, fltp, 47 kb/s
07-06 01:27:43.190 23426 24280 I mobile-ffmpeg:  (default)
07-06 01:27:43.190 23426 24280 I mobile-ffmpeg: 
07-06 01:27:43.190 23426 24280 I mobile-ffmpeg:     Metadata:
07-06 01:27:43.190 23426 24280 I mobile-ffmpeg:       creation_time   : 
07-06 01:27:43.190 23426 24280 I mobile-ffmpeg: 2020-03-12T04:07:43.000000Z
07-06 01:27:43.190 23426 24280 I mobile-ffmpeg: 
07-06 01:27:43.190 23426 24280 I mobile-ffmpeg:       handler_name    : 
07-06 01:27:43.190 23426 24280 I mobile-ffmpeg: PittaSoft Sound Media Handler
07-06 01:27:43.190 23426 24280 I mobile-ffmpeg: 
07-06 01:27:43.218 23426 24260 V FileManager: External storage is readable
07-06 01:27:43.219 23426 24260 V FileManager: Created new directory: /storage/emulated/0/Movies/segment/20200312_150643
07-06 01:27:43.220 23426 24260 V FfmpegTools: Splitting /storage/emulated/0/Movies/raw/20200312_150643.mp4 with 16s long segments
07-06 01:27:43.221 23426 24260 I FfmpegTools: Running ffmpeg with:
07-06 01:27:43.221 23426 24260 I FfmpegTools:   -y -i /storage/emulated/0/Movies/raw/20200312_150643.mp4 -map 0 -c copy -f segment -reset_timestamps 1 -segment_time 16 /storage/emulated/0/Movies/segment/20200312_150643/20200312_150643!%03d.mp4
07-06 01:27:43.229 23426 24280 W mobile-ffmpeg: [mov,mp4,m4a,3gp,3g2,mj2 @ 0x78d5fa6e00] Found duplicated MOOV Atom. Skipped it
07-06 01:27:43.274 23426 24280 I mobile-ffmpeg: Input #0, mov,mp4,m4a,3gp,3g2,mj2, from '/storage/emulated/0/Movies/raw/20200312_150643.mp4':
07-06 01:27:43.274 23426 24280 I mobile-ffmpeg:   Metadata:
07-06 01:27:43.275 23426 24280 I mobile-ffmpeg:     creation_time   : 
07-06 01:27:43.275 23426 24280 I mobile-ffmpeg: 2020-03-12T04:07:43.000000Z
07-06 01:27:43.275 23426 24280 I mobile-ffmpeg: 
07-06 01:27:43.275 23426 24280 I mobile-ffmpeg:     major_brand     : 
07-06 01:27:43.275 23426 24280 I mobile-ffmpeg: mp42
07-06 01:27:43.275 23426 24280 I mobile-ffmpeg: 
07-06 01:27:43.275 23426 24280 I mobile-ffmpeg:     minor_version   : 
07-06 01:27:43.275 23426 24280 I mobile-ffmpeg: 1
07-06 01:27:43.275 23426 24280 I mobile-ffmpeg: 
07-06 01:27:43.275 23426 24280 I mobile-ffmpeg:     compatible_brands: 
07-06 01:27:43.275 23426 24280 I mobile-ffmpeg: mp42mp42
07-06 01:27:43.275 23426 24280 I mobile-ffmpeg: 
07-06 01:27:43.275 23426 24280 I mobile-ffmpeg:   Duration: 
07-06 01:27:43.275 23426 24280 I mobile-ffmpeg: 00:01:00.02
07-06 01:27:43.275 23426 24280 I mobile-ffmpeg: , start: 
07-06 01:27:43.275 23426 24280 I mobile-ffmpeg: 0.000000
07-06 01:27:43.275 23426 24280 I mobile-ffmpeg: , bitrate: 
07-06 01:27:43.275 23426 24280 I mobile-ffmpeg: 9328 kb/s
07-06 01:27:43.275 23426 24280 I mobile-ffmpeg: 
07-06 01:27:43.275 23426 24280 I mobile-ffmpeg:     Stream #0:0
07-06 01:27:43.275 23426 24280 I mobile-ffmpeg: (eng)
07-06 01:27:43.275 23426 24280 I mobile-ffmpeg: : Video: h264 (avc1 / 0x31637661), yuvj420p(pc, bt709), 1280x720, 8381 kb/s
07-06 01:27:43.275 23426 24280 I mobile-ffmpeg: , 
07-06 01:27:43.275 23426 24280 I mobile-ffmpeg: 29.97 fps, 
07-06 01:27:43.275 23426 24280 I mobile-ffmpeg: 29.97 tbr, 
07-06 01:27:43.275 23426 24280 I mobile-ffmpeg: 1k tbn, 
07-06 01:27:43.275 23426 24280 I mobile-ffmpeg: 2k tbc
07-06 01:27:43.276 23426 24280 I mobile-ffmpeg:  (default)
07-06 01:27:43.276 23426 24280 I mobile-ffmpeg: 
07-06 01:27:43.276 23426 24280 I mobile-ffmpeg:     Metadata:
07-06 01:27:43.276 23426 24280 I mobile-ffmpeg:       creation_time   : 
07-06 01:27:43.276 23426 24280 I mobile-ffmpeg: 2020-03-12T04:07:43.000000Z
07-06 01:27:43.276 23426 24280 I mobile-ffmpeg: 
07-06 01:27:43.276 23426 24280 I mobile-ffmpeg:       handler_name    : 
07-06 01:27:43.276 23426 24280 I mobile-ffmpeg: PittaSoft Video Media Handler
07-06 01:27:43.276 23426 24280 I mobile-ffmpeg: 
07-06 01:27:43.276 23426 24280 I mobile-ffmpeg:     Stream #0:1
07-06 01:27:43.276 23426 24280 I mobile-ffmpeg: (eng)
07-06 01:27:43.276 23426 24280 I mobile-ffmpeg: : Audio: aac (mp4a / 0x6134706D), 16000 Hz, stereo, fltp, 47 kb/s
07-06 01:27:43.276 23426 24280 I mobile-ffmpeg:  (default)
07-06 01:27:43.276 23426 24280 I mobile-ffmpeg: 
07-06 01:27:43.276 23426 24280 I mobile-ffmpeg:     Metadata:
07-06 01:27:43.276 23426 24280 I mobile-ffmpeg:       creation_time   : 
07-06 01:27:43.276 23426 24280 I mobile-ffmpeg: 2020-03-12T04:07:43.000000Z
07-06 01:27:43.276 23426 24280 I mobile-ffmpeg: 
07-06 01:27:43.276 23426 24280 I mobile-ffmpeg:       handler_name    : 
07-06 01:27:43.276 23426 24280 I mobile-ffmpeg: PittaSoft Sound Media Handler
07-06 01:27:43.276 23426 24280 I mobile-ffmpeg: 
07-06 01:27:43.276 23426 24280 I mobile-ffmpeg: [segment @ 0x78c7958600] Opening '/storage/emulated/0/Movies/segment/20200312_150643/20200312_150643!000.mp4' for writing
07-06 01:27:43.276 23426 24280 I mobile-ffmpeg: Output #0, segment, to '/storage/emulated/0/Movies/segment/20200312_150643/20200312_150643!%03d.mp4':
07-06 01:27:43.276 23426 24280 I mobile-ffmpeg:   Metadata:
07-06 01:27:43.277 23426 24280 I mobile-ffmpeg:     compatible_brands: 
07-06 01:27:43.277 23426 24280 I mobile-ffmpeg: mp42mp42
07-06 01:27:43.277 23426 24280 I mobile-ffmpeg: 
07-06 01:27:43.277 23426 24280 I mobile-ffmpeg:     major_brand     : 
07-06 01:27:43.277 23426 24280 I mobile-ffmpeg: mp42
07-06 01:27:43.277 23426 24280 I mobile-ffmpeg: 
07-06 01:27:43.277 23426 24280 I mobile-ffmpeg:     minor_version   : 
07-06 01:27:43.277 23426 24280 I mobile-ffmpeg: 1
07-06 01:27:43.277 23426 24280 I mobile-ffmpeg: 
07-06 01:27:43.277 23426 24280 I mobile-ffmpeg:     encoder         : 
07-06 01:27:43.277 23426 24280 I mobile-ffmpeg: Lavf58.42.100
07-06 01:27:43.277 23426 24280 I mobile-ffmpeg: 
07-06 01:27:43.277 23426 24280 I mobile-ffmpeg:     Stream #0:0
07-06 01:27:43.277 23426 24280 I mobile-ffmpeg: (eng)
07-06 01:27:43.277 23426 24280 I mobile-ffmpeg: : Video: h264 (avc1 / 0x31637661), yuvj420p(pc, bt709), 1280x720, q=2-31, 8381 kb/s
07-06 01:27:43.277 23426 24280 I mobile-ffmpeg: , 
07-06 01:27:43.277 23426 24280 I mobile-ffmpeg: 29.97 fps, 
07-06 01:27:43.277 23426 24280 I mobile-ffmpeg: 29.97 tbr, 
07-06 01:27:43.277 23426 24280 I mobile-ffmpeg: 16k tbn, 
07-06 01:27:43.277 23426 24280 I mobile-ffmpeg: 1k tbc
07-06 01:27:43.277 23426 24280 I mobile-ffmpeg:  (default)
07-06 01:27:43.277 23426 24280 I mobile-ffmpeg: 
07-06 01:27:43.277 23426 24280 I mobile-ffmpeg:     Metadata:
07-06 01:27:43.277 23426 24280 I mobile-ffmpeg:       creation_time   : 
07-06 01:27:43.277 23426 24280 I mobile-ffmpeg: 2020-03-12T04:07:43.000000Z
07-06 01:27:43.277 23426 24280 I mobile-ffmpeg: 
07-06 01:27:43.278 23426 24280 I mobile-ffmpeg:       handler_name    : 
07-06 01:27:43.278 23426 24280 I mobile-ffmpeg: PittaSoft Video Media Handler
07-06 01:27:43.278 23426 24280 I mobile-ffmpeg: 
07-06 01:27:43.278 23426 24280 I mobile-ffmpeg:     Stream #0:1
07-06 01:27:43.278 23426 24280 I mobile-ffmpeg: (eng)
07-06 01:27:43.278 23426 24280 I mobile-ffmpeg: : Audio: aac (mp4a / 0x6134706D), 16000 Hz, stereo, fltp, 47 kb/s
07-06 01:27:43.278 23426 24280 I mobile-ffmpeg:  (default)
07-06 01:27:43.278 23426 24280 I mobile-ffmpeg: 
07-06 01:27:43.278 23426 24280 I mobile-ffmpeg:     Metadata:
07-06 01:27:43.278 23426 24280 I mobile-ffmpeg:       creation_time   : 
07-06 01:27:43.278 23426 24280 I mobile-ffmpeg: 2020-03-12T04:07:43.000000Z
07-06 01:27:43.278 23426 24280 I mobile-ffmpeg: 
07-06 01:27:43.278 23426 24280 I mobile-ffmpeg:       handler_name    : 
07-06 01:27:43.278 23426 24280 I mobile-ffmpeg: PittaSoft Sound Media Handler
07-06 01:27:43.278 23426 24280 I mobile-ffmpeg: 
07-06 01:27:43.278 23426 24280 I mobile-ffmpeg: Stream mapping:
07-06 01:27:43.278 23426 24280 I mobile-ffmpeg:   Stream #0:0 -> #0:0
07-06 01:27:43.278 23426 24280 I mobile-ffmpeg:  (copy)
07-06 01:27:43.278 23426 24280 I mobile-ffmpeg: 
07-06 01:27:43.278 23426 24280 I mobile-ffmpeg:   Stream #0:1 -> #0:1
07-06 01:27:43.278 23426 24280 I mobile-ffmpeg:  (copy)
07-06 01:27:43.278 23426 24280 I mobile-ffmpeg: 
07-06 01:27:43.278 23426 24280 I mobile-ffmpeg: Press [q] to stop, [?] for help
07-06 01:27:43.330 23426 24280 I mobile-ffmpeg: [segment @ 0x78c7958600] Opening '/storage/emulated/0/Movies/segment/20200312_150643/20200312_150643!001.mp4' for writing
07-06 01:27:43.382 23426 24280 I mobile-ffmpeg: [segment @ 0x78c7958600] Opening '/storage/emulated/0/Movies/segment/20200312_150643/20200312_150643!002.mp4' for writing
07-06 01:27:43.434 23426 24280 I mobile-ffmpeg: [segment @ 0x78c7958600] Opening '/storage/emulated/0/Movies/segment/20200312_150643/20200312_150643!003.mp4' for writing
07-06 01:27:43.471 23426 24280 I mobile-ffmpeg: frame= 1800 fps=0.0 q=-1.0 Lsize=N/A time=00:01:00.02 bitrate=N/A speed= 307x    
07-06 01:27:43.472 23426 24280 I mobile-ffmpeg: video:61407kB audio:345kB subtitle:0kB other streams:0kB global headers:0kB muxing overhead: 
07-06 01:27:43.472 23426 24280 I mobile-ffmpeg: unknown
07-06 01:27:43.472 23426 24280 I mobile-ffmpeg: 
07-06 01:27:43.475 23426 24260 V FileManager: External storage is readable
07-06 01:27:43.476 23426 24260 V FileManager: Directory already exists: /storage/emulated/0/Movies/segment/20200312_150643
07-06 01:27:43.476 23426 24260 V VideoManager: Retrieving videos from /storage/emulated/0/Movies/segment/20200312_150643
07-06 01:27:43.477 23426 24260 V VideoManager: Retrieving video from /storage/emulated/0/Movies/segment/20200312_150643/20200312_150643!000.mp4
07-06 01:27:43.491 23426 24260 V VideoManager: videoFromCursor
07-06 01:27:43.494 23426 24260 V VideoManager: Retrieving video from /storage/emulated/0/Movies/segment/20200312_150643/20200312_150643!001.mp4
07-06 01:27:43.502 23426 24260 V VideoManager: videoFromCursor
07-06 01:27:43.504 23426 24260 V VideoManager: Retrieving video from /storage/emulated/0/Movies/segment/20200312_150643/20200312_150643!002.mp4
07-06 01:27:43.511 23426 24260 V VideoManager: videoFromCursor
07-06 01:27:43.514 23426 24260 V VideoManager: Retrieving video from /storage/emulated/0/Movies/segment/20200312_150643/20200312_150643!003.mp4
07-06 01:27:43.523 23426 24260 V VideoManager: videoFromCursor
07-06 01:27:43.530 23426 24260 V NearbyFragment: nextTransfer with selected algorithm: least_busy
07-06 01:27:43.535 23426 24260 W NearbyFragment: Sending 20200312_150643!000.mp4 to Nexus 5X [34d8]
07-06 01:27:43.563 23426 23426 V NearbyFragment: Transfer to Endpoint{id=Qd2N, name=Nexus 5X [34d8]} complete
07-06 01:27:44.540 23426 24260 V DownloadTestVideosTask: Starting DownloadTestVideosTask
07-06 01:27:44.543 23426 24260 V DashDownloadManager: Started downloading: 20200312_150744.mp4
07-06 01:27:44.545 23426 24260 I System.out: (HTTPLog)-Static: isSBSettingEnabled false
07-06 01:27:44.545 23426 24260 I System.out: (HTTPLog)-Static: isSBSettingEnabled false
07-06 01:27:44.707 23426 24260 I System.out: (HTTPLog)-Thread-3467-133858430: getTransferStream : ContentLength=69990400, method=GET, HTTPVersion=http/1.1
07-06 01:27:50.948 23426 23426 V NearbyFragment: Transfer to Endpoint{id=Qd2N, name=Nexus 5X [34d8]} complete
07-06 01:27:51.325 23426 23426 D NearbyFragment: onPayloadReceived(endpointId=Qd2N, payload=com.google.android.gms.nearby.connection.Payload@17cfddf)
07-06 01:27:51.332 23426 23426 D NearbyFragment: Endpoint{id=Qd2N, name=Nexus 5X [34d8]} has finished downloading 20200312_150643!000.mp4
07-06 01:27:51.338 23426 23426 V NearbyFragment: nextTransfer with selected algorithm: least_busy
07-06 01:27:51.348 23426 23426 W NearbyFragment: Sending 20200312_150643!001.mp4 to Nexus 5 [1825]
07-06 01:27:51.362 23426 23426 V NearbyFragment: Transfer to Endpoint{id=Qd2N, name=Nexus 5X [34d8]} complete
07-06 01:27:51.375 23426 23426 V NearbyFragment: Transfer to Endpoint{id=Rc4h, name=Nexus 5 [1825]} complete
07-06 01:27:54.745 23426 23426 D NearbyFragment: onPayloadReceived(endpointId=Qd2N, payload=com.google.android.gms.nearby.connection.Payload@6dd98fb)
07-06 01:27:54.751 23426 23426 D NearbyFragment: 20200312_150643!000.mp4 from Endpoint{id=Qd2N, name=Nexus 5X [34d8]} contained no activity
07-06 01:27:54.755 23426 23426 V NearbyFragment: Received a segment of 20200312_150643
07-06 01:27:54.758 23426 23426 V NearbyFragment: nextTransfer with selected algorithm: least_busy
07-06 01:27:54.763 23426 23426 W NearbyFragment: Sending 20200312_150643!002.mp4 to Nexus 5X [34d8]
07-06 01:27:54.788 23426 23426 V NearbyFragment: Transfer to Endpoint{id=Qd2N, name=Nexus 5X [34d8]} complete
07-06 01:27:54.867 23426 23426 V NearbyFragment: Transfer to Endpoint{id=Qd2N, name=Nexus 5X [34d8]} complete
07-06 01:27:57.347 23426 23426 V NearbyFragment: Transfer to Endpoint{id=Rc4h, name=Nexus 5 [1825]} complete
07-06 01:27:57.521 23426 23426 D NearbyFragment: onPayloadReceived(endpointId=Rc4h, payload=com.google.android.gms.nearby.connection.Payload@98a556)
07-06 01:27:57.525 23426 23426 D NearbyFragment: Endpoint{id=Rc4h, name=Nexus 5 [1825]} has finished downloading 20200312_150643!001.mp4
07-06 01:27:57.529 23426 23426 V NearbyFragment: nextTransfer with selected algorithm: least_busy
07-06 01:27:57.534 23426 23426 W NearbyFragment: Sending 20200312_150643!003.mp4 to Nexus 5X [9c8f]
07-06 01:27:57.557 23426 23426 V NearbyFragment: Transfer to Endpoint{id=Rc4h, name=Nexus 5 [1825]} complete
07-06 01:27:57.570 23426 23426 V NearbyFragment: Transfer to Endpoint{id=TtzO, name=Nexus 5X [9c8f]} complete
07-06 01:28:03.817 23426 23426 D NearbyFragment: onPayloadReceived(endpointId=Rc4h, payload=com.google.android.gms.nearby.connection.Payload@75a35ad)
07-06 01:28:03.822 23426 23426 D NearbyFragment: 20200312_150643!001.mp4 from Endpoint{id=Rc4h, name=Nexus 5 [1825]} contained no activity
07-06 01:28:03.826 23426 23426 V NearbyFragment: Received a segment of 20200312_150643
07-06 01:28:03.828 23426 23426 I NearbyFragment: Transfer queue is empty
07-06 01:28:03.931 23426 23426 V NearbyFragment: Transfer to Endpoint{id=Rc4h, name=Nexus 5 [1825]} complete
07-06 01:28:04.620 23426 23426 V NearbyFragment: Transfer to Endpoint{id=Qd2N, name=Nexus 5X [34d8]} complete
07-06 01:28:04.814 23426 23426 D NearbyFragment: onPayloadReceived(endpointId=Qd2N, payload=com.google.android.gms.nearby.connection.Payload@e91c0e2)
07-06 01:28:04.816 23426 23426 D NearbyFragment: Endpoint{id=Qd2N, name=Nexus 5X [34d8]} has finished downloading 20200312_150643!002.mp4
07-06 01:28:04.818 23426 23426 I NearbyFragment: Transfer queue is empty
07-06 01:28:04.865 23426 23426 V NearbyFragment: Transfer to Endpoint{id=Qd2N, name=Nexus 5X [34d8]} complete
07-06 01:28:08.398 23426 23426 D NearbyFragment: onPayloadReceived(endpointId=Qd2N, payload=com.google.android.gms.nearby.connection.Payload@da02c73)
07-06 01:28:08.404 23426 23426 D NearbyFragment: 20200312_150643!002.mp4 from Endpoint{id=Qd2N, name=Nexus 5X [34d8]} contained no activity
07-06 01:28:08.407 23426 23426 V NearbyFragment: Received a segment of 20200312_150643
07-06 01:28:08.409 23426 23426 I NearbyFragment: Transfer queue is empty
07-06 01:28:08.452 23426 23426 V NearbyFragment: Transfer to Endpoint{id=Qd2N, name=Nexus 5X [34d8]} complete
07-06 01:28:08.538 23426 23426 V NearbyFragment: Transfer to Endpoint{id=TtzO, name=Nexus 5X [9c8f]} complete
07-06 01:28:08.796 23426 23426 D NearbyFragment: onPayloadReceived(endpointId=TtzO, payload=com.google.android.gms.nearby.connection.Payload@eb02730)
07-06 01:28:08.798 23426 23426 D NearbyFragment: Endpoint{id=TtzO, name=Nexus 5X [9c8f]} has finished downloading 20200312_150643!003.mp4
07-06 01:28:08.798 23426 23426 I NearbyFragment: Transfer queue is empty
07-06 01:28:08.849 23426 23426 V NearbyFragment: Transfer to Endpoint{id=TtzO, name=Nexus 5X [9c8f]} complete
07-06 01:28:11.254 23426 23426 D NearbyFragment: onPayloadReceived(endpointId=TtzO, payload=com.google.android.gms.nearby.connection.Payload@c117fa9)
07-06 01:28:11.256 23426 23426 D NearbyFragment: 20200312_150643!003.mp4 from Endpoint{id=TtzO, name=Nexus 5X [9c8f]} contained no activity
07-06 01:28:11.256 23426 23426 D NearbyFragment: Received all summarised video segments of 20200312_150643
07-06 01:28:11.262 23426 23426 V FileManager: External storage is readable
07-06 01:28:11.264 23426 23426 V FileManager: Created new directory: /storage/emulated/0/Movies/segment-sum/20200312_150643
07-06 01:28:11.267 23426 23426 D FfmpegTools: Merging /storage/emulated/0/Movies/summarised/20200312_150643.mp4
07-06 01:28:11.267 23426 23426 D FfmpegTools: No split videos to merge
07-06 01:28:11.268 23426 23426 V RawFootageEventHandler: removeByName
07-06 01:28:11.269 23426 23426 V ProcessingVideosEventHandler: removeByName
07-06 01:28:11.271 23426 23426 V NearbyFragment: Removing video segment map for 20200312_150643
07-06 01:28:11.271 23426 23426 I NearbyFragment: Transfer queue is empty
07-06 01:28:11.291 23426 23426 V NearbyFragment: Transfer to Endpoint{id=TtzO, name=Nexus 5X [9c8f]} complete
07-06 01:28:14.189 23426 24260 V VideoManager: Retrieving video from /storage/emulated/0/Movies/raw/20200312_150744.mp4
07-06 01:28:14.244 23426 24260 D VideoManager: videoCursor is null
07-06 01:28:14.330 23426 24260 V VideoManager: videoFromCursor
07-06 01:28:14.335 23426 24260 W DashDownloadManager: Successfully downloaded 20200312_150744.mp4 in 29.645s
07-06 01:28:14.336 23426 24260 V DownloadTestVideosTask: Entering callback for download completion of 20200312_150744.mp4
07-06 01:28:14.338 23426 24260 V RawFootageEventHandler: onAdd
07-06 01:28:14.342 23426 24260 V FfmpegTools: Retrieving duration of /storage/emulated/0/Movies/raw/20200312_150744.mp4
07-06 01:28:14.353 23426 24280 W mobile-ffmpeg: [mov,mp4,m4a,3gp,3g2,mj2 @ 0x78d5fa7a00] Found duplicated MOOV Atom. Skipped it
07-06 01:28:14.413 23426 24280 I mobile-ffmpeg: Input #0, mov,mp4,m4a,3gp,3g2,mj2, from '/storage/emulated/0/Movies/raw/20200312_150744.mp4':
07-06 01:28:14.413 23426 24280 I mobile-ffmpeg:   Metadata:
07-06 01:28:14.413 23426 24280 I mobile-ffmpeg:     creation_time   : 
07-06 01:28:14.413 23426 24280 I mobile-ffmpeg: 2020-03-12T04:08:43.000000Z
07-06 01:28:14.413 23426 24280 I mobile-ffmpeg: 
07-06 01:28:14.413 23426 24280 I mobile-ffmpeg:     major_brand     : 
07-06 01:28:14.413 23426 24280 I mobile-ffmpeg: mp42
07-06 01:28:14.414 23426 24280 I mobile-ffmpeg: 
07-06 01:28:14.414 23426 24280 I mobile-ffmpeg:     minor_version   : 
07-06 01:28:14.414 23426 24280 I mobile-ffmpeg: 1
07-06 01:28:14.414 23426 24280 I mobile-ffmpeg: 
07-06 01:28:14.414 23426 24280 I mobile-ffmpeg:     compatible_brands: 
07-06 01:28:14.414 23426 24280 I mobile-ffmpeg: mp42mp42
07-06 01:28:14.414 23426 24280 I mobile-ffmpeg: 
07-06 01:28:14.414 23426 24280 I mobile-ffmpeg:   Duration: 
07-06 01:28:14.414 23426 24280 I mobile-ffmpeg: 00:01:00.02
07-06 01:28:14.414 23426 24280 I mobile-ffmpeg: , start: 
07-06 01:28:14.414 23426 24280 I mobile-ffmpeg: 0.000000
07-06 01:28:14.414 23426 24280 I mobile-ffmpeg: , bitrate: 
07-06 01:28:14.414 23426 24280 I mobile-ffmpeg: 9328 kb/s
07-06 01:28:14.414 23426 24280 I mobile-ffmpeg: 
07-06 01:28:14.414 23426 24280 I mobile-ffmpeg:     Stream #0:0
07-06 01:28:14.414 23426 24280 I mobile-ffmpeg: (eng)
07-06 01:28:14.414 23426 24280 I mobile-ffmpeg: : Video: h264 (avc1 / 0x31637661), yuvj420p(pc, bt709), 1280x720, 8381 kb/s
07-06 01:28:14.414 23426 24280 I mobile-ffmpeg: , 
07-06 01:28:14.415 23426 24280 I mobile-ffmpeg: 29.97 fps, 
07-06 01:28:14.415 23426 24280 I mobile-ffmpeg: 29.97 tbr, 
07-06 01:28:14.415 23426 24280 I mobile-ffmpeg: 1k tbn, 
07-06 01:28:14.415 23426 24280 I mobile-ffmpeg: 2k tbc
07-06 01:28:14.415 23426 24280 I mobile-ffmpeg:  (default)
07-06 01:28:14.415 23426 24280 I mobile-ffmpeg: 
07-06 01:28:14.415 23426 24280 I mobile-ffmpeg:     Metadata:
07-06 01:28:14.415 23426 24280 I mobile-ffmpeg:       creation_time   : 
07-06 01:28:14.415 23426 24280 I mobile-ffmpeg: 2020-03-12T04:08:43.000000Z
07-06 01:28:14.415 23426 24280 I mobile-ffmpeg: 
07-06 01:28:14.415 23426 24280 I mobile-ffmpeg:       handler_name    : 
07-06 01:28:14.415 23426 24280 I mobile-ffmpeg: PittaSoft Video Media Handler
07-06 01:28:14.415 23426 24280 I mobile-ffmpeg: 
07-06 01:28:14.415 23426 24280 I mobile-ffmpeg:     Stream #0:1
07-06 01:28:14.415 23426 24280 I mobile-ffmpeg: (eng)
07-06 01:28:14.415 23426 24280 I mobile-ffmpeg: : Audio: aac (mp4a / 0x6134706D), 16000 Hz, stereo, fltp, 47 kb/s
07-06 01:28:14.416 23426 24280 I mobile-ffmpeg:  (default)
07-06 01:28:14.416 23426 24280 I mobile-ffmpeg: 
07-06 01:28:14.416 23426 24280 I mobile-ffmpeg:     Metadata:
07-06 01:28:14.416 23426 24280 I mobile-ffmpeg:       creation_time   : 
07-06 01:28:14.416 23426 24280 I mobile-ffmpeg: 2020-03-12T04:08:43.000000Z
07-06 01:28:14.416 23426 24280 I mobile-ffmpeg: 
07-06 01:28:14.416 23426 24280 I mobile-ffmpeg:       handler_name    : 
07-06 01:28:14.416 23426 24280 I mobile-ffmpeg: PittaSoft Sound Media Handler
07-06 01:28:14.416 23426 24280 I mobile-ffmpeg: 
07-06 01:28:14.432 23426 24260 V FileManager: External storage is readable
07-06 01:28:14.434 23426 24260 V FileManager: Created new directory: /storage/emulated/0/Movies/segment/20200312_150744
07-06 01:28:14.435 23426 24260 V FfmpegTools: Splitting /storage/emulated/0/Movies/raw/20200312_150744.mp4 with 16s long segments
07-06 01:28:14.436 23426 24260 I FfmpegTools: Running ffmpeg with:
07-06 01:28:14.436 23426 24260 I FfmpegTools:   -y -i /storage/emulated/0/Movies/raw/20200312_150744.mp4 -map 0 -c copy -f segment -reset_timestamps 1 -segment_time 16 /storage/emulated/0/Movies/segment/20200312_150744/20200312_150744!%03d.mp4
07-06 01:28:14.451 23426 24280 W mobile-ffmpeg: [mov,mp4,m4a,3gp,3g2,mj2 @ 0x78d5fa7a00] Found duplicated MOOV Atom. Skipped it
07-06 01:28:14.493 23426 24280 I mobile-ffmpeg: Input #0, mov,mp4,m4a,3gp,3g2,mj2, from '/storage/emulated/0/Movies/raw/20200312_150744.mp4':
07-06 01:28:14.493 23426 24280 I mobile-ffmpeg:   Metadata:
07-06 01:28:14.493 23426 24280 I mobile-ffmpeg:     creation_time   : 
07-06 01:28:14.493 23426 24280 I mobile-ffmpeg: 2020-03-12T04:08:43.000000Z
07-06 01:28:14.493 23426 24280 I mobile-ffmpeg: 
07-06 01:28:14.493 23426 24280 I mobile-ffmpeg:     major_brand     : 
07-06 01:28:14.493 23426 24280 I mobile-ffmpeg: mp42
07-06 01:28:14.493 23426 24280 I mobile-ffmpeg: 
07-06 01:28:14.493 23426 24280 I mobile-ffmpeg:     minor_version   : 
07-06 01:28:14.493 23426 24280 I mobile-ffmpeg: 1
07-06 01:28:14.493 23426 24280 I mobile-ffmpeg: 
07-06 01:28:14.493 23426 24280 I mobile-ffmpeg:     compatible_brands: 
07-06 01:28:14.493 23426 24280 I mobile-ffmpeg: mp42mp42
07-06 01:28:14.493 23426 24280 I mobile-ffmpeg: 
07-06 01:28:14.493 23426 24280 I mobile-ffmpeg:   Duration: 
07-06 01:28:14.493 23426 24280 I mobile-ffmpeg: 00:01:00.02
07-06 01:28:14.493 23426 24280 I mobile-ffmpeg: , start: 
07-06 01:28:14.494 23426 24280 I mobile-ffmpeg: 0.000000
07-06 01:28:14.494 23426 24280 I mobile-ffmpeg: , bitrate: 
07-06 01:28:14.494 23426 24280 I mobile-ffmpeg: 9328 kb/s
07-06 01:28:14.494 23426 24280 I mobile-ffmpeg: 
07-06 01:28:14.494 23426 24280 I mobile-ffmpeg:     Stream #0:0
07-06 01:28:14.494 23426 24280 I mobile-ffmpeg: (eng)
07-06 01:28:14.494 23426 24280 I mobile-ffmpeg: : Video: h264 (avc1 / 0x31637661), yuvj420p(pc, bt709), 1280x720, 8381 kb/s
07-06 01:28:14.494 23426 24280 I mobile-ffmpeg: , 
07-06 01:28:14.494 23426 24280 I mobile-ffmpeg: 29.97 fps, 
07-06 01:28:14.494 23426 24280 I mobile-ffmpeg: 29.97 tbr, 
07-06 01:28:14.494 23426 24280 I mobile-ffmpeg: 1k tbn, 
07-06 01:28:14.494 23426 24280 I mobile-ffmpeg: 2k tbc
07-06 01:28:14.494 23426 24280 I mobile-ffmpeg:  (default)
07-06 01:28:14.494 23426 24280 I mobile-ffmpeg: 
07-06 01:28:14.494 23426 24280 I mobile-ffmpeg:     Metadata:
07-06 01:28:14.494 23426 24280 I mobile-ffmpeg:       creation_time   : 
07-06 01:28:14.494 23426 24280 I mobile-ffmpeg: 2020-03-12T04:08:43.000000Z
07-06 01:28:14.494 23426 24280 I mobile-ffmpeg: 
07-06 01:28:14.495 23426 24280 I mobile-ffmpeg:       handler_name    : 
07-06 01:28:14.495 23426 24280 I mobile-ffmpeg: PittaSoft Video Media Handler
07-06 01:28:14.495 23426 24280 I mobile-ffmpeg: 
07-06 01:28:14.495 23426 24280 I mobile-ffmpeg:     Stream #0:1
07-06 01:28:14.495 23426 24280 I mobile-ffmpeg: (eng)
07-06 01:28:14.495 23426 24280 I mobile-ffmpeg: : Audio: aac (mp4a / 0x6134706D), 16000 Hz, stereo, fltp, 47 kb/s
07-06 01:28:14.495 23426 24280 I mobile-ffmpeg:  (default)
07-06 01:28:14.495 23426 24280 I mobile-ffmpeg: 
07-06 01:28:14.495 23426 24280 I mobile-ffmpeg:     Metadata:
07-06 01:28:14.495 23426 24280 I mobile-ffmpeg:       creation_time   : 
07-06 01:28:14.495 23426 24280 I mobile-ffmpeg: 2020-03-12T04:08:43.000000Z
07-06 01:28:14.495 23426 24280 I mobile-ffmpeg: 
07-06 01:28:14.495 23426 24280 I mobile-ffmpeg:       handler_name    : 
07-06 01:28:14.495 23426 24280 I mobile-ffmpeg: PittaSoft Sound Media Handler
07-06 01:28:14.495 23426 24280 I mobile-ffmpeg: 
07-06 01:28:14.495 23426 24280 I mobile-ffmpeg: [segment @ 0x78d65c2c00] Opening '/storage/emulated/0/Movies/segment/20200312_150744/20200312_150744!000.mp4' for writing
07-06 01:28:14.495 23426 24280 I mobile-ffmpeg: Output #0, segment, to '/storage/emulated/0/Movies/segment/20200312_150744/20200312_150744!%03d.mp4':
07-06 01:28:14.496 23426 24280 I mobile-ffmpeg:   Metadata:
07-06 01:28:14.496 23426 24280 I mobile-ffmpeg:     compatible_brands: 
07-06 01:28:14.496 23426 24280 I mobile-ffmpeg: mp42mp42
07-06 01:28:14.496 23426 24280 I mobile-ffmpeg: 
07-06 01:28:14.496 23426 24280 I mobile-ffmpeg:     major_brand     : 
07-06 01:28:14.496 23426 24280 I mobile-ffmpeg: mp42
07-06 01:28:14.496 23426 24280 I mobile-ffmpeg: 
07-06 01:28:14.496 23426 24280 I mobile-ffmpeg:     minor_version   : 
07-06 01:28:14.496 23426 24280 I mobile-ffmpeg: 1
07-06 01:28:14.496 23426 24280 I mobile-ffmpeg: 
07-06 01:28:14.496 23426 24280 I mobile-ffmpeg:     encoder         : 
07-06 01:28:14.496 23426 24280 I mobile-ffmpeg: Lavf58.42.100
07-06 01:28:14.496 23426 24280 I mobile-ffmpeg: 
07-06 01:28:14.496 23426 24280 I mobile-ffmpeg:     Stream #0:0
07-06 01:28:14.496 23426 24280 I mobile-ffmpeg: (eng)
07-06 01:28:14.496 23426 24280 I mobile-ffmpeg: : Video: h264 (avc1 / 0x31637661), yuvj420p(pc, bt709), 1280x720, q=2-31, 8381 kb/s
07-06 01:28:14.497 23426 24280 I mobile-ffmpeg: , 
07-06 01:28:14.497 23426 24280 I mobile-ffmpeg: 29.97 fps, 
07-06 01:28:14.497 23426 24280 I mobile-ffmpeg: 29.97 tbr, 
07-06 01:28:14.497 23426 24280 I mobile-ffmpeg: 16k tbn, 
07-06 01:28:14.497 23426 24280 I mobile-ffmpeg: 1k tbc
07-06 01:28:14.497 23426 24280 I mobile-ffmpeg:  (default)
07-06 01:28:14.497 23426 24280 I mobile-ffmpeg: 
07-06 01:28:14.497 23426 24280 I mobile-ffmpeg:     Metadata:
07-06 01:28:14.497 23426 24280 I mobile-ffmpeg:       creation_time   : 
07-06 01:28:14.497 23426 24280 I mobile-ffmpeg: 2020-03-12T04:08:43.000000Z
07-06 01:28:14.497 23426 24280 I mobile-ffmpeg: 
07-06 01:28:14.497 23426 24280 I mobile-ffmpeg:       handler_name    : 
07-06 01:28:14.497 23426 24280 I mobile-ffmpeg: PittaSoft Video Media Handler
07-06 01:28:14.497 23426 24280 I mobile-ffmpeg: 
07-06 01:28:14.497 23426 24280 I mobile-ffmpeg:     Stream #0:1
07-06 01:28:14.497 23426 24280 I mobile-ffmpeg: (eng)
07-06 01:28:14.498 23426 24280 I mobile-ffmpeg: : Audio: aac (mp4a / 0x6134706D), 16000 Hz, stereo, fltp, 47 kb/s
07-06 01:28:14.498 23426 24280 I mobile-ffmpeg:  (default)
07-06 01:28:14.498 23426 24280 I mobile-ffmpeg: 
07-06 01:28:14.498 23426 24280 I mobile-ffmpeg:     Metadata:
07-06 01:28:14.498 23426 24280 I mobile-ffmpeg:       creation_time   : 
07-06 01:28:14.498 23426 24280 I mobile-ffmpeg: 2020-03-12T04:08:43.000000Z
07-06 01:28:14.498 23426 24280 I mobile-ffmpeg: 
07-06 01:28:14.498 23426 24280 I mobile-ffmpeg:       handler_name    : 
07-06 01:28:14.498 23426 24280 I mobile-ffmpeg: PittaSoft Sound Media Handler
07-06 01:28:14.498 23426 24280 I mobile-ffmpeg: 
07-06 01:28:14.498 23426 24280 I mobile-ffmpeg: Stream mapping:
07-06 01:28:14.498 23426 24280 I mobile-ffmpeg:   Stream #0:0 -> #0:0
07-06 01:28:14.498 23426 24280 I mobile-ffmpeg:  (copy)
07-06 01:28:14.498 23426 24280 I mobile-ffmpeg: 
07-06 01:28:14.498 23426 24280 I mobile-ffmpeg:   Stream #0:1 -> #0:1
07-06 01:28:14.498 23426 24280 I mobile-ffmpeg:  (copy)
07-06 01:28:14.498 23426 24280 I mobile-ffmpeg: 
07-06 01:28:14.498 23426 24280 I mobile-ffmpeg: Press [q] to stop, [?] for help
07-06 01:28:14.499 23426 24280 I mobile-ffmpeg: frame=    1 fps=0.0 q=-1.0 size=N/A time=00:00:00.00 bitrate=N/A speed=31.5x    
07-06 01:28:14.587 23426 24280 I mobile-ffmpeg: [segment @ 0x78d65c2c00] Opening '/storage/emulated/0/Movies/segment/20200312_150744/20200312_150744!001.mp4' for writing
07-06 01:28:14.660 23426 24280 I mobile-ffmpeg: [segment @ 0x78d65c2c00] Opening '/storage/emulated/0/Movies/segment/20200312_150744/20200312_150744!002.mp4' for writing
07-06 01:28:14.713 23426 24280 I mobile-ffmpeg: [segment @ 0x78d65c2c00] Opening '/storage/emulated/0/Movies/segment/20200312_150744/20200312_150744!003.mp4' for writing
07-06 01:28:14.752 23426 24280 I mobile-ffmpeg: frame= 1800 fps=0.0 q=-1.0 Lsize=N/A time=00:01:00.03 bitrate=N/A speed= 233x    
07-06 01:28:14.752 23426 24280 I mobile-ffmpeg: video:61410kB audio:346kB subtitle:0kB other streams:0kB global headers:0kB muxing overhead: 
07-06 01:28:14.752 23426 24280 I mobile-ffmpeg: unknown
07-06 01:28:14.752 23426 24280 I mobile-ffmpeg: 
07-06 01:28:14.756 23426 24260 V FileManager: External storage is readable
07-06 01:28:14.756 23426 24260 V FileManager: Directory already exists: /storage/emulated/0/Movies/segment/20200312_150744
07-06 01:28:14.756 23426 24260 V VideoManager: Retrieving videos from /storage/emulated/0/Movies/segment/20200312_150744
07-06 01:28:14.757 23426 24260 V VideoManager: Retrieving video from /storage/emulated/0/Movies/segment/20200312_150744/20200312_150744!000.mp4
07-06 01:28:14.764 23426 24260 V VideoManager: videoFromCursor
07-06 01:28:14.766 23426 24260 V VideoManager: Retrieving video from /storage/emulated/0/Movies/segment/20200312_150744/20200312_150744!001.mp4
07-06 01:28:14.772 23426 24260 V VideoManager: videoFromCursor
07-06 01:28:14.774 23426 24260 V VideoManager: Retrieving video from /storage/emulated/0/Movies/segment/20200312_150744/20200312_150744!002.mp4
07-06 01:28:14.781 23426 24260 V VideoManager: videoFromCursor
07-06 01:28:14.784 23426 24260 V VideoManager: Retrieving video from /storage/emulated/0/Movies/segment/20200312_150744/20200312_150744!003.mp4
07-06 01:28:14.794 23426 24260 V VideoManager: videoFromCursor
07-06 01:28:14.801 23426 24260 V NearbyFragment: nextTransfer with selected algorithm: least_busy
07-06 01:28:14.803 23426 24260 W NearbyFragment: Sending 20200312_150744!000.mp4 to Nexus 5X [34d8]
07-06 01:28:14.816 23426 23426 V NearbyFragment: Transfer to Endpoint{id=Qd2N, name=Nexus 5X [34d8]} complete
07-06 01:28:15.808 23426 24260 V DownloadTestVideosTask: Starting DownloadTestVideosTask
07-06 01:28:15.812 23426 24260 V DashDownloadManager: Started downloading: 20200312_150844.mp4
07-06 01:28:15.818 23426 24260 I System.out: (HTTPLog)-Static: isSBSettingEnabled false
07-06 01:28:15.819 23426 24260 I System.out: (HTTPLog)-Static: isSBSettingEnabled false
07-06 01:28:15.833 23426 24260 I System.out: (HTTPLog)-Thread-3467-29538027: getTransferStream : ContentLength=69990400, method=GET, HTTPVersion=http/1.1
07-06 01:28:20.081 23426 23426 V NearbyFragment: Transfer to Endpoint{id=Qd2N, name=Nexus 5X [34d8]} complete
07-06 01:28:20.670 23426 23426 D NearbyFragment: onPayloadReceived(endpointId=Qd2N, payload=com.google.android.gms.nearby.connection.Payload@865ac48)
07-06 01:28:20.671 23426 23426 D NearbyFragment: Endpoint{id=Qd2N, name=Nexus 5X [34d8]} has finished downloading 20200312_150744!000.mp4
07-06 01:28:20.674 23426 23426 V NearbyFragment: nextTransfer with selected algorithm: least_busy
07-06 01:28:20.685 23426 23426 W NearbyFragment: Sending 20200312_150744!001.mp4 to Nexus 5 [1825]
07-06 01:28:20.701 23426 23426 V NearbyFragment: Transfer to Endpoint{id=Rc4h, name=Nexus 5 [1825]} complete
07-06 01:28:20.766 23426 23426 V NearbyFragment: Transfer to Endpoint{id=Qd2N, name=Nexus 5X [34d8]} complete
07-06 01:28:24.036 23426 23426 D NearbyFragment: onPayloadReceived(endpointId=Qd2N, payload=com.google.android.gms.nearby.connection.Payload@93d6c7)
07-06 01:28:24.037 23426 23426 D NearbyFragment: 20200312_150744!000.mp4 from Endpoint{id=Qd2N, name=Nexus 5X [34d8]} contained no activity
07-06 01:28:24.037 23426 23426 V NearbyFragment: Received a segment of 20200312_150744
07-06 01:28:24.038 23426 23426 V NearbyFragment: nextTransfer with selected algorithm: least_busy
07-06 01:28:24.039 23426 23426 W NearbyFragment: Sending 20200312_150744!002.mp4 to Nexus 5X [34d8]
07-06 01:28:24.053 23426 23426 V NearbyFragment: Transfer to Endpoint{id=Qd2N, name=Nexus 5X [34d8]} complete
07-06 01:28:24.101 23426 23426 V NearbyFragment: Transfer to Endpoint{id=Qd2N, name=Nexus 5X [34d8]} complete
07-06 01:28:25.732 23426 23426 V NearbyFragment: Transfer to Endpoint{id=Rc4h, name=Nexus 5 [1825]} complete
07-06 01:28:27.977 23426 23426 D NearbyFragment: onPayloadReceived(endpointId=Rc4h, payload=com.google.android.gms.nearby.connection.Payload@702692)
07-06 01:28:27.978 23426 23426 D NearbyFragment: Endpoint{id=Rc4h, name=Nexus 5 [1825]} has finished downloading 20200312_150744!001.mp4
07-06 01:28:27.979 23426 23426 V NearbyFragment: nextTransfer with selected algorithm: least_busy
07-06 01:28:27.981 23426 23426 W NearbyFragment: Sending 20200312_150744!003.mp4 to Nexus 5X [9c8f]
07-06 01:28:28.000 23426 23426 V NearbyFragment: Transfer to Endpoint{id=TtzO, name=Nexus 5X [9c8f]} complete
07-06 01:28:28.079 23426 23426 V NearbyFragment: Transfer to Endpoint{id=Rc4h, name=Nexus 5 [1825]} complete
07-06 01:28:31.299 23426 23426 V NearbyFragment: Transfer to Endpoint{id=Qd2N, name=Nexus 5X [34d8]} complete
07-06 01:28:31.989 23426 23426 D NearbyFragment: onPayloadReceived(endpointId=Qd2N, payload=com.google.android.gms.nearby.connection.Payload@7eca519)
07-06 01:28:31.990 23426 23426 D NearbyFragment: Endpoint{id=Qd2N, name=Nexus 5X [34d8]} has finished downloading 20200312_150744!002.mp4
07-06 01:28:31.991 23426 23426 I NearbyFragment: Transfer queue is empty
07-06 01:28:32.040 23426 23426 V NearbyFragment: Transfer to Endpoint{id=Qd2N, name=Nexus 5X [34d8]} complete
07-06 01:28:33.998 23426 23426 D NearbyFragment: onPayloadReceived(endpointId=Rc4h, payload=com.google.android.gms.nearby.connection.Payload@46619de)
07-06 01:28:34.000 23426 23426 D NearbyFragment: 20200312_150744!001.mp4 from Endpoint{id=Rc4h, name=Nexus 5 [1825]} contained no activity
07-06 01:28:34.001 23426 23426 V NearbyFragment: Received a segment of 20200312_150744
07-06 01:28:34.001 23426 23426 I NearbyFragment: Transfer queue is empty
07-06 01:28:34.070 23426 23426 V NearbyFragment: Transfer to Endpoint{id=Rc4h, name=Nexus 5 [1825]} complete
07-06 01:28:35.181 23426 23426 V NearbyFragment: Transfer to Endpoint{id=TtzO, name=Nexus 5X [9c8f]} complete
07-06 01:28:35.377 23426 23426 D NearbyFragment: onPayloadReceived(endpointId=TtzO, payload=com.google.android.gms.nearby.connection.Payload@b0ed7bf)
07-06 01:28:35.379 23426 23426 D NearbyFragment: Endpoint{id=TtzO, name=Nexus 5X [9c8f]} has finished downloading 20200312_150744!003.mp4
07-06 01:28:35.380 23426 23426 I NearbyFragment: Transfer queue is empty
07-06 01:28:35.484 23426 23426 V NearbyFragment: Transfer to Endpoint{id=TtzO, name=Nexus 5X [9c8f]} complete
07-06 01:28:35.705 23426 23426 D NearbyFragment: onPayloadReceived(endpointId=Qd2N, payload=com.google.android.gms.nearby.connection.Payload@7c83e8c)
07-06 01:28:35.706 23426 23426 D NearbyFragment: 20200312_150744!002.mp4 from Endpoint{id=Qd2N, name=Nexus 5X [34d8]} contained no activity
07-06 01:28:35.706 23426 23426 V NearbyFragment: Received a segment of 20200312_150744
07-06 01:28:35.706 23426 23426 I NearbyFragment: Transfer queue is empty
07-06 01:28:35.749 23426 23426 V NearbyFragment: Transfer to Endpoint{id=Qd2N, name=Nexus 5X [34d8]} complete
07-06 01:28:44.760 23426 24260 V VideoManager: Retrieving video from /storage/emulated/0/Movies/raw/20200312_150844.mp4
07-06 01:28:44.783 23426 24260 D VideoManager: videoCursor is null
07-06 01:28:44.881 23426 24260 V VideoManager: videoFromCursor
07-06 01:28:44.886 23426 24260 W DashDownloadManager: Successfully downloaded 20200312_150844.mp4 in 28.947s
07-06 01:28:44.887 23426 24260 V DownloadTestVideosTask: Entering callback for download completion of 20200312_150844.mp4
07-06 01:28:44.888 23426 24260 V RawFootageEventHandler: onAdd
07-06 01:28:44.890 23426 24260 V FfmpegTools: Retrieving duration of /storage/emulated/0/Movies/raw/20200312_150844.mp4
07-06 01:28:44.899 23426 24280 W mobile-ffmpeg: [mov,mp4,m4a,3gp,3g2,mj2 @ 0x78ef058400] Found duplicated MOOV Atom. Skipped it
07-06 01:28:44.978 23426 24280 I mobile-ffmpeg: Input #0, mov,mp4,m4a,3gp,3g2,mj2, from '/storage/emulated/0/Movies/raw/20200312_150844.mp4':
07-06 01:28:44.978 23426 24280 I mobile-ffmpeg:   Metadata:
07-06 01:28:44.978 23426 24280 I mobile-ffmpeg:     creation_time   : 
07-06 01:28:44.978 23426 24280 I mobile-ffmpeg: 2020-03-12T04:09:43.000000Z
07-06 01:28:44.978 23426 24280 I mobile-ffmpeg: 
07-06 01:28:44.978 23426 24280 I mobile-ffmpeg:     major_brand     : 
07-06 01:28:44.978 23426 24280 I mobile-ffmpeg: mp42
07-06 01:28:44.978 23426 24280 I mobile-ffmpeg: 
07-06 01:28:44.978 23426 24280 I mobile-ffmpeg:     minor_version   : 
07-06 01:28:44.978 23426 24280 I mobile-ffmpeg: 1
07-06 01:28:44.978 23426 24280 I mobile-ffmpeg: 
07-06 01:28:44.979 23426 24280 I mobile-ffmpeg:     compatible_brands: 
07-06 01:28:44.979 23426 24280 I mobile-ffmpeg: mp42mp42
07-06 01:28:44.979 23426 24280 I mobile-ffmpeg: 
07-06 01:28:44.979 23426 24280 I mobile-ffmpeg:   Duration: 
07-06 01:28:44.979 23426 24280 I mobile-ffmpeg: 00:01:00.02
07-06 01:28:44.979 23426 24280 I mobile-ffmpeg: , start: 
07-06 01:28:44.979 23426 24280 I mobile-ffmpeg: 0.000000
07-06 01:28:44.979 23426 24280 I mobile-ffmpeg: , bitrate: 
07-06 01:28:44.979 23426 24280 I mobile-ffmpeg: 9328 kb/s
07-06 01:28:44.979 23426 24280 I mobile-ffmpeg: 
07-06 01:28:44.979 23426 24280 I mobile-ffmpeg:     Stream #0:0
07-06 01:28:44.979 23426 24280 I mobile-ffmpeg: (eng)
07-06 01:28:44.979 23426 24280 I mobile-ffmpeg: : Video: h264 (avc1 / 0x31637661), yuvj420p(pc, bt709), 1280x720, 8383 kb/s
07-06 01:28:44.979 23426 24280 I mobile-ffmpeg: , 
07-06 01:28:44.979 23426 24280 I mobile-ffmpeg: 29.97 fps, 
07-06 01:28:44.979 23426 24280 I mobile-ffmpeg: 29.97 tbr, 
07-06 01:28:44.979 23426 24280 I mobile-ffmpeg: 1k tbn, 
07-06 01:28:44.979 23426 24280 I mobile-ffmpeg: 2k tbc
07-06 01:28:44.979 23426 24280 I mobile-ffmpeg:  (default)
07-06 01:28:44.979 23426 24280 I mobile-ffmpeg: 
07-06 01:28:44.980 23426 24280 I mobile-ffmpeg:     Metadata:
07-06 01:28:44.980 23426 24280 I mobile-ffmpeg:       creation_time   : 
07-06 01:28:44.980 23426 24280 I mobile-ffmpeg: 2020-03-12T04:09:43.000000Z
07-06 01:28:44.980 23426 24280 I mobile-ffmpeg: 
07-06 01:28:44.980 23426 24280 I mobile-ffmpeg:       handler_name    : 
07-06 01:28:44.980 23426 24280 I mobile-ffmpeg: PittaSoft Video Media Handler
07-06 01:28:44.980 23426 24280 I mobile-ffmpeg: 
07-06 01:28:44.980 23426 24280 I mobile-ffmpeg:     Stream #0:1
07-06 01:28:44.980 23426 24280 I mobile-ffmpeg: (eng)
07-06 01:28:44.980 23426 24280 I mobile-ffmpeg: : Audio: aac (mp4a / 0x6134706D), 16000 Hz, stereo, fltp, 47 kb/s
07-06 01:28:44.980 23426 24280 I mobile-ffmpeg:  (default)
07-06 01:28:44.980 23426 24280 I mobile-ffmpeg: 
07-06 01:28:44.980 23426 24280 I mobile-ffmpeg:     Metadata:
07-06 01:28:44.980 23426 24280 I mobile-ffmpeg:       creation_time   : 
07-06 01:28:44.980 23426 24280 I mobile-ffmpeg: 2020-03-12T04:09:43.000000Z
07-06 01:28:44.980 23426 24280 I mobile-ffmpeg: 
07-06 01:28:44.980 23426 24280 I mobile-ffmpeg:       handler_name    : 
07-06 01:28:44.981 23426 24280 I mobile-ffmpeg: PittaSoft Sound Media Handler
07-06 01:28:44.981 23426 24280 I mobile-ffmpeg: 
07-06 01:28:44.997 23426 24260 V FileManager: External storage is readable
07-06 01:28:44.998 23426 24260 V FileManager: Created new directory: /storage/emulated/0/Movies/segment/20200312_150844
07-06 01:28:44.998 23426 24260 V FfmpegTools: Splitting /storage/emulated/0/Movies/raw/20200312_150844.mp4 with 16s long segments
07-06 01:28:44.999 23426 24260 I FfmpegTools: Running ffmpeg with:
07-06 01:28:44.999 23426 24260 I FfmpegTools:   -y -i /storage/emulated/0/Movies/raw/20200312_150844.mp4 -map 0 -c copy -f segment -reset_timestamps 1 -segment_time 16 /storage/emulated/0/Movies/segment/20200312_150844/20200312_150844!%03d.mp4
07-06 01:28:45.008 23426 24280 W mobile-ffmpeg: [mov,mp4,m4a,3gp,3g2,mj2 @ 0x78ef058400] Found duplicated MOOV Atom. Skipped it
07-06 01:28:45.063 23426 24280 I mobile-ffmpeg: Input #0, mov,mp4,m4a,3gp,3g2,mj2, from '/storage/emulated/0/Movies/raw/20200312_150844.mp4':
07-06 01:28:45.063 23426 24280 I mobile-ffmpeg:   Metadata:
07-06 01:28:45.063 23426 24280 I mobile-ffmpeg:     creation_time   : 
07-06 01:28:45.063 23426 24280 I mobile-ffmpeg: 2020-03-12T04:09:43.000000Z
07-06 01:28:45.063 23426 24280 I mobile-ffmpeg: 
07-06 01:28:45.063 23426 24280 I mobile-ffmpeg:     major_brand     : 
07-06 01:28:45.063 23426 24280 I mobile-ffmpeg: mp42
07-06 01:28:45.063 23426 24280 I mobile-ffmpeg: 
07-06 01:28:45.064 23426 24280 I mobile-ffmpeg:     minor_version   : 
07-06 01:28:45.064 23426 24280 I mobile-ffmpeg: 1
07-06 01:28:45.064 23426 24280 I mobile-ffmpeg: 
07-06 01:28:45.064 23426 24280 I mobile-ffmpeg:     compatible_brands: 
07-06 01:28:45.064 23426 24280 I mobile-ffmpeg: mp42mp42
07-06 01:28:45.064 23426 24280 I mobile-ffmpeg: 
07-06 01:28:45.064 23426 24280 I mobile-ffmpeg:   Duration: 
07-06 01:28:45.064 23426 24280 I mobile-ffmpeg: 00:01:00.02
07-06 01:28:45.064 23426 24280 I mobile-ffmpeg: , start: 
07-06 01:28:45.064 23426 24280 I mobile-ffmpeg: 0.000000
07-06 01:28:45.064 23426 24280 I mobile-ffmpeg: , bitrate: 
07-06 01:28:45.064 23426 24280 I mobile-ffmpeg: 9328 kb/s
07-06 01:28:45.064 23426 24280 I mobile-ffmpeg: 
07-06 01:28:45.064 23426 24280 I mobile-ffmpeg:     Stream #0:0
07-06 01:28:45.064 23426 24280 I mobile-ffmpeg: (eng)
07-06 01:28:45.064 23426 24280 I mobile-ffmpeg: : Video: h264 (avc1 / 0x31637661), yuvj420p(pc, bt709), 1280x720, 8383 kb/s
07-06 01:28:45.064 23426 24280 I mobile-ffmpeg: , 
07-06 01:28:45.064 23426 24280 I mobile-ffmpeg: 29.97 fps, 
07-06 01:28:45.064 23426 24280 I mobile-ffmpeg: 29.97 tbr, 
07-06 01:28:45.065 23426 24280 I mobile-ffmpeg: 1k tbn, 
07-06 01:28:45.065 23426 24280 I mobile-ffmpeg: 2k tbc
07-06 01:28:45.065 23426 24280 I mobile-ffmpeg:  (default)
07-06 01:28:45.065 23426 24280 I mobile-ffmpeg: 
07-06 01:28:45.065 23426 24280 I mobile-ffmpeg:     Metadata:
07-06 01:28:45.065 23426 24280 I mobile-ffmpeg:       creation_time   : 
07-06 01:28:45.065 23426 24280 I mobile-ffmpeg: 2020-03-12T04:09:43.000000Z
07-06 01:28:45.065 23426 24280 I mobile-ffmpeg: 
07-06 01:28:45.065 23426 24280 I mobile-ffmpeg:       handler_name    : 
07-06 01:28:45.065 23426 24280 I mobile-ffmpeg: PittaSoft Video Media Handler
07-06 01:28:45.065 23426 24280 I mobile-ffmpeg: 
07-06 01:28:45.065 23426 24280 I mobile-ffmpeg:     Stream #0:1
07-06 01:28:45.065 23426 24280 I mobile-ffmpeg: (eng)
07-06 01:28:45.065 23426 24280 I mobile-ffmpeg: : Audio: aac (mp4a / 0x6134706D), 16000 Hz, stereo, fltp, 47 kb/s
07-06 01:28:45.065 23426 24280 I mobile-ffmpeg:  (default)
07-06 01:28:45.065 23426 24280 I mobile-ffmpeg: 
07-06 01:28:45.065 23426 24280 I mobile-ffmpeg:     Metadata:
07-06 01:28:45.065 23426 24280 I mobile-ffmpeg:       creation_time   : 
07-06 01:28:45.065 23426 24280 I mobile-ffmpeg: 2020-03-12T04:09:43.000000Z
07-06 01:28:45.065 23426 24280 I mobile-ffmpeg: 
07-06 01:28:45.066 23426 24280 I mobile-ffmpeg:       handler_name    : 
07-06 01:28:45.066 23426 24280 I mobile-ffmpeg: PittaSoft Sound Media Handler
07-06 01:28:45.066 23426 24280 I mobile-ffmpeg: 
07-06 01:28:45.066 23426 24280 I mobile-ffmpeg: [segment @ 0x78e8599600] Opening '/storage/emulated/0/Movies/segment/20200312_150844/20200312_150844!000.mp4' for writing
07-06 01:28:45.066 23426 24280 I mobile-ffmpeg: Output #0, segment, to '/storage/emulated/0/Movies/segment/20200312_150844/20200312_150844!%03d.mp4':
07-06 01:28:45.066 23426 24280 I mobile-ffmpeg:   Metadata:
07-06 01:28:45.066 23426 24280 I mobile-ffmpeg:     compatible_brands: 
07-06 01:28:45.066 23426 24280 I mobile-ffmpeg: mp42mp42
07-06 01:28:45.066 23426 24280 I mobile-ffmpeg: 
07-06 01:28:45.066 23426 24280 I mobile-ffmpeg:     major_brand     : 
07-06 01:28:45.066 23426 24280 I mobile-ffmpeg: mp42
07-06 01:28:45.066 23426 24280 I mobile-ffmpeg: 
07-06 01:28:45.066 23426 24280 I mobile-ffmpeg:     minor_version   : 
07-06 01:28:45.066 23426 24280 I mobile-ffmpeg: 1
07-06 01:28:45.066 23426 24280 I mobile-ffmpeg: 
07-06 01:28:45.066 23426 24280 I mobile-ffmpeg:     encoder         : 
07-06 01:28:45.066 23426 24280 I mobile-ffmpeg: Lavf58.42.100
07-06 01:28:45.066 23426 24280 I mobile-ffmpeg: 
07-06 01:28:45.066 23426 24280 I mobile-ffmpeg:     Stream #0:0
07-06 01:28:45.066 23426 24280 I mobile-ffmpeg: (eng)
