--------- beginning of main
06-29 22:21:55.908  1262  1262 E Zygote  : isWhitelistProcess - Process is Whitelisted
06-29 22:21:55.911  1262  1262 E Zygote  : accessInfo : 1
--------- beginning of system
06-29 22:21:57.471  1262  1262 W LogFactory: Truncating log tag length as it exceed 23, the limit imposed by Android on certain API Levels
06-29 22:21:58.918  1262  1262 W ActivityThread: handleWindowVisibility: no activity for token android.os.BinderProxy@9bd5351
06-29 22:21:58.998  1262  1262 W example.edgesu: Accessing hidden method Landroid/graphics/drawable/Drawable;->getOpticalInsets()Landroid/graphics/Insets; (light greylist, linking)
06-29 22:21:58.998  1262  1262 W example.edgesu: Accessing hidden field Landroid/graphics/Insets;->left:I (light greylist, linking)
06-29 22:21:58.998  1262  1262 W example.edgesu: Accessing hidden field Landroid/graphics/Insets;->right:I (light greylist, linking)
06-29 22:21:58.998  1262  1262 W example.edgesu: Accessing hidden field Landroid/graphics/Insets;->top:I (light greylist, linking)
06-29 22:21:58.998  1262  1262 W example.edgesu: Accessing hidden field Landroid/graphics/Insets;->bottom:I (light greylist, linking)
06-29 22:21:59.045  1262  1262 W example.edgesu: Accessing hidden method Landroid/view/View;->computeFitSystemWindows(Landroid/graphics/Rect;Landroid/graphics/Rect;)Z (light greylist, reflection)
06-29 22:21:59.046  1262  1262 W example.edgesu: Accessing hidden method Landroid/view/ViewGroup;->makeOptionalFitsSystemWindows()V (light greylist, reflection)
06-29 22:21:59.152  1262  1262 W example.edgesu: Accessing hidden method Landroid/widget/TextView;->getTextDirectionHeuristic()Landroid/text/TextDirectionHeuristic; (light greylist, linking)
06-29 22:21:59.161  1262  1262 W example.edgesu: Accessing hidden field Landroid/view/View;->mAccessibilityDelegate:Landroid/view/View$AccessibilityDelegate; (light greylist, reflection)
06-29 22:21:59.485  1262  1262 E TransferService: No notification is passed in the intent. Unable to transition to foreground.
06-29 22:21:59.536  1262  1262 W StaticLayout: maxLineHeight should not be -1.  maxLines:1 lineCount:1
06-29 22:21:59.545  1262  1262 W StaticLayout: maxLineHeight should not be -1.  maxLines:1 lineCount:1
06-29 22:21:59.550  1262  1262 W StaticLayout: maxLineHeight should not be -1.  maxLines:1 lineCount:1
06-29 22:21:59.554  1262  1262 W StaticLayout: maxLineHeight should not be -1.  maxLines:1 lineCount:1
06-29 22:21:59.574  1262  1262 W StaticLayout: maxLineHeight should not be -1.  maxLines:1 lineCount:1
06-29 22:21:59.578  1262  1262 W StaticLayout: maxLineHeight should not be -1.  maxLines:1 lineCount:1
06-29 22:22:08.929  1262  1262 W example.edgesu: Accessing hidden method Landroid/graphics/FontFamily;-><init>()V (light greylist, reflection)
06-29 22:22:08.929  1262  1262 W example.edgesu: Accessing hidden method Landroid/graphics/FontFamily;->addFontFromAssetManager(Landroid/content/res/AssetManager;Ljava/lang/String;IZIII[Landroid/graphics/fonts/FontVariationAxis;)Z (light greylist, reflection)
06-29 22:22:08.929  1262  1262 W example.edgesu: Accessing hidden method Landroid/graphics/FontFamily;->addFontFromBuffer(Ljava/nio/ByteBuffer;I[Landroid/graphics/fonts/FontVariationAxis;II)Z (light greylist, reflection)
06-29 22:22:08.930  1262  1262 W example.edgesu: Accessing hidden method Landroid/graphics/FontFamily;->freeze()Z (light greylist, reflection)
06-29 22:22:08.930  1262  1262 W example.edgesu: Accessing hidden method Landroid/graphics/FontFamily;->abortCreation()V (light greylist, reflection)
06-29 22:22:08.930  1262  1262 W example.edgesu: Accessing hidden method Landroid/graphics/Typeface;->createFromFamiliesWithDefault([Landroid/graphics/FontFamily;Ljava/lang/String;II)Landroid/graphics/Typeface; (light greylist, reflection)
06-29 22:22:18.254  1262  1292 W libEGL  : EGLNativeWindowType 0x7074bf2010 disconnect failed
06-29 22:22:20.196  1262  1292 W libEGL  : EGLNativeWindowType 0x7074bf2010 disconnect failed
06-29 22:22:20.285  1262  1262 E ViewRootImpl: sendUserActionEvent() returned.
06-29 22:24:37.542  1262  1262 W NearbyFragment: Completed downloading 20200312_150643!000.mp4 from Endpoint{id=MHNk, name=Nexus 5X [34d8]} in 01.842s
06-29 22:24:39.695  1262  2783 W Summariser: No activity detected
06-29 22:24:39.750  1262  2783 W Summariser: Summarisation completed
06-29 22:24:39.750  1262  2783 W Summariser:   filename: 20200312_150643!000.mp4
06-29 22:24:39.750  1262  2783 W Summariser:   active sections: 0
06-29 22:24:39.750  1262  2783 W Summariser:   time: 02.031s
06-29 22:24:39.750  1262  2783 W Summariser:   original duration: 16.07
06-29 22:24:39.750  1262  2783 W Summariser:   summarised duration: -1.00
06-29 22:24:39.750  1262  2783 W Summariser:   noise tolerance: 45.00
06-29 22:24:39.750  1262  2783 W Summariser:   quality: 23
06-29 22:24:39.750  1262  2783 W Summariser:   speed: medium
06-29 22:24:39.750  1262  2783 W Summariser:   freeze duration: 1.00
06-29 22:24:47.905  1262  1262 W NearbyFragment: Completed downloading 20200312_150643!003.mp4 from Endpoint{id=MHNk, name=Nexus 5X [34d8]} in 10.260s
06-29 22:24:49.483  1262  2814 W Summariser: No activity detected
06-29 22:24:49.531  1262  2814 W Summariser: Summarisation completed
06-29 22:24:49.531  1262  2814 W Summariser:   filename: 20200312_150643!003.mp4
06-29 22:24:49.531  1262  2814 W Summariser:   active sections: 0
06-29 22:24:49.531  1262  2814 W Summariser:   time: 01.472s
06-29 22:24:49.531  1262  2814 W Summariser:   original duration: 12.01
06-29 22:24:49.531  1262  2814 W Summariser:   summarised duration: -1.00
06-29 22:24:49.531  1262  2814 W Summariser:   noise tolerance: 45.00
06-29 22:24:49.531  1262  2814 W Summariser:   quality: 23
06-29 22:24:49.531  1262  2814 W Summariser:   speed: medium
06-29 22:24:49.531  1262  2814 W Summariser:   freeze duration: 1.00
06-29 22:25:02.305  1262  1262 W NearbyFragment: Completed downloading 20200312_150744!000.mp4 from Endpoint{id=MHNk, name=Nexus 5X [34d8]} in 01.728s
06-29 22:25:04.386  1262  2846 W Summariser: No activity detected
06-29 22:25:04.435  1262  2846 W Summariser: Summarisation completed
06-29 22:25:04.435  1262  2846 W Summariser:   filename: 20200312_150744!000.mp4
06-29 22:25:04.435  1262  2846 W Summariser:   active sections: 0
06-29 22:25:04.435  1262  2846 W Summariser:   time: 02.023s
06-29 22:25:04.435  1262  2846 W Summariser:   original duration: 16.07
06-29 22:25:04.435  1262  2846 W Summariser:   summarised duration: -1.00
06-29 22:25:04.435  1262  2846 W Summariser:   noise tolerance: 45.00
06-29 22:25:04.435  1262  2846 W Summariser:   quality: 23
06-29 22:25:04.435  1262  2846 W Summariser:   speed: medium
06-29 22:25:04.435  1262  2846 W Summariser:   freeze duration: 1.00
06-29 22:25:08.486  1262  1262 W NearbyFragment: Completed downloading 20200312_150744!002.mp4 from Endpoint{id=MHNk, name=Nexus 5X [34d8]} in 03.949s
06-29 22:25:10.499  1262  2877 W Summariser: No activity detected
06-29 22:25:10.559  1262  2877 W Summariser: Summarisation completed
06-29 22:25:10.559  1262  2877 W Summariser:   filename: 20200312_150744!002.mp4
06-29 22:25:10.559  1262  2877 W Summariser:   active sections: 0
06-29 22:25:10.559  1262  2877 W Summariser:   time: 01.941s
06-29 22:25:10.559  1262  2877 W Summariser:   original duration: 16.01
06-29 22:25:10.559  1262  2877 W Summariser:   summarised duration: -1.00
06-29 22:25:10.559  1262  2877 W Summariser:   noise tolerance: 45.00
06-29 22:25:10.559  1262  2877 W Summariser:   quality: 23
06-29 22:25:10.559  1262  2877 W Summariser:   speed: medium
06-29 22:25:10.559  1262  2877 W Summariser:   freeze duration: 1.00
06-29 22:25:25.851  1262  1271 W System  : A resource failed to call close. 
06-29 22:25:25.852  1262  1271 W System  : A resource failed to call close. 
06-29 22:25:25.852  1262  1271 W System  : A resource failed to call close. 
06-29 22:25:25.854  1262  1271 W System  : A resource failed to call close. 
06-29 22:25:25.855  1262  1271 W System  : A resource failed to call close. 
06-29 22:25:25.855  1262  1271 W System  : A resource failed to call close. 
06-29 22:25:25.856  1262  1271 W System  : A resource failed to call close. 
06-29 22:25:25.856  1262  1271 W System  : A resource failed to call close. 
06-29 22:25:25.857  1262  1271 W System  : A resource failed to call close. 
06-29 22:25:26.168  1262  1262 W NearbyFragment: Completed downloading 20200312_150844!000.mp4 from Endpoint{id=MHNk, name=Nexus 5X [34d8]} in 02.038s
06-29 22:25:28.120  1262  1262 W NearbyFragment: Completed downloading 20200312_150844!001.mp4 from Endpoint{id=MHNk, name=Nexus 5X [34d8]} in 03.389s
06-29 22:25:28.469  1262  2916 W Summariser: Whole video is active
06-29 22:25:29.019  1262  2916 W Summariser: Summarisation completed
06-29 22:25:29.019  1262  2916 W Summariser:   filename: 20200312_150844!000.mp4
06-29 22:25:29.019  1262  2916 W Summariser:   active sections: -1
06-29 22:25:29.019  1262  2916 W Summariser:   time: 02.688s
06-29 22:25:29.019  1262  2916 W Summariser:   original duration: 16.06
06-29 22:25:29.019  1262  2916 W Summariser:   summarised duration: 16.06
06-29 22:25:29.019  1262  2916 W Summariser:   noise tolerance: 45.00
06-29 22:25:29.019  1262  2916 W Summariser:   quality: 23
06-29 22:25:29.019  1262  2916 W Summariser:   speed: medium
06-29 22:25:29.019  1262  2916 W Summariser:   freeze duration: 1.00
06-29 22:25:29.084  1262  2916 W NearbyFragment: Sending 20200312_150844!000.mp4 to Nexus 5X [34d8]
06-29 22:25:31.288  1262  2916 W Summariser: Whole video is active
06-29 22:25:31.858  1262  2916 W Summariser: Summarisation completed
06-29 22:25:31.858  1262  2916 W Summariser:   filename: 20200312_150844!001.mp4
06-29 22:25:31.858  1262  2916 W Summariser:   active sections: -1
06-29 22:25:31.858  1262  2916 W Summariser:   time: 02.618s
06-29 22:25:31.858  1262  2916 W Summariser:   original duration: 16.01
06-29 22:25:31.858  1262  2916 W Summariser:   summarised duration: 16.01
06-29 22:25:31.858  1262  2916 W Summariser:   noise tolerance: 45.00
06-29 22:25:31.858  1262  2916 W Summariser:   quality: 23
06-29 22:25:31.858  1262  2916 W Summariser:   speed: medium
06-29 22:25:31.858  1262  2916 W Summariser:   freeze duration: 1.00
06-29 22:25:31.913  1262  2916 W NearbyFragment: Sending 20200312_150844!001.mp4 to Nexus 5X [34d8]
06-29 22:26:03.252  1262  1262 W NearbyFragment: Completed downloading 20200312_150944!000.mp4 from Endpoint{id=MHNk, name=Nexus 5X [34d8]} in 06.559s
06-29 22:26:05.610  1262  2991 W Summariser: 1 active sections found
06-29 22:26:06.049  1262  1262 W NearbyFragment: Completed downloading 20200312_150944!001.mp4 from Endpoint{id=MHNk, name=Nexus 5X [34d8]} in 02.711s
06-29 22:26:12.484  1262  2991 W Summariser: Summarisation completed
06-29 22:26:12.484  1262  2991 W Summariser:   filename: 20200312_150944!000.mp4
06-29 22:26:12.484  1262  2991 W Summariser:   active sections: 1
06-29 22:26:12.484  1262  2991 W Summariser:   time: 09.036s
06-29 22:26:12.484  1262  2991 W Summariser:   original duration: 16.06
06-29 22:26:12.484  1262  2991 W Summariser:   summarised duration: 7.07
06-29 22:26:12.484  1262  2991 W Summariser:   noise tolerance: 45.00
06-29 22:26:12.484  1262  2991 W Summariser:   quality: 23
06-29 22:26:12.484  1262  2991 W Summariser:   speed: medium
06-29 22:26:12.484  1262  2991 W Summariser:   freeze duration: 1.00
06-29 22:26:12.568  1262  2991 W NearbyFragment: Sending 20200312_150944!000.mp4 to Nexus 5X [34d8]
06-29 22:26:14.541  1262  2991 W Summariser: No activity detected
06-29 22:26:14.602  1262  2991 W Summariser: Summarisation completed
06-29 22:26:14.602  1262  2991 W Summariser:   filename: 20200312_150944!001.mp4
06-29 22:26:14.602  1262  2991 W Summariser:   active sections: 0
06-29 22:26:14.602  1262  2991 W Summariser:   time: 01.949s
06-29 22:26:14.602  1262  2991 W Summariser:   original duration: 16.01
06-29 22:26:14.602  1262  2991 W Summariser:   summarised duration: -1.00
06-29 22:26:14.602  1262  2991 W Summariser:   noise tolerance: 45.00
06-29 22:26:14.602  1262  2991 W Summariser:   quality: 23
06-29 22:26:14.602  1262  2991 W Summariser:   speed: medium
06-29 22:26:14.602  1262  2991 W Summariser:   freeze duration: 1.00
06-29 22:26:35.428  1262  1262 W NearbyFragment: Completed downloading 20200312_151044!001.mp4 from Endpoint{id=MHNk, name=Nexus 5X [34d8]} in 08.118s
06-29 22:26:37.695  1262  1262 W NearbyFragment: Completed downloading 20200312_151044!002.mp4 from Endpoint{id=MHNk, name=Nexus 5X [34d8]} in 05.445s
06-29 22:26:37.777  1262  3090 W Summariser: No activity detected
06-29 22:26:37.836  1262  3090 W Summariser: Summarisation completed
06-29 22:26:37.836  1262  3090 W Summariser:   filename: 20200312_151044!001.mp4
06-29 22:26:37.836  1262  3090 W Summariser:   active sections: 0
06-29 22:26:37.836  1262  3090 W Summariser:   time: 02.158s
06-29 22:26:37.836  1262  3090 W Summariser:   original duration: 16.02
06-29 22:26:37.836  1262  3090 W Summariser:   summarised duration: -1.00
06-29 22:26:37.836  1262  3090 W Summariser:   noise tolerance: 45.00
06-29 22:26:37.836  1262  3090 W Summariser:   quality: 23
06-29 22:26:37.836  1262  3090 W Summariser:   speed: medium
06-29 22:26:37.836  1262  3090 W Summariser:   freeze duration: 1.00
06-29 22:26:39.793  1262  3090 W Summariser: No activity detected
06-29 22:26:39.853  1262  3090 W Summariser: Summarisation completed
06-29 22:26:39.853  1262  3090 W Summariser:   filename: 20200312_151044!002.mp4
06-29 22:26:39.853  1262  3090 W Summariser:   active sections: 0
06-29 22:26:39.853  1262  3090 W Summariser:   time: 01.930s
06-29 22:26:39.853  1262  3090 W Summariser:   original duration: 16.01
06-29 22:26:39.853  1262  3090 W Summariser:   summarised duration: -1.00
06-29 22:26:39.853  1262  3090 W Summariser:   noise tolerance: 45.00
06-29 22:26:39.853  1262  3090 W Summariser:   quality: 23
06-29 22:26:39.853  1262  3090 W Summariser:   speed: medium
06-29 22:26:39.853  1262  3090 W Summariser:   freeze duration: 1.00
06-29 22:27:02.393  1262  1262 W NearbyFragment: Completed downloading 20200312_193528!001.mp4 from Endpoint{id=MHNk, name=Nexus 5X [34d8]} in 01.943s
06-29 22:27:03.989  1262  1271 W System  : A resource failed to call close. 
06-29 22:27:03.989  1262  1271 W System  : A resource failed to call close. 
06-29 22:27:03.991  1262  1271 W System  : A resource failed to call close. 
06-29 22:27:03.992  1262  1271 W System  : A resource failed to call close. 
06-29 22:27:03.992  1262  1271 W System  : A resource failed to call close. 
06-29 22:27:04.646  1262  1262 W NearbyFragment: Completed downloading 20200312_193528!002.mp4 from Endpoint{id=MHNk, name=Nexus 5X [34d8]} in 02.169s
06-29 22:27:04.709  1262  3162 W Summariser: No activity detected
06-29 22:27:04.756  1262  3162 W Summariser: Summarisation completed
06-29 22:27:04.756  1262  3162 W Summariser:   filename: 20200312_193528!001.mp4
06-29 22:27:04.756  1262  3162 W Summariser:   active sections: 0
06-29 22:27:04.756  1262  3162 W Summariser:   time: 02.203s
06-29 22:27:04.756  1262  3162 W Summariser:   original duration: 16.01
06-29 22:27:04.756  1262  3162 W Summariser:   summarised duration: -1.00
06-29 22:27:04.756  1262  3162 W Summariser:   noise tolerance: 45.00
06-29 22:27:04.756  1262  3162 W Summariser:   quality: 23
06-29 22:27:04.756  1262  3162 W Summariser:   speed: medium
06-29 22:27:04.756  1262  3162 W Summariser:   freeze duration: 1.00
06-29 22:27:06.688  1262  3162 W Summariser: No activity detected
06-29 22:27:06.736  1262  3162 W Summariser: Summarisation completed
06-29 22:27:06.736  1262  3162 W Summariser:   filename: 20200312_193528!002.mp4
06-29 22:27:06.736  1262  3162 W Summariser:   active sections: 0
06-29 22:27:06.736  1262  3162 W Summariser:   time: 01.901s
06-29 22:27:06.736  1262  3162 W Summariser:   original duration: 16.06
06-29 22:27:06.736  1262  3162 W Summariser:   summarised duration: -1.00
06-29 22:27:06.736  1262  3162 W Summariser:   noise tolerance: 45.00
06-29 22:27:06.736  1262  3162 W Summariser:   quality: 23
06-29 22:27:06.736  1262  3162 W Summariser:   speed: medium
06-29 22:27:06.736  1262  3162 W Summariser:   freeze duration: 1.00
06-29 22:27:31.436  1262  1262 W NearbyFragment: Completed downloading 20200312_193628!001.mp4 from Endpoint{id=MHNk, name=Nexus 5X [34d8]} in 01.858s
06-29 22:27:33.704  1262  3263 W Summariser: No activity detected
06-29 22:27:33.763  1262  3263 W Summariser: Summarisation completed
06-29 22:27:33.763  1262  3263 W Summariser:   filename: 20200312_193628!001.mp4
06-29 22:27:33.763  1262  3263 W Summariser:   active sections: 0
06-29 22:27:33.763  1262  3263 W Summariser:   time: 02.131s
06-29 22:27:33.763  1262  3263 W Summariser:   original duration: 16.01
06-29 22:27:33.763  1262  3263 W Summariser:   summarised duration: -1.00
06-29 22:27:33.763  1262  3263 W Summariser:   noise tolerance: 45.00
06-29 22:27:33.763  1262  3263 W Summariser:   quality: 23
06-29 22:27:33.763  1262  3263 W Summariser:   speed: medium
06-29 22:27:33.763  1262  3263 W Summariser:   freeze duration: 1.00
06-29 22:27:33.789  1262  1262 W NearbyFragment: Completed downloading 20200312_193628!002.mp4 from Endpoint{id=MHNk, name=Nexus 5X [34d8]} in 02.107s
06-29 22:27:35.827  1262  3378 W Summariser: No activity detected
06-29 22:27:35.884  1262  3378 W Summariser: Summarisation completed
06-29 22:27:35.884  1262  3378 W Summariser:   filename: 20200312_193628!002.mp4
06-29 22:27:35.884  1262  3378 W Summariser:   active sections: 0
06-29 22:27:35.884  1262  3378 W Summariser:   time: 01.981s
06-29 22:27:35.884  1262  3378 W Summariser:   original duration: 16.02
06-29 22:27:35.884  1262  3378 W Summariser:   summarised duration: -1.00
06-29 22:27:35.884  1262  3378 W Summariser:   noise tolerance: 45.00
06-29 22:27:35.884  1262  3378 W Summariser:   quality: 23
06-29 22:27:35.884  1262  3378 W Summariser:   speed: medium
06-29 22:27:35.884  1262  3378 W Summariser:   freeze duration: 1.00
06-29 22:28:01.065  1262  1262 W NearbyFragment: Completed downloading 20200312_193728!001.mp4 from Endpoint{id=MHNk, name=Nexus 5X [34d8]} in 01.973s
06-29 22:28:03.306  1262  1262 W NearbyFragment: Completed downloading 20200312_193728!002.mp4 from Endpoint{id=MHNk, name=Nexus 5X [34d8]} in 03.403s
06-29 22:28:03.389  1262  3438 W Summariser: Whole video is active
06-29 22:28:03.876  1262  3438 W Summariser: Summarisation completed
06-29 22:28:03.876  1262  3438 W Summariser:   filename: 20200312_193728!001.mp4
06-29 22:28:03.876  1262  3438 W Summariser:   active sections: -1
06-29 22:28:03.876  1262  3438 W Summariser:   time: 02.604s
06-29 22:28:03.876  1262  3438 W Summariser:   original duration: 16.01
06-29 22:28:03.876  1262  3438 W Summariser:   summarised duration: 16.01
06-29 22:28:03.876  1262  3438 W Summariser:   noise tolerance: 45.00
06-29 22:28:03.876  1262  3438 W Summariser:   quality: 23
06-29 22:28:03.876  1262  3438 W Summariser:   speed: medium
06-29 22:28:03.876  1262  3438 W Summariser:   freeze duration: 1.00
06-29 22:28:03.986  1262  3438 W NearbyFragment: Sending 20200312_193728!001.mp4 to Nexus 5X [34d8]
06-29 22:28:06.099  1262  3438 W Summariser: Whole video is active
06-29 22:28:06.613  1262  3438 W Summariser: Summarisation completed
06-29 22:28:06.613  1262  3438 W Summariser:   filename: 20200312_193728!002.mp4
06-29 22:28:06.613  1262  3438 W Summariser:   active sections: -1
06-29 22:28:06.613  1262  3438 W Summariser:   time: 02.468s
06-29 22:28:06.613  1262  3438 W Summariser:   original duration: 16.01
06-29 22:28:06.613  1262  3438 W Summariser:   summarised duration: 16.01
06-29 22:28:06.613  1262  3438 W Summariser:   noise tolerance: 45.00
06-29 22:28:06.613  1262  3438 W Summariser:   quality: 23
06-29 22:28:06.613  1262  3438 W Summariser:   speed: medium
06-29 22:28:06.613  1262  3438 W Summariser:   freeze duration: 1.00
06-29 22:28:06.702  1262  3438 W NearbyFragment: Sending 20200312_193728!002.mp4 to Nexus 5X [34d8]
06-29 22:28:40.534  1262  1262 W NearbyFragment: Completed downloading 20200312_193828!001.mp4 from Endpoint{id=MHNk, name=Nexus 5X [34d8]} in 02.253s
06-29 22:28:42.408  1262  1262 W NearbyFragment: Completed downloading 20200312_193828!002.mp4 from Endpoint{id=MHNk, name=Nexus 5X [34d8]} in 01.758s
06-29 22:28:42.780  1262  3625 W Summariser: No activity detected
06-29 22:28:42.816  1262  3625 W Summariser: Summarisation completed
06-29 22:28:42.816  1262  3625 W Summariser:   filename: 20200312_193828!001.mp4
06-29 22:28:42.816  1262  3625 W Summariser:   active sections: 0
06-29 22:28:42.816  1262  3625 W Summariser:   time: 02.100s
06-29 22:28:42.816  1262  3625 W Summariser:   original duration: 16.01
06-29 22:28:42.816  1262  3625 W Summariser:   summarised duration: -1.00
06-29 22:28:42.816  1262  3625 W Summariser:   noise tolerance: 45.00
06-29 22:28:42.816  1262  3625 W Summariser:   quality: 23
06-29 22:28:42.816  1262  3625 W Summariser:   speed: medium
06-29 22:28:42.816  1262  3625 W Summariser:   freeze duration: 1.00
06-29 22:28:44.663  1262  3625 W Summariser: No activity detected
06-29 22:28:44.719  1262  3625 W Summariser: Summarisation completed
06-29 22:28:44.719  1262  3625 W Summariser:   filename: 20200312_193828!002.mp4
06-29 22:28:44.719  1262  3625 W Summariser:   active sections: 0
06-29 22:28:44.719  1262  3625 W Summariser:   time: 01.830s
06-29 22:28:44.719  1262  3625 W Summariser:   original duration: 16.01
06-29 22:28:44.719  1262  3625 W Summariser:   summarised duration: -1.00
06-29 22:28:44.719  1262  3625 W Summariser:   noise tolerance: 45.00
06-29 22:28:44.719  1262  3625 W Summariser:   quality: 23
06-29 22:28:44.719  1262  3625 W Summariser:   speed: medium
06-29 22:28:44.719  1262  3625 W Summariser:   freeze duration: 1.00
06-29 22:29:03.405  1262  1271 W System  : A resource failed to call close. 
06-29 22:29:03.406  1262  1271 W System  : A resource failed to call close. 
06-29 22:29:03.409  1262  1271 W System  : A resource failed to call close. 
06-29 22:29:03.409  1262  1271 W System  : A resource failed to call close. 
06-29 22:29:03.410  1262  1271 W System  : A resource failed to call close. 
06-29 22:29:03.411  1262  1271 W System  : A resource failed to call close. 
06-29 22:29:03.414  1262  1271 W System  : A resource failed to call close. 
06-29 22:29:03.417  1262  1271 W System  : A resource failed to call close. 
06-29 22:29:03.417  1262  1271 W System  : A resource failed to call close. 
06-29 22:29:03.418  1262  1271 W System  : A resource failed to call close. 
06-29 22:29:03.418  1262  1271 W System  : A resource failed to call close. 
06-29 22:29:04.881  1262  1262 W NearbyFragment: Completed downloading 20200312_193928!000.mp4 from Endpoint{id=MHNk, name=Nexus 5X [34d8]} in 02.022s
06-29 22:29:06.933  1262  1262 W NearbyFragment: Completed downloading 20200312_193928!001.mp4 from Endpoint{id=MHNk, name=Nexus 5X [34d8]} in 01.964s
06-29 22:29:07.031  1262  3686 W Summariser: No activity detected
06-29 22:29:07.079  1262  3686 W Summariser: Summarisation completed
06-29 22:29:07.079  1262  3686 W Summariser:   filename: 20200312_193928!000.mp4
06-29 22:29:07.079  1262  3686 W Summariser:   active sections: 0
06-29 22:29:07.079  1262  3686 W Summariser:   time: 02.077s
06-29 22:29:07.079  1262  3686 W Summariser:   original duration: 16.90
06-29 22:29:07.079  1262  3686 W Summariser:   summarised duration: -1.00
06-29 22:29:07.079  1262  3686 W Summariser:   noise tolerance: 45.00
06-29 22:29:07.079  1262  3686 W Summariser:   quality: 23
06-29 22:29:07.079  1262  3686 W Summariser:   speed: medium
06-29 22:29:07.079  1262  3686 W Summariser:   freeze duration: 1.00
06-29 22:29:08.913  1262  3686 W Summariser: No activity detected
06-29 22:29:08.955  1262  3686 W Summariser: Summarisation completed
06-29 22:29:08.955  1262  3686 W Summariser:   filename: 20200312_193928!001.mp4
06-29 22:29:08.955  1262  3686 W Summariser:   active sections: 0
06-29 22:29:08.955  1262  3686 W Summariser:   time: 01.818s
06-29 22:29:08.955  1262  3686 W Summariser:   original duration: 16.05
06-29 22:29:08.955  1262  3686 W Summariser:   summarised duration: -1.00
06-29 22:29:08.955  1262  3686 W Summariser:   noise tolerance: 45.00
06-29 22:29:08.955  1262  3686 W Summariser:   quality: 23
06-29 22:29:08.955  1262  3686 W Summariser:   speed: medium
06-29 22:29:08.955  1262  3686 W Summariser:   freeze duration: 1.00
06-29 22:29:12.524  1262  1262 W NearbyFragment: Completed downloading 20200312_193928!003.mp4 from Endpoint{id=MHNk, name=Nexus 5X [34d8]} in 05.399s
06-29 22:29:14.115  1262  3745 W Summariser: No activity detected
06-29 22:29:14.173  1262  3745 W Summariser: Summarisation completed
06-29 22:29:14.173  1262  3745 W Summariser:   filename: 20200312_193928!003.mp4
06-29 22:29:14.173  1262  3745 W Summariser:   active sections: 0
06-29 22:29:14.173  1262  3745 W Summariser:   time: 01.497s
06-29 22:29:14.173  1262  3745 W Summariser:   original duration: 12.01
06-29 22:29:14.173  1262  3745 W Summariser:   summarised duration: -1.00
06-29 22:29:14.173  1262  3745 W Summariser:   noise tolerance: 45.00
06-29 22:29:14.173  1262  3745 W Summariser:   quality: 23
06-29 22:29:14.173  1262  3745 W Summariser:   speed: medium
06-29 22:29:14.173  1262  3745 W Summariser:   freeze duration: 1.00
06-29 22:29:35.045  1262  1262 W NearbyFragment: Completed downloading 20200312_194129!000.mp4 from Endpoint{id=MHNk, name=Nexus 5X [34d8]} in 02.187s
06-29 22:29:37.065  1262  1262 W NearbyFragment: Completed downloading 20200312_194129!001.mp4 from Endpoint{id=MHNk, name=Nexus 5X [34d8]} in 01.949s
06-29 22:29:37.172  1262  3779 W Summariser: No activity detected
06-29 22:29:37.217  1262  3779 W Summariser: Summarisation completed
06-29 22:29:37.217  1262  3779 W Summariser:   filename: 20200312_194129!000.mp4
06-29 22:29:37.217  1262  3779 W Summariser:   active sections: 0
06-29 22:29:37.217  1262  3779 W Summariser:   time: 02.081s
06-29 22:29:37.217  1262  3779 W Summariser:   original duration: 16.07
06-29 22:29:37.217  1262  3779 W Summariser:   summarised duration: -1.00
06-29 22:29:37.217  1262  3779 W Summariser:   noise tolerance: 45.00
06-29 22:29:37.217  1262  3779 W Summariser:   quality: 23
06-29 22:29:37.217  1262  3779 W Summariser:   speed: medium
06-29 22:29:37.217  1262  3779 W Summariser:   freeze duration: 1.00
06-29 22:29:39.142  1262  3779 W Summariser: 1 active sections found
06-29 22:29:43.612  1262  3779 W Summariser: Summarisation completed
06-29 22:29:43.612  1262  3779 W Summariser:   filename: 20200312_194129!001.mp4
06-29 22:29:43.612  1262  3779 W Summariser:   active sections: 1
06-29 22:29:43.612  1262  3779 W Summariser:   time: 06.280s
06-29 22:29:43.612  1262  3779 W Summariser:   original duration: 16.02
06-29 22:29:43.612  1262  3779 W Summariser:   summarised duration: 2.97
06-29 22:29:43.612  1262  3779 W Summariser:   noise tolerance: 45.00
06-29 22:29:43.612  1262  3779 W Summariser:   quality: 23
06-29 22:29:43.612  1262  3779 W Summariser:   speed: medium
06-29 22:29:43.612  1262  3779 W Summariser:   freeze duration: 1.00
06-29 22:29:43.774  1262  3779 W NearbyFragment: Sending 20200312_194129!001.mp4 to Nexus 5X [34d8]
06-29 22:30:06.032  1262  1262 W NearbyFragment: Completed downloading 20200312_194229!000.mp4 from Endpoint{id=MHNk, name=Nexus 5X [34d8]} in 02.807s
06-29 22:30:08.284  1262  1262 W NearbyFragment: Completed downloading 20200312_194229!001.mp4 from Endpoint{id=MHNk, name=Nexus 5X [34d8]} in 02.186s
06-29 22:30:08.323  1262  4249 W Summariser: 1 active sections found
06-29 22:30:14.922  1262  4249 W Summariser: Summarisation completed
06-29 22:30:14.922  1262  4249 W Summariser:   filename: 20200312_194229!000.mp4
06-29 22:30:14.922  1262  4249 W Summariser:   active sections: 1
06-29 22:30:14.922  1262  4249 W Summariser:   time: 08.743s
06-29 22:30:14.922  1262  4249 W Summariser:   original duration: 16.06
06-29 22:30:14.922  1262  4249 W Summariser:   summarised duration: 5.62
06-29 22:30:14.922  1262  4249 W Summariser:   noise tolerance: 45.00
06-29 22:30:14.922  1262  4249 W Summariser:   quality: 23
06-29 22:30:14.922  1262  4249 W Summariser:   speed: medium
06-29 22:30:14.922  1262  4249 W Summariser:   freeze duration: 1.00
06-29 22:30:14.986  1262  4249 W NearbyFragment: Sending 20200312_194229!000.mp4 to Nexus 5X [34d8]
06-29 22:30:17.000  1262  4249 W Summariser: 2 active sections found
06-29 22:30:25.222  1262  4249 W Summariser: Summarisation completed
06-29 22:30:25.222  1262  4249 W Summariser:   filename: 20200312_194229!001.mp4
06-29 22:30:25.222  1262  4249 W Summariser:   active sections: 2
06-29 22:30:25.222  1262  4249 W Summariser:   time: 10.118s
06-29 22:30:25.222  1262  4249 W Summariser:   original duration: 16.01
06-29 22:30:25.222  1262  4249 W Summariser:   summarised duration: 8.74
06-29 22:30:25.222  1262  4249 W Summariser:   noise tolerance: 45.00
06-29 22:30:25.222  1262  4249 W Summariser:   quality: 23
06-29 22:30:25.222  1262  4249 W Summariser:   speed: medium
06-29 22:30:25.222  1262  4249 W Summariser:   freeze duration: 1.00
06-29 22:30:25.325  1262  4249 W NearbyFragment: Sending 20200312_194229!001.mp4 to Nexus 5X [34d8]
06-29 22:30:36.007  1262  1271 W System  : A resource failed to call close. 
06-29 22:30:36.010  1262  1271 W System  : A resource failed to call close. 
06-29 22:30:36.177  1262  1262 W NearbyFragment: Completed downloading 20200312_194330!000.mp4 from Endpoint{id=MHNk, name=Nexus 5X [34d8]} in 01.876s
06-29 22:30:38.145  1262  4446 W Summariser: No activity detected
06-29 22:30:38.189  1262  4446 W Summariser: Summarisation completed
06-29 22:30:38.189  1262  4446 W Summariser:   filename: 20200312_194330!000.mp4
06-29 22:30:38.189  1262  4446 W Summariser:   active sections: 0
06-29 22:30:38.189  1262  4446 W Summariser:   time: 01.920s
06-29 22:30:38.189  1262  4446 W Summariser:   original duration: 16.07
06-29 22:30:38.189  1262  4446 W Summariser:   summarised duration: -1.00
06-29 22:30:38.189  1262  4446 W Summariser:   noise tolerance: 45.00
06-29 22:30:38.189  1262  4446 W Summariser:   quality: 23
06-29 22:30:38.189  1262  4446 W Summariser:   speed: medium
06-29 22:30:38.189  1262  4446 W Summariser:   freeze duration: 1.00
06-29 22:30:46.245  1262  1262 W NearbyFragment: Completed downloading 20200312_194330!003.mp4 from Endpoint{id=MHNk, name=Nexus 5X [34d8]} in 03.841s
06-29 22:30:47.762  1262  4500 W Summariser: No activity detected
06-29 22:30:47.808  1262  4500 W Summariser: Summarisation completed
06-29 22:30:47.808  1262  4500 W Summariser:   filename: 20200312_194330!003.mp4
06-29 22:30:47.808  1262  4500 W Summariser:   active sections: 0
06-29 22:30:47.808  1262  4500 W Summariser:   time: 01.457s
06-29 22:30:47.808  1262  4500 W Summariser:   original duration: 12.01
06-29 22:30:47.808  1262  4500 W Summariser:   summarised duration: -1.00
06-29 22:30:47.808  1262  4500 W Summariser:   noise tolerance: 45.00
06-29 22:30:47.808  1262  4500 W Summariser:   quality: 23
06-29 22:30:47.808  1262  4500 W Summariser:   speed: medium
06-29 22:30:47.808  1262  4500 W Summariser:   freeze duration: 1.00
06-29 22:31:08.611  1262  1262 W NearbyFragment: Completed downloading 20200312_194730!000.mp4 from Endpoint{id=MHNk, name=Nexus 5X [34d8]} in 02.057s
06-29 22:31:10.759  1262  4568 W Summariser: No activity detected
06-29 22:31:10.804  1262  4568 W Summariser: Summarisation completed
06-29 22:31:10.804  1262  4568 W Summariser:   filename: 20200312_194730!000.mp4
06-29 22:31:10.804  1262  4568 W Summariser:   active sections: 0
06-29 22:31:10.804  1262  4568 W Summariser:   time: 02.088s
06-29 22:31:10.804  1262  4568 W Summariser:   original duration: 16.07
06-29 22:31:10.804  1262  4568 W Summariser:   summarised duration: -1.00
06-29 22:31:10.804  1262  4568 W Summariser:   noise tolerance: 45.00
06-29 22:31:10.804  1262  4568 W Summariser:   quality: 23
06-29 22:31:10.804  1262  4568 W Summariser:   speed: medium
06-29 22:31:10.804  1262  4568 W Summariser:   freeze duration: 1.00
06-29 22:31:14.156  1262  1262 W NearbyFragment: Completed downloading 20200312_194730!002.mp4 from Endpoint{id=MHNk, name=Nexus 5X [34d8]} in 03.281s
06-29 22:31:16.138  1262  4611 W Summariser: No activity detected
06-29 22:31:16.194  1262  4611 W Summariser: Summarisation completed
06-29 22:31:16.194  1262  4611 W Summariser:   filename: 20200312_194730!002.mp4
06-29 22:31:16.194  1262  4611 W Summariser:   active sections: 0
06-29 22:31:16.194  1262  4611 W Summariser:   time: 01.914s
06-29 22:31:16.194  1262  4611 W Summariser:   original duration: 16.01
06-29 22:31:16.194  1262  4611 W Summariser:   summarised duration: -1.00
06-29 22:31:16.194  1262  4611 W Summariser:   noise tolerance: 45.00
06-29 22:31:16.194  1262  4611 W Summariser:   quality: 23
06-29 22:31:16.194  1262  4611 W Summariser:   speed: medium
06-29 22:31:16.194  1262  4611 W Summariser:   freeze duration: 1.00
06-29 22:31:35.835  1262  1262 W NearbyFragment: Completed downloading 20200312_194830!000.mp4 from Endpoint{id=MHNk, name=Nexus 5X [34d8]} in 01.814s
06-29 22:31:37.864  1262  4670 W Summariser: 1 active sections found
06-29 22:31:40.850  1262  1262 W NearbyFragment: Completed downloading 20200312_194830!002.mp4 from Endpoint{id=MHNk, name=Nexus 5X [34d8]} in 02.456s
06-29 22:31:43.249  1262  4670 W Summariser: Summarisation completed
06-29 22:31:43.249  1262  4670 W Summariser:   filename: 20200312_194830!000.mp4
06-29 22:31:43.249  1262  4670 W Summariser:   active sections: 1
06-29 22:31:43.249  1262  4670 W Summariser:   time: 07.267s
06-29 22:31:43.249  1262  4670 W Summariser:   original duration: 16.06
06-29 22:31:43.249  1262  4670 W Summariser:   summarised duration: 3.97
06-29 22:31:43.249  1262  4670 W Summariser:   noise tolerance: 45.00
06-29 22:31:43.249  1262  4670 W Summariser:   quality: 23
06-29 22:31:43.249  1262  4670 W Summariser:   speed: medium
06-29 22:31:43.249  1262  4670 W Summariser:   freeze duration: 1.00
06-29 22:31:43.299  1262  4670 W NearbyFragment: Sending 20200312_194830!000.mp4 to Nexus 5X [34d8]
06-29 22:31:45.421  1262  4670 W Summariser: 2 active sections found
06-29 22:31:54.450  1262  4670 W Summariser: Summarisation completed
06-29 22:31:54.450  1262  4670 W Summariser:   filename: 20200312_194830!002.mp4
06-29 22:31:54.450  1262  4670 W Summariser:   active sections: 2
06-29 22:31:54.450  1262  4670 W Summariser:   time: 11.019s
06-29 22:31:54.450  1262  4670 W Summariser:   original duration: 16.01
06-29 22:31:54.450  1262  4670 W Summariser:   summarised duration: 8.84
06-29 22:31:54.450  1262  4670 W Summariser:   noise tolerance: 45.00
06-29 22:31:54.450  1262  4670 W Summariser:   quality: 23
06-29 22:31:54.450  1262  4670 W Summariser:   speed: medium
06-29 22:31:54.450  1262  4670 W Summariser:   freeze duration: 1.00
06-29 22:31:54.596  1262  4670 W NearbyFragment: Sending 20200312_194830!002.mp4 to Nexus 5X [34d8]
06-29 22:31:58.639  1262  1262 W NearbyFragment: Completed downloading 20200312_194930!000.mp4 from Endpoint{id=MHNk, name=Nexus 5X [34d8]} in 01.706s
06-29 22:32:00.720  1262  4869 W Summariser: 1 active sections found
06-29 22:32:04.953  1262  1262 W NearbyFragment: Completed downloading 20200312_194930!002.mp4 from Endpoint{id=MHNk, name=Nexus 5X [34d8]} in 02.383s
06-29 22:32:10.447  1262  4869 W Summariser: Summarisation completed
06-29 22:32:10.447  1262  4869 W Summariser:   filename: 20200312_194930!000.mp4
06-29 22:32:10.447  1262  4869 W Summariser:   active sections: 1
06-29 22:32:10.447  1262  4869 W Summariser:   time: 11.661s
06-29 22:32:10.447  1262  4869 W Summariser:   original duration: 16.07
06-29 22:32:10.447  1262  4869 W Summariser:   summarised duration: 9.36
06-29 22:32:10.447  1262  4869 W Summariser:   noise tolerance: 45.00
06-29 22:32:10.447  1262  4869 W Summariser:   quality: 23
06-29 22:32:10.447  1262  4869 W Summariser:   speed: medium
06-29 22:32:10.447  1262  4869 W Summariser:   freeze duration: 1.00
06-29 22:32:10.516  1262  4869 W NearbyFragment: Sending 20200312_194930!000.mp4 to Nexus 5X [34d8]
06-29 22:32:12.584  1262  4869 W Summariser: No activity detected
06-29 22:32:12.638  1262  1271 W System  : A resource failed to call close. 
06-29 22:32:12.639  1262  1271 W System  : A resource failed to call close. 
06-29 22:32:12.640  1262  4869 W Summariser: Summarisation completed
06-29 22:32:12.640  1262  4869 W Summariser:   filename: 20200312_194930!002.mp4
06-29 22:32:12.640  1262  4869 W Summariser:   active sections: 0
06-29 22:32:12.640  1262  4869 W Summariser:   time: 02.042s
06-29 22:32:12.640  1262  4869 W Summariser:   original duration: 16.01
06-29 22:32:12.640  1262  4869 W Summariser:   summarised duration: -1.00
06-29 22:32:12.640  1262  4869 W Summariser:   noise tolerance: 45.00
06-29 22:32:12.640  1262  4869 W Summariser:   quality: 23
06-29 22:32:12.640  1262  4869 W Summariser:   speed: medium
06-29 22:32:12.640  1262  4869 W Summariser:   freeze duration: 1.00
06-29 22:32:12.640  1262  1271 W System  : A resource failed to call close. 
06-29 22:32:12.640  1262  1271 W System  : A resource failed to call close. 
06-29 22:32:12.640  1262  1271 W System  : A resource failed to call close. 
06-29 22:32:12.640  1262  1271 W System  : A resource failed to call close. 
06-29 22:32:28.939  1262  1262 W NearbyFragment: Completed downloading 20200312_195230!001.mp4 from Endpoint{id=MHNk, name=Nexus 5X [34d8]} in 02.177s
06-29 22:32:31.132  1262  1262 W NearbyFragment: Completed downloading 20200312_195230!002.mp4 from Endpoint{id=MHNk, name=Nexus 5X [34d8]} in 01.901s
06-29 22:32:31.204  1262  5010 W Summariser: 1 active sections found
06-29 22:32:38.716  1262  5010 W Summariser: Summarisation completed
06-29 22:32:38.716  1262  5010 W Summariser:   filename: 20200312_195230!001.mp4
06-29 22:32:38.716  1262  5010 W Summariser:   active sections: 1
06-29 22:32:38.716  1262  5010 W Summariser:   time: 09.598s
06-29 22:32:38.716  1262  5010 W Summariser:   original duration: 16.01
06-29 22:32:38.716  1262  5010 W Summariser:   summarised duration: 6.97
06-29 22:32:38.716  1262  5010 W Summariser:   noise tolerance: 45.00
06-29 22:32:38.716  1262  5010 W Summariser:   quality: 23
06-29 22:32:38.716  1262  5010 W Summariser:   speed: medium
06-29 22:32:38.716  1262  5010 W Summariser:   freeze duration: 1.00
06-29 22:32:38.821  1262  5010 W NearbyFragment: Sending 20200312_195230!001.mp4 to Nexus 5X [34d8]
06-29 22:32:40.863  1262  5010 W Summariser: No activity detected
06-29 22:32:40.919  1262  5010 W Summariser: Summarisation completed
06-29 22:32:40.919  1262  5010 W Summariser:   filename: 20200312_195230!002.mp4
06-29 22:32:40.919  1262  5010 W Summariser:   active sections: 0
06-29 22:32:40.919  1262  5010 W Summariser:   time: 02.011s
06-29 22:32:40.919  1262  5010 W Summariser:   original duration: 16.01
06-29 22:32:40.919  1262  5010 W Summariser:   summarised duration: -1.00
06-29 22:32:40.919  1262  5010 W Summariser:   noise tolerance: 45.00
06-29 22:32:40.919  1262  5010 W Summariser:   quality: 23
06-29 22:32:40.919  1262  5010 W Summariser:   speed: medium
06-29 22:32:40.919  1262  5010 W Summariser:   freeze duration: 1.00
06-29 22:32:52.554  1262  1262 W NearbyFragment: Completed downloading 20200312_195330!001.mp4 from Endpoint{id=MHNk, name=Nexus 5X [34d8]} in 02.057s
06-29 22:32:54.639  1262  1262 W NearbyFragment: Completed downloading 20200312_195330!002.mp4 from Endpoint{id=MHNk, name=Nexus 5X [34d8]} in 01.954s
06-29 22:32:54.879  1262  5120 W Summariser: 2 active sections found
06-29 22:33:05.346  1262  5120 W Summariser: Summarisation completed
06-29 22:33:05.346  1262  5120 W Summariser:   filename: 20200312_195330!001.mp4
06-29 22:33:05.346  1262  5120 W Summariser:   active sections: 2
06-29 22:33:05.346  1262  5120 W Summariser:   time: 12.620s
06-29 22:33:05.346  1262  5120 W Summariser:   original duration: 16.02
06-29 22:33:05.346  1262  5120 W Summariser:   summarised duration: 10.91
06-29 22:33:05.346  1262  5120 W Summariser:   noise tolerance: 45.00
06-29 22:33:05.346  1262  5120 W Summariser:   quality: 23
06-29 22:33:05.346  1262  5120 W Summariser:   speed: medium
06-29 22:33:05.346  1262  5120 W Summariser:   freeze duration: 1.00
06-29 22:33:05.412  1262  5120 W NearbyFragment: Sending 20200312_195330!001.mp4 to Nexus 5X [34d8]
06-29 22:33:07.582  1262  5120 W Summariser: 2 active sections found
06-29 22:33:15.833  1262  5120 W Summariser: Summarisation completed
06-29 22:33:15.833  1262  5120 W Summariser:   filename: 20200312_195330!002.mp4
06-29 22:33:15.833  1262  5120 W Summariser:   active sections: 2
06-29 22:33:15.833  1262  5120 W Summariser:   time: 10.300s
06-29 22:33:15.833  1262  5120 W Summariser:   original duration: 16.01
06-29 22:33:15.833  1262  5120 W Summariser:   summarised duration: 9.07
06-29 22:33:15.833  1262  5120 W Summariser:   noise tolerance: 45.00
06-29 22:33:15.833  1262  5120 W Summariser:   quality: 23
06-29 22:33:15.833  1262  5120 W Summariser:   speed: medium
06-29 22:33:15.833  1262  5120 W Summariser:   freeze duration: 1.00
06-29 22:33:15.883  1262  5120 W NearbyFragment: Sending 20200312_195330!002.mp4 to Nexus 5X [34d8]
06-29 22:33:22.209  1262  1262 W NearbyFragment: Completed downloading 20200312_195430!002.mp4 from Endpoint{id=MHNk, name=Nexus 5X [34d8]} in 04.480s
06-29 22:33:24.214  1262  5320 W Summariser: 2 active sections found
06-29 22:33:29.849  1262  5320 W Summariser: Summarisation completed
06-29 22:33:29.849  1262  5320 W Summariser:   filename: 20200312_195430!002.mp4
06-29 22:33:29.849  1262  5320 W Summariser:   active sections: 2
06-29 22:33:29.849  1262  5320 W Summariser:   time: 07.401s
06-29 22:33:29.849  1262  5320 W Summariser:   original duration: 16.01
06-29 22:33:29.849  1262  5320 W Summariser:   summarised duration: 6.17
06-29 22:33:29.849  1262  5320 W Summariser:   noise tolerance: 45.00
06-29 22:33:29.849  1262  5320 W Summariser:   quality: 23
06-29 22:33:29.849  1262  5320 W Summariser:   speed: medium
06-29 22:33:29.849  1262  5320 W Summariser:   freeze duration: 1.00
06-29 22:33:29.910  1262  5320 W NearbyFragment: Sending 20200312_195430!002.mp4 to Nexus 5X [34d8]
