--------- beginning of main
--------- beginning of system
07-05 20:33:27.175 10127 10127 W LogFactory: Truncating log tag length as it exceed 23, the limit imposed by Android on certain API Levels
07-05 20:33:28.602 10127 10127 E TransferService: No notification is passed in the intent. Unable to transition to foreground.
07-05 20:35:45.386 10127 10127 W NearbyFragment: Completed downloading 20200312_150643.mp4 from Endpoint{id=vMbk, name=Galaxy S8 [2802]} in 19.980s
07-05 20:35:45.912 10127 10400 W mobile-ffmpeg: [mov,mp4,m4a,3gp,3g2,mj2 @ 0x7a20eb2400] Found duplicated MOOV Atom. Skipped it
07-05 20:35:46.091 10127 10400 W mobile-ffmpeg: [graph 0 input from stream 0:0 @ 0x7a20e60200] sws_param option is deprecated and ignored
07-05 20:35:59.203 10127 10399 W Summariser: No activity detected
07-05 20:35:59.216 10127 10400 W mobile-ffmpeg: [mov,mp4,m4a,3gp,3g2,mj2 @ 0x7a20eb2400] Found duplicated MOOV Atom. Skipped it
07-05 20:35:59.359 10127 10399 W Summariser: Summarisation completed
07-05 20:35:59.359 10127 10399 W Summariser:   filename: 20200312_150643.mp4
07-05 20:35:59.359 10127 10399 W Summariser:   active sections: 0
07-05 20:35:59.359 10127 10399 W Summariser:   time: 13.756s
07-05 20:35:59.359 10127 10399 W Summariser:   original duration: 60.02
07-05 20:35:59.359 10127 10399 W Summariser:   summarised duration: -1.00
07-05 20:35:59.359 10127 10399 W Summariser:   noise tolerance: 45.00
07-05 20:35:59.359 10127 10399 W Summariser:   quality: 23
07-05 20:35:59.359 10127 10399 W Summariser:   speed: medium
07-05 20:35:59.359 10127 10399 W Summariser:   freeze duration: 1.00
07-05 20:36:29.402 10127 10127 W NearbyFragment: Completed downloading 20200312_150844.mp4 from Endpoint{id=vMbk, name=Galaxy S8 [2802]} in 21.726s
07-05 20:36:29.453 10127 10400 W mobile-ffmpeg: [mov,mp4,m4a,3gp,3g2,mj2 @ 0x7a20eb2400] Found duplicated MOOV Atom. Skipped it
07-05 20:36:29.582 10127 10400 W mobile-ffmpeg: [graph 0 input from stream 0:0 @ 0x7a20e60200] sws_param option is deprecated and ignored
07-05 20:36:45.670 10127 10441 W Summariser: Whole video is active
07-05 20:36:49.173 10127 10400 W mobile-ffmpeg: [mov,mp4,m4a,3gp,3g2,mj2 @ 0x7a20eb2400] Found duplicated MOOV Atom. Skipped it
07-05 20:36:49.295 10127 10400 W mobile-ffmpeg: [mov,mp4,m4a,3gp,3g2,mj2 @ 0x7a20eb2400] Found duplicated MOOV Atom. Skipped it
07-05 20:36:49.414 10127 10441 W Summariser: Summarisation completed
07-05 20:36:49.414 10127 10441 W Summariser:   filename: 20200312_150844.mp4
07-05 20:36:49.414 10127 10441 W Summariser:   active sections: -1
07-05 20:36:49.414 10127 10441 W Summariser:   time: 19.722s
07-05 20:36:49.414 10127 10441 W Summariser:   original duration: 60.02
07-05 20:36:49.414 10127 10441 W Summariser:   summarised duration: 60.02
07-05 20:36:49.414 10127 10441 W Summariser:   noise tolerance: 45.00
07-05 20:36:49.414 10127 10441 W Summariser:   quality: 23
07-05 20:36:49.414 10127 10441 W Summariser:   speed: medium
07-05 20:36:49.414 10127 10441 W Summariser:   freeze duration: 1.00
07-05 20:36:49.784 10127 10441 W NearbyFragment: Sending 20200312_150844.mp4 to Galaxy S8 [2802]
07-05 20:36:57.437 10127 10127 W NearbyFragment: Completed downloading 20200312_150944.mp4 from Endpoint{id=vMbk, name=Galaxy S8 [2802]} in 19.687s
07-05 20:36:57.472 10127 10400 W mobile-ffmpeg: [mov,mp4,m4a,3gp,3g2,mj2 @ 0x7a20eb2400] Found duplicated MOOV Atom. Skipped it
07-05 20:36:57.615 10127 10400 W mobile-ffmpeg: [graph 0 input from stream 0:0 @ 0x7a20e60200] sws_param option is deprecated and ignored
07-05 20:37:21.941 10127 10471 W Summariser: 1 active sections found
07-05 20:37:21.962 10127 10400 W mobile-ffmpeg: [mov,mp4,m4a,3gp,3g2,mj2 @ 0x7a20eb2400] Found duplicated MOOV Atom. Skipped it
07-05 20:37:22.140 10127 10400 W mobile-ffmpeg: [graph 0 input from stream 0:0 @ 0x7a20e5fcc0] sws_param option is deprecated and ignored
07-05 20:37:39.012 10127 10127 W NearbyFragment: Completed downloading 20200312_151044.mp4 from Endpoint{id=vMbk, name=Galaxy S8 [2802]} in 19.166s
07-05 20:37:53.457 10127 10400 W mobile-ffmpeg: [mov,mp4,m4a,3gp,3g2,mj2 @ 0x7a20eb2400] Found duplicated MOOV Atom. Skipped it
07-05 20:37:53.633 10127 10471 W Summariser: Summarisation completed
07-05 20:37:53.633 10127 10471 W Summariser:   filename: 20200312_150944.mp4
07-05 20:37:53.633 10127 10471 W Summariser:   active sections: 1
07-05 20:37:53.633 10127 10471 W Summariser:   time: 55.985s
07-05 20:37:53.633 10127 10471 W Summariser:   original duration: 60.02
07-05 20:37:53.633 10127 10471 W Summariser:   summarised duration: 7.07
07-05 20:37:53.633 10127 10471 W Summariser:   noise tolerance: 45.00
07-05 20:37:53.633 10127 10471 W Summariser:   quality: 23
07-05 20:37:53.633 10127 10471 W Summariser:   speed: medium
07-05 20:37:53.633 10127 10471 W Summariser:   freeze duration: 1.00
07-05 20:37:53.682 10127 10471 W NearbyFragment: Sending 20200312_150944.mp4 to Galaxy S8 [2802]
07-05 20:37:53.706 10127 10400 W mobile-ffmpeg: [mov,mp4,m4a,3gp,3g2,mj2 @ 0x7a20eb2400] Found duplicated MOOV Atom. Skipped it
07-05 20:37:53.838 10127 10400 W mobile-ffmpeg: [graph 0 input from stream 0:0 @ 0x7a20e60200] sws_param option is deprecated and ignored
07-05 20:38:14.195 10127 10471 W Summariser: No activity detected
07-05 20:38:14.209 10127 10400 W mobile-ffmpeg: [mov,mp4,m4a,3gp,3g2,mj2 @ 0x7a20eb2400] Found duplicated MOOV Atom. Skipped it
07-05 20:38:14.284 10127 10471 W Summariser: Summarisation completed
07-05 20:38:14.284 10127 10471 W Summariser:   filename: 20200312_151044.mp4
07-05 20:38:14.284 10127 10471 W Summariser:   active sections: 0
07-05 20:38:14.284 10127 10471 W Summariser:   time: 20.502s
07-05 20:38:14.284 10127 10471 W Summariser:   original duration: 60.02
07-05 20:38:14.284 10127 10471 W Summariser:   summarised duration: -1.00
07-05 20:38:14.284 10127 10471 W Summariser:   noise tolerance: 45.00
07-05 20:38:14.284 10127 10471 W Summariser:   quality: 23
07-05 20:38:14.284 10127 10471 W Summariser:   speed: medium
07-05 20:38:14.284 10127 10471 W Summariser:   freeze duration: 1.00
07-05 20:38:35.664 10127 10127 W NearbyFragment: Completed downloading 20200312_193628.mp4 from Endpoint{id=vMbk, name=Galaxy S8 [2802]} in 16.402s
07-05 20:38:35.725 10127 10400 W mobile-ffmpeg: [mov,mp4,m4a,3gp,3g2,mj2 @ 0x7a20eb2400] Found duplicated MOOV Atom. Skipped it
07-05 20:38:35.861 10127 10400 W mobile-ffmpeg: [graph 0 input from stream 0:0 @ 0x7a20e5ffc0] sws_param option is deprecated and ignored
07-05 20:38:57.932 10127 10400 W mobile-ffmpeg: [mov,mp4,m4a,3gp,3g2,mj2 @ 0x7a20eb2400] Found duplicated MOOV Atom. Skipped it
07-05 20:38:58.054 10127 10542 W Summariser: 1 active sections found
07-05 20:38:58.069 10127 10400 W mobile-ffmpeg: [mov,mp4,m4a,3gp,3g2,mj2 @ 0x7a20eb2400] Found duplicated MOOV Atom. Skipped it
07-05 20:38:58.224 10127 10400 W mobile-ffmpeg: [graph 0 input from stream 0:0 @ 0x7a20e5f6c0] sws_param option is deprecated and ignored
07-05 20:39:09.880 10127 10127 W NearbyFragment: Completed downloading 20200312_193728.mp4 from Endpoint{id=vMbk, name=Galaxy S8 [2802]} in 23.515s
07-05 20:39:39.403 10127 10400 W mobile-ffmpeg: [mov,mp4,m4a,3gp,3g2,mj2 @ 0x7a20eb2400] Found duplicated MOOV Atom. Skipped it
07-05 20:39:39.564 10127 10542 W Summariser: Summarisation completed
07-05 20:39:39.564 10127 10542 W Summariser:   filename: 20200312_193628.mp4
07-05 20:39:39.564 10127 10542 W Summariser:   active sections: 1
07-05 20:39:39.564 10127 10542 W Summariser:   time: 63.678s
07-05 20:39:39.564 10127 10542 W Summariser:   original duration: 60.02
07-05 20:39:39.564 10127 10542 W Summariser:   summarised duration: 6.07
07-05 20:39:39.564 10127 10542 W Summariser:   noise tolerance: 45.00
07-05 20:39:39.564 10127 10542 W Summariser:   quality: 23
07-05 20:39:39.564 10127 10542 W Summariser:   speed: medium
07-05 20:39:39.564 10127 10542 W Summariser:   freeze duration: 1.00
07-05 20:39:39.613 10127 10542 W NearbyFragment: Sending 20200312_193628.mp4 to Galaxy S8 [2802]
07-05 20:39:39.640 10127 10400 W mobile-ffmpeg: [mov,mp4,m4a,3gp,3g2,mj2 @ 0x7a20eb2400] Found duplicated MOOV Atom. Skipped it
07-05 20:39:39.803 10127 10400 W mobile-ffmpeg: [graph 0 input from stream 0:0 @ 0x7a20e5f780] sws_param option is deprecated and ignored
07-05 20:40:05.363 10127 10542 W Summariser: Whole video is active
07-05 20:40:09.014 10127 10400 W mobile-ffmpeg: [mov,mp4,m4a,3gp,3g2,mj2 @ 0x7a20e75e00] Found duplicated MOOV Atom. Skipped it
07-05 20:40:09.158 10127 10400 W mobile-ffmpeg: [mov,mp4,m4a,3gp,3g2,mj2 @ 0x7a20e75e00] Found duplicated MOOV Atom. Skipped it
07-05 20:40:09.287 10127 10542 W Summariser: Summarisation completed
07-05 20:40:09.287 10127 10542 W Summariser:   filename: 20200312_193728.mp4
07-05 20:40:09.287 10127 10542 W Summariser:   active sections: -1
07-05 20:40:09.287 10127 10542 W Summariser:   time: 29.374s
07-05 20:40:09.287 10127 10542 W Summariser:   original duration: 60.02
07-05 20:40:09.287 10127 10542 W Summariser:   summarised duration: 60.02
07-05 20:40:09.287 10127 10542 W Summariser:   noise tolerance: 45.00
07-05 20:40:09.287 10127 10542 W Summariser:   quality: 23
07-05 20:40:09.287 10127 10542 W Summariser:   speed: medium
07-05 20:40:09.287 10127 10542 W Summariser:   freeze duration: 1.00
07-05 20:40:09.327 10127 10542 W NearbyFragment: Sending 20200312_193728.mp4 to Galaxy S8 [2802]
07-05 20:40:09.397 10127 10127 W NearbyFragment: Completed downloading 20200312_193928.mp4 from Endpoint{id=vMbk, name=Galaxy S8 [2802]} in 23.701s
07-05 20:40:09.472 10127 10400 W mobile-ffmpeg: [mov,mp4,m4a,3gp,3g2,mj2 @ 0x7a20e75e00] Found duplicated MOOV Atom. Skipped it
07-05 20:40:09.621 10127 10400 W mobile-ffmpeg: [graph 0 input from stream 0:0 @ 0x7a20e5ffc0] sws_param option is deprecated and ignored
07-05 20:40:45.480 10127 10614 W Summariser: No activity detected
07-05 20:40:45.496 10127 10400 W mobile-ffmpeg: [mov,mp4,m4a,3gp,3g2,mj2 @ 0x7a20e75e00] Found duplicated MOOV Atom. Skipped it
07-05 20:40:45.614 10127 10614 W Summariser: Summarisation completed
07-05 20:40:45.614 10127 10614 W Summariser:   filename: 20200312_193928.mp4
07-05 20:40:45.614 10127 10614 W Summariser:   active sections: 0
07-05 20:40:45.614 10127 10614 W Summariser:   time: 36.020s
07-05 20:40:45.614 10127 10614 W Summariser:   original duration: 60.89
07-05 20:40:45.614 10127 10614 W Summariser:   summarised duration: -1.00
07-05 20:40:45.614 10127 10614 W Summariser:   noise tolerance: 45.00
07-05 20:40:45.614 10127 10614 W Summariser:   quality: 23
07-05 20:40:45.614 10127 10614 W Summariser:   speed: medium
07-05 20:40:45.614 10127 10614 W Summariser:   freeze duration: 1.00
07-05 20:40:48.696 10127 10127 W NearbyFragment: Completed downloading 20200312_194129.mp4 from Endpoint{id=vMbk, name=Galaxy S8 [2802]} in 30.967s
07-05 20:40:48.742 10127 10400 W mobile-ffmpeg: [mov,mp4,m4a,3gp,3g2,mj2 @ 0x7a20e75e00] Found duplicated MOOV Atom. Skipped it
07-05 20:40:48.908 10127 10400 W mobile-ffmpeg: [graph 0 input from stream 0:0 @ 0x7a20e5ffc0] sws_param option is deprecated and ignored
07-05 20:41:23.350 10127 10639 W Summariser: 2 active sections found
07-05 20:41:23.368 10127 10400 W mobile-ffmpeg: [mov,mp4,m4a,3gp,3g2,mj2 @ 0x7a20e75e00] Found duplicated MOOV Atom. Skipped it
07-05 20:41:23.547 10127 10400 W mobile-ffmpeg: [graph 0 input from stream 0:0 @ 0x7a20e5f600] sws_param option is deprecated and ignored
07-05 20:41:23.548 10127 10400 W mobile-ffmpeg: [graph 0 input from stream 0:0 @ 0x7a20e602c0] sws_param option is deprecated and ignored
07-05 20:41:25.326 10127 10127 W NearbyFragment: Completed downloading 20200312_194229.mp4 from Endpoint{id=vMbk, name=Galaxy S8 [2802]} in 30.185s
07-05 20:42:31.718 10127 10400 W mobile-ffmpeg: [mov,mp4,m4a,3gp,3g2,mj2 @ 0x7a20e75e00] Found duplicated MOOV Atom. Skipped it
07-05 20:42:31.896 10127 10639 W Summariser: Summarisation completed
07-05 20:42:31.896 10127 10639 W Summariser:   filename: 20200312_194129.mp4
07-05 20:42:31.896 10127 10639 W Summariser:   active sections: 2
07-05 20:42:31.896 10127 10639 W Summariser:   time: 102.970s
07-05 20:42:31.896 10127 10639 W Summariser:   original duration: 60.02
07-05 20:42:31.896 10127 10639 W Summariser:   summarised duration: 10.77
07-05 20:42:31.896 10127 10639 W Summariser:   noise tolerance: 45.00
07-05 20:42:31.896 10127 10639 W Summariser:   quality: 23
07-05 20:42:31.896 10127 10639 W Summariser:   speed: medium
07-05 20:42:31.896 10127 10639 W Summariser:   freeze duration: 1.00
07-05 20:42:31.974 10127 10639 W NearbyFragment: Sending 20200312_194129.mp4 to Galaxy S8 [2802]
07-05 20:42:32.007 10127 10400 W mobile-ffmpeg: [mov,mp4,m4a,3gp,3g2,mj2 @ 0x7a20e75e00] Found duplicated MOOV Atom. Skipped it
07-05 20:42:32.255 10127 10400 W mobile-ffmpeg: [graph 0 input from stream 0:0 @ 0x7a20e5fd80] sws_param option is deprecated and ignored
07-05 20:43:03.492 10127 10400 W mobile-ffmpeg: [mov,mp4,m4a,3gp,3g2,mj2 @ 0x7a20e75e00] Found duplicated MOOV Atom. Skipped it
07-05 20:43:03.681 10127 10639 W Summariser: 5 active sections found
07-05 20:43:03.702 10127 10400 W mobile-ffmpeg: [mov,mp4,m4a,3gp,3g2,mj2 @ 0x7a20e75e00] Found duplicated MOOV Atom. Skipped it
07-05 20:43:03.941 10127 10400 W mobile-ffmpeg: [graph 0 input from stream 0:0 @ 0x7a20e60500] sws_param option is deprecated and ignored
07-05 20:43:03.942 10127 10400 W mobile-ffmpeg: [graph 0 input from stream 0:0 @ 0x7a20e60c80] sws_param option is deprecated and ignored
07-05 20:43:03.942 10127 10400 W mobile-ffmpeg: [graph 0 input from stream 0:0 @ 0x7a20e60a40] sws_param option is deprecated and ignored
07-05 20:43:03.943 10127 10400 W mobile-ffmpeg: [graph 0 input from stream 0:0 @ 0x7a20e60ec0] sws_param option is deprecated and ignored
07-05 20:43:03.944 10127 10400 W mobile-ffmpeg: [graph 0 input from stream 0:0 @ 0x7a20e61040] sws_param option is deprecated and ignored
07-05 20:43:20.346 10127 10127 W NearbyFragment: Completed downloading 20200312_194930.mp4 from Endpoint{id=vMbk, name=Galaxy S8 [2802]} in 20.943s
07-05 20:44:16.570 10127 10127 W NearbyFragment: Completed downloading 20200312_195330.mp4 from Endpoint{id=vMbk, name=Galaxy S8 [2802]} in 19.930s
07-05 20:44:33.271 10127 10400 W mobile-ffmpeg: [mov,mp4,m4a,3gp,3g2,mj2 @ 0x7a20e75e00] Found duplicated MOOV Atom. Skipped it
07-05 20:44:33.513 10127 10639 W Summariser: Summarisation completed
07-05 20:44:33.513 10127 10639 W Summariser:   filename: 20200312_194229.mp4
07-05 20:44:33.513 10127 10639 W Summariser:   active sections: 5
07-05 20:44:33.513 10127 10639 W Summariser:   time: 121.266s
07-05 20:44:33.513 10127 10639 W Summariser:   original duration: 60.02
07-05 20:44:33.513 10127 10639 W Summariser:   summarised duration: 15.51
07-05 20:44:33.513 10127 10639 W Summariser:   noise tolerance: 45.00
07-05 20:44:33.513 10127 10639 W Summariser:   quality: 23
07-05 20:44:33.513 10127 10639 W Summariser:   speed: medium
07-05 20:44:33.513 10127 10639 W Summariser:   freeze duration: 1.00
07-05 20:44:33.580 10127 10639 W NearbyFragment: Sending 20200312_194229.mp4 to Galaxy S8 [2802]
07-05 20:44:33.630 10127 10400 W mobile-ffmpeg: [mov,mp4,m4a,3gp,3g2,mj2 @ 0x7a20e75e00] Found duplicated MOOV Atom. Skipped it
07-05 20:44:33.914 10127 10400 W mobile-ffmpeg: [graph 0 input from stream 0:0 @ 0x7a20e5ff00] sws_param option is deprecated and ignored
07-05 20:45:04.591 10127 10400 W mobile-ffmpeg: [mov,mp4,m4a,3gp,3g2,mj2 @ 0x7a20e75e00] Found duplicated MOOV Atom. Skipped it
07-05 20:45:04.748 10127 10639 W Summariser: 2 active sections found
07-05 20:45:04.768 10127 10400 W mobile-ffmpeg: [mov,mp4,m4a,3gp,3g2,mj2 @ 0x7a20e75e00] Found duplicated MOOV Atom. Skipped it
07-05 20:45:04.991 10127 10400 W mobile-ffmpeg: [graph 0 input from stream 0:0 @ 0x7a20e5fcc0] sws_param option is deprecated and ignored
07-05 20:45:04.992 10127 10400 W mobile-ffmpeg: [graph 0 input from stream 0:0 @ 0x7a20e60200] sws_param option is deprecated and ignored
07-05 20:46:46.871 10127 10400 W mobile-ffmpeg: [mov,mp4,m4a,3gp,3g2,mj2 @ 0x7a20e75e00] Found duplicated MOOV Atom. Skipped it
07-05 20:46:47.041 10127 10639 W Summariser: Summarisation completed
07-05 20:46:47.041 10127 10639 W Summariser:   filename: 20200312_194930.mp4
07-05 20:46:47.041 10127 10639 W Summariser:   active sections: 2
07-05 20:46:47.041 10127 10639 W Summariser:   time: 133.251s
07-05 20:46:47.041 10127 10639 W Summariser:   original duration: 60.02
07-05 20:46:47.041 10127 10639 W Summariser:   summarised duration: 22.25
07-05 20:46:47.041 10127 10639 W Summariser:   noise tolerance: 45.00
07-05 20:46:47.041 10127 10639 W Summariser:   quality: 23
07-05 20:46:47.041 10127 10639 W Summariser:   speed: medium
07-05 20:46:47.041 10127 10639 W Summariser:   freeze duration: 1.00
07-05 20:46:47.095 10127 10639 W NearbyFragment: Sending 20200312_194930.mp4 to Galaxy S8 [2802]
07-05 20:46:47.119 10127 10400 W mobile-ffmpeg: [mov,mp4,m4a,3gp,3g2,mj2 @ 0x7a20e75e00] Found duplicated MOOV Atom. Skipped it
07-05 20:46:47.278 10127 10400 W mobile-ffmpeg: [graph 0 input from stream 0:0 @ 0x7a20e5fe40] sws_param option is deprecated and ignored
07-05 20:47:11.133 10127 10639 W Summariser: 5 active sections found
07-05 20:47:11.150 10127 10400 W mobile-ffmpeg: [mov,mp4,m4a,3gp,3g2,mj2 @ 0x7a20e75e00] Found duplicated MOOV Atom. Skipped it
07-05 20:47:11.286 10127 10400 W mobile-ffmpeg: [graph 0 input from stream 0:0 @ 0x7a20e60500] sws_param option is deprecated and ignored
07-05 20:47:11.286 10127 10400 W mobile-ffmpeg: [graph 0 input from stream 0:0 @ 0x7a20e60d40] sws_param option is deprecated and ignored
07-05 20:47:11.286 10127 10400 W mobile-ffmpeg: [graph 0 input from stream 0:0 @ 0x7a20e60a40] sws_param option is deprecated and ignored
07-05 20:47:11.287 10127 10400 W mobile-ffmpeg: [graph 0 input from stream 0:0 @ 0x7a20e60ec0] sws_param option is deprecated and ignored
07-05 20:47:11.287 10127 10400 W mobile-ffmpeg: [graph 0 input from stream 0:0 @ 0x7a20e61040] sws_param option is deprecated and ignored
07-05 20:49:04.429 10127 10400 W mobile-ffmpeg: [mov,mp4,m4a,3gp,3g2,mj2 @ 0x7a20e75e00] Found duplicated MOOV Atom. Skipped it
07-05 20:49:04.568 10127 10639 W Summariser: Summarisation completed
07-05 20:49:04.568 10127 10639 W Summariser:   filename: 20200312_195330.mp4
07-05 20:49:04.568 10127 10639 W Summariser:   active sections: 5
07-05 20:49:04.568 10127 10639 W Summariser:   time: 137.310s
07-05 20:49:04.568 10127 10639 W Summariser:   original duration: 60.02
07-05 20:49:04.568 10127 10639 W Summariser:   summarised duration: 23.42
07-05 20:49:04.568 10127 10639 W Summariser:   noise tolerance: 45.00
07-05 20:49:04.568 10127 10639 W Summariser:   quality: 23
07-05 20:49:04.568 10127 10639 W Summariser:   speed: medium
07-05 20:49:04.568 10127 10639 W Summariser:   freeze duration: 1.00
07-05 20:49:04.636 10127 10639 W NearbyFragment: Sending 20200312_195330.mp4 to Galaxy S8 [2802]
