--------- beginning of main
--------- beginning of system
07-05 20:33:27.489 11510 11510 W LogFactory: Truncating log tag length as it exceed 23, the limit imposed by Android on certain API Levels
07-05 20:33:29.592 11510 11510 E TransferService: No notification is passed in the intent. Unable to transition to foreground.
07-05 20:33:29.749 11510 11510 W StaticLayout: maxLineHeight should not be -1.  maxLines:1 lineCount:1
07-05 20:33:29.781 11510 11510 W StaticLayout: maxLineHeight should not be -1.  maxLines:1 lineCount:1
07-05 20:33:29.841 11510 11530 W Adreno-EGL: <qeglDrvAPI_eglGetConfigAttrib:607>: EGL_BAD_ATTRIBUTE
07-05 20:33:29.844 11510 11530 W Adreno-EGL: <qeglDrvAPI_eglGetConfigAttrib:607>: EGL_BAD_ATTRIBUTE
07-05 20:33:29.850 11510 11510 W StaticLayout: maxLineHeight should not be -1.  maxLines:1 lineCount:1
07-05 20:33:29.861 11510 11510 W StaticLayout: maxLineHeight should not be -1.  maxLines:1 lineCount:1
07-05 20:33:57.217 11510 11530 W Adreno-EGL: <qeglDrvAPI_eglGetConfigAttrib:607>: EGL_BAD_ATTRIBUTE
07-05 20:34:00.428 11510 11530 W Adreno-EGL: <qeglDrvAPI_eglGetConfigAttrib:607>: EGL_BAD_ATTRIBUTE
07-05 20:36:03.599 11510 11510 W NearbyFragment: Completed downloading 20200312_150744.mp4 from Endpoint{id=vMbk, name=Galaxy S8 [2802]} in 38.297s
07-05 20:36:03.727 11510 11738 W mobile-ffmpeg: [mov,mp4,m4a,3gp,3g2,mj2 @ 0x92e20800] Found duplicated MOOV Atom. Skipped it
07-05 20:36:03.815 11510 11738 W mobile-ffmpeg: [graph 0 input from stream 0:0 @ 0x93784ba0] sws_param option is deprecated and ignored
07-05 20:36:26.003 11510 11738 W mobile-ffmpeg: [mov,mp4,m4a,3gp,3g2,mj2 @ 0x92e73a00] Found duplicated MOOV Atom. Skipped it
07-05 20:36:26.075 11510 11737 W Summariser: 1 active sections found
07-05 20:36:26.089 11510 11738 W mobile-ffmpeg: [mov,mp4,m4a,3gp,3g2,mj2 @ 0x8dc58c00] Found duplicated MOOV Atom. Skipped it
07-05 20:36:26.183 11510 11738 W mobile-ffmpeg: [graph 0 input from stream 0:0 @ 0x908840e0] sws_param option is deprecated and ignored
07-05 20:36:58.357 11510 11738 W mobile-ffmpeg: [mov,mp4,m4a,3gp,3g2,mj2 @ 0x8dc58c00] Found duplicated MOOV Atom. Skipped it
07-05 20:36:58.555 11510 11737 W Summariser: Summarisation completed
07-05 20:36:58.555 11510 11737 W Summariser:   filename: 20200312_150744.mp4
07-05 20:36:58.555 11510 11737 W Summariser:   active sections: 1
07-05 20:36:58.555 11510 11737 W Summariser:   time: 54.686s
07-05 20:36:58.555 11510 11737 W Summariser:   original duration: 60.02
07-05 20:36:58.555 11510 11737 W Summariser:   summarised duration: 4.83
07-05 20:36:58.555 11510 11737 W Summariser:   noise tolerance: 45.00
07-05 20:36:58.555 11510 11737 W Summariser:   quality: 23
07-05 20:36:58.555 11510 11737 W Summariser:   speed: medium
07-05 20:36:58.555 11510 11737 W Summariser:   freeze duration: 1.00
07-05 20:36:58.637 11510 11737 W NearbyFragment: Sending 20200312_150744.mp4 to Galaxy S8 [2802]
07-05 20:38:05.666 11510 11510 W NearbyFragment: Completed downloading 20200312_193528.mp4 from Endpoint{id=vMbk, name=Galaxy S8 [2802]} in 18.053s
07-05 20:38:05.716 11510 11738 W mobile-ffmpeg: [mov,mp4,m4a,3gp,3g2,mj2 @ 0x937b2c00] Found duplicated MOOV Atom. Skipped it
07-05 20:38:05.805 11510 11738 W mobile-ffmpeg: [graph 0 input from stream 0:0 @ 0x90884200] sws_param option is deprecated and ignored
07-05 20:38:29.640 11510 11905 W Summariser: No activity detected
07-05 20:38:29.650 11510 11738 W mobile-ffmpeg: [mov,mp4,m4a,3gp,3g2,mj2 @ 0x937aea00] Found duplicated MOOV Atom. Skipped it
07-05 20:38:29.725 11510 11905 W Summariser: Summarisation completed
07-05 20:38:29.725 11510 11905 W Summariser:   filename: 20200312_193528.mp4
07-05 20:38:29.725 11510 11905 W Summariser:   active sections: 0
07-05 20:38:29.725 11510 11905 W Summariser:   time: 23.945s
07-05 20:38:29.725 11510 11905 W Summariser:   original duration: 60.05
07-05 20:38:29.725 11510 11905 W Summariser:   summarised duration: -1.00
07-05 20:38:29.725 11510 11905 W Summariser:   noise tolerance: 45.00
07-05 20:38:29.725 11510 11905 W Summariser:   quality: 23
07-05 20:38:29.725 11510 11905 W Summariser:   speed: medium
07-05 20:38:29.725 11510 11905 W Summariser:   freeze duration: 1.00
07-05 20:39:32.458 11510 11510 W NearbyFragment: Completed downloading 20200312_193828.mp4 from Endpoint{id=vMbk, name=Galaxy S8 [2802]} in 18.327s
07-05 20:39:32.498 11510 11738 W mobile-ffmpeg: [mov,mp4,m4a,3gp,3g2,mj2 @ 0x937b3200] Found duplicated MOOV Atom. Skipped it
07-05 20:39:32.619 11510 11738 W mobile-ffmpeg: [graph 0 input from stream 0:0 @ 0x8c928600] sws_param option is deprecated and ignored
07-05 20:39:55.586 11510 12042 W Summariser: 1 active sections found
07-05 20:39:55.601 11510 11738 W mobile-ffmpeg: [mov,mp4,m4a,3gp,3g2,mj2 @ 0x8e0acc00] Found duplicated MOOV Atom. Skipped it
07-05 20:39:55.760 11510 11738 W mobile-ffmpeg: [graph 0 input from stream 0:0 @ 0x8c92a880] sws_param option is deprecated and ignored
07-05 20:40:49.711 11510 11738 W mobile-ffmpeg: [mov,mp4,m4a,3gp,3g2,mj2 @ 0x8e0acc00] Found duplicated MOOV Atom. Skipped it
07-05 20:40:49.954 11510 12042 W Summariser: Summarisation completed
07-05 20:40:49.954 11510 12042 W Summariser:   filename: 20200312_193828.mp4
07-05 20:40:49.954 11510 12042 W Summariser:   active sections: 1
07-05 20:40:49.954 11510 12042 W Summariser:   time: 77.209s
07-05 20:40:49.954 11510 12042 W Summariser:   original duration: 60.02
07-05 20:40:49.954 11510 12042 W Summariser:   summarised duration: 14.28
07-05 20:40:49.954 11510 12042 W Summariser:   noise tolerance: 45.00
07-05 20:40:49.954 11510 12042 W Summariser:   quality: 23
07-05 20:40:49.954 11510 12042 W Summariser:   speed: medium
07-05 20:40:49.954 11510 12042 W Summariser:   freeze duration: 1.00
07-05 20:40:50.036 11510 12042 W NearbyFragment: Sending 20200312_193828.mp4 to Galaxy S8 [2802]
07-05 20:41:41.930 11510 11510 W NearbyFragment: Completed downloading 20200312_194330.mp4 from Endpoint{id=vMbk, name=Galaxy S8 [2802]} in 19.910s
07-05 20:41:41.992 11510 11738 W mobile-ffmpeg: [mov,mp4,m4a,3gp,3g2,mj2 @ 0xa3997600] Found duplicated MOOV Atom. Skipped it
07-05 20:41:42.074 11510 11738 W mobile-ffmpeg: [graph 0 input from stream 0:0 @ 0x93784720] sws_param option is deprecated and ignored
07-05 20:42:09.965 11510 12196 W Summariser: No activity detected
07-05 20:42:09.979 11510 11738 W mobile-ffmpeg: [mov,mp4,m4a,3gp,3g2,mj2 @ 0xa3998e00] Found duplicated MOOV Atom. Skipped it
07-05 20:42:10.051 11510 12196 W Summariser: Summarisation completed
07-05 20:42:10.051 11510 12196 W Summariser:   filename: 20200312_194330.mp4
07-05 20:42:10.051 11510 12196 W Summariser:   active sections: 0
07-05 20:42:10.051 11510 12196 W Summariser:   time: 27.990s
07-05 20:42:10.051 11510 12196 W Summariser:   original duration: 60.02
07-05 20:42:10.051 11510 12196 W Summariser:   summarised duration: -1.00
07-05 20:42:10.051 11510 12196 W Summariser:   noise tolerance: 45.00
07-05 20:42:10.051 11510 12196 W Summariser:   quality: 23
07-05 20:42:10.051 11510 12196 W Summariser:   speed: medium
07-05 20:42:10.051 11510 12196 W Summariser:   freeze duration: 1.00
07-05 20:42:15.941 11510 11510 W NearbyFragment: Completed downloading 20200312_194730.mp4 from Endpoint{id=vMbk, name=Galaxy S8 [2802]} in 21.449s
07-05 20:42:15.993 11510 11738 W mobile-ffmpeg: [mov,mp4,m4a,3gp,3g2,mj2 @ 0x937b3e00] Found duplicated MOOV Atom. Skipped it
07-05 20:42:16.128 11510 11738 W mobile-ffmpeg: [graph 0 input from stream 0:0 @ 0x90883540] sws_param option is deprecated and ignored
07-05 20:42:51.491 11510 12292 W Summariser: No activity detected
07-05 20:42:51.506 11510 11738 W mobile-ffmpeg: [mov,mp4,m4a,3gp,3g2,mj2 @ 0x9239d000] Found duplicated MOOV Atom. Skipped it
07-05 20:42:51.607 11510 12292 W Summariser: Summarisation completed
07-05 20:42:51.607 11510 12292 W Summariser:   filename: 20200312_194730.mp4
07-05 20:42:51.607 11510 12292 W Summariser:   active sections: 0
07-05 20:42:51.607 11510 12292 W Summariser:   time: 35.514s
07-05 20:42:51.607 11510 12292 W Summariser:   original duration: 60.02
07-05 20:42:51.607 11510 12292 W Summariser:   summarised duration: -1.00
07-05 20:42:51.607 11510 12292 W Summariser:   noise tolerance: 45.00
07-05 20:42:51.607 11510 12292 W Summariser:   quality: 23
07-05 20:42:51.607 11510 12292 W Summariser:   speed: medium
07-05 20:42:51.607 11510 12292 W Summariser:   freeze duration: 1.00
07-05 20:42:55.180 11510 11510 W NearbyFragment: Completed downloading 20200312_194830.mp4 from Endpoint{id=vMbk, name=Galaxy S8 [2802]} in 28.841s
07-05 20:42:55.235 11510 11738 W mobile-ffmpeg: [mov,mp4,m4a,3gp,3g2,mj2 @ 0x92e77600] Found duplicated MOOV Atom. Skipped it
07-05 20:42:55.422 11510 11738 W mobile-ffmpeg: [graph 0 input from stream 0:0 @ 0x90885700] sws_param option is deprecated and ignored
07-05 20:43:27.358 11510 12342 W Summariser: 4 active sections found
07-05 20:43:27.382 11510 11738 W mobile-ffmpeg: [mov,mp4,m4a,3gp,3g2,mj2 @ 0x937abc00] Found duplicated MOOV Atom. Skipped it
07-05 20:43:27.629 11510 11738 W mobile-ffmpeg: [graph 0 input from stream 0:0 @ 0x8c929e00] sws_param option is deprecated and ignored
07-05 20:43:27.629 11510 11738 W mobile-ffmpeg: [graph 0 input from stream 0:0 @ 0x8c929f20] sws_param option is deprecated and ignored
07-05 20:43:27.630 11510 11738 W mobile-ffmpeg: [graph 0 input from stream 0:0 @ 0x8c92a0a0] sws_param option is deprecated and ignored
07-05 20:43:27.631 11510 11738 W mobile-ffmpeg: [graph 0 input from stream 0:0 @ 0x8c92a1c0] sws_param option is deprecated and ignored
07-05 20:43:50.281 11510 11510 W NearbyFragment: Completed downloading 20200312_195230.mp4 from Endpoint{id=vMbk, name=Galaxy S8 [2802]} in 24.324s
07-05 20:44:47.024 11510 11510 W NearbyFragment: Completed downloading 20200312_195430.mp4 from Endpoint{id=vMbk, name=Galaxy S8 [2802]} in 23.046s
07-05 20:45:12.528 11510 11738 W mobile-ffmpeg: [mov,mp4,m4a,3gp,3g2,mj2 @ 0x937abc00] Found duplicated MOOV Atom. Skipped it
07-05 20:45:12.752 11510 12342 W Summariser: Summarisation completed
07-05 20:45:12.752 11510 12342 W Summariser:   filename: 20200312_194830.mp4
07-05 20:45:12.752 11510 12342 W Summariser:   active sections: 4
07-05 20:45:12.752 11510 12342 W Summariser:   time: 137.299s
07-05 20:45:12.752 11510 12342 W Summariser:   original duration: 60.02
07-05 20:45:12.752 11510 12342 W Summariser:   summarised duration: 19.02
07-05 20:45:12.752 11510 12342 W Summariser:   noise tolerance: 45.00
07-05 20:45:12.752 11510 12342 W Summariser:   quality: 23
07-05 20:45:12.752 11510 12342 W Summariser:   speed: medium
07-05 20:45:12.752 11510 12342 W Summariser:   freeze duration: 1.00
07-05 20:45:12.833 11510 12342 W NearbyFragment: Sending 20200312_194830.mp4 to Galaxy S8 [2802]
07-05 20:45:12.885 11510 11738 W mobile-ffmpeg: [mov,mp4,m4a,3gp,3g2,mj2 @ 0x8d0c1600] Found duplicated MOOV Atom. Skipped it
07-05 20:45:13.060 11510 11738 W mobile-ffmpeg: [graph 0 input from stream 0:0 @ 0x8c9298c0] sws_param option is deprecated and ignored
07-05 20:45:51.889 11510 12342 W Summariser: 1 active sections found
07-05 20:45:51.911 11510 11738 W mobile-ffmpeg: [mov,mp4,m4a,3gp,3g2,mj2 @ 0x8d0c3a00] Found duplicated MOOV Atom. Skipped it
07-05 20:45:52.054 11510 11738 W mobile-ffmpeg: [graph 0 input from stream 0:0 @ 0x908c3d80] sws_param option is deprecated and ignored
07-05 20:46:34.669 11510 11738 W mobile-ffmpeg: [mov,mp4,m4a,3gp,3g2,mj2 @ 0x8d0c3a00] Found duplicated MOOV Atom. Skipped it
07-05 20:46:34.843 11510 12342 W Summariser: Summarisation completed
07-05 20:46:34.843 11510 12342 W Summariser:   filename: 20200312_195230.mp4
07-05 20:46:34.843 11510 12342 W Summariser:   active sections: 1
07-05 20:46:34.843 11510 12342 W Summariser:   time: 81.789s
07-05 20:46:34.843 11510 12342 W Summariser:   original duration: 60.02
07-05 20:46:34.843 11510 12342 W Summariser:   summarised duration: 6.97
07-05 20:46:34.843 11510 12342 W Summariser:   noise tolerance: 45.00
07-05 20:46:34.843 11510 12342 W Summariser:   quality: 23
07-05 20:46:34.843 11510 12342 W Summariser:   speed: medium
07-05 20:46:34.843 11510 12342 W Summariser:   freeze duration: 1.00
07-05 20:46:34.929 11510 12342 W NearbyFragment: Sending 20200312_195230.mp4 to Galaxy S8 [2802]
07-05 20:46:34.975 11510 11738 W mobile-ffmpeg: [mov,mp4,m4a,3gp,3g2,mj2 @ 0x8d0faa00] Found duplicated MOOV Atom. Skipped it
07-05 20:46:35.210 11510 11738 W mobile-ffmpeg: [graph 0 input from stream 0:0 @ 0xa39a6e00] sws_param option is deprecated and ignored
07-05 20:47:05.507 11510 12342 W Summariser: 5 active sections found
07-05 20:47:05.529 11510 11738 W mobile-ffmpeg: [mov,mp4,m4a,3gp,3g2,mj2 @ 0x7a9fc000] Found duplicated MOOV Atom. Skipped it
07-05 20:47:05.715 11510 11738 W mobile-ffmpeg: [graph 0 input from stream 0:0 @ 0x908c3480] sws_param option is deprecated and ignored
07-05 20:47:05.717 11510 11738 W mobile-ffmpeg: [graph 0 input from stream 0:0 @ 0x908c38a0] sws_param option is deprecated and ignored
07-05 20:47:05.718 11510 11738 W mobile-ffmpeg: [graph 0 input from stream 0:0 @ 0x908c3360] sws_param option is deprecated and ignored
07-05 20:47:05.719 11510 11738 W mobile-ffmpeg: [graph 0 input from stream 0:0 @ 0x908c3ae0] sws_param option is deprecated and ignored
07-05 20:47:05.723 11510 11738 W mobile-ffmpeg: [graph 0 input from stream 0:0 @ 0x908c3ba0] sws_param option is deprecated and ignored
07-05 20:48:36.530 11510 11738 W mobile-ffmpeg: [mov,mp4,m4a,3gp,3g2,mj2 @ 0x7a9fc000] Found duplicated MOOV Atom. Skipped it
07-05 20:48:36.736 11510 12342 W Summariser: Summarisation completed
07-05 20:48:36.736 11510 12342 W Summariser:   filename: 20200312_195430.mp4
07-05 20:48:36.736 11510 12342 W Summariser:   active sections: 5
07-05 20:48:36.736 11510 12342 W Summariser:   time: 121.566s
07-05 20:48:36.736 11510 12342 W Summariser:   original duration: 60.02
07-05 20:48:36.736 11510 12342 W Summariser:   summarised duration: 21.92
07-05 20:48:36.736 11510 12342 W Summariser:   noise tolerance: 45.00
07-05 20:48:36.736 11510 12342 W Summariser:   quality: 23
07-05 20:48:36.736 11510 12342 W Summariser:   speed: medium
07-05 20:48:36.736 11510 12342 W Summariser:   freeze duration: 1.00
07-05 20:48:36.839 11510 12342 W NearbyFragment: Sending 20200312_195430.mp4 to Galaxy S8 [2802]
