--------- beginning of main
06-30 03:00:11.066  4816  4816 I zygote  : Late-enabling -Xcheck:jni
--------- beginning of system
06-30 03:00:11.167  4816  4816 I ActivityThread: handleStopService: token=android.os.BinderProxy@262efb9 not found.
06-30 03:00:11.171  4816  4816 I TransferService: Starting Transfer Service to listen for network connectivity changes.
06-30 03:00:11.172  4816  4816 W LogFactory: Truncating log tag length as it exceed 23, the limit imposed by Android on certain API Levels
06-30 03:00:11.195  4816  4816 I TransferService: Registering the network receiver
06-30 03:00:11.198  4816  4816 I TransferService: Moving the service out of the Foreground state.
06-30 03:00:11.198  4816  4816 I TransferService: De-registering the network receiver.
06-30 03:00:16.149  4816  4830 I zygote  : Waiting for a blocking GC ProfileSaver
06-30 03:00:16.155  4816  4830 I zygote  : WaitForGcToComplete blocked ProfileSaver on HeapTrim for 6.654ms
06-30 03:01:21.196  4816  4816 I zygote  : Rejecting re-init on previously-failed class java.lang.Class<androidx.core.view.ViewCompat$2>: java.lang.NoClassDefFoundError: Failed resolution of: Landroid/view/View$OnUnhandledKeyEventListener;
06-30 03:01:21.196  4816  4816 I zygote  :   at void androidx.core.view.ViewCompat.setOnApplyWindowInsetsListener(android.view.View, androidx.core.view.OnApplyWindowInsetsListener) (ViewCompat.java:2421)
06-30 03:01:21.196  4816  4816 I zygote  :   at android.view.ViewGroup androidx.appcompat.app.AppCompatDelegateImpl.createSubDecor() (AppCompatDelegateImpl.java:779)
06-30 03:01:21.197  4816  4816 I zygote  :   at void androidx.appcompat.app.AppCompatDelegateImpl.ensureSubDecor() (AppCompatDelegateImpl.java:659)
06-30 03:01:21.197  4816  4816 I zygote  :   at void androidx.appcompat.app.AppCompatDelegateImpl.setContentView(int) (AppCompatDelegateImpl.java:552)
06-30 03:01:21.197  4816  4816 I zygote  :   at void androidx.appcompat.app.AppCompatActivity.setContentView(int) (AppCompatActivity.java:161)
06-30 03:01:21.197  4816  4816 I zygote  :   at void com.example.edgesum.page.main.MainActivity.onCreate(android.os.Bundle) (MainActivity.java:95)
06-30 03:01:21.197  4816  4816 I zygote  :   at void android.app.Activity.performCreate(android.os.Bundle, android.os.PersistableBundle) (Activity.java:7009)
06-30 03:01:21.197  4816  4816 I zygote  :   at void android.app.Activity.performCreate(android.os.Bundle) (Activity.java:7000)
06-30 03:01:21.197  4816  4816 I zygote  :   at void android.app.Instrumentation.callActivityOnCreate(android.app.Activity, android.os.Bundle) (Instrumentation.java:1214)
06-30 03:01:21.197  4816  4816 I zygote  :   at android.app.Activity android.app.ActivityThread.performLaunchActivity(android.app.ActivityThread$ActivityClientRecord, android.content.Intent) (ActivityThread.java:2731)
06-30 03:01:21.197  4816  4816 I zygote  :   at void android.app.ActivityThread.handleLaunchActivity(android.app.ActivityThread$ActivityClientRecord, android.content.Intent, java.lang.String) (ActivityThread.java:2856)
06-30 03:01:21.197  4816  4816 I zygote  :   at void android.app.ActivityThread.-wrap11(android.app.ActivityThread, android.app.ActivityThread$ActivityClientRecord, android.content.Intent, java.lang.String) (ActivityThread.java:-1)
06-30 03:01:21.197  4816  4816 I zygote  :   at void android.app.ActivityThread$H.handleMessage(android.os.Message) (ActivityThread.java:1589)
06-30 03:01:21.197  4816  4816 I zygote  :   at void android.os.Handler.dispatchMessage(android.os.Message) (Handler.java:106)
06-30 03:01:21.197  4816  4816 I zygote  :   at void android.os.Looper.loop() (Looper.java:164)
06-30 03:01:21.197  4816  4816 I zygote  :   at void android.app.ActivityThread.main(java.lang.String[]) (ActivityThread.java:6494)
06-30 03:01:21.197  4816  4816 I zygote  :   at java.lang.Object java.lang.reflect.Method.invoke(java.lang.Object, java.lang.Object[]) (Method.java:-2)
06-30 03:01:21.197  4816  4816 I zygote  :   at void com.android.internal.os.RuntimeInit$MethodAndArgsCaller.run() (RuntimeInit.java:438)
06-30 03:01:21.197  4816  4816 I zygote  :   at void com.android.internal.os.ZygoteInit.main(java.lang.String[]) (ZygoteInit.java:807)
06-30 03:01:21.197  4816  4816 I zygote  : Caused by: java.lang.ClassNotFoundException: Didn't find class "android.view.View$OnUnhandledKeyEventListener" on path: DexPathList[[zip file "/data/app/com.example.edgesum-lkLBCK7p0ZaIGHiDg7wsZg==/base.apk"],nativeLibraryDirectories=[/data/app/com.example.edgesum-lkLBCK7p0ZaIGHiDg7wsZg==/lib/arm, /data/app/com.example.edgesum-lkLBCK7p0ZaIGHiDg7wsZg==/base.apk!/lib/armeabi-v7a, /system/lib, /system/vendor/lib]]
06-30 03:01:21.197  4816  4816 I zygote  :   at java.lang.Class dalvik.system.BaseDexClassLoader.findClass(java.lang.String) (BaseDexClassLoader.java:125)
06-30 03:01:21.197  4816  4816 I zygote  :   at java.lang.Class java.lang.ClassLoader.loadClass(java.lang.String, boolean) (ClassLoader.java:379)
06-30 03:01:21.197  4816  4816 I zygote  :   at java.lang.Class java.lang.ClassLoader.loadClass(java.lang.String) (ClassLoader.java:312)
06-30 03:01:21.197  4816  4816 I zygote  :   at void androidx.core.view.ViewCompat.setOnApplyWindowInsetsListener(android.view.View, androidx.core.view.OnApplyWindowInsetsListener) (ViewCompat.java:2421)
06-30 03:01:21.197  4816  4816 I zygote  :   at android.view.ViewGroup androidx.appcompat.app.AppCompatDelegateImpl.createSubDecor() (AppCompatDelegateImpl.java:779)
06-30 03:01:21.197  4816  4816 I zygote  :   at void androidx.appcompat.app.AppCompatDelegateImpl.ensureSubDecor() (AppCompatDelegateImpl.java:659)
06-30 03:01:21.197  4816  4816 I zygote  :   at void androidx.appcompat.app.AppCompatDelegateImpl.setContentView(int) (AppCompatDelegateImpl.java:552)
06-30 03:01:21.197  4816  4816 I zygote  :   at void androidx.appcompat.app.AppCompatActivity.setContentView(int) (AppCompatActivity.java:161)
06-30 03:01:21.197  4816  4816 I zygote  :   at void com.example.edgesum.page.main.MainActivity.onCreate(android.os.Bundle) (MainActivity.java:95)
06-30 03:01:21.197  4816  4816 I zygote  :   at void android.app.Activity.performCreate(android.os.Bundle, android.os.PersistableBundle) (Activity.java:7009)
06-30 03:01:21.197  4816  4816 I zygote  :   at void android.app.Activity.performCreate(android.os.Bundle) (Activity.java:7000)
06-30 03:01:21.197  4816  4816 I zygote  :   at void android.app.Instrumentation.callActivityOnCreate(android.app.Activity, android.os.Bundle) (Instrumentation.java:1214)
06-30 03:01:21.197  4816  4816 I zygote  :   at android.app.Activity android.app.ActivityThread.performLaunchActivity(android.app.ActivityThread$ActivityClientRecord, android.content.Intent) (ActivityThread.java:2731)
06-30 03:01:21.197  4816  4816 I zygote  :   at void android.app.ActivityThread.handleLaunchActivity(android.app.ActivityThread$ActivityClientRecord, android.content.Intent, java.lang.String) (ActivityThread.java:2856)
06-30 03:01:21.197  4816  4816 I zygote  :   at void android.app.ActivityThread.-wrap11(android.app.ActivityThread, android.app.ActivityThread$ActivityClientRecord, android.content.Intent, java.lang.String) (ActivityThread.java:-1)
06-30 03:01:21.197  4816  4816 I zygote  :   at void android.app.ActivityThread$H.handleMessage(android.os.Message) (ActivityThread.java:1589)
06-30 03:01:21.197  4816  4816 I zygote  :   at void android.os.Handler.dispatchMessage(android.os.Message) (Handler.java:106)
06-30 03:01:21.197  4816  4816 I zygote  :   at void android.os.Looper.loop() (Looper.java:164)
06-30 03:01:21.197  4816  4816 I zygote  :   at void android.app.ActivityThread.main(java.lang.String[]) (ActivityThread.java:6494)
06-30 03:01:21.197  4816  4816 I zygote  :   at java.lang.Object java.lang.reflect.Method.invoke(java.lang.Object, java.lang.Object[]) (Method.java:-2)
06-30 03:01:21.197  4816  4816 I zygote  :   at void com.android.internal.os.RuntimeInit$MethodAndArgsCaller.run() (RuntimeInit.java:438)
06-30 03:01:21.197  4816  4816 I zygote  :   at void com.android.internal.os.ZygoteInit.main(java.lang.String[]) (ZygoteInit.java:807)
06-30 03:01:21.197  4816  4816 I zygote  : 
06-30 03:01:21.198  4816  4816 I zygote  : Rejecting re-init on previously-failed class java.lang.Class<androidx.core.view.ViewCompat$2>: java.lang.NoClassDefFoundError: Failed resolution of: Landroid/view/View$OnUnhandledKeyEventListener;
06-30 03:01:21.198  4816  4816 I zygote  :   at void androidx.core.view.ViewCompat.setOnApplyWindowInsetsListener(android.view.View, androidx.core.view.OnApplyWindowInsetsListener) (ViewCompat.java:2421)
06-30 03:01:21.198  4816  4816 I zygote  :   at android.view.ViewGroup androidx.appcompat.app.AppCompatDelegateImpl.createSubDecor() (AppCompatDelegateImpl.java:779)
06-30 03:01:21.198  4816  4816 I zygote  :   at void androidx.appcompat.app.AppCompatDelegateImpl.ensureSubDecor() (AppCompatDelegateImpl.java:659)
06-30 03:01:21.198  4816  4816 I zygote  :   at void androidx.appcompat.app.AppCompatDelegateImpl.setContentView(int) (AppCompatDelegateImpl.java:552)
06-30 03:01:21.198  4816  4816 I zygote  :   at void androidx.appcompat.app.AppCompatActivity.setContentView(int) (AppCompatActivity.java:161)
06-30 03:01:21.198  4816  4816 I zygote  :   at void com.example.edgesum.page.main.MainActivity.onCreate(android.os.Bundle) (MainActivity.java:95)
06-30 03:01:21.198  4816  4816 I zygote  :   at void android.app.Activity.performCreate(android.os.Bundle, android.os.PersistableBundle) (Activity.java:7009)
06-30 03:01:21.198  4816  4816 I zygote  :   at void android.app.Activity.performCreate(android.os.Bundle) (Activity.java:7000)
06-30 03:01:21.198  4816  4816 I zygote  :   at void android.app.Instrumentation.callActivityOnCreate(android.app.Activity, android.os.Bundle) (Instrumentation.java:1214)
06-30 03:01:21.198  4816  4816 I zygote  :   at android.app.Activity android.app.ActivityThread.performLaunchActivity(android.app.ActivityThread$ActivityClientRecord, android.content.Intent) (ActivityThread.java:2731)
06-30 03:01:21.198  4816  4816 I zygote  :   at void android.app.ActivityThread.handleLaunchActivity(android.app.ActivityThread$ActivityClientRecord, android.content.Intent, java.lang.String) (ActivityThread.java:2856)
06-30 03:01:21.198  4816  4816 I zygote  :   at void android.app.ActivityThread.-wrap11(android.app.ActivityThread, android.app.ActivityThread$ActivityClientRecord, android.content.Intent, java.lang.String) (ActivityThread.java:-1)
06-30 03:01:21.198  4816  4816 I zygote  :   at void android.app.ActivityThread$H.handleMessage(android.os.Message) (ActivityThread.java:1589)
06-30 03:01:21.198  4816  4816 I zygote  :   at void android.os.Handler.dispatchMessage(android.os.Message) (Handler.java:106)
06-30 03:01:21.198  4816  4816 I zygote  :   at void android.os.Looper.loop() (Looper.java:164)
06-30 03:01:21.198  4816  4816 I zygote  :   at void android.app.ActivityThread.main(java.lang.String[]) (ActivityThread.java:6494)
06-30 03:01:21.198  4816  4816 I zygote  :   at java.lang.Object java.lang.reflect.Method.invoke(java.lang.Object, java.lang.Object[]) (Method.java:-2)
06-30 03:01:21.198  4816  4816 I zygote  :   at void com.android.internal.os.RuntimeInit$MethodAndArgsCaller.run() (RuntimeInit.java:438)
06-30 03:01:21.198  4816  4816 I zygote  :   at void com.android.internal.os.ZygoteInit.main(java.lang.String[]) (ZygoteInit.java:807)
06-30 03:01:21.198  4816  4816 I zygote  : Caused by: java.lang.ClassNotFoundException: Didn't find class "android.view.View$OnUnhandledKeyEventListener" on path: DexPathList[[zip file "/data/app/com.example.edgesum-lkLBCK7p0ZaIGHiDg7wsZg==/base.apk"],nativeLibraryDirectories=[/data/app/com.example.edgesum-lkLBCK7p0ZaIGHiDg7wsZg==/lib/arm, /data/app/com.example.edgesum-lkLBCK7p0ZaIGHiDg7wsZg==/base.apk!/lib/armeabi-v7a, /system/lib, /system/vendor/lib]]
06-30 03:01:21.198  4816  4816 I zygote  :   at java.lang.Class dalvik.system.BaseDexClassLoader.findClass(java.lang.String) (BaseDexClassLoader.java:125)
06-30 03:01:21.198  4816  4816 I zygote  :   at java.lang.Class java.lang.ClassLoader.loadClass(java.lang.String, boolean) (ClassLoader.java:379)
06-30 03:01:21.198  4816  4816 I zygote  :   at java.lang.Class java.lang.ClassLoader.loadClass(java.lang.String) (ClassLoader.java:312)
06-30 03:01:21.198  4816  4816 I zygote  :   at void androidx.core.view.ViewCompat.setOnApplyWindowInsetsListener(android.view.View, androidx.core.view.OnApplyWindowInsetsListener) (ViewCompat.java:2421)
06-30 03:01:21.198  4816  4816 I zygote  :   at android.view.ViewGroup androidx.appcompat.app.AppCompatDelegateImpl.createSubDecor() (AppCompatDelegateImpl.java:779)
06-30 03:01:21.198  4816  4816 I zygote  :   at void androidx.appcompat.app.AppCompatDelegateImpl.ensureSubDecor() (AppCompatDelegateImpl.java:659)
06-30 03:01:21.198  4816  4816 I zygote  :   at void androidx.appcompat.app.AppCompatDelegateImpl.setContentView(int) (AppCompatDelegateImpl.java:552)
06-30 03:01:21.198  4816  4816 I zygote  :   at void androidx.appcompat.app.AppCompatActivity.setContentView(int) (AppCompatActivity.java:161)
06-30 03:01:21.198  4816  4816 I zygote  :   at void com.example.edgesum.page.main.MainActivity.onCreate(android.os.Bundle) (MainActivity.java:95)
06-30 03:01:21.198  4816  4816 I zygote  :   at void android.app.Activity.performCreate(android.os.Bundle, android.os.PersistableBundle) (Activity.java:7009)
06-30 03:01:21.198  4816  4816 I zygote  :   at void android.app.Activity.performCreate(android.os.Bundle) (Activity.java:7000)
06-30 03:01:21.198  4816  4816 I zygote  :   at void android.app.Instrumentation.callActivityOnCreate(android.app.Activity, android.os.Bundle) (Instrumentation.java:1214)
06-30 03:01:21.198  4816  4816 I zygote  :   at android.app.Activity android.app.ActivityThread.performLaunchActivity(android.app.ActivityThread$ActivityClientRecord, android.content.Intent) (ActivityThread.java:2731)
06-30 03:01:21.198  4816  4816 I zygote  :   at void android.app.ActivityThread.handleLaunchActivity(android.app.ActivityThread$ActivityClientRecord, android.content.Intent, java.lang.String) (ActivityThread.java:2856)
06-30 03:01:21.198  4816  4816 I zygote  :   at void android.app.ActivityThread.-wrap11(android.app.ActivityThread, android.app.ActivityThread$ActivityClientRecord, android.content.Intent, java.lang.String) (ActivityThread.java:-1)
06-30 03:01:21.198  4816  4816 I zygote  :   at void android.app.ActivityThread$H.handleMessage(android.os.Message) (ActivityThread.java:1589)
06-30 03:01:21.198  4816  4816 I zygote  :   at void android.os.Handler.dispatchMessage(android.os.Message) (Handler.java:106)
06-30 03:01:21.198  4816  4816 I zygote  :   at void android.os.Looper.loop() (Looper.java:164)
06-30 03:01:21.198  4816  4816 I zygote  :   at void android.app.ActivityThread.main(java.lang.String[]) (ActivityThread.java:6494)
06-30 03:01:21.198  4816  4816 I zygote  :   at java.lang.Object java.lang.reflect.Method.invoke(java.lang.Object, java.lang.Object[]) (Method.java:-2)
06-30 03:01:21.198  4816  4816 I zygote  :   at void com.android.internal.os.RuntimeInit$MethodAndArgsCaller.run() (RuntimeInit.java:438)
06-30 03:01:21.198  4816  4816 I zygote  :   at void com.android.internal.os.ZygoteInit.main(java.lang.String[]) (ZygoteInit.java:807)
06-30 03:01:21.198  4816  4816 I zygote  : 
06-30 03:01:21.199  4816  4816 I zygote  : Rejecting re-init on previously-failed class java.lang.Class<androidx.core.view.ViewCompat$2>: java.lang.NoClassDefFoundError: Failed resolution of: Landroid/view/View$OnUnhandledKeyEventListener;
06-30 03:01:21.199  4816  4816 I zygote  :   at void androidx.core.view.ViewCompat.setOnApplyWindowInsetsListener(android.view.View, androidx.core.view.OnApplyWindowInsetsListener) (ViewCompat.java:2421)
06-30 03:01:21.199  4816  4816 I zygote  :   at android.view.ViewGroup androidx.appcompat.app.AppCompatDelegateImpl.createSubDecor() (AppCompatDelegateImpl.java:779)
06-30 03:01:21.199  4816  4816 I zygote  :   at void androidx.appcompat.app.AppCompatDelegateImpl.ensureSubDecor() (AppCompatDelegateImpl.java:659)
06-30 03:01:21.199  4816  4816 I zygote  :   at void androidx.appcompat.app.AppCompatDelegateImpl.setContentView(int) (AppCompatDelegateImpl.java:552)
06-30 03:01:21.199  4816  4816 I zygote  :   at void androidx.appcompat.app.AppCompatActivity.setContentView(int) (AppCompatActivity.java:161)
06-30 03:01:21.199  4816  4816 I zygote  :   at void com.example.edgesum.page.main.MainActivity.onCreate(android.os.Bundle) (MainActivity.java:95)
06-30 03:01:21.199  4816  4816 I zygote  :   at void android.app.Activity.performCreate(android.os.Bundle, android.os.PersistableBundle) (Activity.java:7009)
06-30 03:01:21.199  4816  4816 I zygote  :   at void android.app.Activity.performCreate(android.os.Bundle) (Activity.java:7000)
06-30 03:01:21.199  4816  4816 I zygote  :   at void android.app.Instrumentation.callActivityOnCreate(android.app.Activity, android.os.Bundle) (Instrumentation.java:1214)
06-30 03:01:21.199  4816  4816 I zygote  :   at android.app.Activity android.app.ActivityThread.performLaunchActivity(android.app.ActivityThread$ActivityClientRecord, android.content.Intent) (ActivityThread.java:2731)
06-30 03:01:21.199  4816  4816 I zygote  :   at void android.app.ActivityThread.handleLaunchActivity(android.app.ActivityThread$ActivityClientRecord, android.content.Intent, java.lang.String) (ActivityThread.java:2856)
06-30 03:01:21.199  4816  4816 I zygote  :   at void android.app.ActivityThread.-wrap11(android.app.ActivityThread, android.app.ActivityThread$ActivityClientRecord, android.content.Intent, java.lang.String) (ActivityThread.java:-1)
06-30 03:01:21.199  4816  4816 I zygote  :   at void android.app.ActivityThread$H.handleMessage(android.os.Message) (ActivityThread.java:1589)
06-30 03:01:21.199  4816  4816 I zygote  :   at void android.os.Handler.dispatchMessage(android.os.Message) (Handler.java:106)
06-30 03:01:21.199  4816  4816 I zygote  :   at void android.os.Looper.loop() (Looper.java:164)
06-30 03:01:21.199  4816  4816 I zygote  :   at void android.app.ActivityThread.main(java.lang.String[]) (ActivityThread.java:6494)
06-30 03:01:21.199  4816  4816 I zygote  :   at java.lang.Object java.lang.reflect.Method.invoke(java.lang.Object, java.lang.Object[]) (Method.java:-2)
06-30 03:01:21.199  4816  4816 I zygote  :   at void com.android.internal.os.RuntimeInit$MethodAndArgsCaller.run() (RuntimeInit.java:438)
06-30 03:01:21.199  4816  4816 I zygote  :   at void com.android.internal.os.ZygoteInit.main(java.lang.String[]) (ZygoteInit.java:807)
06-30 03:01:21.199  4816  4816 I zygote  : Caused by: java.lang.ClassNotFoundException: Didn't find class "android.view.View$OnUnhandledKeyEventListener" on path: DexPathList[[zip file "/data/app/com.example.edgesum-lkLBCK7p0ZaIGHiDg7wsZg==/base.apk"],nativeLibraryDirectories=[/data/app/com.example.edgesum-lkLBCK7p0ZaIGHiDg7wsZg==/lib/arm, /data/app/com.example.edgesum-lkLBCK7p0ZaIGHiDg7wsZg==/base.apk!/lib/armeabi-v7a, /system/lib, /system/vendor/lib]]
06-30 03:01:21.199  4816  4816 I zygote  :   at java.lang.Class dalvik.system.BaseDexClassLoader.findClass(java.lang.String) (BaseDexClassLoader.java:125)
06-30 03:01:21.199  4816  4816 I zygote  :   at java.lang.Class java.lang.ClassLoader.loadClass(java.lang.String, boolean) (ClassLoader.java:379)
06-30 03:01:21.199  4816  4816 I zygote  :   at java.lang.Class java.lang.ClassLoader.loadClass(java.lang.String) (ClassLoader.java:312)
06-30 03:01:21.199  4816  4816 I zygote  :   at void androidx.core.view.ViewCompat.setOnApplyWindowInsetsListener(android.view.View, androidx.core.view.OnApplyWindowInsetsListener) (ViewCompat.java:2421)
06-30 03:01:21.199  4816  4816 I zygote  :   at android.view.ViewGroup androidx.appcompat.app.AppCompatDelegateImpl.createSubDecor() (AppCompatDelegateImpl.java:779)
06-30 03:01:21.199  4816  4816 I zygote  :   at void androidx.appcompat.app.AppCompatDelegateImpl.ensureSubDecor() (AppCompatDelegateImpl.java:659)
06-30 03:01:21.199  4816  4816 I zygote  :   at void androidx.appcompat.app.AppCompatDelegateImpl.setContentView(int) (AppCompatDelegateImpl.java:552)
06-30 03:01:21.199  4816  4816 I zygote  :   at void androidx.appcompat.app.AppCompatActivity.setContentView(int) (AppCompatActivity.java:161)
06-30 03:01:21.199  4816  4816 I zygote  :   at void com.example.edgesum.page.main.MainActivity.onCreate(android.os.Bundle) (MainActivity.java:95)
06-30 03:01:21.199  4816  4816 I zygote  :   at void android.app.Activity.performCreate(android.os.Bundle, android.os.PersistableBundle) (Activity.java:7009)
06-30 03:01:21.199  4816  4816 I zygote  :   at void android.app.Activity.performCreate(android.os.Bundle) (Activity.java:7000)
06-30 03:01:21.199  4816  4816 I zygote  :   at void android.app.Instrumentation.callActivityOnCreate(android.app.Activity, android.os.Bundle) (Instrumentation.java:1214)
06-30 03:01:21.199  4816  4816 I zygote  :   at android.app.Activity android.app.ActivityThread.performLaunchActivity(android.app.ActivityThread$ActivityClientRecord, android.content.Intent) (ActivityThread.java:2731)
06-30 03:01:21.199  4816  4816 I zygote  :   at void android.app.ActivityThread.handleLaunchActivity(android.app.ActivityThread$ActivityClientRecord, android.content.Intent, java.lang.String) (ActivityThread.java:2856)
06-30 03:01:21.199  4816  4816 I zygote  :   at void android.app.ActivityThread.-wrap11(android.app.ActivityThread, android.app.ActivityThread$ActivityClientRecord, android.content.Intent, java.lang.String) (ActivityThread.java:-1)
06-30 03:01:21.199  4816  4816 I zygote  :   at void android.app.ActivityThread$H.handleMessage(android.os.Message) (ActivityThread.java:1589)
06-30 03:01:21.199  4816  4816 I zygote  :   at void android.os.Handler.dispatchMessage(android.os.Message) (Handler.java:106)
06-30 03:01:21.199  4816  4816 I zygote  :   at void android.os.Looper.loop() (Looper.java:164)
06-30 03:01:21.199  4816  4816 I zygote  :   at void android.app.ActivityThread.main(java.lang.String[]) (ActivityThread.java:6494)
06-30 03:01:21.199  4816  4816 I zygote  :   at java.lang.Object java.lang.reflect.Method.invoke(java.lang.Object, java.lang.Object[]) (Method.java:-2)
06-30 03:01:21.199  4816  4816 I zygote  :   at void com.android.internal.os.RuntimeInit$MethodAndArgsCaller.run() (RuntimeInit.java:438)
06-30 03:01:21.199  4816  4816 I zygote  :   at void com.android.internal.os.ZygoteInit.main(java.lang.String[]) (ZygoteInit.java:807)
06-30 03:01:21.199  4816  4816 I zygote  : 
06-30 03:01:21.455  4816  4816 V Repo    : /storage/emulated/0/Movies/raw
06-30 03:01:21.455  4816  4816 V Repo    : /storage/emulated/0/Movies/summarised
06-30 03:01:21.472  4816  4816 V FileManager: External storage is readable
06-30 03:01:21.475  4816  4816 V FileManager: Created new directory: /storage/emulated/0/Movies/raw
06-30 03:01:21.479  4816  4816 V FileManager: External storage is readable
06-30 03:01:21.480  4816  4816 V FileManager: Created new directory: /storage/emulated/0/Movies/summarised
06-30 03:01:21.482  4816  4816 V FileManager: External storage is readable
06-30 03:01:21.483  4816  4816 V FileManager: Directory already exists: /storage/emulated/0/Download/nearby
06-30 03:01:21.487  4816  4816 V FileManager: External storage is readable
06-30 03:01:21.488  4816  4816 V FileManager: Created new directory: /storage/emulated/0/Movies/segment
06-30 03:01:21.492  4816  4816 V FileManager: External storage is readable
06-30 03:01:21.494  4816  4816 V FileManager: Created new directory: /storage/emulated/0/Movies/segment-sum
06-30 03:01:21.696  4816  4816 V VideoManager: getAllVideoFromExternalStorageFolder
06-30 03:01:21.699  4816  4816 D VideoManager: /storage/emulated/0/Movies/summarised
06-30 03:01:21.716  4816  4816 D VideoManager: 0 videos return
06-30 03:01:21.763  4816  4816 V VideoManager: getAllVideoFromExternalStorageFolder
06-30 03:01:21.765  4816  4821 I zygote  : Do partial code cache collection, code=10KB, data=19KB
06-30 03:01:21.766  4816  4821 I zygote  : After code cache collection, code=10KB, data=19KB
06-30 03:01:21.766  4816  4821 I zygote  : Increasing code cache capacity to 128KB
06-30 03:01:21.767  4816  4816 D VideoManager: /storage/emulated/0/Movies/raw
06-30 03:01:21.768  4816  4821 I zygote  : Do partial code cache collection, code=10KB, data=37KB
06-30 03:01:21.768  4816  4821 I zygote  : After code cache collection, code=10KB, data=37KB
06-30 03:01:21.768  4816  4821 I zygote  : Increasing code cache capacity to 256KB
06-30 03:01:21.769  4816  4821 I zygote  : Compiler allocated 4MB to compile void android.widget.TextView.<init>(android.content.Context, android.util.AttributeSet, int, int)
06-30 03:01:21.777  4816  4816 D VideoManager: 0 videos return
06-30 03:01:21.847  4816  4957 D OpenGLRenderer: HWUI GL Pipeline
06-30 03:01:21.857  4816  4816 I TransferService: Starting Transfer Service to listen for network connectivity changes.
06-30 03:01:21.858  4816  4816 I TransferService: Registering the network receiver
06-30 03:01:21.862  4816  4816 E TransferService: No notification is passed in the intent. Unable to transition to foreground.
06-30 03:01:21.929  4816  4828 D MainActivity: Scanned /storage/emulated/0/Movies/raw
06-30 03:01:21.929  4816  4828 D MainActivity:   -> uri=content://media/external/file/1274
06-30 03:01:21.974  4816  4816 W StaticLayout: maxLineHeight should not be -1.  maxLines:1 lineCount:1
06-30 03:01:21.977  4816  4828 D MainActivity: Scanned /storage/emulated/0/Movies/summarised
06-30 03:01:21.977  4816  4828 D MainActivity:   -> uri=content://media/external/file/1273
06-30 03:01:21.987  4816  4816 W StaticLayout: maxLineHeight should not be -1.  maxLines:1 lineCount:1
06-30 03:01:21.998  4816  4816 I chatty  : uid=10086(com.example.edgesum) identical 1 line
06-30 03:01:22.007  4816  4816 W StaticLayout: maxLineHeight should not be -1.  maxLines:1 lineCount:1
06-30 03:01:22.049  4816  4957 I Adreno-EGL: <qeglDrvAPI_eglInitialize:379>: QUALCOMM Build: 06/17/16, f19e6a9, I9e7a63e7c4
06-30 03:01:22.053  4816  4957 I zygote  : android::hardware::configstore::V1_0::ISurfaceFlingerConfigs::hasWideColorDisplay retrieved: 0
06-30 03:01:22.054  4816  4957 I OpenGLRenderer: Initialized EGL, version 1.4
06-30 03:01:22.054  4816  4957 D OpenGLRenderer: Swap behavior 1
06-30 03:01:22.060  4816  4957 W Adreno-EGL: <qeglDrvAPI_eglGetConfigAttrib:607>: EGL_BAD_ATTRIBUTE
06-30 03:01:22.063  4816  4957 W Adreno-EGL: <qeglDrvAPI_eglGetConfigAttrib:607>: EGL_BAD_ATTRIBUTE
06-30 03:01:22.066  4816  4957 D vndksupport: Loading /vendor/lib/hw/gralloc.msm8974.so from current namespace instead of sphal namespace.
06-30 03:01:22.072  4816  4816 W StaticLayout: maxLineHeight should not be -1.  maxLines:1 lineCount:1
06-30 03:01:22.085  4816  4816 W StaticLayout: maxLineHeight should not be -1.  maxLines:1 lineCount:1
06-30 03:01:22.101  4816  4816 I TransferNetworkLossHand: Network connectivity changed detected.
06-30 03:01:22.101  4816  4816 I TransferNetworkLossHand: Network connected: false
06-30 03:01:22.140  4816  4957 D vndksupport: Loading /vendor/lib/hw/android.hardware.graphics.mapper@2.0-impl.so from current namespace instead of sphal namespace.
06-30 03:01:22.141  4816  4957 D vndksupport: Loading /vendor/lib/hw/gralloc.msm8974.so from current namespace instead of sphal namespace.
06-30 03:01:34.468  4816  4816 V MainActivity: Connect button clicked
06-30 03:01:41.353  4816  4816 V ConnectionFragment: Discovery switch checked
06-30 03:01:41.485  4816  4816 D NearbyFragment: Started discovering
06-30 03:01:43.208  4816  4816 D NearbyFragment: Found endpoint jfM6: Nexus 5X [34d8]
06-30 03:01:55.716  4816  4816 D NearbyFragment: Selected 'Endpoint{id=jfM6, name=Nexus 5X [34d8]}'
06-30 03:01:55.717  4816  4821 I zygote  : Do full code cache collection, code=126KB, data=86KB
06-30 03:01:55.725  4816  4821 I zygote  : After code cache collection, code=123KB, data=62KB
06-30 03:01:55.761  4816  4957 W Adreno-EGL: <qeglDrvAPI_eglGetConfigAttrib:607>: EGL_BAD_ATTRIBUTE
06-30 03:01:55.761  4816  4957 D vndksupport: Loading /vendor/lib/hw/gralloc.msm8974.so from current namespace instead of sphal namespace.
06-30 03:02:24.475  4816  4816 D NearbyFragment: Initiated connection with Endpoint{id=jfM6, name=Nexus 5X [34d8]}: Nexus 5X [34d8]
06-30 03:02:24.598  4816  4816 D NearbyFragment: Requested connection with Endpoint{id=jfM6, name=Nexus 5X [34d8]}
06-30 03:02:24.664  4816  4957 W Adreno-EGL: <qeglDrvAPI_eglGetConfigAttrib:607>: EGL_BAD_ATTRIBUTE
06-30 03:02:24.674  4816  4957 D vndksupport: Loading /vendor/lib/hw/gralloc.msm8974.so from current namespace instead of sphal namespace.
06-30 03:02:24.684  4816  4821 I zygote  : Do partial code cache collection, code=126KB, data=78KB
06-30 03:02:24.686  4816  4821 I zygote  : After code cache collection, code=126KB, data=78KB
06-30 03:02:24.686  4816  4821 I zygote  : Increasing code cache capacity to 512KB
06-30 03:02:28.037  4816  4816 I NearbyFragment: Connected to Endpoint{id=jfM6, name=Nexus 5X [34d8]}
06-30 03:02:29.354  4816  4816 V ConnectionFragment: Discovery switch unchecked
06-30 03:02:29.354  4816  4816 D NearbyFragment: Stopped discovering
06-30 03:02:33.211  4816  4816 I TransferNetworkLossHand: Network connectivity changed detected.
06-30 03:02:33.216  4816  4816 I TransferNetworkLossHand: Network connected: true
06-30 03:02:39.186  4816  4816 I TransferNetworkLossHand: Network connectivity changed detected.
06-30 03:02:39.188  4816  4816 I TransferNetworkLossHand: Network connected: false
06-30 03:02:48.576  4816  4816 I TransferNetworkLossHand: Network connectivity changed detected.
06-30 03:02:48.580  4816  4816 I TransferNetworkLossHand: Network connected: true
06-30 03:04:07.780  4816  4816 D NearbyFragment: onPayloadReceived(endpointId=jfM6, payload=com.google.android.gms.nearby.connection.Payload@7dfe41)
06-30 03:04:07.781  4816  4816 V NearbyFragment: Started downloading SUMMARISE_SEGMENT:-5620285429728764808:20200312_150844!000.mp4:45.0_1.0_23_medium from Endpoint{id=jfM6, name=Nexus 5X [34d8]}
06-30 03:04:07.792  4816  4816 V NearbyFragment: Transfer to jfM6: 100%
06-30 03:04:07.796  4816  4816 V NearbyFragment: Transfer to jfM6: 100%
06-30 03:04:07.812  4816  4816 D NearbyFragment: onPayloadReceived(endpointId=jfM6, payload=com.google.android.gms.nearby.connection.Payload@c8da7d4)
06-30 03:04:07.818  4816  4816 V NearbyFragment: Transfer to jfM6: 0%
06-30 03:04:07.827  4816  4816 V NearbyFragment: Transfer to jfM6: 0%
06-30 03:04:07.836  4816  4816 V NearbyFragment: Transfer to jfM6: 1%
06-30 03:04:07.840  4816  4816 V NearbyFragment: Transfer to jfM6: 1%
06-30 03:04:07.848  4816  4816 V NearbyFragment: Transfer to jfM6: 1%
06-30 03:04:07.854  4816  4816 V NearbyFragment: Transfer to jfM6: 2%
06-30 03:04:07.865  4816  4816 V NearbyFragment: Transfer to jfM6: 2%
06-30 03:04:07.867  4816  4816 V NearbyFragment: Transfer to jfM6: 3%
06-30 03:04:07.882  4816  4816 V NearbyFragment: Transfer to jfM6: 3%
06-30 03:04:07.890  4816  4816 V NearbyFragment: Transfer to jfM6: 3%
06-30 03:04:07.900  4816  4816 V NearbyFragment: Transfer to jfM6: 4%
06-30 03:04:07.910  4816  4816 V NearbyFragment: Transfer to jfM6: 4%
06-30 03:04:07.926  4816  4816 V NearbyFragment: Transfer to jfM6: 5%
06-30 03:04:07.937  4816  4816 V NearbyFragment: Transfer to jfM6: 5%
06-30 03:04:07.947  4816  4816 V NearbyFragment: Transfer to jfM6: 5%
06-30 03:04:07.961  4816  4816 V NearbyFragment: Transfer to jfM6: 6%
06-30 03:04:07.973  4816  4816 V NearbyFragment: Transfer to jfM6: 6%
06-30 03:04:07.983  4816  4816 V NearbyFragment: Transfer to jfM6: 6%
06-30 03:04:08.004  4816  4816 V NearbyFragment: Transfer to jfM6: 7%
06-30 03:04:08.019  4816  4816 V NearbyFragment: Transfer to jfM6: 7%
06-30 03:04:08.027  4816  4816 V NearbyFragment: Transfer to jfM6: 8%
06-30 03:04:08.044  4816  4816 V NearbyFragment: Transfer to jfM6: 8%
06-30 03:04:08.050  4816  4816 V NearbyFragment: Transfer to jfM6: 8%
06-30 03:04:08.057  4816  4816 V NearbyFragment: Transfer to jfM6: 9%
06-30 03:04:08.063  4816  4816 V NearbyFragment: Transfer to jfM6: 9%
06-30 03:04:08.070  4816  4816 V NearbyFragment: Transfer to jfM6: 10%
06-30 03:04:08.077  4816  4816 V NearbyFragment: Transfer to jfM6: 10%
06-30 03:04:08.084  4816  4816 V NearbyFragment: Transfer to jfM6: 10%
06-30 03:04:08.091  4816  4816 V NearbyFragment: Transfer to jfM6: 11%
06-30 03:04:08.109  4816  4816 V NearbyFragment: Transfer to jfM6: 11%
06-30 03:04:08.121  4816  4816 V NearbyFragment: Transfer to jfM6: 12%
06-30 03:04:08.134  4816  4816 V NearbyFragment: Transfer to jfM6: 12%
06-30 03:04:08.144  4816  4816 V NearbyFragment: Transfer to jfM6: 12%
06-30 03:04:08.162  4816  4816 V NearbyFragment: Transfer to jfM6: 13%
06-30 03:04:08.169  4816  4816 V NearbyFragment: Transfer to jfM6: 13%
06-30 03:04:08.224  4816  4816 V NearbyFragment: Transfer to jfM6: 13%
06-30 03:04:08.235  4816  4816 V NearbyFragment: Transfer to jfM6: 14%
06-30 03:04:08.243  4816  4816 V NearbyFragment: Transfer to jfM6: 14%
06-30 03:04:08.257  4816  4816 V NearbyFragment: Transfer to jfM6: 15%
06-30 03:04:08.267  4816  4816 V NearbyFragment: Transfer to jfM6: 15%
06-30 03:04:08.277  4816  4816 V NearbyFragment: Transfer to jfM6: 15%
06-30 03:04:08.290  4816  4816 V NearbyFragment: Transfer to jfM6: 16%
06-30 03:04:08.301  4816  4816 V NearbyFragment: Transfer to jfM6: 16%
06-30 03:04:08.311  4816  4816 V NearbyFragment: Transfer to jfM6: 17%
06-30 03:04:08.321  4816  4816 V NearbyFragment: Transfer to jfM6: 17%
06-30 03:04:08.331  4816  4816 V NearbyFragment: Transfer to jfM6: 17%
06-30 03:04:08.341  4816  4816 V NearbyFragment: Transfer to jfM6: 18%
06-30 03:04:08.351  4816  4816 V NearbyFragment: Transfer to jfM6: 18%
06-30 03:04:08.362  4816  4816 V NearbyFragment: Transfer to jfM6: 19%
06-30 03:04:08.393  4816  4816 V NearbyFragment: Transfer to jfM6: 19%
06-30 03:04:08.395  4816  4816 V NearbyFragment: Transfer to jfM6: 19%
06-30 03:04:08.408  4816  4816 V NearbyFragment: Transfer to jfM6: 20%
06-30 03:04:08.417  4816  4816 V NearbyFragment: Transfer to jfM6: 20%
06-30 03:04:08.422  4816  4816 V NearbyFragment: Transfer to jfM6: 20%
06-30 03:04:08.427  4816  4816 V NearbyFragment: Transfer to jfM6: 21%
06-30 03:04:08.433  4816  4816 V NearbyFragment: Transfer to jfM6: 21%
06-30 03:04:08.442  4816  4816 V NearbyFragment: Transfer to jfM6: 22%
06-30 03:04:08.449  4816  4816 V NearbyFragment: Transfer to jfM6: 22%
06-30 03:04:08.467  4816  4816 V NearbyFragment: Transfer to jfM6: 22%
06-30 03:04:08.474  4816  4816 V NearbyFragment: Transfer to jfM6: 23%
06-30 03:04:08.492  4816  4816 V NearbyFragment: Transfer to jfM6: 23%
06-30 03:04:08.505  4816  4816 V NearbyFragment: Transfer to jfM6: 24%
06-30 03:04:08.544  4816  4816 V NearbyFragment: Transfer to jfM6: 24%
06-30 03:04:08.554  4816  4816 V NearbyFragment: Transfer to jfM6: 24%
06-30 03:04:08.563  4816  4816 V NearbyFragment: Transfer to jfM6: 25%
06-30 03:04:08.572  4816  4816 V NearbyFragment: Transfer to jfM6: 25%
06-30 03:04:08.588  4816  4816 V NearbyFragment: Transfer to jfM6: 26%
06-30 03:04:08.597  4816  4816 V NearbyFragment: Transfer to jfM6: 26%
06-30 03:04:08.612  4816  4816 V NearbyFragment: Transfer to jfM6: 26%
06-30 03:04:08.623  4816  4816 V NearbyFragment: Transfer to jfM6: 27%
06-30 03:04:08.632  4816  4816 V NearbyFragment: Transfer to jfM6: 27%
06-30 03:04:08.642  4816  4816 V NearbyFragment: Transfer to jfM6: 27%
06-30 03:04:08.652  4816  4816 V NearbyFragment: Transfer to jfM6: 28%
06-30 03:04:08.660  4816  4816 V NearbyFragment: Transfer to jfM6: 28%
06-30 03:04:08.672  4816  4816 V NearbyFragment: Transfer to jfM6: 29%
06-30 03:04:08.682  4816  4816 V NearbyFragment: Transfer to jfM6: 29%
06-30 03:04:08.702  4816  4816 V NearbyFragment: Transfer to jfM6: 29%
06-30 03:04:08.714  4816  4816 V NearbyFragment: Transfer to jfM6: 30%
06-30 03:04:08.723  4816  4816 V NearbyFragment: Transfer to jfM6: 30%
06-30 03:04:08.733  4816  4816 V NearbyFragment: Transfer to jfM6: 31%
06-30 03:04:08.737  4816  4816 V NearbyFragment: Transfer to jfM6: 31%
06-30 03:04:08.745  4816  4816 V NearbyFragment: Transfer to jfM6: 31%
06-30 03:04:08.769  4816  4816 V NearbyFragment: Transfer to jfM6: 32%
06-30 03:04:08.799  4816  4816 V NearbyFragment: Transfer to jfM6: 32%
06-30 03:04:08.814  4816  4816 V NearbyFragment: Transfer to jfM6: 33%
06-30 03:04:08.817  4816  4816 V NearbyFragment: Transfer to jfM6: 33%
06-30 03:04:08.827  4816  4816 V NearbyFragment: Transfer to jfM6: 33%
06-30 03:04:08.836  4816  4816 V NearbyFragment: Transfer to jfM6: 34%
06-30 03:04:08.847  4816  4816 V NearbyFragment: Transfer to jfM6: 34%
06-30 03:04:08.856  4816  4816 V NearbyFragment: Transfer to jfM6: 34%
06-30 03:04:08.862  4816  4816 V NearbyFragment: Transfer to jfM6: 35%
06-30 03:04:08.866  4816  4816 V NearbyFragment: Transfer to jfM6: 35%
06-30 03:04:08.875  4816  4816 V NearbyFragment: Transfer to jfM6: 36%
06-30 03:04:08.882  4816  4816 V NearbyFragment: Transfer to jfM6: 36%
06-30 03:04:08.886  4816  4816 V NearbyFragment: Transfer to jfM6: 36%
06-30 03:04:08.895  4816  4816 V NearbyFragment: Transfer to jfM6: 37%
06-30 03:04:08.899  4816  4816 V NearbyFragment: Transfer to jfM6: 37%
06-30 03:04:08.907  4816  4816 V NearbyFragment: Transfer to jfM6: 38%
06-30 03:04:08.915  4816  4816 V NearbyFragment: Transfer to jfM6: 38%
06-30 03:04:08.924  4816  4816 V NearbyFragment: Transfer to jfM6: 38%
06-30 03:04:08.931  4816  4816 V NearbyFragment: Transfer to jfM6: 39%
06-30 03:04:08.937  4816  4816 V NearbyFragment: Transfer to jfM6: 39%
06-30 03:04:08.944  4816  4816 V NearbyFragment: Transfer to jfM6: 40%
06-30 03:04:08.946  4816  4816 V NearbyFragment: Transfer to jfM6: 40%
06-30 03:04:08.955  4816  4816 V NearbyFragment: Transfer to jfM6: 40%
06-30 03:04:08.983  4816  4816 V NearbyFragment: Transfer to jfM6: 41%
06-30 03:04:08.985  4816  4816 V NearbyFragment: Transfer to jfM6: 41%
06-30 03:04:08.994  4816  4816 V NearbyFragment: Transfer to jfM6: 41%
06-30 03:04:09.001  4816  4816 V NearbyFragment: Transfer to jfM6: 42%
06-30 03:04:09.012  4816  4816 V NearbyFragment: Transfer to jfM6: 42%
06-30 03:04:09.016  4816  4816 V NearbyFragment: Transfer to jfM6: 43%
06-30 03:04:09.042  4816  4816 V NearbyFragment: Transfer to jfM6: 43%
06-30 03:04:09.049  4816  4816 V NearbyFragment: Transfer to jfM6: 43%
06-30 03:04:09.062  4816  4816 V NearbyFragment: Transfer to jfM6: 44%
06-30 03:04:09.075  4816  4816 V NearbyFragment: Transfer to jfM6: 44%
06-30 03:04:09.094  4816  4816 V NearbyFragment: Transfer to jfM6: 45%
06-30 03:04:09.116  4816  4816 V NearbyFragment: Transfer to jfM6: 45%
06-30 03:04:09.127  4816  4816 V NearbyFragment: Transfer to jfM6: 45%
06-30 03:04:09.132  4816  4816 V NearbyFragment: Transfer to jfM6: 46%
06-30 03:04:09.135  4816  4816 V NearbyFragment: Transfer to jfM6: 46%
06-30 03:04:09.140  4816  4816 V NearbyFragment: Transfer to jfM6: 47%
06-30 03:04:09.144  4816  4816 V NearbyFragment: Transfer to jfM6: 47%
06-30 03:04:09.154  4816  4816 V NearbyFragment: Transfer to jfM6: 47%
06-30 03:04:09.160  4816  4816 V NearbyFragment: Transfer to jfM6: 48%
06-30 03:04:09.165  4816  4816 V NearbyFragment: Transfer to jfM6: 48%
06-30 03:04:09.167  4816  4816 V NearbyFragment: Transfer to jfM6: 48%
06-30 03:04:09.173  4816  4816 V NearbyFragment: Transfer to jfM6: 49%
06-30 03:04:09.184  4816  4816 V NearbyFragment: Transfer to jfM6: 49%
06-30 03:04:09.192  4816  4816 V NearbyFragment: Transfer to jfM6: 50%
06-30 03:04:09.197  4816  4816 V NearbyFragment: Transfer to jfM6: 50%
06-30 03:04:09.209  4816  4816 V NearbyFragment: Transfer to jfM6: 50%
06-30 03:04:09.220  4816  4816 V NearbyFragment: Transfer to jfM6: 51%
06-30 03:04:09.232  4816  4816 V NearbyFragment: Transfer to jfM6: 51%
06-30 03:04:09.242  4816  4816 V NearbyFragment: Transfer to jfM6: 52%
06-30 03:04:09.251  4816  4816 V NearbyFragment: Transfer to jfM6: 52%
06-30 03:04:09.263  4816  4816 V NearbyFragment: Transfer to jfM6: 52%
06-30 03:04:09.270  4816  4816 V NearbyFragment: Transfer to jfM6: 53%
06-30 03:04:09.279  4816  4816 V NearbyFragment: Transfer to jfM6: 53%
06-30 03:04:09.287  4816  4816 V NearbyFragment: Transfer to jfM6: 54%
06-30 03:04:09.298  4816  4816 V NearbyFragment: Transfer to jfM6: 54%
06-30 03:04:09.310  4816  4816 V NearbyFragment: Transfer to jfM6: 54%
06-30 03:04:09.341  4816  4816 V NearbyFragment: Transfer to jfM6: 55%
06-30 03:04:09.346  4816  4816 V NearbyFragment: Transfer to jfM6: 55%
06-30 03:04:09.355  4816  4816 V NearbyFragment: Transfer to jfM6: 55%
06-30 03:04:09.356  4816  4816 V NearbyFragment: Transfer to jfM6: 56%
06-30 03:04:09.364  4816  4816 V NearbyFragment: Transfer to jfM6: 56%
06-30 03:04:09.505  4816  4816 V NearbyFragment: Transfer to jfM6: 57%
06-30 03:04:09.526  4816  4816 V NearbyFragment: Transfer to jfM6: 57%
06-30 03:04:09.665  4816  4816 V NearbyFragment: Transfer to jfM6: 57%
06-30 03:04:09.672  4816  4816 V NearbyFragment: Transfer to jfM6: 58%
06-30 03:04:09.678  4816  4816 V NearbyFragment: Transfer to jfM6: 58%
06-30 03:04:09.687  4816  4816 V NearbyFragment: Transfer to jfM6: 59%
06-30 03:04:09.695  4816  4816 V NearbyFragment: Transfer to jfM6: 59%
06-30 03:04:09.795  4816  4816 V NearbyFragment: Transfer to jfM6: 59%
06-30 03:04:09.809  4816  4816 V NearbyFragment: Transfer to jfM6: 60%
06-30 03:04:09.827  4816  4816 V NearbyFragment: Transfer to jfM6: 60%
06-30 03:04:09.836  4816  4816 V NearbyFragment: Transfer to jfM6: 61%
06-30 03:04:09.850  4816  4816 V NearbyFragment: Transfer to jfM6: 61%
06-30 03:04:09.869  4816  4816 V NearbyFragment: Transfer to jfM6: 61%
06-30 03:04:10.164  4816  4816 V NearbyFragment: Transfer to jfM6: 62%
06-30 03:04:10.176  4816  4816 V NearbyFragment: Transfer to jfM6: 62%
06-30 03:04:10.288  4816  4816 V NearbyFragment: Transfer to jfM6: 62%
06-30 03:04:10.308  4816  4816 V NearbyFragment: Transfer to jfM6: 63%
06-30 03:04:10.326  4816  4816 V NearbyFragment: Transfer to jfM6: 63%
06-30 03:04:10.351  4816  4816 V NearbyFragment: Transfer to jfM6: 64%
06-30 03:04:10.363  4816  4816 V NearbyFragment: Transfer to jfM6: 64%
06-30 03:04:10.474  4816  4816 V NearbyFragment: Transfer to jfM6: 64%
06-30 03:04:10.484  4816  4816 V NearbyFragment: Transfer to jfM6: 65%
06-30 03:04:10.493  4816  4816 V NearbyFragment: Transfer to jfM6: 65%
06-30 03:04:10.513  4816  4816 V NearbyFragment: Transfer to jfM6: 66%
06-30 03:04:10.520  4816  4816 V NearbyFragment: Transfer to jfM6: 66%
06-30 03:04:10.528  4816  4816 V NearbyFragment: Transfer to jfM6: 66%
06-30 03:04:10.539  4816  4816 V NearbyFragment: Transfer to jfM6: 67%
06-30 03:04:10.695  4816  4816 V NearbyFragment: Transfer to jfM6: 67%
06-30 03:04:10.726  4816  4816 V NearbyFragment: Transfer to jfM6: 68%
06-30 03:04:10.752  4816  4816 V NearbyFragment: Transfer to jfM6: 68%
06-30 03:04:10.753  4816  4816 V NearbyFragment: Transfer to jfM6: 68%
06-30 03:04:10.935  4816  4816 V NearbyFragment: Transfer to jfM6: 69%
06-30 03:04:10.942  4816  4816 V NearbyFragment: Transfer to jfM6: 69%
06-30 03:04:10.953  4816  4816 V NearbyFragment: Transfer to jfM6: 69%
06-30 03:04:11.146  4816  4816 V NearbyFragment: Transfer to jfM6: 70%
06-30 03:04:11.161  4816  4816 V NearbyFragment: Transfer to jfM6: 70%
06-30 03:04:11.163  4816  4816 V NearbyFragment: Transfer to jfM6: 71%
06-30 03:04:11.181  4816  4816 V NearbyFragment: Transfer to jfM6: 71%
06-30 03:04:11.207  4816  4816 V NearbyFragment: Transfer to jfM6: 71%
06-30 03:04:11.259  4816  4816 V NearbyFragment: Transfer to jfM6: 72%
06-30 03:04:11.529  4816  4816 V NearbyFragment: Transfer to jfM6: 72%
06-30 03:04:11.548  4816  4816 V NearbyFragment: Transfer to jfM6: 73%
06-30 03:04:11.566  4816  4816 V NearbyFragment: Transfer to jfM6: 73%
06-30 03:04:11.573  4816  4816 V NearbyFragment: Transfer to jfM6: 73%
06-30 03:04:11.575  4816  4816 V NearbyFragment: Transfer to jfM6: 74%
06-30 03:04:11.617  4816  4816 V NearbyFragment: Transfer to jfM6: 74%
06-30 03:04:11.631  4816  4816 V NearbyFragment: Transfer to jfM6: 75%
06-30 03:04:11.642  4816  4816 V NearbyFragment: Transfer to jfM6: 75%
06-30 03:04:11.657  4816  4816 V NearbyFragment: Transfer to jfM6: 75%
06-30 03:04:11.666  4816  4816 V NearbyFragment: Transfer to jfM6: 76%
06-30 03:04:11.672  4816  4816 V NearbyFragment: Transfer to jfM6: 76%
06-30 03:04:11.682  4816  4816 V NearbyFragment: Transfer to jfM6: 76%
06-30 03:04:11.698  4816  4816 V NearbyFragment: Transfer to jfM6: 77%
06-30 03:04:11.715  4816  4816 V NearbyFragment: Transfer to jfM6: 77%
06-30 03:04:11.729  4816  4816 V NearbyFragment: Transfer to jfM6: 78%
06-30 03:04:11.736  4816  4816 V NearbyFragment: Transfer to jfM6: 78%
06-30 03:04:11.749  4816  4816 V NearbyFragment: Transfer to jfM6: 78%
06-30 03:04:11.756  4816  4816 V NearbyFragment: Transfer to jfM6: 79%
06-30 03:04:11.816  4816  4816 V NearbyFragment: Transfer to jfM6: 79%
06-30 03:04:11.827  4816  4816 V NearbyFragment: Transfer to jfM6: 80%
06-30 03:04:11.834  4816  4816 V NearbyFragment: Transfer to jfM6: 80%
06-30 03:04:11.848  4816  4816 V NearbyFragment: Transfer to jfM6: 80%
06-30 03:04:11.863  4816  4816 V NearbyFragment: Transfer to jfM6: 81%
06-30 03:04:11.871  4816  4816 V NearbyFragment: Transfer to jfM6: 81%
06-30 03:04:11.883  4816  4816 V NearbyFragment: Transfer to jfM6: 82%
06-30 03:04:11.898  4816  4816 V NearbyFragment: Transfer to jfM6: 82%
06-30 03:04:11.911  4816  4816 V NearbyFragment: Transfer to jfM6: 82%
06-30 03:04:11.944  4816  4816 V NearbyFragment: Transfer to jfM6: 83%
06-30 03:04:11.952  4816  4816 V NearbyFragment: Transfer to jfM6: 83%
06-30 03:04:11.971  4816  4816 V NearbyFragment: Transfer to jfM6: 83%
06-30 03:04:11.985  4816  4816 V NearbyFragment: Transfer to jfM6: 84%
06-30 03:04:11.995  4816  4816 V NearbyFragment: Transfer to jfM6: 84%
06-30 03:04:12.005  4816  4816 V NearbyFragment: Transfer to jfM6: 85%
06-30 03:04:12.061  4816  4816 V NearbyFragment: Transfer to jfM6: 85%
06-30 03:04:12.073  4816  4816 V NearbyFragment: Transfer to jfM6: 85%
06-30 03:04:12.082  4816  4816 V NearbyFragment: Transfer to jfM6: 86%
06-30 03:04:12.100  4816  4816 V NearbyFragment: Transfer to jfM6: 86%
06-30 03:04:12.118  4816  4816 V NearbyFragment: Transfer to jfM6: 87%
06-30 03:04:12.127  4816  4816 V NearbyFragment: Transfer to jfM6: 87%
06-30 03:04:12.141  4816  4816 V NearbyFragment: Transfer to jfM6: 87%
06-30 03:04:12.152  4816  4816 V NearbyFragment: Transfer to jfM6: 88%
06-30 03:04:12.164  4816  4816 V NearbyFragment: Transfer to jfM6: 88%
06-30 03:04:12.176  4816  4816 V NearbyFragment: Transfer to jfM6: 89%
06-30 03:04:12.183  4816  4816 V NearbyFragment: Transfer to jfM6: 89%
06-30 03:04:12.194  4816  4816 V NearbyFragment: Transfer to jfM6: 89%
06-30 03:04:12.203  4816  4816 V NearbyFragment: Transfer to jfM6: 90%
06-30 03:04:12.211  4816  4816 V NearbyFragment: Transfer to jfM6: 90%
06-30 03:04:12.236  4816  4816 V NearbyFragment: Transfer to jfM6: 90%
06-30 03:04:12.252  4816  4816 V NearbyFragment: Transfer to jfM6: 91%
06-30 03:04:12.281  4816  4816 V NearbyFragment: Transfer to jfM6: 91%
06-30 03:04:12.292  4816  4816 V NearbyFragment: Transfer to jfM6: 92%
06-30 03:04:12.311  4816  4816 V NearbyFragment: Transfer to jfM6: 92%
06-30 03:04:12.315  4816  4816 V NearbyFragment: Transfer to jfM6: 92%
06-30 03:04:12.328  4816  4816 V NearbyFragment: Transfer to jfM6: 93%
06-30 03:04:12.342  4816  4816 V NearbyFragment: Transfer to jfM6: 93%
06-30 03:04:12.357  4816  4816 V NearbyFragment: Transfer to jfM6: 94%
06-30 03:04:12.367  4816  4816 V NearbyFragment: Transfer to jfM6: 94%
06-30 03:04:12.387  4816  4816 V NearbyFragment: Transfer to jfM6: 94%
06-30 03:04:12.406  4816  4816 V NearbyFragment: Transfer to jfM6: 95%
06-30 03:04:12.410  4816  4816 V NearbyFragment: Transfer to jfM6: 95%
06-30 03:04:12.414  4816  4816 V NearbyFragment: Transfer to jfM6: 96%
06-30 03:04:12.419  4816  4816 V NearbyFragment: Transfer to jfM6: 96%
06-30 03:04:12.428  4816  4816 V NearbyFragment: Transfer to jfM6: 96%
06-30 03:04:12.433  4816  4816 V NearbyFragment: Transfer to jfM6: 97%
06-30 03:04:12.436  4816  4816 V NearbyFragment: Transfer to jfM6: 97%
06-30 03:04:12.440  4816  4816 V NearbyFragment: Transfer to jfM6: 97%
06-30 03:04:12.446  4816  4816 V NearbyFragment: Transfer to jfM6: 98%
06-30 03:04:12.572  4816  4816 V NearbyFragment: Transfer to jfM6: 98%
06-30 03:04:12.586  4816  4816 V NearbyFragment: Transfer to jfM6: 99%
06-30 03:04:12.604  4816  4816 V NearbyFragment: Transfer to jfM6: 99%
06-30 03:04:12.625  4816  4816 V NearbyFragment: Transfer to jfM6: 99%
06-30 03:04:12.632  4816  4816 V NearbyFragment: Transfer to jfM6: 100%
06-30 03:04:12.633  4816  4816 V NearbyFragment: Transfer to jfM6: 100%
06-30 03:04:12.639  4816  4816 W NearbyFragment: Completed downloading 20200312_150844!000.mp4 from Endpoint{id=jfM6, name=Nexus 5X [34d8]} in 04.848s
06-30 03:04:12.642  4816  4816 D NearbyFragment: Summarising 20200312_150844!000.mp4
06-30 03:04:12.723  4816  4816 V VideoManager: videoFromCursor
06-30 03:04:12.726  4816  4816 V ProcessingVideosEventHandler: onAdd
06-30 03:04:12.726  4816  4816 V RawFootageEventHandler: onRemove
06-30 03:04:12.734  4816  4816 V NearbyFragment: Transfer to jfM6: 100%
06-30 03:04:12.734  4816  4816 V NearbyFragment: Transfer to jfM6: 100%
06-30 03:04:12.740  4816  5477 V SummariserIntentService: onHandleIntent
06-30 03:04:12.742  4816  5477 D SummariserIntentService: Video{id='1276', data='/storage/emulated/0/Download/Nearby/20200312_150844!000.mp4', name='20200312_150844!000.mp4', size=16852835, visible=true, mimeType='video/mp4'}
06-30 03:04:12.742  4816  5477 D SummariserIntentService: /storage/emulated/0/Movies/segment-sum/20200312_150844!000.mp4
06-30 03:04:12.759  4816  5477 I mobile-ffmpeg: Loading mobile-ffmpeg.
06-30 03:04:12.797  4816  5477 I mobile-ffmpeg: Loaded mobile-ffmpeg-full-gpl-arm-v7a-neon-4.2.2-20190703.
