--------- beginning of main
--------- beginning of system
07-06 01:55:48.858 30438 30438 W LogFactory: Truncating log tag length as it exceed 23, the limit imposed by Android on certain API Levels
07-06 01:55:53.269 30438 30438 E TransferService: No notification is passed in the intent. Unable to transition to foreground.
07-06 01:57:29.354 30438 30438 W NearbyFragment: Completed downloading 20200312_150643!000.mp4 from Endpoint{id=njPJ, name=Galaxy S8 [2802]} in 13.159s
07-06 01:57:29.801 30438 30671 W mobile-ffmpeg: [graph 0 input from stream 0:0 @ 0x7a0f768d40] sws_param option is deprecated and ignored
07-06 01:57:32.774 30438 30670 W Summariser: No activity detected
07-06 01:57:32.830 30438 30670 W Summariser: Summarisation completed
07-06 01:57:32.830 30438 30670 W Summariser:   filename: 20200312_150643!000.mp4
07-06 01:57:32.830 30438 30670 W Summariser:   active sections: 0
07-06 01:57:32.830 30438 30670 W Summariser:   time: 03.346s
07-06 01:57:32.830 30438 30670 W Summariser:   original duration: 16.07
07-06 01:57:32.830 30438 30670 W Summariser:   summarised duration: -1.00
07-06 01:57:32.830 30438 30670 W Summariser:   noise tolerance: 45.00
07-06 01:57:32.830 30438 30670 W Summariser:   quality: 23
07-06 01:57:32.830 30438 30670 W Summariser:   speed: medium
07-06 01:57:32.830 30438 30670 W Summariser:   freeze duration: 1.00
07-06 01:57:43.381 30438 30438 W NearbyFragment: Completed downloading 20200312_150643!002.mp4 from Endpoint{id=njPJ, name=Galaxy S8 [2802]} in 10.481s
07-06 01:57:43.524 30438 30671 W mobile-ffmpeg: [graph 0 input from stream 0:0 @ 0x7a0f768d40] sws_param option is deprecated and ignored
07-06 01:57:46.876 30438 30695 W Summariser: No activity detected
07-06 01:57:46.944 30438 30695 W Summariser: Summarisation completed
07-06 01:57:46.944 30438 30695 W Summariser:   filename: 20200312_150643!002.mp4
07-06 01:57:46.944 30438 30695 W Summariser:   active sections: 0
07-06 01:57:46.944 30438 30695 W Summariser:   time: 03.455s
07-06 01:57:46.944 30438 30695 W Summariser:   original duration: 16.01
07-06 01:57:46.944 30438 30695 W Summariser:   summarised duration: -1.00
07-06 01:57:46.944 30438 30695 W Summariser:   noise tolerance: 45.00
07-06 01:57:46.944 30438 30695 W Summariser:   quality: 23
07-06 01:57:46.944 30438 30695 W Summariser:   speed: medium
07-06 01:57:46.944 30438 30695 W Summariser:   freeze duration: 1.00
07-06 01:58:01.622 30438 30438 W NearbyFragment: Completed downloading 20200312_150744!003.mp4 from Endpoint{id=njPJ, name=Galaxy S8 [2802]} in 14.410s
07-06 01:58:01.790 30438 30671 W mobile-ffmpeg: [graph 0 input from stream 0:0 @ 0x7a0f768d40] sws_param option is deprecated and ignored
07-06 01:58:04.372 30438 30727 W Summariser: 1 active sections found
07-06 01:58:04.543 30438 30671 W mobile-ffmpeg: [graph 0 input from stream 0:0 @ 0x7a0f768c80] sws_param option is deprecated and ignored
07-06 01:58:20.170 30438 30727 W Summariser: Summarisation completed
07-06 01:58:20.170 30438 30727 W Summariser:   filename: 20200312_150744!003.mp4
07-06 01:58:20.170 30438 30727 W Summariser:   active sections: 1
07-06 01:58:20.170 30438 30727 W Summariser:   time: 18.352s
07-06 01:58:20.170 30438 30727 W Summariser:   original duration: 12.03
07-06 01:58:20.170 30438 30727 W Summariser:   summarised duration: 4.89
07-06 01:58:20.170 30438 30727 W Summariser:   noise tolerance: 45.00
07-06 01:58:20.170 30438 30727 W Summariser:   quality: 23
07-06 01:58:20.170 30438 30727 W Summariser:   speed: medium
07-06 01:58:20.170 30438 30727 W Summariser:   freeze duration: 1.00
07-06 01:58:20.198 30438 30727 W NearbyFragment: Sending 20200312_150744!003.mp4 to Galaxy S8 [2802]
07-06 01:58:57.688 30438 30438 W NearbyFragment: Completed downloading 20200312_150944!001.mp4 from Endpoint{id=njPJ, name=Galaxy S8 [2802]} in 06.209s
07-06 01:58:57.992 30438 30671 W mobile-ffmpeg: [graph 0 input from stream 0:0 @ 0x7a0f768d40] sws_param option is deprecated and ignored
07-06 01:59:02.368 30438 30790 W Summariser: No activity detected
07-06 01:59:02.494 30438 30790 W Summariser: Summarisation completed
07-06 01:59:02.494 30438 30790 W Summariser:   filename: 20200312_150944!001.mp4
07-06 01:59:02.494 30438 30790 W Summariser:   active sections: 0
07-06 01:59:02.494 30438 30790 W Summariser:   time: 04.624s
07-06 01:59:02.494 30438 30790 W Summariser:   original duration: 16.01
07-06 01:59:02.494 30438 30790 W Summariser:   summarised duration: -1.00
07-06 01:59:02.494 30438 30790 W Summariser:   noise tolerance: 45.00
07-06 01:59:02.494 30438 30790 W Summariser:   quality: 23
07-06 01:59:02.494 30438 30790 W Summariser:   speed: medium
07-06 01:59:02.494 30438 30790 W Summariser:   freeze duration: 1.00
07-06 01:59:06.728 30438 30438 W NearbyFragment: Completed downloading 20200312_150944!003.mp4 from Endpoint{id=njPJ, name=Galaxy S8 [2802]} in 04.129s
07-06 01:59:06.912 30438 30671 W mobile-ffmpeg: [graph 0 input from stream 0:0 @ 0x7a0f768d40] sws_param option is deprecated and ignored
07-06 01:59:10.135 30438 30816 W Summariser: No activity detected
07-06 01:59:10.213 30438 30816 W Summariser: Summarisation completed
07-06 01:59:10.213 30438 30816 W Summariser:   filename: 20200312_150944!003.mp4
07-06 01:59:10.213 30438 30816 W Summariser:   active sections: 0
07-06 01:59:10.213 30438 30816 W Summariser:   time: 03.361s
07-06 01:59:10.213 30438 30816 W Summariser:   original duration: 12.01
07-06 01:59:10.213 30438 30816 W Summariser:   summarised duration: -1.00
07-06 01:59:10.213 30438 30816 W Summariser:   noise tolerance: 45.00
07-06 01:59:10.213 30438 30816 W Summariser:   quality: 23
07-06 01:59:10.213 30438 30816 W Summariser:   speed: medium
07-06 01:59:10.213 30438 30816 W Summariser:   freeze duration: 1.00
07-06 01:59:18.014 30438 30438 W NearbyFragment: Completed downloading 20200312_151044!000.mp4 from Endpoint{id=njPJ, name=Galaxy S8 [2802]} in 03.566s
07-06 01:59:18.242 30438 30671 W mobile-ffmpeg: [graph 0 input from stream 0:0 @ 0x7a0f768d40] sws_param option is deprecated and ignored
07-06 01:59:22.683 30438 30841 W Summariser: No activity detected
07-06 01:59:22.762 30438 30841 W Summariser: Summarisation completed
07-06 01:59:22.762 30438 30841 W Summariser:   filename: 20200312_151044!000.mp4
07-06 01:59:22.762 30438 30841 W Summariser:   active sections: 0
07-06 01:59:22.762 30438 30841 W Summariser:   time: 04.591s
07-06 01:59:22.762 30438 30841 W Summariser:   original duration: 16.07
07-06 01:59:22.762 30438 30841 W Summariser:   summarised duration: -1.00
07-06 01:59:22.762 30438 30841 W Summariser:   noise tolerance: 45.00
07-06 01:59:22.762 30438 30841 W Summariser:   quality: 23
07-06 01:59:22.762 30438 30841 W Summariser:   speed: medium
07-06 01:59:22.762 30438 30841 W Summariser:   freeze duration: 1.00
07-06 01:59:30.904 30438 30438 W NearbyFragment: Completed downloading 20200312_151044!003.mp4 from Endpoint{id=njPJ, name=Galaxy S8 [2802]} in 08.024s
07-06 01:59:31.095 30438 30671 W mobile-ffmpeg: [graph 0 input from stream 0:0 @ 0x7a0f768d40] sws_param option is deprecated and ignored
07-06 01:59:35.190 30438 30866 W Summariser: No activity detected
07-06 01:59:35.272 30438 30866 W Summariser: Summarisation completed
07-06 01:59:35.272 30438 30866 W Summariser:   filename: 20200312_151044!003.mp4
07-06 01:59:35.272 30438 30866 W Summariser:   active sections: 0
07-06 01:59:35.272 30438 30866 W Summariser:   time: 04.231s
07-06 01:59:35.272 30438 30866 W Summariser:   original duration: 12.03
07-06 01:59:35.272 30438 30866 W Summariser:   summarised duration: -1.00
07-06 01:59:35.272 30438 30866 W Summariser:   noise tolerance: 45.00
07-06 01:59:35.272 30438 30866 W Summariser:   quality: 23
07-06 01:59:35.272 30438 30866 W Summariser:   speed: medium
07-06 01:59:35.272 30438 30866 W Summariser:   freeze duration: 1.00
07-06 01:59:49.219 30438 30438 W NearbyFragment: Completed downloading 20200312_193528!000.mp4 from Endpoint{id=njPJ, name=Galaxy S8 [2802]} in 04.356s
07-06 01:59:49.385 30438 30671 W mobile-ffmpeg: [graph 0 input from stream 0:0 @ 0x7a0f768d40] sws_param option is deprecated and ignored
07-06 01:59:54.839 30438 30893 W Summariser: No activity detected
07-06 01:59:54.917 30438 30893 W Summariser: Summarisation completed
07-06 01:59:54.917 30438 30893 W Summariser:   filename: 20200312_193528!000.mp4
07-06 01:59:54.917 30438 30893 W Summariser:   active sections: 0
07-06 01:59:54.917 30438 30893 W Summariser:   time: 05.579s
07-06 01:59:54.917 30438 30893 W Summariser:   original duration: 16.06
07-06 01:59:54.917 30438 30893 W Summariser:   summarised duration: -1.00
07-06 01:59:54.917 30438 30893 W Summariser:   noise tolerance: 45.00
07-06 01:59:54.917 30438 30893 W Summariser:   quality: 23
07-06 01:59:54.917 30438 30893 W Summariser:   speed: medium
07-06 01:59:54.917 30438 30893 W Summariser:   freeze duration: 1.00
07-06 02:00:02.764 30438 30438 W NearbyFragment: Completed downloading 20200312_193528!003.mp4 from Endpoint{id=njPJ, name=Galaxy S8 [2802]} in 07.498s
07-06 02:00:02.955 30438 30671 W mobile-ffmpeg: [graph 0 input from stream 0:0 @ 0x7a0f768d40] sws_param option is deprecated and ignored
07-06 02:00:07.116 30438 30911 W Summariser: No activity detected
07-06 02:00:07.233 30438 30911 W Summariser: Summarisation completed
07-06 02:00:07.233 30438 30911 W Summariser:   filename: 20200312_193528!003.mp4
07-06 02:00:07.233 30438 30911 W Summariser:   active sections: 0
07-06 02:00:07.233 30438 30911 W Summariser:   time: 04.321s
07-06 02:00:07.233 30438 30911 W Summariser:   original duration: 12.01
07-06 02:00:07.233 30438 30911 W Summariser:   summarised duration: -1.00
07-06 02:00:07.233 30438 30911 W Summariser:   noise tolerance: 45.00
07-06 02:00:07.233 30438 30911 W Summariser:   quality: 23
07-06 02:00:07.233 30438 30911 W Summariser:   speed: medium
07-06 02:00:07.233 30438 30911 W Summariser:   freeze duration: 1.00
07-06 02:00:20.356 30438 30438 W NearbyFragment: Completed downloading 20200312_193628!000.mp4 from Endpoint{id=njPJ, name=Galaxy S8 [2802]} in 04.876s
07-06 02:00:20.509 30438 30671 W mobile-ffmpeg: [graph 0 input from stream 0:0 @ 0x7a0f768d40] sws_param option is deprecated and ignored
07-06 02:00:25.957 30438 30930 W Summariser: No activity detected
07-06 02:00:26.029 30438 30930 W Summariser: Summarisation completed
07-06 02:00:26.029 30438 30930 W Summariser:   filename: 20200312_193628!000.mp4
07-06 02:00:26.029 30438 30930 W Summariser:   active sections: 0
07-06 02:00:26.029 30438 30930 W Summariser:   time: 05.571s
07-06 02:00:26.029 30438 30930 W Summariser:   original duration: 16.07
07-06 02:00:26.029 30438 30930 W Summariser:   summarised duration: -1.00
07-06 02:00:26.029 30438 30930 W Summariser:   noise tolerance: 45.00
07-06 02:00:26.029 30438 30930 W Summariser:   quality: 23
07-06 02:00:26.029 30438 30930 W Summariser:   speed: medium
07-06 02:00:26.029 30438 30930 W Summariser:   freeze duration: 1.00
07-06 02:00:33.332 30438 30438 W NearbyFragment: Completed downloading 20200312_193628!003.mp4 from Endpoint{id=njPJ, name=Galaxy S8 [2802]} in 07.203s
07-06 02:00:33.478 30438 30671 W mobile-ffmpeg: [graph 0 input from stream 0:0 @ 0x7a0f768d40] sws_param option is deprecated and ignored
07-06 02:00:37.800 30438 30952 W Summariser: 1 active sections found
07-06 02:00:37.911 30438 30671 W mobile-ffmpeg: [graph 0 input from stream 0:0 @ 0x7a0f768c80] sws_param option is deprecated and ignored
07-06 02:01:04.284 30438 30952 W Summariser: Summarisation completed
07-06 02:01:04.284 30438 30952 W Summariser:   filename: 20200312_193628!003.mp4
07-06 02:01:04.284 30438 30952 W Summariser:   active sections: 1
07-06 02:01:04.284 30438 30952 W Summariser:   time: 30.782s
07-06 02:01:04.284 30438 30952 W Summariser:   original duration: 12.03
07-06 02:01:04.284 30438 30952 W Summariser:   summarised duration: 6.16
07-06 02:01:04.284 30438 30952 W Summariser:   noise tolerance: 45.00
07-06 02:01:04.284 30438 30952 W Summariser:   quality: 23
07-06 02:01:04.284 30438 30952 W Summariser:   speed: medium
07-06 02:01:04.284 30438 30952 W Summariser:   freeze duration: 1.00
07-06 02:01:04.304 30438 30952 W NearbyFragment: Sending 20200312_193628!003.mp4 to Galaxy S8 [2802]
07-06 02:01:27.613 30438 30438 W NearbyFragment: Completed downloading 20200312_193828!000.mp4 from Endpoint{id=njPJ, name=Galaxy S8 [2802]} in 03.637s
07-06 02:01:27.817 30438 30671 W mobile-ffmpeg: [graph 0 input from stream 0:0 @ 0x7a0f768d40] sws_param option is deprecated and ignored
07-06 02:01:33.440 30438 31004 W Summariser: 1 active sections found
07-06 02:01:33.551 30438 30671 W mobile-ffmpeg: [graph 0 input from stream 0:0 @ 0x7a0f768c80] sws_param option is deprecated and ignored
07-06 02:02:26.198 30438 31004 W Summariser: Summarisation completed
07-06 02:02:26.198 30438 31004 W Summariser:   filename: 20200312_193828!000.mp4
07-06 02:02:26.198 30438 31004 W Summariser:   active sections: 1
07-06 02:02:26.198 30438 31004 W Summariser:   time: 58.410s
07-06 02:02:26.198 30438 31004 W Summariser:   original duration: 16.06
07-06 02:02:26.198 30438 31004 W Summariser:   summarised duration: 14.28
07-06 02:02:26.198 30438 31004 W Summariser:   noise tolerance: 45.00
07-06 02:02:26.198 30438 31004 W Summariser:   quality: 23
07-06 02:02:26.198 30438 31004 W Summariser:   speed: medium
07-06 02:02:26.198 30438 31004 W Summariser:   freeze duration: 1.00
07-06 02:02:26.226 30438 31004 W NearbyFragment: Sending 20200312_193828!000.mp4 to Galaxy S8 [2802]
07-06 02:02:32.448 30438 30438 W NearbyFragment: Completed downloading 20200312_194129!002.mp4 from Endpoint{id=njPJ, name=Galaxy S8 [2802]} in 05.887s
07-06 02:02:32.723 30438 30671 W mobile-ffmpeg: [graph 0 input from stream 0:0 @ 0x7a0f768d40] sws_param option is deprecated and ignored
07-06 02:02:38.293 30438 31055 W Summariser: 1 active sections found
07-06 02:02:38.460 30438 30671 W mobile-ffmpeg: [graph 0 input from stream 0:0 @ 0x7a0f768c80] sws_param option is deprecated and ignored
07-06 02:03:04.251 30438 31055 W Summariser: Summarisation completed
07-06 02:03:04.251 30438 31055 W Summariser:   filename: 20200312_194129!002.mp4
07-06 02:03:04.251 30438 31055 W Summariser:   active sections: 1
07-06 02:03:04.251 30438 31055 W Summariser:   time: 31.597s
07-06 02:03:04.251 30438 31055 W Summariser:   original duration: 16.01
07-06 02:03:04.251 30438 31055 W Summariser:   summarised duration: 7.37
07-06 02:03:04.251 30438 31055 W Summariser:   noise tolerance: 45.00
07-06 02:03:04.251 30438 31055 W Summariser:   quality: 23
07-06 02:03:04.251 30438 31055 W Summariser:   speed: medium
07-06 02:03:04.251 30438 31055 W Summariser:   freeze duration: 1.00
07-06 02:03:04.270 30438 31055 W NearbyFragment: Sending 20200312_194129!002.mp4 to Galaxy S8 [2802]
07-06 02:03:08.317 30438 30438 W NearbyFragment: Completed downloading 20200312_194229!003.mp4 from Endpoint{id=njPJ, name=Galaxy S8 [2802]} in 03.882s
07-06 02:03:08.467 30438 30671 W mobile-ffmpeg: [graph 0 input from stream 0:0 @ 0x7a0f768d40] sws_param option is deprecated and ignored
07-06 02:03:12.629 30438 31105 W Summariser: No activity detected
07-06 02:03:12.700 30438 31105 W Summariser: Summarisation completed
07-06 02:03:12.700 30438 31105 W Summariser:   filename: 20200312_194229!003.mp4
07-06 02:03:12.700 30438 31105 W Summariser:   active sections: 0
07-06 02:03:12.700 30438 31105 W Summariser:   time: 04.269s
07-06 02:03:12.700 30438 31105 W Summariser:   original duration: 11.98
07-06 02:03:12.700 30438 31105 W Summariser:   summarised duration: -1.00
07-06 02:03:12.700 30438 31105 W Summariser:   noise tolerance: 45.00
07-06 02:03:12.700 30438 31105 W Summariser:   quality: 23
07-06 02:03:12.700 30438 31105 W Summariser:   speed: medium
07-06 02:03:12.700 30438 31105 W Summariser:   freeze duration: 1.00
07-06 02:03:17.872 30438 30438 W NearbyFragment: Completed downloading 20200312_194330!001.mp4 from Endpoint{id=njPJ, name=Galaxy S8 [2802]} in 05.027s
07-06 02:03:18.068 30438 30671 W mobile-ffmpeg: [graph 0 input from stream 0:0 @ 0x7a0f768d40] sws_param option is deprecated and ignored
07-06 02:03:23.596 30438 31122 W Summariser: No activity detected
07-06 02:03:23.705 30438 31122 W Summariser: Summarisation completed
07-06 02:03:23.705 30438 31122 W Summariser:   filename: 20200312_194330!001.mp4
07-06 02:03:23.705 30438 31122 W Summariser:   active sections: 0
07-06 02:03:23.705 30438 31122 W Summariser:   time: 05.680s
07-06 02:03:23.705 30438 31122 W Summariser:   original duration: 16.01
07-06 02:03:23.705 30438 31122 W Summariser:   summarised duration: -1.00
07-06 02:03:23.705 30438 31122 W Summariser:   noise tolerance: 45.00
07-06 02:03:23.705 30438 31122 W Summariser:   quality: 23
07-06 02:03:23.705 30438 31122 W Summariser:   speed: medium
07-06 02:03:23.705 30438 31122 W Summariser:   freeze duration: 1.00
07-06 02:03:48.326 30438 30438 W NearbyFragment: Completed downloading 20200312_194730!001.mp4 from Endpoint{id=njPJ, name=Galaxy S8 [2802]} in 05.567s
07-06 02:03:48.804 30438 30671 W mobile-ffmpeg: [graph 0 input from stream 0:0 @ 0x7a0f768d40] sws_param option is deprecated and ignored
07-06 02:03:54.264 30438 31144 W Summariser: No activity detected
07-06 02:03:54.374 30438 31144 W Summariser: Summarisation completed
07-06 02:03:54.374 30438 31144 W Summariser:   filename: 20200312_194730!001.mp4
07-06 02:03:54.374 30438 31144 W Summariser:   active sections: 0
07-06 02:03:54.374 30438 31144 W Summariser:   time: 05.610s
07-06 02:03:54.374 30438 31144 W Summariser:   original duration: 16.02
07-06 02:03:54.374 30438 31144 W Summariser:   summarised duration: -1.00
07-06 02:03:54.374 30438 31144 W Summariser:   noise tolerance: 45.00
07-06 02:03:54.374 30438 31144 W Summariser:   quality: 23
07-06 02:03:54.374 30438 31144 W Summariser:   speed: medium
07-06 02:03:54.374 30438 31144 W Summariser:   freeze duration: 1.00
07-06 02:04:15.409 30438 30438 W NearbyFragment: Completed downloading 20200312_194830!000.mp4 from Endpoint{id=njPJ, name=Galaxy S8 [2802]} in 06.139s
07-06 02:04:15.581 30438 30671 W mobile-ffmpeg: [graph 0 input from stream 0:0 @ 0x7a0f768d40] sws_param option is deprecated and ignored
07-06 02:04:21.114 30438 31163 W Summariser: 1 active sections found
07-06 02:04:21.243 30438 30671 W mobile-ffmpeg: [graph 0 input from stream 0:0 @ 0x7a0f768c80] sws_param option is deprecated and ignored
07-06 02:04:40.032 30438 31163 W Summariser: Summarisation completed
07-06 02:04:40.032 30438 31163 W Summariser:   filename: 20200312_194830!000.mp4
07-06 02:04:40.032 30438 31163 W Summariser:   active sections: 1
07-06 02:04:40.032 30438 31163 W Summariser:   time: 24.444s
07-06 02:04:40.032 30438 31163 W Summariser:   original duration: 16.06
07-06 02:04:40.032 30438 31163 W Summariser:   summarised duration: 3.97
07-06 02:04:40.032 30438 31163 W Summariser:   noise tolerance: 45.00
07-06 02:04:40.032 30438 31163 W Summariser:   quality: 23
07-06 02:04:40.032 30438 31163 W Summariser:   speed: medium
07-06 02:04:40.032 30438 31163 W Summariser:   freeze duration: 1.00
07-06 02:04:40.052 30438 31163 W NearbyFragment: Sending 20200312_194830!000.mp4 to Galaxy S8 [2802]
07-06 02:04:48.070 30438 30438 W NearbyFragment: Completed downloading 20200312_194930!001.mp4 from Endpoint{id=njPJ, name=Galaxy S8 [2802]} in 07.172s
07-06 02:04:48.260 30438 30671 W mobile-ffmpeg: [graph 0 input from stream 0:0 @ 0x7a0f768d40] sws_param option is deprecated and ignored
07-06 02:04:53.704 30438 31205 W Summariser: 1 active sections found
07-06 02:04:53.872 30438 30671 W mobile-ffmpeg: [graph 0 input from stream 0:0 @ 0x7a0f768c80] sws_param option is deprecated and ignored
07-06 02:05:01.549 30438 31205 W Summariser: Summarisation completed
07-06 02:05:01.549 30438 31205 W Summariser:   filename: 20200312_194930!001.mp4
07-06 02:05:01.549 30438 31205 W Summariser:   active sections: 1
07-06 02:05:01.549 30438 31205 W Summariser:   time: 13.271s
07-06 02:05:01.549 30438 31205 W Summariser:   original duration: 16.01
07-06 02:05:01.549 30438 31205 W Summariser:   summarised duration: 2.02
07-06 02:05:01.549 30438 31205 W Summariser:   noise tolerance: 45.00
07-06 02:05:01.549 30438 31205 W Summariser:   quality: 23
07-06 02:05:01.549 30438 31205 W Summariser:   speed: medium
07-06 02:05:01.549 30438 31205 W Summariser:   freeze duration: 1.00
07-06 02:05:01.567 30438 31205 W NearbyFragment: Sending 20200312_194930!001.mp4 to Galaxy S8 [2802]
07-06 02:05:13.882 30438 30438 W NearbyFragment: Completed downloading 20200312_195230!001.mp4 from Endpoint{id=njPJ, name=Galaxy S8 [2802]} in 05.728s
07-06 02:05:14.061 30438 30671 W mobile-ffmpeg: [graph 0 input from stream 0:0 @ 0x7a0f768d40] sws_param option is deprecated and ignored
07-06 02:05:19.615 30438 31248 W Summariser: 1 active sections found
07-06 02:05:19.778 30438 30671 W mobile-ffmpeg: [graph 0 input from stream 0:0 @ 0x7a0f768c80] sws_param option is deprecated and ignored
07-06 02:05:48.890 30438 31248 W Summariser: Summarisation completed
07-06 02:05:48.890 30438 31248 W Summariser:   filename: 20200312_195230!001.mp4
07-06 02:05:48.890 30438 31248 W Summariser:   active sections: 1
07-06 02:05:48.890 30438 31248 W Summariser:   time: 34.818s
07-06 02:05:48.890 30438 31248 W Summariser:   original duration: 16.01
07-06 02:05:48.890 30438 31248 W Summariser:   summarised duration: 6.97
07-06 02:05:48.890 30438 31248 W Summariser:   noise tolerance: 45.00
07-06 02:05:48.890 30438 31248 W Summariser:   quality: 23
07-06 02:05:48.890 30438 31248 W Summariser:   speed: medium
07-06 02:05:48.890 30438 31248 W Summariser:   freeze duration: 1.00
07-06 02:05:48.915 30438 31248 W NearbyFragment: Sending 20200312_195230!001.mp4 to Galaxy S8 [2802]
07-06 02:06:01.681 30438 30438 W NearbyFragment: Completed downloading 20200312_195430!001.mp4 from Endpoint{id=njPJ, name=Galaxy S8 [2802]} in 03.727s
07-06 02:06:01.933 30438 30671 W mobile-ffmpeg: [graph 0 input from stream 0:0 @ 0x7a0f768d40] sws_param option is deprecated and ignored
07-06 02:06:07.506 30438 31296 W Summariser: 2 active sections found
07-06 02:06:07.662 30438 30671 W mobile-ffmpeg: [graph 0 input from stream 0:0 @ 0x7a0f768d40] sws_param option is deprecated and ignored
07-06 02:06:07.662 30438 30671 W mobile-ffmpeg: [graph 0 input from stream 0:0 @ 0x7a0f769100] sws_param option is deprecated and ignored
07-06 02:06:28.742 30438 31296 W Summariser: Summarisation completed
07-06 02:06:28.742 30438 31296 W Summariser:   filename: 20200312_195430!001.mp4
07-06 02:06:28.742 30438 31296 W Summariser:   active sections: 2
07-06 02:06:28.742 30438 31296 W Summariser:   time: 26.860s
07-06 02:06:28.742 30438 31296 W Summariser:   original duration: 16.01
07-06 02:06:28.742 30438 31296 W Summariser:   summarised duration: 5.90
07-06 02:06:28.742 30438 31296 W Summariser:   noise tolerance: 45.00
07-06 02:06:28.742 30438 31296 W Summariser:   quality: 23
07-06 02:06:28.742 30438 31296 W Summariser:   speed: medium
07-06 02:06:28.742 30438 31296 W Summariser:   freeze duration: 1.00
07-06 02:06:28.761 30438 31296 W NearbyFragment: Sending 20200312_195430!001.mp4 to Galaxy S8 [2802]
