--------- beginning of main
--------- beginning of system
07-06 01:55:49.429  9787  9787 W LogFactory: Truncating log tag length as it exceed 23, the limit imposed by Android on certain API Levels
07-06 01:55:54.516  9787  9787 E TransferService: No notification is passed in the intent. Unable to transition to foreground.
07-06 01:55:54.656  9787  9787 W StaticLayout: maxLineHeight should not be -1.  maxLines:1 lineCount:1
07-06 01:55:54.671  9787  9787 W StaticLayout: maxLineHeight should not be -1.  maxLines:1 lineCount:1
07-06 01:55:54.691  9787  9787 W StaticLayout: maxLineHeight should not be -1.  maxLines:1 lineCount:1
07-06 01:55:54.722  9787  9827 W Adreno-EGL: <qeglDrvAPI_eglGetConfigAttrib:607>: EGL_BAD_ATTRIBUTE
07-06 01:55:54.725  9787  9827 W Adreno-EGL: <qeglDrvAPI_eglGetConfigAttrib:607>: EGL_BAD_ATTRIBUTE
07-06 01:55:54.736  9787  9787 W StaticLayout: maxLineHeight should not be -1.  maxLines:1 lineCount:1
07-06 01:55:54.746  9787  9787 W StaticLayout: maxLineHeight should not be -1.  maxLines:1 lineCount:1
07-06 01:56:20.520  9787  9827 W Adreno-EGL: <qeglDrvAPI_eglGetConfigAttrib:607>: EGL_BAD_ATTRIBUTE
07-06 01:56:25.316  9787  9827 W Adreno-EGL: <qeglDrvAPI_eglGetConfigAttrib:607>: EGL_BAD_ATTRIBUTE
07-06 01:57:33.852  9787  9787 W NearbyFragment: Completed downloading 20200312_150643!001.mp4 from Endpoint{id=njPJ, name=Galaxy S8 [2802]} in 04.189s
07-06 01:57:34.132  9787 10025 W mobile-ffmpeg: [graph 0 input from stream 0:0 @ 0x924fbd40] sws_param option is deprecated and ignored
07-06 01:57:39.991  9787 10024 W Summariser: No activity detected
07-06 01:57:40.094  9787 10024 W Summariser: Summarisation completed
07-06 01:57:40.094  9787 10024 W Summariser:   filename: 20200312_150643!001.mp4
07-06 01:57:40.094  9787 10024 W Summariser:   active sections: 0
07-06 01:57:40.094  9787 10024 W Summariser:   time: 06.096s
07-06 01:57:40.094  9787 10024 W Summariser:   original duration: 16.01
07-06 01:57:40.094  9787 10024 W Summariser:   summarised duration: -1.00
07-06 01:57:40.094  9787 10024 W Summariser:   noise tolerance: 45.00
07-06 01:57:40.094  9787 10024 W Summariser:   quality: 23
07-06 01:57:40.094  9787 10024 W Summariser:   speed: medium
07-06 01:57:40.094  9787 10024 W Summariser:   freeze duration: 1.00
07-06 01:57:52.196  9787  9787 W NearbyFragment: Completed downloading 20200312_150744!000.mp4 from Endpoint{id=njPJ, name=Galaxy S8 [2802]} in 09.861s
07-06 01:57:52.342  9787 10025 W mobile-ffmpeg: [graph 0 input from stream 0:0 @ 0x92fd50e0] sws_param option is deprecated and ignored
07-06 01:57:58.168  9787 10069 W Summariser: No activity detected
07-06 01:57:58.235  9787 10069 W Summariser: Summarisation completed
07-06 01:57:58.235  9787 10069 W Summariser:   filename: 20200312_150744!000.mp4
07-06 01:57:58.235  9787 10069 W Summariser:   active sections: 0
07-06 01:57:58.235  9787 10069 W Summariser:   time: 05.943s
07-06 01:57:58.235  9787 10069 W Summariser:   original duration: 16.07
07-06 01:57:58.235  9787 10069 W Summariser:   summarised duration: -1.00
07-06 01:57:58.235  9787 10069 W Summariser:   noise tolerance: 45.00
07-06 01:57:58.235  9787 10069 W Summariser:   quality: 23
07-06 01:57:58.235  9787 10069 W Summariser:   speed: medium
07-06 01:57:58.235  9787 10069 W Summariser:   freeze duration: 1.00
07-06 01:58:12.201  9787  9787 W NearbyFragment: Completed downloading 20200312_150844!000.mp4 from Endpoint{id=njPJ, name=Galaxy S8 [2802]} in 03.867s
07-06 01:58:12.341  9787 10025 W mobile-ffmpeg: [graph 0 input from stream 0:0 @ 0x8cdbd3c0] sws_param option is deprecated and ignored
07-06 01:58:18.129  9787 10112 W Summariser: Whole video is active
07-06 01:58:19.518  9787 10112 W Summariser: Summarisation completed
07-06 01:58:19.518  9787 10112 W Summariser:   filename: 20200312_150844!000.mp4
07-06 01:58:19.518  9787 10112 W Summariser:   active sections: -1
07-06 01:58:19.518  9787 10112 W Summariser:   time: 07.147s
07-06 01:58:19.518  9787 10112 W Summariser:   original duration: 16.06
07-06 01:58:19.518  9787 10112 W Summariser:   summarised duration: 16.06
07-06 01:58:19.518  9787 10112 W Summariser:   noise tolerance: 45.00
07-06 01:58:19.518  9787 10112 W Summariser:   quality: 23
07-06 01:58:19.518  9787 10112 W Summariser:   speed: medium
07-06 01:58:19.518  9787 10112 W Summariser:   freeze duration: 1.00
07-06 01:58:19.530  9787 10112 W NearbyFragment: Sending 20200312_150844!000.mp4 to Galaxy S8 [2802]
07-06 01:58:23.864  9787  9787 W NearbyFragment: Completed downloading 20200312_150844!003.mp4 from Endpoint{id=njPJ, name=Galaxy S8 [2802]} in 04.284s
07-06 01:58:23.999  9787 10025 W mobile-ffmpeg: [graph 0 input from stream 0:0 @ 0x8cdbd3c0] sws_param option is deprecated and ignored
07-06 01:58:28.547  9787 10202 W Summariser: Whole video is active
07-06 01:58:29.751  9787 10202 W Summariser: Summarisation completed
07-06 01:58:29.751  9787 10202 W Summariser:   filename: 20200312_150844!003.mp4
07-06 01:58:29.751  9787 10202 W Summariser:   active sections: -1
07-06 01:58:29.751  9787 10202 W Summariser:   time: 05.657s
07-06 01:58:29.751  9787 10202 W Summariser:   original duration: 11.98
07-06 01:58:29.751  9787 10202 W Summariser:   summarised duration: 11.98
07-06 01:58:29.751  9787 10202 W Summariser:   noise tolerance: 45.00
07-06 01:58:29.751  9787 10202 W Summariser:   quality: 23
07-06 01:58:29.751  9787 10202 W Summariser:   speed: medium
07-06 01:58:29.751  9787 10202 W Summariser:   freeze duration: 1.00
07-06 01:58:29.771  9787 10202 W NearbyFragment: Sending 20200312_150844!003.mp4 to Galaxy S8 [2802]
07-06 01:58:50.608  9787  9787 W NearbyFragment: Completed downloading 20200312_150944!000.mp4 from Endpoint{id=njPJ, name=Galaxy S8 [2802]} in 04.894s
07-06 01:58:50.743  9787 10025 W mobile-ffmpeg: [graph 0 input from stream 0:0 @ 0x8cdbd3c0] sws_param option is deprecated and ignored
07-06 01:58:57.487  9787 10293 W Summariser: 1 active sections found
07-06 01:58:57.593  9787 10025 W mobile-ffmpeg: [graph 0 input from stream 0:0 @ 0x8cdbf700] sws_param option is deprecated and ignored
07-06 01:59:16.391  9787 10293 W Summariser: Summarisation completed
07-06 01:59:16.391  9787 10293 W Summariser:   filename: 20200312_150944!000.mp4
07-06 01:59:16.391  9787 10293 W Summariser:   active sections: 1
07-06 01:59:16.391  9787 10293 W Summariser:   time: 25.624s
07-06 01:59:16.391  9787 10293 W Summariser:   original duration: 16.06
07-06 01:59:16.391  9787 10293 W Summariser:   summarised duration: 7.07
07-06 01:59:16.391  9787 10293 W Summariser:   noise tolerance: 45.00
07-06 01:59:16.391  9787 10293 W Summariser:   quality: 23
07-06 01:59:16.391  9787 10293 W Summariser:   speed: medium
07-06 01:59:16.391  9787 10293 W Summariser:   freeze duration: 1.00
07-06 01:59:16.407  9787 10293 W NearbyFragment: Sending 20200312_150944!000.mp4 to Galaxy S8 [2802]
07-06 01:59:22.823  9787  9787 W NearbyFragment: Completed downloading 20200312_151044!001.mp4 from Endpoint{id=njPJ, name=Galaxy S8 [2802]} in 05.953s
07-06 01:59:23.108  9787 10025 W mobile-ffmpeg: [graph 0 input from stream 0:0 @ 0x8cdbf820] sws_param option is deprecated and ignored
07-06 01:59:30.864  9787 10364 W Summariser: No activity detected
07-06 01:59:30.988  9787 10364 W Summariser: Summarisation completed
07-06 01:59:30.988  9787 10364 W Summariser:   filename: 20200312_151044!001.mp4
07-06 01:59:30.988  9787 10364 W Summariser:   active sections: 0
07-06 01:59:30.988  9787 10364 W Summariser:   time: 08.006s
07-06 01:59:30.988  9787 10364 W Summariser:   original duration: 16.02
07-06 01:59:30.988  9787 10364 W Summariser:   summarised duration: -1.00
07-06 01:59:30.988  9787 10364 W Summariser:   noise tolerance: 45.00
07-06 01:59:30.988  9787 10364 W Summariser:   quality: 23
07-06 01:59:30.988  9787 10364 W Summariser:   speed: medium
07-06 01:59:30.988  9787 10364 W Summariser:   freeze duration: 1.00
07-06 01:59:53.514  9787  9787 W NearbyFragment: Completed downloading 20200312_193528!001.mp4 from Endpoint{id=njPJ, name=Galaxy S8 [2802]} in 03.976s
07-06 01:59:53.683  9787 10025 W mobile-ffmpeg: [graph 0 input from stream 0:0 @ 0x92fd43c0] sws_param option is deprecated and ignored
07-06 02:00:00.945  9787 10434 W Summariser: No activity detected
07-06 02:00:01.007  9787 10434 W Summariser: Summarisation completed
07-06 02:00:01.007  9787 10434 W Summariser:   filename: 20200312_193528!001.mp4
07-06 02:00:01.007  9787 10434 W Summariser:   active sections: 0
07-06 02:00:01.007  9787 10434 W Summariser:   time: 07.398s
07-06 02:00:01.007  9787 10434 W Summariser:   original duration: 16.01
07-06 02:00:01.007  9787 10434 W Summariser:   summarised duration: -1.00
07-06 02:00:01.007  9787 10434 W Summariser:   noise tolerance: 45.00
07-06 02:00:01.007  9787 10434 W Summariser:   quality: 23
07-06 02:00:01.007  9787 10434 W Summariser:   speed: medium
07-06 02:00:01.007  9787 10434 W Summariser:   freeze duration: 1.00
07-06 02:00:25.102  9787  9787 W NearbyFragment: Completed downloading 20200312_193628!001.mp4 from Endpoint{id=njPJ, name=Galaxy S8 [2802]} in 04.660s
07-06 02:00:25.300  9787 10025 W mobile-ffmpeg: [graph 0 input from stream 0:0 @ 0x92fd6760] sws_param option is deprecated and ignored
07-06 02:00:31.560  9787 10569 W Summariser: No activity detected
07-06 02:00:31.644  9787 10569 W Summariser: Summarisation completed
07-06 02:00:31.644  9787 10569 W Summariser:   filename: 20200312_193628!001.mp4
07-06 02:00:31.644  9787 10569 W Summariser:   active sections: 0
07-06 02:00:31.644  9787 10569 W Summariser:   time: 06.428s
07-06 02:00:31.644  9787 10569 W Summariser:   original duration: 16.01
07-06 02:00:31.644  9787 10569 W Summariser:   summarised duration: -1.00
07-06 02:00:31.644  9787 10569 W Summariser:   noise tolerance: 45.00
07-06 02:00:31.644  9787 10569 W Summariser:   quality: 23
07-06 02:00:31.644  9787 10569 W Summariser:   speed: medium
07-06 02:00:31.644  9787 10569 W Summariser:   freeze duration: 1.00
07-06 02:00:50.045  9787  9787 W NearbyFragment: Completed downloading 20200312_193728!000.mp4 from Endpoint{id=njPJ, name=Galaxy S8 [2802]} in 04.490s
07-06 02:00:50.188  9787 10025 W mobile-ffmpeg: [graph 0 input from stream 0:0 @ 0x924fc520] sws_param option is deprecated and ignored
07-06 02:00:56.862  9787 10635 W Summariser: Whole video is active
07-06 02:00:58.154  9787 10635 W Summariser: Summarisation completed
07-06 02:00:58.154  9787 10635 W Summariser:   filename: 20200312_193728!000.mp4
07-06 02:00:58.154  9787 10635 W Summariser:   active sections: -1
07-06 02:00:58.154  9787 10635 W Summariser:   time: 07.952s
07-06 02:00:58.154  9787 10635 W Summariser:   original duration: 16.06
07-06 02:00:58.154  9787 10635 W Summariser:   summarised duration: 16.06
07-06 02:00:58.154  9787 10635 W Summariser:   noise tolerance: 45.00
07-06 02:00:58.154  9787 10635 W Summariser:   quality: 23
07-06 02:00:58.154  9787 10635 W Summariser:   speed: medium
07-06 02:00:58.154  9787 10635 W Summariser:   freeze duration: 1.00
07-06 02:00:58.170  9787 10635 W NearbyFragment: Sending 20200312_193728!000.mp4 to Galaxy S8 [2802]
07-06 02:01:04.665  9787  9787 W NearbyFragment: Completed downloading 20200312_193728!003.mp4 from Endpoint{id=njPJ, name=Galaxy S8 [2802]} in 06.306s
07-06 02:01:04.863  9787 10025 W mobile-ffmpeg: [graph 0 input from stream 0:0 @ 0x924fc520] sws_param option is deprecated and ignored
07-06 02:01:09.952  9787 10666 W Summariser: Whole video is active
07-06 02:01:10.942  9787 10666 W Summariser: Summarisation completed
07-06 02:01:10.942  9787 10666 W Summariser:   filename: 20200312_193728!003.mp4
07-06 02:01:10.942  9787 10666 W Summariser:   active sections: -1
07-06 02:01:10.942  9787 10666 W Summariser:   time: 06.102s
07-06 02:01:10.942  9787 10666 W Summariser:   original duration: 11.98
07-06 02:01:10.942  9787 10666 W Summariser:   summarised duration: 11.98
07-06 02:01:10.942  9787 10666 W Summariser:   noise tolerance: 45.00
07-06 02:01:10.942  9787 10666 W Summariser:   quality: 23
07-06 02:01:10.942  9787 10666 W Summariser:   speed: medium
07-06 02:01:10.942  9787 10666 W Summariser:   freeze duration: 1.00
07-06 02:01:10.953  9787 10666 W NearbyFragment: Sending 20200312_193728!003.mp4 to Galaxy S8 [2802]
07-06 02:01:32.478  9787  9787 W NearbyFragment: Completed downloading 20200312_193828!001.mp4 from Endpoint{id=njPJ, name=Galaxy S8 [2802]} in 04.502s
07-06 02:01:32.638  9787 10025 W mobile-ffmpeg: [graph 0 input from stream 0:0 @ 0x924fc520] sws_param option is deprecated and ignored
07-06 02:01:39.244  9787 10770 W Summariser: No activity detected
07-06 02:01:39.327  9787 10770 W Summariser: Summarisation completed
07-06 02:01:39.327  9787 10770 W Summariser:   filename: 20200312_193828!001.mp4
07-06 02:01:39.327  9787 10770 W Summariser:   active sections: 0
07-06 02:01:39.327  9787 10770 W Summariser:   time: 06.726s
07-06 02:01:39.327  9787 10770 W Summariser:   original duration: 16.01
07-06 02:01:39.327  9787 10770 W Summariser:   summarised duration: -1.00
07-06 02:01:39.327  9787 10770 W Summariser:   noise tolerance: 45.00
07-06 02:01:39.327  9787 10770 W Summariser:   quality: 23
07-06 02:01:39.327  9787 10770 W Summariser:   speed: medium
07-06 02:01:39.327  9787 10770 W Summariser:   freeze duration: 1.00
07-06 02:01:56.230  9787  9787 W NearbyFragment: Completed downloading 20200312_193928!000.mp4 from Endpoint{id=njPJ, name=Galaxy S8 [2802]} in 05.857s
07-06 02:01:56.375  9787 10025 W mobile-ffmpeg: [graph 0 input from stream 0:0 @ 0x8cdbe980] sws_param option is deprecated and ignored
07-06 02:02:02.770  9787 10821 W Summariser: No activity detected
07-06 02:02:02.832  9787 10821 W Summariser: Summarisation completed
07-06 02:02:02.832  9787 10821 W Summariser:   filename: 20200312_193928!000.mp4
07-06 02:02:02.832  9787 10821 W Summariser:   active sections: 0
07-06 02:02:02.832  9787 10821 W Summariser:   time: 06.514s
07-06 02:02:02.832  9787 10821 W Summariser:   original duration: 16.90
07-06 02:02:02.832  9787 10821 W Summariser:   summarised duration: -1.00
07-06 02:02:02.832  9787 10821 W Summariser:   noise tolerance: 45.00
07-06 02:02:02.832  9787 10821 W Summariser:   quality: 23
07-06 02:02:02.832  9787 10821 W Summariser:   speed: medium
07-06 02:02:02.832  9787 10821 W Summariser:   freeze duration: 1.00
07-06 02:02:07.205  9787  9787 W NearbyFragment: Completed downloading 20200312_193928!003.mp4 from Endpoint{id=njPJ, name=Galaxy S8 [2802]} in 04.066s
07-06 02:02:07.356  9787 10025 W mobile-ffmpeg: [graph 0 input from stream 0:0 @ 0x92486c60] sws_param option is deprecated and ignored
07-06 02:02:12.371  9787 10840 W Summariser: No activity detected
07-06 02:02:12.464  9787 10840 W Summariser: Summarisation completed
07-06 02:02:12.464  9787 10840 W Summariser:   filename: 20200312_193928!003.mp4
07-06 02:02:12.464  9787 10840 W Summariser:   active sections: 0
07-06 02:02:12.464  9787 10840 W Summariser:   time: 05.141s
07-06 02:02:12.464  9787 10840 W Summariser:   original duration: 12.01
07-06 02:02:12.464  9787 10840 W Summariser:   summarised duration: -1.00
07-06 02:02:12.464  9787 10840 W Summariser:   noise tolerance: 45.00
07-06 02:02:12.464  9787 10840 W Summariser:   quality: 23
07-06 02:02:12.464  9787 10840 W Summariser:   speed: medium
07-06 02:02:12.464  9787 10840 W Summariser:   freeze duration: 1.00
07-06 02:02:22.621  9787  9787 W NearbyFragment: Completed downloading 20200312_194129!000.mp4 from Endpoint{id=njPJ, name=Galaxy S8 [2802]} in 05.117s
07-06 02:02:23.068  9787 10025 W mobile-ffmpeg: [graph 0 input from stream 0:0 @ 0x92488fa0] sws_param option is deprecated and ignored
07-06 02:02:29.606  9787 10890 W Summariser: No activity detected
07-06 02:02:29.667  9787 10890 W Summariser: Summarisation completed
07-06 02:02:29.667  9787 10890 W Summariser:   filename: 20200312_194129!000.mp4
07-06 02:02:29.667  9787 10890 W Summariser:   active sections: 0
07-06 02:02:29.667  9787 10890 W Summariser:   time: 06.655s
07-06 02:02:29.667  9787 10890 W Summariser:   original duration: 16.07
07-06 02:02:29.667  9787 10890 W Summariser:   summarised duration: -1.00
07-06 02:02:29.667  9787 10890 W Summariser:   noise tolerance: 45.00
07-06 02:02:29.667  9787 10890 W Summariser:   quality: 23
07-06 02:02:29.667  9787 10890 W Summariser:   speed: medium
07-06 02:02:29.667  9787 10890 W Summariser:   freeze duration: 1.00
07-06 02:02:48.820  9787  9787 W NearbyFragment: Completed downloading 20200312_194229!000.mp4 from Endpoint{id=njPJ, name=Galaxy S8 [2802]} in 04.074s
07-06 02:02:48.988  9787 10025 W mobile-ffmpeg: [graph 0 input from stream 0:0 @ 0x92fd5080] sws_param option is deprecated and ignored
07-06 02:02:55.785  9787 10949 W Summariser: 1 active sections found
07-06 02:02:55.907  9787 10025 W mobile-ffmpeg: [graph 0 input from stream 0:0 @ 0x92486360] sws_param option is deprecated and ignored
07-06 02:03:15.182  9787 10949 W Summariser: Summarisation completed
07-06 02:03:15.182  9787 10949 W Summariser:   filename: 20200312_194229!000.mp4
07-06 02:03:15.182  9787 10949 W Summariser:   active sections: 1
07-06 02:03:15.182  9787 10949 W Summariser:   time: 26.194s
07-06 02:03:15.182  9787 10949 W Summariser:   original duration: 16.06
07-06 02:03:15.182  9787 10949 W Summariser:   summarised duration: 5.62
07-06 02:03:15.182  9787 10949 W Summariser:   noise tolerance: 45.00
07-06 02:03:15.182  9787 10949 W Summariser:   quality: 23
07-06 02:03:15.182  9787 10949 W Summariser:   speed: medium
07-06 02:03:15.182  9787 10949 W Summariser:   freeze duration: 1.00
07-06 02:03:15.194  9787 10949 W NearbyFragment: Sending 20200312_194229!000.mp4 to Galaxy S8 [2802]
07-06 02:03:23.124  9787  9787 W NearbyFragment: Completed downloading 20200312_194330!002.mp4 from Endpoint{id=njPJ, name=Galaxy S8 [2802]} in 07.858s
07-06 02:03:23.471  9787 10025 W mobile-ffmpeg: [graph 0 input from stream 0:0 @ 0x92486420] sws_param option is deprecated and ignored
07-06 02:03:32.023  9787 11038 W Summariser: No activity detected
07-06 02:03:32.166  9787 11038 W Summariser: Summarisation completed
07-06 02:03:32.166  9787 11038 W Summariser:   filename: 20200312_194330!002.mp4
07-06 02:03:32.166  9787 11038 W Summariser:   active sections: 0
07-06 02:03:32.166  9787 11038 W Summariser:   time: 08.857s
07-06 02:03:32.166  9787 11038 W Summariser:   original duration: 16.01
07-06 02:03:32.166  9787 11038 W Summariser:   summarised duration: -1.00
07-06 02:03:32.166  9787 11038 W Summariser:   noise tolerance: 45.00
07-06 02:03:32.166  9787 11038 W Summariser:   quality: 23
07-06 02:03:32.166  9787 11038 W Summariser:   speed: medium
07-06 02:03:32.166  9787 11038 W Summariser:   freeze duration: 1.00
07-06 02:03:42.614  9787  9787 W NearbyFragment: Completed downloading 20200312_194730!000.mp4 from Endpoint{id=njPJ, name=Galaxy S8 [2802]} in 04.371s
07-06 02:03:42.776  9787 10025 W mobile-ffmpeg: [graph 0 input from stream 0:0 @ 0x924fa600] sws_param option is deprecated and ignored
07-06 02:03:50.749  9787 11121 W Summariser: No activity detected
07-06 02:03:50.823  9787 11121 W Summariser: Summarisation completed
07-06 02:03:50.823  9787 11121 W Summariser:   filename: 20200312_194730!000.mp4
07-06 02:03:50.823  9787 11121 W Summariser:   active sections: 0
07-06 02:03:50.823  9787 11121 W Summariser:   time: 08.096s
07-06 02:03:50.823  9787 11121 W Summariser:   original duration: 16.07
07-06 02:03:50.823  9787 11121 W Summariser:   summarised duration: -1.00
07-06 02:03:50.823  9787 11121 W Summariser:   noise tolerance: 45.00
07-06 02:03:50.823  9787 11121 W Summariser:   quality: 23
07-06 02:03:50.823  9787 11121 W Summariser:   speed: medium
07-06 02:03:50.823  9787 11121 W Summariser:   freeze duration: 1.00
07-06 02:03:55.155  9787  9787 W NearbyFragment: Completed downloading 20200312_194730!003.mp4 from Endpoint{id=njPJ, name=Galaxy S8 [2802]} in 03.864s
07-06 02:03:55.341  9787 10025 W mobile-ffmpeg: [graph 0 input from stream 0:0 @ 0x924fcb80] sws_param option is deprecated and ignored
07-06 02:04:09.006  9787 11186 W Summariser: No activity detected
07-06 02:04:09.083  9787 11186 W Summariser: Summarisation completed
07-06 02:04:09.083  9787 11186 W Summariser:   filename: 20200312_194730!003.mp4
07-06 02:04:09.083  9787 11186 W Summariser:   active sections: 0
07-06 02:04:09.083  9787 11186 W Summariser:   time: 13.781s
07-06 02:04:09.083  9787 11186 W Summariser:   original duration: 12.03
07-06 02:04:09.083  9787 11186 W Summariser:   summarised duration: -1.00
07-06 02:04:09.083  9787 11186 W Summariser:   noise tolerance: 45.00
07-06 02:04:09.083  9787 11186 W Summariser:   quality: 23
07-06 02:04:09.083  9787 11186 W Summariser:   speed: medium
07-06 02:04:09.083  9787 11186 W Summariser:   freeze duration: 1.00
07-06 02:04:19.156  9787  9787 W NearbyFragment: Completed downloading 20200312_194830!001.mp4 from Endpoint{id=njPJ, name=Galaxy S8 [2802]} in 09.981s
07-06 02:04:19.610  9787 10025 W mobile-ffmpeg: [graph 0 input from stream 0:0 @ 0x8d9cad60] sws_param option is deprecated and ignored
07-06 02:04:27.427  9787 11227 W Summariser: 2 active sections found
07-06 02:04:27.584  9787 10025 W mobile-ffmpeg: [graph 0 input from stream 0:0 @ 0x9379e160] sws_param option is deprecated and ignored
07-06 02:04:27.590  9787 10025 W mobile-ffmpeg: [graph 0 input from stream 0:0 @ 0x9379e280] sws_param option is deprecated and ignored
07-06 02:04:55.130  9787 11227 W Summariser: Summarisation completed
07-06 02:04:55.130  9787 11227 W Summariser:   filename: 20200312_194830!001.mp4
07-06 02:04:55.130  9787 11227 W Summariser:   active sections: 2
07-06 02:04:55.130  9787 11227 W Summariser:   time: 35.557s
07-06 02:04:55.130  9787 11227 W Summariser:   original duration: 16.01
07-06 02:04:55.130  9787 11227 W Summariser:   summarised duration: 8.10
07-06 02:04:55.130  9787 11227 W Summariser:   noise tolerance: 45.00
07-06 02:04:55.130  9787 11227 W Summariser:   quality: 23
07-06 02:04:55.130  9787 11227 W Summariser:   speed: medium
07-06 02:04:55.130  9787 11227 W Summariser:   freeze duration: 1.00
07-06 02:04:55.152  9787 11227 W NearbyFragment: Sending 20200312_194830!001.mp4 to Galaxy S8 [2802]
07-06 02:05:07.980  9787  9787 W NearbyFragment: Completed downloading 20200312_195230!000.mp4 from Endpoint{id=njPJ, name=Galaxy S8 [2802]} in 05.200s
07-06 02:05:08.288  9787 10025 W mobile-ffmpeg: [graph 0 input from stream 0:0 @ 0x9379e160] sws_param option is deprecated and ignored
07-06 02:05:18.696  9787 11343 W Summariser: No activity detected
07-06 02:05:18.766  9787 11343 W Summariser: Summarisation completed
07-06 02:05:18.766  9787 11343 W Summariser:   filename: 20200312_195230!000.mp4
07-06 02:05:18.766  9787 11343 W Summariser:   active sections: 0
07-06 02:05:18.766  9787 11343 W Summariser:   time: 10.597s
07-06 02:05:18.766  9787 11343 W Summariser:   original duration: 16.07
07-06 02:05:18.766  9787 11343 W Summariser:   summarised duration: -1.00
07-06 02:05:18.766  9787 11343 W Summariser:   noise tolerance: 45.00
07-06 02:05:18.766  9787 11343 W Summariser:   quality: 23
07-06 02:05:18.766  9787 11343 W Summariser:   speed: medium
07-06 02:05:18.766  9787 11343 W Summariser:   freeze duration: 1.00
07-06 02:05:23.180  9787  9787 W NearbyFragment: Completed downloading 20200312_195230!003.mp4 from Endpoint{id=njPJ, name=Galaxy S8 [2802]} in 04.346s
07-06 02:05:23.365  9787 10025 W mobile-ffmpeg: [graph 0 input from stream 0:0 @ 0x9379c240] sws_param option is deprecated and ignored
07-06 02:05:29.310  9787 11386 W Summariser: No activity detected
07-06 02:05:29.379  9787 11386 W Summariser: Summarisation completed
07-06 02:05:29.379  9787 11386 W Summariser:   filename: 20200312_195230!003.mp4
07-06 02:05:29.379  9787 11386 W Summariser:   active sections: 0
07-06 02:05:29.379  9787 11386 W Summariser:   time: 06.085s
07-06 02:05:29.379  9787 11386 W Summariser:   original duration: 12.01
07-06 02:05:29.379  9787 11386 W Summariser:   summarised duration: -1.00
07-06 02:05:29.379  9787 11386 W Summariser:   noise tolerance: 45.00
07-06 02:05:29.379  9787 11386 W Summariser:   quality: 23
07-06 02:05:29.379  9787 11386 W Summariser:   speed: medium
07-06 02:05:29.379  9787 11386 W Summariser:   freeze duration: 1.00
07-06 02:05:33.846  9787  9787 W NearbyFragment: Completed downloading 20200312_195330!000.mp4 from Endpoint{id=njPJ, name=Galaxy S8 [2802]} in 03.971s
07-06 02:05:34.070  9787 10025 W mobile-ffmpeg: [graph 0 input from stream 0:0 @ 0x9379e6a0] sws_param option is deprecated and ignored
07-06 02:05:40.141  9787 11437 W Summariser: 1 active sections found
07-06 02:05:40.310  9787 10025 W mobile-ffmpeg: [graph 0 input from stream 0:0 @ 0x924fc1c0] sws_param option is deprecated and ignored
07-06 02:05:49.572  9787 11437 W Summariser: Summarisation completed
07-06 02:05:49.572  9787 11437 W Summariser:   filename: 20200312_195330!000.mp4
07-06 02:05:49.572  9787 11437 W Summariser:   active sections: 1
07-06 02:05:49.572  9787 11437 W Summariser:   time: 15.551s
07-06 02:05:49.572  9787 11437 W Summariser:   original duration: 16.07
07-06 02:05:49.572  9787 11437 W Summariser:   summarised duration: 1.11
07-06 02:05:49.572  9787 11437 W Summariser:   noise tolerance: 45.00
07-06 02:05:49.572  9787 11437 W Summariser:   quality: 23
07-06 02:05:49.572  9787 11437 W Summariser:   speed: medium
07-06 02:05:49.572  9787 11437 W Summariser:   freeze duration: 1.00
07-06 02:05:49.594  9787 11437 W NearbyFragment: Sending 20200312_195330!000.mp4 to Galaxy S8 [2802]
07-06 02:05:57.825  9787  9787 W NearbyFragment: Completed downloading 20200312_195430!000.mp4 from Endpoint{id=njPJ, name=Galaxy S8 [2802]} in 03.369s
07-06 02:05:58.018  9787 10025 W mobile-ffmpeg: [graph 0 input from stream 0:0 @ 0x924fc0a0] sws_param option is deprecated and ignored
07-06 02:06:05.923  9787 11536 W Summariser: 1 active sections found
07-06 02:06:06.070  9787 10025 W mobile-ffmpeg: [graph 0 input from stream 0:0 @ 0x923b9740] sws_param option is deprecated and ignored
07-06 02:06:25.710  9787 11536 W Summariser: Summarisation completed
07-06 02:06:25.710  9787 11536 W Summariser:   filename: 20200312_195430!000.mp4
07-06 02:06:25.710  9787 11536 W Summariser:   active sections: 1
07-06 02:06:25.710  9787 11536 W Summariser:   time: 27.677s
07-06 02:06:25.710  9787 11536 W Summariser:   original duration: 16.06
07-06 02:06:25.710  9787 11536 W Summariser:   summarised duration: 5.34
07-06 02:06:25.710  9787 11536 W Summariser:   noise tolerance: 45.00
07-06 02:06:25.710  9787 11536 W Summariser:   quality: 23
07-06 02:06:25.710  9787 11536 W Summariser:   speed: medium
07-06 02:06:25.710  9787 11536 W Summariser:   freeze duration: 1.00
07-06 02:06:25.744  9787 11536 W NearbyFragment: Sending 20200312_195430!000.mp4 to Galaxy S8 [2802]
