--------- beginning of main
--------- beginning of system
07-05 17:17:43.500  9272  9272 W LogFactory: Truncating log tag length as it exceed 23, the limit imposed by Android on certain API Levels
07-05 17:17:45.806  9272  9272 E TransferService: No notification is passed in the intent. Unable to transition to foreground.
07-05 17:19:55.134  9272  9272 W NearbyFragment: Completed downloading 20200312_150643.mp4 from Endpoint{id=fwGx, name=Galaxy S8 [2802]} in 14.060s
07-05 17:19:55.326  9272  9524 W mobile-ffmpeg: [mov,mp4,m4a,3gp,3g2,mj2 @ 0x78f36b2400] Found duplicated MOOV Atom. Skipped it
07-05 17:19:55.486  9272  9524 W mobile-ffmpeg: [graph 0 input from stream 0:0 @ 0x78f3655200] sws_param option is deprecated and ignored
07-05 17:20:15.090  9272  9523 W Summariser: No activity detected
07-05 17:20:15.105  9272  9524 W mobile-ffmpeg: [mov,mp4,m4a,3gp,3g2,mj2 @ 0x78f36b2400] Found duplicated MOOV Atom. Skipped it
07-05 17:20:15.242  9272  9523 W Summariser: Summarisation completed
07-05 17:20:15.242  9272  9523 W Summariser:   filename: 20200312_150643.mp4
07-05 17:20:15.242  9272  9523 W Summariser:   active sections: 0
07-05 17:20:15.242  9272  9523 W Summariser:   time: 19.902s
07-05 17:20:15.242  9272  9523 W Summariser:   original duration: 60.02
07-05 17:20:15.242  9272  9523 W Summariser:   summarised duration: -1.00
07-05 17:20:15.242  9272  9523 W Summariser:   noise tolerance: 45.00
07-05 17:20:15.242  9272  9523 W Summariser:   quality: 23
07-05 17:20:15.242  9272  9523 W Summariser:   speed: medium
07-05 17:20:15.242  9272  9523 W Summariser:   freeze duration: 1.00
07-05 17:20:42.673  9272  9272 W NearbyFragment: Completed downloading 20200312_150844.mp4 from Endpoint{id=fwGx, name=Galaxy S8 [2802]} in 17.360s
07-05 17:20:42.722  9272  9524 W mobile-ffmpeg: [mov,mp4,m4a,3gp,3g2,mj2 @ 0x78f36b2400] Found duplicated MOOV Atom. Skipped it
07-05 17:20:42.861  9272  9524 W mobile-ffmpeg: [graph 0 input from stream 0:0 @ 0x78f3655200] sws_param option is deprecated and ignored
07-05 17:21:03.165  9272  9560 W Summariser: Whole video is active
07-05 17:21:06.438  9272  9524 W mobile-ffmpeg: [mov,mp4,m4a,3gp,3g2,mj2 @ 0x78f36b2400] Found duplicated MOOV Atom. Skipped it
07-05 17:21:06.571  9272  9524 W mobile-ffmpeg: [mov,mp4,m4a,3gp,3g2,mj2 @ 0x78f36b2400] Found duplicated MOOV Atom. Skipped it
07-05 17:21:06.681  9272  9560 W Summariser: Summarisation completed
07-05 17:21:06.681  9272  9560 W Summariser:   filename: 20200312_150844.mp4
07-05 17:21:06.681  9272  9560 W Summariser:   active sections: -1
07-05 17:21:06.681  9272  9560 W Summariser:   time: 23.714s
07-05 17:21:06.681  9272  9560 W Summariser:   original duration: 60.02
07-05 17:21:06.681  9272  9560 W Summariser:   summarised duration: 60.02
07-05 17:21:06.681  9272  9560 W Summariser:   noise tolerance: 45.00
07-05 17:21:06.681  9272  9560 W Summariser:   quality: 23
07-05 17:21:06.681  9272  9560 W Summariser:   speed: medium
07-05 17:21:06.681  9272  9560 W Summariser:   freeze duration: 1.00
07-05 17:21:06.781  9272  9560 W NearbyFragment: Sending 20200312_150844.mp4 to Galaxy S8 [2802]
07-05 17:21:28.502  9272  9272 W NearbyFragment: Completed downloading 20200312_151044.mp4 from Endpoint{id=fwGx, name=Galaxy S8 [2802]} in 16.881s
07-05 17:21:28.562  9272  9524 W mobile-ffmpeg: [mov,mp4,m4a,3gp,3g2,mj2 @ 0x78f36b2400] Found duplicated MOOV Atom. Skipped it
07-05 17:21:28.685  9272  9524 W mobile-ffmpeg: [graph 0 input from stream 0:0 @ 0x78f3655200] sws_param option is deprecated and ignored
07-05 17:21:52.468  9272  9590 W Summariser: No activity detected
07-05 17:21:52.486  9272  9524 W mobile-ffmpeg: [mov,mp4,m4a,3gp,3g2,mj2 @ 0x78f36b2400] Found duplicated MOOV Atom. Skipped it
07-05 17:21:52.603  9272  9590 W Summariser: Summarisation completed
07-05 17:21:52.603  9272  9590 W Summariser:   filename: 20200312_151044.mp4
07-05 17:21:52.603  9272  9590 W Summariser:   active sections: 0
07-05 17:21:52.603  9272  9590 W Summariser:   time: 23.923s
07-05 17:21:52.603  9272  9590 W Summariser:   original duration: 60.02
07-05 17:21:52.603  9272  9590 W Summariser:   summarised duration: -1.00
07-05 17:21:52.603  9272  9590 W Summariser:   noise tolerance: 45.00
07-05 17:21:52.603  9272  9590 W Summariser:   quality: 23
07-05 17:21:52.603  9272  9590 W Summariser:   speed: medium
07-05 17:21:52.603  9272  9590 W Summariser:   freeze duration: 1.00
07-05 17:22:22.801  9272  9272 W NearbyFragment: Completed downloading 20200312_193628.mp4 from Endpoint{id=fwGx, name=Galaxy S8 [2802]} in 16.737s
07-05 17:22:22.867  9272  9524 W mobile-ffmpeg: [mov,mp4,m4a,3gp,3g2,mj2 @ 0x78f36b2400] Found duplicated MOOV Atom. Skipped it
07-05 17:22:23.063  9272  9524 W mobile-ffmpeg: [graph 0 input from stream 0:0 @ 0x78f3655200] sws_param option is deprecated and ignored
07-05 17:22:52.858  9272  9524 W mobile-ffmpeg: [mov,mp4,m4a,3gp,3g2,mj2 @ 0x78f36b2400] Found duplicated MOOV Atom. Skipped it
07-05 17:22:52.978  9272  9645 W Summariser: 1 active sections found
07-05 17:22:52.994  9272  9524 W mobile-ffmpeg: [mov,mp4,m4a,3gp,3g2,mj2 @ 0x78f36b2400] Found duplicated MOOV Atom. Skipped it
07-05 17:22:53.167  9272  9524 W mobile-ffmpeg: [graph 0 input from stream 0:0 @ 0x78f3654cc0] sws_param option is deprecated and ignored
07-05 17:23:35.289  9272  9524 W mobile-ffmpeg: [mov,mp4,m4a,3gp,3g2,mj2 @ 0x78f36b2400] Found duplicated MOOV Atom. Skipped it
07-05 17:23:35.440  9272  9645 W Summariser: Summarisation completed
07-05 17:23:35.440  9272  9645 W Summariser:   filename: 20200312_193628.mp4
07-05 17:23:35.440  9272  9645 W Summariser:   active sections: 1
07-05 17:23:35.440  9272  9645 W Summariser:   time: 72.423s
07-05 17:23:35.440  9272  9645 W Summariser:   original duration: 60.02
07-05 17:23:35.440  9272  9645 W Summariser:   summarised duration: 6.07
07-05 17:23:35.440  9272  9645 W Summariser:   noise tolerance: 45.00
07-05 17:23:35.440  9272  9645 W Summariser:   quality: 23
07-05 17:23:35.440  9272  9645 W Summariser:   speed: medium
07-05 17:23:35.440  9272  9645 W Summariser:   freeze duration: 1.00
07-05 17:23:35.500  9272  9645 W NearbyFragment: Sending 20200312_193628.mp4 to Galaxy S8 [2802]
07-05 17:24:06.040  9272  9272 W NearbyFragment: Completed downloading 20200312_194229.mp4 from Endpoint{id=fwGx, name=Galaxy S8 [2802]} in 17.043s
07-05 17:24:06.091  9272  9524 W mobile-ffmpeg: [mov,mp4,m4a,3gp,3g2,mj2 @ 0x78f36b2400] Found duplicated MOOV Atom. Skipped it
07-05 17:24:06.321  9272  9524 W mobile-ffmpeg: [graph 0 input from stream 0:0 @ 0x78f3654fc0] sws_param option is deprecated and ignored
07-05 17:24:26.954  9272  9524 W mobile-ffmpeg: [mov,mp4,m4a,3gp,3g2,mj2 @ 0x78f36b2400] Found duplicated MOOV Atom. Skipped it
07-05 17:24:27.072  9272  9701 W Summariser: 5 active sections found
07-05 17:24:27.086  9272  9524 W mobile-ffmpeg: [mov,mp4,m4a,3gp,3g2,mj2 @ 0x78f36b2400] Found duplicated MOOV Atom. Skipped it
07-05 17:24:27.249  9272  9524 W mobile-ffmpeg: [graph 0 input from stream 0:0 @ 0x78f36555c0] sws_param option is deprecated and ignored
07-05 17:24:27.250  9272  9524 W mobile-ffmpeg: [graph 0 input from stream 0:0 @ 0x78f3655d40] sws_param option is deprecated and ignored
07-05 17:24:27.250  9272  9524 W mobile-ffmpeg: [graph 0 input from stream 0:0 @ 0x78f3655b00] sws_param option is deprecated and ignored
07-05 17:24:27.250  9272  9524 W mobile-ffmpeg: [graph 0 input from stream 0:0 @ 0x78f3655f80] sws_param option is deprecated and ignored
07-05 17:24:27.250  9272  9524 W mobile-ffmpeg: [graph 0 input from stream 0:0 @ 0x78f3656100] sws_param option is deprecated and ignored
07-05 17:25:44.474  9272  9524 W mobile-ffmpeg: [mov,mp4,m4a,3gp,3g2,mj2 @ 0x78f36b2400] Found duplicated MOOV Atom. Skipped it
07-05 17:25:44.716  9272  9701 W Summariser: Summarisation completed
07-05 17:25:44.716  9272  9701 W Summariser:   filename: 20200312_194229.mp4
07-05 17:25:44.716  9272  9701 W Summariser:   active sections: 5
07-05 17:25:44.716  9272  9701 W Summariser:   time: 98.381s
07-05 17:25:44.716  9272  9701 W Summariser:   original duration: 60.02
07-05 17:25:44.716  9272  9701 W Summariser:   summarised duration: 15.51
07-05 17:25:44.716  9272  9701 W Summariser:   noise tolerance: 45.00
07-05 17:25:44.716  9272  9701 W Summariser:   quality: 23
07-05 17:25:44.716  9272  9701 W Summariser:   speed: medium
07-05 17:25:44.716  9272  9701 W Summariser:   freeze duration: 1.00
07-05 17:25:44.792  9272  9701 W NearbyFragment: Sending 20200312_194229.mp4 to Galaxy S8 [2802]
07-05 17:26:04.620  9272  9272 W NearbyFragment: Completed downloading 20200312_195330.mp4 from Endpoint{id=fwGx, name=Galaxy S8 [2802]} in 16.754s
07-05 17:26:04.682  9272  9524 W mobile-ffmpeg: [mov,mp4,m4a,3gp,3g2,mj2 @ 0x78f366be00] Found duplicated MOOV Atom. Skipped it
07-05 17:26:04.831  9272  9524 W mobile-ffmpeg: [graph 0 input from stream 0:0 @ 0x78f3654fc0] sws_param option is deprecated and ignored
07-05 17:26:35.277  9272  9754 W Summariser: 5 active sections found
07-05 17:26:35.297  9272  9524 W mobile-ffmpeg: [mov,mp4,m4a,3gp,3g2,mj2 @ 0x78f366be00] Found duplicated MOOV Atom. Skipped it
07-05 17:26:35.461  9272  9524 W mobile-ffmpeg: [graph 0 input from stream 0:0 @ 0x78f36555c0] sws_param option is deprecated and ignored
07-05 17:26:35.461  9272  9524 W mobile-ffmpeg: [graph 0 input from stream 0:0 @ 0x78f3655e00] sws_param option is deprecated and ignored
07-05 17:26:35.462  9272  9524 W mobile-ffmpeg: [graph 0 input from stream 0:0 @ 0x78f3655b00] sws_param option is deprecated and ignored
07-05 17:26:35.463  9272  9524 W mobile-ffmpeg: [graph 0 input from stream 0:0 @ 0x78f3655f80] sws_param option is deprecated and ignored
07-05 17:26:35.463  9272  9524 W mobile-ffmpeg: [graph 0 input from stream 0:0 @ 0x78f3656100] sws_param option is deprecated and ignored
07-05 17:28:26.932  9272  9524 W mobile-ffmpeg: [mov,mp4,m4a,3gp,3g2,mj2 @ 0x78f366be00] Found duplicated MOOV Atom. Skipped it
07-05 17:28:27.079  9272  9754 W Summariser: Summarisation completed
07-05 17:28:27.079  9272  9754 W Summariser:   filename: 20200312_195330.mp4
07-05 17:28:27.079  9272  9754 W Summariser:   active sections: 5
07-05 17:28:27.079  9272  9754 W Summariser:   time: 142.252s
07-05 17:28:27.079  9272  9754 W Summariser:   original duration: 60.02
07-05 17:28:27.079  9272  9754 W Summariser:   summarised duration: 23.42
07-05 17:28:27.079  9272  9754 W Summariser:   noise tolerance: 45.00
07-05 17:28:27.079  9272  9754 W Summariser:   quality: 23
07-05 17:28:27.079  9272  9754 W Summariser:   speed: medium
07-05 17:28:27.079  9272  9754 W Summariser:   freeze duration: 1.00
07-05 17:28:27.155  9272  9754 W NearbyFragment: Sending 20200312_195330.mp4 to Galaxy S8 [2802]
