--------- beginning of main
--------- beginning of system
06-28 21:37:13.462  6292  6292 W LogFactory: Truncating log tag length as it exceed 23, the limit imposed by Android on certain API Levels
06-28 21:37:36.408  6292  6292 E TransferService: No notification is passed in the intent. Unable to transition to foreground.
06-28 21:38:54.999  6292  6292 W NearbyFragment: Preferences:
06-28 21:38:54.999  6292  6292 W NearbyFragment:   Auto download: true
06-28 21:38:54.999  6292  6292 W NearbyFragment:   Algorithm: fastest
06-28 21:38:54.999  6292  6292 W NearbyFragment:   Fast scheduling: false
06-28 21:38:54.999  6292  6292 W NearbyFragment:   Segmentation: true
06-28 21:38:54.999  6292  6292 W NearbyFragment:   Auto segmentation: false
06-28 21:38:54.999  6292  6292 W NearbyFragment:   Segment number: 4
06-28 21:38:54.999  6292  6292 W NearbyFragment:   Noise tolerance: 45.00
06-28 21:38:54.999  6292  6292 W NearbyFragment:   Quality: 23
06-28 21:38:54.999  6292  6292 W NearbyFragment:   Speed: medium
06-28 21:38:54.999  6292  6292 W NearbyFragment:   Freeze duration: 1.00
06-28 21:38:54.999  6292  6292 W NearbyFragment: Download delay: 1s
06-28 21:38:55.000  6292  6292 W NearbyFragment: Started downloading from dashcam
06-28 21:39:09.737  6292  6571 W mobile-ffmpeg:
06-28 21:39:09.738  6292  6571 W mobile-ffmpeg: [mov,mp4,m4a,3gp,3g2,mj2 @ 0x6f2ded8200]
06-28 21:39:09.738  6292  6571 W mobile-ffmpeg:
06-28 21:39:09.738  6292  6571 W mobile-ffmpeg: Found duplicated MOOV Atom. Skipped it
06-28 21:39:10.185  6292  6292 W NearbyFragment: Sending 20200312_150643!000.mp4 to Galaxy S8 [2802]
06-28 21:39:10.924  6292  6292 W DashDownloadManager: Successfully downloaded 20200312_150643.mp4 in 15.127s
06-28 21:39:14.461  6292  6292 W NearbyFragment: Sending 20200312_150643!001.mp4 to Galaxy S8 [2802]
06-28 21:39:18.456  6292  6292 W NearbyFragment: Sending 20200312_150643!002.mp4 to Galaxy S8 [2802]
06-28 21:39:22.471  6292  6292 W NearbyFragment: Sending 20200312_150643!003.mp4 to Galaxy S8 [2802]
06-28 21:39:30.008  6292  6571 W mobile-ffmpeg:
06-28 21:39:30.009  6292  6571 W mobile-ffmpeg: [mov,mp4,m4a,3gp,3g2,mj2 @ 0x6f2ded8200]
06-28 21:39:30.009  6292  6571 W mobile-ffmpeg:
06-28 21:39:30.009  6292  6571 W mobile-ffmpeg: Found duplicated MOOV Atom. Skipped it
06-28 21:39:30.724  6292  6292 W NearbyFragment: Sending 20200312_150744!000.mp4 to Galaxy S8 [2802]
06-28 21:39:30.728  6292  6292 W DashDownloadManager: Successfully downloaded 20200312_150744.mp4 in 19.454s
06-28 21:39:34.585  6292  6292 W NearbyFragment: Sending 20200312_150744!001.mp4 to Galaxy S8 [2802]
06-28 21:39:39.295  6292  6292 W NearbyFragment: Sending 20200312_150744!002.mp4 to Galaxy S8 [2802]
06-28 21:39:43.312  6292  6292 W NearbyFragment: Sending 20200312_150744!003.mp4 to Galaxy S8 [2802]
06-28 21:39:49.915  6292  6571 W mobile-ffmpeg:
06-28 21:39:49.916  6292  6571 W mobile-ffmpeg: [mov,mp4,m4a,3gp,3g2,mj2 @ 0x6f2ded8200]
06-28 21:39:49.916  6292  6571 W mobile-ffmpeg:
06-28 21:39:49.916  6292  6571 W mobile-ffmpeg: Found duplicated MOOV Atom. Skipped it
06-28 21:39:50.636  6292  6292 W NearbyFragment: Sending 20200312_150844!000.mp4 to Nexus 5 [1825]
06-28 21:39:50.640  6292  6292 W DashDownloadManager: Successfully downloaded 20200312_150844.mp4 in 18.841s
06-28 21:39:52.101  6292  6292 W NearbyFragment: Sending 20200312_150844!001.mp4 to Galaxy S8 [2802]
06-28 21:39:52.280  6292  6292 W NearbyFragment: Completed downloading 20200312_150744!003.mp4 from Endpoint{id=N2h4, name=Galaxy S8 [2802]} in 00.182s
06-28 21:39:52.442  6292  6292 W FfmpegTools: Single segment returned, duration of 20200312_150744: 4.89
06-28 21:40:01.146  6292  6292 W NearbyFragment: Sending 20200312_150844!002.mp4 to Galaxy S8 [2802]
06-28 21:40:03.638  6292  6292 W NearbyFragment: Completed downloading 20200312_150844!001.mp4 from Endpoint{id=N2h4, name=Galaxy S8 [2802]} in 02.495s
06-28 21:40:04.459  6292  6292 W NearbyFragment: Sending 20200312_150844!003.mp4 to Nexus 5 [1825]
06-28 21:40:10.038  6292  6292 W NearbyFragment: Completed downloading 20200312_150844!002.mp4 from Endpoint{id=N2h4, name=Galaxy S8 [2802]} in 02.782s
06-28 21:40:14.256  6292  6292 W NearbyFragment: Completed downloading 20200312_150844!000.mp4 from Endpoint{id=5EvQ, name=Nexus 5 [1825]} in 09.799s
06-28 21:40:17.931  6292  6292 W NearbyFragment: Completed downloading 20200312_150844!003.mp4 from Endpoint{id=5EvQ, name=Nexus 5 [1825]} in 02.898s
06-28 21:40:19.628  6292  6292 W FfmpegTools: Merged duration of 20200312_150844: 60.08
06-28 21:40:22.601  6292  6571 W mobile-ffmpeg:
06-28 21:40:22.601  6292  6571 W mobile-ffmpeg: [mov,mp4,m4a,3gp,3g2,mj2 @ 0x6f2ded8200]
06-28 21:40:22.602  6292  6571 W mobile-ffmpeg:
06-28 21:40:22.602  6292  6571 W mobile-ffmpeg: Found duplicated MOOV Atom. Skipped it
06-28 21:40:23.295  6292  6292 W NearbyFragment: Sending 20200312_150944!000.mp4 to Galaxy S8 [2802]
06-28 21:40:23.300  6292  6292 W DashDownloadManager: Successfully downloaded 20200312_150944.mp4 in 31.563s
06-28 21:40:34.146  6292  6292 W NearbyFragment: Sending 20200312_150944!001.mp4 to Galaxy S8 [2802]
06-28 21:40:34.554  6292  6292 W NearbyFragment: Completed downloading 20200312_150944!000.mp4 from Endpoint{id=N2h4, name=Galaxy S8 [2802]} in 00.415s
06-28 21:40:38.624  6292  6292 W NearbyFragment: Sending 20200312_150944!002.mp4 to Galaxy S8 [2802]
06-28 21:40:42.042  6292  6571 W mobile-ffmpeg:
06-28 21:40:42.042  6292  6571 W mobile-ffmpeg: [mov,mp4,m4a,3gp,3g2,mj2 @ 0x6f2ded8200]
06-28 21:40:42.042  6292  6571 W mobile-ffmpeg:
06-28 21:40:42.042  6292  6571 W mobile-ffmpeg: Found duplicated MOOV Atom. Skipped it
06-28 21:40:43.335  6292  6292 W NearbyFragment: Sending 20200312_150944!003.mp4 to Nexus 5 [1825]
06-28 21:40:43.338  6292  6292 W DashDownloadManager: Successfully downloaded 20200312_151044.mp4 in 18.967s
06-28 21:40:43.345  6292  6292 W NearbyFragment: Sending 20200312_151044!000.mp4 to Galaxy S8 [2802]
06-28 21:40:49.715  6292  6292 W NearbyFragment: Sending 20200312_151044!001.mp4 to Galaxy S8 [2802]
06-28 21:40:50.067  6292  6292 W FfmpegTools: Single segment returned, duration of 20200312_150944: 7.07
06-28 21:40:50.211  6292  6292 W NearbyFragment: Sending 20200312_151044!002.mp4 to Nexus 5 [1825]
06-28 21:40:54.161  6292  6292 W NearbyFragment: Sending 20200312_151044!003.mp4 to Galaxy S8 [2802]
06-28 21:41:07.044  6292  6571 W mobile-ffmpeg:
06-28 21:41:07.045  6292  6571 W mobile-ffmpeg: [mov,mp4,m4a,3gp,3g2,mj2 @ 0x6f2ded8200]
06-28 21:41:07.045  6292  6571 W mobile-ffmpeg:
06-28 21:41:07.045  6292  6571 W mobile-ffmpeg: Found duplicated MOOV Atom. Skipped it
06-28 21:41:08.690  6292  6292 W NearbyFragment: Sending 20200312_193528!000.mp4 to Galaxy S8 [2802]
06-28 21:41:08.695  6292  6292 W DashDownloadManager: Successfully downloaded 20200312_193528.mp4 in 24.279s
06-28 21:41:12.830  6292  6292 W NearbyFragment: Sending 20200312_193528!001.mp4 to Galaxy S8 [2802]
06-28 21:41:16.964  6292  6292 W NearbyFragment: Sending 20200312_193528!002.mp4 to Galaxy S8 [2802]
06-28 21:41:20.858  6292  6292 W NearbyFragment: Sending 20200312_193528!003.mp4 to Galaxy S8 [2802]
06-28 21:41:28.308  6292  6571 W mobile-ffmpeg:
06-28 21:41:28.308  6292  6571 W mobile-ffmpeg: [mov,mp4,m4a,3gp,3g2,mj2 @ 0x6f2ded8200]
06-28 21:41:28.308  6292  6571 W mobile-ffmpeg:
06-28 21:41:28.308  6292  6571 W mobile-ffmpeg: Found duplicated MOOV Atom. Skipped it
06-28 21:41:29.365  6292  6292 W NearbyFragment: Sending 20200312_193628!000.mp4 to Galaxy S8 [2802]
06-28 21:41:29.370  6292  6292 W DashDownloadManager: Successfully downloaded 20200312_193628.mp4 in 19.583s
06-28 21:41:33.657  6292  6292 W NearbyFragment: Sending 20200312_193628!001.mp4 to Galaxy S8 [2802]
06-28 21:41:37.899  6292  6292 W NearbyFragment: Sending 20200312_193628!002.mp4 to Galaxy S8 [2802]
06-28 21:41:41.854  6292  6292 W NearbyFragment: Sending 20200312_193628!003.mp4 to Galaxy S8 [2802]
06-28 21:41:49.816  6292  6571 W mobile-ffmpeg:
06-28 21:41:49.816  6292  6571 W mobile-ffmpeg: [mov,mp4,m4a,3gp,3g2,mj2 @ 0x6f2ded8200]
06-28 21:41:49.816  6292  6571 W mobile-ffmpeg:
06-28 21:41:49.816  6292  6571 W mobile-ffmpeg: Found duplicated MOOV Atom. Skipped it
06-28 21:41:50.826  6292  6292 W NearbyFragment: Sending 20200312_193728!000.mp4 to Nexus 5 [1825]
06-28 21:41:50.831  6292  6292 W DashDownloadManager: Successfully downloaded 20200312_193728.mp4 in 20.400s
06-28 21:41:52.320  6292  6292 W NearbyFragment: Sending 20200312_193728!001.mp4 to Galaxy S8 [2802]
06-28 21:41:52.619  6292  6292 W NearbyFragment: Completed downloading 20200312_193628!003.mp4 from Endpoint{id=N2h4, name=Galaxy S8 [2802]} in 00.306s
06-28 21:41:52.797  6292  6292 W FfmpegTools: Single segment returned, duration of 20200312_193628: 6.16
06-28 21:41:59.998  6292  6292 W NearbyFragment: Sending 20200312_193728!002.mp4 to Galaxy S8 [2802]
06-28 21:42:02.377  6292  6292 W NearbyFragment: Completed downloading 20200312_193728!001.mp4 from Endpoint{id=N2h4, name=Galaxy S8 [2802]} in 02.382s
06-28 21:42:03.529  6292  6292 W NearbyFragment: Sending 20200312_193728!003.mp4 to Nexus 5 [1825]
06-28 21:42:09.726  6292  6292 W NearbyFragment: Completed downloading 20200312_193728!002.mp4 from Endpoint{id=N2h4, name=Galaxy S8 [2802]} in 03.543s
06-28 21:42:10.904  6292  6292 W NearbyFragment: Completed downloading 20200312_193728!000.mp4 from Endpoint{id=5EvQ, name=Nexus 5 [1825]} in 07.378s
06-28 21:42:18.945  6292  6292 W NearbyFragment: Completed downloading 20200312_193728!003.mp4 from Endpoint{id=5EvQ, name=Nexus 5 [1825]} in 02.309s
06-28 21:42:21.780  6292  6292 W FfmpegTools: Merged duration of 20200312_193728: 60.07
06-28 21:42:28.122  6292  6571 W mobile-ffmpeg:
06-28 21:42:28.122  6292  6571 W mobile-ffmpeg: [mov,mp4,m4a,3gp,3g2,mj2 @ 0x6f2ded8200]
06-28 21:42:28.122  6292  6571 W mobile-ffmpeg:
06-28 21:42:28.122  6292  6571 W mobile-ffmpeg: Found duplicated MOOV Atom. Skipped it
06-28 21:42:29.726  6292  6292 W NearbyFragment: Sending 20200312_193828!000.mp4 to Galaxy S8 [2802]
06-28 21:42:29.733  6292  6292 W DashDownloadManager: Successfully downloaded 20200312_193828.mp4 in 37.821s
06-28 21:42:47.765  6292  6571 W mobile-ffmpeg:
06-28 21:42:47.766  6292  6571 W mobile-ffmpeg: [mov,mp4,m4a,3gp,3g2,mj2 @ 0x6f2ded8200]
06-28 21:42:47.766  6292  6571 W mobile-ffmpeg:
06-28 21:42:47.766  6292  6571 W mobile-ffmpeg: Found duplicated MOOV Atom. Skipped it
06-28 21:42:48.744  6292  6292 W NearbyFragment: Sending 20200312_193828!001.mp4 to Nexus 5 [1825]
06-28 21:42:48.747  6292  6292 W DashDownloadManager: Successfully downloaded 20200312_193928.mp4 in 17.956s
06-28 21:42:48.757  6292  6292 W NearbyFragment: Sending 20200312_193828!002.mp4 to Galaxy S8 [2802]
06-28 21:42:48.776  6292  6292 W NearbyFragment: Completed downloading 20200312_193828!000.mp4 from Endpoint{id=N2h4, name=Galaxy S8 [2802]} in 00.022s
06-28 21:42:56.766  6292  6292 W NearbyFragment: Sending 20200312_193828!003.mp4 to Galaxy S8 [2802]
06-28 21:42:59.402  6292  6292 W NearbyFragment: Sending 20200312_193928!000.mp4 to Nexus 5 [1825]
06-28 21:42:59.847  6292  6292 W FfmpegTools: Single segment returned, duration of 20200312_193828: 14.28
06-28 21:43:00.093  6292  6292 W NearbyFragment: Sending 20200312_193928!001.mp4 to Galaxy S8 [2802]
06-28 21:43:07.690  6292  6292 W NearbyFragment: Sending 20200312_193928!002.mp4 to Galaxy S8 [2802]
06-28 21:43:09.824  6292  6292 W NearbyFragment: Sending 20200312_193928!003.mp4 to Nexus 5 [1825]
06-28 21:43:20.225  6292  6571 W mobile-ffmpeg:
06-28 21:43:20.226  6292  6571 W mobile-ffmpeg: [mov,mp4,m4a,3gp,3g2,mj2 @ 0x6f2ded8200]
06-28 21:43:20.226  6292  6571 W mobile-ffmpeg:
06-28 21:43:20.226  6292  6571 W mobile-ffmpeg: Found duplicated MOOV Atom. Skipped it
06-28 21:43:21.140  6292  6292 W NearbyFragment: Sending 20200312_194129!000.mp4 to Galaxy S8 [2802]
06-28 21:43:21.143  6292  6292 W DashDownloadManager: Successfully downloaded 20200312_194129.mp4 in 31.328s
06-28 21:43:29.688  6292  6292 W NearbyFragment: Sending 20200312_194129!001.mp4 to Galaxy S8 [2802]
06-28 21:43:38.436  6292  6292 W NearbyFragment: Sending 20200312_194129!002.mp4 to Galaxy S8 [2802]
06-28 21:43:38.567  6292  6292 W NearbyFragment: Completed downloading 20200312_194129!001.mp4 from Endpoint{id=N2h4, name=Galaxy S8 [2802]} in 00.134s
06-28 21:43:44.506  6292  6571 W mobile-ffmpeg:
06-28 21:43:44.506  6292  6571 W mobile-ffmpeg: [mov,mp4,m4a,3gp,3g2,mj2 @ 0x6f2ded8200]
06-28 21:43:44.507  6292  6571 W mobile-ffmpeg:
06-28 21:43:44.507  6292  6571 W mobile-ffmpeg: Found duplicated MOOV Atom. Skipped it
06-28 21:43:45.688  6292  6292 W NearbyFragment: Sending 20200312_194129!003.mp4 to Nexus 5 [1825]
06-28 21:43:45.694  6292  6292 W DashDownloadManager: Successfully downloaded 20200312_194229.mp4 in 23.452s
06-28 21:43:49.285  6292  6292 W NearbyFragment: Sending 20200312_194229!000.mp4 to Galaxy S8 [2802]
06-28 21:43:49.507  6292  6292 W NearbyFragment: Completed downloading 20200312_194129!002.mp4 from Endpoint{id=N2h4, name=Galaxy S8 [2802]} in 00.227s
06-28 21:43:55.230  6292  6292 W NearbyFragment: Sending 20200312_194229!001.mp4 to Nexus 5 [1825]
06-28 21:43:55.319  6292  6292 W NearbyFragment: Completed downloading 20200312_194129!003.mp4 from Endpoint{id=5EvQ, name=Nexus 5 [1825]} in 00.094s
06-28 21:43:55.723  6292  6292 W FfmpegTools: Merged duration of 20200312_194129: 11.04
06-28 21:44:00.295  6292  6292 W NearbyFragment: Sending 20200312_194229!002.mp4 to Galaxy S8 [2802]
06-28 21:44:00.633  6292  6292 W NearbyFragment: Completed downloading 20200312_194229!000.mp4 from Endpoint{id=N2h4, name=Galaxy S8 [2802]} in 00.345s
06-28 21:44:04.833  6292  6292 W NearbyFragment: Sending 20200312_194229!003.mp4 to Galaxy S8 [2802]
06-28 21:44:12.663  6292  6571 W mobile-ffmpeg:
06-28 21:44:12.663  6292  6571 W mobile-ffmpeg: [mov,mp4,m4a,3gp,3g2,mj2 @ 0x6f2ded8200]
06-28 21:44:12.664  6292  6571 W mobile-ffmpeg:
06-28 21:44:12.664  6292  6571 W mobile-ffmpeg: Found duplicated MOOV Atom. Skipped it
06-28 21:44:13.615  6292  6292 W NearbyFragment: Sending 20200312_194330!000.mp4 to Galaxy S8 [2802]
06-28 21:44:13.619  6292  6292 W DashDownloadManager: Successfully downloaded 20200312_194330.mp4 in 26.851s
06-28 21:44:17.653  6292  6292 W NearbyFragment: Sending 20200312_194330!001.mp4 to Galaxy S8 [2802]
06-28 21:44:21.614  6292  6292 W NearbyFragment: Sending 20200312_194330!002.mp4 to Galaxy S8 [2802]
06-28 21:44:25.642  6292  6292 W NearbyFragment: Sending 20200312_194330!003.mp4 to Galaxy S8 [2802]
06-28 21:44:31.224  6292  6292 W NearbyFragment: Completed downloading 20200312_194229!001.mp4 from Endpoint{id=5EvQ, name=Nexus 5 [1825]} in 00.688s
06-28 21:44:31.740  6292  6292 W FfmpegTools: Merged duration of 20200312_194229: 14.35
06-28 21:44:36.213  6292  6571 W mobile-ffmpeg:
06-28 21:44:36.213  6292  6571 W mobile-ffmpeg: [mov,mp4,m4a,3gp,3g2,mj2 @ 0x6f2ded8200]
06-28 21:44:36.213  6292  6571 W mobile-ffmpeg:
06-28 21:44:36.213  6292  6571 W mobile-ffmpeg: Found duplicated MOOV Atom. Skipped it
06-28 21:44:37.161  6292  6292 W NearbyFragment: Sending 20200312_194730!000.mp4 to Galaxy S8 [2802]
06-28 21:44:37.165  6292  6292 W DashDownloadManager: Successfully downloaded 20200312_194730.mp4 in 22.461s
06-28 21:44:44.480  6292  6292 W NearbyFragment: Sending 20200312_194730!001.mp4 to Galaxy S8 [2802]
06-28 21:44:49.067  6292  6292 W NearbyFragment: Sending 20200312_194730!002.mp4 to Galaxy S8 [2802]
06-28 21:44:53.329  6292  6292 W NearbyFragment: Sending 20200312_194730!003.mp4 to Galaxy S8 [2802]
06-28 21:45:00.466  6292  6571 W mobile-ffmpeg:
06-28 21:45:00.467  6292  6571 W mobile-ffmpeg: [mov,mp4,m4a,3gp,3g2,mj2 @ 0x6f2ded8200]
06-28 21:45:00.467  6292  6571 W mobile-ffmpeg:
06-28 21:45:00.467  6292  6571 W mobile-ffmpeg: Found duplicated MOOV Atom. Skipped it
06-28 21:45:02.121  6292  6292 W NearbyFragment: Sending 20200312_194830!000.mp4 to Galaxy S8 [2802]
06-28 21:45:02.126  6292  6292 W DashDownloadManager: Successfully downloaded 20200312_194830.mp4 in 23.891s
06-28 21:45:11.337  6292  6292 W NearbyFragment: Sending 20200312_194830!001.mp4 to Galaxy S8 [2802]
06-28 21:45:11.546  6292  6292 W NearbyFragment: Completed downloading 20200312_194830!000.mp4 from Endpoint{id=N2h4, name=Galaxy S8 [2802]} in 00.215s
06-28 21:45:21.591  6292  6571 W mobile-ffmpeg:
06-28 21:45:21.591  6292  6571 W mobile-ffmpeg: [mov,mp4,m4a,3gp,3g2,mj2 @ 0x6f2ded8200]
06-28 21:45:21.591  6292  6571 W mobile-ffmpeg:
06-28 21:45:21.591  6292  6571 W mobile-ffmpeg: Found duplicated MOOV Atom. Skipped it
06-28 21:45:22.567  6292  6292 W NearbyFragment: Sending 20200312_194830!002.mp4 to Nexus 5 [1825]
06-28 21:45:22.570  6292  6292 W DashDownloadManager: Successfully downloaded 20200312_194930.mp4 in 19.385s
06-28 21:45:24.034  6292  6292 W NearbyFragment: Sending 20200312_194830!003.mp4 to Galaxy S8 [2802]
06-28 21:45:24.345  6292  6292 W NearbyFragment: Completed downloading 20200312_194830!001.mp4 from Endpoint{id=N2h4, name=Galaxy S8 [2802]} in 00.314s
06-28 21:45:29.899  6292  6292 W NearbyFragment: Sending 20200312_194930!000.mp4 to Galaxy S8 [2802]
06-28 21:45:43.623  6292  6292 W NearbyFragment: Sending 20200312_194930!001.mp4 to Galaxy S8 [2802]
06-28 21:45:43.887  6292  6292 W NearbyFragment: Completed downloading 20200312_194930!000.mp4 from Endpoint{id=N2h4, name=Galaxy S8 [2802]} in 00.267s
06-28 21:45:48.377  6292  6571 W mobile-ffmpeg:
06-28 21:45:48.378  6292  6571 W mobile-ffmpeg: [mov,mp4,m4a,3gp,3g2,mj2 @ 0x6f2ded8200]
06-28 21:45:48.378  6292  6571 W mobile-ffmpeg:
06-28 21:45:48.378  6292  6571 W mobile-ffmpeg: Found duplicated MOOV Atom. Skipped it
06-28 21:45:50.336  6292  6292 W NearbyFragment: Sending 20200312_194930!002.mp4 to Galaxy S8 [2802]
06-28 21:45:50.339  6292  6292 W DashDownloadManager: Successfully downloaded 20200312_195230.mp4 in 26.691s
06-28 21:45:51.300  6292  6292 W NearbyFragment: Sending 20200312_194930!003.mp4 to Galaxy S8 [2802]
06-28 21:45:51.384  6292  6292 W NearbyFragment: Completed downloading 20200312_194930!001.mp4 from Endpoint{id=N2h4, name=Galaxy S8 [2802]} in 00.090s
06-28 21:45:54.688  6292  6292 W NearbyFragment: Sending 20200312_195230!000.mp4 to Galaxy S8 [2802]
06-28 21:45:59.689  6292  6292 W NearbyFragment: Sending 20200312_195230!001.mp4 to Nexus 5 [1825]
06-28 21:46:00.097  6292  6292 W NearbyFragment: Completed downloading 20200312_194830!002.mp4 from Endpoint{id=5EvQ, name=Nexus 5 [1825]} in 00.418s
06-28 21:46:00.719  6292  6292 W FfmpegTools: Merged duration of 20200312_194830: 20.90
06-28 21:46:07.598  6292  6292 W NearbyFragment: Sending 20200312_195230!002.mp4 to Galaxy S8 [2802]
06-28 21:46:08.227  6292  6292 W NearbyFragment: Completed downloading 20200312_194930!003.mp4 from Endpoint{id=N2h4, name=Galaxy S8 [2802]} in 00.635s
06-28 21:46:08.823  6292  6292 W FfmpegTools: Merged duration of 20200312_194930: 22.33
06-28 21:46:09.732  6292  6292 W NearbyFragment: Sending 20200312_195230!003.mp4 to Galaxy S8 [2802]
06-28 21:46:16.207  6292  6571 W mobile-ffmpeg:
06-28 21:46:16.207  6292  6571 W mobile-ffmpeg: [mov,mp4,m4a,3gp,3g2,mj2 @ 0x6f2ded8200]
06-28 21:46:16.207  6292  6571 W mobile-ffmpeg:
06-28 21:46:16.207  6292  6571 W mobile-ffmpeg: Found duplicated MOOV Atom. Skipped it
06-28 21:46:17.701  6292  6292 W NearbyFragment: Sending 20200312_195330!000.mp4 to Galaxy S8 [2802]
06-28 21:46:17.705  6292  6292 W DashDownloadManager: Successfully downloaded 20200312_195330.mp4 in 26.292s
06-28 21:46:24.368  6292  6292 W NearbyFragment: Sending 20200312_195330!001.mp4 to Galaxy S8 [2802]
06-28 21:46:24.480  6292  6292 W NearbyFragment: Completed downloading 20200312_195330!000.mp4 from Endpoint{id=N2h4, name=Galaxy S8 [2802]} in 00.117s
06-28 21:46:36.317  6292  6571 W mobile-ffmpeg:
06-28 21:46:36.317  6292  6571 W mobile-ffmpeg: [mov,mp4,m4a,3gp,3g2,mj2 @ 0x6f2ded8200]
06-28 21:46:36.317  6292  6571 W mobile-ffmpeg:
06-28 21:46:36.317  6292  6571 W mobile-ffmpeg: Found duplicated MOOV Atom. Skipped it
06-28 21:46:37.331  6292  6292 W NearbyFragment: Sending 20200312_195330!002.mp4 to Galaxy S8 [2802]
06-28 21:46:37.334  6292  6292 W DashDownloadManager: Successfully downloaded 20200312_195430.mp4 in 18.556s
06-28 21:46:38.355  6292  6554 W NearbyFragment: Stopped downloading from dashcam
06-28 21:46:40.165  6292  6292 W NearbyFragment: Sending 20200312_195330!003.mp4 to Galaxy S8 [2802]
06-28 21:46:40.466  6292  6292 W NearbyFragment: Completed downloading 20200312_195330!001.mp4 from Endpoint{id=N2h4, name=Galaxy S8 [2802]} in 00.311s
06-28 21:46:45.036  6292  6292 W NearbyFragment: Sending 20200312_195430!000.mp4 to Nexus 5 [1825]
06-28 21:46:46.093  6292  6292 W NearbyFragment: Completed downloading 20200312_195230!001.mp4 from Endpoint{id=5EvQ, name=Nexus 5 [1825]} in 01.062s
06-28 21:46:46.312  6292  6292 W FfmpegTools: Single segment returned, duration of 20200312_195230: 6.97
06-28 21:46:51.242  6292  6292 W NearbyFragment: Sending 20200312_195430!001.mp4 to Galaxy S8 [2802]
06-28 21:46:51.482  6292  6292 W NearbyFragment: Completed downloading 20200312_195330!002.mp4 from Endpoint{id=N2h4, name=Galaxy S8 [2802]} in 00.251s
06-28 21:46:57.166  6292  6292 W NearbyFragment: Sending 20200312_195430!002.mp4 to Galaxy S8 [2802]
06-28 21:46:57.245  6292  6292 W NearbyFragment: Completed downloading 20200312_195330!003.mp4 from Endpoint{id=N2h4, name=Galaxy S8 [2802]} in 00.086s
06-28 21:46:57.851  6292  6292 W FfmpegTools: Merged duration of 20200312_195330: 24.63
06-28 21:47:05.762  6292  6292 W NearbyFragment: Sending 20200312_195430!003.mp4 to Galaxy S8 [2802]
06-28 21:47:05.890  6292  6292 W NearbyFragment: Completed downloading 20200312_195430!001.mp4 from Endpoint{id=N2h4, name=Galaxy S8 [2802]} in 00.135s
06-28 21:47:14.162  6292  6292 W NearbyFragment: Completed downloading 20200312_195430!002.mp4 from Endpoint{id=N2h4, name=Galaxy S8 [2802]} in 00.111s
06-28 21:47:19.389  6292  6292 W NearbyFragment: Completed downloading 20200312_195430!000.mp4 from Endpoint{id=5EvQ, name=Nexus 5 [1825]} in 00.128s
06-28 21:47:20.156  6292  6292 W NearbyFragment: Completed downloading 20200312_195430!003.mp4 from Endpoint{id=N2h4, name=Galaxy S8 [2802]} in 00.223s
06-28 21:47:20.672  6292  6292 W FfmpegTools: Merged duration of 20200312_195430: 21.94
