--------- beginning of main
--------- beginning of system
06-28 21:37:17.060  5071  5071 W LogFactory: Truncating log tag length as it exceed 23, the limit imposed by Android on certain API Levels
06-28 21:37:35.530  5071  5071 E TransferService: No notification is passed in the intent. Unable to transition to foreground.
06-28 21:37:35.672  5071  5071 W StaticLayout: maxLineHeight should not be -1.  maxLines:1 lineCount:1
06-28 21:37:35.687  5071  5071 W StaticLayout: maxLineHeight should not be -1.  maxLines:1 lineCount:1
06-28 21:37:35.698  5071  5071 W StaticLayout: maxLineHeight should not be -1.  maxLines:1 lineCount:1
06-28 21:37:35.709  5071  5071 W StaticLayout: maxLineHeight should not be -1.  maxLines:1 lineCount:1
06-28 21:37:35.750  5071  5161 W Adreno-EGL: <qeglDrvAPI_eglGetConfigAttrib:607>: EGL_BAD_ATTRIBUTE
06-28 21:37:35.756  5071  5161 W Adreno-EGL: <qeglDrvAPI_eglGetConfigAttrib:607>: EGL_BAD_ATTRIBUTE
06-28 21:37:35.769  5071  5071 W StaticLayout: maxLineHeight should not be -1.  maxLines:1 lineCount:1
06-28 21:37:35.781  5071  5071 W StaticLayout: maxLineHeight should not be -1.  maxLines:1 lineCount:1
06-28 21:38:06.249  5071  5161 W Adreno-EGL: <qeglDrvAPI_eglGetConfigAttrib:607>: EGL_BAD_ATTRIBUTE
06-28 21:38:11.128  5071  5161 W Adreno-EGL: <qeglDrvAPI_eglGetConfigAttrib:607>: EGL_BAD_ATTRIBUTE
06-28 21:39:56.805  5071  5071 W NearbyFragment: Completed downloading 20200312_150844!000.mp4 from Endpoint{id=jKt9, name=Nexus 5X [34d8]} in 05.629s
06-28 21:40:02.966  5071  5621 W Summariser: Whole video is active
06-28 21:40:04.415  5071  5621 W Summariser: Summarisation completed
06-28 21:40:04.415  5071  5621 W Summariser:   filename: 20200312_150844!000.mp4
06-28 21:40:04.415  5071  5621 W Summariser:   active sections: -1
06-28 21:40:04.415  5071  5621 W Summariser:   time: 07.362s
06-28 21:40:04.415  5071  5621 W Summariser:   original duration: 16.06
06-28 21:40:04.415  5071  5621 W Summariser:   summarised duration: 16.06
06-28 21:40:04.415  5071  5621 W Summariser:   noise tolerance: 45.00
06-28 21:40:04.415  5071  5621 W Summariser:   quality: 23
06-28 21:40:04.415  5071  5621 W Summariser:   speed: medium
06-28 21:40:04.415  5071  5621 W Summariser:   freeze duration: 1.00
06-28 21:40:04.450  5071  5621 W NearbyFragment: Sending 20200312_150844!000.mp4 to Nexus 5X [34d8]
06-28 21:40:09.121  5071  5071 W NearbyFragment: Completed downloading 20200312_150844!003.mp4 from Endpoint{id=jKt9, name=Nexus 5X [34d8]} in 04.618s
06-28 21:40:13.701  5071  5673 W Summariser: Whole video is active
06-28 21:40:14.673  5071  5673 W Summariser: Summarisation completed
06-28 21:40:14.673  5071  5673 W Summariser:   filename: 20200312_150844!003.mp4
06-28 21:40:14.673  5071  5673 W Summariser:   active sections: -1
06-28 21:40:14.673  5071  5673 W Summariser:   time: 05.346s
06-28 21:40:14.673  5071  5673 W Summariser:   original duration: 11.98
06-28 21:40:14.673  5071  5673 W Summariser:   summarised duration: 11.98
06-28 21:40:14.673  5071  5673 W Summariser:   noise tolerance: 45.00
06-28 21:40:14.673  5071  5673 W Summariser:   quality: 23
06-28 21:40:14.673  5071  5673 W Summariser:   speed: medium
06-28 21:40:14.673  5071  5673 W Summariser:   freeze duration: 1.00
06-28 21:40:14.708  5071  5673 W NearbyFragment: Sending 20200312_150844!003.mp4 to Nexus 5X [34d8]
06-28 21:40:45.983  5071  5071 W NearbyFragment: Completed downloading 20200312_150944!003.mp4 from Endpoint{id=jKt9, name=Nexus 5X [34d8]} in 02.559s
06-28 21:40:49.856  5071  5733 W Summariser: No activity detected
06-28 21:40:49.958  5071  5733 W Summariser: Summarisation completed
06-28 21:40:49.958  5071  5733 W Summariser:   filename: 20200312_150944!003.mp4
06-28 21:40:49.958  5071  5733 W Summariser:   active sections: 0
06-28 21:40:49.958  5071  5733 W Summariser:   time: 03.840s
06-28 21:40:49.958  5071  5733 W Summariser:   original duration: 12.01
06-28 21:40:49.958  5071  5733 W Summariser:   noise tolerance: 45.00
06-28 21:40:49.958  5071  5733 W Summariser:   quality: 23
06-28 21:40:49.958  5071  5733 W Summariser:   speed: medium
06-28 21:40:49.958  5071  5733 W Summariser:   freeze duration: 1.00
06-28 21:40:55.999  5071  5071 W NearbyFragment: Completed downloading 20200312_151044!002.mp4 from Endpoint{id=jKt9, name=Nexus 5X [34d8]} in 05.639s
06-28 21:41:02.004  5071  5781 W Summariser: No activity detected
06-28 21:41:02.103  5071  5781 W Summariser: Summarisation completed
06-28 21:41:02.103  5071  5781 W Summariser:   filename: 20200312_151044!002.mp4
06-28 21:41:02.103  5071  5781 W Summariser:   active sections: 0
06-28 21:41:02.103  5071  5781 W Summariser:   time: 05.976s
06-28 21:41:02.103  5071  5781 W Summariser:   original duration: 16.01
06-28 21:41:02.103  5071  5781 W Summariser:   noise tolerance: 45.00
06-28 21:41:02.103  5071  5781 W Summariser:   quality: 23
06-28 21:41:02.103  5071  5781 W Summariser:   speed: medium
06-28 21:41:02.103  5071  5781 W Summariser:   freeze duration: 1.00
06-28 21:41:55.649  5071  5071 W NearbyFragment: Completed downloading 20200312_193728!000.mp4 from Endpoint{id=jKt9, name=Nexus 5X [34d8]} in 04.567s
06-28 21:42:01.715  5071  5837 W Summariser: Whole video is active
06-28 21:42:02.912  5071  5837 W Summariser: Summarisation completed
06-28 21:42:02.912  5071  5837 W Summariser:   filename: 20200312_193728!000.mp4
06-28 21:42:02.912  5071  5837 W Summariser:   active sections: -1
06-28 21:42:02.912  5071  5837 W Summariser:   time: 07.053s
06-28 21:42:02.912  5071  5837 W Summariser:   original duration: 16.06
06-28 21:42:02.912  5071  5837 W Summariser:   summarised duration: 16.06
06-28 21:42:02.912  5071  5837 W Summariser:   noise tolerance: 45.00
06-28 21:42:02.912  5071  5837 W Summariser:   quality: 23
06-28 21:42:02.912  5071  5837 W Summariser:   speed: medium
06-28 21:42:02.912  5071  5837 W Summariser:   freeze duration: 1.00
06-28 21:42:02.934  5071  5837 W NearbyFragment: Sending 20200312_193728!000.mp4 to Nexus 5X [34d8]
06-28 21:42:11.048  5071  5071 W NearbyFragment: Completed downloading 20200312_193728!003.mp4 from Endpoint{id=jKt9, name=Nexus 5X [34d8]} in 07.450s
06-28 21:42:15.610  5071  5912 W Summariser: Whole video is active
06-28 21:42:16.560  5071  5912 W Summariser: Summarisation completed
06-28 21:42:16.560  5071  5912 W Summariser:   filename: 20200312_193728!003.mp4
06-28 21:42:16.560  5071  5912 W Summariser:   active sections: -1
06-28 21:42:16.560  5071  5912 W Summariser:   time: 05.333s
06-28 21:42:16.560  5071  5912 W Summariser:   original duration: 11.98
06-28 21:42:16.560  5071  5912 W Summariser:   summarised duration: 11.98
06-28 21:42:16.560  5071  5912 W Summariser:   noise tolerance: 45.00
06-28 21:42:16.560  5071  5912 W Summariser:   quality: 23
06-28 21:42:16.560  5071  5912 W Summariser:   speed: medium
06-28 21:42:16.560  5071  5912 W Summariser:   freeze duration: 1.00
06-28 21:42:16.577  5071  5912 W NearbyFragment: Sending 20200312_193728!003.mp4 to Nexus 5X [34d8]
06-28 21:42:53.304  5071  5071 W NearbyFragment: Completed downloading 20200312_193828!001.mp4 from Endpoint{id=jKt9, name=Nexus 5X [34d8]} in 04.433s
06-28 21:42:59.275  5071  5967 W Summariser: No activity detected
06-28 21:42:59.368  5071  5967 W Summariser: Summarisation completed
06-28 21:42:59.368  5071  5967 W Summariser:   filename: 20200312_193828!001.mp4
06-28 21:42:59.368  5071  5967 W Summariser:   active sections: 0
06-28 21:42:59.368  5071  5967 W Summariser:   time: 05.940s
06-28 21:42:59.368  5071  5967 W Summariser:   original duration: 16.01
06-28 21:42:59.368  5071  5967 W Summariser:   noise tolerance: 45.00
06-28 21:42:59.368  5071  5967 W Summariser:   quality: 23
06-28 21:42:59.368  5071  5967 W Summariser:   speed: medium
06-28 21:42:59.368  5071  5967 W Summariser:   freeze duration: 1.00
06-28 21:43:03.717  5071  5071 W NearbyFragment: Completed downloading 20200312_193928!000.mp4 from Endpoint{id=jKt9, name=Nexus 5X [34d8]} in 04.243s
06-28 21:43:09.704  5071  6006 W Summariser: No activity detected
06-28 21:43:09.779  5071  6006 W Summariser: Summarisation completed
06-28 21:43:09.779  5071  6006 W Summariser:   filename: 20200312_193928!000.mp4
06-28 21:43:09.779  5071  6006 W Summariser:   active sections: 0
06-28 21:43:09.779  5071  6006 W Summariser:   time: 05.961s
06-28 21:43:09.779  5071  6006 W Summariser:   original duration: 16.90
06-28 21:43:09.779  5071  6006 W Summariser:   noise tolerance: 45.00
06-28 21:43:09.779  5071  6006 W Summariser:   quality: 23
06-28 21:43:09.779  5071  6006 W Summariser:   speed: medium
06-28 21:43:09.779  5071  6006 W Summariser:   freeze duration: 1.00
06-28 21:43:14.517  5071  5071 W NearbyFragment: Completed downloading 20200312_193928!003.mp4 from Endpoint{id=jKt9, name=Nexus 5X [34d8]} in 04.652s
06-28 21:43:19.047  5071  6047 W Summariser: No activity detected
06-28 21:43:19.140  5071  6047 W Summariser: Summarisation completed
06-28 21:43:19.140  5071  6047 W Summariser:   filename: 20200312_193928!003.mp4
06-28 21:43:19.140  5071  6047 W Summariser:   active sections: 0
06-28 21:43:19.140  5071  6047 W Summariser:   time: 04.505s
06-28 21:43:19.140  5071  6047 W Summariser:   original duration: 12.01
06-28 21:43:19.140  5071  6047 W Summariser:   noise tolerance: 45.00
06-28 21:43:19.140  5071  6047 W Summariser:   quality: 23
06-28 21:43:19.140  5071  6047 W Summariser:   speed: medium
06-28 21:43:19.140  5071  6047 W Summariser:   freeze duration: 1.00
06-28 21:43:48.879  5071  5071 W NearbyFragment: Completed downloading 20200312_194129!003.mp4 from Endpoint{id=jKt9, name=Nexus 5X [34d8]} in 02.981s
06-28 21:43:52.833  5071  6121 W Summariser: 1 active sections found
06-28 21:43:55.187  5071  6121 W Summariser: Summarisation completed
06-28 21:43:55.187  5071  6121 W Summariser:   filename: 20200312_194129!003.mp4
06-28 21:43:55.187  5071  6121 W Summariser:   active sections: 1
06-28 21:43:55.187  5071  6121 W Summariser:   time: 06.149s
06-28 21:43:55.187  5071  6121 W Summariser:   original duration: 12.03
06-28 21:43:55.187  5071  6121 W Summariser:   summarised duration: 0.70
06-28 21:43:55.187  5071  6121 W Summariser:   noise tolerance: 45.00
06-28 21:43:55.187  5071  6121 W Summariser:   quality: 23
06-28 21:43:55.187  5071  6121 W Summariser:   speed: medium
06-28 21:43:55.187  5071  6121 W Summariser:   freeze duration: 1.00
06-28 21:43:55.202  5071  6121 W NearbyFragment: Sending 20200312_194129!003.mp4 to Nexus 5X [34d8]
06-28 21:43:59.097  5071  5071 W NearbyFragment: Completed downloading 20200312_194229!001.mp4 from Endpoint{id=jKt9, name=Nexus 5X [34d8]} in 03.823s
06-28 21:44:05.221  5071  6193 W Summariser: 2 active sections found
06-28 21:44:30.488  5071  6193 W Summariser: Summarisation completed
06-28 21:44:30.488  5071  6193 W Summariser:   filename: 20200312_194229!001.mp4
06-28 21:44:30.488  5071  6193 W Summariser:   active sections: 2
06-28 21:44:30.488  5071  6193 W Summariser:   time: 31.155s
06-28 21:44:30.488  5071  6193 W Summariser:   original duration: 16.01
06-28 21:44:30.488  5071  6193 W Summariser:   summarised duration: 8.74
06-28 21:44:30.488  5071  6193 W Summariser:   noise tolerance: 45.00
06-28 21:44:30.488  5071  6193 W Summariser:   quality: 23
06-28 21:44:30.488  5071  6193 W Summariser:   speed: medium
06-28 21:44:30.488  5071  6193 W Summariser:   freeze duration: 1.00
06-28 21:44:30.512  5071  6193 W NearbyFragment: Sending 20200312_194229!001.mp4 to Nexus 5X [34d8]
06-28 21:45:27.107  5071  5071 W NearbyFragment: Completed downloading 20200312_194830!002.mp4 from Endpoint{id=jKt9, name=Nexus 5X [34d8]} in 03.968s
06-28 21:45:33.442  5071  6281 W Summariser: 2 active sections found
06-28 21:45:59.572  5071  6281 W Summariser: Summarisation completed
06-28 21:45:59.572  5071  6281 W Summariser:   filename: 20200312_194830!002.mp4
06-28 21:45:59.572  5071  6281 W Summariser:   active sections: 2
06-28 21:45:59.572  5071  6281 W Summariser:   time: 32.184s
06-28 21:45:59.572  5071  6281 W Summariser:   original duration: 16.01
06-28 21:45:59.572  5071  6281 W Summariser:   summarised duration: 8.84
06-28 21:45:59.572  5071  6281 W Summariser:   noise tolerance: 45.00
06-28 21:45:59.572  5071  6281 W Summariser:   quality: 23
06-28 21:45:59.572  5071  6281 W Summariser:   speed: medium
06-28 21:45:59.572  5071  6281 W Summariser:   freeze duration: 1.00
06-28 21:45:59.656  5071  6281 W NearbyFragment: Sending 20200312_194830!002.mp4 to Nexus 5X [34d8]
06-28 21:46:09.249  5071  5071 W NearbyFragment: Completed downloading 20200312_195230!001.mp4 from Endpoint{id=jKt9, name=Nexus 5X [34d8]} in 09.511s
06-28 21:46:17.504  5071  6416 W Summariser: 1 active sections found
06-28 21:46:44.938  5071  6416 W Summariser: Summarisation completed
06-28 21:46:44.938  5071  6416 W Summariser:   filename: 20200312_195230!001.mp4
06-28 21:46:44.938  5071  6416 W Summariser:   active sections: 1
06-28 21:46:44.938  5071  6416 W Summariser:   time: 35.362s
06-28 21:46:44.938  5071  6416 W Summariser:   original duration: 16.01
06-28 21:46:44.938  5071  6416 W Summariser:   summarised duration: 6.97
06-28 21:46:44.938  5071  6416 W Summariser:   noise tolerance: 45.00
06-28 21:46:44.938  5071  6416 W Summariser:   quality: 23
06-28 21:46:44.938  5071  6416 W Summariser:   speed: medium
06-28 21:46:44.938  5071  6416 W Summariser:   freeze duration: 1.00
06-28 21:46:45.020  5071  6416 W NearbyFragment: Sending 20200312_195230!001.mp4 to Nexus 5X [34d8]
06-28 21:46:49.604  5071  5071 W NearbyFragment: Completed downloading 20200312_195430!000.mp4 from Endpoint{id=jKt9, name=Nexus 5X [34d8]} in 04.499s
06-28 21:47:00.607  5071  6530 W Summariser: 1 active sections found
06-28 21:47:19.174  5071  6530 W Summariser: Summarisation completed
06-28 21:47:19.174  5071  6530 W Summariser:   filename: 20200312_195430!000.mp4
06-28 21:47:19.174  5071  6530 W Summariser:   active sections: 1
06-28 21:47:19.174  5071  6530 W Summariser:   time: 29.240s
06-28 21:47:19.174  5071  6530 W Summariser:   original duration: 16.06
06-28 21:47:19.174  5071  6530 W Summariser:   summarised duration: 5.34
06-28 21:47:19.174  5071  6530 W Summariser:   noise tolerance: 45.00
06-28 21:47:19.174  5071  6530 W Summariser:   quality: 23
06-28 21:47:19.174  5071  6530 W Summariser:   speed: medium
06-28 21:47:19.174  5071  6530 W Summariser:   freeze duration: 1.00
06-28 21:47:19.217  5071  6530 W NearbyFragment: Sending 20200312_195430!000.mp4 to Nexus 5X [34d8]
