06-28 21:45:50.955 21651 25806 W Summariser:   quality: 23
06-28 21:45:50.955 21651 25806 W Summariser:   speed: medium
06-28 21:45:50.955 21651 25806 W Summariser:   freeze duration: 1.00
06-28 21:45:50.993 21651 25806 W NearbyFragment: Sending 20200312_194930!001.mp4 to Nexus 5X [34d8]
06-28 21:45:52.229 21651 21651 W NearbyFragment: Completed downloading 20200312_194930!002.mp4 from Endpoint{id=jKt9, name=Nexus 5X [34d8]} in 01.981s
06-28 21:45:53.946 21651 21651 W NearbyFragment: Completed downloading 20200312_194930!003.mp4 from Endpoint{id=jKt9, name=Nexus 5X [34d8]} in 02.600s
06-28 21:45:54.333 21651 25866 W Summariser: No activity detected
06-28 21:45:54.389 21651 25866 W Summariser: Summarisation completed
06-28 21:45:54.389 21651 25866 W Summariser:   filename: 20200312_194930!002.mp4
06-28 21:45:54.389 21651 25866 W Summariser:   active sections: 0
06-28 21:45:54.389 21651 25866 W Summariser:   time: 02.032s
06-28 21:45:54.389 21651 25866 W Summariser:   original duration: 16.01
06-28 21:45:54.389 21651 25866 W Summariser:   noise tolerance: 45.00
06-28 21:45:54.389 21651 25866 W Summariser:   quality: 23
06-28 21:45:54.389 21651 25866 W Summariser:   speed: medium
06-28 21:45:54.389 21651 25866 W Summariser:   freeze duration: 1.00
06-28 21:45:56.005 21651 25866 W Summariser: 1 active sections found
06-28 21:45:56.815 21651 21651 W NearbyFragment: Completed downloading 20200312_195230!000.mp4 from Endpoint{id=jKt9, name=Nexus 5X [34d8]} in 02.361s
06-28 21:46:07.199 21651 25866 W Summariser: Summarisation completed
06-28 21:46:07.199 21651 25866 W Summariser:   filename: 20200312_194930!003.mp4
06-28 21:46:07.199 21651 25866 W Summariser:   active sections: 1
06-28 21:46:07.199 21651 25866 W Summariser:   time: 12.709s
06-28 21:46:07.199 21651 25866 W Summariser:   original duration: 12.01
06-28 21:46:07.199 21651 25866 W Summariser:   summarised duration: 10.95
06-28 21:46:07.199 21651 25866 W Summariser:   noise tolerance: 45.00
06-28 21:46:07.199 21651 25866 W Summariser:   quality: 23
06-28 21:46:07.199 21651 25866 W Summariser:   speed: medium
06-28 21:46:07.199 21651 25866 W Summariser:   freeze duration: 1.00
06-28 21:46:07.248 21651 25866 W NearbyFragment: Sending 20200312_194930!003.mp4 to Nexus 5X [34d8]
06-28 21:46:09.398 21651 25866 W Summariser: No activity detected
06-28 21:46:09.443 21651 25866 W Summariser: Summarisation completed
06-28 21:46:09.443 21651 25866 W Summariser:   filename: 20200312_195230!000.mp4
06-28 21:46:09.443 21651 25866 W Summariser:   active sections: 0
06-28 21:46:09.443 21651 25866 W Summariser:   time: 02.117s
06-28 21:46:09.443 21651 25866 W Summariser:   original duration: 16.07
06-28 21:46:09.443 21651 25866 W Summariser:   noise tolerance: 45.00
06-28 21:46:09.443 21651 25866 W Summariser:   quality: 23
06-28 21:46:09.443 21651 25866 W Summariser:   speed: medium
06-28 21:46:09.443 21651 25866 W Summariser:   freeze duration: 1.00
06-28 21:46:10.509 21651 21651 W NearbyFragment: Completed downloading 20200312_195230!002.mp4 from Endpoint{id=jKt9, name=Nexus 5X [34d8]} in 03.142s
06-28 21:46:11.938 21651 21651 W NearbyFragment: Completed downloading 20200312_195230!003.mp4 from Endpoint{id=jKt9, name=Nexus 5X [34d8]} in 02.076s
06-28 21:46:12.544 21651 25986 W Summariser: No activity detected
06-28 21:46:12.599 21651 25986 W Summariser: Summarisation completed
06-28 21:46:12.599 21651 25986 W Summariser:   filename: 20200312_195230!002.mp4
06-28 21:46:12.599 21651 25986 W Summariser:   active sections: 0
06-28 21:46:12.599 21651 25986 W Summariser:   time: 01.978s
06-28 21:46:12.599 21651 25986 W Summariser:   original duration: 16.01
06-28 21:46:12.599 21651 25986 W Summariser:   noise tolerance: 45.00
06-28 21:46:12.599 21651 25986 W Summariser:   quality: 23
06-28 21:46:12.599 21651 25986 W Summariser:   speed: medium
06-28 21:46:12.599 21651 25986 W Summariser:   freeze duration: 1.00
06-28 21:46:13.991 21651 25986 W Summariser: No activity detected
06-28 21:46:14.037 21651 25986 W Summariser: Summarisation completed
06-28 21:46:14.037 21651 25986 W Summariser:   filename: 20200312_195230!003.mp4
06-28 21:46:14.037 21651 25986 W Summariser:   active sections: 0
06-28 21:46:14.037 21651 25986 W Summariser:   time: 01.388s
06-28 21:46:14.037 21651 25986 W Summariser:   original duration: 12.01
06-28 21:46:14.037 21651 25986 W Summariser:   noise tolerance: 45.00
06-28 21:46:14.037 21651 25986 W Summariser:   quality: 23
06-28 21:46:14.037 21651 25986 W Summariser:   speed: medium
06-28 21:46:14.037 21651 25986 W Summariser:   freeze duration: 1.00
06-28 21:46:19.360 21651 21651 W NearbyFragment: Completed downloading 20200312_195330!000.mp4 from Endpoint{id=jKt9, name=Nexus 5X [34d8]} in 01.803s
06-28 21:46:21.354 21651 26039 W Summariser: 1 active sections found
06-28 21:46:24.027 21651 26039 W Summariser: Summarisation completed
06-28 21:46:24.027 21651 26039 W Summariser:   filename: 20200312_195330!000.mp4
06-28 21:46:24.027 21651 26039 W Summariser:   active sections: 1
06-28 21:46:24.027 21651 26039 W Summariser:   time: 04.516s
06-28 21:46:24.027 21651 26039 W Summariser:   original duration: 16.07
06-28 21:46:24.027 21651 26039 W Summariser:   summarised duration: 1.11
06-28 21:46:24.027 21651 26039 W Summariser:   noise tolerance: 45.00
06-28 21:46:24.027 21651 26039 W Summariser:   quality: 23
06-28 21:46:24.027 21651 26039 W Summariser:   speed: medium
06-28 21:46:24.027 21651 26039 W Summariser:   freeze duration: 1.00
06-28 21:46:24.057 21651 26039 W NearbyFragment: Sending 20200312_195330!000.mp4 to Nexus 5X [34d8]
06-28 21:46:26.576 21651 21651 W NearbyFragment: Completed downloading 20200312_195330!001.mp4 from Endpoint{id=jKt9, name=Nexus 5X [34d8]} in 02.430s
06-28 21:46:28.546 21651 26108 W Summariser: 2 active sections found
06-28 21:46:37.786 21651 21665 W System  : A resource failed to call close. 
06-28 21:46:37.789 21651 21665 W System  : A resource failed to call close. 
06-28 21:46:39.443 21651 21651 W NearbyFragment: Completed downloading 20200312_195330!002.mp4 from Endpoint{id=jKt9, name=Nexus 5X [34d8]} in 02.331s
06-28 21:46:39.816 21651 26108 W Summariser: Summarisation completed
06-28 21:46:39.816 21651 26108 W Summariser:   filename: 20200312_195330!001.mp4
06-28 21:46:39.816 21651 26108 W Summariser:   active sections: 2
06-28 21:46:39.816 21651 26108 W Summariser:   time: 13.094s
06-28 21:46:39.816 21651 26108 W Summariser:   original duration: 16.02
06-28 21:46:39.816 21651 26108 W Summariser:   summarised duration: 10.91
06-28 21:46:39.816 21651 26108 W Summariser:   noise tolerance: 45.00
06-28 21:46:39.816 21651 26108 W Summariser:   quality: 23
06-28 21:46:39.816 21651 26108 W Summariser:   speed: medium
06-28 21:46:39.816 21651 26108 W Summariser:   freeze duration: 1.00
06-28 21:46:39.858 21651 26108 W NearbyFragment: Sending 20200312_195330!001.mp4 to Nexus 5X [34d8]
06-28 21:46:41.896 21651 21651 W NearbyFragment: Completed downloading 20200312_195330!003.mp4 from Endpoint{id=jKt9, name=Nexus 5X [34d8]} in 01.955s
06-28 21:46:42.168 21651 26108 W Summariser: 2 active sections found
06-28 21:46:50.803 21651 26108 W Summariser: Summarisation completed
06-28 21:46:50.803 21651 26108 W Summariser:   filename: 20200312_195330!002.mp4
06-28 21:46:50.803 21651 26108 W Summariser:   active sections: 2
06-28 21:46:50.803 21651 26108 W Summariser:   time: 10.817s
06-28 21:46:50.803 21651 26108 W Summariser:   original duration: 16.01
06-28 21:46:50.803 21651 26108 W Summariser:   summarised duration: 9.07
06-28 21:46:50.803 21651 26108 W Summariser:   noise tolerance: 45.00
06-28 21:46:50.803 21651 26108 W Summariser:   quality: 23
06-28 21:46:50.803 21651 26108 W Summariser:   speed: medium
06-28 21:46:50.803 21651 26108 W Summariser:   freeze duration: 1.00
06-28 21:46:50.928 21651 26108 W NearbyFragment: Sending 20200312_195330!002.mp4 to Nexus 5X [34d8]
06-28 21:46:52.660 21651 26108 W Summariser: 1 active sections found
06-28 21:46:53.152 21651 21651 W NearbyFragment: Completed downloading 20200312_195430!001.mp4 from Endpoint{id=jKt9, name=Nexus 5X [34d8]} in 02.141s
06-28 21:46:56.828 21651 26108 W Summariser: Summarisation completed
06-28 21:46:56.828 21651 26108 W Summariser:   filename: 20200312_195330!003.mp4
06-28 21:46:56.828 21651 26108 W Summariser:   active sections: 1
06-28 21:46:56.828 21651 26108 W Summariser:   time: 05.799s
06-28 21:46:56.828 21651 26108 W Summariser:   original duration: 12.03
06-28 21:46:56.828 21651 26108 W Summariser:   summarised duration: 3.53
06-28 21:46:56.828 21651 26108 W Summariser:   noise tolerance: 45.00
06-28 21:46:56.828 21651 26108 W Summariser:   quality: 23
06-28 21:46:56.828 21651 26108 W Summariser:   speed: medium
06-28 21:46:56.828 21651 26108 W Summariser:   freeze duration: 1.00
06-28 21:46:56.860 21651 26108 W NearbyFragment: Sending 20200312_195330!003.mp4 to Nexus 5X [34d8]
06-28 21:46:59.141 21651 26108 W Summariser: 2 active sections found
06-28 21:46:59.161 21651 21651 W NearbyFragment: Completed downloading 20200312_195430!002.mp4 from Endpoint{id=jKt9, name=Nexus 5X [34d8]} in 02.218s
06-28 21:47:05.435 21651 26108 W Summariser: Summarisation completed
06-28 21:47:05.435 21651 26108 W Summariser:   filename: 20200312_195430!001.mp4
06-28 21:47:05.435 21651 26108 W Summariser:   active sections: 2
06-28 21:47:05.435 21651 26108 W Summariser:   time: 08.467s
06-28 21:47:05.435 21651 26108 W Summariser:   original duration: 16.01
06-28 21:47:05.435 21651 26108 W Summariser:   summarised duration: 5.90
06-28 21:47:05.435 21651 26108 W Summariser:   noise tolerance: 45.00
06-28 21:47:05.435 21651 26108 W Summariser:   quality: 23
06-28 21:47:05.435 21651 26108 W Summariser:   speed: medium
06-28 21:47:05.435 21651 26108 W Summariser:   freeze duration: 1.00
06-28 21:47:05.466 21651 26108 W NearbyFragment: Sending 20200312_195430!001.mp4 to Nexus 5X [34d8]
06-28 21:47:07.456 21651 21651 W NearbyFragment: Completed downloading 20200312_195430!003.mp4 from Endpoint{id=jKt9, name=Nexus 5X [34d8]} in 01.916s
06-28 21:47:07.748 21651 26108 W Summariser: 2 active sections found
06-28 21:47:13.700 21651 26108 W Summariser: Summarisation completed
06-28 21:47:13.700 21651 26108 W Summariser:   filename: 20200312_195430!002.mp4
06-28 21:47:13.700 21651 26108 W Summariser:   active sections: 2
06-28 21:47:13.700 21651 26108 W Summariser:   time: 08.113s
06-28 21:47:13.700 21651 26108 W Summariser:   original duration: 16.01
06-28 21:47:13.700 21651 26108 W Summariser:   summarised duration: 6.17
06-28 21:47:13.700 21651 26108 W Summariser:   noise tolerance: 45.00
06-28 21:47:13.700 21651 26108 W Summariser:   quality: 23
06-28 21:47:13.700 21651 26108 W Summariser:   speed: medium
06-28 21:47:13.700 21651 26108 W Summariser:   freeze duration: 1.00
06-28 21:47:13.761 21651 26108 W NearbyFragment: Sending 20200312_195430!002.mp4 to Nexus 5X [34d8]
06-28 21:47:15.299 21651 26108 W Summariser: 1 active sections found
06-28 21:47:19.599 21651 26108 W Summariser: Summarisation completed
06-28 21:47:19.599 21651 26108 W Summariser:   filename: 20200312_195430!003.mp4
06-28 21:47:19.599 21651 26108 W Summariser:   active sections: 1
06-28 21:47:19.599 21651 26108 W Summariser:   time: 05.727s
06-28 21:47:19.599 21651 26108 W Summariser:   original duration: 11.98
06-28 21:47:19.599 21651 26108 W Summariser:   summarised duration: 4.54
06-28 21:47:19.599 21651 26108 W Summariser:   noise tolerance: 45.00
06-28 21:47:19.599 21651 26108 W Summariser:   quality: 23
06-28 21:47:19.599 21651 26108 W Summariser:   speed: medium
06-28 21:47:19.599 21651 26108 W Summariser:   freeze duration: 1.00
06-28 21:47:19.628 21651 26108 W NearbyFragment: Sending 20200312_195430!003.mp4 to Nexus 5X [34d8]
