--------- beginning of main
06-28 21:37:14.167 21651 21651 E Zygote  : isWhitelistProcess - Process is Whitelisted
06-28 21:37:14.180 21651 21651 E Zygote  : accessInfo : 1
06-28 21:37:16.349 21651 21651 W LogFactory: Truncating log tag length as it exceed 23, the limit imposed by Android on certain API Levels
06-28 21:37:36.430 21651 21651 W ActivityThread: handleWindowVisibility: no activity for token android.os.BinderProxy@ab2112b
06-28 21:37:36.511 21651 21651 W example.edgesu: Accessing hidden method Landroid/graphics/drawable/Drawable;->getOpticalInsets()Landroid/graphics/Insets; (light greylist, linking)
06-28 21:37:36.511 21651 21651 W example.edgesu: Accessing hidden field Landroid/graphics/Insets;->left:I (light greylist, linking)
06-28 21:37:36.511 21651 21651 W example.edgesu: Accessing hidden field Landroid/graphics/Insets;->right:I (light greylist, linking)
06-28 21:37:36.511 21651 21651 W example.edgesu: Accessing hidden field Landroid/graphics/Insets;->top:I (light greylist, linking)
06-28 21:37:36.512 21651 21651 W example.edgesu: Accessing hidden field Landroid/graphics/Insets;->bottom:I (light greylist, linking)
06-28 21:37:36.566 21651 21651 W example.edgesu: Accessing hidden method Landroid/view/View;->computeFitSystemWindows(Landroid/graphics/Rect;Landroid/graphics/Rect;)Z (light greylist, reflection)
06-28 21:37:36.567 21651 21651 W example.edgesu: Accessing hidden method Landroid/view/ViewGroup;->makeOptionalFitsSystemWindows()V (light greylist, reflection)
06-28 21:37:36.672 21651 21651 W example.edgesu: Accessing hidden method Landroid/widget/TextView;->getTextDirectionHeuristic()Landroid/text/TextDirectionHeuristic; (light greylist, linking)
06-28 21:37:36.681 21651 21651 W example.edgesu: Accessing hidden field Landroid/view/View;->mAccessibilityDelegate:Landroid/view/View$AccessibilityDelegate; (light greylist, reflection)
06-28 21:37:37.015 21651 21651 E TransferService: No notification is passed in the intent. Unable to transition to foreground.
06-28 21:37:37.062 21651 21651 W StaticLayout: maxLineHeight should not be -1.  maxLines:1 lineCount:1
06-28 21:37:37.071 21651 21651 W StaticLayout: maxLineHeight should not be -1.  maxLines:1 lineCount:1
06-28 21:37:37.075 21651 21651 W StaticLayout: maxLineHeight should not be -1.  maxLines:1 lineCount:1
06-28 21:37:37.079 21651 21651 W StaticLayout: maxLineHeight should not be -1.  maxLines:1 lineCount:1
06-28 21:37:37.097 21651 21651 W StaticLayout: maxLineHeight should not be -1.  maxLines:1 lineCount:1
06-28 21:37:37.101 21651 21651 W StaticLayout: maxLineHeight should not be -1.  maxLines:1 lineCount:1
06-28 21:37:51.525 21651 21651 W example.edgesu: Accessing hidden method Landroid/graphics/FontFamily;-><init>()V (light greylist, reflection)
06-28 21:37:51.525 21651 21651 W example.edgesu: Accessing hidden method Landroid/graphics/FontFamily;->addFontFromAssetManager(Landroid/content/res/AssetManager;Ljava/lang/String;IZIII[Landroid/graphics/fonts/FontVariationAxis;)Z (light greylist, reflection)
06-28 21:37:51.525 21651 21651 W example.edgesu: Accessing hidden method Landroid/graphics/FontFamily;->addFontFromBuffer(Ljava/nio/ByteBuffer;I[Landroid/graphics/fonts/FontVariationAxis;II)Z (light greylist, reflection)
06-28 21:37:51.525 21651 21651 W example.edgesu: Accessing hidden method Landroid/graphics/FontFamily;->freeze()Z (light greylist, reflection)
06-28 21:37:51.526 21651 21651 W example.edgesu: Accessing hidden method Landroid/graphics/FontFamily;->abortCreation()V (light greylist, reflection)
06-28 21:37:51.526 21651 21651 W example.edgesu: Accessing hidden method Landroid/graphics/Typeface;->createFromFamiliesWithDefault([Landroid/graphics/FontFamily;Ljava/lang/String;II)Landroid/graphics/Typeface; (light greylist, reflection)
06-28 21:37:59.317 21651 21805 W libEGL  : EGLNativeWindowType 0x778edb7010 disconnect failed
06-28 21:38:05.085 21651 21805 W libEGL  : EGLNativeWindowType 0x778edb7010 disconnect failed
06-28 21:38:05.171 21651 21651 E ViewRootImpl: sendUserActionEvent() returned.
06-28 21:39:11.974 21651 21651 W NearbyFragment: Completed downloading 20200312_150643!000.mp4 from Endpoint{id=jKt9, name=Nexus 5X [34d8]} in 01.724s
06-28 21:39:14.017 21651 23798 W Summariser: No activity detected
06-28 21:39:14.071 21651 23798 W Summariser: Summarisation completed
06-28 21:39:14.071 21651 23798 W Summariser:   filename: 20200312_150643!000.mp4
06-28 21:39:14.071 21651 23798 W Summariser:   active sections: 0
06-28 21:39:14.071 21651 23798 W Summariser:   time: 01.945s
06-28 21:39:14.071 21651 23798 W Summariser:   original duration: 16.07
06-28 21:39:14.071 21651 23798 W Summariser:   noise tolerance: 45.00
06-28 21:39:14.071 21651 23798 W Summariser:   quality: 23
06-28 21:39:14.071 21651 23798 W Summariser:   speed: medium
06-28 21:39:14.071 21651 23798 W Summariser:   freeze duration: 1.00
06-28 21:39:16.161 21651 21651 W NearbyFragment: Completed downloading 20200312_150643!001.mp4 from Endpoint{id=jKt9, name=Nexus 5X [34d8]} in 01.932s
06-28 21:39:18.076 21651 23831 W Summariser: No activity detected
06-28 21:39:18.136 21651 23831 W Summariser: Summarisation completed
06-28 21:39:18.136 21651 23831 W Summariser:   filename: 20200312_150643!001.mp4
06-28 21:39:18.136 21651 23831 W Summariser:   active sections: 0
06-28 21:39:18.136 21651 23831 W Summariser:   time: 01.858s
06-28 21:39:18.136 21651 23831 W Summariser:   original duration: 16.01
06-28 21:39:18.136 21651 23831 W Summariser:   noise tolerance: 45.00
06-28 21:39:18.136 21651 23831 W Summariser:   quality: 23
06-28 21:39:18.136 21651 23831 W Summariser:   speed: medium
06-28 21:39:18.136 21651 23831 W Summariser:   freeze duration: 1.00
06-28 21:39:20.177 21651 21651 W NearbyFragment: Completed downloading 20200312_150643!002.mp4 from Endpoint{id=jKt9, name=Nexus 5X [34d8]} in 01.958s
06-28 21:39:22.119 21651 23861 W Summariser: No activity detected
06-28 21:39:22.179 21651 23861 W Summariser: Summarisation completed
06-28 21:39:22.179 21651 23861 W Summariser:   filename: 20200312_150643!002.mp4
06-28 21:39:22.179 21651 23861 W Summariser:   active sections: 0
06-28 21:39:22.179 21651 23861 W Summariser:   time: 01.894s
06-28 21:39:22.179 21651 23861 W Summariser:   original duration: 16.01
06-28 21:39:22.179 21651 23861 W Summariser:   noise tolerance: 45.00
06-28 21:39:22.179 21651 23861 W Summariser:   quality: 23
06-28 21:39:22.179 21651 23861 W Summariser:   speed: medium
06-28 21:39:22.179 21651 23861 W Summariser:   freeze duration: 1.00
06-28 21:39:23.598 21651 21651 W NearbyFragment: Completed downloading 20200312_150643!003.mp4 from Endpoint{id=jKt9, name=Nexus 5X [34d8]} in 01.247s
06-28 21:39:25.103 21651 23891 W Summariser: No activity detected
06-28 21:39:25.150 21651 23891 W Summariser: Summarisation completed
06-28 21:39:25.150 21651 23891 W Summariser:   filename: 20200312_150643!003.mp4
06-28 21:39:25.150 21651 23891 W Summariser:   active sections: 0
06-28 21:39:25.150 21651 23891 W Summariser:   time: 01.429s
06-28 21:39:25.150 21651 23891 W Summariser:   original duration: 12.01
06-28 21:39:25.150 21651 23891 W Summariser:   noise tolerance: 45.00
06-28 21:39:25.150 21651 23891 W Summariser:   quality: 23
06-28 21:39:25.150 21651 23891 W Summariser:   speed: medium
06-28 21:39:25.150 21651 23891 W Summariser:   freeze duration: 1.00
06-28 21:39:32.286 21651 21651 W NearbyFragment: Completed downloading 20200312_150744!000.mp4 from Endpoint{id=jKt9, name=Nexus 5X [34d8]} in 01.770s
06-28 21:39:34.234 21651 23920 W Summariser: No activity detected
06-28 21:39:34.282 21651 23920 W Summariser: Summarisation completed
06-28 21:39:34.282 21651 23920 W Summariser:   filename: 20200312_150744!000.mp4
06-28 21:39:34.282 21651 23920 W Summariser:   active sections: 0
06-28 21:39:34.282 21651 23920 W Summariser:   time: 01.828s
06-28 21:39:34.282 21651 23920 W Summariser:   original duration: 16.07
06-28 21:39:34.282 21651 23920 W Summariser:   noise tolerance: 45.00
06-28 21:39:34.282 21651 23920 W Summariser:   quality: 23
06-28 21:39:34.282 21651 23920 W Summariser:   speed: medium
06-28 21:39:34.282 21651 23920 W Summariser:   freeze duration: 1.00
06-28 21:39:34.637 21651 21665 W System  : A resource failed to call close. 
06-28 21:39:34.639 21651 21665 W System  : A resource failed to call close. 
06-28 21:39:36.768 21651 21651 W NearbyFragment: Completed downloading 20200312_150744!001.mp4 from Endpoint{id=jKt9, name=Nexus 5X [34d8]} in 02.418s
06-28 21:39:38.728 21651 23952 W Summariser: No activity detected
06-28 21:39:38.789 21651 23952 W Summariser: Summarisation completed
06-28 21:39:38.789 21651 23952 W Summariser:   filename: 20200312_150744!001.mp4
06-28 21:39:38.789 21651 23952 W Summariser:   active sections: 0
06-28 21:39:38.789 21651 23952 W Summariser:   time: 01.874s
06-28 21:39:38.789 21651 23952 W Summariser:   original duration: 16.02
06-28 21:39:38.789 21651 23952 W Summariser:   noise tolerance: 45.00
06-28 21:39:38.789 21651 23952 W Summariser:   quality: 23
06-28 21:39:38.789 21651 23952 W Summariser:   speed: medium
06-28 21:39:38.789 21651 23952 W Summariser:   freeze duration: 1.00
06-28 21:39:40.999 21651 21651 W NearbyFragment: Completed downloading 20200312_150744!002.mp4 from Endpoint{id=jKt9, name=Nexus 5X [34d8]} in 01.932s
06-28 21:39:42.872 21651 23985 W Summariser: No activity detected
06-28 21:39:42.931 21651 23985 W Summariser: Summarisation completed
06-28 21:39:42.931 21651 23985 W Summariser:   filename: 20200312_150744!002.mp4
06-28 21:39:42.931 21651 23985 W Summariser:   active sections: 0
06-28 21:39:42.931 21651 23985 W Summariser:   time: 01.827s
06-28 21:39:42.931 21651 23985 W Summariser:   original duration: 16.01
06-28 21:39:42.931 21651 23985 W Summariser:   noise tolerance: 45.00
06-28 21:39:42.931 21651 23985 W Summariser:   quality: 23
06-28 21:39:42.931 21651 23985 W Summariser:   speed: medium
06-28 21:39:42.931 21651 23985 W Summariser:   freeze duration: 1.00
06-28 21:39:44.418 21651 21651 W NearbyFragment: Completed downloading 20200312_150744!003.mp4 from Endpoint{id=jKt9, name=Nexus 5X [34d8]} in 01.327s
06-28 21:39:45.988 21651 24019 W Summariser: 1 active sections found
06-28 21:39:51.607 21651 24019 W Summariser: Summarisation completed
06-28 21:39:51.607 21651 24019 W Summariser:   filename: 20200312_150744!003.mp4
06-28 21:39:51.607 21651 24019 W Summariser:   active sections: 1
06-28 21:39:51.607 21651 24019 W Summariser:   time: 07.006s
06-28 21:39:51.607 21651 24019 W Summariser:   original duration: 12.03
06-28 21:39:51.607 21651 24019 W Summariser:   summarised duration: 4.89
06-28 21:39:51.607 21651 24019 W Summariser:   noise tolerance: 45.00
06-28 21:39:51.607 21651 24019 W Summariser:   quality: 23
06-28 21:39:51.607 21651 24019 W Summariser:   speed: medium
06-28 21:39:51.607 21651 24019 W Summariser:   freeze duration: 1.00
06-28 21:39:51.712 21651 24019 W NearbyFragment: Sending 20200312_150744!003.mp4 to Nexus 5X [34d8]
06-28 21:39:58.313 21651 21651 W NearbyFragment: Completed downloading 20200312_150844!001.mp4 from Endpoint{id=jKt9, name=Nexus 5X [34d8]} in 06.435s
06-28 21:40:00.256 21651 24084 W Summariser: Whole video is active
06-28 21:40:00.823 21651 24084 W Summariser: Summarisation completed
06-28 21:40:00.823 21651 24084 W Summariser:   filename: 20200312_150844!001.mp4
06-28 21:40:00.823 21651 24084 W Summariser:   active sections: -1
06-28 21:40:00.823 21651 24084 W Summariser:   time: 02.333s
06-28 21:40:00.823 21651 24084 W Summariser:   original duration: 16.01
06-28 21:40:00.823 21651 24084 W Summariser:   summarised duration: 16.01
06-28 21:40:00.823 21651 24084 W Summariser:   noise tolerance: 45.00
06-28 21:40:00.823 21651 24084 W Summariser:   quality: 23
06-28 21:40:00.823 21651 24084 W Summariser:   speed: medium
06-28 21:40:00.823 21651 24084 W Summariser:   freeze duration: 1.00
06-28 21:40:00.854 21651 24084 W NearbyFragment: Sending 20200312_150844!001.mp4 to Nexus 5X [34d8]
06-28 21:40:04.180 21651 21651 W NearbyFragment: Completed downloading 20200312_150844!002.mp4 from Endpoint{id=jKt9, name=Nexus 5X [34d8]} in 03.268s
06-28 21:40:06.122 21651 24113 W Summariser: Whole video is active
06-28 21:40:06.671 21651 24113 W Summariser: Summarisation completed
06-28 21:40:06.671 21651 24113 W Summariser:   filename: 20200312_150844!002.mp4
06-28 21:40:06.671 21651 24113 W Summariser:   active sections: -1
06-28 21:40:06.671 21651 24113 W Summariser:   time: 02.243s
06-28 21:40:06.671 21651 24113 W Summariser:   original duration: 16.01
06-28 21:40:06.671 21651 24113 W Summariser:   summarised duration: 16.01
06-28 21:40:06.671 21651 24113 W Summariser:   noise tolerance: 45.00
06-28 21:40:06.671 21651 24113 W Summariser:   quality: 23
06-28 21:40:06.671 21651 24113 W Summariser:   speed: medium
06-28 21:40:06.671 21651 24113 W Summariser:   freeze duration: 1.00
06-28 21:40:06.770 21651 24113 W NearbyFragment: Sending 20200312_150844!002.mp4 to Nexus 5X [34d8]
06-28 21:40:24.889 21651 21651 W NearbyFragment: Completed downloading 20200312_150944!000.mp4 from Endpoint{id=jKt9, name=Nexus 5X [34d8]} in 01.805s
06-28 21:40:26.806 21651 24150 W Summariser: 1 active sections found
06-28 21:40:33.767 21651 24150 W Summariser: Summarisation completed
06-28 21:40:33.767 21651 24150 W Summariser:   filename: 20200312_150944!000.mp4
06-28 21:40:33.767 21651 24150 W Summariser:   active sections: 1
06-28 21:40:33.767 21651 24150 W Summariser:   time: 08.723s
06-28 21:40:33.767 21651 24150 W Summariser:   original duration: 16.06
06-28 21:40:33.767 21651 24150 W Summariser:   summarised duration: 7.07
06-28 21:40:33.767 21651 24150 W Summariser:   noise tolerance: 45.00
06-28 21:40:33.767 21651 24150 W Summariser:   quality: 23
06-28 21:40:33.767 21651 24150 W Summariser:   speed: medium
06-28 21:40:33.767 21651 24150 W Summariser:   freeze duration: 1.00
06-28 21:40:33.828 21651 24150 W NearbyFragment: Sending 20200312_150944!000.mp4 to Nexus 5X [34d8]
06-28 21:40:36.017 21651 21665 W System  : A resource failed to call close. 
06-28 21:40:36.018 21651 21665 W System  : A resource failed to call close. 
06-28 21:40:36.018 21651 21665 W System  : A resource failed to call close. 
06-28 21:40:36.019 21651 21665 W System  : A resource failed to call close. 
06-28 21:40:36.019 21651 21665 W System  : A resource failed to call close. 
06-28 21:40:36.020 21651 21665 W System  : A resource failed to call close. 
06-28 21:40:36.305 21651 21651 W NearbyFragment: Completed downloading 20200312_150944!001.mp4 from Endpoint{id=jKt9, name=Nexus 5X [34d8]} in 02.390s
06-28 21:40:38.266 21651 24212 W Summariser: No activity detected
06-28 21:40:38.327 21651 24212 W Summariser: Summarisation completed
06-28 21:40:38.327 21651 24212 W Summariser:   filename: 20200312_150944!001.mp4
06-28 21:40:38.327 21651 24212 W Summariser:   active sections: 0
06-28 21:40:38.327 21651 24212 W Summariser:   time: 01.892s
06-28 21:40:38.327 21651 24212 W Summariser:   original duration: 16.01
06-28 21:40:38.327 21651 24212 W Summariser:   noise tolerance: 45.00
06-28 21:40:38.327 21651 24212 W Summariser:   quality: 23
06-28 21:40:38.327 21651 24212 W Summariser:   speed: medium
06-28 21:40:38.327 21651 24212 W Summariser:   freeze duration: 1.00
06-28 21:40:40.731 21651 21651 W NearbyFragment: Completed downloading 20200312_150944!002.mp4 from Endpoint{id=jKt9, name=Nexus 5X [34d8]} in 02.321s
06-28 21:40:42.723 21651 24251 W Summariser: No activity detected
06-28 21:40:42.782 21651 24251 W Summariser: Summarisation completed
06-28 21:40:42.782 21651 24251 W Summariser:   filename: 20200312_150944!002.mp4
06-28 21:40:42.782 21651 24251 W Summariser:   active sections: 0
06-28 21:40:42.782 21651 24251 W Summariser:   time: 01.929s
06-28 21:40:42.782 21651 24251 W Summariser:   original duration: 16.01
06-28 21:40:42.782 21651 24251 W Summariser:   noise tolerance: 45.00
06-28 21:40:42.782 21651 24251 W Summariser:   quality: 23
06-28 21:40:42.782 21651 24251 W Summariser:   speed: medium
06-28 21:40:42.782 21651 24251 W Summariser:   freeze duration: 1.00
06-28 21:40:47.414 21651 21651 W NearbyFragment: Completed downloading 20200312_151044!000.mp4 from Endpoint{id=jKt9, name=Nexus 5X [34d8]} in 04.294s
06-28 21:40:49.326 21651 24278 W Summariser: No activity detected
06-28 21:40:49.375 21651 24278 W Summariser: Summarisation completed
06-28 21:40:49.375 21651 24278 W Summariser:   filename: 20200312_151044!000.mp4
06-28 21:40:49.375 21651 24278 W Summariser:   active sections: 0
06-28 21:40:49.375 21651 24278 W Summariser:   time: 01.840s
06-28 21:40:49.375 21651 24278 W Summariser:   original duration: 16.07
06-28 21:40:49.375 21651 24278 W Summariser:   noise tolerance: 45.00
06-28 21:40:49.375 21651 24278 W Summariser:   quality: 23
06-28 21:40:49.375 21651 24278 W Summariser:   speed: medium
06-28 21:40:49.375 21651 24278 W Summariser:   freeze duration: 1.00
06-28 21:40:51.814 21651 21651 W NearbyFragment: Completed downloading 20200312_151044!001.mp4 from Endpoint{id=jKt9, name=Nexus 5X [34d8]} in 02.336s
06-28 21:40:53.767 21651 24307 W Summariser: No activity detected
06-28 21:40:53.826 21651 24307 W Summariser: Summarisation completed
06-28 21:40:53.826 21651 24307 W Summariser:   filename: 20200312_151044!001.mp4
06-28 21:40:53.826 21651 24307 W Summariser:   active sections: 0
06-28 21:40:53.826 21651 24307 W Summariser:   time: 01.885s
06-28 21:40:53.826 21651 24307 W Summariser:   original duration: 16.02
06-28 21:40:53.826 21651 24307 W Summariser:   noise tolerance: 45.00
06-28 21:40:53.826 21651 24307 W Summariser:   quality: 23
06-28 21:40:53.826 21651 24307 W Summariser:   speed: medium
06-28 21:40:53.826 21651 24307 W Summariser:   freeze duration: 1.00
06-28 21:40:57.942 21651 21651 W NearbyFragment: Completed downloading 20200312_151044!003.mp4 from Endpoint{id=jKt9, name=Nexus 5X [34d8]} in 04.007s
06-28 21:40:59.392 21651 24337 W Summariser: No activity detected
06-28 21:40:59.440 21651 24337 W Summariser: Summarisation completed
06-28 21:40:59.440 21651 24337 W Summariser:   filename: 20200312_151044!003.mp4
06-28 21:40:59.440 21651 24337 W Summariser:   active sections: 0
06-28 21:40:59.440 21651 24337 W Summariser:   time: 01.400s
06-28 21:40:59.440 21651 24337 W Summariser:   original duration: 12.03
06-28 21:40:59.440 21651 24337 W Summariser:   noise tolerance: 45.00
06-28 21:40:59.440 21651 24337 W Summariser:   quality: 23
06-28 21:40:59.440 21651 24337 W Summariser:   speed: medium
06-28 21:40:59.440 21651 24337 W Summariser:   freeze duration: 1.00
06-28 21:41:10.439 21651 21651 W NearbyFragment: Completed downloading 20200312_193528!000.mp4 from Endpoint{id=jKt9, name=Nexus 5X [34d8]} in 01.812s
06-28 21:41:12.405 21651 24374 W Summariser: No activity detected
06-28 21:41:12.451 21651 24374 W Summariser: Summarisation completed
06-28 21:41:12.451 21651 24374 W Summariser:   filename: 20200312_193528!000.mp4
06-28 21:41:12.451 21651 24374 W Summariser:   active sections: 0
06-28 21:41:12.451 21651 24374 W Summariser:   time: 01.906s
06-28 21:41:12.451 21651 24374 W Summariser:   original duration: 16.06
06-28 21:41:12.451 21651 24374 W Summariser:   noise tolerance: 45.00
06-28 21:41:12.451 21651 24374 W Summariser:   quality: 23
06-28 21:41:12.451 21651 24374 W Summariser:   speed: medium
06-28 21:41:12.451 21651 24374 W Summariser:   freeze duration: 1.00
06-28 21:41:14.699 21651 21651 W NearbyFragment: Completed downloading 20200312_193528!001.mp4 from Endpoint{id=jKt9, name=Nexus 5X [34d8]} in 02.062s
06-28 21:41:16.623 21651 24404 W Summariser: No activity detected
06-28 21:41:16.669 21651 24404 W Summariser: Summarisation completed
06-28 21:41:16.669 21651 24404 W Summariser:   filename: 20200312_193528!001.mp4
06-28 21:41:16.669 21651 24404 W Summariser:   active sections: 0
06-28 21:41:16.669 21651 24404 W Summariser:   time: 01.858s
06-28 21:41:16.669 21651 24404 W Summariser:   original duration: 16.01
06-28 21:41:16.669 21651 24404 W Summariser:   noise tolerance: 45.00
06-28 21:41:16.669 21651 24404 W Summariser:   quality: 23
06-28 21:41:16.669 21651 24404 W Summariser:   speed: medium
06-28 21:41:16.669 21651 24404 W Summariser:   freeze duration: 1.00
06-28 21:41:18.566 21651 21651 W NearbyFragment: Completed downloading 20200312_193528!002.mp4 from Endpoint{id=jKt9, name=Nexus 5X [34d8]} in 01.825s
06-28 21:41:20.482 21651 24433 W Summariser: No activity detected
06-28 21:41:20.528 21651 24433 W Summariser: Summarisation completed
06-28 21:41:20.528 21651 24433 W Summariser:   filename: 20200312_193528!002.mp4
06-28 21:41:20.528 21651 24433 W Summariser:   active sections: 0
06-28 21:41:20.528 21651 24433 W Summariser:   time: 01.850s
06-28 21:41:20.528 21651 24433 W Summariser:   original duration: 16.06
06-28 21:41:20.528 21651 24433 W Summariser:   noise tolerance: 45.00
06-28 21:41:20.528 21651 24433 W Summariser:   quality: 23
06-28 21:41:20.528 21651 24433 W Summariser:   speed: medium
06-28 21:41:20.528 21651 24433 W Summariser:   freeze duration: 1.00
06-28 21:41:21.941 21651 21651 W NearbyFragment: Completed downloading 20200312_193528!003.mp4 from Endpoint{id=jKt9, name=Nexus 5X [34d8]} in 01.308s
06-28 21:41:23.313 21651 24461 W Summariser: No activity detected
06-28 21:41:23.371 21651 24461 W Summariser: Summarisation completed
06-28 21:41:23.371 21651 24461 W Summariser:   filename: 20200312_193528!003.mp4
06-28 21:41:23.371 21651 24461 W Summariser:   active sections: 0
06-28 21:41:23.371 21651 24461 W Summariser:   time: 01.340s
06-28 21:41:23.371 21651 24461 W Summariser:   original duration: 12.01
06-28 21:41:23.371 21651 24461 W Summariser:   noise tolerance: 45.00
06-28 21:41:23.371 21651 24461 W Summariser:   quality: 23
06-28 21:41:23.371 21651 24461 W Summariser:   speed: medium
06-28 21:41:23.371 21651 24461 W Summariser:   freeze duration: 1.00
06-28 21:41:29.317 21651 21665 W System  : A resource failed to call close. 
06-28 21:41:29.321 21651 21665 W System  : A resource failed to call close. 
06-28 21:41:31.244 21651 21651 W NearbyFragment: Completed downloading 20200312_193628!000.mp4 from Endpoint{id=jKt9, name=Nexus 5X [34d8]} in 02.056s
06-28 21:41:33.170 21651 24495 W Summariser: No activity detected
06-28 21:41:33.215 21651 24495 W Summariser: Summarisation completed
06-28 21:41:33.215 21651 24495 W Summariser:   filename: 20200312_193628!000.mp4
06-28 21:41:33.215 21651 24495 W Summariser:   active sections: 0
06-28 21:41:33.215 21651 24495 W Summariser:   time: 01.862s
06-28 21:41:33.215 21651 24495 W Summariser:   original duration: 16.07
06-28 21:41:33.215 21651 24495 W Summariser:   noise tolerance: 45.00
06-28 21:41:33.215 21651 24495 W Summariser:   quality: 23
06-28 21:41:33.215 21651 24495 W Summariser:   speed: medium
06-28 21:41:33.215 21651 24495 W Summariser:   freeze duration: 1.00
06-28 21:41:35.589 21651 21651 W NearbyFragment: Completed downloading 20200312_193628!001.mp4 from Endpoint{id=jKt9, name=Nexus 5X [34d8]} in 02.154s
06-28 21:41:37.535 21651 24523 W Summariser: No activity detected
06-28 21:41:37.592 21651 24523 W Summariser: Summarisation completed
06-28 21:41:37.592 21651 24523 W Summariser:   filename: 20200312_193628!001.mp4
06-28 21:41:37.592 21651 24523 W Summariser:   active sections: 0
06-28 21:41:37.592 21651 24523 W Summariser:   time: 01.894s
06-28 21:41:37.592 21651 24523 W Summariser:   original duration: 16.01
06-28 21:41:37.592 21651 24523 W Summariser:   noise tolerance: 45.00
06-28 21:41:37.592 21651 24523 W Summariser:   quality: 23
06-28 21:41:37.592 21651 24523 W Summariser:   speed: medium
06-28 21:41:37.592 21651 24523 W Summariser:   freeze duration: 1.00
06-28 21:41:39.572 21651 21651 W NearbyFragment: Completed downloading 20200312_193628!002.mp4 from Endpoint{id=jKt9, name=Nexus 5X [34d8]} in 01.901s
06-28 21:41:41.500 21651 24550 W Summariser: No activity detected
06-28 21:41:41.556 21651 24550 W Summariser: Summarisation completed
06-28 21:41:41.556 21651 24550 W Summariser:   filename: 20200312_193628!002.mp4
06-28 21:41:41.556 21651 24550 W Summariser:   active sections: 0
06-28 21:41:41.556 21651 24550 W Summariser:   time: 01.860s
06-28 21:41:41.556 21651 24550 W Summariser:   original duration: 16.02
06-28 21:41:41.556 21651 24550 W Summariser:   noise tolerance: 45.00
06-28 21:41:41.556 21651 24550 W Summariser:   quality: 23
06-28 21:41:41.556 21651 24550 W Summariser:   speed: medium
06-28 21:41:41.556 21651 24550 W Summariser:   freeze duration: 1.00
06-28 21:41:43.213 21651 21651 W NearbyFragment: Completed downloading 20200312_193628!003.mp4 from Endpoint{id=jKt9, name=Nexus 5X [34d8]} in 01.589s
06-28 21:41:44.832 21651 24583 W Summariser: 1 active sections found
06-28 21:41:51.944 21651 24583 W Summariser: Summarisation completed
06-28 21:41:51.944 21651 24583 W Summariser:   filename: 20200312_193628!003.mp4
06-28 21:41:51.944 21651 24583 W Summariser:   active sections: 1
06-28 21:41:51.944 21651 24583 W Summariser:   time: 08.559s
06-28 21:41:51.944 21651 24583 W Summariser:   original duration: 12.03
06-28 21:41:51.944 21651 24583 W Summariser:   summarised duration: 6.16
06-28 21:41:51.944 21651 24583 W Summariser:   noise tolerance: 45.00
06-28 21:41:51.944 21651 24583 W Summariser:   quality: 23
06-28 21:41:51.944 21651 24583 W Summariser:   speed: medium
06-28 21:41:51.944 21651 24583 W Summariser:   freeze duration: 1.00
06-28 21:41:51.994 21651 24583 W NearbyFragment: Sending 20200312_193628!003.mp4 to Nexus 5X [34d8]
06-28 21:41:56.901 21651 21651 W NearbyFragment: Completed downloading 20200312_193728!001.mp4 from Endpoint{id=jKt9, name=Nexus 5X [34d8]} in 04.806s
06-28 21:41:58.947 21651 24646 W Summariser: Whole video is active
06-28 21:41:59.485 21651 24646 W Summariser: Summarisation completed
06-28 21:41:59.485 21651 24646 W Summariser:   filename: 20200312_193728!001.mp4
06-28 21:41:59.485 21651 24646 W Summariser:   active sections: -1
06-28 21:41:59.485 21651 24646 W Summariser:   time: 02.374s
06-28 21:41:59.485 21651 24646 W Summariser:   original duration: 16.01
06-28 21:41:59.485 21651 24646 W Summariser:   summarised duration: 16.01
06-28 21:41:59.485 21651 24646 W Summariser:   noise tolerance: 45.00
06-28 21:41:59.485 21651 24646 W Summariser:   quality: 23
06-28 21:41:59.485 21651 24646 W Summariser:   speed: medium
06-28 21:41:59.485 21651 24646 W Summariser:   freeze duration: 1.00
06-28 21:41:59.564 21651 24646 W NearbyFragment: Sending 20200312_193728!001.mp4 to Nexus 5X [34d8]
06-28 21:42:03.214 21651 21651 W NearbyFragment: Completed downloading 20200312_193728!002.mp4 from Endpoint{id=jKt9, name=Nexus 5X [34d8]} in 03.385s
06-28 21:42:05.245 21651 24673 W Summariser: Whole video is active
06-28 21:42:05.776 21651 24673 W Summariser: Summarisation completed
06-28 21:42:05.776 21651 24673 W Summariser:   filename: 20200312_193728!002.mp4
06-28 21:42:05.776 21651 24673 W Summariser:   active sections: -1
06-28 21:42:05.776 21651 24673 W Summariser:   time: 02.338s
06-28 21:42:05.776 21651 24673 W Summariser:   original duration: 16.01
06-28 21:42:05.776 21651 24673 W Summariser:   summarised duration: 16.01
06-28 21:42:05.776 21651 24673 W Summariser:   noise tolerance: 45.00
06-28 21:42:05.776 21651 24673 W Summariser:   quality: 23
06-28 21:42:05.776 21651 24673 W Summariser:   speed: medium
06-28 21:42:05.776 21651 24673 W Summariser:   freeze duration: 1.00
06-28 21:42:05.847 21651 24673 W NearbyFragment: Sending 20200312_193728!002.mp4 to Nexus 5X [34d8]
06-28 21:42:31.888 21651 21651 W NearbyFragment: Completed downloading 20200312_193828!000.mp4 from Endpoint{id=jKt9, name=Nexus 5X [34d8]} in 02.247s
06-28 21:42:32.009 21651 21665 W System  : A resource failed to call close. 
06-28 21:42:32.009 21651 21665 W System  : A resource failed to call close. 
06-28 21:42:32.009 21651 21665 W System  : A resource failed to call close. 
06-28 21:42:32.009 21651 21665 W System  : A resource failed to call close. 
06-28 21:42:32.009 21651 21665 W System  : A resource failed to call close. 
06-28 21:42:32.010 21651 21665 W System  : A resource failed to call close. 
06-28 21:42:32.010 21651 21665 W System  : A resource failed to call close. 
06-28 21:42:32.010 21651 21665 W System  : A resource failed to call close. 
06-28 21:42:32.010 21651 21665 W System  : A resource failed to call close. 
06-28 21:42:32.010 21651 21665 W System  : A resource failed to call close. 
06-28 21:42:32.010 21651 21665 W System  : A resource failed to call close. 
06-28 21:42:32.010 21651 21665 W System  : A resource failed to call close. 
06-28 21:42:32.010 21651 21665 W System  : A resource failed to call close. 
06-28 21:42:32.012 21651 21665 W System  : A resource failed to call close. 
06-28 21:42:33.836 21651 24708 W Summariser: 1 active sections found
06-28 21:42:47.330 21651 24708 W Summariser: Summarisation completed
06-28 21:42:47.330 21651 24708 W Summariser:   filename: 20200312_193828!000.mp4
06-28 21:42:47.330 21651 24708 W Summariser:   active sections: 1
06-28 21:42:47.330 21651 24708 W Summariser:   time: 15.294s
06-28 21:42:47.330 21651 24708 W Summariser:   original duration: 16.06
06-28 21:42:47.330 21651 24708 W Summariser:   summarised duration: 14.28
06-28 21:42:47.330 21651 24708 W Summariser:   noise tolerance: 45.00
06-28 21:42:47.330 21651 24708 W Summariser:   quality: 23
06-28 21:42:47.330 21651 24708 W Summariser:   speed: medium
06-28 21:42:47.330 21651 24708 W Summariser:   freeze duration: 1.00
06-28 21:42:47.391 21651 24708 W NearbyFragment: Sending 20200312_193828!000.mp4 to Nexus 5X [34d8]
06-28 21:42:54.506 21651 21651 W NearbyFragment: Completed downloading 20200312_193828!002.mp4 from Endpoint{id=jKt9, name=Nexus 5X [34d8]} in 05.867s
06-28 21:42:56.401 21651 24940 W Summariser: No activity detected
06-28 21:42:56.458 21651 24940 W Summariser: Summarisation completed
06-28 21:42:56.458 21651 24940 W Summariser:   filename: 20200312_193828!002.mp4
06-28 21:42:56.458 21651 24940 W Summariser:   active sections: 0
06-28 21:42:56.458 21651 24940 W Summariser:   time: 01.836s
06-28 21:42:56.458 21651 24940 W Summariser:   original duration: 16.01
06-28 21:42:56.458 21651 24940 W Summariser:   noise tolerance: 45.00
06-28 21:42:56.458 21651 24940 W Summariser:   quality: 23
06-28 21:42:56.458 21651 24940 W Summariser:   speed: medium
06-28 21:42:56.458 21651 24940 W Summariser:   freeze duration: 1.00
06-28 21:42:57.941 21651 21651 W NearbyFragment: Completed downloading 20200312_193828!003.mp4 from Endpoint{id=jKt9, name=Nexus 5X [34d8]} in 01.362s
06-28 21:42:59.393 21651 24968 W Summariser: No activity detected
06-28 21:42:59.438 21651 24968 W Summariser: Summarisation completed
06-28 21:42:59.438 21651 24968 W Summariser:   filename: 20200312_193828!003.mp4
06-28 21:42:59.438 21651 24968 W Summariser:   active sections: 0
06-28 21:42:59.438 21651 24968 W Summariser:   time: 01.407s
06-28 21:42:59.438 21651 24968 W Summariser:   original duration: 12.01
06-28 21:42:59.438 21651 24968 W Summariser:   noise tolerance: 45.00
06-28 21:42:59.438 21651 24968 W Summariser:   quality: 23
06-28 21:42:59.438 21651 24968 W Summariser:   speed: medium
06-28 21:42:59.438 21651 24968 W Summariser:   freeze duration: 1.00
06-28 21:43:05.438 21651 21651 W NearbyFragment: Completed downloading 20200312_193928!001.mp4 from Endpoint{id=jKt9, name=Nexus 5X [34d8]} in 05.538s
06-28 21:43:07.341 21651 25000 W Summariser: No activity detected
06-28 21:43:07.403 21651 25000 W Summariser: Summarisation completed
06-28 21:43:07.403 21651 25000 W Summariser:   filename: 20200312_193928!001.mp4
06-28 21:43:07.403 21651 25000 W Summariser:   active sections: 0
06-28 21:43:07.403 21651 25000 W Summariser:   time: 01.841s
06-28 21:43:07.403 21651 25000 W Summariser:   original duration: 16.05
06-28 21:43:07.403 21651 25000 W Summariser:   noise tolerance: 45.00
06-28 21:43:07.403 21651 25000 W Summariser:   quality: 23
06-28 21:43:07.403 21651 25000 W Summariser:   speed: medium
06-28 21:43:07.403 21651 25000 W Summariser:   freeze duration: 1.00
06-28 21:43:10.730 21651 21651 W NearbyFragment: Completed downloading 20200312_193928!002.mp4 from Endpoint{id=jKt9, name=Nexus 5X [34d8]} in 03.264s
06-28 21:43:12.659 21651 25030 W Summariser: No activity detected
06-28 21:43:12.705 21651 25030 W Summariser: Summarisation completed
06-28 21:43:12.705 21651 25030 W Summariser:   filename: 20200312_193928!002.mp4
06-28 21:43:12.705 21651 25030 W Summariser:   active sections: 0
06-28 21:43:12.705 21651 25030 W Summariser:   time: 01.868s
06-28 21:43:12.705 21651 25030 W Summariser:   original duration: 16.06
06-28 21:43:12.705 21651 25030 W Summariser:   noise tolerance: 45.00
06-28 21:43:12.705 21651 25030 W Summariser:   quality: 23
06-28 21:43:12.705 21651 25030 W Summariser:   speed: medium
06-28 21:43:12.705 21651 25030 W Summariser:   freeze duration: 1.00
06-28 21:43:27.378 21651 21651 W NearbyFragment: Completed downloading 20200312_194129!000.mp4 from Endpoint{id=jKt9, name=Nexus 5X [34d8]} in 06.367s
06-28 21:43:29.317 21651 25069 W Summariser: No activity detected
06-28 21:43:29.361 21651 25069 W Summariser: Summarisation completed
06-28 21:43:29.361 21651 25069 W Summariser:   filename: 20200312_194129!000.mp4
06-28 21:43:29.361 21651 25069 W Summariser:   active sections: 0
06-28 21:43:29.361 21651 25069 W Summariser:   time: 01.870s
06-28 21:43:29.361 21651 25069 W Summariser:   original duration: 16.07
06-28 21:43:29.361 21651 25069 W Summariser:   noise tolerance: 45.00
06-28 21:43:29.361 21651 25069 W Summariser:   quality: 23
06-28 21:43:29.361 21651 25069 W Summariser:   speed: medium
06-28 21:43:29.361 21651 25069 W Summariser:   freeze duration: 1.00
06-28 21:43:31.916 21651 21651 W NearbyFragment: Completed downloading 20200312_194129!001.mp4 from Endpoint{id=jKt9, name=Nexus 5X [34d8]} in 02.370s
06-28 21:43:33.842 21651 25096 W Summariser: 1 active sections found
06-28 21:43:38.019 21651 25096 W Summariser: Summarisation completed
06-28 21:43:38.019 21651 25096 W Summariser:   filename: 20200312_194129!001.mp4
06-28 21:43:38.019 21651 25096 W Summariser:   active sections: 1
06-28 21:43:38.019 21651 25096 W Summariser:   time: 05.957s
06-28 21:43:38.019 21651 25096 W Summariser:   original duration: 16.02
06-28 21:43:38.019 21651 25096 W Summariser:   summarised duration: 2.97
06-28 21:43:38.019 21651 25096 W Summariser:   noise tolerance: 45.00
06-28 21:43:38.019 21651 25096 W Summariser:   quality: 23
06-28 21:43:38.019 21651 25096 W Summariser:   speed: medium
06-28 21:43:38.019 21651 25096 W Summariser:   freeze duration: 1.00
06-28 21:43:38.047 21651 25096 W NearbyFragment: Sending 20200312_194129!001.mp4 to Nexus 5X [34d8]
06-28 21:43:40.173 21651 21651 W NearbyFragment: Completed downloading 20200312_194129!002.mp4 from Endpoint{id=jKt9, name=Nexus 5X [34d8]} in 01.960s
06-28 21:43:42.083 21651 25162 W Summariser: 1 active sections found
06-28 21:43:48.950 21651 25162 W Summariser: Summarisation completed
06-28 21:43:48.950 21651 25162 W Summariser:   filename: 20200312_194129!002.mp4
06-28 21:43:48.950 21651 25162 W Summariser:   active sections: 1
06-28 21:43:48.950 21651 25162 W Summariser:   time: 08.632s
06-28 21:43:48.950 21651 25162 W Summariser:   original duration: 16.01
06-28 21:43:48.950 21651 25162 W Summariser:   summarised duration: 7.37
06-28 21:43:48.950 21651 25162 W Summariser:   noise tolerance: 45.00
06-28 21:43:48.950 21651 25162 W Summariser:   quality: 23
06-28 21:43:48.950 21651 25162 W Summariser:   speed: medium
06-28 21:43:48.950 21651 25162 W Summariser:   freeze duration: 1.00
06-28 21:43:48.988 21651 25162 W NearbyFragment: Sending 20200312_194129!002.mp4 to Nexus 5X [34d8]
06-28 21:43:50.140 21651 21665 W System  : A resource failed to call close. 
06-28 21:43:50.143 21651 21665 W System  : A resource failed to call close. 
06-28 21:43:51.425 21651 21651 W NearbyFragment: Completed downloading 20200312_194229!000.mp4 from Endpoint{id=jKt9, name=Nexus 5X [34d8]} in 02.356s
06-28 21:43:53.448 21651 25228 W Summariser: 1 active sections found
06-28 21:43:59.960 21651 25228 W Summariser: Summarisation completed
06-28 21:43:59.960 21651 25228 W Summariser:   filename: 20200312_194229!000.mp4
06-28 21:43:59.960 21651 25228 W Summariser:   active sections: 1
06-28 21:43:59.960 21651 25228 W Summariser:   time: 08.373s
06-28 21:43:59.960 21651 25228 W Summariser:   original duration: 16.06
06-28 21:43:59.960 21651 25228 W Summariser:   summarised duration: 5.62
06-28 21:43:59.960 21651 25228 W Summariser:   noise tolerance: 45.00
06-28 21:43:59.960 21651 25228 W Summariser:   quality: 23
06-28 21:43:59.960 21651 25228 W Summariser:   speed: medium
06-28 21:43:59.960 21651 25228 W Summariser:   freeze duration: 1.00
06-28 21:43:59.980 21651 25228 W NearbyFragment: Sending 20200312_194229!000.mp4 to Nexus 5X [34d8]
06-28 21:44:02.334 21651 21651 W NearbyFragment: Completed downloading 20200312_194229!002.mp4 from Endpoint{id=jKt9, name=Nexus 5X [34d8]} in 02.155s
06-28 21:44:04.407 21651 25295 W Summariser: No activity detected
06-28 21:44:04.463 21651 25295 W Summariser: Summarisation completed
06-28 21:44:04.463 21651 25295 W Summariser:   filename: 20200312_194229!002.mp4
06-28 21:44:04.463 21651 25295 W Summariser:   active sections: 0
06-28 21:44:04.463 21651 25295 W Summariser:   time: 02.009s
06-28 21:44:04.463 21651 25295 W Summariser:   original duration: 16.01
06-28 21:44:04.463 21651 25295 W Summariser:   noise tolerance: 45.00
06-28 21:44:04.463 21651 25295 W Summariser:   quality: 23
06-28 21:44:04.463 21651 25295 W Summariser:   speed: medium
06-28 21:44:04.463 21651 25295 W Summariser:   freeze duration: 1.00
06-28 21:44:06.334 21651 21651 W NearbyFragment: Completed downloading 20200312_194229!003.mp4 from Endpoint{id=jKt9, name=Nexus 5X [34d8]} in 01.693s
06-28 21:44:07.812 21651 25322 W Summariser: No activity detected
06-28 21:44:07.856 21651 25322 W Summariser: Summarisation completed
06-28 21:44:07.856 21651 25322 W Summariser:   filename: 20200312_194229!003.mp4
06-28 21:44:07.856 21651 25322 W Summariser:   active sections: 0
06-28 21:44:07.856 21651 25322 W Summariser:   time: 01.423s
06-28 21:44:07.856 21651 25322 W Summariser:   original duration: 11.98
06-28 21:44:07.856 21651 25322 W Summariser:   noise tolerance: 45.00
06-28 21:44:07.856 21651 25322 W Summariser:   quality: 23
06-28 21:44:07.856 21651 25322 W Summariser:   speed: medium
06-28 21:44:07.856 21651 25322 W Summariser:   freeze duration: 1.00
06-28 21:44:15.319 21651 21651 W NearbyFragment: Completed downloading 20200312_194330!000.mp4 from Endpoint{id=jKt9, name=Nexus 5X [34d8]} in 01.936s
06-28 21:44:17.301 21651 25352 W Summariser: No activity detected
06-28 21:44:17.345 21651 25352 W Summariser: Summarisation completed
06-28 21:44:17.345 21651 25352 W Summariser:   filename: 20200312_194330!000.mp4
06-28 21:44:17.345 21651 25352 W Summariser:   active sections: 0
06-28 21:44:17.345 21651 25352 W Summariser:   time: 01.918s
06-28 21:44:17.345 21651 25352 W Summariser:   original duration: 16.07
06-28 21:44:17.345 21651 25352 W Summariser:   noise tolerance: 45.00
06-28 21:44:17.345 21651 25352 W Summariser:   quality: 23
06-28 21:44:17.345 21651 25352 W Summariser:   speed: medium
06-28 21:44:17.345 21651 25352 W Summariser:   freeze duration: 1.00
06-28 21:44:19.226 21651 21651 W NearbyFragment: Completed downloading 20200312_194330!001.mp4 from Endpoint{id=jKt9, name=Nexus 5X [34d8]} in 01.798s
06-28 21:44:21.214 21651 25379 W Summariser: No activity detected
06-28 21:44:21.271 21651 25379 W Summariser: Summarisation completed
06-28 21:44:21.271 21651 25379 W Summariser:   filename: 20200312_194330!001.mp4
06-28 21:44:21.271 21651 25379 W Summariser:   active sections: 0
06-28 21:44:21.271 21651 25379 W Summariser:   time: 01.923s
06-28 21:44:21.271 21651 25379 W Summariser:   original duration: 16.01
06-28 21:44:21.271 21651 25379 W Summariser:   noise tolerance: 45.00
06-28 21:44:21.271 21651 25379 W Summariser:   quality: 23
06-28 21:44:21.271 21651 25379 W Summariser:   speed: medium
06-28 21:44:21.271 21651 25379 W Summariser:   freeze duration: 1.00
06-28 21:44:23.359 21651 21651 W NearbyFragment: Completed downloading 20200312_194330!002.mp4 from Endpoint{id=jKt9, name=Nexus 5X [34d8]} in 01.978s
06-28 21:44:25.271 21651 25406 W Summariser: No activity detected
06-28 21:44:25.329 21651 25406 W Summariser: Summarisation completed
06-28 21:44:25.329 21651 25406 W Summariser:   filename: 20200312_194330!002.mp4
06-28 21:44:25.329 21651 25406 W Summariser:   active sections: 0
06-28 21:44:25.329 21651 25406 W Summariser:   time: 01.862s
06-28 21:44:25.329 21651 25406 W Summariser:   original duration: 16.01
06-28 21:44:25.329 21651 25406 W Summariser:   noise tolerance: 45.00
06-28 21:44:25.329 21651 25406 W Summariser:   quality: 23
06-28 21:44:25.329 21651 25406 W Summariser:   speed: medium
06-28 21:44:25.329 21651 25406 W Summariser:   freeze duration: 1.00
06-28 21:44:27.051 21651 21651 W NearbyFragment: Completed downloading 20200312_194330!003.mp4 from Endpoint{id=jKt9, name=Nexus 5X [34d8]} in 01.635s
06-28 21:44:28.507 21651 25434 W Summariser: No activity detected
06-28 21:44:28.553 21651 25434 W Summariser: Summarisation completed
06-28 21:44:28.553 21651 25434 W Summariser:   filename: 20200312_194330!003.mp4
06-28 21:44:28.553 21651 25434 W Summariser:   active sections: 0
06-28 21:44:28.553 21651 25434 W Summariser:   time: 01.408s
06-28 21:44:28.553 21651 25434 W Summariser:   original duration: 12.01
06-28 21:44:28.553 21651 25434 W Summariser:   noise tolerance: 45.00
06-28 21:44:28.553 21651 25434 W Summariser:   quality: 23
06-28 21:44:28.553 21651 25434 W Summariser:   speed: medium
06-28 21:44:28.553 21651 25434 W Summariser:   freeze duration: 1.00
06-28 21:44:42.255 21651 21651 W NearbyFragment: Completed downloading 20200312_194730!000.mp4 from Endpoint{id=jKt9, name=Nexus 5X [34d8]} in 05.265s
06-28 21:44:44.150 21651 25464 W Summariser: No activity detected
06-28 21:44:44.195 21651 25464 W Summariser: Summarisation completed
06-28 21:44:44.195 21651 25464 W Summariser:   filename: 20200312_194730!000.mp4
06-28 21:44:44.195 21651 25464 W Summariser:   active sections: 0
06-28 21:44:44.195 21651 25464 W Summariser:   time: 01.829s
06-28 21:44:44.195 21651 25464 W Summariser:   original duration: 16.07
06-28 21:44:44.195 21651 25464 W Summariser:   noise tolerance: 45.00
06-28 21:44:44.195 21651 25464 W Summariser:   quality: 23
06-28 21:44:44.195 21651 25464 W Summariser:   speed: medium
06-28 21:44:44.195 21651 25464 W Summariser:   freeze duration: 1.00
06-28 21:44:44.871 21651 21665 W System  : A resource failed to call close. 
06-28 21:44:44.874 21651 21665 W System  : A resource failed to call close. 
06-28 21:44:46.803 21651 21651 W NearbyFragment: Completed downloading 20200312_194730!001.mp4 from Endpoint{id=jKt9, name=Nexus 5X [34d8]} in 02.554s
06-28 21:44:48.713 21651 25494 W Summariser: No activity detected
06-28 21:44:48.769 21651 25494 W Summariser: Summarisation completed
06-28 21:44:48.769 21651 25494 W Summariser:   filename: 20200312_194730!001.mp4
06-28 21:44:48.769 21651 25494 W Summariser:   active sections: 0
06-28 21:44:48.769 21651 25494 W Summariser:   time: 01.849s
06-28 21:44:48.769 21651 25494 W Summariser:   original duration: 16.02
06-28 21:44:48.769 21651 25494 W Summariser:   noise tolerance: 45.00
06-28 21:44:48.769 21651 25494 W Summariser:   quality: 23
06-28 21:44:48.769 21651 25494 W Summariser:   speed: medium
06-28 21:44:48.769 21651 25494 W Summariser:   freeze duration: 1.00
06-28 21:44:51.068 21651 21651 W NearbyFragment: Completed downloading 20200312_194730!002.mp4 from Endpoint{id=jKt9, name=Nexus 5X [34d8]} in 02.231s
06-28 21:44:52.981 21651 25522 W Summariser: No activity detected
06-28 21:44:53.037 21651 25522 W Summariser: Summarisation completed
06-28 21:44:53.037 21651 25522 W Summariser:   filename: 20200312_194730!002.mp4
06-28 21:44:53.037 21651 25522 W Summariser:   active sections: 0
06-28 21:44:53.037 21651 25522 W Summariser:   time: 01.857s
06-28 21:44:53.037 21651 25522 W Summariser:   original duration: 16.01
06-28 21:44:53.037 21651 25522 W Summariser:   noise tolerance: 45.00
06-28 21:44:53.037 21651 25522 W Summariser:   quality: 23
06-28 21:44:53.037 21651 25522 W Summariser:   speed: medium
06-28 21:44:53.037 21651 25522 W Summariser:   freeze duration: 1.00
06-28 21:44:54.622 21651 21651 W NearbyFragment: Completed downloading 20200312_194730!003.mp4 from Endpoint{id=jKt9, name=Nexus 5X [34d8]} in 01.517s
06-28 21:44:56.152 21651 25550 W Summariser: No activity detected
06-28 21:44:56.197 21651 25550 W Summariser: Summarisation completed
06-28 21:44:56.197 21651 25550 W Summariser:   filename: 20200312_194730!003.mp4
06-28 21:44:56.197 21651 25550 W Summariser:   active sections: 0
06-28 21:44:56.197 21651 25550 W Summariser:   time: 01.457s
06-28 21:44:56.197 21651 25550 W Summariser:   original duration: 12.03
06-28 21:44:56.197 21651 25550 W Summariser:   noise tolerance: 45.00
06-28 21:44:56.197 21651 25550 W Summariser:   quality: 23
06-28 21:44:56.197 21651 25550 W Summariser:   speed: medium
06-28 21:44:56.197 21651 25550 W Summariser:   freeze duration: 1.00
06-28 21:45:03.936 21651 21651 W NearbyFragment: Completed downloading 20200312_194830!000.mp4 from Endpoint{id=jKt9, name=Nexus 5X [34d8]} in 01.961s
06-28 21:45:05.869 21651 25581 W Summariser: 1 active sections found
06-28 21:45:10.948 21651 25581 W Summariser: Summarisation completed
06-28 21:45:10.948 21651 25581 W Summariser:   filename: 20200312_194830!000.mp4
06-28 21:45:10.948 21651 25581 W Summariser:   active sections: 1
06-28 21:45:10.948 21651 25581 W Summariser:   time: 06.822s
06-28 21:45:10.948 21651 25581 W Summariser:   original duration: 16.06
06-28 21:45:10.948 21651 25581 W Summariser:   summarised duration: 3.97
06-28 21:45:10.948 21651 25581 W Summariser:   noise tolerance: 45.00
06-28 21:45:10.948 21651 25581 W Summariser:   quality: 23
06-28 21:45:10.948 21651 25581 W Summariser:   speed: medium
06-28 21:45:10.948 21651 25581 W Summariser:   freeze duration: 1.00
06-28 21:45:11.029 21651 25581 W NearbyFragment: Sending 20200312_194830!000.mp4 to Nexus 5X [34d8]
06-28 21:45:12.987 21651 21651 W NearbyFragment: Completed downloading 20200312_194830!001.mp4 from Endpoint{id=jKt9, name=Nexus 5X [34d8]} in 01.886s
06-28 21:45:15.073 21651 25644 W Summariser: 2 active sections found
06-28 21:45:23.600 21651 25644 W Summariser: Summarisation completed
06-28 21:45:23.600 21651 25644 W Summariser:   filename: 20200312_194830!001.mp4
06-28 21:45:23.600 21651 25644 W Summariser:   active sections: 2
06-28 21:45:23.600 21651 25644 W Summariser:   time: 10.463s
06-28 21:45:23.600 21651 25644 W Summariser:   original duration: 16.01
06-28 21:45:23.600 21651 25644 W Summariser:   summarised duration: 8.10
06-28 21:45:23.600 21651 25644 W Summariser:   noise tolerance: 45.00
06-28 21:45:23.600 21651 25644 W Summariser:   quality: 23
06-28 21:45:23.600 21651 25644 W Summariser:   speed: medium
06-28 21:45:23.600 21651 25644 W Summariser:   freeze duration: 1.00
06-28 21:45:23.660 21651 25644 W NearbyFragment: Sending 20200312_194830!001.mp4 to Nexus 5X [34d8]
06-28 21:45:28.054 21651 21651 W NearbyFragment: Completed downloading 20200312_194830!003.mp4 from Endpoint{id=jKt9, name=Nexus 5X [34d8]} in 04.237s
06-28 21:45:29.555 21651 25714 W Summariser: No activity detected
06-28 21:45:29.600 21651 25714 W Summariser: Summarisation completed
06-28 21:45:29.600 21651 25714 W Summariser:   filename: 20200312_194830!003.mp4
06-28 21:45:29.600 21651 25714 W Summariser:   active sections: 0
06-28 21:45:29.600 21651 25714 W Summariser:   time: 01.458s
06-28 21:45:29.600 21651 25714 W Summariser:   original duration: 11.98
06-28 21:45:29.600 21651 25714 W Summariser:   noise tolerance: 45.00
06-28 21:45:29.600 21651 25714 W Summariser:   quality: 23
06-28 21:45:29.600 21651 25714 W Summariser:   speed: medium
06-28 21:45:29.600 21651 25714 W Summariser:   freeze duration: 1.00
06-28 21:45:31.599 21651 21651 W NearbyFragment: Completed downloading 20200312_194930!000.mp4 from Endpoint{id=jKt9, name=Nexus 5X [34d8]} in 01.934s
06-28 21:45:33.706 21651 25742 W Summariser: 1 active sections found
06-28 21:45:43.232 21651 25742 W Summariser: Summarisation completed
06-28 21:45:43.232 21651 25742 W Summariser:   filename: 20200312_194930!000.mp4
06-28 21:45:43.232 21651 25742 W Summariser:   active sections: 1
06-28 21:45:43.232 21651 25742 W Summariser:   time: 11.461s
06-28 21:45:43.232 21651 25742 W Summariser:   original duration: 16.07
06-28 21:45:43.232 21651 25742 W Summariser:   summarised duration: 9.36
06-28 21:45:43.232 21651 25742 W Summariser:   noise tolerance: 45.00
06-28 21:45:43.232 21651 25742 W Summariser:   quality: 23
06-28 21:45:43.232 21651 25742 W Summariser:   speed: medium
06-28 21:45:43.232 21651 25742 W Summariser:   freeze duration: 1.00
06-28 21:45:43.303 21651 25742 W NearbyFragment: Sending 20200312_194930!000.mp4 to Nexus 5X [34d8]
06-28 21:45:46.410 21651 21665 W System  : A resource failed to call close. 
06-28 21:45:46.413 21651 21665 W System  : A resource failed to call close. 
06-28 21:45:46.735 21651 21651 W NearbyFragment: Completed downloading 20200312_194930!001.mp4 from Endpoint{id=jKt9, name=Nexus 5X [34d8]} in 03.320s
06-28 21:45:48.688 21651 25806 W Summariser: 1 active sections found
06-28 21:45:50.955 21651 25806 W Summariser: Summarisation completed
06-28 21:45:50.955 21651 25806 W Summariser:   filename: 20200312_194930!001.mp4
06-28 21:45:50.955 21651 25806 W Summariser:   active sections: 1
06-28 21:45:50.955 21651 25806 W Summariser:   time: 04.058s
06-28 21:45:50.955 21651 25806 W Summariser:   original duration: 16.01
06-28 21:45:50.955 21651 25806 W Summariser:   summarised duration: 2.02
06-28 21:45:50.955 21651 25806 W Summariser:   noise tolerance: 45.00
