--------- beginning of main
--------- beginning of system
07-05 20:06:14.360  8978  8978 W LogFactory: Truncating log tag length as it exceed 23, the limit imposed by Android on certain API Levels
07-05 20:06:19.535  8978  8978 E TransferService: No notification is passed in the intent. Unable to transition to foreground.
07-05 20:07:50.538  8978  8978 W NearbyFragment: Completed downloading 20200312_150643.mp4 from Endpoint{id=njPJ, name=Galaxy S8 [2802]} in 22.222s
07-05 20:07:50.706  8978  9250 W mobile-ffmpeg: [mov,mp4,m4a,3gp,3g2,mj2 @ 0x7a20ea4800] Found duplicated MOOV Atom. Skipped it
07-05 20:07:50.872  8978  9250 W mobile-ffmpeg: [graph 0 input from stream 0:0 @ 0x7a20e2c200] sws_param option is deprecated and ignored
07-05 20:08:10.878  8978  9249 W Summariser: No activity detected
07-05 20:08:10.891  8978  9250 W mobile-ffmpeg: [mov,mp4,m4a,3gp,3g2,mj2 @ 0x7a20ea4800] Found duplicated MOOV Atom. Skipped it
07-05 20:08:11.027  8978  9249 W Summariser: Summarisation completed
07-05 20:08:11.027  8978  9249 W Summariser:   filename: 20200312_150643.mp4
07-05 20:08:11.027  8978  9249 W Summariser:   active sections: 0
07-05 20:08:11.027  8978  9249 W Summariser:   time: 20.295s
07-05 20:08:11.027  8978  9249 W Summariser:   original duration: 60.02
07-05 20:08:11.027  8978  9249 W Summariser:   summarised duration: -1.00
07-05 20:08:11.027  8978  9249 W Summariser:   noise tolerance: 45.00
07-05 20:08:11.027  8978  9249 W Summariser:   quality: 23
07-05 20:08:11.027  8978  9249 W Summariser:   speed: medium
07-05 20:08:11.027  8978  9249 W Summariser:   freeze duration: 1.00
07-05 20:08:54.426  8978  8978 W NearbyFragment: Completed downloading 20200312_150844.mp4 from Endpoint{id=njPJ, name=Galaxy S8 [2802]} in 26.953s
07-05 20:08:54.469  8978  9250 W mobile-ffmpeg: [mov,mp4,m4a,3gp,3g2,mj2 @ 0x7a20ea4800] Found duplicated MOOV Atom. Skipped it
07-05 20:08:54.625  8978  9250 W mobile-ffmpeg: [graph 0 input from stream 0:0 @ 0x7a20e2c200] sws_param option is deprecated and ignored
07-05 20:09:18.279  8978  9283 W Summariser: Whole video is active
07-05 20:09:19.420  8978  8978 W NearbyFragment: Completed downloading 20200312_150944.mp4 from Endpoint{id=njPJ, name=Galaxy S8 [2802]} in 22.542s
07-05 20:09:21.609  8978  9250 W mobile-ffmpeg: [mov,mp4,m4a,3gp,3g2,mj2 @ 0x7a20ea4800] Found duplicated MOOV Atom. Skipped it
07-05 20:09:21.741  8978  9250 W mobile-ffmpeg: [mov,mp4,m4a,3gp,3g2,mj2 @ 0x7a20ea4800] Found duplicated MOOV Atom. Skipped it
07-05 20:09:21.853  8978  9283 W Summariser: Summarisation completed
07-05 20:09:21.853  8978  9283 W Summariser:   filename: 20200312_150844.mp4
07-05 20:09:21.853  8978  9283 W Summariser:   active sections: -1
07-05 20:09:21.853  8978  9283 W Summariser:   time: 27.139s
07-05 20:09:21.853  8978  9283 W Summariser:   original duration: 60.02
07-05 20:09:21.853  8978  9283 W Summariser:   summarised duration: 60.02
07-05 20:09:21.853  8978  9283 W Summariser:   noise tolerance: 45.00
07-05 20:09:21.853  8978  9283 W Summariser:   quality: 23
07-05 20:09:21.853  8978  9283 W Summariser:   speed: medium
07-05 20:09:21.853  8978  9283 W Summariser:   freeze duration: 1.00
07-05 20:09:21.954  8978  9283 W NearbyFragment: Sending 20200312_150844.mp4 to Galaxy S8 [2802]
07-05 20:09:21.997  8978  9250 W mobile-ffmpeg: [mov,mp4,m4a,3gp,3g2,mj2 @ 0x7a20ea4800] Found duplicated MOOV Atom. Skipped it
07-05 20:09:22.177  8978  9250 W mobile-ffmpeg: [graph 0 input from stream 0:0 @ 0x7a20e2c140] sws_param option is deprecated and ignored
07-05 20:09:46.561  8978  9283 W Summariser: 1 active sections found
07-05 20:09:46.574  8978  9250 W mobile-ffmpeg: [mov,mp4,m4a,3gp,3g2,mj2 @ 0x7a20ea4800] Found duplicated MOOV Atom. Skipped it
07-05 20:09:46.734  8978  9250 W mobile-ffmpeg: [graph 0 input from stream 0:0 @ 0x7a20e2bcc0] sws_param option is deprecated and ignored
07-05 20:09:48.184  8978  8978 W NearbyFragment: Completed downloading 20200312_151044.mp4 from Endpoint{id=njPJ, name=Galaxy S8 [2802]} in 21.862s
07-05 20:10:21.621  8978  9250 W mobile-ffmpeg: [mov,mp4,m4a,3gp,3g2,mj2 @ 0x7a20ea4800] Found duplicated MOOV Atom. Skipped it
07-05 20:10:21.873  8978  9283 W Summariser: Summarisation completed
07-05 20:10:21.873  8978  9283 W Summariser:   filename: 20200312_150944.mp4
07-05 20:10:21.873  8978  9283 W Summariser:   active sections: 1
07-05 20:10:21.873  8978  9283 W Summariser:   time: 59.623s
07-05 20:10:21.873  8978  9283 W Summariser:   original duration: 60.02
07-05 20:10:21.873  8978  9283 W Summariser:   summarised duration: 7.07
07-05 20:10:21.873  8978  9283 W Summariser:   noise tolerance: 45.00
07-05 20:10:21.873  8978  9283 W Summariser:   quality: 23
07-05 20:10:21.873  8978  9283 W Summariser:   speed: medium
07-05 20:10:21.873  8978  9283 W Summariser:   freeze duration: 1.00
07-05 20:10:21.929  8978  9283 W NearbyFragment: Sending 20200312_150944.mp4 to Galaxy S8 [2802]
07-05 20:10:21.961  8978  9250 W mobile-ffmpeg: [mov,mp4,m4a,3gp,3g2,mj2 @ 0x7a20ea4800] Found duplicated MOOV Atom. Skipped it
07-05 20:10:22.163  8978  9250 W mobile-ffmpeg: [graph 0 input from stream 0:0 @ 0x7a20e2c140] sws_param option is deprecated and ignored
07-05 20:10:55.033  8978  9283 W Summariser: No activity detected
07-05 20:10:55.052  8978  9250 W mobile-ffmpeg: [mov,mp4,m4a,3gp,3g2,mj2 @ 0x7a20ea4800] Found duplicated MOOV Atom. Skipped it
07-05 20:10:55.183  8978  9283 W Summariser: Summarisation completed
07-05 20:10:55.183  8978  9283 W Summariser:   filename: 20200312_151044.mp4
07-05 20:10:55.183  8978  9283 W Summariser:   active sections: 0
07-05 20:10:55.183  8978  9283 W Summariser:   time: 33.088s
07-05 20:10:55.183  8978  9283 W Summariser:   original duration: 60.02
07-05 20:10:55.183  8978  9283 W Summariser:   summarised duration: -1.00
07-05 20:10:55.183  8978  9283 W Summariser:   noise tolerance: 45.00
07-05 20:10:55.183  8978  9283 W Summariser:   quality: 23
07-05 20:10:55.183  8978  9283 W Summariser:   speed: medium
07-05 20:10:55.183  8978  9283 W Summariser:   freeze duration: 1.00
07-05 20:10:58.665  8978  8978 W NearbyFragment: Completed downloading 20200312_193628.mp4 from Endpoint{id=njPJ, name=Galaxy S8 [2802]} in 23.377s
07-05 20:10:58.736  8978  9250 W mobile-ffmpeg: [mov,mp4,m4a,3gp,3g2,mj2 @ 0x7a20ea4800] Found duplicated MOOV Atom. Skipped it
07-05 20:10:58.948  8978  9250 W mobile-ffmpeg: [graph 0 input from stream 0:0 @ 0x7a20e2bfc0] sws_param option is deprecated and ignored
07-05 20:11:29.232  8978  9250 W mobile-ffmpeg: [mov,mp4,m4a,3gp,3g2,mj2 @ 0x7a20ea4800] Found duplicated MOOV Atom. Skipped it
07-05 20:11:29.386  8978  9407 W Summariser: 1 active sections found
07-05 20:11:29.406  8978  9250 W mobile-ffmpeg: [mov,mp4,m4a,3gp,3g2,mj2 @ 0x7a20ea4800] Found duplicated MOOV Atom. Skipped it
07-05 20:11:29.626  8978  9250 W mobile-ffmpeg: [graph 0 input from stream 0:0 @ 0x7a20e2b9c0] sws_param option is deprecated and ignored
07-05 20:11:58.958  8978  8978 W NearbyFragment: Completed downloading 20200312_193828.mp4 from Endpoint{id=njPJ, name=Galaxy S8 [2802]} in 27.658s
07-05 20:12:29.832  8978  9250 W mobile-ffmpeg: [mov,mp4,m4a,3gp,3g2,mj2 @ 0x7a20ea4800] Found duplicated MOOV Atom. Skipped it
07-05 20:12:30.049  8978  9407 W Summariser: Summarisation completed
07-05 20:12:30.049  8978  9407 W Summariser:   filename: 20200312_193628.mp4
07-05 20:12:30.049  8978  9407 W Summariser:   active sections: 1
07-05 20:12:30.049  8978  9407 W Summariser:   time: 91.095s
07-05 20:12:30.049  8978  9407 W Summariser:   original duration: 60.02
07-05 20:12:30.049  8978  9407 W Summariser:   summarised duration: 6.07
07-05 20:12:30.049  8978  9407 W Summariser:   noise tolerance: 45.00
07-05 20:12:30.049  8978  9407 W Summariser:   quality: 23
07-05 20:12:30.049  8978  9407 W Summariser:   speed: medium
07-05 20:12:30.049  8978  9407 W Summariser:   freeze duration: 1.00
07-05 20:12:30.124  8978  9407 W NearbyFragment: Sending 20200312_193628.mp4 to Galaxy S8 [2802]
07-05 20:12:30.161  8978  9250 W mobile-ffmpeg: [mov,mp4,m4a,3gp,3g2,mj2 @ 0x7a20ea4800] Found duplicated MOOV Atom. Skipped it
07-05 20:12:30.401  8978  9250 W mobile-ffmpeg: [graph 0 input from stream 0:0 @ 0x7a20e2ba80] sws_param option is deprecated and ignored
07-05 20:13:00.395  8978  9407 W Summariser: 1 active sections found
07-05 20:13:00.409  8978  9250 W mobile-ffmpeg: [mov,mp4,m4a,3gp,3g2,mj2 @ 0x7a20ea4800] Found duplicated MOOV Atom. Skipped it
07-05 20:13:00.578  8978  9250 W mobile-ffmpeg: [graph 0 input from stream 0:0 @ 0x7a20e2ba80] sws_param option is deprecated and ignored
07-05 20:13:12.670  8978  8978 W NearbyFragment: Completed downloading 20200312_194129.mp4 from Endpoint{id=njPJ, name=Galaxy S8 [2802]} in 26.131s
07-05 20:14:06.704  8978  9250 W mobile-ffmpeg: [mov,mp4,m4a,3gp,3g2,mj2 @ 0x7a20ea4800] Found duplicated MOOV Atom. Skipped it
07-05 20:14:06.892  8978  9407 W Summariser: Summarisation completed
07-05 20:14:06.892  8978  9407 W Summariser:   filename: 20200312_193828.mp4
07-05 20:14:06.892  8978  9407 W Summariser:   active sections: 1
07-05 20:14:06.892  8978  9407 W Summariser:   time: 96.552s
07-05 20:14:06.892  8978  9407 W Summariser:   original duration: 60.02
07-05 20:14:06.892  8978  9407 W Summariser:   summarised duration: 14.28
07-05 20:14:06.892  8978  9407 W Summariser:   noise tolerance: 45.00
07-05 20:14:06.892  8978  9407 W Summariser:   quality: 23
07-05 20:14:06.892  8978  9407 W Summariser:   speed: medium
07-05 20:14:06.892  8978  9407 W Summariser:   freeze duration: 1.00
07-05 20:14:06.952  8978  9407 W NearbyFragment: Sending 20200312_193828.mp4 to Galaxy S8 [2802]
07-05 20:14:06.988  8978  9250 W mobile-ffmpeg: [mov,mp4,m4a,3gp,3g2,mj2 @ 0x7a20ea4800] Found duplicated MOOV Atom. Skipped it
07-05 20:14:07.139  8978  9250 W mobile-ffmpeg: [graph 0 input from stream 0:0 @ 0x7a20e2be40] sws_param option is deprecated and ignored
07-05 20:14:32.011  8978  9407 W Summariser: 2 active sections found
07-05 20:14:32.027  8978  9250 W mobile-ffmpeg: [mov,mp4,m4a,3gp,3g2,mj2 @ 0x7a20ea4800] Found duplicated MOOV Atom. Skipped it
07-05 20:14:32.190  8978  9250 W mobile-ffmpeg: [graph 0 input from stream 0:0 @ 0x7a20e2ba80] sws_param option is deprecated and ignored
07-05 20:14:32.290  8978  9250 W mobile-ffmpeg: [graph 0 input from stream 0:0 @ 0x7a20e2c380] sws_param option is deprecated and ignored
07-05 20:15:16.203  8978  8978 W NearbyFragment: Completed downloading 20200312_194730.mp4 from Endpoint{id=njPJ, name=Galaxy S8 [2802]} in 58.549s
07-05 20:15:42.258  8978  9250 W mobile-ffmpeg: [mov,mp4,m4a,3gp,3g2,mj2 @ 0x7a20ea4800] Found duplicated MOOV Atom. Skipped it
07-05 20:15:42.431  8978  9407 W Summariser: Summarisation completed
07-05 20:15:42.431  8978  9407 W Summariser:   filename: 20200312_194129.mp4
07-05 20:15:42.431  8978  9407 W Summariser:   active sections: 2
07-05 20:15:42.431  8978  9407 W Summariser:   time: 95.270s
07-05 20:15:42.431  8978  9407 W Summariser:   original duration: 60.02
07-05 20:15:42.431  8978  9407 W Summariser:   summarised duration: 10.77
07-05 20:15:42.431  8978  9407 W Summariser:   noise tolerance: 45.00
07-05 20:15:42.431  8978  9407 W Summariser:   quality: 23
07-05 20:15:42.431  8978  9407 W Summariser:   speed: medium
07-05 20:15:42.431  8978  9407 W Summariser:   freeze duration: 1.00
07-05 20:15:42.503  8978  9407 W NearbyFragment: Sending 20200312_194129.mp4 to Galaxy S8 [2802]
07-05 20:15:42.542  8978  9250 W mobile-ffmpeg: [mov,mp4,m4a,3gp,3g2,mj2 @ 0x7a20ea4800] Found duplicated MOOV Atom. Skipped it
07-05 20:15:42.710  8978  9250 W mobile-ffmpeg: [graph 0 input from stream 0:0 @ 0x7a20e2bf00] sws_param option is deprecated and ignored
07-05 20:16:15.563  8978  8978 W NearbyFragment: Completed downloading 20200312_194830.mp4 from Endpoint{id=njPJ, name=Galaxy S8 [2802]} in 94.136s
07-05 20:16:15.786  8978  9407 W Summariser: No activity detected
07-05 20:16:15.799  8978  9250 W mobile-ffmpeg: [mov,mp4,m4a,3gp,3g2,mj2 @ 0x7a20ea4800] Found duplicated MOOV Atom. Skipped it
07-05 20:16:15.897  8978  9407 W Summariser: Summarisation completed
07-05 20:16:15.897  8978  9407 W Summariser:   filename: 20200312_194730.mp4
07-05 20:16:15.897  8978  9407 W Summariser:   active sections: 0
07-05 20:16:15.897  8978  9407 W Summariser:   time: 33.263s
07-05 20:16:15.897  8978  9407 W Summariser:   original duration: 60.02
07-05 20:16:15.897  8978  9407 W Summariser:   summarised duration: -1.00
07-05 20:16:15.897  8978  9407 W Summariser:   noise tolerance: 45.00
07-05 20:16:15.897  8978  9407 W Summariser:   quality: 23
07-05 20:16:15.897  8978  9407 W Summariser:   speed: medium
07-05 20:16:15.897  8978  9407 W Summariser:   freeze duration: 1.00
07-05 20:16:15.935  8978  9250 W mobile-ffmpeg: [mov,mp4,m4a,3gp,3g2,mj2 @ 0x7a20ea4800] Found duplicated MOOV Atom. Skipped it
07-05 20:16:16.152  8978  9250 W mobile-ffmpeg: [graph 0 input from stream 0:0 @ 0x7a20e2bd80] sws_param option is deprecated and ignored
07-05 20:16:50.221  8978  9407 W Summariser: 4 active sections found
07-05 20:16:50.239  8978  9250 W mobile-ffmpeg: [mov,mp4,m4a,3gp,3g2,mj2 @ 0x7a20ea4800] Found duplicated MOOV Atom. Skipped it
07-05 20:16:50.446  8978  9250 W mobile-ffmpeg: [graph 0 input from stream 0:0 @ 0x7a20e2c2c0] sws_param option is deprecated and ignored
07-05 20:16:50.446  8978  9250 W mobile-ffmpeg: [graph 0 input from stream 0:0 @ 0x7a20e2cb00] sws_param option is deprecated and ignored
07-05 20:16:50.447  8978  9250 W mobile-ffmpeg: [graph 0 input from stream 0:0 @ 0x7a20e2cc80] sws_param option is deprecated and ignored
07-05 20:16:50.447  8978  9250 W mobile-ffmpeg: [graph 0 input from stream 0:0 @ 0x7a20e2ce00] sws_param option is deprecated and ignored
07-05 20:16:55.856  8978  8978 W NearbyFragment: Completed downloading 20200312_195230.mp4 from Endpoint{id=njPJ, name=Galaxy S8 [2802]} in 90.931s
07-05 20:17:37.052  8978  8978 W NearbyFragment: Completed downloading 20200312_195430.mp4 from Endpoint{id=njPJ, name=Galaxy S8 [2802]} in 85.687s
07-05 20:18:50.055  8978  9250 W mobile-ffmpeg: [mov,mp4,m4a,3gp,3g2,mj2 @ 0x7a20ea4800] Found duplicated MOOV Atom. Skipped it
07-05 20:18:50.296  8978  9407 W Summariser: Summarisation completed
07-05 20:18:50.296  8978  9407 W Summariser:   filename: 20200312_194830.mp4
07-05 20:18:50.296  8978  9407 W Summariser:   active sections: 4
07-05 20:18:50.296  8978  9407 W Summariser:   time: 154.119s
07-05 20:18:50.296  8978  9407 W Summariser:   original duration: 60.02
07-05 20:18:50.296  8978  9407 W Summariser:   summarised duration: 19.02
07-05 20:18:50.296  8978  9407 W Summariser:   noise tolerance: 45.00
07-05 20:18:50.296  8978  9407 W Summariser:   quality: 23
07-05 20:18:50.296  8978  9407 W Summariser:   speed: medium
07-05 20:18:50.296  8978  9407 W Summariser:   freeze duration: 1.00
07-05 20:18:50.367  8978  9407 W NearbyFragment: Sending 20200312_194830.mp4 to Galaxy S8 [2802]
07-05 20:18:50.431  8978  9250 W mobile-ffmpeg: [mov,mp4,m4a,3gp,3g2,mj2 @ 0x7a20ea4800] Found duplicated MOOV Atom. Skipped it
07-05 20:18:50.630  8978  9250 W mobile-ffmpeg: [graph 0 input from stream 0:0 @ 0x7a20e2bf00] sws_param option is deprecated and ignored
07-05 20:19:21.329  8978  9407 W Summariser: 1 active sections found
07-05 20:19:21.351  8978  9250 W mobile-ffmpeg: [mov,mp4,m4a,3gp,3g2,mj2 @ 0x7a20ea4800] Found duplicated MOOV Atom. Skipped it
07-05 20:19:21.525  8978  9250 W mobile-ffmpeg: [graph 0 input from stream 0:0 @ 0x7a20e2bcc0] sws_param option is deprecated and ignored
07-05 20:19:58.209  8978  9250 W mobile-ffmpeg: [mov,mp4,m4a,3gp,3g2,mj2 @ 0x7a20ea4800] Found duplicated MOOV Atom. Skipped it
07-05 20:19:58.322  8978  9407 W Summariser: Summarisation completed
07-05 20:19:58.322  8978  9407 W Summariser:   filename: 20200312_195230.mp4
07-05 20:19:58.322  8978  9407 W Summariser:   active sections: 1
07-05 20:19:58.322  8978  9407 W Summariser:   time: 67.819s
07-05 20:19:58.322  8978  9407 W Summariser:   original duration: 60.02
07-05 20:19:58.322  8978  9407 W Summariser:   summarised duration: 6.97
07-05 20:19:58.322  8978  9407 W Summariser:   noise tolerance: 45.00
07-05 20:19:58.322  8978  9407 W Summariser:   quality: 23
07-05 20:19:58.322  8978  9407 W Summariser:   speed: medium
07-05 20:19:58.322  8978  9407 W Summariser:   freeze duration: 1.00
07-05 20:19:58.375  8978  9407 W NearbyFragment: Sending 20200312_195230.mp4 to Galaxy S8 [2802]
07-05 20:19:58.404  8978  9250 W mobile-ffmpeg: [mov,mp4,m4a,3gp,3g2,mj2 @ 0x7a20ea4800] Found duplicated MOOV Atom. Skipped it
07-05 20:19:58.592  8978  9250 W mobile-ffmpeg: [graph 0 input from stream 0:0 @ 0x7a20e2bf00] sws_param option is deprecated and ignored
07-05 20:20:19.374  8978  9407 W Summariser: 5 active sections found
07-05 20:20:19.390  8978  9250 W mobile-ffmpeg: [mov,mp4,m4a,3gp,3g2,mj2 @ 0x7a20ea4800] Found duplicated MOOV Atom. Skipped it
07-05 20:20:19.563  8978  9250 W mobile-ffmpeg: [graph 0 input from stream 0:0 @ 0x7a20e2c500] sws_param option is deprecated and ignored
07-05 20:20:19.565  8978  9250 W mobile-ffmpeg: [graph 0 input from stream 0:0 @ 0x7a20e2cd40] sws_param option is deprecated and ignored
07-05 20:20:19.565  8978  9250 W mobile-ffmpeg: [graph 0 input from stream 0:0 @ 0x7a20e2ca40] sws_param option is deprecated and ignored
07-05 20:20:19.565  8978  9250 W mobile-ffmpeg: [graph 0 input from stream 0:0 @ 0x7a20e2cec0] sws_param option is deprecated and ignored
07-05 20:20:19.565  8978  9250 W mobile-ffmpeg: [graph 0 input from stream 0:0 @ 0x7a20e2d040] sws_param option is deprecated and ignored
07-05 20:21:57.460  8978  9250 W mobile-ffmpeg: [mov,mp4,m4a,3gp,3g2,mj2 @ 0x7a20ea4800] Found duplicated MOOV Atom. Skipped it
07-05 20:21:57.681  8978  9407 W Summariser: Summarisation completed
07-05 20:21:57.681  8978  9407 W Summariser:   filename: 20200312_195430.mp4
07-05 20:21:57.681  8978  9407 W Summariser:   active sections: 5
07-05 20:21:57.681  8978  9407 W Summariser:   time: 119.057s
07-05 20:21:57.681  8978  9407 W Summariser:   original duration: 60.02
07-05 20:21:57.681  8978  9407 W Summariser:   summarised duration: 21.92
07-05 20:21:57.681  8978  9407 W Summariser:   noise tolerance: 45.00
07-05 20:21:57.681  8978  9407 W Summariser:   quality: 23
07-05 20:21:57.681  8978  9407 W Summariser:   speed: medium
07-05 20:21:57.681  8978  9407 W Summariser:   freeze duration: 1.00
07-05 20:21:57.749  8978  9407 W NearbyFragment: Sending 20200312_195430.mp4 to Galaxy S8 [2802]
