07-05 23:02:17.806 18955 18986 D SummariserIntentService: Scanned /storage/emulated/0/Movies/summarised
07-05 23:02:17.806 18955 18986 D SummariserIntentService:   -> uri=content://media/external/file/8207
07-05 23:02:17.862 18955 18955 D NearbyFragment: onPayloadReceived(endpointId=hrLv, payload=com.google.android.gms.nearby.connection.Payload@61ee637)
07-05 23:02:17.863 18955 18955 V NearbyFragment: Started downloading SUMMARISE_SEGMENT:-6727709067822537414:20200312_194330!003.mp4:45.0_1.0_23_medium from Endpoint{id=hrLv, name=Galaxy S8 [2802]}
07-05 23:02:17.867 18955 18955 V NearbyFragment: Transfer to Endpoint{id=hrLv, name=Galaxy S8 [2802]} complete
07-05 23:02:17.869 18955 18955 V NearbyFragment: Transfer to Endpoint{id=hrLv, name=Galaxy S8 [2802]} complete
07-05 23:02:17.918 18955 18955 D NearbyFragment: onPayloadReceived(endpointId=hrLv, payload=com.google.android.gms.nearby.connection.Payload@ad6f7a4)
07-05 23:02:20.302 18955 18955 V NearbyFragment: Transfer to Endpoint{id=hrLv, name=Galaxy S8 [2802]} complete
07-05 23:02:20.303 18955 18955 W NearbyFragment: Completed downloading 20200312_194330!003.mp4 from Endpoint{id=hrLv, name=Galaxy S8 [2802]} in 02.439s
07-05 23:02:20.310 18955 18955 V FileManager: External storage is readable
07-05 23:02:20.311 18955 18955 V FileManager: Created new directory: /storage/emulated/0/Movies/segment-sum/20200312_194330
07-05 23:02:20.312 18955 18955 D NearbyFragment: Summarising 20200312_194330!003.mp4
07-05 23:02:20.312 18955 18955 V VideoManager: Retrieving video from /storage/emulated/0/Download/Nearby/20200312_194330!003.mp4
07-05 23:02:20.322 18955 18955 D VideoManager: videoCursor is null
07-05 23:02:20.345 18955 18955 V VideoManager: videoFromCursor
07-05 23:02:20.347 18955 18955 V ProcessingVideosEventHandler: onAdd
07-05 23:02:20.348 18955 18955 V RawFootageEventHandler: onRemove
07-05 23:02:20.353 18955 18955 V NearbyFragment: Transfer to Endpoint{id=hrLv, name=Galaxy S8 [2802]} complete
07-05 23:02:20.360 18955 19703 V SummariserIntentService: onHandleIntent
07-05 23:02:20.360 18955 19703 D SummariserIntentService: Video{id='8380', data='/storage/emulated/0/Download/Nearby/20200312_194330!003.mp4', name='20200312_194330!003.mp4', size=12624666, visible=true, mimeType='video/mp4'}
07-05 23:02:20.361 18955 19703 D SummariserIntentService: /storage/emulated/0/Movies/segment-sum/20200312_194330/20200312_194330!003.mp4
07-05 23:02:20.362 18955 19703 I FfmpegTools: Running ffmpeg with:
07-05 23:02:20.362 18955 19703 I FfmpegTools:   -y -i /storage/emulated/0/Download/Nearby/20200312_194330!003.mp4 -vf freezedetect=n=-45.000000dB:d=1.000000,metadata=mode=print:file=/storage/emulated/0/Movies/raw/20200312_194330!003.txt -f null -
07-05 23:02:20.552 18955 19237 W mobile-ffmpeg: [graph 0 input from stream 0:0 @ 0x7a108324c0] sws_param option is deprecated and ignored
07-05 23:02:24.638 18955 19703 W Summariser: No activity detected
07-05 23:02:24.640 18955 19703 V FfmpegTools: Retrieving duration of /storage/emulated/0/Download/Nearby/20200312_194330!003.mp4
07-05 23:02:24.713 18955 19703 W Summariser: Summarisation completed
07-05 23:02:24.713 18955 19703 W Summariser:   filename: 20200312_194330!003.mp4
07-05 23:02:24.713 18955 19703 W Summariser:   active sections: 0
07-05 23:02:24.713 18955 19703 W Summariser:   time: 04.278s
07-05 23:02:24.713 18955 19703 W Summariser:   original duration: 12.01
07-05 23:02:24.713 18955 19703 W Summariser:   summarised duration: -1.00
07-05 23:02:24.713 18955 19703 W Summariser:   noise tolerance: 45.00
07-05 23:02:24.713 18955 19703 W Summariser:   quality: 23
07-05 23:02:24.713 18955 19703 W Summariser:   speed: medium
07-05 23:02:24.713 18955 19703 W Summariser:   freeze duration: 1.00
07-05 23:02:24.716 18955 19703 V ProcessingVideosEventHandler: onRemove
07-05 23:02:24.734 18955 18955 V NearbyFragment: Transfer to Endpoint{id=hrLv, name=Galaxy S8 [2802]} complete
07-05 23:02:24.765 18955 18985 D SummariserIntentService: Scanned /storage/emulated/0/Movies/summarised
07-05 23:02:24.765 18955 18985 D SummariserIntentService:   -> uri=content://media/external/file/8207
07-05 23:02:24.894 18955 18955 D NearbyFragment: onPayloadReceived(endpointId=hrLv, payload=com.google.android.gms.nearby.connection.Payload@6efdcc5)
07-05 23:02:24.895 18955 18955 V NearbyFragment: Started downloading SUMMARISE_SEGMENT:-8003005409665160451:20200312_194730!001.mp4:45.0_1.0_23_medium from Endpoint{id=hrLv, name=Galaxy S8 [2802]}
07-05 23:02:24.911 18955 18955 V NearbyFragment: Transfer to Endpoint{id=hrLv, name=Galaxy S8 [2802]} complete
07-05 23:02:25.079 18955 18955 D NearbyFragment: onPayloadReceived(endpointId=hrLv, payload=com.google.android.gms.nearby.connection.Payload@ec3361a)
07-05 23:02:29.384 18955 18955 V NearbyFragment: Transfer to Endpoint{id=hrLv, name=Galaxy S8 [2802]} complete
07-05 23:02:29.385 18955 18955 W NearbyFragment: Completed downloading 20200312_194730!001.mp4 from Endpoint{id=hrLv, name=Galaxy S8 [2802]} in 04.487s
07-05 23:02:29.400 18955 18955 V FileManager: External storage is readable
07-05 23:02:29.402 18955 18955 V FileManager: Created new directory: /storage/emulated/0/Movies/segment-sum/20200312_194730
07-05 23:02:29.403 18955 18955 D NearbyFragment: Summarising 20200312_194730!001.mp4
07-05 23:02:29.403 18955 18955 V VideoManager: Retrieving video from /storage/emulated/0/Download/Nearby/20200312_194730!001.mp4
07-05 23:02:29.417 18955 18955 D VideoManager: videoCursor is null
07-05 23:02:29.446 18955 18955 V VideoManager: videoFromCursor
07-05 23:02:29.450 18955 18955 V ProcessingVideosEventHandler: onAdd
07-05 23:02:29.451 18955 18955 V RawFootageEventHandler: onRemove
07-05 23:02:29.457 18955 18955 V NearbyFragment: Transfer to Endpoint{id=hrLv, name=Galaxy S8 [2802]} complete
07-05 23:02:29.465 18955 19718 V SummariserIntentService: onHandleIntent
07-05 23:02:29.467 18955 19718 D SummariserIntentService: Video{id='8381', data='/storage/emulated/0/Download/Nearby/20200312_194730!001.mp4', name='20200312_194730!001.mp4', size=16934031, visible=true, mimeType='video/mp4'}
07-05 23:02:29.467 18955 19718 D SummariserIntentService: /storage/emulated/0/Movies/segment-sum/20200312_194730/20200312_194730!001.mp4
07-05 23:02:29.470 18955 19718 I FfmpegTools: Running ffmpeg with:
07-05 23:02:29.470 18955 19718 I FfmpegTools:   -y -i /storage/emulated/0/Download/Nearby/20200312_194730!001.mp4 -vf freezedetect=n=-45.000000dB:d=1.000000,metadata=mode=print:file=/storage/emulated/0/Movies/raw/20200312_194730!001.txt -f null -
07-05 23:02:29.954 18955 19237 W mobile-ffmpeg: [graph 0 input from stream 0:0 @ 0x7a108324c0] sws_param option is deprecated and ignored
07-05 23:02:35.396 18955 19718 W Summariser: No activity detected
07-05 23:02:35.397 18955 19718 V FfmpegTools: Retrieving duration of /storage/emulated/0/Download/Nearby/20200312_194730!001.mp4
07-05 23:02:35.502 18955 19718 W Summariser: Summarisation completed
07-05 23:02:35.502 18955 19718 W Summariser:   filename: 20200312_194730!001.mp4
07-05 23:02:35.502 18955 19718 W Summariser:   active sections: 0
07-05 23:02:35.502 18955 19718 W Summariser:   time: 05.929s
07-05 23:02:35.502 18955 19718 W Summariser:   original duration: 16.02
07-05 23:02:35.502 18955 19718 W Summariser:   summarised duration: -1.00
07-05 23:02:35.502 18955 19718 W Summariser:   noise tolerance: 45.00
07-05 23:02:35.502 18955 19718 W Summariser:   quality: 23
07-05 23:02:35.502 18955 19718 W Summariser:   speed: medium
07-05 23:02:35.502 18955 19718 W Summariser:   freeze duration: 1.00
07-05 23:02:35.506 18955 19718 V ProcessingVideosEventHandler: onRemove
07-05 23:02:35.530 18955 18955 V NearbyFragment: Transfer to Endpoint{id=hrLv, name=Galaxy S8 [2802]} complete
07-05 23:02:35.557 18955 18968 D SummariserIntentService: Scanned /storage/emulated/0/Movies/summarised
07-05 23:02:35.557 18955 18968 D SummariserIntentService:   -> uri=content://media/external/file/8207
07-05 23:02:35.626 18955 18955 D NearbyFragment: onPayloadReceived(endpointId=hrLv, payload=com.google.android.gms.nearby.connection.Payload@ad3f2c3)
07-05 23:02:35.627 18955 18955 V NearbyFragment: Started downloading SUMMARISE_SEGMENT:-5357370308396493351:20200312_194730!003.mp4:45.0_1.0_23_medium from Endpoint{id=hrLv, name=Galaxy S8 [2802]}
07-05 23:02:35.632 18955 18955 V NearbyFragment: Transfer to Endpoint{id=hrLv, name=Galaxy S8 [2802]} complete
07-05 23:02:35.687 18955 18955 D NearbyFragment: onPayloadReceived(endpointId=hrLv, payload=com.google.android.gms.nearby.connection.Payload@607f740)
07-05 23:02:41.185 18955 18955 V NearbyFragment: Transfer to Endpoint{id=hrLv, name=Galaxy S8 [2802]} complete
07-05 23:02:41.186 18955 18955 W NearbyFragment: Completed downloading 20200312_194730!003.mp4 from Endpoint{id=hrLv, name=Galaxy S8 [2802]} in 05.559s
07-05 23:02:41.193 18955 18955 V FileManager: External storage is readable
07-05 23:02:41.194 18955 18955 V FileManager: Directory already exists: /storage/emulated/0/Movies/segment-sum/20200312_194730
07-05 23:02:41.194 18955 18955 D NearbyFragment: Summarising 20200312_194730!003.mp4
07-05 23:02:41.194 18955 18955 V VideoManager: Retrieving video from /storage/emulated/0/Download/Nearby/20200312_194730!003.mp4
07-05 23:02:41.201 18955 18955 V VideoManager: videoFromCursor
07-05 23:02:41.203 18955 18955 V ProcessingVideosEventHandler: onAdd
07-05 23:02:41.204 18955 18955 V RawFootageEventHandler: onRemove
07-05 23:02:41.208 18955 18955 V NearbyFragment: Transfer to Endpoint{id=hrLv, name=Galaxy S8 [2802]} complete
07-05 23:02:41.213 18955 19733 V SummariserIntentService: onHandleIntent
07-05 23:02:41.214 18955 19733 D SummariserIntentService: Video{id='8319', data='/storage/emulated/0/Download/Nearby/20200312_194730!003.mp4', name='20200312_194730!003.mp4', size=12635242, visible=true, mimeType='video/mp4'}
07-05 23:02:41.214 18955 19733 D SummariserIntentService: /storage/emulated/0/Movies/segment-sum/20200312_194730/20200312_194730!003.mp4
07-05 23:02:41.216 18955 19733 I FfmpegTools: Running ffmpeg with:
07-05 23:02:41.216 18955 19733 I FfmpegTools:   -y -i /storage/emulated/0/Download/Nearby/20200312_194730!003.mp4 -vf freezedetect=n=-45.000000dB:d=1.000000,metadata=mode=print:file=/storage/emulated/0/Movies/raw/20200312_194730!003.txt -f null -
07-05 23:02:41.321 18955 19237 W mobile-ffmpeg: [graph 0 input from stream 0:0 @ 0x7a108324c0] sws_param option is deprecated and ignored
07-05 23:02:45.405 18955 19733 W Summariser: No activity detected
07-05 23:02:45.407 18955 19733 V FfmpegTools: Retrieving duration of /storage/emulated/0/Download/Nearby/20200312_194730!003.mp4
07-05 23:02:45.475 18955 19733 W Summariser: Summarisation completed
07-05 23:02:45.475 18955 19733 W Summariser:   filename: 20200312_194730!003.mp4
07-05 23:02:45.475 18955 19733 W Summariser:   active sections: 0
07-05 23:02:45.475 18955 19733 W Summariser:   time: 04.191s
07-05 23:02:45.475 18955 19733 W Summariser:   original duration: 12.03
07-05 23:02:45.475 18955 19733 W Summariser:   summarised duration: -1.00
07-05 23:02:45.475 18955 19733 W Summariser:   noise tolerance: 45.00
07-05 23:02:45.475 18955 19733 W Summariser:   quality: 23
07-05 23:02:45.475 18955 19733 W Summariser:   speed: medium
07-05 23:02:45.475 18955 19733 W Summariser:   freeze duration: 1.00
07-05 23:02:45.476 18955 19733 V ProcessingVideosEventHandler: onRemove
07-05 23:02:45.493 18955 18960 I zygote64: Do partial code cache collection, code=249KB, data=159KB
07-05 23:02:45.494 18955 18960 I zygote64: After code cache collection, code=249KB, data=159KB
07-05 23:02:45.494 18955 18960 I zygote64: Increasing code cache capacity to 1024KB
07-05 23:02:45.498 18955 18955 V NearbyFragment: Transfer to Endpoint{id=hrLv, name=Galaxy S8 [2802]} complete
07-05 23:02:45.533 18955 18968 D SummariserIntentService: Scanned /storage/emulated/0/Movies/summarised
07-05 23:02:45.533 18955 18968 D SummariserIntentService:   -> uri=content://media/external/file/8207
07-05 23:02:45.720 18955 18955 D NearbyFragment: onPayloadReceived(endpointId=hrLv, payload=com.google.android.gms.nearby.connection.Payload@9befbb1)
07-05 23:02:45.723 18955 18955 V NearbyFragment: Started downloading SUMMARISE_SEGMENT:-5877928364415071797:20200312_194830!001.mp4:45.0_1.0_23_medium from Endpoint{id=hrLv, name=Galaxy S8 [2802]}
07-05 23:02:45.729 18955 18955 V NearbyFragment: Transfer to Endpoint{id=hrLv, name=Galaxy S8 [2802]} complete
07-05 23:02:49.362 18955 18955 D NearbyFragment: onPayloadReceived(endpointId=hrLv, payload=com.google.android.gms.nearby.connection.Payload@2e74896)
07-05 23:02:53.263 18955 18955 V NearbyFragment: Transfer to Endpoint{id=hrLv, name=Galaxy S8 [2802]} complete
07-05 23:02:53.264 18955 18955 W NearbyFragment: Completed downloading 20200312_194830!001.mp4 from Endpoint{id=hrLv, name=Galaxy S8 [2802]} in 07.538s
07-05 23:02:53.271 18955 18955 V FileManager: External storage is readable
07-05 23:02:53.272 18955 18955 V FileManager: Created new directory: /storage/emulated/0/Movies/segment-sum/20200312_194830
07-05 23:02:53.273 18955 18955 D NearbyFragment: Summarising 20200312_194830!001.mp4
07-05 23:02:53.273 18955 18955 V VideoManager: Retrieving video from /storage/emulated/0/Download/Nearby/20200312_194830!001.mp4
07-05 23:02:53.282 18955 18955 V VideoManager: videoFromCursor
07-05 23:02:53.285 18955 18955 V ProcessingVideosEventHandler: onAdd
07-05 23:02:53.286 18955 18955 V RawFootageEventHandler: onRemove
07-05 23:02:53.290 18955 18955 V NearbyFragment: Transfer to Endpoint{id=hrLv, name=Galaxy S8 [2802]} complete
07-05 23:02:53.297 18955 19753 V SummariserIntentService: onHandleIntent
07-05 23:02:53.298 18955 19753 D SummariserIntentService: Video{id='8322', data='/storage/emulated/0/Download/Nearby/20200312_194830!001.mp4', name='20200312_194830!001.mp4', size=16986763, visible=true, mimeType='video/mp4'}
07-05 23:02:53.298 18955 19753 D SummariserIntentService: /storage/emulated/0/Movies/segment-sum/20200312_194830/20200312_194830!001.mp4
07-05 23:02:53.300 18955 19753 I FfmpegTools: Running ffmpeg with:
07-05 23:02:53.300 18955 19753 I FfmpegTools:   -y -i /storage/emulated/0/Download/Nearby/20200312_194830!001.mp4 -vf freezedetect=n=-45.000000dB:d=1.000000,metadata=mode=print:file=/storage/emulated/0/Movies/raw/20200312_194830!001.txt -f null -
07-05 23:02:53.444 18955 19237 W mobile-ffmpeg: [graph 0 input from stream 0:0 @ 0x7a108324c0] sws_param option is deprecated and ignored
07-05 23:02:59.028 18955 19753 V FfmpegTools: Retrieving duration of /storage/emulated/0/Download/Nearby/20200312_194830!001.mp4
07-05 23:02:59.136 18955 19753 W Summariser: 2 active sections found
07-05 23:02:59.137 18955 19753 I FfmpegTools: Running ffmpeg with:
07-05 23:02:59.137 18955 19753 I FfmpegTools:   -y -i /storage/emulated/0/Download/Nearby/20200312_194830!001.mp4 -filter_complex [0:v]trim=0.000000:6.405000,setpts=PTS-STARTPTS[v0];[0:a]atrim=0.000000:6.405000,asetpts=PTS-STARTPTS[a0];[0:v]trim=14.379000:16.010000,setpts=PTS-STARTPTS[v1];[0:a]atrim=14.379000:16.010000,asetpts=PTS-STARTPTS[a1];[v0][a0][v1][a1]concat=n=2:v=1:a=1[outv][outa] -map [outv] -map [outa] -crf 23 -preset medium /storage/emulated/0/Movies/segment-sum/20200312_194830/20200312_194830!001.mp4
07-05 23:02:59.297 18955 19237 W mobile-ffmpeg: [graph 0 input from stream 0:0 @ 0x7a108324c0] sws_param option is deprecated and ignored
07-05 23:02:59.297 18955 19237 W mobile-ffmpeg: [graph 0 input from stream 0:0 @ 0x7a10832b80] sws_param option is deprecated and ignored
07-05 23:03:30.157 18955 19753 V FfmpegTools: Retrieving duration of /storage/emulated/0/Download/Nearby/20200312_194830!001.mp4
07-05 23:03:30.264 18955 19753 V FfmpegTools: Retrieving duration of /storage/emulated/0/Movies/segment-sum/20200312_194830/20200312_194830!001.mp4
07-05 23:03:30.318 18955 19753 W Summariser: Summarisation completed
07-05 23:03:30.318 18955 19753 W Summariser:   filename: 20200312_194830!001.mp4
07-05 23:03:30.318 18955 19753 W Summariser:   active sections: 2
07-05 23:03:30.318 18955 19753 W Summariser:   time: 36.857s
07-05 23:03:30.318 18955 19753 W Summariser:   original duration: 16.01
07-05 23:03:30.318 18955 19753 W Summariser:   summarised duration: 8.10
07-05 23:03:30.318 18955 19753 W Summariser:   noise tolerance: 45.00
07-05 23:03:30.318 18955 19753 W Summariser:   quality: 23
07-05 23:03:30.318 18955 19753 W Summariser:   speed: medium
07-05 23:03:30.318 18955 19753 W Summariser:   freeze duration: 1.00
07-05 23:03:30.319 18955 19753 V VideoManager: Retrieving video from /storage/emulated/0/Movies/segment-sum/20200312_194830/20200312_194830!001.mp4
07-05 23:03:30.351 18955 19753 V VideoManager: videoFromCursor
07-05 23:03:30.360 18955 19753 W NearbyFragment: Sending 20200312_194830!001.mp4 to Galaxy S8 [2802]
07-05 23:03:30.364 18955 19753 V ProcessingVideosEventHandler: onRemove
07-05 23:03:30.385 18955 18955 V NearbyFragment: Transfer to Endpoint{id=hrLv, name=Galaxy S8 [2802]} complete
07-05 23:03:30.435 18955 18967 D SummariserIntentService: Scanned /storage/emulated/0/Movies/summarised
07-05 23:03:30.435 18955 18967 D SummariserIntentService:   -> uri=content://media/external/file/8207
07-05 23:03:30.459 18955 18955 V NearbyFragment: Transfer to Endpoint{id=hrLv, name=Galaxy S8 [2802]} complete
07-05 23:03:30.598 18955 18955 D NearbyFragment: onPayloadReceived(endpointId=hrLv, payload=com.google.android.gms.nearby.connection.Payload@5af639c)
07-05 23:03:30.599 18955 18955 V NearbyFragment: Started downloading SUMMARISE_SEGMENT:-8691360070771595379:20200312_195230!000.mp4:45.0_1.0_23_medium from Endpoint{id=hrLv, name=Galaxy S8 [2802]}
07-05 23:03:30.632 18955 18955 D NearbyFragment: onPayloadReceived(endpointId=hrLv, payload=com.google.android.gms.nearby.connection.Payload@2af21a5)
07-05 23:03:30.633 18955 18955 V NearbyFragment: Transfer to Endpoint{id=hrLv, name=Galaxy S8 [2802]} complete
07-05 23:03:34.825 18955 18955 V NearbyFragment: Transfer to Endpoint{id=hrLv, name=Galaxy S8 [2802]} complete
07-05 23:03:34.826 18955 18955 W NearbyFragment: Completed downloading 20200312_195230!000.mp4 from Endpoint{id=hrLv, name=Galaxy S8 [2802]} in 04.225s
07-05 23:03:34.835 18955 18955 V FileManager: External storage is readable
07-05 23:03:34.837 18955 18955 V FileManager: Created new directory: /storage/emulated/0/Movies/segment-sum/20200312_195230
07-05 23:03:34.838 18955 18955 D NearbyFragment: Summarising 20200312_195230!000.mp4
07-05 23:03:34.838 18955 18955 V VideoManager: Retrieving video from /storage/emulated/0/Download/Nearby/20200312_195230!000.mp4
07-05 23:03:34.849 18955 18955 V VideoManager: videoFromCursor
07-05 23:03:34.851 18955 18955 V ProcessingVideosEventHandler: onAdd
07-05 23:03:34.852 18955 18955 V RawFootageEventHandler: onRemove
07-05 23:03:34.856 18955 18955 V NearbyFragment: Transfer to Endpoint{id=hrLv, name=Galaxy S8 [2802]} complete
07-05 23:03:34.864 18955 19800 V SummariserIntentService: onHandleIntent
07-05 23:03:34.865 18955 19800 D SummariserIntentService: Video{id='8328', data='/storage/emulated/0/Download/Nearby/20200312_195230!000.mp4', name='20200312_195230!000.mp4', size=16897687, visible=true, mimeType='video/mp4'}
07-05 23:03:34.865 18955 19800 D SummariserIntentService: /storage/emulated/0/Movies/segment-sum/20200312_195230/20200312_195230!000.mp4
07-05 23:03:34.867 18955 19800 I FfmpegTools: Running ffmpeg with:
07-05 23:03:34.867 18955 19800 I FfmpegTools:   -y -i /storage/emulated/0/Download/Nearby/20200312_195230!000.mp4 -vf freezedetect=n=-45.000000dB:d=1.000000,metadata=mode=print:file=/storage/emulated/0/Movies/raw/20200312_195230!000.txt -f null -
07-05 23:03:35.045 18955 19237 W mobile-ffmpeg: [graph 0 input from stream 0:0 @ 0x7a108324c0] sws_param option is deprecated and ignored
07-05 23:03:40.529 18955 19800 W Summariser: No activity detected
07-05 23:03:40.531 18955 19800 V FfmpegTools: Retrieving duration of /storage/emulated/0/Download/Nearby/20200312_195230!000.mp4
07-05 23:03:40.598 18955 19800 W Summariser: Summarisation completed
07-05 23:03:40.598 18955 19800 W Summariser:   filename: 20200312_195230!000.mp4
07-05 23:03:40.598 18955 19800 W Summariser:   active sections: 0
07-05 23:03:40.598 18955 19800 W Summariser:   time: 05.664s
07-05 23:03:40.598 18955 19800 W Summariser:   original duration: 16.07
07-05 23:03:40.598 18955 19800 W Summariser:   summarised duration: -1.00
07-05 23:03:40.598 18955 19800 W Summariser:   noise tolerance: 45.00
07-05 23:03:40.598 18955 19800 W Summariser:   quality: 23
07-05 23:03:40.598 18955 19800 W Summariser:   speed: medium
07-05 23:03:40.598 18955 19800 W Summariser:   freeze duration: 1.00
07-05 23:03:40.602 18955 19800 V ProcessingVideosEventHandler: onRemove
07-05 23:03:40.632 18955 18955 V NearbyFragment: Transfer to Endpoint{id=hrLv, name=Galaxy S8 [2802]} complete
07-05 23:03:40.656 18955 18985 D SummariserIntentService: Scanned /storage/emulated/0/Movies/summarised
07-05 23:03:40.656 18955 18985 D SummariserIntentService:   -> uri=content://media/external/file/8207
07-05 23:03:40.831 18955 18955 D NearbyFragment: onPayloadReceived(endpointId=hrLv, payload=com.google.android.gms.nearby.connection.Payload@b5a0dd2)
07-05 23:03:40.832 18955 18955 V NearbyFragment: Started downloading SUMMARISE_SEGMENT:-8882042213296277538:20200312_195230!003.mp4:45.0_1.0_23_medium from Endpoint{id=hrLv, name=Galaxy S8 [2802]}
07-05 23:03:40.851 18955 18955 V NearbyFragment: Transfer to Endpoint{id=hrLv, name=Galaxy S8 [2802]} complete
07-05 23:03:42.040 18955 18955 D NearbyFragment: onPayloadReceived(endpointId=hrLv, payload=com.google.android.gms.nearby.connection.Payload@7fa0ea3)
07-05 23:03:46.005 18955 18955 V NearbyFragment: Transfer to Endpoint{id=hrLv, name=Galaxy S8 [2802]} complete
07-05 23:03:46.006 18955 18955 W NearbyFragment: Completed downloading 20200312_195230!003.mp4 from Endpoint{id=hrLv, name=Galaxy S8 [2802]} in 05.172s
07-05 23:03:46.014 18955 18955 V FileManager: External storage is readable
07-05 23:03:46.014 18955 18955 V FileManager: Directory already exists: /storage/emulated/0/Movies/segment-sum/20200312_195230
07-05 23:03:46.015 18955 18955 D NearbyFragment: Summarising 20200312_195230!003.mp4
07-05 23:03:46.015 18955 18955 V VideoManager: Retrieving video from /storage/emulated/0/Download/Nearby/20200312_195230!003.mp4
07-05 23:03:46.026 18955 18955 V VideoManager: videoFromCursor
07-05 23:03:46.029 18955 18955 V ProcessingVideosEventHandler: onAdd
07-05 23:03:46.030 18955 18955 V RawFootageEventHandler: onRemove
07-05 23:03:46.035 18955 18955 V NearbyFragment: Transfer to Endpoint{id=hrLv, name=Galaxy S8 [2802]} complete
07-05 23:03:46.042 18955 19817 V SummariserIntentService: onHandleIntent
07-05 23:03:46.043 18955 19817 D SummariserIntentService: Video{id='8332', data='/storage/emulated/0/Download/Nearby/20200312_195230!003.mp4', name='20200312_195230!003.mp4', size=12662984, visible=true, mimeType='video/mp4'}
07-05 23:03:46.043 18955 19817 D SummariserIntentService: /storage/emulated/0/Movies/segment-sum/20200312_195230/20200312_195230!003.mp4
07-05 23:03:46.044 18955 19817 I FfmpegTools: Running ffmpeg with:
07-05 23:03:46.044 18955 19817 I FfmpegTools:   -y -i /storage/emulated/0/Download/Nearby/20200312_195230!003.mp4 -vf freezedetect=n=-45.000000dB:d=1.000000,metadata=mode=print:file=/storage/emulated/0/Movies/raw/20200312_195230!003.txt -f null -
07-05 23:03:46.149 18955 19237 W mobile-ffmpeg: [graph 0 input from stream 0:0 @ 0x7a108324c0] sws_param option is deprecated and ignored
07-05 23:03:50.273 18955 19817 W Summariser: No activity detected
07-05 23:03:50.274 18955 19817 V FfmpegTools: Retrieving duration of /storage/emulated/0/Download/Nearby/20200312_195230!003.mp4
07-05 23:03:50.340 18955 19817 W Summariser: Summarisation completed
07-05 23:03:50.340 18955 19817 W Summariser:   filename: 20200312_195230!003.mp4
07-05 23:03:50.340 18955 19817 W Summariser:   active sections: 0
07-05 23:03:50.340 18955 19817 W Summariser:   time: 04.229s
07-05 23:03:50.340 18955 19817 W Summariser:   original duration: 12.01
07-05 23:03:50.340 18955 19817 W Summariser:   summarised duration: -1.00
07-05 23:03:50.340 18955 19817 W Summariser:   noise tolerance: 45.00
07-05 23:03:50.340 18955 19817 W Summariser:   quality: 23
07-05 23:03:50.340 18955 19817 W Summariser:   speed: medium
07-05 23:03:50.340 18955 19817 W Summariser:   freeze duration: 1.00
07-05 23:03:50.342 18955 19817 V ProcessingVideosEventHandler: onRemove
07-05 23:03:50.361 18955 18955 V NearbyFragment: Transfer to Endpoint{id=hrLv, name=Galaxy S8 [2802]} complete
07-05 23:03:50.386 18955 18986 D SummariserIntentService: Scanned /storage/emulated/0/Movies/summarised
07-05 23:03:50.386 18955 18986 D SummariserIntentService:   -> uri=content://media/external/file/8207
07-05 23:03:54.552 18955 18955 D NearbyFragment: onPayloadReceived(endpointId=hrLv, payload=com.google.android.gms.nearby.connection.Payload@616f8b8)
07-05 23:03:54.554 18955 18955 V NearbyFragment: Started downloading SUMMARISE_SEGMENT:-8139650356670317629:20200312_195330!000.mp4:45.0_1.0_23_medium from Endpoint{id=hrLv, name=Galaxy S8 [2802]}
07-05 23:03:54.557 18955 18955 V NearbyFragment: Transfer to Endpoint{id=hrLv, name=Galaxy S8 [2802]} complete
07-05 23:03:54.912 18955 18955 D NearbyFragment: onPayloadReceived(endpointId=hrLv, payload=com.google.android.gms.nearby.connection.Payload@de02691)
07-05 23:03:58.731 18955 18955 V NearbyFragment: Transfer to Endpoint{id=hrLv, name=Galaxy S8 [2802]} complete
07-05 23:03:58.732 18955 18955 W NearbyFragment: Completed downloading 20200312_195330!000.mp4 from Endpoint{id=hrLv, name=Galaxy S8 [2802]} in 04.175s
07-05 23:03:58.742 18955 18955 V FileManager: External storage is readable
07-05 23:03:58.743 18955 18955 V FileManager: Created new directory: /storage/emulated/0/Movies/segment-sum/20200312_195330
07-05 23:03:58.744 18955 18955 D NearbyFragment: Summarising 20200312_195330!000.mp4
07-05 23:03:58.744 18955 18955 V VideoManager: Retrieving video from /storage/emulated/0/Download/Nearby/20200312_195330!000.mp4
07-05 23:03:58.754 18955 18955 V VideoManager: videoFromCursor
07-05 23:03:58.757 18955 18955 V ProcessingVideosEventHandler: onAdd
07-05 23:03:58.758 18955 18955 V RawFootageEventHandler: onRemove
07-05 23:03:58.763 18955 18955 V NearbyFragment: Transfer to Endpoint{id=hrLv, name=Galaxy S8 [2802]} complete
07-05 23:03:58.771 18955 19836 V SummariserIntentService: onHandleIntent
07-05 23:03:58.772 18955 19836 D SummariserIntentService: Video{id='8369', data='/storage/emulated/0/Download/Nearby/20200312_195330!000.mp4', name='20200312_195330!000.mp4', size=16869597, visible=true, mimeType='video/mp4'}
07-05 23:03:58.772 18955 19836 D SummariserIntentService: /storage/emulated/0/Movies/segment-sum/20200312_195330/20200312_195330!000.mp4
07-05 23:03:58.775 18955 19836 I FfmpegTools: Running ffmpeg with:
07-05 23:03:58.775 18955 19836 I FfmpegTools:   -y -i /storage/emulated/0/Download/Nearby/20200312_195330!000.mp4 -vf freezedetect=n=-45.000000dB:d=1.000000,metadata=mode=print:file=/storage/emulated/0/Movies/raw/20200312_195330!000.txt -f null -
07-05 23:03:58.884 18955 19237 W mobile-ffmpeg: [graph 0 input from stream 0:0 @ 0x7a108324c0] sws_param option is deprecated and ignored
07-05 23:04:04.367 18955 19836 V FfmpegTools: Retrieving duration of /storage/emulated/0/Download/Nearby/20200312_195330!000.mp4
07-05 23:04:04.438 18955 19836 W Summariser: 1 active sections found
07-05 23:04:04.439 18955 19836 I FfmpegTools: Running ffmpeg with:
07-05 23:04:04.439 18955 19836 I FfmpegTools:   -y -i /storage/emulated/0/Download/Nearby/20200312_195330!000.mp4 -filter_complex [0:v]trim=15.014000:16.070000,setpts=PTS-STARTPTS[v0];[0:a]atrim=15.014000:16.070000,asetpts=PTS-STARTPTS[a0];[v0][a0]concat=n=1:v=1:a=1[outv][outa] -map [outv] -map [outa] -crf 23 -preset medium /storage/emulated/0/Movies/segment-sum/20200312_195330/20200312_195330!000.mp4
07-05 23:04:04.556 18955 19237 W mobile-ffmpeg: [graph 0 input from stream 0:0 @ 0x7a10832400] sws_param option is deprecated and ignored
07-05 23:04:12.874 18955 19836 V FfmpegTools: Retrieving duration of /storage/emulated/0/Download/Nearby/20200312_195330!000.mp4
07-05 23:04:12.939 18955 19836 V FfmpegTools: Retrieving duration of /storage/emulated/0/Movies/segment-sum/20200312_195330/20200312_195330!000.mp4
07-05 23:04:12.993 18955 19836 W Summariser: Summarisation completed
07-05 23:04:12.993 18955 19836 W Summariser:   filename: 20200312_195330!000.mp4
07-05 23:04:12.993 18955 19836 W Summariser:   active sections: 1
07-05 23:04:12.993 18955 19836 W Summariser:   time: 14.100s
07-05 23:04:12.993 18955 19836 W Summariser:   original duration: 16.07
07-05 23:04:12.993 18955 19836 W Summariser:   summarised duration: 1.11
07-05 23:04:12.993 18955 19836 W Summariser:   noise tolerance: 45.00
07-05 23:04:12.993 18955 19836 W Summariser:   quality: 23
07-05 23:04:12.993 18955 19836 W Summariser:   speed: medium
07-05 23:04:12.993 18955 19836 W Summariser:   freeze duration: 1.00
07-05 23:04:12.993 18955 19836 V VideoManager: Retrieving video from /storage/emulated/0/Movies/segment-sum/20200312_195330/20200312_195330!000.mp4
07-05 23:04:13.007 18955 19836 V VideoManager: videoFromCursor
07-05 23:04:13.013 18955 19836 W NearbyFragment: Sending 20200312_195330!000.mp4 to Galaxy S8 [2802]
07-05 23:04:13.016 18955 19836 V ProcessingVideosEventHandler: onRemove
07-05 23:04:13.036 18955 18955 V NearbyFragment: Transfer to Endpoint{id=hrLv, name=Galaxy S8 [2802]} complete
07-05 23:04:13.048 18955 18955 V NearbyFragment: Transfer to Endpoint{id=hrLv, name=Galaxy S8 [2802]} complete
07-05 23:04:13.062 18955 18967 D SummariserIntentService: Scanned /storage/emulated/0/Movies/summarised
07-05 23:04:13.062 18955 18967 D SummariserIntentService:   -> uri=content://media/external/file/8207
07-05 23:04:13.184 18955 18955 D NearbyFragment: onPayloadReceived(endpointId=hrLv, payload=com.google.android.gms.nearby.connection.Payload@2d458ef)
07-05 23:04:13.191 18955 18955 V NearbyFragment: Started downloading SUMMARISE_SEGMENT:-4611897745098857073:20200312_195330!002.mp4:45.0_1.0_23_medium from Endpoint{id=hrLv, name=Galaxy S8 [2802]}
07-05 23:04:13.193 18955 18955 V NearbyFragment: Transfer to Endpoint{id=hrLv, name=Galaxy S8 [2802]} complete
07-05 23:04:13.212 18955 18955 D NearbyFragment: onPayloadReceived(endpointId=hrLv, payload=com.google.android.gms.nearby.connection.Payload@f5cdffc)
07-05 23:04:15.695 18955 18955 V NearbyFragment: Transfer to Endpoint{id=hrLv, name=Galaxy S8 [2802]} complete
07-05 23:04:15.696 18955 18955 W NearbyFragment: Completed downloading 20200312_195330!002.mp4 from Endpoint{id=hrLv, name=Galaxy S8 [2802]} in 02.503s
07-05 23:04:15.704 18955 18955 V FileManager: External storage is readable
07-05 23:04:15.704 18955 18955 V FileManager: Directory already exists: /storage/emulated/0/Movies/segment-sum/20200312_195330
07-05 23:04:15.705 18955 18955 D NearbyFragment: Summarising 20200312_195330!002.mp4
07-05 23:04:15.705 18955 18955 V VideoManager: Retrieving video from /storage/emulated/0/Download/Nearby/20200312_195330!002.mp4
07-05 23:04:15.714 18955 18955 V VideoManager: videoFromCursor
07-05 23:04:15.717 18955 18955 V ProcessingVideosEventHandler: onAdd
07-05 23:04:15.717 18955 18955 V RawFootageEventHandler: onRemove
07-05 23:04:15.721 18955 18955 V NearbyFragment: Transfer to Endpoint{id=hrLv, name=Galaxy S8 [2802]} complete
07-05 23:04:15.731 18955 19878 V SummariserIntentService: onHandleIntent
07-05 23:04:15.731 18955 19878 D SummariserIntentService: Video{id='8334', data='/storage/emulated/0/Download/Nearby/20200312_195330!002.mp4', name='20200312_195330!002.mp4', size=16908091, visible=true, mimeType='video/mp4'}
07-05 23:04:15.731 18955 19878 D SummariserIntentService: /storage/emulated/0/Movies/segment-sum/20200312_195330/20200312_195330!002.mp4
07-05 23:04:15.733 18955 19878 I FfmpegTools: Running ffmpeg with:
07-05 23:04:15.733 18955 19878 I FfmpegTools:   -y -i /storage/emulated/0/Download/Nearby/20200312_195330!002.mp4 -vf freezedetect=n=-45.000000dB:d=1.000000,metadata=mode=print:file=/storage/emulated/0/Movies/raw/20200312_195330!002.txt -f null -
07-05 23:04:15.935 18955 19237 W mobile-ffmpeg: [graph 0 input from stream 0:0 @ 0x7a108324c0] sws_param option is deprecated and ignored
07-05 23:04:21.418 18955 19878 V FfmpegTools: Retrieving duration of /storage/emulated/0/Download/Nearby/20200312_195330!002.mp4
07-05 23:04:21.524 18955 19878 W Summariser: 2 active sections found
07-05 23:04:21.525 18955 19878 I FfmpegTools: Running ffmpeg with:
07-05 23:04:21.525 18955 19878 I FfmpegTools:   -y -i /storage/emulated/0/Download/Nearby/20200312_195330!002.mp4 -filter_complex [0:v]trim=3.670000:7.940000,setpts=PTS-STARTPTS[v0];[0:a]atrim=3.670000:7.940000,asetpts=PTS-STARTPTS[a0];[0:v]trim=11.276000:16.010000,setpts=PTS-STARTPTS[v1];[0:a]atrim=11.276000:16.010000,asetpts=PTS-STARTPTS[a1];[v0][a0][v1][a1]concat=n=2:v=1:a=1[outv][outa] -map [outv] -map [outa] -crf 23 -preset medium /storage/emulated/0/Movies/segment-sum/20200312_195330/20200312_195330!002.mp4
07-05 23:04:21.694 18955 19237 W mobile-ffmpeg: [graph 0 input from stream 0:0 @ 0x7a108324c0] sws_param option is deprecated and ignored
07-05 23:04:21.694 18955 19237 W mobile-ffmpeg: [graph 0 input from stream 0:0 @ 0x7a10832b80] sws_param option is deprecated and ignored
07-05 23:04:50.555 18955 19878 V FfmpegTools: Retrieving duration of /storage/emulated/0/Download/Nearby/20200312_195330!002.mp4
07-05 23:04:50.666 18955 19878 V FfmpegTools: Retrieving duration of /storage/emulated/0/Movies/segment-sum/20200312_195330/20200312_195330!002.mp4
07-05 23:04:50.722 18955 19878 W Summariser: Summarisation completed
07-05 23:04:50.722 18955 19878 W Summariser:   filename: 20200312_195330!002.mp4
07-05 23:04:50.722 18955 19878 W Summariser:   active sections: 2
07-05 23:04:50.722 18955 19878 W Summariser:   time: 34.822s
07-05 23:04:50.722 18955 19878 W Summariser:   original duration: 16.01
07-05 23:04:50.722 18955 19878 W Summariser:   summarised duration: 9.07
07-05 23:04:50.722 18955 19878 W Summariser:   noise tolerance: 45.00
07-05 23:04:50.722 18955 19878 W Summariser:   quality: 23
07-05 23:04:50.722 18955 19878 W Summariser:   speed: medium
07-05 23:04:50.722 18955 19878 W Summariser:   freeze duration: 1.00
07-05 23:04:50.723 18955 19878 V VideoManager: Retrieving video from /storage/emulated/0/Movies/segment-sum/20200312_195330/20200312_195330!002.mp4
07-05 23:04:50.741 18955 19878 V VideoManager: videoFromCursor
07-05 23:04:50.746 18955 19878 W NearbyFragment: Sending 20200312_195330!002.mp4 to Galaxy S8 [2802]
07-05 23:04:50.750 18955 19878 V ProcessingVideosEventHandler: onRemove
07-05 23:04:50.770 18955 18955 V NearbyFragment: Transfer to Endpoint{id=hrLv, name=Galaxy S8 [2802]} complete
07-05 23:04:50.803 18955 18968 D SummariserIntentService: Scanned /storage/emulated/0/Movies/summarised
07-05 23:04:50.803 18955 18968 D SummariserIntentService:   -> uri=content://media/external/file/8207
07-05 23:04:50.827 18955 18955 V NearbyFragment: Transfer to Endpoint{id=hrLv, name=Galaxy S8 [2802]} complete
07-05 23:04:50.904 18955 18955 D NearbyFragment: onPayloadReceived(endpointId=hrLv, payload=com.google.android.gms.nearby.connection.Payload@75cdd32)
07-05 23:04:50.904 18955 18955 V NearbyFragment: Started downloading SUMMARISE_SEGMENT:-7544223918222459556:20200312_195430!003.mp4:45.0_1.0_23_medium from Endpoint{id=hrLv, name=Galaxy S8 [2802]}
07-05 23:04:50.909 18955 18955 V NearbyFragment: Transfer to Endpoint{id=hrLv, name=Galaxy S8 [2802]} complete
07-05 23:04:50.945 18955 18955 D NearbyFragment: onPayloadReceived(endpointId=hrLv, payload=com.google.android.gms.nearby.connection.Payload@49b9a83)
07-05 23:04:52.940 18955 18955 V NearbyFragment: Transfer to Endpoint{id=hrLv, name=Galaxy S8 [2802]} complete
07-05 23:04:52.942 18955 18955 W NearbyFragment: Completed downloading 20200312_195430!003.mp4 from Endpoint{id=hrLv, name=Galaxy S8 [2802]} in 02.035s
07-05 23:04:52.949 18955 18955 V FileManager: External storage is readable
07-05 23:04:52.950 18955 18955 V FileManager: Created new directory: /storage/emulated/0/Movies/segment-sum/20200312_195430
07-05 23:04:52.951 18955 18955 D NearbyFragment: Summarising 20200312_195430!003.mp4
07-05 23:04:52.951 18955 18955 V VideoManager: Retrieving video from /storage/emulated/0/Download/Nearby/20200312_195430!003.mp4
07-05 23:04:52.963 18955 18955 V VideoManager: videoFromCursor
07-05 23:04:52.966 18955 18955 V ProcessingVideosEventHandler: onAdd
07-05 23:04:52.967 18955 18955 V RawFootageEventHandler: onRemove
07-05 23:04:52.971 18955 18955 V NearbyFragment: Transfer to Endpoint{id=hrLv, name=Galaxy S8 [2802]} complete
07-05 23:04:52.979 18955 19922 V SummariserIntentService: onHandleIntent
07-05 23:04:52.980 18955 19922 D SummariserIntentService: Video{id='8338', data='/storage/emulated/0/Download/Nearby/20200312_195430!003.mp4', name='20200312_195430!003.mp4', size=12643428, visible=true, mimeType='video/mp4'}
07-05 23:04:52.980 18955 19922 D SummariserIntentService: /storage/emulated/0/Movies/segment-sum/20200312_195430/20200312_195430!003.mp4
07-05 23:04:52.982 18955 19922 I FfmpegTools: Running ffmpeg with:
07-05 23:04:52.982 18955 19922 I FfmpegTools:   -y -i /storage/emulated/0/Download/Nearby/20200312_195430!003.mp4 -vf freezedetect=n=-45.000000dB:d=1.000000,metadata=mode=print:file=/storage/emulated/0/Movies/raw/20200312_195430!003.txt -f null -
07-05 23:04:53.166 18955 19237 W mobile-ffmpeg: [graph 0 input from stream 0:0 @ 0x7a108324c0] sws_param option is deprecated and ignored
07-05 23:04:57.251 18955 19922 W Summariser: 1 active sections found
07-05 23:04:57.251 18955 19922 I FfmpegTools: Running ffmpeg with:
07-05 23:04:57.251 18955 19922 I FfmpegTools:   -y -i /storage/emulated/0/Download/Nearby/20200312_195430!003.mp4 -filter_complex [0:v]trim=2.369000:6.840000,setpts=PTS-STARTPTS[v0];[0:a]atrim=2.369000:6.840000,asetpts=PTS-STARTPTS[a0];[v0][a0]concat=n=1:v=1:a=1[outv][outa] -map [outv] -map [outa] -crf 23 -preset medium /storage/emulated/0/Movies/segment-sum/20200312_195430/20200312_195430!003.mp4
07-05 23:04:57.383 18955 19237 W mobile-ffmpeg: [graph 0 input from stream 0:0 @ 0x7a10832400] sws_param option is deprecated and ignored
07-05 23:05:11.446 18955 19922 V FfmpegTools: Retrieving duration of /storage/emulated/0/Download/Nearby/20200312_195430!003.mp4
07-05 23:05:11.521 18955 19922 V FfmpegTools: Retrieving duration of /storage/emulated/0/Movies/segment-sum/20200312_195430/20200312_195430!003.mp4
07-05 23:05:11.574 18955 19922 W Summariser: Summarisation completed
07-05 23:05:11.574 18955 19922 W Summariser:   filename: 20200312_195430!003.mp4
07-05 23:05:11.574 18955 19922 W Summariser:   active sections: 1
07-05 23:05:11.574 18955 19922 W Summariser:   time: 18.464s
07-05 23:05:11.574 18955 19922 W Summariser:   original duration: 11.98
07-05 23:05:11.574 18955 19922 W Summariser:   summarised duration: 4.54
07-05 23:05:11.574 18955 19922 W Summariser:   noise tolerance: 45.00
07-05 23:05:11.574 18955 19922 W Summariser:   quality: 23
07-05 23:05:11.574 18955 19922 W Summariser:   speed: medium
07-05 23:05:11.574 18955 19922 W Summariser:   freeze duration: 1.00
07-05 23:05:11.574 18955 19922 V VideoManager: Retrieving video from /storage/emulated/0/Movies/segment-sum/20200312_195430/20200312_195430!003.mp4
07-05 23:05:11.585 18955 19922 V VideoManager: videoFromCursor
07-05 23:05:11.591 18955 19922 W NearbyFragment: Sending 20200312_195430!003.mp4 to Galaxy S8 [2802]
07-05 23:05:11.595 18955 19922 V ProcessingVideosEventHandler: onRemove
07-05 23:05:11.634 18955 18955 V NearbyFragment: Transfer to Endpoint{id=hrLv, name=Galaxy S8 [2802]} complete
07-05 23:05:11.651 18955 18985 D SummariserIntentService: Scanned /storage/emulated/0/Movies/summarised
07-05 23:05:11.651 18955 18985 D SummariserIntentService:   -> uri=content://media/external/file/8207
07-05 23:05:11.667 18955 18955 V NearbyFragment: Transfer to Endpoint{id=hrLv, name=Galaxy S8 [2802]} complete
