07-05 23:02:23.133  7613  7817 W mobile-ffmpeg: [mov,mp4,m4a,3gp,3g2,mj2 @ 0x78d5f65c00] Found duplicated MOOV Atom. Skipped it
07-05 23:02:23.198  7613  7791 V FileManager: External storage is readable
07-05 23:02:23.199  7613  7791 V FileManager: Created new directory: /storage/emulated/0/Movies/segment/20200312_194730
07-05 23:02:23.200  7613  7791 V FfmpegTools: Splitting /storage/emulated/0/Movies/raw/20200312_194730.mp4 with 16s long segments
07-05 23:02:23.200  7613  7791 I FfmpegTools: Running ffmpeg with:
07-05 23:02:23.200  7613  7791 I FfmpegTools:   -y -i /storage/emulated/0/Movies/raw/20200312_194730.mp4 -map 0 -c copy -f segment -reset_timestamps 1 -segment_time 16 /storage/emulated/0/Movies/segment/20200312_194730/20200312_194730!%03d.mp4
07-05 23:02:23.209  7613  7817 W mobile-ffmpeg: [mov,mp4,m4a,3gp,3g2,mj2 @ 0x78d5f65c00] Found duplicated MOOV Atom. Skipped it
07-05 23:02:23.510  7613  7791 V FileManager: External storage is readable
07-05 23:02:23.510  7613  7791 V FileManager: Directory already exists: /storage/emulated/0/Movies/segment/20200312_194730
07-05 23:02:23.510  7613  7791 V VideoManager: Retrieving videos from /storage/emulated/0/Movies/segment/20200312_194730
07-05 23:02:23.510  7613  7791 V VideoManager: Retrieving video from /storage/emulated/0/Movies/segment/20200312_194730/20200312_194730!000.mp4
07-05 23:02:23.519  7613  7791 V VideoManager: videoFromCursor
07-05 23:02:23.522  7613  7791 V VideoManager: Retrieving video from /storage/emulated/0/Movies/segment/20200312_194730/20200312_194730!001.mp4
07-05 23:02:23.531  7613  7791 V VideoManager: videoFromCursor
07-05 23:02:23.533  7613  7791 V VideoManager: Retrieving video from /storage/emulated/0/Movies/segment/20200312_194730/20200312_194730!002.mp4
07-05 23:02:23.544  7613  7791 V VideoManager: videoFromCursor
07-05 23:02:23.547  7613  7791 V VideoManager: Retrieving video from /storage/emulated/0/Movies/segment/20200312_194730/20200312_194730!003.mp4
07-05 23:02:23.553  7613  7791 V VideoManager: videoFromCursor
07-05 23:02:23.557  7613  7791 V NearbyFragment: nextTransfer with selected algorithm: best_or_local
07-05 23:02:23.559  7613  7791 V FileManager: External storage is readable
07-05 23:02:23.560  7613  7791 V FileManager: Created new directory: /storage/emulated/0/Movies/segment-sum/20200312_194730
07-05 23:02:23.560  7613  7791 D NearbyFragment: Summarising 20200312_194730!000.mp4
07-05 23:02:23.560  7613  7791 V VideoManager: Retrieving video from /storage/emulated/0/Movies/segment/20200312_194730/20200312_194730!000.mp4
07-05 23:02:23.567  7613  7791 V VideoManager: videoFromCursor
07-05 23:02:23.569  7613  7791 V ProcessingVideosEventHandler: onAdd
07-05 23:02:23.570  7613  7791 V RawFootageEventHandler: onRemove
07-05 23:02:23.588  7613  8758 V SummariserIntentService: onHandleIntent
07-05 23:02:23.588  7613  8758 D SummariserIntentService: Video{id='138700', data='/storage/emulated/0/Movies/segment/20200312_194730/20200312_194730!000.mp4', name='20200312_194730!000.mp4', size=16870028, visible=true, mimeType='video/mp4'}
07-05 23:02:23.588  7613  8758 D SummariserIntentService: /storage/emulated/0/Movies/segment-sum/20200312_194730/20200312_194730!000.mp4
07-05 23:02:23.589  7613  8758 I FfmpegTools: Running ffmpeg with:
07-05 23:02:23.589  7613  8758 I FfmpegTools:   -y -i /storage/emulated/0/Movies/segment/20200312_194730/20200312_194730!000.mp4 -vf freezedetect=n=-45.000000dB:d=1.000000,metadata=mode=print:file=/storage/emulated/0/Movies/raw/20200312_194730!000.txt -f null -
07-05 23:02:23.683  7613  7817 W mobile-ffmpeg: [graph 0 input from stream 0:0 @ 0x78e6636780] sws_param option is deprecated and ignored
07-05 23:02:24.575  7613  7791 V DownloadTestVideosTask: Starting DownloadTestVideosTask
07-05 23:02:24.576  7613  7791 V DashDownloadManager: Started downloading: 20200312_194830.mp4
07-05 23:02:24.577  7613  7791 I System.out: (HTTPLog)-Static: isSBSettingEnabled false
07-05 23:02:24.577  7613  7791 I System.out: (HTTPLog)-Static: isSBSettingEnabled false
07-05 23:02:24.584  7613  7791 I System.out: (HTTPLog)-Thread-2609-258999770: getTransferStream : ContentLength=69990400, method=GET, HTTPVersion=http/1.1
07-05 23:02:25.612  7613  8758 W Summariser: No activity detected
07-05 23:02:25.612  7613  8758 V FfmpegTools: Retrieving duration of /storage/emulated/0/Movies/segment/20200312_194730/20200312_194730!000.mp4
07-05 23:02:25.647  7613  8758 W Summariser: Summarisation completed
07-05 23:02:25.647  7613  8758 W Summariser:   filename: 20200312_194730!000.mp4
07-05 23:02:25.647  7613  8758 W Summariser:   active sections: 0
07-05 23:02:25.647  7613  8758 W Summariser:   time: 02.024s
07-05 23:02:25.647  7613  8758 W Summariser:   original duration: 16.07
07-05 23:02:25.647  7613  8758 W Summariser:   summarised duration: -1.00
07-05 23:02:25.647  7613  8758 W Summariser:   noise tolerance: 45.00
07-05 23:02:25.647  7613  8758 W Summariser:   quality: 23
07-05 23:02:25.647  7613  8758 W Summariser:   speed: medium
07-05 23:02:25.647  7613  8758 W Summariser:   freeze duration: 1.00
07-05 23:02:25.647  7613  8758 V NearbyFragment: Received a segment of 20200312_194730
07-05 23:02:25.647  7613  8758 V ProcessingVideosEventHandler: onRemove
07-05 23:02:25.706  7613  7626 D SummariserIntentService: Scanned /storage/emulated/0/Movies/summarised
07-05 23:02:25.706  7613  7626 D SummariserIntentService:   -> uri=content://media/external/file/138420
07-05 23:02:26.712  7613  7613 D NearbyFragment: onPayloadReceived(endpointId=4qxN, payload=com.google.android.gms.nearby.connection.Payload@91b4be7)
07-05 23:02:26.729  7613  7613 D NearbyFragment: 20200312_194330!003.mp4 from Endpoint{id=4qxN, name=Nexus 5X [34d8]} contained no activity
07-05 23:02:26.730  7613  7613 V NearbyFragment: Received a segment of 20200312_194330
07-05 23:02:26.732  7613  7613 V NearbyFragment: nextTransfer with selected algorithm: best_or_local
07-05 23:02:26.736  7613  7613 W NearbyFragment: Sending 20200312_194730!001.mp4 to Nexus 5X [34d8]
07-05 23:02:26.762  7613  7613 V NearbyFragment: Transfer to Endpoint{id=4qxN, name=Nexus 5X [34d8]} complete
07-05 23:02:26.900  7613  7613 V NearbyFragment: Transfer to Endpoint{id=4qxN, name=Nexus 5X [34d8]} complete
07-05 23:02:30.963  7613  7613 V NearbyFragment: Transfer to Endpoint{id=4qxN, name=Nexus 5X [34d8]} complete
07-05 23:02:31.299  7613  7613 D NearbyFragment: onPayloadReceived(endpointId=4qxN, payload=com.google.android.gms.nearby.connection.Payload@2d97632)
07-05 23:02:31.299  7613  7613 D NearbyFragment: Endpoint{id=4qxN, name=Nexus 5X [34d8]} has finished downloading 20200312_194730!001.mp4
07-05 23:02:31.301  7613  7613 V NearbyFragment: nextTransfer with selected algorithm: best_or_local
07-05 23:02:31.310  7613  7613 V FileManager: External storage is readable
07-05 23:02:31.311  7613  7613 V FileManager: Directory already exists: /storage/emulated/0/Movies/segment-sum/20200312_194730
07-05 23:02:31.312  7613  7613 D NearbyFragment: Summarising 20200312_194730!002.mp4
07-05 23:02:31.312  7613  7613 V VideoManager: Retrieving video from /storage/emulated/0/Movies/segment/20200312_194730/20200312_194730!002.mp4
07-05 23:02:31.328  7613  7613 V VideoManager: videoFromCursor
07-05 23:02:31.332  7613  7613 V ProcessingVideosEventHandler: onAdd
07-05 23:02:31.332  7613  7613 V RawFootageEventHandler: onRemove
07-05 23:02:31.340  7613  7613 V NearbyFragment: Transfer to Endpoint{id=4qxN, name=Nexus 5X [34d8]} complete
07-05 23:02:31.345  7613  8811 V SummariserIntentService: onHandleIntent
07-05 23:02:31.346  7613  8811 D SummariserIntentService: Video{id='138702', data='/storage/emulated/0/Movies/segment/20200312_194730/20200312_194730!002.mp4', name='20200312_194730!002.mp4', size=16862320, visible=true, mimeType='video/mp4'}
07-05 23:02:31.346  7613  8811 D SummariserIntentService: /storage/emulated/0/Movies/segment-sum/20200312_194730/20200312_194730!002.mp4
07-05 23:02:31.347  7613  8811 I FfmpegTools: Running ffmpeg with:
07-05 23:02:31.347  7613  8811 I FfmpegTools:   -y -i /storage/emulated/0/Movies/segment/20200312_194730/20200312_194730!002.mp4 -vf freezedetect=n=-45.000000dB:d=1.000000,metadata=mode=print:file=/storage/emulated/0/Movies/raw/20200312_194730!002.txt -f null -
07-05 23:02:31.469  7613  7817 W mobile-ffmpeg: [graph 0 input from stream 0:0 @ 0x78e6636780] sws_param option is deprecated and ignored
07-05 23:02:33.568  7613  8811 W Summariser: No activity detected
07-05 23:02:33.569  7613  8811 V FfmpegTools: Retrieving duration of /storage/emulated/0/Movies/segment/20200312_194730/20200312_194730!002.mp4
07-05 23:02:33.608  7613  8811 W Summariser: Summarisation completed
07-05 23:02:33.608  7613  8811 W Summariser:   filename: 20200312_194730!002.mp4
07-05 23:02:33.608  7613  8811 W Summariser:   active sections: 0
07-05 23:02:33.608  7613  8811 W Summariser:   time: 02.222s
07-05 23:02:33.608  7613  8811 W Summariser:   original duration: 16.01
07-05 23:02:33.608  7613  8811 W Summariser:   summarised duration: -1.00
07-05 23:02:33.608  7613  8811 W Summariser:   noise tolerance: 45.00
07-05 23:02:33.608  7613  8811 W Summariser:   quality: 23
07-05 23:02:33.608  7613  8811 W Summariser:   speed: medium
07-05 23:02:33.608  7613  8811 W Summariser:   freeze duration: 1.00
07-05 23:02:33.608  7613  8811 V NearbyFragment: Received a segment of 20200312_194730
07-05 23:02:33.609  7613  8811 V ProcessingVideosEventHandler: onRemove
07-05 23:02:33.669  7613  8752 D SummariserIntentService: Scanned /storage/emulated/0/Movies/summarised
07-05 23:02:33.669  7613  8752 D SummariserIntentService:   -> uri=content://media/external/file/138420
07-05 23:02:37.487  7613  7613 D NearbyFragment: onPayloadReceived(endpointId=4qxN, payload=com.google.android.gms.nearby.connection.Payload@c98e7f5)
07-05 23:02:37.487  7613  7613 D NearbyFragment: 20200312_194730!001.mp4 from Endpoint{id=4qxN, name=Nexus 5X [34d8]} contained no activity
07-05 23:02:37.487  7613  7613 V NearbyFragment: Received a segment of 20200312_194730
07-05 23:02:37.488  7613  7613 V NearbyFragment: nextTransfer with selected algorithm: best_or_local
07-05 23:02:37.488  7613  7613 W NearbyFragment: Sending 20200312_194730!003.mp4 to Nexus 5X [34d8]
07-05 23:02:37.498  7613  7613 V NearbyFragment: Transfer to Endpoint{id=4qxN, name=Nexus 5X [34d8]} complete
07-05 23:02:37.510  7613  7613 V NearbyFragment: Transfer to Endpoint{id=4qxN, name=Nexus 5X [34d8]} complete
07-05 23:02:38.443  7613  7613 D NearbyFragment: onPayloadReceived(endpointId=w2Lc, payload=com.google.android.gms.nearby.connection.Payload@c191418)
07-05 23:02:38.443  7613  7613 D NearbyFragment: 20200312_194330!002.mp4 from Endpoint{id=w2Lc, name=Nexus 5 [1825]} contained no activity
07-05 23:02:38.444  7613  7613 D NearbyFragment: Received all summarised video segments of 20200312_194330
07-05 23:02:38.451  7613  7613 V FileManager: External storage is readable
07-05 23:02:38.452  7613  7613 V FileManager: Directory already exists: /storage/emulated/0/Movies/segment-sum/20200312_194330
07-05 23:02:38.454  7613  7613 D FfmpegTools: Merging /storage/emulated/0/Movies/summarised/20200312_194330.mp4
07-05 23:02:38.454  7613  7613 D FfmpegTools: No split videos to merge
07-05 23:02:38.455  7613  7613 V RawFootageEventHandler: removeByName
07-05 23:02:38.456  7613  7613 V ProcessingVideosEventHandler: removeByName
07-05 23:02:38.458  7613  7613 V NearbyFragment: Removing video segment map for 20200312_194330
07-05 23:02:38.459  7613  7613 I NearbyFragment: Transfer queue is empty
07-05 23:02:38.501  7613  7613 V NearbyFragment: Transfer to Endpoint{id=w2Lc, name=Nexus 5 [1825]} complete
07-05 23:02:42.949  7613  7613 V NearbyFragment: Transfer to Endpoint{id=4qxN, name=Nexus 5X [34d8]} complete
07-05 23:02:43.083  7613  7613 D NearbyFragment: onPayloadReceived(endpointId=4qxN, payload=com.google.android.gms.nearby.connection.Payload@f38fcd7)
07-05 23:02:43.084  7613  7613 D NearbyFragment: Endpoint{id=4qxN, name=Nexus 5X [34d8]} has finished downloading 20200312_194730!003.mp4
07-05 23:02:43.085  7613  7613 I NearbyFragment: Transfer queue is empty
07-05 23:02:43.093  7613  7613 V NearbyFragment: Transfer to Endpoint{id=4qxN, name=Nexus 5X [34d8]} complete
07-05 23:02:45.240  7613  7791 V VideoManager: Retrieving video from /storage/emulated/0/Movies/raw/20200312_194830.mp4
07-05 23:02:45.254  7613  7791 D VideoManager: videoCursor is null
07-05 23:02:45.344  7613  7791 V VideoManager: videoFromCursor
07-05 23:02:45.349  7613  7791 W DashDownloadManager: Successfully downloaded 20200312_194830.mp4 in 20.664s
07-05 23:02:45.349  7613  7791 V DownloadTestVideosTask: Entering callback for download completion of 20200312_194830.mp4
07-05 23:02:45.350  7613  7791 V RawFootageEventHandler: onAdd
07-05 23:02:45.352  7613  7791 V FfmpegTools: Retrieving duration of /storage/emulated/0/Movies/raw/20200312_194830.mp4
07-05 23:02:45.362  7613  7817 W mobile-ffmpeg: [mov,mp4,m4a,3gp,3g2,mj2 @ 0x78d5f65c00] Found duplicated MOOV Atom. Skipped it
07-05 23:02:45.455  7613  7791 V FileManager: External storage is readable
07-05 23:02:45.456  7613  7791 V FileManager: Created new directory: /storage/emulated/0/Movies/segment/20200312_194830
07-05 23:02:45.457  7613  7791 V FfmpegTools: Splitting /storage/emulated/0/Movies/raw/20200312_194830.mp4 with 16s long segments
07-05 23:02:45.457  7613  7791 I FfmpegTools: Running ffmpeg with:
07-05 23:02:45.457  7613  7791 I FfmpegTools:   -y -i /storage/emulated/0/Movies/raw/20200312_194830.mp4 -map 0 -c copy -f segment -reset_timestamps 1 -segment_time 16 /storage/emulated/0/Movies/segment/20200312_194830/20200312_194830!%03d.mp4
07-05 23:02:45.466  7613  7817 W mobile-ffmpeg: [mov,mp4,m4a,3gp,3g2,mj2 @ 0x78d5f65c00] Found duplicated MOOV Atom. Skipped it
07-05 23:02:45.773  7613  7791 V FileManager: External storage is readable
07-05 23:02:45.774  7613  7791 V FileManager: Directory already exists: /storage/emulated/0/Movies/segment/20200312_194830
07-05 23:02:45.774  7613  7791 V VideoManager: Retrieving videos from /storage/emulated/0/Movies/segment/20200312_194830
07-05 23:02:45.774  7613  7791 V VideoManager: Retrieving video from /storage/emulated/0/Movies/segment/20200312_194830/20200312_194830!000.mp4
07-05 23:02:45.787  7613  7791 V VideoManager: videoFromCursor
07-05 23:02:45.790  7613  7791 V VideoManager: Retrieving video from /storage/emulated/0/Movies/segment/20200312_194830/20200312_194830!001.mp4
07-05 23:02:45.800  7613  7791 V VideoManager: videoFromCursor
07-05 23:02:45.803  7613  7791 V VideoManager: Retrieving video from /storage/emulated/0/Movies/segment/20200312_194830/20200312_194830!002.mp4
07-05 23:02:45.811  7613  7791 V VideoManager: videoFromCursor
07-05 23:02:45.813  7613  7791 V VideoManager: Retrieving video from /storage/emulated/0/Movies/segment/20200312_194830/20200312_194830!003.mp4
07-05 23:02:45.821  7613  7791 V VideoManager: videoFromCursor
07-05 23:02:45.823  7613  7791 V NearbyFragment: nextTransfer with selected algorithm: best_or_local
07-05 23:02:45.824  7613  7791 W NearbyFragment: Sending 20200312_194830!000.mp4 to Nexus 5 [1825]
07-05 23:02:45.834  7613  7613 V NearbyFragment: Transfer to Endpoint{id=w2Lc, name=Nexus 5 [1825]} complete
07-05 23:02:46.826  7613  7791 V DownloadTestVideosTask: Starting DownloadTestVideosTask
07-05 23:02:46.830  7613  7791 V DashDownloadManager: Started downloading: 20200312_194930.mp4
07-05 23:02:46.836  7613  7791 I System.out: (HTTPLog)-Static: isSBSettingEnabled false
07-05 23:02:46.836  7613  7791 I System.out: (HTTPLog)-Static: isSBSettingEnabled false
07-05 23:02:46.909  7613  7791 I System.out: (HTTPLog)-Thread-2609-229019507: getTransferStream : ContentLength=69990400, method=GET, HTTPVersion=http/1.1
07-05 23:02:47.466  7613  7613 D NearbyFragment: onPayloadReceived(endpointId=4qxN, payload=com.google.android.gms.nearby.connection.Payload@5924e30)
07-05 23:02:47.467  7613  7613 D NearbyFragment: 20200312_194730!003.mp4 from Endpoint{id=4qxN, name=Nexus 5X [34d8]} contained no activity
07-05 23:02:47.468  7613  7613 D NearbyFragment: Received all summarised video segments of 20200312_194730
07-05 23:02:47.475  7613  7613 V FileManager: External storage is readable
07-05 23:02:47.476  7613  7613 V FileManager: Directory already exists: /storage/emulated/0/Movies/segment-sum/20200312_194730
07-05 23:02:47.479  7613  7613 D FfmpegTools: Merging /storage/emulated/0/Movies/summarised/20200312_194730.mp4
07-05 23:02:47.480  7613  7613 D FfmpegTools: No split videos to merge
07-05 23:02:47.480  7613  7613 V RawFootageEventHandler: removeByName
07-05 23:02:47.482  7613  7613 V ProcessingVideosEventHandler: removeByName
07-05 23:02:47.484  7613  7613 V NearbyFragment: Removing video segment map for 20200312_194730
07-05 23:02:47.486  7613  7613 V NearbyFragment: nextTransfer with selected algorithm: best_or_local
07-05 23:02:47.489  7613  7613 W NearbyFragment: Sending 20200312_194830!001.mp4 to Nexus 5X [34d8]
07-05 23:02:47.509  7613  7613 V NearbyFragment: Transfer to Endpoint{id=4qxN, name=Nexus 5X [34d8]} complete
07-05 23:02:47.597  7613  7613 V NearbyFragment: Transfer to Endpoint{id=4qxN, name=Nexus 5X [34d8]} complete
07-05 23:02:50.957  7613  7613 V NearbyFragment: Transfer to Endpoint{id=w2Lc, name=Nexus 5 [1825]} complete
07-05 23:02:51.245  7613  7613 D NearbyFragment: onPayloadReceived(endpointId=w2Lc, payload=com.google.android.gms.nearby.connection.Payload@3b4b865)
07-05 23:02:51.246  7613  7613 D NearbyFragment: Endpoint{id=w2Lc, name=Nexus 5 [1825]} has finished downloading 20200312_194830!000.mp4
07-05 23:02:51.248  7613  7613 V NearbyFragment: nextTransfer with selected algorithm: best_or_local
07-05 23:02:51.256  7613  7613 V FileManager: External storage is readable
07-05 23:02:51.260  7613  7613 V FileManager: Created new directory: /storage/emulated/0/Movies/segment-sum/20200312_194830
07-05 23:02:51.261  7613  7613 D NearbyFragment: Summarising 20200312_194830!002.mp4
07-05 23:02:51.262  7613  7613 V VideoManager: Retrieving video from /storage/emulated/0/Movies/segment/20200312_194830/20200312_194830!002.mp4
07-05 23:02:51.278  7613  7613 V VideoManager: videoFromCursor
07-05 23:02:51.283  7613  7613 V ProcessingVideosEventHandler: onAdd
07-05 23:02:51.284  7613  7613 V RawFootageEventHandler: onRemove
07-05 23:02:51.308  7613  8863 V SummariserIntentService: onHandleIntent
07-05 23:02:51.312  7613  8863 D SummariserIntentService: Video{id='138708', data='/storage/emulated/0/Movies/segment/20200312_194830/20200312_194830!002.mp4', name='20200312_194830!002.mp4', size=16791932, visible=true, mimeType='video/mp4'}
07-05 23:02:51.312  7613  8863 D SummariserIntentService: /storage/emulated/0/Movies/segment-sum/20200312_194830/20200312_194830!002.mp4
07-05 23:02:51.316  7613  8863 I FfmpegTools: Running ffmpeg with:
07-05 23:02:51.316  7613  8863 I FfmpegTools:   -y -i /storage/emulated/0/Movies/segment/20200312_194830/20200312_194830!002.mp4 -vf freezedetect=n=-45.000000dB:d=1.000000,metadata=mode=print:file=/storage/emulated/0/Movies/raw/20200312_194830!002.txt -f null -
07-05 23:02:51.344  7613  7613 V NearbyFragment: Transfer to Endpoint{id=w2Lc, name=Nexus 5 [1825]} complete
07-05 23:02:51.453  7613  7817 W mobile-ffmpeg: [graph 0 input from stream 0:0 @ 0x78e66366c0] sws_param option is deprecated and ignored
07-05 23:02:53.554  7613  8863 V FfmpegTools: Retrieving duration of /storage/emulated/0/Movies/segment/20200312_194830/20200312_194830!002.mp4
07-05 23:02:53.598  7613  8863 W Summariser: 2 active sections found
07-05 23:02:53.598  7613  8863 I FfmpegTools: Running ffmpeg with:
07-05 23:02:53.598  7613  8863 I FfmpegTools:   -y -i /storage/emulated/0/Movies/segment/20200312_194830/20200312_194830!002.mp4 -filter_complex [0:v]trim=0.000000:3.703000,setpts=PTS-STARTPTS[v0];[0:a]atrim=0.000000:3.703000,asetpts=PTS-STARTPTS[a0];[0:v]trim=10.943000:16.010000,setpts=PTS-STARTPTS[v1];[0:a]atrim=10.943000:16.010000,asetpts=PTS-STARTPTS[a1];[v0][a0][v1][a1]concat=n=2:v=1:a=1[outv][outa] -map [outv] -map [outa] -crf 23 -preset medium /storage/emulated/0/Movies/segment-sum/20200312_194830/20200312_194830!002.mp4
07-05 23:02:53.684  7613  7817 W mobile-ffmpeg: [graph 0 input from stream 0:0 @ 0x78e66366c0] sws_param option is deprecated and ignored
07-05 23:02:53.684  7613  7817 W mobile-ffmpeg: [graph 0 input from stream 0:0 @ 0x78e6636a80] sws_param option is deprecated and ignored
07-05 23:02:54.946  7613  7613 V NearbyFragment: Transfer to Endpoint{id=4qxN, name=Nexus 5X [34d8]} complete
07-05 23:02:55.160  7613  7613 D NearbyFragment: onPayloadReceived(endpointId=4qxN, payload=com.google.android.gms.nearby.connection.Payload@21bef06)
07-05 23:02:55.161  7613  7613 D NearbyFragment: Endpoint{id=4qxN, name=Nexus 5X [34d8]} has finished downloading 20200312_194830!001.mp4
07-05 23:02:55.162  7613  7613 V NearbyFragment: nextTransfer with selected algorithm: best_or_local
07-05 23:02:55.169  7613  7613 V FileManager: External storage is readable
07-05 23:02:55.169  7613  7613 V FileManager: Directory already exists: /storage/emulated/0/Movies/segment-sum/20200312_194830
07-05 23:02:55.170  7613  7613 D NearbyFragment: Summarising 20200312_194830!003.mp4
07-05 23:02:55.170  7613  7613 V VideoManager: Retrieving video from /storage/emulated/0/Movies/segment/20200312_194830/20200312_194830!003.mp4
07-05 23:02:55.182  7613  7613 V VideoManager: videoFromCursor
07-05 23:02:55.187  7613  7613 V ProcessingVideosEventHandler: onAdd
07-05 23:02:55.187  7613  7613 V RawFootageEventHandler: onRemove
07-05 23:02:55.239  7613  7613 V NearbyFragment: Transfer to Endpoint{id=4qxN, name=Nexus 5X [34d8]} complete
07-05 23:03:03.686  7613  8863 V FfmpegTools: Retrieving duration of /storage/emulated/0/Movies/segment/20200312_194830/20200312_194830!002.mp4
07-05 23:03:03.728  7613  8863 V FfmpegTools: Retrieving duration of /storage/emulated/0/Movies/segment-sum/20200312_194830/20200312_194830!002.mp4
07-05 23:03:03.751  7613  8863 W Summariser: Summarisation completed
07-05 23:03:03.751  7613  8863 W Summariser:   filename: 20200312_194830!002.mp4
07-05 23:03:03.751  7613  8863 W Summariser:   active sections: 2
07-05 23:03:03.751  7613  8863 W Summariser:   time: 12.372s
07-05 23:03:03.751  7613  8863 W Summariser:   original duration: 16.01
07-05 23:03:03.751  7613  8863 W Summariser:   summarised duration: 8.84
07-05 23:03:03.751  7613  8863 W Summariser:   noise tolerance: 45.00
07-05 23:03:03.751  7613  8863 W Summariser:   quality: 23
07-05 23:03:03.751  7613  8863 W Summariser:   speed: medium
07-05 23:03:03.751  7613  8863 W Summariser:   freeze duration: 1.00
07-05 23:03:03.751  7613  8863 V VideoManager: Retrieving video from /storage/emulated/0/Movies/segment-sum/20200312_194830/20200312_194830!002.mp4
07-05 23:03:03.761  7613  8863 D VideoManager: videoCursor is null
07-05 23:03:03.824  7613  8863 V VideoManager: videoFromCursor
07-05 23:03:03.829  7613  8863 V NearbyFragment: Received a segment of 20200312_194830
07-05 23:03:03.829  7613  8863 V ProcessingVideosEventHandler: onRemove
07-05 23:03:03.842  7613  8863 V SummariserIntentService: onHandleIntent
07-05 23:03:03.843  7613  8863 D SummariserIntentService: Video{id='138709', data='/storage/emulated/0/Movies/segment/20200312_194830/20200312_194830!003.mp4', name='20200312_194830!003.mp4', size=12647949, visible=true, mimeType='video/mp4'}
07-05 23:03:03.843  7613  8863 D SummariserIntentService: /storage/emulated/0/Movies/segment-sum/20200312_194830/20200312_194830!003.mp4
07-05 23:03:03.846  7613  8863 I FfmpegTools: Running ffmpeg with:
07-05 23:03:03.846  7613  8863 I FfmpegTools:   -y -i /storage/emulated/0/Movies/segment/20200312_194830/20200312_194830!003.mp4 -vf freezedetect=n=-45.000000dB:d=1.000000,metadata=mode=print:file=/storage/emulated/0/Movies/raw/20200312_194830!003.txt -f null -
07-05 23:03:03.919  7613  8142 D SummariserIntentService: Scanned /storage/emulated/0/Movies/summarised
07-05 23:03:03.919  7613  8142 D SummariserIntentService:   -> uri=content://media/external/file/138420
07-05 23:03:04.010  7613  7817 W mobile-ffmpeg: [graph 0 input from stream 0:0 @ 0x78e8a69dc0] sws_param option is deprecated and ignored
07-05 23:03:05.530  7613  8863 W Summariser: No activity detected
07-05 23:03:05.531  7613  8863 V FfmpegTools: Retrieving duration of /storage/emulated/0/Movies/segment/20200312_194830/20200312_194830!003.mp4
07-05 23:03:05.563  7613  8863 W Summariser: Summarisation completed
07-05 23:03:05.563  7613  8863 W Summariser:   filename: 20200312_194830!003.mp4
07-05 23:03:05.563  7613  8863 W Summariser:   active sections: 0
07-05 23:03:05.563  7613  8863 W Summariser:   time: 01.687s
07-05 23:03:05.563  7613  8863 W Summariser:   original duration: 11.98
07-05 23:03:05.563  7613  8863 W Summariser:   summarised duration: -1.00
07-05 23:03:05.563  7613  8863 W Summariser:   noise tolerance: 45.00
07-05 23:03:05.563  7613  8863 W Summariser:   quality: 23
07-05 23:03:05.563  7613  8863 W Summariser:   speed: medium
07-05 23:03:05.563  7613  8863 W Summariser:   freeze duration: 1.00
07-05 23:03:05.563  7613  8863 V NearbyFragment: Received a segment of 20200312_194830
07-05 23:03:05.564  7613  8863 V ProcessingVideosEventHandler: onRemove
07-05 23:03:05.633  7613  8142 D SummariserIntentService: Scanned /storage/emulated/0/Movies/summarised
07-05 23:03:05.633  7613  8142 D SummariserIntentService:   -> uri=content://media/external/file/138420
07-05 23:03:07.882  7613  7791 V VideoManager: Retrieving video from /storage/emulated/0/Movies/raw/20200312_194930.mp4
07-05 23:03:07.892  7613  7791 D VideoManager: videoCursor is null
07-05 23:03:07.937  7613  7791 V VideoManager: videoFromCursor
07-05 23:03:07.940  7613  7791 W DashDownloadManager: Successfully downloaded 20200312_194930.mp4 in 21.051s
07-05 23:03:07.940  7613  7791 V DownloadTestVideosTask: Entering callback for download completion of 20200312_194930.mp4
07-05 23:03:07.940  7613  7791 V RawFootageEventHandler: onAdd
07-05 23:03:07.941  7613  7791 V FfmpegTools: Retrieving duration of /storage/emulated/0/Movies/raw/20200312_194930.mp4
07-05 23:03:07.945  7613  7817 W mobile-ffmpeg: [mov,mp4,m4a,3gp,3g2,mj2 @ 0x78d5f65c00] Found duplicated MOOV Atom. Skipped it
07-05 23:03:08.015  7613  7791 V FileManager: External storage is readable
07-05 23:03:08.016  7613  7791 V FileManager: Created new directory: /storage/emulated/0/Movies/segment/20200312_194930
07-05 23:03:08.016  7613  7791 V FfmpegTools: Splitting /storage/emulated/0/Movies/raw/20200312_194930.mp4 with 16s long segments
07-05 23:03:08.017  7613  7791 I FfmpegTools: Running ffmpeg with:
07-05 23:03:08.017  7613  7791 I FfmpegTools:   -y -i /storage/emulated/0/Movies/raw/20200312_194930.mp4 -map 0 -c copy -f segment -reset_timestamps 1 -segment_time 16 /storage/emulated/0/Movies/segment/20200312_194930/20200312_194930!%03d.mp4
07-05 23:03:08.024  7613  7817 W mobile-ffmpeg: [mov,mp4,m4a,3gp,3g2,mj2 @ 0x78d5f65c00] Found duplicated MOOV Atom. Skipped it
07-05 23:03:08.298  7613  7791 V FileManager: External storage is readable
07-05 23:03:08.299  7613  7791 V FileManager: Directory already exists: /storage/emulated/0/Movies/segment/20200312_194930
07-05 23:03:08.299  7613  7791 V VideoManager: Retrieving videos from /storage/emulated/0/Movies/segment/20200312_194930
07-05 23:03:08.299  7613  7791 V VideoManager: Retrieving video from /storage/emulated/0/Movies/segment/20200312_194930/20200312_194930!000.mp4
07-05 23:03:08.307  7613  7791 V VideoManager: videoFromCursor
07-05 23:03:08.309  7613  7791 V VideoManager: Retrieving video from /storage/emulated/0/Movies/segment/20200312_194930/20200312_194930!001.mp4
07-05 23:03:08.316  7613  7791 V VideoManager: videoFromCursor
07-05 23:03:08.318  7613  7791 V VideoManager: Retrieving video from /storage/emulated/0/Movies/segment/20200312_194930/20200312_194930!002.mp4
07-05 23:03:08.323  7613  7791 V VideoManager: videoFromCursor
07-05 23:03:08.326  7613  7791 V VideoManager: Retrieving video from /storage/emulated/0/Movies/segment/20200312_194930/20200312_194930!003.mp4
07-05 23:03:08.331  7613  7791 V VideoManager: videoFromCursor
07-05 23:03:08.334  7613  7791 V NearbyFragment: nextTransfer with selected algorithm: best_or_local
07-05 23:03:08.337  7613  7791 V FileManager: External storage is readable
07-05 23:03:08.338  7613  7791 V FileManager: Created new directory: /storage/emulated/0/Movies/segment-sum/20200312_194930
07-05 23:03:08.338  7613  7791 D NearbyFragment: Summarising 20200312_194930!000.mp4
07-05 23:03:08.338  7613  7791 V VideoManager: Retrieving video from /storage/emulated/0/Movies/segment/20200312_194930/20200312_194930!000.mp4
07-05 23:03:08.344  7613  7791 V VideoManager: videoFromCursor
07-05 23:03:08.346  7613  7791 V ProcessingVideosEventHandler: onAdd
07-05 23:03:08.346  7613  7791 V RawFootageEventHandler: onRemove
07-05 23:03:08.355  7613  8962 V SummariserIntentService: onHandleIntent
07-05 23:03:08.355  7613  8962 D SummariserIntentService: Video{id='138713', data='/storage/emulated/0/Movies/segment/20200312_194930/20200312_194930!000.mp4', name='20200312_194930!000.mp4', size=16923489, visible=true, mimeType='video/mp4'}
07-05 23:03:08.355  7613  8962 D SummariserIntentService: /storage/emulated/0/Movies/segment-sum/20200312_194930/20200312_194930!000.mp4
07-05 23:03:08.356  7613  8962 I FfmpegTools: Running ffmpeg with:
07-05 23:03:08.356  7613  8962 I FfmpegTools:   -y -i /storage/emulated/0/Movies/segment/20200312_194930/20200312_194930!000.mp4 -vf freezedetect=n=-45.000000dB:d=1.000000,metadata=mode=print:file=/storage/emulated/0/Movies/raw/20200312_194930!000.txt -f null -
07-05 23:03:08.442  7613  7817 W mobile-ffmpeg: [graph 0 input from stream 0:0 @ 0x78e66366c0] sws_param option is deprecated and ignored
07-05 23:03:09.350  7613  7791 V DownloadTestVideosTask: Starting DownloadTestVideosTask
07-05 23:03:09.351  7613  7791 V DashDownloadManager: Started downloading: 20200312_195230.mp4
07-05 23:03:09.352  7613  7791 I System.out: (HTTPLog)-Static: isSBSettingEnabled false
07-05 23:03:09.353  7613  7791 I System.out: (HTTPLog)-Static: isSBSettingEnabled false
07-05 23:03:09.359  7613  7791 I System.out: (HTTPLog)-Thread-2609-201893098: getTransferStream : ContentLength=69990400, method=GET, HTTPVersion=http/1.1
07-05 23:03:10.463  7613  8962 V FfmpegTools: Retrieving duration of /storage/emulated/0/Movies/segment/20200312_194930/20200312_194930!000.mp4
07-05 23:03:10.492  7613  8962 W Summariser: 1 active sections found
07-05 23:03:10.492  7613  8962 I FfmpegTools: Running ffmpeg with:
07-05 23:03:10.492  7613  8962 I FfmpegTools:   -y -i /storage/emulated/0/Movies/segment/20200312_194930/20200312_194930!000.mp4 -filter_complex [0:v]trim=6.773000:16.070000,setpts=PTS-STARTPTS[v0];[0:a]atrim=6.773000:16.070000,asetpts=PTS-STARTPTS[a0];[v0][a0]concat=n=1:v=1:a=1[outv][outa] -map [outv] -map [outa] -crf 23 -preset medium /storage/emulated/0/Movies/segment-sum/20200312_194930/20200312_194930!000.mp4
07-05 23:03:10.544  7613  7817 W mobile-ffmpeg: [graph 0 input from stream 0:0 @ 0x78e6636600] sws_param option is deprecated and ignored
07-05 23:03:11.966  7613  7613 D NearbyFragment: onPayloadReceived(endpointId=w2Lc, payload=com.google.android.gms.nearby.connection.Payload@8e9b3db)
07-05 23:03:11.966  7613  7613 V NearbyFragment: Started downloading 20200312_194830!000.mp4 from Endpoint{id=w2Lc, name=Nexus 5 [1825]}
07-05 23:03:11.967  7613  7613 V NearbyFragment: nextTransfer with selected algorithm: best_or_local
07-05 23:03:11.968  7613  7613 W NearbyFragment: Sending 20200312_194930!001.mp4 to Nexus 5 [1825]
07-05 23:03:11.988  7613  7613 V NearbyFragment: Transfer to Endpoint{id=w2Lc, name=Nexus 5 [1825]} complete
07-05 23:03:11.989  7613  7613 V NearbyFragment: Transfer to Endpoint{id=w2Lc, name=Nexus 5 [1825]} complete
07-05 23:03:12.018  7613  7613 D NearbyFragment: onPayloadReceived(endpointId=w2Lc, payload=com.google.android.gms.nearby.connection.Payload@64425b6)
07-05 23:03:14.113  7613  7613 V NearbyFragment: Transfer to Endpoint{id=w2Lc, name=Nexus 5 [1825]} complete
07-05 23:03:14.114  7613  7613 W NearbyFragment: Completed downloading 20200312_194830!000.mp4 from Endpoint{id=w2Lc, name=Nexus 5 [1825]} in 02.148s
07-05 23:03:14.122  7613  7613 V FileManager: External storage is readable
07-05 23:03:14.122  7613  7613 V FileManager: Directory already exists: /storage/emulated/0/Movies/segment-sum/20200312_194830
07-05 23:03:14.189  7613  7613 V NearbyFragment: Received a segment of 20200312_194830
07-05 23:03:19.734  7613  7613 V NearbyFragment: Transfer to Endpoint{id=w2Lc, name=Nexus 5 [1825]} complete
07-05 23:03:20.058  7613  7613 D NearbyFragment: onPayloadReceived(endpointId=w2Lc, payload=com.google.android.gms.nearby.connection.Payload@f45b2b7)
07-05 23:03:20.058  7613  7613 D NearbyFragment: Endpoint{id=w2Lc, name=Nexus 5 [1825]} has finished downloading 20200312_194930!001.mp4
07-05 23:03:20.059  7613  7613 V NearbyFragment: nextTransfer with selected algorithm: best_or_local
07-05 23:03:20.064  7613  7613 V FileManager: External storage is readable
07-05 23:03:20.064  7613  7613 V FileManager: Directory already exists: /storage/emulated/0/Movies/segment-sum/20200312_194930
07-05 23:03:20.066  7613  7613 D NearbyFragment: Summarising 20200312_194930!002.mp4
07-05 23:03:20.066  7613  7613 V VideoManager: Retrieving video from /storage/emulated/0/Movies/segment/20200312_194930/20200312_194930!002.mp4
07-05 23:03:20.079  7613  7613 V VideoManager: videoFromCursor
07-05 23:03:20.083  7613  7613 V ProcessingVideosEventHandler: onAdd
07-05 23:03:20.084  7613  7613 V RawFootageEventHandler: onRemove
07-05 23:03:20.117  7613  7613 V NearbyFragment: Transfer to Endpoint{id=w2Lc, name=Nexus 5 [1825]} complete
07-05 23:03:20.890  7613  8962 V FfmpegTools: Retrieving duration of /storage/emulated/0/Movies/segment/20200312_194930/20200312_194930!000.mp4
07-05 23:03:20.915  7613  8962 V FfmpegTools: Retrieving duration of /storage/emulated/0/Movies/segment-sum/20200312_194930/20200312_194930!000.mp4
07-05 23:03:20.936  7613  8962 W Summariser: Summarisation completed
07-05 23:03:20.936  7613  8962 W Summariser:   filename: 20200312_194930!000.mp4
07-05 23:03:20.936  7613  8962 W Summariser:   active sections: 1
07-05 23:03:20.936  7613  8962 W Summariser:   time: 12.534s
07-05 23:03:20.936  7613  8962 W Summariser:   original duration: 16.07
07-05 23:03:20.936  7613  8962 W Summariser:   summarised duration: 9.36
07-05 23:03:20.936  7613  8962 W Summariser:   noise tolerance: 45.00
07-05 23:03:20.936  7613  8962 W Summariser:   quality: 23
07-05 23:03:20.936  7613  8962 W Summariser:   speed: medium
07-05 23:03:20.936  7613  8962 W Summariser:   freeze duration: 1.00
07-05 23:03:20.936  7613  8962 V VideoManager: Retrieving video from /storage/emulated/0/Movies/segment-sum/20200312_194930/20200312_194930!000.mp4
07-05 23:03:20.948  7613  8962 D VideoManager: videoCursor is null
07-05 23:03:21.021  7613  8962 V VideoManager: videoFromCursor
07-05 23:03:21.024  7613  8962 V NearbyFragment: Received a segment of 20200312_194930
07-05 23:03:21.024  7613  8962 V ProcessingVideosEventHandler: onRemove
07-05 23:03:21.034  7613  8962 V SummariserIntentService: onHandleIntent
07-05 23:03:21.034  7613  8962 D SummariserIntentService: Video{id='138715', data='/storage/emulated/0/Movies/segment/20200312_194930/20200312_194930!002.mp4', name='20200312_194930!002.mp4', size=16865486, visible=true, mimeType='video/mp4'}
07-05 23:03:21.034  7613  8962 D SummariserIntentService: /storage/emulated/0/Movies/segment-sum/20200312_194930/20200312_194930!002.mp4
07-05 23:03:21.035  7613  8962 I FfmpegTools: Running ffmpeg with:
07-05 23:03:21.035  7613  8962 I FfmpegTools:   -y -i /storage/emulated/0/Movies/segment/20200312_194930/20200312_194930!002.mp4 -vf freezedetect=n=-45.000000dB:d=1.000000,metadata=mode=print:file=/storage/emulated/0/Movies/raw/20200312_194930!002.txt -f null -
07-05 23:03:21.092  7613  7817 W mobile-ffmpeg: [graph 0 input from stream 0:0 @ 0x78e6636600] sws_param option is deprecated and ignored
07-05 23:03:21.106  7613  7625 D SummariserIntentService: Scanned /storage/emulated/0/Movies/summarised
07-05 23:03:21.106  7613  7625 D SummariserIntentService:   -> uri=content://media/external/file/138420
07-05 23:03:23.184  7613  8962 W Summariser: No activity detected
07-05 23:03:23.185  7613  8962 V FfmpegTools: Retrieving duration of /storage/emulated/0/Movies/segment/20200312_194930/20200312_194930!002.mp4
07-05 23:03:23.227  7613  8962 W Summariser: Summarisation completed
07-05 23:03:23.227  7613  8962 W Summariser:   filename: 20200312_194930!002.mp4
07-05 23:03:23.227  7613  8962 W Summariser:   active sections: 0
07-05 23:03:23.227  7613  8962 W Summariser:   time: 02.150s
07-05 23:03:23.227  7613  8962 W Summariser:   original duration: 16.01
07-05 23:03:23.227  7613  8962 W Summariser:   summarised duration: -1.00
07-05 23:03:23.227  7613  8962 W Summariser:   noise tolerance: 45.00
07-05 23:03:23.227  7613  8962 W Summariser:   quality: 23
07-05 23:03:23.227  7613  8962 W Summariser:   speed: medium
07-05 23:03:23.227  7613  8962 W Summariser:   freeze duration: 1.00
07-05 23:03:23.228  7613  8962 V NearbyFragment: Received a segment of 20200312_194930
07-05 23:03:23.228  7613  8962 V ProcessingVideosEventHandler: onRemove
07-05 23:03:23.308  7613  7625 D SummariserIntentService: Scanned /storage/emulated/0/Movies/summarised
07-05 23:03:23.308  7613  7625 D SummariserIntentService:   -> uri=content://media/external/file/138420
07-05 23:03:29.633  7613  7791 V VideoManager: Retrieving video from /storage/emulated/0/Movies/raw/20200312_195230.mp4
07-05 23:03:29.660  7613  7791 D VideoManager: videoCursor is null
07-05 23:03:29.765  7613  7791 V VideoManager: videoFromCursor
07-05 23:03:29.770  7613  7791 W DashDownloadManager: Successfully downloaded 20200312_195230.mp4 in 20.282s
07-05 23:03:29.771  7613  7791 V DownloadTestVideosTask: Entering callback for download completion of 20200312_195230.mp4
07-05 23:03:29.772  7613  7791 V RawFootageEventHandler: onAdd
07-05 23:03:29.774  7613  7791 V FfmpegTools: Retrieving duration of /storage/emulated/0/Movies/raw/20200312_195230.mp4
07-05 23:03:29.786  7613  7817 W mobile-ffmpeg: [mov,mp4,m4a,3gp,3g2,mj2 @ 0x78ef058400] Found duplicated MOOV Atom. Skipped it
07-05 23:03:29.863  7613  7791 V FileManager: External storage is readable
07-05 23:03:29.864  7613  7791 V FileManager: Created new directory: /storage/emulated/0/Movies/segment/20200312_195230
07-05 23:03:29.864  7613  7791 V FfmpegTools: Splitting /storage/emulated/0/Movies/raw/20200312_195230.mp4 with 16s long segments
07-05 23:03:29.865  7613  7791 I FfmpegTools: Running ffmpeg with:
07-05 23:03:29.865  7613  7791 I FfmpegTools:   -y -i /storage/emulated/0/Movies/raw/20200312_195230.mp4 -map 0 -c copy -f segment -reset_timestamps 1 -segment_time 16 /storage/emulated/0/Movies/segment/20200312_195230/20200312_195230!%03d.mp4
07-05 23:03:29.874  7613  7817 W mobile-ffmpeg: [mov,mp4,m4a,3gp,3g2,mj2 @ 0x78ef058400] Found duplicated MOOV Atom. Skipped it
07-05 23:03:30.162  7613  7791 V FileManager: External storage is readable
07-05 23:03:30.162  7613  7791 V FileManager: Directory already exists: /storage/emulated/0/Movies/segment/20200312_195230
07-05 23:03:30.162  7613  7791 V VideoManager: Retrieving videos from /storage/emulated/0/Movies/segment/20200312_195230
07-05 23:03:30.162  7613  7791 V VideoManager: Retrieving video from /storage/emulated/0/Movies/segment/20200312_195230/20200312_195230!000.mp4
07-05 23:03:30.168  7613  7791 V VideoManager: videoFromCursor
07-05 23:03:30.170  7613  7791 V VideoManager: Retrieving video from /storage/emulated/0/Movies/segment/20200312_195230/20200312_195230!001.mp4
07-05 23:03:30.176  7613  7791 V VideoManager: videoFromCursor
07-05 23:03:30.178  7613  7791 V VideoManager: Retrieving video from /storage/emulated/0/Movies/segment/20200312_195230/20200312_195230!002.mp4
07-05 23:03:30.185  7613  7791 V VideoManager: videoFromCursor
07-05 23:03:30.187  7613  7791 V VideoManager: Retrieving video from /storage/emulated/0/Movies/segment/20200312_195230/20200312_195230!003.mp4
07-05 23:03:30.193  7613  7791 V VideoManager: videoFromCursor
07-05 23:03:30.196  7613  7791 V NearbyFragment: nextTransfer with selected algorithm: best_or_local
07-05 23:03:30.198  7613  7791 V FileManager: External storage is readable
07-05 23:03:30.198  7613  7791 V FileManager: Directory already exists: /storage/emulated/0/Movies/segment-sum/20200312_194930
07-05 23:03:30.198  7613  7791 D NearbyFragment: Summarising 20200312_194930!003.mp4
07-05 23:03:30.198  7613  7791 V VideoManager: Retrieving video from /storage/emulated/0/Movies/segment/20200312_194930/20200312_194930!003.mp4
07-05 23:03:30.204  7613  7791 V VideoManager: videoFromCursor
07-05 23:03:30.206  7613  7791 V ProcessingVideosEventHandler: onAdd
07-05 23:03:30.206  7613  7791 V RawFootageEventHandler: onRemove
07-05 23:03:30.213  7613  9074 V SummariserIntentService: onHandleIntent
07-05 23:03:30.214  7613  9074 D SummariserIntentService: Video{id='138716', data='/storage/emulated/0/Movies/segment/20200312_194930/20200312_194930!003.mp4', name='20200312_194930!003.mp4', size=12672704, visible=true, mimeType='video/mp4'}
07-05 23:03:30.214  7613  9074 D SummariserIntentService: /storage/emulated/0/Movies/segment-sum/20200312_194930/20200312_194930!003.mp4
07-05 23:03:30.215  7613  9074 I FfmpegTools: Running ffmpeg with:
07-05 23:03:30.215  7613  9074 I FfmpegTools:   -y -i /storage/emulated/0/Movies/segment/20200312_194930/20200312_194930!003.mp4 -vf freezedetect=n=-45.000000dB:d=1.000000,metadata=mode=print:file=/storage/emulated/0/Movies/raw/20200312_194930!003.txt -f null -
07-05 23:03:30.292  7613  7817 W mobile-ffmpeg: [graph 0 input from stream 0:0 @ 0x78e66366c0] sws_param option is deprecated and ignored
07-05 23:03:31.208  7613  7791 V DownloadTestVideosTask: Starting DownloadTestVideosTask
07-05 23:03:31.209  7613  7791 V DashDownloadManager: Started downloading: 20200312_195330.mp4
07-05 23:03:31.211  7613  7791 I System.out: (HTTPLog)-Static: isSBSettingEnabled false
07-05 23:03:31.211  7613  7791 I System.out: (HTTPLog)-Static: isSBSettingEnabled false
07-05 23:03:31.217  7613  7791 I System.out: (HTTPLog)-Thread-2609-167463371: getTransferStream : ContentLength=69990400, method=GET, HTTPVersion=http/1.1
07-05 23:03:31.810  7613  9074 V FfmpegTools: Retrieving duration of /storage/emulated/0/Movies/segment/20200312_194930/20200312_194930!003.mp4
07-05 23:03:31.837  7613  9074 W Summariser: 1 active sections found
07-05 23:03:31.838  7613  9074 I FfmpegTools: Running ffmpeg with:
07-05 23:03:31.838  7613  9074 I FfmpegTools:   -y -i /storage/emulated/0/Movies/segment/20200312_194930/20200312_194930!003.mp4 -filter_complex [0:v]trim=1.101000:12.010000,setpts=PTS-STARTPTS[v0];[0:a]atrim=1.101000:12.010000,asetpts=PTS-STARTPTS[a0];[v0][a0]concat=n=1:v=1:a=1[outv][outa] -map [outv] -map [outa] -crf 23 -preset medium /storage/emulated/0/Movies/segment-sum/20200312_194930/20200312_194930!003.mp4
07-05 23:03:31.917  7613  7817 W mobile-ffmpeg: [graph 0 input from stream 0:0 @ 0x78e6636600] sws_param option is deprecated and ignored
07-05 23:03:32.270  7613  7613 D NearbyFragment: onPayloadReceived(endpointId=4qxN, payload=com.google.android.gms.nearby.connection.Payload@e7c75a8)
07-05 23:03:32.270  7613  7613 V NearbyFragment: Started downloading 20200312_194830!001.mp4 from Endpoint{id=4qxN, name=Nexus 5X [34d8]}
07-05 23:03:32.270  7613  7613 V NearbyFragment: nextTransfer with selected algorithm: best_or_local
07-05 23:03:32.271  7613  7613 W NearbyFragment: Sending 20200312_195230!000.mp4 to Nexus 5X [34d8]
07-05 23:03:32.282  7613  7613 V NearbyFragment: Transfer to Endpoint{id=4qxN, name=Nexus 5X [34d8]} complete
07-05 23:03:32.287  7613  7613 V NearbyFragment: Transfer to Endpoint{id=4qxN, name=Nexus 5X [34d8]} complete
07-05 23:03:32.543  7613  7613 D NearbyFragment: onPayloadReceived(endpointId=4qxN, payload=com.google.android.gms.nearby.connection.Payload@e72b7a7)
07-05 23:03:34.920  7613  7613 D NearbyFragment: onPayloadReceived(endpointId=w2Lc, payload=com.google.android.gms.nearby.connection.Payload@cf74454)
07-05 23:03:34.921  7613  7613 V NearbyFragment: Started downloading 20200312_194930!001.mp4 from Endpoint{id=w2Lc, name=Nexus 5 [1825]}
07-05 23:03:34.921  7613  7613 V NearbyFragment: nextTransfer with selected algorithm: best_or_local
07-05 23:03:34.922  7613  7613 W NearbyFragment: Sending 20200312_195230!001.mp4 to Nexus 5 [1825]
07-05 23:03:34.924  7613  7613 V NearbyFragment: Transfer to Endpoint{id=w2Lc, name=Nexus 5 [1825]} complete
07-05 23:03:34.937  7613  7613 V NearbyFragment: Transfer to Endpoint{id=w2Lc, name=Nexus 5 [1825]} complete
07-05 23:03:35.167  7613  7613 D NearbyFragment: onPayloadReceived(endpointId=w2Lc, payload=com.google.android.gms.nearby.connection.Payload@5092743)
07-05 23:03:36.081  7613  7613 V NearbyFragment: Transfer to Endpoint{id=w2Lc, name=Nexus 5 [1825]} complete
07-05 23:03:36.082  7613  7613 W NearbyFragment: Completed downloading 20200312_194930!001.mp4 from Endpoint{id=w2Lc, name=Nexus 5 [1825]} in 01.161s
07-05 23:03:36.086  7613  7613 V FileManager: External storage is readable
07-05 23:03:36.086  7613  7613 V FileManager: Directory already exists: /storage/emulated/0/Movies/segment-sum/20200312_194930
07-05 23:03:36.097  7613  7613 V NearbyFragment: Received a segment of 20200312_194930
07-05 23:03:36.434  7613  7613 V NearbyFragment: Transfer to Endpoint{id=4qxN, name=Nexus 5X [34d8]} complete
07-05 23:03:36.820  7613  7613 V NearbyFragment: Transfer to Endpoint{id=4qxN, name=Nexus 5X [34d8]} complete
07-05 23:03:36.820  7613  7613 W NearbyFragment: Completed downloading 20200312_194830!001.mp4 from Endpoint{id=4qxN, name=Nexus 5X [34d8]} in 04.550s
07-05 23:03:36.825  7613  7613 V FileManager: External storage is readable
07-05 23:03:36.826  7613  7613 V FileManager: Directory already exists: /storage/emulated/0/Movies/segment-sum/20200312_194830
07-05 23:03:36.866  7613  7613 D NearbyFragment: Received all summarised video segments of 20200312_194830
07-05 23:03:36.871  7613  7613 V FileManager: External storage is readable
07-05 23:03:36.872  7613  7613 V FileManager: Directory already exists: /storage/emulated/0/Movies/segment-sum/20200312_194830
07-05 23:03:36.872  7613  7613 D FfmpegTools: Merging /storage/emulated/0/Movies/summarised/20200312_194830.mp4
07-05 23:03:36.875  7613  7613 V FileManager: External storage is readable
07-05 23:03:36.876  7613  7613 V FileManager: Directory already exists: /storage/emulated/0/Movies/segment/20200312_194830
07-05 23:03:36.877  7613  7613 I FfmpegTools: Running ffmpeg with:
07-05 23:03:36.877  7613  7613 I FfmpegTools:   -y -f concat -safe 0 -i /storage/emulated/0/Movies/segment/20200312_194830/paths.txt -c copy /storage/emulated/0/Movies/summarised/20200312_194830.mp4
07-05 23:03:36.972  7613  7613 V FfmpegTools: Retrieving duration of /storage/emulated/0/Movies/summarised/20200312_194830.mp4
07-05 23:03:36.991  7613  7613 W FfmpegTools: Merged duration of 20200312_194830: 20.90
07-05 23:03:37.025  7613  7613 V VideoManager: Retrieving video from /storage/emulated/0/Movies/summarised/20200312_194830.mp4
07-05 23:03:37.033  7613  7613 V VideoManager: videoFromCursor
07-05 23:03:37.037  7613  7613 V SummarisedVideosEventHandler: onAdd
07-05 23:03:37.037  7613  7613 V RawFootageEventHandler: removeByName
07-05 23:03:37.038  7613  7613 V ProcessingVideosEventHandler: removeByName
07-05 23:03:37.038  7613  7613 V NearbyFragment: Removing video segment map for 20200312_194830
07-05 23:03:37.038  7613  7613 D NearbyFragment: onPayloadReceived(endpointId=4qxN, payload=com.google.android.gms.nearby.connection.Payload@fae51c0)
07-05 23:03:37.038  7613  7613 D NearbyFragment: Endpoint{id=4qxN, name=Nexus 5X [34d8]} has finished downloading 20200312_195230!000.mp4
07-05 23:03:37.039  7613  7613 V NearbyFragment: nextTransfer with selected algorithm: best_or_local
07-05 23:03:37.043  7613  7613 V FileManager: External storage is readable
07-05 23:03:37.044  7613  7613 V FileManager: Created new directory: /storage/emulated/0/Movies/segment-sum/20200312_195230
07-05 23:03:37.044  7613  7613 D NearbyFragment: Summarising 20200312_195230!002.mp4
07-05 23:03:37.044  7613  7613 V VideoManager: Retrieving video from /storage/emulated/0/Movies/segment/20200312_195230/20200312_195230!002.mp4
07-05 23:03:37.053  7613  7613 V VideoManager: videoFromCursor
07-05 23:03:37.056  7613  7613 V ProcessingVideosEventHandler: onAdd
07-05 23:03:37.056  7613  7613 V RawFootageEventHandler: onRemove
07-05 23:03:37.059  7613  7613 V NearbyFragment: Transfer to Endpoint{id=4qxN, name=Nexus 5X [34d8]} complete
07-05 23:03:42.513  7613  7613 D NearbyFragment: onPayloadReceived(endpointId=4qxN, payload=com.google.android.gms.nearby.connection.Payload@a8bd225)
07-05 23:03:42.513  7613  7613 D NearbyFragment: 20200312_195230!000.mp4 from Endpoint{id=4qxN, name=Nexus 5X [34d8]} contained no activity
07-05 23:03:42.513  7613  7613 V NearbyFragment: Received a segment of 20200312_195230
07-05 23:03:42.514  7613  7613 V NearbyFragment: nextTransfer with selected algorithm: best_or_local
07-05 23:03:42.514  7613  7613 W NearbyFragment: Sending 20200312_195230!003.mp4 to Nexus 5X [34d8]
07-05 23:03:42.529  7613  7613 V NearbyFragment: Transfer to Endpoint{id=4qxN, name=Nexus 5X [34d8]} complete
07-05 23:03:42.715  7613  7613 V NearbyFragment: Transfer to Endpoint{id=4qxN, name=Nexus 5X [34d8]} complete
07-05 23:03:43.264  7613  7613 V NearbyFragment: Transfer to Endpoint{id=w2Lc, name=Nexus 5 [1825]} complete
07-05 23:03:43.846  7613  7613 D NearbyFragment: onPayloadReceived(endpointId=w2Lc, payload=com.google.android.gms.nearby.connection.Payload@9cc6ba1)
