06-29 19:08:14.022  4982  5379 I chatty  : uid=10086(com.example.edgesum) Thread-4 identical 1 line
06-29 19:08:14.022  4982  5379 I mobile-ffmpeg: 
06-29 19:08:14.022  4982  5379 I mobile-ffmpeg:       handler_name    : 
06-29 19:08:14.022  4982  5379 I mobile-ffmpeg: 
06-29 19:08:14.022  4982  5379 I chatty  : uid=10086(com.example.edgesum) Thread-4 identical 1 line
06-29 19:08:14.022  4982  5379 I mobile-ffmpeg: 
06-29 19:08:14.022  4982  5379 I mobile-ffmpeg: PittaSoft Sound Media Handler
06-29 19:08:14.022  4982  5379 I mobile-ffmpeg: 
06-29 19:08:14.022  4982  5379 I chatty  : uid=10086(com.example.edgesum) Thread-4 identical 1 line
06-29 19:08:14.022  4982  5379 I mobile-ffmpeg: 
06-29 19:08:14.022  4982  5379 I mobile-ffmpeg: 
06-29 19:08:14.022  4982  5379 I mobile-ffmpeg: 
06-29 19:08:14.022  4982  5379 I chatty  : uid=10086(com.example.edgesum) Thread-4 identical 1 line
06-29 19:08:14.022  4982  5379 I mobile-ffmpeg: 
06-29 19:08:14.022  4982  5379 I mobile-ffmpeg:       encoder         : 
06-29 19:08:14.022  4982  5379 I mobile-ffmpeg: 
06-29 19:08:14.022  4982  5379 I chatty  : uid=10086(com.example.edgesum) Thread-4 identical 1 line
06-29 19:08:14.022  4982  5379 I mobile-ffmpeg: 
06-29 19:08:14.022  4982  5379 I mobile-ffmpeg: Lavc58.53.101 pcm_s16le
06-29 19:08:14.022  4982  5379 I mobile-ffmpeg: 
06-29 19:08:14.022  4982  5379 I chatty  : uid=10086(com.example.edgesum) Thread-4 identical 1 line
06-29 19:08:14.022  4982  5379 I mobile-ffmpeg: 
06-29 19:08:14.022  4982  5379 I mobile-ffmpeg: 
06-29 19:08:14.073  4982  4982 V NearbyFragment: Transfer to rc9L: 2%
06-29 19:08:14.082  4982  4982 V NearbyFragment: Transfer to rc9L: 2%
06-29 19:08:14.117  4982  4982 V NearbyFragment: Transfer to rc9L: 3%
06-29 19:08:14.145  4982  4982 V NearbyFragment: Transfer to rc9L: 3%
06-29 19:08:14.150  4982  4982 V NearbyFragment: Transfer to rc9L: 4%
06-29 19:08:14.160  4982  4982 V NearbyFragment: Transfer to rc9L: 4%
06-29 19:08:14.179  4982  4982 V NearbyFragment: Transfer to rc9L: 5%
06-29 19:08:14.186  4982  4982 V NearbyFragment: Transfer to rc9L: 5%
06-29 19:08:14.192  4982  4982 V NearbyFragment: Transfer to rc9L: 6%
06-29 19:08:14.196  4982  4982 V NearbyFragment: Transfer to rc9L: 6%
06-29 19:08:14.201  4982  4982 V NearbyFragment: Transfer to rc9L: 7%
06-29 19:08:14.230  4982  4982 V NearbyFragment: Transfer to rc9L: 7%
06-29 19:08:14.246  4982  4982 V NearbyFragment: Transfer to rc9L: 8%
06-29 19:08:14.275  4982  4982 V NearbyFragment: Transfer to rc9L: 8%
06-29 19:08:14.285  4982  4982 V NearbyFragment: Transfer to rc9L: 9%
06-29 19:08:14.293  4982  4982 V NearbyFragment: Transfer to rc9L: 9%
06-29 19:08:14.295  4982  4982 V NearbyFragment: Transfer to rc9L: 10%
06-29 19:08:14.311  4982  4982 V NearbyFragment: Transfer to rc9L: 10%
06-29 19:08:14.314  4982  4982 V NearbyFragment: Transfer to rc9L: 11%
06-29 19:08:14.335  4982  4982 V NearbyFragment: Transfer to rc9L: 11%
06-29 19:08:14.338  4982  4982 V NearbyFragment: Transfer to rc9L: 12%
06-29 19:08:14.345  4982  4982 V NearbyFragment: Transfer to rc9L: 12%
06-29 19:08:14.350  4982  4982 V NearbyFragment: Transfer to rc9L: 13%
06-29 19:08:14.361  4982  4982 V NearbyFragment: Transfer to rc9L: 13%
06-29 19:08:14.420  4982  4982 V NearbyFragment: Transfer to rc9L: 14%
06-29 19:08:14.433  4982  4982 V NearbyFragment: Transfer to rc9L: 14%
06-29 19:08:14.444  4982  4982 V NearbyFragment: Transfer to rc9L: 15%
06-29 19:08:14.464  4982  5379 I mobile-ffmpeg: 
06-29 19:08:14.464  4982  5379 I chatty  : uid=10086(com.example.edgesum) Thread-4 identical 1 line
06-29 19:08:14.464  4982  5379 I mobile-ffmpeg: 
06-29 19:08:14.464  4982  5379 I mobile-ffmpeg: frame=   30 fps=0.0 q=-0.0 size=N/A time=00:00:01.05 bitrate=N/A speed=2.11x    
06-29 19:08:14.472  4982  5379 I mobile-ffmpeg: 
06-29 19:08:14.472  4982  5379 I mobile-ffmpeg: [freezedetect @ 0x96a45b60] 
06-29 19:08:14.472  4982  5379 I mobile-ffmpeg: 
06-29 19:08:14.472  4982  5379 I mobile-ffmpeg: lavfi.freezedetect.freeze_start: 0
06-29 19:08:14.491  4982  4982 V NearbyFragment: Transfer to rc9L: 15%
06-29 19:08:14.502  4982  4982 V NearbyFragment: Transfer to rc9L: 16%
06-29 19:08:14.529  4982  4982 V NearbyFragment: Transfer to rc9L: 16%
06-29 19:08:14.560  4982  4982 V NearbyFragment: Transfer to rc9L: 17%
06-29 19:08:14.574  4982  4982 V NearbyFragment: Transfer to rc9L: 17%
06-29 19:08:14.610  4982  4982 V NearbyFragment: Transfer to rc9L: 18%
06-29 19:08:14.615  4982  4982 V NearbyFragment: Transfer to rc9L: 19%
06-29 19:08:14.635  4982  4982 V NearbyFragment: Transfer to rc9L: 19%
06-29 19:08:14.643  4982  4982 V NearbyFragment: Transfer to rc9L: 20%
06-29 19:08:14.662  4982  4982 V NearbyFragment: Transfer to rc9L: 20%
06-29 19:08:14.680  4982  4982 V NearbyFragment: Transfer to rc9L: 21%
06-29 19:08:14.690  4982  4982 V NearbyFragment: Transfer to rc9L: 21%
06-29 19:08:14.700  4982  4982 V NearbyFragment: Transfer to rc9L: 22%
06-29 19:08:14.712  4982  4982 V NearbyFragment: Transfer to rc9L: 22%
06-29 19:08:14.746  4982  4982 V NearbyFragment: Transfer to rc9L: 23%
06-29 19:08:14.753  4982  4982 V NearbyFragment: Transfer to rc9L: 23%
06-29 19:08:14.765  4982  4982 V NearbyFragment: Transfer to rc9L: 24%
06-29 19:08:14.775  4982  4982 V NearbyFragment: Transfer to rc9L: 24%
06-29 19:08:14.801  4982  4982 V NearbyFragment: Transfer to rc9L: 25%
06-29 19:08:14.808  4982  4982 V NearbyFragment: Transfer to rc9L: 25%
06-29 19:08:14.818  4982  4982 V NearbyFragment: Transfer to rc9L: 26%
06-29 19:08:14.823  4982  4982 V NearbyFragment: Transfer to rc9L: 26%
06-29 19:08:14.844  4982  4982 V NearbyFragment: Transfer to rc9L: 27%
06-29 19:08:14.845  4982  4982 V NearbyFragment: Transfer to rc9L: 27%
06-29 19:08:14.853  4982  4982 V NearbyFragment: Transfer to rc9L: 28%
06-29 19:08:14.893  4982  4982 V NearbyFragment: Transfer to rc9L: 28%
06-29 19:08:14.912  4982  4982 V NearbyFragment: Transfer to rc9L: 29%
06-29 19:08:14.935  4982  4982 V NearbyFragment: Transfer to rc9L: 29%
06-29 19:08:14.952  4982  5379 I mobile-ffmpeg: 
06-29 19:08:14.952  4982  5379 I chatty  : uid=10086(com.example.edgesum) Thread-4 identical 1 line
06-29 19:08:14.952  4982  5379 I mobile-ffmpeg: 
06-29 19:08:14.952  4982  5379 I mobile-ffmpeg: frame=   67 fps= 66 q=-0.0 size=N/A time=00:00:02.33 bitrate=N/A speed= 2.3x    
06-29 19:08:14.970  4982  4982 V NearbyFragment: Transfer to rc9L: 30%
06-29 19:08:15.015  4982  4982 V NearbyFragment: Transfer to rc9L: 30%
06-29 19:08:15.026  4982  4982 V NearbyFragment: Transfer to rc9L: 31%
06-29 19:08:15.033  4982  4982 V NearbyFragment: Transfer to rc9L: 31%
06-29 19:08:15.036  4982  4982 V NearbyFragment: Transfer to rc9L: 32%
06-29 19:08:15.054  4982  4982 V NearbyFragment: Transfer to rc9L: 32%
06-29 19:08:15.064  4982  4982 V NearbyFragment: Transfer to rc9L: 33%
06-29 19:08:15.073  4982  4982 V NearbyFragment: Transfer to rc9L: 33%
06-29 19:08:15.090  4982  4982 V NearbyFragment: Transfer to rc9L: 34%
06-29 19:08:15.109  4982  4982 V NearbyFragment: Transfer to rc9L: 34%
06-29 19:08:15.116  4982  4982 V NearbyFragment: Transfer to rc9L: 35%
06-29 19:08:15.127  4982  4982 V NearbyFragment: Transfer to rc9L: 35%
06-29 19:08:15.145  4982  4982 V NearbyFragment: Transfer to rc9L: 36%
06-29 19:08:15.157  4982  4982 V NearbyFragment: Transfer to rc9L: 37%
06-29 19:08:15.161  4982  4982 V NearbyFragment: Transfer to rc9L: 37%
06-29 19:08:15.168  4982  4982 V NearbyFragment: Transfer to rc9L: 38%
06-29 19:08:15.179  4982  4982 V NearbyFragment: Transfer to rc9L: 38%
06-29 19:08:15.212  4982  4982 V NearbyFragment: Transfer to rc9L: 39%
06-29 19:08:15.215  4982  4982 V NearbyFragment: Transfer to rc9L: 39%
06-29 19:08:15.224  4982  4982 V NearbyFragment: Transfer to rc9L: 40%
06-29 19:08:15.226  4982  4982 V NearbyFragment: Transfer to rc9L: 40%
06-29 19:08:15.275  4982  4982 V NearbyFragment: Transfer to rc9L: 41%
06-29 19:08:15.283  4982  4982 V NearbyFragment: Transfer to rc9L: 41%
06-29 19:08:15.289  4982  4982 V NearbyFragment: Transfer to rc9L: 42%
06-29 19:08:15.295  4982  4982 V NearbyFragment: Transfer to rc9L: 42%
06-29 19:08:15.308  4982  4982 V NearbyFragment: Transfer to rc9L: 43%
06-29 19:08:15.316  4982  4982 V NearbyFragment: Transfer to rc9L: 43%
06-29 19:08:15.322  4982  4982 V NearbyFragment: Transfer to rc9L: 44%
06-29 19:08:15.331  4982  4982 V NearbyFragment: Transfer to rc9L: 44%
06-29 19:08:15.335  4982  4982 V NearbyFragment: Transfer to rc9L: 45%
06-29 19:08:15.355  4982  4982 V NearbyFragment: Transfer to rc9L: 45%
06-29 19:08:15.355  4982  4982 V NearbyFragment: Transfer to rc9L: 46%
06-29 19:08:15.370  4982  4982 V NearbyFragment: Transfer to rc9L: 46%
06-29 19:08:15.379  4982  4982 V NearbyFragment: Transfer to rc9L: 47%
06-29 19:08:15.387  4982  4982 V NearbyFragment: Transfer to rc9L: 47%
06-29 19:08:15.399  4982  4982 V NearbyFragment: Transfer to rc9L: 48%
06-29 19:08:15.412  4982  4982 V NearbyFragment: Transfer to rc9L: 48%
06-29 19:08:15.438  4982  4982 V NearbyFragment: Transfer to rc9L: 49%
06-29 19:08:15.444  4982  4982 V NearbyFragment: Transfer to rc9L: 49%
06-29 19:08:15.466  4982  4982 V NearbyFragment: Transfer to rc9L: 50%
06-29 19:08:15.482  4982  4982 V NearbyFragment: Transfer to rc9L: 50%
06-29 19:08:15.484  4982  4982 V NearbyFragment: Transfer to rc9L: 51%
06-29 19:08:15.491  4982  5379 I mobile-ffmpeg: 
06-29 19:08:15.491  4982  5379 I chatty  : uid=10086(com.example.edgesum) Thread-4 identical 1 line
06-29 19:08:15.491  4982  5379 I mobile-ffmpeg: 
06-29 19:08:15.491  4982  5379 I mobile-ffmpeg: frame=  101 fps= 65 q=-0.0 size=N/A time=00:00:03.49 bitrate=N/A speed=2.24x    
06-29 19:08:15.526  4982  4982 V NearbyFragment: Transfer to rc9L: 51%
06-29 19:08:15.551  4982  4982 V NearbyFragment: Transfer to rc9L: 52%
06-29 19:08:15.737  4982  4982 V NearbyFragment: Transfer to rc9L: 52%
06-29 19:08:15.842  4982  4982 V NearbyFragment: Transfer to rc9L: 53%
06-29 19:08:15.880  4982  4982 V NearbyFragment: Transfer to rc9L: 53%
06-29 19:08:15.901  4982  4982 V NearbyFragment: Transfer to rc9L: 54%
06-29 19:08:15.915  4982  4982 V NearbyFragment: Transfer to rc9L: 54%
06-29 19:08:15.921  4982  4982 V NearbyFragment: Transfer to rc9L: 55%
06-29 19:08:15.957  4982  4982 V NearbyFragment: Transfer to rc9L: 56%
06-29 19:08:15.965  4982  4982 V NearbyFragment: Transfer to rc9L: 56%
06-29 19:08:15.967  4982  4982 V NearbyFragment: Transfer to rc9L: 57%
06-29 19:08:15.972  4982  4982 V NearbyFragment: Transfer to rc9L: 57%
06-29 19:08:15.979  4982  4982 V NearbyFragment: Transfer to rc9L: 58%
06-29 19:08:15.991  4982  4982 V NearbyFragment: Transfer to rc9L: 58%
06-29 19:08:16.016  4982  5379 I mobile-ffmpeg: 
06-29 19:08:16.016  4982  5379 I chatty  : uid=10086(com.example.edgesum) Thread-4 identical 1 line
06-29 19:08:16.016  4982  5379 I mobile-ffmpeg: 
06-29 19:08:16.016  4982  5379 I mobile-ffmpeg: frame=  140 fps= 67 q=-0.0 size=N/A time=00:00:04.70 bitrate=N/A speed=2.27x    
06-29 19:08:16.033  4982  4982 V NearbyFragment: Transfer to rc9L: 59%
06-29 19:08:16.052  4982  4982 V NearbyFragment: Transfer to rc9L: 59%
06-29 19:08:16.074  4982  4982 V NearbyFragment: Transfer to rc9L: 60%
06-29 19:08:16.080  4982  4982 V NearbyFragment: Transfer to rc9L: 60%
06-29 19:08:16.085  4982  4982 V NearbyFragment: Transfer to rc9L: 61%
06-29 19:08:16.091  4982  4982 V NearbyFragment: Transfer to rc9L: 61%
06-29 19:08:16.096  4982  4982 V NearbyFragment: Transfer to rc9L: 62%
06-29 19:08:16.105  4982  4982 V NearbyFragment: Transfer to rc9L: 62%
06-29 19:08:16.108  4982  4982 V NearbyFragment: Transfer to rc9L: 63%
06-29 19:08:16.140  4982  4982 V NearbyFragment: Transfer to rc9L: 63%
06-29 19:08:16.184  4982  4982 V NearbyFragment: Transfer to rc9L: 64%
06-29 19:08:16.192  4982  4982 V NearbyFragment: Transfer to rc9L: 64%
06-29 19:08:16.199  4982  4982 V NearbyFragment: Transfer to rc9L: 65%
06-29 19:08:16.205  4982  4982 V NearbyFragment: Transfer to rc9L: 65%
06-29 19:08:16.217  4982  4982 V NearbyFragment: Transfer to rc9L: 66%
06-29 19:08:16.225  4982  4982 V NearbyFragment: Transfer to rc9L: 66%
06-29 19:08:16.233  4982  4982 V NearbyFragment: Transfer to rc9L: 67%
06-29 19:08:16.238  4982  4982 V NearbyFragment: Transfer to rc9L: 67%
06-29 19:08:16.243  4982  4982 V NearbyFragment: Transfer to rc9L: 68%
06-29 19:08:16.248  4982  4982 V NearbyFragment: Transfer to rc9L: 68%
06-29 19:08:16.253  4982  4982 V NearbyFragment: Transfer to rc9L: 69%
06-29 19:08:16.254  4982  4982 V NearbyFragment: Transfer to rc9L: 69%
06-29 19:08:16.279  4982  4982 V NearbyFragment: Transfer to rc9L: 70%
06-29 19:08:16.293  4982  4982 V NearbyFragment: Transfer to rc9L: 70%
06-29 19:08:16.298  4982  4982 V NearbyFragment: Transfer to rc9L: 71%
06-29 19:08:16.308  4982  4982 V NearbyFragment: Transfer to rc9L: 71%
06-29 19:08:16.340  4982  4982 V NearbyFragment: Transfer to rc9L: 72%
06-29 19:08:16.350  4982  4982 V NearbyFragment: Transfer to rc9L: 72%
06-29 19:08:16.355  4982  4982 V NearbyFragment: Transfer to rc9L: 73%
06-29 19:08:16.389  4982  4982 V NearbyFragment: Transfer to rc9L: 74%
06-29 19:08:16.420  4982  4982 V NearbyFragment: Transfer to rc9L: 74%
06-29 19:08:16.425  4982  4982 V NearbyFragment: Transfer to rc9L: 75%
06-29 19:08:16.436  4982  4982 V NearbyFragment: Transfer to rc9L: 75%
06-29 19:08:16.444  4982  4982 V NearbyFragment: Transfer to rc9L: 76%
06-29 19:08:16.464  4982  4982 V NearbyFragment: Transfer to rc9L: 76%
06-29 19:08:16.491  4982  4982 V NearbyFragment: Transfer to rc9L: 77%
06-29 19:08:16.513  4982  5379 I mobile-ffmpeg: 
06-29 19:08:16.513  4982  5379 I chatty  : uid=10086(com.example.edgesum) Thread-4 identical 1 line
06-29 19:08:16.513  4982  5379 I mobile-ffmpeg: 
06-29 19:08:16.513  4982  5379 I mobile-ffmpeg: frame=  174 fps= 68 q=-0.0 size=N/A time=00:00:05.92 bitrate=N/A speed= 2.3x    
06-29 19:08:16.514  4982  4982 V NearbyFragment: Transfer to rc9L: 77%
06-29 19:08:16.530  4982  4982 V NearbyFragment: Transfer to rc9L: 78%
06-29 19:08:16.544  4982  4982 V NearbyFragment: Transfer to rc9L: 78%
06-29 19:08:16.555  4982  4982 V NearbyFragment: Transfer to rc9L: 79%
06-29 19:08:16.572  4982  4982 V NearbyFragment: Transfer to rc9L: 79%
06-29 19:08:16.578  4982  4982 V NearbyFragment: Transfer to rc9L: 80%
06-29 19:08:16.580  4982  4982 V NearbyFragment: Transfer to rc9L: 80%
06-29 19:08:16.591  4982  4982 V NearbyFragment: Transfer to rc9L: 81%
06-29 19:08:16.595  4982  4982 V NearbyFragment: Transfer to rc9L: 81%
06-29 19:08:16.601  4982  4982 V NearbyFragment: Transfer to rc9L: 82%
06-29 19:08:16.614  4982  4982 V NearbyFragment: Transfer to rc9L: 82%
06-29 19:08:16.624  4982  4982 V NearbyFragment: Transfer to rc9L: 83%
06-29 19:08:16.635  4982  4982 V NearbyFragment: Transfer to rc9L: 83%
06-29 19:08:16.645  4982  4982 V NearbyFragment: Transfer to rc9L: 84%
06-29 19:08:16.656  4982  4982 V NearbyFragment: Transfer to rc9L: 84%
06-29 19:08:16.664  4982  4982 V NearbyFragment: Transfer to rc9L: 85%
06-29 19:08:16.691  4982  4982 V NearbyFragment: Transfer to rc9L: 85%
06-29 19:08:16.706  4982  4982 V NearbyFragment: Transfer to rc9L: 86%
06-29 19:08:16.738  4982  4982 V NearbyFragment: Transfer to rc9L: 86%
06-29 19:08:16.766  4982  4982 V NearbyFragment: Transfer to rc9L: 87%
06-29 19:08:16.789  4982  4982 V NearbyFragment: Transfer to rc9L: 87%
06-29 19:08:16.815  4982  4982 V NearbyFragment: Transfer to rc9L: 88%
06-29 19:08:16.851  4982  4982 V NearbyFragment: Transfer to rc9L: 88%
06-29 19:08:16.868  4982  4982 V NearbyFragment: Transfer to rc9L: 89%
06-29 19:08:16.874  4982  4982 V NearbyFragment: Transfer to rc9L: 89%
06-29 19:08:16.879  4982  4982 V NearbyFragment: Transfer to rc9L: 90%
06-29 19:08:16.887  4982  4982 V NearbyFragment: Transfer to rc9L: 90%
06-29 19:08:16.900  4982  4982 V NearbyFragment: Transfer to rc9L: 91%
06-29 19:08:16.905  4982  4982 V NearbyFragment: Transfer to rc9L: 91%
06-29 19:08:16.912  4982  4982 V NearbyFragment: Transfer to rc9L: 92%
06-29 19:08:16.927  4982  4982 V NearbyFragment: Transfer to rc9L: 93%
06-29 19:08:16.933  4982  4982 V NearbyFragment: Transfer to rc9L: 93%
06-29 19:08:16.941  4982  4982 V NearbyFragment: Transfer to rc9L: 94%
06-29 19:08:16.943  4982  4982 V NearbyFragment: Transfer to rc9L: 94%
06-29 19:08:16.969  4982  4982 V NearbyFragment: Transfer to rc9L: 95%
06-29 19:08:16.982  4982  4982 V NearbyFragment: Transfer to rc9L: 95%
06-29 19:08:16.987  4982  4982 V NearbyFragment: Transfer to rc9L: 96%
06-29 19:08:17.010  4982  4982 V NearbyFragment: Transfer to rc9L: 96%
06-29 19:08:17.012  4982  4982 V NearbyFragment: Transfer to rc9L: 97%
06-29 19:08:17.021  4982  4982 V NearbyFragment: Transfer to rc9L: 97%
06-29 19:08:17.028  4982  5379 I mobile-ffmpeg: 
06-29 19:08:17.029  4982  5379 I chatty  : uid=10086(com.example.edgesum) Thread-4 identical 1 line
06-29 19:08:17.029  4982  5379 I mobile-ffmpeg: 
06-29 19:08:17.029  4982  5379 I mobile-ffmpeg: frame=  211 fps= 68 q=-0.0 size=N/A time=00:00:07.13 bitrate=N/A speed=2.31x    
06-29 19:08:17.036  4982  4982 V NearbyFragment: Transfer to rc9L: 98%
06-29 19:08:17.063  4982  4982 V NearbyFragment: Transfer to rc9L: 98%
06-29 19:08:17.086  4982  4982 V NearbyFragment: Transfer to rc9L: 99%
06-29 19:08:17.103  4982  4982 V NearbyFragment: Transfer to rc9L: 99%
06-29 19:08:17.105  4982  4982 V NearbyFragment: Transfer to rc9L: 100%
06-29 19:08:17.106  4982  4982 V NearbyFragment: Transfer to rc9L: 100%
06-29 19:08:17.106  4982  4982 W NearbyFragment: Completed downloading 20200312_150944!003.mp4 from Endpoint{id=rc9L, name=Nexus 5X [34d8]} in 03.246s
06-29 19:08:17.108  4982  4982 D NearbyFragment: Summarising 20200312_150944!003.mp4
06-29 19:08:17.121  4982  4982 V VideoManager: videoFromCursor
06-29 19:08:17.123  4982  4982 V ProcessingVideosEventHandler: onAdd
06-29 19:08:17.123  4982  4982 V RawFootageEventHandler: onRemove
06-29 19:08:17.126  4982  4982 V NearbyFragment: Transfer to rc9L: 100%
06-29 19:08:17.126  4982  4982 V NearbyFragment: Transfer to rc9L: 100%
06-29 19:08:17.535  4982  5379 I mobile-ffmpeg: 
06-29 19:08:17.536  4982  5379 I chatty  : uid=10086(com.example.edgesum) Thread-4 identical 1 line
06-29 19:08:17.536  4982  5379 I mobile-ffmpeg: 
06-29 19:08:17.536  4982  5379 I mobile-ffmpeg: frame=  255 fps= 71 q=-0.0 size=N/A time=00:00:08.60 bitrate=N/A speed=2.39x    
06-29 19:08:18.050  4982  5379 I mobile-ffmpeg: 
06-29 19:08:18.050  4982  5379 I chatty  : uid=10086(com.example.edgesum) Thread-4 identical 1 line
06-29 19:08:18.050  4982  5379 I mobile-ffmpeg: 
06-29 19:08:18.050  4982  5379 I mobile-ffmpeg: frame=  297 fps= 72 q=-0.0 size=N/A time=00:00:09.95 bitrate=N/A speed=2.42x    
06-29 19:08:18.550  4982  5379 I mobile-ffmpeg: 
06-29 19:08:18.551  4982  5379 I chatty  : uid=10086(com.example.edgesum) Thread-4 identical 1 line
06-29 19:08:18.551  4982  5379 I mobile-ffmpeg: 
06-29 19:08:18.551  4982  5379 I mobile-ffmpeg: frame=  339 fps= 73 q=-0.0 size=N/A time=00:00:11.42 bitrate=N/A speed=2.48x    
06-29 19:08:19.057  4982  5379 I mobile-ffmpeg: 
06-29 19:08:19.057  4982  5379 I chatty  : uid=10086(com.example.edgesum) Thread-4 identical 1 line
06-29 19:08:19.057  4982  5379 I mobile-ffmpeg: 
06-29 19:08:19.057  4982  5379 I mobile-ffmpeg: frame=  383 fps= 75 q=-0.0 size=N/A time=00:00:12.83 bitrate=N/A speed=2.51x    
06-29 19:08:19.560  4982  5379 I mobile-ffmpeg: 
06-29 19:08:19.561  4982  5379 I chatty  : uid=10086(com.example.edgesum) Thread-4 identical 1 line
06-29 19:08:19.561  4982  5379 I mobile-ffmpeg: 
06-29 19:08:19.561  4982  5379 I mobile-ffmpeg: frame=  425 fps= 76 q=-0.0 size=N/A time=00:00:14.30 bitrate=N/A speed=2.54x    
06-29 19:08:20.085  4982  5379 I mobile-ffmpeg: 
06-29 19:08:20.085  4982  5379 I chatty  : uid=10086(com.example.edgesum) Thread-4 identical 1 line
06-29 19:08:20.085  4982  5379 I mobile-ffmpeg: 
06-29 19:08:20.085  4982  5379 I mobile-ffmpeg: frame=  473 fps= 77 q=-0.0 size=N/A time=00:00:15.84 bitrate=N/A speed=2.58x    
06-29 19:08:20.173  4982  5379 I mobile-ffmpeg: 
06-29 19:08:20.173  4982  5379 I chatty  : uid=10086(com.example.edgesum) Thread-4 identical 1 line
06-29 19:08:20.173  4982  5379 I mobile-ffmpeg: 
06-29 19:08:20.173  4982  5379 I mobile-ffmpeg: frame=  480 fps= 77 q=-0.0 Lsize=N/A time=00:00:16.03 bitrate=N/A speed=2.57x    
06-29 19:08:20.173  4982  5379 I mobile-ffmpeg: 
06-29 19:08:20.173  4982  5379 I chatty  : uid=10086(com.example.edgesum) Thread-4 identical 1 line
06-29 19:08:20.173  4982  5379 I mobile-ffmpeg: 
06-29 19:08:20.173  4982  5379 I mobile-ffmpeg: video:191kB audio:1000kB subtitle:0kB other streams:0kB global headers:0kB muxing overhead: 
06-29 19:08:20.173  4982  5379 I mobile-ffmpeg: 
06-29 19:08:20.173  4982  5379 I chatty  : uid=10086(com.example.edgesum) Thread-4 identical 1 line
06-29 19:08:20.173  4982  5379 I mobile-ffmpeg: 
06-29 19:08:20.173  4982  5379 I mobile-ffmpeg: unknown
06-29 19:08:20.173  4982  5379 I mobile-ffmpeg: 
06-29 19:08:20.173  4982  5379 I chatty  : uid=10086(com.example.edgesum) Thread-4 identical 1 line
06-29 19:08:20.173  4982  5379 I mobile-ffmpeg: 
06-29 19:08:20.173  4982  5379 I mobile-ffmpeg: 
06-29 19:08:20.211  4982  5596 W Summariser: No activity detected
06-29 19:08:20.310  4982  5596 W Summariser: Summarisation completed
06-29 19:08:20.310  4982  5596 W Summariser:   filename: 20200312_150944!002.mp4
06-29 19:08:20.310  4982  5596 W Summariser:   active sections: 0
06-29 19:08:20.310  4982  5596 W Summariser:   time: 06.355s
06-29 19:08:20.310  4982  5596 W Summariser:   original duration: 16.01
06-29 19:08:20.310  4982  5596 W Summariser:   summarised duration: -1.00
06-29 19:08:20.310  4982  5596 W Summariser:   noise tolerance: 45.00
06-29 19:08:20.310  4982  5596 W Summariser:   quality: 23
06-29 19:08:20.310  4982  5596 W Summariser:   speed: medium
06-29 19:08:20.310  4982  5596 W Summariser:   freeze duration: 1.00
06-29 19:08:20.311  4982  5596 V ProcessingVideosEventHandler: onRemove
06-29 19:08:20.327  4982  4982 V NearbyFragment: Transfer to rc9L: 100%
06-29 19:08:20.328  4982  4982 V NearbyFragment: Transfer to rc9L: 100%
06-29 19:08:20.329  4982  5596 V SummariserIntentService: onHandleIntent
06-29 19:08:20.330  4982  5596 D SummariserIntentService: Video{id='1106', data='/storage/emulated/0/Download/Nearby/20200312_150944!003.mp4', name='20200312_150944!003.mp4', size=12751346, visible=true, mimeType='video/mp4'}
06-29 19:08:20.330  4982  5596 D SummariserIntentService: /storage/emulated/0/Movies/segment-sum/20200312_150944!003.mp4
06-29 19:08:20.354  4982  4994 D SummariserIntentService: Scanned /storage/emulated/0/Movies/summarised
06-29 19:08:20.354  4982  4994 D SummariserIntentService:   -> uri=content://media/external/file/1132
06-29 19:08:20.374  4982  5379 I mobile-ffmpeg: 
06-29 19:08:20.375  4982  5379 I chatty  : uid=10086(com.example.edgesum) Thread-4 identical 1 line
06-29 19:08:20.375  4982  5379 I mobile-ffmpeg: 
06-29 19:08:20.375  4982  5379 I mobile-ffmpeg: Input #0, mov,mp4,m4a,3gp,3g2,mj2, from '/storage/emulated/0/Download/Nearby/20200312_150944!003.mp4':
06-29 19:08:20.375  4982  5379 I mobile-ffmpeg: 
06-29 19:08:20.376  4982  5379 I chatty  : uid=10086(com.example.edgesum) Thread-4 identical 1 line
06-29 19:08:20.376  4982  5379 I mobile-ffmpeg: 
06-29 19:08:20.376  4982  5379 I mobile-ffmpeg:   Metadata:
06-29 19:08:20.376  4982  5379 I mobile-ffmpeg: 
06-29 19:08:20.377  4982  5379 I chatty  : uid=10086(com.example.edgesum) Thread-4 identical 1 line
06-29 19:08:20.377  4982  5379 I mobile-ffmpeg: 
06-29 19:08:20.377  4982  5379 I mobile-ffmpeg:     major_brand     : 
06-29 19:08:20.377  4982  5379 I mobile-ffmpeg: 
06-29 19:08:20.378  4982  5379 I chatty  : uid=10086(com.example.edgesum) Thread-4 identical 1 line
06-29 19:08:20.378  4982  5379 I mobile-ffmpeg: 
06-29 19:08:20.378  4982  5379 I mobile-ffmpeg: isom
06-29 19:08:20.378  4982  5379 I mobile-ffmpeg: 
06-29 19:08:20.379  4982  5379 I chatty  : uid=10086(com.example.edgesum) Thread-4 identical 1 line
06-29 19:08:20.379  4982  5379 I mobile-ffmpeg: 
06-29 19:08:20.379  4982  5379 I mobile-ffmpeg: 
06-29 19:08:20.379  4982  5379 I mobile-ffmpeg: 
06-29 19:08:20.380  4982  5379 I chatty  : uid=10086(com.example.edgesum) Thread-4 identical 1 line
06-29 19:08:20.380  4982  5379 I mobile-ffmpeg: 
06-29 19:08:20.380  4982  5379 I mobile-ffmpeg:     minor_version   : 
06-29 19:08:20.380  4982  5379 I mobile-ffmpeg: 
06-29 19:08:20.380  4982  5379 I chatty  : uid=10086(com.example.edgesum) Thread-4 identical 1 line
06-29 19:08:20.380  4982  5379 I mobile-ffmpeg: 
06-29 19:08:20.380  4982  5379 I mobile-ffmpeg: 512
06-29 19:08:20.380  4982  5379 I mobile-ffmpeg: 
06-29 19:08:20.380  4982  5379 I chatty  : uid=10086(com.example.edgesum) Thread-4 identical 1 line
06-29 19:08:20.381  4982  5379 I mobile-ffmpeg: 
06-29 19:08:20.381  4982  5379 I mobile-ffmpeg: 
06-29 19:08:20.381  4982  5379 I mobile-ffmpeg: 
06-29 19:08:20.382  4982  5379 I chatty  : uid=10086(com.example.edgesum) Thread-4 identical 1 line
06-29 19:08:20.382  4982  5379 I mobile-ffmpeg: 
06-29 19:08:20.382  4982  5379 I mobile-ffmpeg:     compatible_brands: 
06-29 19:08:20.382  4982  5379 I mobile-ffmpeg: 
06-29 19:08:20.382  4982  5379 I chatty  : uid=10086(com.example.edgesum) Thread-4 identical 1 line
06-29 19:08:20.382  4982  5379 I mobile-ffmpeg: 
06-29 19:08:20.382  4982  5379 I mobile-ffmpeg: isomiso2avc1mp41
06-29 19:08:20.382  4982  5379 I mobile-ffmpeg: 
06-29 19:08:20.382  4982  5379 I chatty  : uid=10086(com.example.edgesum) Thread-4 identical 1 line
06-29 19:08:20.382  4982  5379 I mobile-ffmpeg: 
06-29 19:08:20.382  4982  5379 I mobile-ffmpeg: 
06-29 19:08:20.382  4982  5379 I mobile-ffmpeg: 
06-29 19:08:20.382  4982  5379 I chatty  : uid=10086(com.example.edgesum) Thread-4 identical 1 line
06-29 19:08:20.382  4982  5379 I mobile-ffmpeg: 
06-29 19:08:20.383  4982  5379 I mobile-ffmpeg:     encoder         : 
06-29 19:08:20.383  4982  5379 I mobile-ffmpeg: 
06-29 19:08:20.383  4982  5379 I chatty  : uid=10086(com.example.edgesum) Thread-4 identical 1 line
06-29 19:08:20.383  4982  5379 I mobile-ffmpeg: 
06-29 19:08:20.383  4982  5379 I mobile-ffmpeg: Lavf58.28.101
06-29 19:08:20.383  4982  5379 I mobile-ffmpeg: 
06-29 19:08:20.383  4982  5379 I chatty  : uid=10086(com.example.edgesum) Thread-4 identical 1 line
06-29 19:08:20.383  4982  5379 I mobile-ffmpeg: 
06-29 19:08:20.383  4982  5379 I mobile-ffmpeg: 
06-29 19:08:20.383  4982  5379 I mobile-ffmpeg: 
06-29 19:08:20.383  4982  5379 I chatty  : uid=10086(com.example.edgesum) Thread-4 identical 1 line
06-29 19:08:20.383  4982  5379 I mobile-ffmpeg: 
06-29 19:08:20.383  4982  5379 I mobile-ffmpeg:   Duration: 
06-29 19:08:20.384  4982  5379 I mobile-ffmpeg: 
06-29 19:08:20.384  4982  5379 I chatty  : uid=10086(com.example.edgesum) Thread-4 identical 1 line
06-29 19:08:20.384  4982  5379 I mobile-ffmpeg: 
06-29 19:08:20.384  4982  5379 I mobile-ffmpeg: 00:00:12.01
06-29 19:08:20.384  4982  5379 I mobile-ffmpeg: 
06-29 19:08:20.384  4982  5379 I chatty  : uid=10086(com.example.edgesum) Thread-4 identical 1 line
06-29 19:08:20.384  4982  5379 I mobile-ffmpeg: 
06-29 19:08:20.384  4982  5379 I mobile-ffmpeg: , start: 
06-29 19:08:20.384  4982  5379 I mobile-ffmpeg: 
06-29 19:08:20.384  4982  5379 I chatty  : uid=10086(com.example.edgesum) Thread-4 identical 1 line
06-29 19:08:20.384  4982  5379 I mobile-ffmpeg: 
06-29 19:08:20.384  4982  5379 I mobile-ffmpeg: 0.000000
06-29 19:08:20.384  4982  5379 I mobile-ffmpeg: 
06-29 19:08:20.385  4982  5379 I chatty  : uid=10086(com.example.edgesum) Thread-4 identical 1 line
06-29 19:08:20.385  4982  5379 I mobile-ffmpeg: 
06-29 19:08:20.385  4982  5379 I mobile-ffmpeg: , bitrate: 
06-29 19:08:20.385  4982  5379 I mobile-ffmpeg: 
06-29 19:08:20.385  4982  5379 I chatty  : uid=10086(com.example.edgesum) Thread-4 identical 1 line
06-29 19:08:20.385  4982  5379 I mobile-ffmpeg: 
06-29 19:08:20.385  4982  5379 I mobile-ffmpeg: 8493 kb/s
06-29 19:08:20.385  4982  5379 I mobile-ffmpeg: 
06-29 19:08:20.385  4982  5379 I chatty  : uid=10086(com.example.edgesum) Thread-4 identical 1 line
06-29 19:08:20.385  4982  5379 I mobile-ffmpeg: 
06-29 19:08:20.385  4982  5379 I mobile-ffmpeg: 
06-29 19:08:20.385  4982  5379 I mobile-ffmpeg: 
06-29 19:08:20.386  4982  5379 I chatty  : uid=10086(com.example.edgesum) Thread-4 identical 1 line
06-29 19:08:20.386  4982  5379 I mobile-ffmpeg: 
06-29 19:08:20.386  4982  5379 I mobile-ffmpeg:     Stream #0:0
06-29 19:08:20.386  4982  5379 I mobile-ffmpeg: 
06-29 19:08:20.386  4982  5379 I chatty  : uid=10086(com.example.edgesum) Thread-4 identical 1 line
06-29 19:08:20.386  4982  5379 I mobile-ffmpeg: 
06-29 19:08:20.386  4982  5379 I mobile-ffmpeg: (eng)
06-29 19:08:20.386  4982  5379 I mobile-ffmpeg: 
06-29 19:08:20.386  4982  5379 I chatty  : uid=10086(com.example.edgesum) Thread-4 identical 1 line
06-29 19:08:20.386  4982  5379 I mobile-ffmpeg: 
06-29 19:08:20.386  4982  5379 I mobile-ffmpeg: : Video: h264 (avc1 / 0x31637661), yuvj420p(pc, bt709), 1280x720, 8440 kb/s
06-29 19:08:20.386  4982  5379 I mobile-ffmpeg: 
06-29 19:08:20.386  4982  5379 I chatty  : uid=10086(com.example.edgesum) Thread-4 identical 1 line
06-29 19:08:20.386  4982  5379 I mobile-ffmpeg: 
06-29 19:08:20.387  4982  5379 I mobile-ffmpeg: , 
06-29 19:08:20.387  4982  5379 I mobile-ffmpeg: 
06-29 19:08:20.387  4982  5379 I chatty  : uid=10086(com.example.edgesum) Thread-4 identical 1 line
06-29 19:08:20.387  4982  5379 I mobile-ffmpeg: 
06-29 19:08:20.387  4982  5379 I mobile-ffmpeg: 29.97 fps, 
06-29 19:08:20.387  4982  5379 I mobile-ffmpeg: 
06-29 19:08:20.387  4982  5379 I chatty  : uid=10086(com.example.edgesum) Thread-4 identical 1 line
06-29 19:08:20.387  4982  5379 I mobile-ffmpeg: 
06-29 19:08:20.387  4982  5379 I mobile-ffmpeg: 29.97 tbr, 
06-29 19:08:20.387  4982  5379 I mobile-ffmpeg: 
06-29 19:08:20.387  4982  5379 I chatty  : uid=10086(com.example.edgesum) Thread-4 identical 1 line
06-29 19:08:20.387  4982  5379 I mobile-ffmpeg: 
06-29 19:08:20.387  4982  5379 I mobile-ffmpeg: 16k tbn, 
06-29 19:08:20.387  4982  5379 I mobile-ffmpeg: 
06-29 19:08:20.388  4982  5379 I chatty  : uid=10086(com.example.edgesum) Thread-4 identical 1 line
06-29 19:08:20.388  4982  5379 I mobile-ffmpeg: 
06-29 19:08:20.388  4982  5379 I mobile-ffmpeg: 32k tbc
06-29 19:08:20.388  4982  5379 I mobile-ffmpeg: 
06-29 19:08:20.388  4982  5379 I chatty  : uid=10086(com.example.edgesum) Thread-4 identical 1 line
06-29 19:08:20.388  4982  5379 I mobile-ffmpeg: 
06-29 19:08:20.388  4982  5379 I mobile-ffmpeg:  (default)
06-29 19:08:20.388  4982  5379 I mobile-ffmpeg: 
06-29 19:08:20.388  4982  5379 I chatty  : uid=10086(com.example.edgesum) Thread-4 identical 1 line
06-29 19:08:20.388  4982  5379 I mobile-ffmpeg: 
06-29 19:08:20.388  4982  5379 I mobile-ffmpeg: 
06-29 19:08:20.388  4982  5379 I mobile-ffmpeg: 
06-29 19:08:20.388  4982  5379 I chatty  : uid=10086(com.example.edgesum) Thread-4 identical 1 line
06-29 19:08:20.388  4982  5379 I mobile-ffmpeg: 
06-29 19:08:20.389  4982  5379 I mobile-ffmpeg:     Metadata:
06-29 19:08:20.389  4982  5379 I mobile-ffmpeg: 
06-29 19:08:20.389  4982  5379 I chatty  : uid=10086(com.example.edgesum) Thread-4 identical 1 line
06-29 19:08:20.389  4982  5379 I mobile-ffmpeg: 
06-29 19:08:20.390  4982  5379 I mobile-ffmpeg:       handler_name    : 
06-29 19:08:20.390  4982  5379 I mobile-ffmpeg: 
06-29 19:08:20.390  4982  5379 I chatty  : uid=10086(com.example.edgesum) Thread-4 identical 1 line
06-29 19:08:20.390  4982  5379 I mobile-ffmpeg: 
06-29 19:08:20.390  4982  5379 I mobile-ffmpeg: PittaSoft Video Media Handler
06-29 19:08:20.390  4982  5379 I mobile-ffmpeg: 
06-29 19:08:20.390  4982  5379 I chatty  : uid=10086(com.example.edgesum) Thread-4 identical 1 line
06-29 19:08:20.390  4982  5379 I mobile-ffmpeg: 
06-29 19:08:20.391  4982  5379 I mobile-ffmpeg: 
06-29 19:08:20.391  4982  5379 I mobile-ffmpeg: 
06-29 19:08:20.391  4982  5379 I chatty  : uid=10086(com.example.edgesum) Thread-4 identical 1 line
06-29 19:08:20.391  4982  5379 I mobile-ffmpeg: 
06-29 19:08:20.391  4982  5379 I mobile-ffmpeg:     Stream #0:1
06-29 19:08:20.391  4982  5379 I mobile-ffmpeg: 
06-29 19:08:20.391  4982  5379 I chatty  : uid=10086(com.example.edgesum) Thread-4 identical 1 line
06-29 19:08:20.391  4982  5379 I mobile-ffmpeg: 
06-29 19:08:20.391  4982  5379 I mobile-ffmpeg: (eng)
06-29 19:08:20.391  4982  5379 I mobile-ffmpeg: 
06-29 19:08:20.391  4982  5379 I chatty  : uid=10086(com.example.edgesum) Thread-4 identical 1 line
06-29 19:08:20.391  4982  5379 I mobile-ffmpeg: 
06-29 19:08:20.391  4982  5379 I mobile-ffmpeg: : Audio: aac (mp4a / 0x6134706D), 16000 Hz, stereo, fltp, 47 kb/s
06-29 19:08:20.391  4982  5379 I mobile-ffmpeg: 
06-29 19:08:20.391  4982  5379 I chatty  : uid=10086(com.example.edgesum) Thread-4 identical 1 line
06-29 19:08:20.391  4982  5379 I mobile-ffmpeg: 
06-29 19:08:20.391  4982  5379 I mobile-ffmpeg:  (default)
06-29 19:08:20.391  4982  5379 I mobile-ffmpeg: 
06-29 19:08:20.391  4982  5379 I chatty  : uid=10086(com.example.edgesum) Thread-4 identical 1 line
06-29 19:08:20.391  4982  5379 I mobile-ffmpeg: 
06-29 19:08:20.391  4982  5379 I mobile-ffmpeg: 
06-29 19:08:20.391  4982  5379 I mobile-ffmpeg: 
06-29 19:08:20.391  4982  5379 I chatty  : uid=10086(com.example.edgesum) Thread-4 identical 1 line
06-29 19:08:20.391  4982  5379 I mobile-ffmpeg: 
06-29 19:08:20.391  4982  5379 I mobile-ffmpeg:     Metadata:
06-29 19:08:20.391  4982  5379 I mobile-ffmpeg: 
06-29 19:08:20.391  4982  5379 I chatty  : uid=10086(com.example.edgesum) Thread-4 identical 1 line
06-29 19:08:20.392  4982  5379 I mobile-ffmpeg: 
06-29 19:08:20.392  4982  5379 I mobile-ffmpeg:       handler_name    : 
06-29 19:08:20.392  4982  5379 I mobile-ffmpeg: 
06-29 19:08:20.392  4982  5379 I chatty  : uid=10086(com.example.edgesum) Thread-4 identical 1 line
06-29 19:08:20.392  4982  5379 I mobile-ffmpeg: 
06-29 19:08:20.392  4982  5379 I mobile-ffmpeg: PittaSoft Sound Media Handler
06-29 19:08:20.392  4982  5379 I mobile-ffmpeg: 
06-29 19:08:20.392  4982  5379 I chatty  : uid=10086(com.example.edgesum) Thread-4 identical 1 line
06-29 19:08:20.394  4982  5379 I mobile-ffmpeg: 
06-29 19:08:20.394  4982  5379 I mobile-ffmpeg: 
06-29 19:08:20.399  4982  5379 I mobile-ffmpeg: 
06-29 19:08:20.399  4982  5379 I chatty  : uid=10086(com.example.edgesum) Thread-4 identical 1 line
06-29 19:08:20.399  4982  5379 I mobile-ffmpeg: 
06-29 19:08:20.399  4982  5379 I mobile-ffmpeg: Stream mapping:
06-29 19:08:20.399  4982  5379 I mobile-ffmpeg: 
06-29 19:08:20.399  4982  5379 I chatty  : uid=10086(com.example.edgesum) Thread-4 identical 1 line
06-29 19:08:20.399  4982  5379 I mobile-ffmpeg: 
06-29 19:08:20.399  4982  5379 I mobile-ffmpeg:   Stream #0:0 -> #0:0
06-29 19:08:20.399  4982  5379 I mobile-ffmpeg: 
06-29 19:08:20.399  4982  5379 I chatty  : uid=10086(com.example.edgesum) Thread-4 identical 1 line
06-29 19:08:20.399  4982  5379 I mobile-ffmpeg: 
06-29 19:08:20.399  4982  5379 I mobile-ffmpeg:  (h264 (native) -> wrapped_avframe (native))
06-29 19:08:20.399  4982  5379 I mobile-ffmpeg: 
06-29 19:08:20.399  4982  5379 I chatty  : uid=10086(com.example.edgesum) Thread-4 identical 1 line
06-29 19:08:20.399  4982  5379 I mobile-ffmpeg: 
06-29 19:08:20.399  4982  5379 I mobile-ffmpeg: 
06-29 19:08:20.399  4982  5379 I mobile-ffmpeg: 
06-29 19:08:20.399  4982  5379 I chatty  : uid=10086(com.example.edgesum) Thread-4 identical 1 line
06-29 19:08:20.399  4982  5379 I mobile-ffmpeg: 
06-29 19:08:20.399  4982  5379 I mobile-ffmpeg:   Stream #0:1 -> #0:1
06-29 19:08:20.399  4982  5379 I mobile-ffmpeg: 
06-29 19:08:20.400  4982  5379 I chatty  : uid=10086(com.example.edgesum) Thread-4 identical 1 line
06-29 19:08:20.400  4982  5379 I mobile-ffmpeg: 
06-29 19:08:20.400  4982  5379 I mobile-ffmpeg:  (aac (native) -> pcm_s16le (native))
06-29 19:08:20.400  4982  5379 I mobile-ffmpeg: 
06-29 19:08:20.400  4982  5379 I chatty  : uid=10086(com.example.edgesum) Thread-4 identical 1 line
06-29 19:08:20.400  4982  5379 I mobile-ffmpeg: 
06-29 19:08:20.400  4982  5379 I mobile-ffmpeg: 
06-29 19:08:20.400  4982  5379 I mobile-ffmpeg: 
06-29 19:08:20.400  4982  5379 I chatty  : uid=10086(com.example.edgesum) Thread-4 identical 1 line
06-29 19:08:20.400  4982  5379 I mobile-ffmpeg: 
06-29 19:08:20.400  4982  5379 I mobile-ffmpeg: Press [q] to stop, [?] for help
06-29 19:08:20.465  4982  5379 I mobile-ffmpeg: 
06-29 19:08:20.465  4982  5379 I chatty  : uid=10086(com.example.edgesum) Thread-4 identical 1 line
06-29 19:08:20.465  4982  5379 I mobile-ffmpeg: 
06-29 19:08:20.465  4982  5379 I mobile-ffmpeg: Output #0, null, to 'pipe:':
06-29 19:08:20.465  4982  5379 I mobile-ffmpeg: 
06-29 19:08:20.465  4982  5379 I chatty  : uid=10086(com.example.edgesum) Thread-4 identical 1 line
06-29 19:08:20.465  4982  5379 I mobile-ffmpeg: 
06-29 19:08:20.465  4982  5379 I mobile-ffmpeg:   Metadata:
06-29 19:08:20.465  4982  5379 I mobile-ffmpeg: 
06-29 19:08:20.465  4982  5379 I chatty  : uid=10086(com.example.edgesum) Thread-4 identical 1 line
06-29 19:08:20.465  4982  5379 I mobile-ffmpeg: 
06-29 19:08:20.465  4982  5379 I mobile-ffmpeg:     major_brand     : 
06-29 19:08:20.465  4982  5379 I mobile-ffmpeg: 
06-29 19:08:20.465  4982  5379 I chatty  : uid=10086(com.example.edgesum) Thread-4 identical 1 line
06-29 19:08:20.465  4982  5379 I mobile-ffmpeg: 
06-29 19:08:20.465  4982  5379 I mobile-ffmpeg: isom
06-29 19:08:20.465  4982  5379 I mobile-ffmpeg: 
06-29 19:08:20.465  4982  5379 I chatty  : uid=10086(com.example.edgesum) Thread-4 identical 1 line
06-29 19:08:20.465  4982  5379 I mobile-ffmpeg: 
06-29 19:08:20.465  4982  5379 I mobile-ffmpeg: 
06-29 19:08:20.466  4982  5379 I mobile-ffmpeg: 
06-29 19:08:20.466  4982  5379 I chatty  : uid=10086(com.example.edgesum) Thread-4 identical 1 line
06-29 19:08:20.466  4982  5379 I mobile-ffmpeg: 
06-29 19:08:20.466  4982  5379 I mobile-ffmpeg:     minor_version   : 
06-29 19:08:20.466  4982  5379 I mobile-ffmpeg: 
06-29 19:08:20.466  4982  5379 I chatty  : uid=10086(com.example.edgesum) Thread-4 identical 1 line
06-29 19:08:20.466  4982  5379 I mobile-ffmpeg: 
06-29 19:08:20.466  4982  5379 I mobile-ffmpeg: 512
06-29 19:08:20.466  4982  5379 I mobile-ffmpeg: 
06-29 19:08:20.466  4982  5379 I chatty  : uid=10086(com.example.edgesum) Thread-4 identical 1 line
06-29 19:08:20.466  4982  5379 I mobile-ffmpeg: 
06-29 19:08:20.466  4982  5379 I mobile-ffmpeg: 
06-29 19:08:20.466  4982  5379 I mobile-ffmpeg: 
06-29 19:08:20.466  4982  5379 I chatty  : uid=10086(com.example.edgesum) Thread-4 identical 1 line
06-29 19:08:20.466  4982  5379 I mobile-ffmpeg: 
06-29 19:08:20.466  4982  5379 I mobile-ffmpeg:     compatible_brands: 
06-29 19:08:20.466  4982  5379 I mobile-ffmpeg: 
06-29 19:08:20.466  4982  5379 I chatty  : uid=10086(com.example.edgesum) Thread-4 identical 1 line
06-29 19:08:20.466  4982  5379 I mobile-ffmpeg: 
06-29 19:08:20.466  4982  5379 I mobile-ffmpeg: isomiso2avc1mp41
06-29 19:08:20.466  4982  5379 I mobile-ffmpeg: 
06-29 19:08:20.466  4982  5379 I chatty  : uid=10086(com.example.edgesum) Thread-4 identical 1 line
06-29 19:08:20.466  4982  5379 I mobile-ffmpeg: 
06-29 19:08:20.466  4982  5379 I mobile-ffmpeg: 
06-29 19:08:20.466  4982  5379 I mobile-ffmpeg: 
06-29 19:08:20.467  4982  5379 I chatty  : uid=10086(com.example.edgesum) Thread-4 identical 1 line
06-29 19:08:20.467  4982  5379 I mobile-ffmpeg: 
06-29 19:08:20.467  4982  5379 I mobile-ffmpeg:     encoder         : 
06-29 19:08:20.467  4982  5379 I mobile-ffmpeg: 
06-29 19:08:20.467  4982  5379 I chatty  : uid=10086(com.example.edgesum) Thread-4 identical 1 line
06-29 19:08:20.467  4982  5379 I mobile-ffmpeg: 
06-29 19:08:20.467  4982  5379 I mobile-ffmpeg: Lavf58.28.101
06-29 19:08:20.467  4982  5379 I mobile-ffmpeg: 
06-29 19:08:20.467  4982  5379 I chatty  : uid=10086(com.example.edgesum) Thread-4 identical 1 line
06-29 19:08:20.467  4982  5379 I mobile-ffmpeg: 
06-29 19:08:20.467  4982  5379 I mobile-ffmpeg: 
06-29 19:08:20.467  4982  5379 I mobile-ffmpeg: 
06-29 19:08:20.467  4982  5379 I chatty  : uid=10086(com.example.edgesum) Thread-4 identical 1 line
06-29 19:08:20.467  4982  5379 I mobile-ffmpeg: 
06-29 19:08:20.467  4982  5379 I mobile-ffmpeg:     Stream #0:0
06-29 19:08:20.467  4982  5379 I mobile-ffmpeg: 
06-29 19:08:20.467  4982  5379 I chatty  : uid=10086(com.example.edgesum) Thread-4 identical 1 line
06-29 19:08:20.467  4982  5379 I mobile-ffmpeg: 
06-29 19:08:20.467  4982  5379 I mobile-ffmpeg: (eng)
06-29 19:08:20.467  4982  5379 I mobile-ffmpeg: 
06-29 19:08:20.467  4982  5379 I chatty  : uid=10086(com.example.edgesum) Thread-4 identical 1 line
06-29 19:08:20.468  4982  5379 I mobile-ffmpeg: 
06-29 19:08:20.468  4982  5379 I mobile-ffmpeg: : Video: wrapped_avframe, yuvj420p, 1280x720, q=2-31, 200 kb/s
06-29 19:08:20.468  4982  5379 I mobile-ffmpeg: 
06-29 19:08:20.468  4982  5379 I chatty  : uid=10086(com.example.edgesum) Thread-4 identical 1 line
06-29 19:08:20.468  4982  5379 I mobile-ffmpeg: 
06-29 19:08:20.468  4982  5379 I mobile-ffmpeg: , 
06-29 19:08:20.468  4982  5379 I mobile-ffmpeg: 
06-29 19:08:20.468  4982  5379 I chatty  : uid=10086(com.example.edgesum) Thread-4 identical 1 line
06-29 19:08:20.468  4982  5379 I mobile-ffmpeg: 
06-29 19:08:20.468  4982  5379 I mobile-ffmpeg: 29.97 fps, 
06-29 19:08:20.468  4982  5379 I mobile-ffmpeg: 
06-29 19:08:20.468  4982  5379 I chatty  : uid=10086(com.example.edgesum) Thread-4 identical 1 line
06-29 19:08:20.468  4982  5379 I mobile-ffmpeg: 
06-29 19:08:20.468  4982  5379 I mobile-ffmpeg: 29.97 tbn, 
06-29 19:08:20.468  4982  5379 I mobile-ffmpeg: 
06-29 19:08:20.468  4982  5379 I chatty  : uid=10086(com.example.edgesum) Thread-4 identical 1 line
06-29 19:08:20.468  4982  5379 I mobile-ffmpeg: 
06-29 19:08:20.468  4982  5379 I mobile-ffmpeg: 29.97 tbc
06-29 19:08:20.468  4982  5379 I mobile-ffmpeg: 
06-29 19:08:20.468  4982  5379 I chatty  : uid=10086(com.example.edgesum) Thread-4 identical 1 line
06-29 19:08:20.468  4982  5379 I mobile-ffmpeg: 
06-29 19:08:20.468  4982  5379 I mobile-ffmpeg:  (default)
06-29 19:08:20.468  4982  5379 I mobile-ffmpeg: 
06-29 19:08:20.469  4982  5379 I chatty  : uid=10086(com.example.edgesum) Thread-4 identical 1 line
06-29 19:08:20.469  4982  5379 I mobile-ffmpeg: 
06-29 19:08:20.469  4982  5379 I mobile-ffmpeg: 
06-29 19:08:20.469  4982  5379 I mobile-ffmpeg: 
06-29 19:08:20.469  4982  5379 I chatty  : uid=10086(com.example.edgesum) Thread-4 identical 1 line
06-29 19:08:20.469  4982  5379 I mobile-ffmpeg: 
06-29 19:08:20.469  4982  5379 I mobile-ffmpeg:     Metadata:
06-29 19:08:20.469  4982  5379 I mobile-ffmpeg: 
06-29 19:08:20.469  4982  5379 I chatty  : uid=10086(com.example.edgesum) Thread-4 identical 1 line
06-29 19:08:20.469  4982  5379 I mobile-ffmpeg: 
06-29 19:08:20.469  4982  5379 I mobile-ffmpeg:       handler_name    : 
06-29 19:08:20.469  4982  5379 I mobile-ffmpeg: 
06-29 19:08:20.469  4982  5379 I chatty  : uid=10086(com.example.edgesum) Thread-4 identical 1 line
06-29 19:08:20.469  4982  5379 I mobile-ffmpeg: 
06-29 19:08:20.469  4982  5379 I mobile-ffmpeg: PittaSoft Video Media Handler
06-29 19:08:20.469  4982  5379 I mobile-ffmpeg: 
06-29 19:08:20.469  4982  5379 I chatty  : uid=10086(com.example.edgesum) Thread-4 identical 1 line
06-29 19:08:20.469  4982  5379 I mobile-ffmpeg: 
06-29 19:08:20.469  4982  5379 I mobile-ffmpeg: 
06-29 19:08:20.469  4982  5379 I mobile-ffmpeg: 
06-29 19:08:20.469  4982  5379 I chatty  : uid=10086(com.example.edgesum) Thread-4 identical 1 line
06-29 19:08:20.469  4982  5379 I mobile-ffmpeg: 
06-29 19:08:20.469  4982  5379 I mobile-ffmpeg:       encoder         : 
06-29 19:08:20.469  4982  5379 I mobile-ffmpeg: 
06-29 19:08:20.469  4982  5379 I chatty  : uid=10086(com.example.edgesum) Thread-4 identical 1 line
06-29 19:08:20.469  4982  5379 I mobile-ffmpeg: 
06-29 19:08:20.470  4982  5379 I mobile-ffmpeg: Lavc58.53.101 wrapped_avframe
06-29 19:08:20.470  4982  5379 I mobile-ffmpeg: 
06-29 19:08:20.470  4982  5379 I chatty  : uid=10086(com.example.edgesum) Thread-4 identical 1 line
06-29 19:08:20.470  4982  5379 I mobile-ffmpeg: 
06-29 19:08:20.470  4982  5379 I mobile-ffmpeg: 
06-29 19:08:20.470  4982  5379 I mobile-ffmpeg: 
06-29 19:08:20.470  4982  5379 I chatty  : uid=10086(com.example.edgesum) Thread-4 identical 1 line
06-29 19:08:20.470  4982  5379 I mobile-ffmpeg: 
06-29 19:08:20.470  4982  5379 I mobile-ffmpeg:     Stream #0:1
06-29 19:08:20.470  4982  5379 I mobile-ffmpeg: 
06-29 19:08:20.470  4982  5379 I chatty  : uid=10086(com.example.edgesum) Thread-4 identical 1 line
06-29 19:08:20.470  4982  5379 I mobile-ffmpeg: 
06-29 19:08:20.470  4982  5379 I mobile-ffmpeg: (eng)
06-29 19:08:20.470  4982  5379 I mobile-ffmpeg: 
06-29 19:08:20.470  4982  5379 I chatty  : uid=10086(com.example.edgesum) Thread-4 identical 1 line
06-29 19:08:20.470  4982  5379 I mobile-ffmpeg: 
06-29 19:08:20.470  4982  5379 I mobile-ffmpeg: : Audio: pcm_s16le, 16000 Hz, stereo, s16, 512 kb/s
06-29 19:08:20.470  4982  5379 I mobile-ffmpeg: 
06-29 19:08:20.470  4982  5379 I chatty  : uid=10086(com.example.edgesum) Thread-4 identical 1 line
06-29 19:08:20.470  4982  5379 I mobile-ffmpeg: 
06-29 19:08:20.470  4982  5379 I mobile-ffmpeg:  (default)
06-29 19:08:20.470  4982  5379 I mobile-ffmpeg: 
06-29 19:08:20.470  4982  5379 I chatty  : uid=10086(com.example.edgesum) Thread-4 identical 1 line
06-29 19:08:20.470  4982  5379 I mobile-ffmpeg: 
06-29 19:08:20.470  4982  5379 I mobile-ffmpeg: 
06-29 19:08:20.471  4982  5379 I mobile-ffmpeg: 
06-29 19:08:20.471  4982  5379 I chatty  : uid=10086(com.example.edgesum) Thread-4 identical 1 line
06-29 19:08:20.471  4982  5379 I mobile-ffmpeg: 
06-29 19:08:20.471  4982  5379 I mobile-ffmpeg:     Metadata:
06-29 19:08:20.471  4982  5379 I mobile-ffmpeg: 
06-29 19:08:20.471  4982  5379 I chatty  : uid=10086(com.example.edgesum) Thread-4 identical 1 line
06-29 19:08:20.471  4982  5379 I mobile-ffmpeg: 
06-29 19:08:20.471  4982  5379 I mobile-ffmpeg:       handler_name    : 
06-29 19:08:20.471  4982  5379 I mobile-ffmpeg: 
06-29 19:08:20.471  4982  5379 I chatty  : uid=10086(com.example.edgesum) Thread-4 identical 1 line
06-29 19:08:20.471  4982  5379 I mobile-ffmpeg: 
06-29 19:08:20.471  4982  5379 I mobile-ffmpeg: PittaSoft Sound Media Handler
06-29 19:08:20.471  4982  5379 I mobile-ffmpeg: 
06-29 19:08:20.471  4982  5379 I chatty  : uid=10086(com.example.edgesum) Thread-4 identical 1 line
06-29 19:08:20.471  4982  5379 I mobile-ffmpeg: 
06-29 19:08:20.471  4982  5379 I mobile-ffmpeg: 
06-29 19:08:20.471  4982  5379 I mobile-ffmpeg: 
06-29 19:08:20.471  4982  5379 I chatty  : uid=10086(com.example.edgesum) Thread-4 identical 1 line
06-29 19:08:20.471  4982  5379 I mobile-ffmpeg: 
06-29 19:08:20.471  4982  5379 I mobile-ffmpeg:       encoder         : 
06-29 19:08:20.471  4982  5379 I mobile-ffmpeg: 
06-29 19:08:20.471  4982  5379 I chatty  : uid=10086(com.example.edgesum) Thread-4 identical 1 line
06-29 19:08:20.471  4982  5379 I mobile-ffmpeg: 
06-29 19:08:20.471  4982  5379 I mobile-ffmpeg: Lavc58.53.101 pcm_s16le
06-29 19:08:20.471  4982  5379 I mobile-ffmpeg: 
06-29 19:08:20.471  4982  5379 I chatty  : uid=10086(com.example.edgesum) Thread-4 identical 1 line
06-29 19:08:20.472  4982  5379 I mobile-ffmpeg: 
06-29 19:08:20.472  4982  5379 I mobile-ffmpeg: 
06-29 19:08:20.581  4982  5379 I mobile-ffmpeg: 
06-29 19:08:20.582  4982  5379 I chatty  : uid=10086(com.example.edgesum) Thread-4 identical 1 line
06-29 19:08:20.582  4982  5379 I mobile-ffmpeg: 
06-29 19:08:20.582  4982  5379 I mobile-ffmpeg: frame=   10 fps=0.0 q=-0.0 size=N/A time=00:00:00.46 bitrate=N/A speed=2.57x    
06-29 19:08:20.796  4982  5379 I mobile-ffmpeg: 
06-29 19:08:20.796  4982  5379 I mobile-ffmpeg: [freezedetect @ 0x97ba70e0] 
06-29 19:08:20.796  4982  5379 I mobile-ffmpeg: 
06-29 19:08:20.796  4982  5379 I mobile-ffmpeg: lavfi.freezedetect.freeze_start: 0
06-29 19:08:21.092  4982  5379 I mobile-ffmpeg: 
06-29 19:08:21.092  4982  5379 I chatty  : uid=10086(com.example.edgesum) Thread-4 identical 1 line
06-29 19:08:21.092  4982  5379 I mobile-ffmpeg: 
06-29 19:08:21.092  4982  5379 I mobile-ffmpeg: frame=   61 fps=0.0 q=-0.0 size=N/A time=00:00:02.19 bitrate=N/A speed=3.17x    
06-29 19:08:21.610  4982  5379 I mobile-ffmpeg: 
06-29 19:08:21.610  4982  5379 I chatty  : uid=10086(com.example.edgesum) Thread-4 identical 1 line
06-29 19:08:21.610  4982  5379 I mobile-ffmpeg: 
06-29 19:08:21.610  4982  5379 I mobile-ffmpeg: frame=  111 fps= 92 q=-0.0 size=N/A time=00:00:03.79 bitrate=N/A speed=3.16x    
06-29 19:08:22.106  4982  5379 I mobile-ffmpeg: 
06-29 19:08:22.106  4982  5379 I chatty  : uid=10086(com.example.edgesum) Thread-4 identical 1 line
06-29 19:08:22.106  4982  5379 I mobile-ffmpeg: 
06-29 19:08:22.106  4982  5379 I mobile-ffmpeg: frame=  159 fps= 93 q=-0.0 size=N/A time=00:00:05.46 bitrate=N/A speed= 3.2x    
06-29 19:08:22.623  4982  5379 I mobile-ffmpeg: 
06-29 19:08:22.623  4982  5379 I chatty  : uid=10086(com.example.edgesum) Thread-4 identical 1 line
06-29 19:08:22.623  4982  5379 I mobile-ffmpeg: 
06-29 19:08:22.623  4982  5379 I mobile-ffmpeg: frame=  211 fps= 95 q=-0.0 size=N/A time=00:00:07.12 bitrate=N/A speed=3.22x    
06-29 19:08:23.111  4982  5379 I mobile-ffmpeg: 
06-29 19:08:23.111  4982  5379 I chatty  : uid=10086(com.example.edgesum) Thread-4 identical 1 line
06-29 19:08:23.111  4982  5379 I mobile-ffmpeg: 
06-29 19:08:23.111  4982  5379 I mobile-ffmpeg: frame=  259 fps= 96 q=-0.0 size=N/A time=00:00:08.79 bitrate=N/A speed=3.24x    
06-29 19:08:23.611  4982  5379 I mobile-ffmpeg: 
06-29 19:08:23.611  4982  5379 I chatty  : uid=10086(com.example.edgesum) Thread-4 identical 1 line
06-29 19:08:23.611  4982  5379 I mobile-ffmpeg: 
06-29 19:08:23.611  4982  5379 I mobile-ffmpeg: frame=  307 fps= 96 q=-0.0 size=N/A time=00:00:10.38 bitrate=N/A speed=3.23x    
