06-29 19:08:47.518  4982  4982 V NearbyFragment: Transfer to rc9L: 12%
06-29 19:08:47.535  4982  4982 V NearbyFragment: Transfer to rc9L: 12%
06-29 19:08:47.539  4982  4982 V NearbyFragment: Transfer to rc9L: 13%
06-29 19:08:47.551  4982  4982 V NearbyFragment: Transfer to rc9L: 13%
06-29 19:08:47.555  4982  4982 V NearbyFragment: Transfer to rc9L: 14%
06-29 19:08:47.585  4982  4982 V NearbyFragment: Transfer to rc9L: 14%
06-29 19:08:47.588  4982  4982 V NearbyFragment: Transfer to rc9L: 15%
06-29 19:08:47.600  4982  4982 V NearbyFragment: Transfer to rc9L: 16%
06-29 19:08:47.612  4982  4982 V NearbyFragment: Transfer to rc9L: 16%
06-29 19:08:47.618  4982  4982 V NearbyFragment: Transfer to rc9L: 17%
06-29 19:08:47.627  4982  4982 V NearbyFragment: Transfer to rc9L: 17%
06-29 19:08:47.633  4982  4982 V NearbyFragment: Transfer to rc9L: 18%
06-29 19:08:47.634  4982  5379 I mobile-ffmpeg: 
06-29 19:08:47.634  4982  5379 I mobile-ffmpeg: [freezedetect @ 0x97ba60c0] 
06-29 19:08:47.634  4982  5379 I mobile-ffmpeg: 
06-29 19:08:47.634  4982  5379 I mobile-ffmpeg: lavfi.freezedetect.freeze_start: 0
06-29 19:08:47.661  4982  4982 V NearbyFragment: Transfer to rc9L: 18%
06-29 19:08:47.675  4982  4982 V NearbyFragment: Transfer to rc9L: 19%
06-29 19:08:47.700  4982  4982 V NearbyFragment: Transfer to rc9L: 19%
06-29 19:08:47.708  4982  4982 V NearbyFragment: Transfer to rc9L: 20%
06-29 19:08:47.710  4982  5379 I mobile-ffmpeg: 
06-29 19:08:47.710  4982  5379 I chatty  : uid=10086(com.example.edgesum) Thread-4 identical 1 line
06-29 19:08:47.710  4982  5379 I mobile-ffmpeg: 
06-29 19:08:47.710  4982  5379 I mobile-ffmpeg: frame=   38 fps=0.0 q=-0.0 size=N/A time=00:00:01.37 bitrate=N/A speed=2.75x    
06-29 19:08:47.725  4982  4982 V NearbyFragment: Transfer to rc9L: 20%
06-29 19:08:47.741  4982  4982 V NearbyFragment: Transfer to rc9L: 21%
06-29 19:08:47.749  4982  4982 V NearbyFragment: Transfer to rc9L: 21%
06-29 19:08:47.757  4982  4982 V NearbyFragment: Transfer to rc9L: 22%
06-29 19:08:47.793  4982  4982 V NearbyFragment: Transfer to rc9L: 22%
06-29 19:08:47.805  4982  4982 V NearbyFragment: Transfer to rc9L: 23%
06-29 19:08:47.824  4982  4982 V NearbyFragment: Transfer to rc9L: 23%
06-29 19:08:47.831  4982  4982 V NearbyFragment: Transfer to rc9L: 24%
06-29 19:08:47.850  4982  4982 V NearbyFragment: Transfer to rc9L: 24%
06-29 19:08:47.870  4982  4982 V NearbyFragment: Transfer to rc9L: 25%
06-29 19:08:47.875  4982  4982 V NearbyFragment: Transfer to rc9L: 25%
06-29 19:08:47.877  4982  4982 V NearbyFragment: Transfer to rc9L: 26%
06-29 19:08:47.884  4982  4982 V NearbyFragment: Transfer to rc9L: 26%
06-29 19:08:47.890  4982  4982 V NearbyFragment: Transfer to rc9L: 27%
06-29 19:08:47.908  4982  4982 V NearbyFragment: Transfer to rc9L: 27%
06-29 19:08:47.945  4982  4982 V NearbyFragment: Transfer to rc9L: 28%
06-29 19:08:47.945  4982  4982 V NearbyFragment: Transfer to rc9L: 28%
06-29 19:08:47.973  4982  4982 V NearbyFragment: Transfer to rc9L: 29%
06-29 19:08:47.978  4982  4982 V NearbyFragment: Transfer to rc9L: 29%
06-29 19:08:47.986  4982  4982 V NearbyFragment: Transfer to rc9L: 30%
06-29 19:08:47.994  4982  4982 V NearbyFragment: Transfer to rc9L: 31%
06-29 19:08:48.002  4982  4982 V NearbyFragment: Transfer to rc9L: 31%
06-29 19:08:48.013  4982  4982 V NearbyFragment: Transfer to rc9L: 32%
06-29 19:08:48.034  4982  4982 V NearbyFragment: Transfer to rc9L: 32%
06-29 19:08:48.056  4982  4982 V NearbyFragment: Transfer to rc9L: 33%
06-29 19:08:48.072  4982  4982 V NearbyFragment: Transfer to rc9L: 33%
06-29 19:08:48.080  4982  4982 V NearbyFragment: Transfer to rc9L: 34%
06-29 19:08:48.089  4982  4982 V NearbyFragment: Transfer to rc9L: 34%
06-29 19:08:48.140  4982  4982 V NearbyFragment: Transfer to rc9L: 35%
06-29 19:08:48.151  4982  4982 V NearbyFragment: Transfer to rc9L: 35%
06-29 19:08:48.166  4982  4982 V NearbyFragment: Transfer to rc9L: 36%
06-29 19:08:48.172  4982  4982 V NearbyFragment: Transfer to rc9L: 36%
06-29 19:08:48.199  4982  5379 I mobile-ffmpeg: 
06-29 19:08:48.199  4982  5379 I chatty  : uid=10086(com.example.edgesum) Thread-4 identical 1 line
06-29 19:08:48.199  4982  5379 I mobile-ffmpeg: 
06-29 19:08:48.199  4982  5379 I mobile-ffmpeg: frame=   78 fps= 78 q=-0.0 size=N/A time=00:00:02.78 bitrate=N/A speed=2.77x    
06-29 19:08:48.206  4982  4982 V NearbyFragment: Transfer to rc9L: 37%
06-29 19:08:48.232  4982  4982 V NearbyFragment: Transfer to rc9L: 37%
06-29 19:08:48.271  4982  4982 V NearbyFragment: Transfer to rc9L: 38%
06-29 19:08:48.292  4982  4982 V NearbyFragment: Transfer to rc9L: 38%
06-29 19:08:48.295  4982  4982 V NearbyFragment: Transfer to rc9L: 39%
06-29 19:08:48.303  4982  4982 V NearbyFragment: Transfer to rc9L: 39%
06-29 19:08:48.306  4982  4982 V NearbyFragment: Transfer to rc9L: 40%
06-29 19:08:48.349  4982  4982 V NearbyFragment: Transfer to rc9L: 40%
06-29 19:08:48.368  4982  4982 V NearbyFragment: Transfer to rc9L: 41%
06-29 19:08:48.381  4982  4982 V NearbyFragment: Transfer to rc9L: 41%
06-29 19:08:48.393  4982  4982 V NearbyFragment: Transfer to rc9L: 42%
06-29 19:08:48.408  4982  4982 V NearbyFragment: Transfer to rc9L: 42%
06-29 19:08:48.422  4982  4982 V NearbyFragment: Transfer to rc9L: 43%
06-29 19:08:48.424  4982  4982 V NearbyFragment: Transfer to rc9L: 43%
06-29 19:08:48.438  4982  4982 V NearbyFragment: Transfer to rc9L: 44%
06-29 19:08:48.449  4982  4982 V NearbyFragment: Transfer to rc9L: 44%
06-29 19:08:48.465  4982  4982 V NearbyFragment: Transfer to rc9L: 45%
06-29 19:08:48.472  4982  4982 V NearbyFragment: Transfer to rc9L: 45%
06-29 19:08:48.481  4982  4982 V NearbyFragment: Transfer to rc9L: 46%
06-29 19:08:48.503  4982  4982 V NearbyFragment: Transfer to rc9L: 47%
06-29 19:08:48.532  4982  4982 V NearbyFragment: Transfer to rc9L: 47%
06-29 19:08:48.551  4982  4982 V NearbyFragment: Transfer to rc9L: 48%
06-29 19:08:48.580  4982  4982 V NearbyFragment: Transfer to rc9L: 48%
06-29 19:08:48.586  4982  4982 V NearbyFragment: Transfer to rc9L: 49%
06-29 19:08:48.596  4982  4982 V NearbyFragment: Transfer to rc9L: 49%
06-29 19:08:48.599  4982  4982 V NearbyFragment: Transfer to rc9L: 50%
06-29 19:08:48.607  4982  4982 V NearbyFragment: Transfer to rc9L: 50%
06-29 19:08:48.620  4982  4982 V NearbyFragment: Transfer to rc9L: 51%
06-29 19:08:48.653  4982  4982 V NearbyFragment: Transfer to rc9L: 51%
06-29 19:08:48.658  4982  4982 V NearbyFragment: Transfer to rc9L: 52%
06-29 19:08:48.675  4982  4982 V NearbyFragment: Transfer to rc9L: 52%
06-29 19:08:48.695  4982  4982 V NearbyFragment: Transfer to rc9L: 53%
06-29 19:08:48.706  4982  5379 I mobile-ffmpeg: 
06-29 19:08:48.706  4982  5379 I chatty  : uid=10086(com.example.edgesum) Thread-4 identical 1 line
06-29 19:08:48.706  4982  5379 I mobile-ffmpeg: 
06-29 19:08:48.706  4982  5379 I mobile-ffmpeg: frame=  120 fps= 80 q=-0.0 size=N/A time=00:00:04.13 bitrate=N/A speed=2.74x    
06-29 19:08:48.711  4982  4982 V NearbyFragment: Transfer to rc9L: 53%
06-29 19:08:48.734  4982  4982 V NearbyFragment: Transfer to rc9L: 54%
06-29 19:08:48.753  4982  4982 V NearbyFragment: Transfer to rc9L: 54%
06-29 19:08:48.754  4982  4982 V NearbyFragment: Transfer to rc9L: 55%
06-29 19:08:48.764  4982  4982 V NearbyFragment: Transfer to rc9L: 55%
06-29 19:08:48.770  4982  4982 V NearbyFragment: Transfer to rc9L: 56%
06-29 19:08:48.775  4982  4982 V NearbyFragment: Transfer to rc9L: 56%
06-29 19:08:48.795  4982  4982 V NearbyFragment: Transfer to rc9L: 57%
06-29 19:08:48.811  4982  4982 V NearbyFragment: Transfer to rc9L: 57%
06-29 19:08:48.835  4982  4982 V NearbyFragment: Transfer to rc9L: 58%
06-29 19:08:48.842  4982  4982 V NearbyFragment: Transfer to rc9L: 58%
06-29 19:08:48.846  4982  4982 V NearbyFragment: Transfer to rc9L: 59%
06-29 19:08:48.865  4982  4982 V NearbyFragment: Transfer to rc9L: 59%
06-29 19:08:48.870  4982  4982 V NearbyFragment: Transfer to rc9L: 60%
06-29 19:08:48.897  4982  4982 V NearbyFragment: Transfer to rc9L: 60%
06-29 19:08:48.929  4982  4982 V NearbyFragment: Transfer to rc9L: 61%
06-29 19:08:48.948  4982  4982 V NearbyFragment: Transfer to rc9L: 62%
06-29 19:08:48.975  4982  4982 V NearbyFragment: Transfer to rc9L: 62%
06-29 19:08:49.032  4982  4982 V NearbyFragment: Transfer to rc9L: 63%
06-29 19:08:49.080  4982  4982 V NearbyFragment: Transfer to rc9L: 63%
06-29 19:08:49.120  4982  4982 V NearbyFragment: Transfer to rc9L: 64%
06-29 19:08:49.128  4982  4982 V NearbyFragment: Transfer to rc9L: 64%
06-29 19:08:49.135  4982  4982 V NearbyFragment: Transfer to rc9L: 65%
06-29 19:08:49.160  4982  4982 V NearbyFragment: Transfer to rc9L: 65%
06-29 19:08:49.171  4982  4982 V NearbyFragment: Transfer to rc9L: 66%
06-29 19:08:49.176  4982  4982 V NearbyFragment: Transfer to rc9L: 66%
06-29 19:08:49.207  4982  5379 I mobile-ffmpeg: 
06-29 19:08:49.207  4982  5379 I chatty  : uid=10086(com.example.edgesum) Thread-4 identical 1 line
06-29 19:08:49.207  4982  5379 I mobile-ffmpeg: 
06-29 19:08:49.207  4982  5379 I mobile-ffmpeg: frame=  166 fps= 83 q=-0.0 size=N/A time=00:00:05.66 bitrate=N/A speed=2.82x    
06-29 19:08:49.208  4982  4982 V NearbyFragment: Transfer to rc9L: 67%
06-29 19:08:49.225  4982  4982 V NearbyFragment: Transfer to rc9L: 67%
06-29 19:08:49.241  4982  4982 V NearbyFragment: Transfer to rc9L: 68%
06-29 19:08:49.255  4982  4982 V NearbyFragment: Transfer to rc9L: 68%
06-29 19:08:49.268  4982  4982 V NearbyFragment: Transfer to rc9L: 69%
06-29 19:08:49.270  4982  4982 V NearbyFragment: Transfer to rc9L: 69%
06-29 19:08:49.302  4982  4982 V NearbyFragment: Transfer to rc9L: 70%
06-29 19:08:49.313  4982  4982 V NearbyFragment: Transfer to rc9L: 70%
06-29 19:08:49.366  4982  4982 V NearbyFragment: Transfer to rc9L: 71%
06-29 19:08:49.393  4982  4982 V NearbyFragment: Transfer to rc9L: 71%
06-29 19:08:49.394  4982  4982 V NearbyFragment: Transfer to rc9L: 72%
06-29 19:08:49.401  4982  4982 V NearbyFragment: Transfer to rc9L: 72%
06-29 19:08:49.412  4982  4982 V NearbyFragment: Transfer to rc9L: 73%
06-29 19:08:49.447  4982  4982 V NearbyFragment: Transfer to rc9L: 73%
06-29 19:08:49.455  4982  4982 V NearbyFragment: Transfer to rc9L: 74%
06-29 19:08:49.460  4982  4982 V NearbyFragment: Transfer to rc9L: 74%
06-29 19:08:49.479  4982  4982 V NearbyFragment: Transfer to rc9L: 75%
06-29 19:08:49.526  4982  4982 V NearbyFragment: Transfer to rc9L: 75%
06-29 19:08:49.551  4982  4982 V NearbyFragment: Transfer to rc9L: 76%
06-29 19:08:49.565  4982  4982 V NearbyFragment: Transfer to rc9L: 76%
06-29 19:08:49.586  4982  4982 V NearbyFragment: Transfer to rc9L: 77%
06-29 19:08:49.595  4982  4982 V NearbyFragment: Transfer to rc9L: 78%
06-29 19:08:49.597  4982  4982 V NearbyFragment: Transfer to rc9L: 78%
06-29 19:08:49.605  4982  4982 V NearbyFragment: Transfer to rc9L: 79%
06-29 19:08:49.609  4982  4982 V NearbyFragment: Transfer to rc9L: 79%
06-29 19:08:49.615  4982  4982 V NearbyFragment: Transfer to rc9L: 80%
06-29 19:08:49.635  4982  4982 V NearbyFragment: Transfer to rc9L: 80%
06-29 19:08:49.698  4982  4982 V NearbyFragment: Transfer to rc9L: 81%
06-29 19:08:49.724  4982  4982 V NearbyFragment: Transfer to rc9L: 81%
06-29 19:08:49.731  4982  5379 I mobile-ffmpeg: 
06-29 19:08:49.731  4982  5379 I chatty  : uid=10086(com.example.edgesum) Thread-4 identical 1 line
06-29 19:08:49.731  4982  5379 I mobile-ffmpeg: 
06-29 19:08:49.731  4982  5379 I mobile-ffmpeg: frame=  211 fps= 83 q=-0.0 size=N/A time=00:00:07.20 bitrate=N/A speed=2.84x    
06-29 19:08:49.763  4982  4982 V NearbyFragment: Transfer to rc9L: 82%
06-29 19:08:49.791  4982  4982 V NearbyFragment: Transfer to rc9L: 82%
06-29 19:08:49.791  4982  4982 V NearbyFragment: Transfer to rc9L: 83%
06-29 19:08:49.791  4982  4982 V NearbyFragment: Transfer to rc9L: 83%
06-29 19:08:49.841  4982  4982 V NearbyFragment: Transfer to rc9L: 84%
06-29 19:08:49.877  4982  4982 V NearbyFragment: Transfer to rc9L: 84%
06-29 19:08:49.883  4982  4982 V NearbyFragment: Transfer to rc9L: 85%
06-29 19:08:49.895  4982  4982 V NearbyFragment: Transfer to rc9L: 85%
06-29 19:08:49.906  4982  4982 V NearbyFragment: Transfer to rc9L: 86%
06-29 19:08:49.930  4982  4982 V NearbyFragment: Transfer to rc9L: 86%
06-29 19:08:49.932  4982  4982 V NearbyFragment: Transfer to rc9L: 87%
06-29 19:08:49.948  4982  4982 V NearbyFragment: Transfer to rc9L: 87%
06-29 19:08:49.970  4982  4982 V NearbyFragment: Transfer to rc9L: 88%
06-29 19:08:49.977  4982  4982 V NearbyFragment: Transfer to rc9L: 88%
06-29 19:08:49.985  4982  4982 V NearbyFragment: Transfer to rc9L: 89%
06-29 19:08:50.013  4982  4982 V NearbyFragment: Transfer to rc9L: 89%
06-29 19:08:50.020  4982  4982 V NearbyFragment: Transfer to rc9L: 90%
06-29 19:08:50.031  4982  4982 V NearbyFragment: Transfer to rc9L: 90%
06-29 19:08:50.038  4982  4982 V NearbyFragment: Transfer to rc9L: 91%
06-29 19:08:50.044  4982  4982 V NearbyFragment: Transfer to rc9L: 91%
06-29 19:08:50.052  4982  4982 V NearbyFragment: Transfer to rc9L: 92%
06-29 19:08:50.075  4982  4982 V NearbyFragment: Transfer to rc9L: 93%
06-29 19:08:50.130  4982  4982 V NearbyFragment: Transfer to rc9L: 93%
06-29 19:08:50.141  4982  4982 V NearbyFragment: Transfer to rc9L: 94%
06-29 19:08:50.154  4982  4982 V NearbyFragment: Transfer to rc9L: 94%
06-29 19:08:50.186  4982  4982 V NearbyFragment: Transfer to rc9L: 95%
06-29 19:08:50.214  4982  4982 V NearbyFragment: Transfer to rc9L: 95%
06-29 19:08:50.222  4982  4982 V NearbyFragment: Transfer to rc9L: 96%
06-29 19:08:50.229  4982  4982 V NearbyFragment: Transfer to rc9L: 96%
06-29 19:08:50.233  4982  5379 I mobile-ffmpeg: 
06-29 19:08:50.233  4982  5379 I chatty  : uid=10086(com.example.edgesum) Thread-4 identical 1 line
06-29 19:08:50.233  4982  5379 I mobile-ffmpeg: 
06-29 19:08:50.234  4982  5379 I mobile-ffmpeg: frame=  258 fps= 85 q=-0.0 size=N/A time=00:00:08.80 bitrate=N/A speed= 2.9x    
06-29 19:08:50.239  4982  4982 V NearbyFragment: Transfer to rc9L: 97%
06-29 19:08:50.251  4982  4982 V NearbyFragment: Transfer to rc9L: 97%
06-29 19:08:50.296  4982  4982 V NearbyFragment: Transfer to rc9L: 98%
06-29 19:08:50.305  4982  4982 V NearbyFragment: Transfer to rc9L: 98%
06-29 19:08:50.325  4982  4982 V NearbyFragment: Transfer to rc9L: 99%
06-29 19:08:50.344  4982  4982 V NearbyFragment: Transfer to rc9L: 99%
06-29 19:08:50.355  4982  4982 V NearbyFragment: Transfer to rc9L: 100%
06-29 19:08:50.365  4982  4982 V NearbyFragment: Transfer to rc9L: 100%
06-29 19:08:50.366  4982  4982 W NearbyFragment: Completed downloading 20200312_151044!003.mp4 from Endpoint{id=rc9L, name=Nexus 5X [34d8]} in 06.943s
06-29 19:08:50.367  4982  4982 D NearbyFragment: Summarising 20200312_151044!003.mp4
06-29 19:08:50.401  4982  4982 V VideoManager: videoFromCursor
06-29 19:08:50.403  4982  4982 V ProcessingVideosEventHandler: onAdd
06-29 19:08:50.404  4982  4982 V RawFootageEventHandler: onRemove
06-29 19:08:50.407  4982  4982 V NearbyFragment: Transfer to rc9L: 100%
06-29 19:08:50.407  4982  4982 V NearbyFragment: Transfer to rc9L: 100%
06-29 19:08:50.469  4982  4987 I zygote  : Do full code cache collection, code=250KB, data=188KB
06-29 19:08:50.470  4982  4987 I zygote  : After code cache collection, code=168KB, data=116KB
06-29 19:08:50.737  4982  5379 I mobile-ffmpeg: 
06-29 19:08:50.738  4982  5379 I chatty  : uid=10086(com.example.edgesum) Thread-4 identical 1 line
06-29 19:08:50.738  4982  5379 I mobile-ffmpeg: 
06-29 19:08:50.738  4982  5379 I mobile-ffmpeg: frame=  306 fps= 86 q=-0.0 size=N/A time=00:00:10.40 bitrate=N/A speed=2.94x    
06-29 19:08:51.241  4982  5379 I mobile-ffmpeg: 
06-29 19:08:51.241  4982  5379 I chatty  : uid=10086(com.example.edgesum) Thread-4 identical 1 line
06-29 19:08:51.241  4982  5379 I mobile-ffmpeg: 
06-29 19:08:51.242  4982  5379 I mobile-ffmpeg: frame=  358 fps= 88 q=-0.0 size=N/A time=00:00:12.13 bitrate=N/A speed=   3x    
06-29 19:08:51.753  4982  5379 I mobile-ffmpeg: 
06-29 19:08:51.753  4982  5379 I chatty  : uid=10086(com.example.edgesum) Thread-4 identical 1 line
06-29 19:08:51.753  4982  5379 I mobile-ffmpeg: 
06-29 19:08:51.753  4982  5379 I mobile-ffmpeg: frame=  410 fps= 90 q=-0.0 size=N/A time=00:00:13.79 bitrate=N/A speed=3.03x    
06-29 19:08:52.260  4982  5379 I mobile-ffmpeg: 
06-29 19:08:52.260  4982  5379 I chatty  : uid=10086(com.example.edgesum) Thread-4 identical 1 line
06-29 19:08:52.260  4982  5379 I mobile-ffmpeg: 
06-29 19:08:52.260  4982  5379 I mobile-ffmpeg: frame=  460 fps= 91 q=-0.0 size=N/A time=00:00:15.52 bitrate=N/A speed=3.06x    
06-29 19:08:52.425  4982  5379 I mobile-ffmpeg: 
06-29 19:08:52.425  4982  5379 I chatty  : uid=10086(com.example.edgesum) Thread-4 identical 1 line
06-29 19:08:52.425  4982  5379 I mobile-ffmpeg: 
06-29 19:08:52.425  4982  5379 I mobile-ffmpeg: frame=  480 fps= 92 q=-0.0 Lsize=N/A time=00:00:16.03 bitrate=N/A speed=3.07x    
06-29 19:08:52.426  4982  5379 I mobile-ffmpeg: 
06-29 19:08:52.426  4982  5379 I chatty  : uid=10086(com.example.edgesum) Thread-4 identical 1 line
06-29 19:08:52.426  4982  5379 I mobile-ffmpeg: 
06-29 19:08:52.426  4982  5379 I mobile-ffmpeg: video:191kB audio:1000kB subtitle:0kB other streams:0kB global headers:0kB muxing overhead: 
06-29 19:08:52.426  4982  5379 I mobile-ffmpeg: 
06-29 19:08:52.426  4982  5379 I chatty  : uid=10086(com.example.edgesum) Thread-4 identical 1 line
06-29 19:08:52.426  4982  5379 I mobile-ffmpeg: 
06-29 19:08:52.426  4982  5379 I mobile-ffmpeg: unknown
06-29 19:08:52.426  4982  5379 I mobile-ffmpeg: 
06-29 19:08:52.426  4982  5379 I chatty  : uid=10086(com.example.edgesum) Thread-4 identical 1 line
06-29 19:08:52.426  4982  5379 I mobile-ffmpeg: 
06-29 19:08:52.426  4982  5379 I mobile-ffmpeg: 
06-29 19:08:52.460  4982  5683 W Summariser: No activity detected
06-29 19:08:52.595  4982  5683 W Summariser: Summarisation completed
06-29 19:08:52.595  4982  5683 W Summariser:   filename: 20200312_151044!002.mp4
06-29 19:08:52.595  4982  5683 W Summariser:   active sections: 0
06-29 19:08:52.595  4982  5683 W Summariser:   time: 05.376s
06-29 19:08:52.595  4982  5683 W Summariser:   original duration: 16.01
06-29 19:08:52.595  4982  5683 W Summariser:   summarised duration: -1.00
06-29 19:08:52.595  4982  5683 W Summariser:   noise tolerance: 45.00
06-29 19:08:52.595  4982  5683 W Summariser:   quality: 23
06-29 19:08:52.595  4982  5683 W Summariser:   speed: medium
06-29 19:08:52.595  4982  5683 W Summariser:   freeze duration: 1.00
06-29 19:08:52.605  4982  4982 V NearbyFragment: Transfer to rc9L: 100%
06-29 19:08:52.606  4982  4982 V NearbyFragment: Transfer to rc9L: 100%
06-29 19:08:52.607  4982  5683 V ProcessingVideosEventHandler: onRemove
06-29 19:08:52.621  4982  5683 V SummariserIntentService: onHandleIntent
06-29 19:08:52.623  4982  5683 D SummariserIntentService: Video{id='1135', data='/storage/emulated/0/Download/Nearby/20200312_151044!003.mp4', name='20200312_151044!003.mp4', size=12683996, visible=true, mimeType='video/mp4'}
06-29 19:08:52.623  4982  5683 D SummariserIntentService: /storage/emulated/0/Movies/segment-sum/20200312_151044!003.mp4
06-29 19:08:52.640  4982  5023 D SummariserIntentService: Scanned /storage/emulated/0/Movies/summarised
06-29 19:08:52.640  4982  5023 D SummariserIntentService:   -> uri=content://media/external/file/1132
06-29 19:08:52.671  4982  5379 I mobile-ffmpeg: 
06-29 19:08:52.671  4982  5379 I chatty  : uid=10086(com.example.edgesum) Thread-4 identical 1 line
06-29 19:08:52.671  4982  5379 I mobile-ffmpeg: 
06-29 19:08:52.671  4982  5379 I mobile-ffmpeg: Input #0, mov,mp4,m4a,3gp,3g2,mj2, from '/storage/emulated/0/Download/Nearby/20200312_151044!003.mp4':
06-29 19:08:52.671  4982  5379 I mobile-ffmpeg: 
06-29 19:08:52.671  4982  5379 I chatty  : uid=10086(com.example.edgesum) Thread-4 identical 1 line
06-29 19:08:52.672  4982  5379 I mobile-ffmpeg: 
06-29 19:08:52.672  4982  5379 I mobile-ffmpeg:   Metadata:
06-29 19:08:52.672  4982  5379 I mobile-ffmpeg: 
06-29 19:08:52.672  4982  5379 I chatty  : uid=10086(com.example.edgesum) Thread-4 identical 1 line
06-29 19:08:52.672  4982  5379 I mobile-ffmpeg: 
06-29 19:08:52.672  4982  5379 I mobile-ffmpeg:     major_brand     : 
06-29 19:08:52.672  4982  5379 I mobile-ffmpeg: 
06-29 19:08:52.672  4982  5379 I chatty  : uid=10086(com.example.edgesum) Thread-4 identical 1 line
06-29 19:08:52.672  4982  5379 I mobile-ffmpeg: 
06-29 19:08:52.672  4982  5379 I mobile-ffmpeg: isom
06-29 19:08:52.672  4982  5379 I mobile-ffmpeg: 
06-29 19:08:52.672  4982  5379 I chatty  : uid=10086(com.example.edgesum) Thread-4 identical 1 line
06-29 19:08:52.672  4982  5379 I mobile-ffmpeg: 
06-29 19:08:52.672  4982  5379 I mobile-ffmpeg: 
06-29 19:08:52.672  4982  5379 I mobile-ffmpeg: 
06-29 19:08:52.672  4982  5379 I chatty  : uid=10086(com.example.edgesum) Thread-4 identical 1 line
06-29 19:08:52.672  4982  5379 I mobile-ffmpeg: 
06-29 19:08:52.672  4982  5379 I mobile-ffmpeg:     minor_version   : 
06-29 19:08:52.672  4982  5379 I mobile-ffmpeg: 
06-29 19:08:52.672  4982  5379 I chatty  : uid=10086(com.example.edgesum) Thread-4 identical 1 line
06-29 19:08:52.672  4982  5379 I mobile-ffmpeg: 
06-29 19:08:52.672  4982  5379 I mobile-ffmpeg: 512
06-29 19:08:52.672  4982  5379 I mobile-ffmpeg: 
06-29 19:08:52.672  4982  5379 I chatty  : uid=10086(com.example.edgesum) Thread-4 identical 1 line
06-29 19:08:52.672  4982  5379 I mobile-ffmpeg: 
06-29 19:08:52.672  4982  5379 I mobile-ffmpeg: 
06-29 19:08:52.672  4982  5379 I mobile-ffmpeg: 
06-29 19:08:52.673  4982  5379 I chatty  : uid=10086(com.example.edgesum) Thread-4 identical 1 line
06-29 19:08:52.673  4982  5379 I mobile-ffmpeg: 
06-29 19:08:52.673  4982  5379 I mobile-ffmpeg:     compatible_brands: 
06-29 19:08:52.673  4982  5379 I mobile-ffmpeg: 
06-29 19:08:52.673  4982  5379 I chatty  : uid=10086(com.example.edgesum) Thread-4 identical 1 line
06-29 19:08:52.673  4982  5379 I mobile-ffmpeg: 
06-29 19:08:52.673  4982  5379 I mobile-ffmpeg: isomiso2avc1mp41
06-29 19:08:52.673  4982  5379 I mobile-ffmpeg: 
06-29 19:08:52.673  4982  5379 I chatty  : uid=10086(com.example.edgesum) Thread-4 identical 1 line
06-29 19:08:52.673  4982  5379 I mobile-ffmpeg: 
06-29 19:08:52.673  4982  5379 I mobile-ffmpeg: 
06-29 19:08:52.673  4982  5379 I mobile-ffmpeg: 
06-29 19:08:52.673  4982  5379 I chatty  : uid=10086(com.example.edgesum) Thread-4 identical 1 line
06-29 19:08:52.673  4982  5379 I mobile-ffmpeg: 
06-29 19:08:52.673  4982  5379 I mobile-ffmpeg:     encoder         : 
06-29 19:08:52.673  4982  5379 I mobile-ffmpeg: 
06-29 19:08:52.673  4982  5379 I chatty  : uid=10086(com.example.edgesum) Thread-4 identical 1 line
06-29 19:08:52.673  4982  5379 I mobile-ffmpeg: 
06-29 19:08:52.673  4982  5379 I mobile-ffmpeg: Lavf58.28.101
06-29 19:08:52.673  4982  5379 I mobile-ffmpeg: 
06-29 19:08:52.673  4982  5379 I chatty  : uid=10086(com.example.edgesum) Thread-4 identical 1 line
06-29 19:08:52.673  4982  5379 I mobile-ffmpeg: 
06-29 19:08:52.673  4982  5379 I mobile-ffmpeg: 
06-29 19:08:52.673  4982  5379 I mobile-ffmpeg: 
06-29 19:08:52.673  4982  5379 I chatty  : uid=10086(com.example.edgesum) Thread-4 identical 1 line
06-29 19:08:52.674  4982  5379 I mobile-ffmpeg: 
06-29 19:08:52.674  4982  5379 I mobile-ffmpeg:   Duration: 
06-29 19:08:52.674  4982  5379 I mobile-ffmpeg: 
06-29 19:08:52.674  4982  5379 I chatty  : uid=10086(com.example.edgesum) Thread-4 identical 1 line
06-29 19:08:52.674  4982  5379 I mobile-ffmpeg: 
06-29 19:08:52.674  4982  5379 I mobile-ffmpeg: 00:00:12.03
06-29 19:08:52.674  4982  5379 I mobile-ffmpeg: 
06-29 19:08:52.674  4982  5379 I chatty  : uid=10086(com.example.edgesum) Thread-4 identical 1 line
06-29 19:08:52.674  4982  5379 I mobile-ffmpeg: 
06-29 19:08:52.674  4982  5379 I mobile-ffmpeg: , start: 
06-29 19:08:52.674  4982  5379 I mobile-ffmpeg: 
06-29 19:08:52.674  4982  5379 I chatty  : uid=10086(com.example.edgesum) Thread-4 identical 1 line
06-29 19:08:52.674  4982  5379 I mobile-ffmpeg: 
06-29 19:08:52.674  4982  5379 I mobile-ffmpeg: 0.000000
06-29 19:08:52.674  4982  5379 I mobile-ffmpeg: 
06-29 19:08:52.674  4982  5379 I chatty  : uid=10086(com.example.edgesum) Thread-4 identical 1 line
06-29 19:08:52.674  4982  5379 I mobile-ffmpeg: 
06-29 19:08:52.674  4982  5379 I mobile-ffmpeg: , bitrate: 
06-29 19:08:52.674  4982  5379 I mobile-ffmpeg: 
06-29 19:08:52.674  4982  5379 I chatty  : uid=10086(com.example.edgesum) Thread-4 identical 1 line
06-29 19:08:52.674  4982  5379 I mobile-ffmpeg: 
06-29 19:08:52.674  4982  5379 I mobile-ffmpeg: 8433 kb/s
06-29 19:08:52.674  4982  5379 I mobile-ffmpeg: 
06-29 19:08:52.674  4982  5379 I chatty  : uid=10086(com.example.edgesum) Thread-4 identical 1 line
06-29 19:08:52.674  4982  5379 I mobile-ffmpeg: 
06-29 19:08:52.674  4982  5379 I mobile-ffmpeg: 
06-29 19:08:52.674  4982  5379 I mobile-ffmpeg: 
06-29 19:08:52.675  4982  5379 I chatty  : uid=10086(com.example.edgesum) Thread-4 identical 1 line
06-29 19:08:52.675  4982  5379 I mobile-ffmpeg: 
06-29 19:08:52.675  4982  5379 I mobile-ffmpeg:     Stream #0:0
06-29 19:08:52.676  4982  5379 I mobile-ffmpeg: 
06-29 19:08:52.676  4982  5379 I chatty  : uid=10086(com.example.edgesum) Thread-4 identical 1 line
06-29 19:08:52.676  4982  5379 I mobile-ffmpeg: 
06-29 19:08:52.676  4982  5379 I mobile-ffmpeg: (eng)
06-29 19:08:52.676  4982  5379 I mobile-ffmpeg: 
06-29 19:08:52.676  4982  5379 I chatty  : uid=10086(com.example.edgesum) Thread-4 identical 1 line
06-29 19:08:52.676  4982  5379 I mobile-ffmpeg: 
06-29 19:08:52.676  4982  5379 I mobile-ffmpeg: : Video: h264 (avc1 / 0x31637661), yuvj420p(pc, bt709), 1280x720, 8396 kb/s
06-29 19:08:52.676  4982  5379 I mobile-ffmpeg: 
06-29 19:08:52.676  4982  5379 I chatty  : uid=10086(com.example.edgesum) Thread-4 identical 1 line
06-29 19:08:52.676  4982  5379 I mobile-ffmpeg: 
06-29 19:08:52.676  4982  5379 I mobile-ffmpeg: , 
06-29 19:08:52.676  4982  5379 I mobile-ffmpeg: 
06-29 19:08:52.676  4982  5379 I chatty  : uid=10086(com.example.edgesum) Thread-4 identical 1 line
06-29 19:08:52.676  4982  5379 I mobile-ffmpeg: 
06-29 19:08:52.676  4982  5379 I mobile-ffmpeg: 29.98 fps, 
06-29 19:08:52.676  4982  5379 I mobile-ffmpeg: 
06-29 19:08:52.677  4982  5379 I chatty  : uid=10086(com.example.edgesum) Thread-4 identical 1 line
06-29 19:08:52.677  4982  5379 I mobile-ffmpeg: 
06-29 19:08:52.677  4982  5379 I mobile-ffmpeg: 29.97 tbr, 
06-29 19:08:52.677  4982  5379 I mobile-ffmpeg: 
06-29 19:08:52.677  4982  5379 I chatty  : uid=10086(com.example.edgesum) Thread-4 identical 1 line
06-29 19:08:52.677  4982  5379 I mobile-ffmpeg: 
06-29 19:08:52.677  4982  5379 I mobile-ffmpeg: 16k tbn, 
06-29 19:08:52.677  4982  5379 I mobile-ffmpeg: 
06-29 19:08:52.677  4982  5379 I chatty  : uid=10086(com.example.edgesum) Thread-4 identical 1 line
06-29 19:08:52.677  4982  5379 I mobile-ffmpeg: 
06-29 19:08:52.677  4982  5379 I mobile-ffmpeg: 32k tbc
06-29 19:08:52.677  4982  5379 I mobile-ffmpeg: 
06-29 19:08:52.677  4982  5379 I chatty  : uid=10086(com.example.edgesum) Thread-4 identical 1 line
06-29 19:08:52.677  4982  5379 I mobile-ffmpeg: 
06-29 19:08:52.677  4982  5379 I mobile-ffmpeg:  (default)
06-29 19:08:52.677  4982  5379 I mobile-ffmpeg: 
06-29 19:08:52.677  4982  5379 I chatty  : uid=10086(com.example.edgesum) Thread-4 identical 1 line
06-29 19:08:52.677  4982  5379 I mobile-ffmpeg: 
06-29 19:08:52.677  4982  5379 I mobile-ffmpeg: 
06-29 19:08:52.677  4982  5379 I mobile-ffmpeg: 
06-29 19:08:52.677  4982  5379 I chatty  : uid=10086(com.example.edgesum) Thread-4 identical 1 line
06-29 19:08:52.677  4982  5379 I mobile-ffmpeg: 
06-29 19:08:52.677  4982  5379 I mobile-ffmpeg:     Metadata:
06-29 19:08:52.677  4982  5379 I mobile-ffmpeg: 
06-29 19:08:52.677  4982  5379 I chatty  : uid=10086(com.example.edgesum) Thread-4 identical 1 line
06-29 19:08:52.678  4982  5379 I mobile-ffmpeg: 
06-29 19:08:52.678  4982  5379 I mobile-ffmpeg:       handler_name    : 
06-29 19:08:52.678  4982  5379 I mobile-ffmpeg: 
06-29 19:08:52.678  4982  5379 I chatty  : uid=10086(com.example.edgesum) Thread-4 identical 1 line
06-29 19:08:52.678  4982  5379 I mobile-ffmpeg: 
06-29 19:08:52.678  4982  5379 I mobile-ffmpeg: PittaSoft Video Media Handler
06-29 19:08:52.678  4982  5379 I mobile-ffmpeg: 
06-29 19:08:52.678  4982  5379 I chatty  : uid=10086(com.example.edgesum) Thread-4 identical 1 line
06-29 19:08:52.678  4982  5379 I mobile-ffmpeg: 
06-29 19:08:52.678  4982  5379 I mobile-ffmpeg: 
06-29 19:08:52.679  4982  5379 I mobile-ffmpeg: 
06-29 19:08:52.679  4982  5379 I chatty  : uid=10086(com.example.edgesum) Thread-4 identical 1 line
06-29 19:08:52.679  4982  5379 I mobile-ffmpeg: 
06-29 19:08:52.679  4982  5379 I mobile-ffmpeg:     Stream #0:1
06-29 19:08:52.679  4982  5379 I mobile-ffmpeg: 
06-29 19:08:52.679  4982  5379 I chatty  : uid=10086(com.example.edgesum) Thread-4 identical 1 line
06-29 19:08:52.679  4982  5379 I mobile-ffmpeg: 
06-29 19:08:52.679  4982  5379 I mobile-ffmpeg: (eng)
06-29 19:08:52.679  4982  5379 I mobile-ffmpeg: 
06-29 19:08:52.680  4982  5379 I chatty  : uid=10086(com.example.edgesum) Thread-4 identical 1 line
06-29 19:08:52.680  4982  5379 I mobile-ffmpeg: 
06-29 19:08:52.680  4982  5379 I mobile-ffmpeg: : Audio: aac (mp4a / 0x6134706D), 16000 Hz, stereo, fltp, 47 kb/s
06-29 19:08:52.680  4982  5379 I mobile-ffmpeg: 
06-29 19:08:52.680  4982  5379 I chatty  : uid=10086(com.example.edgesum) Thread-4 identical 1 line
06-29 19:08:52.680  4982  5379 I mobile-ffmpeg: 
06-29 19:08:52.680  4982  5379 I mobile-ffmpeg:  (default)
06-29 19:08:52.680  4982  5379 I mobile-ffmpeg: 
06-29 19:08:52.680  4982  5379 I chatty  : uid=10086(com.example.edgesum) Thread-4 identical 1 line
06-29 19:08:52.680  4982  5379 I mobile-ffmpeg: 
06-29 19:08:52.680  4982  5379 I mobile-ffmpeg: 
06-29 19:08:52.680  4982  5379 I mobile-ffmpeg: 
06-29 19:08:52.681  4982  5379 I chatty  : uid=10086(com.example.edgesum) Thread-4 identical 1 line
06-29 19:08:52.681  4982  5379 I mobile-ffmpeg: 
06-29 19:08:52.681  4982  5379 I mobile-ffmpeg:     Metadata:
06-29 19:08:52.681  4982  5379 I mobile-ffmpeg: 
06-29 19:08:52.681  4982  5379 I chatty  : uid=10086(com.example.edgesum) Thread-4 identical 1 line
06-29 19:08:52.681  4982  5379 I mobile-ffmpeg: 
06-29 19:08:52.681  4982  5379 I mobile-ffmpeg:       handler_name    : 
06-29 19:08:52.681  4982  5379 I mobile-ffmpeg: 
06-29 19:08:52.681  4982  5379 I chatty  : uid=10086(com.example.edgesum) Thread-4 identical 1 line
06-29 19:08:52.681  4982  5379 I mobile-ffmpeg: 
06-29 19:08:52.681  4982  5379 I mobile-ffmpeg: PittaSoft Sound Media Handler
06-29 19:08:52.682  4982  5379 I mobile-ffmpeg: 
06-29 19:08:52.682  4982  5379 I chatty  : uid=10086(com.example.edgesum) Thread-4 identical 1 line
06-29 19:08:52.682  4982  5379 I mobile-ffmpeg: 
06-29 19:08:52.682  4982  5379 I mobile-ffmpeg: 
06-29 19:08:52.682  4982  5379 I mobile-ffmpeg: 
06-29 19:08:52.682  4982  5379 I chatty  : uid=10086(com.example.edgesum) Thread-4 identical 1 line
06-29 19:08:52.684  4982  5379 I mobile-ffmpeg: 
06-29 19:08:52.684  4982  5379 I mobile-ffmpeg: Stream mapping:
06-29 19:08:52.684  4982  5379 I mobile-ffmpeg: 
06-29 19:08:52.684  4982  5379 I chatty  : uid=10086(com.example.edgesum) Thread-4 identical 1 line
06-29 19:08:52.684  4982  5379 I mobile-ffmpeg: 
06-29 19:08:52.684  4982  5379 I mobile-ffmpeg:   Stream #0:0 -> #0:0
06-29 19:08:52.684  4982  5379 I mobile-ffmpeg: 
06-29 19:08:52.684  4982  5379 I chatty  : uid=10086(com.example.edgesum) Thread-4 identical 1 line
06-29 19:08:52.684  4982  5379 I mobile-ffmpeg: 
06-29 19:08:52.684  4982  5379 I mobile-ffmpeg:  (h264 (native) -> wrapped_avframe (native))
06-29 19:08:52.684  4982  5379 I mobile-ffmpeg: 
06-29 19:08:52.684  4982  5379 I chatty  : uid=10086(com.example.edgesum) Thread-4 identical 1 line
06-29 19:08:52.684  4982  5379 I mobile-ffmpeg: 
06-29 19:08:52.684  4982  5379 I mobile-ffmpeg: 
06-29 19:08:52.684  4982  5379 I mobile-ffmpeg: 
06-29 19:08:52.684  4982  5379 I chatty  : uid=10086(com.example.edgesum) Thread-4 identical 1 line
06-29 19:08:52.684  4982  5379 I mobile-ffmpeg: 
06-29 19:08:52.684  4982  5379 I mobile-ffmpeg:   Stream #0:1 -> #0:1
06-29 19:08:52.685  4982  5379 I mobile-ffmpeg: 
06-29 19:08:52.685  4982  5379 I chatty  : uid=10086(com.example.edgesum) Thread-4 identical 1 line
06-29 19:08:52.685  4982  5379 I mobile-ffmpeg: 
06-29 19:08:52.685  4982  5379 I mobile-ffmpeg:  (aac (native) -> pcm_s16le (native))
06-29 19:08:52.685  4982  5379 I mobile-ffmpeg: 
06-29 19:08:52.685  4982  5379 I chatty  : uid=10086(com.example.edgesum) Thread-4 identical 1 line
06-29 19:08:52.685  4982  5379 I mobile-ffmpeg: 
06-29 19:08:52.685  4982  5379 I mobile-ffmpeg: 
06-29 19:08:52.685  4982  5379 I mobile-ffmpeg: 
06-29 19:08:52.685  4982  5379 I chatty  : uid=10086(com.example.edgesum) Thread-4 identical 1 line
06-29 19:08:52.685  4982  5379 I mobile-ffmpeg: 
06-29 19:08:52.685  4982  5379 I mobile-ffmpeg: Press [q] to stop, [?] for help
06-29 19:08:52.775  4982  5379 I mobile-ffmpeg: 
06-29 19:08:52.775  4982  5379 I chatty  : uid=10086(com.example.edgesum) Thread-4 identical 1 line
06-29 19:08:52.775  4982  5379 I mobile-ffmpeg: 
06-29 19:08:52.775  4982  5379 I mobile-ffmpeg: Output #0, null, to 'pipe:':
06-29 19:08:52.775  4982  5379 I mobile-ffmpeg: 
06-29 19:08:52.776  4982  5379 I chatty  : uid=10086(com.example.edgesum) Thread-4 identical 1 line
06-29 19:08:52.776  4982  5379 I mobile-ffmpeg: 
06-29 19:08:52.776  4982  5379 I mobile-ffmpeg:   Metadata:
06-29 19:08:52.776  4982  5379 I mobile-ffmpeg: 
06-29 19:08:52.776  4982  5379 I chatty  : uid=10086(com.example.edgesum) Thread-4 identical 1 line
06-29 19:08:52.776  4982  5379 I mobile-ffmpeg: 
06-29 19:08:52.776  4982  5379 I mobile-ffmpeg:     major_brand     : 
06-29 19:08:52.776  4982  5379 I mobile-ffmpeg: 
06-29 19:08:52.776  4982  5379 I chatty  : uid=10086(com.example.edgesum) Thread-4 identical 1 line
06-29 19:08:52.776  4982  5379 I mobile-ffmpeg: 
06-29 19:08:52.776  4982  5379 I mobile-ffmpeg: isom
06-29 19:08:52.776  4982  5379 I mobile-ffmpeg: 
06-29 19:08:52.776  4982  5379 I chatty  : uid=10086(com.example.edgesum) Thread-4 identical 1 line
06-29 19:08:52.776  4982  5379 I mobile-ffmpeg: 
06-29 19:08:52.776  4982  5379 I mobile-ffmpeg: 
06-29 19:08:52.776  4982  5379 I mobile-ffmpeg: 
06-29 19:08:52.776  4982  5379 I chatty  : uid=10086(com.example.edgesum) Thread-4 identical 1 line
06-29 19:08:52.776  4982  5379 I mobile-ffmpeg: 
06-29 19:08:52.776  4982  5379 I mobile-ffmpeg:     minor_version   : 
06-29 19:08:52.776  4982  5379 I mobile-ffmpeg: 
06-29 19:08:52.776  4982  5379 I chatty  : uid=10086(com.example.edgesum) Thread-4 identical 1 line
06-29 19:08:52.776  4982  5379 I mobile-ffmpeg: 
06-29 19:08:52.776  4982  5379 I mobile-ffmpeg: 512
06-29 19:08:52.776  4982  5379 I mobile-ffmpeg: 
06-29 19:08:52.776  4982  5379 I chatty  : uid=10086(com.example.edgesum) Thread-4 identical 1 line
06-29 19:08:52.777  4982  5379 I mobile-ffmpeg: 
06-29 19:08:52.777  4982  5379 I mobile-ffmpeg: 
06-29 19:08:52.777  4982  5379 I mobile-ffmpeg: 
06-29 19:08:52.777  4982  5379 I chatty  : uid=10086(com.example.edgesum) Thread-4 identical 1 line
06-29 19:08:52.777  4982  5379 I mobile-ffmpeg: 
06-29 19:08:52.777  4982  5379 I mobile-ffmpeg:     compatible_brands: 
06-29 19:08:52.777  4982  5379 I mobile-ffmpeg: 
06-29 19:08:52.777  4982  5379 I chatty  : uid=10086(com.example.edgesum) Thread-4 identical 1 line
06-29 19:08:52.777  4982  5379 I mobile-ffmpeg: 
06-29 19:08:52.777  4982  5379 I mobile-ffmpeg: isomiso2avc1mp41
06-29 19:08:52.777  4982  5379 I mobile-ffmpeg: 
06-29 19:08:52.777  4982  5379 I chatty  : uid=10086(com.example.edgesum) Thread-4 identical 1 line
06-29 19:08:52.777  4982  5379 I mobile-ffmpeg: 
06-29 19:08:52.777  4982  5379 I mobile-ffmpeg: 
06-29 19:08:52.777  4982  5379 I mobile-ffmpeg: 
06-29 19:08:52.777  4982  5379 I chatty  : uid=10086(com.example.edgesum) Thread-4 identical 1 line
06-29 19:08:52.777  4982  5379 I mobile-ffmpeg: 
06-29 19:08:52.777  4982  5379 I mobile-ffmpeg:     encoder         : 
06-29 19:08:52.777  4982  5379 I mobile-ffmpeg: 
06-29 19:08:52.777  4982  5379 I chatty  : uid=10086(com.example.edgesum) Thread-4 identical 1 line
06-29 19:08:52.777  4982  5379 I mobile-ffmpeg: 
06-29 19:08:52.777  4982  5379 I mobile-ffmpeg: Lavf58.28.101
06-29 19:08:52.777  4982  5379 I mobile-ffmpeg: 
06-29 19:08:52.778  4982  5379 I chatty  : uid=10086(com.example.edgesum) Thread-4 identical 1 line
06-29 19:08:52.778  4982  5379 I mobile-ffmpeg: 
06-29 19:08:52.778  4982  5379 I mobile-ffmpeg: 
06-29 19:08:52.778  4982  5379 I mobile-ffmpeg: 
06-29 19:08:52.778  4982  5379 I chatty  : uid=10086(com.example.edgesum) Thread-4 identical 1 line
06-29 19:08:52.778  4982  5379 I mobile-ffmpeg: 
06-29 19:08:52.778  4982  5379 I mobile-ffmpeg:     Stream #0:0
06-29 19:08:52.778  4982  5379 I mobile-ffmpeg: 
06-29 19:08:52.778  4982  5379 I chatty  : uid=10086(com.example.edgesum) Thread-4 identical 1 line
06-29 19:08:52.778  4982  5379 I mobile-ffmpeg: 
06-29 19:08:52.778  4982  5379 I mobile-ffmpeg: (eng)
06-29 19:08:52.778  4982  5379 I mobile-ffmpeg: 
06-29 19:08:52.778  4982  5379 I chatty  : uid=10086(com.example.edgesum) Thread-4 identical 1 line
06-29 19:08:52.778  4982  5379 I mobile-ffmpeg: 
06-29 19:08:52.778  4982  5379 I mobile-ffmpeg: : Video: wrapped_avframe, yuvj420p, 1280x720, q=2-31, 200 kb/s
06-29 19:08:52.778  4982  5379 I mobile-ffmpeg: 
06-29 19:08:52.778  4982  5379 I chatty  : uid=10086(com.example.edgesum) Thread-4 identical 1 line
06-29 19:08:52.778  4982  5379 I mobile-ffmpeg: 
06-29 19:08:52.778  4982  5379 I mobile-ffmpeg: , 
06-29 19:08:52.778  4982  5379 I mobile-ffmpeg: 
06-29 19:08:52.778  4982  5379 I chatty  : uid=10086(com.example.edgesum) Thread-4 identical 1 line
06-29 19:08:52.778  4982  5379 I mobile-ffmpeg: 
06-29 19:08:52.778  4982  5379 I mobile-ffmpeg: 29.97 fps, 
06-29 19:08:52.778  4982  5379 I mobile-ffmpeg: 
06-29 19:08:52.778  4982  5379 I chatty  : uid=10086(com.example.edgesum) Thread-4 identical 1 line
06-29 19:08:52.778  4982  5379 I mobile-ffmpeg: 
06-29 19:08:52.778  4982  5379 I mobile-ffmpeg: 29.97 tbn, 
06-29 19:08:52.779  4982  5379 I mobile-ffmpeg: 
06-29 19:08:52.779  4982  5379 I chatty  : uid=10086(com.example.edgesum) Thread-4 identical 1 line
06-29 19:08:52.779  4982  5379 I mobile-ffmpeg: 
06-29 19:08:52.779  4982  5379 I mobile-ffmpeg: 29.97 tbc
06-29 19:08:52.779  4982  5379 I mobile-ffmpeg: 
06-29 19:08:52.779  4982  5379 I chatty  : uid=10086(com.example.edgesum) Thread-4 identical 1 line
06-29 19:08:52.779  4982  5379 I mobile-ffmpeg: 
06-29 19:08:52.779  4982  5379 I mobile-ffmpeg:  (default)
06-29 19:08:52.779  4982  5379 I mobile-ffmpeg: 
06-29 19:08:52.779  4982  5379 I chatty  : uid=10086(com.example.edgesum) Thread-4 identical 1 line
06-29 19:08:52.779  4982  5379 I mobile-ffmpeg: 
06-29 19:08:52.779  4982  5379 I mobile-ffmpeg: 
06-29 19:08:52.779  4982  5379 I mobile-ffmpeg: 
06-29 19:08:52.779  4982  5379 I chatty  : uid=10086(com.example.edgesum) Thread-4 identical 1 line
06-29 19:08:52.779  4982  5379 I mobile-ffmpeg: 
06-29 19:08:52.779  4982  5379 I mobile-ffmpeg:     Metadata:
06-29 19:08:52.779  4982  5379 I mobile-ffmpeg: 
06-29 19:08:52.779  4982  5379 I chatty  : uid=10086(com.example.edgesum) Thread-4 identical 1 line
06-29 19:08:52.779  4982  5379 I mobile-ffmpeg: 
06-29 19:08:52.779  4982  5379 I mobile-ffmpeg:       handler_name    : 
06-29 19:08:52.779  4982  5379 I mobile-ffmpeg: 
06-29 19:08:52.779  4982  5379 I chatty  : uid=10086(com.example.edgesum) Thread-4 identical 1 line
06-29 19:08:52.779  4982  5379 I mobile-ffmpeg: 
06-29 19:08:52.779  4982  5379 I mobile-ffmpeg: PittaSoft Video Media Handler
06-29 19:08:52.779  4982  5379 I mobile-ffmpeg: 
06-29 19:08:52.779  4982  5379 I chatty  : uid=10086(com.example.edgesum) Thread-4 identical 1 line
06-29 19:08:52.779  4982  5379 I mobile-ffmpeg: 
06-29 19:08:52.780  4982  5379 I mobile-ffmpeg: 
06-29 19:08:52.780  4982  5379 I mobile-ffmpeg: 
06-29 19:08:52.780  4982  5379 I chatty  : uid=10086(com.example.edgesum) Thread-4 identical 1 line
06-29 19:08:52.780  4982  5379 I mobile-ffmpeg: 
06-29 19:08:52.780  4982  5379 I mobile-ffmpeg:       encoder         : 
06-29 19:08:52.780  4982  5379 I mobile-ffmpeg: 
06-29 19:08:52.780  4982  5379 I chatty  : uid=10086(com.example.edgesum) Thread-4 identical 1 line
06-29 19:08:52.780  4982  5379 I mobile-ffmpeg: 
06-29 19:08:52.780  4982  5379 I mobile-ffmpeg: Lavc58.53.101 wrapped_avframe
06-29 19:08:52.780  4982  5379 I mobile-ffmpeg: 
06-29 19:08:52.780  4982  5379 I chatty  : uid=10086(com.example.edgesum) Thread-4 identical 1 line
06-29 19:08:52.780  4982  5379 I mobile-ffmpeg: 
06-29 19:08:52.780  4982  5379 I mobile-ffmpeg: 
06-29 19:08:52.780  4982  5379 I mobile-ffmpeg: 
06-29 19:08:52.780  4982  5379 I chatty  : uid=10086(com.example.edgesum) Thread-4 identical 1 line
06-29 19:08:52.780  4982  5379 I mobile-ffmpeg: 
06-29 19:08:52.780  4982  5379 I mobile-ffmpeg:     Stream #0:1
06-29 19:08:52.780  4982  5379 I mobile-ffmpeg: 
06-29 19:08:52.780  4982  5379 I chatty  : uid=10086(com.example.edgesum) Thread-4 identical 1 line
06-29 19:08:52.780  4982  5379 I mobile-ffmpeg: 
06-29 19:08:52.780  4982  5379 I mobile-ffmpeg: (eng)
06-29 19:08:52.780  4982  5379 I mobile-ffmpeg: 
06-29 19:08:52.780  4982  5379 I chatty  : uid=10086(com.example.edgesum) Thread-4 identical 1 line
06-29 19:08:52.780  4982  5379 I mobile-ffmpeg: 
06-29 19:08:52.780  4982  5379 I mobile-ffmpeg: : Audio: pcm_s16le, 16000 Hz, stereo, s16, 512 kb/s
06-29 19:08:52.780  4982  5379 I mobile-ffmpeg: 
06-29 19:08:52.781  4982  5379 I chatty  : uid=10086(com.example.edgesum) Thread-4 identical 1 line
06-29 19:08:52.781  4982  5379 I mobile-ffmpeg: 
06-29 19:08:52.781  4982  5379 I mobile-ffmpeg:  (default)
06-29 19:08:52.781  4982  5379 I mobile-ffmpeg: 
06-29 19:08:52.781  4982  5379 I chatty  : uid=10086(com.example.edgesum) Thread-4 identical 1 line
06-29 19:08:52.781  4982  5379 I mobile-ffmpeg: 
06-29 19:08:52.781  4982  5379 I mobile-ffmpeg: 
06-29 19:08:52.781  4982  5379 I mobile-ffmpeg: 
06-29 19:08:52.781  4982  5379 I chatty  : uid=10086(com.example.edgesum) Thread-4 identical 1 line
06-29 19:08:52.781  4982  5379 I mobile-ffmpeg: 
06-29 19:08:52.781  4982  5379 I mobile-ffmpeg:     Metadata:
06-29 19:08:52.781  4982  5379 I mobile-ffmpeg: 
06-29 19:08:52.781  4982  5379 I chatty  : uid=10086(com.example.edgesum) Thread-4 identical 1 line
06-29 19:08:52.781  4982  5379 I mobile-ffmpeg: 
06-29 19:08:52.781  4982  5379 I mobile-ffmpeg:       handler_name    : 
06-29 19:08:52.781  4982  5379 I mobile-ffmpeg: 
06-29 19:08:52.781  4982  5379 I chatty  : uid=10086(com.example.edgesum) Thread-4 identical 1 line
06-29 19:08:52.781  4982  5379 I mobile-ffmpeg: 
06-29 19:08:52.781  4982  5379 I mobile-ffmpeg: PittaSoft Sound Media Handler
06-29 19:08:52.781  4982  5379 I mobile-ffmpeg: 
06-29 19:08:52.781  4982  5379 I chatty  : uid=10086(com.example.edgesum) Thread-4 identical 1 line
06-29 19:08:52.781  4982  5379 I mobile-ffmpeg: 
06-29 19:08:52.781  4982  5379 I mobile-ffmpeg: 
06-29 19:08:52.781  4982  5379 I mobile-ffmpeg: 
06-29 19:08:52.781  4982  5379 I chatty  : uid=10086(com.example.edgesum) Thread-4 identical 1 line
06-29 19:08:52.781  4982  5379 I mobile-ffmpeg: 
06-29 19:08:52.781  4982  5379 I mobile-ffmpeg:       encoder         : 
06-29 19:08:52.782  4982  5379 I mobile-ffmpeg: 
06-29 19:08:52.782  4982  5379 I chatty  : uid=10086(com.example.edgesum) Thread-4 identical 1 line
06-29 19:08:52.782  4982  5379 I mobile-ffmpeg: 
06-29 19:08:52.782  4982  5379 I mobile-ffmpeg: Lavc58.53.101 pcm_s16le
06-29 19:08:52.782  4982  5379 I mobile-ffmpeg: 
06-29 19:08:52.782  4982  5379 I chatty  : uid=10086(com.example.edgesum) Thread-4 identical 1 line
06-29 19:08:52.782  4982  5379 I mobile-ffmpeg: 
06-29 19:08:52.782  4982  5379 I mobile-ffmpeg: 
06-29 19:08:52.782  4982  5379 I mobile-ffmpeg: 
06-29 19:08:52.782  4982  5379 I chatty  : uid=10086(com.example.edgesum) Thread-4 identical 1 line
06-29 19:08:52.782  4982  5379 I mobile-ffmpeg: 
06-29 19:08:52.782  4982  5379 I mobile-ffmpeg: frame=    1 fps=0.0 q=-0.0 size=N/A time=00:00:00.14 bitrate=N/A speed=1.46x    
06-29 19:08:53.140  4982  5379 I mobile-ffmpeg: 
06-29 19:08:53.140  4982  5379 I mobile-ffmpeg: [freezedetect @ 0x97ba85e0] 
06-29 19:08:53.141  4982  5379 I mobile-ffmpeg: 
06-29 19:08:53.141  4982  5379 I mobile-ffmpeg: lavfi.freezedetect.freeze_start: 0
06-29 19:08:53.282  4982  5379 I mobile-ffmpeg: 
06-29 19:08:53.283  4982  5379 I chatty  : uid=10086(com.example.edgesum) Thread-4 identical 1 line
06-29 19:08:53.283  4982  5379 I mobile-ffmpeg: 
06-29 19:08:53.283  4982  5379 I mobile-ffmpeg: frame=   45 fps=0.0 q=-0.0 size=N/A time=00:00:01.55 bitrate=N/A speed=2.58x    
06-29 19:08:53.790  4982  5379 I mobile-ffmpeg: 
06-29 19:08:53.790  4982  5379 I chatty  : uid=10086(com.example.edgesum) Thread-4 identical 1 line
06-29 19:08:53.790  4982  5379 I mobile-ffmpeg: 
06-29 19:08:53.790  4982  5379 I mobile-ffmpeg: frame=   89 fps= 80 q=-0.0 size=N/A time=00:00:03.09 bitrate=N/A speed=2.77x    
06-29 19:08:54.290  4982  5379 I mobile-ffmpeg: 
06-29 19:08:54.291  4982  5379 I chatty  : uid=10086(com.example.edgesum) Thread-4 identical 1 line
06-29 19:08:54.291  4982  5379 I mobile-ffmpeg: 
06-29 19:08:54.291  4982  5379 I mobile-ffmpeg: frame=  128 fps= 79 q=-0.0 size=N/A time=00:00:04.37 bitrate=N/A speed=2.71x    
06-29 19:08:54.817  4982  5379 I mobile-ffmpeg: 
06-29 19:08:54.817  4982  5379 I chatty  : uid=10086(com.example.edgesum) Thread-4 identical 1 line
06-29 19:08:54.817  4982  5379 I mobile-ffmpeg: 
06-29 19:08:54.817  4982  5379 I mobile-ffmpeg: frame=  174 fps= 82 q=-0.0 size=N/A time=00:00:05.84 bitrate=N/A speed=2.75x    
06-29 19:08:55.299  4982  5379 I mobile-ffmpeg: 
06-29 19:08:55.299  4982  5379 I chatty  : uid=10086(com.example.edgesum) Thread-4 identical 1 line
06-29 19:08:55.299  4982  5379 I mobile-ffmpeg: 
06-29 19:08:55.300  4982  5379 I mobile-ffmpeg: frame=  212 fps= 81 q=-0.0 size=N/A time=00:00:07.18 bitrate=N/A speed=2.74x    
06-29 19:08:55.812  4982  5379 I mobile-ffmpeg: 
06-29 19:08:55.812  4982  5379 I chatty  : uid=10086(com.example.edgesum) Thread-4 identical 1 line
06-29 19:08:55.812  4982  5379 I mobile-ffmpeg: 
06-29 19:08:55.812  4982  5379 I mobile-ffmpeg: frame=  258 fps= 83 q=-0.0 size=N/A time=00:00:08.66 bitrate=N/A speed=2.77x    
06-29 19:08:56.301  4982  5379 I mobile-ffmpeg: 
06-29 19:08:56.301  4982  5379 I chatty  : uid=10086(com.example.edgesum) Thread-4 identical 1 line
06-29 19:08:56.301  4982  5379 I mobile-ffmpeg: 
06-29 19:08:56.301  4982  5379 I mobile-ffmpeg: frame=  300 fps= 83 q=-0.0 size=N/A time=00:00:10.13 bitrate=N/A speed=2.79x    
06-29 19:08:56.813  4982  5379 I mobile-ffmpeg: 
06-29 19:08:56.814  4982  5379 I chatty  : uid=10086(com.example.edgesum) Thread-4 identical 1 line
06-29 19:08:56.814  4982  5379 I mobile-ffmpeg: 
06-29 19:08:56.814  4982  5379 I mobile-ffmpeg: frame=  343 fps= 83 q=-0.0 size=N/A time=00:00:11.47 bitrate=N/A speed=2.78x    
06-29 19:08:57.032  4982  5379 I mobile-ffmpeg: 
06-29 19:08:57.032  4982  5379 I chatty  : uid=10086(com.example.edgesum) Thread-4 identical 1 line
06-29 19:08:57.032  4982  5379 I mobile-ffmpeg: 
06-29 19:08:57.032  4982  5379 I mobile-ffmpeg: frame=  360 fps= 83 q=-0.0 Lsize=N/A time=00:00:12.05 bitrate=N/A speed=2.77x    
06-29 19:08:57.032  4982  5379 I mobile-ffmpeg: 
06-29 19:08:57.032  4982  5379 I chatty  : uid=10086(com.example.edgesum) Thread-4 identical 1 line
06-29 19:08:57.032  4982  5379 I mobile-ffmpeg: 
06-29 19:08:57.032  4982  5379 I mobile-ffmpeg: video:143kB audio:752kB subtitle:0kB other streams:0kB global headers:0kB muxing overhead: 
06-29 19:08:57.032  4982  5379 I mobile-ffmpeg: 
06-29 19:08:57.032  4982  5379 I chatty  : uid=10086(com.example.edgesum) Thread-4 identical 1 line
06-29 19:08:57.033  4982  5379 I mobile-ffmpeg: 
06-29 19:08:57.033  4982  5379 I mobile-ffmpeg: unknown
06-29 19:08:57.033  4982  5379 I mobile-ffmpeg: 
06-29 19:08:57.033  4982  5379 I chatty  : uid=10086(com.example.edgesum) Thread-4 identical 1 line
06-29 19:08:57.033  4982  5379 I mobile-ffmpeg: 
06-29 19:08:57.033  4982  5379 I mobile-ffmpeg: 
06-29 19:08:57.066  4982  5683 W Summariser: No activity detected
06-29 19:08:57.145  4982  5683 W Summariser: Summarisation completed
06-29 19:08:57.145  4982  5683 W Summariser:   filename: 20200312_151044!003.mp4
06-29 19:08:57.145  4982  5683 W Summariser:   active sections: 0
06-29 19:08:57.145  4982  5683 W Summariser:   time: 04.444s
06-29 19:08:57.145  4982  5683 W Summariser:   original duration: 12.03
06-29 19:08:57.145  4982  5683 W Summariser:   summarised duration: -1.00
06-29 19:08:57.145  4982  5683 W Summariser:   noise tolerance: 45.00
06-29 19:08:57.145  4982  5683 W Summariser:   quality: 23
06-29 19:08:57.145  4982  5683 W Summariser:   speed: medium
06-29 19:08:57.145  4982  5683 W Summariser:   freeze duration: 1.00
06-29 19:08:57.146  4982  5683 V ProcessingVideosEventHandler: onRemove
06-29 19:08:57.171  4982  4982 V NearbyFragment: Transfer to rc9L: 100%
06-29 19:08:57.171  4982  4982 V NearbyFragment: Transfer to rc9L: 100%
06-29 19:08:57.200  4982  4995 D SummariserIntentService: Scanned /storage/emulated/0/Movies/summarised
06-29 19:08:57.200  4982  4995 D SummariserIntentService:   -> uri=content://media/external/file/1132
06-29 19:09:20.116  4982  4982 D NearbyFragment: onPayloadReceived(endpointId=rc9L, payload=com.google.android.gms.nearby.connection.Payload@3e7b3f1)
06-29 19:09:20.116  4982  4982 V NearbyFragment: Started downloading SUMMARISE_SEGMENT:-5436928119525724696:20200312_193528!002.mp4:45.0_1.0_23_medium from Endpoint{id=rc9L, name=Nexus 5X [34d8]}
06-29 19:09:20.118  4982  4982 V NearbyFragment: Transfer to rc9L: 100%
06-29 19:09:20.121  4982  4982 V NearbyFragment: Transfer to rc9L: 100%
