--------- beginning of main
06-28 21:54:54.899  7000  7000 I zygote64: Late-enabling -Xcheck:jni
--------- beginning of system
06-28 21:54:55.081  7000  7000 I ActivityThread: handleStopService: token=android.os.BinderProxy@2d279ec not found.
06-28 21:54:55.109  7000  7000 I TransferService: Starting Transfer Service to listen for network connectivity changes.
06-28 21:54:55.115  7000  7000 W LogFactory: Truncating log tag length as it exceed 23, the limit imposed by Android on certain API Levels
06-28 21:54:55.163  7000  7000 I TransferService: Registering the network receiver
06-28 21:54:55.167  7000  7000 I TransferService: Moving the service out of the Foreground state.
06-28 21:54:55.169  7000  7000 I TransferService: De-registering the network receiver.
06-28 21:54:59.659  7000  7000 I zygote64: Rejecting re-init on previously-failed class java.lang.Class<androidx.core.view.ViewCompat$2>: java.lang.NoClassDefFoundError: Failed resolution of: Landroid/view/View$OnUnhandledKeyEventListener;
06-28 21:54:59.659  7000  7000 I zygote64:   at void androidx.core.view.ViewCompat.setOnApplyWindowInsetsListener(android.view.View, androidx.core.view.OnApplyWindowInsetsListener) (ViewCompat.java:2421)
06-28 21:54:59.659  7000  7000 I zygote64:   at android.view.ViewGroup androidx.appcompat.app.AppCompatDelegateImpl.createSubDecor() (AppCompatDelegateImpl.java:779)
06-28 21:54:59.659  7000  7000 I zygote64:   at void androidx.appcompat.app.AppCompatDelegateImpl.ensureSubDecor() (AppCompatDelegateImpl.java:659)
06-28 21:54:59.659  7000  7000 I zygote64:   at void androidx.appcompat.app.AppCompatDelegateImpl.setContentView(int) (AppCompatDelegateImpl.java:552)
06-28 21:54:59.659  7000  7000 I zygote64:   at void androidx.appcompat.app.AppCompatActivity.setContentView(int) (AppCompatActivity.java:161)
06-28 21:54:59.659  7000  7000 I zygote64:   at void com.example.edgesum.page.main.MainActivity.onCreate(android.os.Bundle) (MainActivity.java:95)
06-28 21:54:59.659  7000  7000 I zygote64:   at void android.app.Activity.performCreate(android.os.Bundle, android.os.PersistableBundle) (Activity.java:7009)
06-28 21:54:59.659  7000  7000 I zygote64:   at void android.app.Activity.performCreate(android.os.Bundle) (Activity.java:7000)
06-28 21:54:59.659  7000  7000 I zygote64:   at void android.app.Instrumentation.callActivityOnCreate(android.app.Activity, android.os.Bundle) (Instrumentation.java:1214)
06-28 21:54:59.659  7000  7000 I zygote64:   at android.app.Activity android.app.ActivityThread.performLaunchActivity(android.app.ActivityThread$ActivityClientRecord, android.content.Intent) (ActivityThread.java:2731)
06-28 21:54:59.659  7000  7000 I zygote64:   at void android.app.ActivityThread.handleLaunchActivity(android.app.ActivityThread$ActivityClientRecord, android.content.Intent, java.lang.String) (ActivityThread.java:2856)
06-28 21:54:59.659  7000  7000 I zygote64:   at void android.app.ActivityThread.-wrap11(android.app.ActivityThread, android.app.ActivityThread$ActivityClientRecord, android.content.Intent, java.lang.String) (ActivityThread.java:-1)
06-28 21:54:59.659  7000  7000 I zygote64:   at void android.app.ActivityThread$H.handleMessage(android.os.Message) (ActivityThread.java:1589)
06-28 21:54:59.659  7000  7000 I zygote64:   at void android.os.Handler.dispatchMessage(android.os.Message) (Handler.java:106)
06-28 21:54:59.659  7000  7000 I zygote64:   at void android.os.Looper.loop() (Looper.java:164)
06-28 21:54:59.659  7000  7000 I zygote64:   at void android.app.ActivityThread.main(java.lang.String[]) (ActivityThread.java:6494)
06-28 21:54:59.659  7000  7000 I zygote64:   at java.lang.Object java.lang.reflect.Method.invoke(java.lang.Object, java.lang.Object[]) (Method.java:-2)
06-28 21:54:59.659  7000  7000 I zygote64:   at void com.android.internal.os.RuntimeInit$MethodAndArgsCaller.run() (RuntimeInit.java:438)
06-28 21:54:59.659  7000  7000 I zygote64:   at void com.android.internal.os.ZygoteInit.main(java.lang.String[]) (ZygoteInit.java:807)
06-28 21:54:59.659  7000  7000 I zygote64: Caused by: java.lang.ClassNotFoundException: Didn't find class "android.view.View$OnUnhandledKeyEventListener" on path: DexPathList[[zip file "/data/app/com.example.edgesum-qfSKGNLC3qMLqo_UjqdiYA==/base.apk"],nativeLibraryDirectories=[/data/app/com.example.edgesum-qfSKGNLC3qMLqo_UjqdiYA==/lib/arm64, /data/app/com.example.edgesum-qfSKGNLC3qMLqo_UjqdiYA==/base.apk!/lib/arm64-v8a, /system/lib64, /vendor/lib64]]
06-28 21:54:59.659  7000  7000 I zygote64:   at java.lang.Class dalvik.system.BaseDexClassLoader.findClass(java.lang.String) (BaseDexClassLoader.java:125)
06-28 21:54:59.659  7000  7000 I zygote64:   at java.lang.Class java.lang.ClassLoader.loadClass(java.lang.String, boolean) (ClassLoader.java:379)
06-28 21:54:59.659  7000  7000 I zygote64:   at java.lang.Class java.lang.ClassLoader.loadClass(java.lang.String) (ClassLoader.java:312)
06-28 21:54:59.659  7000  7000 I zygote64:   at void androidx.core.view.ViewCompat.setOnApplyWindowInsetsListener(android.view.View, androidx.core.view.OnApplyWindowInsetsListener) (ViewCompat.java:2421)
06-28 21:54:59.659  7000  7000 I zygote64:   at android.view.ViewGroup androidx.appcompat.app.AppCompatDelegateImpl.createSubDecor() (AppCompatDelegateImpl.java:779)
06-28 21:54:59.659  7000  7000 I zygote64:   at void androidx.appcompat.app.AppCompatDelegateImpl.ensureSubDecor() (AppCompatDelegateImpl.java:659)
06-28 21:54:59.659  7000  7000 I zygote64:   at void androidx.appcompat.app.AppCompatDelegateImpl.setContentView(int) (AppCompatDelegateImpl.java:552)
06-28 21:54:59.659  7000  7000 I zygote64:   at void androidx.appcompat.app.AppCompatActivity.setContentView(int) (AppCompatActivity.java:161)
06-28 21:54:59.659  7000  7000 I zygote64:   at void com.example.edgesum.page.main.MainActivity.onCreate(android.os.Bundle) (MainActivity.java:95)
06-28 21:54:59.659  7000  7000 I zygote64:   at void android.app.Activity.performCreate(android.os.Bundle, android.os.PersistableBundle) (Activity.java:7009)
06-28 21:54:59.659  7000  7000 I zygote64:   at void android.app.Activity.performCreate(android.os.Bundle) (Activity.java:7000)
06-28 21:54:59.660  7000  7000 I zygote64:   at void android.app.Instrumentation.callActivityOnCreate(android.app.Activity, android.os.Bundle) (Instrumentation.java:1214)
06-28 21:54:59.660  7000  7000 I zygote64:   at android.app.Activity android.app.ActivityThread.performLaunchActivity(android.app.ActivityThread$ActivityClientRecord, android.content.Intent) (ActivityThread.java:2731)
06-28 21:54:59.660  7000  7000 I zygote64:   at void android.app.ActivityThread.handleLaunchActivity(android.app.ActivityThread$ActivityClientRecord, android.content.Intent, java.lang.String) (ActivityThread.java:2856)
06-28 21:54:59.660  7000  7000 I zygote64:   at void android.app.ActivityThread.-wrap11(android.app.ActivityThread, android.app.ActivityThread$ActivityClientRecord, android.content.Intent, java.lang.String) (ActivityThread.java:-1)
06-28 21:54:59.660  7000  7000 I zygote64:   at void android.app.ActivityThread$H.handleMessage(android.os.Message) (ActivityThread.java:1589)
06-28 21:54:59.660  7000  7000 I zygote64:   at void android.os.Handler.dispatchMessage(android.os.Message) (Handler.java:106)
06-28 21:54:59.660  7000  7000 I zygote64:   at void android.os.Looper.loop() (Looper.java:164)
06-28 21:54:59.660  7000  7000 I zygote64:   at void android.app.ActivityThread.main(java.lang.String[]) (ActivityThread.java:6494)
06-28 21:54:59.660  7000  7000 I zygote64:   at java.lang.Object java.lang.reflect.Method.invoke(java.lang.Object, java.lang.Object[]) (Method.java:-2)
06-28 21:54:59.660  7000  7000 I zygote64:   at void com.android.internal.os.RuntimeInit$MethodAndArgsCaller.run() (RuntimeInit.java:438)
06-28 21:54:59.660  7000  7000 I zygote64:   at void com.android.internal.os.ZygoteInit.main(java.lang.String[]) (ZygoteInit.java:807)
06-28 21:54:59.660  7000  7000 I zygote64: 
06-28 21:54:59.660  7000  7000 I zygote64: Rejecting re-init on previously-failed class java.lang.Class<androidx.core.view.ViewCompat$2>: java.lang.NoClassDefFoundError: Failed resolution of: Landroid/view/View$OnUnhandledKeyEventListener;
06-28 21:54:59.660  7000  7000 I zygote64:   at void androidx.core.view.ViewCompat.setOnApplyWindowInsetsListener(android.view.View, androidx.core.view.OnApplyWindowInsetsListener) (ViewCompat.java:2421)
06-28 21:54:59.660  7000  7000 I zygote64:   at android.view.ViewGroup androidx.appcompat.app.AppCompatDelegateImpl.createSubDecor() (AppCompatDelegateImpl.java:779)
06-28 21:54:59.660  7000  7000 I zygote64:   at void androidx.appcompat.app.AppCompatDelegateImpl.ensureSubDecor() (AppCompatDelegateImpl.java:659)
06-28 21:54:59.660  7000  7000 I zygote64:   at void androidx.appcompat.app.AppCompatDelegateImpl.setContentView(int) (AppCompatDelegateImpl.java:552)
06-28 21:54:59.660  7000  7000 I zygote64:   at void androidx.appcompat.app.AppCompatActivity.setContentView(int) (AppCompatActivity.java:161)
06-28 21:54:59.660  7000  7000 I zygote64:   at void com.example.edgesum.page.main.MainActivity.onCreate(android.os.Bundle) (MainActivity.java:95)
06-28 21:54:59.660  7000  7000 I zygote64:   at void android.app.Activity.performCreate(android.os.Bundle, android.os.PersistableBundle) (Activity.java:7009)
06-28 21:54:59.660  7000  7000 I zygote64:   at void android.app.Activity.performCreate(android.os.Bundle) (Activity.java:7000)
06-28 21:54:59.661  7000  7000 I zygote64:   at void android.app.Instrumentation.callActivityOnCreate(android.app.Activity, android.os.Bundle) (Instrumentation.java:1214)
06-28 21:54:59.661  7000  7000 I zygote64:   at android.app.Activity android.app.ActivityThread.performLaunchActivity(android.app.ActivityThread$ActivityClientRecord, android.content.Intent) (ActivityThread.java:2731)
06-28 21:54:59.661  7000  7000 I zygote64:   at void android.app.ActivityThread.handleLaunchActivity(android.app.ActivityThread$ActivityClientRecord, android.content.Intent, java.lang.String) (ActivityThread.java:2856)
06-28 21:54:59.661  7000  7000 I zygote64:   at void android.app.ActivityThread.-wrap11(android.app.ActivityThread, android.app.ActivityThread$ActivityClientRecord, android.content.Intent, java.lang.String) (ActivityThread.java:-1)
06-28 21:54:59.661  7000  7000 I zygote64:   at void android.app.ActivityThread$H.handleMessage(android.os.Message) (ActivityThread.java:1589)
06-28 21:54:59.661  7000  7000 I zygote64:   at void android.os.Handler.dispatchMessage(android.os.Message) (Handler.java:106)
06-28 21:54:59.661  7000  7000 I zygote64:   at void android.os.Looper.loop() (Looper.java:164)
06-28 21:54:59.661  7000  7000 I zygote64:   at void android.app.ActivityThread.main(java.lang.String[]) (ActivityThread.java:6494)
06-28 21:54:59.661  7000  7000 I zygote64:   at java.lang.Object java.lang.reflect.Method.invoke(java.lang.Object, java.lang.Object[]) (Method.java:-2)
06-28 21:54:59.661  7000  7000 I zygote64:   at void com.android.internal.os.RuntimeInit$MethodAndArgsCaller.run() (RuntimeInit.java:438)
06-28 21:54:59.661  7000  7000 I zygote64:   at void com.android.internal.os.ZygoteInit.main(java.lang.String[]) (ZygoteInit.java:807)
06-28 21:54:59.661  7000  7000 I zygote64: Caused by: java.lang.ClassNotFoundException: Didn't find class "android.view.View$OnUnhandledKeyEventListener" on path: DexPathList[[zip file "/data/app/com.example.edgesum-qfSKGNLC3qMLqo_UjqdiYA==/base.apk"],nativeLibraryDirectories=[/data/app/com.example.edgesum-qfSKGNLC3qMLqo_UjqdiYA==/lib/arm64, /data/app/com.example.edgesum-qfSKGNLC3qMLqo_UjqdiYA==/base.apk!/lib/arm64-v8a, /system/lib64, /vendor/lib64]]
06-28 21:54:59.661  7000  7000 I zygote64:   at java.lang.Class dalvik.system.BaseDexClassLoader.findClass(java.lang.String) (BaseDexClassLoader.java:125)
06-28 21:54:59.661  7000  7000 I zygote64:   at java.lang.Class java.lang.ClassLoader.loadClass(java.lang.String, boolean) (ClassLoader.java:379)
06-28 21:54:59.661  7000  7000 I zygote64:   at java.lang.Class java.lang.ClassLoader.loadClass(java.lang.String) (ClassLoader.java:312)
06-28 21:54:59.661  7000  7000 I zygote64:   at void androidx.core.view.ViewCompat.setOnApplyWindowInsetsListener(android.view.View, androidx.core.view.OnApplyWindowInsetsListener) (ViewCompat.java:2421)
06-28 21:54:59.661  7000  7000 I zygote64:   at android.view.ViewGroup androidx.appcompat.app.AppCompatDelegateImpl.createSubDecor() (AppCompatDelegateImpl.java:779)
06-28 21:54:59.661  7000  7000 I zygote64:   at void androidx.appcompat.app.AppCompatDelegateImpl.ensureSubDecor() (AppCompatDelegateImpl.java:659)
06-28 21:54:59.661  7000  7000 I zygote64:   at void androidx.appcompat.app.AppCompatDelegateImpl.setContentView(int) (AppCompatDelegateImpl.java:552)
06-28 21:54:59.661  7000  7000 I zygote64:   at void androidx.appcompat.app.AppCompatActivity.setContentView(int) (AppCompatActivity.java:161)
06-28 21:54:59.661  7000  7000 I zygote64:   at void com.example.edgesum.page.main.MainActivity.onCreate(android.os.Bundle) (MainActivity.java:95)
06-28 21:54:59.661  7000  7000 I zygote64:   at void android.app.Activity.performCreate(android.os.Bundle, android.os.PersistableBundle) (Activity.java:7009)
06-28 21:54:59.661  7000  7000 I zygote64:   at void android.app.Activity.performCreate(android.os.Bundle) (Activity.java:7000)
06-28 21:54:59.661  7000  7000 I zygote64:   at void android.app.Instrumentation.callActivityOnCreate(android.app.Activity, android.os.Bundle) (Instrumentation.java:1214)
06-28 21:54:59.661  7000  7000 I zygote64:   at android.app.Activity android.app.ActivityThread.performLaunchActivity(android.app.ActivityThread$ActivityClientRecord, android.content.Intent) (ActivityThread.java:2731)
06-28 21:54:59.661  7000  7000 I zygote64:   at void android.app.ActivityThread.handleLaunchActivity(android.app.ActivityThread$ActivityClientRecord, android.content.Intent, java.lang.String) (ActivityThread.java:2856)
06-28 21:54:59.661  7000  7000 I zygote64:   at void android.app.ActivityThread.-wrap11(android.app.ActivityThread, android.app.ActivityThread$ActivityClientRecord, android.content.Intent, java.lang.String) (ActivityThread.java:-1)
06-28 21:54:59.661  7000  7000 I zygote64:   at void android.app.ActivityThread$H.handleMessage(android.os.Message) (ActivityThread.java:1589)
06-28 21:54:59.661  7000  7000 I zygote64:   at void android.os.Handler.dispatchMessage(android.os.Message) (Handler.java:106)
06-28 21:54:59.661  7000  7000 I zygote64:   at void android.os.Looper.loop() (Looper.java:164)
06-28 21:54:59.661  7000  7000 I zygote64:   at void android.app.ActivityThread.main(java.lang.String[]) (ActivityThread.java:6494)
06-28 21:54:59.661  7000  7000 I zygote64:   at java.lang.Object java.lang.reflect.Method.invoke(java.lang.Object, java.lang.Object[]) (Method.java:-2)
06-28 21:54:59.661  7000  7000 I zygote64:   at void com.android.internal.os.RuntimeInit$MethodAndArgsCaller.run() (RuntimeInit.java:438)
06-28 21:54:59.661  7000  7000 I zygote64:   at void com.android.internal.os.ZygoteInit.main(java.lang.String[]) (ZygoteInit.java:807)
06-28 21:54:59.661  7000  7000 I zygote64: 
06-28 21:54:59.661  7000  7000 I zygote64: Rejecting re-init on previously-failed class java.lang.Class<androidx.core.view.ViewCompat$2>: java.lang.NoClassDefFoundError: Failed resolution of: Landroid/view/View$OnUnhandledKeyEventListener;
06-28 21:54:59.661  7000  7000 I zygote64:   at void androidx.core.view.ViewCompat.setOnApplyWindowInsetsListener(android.view.View, androidx.core.view.OnApplyWindowInsetsListener) (ViewCompat.java:2421)
06-28 21:54:59.661  7000  7000 I zygote64:   at android.view.ViewGroup androidx.appcompat.app.AppCompatDelegateImpl.createSubDecor() (AppCompatDelegateImpl.java:779)
06-28 21:54:59.661  7000  7000 I zygote64:   at void androidx.appcompat.app.AppCompatDelegateImpl.ensureSubDecor() (AppCompatDelegateImpl.java:659)
06-28 21:54:59.661  7000  7000 I zygote64:   at void androidx.appcompat.app.AppCompatDelegateImpl.setContentView(int) (AppCompatDelegateImpl.java:552)
06-28 21:54:59.661  7000  7000 I zygote64:   at void androidx.appcompat.app.AppCompatActivity.setContentView(int) (AppCompatActivity.java:161)
06-28 21:54:59.661  7000  7000 I zygote64:   at void com.example.edgesum.page.main.MainActivity.onCreate(android.os.Bundle) (MainActivity.java:95)
06-28 21:54:59.661  7000  7000 I zygote64:   at void android.app.Activity.performCreate(android.os.Bundle, android.os.PersistableBundle) (Activity.java:7009)
06-28 21:54:59.661  7000  7000 I zygote64:   at void android.app.Activity.performCreate(android.os.Bundle) (Activity.java:7000)
06-28 21:54:59.661  7000  7000 I zygote64:   at void android.app.Instrumentation.callActivityOnCreate(android.app.Activity, android.os.Bundle) (Instrumentation.java:1214)
06-28 21:54:59.661  7000  7000 I zygote64:   at android.app.Activity android.app.ActivityThread.performLaunchActivity(android.app.ActivityThread$ActivityClientRecord, android.content.Intent) (ActivityThread.java:2731)
06-28 21:54:59.661  7000  7000 I zygote64:   at void android.app.ActivityThread.handleLaunchActivity(android.app.ActivityThread$ActivityClientRecord, android.content.Intent, java.lang.String) (ActivityThread.java:2856)
06-28 21:54:59.662  7000  7000 I zygote64:   at void android.app.ActivityThread.-wrap11(android.app.ActivityThread, android.app.ActivityThread$ActivityClientRecord, android.content.Intent, java.lang.String) (ActivityThread.java:-1)
06-28 21:54:59.662  7000  7000 I zygote64:   at void android.app.ActivityThread$H.handleMessage(android.os.Message) (ActivityThread.java:1589)
06-28 21:54:59.662  7000  7000 I zygote64:   at void android.os.Handler.dispatchMessage(android.os.Message) (Handler.java:106)
06-28 21:54:59.662  7000  7000 I zygote64:   at void android.os.Looper.loop() (Looper.java:164)
06-28 21:54:59.662  7000  7000 I zygote64:   at void android.app.ActivityThread.main(java.lang.String[]) (ActivityThread.java:6494)
06-28 21:54:59.662  7000  7000 I zygote64:   at java.lang.Object java.lang.reflect.Method.invoke(java.lang.Object, java.lang.Object[]) (Method.java:-2)
06-28 21:54:59.662  7000  7000 I zygote64:   at void com.android.internal.os.RuntimeInit$MethodAndArgsCaller.run() (RuntimeInit.java:438)
06-28 21:54:59.662  7000  7000 I zygote64:   at void com.android.internal.os.ZygoteInit.main(java.lang.String[]) (ZygoteInit.java:807)
06-28 21:54:59.662  7000  7000 I zygote64: Caused by: java.lang.ClassNotFoundException: Didn't find class "android.view.View$OnUnhandledKeyEventListener" on path: DexPathList[[zip file "/data/app/com.example.edgesum-qfSKGNLC3qMLqo_UjqdiYA==/base.apk"],nativeLibraryDirectories=[/data/app/com.example.edgesum-qfSKGNLC3qMLqo_UjqdiYA==/lib/arm64, /data/app/com.example.edgesum-qfSKGNLC3qMLqo_UjqdiYA==/base.apk!/lib/arm64-v8a, /system/lib64, /vendor/lib64]]
06-28 21:54:59.662  7000  7000 I zygote64:   at java.lang.Class dalvik.system.BaseDexClassLoader.findClass(java.lang.String) (BaseDexClassLoader.java:125)
06-28 21:54:59.662  7000  7000 I zygote64:   at java.lang.Class java.lang.ClassLoader.loadClass(java.lang.String, boolean) (ClassLoader.java:379)
06-28 21:54:59.662  7000  7000 I zygote64:   at java.lang.Class java.lang.ClassLoader.loadClass(java.lang.String) (ClassLoader.java:312)
06-28 21:54:59.662  7000  7000 I zygote64:   at void androidx.core.view.ViewCompat.setOnApplyWindowInsetsListener(android.view.View, androidx.core.view.OnApplyWindowInsetsListener) (ViewCompat.java:2421)
06-28 21:54:59.662  7000  7000 I zygote64:   at android.view.ViewGroup androidx.appcompat.app.AppCompatDelegateImpl.createSubDecor() (AppCompatDelegateImpl.java:779)
06-28 21:54:59.662  7000  7000 I zygote64:   at void androidx.appcompat.app.AppCompatDelegateImpl.ensureSubDecor() (AppCompatDelegateImpl.java:659)
06-28 21:54:59.662  7000  7000 I zygote64:   at void androidx.appcompat.app.AppCompatDelegateImpl.setContentView(int) (AppCompatDelegateImpl.java:552)
06-28 21:54:59.662  7000  7000 I zygote64:   at void androidx.appcompat.app.AppCompatActivity.setContentView(int) (AppCompatActivity.java:161)
06-28 21:54:59.662  7000  7000 I zygote64:   at void com.example.edgesum.page.main.MainActivity.onCreate(android.os.Bundle) (MainActivity.java:95)
06-28 21:54:59.662  7000  7000 I zygote64:   at void android.app.Activity.performCreate(android.os.Bundle, android.os.PersistableBundle) (Activity.java:7009)
06-28 21:54:59.662  7000  7000 I zygote64:   at void android.app.Activity.performCreate(android.os.Bundle) (Activity.java:7000)
06-28 21:54:59.662  7000  7000 I zygote64:   at void android.app.Instrumentation.callActivityOnCreate(android.app.Activity, android.os.Bundle) (Instrumentation.java:1214)
06-28 21:54:59.662  7000  7000 I zygote64:   at android.app.Activity android.app.ActivityThread.performLaunchActivity(android.app.ActivityThread$ActivityClientRecord, android.content.Intent) (ActivityThread.java:2731)
06-28 21:54:59.662  7000  7000 I zygote64:   at void android.app.ActivityThread.handleLaunchActivity(android.app.ActivityThread$ActivityClientRecord, android.content.Intent, java.lang.String) (ActivityThread.java:2856)
06-28 21:54:59.662  7000  7000 I zygote64:   at void android.app.ActivityThread.-wrap11(android.app.ActivityThread, android.app.ActivityThread$ActivityClientRecord, android.content.Intent, java.lang.String) (ActivityThread.java:-1)
06-28 21:54:59.662  7000  7000 I zygote64:   at void android.app.ActivityThread$H.handleMessage(android.os.Message) (ActivityThread.java:1589)
06-28 21:54:59.662  7000  7000 I zygote64:   at void android.os.Handler.dispatchMessage(android.os.Message) (Handler.java:106)
06-28 21:54:59.662  7000  7000 I zygote64:   at void android.os.Looper.loop() (Looper.java:164)
06-28 21:54:59.662  7000  7000 I zygote64:   at void android.app.ActivityThread.main(java.lang.String[]) (ActivityThread.java:6494)
06-28 21:54:59.662  7000  7000 I zygote64:   at java.lang.Object java.lang.reflect.Method.invoke(java.lang.Object, java.lang.Object[]) (Method.java:-2)
06-28 21:54:59.662  7000  7000 I zygote64:   at void com.android.internal.os.RuntimeInit$MethodAndArgsCaller.run() (RuntimeInit.java:438)
06-28 21:54:59.662  7000  7000 I zygote64:   at void com.android.internal.os.ZygoteInit.main(java.lang.String[]) (ZygoteInit.java:807)
06-28 21:54:59.662  7000  7000 I zygote64: 
06-28 21:54:59.845  7000  7000 V Repo    : /storage/emulated/0/Movies/raw
06-28 21:54:59.845  7000  7000 V Repo    : /storage/emulated/0/Movies/summarised
06-28 21:54:59.861  7000  7000 V FileManager: External storage is readable
06-28 21:54:59.863  7000  7000 V FileManager: Directory already exists: /storage/emulated/0/Movies/raw
06-28 21:54:59.868  7000  7000 V FileManager: External storage is readable
06-28 21:54:59.869  7000  7000 V FileManager: Directory already exists: /storage/emulated/0/Movies/summarised
06-28 21:54:59.877  7000  7000 V FileManager: External storage is readable
06-28 21:54:59.878  7000  7000 V FileManager: Directory already exists: /storage/emulated/0/Download/nearby
06-28 21:54:59.882  7000  7000 V FileManager: External storage is readable
06-28 21:54:59.884  7000  7000 V FileManager: Directory already exists: /storage/emulated/0/Movies/segment
06-28 21:54:59.891  7000  7000 V FileManager: External storage is readable
06-28 21:54:59.892  7000  7000 V FileManager: Directory already exists: /storage/emulated/0/Movies/segment-sum
06-28 21:55:00.040  7000  7000 V VideoManager: getAllVideoFromExternalStorageFolder
06-28 21:55:00.045  7000  7000 D VideoManager: /storage/emulated/0/Movies/summarised
06-28 21:55:00.056  7000  7000 D VideoManager: 0 videos return
06-28 21:55:00.090  7000  7000 V VideoManager: getAllVideoFromExternalStorageFolder
06-28 21:55:00.095  7000  7000 D VideoManager: /storage/emulated/0/Movies/raw
06-28 21:55:00.108  7000  7000 D VideoManager: 0 videos return
06-28 21:55:00.224  7000  7037 D OpenGLRenderer: HWUI GL Pipeline
06-28 21:55:00.234  7000  7000 I TransferService: Starting Transfer Service to listen for network connectivity changes.
06-28 21:55:00.234  7000  7000 I TransferService: Registering the network receiver
06-28 21:55:00.237  7000  7000 E TransferService: No notification is passed in the intent. Unable to transition to foreground.
06-28 21:55:00.275  7000  7012 D MainActivity: Scanned /storage/emulated/0/Movies/raw
06-28 21:55:00.275  7000  7012 D MainActivity:   -> uri=content://media/external/file/4521
06-28 21:55:00.308  7000  7013 D MainActivity: Scanned /storage/emulated/0/Movies/summarised
06-28 21:55:00.308  7000  7013 D MainActivity:   -> uri=content://media/external/file/4520
06-28 21:55:00.324  7000  7037 I Adreno  : QUALCOMM build                   : 8e59954, I0be83d0d26
06-28 21:55:00.324  7000  7037 I Adreno  : Build Date                       : 09/22/17
06-28 21:55:00.324  7000  7037 I Adreno  : OpenGL ES Shader Compiler Version: EV031.21.02.00
06-28 21:55:00.324  7000  7037 I Adreno  : Local Branch                     : O17A
06-28 21:55:00.324  7000  7037 I Adreno  : Remote Branch                    : 
06-28 21:55:00.324  7000  7037 I Adreno  : Remote Branch                    : 
06-28 21:55:00.324  7000  7037 I Adreno  : Reconstruct Branch               : 
06-28 21:55:00.325  7000  7037 D vndksupport: Loading /vendor/lib64/hw/gralloc.msm8992.so from current namespace instead of sphal namespace.
06-28 21:55:00.338  7000  7037 I Adreno  : PFP: 0x00000000, ME: 0x00000000
06-28 21:55:00.353  7000  7037 I zygote64: android::hardware::configstore::V1_0::ISurfaceFlingerConfigs::hasWideColorDisplay retrieved: 0
06-28 21:55:00.360  7000  7037 I OpenGLRenderer: Initialized EGL, version 1.4
06-28 21:55:00.360  7000  7037 D OpenGLRenderer: Swap behavior 2
06-28 21:55:00.361  7000  7000 I TransferNetworkLossHand: Network connectivity changed detected.
06-28 21:55:00.369  7000  7000 I TransferNetworkLossHand: Network connected: true
06-28 21:55:00.370  7000  7005 I zygote64: Do partial code cache collection, code=23KB, data=29KB
06-28 21:55:00.372  7000  7005 I zygote64: After code cache collection, code=23KB, data=29KB
06-28 21:55:00.372  7000  7005 I zygote64: Increasing code cache capacity to 128KB
06-28 21:55:00.460  7000  7037 D vndksupport: Loading /vendor/lib64/hw/android.hardware.graphics.mapper@2.0-impl.so from current namespace instead of sphal namespace.
06-28 21:55:00.461  7000  7037 D vndksupport: Loading /vendor/lib64/hw/gralloc.msm8992.so from current namespace instead of sphal namespace.
06-28 21:55:04.795  7000  7000 V MainActivity: Connect button clicked
06-28 21:55:07.391  7000  7000 V ConnectionFragment: Advertisement switch checked
06-28 21:55:09.830  7000  7000 D NearbyFragment: Started advertising
06-28 21:55:19.577  7000  7000 D NearbyFragment: Initiated connection with null: Galaxy S8 [2802]
06-28 21:55:19.699  7000  7005 I zygote64: Do partial code cache collection, code=49KB, data=54KB
06-28 21:55:19.700  7000  7005 I zygote64: After code cache collection, code=49KB, data=54KB
06-28 21:55:19.700  7000  7005 I zygote64: Increasing code cache capacity to 256KB
06-28 21:55:19.701  7000  7005 I zygote64: Compiler allocated 4MB to compile void android.view.View.<init>(android.content.Context, android.util.AttributeSet, int, int)
06-28 21:55:21.329  7000  7005 I zygote64: Do full code cache collection, code=123KB, data=102KB
06-28 21:55:21.329  7000  7005 I zygote64: After code cache collection, code=121KB, data=62KB
06-28 21:55:21.348  7000  7000 I NearbyFragment: Connected to Endpoint{id=N2h4, name=Galaxy S8 [2802]}
06-28 21:55:21.408  7000  7005 I zygote64: Do partial code cache collection, code=122KB, data=69KB
06-28 21:55:21.408  7000  7005 I zygote64: After code cache collection, code=122KB, data=69KB
06-28 21:55:21.408  7000  7005 I zygote64: Increasing code cache capacity to 512KB
06-28 21:55:35.829  7000  7000 D NearbyFragment: Initiated connection with null: Nexus 5 [1825]
06-28 21:55:40.081  7000  7000 I NearbyFragment: Connected to Endpoint{id=5EvQ, name=Nexus 5 [1825]}
06-28 21:55:42.237  7000  7000 V ConnectionFragment: Advertisement switch unchecked
06-28 21:55:42.237  7000  7000 D NearbyFragment: Stopped advertising
06-28 21:56:02.518  7000  7000 V ConnectionFragment: Auto-send switch checked
06-28 21:56:02.661  7000  7000 W NearbyFragment: Preferences:
06-28 21:56:02.661  7000  7000 W NearbyFragment:   Auto download: true
06-28 21:56:02.661  7000  7000 W NearbyFragment:   Algorithm: least_busy
06-28 21:56:02.661  7000  7000 W NearbyFragment:   Segmentation: true
06-28 21:56:02.661  7000  7000 W NearbyFragment:   Auto segmentation: false
06-28 21:56:02.661  7000  7000 W NearbyFragment:   Segment number: 4
06-28 21:56:02.661  7000  7000 W NearbyFragment:   Noise tolerance: 45.00
06-28 21:56:02.661  7000  7000 W NearbyFragment:   Quality: 23
06-28 21:56:02.661  7000  7000 W NearbyFragment:   Speed: medium
06-28 21:56:02.661  7000  7000 W NearbyFragment:   Freeze duration: 1.00
06-28 21:56:02.661  7000  7000 W NearbyFragment: Download delay: 1s
06-28 21:56:02.662  7000  7000 W NearbyFragment: Started downloading from dashcam
06-28 21:56:02.663  7000  7211 V DownloadTestVideosTask: Starting DownloadTestVideosTask
06-28 21:56:02.669  7000  7211 V DashDownloadManager: Started downloading: 20200312_150643.mp4
06-28 21:56:11.393  7000  7000 V MainActivity: Navigation summarised button clicked
06-28 21:56:11.569  7000  7005 I zygote64: Compiler allocated 4MB to compile void android.view.ViewRootImpl.performTraversals()
06-28 21:56:18.035  7000  7000 V VideoManager: videoFromCursor
06-28 21:56:18.044  7000  7000 V RawFootageEventHandler: onAdd
06-28 21:56:18.046  7000  7000 I mobile-ffmpeg: Loading mobile-ffmpeg.
06-28 21:56:18.146  7000  7000 I mobile-ffmpeg: Loaded mobile-ffmpeg-full-gpl-arm64-v8a-4.2.2-20190703.
06-28 21:56:18.150  7000  7232 D mobile-ffmpeg: Callback thread started.
06-28 21:56:18.305  7000  7000 V FileManager: External storage is readable
06-28 21:56:18.307  7000  7000 V FileManager: Created new directory: /storage/emulated/0/Movies/segment/20200312_150643
06-28 21:56:18.309  7000  7000 I FfmpegTools: Running ffmpeg with:
06-28 21:56:18.309  7000  7000 I FfmpegTools:   -y -i /storage/emulated/0/Movies/raw/20200312_150643.mp4 -map 0 -c copy -f segment -reset_timestamps 1 -segment_time 16 /storage/emulated/0/Movies/segment/20200312_150643/20200312_150643!%03d.mp4
06-28 21:56:18.318  7000  7232 W mobile-ffmpeg: 
06-28 21:56:18.319  7000  7232 W mobile-ffmpeg: [mov,mp4,m4a,3gp,3g2,mj2 @ 0x6f2ded8200] 
06-28 21:56:18.319  7000  7232 W mobile-ffmpeg: 
06-28 21:56:18.319  7000  7232 W mobile-ffmpeg: Found duplicated MOOV Atom. Skipped it
06-28 21:56:18.364  7000  7232 I mobile-ffmpeg: 
06-28 21:56:18.364  7000  7232 I chatty  : uid=10100(com.example.edgesum) Thread-3 identical 1 line
06-28 21:56:18.364  7000  7232 I mobile-ffmpeg: 
06-28 21:56:18.365  7000  7232 I mobile-ffmpeg: Input #0, mov,mp4,m4a,3gp,3g2,mj2, from '/storage/emulated/0/Movies/raw/20200312_150643.mp4':
06-28 21:56:18.365  7000  7232 I mobile-ffmpeg: 
06-28 21:56:18.365  7000  7232 I chatty  : uid=10100(com.example.edgesum) Thread-3 identical 1 line
06-28 21:56:18.365  7000  7232 I mobile-ffmpeg: 
06-28 21:56:18.365  7000  7232 I mobile-ffmpeg:   Metadata:
06-28 21:56:18.365  7000  7232 I mobile-ffmpeg: 
06-28 21:56:18.365  7000  7232 I chatty  : uid=10100(com.example.edgesum) Thread-3 identical 1 line
06-28 21:56:18.365  7000  7232 I mobile-ffmpeg: 
06-28 21:56:18.365  7000  7232 I mobile-ffmpeg:     creation_time   : 
06-28 21:56:18.365  7000  7232 I mobile-ffmpeg: 
06-28 21:56:18.365  7000  7232 I chatty  : uid=10100(com.example.edgesum) Thread-3 identical 1 line
06-28 21:56:18.365  7000  7232 I mobile-ffmpeg: 
06-28 21:56:18.365  7000  7232 I mobile-ffmpeg: 2020-03-12T04:07:43.000000Z
06-28 21:56:18.366  7000  7232 I mobile-ffmpeg: 
06-28 21:56:18.366  7000  7232 I chatty  : uid=10100(com.example.edgesum) Thread-3 identical 1 line
06-28 21:56:18.366  7000  7232 I mobile-ffmpeg: 
06-28 21:56:18.366  7000  7232 I mobile-ffmpeg: 
06-28 21:56:18.366  7000  7232 I mobile-ffmpeg: 
06-28 21:56:18.366  7000  7232 I chatty  : uid=10100(com.example.edgesum) Thread-3 identical 1 line
06-28 21:56:18.366  7000  7232 I mobile-ffmpeg: 
06-28 21:56:18.366  7000  7232 I mobile-ffmpeg:     major_brand     : 
06-28 21:56:18.366  7000  7232 I mobile-ffmpeg: 
06-28 21:56:18.366  7000  7232 I chatty  : uid=10100(com.example.edgesum) Thread-3 identical 1 line
06-28 21:56:18.366  7000  7232 I mobile-ffmpeg: 
06-28 21:56:18.366  7000  7232 I mobile-ffmpeg: mp42
06-28 21:56:18.367  7000  7232 I mobile-ffmpeg: 
06-28 21:56:18.367  7000  7232 I chatty  : uid=10100(com.example.edgesum) Thread-3 identical 1 line
06-28 21:56:18.367  7000  7232 I mobile-ffmpeg: 
06-28 21:56:18.367  7000  7232 I mobile-ffmpeg: 
06-28 21:56:18.367  7000  7232 I mobile-ffmpeg: 
06-28 21:56:18.367  7000  7232 I chatty  : uid=10100(com.example.edgesum) Thread-3 identical 1 line
06-28 21:56:18.367  7000  7232 I mobile-ffmpeg: 
06-28 21:56:18.367  7000  7232 I mobile-ffmpeg:     minor_version   : 
06-28 21:56:18.367  7000  7232 I mobile-ffmpeg: 
06-28 21:56:18.367  7000  7232 I chatty  : uid=10100(com.example.edgesum) Thread-3 identical 1 line
06-28 21:56:18.367  7000  7232 I mobile-ffmpeg: 
06-28 21:56:18.368  7000  7232 I mobile-ffmpeg: 1
06-28 21:56:18.368  7000  7232 I mobile-ffmpeg: 
06-28 21:56:18.368  7000  7232 I chatty  : uid=10100(com.example.edgesum) Thread-3 identical 1 line
06-28 21:56:18.368  7000  7232 I mobile-ffmpeg: 
06-28 21:56:18.368  7000  7232 I mobile-ffmpeg: 
06-28 21:56:18.368  7000  7232 I mobile-ffmpeg: 
06-28 21:56:18.368  7000  7232 I chatty  : uid=10100(com.example.edgesum) Thread-3 identical 1 line
06-28 21:56:18.368  7000  7232 I mobile-ffmpeg: 
06-28 21:56:18.368  7000  7232 I mobile-ffmpeg:     compatible_brands: 
06-28 21:56:18.368  7000  7232 I mobile-ffmpeg: 
06-28 21:56:18.368  7000  7232 I chatty  : uid=10100(com.example.edgesum) Thread-3 identical 1 line
06-28 21:56:18.368  7000  7232 I mobile-ffmpeg: 
06-28 21:56:18.368  7000  7232 I mobile-ffmpeg: mp42mp42
06-28 21:56:18.369  7000  7232 I mobile-ffmpeg: 
06-28 21:56:18.369  7000  7232 I chatty  : uid=10100(com.example.edgesum) Thread-3 identical 1 line
06-28 21:56:18.369  7000  7232 I mobile-ffmpeg: 
06-28 21:56:18.369  7000  7232 I mobile-ffmpeg: 
06-28 21:56:18.369  7000  7232 I mobile-ffmpeg: 
06-28 21:56:18.369  7000  7232 I chatty  : uid=10100(com.example.edgesum) Thread-3 identical 1 line
06-28 21:56:18.369  7000  7232 I mobile-ffmpeg: 
06-28 21:56:18.369  7000  7232 I mobile-ffmpeg:   Duration: 
06-28 21:56:18.369  7000  7232 I mobile-ffmpeg: 
06-28 21:56:18.369  7000  7232 I chatty  : uid=10100(com.example.edgesum) Thread-3 identical 1 line
06-28 21:56:18.369  7000  7232 I mobile-ffmpeg: 
06-28 21:56:18.369  7000  7232 I mobile-ffmpeg: 00:01:00.02
06-28 21:56:18.370  7000  7232 I mobile-ffmpeg: 
06-28 21:56:18.370  7000  7232 I chatty  : uid=10100(com.example.edgesum) Thread-3 identical 1 line
06-28 21:56:18.370  7000  7232 I mobile-ffmpeg: 
06-28 21:56:18.370  7000  7232 I mobile-ffmpeg: , start: 
06-28 21:56:18.371  7000  7232 I mobile-ffmpeg: 
06-28 21:56:18.371  7000  7232 I chatty  : uid=10100(com.example.edgesum) Thread-3 identical 1 line
06-28 21:56:18.372  7000  7232 I mobile-ffmpeg: 
06-28 21:56:18.372  7000  7232 I mobile-ffmpeg: 0.000000
06-28 21:56:18.373  7000  7232 I mobile-ffmpeg: 
06-28 21:56:18.373  7000  7232 I chatty  : uid=10100(com.example.edgesum) Thread-3 identical 1 line
06-28 21:56:18.373  7000  7232 I mobile-ffmpeg: 
06-28 21:56:18.374  7000  7232 I mobile-ffmpeg: , bitrate: 
06-28 21:56:18.374  7000  7232 I mobile-ffmpeg: 
06-28 21:56:18.374  7000  7232 I chatty  : uid=10100(com.example.edgesum) Thread-3 identical 1 line
06-28 21:56:18.375  7000  7232 I mobile-ffmpeg: 
06-28 21:56:18.375  7000  7232 I mobile-ffmpeg: 9328 kb/s
06-28 21:56:18.375  7000  7232 I mobile-ffmpeg: 
06-28 21:56:18.376  7000  7232 I chatty  : uid=10100(com.example.edgesum) Thread-3 identical 1 line
06-28 21:56:18.376  7000  7232 I mobile-ffmpeg: 
06-28 21:56:18.376  7000  7232 I mobile-ffmpeg: 
06-28 21:56:18.377  7000  7232 I mobile-ffmpeg: 
06-28 21:56:18.377  7000  7232 I chatty  : uid=10100(com.example.edgesum) Thread-3 identical 1 line
06-28 21:56:18.377  7000  7232 I mobile-ffmpeg: 
06-28 21:56:18.378  7000  7232 I mobile-ffmpeg:     Stream #0:0
06-28 21:56:18.378  7000  7232 I mobile-ffmpeg: 
06-28 21:56:18.378  7000  7232 I chatty  : uid=10100(com.example.edgesum) Thread-3 identical 1 line
06-28 21:56:18.378  7000  7232 I mobile-ffmpeg: 
06-28 21:56:18.379  7000  7232 I mobile-ffmpeg: (eng)
06-28 21:56:18.379  7000  7232 I mobile-ffmpeg: 
06-28 21:56:18.379  7000  7232 I chatty  : uid=10100(com.example.edgesum) Thread-3 identical 1 line
06-28 21:56:18.380  7000  7232 I mobile-ffmpeg: 
06-28 21:56:18.381  7000  7232 I mobile-ffmpeg: : Video: h264 (avc1 / 0x31637661), yuvj420p(pc, bt709), 1280x720, 8381 kb/s
06-28 21:56:18.381  7000  7232 I mobile-ffmpeg: 
06-28 21:56:18.381  7000  7232 I chatty  : uid=10100(com.example.edgesum) Thread-3 identical 1 line
06-28 21:56:18.381  7000  7232 I mobile-ffmpeg: 
06-28 21:56:18.381  7000  7232 I mobile-ffmpeg: , 
06-28 21:56:18.381  7000  7232 I mobile-ffmpeg: 
06-28 21:56:18.381  7000  7232 I chatty  : uid=10100(com.example.edgesum) Thread-3 identical 1 line
06-28 21:56:18.383  7000  7232 I mobile-ffmpeg: 
06-28 21:56:18.383  7000  7232 I mobile-ffmpeg: 29.97 fps, 
06-28 21:56:18.384  7000  7232 I mobile-ffmpeg: 
06-28 21:56:18.384  7000  7232 I chatty  : uid=10100(com.example.edgesum) Thread-3 identical 1 line
06-28 21:56:18.384  7000  7232 I mobile-ffmpeg: 
06-28 21:56:18.385  7000  7232 I mobile-ffmpeg: 29.97 tbr, 
06-28 21:56:18.385  7000  7232 I mobile-ffmpeg: 
06-28 21:56:18.386  7000  7232 I chatty  : uid=10100(com.example.edgesum) Thread-3 identical 1 line
06-28 21:56:18.386  7000  7232 I mobile-ffmpeg: 
06-28 21:56:18.386  7000  7232 I mobile-ffmpeg: 1k tbn, 
06-28 21:56:18.386  7000  7232 I mobile-ffmpeg: 
06-28 21:56:18.386  7000  7232 I chatty  : uid=10100(com.example.edgesum) Thread-3 identical 1 line
06-28 21:56:18.386  7000  7232 I mobile-ffmpeg: 
06-28 21:56:18.386  7000  7232 I mobile-ffmpeg: 2k tbc
06-28 21:56:18.387  7000  7232 I mobile-ffmpeg: 
06-28 21:56:18.387  7000  7232 I chatty  : uid=10100(com.example.edgesum) Thread-3 identical 1 line
06-28 21:56:18.387  7000  7232 I mobile-ffmpeg: 
06-28 21:56:18.387  7000  7232 I mobile-ffmpeg:  (default)
06-28 21:56:18.387  7000  7232 I mobile-ffmpeg: 
06-28 21:56:18.387  7000  7232 I chatty  : uid=10100(com.example.edgesum) Thread-3 identical 1 line
06-28 21:56:18.387  7000  7232 I mobile-ffmpeg: 
06-28 21:56:18.388  7000  7232 I mobile-ffmpeg: 
06-28 21:56:18.388  7000  7232 I mobile-ffmpeg: 
06-28 21:56:18.388  7000  7232 I chatty  : uid=10100(com.example.edgesum) Thread-3 identical 1 line
06-28 21:56:18.388  7000  7232 I mobile-ffmpeg: 
06-28 21:56:18.388  7000  7232 I mobile-ffmpeg:     Metadata:
06-28 21:56:18.388  7000  7232 I mobile-ffmpeg: 
06-28 21:56:18.388  7000  7232 I chatty  : uid=10100(com.example.edgesum) Thread-3 identical 1 line
06-28 21:56:18.388  7000  7232 I mobile-ffmpeg: 
06-28 21:56:18.388  7000  7232 I mobile-ffmpeg:       creation_time   : 
06-28 21:56:18.388  7000  7232 I mobile-ffmpeg: 
06-28 21:56:18.388  7000  7232 I chatty  : uid=10100(com.example.edgesum) Thread-3 identical 1 line
06-28 21:56:18.389  7000  7232 I mobile-ffmpeg: 
06-28 21:56:18.389  7000  7232 I mobile-ffmpeg: 2020-03-12T04:07:43.000000Z
06-28 21:56:18.389  7000  7232 I mobile-ffmpeg: 
06-28 21:56:18.389  7000  7232 I chatty  : uid=10100(com.example.edgesum) Thread-3 identical 1 line
06-28 21:56:18.389  7000  7232 I mobile-ffmpeg: 
06-28 21:56:18.389  7000  7232 I mobile-ffmpeg: 
06-28 21:56:18.389  7000  7232 I mobile-ffmpeg: 
06-28 21:56:18.389  7000  7232 I chatty  : uid=10100(com.example.edgesum) Thread-3 identical 1 line
06-28 21:56:18.389  7000  7232 I mobile-ffmpeg: 
06-28 21:56:18.389  7000  7232 I mobile-ffmpeg:       handler_name    : 
06-28 21:56:18.389  7000  7232 I mobile-ffmpeg: 
06-28 21:56:18.390  7000  7232 I chatty  : uid=10100(com.example.edgesum) Thread-3 identical 1 line
06-28 21:56:18.390  7000  7232 I mobile-ffmpeg: 
06-28 21:56:18.390  7000  7232 I mobile-ffmpeg: PittaSoft Video Media Handler
06-28 21:56:18.390  7000  7232 I mobile-ffmpeg: 
06-28 21:56:18.390  7000  7232 I chatty  : uid=10100(com.example.edgesum) Thread-3 identical 1 line
06-28 21:56:18.390  7000  7232 I mobile-ffmpeg: 
06-28 21:56:18.390  7000  7232 I mobile-ffmpeg: 
06-28 21:56:18.390  7000  7232 I mobile-ffmpeg: 
06-28 21:56:18.390  7000  7232 I chatty  : uid=10100(com.example.edgesum) Thread-3 identical 1 line
06-28 21:56:18.390  7000  7232 I mobile-ffmpeg: 
06-28 21:56:18.391  7000  7232 I mobile-ffmpeg:     Stream #0:1
06-28 21:56:18.391  7000  7232 I mobile-ffmpeg: 
06-28 21:56:18.391  7000  7232 I chatty  : uid=10100(com.example.edgesum) Thread-3 identical 1 line
06-28 21:56:18.391  7000  7232 I mobile-ffmpeg: 
06-28 21:56:18.391  7000  7232 I mobile-ffmpeg: (eng)
06-28 21:56:18.391  7000  7232 I mobile-ffmpeg: 
06-28 21:56:18.391  7000  7232 I chatty  : uid=10100(com.example.edgesum) Thread-3 identical 1 line
06-28 21:56:18.392  7000  7232 I mobile-ffmpeg: 
06-28 21:56:18.392  7000  7232 I mobile-ffmpeg: : Audio: aac (mp4a / 0x6134706D), 16000 Hz, stereo, fltp, 47 kb/s
06-28 21:56:18.392  7000  7232 I mobile-ffmpeg: 
06-28 21:56:18.392  7000  7232 I chatty  : uid=10100(com.example.edgesum) Thread-3 identical 1 line
06-28 21:56:18.392  7000  7232 I mobile-ffmpeg: 
06-28 21:56:18.392  7000  7232 I mobile-ffmpeg:  (default)
06-28 21:56:18.392  7000  7232 I mobile-ffmpeg: 
06-28 21:56:18.392  7000  7232 I chatty  : uid=10100(com.example.edgesum) Thread-3 identical 1 line
06-28 21:56:18.392  7000  7232 I mobile-ffmpeg: 
06-28 21:56:18.393  7000  7232 I mobile-ffmpeg: 
06-28 21:56:18.393  7000  7232 I mobile-ffmpeg: 
06-28 21:56:18.393  7000  7232 I chatty  : uid=10100(com.example.edgesum) Thread-3 identical 1 line
06-28 21:56:18.393  7000  7232 I mobile-ffmpeg: 
06-28 21:56:18.393  7000  7232 I mobile-ffmpeg:     Metadata:
06-28 21:56:18.394  7000  7232 I mobile-ffmpeg: 
06-28 21:56:18.394  7000  7232 I chatty  : uid=10100(com.example.edgesum) Thread-3 identical 1 line
06-28 21:56:18.394  7000  7232 I mobile-ffmpeg: 
06-28 21:56:18.394  7000  7232 I mobile-ffmpeg:       creation_time   : 
06-28 21:56:18.394  7000  7232 I mobile-ffmpeg: 
06-28 21:56:18.394  7000  7232 I chatty  : uid=10100(com.example.edgesum) Thread-3 identical 1 line
06-28 21:56:18.394  7000  7232 I mobile-ffmpeg: 
06-28 21:56:18.395  7000  7232 I mobile-ffmpeg: 2020-03-12T04:07:43.000000Z
06-28 21:56:18.395  7000  7232 I mobile-ffmpeg: 
06-28 21:56:18.395  7000  7232 I chatty  : uid=10100(com.example.edgesum) Thread-3 identical 1 line
06-28 21:56:18.395  7000  7232 I mobile-ffmpeg: 
06-28 21:56:18.395  7000  7232 I mobile-ffmpeg: 
06-28 21:56:18.395  7000  7232 I mobile-ffmpeg: 
06-28 21:56:18.395  7000  7232 I chatty  : uid=10100(com.example.edgesum) Thread-3 identical 1 line
06-28 21:56:18.395  7000  7232 I mobile-ffmpeg: 
06-28 21:56:18.396  7000  7232 I mobile-ffmpeg:       handler_name    : 
06-28 21:56:18.396  7000  7232 I mobile-ffmpeg: 
06-28 21:56:18.396  7000  7232 I chatty  : uid=10100(com.example.edgesum) Thread-3 identical 1 line
06-28 21:56:18.396  7000  7232 I mobile-ffmpeg: 
06-28 21:56:18.396  7000  7232 I mobile-ffmpeg: PittaSoft Sound Media Handler
06-28 21:56:18.396  7000  7232 I mobile-ffmpeg: 
06-28 21:56:18.396  7000  7232 I chatty  : uid=10100(com.example.edgesum) Thread-3 identical 1 line
06-28 21:56:18.396  7000  7232 I mobile-ffmpeg: 
06-28 21:56:18.396  7000  7232 I mobile-ffmpeg: 
06-28 21:56:18.397  7000  7232 I mobile-ffmpeg: 
06-28 21:56:18.397  7000  7232 I mobile-ffmpeg: [segment @ 0x6f1de98000] 
06-28 21:56:18.397  7000  7232 I mobile-ffmpeg: 
06-28 21:56:18.397  7000  7232 I mobile-ffmpeg: Opening '/storage/emulated/0/Movies/segment/20200312_150643/20200312_150643!000.mp4' for writing
06-28 21:56:18.397  7000  7232 I mobile-ffmpeg: 
06-28 21:56:18.397  7000  7232 I chatty  : uid=10100(com.example.edgesum) Thread-3 identical 1 line
06-28 21:56:18.397  7000  7232 I mobile-ffmpeg: 
06-28 21:56:18.397  7000  7232 I mobile-ffmpeg: Output #0, segment, to '/storage/emulated/0/Movies/segment/20200312_150643/20200312_150643!%03d.mp4':
06-28 21:56:18.397  7000  7232 I mobile-ffmpeg: 
06-28 21:56:18.398  7000  7232 I chatty  : uid=10100(com.example.edgesum) Thread-3 identical 1 line
06-28 21:56:18.398  7000  7232 I mobile-ffmpeg: 
06-28 21:56:18.398  7000  7232 I mobile-ffmpeg:   Metadata:
06-28 21:56:18.398  7000  7232 I mobile-ffmpeg: 
06-28 21:56:18.398  7000  7232 I chatty  : uid=10100(com.example.edgesum) Thread-3 identical 1 line
06-28 21:56:18.398  7000  7232 I mobile-ffmpeg: 
06-28 21:56:18.399  7000  7232 I mobile-ffmpeg:     compatible_brands: 
06-28 21:56:18.399  7000  7232 I mobile-ffmpeg: 
06-28 21:56:18.399  7000  7232 I chatty  : uid=10100(com.example.edgesum) Thread-3 identical 1 line
06-28 21:56:18.399  7000  7232 I mobile-ffmpeg: 
06-28 21:56:18.399  7000  7232 I mobile-ffmpeg: mp42mp42
06-28 21:56:18.399  7000  7232 I mobile-ffmpeg: 
06-28 21:56:18.399  7000  7232 I chatty  : uid=10100(com.example.edgesum) Thread-3 identical 1 line
06-28 21:56:18.400  7000  7232 I mobile-ffmpeg: 
06-28 21:56:18.400  7000  7232 I mobile-ffmpeg: 
06-28 21:56:18.400  7000  7232 I mobile-ffmpeg: 
06-28 21:56:18.400  7000  7232 I chatty  : uid=10100(com.example.edgesum) Thread-3 identical 1 line
06-28 21:56:18.400  7000  7232 I mobile-ffmpeg: 
06-28 21:56:18.400  7000  7232 I mobile-ffmpeg:     major_brand     : 
06-28 21:56:18.400  7000  7232 I mobile-ffmpeg: 
06-28 21:56:18.401  7000  7232 I chatty  : uid=10100(com.example.edgesum) Thread-3 identical 1 line
06-28 21:56:18.401  7000  7232 I mobile-ffmpeg: 
06-28 21:56:18.401  7000  7232 I mobile-ffmpeg: mp42
06-28 21:56:18.401  7000  7232 I mobile-ffmpeg: 
06-28 21:56:18.401  7000  7232 I chatty  : uid=10100(com.example.edgesum) Thread-3 identical 1 line
06-28 21:56:18.401  7000  7232 I mobile-ffmpeg: 
06-28 21:56:18.401  7000  7232 I mobile-ffmpeg: 
06-28 21:56:18.401  7000  7232 I mobile-ffmpeg: 
06-28 21:56:18.402  7000  7232 I chatty  : uid=10100(com.example.edgesum) Thread-3 identical 1 line
06-28 21:56:18.402  7000  7232 I mobile-ffmpeg: 
06-28 21:56:18.402  7000  7232 I mobile-ffmpeg:     minor_version   : 
06-28 21:56:18.402  7000  7232 I mobile-ffmpeg: 
06-28 21:56:18.402  7000  7232 I chatty  : uid=10100(com.example.edgesum) Thread-3 identical 1 line
06-28 21:56:18.402  7000  7232 I mobile-ffmpeg: 
06-28 21:56:18.402  7000  7232 I mobile-ffmpeg: 1
06-28 21:56:18.402  7000  7232 I mobile-ffmpeg: 
06-28 21:56:18.402  7000  7232 I chatty  : uid=10100(com.example.edgesum) Thread-3 identical 1 line
06-28 21:56:18.403  7000  7232 I mobile-ffmpeg: 
06-28 21:56:18.403  7000  7232 I mobile-ffmpeg: 
06-28 21:56:18.403  7000  7232 I mobile-ffmpeg: 
06-28 21:56:18.403  7000  7232 I chatty  : uid=10100(com.example.edgesum) Thread-3 identical 1 line
06-28 21:56:18.403  7000  7232 I mobile-ffmpeg: 
06-28 21:56:18.403  7000  7232 I mobile-ffmpeg:     encoder         : 
06-28 21:56:18.404  7000  7232 I mobile-ffmpeg: 
06-28 21:56:18.404  7000  7232 I chatty  : uid=10100(com.example.edgesum) Thread-3 identical 1 line
06-28 21:56:18.404  7000  7232 I mobile-ffmpeg: 
06-28 21:56:18.404  7000  7232 I mobile-ffmpeg: Lavf58.28.101
06-28 21:56:18.404  7000  7232 I mobile-ffmpeg: 
06-28 21:56:18.404  7000  7232 I chatty  : uid=10100(com.example.edgesum) Thread-3 identical 1 line
06-28 21:56:18.404  7000  7232 I mobile-ffmpeg: 
06-28 21:56:18.405  7000  7232 I mobile-ffmpeg: 
06-28 21:56:18.405  7000  7232 I mobile-ffmpeg: 
06-28 21:56:18.405  7000  7232 I chatty  : uid=10100(com.example.edgesum) Thread-3 identical 1 line
06-28 21:56:18.405  7000  7232 I mobile-ffmpeg: 
06-28 21:56:18.405  7000  7232 I mobile-ffmpeg:     Stream #0:0
06-28 21:56:18.405  7000  7232 I mobile-ffmpeg: 
06-28 21:56:18.405  7000  7232 I chatty  : uid=10100(com.example.edgesum) Thread-3 identical 1 line
06-28 21:56:18.405  7000  7232 I mobile-ffmpeg: 
06-28 21:56:18.406  7000  7232 I mobile-ffmpeg: (eng)
06-28 21:56:18.406  7000  7232 I mobile-ffmpeg: 
06-28 21:56:18.406  7000  7232 I chatty  : uid=10100(com.example.edgesum) Thread-3 identical 1 line
06-28 21:56:18.406  7000  7232 I mobile-ffmpeg: 
06-28 21:56:18.406  7000  7232 I mobile-ffmpeg: : Video: h264 (avc1 / 0x31637661), yuvj420p(pc, bt709), 1280x720, q=2-31, 8381 kb/s
06-28 21:56:18.406  7000  7232 I mobile-ffmpeg: 
06-28 21:56:18.406  7000  7232 I chatty  : uid=10100(com.example.edgesum) Thread-3 identical 1 line
06-28 21:56:18.407  7000  7232 I mobile-ffmpeg: 
06-28 21:56:18.407  7000  7232 I mobile-ffmpeg: , 
06-28 21:56:18.407  7000  7232 I mobile-ffmpeg: 
06-28 21:56:18.407  7000  7232 I chatty  : uid=10100(com.example.edgesum) Thread-3 identical 1 line
06-28 21:56:18.407  7000  7232 I mobile-ffmpeg: 
06-28 21:56:18.408  7000  7232 I mobile-ffmpeg: 29.97 fps, 
06-28 21:56:18.408  7000  7232 I mobile-ffmpeg: 
06-28 21:56:18.408  7000  7232 I chatty  : uid=10100(com.example.edgesum) Thread-3 identical 1 line
06-28 21:56:18.408  7000  7232 I mobile-ffmpeg: 
06-28 21:56:18.408  7000  7232 I mobile-ffmpeg: 29.97 tbr, 
06-28 21:56:18.408  7000  7232 I mobile-ffmpeg: 
06-28 21:56:18.408  7000  7232 I chatty  : uid=10100(com.example.edgesum) Thread-3 identical 1 line
06-28 21:56:18.408  7000  7232 I mobile-ffmpeg: 
06-28 21:56:18.408  7000  7232 I mobile-ffmpeg: 16k tbn, 
06-28 21:56:18.408  7000  7232 I mobile-ffmpeg: 
06-28 21:56:18.408  7000  7232 I chatty  : uid=10100(com.example.edgesum) Thread-3 identical 1 line
06-28 21:56:18.408  7000  7232 I mobile-ffmpeg: 
06-28 21:56:18.409  7000  7232 I mobile-ffmpeg: 1k tbc
06-28 21:56:18.409  7000  7232 I mobile-ffmpeg: 
