07-06 01:42:55.974 29146 29467 W Summariser:   quality: 23
07-06 01:42:55.974 29146 29467 W Summariser:   speed: medium
07-06 01:42:55.974 29146 29467 W Summariser:   freeze duration: 1.00
07-06 01:42:55.976 29146 29467 V VideoManager: Retrieving video from /storage/emulated/0/Movies/segment-sum/20200312_150844/20200312_150844!000.mp4
07-06 01:42:55.989 29146 29467 V VideoManager: videoFromCursor
07-06 01:42:55.997 29146 29467 W NearbyFragment: Sending 20200312_150844!000.mp4 to Galaxy S8 [2802]
07-06 01:42:56.001 29146 29467 V ProcessingVideosEventHandler: onRemove
07-06 01:42:56.016 29146 29467 V SummariserIntentService: onHandleIntent
07-06 01:42:56.017 29146 29467 D SummariserIntentService: Video{id='8275', data='/storage/emulated/0/Download/Nearby/20200312_150844!003.mp4', name='20200312_150844!003.mp4', size=12629721, visible=true, mimeType='video/mp4'}
07-06 01:42:56.017 29146 29467 D SummariserIntentService: /storage/emulated/0/Movies/segment-sum/20200312_150844/20200312_150844!003.mp4
07-06 01:42:56.022 29146 29467 I FfmpegTools: Running ffmpeg with:
07-06 01:42:56.022 29146 29467 I FfmpegTools:   -y -i /storage/emulated/0/Download/Nearby/20200312_150844!003.mp4 -vf freezedetect=n=-45.000000dB:d=1.000000,metadata=mode=print:file=/storage/emulated/0/Movies/raw/20200312_150844!003.txt -f null -
07-06 01:42:56.034 29146 29146 V NearbyFragment: Transfer to Endpoint{id=vMbk, name=Galaxy S8 [2802]} complete
07-06 01:42:56.067 29146 29168 D SummariserIntentService: Scanned /storage/emulated/0/Movies/summarised
07-06 01:42:56.067 29146 29168 D SummariserIntentService:   -> uri=content://media/external/file/8207
07-06 01:42:56.188 29146 29387 W mobile-ffmpeg: [graph 0 input from stream 0:0 @ 0x7a20e50200] sws_param option is deprecated and ignored
07-06 01:43:00.294 29146 29467 D Summariser: No freeze file
07-06 01:43:00.294 29146 29467 W Summariser: Whole video is active
07-06 01:43:01.168 29146 29467 V FfmpegTools: Retrieving duration of /storage/emulated/0/Download/Nearby/20200312_150844!003.mp4
07-06 01:43:01.249 29146 29467 V FfmpegTools: Retrieving duration of /storage/emulated/0/Movies/segment-sum/20200312_150844/20200312_150844!003.mp4
07-06 01:43:01.329 29146 29467 W Summariser: Summarisation completed
07-06 01:43:01.329 29146 29467 W Summariser:   filename: 20200312_150844!003.mp4
07-06 01:43:01.329 29146 29467 W Summariser:   active sections: -1
07-06 01:43:01.329 29146 29467 W Summariser:   time: 05.148s
07-06 01:43:01.329 29146 29467 W Summariser:   original duration: 11.98
07-06 01:43:01.329 29146 29467 W Summariser:   summarised duration: 11.98
07-06 01:43:01.329 29146 29467 W Summariser:   noise tolerance: 45.00
07-06 01:43:01.329 29146 29467 W Summariser:   quality: 23
07-06 01:43:01.329 29146 29467 W Summariser:   speed: medium
07-06 01:43:01.329 29146 29467 W Summariser:   freeze duration: 1.00
07-06 01:43:01.329 29146 29467 V VideoManager: Retrieving video from /storage/emulated/0/Movies/segment-sum/20200312_150844/20200312_150844!003.mp4
07-06 01:43:01.344 29146 29467 V VideoManager: videoFromCursor
07-06 01:43:01.352 29146 29467 W NearbyFragment: Sending 20200312_150844!003.mp4 to Galaxy S8 [2802]
07-06 01:43:01.356 29146 29467 V ProcessingVideosEventHandler: onRemove
07-06 01:43:01.414 29146 29158 D SummariserIntentService: Scanned /storage/emulated/0/Movies/summarised
07-06 01:43:01.414 29146 29158 D SummariserIntentService:   -> uri=content://media/external/file/8207
07-06 01:43:02.215 29146 29146 V NearbyFragment: Transfer to Endpoint{id=vMbk, name=Galaxy S8 [2802]} complete
07-06 01:43:08.155 29146 29146 V NearbyFragment: Transfer to Endpoint{id=vMbk, name=Galaxy S8 [2802]} complete
07-06 01:43:11.984 29146 29146 V NearbyFragment: Transfer to Endpoint{id=vMbk, name=Galaxy S8 [2802]} complete
07-06 01:43:32.209 29146 29146 D NearbyFragment: onPayloadReceived(endpointId=vMbk, payload=com.google.android.gms.nearby.connection.Payload@69fbdaf)
07-06 01:43:32.213 29146 29146 V NearbyFragment: Started downloading SUMMARISE_SEGMENT:-5182988004090909617:20200312_150944!002.mp4:45.0_1.0_23_medium from Endpoint{id=vMbk, name=Galaxy S8 [2802]}
07-06 01:43:32.217 29146 29146 V NearbyFragment: Transfer to Endpoint{id=vMbk, name=Galaxy S8 [2802]} complete
07-06 01:43:32.432 29146 29146 D NearbyFragment: onPayloadReceived(endpointId=vMbk, payload=com.google.android.gms.nearby.connection.Payload@22945bc)
07-06 01:43:37.385 29146 29146 D NearbyFragment: onPayloadReceived(endpointId=vMbk, payload=com.google.android.gms.nearby.connection.Payload@a3a2945)
07-06 01:43:37.388 29146 29146 V NearbyFragment: Started downloading SUMMARISE_SEGMENT:-6612253638149601268:20200312_150944!003.mp4:45.0_1.0_23_medium from Endpoint{id=vMbk, name=Galaxy S8 [2802]}
07-06 01:43:37.396 29146 29146 V NearbyFragment: Transfer to Endpoint{id=vMbk, name=Galaxy S8 [2802]} complete
07-06 01:43:41.579 29146 29146 V NearbyFragment: Transfer to Endpoint{id=vMbk, name=Galaxy S8 [2802]} complete
07-06 01:43:41.581 29146 29146 W NearbyFragment: Completed downloading 20200312_150944!002.mp4 from Endpoint{id=vMbk, name=Galaxy S8 [2802]} in 09.364s
07-06 01:43:41.594 29146 29146 V FileManager: External storage is readable
07-06 01:43:41.595 29146 29146 V FileManager: Created new directory: /storage/emulated/0/Movies/segment-sum/20200312_150944
07-06 01:43:41.597 29146 29146 D NearbyFragment: Summarising 20200312_150944!002.mp4
07-06 01:43:41.598 29146 29146 V VideoManager: Retrieving video from /storage/emulated/0/Download/Nearby/20200312_150944!002.mp4
07-06 01:43:41.610 29146 29146 V VideoManager: videoFromCursor
07-06 01:43:41.614 29146 29146 V ProcessingVideosEventHandler: onAdd
07-06 01:43:41.615 29146 29146 V RawFootageEventHandler: onRemove
07-06 01:43:41.620 29146 29146 D NearbyFragment: onPayloadReceived(endpointId=vMbk, payload=com.google.android.gms.nearby.connection.Payload@a3485cb)
07-06 01:43:41.624 29146 29146 V NearbyFragment: Transfer to Endpoint{id=vMbk, name=Galaxy S8 [2802]} complete
07-06 01:43:41.632 29146 29559 V SummariserIntentService: onHandleIntent
07-06 01:43:41.633 29146 29559 D SummariserIntentService: Video{id='8278', data='/storage/emulated/0/Download/Nearby/20200312_150944!002.mp4', name='20200312_150944!002.mp4', size=16854256, visible=true, mimeType='video/mp4'}
07-06 01:43:41.633 29146 29559 D SummariserIntentService: /storage/emulated/0/Movies/segment-sum/20200312_150944/20200312_150944!002.mp4
07-06 01:43:41.635 29146 29559 I FfmpegTools: Running ffmpeg with:
07-06 01:43:41.635 29146 29559 I FfmpegTools:   -y -i /storage/emulated/0/Download/Nearby/20200312_150944!002.mp4 -vf freezedetect=n=-45.000000dB:d=1.000000,metadata=mode=print:file=/storage/emulated/0/Movies/raw/20200312_150944!002.txt -f null -
07-06 01:43:41.786 29146 29387 W mobile-ffmpeg: [graph 0 input from stream 0:0 @ 0x7a20e50200] sws_param option is deprecated and ignored
07-06 01:43:45.470 29146 29146 V NearbyFragment: Transfer to Endpoint{id=vMbk, name=Galaxy S8 [2802]} complete
07-06 01:43:45.472 29146 29146 W NearbyFragment: Completed downloading 20200312_150944!003.mp4 from Endpoint{id=vMbk, name=Galaxy S8 [2802]} in 08.082s
07-06 01:43:45.482 29146 29146 V FileManager: External storage is readable
07-06 01:43:45.482 29146 29146 V FileManager: Directory already exists: /storage/emulated/0/Movies/segment-sum/20200312_150944
07-06 01:43:45.483 29146 29146 D NearbyFragment: Summarising 20200312_150944!003.mp4
07-06 01:43:45.483 29146 29146 V VideoManager: Retrieving video from /storage/emulated/0/Download/Nearby/20200312_150944!003.mp4
07-06 01:43:45.495 29146 29146 V VideoManager: videoFromCursor
07-06 01:43:45.501 29146 29146 V ProcessingVideosEventHandler: onAdd
07-06 01:43:45.502 29146 29146 V RawFootageEventHandler: onRemove
07-06 01:43:45.507 29146 29146 V NearbyFragment: Transfer to Endpoint{id=vMbk, name=Galaxy S8 [2802]} complete
07-06 01:43:47.859 29146 29559 W Summariser: No activity detected
07-06 01:43:47.861 29146 29559 V FfmpegTools: Retrieving duration of /storage/emulated/0/Download/Nearby/20200312_150944!002.mp4
07-06 01:43:47.970 29146 29559 W Summariser: Summarisation completed
07-06 01:43:47.970 29146 29559 W Summariser:   filename: 20200312_150944!002.mp4
07-06 01:43:47.970 29146 29559 W Summariser:   active sections: 0
07-06 01:43:47.970 29146 29559 W Summariser:   time: 06.226s
07-06 01:43:47.970 29146 29559 W Summariser:   original duration: 16.01
07-06 01:43:47.970 29146 29559 W Summariser:   summarised duration: -1.00
07-06 01:43:47.970 29146 29559 W Summariser:   noise tolerance: 45.00
07-06 01:43:47.970 29146 29559 W Summariser:   quality: 23
07-06 01:43:47.970 29146 29559 W Summariser:   speed: medium
07-06 01:43:47.970 29146 29559 W Summariser:   freeze duration: 1.00
07-06 01:43:47.972 29146 29559 V ProcessingVideosEventHandler: onRemove
07-06 01:43:47.986 29146 29559 V SummariserIntentService: onHandleIntent
07-06 01:43:47.987 29146 29559 D SummariserIntentService: Video{id='8407', data='/storage/emulated/0/Download/Nearby/20200312_150944!003.mp4', name='20200312_150944!003.mp4', size=12751346, visible=true, mimeType='video/mp4'}
07-06 01:43:47.987 29146 29559 D SummariserIntentService: /storage/emulated/0/Movies/segment-sum/20200312_150944/20200312_150944!003.mp4
07-06 01:43:47.990 29146 29559 I FfmpegTools: Running ffmpeg with:
07-06 01:43:47.990 29146 29559 I FfmpegTools:   -y -i /storage/emulated/0/Download/Nearby/20200312_150944!003.mp4 -vf freezedetect=n=-45.000000dB:d=1.000000,metadata=mode=print:file=/storage/emulated/0/Movies/raw/20200312_150944!003.txt -f null -
07-06 01:43:48.001 29146 29146 V NearbyFragment: Transfer to Endpoint{id=vMbk, name=Galaxy S8 [2802]} complete
07-06 01:43:48.031 29146 29159 D SummariserIntentService: Scanned /storage/emulated/0/Movies/summarised
07-06 01:43:48.031 29146 29159 D SummariserIntentService:   -> uri=content://media/external/file/8207
07-06 01:43:48.127 29146 29387 W mobile-ffmpeg: [graph 0 input from stream 0:0 @ 0x7a20e50200] sws_param option is deprecated and ignored
07-06 01:43:52.193 29146 29559 W Summariser: No activity detected
07-06 01:43:52.195 29146 29559 V FfmpegTools: Retrieving duration of /storage/emulated/0/Download/Nearby/20200312_150944!003.mp4
07-06 01:43:52.277 29146 29559 W Summariser: Summarisation completed
07-06 01:43:52.277 29146 29559 W Summariser:   filename: 20200312_150944!003.mp4
07-06 01:43:52.277 29146 29559 W Summariser:   active sections: 0
07-06 01:43:52.277 29146 29559 W Summariser:   time: 04.206s
07-06 01:43:52.277 29146 29559 W Summariser:   original duration: 12.01
07-06 01:43:52.277 29146 29559 W Summariser:   summarised duration: -1.00
07-06 01:43:52.277 29146 29559 W Summariser:   noise tolerance: 45.00
07-06 01:43:52.277 29146 29559 W Summariser:   quality: 23
07-06 01:43:52.277 29146 29559 W Summariser:   speed: medium
07-06 01:43:52.277 29146 29559 W Summariser:   freeze duration: 1.00
07-06 01:43:52.279 29146 29559 V ProcessingVideosEventHandler: onRemove
07-06 01:43:52.309 29146 29146 V NearbyFragment: Transfer to Endpoint{id=vMbk, name=Galaxy S8 [2802]} complete
07-06 01:43:52.313 29146 29151 I zygote64: Do full code cache collection, code=250KB, data=174KB
07-06 01:43:52.315 29146 29151 I zygote64: After code cache collection, code=163KB, data=95KB
07-06 01:43:52.331 29146 29159 D SummariserIntentService: Scanned /storage/emulated/0/Movies/summarised
07-06 01:43:52.331 29146 29159 D SummariserIntentService:   -> uri=content://media/external/file/8207
07-06 01:43:52.431 29146 29146 D NearbyFragment: onPayloadReceived(endpointId=vMbk, payload=com.google.android.gms.nearby.connection.Payload@510edb5)
07-06 01:43:52.432 29146 29146 V NearbyFragment: Started downloading SUMMARISE_SEGMENT:-6646987579647795095:20200312_151044!001.mp4:45.0_1.0_23_medium from Endpoint{id=vMbk, name=Galaxy S8 [2802]}
07-06 01:43:52.547 29146 29146 V NearbyFragment: Transfer to Endpoint{id=vMbk, name=Galaxy S8 [2802]} complete
07-06 01:43:52.599 29146 29146 D NearbyFragment: onPayloadReceived(endpointId=vMbk, payload=com.google.android.gms.nearby.connection.Payload@fa08c4a)
07-06 01:43:52.602 29146 29146 V NearbyFragment: Started downloading SUMMARISE_SEGMENT:-4814400378211331599:20200312_151044!002.mp4:45.0_1.0_23_medium from Endpoint{id=vMbk, name=Galaxy S8 [2802]}
07-06 01:43:52.606 29146 29146 V NearbyFragment: Transfer to Endpoint{id=vMbk, name=Galaxy S8 [2802]} complete
07-06 01:43:58.066 29146 29146 D NearbyFragment: onPayloadReceived(endpointId=vMbk, payload=com.google.android.gms.nearby.connection.Payload@d5677bb)
07-06 01:44:04.118 29146 29146 V NearbyFragment: Transfer to Endpoint{id=vMbk, name=Galaxy S8 [2802]} complete
07-06 01:44:04.119 29146 29146 W NearbyFragment: Completed downloading 20200312_151044!001.mp4 from Endpoint{id=vMbk, name=Galaxy S8 [2802]} in 11.686s
07-06 01:44:04.127 29146 29146 V FileManager: External storage is readable
07-06 01:44:04.129 29146 29146 V FileManager: Created new directory: /storage/emulated/0/Movies/segment-sum/20200312_151044
07-06 01:44:04.129 29146 29146 D NearbyFragment: Summarising 20200312_151044!001.mp4
07-06 01:44:04.130 29146 29146 V VideoManager: Retrieving video from /storage/emulated/0/Download/Nearby/20200312_151044!001.mp4
07-06 01:44:04.142 29146 29146 V VideoManager: videoFromCursor
07-06 01:44:04.145 29146 29146 V ProcessingVideosEventHandler: onAdd
07-06 01:44:04.146 29146 29146 V RawFootageEventHandler: onRemove
07-06 01:44:04.152 29146 29146 V NearbyFragment: Transfer to Endpoint{id=vMbk, name=Galaxy S8 [2802]} complete
07-06 01:44:04.152 29146 29146 D NearbyFragment: onPayloadReceived(endpointId=vMbk, payload=com.google.android.gms.nearby.connection.Payload@aafb031)
07-06 01:44:04.162 29146 29590 V SummariserIntentService: onHandleIntent
07-06 01:44:04.163 29146 29590 D SummariserIntentService: Video{id='8281', data='/storage/emulated/0/Download/Nearby/20200312_151044!001.mp4', name='20200312_151044!001.mp4', size=16835637, visible=true, mimeType='video/mp4'}
07-06 01:44:04.163 29146 29590 D SummariserIntentService: /storage/emulated/0/Movies/segment-sum/20200312_151044/20200312_151044!001.mp4
07-06 01:44:04.166 29146 29590 I FfmpegTools: Running ffmpeg with:
07-06 01:44:04.166 29146 29590 I FfmpegTools:   -y -i /storage/emulated/0/Download/Nearby/20200312_151044!001.mp4 -vf freezedetect=n=-45.000000dB:d=1.000000,metadata=mode=print:file=/storage/emulated/0/Movies/raw/20200312_151044!001.txt -f null -
07-06 01:44:04.314 29146 29387 W mobile-ffmpeg: [graph 0 input from stream 0:0 @ 0x7a20e50200] sws_param option is deprecated and ignored
07-06 01:44:10.384 29146 29590 W Summariser: No activity detected
07-06 01:44:10.387 29146 29590 V FfmpegTools: Retrieving duration of /storage/emulated/0/Download/Nearby/20200312_151044!001.mp4
07-06 01:44:10.489 29146 29590 W Summariser: Summarisation completed
07-06 01:44:10.489 29146 29590 W Summariser:   filename: 20200312_151044!001.mp4
07-06 01:44:10.489 29146 29590 W Summariser:   active sections: 0
07-06 01:44:10.489 29146 29590 W Summariser:   time: 06.221s
07-06 01:44:10.489 29146 29590 W Summariser:   original duration: 16.02
07-06 01:44:10.489 29146 29590 W Summariser:   summarised duration: -1.00
07-06 01:44:10.489 29146 29590 W Summariser:   noise tolerance: 45.00
07-06 01:44:10.489 29146 29590 W Summariser:   quality: 23
07-06 01:44:10.489 29146 29590 W Summariser:   speed: medium
07-06 01:44:10.489 29146 29590 W Summariser:   freeze duration: 1.00
07-06 01:44:10.491 29146 29590 V ProcessingVideosEventHandler: onRemove
07-06 01:44:10.518 29146 29146 V NearbyFragment: Transfer to Endpoint{id=vMbk, name=Galaxy S8 [2802]} complete
07-06 01:44:10.551 29146 29158 D SummariserIntentService: Scanned /storage/emulated/0/Movies/summarised
07-06 01:44:10.551 29146 29158 D SummariserIntentService:   -> uri=content://media/external/file/8207
07-06 01:44:13.318 29146 29146 V NearbyFragment: Transfer to Endpoint{id=vMbk, name=Galaxy S8 [2802]} complete
07-06 01:44:13.320 29146 29146 W NearbyFragment: Completed downloading 20200312_151044!002.mp4 from Endpoint{id=vMbk, name=Galaxy S8 [2802]} in 20.716s
07-06 01:44:13.331 29146 29146 V FileManager: External storage is readable
07-06 01:44:13.332 29146 29146 V FileManager: Directory already exists: /storage/emulated/0/Movies/segment-sum/20200312_151044
07-06 01:44:13.333 29146 29146 D NearbyFragment: Summarising 20200312_151044!002.mp4
07-06 01:44:13.333 29146 29146 V VideoManager: Retrieving video from /storage/emulated/0/Download/Nearby/20200312_151044!002.mp4
07-06 01:44:13.343 29146 29146 V VideoManager: videoFromCursor
07-06 01:44:13.347 29146 29146 V ProcessingVideosEventHandler: onAdd
07-06 01:44:13.347 29146 29146 V RawFootageEventHandler: onRemove
07-06 01:44:13.352 29146 29146 V NearbyFragment: Transfer to Endpoint{id=vMbk, name=Galaxy S8 [2802]} complete
07-06 01:44:13.361 29146 29607 V SummariserIntentService: onHandleIntent
07-06 01:44:13.362 29146 29607 D SummariserIntentService: Video{id='8282', data='/storage/emulated/0/Download/Nearby/20200312_151044!002.mp4', name='20200312_151044!002.mp4', size=16939075, visible=true, mimeType='video/mp4'}
07-06 01:44:13.362 29146 29607 D SummariserIntentService: /storage/emulated/0/Movies/segment-sum/20200312_151044/20200312_151044!002.mp4
07-06 01:44:13.365 29146 29607 I FfmpegTools: Running ffmpeg with:
07-06 01:44:13.365 29146 29607 I FfmpegTools:   -y -i /storage/emulated/0/Download/Nearby/20200312_151044!002.mp4 -vf freezedetect=n=-45.000000dB:d=1.000000,metadata=mode=print:file=/storage/emulated/0/Movies/raw/20200312_151044!002.txt -f null -
07-06 01:44:13.524 29146 29387 W mobile-ffmpeg: [graph 0 input from stream 0:0 @ 0x7a20e50200] sws_param option is deprecated and ignored
07-06 01:44:18.997 29146 29607 W Summariser: No activity detected
07-06 01:44:18.999 29146 29607 V FfmpegTools: Retrieving duration of /storage/emulated/0/Download/Nearby/20200312_151044!002.mp4
07-06 01:44:19.111 29146 29607 W Summariser: Summarisation completed
07-06 01:44:19.111 29146 29607 W Summariser:   filename: 20200312_151044!002.mp4
07-06 01:44:19.111 29146 29607 W Summariser:   active sections: 0
07-06 01:44:19.111 29146 29607 W Summariser:   time: 05.635s
07-06 01:44:19.111 29146 29607 W Summariser:   original duration: 16.01
07-06 01:44:19.111 29146 29607 W Summariser:   summarised duration: -1.00
07-06 01:44:19.111 29146 29607 W Summariser:   noise tolerance: 45.00
07-06 01:44:19.111 29146 29607 W Summariser:   quality: 23
07-06 01:44:19.111 29146 29607 W Summariser:   speed: medium
07-06 01:44:19.111 29146 29607 W Summariser:   freeze duration: 1.00
07-06 01:44:19.114 29146 29607 V ProcessingVideosEventHandler: onRemove
07-06 01:44:19.134 29146 29146 V NearbyFragment: Transfer to Endpoint{id=vMbk, name=Galaxy S8 [2802]} complete
07-06 01:44:19.158 29146 29158 D SummariserIntentService: Scanned /storage/emulated/0/Movies/summarised
07-06 01:44:19.158 29146 29158 D SummariserIntentService:   -> uri=content://media/external/file/8207
07-06 01:44:26.443 29146 29146 D NearbyFragment: onPayloadReceived(endpointId=vMbk, payload=com.google.android.gms.nearby.connection.Payload@85c07a1)
07-06 01:44:26.448 29146 29146 V NearbyFragment: Started downloading SUMMARISE_SEGMENT:-6515920869788320612:20200312_193528!001.mp4:45.0_1.0_23_medium from Endpoint{id=vMbk, name=Galaxy S8 [2802]}
07-06 01:44:26.452 29146 29146 V NearbyFragment: Transfer to Endpoint{id=vMbk, name=Galaxy S8 [2802]} complete
07-06 01:44:26.975 29146 29146 D NearbyFragment: onPayloadReceived(endpointId=vMbk, payload=com.google.android.gms.nearby.connection.Payload@1087dc6)
07-06 01:44:29.749 29146 29146 D NearbyFragment: onPayloadReceived(endpointId=vMbk, payload=com.google.android.gms.nearby.connection.Payload@4141187)
07-06 01:44:29.750 29146 29146 V NearbyFragment: Started downloading SUMMARISE_SEGMENT:-9163932564101727208:20200312_193528!002.mp4:45.0_1.0_23_medium from Endpoint{id=vMbk, name=Galaxy S8 [2802]}
07-06 01:44:29.753 29146 29146 V NearbyFragment: Transfer to Endpoint{id=vMbk, name=Galaxy S8 [2802]} complete
07-06 01:44:31.061 29146 29146 V NearbyFragment: Transfer to Endpoint{id=vMbk, name=Galaxy S8 [2802]} complete
07-06 01:44:31.063 29146 29146 W NearbyFragment: Completed downloading 20200312_193528!001.mp4 from Endpoint{id=vMbk, name=Galaxy S8 [2802]} in 04.612s
07-06 01:44:31.069 29146 29146 V FileManager: External storage is readable
07-06 01:44:31.071 29146 29146 V FileManager: Created new directory: /storage/emulated/0/Movies/segment-sum/20200312_193528
07-06 01:44:31.071 29146 29146 D NearbyFragment: Summarising 20200312_193528!001.mp4
07-06 01:44:31.072 29146 29146 V VideoManager: Retrieving video from /storage/emulated/0/Download/Nearby/20200312_193528!001.mp4
07-06 01:44:31.082 29146 29146 V VideoManager: videoFromCursor
07-06 01:44:31.086 29146 29146 V ProcessingVideosEventHandler: onAdd
07-06 01:44:31.087 29146 29146 V RawFootageEventHandler: onRemove
07-06 01:44:31.093 29146 29146 D NearbyFragment: onPayloadReceived(endpointId=vMbk, payload=com.google.android.gms.nearby.connection.Payload@4feb052)
07-06 01:44:31.095 29146 29146 V NearbyFragment: Transfer to Endpoint{id=vMbk, name=Galaxy S8 [2802]} complete
07-06 01:44:31.103 29146 29632 V SummariserIntentService: onHandleIntent
07-06 01:44:31.105 29146 29632 D SummariserIntentService: Video{id='8284', data='/storage/emulated/0/Download/Nearby/20200312_193528!001.mp4', name='20200312_193528!001.mp4', size=16834944, visible=true, mimeType='video/mp4'}
07-06 01:44:31.105 29146 29632 D SummariserIntentService: /storage/emulated/0/Movies/segment-sum/20200312_193528/20200312_193528!001.mp4
07-06 01:44:31.107 29146 29632 I FfmpegTools: Running ffmpeg with:
07-06 01:44:31.107 29146 29632 I FfmpegTools:   -y -i /storage/emulated/0/Download/Nearby/20200312_193528!001.mp4 -vf freezedetect=n=-45.000000dB:d=1.000000,metadata=mode=print:file=/storage/emulated/0/Movies/raw/20200312_193528!001.txt -f null -
07-06 01:44:31.220 29146 29387 W mobile-ffmpeg: [graph 0 input from stream 0:0 @ 0x7a20e50200] sws_param option is deprecated and ignored
07-06 01:44:37.535 29146 29632 W Summariser: No activity detected
07-06 01:44:37.536 29146 29632 V FfmpegTools: Retrieving duration of /storage/emulated/0/Download/Nearby/20200312_193528!001.mp4
07-06 01:44:37.605 29146 29632 W Summariser: Summarisation completed
07-06 01:44:37.605 29146 29632 W Summariser:   filename: 20200312_193528!001.mp4
07-06 01:44:37.605 29146 29632 W Summariser:   active sections: 0
07-06 01:44:37.605 29146 29632 W Summariser:   time: 06.430s
07-06 01:44:37.605 29146 29632 W Summariser:   original duration: 16.01
07-06 01:44:37.605 29146 29632 W Summariser:   summarised duration: -1.00
07-06 01:44:37.605 29146 29632 W Summariser:   noise tolerance: 45.00
07-06 01:44:37.605 29146 29632 W Summariser:   quality: 23
07-06 01:44:37.605 29146 29632 W Summariser:   speed: medium
07-06 01:44:37.605 29146 29632 W Summariser:   freeze duration: 1.00
07-06 01:44:37.607 29146 29632 V ProcessingVideosEventHandler: onRemove
07-06 01:44:37.632 29146 29146 V NearbyFragment: Transfer to Endpoint{id=vMbk, name=Galaxy S8 [2802]} complete
07-06 01:44:37.657 29146 29168 D SummariserIntentService: Scanned /storage/emulated/0/Movies/summarised
07-06 01:44:37.657 29146 29168 D SummariserIntentService:   -> uri=content://media/external/file/8207
07-06 01:44:37.711 29146 29146 V NearbyFragment: Transfer to Endpoint{id=vMbk, name=Galaxy S8 [2802]} complete
07-06 01:44:37.712 29146 29146 W NearbyFragment: Completed downloading 20200312_193528!002.mp4 from Endpoint{id=vMbk, name=Galaxy S8 [2802]} in 07.961s
07-06 01:44:37.723 29146 29146 V FileManager: External storage is readable
07-06 01:44:37.724 29146 29146 V FileManager: Directory already exists: /storage/emulated/0/Movies/segment-sum/20200312_193528
07-06 01:44:37.725 29146 29146 D NearbyFragment: Summarising 20200312_193528!002.mp4
07-06 01:44:37.725 29146 29146 V VideoManager: Retrieving video from /storage/emulated/0/Download/Nearby/20200312_193528!002.mp4
07-06 01:44:37.736 29146 29146 V VideoManager: videoFromCursor
07-06 01:44:37.740 29146 29146 V ProcessingVideosEventHandler: onAdd
07-06 01:44:37.740 29146 29146 V RawFootageEventHandler: onRemove
07-06 01:44:37.744 29146 29146 V NearbyFragment: Transfer to Endpoint{id=vMbk, name=Galaxy S8 [2802]} complete
07-06 01:44:37.751 29146 29649 V SummariserIntentService: onHandleIntent
07-06 01:44:37.753 29146 29649 D SummariserIntentService: Video{id='8285', data='/storage/emulated/0/Download/Nearby/20200312_193528!002.mp4', name='20200312_193528!002.mp4', size=16948481, visible=true, mimeType='video/mp4'}
07-06 01:44:37.753 29146 29649 D SummariserIntentService: /storage/emulated/0/Movies/segment-sum/20200312_193528/20200312_193528!002.mp4
07-06 01:44:37.755 29146 29649 I FfmpegTools: Running ffmpeg with:
07-06 01:44:37.755 29146 29649 I FfmpegTools:   -y -i /storage/emulated/0/Download/Nearby/20200312_193528!002.mp4 -vf freezedetect=n=-45.000000dB:d=1.000000,metadata=mode=print:file=/storage/emulated/0/Movies/raw/20200312_193528!002.txt -f null -
07-06 01:44:37.870 29146 29387 W mobile-ffmpeg: [graph 0 input from stream 0:0 @ 0x7a20e50200] sws_param option is deprecated and ignored
07-06 01:44:43.311 29146 29649 W Summariser: No activity detected
07-06 01:44:43.313 29146 29649 V FfmpegTools: Retrieving duration of /storage/emulated/0/Download/Nearby/20200312_193528!002.mp4
07-06 01:44:43.389 29146 29649 W Summariser: Summarisation completed
07-06 01:44:43.389 29146 29649 W Summariser:   filename: 20200312_193528!002.mp4
07-06 01:44:43.389 29146 29649 W Summariser:   active sections: 0
07-06 01:44:43.389 29146 29649 W Summariser:   time: 05.558s
07-06 01:44:43.389 29146 29649 W Summariser:   original duration: 16.06
07-06 01:44:43.389 29146 29649 W Summariser:   summarised duration: -1.00
07-06 01:44:43.389 29146 29649 W Summariser:   noise tolerance: 45.00
07-06 01:44:43.389 29146 29649 W Summariser:   quality: 23
07-06 01:44:43.389 29146 29649 W Summariser:   speed: medium
07-06 01:44:43.389 29146 29649 W Summariser:   freeze duration: 1.00
07-06 01:44:43.392 29146 29649 V ProcessingVideosEventHandler: onRemove
07-06 01:44:43.421 29146 29146 V NearbyFragment: Transfer to Endpoint{id=vMbk, name=Galaxy S8 [2802]} complete
07-06 01:44:43.445 29146 29159 D SummariserIntentService: Scanned /storage/emulated/0/Movies/summarised
07-06 01:44:43.445 29146 29159 D SummariserIntentService:   -> uri=content://media/external/file/8207
07-06 01:44:54.939 29146 29146 D NearbyFragment: onPayloadReceived(endpointId=vMbk, payload=com.google.android.gms.nearby.connection.Payload@26fd202)
07-06 01:44:54.941 29146 29146 V NearbyFragment: Started downloading SUMMARISE_SEGMENT:-8451881077089869886:20200312_193628!001.mp4:45.0_1.0_23_medium from Endpoint{id=vMbk, name=Galaxy S8 [2802]}
07-06 01:44:54.946 29146 29146 V NearbyFragment: Transfer to Endpoint{id=vMbk, name=Galaxy S8 [2802]} complete
07-06 01:44:54.988 29146 29146 D NearbyFragment: onPayloadReceived(endpointId=vMbk, payload=com.google.android.gms.nearby.connection.Payload@b253713)
07-06 01:44:58.340 29146 29146 D NearbyFragment: onPayloadReceived(endpointId=vMbk, payload=com.google.android.gms.nearby.connection.Payload@1526d50)
07-06 01:44:58.340 29146 29146 V NearbyFragment: Started downloading SUMMARISE_SEGMENT:-7370717375970631261:20200312_193628!002.mp4:45.0_1.0_23_medium from Endpoint{id=vMbk, name=Galaxy S8 [2802]}
07-06 01:44:58.347 29146 29146 V NearbyFragment: Transfer to Endpoint{id=vMbk, name=Galaxy S8 [2802]} complete
07-06 01:44:59.842 29146 29146 V NearbyFragment: Transfer to Endpoint{id=vMbk, name=Galaxy S8 [2802]} complete
07-06 01:44:59.844 29146 29146 W NearbyFragment: Completed downloading 20200312_193628!001.mp4 from Endpoint{id=vMbk, name=Galaxy S8 [2802]} in 04.901s
07-06 01:44:59.852 29146 29146 V FileManager: External storage is readable
07-06 01:44:59.853 29146 29146 V FileManager: Created new directory: /storage/emulated/0/Movies/segment-sum/20200312_193628
07-06 01:44:59.855 29146 29146 D NearbyFragment: Summarising 20200312_193628!001.mp4
07-06 01:44:59.855 29146 29146 V VideoManager: Retrieving video from /storage/emulated/0/Download/Nearby/20200312_193628!001.mp4
07-06 01:44:59.867 29146 29146 V VideoManager: videoFromCursor
07-06 01:44:59.871 29146 29146 V ProcessingVideosEventHandler: onAdd
07-06 01:44:59.872 29146 29146 V RawFootageEventHandler: onRemove
07-06 01:44:59.882 29146 29146 D NearbyFragment: onPayloadReceived(endpointId=vMbk, payload=com.google.android.gms.nearby.connection.Payload@10d0c4e)
07-06 01:44:59.883 29146 29146 V NearbyFragment: Transfer to Endpoint{id=vMbk, name=Galaxy S8 [2802]} complete
07-06 01:44:59.894 29146 29669 V SummariserIntentService: onHandleIntent
07-06 01:44:59.895 29146 29669 D SummariserIntentService: Video{id='8287', data='/storage/emulated/0/Download/Nearby/20200312_193628!001.mp4', name='20200312_193628!001.mp4', size=16831997, visible=true, mimeType='video/mp4'}
07-06 01:44:59.895 29146 29669 D SummariserIntentService: /storage/emulated/0/Movies/segment-sum/20200312_193628/20200312_193628!001.mp4
07-06 01:44:59.898 29146 29669 I FfmpegTools: Running ffmpeg with:
07-06 01:44:59.898 29146 29669 I FfmpegTools:   -y -i /storage/emulated/0/Download/Nearby/20200312_193628!001.mp4 -vf freezedetect=n=-45.000000dB:d=1.000000,metadata=mode=print:file=/storage/emulated/0/Movies/raw/20200312_193628!001.txt -f null -
07-06 01:45:00.358 29146 29387 W mobile-ffmpeg: [graph 0 input from stream 0:0 @ 0x7a20e50200] sws_param option is deprecated and ignored
07-06 01:45:06.450 29146 29146 V NearbyFragment: Transfer to Endpoint{id=vMbk, name=Galaxy S8 [2802]} complete
07-06 01:45:06.452 29146 29146 W NearbyFragment: Completed downloading 20200312_193628!002.mp4 from Endpoint{id=vMbk, name=Galaxy S8 [2802]} in 08.110s
07-06 01:45:06.460 29146 29146 V FileManager: External storage is readable
07-06 01:45:06.461 29146 29146 V FileManager: Directory already exists: /storage/emulated/0/Movies/segment-sum/20200312_193628
07-06 01:45:06.462 29146 29146 D NearbyFragment: Summarising 20200312_193628!002.mp4
07-06 01:45:06.462 29146 29146 V VideoManager: Retrieving video from /storage/emulated/0/Download/Nearby/20200312_193628!002.mp4
07-06 01:45:06.482 29146 29146 V VideoManager: videoFromCursor
07-06 01:45:06.486 29146 29146 V ProcessingVideosEventHandler: onAdd
07-06 01:45:06.487 29146 29146 V RawFootageEventHandler: onRemove
07-06 01:45:06.511 29146 29146 V NearbyFragment: Transfer to Endpoint{id=vMbk, name=Galaxy S8 [2802]} complete
07-06 01:45:06.688 29146 29669 W Summariser: No activity detected
07-06 01:45:06.690 29146 29669 V FfmpegTools: Retrieving duration of /storage/emulated/0/Download/Nearby/20200312_193628!001.mp4
07-06 01:45:06.793 29146 29669 W Summariser: Summarisation completed
07-06 01:45:06.793 29146 29669 W Summariser:   filename: 20200312_193628!001.mp4
07-06 01:45:06.793 29146 29669 W Summariser:   active sections: 0
07-06 01:45:06.793 29146 29669 W Summariser:   time: 06.793s
07-06 01:45:06.793 29146 29669 W Summariser:   original duration: 16.01
07-06 01:45:06.793 29146 29669 W Summariser:   summarised duration: -1.00
07-06 01:45:06.793 29146 29669 W Summariser:   noise tolerance: 45.00
07-06 01:45:06.793 29146 29669 W Summariser:   quality: 23
07-06 01:45:06.793 29146 29669 W Summariser:   speed: medium
07-06 01:45:06.793 29146 29669 W Summariser:   freeze duration: 1.00
07-06 01:45:06.797 29146 29669 V ProcessingVideosEventHandler: onRemove
07-06 01:45:06.808 29146 29669 V SummariserIntentService: onHandleIntent
07-06 01:45:06.809 29146 29669 D SummariserIntentService: Video{id='8288', data='/storage/emulated/0/Download/Nearby/20200312_193628!002.mp4', name='20200312_193628!002.mp4', size=16861166, visible=true, mimeType='video/mp4'}
07-06 01:45:06.809 29146 29669 D SummariserIntentService: /storage/emulated/0/Movies/segment-sum/20200312_193628/20200312_193628!002.mp4
07-06 01:45:06.812 29146 29669 I FfmpegTools: Running ffmpeg with:
07-06 01:45:06.812 29146 29669 I FfmpegTools:   -y -i /storage/emulated/0/Download/Nearby/20200312_193628!002.mp4 -vf freezedetect=n=-45.000000dB:d=1.000000,metadata=mode=print:file=/storage/emulated/0/Movies/raw/20200312_193628!002.txt -f null -
07-06 01:45:06.819 29146 29146 V NearbyFragment: Transfer to Endpoint{id=vMbk, name=Galaxy S8 [2802]} complete
07-06 01:45:06.845 29146 29158 D SummariserIntentService: Scanned /storage/emulated/0/Movies/summarised
07-06 01:45:06.845 29146 29158 D SummariserIntentService:   -> uri=content://media/external/file/8207
07-06 01:45:06.952 29146 29387 W mobile-ffmpeg: [graph 0 input from stream 0:0 @ 0x7a20e50200] sws_param option is deprecated and ignored
07-06 01:45:12.372 29146 29669 W Summariser: No activity detected
07-06 01:45:12.374 29146 29669 V FfmpegTools: Retrieving duration of /storage/emulated/0/Download/Nearby/20200312_193628!002.mp4
07-06 01:45:12.479 29146 29669 W Summariser: Summarisation completed
07-06 01:45:12.479 29146 29669 W Summariser:   filename: 20200312_193628!002.mp4
07-06 01:45:12.479 29146 29669 W Summariser:   active sections: 0
07-06 01:45:12.479 29146 29669 W Summariser:   time: 05.563s
07-06 01:45:12.479 29146 29669 W Summariser:   original duration: 16.02
07-06 01:45:12.479 29146 29669 W Summariser:   summarised duration: -1.00
07-06 01:45:12.479 29146 29669 W Summariser:   noise tolerance: 45.00
07-06 01:45:12.479 29146 29669 W Summariser:   quality: 23
07-06 01:45:12.479 29146 29669 W Summariser:   speed: medium
07-06 01:45:12.479 29146 29669 W Summariser:   freeze duration: 1.00
07-06 01:45:12.484 29146 29669 V ProcessingVideosEventHandler: onRemove
07-06 01:45:12.513 29146 29146 V NearbyFragment: Transfer to Endpoint{id=vMbk, name=Galaxy S8 [2802]} complete
07-06 01:45:12.543 29146 29168 D SummariserIntentService: Scanned /storage/emulated/0/Movies/summarised
07-06 01:45:12.543 29146 29168 D SummariserIntentService:   -> uri=content://media/external/file/8207
07-06 01:45:23.688 29146 29146 D NearbyFragment: onPayloadReceived(endpointId=vMbk, payload=com.google.android.gms.nearby.connection.Payload@ec3ca80)
07-06 01:45:23.693 29146 29146 V NearbyFragment: Started downloading SUMMARISE_SEGMENT:-4681586021220788623:20200312_193728!001.mp4:45.0_1.0_23_medium from Endpoint{id=vMbk, name=Galaxy S8 [2802]}
07-06 01:45:23.696 29146 29146 V NearbyFragment: Transfer to Endpoint{id=vMbk, name=Galaxy S8 [2802]} complete
07-06 01:45:24.052 29146 29146 D NearbyFragment: onPayloadReceived(endpointId=vMbk, payload=com.google.android.gms.nearby.connection.Payload@1068b9)
07-06 01:45:28.577 29146 29146 D NearbyFragment: onPayloadReceived(endpointId=vMbk, payload=com.google.android.gms.nearby.connection.Payload@efb24fe)
07-06 01:45:28.578 29146 29146 V NearbyFragment: Started downloading SUMMARISE_SEGMENT:-4790153243469346473:20200312_193728!002.mp4:45.0_1.0_23_medium from Endpoint{id=vMbk, name=Galaxy S8 [2802]}
07-06 01:45:28.580 29146 29146 V NearbyFragment: Transfer to Endpoint{id=vMbk, name=Galaxy S8 [2802]} complete
07-06 01:45:38.389 29146 29146 V NearbyFragment: Transfer to Endpoint{id=vMbk, name=Galaxy S8 [2802]} complete
07-06 01:45:38.390 29146 29146 W NearbyFragment: Completed downloading 20200312_193728!001.mp4 from Endpoint{id=vMbk, name=Galaxy S8 [2802]} in 14.694s
07-06 01:45:38.398 29146 29146 V FileManager: External storage is readable
07-06 01:45:38.400 29146 29146 V FileManager: Created new directory: /storage/emulated/0/Movies/segment-sum/20200312_193728
07-06 01:45:38.400 29146 29146 D NearbyFragment: Summarising 20200312_193728!001.mp4
07-06 01:45:38.401 29146 29146 V VideoManager: Retrieving video from /storage/emulated/0/Download/Nearby/20200312_193728!001.mp4
07-06 01:45:38.415 29146 29146 V VideoManager: videoFromCursor
07-06 01:45:38.421 29146 29146 V ProcessingVideosEventHandler: onAdd
07-06 01:45:38.421 29146 29146 V RawFootageEventHandler: onRemove
07-06 01:45:38.427 29146 29146 V NearbyFragment: Transfer to Endpoint{id=vMbk, name=Galaxy S8 [2802]} complete
07-06 01:45:38.428 29146 29146 D NearbyFragment: onPayloadReceived(endpointId=vMbk, payload=com.google.android.gms.nearby.connection.Payload@1db0eac)
07-06 01:45:38.436 29146 29708 V SummariserIntentService: onHandleIntent
07-06 01:45:38.437 29146 29708 D SummariserIntentService: Video{id='8290', data='/storage/emulated/0/Download/Nearby/20200312_193728!001.mp4', name='20200312_193728!001.mp4', size=16819256, visible=true, mimeType='video/mp4'}
07-06 01:45:38.437 29146 29708 D SummariserIntentService: /storage/emulated/0/Movies/segment-sum/20200312_193728/20200312_193728!001.mp4
07-06 01:45:38.440 29146 29708 I FfmpegTools: Running ffmpeg with:
07-06 01:45:38.440 29146 29708 I FfmpegTools:   -y -i /storage/emulated/0/Download/Nearby/20200312_193728!001.mp4 -vf freezedetect=n=-45.000000dB:d=1.000000,metadata=mode=print:file=/storage/emulated/0/Movies/raw/20200312_193728!001.txt -f null -
07-06 01:45:38.583 29146 29387 W mobile-ffmpeg: [graph 0 input from stream 0:0 @ 0x7a20e50200] sws_param option is deprecated and ignored
07-06 01:45:44.962 29146 29708 D Summariser: No freeze file
07-06 01:45:44.962 29146 29708 W Summariser: Whole video is active
07-06 01:45:45.700 29146 29708 V FfmpegTools: Retrieving duration of /storage/emulated/0/Download/Nearby/20200312_193728!001.mp4
07-06 01:45:45.816 29146 29708 V FfmpegTools: Retrieving duration of /storage/emulated/0/Movies/segment-sum/20200312_193728/20200312_193728!001.mp4
07-06 01:45:45.924 29146 29708 W Summariser: Summarisation completed
07-06 01:45:45.924 29146 29708 W Summariser:   filename: 20200312_193728!001.mp4
07-06 01:45:45.924 29146 29708 W Summariser:   active sections: -1
07-06 01:45:45.924 29146 29708 W Summariser:   time: 07.261s
07-06 01:45:45.924 29146 29708 W Summariser:   original duration: 16.01
07-06 01:45:45.924 29146 29708 W Summariser:   summarised duration: 16.01
07-06 01:45:45.924 29146 29708 W Summariser:   noise tolerance: 45.00
07-06 01:45:45.924 29146 29708 W Summariser:   quality: 23
07-06 01:45:45.924 29146 29708 W Summariser:   speed: medium
07-06 01:45:45.924 29146 29708 W Summariser:   freeze duration: 1.00
07-06 01:45:45.924 29146 29708 V VideoManager: Retrieving video from /storage/emulated/0/Movies/segment-sum/20200312_193728/20200312_193728!001.mp4
07-06 01:45:45.939 29146 29708 V VideoManager: videoFromCursor
07-06 01:45:45.946 29146 29708 W NearbyFragment: Sending 20200312_193728!001.mp4 to Galaxy S8 [2802]
07-06 01:45:45.951 29146 29708 V ProcessingVideosEventHandler: onRemove
07-06 01:45:45.982 29146 29146 V NearbyFragment: Transfer to Endpoint{id=vMbk, name=Galaxy S8 [2802]} complete
07-06 01:45:46.005 29146 29158 D SummariserIntentService: Scanned /storage/emulated/0/Movies/summarised
07-06 01:45:46.005 29146 29158 D SummariserIntentService:   -> uri=content://media/external/file/8207
07-06 01:45:47.852 29146 29146 V NearbyFragment: Transfer to Endpoint{id=vMbk, name=Galaxy S8 [2802]} complete
07-06 01:45:47.854 29146 29146 W NearbyFragment: Completed downloading 20200312_193728!002.mp4 from Endpoint{id=vMbk, name=Galaxy S8 [2802]} in 19.274s
07-06 01:45:47.872 29146 29146 V FileManager: External storage is readable
07-06 01:45:47.873 29146 29146 V FileManager: Directory already exists: /storage/emulated/0/Movies/segment-sum/20200312_193728
07-06 01:45:47.874 29146 29146 D NearbyFragment: Summarising 20200312_193728!002.mp4
07-06 01:45:47.874 29146 29146 V VideoManager: Retrieving video from /storage/emulated/0/Download/Nearby/20200312_193728!002.mp4
07-06 01:45:47.893 29146 29146 V VideoManager: videoFromCursor
07-06 01:45:47.899 29146 29146 V ProcessingVideosEventHandler: onAdd
07-06 01:45:47.900 29146 29146 V RawFootageEventHandler: onRemove
07-06 01:45:47.917 29146 29725 V SummariserIntentService: onHandleIntent
07-06 01:45:47.919 29146 29725 D SummariserIntentService: Video{id='8293', data='/storage/emulated/0/Download/Nearby/20200312_193728!002.mp4', name='20200312_193728!002.mp4', size=16928276, visible=true, mimeType='video/mp4'}
07-06 01:45:47.919 29146 29725 D SummariserIntentService: /storage/emulated/0/Movies/segment-sum/20200312_193728/20200312_193728!002.mp4
07-06 01:45:47.922 29146 29725 I FfmpegTools: Running ffmpeg with:
07-06 01:45:47.922 29146 29725 I FfmpegTools:   -y -i /storage/emulated/0/Download/Nearby/20200312_193728!002.mp4 -vf freezedetect=n=-45.000000dB:d=1.000000,metadata=mode=print:file=/storage/emulated/0/Movies/raw/20200312_193728!002.txt -f null -
07-06 01:45:48.072 29146 29387 W mobile-ffmpeg: [graph 0 input from stream 0:0 @ 0x7a20e50200] sws_param option is deprecated and ignored
07-06 01:45:53.678 29146 29725 D Summariser: No freeze file
07-06 01:45:53.678 29146 29725 W Summariser: Whole video is active
07-06 01:45:54.434 29146 29725 V FfmpegTools: Retrieving duration of /storage/emulated/0/Download/Nearby/20200312_193728!002.mp4
07-06 01:45:54.550 29146 29725 V FfmpegTools: Retrieving duration of /storage/emulated/0/Movies/segment-sum/20200312_193728/20200312_193728!002.mp4
07-06 01:45:54.659 29146 29725 W Summariser: Summarisation completed
07-06 01:45:54.659 29146 29725 W Summariser:   filename: 20200312_193728!002.mp4
07-06 01:45:54.659 29146 29725 W Summariser:   active sections: -1
07-06 01:45:54.659 29146 29725 W Summariser:   time: 06.513s
07-06 01:45:54.659 29146 29725 W Summariser:   original duration: 16.01
07-06 01:45:54.659 29146 29725 W Summariser:   summarised duration: 16.01
07-06 01:45:54.659 29146 29725 W Summariser:   noise tolerance: 45.00
07-06 01:45:54.659 29146 29725 W Summariser:   quality: 23
07-06 01:45:54.659 29146 29725 W Summariser:   speed: medium
07-06 01:45:54.659 29146 29725 W Summariser:   freeze duration: 1.00
07-06 01:45:54.660 29146 29725 V VideoManager: Retrieving video from /storage/emulated/0/Movies/segment-sum/20200312_193728/20200312_193728!002.mp4
07-06 01:45:54.675 29146 29725 V VideoManager: videoFromCursor
07-06 01:45:54.683 29146 29725 W NearbyFragment: Sending 20200312_193728!002.mp4 to Galaxy S8 [2802]
07-06 01:45:54.687 29146 29725 V ProcessingVideosEventHandler: onRemove
07-06 01:45:54.738 29146 29168 D SummariserIntentService: Scanned /storage/emulated/0/Movies/summarised
07-06 01:45:54.738 29146 29168 D SummariserIntentService:   -> uri=content://media/external/file/8207
07-06 01:45:56.991 29146 29146 V NearbyFragment: Transfer to Endpoint{id=vMbk, name=Galaxy S8 [2802]} complete
07-06 01:45:57.002 29146 29146 V NearbyFragment: Transfer to Endpoint{id=vMbk, name=Galaxy S8 [2802]} complete
07-06 01:46:01.017 29146 29146 V NearbyFragment: Transfer to Endpoint{id=vMbk, name=Galaxy S8 [2802]} complete
07-06 01:46:12.518 29146 29146 V NearbyFragment: Transfer to Endpoint{id=vMbk, name=Galaxy S8 [2802]} complete
07-06 01:46:19.823 29146 29146 D NearbyFragment: onPayloadReceived(endpointId=vMbk, payload=com.google.android.gms.nearby.connection.Payload@ccbd2ba)
07-06 01:46:19.826 29146 29146 V NearbyFragment: Started downloading SUMMARISE_SEGMENT:-5163875202254364073:20200312_193828!001.mp4:45.0_1.0_23_medium from Endpoint{id=vMbk, name=Galaxy S8 [2802]}
07-06 01:46:19.829 29146 29146 V NearbyFragment: Transfer to Endpoint{id=vMbk, name=Galaxy S8 [2802]} complete
07-06 01:46:19.929 29146 29146 D NearbyFragment: onPayloadReceived(endpointId=vMbk, payload=com.google.android.gms.nearby.connection.Payload@2d9956b)
07-06 01:46:26.015 29146 29146 V NearbyFragment: Transfer to Endpoint{id=vMbk, name=Galaxy S8 [2802]} complete
07-06 01:46:26.016 29146 29146 W NearbyFragment: Completed downloading 20200312_193828!001.mp4 from Endpoint{id=vMbk, name=Galaxy S8 [2802]} in 06.187s
07-06 01:46:26.024 29146 29146 V FileManager: External storage is readable
07-06 01:46:26.025 29146 29146 V FileManager: Created new directory: /storage/emulated/0/Movies/segment-sum/20200312_193828
07-06 01:46:26.026 29146 29146 D NearbyFragment: Summarising 20200312_193828!001.mp4
07-06 01:46:26.026 29146 29146 V VideoManager: Retrieving video from /storage/emulated/0/Download/Nearby/20200312_193828!001.mp4
07-06 01:46:26.037 29146 29146 V VideoManager: videoFromCursor
07-06 01:46:26.040 29146 29146 V ProcessingVideosEventHandler: onAdd
07-06 01:46:26.041 29146 29146 V RawFootageEventHandler: onRemove
07-06 01:46:26.046 29146 29146 V NearbyFragment: Transfer to Endpoint{id=vMbk, name=Galaxy S8 [2802]} complete
07-06 01:46:26.055 29146 29758 V SummariserIntentService: onHandleIntent
07-06 01:46:26.056 29146 29758 D SummariserIntentService: Video{id='8298', data='/storage/emulated/0/Download/Nearby/20200312_193828!001.mp4', name='20200312_193828!001.mp4', size=16808370, visible=true, mimeType='video/mp4'}
07-06 01:46:26.056 29146 29758 D SummariserIntentService: /storage/emulated/0/Movies/segment-sum/20200312_193828/20200312_193828!001.mp4
07-06 01:46:26.058 29146 29758 I FfmpegTools: Running ffmpeg with:
07-06 01:46:26.058 29146 29758 I FfmpegTools:   -y -i /storage/emulated/0/Download/Nearby/20200312_193828!001.mp4 -vf freezedetect=n=-45.000000dB:d=1.000000,metadata=mode=print:file=/storage/emulated/0/Movies/raw/20200312_193828!001.txt -f null -
07-06 01:46:26.074 29146 29146 D NearbyFragment: onPayloadReceived(endpointId=vMbk, payload=com.google.android.gms.nearby.connection.Payload@ed44974)
07-06 01:46:26.074 29146 29146 V NearbyFragment: Started downloading SUMMARISE_SEGMENT:-8232894330972990091:20200312_193828!002.mp4:45.0_1.0_23_medium from Endpoint{id=vMbk, name=Galaxy S8 [2802]}
07-06 01:46:26.076 29146 29146 V NearbyFragment: Transfer to Endpoint{id=vMbk, name=Galaxy S8 [2802]} complete
07-06 01:46:26.119 29146 29146 D NearbyFragment: onPayloadReceived(endpointId=vMbk, payload=com.google.android.gms.nearby.connection.Payload@27cce9d)
07-06 01:46:26.206 29146 29387 W mobile-ffmpeg: [graph 0 input from stream 0:0 @ 0x7a20e50200] sws_param option is deprecated and ignored
07-06 01:46:32.408 29146 29146 V NearbyFragment: Transfer to Endpoint{id=vMbk, name=Galaxy S8 [2802]} complete
07-06 01:46:32.409 29146 29146 W NearbyFragment: Completed downloading 20200312_193828!002.mp4 from Endpoint{id=vMbk, name=Galaxy S8 [2802]} in 06.333s
07-06 01:46:32.470 29146 29758 W Summariser: No activity detected
07-06 01:46:32.471 29146 29758 V FfmpegTools: Retrieving duration of /storage/emulated/0/Download/Nearby/20200312_193828!001.mp4
07-06 01:46:32.534 29146 29146 V FileManager: External storage is readable
07-06 01:46:32.535 29146 29146 V FileManager: Directory already exists: /storage/emulated/0/Movies/segment-sum/20200312_193828
07-06 01:46:32.536 29146 29146 D NearbyFragment: Summarising 20200312_193828!002.mp4
07-06 01:46:32.536 29146 29146 V VideoManager: Retrieving video from /storage/emulated/0/Download/Nearby/20200312_193828!002.mp4
07-06 01:46:32.550 29146 29146 V VideoManager: videoFromCursor
07-06 01:46:32.554 29146 29146 V ProcessingVideosEventHandler: onAdd
07-06 01:46:32.555 29146 29146 V RawFootageEventHandler: onRemove
07-06 01:46:32.561 29146 29146 V NearbyFragment: Transfer to Endpoint{id=vMbk, name=Galaxy S8 [2802]} complete
07-06 01:46:32.582 29146 29758 W Summariser: Summarisation completed
07-06 01:46:32.582 29146 29758 W Summariser:   filename: 20200312_193828!001.mp4
07-06 01:46:32.582 29146 29758 W Summariser:   active sections: 0
07-06 01:46:32.582 29146 29758 W Summariser:   time: 06.413s
07-06 01:46:32.582 29146 29758 W Summariser:   original duration: 16.01
07-06 01:46:32.582 29146 29758 W Summariser:   summarised duration: -1.00
07-06 01:46:32.582 29146 29758 W Summariser:   noise tolerance: 45.00
07-06 01:46:32.582 29146 29758 W Summariser:   quality: 23
07-06 01:46:32.582 29146 29758 W Summariser:   speed: medium
07-06 01:46:32.582 29146 29758 W Summariser:   freeze duration: 1.00
07-06 01:46:32.583 29146 29758 V ProcessingVideosEventHandler: onRemove
07-06 01:46:32.590 29146 29758 V SummariserIntentService: onHandleIntent
07-06 01:46:32.591 29146 29758 D SummariserIntentService: Video{id='8299', data='/storage/emulated/0/Download/Nearby/20200312_193828!002.mp4', name='20200312_193828!002.mp4', size=16949349, visible=true, mimeType='video/mp4'}
07-06 01:46:32.591 29146 29758 D SummariserIntentService: /storage/emulated/0/Movies/segment-sum/20200312_193828/20200312_193828!002.mp4
07-06 01:46:32.593 29146 29758 I FfmpegTools: Running ffmpeg with:
07-06 01:46:32.593 29146 29758 I FfmpegTools:   -y -i /storage/emulated/0/Download/Nearby/20200312_193828!002.mp4 -vf freezedetect=n=-45.000000dB:d=1.000000,metadata=mode=print:file=/storage/emulated/0/Movies/raw/20200312_193828!002.txt -f null -
07-06 01:46:32.605 29146 29146 V NearbyFragment: Transfer to Endpoint{id=vMbk, name=Galaxy S8 [2802]} complete
07-06 01:46:32.630 29146 29159 D SummariserIntentService: Scanned /storage/emulated/0/Movies/summarised
07-06 01:46:32.630 29146 29159 D SummariserIntentService:   -> uri=content://media/external/file/8207
07-06 01:46:32.734 29146 29387 W mobile-ffmpeg: [graph 0 input from stream 0:0 @ 0x7a20e50200] sws_param option is deprecated and ignored
07-06 01:46:38.196 29146 29758 W Summariser: No activity detected
07-06 01:46:38.198 29146 29758 V FfmpegTools: Retrieving duration of /storage/emulated/0/Download/Nearby/20200312_193828!002.mp4
07-06 01:46:38.302 29146 29758 W Summariser: Summarisation completed
07-06 01:46:38.302 29146 29758 W Summariser:   filename: 20200312_193828!002.mp4
07-06 01:46:38.302 29146 29758 W Summariser:   active sections: 0
07-06 01:46:38.302 29146 29758 W Summariser:   time: 05.605s
07-06 01:46:38.302 29146 29758 W Summariser:   original duration: 16.01
07-06 01:46:38.302 29146 29758 W Summariser:   summarised duration: -1.00
07-06 01:46:38.302 29146 29758 W Summariser:   noise tolerance: 45.00
07-06 01:46:38.302 29146 29758 W Summariser:   quality: 23
07-06 01:46:38.302 29146 29758 W Summariser:   speed: medium
07-06 01:46:38.302 29146 29758 W Summariser:   freeze duration: 1.00
07-06 01:46:38.304 29146 29758 V ProcessingVideosEventHandler: onRemove
