--------- beginning of main
07-06 01:40:18.006  7639  7639 I zygote  : Late-enabling -Xcheck:jni
--------- beginning of system
07-06 01:40:18.124  7639  7639 I ActivityThread: handleStopService: token=android.os.BinderProxy@12f5aad not found.
07-06 01:40:18.128  7639  7639 I TransferService: Starting Transfer Service to listen for network connectivity changes.
07-06 01:40:18.130  7639  7639 W LogFactory: Truncating log tag length as it exceed 23, the limit imposed by Android on certain API Levels
07-06 01:40:18.154  7639  7639 I TransferService: Registering the network receiver
07-06 01:40:18.158  7639  7639 I TransferService: Moving the service out of the Foreground state.
07-06 01:40:18.159  7639  7639 I TransferService: De-registering the network receiver.
07-06 01:40:21.651  7639  7639 I zygote  : Rejecting re-init on previously-failed class java.lang.Class<androidx.core.view.ViewCompat$2>: java.lang.NoClassDefFoundError: Failed resolution of: Landroid/view/View$OnUnhandledKeyEventListener;
07-06 01:40:21.651  7639  7639 I zygote  :   at void androidx.core.view.ViewCompat.setOnApplyWindowInsetsListener(android.view.View, androidx.core.view.OnApplyWindowInsetsListener) (ViewCompat.java:2421)
07-06 01:40:21.651  7639  7639 I zygote  :   at android.view.ViewGroup androidx.appcompat.app.AppCompatDelegateImpl.createSubDecor() (AppCompatDelegateImpl.java:779)
07-06 01:40:21.651  7639  7639 I zygote  :   at void androidx.appcompat.app.AppCompatDelegateImpl.ensureSubDecor() (AppCompatDelegateImpl.java:659)
07-06 01:40:21.651  7639  7639 I zygote  :   at void androidx.appcompat.app.AppCompatDelegateImpl.setContentView(int) (AppCompatDelegateImpl.java:552)
07-06 01:40:21.651  7639  7639 I zygote  :   at void androidx.appcompat.app.AppCompatActivity.setContentView(int) (AppCompatActivity.java:161)
07-06 01:40:21.651  7639  7639 I zygote  :   at void com.example.edgesum.page.main.MainActivity.onCreate(android.os.Bundle) (MainActivity.java:95)
07-06 01:40:21.651  7639  7639 I zygote  :   at void android.app.Activity.performCreate(android.os.Bundle, android.os.PersistableBundle) (Activity.java:7009)
07-06 01:40:21.651  7639  7639 I zygote  :   at void android.app.Activity.performCreate(android.os.Bundle) (Activity.java:7000)
07-06 01:40:21.651  7639  7639 I zygote  :   at void android.app.Instrumentation.callActivityOnCreate(android.app.Activity, android.os.Bundle) (Instrumentation.java:1214)
07-06 01:40:21.651  7639  7639 I zygote  :   at android.app.Activity android.app.ActivityThread.performLaunchActivity(android.app.ActivityThread$ActivityClientRecord, android.content.Intent) (ActivityThread.java:2731)
07-06 01:40:21.651  7639  7639 I zygote  :   at void android.app.ActivityThread.handleLaunchActivity(android.app.ActivityThread$ActivityClientRecord, android.content.Intent, java.lang.String) (ActivityThread.java:2856)
07-06 01:40:21.651  7639  7639 I zygote  :   at void android.app.ActivityThread.-wrap11(android.app.ActivityThread, android.app.ActivityThread$ActivityClientRecord, android.content.Intent, java.lang.String) (ActivityThread.java:-1)
07-06 01:40:21.651  7639  7639 I zygote  :   at void android.app.ActivityThread$H.handleMessage(android.os.Message) (ActivityThread.java:1589)
07-06 01:40:21.651  7639  7639 I zygote  :   at void android.os.Handler.dispatchMessage(android.os.Message) (Handler.java:106)
07-06 01:40:21.651  7639  7639 I zygote  :   at void android.os.Looper.loop() (Looper.java:164)
07-06 01:40:21.651  7639  7639 I zygote  :   at void android.app.ActivityThread.main(java.lang.String[]) (ActivityThread.java:6494)
07-06 01:40:21.651  7639  7639 I zygote  :   at java.lang.Object java.lang.reflect.Method.invoke(java.lang.Object, java.lang.Object[]) (Method.java:-2)
07-06 01:40:21.651  7639  7639 I zygote  :   at void com.android.internal.os.RuntimeInit$MethodAndArgsCaller.run() (RuntimeInit.java:438)
07-06 01:40:21.651  7639  7639 I zygote  :   at void com.android.internal.os.ZygoteInit.main(java.lang.String[]) (ZygoteInit.java:807)
07-06 01:40:21.651  7639  7639 I zygote  : Caused by: java.lang.ClassNotFoundException: Didn't find class "android.view.View$OnUnhandledKeyEventListener" on path: DexPathList[[zip file "/data/app/com.example.edgesum-YzI1NIeHkS8kN2Z2Ls5RAg==/base.apk"],nativeLibraryDirectories=[/data/app/com.example.edgesum-YzI1NIeHkS8kN2Z2Ls5RAg==/lib/arm, /data/app/com.example.edgesum-YzI1NIeHkS8kN2Z2Ls5RAg==/base.apk!/lib/armeabi-v7a, /system/lib, /system/vendor/lib]]
07-06 01:40:21.651  7639  7639 I zygote  :   at java.lang.Class dalvik.system.BaseDexClassLoader.findClass(java.lang.String) (BaseDexClassLoader.java:125)
07-06 01:40:21.651  7639  7639 I zygote  :   at java.lang.Class java.lang.ClassLoader.loadClass(java.lang.String, boolean) (ClassLoader.java:379)
07-06 01:40:21.651  7639  7639 I zygote  :   at java.lang.Class java.lang.ClassLoader.loadClass(java.lang.String) (ClassLoader.java:312)
07-06 01:40:21.651  7639  7639 I zygote  :   at void androidx.core.view.ViewCompat.setOnApplyWindowInsetsListener(android.view.View, androidx.core.view.OnApplyWindowInsetsListener) (ViewCompat.java:2421)
07-06 01:40:21.651  7639  7639 I zygote  :   at android.view.ViewGroup androidx.appcompat.app.AppCompatDelegateImpl.createSubDecor() (AppCompatDelegateImpl.java:779)
07-06 01:40:21.651  7639  7639 I zygote  :   at void androidx.appcompat.app.AppCompatDelegateImpl.ensureSubDecor() (AppCompatDelegateImpl.java:659)
07-06 01:40:21.651  7639  7639 I zygote  :   at void androidx.appcompat.app.AppCompatDelegateImpl.setContentView(int) (AppCompatDelegateImpl.java:552)
07-06 01:40:21.651  7639  7639 I zygote  :   at void androidx.appcompat.app.AppCompatActivity.setContentView(int) (AppCompatActivity.java:161)
07-06 01:40:21.651  7639  7639 I zygote  :   at void com.example.edgesum.page.main.MainActivity.onCreate(android.os.Bundle) (MainActivity.java:95)
07-06 01:40:21.651  7639  7639 I zygote  :   at void android.app.Activity.performCreate(android.os.Bundle, android.os.PersistableBundle) (Activity.java:7009)
07-06 01:40:21.651  7639  7639 I zygote  :   at void android.app.Activity.performCreate(android.os.Bundle) (Activity.java:7000)
07-06 01:40:21.651  7639  7639 I zygote  :   at void android.app.Instrumentation.callActivityOnCreate(android.app.Activity, android.os.Bundle) (Instrumentation.java:1214)
07-06 01:40:21.651  7639  7639 I zygote  :   at android.app.Activity android.app.ActivityThread.performLaunchActivity(android.app.ActivityThread$ActivityClientRecord, android.content.Intent) (ActivityThread.java:2731)
07-06 01:40:21.651  7639  7639 I zygote  :   at void android.app.ActivityThread.handleLaunchActivity(android.app.ActivityThread$ActivityClientRecord, android.content.Intent, java.lang.String) (ActivityThread.java:2856)
07-06 01:40:21.651  7639  7639 I zygote  :   at void android.app.ActivityThread.-wrap11(android.app.ActivityThread, android.app.ActivityThread$ActivityClientRecord, android.content.Intent, java.lang.String) (ActivityThread.java:-1)
07-06 01:40:21.652  7639  7639 I zygote  :   at void android.app.ActivityThread$H.handleMessage(android.os.Message) (ActivityThread.java:1589)
07-06 01:40:21.652  7639  7639 I zygote  :   at void android.os.Handler.dispatchMessage(android.os.Message) (Handler.java:106)
07-06 01:40:21.652  7639  7639 I zygote  :   at void android.os.Looper.loop() (Looper.java:164)
07-06 01:40:21.652  7639  7639 I zygote  :   at void android.app.ActivityThread.main(java.lang.String[]) (ActivityThread.java:6494)
07-06 01:40:21.653  7639  7639 I zygote  :   at java.lang.Object java.lang.reflect.Method.invoke(java.lang.Object, java.lang.Object[]) (Method.java:-2)
07-06 01:40:21.653  7639  7639 I zygote  :   at void com.android.internal.os.RuntimeInit$MethodAndArgsCaller.run() (RuntimeInit.java:438)
07-06 01:40:21.653  7639  7639 I zygote  :   at void com.android.internal.os.ZygoteInit.main(java.lang.String[]) (ZygoteInit.java:807)
07-06 01:40:21.653  7639  7639 I zygote  : 
07-06 01:40:21.654  7639  7639 I zygote  : Rejecting re-init on previously-failed class java.lang.Class<androidx.core.view.ViewCompat$2>: java.lang.NoClassDefFoundError: Failed resolution of: Landroid/view/View$OnUnhandledKeyEventListener;
07-06 01:40:21.654  7639  7639 I zygote  :   at void androidx.core.view.ViewCompat.setOnApplyWindowInsetsListener(android.view.View, androidx.core.view.OnApplyWindowInsetsListener) (ViewCompat.java:2421)
07-06 01:40:21.654  7639  7639 I zygote  :   at android.view.ViewGroup androidx.appcompat.app.AppCompatDelegateImpl.createSubDecor() (AppCompatDelegateImpl.java:779)
07-06 01:40:21.654  7639  7639 I zygote  :   at void androidx.appcompat.app.AppCompatDelegateImpl.ensureSubDecor() (AppCompatDelegateImpl.java:659)
07-06 01:40:21.654  7639  7639 I zygote  :   at void androidx.appcompat.app.AppCompatDelegateImpl.setContentView(int) (AppCompatDelegateImpl.java:552)
07-06 01:40:21.654  7639  7639 I zygote  :   at void androidx.appcompat.app.AppCompatActivity.setContentView(int) (AppCompatActivity.java:161)
07-06 01:40:21.654  7639  7639 I zygote  :   at void com.example.edgesum.page.main.MainActivity.onCreate(android.os.Bundle) (MainActivity.java:95)
07-06 01:40:21.654  7639  7639 I zygote  :   at void android.app.Activity.performCreate(android.os.Bundle, android.os.PersistableBundle) (Activity.java:7009)
07-06 01:40:21.654  7639  7639 I zygote  :   at void android.app.Activity.performCreate(android.os.Bundle) (Activity.java:7000)
07-06 01:40:21.654  7639  7639 I zygote  :   at void android.app.Instrumentation.callActivityOnCreate(android.app.Activity, android.os.Bundle) (Instrumentation.java:1214)
07-06 01:40:21.654  7639  7639 I zygote  :   at android.app.Activity android.app.ActivityThread.performLaunchActivity(android.app.ActivityThread$ActivityClientRecord, android.content.Intent) (ActivityThread.java:2731)
07-06 01:40:21.654  7639  7639 I zygote  :   at void android.app.ActivityThread.handleLaunchActivity(android.app.ActivityThread$ActivityClientRecord, android.content.Intent, java.lang.String) (ActivityThread.java:2856)
07-06 01:40:21.654  7639  7639 I zygote  :   at void android.app.ActivityThread.-wrap11(android.app.ActivityThread, android.app.ActivityThread$ActivityClientRecord, android.content.Intent, java.lang.String) (ActivityThread.java:-1)
07-06 01:40:21.654  7639  7639 I zygote  :   at void android.app.ActivityThread$H.handleMessage(android.os.Message) (ActivityThread.java:1589)
07-06 01:40:21.654  7639  7639 I zygote  :   at void android.os.Handler.dispatchMessage(android.os.Message) (Handler.java:106)
07-06 01:40:21.654  7639  7639 I zygote  :   at void android.os.Looper.loop() (Looper.java:164)
07-06 01:40:21.654  7639  7639 I zygote  :   at void android.app.ActivityThread.main(java.lang.String[]) (ActivityThread.java:6494)
07-06 01:40:21.654  7639  7639 I zygote  :   at java.lang.Object java.lang.reflect.Method.invoke(java.lang.Object, java.lang.Object[]) (Method.java:-2)
07-06 01:40:21.654  7639  7639 I zygote  :   at void com.android.internal.os.RuntimeInit$MethodAndArgsCaller.run() (RuntimeInit.java:438)
07-06 01:40:21.654  7639  7639 I zygote  :   at void com.android.internal.os.ZygoteInit.main(java.lang.String[]) (ZygoteInit.java:807)
07-06 01:40:21.654  7639  7639 I zygote  : Caused by: java.lang.ClassNotFoundException: Didn't find class "android.view.View$OnUnhandledKeyEventListener" on path: DexPathList[[zip file "/data/app/com.example.edgesum-YzI1NIeHkS8kN2Z2Ls5RAg==/base.apk"],nativeLibraryDirectories=[/data/app/com.example.edgesum-YzI1NIeHkS8kN2Z2Ls5RAg==/lib/arm, /data/app/com.example.edgesum-YzI1NIeHkS8kN2Z2Ls5RAg==/base.apk!/lib/armeabi-v7a, /system/lib, /system/vendor/lib]]
07-06 01:40:21.654  7639  7639 I zygote  :   at java.lang.Class dalvik.system.BaseDexClassLoader.findClass(java.lang.String) (BaseDexClassLoader.java:125)
07-06 01:40:21.654  7639  7639 I zygote  :   at java.lang.Class java.lang.ClassLoader.loadClass(java.lang.String, boolean) (ClassLoader.java:379)
07-06 01:40:21.654  7639  7639 I zygote  :   at java.lang.Class java.lang.ClassLoader.loadClass(java.lang.String) (ClassLoader.java:312)
07-06 01:40:21.654  7639  7639 I zygote  :   at void androidx.core.view.ViewCompat.setOnApplyWindowInsetsListener(android.view.View, androidx.core.view.OnApplyWindowInsetsListener) (ViewCompat.java:2421)
07-06 01:40:21.654  7639  7639 I zygote  :   at android.view.ViewGroup androidx.appcompat.app.AppCompatDelegateImpl.createSubDecor() (AppCompatDelegateImpl.java:779)
07-06 01:40:21.654  7639  7639 I zygote  :   at void androidx.appcompat.app.AppCompatDelegateImpl.ensureSubDecor() (AppCompatDelegateImpl.java:659)
07-06 01:40:21.654  7639  7639 I zygote  :   at void androidx.appcompat.app.AppCompatDelegateImpl.setContentView(int) (AppCompatDelegateImpl.java:552)
07-06 01:40:21.654  7639  7639 I zygote  :   at void androidx.appcompat.app.AppCompatActivity.setContentView(int) (AppCompatActivity.java:161)
07-06 01:40:21.654  7639  7639 I zygote  :   at void com.example.edgesum.page.main.MainActivity.onCreate(android.os.Bundle) (MainActivity.java:95)
07-06 01:40:21.654  7639  7639 I zygote  :   at void android.app.Activity.performCreate(android.os.Bundle, android.os.PersistableBundle) (Activity.java:7009)
07-06 01:40:21.654  7639  7639 I zygote  :   at void android.app.Activity.performCreate(android.os.Bundle) (Activity.java:7000)
07-06 01:40:21.654  7639  7639 I zygote  :   at void android.app.Instrumentation.callActivityOnCreate(android.app.Activity, android.os.Bundle) (Instrumentation.java:1214)
07-06 01:40:21.654  7639  7639 I zygote  :   at android.app.Activity android.app.ActivityThread.performLaunchActivity(android.app.ActivityThread$ActivityClientRecord, android.content.Intent) (ActivityThread.java:2731)
07-06 01:40:21.654  7639  7639 I zygote  :   at void android.app.ActivityThread.handleLaunchActivity(android.app.ActivityThread$ActivityClientRecord, android.content.Intent, java.lang.String) (ActivityThread.java:2856)
07-06 01:40:21.654  7639  7639 I zygote  :   at void android.app.ActivityThread.-wrap11(android.app.ActivityThread, android.app.ActivityThread$ActivityClientRecord, android.content.Intent, java.lang.String) (ActivityThread.java:-1)
07-06 01:40:21.654  7639  7639 I zygote  :   at void android.app.ActivityThread$H.handleMessage(android.os.Message) (ActivityThread.java:1589)
07-06 01:40:21.654  7639  7639 I zygote  :   at void android.os.Handler.dispatchMessage(android.os.Message) (Handler.java:106)
07-06 01:40:21.654  7639  7639 I zygote  :   at void android.os.Looper.loop() (Looper.java:164)
07-06 01:40:21.654  7639  7639 I zygote  :   at void android.app.ActivityThread.main(java.lang.String[]) (ActivityThread.java:6494)
07-06 01:40:21.654  7639  7639 I zygote  :   at java.lang.Object java.lang.reflect.Method.invoke(java.lang.Object, java.lang.Object[]) (Method.java:-2)
07-06 01:40:21.654  7639  7639 I zygote  :   at void com.android.internal.os.RuntimeInit$MethodAndArgsCaller.run() (RuntimeInit.java:438)
07-06 01:40:21.654  7639  7639 I zygote  :   at void com.android.internal.os.ZygoteInit.main(java.lang.String[]) (ZygoteInit.java:807)
07-06 01:40:21.654  7639  7639 I zygote  : 
07-06 01:40:21.655  7639  7639 I zygote  : Rejecting re-init on previously-failed class java.lang.Class<androidx.core.view.ViewCompat$2>: java.lang.NoClassDefFoundError: Failed resolution of: Landroid/view/View$OnUnhandledKeyEventListener;
07-06 01:40:21.655  7639  7639 I zygote  :   at void androidx.core.view.ViewCompat.setOnApplyWindowInsetsListener(android.view.View, androidx.core.view.OnApplyWindowInsetsListener) (ViewCompat.java:2421)
07-06 01:40:21.655  7639  7639 I zygote  :   at android.view.ViewGroup androidx.appcompat.app.AppCompatDelegateImpl.createSubDecor() (AppCompatDelegateImpl.java:779)
07-06 01:40:21.655  7639  7639 I zygote  :   at void androidx.appcompat.app.AppCompatDelegateImpl.ensureSubDecor() (AppCompatDelegateImpl.java:659)
07-06 01:40:21.655  7639  7639 I zygote  :   at void androidx.appcompat.app.AppCompatDelegateImpl.setContentView(int) (AppCompatDelegateImpl.java:552)
07-06 01:40:21.655  7639  7639 I zygote  :   at void androidx.appcompat.app.AppCompatActivity.setContentView(int) (AppCompatActivity.java:161)
07-06 01:40:21.655  7639  7639 I zygote  :   at void com.example.edgesum.page.main.MainActivity.onCreate(android.os.Bundle) (MainActivity.java:95)
07-06 01:40:21.655  7639  7639 I zygote  :   at void android.app.Activity.performCreate(android.os.Bundle, android.os.PersistableBundle) (Activity.java:7009)
07-06 01:40:21.655  7639  7639 I zygote  :   at void android.app.Activity.performCreate(android.os.Bundle) (Activity.java:7000)
07-06 01:40:21.655  7639  7639 I zygote  :   at void android.app.Instrumentation.callActivityOnCreate(android.app.Activity, android.os.Bundle) (Instrumentation.java:1214)
07-06 01:40:21.655  7639  7639 I zygote  :   at android.app.Activity android.app.ActivityThread.performLaunchActivity(android.app.ActivityThread$ActivityClientRecord, android.content.Intent) (ActivityThread.java:2731)
07-06 01:40:21.655  7639  7639 I zygote  :   at void android.app.ActivityThread.handleLaunchActivity(android.app.ActivityThread$ActivityClientRecord, android.content.Intent, java.lang.String) (ActivityThread.java:2856)
07-06 01:40:21.655  7639  7639 I zygote  :   at void android.app.ActivityThread.-wrap11(android.app.ActivityThread, android.app.ActivityThread$ActivityClientRecord, android.content.Intent, java.lang.String) (ActivityThread.java:-1)
07-06 01:40:21.655  7639  7639 I zygote  :   at void android.app.ActivityThread$H.handleMessage(android.os.Message) (ActivityThread.java:1589)
07-06 01:40:21.655  7639  7639 I zygote  :   at void android.os.Handler.dispatchMessage(android.os.Message) (Handler.java:106)
07-06 01:40:21.655  7639  7639 I zygote  :   at void android.os.Looper.loop() (Looper.java:164)
07-06 01:40:21.655  7639  7639 I zygote  :   at void android.app.ActivityThread.main(java.lang.String[]) (ActivityThread.java:6494)
07-06 01:40:21.655  7639  7639 I zygote  :   at java.lang.Object java.lang.reflect.Method.invoke(java.lang.Object, java.lang.Object[]) (Method.java:-2)
07-06 01:40:21.655  7639  7639 I zygote  :   at void com.android.internal.os.RuntimeInit$MethodAndArgsCaller.run() (RuntimeInit.java:438)
07-06 01:40:21.655  7639  7639 I zygote  :   at void com.android.internal.os.ZygoteInit.main(java.lang.String[]) (ZygoteInit.java:807)
07-06 01:40:21.655  7639  7639 I zygote  : Caused by: java.lang.ClassNotFoundException: Didn't find class "android.view.View$OnUnhandledKeyEventListener" on path: DexPathList[[zip file "/data/app/com.example.edgesum-YzI1NIeHkS8kN2Z2Ls5RAg==/base.apk"],nativeLibraryDirectories=[/data/app/com.example.edgesum-YzI1NIeHkS8kN2Z2Ls5RAg==/lib/arm, /data/app/com.example.edgesum-YzI1NIeHkS8kN2Z2Ls5RAg==/base.apk!/lib/armeabi-v7a, /system/lib, /system/vendor/lib]]
07-06 01:40:21.655  7639  7639 I zygote  :   at java.lang.Class dalvik.system.BaseDexClassLoader.findClass(java.lang.String) (BaseDexClassLoader.java:125)
07-06 01:40:21.655  7639  7639 I zygote  :   at java.lang.Class java.lang.ClassLoader.loadClass(java.lang.String, boolean) (ClassLoader.java:379)
07-06 01:40:21.655  7639  7639 I zygote  :   at java.lang.Class java.lang.ClassLoader.loadClass(java.lang.String) (ClassLoader.java:312)
07-06 01:40:21.655  7639  7639 I zygote  :   at void androidx.core.view.ViewCompat.setOnApplyWindowInsetsListener(android.view.View, androidx.core.view.OnApplyWindowInsetsListener) (ViewCompat.java:2421)
07-06 01:40:21.655  7639  7639 I zygote  :   at android.view.ViewGroup androidx.appcompat.app.AppCompatDelegateImpl.createSubDecor() (AppCompatDelegateImpl.java:779)
07-06 01:40:21.655  7639  7639 I zygote  :   at void androidx.appcompat.app.AppCompatDelegateImpl.ensureSubDecor() (AppCompatDelegateImpl.java:659)
07-06 01:40:21.655  7639  7639 I zygote  :   at void androidx.appcompat.app.AppCompatDelegateImpl.setContentView(int) (AppCompatDelegateImpl.java:552)
07-06 01:40:21.655  7639  7639 I zygote  :   at void androidx.appcompat.app.AppCompatActivity.setContentView(int) (AppCompatActivity.java:161)
07-06 01:40:21.655  7639  7639 I zygote  :   at void com.example.edgesum.page.main.MainActivity.onCreate(android.os.Bundle) (MainActivity.java:95)
07-06 01:40:21.655  7639  7639 I zygote  :   at void android.app.Activity.performCreate(android.os.Bundle, android.os.PersistableBundle) (Activity.java:7009)
07-06 01:40:21.655  7639  7639 I zygote  :   at void android.app.Activity.performCreate(android.os.Bundle) (Activity.java:7000)
07-06 01:40:21.655  7639  7639 I zygote  :   at void android.app.Instrumentation.callActivityOnCreate(android.app.Activity, android.os.Bundle) (Instrumentation.java:1214)
07-06 01:40:21.655  7639  7639 I zygote  :   at android.app.Activity android.app.ActivityThread.performLaunchActivity(android.app.ActivityThread$ActivityClientRecord, android.content.Intent) (ActivityThread.java:2731)
07-06 01:40:21.655  7639  7639 I zygote  :   at void android.app.ActivityThread.handleLaunchActivity(android.app.ActivityThread$ActivityClientRecord, android.content.Intent, java.lang.String) (ActivityThread.java:2856)
07-06 01:40:21.655  7639  7639 I zygote  :   at void android.app.ActivityThread.-wrap11(android.app.ActivityThread, android.app.ActivityThread$ActivityClientRecord, android.content.Intent, java.lang.String) (ActivityThread.java:-1)
07-06 01:40:21.655  7639  7639 I zygote  :   at void android.app.ActivityThread$H.handleMessage(android.os.Message) (ActivityThread.java:1589)
07-06 01:40:21.655  7639  7639 I zygote  :   at void android.os.Handler.dispatchMessage(android.os.Message) (Handler.java:106)
07-06 01:40:21.655  7639  7639 I zygote  :   at void android.os.Looper.loop() (Looper.java:164)
07-06 01:40:21.655  7639  7639 I zygote  :   at void android.app.ActivityThread.main(java.lang.String[]) (ActivityThread.java:6494)
07-06 01:40:21.655  7639  7639 I zygote  :   at java.lang.Object java.lang.reflect.Method.invoke(java.lang.Object, java.lang.Object[]) (Method.java:-2)
07-06 01:40:21.655  7639  7639 I zygote  :   at void com.android.internal.os.RuntimeInit$MethodAndArgsCaller.run() (RuntimeInit.java:438)
07-06 01:40:21.655  7639  7639 I zygote  :   at void com.android.internal.os.ZygoteInit.main(java.lang.String[]) (ZygoteInit.java:807)
07-06 01:40:21.655  7639  7639 I zygote  : 
07-06 01:40:21.907  7639  7639 V Repo    : /storage/emulated/0/Movies/raw
07-06 01:40:21.907  7639  7639 V Repo    : /storage/emulated/0/Movies/summarised
07-06 01:40:21.925  7639  7639 V FileManager: External storage is readable
07-06 01:40:21.927  7639  7639 V FileManager: Created new directory: /storage/emulated/0/Movies/raw
07-06 01:40:21.930  7639  7639 V FileManager: External storage is readable
07-06 01:40:21.930  7639  7639 V FileManager: Created new directory: /storage/emulated/0/Movies/summarised
07-06 01:40:21.939  7639  7639 V FileManager: External storage is readable
07-06 01:40:21.940  7639  7639 V FileManager: Created new directory: /storage/emulated/0/Download/nearby
07-06 01:40:21.943  7639  7639 V FileManager: External storage is readable
07-06 01:40:21.944  7639  7639 V FileManager: Created new directory: /storage/emulated/0/Movies/segment
07-06 01:40:21.947  7639  7639 V FileManager: External storage is readable
07-06 01:40:21.947  7639  7639 V FileManager: Created new directory: /storage/emulated/0/Movies/segment-sum
07-06 01:40:22.179  7639  7639 V VideoManager: getAllVideoFromExternalStorageFolder
07-06 01:40:22.183  7639  7639 D VideoManager: /storage/emulated/0/Movies/summarised
07-06 01:40:22.196  7639  7639 D VideoManager: 0 videos return
07-06 01:40:22.248  7639  7639 V VideoManager: getAllVideoFromExternalStorageFolder
07-06 01:40:22.252  7639  7644 I zygote  : Do partial code cache collection, code=10KB, data=19KB
07-06 01:40:22.254  7639  7644 I zygote  : After code cache collection, code=10KB, data=19KB
07-06 01:40:22.254  7639  7644 I zygote  : Increasing code cache capacity to 128KB
07-06 01:40:22.256  7639  7639 D VideoManager: /storage/emulated/0/Movies/raw
07-06 01:40:22.257  7639  7644 I zygote  : Do partial code cache collection, code=10KB, data=37KB
07-06 01:40:22.258  7639  7644 I zygote  : After code cache collection, code=10KB, data=37KB
07-06 01:40:22.258  7639  7644 I zygote  : Increasing code cache capacity to 256KB
07-06 01:40:22.259  7639  7644 I zygote  : Compiler allocated 4MB to compile void android.widget.TextView.<init>(android.content.Context, android.util.AttributeSet, int, int)
07-06 01:40:22.266  7639  7639 D VideoManager: 0 videos return
07-06 01:40:22.338  7639  7678 D OpenGLRenderer: HWUI GL Pipeline
07-06 01:40:22.351  7639  7639 I TransferService: Starting Transfer Service to listen for network connectivity changes.
07-06 01:40:22.351  7639  7639 I TransferService: Registering the network receiver
07-06 01:40:22.355  7639  7639 E TransferService: No notification is passed in the intent. Unable to transition to foreground.
07-06 01:40:22.494  7639  7639 W StaticLayout: maxLineHeight should not be -1.  maxLines:1 lineCount:1
07-06 01:40:22.508  7639  7639 W StaticLayout: maxLineHeight should not be -1.  maxLines:1 lineCount:1
07-06 01:40:22.518  7639  7651 D MainActivity: Scanned /storage/emulated/0/Movies/summarised
07-06 01:40:22.518  7639  7651 D MainActivity:   -> uri=content://media/external/file/1527
07-06 01:40:22.519  7639  7639 W StaticLayout: maxLineHeight should not be -1.  maxLines:1 lineCount:1
07-06 01:40:22.531  7639  7639 W StaticLayout: maxLineHeight should not be -1.  maxLines:1 lineCount:1
07-06 01:40:22.548  7639  7652 D MainActivity: Scanned /storage/emulated/0/Movies/raw
07-06 01:40:22.548  7639  7652 D MainActivity:   -> uri=content://media/external/file/1526
07-06 01:40:22.563  7639  7678 I Adreno-EGL: <qeglDrvAPI_eglInitialize:379>: QUALCOMM Build: 06/17/16, f19e6a9, I9e7a63e7c4
07-06 01:40:22.568  7639  7678 I zygote  : android::hardware::configstore::V1_0::ISurfaceFlingerConfigs::hasWideColorDisplay retrieved: 0
07-06 01:40:22.568  7639  7678 I OpenGLRenderer: Initialized EGL, version 1.4
07-06 01:40:22.568  7639  7678 D OpenGLRenderer: Swap behavior 1
07-06 01:40:22.574  7639  7678 W Adreno-EGL: <qeglDrvAPI_eglGetConfigAttrib:607>: EGL_BAD_ATTRIBUTE
07-06 01:40:22.579  7639  7678 W Adreno-EGL: <qeglDrvAPI_eglGetConfigAttrib:607>: EGL_BAD_ATTRIBUTE
07-06 01:40:22.581  7639  7678 D vndksupport: Loading /vendor/lib/hw/gralloc.msm8974.so from current namespace instead of sphal namespace.
07-06 01:40:22.584  7639  7639 W StaticLayout: maxLineHeight should not be -1.  maxLines:1 lineCount:1
07-06 01:40:22.597  7639  7639 W StaticLayout: maxLineHeight should not be -1.  maxLines:1 lineCount:1
07-06 01:40:22.613  7639  7639 I TransferNetworkLossHand: Network connectivity changed detected.
07-06 01:40:22.614  7639  7639 I TransferNetworkLossHand: Network connected: false
07-06 01:40:22.765  7639  7678 D vndksupport: Loading /vendor/lib/hw/android.hardware.graphics.mapper@2.0-impl.so from current namespace instead of sphal namespace.
07-06 01:40:22.767  7639  7678 D vndksupport: Loading /vendor/lib/hw/gralloc.msm8974.so from current namespace instead of sphal namespace.
07-06 01:40:26.759  7639  7639 V MainActivity: Connect button clicked
07-06 01:40:30.086  7639  7639 V ConnectionFragment: Discovery switch checked
07-06 01:40:30.193  7639  7639 D NearbyFragment: Started discovering
07-06 01:40:30.641  7639  7639 D NearbyFragment: Found endpoint vMbk: Galaxy S8 [2802]
07-06 01:40:30.721  7639  7644 I zygote  : Do full code cache collection, code=88KB, data=83KB
07-06 01:40:30.723  7639  7644 I zygote  : After code cache collection, code=88KB, data=61KB
07-06 01:40:42.792  7639  7639 D NearbyFragment: Selected 'Endpoint{id=vMbk, name=Galaxy S8 [2802]}'
07-06 01:40:42.835  7639  7678 W Adreno-EGL: <qeglDrvAPI_eglGetConfigAttrib:607>: EGL_BAD_ATTRIBUTE
07-06 01:40:42.836  7639  7678 D vndksupport: Loading /vendor/lib/hw/gralloc.msm8974.so from current namespace instead of sphal namespace.
07-06 01:40:45.898  7639  7639 D NearbyFragment: Initiated connection with vMbk: Galaxy S8 [2802]
07-06 01:40:46.032  7639  7639 D NearbyFragment: Requested connection with Endpoint{id=vMbk, name=Galaxy S8 [2802]}
07-06 01:40:46.126  7639  7678 W Adreno-EGL: <qeglDrvAPI_eglGetConfigAttrib:607>: EGL_BAD_ATTRIBUTE
07-06 01:40:46.132  7639  7678 D vndksupport: Loading /vendor/lib/hw/gralloc.msm8974.so from current namespace instead of sphal namespace.
07-06 01:40:47.878  7639  7639 I NearbyFragment: Connected to Endpoint{id=vMbk, name=Galaxy S8 [2802]}
07-06 01:40:50.219  7639  7639 V ConnectionFragment: Discovery switch unchecked
07-06 01:40:50.219  7639  7639 D NearbyFragment: Stopped discovering
07-06 01:41:08.687  7639  7639 I TransferNetworkLossHand: Network connectivity changed detected.
07-06 01:41:08.690  7639  7639 I TransferNetworkLossHand: Network connected: true
07-06 01:41:35.734  7639  7639 D NearbyFragment: onPayloadReceived(endpointId=vMbk, payload=com.google.android.gms.nearby.connection.Payload@156edd8)
07-06 01:41:35.740  7639  7639 V NearbyFragment: Started downloading SUMMARISE_SEGMENT:-8468614769743045811:20200312_150643!001.mp4:45.0_1.0_23_medium from Endpoint{id=vMbk, name=Galaxy S8 [2802]}
07-06 01:41:35.759  7639  7639 V NearbyFragment: Transfer to Endpoint{id=vMbk, name=Galaxy S8 [2802]} complete
07-06 01:41:40.953  7639  7639 D NearbyFragment: onPayloadReceived(endpointId=vMbk, payload=com.google.android.gms.nearby.connection.Payload@29cf197)
07-06 01:41:41.277  7639  7644 I zygote  : Do partial code cache collection, code=126KB, data=110KB
07-06 01:41:41.302  7639  7644 I zygote  : After code cache collection, code=126KB, data=110KB
07-06 01:41:41.302  7639  7644 I zygote  : Increasing code cache capacity to 512KB
07-06 01:41:45.711  7639  7639 V NearbyFragment: Transfer to Endpoint{id=vMbk, name=Galaxy S8 [2802]} complete
07-06 01:41:45.716  7639  7639 W NearbyFragment: Completed downloading 20200312_150643!001.mp4 from Endpoint{id=vMbk, name=Galaxy S8 [2802]} in 09.965s
07-06 01:41:45.723  7639  7639 V FileManager: External storage is readable
07-06 01:41:45.724  7639  7639 V FileManager: Created new directory: /storage/emulated/0/Movies/segment-sum/20200312_150643
07-06 01:41:45.725  7639  7639 D NearbyFragment: Summarising 20200312_150643!001.mp4
07-06 01:41:45.725  7639  7639 V VideoManager: Retrieving video from /storage/emulated/0/Download/Nearby/20200312_150643!001.mp4
07-06 01:41:45.733  7639  7639 V VideoManager: videoFromCursor
07-06 01:41:45.736  7639  7639 V ProcessingVideosEventHandler: onAdd
07-06 01:41:45.736  7639  7639 V RawFootageEventHandler: onRemove
07-06 01:41:45.747  7639  7639 V NearbyFragment: Transfer to Endpoint{id=vMbk, name=Galaxy S8 [2802]} complete
07-06 01:41:45.754  7639  7872 V SummariserIntentService: onHandleIntent
07-06 01:41:45.755  7639  7872 D SummariserIntentService: Video{id='1584', data='/storage/emulated/0/Download/Nearby/20200312_150643!001.mp4', name='20200312_150643!001.mp4', size=16853523, visible=true, mimeType='video/mp4'}
07-06 01:41:45.755  7639  7872 D SummariserIntentService: /storage/emulated/0/Movies/segment-sum/20200312_150643/20200312_150643!001.mp4
07-06 01:41:45.757  7639  7872 I mobile-ffmpeg: Loading mobile-ffmpeg.
07-06 01:41:45.807  7639  7872 I mobile-ffmpeg: Loaded mobile-ffmpeg-full-gpl-arm-v7a-neon-4.3.2-20200415.
07-06 01:41:45.808  7639  7874 D mobile-ffmpeg: Callback thread started.
07-06 01:41:45.824  7639  7872 I FfmpegTools: Running ffmpeg with:
07-06 01:41:45.824  7639  7872 I FfmpegTools:   -y -i /storage/emulated/0/Download/Nearby/20200312_150643!001.mp4 -vf freezedetect=n=-45.000000dB:d=1.000000,metadata=mode=print:file=/storage/emulated/0/Movies/raw/20200312_150643!001.txt -f null -
07-06 01:41:45.971  7639  7874 W mobile-ffmpeg: [graph 0 input from stream 0:0 @ 0x8d167000] sws_param option is deprecated and ignored
07-06 01:41:51.846  7639  7872 W Summariser: No activity detected
07-06 01:41:51.848  7639  7872 V FfmpegTools: Retrieving duration of /storage/emulated/0/Download/Nearby/20200312_150643!001.mp4
07-06 01:41:51.970  7639  7872 W Summariser: Summarisation completed
07-06 01:41:51.970  7639  7872 W Summariser:   filename: 20200312_150643!001.mp4
07-06 01:41:51.970  7639  7872 W Summariser:   active sections: 0
07-06 01:41:51.970  7639  7872 W Summariser:   time: 06.091s
07-06 01:41:51.970  7639  7872 W Summariser:   original duration: 16.01
07-06 01:41:51.970  7639  7872 W Summariser:   summarised duration: -1.00
07-06 01:41:51.970  7639  7872 W Summariser:   noise tolerance: 45.00
07-06 01:41:51.970  7639  7872 W Summariser:   quality: 23
07-06 01:41:51.970  7639  7872 W Summariser:   speed: medium
07-06 01:41:51.970  7639  7872 W Summariser:   freeze duration: 1.00
07-06 01:41:51.974  7639  7872 V ProcessingVideosEventHandler: onRemove
07-06 01:41:51.999  7639  7639 V NearbyFragment: Transfer to Endpoint{id=vMbk, name=Galaxy S8 [2802]} complete
07-06 01:41:52.059  7639  7651 D SummariserIntentService: Scanned /storage/emulated/0/Movies/summarised
07-06 01:41:52.059  7639  7651 D SummariserIntentService:   -> uri=content://media/external/file/1527
07-06 01:42:10.528  7639  7639 D NearbyFragment: onPayloadReceived(endpointId=vMbk, payload=com.google.android.gms.nearby.connection.Payload@5c6dca1)
07-06 01:42:10.531  7639  7639 V NearbyFragment: Started downloading SUMMARISE_SEGMENT:-6926901974934341682:20200312_150744!001.mp4:45.0_1.0_23_medium from Endpoint{id=vMbk, name=Galaxy S8 [2802]}
07-06 01:42:10.548  7639  7639 V NearbyFragment: Transfer to Endpoint{id=vMbk, name=Galaxy S8 [2802]} complete
07-06 01:42:10.831  7639  7639 D NearbyFragment: onPayloadReceived(endpointId=vMbk, payload=com.google.android.gms.nearby.connection.Payload@26b2ec6)
07-06 01:42:15.652  7639  7639 V NearbyFragment: Transfer to Endpoint{id=vMbk, name=Galaxy S8 [2802]} complete
07-06 01:42:15.654  7639  7639 W NearbyFragment: Completed downloading 20200312_150744!001.mp4 from Endpoint{id=vMbk, name=Galaxy S8 [2802]} in 05.121s
07-06 01:42:15.664  7639  7639 V FileManager: External storage is readable
07-06 01:42:15.665  7639  7639 V FileManager: Created new directory: /storage/emulated/0/Movies/segment-sum/20200312_150744
07-06 01:42:15.666  7639  7639 D NearbyFragment: Summarising 20200312_150744!001.mp4
07-06 01:42:15.666  7639  7639 V VideoManager: Retrieving video from /storage/emulated/0/Download/Nearby/20200312_150744!001.mp4
07-06 01:42:15.674  7639  7639 V VideoManager: videoFromCursor
07-06 01:42:15.682  7639  7639 V ProcessingVideosEventHandler: onAdd
07-06 01:42:15.682  7639  7639 V RawFootageEventHandler: onRemove
07-06 01:42:15.687  7639  7639 V NearbyFragment: Transfer to Endpoint{id=vMbk, name=Galaxy S8 [2802]} complete
07-06 01:42:15.731  7639  7927 V SummariserIntentService: onHandleIntent
07-06 01:42:15.731  7639  7927 D SummariserIntentService: Video{id='1585', data='/storage/emulated/0/Download/Nearby/20200312_150744!001.mp4', name='20200312_150744!001.mp4', size=16915850, visible=true, mimeType='video/mp4'}
07-06 01:42:15.732  7639  7927 D SummariserIntentService: /storage/emulated/0/Movies/segment-sum/20200312_150744/20200312_150744!001.mp4
07-06 01:42:15.735  7639  7927 I FfmpegTools: Running ffmpeg with:
07-06 01:42:15.735  7639  7927 I FfmpegTools:   -y -i /storage/emulated/0/Download/Nearby/20200312_150744!001.mp4 -vf freezedetect=n=-45.000000dB:d=1.000000,metadata=mode=print:file=/storage/emulated/0/Movies/raw/20200312_150744!001.txt -f null -
07-06 01:42:15.852  7639  7874 W mobile-ffmpeg: [graph 0 input from stream 0:0 @ 0x9367b320] sws_param option is deprecated and ignored
07-06 01:42:21.963  7639  7927 W Summariser: No activity detected
07-06 01:42:21.965  7639  7927 V FfmpegTools: Retrieving duration of /storage/emulated/0/Download/Nearby/20200312_150744!001.mp4
07-06 01:42:22.053  7639  7927 W Summariser: Summarisation completed
07-06 01:42:22.053  7639  7927 W Summariser:   filename: 20200312_150744!001.mp4
07-06 01:42:22.053  7639  7927 W Summariser:   active sections: 0
07-06 01:42:22.053  7639  7927 W Summariser:   time: 06.232s
07-06 01:42:22.053  7639  7927 W Summariser:   original duration: 16.02
07-06 01:42:22.053  7639  7927 W Summariser:   summarised duration: -1.00
07-06 01:42:22.053  7639  7927 W Summariser:   noise tolerance: 45.00
07-06 01:42:22.053  7639  7927 W Summariser:   quality: 23
07-06 01:42:22.053  7639  7927 W Summariser:   speed: medium
07-06 01:42:22.053  7639  7927 W Summariser:   freeze duration: 1.00
07-06 01:42:22.055  7639  7927 V ProcessingVideosEventHandler: onRemove
07-06 01:42:22.081  7639  7639 V NearbyFragment: Transfer to Endpoint{id=vMbk, name=Galaxy S8 [2802]} complete
07-06 01:42:22.114  7639  7651 D SummariserIntentService: Scanned /storage/emulated/0/Movies/summarised
07-06 01:42:22.114  7639  7651 D SummariserIntentService:   -> uri=content://media/external/file/1527
07-06 01:42:40.649  7639  7639 D NearbyFragment: onPayloadReceived(endpointId=vMbk, payload=com.google.android.gms.nearby.connection.Payload@f0b334c)
07-06 01:42:40.656  7639  7639 V NearbyFragment: Started downloading SUMMARISE_SEGMENT:-7720032419647866239:20200312_150844!001.mp4:45.0_1.0_23_medium from Endpoint{id=vMbk, name=Galaxy S8 [2802]}
07-06 01:42:40.684  7639  7639 V NearbyFragment: Transfer to Endpoint{id=vMbk, name=Galaxy S8 [2802]} complete
07-06 01:42:40.710  7639  7639 D NearbyFragment: onPayloadReceived(endpointId=vMbk, payload=com.google.android.gms.nearby.connection.Payload@a2e2f95)
07-06 01:42:45.634  7639  7639 V NearbyFragment: Transfer to Endpoint{id=vMbk, name=Galaxy S8 [2802]} complete
07-06 01:42:45.637  7639  7639 W NearbyFragment: Completed downloading 20200312_150844!001.mp4 from Endpoint{id=vMbk, name=Galaxy S8 [2802]} in 04.975s
07-06 01:42:45.643  7639  7639 V FileManager: External storage is readable
07-06 01:42:45.644  7639  7639 V FileManager: Created new directory: /storage/emulated/0/Movies/segment-sum/20200312_150844
07-06 01:42:45.645  7639  7639 D NearbyFragment: Summarising 20200312_150844!001.mp4
07-06 01:42:45.645  7639  7639 V VideoManager: Retrieving video from /storage/emulated/0/Download/Nearby/20200312_150844!001.mp4
07-06 01:42:45.652  7639  7639 V VideoManager: videoFromCursor
07-06 01:42:45.654  7639  7639 V ProcessingVideosEventHandler: onAdd
07-06 01:42:45.655  7639  7639 V RawFootageEventHandler: onRemove
07-06 01:42:45.660  7639  7639 V NearbyFragment: Transfer to Endpoint{id=vMbk, name=Galaxy S8 [2802]} complete
07-06 01:42:45.667  7639  8012 V SummariserIntentService: onHandleIntent
07-06 01:42:45.667  7639  8012 D SummariserIntentService: Video{id='1688', data='/storage/emulated/0/Download/Nearby/20200312_150844!001.mp4', name='20200312_150844!001.mp4', size=17002010, visible=true, mimeType='video/mp4'}
07-06 01:42:45.667  7639  8012 D SummariserIntentService: /storage/emulated/0/Movies/segment-sum/20200312_150844/20200312_150844!001.mp4
07-06 01:42:45.677  7639  8012 I FfmpegTools: Running ffmpeg with:
07-06 01:42:45.677  7639  8012 I FfmpegTools:   -y -i /storage/emulated/0/Download/Nearby/20200312_150844!001.mp4 -vf freezedetect=n=-45.000000dB:d=1.000000,metadata=mode=print:file=/storage/emulated/0/Movies/raw/20200312_150844!001.txt -f null -
07-06 01:42:45.806  7639  7874 W mobile-ffmpeg: [graph 0 input from stream 0:0 @ 0x8d168080] sws_param option is deprecated and ignored
07-06 01:42:51.728  7639  8012 D Summariser: No freeze file
07-06 01:42:51.728  7639  8012 W Summariser: Whole video is active
07-06 01:42:52.996  7639  8012 V FfmpegTools: Retrieving duration of /storage/emulated/0/Download/Nearby/20200312_150844!001.mp4
07-06 01:42:53.079  7639  8012 V FfmpegTools: Retrieving duration of /storage/emulated/0/Movies/segment-sum/20200312_150844/20200312_150844!001.mp4
07-06 01:42:53.157  7639  8012 W Summariser: Summarisation completed
07-06 01:42:53.157  7639  8012 W Summariser:   filename: 20200312_150844!001.mp4
07-06 01:42:53.157  7639  8012 W Summariser:   active sections: -1
07-06 01:42:53.157  7639  8012 W Summariser:   time: 07.326s
07-06 01:42:53.157  7639  8012 W Summariser:   original duration: 16.01
07-06 01:42:53.157  7639  8012 W Summariser:   summarised duration: 16.01
07-06 01:42:53.157  7639  8012 W Summariser:   noise tolerance: 45.00
07-06 01:42:53.157  7639  8012 W Summariser:   quality: 23
07-06 01:42:53.157  7639  8012 W Summariser:   speed: medium
07-06 01:42:53.157  7639  8012 W Summariser:   freeze duration: 1.00
07-06 01:42:53.157  7639  8012 V VideoManager: Retrieving video from /storage/emulated/0/Movies/segment-sum/20200312_150844/20200312_150844!001.mp4
07-06 01:42:53.163  7639  8012 V VideoManager: videoFromCursor
07-06 01:42:53.167  7639  8012 W NearbyFragment: Sending 20200312_150844!001.mp4 to Galaxy S8 [2802]
07-06 01:42:53.170  7639  8012 V ProcessingVideosEventHandler: onRemove
07-06 01:42:53.196  7639  7639 V NearbyFragment: Transfer to Endpoint{id=vMbk, name=Galaxy S8 [2802]} complete
07-06 01:42:53.247  7639  7651 D SummariserIntentService: Scanned /storage/emulated/0/Movies/summarised
07-06 01:42:53.247  7639  7651 D SummariserIntentService:   -> uri=content://media/external/file/1527
07-06 01:43:03.358  7639  7639 V NearbyFragment: Transfer to Endpoint{id=vMbk, name=Galaxy S8 [2802]} complete
07-06 01:43:21.590  7639  7639 D NearbyFragment: onPayloadReceived(endpointId=vMbk, payload=com.google.android.gms.nearby.connection.Payload@856a413)
07-06 01:43:21.596  7639  7639 V NearbyFragment: Started downloading SUMMARISE_SEGMENT:-8005188485404371189:20200312_150944!000.mp4:45.0_1.0_23_medium from Endpoint{id=vMbk, name=Galaxy S8 [2802]}
07-06 01:43:21.610  7639  7639 V NearbyFragment: Transfer to Endpoint{id=vMbk, name=Galaxy S8 [2802]} complete
07-06 01:43:21.624  7639  7639 D NearbyFragment: onPayloadReceived(endpointId=vMbk, payload=com.google.android.gms.nearby.connection.Payload@c93d650)
07-06 01:43:26.861  7639  7639 V NearbyFragment: Transfer to Endpoint{id=vMbk, name=Galaxy S8 [2802]} complete
07-06 01:43:26.865  7639  7639 W NearbyFragment: Completed downloading 20200312_150944!000.mp4 from Endpoint{id=vMbk, name=Galaxy S8 [2802]} in 05.263s
07-06 01:43:26.878  7639  7639 V FileManager: External storage is readable
07-06 01:43:26.880  7639  7639 V FileManager: Created new directory: /storage/emulated/0/Movies/segment-sum/20200312_150944
07-06 01:43:26.881  7639  7639 D NearbyFragment: Summarising 20200312_150944!000.mp4
07-06 01:43:26.881  7639  7639 V VideoManager: Retrieving video from /storage/emulated/0/Download/Nearby/20200312_150944!000.mp4
07-06 01:43:26.900  7639  7639 D VideoManager: videoCursor is null
07-06 01:43:26.964  7639  7639 V VideoManager: videoFromCursor
07-06 01:43:26.965  7639  7639 V ProcessingVideosEventHandler: onAdd
07-06 01:43:26.966  7639  7639 V RawFootageEventHandler: onRemove
07-06 01:43:26.971  7639  7639 V NearbyFragment: Transfer to Endpoint{id=vMbk, name=Galaxy S8 [2802]} complete
07-06 01:43:26.980  7639  8136 V SummariserIntentService: onHandleIntent
07-06 01:43:26.982  7639  8136 D SummariserIntentService: Video{id='1713', data='/storage/emulated/0/Download/Nearby/20200312_150944!000.mp4', name='20200312_150944!000.mp4', size=16983218, visible=true, mimeType='video/mp4'}
07-06 01:43:26.982  7639  8136 D SummariserIntentService: /storage/emulated/0/Movies/segment-sum/20200312_150944/20200312_150944!000.mp4
07-06 01:43:26.985  7639  8136 I FfmpegTools: Running ffmpeg with:
07-06 01:43:26.985  7639  8136 I FfmpegTools:   -y -i /storage/emulated/0/Download/Nearby/20200312_150944!000.mp4 -vf freezedetect=n=-45.000000dB:d=1.000000,metadata=mode=print:file=/storage/emulated/0/Movies/raw/20200312_150944!000.txt -f null -
07-06 01:43:27.100  7639  7874 W mobile-ffmpeg: [graph 0 input from stream 0:0 @ 0x8d168080] sws_param option is deprecated and ignored
07-06 01:43:33.060  7639  8136 W Summariser: 1 active sections found
07-06 01:43:33.061  7639  8136 I FfmpegTools: Running ffmpeg with:
07-06 01:43:33.061  7639  8136 I FfmpegTools:   -y -i /storage/emulated/0/Download/Nearby/20200312_150944!000.mp4 -filter_complex [0:v]trim=0.000000:7.006000,setpts=PTS-STARTPTS[v0];[0:a]atrim=0.000000:7.006000,asetpts=PTS-STARTPTS[a0];[v0][a0]concat=n=1:v=1:a=1[outv][outa] -map [outv] -map [outa] -crf 23 -preset medium /storage/emulated/0/Movies/segment-sum/20200312_150944/20200312_150944!000.mp4
07-06 01:43:33.167  7639  7874 W mobile-ffmpeg: [graph 0 input from stream 0:0 @ 0x8debc360] sws_param option is deprecated and ignored
07-06 01:43:52.178  7639  8136 V FfmpegTools: Retrieving duration of /storage/emulated/0/Download/Nearby/20200312_150944!000.mp4
07-06 01:43:52.253  7639  8136 V FfmpegTools: Retrieving duration of /storage/emulated/0/Movies/segment-sum/20200312_150944/20200312_150944!000.mp4
07-06 01:43:52.320  7639  8136 W Summariser: Summarisation completed
07-06 01:43:52.320  7639  8136 W Summariser:   filename: 20200312_150944!000.mp4
07-06 01:43:52.320  7639  8136 W Summariser:   active sections: 1
07-06 01:43:52.320  7639  8136 W Summariser:   time: 25.195s
07-06 01:43:52.320  7639  8136 W Summariser:   original duration: 16.06
07-06 01:43:52.320  7639  8136 W Summariser:   summarised duration: 7.07
07-06 01:43:52.320  7639  8136 W Summariser:   noise tolerance: 45.00
07-06 01:43:52.320  7639  8136 W Summariser:   quality: 23
07-06 01:43:52.320  7639  8136 W Summariser:   speed: medium
07-06 01:43:52.320  7639  8136 W Summariser:   freeze duration: 1.00
07-06 01:43:52.321  7639  8136 V VideoManager: Retrieving video from /storage/emulated/0/Movies/segment-sum/20200312_150944/20200312_150944!000.mp4
07-06 01:43:52.326  7639  8136 D VideoManager: videoCursor is null
07-06 01:43:52.366  7639  8136 V VideoManager: videoFromCursor
07-06 01:43:52.369  7639  8136 W NearbyFragment: Sending 20200312_150944!000.mp4 to Galaxy S8 [2802]
07-06 01:43:52.374  7639  8136 V ProcessingVideosEventHandler: onRemove
07-06 01:43:52.397  7639  7639 V NearbyFragment: Transfer to Endpoint{id=vMbk, name=Galaxy S8 [2802]} complete
07-06 01:43:52.519  7639  7676 D SummariserIntentService: Scanned /storage/emulated/0/Movies/summarised
07-06 01:43:52.519  7639  7676 D SummariserIntentService:   -> uri=content://media/external/file/1527
07-06 01:43:52.943  7639  7639 V NearbyFragment: Transfer to Endpoint{id=vMbk, name=Galaxy S8 [2802]} complete
07-06 01:43:56.379  7639  7639 D NearbyFragment: onPayloadReceived(endpointId=vMbk, payload=com.google.android.gms.nearby.connection.Payload@5698826)
07-06 01:43:56.380  7639  7639 V NearbyFragment: Started downloading SUMMARISE_SEGMENT:-6960639358989795025:20200312_151044!003.mp4:45.0_1.0_23_medium from Endpoint{id=vMbk, name=Galaxy S8 [2802]}
07-06 01:43:56.413  7639  7639 V NearbyFragment: Transfer to Endpoint{id=vMbk, name=Galaxy S8 [2802]} complete
07-06 01:44:13.363  7639  7639 D NearbyFragment: onPayloadReceived(endpointId=vMbk, payload=com.google.android.gms.nearby.connection.Payload@8cebc67)
07-06 01:44:16.752  7639  7639 V NearbyFragment: Transfer to Endpoint{id=vMbk, name=Galaxy S8 [2802]} complete
07-06 01:44:16.753  7639  7639 W NearbyFragment: Completed downloading 20200312_151044!003.mp4 from Endpoint{id=vMbk, name=Galaxy S8 [2802]} in 20.366s
07-06 01:44:16.758  7639  7639 V FileManager: External storage is readable
07-06 01:44:16.759  7639  7639 V FileManager: Created new directory: /storage/emulated/0/Movies/segment-sum/20200312_151044
07-06 01:44:16.760  7639  7639 D NearbyFragment: Summarising 20200312_151044!003.mp4
07-06 01:44:16.760  7639  7639 V VideoManager: Retrieving video from /storage/emulated/0/Download/Nearby/20200312_151044!003.mp4
07-06 01:44:16.766  7639  7639 V VideoManager: videoFromCursor
07-06 01:44:16.768  7639  7639 V ProcessingVideosEventHandler: onAdd
07-06 01:44:16.769  7639  7639 V RawFootageEventHandler: onRemove
07-06 01:44:16.781  7639  8221 V SummariserIntentService: onHandleIntent
07-06 01:44:16.781  7639  8221 D SummariserIntentService: Video{id='1625', data='/storage/emulated/0/Download/Nearby/20200312_151044!003.mp4', name='20200312_151044!003.mp4', size=12683996, visible=true, mimeType='video/mp4'}
07-06 01:44:16.782  7639  8221 D SummariserIntentService: /storage/emulated/0/Movies/segment-sum/20200312_151044/20200312_151044!003.mp4
07-06 01:44:16.785  7639  8221 I FfmpegTools: Running ffmpeg with:
07-06 01:44:16.785  7639  8221 I FfmpegTools:   -y -i /storage/emulated/0/Download/Nearby/20200312_151044!003.mp4 -vf freezedetect=n=-45.000000dB:d=1.000000,metadata=mode=print:file=/storage/emulated/0/Movies/raw/20200312_151044!003.txt -f null -
07-06 01:44:16.795  7639  7639 V NearbyFragment: Transfer to Endpoint{id=vMbk, name=Galaxy S8 [2802]} complete
07-06 01:44:16.917  7639  7874 W mobile-ffmpeg: [graph 0 input from stream 0:0 @ 0x8debc7e0] sws_param option is deprecated and ignored
07-06 01:44:21.770  7639  8221 W Summariser: No activity detected
07-06 01:44:21.772  7639  8221 V FfmpegTools: Retrieving duration of /storage/emulated/0/Download/Nearby/20200312_151044!003.mp4
07-06 01:44:21.841  7639  8221 W Summariser: Summarisation completed
07-06 01:44:21.841  7639  8221 W Summariser:   filename: 20200312_151044!003.mp4
07-06 01:44:21.841  7639  8221 W Summariser:   active sections: 0
07-06 01:44:21.841  7639  8221 W Summariser:   time: 04.989s
07-06 01:44:21.841  7639  8221 W Summariser:   original duration: 12.03
07-06 01:44:21.841  7639  8221 W Summariser:   summarised duration: -1.00
07-06 01:44:21.841  7639  8221 W Summariser:   noise tolerance: 45.00
07-06 01:44:21.841  7639  8221 W Summariser:   quality: 23
07-06 01:44:21.841  7639  8221 W Summariser:   speed: medium
07-06 01:44:21.841  7639  8221 W Summariser:   freeze duration: 1.00
07-06 01:44:21.843  7639  8221 V ProcessingVideosEventHandler: onRemove
07-06 01:44:21.872  7639  7639 V NearbyFragment: Transfer to Endpoint{id=vMbk, name=Galaxy S8 [2802]} complete
