07-06 01:47:43.112 24752 25064 I mobile-ffmpeg: : Audio: aac (mp4a / 0x6134706D), 16000 Hz, stereo, fltp, 47 kb/s
07-06 01:47:43.112 24752 25064 I mobile-ffmpeg:  (default)
07-06 01:47:43.112 24752 25064 I mobile-ffmpeg: 
07-06 01:47:43.112 24752 25064 I mobile-ffmpeg:     Metadata:
07-06 01:47:43.112 24752 25064 I mobile-ffmpeg:       creation_time   : 
07-06 01:47:43.112 24752 25064 I mobile-ffmpeg: 2020-03-12T08:43:29.000000Z
07-06 01:47:43.112 24752 25064 I mobile-ffmpeg: 
07-06 01:47:43.112 24752 25064 I mobile-ffmpeg:       handler_name    : 
07-06 01:47:43.112 24752 25064 I mobile-ffmpeg: PittaSoft Sound Media Handler
07-06 01:47:43.112 24752 25064 I mobile-ffmpeg: 
07-06 01:47:43.113 24752 25064 I mobile-ffmpeg: Stream mapping:
07-06 01:47:43.113 24752 25064 I mobile-ffmpeg:   Stream #0:0 -> #0:0
07-06 01:47:43.113 24752 25064 I mobile-ffmpeg:  (copy)
07-06 01:47:43.113 24752 25064 I mobile-ffmpeg: 
07-06 01:47:43.113 24752 25064 I mobile-ffmpeg:   Stream #0:1 -> #0:1
07-06 01:47:43.113 24752 25064 I mobile-ffmpeg:  (copy)
07-06 01:47:43.113 24752 25064 I mobile-ffmpeg: 
07-06 01:47:43.113 24752 25064 I mobile-ffmpeg: Press [q] to stop, [?] for help
07-06 01:47:43.113 24752 25064 I mobile-ffmpeg: frame=    1 fps=0.0 q=-1.0 size=N/A time=00:00:00.00 bitrate=N/A speed=  63x    
07-06 01:47:43.173 24752 25064 I mobile-ffmpeg: [segment @ 0x78d5ef0e00] Opening '/storage/emulated/0/Movies/segment/20200312_194229/20200312_194229!001.mp4' for writing
07-06 01:47:43.227 24752 25064 I mobile-ffmpeg: [segment @ 0x78d5ef0e00] Opening '/storage/emulated/0/Movies/segment/20200312_194229/20200312_194229!002.mp4' for writing
07-06 01:47:43.280 24752 25064 I mobile-ffmpeg: [segment @ 0x78d5ef0e00] Opening '/storage/emulated/0/Movies/segment/20200312_194229/20200312_194229!003.mp4' for writing
07-06 01:47:43.319 24752 25064 I mobile-ffmpeg: frame= 1800 fps=0.0 q=-1.0 Lsize=N/A time=00:01:00.01 bitrate=N/A speed= 289x    
07-06 01:47:43.319 24752 25064 I mobile-ffmpeg: video:61542kB audio:345kB subtitle:0kB other streams:0kB global headers:0kB muxing overhead: 
07-06 01:47:43.319 24752 25064 I mobile-ffmpeg: unknown
07-06 01:47:43.319 24752 25064 I mobile-ffmpeg: 
07-06 01:47:43.325 24752 25045 V FileManager: External storage is readable
07-06 01:47:43.325 24752 25045 V FileManager: Directory already exists: /storage/emulated/0/Movies/segment/20200312_194229
07-06 01:47:43.325 24752 25045 V VideoManager: Retrieving videos from /storage/emulated/0/Movies/segment/20200312_194229
07-06 01:47:43.326 24752 25045 V VideoManager: Retrieving video from /storage/emulated/0/Movies/segment/20200312_194229/20200312_194229!000.mp4
07-06 01:47:43.336 24752 25045 V VideoManager: videoFromCursor
07-06 01:47:43.339 24752 25045 V VideoManager: Retrieving video from /storage/emulated/0/Movies/segment/20200312_194229/20200312_194229!001.mp4
07-06 01:47:43.348 24752 25045 V VideoManager: videoFromCursor
07-06 01:47:43.350 24752 25045 V VideoManager: Retrieving video from /storage/emulated/0/Movies/segment/20200312_194229/20200312_194229!002.mp4
07-06 01:47:43.361 24752 25045 V VideoManager: videoFromCursor
07-06 01:47:43.363 24752 25045 V VideoManager: Retrieving video from /storage/emulated/0/Movies/segment/20200312_194229/20200312_194229!003.mp4
07-06 01:47:43.379 24752 25045 V VideoManager: videoFromCursor
07-06 01:47:43.389 24752 25045 V NearbyFragment: nextTransfer with selected algorithm: ordered
07-06 01:47:43.390 24752 25045 W NearbyFragment: Sending 20200312_194229!000.mp4 to Nexus 5X [34d8]
07-06 01:47:43.406 24752 24752 V NearbyFragment: Transfer to Endpoint{id=Qd2N, name=Nexus 5X [34d8]} complete
07-06 01:47:44.021 24752 24752 D NearbyFragment: onPayloadReceived(endpointId=w2Lc, payload=com.google.android.gms.nearby.connection.Payload@c9b3122)
07-06 01:47:44.021 24752 24752 V NearbyFragment: Started downloading 20200312_194129!003.mp4 from Endpoint{id=w2Lc, name=Nexus 5 [1825]}
07-06 01:47:44.022 24752 24752 V NearbyFragment: nextTransfer with selected algorithm: ordered
07-06 01:47:44.023 24752 24752 W NearbyFragment: Sending 20200312_194229!001.mp4 to Nexus 5X [9c8f]
07-06 01:47:44.032 24752 24752 V NearbyFragment: Transfer to Endpoint{id=jKhx, name=Nexus 5X [9c8f]} complete
07-06 01:47:44.051 24752 24752 V NearbyFragment: Transfer to Endpoint{id=w2Lc, name=Nexus 5 [1825]} complete
07-06 01:47:44.077 24752 24752 D NearbyFragment: onPayloadReceived(endpointId=w2Lc, payload=com.google.android.gms.nearby.connection.Payload@66cdce9)
07-06 01:47:44.081 24752 24752 V NearbyFragment: Transfer to Endpoint{id=w2Lc, name=Nexus 5 [1825]} complete
07-06 01:47:44.081 24752 24752 W NearbyFragment: Completed downloading 20200312_194129!003.mp4 from Endpoint{id=w2Lc, name=Nexus 5 [1825]} in 00.060s
07-06 01:47:44.086 24752 24752 V FileManager: External storage is readable
07-06 01:47:44.086 24752 24752 V FileManager: Directory already exists: /storage/emulated/0/Movies/segment-sum/20200312_194129
07-06 01:47:44.094 24752 24752 V NearbyFragment: Received a segment of 20200312_194129
07-06 01:47:44.393 24752 25045 V DownloadTestVideosTask: Starting DownloadTestVideosTask
07-06 01:47:44.396 24752 25045 V DashDownloadManager: Started downloading: 20200312_194330.mp4
07-06 01:47:44.399 24752 25045 I System.out: (HTTPLog)-Static: isSBSettingEnabled false
07-06 01:47:44.400 24752 25045 I System.out: (HTTPLog)-Static: isSBSettingEnabled false
07-06 01:47:44.475 24752 25045 I System.out: (HTTPLog)-Thread-3549-215956846: getTransferStream : ContentLength=69990400, method=GET, HTTPVersion=http/1.1
07-06 01:47:52.010 24752 24752 V NearbyFragment: Transfer to Endpoint{id=Qd2N, name=Nexus 5X [34d8]} complete
07-06 01:47:52.855 24752 24752 D NearbyFragment: onPayloadReceived(endpointId=Qd2N, payload=com.google.android.gms.nearby.connection.Payload@d8dc0f)
07-06 01:47:52.856 24752 24752 D NearbyFragment: Endpoint{id=Qd2N, name=Nexus 5X [34d8]} has finished downloading 20200312_194229!000.mp4
07-06 01:47:52.857 24752 24752 V NearbyFragment: nextTransfer with selected algorithm: ordered
07-06 01:47:52.860 24752 24752 W NearbyFragment: Sending 20200312_194229!002.mp4 to Nexus 5 [1825]
07-06 01:47:52.867 24752 24752 V NearbyFragment: Transfer to Endpoint{id=Qd2N, name=Nexus 5X [34d8]} complete
07-06 01:47:52.887 24752 24752 V NearbyFragment: Transfer to Endpoint{id=w2Lc, name=Nexus 5 [1825]} complete
07-06 01:48:03.520 24752 24752 D NearbyFragment: onPayloadReceived(endpointId=Qd2N, payload=com.google.android.gms.nearby.connection.Payload@545c27a)
07-06 01:48:03.522 24752 24752 V NearbyFragment: Started downloading 20200312_194129!002.mp4 from Endpoint{id=Qd2N, name=Nexus 5X [34d8]}
07-06 01:48:03.524 24752 24752 V NearbyFragment: nextTransfer with selected algorithm: ordered
07-06 01:48:03.527 24752 24752 W NearbyFragment: Sending 20200312_194229!003.mp4 to Nexus 5X [34d8]
07-06 01:48:03.534 24752 24752 V NearbyFragment: Transfer to Endpoint{id=Qd2N, name=Nexus 5X [34d8]} complete
07-06 01:48:03.546 24752 24752 V NearbyFragment: Transfer to Endpoint{id=Qd2N, name=Nexus 5X [34d8]} complete
07-06 01:48:03.623 24752 24752 D NearbyFragment: onPayloadReceived(endpointId=Qd2N, payload=com.google.android.gms.nearby.connection.Payload@1ba4021)
07-06 01:48:04.911 24752 24752 V NearbyFragment: Transfer to Endpoint{id=Qd2N, name=Nexus 5X [34d8]} complete
07-06 01:48:04.912 24752 24752 W NearbyFragment: Completed downloading 20200312_194129!002.mp4 from Endpoint{id=Qd2N, name=Nexus 5X [34d8]} in 01.389s
07-06 01:48:04.918 24752 24752 V FileManager: External storage is readable
07-06 01:48:04.919 24752 24752 V FileManager: Directory already exists: /storage/emulated/0/Movies/segment-sum/20200312_194129
07-06 01:48:04.998 24752 24752 D NearbyFragment: Received all summarised video segments of 20200312_194129
07-06 01:48:05.002 24752 24752 V FileManager: External storage is readable
07-06 01:48:05.003 24752 24752 V FileManager: Directory already exists: /storage/emulated/0/Movies/segment-sum/20200312_194129
07-06 01:48:05.004 24752 24752 D FfmpegTools: Merging /storage/emulated/0/Movies/summarised/20200312_194129.mp4
07-06 01:48:05.007 24752 24752 V FileManager: External storage is readable
07-06 01:48:05.008 24752 24752 V FileManager: Directory already exists: /storage/emulated/0/Movies/segment/20200312_194129
07-06 01:48:05.012 24752 24752 I FfmpegTools: Running ffmpeg with:
07-06 01:48:05.012 24752 24752 I FfmpegTools:   -y -f concat -safe 0 -i /storage/emulated/0/Movies/segment/20200312_194129/paths.txt -c copy /storage/emulated/0/Movies/summarised/20200312_194129.mp4
07-06 01:48:05.044 24752 25064 I mobile-ffmpeg: [mov,mp4,m4a,3gp,3g2,mj2 @ 0x78d5ef0200] Auto-inserting h264_mp4toannexb bitstream filter
07-06 01:48:05.069 24752 25064 I mobile-ffmpeg: Input #0, concat, from '/storage/emulated/0/Movies/segment/20200312_194129/paths.txt':
07-06 01:48:05.069 24752 25064 I mobile-ffmpeg:   Duration: 
07-06 01:48:05.069 24752 25064 I mobile-ffmpeg: N/A
07-06 01:48:05.069 24752 25064 I mobile-ffmpeg: , start: 
07-06 01:48:05.069 24752 25064 I mobile-ffmpeg: -0.064000
07-06 01:48:05.069 24752 25064 I mobile-ffmpeg: , bitrate: 
07-06 01:48:05.069 24752 25064 I mobile-ffmpeg: 1145 kb/s
07-06 01:48:05.070 24752 25064 I mobile-ffmpeg: 
07-06 01:48:05.070 24752 25064 I mobile-ffmpeg:     Stream #0:0
07-06 01:48:05.070 24752 25064 I mobile-ffmpeg: (und)
07-06 01:48:05.070 24752 25064 I mobile-ffmpeg: : Video: h264 (avc1 / 0x31637661), yuvj420p(pc), 1280x720, 1059 kb/s
07-06 01:48:05.070 24752 25064 I mobile-ffmpeg: , 
07-06 01:48:05.070 24752 25064 I mobile-ffmpeg: 29.97 fps, 
07-06 01:48:05.070 24752 25064 I mobile-ffmpeg: 29.97 tbr, 
07-06 01:48:05.070 24752 25064 I mobile-ffmpeg: 30k tbn, 
07-06 01:48:05.070 24752 25064 I mobile-ffmpeg: 59.94 tbc
07-06 01:48:05.070 24752 25064 I mobile-ffmpeg: 
07-06 01:48:05.070 24752 25064 I mobile-ffmpeg:     Metadata:
07-06 01:48:05.070 24752 25064 I mobile-ffmpeg:       handler_name    : 
07-06 01:48:05.070 24752 25064 I mobile-ffmpeg: VideoHandler
07-06 01:48:05.070 24752 25064 I mobile-ffmpeg: 
07-06 01:48:05.070 24752 25064 I mobile-ffmpeg:     Stream #0:1
07-06 01:48:05.070 24752 25064 I mobile-ffmpeg: (und)
07-06 01:48:05.070 24752 25064 I mobile-ffmpeg: : Audio: aac (mp4a / 0x6134706D), 16000 Hz, stereo, fltp, 86 kb/s
07-06 01:48:05.070 24752 25064 I mobile-ffmpeg: 
07-06 01:48:05.070 24752 25064 I mobile-ffmpeg:     Metadata:
07-06 01:48:05.070 24752 25064 I mobile-ffmpeg:       handler_name    : 
07-06 01:48:05.070 24752 25064 I mobile-ffmpeg: SoundHandler
07-06 01:48:05.070 24752 25064 I mobile-ffmpeg: 
07-06 01:48:05.070 24752 25064 I mobile-ffmpeg: Output #0, mp4, to '/storage/emulated/0/Movies/summarised/20200312_194129.mp4':
07-06 01:48:05.070 24752 25064 I mobile-ffmpeg:   Metadata:
07-06 01:48:05.070 24752 25064 I mobile-ffmpeg:     encoder         : 
07-06 01:48:05.070 24752 25064 I mobile-ffmpeg: Lavf58.42.100
07-06 01:48:05.071 24752 25064 I mobile-ffmpeg: 
07-06 01:48:05.071 24752 25064 I mobile-ffmpeg:     Stream #0:0
07-06 01:48:05.071 24752 25064 I mobile-ffmpeg: (und)
07-06 01:48:05.071 24752 25064 I mobile-ffmpeg: : Video: h264 (avc1 / 0x31637661), yuvj420p(pc), 1280x720, q=2-31, 1059 kb/s
07-06 01:48:05.071 24752 25064 I mobile-ffmpeg: , 
07-06 01:48:05.071 24752 25064 I mobile-ffmpeg: 29.97 fps, 
07-06 01:48:05.071 24752 25064 I mobile-ffmpeg: 29.97 tbr, 
07-06 01:48:05.071 24752 25064 I mobile-ffmpeg: 30k tbn, 
07-06 01:48:05.071 24752 25064 I mobile-ffmpeg: 30k tbc
07-06 01:48:05.071 24752 25064 I mobile-ffmpeg: 
07-06 01:48:05.071 24752 25064 I mobile-ffmpeg:     Metadata:
07-06 01:48:05.071 24752 25064 I mobile-ffmpeg:       handler_name    : 
07-06 01:48:05.071 24752 25064 I mobile-ffmpeg: VideoHandler
07-06 01:48:05.071 24752 25064 I mobile-ffmpeg: 
07-06 01:48:05.071 24752 25064 I mobile-ffmpeg:     Stream #0:1
07-06 01:48:05.071 24752 25064 I mobile-ffmpeg: (und)
07-06 01:48:05.071 24752 25064 I mobile-ffmpeg: : Audio: aac (mp4a / 0x6134706D), 16000 Hz, stereo, fltp, 86 kb/s
07-06 01:48:05.071 24752 25064 I mobile-ffmpeg: 
07-06 01:48:05.071 24752 25064 I mobile-ffmpeg:     Metadata:
07-06 01:48:05.071 24752 25064 I mobile-ffmpeg:       handler_name    : 
07-06 01:48:05.071 24752 25064 I mobile-ffmpeg: SoundHandler
07-06 01:48:05.071 24752 25064 I mobile-ffmpeg: 
07-06 01:48:05.071 24752 25064 I mobile-ffmpeg: Stream mapping:
07-06 01:48:05.071 24752 25064 I mobile-ffmpeg:   Stream #0:0 -> #0:0
07-06 01:48:05.071 24752 25064 I mobile-ffmpeg:  (copy)
07-06 01:48:05.071 24752 25064 I mobile-ffmpeg: 
07-06 01:48:05.071 24752 25064 I mobile-ffmpeg:   Stream #0:1 -> #0:1
07-06 01:48:05.071 24752 25064 I mobile-ffmpeg:  (copy)
07-06 01:48:05.071 24752 25064 I mobile-ffmpeg: 
07-06 01:48:05.071 24752 25064 I mobile-ffmpeg: Press [q] to stop, [?] for help
07-06 01:48:05.072 24752 25064 I mobile-ffmpeg: frame=    1 fps=0.0 q=-1.0 size=       0kB time=00:00:00.00 bitrate=N/A speed=   0x    
07-06 01:48:05.101 24752 25064 I mobile-ffmpeg: [mov,mp4,m4a,3gp,3g2,mj2 @ 0x78d5ef0200] Auto-inserting h264_mp4toannexb bitstream filter
07-06 01:48:05.144 24752 25064 I mobile-ffmpeg: [mov,mp4,m4a,3gp,3g2,mj2 @ 0x78d5ef0200] Auto-inserting h264_mp4toannexb bitstream filter
07-06 01:48:05.146 24752 25064 I mobile-ffmpeg: frame=  326 fps=0.0 q=-1.0 Lsize=    1496kB time=00:00:10.98 bitrate=1115.8kbits/s speed= 147x    
07-06 01:48:05.146 24752 25064 I mobile-ffmpeg: video:1375kB audio:115kB subtitle:0kB other streams:0kB global headers:0kB muxing overhead: 
07-06 01:48:05.146 24752 25064 I mobile-ffmpeg: 0.413369%
07-06 01:48:05.146 24752 25064 I mobile-ffmpeg: 
07-06 01:48:05.146 24752 24752 V FfmpegTools: Retrieving duration of /storage/emulated/0/Movies/summarised/20200312_194129.mp4
07-06 01:48:05.168 24752 25064 I mobile-ffmpeg: Input #0, mov,mp4,m4a,3gp,3g2,mj2, from '/storage/emulated/0/Movies/summarised/20200312_194129.mp4':
07-06 01:48:05.169 24752 25064 I mobile-ffmpeg:   Metadata:
07-06 01:48:05.169 24752 25064 I mobile-ffmpeg:     major_brand     : 
07-06 01:48:05.169 24752 25064 I mobile-ffmpeg: isom
07-06 01:48:05.169 24752 25064 I mobile-ffmpeg: 
07-06 01:48:05.169 24752 25064 I mobile-ffmpeg:     minor_version   : 
07-06 01:48:05.169 24752 25064 I mobile-ffmpeg: 512
07-06 01:48:05.169 24752 25064 I mobile-ffmpeg: 
07-06 01:48:05.169 24752 25064 I mobile-ffmpeg:     compatible_brands: 
07-06 01:48:05.169 24752 25064 I mobile-ffmpeg: isomiso2avc1mp41
07-06 01:48:05.169 24752 25064 I mobile-ffmpeg: 
07-06 01:48:05.169 24752 25064 I mobile-ffmpeg:     encoder         : 
07-06 01:48:05.169 24752 25064 I mobile-ffmpeg: Lavf58.42.100
07-06 01:48:05.169 24752 25064 I mobile-ffmpeg: 
07-06 01:48:05.169 24752 25064 I mobile-ffmpeg:   Duration: 
07-06 01:48:05.169 24752 25064 I mobile-ffmpeg: 00:00:11.04
07-06 01:48:05.169 24752 25064 I mobile-ffmpeg: , start: 
07-06 01:48:05.169 24752 25064 I mobile-ffmpeg: 0.000000
07-06 01:48:05.169 24752 25064 I mobile-ffmpeg: , bitrate: 
07-06 01:48:05.169 24752 25064 I mobile-ffmpeg: 1109 kb/s
07-06 01:48:05.169 24752 25064 I mobile-ffmpeg: 
07-06 01:48:05.169 24752 25064 I mobile-ffmpeg:     Stream #0:0
07-06 01:48:05.169 24752 25064 I mobile-ffmpeg: (und)
07-06 01:48:05.169 24752 25064 I mobile-ffmpeg: : Video: h264 (avc1 / 0x31637661), yuvj420p(pc), 1280x720, 1026 kb/s
07-06 01:48:05.169 24752 25064 I mobile-ffmpeg: , 
07-06 01:48:05.169 24752 25064 I mobile-ffmpeg: 29.70 fps, 
07-06 01:48:05.169 24752 25064 I mobile-ffmpeg: 29.97 tbr, 
07-06 01:48:05.169 24752 25064 I mobile-ffmpeg: 30k tbn, 
07-06 01:48:05.169 24752 25064 I mobile-ffmpeg: 59.94 tbc
07-06 01:48:05.169 24752 25064 I mobile-ffmpeg:  (default)
07-06 01:48:05.169 24752 25064 I mobile-ffmpeg: 
07-06 01:48:05.169 24752 25064 I mobile-ffmpeg:     Metadata:
07-06 01:48:05.169 24752 25064 I mobile-ffmpeg:       handler_name    : 
07-06 01:48:05.169 24752 25064 I mobile-ffmpeg: VideoHandler
07-06 01:48:05.169 24752 25064 I mobile-ffmpeg: 
07-06 01:48:05.169 24752 25064 I mobile-ffmpeg:     Stream #0:1
07-06 01:48:05.169 24752 25064 I mobile-ffmpeg: (und)
07-06 01:48:05.169 24752 25064 I mobile-ffmpeg: : Audio: aac (mp4a / 0x6134706D), 16000 Hz, stereo, fltp, 85 kb/s
07-06 01:48:05.170 24752 25064 I mobile-ffmpeg:  (default)
07-06 01:48:05.170 24752 25064 I mobile-ffmpeg: 
07-06 01:48:05.170 24752 25064 I mobile-ffmpeg:     Metadata:
07-06 01:48:05.170 24752 25064 I mobile-ffmpeg:       handler_name    : 
07-06 01:48:05.170 24752 25064 I mobile-ffmpeg: SoundHandler
07-06 01:48:05.170 24752 25064 I mobile-ffmpeg: 
07-06 01:48:05.175 24752 24752 W FfmpegTools: Merged duration of 20200312_194129: 11.04
07-06 01:48:05.207 24752 24752 V VideoManager: Retrieving video from /storage/emulated/0/Movies/summarised/20200312_194129.mp4
07-06 01:48:05.215 24752 24752 V VideoManager: videoFromCursor
07-06 01:48:05.217 24752 24752 V SummarisedVideosEventHandler: onAdd
07-06 01:48:05.218 24752 24752 V RawFootageEventHandler: removeByName
07-06 01:48:05.218 24752 24752 V ProcessingVideosEventHandler: removeByName
07-06 01:48:05.218 24752 24752 V NearbyFragment: Removing video segment map for 20200312_194129
07-06 01:48:07.648 24752 25045 V VideoManager: Retrieving video from /storage/emulated/0/Movies/raw/20200312_194330.mp4
07-06 01:48:07.671 24752 25045 D VideoManager: videoCursor is null
07-06 01:48:07.763 24752 25045 V VideoManager: videoFromCursor
07-06 01:48:07.768 24752 25045 W DashDownloadManager: Successfully downloaded 20200312_194330.mp4 in 23.251s
07-06 01:48:07.769 24752 25045 V DownloadTestVideosTask: Entering callback for download completion of 20200312_194330.mp4
07-06 01:48:07.770 24752 25045 V RawFootageEventHandler: onAdd
07-06 01:48:07.772 24752 25045 V FfmpegTools: Retrieving duration of /storage/emulated/0/Movies/raw/20200312_194330.mp4
07-06 01:48:07.783 24752 25064 W mobile-ffmpeg: [mov,mp4,m4a,3gp,3g2,mj2 @ 0x78bdfcec00] Found duplicated MOOV Atom. Skipped it
07-06 01:48:07.838 24752 25064 I mobile-ffmpeg: Input #0, mov,mp4,m4a,3gp,3g2,mj2, from '/storage/emulated/0/Movies/raw/20200312_194330.mp4':
07-06 01:48:07.838 24752 25064 I mobile-ffmpeg:   Metadata:
07-06 01:48:07.838 24752 25064 I mobile-ffmpeg:     creation_time   : 
07-06 01:48:07.838 24752 25064 I mobile-ffmpeg: 2020-03-12T08:44:29.000000Z
07-06 01:48:07.839 24752 25064 I mobile-ffmpeg: 
07-06 01:48:07.839 24752 25064 I mobile-ffmpeg:     major_brand     : 
07-06 01:48:07.839 24752 25064 I mobile-ffmpeg: mp42
07-06 01:48:07.839 24752 25064 I mobile-ffmpeg: 
07-06 01:48:07.839 24752 25064 I mobile-ffmpeg:     minor_version   : 
07-06 01:48:07.839 24752 25064 I mobile-ffmpeg: 1
07-06 01:48:07.839 24752 25064 I mobile-ffmpeg: 
07-06 01:48:07.839 24752 25064 I mobile-ffmpeg:     compatible_brands: 
07-06 01:48:07.839 24752 25064 I mobile-ffmpeg: mp42mp42
07-06 01:48:07.839 24752 25064 I mobile-ffmpeg: 
07-06 01:48:07.839 24752 25064 I mobile-ffmpeg:   Duration: 
07-06 01:48:07.839 24752 25064 I mobile-ffmpeg: 00:01:00.02
07-06 01:48:07.839 24752 25064 I mobile-ffmpeg: , start: 
07-06 01:48:07.839 24752 25064 I mobile-ffmpeg: 0.000000
07-06 01:48:07.839 24752 25064 I mobile-ffmpeg: , bitrate: 
07-06 01:48:07.839 24752 25064 I mobile-ffmpeg: 9328 kb/s
07-06 01:48:07.839 24752 25064 I mobile-ffmpeg: 
07-06 01:48:07.839 24752 25064 I mobile-ffmpeg:     Stream #0:0
07-06 01:48:07.839 24752 25064 I mobile-ffmpeg: (eng)
07-06 01:48:07.839 24752 25064 I mobile-ffmpeg: : Video: h264 (avc1 / 0x31637661), yuvj420p(pc, bt709), 1280x720, 8381 kb/s
07-06 01:48:07.839 24752 25064 I mobile-ffmpeg: , 
07-06 01:48:07.839 24752 25064 I mobile-ffmpeg: 29.97 fps, 
07-06 01:48:07.839 24752 25064 I mobile-ffmpeg: 29.97 tbr, 
07-06 01:48:07.839 24752 25064 I mobile-ffmpeg: 1k tbn, 
07-06 01:48:07.839 24752 25064 I mobile-ffmpeg: 2k tbc
07-06 01:48:07.839 24752 25064 I mobile-ffmpeg:  (default)
07-06 01:48:07.839 24752 25064 I mobile-ffmpeg: 
07-06 01:48:07.840 24752 25064 I mobile-ffmpeg:     Metadata:
07-06 01:48:07.840 24752 25064 I mobile-ffmpeg:       creation_time   : 
07-06 01:48:07.840 24752 25064 I mobile-ffmpeg: 2020-03-12T08:44:29.000000Z
07-06 01:48:07.840 24752 25064 I mobile-ffmpeg: 
07-06 01:48:07.840 24752 25064 I mobile-ffmpeg:       handler_name    : 
07-06 01:48:07.840 24752 25064 I mobile-ffmpeg: PittaSoft Video Media Handler
07-06 01:48:07.840 24752 25064 I mobile-ffmpeg: 
07-06 01:48:07.840 24752 25064 I mobile-ffmpeg:     Stream #0:1
07-06 01:48:07.840 24752 25064 I mobile-ffmpeg: (eng)
07-06 01:48:07.840 24752 25064 I mobile-ffmpeg: : Audio: aac (mp4a / 0x6134706D), 16000 Hz, stereo, fltp, 47 kb/s
07-06 01:48:07.840 24752 25064 I mobile-ffmpeg:  (default)
07-06 01:48:07.840 24752 25064 I mobile-ffmpeg: 
07-06 01:48:07.840 24752 25064 I mobile-ffmpeg:     Metadata:
07-06 01:48:07.840 24752 25064 I mobile-ffmpeg:       creation_time   : 
07-06 01:48:07.840 24752 25064 I mobile-ffmpeg: 2020-03-12T08:44:29.000000Z
07-06 01:48:07.840 24752 25064 I mobile-ffmpeg: 
07-06 01:48:07.840 24752 25064 I mobile-ffmpeg:       handler_name    : 
07-06 01:48:07.840 24752 25064 I mobile-ffmpeg: PittaSoft Sound Media Handler
07-06 01:48:07.840 24752 25064 I mobile-ffmpeg: 
07-06 01:48:07.849 24752 25045 V FileManager: External storage is readable
07-06 01:48:07.852 24752 25045 V FileManager: Created new directory: /storage/emulated/0/Movies/segment/20200312_194330
07-06 01:48:07.852 24752 25045 V FfmpegTools: Splitting /storage/emulated/0/Movies/raw/20200312_194330.mp4 with 16s long segments
07-06 01:48:07.853 24752 25045 I FfmpegTools: Running ffmpeg with:
07-06 01:48:07.853 24752 25045 I FfmpegTools:   -y -i /storage/emulated/0/Movies/raw/20200312_194330.mp4 -map 0 -c copy -f segment -reset_timestamps 1 -segment_time 16 /storage/emulated/0/Movies/segment/20200312_194330/20200312_194330!%03d.mp4
07-06 01:48:07.862 24752 25064 W mobile-ffmpeg: [mov,mp4,m4a,3gp,3g2,mj2 @ 0x78bdfcec00] Found duplicated MOOV Atom. Skipped it
07-06 01:48:07.896 24752 25064 I mobile-ffmpeg: Input #0, mov,mp4,m4a,3gp,3g2,mj2, from '/storage/emulated/0/Movies/raw/20200312_194330.mp4':
07-06 01:48:07.897 24752 25064 I mobile-ffmpeg:   Metadata:
07-06 01:48:07.897 24752 25064 I mobile-ffmpeg:     creation_time   : 
07-06 01:48:07.897 24752 25064 I mobile-ffmpeg: 2020-03-12T08:44:29.000000Z
07-06 01:48:07.897 24752 25064 I mobile-ffmpeg: 
07-06 01:48:07.897 24752 25064 I mobile-ffmpeg:     major_brand     : 
07-06 01:48:07.897 24752 25064 I mobile-ffmpeg: mp42
07-06 01:48:07.897 24752 25064 I mobile-ffmpeg: 
07-06 01:48:07.897 24752 25064 I mobile-ffmpeg:     minor_version   : 
07-06 01:48:07.897 24752 25064 I mobile-ffmpeg: 1
07-06 01:48:07.897 24752 25064 I mobile-ffmpeg: 
07-06 01:48:07.897 24752 25064 I mobile-ffmpeg:     compatible_brands: 
07-06 01:48:07.897 24752 25064 I mobile-ffmpeg: mp42mp42
07-06 01:48:07.897 24752 25064 I mobile-ffmpeg: 
07-06 01:48:07.897 24752 25064 I mobile-ffmpeg:   Duration: 
07-06 01:48:07.897 24752 25064 I mobile-ffmpeg: 00:01:00.02
07-06 01:48:07.897 24752 25064 I mobile-ffmpeg: , start: 
07-06 01:48:07.897 24752 25064 I mobile-ffmpeg: 0.000000
07-06 01:48:07.897 24752 25064 I mobile-ffmpeg: , bitrate: 
07-06 01:48:07.897 24752 25064 I mobile-ffmpeg: 9328 kb/s
07-06 01:48:07.897 24752 25064 I mobile-ffmpeg: 
07-06 01:48:07.897 24752 25064 I mobile-ffmpeg:     Stream #0:0
07-06 01:48:07.897 24752 25064 I mobile-ffmpeg: (eng)
07-06 01:48:07.897 24752 25064 I mobile-ffmpeg: : Video: h264 (avc1 / 0x31637661), yuvj420p(pc, bt709), 1280x720, 8381 kb/s
07-06 01:48:07.897 24752 25064 I mobile-ffmpeg: , 
07-06 01:48:07.897 24752 25064 I mobile-ffmpeg: 29.97 fps, 
07-06 01:48:07.897 24752 25064 I mobile-ffmpeg: 29.97 tbr, 
07-06 01:48:07.898 24752 25064 I mobile-ffmpeg: 1k tbn, 
07-06 01:48:07.898 24752 25064 I mobile-ffmpeg: 2k tbc
07-06 01:48:07.898 24752 25064 I mobile-ffmpeg:  (default)
07-06 01:48:07.898 24752 25064 I mobile-ffmpeg: 
07-06 01:48:07.898 24752 25064 I mobile-ffmpeg:     Metadata:
07-06 01:48:07.898 24752 25064 I mobile-ffmpeg:       creation_time   : 
07-06 01:48:07.898 24752 25064 I mobile-ffmpeg: 2020-03-12T08:44:29.000000Z
07-06 01:48:07.898 24752 25064 I mobile-ffmpeg: 
07-06 01:48:07.898 24752 25064 I mobile-ffmpeg:       handler_name    : 
07-06 01:48:07.898 24752 25064 I mobile-ffmpeg: PittaSoft Video Media Handler
07-06 01:48:07.898 24752 25064 I mobile-ffmpeg: 
07-06 01:48:07.898 24752 25064 I mobile-ffmpeg:     Stream #0:1
07-06 01:48:07.898 24752 25064 I mobile-ffmpeg: (eng)
07-06 01:48:07.898 24752 25064 I mobile-ffmpeg: : Audio: aac (mp4a / 0x6134706D), 16000 Hz, stereo, fltp, 47 kb/s
07-06 01:48:07.898 24752 25064 I mobile-ffmpeg:  (default)
07-06 01:48:07.898 24752 25064 I mobile-ffmpeg: 
07-06 01:48:07.898 24752 25064 I mobile-ffmpeg:     Metadata:
07-06 01:48:07.898 24752 25064 I mobile-ffmpeg:       creation_time   : 
07-06 01:48:07.898 24752 25064 I mobile-ffmpeg: 2020-03-12T08:44:29.000000Z
07-06 01:48:07.898 24752 25064 I mobile-ffmpeg: 
07-06 01:48:07.898 24752 25064 I mobile-ffmpeg:       handler_name    : 
07-06 01:48:07.898 24752 25064 I mobile-ffmpeg: PittaSoft Sound Media Handler
07-06 01:48:07.898 24752 25064 I mobile-ffmpeg: 
07-06 01:48:07.898 24752 25064 I mobile-ffmpeg: [segment @ 0x78bdfcfe00] Opening '/storage/emulated/0/Movies/segment/20200312_194330/20200312_194330!000.mp4' for writing
07-06 01:48:07.898 24752 25064 I mobile-ffmpeg: Output #0, segment, to '/storage/emulated/0/Movies/segment/20200312_194330/20200312_194330!%03d.mp4':
07-06 01:48:07.898 24752 25064 I mobile-ffmpeg:   Metadata:
07-06 01:48:07.898 24752 25064 I mobile-ffmpeg:     compatible_brands: 
07-06 01:48:07.898 24752 25064 I mobile-ffmpeg: mp42mp42
07-06 01:48:07.898 24752 25064 I mobile-ffmpeg: 
07-06 01:48:07.899 24752 25064 I mobile-ffmpeg:     major_brand     : 
07-06 01:48:07.899 24752 25064 I mobile-ffmpeg: mp42
07-06 01:48:07.899 24752 25064 I mobile-ffmpeg: 
07-06 01:48:07.899 24752 25064 I mobile-ffmpeg:     minor_version   : 
07-06 01:48:07.899 24752 25064 I mobile-ffmpeg: 1
07-06 01:48:07.899 24752 25064 I mobile-ffmpeg: 
07-06 01:48:07.899 24752 25064 I mobile-ffmpeg:     encoder         : 
07-06 01:48:07.899 24752 25064 I mobile-ffmpeg: Lavf58.42.100
07-06 01:48:07.899 24752 25064 I mobile-ffmpeg: 
07-06 01:48:07.899 24752 25064 I mobile-ffmpeg:     Stream #0:0
07-06 01:48:07.899 24752 25064 I mobile-ffmpeg: (eng)
07-06 01:48:07.899 24752 25064 I mobile-ffmpeg: : Video: h264 (avc1 / 0x31637661), yuvj420p(pc, bt709), 1280x720, q=2-31, 8381 kb/s
07-06 01:48:07.899 24752 25064 I mobile-ffmpeg: , 
07-06 01:48:07.899 24752 25064 I mobile-ffmpeg: 29.97 fps, 
07-06 01:48:07.899 24752 25064 I mobile-ffmpeg: 29.97 tbr, 
07-06 01:48:07.899 24752 25064 I mobile-ffmpeg: 16k tbn, 
07-06 01:48:07.899 24752 25064 I mobile-ffmpeg: 1k tbc
07-06 01:48:07.899 24752 25064 I mobile-ffmpeg:  (default)
07-06 01:48:07.899 24752 25064 I mobile-ffmpeg: 
07-06 01:48:07.899 24752 25064 I mobile-ffmpeg:     Metadata:
07-06 01:48:07.899 24752 25064 I mobile-ffmpeg:       creation_time   : 
07-06 01:48:07.899 24752 25064 I mobile-ffmpeg: 2020-03-12T08:44:29.000000Z
07-06 01:48:07.899 24752 25064 I mobile-ffmpeg: 
07-06 01:48:07.899 24752 25064 I mobile-ffmpeg:       handler_name    : 
07-06 01:48:07.899 24752 25064 I mobile-ffmpeg: PittaSoft Video Media Handler
07-06 01:48:07.900 24752 25064 I mobile-ffmpeg: 
07-06 01:48:07.900 24752 25064 I mobile-ffmpeg:     Stream #0:1
07-06 01:48:07.900 24752 25064 I mobile-ffmpeg: (eng)
07-06 01:48:07.900 24752 25064 I mobile-ffmpeg: : Audio: aac (mp4a / 0x6134706D), 16000 Hz, stereo, fltp, 47 kb/s
07-06 01:48:07.900 24752 25064 I mobile-ffmpeg:  (default)
07-06 01:48:07.900 24752 25064 I mobile-ffmpeg: 
07-06 01:48:07.900 24752 25064 I mobile-ffmpeg:     Metadata:
07-06 01:48:07.900 24752 25064 I mobile-ffmpeg:       creation_time   : 
07-06 01:48:07.900 24752 25064 I mobile-ffmpeg: 2020-03-12T08:44:29.000000Z
07-06 01:48:07.900 24752 25064 I mobile-ffmpeg: 
07-06 01:48:07.900 24752 25064 I mobile-ffmpeg:       handler_name    : 
07-06 01:48:07.900 24752 25064 I mobile-ffmpeg: PittaSoft Sound Media Handler
07-06 01:48:07.900 24752 25064 I mobile-ffmpeg: 
07-06 01:48:07.900 24752 25064 I mobile-ffmpeg: Stream mapping:
07-06 01:48:07.900 24752 25064 I mobile-ffmpeg:   Stream #0:0 -> #0:0
07-06 01:48:07.900 24752 25064 I mobile-ffmpeg:  (copy)
07-06 01:48:07.900 24752 25064 I mobile-ffmpeg: 
07-06 01:48:07.900 24752 25064 I mobile-ffmpeg:   Stream #0:1 -> #0:1
07-06 01:48:07.900 24752 25064 I mobile-ffmpeg:  (copy)
07-06 01:48:07.900 24752 25064 I mobile-ffmpeg: 
07-06 01:48:07.900 24752 25064 I mobile-ffmpeg: Press [q] to stop, [?] for help
07-06 01:48:07.900 24752 25064 I mobile-ffmpeg: frame=    1 fps=0.0 q=-1.0 size=N/A time=00:00:00.00 bitrate=N/A speed=31.5x    
07-06 01:48:07.985 24752 25064 I mobile-ffmpeg: [segment @ 0x78bdfcfe00] Opening '/storage/emulated/0/Movies/segment/20200312_194330/20200312_194330!001.mp4' for writing
07-06 01:48:08.055 24752 25064 I mobile-ffmpeg: [segment @ 0x78bdfcfe00] Opening '/storage/emulated/0/Movies/segment/20200312_194330/20200312_194330!002.mp4' for writing
07-06 01:48:08.116 24752 25064 I mobile-ffmpeg: [segment @ 0x78bdfcfe00] Opening '/storage/emulated/0/Movies/segment/20200312_194330/20200312_194330!003.mp4' for writing
07-06 01:48:08.160 24752 25064 I mobile-ffmpeg: frame= 1800 fps=0.0 q=-1.0 Lsize=N/A time=00:01:00.02 bitrate=N/A speed= 229x    
07-06 01:48:08.160 24752 25064 I mobile-ffmpeg: video:61408kB audio:345kB subtitle:0kB other streams:0kB global headers:0kB muxing overhead: 
07-06 01:48:08.160 24752 25064 I mobile-ffmpeg: unknown
07-06 01:48:08.160 24752 25064 I mobile-ffmpeg: 
07-06 01:48:08.163 24752 25045 V FileManager: External storage is readable
07-06 01:48:08.163 24752 25045 V FileManager: Directory already exists: /storage/emulated/0/Movies/segment/20200312_194330
07-06 01:48:08.163 24752 25045 V VideoManager: Retrieving videos from /storage/emulated/0/Movies/segment/20200312_194330
07-06 01:48:08.164 24752 25045 V VideoManager: Retrieving video from /storage/emulated/0/Movies/segment/20200312_194330/20200312_194330!000.mp4
07-06 01:48:08.173 24752 25045 V VideoManager: videoFromCursor
07-06 01:48:08.176 24752 25045 V VideoManager: Retrieving video from /storage/emulated/0/Movies/segment/20200312_194330/20200312_194330!001.mp4
07-06 01:48:08.184 24752 25045 V VideoManager: videoFromCursor
07-06 01:48:08.186 24752 25045 V VideoManager: Retrieving video from /storage/emulated/0/Movies/segment/20200312_194330/20200312_194330!002.mp4
07-06 01:48:08.194 24752 25045 V VideoManager: videoFromCursor
07-06 01:48:08.196 24752 25045 V VideoManager: Retrieving video from /storage/emulated/0/Movies/segment/20200312_194330/20200312_194330!003.mp4
07-06 01:48:08.204 24752 25045 V VideoManager: videoFromCursor
07-06 01:48:08.206 24752 25045 V NearbyFragment: nextTransfer with selected algorithm: ordered
07-06 01:48:08.207 24752 25045 I NearbyFragment: Endpoint queue is empty
07-06 01:48:08.211 24752 25045 W NearbyFragment: Sending 20200312_194330!000.mp4 to Nexus 5 [1825]
07-06 01:48:08.218 24752 24752 V NearbyFragment: Transfer to Endpoint{id=w2Lc, name=Nexus 5 [1825]} complete
07-06 01:48:09.213 24752 25045 V DownloadTestVideosTask: Starting DownloadTestVideosTask
07-06 01:48:09.214 24752 25045 V DashDownloadManager: Started downloading: 20200312_194730.mp4
07-06 01:48:09.217 24752 25045 I System.out: (HTTPLog)-Static: isSBSettingEnabled false
07-06 01:48:09.217 24752 25045 I System.out: (HTTPLog)-Static: isSBSettingEnabled false
07-06 01:48:09.263 24752 25045 I System.out: (HTTPLog)-Thread-3549-119997385: getTransferStream : ContentLength=69990400, method=GET, HTTPVersion=http/1.1
07-06 01:48:10.787 24752 24752 V NearbyFragment: Transfer to Endpoint{id=jKhx, name=Nexus 5X [9c8f]} complete
07-06 01:48:11.358 24752 24752 D NearbyFragment: onPayloadReceived(endpointId=jKhx, payload=com.google.android.gms.nearby.connection.Payload@53a0ace)
07-06 01:48:11.360 24752 24752 D NearbyFragment: Endpoint{id=jKhx, name=Nexus 5X [9c8f]} has finished downloading 20200312_194229!001.mp4
07-06 01:48:11.362 24752 24752 V NearbyFragment: nextTransfer with selected algorithm: ordered
07-06 01:48:11.363 24752 24752 I NearbyFragment: Endpoint queue is empty
07-06 01:48:11.366 24752 24752 W NearbyFragment: Sending 20200312_194330!001.mp4 to Nexus 5X [9c8f]
07-06 01:48:11.382 24752 24752 V NearbyFragment: Transfer to Endpoint{id=jKhx, name=Nexus 5X [9c8f]} complete
07-06 01:48:11.404 24752 24752 V NearbyFragment: Transfer to Endpoint{id=jKhx, name=Nexus 5X [9c8f]} complete
07-06 01:48:16.182 24752 24752 V NearbyFragment: Transfer to Endpoint{id=w2Lc, name=Nexus 5 [1825]} complete
07-06 01:48:16.890 24752 24752 D NearbyFragment: onPayloadReceived(endpointId=w2Lc, payload=com.google.android.gms.nearby.connection.Payload@f931385)
07-06 01:48:16.891 24752 24752 D NearbyFragment: Endpoint{id=w2Lc, name=Nexus 5 [1825]} has finished downloading 20200312_194229!002.mp4
07-06 01:48:16.894 24752 24752 V NearbyFragment: nextTransfer with selected algorithm: ordered
07-06 01:48:16.895 24752 24752 I NearbyFragment: Endpoint queue is empty
07-06 01:48:16.899 24752 24752 W NearbyFragment: Sending 20200312_194330!002.mp4 to Nexus 5X [34d8]
07-06 01:48:16.932 24752 24752 V NearbyFragment: Transfer to Endpoint{id=w2Lc, name=Nexus 5 [1825]} complete
07-06 01:48:16.971 24752 24752 V NearbyFragment: Transfer to Endpoint{id=Qd2N, name=Nexus 5X [34d8]} complete
07-06 01:48:22.389 24752 24752 V NearbyFragment: Transfer to Endpoint{id=Qd2N, name=Nexus 5X [34d8]} complete
07-06 01:48:22.601 24752 24752 D NearbyFragment: onPayloadReceived(endpointId=Qd2N, payload=com.google.android.gms.nearby.connection.Payload@447a0e8)
07-06 01:48:22.601 24752 24752 D NearbyFragment: Endpoint{id=Qd2N, name=Nexus 5X [34d8]} has finished downloading 20200312_194229!003.mp4
07-06 01:48:22.603 24752 24752 V NearbyFragment: nextTransfer with selected algorithm: ordered
07-06 01:48:22.603 24752 24752 I NearbyFragment: Endpoint queue is empty
07-06 01:48:22.606 24752 24752 W NearbyFragment: Sending 20200312_194330!003.mp4 to Nexus 5 [1825]
07-06 01:48:22.689 24752 24752 V NearbyFragment: Transfer to Endpoint{id=Qd2N, name=Nexus 5X [34d8]} complete
07-06 01:48:22.751 24752 24752 V NearbyFragment: Transfer to Endpoint{id=w2Lc, name=Nexus 5 [1825]} complete
07-06 01:48:23.278 24752 24752 D NearbyFragment: onPayloadReceived(endpointId=w2Lc, payload=com.google.android.gms.nearby.connection.Payload@91b4be7)
07-06 01:48:23.279 24752 24752 D NearbyFragment: 20200312_194229!002.mp4 from Endpoint{id=w2Lc, name=Nexus 5 [1825]} contained no activity
07-06 01:48:23.280 24752 24752 V NearbyFragment: Received a segment of 20200312_194229
07-06 01:48:23.281 24752 24752 I NearbyFragment: Transfer queue is empty
07-06 01:48:23.521 24752 24752 V NearbyFragment: Transfer to Endpoint{id=w2Lc, name=Nexus 5 [1825]} complete
07-06 01:48:27.414 24752 24752 V NearbyFragment: Transfer to Endpoint{id=w2Lc, name=Nexus 5 [1825]} complete
07-06 01:48:27.747 24752 24752 D NearbyFragment: onPayloadReceived(endpointId=w2Lc, payload=com.google.android.gms.nearby.connection.Payload@d69e394)
07-06 01:48:27.749 24752 24752 D NearbyFragment: Endpoint{id=w2Lc, name=Nexus 5 [1825]} has finished downloading 20200312_194330!000.mp4
07-06 01:48:27.751 24752 24752 I NearbyFragment: Transfer queue is empty
07-06 01:48:27.950 24752 24752 V NearbyFragment: Transfer to Endpoint{id=w2Lc, name=Nexus 5 [1825]} complete
07-06 01:48:32.248 24752 24752 V NearbyFragment: Transfer to Endpoint{id=jKhx, name=Nexus 5X [9c8f]} complete
07-06 01:48:32.518 24752 24752 D NearbyFragment: onPayloadReceived(endpointId=jKhx, payload=com.google.android.gms.nearby.connection.Payload@1e52e3d)
07-06 01:48:32.519 24752 24752 D NearbyFragment: Endpoint{id=jKhx, name=Nexus 5X [9c8f]} has finished downloading 20200312_194330!001.mp4
07-06 01:48:32.520 24752 24752 I NearbyFragment: Transfer queue is empty
07-06 01:48:32.681 24752 24752 V NearbyFragment: Transfer to Endpoint{id=jKhx, name=Nexus 5X [9c8f]} complete
07-06 01:48:33.248 24752 24752 D NearbyFragment: onPayloadReceived(endpointId=Qd2N, payload=com.google.android.gms.nearby.connection.Payload@2d97632)
07-06 01:48:33.249 24752 24752 V NearbyFragment: Started downloading 20200312_194229!000.mp4 from Endpoint{id=Qd2N, name=Nexus 5X [34d8]}
07-06 01:48:33.250 24752 24752 I NearbyFragment: Transfer queue is empty
07-06 01:48:33.254 24752 24752 V NearbyFragment: Transfer to Endpoint{id=Qd2N, name=Nexus 5X [34d8]} complete
07-06 01:48:33.297 24752 24752 D NearbyFragment: onPayloadReceived(endpointId=Qd2N, payload=com.google.android.gms.nearby.connection.Payload@546bf83)
07-06 01:48:33.776 24752 24752 V NearbyFragment: Transfer to Endpoint{id=Qd2N, name=Nexus 5X [34d8]} complete
07-06 01:48:33.779 24752 24752 W NearbyFragment: Completed downloading 20200312_194229!000.mp4 from Endpoint{id=Qd2N, name=Nexus 5X [34d8]} in 00.528s
07-06 01:48:33.799 24752 24752 V FileManager: External storage is readable
07-06 01:48:33.804 24752 24752 V FileManager: Created new directory: /storage/emulated/0/Movies/segment-sum/20200312_194229
07-06 01:48:33.874 24752 24752 V NearbyFragment: Received a segment of 20200312_194229
07-06 01:48:34.627 24752 24752 D NearbyFragment: onPayloadReceived(endpointId=w2Lc, payload=com.google.android.gms.nearby.connection.Payload@fcba500)
07-06 01:48:34.629 24752 24752 D NearbyFragment: 20200312_194330!000.mp4 from Endpoint{id=w2Lc, name=Nexus 5 [1825]} contained no activity
07-06 01:48:34.630 24752 24752 V NearbyFragment: Received a segment of 20200312_194330
07-06 01:48:34.631 24752 24752 I NearbyFragment: Transfer queue is empty
07-06 01:48:34.638 24752 24752 V NearbyFragment: Transfer to Endpoint{id=w2Lc, name=Nexus 5 [1825]} complete
07-06 01:48:38.355 24752 24752 D NearbyFragment: onPayloadReceived(endpointId=jKhx, payload=com.google.android.gms.nearby.connection.Payload@3fb7139)
07-06 01:48:38.356 24752 24752 V NearbyFragment: Started downloading 20200312_194229!001.mp4 from Endpoint{id=jKhx, name=Nexus 5X [9c8f]}
07-06 01:48:38.357 24752 24752 I NearbyFragment: Transfer queue is empty
07-06 01:48:38.369 24752 24752 D NearbyFragment: onPayloadReceived(endpointId=Qd2N, payload=com.google.android.gms.nearby.connection.Payload@9a4c37e)
07-06 01:48:38.370 24752 24752 D NearbyFragment: 20200312_194229!003.mp4 from Endpoint{id=Qd2N, name=Nexus 5X [34d8]} contained no activity
07-06 01:48:38.370 24752 24752 V NearbyFragment: Received a segment of 20200312_194229
07-06 01:48:38.371 24752 24752 I NearbyFragment: Transfer queue is empty
07-06 01:48:38.381 24752 24752 V NearbyFragment: Transfer to Endpoint{id=jKhx, name=Nexus 5X [9c8f]} complete
07-06 01:48:38.581 24752 24752 V NearbyFragment: Transfer to Endpoint{id=Qd2N, name=Nexus 5X [34d8]} complete
07-06 01:48:38.593 24752 24752 D NearbyFragment: onPayloadReceived(endpointId=jKhx, payload=com.google.android.gms.nearby.connection.Payload@2bd0df)
07-06 01:48:38.682 24752 24752 V NearbyFragment: Transfer to Endpoint{id=Qd2N, name=Nexus 5X [34d8]} complete
07-06 01:48:38.959 24752 24752 D NearbyFragment: onPayloadReceived(endpointId=Qd2N, payload=com.google.android.gms.nearby.connection.Payload@7c6112c)
07-06 01:48:38.959 24752 24752 D NearbyFragment: Endpoint{id=Qd2N, name=Nexus 5X [34d8]} has finished downloading 20200312_194330!002.mp4
07-06 01:48:38.960 24752 24752 I NearbyFragment: Transfer queue is empty
07-06 01:48:39.076 24752 24752 V NearbyFragment: Transfer to Endpoint{id=Qd2N, name=Nexus 5X [34d8]} complete
07-06 01:48:42.063 24752 24752 V NearbyFragment: Transfer to Endpoint{id=w2Lc, name=Nexus 5 [1825]} complete
07-06 01:48:42.401 24752 24752 V NearbyFragment: Transfer to Endpoint{id=jKhx, name=Nexus 5X [9c8f]} complete
07-06 01:48:42.402 24752 24752 W NearbyFragment: Completed downloading 20200312_194229!001.mp4 from Endpoint{id=jKhx, name=Nexus 5X [9c8f]} in 04.045s
07-06 01:48:42.410 24752 24752 V FileManager: External storage is readable
07-06 01:48:42.411 24752 24752 V FileManager: Directory already exists: /storage/emulated/0/Movies/segment-sum/20200312_194229
07-06 01:48:42.480 24752 24752 D NearbyFragment: Received all summarised video segments of 20200312_194229
07-06 01:48:42.486 24752 24752 V FileManager: External storage is readable
07-06 01:48:42.486 24752 24752 V FileManager: Directory already exists: /storage/emulated/0/Movies/segment-sum/20200312_194229
07-06 01:48:42.487 24752 24752 D FfmpegTools: Merging /storage/emulated/0/Movies/summarised/20200312_194229.mp4
07-06 01:48:42.492 24752 24752 V FileManager: External storage is readable
07-06 01:48:42.493 24752 24752 V FileManager: Directory already exists: /storage/emulated/0/Movies/segment/20200312_194229
07-06 01:48:42.495 24752 24752 I FfmpegTools: Running ffmpeg with:
07-06 01:48:42.495 24752 24752 I FfmpegTools:   -y -f concat -safe 0 -i /storage/emulated/0/Movies/segment/20200312_194229/paths.txt -c copy /storage/emulated/0/Movies/summarised/20200312_194229.mp4
07-06 01:48:42.526 24752 25064 I mobile-ffmpeg: [mov,mp4,m4a,3gp,3g2,mj2 @ 0x78d5ef0200] Auto-inserting h264_mp4toannexb bitstream filter
07-06 01:48:42.550 24752 25064 I mobile-ffmpeg: Input #0, concat, from '/storage/emulated/0/Movies/segment/20200312_194229/paths.txt':
07-06 01:48:42.550 24752 25064 I mobile-ffmpeg:   Duration: 
07-06 01:48:42.550 24752 25064 I mobile-ffmpeg: N/A
07-06 01:48:42.550 24752 25064 I mobile-ffmpeg: , start: 
07-06 01:48:42.550 24752 25064 I mobile-ffmpeg: -0.064000
07-06 01:48:42.551 24752 25064 I mobile-ffmpeg: , bitrate: 
07-06 01:48:42.551 24752 25064 I mobile-ffmpeg: 1209 kb/s
07-06 01:48:42.551 24752 25064 I mobile-ffmpeg: 
07-06 01:48:42.551 24752 25064 I mobile-ffmpeg:     Stream #0:0
07-06 01:48:42.551 24752 25064 I mobile-ffmpeg: (und)
07-06 01:48:42.551 24752 25064 I mobile-ffmpeg: : Video: h264 (avc1 / 0x31637661), yuvj420p(pc), 1280x720, 1123 kb/s
07-06 01:48:42.551 24752 25064 I mobile-ffmpeg: , 
07-06 01:48:42.551 24752 25064 I mobile-ffmpeg: 29.97 fps, 
07-06 01:48:42.551 24752 25064 I mobile-ffmpeg: 29.97 tbr, 
07-06 01:48:42.552 24752 25064 I mobile-ffmpeg: 30k tbn, 
07-06 01:48:42.552 24752 25064 I mobile-ffmpeg: 59.94 tbc
07-06 01:48:42.552 24752 25064 I mobile-ffmpeg: 
07-06 01:48:42.552 24752 25064 I mobile-ffmpeg:     Metadata:
07-06 01:48:42.552 24752 25064 I mobile-ffmpeg:       handler_name    : 
07-06 01:48:42.552 24752 25064 I mobile-ffmpeg: VideoHandler
07-06 01:48:42.552 24752 25064 I mobile-ffmpeg: 
07-06 01:48:42.552 24752 25064 I mobile-ffmpeg:     Stream #0:1
07-06 01:48:42.552 24752 25064 I mobile-ffmpeg: (und)
07-06 01:48:42.552 24752 25064 I mobile-ffmpeg: : Audio: aac (mp4a / 0x6134706D), 16000 Hz, stereo, fltp, 86 kb/s
07-06 01:48:42.552 24752 25064 I mobile-ffmpeg: 
07-06 01:48:42.552 24752 25064 I mobile-ffmpeg:     Metadata:
07-06 01:48:42.552 24752 25064 I mobile-ffmpeg:       handler_name    : 
07-06 01:48:42.552 24752 25064 I mobile-ffmpeg: SoundHandler
07-06 01:48:42.552 24752 25064 I mobile-ffmpeg: 
07-06 01:48:42.552 24752 25064 I mobile-ffmpeg: Output #0, mp4, to '/storage/emulated/0/Movies/summarised/20200312_194229.mp4':
07-06 01:48:42.553 24752 25064 I mobile-ffmpeg:   Metadata:
07-06 01:48:42.553 24752 25064 I mobile-ffmpeg:     encoder         : 
07-06 01:48:42.553 24752 25064 I mobile-ffmpeg: Lavf58.42.100
07-06 01:48:42.553 24752 25064 I mobile-ffmpeg: 
07-06 01:48:42.553 24752 25064 I mobile-ffmpeg:     Stream #0:0
07-06 01:48:42.553 24752 25064 I mobile-ffmpeg: (und)
07-06 01:48:42.553 24752 25064 I mobile-ffmpeg: : Video: h264 (avc1 / 0x31637661), yuvj420p(pc), 1280x720, q=2-31, 1123 kb/s
07-06 01:48:42.553 24752 25064 I mobile-ffmpeg: , 
07-06 01:48:42.554 24752 25064 I mobile-ffmpeg: 29.97 fps, 
07-06 01:48:42.554 24752 25064 I mobile-ffmpeg: 29.97 tbr, 
07-06 01:48:42.554 24752 25064 I mobile-ffmpeg: 30k tbn, 
07-06 01:48:42.554 24752 25064 I mobile-ffmpeg: 30k tbc
07-06 01:48:42.554 24752 25064 I mobile-ffmpeg: 
07-06 01:48:42.554 24752 25064 I mobile-ffmpeg:     Metadata:
07-06 01:48:42.554 24752 25064 I mobile-ffmpeg:       handler_name    : 
07-06 01:48:42.554 24752 25064 I mobile-ffmpeg: VideoHandler
07-06 01:48:42.554 24752 25064 I mobile-ffmpeg: 
07-06 01:48:42.554 24752 25064 I mobile-ffmpeg:     Stream #0:1
07-06 01:48:42.555 24752 25064 I mobile-ffmpeg: (und)
07-06 01:48:42.555 24752 25064 I mobile-ffmpeg: : Audio: aac (mp4a / 0x6134706D), 16000 Hz, stereo, fltp, 86 kb/s
07-06 01:48:42.555 24752 25064 I mobile-ffmpeg: 
07-06 01:48:42.555 24752 25064 I mobile-ffmpeg:     Metadata:
07-06 01:48:42.555 24752 25064 I mobile-ffmpeg:       handler_name    : 
07-06 01:48:42.555 24752 25064 I mobile-ffmpeg: SoundHandler
07-06 01:48:42.555 24752 25064 I mobile-ffmpeg: 
07-06 01:48:42.555 24752 25064 I mobile-ffmpeg: Stream mapping:
07-06 01:48:42.555 24752 25064 I mobile-ffmpeg:   Stream #0:0 -> #0:0
07-06 01:48:42.555 24752 25064 I mobile-ffmpeg:  (copy)
07-06 01:48:42.555 24752 25064 I mobile-ffmpeg: 
07-06 01:48:42.555 24752 25064 I mobile-ffmpeg:   Stream #0:1 -> #0:1
07-06 01:48:42.555 24752 25064 I mobile-ffmpeg:  (copy)
07-06 01:48:42.555 24752 25064 I mobile-ffmpeg: 
07-06 01:48:42.555 24752 25064 I mobile-ffmpeg: Press [q] to stop, [?] for help
07-06 01:48:42.556 24752 25064 I mobile-ffmpeg: frame=    1 fps=0.0 q=-1.0 size=       0kB time=00:00:00.00 bitrate=N/A speed=   0x    
07-06 01:48:42.589 24752 25064 I mobile-ffmpeg: [mov,mp4,m4a,3gp,3g2,mj2 @ 0x78d5ef0200] Auto-inserting h264_mp4toannexb bitstream filter
07-06 01:48:42.609 24752 25064 I mobile-ffmpeg: frame=  425 fps=0.0 q=-1.0 Lsize=    2028kB time=00:00:14.32 bitrate=1160.1kbits/s speed= 250x    
07-06 01:48:42.609 24752 25064 I mobile-ffmpeg: video:1871kB audio:149kB subtitle:0kB other streams:0kB global headers:0kB muxing overhead: 
07-06 01:48:42.609 24752 24752 V FfmpegTools: Retrieving duration of /storage/emulated/0/Movies/summarised/20200312_194229.mp4
07-06 01:48:42.610 24752 25064 I mobile-ffmpeg: 0.376634%
07-06 01:48:42.610 24752 25064 I mobile-ffmpeg: 
07-06 01:48:42.633 24752 25064 I mobile-ffmpeg: Input #0, mov,mp4,m4a,3gp,3g2,mj2, from '/storage/emulated/0/Movies/summarised/20200312_194229.mp4':
07-06 01:48:42.633 24752 25064 I mobile-ffmpeg:   Metadata:
07-06 01:48:42.633 24752 25064 I mobile-ffmpeg:     major_brand     : 
07-06 01:48:42.633 24752 25064 I mobile-ffmpeg: isom
07-06 01:48:42.633 24752 25064 I mobile-ffmpeg: 
07-06 01:48:42.633 24752 25064 I mobile-ffmpeg:     minor_version   : 
07-06 01:48:42.633 24752 25064 I mobile-ffmpeg: 512
07-06 01:48:42.633 24752 25064 I mobile-ffmpeg: 
07-06 01:48:42.633 24752 25064 I mobile-ffmpeg:     compatible_brands: 
07-06 01:48:42.633 24752 25064 I mobile-ffmpeg: isomiso2avc1mp41
07-06 01:48:42.633 24752 25064 I mobile-ffmpeg: 
07-06 01:48:42.633 24752 25064 I mobile-ffmpeg:     encoder         : 
07-06 01:48:42.633 24752 25064 I mobile-ffmpeg: Lavf58.42.100
07-06 01:48:42.634 24752 25064 I mobile-ffmpeg: 
07-06 01:48:42.634 24752 25064 I mobile-ffmpeg:   Duration: 
07-06 01:48:42.634 24752 25064 I mobile-ffmpeg: 00:00:14.35
07-06 01:48:42.634 24752 25064 I mobile-ffmpeg: , start: 
07-06 01:48:42.634 24752 25064 I mobile-ffmpeg: 0.000000
07-06 01:48:42.634 24752 25064 I mobile-ffmpeg: , bitrate: 
07-06 01:48:42.634 24752 25064 I mobile-ffmpeg: 1157 kb/s
07-06 01:48:42.634 24752 25064 I mobile-ffmpeg: 
07-06 01:48:42.634 24752 25064 I mobile-ffmpeg:     Stream #0:0
07-06 01:48:42.634 24752 25064 I mobile-ffmpeg: (und)
07-06 01:48:42.634 24752 25064 I mobile-ffmpeg: : Video: h264 (avc1 / 0x31637661), yuvj420p(pc), 1280x720, 1072 kb/s
07-06 01:48:42.634 24752 25064 I mobile-ffmpeg: , 
07-06 01:48:42.634 24752 25064 I mobile-ffmpeg: 29.74 fps, 
07-06 01:48:42.634 24752 25064 I mobile-ffmpeg: 29.97 tbr, 
07-06 01:48:42.634 24752 25064 I mobile-ffmpeg: 30k tbn, 
07-06 01:48:42.634 24752 25064 I mobile-ffmpeg: 59.94 tbc
07-06 01:48:42.634 24752 25064 I mobile-ffmpeg:  (default)
07-06 01:48:42.634 24752 25064 I mobile-ffmpeg: 
07-06 01:48:42.634 24752 25064 I mobile-ffmpeg:     Metadata:
07-06 01:48:42.634 24752 25064 I mobile-ffmpeg:       handler_name    : 
07-06 01:48:42.634 24752 25064 I mobile-ffmpeg: VideoHandler
07-06 01:48:42.634 24752 25064 I mobile-ffmpeg: 
07-06 01:48:42.635 24752 25064 I mobile-ffmpeg:     Stream #0:1
07-06 01:48:42.635 24752 25064 I mobile-ffmpeg: (und)
07-06 01:48:42.635 24752 25064 I mobile-ffmpeg: : Audio: aac (mp4a / 0x6134706D), 16000 Hz, stereo, fltp, 85 kb/s
07-06 01:48:42.635 24752 25064 I mobile-ffmpeg:  (default)
07-06 01:48:42.635 24752 25064 I mobile-ffmpeg: 
07-06 01:48:42.635 24752 25064 I mobile-ffmpeg:     Metadata:
07-06 01:48:42.635 24752 25064 I mobile-ffmpeg:       handler_name    : 
07-06 01:48:42.635 24752 25064 I mobile-ffmpeg: SoundHandler
07-06 01:48:42.635 24752 25064 I mobile-ffmpeg: 
07-06 01:48:42.640 24752 24752 W FfmpegTools: Merged duration of 20200312_194229: 14.35
07-06 01:48:42.707 24752 24752 V VideoManager: Retrieving video from /storage/emulated/0/Movies/summarised/20200312_194229.mp4
07-06 01:48:42.737 24752 24752 V VideoManager: videoFromCursor
07-06 01:48:42.740 24752 24752 V SummarisedVideosEventHandler: onAdd
07-06 01:48:42.740 24752 24752 V RawFootageEventHandler: removeByName
07-06 01:48:42.741 24752 24752 V ProcessingVideosEventHandler: removeByName
07-06 01:48:42.741 24752 24752 V NearbyFragment: Removing video segment map for 20200312_194229
07-06 01:48:43.142 24752 24752 D NearbyFragment: onPayloadReceived(endpointId=w2Lc, payload=com.google.android.gms.nearby.connection.Payload@9d279eb)
07-06 01:48:43.142 24752 24752 D NearbyFragment: Endpoint{id=w2Lc, name=Nexus 5 [1825]} has finished downloading 20200312_194330!003.mp4
07-06 01:48:43.143 24752 24752 I NearbyFragment: Transfer queue is empty
07-06 01:48:43.143 24752 24752 V NearbyFragment: Transfer to Endpoint{id=w2Lc, name=Nexus 5 [1825]} complete
07-06 01:48:44.179 24752 24752 D NearbyFragment: onPayloadReceived(endpointId=jKhx, payload=com.google.android.gms.nearby.connection.Payload@21bef06)
