--------- beginning of main
--------- beginning of system
07-06 02:47:30.389 14200 14200 W LogFactory: Truncating log tag length as it exceed 23, the limit imposed by Android on certain API Levels
07-06 02:47:33.044 14200 14200 E TransferService: No notification is passed in the intent. Unable to transition to foreground.
07-06 02:47:33.167 14200 14200 W StaticLayout: maxLineHeight should not be -1.  maxLines:1 lineCount:1
07-06 02:47:33.183 14200 14200 W StaticLayout: maxLineHeight should not be -1.  maxLines:1 lineCount:1
07-06 02:47:33.208 14200 14200 W StaticLayout: maxLineHeight should not be -1.  maxLines:1 lineCount:1
07-06 02:47:33.260 14200 14224 W Adreno-EGL: <qeglDrvAPI_eglGetConfigAttrib:607>: EGL_BAD_ATTRIBUTE
07-06 02:47:33.264 14200 14224 W Adreno-EGL: <qeglDrvAPI_eglGetConfigAttrib:607>: EGL_BAD_ATTRIBUTE
07-06 02:47:33.267 14200 14200 W StaticLayout: maxLineHeight should not be -1.  maxLines:1 lineCount:1
07-06 02:47:33.285 14200 14200 W StaticLayout: maxLineHeight should not be -1.  maxLines:1 lineCount:1
07-06 02:47:40.376 14200 14200 W NearbyFragment: Preferences:
07-06 02:47:40.376 14200 14200 W NearbyFragment:   Auto download: true
07-06 02:47:40.376 14200 14200 W NearbyFragment:   Algorithm: best
07-06 02:47:40.376 14200 14200 W NearbyFragment:   Fast scheduling: false
07-06 02:47:40.376 14200 14200 W NearbyFragment:   Segmentation: false
07-06 02:47:40.376 14200 14200 W NearbyFragment:   Auto segmentation: false
07-06 02:47:40.376 14200 14200 W NearbyFragment:   Segment number: 2
07-06 02:47:40.376 14200 14200 W NearbyFragment:   Noise tolerance: 45.00
07-06 02:47:40.376 14200 14200 W NearbyFragment:   Quality: 23
07-06 02:47:40.376 14200 14200 W NearbyFragment:   Speed: medium
07-06 02:47:40.376 14200 14200 W NearbyFragment:   Freeze duration: 1.00
07-06 02:47:40.376 14200 14200 W NearbyFragment: Download delay: 1s
07-06 02:47:40.376 14200 14200 W NearbyFragment: Started downloading from dashcam
07-06 02:47:41.848 14200 14200 W StaticLayout: maxLineHeight should not be -1.  maxLines:1 lineCount:1
07-06 02:47:41.861 14200 14200 W StaticLayout: maxLineHeight should not be -1.  maxLines:1 lineCount:1
07-06 02:47:55.160 14200 14278 W DashDownloadManager: Successfully downloaded 20200312_150643.mp4 in 14.733s
07-06 02:47:55.280 14200 14286 W mobile-ffmpeg: [mov,mp4,m4a,3gp,3g2,mj2 @ 0x9363cc00] Found duplicated MOOV Atom. Skipped it
07-06 02:47:55.427 14200 14286 W mobile-ffmpeg: [graph 0 input from stream 0:0 @ 0x93549820] sws_param option is deprecated and ignored
07-06 02:48:09.717 14200 14278 W DashDownloadManager: Successfully downloaded 20200312_150744.mp4 in 13.510s
07-06 02:48:23.230 14200 14285 W Summariser: No activity detected
07-06 02:48:23.239 14200 14286 W mobile-ffmpeg: [mov,mp4,m4a,3gp,3g2,mj2 @ 0x93642a00] Found duplicated MOOV Atom. Skipped it
07-06 02:48:23.346 14200 14285 W Summariser: Summarisation completed
07-06 02:48:23.346 14200 14285 W Summariser:   filename: 20200312_150643.mp4
07-06 02:48:23.346 14200 14285 W Summariser:   active sections: 0
07-06 02:48:23.346 14200 14285 W Summariser:   time: 28.047s
07-06 02:48:23.346 14200 14285 W Summariser:   original duration: 60.02
07-06 02:48:23.346 14200 14285 W Summariser:   summarised duration: -1.00
07-06 02:48:23.346 14200 14285 W Summariser:   noise tolerance: 45.00
07-06 02:48:23.346 14200 14285 W Summariser:   quality: 23
07-06 02:48:23.346 14200 14285 W Summariser:   speed: medium
07-06 02:48:23.346 14200 14285 W Summariser:   freeze duration: 1.00
07-06 02:48:23.370 14200 14286 W mobile-ffmpeg: [mov,mp4,m4a,3gp,3g2,mj2 @ 0x8dc72000] Found duplicated MOOV Atom. Skipped it
07-06 02:48:23.490 14200 14286 W mobile-ffmpeg: [graph 0 input from stream 0:0 @ 0x8dceab00] sws_param option is deprecated and ignored
07-06 02:48:24.393 14200 14278 W DashDownloadManager: Successfully downloaded 20200312_150844.mp4 in 13.636s
07-06 02:48:38.818 14200 14278 W DashDownloadManager: Successfully downloaded 20200312_150944.mp4 in 13.381s
07-06 02:48:51.280 14200 14286 W mobile-ffmpeg: [mov,mp4,m4a,3gp,3g2,mj2 @ 0x8dc73800] Found duplicated MOOV Atom. Skipped it
07-06 02:48:51.364 14200 14285 W Summariser: 1 active sections found
07-06 02:48:51.381 14200 14286 W mobile-ffmpeg: [mov,mp4,m4a,3gp,3g2,mj2 @ 0x8caf5600] Found duplicated MOOV Atom. Skipped it
07-06 02:48:51.509 14200 14286 W mobile-ffmpeg: [graph 0 input from stream 0:0 @ 0x8dc75e40] sws_param option is deprecated and ignored
07-06 02:48:53.830 14200 14278 W DashDownloadManager: Successfully downloaded 20200312_151044.mp4 in 13.953s
07-06 02:49:09.055 14200 14278 W DashDownloadManager: Successfully downloaded 20200312_193528.mp4 in 14.180s
07-06 02:49:24.295 14200 14278 W DashDownloadManager: Successfully downloaded 20200312_193628.mp4 in 14.174s
07-06 02:49:38.896 14200 14278 W DashDownloadManager: Successfully downloaded 20200312_193728.mp4 in 13.538s
07-06 02:49:39.016 14200 14286 W mobile-ffmpeg: [mov,mp4,m4a,3gp,3g2,mj2 @ 0x8caf5600] Found duplicated MOOV Atom. Skipped it
07-06 02:49:39.244 14200 14285 W Summariser: Summarisation completed
07-06 02:49:39.244 14200 14285 W Summariser:   filename: 20200312_150744.mp4
07-06 02:49:39.244 14200 14285 W Summariser:   active sections: 1
07-06 02:49:39.244 14200 14285 W Summariser:   time: 75.643s
07-06 02:49:39.244 14200 14285 W Summariser:   original duration: 60.02
07-06 02:49:39.244 14200 14285 W Summariser:   summarised duration: 4.83
07-06 02:49:39.244 14200 14285 W Summariser:   noise tolerance: 45.00
07-06 02:49:39.244 14200 14285 W Summariser:   quality: 23
07-06 02:49:39.244 14200 14285 W Summariser:   speed: medium
07-06 02:49:39.244 14200 14285 W Summariser:   freeze duration: 1.00
07-06 02:49:39.325 14200 14286 W mobile-ffmpeg: [mov,mp4,m4a,3gp,3g2,mj2 @ 0x8ca67600] Found duplicated MOOV Atom. Skipped it
07-06 02:49:39.587 14200 14286 W mobile-ffmpeg: [graph 0 input from stream 0:0 @ 0x8dc76260] sws_param option is deprecated and ignored
07-06 02:49:53.660 14200 14278 W DashDownloadManager: Successfully downloaded 20200312_193828.mp4 in 13.692s
07-06 02:50:08.397 14200 14278 W DashDownloadManager: Successfully downloaded 20200312_193928.mp4 in 13.692s
07-06 02:50:16.126 14200 14285 W Summariser: Whole video is active
07-06 02:50:23.169 14200 14278 W DashDownloadManager: Successfully downloaded 20200312_194129.mp4 in 13.608s
07-06 02:50:23.505 14200 14286 W mobile-ffmpeg: [mov,mp4,m4a,3gp,3g2,mj2 @ 0x93514000] Found duplicated MOOV Atom. Skipped it
07-06 02:50:23.616 14200 14286 W mobile-ffmpeg: [mov,mp4,m4a,3gp,3g2,mj2 @ 0x8db7d200] Found duplicated MOOV Atom. Skipped it
07-06 02:50:23.715 14200 14285 W Summariser: Summarisation completed
07-06 02:50:23.715 14200 14285 W Summariser:   filename: 20200312_150844.mp4
07-06 02:50:23.715 14200 14285 W Summariser:   active sections: -1
07-06 02:50:23.715 14200 14285 W Summariser:   time: 44.198s
07-06 02:50:23.715 14200 14285 W Summariser:   original duration: 60.02
07-06 02:50:23.715 14200 14285 W Summariser:   summarised duration: 60.02
07-06 02:50:23.715 14200 14285 W Summariser:   noise tolerance: 45.00
07-06 02:50:23.715 14200 14285 W Summariser:   quality: 23
07-06 02:50:23.715 14200 14285 W Summariser:   speed: medium
07-06 02:50:23.715 14200 14285 W Summariser:   freeze duration: 1.00
07-06 02:50:23.784 14200 14286 W mobile-ffmpeg: [mov,mp4,m4a,3gp,3g2,mj2 @ 0x8dbf1400] Found duplicated MOOV Atom. Skipped it
07-06 02:50:24.013 14200 14286 W mobile-ffmpeg: [graph 0 input from stream 0:0 @ 0x8dc76a40] sws_param option is deprecated and ignored
07-06 02:50:39.117 14200 14278 W DashDownloadManager: Successfully downloaded 20200312_194229.mp4 in 14.646s
07-06 02:50:55.097 14200 14278 W DashDownloadManager: Successfully downloaded 20200312_194330.mp4 in 14.924s
07-06 02:51:00.406 14200 14285 W Summariser: 1 active sections found
07-06 02:51:00.430 14200 14286 W mobile-ffmpeg: [mov,mp4,m4a,3gp,3g2,mj2 @ 0x8cee2c00] Found duplicated MOOV Atom. Skipped it
07-06 02:51:00.648 14200 14286 W mobile-ffmpeg: [graph 0 input from stream 0:0 @ 0x935493a0] sws_param option is deprecated and ignored
07-06 02:51:10.921 14200 14278 W DashDownloadManager: Successfully downloaded 20200312_194730.mp4 in 14.733s
07-06 02:51:26.138 14200 14278 W DashDownloadManager: Successfully downloaded 20200312_194830.mp4 in 14.040s
07-06 02:51:40.076 14200 14286 W mobile-ffmpeg: [mov,mp4,m4a,3gp,3g2,mj2 @ 0x8cee2c00] Found duplicated MOOV Atom. Skipped it
07-06 02:51:40.302 14200 14285 W Summariser: Summarisation completed
07-06 02:51:40.302 14200 14285 W Summariser:   filename: 20200312_150944.mp4
07-06 02:51:40.302 14200 14285 W Summariser:   active sections: 1
07-06 02:51:40.302 14200 14285 W Summariser:   time: 76.297s
07-06 02:51:40.302 14200 14285 W Summariser:   original duration: 60.02
07-06 02:51:40.302 14200 14285 W Summariser:   summarised duration: 7.07
07-06 02:51:40.302 14200 14285 W Summariser:   noise tolerance: 45.00
07-06 02:51:40.302 14200 14285 W Summariser:   quality: 23
07-06 02:51:40.302 14200 14285 W Summariser:   speed: medium
07-06 02:51:40.302 14200 14285 W Summariser:   freeze duration: 1.00
07-06 02:51:40.390 14200 14286 W mobile-ffmpeg: [mov,mp4,m4a,3gp,3g2,mj2 @ 0x8ca4ce00] Found duplicated MOOV Atom. Skipped it
07-06 02:51:40.645 14200 14286 W mobile-ffmpeg: [graph 0 input from stream 0:0 @ 0x93549a00] sws_param option is deprecated and ignored
07-06 02:51:41.123 14200 14278 W DashDownloadManager: Successfully downloaded 20200312_194930.mp4 in 13.895s
07-06 02:51:55.957 14200 14278 W DashDownloadManager: Successfully downloaded 20200312_195230.mp4 in 13.782s
07-06 02:52:11.370 14200 14278 W DashDownloadManager: Successfully downloaded 20200312_195330.mp4 in 14.358s
07-06 02:52:15.296 14200 14285 W Summariser: No activity detected
07-06 02:52:15.308 14200 14286 W mobile-ffmpeg: [mov,mp4,m4a,3gp,3g2,mj2 @ 0x8ca7de00] Found duplicated MOOV Atom. Skipped it
07-06 02:52:15.393 14200 14285 W Summariser: Summarisation completed
07-06 02:52:15.393 14200 14285 W Summariser:   filename: 20200312_151044.mp4
07-06 02:52:15.393 14200 14285 W Summariser:   active sections: 0
07-06 02:52:15.393 14200 14285 W Summariser:   time: 34.939s
07-06 02:52:15.393 14200 14285 W Summariser:   original duration: 60.02
07-06 02:52:15.393 14200 14285 W Summariser:   summarised duration: -1.00
07-06 02:52:15.393 14200 14285 W Summariser:   noise tolerance: 45.00
07-06 02:52:15.393 14200 14285 W Summariser:   quality: 23
07-06 02:52:15.393 14200 14285 W Summariser:   speed: medium
07-06 02:52:15.393 14200 14285 W Summariser:   freeze duration: 1.00
07-06 02:52:15.422 14200 14286 W mobile-ffmpeg: [mov,mp4,m4a,3gp,3g2,mj2 @ 0x8db7cc00] Found duplicated MOOV Atom. Skipped it
07-06 02:52:15.559 14200 14286 W mobile-ffmpeg: [graph 0 input from stream 0:0 @ 0x8de62a60] sws_param option is deprecated and ignored
07-06 02:52:25.957 14200 14278 W DashDownloadManager: Successfully downloaded 20200312_195430.mp4 in 13.525s
07-06 02:52:26.973 14200 14278 W NearbyFragment: Stopped downloading from dashcam
07-06 02:52:46.374 14200 14285 W Summariser: No activity detected
07-06 02:52:46.388 14200 14286 W mobile-ffmpeg: [mov,mp4,m4a,3gp,3g2,mj2 @ 0x9396c800] Found duplicated MOOV Atom. Skipped it
07-06 02:52:46.490 14200 14285 W Summariser: Summarisation completed
07-06 02:52:46.490 14200 14285 W Summariser:   filename: 20200312_193528.mp4
07-06 02:52:46.490 14200 14285 W Summariser:   active sections: 0
07-06 02:52:46.490 14200 14285 W Summariser:   time: 30.974s
07-06 02:52:46.490 14200 14285 W Summariser:   original duration: 60.05
07-06 02:52:46.490 14200 14285 W Summariser:   summarised duration: -1.00
07-06 02:52:46.490 14200 14285 W Summariser:   noise tolerance: 45.00
07-06 02:52:46.490 14200 14285 W Summariser:   quality: 23
07-06 02:52:46.490 14200 14285 W Summariser:   speed: medium
07-06 02:52:46.490 14200 14285 W Summariser:   freeze duration: 1.00
07-06 02:52:46.553 14200 14286 W mobile-ffmpeg: [mov,mp4,m4a,3gp,3g2,mj2 @ 0x8d9e1e00] Found duplicated MOOV Atom. Skipped it
07-06 02:52:46.791 14200 14286 W mobile-ffmpeg: [graph 0 input from stream 0:0 @ 0x8dceada0] sws_param option is deprecated and ignored
07-06 02:53:20.801 14200 14286 W mobile-ffmpeg: [mov,mp4,m4a,3gp,3g2,mj2 @ 0xa2736c00] Found duplicated MOOV Atom. Skipped it
07-06 02:53:20.898 14200 14285 W Summariser: 1 active sections found
07-06 02:53:20.915 14200 14286 W mobile-ffmpeg: [mov,mp4,m4a,3gp,3g2,mj2 @ 0x8cef9600] Found duplicated MOOV Atom. Skipped it
07-06 02:53:21.065 14200 14286 W mobile-ffmpeg: [graph 0 input from stream 0:0 @ 0x8cf7b780] sws_param option is deprecated and ignored
07-06 02:54:03.893 14200 14286 W mobile-ffmpeg: [mov,mp4,m4a,3gp,3g2,mj2 @ 0x8cef9600] Found duplicated MOOV Atom. Skipped it
07-06 02:54:04.111 14200 14285 W Summariser: Summarisation completed
07-06 02:54:04.111 14200 14285 W Summariser:   filename: 20200312_193628.mp4
07-06 02:54:04.111 14200 14285 W Summariser:   active sections: 1
07-06 02:54:04.111 14200 14285 W Summariser:   time: 77.361s
07-06 02:54:04.111 14200 14285 W Summariser:   original duration: 60.02
07-06 02:54:04.111 14200 14285 W Summariser:   summarised duration: 6.07
07-06 02:54:04.111 14200 14285 W Summariser:   noise tolerance: 45.00
07-06 02:54:04.111 14200 14285 W Summariser:   quality: 23
07-06 02:54:04.111 14200 14285 W Summariser:   speed: medium
07-06 02:54:04.111 14200 14285 W Summariser:   freeze duration: 1.00
07-06 02:54:04.273 14200 14286 W mobile-ffmpeg: [mov,mp4,m4a,3gp,3g2,mj2 @ 0x8c97ca00] Found duplicated MOOV Atom. Skipped it
07-06 02:54:04.591 14200 14286 W mobile-ffmpeg: [graph 0 input from stream 0:0 @ 0x8cf7bc60] sws_param option is deprecated and ignored
07-06 02:54:39.298 14200 14285 W Summariser: Whole video is active
07-06 02:54:45.073 14200 14286 W mobile-ffmpeg: [mov,mp4,m4a,3gp,3g2,mj2 @ 0x8c97ca00] Found duplicated MOOV Atom. Skipped it
07-06 02:54:45.185 14200 14286 W mobile-ffmpeg: [mov,mp4,m4a,3gp,3g2,mj2 @ 0xa3998a00] Found duplicated MOOV Atom. Skipped it
07-06 02:54:45.284 14200 14285 W Summariser: Summarisation completed
07-06 02:54:45.284 14200 14285 W Summariser:   filename: 20200312_193728.mp4
07-06 02:54:45.284 14200 14285 W Summariser:   active sections: -1
07-06 02:54:45.284 14200 14285 W Summariser:   time: 40.833s
07-06 02:54:45.284 14200 14285 W Summariser:   original duration: 60.02
07-06 02:54:45.284 14200 14285 W Summariser:   summarised duration: 60.02
07-06 02:54:45.284 14200 14285 W Summariser:   noise tolerance: 45.00
07-06 02:54:45.284 14200 14285 W Summariser:   quality: 23
07-06 02:54:45.284 14200 14285 W Summariser:   speed: medium
07-06 02:54:45.284 14200 14285 W Summariser:   freeze duration: 1.00
07-06 02:54:45.398 14200 14286 W mobile-ffmpeg: [mov,mp4,m4a,3gp,3g2,mj2 @ 0x8ca61200] Found duplicated MOOV Atom. Skipped it
07-06 02:54:45.628 14200 14286 W mobile-ffmpeg: [graph 0 input from stream 0:0 @ 0x8cf7c380] sws_param option is deprecated and ignored
07-06 02:55:13.994 14200 14285 W Summariser: 1 active sections found
07-06 02:55:14.012 14200 14286 W mobile-ffmpeg: [mov,mp4,m4a,3gp,3g2,mj2 @ 0x8c2cb400] Found duplicated MOOV Atom. Skipped it
07-06 02:55:14.197 14200 14286 W mobile-ffmpeg: [graph 0 input from stream 0:0 @ 0x8dc5ec00] sws_param option is deprecated and ignored
07-06 02:56:09.146 14200 14286 W mobile-ffmpeg: [mov,mp4,m4a,3gp,3g2,mj2 @ 0x8c2cb400] Found duplicated MOOV Atom. Skipped it
07-06 02:56:09.385 14200 14285 W Summariser: Summarisation completed
07-06 02:56:09.385 14200 14285 W Summariser:   filename: 20200312_193828.mp4
07-06 02:56:09.385 14200 14285 W Summariser:   active sections: 1
07-06 02:56:09.385 14200 14285 W Summariser:   time: 83.760s
07-06 02:56:09.385 14200 14285 W Summariser:   original duration: 60.02
07-06 02:56:09.385 14200 14285 W Summariser:   summarised duration: 14.28
07-06 02:56:09.385 14200 14285 W Summariser:   noise tolerance: 45.00
07-06 02:56:09.385 14200 14285 W Summariser:   quality: 23
07-06 02:56:09.385 14200 14285 W Summariser:   speed: medium
07-06 02:56:09.385 14200 14285 W Summariser:   freeze duration: 1.00
07-06 02:56:09.510 14200 14286 W mobile-ffmpeg: [mov,mp4,m4a,3gp,3g2,mj2 @ 0x7a1bd800] Found duplicated MOOV Atom. Skipped it
07-06 02:56:09.697 14200 14286 W mobile-ffmpeg: [graph 0 input from stream 0:0 @ 0x8dc5f380] sws_param option is deprecated and ignored
07-06 02:56:44.554 14200 14285 W Summariser: No activity detected
07-06 02:56:44.563 14200 14286 W mobile-ffmpeg: [mov,mp4,m4a,3gp,3g2,mj2 @ 0x7a1bf000] Found duplicated MOOV Atom. Skipped it
07-06 02:56:44.634 14200 14285 W Summariser: Summarisation completed
07-06 02:56:44.634 14200 14285 W Summariser:   filename: 20200312_193928.mp4
07-06 02:56:44.634 14200 14285 W Summariser:   active sections: 0
07-06 02:56:44.634 14200 14285 W Summariser:   time: 35.083s
07-06 02:56:44.634 14200 14285 W Summariser:   original duration: 60.89
07-06 02:56:44.634 14200 14285 W Summariser:   summarised duration: -1.00
07-06 02:56:44.634 14200 14285 W Summariser:   noise tolerance: 45.00
07-06 02:56:44.634 14200 14285 W Summariser:   quality: 23
07-06 02:56:44.634 14200 14285 W Summariser:   speed: medium
07-06 02:56:44.634 14200 14285 W Summariser:   freeze duration: 1.00
07-06 02:56:44.670 14200 14286 W mobile-ffmpeg: [mov,mp4,m4a,3gp,3g2,mj2 @ 0x7a1ba800] Found duplicated MOOV Atom. Skipped it
07-06 02:56:44.792 14200 14286 W mobile-ffmpeg: [graph 0 input from stream 0:0 @ 0x9364da20] sws_param option is deprecated and ignored
07-06 02:57:12.762 14200 14285 W Summariser: 2 active sections found
07-06 02:57:12.787 14200 14286 W mobile-ffmpeg: [mov,mp4,m4a,3gp,3g2,mj2 @ 0x8c641a00] Found duplicated MOOV Atom. Skipped it
07-06 02:57:12.917 14200 14286 W mobile-ffmpeg: [graph 0 input from stream 0:0 @ 0x9364fb80] sws_param option is deprecated and ignored
07-06 02:57:12.917 14200 14286 W mobile-ffmpeg: [graph 0 input from stream 0:0 @ 0x9364fca0] sws_param option is deprecated and ignored
07-06 02:58:08.137 14200 14286 W mobile-ffmpeg: [mov,mp4,m4a,3gp,3g2,mj2 @ 0x8c641a00] Found duplicated MOOV Atom. Skipped it
07-06 02:58:08.325 14200 14285 W Summariser: Summarisation completed
07-06 02:58:08.325 14200 14285 W Summariser:   filename: 20200312_194129.mp4
07-06 02:58:08.325 14200 14285 W Summariser:   active sections: 2
07-06 02:58:08.325 14200 14285 W Summariser:   time: 83.484s
07-06 02:58:08.325 14200 14285 W Summariser:   original duration: 60.02
07-06 02:58:08.325 14200 14285 W Summariser:   summarised duration: 10.77
07-06 02:58:08.325 14200 14285 W Summariser:   noise tolerance: 45.00
07-06 02:58:08.325 14200 14285 W Summariser:   quality: 23
07-06 02:58:08.325 14200 14285 W Summariser:   speed: medium
07-06 02:58:08.325 14200 14285 W Summariser:   freeze duration: 1.00
07-06 02:58:08.463 14200 14286 W mobile-ffmpeg: [mov,mp4,m4a,3gp,3g2,mj2 @ 0x8dbdf200] Found duplicated MOOV Atom. Skipped it
07-06 02:58:08.730 14200 14286 W mobile-ffmpeg: [graph 0 input from stream 0:0 @ 0x93549340] sws_param option is deprecated and ignored
07-06 02:58:44.595 14200 14286 W mobile-ffmpeg: [mov,mp4,m4a,3gp,3g2,mj2 @ 0x93510800] Found duplicated MOOV Atom. Skipped it
07-06 02:58:44.728 14200 14285 W Summariser: 5 active sections found
07-06 02:58:44.744 14200 14286 W mobile-ffmpeg: [mov,mp4,m4a,3gp,3g2,mj2 @ 0x8dcdfa00] Found duplicated MOOV Atom. Skipped it
07-06 02:58:44.900 14200 14286 W mobile-ffmpeg: [graph 0 input from stream 0:0 @ 0x8de621c0] sws_param option is deprecated and ignored
07-06 02:58:44.901 14200 14286 W mobile-ffmpeg: [graph 0 input from stream 0:0 @ 0x8de622e0] sws_param option is deprecated and ignored
07-06 02:58:44.901 14200 14286 W mobile-ffmpeg: [graph 0 input from stream 0:0 @ 0x8de620a0] sws_param option is deprecated and ignored
07-06 02:58:44.901 14200 14286 W mobile-ffmpeg: [graph 0 input from stream 0:0 @ 0x8de624c0] sws_param option is deprecated and ignored
07-06 02:58:44.901 14200 14286 W mobile-ffmpeg: [graph 0 input from stream 0:0 @ 0x8de625e0] sws_param option is deprecated and ignored
07-06 02:59:57.720 14200 14286 W mobile-ffmpeg: [mov,mp4,m4a,3gp,3g2,mj2 @ 0x8dcdfa00] Found duplicated MOOV Atom. Skipped it
07-06 02:59:57.926 14200 14285 W Summariser: Summarisation completed
07-06 02:59:57.926 14200 14285 W Summariser:   filename: 20200312_194229.mp4
07-06 02:59:57.926 14200 14285 W Summariser:   active sections: 5
07-06 02:59:57.926 14200 14285 W Summariser:   time: 109.276s
07-06 02:59:57.926 14200 14285 W Summariser:   original duration: 60.02
07-06 02:59:57.926 14200 14285 W Summariser:   summarised duration: 15.51
07-06 02:59:57.926 14200 14285 W Summariser:   noise tolerance: 45.00
07-06 02:59:57.926 14200 14285 W Summariser:   quality: 23
07-06 02:59:57.926 14200 14285 W Summariser:   speed: medium
07-06 02:59:57.926 14200 14285 W Summariser:   freeze duration: 1.00
07-06 02:59:58.087 14200 14286 W mobile-ffmpeg: [mov,mp4,m4a,3gp,3g2,mj2 @ 0x8c5c4e00] Found duplicated MOOV Atom. Skipped it
07-06 02:59:58.314 14200 14286 W mobile-ffmpeg: [graph 0 input from stream 0:0 @ 0x8de622e0] sws_param option is deprecated and ignored
07-06 03:00:27.382 14200 14285 W Summariser: No activity detected
07-06 03:00:27.395 14200 14286 W mobile-ffmpeg: [mov,mp4,m4a,3gp,3g2,mj2 @ 0x8bfbb200] Found duplicated MOOV Atom. Skipped it
07-06 03:00:27.485 14200 14285 W Summariser: Summarisation completed
07-06 03:00:27.485 14200 14285 W Summariser:   filename: 20200312_194330.mp4
07-06 03:00:27.485 14200 14285 W Summariser:   active sections: 0
07-06 03:00:27.485 14200 14285 W Summariser:   time: 29.331s
07-06 03:00:27.485 14200 14285 W Summariser:   original duration: 60.02
07-06 03:00:27.485 14200 14285 W Summariser:   summarised duration: -1.00
07-06 03:00:27.485 14200 14285 W Summariser:   noise tolerance: 45.00
07-06 03:00:27.485 14200 14285 W Summariser:   quality: 23
07-06 03:00:27.485 14200 14285 W Summariser:   speed: medium
07-06 03:00:27.485 14200 14285 W Summariser:   freeze duration: 1.00
07-06 03:00:27.538 14200 14286 W mobile-ffmpeg: [mov,mp4,m4a,3gp,3g2,mj2 @ 0x8d9f0e00] Found duplicated MOOV Atom. Skipped it
07-06 03:00:27.703 14200 14286 W mobile-ffmpeg: [graph 0 input from stream 0:0 @ 0x8dceae00] sws_param option is deprecated and ignored
07-06 03:01:04.108 14200 14285 W Summariser: No activity detected
07-06 03:01:04.119 14200 14286 W mobile-ffmpeg: [mov,mp4,m4a,3gp,3g2,mj2 @ 0x8d9fd600] Found duplicated MOOV Atom. Skipped it
07-06 03:01:04.181 14200 14285 W Summariser: Summarisation completed
07-06 03:01:04.181 14200 14285 W Summariser:   filename: 20200312_194730.mp4
07-06 03:01:04.181 14200 14285 W Summariser:   active sections: 0
07-06 03:01:04.181 14200 14285 W Summariser:   time: 36.616s
07-06 03:01:04.181 14200 14285 W Summariser:   original duration: 60.02
07-06 03:01:04.181 14200 14285 W Summariser:   summarised duration: -1.00
07-06 03:01:04.181 14200 14285 W Summariser:   noise tolerance: 45.00
07-06 03:01:04.181 14200 14285 W Summariser:   quality: 23
07-06 03:01:04.181 14200 14285 W Summariser:   speed: medium
07-06 03:01:04.181 14200 14285 W Summariser:   freeze duration: 1.00
07-06 03:01:04.241 14200 14286 W mobile-ffmpeg: [mov,mp4,m4a,3gp,3g2,mj2 @ 0x8c1c0e00] Found duplicated MOOV Atom. Skipped it
07-06 03:01:04.410 14200 14286 W mobile-ffmpeg: [graph 0 input from stream 0:0 @ 0x8dc5f8c0] sws_param option is deprecated and ignored
07-06 03:01:33.011 14200 14285 W Summariser: 4 active sections found
07-06 03:01:33.027 14200 14286 W mobile-ffmpeg: [mov,mp4,m4a,3gp,3g2,mj2 @ 0x92429400] Found duplicated MOOV Atom. Skipped it
07-06 03:01:33.203 14200 14286 W mobile-ffmpeg: [graph 0 input from stream 0:0 @ 0x8dc761a0] sws_param option is deprecated and ignored
07-06 03:01:33.203 14200 14286 W mobile-ffmpeg: [graph 0 input from stream 0:0 @ 0x8dc762c0] sws_param option is deprecated and ignored
07-06 03:01:33.204 14200 14286 W mobile-ffmpeg: [graph 0 input from stream 0:0 @ 0x8dc764a0] sws_param option is deprecated and ignored
07-06 03:01:33.205 14200 14286 W mobile-ffmpeg: [graph 0 input from stream 0:0 @ 0x8dc766e0] sws_param option is deprecated and ignored
07-06 03:03:04.028 14200 14286 W mobile-ffmpeg: [mov,mp4,m4a,3gp,3g2,mj2 @ 0x92429400] Found duplicated MOOV Atom. Skipped it
07-06 03:03:04.232 14200 14285 W Summariser: Summarisation completed
07-06 03:03:04.232 14200 14285 W Summariser:   filename: 20200312_194830.mp4
07-06 03:03:04.232 14200 14285 W Summariser:   active sections: 4
07-06 03:03:04.232 14200 14285 W Summariser:   time: 119.824s
07-06 03:03:04.232 14200 14285 W Summariser:   original duration: 60.02
07-06 03:03:04.232 14200 14285 W Summariser:   summarised duration: 19.02
07-06 03:03:04.232 14200 14285 W Summariser:   noise tolerance: 45.00
07-06 03:03:04.232 14200 14285 W Summariser:   quality: 23
07-06 03:03:04.232 14200 14285 W Summariser:   speed: medium
07-06 03:03:04.232 14200 14285 W Summariser:   freeze duration: 1.00
07-06 03:03:04.367 14200 14286 W mobile-ffmpeg: [mov,mp4,m4a,3gp,3g2,mj2 @ 0x7a1bd800] Found duplicated MOOV Atom. Skipped it
07-06 03:03:04.584 14200 14286 W mobile-ffmpeg: [graph 0 input from stream 0:0 @ 0x8dc76800] sws_param option is deprecated and ignored
07-06 03:03:41.803 14200 14286 W mobile-ffmpeg: [mov,mp4,m4a,3gp,3g2,mj2 @ 0x8db6ea00] Found duplicated MOOV Atom. Skipped it
07-06 03:03:41.901 14200 14285 W Summariser: 2 active sections found
07-06 03:03:41.917 14200 14286 W mobile-ffmpeg: [mov,mp4,m4a,3gp,3g2,mj2 @ 0x8c121600] Found duplicated MOOV Atom. Skipped it
07-06 03:03:42.060 14200 14286 W mobile-ffmpeg: [graph 0 input from stream 0:0 @ 0x8cf7d160] sws_param option is deprecated and ignored
07-06 03:03:42.060 14200 14286 W mobile-ffmpeg: [graph 0 input from stream 0:0 @ 0x8cf7d280] sws_param option is deprecated and ignored
07-06 03:05:21.543 14200 14286 W mobile-ffmpeg: [mov,mp4,m4a,3gp,3g2,mj2 @ 0x8c121600] Found duplicated MOOV Atom. Skipped it
07-06 03:05:21.746 14200 14285 W Summariser: Summarisation completed
07-06 03:05:21.746 14200 14285 W Summariser:   filename: 20200312_194930.mp4
07-06 03:05:21.746 14200 14285 W Summariser:   active sections: 2
07-06 03:05:21.746 14200 14285 W Summariser:   time: 137.204s
07-06 03:05:21.746 14200 14285 W Summariser:   original duration: 60.02
07-06 03:05:21.746 14200 14285 W Summariser:   summarised duration: 22.25
07-06 03:05:21.746 14200 14285 W Summariser:   noise tolerance: 45.00
07-06 03:05:21.746 14200 14285 W Summariser:   quality: 23
07-06 03:05:21.746 14200 14285 W Summariser:   speed: medium
07-06 03:05:21.746 14200 14285 W Summariser:   freeze duration: 1.00
07-06 03:05:21.963 14200 14286 W mobile-ffmpeg: [mov,mp4,m4a,3gp,3g2,mj2 @ 0x8afc3a00] Found duplicated MOOV Atom. Skipped it
07-06 03:05:22.246 14200 14286 W mobile-ffmpeg: [graph 0 input from stream 0:0 @ 0x8cf7dd00] sws_param option is deprecated and ignored
07-06 03:05:50.842 14200 14285 W Summariser: 1 active sections found
07-06 03:05:50.867 14200 14286 W mobile-ffmpeg: [mov,mp4,m4a,3gp,3g2,mj2 @ 0x7a1b7200] Found duplicated MOOV Atom. Skipped it
07-06 03:05:51.031 14200 14286 W mobile-ffmpeg: [graph 0 input from stream 0:0 @ 0x9364d360] sws_param option is deprecated and ignored
07-06 03:06:30.867 14200 14286 W mobile-ffmpeg: [mov,mp4,m4a,3gp,3g2,mj2 @ 0x7a1b7200] Found duplicated MOOV Atom. Skipped it
07-06 03:06:31.049 14200 14285 W Summariser: Summarisation completed
07-06 03:06:31.049 14200 14285 W Summariser:   filename: 20200312_195230.mp4
07-06 03:06:31.049 14200 14285 W Summariser:   active sections: 1
07-06 03:06:31.049 14200 14285 W Summariser:   time: 68.968s
07-06 03:06:31.049 14200 14285 W Summariser:   original duration: 60.02
07-06 03:06:31.049 14200 14285 W Summariser:   summarised duration: 6.97
07-06 03:06:31.049 14200 14285 W Summariser:   noise tolerance: 45.00
07-06 03:06:31.049 14200 14285 W Summariser:   quality: 23
07-06 03:06:31.049 14200 14285 W Summariser:   speed: medium
07-06 03:06:31.049 14200 14285 W Summariser:   freeze duration: 1.00
07-06 03:06:31.186 14200 14286 W mobile-ffmpeg: [mov,mp4,m4a,3gp,3g2,mj2 @ 0x8afc2200] Found duplicated MOOV Atom. Skipped it
07-06 03:06:31.463 14200 14286 W mobile-ffmpeg: [graph 0 input from stream 0:0 @ 0x9364e260] sws_param option is deprecated and ignored
07-06 03:07:00.726 14200 14285 W Summariser: 5 active sections found
07-06 03:07:00.748 14200 14286 W mobile-ffmpeg: [mov,mp4,m4a,3gp,3g2,mj2 @ 0x93643c00] Found duplicated MOOV Atom. Skipped it
07-06 03:07:00.884 14200 14286 W mobile-ffmpeg: [graph 0 input from stream 0:0 @ 0x93549f40] sws_param option is deprecated and ignored
07-06 03:07:00.886 14200 14286 W mobile-ffmpeg: [graph 0 input from stream 0:0 @ 0x8de60060] sws_param option is deprecated and ignored
07-06 03:07:00.888 14200 14286 W mobile-ffmpeg: [graph 0 input from stream 0:0 @ 0x93549e20] sws_param option is deprecated and ignored
07-06 03:07:00.891 14200 14286 W mobile-ffmpeg: [graph 0 input from stream 0:0 @ 0x9364d3c0] sws_param option is deprecated and ignored
07-06 03:07:00.893 14200 14286 W mobile-ffmpeg: [graph 0 input from stream 0:0 @ 0x8de60300] sws_param option is deprecated and ignored
07-06 03:08:43.709 14200 14286 W mobile-ffmpeg: [mov,mp4,m4a,3gp,3g2,mj2 @ 0x93643c00] Found duplicated MOOV Atom. Skipped it
07-06 03:08:43.869 14200 14285 W Summariser: Summarisation completed
07-06 03:08:43.869 14200 14285 W Summariser:   filename: 20200312_195330.mp4
07-06 03:08:43.869 14200 14285 W Summariser:   active sections: 5
07-06 03:08:43.869 14200 14285 W Summariser:   time: 132.544s
07-06 03:08:43.869 14200 14285 W Summariser:   original duration: 60.02
07-06 03:08:43.869 14200 14285 W Summariser:   summarised duration: 23.42
07-06 03:08:43.869 14200 14285 W Summariser:   noise tolerance: 45.00
07-06 03:08:43.869 14200 14285 W Summariser:   quality: 23
07-06 03:08:43.869 14200 14285 W Summariser:   speed: medium
07-06 03:08:43.869 14200 14285 W Summariser:   freeze duration: 1.00
07-06 03:08:44.003 14200 14286 W mobile-ffmpeg: [mov,mp4,m4a,3gp,3g2,mj2 @ 0x8d8e1000] Found duplicated MOOV Atom. Skipped it
07-06 03:08:44.390 14200 14286 W mobile-ffmpeg: [graph 0 input from stream 0:0 @ 0x8de607e0] sws_param option is deprecated and ignored
07-06 03:09:13.080 14200 14285 W Summariser: 5 active sections found
07-06 03:09:13.102 14200 14286 W mobile-ffmpeg: [mov,mp4,m4a,3gp,3g2,mj2 @ 0x8cb6b000] Found duplicated MOOV Atom. Skipped it
07-06 03:09:13.281 14200 14286 W mobile-ffmpeg: [graph 0 input from stream 0:0 @ 0x8de77a40] sws_param option is deprecated and ignored
07-06 03:09:13.284 14200 14286 W mobile-ffmpeg: [graph 0 input from stream 0:0 @ 0x8de77b60] sws_param option is deprecated and ignored
07-06 03:09:13.286 14200 14286 W mobile-ffmpeg: [graph 0 input from stream 0:0 @ 0x8de77920] sws_param option is deprecated and ignored
07-06 03:09:13.288 14200 14286 W mobile-ffmpeg: [graph 0 input from stream 0:0 @ 0x8de77d40] sws_param option is deprecated and ignored
07-06 03:09:13.290 14200 14286 W mobile-ffmpeg: [graph 0 input from stream 0:0 @ 0x935493a0] sws_param option is deprecated and ignored
07-06 03:10:44.519 14200 14286 W mobile-ffmpeg: [mov,mp4,m4a,3gp,3g2,mj2 @ 0x8cb6b000] Found duplicated MOOV Atom. Skipped it
07-06 03:10:44.722 14200 14285 W Summariser: Summarisation completed
07-06 03:10:44.722 14200 14285 W Summariser:   filename: 20200312_195430.mp4
07-06 03:10:44.722 14200 14285 W Summariser:   active sections: 5
07-06 03:10:44.722 14200 14285 W Summariser:   time: 120.534s
07-06 03:10:44.722 14200 14285 W Summariser:   original duration: 60.02
07-06 03:10:44.722 14200 14285 W Summariser:   summarised duration: 21.92
07-06 03:10:44.722 14200 14285 W Summariser:   noise tolerance: 45.00
07-06 03:10:44.722 14200 14285 W Summariser:   quality: 23
07-06 03:10:44.722 14200 14285 W Summariser:   speed: medium
07-06 03:10:44.722 14200 14285 W Summariser:   freeze duration: 1.00
