--------- beginning of main
07-04 22:40:26.743  9300  9300 I zygote64: Late-enabling -Xcheck:jni
--------- beginning of system
07-04 22:40:26.870  9300  9300 I ActivityThread: handleStopService: token=android.os.BinderProxy@c3162ac not found.
07-04 22:40:26.875  9300  9300 I TransferService: Starting Transfer Service to listen for network connectivity changes.
07-04 22:40:26.877  9300  9300 W LogFactory: Truncating log tag length as it exceed 23, the limit imposed by Android on certain API Levels
07-04 22:40:26.902  9300  9300 I TransferService: Registering the network receiver
07-04 22:40:26.907  9300  9300 I TransferService: Moving the service out of the Foreground state.
07-04 22:40:26.908  9300  9300 I TransferService: De-registering the network receiver.
07-04 22:40:30.611  9300  9300 I zygote64: Rejecting re-init on previously-failed class java.lang.Class<androidx.core.view.ViewCompat$2>: java.lang.NoClassDefFoundError: Failed resolution of: Landroid/view/View$OnUnhandledKeyEventListener;
07-04 22:40:30.611  9300  9300 I zygote64:   at void androidx.core.view.ViewCompat.setOnApplyWindowInsetsListener(android.view.View, androidx.core.view.OnApplyWindowInsetsListener) (ViewCompat.java:2421)
07-04 22:40:30.612  9300  9300 I zygote64:   at android.view.ViewGroup androidx.appcompat.app.AppCompatDelegateImpl.createSubDecor() (AppCompatDelegateImpl.java:779)
07-04 22:40:30.612  9300  9300 I zygote64:   at void androidx.appcompat.app.AppCompatDelegateImpl.ensureSubDecor() (AppCompatDelegateImpl.java:659)
07-04 22:40:30.612  9300  9300 I zygote64:   at void androidx.appcompat.app.AppCompatDelegateImpl.setContentView(int) (AppCompatDelegateImpl.java:552)
07-04 22:40:30.612  9300  9300 I zygote64:   at void androidx.appcompat.app.AppCompatActivity.setContentView(int) (AppCompatActivity.java:161)
07-04 22:40:30.612  9300  9300 I zygote64:   at void com.example.edgesum.page.main.MainActivity.onCreate(android.os.Bundle) (MainActivity.java:95)
07-04 22:40:30.612  9300  9300 I zygote64:   at void android.app.Activity.performCreate(android.os.Bundle, android.os.PersistableBundle) (Activity.java:7009)
07-04 22:40:30.612  9300  9300 I zygote64:   at void android.app.Activity.performCreate(android.os.Bundle) (Activity.java:7000)
07-04 22:40:30.612  9300  9300 I zygote64:   at void android.app.Instrumentation.callActivityOnCreate(android.app.Activity, android.os.Bundle) (Instrumentation.java:1214)
07-04 22:40:30.612  9300  9300 I zygote64:   at android.app.Activity android.app.ActivityThread.performLaunchActivity(android.app.ActivityThread$ActivityClientRecord, android.content.Intent) (ActivityThread.java:2731)
07-04 22:40:30.612  9300  9300 I zygote64:   at void android.app.ActivityThread.handleLaunchActivity(android.app.ActivityThread$ActivityClientRecord, android.content.Intent, java.lang.String) (ActivityThread.java:2856)
07-04 22:40:30.612  9300  9300 I zygote64:   at void android.app.ActivityThread.-wrap11(android.app.ActivityThread, android.app.ActivityThread$ActivityClientRecord, android.content.Intent, java.lang.String) (ActivityThread.java:-1)
07-04 22:40:30.612  9300  9300 I zygote64:   at void android.app.ActivityThread$H.handleMessage(android.os.Message) (ActivityThread.java:1589)
07-04 22:40:30.612  9300  9300 I zygote64:   at void android.os.Handler.dispatchMessage(android.os.Message) (Handler.java:106)
07-04 22:40:30.612  9300  9300 I zygote64:   at void android.os.Looper.loop() (Looper.java:164)
07-04 22:40:30.612  9300  9300 I zygote64:   at void android.app.ActivityThread.main(java.lang.String[]) (ActivityThread.java:6494)
07-04 22:40:30.612  9300  9300 I zygote64:   at java.lang.Object java.lang.reflect.Method.invoke(java.lang.Object, java.lang.Object[]) (Method.java:-2)
07-04 22:40:30.612  9300  9300 I zygote64:   at void com.android.internal.os.RuntimeInit$MethodAndArgsCaller.run() (RuntimeInit.java:438)
07-04 22:40:30.612  9300  9300 I zygote64:   at void com.android.internal.os.ZygoteInit.main(java.lang.String[]) (ZygoteInit.java:807)
07-04 22:40:30.612  9300  9300 I zygote64: Caused by: java.lang.ClassNotFoundException: Didn't find class "android.view.View$OnUnhandledKeyEventListener" on path: DexPathList[[zip file "/data/app/com.example.edgesum-nqHbQDZi6bCWpRO6wKVXog==/base.apk"],nativeLibraryDirectories=[/data/app/com.example.edgesum-nqHbQDZi6bCWpRO6wKVXog==/lib/arm64, /data/app/com.example.edgesum-nqHbQDZi6bCWpRO6wKVXog==/base.apk!/lib/arm64-v8a, /system/lib64, /vendor/lib64]]
07-04 22:40:30.612  9300  9300 I zygote64:   at java.lang.Class dalvik.system.BaseDexClassLoader.findClass(java.lang.String) (BaseDexClassLoader.java:125)
07-04 22:40:30.612  9300  9300 I zygote64:   at java.lang.Class java.lang.ClassLoader.loadClass(java.lang.String, boolean) (ClassLoader.java:379)
07-04 22:40:30.612  9300  9300 I zygote64:   at java.lang.Class java.lang.ClassLoader.loadClass(java.lang.String) (ClassLoader.java:312)
07-04 22:40:30.612  9300  9300 I zygote64:   at void androidx.core.view.ViewCompat.setOnApplyWindowInsetsListener(android.view.View, androidx.core.view.OnApplyWindowInsetsListener) (ViewCompat.java:2421)
07-04 22:40:30.612  9300  9300 I zygote64:   at android.view.ViewGroup androidx.appcompat.app.AppCompatDelegateImpl.createSubDecor() (AppCompatDelegateImpl.java:779)
07-04 22:40:30.612  9300  9300 I zygote64:   at void androidx.appcompat.app.AppCompatDelegateImpl.ensureSubDecor() (AppCompatDelegateImpl.java:659)
07-04 22:40:30.612  9300  9300 I zygote64:   at void androidx.appcompat.app.AppCompatDelegateImpl.setContentView(int) (AppCompatDelegateImpl.java:552)
07-04 22:40:30.612  9300  9300 I zygote64:   at void androidx.appcompat.app.AppCompatActivity.setContentView(int) (AppCompatActivity.java:161)
07-04 22:40:30.612  9300  9300 I zygote64:   at void com.example.edgesum.page.main.MainActivity.onCreate(android.os.Bundle) (MainActivity.java:95)
07-04 22:40:30.612  9300  9300 I zygote64:   at void android.app.Activity.performCreate(android.os.Bundle, android.os.PersistableBundle) (Activity.java:7009)
07-04 22:40:30.612  9300  9300 I zygote64:   at void android.app.Activity.performCreate(android.os.Bundle) (Activity.java:7000)
07-04 22:40:30.612  9300  9300 I zygote64:   at void android.app.Instrumentation.callActivityOnCreate(android.app.Activity, android.os.Bundle) (Instrumentation.java:1214)
07-04 22:40:30.612  9300  9300 I zygote64:   at android.app.Activity android.app.ActivityThread.performLaunchActivity(android.app.ActivityThread$ActivityClientRecord, android.content.Intent) (ActivityThread.java:2731)
07-04 22:40:30.612  9300  9300 I zygote64:   at void android.app.ActivityThread.handleLaunchActivity(android.app.ActivityThread$ActivityClientRecord, android.content.Intent, java.lang.String) (ActivityThread.java:2856)
07-04 22:40:30.612  9300  9300 I zygote64:   at void android.app.ActivityThread.-wrap11(android.app.ActivityThread, android.app.ActivityThread$ActivityClientRecord, android.content.Intent, java.lang.String) (ActivityThread.java:-1)
07-04 22:40:30.612  9300  9300 I zygote64:   at void android.app.ActivityThread$H.handleMessage(android.os.Message) (ActivityThread.java:1589)
07-04 22:40:30.612  9300  9300 I zygote64:   at void android.os.Handler.dispatchMessage(android.os.Message) (Handler.java:106)
07-04 22:40:30.612  9300  9300 I zygote64:   at void android.os.Looper.loop() (Looper.java:164)
07-04 22:40:30.612  9300  9300 I zygote64:   at void android.app.ActivityThread.main(java.lang.String[]) (ActivityThread.java:6494)
07-04 22:40:30.612  9300  9300 I zygote64:   at java.lang.Object java.lang.reflect.Method.invoke(java.lang.Object, java.lang.Object[]) (Method.java:-2)
07-04 22:40:30.612  9300  9300 I zygote64:   at void com.android.internal.os.RuntimeInit$MethodAndArgsCaller.run() (RuntimeInit.java:438)
07-04 22:40:30.612  9300  9300 I zygote64:   at void com.android.internal.os.ZygoteInit.main(java.lang.String[]) (ZygoteInit.java:807)
07-04 22:40:30.612  9300  9300 I zygote64: 
07-04 22:40:30.613  9300  9300 I zygote64: Rejecting re-init on previously-failed class java.lang.Class<androidx.core.view.ViewCompat$2>: java.lang.NoClassDefFoundError: Failed resolution of: Landroid/view/View$OnUnhandledKeyEventListener;
07-04 22:40:30.613  9300  9300 I zygote64:   at void androidx.core.view.ViewCompat.setOnApplyWindowInsetsListener(android.view.View, androidx.core.view.OnApplyWindowInsetsListener) (ViewCompat.java:2421)
07-04 22:40:30.613  9300  9300 I zygote64:   at android.view.ViewGroup androidx.appcompat.app.AppCompatDelegateImpl.createSubDecor() (AppCompatDelegateImpl.java:779)
07-04 22:40:30.613  9300  9300 I zygote64:   at void androidx.appcompat.app.AppCompatDelegateImpl.ensureSubDecor() (AppCompatDelegateImpl.java:659)
07-04 22:40:30.613  9300  9300 I zygote64:   at void androidx.appcompat.app.AppCompatDelegateImpl.setContentView(int) (AppCompatDelegateImpl.java:552)
07-04 22:40:30.613  9300  9300 I zygote64:   at void androidx.appcompat.app.AppCompatActivity.setContentView(int) (AppCompatActivity.java:161)
07-04 22:40:30.613  9300  9300 I zygote64:   at void com.example.edgesum.page.main.MainActivity.onCreate(android.os.Bundle) (MainActivity.java:95)
07-04 22:40:30.613  9300  9300 I zygote64:   at void android.app.Activity.performCreate(android.os.Bundle, android.os.PersistableBundle) (Activity.java:7009)
07-04 22:40:30.613  9300  9300 I zygote64:   at void android.app.Activity.performCreate(android.os.Bundle) (Activity.java:7000)
07-04 22:40:30.613  9300  9300 I zygote64:   at void android.app.Instrumentation.callActivityOnCreate(android.app.Activity, android.os.Bundle) (Instrumentation.java:1214)
07-04 22:40:30.613  9300  9300 I zygote64:   at android.app.Activity android.app.ActivityThread.performLaunchActivity(android.app.ActivityThread$ActivityClientRecord, android.content.Intent) (ActivityThread.java:2731)
07-04 22:40:30.613  9300  9300 I zygote64:   at void android.app.ActivityThread.handleLaunchActivity(android.app.ActivityThread$ActivityClientRecord, android.content.Intent, java.lang.String) (ActivityThread.java:2856)
07-04 22:40:30.613  9300  9300 I zygote64:   at void android.app.ActivityThread.-wrap11(android.app.ActivityThread, android.app.ActivityThread$ActivityClientRecord, android.content.Intent, java.lang.String) (ActivityThread.java:-1)
07-04 22:40:30.613  9300  9300 I zygote64:   at void android.app.ActivityThread$H.handleMessage(android.os.Message) (ActivityThread.java:1589)
07-04 22:40:30.613  9300  9300 I zygote64:   at void android.os.Handler.dispatchMessage(android.os.Message) (Handler.java:106)
07-04 22:40:30.613  9300  9300 I zygote64:   at void android.os.Looper.loop() (Looper.java:164)
07-04 22:40:30.613  9300  9300 I zygote64:   at void android.app.ActivityThread.main(java.lang.String[]) (ActivityThread.java:6494)
07-04 22:40:30.613  9300  9300 I zygote64:   at java.lang.Object java.lang.reflect.Method.invoke(java.lang.Object, java.lang.Object[]) (Method.java:-2)
07-04 22:40:30.613  9300  9300 I zygote64:   at void com.android.internal.os.RuntimeInit$MethodAndArgsCaller.run() (RuntimeInit.java:438)
07-04 22:40:30.613  9300  9300 I zygote64:   at void com.android.internal.os.ZygoteInit.main(java.lang.String[]) (ZygoteInit.java:807)
07-04 22:40:30.613  9300  9300 I zygote64: Caused by: java.lang.ClassNotFoundException: Didn't find class "android.view.View$OnUnhandledKeyEventListener" on path: DexPathList[[zip file "/data/app/com.example.edgesum-nqHbQDZi6bCWpRO6wKVXog==/base.apk"],nativeLibraryDirectories=[/data/app/com.example.edgesum-nqHbQDZi6bCWpRO6wKVXog==/lib/arm64, /data/app/com.example.edgesum-nqHbQDZi6bCWpRO6wKVXog==/base.apk!/lib/arm64-v8a, /system/lib64, /vendor/lib64]]
07-04 22:40:30.613  9300  9300 I zygote64:   at java.lang.Class dalvik.system.BaseDexClassLoader.findClass(java.lang.String) (BaseDexClassLoader.java:125)
07-04 22:40:30.613  9300  9300 I zygote64:   at java.lang.Class java.lang.ClassLoader.loadClass(java.lang.String, boolean) (ClassLoader.java:379)
07-04 22:40:30.613  9300  9300 I zygote64:   at java.lang.Class java.lang.ClassLoader.loadClass(java.lang.String) (ClassLoader.java:312)
07-04 22:40:30.613  9300  9300 I zygote64:   at void androidx.core.view.ViewCompat.setOnApplyWindowInsetsListener(android.view.View, androidx.core.view.OnApplyWindowInsetsListener) (ViewCompat.java:2421)
07-04 22:40:30.613  9300  9300 I zygote64:   at android.view.ViewGroup androidx.appcompat.app.AppCompatDelegateImpl.createSubDecor() (AppCompatDelegateImpl.java:779)
07-04 22:40:30.613  9300  9300 I zygote64:   at void androidx.appcompat.app.AppCompatDelegateImpl.ensureSubDecor() (AppCompatDelegateImpl.java:659)
07-04 22:40:30.613  9300  9300 I zygote64:   at void androidx.appcompat.app.AppCompatDelegateImpl.setContentView(int) (AppCompatDelegateImpl.java:552)
07-04 22:40:30.613  9300  9300 I zygote64:   at void androidx.appcompat.app.AppCompatActivity.setContentView(int) (AppCompatActivity.java:161)
07-04 22:40:30.613  9300  9300 I zygote64:   at void com.example.edgesum.page.main.MainActivity.onCreate(android.os.Bundle) (MainActivity.java:95)
07-04 22:40:30.613  9300  9300 I zygote64:   at void android.app.Activity.performCreate(android.os.Bundle, android.os.PersistableBundle) (Activity.java:7009)
07-04 22:40:30.613  9300  9300 I zygote64:   at void android.app.Activity.performCreate(android.os.Bundle) (Activity.java:7000)
07-04 22:40:30.613  9300  9300 I zygote64:   at void android.app.Instrumentation.callActivityOnCreate(android.app.Activity, android.os.Bundle) (Instrumentation.java:1214)
07-04 22:40:30.613  9300  9300 I zygote64:   at android.app.Activity android.app.ActivityThread.performLaunchActivity(android.app.ActivityThread$ActivityClientRecord, android.content.Intent) (ActivityThread.java:2731)
07-04 22:40:30.613  9300  9300 I zygote64:   at void android.app.ActivityThread.handleLaunchActivity(android.app.ActivityThread$ActivityClientRecord, android.content.Intent, java.lang.String) (ActivityThread.java:2856)
07-04 22:40:30.613  9300  9300 I zygote64:   at void android.app.ActivityThread.-wrap11(android.app.ActivityThread, android.app.ActivityThread$ActivityClientRecord, android.content.Intent, java.lang.String) (ActivityThread.java:-1)
07-04 22:40:30.613  9300  9300 I zygote64:   at void android.app.ActivityThread$H.handleMessage(android.os.Message) (ActivityThread.java:1589)
07-04 22:40:30.613  9300  9300 I zygote64:   at void android.os.Handler.dispatchMessage(android.os.Message) (Handler.java:106)
07-04 22:40:30.613  9300  9300 I zygote64:   at void android.os.Looper.loop() (Looper.java:164)
07-04 22:40:30.613  9300  9300 I zygote64:   at void android.app.ActivityThread.main(java.lang.String[]) (ActivityThread.java:6494)
07-04 22:40:30.613  9300  9300 I zygote64:   at java.lang.Object java.lang.reflect.Method.invoke(java.lang.Object, java.lang.Object[]) (Method.java:-2)
07-04 22:40:30.613  9300  9300 I zygote64:   at void com.android.internal.os.RuntimeInit$MethodAndArgsCaller.run() (RuntimeInit.java:438)
07-04 22:40:30.613  9300  9300 I zygote64:   at void com.android.internal.os.ZygoteInit.main(java.lang.String[]) (ZygoteInit.java:807)
07-04 22:40:30.614  9300  9300 I zygote64: 
07-04 22:40:30.614  9300  9300 I zygote64: Rejecting re-init on previously-failed class java.lang.Class<androidx.core.view.ViewCompat$2>: java.lang.NoClassDefFoundError: Failed resolution of: Landroid/view/View$OnUnhandledKeyEventListener;
07-04 22:40:30.614  9300  9300 I zygote64:   at void androidx.core.view.ViewCompat.setOnApplyWindowInsetsListener(android.view.View, androidx.core.view.OnApplyWindowInsetsListener) (ViewCompat.java:2421)
07-04 22:40:30.614  9300  9300 I zygote64:   at android.view.ViewGroup androidx.appcompat.app.AppCompatDelegateImpl.createSubDecor() (AppCompatDelegateImpl.java:779)
07-04 22:40:30.614  9300  9300 I zygote64:   at void androidx.appcompat.app.AppCompatDelegateImpl.ensureSubDecor() (AppCompatDelegateImpl.java:659)
07-04 22:40:30.614  9300  9300 I zygote64:   at void androidx.appcompat.app.AppCompatDelegateImpl.setContentView(int) (AppCompatDelegateImpl.java:552)
07-04 22:40:30.614  9300  9300 I zygote64:   at void androidx.appcompat.app.AppCompatActivity.setContentView(int) (AppCompatActivity.java:161)
07-04 22:40:30.614  9300  9300 I zygote64:   at void com.example.edgesum.page.main.MainActivity.onCreate(android.os.Bundle) (MainActivity.java:95)
07-04 22:40:30.614  9300  9300 I zygote64:   at void android.app.Activity.performCreate(android.os.Bundle, android.os.PersistableBundle) (Activity.java:7009)
07-04 22:40:30.614  9300  9300 I zygote64:   at void android.app.Activity.performCreate(android.os.Bundle) (Activity.java:7000)
07-04 22:40:30.614  9300  9300 I zygote64:   at void android.app.Instrumentation.callActivityOnCreate(android.app.Activity, android.os.Bundle) (Instrumentation.java:1214)
07-04 22:40:30.614  9300  9300 I zygote64:   at android.app.Activity android.app.ActivityThread.performLaunchActivity(android.app.ActivityThread$ActivityClientRecord, android.content.Intent) (ActivityThread.java:2731)
07-04 22:40:30.614  9300  9300 I zygote64:   at void android.app.ActivityThread.handleLaunchActivity(android.app.ActivityThread$ActivityClientRecord, android.content.Intent, java.lang.String) (ActivityThread.java:2856)
07-04 22:40:30.614  9300  9300 I zygote64:   at void android.app.ActivityThread.-wrap11(android.app.ActivityThread, android.app.ActivityThread$ActivityClientRecord, android.content.Intent, java.lang.String) (ActivityThread.java:-1)
07-04 22:40:30.614  9300  9300 I zygote64:   at void android.app.ActivityThread$H.handleMessage(android.os.Message) (ActivityThread.java:1589)
07-04 22:40:30.614  9300  9300 I zygote64:   at void android.os.Handler.dispatchMessage(android.os.Message) (Handler.java:106)
07-04 22:40:30.614  9300  9300 I zygote64:   at void android.os.Looper.loop() (Looper.java:164)
07-04 22:40:30.614  9300  9300 I zygote64:   at void android.app.ActivityThread.main(java.lang.String[]) (ActivityThread.java:6494)
07-04 22:40:30.614  9300  9300 I zygote64:   at java.lang.Object java.lang.reflect.Method.invoke(java.lang.Object, java.lang.Object[]) (Method.java:-2)
07-04 22:40:30.614  9300  9300 I zygote64:   at void com.android.internal.os.RuntimeInit$MethodAndArgsCaller.run() (RuntimeInit.java:438)
07-04 22:40:30.614  9300  9300 I zygote64:   at void com.android.internal.os.ZygoteInit.main(java.lang.String[]) (ZygoteInit.java:807)
07-04 22:40:30.614  9300  9300 I zygote64: Caused by: java.lang.ClassNotFoundException: Didn't find class "android.view.View$OnUnhandledKeyEventListener" on path: DexPathList[[zip file "/data/app/com.example.edgesum-nqHbQDZi6bCWpRO6wKVXog==/base.apk"],nativeLibraryDirectories=[/data/app/com.example.edgesum-nqHbQDZi6bCWpRO6wKVXog==/lib/arm64, /data/app/com.example.edgesum-nqHbQDZi6bCWpRO6wKVXog==/base.apk!/lib/arm64-v8a, /system/lib64, /vendor/lib64]]
07-04 22:40:30.614  9300  9300 I zygote64:   at java.lang.Class dalvik.system.BaseDexClassLoader.findClass(java.lang.String) (BaseDexClassLoader.java:125)
07-04 22:40:30.614  9300  9300 I zygote64:   at java.lang.Class java.lang.ClassLoader.loadClass(java.lang.String, boolean) (ClassLoader.java:379)
07-04 22:40:30.614  9300  9300 I zygote64:   at java.lang.Class java.lang.ClassLoader.loadClass(java.lang.String) (ClassLoader.java:312)
07-04 22:40:30.614  9300  9300 I zygote64:   at void androidx.core.view.ViewCompat.setOnApplyWindowInsetsListener(android.view.View, androidx.core.view.OnApplyWindowInsetsListener) (ViewCompat.java:2421)
07-04 22:40:30.614  9300  9300 I zygote64:   at android.view.ViewGroup androidx.appcompat.app.AppCompatDelegateImpl.createSubDecor() (AppCompatDelegateImpl.java:779)
07-04 22:40:30.614  9300  9300 I zygote64:   at void androidx.appcompat.app.AppCompatDelegateImpl.ensureSubDecor() (AppCompatDelegateImpl.java:659)
07-04 22:40:30.614  9300  9300 I zygote64:   at void androidx.appcompat.app.AppCompatDelegateImpl.setContentView(int) (AppCompatDelegateImpl.java:552)
07-04 22:40:30.614  9300  9300 I zygote64:   at void androidx.appcompat.app.AppCompatActivity.setContentView(int) (AppCompatActivity.java:161)
07-04 22:40:30.614  9300  9300 I zygote64:   at void com.example.edgesum.page.main.MainActivity.onCreate(android.os.Bundle) (MainActivity.java:95)
07-04 22:40:30.614  9300  9300 I zygote64:   at void android.app.Activity.performCreate(android.os.Bundle, android.os.PersistableBundle) (Activity.java:7009)
07-04 22:40:30.614  9300  9300 I zygote64:   at void android.app.Activity.performCreate(android.os.Bundle) (Activity.java:7000)
07-04 22:40:30.614  9300  9300 I zygote64:   at void android.app.Instrumentation.callActivityOnCreate(android.app.Activity, android.os.Bundle) (Instrumentation.java:1214)
07-04 22:40:30.614  9300  9300 I zygote64:   at android.app.Activity android.app.ActivityThread.performLaunchActivity(android.app.ActivityThread$ActivityClientRecord, android.content.Intent) (ActivityThread.java:2731)
07-04 22:40:30.615  9300  9300 I zygote64:   at void android.app.ActivityThread.handleLaunchActivity(android.app.ActivityThread$ActivityClientRecord, android.content.Intent, java.lang.String) (ActivityThread.java:2856)
07-04 22:40:30.615  9300  9300 I zygote64:   at void android.app.ActivityThread.-wrap11(android.app.ActivityThread, android.app.ActivityThread$ActivityClientRecord, android.content.Intent, java.lang.String) (ActivityThread.java:-1)
07-04 22:40:30.615  9300  9300 I zygote64:   at void android.app.ActivityThread$H.handleMessage(android.os.Message) (ActivityThread.java:1589)
07-04 22:40:30.615  9300  9300 I zygote64:   at void android.os.Handler.dispatchMessage(android.os.Message) (Handler.java:106)
07-04 22:40:30.615  9300  9300 I zygote64:   at void android.os.Looper.loop() (Looper.java:164)
07-04 22:40:30.615  9300  9300 I zygote64:   at void android.app.ActivityThread.main(java.lang.String[]) (ActivityThread.java:6494)
07-04 22:40:30.615  9300  9300 I zygote64:   at java.lang.Object java.lang.reflect.Method.invoke(java.lang.Object, java.lang.Object[]) (Method.java:-2)
07-04 22:40:30.615  9300  9300 I zygote64:   at void com.android.internal.os.RuntimeInit$MethodAndArgsCaller.run() (RuntimeInit.java:438)
07-04 22:40:30.615  9300  9300 I zygote64:   at void com.android.internal.os.ZygoteInit.main(java.lang.String[]) (ZygoteInit.java:807)
07-04 22:40:30.615  9300  9300 I zygote64: 
07-04 22:40:30.792  9300  9300 V Repo    : /storage/emulated/0/Movies/raw
07-04 22:40:30.793  9300  9300 V Repo    : /storage/emulated/0/Movies/summarised
07-04 22:40:30.806  9300  9300 V FileManager: External storage is readable
07-04 22:40:30.807  9300  9300 V FileManager: Directory already exists: /storage/emulated/0/Movies/raw
07-04 22:40:30.812  9300  9300 V FileManager: External storage is readable
07-04 22:40:30.813  9300  9300 V FileManager: Directory already exists: /storage/emulated/0/Movies/summarised
07-04 22:40:30.823  9300  9300 V FileManager: External storage is readable
07-04 22:40:30.824  9300  9300 V FileManager: Directory already exists: /storage/emulated/0/Download/nearby
07-04 22:40:30.829  9300  9300 V FileManager: External storage is readable
07-04 22:40:30.830  9300  9300 V FileManager: Directory already exists: /storage/emulated/0/Movies/segment
07-04 22:40:30.837  9300  9300 V FileManager: External storage is readable
07-04 22:40:30.839  9300  9300 V FileManager: Directory already exists: /storage/emulated/0/Movies/segment-sum
07-04 22:40:30.969  9300  9300 V VideoManager: getAllVideoFromExternalStorageFolder
07-04 22:40:30.974  9300  9300 D VideoManager: /storage/emulated/0/Movies/summarised
07-04 22:40:30.989  9300  9300 D VideoManager: 0 videos return
07-04 22:40:31.017  9300  9300 V VideoManager: getAllVideoFromExternalStorageFolder
07-04 22:40:31.022  9300  9300 D VideoManager: /storage/emulated/0/Movies/raw
07-04 22:40:31.032  9300  9300 D VideoManager: 0 videos return
07-04 22:40:31.073  9300  9326 D OpenGLRenderer: HWUI GL Pipeline
07-04 22:40:31.085  9300  9300 I TransferService: Starting Transfer Service to listen for network connectivity changes.
07-04 22:40:31.085  9300  9300 I TransferService: Registering the network receiver
07-04 22:40:31.090  9300  9300 E TransferService: No notification is passed in the intent. Unable to transition to foreground.
07-04 22:40:31.133  9300  9324 D MainActivity: Scanned /storage/emulated/0/Movies/summarised
07-04 22:40:31.133  9300  9324 D MainActivity:   -> uri=content://media/external/file/7686
07-04 22:40:31.167  9300  9324 D MainActivity: Scanned /storage/emulated/0/Movies/raw
07-04 22:40:31.167  9300  9324 D MainActivity:   -> uri=content://media/external/file/7685
07-04 22:40:31.191  9300  9326 I Adreno  : QUALCOMM build                   : 8e59954, I0be83d0d26
07-04 22:40:31.191  9300  9326 I Adreno  : Build Date                       : 09/22/17
07-04 22:40:31.191  9300  9326 I Adreno  : OpenGL ES Shader Compiler Version: EV031.21.02.00
07-04 22:40:31.191  9300  9326 I Adreno  : Local Branch                     : O17A
07-04 22:40:31.191  9300  9326 I Adreno  : Remote Branch                    : 
07-04 22:40:31.191  9300  9326 I Adreno  : Remote Branch                    : 
07-04 22:40:31.191  9300  9326 I Adreno  : Reconstruct Branch               : 
07-04 22:40:31.192  9300  9326 D vndksupport: Loading /vendor/lib64/hw/gralloc.msm8992.so from current namespace instead of sphal namespace.
07-04 22:40:31.207  9300  9326 I Adreno  : PFP: 0x00000000, ME: 0x00000000
07-04 22:40:31.211  9300  9305 I zygote64: Do partial code cache collection, code=23KB, data=29KB
07-04 22:40:31.212  9300  9305 I zygote64: After code cache collection, code=23KB, data=29KB
07-04 22:40:31.212  9300  9305 I zygote64: Increasing code cache capacity to 128KB
07-04 22:40:31.213  9300  9300 I TransferNetworkLossHand: Network connectivity changed detected.
07-04 22:40:31.214  9300  9300 I TransferNetworkLossHand: Network connected: true
07-04 22:40:31.216  9300  9326 I zygote64: android::hardware::configstore::V1_0::ISurfaceFlingerConfigs::hasWideColorDisplay retrieved: 0
07-04 22:40:31.222  9300  9326 I OpenGLRenderer: Initialized EGL, version 1.4
07-04 22:40:31.222  9300  9326 D OpenGLRenderer: Swap behavior 2
07-04 22:40:31.301  9300  9326 D vndksupport: Loading /vendor/lib64/hw/android.hardware.graphics.mapper@2.0-impl.so from current namespace instead of sphal namespace.
07-04 22:40:31.302  9300  9326 D vndksupport: Loading /vendor/lib64/hw/gralloc.msm8992.so from current namespace instead of sphal namespace.
07-04 22:40:41.608  9300  9300 V MainActivity: Connect button clicked
07-04 22:40:45.575  9300  9300 V ConnectionFragment: Advertisement switch checked
07-04 22:40:48.173  9300  9300 D NearbyFragment: Started advertising
07-04 22:41:06.646  9300  9300 D NearbyFragment: Initiated connection with r5MZ: Galaxy S8 [2802]
07-04 22:41:06.690  9300  9305 I zygote64: Do partial code cache collection, code=54KB, data=59KB
07-04 22:41:06.691  9300  9305 I zygote64: After code cache collection, code=54KB, data=59KB
07-04 22:41:06.691  9300  9305 I zygote64: Increasing code cache capacity to 256KB
07-04 22:41:06.767  9300  9305 I zygote64: Compiler allocated 4MB to compile void android.view.View.<init>(android.content.Context, android.util.AttributeSet, int, int)
07-04 22:41:06.990  9300  9305 I zygote64: Do full code cache collection, code=118KB, data=101KB
07-04 22:41:06.991  9300  9305 I zygote64: After code cache collection, code=109KB, data=57KB
07-04 22:41:09.009  9300  9300 I NearbyFragment: Connected to Endpoint{id=r5MZ, name=Galaxy S8 [2802]}
07-04 22:41:25.770  9300  9300 D NearbyFragment: Initiated connection with 5zqo: Nexus 5 [1825]
07-04 22:41:27.666  9300  9305 I zygote64: Do partial code cache collection, code=124KB, data=89KB
07-04 22:41:27.667  9300  9305 I zygote64: After code cache collection, code=124KB, data=89KB
07-04 22:41:27.667  9300  9305 I zygote64: Increasing code cache capacity to 512KB
07-04 22:41:29.124  9300  9300 I NearbyFragment: Connected to Endpoint{id=5zqo, name=Nexus 5 [1825]}
07-04 22:41:32.219  9300  9300 V ConnectionFragment: Advertisement switch unchecked
07-04 22:41:32.219  9300  9300 D NearbyFragment: Stopped advertising
07-04 22:41:47.692  9300  9300 V ConnectionFragment: Auto-send switch checked
07-04 22:41:47.828  9300  9300 W NearbyFragment: Preferences:
07-04 22:41:47.828  9300  9300 W NearbyFragment:   Auto download: true
07-04 22:41:47.828  9300  9300 W NearbyFragment:   Algorithm: best_or_local
07-04 22:41:47.828  9300  9300 W NearbyFragment:   Fast scheduling: false
07-04 22:41:47.828  9300  9300 W NearbyFragment:   Segmentation: false
07-04 22:41:47.828  9300  9300 W NearbyFragment:   Auto segmentation: false
07-04 22:41:47.828  9300  9300 W NearbyFragment:   Segment number: 4
07-04 22:41:47.828  9300  9300 W NearbyFragment:   Noise tolerance: 45.00
07-04 22:41:47.828  9300  9300 W NearbyFragment:   Quality: 23
07-04 22:41:47.828  9300  9300 W NearbyFragment:   Speed: medium
07-04 22:41:47.828  9300  9300 W NearbyFragment:   Freeze duration: 1.00
07-04 22:41:47.829  9300  9300 W NearbyFragment: Download delay: 1s
07-04 22:41:47.829  9300  9300 W NearbyFragment: Started downloading from dashcam
07-04 22:41:47.830  9300  9494 V DownloadTestVideosTask: Starting DownloadTestVideosTask
07-04 22:41:47.834  9300  9494 V DashDownloadManager: Started downloading: 20200312_150643.mp4
07-04 22:41:47.847  9300  9494 D NetworkSecurityConfig: No Network Security Config specified, using platform default
07-04 22:42:04.302  9300  9494 V VideoManager: Retrieving video from /storage/emulated/0/Movies/raw/20200312_150643.mp4
07-04 22:42:04.332  9300  9494 D VideoManager: videoCursor is null
07-04 22:42:04.376  9300  9494 V VideoManager: videoFromCursor
07-04 22:42:04.383  9300  9494 W DashDownloadManager: Successfully downloaded 20200312_150643.mp4 in 16.454s
07-04 22:42:04.383  9300  9494 V DownloadTestVideosTask: Entering callback for download completion of 20200312_150643.mp4
07-04 22:42:04.389  9300  9494 V RawFootageEventHandler: onAdd
07-04 22:42:04.395  9300  9494 V NearbyFragment: nextTransfer with selected algorithm: best_or_local
07-04 22:42:04.407  9300  9494 W NearbyFragment: Sending 20200312_150643.mp4 to Galaxy S8 [2802]
07-04 22:42:04.430  9300  9300 V NearbyFragment: Transfer to Endpoint{id=r5MZ, name=Galaxy S8 [2802]} complete
07-04 22:42:05.414  9300  9494 V DownloadTestVideosTask: Starting DownloadTestVideosTask
07-04 22:42:05.424  9300  9494 V DashDownloadManager: Started downloading: 20200312_150744.mp4
07-04 22:42:12.335  9300  9300 V NearbyFragment: Transfer to Endpoint{id=r5MZ, name=Galaxy S8 [2802]} complete
07-04 22:42:12.857  9300  9300 D NearbyFragment: onPayloadReceived(endpointId=r5MZ, payload=com.google.android.gms.nearby.connection.Payload@ba45c3d)
07-04 22:42:12.863  9300  9300 D NearbyFragment: Endpoint{id=r5MZ, name=Galaxy S8 [2802]} has finished downloading 20200312_150643.mp4
07-04 22:42:12.867  9300  9300 V VideoManager: Retrieving video from /storage/emulated/0/Movies/raw/20200312_150643.mp4
07-04 22:42:12.880  9300  9300 V VideoManager: videoFromCursor
07-04 22:42:12.885  9300  9300 V ProcessingVideosEventHandler: onAdd
07-04 22:42:12.886  9300  9300 V RawFootageEventHandler: onRemove
07-04 22:42:12.925  9300  9300 V NearbyFragment: Transfer to Endpoint{id=r5MZ, name=Galaxy S8 [2802]} complete
07-04 22:42:13.009  9300  9305 I zygote64: Compiler allocated 4MB to compile void android.view.ViewRootImpl.performTraversals()
07-04 22:42:19.852  9300  9300 D NearbyFragment: onPayloadReceived(endpointId=r5MZ, payload=com.google.android.gms.nearby.connection.Payload@57f7f39)
07-04 22:42:19.858  9300  9300 D NearbyFragment: 20200312_150643.mp4 from Endpoint{id=r5MZ, name=Galaxy S8 [2802]} contained no activity
07-04 22:42:19.861  9300  9300 V VideoManager: Retrieving video from /storage/emulated/0/Movies/raw/20200312_150643.mp4
07-04 22:42:19.872  9300  9300 V VideoManager: videoFromCursor
07-04 22:42:19.875  9300  9300 V ProcessingVideosEventHandler: onRemove
07-04 22:42:19.877  9300  9300 I NearbyFragment: Transfer queue is empty
07-04 22:42:19.880  9300  9300 V NearbyFragment: Transfer to Endpoint{id=r5MZ, name=Galaxy S8 [2802]} complete
07-04 22:42:29.797  9300  9494 V VideoManager: Retrieving video from /storage/emulated/0/Movies/raw/20200312_150744.mp4
07-04 22:42:29.812  9300  9494 D VideoManager: videoCursor is null
07-04 22:42:29.852  9300  9494 V VideoManager: videoFromCursor
07-04 22:42:29.857  9300  9494 W DashDownloadManager: Successfully downloaded 20200312_150744.mp4 in 24.371s
07-04 22:42:29.859  9300  9494 V DownloadTestVideosTask: Entering callback for download completion of 20200312_150744.mp4
07-04 22:42:29.860  9300  9494 V RawFootageEventHandler: onAdd
07-04 22:42:29.864  9300  9494 V NearbyFragment: nextTransfer with selected algorithm: best_or_local
07-04 22:42:29.869  9300  9494 W NearbyFragment: Sending 20200312_150744.mp4 to Galaxy S8 [2802]
07-04 22:42:29.896  9300  9300 V NearbyFragment: Transfer to Endpoint{id=r5MZ, name=Galaxy S8 [2802]} complete
07-04 22:42:29.907  9300  9305 I zygote64: Do full code cache collection, code=245KB, data=177KB
07-04 22:42:29.908  9300  9305 I zygote64: After code cache collection, code=199KB, data=120KB
07-04 22:42:30.879  9300  9494 V DownloadTestVideosTask: Starting DownloadTestVideosTask
07-04 22:42:30.884  9300  9494 V DashDownloadManager: Started downloading: 20200312_150844.mp4
07-04 22:42:39.059  9300  9300 V NearbyFragment: Transfer to Endpoint{id=r5MZ, name=Galaxy S8 [2802]} complete
07-04 22:42:39.708  9300  9300 D NearbyFragment: onPayloadReceived(endpointId=r5MZ, payload=com.google.android.gms.nearby.connection.Payload@eacef8a)
07-04 22:42:39.717  9300  9300 D NearbyFragment: Endpoint{id=r5MZ, name=Galaxy S8 [2802]} has finished downloading 20200312_150744.mp4
07-04 22:42:39.721  9300  9300 V VideoManager: Retrieving video from /storage/emulated/0/Movies/raw/20200312_150744.mp4
07-04 22:42:39.738  9300  9300 V VideoManager: videoFromCursor
07-04 22:42:39.744  9300  9300 V ProcessingVideosEventHandler: onAdd
07-04 22:42:39.745  9300  9300 V RawFootageEventHandler: onRemove
07-04 22:42:39.758  9300  9300 V NearbyFragment: Transfer to Endpoint{id=r5MZ, name=Galaxy S8 [2802]} complete
07-04 22:42:52.005  9300  9494 V VideoManager: Retrieving video from /storage/emulated/0/Movies/raw/20200312_150844.mp4
07-04 22:42:52.026  9300  9494 D VideoManager: videoCursor is null
07-04 22:42:52.054  9300  9494 V VideoManager: videoFromCursor
07-04 22:42:52.059  9300  9494 W DashDownloadManager: Successfully downloaded 20200312_150844.mp4 in 21.116s
07-04 22:42:52.060  9300  9494 V DownloadTestVideosTask: Entering callback for download completion of 20200312_150844.mp4
07-04 22:42:52.061  9300  9494 V RawFootageEventHandler: onAdd
07-04 22:42:52.064  9300  9494 V NearbyFragment: nextTransfer with selected algorithm: best_or_local
07-04 22:42:52.069  9300  9494 W NearbyFragment: Sending 20200312_150844.mp4 to Nexus 5 [1825]
07-04 22:42:52.088  9300  9300 V NearbyFragment: Transfer to Endpoint{id=5zqo, name=Nexus 5 [1825]} complete
07-04 22:42:53.077  9300  9494 V DownloadTestVideosTask: Starting DownloadTestVideosTask
07-04 22:42:53.096  9300  9494 V DashDownloadManager: Started downloading: 20200312_150944.mp4
07-04 22:42:57.629  9300  9300 D NearbyFragment: onPayloadReceived(endpointId=r5MZ, payload=com.google.android.gms.nearby.connection.Payload@653ffc4)
07-04 22:42:57.631  9300  9300 V NearbyFragment: Started downloading 20200312_150744.mp4 from Endpoint{id=r5MZ, name=Galaxy S8 [2802]}
07-04 22:42:57.633  9300  9300 I NearbyFragment: Transfer queue is empty
07-04 22:42:57.638  9300  9300 V NearbyFragment: Transfer to Endpoint{id=r5MZ, name=Galaxy S8 [2802]} complete
07-04 22:42:57.708  9300  9300 D NearbyFragment: onPayloadReceived(endpointId=r5MZ, payload=com.google.android.gms.nearby.connection.Payload@f49cead)
07-04 22:42:57.854  9300  9300 V NearbyFragment: Transfer to Endpoint{id=r5MZ, name=Galaxy S8 [2802]} complete
07-04 22:42:57.858  9300  9300 W NearbyFragment: Completed downloading 20200312_150744.mp4 from Endpoint{id=r5MZ, name=Galaxy S8 [2802]} in 00.224s
07-04 22:42:57.919  9300  9300 V VideoManager: Retrieving video from /storage/emulated/0/Movies/summarised/20200312_150744.mp4
07-04 22:42:57.927  9300  9300 D VideoManager: videoCursor is null
07-04 22:42:57.951  9300  9300 V VideoManager: videoFromCursor
07-04 22:42:57.955  9300  9300 V SummarisedVideosEventHandler: onAdd
07-04 22:42:57.956  9300  9300 V ProcessingVideosEventHandler: removeByName
07-04 22:43:07.733  9300  9300 V NearbyFragment: Transfer to Endpoint{id=5zqo, name=Nexus 5 [1825]} complete
07-04 22:43:09.355  9300  9300 D NearbyFragment: onPayloadReceived(endpointId=5zqo, payload=com.google.android.gms.nearby.connection.Payload@4735430)
07-04 22:43:09.362  9300  9300 D NearbyFragment: Endpoint{id=5zqo, name=Nexus 5 [1825]} has finished downloading 20200312_150844.mp4
07-04 22:43:09.365  9300  9300 V VideoManager: Retrieving video from /storage/emulated/0/Movies/raw/20200312_150844.mp4
07-04 22:43:09.376  9300  9300 V VideoManager: videoFromCursor
07-04 22:43:09.380  9300  9300 V ProcessingVideosEventHandler: onAdd
07-04 22:43:09.381  9300  9300 V RawFootageEventHandler: onRemove
07-04 22:43:09.404  9300  9300 V NearbyFragment: Transfer to Endpoint{id=5zqo, name=Nexus 5 [1825]} complete
07-04 22:43:21.658  9300  9494 V VideoManager: Retrieving video from /storage/emulated/0/Movies/raw/20200312_150944.mp4
07-04 22:43:21.673  9300  9494 D VideoManager: videoCursor is null
07-04 22:43:21.719  9300  9494 V VideoManager: videoFromCursor
07-04 22:43:21.723  9300  9494 W DashDownloadManager: Successfully downloaded 20200312_150944.mp4 in 28.560s
07-04 22:43:21.724  9300  9494 V DownloadTestVideosTask: Entering callback for download completion of 20200312_150944.mp4
07-04 22:43:21.725  9300  9494 V RawFootageEventHandler: onAdd
07-04 22:43:21.727  9300  9494 V NearbyFragment: nextTransfer with selected algorithm: best_or_local
07-04 22:43:21.731  9300  9494 W NearbyFragment: Sending 20200312_150944.mp4 to Galaxy S8 [2802]
07-04 22:43:21.750  9300  9300 V NearbyFragment: Transfer to Endpoint{id=r5MZ, name=Galaxy S8 [2802]} complete
07-04 22:43:22.738  9300  9494 V DownloadTestVideosTask: Starting DownloadTestVideosTask
07-04 22:43:22.743  9300  9494 V DashDownloadManager: Started downloading: 20200312_151044.mp4
07-04 22:43:31.366  9300  9300 V NearbyFragment: Transfer to Endpoint{id=r5MZ, name=Galaxy S8 [2802]} complete
07-04 22:43:31.658  9300  9300 D NearbyFragment: onPayloadReceived(endpointId=r5MZ, payload=com.google.android.gms.nearby.connection.Payload@1284f3a)
07-04 22:43:31.665  9300  9300 D NearbyFragment: Endpoint{id=r5MZ, name=Galaxy S8 [2802]} has finished downloading 20200312_150944.mp4
07-04 22:43:31.669  9300  9300 V VideoManager: Retrieving video from /storage/emulated/0/Movies/raw/20200312_150944.mp4
07-04 22:43:31.685  9300  9300 V VideoManager: videoFromCursor
07-04 22:43:31.690  9300  9300 V ProcessingVideosEventHandler: onAdd
07-04 22:43:31.692  9300  9300 V RawFootageEventHandler: onRemove
07-04 22:43:31.711  9300  9300 V NearbyFragment: Transfer to Endpoint{id=r5MZ, name=Galaxy S8 [2802]} complete
07-04 22:43:36.034  9300  9300 D NearbyFragment: onPayloadReceived(endpointId=5zqo, payload=com.google.android.gms.nearby.connection.Payload@204c3e1)
07-04 22:43:36.042  9300  9300 V NearbyFragment: Started downloading 20200312_150844.mp4 from Endpoint{id=5zqo, name=Nexus 5 [1825]}
07-04 22:43:36.044  9300  9300 I NearbyFragment: Transfer queue is empty
07-04 22:43:36.049  9300  9300 V NearbyFragment: Transfer to Endpoint{id=5zqo, name=Nexus 5 [1825]} complete
07-04 22:43:36.088  9300  9300 D NearbyFragment: onPayloadReceived(endpointId=5zqo, payload=com.google.android.gms.nearby.connection.Payload@bc2506)
07-04 22:43:45.796  9300  9300 D NearbyFragment: onPayloadReceived(endpointId=r5MZ, payload=com.google.android.gms.nearby.connection.Payload@c07c7c7)
07-04 22:43:45.799  9300  9300 V NearbyFragment: Started downloading 20200312_150944.mp4 from Endpoint{id=r5MZ, name=Galaxy S8 [2802]}
07-04 22:43:45.800  9300  9300 I NearbyFragment: Transfer queue is empty
07-04 22:43:45.802  9300  9300 V NearbyFragment: Transfer to Endpoint{id=r5MZ, name=Galaxy S8 [2802]} complete
07-04 22:43:45.990  9300  9300 D NearbyFragment: onPayloadReceived(endpointId=r5MZ, payload=com.google.android.gms.nearby.connection.Payload@918e1f4)
07-04 22:43:46.535  9300  9300 V NearbyFragment: Transfer to Endpoint{id=r5MZ, name=Galaxy S8 [2802]} complete
07-04 22:43:46.538  9300  9300 W NearbyFragment: Completed downloading 20200312_150944.mp4 from Endpoint{id=r5MZ, name=Galaxy S8 [2802]} in 00.736s
07-04 22:43:46.596  9300  9300 V VideoManager: Retrieving video from /storage/emulated/0/Movies/summarised/20200312_150944.mp4
07-04 22:43:46.603  9300  9300 D VideoManager: videoCursor is null
07-04 22:43:46.641  9300  9300 V VideoManager: videoFromCursor
07-04 22:43:46.644  9300  9300 V SummarisedVideosEventHandler: onAdd
07-04 22:43:46.645  9300  9300 V ProcessingVideosEventHandler: removeByName
07-04 22:43:50.802  9300  9300 V NearbyFragment: Transfer to Endpoint{id=5zqo, name=Nexus 5 [1825]} complete
07-04 22:43:50.807  9300  9300 W NearbyFragment: Completed downloading 20200312_150844.mp4 from Endpoint{id=5zqo, name=Nexus 5 [1825]} in 14.760s
07-04 22:43:54.480  9300  9300 V VideoManager: Retrieving video from /storage/emulated/0/Movies/summarised/20200312_150844.mp4
07-04 22:43:54.494  9300  9300 D VideoManager: videoCursor is null
07-04 22:43:54.567  9300  9300 V VideoManager: videoFromCursor
07-04 22:43:54.570  9300  9300 V SummarisedVideosEventHandler: onAdd
07-04 22:43:54.571  9300  9300 V ProcessingVideosEventHandler: removeByName
07-04 22:43:57.977  9300  9494 V VideoManager: Retrieving video from /storage/emulated/0/Movies/raw/20200312_151044.mp4
07-04 22:43:57.989  9300  9494 D VideoManager: videoCursor is null
07-04 22:43:58.043  9300  9494 V VideoManager: videoFromCursor
07-04 22:43:58.048  9300  9494 W DashDownloadManager: Successfully downloaded 20200312_151044.mp4 in 35.232s
07-04 22:43:58.049  9300  9494 V DownloadTestVideosTask: Entering callback for download completion of 20200312_151044.mp4
07-04 22:43:58.050  9300  9494 V RawFootageEventHandler: onAdd
07-04 22:43:58.055  9300  9494 V NearbyFragment: nextTransfer with selected algorithm: best_or_local
07-04 22:43:58.058  9300  9494 W NearbyFragment: Sending 20200312_151044.mp4 to Galaxy S8 [2802]
07-04 22:43:58.082  9300  9300 V NearbyFragment: Transfer to Endpoint{id=r5MZ, name=Galaxy S8 [2802]} complete
07-04 22:43:59.065  9300  9494 V DownloadTestVideosTask: Starting DownloadTestVideosTask
07-04 22:43:59.069  9300  9494 V DashDownloadManager: Started downloading: 20200312_193528.mp4
07-04 22:44:07.677  9300  9300 V NearbyFragment: Transfer to Endpoint{id=r5MZ, name=Galaxy S8 [2802]} complete
07-04 22:44:08.085  9300  9300 D NearbyFragment: onPayloadReceived(endpointId=r5MZ, payload=com.google.android.gms.nearby.connection.Payload@1ca7b8c)
07-04 22:44:08.092  9300  9300 D NearbyFragment: Endpoint{id=r5MZ, name=Galaxy S8 [2802]} has finished downloading 20200312_151044.mp4
07-04 22:44:08.096  9300  9300 V VideoManager: Retrieving video from /storage/emulated/0/Movies/raw/20200312_151044.mp4
07-04 22:44:08.112  9300  9300 V VideoManager: videoFromCursor
07-04 22:44:08.116  9300  9300 V ProcessingVideosEventHandler: onAdd
07-04 22:44:08.117  9300  9300 V RawFootageEventHandler: onRemove
07-04 22:44:08.125  9300  9300 V NearbyFragment: Transfer to Endpoint{id=r5MZ, name=Galaxy S8 [2802]} complete
07-04 22:44:15.283  9300  9300 D NearbyFragment: onPayloadReceived(endpointId=r5MZ, payload=com.google.android.gms.nearby.connection.Payload@14451db)
07-04 22:44:15.287  9300  9300 D NearbyFragment: 20200312_151044.mp4 from Endpoint{id=r5MZ, name=Galaxy S8 [2802]} contained no activity
07-04 22:44:15.289  9300  9300 V VideoManager: Retrieving video from /storage/emulated/0/Movies/raw/20200312_151044.mp4
07-04 22:44:15.296  9300  9305 I zygote64: Do partial code cache collection, code=249KB, data=150KB
07-04 22:44:15.297  9300  9305 I zygote64: After code cache collection, code=249KB, data=150KB
07-04 22:44:15.297  9300  9305 I zygote64: Increasing code cache capacity to 1024KB
07-04 22:44:15.305  9300  9300 V VideoManager: videoFromCursor
07-04 22:44:15.310  9300  9300 V ProcessingVideosEventHandler: onRemove
07-04 22:44:15.311  9300  9300 I NearbyFragment: Transfer queue is empty
07-04 22:44:15.313  9300  9300 V NearbyFragment: Transfer to Endpoint{id=r5MZ, name=Galaxy S8 [2802]} complete
07-04 22:44:23.209  9300  9494 V VideoManager: Retrieving video from /storage/emulated/0/Movies/raw/20200312_193528.mp4
07-04 22:44:23.221  9300  9494 D VideoManager: videoCursor is null
07-04 22:44:23.249  9300  9494 V VideoManager: videoFromCursor
07-04 22:44:23.253  9300  9494 W DashDownloadManager: Successfully downloaded 20200312_193528.mp4 in 24.139s
07-04 22:44:23.254  9300  9494 V DownloadTestVideosTask: Entering callback for download completion of 20200312_193528.mp4
07-04 22:44:23.255  9300  9494 V RawFootageEventHandler: onAdd
07-04 22:44:23.258  9300  9494 V NearbyFragment: nextTransfer with selected algorithm: best_or_local
07-04 22:44:23.261  9300  9494 W NearbyFragment: Sending 20200312_193528.mp4 to Galaxy S8 [2802]
07-04 22:44:23.282  9300  9300 V NearbyFragment: Transfer to Endpoint{id=r5MZ, name=Galaxy S8 [2802]} complete
07-04 22:44:24.267  9300  9494 V DownloadTestVideosTask: Starting DownloadTestVideosTask
07-04 22:44:24.271  9300  9494 V DashDownloadManager: Started downloading: 20200312_193628.mp4
07-04 22:44:36.301  9300  9300 V NearbyFragment: Transfer to Endpoint{id=r5MZ, name=Galaxy S8 [2802]} complete
07-04 22:44:36.831  9300  9300 D NearbyFragment: onPayloadReceived(endpointId=r5MZ, payload=com.google.android.gms.nearby.connection.Payload@5b2b024)
07-04 22:44:36.834  9300  9300 D NearbyFragment: Endpoint{id=r5MZ, name=Galaxy S8 [2802]} has finished downloading 20200312_193528.mp4
07-04 22:44:36.836  9300  9300 V VideoManager: Retrieving video from /storage/emulated/0/Movies/raw/20200312_193528.mp4
07-04 22:44:36.858  9300  9300 V VideoManager: videoFromCursor
07-04 22:44:36.864  9300  9300 V ProcessingVideosEventHandler: onAdd
07-04 22:44:36.865  9300  9300 V RawFootageEventHandler: onRemove
07-04 22:44:36.899  9300  9300 V NearbyFragment: Transfer to Endpoint{id=r5MZ, name=Galaxy S8 [2802]} complete
07-04 22:44:41.886  9300  9300 V MainActivity: Navigation summarised button clicked
07-04 22:44:42.722  9300  9300 I Choreographer: Skipped 30 frames!  The application may be doing too much work on its main thread.
07-04 22:44:44.019  9300  9300 D NearbyFragment: onPayloadReceived(endpointId=r5MZ, payload=com.google.android.gms.nearby.connection.Payload@24b4480)
07-04 22:44:44.024  9300  9300 D NearbyFragment: 20200312_193528.mp4 from Endpoint{id=r5MZ, name=Galaxy S8 [2802]} contained no activity
07-04 22:44:44.029  9300  9300 V VideoManager: Retrieving video from /storage/emulated/0/Movies/raw/20200312_193528.mp4
07-04 22:44:44.048  9300  9300 V VideoManager: videoFromCursor
07-04 22:44:44.053  9300  9300 V ProcessingVideosEventHandler: onRemove
07-04 22:44:44.055  9300  9300 I NearbyFragment: Transfer queue is empty
07-04 22:44:44.057  9300  9300 V NearbyFragment: Transfer to Endpoint{id=r5MZ, name=Galaxy S8 [2802]} complete
07-04 22:44:58.172  9300  9494 V VideoManager: Retrieving video from /storage/emulated/0/Movies/raw/20200312_193628.mp4
07-04 22:44:58.187  9300  9494 D VideoManager: videoCursor is null
07-04 22:44:58.221  9300  9494 V VideoManager: videoFromCursor
07-04 22:44:58.226  9300  9494 W DashDownloadManager: Successfully downloaded 20200312_193628.mp4 in 33.899s
07-04 22:44:58.227  9300  9494 V DownloadTestVideosTask: Entering callback for download completion of 20200312_193628.mp4
07-04 22:44:58.228  9300  9494 V RawFootageEventHandler: onAdd
07-04 22:44:58.233  9300  9494 V NearbyFragment: nextTransfer with selected algorithm: best_or_local
07-04 22:44:58.237  9300  9494 W NearbyFragment: Sending 20200312_193628.mp4 to Galaxy S8 [2802]
07-04 22:44:58.256  9300  9300 V NearbyFragment: Transfer to Endpoint{id=r5MZ, name=Galaxy S8 [2802]} complete
07-04 22:44:59.245  9300  9494 V DownloadTestVideosTask: Starting DownloadTestVideosTask
07-04 22:44:59.260  9300  9494 V DashDownloadManager: Started downloading: 20200312_193728.mp4
07-04 22:45:06.706  9300  9300 V NearbyFragment: Transfer to Endpoint{id=r5MZ, name=Galaxy S8 [2802]} complete
07-04 22:45:06.949  9300  9300 D NearbyFragment: onPayloadReceived(endpointId=r5MZ, payload=com.google.android.gms.nearby.connection.Payload@95de975)
07-04 22:45:06.951  9300  9300 D NearbyFragment: Endpoint{id=r5MZ, name=Galaxy S8 [2802]} has finished downloading 20200312_193628.mp4
07-04 22:45:06.953  9300  9300 V VideoManager: Retrieving video from /storage/emulated/0/Movies/raw/20200312_193628.mp4
07-04 22:45:06.972  9300  9300 V VideoManager: videoFromCursor
07-04 22:45:06.977  9300  9300 V ProcessingVideosEventHandler: onAdd
07-04 22:45:06.979  9300  9300 V RawFootageEventHandler: onRemove
07-04 22:45:07.016  9300  9300 V NearbyFragment: Transfer to Endpoint{id=r5MZ, name=Galaxy S8 [2802]} complete
07-04 22:45:26.275  9300  9300 D NearbyFragment: onPayloadReceived(endpointId=r5MZ, payload=com.google.android.gms.nearby.connection.Payload@bfd2398)
07-04 22:45:26.275  9300  9300 V NearbyFragment: Started downloading 20200312_193628.mp4 from Endpoint{id=r5MZ, name=Galaxy S8 [2802]}
07-04 22:45:26.276  9300  9300 I NearbyFragment: Transfer queue is empty
07-04 22:45:26.453  9300  9300 V NearbyFragment: Transfer to Endpoint{id=r5MZ, name=Galaxy S8 [2802]} complete
07-04 22:45:26.502  9300  9300 D NearbyFragment: onPayloadReceived(endpointId=r5MZ, payload=com.google.android.gms.nearby.connection.Payload@b30a7f1)
