07-04 22:46:13.968 27772 27772 W NearbyFragment: Completed downloading 20200312_193828.mp4 from Endpoint{id=MGMd, name=Nexus 5X [34d8]} in 09.295s
07-04 22:46:13.970 27772 27772 D NearbyFragment: Summarising 20200312_193828.mp4
07-04 22:46:13.970 27772 27772 V VideoManager: Retrieving video from /storage/emulated/0/Download/Nearby/20200312_193828.mp4
07-04 22:46:13.988 27772 27772 V VideoManager: videoFromCursor
07-04 22:46:13.992 27772 27772 V ProcessingVideosEventHandler: onAdd
07-04 22:46:13.992 27772 27772 V RawFootageEventHandler: onRemove
07-04 22:46:14.000 27772 27772 V NearbyFragment: Transfer to Endpoint{id=MGMd, name=Nexus 5X [34d8]} complete
07-04 22:46:14.010 27772 29063 V SummariserIntentService: onHandleIntent
07-04 22:46:14.011 27772 29063 D SummariserIntentService: Video{id='137807', data='/storage/emulated/0/Download/Nearby/20200312_193828.mp4', name='20200312_193828.mp4', size=69990400, visible=true, mimeType='video/mp4'}
07-04 22:46:14.011 27772 29063 D SummariserIntentService: /storage/emulated/0/Movies/summarised/20200312_193828.mp4
07-04 22:46:14.018 27772 28638 W mobile-ffmpeg: [mov,mp4,m4a,3gp,3g2,mj2 @ 0x7a68d35e00] Found duplicated MOOV Atom. Skipped it
07-04 22:46:14.111 27772 28638 W mobile-ffmpeg: [graph 0 input from stream 0:0 @ 0x7a6af19780] sws_param option is deprecated and ignored
07-04 22:46:21.003 27772 29063 W Summariser: 1 active sections found
07-04 22:46:21.004 27772 29063 I FfmpegTools: Running ffmpeg with:
07-04 22:46:21.004 27772 29063 I FfmpegTools:   -y -i /storage/emulated/0/Download/Nearby/20200312_193828.mp4 -filter_complex [0:v]trim=0.000000:14.212000,setpts=PTS-STARTPTS[v0];[0:a]atrim=0.000000:14.212000,asetpts=PTS-STARTPTS[a0];[v0][a0]concat=n=1:v=1:a=1[outv][outa] -map [outv] -map [outa] -crf 23 -preset medium /storage/emulated/0/Movies/summarised/20200312_193828.mp4
07-04 22:46:21.008 27772 28638 W mobile-ffmpeg: [mov,mp4,m4a,3gp,3g2,mj2 @ 0x7a68d35e00] Found duplicated MOOV Atom. Skipped it
07-04 22:46:21.064 27772 28638 W mobile-ffmpeg: [graph 0 input from stream 0:0 @ 0x7a6ae95f40] sws_param option is deprecated and ignored
07-04 22:46:34.489 27772 29063 V FfmpegTools: Retrieving duration of /storage/emulated/0/Download/Nearby/20200312_193828.mp4
07-04 22:46:34.491 27772 28638 W mobile-ffmpeg: [mov,mp4,m4a,3gp,3g2,mj2 @ 0x7a68d35e00] Found duplicated MOOV Atom. Skipped it
07-04 22:46:34.530 27772 29063 V FfmpegTools: Retrieving duration of /storage/emulated/0/Movies/summarised/20200312_193828.mp4
07-04 22:46:34.550 27772 29063 W Summariser: Summarisation completed
07-04 22:46:34.550 27772 29063 W Summariser:   filename: 20200312_193828.mp4
07-04 22:46:34.550 27772 29063 W Summariser:   active sections: 1
07-04 22:46:34.550 27772 29063 W Summariser:   time: 20.476s
07-04 22:46:34.550 27772 29063 W Summariser:   original duration: 60.02
07-04 22:46:34.550 27772 29063 W Summariser:   summarised duration: 14.28
07-04 22:46:34.550 27772 29063 W Summariser:   noise tolerance: 45.00
07-04 22:46:34.550 27772 29063 W Summariser:   quality: 23
07-04 22:46:34.550 27772 29063 W Summariser:   speed: medium
07-04 22:46:34.550 27772 29063 W Summariser:   freeze duration: 1.00
07-04 22:46:34.550 27772 29063 V VideoManager: Retrieving video from /storage/emulated/0/Movies/summarised/20200312_193828.mp4
07-04 22:46:34.575 27772 29063 D VideoManager: videoCursor is null
07-04 22:46:34.664 27772 29063 V VideoManager: videoFromCursor
07-04 22:46:34.668 27772 29063 V SummarisedVideosEventHandler: onAdd
07-04 22:46:34.672 27772 29063 W NearbyFragment: Sending 20200312_193828.mp4 to Nexus 5X [34d8]
07-04 22:46:34.676 27772 29063 V ProcessingVideosEventHandler: onRemove
07-04 22:46:34.721 27772 27772 V NearbyFragment: Transfer to Endpoint{id=MGMd, name=Nexus 5X [34d8]} complete
07-04 22:46:34.786 27772 28851 D SummariserIntentService: Scanned /storage/emulated/0/Movies/summarised
07-04 22:46:34.786 27772 28851 D SummariserIntentService:   -> uri=content://media/external/file/137797
07-04 22:46:34.956 27772 27772 V NearbyFragment: Transfer to Endpoint{id=MGMd, name=Nexus 5X [34d8]} complete
07-04 22:46:37.539 27772 27772 D NearbyFragment: onPayloadReceived(endpointId=MGMd, payload=com.google.android.gms.nearby.connection.Payload@f0439f6)
07-04 22:46:37.545 27772 27772 V NearbyFragment: Started downloading SUMMARISE:-6182611336019649532:20200312_193928.mp4:45.0_1.0_23_medium from Endpoint{id=MGMd, name=Nexus 5X [34d8]}
07-04 22:46:37.558 27772 27772 V NearbyFragment: Transfer to Endpoint{id=MGMd, name=Nexus 5X [34d8]} complete
07-04 22:46:37.574 27772 27772 D NearbyFragment: onPayloadReceived(endpointId=MGMd, payload=com.google.android.gms.nearby.connection.Payload@8b9d1f7)
07-04 22:46:47.768 27772 27772 V NearbyFragment: Transfer to Endpoint{id=MGMd, name=Nexus 5X [34d8]} complete
07-04 22:46:47.773 27772 27772 W NearbyFragment: Completed downloading 20200312_193928.mp4 from Endpoint{id=MGMd, name=Nexus 5X [34d8]} in 10.221s
07-04 22:46:47.781 27772 27772 D NearbyFragment: Summarising 20200312_193928.mp4
07-04 22:46:47.783 27772 27772 V VideoManager: Retrieving video from /storage/emulated/0/Download/Nearby/20200312_193928.mp4
07-04 22:46:47.804 27772 27772 D VideoManager: videoCursor is null
07-04 22:46:47.862 27772 27772 V VideoManager: videoFromCursor
07-04 22:46:47.868 27772 27772 V ProcessingVideosEventHandler: onAdd
07-04 22:46:47.869 27772 27772 V RawFootageEventHandler: onRemove
07-04 22:46:47.879 27772 27772 V NearbyFragment: Transfer to Endpoint{id=MGMd, name=Nexus 5X [34d8]} complete
07-04 22:46:47.889 27772 29166 V SummariserIntentService: onHandleIntent
07-04 22:46:47.890 27772 29166 D SummariserIntentService: Video{id='138048', data='/storage/emulated/0/Download/Nearby/20200312_193928.mp4', name='20200312_193928.mp4', size=69990400, visible=true, mimeType='video/mp4'}
07-04 22:46:47.890 27772 29166 D SummariserIntentService: /storage/emulated/0/Movies/summarised/20200312_193928.mp4
07-04 22:46:47.905 27772 28638 W mobile-ffmpeg: [mov,mp4,m4a,3gp,3g2,mj2 @ 0x7a68d35e00] Found duplicated MOOV Atom. Skipped it
07-04 22:46:48.038 27772 28638 W mobile-ffmpeg: [graph 0 input from stream 0:0 @ 0x7a6af19780] sws_param option is deprecated and ignored
07-04 22:46:55.074 27772 29166 W Summariser: No activity detected
07-04 22:46:55.074 27772 29166 V FfmpegTools: Retrieving duration of /storage/emulated/0/Download/Nearby/20200312_193928.mp4
07-04 22:46:55.077 27772 28638 W mobile-ffmpeg: [mov,mp4,m4a,3gp,3g2,mj2 @ 0x7a68d35e00] Found duplicated MOOV Atom. Skipped it
07-04 22:46:55.104 27772 29166 W Summariser: Summarisation completed
07-04 22:46:55.104 27772 29166 W Summariser:   filename: 20200312_193928.mp4
07-04 22:46:55.104 27772 29166 W Summariser:   active sections: 0
07-04 22:46:55.104 27772 29166 W Summariser:   time: 07.182s
07-04 22:46:55.104 27772 29166 W Summariser:   original duration: 60.89
07-04 22:46:55.104 27772 29166 W Summariser:   summarised duration: -1.00
07-04 22:46:55.104 27772 29166 W Summariser:   noise tolerance: 45.00
07-04 22:46:55.104 27772 29166 W Summariser:   quality: 23
07-04 22:46:55.104 27772 29166 W Summariser:   speed: medium
07-04 22:46:55.104 27772 29166 W Summariser:   freeze duration: 1.00
07-04 22:46:55.105 27772 29166 V ProcessingVideosEventHandler: onRemove
07-04 22:46:55.130 27772 27772 V NearbyFragment: Transfer to Endpoint{id=MGMd, name=Nexus 5X [34d8]} complete
07-04 22:46:55.184 27772 28851 D SummariserIntentService: Scanned /storage/emulated/0/Movies/summarised
07-04 22:46:55.184 27772 28851 D SummariserIntentService:   -> uri=content://media/external/file/137797
07-04 22:47:02.828 27772 27772 D NearbyFragment: onPayloadReceived(endpointId=MGMd, payload=com.google.android.gms.nearby.connection.Payload@84dcffc)
07-04 22:47:02.833 27772 27772 V NearbyFragment: Started downloading SUMMARISE:-5571138908992363709:20200312_194129.mp4:45.0_1.0_23_medium from Endpoint{id=MGMd, name=Nexus 5X [34d8]}
07-04 22:47:02.883 27772 27772 D NearbyFragment: onPayloadReceived(endpointId=MGMd, payload=com.google.android.gms.nearby.connection.Payload@7688685)
07-04 22:47:02.889 27772 27772 V NearbyFragment: Transfer to Endpoint{id=MGMd, name=Nexus 5X [34d8]} complete
07-04 22:47:12.509 27772 27772 V NearbyFragment: Transfer to Endpoint{id=MGMd, name=Nexus 5X [34d8]} complete
07-04 22:47:12.511 27772 27772 W NearbyFragment: Completed downloading 20200312_194129.mp4 from Endpoint{id=MGMd, name=Nexus 5X [34d8]} in 09.675s
07-04 22:47:12.516 27772 27772 D NearbyFragment: Summarising 20200312_194129.mp4
07-04 22:47:12.517 27772 27772 V VideoManager: Retrieving video from /storage/emulated/0/Download/Nearby/20200312_194129.mp4
07-04 22:47:12.532 27772 27772 V VideoManager: videoFromCursor
07-04 22:47:12.537 27772 27772 V ProcessingVideosEventHandler: onAdd
07-04 22:47:12.538 27772 27772 V RawFootageEventHandler: onRemove
07-04 22:47:12.548 27772 27772 V NearbyFragment: Transfer to Endpoint{id=MGMd, name=Nexus 5X [34d8]} complete
07-04 22:47:12.557 27772 29203 V SummariserIntentService: onHandleIntent
07-04 22:47:12.558 27772 29203 D SummariserIntentService: Video{id='137809', data='/storage/emulated/0/Download/Nearby/20200312_194129.mp4', name='20200312_194129.mp4', size=69990400, visible=true, mimeType='video/mp4'}
07-04 22:47:12.559 27772 29203 D SummariserIntentService: /storage/emulated/0/Movies/summarised/20200312_194129.mp4
07-04 22:47:12.572 27772 28638 W mobile-ffmpeg: [mov,mp4,m4a,3gp,3g2,mj2 @ 0x7a68d35e00] Found duplicated MOOV Atom. Skipped it
07-04 22:47:12.694 27772 28638 W mobile-ffmpeg: [graph 0 input from stream 0:0 @ 0x7a6af19780] sws_param option is deprecated and ignored
07-04 22:47:19.635 27772 29203 W Summariser: 2 active sections found
07-04 22:47:19.635 27772 29203 I FfmpegTools: Running ffmpeg with:
07-04 22:47:19.635 27772 29203 I FfmpegTools:   -y -i /storage/emulated/0/Download/Nearby/20200312_194129.mp4 -filter_complex [0:v]trim=29.127000:39.369000,setpts=PTS-STARTPTS[v0];[0:a]atrim=29.127000:39.369000,asetpts=PTS-STARTPTS[a0];[0:v]trim=49.345000:49.812000,setpts=PTS-STARTPTS[v1];[0:a]atrim=49.345000:49.812000,asetpts=PTS-STARTPTS[a1];[v0][a0][v1][a1]concat=n=2:v=1:a=1[outv][outa] -map [outv] -map [outa] -crf 23 -preset medium /storage/emulated/0/Movies/summarised/20200312_194129.mp4
07-04 22:47:19.640 27772 28638 W mobile-ffmpeg: [mov,mp4,m4a,3gp,3g2,mj2 @ 0x7a68d35e00] Found duplicated MOOV Atom. Skipped it
07-04 22:47:19.682 27772 28638 W mobile-ffmpeg: [graph 0 input from stream 0:0 @ 0x7a6af19600] sws_param option is deprecated and ignored
07-04 22:47:19.682 27772 28638 W mobile-ffmpeg: [graph 0 input from stream 0:0 @ 0x7a6af19b40] sws_param option is deprecated and ignored
07-04 22:47:34.252 27772 29203 V FfmpegTools: Retrieving duration of /storage/emulated/0/Download/Nearby/20200312_194129.mp4
07-04 22:47:34.255 27772 28638 W mobile-ffmpeg: [mov,mp4,m4a,3gp,3g2,mj2 @ 0x7a68d35e00] Found duplicated MOOV Atom. Skipped it
07-04 22:47:34.281 27772 29203 V FfmpegTools: Retrieving duration of /storage/emulated/0/Movies/summarised/20200312_194129.mp4
07-04 22:47:34.300 27772 29203 W Summariser: Summarisation completed
07-04 22:47:34.300 27772 29203 W Summariser:   filename: 20200312_194129.mp4
07-04 22:47:34.300 27772 29203 W Summariser:   active sections: 2
07-04 22:47:34.300 27772 29203 W Summariser:   time: 21.692s
07-04 22:47:34.300 27772 29203 W Summariser:   original duration: 60.02
07-04 22:47:34.300 27772 29203 W Summariser:   summarised duration: 10.77
07-04 22:47:34.300 27772 29203 W Summariser:   noise tolerance: 45.00
07-04 22:47:34.300 27772 29203 W Summariser:   quality: 23
07-04 22:47:34.300 27772 29203 W Summariser:   speed: medium
07-04 22:47:34.300 27772 29203 W Summariser:   freeze duration: 1.00
07-04 22:47:34.300 27772 29203 V VideoManager: Retrieving video from /storage/emulated/0/Movies/summarised/20200312_194129.mp4
07-04 22:47:34.309 27772 29203 D VideoManager: videoCursor is null
07-04 22:47:34.371 27772 29203 V VideoManager: videoFromCursor
07-04 22:47:34.374 27772 29203 V SummarisedVideosEventHandler: onAdd
07-04 22:47:34.377 27772 29203 W NearbyFragment: Sending 20200312_194129.mp4 to Nexus 5X [34d8]
07-04 22:47:34.381 27772 29203 V ProcessingVideosEventHandler: onRemove
07-04 22:47:34.404 27772 27772 V NearbyFragment: Transfer to Endpoint{id=MGMd, name=Nexus 5X [34d8]} complete
07-04 22:47:34.456 27772 27896 D SummariserIntentService: Scanned /storage/emulated/0/Movies/summarised
07-04 22:47:34.456 27772 27896 D SummariserIntentService:   -> uri=content://media/external/file/137797
07-04 22:47:34.698 27772 27772 V NearbyFragment: Transfer to Endpoint{id=MGMd, name=Nexus 5X [34d8]} complete
07-04 22:48:02.838 27772 27772 D NearbyFragment: onPayloadReceived(endpointId=MGMd, payload=com.google.android.gms.nearby.connection.Payload@6c4d400)
07-04 22:48:02.843 27772 27772 V NearbyFragment: Started downloading SUMMARISE:-6151232452318764184:20200312_194330.mp4:45.0_1.0_23_medium from Endpoint{id=MGMd, name=Nexus 5X [34d8]}
07-04 22:48:02.883 27772 27772 D NearbyFragment: onPayloadReceived(endpointId=MGMd, payload=com.google.android.gms.nearby.connection.Payload@2667439)
07-04 22:48:02.888 27772 27772 V NearbyFragment: Transfer to Endpoint{id=MGMd, name=Nexus 5X [34d8]} complete
07-04 22:48:12.406 27772 27772 V NearbyFragment: Transfer to Endpoint{id=MGMd, name=Nexus 5X [34d8]} complete
07-04 22:48:12.408 27772 27772 W NearbyFragment: Completed downloading 20200312_194330.mp4 from Endpoint{id=MGMd, name=Nexus 5X [34d8]} in 09.562s
07-04 22:48:12.413 27772 27772 D NearbyFragment: Summarising 20200312_194330.mp4
07-04 22:48:12.414 27772 27772 V VideoManager: Retrieving video from /storage/emulated/0/Download/Nearby/20200312_194330.mp4
07-04 22:48:12.433 27772 27772 V VideoManager: videoFromCursor
07-04 22:48:12.438 27772 27772 V ProcessingVideosEventHandler: onAdd
07-04 22:48:12.438 27772 27772 V RawFootageEventHandler: onRemove
07-04 22:48:12.450 27772 27772 V NearbyFragment: Transfer to Endpoint{id=MGMd, name=Nexus 5X [34d8]} complete
07-04 22:48:12.459 27772 29362 V SummariserIntentService: onHandleIntent
07-04 22:48:12.460 27772 29362 D SummariserIntentService: Video{id='137811', data='/storage/emulated/0/Download/Nearby/20200312_194330.mp4', name='20200312_194330.mp4', size=69990400, visible=true, mimeType='video/mp4'}
07-04 22:48:12.460 27772 29362 D SummariserIntentService: /storage/emulated/0/Movies/summarised/20200312_194330.mp4
07-04 22:48:12.473 27772 28638 W mobile-ffmpeg: [mov,mp4,m4a,3gp,3g2,mj2 @ 0x7a68d35e00] Found duplicated MOOV Atom. Skipped it
07-04 22:48:12.578 27772 28638 W mobile-ffmpeg: [graph 0 input from stream 0:0 @ 0x7a6af19780] sws_param option is deprecated and ignored
07-04 22:48:19.586 27772 29362 W Summariser: No activity detected
07-04 22:48:19.586 27772 29362 V FfmpegTools: Retrieving duration of /storage/emulated/0/Download/Nearby/20200312_194330.mp4
07-04 22:48:19.589 27772 28638 W mobile-ffmpeg: [mov,mp4,m4a,3gp,3g2,mj2 @ 0x7a68d35e00] Found duplicated MOOV Atom. Skipped it
07-04 22:48:19.614 27772 29362 W Summariser: Summarisation completed
07-04 22:48:19.614 27772 29362 W Summariser:   filename: 20200312_194330.mp4
07-04 22:48:19.614 27772 29362 W Summariser:   active sections: 0
07-04 22:48:19.614 27772 29362 W Summariser:   time: 07.124s
07-04 22:48:19.614 27772 29362 W Summariser:   original duration: 60.02
07-04 22:48:19.614 27772 29362 W Summariser:   summarised duration: -1.00
07-04 22:48:19.614 27772 29362 W Summariser:   noise tolerance: 45.00
07-04 22:48:19.614 27772 29362 W Summariser:   quality: 23
07-04 22:48:19.614 27772 29362 W Summariser:   speed: medium
07-04 22:48:19.614 27772 29362 W Summariser:   freeze duration: 1.00
07-04 22:48:19.615 27772 29362 V ProcessingVideosEventHandler: onRemove
07-04 22:48:19.631 27772 27772 V NearbyFragment: Transfer to Endpoint{id=MGMd, name=Nexus 5X [34d8]} complete
07-04 22:48:19.699 27772 27784 D SummariserIntentService: Scanned /storage/emulated/0/Movies/summarised
07-04 22:48:19.699 27772 27784 D SummariserIntentService:   -> uri=content://media/external/file/137797
07-04 22:48:33.768 27772 27772 D NearbyFragment: onPayloadReceived(endpointId=MGMd, payload=com.google.android.gms.nearby.connection.Payload@607eb56)
07-04 22:48:33.773 27772 27772 V NearbyFragment: Started downloading SUMMARISE:-8900847104555320872:20200312_194730.mp4:45.0_1.0_23_medium from Endpoint{id=MGMd, name=Nexus 5X [34d8]}
07-04 22:48:33.783 27772 27772 V NearbyFragment: Transfer to Endpoint{id=MGMd, name=Nexus 5X [34d8]} complete
07-04 22:48:33.809 27772 27772 D NearbyFragment: onPayloadReceived(endpointId=MGMd, payload=com.google.android.gms.nearby.connection.Payload@59797d7)
07-04 22:48:43.567 27772 27772 V NearbyFragment: Transfer to Endpoint{id=MGMd, name=Nexus 5X [34d8]} complete
07-04 22:48:43.572 27772 27772 W NearbyFragment: Completed downloading 20200312_194730.mp4 from Endpoint{id=MGMd, name=Nexus 5X [34d8]} in 09.794s
07-04 22:48:43.580 27772 27772 D NearbyFragment: Summarising 20200312_194730.mp4
07-04 22:48:43.583 27772 27772 V VideoManager: Retrieving video from /storage/emulated/0/Download/Nearby/20200312_194730.mp4
07-04 22:48:43.602 27772 27772 V VideoManager: videoFromCursor
07-04 22:48:43.607 27772 27772 V ProcessingVideosEventHandler: onAdd
07-04 22:48:43.608 27772 27772 V RawFootageEventHandler: onRemove
07-04 22:48:43.617 27772 27772 V NearbyFragment: Transfer to Endpoint{id=MGMd, name=Nexus 5X [34d8]} complete
07-04 22:48:43.627 27772 29394 V SummariserIntentService: onHandleIntent
07-04 22:48:43.629 27772 29394 D SummariserIntentService: Video{id='137812', data='/storage/emulated/0/Download/Nearby/20200312_194730.mp4', name='20200312_194730.mp4', size=69990400, visible=true, mimeType='video/mp4'}
07-04 22:48:43.629 27772 29394 D SummariserIntentService: /storage/emulated/0/Movies/summarised/20200312_194730.mp4
07-04 22:48:43.641 27772 28638 W mobile-ffmpeg: [mov,mp4,m4a,3gp,3g2,mj2 @ 0x7a68d35e00] Found duplicated MOOV Atom. Skipped it
07-04 22:48:43.743 27772 28638 W mobile-ffmpeg: [graph 0 input from stream 0:0 @ 0x7a6af19780] sws_param option is deprecated and ignored
07-04 22:48:50.813 27772 29394 W Summariser: No activity detected
07-04 22:48:50.814 27772 29394 V FfmpegTools: Retrieving duration of /storage/emulated/0/Download/Nearby/20200312_194730.mp4
07-04 22:48:50.816 27772 28638 W mobile-ffmpeg: [mov,mp4,m4a,3gp,3g2,mj2 @ 0x7a68d35e00] Found duplicated MOOV Atom. Skipped it
07-04 22:48:50.841 27772 29394 W Summariser: Summarisation completed
07-04 22:48:50.841 27772 29394 W Summariser:   filename: 20200312_194730.mp4
07-04 22:48:50.841 27772 29394 W Summariser:   active sections: 0
07-04 22:48:50.841 27772 29394 W Summariser:   time: 07.183s
07-04 22:48:50.841 27772 29394 W Summariser:   original duration: 60.02
07-04 22:48:50.841 27772 29394 W Summariser:   summarised duration: -1.00
07-04 22:48:50.841 27772 29394 W Summariser:   noise tolerance: 45.00
07-04 22:48:50.841 27772 29394 W Summariser:   quality: 23
07-04 22:48:50.841 27772 29394 W Summariser:   speed: medium
07-04 22:48:50.841 27772 29394 W Summariser:   freeze duration: 1.00
07-04 22:48:50.842 27772 29394 V ProcessingVideosEventHandler: onRemove
07-04 22:48:50.864 27772 27772 V NearbyFragment: Transfer to Endpoint{id=MGMd, name=Nexus 5X [34d8]} complete
07-04 22:48:50.950 27772 27896 D SummariserIntentService: Scanned /storage/emulated/0/Movies/summarised
07-04 22:48:50.950 27772 27896 D SummariserIntentService:   -> uri=content://media/external/file/137797
07-04 22:49:03.463 27772 27772 D NearbyFragment: onPayloadReceived(endpointId=MGMd, payload=com.google.android.gms.nearby.connection.Payload@ae8fc5c)
07-04 22:49:03.467 27772 27772 V NearbyFragment: Started downloading SUMMARISE:-7139385235178935089:20200312_194830.mp4:45.0_1.0_23_medium from Endpoint{id=MGMd, name=Nexus 5X [34d8]}
07-04 22:49:03.473 27772 27772 V NearbyFragment: Transfer to Endpoint{id=MGMd, name=Nexus 5X [34d8]} complete
07-04 22:49:03.492 27772 27772 D NearbyFragment: onPayloadReceived(endpointId=MGMd, payload=com.google.android.gms.nearby.connection.Payload@d3fab65)
07-04 22:49:11.609 27772 27772 V NearbyFragment: Transfer to Endpoint{id=MGMd, name=Nexus 5X [34d8]} complete
07-04 22:49:11.611 27772 27772 W NearbyFragment: Completed downloading 20200312_194830.mp4 from Endpoint{id=MGMd, name=Nexus 5X [34d8]} in 08.140s
07-04 22:49:11.614 27772 27772 D NearbyFragment: Summarising 20200312_194830.mp4
07-04 22:49:11.615 27772 27772 V VideoManager: Retrieving video from /storage/emulated/0/Download/Nearby/20200312_194830.mp4
07-04 22:49:11.627 27772 27772 V VideoManager: videoFromCursor
07-04 22:49:11.631 27772 27772 V ProcessingVideosEventHandler: onAdd
07-04 22:49:11.631 27772 27772 V RawFootageEventHandler: onRemove
07-04 22:49:11.638 27772 27772 V NearbyFragment: Transfer to Endpoint{id=MGMd, name=Nexus 5X [34d8]} complete
07-04 22:49:11.644 27772 29433 V SummariserIntentService: onHandleIntent
07-04 22:49:11.646 27772 29433 D SummariserIntentService: Video{id='137813', data='/storage/emulated/0/Download/Nearby/20200312_194830.mp4', name='20200312_194830.mp4', size=69990400, visible=true, mimeType='video/mp4'}
07-04 22:49:11.646 27772 29433 D SummariserIntentService: /storage/emulated/0/Movies/summarised/20200312_194830.mp4
07-04 22:49:11.656 27772 28638 W mobile-ffmpeg: [mov,mp4,m4a,3gp,3g2,mj2 @ 0x7a68d35e00] Found duplicated MOOV Atom. Skipped it
07-04 22:49:11.795 27772 28638 W mobile-ffmpeg: [graph 0 input from stream 0:0 @ 0x7a6af19780] sws_param option is deprecated and ignored
07-04 22:49:18.956 27772 29433 W Summariser: 4 active sections found
07-04 22:49:18.956 27772 29433 I FfmpegTools: Running ffmpeg with:
07-04 22:49:18.956 27772 29433 I FfmpegTools:   -y -i /storage/emulated/0/Download/Nearby/20200312_194830.mp4 -filter_complex [0:v]trim=6.839000:10.742000,setpts=PTS-STARTPTS[v0];[0:a]atrim=6.839000:10.742000,asetpts=PTS-STARTPTS[a0];[0:v]trim=16.781000:22.419000,setpts=PTS-STARTPTS[v1];[0:a]atrim=16.781000:22.419000,asetpts=PTS-STARTPTS[a1];[0:v]trim=30.393000:35.731000,setpts=PTS-STARTPTS[v2];[0:a]atrim=30.393000:35.731000,asetpts=PTS-STARTPTS[a2];[0:v]trim=42.971000:47.041000,setpts=PTS-STARTPTS[v3];[0:a]atrim=42.971000:47.041000,asetpts=PTS-STARTPTS[a3];[v0][a0][v1][a1][v2][a2][v3][a3]concat=n=4:v=1:a=1[outv][outa] -map [outv] -map [outa] -crf 23 -preset medium /storage/emulated/0/Movies/summarised/20200312_194830.mp4
07-04 22:49:18.961 27772 28638 W mobile-ffmpeg: [mov,mp4,m4a,3gp,3g2,mj2 @ 0x7a68d35e00] Found duplicated MOOV Atom. Skipped it
07-04 22:49:19.019 27772 28638 W mobile-ffmpeg: [graph 0 input from stream 0:0 @ 0x7a6af19a80] sws_param option is deprecated and ignored
07-04 22:49:19.019 27772 28638 W mobile-ffmpeg: [graph 0 input from stream 0:0 @ 0x7a6af1a2c0] sws_param option is deprecated and ignored
07-04 22:49:19.019 27772 28638 W mobile-ffmpeg: [graph 0 input from stream 0:0 @ 0x7a6af1a440] sws_param option is deprecated and ignored
07-04 22:49:19.019 27772 28638 W mobile-ffmpeg: [graph 0 input from stream 0:0 @ 0x7a6af1a5c0] sws_param option is deprecated and ignored
07-04 22:49:41.368 27772 29433 V FfmpegTools: Retrieving duration of /storage/emulated/0/Download/Nearby/20200312_194830.mp4
07-04 22:49:41.371 27772 28638 W mobile-ffmpeg: [mov,mp4,m4a,3gp,3g2,mj2 @ 0x7a68d35e00] Found duplicated MOOV Atom. Skipped it
07-04 22:49:41.412 27772 29433 V FfmpegTools: Retrieving duration of /storage/emulated/0/Movies/summarised/20200312_194830.mp4
07-04 22:49:41.431 27772 29433 W Summariser: Summarisation completed
07-04 22:49:41.431 27772 29433 W Summariser:   filename: 20200312_194830.mp4
07-04 22:49:41.431 27772 29433 W Summariser:   active sections: 4
07-04 22:49:41.431 27772 29433 W Summariser:   time: 29.720s
07-04 22:49:41.431 27772 29433 W Summariser:   original duration: 60.02
07-04 22:49:41.431 27772 29433 W Summariser:   summarised duration: 19.02
07-04 22:49:41.431 27772 29433 W Summariser:   noise tolerance: 45.00
07-04 22:49:41.431 27772 29433 W Summariser:   quality: 23
07-04 22:49:41.431 27772 29433 W Summariser:   speed: medium
07-04 22:49:41.431 27772 29433 W Summariser:   freeze duration: 1.00
07-04 22:49:41.431 27772 29433 V VideoManager: Retrieving video from /storage/emulated/0/Movies/summarised/20200312_194830.mp4
07-04 22:49:41.452 27772 29433 D VideoManager: videoCursor is null
07-04 22:49:41.567 27772 29433 V VideoManager: videoFromCursor
07-04 22:49:41.574 27772 29433 V SummarisedVideosEventHandler: onAdd
07-04 22:49:41.578 27772 29433 W NearbyFragment: Sending 20200312_194830.mp4 to Nexus 5X [34d8]
07-04 22:49:41.585 27772 29433 V ProcessingVideosEventHandler: onRemove
07-04 22:49:41.619 27772 27772 V NearbyFragment: Transfer to Endpoint{id=MGMd, name=Nexus 5X [34d8]} complete
07-04 22:49:41.677 27772 27896 D SummariserIntentService: Scanned /storage/emulated/0/Movies/summarised
07-04 22:49:41.677 27772 27896 D SummariserIntentService:   -> uri=content://media/external/file/137797
07-04 22:49:42.210 27772 27772 V NearbyFragment: Transfer to Endpoint{id=MGMd, name=Nexus 5X [34d8]} complete
07-04 22:50:05.811 27772 27772 D NearbyFragment: onPayloadReceived(endpointId=MGMd, payload=com.google.android.gms.nearby.connection.Payload@5ea5260)
07-04 22:50:05.812 27772 27772 V NearbyFragment: Started downloading SUMMARISE:-6411729670134606831:20200312_195230.mp4:45.0_1.0_23_medium from Endpoint{id=MGMd, name=Nexus 5X [34d8]}
07-04 22:50:05.818 27772 27772 V NearbyFragment: Transfer to Endpoint{id=MGMd, name=Nexus 5X [34d8]} complete
07-04 22:50:05.842 27772 27772 D NearbyFragment: onPayloadReceived(endpointId=MGMd, payload=com.google.android.gms.nearby.connection.Payload@1e8319)
07-04 22:50:13.912 27772 27772 V NearbyFragment: Transfer to Endpoint{id=MGMd, name=Nexus 5X [34d8]} complete
07-04 22:50:13.914 27772 27772 W NearbyFragment: Completed downloading 20200312_195230.mp4 from Endpoint{id=MGMd, name=Nexus 5X [34d8]} in 08.100s
07-04 22:50:13.919 27772 27772 D NearbyFragment: Summarising 20200312_195230.mp4
07-04 22:50:13.920 27772 27772 V VideoManager: Retrieving video from /storage/emulated/0/Download/Nearby/20200312_195230.mp4
07-04 22:50:13.936 27772 27772 V VideoManager: videoFromCursor
07-04 22:50:13.941 27772 27772 V ProcessingVideosEventHandler: onAdd
07-04 22:50:13.942 27772 27772 V RawFootageEventHandler: onRemove
07-04 22:50:13.953 27772 27772 V NearbyFragment: Transfer to Endpoint{id=MGMd, name=Nexus 5X [34d8]} complete
07-04 22:50:13.965 27772 29784 V SummariserIntentService: onHandleIntent
07-04 22:50:13.965 27772 29784 D SummariserIntentService: Video{id='137815', data='/storage/emulated/0/Download/Nearby/20200312_195230.mp4', name='20200312_195230.mp4', size=69990400, visible=true, mimeType='video/mp4'}
07-04 22:50:13.965 27772 29784 D SummariserIntentService: /storage/emulated/0/Movies/summarised/20200312_195230.mp4
07-04 22:50:13.971 27772 28638 W mobile-ffmpeg: [mov,mp4,m4a,3gp,3g2,mj2 @ 0x7a68d35e00] Found duplicated MOOV Atom. Skipped it
07-04 22:50:14.121 27772 28638 W mobile-ffmpeg: [graph 0 input from stream 0:0 @ 0x7a6af19780] sws_param option is deprecated and ignored
07-04 22:50:21.224 27772 29784 W Summariser: 1 active sections found
07-04 22:50:21.224 27772 29784 I FfmpegTools: Running ffmpeg with:
07-04 22:50:21.224 27772 29784 I FfmpegTools:   -y -i /storage/emulated/0/Download/Nearby/20200312_195230.mp4 -filter_complex [0:v]trim=22.020000:28.926000,setpts=PTS-STARTPTS[v0];[0:a]atrim=22.020000:28.926000,asetpts=PTS-STARTPTS[a0];[v0][a0]concat=n=1:v=1:a=1[outv][outa] -map [outv] -map [outa] -crf 23 -preset medium /storage/emulated/0/Movies/summarised/20200312_195230.mp4
07-04 22:50:21.228 27772 28638 W mobile-ffmpeg: [mov,mp4,m4a,3gp,3g2,mj2 @ 0x7a68d35e00] Found duplicated MOOV Atom. Skipped it
07-04 22:50:21.269 27772 28638 W mobile-ffmpeg: [graph 0 input from stream 0:0 @ 0x7a6ae95f40] sws_param option is deprecated and ignored
07-04 22:50:30.549 27772 29784 V FfmpegTools: Retrieving duration of /storage/emulated/0/Download/Nearby/20200312_195230.mp4
07-04 22:50:30.551 27772 28638 W mobile-ffmpeg: [mov,mp4,m4a,3gp,3g2,mj2 @ 0x7a68d35e00] Found duplicated MOOV Atom. Skipped it
07-04 22:50:30.577 27772 29784 V FfmpegTools: Retrieving duration of /storage/emulated/0/Movies/summarised/20200312_195230.mp4
07-04 22:50:30.596 27772 29784 W Summariser: Summarisation completed
07-04 22:50:30.596 27772 29784 W Summariser:   filename: 20200312_195230.mp4
07-04 22:50:30.596 27772 29784 W Summariser:   active sections: 1
07-04 22:50:30.596 27772 29784 W Summariser:   time: 16.583s
07-04 22:50:30.596 27772 29784 W Summariser:   original duration: 60.02
07-04 22:50:30.596 27772 29784 W Summariser:   summarised duration: 6.97
07-04 22:50:30.596 27772 29784 W Summariser:   noise tolerance: 45.00
07-04 22:50:30.596 27772 29784 W Summariser:   quality: 23
07-04 22:50:30.596 27772 29784 W Summariser:   speed: medium
07-04 22:50:30.596 27772 29784 W Summariser:   freeze duration: 1.00
07-04 22:50:30.596 27772 29784 V VideoManager: Retrieving video from /storage/emulated/0/Movies/summarised/20200312_195230.mp4
07-04 22:50:30.603 27772 29784 D VideoManager: videoCursor is null
07-04 22:50:30.667 27772 29784 V VideoManager: videoFromCursor
07-04 22:50:30.671 27772 29784 V SummarisedVideosEventHandler: onAdd
07-04 22:50:30.674 27772 29784 W NearbyFragment: Sending 20200312_195230.mp4 to Nexus 5X [34d8]
07-04 22:50:30.676 27772 29784 V ProcessingVideosEventHandler: onRemove
07-04 22:50:30.697 27772 27772 V NearbyFragment: Transfer to Endpoint{id=MGMd, name=Nexus 5X [34d8]} complete
07-04 22:50:30.760 27772 27772 V NearbyFragment: Transfer to Endpoint{id=MGMd, name=Nexus 5X [34d8]} complete
07-04 22:50:30.761 27772 27784 D SummariserIntentService: Scanned /storage/emulated/0/Movies/summarised
07-04 22:50:30.761 27772 27784 D SummariserIntentService:   -> uri=content://media/external/file/137797
07-04 22:50:34.073 27772 27772 D NearbyFragment: onPayloadReceived(endpointId=MGMd, payload=com.google.android.gms.nearby.connection.Payload@4188924)
07-04 22:50:34.074 27772 27772 V NearbyFragment: Started downloading SUMMARISE:-9221878876700468566:20200312_195330.mp4:45.0_1.0_23_medium from Endpoint{id=MGMd, name=Nexus 5X [34d8]}
07-04 22:50:34.076 27772 27772 V NearbyFragment: Transfer to Endpoint{id=MGMd, name=Nexus 5X [34d8]} complete
07-04 22:50:34.095 27772 27772 D NearbyFragment: onPayloadReceived(endpointId=MGMd, payload=com.google.android.gms.nearby.connection.Payload@e138c8d)
07-04 22:50:42.969 27772 27772 V NearbyFragment: Transfer to Endpoint{id=MGMd, name=Nexus 5X [34d8]} complete
07-04 22:50:42.970 27772 27772 W NearbyFragment: Completed downloading 20200312_195330.mp4 from Endpoint{id=MGMd, name=Nexus 5X [34d8]} in 08.896s
07-04 22:50:42.971 27772 27772 D NearbyFragment: Summarising 20200312_195330.mp4
07-04 22:50:42.972 27772 27772 V VideoManager: Retrieving video from /storage/emulated/0/Download/Nearby/20200312_195330.mp4
07-04 22:50:42.982 27772 27772 D VideoManager: videoCursor is null
07-04 22:50:43.025 27772 27772 V VideoManager: videoFromCursor
07-04 22:50:43.027 27772 27772 V ProcessingVideosEventHandler: onAdd
07-04 22:50:43.027 27772 27772 V RawFootageEventHandler: onRemove
07-04 22:50:43.032 27772 27772 V NearbyFragment: Transfer to Endpoint{id=MGMd, name=Nexus 5X [34d8]} complete
07-04 22:50:43.035 27772 29854 V SummariserIntentService: onHandleIntent
07-04 22:50:43.035 27772 29854 D SummariserIntentService: Video{id='138052', data='/storage/emulated/0/Download/Nearby/20200312_195330.mp4', name='20200312_195330.mp4', size=69990400, visible=true, mimeType='video/mp4'}
07-04 22:50:43.035 27772 29854 D SummariserIntentService: /storage/emulated/0/Movies/summarised/20200312_195330.mp4
07-04 22:50:43.039 27772 28638 W mobile-ffmpeg: [mov,mp4,m4a,3gp,3g2,mj2 @ 0x7a68d35e00] Found duplicated MOOV Atom. Skipped it
07-04 22:50:43.116 27772 28638 W mobile-ffmpeg: [graph 0 input from stream 0:0 @ 0x7a6af19780] sws_param option is deprecated and ignored
07-04 22:50:50.267 27772 29854 W Summariser: 5 active sections found
07-04 22:50:50.267 27772 29854 I FfmpegTools: Running ffmpeg with:
07-04 22:50:50.267 27772 29854 I FfmpegTools:   -y -i /storage/emulated/0/Download/Nearby/20200312_195330.mp4 -filter_complex [0:v]trim=15.014000:23.055000,setpts=PTS-STARTPTS[v0];[0:a]atrim=15.014000:23.055000,asetpts=PTS-STARTPTS[a0];[0:v]trim=24.756000:28.560000,setpts=PTS-STARTPTS[v1];[0:a]atrim=24.756000:28.560000,asetpts=PTS-STARTPTS[a1];[0:v]trim=35.766000:39.970000,setpts=PTS-STARTPTS[v2];[0:a]atrim=35.766000:39.970000,asetpts=PTS-STARTPTS[a2];[0:v]trim=43.306000:47.176000,setpts=PTS-STARTPTS[v3];[0:a]atrim=43.306000:47.176000,asetpts=PTS-STARTPTS[a3];[0:v]trim=52.381000:55.817000,setpts=PTS-STARTPTS[v4];[0:a]atrim=52.381000:55.817000,asetpts=PTS-STARTPTS[a4];[v0][a0][v1][a1][v2][a2][v3][a3][v4][a4]concat=n=5:v=1:a=1[outv][outa] -map [outv] -map [outa] -crf 23 -preset medium /storage/emulated/0/Movies/summarised/20200312_195330.mp4
07-04 22:50:50.271 27772 28638 W mobile-ffmpeg: [mov,mp4,m4a,3gp,3g2,mj2 @ 0x7a68d35e00] Found duplicated MOOV Atom. Skipped it
07-04 22:50:50.313 27772 28638 W mobile-ffmpeg: [graph 0 input from stream 0:0 @ 0x7a6af19d80] sws_param option is deprecated and ignored
07-04 22:50:50.313 27772 28638 W mobile-ffmpeg: [graph 0 input from stream 0:0 @ 0x7a6af1a5c0] sws_param option is deprecated and ignored
07-04 22:50:50.313 27772 28638 W mobile-ffmpeg: [graph 0 input from stream 0:0 @ 0x7a6af1a2c0] sws_param option is deprecated and ignored
07-04 22:50:50.314 27772 28638 W mobile-ffmpeg: [graph 0 input from stream 0:0 @ 0x7a6af1a740] sws_param option is deprecated and ignored
07-04 22:50:50.314 27772 28638 W mobile-ffmpeg: [graph 0 input from stream 0:0 @ 0x7a6af1a8c0] sws_param option is deprecated and ignored
07-04 22:51:14.517 27772 29854 V FfmpegTools: Retrieving duration of /storage/emulated/0/Download/Nearby/20200312_195330.mp4
07-04 22:51:14.519 27772 28638 W mobile-ffmpeg: [mov,mp4,m4a,3gp,3g2,mj2 @ 0x7a68d35e00] Found duplicated MOOV Atom. Skipped it
07-04 22:51:14.545 27772 29854 V FfmpegTools: Retrieving duration of /storage/emulated/0/Movies/summarised/20200312_195330.mp4
07-04 22:51:14.565 27772 29854 W Summariser: Summarisation completed
07-04 22:51:14.565 27772 29854 W Summariser:   filename: 20200312_195330.mp4
07-04 22:51:14.565 27772 29854 W Summariser:   active sections: 5
07-04 22:51:14.565 27772 29854 W Summariser:   time: 31.481s
07-04 22:51:14.565 27772 29854 W Summariser:   original duration: 60.02
07-04 22:51:14.565 27772 29854 W Summariser:   summarised duration: 23.42
07-04 22:51:14.565 27772 29854 W Summariser:   noise tolerance: 45.00
07-04 22:51:14.565 27772 29854 W Summariser:   quality: 23
07-04 22:51:14.565 27772 29854 W Summariser:   speed: medium
07-04 22:51:14.565 27772 29854 W Summariser:   freeze duration: 1.00
07-04 22:51:14.565 27772 29854 V VideoManager: Retrieving video from /storage/emulated/0/Movies/summarised/20200312_195330.mp4
07-04 22:51:14.576 27772 29854 D VideoManager: videoCursor is null
07-04 22:51:14.679 27772 29854 V VideoManager: videoFromCursor
07-04 22:51:14.684 27772 29854 V SummarisedVideosEventHandler: onAdd
07-04 22:51:14.687 27772 29854 W NearbyFragment: Sending 20200312_195330.mp4 to Nexus 5X [34d8]
07-04 22:51:14.690 27772 29854 V ProcessingVideosEventHandler: onRemove
07-04 22:51:14.716 27772 27772 V NearbyFragment: Transfer to Endpoint{id=MGMd, name=Nexus 5X [34d8]} complete
07-04 22:51:14.785 27772 29935 D SummariserIntentService: Scanned /storage/emulated/0/Movies/summarised
07-04 22:51:14.785 27772 29935 D SummariserIntentService:   -> uri=content://media/external/file/137797
07-04 22:51:14.925 27772 27772 V NearbyFragment: Transfer to Endpoint{id=MGMd, name=Nexus 5X [34d8]} complete
