--------- beginning of main
07-10 03:48:12.883 32295 32295 E Zygote  : isWhitelistProcess - Process is Whitelisted
07-10 03:48:12.886 32295 32295 E Zygote  : accessInfo : 1
07-10 03:48:12.900 32295 32295 I example.edgesu: Late-enabling -Xcheck:jni
--------- beginning of system
07-10 03:48:14.480 32295 32295 I ActivityThread: handleStopService: token=android.os.BinderProxy@3bb8d8a not found.
07-10 03:48:14.490 32295 32295 I TransferService: Starting Transfer Service to listen for network connectivity changes.
07-10 03:48:14.496 32295 32295 W LogFactory: Truncating log tag length as it exceed 23, the limit imposed by Android on certain API Levels
07-10 03:48:14.601 32295 32295 I TransferService: Registering the network receiver
07-10 03:48:14.606 32295 32295 I TransferService: Moving the service out of the Foreground state.
07-10 03:48:14.608 32295 32295 I TransferService: De-registering the network receiver.
07-10 03:52:19.759 32295 32295 W ActivityThread: handleWindowVisibility: no activity for token android.os.BinderProxy@beff373
07-10 03:52:19.770 32295 32421 D vndksupport: Loading /vendor/lib64/egl/libGLES_mali.so from current namespace instead of sphal namespace.
07-10 03:52:19.802 32295 32421 D libEGL  : loaded /vendor/lib64/egl/libGLES_mali.so
07-10 03:52:19.841 32295 32295 W example.edgesu: Accessing hidden method Landroid/graphics/drawable/Drawable;->getOpticalInsets()Landroid/graphics/Insets; (light greylist, linking)
07-10 03:52:19.841 32295 32295 W example.edgesu: Accessing hidden field Landroid/graphics/Insets;->left:I (light greylist, linking)
07-10 03:52:19.841 32295 32295 W example.edgesu: Accessing hidden field Landroid/graphics/Insets;->right:I (light greylist, linking)
07-10 03:52:19.841 32295 32295 W example.edgesu: Accessing hidden field Landroid/graphics/Insets;->top:I (light greylist, linking)
07-10 03:52:19.841 32295 32295 W example.edgesu: Accessing hidden field Landroid/graphics/Insets;->bottom:I (light greylist, linking)
07-10 03:52:19.861 32295 32295 I DecorView: createDecorCaptionView >> DecorView@ca0ff4[], isFloating: false, isApplication: true, hasWindowDecorCaption: false, hasWindowControllerCallback: true
07-10 03:52:19.928 32295 32295 W example.edgesu: Accessing hidden method Landroid/view/View;->computeFitSystemWindows(Landroid/graphics/Rect;Landroid/graphics/Rect;)Z (light greylist, reflection)
07-10 03:52:19.929 32295 32295 W example.edgesu: Accessing hidden method Landroid/view/ViewGroup;->makeOptionalFitsSystemWindows()V (light greylist, reflection)
07-10 03:52:19.942 32295 32295 W example.edgesu: Accessing hidden method Landroid/widget/TextView;->getTextDirectionHeuristic()Landroid/text/TextDirectionHeuristic; (light greylist, linking)
07-10 03:52:20.008 32295 32423 I AWSKeyValueStore: Detected Android API Level = 28
07-10 03:52:20.008 32295 32423 I AWSKeyValueStore: Creating the AWSKeyValueStore with key for sharedPreferencesForData = com.amazonaws.mobile.client
07-10 03:52:20.021 32295 32423 I AWSKeyValueStore: Detected Android API Level = 28
07-10 03:52:20.021 32295 32423 I AWSKeyValueStore: Creating the AWSKeyValueStore with key for sharedPreferencesForData = com.amazonaws.android.auth
07-10 03:52:20.021 32295 32295 D OpenGLRenderer: Skia GL Pipeline
07-10 03:52:20.025 32295 32295 D EmergencyMode: [EmergencyManager] android createPackageContext successful
07-10 03:52:20.042 32295 32295 D InputTransport: Input channel constructed: fd=62
07-10 03:52:20.043 32295 32295 D ViewRootImpl@49a9145[AuthenticationActivity]: setView = DecorView@ca0ff4[AuthenticationActivity] TM=true MM=false
07-10 03:52:20.055 32295 32295 D ViewRootImpl@49a9145[AuthenticationActivity]: dispatchAttachedToWindow
07-10 03:52:20.075 32295 32295 D ViewRootImpl@49a9145[AuthenticationActivity]: Relayout returned: old=[0,0][1080,2220] new=[0,0][1080,2220] result=0x7 surface={valid=true 541717692416} changed=true
07-10 03:52:20.081 32295 32429 I ConfigStore: android::hardware::configstore::V1_0::ISurfaceFlingerConfigs::hasWideColorDisplay retrieved: 0
07-10 03:52:20.081 32295 32429 I ConfigStore: android::hardware::configstore::V1_0::ISurfaceFlingerConfigs::hasHDRDisplay retrieved: 0
07-10 03:52:20.081 32295 32429 I OpenGLRenderer: Initialized EGL, version 1.4
07-10 03:52:20.081 32295 32429 D OpenGLRenderer: Swap behavior 2
07-10 03:52:20.084 32295 32423 W LogFactory: Truncating log tag length as it exceed 23, the limit imposed by Android on certain API Levels
07-10 03:52:20.085 32295 32423 W LogFactory: Truncating log tag length as it exceed 23, the limit imposed by Android on certain API Levels
07-10 03:52:20.091 32295 32429 D mali_winsys: EGLint new_window_surface(egl_winsys_display *, void *, EGLSurface, EGLConfig, egl_winsys_surface **, EGLBoolean) returns 0x3000
07-10 03:52:20.091 32295 32429 D OpenGLRenderer: eglCreateWindowSurface = 0x7e0f1ba180, 0x7e20e40010
07-10 03:52:20.098 32295 32423 I AWSKeyValueStore: Detected Android API Level = 28
07-10 03:52:20.098 32295 32423 I AWSKeyValueStore: Creating the AWSKeyValueStore with key for sharedPreferencesForData = com.amazonaws.android.auth
07-10 03:52:20.102 32295 32423 D KeyProvider23: AndroidKeyStore contains keyAlias com.amazonaws.android.auth.aesKeyStoreAlias
07-10 03:52:20.102 32295 32423 D KeyProvider23: Loading the encryption key from Android KeyStore.
07-10 03:52:20.115 32295 32423 D CognitoCachingCredentia: Loading credentials from SharedPreferences
07-10 03:52:20.117 32295 32423 D KeyProvider23: AndroidKeyStore contains keyAlias com.amazonaws.android.auth.aesKeyStoreAlias
07-10 03:52:20.117 32295 32423 D KeyProvider23: Loading the encryption key from Android KeyStore.
07-10 03:52:20.118 32295 32295 D ViewRootImpl@49a9145[AuthenticationActivity]: MSG_RESIZED: frame=Rect(0, 0 - 1080, 2220) ci=Rect(0, 72 - 0, 144) vi=Rect(0, 72 - 0, 144) or=1
07-10 03:52:20.119 32295 32295 D ViewRootImpl@49a9145[AuthenticationActivity]: MSG_WINDOW_FOCUS_CHANGED 1 1
07-10 03:52:20.119 32295 32295 D InputMethodManager: prepareNavigationBarInfo() DecorView@ca0ff4[AuthenticationActivity]
07-10 03:52:20.119 32295 32295 D InputMethodManager: getNavigationBarColor() -855310
07-10 03:52:20.120 32295 32295 D InputMethodManager: prepareNavigationBarInfo() DecorView@ca0ff4[AuthenticationActivity]
07-10 03:52:20.121 32295 32295 D InputMethodManager: getNavigationBarColor() -855310
07-10 03:52:20.121 32295 32295 V InputMethodManager: Starting input: tba=com.example.edgesum ic=null mNaviBarColor -855310 mIsGetNaviBarColorSuccess true , NavVisible : true , NavTrans : false
07-10 03:52:20.121 32295 32295 D InputMethodManager: startInputInner - Id : 0
07-10 03:52:20.121 32295 32295 I InputMethodManager: startInputInner - mService.startInputOrWindowGainedFocus
07-10 03:52:20.128 32295 32423 D CognitoCachingCredentia: No valid credentials found in SharedPreferences
07-10 03:52:20.128 32295 32308 D InputTransport: Input channel constructed: fd=72
07-10 03:52:20.129 32295 32423 D KeyProvider23: AndroidKeyStore contains keyAlias com.amazonaws.android.auth.aesKeyStoreAlias
07-10 03:52:20.129 32295 32423 D KeyProvider23: Loading the encryption key from Android KeyStore.
07-10 03:52:20.142 32295 32423 D KeyProvider23: AndroidKeyStore contains keyAlias com.amazonaws.android.auth.aesKeyStoreAlias
07-10 03:52:20.142 32295 32423 D KeyProvider23: Loading the encryption key from Android KeyStore.
07-10 03:52:20.145 32295 32429 D vndksupport: Loading /vendor/lib64/hw/android.hardware.graphics.mapper@2.0-impl.so from current namespace instead of sphal namespace.
07-10 03:52:20.160 32295 32423 D KeyProvider23: AndroidKeyStore contains keyAlias com.amazonaws.android.auth.aesKeyStoreAlias
07-10 03:52:20.160 32295 32423 D KeyProvider23: Loading the encryption key from Android KeyStore.
07-10 03:52:20.163 32295 32295 D InputMethodManager: prepareNavigationBarInfo() DecorView@ca0ff4[AuthenticationActivity]
07-10 03:52:20.163 32295 32295 D InputMethodManager: getNavigationBarColor() -855310
07-10 03:52:20.163 32295 32295 V InputMethodManager: Starting input: tba=com.example.edgesum ic=null mNaviBarColor -855310 mIsGetNaviBarColorSuccess true , NavVisible : true , NavTrans : false
07-10 03:52:20.164 32295 32295 D InputMethodManager: startInputInner - Id : 0
07-10 03:52:20.176 32295 32423 W LogFactory: Truncating log tag length as it exceed 23, the limit imposed by Android on certain API Levels
07-10 03:52:20.219 32295 32423 I AWSKeyValueStore: Detected Android API Level = 28
07-10 03:52:20.219 32295 32423 I AWSKeyValueStore: Creating the AWSKeyValueStore with key for sharedPreferencesForData = CognitoIdentityProviderCache
07-10 03:52:20.234 32295 32423 D KeyProvider23: AndroidKeyStore contains keyAlias com.amazonaws.mobile.client.aesKeyStoreAlias
07-10 03:52:20.235 32295 32423 D KeyProvider23: Loading the encryption key from Android KeyStore.
07-10 03:52:20.245 32295 32423 D KeyProvider23: AndroidKeyStore contains keyAlias com.amazonaws.mobile.client.aesKeyStoreAlias
07-10 03:52:20.245 32295 32423 D KeyProvider23: Loading the encryption key from Android KeyStore.
07-10 03:52:20.257 32295 32423 D KeyProvider23: AndroidKeyStore contains keyAlias com.amazonaws.mobile.client.aesKeyStoreAlias
07-10 03:52:20.257 32295 32423 D KeyProvider23: Loading the encryption key from Android KeyStore.
07-10 03:52:20.269 32295 32423 D KeyProvider23: AndroidKeyStore contains keyAlias com.amazonaws.mobile.client.aesKeyStoreAlias
07-10 03:52:20.269 32295 32423 D KeyProvider23: Loading the encryption key from Android KeyStore.
07-10 03:52:20.278 32295 32423 D AWSMobileClient: Inspecting user state details
07-10 03:52:20.279 32295 32423 I AuthenticationActivity: SIGNED_IN
07-10 03:52:20.296 32295 32295 W ActivityThread: handleWindowVisibility: no activity for token android.os.BinderProxy@ccd866d
07-10 03:52:20.313 32295 32295 I DecorView: createDecorCaptionView >> DecorView@5eeefa1[], isFloating: false, isApplication: true, hasWindowDecorCaption: false, hasWindowControllerCallback: true
07-10 03:52:20.389 32295 32295 W example.edgesu: Accessing hidden field Landroid/view/View;->mAccessibilityDelegate:Landroid/view/View$AccessibilityDelegate; (light greylist, reflection)
07-10 03:52:20.446 32295 32295 V Repo    : /storage/emulated/0/Movies/raw
07-10 03:52:20.446 32295 32295 V Repo    : /storage/emulated/0/Movies/summarised
07-10 03:52:20.468 32295 32295 V FileManager: External storage is readable
07-10 03:52:20.469 32295 32295 V FileManager: Directory already exists: /storage/emulated/0/Movies/raw
07-10 03:52:20.470 32295 32295 V FileManager: External storage is readable
07-10 03:52:20.470 32295 32295 V FileManager: Directory already exists: /storage/emulated/0/Movies/summarised
07-10 03:52:20.471 32295 32295 V FileManager: External storage is readable
07-10 03:52:20.472 32295 32295 V FileManager: Directory already exists: /storage/emulated/0/Download/nearby
07-10 03:52:20.473 32295 32295 V FileManager: External storage is readable
07-10 03:52:20.473 32295 32295 V FileManager: Directory already exists: /storage/emulated/0/Movies/segment
07-10 03:52:20.474 32295 32295 V FileManager: External storage is readable
07-10 03:52:20.474 32295 32295 V FileManager: Directory already exists: /storage/emulated/0/Movies/segment-sum
07-10 03:52:20.503 32295 32295 W example.edgesu: Accessing hidden method Landroid/app/ActivityThread;->currentApplication()Landroid/app/Application; (light greylist, reflection)
07-10 03:52:20.506 32295 32295 W System.err: org.json.JSONException: No value for manufacturer
07-10 03:52:20.507 32295 32295 W System.err: 	at org.json.JSONObject.get(JSONObject.java:392)
07-10 03:52:20.507 32295 32295 W System.err: 	at org.json.JSONObject.getString(JSONObject.java:553)
07-10 03:52:20.507 32295 32295 W System.err: 	at com.jaredrummler.android.device.DeviceName$DeviceInfo.<init>(DeviceName.java:374)
07-10 03:52:20.507 32295 32295 W System.err: 	at com.jaredrummler.android.device.DeviceName$DeviceInfo.<init>(DeviceName.java:347)
07-10 03:52:20.507 32295 32295 W System.err: 	at com.jaredrummler.android.device.DeviceName.getDeviceInfo(DeviceName.java:186)
07-10 03:52:20.507 32295 32295 W System.err: 	at com.jaredrummler.android.device.DeviceName.getDeviceName(DeviceName.java:138)
07-10 03:52:20.507 32295 32295 W System.err: 	at com.jaredrummler.android.device.DeviceName.getDeviceName(DeviceName.java:111)
07-10 03:52:20.507 32295 32295 W System.err: 	at com.example.edgesum.util.nearby.NearbyFragment.setLocalName(NearbyFragment.java:118)
07-10 03:52:20.507 32295 32295 W System.err: 	at com.example.edgesum.util.nearby.NearbyFragment.onCreate(NearbyFragment.java:110)
07-10 03:52:20.507 32295 32295 W System.err: 	at com.example.edgesum.page.main.ConnectionFragment.onCreate(ConnectionFragment.java:30)
07-10 03:52:20.507 32295 32295 W System.err: 	at androidx.fragment.app.Fragment.performCreate(Fragment.java:2684)
07-10 03:52:20.507 32295 32295 W System.err: 	at androidx.fragment.app.FragmentStateManager.create(FragmentStateManager.java:280)
07-10 03:52:20.508 32295 32295 W System.err: 	at androidx.fragment.app.FragmentManager.moveToState(FragmentManager.java:1175)
07-10 03:52:20.508 32295 32295 W System.err: 	at androidx.fragment.app.FragmentTransition.addToFirstInLastOut(FragmentTransition.java:1255)
07-10 03:52:20.508 32295 32295 W System.err: 	at androidx.fragment.app.FragmentTransition.calculateFragments(FragmentTransition.java:1138)
07-10 03:52:20.508 32295 32295 W System.err: 	at androidx.fragment.app.FragmentTransition.startTransitions(FragmentTransition.java:136)
07-10 03:52:20.508 32295 32295 W System.err: 	at androidx.fragment.app.FragmentManager.executeOpsTogether(FragmentManager.java:1989)
07-10 03:52:20.508 32295 32295 W System.err: 	at androidx.fragment.app.FragmentManager.removeRedundantOperationsAndExecute(FragmentManager.java:1947)
07-10 03:52:20.508 32295 32295 W System.err: 	at androidx.fragment.app.FragmentManager.execPendingActions(FragmentManager.java:1849)
07-10 03:52:20.508 32295 32295 W System.err: 	at androidx.fragment.app.FragmentManager.dispatchStateChange(FragmentManager.java:2629)
07-10 03:52:20.508 32295 32295 W System.err: 	at androidx.fragment.app.FragmentManager.dispatchActivityCreated(FragmentManager.java:2577)
07-10 03:52:20.508 32295 32295 W System.err: 	at androidx.fragment.app.FragmentController.dispatchActivityCreated(FragmentController.java:247)
07-10 03:52:20.508 32295 32295 W System.err: 	at androidx.fragment.app.FragmentActivity.onStart(FragmentActivity.java:541)
07-10 03:52:20.508 32295 32295 W System.err: 	at androidx.appcompat.app.AppCompatActivity.onStart(AppCompatActivity.java:201)
07-10 03:52:20.508 32295 32295 W System.err: 	at com.example.edgesum.page.main.MainActivity.onStart(MainActivity.java:88)
07-10 03:52:20.508 32295 32295 W System.err: 	at android.app.Instrumentation.callActivityOnStart(Instrumentation.java:1391)
07-10 03:52:20.508 32295 32295 W System.err: 	at android.app.Activity.performStart(Activity.java:7348)
07-10 03:52:20.508 32295 32295 W System.err: 	at android.app.ActivityThread.handleStartActivity(ActivityThread.java:3138)
07-10 03:52:20.509 32295 32295 W System.err: 	at android.app.servertransaction.TransactionExecutor.performLifecycleSequence(TransactionExecutor.java:180)
07-10 03:52:20.509 32295 32295 W System.err: 	at android.app.servertransaction.TransactionExecutor.cycleToPath(TransactionExecutor.java:165)
07-10 03:52:20.509 32295 32295 W System.err: 	at android.app.servertransaction.TransactionExecutor.executeLifecycleState(TransactionExecutor.java:142)
07-10 03:52:20.509 32295 32295 W System.err: 	at android.app.servertransaction.TransactionExecutor.execute(TransactionExecutor.java:70)
07-10 03:52:20.509 32295 32295 W System.err: 	at android.app.ActivityThread$H.handleMessage(ActivityThread.java:1948)
07-10 03:52:20.509 32295 32295 W System.err: 	at android.os.Handler.dispatchMessage(Handler.java:106)
07-10 03:52:20.509 32295 32295 W System.err: 	at android.os.Looper.loop(Looper.java:214)
07-10 03:52:20.509 32295 32295 W System.err: 	at android.app.ActivityThread.main(ActivityThread.java:7050)
07-10 03:52:20.509 32295 32295 W System.err: 	at java.lang.reflect.Method.invoke(Native Method)
07-10 03:52:20.509 32295 32295 W System.err: 	at com.android.internal.os.RuntimeInit$MethodAndArgsCaller.run(RuntimeInit.java:493)
07-10 03:52:20.509 32295 32295 W System.err: 	at com.android.internal.os.ZygoteInit.main(ZygoteInit.java:965)
07-10 03:52:20.618 32295 32295 V VideoManager: getAllVideoFromExternalStorageFolder
07-10 03:52:20.620 32295 32295 D VideoManager: /storage/emulated/0/Movies/summarised
07-10 03:52:20.633 32295 32295 V VideoManager: videoFromCursor
07-10 03:52:20.634 32295 32295 D VideoManager: Video{id='139255', data='/storage/emulated/0/Movies/summarised/20200312_150643.mp4', name='20200312_150643.mp4', size=69990400, visible=true, mimeType='video/mp4'}
07-10 03:52:20.634 32295 32295 V VideoManager: videoFromCursor
07-10 03:52:20.634 32295 32295 D VideoManager: Video{id='139256', data='/storage/emulated/0/Movies/summarised/20200312_150744.mp4', name='20200312_150744.mp4', size=69990400, visible=true, mimeType='video/mp4'}
07-10 03:52:20.634 32295 32295 V VideoManager: videoFromCursor
07-10 03:52:20.634 32295 32295 D VideoManager: Video{id='139257', data='/storage/emulated/0/Movies/summarised/20200312_150844.mp4', name='20200312_150844.mp4', size=69990400, visible=true, mimeType='video/mp4'}
07-10 03:52:20.634 32295 32295 V VideoManager: videoFromCursor
07-10 03:52:20.634 32295 32295 D VideoManager: Video{id='139258', data='/storage/emulated/0/Movies/summarised/20200312_150944.mp4', name='20200312_150944.mp4', size=69990400, visible=true, mimeType='video/mp4'}
07-10 03:52:20.634 32295 32295 V VideoManager: videoFromCursor
07-10 03:52:20.634 32295 32295 D VideoManager: Video{id='139259', data='/storage/emulated/0/Movies/summarised/20200312_151044.mp4', name='20200312_151044.mp4', size=69990400, visible=true, mimeType='video/mp4'}
07-10 03:52:20.635 32295 32295 V VideoManager: videoFromCursor
07-10 03:52:20.635 32295 32295 D VideoManager: Video{id='139260', data='/storage/emulated/0/Movies/summarised/20200312_193528.mp4', name='20200312_193528.mp4', size=69990400, visible=true, mimeType='video/mp4'}
07-10 03:52:20.635 32295 32295 V VideoManager: videoFromCursor
07-10 03:52:20.635 32295 32295 D VideoManager: Video{id='139261', data='/storage/emulated/0/Movies/summarised/20200312_193628.mp4', name='20200312_193628.mp4', size=69990400, visible=true, mimeType='video/mp4'}
07-10 03:52:20.635 32295 32295 V VideoManager: videoFromCursor
07-10 03:52:20.635 32295 32295 D VideoManager: Video{id='139262', data='/storage/emulated/0/Movies/summarised/20200312_193728.mp4', name='20200312_193728.mp4', size=69990400, visible=true, mimeType='video/mp4'}
07-10 03:52:20.635 32295 32295 V VideoManager: videoFromCursor
07-10 03:52:20.635 32295 32295 D VideoManager: Video{id='139263', data='/storage/emulated/0/Movies/summarised/20200312_193828.mp4', name='20200312_193828.mp4', size=69990400, visible=true, mimeType='video/mp4'}
07-10 03:52:20.635 32295 32295 V VideoManager: videoFromCursor
07-10 03:52:20.635 32295 32295 D VideoManager: Video{id='139264', data='/storage/emulated/0/Movies/summarised/20200312_193928.mp4', name='20200312_193928.mp4', size=69990400, visible=true, mimeType='video/mp4'}
07-10 03:52:20.635 32295 32295 V VideoManager: videoFromCursor
07-10 03:52:20.636 32295 32295 D VideoManager: Video{id='139265', data='/storage/emulated/0/Movies/summarised/20200312_194129.mp4', name='20200312_194129.mp4', size=69990400, visible=true, mimeType='video/mp4'}
07-10 03:52:20.636 32295 32295 V VideoManager: videoFromCursor
07-10 03:52:20.636 32295 32295 D VideoManager: Video{id='139247', data='/storage/emulated/0/Movies/summarised/20200312_194229.mp4', name='20200312_194229.mp4', size=69990400, visible=true, mimeType='video/mp4'}
07-10 03:52:20.636 32295 32295 V VideoManager: videoFromCursor
07-10 03:52:20.636 32295 32295 D VideoManager: Video{id='139248', data='/storage/emulated/0/Movies/summarised/20200312_194330.mp4', name='20200312_194330.mp4', size=69990400, visible=true, mimeType='video/mp4'}
07-10 03:52:20.636 32295 32295 V VideoManager: videoFromCursor
07-10 03:52:20.636 32295 32295 D VideoManager: Video{id='139249', data='/storage/emulated/0/Movies/summarised/20200312_194730.mp4', name='20200312_194730.mp4', size=69990400, visible=true, mimeType='video/mp4'}
07-10 03:52:20.636 32295 32295 V VideoManager: videoFromCursor
07-10 03:52:20.636 32295 32295 D VideoManager: Video{id='139250', data='/storage/emulated/0/Movies/summarised/20200312_194830.mp4', name='20200312_194830.mp4', size=69990400, visible=true, mimeType='video/mp4'}
07-10 03:52:20.636 32295 32295 V VideoManager: videoFromCursor
07-10 03:52:20.637 32295 32295 D VideoManager: Video{id='139251', data='/storage/emulated/0/Movies/summarised/20200312_194930.mp4', name='20200312_194930.mp4', size=69990400, visible=true, mimeType='video/mp4'}
07-10 03:52:20.637 32295 32295 V VideoManager: videoFromCursor
07-10 03:52:20.637 32295 32295 D VideoManager: Video{id='139252', data='/storage/emulated/0/Movies/summarised/20200312_195230.mp4', name='20200312_195230.mp4', size=69990400, visible=true, mimeType='video/mp4'}
07-10 03:52:20.637 32295 32295 V VideoManager: videoFromCursor
07-10 03:52:20.637 32295 32295 D VideoManager: Video{id='139253', data='/storage/emulated/0/Movies/summarised/20200312_195330.mp4', name='20200312_195330.mp4', size=69990400, visible=true, mimeType='video/mp4'}
07-10 03:52:20.637 32295 32295 V VideoManager: videoFromCursor
07-10 03:52:20.637 32295 32295 D VideoManager: Video{id='139254', data='/storage/emulated/0/Movies/summarised/20200312_195430.mp4', name='20200312_195430.mp4', size=69990400, visible=true, mimeType='video/mp4'}
07-10 03:52:20.639 32295 32295 D VideoManager: 19 videos return
07-10 03:52:20.666 32295 32295 V VideoManager: getAllVideoFromExternalStorageFolder
07-10 03:52:20.668 32295 32295 D VideoManager: /storage/emulated/0/Movies/raw
07-10 03:52:20.673 32295 32295 D VideoManager: 0 videos return
07-10 03:52:20.706 32295 32295 D InputTransport: Input channel constructed: fd=77
07-10 03:52:20.707 32295 32295 D ViewRootImpl@cb6cd2b[MainActivity]: setView = DecorView@5eeefa1[MainActivity] TM=true MM=false
07-10 03:52:20.708 32295 32295 D ViewRootImpl@49a9145[AuthenticationActivity]: MSG_WINDOW_FOCUS_CHANGED 0 1
07-10 03:52:20.708 32295 32295 D InputMethodManager: prepareNavigationBarInfo() DecorView@ca0ff4[AuthenticationActivity]
07-10 03:52:20.708 32295 32295 D InputMethodManager: getNavigationBarColor() -855310
07-10 03:52:20.716 32295 32295 I TransferService: Starting Transfer Service to listen for network connectivity changes.
07-10 03:52:20.716 32295 32295 I TransferService: Registering the network receiver
07-10 03:52:20.718 32295 32295 E TransferService: No notification is passed in the intent. Unable to transition to foreground.
07-10 03:52:20.752 32295 32295 D ViewRootImpl@cb6cd2b[MainActivity]: dispatchAttachedToWindow
07-10 03:52:20.760 32295 32309 D MainActivity: Scanned /storage/emulated/0/Movies/raw
07-10 03:52:20.760 32295 32309 D MainActivity:   -> uri=content://media/external/file/139216
07-10 03:52:20.764 32295 32295 W StaticLayout: maxLineHeight should not be -1.  maxLines:1 lineCount:1
07-10 03:52:20.774 32295 32295 I chatty  : uid=10568(com.example.edgesum) identical 1 line
07-10 03:52:20.778 32295 32295 W StaticLayout: maxLineHeight should not be -1.  maxLines:1 lineCount:1
07-10 03:52:20.782 32295 32295 W StaticLayout: maxLineHeight should not be -1.  maxLines:1 lineCount:1
07-10 03:52:20.783 32295 32309 D MainActivity: Scanned /storage/emulated/0/Movies/summarised
07-10 03:52:20.783 32295 32309 D MainActivity:   -> uri=content://media/external/file/139217
07-10 03:52:20.792 32295 32295 D ViewRootImpl@cb6cd2b[MainActivity]: Relayout returned: old=[0,0][1080,2220] new=[0,0][1080,2220] result=0x7 surface={valid=true 541407485952} changed=true
07-10 03:52:20.800 32295 32429 D mali_winsys: EGLint new_window_surface(egl_winsys_display *, void *, EGLSurface, EGLConfig, egl_winsys_surface **, EGLBoolean) returns 0x3000
07-10 03:52:20.800 32295 32429 D OpenGLRenderer: eglCreateWindowSurface = 0x7e0f1ba980, 0x7e0e66a010
07-10 03:52:20.803 32295 32295 W StaticLayout: maxLineHeight should not be -1.  maxLines:1 lineCount:1
07-10 03:52:20.807 32295 32295 W StaticLayout: maxLineHeight should not be -1.  maxLines:1 lineCount:1
07-10 03:52:20.816 32295 32295 I TransferNetworkLossHand: Network connectivity changed detected.
07-10 03:52:20.818 32295 32295 I TransferNetworkLossHand: Network connected: true
07-10 03:52:20.819 32295 32455 D TransferNetworkLossHand: Loading transfers from database...
07-10 03:52:20.833 32295 32455 W LogFactory: Truncating log tag length as it exceed 23, the limit imposed by Android on certain API Levels
07-10 03:52:20.840 32295 32455 D TransferNetworkLossHand: Closing the cursor for resumeAllTransfers
07-10 03:52:20.841 32295 32455 D TransferNetworkLossHand: 2 transfers are loaded from database.
07-10 03:52:20.882 32295 32295 D ViewRootImpl@cb6cd2b[MainActivity]: MSG_RESIZED: frame=Rect(0, 0 - 1080, 2220) ci=Rect(0, 72 - 0, 144) vi=Rect(0, 72 - 0, 144) or=1
07-10 03:52:20.883 32295 32295 D ViewRootImpl@cb6cd2b[MainActivity]: setWindowStopped(false) old=false
07-10 03:52:20.887 32295 32295 D ViewRootImpl@cb6cd2b[MainActivity]: MSG_WINDOW_FOCUS_CHANGED 1 1
07-10 03:52:20.887 32295 32295 D InputMethodManager: prepareNavigationBarInfo() DecorView@5eeefa1[MainActivity]
07-10 03:52:20.887 32295 32295 D InputMethodManager: getNavigationBarColor() -855310
07-10 03:52:20.891 32295 32295 D InputMethodManager: prepareNavigationBarInfo() DecorView@5eeefa1[MainActivity]
07-10 03:52:20.891 32295 32295 D InputMethodManager: getNavigationBarColor() -855310
07-10 03:52:20.891 32295 32295 V InputMethodManager: Starting input: tba=com.example.edgesum ic=null mNaviBarColor -855310 mIsGetNaviBarColorSuccess true , NavVisible : true , NavTrans : false
07-10 03:52:20.891 32295 32295 D InputMethodManager: startInputInner - Id : 0
07-10 03:52:20.891 32295 32295 I InputMethodManager: startInputInner - mService.startInputOrWindowGainedFocus
07-10 03:52:20.893 32295 32295 D InputTransport: Input channel constructed: fd=79
07-10 03:52:20.893 32295 32295 D InputTransport: Input channel destroyed: fd=72
07-10 03:52:21.184 32295 32429 W libEGL  : EGLNativeWindowType 0x7e20e40010 disconnect failed
07-10 03:52:21.184 32295 32429 D OpenGLRenderer: eglDestroySurface = 0x7e0f1ba180, 0x7e20e40000
07-10 03:52:21.195 32295 32295 D ViewRootImpl@49a9145[AuthenticationActivity]: Relayout returned: old=[0,0][1080,2220] new=[0,0][1080,2220] result=0x5 surface={valid=false 0} changed=true
07-10 03:52:21.504 32295 32295 D ViewRootImpl@cb6cd2b[MainActivity]: ViewPostIme pointer 0
07-10 03:52:21.569 32295 32295 D ViewRootImpl@cb6cd2b[MainActivity]: ViewPostIme pointer 1
07-10 03:52:21.587 32295 32295 V MainActivity: Navigation summarised button clicked
07-10 03:52:21.594 32295 32295 W example.edgesu: Accessing hidden method Landroid/view/View;->getTransitionAlpha()F (light greylist, linking)
07-10 03:52:21.594 32295 32295 W example.edgesu: Accessing hidden method Landroid/view/View;->setTransitionAlpha(F)V (light greylist, linking)
07-10 03:52:21.594 32295 32295 W example.edgesu: Accessing hidden method Landroid/view/View;->setAnimationMatrix(Landroid/graphics/Matrix;)V (light greylist, linking)
07-10 03:52:21.595 32295 32295 W example.edgesu: Accessing hidden method Landroid/view/View;->transformMatrixToGlobal(Landroid/graphics/Matrix;)V (light greylist, linking)
07-10 03:52:21.595 32295 32295 W example.edgesu: Accessing hidden method Landroid/view/View;->transformMatrixToLocal(Landroid/graphics/Matrix;)V (light greylist, linking)
07-10 03:52:21.595 32295 32295 W example.edgesu: Accessing hidden method Landroid/view/View;->setLeftTopRightBottom(IIII)V (light greylist, linking)
07-10 03:52:21.595 32295 32295 W example.edgesu: Accessing hidden method Landroid/view/View;->setTransitionVisibility(I)V (dark greylist, linking)
07-10 03:52:21.633 32295 32295 W StaticLayout: maxLineHeight should not be -1.  maxLines:1 lineCount:1
07-10 03:52:21.640 32295 32295 W StaticLayout: maxLineHeight should not be -1.  maxLines:1 lineCount:1
07-10 03:52:24.633 32295 32295 W example.edgesu: Accessing hidden field Landroid/view/View;->mViewFlags:I (light greylist, reflection)
07-10 03:52:24.637 32295 32295 W example.edgesu: Accessing hidden method Landroid/view/ViewGroup;->suppressLayout(Z)V (light greylist, linking)
07-10 03:52:24.643 32295 32295 D skia    : approximate: numPoints=2, lengths[0]=0.000000, totalLength=6.000000, segmentPoints[0]=[144.000000,24.000000]
07-10 03:52:24.643 32295 32295 D skia    : approximate: approximation[0]=0.000000, approximation[1]=144.000000, approximation[2]=24.000000
07-10 03:52:24.643 32295 32295 D skia    : approximate: numPoints=2, lengths[1]=6.000000, totalLength=6.000000, segmentPoints[1]=[144.000000,18.000000]
07-10 03:52:24.644 32295 32295 D skia    : approximate: approximation[3]=1.000000, approximation[4]=144.000000, approximation[5]=18.000000
07-10 03:52:24.645 32295 32295 D skia    : approximate: numPoints=2, lengths[0]=0.000000, totalLength=6.000000, segmentPoints[0]=[144.000000,18.000000]
07-10 03:52:24.645 32295 32295 D skia    : approximate: approximation[0]=0.000000, approximation[1]=144.000000, approximation[2]=18.000000
07-10 03:52:24.645 32295 32295 D skia    : approximate: numPoints=2, lengths[1]=6.000000, totalLength=6.000000, segmentPoints[1]=[144.000000,24.000000]
07-10 03:52:24.645 32295 32295 D skia    : approximate: approximation[3]=1.000000, approximation[4]=144.000000, approximation[5]=24.000000
07-10 03:52:24.714 32295 32295 I Choreographer: Skipped 169 frames!  The application may be doing too much work on its main thread.
07-10 03:52:24.746 32295 32429 I OpenGLRenderer: Davey! duration=3131ms; Flags=0, IntendedVsync=27809629606240, Vsync=27809629606240, OldestInputEvent=9223372036854775807, NewestInputEvent=0, HandleInputStart=27809639944147, AnimationStart=27809640111185, PerformTraversalsStart=27809640119224, DrawStart=27812675127337, SyncQueued=27812724178914, SyncStart=27812724738722, IssueDrawCommandsStart=27812725510645, SwapBuffers=27812758574375, FrameCompleted=27812761764914, DequeueBufferDuration=1171000, QueueBufferDuration=1214000, 
07-10 03:52:37.888 32295 32295 D ViewRootImpl@cb6cd2b[MainActivity]: ViewPostIme pointer 0
07-10 03:52:39.101 32295 32295 D ViewRootImpl@cb6cd2b[MainActivity]: ViewPostIme pointer 1
07-10 03:52:39.715 32295 32295 D ViewRootImpl@cb6cd2b[MainActivity]: ViewPostIme pointer 0
07-10 03:52:39.797 32295 32295 D ViewRootImpl@cb6cd2b[MainActivity]: ViewPostIme pointer 1
07-10 03:52:39.802 32295 32295 W EventsRelays: Item change notification received for unknown item: 11
07-10 03:52:39.802 32295 32295 W EventsRelays: Item change notification received for unknown item: 12
07-10 03:52:39.802 32295 32295 W EventsRelays: Item change notification received for unknown item: 13
07-10 03:52:39.803 32295 32295 W EventsRelays: Item change notification received for unknown item: 14
07-10 03:52:39.803 32295 32295 W EventsRelays: Item change notification received for unknown item: 15
07-10 03:52:39.804 32295 32295 W EventsRelays: Item change notification received for unknown item: 16
07-10 03:52:39.804 32295 32295 W EventsRelays: Item change notification received for unknown item: 17
07-10 03:52:39.804 32295 32295 W EventsRelays: Item change notification received for unknown item: 18
07-10 03:52:39.806 32295 32295 W EventsRelays: Item change notification received for unknown item: 11
07-10 03:52:39.807 32295 32295 W EventsRelays: Item change notification received for unknown item: 12
07-10 03:52:39.807 32295 32295 W EventsRelays: Item change notification received for unknown item: 13
07-10 03:52:39.807 32295 32295 W EventsRelays: Item change notification received for unknown item: 14
07-10 03:52:39.807 32295 32295 W EventsRelays: Item change notification received for unknown item: 15
07-10 03:52:39.807 32295 32295 W EventsRelays: Item change notification received for unknown item: 16
07-10 03:52:39.808 32295 32295 W EventsRelays: Item change notification received for unknown item: 17
07-10 03:52:39.808 32295 32295 W EventsRelays: Item change notification received for unknown item: 18
07-10 03:52:40.582 32295 32295 D ViewRootImpl@cb6cd2b[MainActivity]: ViewPostIme pointer 0
07-10 03:52:41.524 32295 32295 D ViewRootImpl@cb6cd2b[MainActivity]: ViewPostIme pointer 1
07-10 03:52:41.946 32295 32295 D ViewRootImpl@cb6cd2b[MainActivity]: ViewPostIme pointer 0
07-10 03:52:42.688 32295 32295 D ViewRootImpl@cb6cd2b[MainActivity]: ViewPostIme pointer 1
07-10 03:52:43.120 32295 32295 D ViewRootImpl@cb6cd2b[MainActivity]: ViewPostIme pointer 0
07-10 03:52:43.632 32295 32295 D ViewRootImpl@cb6cd2b[MainActivity]: ViewPostIme pointer 1
07-10 03:52:43.938 32295 32295 D ViewRootImpl@cb6cd2b[MainActivity]: ViewPostIme pointer 0
07-10 03:52:44.504 32295 32295 D ViewRootImpl@cb6cd2b[MainActivity]: ViewPostIme pointer 1
07-10 03:52:44.870 32295 32295 D ViewRootImpl@cb6cd2b[MainActivity]: ViewPostIme pointer 0
07-10 03:52:44.883 32295 32300 I example.edgesu: Compiler allocated 4MB to compile void android.view.ViewRootImpl.performTraversals()
07-10 03:52:45.065 32295 32295 D ViewRootImpl@cb6cd2b[MainActivity]: ViewPostIme pointer 1
07-10 03:52:45.866 32295 32295 D ViewRootImpl@cb6cd2b[MainActivity]: ViewPostIme pointer 0
07-10 03:52:45.931 32295 32295 D ViewRootImpl@cb6cd2b[MainActivity]: ViewPostIme pointer 1
07-10 03:52:45.933 32295 32295 V VideoRecyclerViewAdapter: List size: 19
07-10 03:52:45.991 32295 32295 W LogFactory: Truncating log tag length as it exceed 23, the limit imposed by Android on certain API Levels
07-10 03:52:46.018 32295 32295 D TransferService: Initializing the thread pool of size: 18
07-10 03:52:46.022 32295 32295 D KeyProvider23: AndroidKeyStore contains keyAlias com.amazonaws.android.auth.aesKeyStoreAlias
07-10 03:52:46.022 32295 32295 D KeyProvider23: Loading the encryption key from Android KeyStore.
07-10 03:52:46.133 32295 32295 D TransferService: Initializing the thread pool of size: 18
07-10 03:52:46.135 32295 32295 D UploadToS3: Bytes Transferred: 0
07-10 03:52:46.135 32295 32295 D UploadToS3: Bytes Total: 69990400
07-10 03:52:46.152 32295 32582 D AmazonS3Client: Using virtual style addressing. Endpoint = https://s3.ap-southeast-2.amazonaws.com
07-10 03:52:46.153 32295 32582 D AmazonS3Client: Key: private/ap-southeast-2:d252a5d6-97a3-4c55-96b0-3ab381ebe068/20200312_150643.mp4; Request: POST https://edgesum82ff980659b24efe89e186aaba0fa3aa213655-dev.s3.ap-southeast-2.amazonaws.com /private/ap-southeast-2:d252a5d6-97a3-4c55-96b0-3ab381ebe068/20200312_150643.mp4 
07-10 03:52:46.156 32295 32295 D TransferService: Initializing the thread pool of size: 18
07-10 03:52:46.159 32295 32295 D KeyProvider23: AndroidKeyStore contains keyAlias com.amazonaws.android.auth.aesKeyStoreAlias
07-10 03:52:46.159 32295 32295 D KeyProvider23: Loading the encryption key from Android KeyStore.
07-10 03:52:46.159 32295 32582 D KeyProvider23: AndroidKeyStore contains keyAlias com.amazonaws.mobile.client.aesKeyStoreAlias
07-10 03:52:46.159 32295 32582 D KeyProvider23: Loading the encryption key from Android KeyStore.
07-10 03:52:46.196 32295 32582 D KeyProvider23: AndroidKeyStore contains keyAlias com.amazonaws.mobile.client.aesKeyStoreAlias
07-10 03:52:46.196 32295 32582 D KeyProvider23: Loading the encryption key from Android KeyStore.
07-10 03:52:46.219 32295 32582 D KeyProvider23: AndroidKeyStore contains keyAlias com.amazonaws.mobile.client.aesKeyStoreAlias
07-10 03:52:46.219 32295 32582 D KeyProvider23: Loading the encryption key from Android KeyStore.
07-10 03:52:46.234 32295 32295 D TransferService: Initializing the thread pool of size: 18
07-10 03:52:46.235 32295 32295 D UploadToS3: Bytes Transferred: 0
07-10 03:52:46.235 32295 32295 D UploadToS3: Bytes Total: 69990400
07-10 03:52:46.246 32295 32583 D AmazonS3Client: Using virtual style addressing. Endpoint = https://s3.ap-southeast-2.amazonaws.com
07-10 03:52:46.247 32295 32583 D AmazonS3Client: Key: private/ap-southeast-2:d252a5d6-97a3-4c55-96b0-3ab381ebe068/20200312_150744.mp4; Request: POST https://edgesum82ff980659b24efe89e186aaba0fa3aa213655-dev.s3.ap-southeast-2.amazonaws.com /private/ap-southeast-2:d252a5d6-97a3-4c55-96b0-3ab381ebe068/20200312_150744.mp4 
07-10 03:52:46.248 32295 32582 D KeyProvider23: AndroidKeyStore contains keyAlias com.amazonaws.mobile.client.aesKeyStoreAlias
07-10 03:52:46.248 32295 32582 D KeyProvider23: Loading the encryption key from Android KeyStore.
07-10 03:52:46.258 32295 32295 D TransferService: Initializing the thread pool of size: 18
07-10 03:52:46.260 32295 32295 D KeyProvider23: AndroidKeyStore contains keyAlias com.amazonaws.android.auth.aesKeyStoreAlias
07-10 03:52:46.260 32295 32295 D KeyProvider23: Loading the encryption key from Android KeyStore.
07-10 03:52:46.288 32295 32582 D AWSMobileClient: Inspecting user state details
07-10 03:52:46.294 32295 32582 D KeyProvider23: AndroidKeyStore contains keyAlias com.amazonaws.mobile.client.aesKeyStoreAlias
07-10 03:52:46.294 32295 32582 D KeyProvider23: Loading the encryption key from Android KeyStore.
07-10 03:52:46.318 32295 32582 D KeyProvider23: AndroidKeyStore contains keyAlias com.amazonaws.mobile.client.aesKeyStoreAlias
07-10 03:52:46.319 32295 32582 D KeyProvider23: Loading the encryption key from Android KeyStore.
07-10 03:52:46.336 32295 32295 D TransferService: Initializing the thread pool of size: 18
07-10 03:52:46.337 32295 32295 D UploadToS3: Bytes Transferred: 0
07-10 03:52:46.337 32295 32295 D UploadToS3: Bytes Total: 69990400
07-10 03:52:46.345 32295 32584 D AmazonS3Client: Using virtual style addressing. Endpoint = https://s3.ap-southeast-2.amazonaws.com
07-10 03:52:46.346 32295 32584 D AmazonS3Client: Key: private/ap-southeast-2:d252a5d6-97a3-4c55-96b0-3ab381ebe068/20200312_150844.mp4; Request: POST https://edgesum82ff980659b24efe89e186aaba0fa3aa213655-dev.s3.ap-southeast-2.amazonaws.com /private/ap-southeast-2:d252a5d6-97a3-4c55-96b0-3ab381ebe068/20200312_150844.mp4 
07-10 03:52:46.348 32295 32295 D TransferService: Initializing the thread pool of size: 18
07-10 03:52:46.351 32295 32295 D KeyProvider23: AndroidKeyStore contains keyAlias com.amazonaws.android.auth.aesKeyStoreAlias
07-10 03:52:46.351 32295 32295 D KeyProvider23: Loading the encryption key from Android KeyStore.
07-10 03:52:46.351 32295 32582 D KeyProvider23: AndroidKeyStore contains keyAlias com.amazonaws.mobile.client.aesKeyStoreAlias
07-10 03:52:46.351 32295 32582 D KeyProvider23: Loading the encryption key from Android KeyStore.
07-10 03:52:46.379 32295 32582 D KeyProvider23: AndroidKeyStore contains keyAlias com.amazonaws.mobile.client.aesKeyStoreAlias
07-10 03:52:46.379 32295 32582 D KeyProvider23: Loading the encryption key from Android KeyStore.
07-10 03:52:46.385 32295 32582 D KeyProvider23: AndroidKeyStore contains keyAlias com.amazonaws.mobile.client.aesKeyStoreAlias
07-10 03:52:46.386 32295 32582 D KeyProvider23: Loading the encryption key from Android KeyStore.
07-10 03:52:46.393 32295 32582 D KeyProvider23: AndroidKeyStore contains keyAlias CognitoIdentityProviderCache.aesKeyStoreAlias
07-10 03:52:46.393 32295 32582 D KeyProvider23: Loading the encryption key from Android KeyStore.
07-10 03:52:46.415 32295 32295 D TransferService: Initializing the thread pool of size: 18
07-10 03:52:46.416 32295 32295 D UploadToS3: Bytes Transferred: 0
07-10 03:52:46.416 32295 32295 D UploadToS3: Bytes Total: 69990400
07-10 03:52:46.423 32295 32585 D AmazonS3Client: Using virtual style addressing. Endpoint = https://s3.ap-southeast-2.amazonaws.com
07-10 03:52:46.424 32295 32585 D AmazonS3Client: Key: private/ap-southeast-2:d252a5d6-97a3-4c55-96b0-3ab381ebe068/20200312_150944.mp4; Request: POST https://edgesum82ff980659b24efe89e186aaba0fa3aa213655-dev.s3.ap-southeast-2.amazonaws.com /private/ap-southeast-2:d252a5d6-97a3-4c55-96b0-3ab381ebe068/20200312_150944.mp4 
07-10 03:52:46.424 32295 32295 D TransferService: Initializing the thread pool of size: 18
07-10 03:52:46.427 32295 32295 D KeyProvider23: AndroidKeyStore contains keyAlias com.amazonaws.android.auth.aesKeyStoreAlias
07-10 03:52:46.427 32295 32295 D KeyProvider23: Loading the encryption key from Android KeyStore.
07-10 03:52:46.432 32295 32582 D KeyProvider23: AndroidKeyStore contains keyAlias CognitoIdentityProviderCache.aesKeyStoreAlias
07-10 03:52:46.432 32295 32582 D KeyProvider23: Loading the encryption key from Android KeyStore.
07-10 03:52:46.463 32295 32582 D KeyProvider23: AndroidKeyStore contains keyAlias CognitoIdentityProviderCache.aesKeyStoreAlias
07-10 03:52:46.464 32295 32582 D KeyProvider23: Loading the encryption key from Android KeyStore.
07-10 03:52:46.486 32295 32582 D KeyProvider23: AndroidKeyStore contains keyAlias CognitoIdentityProviderCache.aesKeyStoreAlias
07-10 03:52:46.486 32295 32582 D KeyProvider23: Loading the encryption key from Android KeyStore.
07-10 03:52:46.496 32295 32295 D TransferService: Initializing the thread pool of size: 18
07-10 03:52:46.496 32295 32295 D UploadToS3: Bytes Transferred: 0
07-10 03:52:46.496 32295 32295 D UploadToS3: Bytes Total: 69990400
07-10 03:52:46.503 32295 32586 D AmazonS3Client: Using virtual style addressing. Endpoint = https://s3.ap-southeast-2.amazonaws.com
07-10 03:52:46.503 32295 32295 D TransferService: Initializing the thread pool of size: 18
07-10 03:52:46.504 32295 32586 D AmazonS3Client: Key: private/ap-southeast-2:d252a5d6-97a3-4c55-96b0-3ab381ebe068/20200312_151044.mp4; Request: POST https://edgesum82ff980659b24efe89e186aaba0fa3aa213655-dev.s3.ap-southeast-2.amazonaws.com /private/ap-southeast-2:d252a5d6-97a3-4c55-96b0-3ab381ebe068/20200312_151044.mp4 
07-10 03:52:46.507 32295 32295 D KeyProvider23: AndroidKeyStore contains keyAlias com.amazonaws.android.auth.aesKeyStoreAlias
07-10 03:52:46.507 32295 32295 D KeyProvider23: Loading the encryption key from Android KeyStore.
07-10 03:52:46.512 32295 32582 D AWSMobileClient: hasFederatedToken: false provider: cognito-idp.ap-southeast-2.amazonaws.com/ap-southeast-2_RQ4XVNX6r
07-10 03:52:46.512 32295 32582 D AWSMobileClient: hasFederatedToken: false provider: cognito-idp.ap-southeast-2.amazonaws.com/ap-southeast-2_RQ4XVNX6r
07-10 03:52:46.514 32295 32582 D KeyProvider23: AndroidKeyStore contains keyAlias com.amazonaws.mobile.client.aesKeyStoreAlias
07-10 03:52:46.515 32295 32582 D KeyProvider23: Loading the encryption key from Android KeyStore.
07-10 03:52:46.529 32295 32582 D CognitoCachingCredentia: Clearing credentials from SharedPreferences
07-10 03:52:46.536 32295 32582 D CognitoCachingCredentia: Clearing credentials from SharedPreferences
07-10 03:52:46.540 32295 32582 D KeyProvider23: AndroidKeyStore contains keyAlias com.amazonaws.android.auth.aesKeyStoreAlias
07-10 03:52:46.540 32295 32582 D KeyProvider23: Loading the encryption key from Android KeyStore.
07-10 03:52:46.574 32295 32582 D NetworkSecurityConfig: No Network Security Config specified, using platform default
07-10 03:52:46.577 32295 32295 D TransferService: Initializing the thread pool of size: 18
07-10 03:52:46.577 32295 32295 D UploadToS3: Bytes Transferred: 0
07-10 03:52:46.578 32295 32295 D UploadToS3: Bytes Total: 69990400
07-10 03:52:46.580 32295 32582 I System.out: (HTTPLog)-Static: isSBSettingEnabled false
07-10 03:52:46.580 32295 32582 I System.out: (HTTPLog)-Static: isSBSettingEnabled false
07-10 03:52:46.584 32295 32295 D TransferService: Initializing the thread pool of size: 18
07-10 03:52:46.585 32295 32587 D AmazonS3Client: Using virtual style addressing. Endpoint = https://s3.ap-southeast-2.amazonaws.com
07-10 03:52:46.585 32295 32587 D AmazonS3Client: Key: private/ap-southeast-2:d252a5d6-97a3-4c55-96b0-3ab381ebe068/20200312_193528.mp4; Request: POST https://edgesum82ff980659b24efe89e186aaba0fa3aa213655-dev.s3.ap-southeast-2.amazonaws.com /private/ap-southeast-2:d252a5d6-97a3-4c55-96b0-3ab381ebe068/20200312_193528.mp4 
07-10 03:52:46.587 32295 32295 D KeyProvider23: AndroidKeyStore contains keyAlias com.amazonaws.android.auth.aesKeyStoreAlias
07-10 03:52:46.587 32295 32295 D KeyProvider23: Loading the encryption key from Android KeyStore.
07-10 03:52:46.611 32295 32582 D TcpOptimizer: TcpOptimizer-ON
07-10 03:52:46.660 32295 32295 D TransferService: Initializing the thread pool of size: 18
07-10 03:52:46.661 32295 32295 D UploadToS3: Bytes Transferred: 0
07-10 03:52:46.661 32295 32295 D UploadToS3: Bytes Total: 69990400
07-10 03:52:46.670 32295 32295 D TransferService: Initializing the thread pool of size: 18
07-10 03:52:46.673 32295 32295 D KeyProvider23: AndroidKeyStore contains keyAlias com.amazonaws.android.auth.aesKeyStoreAlias
07-10 03:52:46.673 32295 32295 D KeyProvider23: Loading the encryption key from Android KeyStore.
07-10 03:52:46.674 32295 32592 D AmazonS3Client: Using virtual style addressing. Endpoint = https://s3.ap-southeast-2.amazonaws.com
07-10 03:52:46.675 32295 32592 D AmazonS3Client: Key: private/ap-southeast-2:d252a5d6-97a3-4c55-96b0-3ab381ebe068/20200312_193628.mp4; Request: POST https://edgesum82ff980659b24efe89e186aaba0fa3aa213655-dev.s3.ap-southeast-2.amazonaws.com /private/ap-southeast-2:d252a5d6-97a3-4c55-96b0-3ab381ebe068/20200312_193628.mp4 
07-10 03:52:46.739 32295 32295 D TransferService: Initializing the thread pool of size: 18
07-10 03:52:46.740 32295 32295 D UploadToS3: Bytes Transferred: 0
07-10 03:52:46.740 32295 32295 D UploadToS3: Bytes Total: 69990400
07-10 03:52:46.746 32295 32593 D AmazonS3Client: Using virtual style addressing. Endpoint = https://s3.ap-southeast-2.amazonaws.com
07-10 03:52:46.746 32295 32593 D AmazonS3Client: Key: private/ap-southeast-2:d252a5d6-97a3-4c55-96b0-3ab381ebe068/20200312_193728.mp4; Request: POST https://edgesum82ff980659b24efe89e186aaba0fa3aa213655-dev.s3.ap-southeast-2.amazonaws.com /private/ap-southeast-2:d252a5d6-97a3-4c55-96b0-3ab381ebe068/20200312_193728.mp4 
07-10 03:52:46.747 32295 32295 D TransferService: Initializing the thread pool of size: 18
07-10 03:52:46.749 32295 32295 D KeyProvider23: AndroidKeyStore contains keyAlias com.amazonaws.android.auth.aesKeyStoreAlias
07-10 03:52:46.749 32295 32295 D KeyProvider23: Loading the encryption key from Android KeyStore.
07-10 03:52:46.801 32295 32295 D TransferService: Initializing the thread pool of size: 18
07-10 03:52:46.802 32295 32295 D UploadToS3: Bytes Transferred: 0
07-10 03:52:46.802 32295 32295 D UploadToS3: Bytes Total: 69990400
07-10 03:52:46.808 32295 32595 D AmazonS3Client: Using virtual style addressing. Endpoint = https://s3.ap-southeast-2.amazonaws.com
07-10 03:52:46.808 32295 32295 D TransferService: Initializing the thread pool of size: 18
07-10 03:52:46.808 32295 32595 D AmazonS3Client: Key: private/ap-southeast-2:d252a5d6-97a3-4c55-96b0-3ab381ebe068/20200312_193828.mp4; Request: POST https://edgesum82ff980659b24efe89e186aaba0fa3aa213655-dev.s3.ap-southeast-2.amazonaws.com /private/ap-southeast-2:d252a5d6-97a3-4c55-96b0-3ab381ebe068/20200312_193828.mp4 
07-10 03:52:46.810 32295 32295 D KeyProvider23: AndroidKeyStore contains keyAlias com.amazonaws.android.auth.aesKeyStoreAlias
07-10 03:52:46.810 32295 32295 D KeyProvider23: Loading the encryption key from Android KeyStore.
07-10 03:52:46.868 32295 32295 D TransferService: Initializing the thread pool of size: 18
07-10 03:52:46.868 32295 32295 D UploadToS3: Bytes Transferred: 0
07-10 03:52:46.868 32295 32295 D UploadToS3: Bytes Total: 69990400
07-10 03:52:46.874 32295 32295 D TransferService: Initializing the thread pool of size: 18
07-10 03:52:46.878 32295 32295 D KeyProvider23: AndroidKeyStore contains keyAlias com.amazonaws.android.auth.aesKeyStoreAlias
07-10 03:52:46.878 32295 32295 D KeyProvider23: Loading the encryption key from Android KeyStore.
07-10 03:52:46.903 32295 32582 V com.amazonaws.request: Parsing service response JSON
07-10 03:52:46.904 32295 32582 D com.amazonaws.request: CRC32Checksum = null
07-10 03:52:46.904 32295 32582 D com.amazonaws.request: content encoding = null
07-10 03:52:46.924 32295 32582 V com.amazonaws.request: Done parsing service response
07-10 03:52:46.929 32295 32582 D KeyProvider23: AndroidKeyStore contains keyAlias com.amazonaws.android.auth.aesKeyStoreAlias
07-10 03:52:46.929 32295 32582 D KeyProvider23: Loading the encryption key from Android KeyStore.
07-10 03:52:46.967 32295 32582 D CognitoCachingCredentia: Saving credentials to SharedPreferences
07-10 03:52:46.970 32295 32582 D KeyProvider23: AndroidKeyStore contains keyAlias com.amazonaws.android.auth.aesKeyStoreAlias
07-10 03:52:46.970 32295 32582 D KeyProvider23: Loading the encryption key from Android KeyStore.
07-10 03:52:46.997 32295 32295 D TransferService: Initializing the thread pool of size: 18
07-10 03:52:46.998 32295 32295 D UploadToS3: Bytes Transferred: 0
07-10 03:52:46.998 32295 32295 D UploadToS3: Bytes Total: 69990400
07-10 03:52:46.999 32295 32582 D KeyProvider23: AndroidKeyStore contains keyAlias com.amazonaws.android.auth.aesKeyStoreAlias
07-10 03:52:46.999 32295 32582 D KeyProvider23: Loading the encryption key from Android KeyStore.
07-10 03:52:47.007 32295 32295 D TransferService: Initializing the thread pool of size: 18
07-10 03:52:47.030 32295 32295 D KeyProvider23: AndroidKeyStore contains keyAlias com.amazonaws.android.auth.aesKeyStoreAlias
07-10 03:52:47.030 32295 32295 D KeyProvider23: Loading the encryption key from Android KeyStore.
07-10 03:52:47.057 32295 32582 D KeyProvider23: AndroidKeyStore contains keyAlias com.amazonaws.android.auth.aesKeyStoreAlias
07-10 03:52:47.057 32295 32582 D KeyProvider23: Loading the encryption key from Android KeyStore.
07-10 03:52:47.090 32295 32582 D KeyProvider23: AndroidKeyStore contains keyAlias com.amazonaws.android.auth.aesKeyStoreAlias
