--------- beginning of main
--------- beginning of system
07-03 01:37:53.226 23800 23800 W LogFactory: Truncating log tag length as it exceed 23, the limit imposed by Android on certain API Levels
07-03 01:38:12.323 23800 23800 E TransferService: No notification is passed in the intent. Unable to transition to foreground.
07-03 01:39:39.602 23800 23800 W NearbyFragment: Preferences:
07-03 01:39:39.602 23800 23800 W NearbyFragment:   Auto download: true
07-03 01:39:39.602 23800 23800 W NearbyFragment:   Algorithm: best_or_local
07-03 01:39:39.602 23800 23800 W NearbyFragment:   Fast scheduling: true
07-03 01:39:39.602 23800 23800 W NearbyFragment:   Segmentation: false
07-03 01:39:39.602 23800 23800 W NearbyFragment:   Auto segmentation: false
07-03 01:39:39.602 23800 23800 W NearbyFragment:   Segment number: 4
07-03 01:39:39.602 23800 23800 W NearbyFragment:   Noise tolerance: 45.00
07-03 01:39:39.602 23800 23800 W NearbyFragment:   Quality: 23
07-03 01:39:39.602 23800 23800 W NearbyFragment:   Speed: medium
07-03 01:39:39.602 23800 23800 W NearbyFragment:   Freeze duration: 1.00
07-03 01:39:39.603 23800 23800 W NearbyFragment: Download delay: 1s
07-03 01:39:39.603 23800 23800 W NearbyFragment: Started downloading from dashcam
07-03 01:40:03.907 23800 24002 W DashDownloadManager: Successfully downloaded 20200312_150643.mp4 in 24.167s
07-03 01:40:03.929 23800 24002 W NearbyFragment: Sending 20200312_150643.mp4 to Galaxy S8 [2802]
07-03 01:40:26.104 23800 24002 W DashDownloadManager: Successfully downloaded 20200312_150744.mp4 in 21.109s
07-03 01:40:26.110 23800 24002 W NearbyFragment: Sending 20200312_150744.mp4 to Galaxy S8 [2802]
07-03 01:40:49.310 23800 24002 W DashDownloadManager: Successfully downloaded 20200312_150844.mp4 in 22.106s
07-03 01:40:49.319 23800 24002 W NearbyFragment: Sending 20200312_150844.mp4 to Nexus 5 [1825]
07-03 01:40:53.002 23800 23800 W NearbyFragment: Completed downloading 20200312_150744.mp4 from Endpoint{id=EYKe, name=Galaxy S8 [2802]} in 00.459s
07-03 01:41:14.820 23800 24002 W DashDownloadManager: Successfully downloaded 20200312_150944.mp4 in 24.440s
07-03 01:41:14.828 23800 24002 W NearbyFragment: Sending 20200312_150944.mp4 to Galaxy S8 [2802]
07-03 01:41:39.246 23800 23800 W NearbyFragment: Completed downloading 20200312_150944.mp4 from Endpoint{id=EYKe, name=Galaxy S8 [2802]} in 00.857s
07-03 01:41:45.623 23800 23800 W NearbyFragment: Completed downloading 20200312_150844.mp4 from Endpoint{id=TOjw, name=Nexus 5 [1825]} in 14.805s
07-03 01:41:48.551 23800 24002 W DashDownloadManager: Successfully downloaded 20200312_151044.mp4 in 32.110s
07-03 01:41:48.556 23800 24002 W NearbyFragment: Sending 20200312_151044.mp4 to Galaxy S8 [2802]
07-03 01:42:11.589 23800 24002 W DashDownloadManager: Successfully downloaded 20200312_193528.mp4 in 21.970s
07-03 01:42:11.596 23800 24002 W NearbyFragment: Sending 20200312_193528.mp4 to Galaxy S8 [2802]
07-03 01:42:32.014 23800 24002 W DashDownloadManager: Successfully downloaded 20200312_193628.mp4 in 19.361s
07-03 01:42:32.022 23800 24002 W NearbyFragment: Sending 20200312_193628.mp4 to Galaxy S8 [2802]
07-03 01:42:52.085 23800 24002 W DashDownloadManager: Successfully downloaded 20200312_193728.mp4 in 18.986s
07-03 01:42:52.094 23800 24002 W NearbyFragment: Sending 20200312_193728.mp4 to Nexus 5 [1825]
07-03 01:42:59.655 23800 23800 W NearbyFragment: Completed downloading 20200312_193628.mp4 from Endpoint{id=EYKe, name=Galaxy S8 [2802]} in 00.202s
07-03 01:43:19.585 23800 24002 W DashDownloadManager: Successfully downloaded 20200312_193828.mp4 in 26.274s
07-03 01:43:19.591 23800 24002 W NearbyFragment: Sending 20200312_193828.mp4 to Galaxy S8 [2802]
07-03 01:43:49.193 23800 23800 W NearbyFragment: Completed downloading 20200312_193828.mp4 from Endpoint{id=EYKe, name=Galaxy S8 [2802]} in 00.281s
07-03 01:43:52.320 23800 23800 W NearbyFragment: Completed downloading 20200312_193728.mp4 from Endpoint{id=TOjw, name=Nexus 5 [1825]} in 15.361s
07-03 01:43:52.715 23800 24002 W DashDownloadManager: Successfully downloaded 20200312_193928.mp4 in 32.063s
07-03 01:43:52.722 23800 24002 W NearbyFragment: Sending 20200312_193928.mp4 to Galaxy S8 [2802]
07-03 01:44:14.292 23800 24002 W DashDownloadManager: Successfully downloaded 20200312_194129.mp4 in 20.509s
07-03 01:44:14.298 23800 24002 W NearbyFragment: Sending 20200312_194129.mp4 to Galaxy S8 [2802]
07-03 01:44:35.000 23800 24002 W DashDownloadManager: Successfully downloaded 20200312_194229.mp4 in 19.640s
07-03 01:44:35.007 23800 24002 W NearbyFragment: Sending 20200312_194229.mp4 to Nexus 5 [1825]
07-03 01:44:45.119 23800 23800 W NearbyFragment: Completed downloading 20200312_194129.mp4 from Endpoint{id=EYKe, name=Galaxy S8 [2802]} in 00.386s
07-03 01:45:02.798 23800 24002 W DashDownloadManager: Successfully downloaded 20200312_194330.mp4 in 26.732s
07-03 01:45:02.806 23800 24002 W NearbyFragment: Sending 20200312_194330.mp4 to Galaxy S8 [2802]
07-03 01:45:24.292 23800 24002 W DashDownloadManager: Successfully downloaded 20200312_194730.mp4 in 20.424s
07-03 01:45:24.302 23800 24002 W NearbyFragment: Sending 20200312_194730.mp4 to Galaxy S8 [2802]
07-03 01:45:43.956 23800 24002 W DashDownloadManager: Successfully downloaded 20200312_194830.mp4 in 18.589s
07-03 01:45:43.965 23800 24002 W NearbyFragment: Sending 20200312_194830.mp4 to Galaxy S8 [2802]
07-03 01:46:04.226 23800 24002 W DashDownloadManager: Successfully downloaded 20200312_194930.mp4 in 19.188s
07-03 01:46:04.232 23800 24002 W NearbyFragment: Sending 20200312_194930.mp4 to Nexus 5X [9c8f]
07-03 01:46:21.908 23800 23800 W NearbyFragment: Completed downloading 20200312_194830.mp4 from Endpoint{id=EYKe, name=Galaxy S8 [2802]} in 00.364s
07-03 01:46:22.714 23800 23800 W NearbyFragment: Completed downloading 20200312_194229.mp4 from Endpoint{id=TOjw, name=Nexus 5 [1825]} in 00.392s
07-03 01:46:30.124 23800 24002 W DashDownloadManager: Successfully downloaded 20200312_195230.mp4 in 24.822s
07-03 01:46:30.131 23800 24002 W NearbyFragment: Sending 20200312_195230.mp4 to Galaxy S8 [2802]
07-03 01:46:50.819 23800 24002 W DashDownloadManager: Successfully downloaded 20200312_195330.mp4 in 19.620s
07-03 01:46:50.828 23800 24002 W NearbyFragment: Sending 20200312_195330.mp4 to Nexus 5 [1825]
07-03 01:46:56.998 23800 23800 W NearbyFragment: Completed downloading 20200312_195230.mp4 from Endpoint{id=EYKe, name=Galaxy S8 [2802]} in 00.276s
07-03 01:47:20.167 23800 24002 W DashDownloadManager: Successfully downloaded 20200312_195430.mp4 in 28.277s
07-03 01:47:20.175 23800 24002 W NearbyFragment: Sending 20200312_195430.mp4 to Galaxy S8 [2802]
07-03 01:47:21.185 23800 24002 W NearbyFragment: Stopped downloading from dashcam
07-03 01:47:31.994 23800 23800 W NearbyFragment: Completed downloading 20200312_194930.mp4 from Endpoint{id=OBJ7, name=Nexus 5X [9c8f]} in 01.197s
07-03 01:47:56.917 23800 23800 W NearbyFragment: Completed downloading 20200312_195430.mp4 from Endpoint{id=EYKe, name=Galaxy S8 [2802]} in 00.443s
07-03 01:49:11.605 23800 23800 W NearbyFragment: Completed downloading 20200312_195330.mp4 from Endpoint{id=TOjw, name=Nexus 5 [1825]} in 01.196s
