06-29 18:51:59.465  9869 16336 I chatty  : uid=10568(com.example.edgesum) Thread-9 identical 1 line
06-29 18:51:59.465  9869 16336 I mobile-ffmpeg: 
06-29 18:51:59.465  9869 16336 I mobile-ffmpeg:     major_brand     : 
06-29 18:51:59.465  9869 16336 I mobile-ffmpeg: 
06-29 18:51:59.465  9869 16336 I chatty  : uid=10568(com.example.edgesum) Thread-9 identical 1 line
06-29 18:51:59.465  9869 16336 I mobile-ffmpeg: 
06-29 18:51:59.465  9869 16336 I mobile-ffmpeg: isom
06-29 18:51:59.465  9869 16336 I mobile-ffmpeg: 
06-29 18:51:59.465  9869 16336 I chatty  : uid=10568(com.example.edgesum) Thread-9 identical 1 line
06-29 18:51:59.465  9869 16336 I mobile-ffmpeg: 
06-29 18:51:59.465  9869 16336 I mobile-ffmpeg: 
06-29 18:51:59.465  9869 16336 I mobile-ffmpeg: 
06-29 18:51:59.465  9869 16336 I chatty  : uid=10568(com.example.edgesum) Thread-9 identical 1 line
06-29 18:51:59.465  9869 16336 I mobile-ffmpeg: 
06-29 18:51:59.465  9869 16336 I mobile-ffmpeg:     minor_version   : 
06-29 18:51:59.465  9869 16336 I mobile-ffmpeg: 
06-29 18:51:59.465  9869 16336 I chatty  : uid=10568(com.example.edgesum) Thread-9 identical 1 line
06-29 18:51:59.465  9869 16336 I mobile-ffmpeg: 
06-29 18:51:59.465  9869 16336 I mobile-ffmpeg: 512
06-29 18:51:59.465  9869 16336 I mobile-ffmpeg: 
06-29 18:51:59.466  9869 16336 I chatty  : uid=10568(com.example.edgesum) Thread-9 identical 1 line
06-29 18:51:59.466  9869 16336 I mobile-ffmpeg: 
06-29 18:51:59.466  9869 16336 I mobile-ffmpeg: 
06-29 18:51:59.466  9869 16336 I mobile-ffmpeg: 
06-29 18:51:59.466  9869 16336 I chatty  : uid=10568(com.example.edgesum) Thread-9 identical 1 line
06-29 18:51:59.466  9869 16336 I mobile-ffmpeg: 
06-29 18:51:59.466  9869 16336 I mobile-ffmpeg:     compatible_brands: 
06-29 18:51:59.466  9869 16336 I mobile-ffmpeg: 
06-29 18:51:59.466  9869 16336 I chatty  : uid=10568(com.example.edgesum) Thread-9 identical 1 line
06-29 18:51:59.466  9869 16336 I mobile-ffmpeg: 
06-29 18:51:59.466  9869 16336 I mobile-ffmpeg: isomiso2avc1mp41
06-29 18:51:59.466  9869 16336 I mobile-ffmpeg: 
06-29 18:51:59.466  9869 16336 I chatty  : uid=10568(com.example.edgesum) Thread-9 identical 1 line
06-29 18:51:59.466  9869 16336 I mobile-ffmpeg: 
06-29 18:51:59.466  9869 16336 I mobile-ffmpeg: 
06-29 18:51:59.466  9869 16336 I mobile-ffmpeg: 
06-29 18:51:59.466  9869 16336 I chatty  : uid=10568(com.example.edgesum) Thread-9 identical 1 line
06-29 18:51:59.466  9869 16336 I mobile-ffmpeg: 
06-29 18:51:59.466  9869 16336 I mobile-ffmpeg:     encoder         : 
06-29 18:51:59.466  9869 16336 I mobile-ffmpeg: 
06-29 18:51:59.466  9869 16336 I chatty  : uid=10568(com.example.edgesum) Thread-9 identical 1 line
06-29 18:51:59.466  9869 16336 I mobile-ffmpeg: 
06-29 18:51:59.466  9869 16336 I mobile-ffmpeg: Lavf58.28.101
06-29 18:51:59.466  9869 16336 I mobile-ffmpeg: 
06-29 18:51:59.466  9869 16336 I chatty  : uid=10568(com.example.edgesum) Thread-9 identical 1 line
06-29 18:51:59.466  9869 16336 I mobile-ffmpeg: 
06-29 18:51:59.466  9869 16336 I mobile-ffmpeg: 
06-29 18:51:59.466  9869 16336 I mobile-ffmpeg: 
06-29 18:51:59.466  9869 16336 I chatty  : uid=10568(com.example.edgesum) Thread-9 identical 1 line
06-29 18:51:59.466  9869 16336 I mobile-ffmpeg: 
06-29 18:51:59.466  9869 16336 I mobile-ffmpeg:     Stream #0:0
06-29 18:51:59.466  9869 16336 I mobile-ffmpeg: 
06-29 18:51:59.466  9869 16336 I chatty  : uid=10568(com.example.edgesum) Thread-9 identical 1 line
06-29 18:51:59.466  9869 16336 I mobile-ffmpeg: 
06-29 18:51:59.466  9869 16336 I mobile-ffmpeg: (eng)
06-29 18:51:59.466  9869 16336 I mobile-ffmpeg: 
06-29 18:51:59.467  9869 16336 I chatty  : uid=10568(com.example.edgesum) Thread-9 identical 1 line
06-29 18:51:59.467  9869 16336 I mobile-ffmpeg: 
06-29 18:51:59.467  9869 16336 I mobile-ffmpeg: : Video: wrapped_avframe, yuvj420p, 1280x720, q=2-31, 200 kb/s
06-29 18:51:59.467  9869 16336 I mobile-ffmpeg: 
06-29 18:51:59.467  9869 16336 I chatty  : uid=10568(com.example.edgesum) Thread-9 identical 1 line
06-29 18:51:59.467  9869 16336 I mobile-ffmpeg: 
06-29 18:51:59.467  9869 16336 I mobile-ffmpeg: , 
06-29 18:51:59.467  9869 16336 I mobile-ffmpeg: 
06-29 18:51:59.467  9869 16336 I chatty  : uid=10568(com.example.edgesum) Thread-9 identical 1 line
06-29 18:51:59.467  9869 16336 I mobile-ffmpeg: 
06-29 18:51:59.467  9869 16336 I mobile-ffmpeg: 29.97 fps, 
06-29 18:51:59.467  9869 16336 I mobile-ffmpeg: 
06-29 18:51:59.467  9869 16336 I chatty  : uid=10568(com.example.edgesum) Thread-9 identical 1 line
06-29 18:51:59.467  9869 16336 I mobile-ffmpeg: 
06-29 18:51:59.467  9869 16336 I mobile-ffmpeg: 29.97 tbn, 
06-29 18:51:59.467  9869 16336 I mobile-ffmpeg: 
06-29 18:51:59.467  9869 16336 I chatty  : uid=10568(com.example.edgesum) Thread-9 identical 1 line
06-29 18:51:59.467  9869 16336 I mobile-ffmpeg: 
06-29 18:51:59.467  9869 16336 I mobile-ffmpeg: 29.97 tbc
06-29 18:51:59.467  9869 16336 I mobile-ffmpeg: 
06-29 18:51:59.467  9869 16336 I chatty  : uid=10568(com.example.edgesum) Thread-9 identical 1 line
06-29 18:51:59.467  9869 16336 I mobile-ffmpeg: 
06-29 18:51:59.467  9869 16336 I mobile-ffmpeg:  (default)
06-29 18:51:59.467  9869 16336 I mobile-ffmpeg: 
06-29 18:51:59.467  9869 16336 I chatty  : uid=10568(com.example.edgesum) Thread-9 identical 1 line
06-29 18:51:59.467  9869 16336 I mobile-ffmpeg: 
06-29 18:51:59.467  9869 16336 I mobile-ffmpeg: 
06-29 18:51:59.467  9869 16336 I mobile-ffmpeg: 
06-29 18:51:59.467  9869 16336 I mobile-ffmpeg: 
06-29 18:51:59.467  9869 16336 I mobile-ffmpeg: 
06-29 18:51:59.467  9869 16336 I mobile-ffmpeg:     Metadata:
06-29 18:51:59.467  9869 16336 I mobile-ffmpeg: 
06-29 18:51:59.467  9869 16336 I chatty  : uid=10568(com.example.edgesum) Thread-9 identical 1 line
06-29 18:51:59.467  9869 16336 I mobile-ffmpeg: 
06-29 18:51:59.467  9869 16336 I mobile-ffmpeg:       handler_name    : 
06-29 18:51:59.468  9869 16336 I mobile-ffmpeg: 
06-29 18:51:59.468  9869 16336 I chatty  : uid=10568(com.example.edgesum) Thread-9 identical 1 line
06-29 18:51:59.468  9869 16336 I mobile-ffmpeg: 
06-29 18:51:59.468  9869 16336 I mobile-ffmpeg: PittaSoft Video Media Handler
06-29 18:51:59.468  9869 16336 I mobile-ffmpeg: 
06-29 18:51:59.468  9869 16336 I chatty  : uid=10568(com.example.edgesum) Thread-9 identical 1 line
06-29 18:51:59.468  9869 16336 I mobile-ffmpeg: 
06-29 18:51:59.468  9869 16336 I mobile-ffmpeg: 
06-29 18:51:59.468  9869 16336 I mobile-ffmpeg: 
06-29 18:51:59.468  9869 16336 I mobile-ffmpeg: 
06-29 18:51:59.468  9869  9869 V NearbyFragment: Transfer to DYPX: 8%
06-29 18:51:59.468  9869 16336 I mobile-ffmpeg: 
06-29 18:51:59.468  9869 16336 I mobile-ffmpeg:       encoder         : 
06-29 18:51:59.469  9869 16336 I mobile-ffmpeg: 
06-29 18:51:59.469  9869 16336 I chatty  : uid=10568(com.example.edgesum) Thread-9 identical 1 line
06-29 18:51:59.469  9869 16336 I mobile-ffmpeg: 
06-29 18:51:59.469  9869 16336 I mobile-ffmpeg: Lavc58.53.101 wrapped_avframe
06-29 18:51:59.469  9869 16336 I mobile-ffmpeg: 
06-29 18:51:59.469  9869 16336 I chatty  : uid=10568(com.example.edgesum) Thread-9 identical 1 line
06-29 18:51:59.469  9869 16336 I mobile-ffmpeg: 
06-29 18:51:59.469  9869 16336 I mobile-ffmpeg: 
06-29 18:51:59.469  9869 16336 I mobile-ffmpeg: 
06-29 18:51:59.469  9869 16336 I chatty  : uid=10568(com.example.edgesum) Thread-9 identical 1 line
06-29 18:51:59.469  9869 16336 I mobile-ffmpeg: 
06-29 18:51:59.469  9869 16336 I mobile-ffmpeg:     Stream #0:1
06-29 18:51:59.472  9869  9869 V NearbyFragment: Transfer to DYPX: 9%
06-29 18:51:59.472  9869 16336 I mobile-ffmpeg: 
06-29 18:51:59.472  9869 16336 I mobile-ffmpeg: 
06-29 18:51:59.472  9869 16336 I mobile-ffmpeg: 
06-29 18:51:59.472  9869 16336 I mobile-ffmpeg: (eng)
06-29 18:51:59.472  9869 16336 I mobile-ffmpeg: 
06-29 18:51:59.472  9869 16336 I chatty  : uid=10568(com.example.edgesum) Thread-9 identical 1 line
06-29 18:51:59.472  9869 16336 I mobile-ffmpeg: 
06-29 18:51:59.472  9869 16336 I mobile-ffmpeg: : Audio: pcm_s16le, 16000 Hz, stereo, s16, 512 kb/s
06-29 18:51:59.473  9869 16336 I mobile-ffmpeg: 
06-29 18:51:59.473  9869 16336 I chatty  : uid=10568(com.example.edgesum) Thread-9 identical 1 line
06-29 18:51:59.473  9869 16336 I mobile-ffmpeg: 
06-29 18:51:59.473  9869 16336 I mobile-ffmpeg:  (default)
06-29 18:51:59.473  9869 16336 I mobile-ffmpeg: 
06-29 18:51:59.473  9869 16336 I chatty  : uid=10568(com.example.edgesum) Thread-9 identical 1 line
06-29 18:51:59.473  9869 16336 I mobile-ffmpeg: 
06-29 18:51:59.473  9869 16336 I mobile-ffmpeg: 
06-29 18:51:59.473  9869 16336 I mobile-ffmpeg: 
06-29 18:51:59.473  9869 16336 I chatty  : uid=10568(com.example.edgesum) Thread-9 identical 1 line
06-29 18:51:59.473  9869 16336 I mobile-ffmpeg: 
06-29 18:51:59.473  9869 16336 I mobile-ffmpeg:     Metadata:
06-29 18:51:59.473  9869 16336 I mobile-ffmpeg: 
06-29 18:51:59.473  9869 16336 I chatty  : uid=10568(com.example.edgesum) Thread-9 identical 1 line
06-29 18:51:59.473  9869 16336 I mobile-ffmpeg: 
06-29 18:51:59.473  9869 16336 I mobile-ffmpeg:       handler_name    : 
06-29 18:51:59.473  9869 16336 I mobile-ffmpeg: 
06-29 18:51:59.473  9869 16336 I chatty  : uid=10568(com.example.edgesum) Thread-9 identical 1 line
06-29 18:51:59.473  9869 16336 I mobile-ffmpeg: 
06-29 18:51:59.473  9869 16336 I mobile-ffmpeg: PittaSoft Sound Media Handler
06-29 18:51:59.473  9869 16336 I mobile-ffmpeg: 
06-29 18:51:59.473  9869 16336 I chatty  : uid=10568(com.example.edgesum) Thread-9 identical 1 line
06-29 18:51:59.473  9869 16336 I mobile-ffmpeg: 
06-29 18:51:59.473  9869 16336 I mobile-ffmpeg: 
06-29 18:51:59.473  9869 16336 I mobile-ffmpeg: 
06-29 18:51:59.473  9869 16336 I chatty  : uid=10568(com.example.edgesum) Thread-9 identical 1 line
06-29 18:51:59.473  9869 16336 I mobile-ffmpeg: 
06-29 18:51:59.473  9869 16336 I mobile-ffmpeg:       encoder         : 
06-29 18:51:59.474  9869 16336 I mobile-ffmpeg: 
06-29 18:51:59.474  9869 16336 I chatty  : uid=10568(com.example.edgesum) Thread-9 identical 1 line
06-29 18:51:59.474  9869 16336 I mobile-ffmpeg: 
06-29 18:51:59.474  9869 16336 I mobile-ffmpeg: Lavc58.53.101 pcm_s16le
06-29 18:51:59.474  9869 16336 I mobile-ffmpeg: 
06-29 18:51:59.474  9869 16336 I chatty  : uid=10568(com.example.edgesum) Thread-9 identical 1 line
06-29 18:51:59.474  9869 16336 I mobile-ffmpeg: 
06-29 18:51:59.474  9869 16336 I mobile-ffmpeg: 
06-29 18:51:59.475  9869  9869 V NearbyFragment: Transfer to DYPX: 9%
06-29 18:51:59.504  9869  9869 V NearbyFragment: Transfer to DYPX: 10%
06-29 18:51:59.519  9869  9869 V NearbyFragment: Transfer to DYPX: 10%
06-29 18:51:59.523  9869  9869 V NearbyFragment: Transfer to DYPX: 11%
06-29 18:51:59.530  9869  9869 V NearbyFragment: Transfer to DYPX: 11%
06-29 18:51:59.540  9869  9869 V NearbyFragment: Transfer to DYPX: 12%
06-29 18:51:59.544  9869  9869 V NearbyFragment: Transfer to DYPX: 12%
06-29 18:51:59.548  9869  9869 V NearbyFragment: Transfer to DYPX: 13%
06-29 18:51:59.581  9869  9869 V NearbyFragment: Transfer to DYPX: 14%
06-29 18:51:59.586  9869  9869 V NearbyFragment: Transfer to DYPX: 14%
06-29 18:51:59.594  9869 16336 I mobile-ffmpeg: 
06-29 18:51:59.594  9869 16336 I mobile-ffmpeg: [freezedetect @ 0x7d6ffd2ca0] 
06-29 18:51:59.594  9869 16336 I mobile-ffmpeg: 
06-29 18:51:59.594  9869  9869 V NearbyFragment: Transfer to DYPX: 15%
06-29 18:51:59.594  9869 16336 I mobile-ffmpeg: lavfi.freezedetect.freeze_start: 0
06-29 18:51:59.599  9869  9869 V NearbyFragment: Transfer to DYPX: 15%
06-29 18:51:59.603  9869  9869 V NearbyFragment: Transfer to DYPX: 16%
06-29 18:51:59.608  9869  9869 V NearbyFragment: Transfer to DYPX: 16%
06-29 18:51:59.615  9869  9869 V NearbyFragment: Transfer to DYPX: 17%
06-29 18:51:59.627  9869  9869 V NearbyFragment: Transfer to DYPX: 17%
06-29 18:51:59.641  9869  9869 V NearbyFragment: Transfer to DYPX: 18%
06-29 18:51:59.642  9869  9869 V NearbyFragment: Transfer to DYPX: 18%
06-29 18:51:59.642  9869  9869 V NearbyFragment: Transfer to DYPX: 19%
06-29 18:51:59.651  9869  9869 V NearbyFragment: Transfer to DYPX: 19%
06-29 18:51:59.659  9869  9869 V NearbyFragment: Transfer to DYPX: 20%
06-29 18:51:59.668  9869  9869 V NearbyFragment: Transfer to DYPX: 20%
06-29 18:51:59.673  9869  9869 V NearbyFragment: Transfer to DYPX: 21%
06-29 18:51:59.677  9869  9869 V NearbyFragment: Transfer to DYPX: 21%
06-29 18:51:59.686  9869  9869 V NearbyFragment: Transfer to DYPX: 22%
06-29 18:51:59.686  9869  9869 V NearbyFragment: Transfer to DYPX: 22%
06-29 18:51:59.694  9869  9869 V NearbyFragment: Transfer to DYPX: 23%
06-29 18:51:59.698  9869  9869 V NearbyFragment: Transfer to DYPX: 23%
06-29 18:51:59.701  9869  9869 V NearbyFragment: Transfer to DYPX: 24%
06-29 18:51:59.709  9869  9869 V NearbyFragment: Transfer to DYPX: 24%
06-29 18:51:59.716  9869  9869 V NearbyFragment: Transfer to DYPX: 25%
06-29 18:51:59.717  9869  9869 V NearbyFragment: Transfer to DYPX: 25%
06-29 18:51:59.720  9869  9869 V NearbyFragment: Transfer to DYPX: 26%
06-29 18:51:59.729  9869  9869 V NearbyFragment: Transfer to DYPX: 26%
06-29 18:51:59.739  9869  9869 V NearbyFragment: Transfer to DYPX: 27%
06-29 18:51:59.755  9869  9869 V NearbyFragment: Transfer to DYPX: 28%
06-29 18:51:59.789  9869  9869 V NearbyFragment: Transfer to DYPX: 28%
06-29 18:51:59.802  9869  9869 V NearbyFragment: Transfer to DYPX: 29%
06-29 18:51:59.905  9869  9869 V NearbyFragment: Transfer to DYPX: 29%
06-29 18:51:59.907  9869  9869 V NearbyFragment: Transfer to DYPX: 30%
06-29 18:51:59.915  9869 16336 I mobile-ffmpeg: 
06-29 18:51:59.915  9869 16336 I chatty  : uid=10568(com.example.edgesum) Thread-9 identical 1 line
06-29 18:51:59.915  9869 16336 I mobile-ffmpeg: 
06-29 18:51:59.915  9869 16336 I mobile-ffmpeg: frame=   82 fps=0.0 q=-0.0 size=N/A time=00:00:02.97 bitrate=N/A speed=5.82x    
06-29 18:51:59.949  9869  9869 V NearbyFragment: Transfer to DYPX: 30%
06-29 18:51:59.949  9869  9869 V NearbyFragment: Transfer to DYPX: 31%
06-29 18:51:59.966  9869  9869 V NearbyFragment: Transfer to DYPX: 31%
06-29 18:51:59.966  9869  9869 V NearbyFragment: Transfer to DYPX: 32%
06-29 18:51:59.967  9869  9869 V NearbyFragment: Transfer to DYPX: 32%
06-29 18:51:59.967  9869  9869 V NearbyFragment: Transfer to DYPX: 33%
06-29 18:51:59.970  9869  9869 V NearbyFragment: Transfer to DYPX: 33%
06-29 18:51:59.978  9869  9869 V NearbyFragment: Transfer to DYPX: 34%
06-29 18:51:59.979  9869  9869 V NearbyFragment: Transfer to DYPX: 34%
06-29 18:51:59.987  9869  9869 V NearbyFragment: Transfer to DYPX: 35%
06-29 18:51:59.990  9869  9869 V NearbyFragment: Transfer to DYPX: 35%
06-29 18:51:59.998  9869  9869 V NearbyFragment: Transfer to DYPX: 36%
06-29 18:52:00.027  9869  9869 V NearbyFragment: Transfer to DYPX: 36%
06-29 18:52:00.056  9869  9869 V NearbyFragment: Transfer to DYPX: 37%
06-29 18:52:00.056  9869  9869 V NearbyFragment: Transfer to DYPX: 37%
06-29 18:52:00.062  9869  9869 V NearbyFragment: Transfer to DYPX: 38%
06-29 18:52:00.065  9869  9869 V NearbyFragment: Transfer to DYPX: 38%
06-29 18:52:00.080  9869  9869 V NearbyFragment: Transfer to DYPX: 39%
06-29 18:52:00.084  9869  9869 V NearbyFragment: Transfer to DYPX: 39%
06-29 18:52:00.093  9869  9869 V NearbyFragment: Transfer to DYPX: 40%
06-29 18:52:00.098  9869  9869 V NearbyFragment: Transfer to DYPX: 40%
06-29 18:52:00.102  9869  9869 V NearbyFragment: Transfer to DYPX: 41%
06-29 18:52:00.106  9869  9869 V NearbyFragment: Transfer to DYPX: 42%
06-29 18:52:00.108  9869  9869 V NearbyFragment: Transfer to DYPX: 42%
06-29 18:52:00.113  9869  9869 V NearbyFragment: Transfer to DYPX: 43%
06-29 18:52:00.115  9869  9869 V NearbyFragment: Transfer to DYPX: 43%
06-29 18:52:00.128  9869  9869 V NearbyFragment: Transfer to DYPX: 44%
06-29 18:52:00.129  9869  9869 V NearbyFragment: Transfer to DYPX: 44%
06-29 18:52:00.140  9869  9869 V NearbyFragment: Transfer to DYPX: 45%
06-29 18:52:00.152  9869  9869 V NearbyFragment: Transfer to DYPX: 45%
06-29 18:52:00.153  9869  9869 V NearbyFragment: Transfer to DYPX: 46%
06-29 18:52:00.155  9869  9869 V NearbyFragment: Transfer to DYPX: 46%
06-29 18:52:00.171  9869  9869 V NearbyFragment: Transfer to DYPX: 47%
06-29 18:52:00.184  9869  9869 V NearbyFragment: Transfer to DYPX: 47%
06-29 18:52:00.187  9869  9869 V NearbyFragment: Transfer to DYPX: 48%
06-29 18:52:00.196  9869  9869 V NearbyFragment: Transfer to DYPX: 48%
06-29 18:52:00.200  9869  9869 V NearbyFragment: Transfer to DYPX: 49%
06-29 18:52:00.204  9869  9869 V NearbyFragment: Transfer to DYPX: 49%
06-29 18:52:00.206  9869  9869 V NearbyFragment: Transfer to DYPX: 50%
06-29 18:52:00.211  9869  9869 V NearbyFragment: Transfer to DYPX: 50%
06-29 18:52:00.215  9869  9869 V NearbyFragment: Transfer to DYPX: 51%
06-29 18:52:00.230  9869  9869 V NearbyFragment: Transfer to DYPX: 51%
06-29 18:52:00.237  9869  9869 V NearbyFragment: Transfer to DYPX: 52%
06-29 18:52:00.238  9869  9869 V NearbyFragment: Transfer to DYPX: 52%
06-29 18:52:00.238  9869  9869 V NearbyFragment: Transfer to DYPX: 53%
06-29 18:52:00.241  9869  9869 V NearbyFragment: Transfer to DYPX: 53%
06-29 18:52:00.244  9869  9869 V NearbyFragment: Transfer to DYPX: 54%
06-29 18:52:00.312  9869  9869 V NearbyFragment: Transfer to DYPX: 54%
06-29 18:52:00.325  9869  9869 V NearbyFragment: Transfer to DYPX: 55%
06-29 18:52:00.331  9869  9869 V NearbyFragment: Transfer to DYPX: 56%
06-29 18:52:00.350  9869  9869 V NearbyFragment: Transfer to DYPX: 56%
06-29 18:52:00.353  9869  9869 V NearbyFragment: Transfer to DYPX: 57%
06-29 18:52:00.355  9869  9869 V NearbyFragment: Transfer to DYPX: 57%
06-29 18:52:00.359  9869  9869 V NearbyFragment: Transfer to DYPX: 58%
06-29 18:52:00.361  9869  9869 V NearbyFragment: Transfer to DYPX: 58%
06-29 18:52:00.365  9869  9869 V NearbyFragment: Transfer to DYPX: 59%
06-29 18:52:00.368  9869  9869 V NearbyFragment: Transfer to DYPX: 59%
06-29 18:52:00.371  9869  9869 V NearbyFragment: Transfer to DYPX: 60%
06-29 18:52:00.374  9869  9869 V NearbyFragment: Transfer to DYPX: 60%
06-29 18:52:00.379  9869  9869 V NearbyFragment: Transfer to DYPX: 61%
06-29 18:52:00.385  9869  9869 V NearbyFragment: Transfer to DYPX: 61%
06-29 18:52:00.389  9869  9869 V NearbyFragment: Transfer to DYPX: 62%
06-29 18:52:00.391  9869  9869 V NearbyFragment: Transfer to DYPX: 62%
06-29 18:52:00.400  9869  9869 V NearbyFragment: Transfer to DYPX: 63%
06-29 18:52:00.415  9869 16336 I mobile-ffmpeg: 
06-29 18:52:00.415  9869 16336 I chatty  : uid=10568(com.example.edgesum) Thread-9 identical 1 line
06-29 18:52:00.415  9869 16336 I mobile-ffmpeg: 
06-29 18:52:00.415  9869 16336 I mobile-ffmpeg: frame=  162 fps=160 q=-0.0 size=N/A time=00:00:05.73 bitrate=N/A speed=5.65x    
06-29 18:52:00.443  9869  9869 V NearbyFragment: Transfer to DYPX: 63%
06-29 18:52:00.448  9869  9869 V NearbyFragment: Transfer to DYPX: 64%
06-29 18:52:00.459  9869  9869 V NearbyFragment: Transfer to DYPX: 64%
06-29 18:52:00.462  9869  9869 V NearbyFragment: Transfer to DYPX: 65%
06-29 18:52:00.489  9869  9869 V NearbyFragment: Transfer to DYPX: 65%
06-29 18:52:00.493  9869  9869 V NearbyFragment: Transfer to DYPX: 66%
06-29 18:52:00.503  9869  9869 V NearbyFragment: Transfer to DYPX: 66%
06-29 18:52:00.507  9869  9869 V NearbyFragment: Transfer to DYPX: 67%
06-29 18:52:00.512  9869  9869 V NearbyFragment: Transfer to DYPX: 67%
06-29 18:52:00.518  9869  9869 V NearbyFragment: Transfer to DYPX: 68%
06-29 18:52:00.524  9869  9869 V NearbyFragment: Transfer to DYPX: 68%
06-29 18:52:00.529  9869  9869 V NearbyFragment: Transfer to DYPX: 69%
06-29 18:52:00.540  9869  9869 V NearbyFragment: Transfer to DYPX: 70%
06-29 18:52:00.557  9869  9869 V NearbyFragment: Transfer to DYPX: 70%
06-29 18:52:00.563  9869  9869 V NearbyFragment: Transfer to DYPX: 71%
06-29 18:52:00.564  9869  9869 V NearbyFragment: Transfer to DYPX: 71%
06-29 18:52:00.580  9869  9869 V NearbyFragment: Transfer to DYPX: 72%
06-29 18:52:00.585  9869  9869 V NearbyFragment: Transfer to DYPX: 72%
06-29 18:52:00.596  9869  9869 V NearbyFragment: Transfer to DYPX: 73%
06-29 18:52:00.609  9869  9869 V NearbyFragment: Transfer to DYPX: 73%
06-29 18:52:00.610  9869  9869 V NearbyFragment: Transfer to DYPX: 74%
06-29 18:52:00.629  9869  9869 V NearbyFragment: Transfer to DYPX: 74%
06-29 18:52:00.630  9869  9869 V NearbyFragment: Transfer to DYPX: 75%
06-29 18:52:00.640  9869  9869 V NearbyFragment: Transfer to DYPX: 75%
06-29 18:52:00.648  9869  9869 V NearbyFragment: Transfer to DYPX: 76%
06-29 18:52:00.653  9869  9869 V NearbyFragment: Transfer to DYPX: 76%
06-29 18:52:00.659  9869  9869 V NearbyFragment: Transfer to DYPX: 77%
06-29 18:52:00.665  9869  9869 V NearbyFragment: Transfer to DYPX: 77%
06-29 18:52:00.677  9869  9869 V NearbyFragment: Transfer to DYPX: 78%
06-29 18:52:00.686  9869  9869 V NearbyFragment: Transfer to DYPX: 78%
06-29 18:52:00.686  9869  9869 V NearbyFragment: Transfer to DYPX: 79%
06-29 18:52:00.717  9869  9869 V NearbyFragment: Transfer to DYPX: 79%
06-29 18:52:00.728  9869  9869 V NearbyFragment: Transfer to DYPX: 80%
06-29 18:52:00.735  9869  9869 V NearbyFragment: Transfer to DYPX: 80%
06-29 18:52:00.742  9869  9869 V NearbyFragment: Transfer to DYPX: 81%
06-29 18:52:00.754  9869  9869 V NearbyFragment: Transfer to DYPX: 81%
06-29 18:52:00.757  9869  9869 V NearbyFragment: Transfer to DYPX: 82%
06-29 18:52:00.765  9869  9869 V NearbyFragment: Transfer to DYPX: 82%
06-29 18:52:00.768  9869  9869 V NearbyFragment: Transfer to DYPX: 83%
06-29 18:52:00.775  9869  9869 V NearbyFragment: Transfer to DYPX: 84%
06-29 18:52:00.778  9869  9869 V NearbyFragment: Transfer to DYPX: 84%
06-29 18:52:00.781  9869  9869 V NearbyFragment: Transfer to DYPX: 85%
06-29 18:52:00.784  9869  9869 V NearbyFragment: Transfer to DYPX: 85%
06-29 18:52:00.791  9869  9869 V NearbyFragment: Transfer to DYPX: 86%
06-29 18:52:00.794  9869  9869 V NearbyFragment: Transfer to DYPX: 86%
06-29 18:52:00.797  9869  9869 V NearbyFragment: Transfer to DYPX: 87%
06-29 18:52:00.801  9869  9869 V NearbyFragment: Transfer to DYPX: 87%
06-29 18:52:00.806  9869  9869 V NearbyFragment: Transfer to DYPX: 88%
06-29 18:52:00.810  9869  9869 V NearbyFragment: Transfer to DYPX: 88%
06-29 18:52:00.820  9869  9869 V NearbyFragment: Transfer to DYPX: 89%
06-29 18:52:00.820  9869  9869 V NearbyFragment: Transfer to DYPX: 89%
06-29 18:52:00.820  9869  9869 V NearbyFragment: Transfer to DYPX: 90%
06-29 18:52:00.824  9869  9869 V NearbyFragment: Transfer to DYPX: 90%
06-29 18:52:00.828  9869  9869 V NearbyFragment: Transfer to DYPX: 91%
06-29 18:52:00.854  9869  9869 V NearbyFragment: Transfer to DYPX: 91%
06-29 18:52:00.864  9869  9869 V NearbyFragment: Transfer to DYPX: 92%
06-29 18:52:00.875  9869  9869 V NearbyFragment: Transfer to DYPX: 92%
06-29 18:52:00.892  9869  9869 V NearbyFragment: Transfer to DYPX: 93%
06-29 18:52:00.904  9869  9869 V NearbyFragment: Transfer to DYPX: 93%
06-29 18:52:00.912  9869  9869 V NearbyFragment: Transfer to DYPX: 94%
06-29 18:52:00.932  9869 16336 I mobile-ffmpeg: 
06-29 18:52:00.932  9869 16336 I chatty  : uid=10568(com.example.edgesum) Thread-9 identical 1 line
06-29 18:52:00.932  9869 16336 I mobile-ffmpeg: 
06-29 18:52:00.932  9869 16336 I mobile-ffmpeg: frame=  241 fps=157 q=-0.0 size=N/A time=00:00:08.35 bitrate=N/A speed=5.46x    
06-29 18:52:00.935  9869  9869 V NearbyFragment: Transfer to DYPX: 94%
06-29 18:52:00.941  9869  9869 V NearbyFragment: Transfer to DYPX: 95%
06-29 18:52:00.959  9869  9869 V NearbyFragment: Transfer to DYPX: 95%
06-29 18:52:00.966  9869  9869 V NearbyFragment: Transfer to DYPX: 96%
06-29 18:52:00.976  9869  9869 V NearbyFragment: Transfer to DYPX: 96%
06-29 18:52:00.978  9869  9869 V NearbyFragment: Transfer to DYPX: 97%
06-29 18:52:00.983  9869  9869 V NearbyFragment: Transfer to DYPX: 98%
06-29 18:52:00.985  9869  9869 V NearbyFragment: Transfer to DYPX: 98%
06-29 18:52:00.989  9869  9869 V NearbyFragment: Transfer to DYPX: 99%
06-29 18:52:00.997  9869  9869 V NearbyFragment: Transfer to DYPX: 99%
06-29 18:52:00.997  9869  9869 V NearbyFragment: Transfer to DYPX: 100%
06-29 18:52:00.999  9869  9869 V NearbyFragment: Transfer to DYPX: 100%
06-29 18:52:00.999  9869  9869 W NearbyFragment: Completed downloading 20200312_150744!003.mp4 from Endpoint{id=DYPX, name=Nexus 5X [34d8]} in 03.425s
06-29 18:52:01.000  9869  9869 D NearbyFragment: Summarising 20200312_150744!003.mp4
06-29 18:52:01.051  9869  9869 V VideoManager: videoFromCursor
06-29 18:52:01.054  9869  9869 V ProcessingVideosEventHandler: onAdd
06-29 18:52:01.054  9869  9869 V RawFootageEventHandler: onRemove
06-29 18:52:01.056  9869  9869 V NearbyFragment: Transfer to DYPX: 100%
06-29 18:52:01.057  9869  9869 V NearbyFragment: Transfer to DYPX: 100%
06-29 18:52:01.433  9869 16336 I mobile-ffmpeg: 
06-29 18:52:01.433  9869 16336 I chatty  : uid=10568(com.example.edgesum) Thread-9 identical 1 line
06-29 18:52:01.433  9869 16336 I mobile-ffmpeg: 
06-29 18:52:01.433  9869 16336 I mobile-ffmpeg: frame=  343 fps=169 q=-0.0 size=N/A time=00:00:11.74 bitrate=N/A speed=5.78x    
06-29 18:52:01.936  9869 16336 I mobile-ffmpeg: 
06-29 18:52:01.936  9869 16336 I chatty  : uid=10568(com.example.edgesum) Thread-9 identical 1 line
06-29 18:52:01.936  9869 16336 I mobile-ffmpeg: 
06-29 18:52:01.936  9869 16336 I mobile-ffmpeg: frame=  458 fps=181 q=-0.0 size=N/A time=00:00:15.58 bitrate=N/A speed=6.15x    
06-29 18:52:02.057  9869 16336 I mobile-ffmpeg: 
06-29 18:52:02.057  9869 16336 I chatty  : uid=10568(com.example.edgesum) Thread-9 identical 1 line
06-29 18:52:02.058  9869 16336 I mobile-ffmpeg: 
06-29 18:52:02.058  9869 16336 I mobile-ffmpeg: frame=  480 fps=181 q=-0.0 Lsize=N/A time=00:00:16.03 bitrate=N/A speed=6.04x    
06-29 18:52:02.058  9869 16336 I mobile-ffmpeg: 
06-29 18:52:02.058  9869 16336 I chatty  : uid=10568(com.example.edgesum) Thread-9 identical 1 line
06-29 18:52:02.058  9869 16336 I mobile-ffmpeg: 
06-29 18:52:02.058  9869 16336 I mobile-ffmpeg: video:251kB audio:1000kB subtitle:0kB other streams:0kB global headers:0kB muxing overhead: 
06-29 18:52:02.058  9869 16336 I mobile-ffmpeg: 
06-29 18:52:02.058  9869 16336 I chatty  : uid=10568(com.example.edgesum) Thread-9 identical 1 line
06-29 18:52:02.058  9869 16336 I mobile-ffmpeg: 
06-29 18:52:02.058  9869 16336 I mobile-ffmpeg: unknown
06-29 18:52:02.058  9869 16336 I mobile-ffmpeg: 
06-29 18:52:02.058  9869 16336 I chatty  : uid=10568(com.example.edgesum) Thread-9 identical 1 line
06-29 18:52:02.058  9869 16336 I mobile-ffmpeg: 
06-29 18:52:02.058  9869 16336 I mobile-ffmpeg: 
06-29 18:52:02.078  9869 17167 W Summariser: No activity detected
06-29 18:52:02.137  9869 17167 W Summariser: Summarisation completed
06-29 18:52:02.137  9869 17167 W Summariser:   filename: 20200312_150744!002.mp4
06-29 18:52:02.137  9869 17167 W Summariser:   active sections: 0
06-29 18:52:02.137  9869 17167 W Summariser:   time: 02.780s
06-29 18:52:02.137  9869 17167 W Summariser:   original duration: 16.01
06-29 18:52:02.137  9869 17167 W Summariser:   summarised duration: -1.00
06-29 18:52:02.137  9869 17167 W Summariser:   noise tolerance: 45.00
06-29 18:52:02.137  9869 17167 W Summariser:   quality: 23
06-29 18:52:02.137  9869 17167 W Summariser:   speed: medium
06-29 18:52:02.137  9869 17167 W Summariser:   freeze duration: 1.00
06-29 18:52:02.138  9869 17167 V ProcessingVideosEventHandler: onRemove
06-29 18:52:02.170  9869  9869 V NearbyFragment: Transfer to DYPX: 100%
06-29 18:52:02.173  9869 17167 V SummariserIntentService: onHandleIntent
06-29 18:52:02.175  9869  9869 V NearbyFragment: Transfer to DYPX: 100%
06-29 18:52:02.178  9869 17167 D SummariserIntentService: Video{id='136666', data='/storage/emulated/0/Download/Nearby/20200312_150744!003.mp4', name='20200312_150744!003.mp4', size=12638441, visible=true, mimeType='video/mp4'}
06-29 18:52:02.178  9869 17167 D SummariserIntentService: /storage/emulated/0/Movies/segment-sum/20200312_150744!003.mp4
06-29 18:52:02.234  9869 16336 I mobile-ffmpeg: 
06-29 18:52:02.234  9869 16336 I chatty  : uid=10568(com.example.edgesum) Thread-9 identical 1 line
06-29 18:52:02.234  9869 16336 I mobile-ffmpeg: 
06-29 18:52:02.234  9869 16336 I mobile-ffmpeg: Input #0, mov,mp4,m4a,3gp,3g2,mj2, from '/storage/emulated/0/Download/Nearby/20200312_150744!003.mp4':
06-29 18:52:02.234  9869 16336 I mobile-ffmpeg: 
06-29 18:52:02.234  9869 16336 I chatty  : uid=10568(com.example.edgesum) Thread-9 identical 1 line
06-29 18:52:02.234  9869 16336 I mobile-ffmpeg: 
06-29 18:52:02.234  9869 16336 I mobile-ffmpeg:   Metadata:
06-29 18:52:02.234  9869 16336 I mobile-ffmpeg: 
06-29 18:52:02.234  9869 16336 I chatty  : uid=10568(com.example.edgesum) Thread-9 identical 1 line
06-29 18:52:02.234  9869 16336 I mobile-ffmpeg: 
06-29 18:52:02.234  9869 16336 I mobile-ffmpeg:     major_brand     : 
06-29 18:52:02.234  9869 16336 I mobile-ffmpeg: 
06-29 18:52:02.234  9869 16336 I chatty  : uid=10568(com.example.edgesum) Thread-9 identical 1 line
06-29 18:52:02.234  9869 16336 I mobile-ffmpeg: 
06-29 18:52:02.234  9869 16336 I mobile-ffmpeg: isom
06-29 18:52:02.234  9869 16336 I mobile-ffmpeg: 
06-29 18:52:02.234  9869 16336 I chatty  : uid=10568(com.example.edgesum) Thread-9 identical 1 line
06-29 18:52:02.234  9869 16336 I mobile-ffmpeg: 
06-29 18:52:02.234  9869 16336 I mobile-ffmpeg: 
06-29 18:52:02.234  9869 16336 I mobile-ffmpeg: 
06-29 18:52:02.234  9869 16336 I chatty  : uid=10568(com.example.edgesum) Thread-9 identical 1 line
06-29 18:52:02.234  9869 16336 I mobile-ffmpeg: 
06-29 18:52:02.234  9869 16336 I mobile-ffmpeg:     minor_version   : 
06-29 18:52:02.234  9869 16336 I mobile-ffmpeg: 
06-29 18:52:02.234  9869 16336 I chatty  : uid=10568(com.example.edgesum) Thread-9 identical 1 line
06-29 18:52:02.234  9869 16336 I mobile-ffmpeg: 
06-29 18:52:02.235  9869 16336 I mobile-ffmpeg: 512
06-29 18:52:02.235  9869 16336 I mobile-ffmpeg: 
06-29 18:52:02.235  9869 16336 I chatty  : uid=10568(com.example.edgesum) Thread-9 identical 1 line
06-29 18:52:02.235  9869 16336 I mobile-ffmpeg: 
06-29 18:52:02.235  9869 16336 I mobile-ffmpeg: 
06-29 18:52:02.235  9869 16336 I mobile-ffmpeg: 
06-29 18:52:02.235  9869 16336 I chatty  : uid=10568(com.example.edgesum) Thread-9 identical 1 line
06-29 18:52:02.235  9869 16336 I mobile-ffmpeg: 
06-29 18:52:02.235  9869 16336 I mobile-ffmpeg:     compatible_brands: 
06-29 18:52:02.235  9869 16336 I mobile-ffmpeg: 
06-29 18:52:02.235  9869 16336 I chatty  : uid=10568(com.example.edgesum) Thread-9 identical 1 line
06-29 18:52:02.235  9869 16336 I mobile-ffmpeg: 
06-29 18:52:02.235  9869 16336 I mobile-ffmpeg: isomiso2avc1mp41
06-29 18:52:02.235  9869 16336 I mobile-ffmpeg: 
06-29 18:52:02.235  9869 16336 I chatty  : uid=10568(com.example.edgesum) Thread-9 identical 1 line
06-29 18:52:02.235  9869 16336 I mobile-ffmpeg: 
06-29 18:52:02.235  9869 16336 I mobile-ffmpeg: 
06-29 18:52:02.235  9869 16336 I mobile-ffmpeg: 
06-29 18:52:02.235  9869 16336 I chatty  : uid=10568(com.example.edgesum) Thread-9 identical 1 line
06-29 18:52:02.235  9869 16336 I mobile-ffmpeg: 
06-29 18:52:02.235  9869 16336 I mobile-ffmpeg:     encoder         : 
06-29 18:52:02.235  9869 16336 I mobile-ffmpeg: 
06-29 18:52:02.235  9869 16336 I chatty  : uid=10568(com.example.edgesum) Thread-9 identical 1 line
06-29 18:52:02.235  9869 16336 I mobile-ffmpeg: 
06-29 18:52:02.235  9869 16336 I mobile-ffmpeg: Lavf58.28.101
06-29 18:52:02.235  9869 16336 I mobile-ffmpeg: 
06-29 18:52:02.235  9869 16336 I chatty  : uid=10568(com.example.edgesum) Thread-9 identical 1 line
06-29 18:52:02.235  9869 16336 I mobile-ffmpeg: 
06-29 18:52:02.235  9869  9886 D SummariserIntentService: Scanned /storage/emulated/0/Movies/summarised
06-29 18:52:02.235  9869  9886 D SummariserIntentService:   -> uri=content://media/external/file/136660
06-29 18:52:02.235  9869 16336 I mobile-ffmpeg: 
06-29 18:52:02.236  9869 16336 I mobile-ffmpeg: 
06-29 18:52:02.236  9869 16336 I chatty  : uid=10568(com.example.edgesum) Thread-9 identical 1 line
06-29 18:52:02.236  9869 16336 I mobile-ffmpeg: 
06-29 18:52:02.236  9869 16336 I mobile-ffmpeg:   Duration: 
06-29 18:52:02.236  9869 16336 I mobile-ffmpeg: 
06-29 18:52:02.236  9869 16336 I chatty  : uid=10568(com.example.edgesum) Thread-9 identical 1 line
06-29 18:52:02.236  9869 16336 I mobile-ffmpeg: 
06-29 18:52:02.236  9869 16336 I mobile-ffmpeg: 00:00:12.03
06-29 18:52:02.236  9869 16336 I mobile-ffmpeg: 
06-29 18:52:02.236  9869 16336 I chatty  : uid=10568(com.example.edgesum) Thread-9 identical 1 line
06-29 18:52:02.236  9869 16336 I mobile-ffmpeg: 
06-29 18:52:02.236  9869 16336 I mobile-ffmpeg: , start: 
06-29 18:52:02.236  9869 16336 I mobile-ffmpeg: 
06-29 18:52:02.236  9869 16336 I chatty  : uid=10568(com.example.edgesum) Thread-9 identical 1 line
06-29 18:52:02.236  9869 16336 I mobile-ffmpeg: 
06-29 18:52:02.236  9869 16336 I mobile-ffmpeg: 0.000000
06-29 18:52:02.236  9869 16336 I mobile-ffmpeg: 
06-29 18:52:02.236  9869 16336 I chatty  : uid=10568(com.example.edgesum) Thread-9 identical 1 line
06-29 18:52:02.236  9869 16336 I mobile-ffmpeg: 
06-29 18:52:02.236  9869 16336 I mobile-ffmpeg: , bitrate: 
06-29 18:52:02.236  9869 16336 I mobile-ffmpeg: 
06-29 18:52:02.237  9869 16336 I chatty  : uid=10568(com.example.edgesum) Thread-9 identical 1 line
06-29 18:52:02.237  9869 16336 I mobile-ffmpeg: 
06-29 18:52:02.237  9869 16336 I mobile-ffmpeg: 8403 kb/s
06-29 18:52:02.237  9869 16336 I mobile-ffmpeg: 
06-29 18:52:02.237  9869 16336 I chatty  : uid=10568(com.example.edgesum) Thread-9 identical 1 line
06-29 18:52:02.237  9869 16336 I mobile-ffmpeg: 
06-29 18:52:02.237  9869 16336 I mobile-ffmpeg: 
06-29 18:52:02.237  9869 16336 I mobile-ffmpeg: 
06-29 18:52:02.237  9869 16336 I chatty  : uid=10568(com.example.edgesum) Thread-9 identical 1 line
06-29 18:52:02.237  9869 16336 I mobile-ffmpeg: 
06-29 18:52:02.237  9869 16336 I mobile-ffmpeg:     Stream #0:0
06-29 18:52:02.237  9869 16336 I mobile-ffmpeg: 
06-29 18:52:02.237  9869 16336 I chatty  : uid=10568(com.example.edgesum) Thread-9 identical 1 line
06-29 18:52:02.237  9869 16336 I mobile-ffmpeg: 
06-29 18:52:02.237  9869 16336 I mobile-ffmpeg: (eng)
06-29 18:52:02.237  9869 16336 I mobile-ffmpeg: 
06-29 18:52:02.237  9869 16336 I chatty  : uid=10568(com.example.edgesum) Thread-9 identical 1 line
06-29 18:52:02.237  9869 16336 I mobile-ffmpeg: 
06-29 18:52:02.237  9869 16336 I mobile-ffmpeg: : Video: h264 (avc1 / 0x31637661), yuvj420p(pc, bt709), 1280x720, 8366 kb/s
06-29 18:52:02.237  9869 16336 I mobile-ffmpeg: 
06-29 18:52:02.237  9869 16336 I chatty  : uid=10568(com.example.edgesum) Thread-9 identical 1 line
06-29 18:52:02.237  9869 16336 I mobile-ffmpeg: 
06-29 18:52:02.237  9869 16336 I mobile-ffmpeg: , 
06-29 18:52:02.237  9869 16336 I mobile-ffmpeg: 
06-29 18:52:02.237  9869 16336 I chatty  : uid=10568(com.example.edgesum) Thread-9 identical 1 line
06-29 18:52:02.237  9869 16336 I mobile-ffmpeg: 
06-29 18:52:02.237  9869 16336 I mobile-ffmpeg: 29.98 fps, 
06-29 18:52:02.237  9869 16336 I mobile-ffmpeg: 
06-29 18:52:02.237  9869 16336 I chatty  : uid=10568(com.example.edgesum) Thread-9 identical 1 line
06-29 18:52:02.237  9869 16336 I mobile-ffmpeg: 
06-29 18:52:02.238  9869 16336 I mobile-ffmpeg: 29.97 tbr, 
06-29 18:52:02.238  9869 16336 I mobile-ffmpeg: 
06-29 18:52:02.238  9869 16336 I chatty  : uid=10568(com.example.edgesum) Thread-9 identical 1 line
06-29 18:52:02.238  9869 16336 I mobile-ffmpeg: 
06-29 18:52:02.238  9869 16336 I mobile-ffmpeg: 16k tbn, 
06-29 18:52:02.238  9869 16336 I mobile-ffmpeg: 
06-29 18:52:02.238  9869 16336 I chatty  : uid=10568(com.example.edgesum) Thread-9 identical 1 line
06-29 18:52:02.238  9869 16336 I mobile-ffmpeg: 
06-29 18:52:02.238  9869 16336 I mobile-ffmpeg: 32k tbc
06-29 18:52:02.238  9869 16336 I mobile-ffmpeg: 
06-29 18:52:02.238  9869 16336 I chatty  : uid=10568(com.example.edgesum) Thread-9 identical 1 line
06-29 18:52:02.238  9869 16336 I mobile-ffmpeg: 
06-29 18:52:02.238  9869 16336 I mobile-ffmpeg:  (default)
06-29 18:52:02.238  9869 16336 I mobile-ffmpeg: 
06-29 18:52:02.238  9869 16336 I chatty  : uid=10568(com.example.edgesum) Thread-9 identical 1 line
06-29 18:52:02.238  9869 16336 I mobile-ffmpeg: 
06-29 18:52:02.238  9869 16336 I mobile-ffmpeg: 
06-29 18:52:02.238  9869 16336 I mobile-ffmpeg: 
06-29 18:52:02.238  9869 16336 I chatty  : uid=10568(com.example.edgesum) Thread-9 identical 1 line
06-29 18:52:02.238  9869 16336 I mobile-ffmpeg: 
06-29 18:52:02.238  9869 16336 I mobile-ffmpeg:     Metadata:
06-29 18:52:02.238  9869 16336 I mobile-ffmpeg: 
06-29 18:52:02.238  9869 16336 I chatty  : uid=10568(com.example.edgesum) Thread-9 identical 1 line
06-29 18:52:02.238  9869 16336 I mobile-ffmpeg: 
06-29 18:52:02.238  9869 16336 I mobile-ffmpeg:       handler_name    : 
06-29 18:52:02.238  9869 16336 I mobile-ffmpeg: 
06-29 18:52:02.238  9869 16336 I chatty  : uid=10568(com.example.edgesum) Thread-9 identical 1 line
06-29 18:52:02.238  9869 16336 I mobile-ffmpeg: 
06-29 18:52:02.238  9869 16336 I mobile-ffmpeg: PittaSoft Video Media Handler
06-29 18:52:02.238  9869 16336 I mobile-ffmpeg: 
06-29 18:52:02.239  9869 16336 I chatty  : uid=10568(com.example.edgesum) Thread-9 identical 1 line
06-29 18:52:02.239  9869 16336 I mobile-ffmpeg: 
06-29 18:52:02.239  9869 16336 I mobile-ffmpeg: 
06-29 18:52:02.239  9869 16336 I mobile-ffmpeg: 
06-29 18:52:02.244  9869 16336 I chatty  : uid=10568(com.example.edgesum) Thread-9 identical 1 line
06-29 18:52:02.244  9869 16336 I mobile-ffmpeg: 
06-29 18:52:02.244  9869 16336 I mobile-ffmpeg:     Stream #0:1
06-29 18:52:02.244  9869 16336 I mobile-ffmpeg: 
06-29 18:52:02.244  9869 16336 I chatty  : uid=10568(com.example.edgesum) Thread-9 identical 1 line
06-29 18:52:02.244  9869 16336 I mobile-ffmpeg: 
06-29 18:52:02.244  9869 16336 I mobile-ffmpeg: (eng)
06-29 18:52:02.244  9869 16336 I mobile-ffmpeg: 
06-29 18:52:02.244  9869 16336 I chatty  : uid=10568(com.example.edgesum) Thread-9 identical 1 line
06-29 18:52:02.244  9869 16336 I mobile-ffmpeg: 
06-29 18:52:02.244  9869 16336 I mobile-ffmpeg: : Audio: aac (mp4a / 0x6134706D), 16000 Hz, stereo, fltp, 47 kb/s
06-29 18:52:02.244  9869 16336 I mobile-ffmpeg: 
06-29 18:52:02.244  9869 16336 I chatty  : uid=10568(com.example.edgesum) Thread-9 identical 1 line
06-29 18:52:02.244  9869 16336 I mobile-ffmpeg: 
06-29 18:52:02.245  9869 16336 I mobile-ffmpeg:  (default)
06-29 18:52:02.245  9869 16336 I mobile-ffmpeg: 
06-29 18:52:02.245  9869 16336 I chatty  : uid=10568(com.example.edgesum) Thread-9 identical 1 line
06-29 18:52:02.245  9869 16336 I mobile-ffmpeg: 
06-29 18:52:02.245  9869 16336 I mobile-ffmpeg: 
06-29 18:52:02.245  9869 16336 I mobile-ffmpeg: 
06-29 18:52:02.245  9869 16336 I chatty  : uid=10568(com.example.edgesum) Thread-9 identical 1 line
06-29 18:52:02.245  9869 16336 I mobile-ffmpeg: 
06-29 18:52:02.245  9869 16336 I mobile-ffmpeg:     Metadata:
06-29 18:52:02.245  9869 16336 I mobile-ffmpeg: 
06-29 18:52:02.245  9869 16336 I chatty  : uid=10568(com.example.edgesum) Thread-9 identical 1 line
06-29 18:52:02.245  9869 16336 I mobile-ffmpeg: 
06-29 18:52:02.245  9869 16336 I mobile-ffmpeg:       handler_name    : 
06-29 18:52:02.245  9869 16336 I mobile-ffmpeg: 
06-29 18:52:02.245  9869 16336 I chatty  : uid=10568(com.example.edgesum) Thread-9 identical 1 line
06-29 18:52:02.246  9869 16336 I mobile-ffmpeg: 
06-29 18:52:02.246  9869 16336 I mobile-ffmpeg: PittaSoft Sound Media Handler
06-29 18:52:02.246  9869 16336 I mobile-ffmpeg: 
06-29 18:52:02.246  9869 16336 I chatty  : uid=10568(com.example.edgesum) Thread-9 identical 1 line
06-29 18:52:02.246  9869 16336 I mobile-ffmpeg: 
06-29 18:52:02.246  9869 16336 I mobile-ffmpeg: 
06-29 18:52:02.252  9869 16336 I mobile-ffmpeg: 
06-29 18:52:02.252  9869 16336 I chatty  : uid=10568(com.example.edgesum) Thread-9 identical 1 line
06-29 18:52:02.252  9869 16336 I mobile-ffmpeg: 
06-29 18:52:02.252  9869 16336 I mobile-ffmpeg: Stream mapping:
06-29 18:52:02.252  9869 16336 I mobile-ffmpeg: 
06-29 18:52:02.252  9869 16336 I chatty  : uid=10568(com.example.edgesum) Thread-9 identical 1 line
06-29 18:52:02.252  9869 16336 I mobile-ffmpeg: 
06-29 18:52:02.252  9869 16336 I mobile-ffmpeg:   Stream #0:0 -> #0:0
06-29 18:52:02.252  9869 16336 I mobile-ffmpeg: 
06-29 18:52:02.252  9869 16336 I chatty  : uid=10568(com.example.edgesum) Thread-9 identical 1 line
06-29 18:52:02.252  9869 16336 I mobile-ffmpeg: 
06-29 18:52:02.252  9869 16336 I mobile-ffmpeg:  (h264 (native) -> wrapped_avframe (native))
06-29 18:52:02.252  9869 16336 I mobile-ffmpeg: 
06-29 18:52:02.252  9869 16336 I chatty  : uid=10568(com.example.edgesum) Thread-9 identical 1 line
06-29 18:52:02.252  9869 16336 I mobile-ffmpeg: 
06-29 18:52:02.252  9869 16336 I mobile-ffmpeg: 
06-29 18:52:02.252  9869 16336 I mobile-ffmpeg: 
06-29 18:52:02.253  9869 16336 I chatty  : uid=10568(com.example.edgesum) Thread-9 identical 1 line
06-29 18:52:02.253  9869 16336 I mobile-ffmpeg: 
06-29 18:52:02.253  9869 16336 I mobile-ffmpeg:   Stream #0:1 -> #0:1
06-29 18:52:02.253  9869 16336 I mobile-ffmpeg: 
06-29 18:52:02.253  9869 16336 I chatty  : uid=10568(com.example.edgesum) Thread-9 identical 1 line
06-29 18:52:02.253  9869 16336 I mobile-ffmpeg: 
06-29 18:52:02.253  9869 16336 I mobile-ffmpeg:  (aac (native) -> pcm_s16le (native))
06-29 18:52:02.253  9869 16336 I mobile-ffmpeg: 
06-29 18:52:02.253  9869 16336 I chatty  : uid=10568(com.example.edgesum) Thread-9 identical 1 line
06-29 18:52:02.253  9869 16336 I mobile-ffmpeg: 
06-29 18:52:02.253  9869 16336 I mobile-ffmpeg: 
06-29 18:52:02.253  9869 16336 I mobile-ffmpeg: 
06-29 18:52:02.253  9869 16336 I chatty  : uid=10568(com.example.edgesum) Thread-9 identical 1 line
06-29 18:52:02.253  9869 16336 I mobile-ffmpeg: 
06-29 18:52:02.253  9869 16336 I mobile-ffmpeg: Press [q] to stop, [?] for help
06-29 18:52:02.325  9869 16336 I mobile-ffmpeg: 
06-29 18:52:02.325  9869 16336 I chatty  : uid=10568(com.example.edgesum) Thread-9 identical 1 line
06-29 18:52:02.325  9869 16336 I mobile-ffmpeg: 
06-29 18:52:02.325  9869 16336 I mobile-ffmpeg: Output #0, null, to 'pipe:':
06-29 18:52:02.325  9869 16336 I mobile-ffmpeg: 
06-29 18:52:02.325  9869 16336 I chatty  : uid=10568(com.example.edgesum) Thread-9 identical 1 line
06-29 18:52:02.325  9869 16336 I mobile-ffmpeg: 
06-29 18:52:02.326  9869 16336 I mobile-ffmpeg:   Metadata:
06-29 18:52:02.326  9869 16336 I mobile-ffmpeg: 
06-29 18:52:02.326  9869 16336 I chatty  : uid=10568(com.example.edgesum) Thread-9 identical 1 line
06-29 18:52:02.326  9869 16336 I mobile-ffmpeg: 
06-29 18:52:02.326  9869 16336 I mobile-ffmpeg:     major_brand     : 
06-29 18:52:02.326  9869 16336 I mobile-ffmpeg: 
06-29 18:52:02.326  9869 16336 I chatty  : uid=10568(com.example.edgesum) Thread-9 identical 1 line
06-29 18:52:02.326  9869 16336 I mobile-ffmpeg: 
06-29 18:52:02.326  9869 16336 I mobile-ffmpeg: isom
06-29 18:52:02.326  9869 16336 I mobile-ffmpeg: 
06-29 18:52:02.326  9869 16336 I chatty  : uid=10568(com.example.edgesum) Thread-9 identical 1 line
06-29 18:52:02.326  9869 16336 I mobile-ffmpeg: 
06-29 18:52:02.326  9869 16336 I mobile-ffmpeg: 
06-29 18:52:02.326  9869 16336 I mobile-ffmpeg: 
06-29 18:52:02.326  9869 16336 I chatty  : uid=10568(com.example.edgesum) Thread-9 identical 1 line
06-29 18:52:02.326  9869 16336 I mobile-ffmpeg: 
06-29 18:52:02.326  9869 16336 I mobile-ffmpeg:     minor_version   : 
06-29 18:52:02.326  9869 16336 I mobile-ffmpeg: 
06-29 18:52:02.326  9869 16336 I chatty  : uid=10568(com.example.edgesum) Thread-9 identical 1 line
06-29 18:52:02.326  9869 16336 I mobile-ffmpeg: 
06-29 18:52:02.326  9869 16336 I mobile-ffmpeg: 512
06-29 18:52:02.326  9869 16336 I mobile-ffmpeg: 
06-29 18:52:02.326  9869 16336 I chatty  : uid=10568(com.example.edgesum) Thread-9 identical 1 line
06-29 18:52:02.326  9869 16336 I mobile-ffmpeg: 
06-29 18:52:02.326  9869 16336 I mobile-ffmpeg: 
06-29 18:52:02.326  9869 16336 I mobile-ffmpeg: 
06-29 18:52:02.326  9869 16336 I chatty  : uid=10568(com.example.edgesum) Thread-9 identical 1 line
06-29 18:52:02.326  9869 16336 I mobile-ffmpeg: 
06-29 18:52:02.326  9869 16336 I mobile-ffmpeg:     compatible_brands: 
06-29 18:52:02.326  9869 16336 I mobile-ffmpeg: 
06-29 18:52:02.326  9869 16336 I chatty  : uid=10568(com.example.edgesum) Thread-9 identical 1 line
06-29 18:52:02.326  9869 16336 I mobile-ffmpeg: 
06-29 18:52:02.327  9869 16336 I mobile-ffmpeg: isomiso2avc1mp41
06-29 18:52:02.327  9869 16336 I mobile-ffmpeg: 
06-29 18:52:02.327  9869 16336 I chatty  : uid=10568(com.example.edgesum) Thread-9 identical 1 line
06-29 18:52:02.327  9869 16336 I mobile-ffmpeg: 
06-29 18:52:02.327  9869 16336 I mobile-ffmpeg: 
06-29 18:52:02.327  9869 16336 I mobile-ffmpeg: 
06-29 18:52:02.327  9869 16336 I chatty  : uid=10568(com.example.edgesum) Thread-9 identical 1 line
06-29 18:52:02.327  9869 16336 I mobile-ffmpeg: 
06-29 18:52:02.327  9869 16336 I mobile-ffmpeg:     encoder         : 
06-29 18:52:02.327  9869 16336 I mobile-ffmpeg: 
06-29 18:52:02.327  9869 16336 I chatty  : uid=10568(com.example.edgesum) Thread-9 identical 1 line
06-29 18:52:02.327  9869 16336 I mobile-ffmpeg: 
06-29 18:52:02.327  9869 16336 I mobile-ffmpeg: Lavf58.28.101
06-29 18:52:02.327  9869 16336 I mobile-ffmpeg: 
06-29 18:52:02.327  9869 16336 I chatty  : uid=10568(com.example.edgesum) Thread-9 identical 1 line
06-29 18:52:02.327  9869 16336 I mobile-ffmpeg: 
06-29 18:52:02.327  9869 16336 I mobile-ffmpeg: 
06-29 18:52:02.327  9869 16336 I mobile-ffmpeg: 
06-29 18:52:02.327  9869 16336 I chatty  : uid=10568(com.example.edgesum) Thread-9 identical 1 line
06-29 18:52:02.327  9869 16336 I mobile-ffmpeg: 
06-29 18:52:02.327  9869 16336 I mobile-ffmpeg:     Stream #0:0
06-29 18:52:02.327  9869 16336 I mobile-ffmpeg: 
06-29 18:52:02.327  9869 16336 I chatty  : uid=10568(com.example.edgesum) Thread-9 identical 1 line
06-29 18:52:02.327  9869 16336 I mobile-ffmpeg: 
06-29 18:52:02.327  9869 16336 I mobile-ffmpeg: (eng)
06-29 18:52:02.327  9869 16336 I mobile-ffmpeg: 
06-29 18:52:02.327  9869 16336 I chatty  : uid=10568(com.example.edgesum) Thread-9 identical 1 line
06-29 18:52:02.327  9869 16336 I mobile-ffmpeg: 
06-29 18:52:02.328  9869 16336 I mobile-ffmpeg: : Video: wrapped_avframe, yuvj420p, 1280x720, q=2-31, 200 kb/s
06-29 18:52:02.328  9869 16336 I mobile-ffmpeg: 
06-29 18:52:02.328  9869 16336 I chatty  : uid=10568(com.example.edgesum) Thread-9 identical 1 line
06-29 18:52:02.328  9869 16336 I mobile-ffmpeg: 
06-29 18:52:02.328  9869 16336 I mobile-ffmpeg: , 
06-29 18:52:02.328  9869 16336 I mobile-ffmpeg: 
06-29 18:52:02.328  9869 16336 I chatty  : uid=10568(com.example.edgesum) Thread-9 identical 1 line
06-29 18:52:02.328  9869 16336 I mobile-ffmpeg: 
06-29 18:52:02.328  9869 16336 I mobile-ffmpeg: 29.97 fps, 
06-29 18:52:02.328  9869 16336 I mobile-ffmpeg: 
06-29 18:52:02.328  9869 16336 I chatty  : uid=10568(com.example.edgesum) Thread-9 identical 1 line
06-29 18:52:02.328  9869 16336 I mobile-ffmpeg: 
06-29 18:52:02.328  9869 16336 I mobile-ffmpeg: 29.97 tbn, 
06-29 18:52:02.328  9869 16336 I mobile-ffmpeg: 
06-29 18:52:02.328  9869 16336 I chatty  : uid=10568(com.example.edgesum) Thread-9 identical 1 line
06-29 18:52:02.328  9869 16336 I mobile-ffmpeg: 
06-29 18:52:02.328  9869 16336 I mobile-ffmpeg: 29.97 tbc
06-29 18:52:02.328  9869 16336 I mobile-ffmpeg: 
06-29 18:52:02.328  9869 16336 I chatty  : uid=10568(com.example.edgesum) Thread-9 identical 1 line
06-29 18:52:02.328  9869 16336 I mobile-ffmpeg: 
06-29 18:52:02.328  9869 16336 I mobile-ffmpeg:  (default)
06-29 18:52:02.328  9869 16336 I mobile-ffmpeg: 
06-29 18:52:02.328  9869 16336 I chatty  : uid=10568(com.example.edgesum) Thread-9 identical 1 line
06-29 18:52:02.328  9869 16336 I mobile-ffmpeg: 
06-29 18:52:02.328  9869 16336 I mobile-ffmpeg: 
06-29 18:52:02.328  9869 16336 I mobile-ffmpeg: 
06-29 18:52:02.328  9869 16336 I chatty  : uid=10568(com.example.edgesum) Thread-9 identical 1 line
06-29 18:52:02.328  9869 16336 I mobile-ffmpeg: 
06-29 18:52:02.328  9869 16336 I mobile-ffmpeg:     Metadata:
06-29 18:52:02.328  9869 16336 I mobile-ffmpeg: 
06-29 18:52:02.328  9869 16336 I chatty  : uid=10568(com.example.edgesum) Thread-9 identical 1 line
06-29 18:52:02.328  9869 16336 I mobile-ffmpeg: 
06-29 18:52:02.329  9869 16336 I mobile-ffmpeg:       handler_name    : 
06-29 18:52:02.329  9869 16336 I mobile-ffmpeg: 
06-29 18:52:02.329  9869 16336 I chatty  : uid=10568(com.example.edgesum) Thread-9 identical 1 line
06-29 18:52:02.329  9869 16336 I mobile-ffmpeg: 
06-29 18:52:02.329  9869 16336 I mobile-ffmpeg: PittaSoft Video Media Handler
06-29 18:52:02.329  9869 16336 I mobile-ffmpeg: 
06-29 18:52:02.329  9869 16336 I chatty  : uid=10568(com.example.edgesum) Thread-9 identical 1 line
06-29 18:52:02.329  9869 16336 I mobile-ffmpeg: 
06-29 18:52:02.329  9869 16336 I mobile-ffmpeg: 
06-29 18:52:02.329  9869 16336 I mobile-ffmpeg: 
06-29 18:52:02.329  9869 16336 I chatty  : uid=10568(com.example.edgesum) Thread-9 identical 1 line
06-29 18:52:02.329  9869 16336 I mobile-ffmpeg: 
06-29 18:52:02.329  9869 16336 I mobile-ffmpeg:       encoder         : 
06-29 18:52:02.329  9869 16336 I mobile-ffmpeg: 
06-29 18:52:02.329  9869 16336 I chatty  : uid=10568(com.example.edgesum) Thread-9 identical 1 line
06-29 18:52:02.329  9869 16336 I mobile-ffmpeg: 
06-29 18:52:02.329  9869 16336 I mobile-ffmpeg: Lavc58.53.101 wrapped_avframe
06-29 18:52:02.329  9869 16336 I mobile-ffmpeg: 
06-29 18:52:02.329  9869 16336 I chatty  : uid=10568(com.example.edgesum) Thread-9 identical 1 line
06-29 18:52:02.329  9869 16336 I mobile-ffmpeg: 
06-29 18:52:02.329  9869 16336 I mobile-ffmpeg: 
06-29 18:52:02.329  9869 16336 I mobile-ffmpeg: 
06-29 18:52:02.329  9869 16336 I chatty  : uid=10568(com.example.edgesum) Thread-9 identical 1 line
06-29 18:52:02.329  9869 16336 I mobile-ffmpeg: 
06-29 18:52:02.329  9869 16336 I mobile-ffmpeg:     Stream #0:1
06-29 18:52:02.329  9869 16336 I mobile-ffmpeg: 
