07-12 18:41:37.664 10353 10353 V FileManager: Directory already exists: /storage/emulated/0/Movies/segment-sum/20200312_150844
07-12 18:41:38.422 10353 10353 V NearbyFragment: Received a segment of 20200312_150844
07-12 18:41:38.424 10353 10353 D NearbyFragment: onPayloadReceived(endpointId=Hqzs, payload=com.google.android.gms.nearby.connection.Payload@874d4ff)
07-12 18:41:38.425 10353 10353 V NearbyFragment: Started downloading 20200312_150844!003.mp4 from Endpoint{id=Hqzs, name=Galaxy S8 [2802]}
07-12 18:41:38.426 10353 10353 I NearbyFragment: Transfer queue is empty
07-12 18:41:38.426 10353 10353 V NearbyFragment: Transfer to Endpoint{id=Hqzs, name=Galaxy S8 [2802]} complete
07-12 18:41:38.520 10353 10353 D NearbyFragment: onPayloadReceived(endpointId=Hqzs, payload=com.google.android.gms.nearby.connection.Payload@ede92cc)
07-12 18:41:39.784 10353 10353 V NearbyFragment: Transfer to Endpoint{id=WkmW, name=Shark 1S [34d8]} complete
07-12 18:41:39.785 10353 10353 W NearbyFragment: Completed downloading 20200312_150844!002.mp4 from Endpoint{id=WkmW, name=Shark 1S [34d8]} in 03.224s
07-12 18:41:39.791 10353 10353 V FileManager: External storage is readable
07-12 18:41:39.792 10353 10353 V FileManager: Directory already exists: /storage/emulated/0/Movies/segment-sum/20200312_150844
07-12 18:41:40.597 10353 10353 V NearbyFragment: Received a segment of 20200312_150844
07-12 18:41:40.976 10353 10353 V NearbyFragment: Transfer to Endpoint{id=Hqzs, name=Galaxy S8 [2802]} complete
07-12 18:41:40.977 10353 10353 W NearbyFragment: Completed downloading 20200312_150844!003.mp4 from Endpoint{id=Hqzs, name=Galaxy S8 [2802]} in 02.551s
07-12 18:41:40.983 10353 10353 V FileManager: External storage is readable
07-12 18:41:40.984 10353 10353 V FileManager: Directory already exists: /storage/emulated/0/Movies/segment-sum/20200312_150844
07-12 18:41:41.632 10353 10353 D NearbyFragment: Received all summarised video segments of 20200312_150844
07-12 18:41:41.644 10353 10353 V FileManager: External storage is readable
07-12 18:41:41.645 10353 10353 V FileManager: Directory already exists: /storage/emulated/0/Movies/segment-sum/20200312_150844
07-12 18:41:41.647 10353 10353 D FfmpegTools: Merging /storage/emulated/0/Movies/summarised/20200312_150844.mp4
07-12 18:41:41.655 10353 10353 V FileManager: External storage is readable
07-12 18:41:41.655 10353 10353 V FileManager: Directory already exists: /storage/emulated/0/Movies/segment/20200312_150844
07-12 18:41:41.664 10353 10353 I FfmpegTools: Running ffmpeg with:
07-12 18:41:41.664 10353 10353 I FfmpegTools:   -y -f concat -safe 0 -i /storage/emulated/0/Movies/segment/20200312_150844/paths.txt -c copy /storage/emulated/0/Movies/summarised/20200312_150844.mp4
07-12 18:41:41.722 10353 10595 I mobile-ffmpeg: [mov,mp4,m4a,3gp,3g2,mj2 @ 0x7083f93400] Auto-inserting h264_mp4toannexb bitstream filter
07-12 18:41:41.775 10353 10595 I mobile-ffmpeg: Input #0, concat, from '/storage/emulated/0/Movies/segment/20200312_150844/paths.txt':
07-12 18:41:41.775 10353 10595 I mobile-ffmpeg:   Duration: 
07-12 18:41:41.775 10353 10595 I mobile-ffmpeg: N/A
07-12 18:41:41.775 10353 10595 I mobile-ffmpeg: , start: 
07-12 18:41:41.776 10353 10595 I mobile-ffmpeg: 0.000000
07-12 18:41:41.776 10353 10595 I mobile-ffmpeg: , bitrate: 
07-12 18:41:41.776 10353 10595 I mobile-ffmpeg: 8413 kb/s
07-12 18:41:41.776 10353 10595 I mobile-ffmpeg: 
07-12 18:41:41.776 10353 10595 I mobile-ffmpeg:     Stream #0:0
07-12 18:41:41.776 10353 10595 I mobile-ffmpeg: (eng)
07-12 18:41:41.776 10353 10595 I mobile-ffmpeg: : Video: h264 (avc1 / 0x31637661), yuvj420p(pc, bt709), 1280x720, 8366 kb/s
07-12 18:41:41.776 10353 10595 I mobile-ffmpeg: , 
07-12 18:41:41.776 10353 10595 I mobile-ffmpeg: 29.97 fps, 
07-12 18:41:41.776 10353 10595 I mobile-ffmpeg: 29.97 tbr, 
07-12 18:41:41.776 10353 10595 I mobile-ffmpeg: 16k tbn, 
07-12 18:41:41.776 10353 10595 I mobile-ffmpeg: 32k tbc
07-12 18:41:41.777 10353 10595 I mobile-ffmpeg: 
07-12 18:41:41.777 10353 10595 I mobile-ffmpeg:     Metadata:
07-12 18:41:41.777 10353 10595 I mobile-ffmpeg:       handler_name    : 
07-12 18:41:41.777 10353 10595 I mobile-ffmpeg: PittaSoft Video Media Handler
07-12 18:41:41.777 10353 10595 I mobile-ffmpeg: 
07-12 18:41:41.777 10353 10595 I mobile-ffmpeg:     Stream #0:1
07-12 18:41:41.777 10353 10595 I mobile-ffmpeg: (eng)
07-12 18:41:41.777 10353 10595 I mobile-ffmpeg: : Audio: aac (mp4a / 0x6134706D), 16000 Hz, stereo, fltp, 47 kb/s
07-12 18:41:41.777 10353 10595 I mobile-ffmpeg: 
07-12 18:41:41.777 10353 10595 I mobile-ffmpeg:     Metadata:
07-12 18:41:41.777 10353 10595 I mobile-ffmpeg:       handler_name    : 
07-12 18:41:41.778 10353 10595 I mobile-ffmpeg: PittaSoft Sound Media Handler
07-12 18:41:41.778 10353 10595 I mobile-ffmpeg: 
07-12 18:41:41.779 10353 10595 I mobile-ffmpeg: Output #0, mp4, to '/storage/emulated/0/Movies/summarised/20200312_150844.mp4':
07-12 18:41:41.779 10353 10595 I mobile-ffmpeg:   Metadata:
07-12 18:41:41.779 10353 10595 I mobile-ffmpeg:     encoder         : 
07-12 18:41:41.780 10353 10595 I mobile-ffmpeg: Lavf58.42.100
07-12 18:41:41.781 10353 10595 I mobile-ffmpeg: 
07-12 18:41:41.781 10353 10595 I mobile-ffmpeg:     Stream #0:0
07-12 18:41:41.781 10353 10595 I mobile-ffmpeg: (eng)
07-12 18:41:41.781 10353 10595 I mobile-ffmpeg: : Video: h264 (avc1 / 0x31637661), yuvj420p(pc, bt709), 1280x720, q=2-31, 8366 kb/s
07-12 18:41:41.781 10353 10595 I mobile-ffmpeg: , 
07-12 18:41:41.781 10353 10595 I mobile-ffmpeg: 29.97 fps, 
07-12 18:41:41.781 10353 10595 I mobile-ffmpeg: 29.97 tbr, 
07-12 18:41:41.781 10353 10595 I mobile-ffmpeg: 16k tbn, 
07-12 18:41:41.781 10353 10595 I mobile-ffmpeg: 16k tbc
07-12 18:41:41.782 10353 10595 I mobile-ffmpeg: 
07-12 18:41:41.782 10353 10595 I mobile-ffmpeg:     Metadata:
07-12 18:41:41.782 10353 10595 I mobile-ffmpeg:       handler_name    : 
07-12 18:41:41.782 10353 10595 I mobile-ffmpeg: PittaSoft Video Media Handler
07-12 18:41:41.782 10353 10595 I mobile-ffmpeg: 
07-12 18:41:41.782 10353 10595 I mobile-ffmpeg:     Stream #0:1
07-12 18:41:41.782 10353 10595 I mobile-ffmpeg: (eng)
07-12 18:41:41.782 10353 10595 I mobile-ffmpeg: : Audio: aac (mp4a / 0x6134706D), 16000 Hz, stereo, fltp, 47 kb/s
07-12 18:41:41.782 10353 10595 I mobile-ffmpeg: 
07-12 18:41:41.782 10353 10595 I mobile-ffmpeg:     Metadata:
07-12 18:41:41.783 10353 10595 I mobile-ffmpeg:       handler_name    : 
07-12 18:41:41.783 10353 10595 I mobile-ffmpeg: PittaSoft Sound Media Handler
07-12 18:41:41.784 10353 10595 I mobile-ffmpeg: 
07-12 18:41:41.784 10353 10595 I mobile-ffmpeg: Stream mapping:
07-12 18:41:41.784 10353 10595 I mobile-ffmpeg:   Stream #0:0 -> #0:0
07-12 18:41:41.784 10353 10595 I mobile-ffmpeg:  (copy)
07-12 18:41:41.784 10353 10595 I mobile-ffmpeg: 
07-12 18:41:41.784 10353 10595 I mobile-ffmpeg:   Stream #0:1 -> #0:1
07-12 18:41:41.784 10353 10595 I mobile-ffmpeg:  (copy)
07-12 18:41:41.784 10353 10595 I mobile-ffmpeg: 
07-12 18:41:41.784 10353 10595 I mobile-ffmpeg: Press [q] to stop, [?] for help
07-12 18:41:41.785 10353 10595 I mobile-ffmpeg: frame=    1 fps=0.0 q=-1.0 size=       0kB time=00:00:00.00 bitrate=6095.2kbits/s speed=31.5x    
07-12 18:41:42.058 10353 10595 I mobile-ffmpeg: [mov,mp4,m4a,3gp,3g2,mj2 @ 0x7083f93400] Auto-inserting h264_mp4toannexb bitstream filter
07-12 18:41:42.278 10353 10595 I mobile-ffmpeg: frame=  928 fps=0.0 q=-1.0 size=   31744kB time=00:00:30.97 bitrate=8395.1kbits/s speed=61.9x    
07-12 18:41:42.376 10353 10595 I mobile-ffmpeg: [mov,mp4,m4a,3gp,3g2,mj2 @ 0x7083f93400] Auto-inserting h264_mp4toannexb bitstream filter
07-12 18:41:42.617 10353 10595 I mobile-ffmpeg: [mov,mp4,m4a,3gp,3g2,mj2 @ 0x7083f93400] Auto-inserting h264_mp4toannexb bitstream filter
07-12 18:41:42.769 10353 10595 I mobile-ffmpeg: frame= 1800 fps=0.0 q=-1.0 Lsize=   61804kB time=00:01:00.06 bitrate=8428.8kbits/s speed=60.6x    
07-12 18:41:42.769 10353 10595 I mobile-ffmpeg: video:61425kB audio:345kB subtitle:0kB other streams:0kB global headers:0kB muxing overhead: 
07-12 18:41:42.769 10353 10595 I mobile-ffmpeg: 0.053992%
07-12 18:41:42.769 10353 10595 I mobile-ffmpeg: 
07-12 18:41:42.770 10353 10353 V FfmpegTools: Retrieving duration of /storage/emulated/0/Movies/summarised/20200312_150844.mp4
07-12 18:41:42.826 10353 10595 I mobile-ffmpeg: Input #0, mov,mp4,m4a,3gp,3g2,mj2, from '/storage/emulated/0/Movies/summarised/20200312_150844.mp4':
07-12 18:41:42.826 10353 10595 I mobile-ffmpeg:   Metadata:
07-12 18:41:42.826 10353 10595 I mobile-ffmpeg:     major_brand     : 
07-12 18:41:42.826 10353 10595 I mobile-ffmpeg: isom
07-12 18:41:42.826 10353 10595 I mobile-ffmpeg: 
07-12 18:41:42.826 10353 10595 I mobile-ffmpeg:     minor_version   : 
07-12 18:41:42.826 10353 10595 I mobile-ffmpeg: 512
07-12 18:41:42.826 10353 10595 I mobile-ffmpeg: 
07-12 18:41:42.826 10353 10595 I mobile-ffmpeg:     compatible_brands: 
07-12 18:41:42.826 10353 10595 I mobile-ffmpeg: isomiso2avc1mp41
07-12 18:41:42.826 10353 10595 I mobile-ffmpeg: 
07-12 18:41:42.827 10353 10595 I mobile-ffmpeg:     encoder         : 
07-12 18:41:42.827 10353 10595 I mobile-ffmpeg: Lavf58.42.100
07-12 18:41:42.827 10353 10595 I mobile-ffmpeg: 
07-12 18:41:42.827 10353 10595 I mobile-ffmpeg:   Duration: 
07-12 18:41:42.827 10353 10595 I mobile-ffmpeg: 00:01:00.08
07-12 18:41:42.827 10353 10595 I mobile-ffmpeg: , start: 
07-12 18:41:42.827 10353 10595 I mobile-ffmpeg: 0.000000
07-12 18:41:42.827 10353 10595 I mobile-ffmpeg: , bitrate: 
07-12 18:41:42.827 10353 10595 I mobile-ffmpeg: 8427 kb/s
07-12 18:41:42.827 10353 10595 I mobile-ffmpeg: 
07-12 18:41:42.827 10353 10595 I mobile-ffmpeg:     Stream #0:0
07-12 18:41:42.827 10353 10595 I mobile-ffmpeg: (eng)
07-12 18:41:42.827 10353 10595 I mobile-ffmpeg: : Video: h264 (avc1 / 0x31637661), yuvj420p(pc, bt709), 1280x720, 8377 kb/s
07-12 18:41:42.827 10353 10595 I mobile-ffmpeg: , 
07-12 18:41:42.828 10353 10595 I mobile-ffmpeg: 29.97 fps, 
07-12 18:41:42.828 10353 10595 I mobile-ffmpeg: 29.97 tbr, 
07-12 18:41:42.828 10353 10595 I mobile-ffmpeg: 16k tbn, 
07-12 18:41:42.828 10353 10595 I mobile-ffmpeg: 32k tbc
07-12 18:41:42.828 10353 10595 I mobile-ffmpeg:  (default)
07-12 18:41:42.828 10353 10595 I mobile-ffmpeg: 
07-12 18:41:42.828 10353 10595 I mobile-ffmpeg:     Metadata:
07-12 18:41:42.828 10353 10595 I mobile-ffmpeg:       handler_name    : 
07-12 18:41:42.828 10353 10595 I mobile-ffmpeg: PittaSoft Video Media Handler
07-12 18:41:42.828 10353 10595 I mobile-ffmpeg: 
07-12 18:41:42.828 10353 10595 I mobile-ffmpeg:     Stream #0:1
07-12 18:41:42.828 10353 10595 I mobile-ffmpeg: (eng)
07-12 18:41:42.828 10353 10595 I mobile-ffmpeg: : Audio: aac (mp4a / 0x6134706D), 16000 Hz, stereo, fltp, 47 kb/s
07-12 18:41:42.828 10353 10595 I mobile-ffmpeg:  (default)
07-12 18:41:42.828 10353 10595 I mobile-ffmpeg: 
07-12 18:41:42.829 10353 10595 I mobile-ffmpeg:     Metadata:
07-12 18:41:42.829 10353 10595 I mobile-ffmpeg:       handler_name    : 
07-12 18:41:42.829 10353 10595 I mobile-ffmpeg: PittaSoft Sound Media Handler
07-12 18:41:42.829 10353 10595 I mobile-ffmpeg: 
07-12 18:41:42.849 10353 10353 W FfmpegTools: Merged duration of 20200312_150844: 60.08
07-12 18:41:43.102 10353 10353 V VideoManager: Retrieving video from /storage/emulated/0/Movies/summarised/20200312_150844.mp4
07-12 18:41:43.112 10353 10353 V VideoManager: videoFromCursor
07-12 18:41:43.115 10353 10353 V SummarisedVideosEventHandler: onAdd
07-12 18:41:43.116 10353 10353 V RawFootageEventHandler: removeByName
07-12 18:41:43.118 10353 10353 V ProcessingVideosEventHandler: removeByName
07-12 18:41:43.120 10353 10353 V NearbyFragment: Removing video segment map for 20200312_150844
07-12 18:41:54.360 10353 10584 V VideoManager: Retrieving video from /storage/emulated/0/Movies/raw/20200312_150944.mp4
07-12 18:41:54.373 10353 10584 D VideoManager: videoCursor is null
07-12 18:41:54.403 10353 10584 V VideoManager: videoFromCursor
07-12 18:41:54.406 10353 10584 W DashDownloadManager: Successfully downloaded 20200312_150944.mp4 in 36.177s
07-12 18:41:54.406 10353 10584 V DownloadTestVideosTask: Entering callback for download completion of 20200312_150944.mp4
07-12 18:41:54.408 10353 10584 V RawFootageEventHandler: onAdd
07-12 18:41:54.410 10353 10584 V FfmpegTools: Retrieving duration of /storage/emulated/0/Movies/raw/20200312_150944.mp4
07-12 18:41:54.418 10353 10595 W mobile-ffmpeg: [mov,mp4,m4a,3gp,3g2,mj2 @ 0x70956d5400] Found duplicated MOOV Atom. Skipped it
07-12 18:41:54.507 10353 10595 I mobile-ffmpeg: Input #0, mov,mp4,m4a,3gp,3g2,mj2, from '/storage/emulated/0/Movies/raw/20200312_150944.mp4':
07-12 18:41:54.507 10353 10595 I mobile-ffmpeg:   Metadata:
07-12 18:41:54.507 10353 10595 I mobile-ffmpeg:     creation_time   : 
07-12 18:41:54.507 10353 10595 I mobile-ffmpeg: 2020-03-12T04:10:43.000000Z
07-12 18:41:54.507 10353 10595 I mobile-ffmpeg: 
07-12 18:41:54.507 10353 10595 I mobile-ffmpeg:     major_brand     : 
07-12 18:41:54.507 10353 10595 I mobile-ffmpeg: mp42
07-12 18:41:54.508 10353 10595 I mobile-ffmpeg: 
07-12 18:41:54.508 10353 10595 I mobile-ffmpeg:     minor_version   : 
07-12 18:41:54.508 10353 10595 I mobile-ffmpeg: 1
07-12 18:41:54.508 10353 10595 I mobile-ffmpeg: 
07-12 18:41:54.508 10353 10595 I mobile-ffmpeg:     compatible_brands: 
07-12 18:41:54.508 10353 10595 I mobile-ffmpeg: mp42mp42
07-12 18:41:54.508 10353 10595 I mobile-ffmpeg: 
07-12 18:41:54.508 10353 10595 I mobile-ffmpeg:   Duration: 
07-12 18:41:54.508 10353 10595 I mobile-ffmpeg: 00:01:00.02
07-12 18:41:54.508 10353 10595 I mobile-ffmpeg: , start: 
07-12 18:41:54.508 10353 10595 I mobile-ffmpeg: 0.000000
07-12 18:41:54.508 10353 10595 I mobile-ffmpeg: , bitrate: 
07-12 18:41:54.508 10353 10595 I mobile-ffmpeg: 9328 kb/s
07-12 18:41:54.508 10353 10595 I mobile-ffmpeg: 
07-12 18:41:54.508 10353 10595 I mobile-ffmpeg:     Stream #0:0
07-12 18:41:54.509 10353 10595 I mobile-ffmpeg: (eng)
07-12 18:41:54.509 10353 10595 I mobile-ffmpeg: : Video: h264 (avc1 / 0x31637661), yuvj420p(pc, bt709), 1280x720, 8398 kb/s
07-12 18:41:54.509 10353 10595 I mobile-ffmpeg: , 
07-12 18:41:54.509 10353 10595 I mobile-ffmpeg: 29.97 fps, 
07-12 18:41:54.509 10353 10595 I mobile-ffmpeg: 29.97 tbr, 
07-12 18:41:54.509 10353 10595 I mobile-ffmpeg: 1k tbn, 
07-12 18:41:54.509 10353 10595 I mobile-ffmpeg: 2k tbc
07-12 18:41:54.509 10353 10595 I mobile-ffmpeg:  (default)
07-12 18:41:54.509 10353 10595 I mobile-ffmpeg: 
07-12 18:41:54.509 10353 10595 I mobile-ffmpeg:     Metadata:
07-12 18:41:54.509 10353 10595 I mobile-ffmpeg:       creation_time   : 
07-12 18:41:54.509 10353 10595 I mobile-ffmpeg: 2020-03-12T04:10:43.000000Z
07-12 18:41:54.509 10353 10595 I mobile-ffmpeg: 
07-12 18:41:54.510 10353 10595 I mobile-ffmpeg:       handler_name    : 
07-12 18:41:54.510 10353 10595 I mobile-ffmpeg: PittaSoft Video Media Handler
07-12 18:41:54.510 10353 10595 I mobile-ffmpeg: 
07-12 18:41:54.510 10353 10595 I mobile-ffmpeg:     Stream #0:1
07-12 18:41:54.510 10353 10595 I mobile-ffmpeg: (eng)
07-12 18:41:54.510 10353 10595 I mobile-ffmpeg: : Audio: aac (mp4a / 0x6134706D), 16000 Hz, stereo, fltp, 47 kb/s
07-12 18:41:54.510 10353 10595 I mobile-ffmpeg:  (default)
07-12 18:41:54.510 10353 10595 I mobile-ffmpeg: 
07-12 18:41:54.510 10353 10595 I mobile-ffmpeg:     Metadata:
07-12 18:41:54.510 10353 10595 I mobile-ffmpeg:       creation_time   : 
07-12 18:41:54.510 10353 10595 I mobile-ffmpeg: 2020-03-12T04:10:43.000000Z
07-12 18:41:54.510 10353 10595 I mobile-ffmpeg: 
07-12 18:41:54.510 10353 10595 I mobile-ffmpeg:       handler_name    : 
07-12 18:41:54.510 10353 10595 I mobile-ffmpeg: PittaSoft Sound Media Handler
07-12 18:41:54.511 10353 10595 I mobile-ffmpeg: 
07-12 18:41:54.531 10353 10584 V FileManager: External storage is readable
07-12 18:41:54.533 10353 10584 V FileManager: Created new directory: /storage/emulated/0/Movies/segment/20200312_150944
07-12 18:41:54.534 10353 10584 V FfmpegTools: Splitting /storage/emulated/0/Movies/raw/20200312_150944.mp4 with 16s long segments
07-12 18:41:54.535 10353 10584 I FfmpegTools: Running ffmpeg with:
07-12 18:41:54.535 10353 10584 I FfmpegTools:   -y -i /storage/emulated/0/Movies/raw/20200312_150944.mp4 -map 0 -c copy -f segment -reset_timestamps 1 -segment_time 16 /storage/emulated/0/Movies/segment/20200312_150944/20200312_150944!%03d.mp4
07-12 18:41:54.550 10353 10595 W mobile-ffmpeg: [mov,mp4,m4a,3gp,3g2,mj2 @ 0x70956d5400] Found duplicated MOOV Atom. Skipped it
07-12 18:41:54.634 10353 10595 I mobile-ffmpeg: Input #0, mov,mp4,m4a,3gp,3g2,mj2, from '/storage/emulated/0/Movies/raw/20200312_150944.mp4':
07-12 18:41:54.634 10353 10595 I mobile-ffmpeg:   Metadata:
07-12 18:41:54.634 10353 10595 I mobile-ffmpeg:     creation_time   : 
07-12 18:41:54.634 10353 10595 I mobile-ffmpeg: 2020-03-12T04:10:43.000000Z
07-12 18:41:54.634 10353 10595 I mobile-ffmpeg: 
07-12 18:41:54.634 10353 10595 I mobile-ffmpeg:     major_brand     : 
07-12 18:41:54.634 10353 10595 I mobile-ffmpeg: mp42
07-12 18:41:54.634 10353 10595 I mobile-ffmpeg: 
07-12 18:41:54.634 10353 10595 I mobile-ffmpeg:     minor_version   : 
07-12 18:41:54.634 10353 10595 I mobile-ffmpeg: 1
07-12 18:41:54.635 10353 10595 I mobile-ffmpeg: 
07-12 18:41:54.635 10353 10595 I mobile-ffmpeg:     compatible_brands: 
07-12 18:41:54.635 10353 10595 I mobile-ffmpeg: mp42mp42
07-12 18:41:54.635 10353 10595 I mobile-ffmpeg: 
07-12 18:41:54.635 10353 10595 I mobile-ffmpeg:   Duration: 
07-12 18:41:54.635 10353 10595 I mobile-ffmpeg: 00:01:00.02
07-12 18:41:54.635 10353 10595 I mobile-ffmpeg: , start: 
07-12 18:41:54.635 10353 10595 I mobile-ffmpeg: 0.000000
07-12 18:41:54.635 10353 10595 I mobile-ffmpeg: , bitrate: 
07-12 18:41:54.635 10353 10595 I mobile-ffmpeg: 9328 kb/s
07-12 18:41:54.635 10353 10595 I mobile-ffmpeg: 
07-12 18:41:54.635 10353 10595 I mobile-ffmpeg:     Stream #0:0
07-12 18:41:54.636 10353 10595 I mobile-ffmpeg: (eng)
07-12 18:41:54.636 10353 10595 I mobile-ffmpeg: : Video: h264 (avc1 / 0x31637661), yuvj420p(pc, bt709), 1280x720, 8398 kb/s
07-12 18:41:54.636 10353 10595 I mobile-ffmpeg: , 
07-12 18:41:54.636 10353 10595 I mobile-ffmpeg: 29.97 fps, 
07-12 18:41:54.636 10353 10595 I mobile-ffmpeg: 29.97 tbr, 
07-12 18:41:54.636 10353 10595 I mobile-ffmpeg: 1k tbn, 
07-12 18:41:54.636 10353 10595 I mobile-ffmpeg: 2k tbc
07-12 18:41:54.637 10353 10595 I mobile-ffmpeg:  (default)
07-12 18:41:54.637 10353 10595 I mobile-ffmpeg: 
07-12 18:41:54.637 10353 10595 I mobile-ffmpeg:     Metadata:
07-12 18:41:54.637 10353 10595 I mobile-ffmpeg:       creation_time   : 
07-12 18:41:54.637 10353 10595 I mobile-ffmpeg: 2020-03-12T04:10:43.000000Z
07-12 18:41:54.637 10353 10595 I mobile-ffmpeg: 
07-12 18:41:54.638 10353 10595 I mobile-ffmpeg:       handler_name    : 
07-12 18:41:54.639 10353 10595 I mobile-ffmpeg: PittaSoft Video Media Handler
07-12 18:41:54.639 10353 10595 I mobile-ffmpeg: 
07-12 18:41:54.639 10353 10595 I mobile-ffmpeg:     Stream #0:1
07-12 18:41:54.639 10353 10595 I mobile-ffmpeg: (eng)
07-12 18:41:54.639 10353 10595 I mobile-ffmpeg: : Audio: aac (mp4a / 0x6134706D), 16000 Hz, stereo, fltp, 47 kb/s
07-12 18:41:54.639 10353 10595 I mobile-ffmpeg:  (default)
07-12 18:41:54.639 10353 10595 I mobile-ffmpeg: 
07-12 18:41:54.639 10353 10595 I mobile-ffmpeg:     Metadata:
07-12 18:41:54.639 10353 10595 I mobile-ffmpeg:       creation_time   : 
07-12 18:41:54.640 10353 10595 I mobile-ffmpeg: 2020-03-12T04:10:43.000000Z
07-12 18:41:54.640 10353 10595 I mobile-ffmpeg: 
07-12 18:41:54.640 10353 10595 I mobile-ffmpeg:       handler_name    : 
07-12 18:41:54.640 10353 10595 I mobile-ffmpeg: PittaSoft Sound Media Handler
07-12 18:41:54.640 10353 10595 I mobile-ffmpeg: 
07-12 18:41:54.640 10353 10595 I mobile-ffmpeg: [segment @ 0x709576d600] Opening '/storage/emulated/0/Movies/segment/20200312_150944/20200312_150944!000.mp4' for writing
07-12 18:41:54.640 10353 10595 I mobile-ffmpeg: Output #0, segment, to '/storage/emulated/0/Movies/segment/20200312_150944/20200312_150944!%03d.mp4':
07-12 18:41:54.640 10353 10595 I mobile-ffmpeg:   Metadata:
07-12 18:41:54.640 10353 10595 I mobile-ffmpeg:     compatible_brands: 
07-12 18:41:54.640 10353 10595 I mobile-ffmpeg: mp42mp42
07-12 18:41:54.641 10353 10595 I mobile-ffmpeg: 
07-12 18:41:54.641 10353 10595 I mobile-ffmpeg:     major_brand     : 
07-12 18:41:54.641 10353 10595 I mobile-ffmpeg: mp42
07-12 18:41:54.641 10353 10595 I mobile-ffmpeg: 
07-12 18:41:54.641 10353 10595 I mobile-ffmpeg:     minor_version   : 
07-12 18:41:54.641 10353 10595 I mobile-ffmpeg: 1
07-12 18:41:54.641 10353 10595 I mobile-ffmpeg: 
07-12 18:41:54.641 10353 10595 I mobile-ffmpeg:     encoder         : 
07-12 18:41:54.641 10353 10595 I mobile-ffmpeg: Lavf58.42.100
07-12 18:41:54.641 10353 10595 I mobile-ffmpeg: 
07-12 18:41:54.641 10353 10595 I mobile-ffmpeg:     Stream #0:0
07-12 18:41:54.642 10353 10595 I mobile-ffmpeg: (eng)
07-12 18:41:54.642 10353 10595 I mobile-ffmpeg: : Video: h264 (avc1 / 0x31637661), yuvj420p(pc, bt709), 1280x720, q=2-31, 8398 kb/s
07-12 18:41:54.642 10353 10595 I mobile-ffmpeg: , 
07-12 18:41:54.642 10353 10595 I mobile-ffmpeg: 29.97 fps, 
07-12 18:41:54.642 10353 10595 I mobile-ffmpeg: 29.97 tbr, 
07-12 18:41:54.642 10353 10595 I mobile-ffmpeg: 16k tbn, 
07-12 18:41:54.642 10353 10595 I mobile-ffmpeg: 1k tbc
07-12 18:41:54.642 10353 10595 I mobile-ffmpeg:  (default)
07-12 18:41:54.642 10353 10595 I mobile-ffmpeg: 
07-12 18:41:54.642 10353 10595 I mobile-ffmpeg:     Metadata:
07-12 18:41:54.642 10353 10595 I mobile-ffmpeg:       creation_time   : 
07-12 18:41:54.642 10353 10595 I mobile-ffmpeg: 2020-03-12T04:10:43.000000Z
07-12 18:41:54.643 10353 10595 I mobile-ffmpeg: 
07-12 18:41:54.643 10353 10595 I mobile-ffmpeg:       handler_name    : 
07-12 18:41:54.643 10353 10595 I mobile-ffmpeg: PittaSoft Video Media Handler
07-12 18:41:54.643 10353 10595 I mobile-ffmpeg: 
07-12 18:41:54.643 10353 10595 I mobile-ffmpeg:     Stream #0:1
07-12 18:41:54.643 10353 10595 I mobile-ffmpeg: (eng)
07-12 18:41:54.643 10353 10595 I mobile-ffmpeg: : Audio: aac (mp4a / 0x6134706D), 16000 Hz, stereo, fltp, 47 kb/s
07-12 18:41:54.643 10353 10595 I mobile-ffmpeg:  (default)
07-12 18:41:54.643 10353 10595 I mobile-ffmpeg: 
07-12 18:41:54.643 10353 10595 I mobile-ffmpeg:     Metadata:
07-12 18:41:54.643 10353 10595 I mobile-ffmpeg:       creation_time   : 
07-12 18:41:54.644 10353 10595 I mobile-ffmpeg: 2020-03-12T04:10:43.000000Z
07-12 18:41:54.644 10353 10595 I mobile-ffmpeg: 
07-12 18:41:54.644 10353 10595 I mobile-ffmpeg:       handler_name    : 
07-12 18:41:54.644 10353 10595 I mobile-ffmpeg: PittaSoft Sound Media Handler
07-12 18:41:54.644 10353 10595 I mobile-ffmpeg: 
07-12 18:41:54.644 10353 10595 I mobile-ffmpeg: Stream mapping:
07-12 18:41:54.644 10353 10595 I mobile-ffmpeg:   Stream #0:0 -> #0:0
07-12 18:41:54.644 10353 10595 I mobile-ffmpeg:  (copy)
07-12 18:41:54.644 10353 10595 I mobile-ffmpeg: 
07-12 18:41:54.644 10353 10595 I mobile-ffmpeg:   Stream #0:1 -> #0:1
07-12 18:41:54.644 10353 10595 I mobile-ffmpeg:  (copy)
07-12 18:41:54.644 10353 10595 I mobile-ffmpeg: 
07-12 18:41:54.644 10353 10595 I mobile-ffmpeg: Press [q] to stop, [?] for help
07-12 18:41:54.645 10353 10595 I mobile-ffmpeg: frame=    1 fps=0.0 q=-1.0 size=N/A time=00:00:00.00 bitrate=N/A speed=  21x    
07-12 18:41:54.787 10353 10595 I mobile-ffmpeg: [segment @ 0x709576d600] Opening '/storage/emulated/0/Movies/segment/20200312_150944/20200312_150944!001.mp4' for writing
07-12 18:41:54.926 10353 10595 I mobile-ffmpeg: [segment @ 0x709576d600] Opening '/storage/emulated/0/Movies/segment/20200312_150944/20200312_150944!002.mp4' for writing
07-12 18:41:55.114 10353 10595 I mobile-ffmpeg: [segment @ 0x709576d600] Opening '/storage/emulated/0/Movies/segment/20200312_150944/20200312_150944!003.mp4' for writing
07-12 18:41:55.140 10353 10595 I mobile-ffmpeg: frame= 1533 fps=0.0 q=-1.0 size=N/A time=00:00:51.11 bitrate=N/A speed= 102x    
07-12 18:41:55.216 10353 10595 I mobile-ffmpeg: frame= 1800 fps=0.0 q=-1.0 Lsize=N/A time=00:01:00.02 bitrate=N/A speed= 104x    
07-12 18:41:55.216 10353 10595 I mobile-ffmpeg: video:61532kB audio:345kB subtitle:0kB other streams:0kB global headers:0kB muxing overhead: 
07-12 18:41:55.216 10353 10595 I mobile-ffmpeg: unknown
07-12 18:41:55.216 10353 10595 I mobile-ffmpeg: 
07-12 18:41:55.220 10353 10584 V FileManager: External storage is readable
07-12 18:41:55.220 10353 10584 V FileManager: Directory already exists: /storage/emulated/0/Movies/segment/20200312_150944
07-12 18:41:55.221 10353 10584 V VideoManager: Retrieving videos from /storage/emulated/0/Movies/segment/20200312_150944
07-12 18:41:55.222 10353 10584 V VideoManager: Retrieving video from /storage/emulated/0/Movies/segment/20200312_150944/20200312_150944!000.mp4
07-12 18:41:55.228 10353 10584 V VideoManager: videoFromCursor
07-12 18:41:55.230 10353 10584 V VideoManager: Retrieving video from /storage/emulated/0/Movies/segment/20200312_150944/20200312_150944!001.mp4
07-12 18:41:55.235 10353 10584 V VideoManager: videoFromCursor
07-12 18:41:55.237 10353 10584 V VideoManager: Retrieving video from /storage/emulated/0/Movies/segment/20200312_150944/20200312_150944!002.mp4
07-12 18:41:55.243 10353 10584 V VideoManager: videoFromCursor
07-12 18:41:55.245 10353 10584 V VideoManager: Retrieving video from /storage/emulated/0/Movies/segment/20200312_150944/20200312_150944!003.mp4
07-12 18:41:55.251 10353 10584 V VideoManager: videoFromCursor
07-12 18:41:55.254 10353 10584 V NearbyFragment: nextTransfer with selected algorithm: best_or_local
07-12 18:41:55.256 10353 10584 W NearbyFragment: Sending 20200312_150944!000.mp4 to Galaxy S8 [2802]
07-12 18:41:55.267 10353 10353 V NearbyFragment: Transfer to Endpoint{id=Hqzs, name=Galaxy S8 [2802]} complete
07-12 18:41:56.259 10353 10584 V DownloadTestVideosTask: Starting DownloadTestVideosTask
07-12 18:41:56.262 10353 10584 V DashDownloadManager: Started downloading: 20200312_151044.mp4
07-12 18:41:58.198 10353 10353 V NearbyFragment: Transfer to Endpoint{id=Hqzs, name=Galaxy S8 [2802]} complete
07-12 18:41:59.073 10353 10353 D NearbyFragment: onPayloadReceived(endpointId=Hqzs, payload=com.google.android.gms.nearby.connection.Payload@59d680b)
07-12 18:41:59.074 10353 10353 D NearbyFragment: Endpoint{id=Hqzs, name=Galaxy S8 [2802]} has finished downloading 20200312_150944!000.mp4
07-12 18:41:59.076 10353 10353 V NearbyFragment: nextTransfer with selected algorithm: best_or_local
07-12 18:41:59.081 10353 10353 W NearbyFragment: Sending 20200312_150944!001.mp4 to Nexus 5 [1825]
07-12 18:41:59.096 10353 10353 V NearbyFragment: Transfer to Endpoint{id=y2y7, name=Nexus 5 [1825]} complete
07-12 18:41:59.276 10353 10353 V NearbyFragment: Transfer to Endpoint{id=Hqzs, name=Galaxy S8 [2802]} complete
07-12 18:42:05.483 10353 10353 V NearbyFragment: Transfer to Endpoint{id=y2y7, name=Nexus 5 [1825]} complete
07-12 18:42:06.509 10353 10353 D NearbyFragment: onPayloadReceived(endpointId=y2y7, payload=com.google.android.gms.nearby.connection.Payload@515cba6)
07-12 18:42:06.514 10353 10353 D NearbyFragment: Endpoint{id=y2y7, name=Nexus 5 [1825]} has finished downloading 20200312_150944!001.mp4
07-12 18:42:06.521 10353 10353 V NearbyFragment: nextTransfer with selected algorithm: best_or_local
07-12 18:42:06.530 10353 10353 W NearbyFragment: Sending 20200312_150944!002.mp4 to Shark 1S [34d8]
07-12 18:42:06.546 10353 10353 V NearbyFragment: Transfer to Endpoint{id=WkmW, name=Shark 1S [34d8]} complete
07-12 18:42:06.555 10353 10353 V NearbyFragment: Transfer to Endpoint{id=y2y7, name=Nexus 5 [1825]} complete
07-12 18:42:08.339 10353 10353 D NearbyFragment: onPayloadReceived(endpointId=Hqzs, payload=com.google.android.gms.nearby.connection.Payload@1090c3d)
07-12 18:42:08.341 10353 10353 V NearbyFragment: Started downloading 20200312_150944!000.mp4 from Endpoint{id=Hqzs, name=Galaxy S8 [2802]}
07-12 18:42:08.346 10353 10353 V NearbyFragment: nextTransfer with selected algorithm: best_or_local
07-12 18:42:08.351 10353 10353 W NearbyFragment: Sending 20200312_150944!003.mp4 to Galaxy S8 [2802]
07-12 18:42:08.356 10353 10353 V NearbyFragment: Transfer to Endpoint{id=Hqzs, name=Galaxy S8 [2802]} complete
07-12 18:42:08.374 10353 10353 V NearbyFragment: Transfer to Endpoint{id=Hqzs, name=Galaxy S8 [2802]} complete
07-12 18:42:08.385 10353 10353 D NearbyFragment: onPayloadReceived(endpointId=Hqzs, payload=com.google.android.gms.nearby.connection.Payload@12f9b00)
07-12 18:42:08.534 10353 10353 V NearbyFragment: Transfer to Endpoint{id=Hqzs, name=Galaxy S8 [2802]} complete
07-12 18:42:08.534 10353 10353 W NearbyFragment: Completed downloading 20200312_150944!000.mp4 from Endpoint{id=Hqzs, name=Galaxy S8 [2802]} in 00.192s
07-12 18:42:08.539 10353 10353 V FileManager: External storage is readable
07-12 18:42:08.540 10353 10353 V FileManager: Created new directory: /storage/emulated/0/Movies/segment-sum/20200312_150944
07-12 18:42:08.601 10353 10353 V NearbyFragment: Received a segment of 20200312_150944
07-12 18:42:10.937 10353 10353 V NearbyFragment: Transfer to Endpoint{id=WkmW, name=Shark 1S [34d8]} complete
07-12 18:42:11.524 10353 10353 D NearbyFragment: onPayloadReceived(endpointId=WkmW, payload=com.google.android.gms.nearby.connection.Payload@47f2f39)
07-12 18:42:11.526 10353 10353 D NearbyFragment: Endpoint{id=WkmW, name=Shark 1S [34d8]} has finished downloading 20200312_150944!002.mp4
07-12 18:42:11.530 10353 10353 I NearbyFragment: Transfer queue is empty
07-12 18:42:11.555 10353 10353 V NearbyFragment: Transfer to Endpoint{id=WkmW, name=Shark 1S [34d8]} complete
07-12 18:42:12.765 10353 10353 D NearbyFragment: onPayloadReceived(endpointId=y2y7, payload=com.google.android.gms.nearby.connection.Payload@9a0a97e)
07-12 18:42:12.767 10353 10353 D NearbyFragment: 20200312_150944!001.mp4 from Endpoint{id=y2y7, name=Nexus 5 [1825]} contained no activity
07-12 18:42:12.769 10353 10353 V NearbyFragment: Received a segment of 20200312_150944
07-12 18:42:12.771 10353 10353 I NearbyFragment: Transfer queue is empty
07-12 18:42:12.781 10353 10353 V NearbyFragment: Transfer to Endpoint{id=y2y7, name=Nexus 5 [1825]} complete
07-12 18:42:13.363 10353 10353 V NearbyFragment: Transfer to Endpoint{id=Hqzs, name=Galaxy S8 [2802]} complete
07-12 18:42:14.245 10353 10353 D NearbyFragment: onPayloadReceived(endpointId=Hqzs, payload=com.google.android.gms.nearby.connection.Payload@280bedf)
07-12 18:42:14.249 10353 10353 D NearbyFragment: Endpoint{id=Hqzs, name=Galaxy S8 [2802]} has finished downloading 20200312_150944!003.mp4
07-12 18:42:14.251 10353 10353 I NearbyFragment: Transfer queue is empty
07-12 18:42:14.451 10353 10353 V NearbyFragment: Transfer to Endpoint{id=Hqzs, name=Galaxy S8 [2802]} complete
07-12 18:42:14.712 10353 10353 D NearbyFragment: onPayloadReceived(endpointId=WkmW, payload=com.google.android.gms.nearby.connection.Payload@a73672c)
07-12 18:42:14.715 10353 10353 D NearbyFragment: 20200312_150944!002.mp4 from Endpoint{id=WkmW, name=Shark 1S [34d8]} contained no activity
07-12 18:42:14.716 10353 10353 V NearbyFragment: Received a segment of 20200312_150944
07-12 18:42:14.718 10353 10353 I NearbyFragment: Transfer queue is empty
07-12 18:42:14.728 10353 10353 V NearbyFragment: Transfer to Endpoint{id=WkmW, name=Shark 1S [34d8]} complete
07-12 18:42:16.154 10353 10353 D NearbyFragment: onPayloadReceived(endpointId=Hqzs, payload=com.google.android.gms.nearby.connection.Payload@49a85f5)
07-12 18:42:16.159 10353 10353 D NearbyFragment: 20200312_150944!003.mp4 from Endpoint{id=Hqzs, name=Galaxy S8 [2802]} contained no activity
07-12 18:42:16.161 10353 10353 D NearbyFragment: Received all summarised video segments of 20200312_150944
07-12 18:42:16.176 10353 10353 V FileManager: External storage is readable
07-12 18:42:16.177 10353 10353 V FileManager: Directory already exists: /storage/emulated/0/Movies/segment-sum/20200312_150944
07-12 18:42:16.179 10353 10353 D FfmpegTools: Merging /storage/emulated/0/Movies/summarised/20200312_150944.mp4
07-12 18:42:16.179 10353 10353 V FfmpegTools: Retrieving duration of /storage/emulated/0/Movies/segment-sum/20200312_150944/20200312_150944!000.mp4
07-12 18:42:16.227 10353 10595 I mobile-ffmpeg: Input #0, mov,mp4,m4a,3gp,3g2,mj2, from '/storage/emulated/0/Movies/segment-sum/20200312_150944/20200312_150944!000.mp4':
07-12 18:42:16.227 10353 10595 I mobile-ffmpeg:   Metadata:
07-12 18:42:16.227 10353 10595 I mobile-ffmpeg:     major_brand     : 
07-12 18:42:16.227 10353 10595 I mobile-ffmpeg: isom
07-12 18:42:16.227 10353 10595 I mobile-ffmpeg: 
07-12 18:42:16.227 10353 10595 I mobile-ffmpeg:     minor_version   : 
07-12 18:42:16.227 10353 10595 I mobile-ffmpeg: 512
07-12 18:42:16.227 10353 10595 I mobile-ffmpeg: 
07-12 18:42:16.227 10353 10595 I mobile-ffmpeg:     compatible_brands: 
07-12 18:42:16.227 10353 10595 I mobile-ffmpeg: isomiso2avc1mp41
07-12 18:42:16.227 10353 10595 I mobile-ffmpeg: 
07-12 18:42:16.228 10353 10595 I mobile-ffmpeg:     encoder         : 
07-12 18:42:16.228 10353 10595 I mobile-ffmpeg: Lavf58.42.100
07-12 18:42:16.228 10353 10595 I mobile-ffmpeg: 
07-12 18:42:16.228 10353 10595 I mobile-ffmpeg:   Duration: 
07-12 18:42:16.228 10353 10595 I mobile-ffmpeg: 00:00:07.07
07-12 18:42:16.228 10353 10595 I mobile-ffmpeg: , start: 
07-12 18:42:16.228 10353 10595 I mobile-ffmpeg: 0.000000
07-12 18:42:16.228 10353 10595 I mobile-ffmpeg: , bitrate: 
07-12 18:42:16.228 10353 10595 I mobile-ffmpeg: 1343 kb/s
07-12 18:42:16.228 10353 10595 I mobile-ffmpeg: 
07-12 18:42:16.228 10353 10595 I mobile-ffmpeg:     Stream #0:0
07-12 18:42:16.228 10353 10595 I mobile-ffmpeg: (und)
07-12 18:42:16.228 10353 10595 I mobile-ffmpeg: : Video: h264 (avc1 / 0x31637661), yuvj420p(pc), 1280x720, 1270 kb/s
07-12 18:42:16.228 10353 10595 I mobile-ffmpeg: , 
07-12 18:42:16.229 10353 10595 I mobile-ffmpeg: 29.97 fps, 
07-12 18:42:16.229 10353 10595 I mobile-ffmpeg: 29.97 tbr, 
07-12 18:42:16.229 10353 10595 I mobile-ffmpeg: 30k tbn, 
07-12 18:42:16.229 10353 10595 I mobile-ffmpeg: 59.94 tbc
07-12 18:42:16.229 10353 10595 I mobile-ffmpeg:  (default)
07-12 18:42:16.229 10353 10595 I mobile-ffmpeg: 
07-12 18:42:16.229 10353 10595 I mobile-ffmpeg:     Metadata:
07-12 18:42:16.229 10353 10595 I mobile-ffmpeg:       handler_name    : 
07-12 18:42:16.230 10353 10595 I mobile-ffmpeg: VideoHandler
07-12 18:42:16.230 10353 10595 I mobile-ffmpeg: 
07-12 18:42:16.230 10353 10595 I mobile-ffmpeg:     Stream #0:1
07-12 18:42:16.230 10353 10595 I mobile-ffmpeg: (und)
07-12 18:42:16.230 10353 10595 I mobile-ffmpeg: : Audio: aac (mp4a / 0x6134706D), 16000 Hz, stereo, fltp, 78 kb/s
07-12 18:42:16.230 10353 10595 I mobile-ffmpeg:  (default)
07-12 18:42:16.230 10353 10595 I mobile-ffmpeg: 
07-12 18:42:16.230 10353 10595 I mobile-ffmpeg:     Metadata:
07-12 18:42:16.230 10353 10595 I mobile-ffmpeg:       handler_name    : 
07-12 18:42:16.230 10353 10595 I mobile-ffmpeg: SoundHandler
07-12 18:42:16.230 10353 10595 I mobile-ffmpeg: 
07-12 18:42:16.250 10353 10353 W FfmpegTools: Single segment returned, duration of 20200312_150944: 7.07
07-12 18:42:16.326 10353 10353 V VideoManager: Retrieving video from /storage/emulated/0/Movies/summarised/20200312_150944.mp4
07-12 18:42:16.336 10353 10353 V VideoManager: videoFromCursor
07-12 18:42:16.339 10353 10353 V SummarisedVideosEventHandler: onAdd
07-12 18:42:16.340 10353 10353 V RawFootageEventHandler: removeByName
07-12 18:42:16.342 10353 10353 V ProcessingVideosEventHandler: removeByName
07-12 18:42:16.344 10353 10353 V NearbyFragment: Removing video segment map for 20200312_150944
07-12 18:42:16.345 10353 10353 I NearbyFragment: Transfer queue is empty
07-12 18:42:16.345 10353 10353 V NearbyFragment: Transfer to Endpoint{id=Hqzs, name=Galaxy S8 [2802]} complete
07-12 18:42:25.039 10353 10584 V VideoManager: Retrieving video from /storage/emulated/0/Movies/raw/20200312_151044.mp4
07-12 18:42:25.054 10353 10584 D VideoManager: videoCursor is null
07-12 18:42:25.081 10353 10584 V VideoManager: videoFromCursor
07-12 18:42:25.085 10353 10584 W DashDownloadManager: Successfully downloaded 20200312_151044.mp4 in 28.776s
07-12 18:42:25.086 10353 10584 V DownloadTestVideosTask: Entering callback for download completion of 20200312_151044.mp4
07-12 18:42:25.087 10353 10584 V RawFootageEventHandler: onAdd
07-12 18:42:25.091 10353 10584 V FfmpegTools: Retrieving duration of /storage/emulated/0/Movies/raw/20200312_151044.mp4
07-12 18:42:25.100 10353 10595 W mobile-ffmpeg: [mov,mp4,m4a,3gp,3g2,mj2 @ 0x70956d5a00] Found duplicated MOOV Atom. Skipped it
07-12 18:42:25.158 10353 10595 I mobile-ffmpeg: Input #0, mov,mp4,m4a,3gp,3g2,mj2, from '/storage/emulated/0/Movies/raw/20200312_151044.mp4':
07-12 18:42:25.158 10353 10595 I mobile-ffmpeg:   Metadata:
07-12 18:42:25.158 10353 10595 I mobile-ffmpeg:     creation_time   : 
07-12 18:42:25.158 10353 10595 I mobile-ffmpeg: 2020-03-12T04:11:43.000000Z
07-12 18:42:25.158 10353 10595 I mobile-ffmpeg: 
07-12 18:42:25.158 10353 10595 I mobile-ffmpeg:     major_brand     : 
07-12 18:42:25.158 10353 10595 I mobile-ffmpeg: mp42
07-12 18:42:25.158 10353 10595 I mobile-ffmpeg: 
07-12 18:42:25.159 10353 10595 I mobile-ffmpeg:     minor_version   : 
07-12 18:42:25.159 10353 10595 I mobile-ffmpeg: 1
07-12 18:42:25.159 10353 10595 I mobile-ffmpeg: 
07-12 18:42:25.159 10353 10595 I mobile-ffmpeg:     compatible_brands: 
07-12 18:42:25.159 10353 10595 I mobile-ffmpeg: mp42mp42
07-12 18:42:25.159 10353 10595 I mobile-ffmpeg: 
07-12 18:42:25.159 10353 10595 I mobile-ffmpeg:   Duration: 
07-12 18:42:25.159 10353 10595 I mobile-ffmpeg: 00:01:00.02
07-12 18:42:25.159 10353 10595 I mobile-ffmpeg: , start: 
07-12 18:42:25.159 10353 10595 I mobile-ffmpeg: 0.000000
07-12 18:42:25.159 10353 10595 I mobile-ffmpeg: , bitrate: 
07-12 18:42:25.159 10353 10595 I mobile-ffmpeg: 9328 kb/s
07-12 18:42:25.159 10353 10595 I mobile-ffmpeg: 
07-12 18:42:25.160 10353 10595 I mobile-ffmpeg:     Stream #0:0
07-12 18:42:25.160 10353 10595 I mobile-ffmpeg: (eng)
07-12 18:42:25.160 10353 10595 I mobile-ffmpeg: : Video: h264 (avc1 / 0x31637661), yuvj420p(pc, bt709), 1280x720, 8383 kb/s
07-12 18:42:25.160 10353 10595 I mobile-ffmpeg: , 
07-12 18:42:25.160 10353 10595 I mobile-ffmpeg: 29.97 fps, 
07-12 18:42:25.160 10353 10595 I mobile-ffmpeg: 29.97 tbr, 
07-12 18:42:25.160 10353 10595 I mobile-ffmpeg: 1k tbn, 
07-12 18:42:25.160 10353 10595 I mobile-ffmpeg: 2k tbc
07-12 18:42:25.161 10353 10595 I mobile-ffmpeg:  (default)
07-12 18:42:25.161 10353 10595 I mobile-ffmpeg: 
07-12 18:42:25.161 10353 10595 I mobile-ffmpeg:     Metadata:
07-12 18:42:25.161 10353 10595 I mobile-ffmpeg:       creation_time   : 
07-12 18:42:25.161 10353 10595 I mobile-ffmpeg: 2020-03-12T04:11:43.000000Z
07-12 18:42:25.161 10353 10595 I mobile-ffmpeg: 
07-12 18:42:25.161 10353 10595 I mobile-ffmpeg:       handler_name    : 
07-12 18:42:25.161 10353 10595 I mobile-ffmpeg: PittaSoft Video Media Handler
07-12 18:42:25.161 10353 10595 I mobile-ffmpeg: 
07-12 18:42:25.161 10353 10595 I mobile-ffmpeg:     Stream #0:1
07-12 18:42:25.161 10353 10595 I mobile-ffmpeg: (eng)
07-12 18:42:25.162 10353 10595 I mobile-ffmpeg: : Audio: aac (mp4a / 0x6134706D), 16000 Hz, stereo, fltp, 47 kb/s
07-12 18:42:25.162 10353 10595 I mobile-ffmpeg:  (default)
07-12 18:42:25.162 10353 10595 I mobile-ffmpeg: 
07-12 18:42:25.162 10353 10595 I mobile-ffmpeg:     Metadata:
07-12 18:42:25.162 10353 10595 I mobile-ffmpeg:       creation_time   : 
07-12 18:42:25.162 10353 10595 I mobile-ffmpeg: 2020-03-12T04:11:43.000000Z
07-12 18:42:25.162 10353 10595 I mobile-ffmpeg: 
07-12 18:42:25.162 10353 10595 I mobile-ffmpeg:       handler_name    : 
07-12 18:42:25.162 10353 10595 I mobile-ffmpeg: PittaSoft Sound Media Handler
07-12 18:42:25.162 10353 10595 I mobile-ffmpeg: 
07-12 18:42:25.180 10353 10584 V FileManager: External storage is readable
07-12 18:42:25.182 10353 10584 V FileManager: Created new directory: /storage/emulated/0/Movies/segment/20200312_151044
07-12 18:42:25.182 10353 10584 V FfmpegTools: Splitting /storage/emulated/0/Movies/raw/20200312_151044.mp4 with 16s long segments
07-12 18:42:25.183 10353 10584 I FfmpegTools: Running ffmpeg with:
07-12 18:42:25.183 10353 10584 I FfmpegTools:   -y -i /storage/emulated/0/Movies/raw/20200312_151044.mp4 -map 0 -c copy -f segment -reset_timestamps 1 -segment_time 16 /storage/emulated/0/Movies/segment/20200312_151044/20200312_151044!%03d.mp4
07-12 18:42:25.199 10353 10595 W mobile-ffmpeg: [mov,mp4,m4a,3gp,3g2,mj2 @ 0x70956d5a00] Found duplicated MOOV Atom. Skipped it
07-12 18:42:25.253 10353 10595 I mobile-ffmpeg: Input #0, mov,mp4,m4a,3gp,3g2,mj2, from '/storage/emulated/0/Movies/raw/20200312_151044.mp4':
07-12 18:42:25.253 10353 10595 I mobile-ffmpeg:   Metadata:
07-12 18:42:25.253 10353 10595 I mobile-ffmpeg:     creation_time   : 
07-12 18:42:25.253 10353 10595 I mobile-ffmpeg: 2020-03-12T04:11:43.000000Z
07-12 18:42:25.253 10353 10595 I mobile-ffmpeg: 
07-12 18:42:25.253 10353 10595 I mobile-ffmpeg:     major_brand     : 
07-12 18:42:25.253 10353 10595 I mobile-ffmpeg: mp42
07-12 18:42:25.253 10353 10595 I mobile-ffmpeg: 
07-12 18:42:25.253 10353 10595 I mobile-ffmpeg:     minor_version   : 
07-12 18:42:25.253 10353 10595 I mobile-ffmpeg: 1
07-12 18:42:25.253 10353 10595 I mobile-ffmpeg: 
07-12 18:42:25.254 10353 10595 I mobile-ffmpeg:     compatible_brands: 
07-12 18:42:25.254 10353 10595 I mobile-ffmpeg: mp42mp42
07-12 18:42:25.254 10353 10595 I mobile-ffmpeg: 
07-12 18:42:25.254 10353 10595 I mobile-ffmpeg:   Duration: 
07-12 18:42:25.254 10353 10595 I mobile-ffmpeg: 00:01:00.02
07-12 18:42:25.254 10353 10595 I mobile-ffmpeg: , start: 
07-12 18:42:25.254 10353 10595 I mobile-ffmpeg: 0.000000
07-12 18:42:25.254 10353 10595 I mobile-ffmpeg: , bitrate: 
07-12 18:42:25.254 10353 10595 I mobile-ffmpeg: 9328 kb/s
07-12 18:42:25.254 10353 10595 I mobile-ffmpeg: 
07-12 18:42:25.254 10353 10595 I mobile-ffmpeg:     Stream #0:0
07-12 18:42:25.254 10353 10595 I mobile-ffmpeg: (eng)
07-12 18:42:25.254 10353 10595 I mobile-ffmpeg: : Video: h264 (avc1 / 0x31637661), yuvj420p(pc, bt709), 1280x720, 8383 kb/s
07-12 18:42:25.254 10353 10595 I mobile-ffmpeg: , 
07-12 18:42:25.254 10353 10595 I mobile-ffmpeg: 29.97 fps, 
07-12 18:42:25.254 10353 10595 I mobile-ffmpeg: 29.97 tbr, 
07-12 18:42:25.254 10353 10595 I mobile-ffmpeg: 1k tbn, 
07-12 18:42:25.255 10353 10595 I mobile-ffmpeg: 2k tbc
07-12 18:42:25.255 10353 10595 I mobile-ffmpeg:  (default)
07-12 18:42:25.255 10353 10595 I mobile-ffmpeg: 
07-12 18:42:25.255 10353 10595 I mobile-ffmpeg:     Metadata:
07-12 18:42:25.255 10353 10595 I mobile-ffmpeg:       creation_time   : 
07-12 18:42:25.255 10353 10595 I mobile-ffmpeg: 2020-03-12T04:11:43.000000Z
07-12 18:42:25.255 10353 10595 I mobile-ffmpeg: 
07-12 18:42:25.255 10353 10595 I mobile-ffmpeg:       handler_name    : 
07-12 18:42:25.255 10353 10595 I mobile-ffmpeg: PittaSoft Video Media Handler
07-12 18:42:25.255 10353 10595 I mobile-ffmpeg: 
07-12 18:42:25.255 10353 10595 I mobile-ffmpeg:     Stream #0:1
07-12 18:42:25.255 10353 10595 I mobile-ffmpeg: (eng)
07-12 18:42:25.255 10353 10595 I mobile-ffmpeg: : Audio: aac (mp4a / 0x6134706D), 16000 Hz, stereo, fltp, 47 kb/s
07-12 18:42:25.255 10353 10595 I mobile-ffmpeg:  (default)
07-12 18:42:25.255 10353 10595 I mobile-ffmpeg: 
07-12 18:42:25.255 10353 10595 I mobile-ffmpeg:     Metadata:
07-12 18:42:25.256 10353 10595 I mobile-ffmpeg:       creation_time   : 
07-12 18:42:25.256 10353 10595 I mobile-ffmpeg: 2020-03-12T04:11:43.000000Z
07-12 18:42:25.256 10353 10595 I mobile-ffmpeg: 
07-12 18:42:25.256 10353 10595 I mobile-ffmpeg:       handler_name    : 
07-12 18:42:25.256 10353 10595 I mobile-ffmpeg: PittaSoft Sound Media Handler
07-12 18:42:25.256 10353 10595 I mobile-ffmpeg: 
07-12 18:42:25.256 10353 10595 I mobile-ffmpeg: [segment @ 0x70956f9c00] Opening '/storage/emulated/0/Movies/segment/20200312_151044/20200312_151044!000.mp4' for writing
07-12 18:42:25.256 10353 10595 I mobile-ffmpeg: Output #0, segment, to '/storage/emulated/0/Movies/segment/20200312_151044/20200312_151044!%03d.mp4':
07-12 18:42:25.256 10353 10595 I mobile-ffmpeg:   Metadata:
07-12 18:42:25.256 10353 10595 I mobile-ffmpeg:     compatible_brands: 
07-12 18:42:25.256 10353 10595 I mobile-ffmpeg: mp42mp42
07-12 18:42:25.256 10353 10595 I mobile-ffmpeg: 
07-12 18:42:25.256 10353 10595 I mobile-ffmpeg:     major_brand     : 
07-12 18:42:25.256 10353 10595 I mobile-ffmpeg: mp42
07-12 18:42:25.257 10353 10595 I mobile-ffmpeg: 
07-12 18:42:25.257 10353 10595 I mobile-ffmpeg:     minor_version   : 
07-12 18:42:25.257 10353 10595 I mobile-ffmpeg: 1
07-12 18:42:25.257 10353 10595 I mobile-ffmpeg: 
07-12 18:42:25.257 10353 10595 I mobile-ffmpeg:     encoder         : 
07-12 18:42:25.257 10353 10595 I mobile-ffmpeg: Lavf58.42.100
07-12 18:42:25.257 10353 10595 I mobile-ffmpeg: 
07-12 18:42:25.257 10353 10595 I mobile-ffmpeg:     Stream #0:0
07-12 18:42:25.257 10353 10595 I mobile-ffmpeg: (eng)
07-12 18:42:25.257 10353 10595 I mobile-ffmpeg: : Video: h264 (avc1 / 0x31637661), yuvj420p(pc, bt709), 1280x720, q=2-31, 8383 kb/s
07-12 18:42:25.257 10353 10595 I mobile-ffmpeg: , 
07-12 18:42:25.257 10353 10595 I mobile-ffmpeg: 29.97 fps, 
07-12 18:42:25.257 10353 10595 I mobile-ffmpeg: 29.97 tbr, 
07-12 18:42:25.257 10353 10595 I mobile-ffmpeg: 16k tbn, 
07-12 18:42:25.257 10353 10595 I mobile-ffmpeg: 1k tbc
07-12 18:42:25.257 10353 10595 I mobile-ffmpeg:  (default)
07-12 18:42:25.257 10353 10595 I mobile-ffmpeg: 
07-12 18:42:25.257 10353 10595 I mobile-ffmpeg:     Metadata:
07-12 18:42:25.257 10353 10595 I mobile-ffmpeg:       creation_time   : 
07-12 18:42:25.257 10353 10595 I mobile-ffmpeg: 2020-03-12T04:11:43.000000Z
07-12 18:42:25.258 10353 10595 I mobile-ffmpeg: 
07-12 18:42:25.258 10353 10595 I mobile-ffmpeg:       handler_name    : 
07-12 18:42:25.258 10353 10595 I mobile-ffmpeg: PittaSoft Video Media Handler
07-12 18:42:25.258 10353 10595 I mobile-ffmpeg: 
07-12 18:42:25.258 10353 10595 I mobile-ffmpeg:     Stream #0:1
07-12 18:42:25.258 10353 10595 I mobile-ffmpeg: (eng)
07-12 18:42:25.258 10353 10595 I mobile-ffmpeg: : Audio: aac (mp4a / 0x6134706D), 16000 Hz, stereo, fltp, 47 kb/s
07-12 18:42:25.258 10353 10595 I mobile-ffmpeg:  (default)
07-12 18:42:25.258 10353 10595 I mobile-ffmpeg: 
07-12 18:42:25.258 10353 10595 I mobile-ffmpeg:     Metadata:
07-12 18:42:25.258 10353 10595 I mobile-ffmpeg:       creation_time   : 
07-12 18:42:25.258 10353 10595 I mobile-ffmpeg: 2020-03-12T04:11:43.000000Z
07-12 18:42:25.258 10353 10595 I mobile-ffmpeg: 
07-12 18:42:25.258 10353 10595 I mobile-ffmpeg:       handler_name    : 
07-12 18:42:25.258 10353 10595 I mobile-ffmpeg: PittaSoft Sound Media Handler
07-12 18:42:25.258 10353 10595 I mobile-ffmpeg: 
07-12 18:42:25.258 10353 10595 I mobile-ffmpeg: Stream mapping:
07-12 18:42:25.258 10353 10595 I mobile-ffmpeg:   Stream #0:0 -> #0:0
07-12 18:42:25.258 10353 10595 I mobile-ffmpeg:  (copy)
07-12 18:42:25.258 10353 10595 I mobile-ffmpeg: 
07-12 18:42:25.258 10353 10595 I mobile-ffmpeg:   Stream #0:1 -> #0:1
07-12 18:42:25.258 10353 10595 I mobile-ffmpeg:  (copy)
07-12 18:42:25.259 10353 10595 I mobile-ffmpeg: 
07-12 18:42:25.259 10353 10595 I mobile-ffmpeg: Press [q] to stop, [?] for help
07-12 18:42:25.259 10353 10595 I mobile-ffmpeg: frame=    1 fps=0.0 q=-1.0 size=N/A time=00:00:00.00 bitrate=N/A speed=31.5x    
07-12 18:42:25.415 10353 10595 I mobile-ffmpeg: [segment @ 0x70956f9c00] Opening '/storage/emulated/0/Movies/segment/20200312_151044/20200312_151044!001.mp4' for writing
07-12 18:42:25.550 10353 10595 I mobile-ffmpeg: [segment @ 0x70956f9c00] Opening '/storage/emulated/0/Movies/segment/20200312_151044/20200312_151044!002.mp4' for writing
07-12 18:42:25.686 10353 10595 I mobile-ffmpeg: [segment @ 0x70956f9c00] Opening '/storage/emulated/0/Movies/segment/20200312_151044/20200312_151044!003.mp4' for writing
07-12 18:42:25.757 10353 10595 I mobile-ffmpeg: frame= 1562 fps=0.0 q=-1.0 size=N/A time=00:00:52.08 bitrate=N/A speed= 104x    
07-12 18:42:25.827 10353 10595 I mobile-ffmpeg: frame= 1800 fps=0.0 q=-1.0 Lsize=N/A time=00:01:00.03 bitrate=N/A speed= 105x    
07-12 18:42:25.827 10353 10595 I mobile-ffmpeg: video:61424kB audio:346kB subtitle:0kB other streams:0kB global headers:0kB muxing overhead: 
07-12 18:42:25.827 10353 10595 I mobile-ffmpeg: unknown
07-12 18:42:25.827 10353 10595 I mobile-ffmpeg: 
07-12 18:42:25.831 10353 10584 V FileManager: External storage is readable
07-12 18:42:25.832 10353 10584 V FileManager: Directory already exists: /storage/emulated/0/Movies/segment/20200312_151044
07-12 18:42:25.832 10353 10584 V VideoManager: Retrieving videos from /storage/emulated/0/Movies/segment/20200312_151044
07-12 18:42:25.833 10353 10584 V VideoManager: Retrieving video from /storage/emulated/0/Movies/segment/20200312_151044/20200312_151044!000.mp4
07-12 18:42:25.840 10353 10584 V VideoManager: videoFromCursor
07-12 18:42:25.842 10353 10584 V VideoManager: Retrieving video from /storage/emulated/0/Movies/segment/20200312_151044/20200312_151044!001.mp4
07-12 18:42:25.847 10353 10584 V VideoManager: videoFromCursor
07-12 18:42:25.850 10353 10584 V VideoManager: Retrieving video from /storage/emulated/0/Movies/segment/20200312_151044/20200312_151044!002.mp4
07-12 18:42:25.855 10353 10584 V VideoManager: videoFromCursor
07-12 18:42:25.858 10353 10584 V VideoManager: Retrieving video from /storage/emulated/0/Movies/segment/20200312_151044/20200312_151044!003.mp4
07-12 18:42:25.864 10353 10584 V VideoManager: videoFromCursor
07-12 18:42:25.867 10353 10584 V NearbyFragment: nextTransfer with selected algorithm: best_or_local
07-12 18:42:25.869 10353 10584 W NearbyFragment: Sending 20200312_151044!000.mp4 to Galaxy S8 [2802]
07-12 18:42:26.576 10353 10353 V NearbyFragment: Transfer to Endpoint{id=Hqzs, name=Galaxy S8 [2802]} complete
07-12 18:42:27.560 10353 10584 V DownloadTestVideosTask: Starting DownloadTestVideosTask
07-12 18:42:27.562 10353 10584 V DashDownloadManager: Started downloading: 20200312_193528.mp4
