07-12 18:38:30.627 10353 10353 I zygote64: Caused by: java.lang.ClassNotFoundException: Didn't find class "com.amazonaws.mobileconnectors.cognitoauth.handlers.AuthHandler" on path: DexPathList[[zip file "/data/app/com.example.edgesum-utqyx_E3HME0Dxvyu2v5Nw==/base.apk"],nativeLibraryDirectories=[/data/app/com.example.edgesum-utqyx_E3HME0Dxvyu2v5Nw==/lib/arm64, /data/app/com.example.edgesum-utqyx_E3HME0Dxvyu2v5Nw==/base.apk!/lib/arm64-v8a, /system/lib64, /vendor/lib64]]
07-12 18:38:30.627 10353 10353 I zygote64:   at java.lang.Class dalvik.system.BaseDexClassLoader.findClass(java.lang.String) (BaseDexClassLoader.java:125)
07-12 18:38:30.627 10353 10353 I zygote64:   at java.lang.Class java.lang.ClassLoader.loadClass(java.lang.String, boolean) (ClassLoader.java:379)
07-12 18:38:30.627 10353 10353 I zygote64:   at java.lang.Class java.lang.ClassLoader.loadClass(java.lang.String) (ClassLoader.java:312)
07-12 18:38:30.627 10353 10353 I zygote64:   at com.amazonaws.mobile.client.AWSMobileClient com.amazonaws.mobile.client.AWSMobileClient.getInstance() (AWSMobileClient.java:-1)
07-12 18:38:30.627 10353 10353 I zygote64:   at void com.example.edgesum.page.authentication.AuthenticationActivity.onCreate(android.os.Bundle) (AuthenticationActivity.java:27)
07-12 18:38:30.627 10353 10353 I zygote64:   at void android.app.Activity.performCreate(android.os.Bundle, android.os.PersistableBundle) (Activity.java:7009)
07-12 18:38:30.627 10353 10353 I zygote64:   at void android.app.Activity.performCreate(android.os.Bundle) (Activity.java:7000)
07-12 18:38:30.627 10353 10353 I zygote64:   at void android.app.Instrumentation.callActivityOnCreate(android.app.Activity, android.os.Bundle) (Instrumentation.java:1214)
07-12 18:38:30.627 10353 10353 I zygote64:   at android.app.Activity android.app.ActivityThread.performLaunchActivity(android.app.ActivityThread$ActivityClientRecord, android.content.Intent) (ActivityThread.java:2731)
07-12 18:38:30.627 10353 10353 I zygote64:   at void android.app.ActivityThread.handleLaunchActivity(android.app.ActivityThread$ActivityClientRecord, android.content.Intent, java.lang.String) (ActivityThread.java:2856)
07-12 18:38:30.627 10353 10353 I zygote64:   at void android.app.ActivityThread.-wrap11(android.app.ActivityThread, android.app.ActivityThread$ActivityClientRecord, android.content.Intent, java.lang.String) (ActivityThread.java:-1)
07-12 18:38:30.627 10353 10353 I zygote64:   at void android.app.ActivityThread$H.handleMessage(android.os.Message) (ActivityThread.java:1589)
07-12 18:38:30.627 10353 10353 I zygote64:   at void android.os.Handler.dispatchMessage(android.os.Message) (Handler.java:106)
07-12 18:38:30.627 10353 10353 I zygote64:   at void android.os.Looper.loop() (Looper.java:164)
07-12 18:38:30.627 10353 10353 I zygote64:   at void android.app.ActivityThread.main(java.lang.String[]) (ActivityThread.java:6494)
07-12 18:38:30.627 10353 10353 I zygote64:   at java.lang.Object java.lang.reflect.Method.invoke(java.lang.Object, java.lang.Object[]) (Method.java:-2)
07-12 18:38:30.627 10353 10353 I zygote64:   at void com.android.internal.os.RuntimeInit$MethodAndArgsCaller.run() (RuntimeInit.java:438)
07-12 18:38:30.627 10353 10353 I zygote64:   at void com.android.internal.os.ZygoteInit.main(java.lang.String[]) (ZygoteInit.java:807)
07-12 18:38:30.627 10353 10353 I zygote64: 
07-12 18:38:30.631 10353 10353 I zygote64: Rejecting re-init on previously-failed class java.lang.Class<com.amazonaws.mobile.client.AWSMobileClient$3>: java.lang.NoClassDefFoundError: Failed resolution of: Lcom/amazonaws/mobileconnectors/cognitoauth/handlers/AuthHandler;
07-12 18:38:30.631 10353 10353 I zygote64:   at com.amazonaws.mobile.client.AWSMobileClient com.amazonaws.mobile.client.AWSMobileClient.getInstance() (AWSMobileClient.java:-1)
07-12 18:38:30.631 10353 10353 I zygote64:   at void com.example.edgesum.page.authentication.AuthenticationActivity.onCreate(android.os.Bundle) (AuthenticationActivity.java:27)
07-12 18:38:30.631 10353 10353 I zygote64:   at void android.app.Activity.performCreate(android.os.Bundle, android.os.PersistableBundle) (Activity.java:7009)
07-12 18:38:30.631 10353 10353 I zygote64:   at void android.app.Activity.performCreate(android.os.Bundle) (Activity.java:7000)
07-12 18:38:30.631 10353 10353 I zygote64:   at void android.app.Instrumentation.callActivityOnCreate(android.app.Activity, android.os.Bundle) (Instrumentation.java:1214)
07-12 18:38:30.631 10353 10353 I zygote64:   at android.app.Activity android.app.ActivityThread.performLaunchActivity(android.app.ActivityThread$ActivityClientRecord, android.content.Intent) (ActivityThread.java:2731)
07-12 18:38:30.631 10353 10353 I zygote64:   at void android.app.ActivityThread.handleLaunchActivity(android.app.ActivityThread$ActivityClientRecord, android.content.Intent, java.lang.String) (ActivityThread.java:2856)
07-12 18:38:30.631 10353 10353 I zygote64:   at void android.app.ActivityThread.-wrap11(android.app.ActivityThread, android.app.ActivityThread$ActivityClientRecord, android.content.Intent, java.lang.String) (ActivityThread.java:-1)
07-12 18:38:30.631 10353 10353 I zygote64:   at void android.app.ActivityThread$H.handleMessage(android.os.Message) (ActivityThread.java:1589)
07-12 18:38:30.631 10353 10353 I zygote64:   at void android.os.Handler.dispatchMessage(android.os.Message) (Handler.java:106)
07-12 18:38:30.631 10353 10353 I zygote64:   at void android.os.Looper.loop() (Looper.java:164)
07-12 18:38:30.631 10353 10353 I zygote64:   at void android.app.ActivityThread.main(java.lang.String[]) (ActivityThread.java:6494)
07-12 18:38:30.631 10353 10353 I zygote64:   at java.lang.Object java.lang.reflect.Method.invoke(java.lang.Object, java.lang.Object[]) (Method.java:-2)
07-12 18:38:30.631 10353 10353 I zygote64:   at void com.android.internal.os.RuntimeInit$MethodAndArgsCaller.run() (RuntimeInit.java:438)
07-12 18:38:30.631 10353 10353 I zygote64:   at void com.android.internal.os.ZygoteInit.main(java.lang.String[]) (ZygoteInit.java:807)
07-12 18:38:30.631 10353 10353 I zygote64: Caused by: java.lang.ClassNotFoundException: Didn't find class "com.amazonaws.mobileconnectors.cognitoauth.handlers.AuthHandler" on path: DexPathList[[zip file "/data/app/com.example.edgesum-utqyx_E3HME0Dxvyu2v5Nw==/base.apk"],nativeLibraryDirectories=[/data/app/com.example.edgesum-utqyx_E3HME0Dxvyu2v5Nw==/lib/arm64, /data/app/com.example.edgesum-utqyx_E3HME0Dxvyu2v5Nw==/base.apk!/lib/arm64-v8a, /system/lib64, /vendor/lib64]]
07-12 18:38:30.631 10353 10353 I zygote64:   at java.lang.Class dalvik.system.BaseDexClassLoader.findClass(java.lang.String) (BaseDexClassLoader.java:125)
07-12 18:38:30.631 10353 10353 I zygote64:   at java.lang.Class java.lang.ClassLoader.loadClass(java.lang.String, boolean) (ClassLoader.java:379)
07-12 18:38:30.631 10353 10353 I zygote64:   at java.lang.Class java.lang.ClassLoader.loadClass(java.lang.String) (ClassLoader.java:312)
07-12 18:38:30.631 10353 10353 I zygote64:   at com.amazonaws.mobile.client.AWSMobileClient com.amazonaws.mobile.client.AWSMobileClient.getInstance() (AWSMobileClient.java:-1)
07-12 18:38:30.631 10353 10353 I zygote64:   at void com.example.edgesum.page.authentication.AuthenticationActivity.onCreate(android.os.Bundle) (AuthenticationActivity.java:27)
07-12 18:38:30.631 10353 10353 I zygote64:   at void android.app.Activity.performCreate(android.os.Bundle, android.os.PersistableBundle) (Activity.java:7009)
07-12 18:38:30.631 10353 10353 I zygote64:   at void android.app.Activity.performCreate(android.os.Bundle) (Activity.java:7000)
07-12 18:38:30.631 10353 10353 I zygote64:   at void android.app.Instrumentation.callActivityOnCreate(android.app.Activity, android.os.Bundle) (Instrumentation.java:1214)
07-12 18:38:30.631 10353 10353 I zygote64:   at android.app.Activity android.app.ActivityThread.performLaunchActivity(android.app.ActivityThread$ActivityClientRecord, android.content.Intent) (ActivityThread.java:2731)
07-12 18:38:30.631 10353 10353 I zygote64:   at void android.app.ActivityThread.handleLaunchActivity(android.app.ActivityThread$ActivityClientRecord, android.content.Intent, java.lang.String) (ActivityThread.java:2856)
07-12 18:38:30.631 10353 10353 I zygote64:   at void android.app.ActivityThread.-wrap11(android.app.ActivityThread, android.app.ActivityThread$ActivityClientRecord, android.content.Intent, java.lang.String) (ActivityThread.java:-1)
07-12 18:38:30.631 10353 10353 I zygote64:   at void android.app.ActivityThread$H.handleMessage(android.os.Message) (ActivityThread.java:1589)
07-12 18:38:30.631 10353 10353 I zygote64:   at void android.os.Handler.dispatchMessage(android.os.Message) (Handler.java:106)
07-12 18:38:30.631 10353 10353 I zygote64:   at void android.os.Looper.loop() (Looper.java:164)
07-12 18:38:30.631 10353 10353 I zygote64:   at void android.app.ActivityThread.main(java.lang.String[]) (ActivityThread.java:6494)
07-12 18:38:30.631 10353 10353 I zygote64:   at java.lang.Object java.lang.reflect.Method.invoke(java.lang.Object, java.lang.Object[]) (Method.java:-2)
07-12 18:38:30.631 10353 10353 I zygote64:   at void com.android.internal.os.RuntimeInit$MethodAndArgsCaller.run() (RuntimeInit.java:438)
07-12 18:38:30.632 10353 10353 I zygote64:   at void com.android.internal.os.ZygoteInit.main(java.lang.String[]) (ZygoteInit.java:807)
07-12 18:38:30.632 10353 10353 I zygote64: 
07-12 18:38:30.632 10353 10353 I zygote64: Rejecting re-init on previously-failed class java.lang.Class<com.amazonaws.mobile.client.AWSMobileClient$3>: java.lang.NoClassDefFoundError: Failed resolution of: Lcom/amazonaws/mobileconnectors/cognitoauth/handlers/AuthHandler;
07-12 18:38:30.632 10353 10353 I zygote64:   at com.amazonaws.mobile.client.AWSMobileClient com.amazonaws.mobile.client.AWSMobileClient.getInstance() (AWSMobileClient.java:-1)
07-12 18:38:30.632 10353 10353 I zygote64:   at void com.example.edgesum.page.authentication.AuthenticationActivity.onCreate(android.os.Bundle) (AuthenticationActivity.java:27)
07-12 18:38:30.632 10353 10353 I zygote64:   at void android.app.Activity.performCreate(android.os.Bundle, android.os.PersistableBundle) (Activity.java:7009)
07-12 18:38:30.632 10353 10353 I zygote64:   at void android.app.Activity.performCreate(android.os.Bundle) (Activity.java:7000)
07-12 18:38:30.632 10353 10353 I zygote64:   at void android.app.Instrumentation.callActivityOnCreate(android.app.Activity, android.os.Bundle) (Instrumentation.java:1214)
07-12 18:38:30.632 10353 10353 I zygote64:   at android.app.Activity android.app.ActivityThread.performLaunchActivity(android.app.ActivityThread$ActivityClientRecord, android.content.Intent) (ActivityThread.java:2731)
07-12 18:38:30.632 10353 10353 I zygote64:   at void android.app.ActivityThread.handleLaunchActivity(android.app.ActivityThread$ActivityClientRecord, android.content.Intent, java.lang.String) (ActivityThread.java:2856)
07-12 18:38:30.632 10353 10353 I zygote64:   at void android.app.ActivityThread.-wrap11(android.app.ActivityThread, android.app.ActivityThread$ActivityClientRecord, android.content.Intent, java.lang.String) (ActivityThread.java:-1)
07-12 18:38:30.632 10353 10353 I zygote64:   at void android.app.ActivityThread$H.handleMessage(android.os.Message) (ActivityThread.java:1589)
07-12 18:38:30.632 10353 10353 I zygote64:   at void android.os.Handler.dispatchMessage(android.os.Message) (Handler.java:106)
07-12 18:38:30.632 10353 10353 I zygote64:   at void android.os.Looper.loop() (Looper.java:164)
07-12 18:38:30.632 10353 10353 I zygote64:   at void android.app.ActivityThread.main(java.lang.String[]) (ActivityThread.java:6494)
07-12 18:38:30.632 10353 10353 I zygote64:   at java.lang.Object java.lang.reflect.Method.invoke(java.lang.Object, java.lang.Object[]) (Method.java:-2)
07-12 18:38:30.632 10353 10353 I zygote64:   at void com.android.internal.os.RuntimeInit$MethodAndArgsCaller.run() (RuntimeInit.java:438)
07-12 18:38:30.632 10353 10353 I zygote64:   at void com.android.internal.os.ZygoteInit.main(java.lang.String[]) (ZygoteInit.java:807)
07-12 18:38:30.632 10353 10353 I zygote64: Caused by: java.lang.ClassNotFoundException: Didn't find class "com.amazonaws.mobileconnectors.cognitoauth.handlers.AuthHandler" on path: DexPathList[[zip file "/data/app/com.example.edgesum-utqyx_E3HME0Dxvyu2v5Nw==/base.apk"],nativeLibraryDirectories=[/data/app/com.example.edgesum-utqyx_E3HME0Dxvyu2v5Nw==/lib/arm64, /data/app/com.example.edgesum-utqyx_E3HME0Dxvyu2v5Nw==/base.apk!/lib/arm64-v8a, /system/lib64, /vendor/lib64]]
07-12 18:38:30.632 10353 10353 I zygote64:   at java.lang.Class dalvik.system.BaseDexClassLoader.findClass(java.lang.String) (BaseDexClassLoader.java:125)
07-12 18:38:30.632 10353 10353 I zygote64:   at java.lang.Class java.lang.ClassLoader.loadClass(java.lang.String, boolean) (ClassLoader.java:379)
07-12 18:38:30.632 10353 10353 I zygote64:   at java.lang.Class java.lang.ClassLoader.loadClass(java.lang.String) (ClassLoader.java:312)
07-12 18:38:30.632 10353 10353 I zygote64:   at com.amazonaws.mobile.client.AWSMobileClient com.amazonaws.mobile.client.AWSMobileClient.getInstance() (AWSMobileClient.java:-1)
07-12 18:38:30.632 10353 10353 I zygote64:   at void com.example.edgesum.page.authentication.AuthenticationActivity.onCreate(android.os.Bundle) (AuthenticationActivity.java:27)
07-12 18:38:30.632 10353 10353 I zygote64:   at void android.app.Activity.performCreate(android.os.Bundle, android.os.PersistableBundle) (Activity.java:7009)
07-12 18:38:30.632 10353 10353 I zygote64:   at void android.app.Activity.performCreate(android.os.Bundle) (Activity.java:7000)
07-12 18:38:30.632 10353 10353 I zygote64:   at void android.app.Instrumentation.callActivityOnCreate(android.app.Activity, android.os.Bundle) (Instrumentation.java:1214)
07-12 18:38:30.632 10353 10353 I zygote64:   at android.app.Activity android.app.ActivityThread.performLaunchActivity(android.app.ActivityThread$ActivityClientRecord, android.content.Intent) (ActivityThread.java:2731)
07-12 18:38:30.632 10353 10353 I zygote64:   at void android.app.ActivityThread.handleLaunchActivity(android.app.ActivityThread$ActivityClientRecord, android.content.Intent, java.lang.String) (ActivityThread.java:2856)
07-12 18:38:30.632 10353 10353 I zygote64:   at void android.app.ActivityThread.-wrap11(android.app.ActivityThread, android.app.ActivityThread$ActivityClientRecord, android.content.Intent, java.lang.String) (ActivityThread.java:-1)
07-12 18:38:30.632 10353 10353 I zygote64:   at void android.app.ActivityThread$H.handleMessage(android.os.Message) (ActivityThread.java:1589)
07-12 18:38:30.632 10353 10353 I zygote64:   at void android.os.Handler.dispatchMessage(android.os.Message) (Handler.java:106)
07-12 18:38:30.632 10353 10353 I zygote64:   at void android.os.Looper.loop() (Looper.java:164)
07-12 18:38:30.632 10353 10353 I zygote64:   at void android.app.ActivityThread.main(java.lang.String[]) (ActivityThread.java:6494)
07-12 18:38:30.633 10353 10353 I zygote64:   at java.lang.Object java.lang.reflect.Method.invoke(java.lang.Object, java.lang.Object[]) (Method.java:-2)
07-12 18:38:30.633 10353 10353 I zygote64:   at void com.android.internal.os.RuntimeInit$MethodAndArgsCaller.run() (RuntimeInit.java:438)
07-12 18:38:30.633 10353 10353 I zygote64:   at void com.android.internal.os.ZygoteInit.main(java.lang.String[]) (ZygoteInit.java:807)
07-12 18:38:30.633 10353 10353 I zygote64: 
07-12 18:38:30.633 10353 10353 I zygote64: Rejecting re-init on previously-failed class java.lang.Class<com.amazonaws.mobile.client.AWSMobileClient$3>: java.lang.NoClassDefFoundError: Failed resolution of: Lcom/amazonaws/mobileconnectors/cognitoauth/handlers/AuthHandler;
07-12 18:38:30.633 10353 10353 I zygote64:   at com.amazonaws.mobile.client.AWSMobileClient com.amazonaws.mobile.client.AWSMobileClient.getInstance() (AWSMobileClient.java:-1)
07-12 18:38:30.633 10353 10353 I zygote64:   at void com.example.edgesum.page.authentication.AuthenticationActivity.onCreate(android.os.Bundle) (AuthenticationActivity.java:27)
07-12 18:38:30.633 10353 10353 I zygote64:   at void android.app.Activity.performCreate(android.os.Bundle, android.os.PersistableBundle) (Activity.java:7009)
07-12 18:38:30.633 10353 10353 I zygote64:   at void android.app.Activity.performCreate(android.os.Bundle) (Activity.java:7000)
07-12 18:38:30.633 10353 10353 I zygote64:   at void android.app.Instrumentation.callActivityOnCreate(android.app.Activity, android.os.Bundle) (Instrumentation.java:1214)
07-12 18:38:30.633 10353 10353 I zygote64:   at android.app.Activity android.app.ActivityThread.performLaunchActivity(android.app.ActivityThread$ActivityClientRecord, android.content.Intent) (ActivityThread.java:2731)
07-12 18:38:30.633 10353 10353 I zygote64:   at void android.app.ActivityThread.handleLaunchActivity(android.app.ActivityThread$ActivityClientRecord, android.content.Intent, java.lang.String) (ActivityThread.java:2856)
07-12 18:38:30.633 10353 10353 I zygote64:   at void android.app.ActivityThread.-wrap11(android.app.ActivityThread, android.app.ActivityThread$ActivityClientRecord, android.content.Intent, java.lang.String) (ActivityThread.java:-1)
07-12 18:38:30.633 10353 10353 I zygote64:   at void android.app.ActivityThread$H.handleMessage(android.os.Message) (ActivityThread.java:1589)
07-12 18:38:30.633 10353 10353 I zygote64:   at void android.os.Handler.dispatchMessage(android.os.Message) (Handler.java:106)
07-12 18:38:30.633 10353 10353 I zygote64:   at void android.os.Looper.loop() (Looper.java:164)
07-12 18:38:30.633 10353 10353 I zygote64:   at void android.app.ActivityThread.main(java.lang.String[]) (ActivityThread.java:6494)
07-12 18:38:30.633 10353 10353 I zygote64:   at java.lang.Object java.lang.reflect.Method.invoke(java.lang.Object, java.lang.Object[]) (Method.java:-2)
07-12 18:38:30.633 10353 10353 I zygote64:   at void com.android.internal.os.RuntimeInit$MethodAndArgsCaller.run() (RuntimeInit.java:438)
07-12 18:38:30.633 10353 10353 I zygote64:   at void com.android.internal.os.ZygoteInit.main(java.lang.String[]) (ZygoteInit.java:807)
07-12 18:38:30.633 10353 10353 I zygote64: Caused by: java.lang.ClassNotFoundException: Didn't find class "com.amazonaws.mobileconnectors.cognitoauth.handlers.AuthHandler" on path: DexPathList[[zip file "/data/app/com.example.edgesum-utqyx_E3HME0Dxvyu2v5Nw==/base.apk"],nativeLibraryDirectories=[/data/app/com.example.edgesum-utqyx_E3HME0Dxvyu2v5Nw==/lib/arm64, /data/app/com.example.edgesum-utqyx_E3HME0Dxvyu2v5Nw==/base.apk!/lib/arm64-v8a, /system/lib64, /vendor/lib64]]
07-12 18:38:30.633 10353 10353 I zygote64:   at java.lang.Class dalvik.system.BaseDexClassLoader.findClass(java.lang.String) (BaseDexClassLoader.java:125)
07-12 18:38:30.633 10353 10353 I zygote64:   at java.lang.Class java.lang.ClassLoader.loadClass(java.lang.String, boolean) (ClassLoader.java:379)
07-12 18:38:30.633 10353 10353 I zygote64:   at java.lang.Class java.lang.ClassLoader.loadClass(java.lang.String) (ClassLoader.java:312)
07-12 18:38:30.633 10353 10353 I zygote64:   at com.amazonaws.mobile.client.AWSMobileClient com.amazonaws.mobile.client.AWSMobileClient.getInstance() (AWSMobileClient.java:-1)
07-12 18:38:30.633 10353 10353 I zygote64:   at void com.example.edgesum.page.authentication.AuthenticationActivity.onCreate(android.os.Bundle) (AuthenticationActivity.java:27)
07-12 18:38:30.633 10353 10353 I zygote64:   at void android.app.Activity.performCreate(android.os.Bundle, android.os.PersistableBundle) (Activity.java:7009)
07-12 18:38:30.633 10353 10353 I zygote64:   at void android.app.Activity.performCreate(android.os.Bundle) (Activity.java:7000)
07-12 18:38:30.633 10353 10353 I zygote64:   at void android.app.Instrumentation.callActivityOnCreate(android.app.Activity, android.os.Bundle) (Instrumentation.java:1214)
07-12 18:38:30.633 10353 10353 I zygote64:   at android.app.Activity android.app.ActivityThread.performLaunchActivity(android.app.ActivityThread$ActivityClientRecord, android.content.Intent) (ActivityThread.java:2731)
07-12 18:38:30.633 10353 10353 I zygote64:   at void android.app.ActivityThread.handleLaunchActivity(android.app.ActivityThread$ActivityClientRecord, android.content.Intent, java.lang.String) (ActivityThread.java:2856)
07-12 18:38:30.633 10353 10353 I zygote64:   at void android.app.ActivityThread.-wrap11(android.app.ActivityThread, android.app.ActivityThread$ActivityClientRecord, android.content.Intent, java.lang.String) (ActivityThread.java:-1)
07-12 18:38:30.633 10353 10353 I zygote64:   at void android.app.ActivityThread$H.handleMessage(android.os.Message) (ActivityThread.java:1589)
07-12 18:38:30.633 10353 10353 I zygote64:   at void android.os.Handler.dispatchMessage(android.os.Message) (Handler.java:106)
07-12 18:38:30.634 10353 10353 I zygote64:   at void android.os.Looper.loop() (Looper.java:164)
07-12 18:38:30.634 10353 10353 I zygote64:   at void android.app.ActivityThread.main(java.lang.String[]) (ActivityThread.java:6494)
07-12 18:38:30.634 10353 10353 I zygote64:   at java.lang.Object java.lang.reflect.Method.invoke(java.lang.Object, java.lang.Object[]) (Method.java:-2)
07-12 18:38:30.634 10353 10353 I zygote64:   at void com.android.internal.os.RuntimeInit$MethodAndArgsCaller.run() (RuntimeInit.java:438)
07-12 18:38:30.634 10353 10353 I zygote64:   at void com.android.internal.os.ZygoteInit.main(java.lang.String[]) (ZygoteInit.java:807)
07-12 18:38:30.634 10353 10353 I zygote64: 
07-12 18:38:30.691 10353 10378 I AWSKeyValueStore: Detected Android API Level = 27
07-12 18:38:30.692 10353 10378 I AWSKeyValueStore: Creating the AWSKeyValueStore with key for sharedPreferencesForData = com.amazonaws.mobile.client
07-12 18:38:30.706 10353 10378 I AWSKeyValueStore: Detected Android API Level = 27
07-12 18:38:30.706 10353 10378 I AWSKeyValueStore: Creating the AWSKeyValueStore with key for sharedPreferencesForData = com.amazonaws.android.auth
07-12 18:38:30.710 10353 10383 D OpenGLRenderer: HWUI GL Pipeline
07-12 18:38:30.747 10353 10383 I Adreno  : QUALCOMM build                   : 8e59954, I0be83d0d26
07-12 18:38:30.747 10353 10383 I Adreno  : Build Date                       : 09/22/17
07-12 18:38:30.747 10353 10383 I Adreno  : OpenGL ES Shader Compiler Version: EV031.21.02.00
07-12 18:38:30.747 10353 10383 I Adreno  : Local Branch                     : O17A
07-12 18:38:30.747 10353 10383 I Adreno  : Remote Branch                    : 
07-12 18:38:30.747 10353 10383 I Adreno  : Remote Branch                    : 
07-12 18:38:30.747 10353 10383 I Adreno  : Reconstruct Branch               : 
07-12 18:38:30.748 10353 10383 D vndksupport: Loading /vendor/lib64/hw/gralloc.msm8992.so from current namespace instead of sphal namespace.
07-12 18:38:30.760 10353 10383 I Adreno  : PFP: 0x00000000, ME: 0x00000000
07-12 18:38:30.764 10353 10378 W LogFactory: Truncating log tag length as it exceed 23, the limit imposed by Android on certain API Levels
07-12 18:38:30.765 10353 10378 W LogFactory: Truncating log tag length as it exceed 23, the limit imposed by Android on certain API Levels
07-12 18:38:30.768 10353 10383 I zygote64: android::hardware::configstore::V1_0::ISurfaceFlingerConfigs::hasWideColorDisplay retrieved: 0
07-12 18:38:30.784 10353 10383 I OpenGLRenderer: Initialized EGL, version 1.4
07-12 18:38:30.784 10353 10383 D OpenGLRenderer: Swap behavior 2
07-12 18:38:30.798 10353 10378 I AWSKeyValueStore: Detected Android API Level = 27
07-12 18:38:30.798 10353 10378 I AWSKeyValueStore: Creating the AWSKeyValueStore with key for sharedPreferencesForData = com.amazonaws.android.auth
07-12 18:38:30.831 10353 10383 D vndksupport: Loading /vendor/lib64/hw/android.hardware.graphics.mapper@2.0-impl.so from current namespace instead of sphal namespace.
07-12 18:38:30.832 10353 10383 D vndksupport: Loading /vendor/lib64/hw/gralloc.msm8992.so from current namespace instead of sphal namespace.
07-12 18:38:30.955 10353 10378 W LogFactory: Truncating log tag length as it exceed 23, the limit imposed by Android on certain API Levels
07-12 18:38:30.977 10353 10378 I AWSKeyValueStore: Detected Android API Level = 27
07-12 18:38:30.977 10353 10378 I AWSKeyValueStore: Creating the AWSKeyValueStore with key for sharedPreferencesForData = CognitoIdentityProviderCache
07-12 18:38:31.091 10353 10378 D AWSMobileClient: Inspecting user state details
07-12 18:38:31.091 10353 10378 I AuthenticationActivity: SIGNED_IN
07-12 18:38:31.269 10353 10353 V Repo    : /storage/emulated/0/Movies/raw
07-12 18:38:31.269 10353 10353 V Repo    : /storage/emulated/0/Movies/summarised
07-12 18:38:31.280 10353 10353 V FileManager: External storage is readable
07-12 18:38:31.282 10353 10353 V FileManager: Created new directory: /storage/emulated/0/Movies/raw
07-12 18:38:31.288 10353 10353 V FileManager: External storage is readable
07-12 18:38:31.289 10353 10353 V FileManager: Created new directory: /storage/emulated/0/Movies/summarised
07-12 18:38:31.293 10353 10353 V FileManager: External storage is readable
07-12 18:38:31.294 10353 10353 V FileManager: Created new directory: /storage/emulated/0/Download/nearby
07-12 18:38:31.301 10353 10353 V FileManager: External storage is readable
07-12 18:38:31.301 10353 10353 V FileManager: Created new directory: /storage/emulated/0/Movies/segment
07-12 18:38:31.307 10353 10353 V FileManager: External storage is readable
07-12 18:38:31.309 10353 10353 V FileManager: Created new directory: /storage/emulated/0/Movies/segment-sum
07-12 18:38:31.324 10353 10353 W System.err: org.json.JSONException: No value for manufacturer
07-12 18:38:31.325 10353 10353 W System.err: 	at org.json.JSONObject.get(JSONObject.java:392)
07-12 18:38:31.325 10353 10353 W System.err: 	at org.json.JSONObject.getString(JSONObject.java:553)
07-12 18:38:31.325 10353 10353 W System.err: 	at com.jaredrummler.android.device.DeviceName$DeviceInfo.<init>(DeviceName.java:374)
07-12 18:38:31.325 10353 10353 W System.err: 	at com.jaredrummler.android.device.DeviceName$DeviceInfo.<init>(DeviceName.java:347)
07-12 18:38:31.325 10353 10353 W System.err: 	at com.jaredrummler.android.device.DeviceName.getDeviceInfo(DeviceName.java:186)
07-12 18:38:31.325 10353 10353 W System.err: 	at com.jaredrummler.android.device.DeviceName.getDeviceName(DeviceName.java:138)
07-12 18:38:31.325 10353 10353 W System.err: 	at com.jaredrummler.android.device.DeviceName.getDeviceName(DeviceName.java:111)
07-12 18:38:31.326 10353 10353 W System.err: 	at com.example.edgesum.util.nearby.NearbyFragment.setLocalName(NearbyFragment.java:118)
07-12 18:38:31.326 10353 10353 W System.err: 	at com.example.edgesum.util.nearby.NearbyFragment.onCreate(NearbyFragment.java:110)
07-12 18:38:31.326 10353 10353 W System.err: 	at com.example.edgesum.page.main.ConnectionFragment.onCreate(ConnectionFragment.java:30)
07-12 18:38:31.326 10353 10353 W System.err: 	at androidx.fragment.app.Fragment.performCreate(Fragment.java:2684)
07-12 18:38:31.326 10353 10353 W System.err: 	at androidx.fragment.app.FragmentStateManager.create(FragmentStateManager.java:280)
07-12 18:38:31.326 10353 10353 W System.err: 	at androidx.fragment.app.FragmentManager.moveToState(FragmentManager.java:1175)
07-12 18:38:31.326 10353 10353 W System.err: 	at androidx.fragment.app.FragmentTransition.addToFirstInLastOut(FragmentTransition.java:1255)
07-12 18:38:31.326 10353 10353 W System.err: 	at androidx.fragment.app.FragmentTransition.calculateFragments(FragmentTransition.java:1138)
07-12 18:38:31.326 10353 10353 W System.err: 	at androidx.fragment.app.FragmentTransition.startTransitions(FragmentTransition.java:136)
07-12 18:38:31.327 10353 10353 W System.err: 	at androidx.fragment.app.FragmentManager.executeOpsTogether(FragmentManager.java:1989)
07-12 18:38:31.327 10353 10353 W System.err: 	at androidx.fragment.app.FragmentManager.removeRedundantOperationsAndExecute(FragmentManager.java:1947)
07-12 18:38:31.327 10353 10353 W System.err: 	at androidx.fragment.app.FragmentManager.execPendingActions(FragmentManager.java:1849)
07-12 18:38:31.327 10353 10353 W System.err: 	at androidx.fragment.app.FragmentManager.dispatchStateChange(FragmentManager.java:2629)
07-12 18:38:31.327 10353 10353 W System.err: 	at androidx.fragment.app.FragmentManager.dispatchActivityCreated(FragmentManager.java:2577)
07-12 18:38:31.327 10353 10353 W System.err: 	at androidx.fragment.app.FragmentController.dispatchActivityCreated(FragmentController.java:247)
07-12 18:38:31.327 10353 10353 W System.err: 	at androidx.fragment.app.FragmentActivity.onStart(FragmentActivity.java:541)
07-12 18:38:31.327 10353 10353 W System.err: 	at androidx.appcompat.app.AppCompatActivity.onStart(AppCompatActivity.java:201)
07-12 18:38:31.327 10353 10353 W System.err: 	at com.example.edgesum.page.main.MainActivity.onStart(MainActivity.java:88)
07-12 18:38:31.327 10353 10358 I zygote64: Do partial code cache collection, code=27KB, data=29KB
07-12 18:38:31.327 10353 10353 W System.err: 	at android.app.Instrumentation.callActivityOnStart(Instrumentation.java:1334)
07-12 18:38:31.328 10353 10353 W System.err: 	at android.app.Activity.performStart(Activity.java:7029)
07-12 18:38:31.328 10353 10358 I zygote64: After code cache collection, code=27KB, data=29KB
07-12 18:38:31.328 10353 10358 I zygote64: Increasing code cache capacity to 128KB
07-12 18:38:31.328 10353 10353 W System.err: 	at android.app.ActivityThread.performLaunchActivity(ActivityThread.java:2741)
07-12 18:38:31.328 10353 10353 W System.err: 	at android.app.ActivityThread.handleLaunchActivity(ActivityThread.java:2856)
07-12 18:38:31.328 10353 10353 W System.err: 	at android.app.ActivityThread.-wrap11(Unknown Source:0)
07-12 18:38:31.328 10353 10353 W System.err: 	at android.app.ActivityThread$H.handleMessage(ActivityThread.java:1589)
07-12 18:38:31.328 10353 10353 W System.err: 	at android.os.Handler.dispatchMessage(Handler.java:106)
07-12 18:38:31.328 10353 10353 W System.err: 	at android.os.Looper.loop(Looper.java:164)
07-12 18:38:31.328 10353 10353 W System.err: 	at android.app.ActivityThread.main(ActivityThread.java:6494)
07-12 18:38:31.328 10353 10353 W System.err: 	at java.lang.reflect.Method.invoke(Native Method)
07-12 18:38:31.328 10353 10353 W System.err: 	at com.android.internal.os.RuntimeInit$MethodAndArgsCaller.run(RuntimeInit.java:438)
07-12 18:38:31.328 10353 10353 W System.err: 	at com.android.internal.os.ZygoteInit.main(ZygoteInit.java:807)
07-12 18:38:31.460 10353 10353 V VideoManager: getAllVideoFromExternalStorageFolder
07-12 18:38:31.467 10353 10353 D VideoManager: /storage/emulated/0/Movies/summarised
07-12 18:38:31.484 10353 10353 D VideoManager: 0 videos return
07-12 18:38:31.511 10353 10353 V VideoManager: getAllVideoFromExternalStorageFolder
07-12 18:38:31.517 10353 10353 D VideoManager: /storage/emulated/0/Movies/raw
07-12 18:38:31.528 10353 10353 D VideoManager: 0 videos return
07-12 18:38:31.570 10353 10353 I TransferService: Starting Transfer Service to listen for network connectivity changes.
07-12 18:38:31.570 10353 10353 I TransferService: Registering the network receiver
07-12 18:38:31.574 10353 10353 E TransferService: No notification is passed in the intent. Unable to transition to foreground.
07-12 18:38:31.617 10353 10384 D MainActivity: Scanned /storage/emulated/0/Movies/summarised
07-12 18:38:31.617 10353 10384 D MainActivity:   -> uri=content://media/external/file/1156
07-12 18:38:31.647 10353 10365 D MainActivity: Scanned /storage/emulated/0/Movies/raw
07-12 18:38:31.647 10353 10365 D MainActivity:   -> uri=content://media/external/file/1157
07-12 18:38:31.675 10353 10353 I TransferNetworkLossHand: Network connectivity changed detected.
07-12 18:38:31.677 10353 10353 I TransferNetworkLossHand: Network connected: true
07-12 18:38:31.740 10353 10358 I zygote64: Do partial code cache collection, code=53KB, data=57KB
07-12 18:38:31.741 10353 10358 I zygote64: After code cache collection, code=53KB, data=57KB
07-12 18:38:31.741 10353 10358 I zygote64: Increasing code cache capacity to 256KB
07-12 18:38:31.741 10353 10358 I zygote64: Compiler allocated 4MB to compile void android.view.View.<init>(android.content.Context, android.util.AttributeSet, int, int)
07-12 18:38:42.570 10353 10353 V MainActivity: Connect button clicked
07-12 18:38:45.394 10353 10353 V ConnectionFragment: Advertisement switch checked
07-12 18:38:48.084 10353 10353 D NearbyFragment: Started advertising
07-12 18:38:59.058 10353 10353 D NearbyFragment: Initiated connection with Hqzs: Galaxy S8 [2802]
07-12 18:38:59.184 10353 10358 I zygote64: Do full code cache collection, code=124KB, data=97KB
07-12 18:38:59.186 10353 10358 I zygote64: After code cache collection, code=110KB, data=56KB
07-12 18:38:59.376 10353 10358 I zygote64: Do partial code cache collection, code=118KB, data=73KB
07-12 18:38:59.377 10353 10358 I zygote64: After code cache collection, code=115KB, data=73KB
07-12 18:38:59.377 10353 10358 I zygote64: Increasing code cache capacity to 512KB
07-12 18:39:00.692 10353 10353 I NearbyFragment: Connected to Endpoint{id=Hqzs, name=Galaxy S8 [2802]}
07-12 18:39:07.191 10353 10353 D NearbyFragment: Initiated connection with y2y7: Nexus 5 [1825]
07-12 18:39:09.096 10353 10353 I NearbyFragment: Connected to Endpoint{id=y2y7, name=Nexus 5 [1825]}
07-12 18:39:16.716 10353 10353 D NearbyFragment: Initiated connection with WkmW: Shark 1S [34d8]
07-12 18:39:19.452 10353 10353 I NearbyFragment: Connected to Endpoint{id=WkmW, name=Shark 1S [34d8]}
07-12 18:39:19.500 10353 10358 I zygote64: Do full code cache collection, code=250KB, data=187KB
07-12 18:39:19.502 10353 10358 I zygote64: After code cache collection, code=241KB, data=138KB
07-12 18:39:21.664 10353 10353 V ConnectionFragment: Advertisement switch unchecked
07-12 18:39:21.664 10353 10353 D NearbyFragment: Stopped advertising
07-12 18:40:03.471 10353 10353 V ConnectionFragment: Auto-send switch checked
07-12 18:40:03.590 10353 10353 W NearbyFragment: Preferences:
07-12 18:40:03.590 10353 10353 W NearbyFragment:   Auto download: true
07-12 18:40:03.590 10353 10353 W NearbyFragment:   Algorithm: best_or_local
07-12 18:40:03.590 10353 10353 W NearbyFragment:   Fast scheduling: true
07-12 18:40:03.590 10353 10353 W NearbyFragment:   Segmentation: true
07-12 18:40:03.590 10353 10353 W NearbyFragment:   Auto segmentation: false
07-12 18:40:03.590 10353 10353 W NearbyFragment:   Segment number: 4
07-12 18:40:03.590 10353 10353 W NearbyFragment:   Noise tolerance: 45.00
07-12 18:40:03.590 10353 10353 W NearbyFragment:   Quality: 23
07-12 18:40:03.590 10353 10353 W NearbyFragment:   Speed: medium
07-12 18:40:03.590 10353 10353 W NearbyFragment:   Freeze duration: 1.00
07-12 18:40:03.590 10353 10353 W NearbyFragment: Download delay: 1s
07-12 18:40:03.590 10353 10353 W NearbyFragment: Started downloading from dashcam
07-12 18:40:03.592 10353 10584 V DownloadTestVideosTask: Starting DownloadTestVideosTask
07-12 18:40:03.597 10353 10584 V DashDownloadManager: Started downloading: 20200312_150643.mp4
07-12 18:40:03.611 10353 10584 D NetworkSecurityConfig: No Network Security Config specified, using platform default
07-12 18:40:03.823 10353 10358 I zygote64: Do partial code cache collection, code=248KB, data=152KB
07-12 18:40:03.824 10353 10358 I zygote64: After code cache collection, code=248KB, data=152KB
07-12 18:40:03.824 10353 10358 I zygote64: Increasing code cache capacity to 1024KB
07-12 18:40:08.810 10353 10353 V MainActivity: Navigation summarised button clicked
07-12 18:40:19.945 10353 10584 V VideoManager: Retrieving video from /storage/emulated/0/Movies/raw/20200312_150643.mp4
07-12 18:40:19.978 10353 10584 D VideoManager: videoCursor is null
07-12 18:40:20.017 10353 10584 V VideoManager: videoFromCursor
07-12 18:40:20.022 10353 10584 W DashDownloadManager: Successfully downloaded 20200312_150643.mp4 in 16.332s
07-12 18:40:20.023 10353 10584 V DownloadTestVideosTask: Entering callback for download completion of 20200312_150643.mp4
07-12 18:40:20.029 10353 10584 V RawFootageEventHandler: onAdd
07-12 18:40:20.032 10353 10584 V FfmpegTools: Retrieving duration of /storage/emulated/0/Movies/raw/20200312_150643.mp4
07-12 18:40:20.034 10353 10584 I mobile-ffmpeg: Loading mobile-ffmpeg.
07-12 18:40:20.210 10353 10584 I mobile-ffmpeg: Loaded mobile-ffmpeg-full-gpl-arm64-v8a-4.3.2-20200415.
07-12 18:40:20.215 10353 10595 D mobile-ffmpeg: Callback thread started.
07-12 18:40:20.227 10353 10595 W mobile-ffmpeg: [mov,mp4,m4a,3gp,3g2,mj2 @ 0x70956d5400] Found duplicated MOOV Atom. Skipped it
07-12 18:40:20.323 10353 10595 I mobile-ffmpeg: Input #0, mov,mp4,m4a,3gp,3g2,mj2, from '/storage/emulated/0/Movies/raw/20200312_150643.mp4':
07-12 18:40:20.323 10353 10595 I mobile-ffmpeg:   Metadata:
07-12 18:40:20.323 10353 10595 I mobile-ffmpeg:     creation_time   : 
07-12 18:40:20.323 10353 10595 I mobile-ffmpeg: 2020-03-12T04:07:43.000000Z
07-12 18:40:20.324 10353 10595 I mobile-ffmpeg: 
07-12 18:40:20.324 10353 10595 I mobile-ffmpeg:     major_brand     : 
07-12 18:40:20.324 10353 10595 I mobile-ffmpeg: mp42
07-12 18:40:20.324 10353 10595 I mobile-ffmpeg: 
07-12 18:40:20.324 10353 10595 I mobile-ffmpeg:     minor_version   : 
07-12 18:40:20.324 10353 10595 I mobile-ffmpeg: 1
07-12 18:40:20.324 10353 10595 I mobile-ffmpeg: 
07-12 18:40:20.324 10353 10595 I mobile-ffmpeg:     compatible_brands: 
07-12 18:40:20.324 10353 10595 I mobile-ffmpeg: mp42mp42
07-12 18:40:20.324 10353 10595 I mobile-ffmpeg: 
07-12 18:40:20.324 10353 10595 I mobile-ffmpeg:   Duration: 
07-12 18:40:20.324 10353 10595 I mobile-ffmpeg: 00:01:00.02
07-12 18:40:20.324 10353 10595 I mobile-ffmpeg: , start: 
07-12 18:40:20.324 10353 10595 I mobile-ffmpeg: 0.000000
07-12 18:40:20.324 10353 10595 I mobile-ffmpeg: , bitrate: 
07-12 18:40:20.325 10353 10595 I mobile-ffmpeg: 9328 kb/s
07-12 18:40:20.325 10353 10595 I mobile-ffmpeg: 
07-12 18:40:20.325 10353 10595 I mobile-ffmpeg:     Stream #0:0
07-12 18:40:20.325 10353 10595 I mobile-ffmpeg: (eng)
07-12 18:40:20.325 10353 10595 I mobile-ffmpeg: : Video: h264 (avc1 / 0x31637661), yuvj420p(pc, bt709), 1280x720, 8381 kb/s
07-12 18:40:20.325 10353 10595 I mobile-ffmpeg: , 
07-12 18:40:20.325 10353 10595 I mobile-ffmpeg: 29.97 fps, 
07-12 18:40:20.325 10353 10595 I mobile-ffmpeg: 29.97 tbr, 
07-12 18:40:20.325 10353 10595 I mobile-ffmpeg: 1k tbn, 
07-12 18:40:20.325 10353 10595 I mobile-ffmpeg: 2k tbc
07-12 18:40:20.325 10353 10595 I mobile-ffmpeg:  (default)
07-12 18:40:20.325 10353 10595 I mobile-ffmpeg: 
07-12 18:40:20.325 10353 10595 I mobile-ffmpeg:     Metadata:
07-12 18:40:20.325 10353 10595 I mobile-ffmpeg:       creation_time   : 
07-12 18:40:20.325 10353 10595 I mobile-ffmpeg: 2020-03-12T04:07:43.000000Z
07-12 18:40:20.326 10353 10595 I mobile-ffmpeg: 
07-12 18:40:20.326 10353 10595 I mobile-ffmpeg:       handler_name    : 
07-12 18:40:20.326 10353 10595 I mobile-ffmpeg: PittaSoft Video Media Handler
07-12 18:40:20.326 10353 10595 I mobile-ffmpeg: 
07-12 18:40:20.326 10353 10595 I mobile-ffmpeg:     Stream #0:1
07-12 18:40:20.326 10353 10595 I mobile-ffmpeg: (eng)
07-12 18:40:20.326 10353 10595 I mobile-ffmpeg: : Audio: aac (mp4a / 0x6134706D), 16000 Hz, stereo, fltp, 47 kb/s
07-12 18:40:20.326 10353 10595 I mobile-ffmpeg:  (default)
07-12 18:40:20.326 10353 10595 I mobile-ffmpeg: 
07-12 18:40:20.326 10353 10595 I mobile-ffmpeg:     Metadata:
07-12 18:40:20.326 10353 10595 I mobile-ffmpeg:       creation_time   : 
07-12 18:40:20.326 10353 10595 I mobile-ffmpeg: 2020-03-12T04:07:43.000000Z
07-12 18:40:20.326 10353 10595 I mobile-ffmpeg: 
07-12 18:40:20.326 10353 10595 I mobile-ffmpeg:       handler_name    : 
07-12 18:40:20.327 10353 10595 I mobile-ffmpeg: PittaSoft Sound Media Handler
07-12 18:40:20.327 10353 10595 I mobile-ffmpeg: 
07-12 18:40:20.345 10353 10584 V FileManager: External storage is readable
07-12 18:40:20.348 10353 10584 V FileManager: Created new directory: /storage/emulated/0/Movies/segment/20200312_150643
07-12 18:40:20.348 10353 10584 V FfmpegTools: Splitting /storage/emulated/0/Movies/raw/20200312_150643.mp4 with 16s long segments
07-12 18:40:20.349 10353 10584 I FfmpegTools: Running ffmpeg with:
07-12 18:40:20.349 10353 10584 I FfmpegTools:   -y -i /storage/emulated/0/Movies/raw/20200312_150643.mp4 -map 0 -c copy -f segment -reset_timestamps 1 -segment_time 16 /storage/emulated/0/Movies/segment/20200312_150643/20200312_150643!%03d.mp4
07-12 18:40:20.357 10353 10595 W mobile-ffmpeg: [mov,mp4,m4a,3gp,3g2,mj2 @ 0x70956d5400] Found duplicated MOOV Atom. Skipped it
07-12 18:40:20.404 10353 10595 I mobile-ffmpeg: Input #0, mov,mp4,m4a,3gp,3g2,mj2, from '/storage/emulated/0/Movies/raw/20200312_150643.mp4':
07-12 18:40:20.404 10353 10595 I mobile-ffmpeg:   Metadata:
07-12 18:40:20.404 10353 10595 I mobile-ffmpeg:     creation_time   : 
07-12 18:40:20.404 10353 10595 I mobile-ffmpeg: 2020-03-12T04:07:43.000000Z
07-12 18:40:20.404 10353 10595 I mobile-ffmpeg: 
07-12 18:40:20.404 10353 10595 I mobile-ffmpeg:     major_brand     : 
07-12 18:40:20.404 10353 10595 I mobile-ffmpeg: mp42
07-12 18:40:20.404 10353 10595 I mobile-ffmpeg: 
07-12 18:40:20.404 10353 10595 I mobile-ffmpeg:     minor_version   : 
07-12 18:40:20.404 10353 10595 I mobile-ffmpeg: 1
07-12 18:40:20.404 10353 10595 I mobile-ffmpeg: 
07-12 18:40:20.404 10353 10595 I mobile-ffmpeg:     compatible_brands: 
07-12 18:40:20.404 10353 10595 I mobile-ffmpeg: mp42mp42
07-12 18:40:20.405 10353 10595 I mobile-ffmpeg: 
07-12 18:40:20.405 10353 10595 I mobile-ffmpeg:   Duration: 
07-12 18:40:20.405 10353 10595 I mobile-ffmpeg: 00:01:00.02
07-12 18:40:20.405 10353 10595 I mobile-ffmpeg: , start: 
07-12 18:40:20.405 10353 10595 I mobile-ffmpeg: 0.000000
07-12 18:40:20.405 10353 10595 I mobile-ffmpeg: , bitrate: 
07-12 18:40:20.405 10353 10595 I mobile-ffmpeg: 9328 kb/s
07-12 18:40:20.405 10353 10595 I mobile-ffmpeg: 
07-12 18:40:20.405 10353 10595 I mobile-ffmpeg:     Stream #0:0
07-12 18:40:20.405 10353 10595 I mobile-ffmpeg: (eng)
07-12 18:40:20.405 10353 10595 I mobile-ffmpeg: : Video: h264 (avc1 / 0x31637661), yuvj420p(pc, bt709), 1280x720, 8381 kb/s
07-12 18:40:20.405 10353 10595 I mobile-ffmpeg: , 
07-12 18:40:20.405 10353 10595 I mobile-ffmpeg: 29.97 fps, 
07-12 18:40:20.405 10353 10595 I mobile-ffmpeg: 29.97 tbr, 
07-12 18:40:20.405 10353 10595 I mobile-ffmpeg: 1k tbn, 
07-12 18:40:20.406 10353 10595 I mobile-ffmpeg: 2k tbc
07-12 18:40:20.406 10353 10595 I mobile-ffmpeg:  (default)
07-12 18:40:20.406 10353 10595 I mobile-ffmpeg: 
07-12 18:40:20.406 10353 10595 I mobile-ffmpeg:     Metadata:
07-12 18:40:20.406 10353 10595 I mobile-ffmpeg:       creation_time   : 
07-12 18:40:20.406 10353 10595 I mobile-ffmpeg: 2020-03-12T04:07:43.000000Z
07-12 18:40:20.406 10353 10595 I mobile-ffmpeg: 
07-12 18:40:20.406 10353 10595 I mobile-ffmpeg:       handler_name    : 
07-12 18:40:20.406 10353 10595 I mobile-ffmpeg: PittaSoft Video Media Handler
07-12 18:40:20.406 10353 10595 I mobile-ffmpeg: 
07-12 18:40:20.406 10353 10595 I mobile-ffmpeg:     Stream #0:1
07-12 18:40:20.406 10353 10595 I mobile-ffmpeg: (eng)
07-12 18:40:20.406 10353 10595 I mobile-ffmpeg: : Audio: aac (mp4a / 0x6134706D), 16000 Hz, stereo, fltp, 47 kb/s
07-12 18:40:20.407 10353 10595 I mobile-ffmpeg:  (default)
07-12 18:40:20.407 10353 10595 I mobile-ffmpeg: 
07-12 18:40:20.407 10353 10595 I mobile-ffmpeg:     Metadata:
07-12 18:40:20.407 10353 10595 I mobile-ffmpeg:       creation_time   : 
07-12 18:40:20.407 10353 10595 I mobile-ffmpeg: 2020-03-12T04:07:43.000000Z
07-12 18:40:20.407 10353 10595 I mobile-ffmpeg: 
07-12 18:40:20.407 10353 10595 I mobile-ffmpeg:       handler_name    : 
07-12 18:40:20.407 10353 10595 I mobile-ffmpeg: PittaSoft Sound Media Handler
07-12 18:40:20.407 10353 10595 I mobile-ffmpeg: 
07-12 18:40:20.407 10353 10595 I mobile-ffmpeg: [segment @ 0x7095744600] Opening '/storage/emulated/0/Movies/segment/20200312_150643/20200312_150643!000.mp4' for writing
07-12 18:40:20.407 10353 10595 I mobile-ffmpeg: Output #0, segment, to '/storage/emulated/0/Movies/segment/20200312_150643/20200312_150643!%03d.mp4':
07-12 18:40:20.407 10353 10595 I mobile-ffmpeg:   Metadata:
07-12 18:40:20.407 10353 10595 I mobile-ffmpeg:     compatible_brands: 
07-12 18:40:20.408 10353 10595 I mobile-ffmpeg: mp42mp42
07-12 18:40:20.408 10353 10595 I mobile-ffmpeg: 
07-12 18:40:20.408 10353 10595 I mobile-ffmpeg:     major_brand     : 
07-12 18:40:20.408 10353 10595 I mobile-ffmpeg: mp42
07-12 18:40:20.409 10353 10595 I mobile-ffmpeg: 
07-12 18:40:20.409 10353 10595 I mobile-ffmpeg:     minor_version   : 
07-12 18:40:20.409 10353 10595 I mobile-ffmpeg: 1
07-12 18:40:20.409 10353 10595 I mobile-ffmpeg: 
07-12 18:40:20.410 10353 10595 I mobile-ffmpeg:     encoder         : 
07-12 18:40:20.410 10353 10595 I mobile-ffmpeg: Lavf58.42.100
07-12 18:40:20.410 10353 10595 I mobile-ffmpeg: 
07-12 18:40:20.410 10353 10595 I mobile-ffmpeg:     Stream #0:0
07-12 18:40:20.411 10353 10595 I mobile-ffmpeg: (eng)
07-12 18:40:20.411 10353 10595 I mobile-ffmpeg: : Video: h264 (avc1 / 0x31637661), yuvj420p(pc, bt709), 1280x720, q=2-31, 8381 kb/s
07-12 18:40:20.411 10353 10595 I mobile-ffmpeg: , 
07-12 18:40:20.412 10353 10595 I mobile-ffmpeg: 29.97 fps, 
07-12 18:40:20.412 10353 10595 I mobile-ffmpeg: 29.97 tbr, 
07-12 18:40:20.412 10353 10595 I mobile-ffmpeg: 16k tbn, 
07-12 18:40:20.412 10353 10595 I mobile-ffmpeg: 1k tbc
07-12 18:40:20.413 10353 10595 I mobile-ffmpeg:  (default)
07-12 18:40:20.413 10353 10595 I mobile-ffmpeg: 
07-12 18:40:20.413 10353 10595 I mobile-ffmpeg:     Metadata:
07-12 18:40:20.414 10353 10595 I mobile-ffmpeg:       creation_time   : 
07-12 18:40:20.414 10353 10595 I mobile-ffmpeg: 2020-03-12T04:07:43.000000Z
07-12 18:40:20.414 10353 10595 I mobile-ffmpeg: 
07-12 18:40:20.414 10353 10595 I mobile-ffmpeg:       handler_name    : 
07-12 18:40:20.415 10353 10595 I mobile-ffmpeg: PittaSoft Video Media Handler
07-12 18:40:20.415 10353 10595 I mobile-ffmpeg: 
07-12 18:40:20.415 10353 10595 I mobile-ffmpeg:     Stream #0:1
07-12 18:40:20.415 10353 10595 I mobile-ffmpeg: (eng)
07-12 18:40:20.416 10353 10595 I mobile-ffmpeg: : Audio: aac (mp4a / 0x6134706D), 16000 Hz, stereo, fltp, 47 kb/s
07-12 18:40:20.416 10353 10595 I mobile-ffmpeg:  (default)
07-12 18:40:20.416 10353 10595 I mobile-ffmpeg: 
07-12 18:40:20.417 10353 10595 I mobile-ffmpeg:     Metadata:
07-12 18:40:20.417 10353 10595 I mobile-ffmpeg:       creation_time   : 
07-12 18:40:20.417 10353 10595 I mobile-ffmpeg: 2020-03-12T04:07:43.000000Z
07-12 18:40:20.417 10353 10595 I mobile-ffmpeg: 
07-12 18:40:20.418 10353 10595 I mobile-ffmpeg:       handler_name    : 
07-12 18:40:20.418 10353 10595 I mobile-ffmpeg: PittaSoft Sound Media Handler
07-12 18:40:20.418 10353 10595 I mobile-ffmpeg: 
07-12 18:40:20.418 10353 10595 I mobile-ffmpeg: Stream mapping:
07-12 18:40:20.419 10353 10595 I mobile-ffmpeg:   Stream #0:0 -> #0:0
07-12 18:40:20.419 10353 10595 I mobile-ffmpeg:  (copy)
07-12 18:40:20.419 10353 10595 I mobile-ffmpeg: 
07-12 18:40:20.420 10353 10595 I mobile-ffmpeg:   Stream #0:1 -> #0:1
07-12 18:40:20.420 10353 10595 I mobile-ffmpeg:  (copy)
07-12 18:40:20.420 10353 10595 I mobile-ffmpeg: 
07-12 18:40:20.420 10353 10595 I mobile-ffmpeg: Press [q] to stop, [?] for help
07-12 18:40:20.493 10353 10595 I mobile-ffmpeg: [segment @ 0x7095744600] Opening '/storage/emulated/0/Movies/segment/20200312_150643/20200312_150643!001.mp4' for writing
07-12 18:40:20.579 10353 10595 I mobile-ffmpeg: [segment @ 0x7095744600] Opening '/storage/emulated/0/Movies/segment/20200312_150643/20200312_150643!002.mp4' for writing
07-12 18:40:20.667 10353 10595 I mobile-ffmpeg: [segment @ 0x7095744600] Opening '/storage/emulated/0/Movies/segment/20200312_150643/20200312_150643!003.mp4' for writing
07-12 18:40:20.727 10353 10595 I mobile-ffmpeg: frame= 1800 fps=0.0 q=-1.0 Lsize=N/A time=00:01:00.02 bitrate=N/A speed= 186x    
07-12 18:40:20.727 10353 10595 I mobile-ffmpeg: video:61407kB audio:345kB subtitle:0kB other streams:0kB global headers:0kB muxing overhead: 
07-12 18:40:20.727 10353 10595 I mobile-ffmpeg: unknown
07-12 18:40:20.727 10353 10595 I mobile-ffmpeg: 
07-12 18:40:20.732 10353 10584 V FileManager: External storage is readable
07-12 18:40:20.734 10353 10584 V FileManager: Directory already exists: /storage/emulated/0/Movies/segment/20200312_150643
07-12 18:40:20.734 10353 10584 V VideoManager: Retrieving videos from /storage/emulated/0/Movies/segment/20200312_150643
07-12 18:40:20.737 10353 10584 V VideoManager: Retrieving video from /storage/emulated/0/Movies/segment/20200312_150643/20200312_150643!000.mp4
07-12 18:40:20.741 10353 10584 V VideoManager: videoFromCursor
07-12 18:40:20.744 10353 10584 V VideoManager: Retrieving video from /storage/emulated/0/Movies/segment/20200312_150643/20200312_150643!001.mp4
07-12 18:40:20.747 10353 10584 V VideoManager: videoFromCursor
07-12 18:40:20.749 10353 10584 V VideoManager: Retrieving video from /storage/emulated/0/Movies/segment/20200312_150643/20200312_150643!002.mp4
07-12 18:40:20.754 10353 10584 V VideoManager: videoFromCursor
07-12 18:40:20.757 10353 10584 V VideoManager: Retrieving video from /storage/emulated/0/Movies/segment/20200312_150643/20200312_150643!003.mp4
07-12 18:40:20.761 10353 10584 V VideoManager: videoFromCursor
07-12 18:40:20.763 10353 10584 V NearbyFragment: nextTransfer with selected algorithm: best_or_local
07-12 18:40:20.765 10353 10584 W NearbyFragment: Sending 20200312_150643!000.mp4 to Galaxy S8 [2802]
07-12 18:40:20.778 10353 10353 V NearbyFragment: Transfer to Endpoint{id=Hqzs, name=Galaxy S8 [2802]} complete
07-12 18:40:21.768 10353 10584 V DownloadTestVideosTask: Starting DownloadTestVideosTask
07-12 18:40:21.774 10353 10584 V DashDownloadManager: Started downloading: 20200312_150744.mp4
07-12 18:40:23.833 10353 10353 V NearbyFragment: Transfer to Endpoint{id=Hqzs, name=Galaxy S8 [2802]} complete
07-12 18:40:24.868 10353 10353 D NearbyFragment: onPayloadReceived(endpointId=Hqzs, payload=com.google.android.gms.nearby.connection.Payload@c6b0098)
