--------- beginning of main
07-04 22:58:58.257 10293 10293 I zygote64: Late-enabling -Xcheck:jni
--------- beginning of system
07-04 22:58:58.380 10293 10293 I ActivityThread: handleStopService: token=android.os.BinderProxy@c3162ac not found.
07-04 22:58:58.385 10293 10293 I TransferService: Starting Transfer Service to listen for network connectivity changes.
07-04 22:58:58.387 10293 10293 W LogFactory: Truncating log tag length as it exceed 23, the limit imposed by Android on certain API Levels
07-04 22:58:58.424 10293 10293 I TransferService: Registering the network receiver
07-04 22:58:58.428 10293 10293 I TransferService: Moving the service out of the Foreground state.
07-04 22:58:58.430 10293 10293 I TransferService: De-registering the network receiver.
07-04 22:59:12.844 10293 10293 I zygote64: Rejecting re-init on previously-failed class java.lang.Class<androidx.core.view.ViewCompat$2>: java.lang.NoClassDefFoundError: Failed resolution of: Landroid/view/View$OnUnhandledKeyEventListener;
07-04 22:59:12.844 10293 10293 I zygote64:   at void androidx.core.view.ViewCompat.setOnApplyWindowInsetsListener(android.view.View, androidx.core.view.OnApplyWindowInsetsListener) (ViewCompat.java:2421)
07-04 22:59:12.844 10293 10293 I zygote64:   at android.view.ViewGroup androidx.appcompat.app.AppCompatDelegateImpl.createSubDecor() (AppCompatDelegateImpl.java:779)
07-04 22:59:12.844 10293 10293 I zygote64:   at void androidx.appcompat.app.AppCompatDelegateImpl.ensureSubDecor() (AppCompatDelegateImpl.java:659)
07-04 22:59:12.844 10293 10293 I zygote64:   at void androidx.appcompat.app.AppCompatDelegateImpl.setContentView(int) (AppCompatDelegateImpl.java:552)
07-04 22:59:12.844 10293 10293 I zygote64:   at void androidx.appcompat.app.AppCompatActivity.setContentView(int) (AppCompatActivity.java:161)
07-04 22:59:12.844 10293 10293 I zygote64:   at void com.example.edgesum.page.main.MainActivity.onCreate(android.os.Bundle) (MainActivity.java:95)
07-04 22:59:12.844 10293 10293 I zygote64:   at void android.app.Activity.performCreate(android.os.Bundle, android.os.PersistableBundle) (Activity.java:7009)
07-04 22:59:12.844 10293 10293 I zygote64:   at void android.app.Activity.performCreate(android.os.Bundle) (Activity.java:7000)
07-04 22:59:12.844 10293 10293 I zygote64:   at void android.app.Instrumentation.callActivityOnCreate(android.app.Activity, android.os.Bundle) (Instrumentation.java:1214)
07-04 22:59:12.844 10293 10293 I zygote64:   at android.app.Activity android.app.ActivityThread.performLaunchActivity(android.app.ActivityThread$ActivityClientRecord, android.content.Intent) (ActivityThread.java:2731)
07-04 22:59:12.844 10293 10293 I zygote64:   at void android.app.ActivityThread.handleLaunchActivity(android.app.ActivityThread$ActivityClientRecord, android.content.Intent, java.lang.String) (ActivityThread.java:2856)
07-04 22:59:12.844 10293 10293 I zygote64:   at void android.app.ActivityThread.-wrap11(android.app.ActivityThread, android.app.ActivityThread$ActivityClientRecord, android.content.Intent, java.lang.String) (ActivityThread.java:-1)
07-04 22:59:12.844 10293 10293 I zygote64:   at void android.app.ActivityThread$H.handleMessage(android.os.Message) (ActivityThread.java:1589)
07-04 22:59:12.844 10293 10293 I zygote64:   at void android.os.Handler.dispatchMessage(android.os.Message) (Handler.java:106)
07-04 22:59:12.844 10293 10293 I zygote64:   at void android.os.Looper.loop() (Looper.java:164)
07-04 22:59:12.844 10293 10293 I zygote64:   at void android.app.ActivityThread.main(java.lang.String[]) (ActivityThread.java:6494)
07-04 22:59:12.844 10293 10293 I zygote64:   at java.lang.Object java.lang.reflect.Method.invoke(java.lang.Object, java.lang.Object[]) (Method.java:-2)
07-04 22:59:12.844 10293 10293 I zygote64:   at void com.android.internal.os.RuntimeInit$MethodAndArgsCaller.run() (RuntimeInit.java:438)
07-04 22:59:12.844 10293 10293 I zygote64:   at void com.android.internal.os.ZygoteInit.main(java.lang.String[]) (ZygoteInit.java:807)
07-04 22:59:12.844 10293 10293 I zygote64: Caused by: java.lang.ClassNotFoundException: Didn't find class "android.view.View$OnUnhandledKeyEventListener" on path: DexPathList[[zip file "/data/app/com.example.edgesum-nqHbQDZi6bCWpRO6wKVXog==/base.apk"],nativeLibraryDirectories=[/data/app/com.example.edgesum-nqHbQDZi6bCWpRO6wKVXog==/lib/arm64, /data/app/com.example.edgesum-nqHbQDZi6bCWpRO6wKVXog==/base.apk!/lib/arm64-v8a, /system/lib64, /vendor/lib64]]
07-04 22:59:12.844 10293 10293 I zygote64:   at java.lang.Class dalvik.system.BaseDexClassLoader.findClass(java.lang.String) (BaseDexClassLoader.java:125)
07-04 22:59:12.844 10293 10293 I zygote64:   at java.lang.Class java.lang.ClassLoader.loadClass(java.lang.String, boolean) (ClassLoader.java:379)
07-04 22:59:12.844 10293 10293 I zygote64:   at java.lang.Class java.lang.ClassLoader.loadClass(java.lang.String) (ClassLoader.java:312)
07-04 22:59:12.844 10293 10293 I zygote64:   at void androidx.core.view.ViewCompat.setOnApplyWindowInsetsListener(android.view.View, androidx.core.view.OnApplyWindowInsetsListener) (ViewCompat.java:2421)
07-04 22:59:12.844 10293 10293 I zygote64:   at android.view.ViewGroup androidx.appcompat.app.AppCompatDelegateImpl.createSubDecor() (AppCompatDelegateImpl.java:779)
07-04 22:59:12.844 10293 10293 I zygote64:   at void androidx.appcompat.app.AppCompatDelegateImpl.ensureSubDecor() (AppCompatDelegateImpl.java:659)
07-04 22:59:12.844 10293 10293 I zygote64:   at void androidx.appcompat.app.AppCompatDelegateImpl.setContentView(int) (AppCompatDelegateImpl.java:552)
07-04 22:59:12.844 10293 10293 I zygote64:   at void androidx.appcompat.app.AppCompatActivity.setContentView(int) (AppCompatActivity.java:161)
07-04 22:59:12.844 10293 10293 I zygote64:   at void com.example.edgesum.page.main.MainActivity.onCreate(android.os.Bundle) (MainActivity.java:95)
07-04 22:59:12.844 10293 10293 I zygote64:   at void android.app.Activity.performCreate(android.os.Bundle, android.os.PersistableBundle) (Activity.java:7009)
07-04 22:59:12.844 10293 10293 I zygote64:   at void android.app.Activity.performCreate(android.os.Bundle) (Activity.java:7000)
07-04 22:59:12.844 10293 10293 I zygote64:   at void android.app.Instrumentation.callActivityOnCreate(android.app.Activity, android.os.Bundle) (Instrumentation.java:1214)
07-04 22:59:12.844 10293 10293 I zygote64:   at android.app.Activity android.app.ActivityThread.performLaunchActivity(android.app.ActivityThread$ActivityClientRecord, android.content.Intent) (ActivityThread.java:2731)
07-04 22:59:12.844 10293 10293 I zygote64:   at void android.app.ActivityThread.handleLaunchActivity(android.app.ActivityThread$ActivityClientRecord, android.content.Intent, java.lang.String) (ActivityThread.java:2856)
07-04 22:59:12.844 10293 10293 I zygote64:   at void android.app.ActivityThread.-wrap11(android.app.ActivityThread, android.app.ActivityThread$ActivityClientRecord, android.content.Intent, java.lang.String) (ActivityThread.java:-1)
07-04 22:59:12.844 10293 10293 I zygote64:   at void android.app.ActivityThread$H.handleMessage(android.os.Message) (ActivityThread.java:1589)
07-04 22:59:12.844 10293 10293 I zygote64:   at void android.os.Handler.dispatchMessage(android.os.Message) (Handler.java:106)
07-04 22:59:12.844 10293 10293 I zygote64:   at void android.os.Looper.loop() (Looper.java:164)
07-04 22:59:12.844 10293 10293 I zygote64:   at void android.app.ActivityThread.main(java.lang.String[]) (ActivityThread.java:6494)
07-04 22:59:12.844 10293 10293 I zygote64:   at java.lang.Object java.lang.reflect.Method.invoke(java.lang.Object, java.lang.Object[]) (Method.java:-2)
07-04 22:59:12.845 10293 10293 I zygote64:   at void com.android.internal.os.RuntimeInit$MethodAndArgsCaller.run() (RuntimeInit.java:438)
07-04 22:59:12.845 10293 10293 I zygote64:   at void com.android.internal.os.ZygoteInit.main(java.lang.String[]) (ZygoteInit.java:807)
07-04 22:59:12.845 10293 10293 I zygote64: 
07-04 22:59:12.845 10293 10293 I zygote64: Rejecting re-init on previously-failed class java.lang.Class<androidx.core.view.ViewCompat$2>: java.lang.NoClassDefFoundError: Failed resolution of: Landroid/view/View$OnUnhandledKeyEventListener;
07-04 22:59:12.845 10293 10293 I zygote64:   at void androidx.core.view.ViewCompat.setOnApplyWindowInsetsListener(android.view.View, androidx.core.view.OnApplyWindowInsetsListener) (ViewCompat.java:2421)
07-04 22:59:12.845 10293 10293 I zygote64:   at android.view.ViewGroup androidx.appcompat.app.AppCompatDelegateImpl.createSubDecor() (AppCompatDelegateImpl.java:779)
07-04 22:59:12.845 10293 10293 I zygote64:   at void androidx.appcompat.app.AppCompatDelegateImpl.ensureSubDecor() (AppCompatDelegateImpl.java:659)
07-04 22:59:12.845 10293 10293 I zygote64:   at void androidx.appcompat.app.AppCompatDelegateImpl.setContentView(int) (AppCompatDelegateImpl.java:552)
07-04 22:59:12.845 10293 10293 I zygote64:   at void androidx.appcompat.app.AppCompatActivity.setContentView(int) (AppCompatActivity.java:161)
07-04 22:59:12.845 10293 10293 I zygote64:   at void com.example.edgesum.page.main.MainActivity.onCreate(android.os.Bundle) (MainActivity.java:95)
07-04 22:59:12.845 10293 10293 I zygote64:   at void android.app.Activity.performCreate(android.os.Bundle, android.os.PersistableBundle) (Activity.java:7009)
07-04 22:59:12.845 10293 10293 I zygote64:   at void android.app.Activity.performCreate(android.os.Bundle) (Activity.java:7000)
07-04 22:59:12.845 10293 10293 I zygote64:   at void android.app.Instrumentation.callActivityOnCreate(android.app.Activity, android.os.Bundle) (Instrumentation.java:1214)
07-04 22:59:12.845 10293 10293 I zygote64:   at android.app.Activity android.app.ActivityThread.performLaunchActivity(android.app.ActivityThread$ActivityClientRecord, android.content.Intent) (ActivityThread.java:2731)
07-04 22:59:12.845 10293 10293 I zygote64:   at void android.app.ActivityThread.handleLaunchActivity(android.app.ActivityThread$ActivityClientRecord, android.content.Intent, java.lang.String) (ActivityThread.java:2856)
07-04 22:59:12.845 10293 10293 I zygote64:   at void android.app.ActivityThread.-wrap11(android.app.ActivityThread, android.app.ActivityThread$ActivityClientRecord, android.content.Intent, java.lang.String) (ActivityThread.java:-1)
07-04 22:59:12.845 10293 10293 I zygote64:   at void android.app.ActivityThread$H.handleMessage(android.os.Message) (ActivityThread.java:1589)
07-04 22:59:12.845 10293 10293 I zygote64:   at void android.os.Handler.dispatchMessage(android.os.Message) (Handler.java:106)
07-04 22:59:12.845 10293 10293 I zygote64:   at void android.os.Looper.loop() (Looper.java:164)
07-04 22:59:12.845 10293 10293 I zygote64:   at void android.app.ActivityThread.main(java.lang.String[]) (ActivityThread.java:6494)
07-04 22:59:12.845 10293 10293 I zygote64:   at java.lang.Object java.lang.reflect.Method.invoke(java.lang.Object, java.lang.Object[]) (Method.java:-2)
07-04 22:59:12.845 10293 10293 I zygote64:   at void com.android.internal.os.RuntimeInit$MethodAndArgsCaller.run() (RuntimeInit.java:438)
07-04 22:59:12.845 10293 10293 I zygote64:   at void com.android.internal.os.ZygoteInit.main(java.lang.String[]) (ZygoteInit.java:807)
07-04 22:59:12.845 10293 10293 I zygote64: Caused by: java.lang.ClassNotFoundException: Didn't find class "android.view.View$OnUnhandledKeyEventListener" on path: DexPathList[[zip file "/data/app/com.example.edgesum-nqHbQDZi6bCWpRO6wKVXog==/base.apk"],nativeLibraryDirectories=[/data/app/com.example.edgesum-nqHbQDZi6bCWpRO6wKVXog==/lib/arm64, /data/app/com.example.edgesum-nqHbQDZi6bCWpRO6wKVXog==/base.apk!/lib/arm64-v8a, /system/lib64, /vendor/lib64]]
07-04 22:59:12.845 10293 10293 I zygote64:   at java.lang.Class dalvik.system.BaseDexClassLoader.findClass(java.lang.String) (BaseDexClassLoader.java:125)
07-04 22:59:12.845 10293 10293 I zygote64:   at java.lang.Class java.lang.ClassLoader.loadClass(java.lang.String, boolean) (ClassLoader.java:379)
07-04 22:59:12.845 10293 10293 I zygote64:   at java.lang.Class java.lang.ClassLoader.loadClass(java.lang.String) (ClassLoader.java:312)
07-04 22:59:12.845 10293 10293 I zygote64:   at void androidx.core.view.ViewCompat.setOnApplyWindowInsetsListener(android.view.View, androidx.core.view.OnApplyWindowInsetsListener) (ViewCompat.java:2421)
07-04 22:59:12.845 10293 10293 I zygote64:   at android.view.ViewGroup androidx.appcompat.app.AppCompatDelegateImpl.createSubDecor() (AppCompatDelegateImpl.java:779)
07-04 22:59:12.845 10293 10293 I zygote64:   at void androidx.appcompat.app.AppCompatDelegateImpl.ensureSubDecor() (AppCompatDelegateImpl.java:659)
07-04 22:59:12.845 10293 10293 I zygote64:   at void androidx.appcompat.app.AppCompatDelegateImpl.setContentView(int) (AppCompatDelegateImpl.java:552)
07-04 22:59:12.845 10293 10293 I zygote64:   at void androidx.appcompat.app.AppCompatActivity.setContentView(int) (AppCompatActivity.java:161)
07-04 22:59:12.845 10293 10293 I zygote64:   at void com.example.edgesum.page.main.MainActivity.onCreate(android.os.Bundle) (MainActivity.java:95)
07-04 22:59:12.846 10293 10293 I zygote64:   at void android.app.Activity.performCreate(android.os.Bundle, android.os.PersistableBundle) (Activity.java:7009)
07-04 22:59:12.846 10293 10293 I zygote64:   at void android.app.Activity.performCreate(android.os.Bundle) (Activity.java:7000)
07-04 22:59:12.846 10293 10293 I zygote64:   at void android.app.Instrumentation.callActivityOnCreate(android.app.Activity, android.os.Bundle) (Instrumentation.java:1214)
07-04 22:59:12.846 10293 10293 I zygote64:   at android.app.Activity android.app.ActivityThread.performLaunchActivity(android.app.ActivityThread$ActivityClientRecord, android.content.Intent) (ActivityThread.java:2731)
07-04 22:59:12.846 10293 10293 I zygote64:   at void android.app.ActivityThread.handleLaunchActivity(android.app.ActivityThread$ActivityClientRecord, android.content.Intent, java.lang.String) (ActivityThread.java:2856)
07-04 22:59:12.846 10293 10293 I zygote64:   at void android.app.ActivityThread.-wrap11(android.app.ActivityThread, android.app.ActivityThread$ActivityClientRecord, android.content.Intent, java.lang.String) (ActivityThread.java:-1)
07-04 22:59:12.846 10293 10293 I zygote64:   at void android.app.ActivityThread$H.handleMessage(android.os.Message) (ActivityThread.java:1589)
07-04 22:59:12.846 10293 10293 I zygote64:   at void android.os.Handler.dispatchMessage(android.os.Message) (Handler.java:106)
07-04 22:59:12.846 10293 10293 I zygote64:   at void android.os.Looper.loop() (Looper.java:164)
07-04 22:59:12.846 10293 10293 I zygote64:   at void android.app.ActivityThread.main(java.lang.String[]) (ActivityThread.java:6494)
07-04 22:59:12.846 10293 10293 I zygote64:   at java.lang.Object java.lang.reflect.Method.invoke(java.lang.Object, java.lang.Object[]) (Method.java:-2)
07-04 22:59:12.846 10293 10293 I zygote64:   at void com.android.internal.os.RuntimeInit$MethodAndArgsCaller.run() (RuntimeInit.java:438)
07-04 22:59:12.846 10293 10293 I zygote64:   at void com.android.internal.os.ZygoteInit.main(java.lang.String[]) (ZygoteInit.java:807)
07-04 22:59:12.846 10293 10293 I zygote64: 
07-04 22:59:12.846 10293 10293 I zygote64: Rejecting re-init on previously-failed class java.lang.Class<androidx.core.view.ViewCompat$2>: java.lang.NoClassDefFoundError: Failed resolution of: Landroid/view/View$OnUnhandledKeyEventListener;
07-04 22:59:12.846 10293 10293 I zygote64:   at void androidx.core.view.ViewCompat.setOnApplyWindowInsetsListener(android.view.View, androidx.core.view.OnApplyWindowInsetsListener) (ViewCompat.java:2421)
07-04 22:59:12.846 10293 10293 I zygote64:   at android.view.ViewGroup androidx.appcompat.app.AppCompatDelegateImpl.createSubDecor() (AppCompatDelegateImpl.java:779)
07-04 22:59:12.846 10293 10293 I zygote64:   at void androidx.appcompat.app.AppCompatDelegateImpl.ensureSubDecor() (AppCompatDelegateImpl.java:659)
07-04 22:59:12.846 10293 10293 I zygote64:   at void androidx.appcompat.app.AppCompatDelegateImpl.setContentView(int) (AppCompatDelegateImpl.java:552)
07-04 22:59:12.846 10293 10293 I zygote64:   at void androidx.appcompat.app.AppCompatActivity.setContentView(int) (AppCompatActivity.java:161)
07-04 22:59:12.846 10293 10293 I zygote64:   at void com.example.edgesum.page.main.MainActivity.onCreate(android.os.Bundle) (MainActivity.java:95)
07-04 22:59:12.846 10293 10293 I zygote64:   at void android.app.Activity.performCreate(android.os.Bundle, android.os.PersistableBundle) (Activity.java:7009)
07-04 22:59:12.846 10293 10293 I zygote64:   at void android.app.Activity.performCreate(android.os.Bundle) (Activity.java:7000)
07-04 22:59:12.846 10293 10293 I zygote64:   at void android.app.Instrumentation.callActivityOnCreate(android.app.Activity, android.os.Bundle) (Instrumentation.java:1214)
07-04 22:59:12.846 10293 10293 I zygote64:   at android.app.Activity android.app.ActivityThread.performLaunchActivity(android.app.ActivityThread$ActivityClientRecord, android.content.Intent) (ActivityThread.java:2731)
07-04 22:59:12.846 10293 10293 I zygote64:   at void android.app.ActivityThread.handleLaunchActivity(android.app.ActivityThread$ActivityClientRecord, android.content.Intent, java.lang.String) (ActivityThread.java:2856)
07-04 22:59:12.846 10293 10293 I zygote64:   at void android.app.ActivityThread.-wrap11(android.app.ActivityThread, android.app.ActivityThread$ActivityClientRecord, android.content.Intent, java.lang.String) (ActivityThread.java:-1)
07-04 22:59:12.846 10293 10293 I zygote64:   at void android.app.ActivityThread$H.handleMessage(android.os.Message) (ActivityThread.java:1589)
07-04 22:59:12.846 10293 10293 I zygote64:   at void android.os.Handler.dispatchMessage(android.os.Message) (Handler.java:106)
07-04 22:59:12.846 10293 10293 I zygote64:   at void android.os.Looper.loop() (Looper.java:164)
07-04 22:59:12.846 10293 10293 I zygote64:   at void android.app.ActivityThread.main(java.lang.String[]) (ActivityThread.java:6494)
07-04 22:59:12.846 10293 10293 I zygote64:   at java.lang.Object java.lang.reflect.Method.invoke(java.lang.Object, java.lang.Object[]) (Method.java:-2)
07-04 22:59:12.846 10293 10293 I zygote64:   at void com.android.internal.os.RuntimeInit$MethodAndArgsCaller.run() (RuntimeInit.java:438)
07-04 22:59:12.846 10293 10293 I zygote64:   at void com.android.internal.os.ZygoteInit.main(java.lang.String[]) (ZygoteInit.java:807)
07-04 22:59:12.846 10293 10293 I zygote64: Caused by: java.lang.ClassNotFoundException: Didn't find class "android.view.View$OnUnhandledKeyEventListener" on path: DexPathList[[zip file "/data/app/com.example.edgesum-nqHbQDZi6bCWpRO6wKVXog==/base.apk"],nativeLibraryDirectories=[/data/app/com.example.edgesum-nqHbQDZi6bCWpRO6wKVXog==/lib/arm64, /data/app/com.example.edgesum-nqHbQDZi6bCWpRO6wKVXog==/base.apk!/lib/arm64-v8a, /system/lib64, /vendor/lib64]]
07-04 22:59:12.846 10293 10293 I zygote64:   at java.lang.Class dalvik.system.BaseDexClassLoader.findClass(java.lang.String) (BaseDexClassLoader.java:125)
07-04 22:59:12.846 10293 10293 I zygote64:   at java.lang.Class java.lang.ClassLoader.loadClass(java.lang.String, boolean) (ClassLoader.java:379)
07-04 22:59:12.846 10293 10293 I zygote64:   at java.lang.Class java.lang.ClassLoader.loadClass(java.lang.String) (ClassLoader.java:312)
07-04 22:59:12.846 10293 10293 I zygote64:   at void androidx.core.view.ViewCompat.setOnApplyWindowInsetsListener(android.view.View, androidx.core.view.OnApplyWindowInsetsListener) (ViewCompat.java:2421)
07-04 22:59:12.846 10293 10293 I zygote64:   at android.view.ViewGroup androidx.appcompat.app.AppCompatDelegateImpl.createSubDecor() (AppCompatDelegateImpl.java:779)
07-04 22:59:12.846 10293 10293 I zygote64:   at void androidx.appcompat.app.AppCompatDelegateImpl.ensureSubDecor() (AppCompatDelegateImpl.java:659)
07-04 22:59:12.847 10293 10293 I zygote64:   at void androidx.appcompat.app.AppCompatDelegateImpl.setContentView(int) (AppCompatDelegateImpl.java:552)
07-04 22:59:12.847 10293 10293 I zygote64:   at void androidx.appcompat.app.AppCompatActivity.setContentView(int) (AppCompatActivity.java:161)
07-04 22:59:12.847 10293 10293 I zygote64:   at void com.example.edgesum.page.main.MainActivity.onCreate(android.os.Bundle) (MainActivity.java:95)
07-04 22:59:12.847 10293 10293 I zygote64:   at void android.app.Activity.performCreate(android.os.Bundle, android.os.PersistableBundle) (Activity.java:7009)
07-04 22:59:12.847 10293 10293 I zygote64:   at void android.app.Activity.performCreate(android.os.Bundle) (Activity.java:7000)
07-04 22:59:12.847 10293 10293 I zygote64:   at void android.app.Instrumentation.callActivityOnCreate(android.app.Activity, android.os.Bundle) (Instrumentation.java:1214)
07-04 22:59:12.847 10293 10293 I zygote64:   at android.app.Activity android.app.ActivityThread.performLaunchActivity(android.app.ActivityThread$ActivityClientRecord, android.content.Intent) (ActivityThread.java:2731)
07-04 22:59:12.847 10293 10293 I zygote64:   at void android.app.ActivityThread.handleLaunchActivity(android.app.ActivityThread$ActivityClientRecord, android.content.Intent, java.lang.String) (ActivityThread.java:2856)
07-04 22:59:12.847 10293 10293 I zygote64:   at void android.app.ActivityThread.-wrap11(android.app.ActivityThread, android.app.ActivityThread$ActivityClientRecord, android.content.Intent, java.lang.String) (ActivityThread.java:-1)
07-04 22:59:12.847 10293 10293 I zygote64:   at void android.app.ActivityThread$H.handleMessage(android.os.Message) (ActivityThread.java:1589)
07-04 22:59:12.847 10293 10293 I zygote64:   at void android.os.Handler.dispatchMessage(android.os.Message) (Handler.java:106)
07-04 22:59:12.847 10293 10293 I zygote64:   at void android.os.Looper.loop() (Looper.java:164)
07-04 22:59:12.847 10293 10293 I zygote64:   at void android.app.ActivityThread.main(java.lang.String[]) (ActivityThread.java:6494)
07-04 22:59:12.847 10293 10293 I zygote64:   at java.lang.Object java.lang.reflect.Method.invoke(java.lang.Object, java.lang.Object[]) (Method.java:-2)
07-04 22:59:12.847 10293 10293 I zygote64:   at void com.android.internal.os.RuntimeInit$MethodAndArgsCaller.run() (RuntimeInit.java:438)
07-04 22:59:12.847 10293 10293 I zygote64:   at void com.android.internal.os.ZygoteInit.main(java.lang.String[]) (ZygoteInit.java:807)
07-04 22:59:12.847 10293 10293 I zygote64: 
07-04 22:59:13.025 10293 10293 V Repo    : /storage/emulated/0/Movies/raw
07-04 22:59:13.026 10293 10293 V Repo    : /storage/emulated/0/Movies/summarised
07-04 22:59:13.040 10293 10293 V FileManager: External storage is readable
07-04 22:59:13.041 10293 10293 V FileManager: Created new directory: /storage/emulated/0/Movies/raw
07-04 22:59:13.049 10293 10293 V FileManager: External storage is readable
07-04 22:59:13.050 10293 10293 V FileManager: Created new directory: /storage/emulated/0/Movies/summarised
07-04 22:59:13.057 10293 10293 V FileManager: External storage is readable
07-04 22:59:13.058 10293 10293 V FileManager: Created new directory: /storage/emulated/0/Download/nearby
07-04 22:59:13.065 10293 10293 V FileManager: External storage is readable
07-04 22:59:13.067 10293 10293 V FileManager: Created new directory: /storage/emulated/0/Movies/segment
07-04 22:59:13.073 10293 10293 V FileManager: External storage is readable
07-04 22:59:13.074 10293 10293 V FileManager: Created new directory: /storage/emulated/0/Movies/segment-sum
07-04 22:59:13.211 10293 10293 V VideoManager: getAllVideoFromExternalStorageFolder
07-04 22:59:13.219 10293 10293 D VideoManager: /storage/emulated/0/Movies/summarised
07-04 22:59:13.235 10293 10293 D VideoManager: 0 videos return
07-04 22:59:13.263 10293 10293 V VideoManager: getAllVideoFromExternalStorageFolder
07-04 22:59:13.271 10293 10293 D VideoManager: /storage/emulated/0/Movies/raw
07-04 22:59:13.278 10293 10293 D VideoManager: 0 videos return
07-04 22:59:13.319 10293 10335 D OpenGLRenderer: HWUI GL Pipeline
07-04 22:59:13.329 10293 10293 I TransferService: Starting Transfer Service to listen for network connectivity changes.
07-04 22:59:13.329 10293 10293 I TransferService: Registering the network receiver
07-04 22:59:13.336 10293 10293 E TransferService: No notification is passed in the intent. Unable to transition to foreground.
07-04 22:59:13.369 10293 10332 D MainActivity: Scanned /storage/emulated/0/Movies/summarised
07-04 22:59:13.369 10293 10332 D MainActivity:   -> uri=content://media/external/file/7686
07-04 22:59:13.393 10293 10306 D MainActivity: Scanned /storage/emulated/0/Movies/raw
07-04 22:59:13.393 10293 10306 D MainActivity:   -> uri=content://media/external/file/7685
07-04 22:59:13.443 10293 10335 I Adreno  : QUALCOMM build                   : 8e59954, I0be83d0d26
07-04 22:59:13.443 10293 10335 I Adreno  : Build Date                       : 09/22/17
07-04 22:59:13.443 10293 10335 I Adreno  : OpenGL ES Shader Compiler Version: EV031.21.02.00
07-04 22:59:13.443 10293 10335 I Adreno  : Local Branch                     : O17A
07-04 22:59:13.443 10293 10335 I Adreno  : Remote Branch                    : 
07-04 22:59:13.443 10293 10335 I Adreno  : Remote Branch                    : 
07-04 22:59:13.443 10293 10335 I Adreno  : Reconstruct Branch               : 
07-04 22:59:13.444 10293 10335 D vndksupport: Loading /vendor/lib64/hw/gralloc.msm8992.so from current namespace instead of sphal namespace.
07-04 22:59:13.456 10293 10335 I Adreno  : PFP: 0x00000000, ME: 0x00000000
07-04 22:59:13.462 10293 10335 I zygote64: android::hardware::configstore::V1_0::ISurfaceFlingerConfigs::hasWideColorDisplay retrieved: 0
07-04 22:59:13.465 10293 10298 I zygote64: Do partial code cache collection, code=23KB, data=29KB
07-04 22:59:13.465 10293 10335 I OpenGLRenderer: Initialized EGL, version 1.4
07-04 22:59:13.465 10293 10335 D OpenGLRenderer: Swap behavior 2
07-04 22:59:13.466 10293 10298 I zygote64: After code cache collection, code=23KB, data=29KB
07-04 22:59:13.466 10293 10298 I zygote64: Increasing code cache capacity to 128KB
07-04 22:59:13.469 10293 10293 I TransferNetworkLossHand: Network connectivity changed detected.
07-04 22:59:13.470 10293 10293 I TransferNetworkLossHand: Network connected: true
07-04 22:59:13.554 10293 10335 D vndksupport: Loading /vendor/lib64/hw/android.hardware.graphics.mapper@2.0-impl.so from current namespace instead of sphal namespace.
07-04 22:59:13.555 10293 10335 D vndksupport: Loading /vendor/lib64/hw/gralloc.msm8992.so from current namespace instead of sphal namespace.
07-04 22:59:20.169 10293 10293 V MainActivity: Connect button clicked
07-04 22:59:22.779 10293 10293 V ConnectionFragment: Advertisement switch checked
07-04 22:59:25.490 10293 10293 D NearbyFragment: Started advertising
07-04 22:59:39.617 10293 10293 D NearbyFragment: Initiated connection with d-d8: Galaxy S8 [2802]
07-04 22:59:39.723 10293 10298 I zygote64: Do partial code cache collection, code=51KB, data=57KB
07-04 22:59:39.723 10293 10298 I zygote64: After code cache collection, code=51KB, data=57KB
07-04 22:59:39.723 10293 10298 I zygote64: Increasing code cache capacity to 256KB
07-04 22:59:39.724 10293 10298 I zygote64: Compiler allocated 4MB to compile void android.view.View.<init>(android.content.Context, android.util.AttributeSet, int, int)
07-04 22:59:39.962 10293 10298 I zygote64: Do full code cache collection, code=121KB, data=102KB
07-04 22:59:39.962 10293 10298 I zygote64: After code cache collection, code=116KB, data=61KB
07-04 22:59:42.363 10293 10293 I NearbyFragment: Connected to Endpoint{id=d-d8, name=Galaxy S8 [2802]}
07-04 22:59:49.497 10293 10293 D NearbyFragment: Initiated connection with 5zqo: Nexus 5 [1825]
07-04 22:59:49.645 10293 10298 I zygote64: Do partial code cache collection, code=124KB, data=83KB
07-04 22:59:49.646 10293 10298 I zygote64: After code cache collection, code=124KB, data=83KB
07-04 22:59:49.646 10293 10298 I zygote64: Increasing code cache capacity to 512KB
07-04 22:59:53.254 10293 10293 I NearbyFragment: Connected to Endpoint{id=5zqo, name=Nexus 5 [1825]}
07-04 22:59:54.838 10293 10293 V ConnectionFragment: Advertisement switch unchecked
07-04 22:59:54.838 10293 10293 D NearbyFragment: Stopped advertising
07-04 23:00:22.053 10293 10293 V ConnectionFragment: Auto-send switch checked
07-04 23:00:22.138 10293 10293 W NearbyFragment: Preferences:
07-04 23:00:22.138 10293 10293 W NearbyFragment:   Auto download: true
07-04 23:00:22.138 10293 10293 W NearbyFragment:   Algorithm: best_or_local
07-04 23:00:22.138 10293 10293 W NearbyFragment:   Fast scheduling: false
07-04 23:00:22.138 10293 10293 W NearbyFragment:   Segmentation: true
07-04 23:00:22.138 10293 10293 W NearbyFragment:   Auto segmentation: false
07-04 23:00:22.138 10293 10293 W NearbyFragment:   Segment number: 4
07-04 23:00:22.138 10293 10293 W NearbyFragment:   Noise tolerance: 45.00
07-04 23:00:22.138 10293 10293 W NearbyFragment:   Quality: 23
07-04 23:00:22.138 10293 10293 W NearbyFragment:   Speed: medium
07-04 23:00:22.138 10293 10293 W NearbyFragment:   Freeze duration: 1.00
07-04 23:00:22.139 10293 10293 W NearbyFragment: Download delay: 1s
07-04 23:00:22.139 10293 10293 W NearbyFragment: Started downloading from dashcam
07-04 23:00:22.141 10293 10502 V DownloadTestVideosTask: Starting DownloadTestVideosTask
07-04 23:00:22.146 10293 10502 V DashDownloadManager: Started downloading: 20200312_150643.mp4
07-04 23:00:22.154 10293 10502 D NetworkSecurityConfig: No Network Security Config specified, using platform default
07-04 23:00:22.354 10293 10298 I zygote64: Compiler allocated 4MB to compile void android.view.ViewRootImpl.performTraversals()
07-04 23:00:38.717 10293 10502 V VideoManager: Retrieving video from /storage/emulated/0/Movies/raw/20200312_150643.mp4
07-04 23:00:38.756 10293 10502 D VideoManager: videoCursor is null
07-04 23:00:38.795 10293 10502 V VideoManager: videoFromCursor
07-04 23:00:38.801 10293 10502 W DashDownloadManager: Successfully downloaded 20200312_150643.mp4 in 16.548s
07-04 23:00:38.802 10293 10502 V DownloadTestVideosTask: Entering callback for download completion of 20200312_150643.mp4
07-04 23:00:38.807 10293 10502 V RawFootageEventHandler: onAdd
07-04 23:00:38.812 10293 10502 V FfmpegTools: Retrieving duration of /storage/emulated/0/Movies/raw/20200312_150643.mp4
07-04 23:00:38.813 10293 10502 I mobile-ffmpeg: Loading mobile-ffmpeg.
07-04 23:00:38.956 10293 10502 I mobile-ffmpeg: Loaded mobile-ffmpeg-full-gpl-arm64-v8a-4.3.2-20200415.
07-04 23:00:38.960 10293 10516 D mobile-ffmpeg: Callback thread started.
07-04 23:00:38.971 10293 10516 W mobile-ffmpeg: [mov,mp4,m4a,3gp,3g2,mj2 @ 0x73954b7800] Found duplicated MOOV Atom. Skipped it
07-04 23:00:39.056 10293 10516 I mobile-ffmpeg: Input #0, mov,mp4,m4a,3gp,3g2,mj2, from '/storage/emulated/0/Movies/raw/20200312_150643.mp4':
07-04 23:00:39.056 10293 10516 I mobile-ffmpeg:   Metadata:
07-04 23:00:39.056 10293 10516 I mobile-ffmpeg:     creation_time   : 
07-04 23:00:39.056 10293 10516 I mobile-ffmpeg: 2020-03-12T04:07:43.000000Z
07-04 23:00:39.056 10293 10516 I mobile-ffmpeg: 
07-04 23:00:39.056 10293 10516 I mobile-ffmpeg:     major_brand     : 
07-04 23:00:39.056 10293 10516 I mobile-ffmpeg: mp42
07-04 23:00:39.056 10293 10516 I mobile-ffmpeg: 
07-04 23:00:39.056 10293 10516 I mobile-ffmpeg:     minor_version   : 
07-04 23:00:39.057 10293 10516 I mobile-ffmpeg: 1
07-04 23:00:39.057 10293 10516 I mobile-ffmpeg: 
07-04 23:00:39.057 10293 10516 I mobile-ffmpeg:     compatible_brands: 
07-04 23:00:39.057 10293 10516 I mobile-ffmpeg: mp42mp42
07-04 23:00:39.057 10293 10516 I mobile-ffmpeg: 
07-04 23:00:39.057 10293 10516 I mobile-ffmpeg:   Duration: 
07-04 23:00:39.057 10293 10516 I mobile-ffmpeg: 00:01:00.02
07-04 23:00:39.057 10293 10516 I mobile-ffmpeg: , start: 
07-04 23:00:39.057 10293 10516 I mobile-ffmpeg: 0.000000
07-04 23:00:39.057 10293 10516 I mobile-ffmpeg: , bitrate: 
07-04 23:00:39.057 10293 10516 I mobile-ffmpeg: 9328 kb/s
07-04 23:00:39.057 10293 10516 I mobile-ffmpeg: 
07-04 23:00:39.057 10293 10516 I mobile-ffmpeg:     Stream #0:0
07-04 23:00:39.057 10293 10516 I mobile-ffmpeg: (eng)
07-04 23:00:39.057 10293 10516 I mobile-ffmpeg: : Video: h264 (avc1 / 0x31637661), yuvj420p(pc, bt709), 1280x720, 8381 kb/s
07-04 23:00:39.057 10293 10516 I mobile-ffmpeg: , 
07-04 23:00:39.057 10293 10516 I mobile-ffmpeg: 29.97 fps, 
07-04 23:00:39.057 10293 10516 I mobile-ffmpeg: 29.97 tbr, 
07-04 23:00:39.057 10293 10516 I mobile-ffmpeg: 1k tbn, 
07-04 23:00:39.058 10293 10516 I mobile-ffmpeg: 2k tbc
07-04 23:00:39.058 10293 10516 I mobile-ffmpeg:  (default)
07-04 23:00:39.058 10293 10516 I mobile-ffmpeg: 
07-04 23:00:39.058 10293 10516 I mobile-ffmpeg:     Metadata:
07-04 23:00:39.058 10293 10516 I mobile-ffmpeg:       creation_time   : 
07-04 23:00:39.058 10293 10516 I mobile-ffmpeg: 2020-03-12T04:07:43.000000Z
07-04 23:00:39.058 10293 10516 I mobile-ffmpeg: 
07-04 23:00:39.058 10293 10516 I mobile-ffmpeg:       handler_name    : 
07-04 23:00:39.058 10293 10516 I mobile-ffmpeg: PittaSoft Video Media Handler
07-04 23:00:39.058 10293 10516 I mobile-ffmpeg: 
07-04 23:00:39.058 10293 10516 I mobile-ffmpeg:     Stream #0:1
07-04 23:00:39.058 10293 10516 I mobile-ffmpeg: (eng)
07-04 23:00:39.058 10293 10516 I mobile-ffmpeg: : Audio: aac (mp4a / 0x6134706D), 16000 Hz, stereo, fltp, 47 kb/s
07-04 23:00:39.058 10293 10516 I mobile-ffmpeg:  (default)
07-04 23:00:39.058 10293 10516 I mobile-ffmpeg: 
07-04 23:00:39.058 10293 10516 I mobile-ffmpeg:     Metadata:
07-04 23:00:39.058 10293 10516 I mobile-ffmpeg:       creation_time   : 
07-04 23:00:39.059 10293 10516 I mobile-ffmpeg: 2020-03-12T04:07:43.000000Z
07-04 23:00:39.059 10293 10516 I mobile-ffmpeg: 
07-04 23:00:39.059 10293 10516 I mobile-ffmpeg:       handler_name    : 
07-04 23:00:39.059 10293 10516 I mobile-ffmpeg: PittaSoft Sound Media Handler
07-04 23:00:39.059 10293 10516 I mobile-ffmpeg: 
07-04 23:00:39.079 10293 10502 V FileManager: External storage is readable
07-04 23:00:39.080 10293 10502 V FileManager: Created new directory: /storage/emulated/0/Movies/segment/20200312_150643
07-04 23:00:39.080 10293 10502 V FfmpegTools: Splitting /storage/emulated/0/Movies/raw/20200312_150643.mp4 with 16s long segments
07-04 23:00:39.082 10293 10502 I FfmpegTools: Running ffmpeg with:
07-04 23:00:39.082 10293 10502 I FfmpegTools:   -y -i /storage/emulated/0/Movies/raw/20200312_150643.mp4 -map 0 -c copy -f segment -reset_timestamps 1 -segment_time 16 /storage/emulated/0/Movies/segment/20200312_150643/20200312_150643!%03d.mp4
07-04 23:00:39.340 10293 10516 W mobile-ffmpeg: [mov,mp4,m4a,3gp,3g2,mj2 @ 0x73954b7800] Found duplicated MOOV Atom. Skipped it
07-04 23:00:39.397 10293 10516 I mobile-ffmpeg: Input #0, mov,mp4,m4a,3gp,3g2,mj2, from '/storage/emulated/0/Movies/raw/20200312_150643.mp4':
07-04 23:00:39.397 10293 10516 I mobile-ffmpeg:   Metadata:
07-04 23:00:39.397 10293 10516 I mobile-ffmpeg:     creation_time   : 
07-04 23:00:39.397 10293 10516 I mobile-ffmpeg: 2020-03-12T04:07:43.000000Z
07-04 23:00:39.397 10293 10516 I mobile-ffmpeg: 
07-04 23:00:39.398 10293 10516 I mobile-ffmpeg:     major_brand     : 
07-04 23:00:39.398 10293 10516 I mobile-ffmpeg: mp42
07-04 23:00:39.398 10293 10516 I mobile-ffmpeg: 
07-04 23:00:39.399 10293 10516 I mobile-ffmpeg:     minor_version   : 
07-04 23:00:39.399 10293 10516 I mobile-ffmpeg: 1
07-04 23:00:39.399 10293 10516 I mobile-ffmpeg: 
07-04 23:00:39.399 10293 10516 I mobile-ffmpeg:     compatible_brands: 
07-04 23:00:39.399 10293 10516 I mobile-ffmpeg: mp42mp42
07-04 23:00:39.399 10293 10516 I mobile-ffmpeg: 
07-04 23:00:39.399 10293 10516 I mobile-ffmpeg:   Duration: 
07-04 23:00:39.400 10293 10516 I mobile-ffmpeg: 00:01:00.02
07-04 23:00:39.400 10293 10516 I mobile-ffmpeg: , start: 
07-04 23:00:39.400 10293 10516 I mobile-ffmpeg: 0.000000
07-04 23:00:39.401 10293 10516 I mobile-ffmpeg: , bitrate: 
07-04 23:00:39.401 10293 10516 I mobile-ffmpeg: 9328 kb/s
07-04 23:00:39.401 10293 10516 I mobile-ffmpeg: 
07-04 23:00:39.401 10293 10516 I mobile-ffmpeg:     Stream #0:0
07-04 23:00:39.402 10293 10516 I mobile-ffmpeg: (eng)
07-04 23:00:39.402 10293 10516 I mobile-ffmpeg: : Video: h264 (avc1 / 0x31637661), yuvj420p(pc, bt709), 1280x720, 8381 kb/s
07-04 23:00:39.402 10293 10516 I mobile-ffmpeg: , 
07-04 23:00:39.402 10293 10516 I mobile-ffmpeg: 29.97 fps, 
07-04 23:00:39.402 10293 10516 I mobile-ffmpeg: 29.97 tbr, 
07-04 23:00:39.402 10293 10516 I mobile-ffmpeg: 1k tbn, 
07-04 23:00:39.403 10293 10516 I mobile-ffmpeg: 2k tbc
07-04 23:00:39.403 10293 10516 I mobile-ffmpeg:  (default)
07-04 23:00:39.403 10293 10516 I mobile-ffmpeg: 
07-04 23:00:39.403 10293 10516 I mobile-ffmpeg:     Metadata:
07-04 23:00:39.403 10293 10516 I mobile-ffmpeg:       creation_time   : 
07-04 23:00:39.403 10293 10516 I mobile-ffmpeg: 2020-03-12T04:07:43.000000Z
07-04 23:00:39.403 10293 10516 I mobile-ffmpeg: 
07-04 23:00:39.403 10293 10516 I mobile-ffmpeg:       handler_name    : 
07-04 23:00:39.403 10293 10516 I mobile-ffmpeg: PittaSoft Video Media Handler
07-04 23:00:39.404 10293 10516 I mobile-ffmpeg: 
07-04 23:00:39.404 10293 10516 I mobile-ffmpeg:     Stream #0:1
07-04 23:00:39.404 10293 10516 I mobile-ffmpeg: (eng)
07-04 23:00:39.404 10293 10516 I mobile-ffmpeg: : Audio: aac (mp4a / 0x6134706D), 16000 Hz, stereo, fltp, 47 kb/s
07-04 23:00:39.404 10293 10516 I mobile-ffmpeg:  (default)
07-04 23:00:39.404 10293 10516 I mobile-ffmpeg: 
07-04 23:00:39.405 10293 10516 I mobile-ffmpeg:     Metadata:
07-04 23:00:39.405 10293 10516 I mobile-ffmpeg:       creation_time   : 
07-04 23:00:39.405 10293 10516 I mobile-ffmpeg: 2020-03-12T04:07:43.000000Z
07-04 23:00:39.405 10293 10516 I mobile-ffmpeg: 
07-04 23:00:39.405 10293 10516 I mobile-ffmpeg:       handler_name    : 
07-04 23:00:39.405 10293 10516 I mobile-ffmpeg: PittaSoft Sound Media Handler
07-04 23:00:39.405 10293 10516 I mobile-ffmpeg: 
07-04 23:00:39.405 10293 10516 I mobile-ffmpeg: [segment @ 0x73954b8a00] Opening '/storage/emulated/0/Movies/segment/20200312_150643/20200312_150643!000.mp4' for writing
07-04 23:00:39.406 10293 10516 I mobile-ffmpeg: Output #0, segment, to '/storage/emulated/0/Movies/segment/20200312_150643/20200312_150643!%03d.mp4':
07-04 23:00:39.406 10293 10516 I mobile-ffmpeg:   Metadata:
07-04 23:00:39.406 10293 10516 I mobile-ffmpeg:     compatible_brands: 
07-04 23:00:39.406 10293 10516 I mobile-ffmpeg: mp42mp42
07-04 23:00:39.406 10293 10516 I mobile-ffmpeg: 
07-04 23:00:39.406 10293 10516 I mobile-ffmpeg:     major_brand     : 
07-04 23:00:39.406 10293 10516 I mobile-ffmpeg: mp42
07-04 23:00:39.406 10293 10516 I mobile-ffmpeg: 
07-04 23:00:39.407 10293 10516 I mobile-ffmpeg:     minor_version   : 
07-04 23:00:39.407 10293 10516 I mobile-ffmpeg: 1
07-04 23:00:39.407 10293 10516 I mobile-ffmpeg: 
07-04 23:00:39.407 10293 10516 I mobile-ffmpeg:     encoder         : 
07-04 23:00:39.407 10293 10516 I mobile-ffmpeg: Lavf58.42.100
07-04 23:00:39.407 10293 10516 I mobile-ffmpeg: 
07-04 23:00:39.407 10293 10516 I mobile-ffmpeg:     Stream #0:0
07-04 23:00:39.407 10293 10516 I mobile-ffmpeg: (eng)
07-04 23:00:39.407 10293 10516 I mobile-ffmpeg: : Video: h264 (avc1 / 0x31637661), yuvj420p(pc, bt709), 1280x720, q=2-31, 8381 kb/s
07-04 23:00:39.408 10293 10516 I mobile-ffmpeg: , 
07-04 23:00:39.408 10293 10516 I mobile-ffmpeg: 29.97 fps, 
07-04 23:00:39.408 10293 10516 I mobile-ffmpeg: 29.97 tbr, 
07-04 23:00:39.408 10293 10516 I mobile-ffmpeg: 16k tbn, 
07-04 23:00:39.408 10293 10516 I mobile-ffmpeg: 1k tbc
07-04 23:00:39.408 10293 10516 I mobile-ffmpeg:  (default)
07-04 23:00:39.408 10293 10516 I mobile-ffmpeg: 
07-04 23:00:39.409 10293 10516 I mobile-ffmpeg:     Metadata:
07-04 23:00:39.409 10293 10516 I mobile-ffmpeg:       creation_time   : 
07-04 23:00:39.409 10293 10516 I mobile-ffmpeg: 2020-03-12T04:07:43.000000Z
07-04 23:00:39.409 10293 10516 I mobile-ffmpeg: 
07-04 23:00:39.409 10293 10516 I mobile-ffmpeg:       handler_name    : 
07-04 23:00:39.409 10293 10516 I mobile-ffmpeg: PittaSoft Video Media Handler
07-04 23:00:39.409 10293 10516 I mobile-ffmpeg: 
07-04 23:00:39.409 10293 10516 I mobile-ffmpeg:     Stream #0:1
07-04 23:00:39.409 10293 10516 I mobile-ffmpeg: (eng)
07-04 23:00:39.410 10293 10516 I mobile-ffmpeg: : Audio: aac (mp4a / 0x6134706D), 16000 Hz, stereo, fltp, 47 kb/s
07-04 23:00:39.410 10293 10516 I mobile-ffmpeg:  (default)
07-04 23:00:39.410 10293 10516 I mobile-ffmpeg: 
07-04 23:00:39.410 10293 10516 I mobile-ffmpeg:     Metadata:
07-04 23:00:39.410 10293 10516 I mobile-ffmpeg:       creation_time   : 
07-04 23:00:39.410 10293 10516 I mobile-ffmpeg: 2020-03-12T04:07:43.000000Z
07-04 23:00:39.410 10293 10516 I mobile-ffmpeg: 
07-04 23:00:39.410 10293 10516 I mobile-ffmpeg:       handler_name    : 
07-04 23:00:39.410 10293 10516 I mobile-ffmpeg: PittaSoft Sound Media Handler
07-04 23:00:39.411 10293 10516 I mobile-ffmpeg: 
07-04 23:00:39.411 10293 10516 I mobile-ffmpeg: Stream mapping:
07-04 23:00:39.411 10293 10516 I mobile-ffmpeg:   Stream #0:0 -> #0:0
07-04 23:00:39.411 10293 10516 I mobile-ffmpeg:  (copy)
07-04 23:00:39.411 10293 10516 I mobile-ffmpeg: 
07-04 23:00:39.412 10293 10516 I mobile-ffmpeg:   Stream #0:1 -> #0:1
07-04 23:00:39.412 10293 10516 I mobile-ffmpeg:  (copy)
07-04 23:00:39.412 10293 10516 I mobile-ffmpeg: 
07-04 23:00:39.412 10293 10516 I mobile-ffmpeg: Press [q] to stop, [?] for help
07-04 23:00:39.490 10293 10516 I mobile-ffmpeg: [segment @ 0x73954b8a00] Opening '/storage/emulated/0/Movies/segment/20200312_150643/20200312_150643!001.mp4' for writing
07-04 23:00:39.576 10293 10516 I mobile-ffmpeg: [segment @ 0x73954b8a00] Opening '/storage/emulated/0/Movies/segment/20200312_150643/20200312_150643!002.mp4' for writing
07-04 23:00:39.662 10293 10516 I mobile-ffmpeg: [segment @ 0x73954b8a00] Opening '/storage/emulated/0/Movies/segment/20200312_150643/20200312_150643!003.mp4' for writing
07-04 23:00:39.732 10293 10516 I mobile-ffmpeg: frame= 1800 fps=0.0 q=-1.0 Lsize=N/A time=00:01:00.02 bitrate=N/A speed= 182x    
07-04 23:00:39.732 10293 10516 I mobile-ffmpeg: video:61407kB audio:345kB subtitle:0kB other streams:0kB global headers:0kB muxing overhead: 
07-04 23:00:39.732 10293 10516 I mobile-ffmpeg: unknown
07-04 23:00:39.732 10293 10516 I mobile-ffmpeg: 
07-04 23:00:39.738 10293 10502 V FileManager: External storage is readable
07-04 23:00:39.739 10293 10502 V FileManager: Directory already exists: /storage/emulated/0/Movies/segment/20200312_150643
07-04 23:00:39.739 10293 10502 V VideoManager: Retrieving videos from /storage/emulated/0/Movies/segment/20200312_150643
07-04 23:00:39.742 10293 10502 V VideoManager: Retrieving video from /storage/emulated/0/Movies/segment/20200312_150643/20200312_150643!000.mp4
07-04 23:00:39.746 10293 10502 V VideoManager: videoFromCursor
07-04 23:00:39.748 10293 10502 V VideoManager: Retrieving video from /storage/emulated/0/Movies/segment/20200312_150643/20200312_150643!001.mp4
07-04 23:00:39.751 10293 10502 V VideoManager: videoFromCursor
07-04 23:00:39.753 10293 10502 V VideoManager: Retrieving video from /storage/emulated/0/Movies/segment/20200312_150643/20200312_150643!002.mp4
07-04 23:00:39.756 10293 10502 V VideoManager: videoFromCursor
07-04 23:00:39.758 10293 10502 V VideoManager: Retrieving video from /storage/emulated/0/Movies/segment/20200312_150643/20200312_150643!003.mp4
07-04 23:00:39.761 10293 10502 V VideoManager: videoFromCursor
07-04 23:00:39.763 10293 10502 V NearbyFragment: nextTransfer with selected algorithm: best_or_local
07-04 23:00:39.765 10293 10502 W NearbyFragment: Sending 20200312_150643!000.mp4 to Galaxy S8 [2802]
07-04 23:00:39.781 10293 10293 V NearbyFragment: Transfer to Endpoint{id=d-d8, name=Galaxy S8 [2802]} complete
07-04 23:00:40.769 10293 10502 V DownloadTestVideosTask: Starting DownloadTestVideosTask
07-04 23:00:40.771 10293 10502 V DashDownloadManager: Started downloading: 20200312_150744.mp4
07-04 23:00:41.795 10293 10293 V NearbyFragment: Transfer to Endpoint{id=d-d8, name=Galaxy S8 [2802]} complete
07-04 23:00:42.031 10293 10293 D NearbyFragment: onPayloadReceived(endpointId=d-d8, payload=com.google.android.gms.nearby.connection.Payload@3110994)
07-04 23:00:42.035 10293 10293 D NearbyFragment: Endpoint{id=d-d8, name=Galaxy S8 [2802]} has finished downloading 20200312_150643!000.mp4
07-04 23:00:42.045 10293 10293 V NearbyFragment: Transfer to Endpoint{id=d-d8, name=Galaxy S8 [2802]} complete
07-04 23:00:44.295 10293 10293 D NearbyFragment: onPayloadReceived(endpointId=d-d8, payload=com.google.android.gms.nearby.connection.Payload@d440c32)
07-04 23:00:44.304 10293 10293 D NearbyFragment: 20200312_150643!000.mp4 from Endpoint{id=d-d8, name=Galaxy S8 [2802]} contained no activity
07-04 23:00:44.307 10293 10293 V NearbyFragment: Received a segment of 20200312_150643
07-04 23:00:44.310 10293 10293 V NearbyFragment: nextTransfer with selected algorithm: best_or_local
07-04 23:00:44.315 10293 10293 W NearbyFragment: Sending 20200312_150643!001.mp4 to Galaxy S8 [2802]
07-04 23:00:44.327 10293 10293 V NearbyFragment: Transfer to Endpoint{id=d-d8, name=Galaxy S8 [2802]} complete
07-04 23:00:44.337 10293 10293 V NearbyFragment: Transfer to Endpoint{id=d-d8, name=Galaxy S8 [2802]} complete
07-04 23:00:46.551 10293 10293 V NearbyFragment: Transfer to Endpoint{id=d-d8, name=Galaxy S8 [2802]} complete
07-04 23:00:46.785 10293 10293 D NearbyFragment: onPayloadReceived(endpointId=d-d8, payload=com.google.android.gms.nearby.connection.Payload@57f7f39)
07-04 23:00:46.793 10293 10293 D NearbyFragment: Endpoint{id=d-d8, name=Galaxy S8 [2802]} has finished downloading 20200312_150643!001.mp4
07-04 23:00:46.833 10293 10293 V NearbyFragment: Transfer to Endpoint{id=d-d8, name=Galaxy S8 [2802]} complete
07-04 23:00:48.970 10293 10293 D NearbyFragment: onPayloadReceived(endpointId=d-d8, payload=com.google.android.gms.nearby.connection.Payload@f22b97e)
07-04 23:00:48.974 10293 10293 D NearbyFragment: 20200312_150643!001.mp4 from Endpoint{id=d-d8, name=Galaxy S8 [2802]} contained no activity
07-04 23:00:48.976 10293 10293 V NearbyFragment: Received a segment of 20200312_150643
07-04 23:00:48.980 10293 10293 V NearbyFragment: nextTransfer with selected algorithm: best_or_local
07-04 23:00:48.985 10293 10293 W NearbyFragment: Sending 20200312_150643!002.mp4 to Galaxy S8 [2802]
07-04 23:00:48.993 10293 10293 V NearbyFragment: Transfer to Endpoint{id=d-d8, name=Galaxy S8 [2802]} complete
07-04 23:00:49.002 10293 10293 V NearbyFragment: Transfer to Endpoint{id=d-d8, name=Galaxy S8 [2802]} complete
07-04 23:00:51.075 10293 10293 V NearbyFragment: Transfer to Endpoint{id=d-d8, name=Galaxy S8 [2802]} complete
07-04 23:00:51.699 10293 10293 D NearbyFragment: onPayloadReceived(endpointId=d-d8, payload=com.google.android.gms.nearby.connection.Payload@d4fd5f5)
07-04 23:00:51.706 10293 10293 D NearbyFragment: Endpoint{id=d-d8, name=Galaxy S8 [2802]} has finished downloading 20200312_150643!002.mp4
07-04 23:00:51.754 10293 10293 V NearbyFragment: Transfer to Endpoint{id=d-d8, name=Galaxy S8 [2802]} complete
07-04 23:00:53.795 10293 10293 D NearbyFragment: onPayloadReceived(endpointId=d-d8, payload=com.google.android.gms.nearby.connection.Payload@eacef8a)
07-04 23:00:53.799 10293 10293 D NearbyFragment: 20200312_150643!002.mp4 from Endpoint{id=d-d8, name=Galaxy S8 [2802]} contained no activity
07-04 23:00:53.801 10293 10293 V NearbyFragment: Received a segment of 20200312_150643
07-04 23:00:53.805 10293 10293 V NearbyFragment: nextTransfer with selected algorithm: best_or_local
07-04 23:00:53.809 10293 10293 W NearbyFragment: Sending 20200312_150643!003.mp4 to Galaxy S8 [2802]
07-04 23:00:53.821 10293 10293 V NearbyFragment: Transfer to Endpoint{id=d-d8, name=Galaxy S8 [2802]} complete
07-04 23:00:53.835 10293 10293 V NearbyFragment: Transfer to Endpoint{id=d-d8, name=Galaxy S8 [2802]} complete
07-04 23:00:55.168 10293 10293 V NearbyFragment: Transfer to Endpoint{id=d-d8, name=Galaxy S8 [2802]} complete
07-04 23:00:55.686 10293 10293 D NearbyFragment: onPayloadReceived(endpointId=d-d8, payload=com.google.android.gms.nearby.connection.Payload@d94dc71)
07-04 23:00:55.688 10293 10293 D NearbyFragment: Endpoint{id=d-d8, name=Galaxy S8 [2802]} has finished downloading 20200312_150643!003.mp4
07-04 23:00:55.698 10293 10298 I zygote64: Do full code cache collection, code=251KB, data=180KB
07-04 23:00:55.699 10293 10298 I zygote64: After code cache collection, code=214KB, data=124KB
07-04 23:00:55.735 10293 10293 V NearbyFragment: Transfer to Endpoint{id=d-d8, name=Galaxy S8 [2802]} complete
07-04 23:00:57.320 10293 10293 D NearbyFragment: onPayloadReceived(endpointId=d-d8, payload=com.google.android.gms.nearby.connection.Payload@3f27a56)
07-04 23:00:57.326 10293 10293 D NearbyFragment: 20200312_150643!003.mp4 from Endpoint{id=d-d8, name=Galaxy S8 [2802]} contained no activity
07-04 23:00:57.328 10293 10293 D NearbyFragment: Received all summarised video segments of 20200312_150643
07-04 23:00:57.347 10293 10293 V FileManager: External storage is readable
07-04 23:00:57.350 10293 10293 V FileManager: Created new directory: /storage/emulated/0/Movies/segment-sum/20200312_150643
07-04 23:00:57.356 10293 10293 D FfmpegTools: Merging /storage/emulated/0/Movies/summarised/20200312_150643.mp4
07-04 23:00:57.357 10293 10293 D FfmpegTools: No split videos to merge
07-04 23:00:57.358 10293 10293 V RawFootageEventHandler: removeByName
07-04 23:00:57.362 10293 10293 V ProcessingVideosEventHandler: removeByName
07-04 23:00:57.366 10293 10293 V NearbyFragment: Removing video segment map for 20200312_150643
07-04 23:00:57.367 10293 10293 I NearbyFragment: Transfer queue is empty
07-04 23:00:57.372 10293 10293 V NearbyFragment: Transfer to Endpoint{id=d-d8, name=Galaxy S8 [2802]} complete
07-04 23:01:05.570 10293 10502 V VideoManager: Retrieving video from /storage/emulated/0/Movies/raw/20200312_150744.mp4
07-04 23:01:05.589 10293 10502 D VideoManager: videoCursor is null
07-04 23:01:05.620 10293 10502 V VideoManager: videoFromCursor
