07-04 23:04:28.122 10293 10516 I mobile-ffmpeg: 2020-03-12T08:40:29.000000Z
07-04 23:04:28.122 10293 10516 I mobile-ffmpeg: 
07-04 23:04:28.122 10293 10516 I mobile-ffmpeg:       handler_name    : 
07-04 23:04:28.122 10293 10516 I mobile-ffmpeg: PittaSoft Sound Media Handler
07-04 23:04:28.123 10293 10516 I mobile-ffmpeg: 
07-04 23:04:28.123 10293 10516 I mobile-ffmpeg: Stream mapping:
07-04 23:04:28.123 10293 10516 I mobile-ffmpeg:   Stream #0:0 -> #0:0
07-04 23:04:28.123 10293 10516 I mobile-ffmpeg:  (copy)
07-04 23:04:28.123 10293 10516 I mobile-ffmpeg: 
07-04 23:04:28.123 10293 10516 I mobile-ffmpeg:   Stream #0:1 -> #0:1
07-04 23:04:28.123 10293 10516 I mobile-ffmpeg:  (copy)
07-04 23:04:28.123 10293 10516 I mobile-ffmpeg: 
07-04 23:04:28.123 10293 10516 I mobile-ffmpeg: Press [q] to stop, [?] for help
07-04 23:04:28.123 10293 10516 I mobile-ffmpeg: frame=    1 fps=0.0 q=-1.0 size=N/A time=00:00:00.00 bitrate=N/A speed=12.6x    
07-04 23:04:28.284 10293 10516 I mobile-ffmpeg: [segment @ 0x73955fb800] Opening '/storage/emulated/0/Movies/segment/20200312_193928/20200312_193928!001.mp4' for writing
07-04 23:04:28.420 10293 10516 I mobile-ffmpeg: [segment @ 0x73955fb800] Opening '/storage/emulated/0/Movies/segment/20200312_193928/20200312_193928!002.mp4' for writing
07-04 23:04:28.567 10293 10516 I mobile-ffmpeg: [segment @ 0x73955fb800] Opening '/storage/emulated/0/Movies/segment/20200312_193928/20200312_193928!003.mp4' for writing
07-04 23:04:28.622 10293 10516 I mobile-ffmpeg: frame= 1523 fps=0.0 q=-1.0 size=N/A time=00:00:53.31 bitrate=N/A speed= 107x    
07-04 23:04:28.716 10293 10516 I mobile-ffmpeg: frame= 1750 fps=0.0 q=-1.0 Lsize=N/A time=00:01:00.88 bitrate=N/A speed= 102x    
07-04 23:04:28.716 10293 10516 I mobile-ffmpeg: video:62106kB audio:350kB subtitle:0kB other streams:0kB global headers:0kB muxing overhead: 
07-04 23:04:28.716 10293 10516 I mobile-ffmpeg: unknown
07-04 23:04:28.716 10293 10516 I mobile-ffmpeg: 
07-04 23:04:28.720 10293 10502 V FileManager: External storage is readable
07-04 23:04:28.721 10293 10502 V FileManager: Directory already exists: /storage/emulated/0/Movies/segment/20200312_193928
07-04 23:04:28.721 10293 10502 V VideoManager: Retrieving videos from /storage/emulated/0/Movies/segment/20200312_193928
07-04 23:04:28.722 10293 10502 V VideoManager: Retrieving video from /storage/emulated/0/Movies/segment/20200312_193928/20200312_193928!000.mp4
07-04 23:04:29.691 10293 10502 V VideoManager: videoFromCursor
07-04 23:04:29.699 10293 10502 V VideoManager: Retrieving video from /storage/emulated/0/Movies/segment/20200312_193928/20200312_193928!001.mp4
07-04 23:04:29.710 10293 10502 V VideoManager: videoFromCursor
07-04 23:04:29.714 10293 10502 V VideoManager: Retrieving video from /storage/emulated/0/Movies/segment/20200312_193928/20200312_193928!002.mp4
07-04 23:04:29.726 10293 10502 V VideoManager: videoFromCursor
07-04 23:04:29.730 10293 10502 V VideoManager: Retrieving video from /storage/emulated/0/Movies/segment/20200312_193928/20200312_193928!003.mp4
07-04 23:04:29.738 10293 10502 V VideoManager: videoFromCursor
07-04 23:04:29.742 10293 10502 V NearbyFragment: nextTransfer with selected algorithm: best_or_local
07-04 23:04:29.744 10293 10502 W NearbyFragment: Sending 20200312_193828!001.mp4 to Nexus 5 [1825]
07-04 23:04:29.784 10293 10293 V NearbyFragment: Transfer to Endpoint{id=5zqo, name=Nexus 5 [1825]} complete
07-04 23:04:30.216 10293 10293 D NearbyFragment: onPayloadReceived(endpointId=d-d8, payload=com.google.android.gms.nearby.connection.Payload@b13a65c)
07-04 23:04:30.218 10293 10293 V NearbyFragment: Started downloading 20200312_193828!000.mp4 from Endpoint{id=d-d8, name=Galaxy S8 [2802]}
07-04 23:04:30.223 10293 10293 V NearbyFragment: nextTransfer with selected algorithm: best_or_local
07-04 23:04:30.229 10293 10293 W NearbyFragment: Sending 20200312_193828!002.mp4 to Galaxy S8 [2802]
07-04 23:04:30.244 10293 10293 V NearbyFragment: Transfer to Endpoint{id=d-d8, name=Galaxy S8 [2802]} complete
07-04 23:04:30.261 10293 10293 V NearbyFragment: Transfer to Endpoint{id=d-d8, name=Galaxy S8 [2802]} complete
07-04 23:04:30.293 10293 10293 D NearbyFragment: onPayloadReceived(endpointId=d-d8, payload=com.google.android.gms.nearby.connection.Payload@50056eb)
07-04 23:04:30.753 10293 10502 V DownloadTestVideosTask: Starting DownloadTestVideosTask
07-04 23:04:30.756 10293 10502 V DashDownloadManager: Started downloading: 20200312_194129.mp4
07-04 23:04:30.894 10293 10293 V NearbyFragment: Transfer to Endpoint{id=d-d8, name=Galaxy S8 [2802]} complete
07-04 23:04:30.895 10293 10293 W NearbyFragment: Completed downloading 20200312_193828!000.mp4 from Endpoint{id=d-d8, name=Galaxy S8 [2802]} in 00.674s
07-04 23:04:30.900 10293 10293 V FileManager: External storage is readable
07-04 23:04:30.902 10293 10293 V FileManager: Created new directory: /storage/emulated/0/Movies/segment-sum/20200312_193828
07-04 23:04:31.011 10293 10293 V NearbyFragment: Received a segment of 20200312_193828
07-04 23:04:34.280 10293 10293 V NearbyFragment: Transfer to Endpoint{id=5zqo, name=Nexus 5 [1825]} complete
07-04 23:04:34.763 10293 10293 D NearbyFragment: onPayloadReceived(endpointId=5zqo, payload=com.google.android.gms.nearby.connection.Payload@62cc48)
07-04 23:04:34.765 10293 10293 D NearbyFragment: Endpoint{id=5zqo, name=Nexus 5 [1825]} has finished downloading 20200312_193828!001.mp4
07-04 23:04:34.805 10293 10293 V NearbyFragment: Transfer to Endpoint{id=5zqo, name=Nexus 5 [1825]} complete
07-04 23:04:36.986 10293 10293 V NearbyFragment: Transfer to Endpoint{id=d-d8, name=Galaxy S8 [2802]} complete
07-04 23:04:37.397 10293 10293 D NearbyFragment: onPayloadReceived(endpointId=d-d8, payload=com.google.android.gms.nearby.connection.Payload@bff1ae1)
07-04 23:04:37.398 10293 10293 D NearbyFragment: Endpoint{id=d-d8, name=Galaxy S8 [2802]} has finished downloading 20200312_193828!002.mp4
07-04 23:04:37.456 10293 10293 V NearbyFragment: Transfer to Endpoint{id=d-d8, name=Galaxy S8 [2802]} complete
07-04 23:04:39.619 10293 10293 D NearbyFragment: onPayloadReceived(endpointId=d-d8, payload=com.google.android.gms.nearby.connection.Payload@d53006)
07-04 23:04:39.620 10293 10293 D NearbyFragment: 20200312_193828!002.mp4 from Endpoint{id=d-d8, name=Galaxy S8 [2802]} contained no activity
07-04 23:04:39.621 10293 10293 V NearbyFragment: Received a segment of 20200312_193828
07-04 23:04:39.624 10293 10293 V NearbyFragment: nextTransfer with selected algorithm: best_or_local
07-04 23:04:39.629 10293 10293 W NearbyFragment: Sending 20200312_193828!003.mp4 to Galaxy S8 [2802]
07-04 23:04:39.635 10293 10293 V NearbyFragment: Transfer to Endpoint{id=d-d8, name=Galaxy S8 [2802]} complete
07-04 23:04:39.647 10293 10293 V NearbyFragment: Transfer to Endpoint{id=d-d8, name=Galaxy S8 [2802]} complete
07-04 23:04:41.226 10293 10293 V NearbyFragment: Transfer to Endpoint{id=d-d8, name=Galaxy S8 [2802]} complete
07-04 23:04:41.243 10293 10293 D NearbyFragment: onPayloadReceived(endpointId=5zqo, payload=com.google.android.gms.nearby.connection.Payload@ff1841d)
07-04 23:04:41.244 10293 10293 D NearbyFragment: 20200312_193828!001.mp4 from Endpoint{id=5zqo, name=Nexus 5 [1825]} contained no activity
07-04 23:04:41.244 10293 10293 V NearbyFragment: Received a segment of 20200312_193828
07-04 23:04:41.245 10293 10293 V NearbyFragment: nextTransfer with selected algorithm: best_or_local
07-04 23:04:41.246 10293 10293 W NearbyFragment: Sending 20200312_193928!000.mp4 to Nexus 5 [1825]
07-04 23:04:41.256 10293 10293 V NearbyFragment: Transfer to Endpoint{id=5zqo, name=Nexus 5 [1825]} complete
07-04 23:04:41.261 10293 10293 V NearbyFragment: Transfer to Endpoint{id=5zqo, name=Nexus 5 [1825]} complete
07-04 23:04:42.226 10293 10293 D NearbyFragment: onPayloadReceived(endpointId=d-d8, payload=com.google.android.gms.nearby.connection.Payload@bf4dc60)
07-04 23:04:42.227 10293 10293 D NearbyFragment: Endpoint{id=d-d8, name=Galaxy S8 [2802]} has finished downloading 20200312_193828!003.mp4
07-04 23:04:43.380 10293 10293 V NearbyFragment: Transfer to Endpoint{id=d-d8, name=Galaxy S8 [2802]} complete
07-04 23:04:43.788 10293 10293 D NearbyFragment: onPayloadReceived(endpointId=d-d8, payload=com.google.android.gms.nearby.connection.Payload@4a74519)
07-04 23:04:43.789 10293 10293 D NearbyFragment: 20200312_193828!003.mp4 from Endpoint{id=d-d8, name=Galaxy S8 [2802]} contained no activity
07-04 23:04:43.789 10293 10293 D NearbyFragment: Received all summarised video segments of 20200312_193828
07-04 23:04:43.795 10293 10293 V FileManager: External storage is readable
07-04 23:04:43.795 10293 10293 V FileManager: Directory already exists: /storage/emulated/0/Movies/segment-sum/20200312_193828
07-04 23:04:43.796 10293 10293 D FfmpegTools: Merging /storage/emulated/0/Movies/summarised/20200312_193828.mp4
07-04 23:04:43.797 10293 10293 V FfmpegTools: Retrieving duration of /storage/emulated/0/Movies/segment-sum/20200312_193828/20200312_193828!000.mp4
07-04 23:04:43.835 10293 10516 I mobile-ffmpeg: Input #0, mov,mp4,m4a,3gp,3g2,mj2, from '/storage/emulated/0/Movies/segment-sum/20200312_193828/20200312_193828!000.mp4':
07-04 23:04:43.835 10293 10516 I mobile-ffmpeg:   Metadata:
07-04 23:04:43.835 10293 10516 I mobile-ffmpeg:     major_brand     : 
07-04 23:04:43.835 10293 10516 I mobile-ffmpeg: isom
07-04 23:04:43.835 10293 10516 I mobile-ffmpeg: 
07-04 23:04:43.835 10293 10516 I mobile-ffmpeg:     minor_version   : 
07-04 23:04:43.835 10293 10516 I mobile-ffmpeg: 512
07-04 23:04:43.835 10293 10516 I mobile-ffmpeg: 
07-04 23:04:43.835 10293 10516 I mobile-ffmpeg:     compatible_brands: 
07-04 23:04:43.835 10293 10516 I mobile-ffmpeg: isomiso2avc1mp41
07-04 23:04:43.835 10293 10516 I mobile-ffmpeg: 
07-04 23:04:43.835 10293 10516 I mobile-ffmpeg:     encoder         : 
07-04 23:04:43.835 10293 10516 I mobile-ffmpeg: Lavf58.42.100
07-04 23:04:43.835 10293 10516 I mobile-ffmpeg: 
07-04 23:04:43.835 10293 10516 I mobile-ffmpeg:   Duration: 
07-04 23:04:43.835 10293 10516 I mobile-ffmpeg: 00:00:14.28
07-04 23:04:43.835 10293 10516 I mobile-ffmpeg: , start: 
07-04 23:04:43.835 10293 10516 I mobile-ffmpeg: 0.000000
07-04 23:04:43.835 10293 10516 I mobile-ffmpeg: , bitrate: 
07-04 23:04:43.835 10293 10516 I mobile-ffmpeg: 1365 kb/s
07-04 23:04:43.835 10293 10516 I mobile-ffmpeg: 
07-04 23:04:43.836 10293 10516 I mobile-ffmpeg:     Stream #0:0
07-04 23:04:43.836 10293 10516 I mobile-ffmpeg: (und)
07-04 23:04:43.836 10293 10516 I mobile-ffmpeg: : Video: h264 (avc1 / 0x31637661), yuvj420p(pc), 1280x720, 1280 kb/s
07-04 23:04:43.836 10293 10516 I mobile-ffmpeg: , 
07-04 23:04:43.836 10293 10516 I mobile-ffmpeg: 29.97 fps, 
07-04 23:04:43.836 10293 10516 I mobile-ffmpeg: 29.97 tbr, 
07-04 23:04:43.836 10293 10516 I mobile-ffmpeg: 30k tbn, 
07-04 23:04:43.836 10293 10516 I mobile-ffmpeg: 59.94 tbc
07-04 23:04:43.836 10293 10516 I mobile-ffmpeg:  (default)
07-04 23:04:43.836 10293 10516 I mobile-ffmpeg: 
07-04 23:04:43.836 10293 10516 I mobile-ffmpeg:     Metadata:
07-04 23:04:43.836 10293 10516 I mobile-ffmpeg:       handler_name    : 
07-04 23:04:43.836 10293 10516 I mobile-ffmpeg: VideoHandler
07-04 23:04:43.836 10293 10516 I mobile-ffmpeg: 
07-04 23:04:43.836 10293 10516 I mobile-ffmpeg:     Stream #0:1
07-04 23:04:43.836 10293 10516 I mobile-ffmpeg: (und)
07-04 23:04:43.836 10293 10516 I mobile-ffmpeg: : Audio: aac (mp4a / 0x6134706D), 16000 Hz, stereo, fltp, 85 kb/s
07-04 23:04:43.836 10293 10516 I mobile-ffmpeg:  (default)
07-04 23:04:43.836 10293 10516 I mobile-ffmpeg: 
07-04 23:04:43.836 10293 10516 I mobile-ffmpeg:     Metadata:
07-04 23:04:43.836 10293 10516 I mobile-ffmpeg:       handler_name    : 
07-04 23:04:43.836 10293 10516 I mobile-ffmpeg: SoundHandler
07-04 23:04:43.836 10293 10516 I mobile-ffmpeg: 
07-04 23:04:43.845 10293 10293 W FfmpegTools: Single segment returned, duration of 20200312_193828: 14.28
07-04 23:04:43.980 10293 10293 V VideoManager: Retrieving video from /storage/emulated/0/Movies/summarised/20200312_193828.mp4
07-04 23:04:43.994 10293 10293 V VideoManager: videoFromCursor
07-04 23:04:43.998 10293 10293 V SummarisedVideosEventHandler: onAdd
07-04 23:04:43.999 10293 10293 V RawFootageEventHandler: removeByName
07-04 23:04:44.001 10293 10293 V ProcessingVideosEventHandler: removeByName
07-04 23:04:44.004 10293 10293 V NearbyFragment: Removing video segment map for 20200312_193828
07-04 23:04:44.006 10293 10293 V NearbyFragment: nextTransfer with selected algorithm: best_or_local
07-04 23:04:44.013 10293 10293 W NearbyFragment: Sending 20200312_193928!001.mp4 to Galaxy S8 [2802]
07-04 23:04:44.018 10293 10293 V NearbyFragment: Transfer to Endpoint{id=d-d8, name=Galaxy S8 [2802]} complete
07-04 23:04:44.401 10293 10293 V NearbyFragment: Transfer to Endpoint{id=d-d8, name=Galaxy S8 [2802]} complete
07-04 23:04:44.501 10293 10293 V NearbyFragment: Transfer to Endpoint{id=5zqo, name=Nexus 5 [1825]} complete
07-04 23:04:45.213 10293 10293 D NearbyFragment: onPayloadReceived(endpointId=5zqo, payload=com.google.android.gms.nearby.connection.Payload@7e6ceaf)
07-04 23:04:45.215 10293 10293 D NearbyFragment: Endpoint{id=5zqo, name=Nexus 5 [1825]} has finished downloading 20200312_193928!000.mp4
07-04 23:04:45.267 10293 10293 V NearbyFragment: Transfer to Endpoint{id=5zqo, name=Nexus 5 [1825]} complete
07-04 23:04:47.055 10293 10293 V NearbyFragment: Transfer to Endpoint{id=d-d8, name=Galaxy S8 [2802]} complete
07-04 23:04:47.563 10293 10293 D NearbyFragment: onPayloadReceived(endpointId=d-d8, payload=com.google.android.gms.nearby.connection.Payload@a9982bc)
07-04 23:04:47.564 10293 10293 D NearbyFragment: Endpoint{id=d-d8, name=Galaxy S8 [2802]} has finished downloading 20200312_193928!001.mp4
07-04 23:04:47.613 10293 10293 V NearbyFragment: Transfer to Endpoint{id=d-d8, name=Galaxy S8 [2802]} complete
07-04 23:04:49.762 10293 10293 D NearbyFragment: onPayloadReceived(endpointId=d-d8, payload=com.google.android.gms.nearby.connection.Payload@29a2245)
07-04 23:04:49.763 10293 10293 D NearbyFragment: 20200312_193928!001.mp4 from Endpoint{id=d-d8, name=Galaxy S8 [2802]} contained no activity
07-04 23:04:49.765 10293 10293 V NearbyFragment: Received a segment of 20200312_193928
07-04 23:04:49.768 10293 10293 V NearbyFragment: nextTransfer with selected algorithm: best_or_local
07-04 23:04:49.773 10293 10293 W NearbyFragment: Sending 20200312_193928!002.mp4 to Galaxy S8 [2802]
07-04 23:04:49.779 10293 10293 V NearbyFragment: Transfer to Endpoint{id=d-d8, name=Galaxy S8 [2802]} complete
07-04 23:04:49.813 10293 10293 V NearbyFragment: Transfer to Endpoint{id=d-d8, name=Galaxy S8 [2802]} complete
07-04 23:04:51.905 10293 10293 V NearbyFragment: Transfer to Endpoint{id=d-d8, name=Galaxy S8 [2802]} complete
07-04 23:04:52.056 10293 10293 D NearbyFragment: onPayloadReceived(endpointId=5zqo, payload=com.google.android.gms.nearby.connection.Payload@ada0ea8)
07-04 23:04:52.058 10293 10293 D NearbyFragment: 20200312_193928!000.mp4 from Endpoint{id=5zqo, name=Nexus 5 [1825]} contained no activity
07-04 23:04:52.060 10293 10293 V NearbyFragment: Received a segment of 20200312_193928
07-04 23:04:52.062 10293 10293 V NearbyFragment: nextTransfer with selected algorithm: best_or_local
07-04 23:04:52.065 10293 10293 W NearbyFragment: Sending 20200312_193928!003.mp4 to Nexus 5 [1825]
07-04 23:04:52.077 10293 10293 V NearbyFragment: Transfer to Endpoint{id=5zqo, name=Nexus 5 [1825]} complete
07-04 23:04:52.080 10293 10293 V NearbyFragment: Transfer to Endpoint{id=5zqo, name=Nexus 5 [1825]} complete
07-04 23:04:53.084 10293 10293 D NearbyFragment: onPayloadReceived(endpointId=d-d8, payload=com.google.android.gms.nearby.connection.Payload@dfbe4a7)
07-04 23:04:53.085 10293 10293 D NearbyFragment: Endpoint{id=d-d8, name=Galaxy S8 [2802]} has finished downloading 20200312_193928!002.mp4
07-04 23:04:53.151 10293 10293 V NearbyFragment: Transfer to Endpoint{id=d-d8, name=Galaxy S8 [2802]} complete
07-04 23:04:54.219 10293 10293 V NearbyFragment: Transfer to Endpoint{id=5zqo, name=Nexus 5 [1825]} complete
07-04 23:04:54.849 10293 10293 D NearbyFragment: onPayloadReceived(endpointId=5zqo, payload=com.google.android.gms.nearby.connection.Payload@4156d54)
07-04 23:04:54.851 10293 10293 D NearbyFragment: Endpoint{id=5zqo, name=Nexus 5 [1825]} has finished downloading 20200312_193928!003.mp4
07-04 23:04:54.891 10293 10293 V NearbyFragment: Transfer to Endpoint{id=5zqo, name=Nexus 5 [1825]} complete
07-04 23:04:55.252 10293 10293 D NearbyFragment: onPayloadReceived(endpointId=d-d8, payload=com.google.android.gms.nearby.connection.Payload@76754fd)
07-04 23:04:55.254 10293 10293 D NearbyFragment: 20200312_193928!002.mp4 from Endpoint{id=d-d8, name=Galaxy S8 [2802]} contained no activity
07-04 23:04:55.255 10293 10293 V NearbyFragment: Received a segment of 20200312_193928
07-04 23:04:55.256 10293 10293 I NearbyFragment: Transfer queue is empty
07-04 23:04:55.291 10293 10293 V NearbyFragment: Transfer to Endpoint{id=d-d8, name=Galaxy S8 [2802]} complete
07-04 23:04:59.442 10293 10293 D NearbyFragment: onPayloadReceived(endpointId=5zqo, payload=com.google.android.gms.nearby.connection.Payload@b9275f2)
07-04 23:04:59.444 10293 10293 D NearbyFragment: 20200312_193928!003.mp4 from Endpoint{id=5zqo, name=Nexus 5 [1825]} contained no activity
07-04 23:04:59.445 10293 10293 D NearbyFragment: Received all summarised video segments of 20200312_193928
07-04 23:04:59.459 10293 10293 V FileManager: External storage is readable
07-04 23:04:59.461 10293 10293 V FileManager: Created new directory: /storage/emulated/0/Movies/segment-sum/20200312_193928
07-04 23:04:59.464 10293 10293 D FfmpegTools: Merging /storage/emulated/0/Movies/summarised/20200312_193928.mp4
07-04 23:04:59.464 10293 10293 D FfmpegTools: No split videos to merge
07-04 23:04:59.464 10293 10293 V RawFootageEventHandler: removeByName
07-04 23:04:59.466 10293 10293 V ProcessingVideosEventHandler: removeByName
07-04 23:04:59.468 10293 10293 V NearbyFragment: Removing video segment map for 20200312_193928
07-04 23:04:59.469 10293 10293 I NearbyFragment: Transfer queue is empty
07-04 23:04:59.470 10293 10293 V NearbyFragment: Transfer to Endpoint{id=5zqo, name=Nexus 5 [1825]} complete
07-04 23:05:01.010 10293 10502 V VideoManager: Retrieving video from /storage/emulated/0/Movies/raw/20200312_194129.mp4
07-04 23:05:01.022 10293 10502 D VideoManager: videoCursor is null
07-04 23:05:01.050 10293 10502 V VideoManager: videoFromCursor
07-04 23:05:01.053 10293 10502 W DashDownloadManager: Successfully downloaded 20200312_194129.mp4 in 30.253s
07-04 23:05:01.054 10293 10502 V DownloadTestVideosTask: Entering callback for download completion of 20200312_194129.mp4
07-04 23:05:01.055 10293 10502 V RawFootageEventHandler: onAdd
07-04 23:05:01.056 10293 10502 V FfmpegTools: Retrieving duration of /storage/emulated/0/Movies/raw/20200312_194129.mp4
07-04 23:05:01.067 10293 10516 W mobile-ffmpeg: [mov,mp4,m4a,3gp,3g2,mj2 @ 0x73955fa600] Found duplicated MOOV Atom. Skipped it
07-04 23:05:01.138 10293 10516 I mobile-ffmpeg: Input #0, mov,mp4,m4a,3gp,3g2,mj2, from '/storage/emulated/0/Movies/raw/20200312_194129.mp4':
07-04 23:05:01.139 10293 10516 I mobile-ffmpeg:   Metadata:
07-04 23:05:01.139 10293 10516 I mobile-ffmpeg:     creation_time   : 
07-04 23:05:01.139 10293 10516 I mobile-ffmpeg: 2020-03-12T08:42:29.000000Z
07-04 23:05:01.139 10293 10516 I mobile-ffmpeg: 
07-04 23:05:01.139 10293 10516 I mobile-ffmpeg:     major_brand     : 
07-04 23:05:01.139 10293 10516 I mobile-ffmpeg: mp42
07-04 23:05:01.139 10293 10516 I mobile-ffmpeg: 
07-04 23:05:01.139 10293 10516 I mobile-ffmpeg:     minor_version   : 
07-04 23:05:01.139 10293 10516 I mobile-ffmpeg: 1
07-04 23:05:01.139 10293 10516 I mobile-ffmpeg: 
07-04 23:05:01.139 10293 10516 I mobile-ffmpeg:     compatible_brands: 
07-04 23:05:01.139 10293 10516 I mobile-ffmpeg: mp42mp42
07-04 23:05:01.139 10293 10516 I mobile-ffmpeg: 
07-04 23:05:01.139 10293 10516 I mobile-ffmpeg:   Duration: 
07-04 23:05:01.139 10293 10516 I mobile-ffmpeg: 00:01:00.02
07-04 23:05:01.140 10293 10516 I mobile-ffmpeg: , start: 
07-04 23:05:01.140 10293 10516 I mobile-ffmpeg: 0.000000
07-04 23:05:01.140 10293 10516 I mobile-ffmpeg: , bitrate: 
07-04 23:05:01.140 10293 10516 I mobile-ffmpeg: 9328 kb/s
07-04 23:05:01.140 10293 10516 I mobile-ffmpeg: 
07-04 23:05:01.140 10293 10516 I mobile-ffmpeg:     Stream #0:0
07-04 23:05:01.140 10293 10516 I mobile-ffmpeg: (eng)
07-04 23:05:01.140 10293 10516 I mobile-ffmpeg: : Video: h264 (avc1 / 0x31637661), yuvj420p(pc, bt709), 1280x720, 8370 kb/s
07-04 23:05:01.140 10293 10516 I mobile-ffmpeg: , 
07-04 23:05:01.140 10293 10516 I mobile-ffmpeg: 29.97 fps, 
07-04 23:05:01.140 10293 10516 I mobile-ffmpeg: 29.97 tbr, 
07-04 23:05:01.140 10293 10516 I mobile-ffmpeg: 1k tbn, 
07-04 23:05:01.140 10293 10516 I mobile-ffmpeg: 2k tbc
07-04 23:05:01.140 10293 10516 I mobile-ffmpeg:  (default)
07-04 23:05:01.140 10293 10516 I mobile-ffmpeg: 
07-04 23:05:01.140 10293 10516 I mobile-ffmpeg:     Metadata:
07-04 23:05:01.140 10293 10516 I mobile-ffmpeg:       creation_time   : 
07-04 23:05:01.140 10293 10516 I mobile-ffmpeg: 2020-03-12T08:42:29.000000Z
07-04 23:05:01.140 10293 10516 I mobile-ffmpeg: 
07-04 23:05:01.140 10293 10516 I mobile-ffmpeg:       handler_name    : 
07-04 23:05:01.141 10293 10516 I mobile-ffmpeg: PittaSoft Video Media Handler
07-04 23:05:01.141 10293 10516 I mobile-ffmpeg: 
07-04 23:05:01.141 10293 10516 I mobile-ffmpeg:     Stream #0:1
07-04 23:05:01.141 10293 10516 I mobile-ffmpeg: (eng)
07-04 23:05:01.141 10293 10516 I mobile-ffmpeg: : Audio: aac (mp4a / 0x6134706D), 16000 Hz, stereo, fltp, 47 kb/s
07-04 23:05:01.141 10293 10516 I mobile-ffmpeg:  (default)
07-04 23:05:01.141 10293 10516 I mobile-ffmpeg: 
07-04 23:05:01.141 10293 10516 I mobile-ffmpeg:     Metadata:
07-04 23:05:01.141 10293 10516 I mobile-ffmpeg:       creation_time   : 
07-04 23:05:01.141 10293 10516 I mobile-ffmpeg: 2020-03-12T08:42:29.000000Z
07-04 23:05:01.141 10293 10516 I mobile-ffmpeg: 
07-04 23:05:01.141 10293 10516 I mobile-ffmpeg:       handler_name    : 
07-04 23:05:01.141 10293 10516 I mobile-ffmpeg: PittaSoft Sound Media Handler
07-04 23:05:01.141 10293 10516 I mobile-ffmpeg: 
07-04 23:05:01.163 10293 10502 V FileManager: External storage is readable
07-04 23:05:01.165 10293 10502 V FileManager: Created new directory: /storage/emulated/0/Movies/segment/20200312_194129
07-04 23:05:01.166 10293 10502 V FfmpegTools: Splitting /storage/emulated/0/Movies/raw/20200312_194129.mp4 with 16s long segments
07-04 23:05:01.168 10293 10502 I FfmpegTools: Running ffmpeg with:
07-04 23:05:01.168 10293 10502 I FfmpegTools:   -y -i /storage/emulated/0/Movies/raw/20200312_194129.mp4 -map 0 -c copy -f segment -reset_timestamps 1 -segment_time 16 /storage/emulated/0/Movies/segment/20200312_194129/20200312_194129!%03d.mp4
07-04 23:05:01.189 10293 10516 W mobile-ffmpeg: [mov,mp4,m4a,3gp,3g2,mj2 @ 0x73955fa600] Found duplicated MOOV Atom. Skipped it
07-04 23:05:01.258 10293 10516 I mobile-ffmpeg: Input #0, mov,mp4,m4a,3gp,3g2,mj2, from '/storage/emulated/0/Movies/raw/20200312_194129.mp4':
07-04 23:05:01.258 10293 10516 I mobile-ffmpeg:   Metadata:
07-04 23:05:01.258 10293 10516 I mobile-ffmpeg:     creation_time   : 
07-04 23:05:01.258 10293 10516 I mobile-ffmpeg: 2020-03-12T08:42:29.000000Z
07-04 23:05:01.258 10293 10516 I mobile-ffmpeg: 
07-04 23:05:01.258 10293 10516 I mobile-ffmpeg:     major_brand     : 
07-04 23:05:01.258 10293 10516 I mobile-ffmpeg: mp42
07-04 23:05:01.258 10293 10516 I mobile-ffmpeg: 
07-04 23:05:01.258 10293 10516 I mobile-ffmpeg:     minor_version   : 
07-04 23:05:01.258 10293 10516 I mobile-ffmpeg: 1
07-04 23:05:01.258 10293 10516 I mobile-ffmpeg: 
07-04 23:05:01.259 10293 10516 I mobile-ffmpeg:     compatible_brands: 
07-04 23:05:01.259 10293 10516 I mobile-ffmpeg: mp42mp42
07-04 23:05:01.259 10293 10516 I mobile-ffmpeg: 
07-04 23:05:01.259 10293 10516 I mobile-ffmpeg:   Duration: 
07-04 23:05:01.259 10293 10516 I mobile-ffmpeg: 00:01:00.02
07-04 23:05:01.259 10293 10516 I mobile-ffmpeg: , start: 
07-04 23:05:01.259 10293 10516 I mobile-ffmpeg: 0.000000
07-04 23:05:01.259 10293 10516 I mobile-ffmpeg: , bitrate: 
07-04 23:05:01.259 10293 10516 I mobile-ffmpeg: 9328 kb/s
07-04 23:05:01.259 10293 10516 I mobile-ffmpeg: 
07-04 23:05:01.259 10293 10516 I mobile-ffmpeg:     Stream #0:0
07-04 23:05:01.259 10293 10516 I mobile-ffmpeg: (eng)
07-04 23:05:01.259 10293 10516 I mobile-ffmpeg: : Video: h264 (avc1 / 0x31637661), yuvj420p(pc, bt709), 1280x720, 8370 kb/s
07-04 23:05:01.259 10293 10516 I mobile-ffmpeg: , 
07-04 23:05:01.259 10293 10516 I mobile-ffmpeg: 29.97 fps, 
07-04 23:05:01.259 10293 10516 I mobile-ffmpeg: 29.97 tbr, 
07-04 23:05:01.259 10293 10516 I mobile-ffmpeg: 1k tbn, 
07-04 23:05:01.260 10293 10516 I mobile-ffmpeg: 2k tbc
07-04 23:05:01.260 10293 10516 I mobile-ffmpeg:  (default)
07-04 23:05:01.260 10293 10516 I mobile-ffmpeg: 
07-04 23:05:01.260 10293 10516 I mobile-ffmpeg:     Metadata:
07-04 23:05:01.260 10293 10516 I mobile-ffmpeg:       creation_time   : 
07-04 23:05:01.260 10293 10516 I mobile-ffmpeg: 2020-03-12T08:42:29.000000Z
07-04 23:05:01.260 10293 10516 I mobile-ffmpeg: 
07-04 23:05:01.260 10293 10516 I mobile-ffmpeg:       handler_name    : 
07-04 23:05:01.260 10293 10516 I mobile-ffmpeg: PittaSoft Video Media Handler
07-04 23:05:01.269 10293 10516 I mobile-ffmpeg: 
07-04 23:05:01.269 10293 10516 I mobile-ffmpeg:     Stream #0:1
07-04 23:05:01.269 10293 10516 I mobile-ffmpeg: (eng)
07-04 23:05:01.269 10293 10516 I mobile-ffmpeg: : Audio: aac (mp4a / 0x6134706D), 16000 Hz, stereo, fltp, 47 kb/s
07-04 23:05:01.269 10293 10516 I mobile-ffmpeg:  (default)
07-04 23:05:01.269 10293 10516 I mobile-ffmpeg: 
07-04 23:05:01.269 10293 10516 I mobile-ffmpeg:     Metadata:
07-04 23:05:01.269 10293 10516 I mobile-ffmpeg:       creation_time   : 
07-04 23:05:01.269 10293 10516 I mobile-ffmpeg: 2020-03-12T08:42:29.000000Z
07-04 23:05:01.269 10293 10516 I mobile-ffmpeg: 
07-04 23:05:01.270 10293 10516 I mobile-ffmpeg:       handler_name    : 
07-04 23:05:01.270 10293 10516 I mobile-ffmpeg: PittaSoft Sound Media Handler
07-04 23:05:01.270 10293 10516 I mobile-ffmpeg: 
07-04 23:05:01.270 10293 10516 I mobile-ffmpeg: [segment @ 0x73955fb800] Opening '/storage/emulated/0/Movies/segment/20200312_194129/20200312_194129!000.mp4' for writing
07-04 23:05:01.270 10293 10516 I mobile-ffmpeg: Output #0, segment, to '/storage/emulated/0/Movies/segment/20200312_194129/20200312_194129!%03d.mp4':
07-04 23:05:01.270 10293 10516 I mobile-ffmpeg:   Metadata:
07-04 23:05:01.270 10293 10516 I mobile-ffmpeg:     compatible_brands: 
07-04 23:05:01.270 10293 10516 I mobile-ffmpeg: mp42mp42
07-04 23:05:01.270 10293 10516 I mobile-ffmpeg: 
07-04 23:05:01.270 10293 10516 I mobile-ffmpeg:     major_brand     : 
07-04 23:05:01.270 10293 10516 I mobile-ffmpeg: mp42
07-04 23:05:01.270 10293 10516 I mobile-ffmpeg: 
07-04 23:05:01.270 10293 10516 I mobile-ffmpeg:     minor_version   : 
07-04 23:05:01.271 10293 10516 I mobile-ffmpeg: 1
07-04 23:05:01.271 10293 10516 I mobile-ffmpeg: 
07-04 23:05:01.271 10293 10516 I mobile-ffmpeg:     encoder         : 
07-04 23:05:01.272 10293 10516 I mobile-ffmpeg: Lavf58.42.100
07-04 23:05:01.272 10293 10516 I mobile-ffmpeg: 
07-04 23:05:01.272 10293 10516 I mobile-ffmpeg:     Stream #0:0
07-04 23:05:01.272 10293 10516 I mobile-ffmpeg: (eng)
07-04 23:05:01.272 10293 10516 I mobile-ffmpeg: : Video: h264 (avc1 / 0x31637661), yuvj420p(pc, bt709), 1280x720, q=2-31, 8370 kb/s
07-04 23:05:01.272 10293 10516 I mobile-ffmpeg: , 
07-04 23:05:01.272 10293 10516 I mobile-ffmpeg: 29.97 fps, 
07-04 23:05:01.274 10293 10516 I mobile-ffmpeg: 29.97 tbr, 
07-04 23:05:01.275 10293 10516 I mobile-ffmpeg: 16k tbn, 
07-04 23:05:01.275 10293 10516 I mobile-ffmpeg: 1k tbc
07-04 23:05:01.275 10293 10516 I mobile-ffmpeg:  (default)
07-04 23:05:01.276 10293 10516 I mobile-ffmpeg: 
07-04 23:05:01.276 10293 10516 I mobile-ffmpeg:     Metadata:
07-04 23:05:01.276 10293 10516 I mobile-ffmpeg:       creation_time   : 
07-04 23:05:01.276 10293 10516 I mobile-ffmpeg: 2020-03-12T08:42:29.000000Z
07-04 23:05:01.276 10293 10516 I mobile-ffmpeg: 
07-04 23:05:01.276 10293 10516 I mobile-ffmpeg:       handler_name    : 
07-04 23:05:01.276 10293 10516 I mobile-ffmpeg: PittaSoft Video Media Handler
07-04 23:05:01.276 10293 10516 I mobile-ffmpeg: 
07-04 23:05:01.276 10293 10516 I mobile-ffmpeg:     Stream #0:1
07-04 23:05:01.276 10293 10516 I mobile-ffmpeg: (eng)
07-04 23:05:01.277 10293 10516 I mobile-ffmpeg: : Audio: aac (mp4a / 0x6134706D), 16000 Hz, stereo, fltp, 47 kb/s
07-04 23:05:01.277 10293 10516 I mobile-ffmpeg:  (default)
07-04 23:05:01.277 10293 10516 I mobile-ffmpeg: 
07-04 23:05:01.277 10293 10516 I mobile-ffmpeg:     Metadata:
07-04 23:05:01.277 10293 10516 I mobile-ffmpeg:       creation_time   : 
07-04 23:05:01.277 10293 10516 I mobile-ffmpeg: 2020-03-12T08:42:29.000000Z
07-04 23:05:01.277 10293 10516 I mobile-ffmpeg: 
07-04 23:05:01.277 10293 10516 I mobile-ffmpeg:       handler_name    : 
07-04 23:05:01.277 10293 10516 I mobile-ffmpeg: PittaSoft Sound Media Handler
07-04 23:05:01.277 10293 10516 I mobile-ffmpeg: 
07-04 23:05:01.277 10293 10516 I mobile-ffmpeg: Stream mapping:
07-04 23:05:01.277 10293 10516 I mobile-ffmpeg:   Stream #0:0 -> #0:0
07-04 23:05:01.277 10293 10516 I mobile-ffmpeg:  (copy)
07-04 23:05:01.277 10293 10516 I mobile-ffmpeg: 
07-04 23:05:01.278 10293 10516 I mobile-ffmpeg:   Stream #0:1 -> #0:1
07-04 23:05:01.278 10293 10516 I mobile-ffmpeg:  (copy)
07-04 23:05:01.278 10293 10516 I mobile-ffmpeg: 
07-04 23:05:01.278 10293 10516 I mobile-ffmpeg: Press [q] to stop, [?] for help
07-04 23:05:01.278 10293 10516 I mobile-ffmpeg: frame=    1 fps=0.0 q=-1.0 size=N/A time=00:00:00.00 bitrate=N/A speed=  21x    
07-04 23:05:01.461 10293 10516 I mobile-ffmpeg: [segment @ 0x73955fb800] Opening '/storage/emulated/0/Movies/segment/20200312_194129/20200312_194129!001.mp4' for writing
07-04 23:05:01.655 10293 10516 I mobile-ffmpeg: [segment @ 0x73955fb800] Opening '/storage/emulated/0/Movies/segment/20200312_194129/20200312_194129!002.mp4' for writing
07-04 23:05:01.764 10293 10516 I mobile-ffmpeg: frame= 1234 fps=0.0 q=-1.0 size=N/A time=00:00:41.13 bitrate=N/A speed=82.2x    
07-04 23:05:01.876 10293 10516 I mobile-ffmpeg: [segment @ 0x73955fb800] Opening '/storage/emulated/0/Movies/segment/20200312_194129/20200312_194129!003.mp4' for writing
07-04 23:05:02.059 10293 10516 I mobile-ffmpeg: frame= 1800 fps=0.0 q=-1.0 Lsize=N/A time=00:01:00.03 bitrate=N/A speed=75.4x    
07-04 23:05:02.060 10293 10516 I mobile-ffmpeg: video:61330kB audio:346kB subtitle:0kB other streams:0kB global headers:0kB muxing overhead: 
07-04 23:05:02.060 10293 10516 I mobile-ffmpeg: unknown
07-04 23:05:02.060 10293 10516 I mobile-ffmpeg: 
07-04 23:05:02.064 10293 10502 V FileManager: External storage is readable
07-04 23:05:02.065 10293 10502 V FileManager: Directory already exists: /storage/emulated/0/Movies/segment/20200312_194129
07-04 23:05:02.065 10293 10502 V VideoManager: Retrieving videos from /storage/emulated/0/Movies/segment/20200312_194129
07-04 23:05:02.066 10293 10502 V VideoManager: Retrieving video from /storage/emulated/0/Movies/segment/20200312_194129/20200312_194129!000.mp4
07-04 23:05:02.075 10293 10502 V VideoManager: videoFromCursor
07-04 23:05:02.077 10293 10502 V VideoManager: Retrieving video from /storage/emulated/0/Movies/segment/20200312_194129/20200312_194129!001.mp4
07-04 23:05:02.085 10293 10502 V VideoManager: videoFromCursor
07-04 23:05:02.088 10293 10502 V VideoManager: Retrieving video from /storage/emulated/0/Movies/segment/20200312_194129/20200312_194129!002.mp4
07-04 23:05:02.096 10293 10502 V VideoManager: videoFromCursor
07-04 23:05:02.099 10293 10502 V VideoManager: Retrieving video from /storage/emulated/0/Movies/segment/20200312_194129/20200312_194129!003.mp4
07-04 23:05:02.106 10293 10502 V VideoManager: videoFromCursor
07-04 23:05:02.110 10293 10502 V NearbyFragment: nextTransfer with selected algorithm: best_or_local
07-04 23:05:02.112 10293 10502 W NearbyFragment: Sending 20200312_194129!000.mp4 to Galaxy S8 [2802]
07-04 23:05:02.125 10293 10293 V NearbyFragment: Transfer to Endpoint{id=d-d8, name=Galaxy S8 [2802]} complete
07-04 23:05:03.116 10293 10502 V DownloadTestVideosTask: Starting DownloadTestVideosTask
07-04 23:05:03.121 10293 10502 V DashDownloadManager: Started downloading: 20200312_194229.mp4
07-04 23:05:04.344 10293 10293 V NearbyFragment: Transfer to Endpoint{id=d-d8, name=Galaxy S8 [2802]} complete
07-04 23:05:04.666 10293 10293 D NearbyFragment: onPayloadReceived(endpointId=d-d8, payload=com.google.android.gms.nearby.connection.Payload@ba112ec)
07-04 23:05:04.667 10293 10293 D NearbyFragment: Endpoint{id=d-d8, name=Galaxy S8 [2802]} has finished downloading 20200312_194129!000.mp4
07-04 23:05:04.671 10293 10293 V NearbyFragment: Transfer to Endpoint{id=d-d8, name=Galaxy S8 [2802]} complete
07-04 23:05:06.719 10293 10293 D NearbyFragment: onPayloadReceived(endpointId=d-d8, payload=com.google.android.gms.nearby.connection.Payload@5e126b5)
07-04 23:05:06.721 10293 10293 D NearbyFragment: 20200312_194129!000.mp4 from Endpoint{id=d-d8, name=Galaxy S8 [2802]} contained no activity
07-04 23:05:06.722 10293 10293 V NearbyFragment: Received a segment of 20200312_194129
07-04 23:05:06.725 10293 10293 V NearbyFragment: nextTransfer with selected algorithm: best_or_local
07-04 23:05:06.730 10293 10293 W NearbyFragment: Sending 20200312_194129!001.mp4 to Galaxy S8 [2802]
07-04 23:05:06.737 10293 10293 V NearbyFragment: Transfer to Endpoint{id=d-d8, name=Galaxy S8 [2802]} complete
07-04 23:05:06.749 10293 10293 V NearbyFragment: Transfer to Endpoint{id=d-d8, name=Galaxy S8 [2802]} complete
07-04 23:05:08.647 10293 10293 V NearbyFragment: Transfer to Endpoint{id=d-d8, name=Galaxy S8 [2802]} complete
07-04 23:05:09.223 10293 10293 D NearbyFragment: onPayloadReceived(endpointId=d-d8, payload=com.google.android.gms.nearby.connection.Payload@e0271d8)
07-04 23:05:09.225 10293 10293 D NearbyFragment: Endpoint{id=d-d8, name=Galaxy S8 [2802]} has finished downloading 20200312_194129!001.mp4
07-04 23:05:09.295 10293 10293 V NearbyFragment: Transfer to Endpoint{id=d-d8, name=Galaxy S8 [2802]} complete
07-04 23:05:15.506 10293 10293 D NearbyFragment: onPayloadReceived(endpointId=d-d8, payload=com.google.android.gms.nearby.connection.Payload@aca7931)
07-04 23:05:15.508 10293 10293 V NearbyFragment: Started downloading 20200312_194129!001.mp4 from Endpoint{id=d-d8, name=Galaxy S8 [2802]}
07-04 23:05:15.513 10293 10293 V NearbyFragment: nextTransfer with selected algorithm: best_or_local
07-04 23:05:15.518 10293 10293 W NearbyFragment: Sending 20200312_194129!002.mp4 to Galaxy S8 [2802]
07-04 23:05:15.524 10293 10293 V NearbyFragment: Transfer to Endpoint{id=d-d8, name=Galaxy S8 [2802]} complete
07-04 23:05:15.539 10293 10293 V NearbyFragment: Transfer to Endpoint{id=d-d8, name=Galaxy S8 [2802]} complete
07-04 23:05:15.632 10293 10293 D NearbyFragment: onPayloadReceived(endpointId=d-d8, payload=com.google.android.gms.nearby.connection.Payload@618d384)
07-04 23:05:16.312 10293 10293 V NearbyFragment: Transfer to Endpoint{id=d-d8, name=Galaxy S8 [2802]} complete
07-04 23:05:16.316 10293 10293 W NearbyFragment: Completed downloading 20200312_194129!001.mp4 from Endpoint{id=d-d8, name=Galaxy S8 [2802]} in 00.803s
07-04 23:05:16.330 10293 10293 V FileManager: External storage is readable
07-04 23:05:16.332 10293 10293 V FileManager: Created new directory: /storage/emulated/0/Movies/segment-sum/20200312_194129
07-04 23:05:16.368 10293 10293 V NearbyFragment: Received a segment of 20200312_194129
07-04 23:05:17.983 10293 10293 V NearbyFragment: Transfer to Endpoint{id=d-d8, name=Galaxy S8 [2802]} complete
07-04 23:05:18.481 10293 10293 D NearbyFragment: onPayloadReceived(endpointId=d-d8, payload=com.google.android.gms.nearby.connection.Payload@51c776d)
07-04 23:05:18.482 10293 10293 D NearbyFragment: Endpoint{id=d-d8, name=Galaxy S8 [2802]} has finished downloading 20200312_194129!002.mp4
07-04 23:05:18.522 10293 10293 V NearbyFragment: Transfer to Endpoint{id=d-d8, name=Galaxy S8 [2802]} complete
07-04 23:05:23.047 10293 10502 V VideoManager: Retrieving video from /storage/emulated/0/Movies/raw/20200312_194229.mp4
07-04 23:05:23.059 10293 10502 D VideoManager: videoCursor is null
07-04 23:05:23.092 10293 10502 V VideoManager: videoFromCursor
07-04 23:05:23.097 10293 10502 W DashDownloadManager: Successfully downloaded 20200312_194229.mp4 in 19.925s
07-04 23:05:23.098 10293 10502 V DownloadTestVideosTask: Entering callback for download completion of 20200312_194229.mp4
07-04 23:05:23.099 10293 10502 V RawFootageEventHandler: onAdd
07-04 23:05:23.103 10293 10502 V FfmpegTools: Retrieving duration of /storage/emulated/0/Movies/raw/20200312_194229.mp4
07-04 23:05:23.115 10293 10516 W mobile-ffmpeg: [mov,mp4,m4a,3gp,3g2,mj2 @ 0x73955fa600] Found duplicated MOOV Atom. Skipped it
07-04 23:05:23.243 10293 10516 I mobile-ffmpeg: Input #0, mov,mp4,m4a,3gp,3g2,mj2, from '/storage/emulated/0/Movies/raw/20200312_194229.mp4':
07-04 23:05:23.243 10293 10516 I mobile-ffmpeg:   Metadata:
07-04 23:05:23.243 10293 10516 I mobile-ffmpeg:     creation_time   : 
07-04 23:05:23.243 10293 10516 I mobile-ffmpeg: 2020-03-12T08:43:29.000000Z
07-04 23:05:23.243 10293 10516 I mobile-ffmpeg: 
07-04 23:05:23.243 10293 10516 I mobile-ffmpeg:     major_brand     : 
07-04 23:05:23.243 10293 10516 I mobile-ffmpeg: mp42
07-04 23:05:23.243 10293 10516 I mobile-ffmpeg: 
07-04 23:05:23.243 10293 10516 I mobile-ffmpeg:     minor_version   : 
07-04 23:05:23.243 10293 10516 I mobile-ffmpeg: 1
07-04 23:05:23.243 10293 10516 I mobile-ffmpeg: 
07-04 23:05:23.243 10293 10516 I mobile-ffmpeg:     compatible_brands: 
07-04 23:05:23.244 10293 10516 I mobile-ffmpeg: mp42mp42
07-04 23:05:23.244 10293 10516 I mobile-ffmpeg: 
07-04 23:05:23.244 10293 10516 I mobile-ffmpeg:   Duration: 
07-04 23:05:23.244 10293 10516 I mobile-ffmpeg: 00:01:00.02
07-04 23:05:23.244 10293 10516 I mobile-ffmpeg: , start: 
07-04 23:05:23.244 10293 10516 I mobile-ffmpeg: 0.000000
07-04 23:05:23.244 10293 10516 I mobile-ffmpeg: , bitrate: 
07-04 23:05:23.244 10293 10516 I mobile-ffmpeg: 9328 kb/s
07-04 23:05:23.244 10293 10516 I mobile-ffmpeg: 
07-04 23:05:23.244 10293 10516 I mobile-ffmpeg:     Stream #0:0
07-04 23:05:23.244 10293 10516 I mobile-ffmpeg: (eng)
07-04 23:05:23.245 10293 10516 I mobile-ffmpeg: : Video: h264 (avc1 / 0x31637661), yuvj420p(pc, bt709), 1280x720, 8399 kb/s
07-04 23:05:23.245 10293 10516 I mobile-ffmpeg: , 
07-04 23:05:23.245 10293 10516 I mobile-ffmpeg: 29.97 fps, 
07-04 23:05:23.245 10293 10516 I mobile-ffmpeg: 29.97 tbr, 
07-04 23:05:23.245 10293 10516 I mobile-ffmpeg: 1k tbn, 
07-04 23:05:23.245 10293 10516 I mobile-ffmpeg: 2k tbc
07-04 23:05:23.245 10293 10516 I mobile-ffmpeg:  (default)
07-04 23:05:23.245 10293 10516 I mobile-ffmpeg: 
07-04 23:05:23.245 10293 10516 I mobile-ffmpeg:     Metadata:
07-04 23:05:23.245 10293 10516 I mobile-ffmpeg:       creation_time   : 
07-04 23:05:23.245 10293 10516 I mobile-ffmpeg: 2020-03-12T08:43:29.000000Z
07-04 23:05:23.245 10293 10516 I mobile-ffmpeg: 
07-04 23:05:23.245 10293 10516 I mobile-ffmpeg:       handler_name    : 
07-04 23:05:23.245 10293 10516 I mobile-ffmpeg: PittaSoft Video Media Handler
07-04 23:05:23.245 10293 10516 I mobile-ffmpeg: 
07-04 23:05:23.245 10293 10516 I mobile-ffmpeg:     Stream #0:1
07-04 23:05:23.245 10293 10516 I mobile-ffmpeg: (eng)
07-04 23:05:23.246 10293 10516 I mobile-ffmpeg: : Audio: aac (mp4a / 0x6134706D), 16000 Hz, stereo, fltp, 47 kb/s
07-04 23:05:23.246 10293 10516 I mobile-ffmpeg:  (default)
07-04 23:05:23.246 10293 10516 I mobile-ffmpeg: 
07-04 23:05:23.246 10293 10516 I mobile-ffmpeg:     Metadata:
07-04 23:05:23.246 10293 10516 I mobile-ffmpeg:       creation_time   : 
07-04 23:05:23.246 10293 10516 I mobile-ffmpeg: 2020-03-12T08:43:29.000000Z
07-04 23:05:23.246 10293 10516 I mobile-ffmpeg: 
07-04 23:05:23.246 10293 10516 I mobile-ffmpeg:       handler_name    : 
07-04 23:05:23.246 10293 10516 I mobile-ffmpeg: PittaSoft Sound Media Handler
07-04 23:05:23.246 10293 10516 I mobile-ffmpeg: 
07-04 23:05:23.271 10293 10502 V FileManager: External storage is readable
07-04 23:05:23.273 10293 10502 V FileManager: Created new directory: /storage/emulated/0/Movies/segment/20200312_194229
07-04 23:05:23.274 10293 10502 V FfmpegTools: Splitting /storage/emulated/0/Movies/raw/20200312_194229.mp4 with 16s long segments
07-04 23:05:23.275 10293 10502 I FfmpegTools: Running ffmpeg with:
07-04 23:05:23.275 10293 10502 I FfmpegTools:   -y -i /storage/emulated/0/Movies/raw/20200312_194229.mp4 -map 0 -c copy -f segment -reset_timestamps 1 -segment_time 16 /storage/emulated/0/Movies/segment/20200312_194229/20200312_194229!%03d.mp4
07-04 23:05:23.299 10293 10516 W mobile-ffmpeg: [mov,mp4,m4a,3gp,3g2,mj2 @ 0x73955fa600] Found duplicated MOOV Atom. Skipped it
07-04 23:05:23.429 10293 10516 I mobile-ffmpeg: Input #0, mov,mp4,m4a,3gp,3g2,mj2, from '/storage/emulated/0/Movies/raw/20200312_194229.mp4':
07-04 23:05:23.430 10293 10516 I mobile-ffmpeg:   Metadata:
07-04 23:05:23.430 10293 10516 I mobile-ffmpeg:     creation_time   : 
07-04 23:05:23.430 10293 10516 I mobile-ffmpeg: 2020-03-12T08:43:29.000000Z
07-04 23:05:23.430 10293 10516 I mobile-ffmpeg: 
07-04 23:05:23.430 10293 10516 I mobile-ffmpeg:     major_brand     : 
07-04 23:05:23.430 10293 10516 I mobile-ffmpeg: mp42
07-04 23:05:23.430 10293 10516 I mobile-ffmpeg: 
07-04 23:05:23.430 10293 10516 I mobile-ffmpeg:     minor_version   : 
07-04 23:05:23.430 10293 10516 I mobile-ffmpeg: 1
07-04 23:05:23.430 10293 10516 I mobile-ffmpeg: 
07-04 23:05:23.430 10293 10516 I mobile-ffmpeg:     compatible_brands: 
07-04 23:05:23.430 10293 10516 I mobile-ffmpeg: mp42mp42
07-04 23:05:23.430 10293 10516 I mobile-ffmpeg: 
07-04 23:05:23.430 10293 10516 I mobile-ffmpeg:   Duration: 
07-04 23:05:23.430 10293 10516 I mobile-ffmpeg: 00:01:00.02
07-04 23:05:23.430 10293 10516 I mobile-ffmpeg: , start: 
07-04 23:05:23.430 10293 10516 I mobile-ffmpeg: 0.000000
07-04 23:05:23.430 10293 10516 I mobile-ffmpeg: , bitrate: 
07-04 23:05:23.430 10293 10516 I mobile-ffmpeg: 9328 kb/s
07-04 23:05:23.430 10293 10516 I mobile-ffmpeg: 
07-04 23:05:23.431 10293 10516 I mobile-ffmpeg:     Stream #0:0
07-04 23:05:23.431 10293 10516 I mobile-ffmpeg: (eng)
07-04 23:05:23.431 10293 10516 I mobile-ffmpeg: : Video: h264 (avc1 / 0x31637661), yuvj420p(pc, bt709), 1280x720, 8399 kb/s
07-04 23:05:23.431 10293 10516 I mobile-ffmpeg: , 
07-04 23:05:23.431 10293 10516 I mobile-ffmpeg: 29.97 fps, 
07-04 23:05:23.431 10293 10516 I mobile-ffmpeg: 29.97 tbr, 
07-04 23:05:23.431 10293 10516 I mobile-ffmpeg: 1k tbn, 
07-04 23:05:23.431 10293 10516 I mobile-ffmpeg: 2k tbc
07-04 23:05:23.431 10293 10516 I mobile-ffmpeg:  (default)
07-04 23:05:23.431 10293 10516 I mobile-ffmpeg: 
07-04 23:05:23.431 10293 10516 I mobile-ffmpeg:     Metadata:
07-04 23:05:23.431 10293 10516 I mobile-ffmpeg:       creation_time   : 
07-04 23:05:23.431 10293 10516 I mobile-ffmpeg: 2020-03-12T08:43:29.000000Z
07-04 23:05:23.431 10293 10516 I mobile-ffmpeg: 
07-04 23:05:23.431 10293 10516 I mobile-ffmpeg:       handler_name    : 
07-04 23:05:23.432 10293 10516 I mobile-ffmpeg: PittaSoft Video Media Handler
07-04 23:05:23.432 10293 10516 I mobile-ffmpeg: 
07-04 23:05:23.432 10293 10516 I mobile-ffmpeg:     Stream #0:1
07-04 23:05:23.432 10293 10516 I mobile-ffmpeg: (eng)
07-04 23:05:23.432 10293 10516 I mobile-ffmpeg: : Audio: aac (mp4a / 0x6134706D), 16000 Hz, stereo, fltp, 47 kb/s
07-04 23:05:23.432 10293 10516 I mobile-ffmpeg:  (default)
07-04 23:05:23.432 10293 10516 I mobile-ffmpeg: 
07-04 23:05:23.432 10293 10516 I mobile-ffmpeg:     Metadata:
07-04 23:05:23.432 10293 10516 I mobile-ffmpeg:       creation_time   : 
07-04 23:05:23.432 10293 10516 I mobile-ffmpeg: 2020-03-12T08:43:29.000000Z
07-04 23:05:23.432 10293 10516 I mobile-ffmpeg: 
07-04 23:05:23.432 10293 10516 I mobile-ffmpeg:       handler_name    : 
07-04 23:05:23.432 10293 10516 I mobile-ffmpeg: PittaSoft Sound Media Handler
07-04 23:05:23.432 10293 10516 I mobile-ffmpeg: 
07-04 23:05:23.432 10293 10516 I mobile-ffmpeg: [segment @ 0x73955fb800] Opening '/storage/emulated/0/Movies/segment/20200312_194229/20200312_194229!000.mp4' for writing
07-04 23:05:23.433 10293 10516 I mobile-ffmpeg: Output #0, segment, to '/storage/emulated/0/Movies/segment/20200312_194229/20200312_194229!%03d.mp4':
07-04 23:05:23.433 10293 10516 I mobile-ffmpeg:   Metadata:
07-04 23:05:23.433 10293 10516 I mobile-ffmpeg:     compatible_brands: 
07-04 23:05:23.433 10293 10516 I mobile-ffmpeg: mp42mp42
07-04 23:05:23.433 10293 10516 I mobile-ffmpeg: 
07-04 23:05:23.433 10293 10516 I mobile-ffmpeg:     major_brand     : 
07-04 23:05:23.433 10293 10516 I mobile-ffmpeg: mp42
07-04 23:05:23.433 10293 10516 I mobile-ffmpeg: 
07-04 23:05:23.434 10293 10516 I mobile-ffmpeg:     minor_version   : 
07-04 23:05:23.434 10293 10516 I mobile-ffmpeg: 1
07-04 23:05:23.434 10293 10516 I mobile-ffmpeg: 
07-04 23:05:23.434 10293 10516 I mobile-ffmpeg:     encoder         : 
07-04 23:05:23.434 10293 10516 I mobile-ffmpeg: Lavf58.42.100
07-04 23:05:23.435 10293 10516 I mobile-ffmpeg: 
07-04 23:05:23.436 10293 10516 I mobile-ffmpeg:     Stream #0:0
07-04 23:05:23.437 10293 10516 I mobile-ffmpeg: (eng)
07-04 23:05:23.437 10293 10516 I mobile-ffmpeg: : Video: h264 (avc1 / 0x31637661), yuvj420p(pc, bt709), 1280x720, q=2-31, 8399 kb/s
07-04 23:05:23.437 10293 10516 I mobile-ffmpeg: , 
07-04 23:05:23.437 10293 10516 I mobile-ffmpeg: 29.97 fps, 
07-04 23:05:23.438 10293 10516 I mobile-ffmpeg: 29.97 tbr, 
07-04 23:05:23.440 10293 10516 I mobile-ffmpeg: 16k tbn, 
07-04 23:05:23.440 10293 10516 I mobile-ffmpeg: 1k tbc
07-04 23:05:23.440 10293 10516 I mobile-ffmpeg:  (default)
07-04 23:05:23.440 10293 10516 I mobile-ffmpeg: 
07-04 23:05:23.440 10293 10516 I mobile-ffmpeg:     Metadata:
07-04 23:05:23.440 10293 10516 I mobile-ffmpeg:       creation_time   : 
07-04 23:05:23.440 10293 10516 I mobile-ffmpeg: 2020-03-12T08:43:29.000000Z
07-04 23:05:23.441 10293 10516 I mobile-ffmpeg: 
07-04 23:05:23.441 10293 10516 I mobile-ffmpeg:       handler_name    : 
07-04 23:05:23.441 10293 10516 I mobile-ffmpeg: PittaSoft Video Media Handler
07-04 23:05:23.441 10293 10516 I mobile-ffmpeg: 
07-04 23:05:23.441 10293 10516 I mobile-ffmpeg:     Stream #0:1
07-04 23:05:23.441 10293 10516 I mobile-ffmpeg: (eng)
07-04 23:05:23.441 10293 10516 I mobile-ffmpeg: : Audio: aac (mp4a / 0x6134706D), 16000 Hz, stereo, fltp, 47 kb/s
07-04 23:05:23.441 10293 10516 I mobile-ffmpeg:  (default)
07-04 23:05:23.441 10293 10516 I mobile-ffmpeg: 
07-04 23:05:23.441 10293 10516 I mobile-ffmpeg:     Metadata:
07-04 23:05:23.441 10293 10516 I mobile-ffmpeg:       creation_time   : 
07-04 23:05:23.441 10293 10516 I mobile-ffmpeg: 2020-03-12T08:43:29.000000Z
07-04 23:05:23.441 10293 10516 I mobile-ffmpeg: 
07-04 23:05:23.441 10293 10516 I mobile-ffmpeg:       handler_name    : 
07-04 23:05:23.441 10293 10516 I mobile-ffmpeg: PittaSoft Sound Media Handler
07-04 23:05:23.441 10293 10516 I mobile-ffmpeg: 
07-04 23:05:23.441 10293 10516 I mobile-ffmpeg: Stream mapping:
07-04 23:05:23.442 10293 10516 I mobile-ffmpeg:   Stream #0:0 -> #0:0
07-04 23:05:23.442 10293 10516 I mobile-ffmpeg:  (copy)
07-04 23:05:23.442 10293 10516 I mobile-ffmpeg: 
07-04 23:05:23.442 10293 10516 I mobile-ffmpeg:   Stream #0:1 -> #0:1
07-04 23:05:23.442 10293 10516 I mobile-ffmpeg:  (copy)
07-04 23:05:23.442 10293 10516 I mobile-ffmpeg: 
07-04 23:05:23.442 10293 10516 I mobile-ffmpeg: Press [q] to stop, [?] for help
07-04 23:05:23.442 10293 10516 I mobile-ffmpeg: frame=    1 fps=0.0 q=-1.0 size=N/A time=00:00:00.00 bitrate=N/A speed=  21x    
07-04 23:05:23.635 10293 10516 I mobile-ffmpeg: [segment @ 0x73955fb800] Opening '/storage/emulated/0/Movies/segment/20200312_194229/20200312_194229!001.mp4' for writing
07-04 23:05:23.828 10293 10516 I mobile-ffmpeg: [segment @ 0x73955fb800] Opening '/storage/emulated/0/Movies/segment/20200312_194229/20200312_194229!002.mp4' for writing
07-04 23:05:23.935 10293 10516 I mobile-ffmpeg: frame= 1233 fps=0.0 q=-1.0 size=N/A time=00:00:41.10 bitrate=N/A speed=  82x    
07-04 23:05:24.064 10293 10516 I mobile-ffmpeg: [segment @ 0x73955fb800] Opening '/storage/emulated/0/Movies/segment/20200312_194229/20200312_194229!003.mp4' for writing
07-04 23:05:24.219 10293 10516 I mobile-ffmpeg: frame= 1800 fps=0.0 q=-1.0 Lsize=N/A time=00:01:00.01 bitrate=N/A speed=76.5x    
07-04 23:05:24.219 10293 10516 I mobile-ffmpeg: video:61542kB audio:345kB subtitle:0kB other streams:0kB global headers:0kB muxing overhead: 
07-04 23:05:24.219 10293 10516 I mobile-ffmpeg: unknown
07-04 23:05:24.219 10293 10516 I mobile-ffmpeg: 
07-04 23:05:24.224 10293 10502 V FileManager: External storage is readable
07-04 23:05:24.224 10293 10502 V FileManager: Directory already exists: /storage/emulated/0/Movies/segment/20200312_194229
07-04 23:05:24.225 10293 10502 V VideoManager: Retrieving videos from /storage/emulated/0/Movies/segment/20200312_194229
07-04 23:05:24.226 10293 10502 V VideoManager: Retrieving video from /storage/emulated/0/Movies/segment/20200312_194229/20200312_194229!000.mp4
07-04 23:05:24.234 10293 10502 V VideoManager: videoFromCursor
07-04 23:05:24.237 10293 10502 V VideoManager: Retrieving video from /storage/emulated/0/Movies/segment/20200312_194229/20200312_194229!001.mp4
07-04 23:05:24.245 10293 10502 V VideoManager: videoFromCursor
07-04 23:05:24.247 10293 10502 V VideoManager: Retrieving video from /storage/emulated/0/Movies/segment/20200312_194229/20200312_194229!002.mp4
07-04 23:05:24.255 10293 10502 V VideoManager: videoFromCursor
07-04 23:05:24.258 10293 10502 V VideoManager: Retrieving video from /storage/emulated/0/Movies/segment/20200312_194229/20200312_194229!003.mp4
07-04 23:05:24.265 10293 10502 V VideoManager: videoFromCursor
