07-04 23:06:14.289 10293 10516 I mobile-ffmpeg:     minor_version   : 
07-04 23:06:14.289 10293 10516 I mobile-ffmpeg: 1
07-04 23:06:14.289 10293 10516 I mobile-ffmpeg: 
07-04 23:06:14.289 10293 10516 I mobile-ffmpeg:     compatible_brands: 
07-04 23:06:14.289 10293 10516 I mobile-ffmpeg: mp42mp42
07-04 23:06:14.289 10293 10516 I mobile-ffmpeg: 
07-04 23:06:14.289 10293 10516 I mobile-ffmpeg:   Duration: 
07-04 23:06:14.289 10293 10516 I mobile-ffmpeg: 00:01:00.02
07-04 23:06:14.289 10293 10516 I mobile-ffmpeg: , start: 
07-04 23:06:14.289 10293 10516 I mobile-ffmpeg: 0.000000
07-04 23:06:14.289 10293 10516 I mobile-ffmpeg: , bitrate: 
07-04 23:06:14.289 10293 10516 I mobile-ffmpeg: 9328 kb/s
07-04 23:06:14.289 10293 10516 I mobile-ffmpeg: 
07-04 23:06:14.289 10293 10516 I mobile-ffmpeg:     Stream #0:0
07-04 23:06:14.290 10293 10516 I mobile-ffmpeg: (eng)
07-04 23:06:14.290 10293 10516 I mobile-ffmpeg: : Video: h264 (avc1 / 0x31637661), yuvj420p(pc, bt709), 1280x720, 8385 kb/s
07-04 23:06:14.290 10293 10516 I mobile-ffmpeg: , 
07-04 23:06:14.290 10293 10516 I mobile-ffmpeg: 29.97 fps, 
07-04 23:06:14.290 10293 10516 I mobile-ffmpeg: 29.97 tbr, 
07-04 23:06:14.290 10293 10516 I mobile-ffmpeg: 1k tbn, 
07-04 23:06:14.290 10293 10516 I mobile-ffmpeg: 2k tbc
07-04 23:06:14.290 10293 10516 I mobile-ffmpeg:  (default)
07-04 23:06:14.291 10293 10516 I mobile-ffmpeg: 
07-04 23:06:14.291 10293 10516 I mobile-ffmpeg:     Metadata:
07-04 23:06:14.291 10293 10516 I mobile-ffmpeg:       creation_time   : 
07-04 23:06:14.291 10293 10516 I mobile-ffmpeg: 2020-03-12T08:48:29.000000Z
07-04 23:06:14.291 10293 10516 I mobile-ffmpeg: 
07-04 23:06:14.291 10293 10516 I mobile-ffmpeg:       handler_name    : 
07-04 23:06:14.291 10293 10516 I mobile-ffmpeg: PittaSoft Video Media Handler
07-04 23:06:14.291 10293 10516 I mobile-ffmpeg: 
07-04 23:06:14.291 10293 10516 I mobile-ffmpeg:     Stream #0:1
07-04 23:06:14.291 10293 10516 I mobile-ffmpeg: (eng)
07-04 23:06:14.291 10293 10516 I mobile-ffmpeg: : Audio: aac (mp4a / 0x6134706D), 16000 Hz, stereo, fltp, 47 kb/s
07-04 23:06:14.292 10293 10516 I mobile-ffmpeg:  (default)
07-04 23:06:14.292 10293 10516 I mobile-ffmpeg: 
07-04 23:06:14.292 10293 10516 I mobile-ffmpeg:     Metadata:
07-04 23:06:14.292 10293 10516 I mobile-ffmpeg:       creation_time   : 
07-04 23:06:14.292 10293 10516 I mobile-ffmpeg: 2020-03-12T08:48:29.000000Z
07-04 23:06:14.293 10293 10516 I mobile-ffmpeg: 
07-04 23:06:14.293 10293 10516 I mobile-ffmpeg:       handler_name    : 
07-04 23:06:14.293 10293 10516 I mobile-ffmpeg: PittaSoft Sound Media Handler
07-04 23:06:14.293 10293 10516 I mobile-ffmpeg: 
07-04 23:06:14.315 10293 10502 V FileManager: External storage is readable
07-04 23:06:14.316 10293 10502 V FileManager: Created new directory: /storage/emulated/0/Movies/segment/20200312_194730
07-04 23:06:14.317 10293 10502 V FfmpegTools: Splitting /storage/emulated/0/Movies/raw/20200312_194730.mp4 with 16s long segments
07-04 23:06:14.318 10293 10502 I FfmpegTools: Running ffmpeg with:
07-04 23:06:14.318 10293 10502 I FfmpegTools:   -y -i /storage/emulated/0/Movies/raw/20200312_194730.mp4 -map 0 -c copy -f segment -reset_timestamps 1 -segment_time 16 /storage/emulated/0/Movies/segment/20200312_194730/20200312_194730!%03d.mp4
07-04 23:06:14.339 10293 10516 W mobile-ffmpeg: [mov,mp4,m4a,3gp,3g2,mj2 @ 0x73955fa600] Found duplicated MOOV Atom. Skipped it
07-04 23:06:14.406 10293 10516 I mobile-ffmpeg: Input #0, mov,mp4,m4a,3gp,3g2,mj2, from '/storage/emulated/0/Movies/raw/20200312_194730.mp4':
07-04 23:06:14.407 10293 10516 I mobile-ffmpeg:   Metadata:
07-04 23:06:14.407 10293 10516 I mobile-ffmpeg:     creation_time   : 
07-04 23:06:14.407 10293 10516 I mobile-ffmpeg: 2020-03-12T08:48:29.000000Z
07-04 23:06:14.407 10293 10516 I mobile-ffmpeg: 
07-04 23:06:14.407 10293 10516 I mobile-ffmpeg:     major_brand     : 
07-04 23:06:14.407 10293 10516 I mobile-ffmpeg: mp42
07-04 23:06:14.407 10293 10516 I mobile-ffmpeg: 
07-04 23:06:14.407 10293 10516 I mobile-ffmpeg:     minor_version   : 
07-04 23:06:14.407 10293 10516 I mobile-ffmpeg: 1
07-04 23:06:14.407 10293 10516 I mobile-ffmpeg: 
07-04 23:06:14.407 10293 10516 I mobile-ffmpeg:     compatible_brands: 
07-04 23:06:14.407 10293 10516 I mobile-ffmpeg: mp42mp42
07-04 23:06:14.407 10293 10516 I mobile-ffmpeg: 
07-04 23:06:14.407 10293 10516 I mobile-ffmpeg:   Duration: 
07-04 23:06:14.407 10293 10516 I mobile-ffmpeg: 00:01:00.02
07-04 23:06:14.408 10293 10516 I mobile-ffmpeg: , start: 
07-04 23:06:14.408 10293 10516 I mobile-ffmpeg: 0.000000
07-04 23:06:14.408 10293 10516 I mobile-ffmpeg: , bitrate: 
07-04 23:06:14.408 10293 10516 I mobile-ffmpeg: 9328 kb/s
07-04 23:06:14.408 10293 10516 I mobile-ffmpeg: 
07-04 23:06:14.408 10293 10516 I mobile-ffmpeg:     Stream #0:0
07-04 23:06:14.408 10293 10516 I mobile-ffmpeg: (eng)
07-04 23:06:14.408 10293 10516 I mobile-ffmpeg: : Video: h264 (avc1 / 0x31637661), yuvj420p(pc, bt709), 1280x720, 8385 kb/s
07-04 23:06:14.408 10293 10516 I mobile-ffmpeg: , 
07-04 23:06:14.408 10293 10516 I mobile-ffmpeg: 29.97 fps, 
07-04 23:06:14.408 10293 10516 I mobile-ffmpeg: 29.97 tbr, 
07-04 23:06:14.408 10293 10516 I mobile-ffmpeg: 1k tbn, 
07-04 23:06:14.408 10293 10516 I mobile-ffmpeg: 2k tbc
07-04 23:06:14.408 10293 10516 I mobile-ffmpeg:  (default)
07-04 23:06:14.408 10293 10516 I mobile-ffmpeg: 
07-04 23:06:14.408 10293 10516 I mobile-ffmpeg:     Metadata:
07-04 23:06:14.408 10293 10516 I mobile-ffmpeg:       creation_time   : 
07-04 23:06:14.409 10293 10516 I mobile-ffmpeg: 2020-03-12T08:48:29.000000Z
07-04 23:06:14.409 10293 10516 I mobile-ffmpeg: 
07-04 23:06:14.409 10293 10516 I mobile-ffmpeg:       handler_name    : 
07-04 23:06:14.409 10293 10516 I mobile-ffmpeg: PittaSoft Video Media Handler
07-04 23:06:14.409 10293 10516 I mobile-ffmpeg: 
07-04 23:06:14.409 10293 10516 I mobile-ffmpeg:     Stream #0:1
07-04 23:06:14.409 10293 10516 I mobile-ffmpeg: (eng)
07-04 23:06:14.409 10293 10516 I mobile-ffmpeg: : Audio: aac (mp4a / 0x6134706D), 16000 Hz, stereo, fltp, 47 kb/s
07-04 23:06:14.409 10293 10516 I mobile-ffmpeg:  (default)
07-04 23:06:14.409 10293 10516 I mobile-ffmpeg: 
07-04 23:06:14.409 10293 10516 I mobile-ffmpeg:     Metadata:
07-04 23:06:14.410 10293 10516 I mobile-ffmpeg:       creation_time   : 
07-04 23:06:14.410 10293 10516 I mobile-ffmpeg: 2020-03-12T08:48:29.000000Z
07-04 23:06:14.410 10293 10516 I mobile-ffmpeg: 
07-04 23:06:14.410 10293 10516 I mobile-ffmpeg:       handler_name    : 
07-04 23:06:14.410 10293 10516 I mobile-ffmpeg: PittaSoft Sound Media Handler
07-04 23:06:14.410 10293 10516 I mobile-ffmpeg: 
07-04 23:06:14.410 10293 10516 I mobile-ffmpeg: [segment @ 0x73955fb800] Opening '/storage/emulated/0/Movies/segment/20200312_194730/20200312_194730!000.mp4' for writing
07-04 23:06:14.410 10293 10516 I mobile-ffmpeg: Output #0, segment, to '/storage/emulated/0/Movies/segment/20200312_194730/20200312_194730!%03d.mp4':
07-04 23:06:14.410 10293 10516 I mobile-ffmpeg:   Metadata:
07-04 23:06:14.410 10293 10516 I mobile-ffmpeg:     compatible_brands: 
07-04 23:06:14.410 10293 10516 I mobile-ffmpeg: mp42mp42
07-04 23:06:14.410 10293 10516 I mobile-ffmpeg: 
07-04 23:06:14.410 10293 10516 I mobile-ffmpeg:     major_brand     : 
07-04 23:06:14.410 10293 10516 I mobile-ffmpeg: mp42
07-04 23:06:14.410 10293 10516 I mobile-ffmpeg: 
07-04 23:06:14.410 10293 10516 I mobile-ffmpeg:     minor_version   : 
07-04 23:06:14.411 10293 10516 I mobile-ffmpeg: 1
07-04 23:06:14.411 10293 10516 I mobile-ffmpeg: 
07-04 23:06:14.411 10293 10516 I mobile-ffmpeg:     encoder         : 
07-04 23:06:14.411 10293 10516 I mobile-ffmpeg: Lavf58.42.100
07-04 23:06:14.412 10293 10516 I mobile-ffmpeg: 
07-04 23:06:14.413 10293 10516 I mobile-ffmpeg:     Stream #0:0
07-04 23:06:14.413 10293 10516 I mobile-ffmpeg: (eng)
07-04 23:06:14.413 10293 10516 I mobile-ffmpeg: : Video: h264 (avc1 / 0x31637661), yuvj420p(pc, bt709), 1280x720, q=2-31, 8385 kb/s
07-04 23:06:14.413 10293 10516 I mobile-ffmpeg: , 
07-04 23:06:14.413 10293 10516 I mobile-ffmpeg: 29.97 fps, 
07-04 23:06:14.413 10293 10516 I mobile-ffmpeg: 29.97 tbr, 
07-04 23:06:14.413 10293 10516 I mobile-ffmpeg: 16k tbn, 
07-04 23:06:14.414 10293 10516 I mobile-ffmpeg: 1k tbc
07-04 23:06:14.414 10293 10516 I mobile-ffmpeg:  (default)
07-04 23:06:14.414 10293 10516 I mobile-ffmpeg: 
07-04 23:06:14.414 10293 10516 I mobile-ffmpeg:     Metadata:
07-04 23:06:14.414 10293 10516 I mobile-ffmpeg:       creation_time   : 
07-04 23:06:14.414 10293 10516 I mobile-ffmpeg: 2020-03-12T08:48:29.000000Z
07-04 23:06:14.414 10293 10516 I mobile-ffmpeg: 
07-04 23:06:14.414 10293 10516 I mobile-ffmpeg:       handler_name    : 
07-04 23:06:14.414 10293 10516 I mobile-ffmpeg: PittaSoft Video Media Handler
07-04 23:06:14.414 10293 10516 I mobile-ffmpeg: 
07-04 23:06:14.414 10293 10516 I mobile-ffmpeg:     Stream #0:1
07-04 23:06:14.414 10293 10516 I mobile-ffmpeg: (eng)
07-04 23:06:14.414 10293 10516 I mobile-ffmpeg: : Audio: aac (mp4a / 0x6134706D), 16000 Hz, stereo, fltp, 47 kb/s
07-04 23:06:14.415 10293 10516 I mobile-ffmpeg:  (default)
07-04 23:06:14.415 10293 10516 I mobile-ffmpeg: 
07-04 23:06:14.415 10293 10516 I mobile-ffmpeg:     Metadata:
07-04 23:06:14.415 10293 10516 I mobile-ffmpeg:       creation_time   : 
07-04 23:06:14.415 10293 10516 I mobile-ffmpeg: 2020-03-12T08:48:29.000000Z
07-04 23:06:14.415 10293 10516 I mobile-ffmpeg: 
07-04 23:06:14.415 10293 10516 I mobile-ffmpeg:       handler_name    : 
07-04 23:06:14.415 10293 10516 I mobile-ffmpeg: PittaSoft Sound Media Handler
07-04 23:06:14.415 10293 10516 I mobile-ffmpeg: 
07-04 23:06:14.415 10293 10516 I mobile-ffmpeg: Stream mapping:
07-04 23:06:14.415 10293 10516 I mobile-ffmpeg:   Stream #0:0 -> #0:0
07-04 23:06:14.415 10293 10516 I mobile-ffmpeg:  (copy)
07-04 23:06:14.415 10293 10516 I mobile-ffmpeg: 
07-04 23:06:14.415 10293 10516 I mobile-ffmpeg:   Stream #0:1 -> #0:1
07-04 23:06:14.415 10293 10516 I mobile-ffmpeg:  (copy)
07-04 23:06:14.416 10293 10516 I mobile-ffmpeg: 
07-04 23:06:14.416 10293 10516 I mobile-ffmpeg: Press [q] to stop, [?] for help
07-04 23:06:14.416 10293 10516 I mobile-ffmpeg: frame=    1 fps=0.0 q=-1.0 size=N/A time=00:00:00.00 bitrate=N/A speed=15.8x    
07-04 23:06:14.614 10293 10516 I mobile-ffmpeg: [segment @ 0x73955fb800] Opening '/storage/emulated/0/Movies/segment/20200312_194730/20200312_194730!001.mp4' for writing
07-04 23:06:14.809 10293 10516 I mobile-ffmpeg: [segment @ 0x73955fb800] Opening '/storage/emulated/0/Movies/segment/20200312_194730/20200312_194730!002.mp4' for writing
07-04 23:06:14.911 10293 10516 I mobile-ffmpeg: frame= 1201 fps=0.0 q=-1.0 size=N/A time=00:00:40.06 bitrate=N/A speed=80.1x    
07-04 23:06:15.053 10293 10516 I mobile-ffmpeg: [segment @ 0x73955fb800] Opening '/storage/emulated/0/Movies/segment/20200312_194730/20200312_194730!003.mp4' for writing
07-04 23:06:15.195 10293 10516 I mobile-ffmpeg: frame= 1800 fps=0.0 q=-1.0 Lsize=N/A time=00:01:00.03 bitrate=N/A speed=76.6x    
07-04 23:06:15.195 10293 10516 I mobile-ffmpeg: video:61435kB audio:346kB subtitle:0kB other streams:0kB global headers:0kB muxing overhead: 
07-04 23:06:15.195 10293 10516 I mobile-ffmpeg: unknown
07-04 23:06:15.195 10293 10516 I mobile-ffmpeg: 
07-04 23:06:15.200 10293 10502 V FileManager: External storage is readable
07-04 23:06:15.200 10293 10502 V FileManager: Directory already exists: /storage/emulated/0/Movies/segment/20200312_194730
07-04 23:06:15.201 10293 10502 V VideoManager: Retrieving videos from /storage/emulated/0/Movies/segment/20200312_194730
07-04 23:06:15.202 10293 10502 V VideoManager: Retrieving video from /storage/emulated/0/Movies/segment/20200312_194730/20200312_194730!000.mp4
07-04 23:06:15.210 10293 10502 V VideoManager: videoFromCursor
07-04 23:06:15.212 10293 10502 V VideoManager: Retrieving video from /storage/emulated/0/Movies/segment/20200312_194730/20200312_194730!001.mp4
07-04 23:06:15.220 10293 10502 V VideoManager: videoFromCursor
07-04 23:06:15.223 10293 10502 V VideoManager: Retrieving video from /storage/emulated/0/Movies/segment/20200312_194730/20200312_194730!002.mp4
07-04 23:06:15.230 10293 10502 V VideoManager: videoFromCursor
07-04 23:06:15.233 10293 10502 V VideoManager: Retrieving video from /storage/emulated/0/Movies/segment/20200312_194730/20200312_194730!003.mp4
07-04 23:06:15.242 10293 10502 V VideoManager: videoFromCursor
07-04 23:06:15.245 10293 10502 V NearbyFragment: nextTransfer with selected algorithm: best_or_local
07-04 23:06:15.247 10293 10502 W NearbyFragment: Sending 20200312_194730!000.mp4 to Galaxy S8 [2802]
07-04 23:06:15.259 10293 10293 V NearbyFragment: Transfer to Endpoint{id=d-d8, name=Galaxy S8 [2802]} complete
07-04 23:06:16.251 10293 10502 V DownloadTestVideosTask: Starting DownloadTestVideosTask
07-04 23:06:16.254 10293 10502 V DashDownloadManager: Started downloading: 20200312_194830.mp4
07-04 23:06:17.954 10293 10293 V NearbyFragment: Transfer to Endpoint{id=d-d8, name=Galaxy S8 [2802]} complete
07-04 23:06:18.175 10293 10293 D NearbyFragment: onPayloadReceived(endpointId=d-d8, payload=com.google.android.gms.nearby.connection.Payload@b46a674)
07-04 23:06:18.177 10293 10293 D NearbyFragment: Endpoint{id=d-d8, name=Galaxy S8 [2802]} has finished downloading 20200312_194730!000.mp4
07-04 23:06:18.216 10293 10293 V NearbyFragment: Transfer to Endpoint{id=d-d8, name=Galaxy S8 [2802]} complete
07-04 23:06:20.212 10293 10293 D NearbyFragment: onPayloadReceived(endpointId=d-d8, payload=com.google.android.gms.nearby.connection.Payload@584679d)
07-04 23:06:20.213 10293 10293 D NearbyFragment: 20200312_194730!000.mp4 from Endpoint{id=d-d8, name=Galaxy S8 [2802]} contained no activity
07-04 23:06:20.215 10293 10293 V NearbyFragment: Received a segment of 20200312_194730
07-04 23:06:20.217 10293 10293 V NearbyFragment: nextTransfer with selected algorithm: best_or_local
07-04 23:06:20.220 10293 10293 W NearbyFragment: Sending 20200312_194730!001.mp4 to Galaxy S8 [2802]
07-04 23:06:20.223 10293 10293 V NearbyFragment: Transfer to Endpoint{id=d-d8, name=Galaxy S8 [2802]} complete
07-04 23:06:20.243 10293 10293 V NearbyFragment: Transfer to Endpoint{id=d-d8, name=Galaxy S8 [2802]} complete
07-04 23:06:22.679 10293 10293 V NearbyFragment: Transfer to Endpoint{id=d-d8, name=Galaxy S8 [2802]} complete
07-04 23:06:23.002 10293 10293 D NearbyFragment: onPayloadReceived(endpointId=d-d8, payload=com.google.android.gms.nearby.connection.Payload@161b5e0)
07-04 23:06:23.002 10293 10293 D NearbyFragment: Endpoint{id=d-d8, name=Galaxy S8 [2802]} has finished downloading 20200312_194730!001.mp4
07-04 23:06:23.060 10293 10293 V NearbyFragment: Transfer to Endpoint{id=d-d8, name=Galaxy S8 [2802]} complete
07-04 23:06:25.095 10293 10293 D NearbyFragment: onPayloadReceived(endpointId=d-d8, payload=com.google.android.gms.nearby.connection.Payload@744e099)
07-04 23:06:25.096 10293 10293 D NearbyFragment: 20200312_194730!001.mp4 from Endpoint{id=d-d8, name=Galaxy S8 [2802]} contained no activity
07-04 23:06:25.096 10293 10293 V NearbyFragment: Received a segment of 20200312_194730
07-04 23:06:25.098 10293 10293 V NearbyFragment: nextTransfer with selected algorithm: best_or_local
07-04 23:06:25.100 10293 10293 W NearbyFragment: Sending 20200312_194730!002.mp4 to Galaxy S8 [2802]
07-04 23:06:25.110 10293 10293 V NearbyFragment: Transfer to Endpoint{id=d-d8, name=Galaxy S8 [2802]} complete
07-04 23:06:25.114 10293 10293 V NearbyFragment: Transfer to Endpoint{id=d-d8, name=Galaxy S8 [2802]} complete
07-04 23:06:27.422 10293 10293 V NearbyFragment: Transfer to Endpoint{id=d-d8, name=Galaxy S8 [2802]} complete
07-04 23:06:27.647 10293 10293 D NearbyFragment: onPayloadReceived(endpointId=d-d8, payload=com.google.android.gms.nearby.connection.Payload@a5c500c)
07-04 23:06:27.649 10293 10293 D NearbyFragment: Endpoint{id=d-d8, name=Galaxy S8 [2802]} has finished downloading 20200312_194730!002.mp4
07-04 23:06:27.690 10293 10293 V NearbyFragment: Transfer to Endpoint{id=d-d8, name=Galaxy S8 [2802]} complete
07-04 23:06:29.744 10293 10293 D NearbyFragment: onPayloadReceived(endpointId=d-d8, payload=com.google.android.gms.nearby.connection.Payload@ef9ed55)
07-04 23:06:29.745 10293 10293 D NearbyFragment: 20200312_194730!002.mp4 from Endpoint{id=d-d8, name=Galaxy S8 [2802]} contained no activity
07-04 23:06:29.746 10293 10293 V NearbyFragment: Received a segment of 20200312_194730
07-04 23:06:29.748 10293 10293 V NearbyFragment: nextTransfer with selected algorithm: best_or_local
07-04 23:06:29.752 10293 10293 W NearbyFragment: Sending 20200312_194730!003.mp4 to Galaxy S8 [2802]
07-04 23:06:29.755 10293 10293 V NearbyFragment: Transfer to Endpoint{id=d-d8, name=Galaxy S8 [2802]} complete
07-04 23:06:29.765 10293 10293 V NearbyFragment: Transfer to Endpoint{id=d-d8, name=Galaxy S8 [2802]} complete
07-04 23:06:31.185 10293 10293 V NearbyFragment: Transfer to Endpoint{id=d-d8, name=Galaxy S8 [2802]} complete
07-04 23:06:31.656 10293 10293 D NearbyFragment: onPayloadReceived(endpointId=d-d8, payload=com.google.android.gms.nearby.connection.Payload@a8460f8)
07-04 23:06:31.657 10293 10293 D NearbyFragment: Endpoint{id=d-d8, name=Galaxy S8 [2802]} has finished downloading 20200312_194730!003.mp4
07-04 23:06:31.717 10293 10293 V NearbyFragment: Transfer to Endpoint{id=d-d8, name=Galaxy S8 [2802]} complete
07-04 23:06:33.267 10293 10293 D NearbyFragment: onPayloadReceived(endpointId=d-d8, payload=com.google.android.gms.nearby.connection.Payload@7b909d1)
07-04 23:06:33.269 10293 10293 D NearbyFragment: 20200312_194730!003.mp4 from Endpoint{id=d-d8, name=Galaxy S8 [2802]} contained no activity
07-04 23:06:33.271 10293 10293 D NearbyFragment: Received all summarised video segments of 20200312_194730
07-04 23:06:33.282 10293 10293 V FileManager: External storage is readable
07-04 23:06:33.284 10293 10293 V FileManager: Created new directory: /storage/emulated/0/Movies/segment-sum/20200312_194730
07-04 23:06:33.286 10293 10293 D FfmpegTools: Merging /storage/emulated/0/Movies/summarised/20200312_194730.mp4
07-04 23:06:33.287 10293 10293 D FfmpegTools: No split videos to merge
07-04 23:06:33.287 10293 10293 V RawFootageEventHandler: removeByName
07-04 23:06:33.290 10293 10293 V ProcessingVideosEventHandler: removeByName
07-04 23:06:33.292 10293 10293 V NearbyFragment: Removing video segment map for 20200312_194730
07-04 23:06:33.293 10293 10293 I NearbyFragment: Transfer queue is empty
07-04 23:06:33.294 10293 10293 V NearbyFragment: Transfer to Endpoint{id=d-d8, name=Galaxy S8 [2802]} complete
07-04 23:06:35.811 10293 10502 V VideoManager: Retrieving video from /storage/emulated/0/Movies/raw/20200312_194830.mp4
07-04 23:06:35.830 10293 10502 D VideoManager: videoCursor is null
07-04 23:06:35.861 10293 10502 V VideoManager: videoFromCursor
07-04 23:06:35.865 10293 10502 W DashDownloadManager: Successfully downloaded 20200312_194830.mp4 in 19.556s
07-04 23:06:35.865 10293 10502 V DownloadTestVideosTask: Entering callback for download completion of 20200312_194830.mp4
07-04 23:06:35.866 10293 10502 V RawFootageEventHandler: onAdd
07-04 23:06:35.868 10293 10502 V FfmpegTools: Retrieving duration of /storage/emulated/0/Movies/raw/20200312_194830.mp4
07-04 23:06:35.880 10293 10516 W mobile-ffmpeg: [mov,mp4,m4a,3gp,3g2,mj2 @ 0x73955fa600] Found duplicated MOOV Atom. Skipped it
07-04 23:06:36.012 10293 10516 I mobile-ffmpeg: Input #0, mov,mp4,m4a,3gp,3g2,mj2, from '/storage/emulated/0/Movies/raw/20200312_194830.mp4':
07-04 23:06:36.013 10293 10516 I mobile-ffmpeg:   Metadata:
07-04 23:06:36.013 10293 10516 I mobile-ffmpeg:     creation_time   : 
07-04 23:06:36.013 10293 10516 I mobile-ffmpeg: 2020-03-12T08:49:30.000000Z
07-04 23:06:36.013 10293 10516 I mobile-ffmpeg: 
07-04 23:06:36.013 10293 10516 I mobile-ffmpeg:     major_brand     : 
07-04 23:06:36.013 10293 10516 I mobile-ffmpeg: mp42
07-04 23:06:36.013 10293 10516 I mobile-ffmpeg: 
07-04 23:06:36.013 10293 10516 I mobile-ffmpeg:     minor_version   : 
07-04 23:06:36.013 10293 10516 I mobile-ffmpeg: 1
07-04 23:06:36.013 10293 10516 I mobile-ffmpeg: 
07-04 23:06:36.013 10293 10516 I mobile-ffmpeg:     compatible_brands: 
07-04 23:06:36.013 10293 10516 I mobile-ffmpeg: mp42mp42
07-04 23:06:36.013 10293 10516 I mobile-ffmpeg: 
07-04 23:06:36.013 10293 10516 I mobile-ffmpeg:   Duration: 
07-04 23:06:36.013 10293 10516 I mobile-ffmpeg: 00:01:00.02
07-04 23:06:36.013 10293 10516 I mobile-ffmpeg: , start: 
07-04 23:06:36.013 10293 10516 I mobile-ffmpeg: 0.000000
07-04 23:06:36.013 10293 10516 I mobile-ffmpeg: , bitrate: 
07-04 23:06:36.013 10293 10516 I mobile-ffmpeg: 9328 kb/s
07-04 23:06:36.014 10293 10516 I mobile-ffmpeg: 
07-04 23:06:36.014 10293 10516 I mobile-ffmpeg:     Stream #0:0
07-04 23:06:36.014 10293 10516 I mobile-ffmpeg: (eng)
07-04 23:06:36.014 10293 10516 I mobile-ffmpeg: : Video: h264 (avc1 / 0x31637661), yuvj420p(pc, bt709), 1280x720, 8389 kb/s
07-04 23:06:36.014 10293 10516 I mobile-ffmpeg: , 
07-04 23:06:36.014 10293 10516 I mobile-ffmpeg: 29.97 fps, 
07-04 23:06:36.014 10293 10516 I mobile-ffmpeg: 29.97 tbr, 
07-04 23:06:36.014 10293 10516 I mobile-ffmpeg: 1k tbn, 
07-04 23:06:36.014 10293 10516 I mobile-ffmpeg: 2k tbc
07-04 23:06:36.014 10293 10516 I mobile-ffmpeg:  (default)
07-04 23:06:36.014 10293 10516 I mobile-ffmpeg: 
07-04 23:06:36.014 10293 10516 I mobile-ffmpeg:     Metadata:
07-04 23:06:36.014 10293 10516 I mobile-ffmpeg:       creation_time   : 
07-04 23:06:36.014 10293 10516 I mobile-ffmpeg: 2020-03-12T08:49:30.000000Z
07-04 23:06:36.014 10293 10516 I mobile-ffmpeg: 
07-04 23:06:36.014 10293 10516 I mobile-ffmpeg:       handler_name    : 
07-04 23:06:36.014 10293 10516 I mobile-ffmpeg: PittaSoft Video Media Handler
07-04 23:06:36.014 10293 10516 I mobile-ffmpeg: 
07-04 23:06:36.014 10293 10516 I mobile-ffmpeg:     Stream #0:1
07-04 23:06:36.015 10293 10516 I mobile-ffmpeg: (eng)
07-04 23:06:36.015 10293 10516 I mobile-ffmpeg: : Audio: aac (mp4a / 0x6134706D), 16000 Hz, stereo, fltp, 47 kb/s
07-04 23:06:36.015 10293 10516 I mobile-ffmpeg:  (default)
07-04 23:06:36.015 10293 10516 I mobile-ffmpeg: 
07-04 23:06:36.015 10293 10516 I mobile-ffmpeg:     Metadata:
07-04 23:06:36.015 10293 10516 I mobile-ffmpeg:       creation_time   : 
07-04 23:06:36.015 10293 10516 I mobile-ffmpeg: 2020-03-12T08:49:30.000000Z
07-04 23:06:36.015 10293 10516 I mobile-ffmpeg: 
07-04 23:06:36.015 10293 10516 I mobile-ffmpeg:       handler_name    : 
07-04 23:06:36.015 10293 10516 I mobile-ffmpeg: PittaSoft Sound Media Handler
07-04 23:06:36.015 10293 10516 I mobile-ffmpeg: 
07-04 23:06:36.034 10293 10502 V FileManager: External storage is readable
07-04 23:06:36.036 10293 10502 V FileManager: Created new directory: /storage/emulated/0/Movies/segment/20200312_194830
07-04 23:06:36.036 10293 10502 V FfmpegTools: Splitting /storage/emulated/0/Movies/raw/20200312_194830.mp4 with 16s long segments
07-04 23:06:36.037 10293 10502 I FfmpegTools: Running ffmpeg with:
07-04 23:06:36.037 10293 10502 I FfmpegTools:   -y -i /storage/emulated/0/Movies/raw/20200312_194830.mp4 -map 0 -c copy -f segment -reset_timestamps 1 -segment_time 16 /storage/emulated/0/Movies/segment/20200312_194830/20200312_194830!%03d.mp4
07-04 23:06:36.056 10293 10516 W mobile-ffmpeg: [mov,mp4,m4a,3gp,3g2,mj2 @ 0x73955fa600] Found duplicated MOOV Atom. Skipped it
07-04 23:06:36.187 10293 10516 I mobile-ffmpeg: Input #0, mov,mp4,m4a,3gp,3g2,mj2, from '/storage/emulated/0/Movies/raw/20200312_194830.mp4':
07-04 23:06:36.187 10293 10516 I mobile-ffmpeg:   Metadata:
07-04 23:06:36.187 10293 10516 I mobile-ffmpeg:     creation_time   : 
07-04 23:06:36.187 10293 10516 I mobile-ffmpeg: 2020-03-12T08:49:30.000000Z
07-04 23:06:36.187 10293 10516 I mobile-ffmpeg: 
07-04 23:06:36.187 10293 10516 I mobile-ffmpeg:     major_brand     : 
07-04 23:06:36.187 10293 10516 I mobile-ffmpeg: mp42
07-04 23:06:36.187 10293 10516 I mobile-ffmpeg: 
07-04 23:06:36.187 10293 10516 I mobile-ffmpeg:     minor_version   : 
07-04 23:06:36.187 10293 10516 I mobile-ffmpeg: 1
07-04 23:06:36.187 10293 10516 I mobile-ffmpeg: 
07-04 23:06:36.187 10293 10516 I mobile-ffmpeg:     compatible_brands: 
07-04 23:06:36.187 10293 10516 I mobile-ffmpeg: mp42mp42
07-04 23:06:36.187 10293 10516 I mobile-ffmpeg: 
07-04 23:06:36.187 10293 10516 I mobile-ffmpeg:   Duration: 
07-04 23:06:36.187 10293 10516 I mobile-ffmpeg: 00:01:00.02
07-04 23:06:36.187 10293 10516 I mobile-ffmpeg: , start: 
07-04 23:06:36.188 10293 10516 I mobile-ffmpeg: 0.000000
07-04 23:06:36.188 10293 10516 I mobile-ffmpeg: , bitrate: 
07-04 23:06:36.188 10293 10516 I mobile-ffmpeg: 9328 kb/s
07-04 23:06:36.188 10293 10516 I mobile-ffmpeg: 
07-04 23:06:36.188 10293 10516 I mobile-ffmpeg:     Stream #0:0
07-04 23:06:36.188 10293 10516 I mobile-ffmpeg: (eng)
07-04 23:06:36.188 10293 10516 I mobile-ffmpeg: : Video: h264 (avc1 / 0x31637661), yuvj420p(pc, bt709), 1280x720, 8389 kb/s
07-04 23:06:36.188 10293 10516 I mobile-ffmpeg: , 
07-04 23:06:36.188 10293 10516 I mobile-ffmpeg: 29.97 fps, 
07-04 23:06:36.188 10293 10516 I mobile-ffmpeg: 29.97 tbr, 
07-04 23:06:36.188 10293 10516 I mobile-ffmpeg: 1k tbn, 
07-04 23:06:36.188 10293 10516 I mobile-ffmpeg: 2k tbc
07-04 23:06:36.188 10293 10516 I mobile-ffmpeg:  (default)
07-04 23:06:36.188 10293 10516 I mobile-ffmpeg: 
07-04 23:06:36.188 10293 10516 I mobile-ffmpeg:     Metadata:
07-04 23:06:36.188 10293 10516 I mobile-ffmpeg:       creation_time   : 
07-04 23:06:36.188 10293 10516 I mobile-ffmpeg: 2020-03-12T08:49:30.000000Z
07-04 23:06:36.188 10293 10516 I mobile-ffmpeg: 
07-04 23:06:36.188 10293 10516 I mobile-ffmpeg:       handler_name    : 
07-04 23:06:36.189 10293 10516 I mobile-ffmpeg: PittaSoft Video Media Handler
07-04 23:06:36.189 10293 10516 I mobile-ffmpeg: 
07-04 23:06:36.189 10293 10516 I mobile-ffmpeg:     Stream #0:1
07-04 23:06:36.189 10293 10516 I mobile-ffmpeg: (eng)
07-04 23:06:36.189 10293 10516 I mobile-ffmpeg: : Audio: aac (mp4a / 0x6134706D), 16000 Hz, stereo, fltp, 47 kb/s
07-04 23:06:36.189 10293 10516 I mobile-ffmpeg:  (default)
07-04 23:06:36.189 10293 10516 I mobile-ffmpeg: 
07-04 23:06:36.189 10293 10516 I mobile-ffmpeg:     Metadata:
07-04 23:06:36.189 10293 10516 I mobile-ffmpeg:       creation_time   : 
07-04 23:06:36.189 10293 10516 I mobile-ffmpeg: 2020-03-12T08:49:30.000000Z
07-04 23:06:36.189 10293 10516 I mobile-ffmpeg: 
07-04 23:06:36.189 10293 10516 I mobile-ffmpeg:       handler_name    : 
07-04 23:06:36.189 10293 10516 I mobile-ffmpeg: PittaSoft Sound Media Handler
07-04 23:06:36.189 10293 10516 I mobile-ffmpeg: 
07-04 23:06:36.189 10293 10516 I mobile-ffmpeg: [segment @ 0x73955fb800] Opening '/storage/emulated/0/Movies/segment/20200312_194830/20200312_194830!000.mp4' for writing
07-04 23:06:36.190 10293 10516 I mobile-ffmpeg: Output #0, segment, to '/storage/emulated/0/Movies/segment/20200312_194830/20200312_194830!%03d.mp4':
07-04 23:06:36.190 10293 10516 I mobile-ffmpeg:   Metadata:
07-04 23:06:36.191 10293 10516 I mobile-ffmpeg:     compatible_brands: 
07-04 23:06:36.191 10293 10516 I mobile-ffmpeg: mp42mp42
07-04 23:06:36.191 10293 10516 I mobile-ffmpeg: 
07-04 23:06:36.191 10293 10516 I mobile-ffmpeg:     major_brand     : 
07-04 23:06:36.191 10293 10516 I mobile-ffmpeg: mp42
07-04 23:06:36.191 10293 10516 I mobile-ffmpeg: 
07-04 23:06:36.191 10293 10516 I mobile-ffmpeg:     minor_version   : 
07-04 23:06:36.191 10293 10516 I mobile-ffmpeg: 1
07-04 23:06:36.191 10293 10516 I mobile-ffmpeg: 
07-04 23:06:36.191 10293 10516 I mobile-ffmpeg:     encoder         : 
07-04 23:06:36.191 10293 10516 I mobile-ffmpeg: Lavf58.42.100
07-04 23:06:36.191 10293 10516 I mobile-ffmpeg: 
07-04 23:06:36.191 10293 10516 I mobile-ffmpeg:     Stream #0:0
07-04 23:06:36.192 10293 10516 I mobile-ffmpeg: (eng)
07-04 23:06:36.192 10293 10516 I mobile-ffmpeg: : Video: h264 (avc1 / 0x31637661), yuvj420p(pc, bt709), 1280x720, q=2-31, 8389 kb/s
07-04 23:06:36.192 10293 10516 I mobile-ffmpeg: , 
07-04 23:06:36.193 10293 10516 I mobile-ffmpeg: 29.97 fps, 
07-04 23:06:36.193 10293 10516 I mobile-ffmpeg: 29.97 tbr, 
07-04 23:06:36.193 10293 10516 I mobile-ffmpeg: 16k tbn, 
07-04 23:06:36.193 10293 10516 I mobile-ffmpeg: 1k tbc
07-04 23:06:36.193 10293 10516 I mobile-ffmpeg:  (default)
07-04 23:06:36.193 10293 10516 I mobile-ffmpeg: 
07-04 23:06:36.193 10293 10516 I mobile-ffmpeg:     Metadata:
07-04 23:06:36.193 10293 10516 I mobile-ffmpeg:       creation_time   : 
07-04 23:06:36.193 10293 10516 I mobile-ffmpeg: 2020-03-12T08:49:30.000000Z
07-04 23:06:36.193 10293 10516 I mobile-ffmpeg: 
07-04 23:06:36.193 10293 10516 I mobile-ffmpeg:       handler_name    : 
07-04 23:06:36.193 10293 10516 I mobile-ffmpeg: PittaSoft Video Media Handler
07-04 23:06:36.193 10293 10516 I mobile-ffmpeg: 
07-04 23:06:36.193 10293 10516 I mobile-ffmpeg:     Stream #0:1
07-04 23:06:36.193 10293 10516 I mobile-ffmpeg: (eng)
07-04 23:06:36.193 10293 10516 I mobile-ffmpeg: : Audio: aac (mp4a / 0x6134706D), 16000 Hz, stereo, fltp, 47 kb/s
07-04 23:06:36.193 10293 10516 I mobile-ffmpeg:  (default)
07-04 23:06:36.194 10293 10516 I mobile-ffmpeg: 
07-04 23:06:36.194 10293 10516 I mobile-ffmpeg:     Metadata:
07-04 23:06:36.194 10293 10516 I mobile-ffmpeg:       creation_time   : 
07-04 23:06:36.194 10293 10516 I mobile-ffmpeg: 2020-03-12T08:49:30.000000Z
07-04 23:06:36.194 10293 10516 I mobile-ffmpeg: 
07-04 23:06:36.194 10293 10516 I mobile-ffmpeg:       handler_name    : 
07-04 23:06:36.194 10293 10516 I mobile-ffmpeg: PittaSoft Sound Media Handler
07-04 23:06:36.194 10293 10516 I mobile-ffmpeg: 
07-04 23:06:36.194 10293 10516 I mobile-ffmpeg: Stream mapping:
07-04 23:06:36.194 10293 10516 I mobile-ffmpeg:   Stream #0:0 -> #0:0
07-04 23:06:36.194 10293 10516 I mobile-ffmpeg:  (copy)
07-04 23:06:36.194 10293 10516 I mobile-ffmpeg: 
07-04 23:06:36.195 10293 10516 I mobile-ffmpeg:   Stream #0:1 -> #0:1
07-04 23:06:36.195 10293 10516 I mobile-ffmpeg:  (copy)
07-04 23:06:36.195 10293 10516 I mobile-ffmpeg: 
07-04 23:06:36.195 10293 10516 I mobile-ffmpeg: Press [q] to stop, [?] for help
07-04 23:06:36.195 10293 10516 I mobile-ffmpeg: frame=    1 fps=0.0 q=-1.0 size=N/A time=00:00:00.00 bitrate=N/A speed=  21x    
07-04 23:06:36.389 10293 10516 I mobile-ffmpeg: [segment @ 0x73955fb800] Opening '/storage/emulated/0/Movies/segment/20200312_194830/20200312_194830!001.mp4' for writing
07-04 23:06:36.585 10293 10516 I mobile-ffmpeg: [segment @ 0x73955fb800] Opening '/storage/emulated/0/Movies/segment/20200312_194830/20200312_194830!002.mp4' for writing
07-04 23:06:36.692 10293 10516 I mobile-ffmpeg: frame= 1228 fps=0.0 q=-1.0 size=N/A time=00:00:40.93 bitrate=N/A speed=81.9x    
07-04 23:06:36.783 10293 10516 I mobile-ffmpeg: [segment @ 0x73955fb800] Opening '/storage/emulated/0/Movies/segment/20200312_194830/20200312_194830!003.mp4' for writing
07-04 23:06:36.960 10293 10516 I mobile-ffmpeg: frame= 1800 fps=0.0 q=-1.0 Lsize=N/A time=00:01:00.01 bitrate=N/A speed=78.1x    
07-04 23:06:36.960 10293 10516 I mobile-ffmpeg: video:61471kB audio:345kB subtitle:0kB other streams:0kB global headers:0kB muxing overhead: 
07-04 23:06:36.960 10293 10516 I mobile-ffmpeg: unknown
07-04 23:06:36.960 10293 10516 I mobile-ffmpeg: 
07-04 23:06:36.966 10293 10502 V FileManager: External storage is readable
07-04 23:06:36.966 10293 10502 V FileManager: Directory already exists: /storage/emulated/0/Movies/segment/20200312_194830
07-04 23:06:36.967 10293 10502 V VideoManager: Retrieving videos from /storage/emulated/0/Movies/segment/20200312_194830
07-04 23:06:36.968 10293 10502 V VideoManager: Retrieving video from /storage/emulated/0/Movies/segment/20200312_194830/20200312_194830!000.mp4
07-04 23:06:36.976 10293 10502 V VideoManager: videoFromCursor
07-04 23:06:36.979 10293 10502 V VideoManager: Retrieving video from /storage/emulated/0/Movies/segment/20200312_194830/20200312_194830!001.mp4
07-04 23:06:36.986 10293 10502 V VideoManager: videoFromCursor
07-04 23:06:36.989 10293 10502 V VideoManager: Retrieving video from /storage/emulated/0/Movies/segment/20200312_194830/20200312_194830!002.mp4
07-04 23:06:36.998 10293 10502 V VideoManager: videoFromCursor
07-04 23:06:37.001 10293 10502 V VideoManager: Retrieving video from /storage/emulated/0/Movies/segment/20200312_194830/20200312_194830!003.mp4
07-04 23:06:37.008 10293 10502 V VideoManager: videoFromCursor
07-04 23:06:37.012 10293 10502 V NearbyFragment: nextTransfer with selected algorithm: best_or_local
07-04 23:06:37.014 10293 10502 W NearbyFragment: Sending 20200312_194830!000.mp4 to Galaxy S8 [2802]
07-04 23:06:37.029 10293 10293 V NearbyFragment: Transfer to Endpoint{id=d-d8, name=Galaxy S8 [2802]} complete
07-04 23:06:38.019 10293 10502 V DownloadTestVideosTask: Starting DownloadTestVideosTask
07-04 23:06:38.022 10293 10502 V DashDownloadManager: Started downloading: 20200312_194930.mp4
07-04 23:06:39.539 10293 10293 V NearbyFragment: Transfer to Endpoint{id=d-d8, name=Galaxy S8 [2802]} complete
07-04 23:06:39.859 10293 10293 D NearbyFragment: onPayloadReceived(endpointId=d-d8, payload=com.google.android.gms.nearby.connection.Payload@a0bafd3)
07-04 23:06:39.860 10293 10293 D NearbyFragment: Endpoint{id=d-d8, name=Galaxy S8 [2802]} has finished downloading 20200312_194830!000.mp4
07-04 23:06:39.867 10293 10293 V NearbyFragment: Transfer to Endpoint{id=d-d8, name=Galaxy S8 [2802]} complete
07-04 23:06:47.120 10293 10293 D NearbyFragment: onPayloadReceived(endpointId=d-d8, payload=com.google.android.gms.nearby.connection.Payload@6be5710)
07-04 23:06:47.121 10293 10293 V NearbyFragment: Started downloading 20200312_194830!000.mp4 from Endpoint{id=d-d8, name=Galaxy S8 [2802]}
07-04 23:06:47.123 10293 10293 V NearbyFragment: nextTransfer with selected algorithm: best_or_local
07-04 23:06:47.126 10293 10293 W NearbyFragment: Sending 20200312_194830!001.mp4 to Galaxy S8 [2802]
07-04 23:06:47.130 10293 10293 V NearbyFragment: Transfer to Endpoint{id=d-d8, name=Galaxy S8 [2802]} complete
07-04 23:06:47.144 10293 10293 V NearbyFragment: Transfer to Endpoint{id=d-d8, name=Galaxy S8 [2802]} complete
07-04 23:06:47.402 10293 10293 D NearbyFragment: onPayloadReceived(endpointId=d-d8, payload=com.google.android.gms.nearby.connection.Payload@657762f)
07-04 23:06:47.523 10293 10293 V NearbyFragment: Transfer to Endpoint{id=d-d8, name=Galaxy S8 [2802]} complete
07-04 23:06:47.524 10293 10293 W NearbyFragment: Completed downloading 20200312_194830!000.mp4 from Endpoint{id=d-d8, name=Galaxy S8 [2802]} in 00.402s
07-04 23:06:47.530 10293 10293 V FileManager: External storage is readable
07-04 23:06:47.532 10293 10293 V FileManager: Created new directory: /storage/emulated/0/Movies/segment-sum/20200312_194830
07-04 23:06:47.576 10293 10293 V NearbyFragment: Received a segment of 20200312_194830
07-04 23:06:49.334 10293 10293 V NearbyFragment: Transfer to Endpoint{id=d-d8, name=Galaxy S8 [2802]} complete
07-04 23:06:49.895 10293 10293 D NearbyFragment: onPayloadReceived(endpointId=d-d8, payload=com.google.android.gms.nearby.connection.Payload@99d43c)
07-04 23:06:49.897 10293 10293 D NearbyFragment: Endpoint{id=d-d8, name=Galaxy S8 [2802]} has finished downloading 20200312_194830!001.mp4
07-04 23:06:49.943 10293 10293 V NearbyFragment: Transfer to Endpoint{id=d-d8, name=Galaxy S8 [2802]} complete
07-04 23:06:55.999 10293 10502 V VideoManager: Retrieving video from /storage/emulated/0/Movies/raw/20200312_194930.mp4
07-04 23:06:56.012 10293 10502 D VideoManager: videoCursor is null
07-04 23:06:56.041 10293 10502 V VideoManager: videoFromCursor
07-04 23:06:56.046 10293 10502 W DashDownloadManager: Successfully downloaded 20200312_194930.mp4 in 17.975s
07-04 23:06:56.046 10293 10502 V DownloadTestVideosTask: Entering callback for download completion of 20200312_194930.mp4
07-04 23:06:56.047 10293 10502 V RawFootageEventHandler: onAdd
07-04 23:06:56.049 10293 10502 V FfmpegTools: Retrieving duration of /storage/emulated/0/Movies/raw/20200312_194930.mp4
07-04 23:06:56.059 10293 10516 W mobile-ffmpeg: [mov,mp4,m4a,3gp,3g2,mj2 @ 0x73955fa600] Found duplicated MOOV Atom. Skipped it
07-04 23:06:56.180 10293 10516 I mobile-ffmpeg: Input #0, mov,mp4,m4a,3gp,3g2,mj2, from '/storage/emulated/0/Movies/raw/20200312_194930.mp4':
07-04 23:06:56.180 10293 10516 I mobile-ffmpeg:   Metadata:
07-04 23:06:56.180 10293 10516 I mobile-ffmpeg:     creation_time   : 
07-04 23:06:56.180 10293 10516 I mobile-ffmpeg: 2020-03-12T08:50:30.000000Z
07-04 23:06:56.180 10293 10516 I mobile-ffmpeg: 
07-04 23:06:56.180 10293 10516 I mobile-ffmpeg:     major_brand     : 
07-04 23:06:56.180 10293 10516 I mobile-ffmpeg: mp42
07-04 23:06:56.181 10293 10516 I mobile-ffmpeg: 
07-04 23:06:56.181 10293 10516 I mobile-ffmpeg:     minor_version   : 
07-04 23:06:56.181 10293 10516 I mobile-ffmpeg: 1
07-04 23:06:56.181 10293 10516 I mobile-ffmpeg: 
07-04 23:06:56.181 10293 10516 I mobile-ffmpeg:     compatible_brands: 
07-04 23:06:56.181 10293 10516 I mobile-ffmpeg: mp42mp42
07-04 23:06:56.181 10293 10516 I mobile-ffmpeg: 
07-04 23:06:56.181 10293 10516 I mobile-ffmpeg:   Duration: 
07-04 23:06:56.181 10293 10516 I mobile-ffmpeg: 00:01:00.02
07-04 23:06:56.181 10293 10516 I mobile-ffmpeg: , start: 
07-04 23:06:56.181 10293 10516 I mobile-ffmpeg: 0.000000
07-04 23:06:56.181 10293 10516 I mobile-ffmpeg: , bitrate: 
07-04 23:06:56.181 10293 10516 I mobile-ffmpeg: 9328 kb/s
07-04 23:06:56.182 10293 10516 I mobile-ffmpeg: 
07-04 23:06:56.182 10293 10516 I mobile-ffmpeg:     Stream #0:0
07-04 23:06:56.182 10293 10516 I mobile-ffmpeg: (eng)
07-04 23:06:56.182 10293 10516 I mobile-ffmpeg: : Video: h264 (avc1 / 0x31637661), yuvj420p(pc, bt709), 1280x720, 8383 kb/s
07-04 23:06:56.182 10293 10516 I mobile-ffmpeg: , 
07-04 23:06:56.182 10293 10516 I mobile-ffmpeg: 29.97 fps, 
07-04 23:06:56.182 10293 10516 I mobile-ffmpeg: 29.97 tbr, 
07-04 23:06:56.182 10293 10516 I mobile-ffmpeg: 1k tbn, 
07-04 23:06:56.182 10293 10516 I mobile-ffmpeg: 2k tbc
07-04 23:06:56.183 10293 10516 I mobile-ffmpeg:  (default)
07-04 23:06:56.183 10293 10516 I mobile-ffmpeg: 
07-04 23:06:56.183 10293 10516 I mobile-ffmpeg:     Metadata:
07-04 23:06:56.183 10293 10516 I mobile-ffmpeg:       creation_time   : 
07-04 23:06:56.183 10293 10516 I mobile-ffmpeg: 2020-03-12T08:50:30.000000Z
07-04 23:06:56.183 10293 10516 I mobile-ffmpeg: 
07-04 23:06:56.183 10293 10516 I mobile-ffmpeg:       handler_name    : 
07-04 23:06:56.183 10293 10516 I mobile-ffmpeg: PittaSoft Video Media Handler
07-04 23:06:56.183 10293 10516 I mobile-ffmpeg: 
07-04 23:06:56.183 10293 10516 I mobile-ffmpeg:     Stream #0:1
07-04 23:06:56.183 10293 10516 I mobile-ffmpeg: (eng)
07-04 23:06:56.183 10293 10516 I mobile-ffmpeg: : Audio: aac (mp4a / 0x6134706D), 16000 Hz, stereo, fltp, 47 kb/s
07-04 23:06:56.183 10293 10516 I mobile-ffmpeg:  (default)
07-04 23:06:56.184 10293 10516 I mobile-ffmpeg: 
07-04 23:06:56.184 10293 10516 I mobile-ffmpeg:     Metadata:
07-04 23:06:56.184 10293 10516 I mobile-ffmpeg:       creation_time   : 
07-04 23:06:56.184 10293 10516 I mobile-ffmpeg: 2020-03-12T08:50:30.000000Z
07-04 23:06:56.184 10293 10516 I mobile-ffmpeg: 
07-04 23:06:56.184 10293 10516 I mobile-ffmpeg:       handler_name    : 
07-04 23:06:56.184 10293 10516 I mobile-ffmpeg: PittaSoft Sound Media Handler
07-04 23:06:56.184 10293 10516 I mobile-ffmpeg: 
07-04 23:06:56.207 10293 10502 V FileManager: External storage is readable
07-04 23:06:56.209 10293 10502 V FileManager: Created new directory: /storage/emulated/0/Movies/segment/20200312_194930
07-04 23:06:56.210 10293 10502 V FfmpegTools: Splitting /storage/emulated/0/Movies/raw/20200312_194930.mp4 with 16s long segments
07-04 23:06:56.211 10293 10502 I FfmpegTools: Running ffmpeg with:
07-04 23:06:56.211 10293 10502 I FfmpegTools:   -y -i /storage/emulated/0/Movies/raw/20200312_194930.mp4 -map 0 -c copy -f segment -reset_timestamps 1 -segment_time 16 /storage/emulated/0/Movies/segment/20200312_194930/20200312_194930!%03d.mp4
07-04 23:06:56.233 10293 10516 W mobile-ffmpeg: [mov,mp4,m4a,3gp,3g2,mj2 @ 0x73955fa600] Found duplicated MOOV Atom. Skipped it
07-04 23:06:56.349 10293 10516 I mobile-ffmpeg: Input #0, mov,mp4,m4a,3gp,3g2,mj2, from '/storage/emulated/0/Movies/raw/20200312_194930.mp4':
07-04 23:06:56.349 10293 10516 I mobile-ffmpeg:   Metadata:
07-04 23:06:56.349 10293 10516 I mobile-ffmpeg:     creation_time   : 
07-04 23:06:56.349 10293 10516 I mobile-ffmpeg: 2020-03-12T08:50:30.000000Z
07-04 23:06:56.349 10293 10516 I mobile-ffmpeg: 
07-04 23:06:56.349 10293 10516 I mobile-ffmpeg:     major_brand     : 
07-04 23:06:56.350 10293 10516 I mobile-ffmpeg: mp42
07-04 23:06:56.350 10293 10516 I mobile-ffmpeg: 
07-04 23:06:56.350 10293 10516 I mobile-ffmpeg:     minor_version   : 
07-04 23:06:56.350 10293 10516 I mobile-ffmpeg: 1
07-04 23:06:56.350 10293 10516 I mobile-ffmpeg: 
07-04 23:06:56.350 10293 10516 I mobile-ffmpeg:     compatible_brands: 
07-04 23:06:56.350 10293 10516 I mobile-ffmpeg: mp42mp42
07-04 23:06:56.350 10293 10516 I mobile-ffmpeg: 
07-04 23:06:56.350 10293 10516 I mobile-ffmpeg:   Duration: 
07-04 23:06:56.350 10293 10516 I mobile-ffmpeg: 00:01:00.02
07-04 23:06:56.350 10293 10516 I mobile-ffmpeg: , start: 
07-04 23:06:56.350 10293 10516 I mobile-ffmpeg: 0.000000
07-04 23:06:56.350 10293 10516 I mobile-ffmpeg: , bitrate: 
07-04 23:06:56.350 10293 10516 I mobile-ffmpeg: 9328 kb/s
07-04 23:06:56.350 10293 10516 I mobile-ffmpeg: 
07-04 23:06:56.350 10293 10516 I mobile-ffmpeg:     Stream #0:0
07-04 23:06:56.350 10293 10516 I mobile-ffmpeg: (eng)
07-04 23:06:56.350 10293 10516 I mobile-ffmpeg: : Video: h264 (avc1 / 0x31637661), yuvj420p(pc, bt709), 1280x720, 8383 kb/s
07-04 23:06:56.350 10293 10516 I mobile-ffmpeg: , 
07-04 23:06:56.351 10293 10516 I mobile-ffmpeg: 29.97 fps, 
07-04 23:06:56.351 10293 10516 I mobile-ffmpeg: 29.97 tbr, 
07-04 23:06:56.351 10293 10516 I mobile-ffmpeg: 1k tbn, 
07-04 23:06:56.351 10293 10516 I mobile-ffmpeg: 2k tbc
07-04 23:06:56.351 10293 10516 I mobile-ffmpeg:  (default)
07-04 23:06:56.351 10293 10516 I mobile-ffmpeg: 
07-04 23:06:56.351 10293 10516 I mobile-ffmpeg:     Metadata:
07-04 23:06:56.351 10293 10516 I mobile-ffmpeg:       creation_time   : 
07-04 23:06:56.351 10293 10516 I mobile-ffmpeg: 2020-03-12T08:50:30.000000Z
07-04 23:06:56.351 10293 10516 I mobile-ffmpeg: 
07-04 23:06:56.352 10293 10516 I mobile-ffmpeg:       handler_name    : 
07-04 23:06:56.352 10293 10516 I mobile-ffmpeg: PittaSoft Video Media Handler
07-04 23:06:56.352 10293 10516 I mobile-ffmpeg: 
07-04 23:06:56.352 10293 10516 I mobile-ffmpeg:     Stream #0:1
07-04 23:06:56.352 10293 10516 I mobile-ffmpeg: (eng)
07-04 23:06:56.353 10293 10516 I mobile-ffmpeg: : Audio: aac (mp4a / 0x6134706D), 16000 Hz, stereo, fltp, 47 kb/s
07-04 23:06:56.354 10293 10516 I mobile-ffmpeg:  (default)
07-04 23:06:56.356 10293 10516 I mobile-ffmpeg: 
07-04 23:06:56.358 10293 10516 I mobile-ffmpeg:     Metadata:
07-04 23:06:56.359 10293 10516 I mobile-ffmpeg:       creation_time   : 
07-04 23:06:56.360 10293 10516 I mobile-ffmpeg: 2020-03-12T08:50:30.000000Z
07-04 23:06:56.360 10293 10516 I mobile-ffmpeg: 
07-04 23:06:56.360 10293 10516 I mobile-ffmpeg:       handler_name    : 
07-04 23:06:56.360 10293 10516 I mobile-ffmpeg: PittaSoft Sound Media Handler
07-04 23:06:56.360 10293 10516 I mobile-ffmpeg: 
07-04 23:06:56.360 10293 10516 I mobile-ffmpeg: [segment @ 0x73955fb800] Opening '/storage/emulated/0/Movies/segment/20200312_194930/20200312_194930!000.mp4' for writing
07-04 23:06:56.361 10293 10516 I mobile-ffmpeg: Output #0, segment, to '/storage/emulated/0/Movies/segment/20200312_194930/20200312_194930!%03d.mp4':
07-04 23:06:56.361 10293 10516 I mobile-ffmpeg:   Metadata:
07-04 23:06:56.361 10293 10516 I mobile-ffmpeg:     compatible_brands: 
07-04 23:06:56.361 10293 10516 I mobile-ffmpeg: mp42mp42
07-04 23:06:56.361 10293 10516 I mobile-ffmpeg: 
07-04 23:06:56.361 10293 10516 I mobile-ffmpeg:     major_brand     : 
07-04 23:06:56.361 10293 10516 I mobile-ffmpeg: mp42
07-04 23:06:56.361 10293 10516 I mobile-ffmpeg: 
07-04 23:06:56.362 10293 10516 I mobile-ffmpeg:     minor_version   : 
07-04 23:06:56.362 10293 10516 I mobile-ffmpeg: 1
07-04 23:06:56.362 10293 10516 I mobile-ffmpeg: 
07-04 23:06:56.362 10293 10516 I mobile-ffmpeg:     encoder         : 
07-04 23:06:56.362 10293 10516 I mobile-ffmpeg: Lavf58.42.100
07-04 23:06:56.362 10293 10516 I mobile-ffmpeg: 
07-04 23:06:56.362 10293 10516 I mobile-ffmpeg:     Stream #0:0
07-04 23:06:56.362 10293 10516 I mobile-ffmpeg: (eng)
07-04 23:06:56.362 10293 10516 I mobile-ffmpeg: : Video: h264 (avc1 / 0x31637661), yuvj420p(pc, bt709), 1280x720, q=2-31, 8383 kb/s
07-04 23:06:56.362 10293 10516 I mobile-ffmpeg: , 
07-04 23:06:56.362 10293 10516 I mobile-ffmpeg: 29.97 fps, 
07-04 23:06:56.362 10293 10516 I mobile-ffmpeg: 29.97 tbr, 
07-04 23:06:56.362 10293 10516 I mobile-ffmpeg: 16k tbn, 
07-04 23:06:56.362 10293 10516 I mobile-ffmpeg: 1k tbc
07-04 23:06:56.362 10293 10516 I mobile-ffmpeg:  (default)
07-04 23:06:56.362 10293 10516 I mobile-ffmpeg: 
07-04 23:06:56.363 10293 10516 I mobile-ffmpeg:     Metadata:
07-04 23:06:56.363 10293 10516 I mobile-ffmpeg:       creation_time   : 
07-04 23:06:56.363 10293 10516 I mobile-ffmpeg: 2020-03-12T08:50:30.000000Z
07-04 23:06:56.363 10293 10516 I mobile-ffmpeg: 
07-04 23:06:56.363 10293 10516 I mobile-ffmpeg:       handler_name    : 
07-04 23:06:56.363 10293 10516 I mobile-ffmpeg: PittaSoft Video Media Handler
07-04 23:06:56.363 10293 10516 I mobile-ffmpeg: 
07-04 23:06:56.363 10293 10516 I mobile-ffmpeg:     Stream #0:1
07-04 23:06:56.363 10293 10516 I mobile-ffmpeg: (eng)
07-04 23:06:56.363 10293 10516 I mobile-ffmpeg: : Audio: aac (mp4a / 0x6134706D), 16000 Hz, stereo, fltp, 47 kb/s
07-04 23:06:56.363 10293 10516 I mobile-ffmpeg:  (default)
07-04 23:06:56.363 10293 10516 I mobile-ffmpeg: 
07-04 23:06:56.363 10293 10516 I mobile-ffmpeg:     Metadata:
07-04 23:06:56.363 10293 10516 I mobile-ffmpeg:       creation_time   : 
07-04 23:06:56.363 10293 10516 I mobile-ffmpeg: 2020-03-12T08:50:30.000000Z
07-04 23:06:56.363 10293 10516 I mobile-ffmpeg: 
07-04 23:06:56.363 10293 10516 I mobile-ffmpeg:       handler_name    : 
07-04 23:06:56.363 10293 10516 I mobile-ffmpeg: PittaSoft Sound Media Handler
07-04 23:06:56.364 10293 10516 I mobile-ffmpeg: 
07-04 23:06:56.364 10293 10516 I mobile-ffmpeg: Stream mapping:
07-04 23:06:56.364 10293 10516 I mobile-ffmpeg:   Stream #0:0 -> #0:0
07-04 23:06:56.364 10293 10516 I mobile-ffmpeg:  (copy)
07-04 23:06:56.364 10293 10516 I mobile-ffmpeg: 
07-04 23:06:56.366 10293 10516 I mobile-ffmpeg:   Stream #0:1 -> #0:1
07-04 23:06:56.366 10293 10516 I mobile-ffmpeg:  (copy)
07-04 23:06:56.366 10293 10516 I mobile-ffmpeg: 
07-04 23:06:56.366 10293 10516 I mobile-ffmpeg: Press [q] to stop, [?] for help
07-04 23:06:56.366 10293 10516 I mobile-ffmpeg: frame=    1 fps=0.0 q=-1.0 size=N/A time=00:00:00.00 bitrate=N/A speed=  21x    
07-04 23:06:56.559 10293 10516 I mobile-ffmpeg: [segment @ 0x73955fb800] Opening '/storage/emulated/0/Movies/segment/20200312_194930/20200312_194930!001.mp4' for writing
07-04 23:06:56.782 10293 10516 I mobile-ffmpeg: [segment @ 0x73955fb800] Opening '/storage/emulated/0/Movies/segment/20200312_194930/20200312_194930!002.mp4' for writing
07-04 23:06:56.854 10293 10516 I mobile-ffmpeg: frame= 1079 fps=0.0 q=-1.0 size=N/A time=00:00:35.96 bitrate=N/A speed=71.9x    
07-04 23:06:57.003 10293 10516 I mobile-ffmpeg: [segment @ 0x73955fb800] Opening '/storage/emulated/0/Movies/segment/20200312_194930/20200312_194930!003.mp4' for writing
07-04 23:06:57.145 10293 10516 I mobile-ffmpeg: frame= 1800 fps=0.0 q=-1.0 Lsize=N/A time=00:01:00.02 bitrate=N/A speed=75.9x    
07-04 23:06:57.146 10293 10516 I mobile-ffmpeg: video:61424kB audio:345kB subtitle:0kB other streams:0kB global headers:0kB muxing overhead: 
07-04 23:06:57.146 10293 10516 I mobile-ffmpeg: unknown
07-04 23:06:57.146 10293 10516 I mobile-ffmpeg: 
07-04 23:06:57.151 10293 10502 V FileManager: External storage is readable
07-04 23:06:57.151 10293 10502 V FileManager: Directory already exists: /storage/emulated/0/Movies/segment/20200312_194930
07-04 23:06:57.152 10293 10502 V VideoManager: Retrieving videos from /storage/emulated/0/Movies/segment/20200312_194930
07-04 23:06:57.153 10293 10502 V VideoManager: Retrieving video from /storage/emulated/0/Movies/segment/20200312_194930/20200312_194930!000.mp4
07-04 23:06:57.789 10293 10502 V VideoManager: videoFromCursor
07-04 23:06:57.794 10293 10502 V VideoManager: Retrieving video from /storage/emulated/0/Movies/segment/20200312_194930/20200312_194930!001.mp4
07-04 23:06:57.809 10293 10502 V VideoManager: videoFromCursor
07-04 23:06:57.814 10293 10502 V VideoManager: Retrieving video from /storage/emulated/0/Movies/segment/20200312_194930/20200312_194930!002.mp4
07-04 23:06:57.826 10293 10502 V VideoManager: videoFromCursor
07-04 23:06:57.830 10293 10502 V VideoManager: Retrieving video from /storage/emulated/0/Movies/segment/20200312_194930/20200312_194930!003.mp4
07-04 23:06:57.839 10293 10502 V VideoManager: videoFromCursor
07-04 23:06:57.844 10293 10502 V NearbyFragment: nextTransfer with selected algorithm: best_or_local
07-04 23:06:57.847 10293 10502 W NearbyFragment: Sending 20200312_194830!002.mp4 to Nexus 5 [1825]
07-04 23:06:57.863 10293 10293 V NearbyFragment: Transfer to Endpoint{id=5zqo, name=Nexus 5 [1825]} complete
07-04 23:06:58.851 10293 10502 V DownloadTestVideosTask: Starting DownloadTestVideosTask
07-04 23:06:58.859 10293 10502 V DashDownloadManager: Started downloading: 20200312_195230.mp4
07-04 23:07:00.245 10293 10293 D NearbyFragment: onPayloadReceived(endpointId=d-d8, payload=com.google.android.gms.nearby.connection.Payload@24df828)
07-04 23:07:00.246 10293 10293 V NearbyFragment: Started downloading 20200312_194830!001.mp4 from Endpoint{id=d-d8, name=Galaxy S8 [2802]}
07-04 23:07:00.249 10293 10293 V NearbyFragment: nextTransfer with selected algorithm: best_or_local
07-04 23:07:00.252 10293 10293 W NearbyFragment: Sending 20200312_194830!003.mp4 to Galaxy S8 [2802]
