07-04 23:05:25.003 10293 10502 V NearbyFragment: nextTransfer with selected algorithm: best_or_local
07-04 23:05:25.010 10293 10502 W NearbyFragment: Sending 20200312_194129!003.mp4 to Nexus 5 [1825]
07-04 23:05:25.024 10293 10293 V NearbyFragment: Transfer to Endpoint{id=5zqo, name=Nexus 5 [1825]} complete
07-04 23:05:26.016 10293 10502 V DownloadTestVideosTask: Starting DownloadTestVideosTask
07-04 23:05:26.020 10293 10502 V DashDownloadManager: Started downloading: 20200312_194330.mp4
07-04 23:05:27.311 10293 10293 V NearbyFragment: Transfer to Endpoint{id=5zqo, name=Nexus 5 [1825]} complete
07-04 23:05:27.684 10293 10293 D NearbyFragment: onPayloadReceived(endpointId=d-d8, payload=com.google.android.gms.nearby.connection.Payload@f161d69)
07-04 23:05:27.685 10293 10293 V NearbyFragment: Started downloading 20200312_194129!002.mp4 from Endpoint{id=d-d8, name=Galaxy S8 [2802]}
07-04 23:05:27.691 10293 10293 V NearbyFragment: nextTransfer with selected algorithm: best_or_local
07-04 23:05:27.697 10293 10293 W NearbyFragment: Sending 20200312_194229!000.mp4 to Galaxy S8 [2802]
07-04 23:05:27.707 10293 10293 V NearbyFragment: Transfer to Endpoint{id=d-d8, name=Galaxy S8 [2802]} complete
07-04 23:05:27.719 10293 10293 V NearbyFragment: Transfer to Endpoint{id=d-d8, name=Galaxy S8 [2802]} complete
07-04 23:05:27.746 10293 10293 D NearbyFragment: onPayloadReceived(endpointId=5zqo, payload=com.google.android.gms.nearby.connection.Payload@b850f1c)
07-04 23:05:27.747 10293 10293 D NearbyFragment: Endpoint{id=5zqo, name=Nexus 5 [1825]} has finished downloading 20200312_194129!003.mp4
07-04 23:05:27.764 10293 10293 V NearbyFragment: Transfer to Endpoint{id=5zqo, name=Nexus 5 [1825]} complete
07-04 23:05:27.813 10293 10293 D NearbyFragment: onPayloadReceived(endpointId=d-d8, payload=com.google.android.gms.nearby.connection.Payload@dea2725)
07-04 23:05:28.324 10293 10293 V NearbyFragment: Transfer to Endpoint{id=d-d8, name=Galaxy S8 [2802]} complete
07-04 23:05:28.325 10293 10293 W NearbyFragment: Completed downloading 20200312_194129!002.mp4 from Endpoint{id=d-d8, name=Galaxy S8 [2802]} in 00.638s
07-04 23:05:28.331 10293 10293 V FileManager: External storage is readable
07-04 23:05:28.332 10293 10293 V FileManager: Directory already exists: /storage/emulated/0/Movies/segment-sum/20200312_194129
07-04 23:05:28.408 10293 10293 V NearbyFragment: Received a segment of 20200312_194129
07-04 23:05:29.887 10293 10293 V NearbyFragment: Transfer to Endpoint{id=d-d8, name=Galaxy S8 [2802]} complete
07-04 23:05:30.157 10293 10293 D NearbyFragment: onPayloadReceived(endpointId=d-d8, payload=com.google.android.gms.nearby.connection.Payload@3e20fa)
07-04 23:05:30.158 10293 10293 D NearbyFragment: Endpoint{id=d-d8, name=Galaxy S8 [2802]} has finished downloading 20200312_194229!000.mp4
07-04 23:05:30.222 10293 10293 V NearbyFragment: Transfer to Endpoint{id=d-d8, name=Galaxy S8 [2802]} complete
07-04 23:05:35.140 10293 10293 D NearbyFragment: onPayloadReceived(endpointId=5zqo, payload=com.google.android.gms.nearby.connection.Payload@3dc66ab)
07-04 23:05:35.141 10293 10293 V NearbyFragment: Started downloading 20200312_194129!003.mp4 from Endpoint{id=5zqo, name=Nexus 5 [1825]}
07-04 23:05:35.150 10293 10293 V NearbyFragment: nextTransfer with selected algorithm: best_or_local
07-04 23:05:35.154 10293 10293 W NearbyFragment: Sending 20200312_194229!001.mp4 to Nexus 5 [1825]
07-04 23:05:35.161 10293 10293 V NearbyFragment: Transfer to Endpoint{id=5zqo, name=Nexus 5 [1825]} complete
07-04 23:05:35.173 10293 10293 V NearbyFragment: Transfer to Endpoint{id=5zqo, name=Nexus 5 [1825]} complete
07-04 23:05:35.222 10293 10293 D NearbyFragment: onPayloadReceived(endpointId=5zqo, payload=com.google.android.gms.nearby.connection.Payload@ebd52c6)
07-04 23:05:35.232 10293 10293 V NearbyFragment: Transfer to Endpoint{id=5zqo, name=Nexus 5 [1825]} complete
07-04 23:05:35.233 10293 10293 W NearbyFragment: Completed downloading 20200312_194129!003.mp4 from Endpoint{id=5zqo, name=Nexus 5 [1825]} in 00.090s
07-04 23:05:35.242 10293 10293 V FileManager: External storage is readable
07-04 23:05:35.242 10293 10293 V FileManager: Directory already exists: /storage/emulated/0/Movies/segment-sum/20200312_194129
07-04 23:05:35.253 10293 10293 D NearbyFragment: Received all summarised video segments of 20200312_194129
07-04 23:05:35.261 10293 10293 V FileManager: External storage is readable
07-04 23:05:35.262 10293 10293 V FileManager: Directory already exists: /storage/emulated/0/Movies/segment-sum/20200312_194129
07-04 23:05:35.264 10293 10293 D FfmpegTools: Merging /storage/emulated/0/Movies/summarised/20200312_194129.mp4
07-04 23:05:35.275 10293 10293 V FileManager: External storage is readable
07-04 23:05:35.275 10293 10293 V FileManager: Directory already exists: /storage/emulated/0/Movies/segment/20200312_194129
07-04 23:05:35.284 10293 10293 I FfmpegTools: Running ffmpeg with:
07-04 23:05:35.284 10293 10293 I FfmpegTools:   -y -f concat -safe 0 -i /storage/emulated/0/Movies/segment/20200312_194129/paths.txt -c copy /storage/emulated/0/Movies/summarised/20200312_194129.mp4
07-04 23:05:35.365 10293 10516 I mobile-ffmpeg: [mov,mp4,m4a,3gp,3g2,mj2 @ 0x73929fde00] Auto-inserting h264_mp4toannexb bitstream filter
07-04 23:05:35.435 10293 10516 I mobile-ffmpeg: Input #0, concat, from '/storage/emulated/0/Movies/segment/20200312_194129/paths.txt':
07-04 23:05:35.435 10293 10516 I mobile-ffmpeg:   Duration: 
07-04 23:05:35.435 10293 10516 I mobile-ffmpeg: N/A
07-04 23:05:35.435 10293 10516 I mobile-ffmpeg: , start: 
07-04 23:05:35.435 10293 10516 I mobile-ffmpeg: -0.064000
07-04 23:05:35.435 10293 10516 I mobile-ffmpeg: , bitrate: 
07-04 23:05:35.435 10293 10516 I mobile-ffmpeg: 1142 kb/s
07-04 23:05:35.435 10293 10516 I mobile-ffmpeg: 
07-04 23:05:35.435 10293 10516 I mobile-ffmpeg:     Stream #0:0
07-04 23:05:35.436 10293 10516 I mobile-ffmpeg: (und)
07-04 23:05:35.436 10293 10516 I mobile-ffmpeg: : Video: h264 (avc1 / 0x31637661), yuvj420p(pc), 1280x720, 1056 kb/s
07-04 23:05:35.436 10293 10516 I mobile-ffmpeg: , 
07-04 23:05:35.436 10293 10516 I mobile-ffmpeg: 29.97 fps, 
07-04 23:05:35.436 10293 10516 I mobile-ffmpeg: 29.97 tbr, 
07-04 23:05:35.436 10293 10516 I mobile-ffmpeg: 30k tbn, 
07-04 23:05:35.436 10293 10516 I mobile-ffmpeg: 59.94 tbc
07-04 23:05:35.436 10293 10516 I mobile-ffmpeg: 
07-04 23:05:35.436 10293 10516 I mobile-ffmpeg:     Metadata:
07-04 23:05:35.436 10293 10516 I mobile-ffmpeg:       handler_name    : 
07-04 23:05:35.436 10293 10516 I mobile-ffmpeg: VideoHandler
07-04 23:05:35.436 10293 10516 I mobile-ffmpeg: 
07-04 23:05:35.436 10293 10516 I mobile-ffmpeg:     Stream #0:1
07-04 23:05:35.436 10293 10516 I mobile-ffmpeg: (und)
07-04 23:05:35.436 10293 10516 I mobile-ffmpeg: : Audio: aac (mp4a / 0x6134706D), 16000 Hz, stereo, fltp, 86 kb/s
07-04 23:05:35.436 10293 10516 I mobile-ffmpeg: 
07-04 23:05:35.436 10293 10516 I mobile-ffmpeg:     Metadata:
07-04 23:05:35.436 10293 10516 I mobile-ffmpeg:       handler_name    : 
07-04 23:05:35.436 10293 10516 I mobile-ffmpeg: SoundHandler
07-04 23:05:35.436 10293 10516 I mobile-ffmpeg: 
07-04 23:05:35.438 10293 10516 I mobile-ffmpeg: Output #0, mp4, to '/storage/emulated/0/Movies/summarised/20200312_194129.mp4':
07-04 23:05:35.439 10293 10516 I mobile-ffmpeg:   Metadata:
07-04 23:05:35.439 10293 10516 I mobile-ffmpeg:     encoder         : 
07-04 23:05:35.439 10293 10516 I mobile-ffmpeg: Lavf58.42.100
07-04 23:05:35.439 10293 10516 I mobile-ffmpeg: 
07-04 23:05:35.439 10293 10516 I mobile-ffmpeg:     Stream #0:0
07-04 23:05:35.439 10293 10516 I mobile-ffmpeg: (und)
07-04 23:05:35.439 10293 10516 I mobile-ffmpeg: : Video: h264 (avc1 / 0x31637661), yuvj420p(pc), 1280x720, q=2-31, 1056 kb/s
07-04 23:05:35.439 10293 10516 I mobile-ffmpeg: , 
07-04 23:05:35.439 10293 10516 I mobile-ffmpeg: 29.97 fps, 
07-04 23:05:35.439 10293 10516 I mobile-ffmpeg: 29.97 tbr, 
07-04 23:05:35.439 10293 10516 I mobile-ffmpeg: 30k tbn, 
07-04 23:05:35.439 10293 10516 I mobile-ffmpeg: 30k tbc
07-04 23:05:35.439 10293 10516 I mobile-ffmpeg: 
07-04 23:05:35.440 10293 10516 I mobile-ffmpeg:     Metadata:
07-04 23:05:35.440 10293 10516 I mobile-ffmpeg:       handler_name    : 
07-04 23:05:35.440 10293 10516 I mobile-ffmpeg: VideoHandler
07-04 23:05:35.440 10293 10516 I mobile-ffmpeg: 
07-04 23:05:35.440 10293 10516 I mobile-ffmpeg:     Stream #0:1
07-04 23:05:35.440 10293 10516 I mobile-ffmpeg: (und)
07-04 23:05:35.440 10293 10516 I mobile-ffmpeg: : Audio: aac (mp4a / 0x6134706D), 16000 Hz, stereo, fltp, 86 kb/s
07-04 23:05:35.440 10293 10516 I mobile-ffmpeg: 
07-04 23:05:35.440 10293 10516 I mobile-ffmpeg:     Metadata:
07-04 23:05:35.440 10293 10516 I mobile-ffmpeg:       handler_name    : 
07-04 23:05:35.440 10293 10516 I mobile-ffmpeg: SoundHandler
07-04 23:05:35.440 10293 10516 I mobile-ffmpeg: 
07-04 23:05:35.440 10293 10516 I mobile-ffmpeg: Stream mapping:
07-04 23:05:35.440 10293 10516 I mobile-ffmpeg:   Stream #0:0 -> #0:0
07-04 23:05:35.440 10293 10516 I mobile-ffmpeg:  (copy)
07-04 23:05:35.440 10293 10516 I mobile-ffmpeg: 
07-04 23:05:35.440 10293 10516 I mobile-ffmpeg:   Stream #0:1 -> #0:1
07-04 23:05:35.440 10293 10516 I mobile-ffmpeg:  (copy)
07-04 23:05:35.440 10293 10516 I mobile-ffmpeg: 
07-04 23:05:35.441 10293 10516 I mobile-ffmpeg: Press [q] to stop, [?] for help
07-04 23:05:35.441 10293 10516 I mobile-ffmpeg: frame=    1 fps=0.0 q=-1.0 size=       0kB time=00:00:00.00 bitrate=N/A speed=   0x    
07-04 23:05:35.520 10293 10516 I mobile-ffmpeg: [mov,mp4,m4a,3gp,3g2,mj2 @ 0x73929fde00] Auto-inserting h264_mp4toannexb bitstream filter
07-04 23:05:35.628 10293 10516 I mobile-ffmpeg: [mov,mp4,m4a,3gp,3g2,mj2 @ 0x73929fde00] Auto-inserting h264_mp4toannexb bitstream filter
07-04 23:05:35.632 10293 10516 I mobile-ffmpeg: frame=  326 fps=0.0 q=-1.0 Lsize=    1496kB time=00:00:10.98 bitrate=1116.4kbits/s speed=56.7x    
07-04 23:05:35.632 10293 10516 I mobile-ffmpeg: video:1376kB audio:115kB subtitle:0kB other streams:0kB global headers:0kB muxing overhead: 
07-04 23:05:35.633 10293 10516 I mobile-ffmpeg: 0.413161%
07-04 23:05:35.633 10293 10516 I mobile-ffmpeg: 
07-04 23:05:35.633 10293 10293 V FfmpegTools: Retrieving duration of /storage/emulated/0/Movies/summarised/20200312_194129.mp4
07-04 23:05:35.703 10293 10516 I mobile-ffmpeg: Input #0, mov,mp4,m4a,3gp,3g2,mj2, from '/storage/emulated/0/Movies/summarised/20200312_194129.mp4':
07-04 23:05:35.703 10293 10516 I mobile-ffmpeg:   Metadata:
07-04 23:05:35.703 10293 10516 I mobile-ffmpeg:     major_brand     : 
07-04 23:05:35.703 10293 10516 I mobile-ffmpeg: isom
07-04 23:05:35.704 10293 10516 I mobile-ffmpeg: 
07-04 23:05:35.704 10293 10516 I mobile-ffmpeg:     minor_version   : 
07-04 23:05:35.704 10293 10516 I mobile-ffmpeg: 512
07-04 23:05:35.704 10293 10516 I mobile-ffmpeg: 
07-04 23:05:35.704 10293 10516 I mobile-ffmpeg:     compatible_brands: 
07-04 23:05:35.704 10293 10516 I mobile-ffmpeg: isomiso2avc1mp41
07-04 23:05:35.704 10293 10516 I mobile-ffmpeg: 
07-04 23:05:35.704 10293 10516 I mobile-ffmpeg:     encoder         : 
07-04 23:05:35.704 10293 10516 I mobile-ffmpeg: Lavf58.42.100
07-04 23:05:35.704 10293 10516 I mobile-ffmpeg: 
07-04 23:05:35.704 10293 10516 I mobile-ffmpeg:   Duration: 
07-04 23:05:35.704 10293 10516 I mobile-ffmpeg: 00:00:11.04
07-04 23:05:35.704 10293 10516 I mobile-ffmpeg: , start: 
07-04 23:05:35.704 10293 10516 I mobile-ffmpeg: 0.000000
07-04 23:05:35.704 10293 10516 I mobile-ffmpeg: , bitrate: 
07-04 23:05:35.705 10293 10516 I mobile-ffmpeg: 1110 kb/s
07-04 23:05:35.705 10293 10516 I mobile-ffmpeg: 
07-04 23:05:35.705 10293 10516 I mobile-ffmpeg:     Stream #0:0
07-04 23:05:35.705 10293 10516 I mobile-ffmpeg: (und)
07-04 23:05:35.705 10293 10516 I mobile-ffmpeg: : Video: h264 (avc1 / 0x31637661), yuvj420p(pc), 1280x720, 1026 kb/s
07-04 23:05:35.705 10293 10516 I mobile-ffmpeg: , 
07-04 23:05:35.705 10293 10516 I mobile-ffmpeg: 29.70 fps, 
07-04 23:05:35.705 10293 10516 I mobile-ffmpeg: 29.97 tbr, 
07-04 23:05:35.705 10293 10516 I mobile-ffmpeg: 30k tbn, 
07-04 23:05:35.705 10293 10516 I mobile-ffmpeg: 59.94 tbc
07-04 23:05:35.705 10293 10516 I mobile-ffmpeg:  (default)
07-04 23:05:35.705 10293 10516 I mobile-ffmpeg: 
07-04 23:05:35.705 10293 10516 I mobile-ffmpeg:     Metadata:
07-04 23:05:35.705 10293 10516 I mobile-ffmpeg:       handler_name    : 
07-04 23:05:35.705 10293 10516 I mobile-ffmpeg: VideoHandler
07-04 23:05:35.705 10293 10516 I mobile-ffmpeg: 
07-04 23:05:35.706 10293 10516 I mobile-ffmpeg:     Stream #0:1
07-04 23:05:35.706 10293 10516 I mobile-ffmpeg: (und)
07-04 23:05:35.706 10293 10516 I mobile-ffmpeg: : Audio: aac (mp4a / 0x6134706D), 16000 Hz, stereo, fltp, 85 kb/s
07-04 23:05:35.706 10293 10516 I mobile-ffmpeg:  (default)
07-04 23:05:35.707 10293 10516 I mobile-ffmpeg: 
07-04 23:05:35.707 10293 10516 I mobile-ffmpeg:     Metadata:
07-04 23:05:35.707 10293 10516 I mobile-ffmpeg:       handler_name    : 
07-04 23:05:35.707 10293 10516 I mobile-ffmpeg: SoundHandler
07-04 23:05:35.707 10293 10516 I mobile-ffmpeg: 
07-04 23:05:35.732 10293 10293 W FfmpegTools: Merged duration of 20200312_194129: 11.04
07-04 23:05:35.756 10293 10293 V VideoManager: Retrieving video from /storage/emulated/0/Movies/summarised/20200312_194129.mp4
07-04 23:05:35.769 10293 10293 V VideoManager: videoFromCursor
07-04 23:05:35.775 10293 10293 V SummarisedVideosEventHandler: onAdd
07-04 23:05:35.776 10293 10293 V RawFootageEventHandler: removeByName
07-04 23:05:35.777 10293 10293 V ProcessingVideosEventHandler: removeByName
07-04 23:05:35.779 10293 10293 V NearbyFragment: Removing video segment map for 20200312_194129
07-04 23:05:36.073 10293 10298 I zygote64: Compiler allocated 4MB to compile void android.view.View.<init>(android.content.Context, android.util.AttributeSet, int, int)
07-04 23:05:38.363 10293 10293 V NearbyFragment: Transfer to Endpoint{id=5zqo, name=Nexus 5 [1825]} complete
07-04 23:05:38.841 10293 10293 D NearbyFragment: onPayloadReceived(endpointId=d-d8, payload=com.google.android.gms.nearby.connection.Payload@2e5f976)
07-04 23:05:38.843 10293 10293 V NearbyFragment: Started downloading 20200312_194229!000.mp4 from Endpoint{id=d-d8, name=Galaxy S8 [2802]}
07-04 23:05:38.850 10293 10293 V NearbyFragment: nextTransfer with selected algorithm: best_or_local
07-04 23:05:38.858 10293 10293 W NearbyFragment: Sending 20200312_194229!002.mp4 to Galaxy S8 [2802]
07-04 23:05:38.861 10293 10293 V NearbyFragment: Transfer to Endpoint{id=d-d8, name=Galaxy S8 [2802]} complete
07-04 23:05:38.872 10293 10293 V NearbyFragment: Transfer to Endpoint{id=d-d8, name=Galaxy S8 [2802]} complete
07-04 23:05:38.885 10293 10293 D NearbyFragment: onPayloadReceived(endpointId=d-d8, payload=com.google.android.gms.nearby.connection.Payload@56e304d)
07-04 23:05:38.917 10293 10293 D NearbyFragment: onPayloadReceived(endpointId=5zqo, payload=com.google.android.gms.nearby.connection.Payload@b303702)
07-04 23:05:38.921 10293 10293 D NearbyFragment: Endpoint{id=5zqo, name=Nexus 5 [1825]} has finished downloading 20200312_194229!001.mp4
07-04 23:05:38.957 10293 10293 V NearbyFragment: Transfer to Endpoint{id=5zqo, name=Nexus 5 [1825]} complete
07-04 23:05:39.000 10293 10293 V NearbyFragment: Transfer to Endpoint{id=d-d8, name=Galaxy S8 [2802]} complete
07-04 23:05:39.001 10293 10293 W NearbyFragment: Completed downloading 20200312_194229!000.mp4 from Endpoint{id=d-d8, name=Galaxy S8 [2802]} in 00.156s
07-04 23:05:39.011 10293 10293 V FileManager: External storage is readable
07-04 23:05:39.014 10293 10293 V FileManager: Created new directory: /storage/emulated/0/Movies/segment-sum/20200312_194229
07-04 23:05:39.073 10293 10293 V NearbyFragment: Received a segment of 20200312_194229
07-04 23:05:41.069 10293 10293 V NearbyFragment: Transfer to Endpoint{id=d-d8, name=Galaxy S8 [2802]} complete
07-04 23:05:41.486 10293 10293 D NearbyFragment: onPayloadReceived(endpointId=d-d8, payload=com.google.android.gms.nearby.connection.Payload@1d63813)
07-04 23:05:41.487 10293 10293 D NearbyFragment: Endpoint{id=d-d8, name=Galaxy S8 [2802]} has finished downloading 20200312_194229!002.mp4
07-04 23:05:41.686 10293 10293 V NearbyFragment: Transfer to Endpoint{id=d-d8, name=Galaxy S8 [2802]} complete
07-04 23:05:43.735 10293 10293 D NearbyFragment: onPayloadReceived(endpointId=d-d8, payload=com.google.android.gms.nearby.connection.Payload@efdda50)
07-04 23:05:43.736 10293 10293 D NearbyFragment: 20200312_194229!002.mp4 from Endpoint{id=d-d8, name=Galaxy S8 [2802]} contained no activity
07-04 23:05:43.738 10293 10293 V NearbyFragment: Received a segment of 20200312_194229
07-04 23:05:43.741 10293 10293 V NearbyFragment: nextTransfer with selected algorithm: best_or_local
07-04 23:05:43.749 10293 10293 W NearbyFragment: Sending 20200312_194229!003.mp4 to Galaxy S8 [2802]
07-04 23:05:43.757 10293 10293 V NearbyFragment: Transfer to Endpoint{id=d-d8, name=Galaxy S8 [2802]} complete
07-04 23:05:43.772 10293 10293 V NearbyFragment: Transfer to Endpoint{id=d-d8, name=Galaxy S8 [2802]} complete
07-04 23:05:45.308 10293 10293 V NearbyFragment: Transfer to Endpoint{id=d-d8, name=Galaxy S8 [2802]} complete
07-04 23:05:45.984 10293 10293 D NearbyFragment: onPayloadReceived(endpointId=d-d8, payload=com.google.android.gms.nearby.connection.Payload@5e2426f)
07-04 23:05:45.985 10293 10293 D NearbyFragment: Endpoint{id=d-d8, name=Galaxy S8 [2802]} has finished downloading 20200312_194229!003.mp4
07-04 23:05:46.033 10293 10293 V NearbyFragment: Transfer to Endpoint{id=d-d8, name=Galaxy S8 [2802]} complete
07-04 23:05:47.613 10293 10293 D NearbyFragment: onPayloadReceived(endpointId=d-d8, payload=com.google.android.gms.nearby.connection.Payload@26e4b7c)
07-04 23:05:47.614 10293 10293 D NearbyFragment: 20200312_194229!003.mp4 from Endpoint{id=d-d8, name=Galaxy S8 [2802]} contained no activity
07-04 23:05:47.616 10293 10293 V NearbyFragment: Received a segment of 20200312_194229
07-04 23:05:47.617 10293 10293 I NearbyFragment: Transfer queue is empty
07-04 23:05:47.626 10293 10293 V NearbyFragment: Transfer to Endpoint{id=d-d8, name=Galaxy S8 [2802]} complete
07-04 23:05:50.373 10293 10502 V VideoManager: Retrieving video from /storage/emulated/0/Movies/raw/20200312_194330.mp4
07-04 23:05:50.388 10293 10502 D VideoManager: videoCursor is null
07-04 23:05:50.420 10293 10502 V VideoManager: videoFromCursor
07-04 23:05:50.423 10293 10502 W DashDownloadManager: Successfully downloaded 20200312_194330.mp4 in 24.351s
07-04 23:05:50.423 10293 10502 V DownloadTestVideosTask: Entering callback for download completion of 20200312_194330.mp4
07-04 23:05:50.424 10293 10502 V RawFootageEventHandler: onAdd
07-04 23:05:50.426 10293 10502 V FfmpegTools: Retrieving duration of /storage/emulated/0/Movies/raw/20200312_194330.mp4
07-04 23:05:50.437 10293 10516 W mobile-ffmpeg: [mov,mp4,m4a,3gp,3g2,mj2 @ 0x73955fa600] Found duplicated MOOV Atom. Skipped it
07-04 23:05:50.511 10293 10516 I mobile-ffmpeg: Input #0, mov,mp4,m4a,3gp,3g2,mj2, from '/storage/emulated/0/Movies/raw/20200312_194330.mp4':
07-04 23:05:50.512 10293 10516 I mobile-ffmpeg:   Metadata:
07-04 23:05:50.512 10293 10516 I mobile-ffmpeg:     creation_time   : 
07-04 23:05:50.512 10293 10516 I mobile-ffmpeg: 2020-03-12T08:44:29.000000Z
07-04 23:05:50.512 10293 10516 I mobile-ffmpeg: 
07-04 23:05:50.512 10293 10516 I mobile-ffmpeg:     major_brand     : 
07-04 23:05:50.512 10293 10516 I mobile-ffmpeg: mp42
07-04 23:05:50.512 10293 10516 I mobile-ffmpeg: 
07-04 23:05:50.512 10293 10516 I mobile-ffmpeg:     minor_version   : 
07-04 23:05:50.512 10293 10516 I mobile-ffmpeg: 1
07-04 23:05:50.512 10293 10516 I mobile-ffmpeg: 
07-04 23:05:50.512 10293 10516 I mobile-ffmpeg:     compatible_brands: 
07-04 23:05:50.512 10293 10516 I mobile-ffmpeg: mp42mp42
07-04 23:05:50.512 10293 10516 I mobile-ffmpeg: 
07-04 23:05:50.512 10293 10516 I mobile-ffmpeg:   Duration: 
07-04 23:05:50.512 10293 10516 I mobile-ffmpeg: 00:01:00.02
07-04 23:05:50.512 10293 10516 I mobile-ffmpeg: , start: 
07-04 23:05:50.512 10293 10516 I mobile-ffmpeg: 0.000000
07-04 23:05:50.512 10293 10516 I mobile-ffmpeg: , bitrate: 
07-04 23:05:50.513 10293 10516 I mobile-ffmpeg: 9328 kb/s
07-04 23:05:50.513 10293 10516 I mobile-ffmpeg: 
07-04 23:05:50.513 10293 10516 I mobile-ffmpeg:     Stream #0:0
07-04 23:05:50.513 10293 10516 I mobile-ffmpeg: (eng)
07-04 23:05:50.513 10293 10516 I mobile-ffmpeg: : Video: h264 (avc1 / 0x31637661), yuvj420p(pc, bt709), 1280x720, 8381 kb/s
07-04 23:05:50.513 10293 10516 I mobile-ffmpeg: , 
07-04 23:05:50.513 10293 10516 I mobile-ffmpeg: 29.97 fps, 
07-04 23:05:50.513 10293 10516 I mobile-ffmpeg: 29.97 tbr, 
07-04 23:05:50.513 10293 10516 I mobile-ffmpeg: 1k tbn, 
07-04 23:05:50.513 10293 10516 I mobile-ffmpeg: 2k tbc
07-04 23:05:50.513 10293 10516 I mobile-ffmpeg:  (default)
07-04 23:05:50.513 10293 10516 I mobile-ffmpeg: 
07-04 23:05:50.513 10293 10516 I mobile-ffmpeg:     Metadata:
07-04 23:05:50.513 10293 10516 I mobile-ffmpeg:       creation_time   : 
07-04 23:05:50.513 10293 10516 I mobile-ffmpeg: 2020-03-12T08:44:29.000000Z
07-04 23:05:50.513 10293 10516 I mobile-ffmpeg: 
07-04 23:05:50.513 10293 10516 I mobile-ffmpeg:       handler_name    : 
07-04 23:05:50.513 10293 10516 I mobile-ffmpeg: PittaSoft Video Media Handler
07-04 23:05:50.513 10293 10516 I mobile-ffmpeg: 
07-04 23:05:50.513 10293 10516 I mobile-ffmpeg:     Stream #0:1
07-04 23:05:50.513 10293 10516 I mobile-ffmpeg: (eng)
07-04 23:05:50.514 10293 10516 I mobile-ffmpeg: : Audio: aac (mp4a / 0x6134706D), 16000 Hz, stereo, fltp, 47 kb/s
07-04 23:05:50.514 10293 10516 I mobile-ffmpeg:  (default)
07-04 23:05:50.514 10293 10516 I mobile-ffmpeg: 
07-04 23:05:50.514 10293 10516 I mobile-ffmpeg:     Metadata:
07-04 23:05:50.514 10293 10516 I mobile-ffmpeg:       creation_time   : 
07-04 23:05:50.514 10293 10516 I mobile-ffmpeg: 2020-03-12T08:44:29.000000Z
07-04 23:05:50.514 10293 10516 I mobile-ffmpeg: 
07-04 23:05:50.514 10293 10516 I mobile-ffmpeg:       handler_name    : 
07-04 23:05:50.514 10293 10516 I mobile-ffmpeg: PittaSoft Sound Media Handler
07-04 23:05:50.514 10293 10516 I mobile-ffmpeg: 
07-04 23:05:50.534 10293 10502 V FileManager: External storage is readable
07-04 23:05:50.536 10293 10502 V FileManager: Created new directory: /storage/emulated/0/Movies/segment/20200312_194330
07-04 23:05:50.537 10293 10502 V FfmpegTools: Splitting /storage/emulated/0/Movies/raw/20200312_194330.mp4 with 16s long segments
07-04 23:05:50.537 10293 10502 I FfmpegTools: Running ffmpeg with:
07-04 23:05:50.537 10293 10502 I FfmpegTools:   -y -i /storage/emulated/0/Movies/raw/20200312_194330.mp4 -map 0 -c copy -f segment -reset_timestamps 1 -segment_time 16 /storage/emulated/0/Movies/segment/20200312_194330/20200312_194330!%03d.mp4
07-04 23:05:50.558 10293 10516 W mobile-ffmpeg: [mov,mp4,m4a,3gp,3g2,mj2 @ 0x73955fa600] Found duplicated MOOV Atom. Skipped it
07-04 23:05:50.625 10293 10516 I mobile-ffmpeg: Input #0, mov,mp4,m4a,3gp,3g2,mj2, from '/storage/emulated/0/Movies/raw/20200312_194330.mp4':
07-04 23:05:50.625 10293 10516 I mobile-ffmpeg:   Metadata:
07-04 23:05:50.625 10293 10516 I mobile-ffmpeg:     creation_time   : 
07-04 23:05:50.625 10293 10516 I mobile-ffmpeg: 2020-03-12T08:44:29.000000Z
07-04 23:05:50.625 10293 10516 I mobile-ffmpeg: 
07-04 23:05:50.625 10293 10516 I mobile-ffmpeg:     major_brand     : 
07-04 23:05:50.625 10293 10516 I mobile-ffmpeg: mp42
07-04 23:05:50.625 10293 10516 I mobile-ffmpeg: 
07-04 23:05:50.625 10293 10516 I mobile-ffmpeg:     minor_version   : 
07-04 23:05:50.625 10293 10516 I mobile-ffmpeg: 1
07-04 23:05:50.626 10293 10516 I mobile-ffmpeg: 
07-04 23:05:50.626 10293 10516 I mobile-ffmpeg:     compatible_brands: 
07-04 23:05:50.626 10293 10516 I mobile-ffmpeg: mp42mp42
07-04 23:05:50.626 10293 10516 I mobile-ffmpeg: 
07-04 23:05:50.626 10293 10516 I mobile-ffmpeg:   Duration: 
07-04 23:05:50.626 10293 10516 I mobile-ffmpeg: 00:01:00.02
07-04 23:05:50.626 10293 10516 I mobile-ffmpeg: , start: 
07-04 23:05:50.626 10293 10516 I mobile-ffmpeg: 0.000000
07-04 23:05:50.626 10293 10516 I mobile-ffmpeg: , bitrate: 
07-04 23:05:50.626 10293 10516 I mobile-ffmpeg: 9328 kb/s
07-04 23:05:50.626 10293 10516 I mobile-ffmpeg: 
07-04 23:05:50.626 10293 10516 I mobile-ffmpeg:     Stream #0:0
07-04 23:05:50.626 10293 10516 I mobile-ffmpeg: (eng)
07-04 23:05:50.626 10293 10516 I mobile-ffmpeg: : Video: h264 (avc1 / 0x31637661), yuvj420p(pc, bt709), 1280x720, 8381 kb/s
07-04 23:05:50.626 10293 10516 I mobile-ffmpeg: , 
07-04 23:05:50.626 10293 10516 I mobile-ffmpeg: 29.97 fps, 
07-04 23:05:50.626 10293 10516 I mobile-ffmpeg: 29.97 tbr, 
07-04 23:05:50.626 10293 10516 I mobile-ffmpeg: 1k tbn, 
07-04 23:05:50.626 10293 10516 I mobile-ffmpeg: 2k tbc
07-04 23:05:50.626 10293 10516 I mobile-ffmpeg:  (default)
07-04 23:05:50.627 10293 10516 I mobile-ffmpeg: 
07-04 23:05:50.627 10293 10516 I mobile-ffmpeg:     Metadata:
07-04 23:05:50.627 10293 10516 I mobile-ffmpeg:       creation_time   : 
07-04 23:05:50.627 10293 10516 I mobile-ffmpeg: 2020-03-12T08:44:29.000000Z
07-04 23:05:50.627 10293 10516 I mobile-ffmpeg: 
07-04 23:05:50.627 10293 10516 I mobile-ffmpeg:       handler_name    : 
07-04 23:05:50.627 10293 10516 I mobile-ffmpeg: PittaSoft Video Media Handler
07-04 23:05:50.627 10293 10516 I mobile-ffmpeg: 
07-04 23:05:50.627 10293 10516 I mobile-ffmpeg:     Stream #0:1
07-04 23:05:50.627 10293 10516 I mobile-ffmpeg: (eng)
07-04 23:05:50.627 10293 10516 I mobile-ffmpeg: : Audio: aac (mp4a / 0x6134706D), 16000 Hz, stereo, fltp, 47 kb/s
07-04 23:05:50.627 10293 10516 I mobile-ffmpeg:  (default)
07-04 23:05:50.627 10293 10516 I mobile-ffmpeg: 
07-04 23:05:50.627 10293 10516 I mobile-ffmpeg:     Metadata:
07-04 23:05:50.627 10293 10516 I mobile-ffmpeg:       creation_time   : 
07-04 23:05:50.627 10293 10516 I mobile-ffmpeg: 2020-03-12T08:44:29.000000Z
07-04 23:05:50.627 10293 10516 I mobile-ffmpeg: 
07-04 23:05:50.627 10293 10516 I mobile-ffmpeg:       handler_name    : 
07-04 23:05:50.627 10293 10516 I mobile-ffmpeg: PittaSoft Sound Media Handler
07-04 23:05:50.627 10293 10516 I mobile-ffmpeg: 
07-04 23:05:50.628 10293 10516 I mobile-ffmpeg: [segment @ 0x73955fb800] Opening '/storage/emulated/0/Movies/segment/20200312_194330/20200312_194330!000.mp4' for writing
07-04 23:05:50.629 10293 10516 I mobile-ffmpeg: Output #0, segment, to '/storage/emulated/0/Movies/segment/20200312_194330/20200312_194330!%03d.mp4':
07-04 23:05:50.629 10293 10516 I mobile-ffmpeg:   Metadata:
07-04 23:05:50.629 10293 10516 I mobile-ffmpeg:     compatible_brands: 
07-04 23:05:50.629 10293 10516 I mobile-ffmpeg: mp42mp42
07-04 23:05:50.629 10293 10516 I mobile-ffmpeg: 
07-04 23:05:50.629 10293 10516 I mobile-ffmpeg:     major_brand     : 
07-04 23:05:50.629 10293 10516 I mobile-ffmpeg: mp42
07-04 23:05:50.629 10293 10516 I mobile-ffmpeg: 
07-04 23:05:50.629 10293 10516 I mobile-ffmpeg:     minor_version   : 
07-04 23:05:50.629 10293 10516 I mobile-ffmpeg: 1
07-04 23:05:50.629 10293 10516 I mobile-ffmpeg: 
07-04 23:05:50.629 10293 10516 I mobile-ffmpeg:     encoder         : 
07-04 23:05:50.629 10293 10516 I mobile-ffmpeg: Lavf58.42.100
07-04 23:05:50.629 10293 10516 I mobile-ffmpeg: 
07-04 23:05:50.630 10293 10516 I mobile-ffmpeg:     Stream #0:0
07-04 23:05:50.630 10293 10516 I mobile-ffmpeg: (eng)
07-04 23:05:50.630 10293 10516 I mobile-ffmpeg: : Video: h264 (avc1 / 0x31637661), yuvj420p(pc, bt709), 1280x720, q=2-31, 8381 kb/s
07-04 23:05:50.630 10293 10516 I mobile-ffmpeg: , 
07-04 23:05:50.630 10293 10516 I mobile-ffmpeg: 29.97 fps, 
07-04 23:05:50.630 10293 10516 I mobile-ffmpeg: 29.97 tbr, 
07-04 23:05:50.630 10293 10516 I mobile-ffmpeg: 16k tbn, 
07-04 23:05:50.630 10293 10516 I mobile-ffmpeg: 1k tbc
07-04 23:05:50.630 10293 10516 I mobile-ffmpeg:  (default)
07-04 23:05:50.630 10293 10516 I mobile-ffmpeg: 
07-04 23:05:50.630 10293 10516 I mobile-ffmpeg:     Metadata:
07-04 23:05:50.630 10293 10516 I mobile-ffmpeg:       creation_time   : 
07-04 23:05:50.630 10293 10516 I mobile-ffmpeg: 2020-03-12T08:44:29.000000Z
07-04 23:05:50.630 10293 10516 I mobile-ffmpeg: 
07-04 23:05:50.630 10293 10516 I mobile-ffmpeg:       handler_name    : 
07-04 23:05:50.630 10293 10516 I mobile-ffmpeg: PittaSoft Video Media Handler
07-04 23:05:50.630 10293 10516 I mobile-ffmpeg: 
07-04 23:05:50.631 10293 10516 I mobile-ffmpeg:     Stream #0:1
07-04 23:05:50.631 10293 10516 I mobile-ffmpeg: (eng)
07-04 23:05:50.631 10293 10516 I mobile-ffmpeg: : Audio: aac (mp4a / 0x6134706D), 16000 Hz, stereo, fltp, 47 kb/s
07-04 23:05:50.631 10293 10516 I mobile-ffmpeg:  (default)
07-04 23:05:50.631 10293 10516 I mobile-ffmpeg: 
07-04 23:05:50.631 10293 10516 I mobile-ffmpeg:     Metadata:
07-04 23:05:50.631 10293 10516 I mobile-ffmpeg:       creation_time   : 
07-04 23:05:50.631 10293 10516 I mobile-ffmpeg: 2020-03-12T08:44:29.000000Z
07-04 23:05:50.631 10293 10516 I mobile-ffmpeg: 
07-04 23:05:50.631 10293 10516 I mobile-ffmpeg:       handler_name    : 
07-04 23:05:50.631 10293 10516 I mobile-ffmpeg: PittaSoft Sound Media Handler
07-04 23:05:50.631 10293 10516 I mobile-ffmpeg: 
07-04 23:05:50.631 10293 10516 I mobile-ffmpeg: Stream mapping:
07-04 23:05:50.632 10293 10516 I mobile-ffmpeg:   Stream #0:0 -> #0:0
07-04 23:05:50.632 10293 10516 I mobile-ffmpeg:  (copy)
07-04 23:05:50.632 10293 10516 I mobile-ffmpeg: 
07-04 23:05:50.632 10293 10516 I mobile-ffmpeg:   Stream #0:1 -> #0:1
07-04 23:05:50.632 10293 10516 I mobile-ffmpeg:  (copy)
07-04 23:05:50.632 10293 10516 I mobile-ffmpeg: 
07-04 23:05:50.632 10293 10516 I mobile-ffmpeg: Press [q] to stop, [?] for help
07-04 23:05:50.632 10293 10516 I mobile-ffmpeg: frame=    1 fps=0.0 q=-1.0 size=N/A time=00:00:00.00 bitrate=N/A speed=31.5x    
07-04 23:05:50.840 10293 10516 I mobile-ffmpeg: [segment @ 0x73955fb800] Opening '/storage/emulated/0/Movies/segment/20200312_194330/20200312_194330!001.mp4' for writing
07-04 23:05:51.033 10293 10516 I mobile-ffmpeg: [segment @ 0x73955fb800] Opening '/storage/emulated/0/Movies/segment/20200312_194330/20200312_194330!002.mp4' for writing
07-04 23:05:51.130 10293 10516 I mobile-ffmpeg: frame= 1200 fps=0.0 q=-1.0 size=N/A time=00:00:40.00 bitrate=N/A speed=79.9x    
07-04 23:05:51.299 10293 10516 I mobile-ffmpeg: [segment @ 0x73955fb800] Opening '/storage/emulated/0/Movies/segment/20200312_194330/20200312_194330!003.mp4' for writing
07-04 23:05:51.442 10293 10516 I mobile-ffmpeg: frame= 1800 fps=0.0 q=-1.0 Lsize=N/A time=00:01:00.02 bitrate=N/A speed=73.9x    
07-04 23:05:51.442 10293 10516 I mobile-ffmpeg: video:61408kB audio:345kB subtitle:0kB other streams:0kB global headers:0kB muxing overhead: 
07-04 23:05:51.442 10293 10516 I mobile-ffmpeg: unknown
07-04 23:05:51.442 10293 10516 I mobile-ffmpeg: 
07-04 23:05:51.447 10293 10502 V FileManager: External storage is readable
07-04 23:05:51.447 10293 10502 V FileManager: Directory already exists: /storage/emulated/0/Movies/segment/20200312_194330
07-04 23:05:51.448 10293 10502 V VideoManager: Retrieving videos from /storage/emulated/0/Movies/segment/20200312_194330
07-04 23:05:51.449 10293 10502 V VideoManager: Retrieving video from /storage/emulated/0/Movies/segment/20200312_194330/20200312_194330!000.mp4
07-04 23:05:52.161 10293 10502 V VideoManager: videoFromCursor
07-04 23:05:52.164 10293 10502 V VideoManager: Retrieving video from /storage/emulated/0/Movies/segment/20200312_194330/20200312_194330!001.mp4
07-04 23:05:52.173 10293 10502 V VideoManager: videoFromCursor
07-04 23:05:52.176 10293 10502 V VideoManager: Retrieving video from /storage/emulated/0/Movies/segment/20200312_194330/20200312_194330!002.mp4
07-04 23:05:52.185 10293 10502 V VideoManager: videoFromCursor
07-04 23:05:52.188 10293 10502 V VideoManager: Retrieving video from /storage/emulated/0/Movies/segment/20200312_194330/20200312_194330!003.mp4
07-04 23:05:52.197 10293 10502 V VideoManager: videoFromCursor
07-04 23:05:52.201 10293 10502 V NearbyFragment: nextTransfer with selected algorithm: best_or_local
07-04 23:05:52.204 10293 10502 W NearbyFragment: Sending 20200312_194330!000.mp4 to Galaxy S8 [2802]
07-04 23:05:52.216 10293 10293 V NearbyFragment: Transfer to Endpoint{id=d-d8, name=Galaxy S8 [2802]} complete
07-04 23:05:53.207 10293 10502 V DownloadTestVideosTask: Starting DownloadTestVideosTask
07-04 23:05:53.211 10293 10502 V DashDownloadManager: Started downloading: 20200312_194730.mp4
07-04 23:05:53.848 10293 10293 V NearbyFragment: Transfer to Endpoint{id=d-d8, name=Galaxy S8 [2802]} complete
07-04 23:05:54.147 10293 10293 D NearbyFragment: onPayloadReceived(endpointId=d-d8, payload=com.google.android.gms.nearby.connection.Payload@412a368)
07-04 23:05:54.149 10293 10293 D NearbyFragment: Endpoint{id=d-d8, name=Galaxy S8 [2802]} has finished downloading 20200312_194330!000.mp4
07-04 23:05:54.156 10293 10293 V NearbyFragment: Transfer to Endpoint{id=d-d8, name=Galaxy S8 [2802]} complete
07-04 23:05:56.292 10293 10293 D NearbyFragment: onPayloadReceived(endpointId=d-d8, payload=com.google.android.gms.nearby.connection.Payload@4297381)
07-04 23:05:56.299 10293 10293 D NearbyFragment: 20200312_194330!000.mp4 from Endpoint{id=d-d8, name=Galaxy S8 [2802]} contained no activity
07-04 23:05:56.301 10293 10293 V NearbyFragment: Received a segment of 20200312_194330
07-04 23:05:56.303 10293 10293 V NearbyFragment: nextTransfer with selected algorithm: best_or_local
07-04 23:05:56.307 10293 10293 W NearbyFragment: Sending 20200312_194330!001.mp4 to Galaxy S8 [2802]
07-04 23:05:56.311 10293 10293 V NearbyFragment: Transfer to Endpoint{id=d-d8, name=Galaxy S8 [2802]} complete
07-04 23:05:56.341 10293 10293 V NearbyFragment: Transfer to Endpoint{id=d-d8, name=Galaxy S8 [2802]} complete
07-04 23:05:58.899 10293 10293 V NearbyFragment: Transfer to Endpoint{id=d-d8, name=Galaxy S8 [2802]} complete
07-04 23:05:59.369 10293 10293 D NearbyFragment: onPayloadReceived(endpointId=d-d8, payload=com.google.android.gms.nearby.connection.Payload@f228e14)
07-04 23:05:59.370 10293 10293 D NearbyFragment: Endpoint{id=d-d8, name=Galaxy S8 [2802]} has finished downloading 20200312_194330!001.mp4
07-04 23:05:59.409 10293 10293 V NearbyFragment: Transfer to Endpoint{id=d-d8, name=Galaxy S8 [2802]} complete
07-04 23:06:01.487 10293 10293 D NearbyFragment: onPayloadReceived(endpointId=d-d8, payload=com.google.android.gms.nearby.connection.Payload@78c6bd)
07-04 23:06:01.488 10293 10293 D NearbyFragment: 20200312_194330!001.mp4 from Endpoint{id=d-d8, name=Galaxy S8 [2802]} contained no activity
07-04 23:06:01.488 10293 10293 V NearbyFragment: Received a segment of 20200312_194330
07-04 23:06:01.490 10293 10293 V NearbyFragment: nextTransfer with selected algorithm: best_or_local
07-04 23:06:01.493 10293 10293 W NearbyFragment: Sending 20200312_194330!002.mp4 to Galaxy S8 [2802]
07-04 23:06:01.511 10293 10293 V NearbyFragment: Transfer to Endpoint{id=d-d8, name=Galaxy S8 [2802]} complete
07-04 23:06:01.687 10293 10293 V NearbyFragment: Transfer to Endpoint{id=d-d8, name=Galaxy S8 [2802]} complete
07-04 23:06:03.558 10293 10293 V NearbyFragment: Transfer to Endpoint{id=d-d8, name=Galaxy S8 [2802]} complete
07-04 23:06:03.909 10293 10293 D NearbyFragment: onPayloadReceived(endpointId=d-d8, payload=com.google.android.gms.nearby.connection.Payload@8a47780)
07-04 23:06:03.910 10293 10293 D NearbyFragment: Endpoint{id=d-d8, name=Galaxy S8 [2802]} has finished downloading 20200312_194330!002.mp4
07-04 23:06:04.094 10293 10293 V NearbyFragment: Transfer to Endpoint{id=d-d8, name=Galaxy S8 [2802]} complete
07-04 23:06:05.992 10293 10293 D NearbyFragment: onPayloadReceived(endpointId=d-d8, payload=com.google.android.gms.nearby.connection.Payload@77011b9)
07-04 23:06:05.993 10293 10293 D NearbyFragment: 20200312_194330!002.mp4 from Endpoint{id=d-d8, name=Galaxy S8 [2802]} contained no activity
07-04 23:06:05.995 10293 10293 V NearbyFragment: Received a segment of 20200312_194330
07-04 23:06:05.998 10293 10293 V NearbyFragment: nextTransfer with selected algorithm: best_or_local
07-04 23:06:06.001 10293 10293 W NearbyFragment: Sending 20200312_194330!003.mp4 to Galaxy S8 [2802]
07-04 23:06:06.007 10293 10293 V NearbyFragment: Transfer to Endpoint{id=d-d8, name=Galaxy S8 [2802]} complete
07-04 23:06:06.029 10293 10293 V NearbyFragment: Transfer to Endpoint{id=d-d8, name=Galaxy S8 [2802]} complete
07-04 23:06:06.470 10293 10293 D NearbyFragment: onPayloadReceived(endpointId=5zqo, payload=com.google.android.gms.nearby.connection.Payload@d998bac)
07-04 23:06:06.471 10293 10293 V NearbyFragment: Started downloading 20200312_194229!001.mp4 from Endpoint{id=5zqo, name=Nexus 5 [1825]}
07-04 23:06:06.472 10293 10293 I NearbyFragment: Transfer queue is empty
07-04 23:06:06.475 10293 10293 V NearbyFragment: Transfer to Endpoint{id=5zqo, name=Nexus 5 [1825]} complete
07-04 23:06:06.592 10293 10293 D NearbyFragment: onPayloadReceived(endpointId=5zqo, payload=com.google.android.gms.nearby.connection.Payload@5f71075)
07-04 23:06:06.962 10293 10293 V NearbyFragment: Transfer to Endpoint{id=5zqo, name=Nexus 5 [1825]} complete
07-04 23:06:06.963 10293 10293 W NearbyFragment: Completed downloading 20200312_194229!001.mp4 from Endpoint{id=5zqo, name=Nexus 5 [1825]} in 00.491s
07-04 23:06:06.970 10293 10293 V FileManager: External storage is readable
07-04 23:06:06.971 10293 10293 V FileManager: Directory already exists: /storage/emulated/0/Movies/segment-sum/20200312_194229
07-04 23:06:07.060 10293 10293 D NearbyFragment: Received all summarised video segments of 20200312_194229
07-04 23:06:07.066 10293 10293 V FileManager: External storage is readable
07-04 23:06:07.067 10293 10293 V FileManager: Directory already exists: /storage/emulated/0/Movies/segment-sum/20200312_194229
07-04 23:06:07.068 10293 10293 D FfmpegTools: Merging /storage/emulated/0/Movies/summarised/20200312_194229.mp4
07-04 23:06:07.074 10293 10293 V FileManager: External storage is readable
07-04 23:06:07.074 10293 10293 V FileManager: Directory already exists: /storage/emulated/0/Movies/segment/20200312_194229
07-04 23:06:07.078 10293 10293 I FfmpegTools: Running ffmpeg with:
07-04 23:06:07.078 10293 10293 I FfmpegTools:   -y -f concat -safe 0 -i /storage/emulated/0/Movies/segment/20200312_194229/paths.txt -c copy /storage/emulated/0/Movies/summarised/20200312_194229.mp4
07-04 23:06:07.145 10293 10516 I mobile-ffmpeg: [mov,mp4,m4a,3gp,3g2,mj2 @ 0x73929fd800] Auto-inserting h264_mp4toannexb bitstream filter
07-04 23:06:07.197 10293 10516 I mobile-ffmpeg: Input #0, concat, from '/storage/emulated/0/Movies/segment/20200312_194229/paths.txt':
07-04 23:06:07.198 10293 10516 I mobile-ffmpeg:   Duration: 
07-04 23:06:07.198 10293 10516 I mobile-ffmpeg: N/A
07-04 23:06:07.198 10293 10516 I mobile-ffmpeg: , start: 
07-04 23:06:07.198 10293 10516 I mobile-ffmpeg: -0.064000
07-04 23:06:07.198 10293 10516 I mobile-ffmpeg: , bitrate: 
07-04 23:06:07.198 10293 10516 I mobile-ffmpeg: 1211 kb/s
07-04 23:06:07.198 10293 10516 I mobile-ffmpeg: 
07-04 23:06:07.198 10293 10516 I mobile-ffmpeg:     Stream #0:0
07-04 23:06:07.198 10293 10516 I mobile-ffmpeg: (und)
07-04 23:06:07.198 10293 10516 I mobile-ffmpeg: : Video: h264 (avc1 / 0x31637661), yuvj420p(pc), 1280x720, 1125 kb/s
07-04 23:06:07.198 10293 10516 I mobile-ffmpeg: , 
07-04 23:06:07.198 10293 10516 I mobile-ffmpeg: 29.97 fps, 
07-04 23:06:07.198 10293 10516 I mobile-ffmpeg: 29.97 tbr, 
07-04 23:06:07.198 10293 10516 I mobile-ffmpeg: 30k tbn, 
07-04 23:06:07.198 10293 10516 I mobile-ffmpeg: 59.94 tbc
07-04 23:06:07.198 10293 10516 I mobile-ffmpeg: 
07-04 23:06:07.198 10293 10516 I mobile-ffmpeg:     Metadata:
07-04 23:06:07.199 10293 10516 I mobile-ffmpeg:       handler_name    : 
07-04 23:06:07.199 10293 10516 I mobile-ffmpeg: VideoHandler
07-04 23:06:07.199 10293 10516 I mobile-ffmpeg: 
07-04 23:06:07.199 10293 10516 I mobile-ffmpeg:     Stream #0:1
07-04 23:06:07.199 10293 10516 I mobile-ffmpeg: (und)
07-04 23:06:07.199 10293 10516 I mobile-ffmpeg: : Audio: aac (mp4a / 0x6134706D), 16000 Hz, stereo, fltp, 86 kb/s
07-04 23:06:07.199 10293 10516 I mobile-ffmpeg: 
07-04 23:06:07.199 10293 10516 I mobile-ffmpeg:     Metadata:
07-04 23:06:07.199 10293 10516 I mobile-ffmpeg:       handler_name    : 
07-04 23:06:07.199 10293 10516 I mobile-ffmpeg: SoundHandler
07-04 23:06:07.199 10293 10516 I mobile-ffmpeg: 
07-04 23:06:07.201 10293 10516 I mobile-ffmpeg: Output #0, mp4, to '/storage/emulated/0/Movies/summarised/20200312_194229.mp4':
07-04 23:06:07.202 10293 10516 I mobile-ffmpeg:   Metadata:
07-04 23:06:07.202 10293 10516 I mobile-ffmpeg:     encoder         : 
07-04 23:06:07.202 10293 10516 I mobile-ffmpeg: Lavf58.42.100
07-04 23:06:07.202 10293 10516 I mobile-ffmpeg: 
07-04 23:06:07.203 10293 10516 I mobile-ffmpeg:     Stream #0:0
07-04 23:06:07.203 10293 10516 I mobile-ffmpeg: (und)
07-04 23:06:07.203 10293 10516 I mobile-ffmpeg: : Video: h264 (avc1 / 0x31637661), yuvj420p(pc), 1280x720, q=2-31, 1125 kb/s
07-04 23:06:07.203 10293 10516 I mobile-ffmpeg: , 
07-04 23:06:07.203 10293 10516 I mobile-ffmpeg: 29.97 fps, 
07-04 23:06:07.203 10293 10516 I mobile-ffmpeg: 29.97 tbr, 
07-04 23:06:07.203 10293 10516 I mobile-ffmpeg: 30k tbn, 
07-04 23:06:07.203 10293 10516 I mobile-ffmpeg: 30k tbc
07-04 23:06:07.203 10293 10516 I mobile-ffmpeg: 
07-04 23:06:07.203 10293 10516 I mobile-ffmpeg:     Metadata:
07-04 23:06:07.203 10293 10516 I mobile-ffmpeg:       handler_name    : 
07-04 23:06:07.203 10293 10516 I mobile-ffmpeg: VideoHandler
07-04 23:06:07.203 10293 10516 I mobile-ffmpeg: 
07-04 23:06:07.203 10293 10516 I mobile-ffmpeg:     Stream #0:1
07-04 23:06:07.204 10293 10516 I mobile-ffmpeg: (und)
07-04 23:06:07.204 10293 10516 I mobile-ffmpeg: : Audio: aac (mp4a / 0x6134706D), 16000 Hz, stereo, fltp, 86 kb/s
07-04 23:06:07.204 10293 10516 I mobile-ffmpeg: 
07-04 23:06:07.204 10293 10516 I mobile-ffmpeg:     Metadata:
07-04 23:06:07.204 10293 10516 I mobile-ffmpeg:       handler_name    : 
07-04 23:06:07.204 10293 10516 I mobile-ffmpeg: SoundHandler
07-04 23:06:07.204 10293 10516 I mobile-ffmpeg: 
07-04 23:06:07.204 10293 10516 I mobile-ffmpeg: Stream mapping:
07-04 23:06:07.204 10293 10516 I mobile-ffmpeg:   Stream #0:0 -> #0:0
07-04 23:06:07.204 10293 10516 I mobile-ffmpeg:  (copy)
07-04 23:06:07.204 10293 10516 I mobile-ffmpeg: 
07-04 23:06:07.204 10293 10516 I mobile-ffmpeg:   Stream #0:1 -> #0:1
07-04 23:06:07.204 10293 10516 I mobile-ffmpeg:  (copy)
07-04 23:06:07.204 10293 10516 I mobile-ffmpeg: 
07-04 23:06:07.204 10293 10516 I mobile-ffmpeg: Press [q] to stop, [?] for help
07-04 23:06:07.205 10293 10516 I mobile-ffmpeg: frame=    1 fps=0.0 q=-1.0 size=       0kB time=00:00:00.00 bitrate=N/A speed=   0x    
07-04 23:06:07.285 10293 10516 I mobile-ffmpeg: [mov,mp4,m4a,3gp,3g2,mj2 @ 0x73929fd800] Auto-inserting h264_mp4toannexb bitstream filter
07-04 23:06:07.324 10293 10516 I mobile-ffmpeg: frame=  425 fps=0.0 q=-1.0 Lsize=    2025kB time=00:00:14.32 bitrate=1158.3kbits/s speed= 116x    
07-04 23:06:07.324 10293 10516 I mobile-ffmpeg: video:1868kB audio:149kB subtitle:0kB other streams:0kB global headers:0kB muxing overhead: 
07-04 23:06:07.324 10293 10516 I mobile-ffmpeg: 0.377244%
07-04 23:06:07.325 10293 10516 I mobile-ffmpeg: 
07-04 23:06:07.325 10293 10293 V FfmpegTools: Retrieving duration of /storage/emulated/0/Movies/summarised/20200312_194229.mp4
07-04 23:06:07.376 10293 10516 I mobile-ffmpeg: Input #0, mov,mp4,m4a,3gp,3g2,mj2, from '/storage/emulated/0/Movies/summarised/20200312_194229.mp4':
07-04 23:06:07.376 10293 10516 I mobile-ffmpeg:   Metadata:
07-04 23:06:07.376 10293 10516 I mobile-ffmpeg:     major_brand     : 
07-04 23:06:07.376 10293 10516 I mobile-ffmpeg: isom
07-04 23:06:07.376 10293 10516 I mobile-ffmpeg: 
07-04 23:06:07.376 10293 10516 I mobile-ffmpeg:     minor_version   : 
07-04 23:06:07.376 10293 10516 I mobile-ffmpeg: 512
07-04 23:06:07.376 10293 10516 I mobile-ffmpeg: 
07-04 23:06:07.376 10293 10516 I mobile-ffmpeg:     compatible_brands: 
07-04 23:06:07.376 10293 10516 I mobile-ffmpeg: isomiso2avc1mp41
07-04 23:06:07.376 10293 10516 I mobile-ffmpeg: 
07-04 23:06:07.376 10293 10516 I mobile-ffmpeg:     encoder         : 
07-04 23:06:07.376 10293 10516 I mobile-ffmpeg: Lavf58.42.100
07-04 23:06:07.376 10293 10516 I mobile-ffmpeg: 
07-04 23:06:07.376 10293 10516 I mobile-ffmpeg:   Duration: 
07-04 23:06:07.376 10293 10516 I mobile-ffmpeg: 00:00:14.35
07-04 23:06:07.377 10293 10516 I mobile-ffmpeg: , start: 
07-04 23:06:07.377 10293 10516 I mobile-ffmpeg: 0.000000
07-04 23:06:07.377 10293 10516 I mobile-ffmpeg: , bitrate: 
07-04 23:06:07.377 10293 10516 I mobile-ffmpeg: 1155 kb/s
07-04 23:06:07.377 10293 10516 I mobile-ffmpeg: 
07-04 23:06:07.377 10293 10516 I mobile-ffmpeg:     Stream #0:0
07-04 23:06:07.377 10293 10516 I mobile-ffmpeg: (und)
07-04 23:06:07.377 10293 10516 I mobile-ffmpeg: : Video: h264 (avc1 / 0x31637661), yuvj420p(pc), 1280x720, 1070 kb/s
07-04 23:06:07.377 10293 10516 I mobile-ffmpeg: , 
07-04 23:06:07.377 10293 10516 I mobile-ffmpeg: 29.74 fps, 
07-04 23:06:07.377 10293 10516 I mobile-ffmpeg: 29.97 tbr, 
07-04 23:06:07.377 10293 10516 I mobile-ffmpeg: 30k tbn, 
07-04 23:06:07.377 10293 10516 I mobile-ffmpeg: 59.94 tbc
07-04 23:06:07.377 10293 10516 I mobile-ffmpeg:  (default)
07-04 23:06:07.377 10293 10516 I mobile-ffmpeg: 
07-04 23:06:07.377 10293 10516 I mobile-ffmpeg:     Metadata:
07-04 23:06:07.377 10293 10516 I mobile-ffmpeg:       handler_name    : 
07-04 23:06:07.377 10293 10516 I mobile-ffmpeg: VideoHandler
07-04 23:06:07.377 10293 10516 I mobile-ffmpeg: 
07-04 23:06:07.377 10293 10516 I mobile-ffmpeg:     Stream #0:1
07-04 23:06:07.378 10293 10516 I mobile-ffmpeg: (und)
07-04 23:06:07.378 10293 10516 I mobile-ffmpeg: : Audio: aac (mp4a / 0x6134706D), 16000 Hz, stereo, fltp, 85 kb/s
07-04 23:06:07.378 10293 10516 I mobile-ffmpeg:  (default)
07-04 23:06:07.378 10293 10516 I mobile-ffmpeg: 
07-04 23:06:07.378 10293 10516 I mobile-ffmpeg:     Metadata:
07-04 23:06:07.378 10293 10516 I mobile-ffmpeg:       handler_name    : 
07-04 23:06:07.378 10293 10516 I mobile-ffmpeg: SoundHandler
07-04 23:06:07.378 10293 10516 I mobile-ffmpeg: 
07-04 23:06:07.392 10293 10293 W FfmpegTools: Merged duration of 20200312_194229: 14.35
07-04 23:06:07.425 10293 10293 V VideoManager: Retrieving video from /storage/emulated/0/Movies/summarised/20200312_194229.mp4
07-04 23:06:07.439 10293 10293 V VideoManager: videoFromCursor
07-04 23:06:07.447 10293 10293 V SummarisedVideosEventHandler: onAdd
07-04 23:06:07.450 10293 10293 V RawFootageEventHandler: removeByName
07-04 23:06:07.452 10293 10293 V ProcessingVideosEventHandler: removeByName
07-04 23:06:07.454 10293 10293 V NearbyFragment: Removing video segment map for 20200312_194229
07-04 23:06:07.480 10293 10298 I zygote64: Do full code cache collection, code=503KB, data=327KB
07-04 23:06:07.483 10293 10298 I zygote64: After code cache collection, code=473KB, data=267KB
07-04 23:06:08.227 10293 10293 V NearbyFragment: Transfer to Endpoint{id=d-d8, name=Galaxy S8 [2802]} complete
07-04 23:06:08.554 10293 10293 D NearbyFragment: onPayloadReceived(endpointId=d-d8, payload=com.google.android.gms.nearby.connection.Payload@f2e00e5)
07-04 23:06:08.556 10293 10293 D NearbyFragment: Endpoint{id=d-d8, name=Galaxy S8 [2802]} has finished downloading 20200312_194330!003.mp4
07-04 23:06:08.615 10293 10293 V NearbyFragment: Transfer to Endpoint{id=d-d8, name=Galaxy S8 [2802]} complete
07-04 23:06:10.189 10293 10293 D NearbyFragment: onPayloadReceived(endpointId=d-d8, payload=com.google.android.gms.nearby.connection.Payload@fa57ba)
07-04 23:06:10.191 10293 10293 D NearbyFragment: 20200312_194330!003.mp4 from Endpoint{id=d-d8, name=Galaxy S8 [2802]} contained no activity
07-04 23:06:10.192 10293 10293 D NearbyFragment: Received all summarised video segments of 20200312_194330
07-04 23:06:10.208 10293 10293 V FileManager: External storage is readable
07-04 23:06:10.210 10293 10293 V FileManager: Created new directory: /storage/emulated/0/Movies/segment-sum/20200312_194330
07-04 23:06:10.213 10293 10293 D FfmpegTools: Merging /storage/emulated/0/Movies/summarised/20200312_194330.mp4
07-04 23:06:10.213 10293 10293 D FfmpegTools: No split videos to merge
07-04 23:06:10.213 10293 10293 V RawFootageEventHandler: removeByName
07-04 23:06:10.215 10293 10293 V ProcessingVideosEventHandler: removeByName
07-04 23:06:10.217 10293 10293 V NearbyFragment: Removing video segment map for 20200312_194330
07-04 23:06:10.218 10293 10293 I NearbyFragment: Transfer queue is empty
07-04 23:06:10.219 10293 10293 V NearbyFragment: Transfer to Endpoint{id=d-d8, name=Galaxy S8 [2802]} complete
07-04 23:06:14.137 10293 10502 V VideoManager: Retrieving video from /storage/emulated/0/Movies/raw/20200312_194730.mp4
07-04 23:06:14.159 10293 10502 D VideoManager: videoCursor is null
07-04 23:06:14.194 10293 10502 V VideoManager: videoFromCursor
07-04 23:06:14.198 10293 10502 W DashDownloadManager: Successfully downloaded 20200312_194730.mp4 in 20.925s
07-04 23:06:14.199 10293 10502 V DownloadTestVideosTask: Entering callback for download completion of 20200312_194730.mp4
07-04 23:06:14.200 10293 10502 V RawFootageEventHandler: onAdd
07-04 23:06:14.201 10293 10502 V FfmpegTools: Retrieving duration of /storage/emulated/0/Movies/raw/20200312_194730.mp4
07-04 23:06:14.215 10293 10516 W mobile-ffmpeg: [mov,mp4,m4a,3gp,3g2,mj2 @ 0x73955fa600] Found duplicated MOOV Atom. Skipped it
07-04 23:06:14.288 10293 10516 I mobile-ffmpeg: Input #0, mov,mp4,m4a,3gp,3g2,mj2, from '/storage/emulated/0/Movies/raw/20200312_194730.mp4':
07-04 23:06:14.288 10293 10516 I mobile-ffmpeg:   Metadata:
07-04 23:06:14.288 10293 10516 I mobile-ffmpeg:     creation_time   : 
07-04 23:06:14.288 10293 10516 I mobile-ffmpeg: 2020-03-12T08:48:29.000000Z
07-04 23:06:14.288 10293 10516 I mobile-ffmpeg: 
07-04 23:06:14.288 10293 10516 I mobile-ffmpeg:     major_brand     : 
07-04 23:06:14.288 10293 10516 I mobile-ffmpeg: mp42
07-04 23:06:14.289 10293 10516 I mobile-ffmpeg: 
