07-04 23:05:36.736  4269  4895 D SummariserIntentService: /storage/emulated/0/Movies/segment-sum/20200312_194229/20200312_194229!001.mp4
07-04 23:05:36.872  4269  4668 W mobile-ffmpeg: [graph 0 input from stream 0:0 @ 0x91ebf080] sws_param option is deprecated and ignored
07-04 23:05:42.951  4269  4895 W Summariser: 2 active sections found
07-04 23:05:42.952  4269  4895 I FfmpegTools: Running ffmpeg with:
07-04 23:05:42.952  4269  4895 I FfmpegTools:   -y -i /storage/emulated/0/Download/Nearby/20200312_194229!001.mp4 -filter_complex [0:v]trim=0.000000:3.503000,setpts=PTS-STARTPTS[v0];[0:a]atrim=0.000000:3.503000,asetpts=PTS-STARTPTS[a0];[0:v]trim=8.074000:13.245000,setpts=PTS-STARTPTS[v1];[0:a]atrim=8.074000:13.245000,asetpts=PTS-STARTPTS[a1];[v0][a0][v1][a1]concat=n=2:v=1:a=1[outv][outa] -map [outv] -map [outa] -crf 23 -preset medium /storage/emulated/0/Movies/segment-sum/20200312_194229/20200312_194229!001.mp4
07-04 23:05:43.061  4269  4668 W mobile-ffmpeg: [graph 0 input from stream 0:0 @ 0x98da84e0] sws_param option is deprecated and ignored
07-04 23:05:43.062  4269  4668 W mobile-ffmpeg: [graph 0 input from stream 0:0 @ 0x98da8660] sws_param option is deprecated and ignored
07-04 23:06:03.890  4269  4895 V FfmpegTools: Retrieving duration of /storage/emulated/0/Download/Nearby/20200312_194229!001.mp4
07-04 23:06:03.982  4269  4895 V FfmpegTools: Retrieving duration of /storage/emulated/0/Movies/segment-sum/20200312_194229/20200312_194229!001.mp4
07-04 23:06:04.035  4269  4895 W Summariser: Summarisation completed
07-04 23:06:04.035  4269  4895 W Summariser:   filename: 20200312_194229!001.mp4
07-04 23:06:04.035  4269  4895 W Summariser:   active sections: 2
07-04 23:06:04.035  4269  4895 W Summariser:   time: 27.152s
07-04 23:06:04.035  4269  4895 W Summariser:   original duration: 16.01
07-04 23:06:04.035  4269  4895 W Summariser:   summarised duration: 8.74
07-04 23:06:04.035  4269  4895 W Summariser:   noise tolerance: 45.00
07-04 23:06:04.035  4269  4895 W Summariser:   quality: 23
07-04 23:06:04.035  4269  4895 W Summariser:   speed: medium
07-04 23:06:04.035  4269  4895 W Summariser:   freeze duration: 1.00
07-04 23:06:04.035  4269  4895 V VideoManager: Retrieving video from /storage/emulated/0/Movies/segment-sum/20200312_194229/20200312_194229!001.mp4
07-04 23:06:04.043  4269  4895 D VideoManager: videoCursor is null
07-04 23:06:04.075  4269  4895 V VideoManager: videoFromCursor
07-04 23:06:04.078  4269  4895 W NearbyFragment: Sending 20200312_194229!001.mp4 to Nexus 5X [34d8]
07-04 23:06:04.081  4269  4895 V ProcessingVideosEventHandler: onRemove
07-04 23:06:04.102  4269  4269 V NearbyFragment: Transfer to Endpoint{id=hgvm, name=Nexus 5X [34d8]} complete
07-04 23:06:04.143  4269  4282 D SummariserIntentService: Scanned /storage/emulated/0/Movies/summarised
07-04 23:06:04.143  4269  4282 D SummariserIntentService:   -> uri=content://media/external/file/1477
07-04 23:06:04.564  4269  4269 V NearbyFragment: Transfer to Endpoint{id=hgvm, name=Nexus 5X [34d8]} complete
07-04 23:06:55.877  4269  4269 D NearbyFragment: onPayloadReceived(endpointId=hgvm, payload=com.google.android.gms.nearby.connection.Payload@48e3d84)
07-04 23:06:55.878  4269  4269 V NearbyFragment: Started downloading SUMMARISE_SEGMENT:-8910223657113812633:20200312_194830!002.mp4:45.0_1.0_23_medium from Endpoint{id=hgvm, name=Nexus 5X [34d8]}
07-04 23:06:55.891  4269  4269 V NearbyFragment: Transfer to Endpoint{id=hgvm, name=Nexus 5X [34d8]} complete
07-04 23:06:55.976  4269  4269 D NearbyFragment: onPayloadReceived(endpointId=hgvm, payload=com.google.android.gms.nearby.connection.Payload@f66996d)
07-04 23:06:59.581  4269  4269 V NearbyFragment: Transfer to Endpoint{id=hgvm, name=Nexus 5X [34d8]} complete
07-04 23:06:59.582  4269  4269 W NearbyFragment: Completed downloading 20200312_194830!002.mp4 from Endpoint{id=hgvm, name=Nexus 5X [34d8]} in 03.702s
07-04 23:06:59.587  4269  4269 V FileManager: External storage is readable
07-04 23:06:59.587  4269  4269 V FileManager: Created new directory: /storage/emulated/0/Movies/segment-sum/20200312_194830
07-04 23:06:59.588  4269  4269 D NearbyFragment: Summarising 20200312_194830!002.mp4
07-04 23:06:59.588  4269  4269 V VideoManager: Retrieving video from /storage/emulated/0/Download/Nearby/20200312_194830!002.mp4
07-04 23:06:59.593  4269  4269 D VideoManager: videoCursor is null
07-04 23:06:59.693  4269  4269 V VideoManager: videoFromCursor
07-04 23:06:59.695  4269  4269 V ProcessingVideosEventHandler: onAdd
07-04 23:06:59.695  4269  4269 V RawFootageEventHandler: onRemove
07-04 23:06:59.698  4269  4269 V NearbyFragment: Transfer to Endpoint{id=hgvm, name=Nexus 5X [34d8]} complete
07-04 23:06:59.703  4269  4984 V SummariserIntentService: onHandleIntent
07-04 23:06:59.704  4269  4984 D SummariserIntentService: Video{id='1496', data='/storage/emulated/0/Download/Nearby/20200312_194830!002.mp4', name='20200312_194830!002.mp4', size=16791932, visible=true, mimeType='video/mp4'}
07-04 23:06:59.704  4269  4984 D SummariserIntentService: /storage/emulated/0/Movies/segment-sum/20200312_194830/20200312_194830!002.mp4
07-04 23:06:59.860  4269  4668 W mobile-ffmpeg: [graph 0 input from stream 0:0 @ 0x98da85a0] sws_param option is deprecated and ignored
07-04 23:07:05.723  4269  4984 V FfmpegTools: Retrieving duration of /storage/emulated/0/Download/Nearby/20200312_194830!002.mp4
07-04 23:07:05.800  4269  4984 W Summariser: 2 active sections found
07-04 23:07:05.801  4269  4984 I FfmpegTools: Running ffmpeg with:
07-04 23:07:05.801  4269  4984 I FfmpegTools:   -y -i /storage/emulated/0/Download/Nearby/20200312_194830!002.mp4 -filter_complex [0:v]trim=0.000000:3.703000,setpts=PTS-STARTPTS[v0];[0:a]atrim=0.000000:3.703000,asetpts=PTS-STARTPTS[a0];[0:v]trim=10.943000:16.010000,setpts=PTS-STARTPTS[v1];[0:a]atrim=10.943000:16.010000,asetpts=PTS-STARTPTS[a1];[v0][a0][v1][a1]concat=n=2:v=1:a=1[outv][outa] -map [outv] -map [outa] -crf 23 -preset medium /storage/emulated/0/Movies/segment-sum/20200312_194830/20200312_194830!002.mp4
07-04 23:07:05.953  4269  4668 W mobile-ffmpeg: [graph 0 input from stream 0:0 @ 0x98daaac0] sws_param option is deprecated and ignored
07-04 23:07:05.953  4269  4668 W mobile-ffmpeg: [graph 0 input from stream 0:0 @ 0x98daabe0] sws_param option is deprecated and ignored
07-04 23:07:29.690  4269  4984 V FfmpegTools: Retrieving duration of /storage/emulated/0/Download/Nearby/20200312_194830!002.mp4
07-04 23:07:29.775  4269  4984 V FfmpegTools: Retrieving duration of /storage/emulated/0/Movies/segment-sum/20200312_194830/20200312_194830!002.mp4
07-04 23:07:29.839  4269  4984 W Summariser: Summarisation completed
07-04 23:07:29.839  4269  4984 W Summariser:   filename: 20200312_194830!002.mp4
07-04 23:07:29.839  4269  4984 W Summariser:   active sections: 2
07-04 23:07:29.839  4269  4984 W Summariser:   time: 29.986s
07-04 23:07:29.839  4269  4984 W Summariser:   original duration: 16.01
07-04 23:07:29.839  4269  4984 W Summariser:   summarised duration: 8.84
07-04 23:07:29.839  4269  4984 W Summariser:   noise tolerance: 45.00
07-04 23:07:29.839  4269  4984 W Summariser:   quality: 23
07-04 23:07:29.839  4269  4984 W Summariser:   speed: medium
07-04 23:07:29.839  4269  4984 W Summariser:   freeze duration: 1.00
07-04 23:07:29.839  4269  4984 V VideoManager: Retrieving video from /storage/emulated/0/Movies/segment-sum/20200312_194830/20200312_194830!002.mp4
07-04 23:07:29.850  4269  4984 D VideoManager: videoCursor is null
07-04 23:07:29.907  4269  4984 V VideoManager: videoFromCursor
07-04 23:07:29.910  4269  4984 W NearbyFragment: Sending 20200312_194830!002.mp4 to Nexus 5X [34d8]
07-04 23:07:29.913  4269  4984 V ProcessingVideosEventHandler: onRemove
07-04 23:07:29.976  4269  4281 D SummariserIntentService: Scanned /storage/emulated/0/Movies/summarised
07-04 23:07:29.976  4269  4281 D SummariserIntentService:   -> uri=content://media/external/file/1477
07-04 23:07:30.084  4269  4269 V NearbyFragment: Transfer to Endpoint{id=hgvm, name=Nexus 5X [34d8]} complete
07-04 23:07:30.089  4269  4269 D NearbyFragment: onPayloadReceived(endpointId=hgvm, payload=com.google.android.gms.nearby.connection.Payload@60498ab)
07-04 23:07:30.090  4269  4269 V NearbyFragment: Started downloading SUMMARISE_SEGMENT:-6335609010659860246:20200312_195230!000.mp4:45.0_1.0_23_medium from Endpoint{id=hgvm, name=Nexus 5X [34d8]}
07-04 23:07:30.161  4269  4269 V NearbyFragment: Transfer to Endpoint{id=hgvm, name=Nexus 5X [34d8]} complete
07-04 23:07:30.516  4269  4269 V NearbyFragment: Transfer to Endpoint{id=hgvm, name=Nexus 5X [34d8]} complete
07-04 23:07:31.150  4269  4269 D NearbyFragment: onPayloadReceived(endpointId=hgvm, payload=com.google.android.gms.nearby.connection.Payload@5bb4b08)
07-04 23:07:34.920  4269  4269 V NearbyFragment: Transfer to Endpoint{id=hgvm, name=Nexus 5X [34d8]} complete
07-04 23:07:34.921  4269  4269 W NearbyFragment: Completed downloading 20200312_195230!000.mp4 from Endpoint{id=hgvm, name=Nexus 5X [34d8]} in 04.831s
07-04 23:07:34.931  4269  4269 V FileManager: External storage is readable
07-04 23:07:34.932  4269  4269 V FileManager: Created new directory: /storage/emulated/0/Movies/segment-sum/20200312_195230
07-04 23:07:34.932  4269  4269 D NearbyFragment: Summarising 20200312_195230!000.mp4
07-04 23:07:34.932  4269  4269 V VideoManager: Retrieving video from /storage/emulated/0/Download/Nearby/20200312_195230!000.mp4
07-04 23:07:34.938  4269  4269 D VideoManager: videoCursor is null
07-04 23:07:34.978  4269  4269 V VideoManager: videoFromCursor
07-04 23:07:34.980  4269  4269 V ProcessingVideosEventHandler: onAdd
07-04 23:07:34.981  4269  4269 V RawFootageEventHandler: onRemove
07-04 23:07:34.986  4269  4269 V NearbyFragment: Transfer to Endpoint{id=hgvm, name=Nexus 5X [34d8]} complete
07-04 23:07:34.998  4269  5077 V SummariserIntentService: onHandleIntent
07-04 23:07:34.999  4269  5077 D SummariserIntentService: Video{id='1499', data='/storage/emulated/0/Download/Nearby/20200312_195230!000.mp4', name='20200312_195230!000.mp4', size=16897687, visible=true, mimeType='video/mp4'}
07-04 23:07:34.999  4269  5077 D SummariserIntentService: /storage/emulated/0/Movies/segment-sum/20200312_195230/20200312_195230!000.mp4
07-04 23:07:35.192  4269  4668 W mobile-ffmpeg: [graph 0 input from stream 0:0 @ 0x98daa940] sws_param option is deprecated and ignored
07-04 23:07:42.883  4269  5077 W Summariser: No activity detected
07-04 23:07:42.885  4269  5077 V FfmpegTools: Retrieving duration of /storage/emulated/0/Download/Nearby/20200312_195230!000.mp4
07-04 23:07:42.955  4269  5077 W Summariser: Summarisation completed
07-04 23:07:42.955  4269  5077 W Summariser:   filename: 20200312_195230!000.mp4
07-04 23:07:42.955  4269  5077 W Summariser:   active sections: 0
07-04 23:07:42.955  4269  5077 W Summariser:   time: 07.885s
07-04 23:07:42.955  4269  5077 W Summariser:   original duration: 16.07
07-04 23:07:42.955  4269  5077 W Summariser:   summarised duration: -1.00
07-04 23:07:42.955  4269  5077 W Summariser:   noise tolerance: 45.00
07-04 23:07:42.955  4269  5077 W Summariser:   quality: 23
07-04 23:07:42.955  4269  5077 W Summariser:   speed: medium
07-04 23:07:42.955  4269  5077 W Summariser:   freeze duration: 1.00
07-04 23:07:42.957  4269  5077 V ProcessingVideosEventHandler: onRemove
07-04 23:07:42.981  4269  4269 V NearbyFragment: Transfer to Endpoint{id=hgvm, name=Nexus 5X [34d8]} complete
07-04 23:07:43.004  4269  4269 D NearbyFragment: onPayloadReceived(endpointId=hgvm, payload=com.google.android.gms.nearby.connection.Payload@112f4d9)
07-04 23:07:43.004  4269  4269 V NearbyFragment: Started downloading SUMMARISE_SEGMENT:-8231382691553782885:20200312_195230!001.mp4:45.0_1.0_23_medium from Endpoint{id=hgvm, name=Nexus 5X [34d8]}
07-04 23:07:43.005  4269  4269 V NearbyFragment: Transfer to Endpoint{id=hgvm, name=Nexus 5X [34d8]} complete
07-04 23:07:43.028  4269  4282 D SummariserIntentService: Scanned /storage/emulated/0/Movies/summarised
07-04 23:07:43.028  4269  4282 D SummariserIntentService:   -> uri=content://media/external/file/1477
07-04 23:07:43.370  4269  4269 D NearbyFragment: onPayloadReceived(endpointId=hgvm, payload=com.google.android.gms.nearby.connection.Payload@4828e9e)
07-04 23:07:50.673  4269  4269 V NearbyFragment: Transfer to Endpoint{id=hgvm, name=Nexus 5X [34d8]} complete
07-04 23:07:50.674  4269  4269 W NearbyFragment: Completed downloading 20200312_195230!001.mp4 from Endpoint{id=hgvm, name=Nexus 5X [34d8]} in 07.668s
07-04 23:07:50.685  4269  4269 V FileManager: External storage is readable
07-04 23:07:50.685  4269  4269 V FileManager: Directory already exists: /storage/emulated/0/Movies/segment-sum/20200312_195230
07-04 23:07:50.685  4269  4269 D NearbyFragment: Summarising 20200312_195230!001.mp4
07-04 23:07:50.686  4269  4269 V VideoManager: Retrieving video from /storage/emulated/0/Download/Nearby/20200312_195230!001.mp4
07-04 23:07:50.690  4269  4269 D VideoManager: videoCursor is null
07-04 23:07:50.719  4269  4269 V VideoManager: videoFromCursor
07-04 23:07:50.721  4269  4269 V ProcessingVideosEventHandler: onAdd
07-04 23:07:50.722  4269  4269 V RawFootageEventHandler: onRemove
07-04 23:07:50.726  4269  4269 V NearbyFragment: Transfer to Endpoint{id=hgvm, name=Nexus 5X [34d8]} complete
07-04 23:07:50.731  4269  5126 V SummariserIntentService: onHandleIntent
07-04 23:07:50.731  4269  5126 D SummariserIntentService: Video{id='1500', data='/storage/emulated/0/Download/Nearby/20200312_195230!001.mp4', name='20200312_195230!001.mp4', size=16800000, visible=true, mimeType='video/mp4'}
07-04 23:07:50.731  4269  5126 D SummariserIntentService: /storage/emulated/0/Movies/segment-sum/20200312_195230/20200312_195230!001.mp4
07-04 23:07:50.771  4269  4274 I zygote  : Do full code cache collection, code=250KB, data=192KB
07-04 23:07:50.772  4269  4274 I zygote  : After code cache collection, code=169KB, data=119KB
07-04 23:07:50.884  4269  4668 W mobile-ffmpeg: [graph 0 input from stream 0:0 @ 0x91ebe3c0] sws_param option is deprecated and ignored
07-04 23:07:58.950  4269  5126 W Summariser: 1 active sections found
07-04 23:07:58.951  4269  5126 I FfmpegTools: Running ffmpeg with:
07-04 23:07:58.951  4269  5126 I FfmpegTools:   -y -i /storage/emulated/0/Download/Nearby/20200312_195230!001.mp4 -filter_complex [0:v]trim=6.005000:12.911000,setpts=PTS-STARTPTS[v0];[0:a]atrim=6.005000:12.911000,asetpts=PTS-STARTPTS[a0];[v0][a0]concat=n=1:v=1:a=1[outv][outa] -map [outv] -map [outa] -crf 23 -preset medium /storage/emulated/0/Movies/segment-sum/20200312_195230/20200312_195230!001.mp4
07-04 23:07:59.129  4269  4668 W mobile-ffmpeg: [graph 0 input from stream 0:0 @ 0x92efb8c0] sws_param option is deprecated and ignored
07-04 23:08:23.533  4269  5126 V FfmpegTools: Retrieving duration of /storage/emulated/0/Download/Nearby/20200312_195230!001.mp4
07-04 23:08:23.632  4269  5126 V FfmpegTools: Retrieving duration of /storage/emulated/0/Movies/segment-sum/20200312_195230/20200312_195230!001.mp4
07-04 23:08:23.698  4269  5126 W Summariser: Summarisation completed
07-04 23:08:23.698  4269  5126 W Summariser:   filename: 20200312_195230!001.mp4
07-04 23:08:23.698  4269  5126 W Summariser:   active sections: 1
07-04 23:08:23.698  4269  5126 W Summariser:   time: 32.800s
07-04 23:08:23.698  4269  5126 W Summariser:   original duration: 16.01
07-04 23:08:23.698  4269  5126 W Summariser:   summarised duration: 6.97
07-04 23:08:23.698  4269  5126 W Summariser:   noise tolerance: 45.00
07-04 23:08:23.698  4269  5126 W Summariser:   quality: 23
07-04 23:08:23.698  4269  5126 W Summariser:   speed: medium
07-04 23:08:23.698  4269  5126 W Summariser:   freeze duration: 1.00
07-04 23:08:23.698  4269  5126 V VideoManager: Retrieving video from /storage/emulated/0/Movies/segment-sum/20200312_195230/20200312_195230!001.mp4
07-04 23:08:23.704  4269  5126 D VideoManager: videoCursor is null
07-04 23:08:23.763  4269  5126 V VideoManager: videoFromCursor
07-04 23:08:23.767  4269  5126 W NearbyFragment: Sending 20200312_195230!001.mp4 to Nexus 5X [34d8]
07-04 23:08:23.770  4269  5126 V ProcessingVideosEventHandler: onRemove
07-04 23:08:23.789  4269  4269 V NearbyFragment: Transfer to Endpoint{id=hgvm, name=Nexus 5X [34d8]} complete
07-04 23:08:23.822  4269  4281 D SummariserIntentService: Scanned /storage/emulated/0/Movies/summarised
07-04 23:08:23.822  4269  4281 D SummariserIntentService:   -> uri=content://media/external/file/1477
07-04 23:08:23.844  4269  4269 D NearbyFragment: onPayloadReceived(endpointId=hgvm, payload=com.google.android.gms.nearby.connection.Payload@65ecde4)
07-04 23:08:23.844  4269  4269 V NearbyFragment: Started downloading SUMMARISE_SEGMENT:-5977006387588444159:20200312_195430!000.mp4:45.0_1.0_23_medium from Endpoint{id=hgvm, name=Nexus 5X [34d8]}
07-04 23:08:23.860  4269  4269 V NearbyFragment: Transfer to Endpoint{id=hgvm, name=Nexus 5X [34d8]} complete
07-04 23:08:24.138  4269  4269 D NearbyFragment: onPayloadReceived(endpointId=hgvm, payload=com.google.android.gms.nearby.connection.Payload@b71524d)
07-04 23:08:24.203  4269  4269 V NearbyFragment: Transfer to Endpoint{id=hgvm, name=Nexus 5X [34d8]} complete
07-04 23:08:27.774  4269  4269 V NearbyFragment: Transfer to Endpoint{id=hgvm, name=Nexus 5X [34d8]} complete
07-04 23:08:27.774  4269  4269 W NearbyFragment: Completed downloading 20200312_195430!000.mp4 from Endpoint{id=hgvm, name=Nexus 5X [34d8]} in 03.929s
07-04 23:08:27.780  4269  4269 V FileManager: External storage is readable
07-04 23:08:27.781  4269  4269 V FileManager: Created new directory: /storage/emulated/0/Movies/segment-sum/20200312_195430
07-04 23:08:27.781  4269  4269 D NearbyFragment: Summarising 20200312_195430!000.mp4
07-04 23:08:27.781  4269  4269 V VideoManager: Retrieving video from /storage/emulated/0/Download/Nearby/20200312_195430!000.mp4
07-04 23:08:27.788  4269  4269 D VideoManager: videoCursor is null
07-04 23:08:28.028  4269  4269 V VideoManager: videoFromCursor
07-04 23:08:28.032  4269  4269 V ProcessingVideosEventHandler: onAdd
07-04 23:08:28.033  4269  4269 V RawFootageEventHandler: onRemove
07-04 23:08:28.039  4269  4269 V NearbyFragment: Transfer to Endpoint{id=hgvm, name=Nexus 5X [34d8]} complete
07-04 23:08:28.044  4269  5242 V SummariserIntentService: onHandleIntent
07-04 23:08:28.046  4269  5242 D SummariserIntentService: Video{id='1503', data='/storage/emulated/0/Download/Nearby/20200312_195430!000.mp4', name='20200312_195430!000.mp4', size=16942161, visible=true, mimeType='video/mp4'}
07-04 23:08:28.046  4269  5242 D SummariserIntentService: /storage/emulated/0/Movies/segment-sum/20200312_195430/20200312_195430!000.mp4
07-04 23:08:28.216  4269  4668 W mobile-ffmpeg: [graph 0 input from stream 0:0 @ 0x92efb860] sws_param option is deprecated and ignored
07-04 23:08:35.852  4269  5242 W Summariser: 1 active sections found
07-04 23:08:35.853  4269  5242 I FfmpegTools: Running ffmpeg with:
07-04 23:08:35.853  4269  5242 I FfmpegTools:   -y -i /storage/emulated/0/Download/Nearby/20200312_195430!000.mp4 -filter_complex [0:v]trim=6.739000:12.010000,setpts=PTS-STARTPTS[v0];[0:a]atrim=6.739000:12.010000,asetpts=PTS-STARTPTS[a0];[v0][a0]concat=n=1:v=1:a=1[outv][outa] -map [outv] -map [outa] -crf 23 -preset medium /storage/emulated/0/Movies/segment-sum/20200312_195430/20200312_195430!000.mp4
07-04 23:08:36.006  4269  4668 W mobile-ffmpeg: [graph 0 input from stream 0:0 @ 0x92e7aae0] sws_param option is deprecated and ignored
07-04 23:08:52.977  4269  5242 V FfmpegTools: Retrieving duration of /storage/emulated/0/Download/Nearby/20200312_195430!000.mp4
07-04 23:08:53.043  4269  5242 V FfmpegTools: Retrieving duration of /storage/emulated/0/Movies/segment-sum/20200312_195430/20200312_195430!000.mp4
07-04 23:08:53.112  4269  5242 W Summariser: Summarisation completed
07-04 23:08:53.112  4269  5242 W Summariser:   filename: 20200312_195430!000.mp4
07-04 23:08:53.112  4269  5242 W Summariser:   active sections: 1
07-04 23:08:53.112  4269  5242 W Summariser:   time: 24.930s
07-04 23:08:53.112  4269  5242 W Summariser:   original duration: 16.06
07-04 23:08:53.112  4269  5242 W Summariser:   summarised duration: 5.34
07-04 23:08:53.112  4269  5242 W Summariser:   noise tolerance: 45.00
07-04 23:08:53.112  4269  5242 W Summariser:   quality: 23
07-04 23:08:53.112  4269  5242 W Summariser:   speed: medium
07-04 23:08:53.112  4269  5242 W Summariser:   freeze duration: 1.00
07-04 23:08:53.113  4269  5242 V VideoManager: Retrieving video from /storage/emulated/0/Movies/segment-sum/20200312_195430/20200312_195430!000.mp4
07-04 23:08:53.118  4269  5242 D VideoManager: videoCursor is null
07-04 23:08:53.157  4269  5242 V VideoManager: videoFromCursor
07-04 23:08:53.161  4269  5242 W NearbyFragment: Sending 20200312_195430!000.mp4 to Nexus 5X [34d8]
07-04 23:08:53.166  4269  5242 V ProcessingVideosEventHandler: onRemove
07-04 23:08:53.180  4269  4269 V NearbyFragment: Transfer to Endpoint{id=hgvm, name=Nexus 5X [34d8]} complete
07-04 23:08:53.196  4269  4281 D SummariserIntentService: Scanned /storage/emulated/0/Movies/summarised
07-04 23:08:53.196  4269  4281 D SummariserIntentService:   -> uri=content://media/external/file/1477
07-04 23:08:53.285  4269  4269 V NearbyFragment: Transfer to Endpoint{id=hgvm, name=Nexus 5X [34d8]} complete
