07-04 23:08:30.982 30317 30317 V NearbyFragment: Transfer to Endpoint{id=hgvm, name=Nexus 5X [34d8]} complete
07-04 23:08:31.019 30317 30317 V NearbyFragment: Transfer to Endpoint{id=hgvm, name=Nexus 5X [34d8]} complete
07-04 23:08:31.034 30317 30317 D NearbyFragment: onPayloadReceived(endpointId=hgvm, payload=com.google.android.gms.nearby.connection.Payload@414868a)
07-04 23:08:31.034 30317 30317 V NearbyFragment: Started downloading SUMMARISE_SEGMENT:-6335284591334008272:20200312_195430!001.mp4:45.0_1.0_23_medium from Endpoint{id=hgvm, name=Nexus 5X [34d8]}
07-04 23:08:31.044 30317 30330 D SummariserIntentService: Scanned /storage/emulated/0/Movies/summarised
07-04 23:08:31.044 30317 30330 D SummariserIntentService:   -> uri=content://media/external/file/137797
07-04 23:08:31.047 30317 30317 V NearbyFragment: Transfer to Endpoint{id=hgvm, name=Nexus 5X [34d8]} complete
07-04 23:08:31.877 30317 30317 D NearbyFragment: onPayloadReceived(endpointId=hgvm, payload=com.google.android.gms.nearby.connection.Payload@67784fb)
07-04 23:08:35.422 30317 30317 V NearbyFragment: Transfer to Endpoint{id=hgvm, name=Nexus 5X [34d8]} complete
07-04 23:08:35.423 30317 30317 W NearbyFragment: Completed downloading 20200312_195430!001.mp4 from Endpoint{id=hgvm, name=Nexus 5X [34d8]} in 04.388s
07-04 23:08:35.432 30317 30317 V FileManager: External storage is readable
07-04 23:08:35.436 30317 30317 V FileManager: Created new directory: /storage/emulated/0/Movies/segment-sum/20200312_195430
07-04 23:08:35.437 30317 30317 D NearbyFragment: Summarising 20200312_195430!001.mp4
07-04 23:08:35.437 30317 30317 V VideoManager: Retrieving video from /storage/emulated/0/Download/Nearby/20200312_195430!001.mp4
07-04 23:08:35.452 30317 30317 V VideoManager: videoFromCursor
07-04 23:08:35.457 30317 30317 V ProcessingVideosEventHandler: onAdd
07-04 23:08:35.457 30317 30317 V RawFootageEventHandler: onRemove
07-04 23:08:35.466 30317 30317 V NearbyFragment: Transfer to Endpoint{id=hgvm, name=Nexus 5X [34d8]} complete
07-04 23:08:35.475 30317  1772 V SummariserIntentService: onHandleIntent
07-04 23:08:35.476 30317  1772 D SummariserIntentService: Video{id='138035', data='/storage/emulated/0/Download/Nearby/20200312_195430!001.mp4', name='20200312_195430!001.mp4', size=16869259, visible=true, mimeType='video/mp4'}
07-04 23:08:35.476 30317  1772 D SummariserIntentService: /storage/emulated/0/Movies/segment-sum/20200312_195430/20200312_195430!001.mp4
07-04 23:08:35.676 30317 31588 W mobile-ffmpeg: [graph 0 input from stream 0:0 @ 0x7a5881f7c0] sws_param option is deprecated and ignored
07-04 23:08:37.524 30317  1772 V FfmpegTools: Retrieving duration of /storage/emulated/0/Download/Nearby/20200312_195430!001.mp4
07-04 23:08:37.560 30317  1772 W Summariser: 2 active sections found
07-04 23:08:37.560 30317  1772 I FfmpegTools: Running ffmpeg with:
07-04 23:08:37.560 30317  1772 I FfmpegTools:   -y -i /storage/emulated/0/Download/Nearby/20200312_195430!001.mp4 -filter_complex [0:v]trim=3.436000:7.340000,setpts=PTS-STARTPTS[v0];[0:a]atrim=3.436000:7.340000,asetpts=PTS-STARTPTS[a0];[0:v]trim=14.079000:16.010000,setpts=PTS-STARTPTS[v1];[0:a]atrim=14.079000:16.010000,asetpts=PTS-STARTPTS[a1];[v0][a0][v1][a1]concat=n=2:v=1:a=1[outv][outa] -map [outv] -map [outa] -crf 23 -preset medium /storage/emulated/0/Movies/segment-sum/20200312_195430/20200312_195430!001.mp4
07-04 23:08:37.618 30317 31588 W mobile-ffmpeg: [graph 0 input from stream 0:0 @ 0x7a5881f7c0] sws_param option is deprecated and ignored
07-04 23:08:37.618 30317 31588 W mobile-ffmpeg: [graph 0 input from stream 0:0 @ 0x7a5881fd00] sws_param option is deprecated and ignored
07-04 23:08:43.407 30317  1772 V FfmpegTools: Retrieving duration of /storage/emulated/0/Download/Nearby/20200312_195430!001.mp4
07-04 23:08:43.443 30317  1772 V FfmpegTools: Retrieving duration of /storage/emulated/0/Movies/segment-sum/20200312_195430/20200312_195430!001.mp4
07-04 23:08:43.460 30317  1772 W Summariser: Summarisation completed
07-04 23:08:43.460 30317  1772 W Summariser:   filename: 20200312_195430!001.mp4
07-04 23:08:43.460 30317  1772 W Summariser:   active sections: 2
07-04 23:08:43.460 30317  1772 W Summariser:   time: 07.930s
07-04 23:08:43.460 30317  1772 W Summariser:   original duration: 16.01
07-04 23:08:43.460 30317  1772 W Summariser:   summarised duration: 5.90
07-04 23:08:43.460 30317  1772 W Summariser:   noise tolerance: 45.00
07-04 23:08:43.460 30317  1772 W Summariser:   quality: 23
07-04 23:08:43.460 30317  1772 W Summariser:   speed: medium
07-04 23:08:43.460 30317  1772 W Summariser:   freeze duration: 1.00
07-04 23:08:43.460 30317  1772 V VideoManager: Retrieving video from /storage/emulated/0/Movies/segment-sum/20200312_195430/20200312_195430!001.mp4
07-04 23:08:43.472 30317  1772 V VideoManager: videoFromCursor
07-04 23:08:43.477 30317  1772 W NearbyFragment: Sending 20200312_195430!001.mp4 to Nexus 5X [34d8]
07-04 23:08:43.478 30317  1772 V ProcessingVideosEventHandler: onRemove
07-04 23:08:43.495 30317 30317 V NearbyFragment: Transfer to Endpoint{id=hgvm, name=Nexus 5X [34d8]} complete
07-04 23:08:43.532 30317 30317 D NearbyFragment: onPayloadReceived(endpointId=hgvm, payload=com.google.android.gms.nearby.connection.Payload@a18cba9)
07-04 23:08:43.533 30317 30317 V NearbyFragment: Started downloading SUMMARISE_SEGMENT:-6957806277459858684:20200312_195430!002.mp4:45.0_1.0_23_medium from Endpoint{id=hgvm, name=Nexus 5X [34d8]}
07-04 23:08:43.550 30317 30317 V NearbyFragment: Transfer to Endpoint{id=hgvm, name=Nexus 5X [34d8]} complete
07-04 23:08:43.565 30317 30329 D SummariserIntentService: Scanned /storage/emulated/0/Movies/summarised
07-04 23:08:43.565 30317 30329 D SummariserIntentService:   -> uri=content://media/external/file/137797
07-04 23:08:43.566 30317 30317 V NearbyFragment: Transfer to Endpoint{id=hgvm, name=Nexus 5X [34d8]} complete
07-04 23:08:43.594 30317 30317 D NearbyFragment: onPayloadReceived(endpointId=hgvm, payload=com.google.android.gms.nearby.connection.Payload@852652e)
07-04 23:08:47.092 30317 30317 V NearbyFragment: Transfer to Endpoint{id=hgvm, name=Nexus 5X [34d8]} complete
07-04 23:08:47.093 30317 30317 W NearbyFragment: Completed downloading 20200312_195430!002.mp4 from Endpoint{id=hgvm, name=Nexus 5X [34d8]} in 03.559s
07-04 23:08:47.104 30317 30317 V FileManager: External storage is readable
07-04 23:08:47.106 30317 30317 V FileManager: Directory already exists: /storage/emulated/0/Movies/segment-sum/20200312_195430
07-04 23:08:47.108 30317 30317 D NearbyFragment: Summarising 20200312_195430!002.mp4
07-04 23:08:47.108 30317 30317 V VideoManager: Retrieving video from /storage/emulated/0/Download/Nearby/20200312_195430!002.mp4
07-04 23:08:47.127 30317 30317 V VideoManager: videoFromCursor
07-04 23:08:47.132 30317 30317 V ProcessingVideosEventHandler: onAdd
07-04 23:08:47.133 30317 30317 V RawFootageEventHandler: onRemove
07-04 23:08:47.142 30317 30317 V NearbyFragment: Transfer to Endpoint{id=hgvm, name=Nexus 5X [34d8]} complete
07-04 23:08:47.151 30317  1849 V SummariserIntentService: onHandleIntent
07-04 23:08:47.152 30317  1849 D SummariserIntentService: Video{id='138037', data='/storage/emulated/0/Download/Nearby/20200312_195430!002.mp4', name='20200312_195430!002.mp4', size=16840890, visible=true, mimeType='video/mp4'}
07-04 23:08:47.152 30317  1849 D SummariserIntentService: /storage/emulated/0/Movies/segment-sum/20200312_195430/20200312_195430!002.mp4
07-04 23:08:47.350 30317 31588 W mobile-ffmpeg: [graph 0 input from stream 0:0 @ 0x7a5881f7c0] sws_param option is deprecated and ignored
07-04 23:08:49.210 30317  1849 W Summariser: 2 active sections found
07-04 23:08:49.210 30317  1849 I FfmpegTools: Running ffmpeg with:
07-04 23:08:49.210 30317  1849 I FfmpegTools:   -y -i /storage/emulated/0/Download/Nearby/20200312_195430!002.mp4 -filter_complex [0:v]trim=0.000000:2.235000,setpts=PTS-STARTPTS[v0];[0:a]atrim=0.000000:2.235000,asetpts=PTS-STARTPTS[a0];[0:v]trim=6.773000:10.643000,setpts=PTS-STARTPTS[v1];[0:a]atrim=6.773000:10.643000,asetpts=PTS-STARTPTS[a1];[v0][a0][v1][a1]concat=n=2:v=1:a=1[outv][outa] -map [outv] -map [outa] -crf 23 -preset medium /storage/emulated/0/Movies/segment-sum/20200312_195430/20200312_195430!002.mp4
07-04 23:08:49.268 30317 31588 W mobile-ffmpeg: [graph 0 input from stream 0:0 @ 0x7a5881fb80] sws_param option is deprecated and ignored
07-04 23:08:49.268 30317 31588 W mobile-ffmpeg: [graph 0 input from stream 0:0 @ 0x7a5881fd00] sws_param option is deprecated and ignored
07-04 23:08:54.715 30317  1849 V FfmpegTools: Retrieving duration of /storage/emulated/0/Download/Nearby/20200312_195430!002.mp4
07-04 23:08:54.751 30317  1849 V FfmpegTools: Retrieving duration of /storage/emulated/0/Movies/segment-sum/20200312_195430/20200312_195430!002.mp4
07-04 23:08:54.769 30317  1849 W Summariser: Summarisation completed
07-04 23:08:54.769 30317  1849 W Summariser:   filename: 20200312_195430!002.mp4
07-04 23:08:54.769 30317  1849 W Summariser:   active sections: 2
07-04 23:08:54.769 30317  1849 W Summariser:   time: 07.561s
07-04 23:08:54.769 30317  1849 W Summariser:   original duration: 16.01
07-04 23:08:54.769 30317  1849 W Summariser:   summarised duration: 6.17
07-04 23:08:54.769 30317  1849 W Summariser:   noise tolerance: 45.00
07-04 23:08:54.769 30317  1849 W Summariser:   quality: 23
07-04 23:08:54.769 30317  1849 W Summariser:   speed: medium
07-04 23:08:54.769 30317  1849 W Summariser:   freeze duration: 1.00
07-04 23:08:54.769 30317  1849 V VideoManager: Retrieving video from /storage/emulated/0/Movies/segment-sum/20200312_195430/20200312_195430!002.mp4
07-04 23:08:54.778 30317  1849 V VideoManager: videoFromCursor
07-04 23:08:54.781 30317  1849 W NearbyFragment: Sending 20200312_195430!002.mp4 to Nexus 5X [34d8]
07-04 23:08:54.782 30317  1849 V ProcessingVideosEventHandler: onRemove
07-04 23:08:54.818 30317 30317 V NearbyFragment: Transfer to Endpoint{id=hgvm, name=Nexus 5X [34d8]} complete
07-04 23:08:54.852 30317 30317 V NearbyFragment: Transfer to Endpoint{id=hgvm, name=Nexus 5X [34d8]} complete
07-04 23:08:54.857 30317 30330 D SummariserIntentService: Scanned /storage/emulated/0/Movies/summarised
07-04 23:08:54.857 30317 30330 D SummariserIntentService:   -> uri=content://media/external/file/137797
07-04 23:08:54.925 30317 30317 D NearbyFragment: onPayloadReceived(endpointId=hgvm, payload=com.google.android.gms.nearby.connection.Payload@92180f4)
07-04 23:08:54.926 30317 30317 V NearbyFragment: Started downloading SUMMARISE_SEGMENT:-8433381928765778487:20200312_195430!003.mp4:45.0_1.0_23_medium from Endpoint{id=hgvm, name=Nexus 5X [34d8]}
07-04 23:08:54.951 30317 30317 D NearbyFragment: onPayloadReceived(endpointId=hgvm, payload=com.google.android.gms.nearby.connection.Payload@946701d)
07-04 23:08:54.955 30317 30317 V NearbyFragment: Transfer to Endpoint{id=hgvm, name=Nexus 5X [34d8]} complete
07-04 23:08:57.844 30317 30317 V NearbyFragment: Transfer to Endpoint{id=hgvm, name=Nexus 5X [34d8]} complete
07-04 23:08:57.847 30317 30317 W NearbyFragment: Completed downloading 20200312_195430!003.mp4 from Endpoint{id=hgvm, name=Nexus 5X [34d8]} in 02.918s
07-04 23:08:57.864 30317 30317 V FileManager: External storage is readable
07-04 23:08:57.866 30317 30317 V FileManager: Directory already exists: /storage/emulated/0/Movies/segment-sum/20200312_195430
07-04 23:08:57.867 30317 30317 D NearbyFragment: Summarising 20200312_195430!003.mp4
07-04 23:08:57.868 30317 30317 V VideoManager: Retrieving video from /storage/emulated/0/Download/Nearby/20200312_195430!003.mp4
07-04 23:08:57.890 30317 30317 V VideoManager: videoFromCursor
07-04 23:08:57.897 30317 30317 V ProcessingVideosEventHandler: onAdd
07-04 23:08:57.898 30317 30317 V RawFootageEventHandler: onRemove
07-04 23:08:57.909 30317 30317 V NearbyFragment: Transfer to Endpoint{id=hgvm, name=Nexus 5X [34d8]} complete
07-04 23:08:57.920 30317  1922 V SummariserIntentService: onHandleIntent
07-04 23:08:57.921 30317  1922 D SummariserIntentService: Video{id='138039', data='/storage/emulated/0/Download/Nearby/20200312_195430!003.mp4', name='20200312_195430!003.mp4', size=12643428, visible=true, mimeType='video/mp4'}
07-04 23:08:57.922 30317  1922 D SummariserIntentService: /storage/emulated/0/Movies/segment-sum/20200312_195430/20200312_195430!003.mp4
07-04 23:08:58.102 30317 31588 W mobile-ffmpeg: [graph 0 input from stream 0:0 @ 0x7a5881f7c0] sws_param option is deprecated and ignored
07-04 23:08:59.570 30317  1922 W Summariser: 1 active sections found
07-04 23:08:59.570 30317  1922 I FfmpegTools: Running ffmpeg with:
07-04 23:08:59.570 30317  1922 I FfmpegTools:   -y -i /storage/emulated/0/Download/Nearby/20200312_195430!003.mp4 -filter_complex [0:v]trim=2.369000:6.840000,setpts=PTS-STARTPTS[v0];[0:a]atrim=2.369000:6.840000,asetpts=PTS-STARTPTS[a0];[v0][a0]concat=n=1:v=1:a=1[outv][outa] -map [outv] -map [outa] -crf 23 -preset medium /storage/emulated/0/Movies/segment-sum/20200312_195430/20200312_195430!003.mp4
07-04 23:08:59.619 30317 31588 W mobile-ffmpeg: [graph 0 input from stream 0:0 @ 0x7a5881f700] sws_param option is deprecated and ignored
07-04 23:09:03.489 30317  1922 V FfmpegTools: Retrieving duration of /storage/emulated/0/Download/Nearby/20200312_195430!003.mp4
07-04 23:09:03.515 30317  1922 V FfmpegTools: Retrieving duration of /storage/emulated/0/Movies/segment-sum/20200312_195430/20200312_195430!003.mp4
07-04 23:09:03.532 30317  1922 W Summariser: Summarisation completed
07-04 23:09:03.532 30317  1922 W Summariser:   filename: 20200312_195430!003.mp4
07-04 23:09:03.532 30317  1922 W Summariser:   active sections: 1
07-04 23:09:03.532 30317  1922 W Summariser:   time: 05.565s
07-04 23:09:03.532 30317  1922 W Summariser:   original duration: 11.98
07-04 23:09:03.532 30317  1922 W Summariser:   summarised duration: 4.54
07-04 23:09:03.532 30317  1922 W Summariser:   noise tolerance: 45.00
07-04 23:09:03.532 30317  1922 W Summariser:   quality: 23
07-04 23:09:03.532 30317  1922 W Summariser:   speed: medium
07-04 23:09:03.532 30317  1922 W Summariser:   freeze duration: 1.00
07-04 23:09:03.532 30317  1922 V VideoManager: Retrieving video from /storage/emulated/0/Movies/segment-sum/20200312_195430/20200312_195430!003.mp4
07-04 23:09:03.541 30317  1922 V VideoManager: videoFromCursor
07-04 23:09:03.545 30317  1922 W NearbyFragment: Sending 20200312_195430!003.mp4 to Nexus 5X [34d8]
07-04 23:09:03.546 30317  1922 V ProcessingVideosEventHandler: onRemove
07-04 23:09:03.570 30317 30317 V NearbyFragment: Transfer to Endpoint{id=hgvm, name=Nexus 5X [34d8]} complete
07-04 23:09:03.612 30317 30317 V NearbyFragment: Transfer to Endpoint{id=hgvm, name=Nexus 5X [34d8]} complete
07-04 23:09:03.630 30317 31723 D SummariserIntentService: Scanned /storage/emulated/0/Movies/summarised
07-04 23:09:03.630 30317 31723 D SummariserIntentService:   -> uri=content://media/external/file/137797
