07-04 23:01:37.865 30317 31884 W NearbyFragment: Sending 20200312_150844!000.mp4 to Nexus 5X [34d8]
07-04 23:01:37.866 30317 31884 V ProcessingVideosEventHandler: onRemove
07-04 23:01:37.900 30317 30317 V NearbyFragment: Transfer to Endpoint{id=hgvm, name=Nexus 5X [34d8]} complete
07-04 23:01:37.966 30317 30330 D SummariserIntentService: Scanned /storage/emulated/0/Movies/summarised
07-04 23:01:37.966 30317 30330 D SummariserIntentService:   -> uri=content://media/external/file/137797
07-04 23:01:37.976 30317 30317 D NearbyFragment: onPayloadReceived(endpointId=hgvm, payload=com.google.android.gms.nearby.connection.Payload@8b9d1f7)
07-04 23:01:37.979 30317 30317 V NearbyFragment: Started downloading SUMMARISE_SEGMENT:-5381613488692225588:20200312_150844!001.mp4:45.0_1.0_23_medium from Endpoint{id=hgvm, name=Nexus 5X [34d8]}
07-04 23:01:37.981 30317 30317 V NearbyFragment: Transfer to Endpoint{id=hgvm, name=Nexus 5X [34d8]} complete
07-04 23:01:38.095 30317 30317 D NearbyFragment: onPayloadReceived(endpointId=hgvm, payload=com.google.android.gms.nearby.connection.Payload@121d864)
07-04 23:01:40.267 30317 30317 V NearbyFragment: Transfer to Endpoint{id=hgvm, name=Nexus 5X [34d8]} complete
07-04 23:01:41.588 30317 30317 V NearbyFragment: Transfer to Endpoint{id=hgvm, name=Nexus 5X [34d8]} complete
07-04 23:01:41.592 30317 30317 W NearbyFragment: Completed downloading 20200312_150844!001.mp4 from Endpoint{id=hgvm, name=Nexus 5X [34d8]} in 03.610s
07-04 23:01:41.605 30317 30317 V FileManager: External storage is readable
07-04 23:01:41.606 30317 30317 V FileManager: Directory already exists: /storage/emulated/0/Movies/segment-sum/20200312_150844
07-04 23:01:41.609 30317 30317 D NearbyFragment: Summarising 20200312_150844!001.mp4
07-04 23:01:41.610 30317 30317 V VideoManager: Retrieving video from /storage/emulated/0/Download/Nearby/20200312_150844!001.mp4
07-04 23:01:41.634 30317 30317 V VideoManager: videoFromCursor
07-04 23:01:41.640 30317 30317 V ProcessingVideosEventHandler: onAdd
07-04 23:01:41.641 30317 30317 V RawFootageEventHandler: onRemove
07-04 23:01:41.652 30317 30317 V NearbyFragment: Transfer to Endpoint{id=hgvm, name=Nexus 5X [34d8]} complete
07-04 23:01:41.669 30317 31926 V SummariserIntentService: onHandleIntent
07-04 23:01:41.670 30317 31926 D SummariserIntentService: Video{id='137833', data='/storage/emulated/0/Download/Nearby/20200312_150844!001.mp4', name='20200312_150844!001.mp4', size=17002010, visible=true, mimeType='video/mp4'}
07-04 23:01:41.671 30317 31926 D SummariserIntentService: /storage/emulated/0/Movies/segment-sum/20200312_150844/20200312_150844!001.mp4
07-04 23:01:41.811 30317 31588 W mobile-ffmpeg: [graph 0 input from stream 0:0 @ 0x7a58db40c0] sws_param option is deprecated and ignored
07-04 23:01:43.797 30317 31926 D Summariser: No freeze file
07-04 23:01:43.797 30317 31926 W Summariser: Whole video is active
07-04 23:01:44.195 30317 31926 V FfmpegTools: Retrieving duration of /storage/emulated/0/Download/Nearby/20200312_150844!001.mp4
07-04 23:01:44.236 30317 31926 V FfmpegTools: Retrieving duration of /storage/emulated/0/Movies/segment-sum/20200312_150844/20200312_150844!001.mp4
07-04 23:01:44.276 30317 31926 W Summariser: Summarisation completed
07-04 23:01:44.276 30317 31926 W Summariser:   filename: 20200312_150844!001.mp4
07-04 23:01:44.276 30317 31926 W Summariser:   active sections: -1
07-04 23:01:44.276 30317 31926 W Summariser:   time: 02.522s
07-04 23:01:44.276 30317 31926 W Summariser:   original duration: 16.01
07-04 23:01:44.276 30317 31926 W Summariser:   summarised duration: 16.01
07-04 23:01:44.276 30317 31926 W Summariser:   noise tolerance: 45.00
07-04 23:01:44.276 30317 31926 W Summariser:   quality: 23
07-04 23:01:44.276 30317 31926 W Summariser:   speed: medium
07-04 23:01:44.276 30317 31926 W Summariser:   freeze duration: 1.00
07-04 23:01:44.276 30317 31926 V VideoManager: Retrieving video from /storage/emulated/0/Movies/segment-sum/20200312_150844/20200312_150844!001.mp4
07-04 23:01:44.299 30317 31926 V VideoManager: videoFromCursor
07-04 23:01:44.304 30317 31926 W NearbyFragment: Sending 20200312_150844!001.mp4 to Nexus 5X [34d8]
07-04 23:01:44.305 30317 31926 V ProcessingVideosEventHandler: onRemove
07-04 23:01:44.327 30317 30317 V NearbyFragment: Transfer to Endpoint{id=hgvm, name=Nexus 5X [34d8]} complete
07-04 23:01:44.409 30317 31723 D SummariserIntentService: Scanned /storage/emulated/0/Movies/summarised
07-04 23:01:44.409 30317 31723 D SummariserIntentService:   -> uri=content://media/external/file/137797
07-04 23:01:45.073 30317 30317 D NearbyFragment: onPayloadReceived(endpointId=hgvm, payload=com.google.android.gms.nearby.connection.Payload@5bfcda)
07-04 23:01:45.074 30317 30317 V NearbyFragment: Started downloading SUMMARISE_SEGMENT:-8247678191555974687:20200312_150844!002.mp4:45.0_1.0_23_medium from Endpoint{id=hgvm, name=Nexus 5X [34d8]}
07-04 23:01:45.081 30317 30317 V NearbyFragment: Transfer to Endpoint{id=hgvm, name=Nexus 5X [34d8]} complete
07-04 23:01:45.103 30317 30317 D NearbyFragment: onPayloadReceived(endpointId=hgvm, payload=com.google.android.gms.nearby.connection.Payload@8d1450b)
07-04 23:01:48.528 30317 30317 V NearbyFragment: Transfer to Endpoint{id=hgvm, name=Nexus 5X [34d8]} complete
07-04 23:01:48.532 30317 30317 W NearbyFragment: Completed downloading 20200312_150844!002.mp4 from Endpoint{id=hgvm, name=Nexus 5X [34d8]} in 03.454s
07-04 23:01:48.544 30317 30317 V FileManager: External storage is readable
07-04 23:01:48.545 30317 30317 V FileManager: Directory already exists: /storage/emulated/0/Movies/segment-sum/20200312_150844
07-04 23:01:48.548 30317 30317 D NearbyFragment: Summarising 20200312_150844!002.mp4
07-04 23:01:48.549 30317 30317 V VideoManager: Retrieving video from /storage/emulated/0/Download/Nearby/20200312_150844!002.mp4
07-04 23:01:48.574 30317 30317 V VideoManager: videoFromCursor
07-04 23:01:48.580 30317 30317 V ProcessingVideosEventHandler: onAdd
07-04 23:01:48.582 30317 30317 V RawFootageEventHandler: onRemove
07-04 23:01:48.610 30317 31960 V SummariserIntentService: onHandleIntent
07-04 23:01:48.611 30317 31960 D SummariserIntentService: Video{id='137835', data='/storage/emulated/0/Download/Nearby/20200312_150844!002.mp4', name='20200312_150844!002.mp4', size=16805379, visible=true, mimeType='video/mp4'}
07-04 23:01:48.611 30317 31960 D SummariserIntentService: /storage/emulated/0/Movies/segment-sum/20200312_150844/20200312_150844!002.mp4
07-04 23:01:48.712 30317 30317 V NearbyFragment: Transfer to Endpoint{id=hgvm, name=Nexus 5X [34d8]} complete
07-04 23:01:48.764 30317 31588 W mobile-ffmpeg: [graph 0 input from stream 0:0 @ 0x7a58db40c0] sws_param option is deprecated and ignored
07-04 23:01:50.698 30317 31960 D Summariser: No freeze file
07-04 23:01:50.698 30317 31960 W Summariser: Whole video is active
07-04 23:01:50.849 30317 30317 V NearbyFragment: Transfer to Endpoint{id=hgvm, name=Nexus 5X [34d8]} complete
07-04 23:01:51.097 30317 31960 V FfmpegTools: Retrieving duration of /storage/emulated/0/Download/Nearby/20200312_150844!002.mp4
07-04 23:01:51.137 30317 31960 V FfmpegTools: Retrieving duration of /storage/emulated/0/Movies/segment-sum/20200312_150844/20200312_150844!002.mp4
07-04 23:01:51.176 30317 31960 W Summariser: Summarisation completed
07-04 23:01:51.176 30317 31960 W Summariser:   filename: 20200312_150844!002.mp4
07-04 23:01:51.176 30317 31960 W Summariser:   active sections: -1
07-04 23:01:51.176 30317 31960 W Summariser:   time: 02.484s
07-04 23:01:51.176 30317 31960 W Summariser:   original duration: 16.01
07-04 23:01:51.176 30317 31960 W Summariser:   summarised duration: 16.01
07-04 23:01:51.176 30317 31960 W Summariser:   noise tolerance: 45.00
07-04 23:01:51.176 30317 31960 W Summariser:   quality: 23
07-04 23:01:51.176 30317 31960 W Summariser:   speed: medium
07-04 23:01:51.176 30317 31960 W Summariser:   freeze duration: 1.00
07-04 23:01:51.177 30317 31960 V VideoManager: Retrieving video from /storage/emulated/0/Movies/segment-sum/20200312_150844/20200312_150844!002.mp4
07-04 23:01:51.189 30317 31960 V VideoManager: videoFromCursor
07-04 23:01:51.192 30317 31960 W NearbyFragment: Sending 20200312_150844!002.mp4 to Nexus 5X [34d8]
07-04 23:01:51.193 30317 31960 V ProcessingVideosEventHandler: onRemove
07-04 23:01:51.211 30317 30317 V NearbyFragment: Transfer to Endpoint{id=hgvm, name=Nexus 5X [34d8]} complete
07-04 23:01:51.265 30317 30330 D SummariserIntentService: Scanned /storage/emulated/0/Movies/summarised
07-04 23:01:51.265 30317 30330 D SummariserIntentService:   -> uri=content://media/external/file/137797
07-04 23:01:51.941 30317 30317 D NearbyFragment: onPayloadReceived(endpointId=hgvm, payload=com.google.android.gms.nearby.connection.Payload@2667439)
07-04 23:01:51.943 30317 30317 V NearbyFragment: Started downloading SUMMARISE_SEGMENT:-5385686156143964886:20200312_150844!003.mp4:45.0_1.0_23_medium from Endpoint{id=hgvm, name=Nexus 5X [34d8]}
07-04 23:01:51.944 30317 30317 V NearbyFragment: Transfer to Endpoint{id=hgvm, name=Nexus 5X [34d8]} complete
07-04 23:01:52.474 30317 30317 D NearbyFragment: onPayloadReceived(endpointId=hgvm, payload=com.google.android.gms.nearby.connection.Payload@a1f0a7e)
07-04 23:01:53.414 30317 30317 V NearbyFragment: Transfer to Endpoint{id=hgvm, name=Nexus 5X [34d8]} complete
07-04 23:01:54.839 30317 30317 V NearbyFragment: Transfer to Endpoint{id=hgvm, name=Nexus 5X [34d8]} complete
07-04 23:01:54.841 30317 30317 W NearbyFragment: Completed downloading 20200312_150844!003.mp4 from Endpoint{id=hgvm, name=Nexus 5X [34d8]} in 02.896s
07-04 23:01:54.851 30317 30317 V FileManager: External storage is readable
07-04 23:01:54.852 30317 30317 V FileManager: Directory already exists: /storage/emulated/0/Movies/segment-sum/20200312_150844
07-04 23:01:54.854 30317 30317 D NearbyFragment: Summarising 20200312_150844!003.mp4
07-04 23:01:54.854 30317 30317 V VideoManager: Retrieving video from /storage/emulated/0/Download/Nearby/20200312_150844!003.mp4
07-04 23:01:54.881 30317 30317 V VideoManager: videoFromCursor
07-04 23:01:54.888 30317 30317 V ProcessingVideosEventHandler: onAdd
07-04 23:01:54.888 30317 30317 V RawFootageEventHandler: onRemove
07-04 23:01:54.898 30317 30317 V NearbyFragment: Transfer to Endpoint{id=hgvm, name=Nexus 5X [34d8]} complete
07-04 23:01:54.914 30317 31989 V SummariserIntentService: onHandleIntent
07-04 23:01:54.915 30317 31989 D SummariserIntentService: Video{id='137837', data='/storage/emulated/0/Download/Nearby/20200312_150844!003.mp4', name='20200312_150844!003.mp4', size=12629721, visible=true, mimeType='video/mp4'}
07-04 23:01:54.916 30317 31989 D SummariserIntentService: /storage/emulated/0/Movies/segment-sum/20200312_150844/20200312_150844!003.mp4
07-04 23:01:55.039 30317 31588 W mobile-ffmpeg: [graph 0 input from stream 0:0 @ 0x7a58db40c0] sws_param option is deprecated and ignored
07-04 23:01:56.418 30317 31989 D Summariser: No freeze file
07-04 23:01:56.418 30317 31989 W Summariser: Whole video is active
07-04 23:01:56.713 30317 31989 V FfmpegTools: Retrieving duration of /storage/emulated/0/Download/Nearby/20200312_150844!003.mp4
07-04 23:01:56.741 30317 31989 V FfmpegTools: Retrieving duration of /storage/emulated/0/Movies/segment-sum/20200312_150844/20200312_150844!003.mp4
07-04 23:01:56.769 30317 31989 W Summariser: Summarisation completed
07-04 23:01:56.769 30317 31989 W Summariser:   filename: 20200312_150844!003.mp4
07-04 23:01:56.769 30317 31989 W Summariser:   active sections: -1
07-04 23:01:56.769 30317 31989 W Summariser:   time: 01.796s
07-04 23:01:56.769 30317 31989 W Summariser:   original duration: 11.98
07-04 23:01:56.769 30317 31989 W Summariser:   summarised duration: 11.98
07-04 23:01:56.769 30317 31989 W Summariser:   noise tolerance: 45.00
07-04 23:01:56.769 30317 31989 W Summariser:   quality: 23
07-04 23:01:56.769 30317 31989 W Summariser:   speed: medium
07-04 23:01:56.769 30317 31989 W Summariser:   freeze duration: 1.00
07-04 23:01:56.770 30317 31989 V VideoManager: Retrieving video from /storage/emulated/0/Movies/segment-sum/20200312_150844/20200312_150844!003.mp4
07-04 23:01:56.792 30317 31989 V VideoManager: videoFromCursor
07-04 23:01:56.797 30317 31989 W NearbyFragment: Sending 20200312_150844!003.mp4 to Nexus 5X [34d8]
07-04 23:01:56.798 30317 31989 V ProcessingVideosEventHandler: onRemove
07-04 23:01:56.835 30317 30317 V NearbyFragment: Transfer to Endpoint{id=hgvm, name=Nexus 5X [34d8]} complete
07-04 23:01:56.902 30317 31681 D SummariserIntentService: Scanned /storage/emulated/0/Movies/summarised
07-04 23:01:56.902 30317 31681 D SummariserIntentService:   -> uri=content://media/external/file/137797
07-04 23:01:58.242 30317 30317 V NearbyFragment: Transfer to Endpoint{id=hgvm, name=Nexus 5X [34d8]} complete
07-04 23:02:04.366 30317 30317 D NearbyFragment: onPayloadReceived(endpointId=hgvm, payload=com.google.android.gms.nearby.connection.Payload@91958c4)
07-04 23:02:04.369 30317 30317 V NearbyFragment: Started downloading SUMMARISE_SEGMENT:-7689980049224531572:20200312_150944!000.mp4:45.0_1.0_23_medium from Endpoint{id=hgvm, name=Nexus 5X [34d8]}
07-04 23:02:04.375 30317 30317 V NearbyFragment: Transfer to Endpoint{id=hgvm, name=Nexus 5X [34d8]} complete
07-04 23:02:04.398 30317 30317 D NearbyFragment: onPayloadReceived(endpointId=hgvm, payload=com.google.android.gms.nearby.connection.Payload@46eb3ad)
07-04 23:02:06.235 30317 30317 V NearbyFragment: Transfer to Endpoint{id=hgvm, name=Nexus 5X [34d8]} complete
07-04 23:02:06.239 30317 30317 W NearbyFragment: Completed downloading 20200312_150944!000.mp4 from Endpoint{id=hgvm, name=Nexus 5X [34d8]} in 01.865s
07-04 23:02:06.254 30317 30317 V FileManager: External storage is readable
07-04 23:02:06.260 30317 30317 V FileManager: Created new directory: /storage/emulated/0/Movies/segment-sum/20200312_150944
07-04 23:02:06.262 30317 30317 D NearbyFragment: Summarising 20200312_150944!000.mp4
07-04 23:02:06.263 30317 30317 V VideoManager: Retrieving video from /storage/emulated/0/Download/Nearby/20200312_150944!000.mp4
07-04 23:02:06.297 30317 30317 V VideoManager: videoFromCursor
07-04 23:02:06.305 30317 30317 V ProcessingVideosEventHandler: onAdd
07-04 23:02:06.307 30317 30317 V RawFootageEventHandler: onRemove
07-04 23:02:06.320 30317 30317 V NearbyFragment: Transfer to Endpoint{id=hgvm, name=Nexus 5X [34d8]} complete
07-04 23:02:06.362 30317 32020 V SummariserIntentService: onHandleIntent
07-04 23:02:06.363 30317 32020 D SummariserIntentService: Video{id='137839', data='/storage/emulated/0/Download/Nearby/20200312_150944!000.mp4', name='20200312_150944!000.mp4', size=16983218, visible=true, mimeType='video/mp4'}
07-04 23:02:06.363 30317 32020 D SummariserIntentService: /storage/emulated/0/Movies/segment-sum/20200312_150944/20200312_150944!000.mp4
07-04 23:02:06.493 30317 31588 W mobile-ffmpeg: [graph 0 input from stream 0:0 @ 0x7a58db40c0] sws_param option is deprecated and ignored
07-04 23:02:08.408 30317 32020 W Summariser: 1 active sections found
07-04 23:02:08.408 30317 32020 I FfmpegTools: Running ffmpeg with:
07-04 23:02:08.408 30317 32020 I FfmpegTools:   -y -i /storage/emulated/0/Download/Nearby/20200312_150944!000.mp4 -filter_complex [0:v]trim=0.000000:7.006000,setpts=PTS-STARTPTS[v0];[0:a]atrim=0.000000:7.006000,asetpts=PTS-STARTPTS[a0];[v0][a0]concat=n=1:v=1:a=1[outv][outa] -map [outv] -map [outa] -crf 23 -preset medium /storage/emulated/0/Movies/segment-sum/20200312_150944/20200312_150944!000.mp4
07-04 23:02:08.456 30317 31588 W mobile-ffmpeg: [graph 0 input from stream 0:0 @ 0x7a5881ff40] sws_param option is deprecated and ignored
07-04 23:02:15.235 30317 32020 V FfmpegTools: Retrieving duration of /storage/emulated/0/Download/Nearby/20200312_150944!000.mp4
07-04 23:02:15.264 30317 32020 V FfmpegTools: Retrieving duration of /storage/emulated/0/Movies/segment-sum/20200312_150944/20200312_150944!000.mp4
07-04 23:02:15.286 30317 32020 W Summariser: Summarisation completed
07-04 23:02:15.286 30317 32020 W Summariser:   filename: 20200312_150944!000.mp4
07-04 23:02:15.286 30317 32020 W Summariser:   active sections: 1
07-04 23:02:15.286 30317 32020 W Summariser:   time: 08.869s
07-04 23:02:15.286 30317 32020 W Summariser:   original duration: 16.06
07-04 23:02:15.286 30317 32020 W Summariser:   summarised duration: 7.07
07-04 23:02:15.286 30317 32020 W Summariser:   noise tolerance: 45.00
07-04 23:02:15.286 30317 32020 W Summariser:   quality: 23
07-04 23:02:15.286 30317 32020 W Summariser:   speed: medium
07-04 23:02:15.286 30317 32020 W Summariser:   freeze duration: 1.00
07-04 23:02:15.286 30317 32020 V VideoManager: Retrieving video from /storage/emulated/0/Movies/segment-sum/20200312_150944/20200312_150944!000.mp4
07-04 23:02:15.299 30317 32020 V VideoManager: videoFromCursor
07-04 23:02:15.303 30317 32020 W NearbyFragment: Sending 20200312_150944!000.mp4 to Nexus 5X [34d8]
07-04 23:02:15.304 30317 32020 V ProcessingVideosEventHandler: onRemove
07-04 23:02:15.323 30317 30326 W System  : A resource failed to call close. 
07-04 23:02:15.325 30317 30326 I chatty  : uid=10568(com.example.edgesum) FinalizerDaemon identical 29 lines
07-04 23:02:15.325 30317 30326 W System  : A resource failed to call close. 
07-04 23:02:15.325 30317 30326 W System  : A resource failed to call close. 
07-04 23:02:15.326 30317 30326 I chatty  : uid=10568(com.example.edgesum) FinalizerDaemon identical 7 lines
07-04 23:02:15.326 30317 30326 W System  : A resource failed to call close. 
07-04 23:02:15.329 30317 30317 V NearbyFragment: Transfer to Endpoint{id=hgvm, name=Nexus 5X [34d8]} complete
07-04 23:02:15.383 30317 30317 V NearbyFragment: Transfer to Endpoint{id=hgvm, name=Nexus 5X [34d8]} complete
07-04 23:02:15.384 30317 30329 D SummariserIntentService: Scanned /storage/emulated/0/Movies/summarised
07-04 23:02:15.384 30317 30329 D SummariserIntentService:   -> uri=content://media/external/file/137797
07-04 23:02:15.452 30317 30317 D NearbyFragment: onPayloadReceived(endpointId=hgvm, payload=com.google.android.gms.nearby.connection.Payload@7378248)
07-04 23:02:15.452 30317 30317 V NearbyFragment: Started downloading SUMMARISE_SEGMENT:-6592815352590898144:20200312_150944!001.mp4:45.0_1.0_23_medium from Endpoint{id=hgvm, name=Nexus 5X [34d8]}
07-04 23:02:15.465 30317 30317 V NearbyFragment: Transfer to Endpoint{id=hgvm, name=Nexus 5X [34d8]} complete
07-04 23:02:15.568 30317 30317 D NearbyFragment: onPayloadReceived(endpointId=hgvm, payload=com.google.android.gms.nearby.connection.Payload@80498e1)
07-04 23:02:17.628 30317 30317 V NearbyFragment: Transfer to Endpoint{id=hgvm, name=Nexus 5X [34d8]} complete
07-04 23:02:17.633 30317 30317 W NearbyFragment: Completed downloading 20200312_150944!001.mp4 from Endpoint{id=hgvm, name=Nexus 5X [34d8]} in 02.177s
07-04 23:02:17.651 30317 30317 V FileManager: External storage is readable
07-04 23:02:17.652 30317 30317 V FileManager: Directory already exists: /storage/emulated/0/Movies/segment-sum/20200312_150944
07-04 23:02:17.654 30317 30317 D NearbyFragment: Summarising 20200312_150944!001.mp4
07-04 23:02:17.655 30317 30317 V VideoManager: Retrieving video from /storage/emulated/0/Download/Nearby/20200312_150944!001.mp4
07-04 23:02:17.679 30317 30317 V VideoManager: videoFromCursor
07-04 23:02:17.685 30317 30317 V ProcessingVideosEventHandler: onAdd
07-04 23:02:17.686 30317 30317 V RawFootageEventHandler: onRemove
07-04 23:02:17.695 30317 30317 V NearbyFragment: Transfer to Endpoint{id=hgvm, name=Nexus 5X [34d8]} complete
07-04 23:02:17.714 30317 32088 V SummariserIntentService: onHandleIntent
07-04 23:02:17.715 30317 32088 D SummariserIntentService: Video{id='137842', data='/storage/emulated/0/Download/Nearby/20200312_150944!001.mp4', name='20200312_150944!001.mp4', size=16812180, visible=true, mimeType='video/mp4'}
07-04 23:02:17.715 30317 32088 D SummariserIntentService: /storage/emulated/0/Movies/segment-sum/20200312_150944/20200312_150944!001.mp4
07-04 23:02:17.923 30317 31588 W mobile-ffmpeg: [graph 0 input from stream 0:0 @ 0x7a5881ff40] sws_param option is deprecated and ignored
07-04 23:02:19.907 30317 32088 W Summariser: No activity detected
07-04 23:02:19.907 30317 32088 V FfmpegTools: Retrieving duration of /storage/emulated/0/Download/Nearby/20200312_150944!001.mp4
07-04 23:02:19.949 30317 32088 W Summariser: Summarisation completed
07-04 23:02:19.949 30317 32088 W Summariser:   filename: 20200312_150944!001.mp4
07-04 23:02:19.949 30317 32088 W Summariser:   active sections: 0
07-04 23:02:19.949 30317 32088 W Summariser:   time: 02.190s
07-04 23:02:19.949 30317 32088 W Summariser:   original duration: 16.01
07-04 23:02:19.949 30317 32088 W Summariser:   summarised duration: -1.00
07-04 23:02:19.949 30317 32088 W Summariser:   noise tolerance: 45.00
07-04 23:02:19.949 30317 32088 W Summariser:   quality: 23
07-04 23:02:19.949 30317 32088 W Summariser:   speed: medium
07-04 23:02:19.949 30317 32088 W Summariser:   freeze duration: 1.00
07-04 23:02:19.949 30317 32088 V ProcessingVideosEventHandler: onRemove
07-04 23:02:19.972 30317 30317 V NearbyFragment: Transfer to Endpoint{id=hgvm, name=Nexus 5X [34d8]} complete
07-04 23:02:20.035 30317 31723 D SummariserIntentService: Scanned /storage/emulated/0/Movies/summarised
07-04 23:02:20.035 30317 31723 D SummariserIntentService:   -> uri=content://media/external/file/137797
07-04 23:02:20.228 30317 30317 D NearbyFragment: onPayloadReceived(endpointId=hgvm, payload=com.google.android.gms.nearby.connection.Payload@7459fde)
07-04 23:02:20.229 30317 30317 V NearbyFragment: Started downloading SUMMARISE_SEGMENT:-8941404867069969040:20200312_150944!002.mp4:45.0_1.0_23_medium from Endpoint{id=hgvm, name=Nexus 5X [34d8]}
07-04 23:02:20.231 30317 30317 V NearbyFragment: Transfer to Endpoint{id=hgvm, name=Nexus 5X [34d8]} complete
07-04 23:02:20.260 30317 30317 D NearbyFragment: onPayloadReceived(endpointId=hgvm, payload=com.google.android.gms.nearby.connection.Payload@30ee5bf)
07-04 23:02:22.205 30317 30317 V NearbyFragment: Transfer to Endpoint{id=hgvm, name=Nexus 5X [34d8]} complete
07-04 23:02:22.207 30317 30317 W NearbyFragment: Completed downloading 20200312_150944!002.mp4 from Endpoint{id=hgvm, name=Nexus 5X [34d8]} in 01.976s
07-04 23:02:22.216 30317 30317 V FileManager: External storage is readable
07-04 23:02:22.217 30317 30317 V FileManager: Directory already exists: /storage/emulated/0/Movies/segment-sum/20200312_150944
07-04 23:02:22.218 30317 30317 D NearbyFragment: Summarising 20200312_150944!002.mp4
07-04 23:02:22.219 30317 30317 V VideoManager: Retrieving video from /storage/emulated/0/Download/Nearby/20200312_150944!002.mp4
07-04 23:02:22.238 30317 30317 V VideoManager: videoFromCursor
07-04 23:02:22.243 30317 30317 V ProcessingVideosEventHandler: onAdd
07-04 23:02:22.244 30317 30317 V RawFootageEventHandler: onRemove
07-04 23:02:22.252 30317 30317 V NearbyFragment: Transfer to Endpoint{id=hgvm, name=Nexus 5X [34d8]} complete
07-04 23:02:22.266 30317 32123 V SummariserIntentService: onHandleIntent
07-04 23:02:22.267 30317 32123 D SummariserIntentService: Video{id='137843', data='/storage/emulated/0/Download/Nearby/20200312_150944!002.mp4', name='20200312_150944!002.mp4', size=16854256, visible=true, mimeType='video/mp4'}
07-04 23:02:22.267 30317 32123 D SummariserIntentService: /storage/emulated/0/Movies/segment-sum/20200312_150944/20200312_150944!002.mp4
07-04 23:02:22.403 30317 31588 W mobile-ffmpeg: [graph 0 input from stream 0:0 @ 0x7a5881ff40] sws_param option is deprecated and ignored
07-04 23:02:24.321 30317 32123 W Summariser: No activity detected
07-04 23:02:24.321 30317 32123 V FfmpegTools: Retrieving duration of /storage/emulated/0/Download/Nearby/20200312_150944!002.mp4
07-04 23:02:24.360 30317 32123 W Summariser: Summarisation completed
07-04 23:02:24.360 30317 32123 W Summariser:   filename: 20200312_150944!002.mp4
07-04 23:02:24.360 30317 32123 W Summariser:   active sections: 0
07-04 23:02:24.360 30317 32123 W Summariser:   time: 02.053s
07-04 23:02:24.360 30317 32123 W Summariser:   original duration: 16.01
07-04 23:02:24.360 30317 32123 W Summariser:   summarised duration: -1.00
07-04 23:02:24.360 30317 32123 W Summariser:   noise tolerance: 45.00
07-04 23:02:24.360 30317 32123 W Summariser:   quality: 23
07-04 23:02:24.360 30317 32123 W Summariser:   speed: medium
07-04 23:02:24.360 30317 32123 W Summariser:   freeze duration: 1.00
07-04 23:02:24.361 30317 32123 V ProcessingVideosEventHandler: onRemove
07-04 23:02:24.377 30317 30317 V NearbyFragment: Transfer to Endpoint{id=hgvm, name=Nexus 5X [34d8]} complete
07-04 23:02:24.431 30317 30317 D NearbyFragment: onPayloadReceived(endpointId=hgvm, payload=com.google.android.gms.nearby.connection.Payload@4188924)
07-04 23:02:24.433 30317 30317 V NearbyFragment: Started downloading SUMMARISE_SEGMENT:-8705436906605834038:20200312_150944!003.mp4:45.0_1.0_23_medium from Endpoint{id=hgvm, name=Nexus 5X [34d8]}
07-04 23:02:24.450 30317 31681 D SummariserIntentService: Scanned /storage/emulated/0/Movies/summarised
07-04 23:02:24.450 30317 31681 D SummariserIntentService:   -> uri=content://media/external/file/137797
07-04 23:02:24.454 30317 30317 V NearbyFragment: Transfer to Endpoint{id=hgvm, name=Nexus 5X [34d8]} complete
07-04 23:02:24.499 30317 30317 D NearbyFragment: onPayloadReceived(endpointId=hgvm, payload=com.google.android.gms.nearby.connection.Payload@e138c8d)
07-04 23:02:26.151 30317 30317 V NearbyFragment: Transfer to Endpoint{id=hgvm, name=Nexus 5X [34d8]} complete
07-04 23:02:26.153 30317 30317 W NearbyFragment: Completed downloading 20200312_150944!003.mp4 from Endpoint{id=hgvm, name=Nexus 5X [34d8]} in 01.717s
07-04 23:02:26.161 30317 30317 V FileManager: External storage is readable
07-04 23:02:26.162 30317 30317 V FileManager: Directory already exists: /storage/emulated/0/Movies/segment-sum/20200312_150944
07-04 23:02:26.163 30317 30317 D NearbyFragment: Summarising 20200312_150944!003.mp4
07-04 23:02:26.164 30317 30317 V VideoManager: Retrieving video from /storage/emulated/0/Download/Nearby/20200312_150944!003.mp4
07-04 23:02:26.184 30317 30317 V VideoManager: videoFromCursor
07-04 23:02:26.194 30317 30317 V ProcessingVideosEventHandler: onAdd
07-04 23:02:26.195 30317 30317 V RawFootageEventHandler: onRemove
07-04 23:02:26.203 30317 30317 V NearbyFragment: Transfer to Endpoint{id=hgvm, name=Nexus 5X [34d8]} complete
07-04 23:02:26.216 30317 32183 V SummariserIntentService: onHandleIntent
07-04 23:02:26.217 30317 32183 D SummariserIntentService: Video{id='137844', data='/storage/emulated/0/Download/Nearby/20200312_150944!003.mp4', name='20200312_150944!003.mp4', size=12751346, visible=true, mimeType='video/mp4'}
07-04 23:02:26.218 30317 32183 D SummariserIntentService: /storage/emulated/0/Movies/segment-sum/20200312_150944/20200312_150944!003.mp4
07-04 23:02:26.349 30317 31588 W mobile-ffmpeg: [graph 0 input from stream 0:0 @ 0x7a5881ff40] sws_param option is deprecated and ignored
07-04 23:02:27.769 30317 32183 W Summariser: No activity detected
07-04 23:02:27.769 30317 32183 V FfmpegTools: Retrieving duration of /storage/emulated/0/Download/Nearby/20200312_150944!003.mp4
07-04 23:02:27.798 30317 32183 W Summariser: Summarisation completed
07-04 23:02:27.798 30317 32183 W Summariser:   filename: 20200312_150944!003.mp4
07-04 23:02:27.798 30317 32183 W Summariser:   active sections: 0
07-04 23:02:27.798 30317 32183 W Summariser:   time: 01.550s
07-04 23:02:27.798 30317 32183 W Summariser:   original duration: 12.01
07-04 23:02:27.798 30317 32183 W Summariser:   summarised duration: -1.00
07-04 23:02:27.798 30317 32183 W Summariser:   noise tolerance: 45.00
07-04 23:02:27.798 30317 32183 W Summariser:   quality: 23
07-04 23:02:27.798 30317 32183 W Summariser:   speed: medium
07-04 23:02:27.798 30317 32183 W Summariser:   freeze duration: 1.00
07-04 23:02:27.798 30317 32183 V ProcessingVideosEventHandler: onRemove
07-04 23:02:27.810 30317 30317 V NearbyFragment: Transfer to Endpoint{id=hgvm, name=Nexus 5X [34d8]} complete
07-04 23:02:27.883 30317 31723 D SummariserIntentService: Scanned /storage/emulated/0/Movies/summarised
07-04 23:02:27.883 30317 31723 D SummariserIntentService:   -> uri=content://media/external/file/137797
07-04 23:02:27.956 30317 30317 D NearbyFragment: onPayloadReceived(endpointId=hgvm, payload=com.google.android.gms.nearby.connection.Payload@47139a)
07-04 23:02:27.958 30317 30317 V NearbyFragment: Started downloading SUMMARISE_SEGMENT:-5227605242024284698:20200312_151044!000.mp4:45.0_1.0_23_medium from Endpoint{id=hgvm, name=Nexus 5X [34d8]}
07-04 23:02:27.965 30317 30317 V NearbyFragment: Transfer to Endpoint{id=hgvm, name=Nexus 5X [34d8]} complete
07-04 23:02:27.988 30317 30317 D NearbyFragment: onPayloadReceived(endpointId=hgvm, payload=com.google.android.gms.nearby.connection.Payload@95874cb)
07-04 23:02:34.623 30317 30317 V NearbyFragment: Transfer to Endpoint{id=hgvm, name=Nexus 5X [34d8]} complete
07-04 23:02:34.625 30317 30317 W NearbyFragment: Completed downloading 20200312_151044!000.mp4 from Endpoint{id=hgvm, name=Nexus 5X [34d8]} in 06.665s
07-04 23:02:34.637 30317 30317 V FileManager: External storage is readable
07-04 23:02:34.641 30317 30317 V FileManager: Created new directory: /storage/emulated/0/Movies/segment-sum/20200312_151044
07-04 23:02:34.643 30317 30317 D NearbyFragment: Summarising 20200312_151044!000.mp4
07-04 23:02:34.643 30317 30317 V VideoManager: Retrieving video from /storage/emulated/0/Download/Nearby/20200312_151044!000.mp4
07-04 23:02:34.669 30317 30317 V VideoManager: videoFromCursor
07-04 23:02:34.676 30317 30317 V ProcessingVideosEventHandler: onAdd
07-04 23:02:34.678 30317 30317 V RawFootageEventHandler: onRemove
07-04 23:02:34.691 30317 30317 V NearbyFragment: Transfer to Endpoint{id=hgvm, name=Nexus 5X [34d8]} complete
07-04 23:02:34.712 30317 32216 V SummariserIntentService: onHandleIntent
07-04 23:02:34.714 30317 32216 D SummariserIntentService: Video{id='137845', data='/storage/emulated/0/Download/Nearby/20200312_151044!000.mp4', name='20200312_151044!000.mp4', size=16831892, visible=true, mimeType='video/mp4'}
07-04 23:02:34.714 30317 32216 D SummariserIntentService: /storage/emulated/0/Movies/segment-sum/20200312_151044/20200312_151044!000.mp4
07-04 23:02:34.844 30317 31588 W mobile-ffmpeg: [graph 0 input from stream 0:0 @ 0x7a5881ff40] sws_param option is deprecated and ignored
07-04 23:02:36.705 30317 32216 W Summariser: No activity detected
07-04 23:02:36.705 30317 32216 V FfmpegTools: Retrieving duration of /storage/emulated/0/Download/Nearby/20200312_151044!000.mp4
07-04 23:02:36.734 30317 32216 W Summariser: Summarisation completed
07-04 23:02:36.734 30317 32216 W Summariser:   filename: 20200312_151044!000.mp4
07-04 23:02:36.734 30317 32216 W Summariser:   active sections: 0
07-04 23:02:36.734 30317 32216 W Summariser:   time: 01.990s
07-04 23:02:36.734 30317 32216 W Summariser:   original duration: 16.07
07-04 23:02:36.734 30317 32216 W Summariser:   summarised duration: -1.00
07-04 23:02:36.734 30317 32216 W Summariser:   noise tolerance: 45.00
07-04 23:02:36.734 30317 32216 W Summariser:   quality: 23
07-04 23:02:36.734 30317 32216 W Summariser:   speed: medium
07-04 23:02:36.734 30317 32216 W Summariser:   freeze duration: 1.00
07-04 23:02:36.734 30317 32216 V ProcessingVideosEventHandler: onRemove
07-04 23:02:36.748 30317 30317 V NearbyFragment: Transfer to Endpoint{id=hgvm, name=Nexus 5X [34d8]} complete
07-04 23:02:36.798 30317 30317 D NearbyFragment: onPayloadReceived(endpointId=hgvm, payload=com.google.android.gms.nearby.connection.Payload@aee80c0)
07-04 23:02:36.799 30317 30317 V NearbyFragment: Started downloading SUMMARISE_SEGMENT:-4773512994764091861:20200312_151044!002.mp4:45.0_1.0_23_medium from Endpoint{id=hgvm, name=Nexus 5X [34d8]}
07-04 23:02:36.818 30317 31681 D SummariserIntentService: Scanned /storage/emulated/0/Movies/summarised
07-04 23:02:36.818 30317 31681 D SummariserIntentService:   -> uri=content://media/external/file/137797
07-04 23:02:36.994 30317 30317 D NearbyFragment: onPayloadReceived(endpointId=hgvm, payload=com.google.android.gms.nearby.connection.Payload@74781f9)
07-04 23:02:36.999 30317 30317 V NearbyFragment: Transfer to Endpoint{id=hgvm, name=Nexus 5X [34d8]} complete
07-04 23:02:39.199 30317 30317 V NearbyFragment: Transfer to Endpoint{id=hgvm, name=Nexus 5X [34d8]} complete
07-04 23:02:39.201 30317 30317 W NearbyFragment: Completed downloading 20200312_151044!002.mp4 from Endpoint{id=hgvm, name=Nexus 5X [34d8]} in 02.399s
07-04 23:02:39.211 30317 30317 V FileManager: External storage is readable
07-04 23:02:39.212 30317 30317 V FileManager: Directory already exists: /storage/emulated/0/Movies/segment-sum/20200312_151044
07-04 23:02:39.214 30317 30317 D NearbyFragment: Summarising 20200312_151044!002.mp4
07-04 23:02:39.214 30317 30317 V VideoManager: Retrieving video from /storage/emulated/0/Download/Nearby/20200312_151044!002.mp4
07-04 23:02:39.239 30317 30317 V VideoManager: videoFromCursor
07-04 23:02:39.244 30317 30317 V ProcessingVideosEventHandler: onAdd
07-04 23:02:39.245 30317 30317 V RawFootageEventHandler: onRemove
07-04 23:02:39.255 30317 30317 V NearbyFragment: Transfer to Endpoint{id=hgvm, name=Nexus 5X [34d8]} complete
07-04 23:02:39.272 30317 32263 V SummariserIntentService: onHandleIntent
07-04 23:02:39.274 30317 32263 D SummariserIntentService: Video{id='137847', data='/storage/emulated/0/Download/Nearby/20200312_151044!002.mp4', name='20200312_151044!002.mp4', size=16939075, visible=true, mimeType='video/mp4'}
07-04 23:02:39.274 30317 32263 D SummariserIntentService: /storage/emulated/0/Movies/segment-sum/20200312_151044/20200312_151044!002.mp4
07-04 23:02:39.431 30317 31588 W mobile-ffmpeg: [graph 0 input from stream 0:0 @ 0x7a5881ff40] sws_param option is deprecated and ignored
07-04 23:02:41.363 30317 32263 W Summariser: No activity detected
07-04 23:02:41.363 30317 32263 V FfmpegTools: Retrieving duration of /storage/emulated/0/Download/Nearby/20200312_151044!002.mp4
07-04 23:02:41.403 30317 32263 W Summariser: Summarisation completed
07-04 23:02:41.403 30317 32263 W Summariser:   filename: 20200312_151044!002.mp4
07-04 23:02:41.403 30317 32263 W Summariser:   active sections: 0
07-04 23:02:41.403 30317 32263 W Summariser:   time: 02.088s
07-04 23:02:41.403 30317 32263 W Summariser:   original duration: 16.01
07-04 23:02:41.403 30317 32263 W Summariser:   summarised duration: -1.00
07-04 23:02:41.403 30317 32263 W Summariser:   noise tolerance: 45.00
07-04 23:02:41.403 30317 32263 W Summariser:   quality: 23
07-04 23:02:41.403 30317 32263 W Summariser:   speed: medium
07-04 23:02:41.403 30317 32263 W Summariser:   freeze duration: 1.00
07-04 23:02:41.403 30317 32263 V ProcessingVideosEventHandler: onRemove
07-04 23:02:41.419 30317 30317 V NearbyFragment: Transfer to Endpoint{id=hgvm, name=Nexus 5X [34d8]} complete
07-04 23:02:41.451 30317 30317 D NearbyFragment: onPayloadReceived(endpointId=hgvm, payload=com.google.android.gms.nearby.connection.Payload@2c3de16)
07-04 23:02:41.452 30317 30317 V NearbyFragment: Started downloading SUMMARISE_SEGMENT:-6435670695822429658:20200312_151044!003.mp4:45.0_1.0_23_medium from Endpoint{id=hgvm, name=Nexus 5X [34d8]}
07-04 23:02:41.468 30317 31723 D SummariserIntentService: Scanned /storage/emulated/0/Movies/summarised
07-04 23:02:41.468 30317 31723 D SummariserIntentService:   -> uri=content://media/external/file/137797
07-04 23:02:41.475 30317 30317 V NearbyFragment: Transfer to Endpoint{id=hgvm, name=Nexus 5X [34d8]} complete
07-04 23:02:41.531 30317 30317 D NearbyFragment: onPayloadReceived(endpointId=hgvm, payload=com.google.android.gms.nearby.connection.Payload@6147397)
07-04 23:02:43.544 30317 30317 V NearbyFragment: Transfer to Endpoint{id=hgvm, name=Nexus 5X [34d8]} complete
07-04 23:02:43.547 30317 30317 W NearbyFragment: Completed downloading 20200312_151044!003.mp4 from Endpoint{id=hgvm, name=Nexus 5X [34d8]} in 02.092s
07-04 23:02:43.563 30317 30317 V FileManager: External storage is readable
07-04 23:02:43.564 30317 30317 V FileManager: Directory already exists: /storage/emulated/0/Movies/segment-sum/20200312_151044
07-04 23:02:43.565 30317 30317 D NearbyFragment: Summarising 20200312_151044!003.mp4
07-04 23:02:43.566 30317 30317 V VideoManager: Retrieving video from /storage/emulated/0/Download/Nearby/20200312_151044!003.mp4
07-04 23:02:43.590 30317 30317 V VideoManager: videoFromCursor
07-04 23:02:43.596 30317 30317 V ProcessingVideosEventHandler: onAdd
07-04 23:02:43.597 30317 30317 V RawFootageEventHandler: onRemove
07-04 23:02:43.608 30317 30317 V NearbyFragment: Transfer to Endpoint{id=hgvm, name=Nexus 5X [34d8]} complete
07-04 23:02:43.624 30317 32292 V SummariserIntentService: onHandleIntent
07-04 23:02:43.626 30317 32292 D SummariserIntentService: Video{id='137848', data='/storage/emulated/0/Download/Nearby/20200312_151044!003.mp4', name='20200312_151044!003.mp4', size=12683996, visible=true, mimeType='video/mp4'}
07-04 23:02:43.626 30317 32292 D SummariserIntentService: /storage/emulated/0/Movies/segment-sum/20200312_151044/20200312_151044!003.mp4
07-04 23:02:43.758 30317 31588 W mobile-ffmpeg: [graph 0 input from stream 0:0 @ 0x7a5881ff40] sws_param option is deprecated and ignored
07-04 23:02:45.284 30317 32292 W Summariser: No activity detected
07-04 23:02:45.284 30317 32292 V FfmpegTools: Retrieving duration of /storage/emulated/0/Download/Nearby/20200312_151044!003.mp4
07-04 23:02:45.312 30317 32292 W Summariser: Summarisation completed
07-04 23:02:45.312 30317 32292 W Summariser:   filename: 20200312_151044!003.mp4
07-04 23:02:45.312 30317 32292 W Summariser:   active sections: 0
07-04 23:02:45.312 30317 32292 W Summariser:   time: 01.657s
07-04 23:02:45.312 30317 32292 W Summariser:   original duration: 12.03
07-04 23:02:45.312 30317 32292 W Summariser:   summarised duration: -1.00
07-04 23:02:45.312 30317 32292 W Summariser:   noise tolerance: 45.00
07-04 23:02:45.312 30317 32292 W Summariser:   quality: 23
07-04 23:02:45.312 30317 32292 W Summariser:   speed: medium
07-04 23:02:45.312 30317 32292 W Summariser:   freeze duration: 1.00
07-04 23:02:45.313 30317 32292 V ProcessingVideosEventHandler: onRemove
07-04 23:02:45.326 30317 30317 V NearbyFragment: Transfer to Endpoint{id=hgvm, name=Nexus 5X [34d8]} complete
07-04 23:02:45.388 30317 31681 D SummariserIntentService: Scanned /storage/emulated/0/Movies/summarised
07-04 23:02:45.388 30317 31681 D SummariserIntentService:   -> uri=content://media/external/file/137797
07-04 23:02:54.233 30317 30317 D NearbyFragment: onPayloadReceived(endpointId=hgvm, payload=com.google.android.gms.nearby.connection.Payload@ba0651c)
07-04 23:02:54.236 30317 30317 V NearbyFragment: Started downloading SUMMARISE_SEGMENT:-5410750852897553498:20200312_193528!000.mp4:45.0_1.0_23_medium from Endpoint{id=hgvm, name=Nexus 5X [34d8]}
07-04 23:02:54.245 30317 30317 V NearbyFragment: Transfer to Endpoint{id=hgvm, name=Nexus 5X [34d8]} complete
07-04 23:02:54.264 30317 30317 D NearbyFragment: onPayloadReceived(endpointId=hgvm, payload=com.google.android.gms.nearby.connection.Payload@1c1c525)
07-04 23:02:56.300 30317 30317 V NearbyFragment: Transfer to Endpoint{id=hgvm, name=Nexus 5X [34d8]} complete
07-04 23:02:56.302 30317 30317 W NearbyFragment: Completed downloading 20200312_193528!000.mp4 from Endpoint{id=hgvm, name=Nexus 5X [34d8]} in 02.064s
07-04 23:02:56.311 30317 30317 V FileManager: External storage is readable
07-04 23:02:56.314 30317 30317 V FileManager: Created new directory: /storage/emulated/0/Movies/segment-sum/20200312_193528
07-04 23:02:56.315 30317 30317 D NearbyFragment: Summarising 20200312_193528!000.mp4
07-04 23:02:56.316 30317 30317 V VideoManager: Retrieving video from /storage/emulated/0/Download/Nearby/20200312_193528!000.mp4
07-04 23:02:56.333 30317 30317 V VideoManager: videoFromCursor
07-04 23:02:56.338 30317 30317 V ProcessingVideosEventHandler: onAdd
07-04 23:02:56.338 30317 30317 V RawFootageEventHandler: onRemove
07-04 23:02:56.348 30317 30317 V NearbyFragment: Transfer to Endpoint{id=hgvm, name=Nexus 5X [34d8]} complete
07-04 23:02:56.361 30317 32326 V SummariserIntentService: onHandleIntent
07-04 23:02:56.363 30317 32326 D SummariserIntentService: Video{id='137849', data='/storage/emulated/0/Download/Nearby/20200312_193528!000.mp4', name='20200312_193528!000.mp4', size=16832420, visible=true, mimeType='video/mp4'}
07-04 23:02:56.363 30317 32326 D SummariserIntentService: /storage/emulated/0/Movies/segment-sum/20200312_193528/20200312_193528!000.mp4
07-04 23:02:56.486 30317 31588 W mobile-ffmpeg: [graph 0 input from stream 0:0 @ 0x7a5881ff40] sws_param option is deprecated and ignored
07-04 23:02:58.285 30317 32326 W Summariser: No activity detected
07-04 23:02:58.286 30317 32326 V FfmpegTools: Retrieving duration of /storage/emulated/0/Download/Nearby/20200312_193528!000.mp4
07-04 23:02:58.313 30317 32326 W Summariser: Summarisation completed
07-04 23:02:58.313 30317 32326 W Summariser:   filename: 20200312_193528!000.mp4
07-04 23:02:58.313 30317 32326 W Summariser:   active sections: 0
07-04 23:02:58.313 30317 32326 W Summariser:   time: 01.922s
07-04 23:02:58.313 30317 32326 W Summariser:   original duration: 16.06
07-04 23:02:58.313 30317 32326 W Summariser:   summarised duration: -1.00
07-04 23:02:58.313 30317 32326 W Summariser:   noise tolerance: 45.00
07-04 23:02:58.313 30317 32326 W Summariser:   quality: 23
07-04 23:02:58.313 30317 32326 W Summariser:   speed: medium
07-04 23:02:58.313 30317 32326 W Summariser:   freeze duration: 1.00
07-04 23:02:58.314 30317 32326 V ProcessingVideosEventHandler: onRemove
07-04 23:02:58.346 30317 30317 V NearbyFragment: Transfer to Endpoint{id=hgvm, name=Nexus 5X [34d8]} complete
07-04 23:02:58.373 30317 30317 D NearbyFragment: onPayloadReceived(endpointId=hgvm, payload=com.google.android.gms.nearby.connection.Payload@1e0db52)
07-04 23:02:58.375 30317 30317 V NearbyFragment: Started downloading SUMMARISE_SEGMENT:-7308721183847931497:20200312_193528!001.mp4:45.0_1.0_23_medium from Endpoint{id=hgvm, name=Nexus 5X [34d8]}
07-04 23:02:58.407 30317 30317 D NearbyFragment: onPayloadReceived(endpointId=hgvm, payload=com.google.android.gms.nearby.connection.Payload@2fc8e23)
07-04 23:02:58.409 30317 30317 V NearbyFragment: Transfer to Endpoint{id=hgvm, name=Nexus 5X [34d8]} complete
07-04 23:02:58.434 30317 30329 D SummariserIntentService: Scanned /storage/emulated/0/Movies/summarised
07-04 23:02:58.434 30317 30329 D SummariserIntentService:   -> uri=content://media/external/file/137797
07-04 23:03:00.628 30317 30317 V NearbyFragment: Transfer to Endpoint{id=hgvm, name=Nexus 5X [34d8]} complete
07-04 23:03:00.630 30317 30317 W NearbyFragment: Completed downloading 20200312_193528!001.mp4 from Endpoint{id=hgvm, name=Nexus 5X [34d8]} in 02.253s
07-04 23:03:00.640 30317 30317 V FileManager: External storage is readable
07-04 23:03:00.640 30317 30317 V FileManager: Directory already exists: /storage/emulated/0/Movies/segment-sum/20200312_193528
07-04 23:03:00.642 30317 30317 D NearbyFragment: Summarising 20200312_193528!001.mp4
07-04 23:03:00.642 30317 30317 V VideoManager: Retrieving video from /storage/emulated/0/Download/Nearby/20200312_193528!001.mp4
07-04 23:03:00.665 30317 30317 V VideoManager: videoFromCursor
07-04 23:03:00.671 30317 30317 V ProcessingVideosEventHandler: onAdd
07-04 23:03:00.672 30317 30317 V RawFootageEventHandler: onRemove
07-04 23:03:00.680 30317 30317 V NearbyFragment: Transfer to Endpoint{id=hgvm, name=Nexus 5X [34d8]} complete
07-04 23:03:00.693 30317 32362 V SummariserIntentService: onHandleIntent
07-04 23:03:00.694 30317 32362 D SummariserIntentService: Video{id='137850', data='/storage/emulated/0/Download/Nearby/20200312_193528!001.mp4', name='20200312_193528!001.mp4', size=16834944, visible=true, mimeType='video/mp4'}
07-04 23:03:00.694 30317 32362 D SummariserIntentService: /storage/emulated/0/Movies/segment-sum/20200312_193528/20200312_193528!001.mp4
07-04 23:03:00.809 30317 31588 W mobile-ffmpeg: [graph 0 input from stream 0:0 @ 0x7a5881ff40] sws_param option is deprecated and ignored
07-04 23:03:02.711 30317 32362 W Summariser: No activity detected
07-04 23:03:02.712 30317 32362 V FfmpegTools: Retrieving duration of /storage/emulated/0/Download/Nearby/20200312_193528!001.mp4
07-04 23:03:02.737 30317 32362 W Summariser: Summarisation completed
07-04 23:03:02.737 30317 32362 W Summariser:   filename: 20200312_193528!001.mp4
07-04 23:03:02.737 30317 32362 W Summariser:   active sections: 0
07-04 23:03:02.737 30317 32362 W Summariser:   time: 02.017s
07-04 23:03:02.737 30317 32362 W Summariser:   original duration: 16.01
07-04 23:03:02.737 30317 32362 W Summariser:   summarised duration: -1.00
07-04 23:03:02.737 30317 32362 W Summariser:   noise tolerance: 45.00
07-04 23:03:02.737 30317 32362 W Summariser:   quality: 23
07-04 23:03:02.737 30317 32362 W Summariser:   speed: medium
07-04 23:03:02.737 30317 32362 W Summariser:   freeze duration: 1.00
07-04 23:03:02.738 30317 32362 V ProcessingVideosEventHandler: onRemove
07-04 23:03:02.753 30317 30317 V NearbyFragment: Transfer to Endpoint{id=hgvm, name=Nexus 5X [34d8]} complete
07-04 23:03:02.801 30317 30331 D SummariserIntentService: Scanned /storage/emulated/0/Movies/summarised
07-04 23:03:02.801 30317 30331 D SummariserIntentService:   -> uri=content://media/external/file/137797
07-04 23:03:02.955 30317 30317 D NearbyFragment: onPayloadReceived(endpointId=hgvm, payload=com.google.android.gms.nearby.connection.Payload@f076211)
07-04 23:03:02.957 30317 30317 D NearbyFragment: onPayloadReceived(endpointId=hgvm, payload=com.google.android.gms.nearby.connection.Payload@2c1f76)
07-04 23:03:02.958 30317 30317 V NearbyFragment: Started downloading SUMMARISE_SEGMENT:-6333732859915317752:20200312_193528!002.mp4:45.0_1.0_23_medium from Endpoint{id=hgvm, name=Nexus 5X [34d8]}
07-04 23:03:02.980 30317 30317 V NearbyFragment: Transfer to Endpoint{id=hgvm, name=Nexus 5X [34d8]} complete
07-04 23:03:05.114 30317 30317 V NearbyFragment: Transfer to Endpoint{id=hgvm, name=Nexus 5X [34d8]} complete
07-04 23:03:05.116 30317 30317 W NearbyFragment: Completed downloading 20200312_193528!002.mp4 from Endpoint{id=hgvm, name=Nexus 5X [34d8]} in 02.155s
07-04 23:03:05.130 30317 30317 V FileManager: External storage is readable
07-04 23:03:05.131 30317 30317 V FileManager: Directory already exists: /storage/emulated/0/Movies/segment-sum/20200312_193528
07-04 23:03:05.132 30317 30317 D NearbyFragment: Summarising 20200312_193528!002.mp4
07-04 23:03:05.133 30317 30317 V VideoManager: Retrieving video from /storage/emulated/0/Download/Nearby/20200312_193528!002.mp4
07-04 23:03:05.157 30317 30317 V VideoManager: videoFromCursor
07-04 23:03:05.164 30317 30317 V ProcessingVideosEventHandler: onAdd
07-04 23:03:05.165 30317 30317 V RawFootageEventHandler: onRemove
07-04 23:03:05.175 30317 30317 V NearbyFragment: Transfer to Endpoint{id=hgvm, name=Nexus 5X [34d8]} complete
07-04 23:03:05.194 30317 32389 V SummariserIntentService: onHandleIntent
07-04 23:03:05.195 30317 32389 D SummariserIntentService: Video{id='137851', data='/storage/emulated/0/Download/Nearby/20200312_193528!002.mp4', name='20200312_193528!002.mp4', size=16948481, visible=true, mimeType='video/mp4'}
07-04 23:03:05.196 30317 32389 D SummariserIntentService: /storage/emulated/0/Movies/segment-sum/20200312_193528/20200312_193528!002.mp4
07-04 23:03:05.327 30317 31588 W mobile-ffmpeg: [graph 0 input from stream 0:0 @ 0x7a5881ff40] sws_param option is deprecated and ignored
07-04 23:03:07.318 30317 32389 W Summariser: No activity detected
07-04 23:03:07.319 30317 32389 V FfmpegTools: Retrieving duration of /storage/emulated/0/Download/Nearby/20200312_193528!002.mp4
07-04 23:03:07.346 30317 32389 W Summariser: Summarisation completed
07-04 23:03:07.346 30317 32389 W Summariser:   filename: 20200312_193528!002.mp4
07-04 23:03:07.346 30317 32389 W Summariser:   active sections: 0
07-04 23:03:07.346 30317 32389 W Summariser:   time: 02.122s
07-04 23:03:07.346 30317 32389 W Summariser:   original duration: 16.06
07-04 23:03:07.346 30317 32389 W Summariser:   summarised duration: -1.00
07-04 23:03:07.346 30317 32389 W Summariser:   noise tolerance: 45.00
07-04 23:03:07.346 30317 32389 W Summariser:   quality: 23
07-04 23:03:07.346 30317 32389 W Summariser:   speed: medium
07-04 23:03:07.346 30317 32389 W Summariser:   freeze duration: 1.00
07-04 23:03:07.346 30317 32389 V ProcessingVideosEventHandler: onRemove
07-04 23:03:07.359 30317 30317 V NearbyFragment: Transfer to Endpoint{id=hgvm, name=Nexus 5X [34d8]} complete
07-04 23:03:07.408 30317 30331 D SummariserIntentService: Scanned /storage/emulated/0/Movies/summarised
07-04 23:03:07.408 30317 30331 D SummariserIntentService:   -> uri=content://media/external/file/137797
07-04 23:03:07.505 30317 30317 D NearbyFragment: onPayloadReceived(endpointId=hgvm, payload=com.google.android.gms.nearby.connection.Payload@aac306f)
07-04 23:03:07.506 30317 30317 V NearbyFragment: Started downloading SUMMARISE_SEGMENT:-7376668084892494302:20200312_193528!003.mp4:45.0_1.0_23_medium from Endpoint{id=hgvm, name=Nexus 5X [34d8]}
07-04 23:03:07.520 30317 30317 D NearbyFragment: onPayloadReceived(endpointId=hgvm, payload=com.google.android.gms.nearby.connection.Payload@6eca17c)
07-04 23:03:07.520 30317 30317 V NearbyFragment: Transfer to Endpoint{id=hgvm, name=Nexus 5X [34d8]} complete
07-04 23:03:09.097 30317 30317 V NearbyFragment: Transfer to Endpoint{id=hgvm, name=Nexus 5X [34d8]} complete
07-04 23:03:09.097 30317 30317 W NearbyFragment: Completed downloading 20200312_193528!003.mp4 from Endpoint{id=hgvm, name=Nexus 5X [34d8]} in 01.591s
07-04 23:03:09.104 30317 30317 V FileManager: External storage is readable
07-04 23:03:09.105 30317 30317 V FileManager: Directory already exists: /storage/emulated/0/Movies/segment-sum/20200312_193528
07-04 23:03:09.106 30317 30317 D NearbyFragment: Summarising 20200312_193528!003.mp4
