--------- beginning of main
07-04 22:59:06.295 30317 30317 E Zygote  : isWhitelistProcess - Process is Whitelisted
07-04 22:59:06.298 30317 30317 E Zygote  : accessInfo : 1
07-04 22:59:06.311 30317 30317 I example.edgesu: Late-enabling -Xcheck:jni
--------- beginning of system
07-04 22:59:07.733 30317 30317 I ActivityThread: handleStopService: token=android.os.BinderProxy@97bd2c4 not found.
07-04 22:59:07.743 30317 30317 I TransferService: Starting Transfer Service to listen for network connectivity changes.
07-04 22:59:07.749 30317 30317 W LogFactory: Truncating log tag length as it exceed 23, the limit imposed by Android on certain API Levels
07-04 22:59:07.843 30317 30317 I TransferService: Registering the network receiver
07-04 22:59:07.848 30317 30317 I TransferService: Moving the service out of the Foreground state.
07-04 22:59:07.850 30317 30317 I TransferService: De-registering the network receiver.
07-04 22:59:14.975 30317 30317 W ActivityThread: handleWindowVisibility: no activity for token android.os.BinderProxy@b65dd65
07-04 22:59:14.985 30317 30336 D vndksupport: Loading /vendor/lib64/egl/libGLES_mali.so from current namespace instead of sphal namespace.
07-04 22:59:15.008 30317 30336 D libEGL  : loaded /vendor/lib64/egl/libGLES_mali.so
07-04 22:59:15.061 30317 30317 W example.edgesu: Accessing hidden method Landroid/graphics/drawable/Drawable;->getOpticalInsets()Landroid/graphics/Insets; (light greylist, linking)
07-04 22:59:15.061 30317 30317 W example.edgesu: Accessing hidden field Landroid/graphics/Insets;->left:I (light greylist, linking)
07-04 22:59:15.061 30317 30317 W example.edgesu: Accessing hidden field Landroid/graphics/Insets;->right:I (light greylist, linking)
07-04 22:59:15.061 30317 30317 W example.edgesu: Accessing hidden field Landroid/graphics/Insets;->top:I (light greylist, linking)
07-04 22:59:15.061 30317 30317 W example.edgesu: Accessing hidden field Landroid/graphics/Insets;->bottom:I (light greylist, linking)
07-04 22:59:15.080 30317 30317 I DecorView: createDecorCaptionView >> DecorView@82c9de[], isFloating: false, isApplication: true, hasWindowDecorCaption: false, hasWindowControllerCallback: true
07-04 22:59:15.109 30317 30317 W example.edgesu: Accessing hidden method Landroid/view/View;->computeFitSystemWindows(Landroid/graphics/Rect;Landroid/graphics/Rect;)Z (light greylist, reflection)
07-04 22:59:15.110 30317 30317 W example.edgesu: Accessing hidden method Landroid/view/ViewGroup;->makeOptionalFitsSystemWindows()V (light greylist, reflection)
07-04 22:59:15.214 30317 30317 W example.edgesu: Accessing hidden method Landroid/widget/TextView;->getTextDirectionHeuristic()Landroid/text/TextDirectionHeuristic; (light greylist, linking)
07-04 22:59:15.223 30317 30317 W example.edgesu: Accessing hidden field Landroid/view/View;->mAccessibilityDelegate:Landroid/view/View$AccessibilityDelegate; (light greylist, reflection)
07-04 22:59:15.287 30317 30317 V Repo    : /storage/emulated/0/Movies/raw
07-04 22:59:15.287 30317 30317 V Repo    : /storage/emulated/0/Movies/summarised
07-04 22:59:15.316 30317 30317 V FileManager: External storage is readable
07-04 22:59:15.317 30317 30317 V FileManager: Created new directory: /storage/emulated/0/Movies/raw
07-04 22:59:15.319 30317 30317 V FileManager: External storage is readable
07-04 22:59:15.320 30317 30317 V FileManager: Created new directory: /storage/emulated/0/Movies/summarised
07-04 22:59:15.320 30317 30317 V FileManager: External storage is readable
07-04 22:59:15.322 30317 30317 V FileManager: Created new directory: /storage/emulated/0/Download/nearby
07-04 22:59:15.323 30317 30317 V FileManager: External storage is readable
07-04 22:59:15.324 30317 30317 V FileManager: Created new directory: /storage/emulated/0/Movies/segment
07-04 22:59:15.325 30317 30317 V FileManager: External storage is readable
07-04 22:59:15.325 30317 30317 V FileManager: Created new directory: /storage/emulated/0/Movies/segment-sum
07-04 22:59:15.459 30317 30317 V VideoManager: getAllVideoFromExternalStorageFolder
07-04 22:59:15.461 30317 30317 D VideoManager: /storage/emulated/0/Movies/summarised
07-04 22:59:15.468 30317 30317 D VideoManager: 0 videos return
07-04 22:59:15.497 30317 30317 V VideoManager: getAllVideoFromExternalStorageFolder
07-04 22:59:15.499 30317 30317 D VideoManager: /storage/emulated/0/Movies/raw
07-04 22:59:15.504 30317 30317 D VideoManager: 0 videos return
07-04 22:59:15.527 30317 30317 D OpenGLRenderer: Skia GL Pipeline
07-04 22:59:15.530 30317 30317 D EmergencyMode: [EmergencyManager] android createPackageContext successful
07-04 22:59:15.543 30317 30317 D InputTransport: Input channel constructed: fd=64
07-04 22:59:15.544 30317 30317 D ViewRootImpl@11db412[MainActivity]: setView = DecorView@82c9de[MainActivity] TM=true MM=false
07-04 22:59:15.549 30317 30317 I TransferService: Starting Transfer Service to listen for network connectivity changes.
07-04 22:59:15.549 30317 30317 I TransferService: Registering the network receiver
07-04 22:59:15.550 30317 30317 E TransferService: No notification is passed in the intent. Unable to transition to foreground.
07-04 22:59:15.571 30317 30329 D MainActivity: Scanned /storage/emulated/0/Movies/raw
07-04 22:59:15.571 30317 30329 D MainActivity:   -> uri=content://media/external/file/137796
07-04 22:59:15.584 30317 30317 D ViewRootImpl@11db412[MainActivity]: dispatchAttachedToWindow
07-04 22:59:15.595 30317 30329 D MainActivity: Scanned /storage/emulated/0/Movies/summarised
07-04 22:59:15.595 30317 30329 D MainActivity:   -> uri=content://media/external/file/137797
07-04 22:59:15.599 30317 30317 W StaticLayout: maxLineHeight should not be -1.  maxLines:1 lineCount:1
07-04 22:59:15.608 30317 30317 I chatty  : uid=10568(com.example.edgesum) identical 1 line
07-04 22:59:15.612 30317 30317 W StaticLayout: maxLineHeight should not be -1.  maxLines:1 lineCount:1
07-04 22:59:15.616 30317 30317 W StaticLayout: maxLineHeight should not be -1.  maxLines:1 lineCount:1
07-04 22:59:15.626 30317 30317 D ViewRootImpl@11db412[MainActivity]: Relayout returned: old=[0,0][720,1480] new=[0,0][720,1480] result=0x7 surface={valid=true 525889228800} changed=true
07-04 22:59:15.634 30317 30317 W StaticLayout: maxLineHeight should not be -1.  maxLines:1 lineCount:1
07-04 22:59:15.635 30317 30341 I ConfigStore: android::hardware::configstore::V1_0::ISurfaceFlingerConfigs::hasWideColorDisplay retrieved: 0
07-04 22:59:15.635 30317 30341 I ConfigStore: android::hardware::configstore::V1_0::ISurfaceFlingerConfigs::hasHDRDisplay retrieved: 0
07-04 22:59:15.635 30317 30341 I OpenGLRenderer: Initialized EGL, version 1.4
07-04 22:59:15.635 30317 30341 D OpenGLRenderer: Swap behavior 2
07-04 22:59:15.641 30317 30317 W StaticLayout: maxLineHeight should not be -1.  maxLines:1 lineCount:1
07-04 22:59:15.644 30317 30341 D mali_winsys: EGLint new_window_surface(egl_winsys_display *, void *, EGLSurface, EGLConfig, egl_winsys_surface **, EGLBoolean) returns 0x3000
07-04 22:59:15.645 30317 30341 D OpenGLRenderer: eglCreateWindowSurface = 0x7a58fc2880, 0x7a7170d010
07-04 22:59:15.650 30317 30317 I TransferNetworkLossHand: Network connectivity changed detected.
07-04 22:59:15.650 30317 30317 I TransferNetworkLossHand: Network connected: false
07-04 22:59:15.723 30317 30341 D vndksupport: Loading /vendor/lib64/hw/android.hardware.graphics.mapper@2.0-impl.so from current namespace instead of sphal namespace.
07-04 22:59:15.742 30317 30317 D ViewRootImpl@11db412[MainActivity]: MSG_RESIZED: frame=Rect(0, 0 - 720, 1480) ci=Rect(0, 48 - 0, 96) vi=Rect(0, 48 - 0, 96) or=1
07-04 22:59:15.743 30317 30317 D ViewRootImpl@11db412[MainActivity]: setWindowStopped(false) old=false
07-04 22:59:15.750 30317 30317 D ViewRootImpl@11db412[MainActivity]: MSG_WINDOW_FOCUS_CHANGED 1 1
07-04 22:59:15.751 30317 30317 D InputMethodManager: prepareNavigationBarInfo() DecorView@82c9de[MainActivity]
07-04 22:59:15.751 30317 30317 D InputMethodManager: getNavigationBarColor() -855310
07-04 22:59:15.756 30317 30317 D InputMethodManager: prepareNavigationBarInfo() DecorView@82c9de[MainActivity]
07-04 22:59:15.756 30317 30317 D InputMethodManager: getNavigationBarColor() -855310
07-04 22:59:15.756 30317 30317 V InputMethodManager: Starting input: tba=com.example.edgesum ic=null mNaviBarColor -855310 mIsGetNaviBarColorSuccess true , NavVisible : true , NavTrans : false
07-04 22:59:15.756 30317 30317 D InputMethodManager: startInputInner - Id : 0
07-04 22:59:15.756 30317 30317 I InputMethodManager: startInputInner - mService.startInputOrWindowGainedFocus
07-04 22:59:15.760 30317 30329 D InputTransport: Input channel constructed: fd=74
07-04 22:59:15.791 30317 30317 D InputMethodManager: prepareNavigationBarInfo() DecorView@82c9de[MainActivity]
07-04 22:59:15.791 30317 30317 D InputMethodManager: getNavigationBarColor() -855310
07-04 22:59:15.791 30317 30317 V InputMethodManager: Starting input: tba=com.example.edgesum ic=null mNaviBarColor -855310 mIsGetNaviBarColorSuccess true , NavVisible : true , NavTrans : false
07-04 22:59:15.791 30317 30317 D InputMethodManager: startInputInner - Id : 0
07-04 22:59:22.702 30317 30317 D ViewRootImpl@11db412[MainActivity]: ViewPostIme pointer 0
07-04 22:59:22.783 30317 30317 D ViewRootImpl@11db412[MainActivity]: ViewPostIme pointer 1
07-04 22:59:22.796 30317 30317 V MainActivity: Connect button clicked
07-04 22:59:25.135 30317 30317 D ViewRootImpl@11db412[MainActivity]: ViewPostIme pointer 0
07-04 22:59:25.219 30317 30317 D ViewRootImpl@11db412[MainActivity]: ViewPostIme pointer 1
07-04 22:59:25.228 30317 30317 V ConnectionFragment: Discovery switch checked
07-04 22:59:26.277 30317 30317 D NearbyFragment: Started discovering
07-04 22:59:29.468 30317 30317 D NearbyFragment: Found endpoint hgvm: Nexus 5X [34d8]
07-04 22:59:29.513 30317 30317 W example.edgesu: Accessing hidden method Landroid/graphics/FontFamily;-><init>()V (light greylist, reflection)
07-04 22:59:29.513 30317 30317 W example.edgesu: Accessing hidden method Landroid/graphics/FontFamily;->addFontFromAssetManager(Landroid/content/res/AssetManager;Ljava/lang/String;IZIII[Landroid/graphics/fonts/FontVariationAxis;)Z (light greylist, reflection)
07-04 22:59:29.513 30317 30317 W example.edgesu: Accessing hidden method Landroid/graphics/FontFamily;->addFontFromBuffer(Ljava/nio/ByteBuffer;I[Landroid/graphics/fonts/FontVariationAxis;II)Z (light greylist, reflection)
07-04 22:59:29.513 30317 30317 W example.edgesu: Accessing hidden method Landroid/graphics/FontFamily;->freeze()Z (light greylist, reflection)
07-04 22:59:29.514 30317 30317 W example.edgesu: Accessing hidden method Landroid/graphics/FontFamily;->abortCreation()V (light greylist, reflection)
07-04 22:59:29.514 30317 30317 W example.edgesu: Accessing hidden method Landroid/graphics/Typeface;->createFromFamiliesWithDefault([Landroid/graphics/FontFamily;Ljava/lang/String;II)Landroid/graphics/Typeface; (light greylist, reflection)
07-04 22:59:34.100 30317 30317 D ViewRootImpl@11db412[MainActivity]: ViewPostIme pointer 0
07-04 22:59:34.158 30317 30317 D ViewRootImpl@11db412[MainActivity]: ViewPostIme pointer 1
07-04 22:59:34.193 30317 30317 D NearbyFragment: Selected 'Endpoint{id=hgvm, name=Nexus 5X [34d8]}'
07-04 22:59:34.212 30317 30317 D InputTransport: Input channel constructed: fd=76
07-04 22:59:34.214 30317 30317 D ViewRootImpl@68a14d8[Toast]: setView = android.widget.LinearLayout{234e031 V.E...... ......I. 0,0-0,0} TM=true MM=false
07-04 22:59:34.215 30317 30317 V Toast   : Text: Donn in android.widget.Toast$TN@3b89316
07-04 22:59:34.218 30317 30317 D ViewRootImpl@68a14d8[Toast]: dispatchAttachedToWindow
07-04 22:59:34.238 30317 30317 D ViewRootImpl@68a14d8[Toast]: Relayout returned: old=[0,48][720,1384] new=[118,1168][602,1256] result=0x7 surface={valid=true 525473824768} changed=true
07-04 22:59:34.243 30317 30341 D mali_winsys: EGLint new_window_surface(egl_winsys_display *, void *, EGLSurface, EGLConfig, egl_winsys_surface **, EGLBoolean) returns 0x3000
07-04 22:59:34.243 30317 30341 D OpenGLRenderer: eglCreateWindowSurface = 0x7a58ae1d80, 0x7a58ae4010
07-04 22:59:34.249 30317 30317 D ViewRootImpl@68a14d8[Toast]: MSG_RESIZED: frame=Rect(118, 1168 - 602, 1256) ci=Rect(0, 0 - 0, 0) vi=Rect(0, 0 - 0, 0) or=1
07-04 22:59:37.701 30317 30341 W libEGL  : EGLNativeWindowType 0x7a58ae4010 disconnect failed
07-04 22:59:37.702 30317 30341 D OpenGLRenderer: eglDestroySurface = 0x7a58ae1d80, 0x7a58ae4000
07-04 22:59:37.702 30317 30317 D ViewRootImpl@68a14d8[Toast]: dispatchDetachedFromWindow
07-04 22:59:37.703 30317 30317 D ViewRootImpl@68a14d8[Toast]: Surface release. android.view.ViewRootImpl.doDie:7979 android.view.ViewRootImpl.die:7947 android.view.WindowManagerGlobal.removeViewLocked:497 android.view.WindowManagerGlobal.removeView:435 android.view.WindowManagerImpl.removeViewImmediate:124 android.widget.Toast$TN.handleHide:1110 android.widget.Toast$TN$1.handleMessage:898 android.os.Handler.dispatchMessage:106 
07-04 22:59:37.737 30317 30317 D InputTransport: Input channel destroyed: fd=76
07-04 22:59:41.186 30317 30317 D NearbyFragment: Initiated connection with hgvm: Nexus 5X [34d8]
07-04 22:59:41.200 30317 30317 D Dialog  : mIsSamsungBasicInteraction = false
07-04 22:59:41.201 30317 30317 D Dialog  : mIsSamsungBasicInteraction = false, isMetaDataInActivity = false
07-04 22:59:41.240 30317 30317 I DecorView: createDecorCaptionView >> DecorView@406eeee[], isFloating: true, isApplication: true, hasWindowDecorCaption: false, hasWindowControllerCallback: false
07-04 22:59:41.310 30317 30317 D ScrollView: initGoToTop
07-04 22:59:41.355 30317 30317 D InputTransport: Input channel constructed: fd=76
07-04 22:59:41.357 30317 30317 D ViewRootImpl@32a67aa[MainActivity]: setView = DecorView@406eeee[MainActivity] TM=true MM=false
07-04 22:59:41.359 30317 30317 D NearbyFragment: Requested connection with Endpoint{id=hgvm, name=Nexus 5X [34d8]}
07-04 22:59:41.372 30317 30317 D ViewRootImpl@32a67aa[MainActivity]: dispatchAttachedToWindow
07-04 22:59:41.442 30317 30317 D ViewRootImpl@32a67aa[MainActivity]: Relayout returned: old=[0,48][720,1384] new=[18,508][702,923] result=0x7 surface={valid=true 525473824768} changed=true
07-04 22:59:41.450 30317 30341 D mali_winsys: EGLint new_window_surface(egl_winsys_display *, void *, EGLSurface, EGLConfig, egl_winsys_surface **, EGLBoolean) returns 0x3000
07-04 22:59:41.450 30317 30341 D OpenGLRenderer: eglCreateWindowSurface = 0x7a58ae6400, 0x7a58ae4010
07-04 22:59:41.468 30317 30317 D ScrollView:  onsize change changed 
07-04 22:59:41.470 30317 30317 D ViewRootImpl@32a67aa[MainActivity]: MSG_WINDOW_FOCUS_CHANGED 1 1
07-04 22:59:41.506 30317 30317 D ViewRootImpl@32a67aa[MainActivity]: MSG_RESIZED: frame=Rect(18, 508 - 702, 923) ci=Rect(0, 0 - 0, 0) vi=Rect(0, 0 - 0, 0) or=1
07-04 22:59:41.529 30317 30317 D ViewRootImpl@11db412[MainActivity]: MSG_WINDOW_FOCUS_CHANGED 0 1
07-04 22:59:41.529 30317 30317 D InputMethodManager: prepareNavigationBarInfo() DecorView@82c9de[MainActivity]
07-04 22:59:41.529 30317 30317 D InputMethodManager: getNavigationBarColor() -855310
07-04 22:59:43.885 30317 30317 D ViewRootImpl@32a67aa[MainActivity]: ViewPostIme pointer 0
07-04 22:59:44.002 30317 30317 D ViewRootImpl@32a67aa[MainActivity]: ViewPostIme pointer 1
07-04 22:59:44.021 30317 30341 W libEGL  : EGLNativeWindowType 0x7a58ae4010 disconnect failed
07-04 22:59:44.021 30317 30341 D OpenGLRenderer: eglDestroySurface = 0x7a58ae6400, 0x7a58ae4000
07-04 22:59:44.021 30317 30341 D OpenGLRenderer: endAllActiveAnimators on 0x7a58ca7000 (RippleDrawable) with handle 0x7a58f85be0
07-04 22:59:44.022 30317 30317 D ViewRootImpl@32a67aa[MainActivity]: dispatchDetachedFromWindow
07-04 22:59:44.022 30317 30317 D ViewRootImpl@32a67aa[MainActivity]: Surface release. android.view.ViewRootImpl.doDie:7979 android.view.ViewRootImpl.die:7947 android.view.WindowManagerGlobal.removeViewLocked:497 android.view.WindowManagerGlobal.removeView:435 android.view.WindowManagerImpl.removeViewImmediate:124 android.app.Dialog.dismissDialog:518 android.app.Dialog.dismiss:501 androidx.appcompat.app.AlertController$ButtonHandler.handleMessage:171 
07-04 22:59:44.036 30317 30317 D InputTransport: Input channel destroyed: fd=76
07-04 22:59:44.039 30317 30317 I NearbyFragment: Connected to Endpoint{id=hgvm, name=Nexus 5X [34d8]}
07-04 22:59:44.095 30317 30317 E ViewRootImpl: sendUserActionEvent() returned.
07-04 22:59:44.095 30317 30317 D ViewRootImpl@11db412[MainActivity]: MSG_WINDOW_FOCUS_CHANGED 1 1
07-04 22:59:44.096 30317 30317 D InputMethodManager: prepareNavigationBarInfo() DecorView@82c9de[MainActivity]
07-04 22:59:44.096 30317 30317 D InputMethodManager: getNavigationBarColor() -855310
07-04 22:59:45.878 30317 30317 D ViewRootImpl@11db412[MainActivity]: ViewPostIme pointer 0
07-04 22:59:45.966 30317 30317 D ViewRootImpl@11db412[MainActivity]: ViewPostIme pointer 1
07-04 22:59:45.971 30317 30317 V ConnectionFragment: Discovery switch unchecked
07-04 22:59:45.971 30317 30317 D NearbyFragment: Stopped discovering
07-04 22:59:47.756 30317 30317 I TransferNetworkLossHand: Network connectivity changed detected.
07-04 22:59:47.778 30317 30317 I TransferNetworkLossHand: Network connected: true
07-04 22:59:47.807 30317 31167 D TransferNetworkLossHand: Loading transfers from database...
07-04 22:59:47.816 30317 31167 D TransferNetworkLossHand: Closing the cursor for resumeAllTransfers
07-04 22:59:47.816 30317 31167 D TransferNetworkLossHand: 0 transfers are loaded from database.
07-04 23:00:41.542 30317 30317 D NearbyFragment: onPayloadReceived(endpointId=hgvm, payload=com.google.android.gms.nearby.connection.Payload@15ea5f1)
07-04 23:00:41.549 30317 30317 V NearbyFragment: Started downloading SUMMARISE_SEGMENT:-7641865749386975655:20200312_150643!000.mp4:45.0_1.0_23_medium from Endpoint{id=hgvm, name=Nexus 5X [34d8]}
07-04 23:00:41.563 30317 30317 V NearbyFragment: Transfer to Endpoint{id=hgvm, name=Nexus 5X [34d8]} complete
07-04 23:00:41.566 30317 30317 D NearbyFragment: onPayloadReceived(endpointId=hgvm, payload=com.google.android.gms.nearby.connection.Payload@7797744)
07-04 23:00:43.675 30317 30317 V NearbyFragment: Transfer to Endpoint{id=hgvm, name=Nexus 5X [34d8]} complete
07-04 23:00:43.702 30317 30317 W NearbyFragment: Completed downloading 20200312_150643!000.mp4 from Endpoint{id=hgvm, name=Nexus 5X [34d8]} in 02.117s
07-04 23:00:43.714 30317 30317 V FileManager: External storage is readable
07-04 23:00:43.719 30317 30317 V FileManager: Created new directory: /storage/emulated/0/Movies/segment-sum/20200312_150643
07-04 23:00:43.720 30317 30317 D NearbyFragment: Summarising 20200312_150643!000.mp4
07-04 23:00:43.721 30317 30317 V VideoManager: Retrieving video from /storage/emulated/0/Download/Nearby/20200312_150643!000.mp4
07-04 23:00:43.744 30317 30317 V VideoManager: videoFromCursor
07-04 23:00:43.752 30317 30317 V ProcessingVideosEventHandler: onAdd
07-04 23:00:43.753 30317 30317 V RawFootageEventHandler: onRemove
07-04 23:00:43.763 30317 30317 V NearbyFragment: Transfer to Endpoint{id=hgvm, name=Nexus 5X [34d8]} complete
07-04 23:00:43.778 30317 31584 V SummariserIntentService: onHandleIntent
07-04 23:00:43.780 30317 31584 D SummariserIntentService: Video{id='137819', data='/storage/emulated/0/Download/Nearby/20200312_150643!000.mp4', name='20200312_150643!000.mp4', size=16843851, visible=true, mimeType='video/mp4'}
07-04 23:00:43.780 30317 31584 D SummariserIntentService: /storage/emulated/0/Movies/segment-sum/20200312_150643/20200312_150643!000.mp4
07-04 23:00:43.798 30317 31584 I mobile-ffmpeg: Loading mobile-ffmpeg.
07-04 23:00:43.879 30317 31584 I mobile-ffmpeg: Loaded mobile-ffmpeg-full-gpl-arm64-v8a-4.3.2-20200415.
07-04 23:00:43.881 30317 31588 D mobile-ffmpeg: Callback thread started.
07-04 23:00:44.000 30317 31588 W mobile-ffmpeg: [graph 0 input from stream 0:0 @ 0x7a6af19780] sws_param option is deprecated and ignored
07-04 23:00:45.922 30317 31584 W Summariser: No activity detected
07-04 23:00:45.924 30317 31584 V FfmpegTools: Retrieving duration of /storage/emulated/0/Download/Nearby/20200312_150643!000.mp4
07-04 23:00:45.960 30317 31584 W Summariser: Summarisation completed
07-04 23:00:45.960 30317 31584 W Summariser:   filename: 20200312_150643!000.mp4
07-04 23:00:45.960 30317 31584 W Summariser:   active sections: 0
07-04 23:00:45.960 30317 31584 W Summariser:   time: 02.132s
07-04 23:00:45.960 30317 31584 W Summariser:   original duration: 16.07
07-04 23:00:45.960 30317 31584 W Summariser:   summarised duration: -1.00
07-04 23:00:45.960 30317 31584 W Summariser:   noise tolerance: 45.00
07-04 23:00:45.960 30317 31584 W Summariser:   quality: 23
07-04 23:00:45.960 30317 31584 W Summariser:   speed: medium
07-04 23:00:45.960 30317 31584 W Summariser:   freeze duration: 1.00
07-04 23:00:45.962 30317 31584 V ProcessingVideosEventHandler: onRemove
07-04 23:00:45.996 30317 30317 V NearbyFragment: Transfer to Endpoint{id=hgvm, name=Nexus 5X [34d8]} complete
07-04 23:00:46.047 30317 30317 D NearbyFragment: onPayloadReceived(endpointId=hgvm, payload=com.google.android.gms.nearby.connection.Payload@d558c8)
07-04 23:00:46.048 30317 30317 V NearbyFragment: Started downloading SUMMARISE_SEGMENT:-5588534156067124796:20200312_150643!001.mp4:45.0_1.0_23_medium from Endpoint{id=hgvm, name=Nexus 5X [34d8]}
07-04 23:00:46.049 30317 30317 V NearbyFragment: Transfer to Endpoint{id=hgvm, name=Nexus 5X [34d8]} complete
07-04 23:00:46.082 30317 30317 D NearbyFragment: onPayloadReceived(endpointId=hgvm, payload=com.google.android.gms.nearby.connection.Payload@e93ed61)
07-04 23:00:46.191 30317 30330 D SummariserIntentService: Scanned /storage/emulated/0/Movies/summarised
07-04 23:00:46.191 30317 30330 D SummariserIntentService:   -> uri=content://media/external/file/137797
07-04 23:00:48.448 30317 30317 V NearbyFragment: Transfer to Endpoint{id=hgvm, name=Nexus 5X [34d8]} complete
07-04 23:00:48.454 30317 30317 W NearbyFragment: Completed downloading 20200312_150643!001.mp4 from Endpoint{id=hgvm, name=Nexus 5X [34d8]} in 02.400s
07-04 23:00:48.468 30317 30317 V FileManager: External storage is readable
07-04 23:00:48.470 30317 30317 V FileManager: Directory already exists: /storage/emulated/0/Movies/segment-sum/20200312_150643
07-04 23:00:48.474 30317 30317 D NearbyFragment: Summarising 20200312_150643!001.mp4
07-04 23:00:48.475 30317 30317 V VideoManager: Retrieving video from /storage/emulated/0/Download/Nearby/20200312_150643!001.mp4
07-04 23:00:48.502 30317 30317 V VideoManager: videoFromCursor
07-04 23:00:48.509 30317 30317 V ProcessingVideosEventHandler: onAdd
07-04 23:00:48.510 30317 30317 V RawFootageEventHandler: onRemove
07-04 23:00:48.528 30317 30317 V NearbyFragment: Transfer to Endpoint{id=hgvm, name=Nexus 5X [34d8]} complete
07-04 23:00:48.548 30317 31622 V SummariserIntentService: onHandleIntent
07-04 23:00:48.549 30317 31622 D SummariserIntentService: Video{id='137820', data='/storage/emulated/0/Download/Nearby/20200312_150643!001.mp4', name='20200312_150643!001.mp4', size=16853523, visible=true, mimeType='video/mp4'}
07-04 23:00:48.549 30317 31622 D SummariserIntentService: /storage/emulated/0/Movies/segment-sum/20200312_150643/20200312_150643!001.mp4
07-04 23:00:48.704 30317 31588 W mobile-ffmpeg: [graph 0 input from stream 0:0 @ 0x7a6af19780] sws_param option is deprecated and ignored
07-04 23:00:50.597 30317 31622 W Summariser: No activity detected
07-04 23:00:50.598 30317 31622 V FfmpegTools: Retrieving duration of /storage/emulated/0/Download/Nearby/20200312_150643!001.mp4
07-04 23:00:50.640 30317 31622 W Summariser: Summarisation completed
07-04 23:00:50.640 30317 31622 W Summariser:   filename: 20200312_150643!001.mp4
07-04 23:00:50.640 30317 31622 W Summariser:   active sections: 0
07-04 23:00:50.640 30317 31622 W Summariser:   time: 02.045s
07-04 23:00:50.640 30317 31622 W Summariser:   original duration: 16.01
07-04 23:00:50.640 30317 31622 W Summariser:   summarised duration: -1.00
07-04 23:00:50.640 30317 31622 W Summariser:   noise tolerance: 45.00
07-04 23:00:50.640 30317 31622 W Summariser:   quality: 23
07-04 23:00:50.640 30317 31622 W Summariser:   speed: medium
07-04 23:00:50.640 30317 31622 W Summariser:   freeze duration: 1.00
07-04 23:00:50.641 30317 31622 V ProcessingVideosEventHandler: onRemove
07-04 23:00:50.661 30317 30317 V NearbyFragment: Transfer to Endpoint{id=hgvm, name=Nexus 5X [34d8]} complete
07-04 23:00:50.722 30317 30317 D NearbyFragment: onPayloadReceived(endpointId=hgvm, payload=com.google.android.gms.nearby.connection.Payload@7806a5e)
07-04 23:00:50.724 30317 30317 V NearbyFragment: Started downloading SUMMARISE_SEGMENT:-5682836069845620737:20200312_150643!002.mp4:45.0_1.0_23_medium from Endpoint{id=hgvm, name=Nexus 5X [34d8]}
07-04 23:00:50.727 30317 30317 V NearbyFragment: Transfer to Endpoint{id=hgvm, name=Nexus 5X [34d8]} complete
07-04 23:00:50.731 30317 30329 D SummariserIntentService: Scanned /storage/emulated/0/Movies/summarised
07-04 23:00:50.731 30317 30329 D SummariserIntentService:   -> uri=content://media/external/file/137797
07-04 23:00:50.824 30317 30317 D NearbyFragment: onPayloadReceived(endpointId=hgvm, payload=com.google.android.gms.nearby.connection.Payload@4ca1e3f)
07-04 23:00:53.351 30317 30317 V NearbyFragment: Transfer to Endpoint{id=hgvm, name=Nexus 5X [34d8]} complete
07-04 23:00:53.354 30317 30317 W NearbyFragment: Completed downloading 20200312_150643!002.mp4 from Endpoint{id=hgvm, name=Nexus 5X [34d8]} in 02.627s
07-04 23:00:53.364 30317 30317 V FileManager: External storage is readable
07-04 23:00:53.365 30317 30317 V FileManager: Directory already exists: /storage/emulated/0/Movies/segment-sum/20200312_150643
07-04 23:00:53.368 30317 30317 D NearbyFragment: Summarising 20200312_150643!002.mp4
07-04 23:00:53.369 30317 30317 V VideoManager: Retrieving video from /storage/emulated/0/Download/Nearby/20200312_150643!002.mp4
07-04 23:00:53.392 30317 30317 V VideoManager: videoFromCursor
07-04 23:00:53.398 30317 30317 V ProcessingVideosEventHandler: onAdd
07-04 23:00:53.399 30317 30317 V RawFootageEventHandler: onRemove
07-04 23:00:53.408 30317 30317 V NearbyFragment: Transfer to Endpoint{id=hgvm, name=Nexus 5X [34d8]} complete
07-04 23:00:53.427 30317 31654 V SummariserIntentService: onHandleIntent
07-04 23:00:53.429 30317 31654 D SummariserIntentService: Video{id='137821', data='/storage/emulated/0/Download/Nearby/20200312_150643!002.mp4', name='20200312_150643!002.mp4', size=16970539, visible=true, mimeType='video/mp4'}
07-04 23:00:53.429 30317 31654 D SummariserIntentService: /storage/emulated/0/Movies/segment-sum/20200312_150643/20200312_150643!002.mp4
07-04 23:00:53.568 30317 31588 W mobile-ffmpeg: [graph 0 input from stream 0:0 @ 0x7a6af19780] sws_param option is deprecated and ignored
07-04 23:00:55.407 30317 31654 W Summariser: No activity detected
07-04 23:00:55.408 30317 31654 V FfmpegTools: Retrieving duration of /storage/emulated/0/Download/Nearby/20200312_150643!002.mp4
07-04 23:00:55.450 30317 31654 W Summariser: Summarisation completed
07-04 23:00:55.450 30317 31654 W Summariser:   filename: 20200312_150643!002.mp4
07-04 23:00:55.450 30317 31654 W Summariser:   active sections: 0
07-04 23:00:55.450 30317 31654 W Summariser:   time: 01.977s
07-04 23:00:55.450 30317 31654 W Summariser:   original duration: 16.01
07-04 23:00:55.450 30317 31654 W Summariser:   summarised duration: -1.00
07-04 23:00:55.450 30317 31654 W Summariser:   noise tolerance: 45.00
07-04 23:00:55.450 30317 31654 W Summariser:   quality: 23
07-04 23:00:55.450 30317 31654 W Summariser:   speed: medium
07-04 23:00:55.450 30317 31654 W Summariser:   freeze duration: 1.00
07-04 23:00:55.451 30317 31654 V ProcessingVideosEventHandler: onRemove
07-04 23:00:55.484 30317 30317 V NearbyFragment: Transfer to Endpoint{id=hgvm, name=Nexus 5X [34d8]} complete
07-04 23:00:55.538 30317 30329 D SummariserIntentService: Scanned /storage/emulated/0/Movies/summarised
07-04 23:00:55.538 30317 30329 D SummariserIntentService:   -> uri=content://media/external/file/137797
07-04 23:00:55.542 30317 30317 D NearbyFragment: onPayloadReceived(endpointId=hgvm, payload=com.google.android.gms.nearby.connection.Payload@fe9e7a4)
07-04 23:00:55.544 30317 30317 V NearbyFragment: Started downloading SUMMARISE_SEGMENT:-5936821414943649979:20200312_150643!003.mp4:45.0_1.0_23_medium from Endpoint{id=hgvm, name=Nexus 5X [34d8]}
07-04 23:00:55.547 30317 30317 V NearbyFragment: Transfer to Endpoint{id=hgvm, name=Nexus 5X [34d8]} complete
07-04 23:00:55.693 30317 30317 D NearbyFragment: onPayloadReceived(endpointId=hgvm, payload=com.google.android.gms.nearby.connection.Payload@803c90d)
07-04 23:00:57.349 30317 30317 V NearbyFragment: Transfer to Endpoint{id=hgvm, name=Nexus 5X [34d8]} complete
07-04 23:00:57.355 30317 30317 W NearbyFragment: Completed downloading 20200312_150643!003.mp4 from Endpoint{id=hgvm, name=Nexus 5X [34d8]} in 01.805s
07-04 23:00:57.371 30317 30317 V FileManager: External storage is readable
07-04 23:00:57.373 30317 30317 V FileManager: Directory already exists: /storage/emulated/0/Movies/segment-sum/20200312_150643
07-04 23:00:57.376 30317 30317 D NearbyFragment: Summarising 20200312_150643!003.mp4
07-04 23:00:57.377 30317 30317 V VideoManager: Retrieving video from /storage/emulated/0/Download/Nearby/20200312_150643!003.mp4
07-04 23:00:57.402 30317 30317 V VideoManager: videoFromCursor
07-04 23:00:57.409 30317 30317 V ProcessingVideosEventHandler: onAdd
07-04 23:00:57.410 30317 30317 V RawFootageEventHandler: onRemove
07-04 23:00:57.422 30317 30317 V NearbyFragment: Transfer to Endpoint{id=hgvm, name=Nexus 5X [34d8]} complete
07-04 23:00:57.443 30317 31688 V SummariserIntentService: onHandleIntent
07-04 23:00:57.444 30317 31688 D SummariserIntentService: Video{id='137822', data='/storage/emulated/0/Download/Nearby/20200312_150643!003.mp4', name='20200312_150643!003.mp4', size=12603801, visible=true, mimeType='video/mp4'}
07-04 23:00:57.444 30317 31688 D SummariserIntentService: /storage/emulated/0/Movies/segment-sum/20200312_150643/20200312_150643!003.mp4
07-04 23:00:57.557 30317 31588 W mobile-ffmpeg: [graph 0 input from stream 0:0 @ 0x7a6af19780] sws_param option is deprecated and ignored
07-04 23:00:58.957 30317 31688 W Summariser: No activity detected
07-04 23:00:58.958 30317 31688 V FfmpegTools: Retrieving duration of /storage/emulated/0/Download/Nearby/20200312_150643!003.mp4
07-04 23:00:58.987 30317 31688 W Summariser: Summarisation completed
07-04 23:00:58.987 30317 31688 W Summariser:   filename: 20200312_150643!003.mp4
07-04 23:00:58.987 30317 31688 W Summariser:   active sections: 0
07-04 23:00:58.987 30317 31688 W Summariser:   time: 01.510s
07-04 23:00:58.987 30317 31688 W Summariser:   original duration: 12.01
07-04 23:00:58.987 30317 31688 W Summariser:   summarised duration: -1.00
07-04 23:00:58.987 30317 31688 W Summariser:   noise tolerance: 45.00
07-04 23:00:58.987 30317 31688 W Summariser:   quality: 23
07-04 23:00:58.987 30317 31688 W Summariser:   speed: medium
07-04 23:00:58.987 30317 31688 W Summariser:   freeze duration: 1.00
07-04 23:00:58.987 30317 31688 V ProcessingVideosEventHandler: onRemove
07-04 23:00:59.014 30317 30317 V NearbyFragment: Transfer to Endpoint{id=hgvm, name=Nexus 5X [34d8]} complete
07-04 23:00:59.055 30317 30329 D SummariserIntentService: Scanned /storage/emulated/0/Movies/summarised
07-04 23:00:59.055 30317 30329 D SummariserIntentService:   -> uri=content://media/external/file/137797
07-04 23:01:08.228 30317 30317 D NearbyFragment: onPayloadReceived(endpointId=hgvm, payload=com.google.android.gms.nearby.connection.Payload@a05a61a)
07-04 23:01:08.234 30317 30317 V NearbyFragment: Started downloading SUMMARISE_SEGMENT:-6274096274975420026:20200312_150744!000.mp4:45.0_1.0_23_medium from Endpoint{id=hgvm, name=Nexus 5X [34d8]}
07-04 23:01:08.242 30317 30317 V NearbyFragment: Transfer to Endpoint{id=hgvm, name=Nexus 5X [34d8]} complete
07-04 23:01:08.492 30317 30317 D NearbyFragment: onPayloadReceived(endpointId=hgvm, payload=com.google.android.gms.nearby.connection.Payload@f1fd54b)
07-04 23:01:10.347 30317 30317 V NearbyFragment: Transfer to Endpoint{id=hgvm, name=Nexus 5X [34d8]} complete
07-04 23:01:10.350 30317 30317 W NearbyFragment: Completed downloading 20200312_150744!000.mp4 from Endpoint{id=hgvm, name=Nexus 5X [34d8]} in 02.111s
07-04 23:01:10.362 30317 30317 V FileManager: External storage is readable
07-04 23:01:10.366 30317 30317 V FileManager: Created new directory: /storage/emulated/0/Movies/segment-sum/20200312_150744
07-04 23:01:10.369 30317 30317 D NearbyFragment: Summarising 20200312_150744!000.mp4
07-04 23:01:10.370 30317 30317 V VideoManager: Retrieving video from /storage/emulated/0/Download/Nearby/20200312_150744!000.mp4
07-04 23:01:10.393 30317 30317 V VideoManager: videoFromCursor
07-04 23:01:10.401 30317 30317 V ProcessingVideosEventHandler: onAdd
07-04 23:01:10.402 30317 30317 V RawFootageEventHandler: onRemove
07-04 23:01:10.417 30317 30317 V NearbyFragment: Transfer to Endpoint{id=hgvm, name=Nexus 5X [34d8]} complete
07-04 23:01:10.438 30317 31724 V SummariserIntentService: onHandleIntent
07-04 23:01:10.439 30317 31724 D SummariserIntentService: Video{id='137823', data='/storage/emulated/0/Download/Nearby/20200312_150744!000.mp4', name='20200312_150744!000.mp4', size=16882390, visible=true, mimeType='video/mp4'}
07-04 23:01:10.439 30317 31724 D SummariserIntentService: /storage/emulated/0/Movies/segment-sum/20200312_150744/20200312_150744!000.mp4
07-04 23:01:10.562 30317 31588 W mobile-ffmpeg: [graph 0 input from stream 0:0 @ 0x7a58db43c0] sws_param option is deprecated and ignored
07-04 23:01:12.409 30317 31724 W Summariser: No activity detected
07-04 23:01:12.410 30317 31724 V FfmpegTools: Retrieving duration of /storage/emulated/0/Download/Nearby/20200312_150744!000.mp4
07-04 23:01:12.440 30317 31724 W Summariser: Summarisation completed
07-04 23:01:12.440 30317 31724 W Summariser:   filename: 20200312_150744!000.mp4
07-04 23:01:12.440 30317 31724 W Summariser:   active sections: 0
07-04 23:01:12.440 30317 31724 W Summariser:   time: 01.968s
07-04 23:01:12.440 30317 31724 W Summariser:   original duration: 16.07
07-04 23:01:12.440 30317 31724 W Summariser:   summarised duration: -1.00
07-04 23:01:12.440 30317 31724 W Summariser:   noise tolerance: 45.00
07-04 23:01:12.440 30317 31724 W Summariser:   quality: 23
07-04 23:01:12.440 30317 31724 W Summariser:   speed: medium
07-04 23:01:12.440 30317 31724 W Summariser:   freeze duration: 1.00
07-04 23:01:12.441 30317 31724 V ProcessingVideosEventHandler: onRemove
07-04 23:01:12.461 30317 30317 V NearbyFragment: Transfer to Endpoint{id=hgvm, name=Nexus 5X [34d8]} complete
07-04 23:01:12.515 30317 30317 D NearbyFragment: onPayloadReceived(endpointId=hgvm, payload=com.google.android.gms.nearby.connection.Payload@1b5e740)
07-04 23:01:12.516 30317 30317 V NearbyFragment: Started downloading SUMMARISE_SEGMENT:-6610654339465084725:20200312_150744!001.mp4:45.0_1.0_23_medium from Endpoint{id=hgvm, name=Nexus 5X [34d8]}
07-04 23:01:12.521 30317 30317 V NearbyFragment: Transfer to Endpoint{id=hgvm, name=Nexus 5X [34d8]} complete
07-04 23:01:12.535 30317 31723 D SummariserIntentService: Scanned /storage/emulated/0/Movies/summarised
07-04 23:01:12.535 30317 31723 D SummariserIntentService:   -> uri=content://media/external/file/137797
07-04 23:01:12.601 30317 30317 D NearbyFragment: onPayloadReceived(endpointId=hgvm, payload=com.google.android.gms.nearby.connection.Payload@2692679)
07-04 23:01:15.530 30317 30317 V NearbyFragment: Transfer to Endpoint{id=hgvm, name=Nexus 5X [34d8]} complete
07-04 23:01:15.534 30317 30317 W NearbyFragment: Completed downloading 20200312_150744!001.mp4 from Endpoint{id=hgvm, name=Nexus 5X [34d8]} in 03.014s
07-04 23:01:15.548 30317 30317 V FileManager: External storage is readable
07-04 23:01:15.550 30317 30317 V FileManager: Directory already exists: /storage/emulated/0/Movies/segment-sum/20200312_150744
07-04 23:01:15.554 30317 30317 D NearbyFragment: Summarising 20200312_150744!001.mp4
07-04 23:01:15.555 30317 30317 V VideoManager: Retrieving video from /storage/emulated/0/Download/Nearby/20200312_150744!001.mp4
07-04 23:01:15.580 30317 30317 V VideoManager: videoFromCursor
07-04 23:01:15.587 30317 30317 V ProcessingVideosEventHandler: onAdd
07-04 23:01:15.588 30317 30317 V RawFootageEventHandler: onRemove
07-04 23:01:15.600 30317 30317 V NearbyFragment: Transfer to Endpoint{id=hgvm, name=Nexus 5X [34d8]} complete
07-04 23:01:15.620 30317 31757 V SummariserIntentService: onHandleIntent
07-04 23:01:15.621 30317 31757 D SummariserIntentService: Video{id='137824', data='/storage/emulated/0/Download/Nearby/20200312_150744!001.mp4', name='20200312_150744!001.mp4', size=16915850, visible=true, mimeType='video/mp4'}
07-04 23:01:15.621 30317 31757 D SummariserIntentService: /storage/emulated/0/Movies/segment-sum/20200312_150744/20200312_150744!001.mp4
07-04 23:01:15.773 30317 31588 W mobile-ffmpeg: [graph 0 input from stream 0:0 @ 0x7a58db43c0] sws_param option is deprecated and ignored
07-04 23:01:17.689 30317 31757 W Summariser: No activity detected
07-04 23:01:17.690 30317 31757 V FfmpegTools: Retrieving duration of /storage/emulated/0/Download/Nearby/20200312_150744!001.mp4
07-04 23:01:17.732 30317 31757 W Summariser: Summarisation completed
07-04 23:01:17.732 30317 31757 W Summariser:   filename: 20200312_150744!001.mp4
07-04 23:01:17.732 30317 31757 W Summariser:   active sections: 0
07-04 23:01:17.732 30317 31757 W Summariser:   time: 02.067s
07-04 23:01:17.732 30317 31757 W Summariser:   original duration: 16.02
07-04 23:01:17.732 30317 31757 W Summariser:   summarised duration: -1.00
07-04 23:01:17.732 30317 31757 W Summariser:   noise tolerance: 45.00
07-04 23:01:17.732 30317 31757 W Summariser:   quality: 23
07-04 23:01:17.732 30317 31757 W Summariser:   speed: medium
07-04 23:01:17.732 30317 31757 W Summariser:   freeze duration: 1.00
07-04 23:01:17.733 30317 31757 V ProcessingVideosEventHandler: onRemove
07-04 23:01:17.753 30317 30317 V NearbyFragment: Transfer to Endpoint{id=hgvm, name=Nexus 5X [34d8]} complete
07-04 23:01:17.804 30317 30317 D NearbyFragment: onPayloadReceived(endpointId=hgvm, payload=com.google.android.gms.nearby.connection.Payload@11cb896)
07-04 23:01:17.804 30317 30317 V NearbyFragment: Started downloading SUMMARISE_SEGMENT:-7438038300163397100:20200312_150744!002.mp4:45.0_1.0_23_medium from Endpoint{id=hgvm, name=Nexus 5X [34d8]}
07-04 23:01:17.817 30317 30317 V NearbyFragment: Transfer to Endpoint{id=hgvm, name=Nexus 5X [34d8]} complete
07-04 23:01:17.821 30317 31681 D SummariserIntentService: Scanned /storage/emulated/0/Movies/summarised
07-04 23:01:17.821 30317 31681 D SummariserIntentService:   -> uri=content://media/external/file/137797
07-04 23:01:17.876 30317 30317 D NearbyFragment: onPayloadReceived(endpointId=hgvm, payload=com.google.android.gms.nearby.connection.Payload@37c7c17)
07-04 23:01:20.235 30317 30317 V NearbyFragment: Transfer to Endpoint{id=hgvm, name=Nexus 5X [34d8]} complete
07-04 23:01:20.237 30317 30317 W NearbyFragment: Completed downloading 20200312_150744!002.mp4 from Endpoint{id=hgvm, name=Nexus 5X [34d8]} in 02.431s
07-04 23:01:20.248 30317 30317 V FileManager: External storage is readable
07-04 23:01:20.255 30317 30317 V FileManager: Directory already exists: /storage/emulated/0/Movies/segment-sum/20200312_150744
07-04 23:01:20.256 30317 30317 D NearbyFragment: Summarising 20200312_150744!002.mp4
07-04 23:01:20.257 30317 30317 V VideoManager: Retrieving video from /storage/emulated/0/Download/Nearby/20200312_150744!002.mp4
07-04 23:01:20.281 30317 30317 V VideoManager: videoFromCursor
07-04 23:01:20.287 30317 30317 V ProcessingVideosEventHandler: onAdd
07-04 23:01:20.288 30317 30317 V RawFootageEventHandler: onRemove
07-04 23:01:20.298 30317 30317 V NearbyFragment: Transfer to Endpoint{id=hgvm, name=Nexus 5X [34d8]} complete
07-04 23:01:20.315 30317 31786 V SummariserIntentService: onHandleIntent
07-04 23:01:20.317 30317 31786 D SummariserIntentService: Video{id='137825', data='/storage/emulated/0/Download/Nearby/20200312_150744!002.mp4', name='20200312_150744!002.mp4', size=16838272, visible=true, mimeType='video/mp4'}
07-04 23:01:20.317 30317 31786 D SummariserIntentService: /storage/emulated/0/Movies/segment-sum/20200312_150744/20200312_150744!002.mp4
07-04 23:01:20.463 30317 31588 W mobile-ffmpeg: [graph 0 input from stream 0:0 @ 0x7a58db43c0] sws_param option is deprecated and ignored
07-04 23:01:22.396 30317 31786 W Summariser: No activity detected
07-04 23:01:22.397 30317 31786 V FfmpegTools: Retrieving duration of /storage/emulated/0/Download/Nearby/20200312_150744!002.mp4
07-04 23:01:22.438 30317 31786 W Summariser: Summarisation completed
07-04 23:01:22.438 30317 31786 W Summariser:   filename: 20200312_150744!002.mp4
07-04 23:01:22.438 30317 31786 W Summariser:   active sections: 0
07-04 23:01:22.438 30317 31786 W Summariser:   time: 02.079s
07-04 23:01:22.438 30317 31786 W Summariser:   original duration: 16.01
07-04 23:01:22.438 30317 31786 W Summariser:   summarised duration: -1.00
07-04 23:01:22.438 30317 31786 W Summariser:   noise tolerance: 45.00
07-04 23:01:22.438 30317 31786 W Summariser:   quality: 23
07-04 23:01:22.438 30317 31786 W Summariser:   speed: medium
07-04 23:01:22.438 30317 31786 W Summariser:   freeze duration: 1.00
07-04 23:01:22.439 30317 31786 V ProcessingVideosEventHandler: onRemove
07-04 23:01:22.460 30317 30317 V NearbyFragment: Transfer to Endpoint{id=hgvm, name=Nexus 5X [34d8]} complete
07-04 23:01:22.522 30317 31723 D SummariserIntentService: Scanned /storage/emulated/0/Movies/summarised
07-04 23:01:22.522 30317 31723 D SummariserIntentService:   -> uri=content://media/external/file/137797
07-04 23:01:22.766 30317 30317 D NearbyFragment: onPayloadReceived(endpointId=hgvm, payload=com.google.android.gms.nearby.connection.Payload@f68539c)
07-04 23:01:22.769 30317 30317 V NearbyFragment: Started downloading SUMMARISE_SEGMENT:-4819683593963313126:20200312_150744!003.mp4:45.0_1.0_23_medium from Endpoint{id=hgvm, name=Nexus 5X [34d8]}
07-04 23:01:22.774 30317 30317 V NearbyFragment: Transfer to Endpoint{id=hgvm, name=Nexus 5X [34d8]} complete
07-04 23:01:22.786 30317 30317 D NearbyFragment: onPayloadReceived(endpointId=hgvm, payload=com.google.android.gms.nearby.connection.Payload@f8d51a5)
07-04 23:01:24.601 30317 30317 V NearbyFragment: Transfer to Endpoint{id=hgvm, name=Nexus 5X [34d8]} complete
07-04 23:01:24.603 30317 30317 W NearbyFragment: Completed downloading 20200312_150744!003.mp4 from Endpoint{id=hgvm, name=Nexus 5X [34d8]} in 01.832s
07-04 23:01:24.611 30317 30317 V FileManager: External storage is readable
07-04 23:01:24.612 30317 30317 V FileManager: Directory already exists: /storage/emulated/0/Movies/segment-sum/20200312_150744
07-04 23:01:24.614 30317 30317 D NearbyFragment: Summarising 20200312_150744!003.mp4
07-04 23:01:24.614 30317 30317 V VideoManager: Retrieving video from /storage/emulated/0/Download/Nearby/20200312_150744!003.mp4
07-04 23:01:24.635 30317 30317 V VideoManager: videoFromCursor
07-04 23:01:24.639 30317 30317 V ProcessingVideosEventHandler: onAdd
07-04 23:01:24.640 30317 30317 V RawFootageEventHandler: onRemove
07-04 23:01:24.648 30317 30317 V NearbyFragment: Transfer to Endpoint{id=hgvm, name=Nexus 5X [34d8]} complete
07-04 23:01:24.661 30317 31822 V SummariserIntentService: onHandleIntent
07-04 23:01:24.663 30317 31822 D SummariserIntentService: Video{id='137826', data='/storage/emulated/0/Download/Nearby/20200312_150744!003.mp4', name='20200312_150744!003.mp4', size=12638441, visible=true, mimeType='video/mp4'}
07-04 23:01:24.663 30317 31822 D SummariserIntentService: /storage/emulated/0/Movies/segment-sum/20200312_150744/20200312_150744!003.mp4
07-04 23:01:24.788 30317 31588 W mobile-ffmpeg: [graph 0 input from stream 0:0 @ 0x7a58db43c0] sws_param option is deprecated and ignored
07-04 23:01:26.246 30317 31822 V FfmpegTools: Retrieving duration of /storage/emulated/0/Download/Nearby/20200312_150744!003.mp4
07-04 23:01:26.276 30317 31822 W Summariser: 1 active sections found
07-04 23:01:26.276 30317 31822 I FfmpegTools: Running ffmpeg with:
07-04 23:01:26.276 30317 31822 I FfmpegTools:   -y -i /storage/emulated/0/Download/Nearby/20200312_150744!003.mp4 -filter_complex [0:v]trim=7.206000:12.030000,setpts=PTS-STARTPTS[v0];[0:a]atrim=7.206000:12.030000,asetpts=PTS-STARTPTS[a0];[v0][a0]concat=n=1:v=1:a=1[outv][outa] -map [outv] -map [outa] -crf 23 -preset medium /storage/emulated/0/Movies/segment-sum/20200312_150744/20200312_150744!003.mp4
07-04 23:01:26.325 30317 31588 W mobile-ffmpeg: [graph 0 input from stream 0:0 @ 0x7a58db4300] sws_param option is deprecated and ignored
07-04 23:01:32.105 30317 31822 V FfmpegTools: Retrieving duration of /storage/emulated/0/Download/Nearby/20200312_150744!003.mp4
07-04 23:01:32.134 30317 31822 V FfmpegTools: Retrieving duration of /storage/emulated/0/Movies/segment-sum/20200312_150744/20200312_150744!003.mp4
07-04 23:01:32.155 30317 31822 W Summariser: Summarisation completed
07-04 23:01:32.155 30317 31822 W Summariser:   filename: 20200312_150744!003.mp4
07-04 23:01:32.155 30317 31822 W Summariser:   active sections: 1
07-04 23:01:32.155 30317 31822 W Summariser:   time: 07.440s
07-04 23:01:32.155 30317 31822 W Summariser:   original duration: 12.03
07-04 23:01:32.155 30317 31822 W Summariser:   summarised duration: 4.89
07-04 23:01:32.155 30317 31822 W Summariser:   noise tolerance: 45.00
07-04 23:01:32.155 30317 31822 W Summariser:   quality: 23
07-04 23:01:32.155 30317 31822 W Summariser:   speed: medium
07-04 23:01:32.155 30317 31822 W Summariser:   freeze duration: 1.00
07-04 23:01:32.156 30317 31822 V VideoManager: Retrieving video from /storage/emulated/0/Movies/segment-sum/20200312_150744/20200312_150744!003.mp4
07-04 23:01:32.183 30317 31822 V VideoManager: videoFromCursor
07-04 23:01:32.190 30317 31822 W NearbyFragment: Sending 20200312_150744!003.mp4 to Nexus 5X [34d8]
07-04 23:01:32.192 30317 31822 V ProcessingVideosEventHandler: onRemove
07-04 23:01:32.215 30317 30317 V NearbyFragment: Transfer to Endpoint{id=hgvm, name=Nexus 5X [34d8]} complete
07-04 23:01:32.308 30317 30317 V NearbyFragment: Transfer to Endpoint{id=hgvm, name=Nexus 5X [34d8]} complete
07-04 23:01:32.316 30317 31723 D SummariserIntentService: Scanned /storage/emulated/0/Movies/summarised
07-04 23:01:32.316 30317 31723 D SummariserIntentService:   -> uri=content://media/external/file/137797
07-04 23:01:33.182 30317 30317 D NearbyFragment: onPayloadReceived(endpointId=hgvm, payload=com.google.android.gms.nearby.connection.Payload@81bea3)
07-04 23:01:33.187 30317 30317 V NearbyFragment: Started downloading SUMMARISE_SEGMENT:-6495499353283158825:20200312_150844!000.mp4:45.0_1.0_23_medium from Endpoint{id=hgvm, name=Nexus 5X [34d8]}
07-04 23:01:33.284 30317 30317 V NearbyFragment: Transfer to Endpoint{id=hgvm, name=Nexus 5X [34d8]} complete
07-04 23:01:33.347 30317 30317 D NearbyFragment: onPayloadReceived(endpointId=hgvm, payload=com.google.android.gms.nearby.connection.Payload@ee75559)
07-04 23:01:35.215 30317 30317 V NearbyFragment: Transfer to Endpoint{id=hgvm, name=Nexus 5X [34d8]} complete
07-04 23:01:35.219 30317 30317 W NearbyFragment: Completed downloading 20200312_150844!000.mp4 from Endpoint{id=hgvm, name=Nexus 5X [34d8]} in 02.027s
07-04 23:01:35.235 30317 30317 V FileManager: External storage is readable
07-04 23:01:35.239 30317 30317 V FileManager: Created new directory: /storage/emulated/0/Movies/segment-sum/20200312_150844
07-04 23:01:35.242 30317 30317 D NearbyFragment: Summarising 20200312_150844!000.mp4
07-04 23:01:35.243 30317 30317 V VideoManager: Retrieving video from /storage/emulated/0/Download/Nearby/20200312_150844!000.mp4
07-04 23:01:35.269 30317 30317 V VideoManager: videoFromCursor
07-04 23:01:35.275 30317 30317 V ProcessingVideosEventHandler: onAdd
07-04 23:01:35.276 30317 30317 V RawFootageEventHandler: onRemove
07-04 23:01:35.288 30317 30317 V NearbyFragment: Transfer to Endpoint{id=hgvm, name=Nexus 5X [34d8]} complete
07-04 23:01:35.308 30317 31884 V SummariserIntentService: onHandleIntent
07-04 23:01:35.310 30317 31884 D SummariserIntentService: Video{id='137830', data='/storage/emulated/0/Download/Nearby/20200312_150844!000.mp4', name='20200312_150844!000.mp4', size=16852835, visible=true, mimeType='video/mp4'}
07-04 23:01:35.310 30317 31884 D SummariserIntentService: /storage/emulated/0/Movies/segment-sum/20200312_150844/20200312_150844!000.mp4
07-04 23:01:35.433 30317 31588 W mobile-ffmpeg: [graph 0 input from stream 0:0 @ 0x7a58db43c0] sws_param option is deprecated and ignored
07-04 23:01:37.332 30317 31884 D Summariser: No freeze file
07-04 23:01:37.332 30317 31884 W Summariser: Whole video is active
07-04 23:01:37.778 30317 31884 V FfmpegTools: Retrieving duration of /storage/emulated/0/Download/Nearby/20200312_150844!000.mp4
07-04 23:01:37.808 30317 31884 V FfmpegTools: Retrieving duration of /storage/emulated/0/Movies/segment-sum/20200312_150844/20200312_150844!000.mp4
07-04 23:01:37.837 30317 31884 W Summariser: Summarisation completed
07-04 23:01:37.837 30317 31884 W Summariser:   filename: 20200312_150844!000.mp4
07-04 23:01:37.837 30317 31884 W Summariser:   active sections: -1
07-04 23:01:37.837 30317 31884 W Summariser:   time: 02.466s
07-04 23:01:37.837 30317 31884 W Summariser:   original duration: 16.06
07-04 23:01:37.837 30317 31884 W Summariser:   summarised duration: 16.06
07-04 23:01:37.837 30317 31884 W Summariser:   noise tolerance: 45.00
07-04 23:01:37.837 30317 31884 W Summariser:   quality: 23
07-04 23:01:37.837 30317 31884 W Summariser:   speed: medium
07-04 23:01:37.837 30317 31884 W Summariser:   freeze duration: 1.00
07-04 23:01:37.837 30317 31884 V VideoManager: Retrieving video from /storage/emulated/0/Movies/segment-sum/20200312_150844/20200312_150844!000.mp4
07-04 23:01:37.859 30317 31884 V VideoManager: videoFromCursor
