--------- beginning of main
06-29 20:09:58.148  5744  5744 E Zygote  : isWhitelistProcess - Process is Whitelisted
06-29 20:09:58.150  5744  5744 E Zygote  : accessInfo : 1
06-29 20:09:59.571  5744  5744 W LogFactory: Truncating log tag length as it exceed 23, the limit imposed by Android on certain API Levels
06-29 20:09:59.601  5744  5744 W ActivityThread: handleWindowVisibility: no activity for token android.os.BinderProxy@6bb8346
06-29 20:09:59.673  5744  5744 W example.edgesu: Accessing hidden method Landroid/graphics/drawable/Drawable;->getOpticalInsets()Landroid/graphics/Insets; (light greylist, linking)
06-29 20:09:59.673  5744  5744 W example.edgesu: Accessing hidden field Landroid/graphics/Insets;->left:I (light greylist, linking)
06-29 20:09:59.673  5744  5744 W example.edgesu: Accessing hidden field Landroid/graphics/Insets;->right:I (light greylist, linking)
06-29 20:09:59.673  5744  5744 W example.edgesu: Accessing hidden field Landroid/graphics/Insets;->top:I (light greylist, linking)
06-29 20:09:59.673  5744  5744 W example.edgesu: Accessing hidden field Landroid/graphics/Insets;->bottom:I (light greylist, linking)
06-29 20:09:59.721  5744  5744 W example.edgesu: Accessing hidden method Landroid/view/View;->computeFitSystemWindows(Landroid/graphics/Rect;Landroid/graphics/Rect;)Z (light greylist, reflection)
06-29 20:09:59.721  5744  5744 W example.edgesu: Accessing hidden method Landroid/view/ViewGroup;->makeOptionalFitsSystemWindows()V (light greylist, reflection)
06-29 20:09:59.823  5744  5744 W example.edgesu: Accessing hidden method Landroid/widget/TextView;->getTextDirectionHeuristic()Landroid/text/TextDirectionHeuristic; (light greylist, linking)
06-29 20:09:59.832  5744  5744 W example.edgesu: Accessing hidden field Landroid/view/View;->mAccessibilityDelegate:Landroid/view/View$AccessibilityDelegate; (light greylist, reflection)
06-29 20:10:00.151  5744  5744 E TransferService: No notification is passed in the intent. Unable to transition to foreground.
06-29 20:10:00.195  5744  5744 W StaticLayout: maxLineHeight should not be -1.  maxLines:1 lineCount:1
06-29 20:10:00.204  5744  5744 W StaticLayout: maxLineHeight should not be -1.  maxLines:1 lineCount:1
06-29 20:10:00.209  5744  5744 W StaticLayout: maxLineHeight should not be -1.  maxLines:1 lineCount:1
06-29 20:10:00.213  5744  5744 W StaticLayout: maxLineHeight should not be -1.  maxLines:1 lineCount:1
06-29 20:10:00.230  5744  5744 W StaticLayout: maxLineHeight should not be -1.  maxLines:1 lineCount:1
06-29 20:10:00.235  5744  5744 W StaticLayout: maxLineHeight should not be -1.  maxLines:1 lineCount:1
06-29 20:10:10.905  5744  5744 W example.edgesu: Accessing hidden method Landroid/graphics/FontFamily;-><init>()V (light greylist, reflection)
06-29 20:10:10.905  5744  5744 W example.edgesu: Accessing hidden method Landroid/graphics/FontFamily;->addFontFromAssetManager(Landroid/content/res/AssetManager;Ljava/lang/String;IZIII[Landroid/graphics/fonts/FontVariationAxis;)Z (light greylist, reflection)
06-29 20:10:10.905  5744  5744 W example.edgesu: Accessing hidden method Landroid/graphics/FontFamily;->addFontFromBuffer(Ljava/nio/ByteBuffer;I[Landroid/graphics/fonts/FontVariationAxis;II)Z (light greylist, reflection)
06-29 20:10:10.905  5744  5744 W example.edgesu: Accessing hidden method Landroid/graphics/FontFamily;->freeze()Z (light greylist, reflection)
06-29 20:10:10.905  5744  5744 W example.edgesu: Accessing hidden method Landroid/graphics/FontFamily;->abortCreation()V (light greylist, reflection)
06-29 20:10:10.906  5744  5744 W example.edgesu: Accessing hidden method Landroid/graphics/Typeface;->createFromFamiliesWithDefault([Landroid/graphics/FontFamily;Ljava/lang/String;II)Landroid/graphics/Typeface; (light greylist, reflection)
06-29 20:10:17.749  5744  5810 W libEGL  : EGLNativeWindowType 0x7d851a1010 disconnect failed
06-29 20:10:23.128  5744  5810 W libEGL  : EGLNativeWindowType 0x7d851a1010 disconnect failed
06-29 20:10:23.228  5744  5744 E ViewRootImpl: sendUserActionEvent() returned.
06-29 20:11:32.163  5744  5744 W NearbyFragment: Completed downloading 20200312_150643.mp4 from Endpoint{id=zCiv, name=Nexus 5X [34d8]} in 08.832s
06-29 20:11:32.411  5744  6937 W mobile-ffmpeg: 
06-29 20:11:32.412  5744  6937 W mobile-ffmpeg: [mov,mp4,m4a,3gp,3g2,mj2 @ 0x7d95736c00] 
06-29 20:11:32.412  5744  6937 W mobile-ffmpeg: 
06-29 20:11:32.412  5744  6937 W mobile-ffmpeg: Found duplicated MOOV Atom. Skipped it
06-29 20:11:39.261  5744  6936 W Summariser: No activity detected
06-29 20:11:39.273  5744  5768 W System  : A resource failed to call close. 
06-29 20:11:39.273  5744  5768 W System  : A resource failed to call close. 
06-29 20:11:39.330  5744  6936 W Summariser: Summarisation completed
06-29 20:11:39.330  5744  6936 W Summariser:   filename: 20200312_150643.mp4
06-29 20:11:39.330  5744  6936 W Summariser:   active sections: 0
06-29 20:11:39.330  5744  6936 W Summariser:   time: 06.982s
06-29 20:11:39.330  5744  6936 W Summariser:   original duration: 60.02
06-29 20:11:39.330  5744  6936 W Summariser:   summarised duration: -1.00
06-29 20:11:39.330  5744  6936 W Summariser:   noise tolerance: 45.00
06-29 20:11:39.330  5744  6936 W Summariser:   quality: 23
06-29 20:11:39.330  5744  6936 W Summariser:   speed: medium
06-29 20:11:39.330  5744  6936 W Summariser:   freeze duration: 1.00
06-29 20:11:57.173  5744  5744 W NearbyFragment: Completed downloading 20200312_150744.mp4 from Endpoint{id=zCiv, name=Nexus 5X [34d8]} in 09.053s
06-29 20:11:57.249  5744  6937 W mobile-ffmpeg: 
06-29 20:11:57.249  5744  6937 W mobile-ffmpeg: [mov,mp4,m4a,3gp,3g2,mj2 @ 0x7d95736c00] 
06-29 20:11:57.249  5744  6937 W mobile-ffmpeg: 
06-29 20:11:57.249  5744  6937 W mobile-ffmpeg: Found duplicated MOOV Atom. Skipped it
06-29 20:12:04.124  5744  7019 W Summariser: 1 active sections found
06-29 20:12:04.128  5744  6937 W mobile-ffmpeg: 
06-29 20:12:04.129  5744  6937 W mobile-ffmpeg: [mov,mp4,m4a,3gp,3g2,mj2 @ 0x7d95736c00] 
06-29 20:12:04.129  5744  6937 W mobile-ffmpeg: 
06-29 20:12:04.129  5744  6937 W mobile-ffmpeg: Found duplicated MOOV Atom. Skipped it
06-29 20:12:14.432  5744  7019 W Summariser: Summarisation completed
06-29 20:12:14.432  5744  7019 W Summariser:   filename: 20200312_150744.mp4
06-29 20:12:14.432  5744  7019 W Summariser:   active sections: 1
06-29 20:12:14.432  5744  7019 W Summariser:   time: 17.100s
06-29 20:12:14.432  5744  7019 W Summariser:   original duration: 60.02
06-29 20:12:14.432  5744  7019 W Summariser:   summarised duration: 4.83
06-29 20:12:14.432  5744  7019 W Summariser:   noise tolerance: 45.00
06-29 20:12:14.432  5744  7019 W Summariser:   quality: 23
06-29 20:12:14.432  5744  7019 W Summariser:   speed: medium
06-29 20:12:14.432  5744  7019 W Summariser:   freeze duration: 1.00
06-29 20:12:14.562  5744  7019 W NearbyFragment: Sending 20200312_150744.mp4 to Nexus 5X [34d8]
06-29 20:12:53.791  5744  5744 W NearbyFragment: Completed downloading 20200312_150944.mp4 from Endpoint{id=zCiv, name=Nexus 5X [34d8]} in 08.523s
06-29 20:12:53.888  5744  6937 W mobile-ffmpeg: 
06-29 20:12:53.889  5744  6937 W mobile-ffmpeg: [mov,mp4,m4a,3gp,3g2,mj2 @ 0x7d95736c00] 
06-29 20:12:53.889  5744  6937 W mobile-ffmpeg: 
06-29 20:12:53.889  5744  6937 W mobile-ffmpeg: Found duplicated MOOV Atom. Skipped it
06-29 20:13:00.635  5744  7168 W Summariser: 1 active sections found
06-29 20:13:00.639  5744  6937 W mobile-ffmpeg: 
06-29 20:13:00.639  5744  6937 W mobile-ffmpeg: [mov,mp4,m4a,3gp,3g2,mj2 @ 0x7d95736c00] 
06-29 20:13:00.639  5744  6937 W mobile-ffmpeg: 
06-29 20:13:00.639  5744  6937 W mobile-ffmpeg: Found duplicated MOOV Atom. Skipped it
06-29 20:13:07.411  5744  7168 W Summariser: Summarisation completed
06-29 20:13:07.411  5744  7168 W Summariser:   filename: 20200312_150944.mp4
06-29 20:13:07.411  5744  7168 W Summariser:   active sections: 1
06-29 20:13:07.411  5744  7168 W Summariser:   time: 13.430s
06-29 20:13:07.411  5744  7168 W Summariser:   original duration: 60.02
06-29 20:13:07.411  5744  7168 W Summariser:   summarised duration: 7.07
06-29 20:13:07.411  5744  7168 W Summariser:   noise tolerance: 45.00
06-29 20:13:07.411  5744  7168 W Summariser:   quality: 23
06-29 20:13:07.411  5744  7168 W Summariser:   speed: medium
06-29 20:13:07.411  5744  7168 W Summariser:   freeze duration: 1.00
06-29 20:13:07.535  5744  7168 W NearbyFragment: Sending 20200312_150944.mp4 to Nexus 5X [34d8]
06-29 20:13:26.029  5744  5768 W System  : A resource failed to call close. 
06-29 20:13:26.030  5744  5768 W System  : A resource failed to call close. 
06-29 20:13:30.603  5744  5744 W NearbyFragment: Completed downloading 20200312_151044.mp4 from Endpoint{id=zCiv, name=Nexus 5X [34d8]} in 08.584s
06-29 20:13:30.692  5744  6937 W mobile-ffmpeg: 
06-29 20:13:30.692  5744  6937 W mobile-ffmpeg: [mov,mp4,m4a,3gp,3g2,mj2 @ 0x7d95736c00] 
06-29 20:13:30.693  5744  6937 W mobile-ffmpeg: 
06-29 20:13:30.693  5744  6937 W mobile-ffmpeg: Found duplicated MOOV Atom. Skipped it
06-29 20:13:37.337  5744  7257 W Summariser: No activity detected
06-29 20:13:37.388  5744  7257 W Summariser: Summarisation completed
06-29 20:13:37.388  5744  7257 W Summariser:   filename: 20200312_151044.mp4
06-29 20:13:37.388  5744  7257 W Summariser:   active sections: 0
06-29 20:13:37.388  5744  7257 W Summariser:   time: 06.654s
06-29 20:13:37.388  5744  7257 W Summariser:   original duration: 60.02
06-29 20:13:37.388  5744  7257 W Summariser:   summarised duration: -1.00
06-29 20:13:37.388  5744  7257 W Summariser:   noise tolerance: 45.00
06-29 20:13:37.388  5744  7257 W Summariser:   quality: 23
06-29 20:13:37.388  5744  7257 W Summariser:   speed: medium
06-29 20:13:37.388  5744  7257 W Summariser:   freeze duration: 1.00
06-29 20:13:53.423  5744  5744 W NearbyFragment: Completed downloading 20200312_193528.mp4 from Endpoint{id=zCiv, name=Nexus 5X [34d8]} in 08.241s
06-29 20:13:53.526  5744  6937 W mobile-ffmpeg: 
06-29 20:13:53.526  5744  6937 W mobile-ffmpeg: [mov,mp4,m4a,3gp,3g2,mj2 @ 0x7d95736c00] 
06-29 20:13:53.527  5744  6937 W mobile-ffmpeg: 
06-29 20:13:53.527  5744  6937 W mobile-ffmpeg: Found duplicated MOOV Atom. Skipped it
06-29 20:14:00.215  5744  7300 W Summariser: No activity detected
06-29 20:14:00.264  5744  7300 W Summariser: Summarisation completed
06-29 20:14:00.264  5744  7300 W Summariser:   filename: 20200312_193528.mp4
06-29 20:14:00.264  5744  7300 W Summariser:   active sections: 0
06-29 20:14:00.264  5744  7300 W Summariser:   time: 06.699s
06-29 20:14:00.264  5744  7300 W Summariser:   original duration: 60.05
06-29 20:14:00.264  5744  7300 W Summariser:   summarised duration: -1.00
06-29 20:14:00.264  5744  7300 W Summariser:   noise tolerance: 45.00
06-29 20:14:00.264  5744  7300 W Summariser:   quality: 23
06-29 20:14:00.264  5744  7300 W Summariser:   speed: medium
06-29 20:14:00.264  5744  7300 W Summariser:   freeze duration: 1.00
06-29 20:14:16.940  5744  5744 W NearbyFragment: Completed downloading 20200312_193628.mp4 from Endpoint{id=zCiv, name=Nexus 5X [34d8]} in 08.932s
06-29 20:14:16.990  5744  6937 W mobile-ffmpeg: 
06-29 20:14:16.990  5744  6937 W mobile-ffmpeg: [mov,mp4,m4a,3gp,3g2,mj2 @ 0x7d95736c00] 
06-29 20:14:16.990  5744  6937 W mobile-ffmpeg: 
06-29 20:14:16.990  5744  6937 W mobile-ffmpeg: Found duplicated MOOV Atom. Skipped it
06-29 20:14:23.884  5744  7331 W Summariser: 1 active sections found
06-29 20:14:23.888  5744  6937 W mobile-ffmpeg: 
06-29 20:14:23.888  5744  6937 W mobile-ffmpeg: [mov,mp4,m4a,3gp,3g2,mj2 @ 0x7d95736c00] 
06-29 20:14:23.888  5744  6937 W mobile-ffmpeg: 
06-29 20:14:23.888  5744  6937 W mobile-ffmpeg: Found duplicated MOOV Atom. Skipped it
06-29 20:14:35.804  5744  5768 W System  : A resource failed to call close. 
06-29 20:14:35.805  5744  5768 W System  : A resource failed to call close. 
06-29 20:14:35.848  5744  7331 W Summariser: Summarisation completed
06-29 20:14:35.848  5744  7331 W Summariser:   filename: 20200312_193628.mp4
06-29 20:14:35.848  5744  7331 W Summariser:   active sections: 1
06-29 20:14:35.848  5744  7331 W Summariser:   time: 18.764s
06-29 20:14:35.848  5744  7331 W Summariser:   original duration: 60.02
06-29 20:14:35.848  5744  7331 W Summariser:   summarised duration: 6.07
06-29 20:14:35.848  5744  7331 W Summariser:   noise tolerance: 45.00
06-29 20:14:35.848  5744  7331 W Summariser:   quality: 23
06-29 20:14:35.848  5744  7331 W Summariser:   speed: medium
06-29 20:14:35.848  5744  7331 W Summariser:   freeze duration: 1.00
06-29 20:14:35.961  5744  7331 W NearbyFragment: Sending 20200312_193628.mp4 to Nexus 5X [34d8]
06-29 20:15:13.183  5744  5744 W NearbyFragment: Completed downloading 20200312_193828.mp4 from Endpoint{id=zCiv, name=Nexus 5X [34d8]} in 08.246s
06-29 20:15:13.270  5744  6937 W mobile-ffmpeg: 
06-29 20:15:13.271  5744  6937 W mobile-ffmpeg: [mov,mp4,m4a,3gp,3g2,mj2 @ 0x7d95736c00] 
06-29 20:15:13.271  5744  6937 W mobile-ffmpeg: 
06-29 20:15:13.271  5744  6937 W mobile-ffmpeg: Found duplicated MOOV Atom. Skipped it
06-29 20:15:20.206  5744  7422 W Summariser: 1 active sections found
06-29 20:15:20.210  5744  6937 W mobile-ffmpeg: 
06-29 20:15:20.210  5744  6937 W mobile-ffmpeg: [mov,mp4,m4a,3gp,3g2,mj2 @ 0x7d95736c00] 
06-29 20:15:20.210  5744  6937 W mobile-ffmpeg: 
06-29 20:15:20.210  5744  6937 W mobile-ffmpeg: Found duplicated MOOV Atom. Skipped it
06-29 20:15:33.680  5744  7422 W Summariser: Summarisation completed
06-29 20:15:33.680  5744  7422 W Summariser:   filename: 20200312_193828.mp4
06-29 20:15:33.680  5744  7422 W Summariser:   active sections: 1
06-29 20:15:33.680  5744  7422 W Summariser:   time: 20.320s
06-29 20:15:33.680  5744  7422 W Summariser:   original duration: 60.02
06-29 20:15:33.680  5744  7422 W Summariser:   summarised duration: 14.28
06-29 20:15:33.680  5744  7422 W Summariser:   noise tolerance: 45.00
06-29 20:15:33.680  5744  7422 W Summariser:   quality: 23
06-29 20:15:33.680  5744  7422 W Summariser:   speed: medium
06-29 20:15:33.680  5744  7422 W Summariser:   freeze duration: 1.00
06-29 20:15:33.755  5744  7422 W NearbyFragment: Sending 20200312_193828.mp4 to Nexus 5X [34d8]
06-29 20:15:45.224  5744  5787 W example.edgesu: JNI critical lock held for 87.501ms on Thread[10,tid=5787,Runnable,Thread*=0x7d9567b400,peer=0x17b045c8,"Binder:5744_2"]
06-29 20:15:53.209  5744  5744 W NearbyFragment: Completed downloading 20200312_193928.mp4 from Endpoint{id=zCiv, name=Nexus 5X [34d8]} in 08.635s
06-29 20:15:53.314  5744  6937 W mobile-ffmpeg: 
06-29 20:15:53.314  5744  6937 W mobile-ffmpeg: [mov,mp4,m4a,3gp,3g2,mj2 @ 0x7d95736c00] 
06-29 20:15:53.314  5744  6937 W mobile-ffmpeg: 
06-29 20:15:53.314  5744  6937 W mobile-ffmpeg: Found duplicated MOOV Atom. Skipped it
06-29 20:16:00.024  5744  7499 W Summariser: No activity detected
06-29 20:16:00.073  5744  7499 W Summariser: Summarisation completed
06-29 20:16:00.073  5744  7499 W Summariser:   filename: 20200312_193928.mp4
06-29 20:16:00.073  5744  7499 W Summariser:   active sections: 0
06-29 20:16:00.073  5744  7499 W Summariser:   time: 06.721s
06-29 20:16:00.073  5744  7499 W Summariser:   original duration: 60.89
06-29 20:16:00.073  5744  7499 W Summariser:   summarised duration: -1.00
06-29 20:16:00.073  5744  7499 W Summariser:   noise tolerance: 45.00
06-29 20:16:00.073  5744  7499 W Summariser:   quality: 23
06-29 20:16:00.073  5744  7499 W Summariser:   speed: medium
06-29 20:16:00.073  5744  7499 W Summariser:   freeze duration: 1.00
06-29 20:16:12.995  5744  5768 W System  : A resource failed to call close. 
06-29 20:16:12.996  5744  5768 W System  : A resource failed to call close. 
06-29 20:16:12.996  5744  5768 W System  : A resource failed to call close. 
06-29 20:16:12.997  5744  5768 W System  : A resource failed to call close. 
06-29 20:16:17.458  5744  5744 W NearbyFragment: Completed downloading 20200312_194129.mp4 from Endpoint{id=zCiv, name=Nexus 5X [34d8]} in 08.823s
06-29 20:16:17.544  5744  6937 W mobile-ffmpeg: 
06-29 20:16:17.544  5744  6937 W mobile-ffmpeg: [mov,mp4,m4a,3gp,3g2,mj2 @ 0x7d95736c00] 
06-29 20:16:17.544  5744  6937 W mobile-ffmpeg: 
06-29 20:16:17.544  5744  6937 W mobile-ffmpeg: Found duplicated MOOV Atom. Skipped it
06-29 20:16:24.523  5744  7540 W Summariser: 2 active sections found
06-29 20:16:24.527  5744  6937 W mobile-ffmpeg: 
06-29 20:16:24.527  5744  6937 W mobile-ffmpeg: [mov,mp4,m4a,3gp,3g2,mj2 @ 0x7d95736c00] 
06-29 20:16:24.527  5744  6937 W mobile-ffmpeg: 
06-29 20:16:24.527  5744  6937 W mobile-ffmpeg: Found duplicated MOOV Atom. Skipped it
06-29 20:16:38.325  5744  7540 W Summariser: Summarisation completed
06-29 20:16:38.325  5744  7540 W Summariser:   filename: 20200312_194129.mp4
06-29 20:16:38.325  5744  7540 W Summariser:   active sections: 2
06-29 20:16:38.325  5744  7540 W Summariser:   time: 20.706s
06-29 20:16:38.325  5744  7540 W Summariser:   original duration: 60.02
06-29 20:16:38.325  5744  7540 W Summariser:   summarised duration: 10.77
06-29 20:16:38.325  5744  7540 W Summariser:   noise tolerance: 45.00
06-29 20:16:38.325  5744  7540 W Summariser:   quality: 23
06-29 20:16:38.325  5744  7540 W Summariser:   speed: medium
06-29 20:16:38.325  5744  7540 W Summariser:   freeze duration: 1.00
06-29 20:16:38.449  5744  7540 W NearbyFragment: Sending 20200312_194129.mp4 to Nexus 5X [34d8]
06-29 20:17:15.726  5744  7494 W example.edgesu: JNI critical lock held for 67.794ms on Thread[17,tid=7494,Runnable,Thread*=0x7d715f1400,peer=0x13580000,"Binder:5744_5"]
06-29 20:17:18.080  5744  5744 W NearbyFragment: Completed downloading 20200312_194330.mp4 from Endpoint{id=zCiv, name=Nexus 5X [34d8]} in 08.412s
06-29 20:17:18.175  5744  6937 W mobile-ffmpeg: 
06-29 20:17:18.175  5744  6937 W mobile-ffmpeg: [mov,mp4,m4a,3gp,3g2,mj2 @ 0x7d95736c00] 
06-29 20:17:18.176  5744  6937 W mobile-ffmpeg: 
06-29 20:17:18.176  5744  6937 W mobile-ffmpeg: Found duplicated MOOV Atom. Skipped it
06-29 20:17:24.953  5744  7621 W Summariser: No activity detected
06-29 20:17:25.000  5744  7621 W Summariser: Summarisation completed
06-29 20:17:25.000  5744  7621 W Summariser:   filename: 20200312_194330.mp4
06-29 20:17:25.000  5744  7621 W Summariser:   active sections: 0
06-29 20:17:25.000  5744  7621 W Summariser:   time: 06.785s
06-29 20:17:25.000  5744  7621 W Summariser:   original duration: 60.02
06-29 20:17:25.000  5744  7621 W Summariser:   summarised duration: -1.00
06-29 20:17:25.000  5744  7621 W Summariser:   noise tolerance: 45.00
06-29 20:17:25.000  5744  7621 W Summariser:   quality: 23
06-29 20:17:25.000  5744  7621 W Summariser:   speed: medium
06-29 20:17:25.000  5744  7621 W Summariser:   freeze duration: 1.00
06-29 20:17:45.252  5744  5744 W NearbyFragment: Completed downloading 20200312_194730.mp4 from Endpoint{id=zCiv, name=Nexus 5X [34d8]} in 08.758s
06-29 20:17:45.319  5744  6937 W mobile-ffmpeg: 
06-29 20:17:45.320  5744  6937 W mobile-ffmpeg: [mov,mp4,m4a,3gp,3g2,mj2 @ 0x7d95736c00] 
06-29 20:17:45.320  5744  6937 W mobile-ffmpeg: 
06-29 20:17:45.320  5744  6937 W mobile-ffmpeg: Found duplicated MOOV Atom. Skipped it
06-29 20:17:52.192  5744  7661 W Summariser: No activity detected
06-29 20:17:52.242  5744  7661 W Summariser: Summarisation completed
06-29 20:17:52.242  5744  7661 W Summariser:   filename: 20200312_194730.mp4
06-29 20:17:52.242  5744  7661 W Summariser:   active sections: 0
06-29 20:17:52.242  5744  7661 W Summariser:   time: 06.880s
06-29 20:17:52.242  5744  7661 W Summariser:   original duration: 60.02
06-29 20:17:52.242  5744  7661 W Summariser:   summarised duration: -1.00
06-29 20:17:52.242  5744  7661 W Summariser:   noise tolerance: 45.00
06-29 20:17:52.242  5744  7661 W Summariser:   quality: 23
06-29 20:17:52.242  5744  7661 W Summariser:   speed: medium
06-29 20:17:52.242  5744  7661 W Summariser:   freeze duration: 1.00
06-29 20:17:52.254  5744  5768 W System  : A resource failed to call close. 
06-29 20:17:52.255  5744  5768 W System  : A resource failed to call close. 
06-29 20:18:12.924  5744  5744 W NearbyFragment: Completed downloading 20200312_194830.mp4 from Endpoint{id=zCiv, name=Nexus 5X [34d8]} in 08.709s
06-29 20:18:13.010  5744  6937 W mobile-ffmpeg: 
06-29 20:18:13.011  5744  6937 W mobile-ffmpeg: [mov,mp4,m4a,3gp,3g2,mj2 @ 0x7d95736c00] 
06-29 20:18:13.011  5744  6937 W mobile-ffmpeg: 
06-29 20:18:13.011  5744  6937 W mobile-ffmpeg: Found duplicated MOOV Atom. Skipped it
06-29 20:18:19.814  5744  7720 W Summariser: 4 active sections found
06-29 20:18:19.818  5744  6937 W mobile-ffmpeg: 
06-29 20:18:19.818  5744  6937 W mobile-ffmpeg: [mov,mp4,m4a,3gp,3g2,mj2 @ 0x7d95736c00] 
06-29 20:18:19.818  5744  6937 W mobile-ffmpeg: 
06-29 20:18:19.819  5744  6937 W mobile-ffmpeg: Found duplicated MOOV Atom. Skipped it
06-29 20:18:41.045  5744  7720 W Summariser: Summarisation completed
06-29 20:18:41.045  5744  7720 W Summariser:   filename: 20200312_194830.mp4
06-29 20:18:41.045  5744  7720 W Summariser:   active sections: 4
06-29 20:18:41.045  5744  7720 W Summariser:   time: 27.942s
06-29 20:18:41.045  5744  7720 W Summariser:   original duration: 60.02
06-29 20:18:41.045  5744  7720 W Summariser:   summarised duration: 19.02
06-29 20:18:41.045  5744  7720 W Summariser:   noise tolerance: 45.00
06-29 20:18:41.045  5744  7720 W Summariser:   quality: 23
06-29 20:18:41.045  5744  7720 W Summariser:   speed: medium
06-29 20:18:41.045  5744  7720 W Summariser:   freeze duration: 1.00
06-29 20:18:41.163  5744  7720 W NearbyFragment: Sending 20200312_194830.mp4 to Nexus 5X [34d8]
06-29 20:19:08.530  5744  5744 W NearbyFragment: Completed downloading 20200312_195230.mp4 from Endpoint{id=zCiv, name=Nexus 5X [34d8]} in 08.265s
06-29 20:19:08.595  5744  6937 W mobile-ffmpeg: 
06-29 20:19:08.595  5744  6937 W mobile-ffmpeg: [mov,mp4,m4a,3gp,3g2,mj2 @ 0x7d95736c00] 
06-29 20:19:08.595  5744  6937 W mobile-ffmpeg: 
06-29 20:19:08.595  5744  6937 W mobile-ffmpeg: Found duplicated MOOV Atom. Skipped it
06-29 20:19:15.713  5744  7832 W Summariser: 1 active sections found
06-29 20:19:15.718  5744  6937 W mobile-ffmpeg: 
06-29 20:19:15.718  5744  6937 W mobile-ffmpeg: [mov,mp4,m4a,3gp,3g2,mj2 @ 0x7d95736c00] 
06-29 20:19:15.718  5744  6937 W mobile-ffmpeg: 
06-29 20:19:15.718  5744  6937 W mobile-ffmpeg: Found duplicated MOOV Atom. Skipped it
06-29 20:19:24.913  5744  7832 W Summariser: Summarisation completed
06-29 20:19:24.913  5744  7832 W Summariser:   filename: 20200312_195230.mp4
06-29 20:19:24.913  5744  7832 W Summariser:   active sections: 1
06-29 20:19:24.913  5744  7832 W Summariser:   time: 16.241s
06-29 20:19:24.913  5744  7832 W Summariser:   original duration: 60.02
06-29 20:19:24.913  5744  7832 W Summariser:   summarised duration: 6.97
06-29 20:19:24.913  5744  7832 W Summariser:   noise tolerance: 45.00
06-29 20:19:24.913  5744  7832 W Summariser:   quality: 23
06-29 20:19:24.913  5744  7832 W Summariser:   speed: medium
06-29 20:19:24.913  5744  7832 W Summariser:   freeze duration: 1.00
06-29 20:19:25.019  5744  7832 W NearbyFragment: Sending 20200312_195230.mp4 to Nexus 5X [34d8]
06-29 20:19:52.199  5744  5768 W System  : A resource failed to call close. 
06-29 20:19:52.203  5744  5768 W System  : A resource failed to call close. 
06-29 20:19:56.523  5744  5744 W NearbyFragment: Completed downloading 20200312_195430.mp4 from Endpoint{id=zCiv, name=Nexus 5X [34d8]} in 07.682s
06-29 20:19:56.670  5744  6937 W mobile-ffmpeg: 
06-29 20:19:56.670  5744  6937 W mobile-ffmpeg: [mov,mp4,m4a,3gp,3g2,mj2 @ 0x7d95736c00] 
06-29 20:19:56.670  5744  6937 W mobile-ffmpeg: 
06-29 20:19:56.670  5744  6937 W mobile-ffmpeg: Found duplicated MOOV Atom. Skipped it
06-29 20:20:03.537  5744  7924 W Summariser: 5 active sections found
06-29 20:20:03.542  5744  6937 W mobile-ffmpeg: 
06-29 20:20:03.542  5744  6937 W mobile-ffmpeg: [mov,mp4,m4a,3gp,3g2,mj2 @ 0x7d95736c00] 
06-29 20:20:03.542  5744  6937 W mobile-ffmpeg: 
06-29 20:20:03.542  5744  6937 W mobile-ffmpeg: Found duplicated MOOV Atom. Skipped it
06-29 20:20:24.070  5744  7924 W Summariser: Summarisation completed
06-29 20:20:24.070  5744  7924 W Summariser:   filename: 20200312_195430.mp4
06-29 20:20:24.070  5744  7924 W Summariser:   active sections: 5
06-29 20:20:24.070  5744  7924 W Summariser:   time: 27.314s
06-29 20:20:24.070  5744  7924 W Summariser:   original duration: 60.02
06-29 20:20:24.070  5744  7924 W Summariser:   summarised duration: 21.92
06-29 20:20:24.070  5744  7924 W Summariser:   noise tolerance: 45.00
06-29 20:20:24.070  5744  7924 W Summariser:   quality: 23
06-29 20:20:24.070  5744  7924 W Summariser:   speed: medium
06-29 20:20:24.070  5744  7924 W Summariser:   freeze duration: 1.00
06-29 20:20:24.189  5744  7924 W NearbyFragment: Sending 20200312_195430.mp4 to Nexus 5X [34d8]
