07-12 18:12:03.119 22019 25318 V ProcessingVideosEventHandler: onRemove
07-12 18:12:03.155 22019 22019 V NearbyFragment: Transfer to Endpoint{id=b89F, name=Shark 1S [9c8f]} complete
07-12 18:12:03.209 22019 24815 D SummariserIntentService: Scanned /storage/emulated/0/Movies/summarised
07-12 18:12:03.209 22019 24815 D SummariserIntentService:   -> uri=content://media/external/file/139217
07-12 18:12:03.703 22019 22019 V NearbyFragment: Transfer to Endpoint{id=b89F, name=Shark 1S [9c8f]} complete
07-12 18:12:03.944 22019 22019 D NearbyFragment: onPayloadReceived(endpointId=b89F, payload=com.google.android.gms.nearby.connection.Payload@b886daf)
07-12 18:12:03.945 22019 22019 V NearbyFragment: Started downloading SUMMARISE_SEGMENT:-8265430323510365432:20200312_193828!003.mp4:45.0_1.0_23_medium from Endpoint{id=b89F, name=Shark 1S [9c8f]}
07-12 18:12:03.947 22019 22019 V NearbyFragment: Transfer to Endpoint{id=b89F, name=Shark 1S [9c8f]} complete
07-12 18:12:04.016 22019 22019 D NearbyFragment: onPayloadReceived(endpointId=b89F, payload=com.google.android.gms.nearby.connection.Payload@edc35bc)
07-12 18:12:06.875 22019 22019 V NearbyFragment: Transfer to Endpoint{id=b89F, name=Shark 1S [9c8f]} complete
07-12 18:12:06.877 22019 22019 W NearbyFragment: Completed downloading 20200312_193828!003.mp4 from Endpoint{id=b89F, name=Shark 1S [9c8f]} in 02.931s
07-12 18:12:06.884 22019 22019 V FileManager: External storage is readable
07-12 18:12:06.884 22019 22019 V FileManager: Directory already exists: /storage/emulated/0/Movies/segment-sum/20200312_193828
07-12 18:12:06.885 22019 22019 D NearbyFragment: Summarising 20200312_193828!003.mp4
07-12 18:12:06.886 22019 22019 V VideoManager: Retrieving video from /storage/emulated/0/Download/Nearby/20200312_193828!003.mp4
07-12 18:12:06.899 22019 22019 D VideoManager: videoCursor is null
07-12 18:12:06.976 22019 22019 V VideoManager: videoFromCursor
07-12 18:12:06.978 22019 22019 V ProcessingVideosEventHandler: onAdd
07-12 18:12:06.978 22019 22019 V RawFootageEventHandler: onRemove
07-12 18:12:06.983 22019 22019 V NearbyFragment: Transfer to Endpoint{id=b89F, name=Shark 1S [9c8f]} complete
07-12 18:12:06.984 22019 25430 V SummariserIntentService: onHandleIntent
07-12 18:12:06.985 22019 25430 D SummariserIntentService: Video{id='139384', data='/storage/emulated/0/Download/Nearby/20200312_193828!003.mp4', name='20200312_193828!003.mp4', size=12614741, visible=true, mimeType='video/mp4'}
07-12 18:12:06.985 22019 25430 D SummariserIntentService: /storage/emulated/0/Movies/segment-sum/20200312_193828/20200312_193828!003.mp4
07-12 18:12:06.986 22019 25430 I FfmpegTools: Running ffmpeg with:
07-12 18:12:06.986 22019 25430 I FfmpegTools:   -y -i /storage/emulated/0/Download/Nearby/20200312_193828!003.mp4 -vf freezedetect=n=-45.000000dB:d=1.000000,metadata=mode=print:file=/storage/emulated/0/Movies/raw/20200312_193828!003.txt -f null -
07-12 18:12:07.060 22019 24116 W mobile-ffmpeg: [graph 0 input from stream 0:0 @ 0x71f5666c80] sws_param option is deprecated and ignored
07-12 18:12:08.747 22019 25430 W Summariser: No activity detected
07-12 18:12:08.747 22019 25430 V FfmpegTools: Retrieving duration of /storage/emulated/0/Download/Nearby/20200312_193828!003.mp4
07-12 18:12:08.774 22019 25430 W Summariser: Summarisation completed
07-12 18:12:08.774 22019 25430 W Summariser:   filename: 20200312_193828!003.mp4
07-12 18:12:08.774 22019 25430 W Summariser:   active sections: 0
07-12 18:12:08.774 22019 25430 W Summariser:   time: 01.762s
07-12 18:12:08.774 22019 25430 W Summariser:   original duration: 12.01
07-12 18:12:08.774 22019 25430 W Summariser:   summarised duration: -1.00
07-12 18:12:08.774 22019 25430 W Summariser:   noise tolerance: 45.00
07-12 18:12:08.774 22019 25430 W Summariser:   quality: 23
07-12 18:12:08.774 22019 25430 W Summariser:   speed: medium
07-12 18:12:08.774 22019 25430 W Summariser:   freeze duration: 1.00
07-12 18:12:08.774 22019 25430 V ProcessingVideosEventHandler: onRemove
07-12 18:12:08.791 22019 22019 V NearbyFragment: Transfer to Endpoint{id=b89F, name=Shark 1S [9c8f]} complete
07-12 18:12:08.824 22019 22019 D NearbyFragment: onPayloadReceived(endpointId=b89F, payload=com.google.android.gms.nearby.connection.Payload@4fe40f2)
07-12 18:12:08.825 22019 22019 V NearbyFragment: Started downloading SUMMARISE_SEGMENT:-5039291905841776466:20200312_193928!001.mp4:45.0_1.0_23_medium from Endpoint{id=b89F, name=Shark 1S [9c8f]}
07-12 18:12:08.837 22019 24814 D SummariserIntentService: Scanned /storage/emulated/0/Movies/summarised
07-12 18:12:08.837 22019 24814 D SummariserIntentService:   -> uri=content://media/external/file/139217
07-12 18:12:08.858 22019 22019 V NearbyFragment: Transfer to Endpoint{id=b89F, name=Shark 1S [9c8f]} complete
07-12 18:12:08.906 22019 22019 D NearbyFragment: onPayloadReceived(endpointId=b89F, payload=com.google.android.gms.nearby.connection.Payload@5379343)
07-12 18:12:13.607 22019 22019 V NearbyFragment: Transfer to Endpoint{id=b89F, name=Shark 1S [9c8f]} complete
07-12 18:12:13.609 22019 22019 W NearbyFragment: Completed downloading 20200312_193928!001.mp4 from Endpoint{id=b89F, name=Shark 1S [9c8f]} in 04.781s
07-12 18:12:13.619 22019 22019 V FileManager: External storage is readable
07-12 18:12:13.623 22019 22019 V FileManager: Created new directory: /storage/emulated/0/Movies/segment-sum/20200312_193928
07-12 18:12:13.624 22019 22019 D NearbyFragment: Summarising 20200312_193928!001.mp4
07-12 18:12:13.624 22019 22019 V VideoManager: Retrieving video from /storage/emulated/0/Download/Nearby/20200312_193928!001.mp4
07-12 18:12:13.641 22019 22019 D VideoManager: videoCursor is null
07-12 18:12:13.696 22019 22019 V VideoManager: videoFromCursor
07-12 18:12:13.701 22019 22019 V ProcessingVideosEventHandler: onAdd
07-12 18:12:13.702 22019 22019 V RawFootageEventHandler: onRemove
07-12 18:12:13.711 22019 22019 V NearbyFragment: Transfer to Endpoint{id=b89F, name=Shark 1S [9c8f]} complete
07-12 18:12:13.720 22019 25464 V SummariserIntentService: onHandleIntent
07-12 18:12:13.722 22019 25464 D SummariserIntentService: Video{id='139385', data='/storage/emulated/0/Download/Nearby/20200312_193928!001.mp4', name='20200312_193928!001.mp4', size=16838735, visible=true, mimeType='video/mp4'}
07-12 18:12:13.722 22019 25464 D SummariserIntentService: /storage/emulated/0/Movies/segment-sum/20200312_193928/20200312_193928!001.mp4
07-12 18:12:13.730 22019 25464 I FfmpegTools: Running ffmpeg with:
07-12 18:12:13.730 22019 25464 I FfmpegTools:   -y -i /storage/emulated/0/Download/Nearby/20200312_193928!001.mp4 -vf freezedetect=n=-45.000000dB:d=1.000000,metadata=mode=print:file=/storage/emulated/0/Movies/raw/20200312_193928!001.txt -f null -
07-12 18:12:13.888 22019 24116 W mobile-ffmpeg: [graph 0 input from stream 0:0 @ 0x71f5666c80] sws_param option is deprecated and ignored
07-12 18:12:15.934 22019 25464 W Summariser: No activity detected
07-12 18:12:15.935 22019 25464 V FfmpegTools: Retrieving duration of /storage/emulated/0/Download/Nearby/20200312_193928!001.mp4
07-12 18:12:15.978 22019 25464 W Summariser: Summarisation completed
07-12 18:12:15.978 22019 25464 W Summariser:   filename: 20200312_193928!001.mp4
07-12 18:12:15.978 22019 25464 W Summariser:   active sections: 0
07-12 18:12:15.978 22019 25464 W Summariser:   time: 02.211s
07-12 18:12:15.978 22019 25464 W Summariser:   original duration: 16.05
07-12 18:12:15.978 22019 25464 W Summariser:   summarised duration: -1.00
07-12 18:12:15.978 22019 25464 W Summariser:   noise tolerance: 45.00
07-12 18:12:15.978 22019 25464 W Summariser:   quality: 23
07-12 18:12:15.978 22019 25464 W Summariser:   speed: medium
07-12 18:12:15.978 22019 25464 W Summariser:   freeze duration: 1.00
07-12 18:12:15.979 22019 25464 V ProcessingVideosEventHandler: onRemove
07-12 18:12:15.990 22019 22019 V NearbyFragment: Transfer to Endpoint{id=b89F, name=Shark 1S [9c8f]} complete
07-12 18:12:16.035 22019 22038 D SummariserIntentService: Scanned /storage/emulated/0/Movies/summarised
07-12 18:12:16.035 22019 22038 D SummariserIntentService:   -> uri=content://media/external/file/139217
07-12 18:12:16.040 22019 22019 D NearbyFragment: onPayloadReceived(endpointId=b89F, payload=com.google.android.gms.nearby.connection.Payload@13c14d8)
07-12 18:12:16.041 22019 22019 V NearbyFragment: Started downloading SUMMARISE_SEGMENT:-4778803942292691157:20200312_193928!003.mp4:45.0_1.0_23_medium from Endpoint{id=b89F, name=Shark 1S [9c8f]}
07-12 18:12:16.049 22019 22019 V NearbyFragment: Transfer to Endpoint{id=b89F, name=Shark 1S [9c8f]} complete
07-12 18:12:16.062 22019 22019 D NearbyFragment: onPayloadReceived(endpointId=b89F, payload=com.google.android.gms.nearby.connection.Payload@bfee031)
07-12 18:12:21.890 22019 22019 V NearbyFragment: Transfer to Endpoint{id=b89F, name=Shark 1S [9c8f]} complete
07-12 18:12:21.892 22019 22019 W NearbyFragment: Completed downloading 20200312_193928!003.mp4 from Endpoint{id=b89F, name=Shark 1S [9c8f]} in 05.849s
07-12 18:12:21.902 22019 22019 V FileManager: External storage is readable
07-12 18:12:21.903 22019 22019 V FileManager: Directory already exists: /storage/emulated/0/Movies/segment-sum/20200312_193928
07-12 18:12:21.904 22019 22019 D NearbyFragment: Summarising 20200312_193928!003.mp4
07-12 18:12:21.904 22019 22019 V VideoManager: Retrieving video from /storage/emulated/0/Download/Nearby/20200312_193928!003.mp4
07-12 18:12:21.921 22019 22019 D VideoManager: videoCursor is null
07-12 18:12:21.974 22019 22019 V VideoManager: videoFromCursor
07-12 18:12:21.978 22019 22019 V ProcessingVideosEventHandler: onAdd
07-12 18:12:21.978 22019 22019 V RawFootageEventHandler: onRemove
07-12 18:12:21.986 22019 22019 V NearbyFragment: Transfer to Endpoint{id=b89F, name=Shark 1S [9c8f]} complete
07-12 18:12:21.992 22019 25497 V SummariserIntentService: onHandleIntent
07-12 18:12:21.994 22019 25497 D SummariserIntentService: Video{id='139386', data='/storage/emulated/0/Download/Nearby/20200312_193928!003.mp4', name='20200312_193928!003.mp4', size=12686780, visible=true, mimeType='video/mp4'}
07-12 18:12:21.994 22019 25497 D SummariserIntentService: /storage/emulated/0/Movies/segment-sum/20200312_193928/20200312_193928!003.mp4
07-12 18:12:21.996 22019 25497 I FfmpegTools: Running ffmpeg with:
07-12 18:12:21.996 22019 25497 I FfmpegTools:   -y -i /storage/emulated/0/Download/Nearby/20200312_193928!003.mp4 -vf freezedetect=n=-45.000000dB:d=1.000000,metadata=mode=print:file=/storage/emulated/0/Movies/raw/20200312_193928!003.txt -f null -
07-12 18:12:22.139 22019 24116 W mobile-ffmpeg: [graph 0 input from stream 0:0 @ 0x71f5666c80] sws_param option is deprecated and ignored
07-12 18:12:23.682 22019 25497 W Summariser: No activity detected
07-12 18:12:23.682 22019 25497 V FfmpegTools: Retrieving duration of /storage/emulated/0/Download/Nearby/20200312_193928!003.mp4
07-12 18:12:23.719 22019 25497 W Summariser: Summarisation completed
07-12 18:12:23.719 22019 25497 W Summariser:   filename: 20200312_193928!003.mp4
07-12 18:12:23.719 22019 25497 W Summariser:   active sections: 0
07-12 18:12:23.719 22019 25497 W Summariser:   time: 01.687s
07-12 18:12:23.719 22019 25497 W Summariser:   original duration: 12.01
07-12 18:12:23.719 22019 25497 W Summariser:   summarised duration: -1.00
07-12 18:12:23.719 22019 25497 W Summariser:   noise tolerance: 45.00
07-12 18:12:23.719 22019 25497 W Summariser:   quality: 23
07-12 18:12:23.719 22019 25497 W Summariser:   speed: medium
07-12 18:12:23.719 22019 25497 W Summariser:   freeze duration: 1.00
07-12 18:12:23.719 22019 25497 V ProcessingVideosEventHandler: onRemove
07-12 18:12:23.742 22019 22019 V NearbyFragment: Transfer to Endpoint{id=b89F, name=Shark 1S [9c8f]} complete
07-12 18:12:23.784 22019 24814 D SummariserIntentService: Scanned /storage/emulated/0/Movies/summarised
07-12 18:12:23.784 22019 24814 D SummariserIntentService:   -> uri=content://media/external/file/139217
07-12 18:12:25.806 22019 22019 D NearbyFragment: onPayloadReceived(endpointId=b89F, payload=com.google.android.gms.nearby.connection.Payload@6ee6f8f)
07-12 18:12:25.808 22019 22019 V NearbyFragment: Started downloading SUMMARISE_SEGMENT:-7750395902285836445:20200312_194129!000.mp4:45.0_1.0_23_medium from Endpoint{id=b89F, name=Shark 1S [9c8f]}
07-12 18:12:25.810 22019 22019 V NearbyFragment: Transfer to Endpoint{id=b89F, name=Shark 1S [9c8f]} complete
07-12 18:12:25.832 22019 22019 D NearbyFragment: onPayloadReceived(endpointId=b89F, payload=com.google.android.gms.nearby.connection.Payload@11d421c)
07-12 18:12:29.850 22019 22019 V NearbyFragment: Transfer to Endpoint{id=b89F, name=Shark 1S [9c8f]} complete
07-12 18:12:29.851 22019 22019 W NearbyFragment: Completed downloading 20200312_194129!000.mp4 from Endpoint{id=b89F, name=Shark 1S [9c8f]} in 04.042s
07-12 18:12:29.859 22019 22019 V FileManager: External storage is readable
07-12 18:12:29.863 22019 22019 V FileManager: Created new directory: /storage/emulated/0/Movies/segment-sum/20200312_194129
07-12 18:12:29.864 22019 22019 D NearbyFragment: Summarising 20200312_194129!000.mp4
07-12 18:12:29.865 22019 22019 V VideoManager: Retrieving video from /storage/emulated/0/Download/Nearby/20200312_194129!000.mp4
07-12 18:12:29.882 22019 22019 D VideoManager: videoCursor is null
07-12 18:12:29.951 22019 22019 V VideoManager: videoFromCursor
07-12 18:12:29.957 22019 22019 V ProcessingVideosEventHandler: onAdd
07-12 18:12:29.958 22019 22019 V RawFootageEventHandler: onRemove
07-12 18:12:29.968 22019 22019 V NearbyFragment: Transfer to Endpoint{id=b89F, name=Shark 1S [9c8f]} complete
07-12 18:12:29.997 22019 25536 V SummariserIntentService: onHandleIntent
07-12 18:12:29.998 22019 25536 D SummariserIntentService: Video{id='139387', data='/storage/emulated/0/Download/Nearby/20200312_194129!000.mp4', name='20200312_194129!000.mp4', size=16878473, visible=true, mimeType='video/mp4'}
07-12 18:12:29.998 22019 25536 D SummariserIntentService: /storage/emulated/0/Movies/segment-sum/20200312_194129/20200312_194129!000.mp4
07-12 18:12:30.000 22019 25536 I FfmpegTools: Running ffmpeg with:
07-12 18:12:30.000 22019 25536 I FfmpegTools:   -y -i /storage/emulated/0/Download/Nearby/20200312_194129!000.mp4 -vf freezedetect=n=-45.000000dB:d=1.000000,metadata=mode=print:file=/storage/emulated/0/Movies/raw/20200312_194129!000.txt -f null -
07-12 18:12:30.097 22019 24116 W mobile-ffmpeg: [graph 0 input from stream 0:0 @ 0x720812a6c0] sws_param option is deprecated and ignored
07-12 18:12:32.167 22019 25536 W Summariser: No activity detected
07-12 18:12:32.167 22019 25536 V FfmpegTools: Retrieving duration of /storage/emulated/0/Download/Nearby/20200312_194129!000.mp4
07-12 18:12:32.192 22019 25536 W Summariser: Summarisation completed
07-12 18:12:32.192 22019 25536 W Summariser:   filename: 20200312_194129!000.mp4
07-12 18:12:32.192 22019 25536 W Summariser:   active sections: 0
07-12 18:12:32.192 22019 25536 W Summariser:   time: 02.168s
07-12 18:12:32.192 22019 25536 W Summariser:   original duration: 16.07
07-12 18:12:32.192 22019 25536 W Summariser:   summarised duration: -1.00
07-12 18:12:32.192 22019 25536 W Summariser:   noise tolerance: 45.00
07-12 18:12:32.192 22019 25536 W Summariser:   quality: 23
07-12 18:12:32.192 22019 25536 W Summariser:   speed: medium
07-12 18:12:32.192 22019 25536 W Summariser:   freeze duration: 1.00
07-12 18:12:32.192 22019 25536 V ProcessingVideosEventHandler: onRemove
07-12 18:12:32.207 22019 22019 V NearbyFragment: Transfer to Endpoint{id=b89F, name=Shark 1S [9c8f]} complete
07-12 18:12:32.259 22019 24814 D SummariserIntentService: Scanned /storage/emulated/0/Movies/summarised
07-12 18:12:32.259 22019 24814 D SummariserIntentService:   -> uri=content://media/external/file/139217
07-12 18:12:32.281 22019 22019 D NearbyFragment: onPayloadReceived(endpointId=b89F, payload=com.google.android.gms.nearby.connection.Payload@6d92052)
07-12 18:12:32.282 22019 22019 V NearbyFragment: Started downloading SUMMARISE_SEGMENT:-6450666749085298758:20200312_194129!002.mp4:45.0_1.0_23_medium from Endpoint{id=b89F, name=Shark 1S [9c8f]}
07-12 18:12:32.338 22019 22019 V NearbyFragment: Transfer to Endpoint{id=b89F, name=Shark 1S [9c8f]} complete
07-12 18:12:32.375 22019 22019 D NearbyFragment: onPayloadReceived(endpointId=b89F, payload=com.google.android.gms.nearby.connection.Payload@3b7ef23)
07-12 18:12:36.189 22019 22019 V NearbyFragment: Transfer to Endpoint{id=b89F, name=Shark 1S [9c8f]} complete
07-12 18:12:36.190 22019 22019 W NearbyFragment: Completed downloading 20200312_194129!002.mp4 from Endpoint{id=b89F, name=Shark 1S [9c8f]} in 03.906s
07-12 18:12:36.198 22019 22019 V FileManager: External storage is readable
07-12 18:12:36.199 22019 22019 V FileManager: Directory already exists: /storage/emulated/0/Movies/segment-sum/20200312_194129
07-12 18:12:36.200 22019 22019 D NearbyFragment: Summarising 20200312_194129!002.mp4
07-12 18:12:36.200 22019 22019 V VideoManager: Retrieving video from /storage/emulated/0/Download/Nearby/20200312_194129!002.mp4
07-12 18:12:36.212 22019 22019 D VideoManager: videoCursor is null
07-12 18:12:36.254 22019 22019 V VideoManager: videoFromCursor
07-12 18:12:36.258 22019 22019 V ProcessingVideosEventHandler: onAdd
07-12 18:12:36.259 22019 22019 V RawFootageEventHandler: onRemove
07-12 18:12:36.266 22019 22019 V NearbyFragment: Transfer to Endpoint{id=b89F, name=Shark 1S [9c8f]} complete
07-12 18:12:36.273 22019 25578 V SummariserIntentService: onHandleIntent
07-12 18:12:36.275 22019 25578 D SummariserIntentService: Video{id='139388', data='/storage/emulated/0/Download/Nearby/20200312_194129!002.mp4', name='20200312_194129!002.mp4', size=16799769, visible=true, mimeType='video/mp4'}
07-12 18:12:36.275 22019 25578 D SummariserIntentService: /storage/emulated/0/Movies/segment-sum/20200312_194129/20200312_194129!002.mp4
07-12 18:12:36.277 22019 25578 I FfmpegTools: Running ffmpeg with:
07-12 18:12:36.277 22019 25578 I FfmpegTools:   -y -i /storage/emulated/0/Download/Nearby/20200312_194129!002.mp4 -vf freezedetect=n=-45.000000dB:d=1.000000,metadata=mode=print:file=/storage/emulated/0/Movies/raw/20200312_194129!002.txt -f null -
07-12 18:12:36.422 22019 24116 W mobile-ffmpeg: [graph 0 input from stream 0:0 @ 0x720812a6c0] sws_param option is deprecated and ignored
07-12 18:12:38.523 22019 25578 W Summariser: 1 active sections found
07-12 18:12:38.523 22019 25578 I FfmpegTools: Running ffmpeg with:
07-12 18:12:38.523 22019 25578 I FfmpegTools:   -y -i /storage/emulated/0/Download/Nearby/20200312_194129!002.mp4 -filter_complex [0:v]trim=0.000000:7.339000,setpts=PTS-STARTPTS[v0];[0:a]atrim=0.000000:7.339000,asetpts=PTS-STARTPTS[a0];[v0][a0]concat=n=1:v=1:a=1[outv][outa] -map [outv] -map [outa] -crf 23 -preset medium /storage/emulated/0/Movies/segment-sum/20200312_194129/20200312_194129!002.mp4
07-12 18:12:38.588 22019 24116 W mobile-ffmpeg: [graph 0 input from stream 0:0 @ 0x720812a600] sws_param option is deprecated and ignored
07-12 18:12:45.478 22019 25578 V FfmpegTools: Retrieving duration of /storage/emulated/0/Download/Nearby/20200312_194129!002.mp4
07-12 18:12:45.556 22019 25578 V FfmpegTools: Retrieving duration of /storage/emulated/0/Movies/segment-sum/20200312_194129/20200312_194129!002.mp4
07-12 18:12:45.574 22019 25578 W Summariser: Summarisation completed
07-12 18:12:45.574 22019 25578 W Summariser:   filename: 20200312_194129!002.mp4
07-12 18:12:45.574 22019 25578 W Summariser:   active sections: 1
07-12 18:12:45.574 22019 25578 W Summariser:   time: 09.202s
07-12 18:12:45.574 22019 25578 W Summariser:   original duration: 16.01
07-12 18:12:45.574 22019 25578 W Summariser:   summarised duration: 7.37
07-12 18:12:45.574 22019 25578 W Summariser:   noise tolerance: 45.00
07-12 18:12:45.574 22019 25578 W Summariser:   quality: 23
07-12 18:12:45.574 22019 25578 W Summariser:   speed: medium
07-12 18:12:45.574 22019 25578 W Summariser:   freeze duration: 1.00
07-12 18:12:45.574 22019 25578 V VideoManager: Retrieving video from /storage/emulated/0/Movies/segment-sum/20200312_194129/20200312_194129!002.mp4
07-12 18:12:45.583 22019 25578 D VideoManager: videoCursor is null
07-12 18:12:45.639 22019 25578 V VideoManager: videoFromCursor
07-12 18:12:45.645 22019 25578 W NearbyFragment: Sending 20200312_194129!002.mp4 to Shark 1S [9c8f]
07-12 18:12:45.648 22019 25578 V ProcessingVideosEventHandler: onRemove
07-12 18:12:45.683 22019 22019 V NearbyFragment: Transfer to Endpoint{id=b89F, name=Shark 1S [9c8f]} complete
07-12 18:12:45.743 22019 25644 D SummariserIntentService: Scanned /storage/emulated/0/Movies/summarised
07-12 18:12:45.743 22019 25644 D SummariserIntentService:   -> uri=content://media/external/file/139217
07-12 18:12:45.746 22019 22019 V NearbyFragment: Transfer to Endpoint{id=b89F, name=Shark 1S [9c8f]} complete
07-12 18:12:48.930 22019 22019 D NearbyFragment: onPayloadReceived(endpointId=b89F, payload=com.google.android.gms.nearby.connection.Payload@cec4b11)
07-12 18:12:48.932 22019 22019 V NearbyFragment: Started downloading SUMMARISE_SEGMENT:-8053769575858107803:20200312_194229!000.mp4:45.0_1.0_23_medium from Endpoint{id=b89F, name=Shark 1S [9c8f]}
07-12 18:12:48.936 22019 22019 V NearbyFragment: Transfer to Endpoint{id=b89F, name=Shark 1S [9c8f]} complete
07-12 18:12:48.954 22019 22019 D NearbyFragment: onPayloadReceived(endpointId=b89F, payload=com.google.android.gms.nearby.connection.Payload@fa15476)
07-12 18:12:53.220 22019 22019 V NearbyFragment: Transfer to Endpoint{id=b89F, name=Shark 1S [9c8f]} complete
07-12 18:12:53.222 22019 22019 W NearbyFragment: Completed downloading 20200312_194229!000.mp4 from Endpoint{id=b89F, name=Shark 1S [9c8f]} in 04.288s
07-12 18:12:53.230 22019 22019 V FileManager: External storage is readable
07-12 18:12:53.233 22019 22019 V FileManager: Created new directory: /storage/emulated/0/Movies/segment-sum/20200312_194229
07-12 18:12:53.234 22019 22019 D NearbyFragment: Summarising 20200312_194229!000.mp4
07-12 18:12:53.235 22019 22019 V VideoManager: Retrieving video from /storage/emulated/0/Download/Nearby/20200312_194229!000.mp4
07-12 18:12:53.247 22019 22019 D VideoManager: videoCursor is null
07-12 18:12:53.291 22019 22019 V VideoManager: videoFromCursor
07-12 18:12:53.295 22019 22019 V ProcessingVideosEventHandler: onAdd
07-12 18:12:53.295 22019 22019 V RawFootageEventHandler: onRemove
07-12 18:12:53.303 22019 22019 V NearbyFragment: Transfer to Endpoint{id=b89F, name=Shark 1S [9c8f]} complete
07-12 18:12:53.310 22019 25652 V SummariserIntentService: onHandleIntent
07-12 18:12:53.311 22019 25652 D SummariserIntentService: Video{id='139391', data='/storage/emulated/0/Download/Nearby/20200312_194229!000.mp4', name='20200312_194229!000.mp4', size=16971954, visible=true, mimeType='video/mp4'}
07-12 18:12:53.311 22019 25652 D SummariserIntentService: /storage/emulated/0/Movies/segment-sum/20200312_194229/20200312_194229!000.mp4
07-12 18:12:53.314 22019 25652 I FfmpegTools: Running ffmpeg with:
07-12 18:12:53.314 22019 25652 I FfmpegTools:   -y -i /storage/emulated/0/Download/Nearby/20200312_194229!000.mp4 -vf freezedetect=n=-45.000000dB:d=1.000000,metadata=mode=print:file=/storage/emulated/0/Movies/raw/20200312_194229!000.txt -f null -
07-12 18:12:53.491 22019 24116 W mobile-ffmpeg: [graph 0 input from stream 0:0 @ 0x720812a6c0] sws_param option is deprecated and ignored
07-12 18:12:55.699 22019 25652 V FfmpegTools: Retrieving duration of /storage/emulated/0/Download/Nearby/20200312_194229!000.mp4
07-12 18:12:55.726 22019 25652 W Summariser: 1 active sections found
07-12 18:12:55.727 22019 25652 I FfmpegTools: Running ffmpeg with:
07-12 18:12:55.727 22019 25652 I FfmpegTools:   -y -i /storage/emulated/0/Download/Nearby/20200312_194229!000.mp4 -filter_complex [0:v]trim=10.509000:16.060000,setpts=PTS-STARTPTS[v0];[0:a]atrim=10.509000:16.060000,asetpts=PTS-STARTPTS[a0];[v0][a0]concat=n=1:v=1:a=1[outv][outa] -map [outv] -map [outa] -crf 23 -preset medium /storage/emulated/0/Movies/segment-sum/20200312_194229/20200312_194229!000.mp4
07-12 18:12:55.779 22019 24116 W mobile-ffmpeg: [graph 0 input from stream 0:0 @ 0x720812a600] sws_param option is deprecated and ignored
07-12 18:13:02.277 22019 25652 V FfmpegTools: Retrieving duration of /storage/emulated/0/Download/Nearby/20200312_194229!000.mp4
07-12 18:13:02.344 22019 25652 V FfmpegTools: Retrieving duration of /storage/emulated/0/Movies/segment-sum/20200312_194229/20200312_194229!000.mp4
07-12 18:13:02.365 22019 25652 W Summariser: Summarisation completed
07-12 18:13:02.365 22019 25652 W Summariser:   filename: 20200312_194229!000.mp4
07-12 18:13:02.365 22019 25652 W Summariser:   active sections: 1
07-12 18:13:02.365 22019 25652 W Summariser:   time: 08.964s
07-12 18:13:02.365 22019 25652 W Summariser:   original duration: 16.06
07-12 18:13:02.365 22019 25652 W Summariser:   summarised duration: 5.62
07-12 18:13:02.365 22019 25652 W Summariser:   noise tolerance: 45.00
07-12 18:13:02.365 22019 25652 W Summariser:   quality: 23
07-12 18:13:02.365 22019 25652 W Summariser:   speed: medium
07-12 18:13:02.365 22019 25652 W Summariser:   freeze duration: 1.00
07-12 18:13:02.365 22019 25652 V VideoManager: Retrieving video from /storage/emulated/0/Movies/segment-sum/20200312_194229/20200312_194229!000.mp4
07-12 18:13:02.374 22019 25652 D VideoManager: videoCursor is null
07-12 18:13:02.424 22019 25652 V VideoManager: videoFromCursor
07-12 18:13:02.430 22019 25652 W NearbyFragment: Sending 20200312_194229!000.mp4 to Shark 1S [9c8f]
07-12 18:13:02.433 22019 25652 V ProcessingVideosEventHandler: onRemove
07-12 18:13:02.482 22019 22019 V NearbyFragment: Transfer to Endpoint{id=b89F, name=Shark 1S [9c8f]} complete
07-12 18:13:02.545 22019 22019 D NearbyFragment: onPayloadReceived(endpointId=b89F, payload=com.google.android.gms.nearby.connection.Payload@21bfe7c)
07-12 18:13:02.546 22019 22019 V NearbyFragment: Started downloading SUMMARISE_SEGMENT:-6437805575949822790:20200312_194229!002.mp4:45.0_1.0_23_medium from Endpoint{id=b89F, name=Shark 1S [9c8f]}
07-12 18:13:02.557 22019 22019 V NearbyFragment: Transfer to Endpoint{id=b89F, name=Shark 1S [9c8f]} complete
07-12 18:13:02.564 22019 24085 D SummariserIntentService: Scanned /storage/emulated/0/Movies/summarised
07-12 18:13:02.564 22019 24085 D SummariserIntentService:   -> uri=content://media/external/file/139217
07-12 18:13:02.578 22019 22019 V NearbyFragment: Transfer to Endpoint{id=b89F, name=Shark 1S [9c8f]} complete
07-12 18:13:02.846 22019 22019 D NearbyFragment: onPayloadReceived(endpointId=b89F, payload=com.google.android.gms.nearby.connection.Payload@d5d5305)
07-12 18:13:07.714 22019 22019 V NearbyFragment: Transfer to Endpoint{id=b89F, name=Shark 1S [9c8f]} complete
07-12 18:13:07.715 22019 22019 W NearbyFragment: Completed downloading 20200312_194229!002.mp4 from Endpoint{id=b89F, name=Shark 1S [9c8f]} in 05.166s
07-12 18:13:07.726 22019 22019 V FileManager: External storage is readable
07-12 18:13:07.727 22019 22019 V FileManager: Directory already exists: /storage/emulated/0/Movies/segment-sum/20200312_194229
07-12 18:13:07.728 22019 22019 D NearbyFragment: Summarising 20200312_194229!002.mp4
07-12 18:13:07.728 22019 22019 V VideoManager: Retrieving video from /storage/emulated/0/Download/Nearby/20200312_194229!002.mp4
07-12 18:13:07.745 22019 22019 D VideoManager: videoCursor is null
07-12 18:13:07.818 22019 22019 V VideoManager: videoFromCursor
07-12 18:13:07.823 22019 22019 V ProcessingVideosEventHandler: onAdd
07-12 18:13:07.824 22019 22019 V RawFootageEventHandler: onRemove
07-12 18:13:07.834 22019 22019 V NearbyFragment: Transfer to Endpoint{id=b89F, name=Shark 1S [9c8f]} complete
07-12 18:13:07.841 22019 25724 V SummariserIntentService: onHandleIntent
07-12 18:13:07.842 22019 25724 D SummariserIntentService: Video{id='139394', data='/storage/emulated/0/Download/Nearby/20200312_194229!002.mp4', name='20200312_194229!002.mp4', size=16848151, visible=true, mimeType='video/mp4'}
07-12 18:13:07.842 22019 25724 D SummariserIntentService: /storage/emulated/0/Movies/segment-sum/20200312_194229/20200312_194229!002.mp4
07-12 18:13:07.846 22019 25724 I FfmpegTools: Running ffmpeg with:
07-12 18:13:07.846 22019 25724 I FfmpegTools:   -y -i /storage/emulated/0/Download/Nearby/20200312_194229!002.mp4 -vf freezedetect=n=-45.000000dB:d=1.000000,metadata=mode=print:file=/storage/emulated/0/Movies/raw/20200312_194229!002.txt -f null -
07-12 18:13:08.059 22019 24116 W mobile-ffmpeg: [graph 0 input from stream 0:0 @ 0x720812a6c0] sws_param option is deprecated and ignored
07-12 18:13:10.164 22019 25724 W Summariser: No activity detected
07-12 18:13:10.164 22019 25724 V FfmpegTools: Retrieving duration of /storage/emulated/0/Download/Nearby/20200312_194229!002.mp4
07-12 18:13:10.201 22019 25724 W Summariser: Summarisation completed
07-12 18:13:10.201 22019 25724 W Summariser:   filename: 20200312_194229!002.mp4
07-12 18:13:10.201 22019 25724 W Summariser:   active sections: 0
07-12 18:13:10.201 22019 25724 W Summariser:   time: 02.321s
07-12 18:13:10.201 22019 25724 W Summariser:   original duration: 16.01
07-12 18:13:10.201 22019 25724 W Summariser:   summarised duration: -1.00
07-12 18:13:10.201 22019 25724 W Summariser:   noise tolerance: 45.00
07-12 18:13:10.201 22019 25724 W Summariser:   quality: 23
07-12 18:13:10.201 22019 25724 W Summariser:   speed: medium
07-12 18:13:10.201 22019 25724 W Summariser:   freeze duration: 1.00
07-12 18:13:10.201 22019 25724 V ProcessingVideosEventHandler: onRemove
07-12 18:13:10.218 22019 22019 V NearbyFragment: Transfer to Endpoint{id=b89F, name=Shark 1S [9c8f]} complete
07-12 18:13:10.263 22019 24815 D SummariserIntentService: Scanned /storage/emulated/0/Movies/summarised
07-12 18:13:10.263 22019 24815 D SummariserIntentService:   -> uri=content://media/external/file/139217
07-12 18:13:11.669 22019 22019 D NearbyFragment: onPayloadReceived(endpointId=b89F, payload=com.google.android.gms.nearby.connection.Payload@2d72fb2)
07-12 18:13:11.672 22019 22019 V NearbyFragment: Started downloading SUMMARISE_SEGMENT:-8003920422923922067:20200312_194330!000.mp4:45.0_1.0_23_medium from Endpoint{id=b89F, name=Shark 1S [9c8f]}
07-12 18:13:11.676 22019 22019 V NearbyFragment: Transfer to Endpoint{id=b89F, name=Shark 1S [9c8f]} complete
07-12 18:13:11.725 22019 22019 D NearbyFragment: onPayloadReceived(endpointId=b89F, payload=com.google.android.gms.nearby.connection.Payload@bd3bb03)
07-12 18:13:16.397 22019 22019 V NearbyFragment: Transfer to Endpoint{id=b89F, name=Shark 1S [9c8f]} complete
07-12 18:13:16.401 22019 22019 W NearbyFragment: Completed downloading 20200312_194330!000.mp4 from Endpoint{id=b89F, name=Shark 1S [9c8f]} in 04.724s
07-12 18:13:16.419 22019 22019 V FileManager: External storage is readable
07-12 18:13:16.426 22019 22019 V FileManager: Created new directory: /storage/emulated/0/Movies/segment-sum/20200312_194330
07-12 18:13:16.428 22019 22019 D NearbyFragment: Summarising 20200312_194330!000.mp4
07-12 18:13:16.430 22019 22019 V VideoManager: Retrieving video from /storage/emulated/0/Download/Nearby/20200312_194330!000.mp4
07-12 18:13:16.450 22019 22019 D VideoManager: videoCursor is null
07-12 18:13:16.507 22019 22019 V VideoManager: videoFromCursor
07-12 18:13:16.512 22019 22019 V ProcessingVideosEventHandler: onAdd
07-12 18:13:16.513 22019 22019 V RawFootageEventHandler: onRemove
07-12 18:13:16.523 22019 22019 V NearbyFragment: Transfer to Endpoint{id=b89F, name=Shark 1S [9c8f]} complete
07-12 18:13:16.535 22019 25760 V SummariserIntentService: onHandleIntent
07-12 18:13:16.536 22019 25760 D SummariserIntentService: Video{id='139395', data='/storage/emulated/0/Download/Nearby/20200312_194330!000.mp4', name='20200312_194330!000.mp4', size=16853664, visible=true, mimeType='video/mp4'}
07-12 18:13:16.536 22019 25760 D SummariserIntentService: /storage/emulated/0/Movies/segment-sum/20200312_194330/20200312_194330!000.mp4
07-12 18:13:16.539 22019 25760 I FfmpegTools: Running ffmpeg with:
07-12 18:13:16.539 22019 25760 I FfmpegTools:   -y -i /storage/emulated/0/Download/Nearby/20200312_194330!000.mp4 -vf freezedetect=n=-45.000000dB:d=1.000000,metadata=mode=print:file=/storage/emulated/0/Movies/raw/20200312_194330!000.txt -f null -
07-12 18:13:16.674 22019 24116 W mobile-ffmpeg: [graph 0 input from stream 0:0 @ 0x720812a6c0] sws_param option is deprecated and ignored
07-12 18:13:16.734 22019 22024 I example.edgesu: Compiler allocated 4MB to compile void android.view.ViewRootImpl.performTraversals()
07-12 18:13:18.753 22019 25760 W Summariser: No activity detected
07-12 18:13:18.753 22019 25760 V FfmpegTools: Retrieving duration of /storage/emulated/0/Download/Nearby/20200312_194330!000.mp4
07-12 18:13:18.778 22019 25760 W Summariser: Summarisation completed
07-12 18:13:18.778 22019 25760 W Summariser:   filename: 20200312_194330!000.mp4
07-12 18:13:18.778 22019 25760 W Summariser:   active sections: 0
07-12 18:13:18.778 22019 25760 W Summariser:   time: 02.216s
07-12 18:13:18.778 22019 25760 W Summariser:   original duration: 16.07
07-12 18:13:18.778 22019 25760 W Summariser:   summarised duration: -1.00
07-12 18:13:18.778 22019 25760 W Summariser:   noise tolerance: 45.00
07-12 18:13:18.778 22019 25760 W Summariser:   quality: 23
07-12 18:13:18.778 22019 25760 W Summariser:   speed: medium
07-12 18:13:18.778 22019 25760 W Summariser:   freeze duration: 1.00
07-12 18:13:18.778 22019 25760 V ProcessingVideosEventHandler: onRemove
07-12 18:13:18.811 22019 22019 V NearbyFragment: Transfer to Endpoint{id=b89F, name=Shark 1S [9c8f]} complete
07-12 18:13:18.852 22019 24085 D SummariserIntentService: Scanned /storage/emulated/0/Movies/summarised
07-12 18:13:18.852 22019 24085 D SummariserIntentService:   -> uri=content://media/external/file/139217
07-12 18:13:18.880 22019 22019 D NearbyFragment: onPayloadReceived(endpointId=b89F, payload=com.google.android.gms.nearby.connection.Payload@528a5f1)
07-12 18:13:18.881 22019 22019 V NearbyFragment: Started downloading SUMMARISE_SEGMENT:-4974544951969499776:20200312_194330!002.mp4:45.0_1.0_23_medium from Endpoint{id=b89F, name=Shark 1S [9c8f]}
07-12 18:13:18.890 22019 22019 V NearbyFragment: Transfer to Endpoint{id=b89F, name=Shark 1S [9c8f]} complete
07-12 18:13:18.965 22019 22019 D NearbyFragment: onPayloadReceived(endpointId=b89F, payload=com.google.android.gms.nearby.connection.Payload@e4445d6)
07-12 18:13:22.548 22019 22028 W System  : A resource failed to call close. 
07-12 18:13:22.553 22019 22028 I chatty  : uid=10568(com.example.edgesum) FinalizerDaemon identical 3 lines
07-12 18:13:22.557 22019 22028 W System  : A resource failed to call close. 
07-12 18:13:22.558 22019 22028 W System  : A resource failed to call close. 
07-12 18:13:22.558 22019 22028 I chatty  : uid=10568(com.example.edgesum) FinalizerDaemon identical 1 line
07-12 18:13:22.558 22019 22028 W System  : A resource failed to call close. 
07-12 18:13:22.564 22019 22028 W System  : A resource failed to call close. 
07-12 18:13:22.625 22019 22028 I chatty  : uid=10568(com.example.edgesum) FinalizerDaemon identical 56 lines
07-12 18:13:22.626 22019 22028 W System  : A resource failed to call close. 
07-12 18:13:22.637 22019 22028 W System  : A resource failed to call close. 
07-12 18:13:22.662 22019 22028 I chatty  : uid=10568(com.example.edgesum) FinalizerDaemon identical 22 lines
07-12 18:13:22.662 22019 22028 W System  : A resource failed to call close. 
07-12 18:13:22.674 22019 22028 W System  : A resource failed to call close. 
07-12 18:13:22.676 22019 22028 I chatty  : uid=10568(com.example.edgesum) FinalizerDaemon identical 1 line
07-12 18:13:22.678 22019 22028 W System  : A resource failed to call close. 
07-12 18:13:25.757 22019 22019 V NearbyFragment: Transfer to Endpoint{id=b89F, name=Shark 1S [9c8f]} complete
07-12 18:13:25.759 22019 22019 W NearbyFragment: Completed downloading 20200312_194330!002.mp4 from Endpoint{id=b89F, name=Shark 1S [9c8f]} in 06.876s
07-12 18:13:25.768 22019 22019 V FileManager: External storage is readable
07-12 18:13:25.768 22019 22019 V FileManager: Directory already exists: /storage/emulated/0/Movies/segment-sum/20200312_194330
07-12 18:13:25.769 22019 22019 D NearbyFragment: Summarising 20200312_194330!002.mp4
07-12 18:13:25.770 22019 22019 V VideoManager: Retrieving video from /storage/emulated/0/Download/Nearby/20200312_194330!002.mp4
07-12 18:13:25.787 22019 22019 D VideoManager: videoCursor is null
07-12 18:13:25.842 22019 22019 V VideoManager: videoFromCursor
07-12 18:13:25.846 22019 22019 V ProcessingVideosEventHandler: onAdd
07-12 18:13:25.847 22019 22019 V RawFootageEventHandler: onRemove
07-12 18:13:25.854 22019 22019 V NearbyFragment: Transfer to Endpoint{id=b89F, name=Shark 1S [9c8f]} complete
07-12 18:13:25.862 22019 25831 V SummariserIntentService: onHandleIntent
07-12 18:13:25.863 22019 25831 D SummariserIntentService: Video{id='139396', data='/storage/emulated/0/Download/Nearby/20200312_194330!002.mp4', name='20200312_194330!002.mp4', size=16896472, visible=true, mimeType='video/mp4'}
07-12 18:13:25.863 22019 25831 D SummariserIntentService: /storage/emulated/0/Movies/segment-sum/20200312_194330/20200312_194330!002.mp4
07-12 18:13:25.865 22019 25831 I FfmpegTools: Running ffmpeg with:
07-12 18:13:25.865 22019 25831 I FfmpegTools:   -y -i /storage/emulated/0/Download/Nearby/20200312_194330!002.mp4 -vf freezedetect=n=-45.000000dB:d=1.000000,metadata=mode=print:file=/storage/emulated/0/Movies/raw/20200312_194330!002.txt -f null -
07-12 18:13:26.038 22019 24116 W mobile-ffmpeg: [graph 0 input from stream 0:0 @ 0x720812a6c0] sws_param option is deprecated and ignored
07-12 18:13:28.176 22019 25831 W Summariser: No activity detected
07-12 18:13:28.177 22019 25831 V FfmpegTools: Retrieving duration of /storage/emulated/0/Download/Nearby/20200312_194330!002.mp4
07-12 18:13:28.215 22019 25831 W Summariser: Summarisation completed
07-12 18:13:28.215 22019 25831 W Summariser:   filename: 20200312_194330!002.mp4
07-12 18:13:28.215 22019 25831 W Summariser:   active sections: 0
07-12 18:13:28.215 22019 25831 W Summariser:   time: 02.313s
07-12 18:13:28.215 22019 25831 W Summariser:   original duration: 16.01
07-12 18:13:28.215 22019 25831 W Summariser:   summarised duration: -1.00
07-12 18:13:28.215 22019 25831 W Summariser:   noise tolerance: 45.00
07-12 18:13:28.215 22019 25831 W Summariser:   quality: 23
07-12 18:13:28.215 22019 25831 W Summariser:   speed: medium
07-12 18:13:28.215 22019 25831 W Summariser:   freeze duration: 1.00
07-12 18:13:28.216 22019 25831 V ProcessingVideosEventHandler: onRemove
07-12 18:13:28.242 22019 22019 V NearbyFragment: Transfer to Endpoint{id=b89F, name=Shark 1S [9c8f]} complete
07-12 18:13:28.298 22019 24085 D SummariserIntentService: Scanned /storage/emulated/0/Movies/summarised
07-12 18:13:28.298 22019 24085 D SummariserIntentService:   -> uri=content://media/external/file/139217
07-12 18:13:34.915 22019 22019 D NearbyFragment: onPayloadReceived(endpointId=b89F, payload=com.google.android.gms.nearby.connection.Payload@2706adc)
07-12 18:13:34.917 22019 22019 V NearbyFragment: Started downloading SUMMARISE_SEGMENT:-8987833347355305435:20200312_194730!000.mp4:45.0_1.0_23_medium from Endpoint{id=b89F, name=Shark 1S [9c8f]}
07-12 18:13:34.921 22019 22019 V NearbyFragment: Transfer to Endpoint{id=b89F, name=Shark 1S [9c8f]} complete
07-12 18:13:34.944 22019 22019 D NearbyFragment: onPayloadReceived(endpointId=b89F, payload=com.google.android.gms.nearby.connection.Payload@c94b7e5)
07-12 18:13:39.223 22019 22019 V NearbyFragment: Transfer to Endpoint{id=b89F, name=Shark 1S [9c8f]} complete
07-12 18:13:39.224 22019 22019 W NearbyFragment: Completed downloading 20200312_194730!000.mp4 from Endpoint{id=b89F, name=Shark 1S [9c8f]} in 04.304s
07-12 18:13:39.235 22019 22019 V FileManager: External storage is readable
07-12 18:13:39.239 22019 22019 V FileManager: Created new directory: /storage/emulated/0/Movies/segment-sum/20200312_194730
07-12 18:13:39.240 22019 22019 D NearbyFragment: Summarising 20200312_194730!000.mp4
07-12 18:13:39.240 22019 22019 V VideoManager: Retrieving video from /storage/emulated/0/Download/Nearby/20200312_194730!000.mp4
07-12 18:13:39.255 22019 22019 D VideoManager: videoCursor is null
07-12 18:13:39.305 22019 22019 V VideoManager: videoFromCursor
07-12 18:13:39.310 22019 22019 V ProcessingVideosEventHandler: onAdd
07-12 18:13:39.311 22019 22019 V RawFootageEventHandler: onRemove
07-12 18:13:39.319 22019 22019 V NearbyFragment: Transfer to Endpoint{id=b89F, name=Shark 1S [9c8f]} complete
07-12 18:13:39.327 22019 25869 V SummariserIntentService: onHandleIntent
07-12 18:13:39.329 22019 25869 D SummariserIntentService: Video{id='139397', data='/storage/emulated/0/Download/Nearby/20200312_194730!000.mp4', name='20200312_194730!000.mp4', size=16870028, visible=true, mimeType='video/mp4'}
07-12 18:13:39.329 22019 25869 D SummariserIntentService: /storage/emulated/0/Movies/segment-sum/20200312_194730/20200312_194730!000.mp4
07-12 18:13:39.332 22019 25869 I FfmpegTools: Running ffmpeg with:
07-12 18:13:39.332 22019 25869 I FfmpegTools:   -y -i /storage/emulated/0/Download/Nearby/20200312_194730!000.mp4 -vf freezedetect=n=-45.000000dB:d=1.000000,metadata=mode=print:file=/storage/emulated/0/Movies/raw/20200312_194730!000.txt -f null -
07-12 18:13:39.456 22019 24116 W mobile-ffmpeg: [graph 0 input from stream 0:0 @ 0x720812a6c0] sws_param option is deprecated and ignored
07-12 18:13:41.607 22019 25869 W Summariser: No activity detected
07-12 18:13:41.608 22019 25869 V FfmpegTools: Retrieving duration of /storage/emulated/0/Download/Nearby/20200312_194730!000.mp4
07-12 18:13:41.632 22019 25869 W Summariser: Summarisation completed
07-12 18:13:41.632 22019 25869 W Summariser:   filename: 20200312_194730!000.mp4
07-12 18:13:41.632 22019 25869 W Summariser:   active sections: 0
07-12 18:13:41.632 22019 25869 W Summariser:   time: 02.278s
07-12 18:13:41.632 22019 25869 W Summariser:   original duration: 16.07
07-12 18:13:41.632 22019 25869 W Summariser:   summarised duration: -1.00
07-12 18:13:41.632 22019 25869 W Summariser:   noise tolerance: 45.00
07-12 18:13:41.632 22019 25869 W Summariser:   quality: 23
07-12 18:13:41.632 22019 25869 W Summariser:   speed: medium
07-12 18:13:41.632 22019 25869 W Summariser:   freeze duration: 1.00
07-12 18:13:41.633 22019 25869 V ProcessingVideosEventHandler: onRemove
07-12 18:13:41.656 22019 22019 V NearbyFragment: Transfer to Endpoint{id=b89F, name=Shark 1S [9c8f]} complete
07-12 18:13:41.690 22019 22019 D NearbyFragment: onPayloadReceived(endpointId=b89F, payload=com.google.android.gms.nearby.connection.Payload@a506f12)
07-12 18:13:41.691 22019 22019 V NearbyFragment: Started downloading SUMMARISE_SEGMENT:-8090578382173139455:20200312_194730!002.mp4:45.0_1.0_23_medium from Endpoint{id=b89F, name=Shark 1S [9c8f]}
07-12 18:13:41.699 22019 25644 D SummariserIntentService: Scanned /storage/emulated/0/Movies/summarised
07-12 18:13:41.699 22019 25644 D SummariserIntentService:   -> uri=content://media/external/file/139217
07-12 18:13:41.711 22019 22019 V NearbyFragment: Transfer to Endpoint{id=b89F, name=Shark 1S [9c8f]} complete
07-12 18:13:41.804 22019 22019 D NearbyFragment: onPayloadReceived(endpointId=b89F, payload=com.google.android.gms.nearby.connection.Payload@2f6e3)
07-12 18:13:47.292 22019 22019 V NearbyFragment: Transfer to Endpoint{id=b89F, name=Shark 1S [9c8f]} complete
07-12 18:13:47.293 22019 22019 W NearbyFragment: Completed downloading 20200312_194730!002.mp4 from Endpoint{id=b89F, name=Shark 1S [9c8f]} in 05.600s
07-12 18:13:47.301 22019 22019 V FileManager: External storage is readable
07-12 18:13:47.302 22019 22019 V FileManager: Directory already exists: /storage/emulated/0/Movies/segment-sum/20200312_194730
07-12 18:13:47.303 22019 22019 D NearbyFragment: Summarising 20200312_194730!002.mp4
07-12 18:13:47.303 22019 22019 V VideoManager: Retrieving video from /storage/emulated/0/Download/Nearby/20200312_194730!002.mp4
07-12 18:13:47.315 22019 22019 D VideoManager: videoCursor is null
07-12 18:13:47.358 22019 22019 V VideoManager: videoFromCursor
07-12 18:13:47.362 22019 22019 V ProcessingVideosEventHandler: onAdd
07-12 18:13:47.363 22019 22019 V RawFootageEventHandler: onRemove
07-12 18:13:47.371 22019 22019 V NearbyFragment: Transfer to Endpoint{id=b89F, name=Shark 1S [9c8f]} complete
07-12 18:13:47.379 22019 25901 V SummariserIntentService: onHandleIntent
07-12 18:13:47.381 22019 25901 D SummariserIntentService: Video{id='139398', data='/storage/emulated/0/Download/Nearby/20200312_194730!002.mp4', name='20200312_194730!002.mp4', size=16862320, visible=true, mimeType='video/mp4'}
07-12 18:13:47.381 22019 25901 D SummariserIntentService: /storage/emulated/0/Movies/segment-sum/20200312_194730/20200312_194730!002.mp4
07-12 18:13:47.383 22019 25901 I FfmpegTools: Running ffmpeg with:
07-12 18:13:47.383 22019 25901 I FfmpegTools:   -y -i /storage/emulated/0/Download/Nearby/20200312_194730!002.mp4 -vf freezedetect=n=-45.000000dB:d=1.000000,metadata=mode=print:file=/storage/emulated/0/Movies/raw/20200312_194730!002.txt -f null -
07-12 18:13:47.521 22019 24116 W mobile-ffmpeg: [graph 0 input from stream 0:0 @ 0x720812a6c0] sws_param option is deprecated and ignored
07-12 18:13:49.677 22019 25901 W Summariser: No activity detected
07-12 18:13:49.677 22019 25901 V FfmpegTools: Retrieving duration of /storage/emulated/0/Download/Nearby/20200312_194730!002.mp4
07-12 18:13:49.714 22019 25901 W Summariser: Summarisation completed
07-12 18:13:49.714 22019 25901 W Summariser:   filename: 20200312_194730!002.mp4
07-12 18:13:49.714 22019 25901 W Summariser:   active sections: 0
07-12 18:13:49.714 22019 25901 W Summariser:   time: 02.295s
07-12 18:13:49.714 22019 25901 W Summariser:   original duration: 16.01
07-12 18:13:49.714 22019 25901 W Summariser:   summarised duration: -1.00
07-12 18:13:49.714 22019 25901 W Summariser:   noise tolerance: 45.00
07-12 18:13:49.714 22019 25901 W Summariser:   quality: 23
07-12 18:13:49.714 22019 25901 W Summariser:   speed: medium
07-12 18:13:49.714 22019 25901 W Summariser:   freeze duration: 1.00
07-12 18:13:49.714 22019 25901 V ProcessingVideosEventHandler: onRemove
07-12 18:13:49.734 22019 22019 V NearbyFragment: Transfer to Endpoint{id=b89F, name=Shark 1S [9c8f]} complete
07-12 18:13:49.779 22019 24085 D SummariserIntentService: Scanned /storage/emulated/0/Movies/summarised
07-12 18:13:49.779 22019 24085 D SummariserIntentService:   -> uri=content://media/external/file/139217
07-12 18:13:57.592 22019 22019 D NearbyFragment: onPayloadReceived(endpointId=b89F, payload=com.google.android.gms.nearby.connection.Payload@2a683f8)
07-12 18:13:57.593 22019 22019 V NearbyFragment: Started downloading SUMMARISE_SEGMENT:-7525890771630582491:20200312_194830!000.mp4:45.0_1.0_23_medium from Endpoint{id=b89F, name=Shark 1S [9c8f]}
07-12 18:13:57.596 22019 22019 V NearbyFragment: Transfer to Endpoint{id=b89F, name=Shark 1S [9c8f]} complete
07-12 18:13:57.621 22019 22019 D NearbyFragment: onPayloadReceived(endpointId=b89F, payload=com.google.android.gms.nearby.connection.Payload@6ebf0d1)
07-12 18:14:01.128 22019 22019 V NearbyFragment: Transfer to Endpoint{id=b89F, name=Shark 1S [9c8f]} complete
07-12 18:14:01.130 22019 22019 W NearbyFragment: Completed downloading 20200312_194830!000.mp4 from Endpoint{id=b89F, name=Shark 1S [9c8f]} in 03.535s
07-12 18:14:01.137 22019 22019 V FileManager: External storage is readable
07-12 18:14:01.140 22019 22019 V FileManager: Created new directory: /storage/emulated/0/Movies/segment-sum/20200312_194830
07-12 18:14:01.141 22019 22019 D NearbyFragment: Summarising 20200312_194830!000.mp4
07-12 18:14:01.141 22019 22019 V VideoManager: Retrieving video from /storage/emulated/0/Download/Nearby/20200312_194830!000.mp4
07-12 18:14:01.155 22019 22019 D VideoManager: videoCursor is null
07-12 18:14:01.209 22019 22019 V VideoManager: videoFromCursor
07-12 18:14:01.214 22019 22019 V ProcessingVideosEventHandler: onAdd
07-12 18:14:01.214 22019 22019 V RawFootageEventHandler: onRemove
07-12 18:14:01.222 22019 22019 V NearbyFragment: Transfer to Endpoint{id=b89F, name=Shark 1S [9c8f]} complete
07-12 18:14:01.231 22019 25936 V SummariserIntentService: onHandleIntent
07-12 18:14:01.232 22019 25936 D SummariserIntentService: Video{id='139399', data='/storage/emulated/0/Download/Nearby/20200312_194830!000.mp4', name='20200312_194830!000.mp4', size=16910623, visible=true, mimeType='video/mp4'}
07-12 18:14:01.232 22019 25936 D SummariserIntentService: /storage/emulated/0/Movies/segment-sum/20200312_194830/20200312_194830!000.mp4
07-12 18:14:01.234 22019 25936 I FfmpegTools: Running ffmpeg with:
07-12 18:14:01.234 22019 25936 I FfmpegTools:   -y -i /storage/emulated/0/Download/Nearby/20200312_194830!000.mp4 -vf freezedetect=n=-45.000000dB:d=1.000000,metadata=mode=print:file=/storage/emulated/0/Movies/raw/20200312_194830!000.txt -f null -
07-12 18:14:01.362 22019 24116 W mobile-ffmpeg: [graph 0 input from stream 0:0 @ 0x720812a6c0] sws_param option is deprecated and ignored
07-12 18:14:03.549 22019 25936 W Summariser: 1 active sections found
07-12 18:14:03.550 22019 25936 I FfmpegTools: Running ffmpeg with:
07-12 18:14:03.550 22019 25936 I FfmpegTools:   -y -i /storage/emulated/0/Download/Nearby/20200312_194830!000.mp4 -filter_complex [0:v]trim=6.839000:10.742000,setpts=PTS-STARTPTS[v0];[0:a]atrim=6.839000:10.742000,asetpts=PTS-STARTPTS[a0];[v0][a0]concat=n=1:v=1:a=1[outv][outa] -map [outv] -map [outa] -crf 23 -preset medium /storage/emulated/0/Movies/segment-sum/20200312_194830/20200312_194830!000.mp4
07-12 18:14:03.606 22019 24116 W mobile-ffmpeg: [graph 0 input from stream 0:0 @ 0x720812a600] sws_param option is deprecated and ignored
07-12 18:14:08.781 22019 25936 V FfmpegTools: Retrieving duration of /storage/emulated/0/Download/Nearby/20200312_194830!000.mp4
