07-12 18:56:34.559  6885  7254 I mobile-ffmpeg: : Video: h264 (avc1 / 0x31637661), yuvj420p(pc, bt709), 1280x720, 8381 kb/s
07-12 18:56:34.560  6885  7254 I mobile-ffmpeg: , 
07-12 18:56:34.560  6885  7254 I mobile-ffmpeg: 29.97 fps, 
07-12 18:56:34.560  6885  7254 I mobile-ffmpeg: 29.97 tbr, 
07-12 18:56:34.560  6885  7254 I mobile-ffmpeg: 1k tbn, 
07-12 18:56:34.560  6885  7254 I mobile-ffmpeg: 2k tbc
07-12 18:56:34.560  6885  7254 I mobile-ffmpeg:  (default)
07-12 18:56:34.560  6885  7254 I mobile-ffmpeg: 
07-12 18:56:34.561  6885  7254 I mobile-ffmpeg:     Metadata:
07-12 18:56:34.561  6885  7254 I mobile-ffmpeg:       creation_time   : 
07-12 18:56:34.561  6885  7254 I mobile-ffmpeg: 2020-03-12T04:07:43.000000Z
07-12 18:56:34.561  6885  7254 I mobile-ffmpeg: 
07-12 18:56:34.561  6885  7254 I mobile-ffmpeg:       handler_name    : 
07-12 18:56:34.561  6885  7254 I mobile-ffmpeg: PittaSoft Video Media Handler
07-12 18:56:34.562  6885  7254 I mobile-ffmpeg: 
07-12 18:56:34.562  6885  7254 I mobile-ffmpeg:     Stream #0:1
07-12 18:56:34.562  6885  7254 I mobile-ffmpeg: (eng)
07-12 18:56:34.562  6885  7254 I mobile-ffmpeg: : Audio: aac (mp4a / 0x6134706D), 16000 Hz, stereo, fltp, 47 kb/s
07-12 18:56:34.562  6885  7254 I mobile-ffmpeg:  (default)
07-12 18:56:34.562  6885  7254 I mobile-ffmpeg: 
07-12 18:56:34.562  6885  7254 I mobile-ffmpeg:     Metadata:
07-12 18:56:34.563  6885  7254 I mobile-ffmpeg:       creation_time   : 
07-12 18:56:34.563  6885  7254 I mobile-ffmpeg: 2020-03-12T04:07:43.000000Z
07-12 18:56:34.563  6885  7254 I mobile-ffmpeg: 
07-12 18:56:34.563  6885  7254 I mobile-ffmpeg:       handler_name    : 
07-12 18:56:34.563  6885  7254 I mobile-ffmpeg: PittaSoft Sound Media Handler
07-12 18:56:34.563  6885  7254 I mobile-ffmpeg: 
07-12 18:56:34.563  6885  7254 I mobile-ffmpeg: [segment @ 0x8f16b000] Opening '/storage/emulated/0/Movies/segment/20200312_150643/20200312_150643!000.mp4' for writing
07-12 18:56:34.564  6885  7254 I mobile-ffmpeg: Output #0, segment, to '/storage/emulated/0/Movies/segment/20200312_150643/20200312_150643!%03d.mp4':
07-12 18:56:34.564  6885  7254 I mobile-ffmpeg:   Metadata:
07-12 18:56:34.564  6885  7254 I mobile-ffmpeg:     compatible_brands: 
07-12 18:56:34.564  6885  7254 I mobile-ffmpeg: mp42mp42
07-12 18:56:34.564  6885  7254 I mobile-ffmpeg: 
07-12 18:56:34.564  6885  7254 I mobile-ffmpeg:     major_brand     : 
07-12 18:56:34.565  6885  7254 I mobile-ffmpeg: mp42
07-12 18:56:34.565  6885  7254 I mobile-ffmpeg: 
07-12 18:56:34.565  6885  7254 I mobile-ffmpeg:     minor_version   : 
07-12 18:56:34.565  6885  7254 I mobile-ffmpeg: 1
07-12 18:56:34.565  6885  7254 I mobile-ffmpeg: 
07-12 18:56:34.565  6885  7254 I mobile-ffmpeg:     encoder         : 
07-12 18:56:34.565  6885  7254 I mobile-ffmpeg: Lavf58.42.100
07-12 18:56:34.566  6885  7254 I mobile-ffmpeg: 
07-12 18:56:34.566  6885  7254 I mobile-ffmpeg:     Stream #0:0
07-12 18:56:34.566  6885  7254 I mobile-ffmpeg: (eng)
07-12 18:56:34.566  6885  7254 I mobile-ffmpeg: : Video: h264 (avc1 / 0x31637661), yuvj420p(pc, bt709), 1280x720, q=2-31, 8381 kb/s
07-12 18:56:34.566  6885  7254 I mobile-ffmpeg: , 
07-12 18:56:34.567  6885  7254 I mobile-ffmpeg: 29.97 fps, 
07-12 18:56:34.567  6885  7254 I mobile-ffmpeg: 29.97 tbr, 
07-12 18:56:34.567  6885  7254 I mobile-ffmpeg: 16k tbn, 
07-12 18:56:34.567  6885  7254 I mobile-ffmpeg: 1k tbc
07-12 18:56:34.567  6885  7254 I mobile-ffmpeg:  (default)
07-12 18:56:34.567  6885  7254 I mobile-ffmpeg: 
07-12 18:56:34.568  6885  7254 I mobile-ffmpeg:     Metadata:
07-12 18:56:34.568  6885  7254 I mobile-ffmpeg:       creation_time   : 
07-12 18:56:34.568  6885  7254 I mobile-ffmpeg: 2020-03-12T04:07:43.000000Z
07-12 18:56:34.568  6885  7254 I mobile-ffmpeg: 
07-12 18:56:34.568  6885  7254 I mobile-ffmpeg:       handler_name    : 
07-12 18:56:34.568  6885  7254 I mobile-ffmpeg: PittaSoft Video Media Handler
07-12 18:56:34.568  6885  7254 I mobile-ffmpeg: 
07-12 18:56:34.569  6885  7254 I mobile-ffmpeg:     Stream #0:1
07-12 18:56:34.569  6885  7254 I mobile-ffmpeg: (eng)
07-12 18:56:34.569  6885  7254 I mobile-ffmpeg: : Audio: aac (mp4a / 0x6134706D), 16000 Hz, stereo, fltp, 47 kb/s
07-12 18:56:34.569  6885  7254 I mobile-ffmpeg:  (default)
07-12 18:56:34.569  6885  7254 I mobile-ffmpeg: 
07-12 18:56:34.569  6885  7254 I mobile-ffmpeg:     Metadata:
07-12 18:56:34.570  6885  7254 I mobile-ffmpeg:       creation_time   : 
07-12 18:56:34.570  6885  7254 I mobile-ffmpeg: 2020-03-12T04:07:43.000000Z
07-12 18:56:34.570  6885  7254 I mobile-ffmpeg: 
07-12 18:56:34.570  6885  7254 I mobile-ffmpeg:       handler_name    : 
07-12 18:56:34.570  6885  7254 I mobile-ffmpeg: PittaSoft Sound Media Handler
07-12 18:56:34.570  6885  7254 I mobile-ffmpeg: 
07-12 18:56:34.570  6885  7254 I mobile-ffmpeg: Stream mapping:
07-12 18:56:34.571  6885  7254 I mobile-ffmpeg:   Stream #0:0 -> #0:0
07-12 18:56:34.571  6885  7254 I mobile-ffmpeg:  (copy)
07-12 18:56:34.571  6885  7254 I mobile-ffmpeg: 
07-12 18:56:34.571  6885  7254 I mobile-ffmpeg:   Stream #0:1 -> #0:1
07-12 18:56:34.571  6885  7254 I mobile-ffmpeg:  (copy)
07-12 18:56:34.571  6885  7254 I mobile-ffmpeg: 
07-12 18:56:34.571  6885  7254 I mobile-ffmpeg: Press [q] to stop, [?] for help
07-12 18:56:34.686  6885  7254 I mobile-ffmpeg: [segment @ 0x8f16b000] Opening '/storage/emulated/0/Movies/segment/20200312_150643/20200312_150643!001.mp4' for writing
07-12 18:56:35.216  6885  7254 I mobile-ffmpeg: [segment @ 0x8f16b000] Opening '/storage/emulated/0/Movies/segment/20200312_150643/20200312_150643!002.mp4' for writing
07-12 18:56:35.216  6885  7254 I mobile-ffmpeg: frame=  964 fps=0.0 q=-1.0 size=N/A time=00:00:32.12 bitrate=N/A speed=48.8x    
07-12 18:56:35.346  6885  7254 I mobile-ffmpeg: [segment @ 0x8f16b000] Opening '/storage/emulated/0/Movies/segment/20200312_150643/20200312_150643!003.mp4' for writing
07-12 18:56:35.459  6885  7254 I mobile-ffmpeg: frame= 1800 fps=0.0 q=-1.0 Lsize=N/A time=00:01:00.02 bitrate=N/A speed=66.5x    
07-12 18:56:35.459  6885  7254 I mobile-ffmpeg: video:61407kB audio:345kB subtitle:0kB other streams:0kB global headers:0kB muxing overhead: 
07-12 18:56:35.460  6885  7254 I mobile-ffmpeg: unknown
07-12 18:56:35.460  6885  7254 I mobile-ffmpeg: 
07-12 18:56:35.462  6885  7213 V FileManager: External storage is readable
07-12 18:56:35.463  6885  7213 V FileManager: Directory already exists: /storage/emulated/0/Movies/segment/20200312_150643
07-12 18:56:35.463  6885  7213 V VideoManager: Retrieving videos from /storage/emulated/0/Movies/segment/20200312_150643
07-12 18:56:35.467  6885  7213 V VideoManager: Retrieving video from /storage/emulated/0/Movies/segment/20200312_150643/20200312_150643!000.mp4
07-12 18:56:35.471  6885  7213 D VideoManager: videoCursor is null
07-12 18:56:36.164  6885  7213 V VideoManager: videoFromCursor
07-12 18:56:36.165  6885  7213 V VideoManager: Retrieving video from /storage/emulated/0/Movies/segment/20200312_150643/20200312_150643!001.mp4
07-12 18:56:36.169  6885  7213 D VideoManager: videoCursor is null
07-12 18:56:36.189  6885  7213 V VideoManager: videoFromCursor
07-12 18:56:36.192  6885  7213 V VideoManager: Retrieving video from /storage/emulated/0/Movies/segment/20200312_150643/20200312_150643!002.mp4
07-12 18:56:36.197  6885  7213 D VideoManager: videoCursor is null
07-12 18:56:36.218  6885  7213 V VideoManager: videoFromCursor
07-12 18:56:36.219  6885  7213 V VideoManager: Retrieving video from /storage/emulated/0/Movies/segment/20200312_150643/20200312_150643!003.mp4
07-12 18:56:36.223  6885  7213 D VideoManager: videoCursor is null
07-12 18:56:36.243  6885  7213 V VideoManager: videoFromCursor
07-12 18:56:36.246  6885  7213 V NearbyFragment: nextTransfer with selected algorithm: best_or_local
07-12 18:56:36.248  6885  7213 W NearbyFragment: Sending 20200312_150643!000.mp4 to Galaxy S8 [2802]
07-12 18:56:36.261  6885  6885 V NearbyFragment: Transfer to Endpoint{id=Hqzs, name=Galaxy S8 [2802]} complete
07-12 18:56:37.253  6885  7213 V DownloadTestVideosTask: Starting DownloadTestVideosTask
07-12 18:56:37.258  6885  7213 V DashDownloadManager: Started downloading: 20200312_150744.mp4
07-12 18:56:39.287  6885  6885 V NearbyFragment: Transfer to Endpoint{id=Hqzs, name=Galaxy S8 [2802]} complete
07-12 18:56:39.486  6885  6885 D NearbyFragment: onPayloadReceived(endpointId=Hqzs, payload=com.google.android.gms.nearby.connection.Payload@3e41611)
07-12 18:56:39.488  6885  6885 D NearbyFragment: Endpoint{id=Hqzs, name=Galaxy S8 [2802]} has finished downloading 20200312_150643!000.mp4
07-12 18:56:39.489  6885  6885 V NearbyFragment: nextTransfer with selected algorithm: best_or_local
07-12 18:56:39.493  6885  6885 V FileManager: External storage is readable
07-12 18:56:39.494  6885  6885 V FileManager: Created new directory: /storage/emulated/0/Movies/segment-sum/20200312_150643
07-12 18:56:39.495  6885  6885 D NearbyFragment: Summarising 20200312_150643!001.mp4
07-12 18:56:39.496  6885  6885 V VideoManager: Retrieving video from /storage/emulated/0/Movies/segment/20200312_150643/20200312_150643!001.mp4
07-12 18:56:39.502  6885  6885 V VideoManager: videoFromCursor
07-12 18:56:39.504  6885  6885 V ProcessingVideosEventHandler: onAdd
07-12 18:56:39.504  6885  6885 V RawFootageEventHandler: onRemove
07-12 18:56:39.512  6885  7267 V SummariserIntentService: onHandleIntent
07-12 18:56:39.514  6885  7267 D SummariserIntentService: Video{id='1906', data='/storage/emulated/0/Movies/segment/20200312_150643/20200312_150643!001.mp4', name='20200312_150643!001.mp4', size=16853523, visible=true, mimeType='video/mp4'}
07-12 18:56:39.514  6885  7267 D SummariserIntentService: /storage/emulated/0/Movies/segment-sum/20200312_150643/20200312_150643!001.mp4
07-12 18:56:39.519  6885  7267 I FfmpegTools: Running ffmpeg with:
07-12 18:56:39.519  6885  7267 I FfmpegTools:   -y -i /storage/emulated/0/Movies/segment/20200312_150643/20200312_150643!001.mp4 -vf freezedetect=n=-45.000000dB:d=1.000000,metadata=mode=print:file=/storage/emulated/0/Movies/raw/20200312_150643!001.txt -f null -
07-12 18:56:39.584  6885  6885 V NearbyFragment: Transfer to Endpoint{id=Hqzs, name=Galaxy S8 [2802]} complete
07-12 18:56:39.632  6885  7254 W mobile-ffmpeg: [graph 0 input from stream 0:0 @ 0xa70463e0] sws_param option is deprecated and ignored
07-12 18:56:41.959  6885  6885 D NearbyFragment: onPayloadReceived(endpointId=Hqzs, payload=com.google.android.gms.nearby.connection.Payload@ce9a102)
07-12 18:56:41.960  6885  6885 D NearbyFragment: 20200312_150643!000.mp4 from Endpoint{id=Hqzs, name=Galaxy S8 [2802]} contained no activity
07-12 18:56:41.960  6885  6885 V NearbyFragment: Received a segment of 20200312_150643
07-12 18:56:41.961  6885  6885 V NearbyFragment: nextTransfer with selected algorithm: best_or_local
07-12 18:56:41.963  6885  6885 W NearbyFragment: Sending 20200312_150643!002.mp4 to Galaxy S8 [2802]
07-12 18:56:41.978  6885  6885 V NearbyFragment: Transfer to Endpoint{id=Hqzs, name=Galaxy S8 [2802]} complete
07-12 18:56:41.996  6885  6885 V NearbyFragment: Transfer to Endpoint{id=Hqzs, name=Galaxy S8 [2802]} complete
07-12 18:56:45.778  6885  6885 V NearbyFragment: Transfer to Endpoint{id=Hqzs, name=Galaxy S8 [2802]} complete
07-12 18:56:45.912  6885  6885 D NearbyFragment: onPayloadReceived(endpointId=Hqzs, payload=com.google.android.gms.nearby.connection.Payload@86a7649)
07-12 18:56:45.913  6885  6885 D NearbyFragment: Endpoint{id=Hqzs, name=Galaxy S8 [2802]} has finished downloading 20200312_150643!002.mp4
07-12 18:56:45.914  6885  6885 V NearbyFragment: nextTransfer with selected algorithm: best_or_local
07-12 18:56:45.919  6885  6885 V FileManager: External storage is readable
07-12 18:56:45.919  6885  6885 V FileManager: Directory already exists: /storage/emulated/0/Movies/segment-sum/20200312_150643
07-12 18:56:45.920  6885  6885 D NearbyFragment: Summarising 20200312_150643!003.mp4
07-12 18:56:45.921  6885  6885 V VideoManager: Retrieving video from /storage/emulated/0/Movies/segment/20200312_150643/20200312_150643!003.mp4
07-12 18:56:45.927  6885  6885 V VideoManager: videoFromCursor
07-12 18:56:45.929  6885  6885 V ProcessingVideosEventHandler: onAdd
07-12 18:56:45.930  6885  6885 V RawFootageEventHandler: onRemove
07-12 18:56:45.958  6885  6885 V NearbyFragment: Transfer to Endpoint{id=Hqzs, name=Galaxy S8 [2802]} complete
07-12 18:56:46.309  6885  7267 W Summariser: No activity detected
07-12 18:56:46.311  6885  7267 V FfmpegTools: Retrieving duration of /storage/emulated/0/Movies/segment/20200312_150643/20200312_150643!001.mp4
07-12 18:56:46.391  6885  7267 W Summariser: Summarisation completed
07-12 18:56:46.391  6885  7267 W Summariser:   filename: 20200312_150643!001.mp4
07-12 18:56:46.391  6885  7267 W Summariser:   active sections: 0
07-12 18:56:46.391  6885  7267 W Summariser:   time: 06.795s
07-12 18:56:46.391  6885  7267 W Summariser:   original duration: 16.01
07-12 18:56:46.391  6885  7267 W Summariser:   summarised duration: -1.00
07-12 18:56:46.391  6885  7267 W Summariser:   noise tolerance: 45.00
07-12 18:56:46.391  6885  7267 W Summariser:   quality: 23
07-12 18:56:46.391  6885  7267 W Summariser:   speed: medium
07-12 18:56:46.391  6885  7267 W Summariser:   freeze duration: 1.00
07-12 18:56:46.391  6885  7267 V NearbyFragment: Received a segment of 20200312_150643
07-12 18:56:46.391  6885  7267 V ProcessingVideosEventHandler: onRemove
07-12 18:56:46.395  6885  7267 V SummariserIntentService: onHandleIntent
07-12 18:56:46.396  6885  7267 D SummariserIntentService: Video{id='1908', data='/storage/emulated/0/Movies/segment/20200312_150643/20200312_150643!003.mp4', name='20200312_150643!003.mp4', size=12603801, visible=true, mimeType='video/mp4'}
07-12 18:56:46.396  6885  7267 D SummariserIntentService: /storage/emulated/0/Movies/segment-sum/20200312_150643/20200312_150643!003.mp4
07-12 18:56:46.398  6885  7267 I FfmpegTools: Running ffmpeg with:
07-12 18:56:46.398  6885  7267 I FfmpegTools:   -y -i /storage/emulated/0/Movies/segment/20200312_150643/20200312_150643!003.mp4 -vf freezedetect=n=-45.000000dB:d=1.000000,metadata=mode=print:file=/storage/emulated/0/Movies/raw/20200312_150643!003.txt -f null -
07-12 18:56:46.429  6885  6907 D SummariserIntentService: Scanned /storage/emulated/0/Movies/summarised
07-12 18:56:46.429  6885  6907 D SummariserIntentService:   -> uri=content://media/external/file/1858
07-12 18:56:46.487  6885  7254 W mobile-ffmpeg: [graph 0 input from stream 0:0 @ 0x9522a720] sws_param option is deprecated and ignored
07-12 18:56:48.289  6885  6885 D NearbyFragment: onPayloadReceived(endpointId=Hqzs, payload=com.google.android.gms.nearby.connection.Payload@7364e5a)
07-12 18:56:48.290  6885  6885 D NearbyFragment: 20200312_150643!002.mp4 from Endpoint{id=Hqzs, name=Galaxy S8 [2802]} contained no activity
07-12 18:56:48.291  6885  6885 V NearbyFragment: Received a segment of 20200312_150643
07-12 18:56:48.291  6885  6885 I NearbyFragment: Transfer queue is empty
07-12 18:56:48.305  6885  6885 V NearbyFragment: Transfer to Endpoint{id=Hqzs, name=Galaxy S8 [2802]} complete
07-12 18:56:50.274  6885  7267 W Summariser: No activity detected
07-12 18:56:50.276  6885  7267 V FfmpegTools: Retrieving duration of /storage/emulated/0/Movies/segment/20200312_150643/20200312_150643!003.mp4
07-12 18:56:50.337  6885  7267 W Summariser: Summarisation completed
07-12 18:56:50.337  6885  7267 W Summariser:   filename: 20200312_150643!003.mp4
07-12 18:56:50.337  6885  7267 W Summariser:   active sections: 0
07-12 18:56:50.337  6885  7267 W Summariser:   time: 03.878s
07-12 18:56:50.337  6885  7267 W Summariser:   original duration: 12.01
07-12 18:56:50.337  6885  7267 W Summariser:   summarised duration: -1.00
07-12 18:56:50.337  6885  7267 W Summariser:   noise tolerance: 45.00
07-12 18:56:50.337  6885  7267 W Summariser:   quality: 23
07-12 18:56:50.337  6885  7267 W Summariser:   speed: medium
07-12 18:56:50.337  6885  7267 W Summariser:   freeze duration: 1.00
07-12 18:56:50.337  6885  7267 D NearbyFragment: Received all summarised video segments of 20200312_150643
07-12 18:56:50.340  6885  7267 V FileManager: External storage is readable
07-12 18:56:50.341  6885  7267 V FileManager: Directory already exists: /storage/emulated/0/Movies/segment-sum/20200312_150643
07-12 18:56:50.346  6885  7267 D FfmpegTools: Merging /storage/emulated/0/Movies/summarised/20200312_150643.mp4
07-12 18:56:50.347  6885  7267 D FfmpegTools: No split videos to merge
07-12 18:56:50.347  6885  7267 V RawFootageEventHandler: removeByName
07-12 18:56:50.348  6885  7267 V ProcessingVideosEventHandler: removeByName
07-12 18:56:50.349  6885  7267 V NearbyFragment: Removing video segment map for 20200312_150643
07-12 18:56:50.350  6885  7267 V ProcessingVideosEventHandler: onRemove
07-12 18:56:50.389  6885  6907 D SummariserIntentService: Scanned /storage/emulated/0/Movies/summarised
07-12 18:56:50.389  6885  6907 D SummariserIntentService:   -> uri=content://media/external/file/1858
07-12 18:57:03.491  6885  7213 V VideoManager: Retrieving video from /storage/emulated/0/Movies/raw/20200312_150744.mp4
07-12 18:57:03.501  6885  7213 D VideoManager: videoCursor is null
07-12 18:57:03.567  6885  7213 V VideoManager: videoFromCursor
07-12 18:57:03.570  6885  7213 W DashDownloadManager: Successfully downloaded 20200312_150744.mp4 in 26.232s
07-12 18:57:03.571  6885  7213 V DownloadTestVideosTask: Entering callback for download completion of 20200312_150744.mp4
07-12 18:57:03.573  6885  7213 V RawFootageEventHandler: onAdd
07-12 18:57:03.576  6885  7213 V FfmpegTools: Retrieving duration of /storage/emulated/0/Movies/raw/20200312_150744.mp4
07-12 18:57:03.596  6885  7254 W mobile-ffmpeg: [mov,mp4,m4a,3gp,3g2,mj2 @ 0x95273400] Found duplicated MOOV Atom. Skipped it
07-12 18:57:03.685  6885  7213 V FileManager: External storage is readable
07-12 18:57:03.686  6885  7213 V FileManager: Created new directory: /storage/emulated/0/Movies/segment/20200312_150744
07-12 18:57:03.687  6885  7213 V FfmpegTools: Splitting /storage/emulated/0/Movies/raw/20200312_150744.mp4 with 16s long segments
07-12 18:57:03.688  6885  7213 I FfmpegTools: Running ffmpeg with:
07-12 18:57:03.688  6885  7213 I FfmpegTools:   -y -i /storage/emulated/0/Movies/raw/20200312_150744.mp4 -map 0 -c copy -f segment -reset_timestamps 1 -segment_time 16 /storage/emulated/0/Movies/segment/20200312_150744/20200312_150744!%03d.mp4
07-12 18:57:03.702  6885  7254 W mobile-ffmpeg: [mov,mp4,m4a,3gp,3g2,mj2 @ 0x8f5c5600] Found duplicated MOOV Atom. Skipped it
07-12 18:57:04.931  6885  7213 V FileManager: External storage is readable
07-12 18:57:04.932  6885  7213 V FileManager: Directory already exists: /storage/emulated/0/Movies/segment/20200312_150744
07-12 18:57:04.933  6885  7213 V VideoManager: Retrieving videos from /storage/emulated/0/Movies/segment/20200312_150744
07-12 18:57:04.935  6885  7213 V VideoManager: Retrieving video from /storage/emulated/0/Movies/segment/20200312_150744/20200312_150744!000.mp4
07-12 18:57:04.943  6885  7213 D VideoManager: videoCursor is null
07-12 18:57:04.974  6885  7213 V VideoManager: videoFromCursor
07-12 18:57:04.976  6885  7213 V VideoManager: Retrieving video from /storage/emulated/0/Movies/segment/20200312_150744/20200312_150744!001.mp4
07-12 18:57:04.987  6885  7213 D VideoManager: videoCursor is null
07-12 18:57:05.006  6885  7213 V VideoManager: videoFromCursor
07-12 18:57:05.008  6885  7213 V VideoManager: Retrieving video from /storage/emulated/0/Movies/segment/20200312_150744/20200312_150744!002.mp4
07-12 18:57:05.012  6885  7213 D VideoManager: videoCursor is null
07-12 18:57:05.031  6885  7213 V VideoManager: videoFromCursor
07-12 18:57:05.032  6885  7213 V VideoManager: Retrieving video from /storage/emulated/0/Movies/segment/20200312_150744/20200312_150744!003.mp4
07-12 18:57:05.037  6885  7213 D VideoManager: videoCursor is null
07-12 18:57:05.054  6885  7213 V VideoManager: videoFromCursor
07-12 18:57:05.056  6885  7213 V NearbyFragment: nextTransfer with selected algorithm: best_or_local
07-12 18:57:05.057  6885  7213 W NearbyFragment: Sending 20200312_150744!000.mp4 to Galaxy S8 [2802]
07-12 18:57:05.072  6885  6885 V NearbyFragment: Transfer to Endpoint{id=Hqzs, name=Galaxy S8 [2802]} complete
07-12 18:57:06.061  6885  7213 V DownloadTestVideosTask: Starting DownloadTestVideosTask
07-12 18:57:06.064  6885  7213 V DashDownloadManager: Started downloading: 20200312_150844.mp4
07-12 18:57:08.010  6885  6885 V NearbyFragment: Transfer to Endpoint{id=Hqzs, name=Galaxy S8 [2802]} complete
07-12 18:57:08.093  6885  6885 D NearbyFragment: onPayloadReceived(endpointId=Hqzs, payload=com.google.android.gms.nearby.connection.Payload@597ee03)
07-12 18:57:08.093  6885  6885 D NearbyFragment: Endpoint{id=Hqzs, name=Galaxy S8 [2802]} has finished downloading 20200312_150744!000.mp4
07-12 18:57:08.094  6885  6885 V NearbyFragment: nextTransfer with selected algorithm: best_or_local
07-12 18:57:08.099  6885  6885 V FileManager: External storage is readable
07-12 18:57:08.100  6885  6885 V FileManager: Created new directory: /storage/emulated/0/Movies/segment-sum/20200312_150744
07-12 18:57:08.100  6885  6885 D NearbyFragment: Summarising 20200312_150744!001.mp4
07-12 18:57:08.101  6885  6885 V VideoManager: Retrieving video from /storage/emulated/0/Movies/segment/20200312_150744/20200312_150744!001.mp4
07-12 18:57:08.106  6885  6885 V VideoManager: videoFromCursor
07-12 18:57:08.108  6885  6885 V ProcessingVideosEventHandler: onAdd
07-12 18:57:08.108  6885  6885 V RawFootageEventHandler: onRemove
07-12 18:57:08.117  6885  7343 V SummariserIntentService: onHandleIntent
07-12 18:57:08.117  6885  7343 D SummariserIntentService: Video{id='1912', data='/storage/emulated/0/Movies/segment/20200312_150744/20200312_150744!001.mp4', name='20200312_150744!001.mp4', size=16915850, visible=true, mimeType='video/mp4'}
07-12 18:57:08.117  6885  7343 D SummariserIntentService: /storage/emulated/0/Movies/segment-sum/20200312_150744/20200312_150744!001.mp4
07-12 18:57:08.119  6885  7343 I FfmpegTools: Running ffmpeg with:
07-12 18:57:08.119  6885  7343 I FfmpegTools:   -y -i /storage/emulated/0/Movies/segment/20200312_150744/20200312_150744!001.mp4 -vf freezedetect=n=-45.000000dB:d=1.000000,metadata=mode=print:file=/storage/emulated/0/Movies/raw/20200312_150744!001.txt -f null -
07-12 18:57:08.146  6885  6885 V NearbyFragment: Transfer to Endpoint{id=Hqzs, name=Galaxy S8 [2802]} complete
07-12 18:57:08.316  6885  7254 W mobile-ffmpeg: [graph 0 input from stream 0:0 @ 0x9456b860] sws_param option is deprecated and ignored
07-12 18:57:09.734  6885  6885 V MainActivity: Navigation summarised button clicked
07-12 18:57:09.768  6885  6885 W StaticLayout: maxLineHeight should not be -1.  maxLines:1 lineCount:1
07-12 18:57:09.774  6885  6885 W StaticLayout: maxLineHeight should not be -1.  maxLines:1 lineCount:1
07-12 18:57:10.423  6885  6885 D NearbyFragment: onPayloadReceived(endpointId=Hqzs, payload=com.google.android.gms.nearby.connection.Payload@6e2b99d)
07-12 18:57:10.424  6885  6885 D NearbyFragment: 20200312_150744!000.mp4 from Endpoint{id=Hqzs, name=Galaxy S8 [2802]} contained no activity
07-12 18:57:10.424  6885  6885 V NearbyFragment: Received a segment of 20200312_150744
07-12 18:57:10.425  6885  6885 V NearbyFragment: nextTransfer with selected algorithm: best_or_local
07-12 18:57:10.426  6885  6885 W NearbyFragment: Sending 20200312_150744!002.mp4 to Galaxy S8 [2802]
07-12 18:57:10.447  6885  6885 V NearbyFragment: Transfer to Endpoint{id=Hqzs, name=Galaxy S8 [2802]} complete
07-12 18:57:10.452  6885  6885 V NearbyFragment: Transfer to Endpoint{id=Hqzs, name=Galaxy S8 [2802]} complete
07-12 18:57:14.013  6885  6885 V NearbyFragment: Transfer to Endpoint{id=Hqzs, name=Galaxy S8 [2802]} complete
07-12 18:57:14.095  6885  6885 D NearbyFragment: onPayloadReceived(endpointId=Hqzs, payload=com.google.android.gms.nearby.connection.Payload@749afe0)
07-12 18:57:14.096  6885  6885 D NearbyFragment: Endpoint{id=Hqzs, name=Galaxy S8 [2802]} has finished downloading 20200312_150744!002.mp4
07-12 18:57:14.098  6885  6885 V NearbyFragment: nextTransfer with selected algorithm: best_or_local
07-12 18:57:14.101  6885  6885 V FileManager: External storage is readable
07-12 18:57:14.101  6885  6885 V FileManager: Directory already exists: /storage/emulated/0/Movies/segment-sum/20200312_150744
07-12 18:57:14.102  6885  6885 D NearbyFragment: Summarising 20200312_150744!003.mp4
07-12 18:57:14.102  6885  6885 V VideoManager: Retrieving video from /storage/emulated/0/Movies/segment/20200312_150744/20200312_150744!003.mp4
07-12 18:57:14.108  6885  6885 V VideoManager: videoFromCursor
07-12 18:57:14.109  6885  6885 V ProcessingVideosEventHandler: onAdd
07-12 18:57:14.110  6885  6885 V RawFootageEventHandler: onRemove
07-12 18:57:14.113  6885  6885 V NearbyFragment: Transfer to Endpoint{id=Hqzs, name=Galaxy S8 [2802]} complete
07-12 18:57:14.910  6885  7343 W Summariser: No activity detected
07-12 18:57:14.912  6885  7343 V FfmpegTools: Retrieving duration of /storage/emulated/0/Movies/segment/20200312_150744/20200312_150744!001.mp4
07-12 18:57:14.997  6885  7343 W Summariser: Summarisation completed
07-12 18:57:14.997  6885  7343 W Summariser:   filename: 20200312_150744!001.mp4
07-12 18:57:14.997  6885  7343 W Summariser:   active sections: 0
07-12 18:57:14.997  6885  7343 W Summariser:   time: 06.793s
07-12 18:57:14.997  6885  7343 W Summariser:   original duration: 16.02
07-12 18:57:14.997  6885  7343 W Summariser:   summarised duration: -1.00
07-12 18:57:14.997  6885  7343 W Summariser:   noise tolerance: 45.00
07-12 18:57:14.997  6885  7343 W Summariser:   quality: 23
07-12 18:57:14.997  6885  7343 W Summariser:   speed: medium
07-12 18:57:14.997  6885  7343 W Summariser:   freeze duration: 1.00
07-12 18:57:14.997  6885  7343 V NearbyFragment: Received a segment of 20200312_150744
07-12 18:57:14.997  6885  7343 V ProcessingVideosEventHandler: onRemove
07-12 18:57:15.001  6885  7343 V SummariserIntentService: onHandleIntent
07-12 18:57:15.003  6885  7343 D SummariserIntentService: Video{id='1914', data='/storage/emulated/0/Movies/segment/20200312_150744/20200312_150744!003.mp4', name='20200312_150744!003.mp4', size=12638441, visible=true, mimeType='video/mp4'}
07-12 18:57:15.003  6885  7343 D SummariserIntentService: /storage/emulated/0/Movies/segment-sum/20200312_150744/20200312_150744!003.mp4
07-12 18:57:15.005  6885  7343 I FfmpegTools: Running ffmpeg with:
07-12 18:57:15.005  6885  7343 I FfmpegTools:   -y -i /storage/emulated/0/Movies/segment/20200312_150744/20200312_150744!003.mp4 -vf freezedetect=n=-45.000000dB:d=1.000000,metadata=mode=print:file=/storage/emulated/0/Movies/raw/20200312_150744!003.txt -f null -
07-12 18:57:15.039  6885  6937 D SummariserIntentService: Scanned /storage/emulated/0/Movies/summarised
07-12 18:57:15.039  6885  6937 D SummariserIntentService:   -> uri=content://media/external/file/1858
07-12 18:57:15.120  6885  7254 W mobile-ffmpeg: [graph 0 input from stream 0:0 @ 0xa5626980] sws_param option is deprecated and ignored
07-12 18:57:16.461  6885  6885 D NearbyFragment: onPayloadReceived(endpointId=Hqzs, payload=com.google.android.gms.nearby.connection.Payload@f907f55)
07-12 18:57:16.462  6885  6885 D NearbyFragment: 20200312_150744!002.mp4 from Endpoint{id=Hqzs, name=Galaxy S8 [2802]} contained no activity
07-12 18:57:16.462  6885  6885 V NearbyFragment: Received a segment of 20200312_150744
07-12 18:57:16.463  6885  6885 I NearbyFragment: Transfer queue is empty
07-12 18:57:16.475  6885  6885 V NearbyFragment: Transfer to Endpoint{id=Hqzs, name=Galaxy S8 [2802]} complete
07-12 18:57:19.695  6885  7343 V FfmpegTools: Retrieving duration of /storage/emulated/0/Movies/segment/20200312_150744/20200312_150744!003.mp4
07-12 18:57:19.757  6885  7343 W Summariser: 1 active sections found
07-12 18:57:19.757  6885  7343 I FfmpegTools: Running ffmpeg with:
07-12 18:57:19.757  6885  7343 I FfmpegTools:   -y -i /storage/emulated/0/Movies/segment/20200312_150744/20200312_150744!003.mp4 -filter_complex [0:v]trim=7.206000:12.030000,setpts=PTS-STARTPTS[v0];[0:a]atrim=7.206000:12.030000,asetpts=PTS-STARTPTS[a0];[v0][a0]concat=n=1:v=1:a=1[outv][outa] -map [outv] -map [outa] -crf 23 -preset medium /storage/emulated/0/Movies/segment-sum/20200312_150744/20200312_150744!003.mp4
07-12 18:57:19.946  6885  7254 W mobile-ffmpeg: [graph 0 input from stream 0:0 @ 0x957257c0] sws_param option is deprecated and ignored
07-12 18:57:35.637  6885  7213 V VideoManager: Retrieving video from /storage/emulated/0/Movies/raw/20200312_150844.mp4
07-12 18:57:35.645  6885  7213 D VideoManager: videoCursor is null
07-12 18:57:35.671  6885  7213 V VideoManager: videoFromCursor
07-12 18:57:35.673  6885  7213 W DashDownloadManager: Successfully downloaded 20200312_150844.mp4 in 29.572s
07-12 18:57:35.673  6885  7213 V DownloadTestVideosTask: Entering callback for download completion of 20200312_150844.mp4
07-12 18:57:35.675  6885  7213 V RawFootageEventHandler: onAdd
07-12 18:57:35.676  6885  7213 V FfmpegTools: Retrieving duration of /storage/emulated/0/Movies/raw/20200312_150844.mp4
07-12 18:57:35.692  6885  7254 W mobile-ffmpeg: [mov,mp4,m4a,3gp,3g2,mj2 @ 0xa707c200] Found duplicated MOOV Atom. Skipped it
07-12 18:57:35.847  6885  7213 V FileManager: External storage is readable
07-12 18:57:35.848  6885  7213 V FileManager: Created new directory: /storage/emulated/0/Movies/segment/20200312_150844
07-12 18:57:35.848  6885  7213 V FfmpegTools: Splitting /storage/emulated/0/Movies/raw/20200312_150844.mp4 with 16s long segments
07-12 18:57:35.849  6885  7213 I FfmpegTools: Running ffmpeg with:
07-12 18:57:35.849  6885  7213 I FfmpegTools:   -y -i /storage/emulated/0/Movies/raw/20200312_150844.mp4 -map 0 -c copy -f segment -reset_timestamps 1 -segment_time 16 /storage/emulated/0/Movies/segment/20200312_150844/20200312_150844!%03d.mp4
07-12 18:57:35.868  6885  7254 W mobile-ffmpeg: [mov,mp4,m4a,3gp,3g2,mj2 @ 0x8f0dca00] Found duplicated MOOV Atom. Skipped it
07-12 18:57:37.142  6885  7213 V FileManager: External storage is readable
07-12 18:57:37.143  6885  7213 V FileManager: Directory already exists: /storage/emulated/0/Movies/segment/20200312_150844
07-12 18:57:37.143  6885  7213 V VideoManager: Retrieving videos from /storage/emulated/0/Movies/segment/20200312_150844
07-12 18:57:37.144  6885  7213 V VideoManager: Retrieving video from /storage/emulated/0/Movies/segment/20200312_150844/20200312_150844!000.mp4
07-12 18:57:37.156  6885  7213 D VideoManager: videoCursor is null
07-12 18:57:37.369  6885  7213 V VideoManager: videoFromCursor
07-12 18:57:37.371  6885  7213 V VideoManager: Retrieving video from /storage/emulated/0/Movies/segment/20200312_150844/20200312_150844!001.mp4
07-12 18:57:37.376  6885  7213 D VideoManager: videoCursor is null
07-12 18:57:37.408  6885  7213 V VideoManager: videoFromCursor
07-12 18:57:37.410  6885  7213 V VideoManager: Retrieving video from /storage/emulated/0/Movies/segment/20200312_150844/20200312_150844!002.mp4
07-12 18:57:37.415  6885  7213 D VideoManager: videoCursor is null
07-12 18:57:37.434  6885  7213 V VideoManager: videoFromCursor
07-12 18:57:37.436  6885  7213 V VideoManager: Retrieving video from /storage/emulated/0/Movies/segment/20200312_150844/20200312_150844!003.mp4
07-12 18:57:37.441  6885  7213 D VideoManager: videoCursor is null
07-12 18:57:37.461  6885  7213 V VideoManager: videoFromCursor
07-12 18:57:37.467  6885  7213 V NearbyFragment: nextTransfer with selected algorithm: best_or_local
07-12 18:57:37.469  6885  7213 W NearbyFragment: Sending 20200312_150844!000.mp4 to Galaxy S8 [2802]
07-12 18:57:37.500  6885  6885 V NearbyFragment: Transfer to Endpoint{id=Hqzs, name=Galaxy S8 [2802]} complete
07-12 18:57:38.474  6885  7213 V DownloadTestVideosTask: Starting DownloadTestVideosTask
07-12 18:57:38.478  6885  7213 V DashDownloadManager: Started downloading: 20200312_150944.mp4
07-12 18:57:39.731  6885  7343 V FfmpegTools: Retrieving duration of /storage/emulated/0/Movies/segment/20200312_150744/20200312_150744!003.mp4
07-12 18:57:39.813  6885  7343 V FfmpegTools: Retrieving duration of /storage/emulated/0/Movies/segment-sum/20200312_150744/20200312_150744!003.mp4
07-12 18:57:39.889  6885  7343 W Summariser: Summarisation completed
07-12 18:57:39.889  6885  7343 W Summariser:   filename: 20200312_150744!003.mp4
07-12 18:57:39.889  6885  7343 W Summariser:   active sections: 1
07-12 18:57:39.889  6885  7343 W Summariser:   time: 24.727s
07-12 18:57:39.889  6885  7343 W Summariser:   original duration: 12.03
07-12 18:57:39.889  6885  7343 W Summariser:   summarised duration: 4.89
07-12 18:57:39.889  6885  7343 W Summariser:   noise tolerance: 45.00
07-12 18:57:39.889  6885  7343 W Summariser:   quality: 23
07-12 18:57:39.889  6885  7343 W Summariser:   speed: medium
07-12 18:57:39.889  6885  7343 W Summariser:   freeze duration: 1.00
07-12 18:57:39.890  6885  7343 V VideoManager: Retrieving video from /storage/emulated/0/Movies/segment-sum/20200312_150744/20200312_150744!003.mp4
07-12 18:57:39.896  6885  7343 D VideoManager: videoCursor is null
07-12 18:57:39.926  6885  7343 V VideoManager: videoFromCursor
07-12 18:57:39.928  6885  7343 D NearbyFragment: Received all summarised video segments of 20200312_150744
07-12 18:57:39.932  6885  7343 V FileManager: External storage is readable
07-12 18:57:39.932  6885  7343 V FileManager: Directory already exists: /storage/emulated/0/Movies/segment-sum/20200312_150744
07-12 18:57:39.933  6885  7343 D FfmpegTools: Merging /storage/emulated/0/Movies/summarised/20200312_150744.mp4
07-12 18:57:39.933  6885  7343 V FfmpegTools: Retrieving duration of /storage/emulated/0/Movies/segment-sum/20200312_150744/20200312_150744!003.mp4
07-12 18:57:40.001  6885  7343 W FfmpegTools: Single segment returned, duration of 20200312_150744: 4.89
07-12 18:57:40.126  6885  7343 V VideoManager: Retrieving video from /storage/emulated/0/Movies/summarised/20200312_150744.mp4
07-12 18:57:40.132  6885  7343 V VideoManager: videoFromCursor
07-12 18:57:40.134  6885  7343 V SummarisedVideosEventHandler: onAdd
07-12 18:57:40.134  6885  7343 V RawFootageEventHandler: removeByName
07-12 18:57:40.136  6885  7343 V ProcessingVideosEventHandler: removeByName
07-12 18:57:40.137  6885  7343 V NearbyFragment: Removing video segment map for 20200312_150744
07-12 18:57:40.138  6885  7343 V ProcessingVideosEventHandler: onRemove
07-12 18:57:40.495  6885  6907 D SummariserIntentService: Scanned /storage/emulated/0/Movies/summarised
07-12 18:57:40.495  6885  6907 D SummariserIntentService:   -> uri=content://media/external/file/1858
07-12 18:57:41.374  6885  6885 V NearbyFragment: Transfer to Endpoint{id=Hqzs, name=Galaxy S8 [2802]} complete
07-12 18:57:41.450  6885  6885 D NearbyFragment: onPayloadReceived(endpointId=Hqzs, payload=com.google.android.gms.nearby.connection.Payload@6884ae9)
07-12 18:57:41.451  6885  6885 D NearbyFragment: Endpoint{id=Hqzs, name=Galaxy S8 [2802]} has finished downloading 20200312_150844!000.mp4
07-12 18:57:41.453  6885  6885 V NearbyFragment: nextTransfer with selected algorithm: best_or_local
07-12 18:57:41.458  6885  6885 V FileManager: External storage is readable
07-12 18:57:41.459  6885  6885 V FileManager: Created new directory: /storage/emulated/0/Movies/segment-sum/20200312_150844
07-12 18:57:41.460  6885  6885 D NearbyFragment: Summarising 20200312_150844!001.mp4
07-12 18:57:41.460  6885  6885 V VideoManager: Retrieving video from /storage/emulated/0/Movies/segment/20200312_150844/20200312_150844!001.mp4
07-12 18:57:41.468  6885  6885 V VideoManager: videoFromCursor
07-12 18:57:41.470  6885  6885 V ProcessingVideosEventHandler: onAdd
07-12 18:57:41.471  6885  6885 V RawFootageEventHandler: onRemove
07-12 18:57:41.485  6885  7479 V SummariserIntentService: onHandleIntent
07-12 18:57:41.486  6885  7479 D SummariserIntentService: Video{id='1918', data='/storage/emulated/0/Movies/segment/20200312_150844/20200312_150844!001.mp4', name='20200312_150844!001.mp4', size=17002010, visible=true, mimeType='video/mp4'}
07-12 18:57:41.486  6885  7479 D SummariserIntentService: /storage/emulated/0/Movies/segment-sum/20200312_150844/20200312_150844!001.mp4
07-12 18:57:41.488  6885  7479 I FfmpegTools: Running ffmpeg with:
07-12 18:57:41.488  6885  7479 I FfmpegTools:   -y -i /storage/emulated/0/Movies/segment/20200312_150844/20200312_150844!001.mp4 -vf freezedetect=n=-45.000000dB:d=1.000000,metadata=mode=print:file=/storage/emulated/0/Movies/raw/20200312_150844!001.txt -f null -
07-12 18:57:41.509  6885  6885 V NearbyFragment: Transfer to Endpoint{id=Hqzs, name=Galaxy S8 [2802]} complete
07-12 18:57:41.710  6885  7254 W mobile-ffmpeg: [graph 0 input from stream 0:0 @ 0x955696c0] sws_param option is deprecated and ignored
07-12 18:57:44.347  6885  6885 D NearbyFragment: onPayloadReceived(endpointId=Hqzs, payload=com.google.android.gms.nearby.connection.Payload@211aca5)
07-12 18:57:44.347  6885  6885 V NearbyFragment: Started downloading 20200312_150844!000.mp4 from Endpoint{id=Hqzs, name=Galaxy S8 [2802]}
07-12 18:57:44.349  6885  6885 V NearbyFragment: nextTransfer with selected algorithm: best_or_local
07-12 18:57:44.352  6885  6885 W NearbyFragment: Sending 20200312_150844!002.mp4 to Galaxy S8 [2802]
07-12 18:57:44.365  6885  6885 V NearbyFragment: Transfer to Endpoint{id=Hqzs, name=Galaxy S8 [2802]} complete
07-12 18:57:44.387  6885  6885 V NearbyFragment: Transfer to Endpoint{id=Hqzs, name=Galaxy S8 [2802]} complete
07-12 18:57:44.416  6885  6885 D NearbyFragment: onPayloadReceived(endpointId=Hqzs, payload=com.google.android.gms.nearby.connection.Payload@4dd6488)
07-12 18:57:50.639  6885  7479 D Summariser: No freeze file
07-12 18:57:50.640  6885  7479 W Summariser: Whole video is active
07-12 18:57:50.645  6885  6885 V NearbyFragment: Transfer to Endpoint{id=Hqzs, name=Galaxy S8 [2802]} complete
07-12 18:57:50.646  6885  6885 W NearbyFragment: Completed downloading 20200312_150844!000.mp4 from Endpoint{id=Hqzs, name=Galaxy S8 [2802]} in 06.297s
07-12 18:57:50.651  6885  6885 V FileManager: External storage is readable
07-12 18:57:50.651  6885  6885 V FileManager: Directory already exists: /storage/emulated/0/Movies/segment-sum/20200312_150844
07-12 18:57:52.033  6885  6885 V NearbyFragment: Received a segment of 20200312_150844
07-12 18:57:52.036  6885  6885 V NearbyFragment: Transfer to Endpoint{id=Hqzs, name=Galaxy S8 [2802]} complete
07-12 18:57:52.036  6885  6885 D NearbyFragment: onPayloadReceived(endpointId=Hqzs, payload=com.google.android.gms.nearby.connection.Payload@156e21)
07-12 18:57:52.037  6885  6885 D NearbyFragment: Endpoint{id=Hqzs, name=Galaxy S8 [2802]} has finished downloading 20200312_150844!002.mp4
07-12 18:57:52.038  6885  6885 V NearbyFragment: nextTransfer with selected algorithm: best_or_local
07-12 18:57:52.042  6885  6885 V FileManager: External storage is readable
07-12 18:57:52.042  6885  6885 V FileManager: Directory already exists: /storage/emulated/0/Movies/segment-sum/20200312_150844
07-12 18:57:52.044  6885  6885 D NearbyFragment: Summarising 20200312_150844!003.mp4
07-12 18:57:52.044  6885  6885 V VideoManager: Retrieving video from /storage/emulated/0/Movies/segment/20200312_150844/20200312_150844!003.mp4
07-12 18:57:52.050  6885  6885 V VideoManager: videoFromCursor
07-12 18:57:52.052  6885  6885 V ProcessingVideosEventHandler: onAdd
07-12 18:57:52.052  6885  6885 V RawFootageEventHandler: onRemove
07-12 18:57:52.055  6885  6885 V NearbyFragment: Transfer to Endpoint{id=Hqzs, name=Galaxy S8 [2802]} complete
07-12 18:57:52.244  6885  7479 V FfmpegTools: Retrieving duration of /storage/emulated/0/Movies/segment/20200312_150844/20200312_150844!001.mp4
07-12 18:57:52.358  6885  7479 V FfmpegTools: Retrieving duration of /storage/emulated/0/Movies/segment-sum/20200312_150844/20200312_150844!001.mp4
07-12 18:57:52.476  6885  7479 W Summariser: Summarisation completed
07-12 18:57:52.476  6885  7479 W Summariser:   filename: 20200312_150844!001.mp4
07-12 18:57:52.476  6885  7479 W Summariser:   active sections: -1
07-12 18:57:52.476  6885  7479 W Summariser:   time: 10.757s
07-12 18:57:52.476  6885  7479 W Summariser:   original duration: 16.01
07-12 18:57:52.476  6885  7479 W Summariser:   summarised duration: 16.01
07-12 18:57:52.476  6885  7479 W Summariser:   noise tolerance: 45.00
07-12 18:57:52.476  6885  7479 W Summariser:   quality: 23
07-12 18:57:52.476  6885  7479 W Summariser:   speed: medium
07-12 18:57:52.476  6885  7479 W Summariser:   freeze duration: 1.00
07-12 18:57:52.477  6885  7479 V VideoManager: Retrieving video from /storage/emulated/0/Movies/segment-sum/20200312_150844/20200312_150844!001.mp4
07-12 18:57:52.482  6885  7479 V VideoManager: videoFromCursor
07-12 18:57:52.484  6885  7479 V NearbyFragment: Received a segment of 20200312_150844
07-12 18:57:52.484  6885  7479 V ProcessingVideosEventHandler: onRemove
07-12 18:57:52.490  6885  7479 V SummariserIntentService: onHandleIntent
07-12 18:57:52.491  6885  7479 D SummariserIntentService: Video{id='1920', data='/storage/emulated/0/Movies/segment/20200312_150844/20200312_150844!003.mp4', name='20200312_150844!003.mp4', size=12629721, visible=true, mimeType='video/mp4'}
07-12 18:57:52.491  6885  7479 D SummariserIntentService: /storage/emulated/0/Movies/segment-sum/20200312_150844/20200312_150844!003.mp4
07-12 18:57:52.494  6885  7479 I FfmpegTools: Running ffmpeg with:
07-12 18:57:52.494  6885  7479 I FfmpegTools:   -y -i /storage/emulated/0/Movies/segment/20200312_150844/20200312_150844!003.mp4 -vf freezedetect=n=-45.000000dB:d=1.000000,metadata=mode=print:file=/storage/emulated/0/Movies/raw/20200312_150844!003.txt -f null -
07-12 18:57:52.644  6885  6907 D SummariserIntentService: Scanned /storage/emulated/0/Movies/summarised
07-12 18:57:52.644  6885  6907 D SummariserIntentService:   -> uri=content://media/external/file/1858
07-12 18:57:52.677  6885  7254 W mobile-ffmpeg: [graph 0 input from stream 0:0 @ 0x95725f40] sws_param option is deprecated and ignored
07-12 18:57:54.438  6885  6885 D NearbyFragment: onPayloadReceived(endpointId=Hqzs, payload=com.google.android.gms.nearby.connection.Payload@7801cd2)
07-12 18:57:54.438  6885  6885 V NearbyFragment: Started downloading 20200312_150844!002.mp4 from Endpoint{id=Hqzs, name=Galaxy S8 [2802]}
07-12 18:57:54.439  6885  6885 I NearbyFragment: Transfer queue is empty
07-12 18:57:54.440  6885  6885 V NearbyFragment: Transfer to Endpoint{id=Hqzs, name=Galaxy S8 [2802]} complete
07-12 18:57:54.487  6885  6885 D NearbyFragment: onPayloadReceived(endpointId=Hqzs, payload=com.google.android.gms.nearby.connection.Payload@6c071a3)
07-12 18:57:59.418  6885  6885 V NearbyFragment: Transfer to Endpoint{id=Hqzs, name=Galaxy S8 [2802]} complete
07-12 18:57:59.419  6885  6885 W NearbyFragment: Completed downloading 20200312_150844!002.mp4 from Endpoint{id=Hqzs, name=Galaxy S8 [2802]} in 04.980s
07-12 18:57:59.424  6885  6885 V FileManager: External storage is readable
07-12 18:57:59.425  6885  6885 V FileManager: Directory already exists: /storage/emulated/0/Movies/segment-sum/20200312_150844
07-12 18:57:59.443  6885  7479 D Summariser: No freeze file
07-12 18:57:59.443  6885  7479 W Summariser: Whole video is active
07-12 18:58:00.814  6885  7479 V FfmpegTools: Retrieving duration of /storage/emulated/0/Movies/segment/20200312_150844/20200312_150844!003.mp4
07-12 18:58:01.014  6885  7479 V FfmpegTools: Retrieving duration of /storage/emulated/0/Movies/segment-sum/20200312_150844/20200312_150844!003.mp4
07-12 18:58:01.039  6885  6885 V NearbyFragment: Received a segment of 20200312_150844
07-12 18:58:01.088  6885  7479 W Summariser: Summarisation completed
07-12 18:58:01.088  6885  7479 W Summariser:   filename: 20200312_150844!003.mp4
07-12 18:58:01.088  6885  7479 W Summariser:   active sections: -1
07-12 18:58:01.088  6885  7479 W Summariser:   time: 08.321s
07-12 18:58:01.088  6885  7479 W Summariser:   original duration: 11.98
07-12 18:58:01.088  6885  7479 W Summariser:   summarised duration: 11.98
07-12 18:58:01.088  6885  7479 W Summariser:   noise tolerance: 45.00
07-12 18:58:01.088  6885  7479 W Summariser:   quality: 23
07-12 18:58:01.088  6885  7479 W Summariser:   speed: medium
07-12 18:58:01.088  6885  7479 W Summariser:   freeze duration: 1.00
07-12 18:58:01.088  6885  7479 V VideoManager: Retrieving video from /storage/emulated/0/Movies/segment-sum/20200312_150844/20200312_150844!003.mp4
07-12 18:58:01.094  6885  7479 D VideoManager: videoCursor is null
07-12 18:58:01.114  6885  7479 V VideoManager: videoFromCursor
07-12 18:58:01.116  6885  7479 D NearbyFragment: Received all summarised video segments of 20200312_150844
07-12 18:58:01.121  6885  7479 V FileManager: External storage is readable
07-12 18:58:01.121  6885  7479 V FileManager: Directory already exists: /storage/emulated/0/Movies/segment-sum/20200312_150844
07-12 18:58:01.122  6885  7479 D FfmpegTools: Merging /storage/emulated/0/Movies/summarised/20200312_150844.mp4
07-12 18:58:01.126  6885  7479 V FileManager: External storage is readable
07-12 18:58:01.126  6885  7479 V FileManager: Directory already exists: /storage/emulated/0/Movies/segment/20200312_150844
07-12 18:58:01.132  6885  7479 I FfmpegTools: Running ffmpeg with:
07-12 18:58:01.132  6885  7479 I FfmpegTools:   -y -f concat -safe 0 -i /storage/emulated/0/Movies/segment/20200312_150844/paths.txt -c copy /storage/emulated/0/Movies/summarised/20200312_150844.mp4
07-12 18:58:02.246  6885  7479 V FfmpegTools: Retrieving duration of /storage/emulated/0/Movies/summarised/20200312_150844.mp4
07-12 18:58:02.316  6885  7479 W FfmpegTools: Merged duration of 20200312_150844: 60.08
07-12 18:58:02.426  6885  7479 V VideoManager: Retrieving video from /storage/emulated/0/Movies/summarised/20200312_150844.mp4
07-12 18:58:02.431  6885  7479 V VideoManager: videoFromCursor
07-12 18:58:02.433  6885  7479 V SummarisedVideosEventHandler: onAdd
07-12 18:58:02.433  6885  7479 V RawFootageEventHandler: removeByName
07-12 18:58:02.435  6885  7479 V ProcessingVideosEventHandler: removeByName
07-12 18:58:02.436  6885  7479 V NearbyFragment: Removing video segment map for 20200312_150844
07-12 18:58:02.436  6885  7479 V ProcessingVideosEventHandler: onRemove
07-12 18:58:02.741  6885  7339 D SummariserIntentService: Scanned /storage/emulated/0/Movies/summarised
07-12 18:58:02.741  6885  7339 D SummariserIntentService:   -> uri=content://media/external/file/1858
07-12 18:58:10.584  6885  7213 V VideoManager: Retrieving video from /storage/emulated/0/Movies/raw/20200312_150944.mp4
07-12 18:58:10.590  6885  7213 D VideoManager: videoCursor is null
07-12 18:58:10.616  6885  7213 V VideoManager: videoFromCursor
07-12 18:58:10.619  6885  7213 W DashDownloadManager: Successfully downloaded 20200312_150944.mp4 in 32.104s
07-12 18:58:10.619  6885  7213 V DownloadTestVideosTask: Entering callback for download completion of 20200312_150944.mp4
07-12 18:58:10.620  6885  7213 V RawFootageEventHandler: onAdd
07-12 18:58:10.623  6885  7213 V FfmpegTools: Retrieving duration of /storage/emulated/0/Movies/raw/20200312_150944.mp4
07-12 18:58:10.646  6885  7254 W mobile-ffmpeg: [mov,mp4,m4a,3gp,3g2,mj2 @ 0xa7023a00] Found duplicated MOOV Atom. Skipped it
07-12 18:58:10.774  6885  7213 V FileManager: External storage is readable
07-12 18:58:10.775  6885  7213 V FileManager: Created new directory: /storage/emulated/0/Movies/segment/20200312_150944
07-12 18:58:10.775  6885  7213 V FfmpegTools: Splitting /storage/emulated/0/Movies/raw/20200312_150944.mp4 with 16s long segments
07-12 18:58:10.776  6885  7213 I FfmpegTools: Running ffmpeg with:
07-12 18:58:10.776  6885  7213 I FfmpegTools:   -y -i /storage/emulated/0/Movies/raw/20200312_150944.mp4 -map 0 -c copy -f segment -reset_timestamps 1 -segment_time 16 /storage/emulated/0/Movies/segment/20200312_150944/20200312_150944!%03d.mp4
07-12 18:58:10.794  6885  7254 W mobile-ffmpeg: [mov,mp4,m4a,3gp,3g2,mj2 @ 0x8f0ca000] Found duplicated MOOV Atom. Skipped it
07-12 18:58:12.421  6885  7213 V FileManager: External storage is readable
07-12 18:58:12.421  6885  7213 V FileManager: Directory already exists: /storage/emulated/0/Movies/segment/20200312_150944
07-12 18:58:12.421  6885  7213 V VideoManager: Retrieving videos from /storage/emulated/0/Movies/segment/20200312_150944
07-12 18:58:12.423  6885  7213 V VideoManager: Retrieving video from /storage/emulated/0/Movies/segment/20200312_150944/20200312_150944!000.mp4
07-12 18:58:12.430  6885  7213 D VideoManager: videoCursor is null
07-12 18:58:12.461  6885  7213 V VideoManager: videoFromCursor
07-12 18:58:12.463  6885  7213 V VideoManager: Retrieving video from /storage/emulated/0/Movies/segment/20200312_150944/20200312_150944!001.mp4
07-12 18:58:12.468  6885  7213 D VideoManager: videoCursor is null
07-12 18:58:12.530  6885  7213 V VideoManager: videoFromCursor
07-12 18:58:12.532  6885  7213 V VideoManager: Retrieving video from /storage/emulated/0/Movies/segment/20200312_150944/20200312_150944!002.mp4
07-12 18:58:12.537  6885  7213 D VideoManager: videoCursor is null
07-12 18:58:12.569  6885  7213 V VideoManager: videoFromCursor
07-12 18:58:12.572  6885  7213 V VideoManager: Retrieving video from /storage/emulated/0/Movies/segment/20200312_150944/20200312_150944!003.mp4
07-12 18:58:12.577  6885  7213 D VideoManager: videoCursor is null
07-12 18:58:12.602  6885  7213 V VideoManager: videoFromCursor
07-12 18:58:12.605  6885  7213 V NearbyFragment: nextTransfer with selected algorithm: best_or_local
07-12 18:58:12.607  6885  7213 W NearbyFragment: Sending 20200312_150944!000.mp4 to Galaxy S8 [2802]
07-12 18:58:12.627  6885  6885 V NearbyFragment: Transfer to Endpoint{id=Hqzs, name=Galaxy S8 [2802]} complete
07-12 18:58:13.613  6885  7213 V DownloadTestVideosTask: Starting DownloadTestVideosTask
07-12 18:58:13.620  6885  7213 V DashDownloadManager: Started downloading: 20200312_151044.mp4
