07-12 19:00:26.355  6885  6885 V FileManager: Created new directory: /storage/emulated/0/Movies/segment-sum/20200312_193728
07-12 19:00:26.356  6885  6885 D NearbyFragment: Summarising 20200312_193728!001.mp4
07-12 19:00:26.356  6885  6885 V VideoManager: Retrieving video from /storage/emulated/0/Movies/segment/20200312_193728/20200312_193728!001.mp4
07-12 19:00:26.370  6885  6885 V VideoManager: videoFromCursor
07-12 19:00:26.373  6885  6885 V ProcessingVideosEventHandler: onAdd
07-12 19:00:26.374  6885  6885 V RawFootageEventHandler: onRemove
07-12 19:00:26.399  6885  6885 V NearbyFragment: Transfer to Endpoint{id=Hqzs, name=Galaxy S8 [2802]} complete
07-12 19:00:29.335  6885  6885 D NearbyFragment: onPayloadReceived(endpointId=Hqzs, payload=com.google.android.gms.nearby.connection.Payload@a7587ab)
07-12 19:00:29.336  6885  6885 V NearbyFragment: Started downloading 20200312_193728!000.mp4 from Endpoint{id=Hqzs, name=Galaxy S8 [2802]}
07-12 19:00:29.357  6885  6885 V NearbyFragment: nextTransfer with selected algorithm: best_or_local
07-12 19:00:29.360  6885  6885 W NearbyFragment: Sending 20200312_193728!002.mp4 to Galaxy S8 [2802]
07-12 19:00:29.371  6885  6885 V NearbyFragment: Transfer to Endpoint{id=Hqzs, name=Galaxy S8 [2802]} complete
07-12 19:00:29.383  6885  6885 V NearbyFragment: Transfer to Endpoint{id=Hqzs, name=Galaxy S8 [2802]} complete
07-12 19:00:29.438  6885  6885 D NearbyFragment: onPayloadReceived(endpointId=Hqzs, payload=com.google.android.gms.nearby.connection.Payload@a3da7c6)
07-12 19:00:34.888  6885  7875 V FfmpegTools: Retrieving duration of /storage/emulated/0/Movies/segment/20200312_193628/20200312_193628!003.mp4
07-12 19:00:34.978  6885  7875 V FfmpegTools: Retrieving duration of /storage/emulated/0/Movies/segment-sum/20200312_193628/20200312_193628!003.mp4
07-12 19:00:35.049  6885  7875 W Summariser: Summarisation completed
07-12 19:00:35.049  6885  7875 W Summariser:   filename: 20200312_193628!003.mp4
07-12 19:00:35.049  6885  7875 W Summariser:   active sections: 1
07-12 19:00:35.049  6885  7875 W Summariser:   time: 38.650s
07-12 19:00:35.049  6885  7875 W Summariser:   original duration: 12.03
07-12 19:00:35.049  6885  7875 W Summariser:   summarised duration: 6.16
07-12 19:00:35.049  6885  7875 W Summariser:   noise tolerance: 45.00
07-12 19:00:35.049  6885  7875 W Summariser:   quality: 23
07-12 19:00:35.049  6885  7875 W Summariser:   speed: medium
07-12 19:00:35.049  6885  7875 W Summariser:   freeze duration: 1.00
07-12 19:00:35.057  6885  7875 V VideoManager: Retrieving video from /storage/emulated/0/Movies/segment-sum/20200312_193628/20200312_193628!003.mp4
07-12 19:00:35.066  6885  7875 D VideoManager: videoCursor is null
07-12 19:00:35.105  6885  7875 V VideoManager: videoFromCursor
07-12 19:00:35.107  6885  7875 D NearbyFragment: Received all summarised video segments of 20200312_193628
07-12 19:00:35.112  6885  7875 V FileManager: External storage is readable
07-12 19:00:35.113  6885  7875 V FileManager: Directory already exists: /storage/emulated/0/Movies/segment-sum/20200312_193628
07-12 19:00:35.114  6885  7875 D FfmpegTools: Merging /storage/emulated/0/Movies/summarised/20200312_193628.mp4
07-12 19:00:35.114  6885  7875 V FfmpegTools: Retrieving duration of /storage/emulated/0/Movies/segment-sum/20200312_193628/20200312_193628!003.mp4
07-12 19:00:35.195  6885  7875 W FfmpegTools: Single segment returned, duration of 20200312_193628: 6.16
07-12 19:00:35.349  6885  7875 V VideoManager: Retrieving video from /storage/emulated/0/Movies/summarised/20200312_193628.mp4
07-12 19:00:35.359  6885  7875 V VideoManager: videoFromCursor
07-12 19:00:35.361  6885  7875 V SummarisedVideosEventHandler: onAdd
07-12 19:00:35.362  6885  7875 V RawFootageEventHandler: removeByName
07-12 19:00:35.363  6885  7875 V ProcessingVideosEventHandler: removeByName
07-12 19:00:35.364  6885  7875 V NearbyFragment: Removing video segment map for 20200312_193628
07-12 19:00:35.365  6885  7875 V ProcessingVideosEventHandler: onRemove
07-12 19:00:35.375  6885  7875 V SummariserIntentService: onHandleIntent
07-12 19:00:35.378  6885  7875 D SummariserIntentService: Video{id='1954', data='/storage/emulated/0/Movies/segment/20200312_193728/20200312_193728!001.mp4', name='20200312_193728!001.mp4', size=16819256, visible=true, mimeType='video/mp4'}
07-12 19:00:35.378  6885  7875 D SummariserIntentService: /storage/emulated/0/Movies/segment-sum/20200312_193728/20200312_193728!001.mp4
07-12 19:00:35.383  6885  7875 I FfmpegTools: Running ffmpeg with:
07-12 19:00:35.383  6885  7875 I FfmpegTools:   -y -i /storage/emulated/0/Movies/segment/20200312_193728/20200312_193728!001.mp4 -vf freezedetect=n=-45.000000dB:d=1.000000,metadata=mode=print:file=/storage/emulated/0/Movies/raw/20200312_193728!001.txt -f null -
07-12 19:00:35.474  6885  7339 D SummariserIntentService: Scanned /storage/emulated/0/Movies/summarised
07-12 19:00:35.474  6885  7339 D SummariserIntentService:   -> uri=content://media/external/file/1858
07-12 19:00:35.611  6885  7254 W mobile-ffmpeg: [graph 0 input from stream 0:0 @ 0x95725fa0] sws_param option is deprecated and ignored
07-12 19:00:40.934  6885  6885 V NearbyFragment: Transfer to Endpoint{id=Hqzs, name=Galaxy S8 [2802]} complete
07-12 19:00:40.935  6885  6885 W NearbyFragment: Completed downloading 20200312_193728!000.mp4 from Endpoint{id=Hqzs, name=Galaxy S8 [2802]} in 11.579s
07-12 19:00:40.941  6885  6885 V FileManager: External storage is readable
07-12 19:00:40.941  6885  6885 V FileManager: Directory already exists: /storage/emulated/0/Movies/segment-sum/20200312_193728
07-12 19:00:43.305  6885  6885 V NearbyFragment: Received a segment of 20200312_193728
07-12 19:00:43.306  6885  6885 V NearbyFragment: Transfer to Endpoint{id=Hqzs, name=Galaxy S8 [2802]} complete
07-12 19:00:43.307  6885  6885 D NearbyFragment: onPayloadReceived(endpointId=Hqzs, payload=com.google.android.gms.nearby.connection.Payload@629cc77)
07-12 19:00:43.307  6885  6885 D NearbyFragment: Endpoint{id=Hqzs, name=Galaxy S8 [2802]} has finished downloading 20200312_193728!002.mp4
07-12 19:00:43.308  6885  6885 V NearbyFragment: nextTransfer with selected algorithm: best_or_local
07-12 19:00:43.314  6885  6885 V FileManager: External storage is readable
07-12 19:00:43.314  6885  6885 V FileManager: Directory already exists: /storage/emulated/0/Movies/segment-sum/20200312_193728
07-12 19:00:43.315  6885  6885 D NearbyFragment: Summarising 20200312_193728!003.mp4
07-12 19:00:43.315  6885  6885 V VideoManager: Retrieving video from /storage/emulated/0/Movies/segment/20200312_193728/20200312_193728!003.mp4
07-12 19:00:43.322  6885  6885 V VideoManager: videoFromCursor
07-12 19:00:43.324  6885  6885 V ProcessingVideosEventHandler: onAdd
07-12 19:00:43.325  6885  6885 V RawFootageEventHandler: onRemove
07-12 19:00:43.329  6885  6885 V NearbyFragment: Transfer to Endpoint{id=Hqzs, name=Galaxy S8 [2802]} complete
07-12 19:00:44.804  6885  6885 D NearbyFragment: onPayloadReceived(endpointId=Hqzs, payload=com.google.android.gms.nearby.connection.Payload@ad41c02)
07-12 19:00:44.805  6885  6885 V NearbyFragment: Started downloading 20200312_193728!002.mp4 from Endpoint{id=Hqzs, name=Galaxy S8 [2802]}
07-12 19:00:44.806  6885  6885 I NearbyFragment: Transfer queue is empty
07-12 19:00:44.808  6885  6885 V NearbyFragment: Transfer to Endpoint{id=Hqzs, name=Galaxy S8 [2802]} complete
07-12 19:00:45.087  6885  6885 D NearbyFragment: onPayloadReceived(endpointId=Hqzs, payload=com.google.android.gms.nearby.connection.Payload@864b913)
07-12 19:00:46.517  6885  7875 D Summariser: No freeze file
07-12 19:00:46.518  6885  7875 W Summariser: Whole video is active
07-12 19:00:48.651  6885  7875 V FfmpegTools: Retrieving duration of /storage/emulated/0/Movies/segment/20200312_193728/20200312_193728!001.mp4
07-12 19:00:48.793  6885  7875 V FfmpegTools: Retrieving duration of /storage/emulated/0/Movies/segment-sum/20200312_193728/20200312_193728!001.mp4
07-12 19:00:48.921  6885  7875 W Summariser: Summarisation completed
07-12 19:00:48.921  6885  7875 W Summariser:   filename: 20200312_193728!001.mp4
07-12 19:00:48.921  6885  7875 W Summariser:   active sections: -1
07-12 19:00:48.921  6885  7875 W Summariser:   time: 13.270s
07-12 19:00:48.921  6885  7875 W Summariser:   original duration: 16.01
07-12 19:00:48.921  6885  7875 W Summariser:   summarised duration: 16.01
07-12 19:00:48.921  6885  7875 W Summariser:   noise tolerance: 45.00
07-12 19:00:48.921  6885  7875 W Summariser:   quality: 23
07-12 19:00:48.921  6885  7875 W Summariser:   speed: medium
07-12 19:00:48.921  6885  7875 W Summariser:   freeze duration: 1.00
07-12 19:00:48.921  6885  7875 V VideoManager: Retrieving video from /storage/emulated/0/Movies/segment-sum/20200312_193728/20200312_193728!001.mp4
07-12 19:00:48.932  6885  7875 V VideoManager: videoFromCursor
07-12 19:00:48.938  6885  7875 V NearbyFragment: Received a segment of 20200312_193728
07-12 19:00:48.941  6885  7875 V ProcessingVideosEventHandler: onRemove
07-12 19:00:48.954  6885  7875 V SummariserIntentService: onHandleIntent
07-12 19:00:48.956  6885  7875 D SummariserIntentService: Video{id='1956', data='/storage/emulated/0/Movies/segment/20200312_193728/20200312_193728!003.mp4', name='20200312_193728!003.mp4', size=12650611, visible=true, mimeType='video/mp4'}
07-12 19:00:48.956  6885  7875 D SummariserIntentService: /storage/emulated/0/Movies/segment-sum/20200312_193728/20200312_193728!003.mp4
07-12 19:00:48.958  6885  7875 I FfmpegTools: Running ffmpeg with:
07-12 19:00:48.958  6885  7875 I FfmpegTools:   -y -i /storage/emulated/0/Movies/segment/20200312_193728/20200312_193728!003.mp4 -vf freezedetect=n=-45.000000dB:d=1.000000,metadata=mode=print:file=/storage/emulated/0/Movies/raw/20200312_193728!003.txt -f null -
07-12 19:00:49.041  6885  6907 D SummariserIntentService: Scanned /storage/emulated/0/Movies/summarised
07-12 19:00:49.041  6885  6907 D SummariserIntentService:   -> uri=content://media/external/file/1858
07-12 19:00:49.136  6885  7254 W mobile-ffmpeg: [graph 0 input from stream 0:0 @ 0x95725fa0] sws_param option is deprecated and ignored
07-12 19:00:49.603  6885  6885 V NearbyFragment: Transfer to Endpoint{id=Hqzs, name=Galaxy S8 [2802]} complete
07-12 19:00:49.604  6885  6885 W NearbyFragment: Completed downloading 20200312_193728!002.mp4 from Endpoint{id=Hqzs, name=Galaxy S8 [2802]} in 04.798s
07-12 19:00:49.611  6885  6885 V FileManager: External storage is readable
07-12 19:00:49.611  6885  6885 V FileManager: Directory already exists: /storage/emulated/0/Movies/segment-sum/20200312_193728
07-12 19:00:51.712  6885  6885 V NearbyFragment: Received a segment of 20200312_193728
07-12 19:00:56.524  6885  7213 V VideoManager: Retrieving video from /storage/emulated/0/Movies/raw/20200312_193828.mp4
07-12 19:00:56.531  6885  7213 D VideoManager: videoCursor is null
07-12 19:00:56.558  6885  7213 V VideoManager: videoFromCursor
07-12 19:00:56.561  6885  7213 W DashDownloadManager: Successfully downloaded 20200312_193828.mp4 in 36.095s
07-12 19:00:56.561  6885  7213 V DownloadTestVideosTask: Entering callback for download completion of 20200312_193828.mp4
07-12 19:00:56.562  6885  7213 V RawFootageEventHandler: onAdd
07-12 19:00:56.564  6885  7213 V FfmpegTools: Retrieving duration of /storage/emulated/0/Movies/raw/20200312_193828.mp4
07-12 19:00:56.587  6885  7254 W mobile-ffmpeg: [mov,mp4,m4a,3gp,3g2,mj2 @ 0xa700de00] Found duplicated MOOV Atom. Skipped it
07-12 19:00:56.806  6885  7213 V FileManager: External storage is readable
07-12 19:00:56.808  6885  7213 V FileManager: Created new directory: /storage/emulated/0/Movies/segment/20200312_193828
07-12 19:00:56.808  6885  7213 V FfmpegTools: Splitting /storage/emulated/0/Movies/raw/20200312_193828.mp4 with 16s long segments
07-12 19:00:56.809  6885  7213 I FfmpegTools: Running ffmpeg with:
07-12 19:00:56.809  6885  7213 I FfmpegTools:   -y -i /storage/emulated/0/Movies/raw/20200312_193828.mp4 -map 0 -c copy -f segment -reset_timestamps 1 -segment_time 16 /storage/emulated/0/Movies/segment/20200312_193828/20200312_193828!%03d.mp4
07-12 19:00:56.835  6885  7254 W mobile-ffmpeg: [mov,mp4,m4a,3gp,3g2,mj2 @ 0x8e364a00] Found duplicated MOOV Atom. Skipped it
07-12 19:00:57.399  6885  7875 D Summariser: No freeze file
07-12 19:00:57.399  6885  7875 W Summariser: Whole video is active
07-12 19:00:58.447  6885  7213 V FileManager: External storage is readable
07-12 19:00:58.448  6885  7213 V FileManager: Directory already exists: /storage/emulated/0/Movies/segment/20200312_193828
07-12 19:00:58.448  6885  7213 V VideoManager: Retrieving videos from /storage/emulated/0/Movies/segment/20200312_193828
07-12 19:00:58.450  6885  7213 V VideoManager: Retrieving video from /storage/emulated/0/Movies/segment/20200312_193828/20200312_193828!000.mp4
07-12 19:00:58.457  6885  7213 D VideoManager: videoCursor is null
07-12 19:00:58.643  6885  7213 V VideoManager: videoFromCursor
07-12 19:00:58.645  6885  7213 V VideoManager: Retrieving video from /storage/emulated/0/Movies/segment/20200312_193828/20200312_193828!001.mp4
07-12 19:00:58.653  6885  7213 D VideoManager: videoCursor is null
07-12 19:00:58.834  6885  7213 V VideoManager: videoFromCursor
07-12 19:00:58.837  6885  7213 V VideoManager: Retrieving video from /storage/emulated/0/Movies/segment/20200312_193828/20200312_193828!002.mp4
07-12 19:00:58.843  6885  7213 D VideoManager: videoCursor is null
07-12 19:00:58.879  6885  7213 V VideoManager: videoFromCursor
07-12 19:00:58.882  6885  7213 V VideoManager: Retrieving video from /storage/emulated/0/Movies/segment/20200312_193828/20200312_193828!003.mp4
07-12 19:00:58.890  6885  7213 D VideoManager: videoCursor is null
07-12 19:00:58.924  6885  7213 V VideoManager: videoFromCursor
07-12 19:00:58.928  6885  7213 V NearbyFragment: nextTransfer with selected algorithm: best_or_local
07-12 19:00:58.930  6885  7213 W NearbyFragment: Sending 20200312_193828!000.mp4 to Galaxy S8 [2802]
07-12 19:00:59.009  6885  6885 V NearbyFragment: Transfer to Endpoint{id=Hqzs, name=Galaxy S8 [2802]} complete
07-12 19:00:59.098  6885  7875 V FfmpegTools: Retrieving duration of /storage/emulated/0/Movies/segment/20200312_193728/20200312_193728!003.mp4
07-12 19:00:59.206  6885  7875 V FfmpegTools: Retrieving duration of /storage/emulated/0/Movies/segment-sum/20200312_193728/20200312_193728!003.mp4
07-12 19:00:59.307  6885  7875 W Summariser: Summarisation completed
07-12 19:00:59.307  6885  7875 W Summariser:   filename: 20200312_193728!003.mp4
07-12 19:00:59.307  6885  7875 W Summariser:   active sections: -1
07-12 19:00:59.307  6885  7875 W Summariser:   time: 10.141s
07-12 19:00:59.307  6885  7875 W Summariser:   original duration: 11.98
07-12 19:00:59.307  6885  7875 W Summariser:   summarised duration: 11.98
07-12 19:00:59.307  6885  7875 W Summariser:   noise tolerance: 45.00
07-12 19:00:59.307  6885  7875 W Summariser:   quality: 23
07-12 19:00:59.307  6885  7875 W Summariser:   speed: medium
07-12 19:00:59.307  6885  7875 W Summariser:   freeze duration: 1.00
07-12 19:00:59.308  6885  7875 V VideoManager: Retrieving video from /storage/emulated/0/Movies/segment-sum/20200312_193728/20200312_193728!003.mp4
07-12 19:00:59.315  6885  7875 D VideoManager: videoCursor is null
07-12 19:00:59.345  6885  7875 V VideoManager: videoFromCursor
07-12 19:00:59.348  6885  7875 D NearbyFragment: Received all summarised video segments of 20200312_193728
07-12 19:00:59.352  6885  7875 V FileManager: External storage is readable
07-12 19:00:59.353  6885  7875 V FileManager: Directory already exists: /storage/emulated/0/Movies/segment-sum/20200312_193728
07-12 19:00:59.354  6885  7875 D FfmpegTools: Merging /storage/emulated/0/Movies/summarised/20200312_193728.mp4
07-12 19:00:59.359  6885  7875 V FileManager: External storage is readable
07-12 19:00:59.360  6885  7875 V FileManager: Directory already exists: /storage/emulated/0/Movies/segment/20200312_193728
07-12 19:00:59.369  6885  7875 I FfmpegTools: Running ffmpeg with:
07-12 19:00:59.369  6885  7875 I FfmpegTools:   -y -f concat -safe 0 -i /storage/emulated/0/Movies/segment/20200312_193728/paths.txt -c copy /storage/emulated/0/Movies/summarised/20200312_193728.mp4
07-12 19:00:59.937  6885  7213 V DownloadTestVideosTask: Starting DownloadTestVideosTask
07-12 19:01:00.124  6885  7213 V DashDownloadManager: Started downloading: 20200312_193928.mp4
07-12 19:01:01.501  6885  7875 V FfmpegTools: Retrieving duration of /storage/emulated/0/Movies/summarised/20200312_193728.mp4
07-12 19:01:01.598  6885  7875 W FfmpegTools: Merged duration of 20200312_193728: 60.07
07-12 19:01:01.622  6885  7875 V VideoManager: Retrieving video from /storage/emulated/0/Movies/summarised/20200312_193728.mp4
07-12 19:01:01.630  6885  7875 V VideoManager: videoFromCursor
07-12 19:01:01.633  6885  7875 V SummarisedVideosEventHandler: onAdd
07-12 19:01:01.636  6885  7875 V RawFootageEventHandler: removeByName
07-12 19:01:01.638  6885  7875 V ProcessingVideosEventHandler: removeByName
07-12 19:01:01.640  6885  7875 V NearbyFragment: Removing video segment map for 20200312_193728
07-12 19:01:01.640  6885  7875 V ProcessingVideosEventHandler: onRemove
07-12 19:01:02.128  6885  6937 D SummariserIntentService: Scanned /storage/emulated/0/Movies/summarised
07-12 19:01:02.128  6885  6937 D SummariserIntentService:   -> uri=content://media/external/file/1858
07-12 19:01:03.252  6885  6885 V NearbyFragment: Transfer to Endpoint{id=Hqzs, name=Galaxy S8 [2802]} complete
07-12 19:01:03.316  6885  6885 D NearbyFragment: onPayloadReceived(endpointId=Hqzs, payload=com.google.android.gms.nearby.connection.Payload@10a197b)
07-12 19:01:03.317  6885  6885 D NearbyFragment: Endpoint{id=Hqzs, name=Galaxy S8 [2802]} has finished downloading 20200312_193828!000.mp4
07-12 19:01:03.318  6885  6885 V NearbyFragment: nextTransfer with selected algorithm: best_or_local
07-12 19:01:03.323  6885  6885 V FileManager: External storage is readable
07-12 19:01:03.325  6885  6885 V FileManager: Created new directory: /storage/emulated/0/Movies/segment-sum/20200312_193828
07-12 19:01:03.326  6885  6885 D NearbyFragment: Summarising 20200312_193828!001.mp4
07-12 19:01:03.326  6885  6885 V VideoManager: Retrieving video from /storage/emulated/0/Movies/segment/20200312_193828/20200312_193828!001.mp4
07-12 19:01:03.334  6885  6885 V VideoManager: videoFromCursor
07-12 19:01:03.338  6885  6885 V ProcessingVideosEventHandler: onAdd
07-12 19:01:03.339  6885  6885 V RawFootageEventHandler: onRemove
07-12 19:01:03.343  6885  6885 V NearbyFragment: Transfer to Endpoint{id=Hqzs, name=Galaxy S8 [2802]} complete
07-12 19:01:03.356  6885  8107 V SummariserIntentService: onHandleIntent
07-12 19:01:03.358  6885  8107 D SummariserIntentService: Video{id='1963', data='/storage/emulated/0/Movies/segment/20200312_193828/20200312_193828!001.mp4', name='20200312_193828!001.mp4', size=16808370, visible=true, mimeType='video/mp4'}
07-12 19:01:03.358  6885  8107 D SummariserIntentService: /storage/emulated/0/Movies/segment-sum/20200312_193828/20200312_193828!001.mp4
07-12 19:01:03.360  6885  8107 I FfmpegTools: Running ffmpeg with:
07-12 19:01:03.360  6885  8107 I FfmpegTools:   -y -i /storage/emulated/0/Movies/segment/20200312_193828/20200312_193828!001.mp4 -vf freezedetect=n=-45.000000dB:d=1.000000,metadata=mode=print:file=/storage/emulated/0/Movies/raw/20200312_193828!001.txt -f null -
07-12 19:01:03.572  6885  7254 W mobile-ffmpeg: [graph 0 input from stream 0:0 @ 0x9556a6e0] sws_param option is deprecated and ignored
07-12 19:01:13.730  6885  8107 W Summariser: No activity detected
07-12 19:01:13.732  6885  8107 V FfmpegTools: Retrieving duration of /storage/emulated/0/Movies/segment/20200312_193828/20200312_193828!001.mp4
07-12 19:01:13.866  6885  8107 W Summariser: Summarisation completed
07-12 19:01:13.866  6885  8107 W Summariser:   filename: 20200312_193828!001.mp4
07-12 19:01:13.866  6885  8107 W Summariser:   active sections: 0
07-12 19:01:13.866  6885  8107 W Summariser:   time: 10.373s
07-12 19:01:13.866  6885  8107 W Summariser:   original duration: 16.01
07-12 19:01:13.866  6885  8107 W Summariser:   summarised duration: -1.00
07-12 19:01:13.866  6885  8107 W Summariser:   noise tolerance: 45.00
07-12 19:01:13.866  6885  8107 W Summariser:   quality: 23
07-12 19:01:13.866  6885  8107 W Summariser:   speed: medium
07-12 19:01:13.866  6885  8107 W Summariser:   freeze duration: 1.00
07-12 19:01:13.867  6885  8107 V NearbyFragment: Received a segment of 20200312_193828
07-12 19:01:13.867  6885  8107 V ProcessingVideosEventHandler: onRemove
07-12 19:01:13.908  6885  6906 D SummariserIntentService: Scanned /storage/emulated/0/Movies/summarised
07-12 19:01:13.908  6885  6906 D SummariserIntentService:   -> uri=content://media/external/file/1858
07-12 19:01:19.679  6885  6885 D NearbyFragment: onPayloadReceived(endpointId=Hqzs, payload=com.google.android.gms.nearby.connection.Payload@999c362)
07-12 19:01:19.680  6885  6885 V NearbyFragment: Started downloading 20200312_193828!000.mp4 from Endpoint{id=Hqzs, name=Galaxy S8 [2802]}
07-12 19:01:19.682  6885  6885 V NearbyFragment: nextTransfer with selected algorithm: best_or_local
07-12 19:01:19.684  6885  6885 W NearbyFragment: Sending 20200312_193828!002.mp4 to Galaxy S8 [2802]
07-12 19:01:19.695  6885  6885 V NearbyFragment: Transfer to Endpoint{id=Hqzs, name=Galaxy S8 [2802]} complete
07-12 19:01:19.714  6885  6885 V NearbyFragment: Transfer to Endpoint{id=Hqzs, name=Galaxy S8 [2802]} complete
07-12 19:01:20.182  6885  6885 D NearbyFragment: onPayloadReceived(endpointId=Hqzs, payload=com.google.android.gms.nearby.connection.Payload@3114429)
07-12 19:01:22.948  6885  6885 V NearbyFragment: Transfer to Endpoint{id=Hqzs, name=Galaxy S8 [2802]} complete
07-12 19:01:22.949  6885  6885 W NearbyFragment: Completed downloading 20200312_193828!000.mp4 from Endpoint{id=Hqzs, name=Galaxy S8 [2802]} in 03.268s
07-12 19:01:22.955  6885  6885 V FileManager: External storage is readable
07-12 19:01:22.955  6885  6885 V FileManager: Directory already exists: /storage/emulated/0/Movies/segment-sum/20200312_193828
07-12 19:01:23.247  6885  6885 V NearbyFragment: Received a segment of 20200312_193828
07-12 19:01:24.472  6885  6885 V NearbyFragment: Transfer to Endpoint{id=Hqzs, name=Galaxy S8 [2802]} complete
07-12 19:01:24.619  6885  6885 D NearbyFragment: onPayloadReceived(endpointId=Hqzs, payload=com.google.android.gms.nearby.connection.Payload@1d4b3ae)
07-12 19:01:24.620  6885  6885 D NearbyFragment: Endpoint{id=Hqzs, name=Galaxy S8 [2802]} has finished downloading 20200312_193828!002.mp4
07-12 19:01:24.621  6885  6885 V NearbyFragment: nextTransfer with selected algorithm: best_or_local
07-12 19:01:24.627  6885  6885 V FileManager: External storage is readable
07-12 19:01:24.627  6885  6885 V FileManager: Directory already exists: /storage/emulated/0/Movies/segment-sum/20200312_193828
07-12 19:01:24.630  6885  6885 D NearbyFragment: Summarising 20200312_193828!003.mp4
07-12 19:01:24.630  6885  6885 V VideoManager: Retrieving video from /storage/emulated/0/Movies/segment/20200312_193828/20200312_193828!003.mp4
07-12 19:01:24.639  6885  6885 V VideoManager: videoFromCursor
07-12 19:01:24.642  6885  6885 V ProcessingVideosEventHandler: onAdd
07-12 19:01:24.643  6885  6885 V RawFootageEventHandler: onRemove
07-12 19:01:24.667  6885  8171 V SummariserIntentService: onHandleIntent
07-12 19:01:24.668  6885  8171 D SummariserIntentService: Video{id='1965', data='/storage/emulated/0/Movies/segment/20200312_193828/20200312_193828!003.mp4', name='20200312_193828!003.mp4', size=12614741, visible=true, mimeType='video/mp4'}
07-12 19:01:24.668  6885  8171 D SummariserIntentService: /storage/emulated/0/Movies/segment-sum/20200312_193828/20200312_193828!003.mp4
07-12 19:01:24.671  6885  8171 I FfmpegTools: Running ffmpeg with:
07-12 19:01:24.671  6885  8171 I FfmpegTools:   -y -i /storage/emulated/0/Movies/segment/20200312_193828/20200312_193828!003.mp4 -vf freezedetect=n=-45.000000dB:d=1.000000,metadata=mode=print:file=/storage/emulated/0/Movies/raw/20200312_193828!003.txt -f null -
07-12 19:01:24.677  6885  6885 V NearbyFragment: Transfer to Endpoint{id=Hqzs, name=Galaxy S8 [2802]} complete
07-12 19:01:24.902  6885  7254 W mobile-ffmpeg: [graph 0 input from stream 0:0 @ 0x93f69b40] sws_param option is deprecated and ignored
07-12 19:01:27.155  6885  6885 D NearbyFragment: onPayloadReceived(endpointId=Hqzs, payload=com.google.android.gms.nearby.connection.Payload@4bc5cba)
07-12 19:01:27.156  6885  6885 D NearbyFragment: 20200312_193828!002.mp4 from Endpoint{id=Hqzs, name=Galaxy S8 [2802]} contained no activity
07-12 19:01:27.156  6885  6885 V NearbyFragment: Received a segment of 20200312_193828
07-12 19:01:27.157  6885  6885 I NearbyFragment: Transfer queue is empty
07-12 19:01:27.164  6885  6885 V NearbyFragment: Transfer to Endpoint{id=Hqzs, name=Galaxy S8 [2802]} complete
07-12 19:01:27.874  6885  7213 V VideoManager: Retrieving video from /storage/emulated/0/Movies/raw/20200312_193928.mp4
07-12 19:01:27.884  6885  7213 D VideoManager: videoCursor is null
07-12 19:01:27.932  6885  7213 V VideoManager: videoFromCursor
07-12 19:01:27.934  6885  7213 W DashDownloadManager: Successfully downloaded 20200312_193928.mp4 in 27.749s
07-12 19:01:27.934  6885  7213 V DownloadTestVideosTask: Entering callback for download completion of 20200312_193928.mp4
07-12 19:01:27.935  6885  7213 V RawFootageEventHandler: onAdd
07-12 19:01:27.936  6885  7213 V FfmpegTools: Retrieving duration of /storage/emulated/0/Movies/raw/20200312_193928.mp4
07-12 19:01:27.949  6885  7254 W mobile-ffmpeg: [mov,mp4,m4a,3gp,3g2,mj2 @ 0x8e364a00] Found duplicated MOOV Atom. Skipped it
07-12 19:01:28.053  6885  7213 V FileManager: External storage is readable
07-12 19:01:28.055  6885  7213 V FileManager: Created new directory: /storage/emulated/0/Movies/segment/20200312_193928
07-12 19:01:28.055  6885  7213 V FfmpegTools: Splitting /storage/emulated/0/Movies/raw/20200312_193928.mp4 with 16s long segments
07-12 19:01:28.056  6885  7213 I FfmpegTools: Running ffmpeg with:
07-12 19:01:28.056  6885  7213 I FfmpegTools:   -y -i /storage/emulated/0/Movies/raw/20200312_193928.mp4 -map 0 -c copy -f segment -reset_timestamps 1 -segment_time 16 /storage/emulated/0/Movies/segment/20200312_193928/20200312_193928!%03d.mp4
07-12 19:01:28.083  6885  7254 W mobile-ffmpeg: [mov,mp4,m4a,3gp,3g2,mj2 @ 0x8c1f4c00] Found duplicated MOOV Atom. Skipped it
07-12 19:01:29.910  6885  7213 V FileManager: External storage is readable
07-12 19:01:29.911  6885  7213 V FileManager: Directory already exists: /storage/emulated/0/Movies/segment/20200312_193928
07-12 19:01:29.911  6885  7213 V VideoManager: Retrieving videos from /storage/emulated/0/Movies/segment/20200312_193928
07-12 19:01:29.912  6885  7213 V VideoManager: Retrieving video from /storage/emulated/0/Movies/segment/20200312_193928/20200312_193928!000.mp4
07-12 19:01:29.920  6885  7213 D VideoManager: videoCursor is null
07-12 19:01:29.969  6885  7213 V VideoManager: videoFromCursor
07-12 19:01:29.971  6885  7213 V VideoManager: Retrieving video from /storage/emulated/0/Movies/segment/20200312_193928/20200312_193928!001.mp4
07-12 19:01:29.979  6885  7213 D VideoManager: videoCursor is null
07-12 19:01:30.003  6885  7213 V VideoManager: videoFromCursor
07-12 19:01:30.005  6885  7213 V VideoManager: Retrieving video from /storage/emulated/0/Movies/segment/20200312_193928/20200312_193928!002.mp4
07-12 19:01:30.012  6885  7213 D VideoManager: videoCursor is null
07-12 19:01:30.041  6885  7213 V VideoManager: videoFromCursor
07-12 19:01:30.044  6885  7213 V VideoManager: Retrieving video from /storage/emulated/0/Movies/segment/20200312_193928/20200312_193928!003.mp4
07-12 19:01:30.051  6885  7213 D VideoManager: videoCursor is null
07-12 19:01:30.077  6885  7213 V VideoManager: videoFromCursor
07-12 19:01:30.080  6885  7213 V NearbyFragment: nextTransfer with selected algorithm: best_or_local
07-12 19:01:30.082  6885  7213 W NearbyFragment: Sending 20200312_193928!000.mp4 to Galaxy S8 [2802]
07-12 19:01:30.104  6885  6885 V NearbyFragment: Transfer to Endpoint{id=Hqzs, name=Galaxy S8 [2802]} complete
07-12 19:01:31.096  6885  7213 V DownloadTestVideosTask: Starting DownloadTestVideosTask
07-12 19:01:31.100  6885  7213 V DashDownloadManager: Started downloading: 20200312_194129.mp4
07-12 19:01:33.598  6885  8171 W Summariser: No activity detected
07-12 19:01:33.600  6885  8171 V FfmpegTools: Retrieving duration of /storage/emulated/0/Movies/segment/20200312_193828/20200312_193828!003.mp4
07-12 19:01:33.692  6885  8171 W Summariser: Summarisation completed
07-12 19:01:33.692  6885  8171 W Summariser:   filename: 20200312_193828!003.mp4
07-12 19:01:33.692  6885  8171 W Summariser:   active sections: 0
07-12 19:01:33.692  6885  8171 W Summariser:   time: 08.930s
07-12 19:01:33.692  6885  8171 W Summariser:   original duration: 12.01
07-12 19:01:33.692  6885  8171 W Summariser:   summarised duration: -1.00
07-12 19:01:33.692  6885  8171 W Summariser:   noise tolerance: 45.00
07-12 19:01:33.692  6885  8171 W Summariser:   quality: 23
07-12 19:01:33.692  6885  8171 W Summariser:   speed: medium
07-12 19:01:33.692  6885  8171 W Summariser:   freeze duration: 1.00
07-12 19:01:33.692  6885  8171 D NearbyFragment: Received all summarised video segments of 20200312_193828
07-12 19:01:33.697  6885  8171 V FileManager: External storage is readable
07-12 19:01:33.697  6885  8171 V FileManager: Directory already exists: /storage/emulated/0/Movies/segment-sum/20200312_193828
07-12 19:01:33.698  6885  8171 D FfmpegTools: Merging /storage/emulated/0/Movies/summarised/20200312_193828.mp4
07-12 19:01:33.698  6885  8171 V FfmpegTools: Retrieving duration of /storage/emulated/0/Movies/segment-sum/20200312_193828/20200312_193828!000.mp4
07-12 19:01:33.774  6885  8171 W FfmpegTools: Single segment returned, duration of 20200312_193828: 14.28
07-12 19:01:34.131  6885  8171 V VideoManager: Retrieving video from /storage/emulated/0/Movies/summarised/20200312_193828.mp4
07-12 19:01:34.138  6885  8171 V VideoManager: videoFromCursor
07-12 19:01:34.142  6885  8171 V SummarisedVideosEventHandler: onAdd
07-12 19:01:34.142  6885  8171 V RawFootageEventHandler: removeByName
07-12 19:01:34.144  6885  8171 V ProcessingVideosEventHandler: removeByName
07-12 19:01:34.145  6885  8171 V NearbyFragment: Removing video segment map for 20200312_193828
07-12 19:01:34.145  6885  8171 V ProcessingVideosEventHandler: onRemove
07-12 19:01:34.600  6885  7977 D SummariserIntentService: Scanned /storage/emulated/0/Movies/summarised
07-12 19:01:34.600  6885  7977 D SummariserIntentService:   -> uri=content://media/external/file/1858
07-12 19:01:36.476  6885  6885 V NearbyFragment: Transfer to Endpoint{id=Hqzs, name=Galaxy S8 [2802]} complete
07-12 19:01:36.611  6885  6885 D NearbyFragment: onPayloadReceived(endpointId=Hqzs, payload=com.google.android.gms.nearby.connection.Payload@f35b1a4)
07-12 19:01:36.611  6885  6885 D NearbyFragment: Endpoint{id=Hqzs, name=Galaxy S8 [2802]} has finished downloading 20200312_193928!000.mp4
07-12 19:01:36.613  6885  6885 V NearbyFragment: nextTransfer with selected algorithm: best_or_local
07-12 19:01:36.622  6885  6885 V FileManager: External storage is readable
07-12 19:01:36.623  6885  6885 V FileManager: Created new directory: /storage/emulated/0/Movies/segment-sum/20200312_193928
07-12 19:01:36.624  6885  6885 D NearbyFragment: Summarising 20200312_193928!001.mp4
07-12 19:01:36.624  6885  6885 V VideoManager: Retrieving video from /storage/emulated/0/Movies/segment/20200312_193928/20200312_193928!001.mp4
07-12 19:01:36.633  6885  6885 V VideoManager: videoFromCursor
07-12 19:01:36.636  6885  6885 V ProcessingVideosEventHandler: onAdd
07-12 19:01:36.636  6885  6885 V RawFootageEventHandler: onRemove
07-12 19:01:36.653  6885  8248 V SummariserIntentService: onHandleIntent
07-12 19:01:36.654  6885  8248 D SummariserIntentService: Video{id='1971', data='/storage/emulated/0/Movies/segment/20200312_193928/20200312_193928!001.mp4', name='20200312_193928!001.mp4', size=16838735, visible=true, mimeType='video/mp4'}
07-12 19:01:36.654  6885  8248 D SummariserIntentService: /storage/emulated/0/Movies/segment-sum/20200312_193928/20200312_193928!001.mp4
07-12 19:01:36.660  6885  8248 I FfmpegTools: Running ffmpeg with:
07-12 19:01:36.660  6885  8248 I FfmpegTools:   -y -i /storage/emulated/0/Movies/segment/20200312_193928/20200312_193928!001.mp4 -vf freezedetect=n=-45.000000dB:d=1.000000,metadata=mode=print:file=/storage/emulated/0/Movies/raw/20200312_193928!001.txt -f null -
07-12 19:01:36.666  6885  6885 V NearbyFragment: Transfer to Endpoint{id=Hqzs, name=Galaxy S8 [2802]} complete
07-12 19:01:36.928  6885  7254 W mobile-ffmpeg: [graph 0 input from stream 0:0 @ 0x94a5ea80] sws_param option is deprecated and ignored
07-12 19:01:38.921  6885  6885 D NearbyFragment: onPayloadReceived(endpointId=Hqzs, payload=com.google.android.gms.nearby.connection.Payload@dee4410)
07-12 19:01:38.921  6885  6885 D NearbyFragment: 20200312_193928!000.mp4 from Endpoint{id=Hqzs, name=Galaxy S8 [2802]} contained no activity
07-12 19:01:38.922  6885  6885 V NearbyFragment: Received a segment of 20200312_193928
07-12 19:01:38.923  6885  6885 V NearbyFragment: nextTransfer with selected algorithm: best_or_local
07-12 19:01:38.925  6885  6885 W NearbyFragment: Sending 20200312_193928!002.mp4 to Galaxy S8 [2802]
07-12 19:01:38.970  6885  6885 V NearbyFragment: Transfer to Endpoint{id=Hqzs, name=Galaxy S8 [2802]} complete
07-12 19:01:38.992  6885  6885 V NearbyFragment: Transfer to Endpoint{id=Hqzs, name=Galaxy S8 [2802]} complete
07-12 19:01:45.817  6885  6885 V NearbyFragment: Transfer to Endpoint{id=Hqzs, name=Galaxy S8 [2802]} complete
07-12 19:01:45.874  6885  6885 D NearbyFragment: onPayloadReceived(endpointId=Hqzs, payload=com.google.android.gms.nearby.connection.Payload@646072f)
07-12 19:01:45.875  6885  6885 D NearbyFragment: Endpoint{id=Hqzs, name=Galaxy S8 [2802]} has finished downloading 20200312_193928!002.mp4
07-12 19:01:45.876  6885  6885 V NearbyFragment: nextTransfer with selected algorithm: best_or_local
07-12 19:01:45.881  6885  6885 V FileManager: External storage is readable
07-12 19:01:45.881  6885  6885 V FileManager: Directory already exists: /storage/emulated/0/Movies/segment-sum/20200312_193928
07-12 19:01:45.882  6885  6885 D NearbyFragment: Summarising 20200312_193928!003.mp4
07-12 19:01:45.882  6885  6885 V VideoManager: Retrieving video from /storage/emulated/0/Movies/segment/20200312_193928/20200312_193928!003.mp4
07-12 19:01:45.889  6885  6885 V VideoManager: videoFromCursor
07-12 19:01:45.893  6885  6885 V ProcessingVideosEventHandler: onAdd
07-12 19:01:45.894  6885  6885 V RawFootageEventHandler: onRemove
07-12 19:01:45.923  6885  6885 V NearbyFragment: Transfer to Endpoint{id=Hqzs, name=Galaxy S8 [2802]} complete
07-12 19:01:48.219  6885  6885 D NearbyFragment: onPayloadReceived(endpointId=Hqzs, payload=com.google.android.gms.nearby.connection.Payload@5c0c01a)
07-12 19:01:48.220  6885  6885 D NearbyFragment: 20200312_193928!002.mp4 from Endpoint{id=Hqzs, name=Galaxy S8 [2802]} contained no activity
07-12 19:01:48.220  6885  6885 V NearbyFragment: Received a segment of 20200312_193928
07-12 19:01:48.220  6885  6885 I NearbyFragment: Transfer queue is empty
07-12 19:01:48.235  6885  6885 V NearbyFragment: Transfer to Endpoint{id=Hqzs, name=Galaxy S8 [2802]} complete
07-12 19:01:48.350  6885  8248 W Summariser: No activity detected
07-12 19:01:48.351  6885  8248 V FfmpegTools: Retrieving duration of /storage/emulated/0/Movies/segment/20200312_193928/20200312_193928!001.mp4
07-12 19:01:48.519  6885  8248 W Summariser: Summarisation completed
07-12 19:01:48.519  6885  8248 W Summariser:   filename: 20200312_193928!001.mp4
07-12 19:01:48.519  6885  8248 W Summariser:   active sections: 0
07-12 19:01:48.519  6885  8248 W Summariser:   time: 11.694s
07-12 19:01:48.519  6885  8248 W Summariser:   original duration: 16.05
07-12 19:01:48.519  6885  8248 W Summariser:   summarised duration: -1.00
07-12 19:01:48.519  6885  8248 W Summariser:   noise tolerance: 45.00
07-12 19:01:48.519  6885  8248 W Summariser:   quality: 23
07-12 19:01:48.519  6885  8248 W Summariser:   speed: medium
07-12 19:01:48.519  6885  8248 W Summariser:   freeze duration: 1.00
07-12 19:01:48.519  6885  8248 V NearbyFragment: Received a segment of 20200312_193928
07-12 19:01:48.520  6885  8248 V ProcessingVideosEventHandler: onRemove
07-12 19:01:48.532  6885  8248 V SummariserIntentService: onHandleIntent
07-12 19:01:48.535  6885  8248 D SummariserIntentService: Video{id='1973', data='/storage/emulated/0/Movies/segment/20200312_193928/20200312_193928!003.mp4', name='20200312_193928!003.mp4', size=12686780, visible=true, mimeType='video/mp4'}
07-12 19:01:48.536  6885  8248 D SummariserIntentService: /storage/emulated/0/Movies/segment-sum/20200312_193928/20200312_193928!003.mp4
07-12 19:01:48.538  6885  8248 I FfmpegTools: Running ffmpeg with:
07-12 19:01:48.538  6885  8248 I FfmpegTools:   -y -i /storage/emulated/0/Movies/segment/20200312_193928/20200312_193928!003.mp4 -vf freezedetect=n=-45.000000dB:d=1.000000,metadata=mode=print:file=/storage/emulated/0/Movies/raw/20200312_193928!003.txt -f null -
07-12 19:01:48.601  6885  7339 D SummariserIntentService: Scanned /storage/emulated/0/Movies/summarised
07-12 19:01:48.601  6885  7339 D SummariserIntentService:   -> uri=content://media/external/file/1858
07-12 19:01:48.852  6885  7254 W mobile-ffmpeg: [graph 0 input from stream 0:0 @ 0x94a753e0] sws_param option is deprecated and ignored
07-12 19:01:56.510  6885  8248 W Summariser: No activity detected
07-12 19:01:56.512  6885  8248 V FfmpegTools: Retrieving duration of /storage/emulated/0/Movies/segment/20200312_193928/20200312_193928!003.mp4
07-12 19:01:56.638  6885  8248 W Summariser: Summarisation completed
07-12 19:01:56.638  6885  8248 W Summariser:   filename: 20200312_193928!003.mp4
07-12 19:01:56.638  6885  8248 W Summariser:   active sections: 0
07-12 19:01:56.638  6885  8248 W Summariser:   time: 07.975s
07-12 19:01:56.638  6885  8248 W Summariser:   original duration: 12.01
07-12 19:01:56.638  6885  8248 W Summariser:   summarised duration: -1.00
07-12 19:01:56.638  6885  8248 W Summariser:   noise tolerance: 45.00
07-12 19:01:56.638  6885  8248 W Summariser:   quality: 23
07-12 19:01:56.638  6885  8248 W Summariser:   speed: medium
07-12 19:01:56.638  6885  8248 W Summariser:   freeze duration: 1.00
07-12 19:01:56.656  6885  8248 D NearbyFragment: Received all summarised video segments of 20200312_193928
07-12 19:01:56.661  6885  8248 V FileManager: External storage is readable
07-12 19:01:56.661  6885  8248 V FileManager: Directory already exists: /storage/emulated/0/Movies/segment-sum/20200312_193928
07-12 19:01:56.662  6885  8248 D FfmpegTools: Merging /storage/emulated/0/Movies/summarised/20200312_193928.mp4
07-12 19:01:56.662  6885  8248 D FfmpegTools: No split videos to merge
07-12 19:01:56.663  6885  8248 V RawFootageEventHandler: removeByName
07-12 19:01:56.664  6885  8248 V ProcessingVideosEventHandler: removeByName
07-12 19:01:56.665  6885  8248 V NearbyFragment: Removing video segment map for 20200312_193928
07-12 19:01:56.666  6885  8248 V ProcessingVideosEventHandler: onRemove
07-12 19:01:56.723  6885  6937 D SummariserIntentService: Scanned /storage/emulated/0/Movies/summarised
07-12 19:01:56.723  6885  6937 D SummariserIntentService:   -> uri=content://media/external/file/1858
07-12 19:01:59.465  6885  7213 V VideoManager: Retrieving video from /storage/emulated/0/Movies/raw/20200312_194129.mp4
07-12 19:01:59.475  6885  7213 D VideoManager: videoCursor is null
07-12 19:01:59.500  6885  7213 V VideoManager: videoFromCursor
07-12 19:01:59.503  6885  7213 W DashDownloadManager: Successfully downloaded 20200312_194129.mp4 in 28.364s
07-12 19:01:59.503  6885  7213 V DownloadTestVideosTask: Entering callback for download completion of 20200312_194129.mp4
07-12 19:01:59.504  6885  7213 V RawFootageEventHandler: onAdd
07-12 19:01:59.505  6885  7213 V FfmpegTools: Retrieving duration of /storage/emulated/0/Movies/raw/20200312_194129.mp4
07-12 19:01:59.522  6885  7254 W mobile-ffmpeg: [mov,mp4,m4a,3gp,3g2,mj2 @ 0xa700de00] Found duplicated MOOV Atom. Skipped it
07-12 19:01:59.618  6885  7213 V FileManager: External storage is readable
07-12 19:01:59.620  6885  7213 V FileManager: Created new directory: /storage/emulated/0/Movies/segment/20200312_194129
07-12 19:01:59.620  6885  7213 V FfmpegTools: Splitting /storage/emulated/0/Movies/raw/20200312_194129.mp4 with 16s long segments
07-12 19:01:59.621  6885  7213 I FfmpegTools: Running ffmpeg with:
07-12 19:01:59.621  6885  7213 I FfmpegTools:   -y -i /storage/emulated/0/Movies/raw/20200312_194129.mp4 -map 0 -c copy -f segment -reset_timestamps 1 -segment_time 16 /storage/emulated/0/Movies/segment/20200312_194129/20200312_194129!%03d.mp4
07-12 19:01:59.648  6885  7254 W mobile-ffmpeg: [mov,mp4,m4a,3gp,3g2,mj2 @ 0x8e344c00] Found duplicated MOOV Atom. Skipped it
07-12 19:02:01.496  6885  7213 V FileManager: External storage is readable
07-12 19:02:01.497  6885  7213 V FileManager: Directory already exists: /storage/emulated/0/Movies/segment/20200312_194129
07-12 19:02:01.497  6885  7213 V VideoManager: Retrieving videos from /storage/emulated/0/Movies/segment/20200312_194129
07-12 19:02:01.498  6885  7213 V VideoManager: Retrieving video from /storage/emulated/0/Movies/segment/20200312_194129/20200312_194129!000.mp4
07-12 19:02:01.504  6885  7213 D VideoManager: videoCursor is null
07-12 19:02:01.718  6885  7213 V VideoManager: videoFromCursor
07-12 19:02:01.721  6885  7213 V VideoManager: Retrieving video from /storage/emulated/0/Movies/segment/20200312_194129/20200312_194129!001.mp4
07-12 19:02:01.730  6885  7213 D VideoManager: videoCursor is null
07-12 19:02:01.752  6885  7213 V VideoManager: videoFromCursor
07-12 19:02:01.755  6885  7213 V VideoManager: Retrieving video from /storage/emulated/0/Movies/segment/20200312_194129/20200312_194129!002.mp4
07-12 19:02:01.762  6885  7213 D VideoManager: videoCursor is null
07-12 19:02:01.785  6885  7213 V VideoManager: videoFromCursor
07-12 19:02:01.787  6885  7213 V VideoManager: Retrieving video from /storage/emulated/0/Movies/segment/20200312_194129/20200312_194129!003.mp4
07-12 19:02:01.793  6885  7213 D VideoManager: videoCursor is null
07-12 19:02:01.827  6885  7213 V VideoManager: videoFromCursor
07-12 19:02:01.832  6885  7213 V NearbyFragment: nextTransfer with selected algorithm: best_or_local
07-12 19:02:01.834  6885  7213 W NearbyFragment: Sending 20200312_194129!000.mp4 to Galaxy S8 [2802]
07-12 19:02:01.851  6885  6885 V NearbyFragment: Transfer to Endpoint{id=Hqzs, name=Galaxy S8 [2802]} complete
07-12 19:02:02.839  6885  7213 V DownloadTestVideosTask: Starting DownloadTestVideosTask
07-12 19:02:02.842  6885  7213 V DashDownloadManager: Started downloading: 20200312_194229.mp4
07-12 19:02:06.338  6885  6885 V NearbyFragment: Transfer to Endpoint{id=Hqzs, name=Galaxy S8 [2802]} complete
07-12 19:02:06.397  6885  6885 D NearbyFragment: onPayloadReceived(endpointId=Hqzs, payload=com.google.android.gms.nearby.connection.Payload@154c879)
07-12 19:02:06.398  6885  6885 D NearbyFragment: Endpoint{id=Hqzs, name=Galaxy S8 [2802]} has finished downloading 20200312_194129!000.mp4
07-12 19:02:06.399  6885  6885 V NearbyFragment: nextTransfer with selected algorithm: best_or_local
07-12 19:02:06.405  6885  6885 V FileManager: External storage is readable
07-12 19:02:06.406  6885  6885 V FileManager: Created new directory: /storage/emulated/0/Movies/segment-sum/20200312_194129
07-12 19:02:06.407  6885  6885 D NearbyFragment: Summarising 20200312_194129!001.mp4
07-12 19:02:06.407  6885  6885 V VideoManager: Retrieving video from /storage/emulated/0/Movies/segment/20200312_194129/20200312_194129!001.mp4
07-12 19:02:06.418  6885  6885 V VideoManager: videoFromCursor
07-12 19:02:06.420  6885  6885 V ProcessingVideosEventHandler: onAdd
07-12 19:02:06.421  6885  6885 V RawFootageEventHandler: onRemove
07-12 19:02:06.435  6885  8336 V SummariserIntentService: onHandleIntent
07-12 19:02:06.436  6885  8336 D SummariserIntentService: Video{id='1978', data='/storage/emulated/0/Movies/segment/20200312_194129/20200312_194129!001.mp4', name='20200312_194129!001.mp4', size=16870868, visible=true, mimeType='video/mp4'}
07-12 19:02:06.436  6885  8336 D SummariserIntentService: /storage/emulated/0/Movies/segment-sum/20200312_194129/20200312_194129!001.mp4
07-12 19:02:06.448  6885  8336 I FfmpegTools: Running ffmpeg with:
07-12 19:02:06.448  6885  8336 I FfmpegTools:   -y -i /storage/emulated/0/Movies/segment/20200312_194129/20200312_194129!001.mp4 -vf freezedetect=n=-45.000000dB:d=1.000000,metadata=mode=print:file=/storage/emulated/0/Movies/raw/20200312_194129!001.txt -f null -
07-12 19:02:06.469  6885  6885 V NearbyFragment: Transfer to Endpoint{id=Hqzs, name=Galaxy S8 [2802]} complete
07-12 19:02:06.725  6885  7254 W mobile-ffmpeg: [graph 0 input from stream 0:0 @ 0xa56254e0] sws_param option is deprecated and ignored
07-12 19:02:08.775  6885  6885 D NearbyFragment: onPayloadReceived(endpointId=Hqzs, payload=com.google.android.gms.nearby.connection.Payload@d507335)
07-12 19:02:08.776  6885  6885 D NearbyFragment: 20200312_194129!000.mp4 from Endpoint{id=Hqzs, name=Galaxy S8 [2802]} contained no activity
07-12 19:02:08.776  6885  6885 V NearbyFragment: Received a segment of 20200312_194129
07-12 19:02:08.777  6885  6885 V NearbyFragment: nextTransfer with selected algorithm: best_or_local
07-12 19:02:08.779  6885  6885 W NearbyFragment: Sending 20200312_194129!002.mp4 to Galaxy S8 [2802]
07-12 19:02:08.792  6885  6885 V NearbyFragment: Transfer to Endpoint{id=Hqzs, name=Galaxy S8 [2802]} complete
07-12 19:02:08.824  6885  6885 V NearbyFragment: Transfer to Endpoint{id=Hqzs, name=Galaxy S8 [2802]} complete
07-12 19:02:14.923  6885  6885 V NearbyFragment: Transfer to Endpoint{id=Hqzs, name=Galaxy S8 [2802]} complete
07-12 19:02:15.064  6885  8336 V FfmpegTools: Retrieving duration of /storage/emulated/0/Movies/segment/20200312_194129/20200312_194129!001.mp4
07-12 19:02:15.067  6885  6885 D NearbyFragment: onPayloadReceived(endpointId=Hqzs, payload=com.google.android.gms.nearby.connection.Payload@6618858)
07-12 19:02:15.068  6885  6885 D NearbyFragment: Endpoint{id=Hqzs, name=Galaxy S8 [2802]} has finished downloading 20200312_194129!002.mp4
07-12 19:02:15.069  6885  6885 V NearbyFragment: nextTransfer with selected algorithm: best_or_local
07-12 19:02:15.075  6885  6885 V FileManager: External storage is readable
07-12 19:02:15.075  6885  6885 V FileManager: Directory already exists: /storage/emulated/0/Movies/segment-sum/20200312_194129
07-12 19:02:15.075  6885  6885 D NearbyFragment: Summarising 20200312_194129!003.mp4
07-12 19:02:15.075  6885  6885 V VideoManager: Retrieving video from /storage/emulated/0/Movies/segment/20200312_194129/20200312_194129!003.mp4
07-12 19:02:15.081  6885  6885 V VideoManager: videoFromCursor
07-12 19:02:15.084  6885  6885 V ProcessingVideosEventHandler: onAdd
07-12 19:02:15.084  6885  6885 V RawFootageEventHandler: onRemove
07-12 19:02:15.105  6885  6885 V NearbyFragment: Transfer to Endpoint{id=Hqzs, name=Galaxy S8 [2802]} complete
07-12 19:02:15.195  6885  8336 W Summariser: 1 active sections found
07-12 19:02:15.195  6885  8336 I FfmpegTools: Running ffmpeg with:
07-12 19:02:15.195  6885  8336 I FfmpegTools:   -y -i /storage/emulated/0/Movies/segment/20200312_194129/20200312_194129!001.mp4 -filter_complex [0:v]trim=13.112000:16.020000,setpts=PTS-STARTPTS[v0];[0:a]atrim=13.112000:16.020000,asetpts=PTS-STARTPTS[a0];[v0][a0]concat=n=1:v=1:a=1[outv][outa] -map [outv] -map [outa] -crf 23 -preset medium /storage/emulated/0/Movies/segment-sum/20200312_194129/20200312_194129!001.mp4
07-12 19:02:15.422  6885  7254 W mobile-ffmpeg: [graph 0 input from stream 0:0 @ 0x957230c0] sws_param option is deprecated and ignored
07-12 19:02:24.410  6885  6885 D NearbyFragment: onPayloadReceived(endpointId=Hqzs, payload=com.google.android.gms.nearby.connection.Payload@d122e17)
07-12 19:02:24.410  6885  6885 V NearbyFragment: Started downloading 20200312_194129!002.mp4 from Endpoint{id=Hqzs, name=Galaxy S8 [2802]}
07-12 19:02:24.411  6885  6885 I NearbyFragment: Transfer queue is empty
07-12 19:02:24.413  6885  6885 V NearbyFragment: Transfer to Endpoint{id=Hqzs, name=Galaxy S8 [2802]} complete
07-12 19:02:24.497  6885  6885 D NearbyFragment: onPayloadReceived(endpointId=Hqzs, payload=com.google.android.gms.nearby.connection.Payload@792d204)
07-12 19:02:25.357  6885  6885 V NearbyFragment: Transfer to Endpoint{id=Hqzs, name=Galaxy S8 [2802]} complete
07-12 19:02:25.357  6885  6885 W NearbyFragment: Completed downloading 20200312_194129!002.mp4 from Endpoint{id=Hqzs, name=Galaxy S8 [2802]} in 00.947s
07-12 19:02:25.367  6885  6885 V FileManager: External storage is readable
07-12 19:02:25.367  6885  6885 V FileManager: Directory already exists: /storage/emulated/0/Movies/segment-sum/20200312_194129
07-12 19:02:25.460  6885  6885 V NearbyFragment: Received a segment of 20200312_194129
07-12 19:02:30.754  6885  8336 V FfmpegTools: Retrieving duration of /storage/emulated/0/Movies/segment/20200312_194129/20200312_194129!001.mp4
07-12 19:02:30.893  6885  8336 V FfmpegTools: Retrieving duration of /storage/emulated/0/Movies/segment-sum/20200312_194129/20200312_194129!001.mp4
07-12 19:02:30.978  6885  8336 W Summariser: Summarisation completed
07-12 19:02:30.978  6885  8336 W Summariser:   filename: 20200312_194129!001.mp4
07-12 19:02:30.978  6885  8336 W Summariser:   active sections: 1
07-12 19:02:30.978  6885  8336 W Summariser:   time: 24.316s
07-12 19:02:30.978  6885  8336 W Summariser:   original duration: 16.02
