--------- beginning of main
07-12 18:55:18.387   351   351 E Zygote  : isWhitelistProcess - Process is Whitelisted
07-12 18:55:18.390   351   351 E Zygote  : accessInfo : 1
07-12 18:55:18.406   351   351 I example.edgesu: Late-enabling -Xcheck:jni
--------- beginning of system
07-12 18:55:19.925   351   351 I ActivityThread: handleStopService: token=android.os.BinderProxy@30868e6 not found.
07-12 18:55:19.935   351   351 I TransferService: Starting Transfer Service to listen for network connectivity changes.
07-12 18:55:19.940   351   351 W LogFactory: Truncating log tag length as it exceed 23, the limit imposed by Android on certain API Levels
07-12 18:55:20.032   351   351 I TransferService: Registering the network receiver
07-12 18:55:20.037   351   351 I TransferService: Moving the service out of the Foreground state.
07-12 18:55:20.039   351   351 I TransferService: De-registering the network receiver.
07-12 18:55:35.045   351   351 W ActivityThread: handleWindowVisibility: no activity for token android.os.BinderProxy@f897b1f
07-12 18:55:35.057   351   371 D vndksupport: Loading /vendor/lib64/egl/libGLES_mali.so from current namespace instead of sphal namespace.
07-12 18:55:35.079   351   371 D libEGL  : loaded /vendor/lib64/egl/libGLES_mali.so
07-12 18:55:35.126   351   351 W example.edgesu: Accessing hidden method Landroid/graphics/drawable/Drawable;->getOpticalInsets()Landroid/graphics/Insets; (light greylist, linking)
07-12 18:55:35.126   351   351 W example.edgesu: Accessing hidden field Landroid/graphics/Insets;->left:I (light greylist, linking)
07-12 18:55:35.126   351   351 W example.edgesu: Accessing hidden field Landroid/graphics/Insets;->right:I (light greylist, linking)
07-12 18:55:35.126   351   351 W example.edgesu: Accessing hidden field Landroid/graphics/Insets;->top:I (light greylist, linking)
07-12 18:55:35.126   351   351 W example.edgesu: Accessing hidden field Landroid/graphics/Insets;->bottom:I (light greylist, linking)
07-12 18:55:35.144   351   351 I DecorView: createDecorCaptionView >> DecorView@73ec770[], isFloating: false, isApplication: true, hasWindowDecorCaption: false, hasWindowControllerCallback: true
07-12 18:55:35.209   351   351 W example.edgesu: Accessing hidden method Landroid/view/View;->computeFitSystemWindows(Landroid/graphics/Rect;Landroid/graphics/Rect;)Z (light greylist, reflection)
07-12 18:55:35.210   351   351 W example.edgesu: Accessing hidden method Landroid/view/ViewGroup;->makeOptionalFitsSystemWindows()V (light greylist, reflection)
07-12 18:55:35.224   351   351 W example.edgesu: Accessing hidden method Landroid/widget/TextView;->getTextDirectionHeuristic()Landroid/text/TextDirectionHeuristic; (light greylist, linking)
07-12 18:55:35.284   351   373 I AWSKeyValueStore: Detected Android API Level = 28
07-12 18:55:35.284   351   373 I AWSKeyValueStore: Creating the AWSKeyValueStore with key for sharedPreferencesForData = com.amazonaws.mobile.client
07-12 18:55:35.294   351   373 I AWSKeyValueStore: Detected Android API Level = 28
07-12 18:55:35.294   351   373 I AWSKeyValueStore: Creating the AWSKeyValueStore with key for sharedPreferencesForData = com.amazonaws.android.auth
07-12 18:55:35.297   351   351 D OpenGLRenderer: Skia GL Pipeline
07-12 18:55:35.300   351   351 D EmergencyMode: [EmergencyManager] android createPackageContext successful
07-12 18:55:35.316   351   351 D InputTransport: Input channel constructed: fd=62
07-12 18:55:35.317   351   351 D ViewRootImpl@4061191[AuthenticationActivity]: setView = DecorView@73ec770[AuthenticationActivity] TM=true MM=false
07-12 18:55:35.325   351   351 D ViewRootImpl@4061191[AuthenticationActivity]: dispatchAttachedToWindow
07-12 18:55:35.345   351   351 D ViewRootImpl@4061191[AuthenticationActivity]: Relayout returned: old=[0,0][1080,2220] new=[0,0][1080,2220] result=0x7 surface={valid=true 489869512704} changed=true
07-12 18:55:35.350   351   378 I ConfigStore: android::hardware::configstore::V1_0::ISurfaceFlingerConfigs::hasWideColorDisplay retrieved: 0
07-12 18:55:35.350   351   378 I ConfigStore: android::hardware::configstore::V1_0::ISurfaceFlingerConfigs::hasHDRDisplay retrieved: 0
07-12 18:55:35.350   351   378 I OpenGLRenderer: Initialized EGL, version 1.4
07-12 18:55:35.350   351   378 D OpenGLRenderer: Swap behavior 2
07-12 18:55:35.359   351   378 D mali_winsys: EGLint new_window_surface(egl_winsys_display *, void *, EGLSurface, EGLConfig, egl_winsys_surface **, EGLBoolean) returns 0x3000
07-12 18:55:35.360   351   378 D OpenGLRenderer: eglCreateWindowSurface = 0x7207b52d00, 0x720e7f9010
07-12 18:55:35.360   351   373 W LogFactory: Truncating log tag length as it exceed 23, the limit imposed by Android on certain API Levels
07-12 18:55:35.361   351   373 W LogFactory: Truncating log tag length as it exceed 23, the limit imposed by Android on certain API Levels
07-12 18:55:35.373   351   373 I AWSKeyValueStore: Detected Android API Level = 28
07-12 18:55:35.373   351   373 I AWSKeyValueStore: Creating the AWSKeyValueStore with key for sharedPreferencesForData = com.amazonaws.android.auth
07-12 18:55:35.376   351   373 D KeyProvider23: AndroidKeyStore contains keyAlias com.amazonaws.android.auth.aesKeyStoreAlias
07-12 18:55:35.376   351   373 D KeyProvider23: Loading the encryption key from Android KeyStore.
07-12 18:55:35.384   351   351 D ViewRootImpl@4061191[AuthenticationActivity]: MSG_RESIZED: frame=Rect(0, 0 - 1080, 2220) ci=Rect(0, 72 - 0, 144) vi=Rect(0, 72 - 0, 144) or=1
07-12 18:55:35.384   351   351 D ViewRootImpl@4061191[AuthenticationActivity]: MSG_WINDOW_FOCUS_CHANGED 1 1
07-12 18:55:35.384   351   351 D InputMethodManager: prepareNavigationBarInfo() DecorView@73ec770[AuthenticationActivity]
07-12 18:55:35.385   351   351 D InputMethodManager: getNavigationBarColor() -855310
07-12 18:55:35.386   351   351 D InputMethodManager: prepareNavigationBarInfo() DecorView@73ec770[AuthenticationActivity]
07-12 18:55:35.386   351   351 D InputMethodManager: getNavigationBarColor() -855310
07-12 18:55:35.386   351   351 V InputMethodManager: Starting input: tba=com.example.edgesum ic=null mNaviBarColor -855310 mIsGetNaviBarColorSuccess true , NavVisible : true , NavTrans : false
07-12 18:55:35.386   351   351 D InputMethodManager: startInputInner - Id : 0
07-12 18:55:35.386   351   351 I InputMethodManager: startInputInner - mService.startInputOrWindowGainedFocus
07-12 18:55:35.390   351   373 D CognitoCachingCredentia: Loading credentials from SharedPreferences
07-12 18:55:35.391   351   373 D KeyProvider23: AndroidKeyStore contains keyAlias com.amazonaws.android.auth.aesKeyStoreAlias
07-12 18:55:35.391   351   373 D KeyProvider23: Loading the encryption key from Android KeyStore.
07-12 18:55:35.392   351   364 D InputTransport: Input channel constructed: fd=72
07-12 18:55:35.402   351   373 D CognitoCachingCredentia: No valid credentials found in SharedPreferences
07-12 18:55:35.403   351   373 D KeyProvider23: AndroidKeyStore contains keyAlias com.amazonaws.android.auth.aesKeyStoreAlias
07-12 18:55:35.403   351   373 D KeyProvider23: Loading the encryption key from Android KeyStore.
07-12 18:55:35.411   351   378 D vndksupport: Loading /vendor/lib64/hw/android.hardware.graphics.mapper@2.0-impl.so from current namespace instead of sphal namespace.
07-12 18:55:35.416   351   373 D KeyProvider23: AndroidKeyStore contains keyAlias com.amazonaws.android.auth.aesKeyStoreAlias
07-12 18:55:35.416   351   373 D KeyProvider23: Loading the encryption key from Android KeyStore.
07-12 18:55:35.430   351   373 D KeyProvider23: AndroidKeyStore contains keyAlias com.amazonaws.android.auth.aesKeyStoreAlias
07-12 18:55:35.430   351   373 D KeyProvider23: Loading the encryption key from Android KeyStore.
07-12 18:55:35.432   351   351 D InputMethodManager: prepareNavigationBarInfo() DecorView@73ec770[AuthenticationActivity]
07-12 18:55:35.432   351   351 D InputMethodManager: getNavigationBarColor() -855310
07-12 18:55:35.432   351   351 V InputMethodManager: Starting input: tba=com.example.edgesum ic=null mNaviBarColor -855310 mIsGetNaviBarColorSuccess true , NavVisible : true , NavTrans : false
07-12 18:55:35.432   351   351 D InputMethodManager: startInputInner - Id : 0
07-12 18:55:35.448   351   373 W LogFactory: Truncating log tag length as it exceed 23, the limit imposed by Android on certain API Levels
07-12 18:55:35.490   351   373 I AWSKeyValueStore: Detected Android API Level = 28
07-12 18:55:35.490   351   373 I AWSKeyValueStore: Creating the AWSKeyValueStore with key for sharedPreferencesForData = CognitoIdentityProviderCache
07-12 18:55:35.503   351   373 D KeyProvider23: AndroidKeyStore contains keyAlias com.amazonaws.mobile.client.aesKeyStoreAlias
07-12 18:55:35.503   351   373 D KeyProvider23: Loading the encryption key from Android KeyStore.
07-12 18:55:35.514   351   373 D KeyProvider23: AndroidKeyStore contains keyAlias com.amazonaws.mobile.client.aesKeyStoreAlias
07-12 18:55:35.514   351   373 D KeyProvider23: Loading the encryption key from Android KeyStore.
07-12 18:55:35.526   351   373 D KeyProvider23: AndroidKeyStore contains keyAlias com.amazonaws.mobile.client.aesKeyStoreAlias
07-12 18:55:35.526   351   373 D KeyProvider23: Loading the encryption key from Android KeyStore.
07-12 18:55:35.537   351   373 D KeyProvider23: AndroidKeyStore contains keyAlias com.amazonaws.mobile.client.aesKeyStoreAlias
07-12 18:55:35.537   351   373 D KeyProvider23: Loading the encryption key from Android KeyStore.
07-12 18:55:35.547   351   373 D AWSMobileClient: Inspecting user state details
07-12 18:55:35.548   351   373 I AuthenticationActivity: SIGNED_IN
07-12 18:55:35.564   351   351 W ActivityThread: handleWindowVisibility: no activity for token android.os.BinderProxy@9484f39
07-12 18:55:35.582   351   351 I DecorView: createDecorCaptionView >> DecorView@fb99ead[], isFloating: false, isApplication: true, hasWindowDecorCaption: false, hasWindowControllerCallback: true
07-12 18:55:35.658   351   351 W example.edgesu: Accessing hidden field Landroid/view/View;->mAccessibilityDelegate:Landroid/view/View$AccessibilityDelegate; (light greylist, reflection)
07-12 18:55:35.713   351   351 V Repo    : /storage/emulated/0/Movies/raw
07-12 18:55:35.714   351   351 V Repo    : /storage/emulated/0/Movies/summarised
07-12 18:55:35.737   351   351 V FileManager: External storage is readable
07-12 18:55:35.738   351   351 V FileManager: Created new directory: /storage/emulated/0/Movies/raw
07-12 18:55:35.740   351   351 V FileManager: External storage is readable
07-12 18:55:35.740   351   351 V FileManager: Created new directory: /storage/emulated/0/Movies/summarised
07-12 18:55:35.741   351   351 V FileManager: External storage is readable
07-12 18:55:35.742   351   351 V FileManager: Created new directory: /storage/emulated/0/Download/nearby
07-12 18:55:35.744   351   351 V FileManager: External storage is readable
07-12 18:55:35.744   351   351 V FileManager: Created new directory: /storage/emulated/0/Movies/segment
07-12 18:55:35.745   351   351 V FileManager: External storage is readable
07-12 18:55:35.746   351   351 V FileManager: Created new directory: /storage/emulated/0/Movies/segment-sum
07-12 18:55:35.776   351   351 W example.edgesu: Accessing hidden method Landroid/app/ActivityThread;->currentApplication()Landroid/app/Application; (light greylist, reflection)
07-12 18:55:35.779   351   351 W System.err: org.json.JSONException: No value for manufacturer
07-12 18:55:35.780   351   351 W System.err: 	at org.json.JSONObject.get(JSONObject.java:392)
07-12 18:55:35.780   351   351 W System.err: 	at org.json.JSONObject.getString(JSONObject.java:553)
07-12 18:55:35.780   351   351 W System.err: 	at com.jaredrummler.android.device.DeviceName$DeviceInfo.<init>(DeviceName.java:374)
07-12 18:55:35.780   351   351 W System.err: 	at com.jaredrummler.android.device.DeviceName$DeviceInfo.<init>(DeviceName.java:347)
07-12 18:55:35.780   351   351 W System.err: 	at com.jaredrummler.android.device.DeviceName.getDeviceInfo(DeviceName.java:186)
07-12 18:55:35.780   351   351 W System.err: 	at com.jaredrummler.android.device.DeviceName.getDeviceName(DeviceName.java:138)
07-12 18:55:35.780   351   351 W System.err: 	at com.jaredrummler.android.device.DeviceName.getDeviceName(DeviceName.java:111)
07-12 18:55:35.780   351   351 W System.err: 	at com.example.edgesum.util.nearby.NearbyFragment.setLocalName(NearbyFragment.java:118)
07-12 18:55:35.780   351   351 W System.err: 	at com.example.edgesum.util.nearby.NearbyFragment.onCreate(NearbyFragment.java:110)
07-12 18:55:35.780   351   351 W System.err: 	at com.example.edgesum.page.main.ConnectionFragment.onCreate(ConnectionFragment.java:30)
07-12 18:55:35.780   351   351 W System.err: 	at androidx.fragment.app.Fragment.performCreate(Fragment.java:2684)
07-12 18:55:35.780   351   351 W System.err: 	at androidx.fragment.app.FragmentStateManager.create(FragmentStateManager.java:280)
07-12 18:55:35.780   351   351 W System.err: 	at androidx.fragment.app.FragmentManager.moveToState(FragmentManager.java:1175)
07-12 18:55:35.780   351   351 W System.err: 	at androidx.fragment.app.FragmentTransition.addToFirstInLastOut(FragmentTransition.java:1255)
07-12 18:55:35.780   351   351 W System.err: 	at androidx.fragment.app.FragmentTransition.calculateFragments(FragmentTransition.java:1138)
07-12 18:55:35.781   351   351 W System.err: 	at androidx.fragment.app.FragmentTransition.startTransitions(FragmentTransition.java:136)
07-12 18:55:35.781   351   351 W System.err: 	at androidx.fragment.app.FragmentManager.executeOpsTogether(FragmentManager.java:1989)
07-12 18:55:35.781   351   351 W System.err: 	at androidx.fragment.app.FragmentManager.removeRedundantOperationsAndExecute(FragmentManager.java:1947)
07-12 18:55:35.781   351   351 W System.err: 	at androidx.fragment.app.FragmentManager.execPendingActions(FragmentManager.java:1849)
07-12 18:55:35.781   351   351 W System.err: 	at androidx.fragment.app.FragmentManager.dispatchStateChange(FragmentManager.java:2629)
07-12 18:55:35.781   351   351 W System.err: 	at androidx.fragment.app.FragmentManager.dispatchActivityCreated(FragmentManager.java:2577)
07-12 18:55:35.781   351   351 W System.err: 	at androidx.fragment.app.FragmentController.dispatchActivityCreated(FragmentController.java:247)
07-12 18:55:35.781   351   351 W System.err: 	at androidx.fragment.app.FragmentActivity.onStart(FragmentActivity.java:541)
07-12 18:55:35.781   351   351 W System.err: 	at androidx.appcompat.app.AppCompatActivity.onStart(AppCompatActivity.java:201)
07-12 18:55:35.781   351   351 W System.err: 	at com.example.edgesum.page.main.MainActivity.onStart(MainActivity.java:88)
07-12 18:55:35.781   351   351 W System.err: 	at android.app.Instrumentation.callActivityOnStart(Instrumentation.java:1391)
07-12 18:55:35.781   351   351 W System.err: 	at android.app.Activity.performStart(Activity.java:7348)
07-12 18:55:35.781   351   351 W System.err: 	at android.app.ActivityThread.handleStartActivity(ActivityThread.java:3138)
07-12 18:55:35.781   351   351 W System.err: 	at android.app.servertransaction.TransactionExecutor.performLifecycleSequence(TransactionExecutor.java:180)
07-12 18:55:35.781   351   351 W System.err: 	at android.app.servertransaction.TransactionExecutor.cycleToPath(TransactionExecutor.java:165)
07-12 18:55:35.782   351   351 W System.err: 	at android.app.servertransaction.TransactionExecutor.executeLifecycleState(TransactionExecutor.java:142)
07-12 18:55:35.782   351   351 W System.err: 	at android.app.servertransaction.TransactionExecutor.execute(TransactionExecutor.java:70)
07-12 18:55:35.782   351   351 W System.err: 	at android.app.ActivityThread$H.handleMessage(ActivityThread.java:1948)
07-12 18:55:35.782   351   351 W System.err: 	at android.os.Handler.dispatchMessage(Handler.java:106)
07-12 18:55:35.782   351   351 W System.err: 	at android.os.Looper.loop(Looper.java:214)
07-12 18:55:35.782   351   351 W System.err: 	at android.app.ActivityThread.main(ActivityThread.java:7050)
07-12 18:55:35.782   351   351 W System.err: 	at java.lang.reflect.Method.invoke(Native Method)
07-12 18:55:35.782   351   351 W System.err: 	at com.android.internal.os.RuntimeInit$MethodAndArgsCaller.run(RuntimeInit.java:493)
07-12 18:55:35.782   351   351 W System.err: 	at com.android.internal.os.ZygoteInit.main(ZygoteInit.java:965)
07-12 18:55:35.891   351   351 V VideoManager: getAllVideoFromExternalStorageFolder
07-12 18:55:35.893   351   351 D VideoManager: /storage/emulated/0/Movies/summarised
07-12 18:55:35.906   351   351 D VideoManager: 0 videos return
07-12 18:55:35.933   351   351 V VideoManager: getAllVideoFromExternalStorageFolder
07-12 18:55:35.935   351   351 D VideoManager: /storage/emulated/0/Movies/raw
07-12 18:55:35.939   351   351 D VideoManager: 0 videos return
07-12 18:55:35.968   351   351 D InputTransport: Input channel constructed: fd=77
07-12 18:55:35.969   351   351 D ViewRootImpl@ad14257[MainActivity]: setView = DecorView@fb99ead[MainActivity] TM=true MM=false
07-12 18:55:35.969   351   351 D ViewRootImpl@4061191[AuthenticationActivity]: MSG_WINDOW_FOCUS_CHANGED 0 1
07-12 18:55:35.969   351   351 D InputMethodManager: prepareNavigationBarInfo() DecorView@73ec770[AuthenticationActivity]
07-12 18:55:35.969   351   351 D InputMethodManager: getNavigationBarColor() -855310
07-12 18:55:35.978   351   351 I TransferService: Starting Transfer Service to listen for network connectivity changes.
07-12 18:55:35.978   351   351 I TransferService: Registering the network receiver
07-12 18:55:35.979   351   351 E TransferService: No notification is passed in the intent. Unable to transition to foreground.
07-12 18:55:36.011   351   351 D ViewRootImpl@ad14257[MainActivity]: dispatchAttachedToWindow
07-12 18:55:36.024   351   351 W StaticLayout: maxLineHeight should not be -1.  maxLines:1 lineCount:1
07-12 18:55:36.026   351   364 D MainActivity: Scanned /storage/emulated/0/Movies/raw
07-12 18:55:36.026   351   364 D MainActivity:   -> uri=content://media/external/file/139216
07-12 18:55:36.033   351   351 W StaticLayout: maxLineHeight should not be -1.  maxLines:1 lineCount:1
07-12 18:55:36.038   351   351 W StaticLayout: maxLineHeight should not be -1.  maxLines:1 lineCount:1
07-12 18:55:36.042   351   351 W StaticLayout: maxLineHeight should not be -1.  maxLines:1 lineCount:1
07-12 18:55:36.052   351   351 D ViewRootImpl@ad14257[MainActivity]: Relayout returned: old=[0,0][1080,2220] new=[0,0][1080,2220] result=0x7 surface={valid=true 489449385984} changed=true
07-12 18:55:36.057   351   378 D mali_winsys: EGLint new_window_surface(egl_winsys_display *, void *, EGLSurface, EGLConfig, egl_winsys_surface **, EGLBoolean) returns 0x3000
07-12 18:55:36.057   351   378 D OpenGLRenderer: eglCreateWindowSurface = 0x71f550f180, 0x71f574f010
07-12 18:55:36.060   351   351 W StaticLayout: maxLineHeight should not be -1.  maxLines:1 lineCount:1
07-12 18:55:36.064   351   351 W StaticLayout: maxLineHeight should not be -1.  maxLines:1 lineCount:1
07-12 18:55:36.065   351   365 D MainActivity: Scanned /storage/emulated/0/Movies/summarised
07-12 18:55:36.065   351   365 D MainActivity:   -> uri=content://media/external/file/139217
07-12 18:55:36.072   351   351 I TransferNetworkLossHand: Network connectivity changed detected.
07-12 18:55:36.072   351   351 I TransferNetworkLossHand: Network connected: false
07-12 18:55:36.141   351   351 D ViewRootImpl@ad14257[MainActivity]: MSG_RESIZED: frame=Rect(0, 0 - 1080, 2220) ci=Rect(0, 72 - 0, 144) vi=Rect(0, 72 - 0, 144) or=1
07-12 18:55:36.142   351   351 D ViewRootImpl@ad14257[MainActivity]: setWindowStopped(false) old=false
07-12 18:55:36.150   351   351 D ViewRootImpl@ad14257[MainActivity]: MSG_WINDOW_FOCUS_CHANGED 1 1
07-12 18:55:36.151   351   351 D InputMethodManager: prepareNavigationBarInfo() DecorView@fb99ead[MainActivity]
07-12 18:55:36.151   351   351 D InputMethodManager: getNavigationBarColor() -855310
07-12 18:55:36.156   351   351 D InputMethodManager: prepareNavigationBarInfo() DecorView@fb99ead[MainActivity]
07-12 18:55:36.156   351   351 D InputMethodManager: getNavigationBarColor() -855310
07-12 18:55:36.156   351   351 V InputMethodManager: Starting input: tba=com.example.edgesum ic=null mNaviBarColor -855310 mIsGetNaviBarColorSuccess true , NavVisible : true , NavTrans : false
07-12 18:55:36.156   351   351 D InputMethodManager: startInputInner - Id : 0
07-12 18:55:36.156   351   351 I InputMethodManager: startInputInner - mService.startInputOrWindowGainedFocus
07-12 18:55:36.158   351   351 D InputTransport: Input channel constructed: fd=79
07-12 18:55:36.158   351   351 D InputTransport: Input channel destroyed: fd=72
07-12 18:55:36.457   351   378 W libEGL  : EGLNativeWindowType 0x720e7f9010 disconnect failed
07-12 18:55:36.457   351   378 D OpenGLRenderer: eglDestroySurface = 0x7207b52d00, 0x720e7f9000
07-12 18:55:36.466   351   351 D ViewRootImpl@4061191[AuthenticationActivity]: Relayout returned: old=[0,0][1080,2220] new=[0,0][1080,2220] result=0x5 surface={valid=false 0} changed=true
07-12 18:55:52.984   351   351 D ViewRootImpl@ad14257[MainActivity]: ViewPostIme pointer 0
07-12 18:55:53.061   351   351 D ViewRootImpl@ad14257[MainActivity]: ViewPostIme pointer 1
07-12 18:55:53.076   351   351 V MainActivity: Connect button clicked
07-12 18:55:59.419   351   351 D ViewRootImpl@ad14257[MainActivity]: ViewPostIme pointer 0
07-12 18:55:59.501   351   351 D ViewRootImpl@ad14257[MainActivity]: ViewPostIme pointer 1
07-12 18:55:59.510   351   351 V ConnectionFragment: Discovery switch checked
07-12 18:56:00.930   351   351 D NearbyFragment: Started discovering
07-12 18:56:04.332   351   351 D NearbyFragment: Found endpoint my_o: Nexus 5 [1825]
07-12 18:56:04.383   351   351 W example.edgesu: Accessing hidden method Landroid/graphics/FontFamily;-><init>()V (light greylist, reflection)
07-12 18:56:04.383   351   351 W example.edgesu: Accessing hidden method Landroid/graphics/FontFamily;->addFontFromAssetManager(Landroid/content/res/AssetManager;Ljava/lang/String;IZIII[Landroid/graphics/fonts/FontVariationAxis;)Z (light greylist, reflection)
07-12 18:56:04.383   351   351 W example.edgesu: Accessing hidden method Landroid/graphics/FontFamily;->addFontFromBuffer(Ljava/nio/ByteBuffer;I[Landroid/graphics/fonts/FontVariationAxis;II)Z (light greylist, reflection)
07-12 18:56:04.383   351   351 W example.edgesu: Accessing hidden method Landroid/graphics/FontFamily;->freeze()Z (light greylist, reflection)
07-12 18:56:04.383   351   351 W example.edgesu: Accessing hidden method Landroid/graphics/FontFamily;->abortCreation()V (light greylist, reflection)
07-12 18:56:04.384   351   351 W example.edgesu: Accessing hidden method Landroid/graphics/Typeface;->createFromFamiliesWithDefault([Landroid/graphics/FontFamily;Ljava/lang/String;II)Landroid/graphics/Typeface; (light greylist, reflection)
07-12 18:56:05.378   351   351 D ViewRootImpl@ad14257[MainActivity]: ViewPostIme pointer 0
07-12 18:56:05.434   351   351 D ViewRootImpl@ad14257[MainActivity]: ViewPostIme pointer 1
07-12 18:56:05.476   351   351 D NearbyFragment: Selected 'Endpoint{id=my_o, name=Nexus 5 [1825]}'
07-12 18:56:05.495   351   351 D InputTransport: Input channel constructed: fd=72
07-12 18:56:05.497   351   351 D ViewRootImpl@f78efb7[Toast]: setView = android.widget.LinearLayout{e120324 V.E...... ......I. 0,0-0,0} TM=true MM=false
07-12 18:56:05.498   351   351 V Toast   : Text: Donn in android.widget.Toast$TN@c787e8d
07-12 18:56:05.500   351   351 D ViewRootImpl@f78efb7[Toast]: dispatchAttachedToWindow
07-12 18:56:05.521   351   351 D ViewRootImpl@f78efb7[Toast]: Relayout returned: old=[0,72][1080,2076] new=[190,1752][890,1884] result=0x7 surface={valid=true 489458413568} changed=true
07-12 18:56:05.525   351   378 D mali_winsys: EGLint new_window_surface(egl_winsys_display *, void *, EGLSurface, EGLConfig, egl_winsys_surface **, EGLBoolean) returns 0x3000
07-12 18:56:05.525   351   378 D OpenGLRenderer: eglCreateWindowSurface = 0x71f5ca8800, 0x71f5feb010
07-12 18:56:05.534   351   351 D ViewRootImpl@f78efb7[Toast]: MSG_RESIZED: frame=Rect(190, 1752 - 890, 1884) ci=Rect(0, 0 - 0, 0) vi=Rect(0, 0 - 0, 0) or=1
07-12 18:56:07.467   351   351 D NearbyFragment: Initiated connection with my_o: Nexus 5 [1825]
07-12 18:56:07.487   351   351 D Dialog  : mIsSamsungBasicInteraction = false
07-12 18:56:07.487   351   351 D Dialog  : mIsSamsungBasicInteraction = false, isMetaDataInActivity = false
07-12 18:56:07.542   351   351 I DecorView: createDecorCaptionView >> DecorView@19bf245[], isFloating: true, isApplication: true, hasWindowDecorCaption: false, hasWindowControllerCallback: false
07-12 18:56:07.638   351   351 D ScrollView: initGoToTop
07-12 18:56:07.699   351   351 D InputTransport: Input channel constructed: fd=78
07-12 18:56:07.701   351   351 D ViewRootImpl@96d4931[MainActivity]: setView = DecorView@19bf245[MainActivity] TM=true MM=false
07-12 18:56:07.703   351   351 D NearbyFragment: Requested connection with Endpoint{id=my_o, name=Nexus 5 [1825]}
07-12 18:56:07.721   351   351 D ViewRootImpl@96d4931[MainActivity]: dispatchAttachedToWindow
07-12 18:56:07.802   351   351 D ViewRootImpl@96d4931[MainActivity]: Relayout returned: old=[0,72][1080,2076] new=[27,763][1053,1385] result=0x7 surface={valid=true 489451003904} changed=true
07-12 18:56:07.805   351   378 D mali_winsys: EGLint new_window_surface(egl_winsys_display *, void *, EGLSurface, EGLConfig, egl_winsys_surface **, EGLBoolean) returns 0x3000
07-12 18:56:07.805   351   378 D OpenGLRenderer: eglCreateWindowSurface = 0x71f54bbf00, 0x71f58da010
07-12 18:56:07.886   351   351 D ScrollView:  onsize change changed 
07-12 18:56:07.891   351   351 D ViewRootImpl@96d4931[MainActivity]: MSG_WINDOW_FOCUS_CHANGED 1 1
07-12 18:56:07.928   351   351 D ViewRootImpl@96d4931[MainActivity]: MSG_RESIZED: frame=Rect(27, 763 - 1053, 1385) ci=Rect(0, 0 - 0, 0) vi=Rect(0, 0 - 0, 0) or=1
07-12 18:56:07.957   351   351 D ViewRootImpl@ad14257[MainActivity]: MSG_WINDOW_FOCUS_CHANGED 0 1
07-12 18:56:07.957   351   351 D InputMethodManager: prepareNavigationBarInfo() DecorView@fb99ead[MainActivity]
07-12 18:56:07.957   351   351 D InputMethodManager: getNavigationBarColor() -855310
07-12 18:56:08.912   351   351 D ViewRootImpl@96d4931[MainActivity]: ViewPostIme pointer 0
07-12 18:56:08.980   351   378 W libEGL  : EGLNativeWindowType 0x71f5feb010 disconnect failed
07-12 18:56:08.980   351   378 D OpenGLRenderer: eglDestroySurface = 0x71f5ca8800, 0x71f5feb000
07-12 18:56:08.980   351   351 D ViewRootImpl@f78efb7[Toast]: dispatchDetachedFromWindow
07-12 18:56:08.981   351   351 D ViewRootImpl@f78efb7[Toast]: Surface release. android.view.ViewRootImpl.doDie:7979 android.view.ViewRootImpl.die:7947 android.view.WindowManagerGlobal.removeViewLocked:497 android.view.WindowManagerGlobal.removeView:435 android.view.WindowManagerImpl.removeViewImmediate:124 android.widget.Toast$TN.handleHide:1110 android.widget.Toast$TN$1.handleMessage:898 android.os.Handler.dispatchMessage:106 
07-12 18:56:08.986   351   351 D InputTransport: Input channel destroyed: fd=72
07-12 18:56:09.002   351   351 D ViewRootImpl@96d4931[MainActivity]: ViewPostIme pointer 1
07-12 18:56:09.039   351   378 W libEGL  : EGLNativeWindowType 0x71f58da010 disconnect failed
07-12 18:56:09.039   351   378 D OpenGLRenderer: eglDestroySurface = 0x71f54bbf00, 0x71f58da000
07-12 18:56:09.040   351   378 D OpenGLRenderer: endAllActiveAnimators on 0x71f144d300 (RippleDrawable) with handle 0x71f5b1dd00
07-12 18:56:09.040   351   351 D ViewRootImpl@96d4931[MainActivity]: dispatchDetachedFromWindow
07-12 18:56:09.040   351   351 D ViewRootImpl@96d4931[MainActivity]: Surface release. android.view.ViewRootImpl.doDie:7979 android.view.ViewRootImpl.die:7947 android.view.WindowManagerGlobal.removeViewLocked:497 android.view.WindowManagerGlobal.removeView:435 android.view.WindowManagerImpl.removeViewImmediate:124 android.app.Dialog.dismissDialog:518 android.app.Dialog.dismiss:501 androidx.appcompat.app.AlertController$ButtonHandler.handleMessage:171 
07-12 18:56:09.058   351   351 D InputTransport: Input channel destroyed: fd=78
07-12 18:56:09.060   351   351 I NearbyFragment: Connected to Endpoint{id=my_o, name=Nexus 5 [1825]}
07-12 18:56:09.112   351   351 D ViewRootImpl@ad14257[MainActivity]: MSG_WINDOW_FOCUS_CHANGED 1 1
07-12 18:56:09.112   351   351 D InputMethodManager: prepareNavigationBarInfo() DecorView@fb99ead[MainActivity]
07-12 18:56:09.112   351   351 D InputMethodManager: getNavigationBarColor() -855310
07-12 18:56:09.125   351   351 E ViewRootImpl: sendUserActionEvent() returned.
07-12 18:56:10.780   351   351 D ViewRootImpl@ad14257[MainActivity]: ViewPostIme pointer 0
07-12 18:56:10.870   351   351 D ViewRootImpl@ad14257[MainActivity]: ViewPostIme pointer 1
07-12 18:56:10.877   351   351 V ConnectionFragment: Discovery switch unchecked
07-12 18:56:10.877   351   351 D NearbyFragment: Stopped discovering
07-12 18:56:14.864   351   351 I TransferNetworkLossHand: Network connectivity changed detected.
07-12 18:56:15.036   351   351 I TransferNetworkLossHand: Network connected: true
07-12 18:56:15.060   351  1355 D TransferNetworkLossHand: Loading transfers from database...
07-12 18:56:15.132   351  1355 W LogFactory: Truncating log tag length as it exceed 23, the limit imposed by Android on certain API Levels
07-12 18:56:15.152   351  1355 D TransferNetworkLossHand: Closing the cursor for resumeAllTransfers
07-12 18:56:15.153   351  1355 D TransferNetworkLossHand: 2 transfers are loaded from database.
07-12 18:56:41.291   351   351 D NearbyFragment: onPayloadReceived(endpointId=my_o, payload=com.google.android.gms.nearby.connection.Payload@b7ff4b2)
07-12 18:56:41.298   351   351 V NearbyFragment: Started downloading SUMMARISE_SEGMENT:-6072785642241751539:20200312_150643!000.mp4:45.0_1.0_23_medium from Endpoint{id=my_o, name=Nexus 5 [1825]}
07-12 18:56:41.306   351   351 V NearbyFragment: Transfer to Endpoint{id=my_o, name=Nexus 5 [1825]} complete
07-12 18:56:41.312   351   351 D NearbyFragment: onPayloadReceived(endpointId=my_o, payload=com.google.android.gms.nearby.connection.Payload@b18e1b9)
07-12 18:56:44.335   351   351 V NearbyFragment: Transfer to Endpoint{id=my_o, name=Nexus 5 [1825]} complete
07-12 18:56:44.367   351   351 W NearbyFragment: Completed downloading 20200312_150643!000.mp4 from Endpoint{id=my_o, name=Nexus 5 [1825]} in 03.033s
07-12 18:56:44.382   351   351 V FileManager: External storage is readable
07-12 18:56:44.387   351   351 V FileManager: Created new directory: /storage/emulated/0/Movies/segment-sum/20200312_150643
07-12 18:56:44.390   351   351 D NearbyFragment: Summarising 20200312_150643!000.mp4
07-12 18:56:44.391   351   351 V VideoManager: Retrieving video from /storage/emulated/0/Download/Nearby/20200312_150643!000.mp4
07-12 18:56:44.434   351   351 V VideoManager: videoFromCursor
07-12 18:56:44.442   351   351 V ProcessingVideosEventHandler: onAdd
07-12 18:56:44.443   351   351 V RawFootageEventHandler: onRemove
07-12 18:56:44.453   351   351 V NearbyFragment: Transfer to Endpoint{id=my_o, name=Nexus 5 [1825]} complete
07-12 18:56:44.467   351  1536 V SummariserIntentService: onHandleIntent
07-12 18:56:44.468   351  1536 D SummariserIntentService: Video{id='139357', data='/storage/emulated/0/Download/Nearby/20200312_150643!000.mp4', name='20200312_150643!000.mp4', size=16843851, visible=true, mimeType='video/mp4'}
07-12 18:56:44.469   351  1536 D SummariserIntentService: /storage/emulated/0/Movies/segment-sum/20200312_150643/20200312_150643!000.mp4
07-12 18:56:44.483   351  1536 I mobile-ffmpeg: Loading mobile-ffmpeg.
07-12 18:56:44.541   351  1536 I mobile-ffmpeg: Loaded mobile-ffmpeg-full-gpl-arm64-v8a-4.3.2-20200415.
07-12 18:56:44.543   351  1537 D mobile-ffmpeg: Callback thread started.
07-12 18:56:44.557   351  1536 I FfmpegTools: Running ffmpeg with:
07-12 18:56:44.557   351  1536 I FfmpegTools:   -y -i /storage/emulated/0/Download/Nearby/20200312_150643!000.mp4 -vf freezedetect=n=-45.000000dB:d=1.000000,metadata=mode=print:file=/storage/emulated/0/Movies/raw/20200312_150643!000.txt -f null -
07-12 18:56:44.671   351  1537 W mobile-ffmpeg: [graph 0 input from stream 0:0 @ 0x71f5663f40] sws_param option is deprecated and ignored
07-12 18:56:46.807   351  1536 W Summariser: No activity detected
07-12 18:56:46.808   351  1536 V FfmpegTools: Retrieving duration of /storage/emulated/0/Download/Nearby/20200312_150643!000.mp4
07-12 18:56:46.842   351  1536 W Summariser: Summarisation completed
07-12 18:56:46.842   351  1536 W Summariser:   filename: 20200312_150643!000.mp4
07-12 18:56:46.842   351  1536 W Summariser:   active sections: 0
07-12 18:56:46.842   351  1536 W Summariser:   time: 02.329s
07-12 18:56:46.842   351  1536 W Summariser:   original duration: 16.07
07-12 18:56:46.842   351  1536 W Summariser:   summarised duration: -1.00
07-12 18:56:46.842   351  1536 W Summariser:   noise tolerance: 45.00
07-12 18:56:46.842   351  1536 W Summariser:   quality: 23
07-12 18:56:46.842   351  1536 W Summariser:   speed: medium
07-12 18:56:46.842   351  1536 W Summariser:   freeze duration: 1.00
07-12 18:56:46.843   351  1536 V ProcessingVideosEventHandler: onRemove
07-12 18:56:46.871   351   351 V NearbyFragment: Transfer to Endpoint{id=my_o, name=Nexus 5 [1825]} complete
07-12 18:56:46.903   351   351 D NearbyFragment: onPayloadReceived(endpointId=my_o, payload=com.google.android.gms.nearby.connection.Payload@b493157)
07-12 18:56:46.906   351   351 V NearbyFragment: Started downloading SUMMARISE_SEGMENT:-6817066550518243180:20200312_150643!002.mp4:45.0_1.0_23_medium from Endpoint{id=my_o, name=Nexus 5 [1825]}
07-12 18:56:46.909   351   351 V NearbyFragment: Transfer to Endpoint{id=my_o, name=Nexus 5 [1825]} complete
07-12 18:56:46.938   351   351 D NearbyFragment: onPayloadReceived(endpointId=my_o, payload=com.google.android.gms.nearby.connection.Payload@b7cb444)
07-12 18:56:46.949   351   364 D SummariserIntentService: Scanned /storage/emulated/0/Movies/summarised
07-12 18:56:46.949   351   364 D SummariserIntentService:   -> uri=content://media/external/file/139217
07-12 18:56:50.787   351   351 V NearbyFragment: Transfer to Endpoint{id=my_o, name=Nexus 5 [1825]} complete
07-12 18:56:50.791   351   351 W NearbyFragment: Completed downloading 20200312_150643!002.mp4 from Endpoint{id=my_o, name=Nexus 5 [1825]} in 03.881s
07-12 18:56:50.802   351   351 V FileManager: External storage is readable
07-12 18:56:50.804   351   351 V FileManager: Directory already exists: /storage/emulated/0/Movies/segment-sum/20200312_150643
07-12 18:56:50.806   351   351 D NearbyFragment: Summarising 20200312_150643!002.mp4
07-12 18:56:50.807   351   351 V VideoManager: Retrieving video from /storage/emulated/0/Download/Nearby/20200312_150643!002.mp4
07-12 18:56:50.829   351   351 V VideoManager: videoFromCursor
07-12 18:56:50.836   351   351 V ProcessingVideosEventHandler: onAdd
07-12 18:56:50.837   351   351 V RawFootageEventHandler: onRemove
07-12 18:56:50.852   351   351 V NearbyFragment: Transfer to Endpoint{id=my_o, name=Nexus 5 [1825]} complete
07-12 18:56:50.871   351  1580 V SummariserIntentService: onHandleIntent
07-12 18:56:50.872   351  1580 D SummariserIntentService: Video{id='139358', data='/storage/emulated/0/Download/Nearby/20200312_150643!002.mp4', name='20200312_150643!002.mp4', size=16970539, visible=true, mimeType='video/mp4'}
07-12 18:56:50.872   351  1580 D SummariserIntentService: /storage/emulated/0/Movies/segment-sum/20200312_150643/20200312_150643!002.mp4
07-12 18:56:50.880   351  1580 I FfmpegTools: Running ffmpeg with:
07-12 18:56:50.880   351  1580 I FfmpegTools:   -y -i /storage/emulated/0/Download/Nearby/20200312_150643!002.mp4 -vf freezedetect=n=-45.000000dB:d=1.000000,metadata=mode=print:file=/storage/emulated/0/Movies/raw/20200312_150643!002.txt -f null -
07-12 18:56:51.048   351  1537 W mobile-ffmpeg: [graph 0 input from stream 0:0 @ 0x71f5663f40] sws_param option is deprecated and ignored
07-12 18:56:53.135   351  1580 W Summariser: No activity detected
07-12 18:56:53.136   351  1580 V FfmpegTools: Retrieving duration of /storage/emulated/0/Download/Nearby/20200312_150643!002.mp4
07-12 18:56:53.178   351  1580 W Summariser: Summarisation completed
07-12 18:56:53.178   351  1580 W Summariser:   filename: 20200312_150643!002.mp4
07-12 18:56:53.178   351  1580 W Summariser:   active sections: 0
07-12 18:56:53.178   351  1580 W Summariser:   time: 02.259s
07-12 18:56:53.178   351  1580 W Summariser:   original duration: 16.01
07-12 18:56:53.178   351  1580 W Summariser:   summarised duration: -1.00
07-12 18:56:53.178   351  1580 W Summariser:   noise tolerance: 45.00
07-12 18:56:53.178   351  1580 W Summariser:   quality: 23
07-12 18:56:53.178   351  1580 W Summariser:   speed: medium
07-12 18:56:53.178   351  1580 W Summariser:   freeze duration: 1.00
07-12 18:56:53.178   351  1580 V ProcessingVideosEventHandler: onRemove
07-12 18:56:53.191   351   351 V NearbyFragment: Transfer to Endpoint{id=my_o, name=Nexus 5 [1825]} complete
07-12 18:56:53.236   351  1531 D SummariserIntentService: Scanned /storage/emulated/0/Movies/summarised
07-12 18:56:53.236   351  1531 D SummariserIntentService:   -> uri=content://media/external/file/139217
07-12 18:57:10.045   351   351 D NearbyFragment: onPayloadReceived(endpointId=my_o, payload=com.google.android.gms.nearby.connection.Payload@9a7d0e5)
07-12 18:57:10.047   351   351 V NearbyFragment: Started downloading SUMMARISE_SEGMENT:-7979090628515415303:20200312_150744!000.mp4:45.0_1.0_23_medium from Endpoint{id=my_o, name=Nexus 5 [1825]}
07-12 18:57:10.050   351   351 V NearbyFragment: Transfer to Endpoint{id=my_o, name=Nexus 5 [1825]} complete
07-12 18:57:10.083   351   351 D NearbyFragment: onPayloadReceived(endpointId=my_o, payload=com.google.android.gms.nearby.connection.Payload@437e7ba)
07-12 18:57:12.978   351   351 V NearbyFragment: Transfer to Endpoint{id=my_o, name=Nexus 5 [1825]} complete
07-12 18:57:12.981   351   351 W NearbyFragment: Completed downloading 20200312_150744!000.mp4 from Endpoint{id=my_o, name=Nexus 5 [1825]} in 02.931s
07-12 18:57:12.989   351   351 V FileManager: External storage is readable
07-12 18:57:12.992   351   351 V FileManager: Created new directory: /storage/emulated/0/Movies/segment-sum/20200312_150744
07-12 18:57:12.994   351   351 D NearbyFragment: Summarising 20200312_150744!000.mp4
07-12 18:57:12.995   351   351 V VideoManager: Retrieving video from /storage/emulated/0/Download/Nearby/20200312_150744!000.mp4
07-12 18:57:13.017   351   351 V VideoManager: videoFromCursor
07-12 18:57:13.022   351   351 V ProcessingVideosEventHandler: onAdd
07-12 18:57:13.022   351   351 V RawFootageEventHandler: onRemove
07-12 18:57:13.030   351   351 V NearbyFragment: Transfer to Endpoint{id=my_o, name=Nexus 5 [1825]} complete
07-12 18:57:13.042   351  1619 V SummariserIntentService: onHandleIntent
07-12 18:57:13.043   351  1619 D SummariserIntentService: Video{id='139359', data='/storage/emulated/0/Download/Nearby/20200312_150744!000.mp4', name='20200312_150744!000.mp4', size=16882390, visible=true, mimeType='video/mp4'}
07-12 18:57:13.043   351  1619 D SummariserIntentService: /storage/emulated/0/Movies/segment-sum/20200312_150744/20200312_150744!000.mp4
07-12 18:57:13.046   351  1619 I FfmpegTools: Running ffmpeg with:
07-12 18:57:13.046   351  1619 I FfmpegTools:   -y -i /storage/emulated/0/Download/Nearby/20200312_150744!000.mp4 -vf freezedetect=n=-45.000000dB:d=1.000000,metadata=mode=print:file=/storage/emulated/0/Movies/raw/20200312_150744!000.txt -f null -
07-12 18:57:13.162   351  1537 W mobile-ffmpeg: [graph 0 input from stream 0:0 @ 0x71f5663f40] sws_param option is deprecated and ignored
07-12 18:57:15.275   351  1619 W Summariser: No activity detected
07-12 18:57:15.276   351  1619 V FfmpegTools: Retrieving duration of /storage/emulated/0/Download/Nearby/20200312_150744!000.mp4
07-12 18:57:15.306   351  1619 W Summariser: Summarisation completed
07-12 18:57:15.306   351  1619 W Summariser:   filename: 20200312_150744!000.mp4
07-12 18:57:15.306   351  1619 W Summariser:   active sections: 0
07-12 18:57:15.306   351  1619 W Summariser:   time: 02.232s
07-12 18:57:15.306   351  1619 W Summariser:   original duration: 16.07
07-12 18:57:15.306   351  1619 W Summariser:   summarised duration: -1.00
07-12 18:57:15.306   351  1619 W Summariser:   noise tolerance: 45.00
07-12 18:57:15.306   351  1619 W Summariser:   quality: 23
07-12 18:57:15.306   351  1619 W Summariser:   speed: medium
07-12 18:57:15.306   351  1619 W Summariser:   freeze duration: 1.00
07-12 18:57:15.307   351  1619 V ProcessingVideosEventHandler: onRemove
07-12 18:57:15.322   351   351 V NearbyFragment: Transfer to Endpoint{id=my_o, name=Nexus 5 [1825]} complete
07-12 18:57:15.350   351   351 D NearbyFragment: onPayloadReceived(endpointId=my_o, payload=com.google.android.gms.nearby.connection.Payload@e6957e3)
07-12 18:57:15.352   351   351 V NearbyFragment: Started downloading SUMMARISE_SEGMENT:-8554204072214334992:20200312_150744!002.mp4:45.0_1.0_23_medium from Endpoint{id=my_o, name=Nexus 5 [1825]}
07-12 18:57:15.368   351   363 D SummariserIntentService: Scanned /storage/emulated/0/Movies/summarised
07-12 18:57:15.368   351   363 D SummariserIntentService:   -> uri=content://media/external/file/139217
07-12 18:57:15.447   351   351 V NearbyFragment: Transfer to Endpoint{id=my_o, name=Nexus 5 [1825]} complete
07-12 18:57:15.490   351   351 D NearbyFragment: onPayloadReceived(endpointId=my_o, payload=com.google.android.gms.nearby.connection.Payload@833c5e0)
07-12 18:57:18.967   351   351 V NearbyFragment: Transfer to Endpoint{id=my_o, name=Nexus 5 [1825]} complete
07-12 18:57:18.970   351   351 W NearbyFragment: Completed downloading 20200312_150744!002.mp4 from Endpoint{id=my_o, name=Nexus 5 [1825]} in 03.615s
07-12 18:57:18.978   351   351 V FileManager: External storage is readable
07-12 18:57:18.979   351   351 V FileManager: Directory already exists: /storage/emulated/0/Movies/segment-sum/20200312_150744
07-12 18:57:18.980   351   351 D NearbyFragment: Summarising 20200312_150744!002.mp4
07-12 18:57:18.981   351   351 V VideoManager: Retrieving video from /storage/emulated/0/Download/Nearby/20200312_150744!002.mp4
07-12 18:57:19.000   351   351 V VideoManager: videoFromCursor
07-12 18:57:19.004   351   351 V ProcessingVideosEventHandler: onAdd
07-12 18:57:19.004   351   351 V RawFootageEventHandler: onRemove
07-12 18:57:19.012   351   351 V NearbyFragment: Transfer to Endpoint{id=my_o, name=Nexus 5 [1825]} complete
07-12 18:57:19.024   351  1651 V SummariserIntentService: onHandleIntent
07-12 18:57:19.025   351  1651 D SummariserIntentService: Video{id='139360', data='/storage/emulated/0/Download/Nearby/20200312_150744!002.mp4', name='20200312_150744!002.mp4', size=16838272, visible=true, mimeType='video/mp4'}
07-12 18:57:19.025   351  1651 D SummariserIntentService: /storage/emulated/0/Movies/segment-sum/20200312_150744/20200312_150744!002.mp4
07-12 18:57:19.028   351  1651 I FfmpegTools: Running ffmpeg with:
07-12 18:57:19.028   351  1651 I FfmpegTools:   -y -i /storage/emulated/0/Download/Nearby/20200312_150744!002.mp4 -vf freezedetect=n=-45.000000dB:d=1.000000,metadata=mode=print:file=/storage/emulated/0/Movies/raw/20200312_150744!002.txt -f null -
07-12 18:57:19.149   351  1537 W mobile-ffmpeg: [graph 0 input from stream 0:0 @ 0x71f5663f40] sws_param option is deprecated and ignored
07-12 18:57:21.290   351  1651 W Summariser: No activity detected
07-12 18:57:21.291   351  1651 V FfmpegTools: Retrieving duration of /storage/emulated/0/Download/Nearby/20200312_150744!002.mp4
07-12 18:57:21.332   351  1651 W Summariser: Summarisation completed
07-12 18:57:21.332   351  1651 W Summariser:   filename: 20200312_150744!002.mp4
07-12 18:57:21.332   351  1651 W Summariser:   active sections: 0
07-12 18:57:21.332   351  1651 W Summariser:   time: 02.265s
07-12 18:57:21.332   351  1651 W Summariser:   original duration: 16.01
07-12 18:57:21.332   351  1651 W Summariser:   summarised duration: -1.00
07-12 18:57:21.332   351  1651 W Summariser:   noise tolerance: 45.00
07-12 18:57:21.332   351  1651 W Summariser:   quality: 23
07-12 18:57:21.332   351  1651 W Summariser:   speed: medium
07-12 18:57:21.332   351  1651 W Summariser:   freeze duration: 1.00
07-12 18:57:21.333   351  1651 V ProcessingVideosEventHandler: onRemove
07-12 18:57:21.360   351   351 V NearbyFragment: Transfer to Endpoint{id=my_o, name=Nexus 5 [1825]} complete
07-12 18:57:21.413   351  1531 D SummariserIntentService: Scanned /storage/emulated/0/Movies/summarised
07-12 18:57:21.413   351  1531 D SummariserIntentService:   -> uri=content://media/external/file/139217
07-12 18:57:42.427   351   351 D NearbyFragment: onPayloadReceived(endpointId=my_o, payload=com.google.android.gms.nearby.connection.Payload@bb79c36)
07-12 18:57:42.432   351   351 V NearbyFragment: Started downloading SUMMARISE_SEGMENT:-7945928902811736875:20200312_150844!000.mp4:45.0_1.0_23_medium from Endpoint{id=my_o, name=Nexus 5 [1825]}
07-12 18:57:42.439   351   351 V NearbyFragment: Transfer to Endpoint{id=my_o, name=Nexus 5 [1825]} complete
07-12 18:57:42.643   351   351 D NearbyFragment: onPayloadReceived(endpointId=my_o, payload=com.google.android.gms.nearby.connection.Payload@68a2737)
07-12 18:57:46.334   351   351 V NearbyFragment: Transfer to Endpoint{id=my_o, name=Nexus 5 [1825]} complete
07-12 18:57:46.336   351   351 W NearbyFragment: Completed downloading 20200312_150844!000.mp4 from Endpoint{id=my_o, name=Nexus 5 [1825]} in 03.900s
07-12 18:57:46.344   351   351 V FileManager: External storage is readable
07-12 18:57:46.348   351   351 V FileManager: Created new directory: /storage/emulated/0/Movies/segment-sum/20200312_150844
07-12 18:57:46.349   351   351 D NearbyFragment: Summarising 20200312_150844!000.mp4
07-12 18:57:46.350   351   351 V VideoManager: Retrieving video from /storage/emulated/0/Download/Nearby/20200312_150844!000.mp4
07-12 18:57:46.369   351   351 V VideoManager: videoFromCursor
07-12 18:57:46.374   351   351 V ProcessingVideosEventHandler: onAdd
07-12 18:57:46.375   351   351 V RawFootageEventHandler: onRemove
07-12 18:57:46.388   351   351 V NearbyFragment: Transfer to Endpoint{id=my_o, name=Nexus 5 [1825]} complete
07-12 18:57:46.401   351  1696 V SummariserIntentService: onHandleIntent
07-12 18:57:46.403   351  1696 D SummariserIntentService: Video{id='139361', data='/storage/emulated/0/Download/Nearby/20200312_150844!000.mp4', name='20200312_150844!000.mp4', size=16852835, visible=true, mimeType='video/mp4'}
07-12 18:57:46.403   351  1696 D SummariserIntentService: /storage/emulated/0/Movies/segment-sum/20200312_150844/20200312_150844!000.mp4
07-12 18:57:46.407   351  1696 I FfmpegTools: Running ffmpeg with:
07-12 18:57:46.407   351  1696 I FfmpegTools:   -y -i /storage/emulated/0/Download/Nearby/20200312_150844!000.mp4 -vf freezedetect=n=-45.000000dB:d=1.000000,metadata=mode=print:file=/storage/emulated/0/Movies/raw/20200312_150844!000.txt -f null -
07-12 18:57:46.541   351  1537 W mobile-ffmpeg: [graph 0 input from stream 0:0 @ 0x71f5663f40] sws_param option is deprecated and ignored
07-12 18:57:48.683   351  1696 D Summariser: No freeze file
07-12 18:57:48.683   351  1696 W Summariser: Whole video is active
07-12 18:57:49.137   351  1696 V FfmpegTools: Retrieving duration of /storage/emulated/0/Download/Nearby/20200312_150844!000.mp4
07-12 18:57:49.167   351  1696 V FfmpegTools: Retrieving duration of /storage/emulated/0/Movies/segment-sum/20200312_150844/20200312_150844!000.mp4
07-12 18:57:49.196   351  1696 W Summariser: Summarisation completed
07-12 18:57:49.196   351  1696 W Summariser:   filename: 20200312_150844!000.mp4
07-12 18:57:49.196   351  1696 W Summariser:   active sections: -1
07-12 18:57:49.196   351  1696 W Summariser:   time: 02.732s
07-12 18:57:49.196   351  1696 W Summariser:   original duration: 16.06
07-12 18:57:49.196   351  1696 W Summariser:   summarised duration: 16.06
07-12 18:57:49.196   351  1696 W Summariser:   noise tolerance: 45.00
07-12 18:57:49.196   351  1696 W Summariser:   quality: 23
07-12 18:57:49.196   351  1696 W Summariser:   speed: medium
07-12 18:57:49.196   351  1696 W Summariser:   freeze duration: 1.00
07-12 18:57:49.196   351  1696 V VideoManager: Retrieving video from /storage/emulated/0/Movies/segment-sum/20200312_150844/20200312_150844!000.mp4
07-12 18:57:49.219   351  1696 V VideoManager: videoFromCursor
07-12 18:57:49.224   351  1696 W NearbyFragment: Sending 20200312_150844!000.mp4 to Nexus 5 [1825]
07-12 18:57:49.226   351  1696 V ProcessingVideosEventHandler: onRemove
07-12 18:57:49.247   351   351 V NearbyFragment: Transfer to Endpoint{id=my_o, name=Nexus 5 [1825]} complete
07-12 18:57:49.285   351   351 D NearbyFragment: onPayloadReceived(endpointId=my_o, payload=com.google.android.gms.nearby.connection.Payload@e33a5c5)
07-12 18:57:49.287   351   351 V NearbyFragment: Started downloading SUMMARISE_SEGMENT:-7410999461831062419:20200312_150844!002.mp4:45.0_1.0_23_medium from Endpoint{id=my_o, name=Nexus 5 [1825]}
07-12 18:57:49.310   351   351 V NearbyFragment: Transfer to Endpoint{id=my_o, name=Nexus 5 [1825]} complete
07-12 18:57:49.342   351   363 D SummariserIntentService: Scanned /storage/emulated/0/Movies/summarised
07-12 18:57:49.342   351   363 D SummariserIntentService:   -> uri=content://media/external/file/139217
07-12 18:57:49.414   351   351 D NearbyFragment: onPayloadReceived(endpointId=my_o, payload=com.google.android.gms.nearby.connection.Payload@3ddcb1a)
07-12 18:57:50.685   351   360 W System  : A resource failed to call close. 
07-12 18:57:50.687   351   360 I chatty  : uid=10568(com.example.edgesum) FinalizerDaemon identical 4 lines
07-12 18:57:50.688   351   360 W System  : A resource failed to call close. 
