--------- beginning of main
07-05 21:05:24.357 30889 30889 E Zygote  : isWhitelistProcess - Process is Whitelisted
07-05 21:05:24.361 30889 30889 E Zygote  : accessInfo : 1
--------- beginning of system
07-05 21:05:25.891 30889 30889 W LogFactory: Truncating log tag length as it exceed 23, the limit imposed by Android on certain API Levels
07-05 21:05:30.478 30889 30889 W ActivityThread: handleWindowVisibility: no activity for token android.os.BinderProxy@5e6eb33
07-05 21:05:30.555 30889 30889 W example.edgesu: Accessing hidden method Landroid/graphics/drawable/Drawable;->getOpticalInsets()Landroid/graphics/Insets; (light greylist, linking)
07-05 21:05:30.555 30889 30889 W example.edgesu: Accessing hidden field Landroid/graphics/Insets;->left:I (light greylist, linking)
07-05 21:05:30.555 30889 30889 W example.edgesu: Accessing hidden field Landroid/graphics/Insets;->right:I (light greylist, linking)
07-05 21:05:30.555 30889 30889 W example.edgesu: Accessing hidden field Landroid/graphics/Insets;->top:I (light greylist, linking)
07-05 21:05:30.555 30889 30889 W example.edgesu: Accessing hidden field Landroid/graphics/Insets;->bottom:I (light greylist, linking)
07-05 21:05:30.603 30889 30889 W example.edgesu: Accessing hidden method Landroid/view/View;->computeFitSystemWindows(Landroid/graphics/Rect;Landroid/graphics/Rect;)Z (light greylist, reflection)
07-05 21:05:30.604 30889 30889 W example.edgesu: Accessing hidden method Landroid/view/ViewGroup;->makeOptionalFitsSystemWindows()V (light greylist, reflection)
07-05 21:05:30.706 30889 30889 W example.edgesu: Accessing hidden method Landroid/widget/TextView;->getTextDirectionHeuristic()Landroid/text/TextDirectionHeuristic; (light greylist, linking)
07-05 21:05:30.715 30889 30889 W example.edgesu: Accessing hidden field Landroid/view/View;->mAccessibilityDelegate:Landroid/view/View$AccessibilityDelegate; (light greylist, reflection)
07-05 21:05:31.046 30889 30889 E TransferService: No notification is passed in the intent. Unable to transition to foreground.
07-05 21:05:31.097 30889 30889 W StaticLayout: maxLineHeight should not be -1.  maxLines:1 lineCount:1
07-05 21:05:31.107 30889 30889 W StaticLayout: maxLineHeight should not be -1.  maxLines:1 lineCount:1
07-05 21:05:31.111 30889 30889 W StaticLayout: maxLineHeight should not be -1.  maxLines:1 lineCount:1
07-05 21:05:31.115 30889 30889 W StaticLayout: maxLineHeight should not be -1.  maxLines:1 lineCount:1
07-05 21:05:31.134 30889 30889 W StaticLayout: maxLineHeight should not be -1.  maxLines:1 lineCount:1
07-05 21:05:31.138 30889 30889 W StaticLayout: maxLineHeight should not be -1.  maxLines:1 lineCount:1
07-05 21:05:54.378 30889 30889 W example.edgesu: Accessing hidden method Landroid/graphics/FontFamily;-><init>()V (light greylist, reflection)
07-05 21:05:54.379 30889 30889 W example.edgesu: Accessing hidden method Landroid/graphics/FontFamily;->addFontFromAssetManager(Landroid/content/res/AssetManager;Ljava/lang/String;IZIII[Landroid/graphics/fonts/FontVariationAxis;)Z (light greylist, reflection)
07-05 21:05:54.379 30889 30889 W example.edgesu: Accessing hidden method Landroid/graphics/FontFamily;->addFontFromBuffer(Ljava/nio/ByteBuffer;I[Landroid/graphics/fonts/FontVariationAxis;II)Z (light greylist, reflection)
07-05 21:05:54.379 30889 30889 W example.edgesu: Accessing hidden method Landroid/graphics/FontFamily;->freeze()Z (light greylist, reflection)
07-05 21:05:54.379 30889 30889 W example.edgesu: Accessing hidden method Landroid/graphics/FontFamily;->abortCreation()V (light greylist, reflection)
07-05 21:05:54.380 30889 30889 W example.edgesu: Accessing hidden method Landroid/graphics/Typeface;->createFromFamiliesWithDefault([Landroid/graphics/FontFamily;Ljava/lang/String;II)Landroid/graphics/Typeface; (light greylist, reflection)
07-05 21:05:56.028 30889 30911 W libEGL  : EGLNativeWindowType 0x78d6773010 disconnect failed
07-05 21:05:56.110 30889 30889 E ViewRootImpl: sendUserActionEvent() returned.
07-05 21:06:03.833 30889 30911 W libEGL  : EGLNativeWindowType 0x78d121c010 disconnect failed
07-05 21:06:03.926 30889 30889 E ViewRootImpl: sendUserActionEvent() returned.
07-05 21:06:54.988 30889 30889 W NearbyFragment: Preferences:
07-05 21:06:54.988 30889 30889 W NearbyFragment:   Auto download: true
07-05 21:06:54.988 30889 30889 W NearbyFragment:   Algorithm: best
07-05 21:06:54.988 30889 30889 W NearbyFragment:   Fast scheduling: true
07-05 21:06:54.988 30889 30889 W NearbyFragment:   Segmentation: true
07-05 21:06:54.988 30889 30889 W NearbyFragment:   Auto segmentation: false
07-05 21:06:54.988 30889 30889 W NearbyFragment:   Segment number: 4
07-05 21:06:54.988 30889 30889 W NearbyFragment:   Noise tolerance: 45.00
07-05 21:06:54.988 30889 30889 W NearbyFragment:   Quality: 23
07-05 21:06:54.988 30889 30889 W NearbyFragment:   Speed: medium
07-05 21:06:54.988 30889 30889 W NearbyFragment:   Freeze duration: 1.00
07-05 21:06:54.989 30889 30889 W NearbyFragment: Download delay: 1s
07-05 21:06:54.989 30889 30889 W NearbyFragment: Started downloading from dashcam
07-05 21:07:12.336 30889 31547 W DashDownloadManager: Successfully downloaded 20200312_150643.mp4 in 17.153s
07-05 21:07:12.439 30889 31566 W mobile-ffmpeg: [mov,mp4,m4a,3gp,3g2,mj2 @ 0x78e6705400] Found duplicated MOOV Atom. Skipped it
07-05 21:07:12.571 30889 31566 W mobile-ffmpeg: [mov,mp4,m4a,3gp,3g2,mj2 @ 0x78e6705400] Found duplicated MOOV Atom. Skipped it
07-05 21:07:13.699 30889 31547 W NearbyFragment: Sending 20200312_150643!000.mp4 to Nexus 5X [34d8]
07-05 21:07:19.065 30889 30889 W NearbyFragment: Sending 20200312_150643!001.mp4 to Nexus 5 [1825]
07-05 21:07:22.461 30889 30889 W NearbyFragment: Sending 20200312_150643!002.mp4 to Nexus 5X [34d8]
07-05 21:07:24.357 30889 30889 W NearbyFragment: Sending 20200312_150643!003.mp4 to Nexus 5X [34d8]
07-05 21:07:42.330 30889 31547 W DashDownloadManager: Successfully downloaded 20200312_150744.mp4 in 27.493s
07-05 21:07:42.343 30889 31566 W mobile-ffmpeg: [mov,mp4,m4a,3gp,3g2,mj2 @ 0x78e6705a00] Found duplicated MOOV Atom. Skipped it
07-05 21:07:42.432 30889 31566 W mobile-ffmpeg: [mov,mp4,m4a,3gp,3g2,mj2 @ 0x78e6705a00] Found duplicated MOOV Atom. Skipped it
07-05 21:07:42.979 30889 31547 W NearbyFragment: Sending 20200312_150744!000.mp4 to Nexus 5X [34d8]
07-05 21:07:45.395 30889 30889 W NearbyFragment: Sending 20200312_150744!001.mp4 to Nexus 5 [1825]
07-05 21:07:46.662 30889 30889 W example.edgesu: Accessing hidden method Landroid/view/View;->getTransitionAlpha()F (light greylist, linking)
07-05 21:07:46.663 30889 30889 W example.edgesu: Accessing hidden method Landroid/view/View;->setTransitionAlpha(F)V (light greylist, linking)
07-05 21:07:46.663 30889 30889 W example.edgesu: Accessing hidden method Landroid/view/View;->setAnimationMatrix(Landroid/graphics/Matrix;)V (light greylist, linking)
07-05 21:07:46.663 30889 30889 W example.edgesu: Accessing hidden method Landroid/view/View;->transformMatrixToGlobal(Landroid/graphics/Matrix;)V (light greylist, linking)
07-05 21:07:46.663 30889 30889 W example.edgesu: Accessing hidden method Landroid/view/View;->transformMatrixToLocal(Landroid/graphics/Matrix;)V (light greylist, linking)
07-05 21:07:46.663 30889 30889 W example.edgesu: Accessing hidden method Landroid/view/View;->setLeftTopRightBottom(IIII)V (light greylist, linking)
07-05 21:07:46.664 30889 30889 W example.edgesu: Accessing hidden method Landroid/view/View;->setTransitionVisibility(I)V (dark greylist, linking)
07-05 21:07:46.696 30889 30889 W StaticLayout: maxLineHeight should not be -1.  maxLines:1 lineCount:1
07-05 21:07:46.702 30889 30889 W StaticLayout: maxLineHeight should not be -1.  maxLines:1 lineCount:1
07-05 21:07:46.713 30889 30889 W example.edgesu: Accessing hidden field Landroid/view/View;->mViewFlags:I (light greylist, reflection)
07-05 21:07:46.715 30889 30889 W example.edgesu: Accessing hidden method Landroid/view/ViewGroup;->suppressLayout(Z)V (light greylist, linking)
07-05 21:07:49.515 30889 30889 W NearbyFragment: Sending 20200312_150744!002.mp4 to Nexus 5X [34d8]
07-05 21:07:51.089 30889 30889 W NearbyFragment: Sending 20200312_150744!003.mp4 to Nexus 5X [34d8]
07-05 21:08:09.797 30889 31547 W DashDownloadManager: Successfully downloaded 20200312_150844.mp4 in 25.701s
07-05 21:08:09.812 30889 31566 W mobile-ffmpeg: [mov,mp4,m4a,3gp,3g2,mj2 @ 0x78e6705a00] Found duplicated MOOV Atom. Skipped it
07-05 21:08:09.930 30889 31566 W mobile-ffmpeg: [mov,mp4,m4a,3gp,3g2,mj2 @ 0x78e6705a00] Found duplicated MOOV Atom. Skipped it
07-05 21:08:10.777 30889 31547 W NearbyFragment: Sending 20200312_150844!000.mp4 to Nexus 5 [1825]
07-05 21:08:15.384 30889 30889 W NearbyFragment: Sending 20200312_150844!001.mp4 to Nexus 5X [34d8]
07-05 21:08:22.837 30889 30889 W NearbyFragment: Sending 20200312_150844!002.mp4 to Nexus 5 [1825]
07-05 21:08:28.554 30889 30889 W NearbyFragment: Sending 20200312_150844!003.mp4 to Nexus 5X [34d8]
07-05 21:08:32.613 30889 30889 W NearbyFragment: Completed downloading 20200312_150744!003.mp4 from Endpoint{id=Qd2N, name=Nexus 5X [34d8]} in 04.067s
07-05 21:08:32.780 30889 30889 W FfmpegTools: Single segment returned, duration of 20200312_150744: 4.89
07-05 21:08:38.406 30889 30889 W NearbyFragment: Completed downloading 20200312_150844!000.mp4 from Endpoint{id=w2Lc, name=Nexus 5 [1825]} in 15.577s
07-05 21:08:44.923 30889 30889 W NearbyFragment: Completed downloading 20200312_150844!001.mp4 from Endpoint{id=Qd2N, name=Nexus 5X [34d8]} in 07.282s
07-05 21:08:50.769 30889 30889 W NearbyFragment: Completed downloading 20200312_150844!002.mp4 from Endpoint{id=w2Lc, name=Nexus 5 [1825]} in 04.840s
07-05 21:08:51.988 30889 30889 W NearbyFragment: Completed downloading 20200312_150844!003.mp4 from Endpoint{id=Qd2N, name=Nexus 5X [34d8]} in 04.471s
07-05 21:08:52.845 30889 30889 W FfmpegTools: Merged duration of 20200312_150844: 60.08
07-05 21:08:52.917 30889 31547 W DashDownloadManager: Successfully downloaded 20200312_150944.mp4 in 41.057s
07-05 21:08:52.927 30889 31566 W mobile-ffmpeg: [mov,mp4,m4a,3gp,3g2,mj2 @ 0x78e6705a00] Found duplicated MOOV Atom. Skipped it
07-05 21:08:52.994 30889 31566 W mobile-ffmpeg: [mov,mp4,m4a,3gp,3g2,mj2 @ 0x78e6705a00] Found duplicated MOOV Atom. Skipped it
07-05 21:08:53.617 30889 31547 W NearbyFragment: Sending 20200312_150944!000.mp4 to Nexus 5X [34d8]
07-05 21:08:56.241 30889 30889 W NearbyFragment: Sending 20200312_150944!001.mp4 to Nexus 5 [1825]
07-05 21:09:01.929 30889 30889 W NearbyFragment: Sending 20200312_150944!002.mp4 to Nexus 5X [34d8]
07-05 21:09:08.845 30889 30889 W NearbyFragment: Sending 20200312_150944!003.mp4 to Nexus 5 [1825]
07-05 21:09:21.892 30889 31547 W DashDownloadManager: Successfully downloaded 20200312_151044.mp4 in 27.127s
07-05 21:09:21.904 30889 31566 W mobile-ffmpeg: [mov,mp4,m4a,3gp,3g2,mj2 @ 0x78e6705400] Found duplicated MOOV Atom. Skipped it
07-05 21:09:21.993 30889 31566 W mobile-ffmpeg: [mov,mp4,m4a,3gp,3g2,mj2 @ 0x78e6705400] Found duplicated MOOV Atom. Skipped it
07-05 21:09:22.639 30889 31547 W NearbyFragment: Sending 20200312_151044!000.mp4 to Nexus 5 [1825]
07-05 21:09:28.169 30889 30889 W NearbyFragment: Sending 20200312_151044!001.mp4 to Nexus 5X [34d8]
07-05 21:09:29.307 30889 30889 W NearbyFragment: Sending 20200312_151044!002.mp4 to Nexus 5X [34d8]
07-05 21:09:30.670 30889 30889 W NearbyFragment: Completed downloading 20200312_150944!000.mp4 from Endpoint{id=Qd2N, name=Nexus 5X [34d8]} in 01.364s
07-05 21:09:34.453 30889 30889 W NearbyFragment: Sending 20200312_151044!003.mp4 to Nexus 5X [34d8]
07-05 21:09:34.658 30889 30898 W System  : A resource failed to call close. 
07-05 21:09:34.661 30889 30898 W System  : A resource failed to call close. 
07-05 21:09:34.665 30889 30898 W System  : A resource failed to call close. 
07-05 21:09:34.672 30889 30898 W System  : A resource failed to call close. 
07-05 21:09:34.672 30889 30898 W System  : A resource failed to call close. 
07-05 21:09:34.672 30889 30898 W System  : A resource failed to call close. 
07-05 21:09:34.675 30889 30898 W System  : A resource failed to call close. 
07-05 21:09:34.678 30889 30898 W System  : A resource failed to call close. 
07-05 21:09:34.681 30889 30898 W System  : A resource failed to call close. 
07-05 21:09:34.689 30889 30898 W System  : A resource failed to call close. 
07-05 21:09:34.689 30889 30898 W System  : A resource failed to call close. 
07-05 21:09:34.692 30889 30898 W System  : A resource failed to call close. 
07-05 21:09:34.695 30889 30898 W System  : A resource failed to call close. 
07-05 21:09:34.699 30889 30898 W System  : A resource failed to call close. 
07-05 21:09:34.702 30889 30898 W System  : A resource failed to call close. 
07-05 21:09:34.705 30889 30898 W System  : A resource failed to call close. 
07-05 21:09:34.705 30889 30898 W System  : A resource failed to call close. 
07-05 21:09:34.710 30889 30898 W System  : A resource failed to call close. 
07-05 21:09:34.713 30889 30898 W System  : A resource failed to call close. 
07-05 21:09:34.716 30889 30898 W System  : A resource failed to call close. 
07-05 21:09:34.719 30889 30898 W System  : A resource failed to call close. 
07-05 21:09:34.735 30889 30898 W System  : A resource failed to call close. 
07-05 21:09:35.254 30889 30889 W FfmpegTools: Single segment returned, duration of 20200312_150944: 7.07
07-05 21:09:49.050 30889 31547 W DashDownloadManager: Successfully downloaded 20200312_193528.mp4 in 25.337s
07-05 21:09:49.060 30889 31566 W mobile-ffmpeg: [mov,mp4,m4a,3gp,3g2,mj2 @ 0x78e66f8a00] Found duplicated MOOV Atom. Skipped it
07-05 21:09:49.131 30889 31566 W mobile-ffmpeg: [mov,mp4,m4a,3gp,3g2,mj2 @ 0x78e66f8a00] Found duplicated MOOV Atom. Skipped it
07-05 21:09:50.044 30889 31547 W NearbyFragment: Sending 20200312_193528!000.mp4 to Nexus 5 [1825]
07-05 21:09:52.042 30889 30889 W NearbyFragment: Sending 20200312_193528!001.mp4 to Nexus 5X [34d8]
07-05 21:09:55.352 30889 30889 W NearbyFragment: Sending 20200312_193528!002.mp4 to Nexus 5X [34d8]
07-05 21:10:01.090 30889 30889 W NearbyFragment: Sending 20200312_193528!003.mp4 to Nexus 5X [34d8]
07-05 21:10:17.129 30889 31547 W DashDownloadManager: Successfully downloaded 20200312_193628.mp4 in 25.964s
07-05 21:10:17.141 30889 31566 W mobile-ffmpeg: [mov,mp4,m4a,3gp,3g2,mj2 @ 0x78e66f8a00] Found duplicated MOOV Atom. Skipped it
07-05 21:10:17.246 30889 31566 W mobile-ffmpeg: [mov,mp4,m4a,3gp,3g2,mj2 @ 0x78e66f8a00] Found duplicated MOOV Atom. Skipped it
07-05 21:10:17.965 30889 31547 W NearbyFragment: Sending 20200312_193628!000.mp4 to Nexus 5 [1825]
07-05 21:10:18.697 30889 30889 W NearbyFragment: Sending 20200312_193628!001.mp4 to Nexus 5X [34d8]
07-05 21:10:23.102 30889 30889 W NearbyFragment: Sending 20200312_193628!002.mp4 to Nexus 5X [34d8]
07-05 21:10:30.140 30889 30889 W NearbyFragment: Sending 20200312_193628!003.mp4 to Nexus 5 [1825]
07-05 21:10:45.784 30889 31547 W DashDownloadManager: Successfully downloaded 20200312_193728.mp4 in 26.771s
07-05 21:10:45.787 30889 31566 W mobile-ffmpeg: [mov,mp4,m4a,3gp,3g2,mj2 @ 0x78e66f8a00] Found duplicated MOOV Atom. Skipped it
07-05 21:10:45.871 30889 31566 W mobile-ffmpeg: [mov,mp4,m4a,3gp,3g2,mj2 @ 0x78e66f8a00] Found duplicated MOOV Atom. Skipped it
07-05 21:10:46.684 30889 31547 W NearbyFragment: Sending 20200312_193728!000.mp4 to Nexus 5X [34d8]
07-05 21:10:50.232 30889 30889 W NearbyFragment: Sending 20200312_193728!001.mp4 to Nexus 5X [34d8]
07-05 21:10:56.002 30889 30889 W NearbyFragment: Sending 20200312_193728!002.mp4 to Nexus 5X [34d8]
07-05 21:10:58.965 30889 30889 W NearbyFragment: Sending 20200312_193728!003.mp4 to Nexus 5X [34d8]
07-05 21:11:09.346 30889 30889 W NearbyFragment: Completed downloading 20200312_193628!003.mp4 from Endpoint{id=w2Lc, name=Nexus 5 [1825]} in 02.305s
07-05 21:11:09.465 30889 30889 W FfmpegTools: Single segment returned, duration of 20200312_193628: 6.16
07-05 21:11:11.006 30889 30889 W NearbyFragment: Completed downloading 20200312_193728!000.mp4 from Endpoint{id=Qd2N, name=Nexus 5X [34d8]} in 12.043s
07-05 21:11:15.860 30889 30889 W NearbyFragment: Completed downloading 20200312_193728!001.mp4 from Endpoint{id=Qd2N, name=Nexus 5X [34d8]} in 06.745s
07-05 21:11:21.209 30889 31547 W DashDownloadManager: Successfully downloaded 20200312_193828.mp4 in 33.393s
07-05 21:11:21.221 30889 31566 W mobile-ffmpeg: [mov,mp4,m4a,3gp,3g2,mj2 @ 0x78e66f7e00] Found duplicated MOOV Atom. Skipped it
07-05 21:11:21.337 30889 31566 W mobile-ffmpeg: [mov,mp4,m4a,3gp,3g2,mj2 @ 0x78e66f7e00] Found duplicated MOOV Atom. Skipped it
07-05 21:11:22.256 30889 31547 W NearbyFragment: Sending 20200312_193828!000.mp4 to Nexus 5 [1825]
07-05 21:11:23.407 30889 30889 W NearbyFragment: Completed downloading 20200312_193728!002.mp4 from Endpoint{id=Qd2N, name=Nexus 5X [34d8]} in 06.402s
07-05 21:11:25.075 30889 30889 W NearbyFragment: Sending 20200312_193828!001.mp4 to Nexus 5X [34d8]
07-05 21:11:28.726 30889 30889 W NearbyFragment: Sending 20200312_193828!002.mp4 to Nexus 5X [34d8]
07-05 21:11:33.773 30889 30889 W NearbyFragment: Completed downloading 20200312_193728!003.mp4 from Endpoint{id=Qd2N, name=Nexus 5X [34d8]} in 08.703s
07-05 21:11:34.636 30889 30889 W FfmpegTools: Merged duration of 20200312_193728: 60.07
07-05 21:11:36.142 30889 30889 W NearbyFragment: Sending 20200312_193828!003.mp4 to Nexus 5X [34d8]
07-05 21:11:51.363 30889 31547 W DashDownloadManager: Successfully downloaded 20200312_193928.mp4 in 28.042s
07-05 21:11:51.373 30889 31566 W mobile-ffmpeg: [mov,mp4,m4a,3gp,3g2,mj2 @ 0x78e66f7e00] Found duplicated MOOV Atom. Skipped it
07-05 21:11:51.450 30889 31566 W mobile-ffmpeg: [mov,mp4,m4a,3gp,3g2,mj2 @ 0x78e66f7e00] Found duplicated MOOV Atom. Skipped it
07-05 21:11:52.292 30889 31547 W NearbyFragment: Sending 20200312_193928!000.mp4 to Nexus 5X [34d8]
07-05 21:11:57.635 30889 30889 W NearbyFragment: Sending 20200312_193928!001.mp4 to Nexus 5X [34d8]
07-05 21:12:00.765 30889 30889 W NearbyFragment: Sending 20200312_193928!002.mp4 to Nexus 5X [34d8]
07-05 21:12:07.765 30889 30889 W NearbyFragment: Sending 20200312_193928!003.mp4 to Nexus 5X [34d8]
07-05 21:12:17.586 30889 31547 W DashDownloadManager: Successfully downloaded 20200312_194129.mp4 in 24.181s
07-05 21:12:17.597 30889 31566 W mobile-ffmpeg: [mov,mp4,m4a,3gp,3g2,mj2 @ 0x78e66f7800] Found duplicated MOOV Atom. Skipped it
07-05 21:12:17.668 30889 31566 W mobile-ffmpeg: [mov,mp4,m4a,3gp,3g2,mj2 @ 0x78e66f7800] Found duplicated MOOV Atom. Skipped it
07-05 21:12:18.491 30889 31547 W NearbyFragment: Sending 20200312_194129!000.mp4 to Nexus 5X [34d8]
07-05 21:12:19.715 30889 30889 W NearbyFragment: Sending 20200312_194129!001.mp4 to Nexus 5X [34d8]
07-05 21:12:21.220 30889 30889 W NearbyFragment: Sending 20200312_194129!002.mp4 to Nexus 5X [34d8]
07-05 21:12:28.599 30889 30889 W NearbyFragment: Sending 20200312_194129!003.mp4 to Nexus 5X [34d8]
07-05 21:12:34.601 30889 30889 W NearbyFragment: Completed downloading 20200312_193828!000.mp4 from Endpoint{id=w2Lc, name=Nexus 5 [1825]} in 05.065s
07-05 21:12:34.779 30889 30889 W FfmpegTools: Single segment returned, duration of 20200312_193828: 14.28
07-05 21:12:45.871 30889 31547 W DashDownloadManager: Successfully downloaded 20200312_194229.mp4 in 26.250s
07-05 21:12:45.880 30889 31566 W mobile-ffmpeg: [mov,mp4,m4a,3gp,3g2,mj2 @ 0x78e66f7800] Found duplicated MOOV Atom. Skipped it
07-05 21:12:45.979 30889 31566 W mobile-ffmpeg: [mov,mp4,m4a,3gp,3g2,mj2 @ 0x78e66f7800] Found duplicated MOOV Atom. Skipped it
07-05 21:12:46.890 30889 31547 W NearbyFragment: Sending 20200312_194229!000.mp4 to Nexus 5 [1825]
07-05 21:12:51.777 30889 30889 W NearbyFragment: Sending 20200312_194229!001.mp4 to Nexus 5X [34d8]
07-05 21:12:58.900 30889 30889 W NearbyFragment: Sending 20200312_194229!002.mp4 to Nexus 5X [34d8]
07-05 21:13:06.724 30889 30889 W NearbyFragment: Sending 20200312_194229!003.mp4 to Nexus 5X [34d8]
07-05 21:13:14.802 30889 31547 W DashDownloadManager: Successfully downloaded 20200312_194330.mp4 in 26.766s
07-05 21:13:14.813 30889 31566 W mobile-ffmpeg: [mov,mp4,m4a,3gp,3g2,mj2 @ 0x78e66f7800] Found duplicated MOOV Atom. Skipped it
07-05 21:13:14.890 30889 31566 W mobile-ffmpeg: [mov,mp4,m4a,3gp,3g2,mj2 @ 0x78e66f7800] Found duplicated MOOV Atom. Skipped it
07-05 21:13:15.493 30889 31547 W NearbyFragment: Sending 20200312_194330!000.mp4 to Nexus 5X [34d8]
07-05 21:13:19.072 30889 30889 W NearbyFragment: Sending 20200312_194330!001.mp4 to Nexus 5X [34d8]
07-05 21:13:21.217 30889 30889 W NearbyFragment: Completed downloading 20200312_194129!001.mp4 from Endpoint{id=Qd2N, name=Nexus 5X [34d8]} in 02.148s
07-05 21:13:21.290 30889 30889 W NearbyFragment: Sending 20200312_194330!002.mp4 to Nexus 5X [34d8]
07-05 21:13:23.004 30889 30889 W NearbyFragment: Sending 20200312_194330!003.mp4 to Nexus 5 [1825]
07-05 21:13:27.027 30889 30889 W NearbyFragment: Completed downloading 20200312_194229!000.mp4 from Endpoint{id=w2Lc, name=Nexus 5 [1825]} in 04.026s
07-05 21:13:42.694 30889 31547 W DashDownloadManager: Successfully downloaded 20200312_194730.mp4 in 26.092s
07-05 21:13:42.707 30889 31566 W mobile-ffmpeg: [mov,mp4,m4a,3gp,3g2,mj2 @ 0x78e66f7800] Found duplicated MOOV Atom. Skipped it
07-05 21:13:42.777 30889 31566 W mobile-ffmpeg: [mov,mp4,m4a,3gp,3g2,mj2 @ 0x78e66f7800] Found duplicated MOOV Atom. Skipped it
07-05 21:13:43.464 30889 31547 W NearbyFragment: Sending 20200312_194730!000.mp4 to Nexus 5X [34d8]
07-05 21:13:43.671 30889 30889 W NearbyFragment: Sending 20200312_194730!001.mp4 to Nexus 5 [1825]
07-05 21:13:50.213 30889 30889 W NearbyFragment: Sending 20200312_194730!002.mp4 to Nexus 5X [34d8]
07-05 21:13:56.723 30889 30889 W NearbyFragment: Sending 20200312_194730!003.mp4 to Nexus 5X [34d8]
07-05 21:14:10.183 30889 30889 W NearbyFragment: Completed downloading 20200312_194129!002.mp4 from Endpoint{id=Qd2N, name=Nexus 5X [34d8]} in 00.538s
07-05 21:14:11.336 30889 31547 W DashDownloadManager: Successfully downloaded 20200312_194830.mp4 in 26.752s
07-05 21:14:11.349 30889 31566 W mobile-ffmpeg: [mov,mp4,m4a,3gp,3g2,mj2 @ 0x78e66f7800] Found duplicated MOOV Atom. Skipped it
07-05 21:14:11.459 30889 31566 W mobile-ffmpeg: [mov,mp4,m4a,3gp,3g2,mj2 @ 0x78e66f7800] Found duplicated MOOV Atom. Skipped it
07-05 21:14:12.323 30889 31547 W NearbyFragment: Sending 20200312_194830!000.mp4 to Nexus 5 [1825]
07-05 21:14:17.251 30889 30898 W System  : A resource failed to call close. 
07-05 21:14:17.287 30889 30898 W System  : A resource failed to call close. 
07-05 21:14:17.287 30889 30898 W System  : A resource failed to call close. 
07-05 21:14:17.292 30889 30898 W System  : A resource failed to call close. 
07-05 21:14:17.295 30889 30898 W System  : A resource failed to call close. 
07-05 21:14:17.298 30889 30898 W System  : A resource failed to call close. 
07-05 21:14:17.304 30889 30898 W System  : A resource failed to call close. 
07-05 21:14:17.362 30889 30898 W System  : A resource failed to call close. 
07-05 21:14:17.367 30889 30898 W System  : A resource failed to call close. 
07-05 21:14:17.376 30889 30898 W System  : A resource failed to call close. 
07-05 21:14:17.408 30889 30898 W System  : A resource failed to call close. 
07-05 21:14:17.676 30889 30889 W NearbyFragment: Sending 20200312_194830!001.mp4 to Nexus 5X [34d8]
07-05 21:14:21.841 30889 30889 W NearbyFragment: Sending 20200312_194830!002.mp4 to Nexus 5X [34d8]
07-05 21:14:22.208 30889 30889 W NearbyFragment: Completed downloading 20200312_194129!003.mp4 from Endpoint{id=Qd2N, name=Nexus 5X [34d8]} in 00.370s
07-05 21:14:22.424 30889 30889 W FfmpegTools: Merged duration of 20200312_194129: 11.04
07-05 21:14:24.667 30889 30889 W NearbyFragment: Sending 20200312_194830!003.mp4 to Nexus 5X [34d8]
07-05 21:14:39.590 30889 31547 W DashDownloadManager: Successfully downloaded 20200312_194930.mp4 in 26.125s
07-05 21:14:39.603 30889 31566 W mobile-ffmpeg: [mov,mp4,m4a,3gp,3g2,mj2 @ 0x78e66f7800] Found duplicated MOOV Atom. Skipped it
07-05 21:14:39.707 30889 31566 W mobile-ffmpeg: [mov,mp4,m4a,3gp,3g2,mj2 @ 0x78e66f7800] Found duplicated MOOV Atom. Skipped it
07-05 21:14:42.023 30889 31547 W NearbyFragment: Sending 20200312_194930!000.mp4 to Nexus 5X [34d8]
07-05 21:14:42.462 30889 30889 W NearbyFragment: Sending 20200312_194930!001.mp4 to Nexus 5 [1825]
07-05 21:14:42.684 30889 30889 W NearbyFragment: Completed downloading 20200312_194830!000.mp4 from Endpoint{id=w2Lc, name=Nexus 5 [1825]} in 00.225s
07-05 21:14:47.712 30889 30889 W NearbyFragment: Sending 20200312_194930!002.mp4 to Nexus 5X [34d8]
07-05 21:14:53.356 30889 30889 W NearbyFragment: Sending 20200312_194930!003.mp4 to Nexus 5X [34d8]
07-05 21:15:08.385 30889 31547 W DashDownloadManager: Successfully downloaded 20200312_195230.mp4 in 25.248s
07-05 21:15:08.398 30889 31566 W mobile-ffmpeg: [mov,mp4,m4a,3gp,3g2,mj2 @ 0x78e66f7800] Found duplicated MOOV Atom. Skipped it
07-05 21:15:08.480 30889 31566 W mobile-ffmpeg: [mov,mp4,m4a,3gp,3g2,mj2 @ 0x78e66f7800] Found duplicated MOOV Atom. Skipped it
07-05 21:15:09.408 30889 31547 W NearbyFragment: Sending 20200312_195230!000.mp4 to Nexus 5X [34d8]
07-05 21:15:13.217 30889 30889 W NearbyFragment: Sending 20200312_195230!001.mp4 to Nexus 5X [34d8]
07-05 21:15:13.293 30889 30889 W NearbyFragment: Sending 20200312_195230!002.mp4 to Nexus 5 [1825]
07-05 21:15:13.712 30889 30889 W NearbyFragment: Completed downloading 20200312_194930!001.mp4 from Endpoint{id=w2Lc, name=Nexus 5 [1825]} in 00.420s
07-05 21:15:20.164 30889 30889 W NearbyFragment: Sending 20200312_195230!003.mp4 to Nexus 5X [34d8]
07-05 21:15:25.025 30889 30889 W NearbyFragment: Completed downloading 20200312_194229!001.mp4 from Endpoint{id=Qd2N, name=Nexus 5X [34d8]} in 02.965s
07-05 21:15:38.366 30889 30889 W FfmpegTools: Merged duration of 20200312_194229: 14.35
07-05 21:15:38.433 30889 31547 W DashDownloadManager: Successfully downloaded 20200312_195330.mp4 in 27.908s
07-05 21:15:38.442 30889 31566 W mobile-ffmpeg: [mov,mp4,m4a,3gp,3g2,mj2 @ 0x78e66f7800] Found duplicated MOOV Atom. Skipped it
07-05 21:15:38.522 30889 31566 W mobile-ffmpeg: [mov,mp4,m4a,3gp,3g2,mj2 @ 0x78e66f7800] Found duplicated MOOV Atom. Skipped it
07-05 21:15:39.862 30889 31547 W NearbyFragment: Sending 20200312_195330!000.mp4 to Nexus 5 [1825]
07-05 21:15:44.653 30889 30889 W NearbyFragment: Sending 20200312_195330!001.mp4 to Nexus 5X [34d8]
07-05 21:15:46.818 30889 30889 W NearbyFragment: Sending 20200312_195330!002.mp4 to Nexus 5X [34d8]
07-05 21:15:51.591 30889 30889 W NearbyFragment: Sending 20200312_195330!003.mp4 to Nexus 5X [34d8]
07-05 21:16:01.722 30889 30889 W NearbyFragment: Completed downloading 20200312_195330!000.mp4 from Endpoint{id=w2Lc, name=Nexus 5 [1825]} in 00.372s
07-05 21:16:06.831 30889 31547 W DashDownloadManager: Successfully downloaded 20200312_195430.mp4 in 25.840s
07-05 21:16:06.844 30889 31566 W mobile-ffmpeg: [mov,mp4,m4a,3gp,3g2,mj2 @ 0x78e66f7800] Found duplicated MOOV Atom. Skipped it
07-05 21:16:06.947 30889 31566 W mobile-ffmpeg: [mov,mp4,m4a,3gp,3g2,mj2 @ 0x78e66f7800] Found duplicated MOOV Atom. Skipped it
07-05 21:16:08.142 30889 31547 W NearbyFragment: Sending 20200312_195430!000.mp4 to Nexus 5 [1825]
07-05 21:16:09.150 30889 31547 W NearbyFragment: Stopped downloading from dashcam
07-05 21:16:12.071 30889 30889 W NearbyFragment: Sending 20200312_195430!001.mp4 to Nexus 5X [34d8]
07-05 21:16:15.887 30889 30889 W NearbyFragment: Sending 20200312_195430!002.mp4 to Nexus 5X [34d8]
07-05 21:16:18.617 30889 30889 W NearbyFragment: Sending 20200312_195430!003.mp4 to Nexus 5X [34d8]
07-05 21:16:40.755 30889 30889 W NearbyFragment: Completed downloading 20200312_195430!000.mp4 from Endpoint{id=w2Lc, name=Nexus 5 [1825]} in 00.180s
07-05 21:17:27.457 30889 30889 W NearbyFragment: Completed downloading 20200312_194830!001.mp4 from Endpoint{id=Qd2N, name=Nexus 5X [34d8]} in 00.653s
07-05 21:18:19.480 30889 30889 W NearbyFragment: Completed downloading 20200312_194830!002.mp4 from Endpoint{id=Qd2N, name=Nexus 5X [34d8]} in 00.242s
07-05 21:18:22.703 30889 30889 W FfmpegTools: Merged duration of 20200312_194830: 20.90
07-05 21:19:03.240 30889 30889 W NearbyFragment: Completed downloading 20200312_194930!000.mp4 from Endpoint{id=Qd2N, name=Nexus 5X [34d8]} in 00.271s
07-05 21:20:05.589 30889 30889 W NearbyFragment: Completed downloading 20200312_194930!003.mp4 from Endpoint{id=Qd2N, name=Nexus 5X [34d8]} in 00.621s
07-05 21:20:05.937 30889 30889 W FfmpegTools: Merged duration of 20200312_194930: 22.33
07-05 21:21:02.582 30889 30889 W NearbyFragment: Completed downloading 20200312_195230!001.mp4 from Endpoint{id=Qd2N, name=Nexus 5X [34d8]} in 00.704s
07-05 21:21:07.000 30889 30889 W FfmpegTools: Single segment returned, duration of 20200312_195230: 6.97
07-05 21:21:59.175 30889 30889 W NearbyFragment: Completed downloading 20200312_195330!001.mp4 from Endpoint{id=Qd2N, name=Nexus 5X [34d8]} in 00.210s
07-05 21:22:39.152 30889 30889 W NearbyFragment: Completed downloading 20200312_195330!002.mp4 from Endpoint{id=Qd2N, name=Nexus 5X [34d8]} in 00.247s
07-05 21:22:58.587 30889 30889 W NearbyFragment: Completed downloading 20200312_195330!003.mp4 from Endpoint{id=Qd2N, name=Nexus 5X [34d8]} in 00.086s
07-05 21:22:58.866 30889 30889 W FfmpegTools: Merged duration of 20200312_195330: 24.63
07-05 21:23:29.561 30889 30889 W NearbyFragment: Completed downloading 20200312_195430!001.mp4 from Endpoint{id=Qd2N, name=Nexus 5X [34d8]} in 00.388s
07-05 21:24:04.227 30889 30889 W NearbyFragment: Completed downloading 20200312_195430!002.mp4 from Endpoint{id=Qd2N, name=Nexus 5X [34d8]} in 00.146s
07-05 21:24:31.093 30889 30889 W NearbyFragment: Completed downloading 20200312_195430!003.mp4 from Endpoint{id=Qd2N, name=Nexus 5X [34d8]} in 00.103s
07-05 21:24:31.340 30889 30889 W FfmpegTools: Merged duration of 20200312_195430: 21.94
