--------- beginning of main
07-04 21:56:28.441 18835 18835 E Zygote  : isWhitelistProcess - Process is Whitelisted
07-04 21:56:28.442 18835 18835 E Zygote  : accessInfo : 1
07-04 21:56:28.447 18835 18835 I example.edgesu: Late-enabling -Xcheck:jni
07-04 21:56:29.017 18835 18851 D vndksupport: Loading /vendor/lib64/egl/libGLES_mali.so from current namespace instead of sphal namespace.
07-04 21:56:29.064 18835 18851 D libEGL  : loaded /vendor/lib64/egl/libGLES_mali.so
07-04 21:56:29.078 18835 18835 W example.edgesu: Accessing hidden method Landroid/graphics/drawable/Drawable;->getOpticalInsets()Landroid/graphics/Insets; (light greylist, linking)
07-04 21:56:29.078 18835 18835 W example.edgesu: Accessing hidden field Landroid/graphics/Insets;->left:I (light greylist, linking)
07-04 21:56:29.078 18835 18835 W example.edgesu: Accessing hidden field Landroid/graphics/Insets;->right:I (light greylist, linking)
07-04 21:56:29.078 18835 18835 W example.edgesu: Accessing hidden field Landroid/graphics/Insets;->top:I (light greylist, linking)
07-04 21:56:29.078 18835 18835 W example.edgesu: Accessing hidden field Landroid/graphics/Insets;->bottom:I (light greylist, linking)
07-04 21:56:29.099 18835 18835 I DecorView: createDecorCaptionView >> DecorView@75beae1[], isFloating: false, isApplication: true, hasWindowDecorCaption: false, hasWindowControllerCallback: true
07-04 21:56:29.127 18835 18835 W example.edgesu: Accessing hidden method Landroid/view/View;->computeFitSystemWindows(Landroid/graphics/Rect;Landroid/graphics/Rect;)Z (light greylist, reflection)
07-04 21:56:29.128 18835 18835 W example.edgesu: Accessing hidden method Landroid/view/ViewGroup;->makeOptionalFitsSystemWindows()V (light greylist, reflection)
07-04 21:56:29.237 18835 18835 W example.edgesu: Accessing hidden method Landroid/widget/TextView;->getTextDirectionHeuristic()Landroid/text/TextDirectionHeuristic; (light greylist, linking)
07-04 21:56:29.246 18835 18835 W example.edgesu: Accessing hidden field Landroid/view/View;->mAccessibilityDelegate:Landroid/view/View$AccessibilityDelegate; (light greylist, reflection)
07-04 21:56:29.310 18835 18835 V Repo    : /storage/emulated/0/Movies/raw
07-04 21:56:29.310 18835 18835 V Repo    : /storage/emulated/0/Movies/summarised
07-04 21:56:29.331 18835 18835 V FileManager: External storage is readable
07-04 21:56:29.334 18835 18835 V FileManager: Created new directory: /storage/emulated/0/Movies/raw
07-04 21:56:29.335 18835 18835 V FileManager: External storage is readable
07-04 21:56:29.336 18835 18835 V FileManager: Created new directory: /storage/emulated/0/Movies/summarised
07-04 21:56:29.337 18835 18835 V FileManager: External storage is readable
07-04 21:56:29.338 18835 18835 V FileManager: Created new directory: /storage/emulated/0/Download/nearby
07-04 21:56:29.339 18835 18835 V FileManager: External storage is readable
07-04 21:56:29.339 18835 18835 V FileManager: Created new directory: /storage/emulated/0/Movies/segment
07-04 21:56:29.340 18835 18835 V FileManager: External storage is readable
07-04 21:56:29.341 18835 18835 V FileManager: Created new directory: /storage/emulated/0/Movies/segment-sum
07-04 21:56:29.485 18835 18835 V VideoManager: getAllVideoFromExternalStorageFolder
07-04 21:56:29.487 18835 18835 D VideoManager: /storage/emulated/0/Movies/summarised
07-04 21:56:29.508 18835 18835 D VideoManager: 0 videos return
07-04 21:56:29.540 18835 18835 V VideoManager: getAllVideoFromExternalStorageFolder
07-04 21:56:29.542 18835 18835 D VideoManager: /storage/emulated/0/Movies/raw
07-04 21:56:29.546 18835 18835 D VideoManager: 0 videos return
07-04 21:56:29.578 18835 18835 D OpenGLRenderer: Skia GL Pipeline
07-04 21:56:29.581 18835 18835 D EmergencyMode: [EmergencyManager] android createPackageContext successful
07-04 21:56:29.599 18835 18835 D InputTransport: Input channel constructed: fd=61
07-04 21:56:29.600 18835 18835 D ViewRootImpl@dda47dc[MainActivity]: setView = DecorView@75beae1[MainActivity] TM=true MM=false
07-04 21:56:29.604 18835 18835 I TransferService: Starting Transfer Service to listen for network connectivity changes.
07-04 21:56:29.605 18835 18835 W LogFactory: Truncating log tag length as it exceed 23, the limit imposed by Android on certain API Levels
07-04 21:56:29.633 18835 18835 I TransferService: Registering the network receiver
07-04 21:56:29.638 18835 18835 E TransferService: No notification is passed in the intent. Unable to transition to foreground.
07-04 21:56:29.666 18835 18835 D ViewRootImpl@dda47dc[MainActivity]: dispatchAttachedToWindow
07-04 21:56:29.690 18835 18835 W StaticLayout: maxLineHeight should not be -1.  maxLines:1 lineCount:1
07-04 21:56:29.700 18835 18835 W StaticLayout: maxLineHeight should not be -1.  maxLines:1 lineCount:1
07-04 21:56:29.704 18835 18835 W StaticLayout: maxLineHeight should not be -1.  maxLines:1 lineCount:1
07-04 21:56:29.708 18835 18835 W StaticLayout: maxLineHeight should not be -1.  maxLines:1 lineCount:1
07-04 21:56:29.719 18835 18835 D ViewRootImpl@dda47dc[MainActivity]: Relayout returned: old=[0,0][720,1480] new=[0,0][720,1480] result=0x7 surface={valid=true 525890199552} changed=true
07-04 21:56:29.725 18835 18835 W StaticLayout: maxLineHeight should not be -1.  maxLines:1 lineCount:1
07-04 21:56:29.728 18835 18856 I ConfigStore: android::hardware::configstore::V1_0::ISurfaceFlingerConfigs::hasWideColorDisplay retrieved: 0
07-04 21:56:29.729 18835 18856 I ConfigStore: android::hardware::configstore::V1_0::ISurfaceFlingerConfigs::hasHDRDisplay retrieved: 0
07-04 21:56:29.729 18835 18856 I OpenGLRenderer: Initialized EGL, version 1.4
07-04 21:56:29.729 18835 18835 W StaticLayout: maxLineHeight should not be -1.  maxLines:1 lineCount:1
07-04 21:56:29.729 18835 18856 D OpenGLRenderer: Swap behavior 2
07-04 21:56:29.742 18835 18856 D mali_winsys: EGLint new_window_surface(egl_winsys_display *, void *, EGLSurface, EGLConfig, egl_winsys_surface **, EGLBoolean) returns 0x3000
07-04 21:56:29.742 18835 18856 D OpenGLRenderer: eglCreateWindowSurface = 0x7a6af0b680, 0x7a717fa010
07-04 21:56:29.835 18835 18856 D vndksupport: Loading /vendor/lib64/hw/android.hardware.graphics.mapper@2.0-impl.so from current namespace instead of sphal namespace.
07-04 21:56:29.869 18835 18835 D ViewRootImpl@dda47dc[MainActivity]: MSG_RESIZED: frame=Rect(0, 0 - 720, 1480) ci=Rect(0, 48 - 0, 96) vi=Rect(0, 48 - 0, 96) or=1
07-04 21:56:29.897 18835 18835 D ViewRootImpl@dda47dc[MainActivity]: setWindowStopped(false) old=false
07-04 21:56:29.906 18835 18847 D MainActivity: Scanned /storage/emulated/0/Movies/raw
07-04 21:56:29.906 18835 18847 D MainActivity:   -> uri=content://media/external/file/137796
07-04 21:56:29.911 18835 18835 D ViewRootImpl@dda47dc[MainActivity]: MSG_WINDOW_FOCUS_CHANGED 1 1
07-04 21:56:29.912 18835 18835 D InputMethodManager: prepareNavigationBarInfo() DecorView@75beae1[MainActivity]
07-04 21:56:29.912 18835 18835 D InputMethodManager: getNavigationBarColor() -855310
07-04 21:56:29.918 18835 18835 D InputMethodManager: prepareNavigationBarInfo() DecorView@75beae1[MainActivity]
07-04 21:56:29.919 18835 18835 D InputMethodManager: getNavigationBarColor() -855310
07-04 21:56:29.919 18835 18835 V InputMethodManager: Starting input: tba=com.example.edgesum ic=null mNaviBarColor -855310 mIsGetNaviBarColorSuccess true , NavVisible : true , NavTrans : false
07-04 21:56:29.919 18835 18835 D InputMethodManager: startInputInner - Id : 0
07-04 21:56:29.919 18835 18835 I InputMethodManager: startInputInner - mService.startInputOrWindowGainedFocus
07-04 21:56:29.930 18835 18853 D InputTransport: Input channel constructed: fd=74
07-04 21:56:29.952 18835 18853 D MainActivity: Scanned /storage/emulated/0/Movies/summarised
07-04 21:56:29.952 18835 18853 D MainActivity:   -> uri=content://media/external/file/137797
07-04 21:56:29.957 18835 18835 D InputMethodManager: prepareNavigationBarInfo() DecorView@75beae1[MainActivity]
07-04 21:56:29.957 18835 18835 D InputMethodManager: getNavigationBarColor() -855310
07-04 21:56:29.957 18835 18835 V InputMethodManager: Starting input: tba=com.example.edgesum ic=null mNaviBarColor -855310 mIsGetNaviBarColorSuccess true , NavVisible : true , NavTrans : false
07-04 21:56:29.957 18835 18835 D InputMethodManager: startInputInner - Id : 0
07-04 21:56:37.199 18835 18835 D ViewRootImpl@dda47dc[MainActivity]: ViewPostIme pointer 0
07-04 21:56:37.263 18835 18835 D ViewRootImpl@dda47dc[MainActivity]: ViewPostIme pointer 1
07-04 21:56:37.279 18835 18835 V MainActivity: Connect button clicked
07-04 21:56:38.730 18835 18835 D ViewRootImpl@dda47dc[MainActivity]: ViewPostIme pointer 0
07-04 21:56:38.806 18835 18835 D ViewRootImpl@dda47dc[MainActivity]: ViewPostIme pointer 1
07-04 21:56:38.813 18835 18835 V ConnectionFragment: Discovery switch checked
07-04 21:56:40.346 18835 18835 D NearbyFragment: Started discovering
07-04 21:56:43.830 18835 18835 D NearbyFragment: Found endpoint hgvm: Nexus 5X [34d8]
07-04 21:56:43.877 18835 18835 W example.edgesu: Accessing hidden method Landroid/graphics/FontFamily;-><init>()V (light greylist, reflection)
07-04 21:56:43.878 18835 18835 W example.edgesu: Accessing hidden method Landroid/graphics/FontFamily;->addFontFromAssetManager(Landroid/content/res/AssetManager;Ljava/lang/String;IZIII[Landroid/graphics/fonts/FontVariationAxis;)Z (light greylist, reflection)
07-04 21:56:43.878 18835 18835 W example.edgesu: Accessing hidden method Landroid/graphics/FontFamily;->addFontFromBuffer(Ljava/nio/ByteBuffer;I[Landroid/graphics/fonts/FontVariationAxis;II)Z (light greylist, reflection)
07-04 21:56:43.878 18835 18835 W example.edgesu: Accessing hidden method Landroid/graphics/FontFamily;->freeze()Z (light greylist, reflection)
07-04 21:56:43.879 18835 18835 W example.edgesu: Accessing hidden method Landroid/graphics/FontFamily;->abortCreation()V (light greylist, reflection)
07-04 21:56:43.879 18835 18835 W example.edgesu: Accessing hidden method Landroid/graphics/Typeface;->createFromFamiliesWithDefault([Landroid/graphics/FontFamily;Ljava/lang/String;II)Landroid/graphics/Typeface; (light greylist, reflection)
07-04 21:56:45.228 18835 18835 D ViewRootImpl@dda47dc[MainActivity]: ViewPostIme pointer 0
07-04 21:56:45.305 18835 18835 D ViewRootImpl@dda47dc[MainActivity]: ViewPostIme pointer 1
07-04 21:56:45.356 18835 18835 D NearbyFragment: Selected 'Endpoint{id=hgvm, name=Nexus 5X [34d8]}'
07-04 21:56:45.377 18835 18835 D InputTransport: Input channel constructed: fd=78
07-04 21:56:45.378 18835 18835 D ViewRootImpl@da31db5[Toast]: setView = android.widget.LinearLayout{7efc4a V.E...... ......I. 0,0-0,0} TM=true MM=false
07-04 21:56:45.379 18835 18835 V Toast   : Text: Donn in android.widget.Toast$TN@22c27bb
07-04 21:56:45.381 18835 18835 D ViewRootImpl@da31db5[Toast]: dispatchAttachedToWindow
07-04 21:56:45.401 18835 18835 D ViewRootImpl@da31db5[Toast]: Relayout returned: old=[0,48][720,1384] new=[118,1168][602,1256] result=0x7 surface={valid=true 525477609472} changed=true
07-04 21:56:45.405 18835 18856 D mali_winsys: EGLint new_window_surface(egl_winsys_display *, void *, EGLSurface, EGLConfig, egl_winsys_surface **, EGLBoolean) returns 0x3000
07-04 21:56:45.405 18835 18856 D OpenGLRenderer: eglCreateWindowSurface = 0x7a58e26500, 0x7a58e80010
07-04 21:56:45.409 18835 18835 D ViewRootImpl@da31db5[Toast]: MSG_RESIZED: frame=Rect(118, 1168 - 602, 1256) ci=Rect(0, 0 - 0, 0) vi=Rect(0, 0 - 0, 0) or=1
07-04 21:56:48.864 18835 18856 W libEGL  : EGLNativeWindowType 0x7a58e80010 disconnect failed
07-04 21:56:48.864 18835 18856 D OpenGLRenderer: eglDestroySurface = 0x7a58e26500, 0x7a58e80000
07-04 21:56:48.865 18835 18835 D ViewRootImpl@da31db5[Toast]: dispatchDetachedFromWindow
07-04 21:56:48.869 18835 18835 D ViewRootImpl@da31db5[Toast]: Surface release. android.view.ViewRootImpl.doDie:7979 android.view.ViewRootImpl.die:7947 android.view.WindowManagerGlobal.removeViewLocked:497 android.view.WindowManagerGlobal.removeView:435 android.view.WindowManagerImpl.removeViewImmediate:124 android.widget.Toast$TN.handleHide:1110 android.widget.Toast$TN$1.handleMessage:898 android.os.Handler.dispatchMessage:106 
07-04 21:56:48.889 18835 18835 D InputTransport: Input channel destroyed: fd=78
07-04 21:56:51.051 18835 18835 D NearbyFragment: Initiated connection with hgvm: Nexus 5X [34d8]
07-04 21:56:51.068 18835 18835 D Dialog  : mIsSamsungBasicInteraction = false
07-04 21:56:51.068 18835 18835 D Dialog  : mIsSamsungBasicInteraction = false, isMetaDataInActivity = false
07-04 21:56:51.114 18835 18835 I DecorView: createDecorCaptionView >> DecorView@cd9d333[], isFloating: true, isApplication: true, hasWindowDecorCaption: false, hasWindowControllerCallback: false
07-04 21:56:51.213 18835 18835 D ScrollView: initGoToTop
07-04 21:56:51.283 18835 18835 D InputTransport: Input channel constructed: fd=78
07-04 21:56:51.286 18835 18835 D ViewRootImpl@6765a7f[MainActivity]: setView = DecorView@cd9d333[MainActivity] TM=true MM=false
07-04 21:56:51.288 18835 18835 D NearbyFragment: Requested connection with Endpoint{id=hgvm, name=Nexus 5X [34d8]}
07-04 21:56:51.304 18835 18835 D ViewRootImpl@6765a7f[MainActivity]: dispatchAttachedToWindow
07-04 21:56:51.376 18835 18835 D ViewRootImpl@6765a7f[MainActivity]: Relayout returned: old=[0,48][720,1384] new=[18,508][702,923] result=0x7 surface={valid=true 525477609472} changed=true
07-04 21:56:51.390 18835 18856 D mali_winsys: EGLint new_window_surface(egl_winsys_display *, void *, EGLSurface, EGLConfig, egl_winsys_surface **, EGLBoolean) returns 0x3000
07-04 21:56:51.390 18835 18856 D OpenGLRenderer: eglCreateWindowSurface = 0x7a58e6e500, 0x7a58e80010
07-04 21:56:51.412 18835 18835 D ScrollView:  onsize change changed 
07-04 21:56:51.419 18835 18835 D ViewRootImpl@6765a7f[MainActivity]: MSG_WINDOW_FOCUS_CHANGED 1 1
07-04 21:56:51.464 18835 18835 D ViewRootImpl@6765a7f[MainActivity]: MSG_RESIZED: frame=Rect(18, 508 - 702, 923) ci=Rect(0, 0 - 0, 0) vi=Rect(0, 0 - 0, 0) or=1
07-04 21:56:51.529 18835 18835 D ViewRootImpl@dda47dc[MainActivity]: MSG_WINDOW_FOCUS_CHANGED 0 1
07-04 21:56:51.530 18835 18835 D InputMethodManager: prepareNavigationBarInfo() DecorView@75beae1[MainActivity]
07-04 21:56:51.530 18835 18835 D InputMethodManager: getNavigationBarColor() -855310
07-04 21:56:53.006 18835 18835 D ViewRootImpl@6765a7f[MainActivity]: ViewPostIme pointer 0
07-04 21:56:53.088 18835 18835 D ViewRootImpl@6765a7f[MainActivity]: ViewPostIme pointer 1
07-04 21:56:53.126 18835 18856 W libEGL  : EGLNativeWindowType 0x7a58e80010 disconnect failed
07-04 21:56:53.126 18835 18856 D OpenGLRenderer: eglDestroySurface = 0x7a58e6e500, 0x7a58e80000
07-04 21:56:53.126 18835 18856 D OpenGLRenderer: endAllActiveAnimators on 0x7a58ef3500 (RippleDrawable) with handle 0x7a549fc260
07-04 21:56:53.126 18835 18835 D ViewRootImpl@6765a7f[MainActivity]: dispatchDetachedFromWindow
07-04 21:56:53.127 18835 18835 D ViewRootImpl@6765a7f[MainActivity]: Surface release. android.view.ViewRootImpl.doDie:7979 android.view.ViewRootImpl.die:7947 android.view.WindowManagerGlobal.removeViewLocked:497 android.view.WindowManagerGlobal.removeView:435 android.view.WindowManagerImpl.removeViewImmediate:124 android.app.Dialog.dismissDialog:518 android.app.Dialog.dismiss:501 androidx.appcompat.app.AlertController$ButtonHandler.handleMessage:171 
07-04 21:56:53.140 18835 18835 D InputTransport: Input channel destroyed: fd=78
07-04 21:56:53.143 18835 18835 I NearbyFragment: Connected to Endpoint{id=hgvm, name=Nexus 5X [34d8]}
07-04 21:56:53.212 18835 18835 D ViewRootImpl@dda47dc[MainActivity]: MSG_WINDOW_FOCUS_CHANGED 1 1
07-04 21:56:53.216 18835 18835 D InputMethodManager: prepareNavigationBarInfo() DecorView@75beae1[MainActivity]
07-04 21:56:53.216 18835 18835 D InputMethodManager: getNavigationBarColor() -855310
07-04 21:56:53.225 18835 18835 E ViewRootImpl: sendUserActionEvent() returned.
07-04 21:56:56.080 18835 18835 D ViewRootImpl@dda47dc[MainActivity]: ViewPostIme pointer 0
07-04 21:56:56.172 18835 18835 D ViewRootImpl@dda47dc[MainActivity]: ViewPostIme pointer 1
07-04 21:56:56.178 18835 18835 V ConnectionFragment: Discovery switch unchecked
07-04 21:56:56.178 18835 18835 D NearbyFragment: Stopped discovering
07-04 21:56:57.733 18835 18835 I TransferNetworkLossHand: Network connectivity changed detected.
07-04 21:56:57.746 18835 18835 I TransferNetworkLossHand: Network connected: true
07-04 21:56:57.754 18835 19789 D TransferNetworkLossHand: Loading transfers from database...
07-04 21:56:57.764 18835 19789 D TransferNetworkLossHand: Closing the cursor for resumeAllTransfers
07-04 21:56:57.764 18835 19789 D TransferNetworkLossHand: 0 transfers are loaded from database.
07-04 21:58:01.487 18835 18835 D NearbyFragment: onPayloadReceived(endpointId=hgvm, payload=com.google.android.gms.nearby.connection.Payload@c080775)
07-04 21:58:01.496 18835 18835 V NearbyFragment: Started downloading SUMMARISE:-6171819318037979246:20200312_150643.mp4:45.0_1.0_23_medium from Endpoint{id=hgvm, name=Nexus 5X [34d8]}
07-04 21:58:01.524 18835 18835 D NearbyFragment: onPayloadReceived(endpointId=hgvm, payload=com.google.android.gms.nearby.connection.Payload@24c5998)
07-04 21:58:01.528 18835 18835 V NearbyFragment: Transfer to Endpoint{id=hgvm, name=Nexus 5X [34d8]} complete
07-04 21:58:12.320 18835 18835 V NearbyFragment: Transfer to Endpoint{id=hgvm, name=Nexus 5X [34d8]} complete
07-04 21:58:12.348 18835 18835 W NearbyFragment: Completed downloading 20200312_150643.mp4 from Endpoint{id=hgvm, name=Nexus 5X [34d8]} in 10.815s
07-04 21:58:12.356 18835 18835 D NearbyFragment: Summarising 20200312_150643.mp4
07-04 21:58:12.357 18835 18835 V VideoManager: Retrieving video from /storage/emulated/0/Download/Nearby/20200312_150643.mp4
07-04 21:58:12.393 18835 18835 D VideoManager: videoCursor is null
07-04 21:58:12.553 18835 18835 V VideoManager: videoFromCursor
07-04 21:58:12.563 18835 18835 V ProcessingVideosEventHandler: onAdd
07-04 21:58:12.565 18835 18835 V RawFootageEventHandler: onRemove
07-04 21:58:12.580 18835 18835 V NearbyFragment: Transfer to Endpoint{id=hgvm, name=Nexus 5X [34d8]} complete
07-04 21:58:12.595 18835 20418 V SummariserIntentService: onHandleIntent
07-04 21:58:12.597 18835 20418 D SummariserIntentService: Video{id='137799', data='/storage/emulated/0/Download/Nearby/20200312_150643.mp4', name='20200312_150643.mp4', size=69990400, visible=true, mimeType='video/mp4'}
07-04 21:58:12.597 18835 20418 D SummariserIntentService: /storage/emulated/0/Movies/summarised/20200312_150643.mp4
07-04 21:58:12.611 18835 20418 I mobile-ffmpeg: Loading mobile-ffmpeg.
07-04 21:58:12.715 18835 20418 I mobile-ffmpeg: Loaded mobile-ffmpeg-full-gpl-arm64-v8a-4.3.2-20200415.
07-04 21:58:12.718 18835 20419 D mobile-ffmpeg: Callback thread started.
07-04 21:58:12.782 18835 20419 W mobile-ffmpeg: [mov,mp4,m4a,3gp,3g2,mj2 @ 0x7a59090c00] Found duplicated MOOV Atom. Skipped it
07-04 21:58:12.952 18835 20419 W mobile-ffmpeg: [graph 0 input from stream 0:0 @ 0x7a590ee8c0] sws_param option is deprecated and ignored
07-04 21:58:20.784 18835 20418 W Summariser: No activity detected
07-04 21:58:20.787 18835 20418 V FfmpegTools: Retrieving duration of /storage/emulated/0/Download/Nearby/20200312_150643.mp4
07-04 21:58:20.789 18835 20419 W mobile-ffmpeg: [mov,mp4,m4a,3gp,3g2,mj2 @ 0x7a59090c00] Found duplicated MOOV Atom. Skipped it
07-04 21:58:20.839 18835 20418 W Summariser: Summarisation completed
07-04 21:58:20.839 18835 20418 W Summariser:   filename: 20200312_150643.mp4
07-04 21:58:20.839 18835 20418 W Summariser:   active sections: 0
07-04 21:58:20.839 18835 20418 W Summariser:   time: 08.181s
07-04 21:58:20.839 18835 20418 W Summariser:   original duration: 60.02
07-04 21:58:20.839 18835 20418 W Summariser:   summarised duration: -1.00
07-04 21:58:20.839 18835 20418 W Summariser:   noise tolerance: 45.00
07-04 21:58:20.839 18835 20418 W Summariser:   quality: 23
07-04 21:58:20.839 18835 20418 W Summariser:   speed: medium
07-04 21:58:20.839 18835 20418 W Summariser:   freeze duration: 1.00
07-04 21:58:20.840 18835 20418 V ProcessingVideosEventHandler: onRemove
07-04 21:58:20.862 18835 18835 V NearbyFragment: Transfer to Endpoint{id=hgvm, name=Nexus 5X [34d8]} complete
07-04 21:58:20.938 18835 18847 D SummariserIntentService: Scanned /storage/emulated/0/Movies/summarised
07-04 21:58:20.938 18835 18847 D SummariserIntentService:   -> uri=content://media/external/file/137797
07-04 21:58:33.647 18835 18835 D NearbyFragment: onPayloadReceived(endpointId=hgvm, payload=com.google.android.gms.nearby.connection.Payload@45e6adc)
07-04 21:58:33.650 18835 18835 V NearbyFragment: Started downloading SUMMARISE:-4842952734131108274:20200312_150744.mp4:45.0_1.0_23_medium from Endpoint{id=hgvm, name=Nexus 5X [34d8]}
07-04 21:58:33.670 18835 18835 V NearbyFragment: Transfer to Endpoint{id=hgvm, name=Nexus 5X [34d8]} complete
07-04 21:58:33.686 18835 18835 D NearbyFragment: onPayloadReceived(endpointId=hgvm, payload=com.google.android.gms.nearby.connection.Payload@2eab7e5)
07-04 21:58:45.070 18835 18835 V NearbyFragment: Transfer to Endpoint{id=hgvm, name=Nexus 5X [34d8]} complete
07-04 21:58:45.072 18835 18835 W NearbyFragment: Completed downloading 20200312_150744.mp4 from Endpoint{id=hgvm, name=Nexus 5X [34d8]} in 11.419s
07-04 21:58:45.082 18835 18835 D NearbyFragment: Summarising 20200312_150744.mp4
07-04 21:58:45.083 18835 18835 V VideoManager: Retrieving video from /storage/emulated/0/Download/Nearby/20200312_150744.mp4
07-04 21:58:45.099 18835 18835 D VideoManager: videoCursor is null
07-04 21:58:45.172 18835 18835 V VideoManager: videoFromCursor
07-04 21:58:45.176 18835 18835 V ProcessingVideosEventHandler: onAdd
07-04 21:58:45.177 18835 18835 V RawFootageEventHandler: onRemove
07-04 21:58:45.187 18835 18835 V NearbyFragment: Transfer to Endpoint{id=hgvm, name=Nexus 5X [34d8]} complete
07-04 21:58:45.195 18835 20466 V SummariserIntentService: onHandleIntent
07-04 21:58:45.197 18835 20466 D SummariserIntentService: Video{id='137800', data='/storage/emulated/0/Download/Nearby/20200312_150744.mp4', name='20200312_150744.mp4', size=69990400, visible=true, mimeType='video/mp4'}
07-04 21:58:45.197 18835 20466 D SummariserIntentService: /storage/emulated/0/Movies/summarised/20200312_150744.mp4
07-04 21:58:45.209 18835 20419 W mobile-ffmpeg: [mov,mp4,m4a,3gp,3g2,mj2 @ 0x7a54deca00] Found duplicated MOOV Atom. Skipped it
07-04 21:58:45.342 18835 20419 W mobile-ffmpeg: [graph 0 input from stream 0:0 @ 0x7a68d021c0] sws_param option is deprecated and ignored
07-04 21:58:53.284 18835 20466 V FfmpegTools: Retrieving duration of /storage/emulated/0/Download/Nearby/20200312_150744.mp4
07-04 21:58:53.287 18835 20419 W mobile-ffmpeg: [mov,mp4,m4a,3gp,3g2,mj2 @ 0x7a54deca00] Found duplicated MOOV Atom. Skipped it
07-04 21:58:53.316 18835 20466 W Summariser: 1 active sections found
07-04 21:58:53.317 18835 20466 I FfmpegTools: Running ffmpeg with:
07-04 21:58:53.317 18835 20466 I FfmpegTools:   -y -i /storage/emulated/0/Download/Nearby/20200312_150744.mp4 -filter_complex [0:v]trim=55.250000:60.020000,setpts=PTS-STARTPTS[v0];[0:a]atrim=55.250000:60.020000,asetpts=PTS-STARTPTS[a0];[v0][a0]concat=n=1:v=1:a=1[outv][outa] -map [outv] -map [outa] -crf 23 -preset medium /storage/emulated/0/Movies/summarised/20200312_150744.mp4
07-04 21:58:53.321 18835 20419 W mobile-ffmpeg: [mov,mp4,m4a,3gp,3g2,mj2 @ 0x7a54deca00] Found duplicated MOOV Atom. Skipped it
07-04 21:58:53.368 18835 20419 W mobile-ffmpeg: [graph 0 input from stream 0:0 @ 0x7a68d01c80] sws_param option is deprecated and ignored
07-04 21:59:05.037 18835 20466 V FfmpegTools: Retrieving duration of /storage/emulated/0/Download/Nearby/20200312_150744.mp4
07-04 21:59:05.039 18835 20419 W mobile-ffmpeg: [mov,mp4,m4a,3gp,3g2,mj2 @ 0x7a54deca00] Found duplicated MOOV Atom. Skipped it
07-04 21:59:05.067 18835 20466 V FfmpegTools: Retrieving duration of /storage/emulated/0/Movies/summarised/20200312_150744.mp4
07-04 21:59:05.090 18835 20466 W Summariser: Summarisation completed
07-04 21:59:05.090 18835 20466 W Summariser:   filename: 20200312_150744.mp4
07-04 21:59:05.090 18835 20466 W Summariser:   active sections: 1
07-04 21:59:05.090 18835 20466 W Summariser:   time: 19.836s
07-04 21:59:05.090 18835 20466 W Summariser:   original duration: 60.02
07-04 21:59:05.090 18835 20466 W Summariser:   summarised duration: 4.83
07-04 21:59:05.090 18835 20466 W Summariser:   noise tolerance: 45.00
07-04 21:59:05.090 18835 20466 W Summariser:   quality: 23
07-04 21:59:05.090 18835 20466 W Summariser:   speed: medium
07-04 21:59:05.090 18835 20466 W Summariser:   freeze duration: 1.00
07-04 21:59:05.090 18835 20466 V VideoManager: Retrieving video from /storage/emulated/0/Movies/summarised/20200312_150744.mp4
07-04 21:59:05.099 18835 20466 D VideoManager: videoCursor is null
07-04 21:59:05.139 18835 20466 V VideoManager: videoFromCursor
07-04 21:59:05.143 18835 20466 V SummarisedVideosEventHandler: onAdd
07-04 21:59:05.147 18835 20466 W NearbyFragment: Sending 20200312_150744.mp4 to Nexus 5X [34d8]
07-04 21:59:05.152 18835 20466 V ProcessingVideosEventHandler: onRemove
07-04 21:59:05.170 18835 18835 V NearbyFragment: Transfer to Endpoint{id=hgvm, name=Nexus 5X [34d8]} complete
07-04 21:59:05.234 18835 20462 D SummariserIntentService: Scanned /storage/emulated/0/Movies/summarised
07-04 21:59:05.234 18835 20462 D SummariserIntentService:   -> uri=content://media/external/file/137797
07-04 21:59:05.956 18835 18835 V NearbyFragment: Transfer to Endpoint{id=hgvm, name=Nexus 5X [34d8]} complete
07-04 21:59:20.933 18835 18835 D NearbyFragment: onPayloadReceived(endpointId=hgvm, payload=com.google.android.gms.nearby.connection.Payload@d9c78e0)
07-04 21:59:20.937 18835 18835 V NearbyFragment: Started downloading SUMMARISE:-6526314679529998530:20200312_150944.mp4:45.0_1.0_23_medium from Endpoint{id=hgvm, name=Nexus 5X [34d8]}
07-04 21:59:20.953 18835 18835 D NearbyFragment: onPayloadReceived(endpointId=hgvm, payload=com.google.android.gms.nearby.connection.Payload@5b3e799)
07-04 21:59:20.956 18835 18835 V NearbyFragment: Transfer to Endpoint{id=hgvm, name=Nexus 5X [34d8]} complete
07-04 21:59:34.675 18835 18835 V NearbyFragment: Transfer to Endpoint{id=hgvm, name=Nexus 5X [34d8]} complete
07-04 21:59:34.679 18835 18835 W NearbyFragment: Completed downloading 20200312_150944.mp4 from Endpoint{id=hgvm, name=Nexus 5X [34d8]} in 13.738s
07-04 21:59:34.688 18835 18835 D NearbyFragment: Summarising 20200312_150944.mp4
07-04 21:59:34.692 18835 18835 V VideoManager: Retrieving video from /storage/emulated/0/Download/Nearby/20200312_150944.mp4
07-04 21:59:34.712 18835 18835 D VideoManager: videoCursor is null
07-04 21:59:34.764 18835 18835 V VideoManager: videoFromCursor
07-04 21:59:34.768 18835 18835 V ProcessingVideosEventHandler: onAdd
07-04 21:59:34.769 18835 18835 V RawFootageEventHandler: onRemove
07-04 21:59:34.782 18835 18835 V NearbyFragment: Transfer to Endpoint{id=hgvm, name=Nexus 5X [34d8]} complete
07-04 21:59:34.869 18835 20569 V SummariserIntentService: onHandleIntent
07-04 21:59:34.870 18835 20569 D SummariserIntentService: Video{id='137802', data='/storage/emulated/0/Download/Nearby/20200312_150944.mp4', name='20200312_150944.mp4', size=69990400, visible=true, mimeType='video/mp4'}
07-04 21:59:34.870 18835 20569 D SummariserIntentService: /storage/emulated/0/Movies/summarised/20200312_150944.mp4
07-04 21:59:34.882 18835 20419 W mobile-ffmpeg: [mov,mp4,m4a,3gp,3g2,mj2 @ 0x7a3f7eac00] Found duplicated MOOV Atom. Skipped it
07-04 21:59:34.906 18835 18844 W System  : A resource failed to call close. 
07-04 21:59:34.915 18835 18844 I chatty  : uid=10568(com.example.edgesum) FinalizerDaemon identical 9 lines
07-04 21:59:34.915 18835 18844 W System  : A resource failed to call close. 
07-04 21:59:35.008 18835 20419 W mobile-ffmpeg: [graph 0 input from stream 0:0 @ 0x7a68d024c0] sws_param option is deprecated and ignored
07-04 21:59:42.864 18835 20569 W Summariser: 1 active sections found
07-04 21:59:42.864 18835 20569 I FfmpegTools: Running ffmpeg with:
07-04 21:59:42.864 18835 20569 I FfmpegTools:   -y -i /storage/emulated/0/Download/Nearby/20200312_150944.mp4 -filter_complex [0:v]trim=0.000000:7.006000,setpts=PTS-STARTPTS[v0];[0:a]atrim=0.000000:7.006000,asetpts=PTS-STARTPTS[a0];[v0][a0]concat=n=1:v=1:a=1[outv][outa] -map [outv] -map [outa] -crf 23 -preset medium /storage/emulated/0/Movies/summarised/20200312_150944.mp4
07-04 21:59:42.868 18835 20419 W mobile-ffmpeg: [mov,mp4,m4a,3gp,3g2,mj2 @ 0x7a3f7eac00] Found duplicated MOOV Atom. Skipped it
07-04 21:59:42.927 18835 20419 W mobile-ffmpeg: [graph 0 input from stream 0:0 @ 0x7a68d01f80] sws_param option is deprecated and ignored
07-04 21:59:49.822 18835 20569 V FfmpegTools: Retrieving duration of /storage/emulated/0/Download/Nearby/20200312_150944.mp4
07-04 21:59:49.830 18835 20419 W mobile-ffmpeg: [mov,mp4,m4a,3gp,3g2,mj2 @ 0x7a3f7eac00] Found duplicated MOOV Atom. Skipped it
07-04 21:59:49.930 18835 20569 V FfmpegTools: Retrieving duration of /storage/emulated/0/Movies/summarised/20200312_150944.mp4
07-04 21:59:49.974 18835 20569 W Summariser: Summarisation completed
07-04 21:59:49.974 18835 20569 W Summariser:   filename: 20200312_150944.mp4
07-04 21:59:49.974 18835 20569 W Summariser:   active sections: 1
07-04 21:59:49.974 18835 20569 W Summariser:   time: 14.950s
07-04 21:59:49.974 18835 20569 W Summariser:   original duration: 60.02
07-04 21:59:49.974 18835 20569 W Summariser:   summarised duration: 7.07
07-04 21:59:49.974 18835 20569 W Summariser:   noise tolerance: 45.00
07-04 21:59:49.974 18835 20569 W Summariser:   quality: 23
07-04 21:59:49.974 18835 20569 W Summariser:   speed: medium
07-04 21:59:49.974 18835 20569 W Summariser:   freeze duration: 1.00
07-04 21:59:49.975 18835 20569 V VideoManager: Retrieving video from /storage/emulated/0/Movies/summarised/20200312_150944.mp4
07-04 21:59:49.994 18835 20569 D VideoManager: videoCursor is null
07-04 21:59:50.075 18835 20569 V VideoManager: videoFromCursor
07-04 21:59:50.080 18835 20569 V SummarisedVideosEventHandler: onAdd
07-04 21:59:50.083 18835 20569 W NearbyFragment: Sending 20200312_150944.mp4 to Nexus 5X [34d8]
07-04 21:59:50.086 18835 20569 V ProcessingVideosEventHandler: onRemove
07-04 21:59:50.117 18835 18835 V NearbyFragment: Transfer to Endpoint{id=hgvm, name=Nexus 5X [34d8]} complete
07-04 21:59:50.178 18835 18847 D SummariserIntentService: Scanned /storage/emulated/0/Movies/summarised
07-04 21:59:50.178 18835 18847 D SummariserIntentService:   -> uri=content://media/external/file/137797
07-04 21:59:50.530 18835 18835 V NearbyFragment: Transfer to Endpoint{id=hgvm, name=Nexus 5X [34d8]} complete
07-04 22:00:02.645 18835 18835 D NearbyFragment: onPayloadReceived(endpointId=hgvm, payload=com.google.android.gms.nearby.connection.Payload@fe9e7a4)
07-04 22:00:02.683 18835 18835 D NearbyFragment: onPayloadReceived(endpointId=hgvm, payload=com.google.android.gms.nearby.connection.Payload@803c90d)
07-04 22:00:02.687 18835 18835 V NearbyFragment: Started downloading SUMMARISE:-5582568835212900552:20200312_193528.mp4:45.0_1.0_23_medium from Endpoint{id=hgvm, name=Nexus 5X [34d8]}
07-04 22:00:02.690 18835 18835 V NearbyFragment: Transfer to Endpoint{id=hgvm, name=Nexus 5X [34d8]} complete
07-04 22:00:17.887 18835 18835 V NearbyFragment: Transfer to Endpoint{id=hgvm, name=Nexus 5X [34d8]} complete
07-04 22:00:17.892 18835 18835 W NearbyFragment: Completed downloading 20200312_193528.mp4 from Endpoint{id=hgvm, name=Nexus 5X [34d8]} in 15.199s
07-04 22:00:17.903 18835 18835 D NearbyFragment: Summarising 20200312_193528.mp4
07-04 22:00:17.906 18835 18835 V VideoManager: Retrieving video from /storage/emulated/0/Download/Nearby/20200312_193528.mp4
07-04 22:00:17.924 18835 18835 D VideoManager: videoCursor is null
07-04 22:00:17.986 18835 18835 V VideoManager: videoFromCursor
07-04 22:00:17.992 18835 18835 V ProcessingVideosEventHandler: onAdd
07-04 22:00:17.992 18835 18835 V RawFootageEventHandler: onRemove
07-04 22:00:18.002 18835 18835 V NearbyFragment: Transfer to Endpoint{id=hgvm, name=Nexus 5X [34d8]} complete
07-04 22:00:18.014 18835 20669 V SummariserIntentService: onHandleIntent
07-04 22:00:18.014 18835 20669 D SummariserIntentService: Video{id='137804', data='/storage/emulated/0/Download/Nearby/20200312_193528.mp4', name='20200312_193528.mp4', size=69990400, visible=true, mimeType='video/mp4'}
07-04 22:00:18.015 18835 20669 D SummariserIntentService: /storage/emulated/0/Movies/summarised/20200312_193528.mp4
07-04 22:00:18.026 18835 20419 W mobile-ffmpeg: [mov,mp4,m4a,3gp,3g2,mj2 @ 0x7a3f7eac00] Found duplicated MOOV Atom. Skipped it
07-04 22:00:18.191 18835 20419 W mobile-ffmpeg: [graph 0 input from stream 0:0 @ 0x7a68d024c0] sws_param option is deprecated and ignored
07-04 22:00:26.302 18835 20669 W Summariser: No activity detected
07-04 22:00:26.303 18835 20669 V FfmpegTools: Retrieving duration of /storage/emulated/0/Download/Nearby/20200312_193528.mp4
07-04 22:00:26.305 18835 20419 W mobile-ffmpeg: [mov,mp4,m4a,3gp,3g2,mj2 @ 0x7a3f7eac00] Found duplicated MOOV Atom. Skipped it
07-04 22:00:26.334 18835 20669 W Summariser: Summarisation completed
07-04 22:00:26.334 18835 20669 W Summariser:   filename: 20200312_193528.mp4
07-04 22:00:26.334 18835 20669 W Summariser:   active sections: 0
07-04 22:00:26.334 18835 20669 W Summariser:   time: 08.287s
07-04 22:00:26.334 18835 20669 W Summariser:   original duration: 60.05
07-04 22:00:26.334 18835 20669 W Summariser:   summarised duration: -1.00
07-04 22:00:26.334 18835 20669 W Summariser:   noise tolerance: 45.00
07-04 22:00:26.334 18835 20669 W Summariser:   quality: 23
07-04 22:00:26.334 18835 20669 W Summariser:   speed: medium
07-04 22:00:26.334 18835 20669 W Summariser:   freeze duration: 1.00
07-04 22:00:26.335 18835 20669 V ProcessingVideosEventHandler: onRemove
07-04 22:00:26.349 18835 18835 V NearbyFragment: Transfer to Endpoint{id=hgvm, name=Nexus 5X [34d8]} complete
07-04 22:00:26.391 18835 20461 D SummariserIntentService: Scanned /storage/emulated/0/Movies/summarised
07-04 22:00:26.391 18835 20461 D SummariserIntentService:   -> uri=content://media/external/file/137797
07-04 22:00:27.694 18835 18835 D NearbyFragment: onPayloadReceived(endpointId=hgvm, payload=com.google.android.gms.nearby.connection.Payload@a05a61a)
07-04 22:00:27.697 18835 18835 V NearbyFragment: Started downloading SUMMARISE:-5747686720782065301:20200312_193628.mp4:45.0_1.0_23_medium from Endpoint{id=hgvm, name=Nexus 5X [34d8]}
07-04 22:00:27.712 18835 18835 V NearbyFragment: Transfer to Endpoint{id=hgvm, name=Nexus 5X [34d8]} complete
07-04 22:00:27.736 18835 18835 D NearbyFragment: onPayloadReceived(endpointId=hgvm, payload=com.google.android.gms.nearby.connection.Payload@f1fd54b)
07-04 22:00:39.571 18835 18835 V NearbyFragment: Transfer to Endpoint{id=hgvm, name=Nexus 5X [34d8]} complete
07-04 22:00:39.572 18835 18835 W NearbyFragment: Completed downloading 20200312_193628.mp4 from Endpoint{id=hgvm, name=Nexus 5X [34d8]} in 11.873s
07-04 22:00:39.576 18835 18835 D NearbyFragment: Summarising 20200312_193628.mp4
07-04 22:00:39.577 18835 18835 V VideoManager: Retrieving video from /storage/emulated/0/Download/Nearby/20200312_193628.mp4
07-04 22:00:39.591 18835 18835 D VideoManager: videoCursor is null
07-04 22:00:39.639 18835 18835 V VideoManager: videoFromCursor
07-04 22:00:39.644 18835 18835 V ProcessingVideosEventHandler: onAdd
07-04 22:00:39.644 18835 18835 V RawFootageEventHandler: onRemove
07-04 22:00:39.654 18835 18835 V NearbyFragment: Transfer to Endpoint{id=hgvm, name=Nexus 5X [34d8]} complete
07-04 22:00:39.662 18835 20727 V SummariserIntentService: onHandleIntent
07-04 22:00:39.667 18835 20727 D SummariserIntentService: Video{id='137805', data='/storage/emulated/0/Download/Nearby/20200312_193628.mp4', name='20200312_193628.mp4', size=69990400, visible=true, mimeType='video/mp4'}
07-04 22:00:39.667 18835 20727 D SummariserIntentService: /storage/emulated/0/Movies/summarised/20200312_193628.mp4
07-04 22:00:39.679 18835 20419 W mobile-ffmpeg: [mov,mp4,m4a,3gp,3g2,mj2 @ 0x7a3f7eac00] Found duplicated MOOV Atom. Skipped it
07-04 22:00:39.833 18835 20419 W mobile-ffmpeg: [graph 0 input from stream 0:0 @ 0x7a68d024c0] sws_param option is deprecated and ignored
07-04 22:00:47.731 18835 20727 V FfmpegTools: Retrieving duration of /storage/emulated/0/Download/Nearby/20200312_193628.mp4
07-04 22:00:47.733 18835 20419 W mobile-ffmpeg: [mov,mp4,m4a,3gp,3g2,mj2 @ 0x7a3f7eac00] Found duplicated MOOV Atom. Skipped it
07-04 22:00:47.771 18835 20727 W Summariser: 1 active sections found
07-04 22:00:47.771 18835 20727 I FfmpegTools: Running ffmpeg with:
07-04 22:00:47.771 18835 20727 I FfmpegTools:   -y -i /storage/emulated/0/Download/Nearby/20200312_193628.mp4 -filter_complex [0:v]trim=54.016000:60.020000,setpts=PTS-STARTPTS[v0];[0:a]atrim=54.016000:60.020000,asetpts=PTS-STARTPTS[a0];[v0][a0]concat=n=1:v=1:a=1[outv][outa] -map [outv] -map [outa] -crf 23 -preset medium /storage/emulated/0/Movies/summarised/20200312_193628.mp4
07-04 22:00:47.776 18835 20419 W mobile-ffmpeg: [mov,mp4,m4a,3gp,3g2,mj2 @ 0x7a3f7eac00] Found duplicated MOOV Atom. Skipped it
07-04 22:00:47.829 18835 20419 W mobile-ffmpeg: [graph 0 input from stream 0:0 @ 0x7a68d01f80] sws_param option is deprecated and ignored
07-04 22:00:59.691 18835 20727 V FfmpegTools: Retrieving duration of /storage/emulated/0/Download/Nearby/20200312_193628.mp4
07-04 22:00:59.697 18835 20419 W mobile-ffmpeg: [mov,mp4,m4a,3gp,3g2,mj2 @ 0x7a3f7eac00] Found duplicated MOOV Atom. Skipped it
07-04 22:00:59.769 18835 20727 V FfmpegTools: Retrieving duration of /storage/emulated/0/Movies/summarised/20200312_193628.mp4
07-04 22:00:59.788 18835 20727 W Summariser: Summarisation completed
07-04 22:00:59.788 18835 20727 W Summariser:   filename: 20200312_193628.mp4
07-04 22:00:59.788 18835 20727 W Summariser:   active sections: 1
07-04 22:00:59.788 18835 20727 W Summariser:   time: 20.021s
07-04 22:00:59.788 18835 20727 W Summariser:   original duration: 60.02
07-04 22:00:59.788 18835 20727 W Summariser:   summarised duration: 6.07
07-04 22:00:59.788 18835 20727 W Summariser:   noise tolerance: 45.00
07-04 22:00:59.788 18835 20727 W Summariser:   quality: 23
07-04 22:00:59.788 18835 20727 W Summariser:   speed: medium
07-04 22:00:59.788 18835 20727 W Summariser:   freeze duration: 1.00
07-04 22:00:59.788 18835 20727 V VideoManager: Retrieving video from /storage/emulated/0/Movies/summarised/20200312_193628.mp4
07-04 22:00:59.797 18835 20727 D VideoManager: videoCursor is null
07-04 22:00:59.844 18835 20727 V VideoManager: videoFromCursor
07-04 22:00:59.848 18835 20727 V SummarisedVideosEventHandler: onAdd
07-04 22:00:59.855 18835 20727 W NearbyFragment: Sending 20200312_193628.mp4 to Nexus 5X [34d8]
07-04 22:00:59.860 18835 20727 V ProcessingVideosEventHandler: onRemove
07-04 22:00:59.906 18835 18835 V NearbyFragment: Transfer to Endpoint{id=hgvm, name=Nexus 5X [34d8]} complete
07-04 22:00:59.962 18835 20461 D SummariserIntentService: Scanned /storage/emulated/0/Movies/summarised
07-04 22:00:59.962 18835 20461 D SummariserIntentService:   -> uri=content://media/external/file/137797
07-04 22:01:00.346 18835 18835 V NearbyFragment: Transfer to Endpoint{id=hgvm, name=Nexus 5X [34d8]} complete
07-04 22:01:10.289 18835 18835 D NearbyFragment: onPayloadReceived(endpointId=hgvm, payload=com.google.android.gms.nearby.connection.Payload@b146fbe)
07-04 22:01:10.291 18835 18835 V NearbyFragment: Started downloading SUMMARISE:-7648221773261057376:20200312_193828.mp4:45.0_1.0_23_medium from Endpoint{id=hgvm, name=Nexus 5X [34d8]}
07-04 22:01:10.296 18835 18835 V NearbyFragment: Transfer to Endpoint{id=hgvm, name=Nexus 5X [34d8]} complete
07-04 22:01:10.479 18835 18835 D NearbyFragment: onPayloadReceived(endpointId=hgvm, payload=com.google.android.gms.nearby.connection.Payload@cb3a81f)
07-04 22:01:25.474 18835 18835 V NearbyFragment: Transfer to Endpoint{id=hgvm, name=Nexus 5X [34d8]} complete
07-04 22:01:25.477 18835 18835 W NearbyFragment: Completed downloading 20200312_193828.mp4 from Endpoint{id=hgvm, name=Nexus 5X [34d8]} in 15.183s
07-04 22:01:25.481 18835 18835 D NearbyFragment: Summarising 20200312_193828.mp4
07-04 22:01:25.481 18835 18835 V VideoManager: Retrieving video from /storage/emulated/0/Download/Nearby/20200312_193828.mp4
07-04 22:01:25.496 18835 18835 D VideoManager: videoCursor is null
07-04 22:01:25.608 18835 18835 V VideoManager: videoFromCursor
07-04 22:01:25.611 18835 18835 V ProcessingVideosEventHandler: onAdd
07-04 22:01:25.611 18835 18835 V RawFootageEventHandler: onRemove
07-04 22:01:25.617 18835 18835 V NearbyFragment: Transfer to Endpoint{id=hgvm, name=Nexus 5X [34d8]} complete
07-04 22:01:25.621 18835 20813 V SummariserIntentService: onHandleIntent
07-04 22:01:25.621 18835 20813 D SummariserIntentService: Video{id='137807', data='/storage/emulated/0/Download/Nearby/20200312_193828.mp4', name='20200312_193828.mp4', size=69990400, visible=true, mimeType='video/mp4'}
07-04 22:01:25.621 18835 20813 D SummariserIntentService: /storage/emulated/0/Movies/summarised/20200312_193828.mp4
07-04 22:01:25.628 18835 20419 W mobile-ffmpeg: [mov,mp4,m4a,3gp,3g2,mj2 @ 0x7a3f7eac00] Found duplicated MOOV Atom. Skipped it
07-04 22:01:25.732 18835 20419 W mobile-ffmpeg: [graph 0 input from stream 0:0 @ 0x7a68d024c0] sws_param option is deprecated and ignored
07-04 22:01:33.694 18835 20813 W Summariser: 1 active sections found
07-04 22:01:33.694 18835 20813 I FfmpegTools: Running ffmpeg with:
07-04 22:01:33.694 18835 20813 I FfmpegTools:   -y -i /storage/emulated/0/Download/Nearby/20200312_193828.mp4 -filter_complex [0:v]trim=0.000000:14.212000,setpts=PTS-STARTPTS[v0];[0:a]atrim=0.000000:14.212000,asetpts=PTS-STARTPTS[a0];[v0][a0]concat=n=1:v=1:a=1[outv][outa] -map [outv] -map [outa] -crf 23 -preset medium /storage/emulated/0/Movies/summarised/20200312_193828.mp4
07-04 22:01:33.698 18835 20419 W mobile-ffmpeg: [mov,mp4,m4a,3gp,3g2,mj2 @ 0x7a3f7eac00] Found duplicated MOOV Atom. Skipped it
07-04 22:01:33.756 18835 20419 W mobile-ffmpeg: [graph 0 input from stream 0:0 @ 0x7a68d01f80] sws_param option is deprecated and ignored
07-04 22:01:47.333 18835 20813 V FfmpegTools: Retrieving duration of /storage/emulated/0/Download/Nearby/20200312_193828.mp4
07-04 22:01:47.339 18835 20419 W mobile-ffmpeg: [mov,mp4,m4a,3gp,3g2,mj2 @ 0x7a3f7eac00] Found duplicated MOOV Atom. Skipped it
07-04 22:01:47.421 18835 20813 V FfmpegTools: Retrieving duration of /storage/emulated/0/Movies/summarised/20200312_193828.mp4
07-04 22:01:47.459 18835 20813 W Summariser: Summarisation completed
07-04 22:01:47.459 18835 20813 W Summariser:   filename: 20200312_193828.mp4
07-04 22:01:47.459 18835 20813 W Summariser:   active sections: 1
07-04 22:01:47.459 18835 20813 W Summariser:   time: 21.710s
07-04 22:01:47.459 18835 20813 W Summariser:   original duration: 60.02
07-04 22:01:47.459 18835 20813 W Summariser:   summarised duration: 14.28
07-04 22:01:47.459 18835 20813 W Summariser:   noise tolerance: 45.00
07-04 22:01:47.459 18835 20813 W Summariser:   quality: 23
07-04 22:01:47.459 18835 20813 W Summariser:   speed: medium
07-04 22:01:47.459 18835 20813 W Summariser:   freeze duration: 1.00
07-04 22:01:47.460 18835 20813 V VideoManager: Retrieving video from /storage/emulated/0/Movies/summarised/20200312_193828.mp4
07-04 22:01:47.475 18835 20813 D VideoManager: videoCursor is null
07-04 22:01:47.535 18835 20813 V VideoManager: videoFromCursor
07-04 22:01:47.541 18835 20813 V SummarisedVideosEventHandler: onAdd
07-04 22:01:47.544 18835 20813 W NearbyFragment: Sending 20200312_193828.mp4 to Nexus 5X [34d8]
07-04 22:01:47.549 18835 20813 V ProcessingVideosEventHandler: onRemove
07-04 22:01:47.581 18835 18835 V NearbyFragment: Transfer to Endpoint{id=hgvm, name=Nexus 5X [34d8]} complete
07-04 22:01:47.635 18835 20461 D SummariserIntentService: Scanned /storage/emulated/0/Movies/summarised
07-04 22:01:47.635 18835 20461 D SummariserIntentService:   -> uri=content://media/external/file/137797
07-04 22:01:48.077 18835 18835 V NearbyFragment: Transfer to Endpoint{id=hgvm, name=Nexus 5X [34d8]} complete
07-04 22:02:00.575 18835 18835 D NearbyFragment: onPayloadReceived(endpointId=hgvm, payload=com.google.android.gms.nearby.connection.Payload@63c822)
07-04 22:02:00.580 18835 18835 V NearbyFragment: Started downloading SUMMARISE:-4693592767282947631:20200312_194129.mp4:45.0_1.0_23_medium from Endpoint{id=hgvm, name=Nexus 5X [34d8]}
07-04 22:02:00.587 18835 18835 V NearbyFragment: Transfer to Endpoint{id=hgvm, name=Nexus 5X [34d8]} complete
07-04 22:02:00.610 18835 18835 D NearbyFragment: onPayloadReceived(endpointId=hgvm, payload=com.google.android.gms.nearby.connection.Payload@dc2c2b3)
07-04 22:02:14.601 18835 18835 V NearbyFragment: Transfer to Endpoint{id=hgvm, name=Nexus 5X [34d8]} complete
07-04 22:02:14.603 18835 18835 W NearbyFragment: Completed downloading 20200312_194129.mp4 from Endpoint{id=hgvm, name=Nexus 5X [34d8]} in 14.019s
07-04 22:02:14.610 18835 18835 D NearbyFragment: Summarising 20200312_194129.mp4
07-04 22:02:14.611 18835 18835 V VideoManager: Retrieving video from /storage/emulated/0/Download/Nearby/20200312_194129.mp4
07-04 22:02:14.624 18835 18835 D VideoManager: videoCursor is null
07-04 22:02:14.680 18835 18835 V VideoManager: videoFromCursor
07-04 22:02:14.684 18835 18835 V ProcessingVideosEventHandler: onAdd
07-04 22:02:14.685 18835 18835 V RawFootageEventHandler: onRemove
07-04 22:02:14.694 18835 18835 V NearbyFragment: Transfer to Endpoint{id=hgvm, name=Nexus 5X [34d8]} complete
07-04 22:02:14.701 18835 20917 V SummariserIntentService: onHandleIntent
07-04 22:02:14.702 18835 20917 D SummariserIntentService: Video{id='137809', data='/storage/emulated/0/Download/Nearby/20200312_194129.mp4', name='20200312_194129.mp4', size=69990400, visible=true, mimeType='video/mp4'}
07-04 22:02:14.702 18835 20917 D SummariserIntentService: /storage/emulated/0/Movies/summarised/20200312_194129.mp4
07-04 22:02:14.713 18835 20419 W mobile-ffmpeg: [mov,mp4,m4a,3gp,3g2,mj2 @ 0x7a3f7eac00] Found duplicated MOOV Atom. Skipped it
07-04 22:02:14.872 18835 20419 W mobile-ffmpeg: [graph 0 input from stream 0:0 @ 0x7a68d024c0] sws_param option is deprecated and ignored
07-04 22:02:22.826 18835 20917 W Summariser: 2 active sections found
07-04 22:02:22.827 18835 20917 I FfmpegTools: Running ffmpeg with:
07-04 22:02:22.827 18835 20917 I FfmpegTools:   -y -i /storage/emulated/0/Download/Nearby/20200312_194129.mp4 -filter_complex [0:v]trim=29.127000:39.369000,setpts=PTS-STARTPTS[v0];[0:a]atrim=29.127000:39.369000,asetpts=PTS-STARTPTS[a0];[0:v]trim=49.345000:49.812000,setpts=PTS-STARTPTS[v1];[0:a]atrim=49.345000:49.812000,asetpts=PTS-STARTPTS[a1];[v0][a0][v1][a1]concat=n=2:v=1:a=1[outv][outa] -map [outv] -map [outa] -crf 23 -preset medium /storage/emulated/0/Movies/summarised/20200312_194129.mp4
07-04 22:02:22.831 18835 20419 W mobile-ffmpeg: [mov,mp4,m4a,3gp,3g2,mj2 @ 0x7a3f7eac00] Found duplicated MOOV Atom. Skipped it
07-04 22:02:22.873 18835 20419 W mobile-ffmpeg: [graph 0 input from stream 0:0 @ 0x7a68d02340] sws_param option is deprecated and ignored
07-04 22:02:22.873 18835 20419 W mobile-ffmpeg: [graph 0 input from stream 0:0 @ 0x7a68d02880] sws_param option is deprecated and ignored
07-04 22:02:36.575 18835 20917 V FfmpegTools: Retrieving duration of /storage/emulated/0/Download/Nearby/20200312_194129.mp4
07-04 22:02:36.580 18835 20419 W mobile-ffmpeg: [mov,mp4,m4a,3gp,3g2,mj2 @ 0x7a3f7eac00] Found duplicated MOOV Atom. Skipped it
07-04 22:02:36.634 18835 20917 V FfmpegTools: Retrieving duration of /storage/emulated/0/Movies/summarised/20200312_194129.mp4
07-04 22:02:36.660 18835 20917 W Summariser: Summarisation completed
07-04 22:02:36.660 18835 20917 W Summariser:   filename: 20200312_194129.mp4
07-04 22:02:36.660 18835 20917 W Summariser:   active sections: 2
07-04 22:02:36.660 18835 20917 W Summariser:   time: 21.870s
07-04 22:02:36.660 18835 20917 W Summariser:   original duration: 60.02
07-04 22:02:36.660 18835 20917 W Summariser:   summarised duration: 10.77
07-04 22:02:36.660 18835 20917 W Summariser:   noise tolerance: 45.00
07-04 22:02:36.660 18835 20917 W Summariser:   quality: 23
07-04 22:02:36.660 18835 20917 W Summariser:   speed: medium
07-04 22:02:36.660 18835 20917 W Summariser:   freeze duration: 1.00
07-04 22:02:36.660 18835 20917 V VideoManager: Retrieving video from /storage/emulated/0/Movies/summarised/20200312_194129.mp4
07-04 22:02:36.668 18835 20917 D VideoManager: videoCursor is null
07-04 22:02:36.707 18835 20917 V VideoManager: videoFromCursor
07-04 22:02:36.710 18835 20917 V SummarisedVideosEventHandler: onAdd
07-04 22:02:36.713 18835 20917 W NearbyFragment: Sending 20200312_194129.mp4 to Nexus 5X [34d8]
07-04 22:02:36.715 18835 20917 V ProcessingVideosEventHandler: onRemove
07-04 22:02:36.740 18835 18835 V NearbyFragment: Transfer to Endpoint{id=hgvm, name=Nexus 5X [34d8]} complete
07-04 22:02:36.793 18835 18853 D SummariserIntentService: Scanned /storage/emulated/0/Movies/summarised
07-04 22:02:36.793 18835 18853 D SummariserIntentService:   -> uri=content://media/external/file/137797
07-04 22:02:37.077 18835 18835 V NearbyFragment: Transfer to Endpoint{id=hgvm, name=Nexus 5X [34d8]} complete
07-04 22:02:56.178 18835 18835 D NearbyFragment: onPayloadReceived(endpointId=hgvm, payload=com.google.android.gms.nearby.connection.Payload@1127346)
07-04 22:02:56.182 18835 18835 V NearbyFragment: Started downloading SUMMARISE:-8862095584868060826:20200312_194330.mp4:45.0_1.0_23_medium from Endpoint{id=hgvm, name=Nexus 5X [34d8]}
07-04 22:02:56.188 18835 18835 V NearbyFragment: Transfer to Endpoint{id=hgvm, name=Nexus 5X [34d8]} complete
07-04 22:02:56.226 18835 18835 D NearbyFragment: onPayloadReceived(endpointId=hgvm, payload=com.google.android.gms.nearby.connection.Payload@21e9907)
07-04 22:03:13.990 18835 18835 V NearbyFragment: Transfer to Endpoint{id=hgvm, name=Nexus 5X [34d8]} complete
