07-04 22:03:13.991 18835 18835 W NearbyFragment: Completed downloading 20200312_194330.mp4 from Endpoint{id=hgvm, name=Nexus 5X [34d8]} in 17.806s
07-04 22:03:13.995 18835 18835 D NearbyFragment: Summarising 20200312_194330.mp4
07-04 22:03:13.996 18835 18835 V VideoManager: Retrieving video from /storage/emulated/0/Download/Nearby/20200312_194330.mp4
07-04 22:03:14.010 18835 18835 D VideoManager: videoCursor is null
07-04 22:03:14.076 18835 18835 V VideoManager: videoFromCursor
07-04 22:03:14.081 18835 18835 V ProcessingVideosEventHandler: onAdd
07-04 22:03:14.082 18835 18835 V RawFootageEventHandler: onRemove
07-04 22:03:14.089 18835 18835 V NearbyFragment: Transfer to Endpoint{id=hgvm, name=Nexus 5X [34d8]} complete
07-04 22:03:14.095 18835 21006 V SummariserIntentService: onHandleIntent
07-04 22:03:14.096 18835 21006 D SummariserIntentService: Video{id='137811', data='/storage/emulated/0/Download/Nearby/20200312_194330.mp4', name='20200312_194330.mp4', size=69990400, visible=true, mimeType='video/mp4'}
07-04 22:03:14.096 18835 21006 D SummariserIntentService: /storage/emulated/0/Movies/summarised/20200312_194330.mp4
07-04 22:03:14.105 18835 20419 W mobile-ffmpeg: [mov,mp4,m4a,3gp,3g2,mj2 @ 0x7a3f7eac00] Found duplicated MOOV Atom. Skipped it
07-04 22:03:14.280 18835 20419 W mobile-ffmpeg: [graph 0 input from stream 0:0 @ 0x7a68d024c0] sws_param option is deprecated and ignored
07-04 22:03:22.115 18835 21006 W Summariser: No activity detected
07-04 22:03:22.116 18835 21006 V FfmpegTools: Retrieving duration of /storage/emulated/0/Download/Nearby/20200312_194330.mp4
07-04 22:03:22.118 18835 20419 W mobile-ffmpeg: [mov,mp4,m4a,3gp,3g2,mj2 @ 0x7a3f7eac00] Found duplicated MOOV Atom. Skipped it
07-04 22:03:22.145 18835 21006 W Summariser: Summarisation completed
07-04 22:03:22.145 18835 21006 W Summariser:   filename: 20200312_194330.mp4
07-04 22:03:22.145 18835 21006 W Summariser:   active sections: 0
07-04 22:03:22.145 18835 21006 W Summariser:   time: 08.019s
07-04 22:03:22.145 18835 21006 W Summariser:   original duration: 60.02
07-04 22:03:22.145 18835 21006 W Summariser:   summarised duration: -1.00
07-04 22:03:22.145 18835 21006 W Summariser:   noise tolerance: 45.00
07-04 22:03:22.145 18835 21006 W Summariser:   quality: 23
07-04 22:03:22.145 18835 21006 W Summariser:   speed: medium
07-04 22:03:22.145 18835 21006 W Summariser:   freeze duration: 1.00
07-04 22:03:22.145 18835 21006 V ProcessingVideosEventHandler: onRemove
07-04 22:03:22.164 18835 18835 V NearbyFragment: Transfer to Endpoint{id=hgvm, name=Nexus 5X [34d8]} complete
07-04 22:03:22.218 18835 21005 D SummariserIntentService: Scanned /storage/emulated/0/Movies/summarised
07-04 22:03:22.218 18835 21005 D SummariserIntentService:   -> uri=content://media/external/file/137797
07-04 22:03:32.633 18835 18835 D NearbyFragment: onPayloadReceived(endpointId=hgvm, payload=com.google.android.gms.nearby.connection.Payload@52eee15)
07-04 22:03:32.638 18835 18835 V NearbyFragment: Started downloading SUMMARISE:-5687380581147346548:20200312_194730.mp4:45.0_1.0_23_medium from Endpoint{id=hgvm, name=Nexus 5X [34d8]}
07-04 22:03:32.644 18835 18835 V NearbyFragment: Transfer to Endpoint{id=hgvm, name=Nexus 5X [34d8]} complete
07-04 22:03:32.678 18835 18835 D NearbyFragment: onPayloadReceived(endpointId=hgvm, payload=com.google.android.gms.nearby.connection.Payload@ac3f52a)
07-04 22:03:47.434 18835 18835 V NearbyFragment: Transfer to Endpoint{id=hgvm, name=Nexus 5X [34d8]} complete
07-04 22:03:47.438 18835 18835 W NearbyFragment: Completed downloading 20200312_194730.mp4 from Endpoint{id=hgvm, name=Nexus 5X [34d8]} in 14.796s
07-04 22:03:47.445 18835 18835 D NearbyFragment: Summarising 20200312_194730.mp4
07-04 22:03:47.447 18835 18835 V VideoManager: Retrieving video from /storage/emulated/0/Download/Nearby/20200312_194730.mp4
07-04 22:03:47.465 18835 18835 D VideoManager: videoCursor is null
07-04 22:03:47.517 18835 18835 V VideoManager: videoFromCursor
07-04 22:03:47.521 18835 18835 V ProcessingVideosEventHandler: onAdd
07-04 22:03:47.522 18835 18835 V RawFootageEventHandler: onRemove
07-04 22:03:47.531 18835 18835 V NearbyFragment: Transfer to Endpoint{id=hgvm, name=Nexus 5X [34d8]} complete
07-04 22:03:47.539 18835 21044 V SummariserIntentService: onHandleIntent
07-04 22:03:47.540 18835 21044 D SummariserIntentService: Video{id='137812', data='/storage/emulated/0/Download/Nearby/20200312_194730.mp4', name='20200312_194730.mp4', size=69990400, visible=true, mimeType='video/mp4'}
07-04 22:03:47.540 18835 21044 D SummariserIntentService: /storage/emulated/0/Movies/summarised/20200312_194730.mp4
07-04 22:03:47.550 18835 20419 W mobile-ffmpeg: [mov,mp4,m4a,3gp,3g2,mj2 @ 0x7a3f7eac00] Found duplicated MOOV Atom. Skipped it
07-04 22:03:47.697 18835 20419 W mobile-ffmpeg: [graph 0 input from stream 0:0 @ 0x7a68d024c0] sws_param option is deprecated and ignored
07-04 22:03:55.410 18835 21044 W Summariser: No activity detected
07-04 22:03:55.410 18835 21044 V FfmpegTools: Retrieving duration of /storage/emulated/0/Download/Nearby/20200312_194730.mp4
07-04 22:03:55.413 18835 20419 W mobile-ffmpeg: [mov,mp4,m4a,3gp,3g2,mj2 @ 0x7a3f7eac00] Found duplicated MOOV Atom. Skipped it
07-04 22:03:55.438 18835 21044 W Summariser: Summarisation completed
07-04 22:03:55.438 18835 21044 W Summariser:   filename: 20200312_194730.mp4
07-04 22:03:55.438 18835 21044 W Summariser:   active sections: 0
07-04 22:03:55.438 18835 21044 W Summariser:   time: 07.868s
07-04 22:03:55.438 18835 21044 W Summariser:   original duration: 60.02
07-04 22:03:55.438 18835 21044 W Summariser:   summarised duration: -1.00
07-04 22:03:55.438 18835 21044 W Summariser:   noise tolerance: 45.00
07-04 22:03:55.438 18835 21044 W Summariser:   quality: 23
07-04 22:03:55.438 18835 21044 W Summariser:   speed: medium
07-04 22:03:55.438 18835 21044 W Summariser:   freeze duration: 1.00
07-04 22:03:55.438 18835 21044 V ProcessingVideosEventHandler: onRemove
07-04 22:03:55.460 18835 18835 V NearbyFragment: Transfer to Endpoint{id=hgvm, name=Nexus 5X [34d8]} complete
07-04 22:03:55.511 18835 20887 D SummariserIntentService: Scanned /storage/emulated/0/Movies/summarised
07-04 22:03:55.511 18835 20887 D SummariserIntentService:   -> uri=content://media/external/file/137797
07-04 22:04:03.763 18835 18835 D NearbyFragment: onPayloadReceived(endpointId=hgvm, payload=com.google.android.gms.nearby.connection.Payload@7af9693)
07-04 22:04:03.768 18835 18835 V NearbyFragment: Started downloading SUMMARISE:-5299451773590512119:20200312_194830.mp4:45.0_1.0_23_medium from Endpoint{id=hgvm, name=Nexus 5X [34d8]}
07-04 22:04:03.774 18835 18835 V NearbyFragment: Transfer to Endpoint{id=hgvm, name=Nexus 5X [34d8]} complete
07-04 22:04:03.795 18835 18835 D NearbyFragment: onPayloadReceived(endpointId=hgvm, payload=com.google.android.gms.nearby.connection.Payload@e5616d0)
07-04 22:04:16.174 18835 18835 V NearbyFragment: Transfer to Endpoint{id=hgvm, name=Nexus 5X [34d8]} complete
07-04 22:04:16.175 18835 18835 W NearbyFragment: Completed downloading 20200312_194830.mp4 from Endpoint{id=hgvm, name=Nexus 5X [34d8]} in 12.404s
07-04 22:04:16.179 18835 18835 D NearbyFragment: Summarising 20200312_194830.mp4
07-04 22:04:16.180 18835 18835 V VideoManager: Retrieving video from /storage/emulated/0/Download/Nearby/20200312_194830.mp4
07-04 22:04:16.194 18835 18835 D VideoManager: videoCursor is null
07-04 22:04:16.251 18835 18835 V VideoManager: videoFromCursor
07-04 22:04:16.255 18835 18835 V ProcessingVideosEventHandler: onAdd
07-04 22:04:16.256 18835 18835 V RawFootageEventHandler: onRemove
07-04 22:04:16.264 18835 18835 V NearbyFragment: Transfer to Endpoint{id=hgvm, name=Nexus 5X [34d8]} complete
07-04 22:04:16.271 18835 21086 V SummariserIntentService: onHandleIntent
07-04 22:04:16.273 18835 21086 D SummariserIntentService: Video{id='137813', data='/storage/emulated/0/Download/Nearby/20200312_194830.mp4', name='20200312_194830.mp4', size=69990400, visible=true, mimeType='video/mp4'}
07-04 22:04:16.274 18835 21086 D SummariserIntentService: /storage/emulated/0/Movies/summarised/20200312_194830.mp4
07-04 22:04:16.284 18835 20419 W mobile-ffmpeg: [mov,mp4,m4a,3gp,3g2,mj2 @ 0x7a59090600] Found duplicated MOOV Atom. Skipped it
07-04 22:04:16.444 18835 20419 W mobile-ffmpeg: [graph 0 input from stream 0:0 @ 0x7a590ee080] sws_param option is deprecated and ignored
07-04 22:04:24.402 18835 21086 W Summariser: 4 active sections found
07-04 22:04:24.402 18835 21086 I FfmpegTools: Running ffmpeg with:
07-04 22:04:24.402 18835 21086 I FfmpegTools:   -y -i /storage/emulated/0/Download/Nearby/20200312_194830.mp4 -filter_complex [0:v]trim=6.839000:10.742000,setpts=PTS-STARTPTS[v0];[0:a]atrim=6.839000:10.742000,asetpts=PTS-STARTPTS[a0];[0:v]trim=16.781000:22.419000,setpts=PTS-STARTPTS[v1];[0:a]atrim=16.781000:22.419000,asetpts=PTS-STARTPTS[a1];[0:v]trim=30.393000:35.731000,setpts=PTS-STARTPTS[v2];[0:a]atrim=30.393000:35.731000,asetpts=PTS-STARTPTS[a2];[0:v]trim=42.971000:47.041000,setpts=PTS-STARTPTS[v3];[0:a]atrim=42.971000:47.041000,asetpts=PTS-STARTPTS[a3];[v0][a0][v1][a1][v2][a2][v3][a3]concat=n=4:v=1:a=1[outv][outa] -map [outv] -map [outa] -crf 23 -preset medium /storage/emulated/0/Movies/summarised/20200312_194830.mp4
07-04 22:04:24.407 18835 20419 W mobile-ffmpeg: [mov,mp4,m4a,3gp,3g2,mj2 @ 0x7a59090600] Found duplicated MOOV Atom. Skipped it
07-04 22:04:24.465 18835 20419 W mobile-ffmpeg: [graph 0 input from stream 0:0 @ 0x7a590ee500] sws_param option is deprecated and ignored
07-04 22:04:24.465 18835 20419 W mobile-ffmpeg: [graph 0 input from stream 0:0 @ 0x7a590eed40] sws_param option is deprecated and ignored
07-04 22:04:24.465 18835 20419 W mobile-ffmpeg: [graph 0 input from stream 0:0 @ 0x7a590eeec0] sws_param option is deprecated and ignored
07-04 22:04:24.465 18835 20419 W mobile-ffmpeg: [graph 0 input from stream 0:0 @ 0x7a590ef040] sws_param option is deprecated and ignored
07-04 22:04:45.520 18835 21086 V FfmpegTools: Retrieving duration of /storage/emulated/0/Download/Nearby/20200312_194830.mp4
07-04 22:04:45.523 18835 20419 W mobile-ffmpeg: [mov,mp4,m4a,3gp,3g2,mj2 @ 0x7a59090600] Found duplicated MOOV Atom. Skipped it
07-04 22:04:45.562 18835 21086 V FfmpegTools: Retrieving duration of /storage/emulated/0/Movies/summarised/20200312_194830.mp4
07-04 22:04:45.581 18835 21086 W Summariser: Summarisation completed
07-04 22:04:45.581 18835 21086 W Summariser:   filename: 20200312_194830.mp4
07-04 22:04:45.581 18835 21086 W Summariser:   active sections: 4
07-04 22:04:45.581 18835 21086 W Summariser:   time: 29.245s
07-04 22:04:45.581 18835 21086 W Summariser:   original duration: 60.02
07-04 22:04:45.581 18835 21086 W Summariser:   summarised duration: 19.02
07-04 22:04:45.581 18835 21086 W Summariser:   noise tolerance: 45.00
07-04 22:04:45.581 18835 21086 W Summariser:   quality: 23
07-04 22:04:45.581 18835 21086 W Summariser:   speed: medium
07-04 22:04:45.581 18835 21086 W Summariser:   freeze duration: 1.00
07-04 22:04:45.581 18835 21086 V VideoManager: Retrieving video from /storage/emulated/0/Movies/summarised/20200312_194830.mp4
07-04 22:04:45.589 18835 21086 D VideoManager: videoCursor is null
07-04 22:04:45.632 18835 21086 V VideoManager: videoFromCursor
07-04 22:04:45.635 18835 21086 V SummarisedVideosEventHandler: onAdd
07-04 22:04:45.636 18835 21086 W NearbyFragment: Sending 20200312_194830.mp4 to Nexus 5X [34d8]
07-04 22:04:45.637 18835 21086 V ProcessingVideosEventHandler: onRemove
07-04 22:04:45.655 18835 18835 V NearbyFragment: Transfer to Endpoint{id=hgvm, name=Nexus 5X [34d8]} complete
07-04 22:04:45.705 18835 20461 D SummariserIntentService: Scanned /storage/emulated/0/Movies/summarised
07-04 22:04:45.705 18835 20461 D SummariserIntentService:   -> uri=content://media/external/file/137797
07-04 22:04:46.270 18835 18835 V NearbyFragment: Transfer to Endpoint{id=hgvm, name=Nexus 5X [34d8]} complete
07-04 22:04:56.908 18835 18835 D NearbyFragment: onPayloadReceived(endpointId=hgvm, payload=com.google.android.gms.nearby.connection.Payload@5cd26e7)
07-04 22:04:56.912 18835 18835 V NearbyFragment: Started downloading SUMMARISE:-5259451078138454033:20200312_195230.mp4:45.0_1.0_23_medium from Endpoint{id=hgvm, name=Nexus 5X [34d8]}
07-04 22:04:56.918 18835 18835 V NearbyFragment: Transfer to Endpoint{id=hgvm, name=Nexus 5X [34d8]} complete
07-04 22:04:56.953 18835 18835 D NearbyFragment: onPayloadReceived(endpointId=hgvm, payload=com.google.android.gms.nearby.connection.Payload@7de2294)
07-04 22:05:21.317 18835 18835 V NearbyFragment: Transfer to Endpoint{id=hgvm, name=Nexus 5X [34d8]} complete
07-04 22:05:21.320 18835 18835 W NearbyFragment: Completed downloading 20200312_195230.mp4 from Endpoint{id=hgvm, name=Nexus 5X [34d8]} in 24.404s
07-04 22:05:21.325 18835 18835 D NearbyFragment: Summarising 20200312_195230.mp4
07-04 22:05:21.326 18835 18835 V VideoManager: Retrieving video from /storage/emulated/0/Download/Nearby/20200312_195230.mp4
07-04 22:05:21.341 18835 18835 D VideoManager: videoCursor is null
07-04 22:05:21.600 18835 18835 V VideoManager: videoFromCursor
07-04 22:05:21.605 18835 18835 V ProcessingVideosEventHandler: onAdd
07-04 22:05:21.606 18835 18835 V RawFootageEventHandler: onRemove
07-04 22:05:21.616 18835 18835 V NearbyFragment: Transfer to Endpoint{id=hgvm, name=Nexus 5X [34d8]} complete
07-04 22:05:21.625 18835 21174 V SummariserIntentService: onHandleIntent
07-04 22:05:21.626 18835 21174 D SummariserIntentService: Video{id='137815', data='/storage/emulated/0/Download/Nearby/20200312_195230.mp4', name='20200312_195230.mp4', size=69990400, visible=true, mimeType='video/mp4'}
07-04 22:05:21.626 18835 21174 D SummariserIntentService: /storage/emulated/0/Movies/summarised/20200312_195230.mp4
07-04 22:05:21.639 18835 20419 W mobile-ffmpeg: [mov,mp4,m4a,3gp,3g2,mj2 @ 0x7a59090600] Found duplicated MOOV Atom. Skipped it
07-04 22:05:21.813 18835 20419 W mobile-ffmpeg: [graph 0 input from stream 0:0 @ 0x7a590ee080] sws_param option is deprecated and ignored
07-04 22:05:28.646 18835 21174 W Summariser: 1 active sections found
07-04 22:05:28.646 18835 21174 I FfmpegTools: Running ffmpeg with:
07-04 22:05:28.646 18835 21174 I FfmpegTools:   -y -i /storage/emulated/0/Download/Nearby/20200312_195230.mp4 -filter_complex [0:v]trim=22.020000:28.926000,setpts=PTS-STARTPTS[v0];[0:a]atrim=22.020000:28.926000,asetpts=PTS-STARTPTS[a0];[v0][a0]concat=n=1:v=1:a=1[outv][outa] -map [outv] -map [outa] -crf 23 -preset medium /storage/emulated/0/Movies/summarised/20200312_195230.mp4
07-04 22:05:28.651 18835 20419 W mobile-ffmpeg: [mov,mp4,m4a,3gp,3g2,mj2 @ 0x7a59090600] Found duplicated MOOV Atom. Skipped it
07-04 22:05:28.692 18835 20419 W mobile-ffmpeg: [graph 0 input from stream 0:0 @ 0x7a590ed0c0] sws_param option is deprecated and ignored
07-04 22:05:38.015 18835 21174 V FfmpegTools: Retrieving duration of /storage/emulated/0/Download/Nearby/20200312_195230.mp4
07-04 22:05:38.018 18835 20419 W mobile-ffmpeg: [mov,mp4,m4a,3gp,3g2,mj2 @ 0x7a59090600] Found duplicated MOOV Atom. Skipped it
07-04 22:05:38.042 18835 21174 V FfmpegTools: Retrieving duration of /storage/emulated/0/Movies/summarised/20200312_195230.mp4
07-04 22:05:38.061 18835 21174 W Summariser: Summarisation completed
07-04 22:05:38.061 18835 21174 W Summariser:   filename: 20200312_195230.mp4
07-04 22:05:38.061 18835 21174 W Summariser:   active sections: 1
07-04 22:05:38.061 18835 21174 W Summariser:   time: 16.387s
07-04 22:05:38.061 18835 21174 W Summariser:   original duration: 60.02
07-04 22:05:38.061 18835 21174 W Summariser:   summarised duration: 6.97
07-04 22:05:38.061 18835 21174 W Summariser:   noise tolerance: 45.00
07-04 22:05:38.061 18835 21174 W Summariser:   quality: 23
07-04 22:05:38.061 18835 21174 W Summariser:   speed: medium
07-04 22:05:38.061 18835 21174 W Summariser:   freeze duration: 1.00
07-04 22:05:38.061 18835 21174 V VideoManager: Retrieving video from /storage/emulated/0/Movies/summarised/20200312_195230.mp4
07-04 22:05:38.069 18835 21174 D VideoManager: videoCursor is null
07-04 22:05:38.106 18835 21174 V VideoManager: videoFromCursor
07-04 22:05:38.108 18835 21174 V SummarisedVideosEventHandler: onAdd
07-04 22:05:38.109 18835 21174 W NearbyFragment: Sending 20200312_195230.mp4 to Nexus 5X [34d8]
07-04 22:05:38.110 18835 21174 V ProcessingVideosEventHandler: onRemove
07-04 22:05:38.132 18835 18835 V NearbyFragment: Transfer to Endpoint{id=hgvm, name=Nexus 5X [34d8]} complete
07-04 22:05:38.183 18835 20461 D SummariserIntentService: Scanned /storage/emulated/0/Movies/summarised
07-04 22:05:38.183 18835 20461 D SummariserIntentService:   -> uri=content://media/external/file/137797
07-04 22:05:38.501 18835 18835 V NearbyFragment: Transfer to Endpoint{id=hgvm, name=Nexus 5X [34d8]} complete
07-04 22:05:48.854 18835 18835 D NearbyFragment: onPayloadReceived(endpointId=hgvm, payload=com.google.android.gms.nearby.connection.Payload@54186fb)
07-04 22:05:48.857 18835 18835 V NearbyFragment: Started downloading SUMMARISE:-7260714259864559157:20200312_195430.mp4:45.0_1.0_23_medium from Endpoint{id=hgvm, name=Nexus 5X [34d8]}
07-04 22:05:48.869 18835 18835 V NearbyFragment: Transfer to Endpoint{id=hgvm, name=Nexus 5X [34d8]} complete
07-04 22:05:48.885 18835 18835 D NearbyFragment: onPayloadReceived(endpointId=hgvm, payload=com.google.android.gms.nearby.connection.Payload@5292318)
07-04 22:06:01.205 18835 18835 V NearbyFragment: Transfer to Endpoint{id=hgvm, name=Nexus 5X [34d8]} complete
07-04 22:06:01.206 18835 18835 W NearbyFragment: Completed downloading 20200312_195430.mp4 from Endpoint{id=hgvm, name=Nexus 5X [34d8]} in 12.347s
07-04 22:06:01.210 18835 18835 D NearbyFragment: Summarising 20200312_195430.mp4
07-04 22:06:01.210 18835 18835 V VideoManager: Retrieving video from /storage/emulated/0/Download/Nearby/20200312_195430.mp4
07-04 22:06:01.224 18835 18835 D VideoManager: videoCursor is null
07-04 22:06:01.276 18835 18835 V VideoManager: videoFromCursor
07-04 22:06:01.280 18835 18835 V ProcessingVideosEventHandler: onAdd
07-04 22:06:01.281 18835 18835 V RawFootageEventHandler: onRemove
07-04 22:06:01.289 18835 18835 V NearbyFragment: Transfer to Endpoint{id=hgvm, name=Nexus 5X [34d8]} complete
07-04 22:06:01.318 18835 21280 V SummariserIntentService: onHandleIntent
07-04 22:06:01.319 18835 21280 D SummariserIntentService: Video{id='137817', data='/storage/emulated/0/Download/Nearby/20200312_195430.mp4', name='20200312_195430.mp4', size=69990400, visible=true, mimeType='video/mp4'}
07-04 22:06:01.319 18835 21280 D SummariserIntentService: /storage/emulated/0/Movies/summarised/20200312_195430.mp4
07-04 22:06:01.329 18835 20419 W mobile-ffmpeg: [mov,mp4,m4a,3gp,3g2,mj2 @ 0x7a54deca00] Found duplicated MOOV Atom. Skipped it
07-04 22:06:01.477 18835 20419 W mobile-ffmpeg: [graph 0 input from stream 0:0 @ 0x7a68d024c0] sws_param option is deprecated and ignored
07-04 22:06:08.238 18835 21280 W Summariser: 5 active sections found
07-04 22:06:08.239 18835 21280 I FfmpegTools: Running ffmpeg with:
07-04 22:06:08.239 18835 21280 I FfmpegTools:   -y -i /storage/emulated/0/Download/Nearby/20200312_195430.mp4 -filter_complex [0:v]trim=6.739000:12.010000,setpts=PTS-STARTPTS[v0];[0:a]atrim=6.739000:12.010000,asetpts=PTS-STARTPTS[a0];[0:v]trim=19.450000:23.354000,setpts=PTS-STARTPTS[v1];[0:a]atrim=19.450000:23.354000,asetpts=PTS-STARTPTS[a1];[0:v]trim=30.093000:34.263000,setpts=PTS-STARTPTS[v2];[0:a]atrim=30.093000:34.263000,asetpts=PTS-STARTPTS[a2];[0:v]trim=38.801000:42.671000,setpts=PTS-STARTPTS[v3];[0:a]atrim=38.801000:42.671000,asetpts=PTS-STARTPTS[a3];[0:v]trim=50.244000:54.882000,setpts=PTS-STARTPTS[v4];[0:a]atrim=50.244000:54.882000,asetpts=PTS-STARTPTS[a4];[v0][a0][v1][a1][v2][a2][v3][a3][v4][a4]concat=n=5:v=1:a=1[outv][outa] -map [outv] -map [outa] -crf 23 -preset medium /storage/emulated/0/Movies/summarised/20200312_195430.mp4
07-04 22:06:08.243 18835 20419 W mobile-ffmpeg: [mov,mp4,m4a,3gp,3g2,mj2 @ 0x7a54deca00] Found duplicated MOOV Atom. Skipped it
07-04 22:06:08.298 18835 20419 W mobile-ffmpeg: [graph 0 input from stream 0:0 @ 0x7a68d02ac0] sws_param option is deprecated and ignored
07-04 22:06:08.298 18835 20419 W mobile-ffmpeg: [graph 0 input from stream 0:0 @ 0x7a375c1300] sws_param option is deprecated and ignored
07-04 22:06:08.298 18835 20419 W mobile-ffmpeg: [graph 0 input from stream 0:0 @ 0x7a375c1000] sws_param option is deprecated and ignored
07-04 22:06:08.298 18835 20419 W mobile-ffmpeg: [graph 0 input from stream 0:0 @ 0x7a375c1480] sws_param option is deprecated and ignored
07-04 22:06:08.298 18835 20419 W mobile-ffmpeg: [graph 0 input from stream 0:0 @ 0x7a375c1600] sws_param option is deprecated and ignored
07-04 22:06:28.814 18835 21280 V FfmpegTools: Retrieving duration of /storage/emulated/0/Download/Nearby/20200312_195430.mp4
07-04 22:06:28.816 18835 20419 W mobile-ffmpeg: [mov,mp4,m4a,3gp,3g2,mj2 @ 0x7a54deca00] Found duplicated MOOV Atom. Skipped it
07-04 22:06:28.852 18835 21280 V FfmpegTools: Retrieving duration of /storage/emulated/0/Movies/summarised/20200312_195430.mp4
07-04 22:06:28.871 18835 21280 W Summariser: Summarisation completed
07-04 22:06:28.871 18835 21280 W Summariser:   filename: 20200312_195430.mp4
07-04 22:06:28.871 18835 21280 W Summariser:   active sections: 5
07-04 22:06:28.871 18835 21280 W Summariser:   time: 27.493s
07-04 22:06:28.871 18835 21280 W Summariser:   original duration: 60.02
07-04 22:06:28.871 18835 21280 W Summariser:   summarised duration: 21.92
07-04 22:06:28.871 18835 21280 W Summariser:   noise tolerance: 45.00
07-04 22:06:28.871 18835 21280 W Summariser:   quality: 23
07-04 22:06:28.871 18835 21280 W Summariser:   speed: medium
07-04 22:06:28.871 18835 21280 W Summariser:   freeze duration: 1.00
07-04 22:06:28.871 18835 21280 V VideoManager: Retrieving video from /storage/emulated/0/Movies/summarised/20200312_195430.mp4
07-04 22:06:28.884 18835 21280 D VideoManager: videoCursor is null
07-04 22:06:28.963 18835 21280 V VideoManager: videoFromCursor
07-04 22:06:28.967 18835 21280 V SummarisedVideosEventHandler: onAdd
07-04 22:06:28.970 18835 21280 W NearbyFragment: Sending 20200312_195430.mp4 to Nexus 5X [34d8]
07-04 22:06:28.973 18835 21280 V ProcessingVideosEventHandler: onRemove
07-04 22:06:28.996 18835 18835 V NearbyFragment: Transfer to Endpoint{id=hgvm, name=Nexus 5X [34d8]} complete
07-04 22:06:29.213 18835 18853 D SummariserIntentService: Scanned /storage/emulated/0/Movies/summarised
07-04 22:06:29.213 18835 18853 D SummariserIntentService:   -> uri=content://media/external/file/137797
07-04 22:06:29.238 18835 18835 V NearbyFragment: Transfer to Endpoint{id=hgvm, name=Nexus 5X [34d8]} complete
