--------- beginning of main
--------- beginning of system
07-05 23:11:23.888 20298 20298 W LogFactory: Truncating log tag length as it exceed 23, the limit imposed by Android on certain API Levels
07-05 23:11:48.500 20298 20298 E TransferService: No notification is passed in the intent. Unable to transition to foreground.
07-05 23:13:32.726 20298 20298 W NearbyFragment: Completed downloading 20200312_150643.mp4 from Endpoint{id=njPJ, name=Galaxy S8 [2802]} in 25.525s
07-05 23:13:32.852 20298 20578 W mobile-ffmpeg: [mov,mp4,m4a,3gp,3g2,mj2 @ 0x7a20f44c00] Found duplicated MOOV Atom. Skipped it
07-05 23:13:33.012 20298 20578 W mobile-ffmpeg: [graph 0 input from stream 0:0 @ 0x7a0f55aec0] sws_param option is deprecated and ignored
07-05 23:13:45.882 20298 20577 W Summariser: No activity detected
07-05 23:13:45.893 20298 20578 W mobile-ffmpeg: [mov,mp4,m4a,3gp,3g2,mj2 @ 0x7a20f44c00] Found duplicated MOOV Atom. Skipped it
07-05 23:13:46.030 20298 20577 W Summariser: Summarisation completed
07-05 23:13:46.030 20298 20577 W Summariser:   filename: 20200312_150643.mp4
07-05 23:13:46.030 20298 20577 W Summariser:   active sections: 0
07-05 23:13:46.030 20298 20577 W Summariser:   time: 13.106s
07-05 23:13:46.030 20298 20577 W Summariser:   original duration: 60.02
07-05 23:13:46.030 20298 20577 W Summariser:   summarised duration: -1.00
07-05 23:13:46.030 20298 20577 W Summariser:   noise tolerance: 45.00
07-05 23:13:46.030 20298 20577 W Summariser:   quality: 23
07-05 23:13:46.030 20298 20577 W Summariser:   speed: medium
07-05 23:13:46.030 20298 20577 W Summariser:   freeze duration: 1.00
07-05 23:14:24.987 20298 20298 W NearbyFragment: Completed downloading 20200312_150844.mp4 from Endpoint{id=njPJ, name=Galaxy S8 [2802]} in 19.777s
07-05 23:14:25.029 20298 20578 W mobile-ffmpeg: [mov,mp4,m4a,3gp,3g2,mj2 @ 0x7a20f44c00] Found duplicated MOOV Atom. Skipped it
07-05 23:14:25.132 20298 20578 W mobile-ffmpeg: [graph 0 input from stream 0:0 @ 0x7a0f55aec0] sws_param option is deprecated and ignored
07-05 23:14:38.731 20298 20622 W Summariser: Whole video is active
07-05 23:14:41.857 20298 20578 W mobile-ffmpeg: [mov,mp4,m4a,3gp,3g2,mj2 @ 0x7a20f44c00] Found duplicated MOOV Atom. Skipped it
07-05 23:14:41.962 20298 20578 W mobile-ffmpeg: [mov,mp4,m4a,3gp,3g2,mj2 @ 0x7a20f44c00] Found duplicated MOOV Atom. Skipped it
07-05 23:14:42.044 20298 20622 W Summariser: Summarisation completed
07-05 23:14:42.044 20298 20622 W Summariser:   filename: 20200312_150844.mp4
07-05 23:14:42.044 20298 20622 W Summariser:   active sections: -1
07-05 23:14:42.044 20298 20622 W Summariser:   time: 16.829s
07-05 23:14:42.044 20298 20622 W Summariser:   original duration: 60.02
07-05 23:14:42.044 20298 20622 W Summariser:   summarised duration: 60.02
07-05 23:14:42.044 20298 20622 W Summariser:   noise tolerance: 45.00
07-05 23:14:42.044 20298 20622 W Summariser:   quality: 23
07-05 23:14:42.044 20298 20622 W Summariser:   speed: medium
07-05 23:14:42.044 20298 20622 W Summariser:   freeze duration: 1.00
07-05 23:14:42.127 20298 20622 W NearbyFragment: Sending 20200312_150844.mp4 to Galaxy S8 [2802]
07-05 23:16:09.536 20298 20298 W NearbyFragment: Completed downloading 20200312_151044.mp4 from Endpoint{id=njPJ, name=Galaxy S8 [2802]} in 51.486s
07-05 23:16:09.611 20298 20578 W mobile-ffmpeg: [mov,mp4,m4a,3gp,3g2,mj2 @ 0x7a20f44c00] Found duplicated MOOV Atom. Skipped it
07-05 23:16:09.748 20298 20578 W mobile-ffmpeg: [graph 0 input from stream 0:0 @ 0x7a0f55aec0] sws_param option is deprecated and ignored
07-05 23:16:23.840 20298 20691 W Summariser: No activity detected
07-05 23:16:23.847 20298 20578 W mobile-ffmpeg: [mov,mp4,m4a,3gp,3g2,mj2 @ 0x7a20f44c00] Found duplicated MOOV Atom. Skipped it
07-05 23:16:23.928 20298 20691 W Summariser: Summarisation completed
07-05 23:16:23.928 20298 20691 W Summariser:   filename: 20200312_151044.mp4
07-05 23:16:23.928 20298 20691 W Summariser:   active sections: 0
07-05 23:16:23.928 20298 20691 W Summariser:   time: 14.242s
07-05 23:16:23.928 20298 20691 W Summariser:   original duration: 60.02
07-05 23:16:23.928 20298 20691 W Summariser:   summarised duration: -1.00
07-05 23:16:23.928 20298 20691 W Summariser:   noise tolerance: 45.00
07-05 23:16:23.928 20298 20691 W Summariser:   quality: 23
07-05 23:16:23.928 20298 20691 W Summariser:   speed: medium
07-05 23:16:23.928 20298 20691 W Summariser:   freeze duration: 1.00
07-05 23:17:43.172 20298 20298 W NearbyFragment: Completed downloading 20200312_193728.mp4 from Endpoint{id=njPJ, name=Galaxy S8 [2802]} in 48.253s
07-05 23:17:43.239 20298 20578 W mobile-ffmpeg: [mov,mp4,m4a,3gp,3g2,mj2 @ 0x7a20f44c00] Found duplicated MOOV Atom. Skipped it
07-05 23:17:43.408 20298 20578 W mobile-ffmpeg: [graph 0 input from stream 0:0 @ 0x7a0f55aec0] sws_param option is deprecated and ignored
07-05 23:17:57.233 20298 20767 W Summariser: Whole video is active
07-05 23:18:00.399 20298 20578 W mobile-ffmpeg: [mov,mp4,m4a,3gp,3g2,mj2 @ 0x7a20f44c00] Found duplicated MOOV Atom. Skipped it
07-05 23:18:00.522 20298 20578 W mobile-ffmpeg: [mov,mp4,m4a,3gp,3g2,mj2 @ 0x7a20f44c00] Found duplicated MOOV Atom. Skipped it
07-05 23:18:00.635 20298 20767 W Summariser: Summarisation completed
07-05 23:18:00.635 20298 20767 W Summariser:   filename: 20200312_193728.mp4
07-05 23:18:00.635 20298 20767 W Summariser:   active sections: -1
07-05 23:18:00.635 20298 20767 W Summariser:   time: 17.159s
07-05 23:18:00.635 20298 20767 W Summariser:   original duration: 60.02
07-05 23:18:00.635 20298 20767 W Summariser:   summarised duration: 60.02
07-05 23:18:00.635 20298 20767 W Summariser:   noise tolerance: 45.00
07-05 23:18:00.635 20298 20767 W Summariser:   quality: 23
07-05 23:18:00.635 20298 20767 W Summariser:   speed: medium
07-05 23:18:00.635 20298 20767 W Summariser:   freeze duration: 1.00
07-05 23:18:00.734 20298 20767 W NearbyFragment: Sending 20200312_193728.mp4 to Galaxy S8 [2802]
07-05 23:19:05.821 20298 20298 W NearbyFragment: Completed downloading 20200312_194129.mp4 from Endpoint{id=njPJ, name=Galaxy S8 [2802]} in 19.480s
07-05 23:19:05.869 20298 20578 W mobile-ffmpeg: [mov,mp4,m4a,3gp,3g2,mj2 @ 0x7a20f44c00] Found duplicated MOOV Atom. Skipped it
07-05 23:19:05.972 20298 20578 W mobile-ffmpeg: [graph 0 input from stream 0:0 @ 0x7a0f55ac80] sws_param option is deprecated and ignored
07-05 23:19:26.406 20298 20833 W Summariser: 2 active sections found
07-05 23:19:26.422 20298 20578 W mobile-ffmpeg: [mov,mp4,m4a,3gp,3g2,mj2 @ 0x7a20f44c00] Found duplicated MOOV Atom. Skipped it
07-05 23:19:26.523 20298 20578 W mobile-ffmpeg: [graph 0 input from stream 0:0 @ 0x7a0f55ab00] sws_param option is deprecated and ignored
07-05 23:19:26.524 20298 20578 W mobile-ffmpeg: [graph 0 input from stream 0:0 @ 0x7a0f55b040] sws_param option is deprecated and ignored
07-05 23:20:13.205 20298 20578 W mobile-ffmpeg: [mov,mp4,m4a,3gp,3g2,mj2 @ 0x7a20f44c00] Found duplicated MOOV Atom. Skipped it
07-05 23:20:13.337 20298 20833 W Summariser: Summarisation completed
07-05 23:20:13.337 20298 20833 W Summariser:   filename: 20200312_194129.mp4
07-05 23:20:13.337 20298 20833 W Summariser:   active sections: 2
07-05 23:20:13.337 20298 20833 W Summariser:   time: 67.336s
07-05 23:20:13.337 20298 20833 W Summariser:   original duration: 60.02
07-05 23:20:13.337 20298 20833 W Summariser:   summarised duration: 10.77
07-05 23:20:13.337 20298 20833 W Summariser:   noise tolerance: 45.00
07-05 23:20:13.337 20298 20833 W Summariser:   quality: 23
07-05 23:20:13.337 20298 20833 W Summariser:   speed: medium
07-05 23:20:13.337 20298 20833 W Summariser:   freeze duration: 1.00
07-05 23:20:13.403 20298 20833 W NearbyFragment: Sending 20200312_194129.mp4 to Galaxy S8 [2802]
07-05 23:20:44.437 20298 20298 W NearbyFragment: Completed downloading 20200312_194730.mp4 from Endpoint{id=njPJ, name=Galaxy S8 [2802]} in 26.489s
07-05 23:20:44.478 20298 20578 W mobile-ffmpeg: [mov,mp4,m4a,3gp,3g2,mj2 @ 0x7a20f44c00] Found duplicated MOOV Atom. Skipped it
07-05 23:20:44.603 20298 20578 W mobile-ffmpeg: [graph 0 input from stream 0:0 @ 0x7a0f55ac80] sws_param option is deprecated and ignored
07-05 23:21:04.983 20298 20898 W Summariser: No activity detected
07-05 23:21:04.993 20298 20578 W mobile-ffmpeg: [mov,mp4,m4a,3gp,3g2,mj2 @ 0x7a20f44c00] Found duplicated MOOV Atom. Skipped it
07-05 23:21:05.061 20298 20898 W Summariser: Summarisation completed
07-05 23:21:05.061 20298 20898 W Summariser:   filename: 20200312_194730.mp4
07-05 23:21:05.061 20298 20898 W Summariser:   active sections: 0
07-05 23:21:05.061 20298 20898 W Summariser:   time: 20.515s
07-05 23:21:05.061 20298 20898 W Summariser:   original duration: 60.02
07-05 23:21:05.061 20298 20898 W Summariser:   summarised duration: -1.00
07-05 23:21:05.061 20298 20898 W Summariser:   noise tolerance: 45.00
07-05 23:21:05.061 20298 20898 W Summariser:   quality: 23
07-05 23:21:05.061 20298 20898 W Summariser:   speed: medium
07-05 23:21:05.061 20298 20898 W Summariser:   freeze duration: 1.00
07-05 23:21:41.744 20298 20298 W NearbyFragment: Completed downloading 20200312_194930.mp4 from Endpoint{id=njPJ, name=Galaxy S8 [2802]} in 17.503s
07-05 23:21:41.788 20298 20578 W mobile-ffmpeg: [mov,mp4,m4a,3gp,3g2,mj2 @ 0x7a20f44c00] Found duplicated MOOV Atom. Skipped it
07-05 23:21:41.923 20298 20578 W mobile-ffmpeg: [graph 0 input from stream 0:0 @ 0x7a0f55ac80] sws_param option is deprecated and ignored
07-05 23:22:02.521 20298 20578 W mobile-ffmpeg: [mov,mp4,m4a,3gp,3g2,mj2 @ 0x7a20f44c00] Found duplicated MOOV Atom. Skipped it
07-05 23:22:02.627 20298 20936 W Summariser: 2 active sections found
07-05 23:22:02.642 20298 20578 W mobile-ffmpeg: [mov,mp4,m4a,3gp,3g2,mj2 @ 0x7a20f44c00] Found duplicated MOOV Atom. Skipped it
07-05 23:22:02.788 20298 20578 W mobile-ffmpeg: [graph 0 input from stream 0:0 @ 0x7a0f55ab00] sws_param option is deprecated and ignored
07-05 23:22:02.788 20298 20578 W mobile-ffmpeg: [graph 0 input from stream 0:0 @ 0x7a0f55af80] sws_param option is deprecated and ignored
07-05 23:22:42.069 20298 20298 W NearbyFragment: Completed downloading 20200312_195330.mp4 from Endpoint{id=njPJ, name=Galaxy S8 [2802]} in 18.864s
07-05 23:23:02.180 20298 20298 W NearbyFragment: Completed downloading 20200312_195430.mp4 from Endpoint{id=njPJ, name=Galaxy S8 [2802]} in 13.906s
07-05 23:23:37.744 20298 20578 W mobile-ffmpeg: [mov,mp4,m4a,3gp,3g2,mj2 @ 0x7a20f44c00] Found duplicated MOOV Atom. Skipped it
07-05 23:23:37.898 20298 20936 W Summariser: Summarisation completed
07-05 23:23:37.898 20298 20936 W Summariser:   filename: 20200312_194930.mp4
07-05 23:23:37.898 20298 20936 W Summariser:   active sections: 2
07-05 23:23:37.898 20298 20936 W Summariser:   time: 115.955s
07-05 23:23:37.898 20298 20936 W Summariser:   original duration: 60.02
07-05 23:23:37.898 20298 20936 W Summariser:   summarised duration: 22.25
07-05 23:23:37.898 20298 20936 W Summariser:   noise tolerance: 45.00
07-05 23:23:37.898 20298 20936 W Summariser:   quality: 23
07-05 23:23:37.898 20298 20936 W Summariser:   speed: medium
07-05 23:23:37.898 20298 20936 W Summariser:   freeze duration: 1.00
07-05 23:23:37.958 20298 20936 W NearbyFragment: Sending 20200312_194930.mp4 to Galaxy S8 [2802]
07-05 23:23:37.985 20298 20578 W mobile-ffmpeg: [mov,mp4,m4a,3gp,3g2,mj2 @ 0x7a20f44c00] Found duplicated MOOV Atom. Skipped it
07-05 23:23:38.123 20298 20578 W mobile-ffmpeg: [graph 0 input from stream 0:0 @ 0x7a0f55ab00] sws_param option is deprecated and ignored
07-05 23:23:58.800 20298 20936 W Summariser: 5 active sections found
07-05 23:23:58.817 20298 20578 W mobile-ffmpeg: [mov,mp4,m4a,3gp,3g2,mj2 @ 0x7a20f44c00] Found duplicated MOOV Atom. Skipped it
07-05 23:23:58.941 20298 20578 W mobile-ffmpeg: [graph 0 input from stream 0:0 @ 0x7a0f55b280] sws_param option is deprecated and ignored
07-05 23:23:58.941 20298 20578 W mobile-ffmpeg: [graph 0 input from stream 0:0 @ 0x7a0f55bac0] sws_param option is deprecated and ignored
07-05 23:23:58.941 20298 20578 W mobile-ffmpeg: [graph 0 input from stream 0:0 @ 0x7a0f55b7c0] sws_param option is deprecated and ignored
07-05 23:23:58.941 20298 20578 W mobile-ffmpeg: [graph 0 input from stream 0:0 @ 0x7a0f55bc40] sws_param option is deprecated and ignored
07-05 23:23:58.941 20298 20578 W mobile-ffmpeg: [graph 0 input from stream 0:0 @ 0x7a0f55bdc0] sws_param option is deprecated and ignored
07-05 23:25:24.898 20298 20578 W mobile-ffmpeg: [mov,mp4,m4a,3gp,3g2,mj2 @ 0x7a20f44c00] Found duplicated MOOV Atom. Skipped it
07-05 23:25:25.044 20298 20936 W Summariser: Summarisation completed
07-05 23:25:25.044 20298 20936 W Summariser:   filename: 20200312_195330.mp4
07-05 23:25:25.044 20298 20936 W Summariser:   active sections: 5
07-05 23:25:25.044 20298 20936 W Summariser:   time: 106.909s
07-05 23:25:25.044 20298 20936 W Summariser:   original duration: 60.02
07-05 23:25:25.044 20298 20936 W Summariser:   summarised duration: 23.42
07-05 23:25:25.044 20298 20936 W Summariser:   noise tolerance: 45.00
07-05 23:25:25.044 20298 20936 W Summariser:   quality: 23
07-05 23:25:25.044 20298 20936 W Summariser:   speed: medium
07-05 23:25:25.044 20298 20936 W Summariser:   freeze duration: 1.00
07-05 23:25:25.106 20298 20936 W NearbyFragment: Sending 20200312_195330.mp4 to Galaxy S8 [2802]
07-05 23:25:25.137 20298 20578 W mobile-ffmpeg: [mov,mp4,m4a,3gp,3g2,mj2 @ 0x7a20f44c00] Found duplicated MOOV Atom. Skipped it
07-05 23:25:25.320 20298 20578 W mobile-ffmpeg: [graph 0 input from stream 0:0 @ 0x7a0f55ac80] sws_param option is deprecated and ignored
07-05 23:25:54.497 20298 20936 W Summariser: 5 active sections found
07-05 23:25:54.516 20298 20578 W mobile-ffmpeg: [mov,mp4,m4a,3gp,3g2,mj2 @ 0x7a20f44c00] Found duplicated MOOV Atom. Skipped it
07-05 23:25:54.714 20298 20578 W mobile-ffmpeg: [graph 0 input from stream 0:0 @ 0x7a0f55b280] sws_param option is deprecated and ignored
07-05 23:25:54.714 20298 20578 W mobile-ffmpeg: [graph 0 input from stream 0:0 @ 0x7a0f55bac0] sws_param option is deprecated and ignored
07-05 23:25:54.719 20298 20578 W mobile-ffmpeg: [graph 0 input from stream 0:0 @ 0x7a0f55b7c0] sws_param option is deprecated and ignored
07-05 23:25:54.719 20298 20578 W mobile-ffmpeg: [graph 0 input from stream 0:0 @ 0x7a0f55bc40] sws_param option is deprecated and ignored
07-05 23:25:54.719 20298 20578 W mobile-ffmpeg: [graph 0 input from stream 0:0 @ 0x7a0f55bdc0] sws_param option is deprecated and ignored
07-05 23:27:17.057 20298 20578 W mobile-ffmpeg: [mov,mp4,m4a,3gp,3g2,mj2 @ 0x7a20f44c00] Found duplicated MOOV Atom. Skipped it
07-05 23:27:17.218 20298 20936 W Summariser: Summarisation completed
07-05 23:27:17.218 20298 20936 W Summariser:   filename: 20200312_195430.mp4
07-05 23:27:17.218 20298 20936 W Summariser:   active sections: 5
07-05 23:27:17.218 20298 20936 W Summariser:   time: 111.923s
07-05 23:27:17.218 20298 20936 W Summariser:   original duration: 60.02
07-05 23:27:17.218 20298 20936 W Summariser:   summarised duration: 21.92
07-05 23:27:17.218 20298 20936 W Summariser:   noise tolerance: 45.00
07-05 23:27:17.218 20298 20936 W Summariser:   quality: 23
07-05 23:27:17.218 20298 20936 W Summariser:   speed: medium
07-05 23:27:17.218 20298 20936 W Summariser:   freeze duration: 1.00
07-05 23:27:17.290 20298 20936 W NearbyFragment: Sending 20200312_195430.mp4 to Galaxy S8 [2802]
