--------- beginning of main
07-12 18:24:30.704  2370  2481 W Adreno-EGL: <qeglDrvAPI_eglGetConfigAttrib:607>: EGL_BAD_ATTRIBUTE
07-12 18:24:30.784  2370  2481 W Adreno-EGL: <qeglDrvAPI_eglGetConfigAttrib:607>: EGL_BAD_ATTRIBUTE
07-12 18:24:30.790  2370  2462 W LogFactory: Truncating log tag length as it exceed 23, the limit imposed by Android on certain API Levels
07-12 18:24:30.792  2370  2462 W LogFactory: Truncating log tag length as it exceed 23, the limit imposed by Android on certain API Levels
07-12 18:24:31.737  2370  2462 W LogFactory: Truncating log tag length as it exceed 23, the limit imposed by Android on certain API Levels
07-12 18:24:34.426  2370  2370 W System.err: org.json.JSONException: No value for manufacturer
07-12 18:24:34.430  2370  2370 W System.err: 	at org.json.JSONObject.get(JSONObject.java:392)
07-12 18:24:34.431  2370  2370 W System.err: 	at org.json.JSONObject.getString(JSONObject.java:553)
07-12 18:24:34.431  2370  2370 W System.err: 	at com.jaredrummler.android.device.DeviceName$DeviceInfo.<init>(DeviceName.java:374)
07-12 18:24:34.431  2370  2370 W System.err: 	at com.jaredrummler.android.device.DeviceName$DeviceInfo.<init>(DeviceName.java:347)
07-12 18:24:34.431  2370  2370 W System.err: 	at com.jaredrummler.android.device.DeviceName.getDeviceInfo(DeviceName.java:186)
07-12 18:24:34.431  2370  2370 W System.err: 	at com.jaredrummler.android.device.DeviceName.getDeviceName(DeviceName.java:138)
07-12 18:24:34.432  2370  2370 W System.err: 	at com.jaredrummler.android.device.DeviceName.getDeviceName(DeviceName.java:111)
07-12 18:24:34.432  2370  2370 W System.err: 	at com.example.edgesum.util.nearby.NearbyFragment.setLocalName(NearbyFragment.java:118)
07-12 18:24:34.432  2370  2370 W System.err: 	at com.example.edgesum.util.nearby.NearbyFragment.onCreate(NearbyFragment.java:110)
07-12 18:24:34.432  2370  2370 W System.err: 	at com.example.edgesum.page.main.ConnectionFragment.onCreate(ConnectionFragment.java:30)
07-12 18:24:34.433  2370  2370 W System.err: 	at androidx.fragment.app.Fragment.performCreate(Fragment.java:2684)
07-12 18:24:34.433  2370  2370 W System.err: 	at androidx.fragment.app.FragmentStateManager.create(FragmentStateManager.java:280)
07-12 18:24:34.433  2370  2370 W System.err: 	at androidx.fragment.app.FragmentManager.moveToState(FragmentManager.java:1175)
07-12 18:24:34.434  2370  2370 W System.err: 	at androidx.fragment.app.FragmentTransition.addToFirstInLastOut(FragmentTransition.java:1255)
07-12 18:24:34.434  2370  2370 W System.err: 	at androidx.fragment.app.FragmentTransition.calculateFragments(FragmentTransition.java:1138)
07-12 18:24:34.434  2370  2370 W System.err: 	at androidx.fragment.app.FragmentTransition.startTransitions(FragmentTransition.java:136)
07-12 18:24:34.434  2370  2370 W System.err: 	at androidx.fragment.app.FragmentManager.executeOpsTogether(FragmentManager.java:1989)
07-12 18:24:34.435  2370  2370 W System.err: 	at androidx.fragment.app.FragmentManager.removeRedundantOperationsAndExecute(FragmentManager.java:1947)
07-12 18:24:34.435  2370  2370 W System.err: 	at androidx.fragment.app.FragmentManager.execPendingActions(FragmentManager.java:1849)
07-12 18:24:34.435  2370  2370 W System.err: 	at androidx.fragment.app.FragmentManager.dispatchStateChange(FragmentManager.java:2629)
07-12 18:24:34.435  2370  2370 W System.err: 	at androidx.fragment.app.FragmentManager.dispatchActivityCreated(FragmentManager.java:2577)
07-12 18:24:34.436  2370  2370 W System.err: 	at androidx.fragment.app.FragmentController.dispatchActivityCreated(FragmentController.java:247)
07-12 18:24:34.436  2370  2370 W System.err: 	at androidx.fragment.app.FragmentActivity.onStart(FragmentActivity.java:541)
07-12 18:24:34.436  2370  2370 W System.err: 	at androidx.appcompat.app.AppCompatActivity.onStart(AppCompatActivity.java:201)
07-12 18:24:34.436  2370  2370 W System.err: 	at com.example.edgesum.page.main.MainActivity.onStart(MainActivity.java:88)
07-12 18:24:34.437  2370  2370 W System.err: 	at android.app.Instrumentation.callActivityOnStart(Instrumentation.java:1334)
07-12 18:24:34.437  2370  2370 W System.err: 	at android.app.Activity.performStart(Activity.java:7029)
07-12 18:24:34.437  2370  2370 W System.err: 	at android.app.ActivityThread.performLaunchActivity(ActivityThread.java:2741)
07-12 18:24:34.437  2370  2370 W System.err: 	at android.app.ActivityThread.handleLaunchActivity(ActivityThread.java:2856)
07-12 18:24:34.438  2370  2370 W System.err: 	at android.app.ActivityThread.-wrap11(Unknown Source:0)
07-12 18:24:34.438  2370  2370 W System.err: 	at android.app.ActivityThread$H.handleMessage(ActivityThread.java:1589)
07-12 18:24:34.438  2370  2370 W System.err: 	at android.os.Handler.dispatchMessage(Handler.java:106)
07-12 18:24:34.439  2370  2370 W System.err: 	at android.os.Looper.loop(Looper.java:164)
07-12 18:24:34.439  2370  2370 W System.err: 	at android.app.ActivityThread.main(ActivityThread.java:6494)
07-12 18:24:34.440  2370  2370 W System.err: 	at java.lang.reflect.Method.invoke(Native Method)
07-12 18:24:34.440  2370  2370 W System.err: 	at com.android.internal.os.RuntimeInit$MethodAndArgsCaller.run(RuntimeInit.java:438)
07-12 18:24:34.440  2370  2370 W System.err: 	at com.android.internal.os.ZygoteInit.main(ZygoteInit.java:807)
07-12 18:24:36.165  2370  2370 W LogFactory: Truncating log tag length as it exceed 23, the limit imposed by Android on certain API Levels
07-12 18:24:36.409  2370  2370 E TransferService: No notification is passed in the intent. Unable to transition to foreground.
07-12 18:24:36.808  2370  2370 W StaticLayout: maxLineHeight should not be -1.  maxLines:1 lineCount:1
07-12 18:24:36.928  2370  2370 W StaticLayout: maxLineHeight should not be -1.  maxLines:1 lineCount:1
07-12 18:24:36.998  2370  2370 W StaticLayout: maxLineHeight should not be -1.  maxLines:1 lineCount:1
07-12 18:24:37.116  2370  2481 W Adreno-EGL: <qeglDrvAPI_eglGetConfigAttrib:607>: EGL_BAD_ATTRIBUTE
07-12 18:24:37.200  2370  2370 W StaticLayout: maxLineHeight should not be -1.  maxLines:1 lineCount:1
07-12 18:24:37.225  2370  2370 W StaticLayout: maxLineHeight should not be -1.  maxLines:1 lineCount:1
07-12 18:25:01.395  2370  2481 W Adreno-EGL: <qeglDrvAPI_eglGetConfigAttrib:607>: EGL_BAD_ATTRIBUTE
07-12 18:25:18.459  2370  2481 W Adreno-EGL: <qeglDrvAPI_eglGetConfigAttrib:607>: EGL_BAD_ATTRIBUTE
07-12 18:26:13.873  2370  2370 W NearbyFragment: Completed downloading 20200312_150643!001.mp4 from Endpoint{id=F8-i, name=Shark 1S [9c8f]} in 03.767s
07-12 18:26:14.343  2370  3216 W mobile-ffmpeg: [graph 0 input from stream 0:0 @ 0x93ef6a80] sws_param option is deprecated and ignored
07-12 18:26:20.125  2370  3210 W Summariser: No activity detected
07-12 18:26:20.221  2370  3210 W Summariser: Summarisation completed
07-12 18:26:20.221  2370  3210 W Summariser:   filename: 20200312_150643!001.mp4
07-12 18:26:20.221  2370  3210 W Summariser:   active sections: 0
07-12 18:26:20.221  2370  3210 W Summariser:   time: 06.148s
07-12 18:26:20.221  2370  3210 W Summariser:   original duration: 16.01
07-12 18:26:20.221  2370  3210 W Summariser:   summarised duration: -1.00
07-12 18:26:20.221  2370  3210 W Summariser:   noise tolerance: 45.00
07-12 18:26:20.221  2370  3210 W Summariser:   quality: 23
07-12 18:26:20.221  2370  3210 W Summariser:   speed: medium
07-12 18:26:20.221  2370  3210 W Summariser:   freeze duration: 1.00
07-12 18:26:41.235  2370  2370 W NearbyFragment: Completed downloading 20200312_150744!001.mp4 from Endpoint{id=F8-i, name=Shark 1S [9c8f]} in 04.562s
07-12 18:26:41.434  2370  3216 W mobile-ffmpeg: [graph 0 input from stream 0:0 @ 0x93ef8f40] sws_param option is deprecated and ignored
07-12 18:26:47.294  2370  3282 W Summariser: No activity detected
07-12 18:26:47.379  2370  3282 W Summariser: Summarisation completed
07-12 18:26:47.379  2370  3282 W Summariser:   filename: 20200312_150744!001.mp4
07-12 18:26:47.379  2370  3282 W Summariser:   active sections: 0
07-12 18:26:47.379  2370  3282 W Summariser:   time: 05.994s
07-12 18:26:47.379  2370  3282 W Summariser:   original duration: 16.02
07-12 18:26:47.379  2370  3282 W Summariser:   summarised duration: -1.00
07-12 18:26:47.379  2370  3282 W Summariser:   noise tolerance: 45.00
07-12 18:26:47.379  2370  3282 W Summariser:   quality: 23
07-12 18:26:47.379  2370  3282 W Summariser:   speed: medium
07-12 18:26:47.379  2370  3282 W Summariser:   freeze duration: 1.00
07-12 18:27:09.545  2370  2370 W NearbyFragment: Completed downloading 20200312_150844!001.mp4 from Endpoint{id=F8-i, name=Shark 1S [9c8f]} in 07.266s
07-12 18:27:09.753  2370  3216 W mobile-ffmpeg: [graph 0 input from stream 0:0 @ 0x8f465680] sws_param option is deprecated and ignored
07-12 18:27:14.608  2370  3355 W Summariser: Whole video is active
07-12 18:27:16.016  2370  3355 W Summariser: Summarisation completed
07-12 18:27:16.016  2370  3355 W Summariser:   filename: 20200312_150844!001.mp4
07-12 18:27:16.016  2370  3355 W Summariser:   active sections: -1
07-12 18:27:16.016  2370  3355 W Summariser:   time: 06.240s
07-12 18:27:16.016  2370  3355 W Summariser:   original duration: 16.01
07-12 18:27:16.016  2370  3355 W Summariser:   summarised duration: 16.01
07-12 18:27:16.016  2370  3355 W Summariser:   noise tolerance: 45.00
07-12 18:27:16.016  2370  3355 W Summariser:   quality: 23
07-12 18:27:16.016  2370  3355 W Summariser:   speed: medium
07-12 18:27:16.016  2370  3355 W Summariser:   freeze duration: 1.00
07-12 18:27:16.057  2370  3355 W NearbyFragment: Sending 20200312_150844!001.mp4 to Shark 1S [9c8f]
07-12 18:27:40.443  2370  2370 W NearbyFragment: Completed downloading 20200312_150944!001.mp4 from Endpoint{id=F8-i, name=Shark 1S [9c8f]} in 03.856s
07-12 18:27:40.661  2370  3216 W mobile-ffmpeg: [graph 0 input from stream 0:0 @ 0x8f465680] sws_param option is deprecated and ignored
07-12 18:27:46.471  2370  3438 W Summariser: No activity detected
07-12 18:27:46.556  2370  3438 W Summariser: Summarisation completed
07-12 18:27:46.556  2370  3438 W Summariser:   filename: 20200312_150944!001.mp4
07-12 18:27:46.556  2370  3438 W Summariser:   active sections: 0
07-12 18:27:46.556  2370  3438 W Summariser:   time: 05.962s
07-12 18:27:46.556  2370  3438 W Summariser:   original duration: 16.01
07-12 18:27:46.556  2370  3438 W Summariser:   summarised duration: -1.00
07-12 18:27:46.556  2370  3438 W Summariser:   noise tolerance: 45.00
07-12 18:27:46.556  2370  3438 W Summariser:   quality: 23
07-12 18:27:46.556  2370  3438 W Summariser:   speed: medium
07-12 18:27:46.556  2370  3438 W Summariser:   freeze duration: 1.00
07-12 18:28:07.851  2370  2370 W NearbyFragment: Completed downloading 20200312_151044!001.mp4 from Endpoint{id=F8-i, name=Shark 1S [9c8f]} in 06.078s
07-12 18:28:08.015  2370  3216 W mobile-ffmpeg: [graph 0 input from stream 0:0 @ 0x94b76a80] sws_param option is deprecated and ignored
07-12 18:28:13.727  2370  3510 W Summariser: No activity detected
07-12 18:28:13.806  2370  3510 W Summariser: Summarisation completed
07-12 18:28:13.806  2370  3510 W Summariser:   filename: 20200312_151044!001.mp4
07-12 18:28:13.806  2370  3510 W Summariser:   active sections: 0
07-12 18:28:13.806  2370  3510 W Summariser:   time: 05.837s
07-12 18:28:13.806  2370  3510 W Summariser:   original duration: 16.02
07-12 18:28:13.806  2370  3510 W Summariser:   summarised duration: -1.00
07-12 18:28:13.806  2370  3510 W Summariser:   noise tolerance: 45.00
07-12 18:28:13.806  2370  3510 W Summariser:   quality: 23
07-12 18:28:13.806  2370  3510 W Summariser:   speed: medium
07-12 18:28:13.806  2370  3510 W Summariser:   freeze duration: 1.00
07-12 18:28:35.564  2370  2370 W NearbyFragment: Completed downloading 20200312_193528!001.mp4 from Endpoint{id=F8-i, name=Shark 1S [9c8f]} in 04.915s
07-12 18:28:35.715  2370  3216 W mobile-ffmpeg: [graph 0 input from stream 0:0 @ 0x94b78c40] sws_param option is deprecated and ignored
07-12 18:28:41.396  2370  3555 W Summariser: No activity detected
07-12 18:28:41.452  2370  3555 W Summariser: Summarisation completed
07-12 18:28:41.452  2370  3555 W Summariser:   filename: 20200312_193528!001.mp4
07-12 18:28:41.452  2370  3555 W Summariser:   active sections: 0
07-12 18:28:41.452  2370  3555 W Summariser:   time: 05.785s
07-12 18:28:41.452  2370  3555 W Summariser:   original duration: 16.01
07-12 18:28:41.452  2370  3555 W Summariser:   summarised duration: -1.00
07-12 18:28:41.452  2370  3555 W Summariser:   noise tolerance: 45.00
07-12 18:28:41.452  2370  3555 W Summariser:   quality: 23
07-12 18:28:41.452  2370  3555 W Summariser:   speed: medium
07-12 18:28:41.452  2370  3555 W Summariser:   freeze duration: 1.00
07-12 18:29:02.935  2370  2370 W NearbyFragment: Completed downloading 20200312_193628!001.mp4 from Endpoint{id=F8-i, name=Shark 1S [9c8f]} in 05.263s
07-12 18:29:03.119  2370  3216 W mobile-ffmpeg: [graph 0 input from stream 0:0 @ 0x93437f80] sws_param option is deprecated and ignored
07-12 18:29:08.968  2370  3617 W Summariser: No activity detected
07-12 18:29:09.045  2370  3617 W Summariser: Summarisation completed
07-12 18:29:09.045  2370  3617 W Summariser:   filename: 20200312_193628!001.mp4
07-12 18:29:09.045  2370  3617 W Summariser:   active sections: 0
07-12 18:29:09.045  2370  3617 W Summariser:   time: 05.964s
07-12 18:29:09.045  2370  3617 W Summariser:   original duration: 16.01
07-12 18:29:09.045  2370  3617 W Summariser:   summarised duration: -1.00
07-12 18:29:09.045  2370  3617 W Summariser:   noise tolerance: 45.00
07-12 18:29:09.045  2370  3617 W Summariser:   quality: 23
07-12 18:29:09.045  2370  3617 W Summariser:   speed: medium
07-12 18:29:09.045  2370  3617 W Summariser:   freeze duration: 1.00
07-12 18:29:28.731  2370  2370 W NearbyFragment: Completed downloading 20200312_193728!001.mp4 from Endpoint{id=F8-i, name=Shark 1S [9c8f]} in 03.624s
07-12 18:29:28.885  2370  3216 W mobile-ffmpeg: [graph 0 input from stream 0:0 @ 0x8f3e5260] sws_param option is deprecated and ignored
07-12 18:29:34.564  2370  3662 W Summariser: Whole video is active
07-12 18:29:35.744  2370  3662 W Summariser: Summarisation completed
07-12 18:29:35.744  2370  3662 W Summariser:   filename: 20200312_193728!001.mp4
07-12 18:29:35.744  2370  3662 W Summariser:   active sections: -1
07-12 18:29:35.744  2370  3662 W Summariser:   time: 06.818s
07-12 18:29:35.744  2370  3662 W Summariser:   original duration: 16.01
07-12 18:29:35.744  2370  3662 W Summariser:   summarised duration: 16.01
07-12 18:29:35.744  2370  3662 W Summariser:   noise tolerance: 45.00
07-12 18:29:35.744  2370  3662 W Summariser:   quality: 23
07-12 18:29:35.744  2370  3662 W Summariser:   speed: medium
07-12 18:29:35.744  2370  3662 W Summariser:   freeze duration: 1.00
07-12 18:29:35.799  2370  3662 W NearbyFragment: Sending 20200312_193728!001.mp4 to Shark 1S [9c8f]
07-12 18:30:03.060  2370  2370 W NearbyFragment: Completed downloading 20200312_193828!001.mp4 from Endpoint{id=F8-i, name=Shark 1S [9c8f]} in 03.025s
07-12 18:30:03.248  2370  3216 W mobile-ffmpeg: [graph 0 input from stream 0:0 @ 0xaebbfd00] sws_param option is deprecated and ignored
07-12 18:30:08.988  2370  3746 W Summariser: No activity detected
07-12 18:30:09.064  2370  3746 W Summariser: Summarisation completed
07-12 18:30:09.064  2370  3746 W Summariser:   filename: 20200312_193828!001.mp4
07-12 18:30:09.064  2370  3746 W Summariser:   active sections: 0
07-12 18:30:09.064  2370  3746 W Summariser:   time: 05.880s
07-12 18:30:09.064  2370  3746 W Summariser:   original duration: 16.01
07-12 18:30:09.064  2370  3746 W Summariser:   summarised duration: -1.00
07-12 18:30:09.064  2370  3746 W Summariser:   noise tolerance: 45.00
07-12 18:30:09.064  2370  3746 W Summariser:   quality: 23
07-12 18:30:09.064  2370  3746 W Summariser:   speed: medium
07-12 18:30:09.064  2370  3746 W Summariser:   freeze duration: 1.00
07-12 18:30:13.854  2370  2370 W NearbyFragment: Completed downloading 20200312_193828!003.mp4 from Endpoint{id=F8-i, name=Shark 1S [9c8f]} in 04.727s
07-12 18:30:14.022  2370  3216 W mobile-ffmpeg: [graph 0 input from stream 0:0 @ 0x93ef8640] sws_param option is deprecated and ignored
07-12 18:30:18.404  2370  3773 W Summariser: No activity detected
07-12 18:30:18.460  2370  3773 W Summariser: Summarisation completed
07-12 18:30:18.460  2370  3773 W Summariser:   filename: 20200312_193828!003.mp4
07-12 18:30:18.460  2370  3773 W Summariser:   active sections: 0
07-12 18:30:18.460  2370  3773 W Summariser:   time: 04.482s
07-12 18:30:18.460  2370  3773 W Summariser:   original duration: 12.01
07-12 18:30:18.460  2370  3773 W Summariser:   summarised duration: -1.00
07-12 18:30:18.460  2370  3773 W Summariser:   noise tolerance: 45.00
07-12 18:30:18.460  2370  3773 W Summariser:   quality: 23
07-12 18:30:18.460  2370  3773 W Summariser:   speed: medium
07-12 18:30:18.460  2370  3773 W Summariser:   freeze duration: 1.00
07-12 18:30:28.298  2370  2370 W NearbyFragment: Completed downloading 20200312_193928!001.mp4 from Endpoint{id=F8-i, name=Shark 1S [9c8f]} in 03.289s
07-12 18:30:28.486  2370  3216 W mobile-ffmpeg: [graph 0 input from stream 0:0 @ 0x934360c0] sws_param option is deprecated and ignored
07-12 18:30:34.197  2370  3810 W Summariser: No activity detected
07-12 18:30:34.291  2370  3810 W Summariser: Summarisation completed
07-12 18:30:34.291  2370  3810 W Summariser:   filename: 20200312_193928!001.mp4
07-12 18:30:34.291  2370  3810 W Summariser:   active sections: 0
07-12 18:30:34.291  2370  3810 W Summariser:   time: 05.851s
07-12 18:30:34.291  2370  3810 W Summariser:   original duration: 16.05
07-12 18:30:34.291  2370  3810 W Summariser:   summarised duration: -1.00
07-12 18:30:34.291  2370  3810 W Summariser:   noise tolerance: 45.00
07-12 18:30:34.291  2370  3810 W Summariser:   quality: 23
07-12 18:30:34.291  2370  3810 W Summariser:   speed: medium
07-12 18:30:34.291  2370  3810 W Summariser:   freeze duration: 1.00
07-12 18:30:58.022  2370  2370 W NearbyFragment: Completed downloading 20200312_194129!001.mp4 from Endpoint{id=F8-i, name=Shark 1S [9c8f]} in 07.815s
07-12 18:30:58.216  2370  3216 W mobile-ffmpeg: [graph 0 input from stream 0:0 @ 0x934384c0] sws_param option is deprecated and ignored
07-12 18:31:04.369  2370  3890 W Summariser: 1 active sections found
07-12 18:31:04.477  2370  3216 W mobile-ffmpeg: [graph 0 input from stream 0:0 @ 0x94b777a0] sws_param option is deprecated and ignored
07-12 18:31:16.217  2370  3890 W Summariser: Summarisation completed
07-12 18:31:16.217  2370  3890 W Summariser:   filename: 20200312_194129!001.mp4
07-12 18:31:16.217  2370  3890 W Summariser:   active sections: 1
07-12 18:31:16.217  2370  3890 W Summariser:   time: 18.028s
07-12 18:31:16.217  2370  3890 W Summariser:   original duration: 16.02
07-12 18:31:16.217  2370  3890 W Summariser:   summarised duration: 2.97
07-12 18:31:16.217  2370  3890 W Summariser:   noise tolerance: 45.00
07-12 18:31:16.217  2370  3890 W Summariser:   quality: 23
07-12 18:31:16.217  2370  3890 W Summariser:   speed: medium
07-12 18:31:16.217  2370  3890 W Summariser:   freeze duration: 1.00
07-12 18:31:16.262  2370  3890 W NearbyFragment: Sending 20200312_194129!001.mp4 to Shark 1S [9c8f]
07-12 18:31:26.286  2370  2370 W NearbyFragment: Completed downloading 20200312_194229!002.mp4 from Endpoint{id=F8-i, name=Shark 1S [9c8f]} in 09.906s
07-12 18:31:26.492  2370  3216 W mobile-ffmpeg: [graph 0 input from stream 0:0 @ 0x94b77740] sws_param option is deprecated and ignored
07-12 18:31:32.286  2370  3978 W Summariser: No activity detected
07-12 18:31:32.363  2370  3978 W Summariser: Summarisation completed
07-12 18:31:32.363  2370  3978 W Summariser:   filename: 20200312_194229!002.mp4
07-12 18:31:32.363  2370  3978 W Summariser:   active sections: 0
07-12 18:31:32.363  2370  3978 W Summariser:   time: 05.953s
07-12 18:31:32.363  2370  3978 W Summariser:   original duration: 16.01
07-12 18:31:32.363  2370  3978 W Summariser:   summarised duration: -1.00
07-12 18:31:32.363  2370  3978 W Summariser:   noise tolerance: 45.00
07-12 18:31:32.363  2370  3978 W Summariser:   quality: 23
07-12 18:31:32.363  2370  3978 W Summariser:   speed: medium
07-12 18:31:32.363  2370  3978 W Summariser:   freeze duration: 1.00
07-12 18:31:51.669  2370  2370 W NearbyFragment: Completed downloading 20200312_194330!001.mp4 from Endpoint{id=F8-i, name=Shark 1S [9c8f]} in 09.121s
07-12 18:31:51.955  2370  3216 W mobile-ffmpeg: [graph 0 input from stream 0:0 @ 0x8f464ba0] sws_param option is deprecated and ignored
07-12 18:31:57.764  2370  4036 W Summariser: No activity detected
07-12 18:31:57.839  2370  4036 W Summariser: Summarisation completed
07-12 18:31:57.839  2370  4036 W Summariser:   filename: 20200312_194330!001.mp4
07-12 18:31:57.839  2370  4036 W Summariser:   active sections: 0
07-12 18:31:57.839  2370  4036 W Summariser:   time: 06.014s
07-12 18:31:57.839  2370  4036 W Summariser:   original duration: 16.01
07-12 18:31:57.839  2370  4036 W Summariser:   summarised duration: -1.00
07-12 18:31:57.839  2370  4036 W Summariser:   noise tolerance: 45.00
07-12 18:31:57.839  2370  4036 W Summariser:   quality: 23
07-12 18:31:57.839  2370  4036 W Summariser:   speed: medium
07-12 18:31:57.839  2370  4036 W Summariser:   freeze duration: 1.00
07-12 18:32:13.824  2370  2370 W NearbyFragment: Completed downloading 20200312_194730!001.mp4 from Endpoint{id=F8-i, name=Shark 1S [9c8f]} in 04.294s
07-12 18:32:14.017  2370  3216 W mobile-ffmpeg: [graph 0 input from stream 0:0 @ 0x8f3e4000] sws_param option is deprecated and ignored
07-12 18:32:19.882  2370  4077 W Summariser: No activity detected
07-12 18:32:19.958  2370  4077 W Summariser: Summarisation completed
07-12 18:32:19.958  2370  4077 W Summariser:   filename: 20200312_194730!001.mp4
07-12 18:32:19.958  2370  4077 W Summariser:   active sections: 0
07-12 18:32:19.958  2370  4077 W Summariser:   time: 06.014s
07-12 18:32:19.958  2370  4077 W Summariser:   original duration: 16.02
07-12 18:32:19.958  2370  4077 W Summariser:   summarised duration: -1.00
07-12 18:32:19.958  2370  4077 W Summariser:   noise tolerance: 45.00
07-12 18:32:19.958  2370  4077 W Summariser:   quality: 23
07-12 18:32:19.958  2370  4077 W Summariser:   speed: medium
07-12 18:32:19.958  2370  4077 W Summariser:   freeze duration: 1.00
07-12 18:32:45.685  2370  2370 W NearbyFragment: Completed downloading 20200312_194830!001.mp4 from Endpoint{id=F8-i, name=Shark 1S [9c8f]} in 08.363s
07-12 18:32:45.887  2370  3216 W mobile-ffmpeg: [graph 0 input from stream 0:0 @ 0x8f3e6340] sws_param option is deprecated and ignored
07-12 18:32:51.729  2370  4133 W Summariser: 2 active sections found
07-12 18:32:51.856  2370  3216 W mobile-ffmpeg: [graph 0 input from stream 0:0 @ 0x8f7d2740] sws_param option is deprecated and ignored
07-12 18:32:51.857  2370  3216 W mobile-ffmpeg: [graph 0 input from stream 0:0 @ 0x8f7d2860] sws_param option is deprecated and ignored
07-12 18:33:13.353  2370  4133 W Summariser: Summarisation completed
07-12 18:33:13.353  2370  4133 W Summariser:   filename: 20200312_194830!001.mp4
07-12 18:33:13.353  2370  4133 W Summariser:   active sections: 2
07-12 18:33:13.353  2370  4133 W Summariser:   time: 27.440s
07-12 18:33:13.353  2370  4133 W Summariser:   original duration: 16.01
07-12 18:33:13.353  2370  4133 W Summariser:   summarised duration: 8.10
07-12 18:33:13.353  2370  4133 W Summariser:   noise tolerance: 45.00
07-12 18:33:13.353  2370  4133 W Summariser:   quality: 23
07-12 18:33:13.353  2370  4133 W Summariser:   speed: medium
07-12 18:33:13.353  2370  4133 W Summariser:   freeze duration: 1.00
07-12 18:33:13.407  2370  4133 W NearbyFragment: Sending 20200312_194830!001.mp4 to Shark 1S [9c8f]
07-12 18:33:27.786  2370  2370 W NearbyFragment: Completed downloading 20200312_195230!000.mp4 from Endpoint{id=F8-i, name=Shark 1S [9c8f]} in 05.114s
07-12 18:33:27.949  2370  3216 W mobile-ffmpeg: [graph 0 input from stream 0:0 @ 0xa5625cc0] sws_param option is deprecated and ignored
07-12 18:33:34.508  2370  4255 W Summariser: No activity detected
07-12 18:33:34.568  2370  4255 W Summariser: Summarisation completed
07-12 18:33:34.568  2370  4255 W Summariser:   filename: 20200312_195230!000.mp4
07-12 18:33:34.568  2370  4255 W Summariser:   active sections: 0
07-12 18:33:34.568  2370  4255 W Summariser:   time: 06.677s
07-12 18:33:34.568  2370  4255 W Summariser:   original duration: 16.07
07-12 18:33:34.568  2370  4255 W Summariser:   summarised duration: -1.00
07-12 18:33:34.568  2370  4255 W Summariser:   noise tolerance: 45.00
07-12 18:33:34.568  2370  4255 W Summariser:   quality: 23
07-12 18:33:34.568  2370  4255 W Summariser:   speed: medium
07-12 18:33:34.568  2370  4255 W Summariser:   freeze duration: 1.00
07-12 18:33:54.092  2370  2370 W NearbyFragment: Completed downloading 20200312_195330!001.mp4 from Endpoint{id=F8-i, name=Shark 1S [9c8f]} in 03.550s
07-12 18:33:54.276  2370  3216 W mobile-ffmpeg: [graph 0 input from stream 0:0 @ 0x93ef8580] sws_param option is deprecated and ignored
07-12 18:34:00.481  2370  4293 W Summariser: 2 active sections found
07-12 18:34:00.659  2370  3216 W mobile-ffmpeg: [graph 0 input from stream 0:0 @ 0x94b760c0] sws_param option is deprecated and ignored
07-12 18:34:00.659  2370  3216 W mobile-ffmpeg: [graph 0 input from stream 0:0 @ 0x94b76240] sws_param option is deprecated and ignored
07-12 18:34:29.820  2370  4293 W Summariser: Summarisation completed
07-12 18:34:29.820  2370  4293 W Summariser:   filename: 20200312_195330!001.mp4
07-12 18:34:29.820  2370  4293 W Summariser:   active sections: 2
07-12 18:34:29.820  2370  4293 W Summariser:   time: 35.537s
07-12 18:34:29.820  2370  4293 W Summariser:   original duration: 16.02
07-12 18:34:29.820  2370  4293 W Summariser:   summarised duration: 10.91
07-12 18:34:29.820  2370  4293 W Summariser:   noise tolerance: 45.00
07-12 18:34:29.820  2370  4293 W Summariser:   quality: 23
07-12 18:34:29.820  2370  4293 W Summariser:   speed: medium
07-12 18:34:29.820  2370  4293 W Summariser:   freeze duration: 1.00
07-12 18:34:29.907  2370  4293 W NearbyFragment: Sending 20200312_195330!001.mp4 to Shark 1S [9c8f]
