--------- beginning of main
--------- beginning of system
07-12 18:06:13.972  7534  7534 W LogFactory: Truncating log tag length as it exceed 23, the limit imposed by Android on certain API Levels
07-12 18:06:33.930  7534  7568 W LogFactory: Truncating log tag length as it exceed 23, the limit imposed by Android on certain API Levels
07-12 18:06:33.931  7534  7568 W LogFactory: Truncating log tag length as it exceed 23, the limit imposed by Android on certain API Levels
07-12 18:06:34.111  7534  7568 W LogFactory: Truncating log tag length as it exceed 23, the limit imposed by Android on certain API Levels
07-12 18:06:34.502  7534  7534 W System.err: org.json.JSONException: No value for manufacturer
07-12 18:06:34.503  7534  7534 W System.err: 	at org.json.JSONObject.get(JSONObject.java:392)
07-12 18:06:34.503  7534  7534 W System.err: 	at org.json.JSONObject.getString(JSONObject.java:553)
07-12 18:06:34.503  7534  7534 W System.err: 	at com.jaredrummler.android.device.DeviceName$DeviceInfo.<init>(DeviceName.java:374)
07-12 18:06:34.503  7534  7534 W System.err: 	at com.jaredrummler.android.device.DeviceName$DeviceInfo.<init>(DeviceName.java:347)
07-12 18:06:34.503  7534  7534 W System.err: 	at com.jaredrummler.android.device.DeviceName.getDeviceInfo(DeviceName.java:186)
07-12 18:06:34.503  7534  7534 W System.err: 	at com.jaredrummler.android.device.DeviceName.getDeviceName(DeviceName.java:138)
07-12 18:06:34.503  7534  7534 W System.err: 	at com.jaredrummler.android.device.DeviceName.getDeviceName(DeviceName.java:111)
07-12 18:06:34.503  7534  7534 W System.err: 	at com.example.edgesum.util.nearby.NearbyFragment.setLocalName(NearbyFragment.java:118)
07-12 18:06:34.503  7534  7534 W System.err: 	at com.example.edgesum.util.nearby.NearbyFragment.onCreate(NearbyFragment.java:110)
07-12 18:06:34.504  7534  7534 W System.err: 	at com.example.edgesum.page.main.ConnectionFragment.onCreate(ConnectionFragment.java:30)
07-12 18:06:34.504  7534  7534 W System.err: 	at androidx.fragment.app.Fragment.performCreate(Fragment.java:2684)
07-12 18:06:34.504  7534  7534 W System.err: 	at androidx.fragment.app.FragmentStateManager.create(FragmentStateManager.java:280)
07-12 18:06:34.504  7534  7534 W System.err: 	at androidx.fragment.app.FragmentManager.moveToState(FragmentManager.java:1175)
07-12 18:06:34.504  7534  7534 W System.err: 	at androidx.fragment.app.FragmentTransition.addToFirstInLastOut(FragmentTransition.java:1255)
07-12 18:06:34.504  7534  7534 W System.err: 	at androidx.fragment.app.FragmentTransition.calculateFragments(FragmentTransition.java:1138)
07-12 18:06:34.504  7534  7534 W System.err: 	at androidx.fragment.app.FragmentTransition.startTransitions(FragmentTransition.java:136)
07-12 18:06:34.504  7534  7534 W System.err: 	at androidx.fragment.app.FragmentManager.executeOpsTogether(FragmentManager.java:1989)
07-12 18:06:34.504  7534  7534 W System.err: 	at androidx.fragment.app.FragmentManager.removeRedundantOperationsAndExecute(FragmentManager.java:1947)
07-12 18:06:34.504  7534  7534 W System.err: 	at androidx.fragment.app.FragmentManager.execPendingActions(FragmentManager.java:1849)
07-12 18:06:34.504  7534  7534 W System.err: 	at androidx.fragment.app.FragmentManager.dispatchStateChange(FragmentManager.java:2629)
07-12 18:06:34.504  7534  7534 W System.err: 	at androidx.fragment.app.FragmentManager.dispatchActivityCreated(FragmentManager.java:2577)
07-12 18:06:34.505  7534  7534 W System.err: 	at androidx.fragment.app.FragmentController.dispatchActivityCreated(FragmentController.java:247)
07-12 18:06:34.505  7534  7534 W System.err: 	at androidx.fragment.app.FragmentActivity.onStart(FragmentActivity.java:541)
07-12 18:06:34.505  7534  7534 W System.err: 	at androidx.appcompat.app.AppCompatActivity.onStart(AppCompatActivity.java:201)
07-12 18:06:34.505  7534  7534 W System.err: 	at com.example.edgesum.page.main.MainActivity.onStart(MainActivity.java:88)
07-12 18:06:34.505  7534  7534 W System.err: 	at android.app.Instrumentation.callActivityOnStart(Instrumentation.java:1334)
07-12 18:06:34.505  7534  7534 W System.err: 	at android.app.Activity.performStart(Activity.java:7029)
07-12 18:06:34.505  7534  7534 W System.err: 	at android.app.ActivityThread.performLaunchActivity(ActivityThread.java:2741)
07-12 18:06:34.505  7534  7534 W System.err: 	at android.app.ActivityThread.handleLaunchActivity(ActivityThread.java:2856)
07-12 18:06:34.505  7534  7534 W System.err: 	at android.app.ActivityThread.-wrap11(Unknown Source:0)
07-12 18:06:34.505  7534  7534 W System.err: 	at android.app.ActivityThread$H.handleMessage(ActivityThread.java:1589)
07-12 18:06:34.505  7534  7534 W System.err: 	at android.os.Handler.dispatchMessage(Handler.java:106)
07-12 18:06:34.505  7534  7534 W System.err: 	at android.os.Looper.loop(Looper.java:164)
07-12 18:06:34.506  7534  7534 W System.err: 	at android.app.ActivityThread.main(ActivityThread.java:6494)
07-12 18:06:34.506  7534  7534 W System.err: 	at java.lang.reflect.Method.invoke(Native Method)
07-12 18:06:34.506  7534  7534 W System.err: 	at com.android.internal.os.RuntimeInit$MethodAndArgsCaller.run(RuntimeInit.java:438)
07-12 18:06:34.506  7534  7534 W System.err: 	at com.android.internal.os.ZygoteInit.main(ZygoteInit.java:807)
07-12 18:06:34.727  7534  7534 E TransferService: No notification is passed in the intent. Unable to transition to foreground.
07-12 18:07:34.015  7534  7534 W NearbyFragment: Preferences:
07-12 18:07:34.015  7534  7534 W NearbyFragment:   Auto download: true
07-12 18:07:34.015  7534  7534 W NearbyFragment:   Algorithm: best_or_local
07-12 18:07:34.015  7534  7534 W NearbyFragment:   Fast scheduling: true
07-12 18:07:34.015  7534  7534 W NearbyFragment:   Segmentation: true
07-12 18:07:34.015  7534  7534 W NearbyFragment:   Auto segmentation: false
07-12 18:07:34.015  7534  7534 W NearbyFragment:   Segment number: 4
07-12 18:07:34.015  7534  7534 W NearbyFragment:   Noise tolerance: 45.00
07-12 18:07:34.015  7534  7534 W NearbyFragment:   Quality: 23
07-12 18:07:34.015  7534  7534 W NearbyFragment:   Speed: medium
07-12 18:07:34.015  7534  7534 W NearbyFragment:   Freeze duration: 1.00
07-12 18:07:34.016  7534  7534 W NearbyFragment: Download delay: 1s
07-12 18:07:34.016  7534  7534 W NearbyFragment: Started downloading from dashcam
07-12 18:07:52.682  7534  7802 W DashDownloadManager: Successfully downloaded 20200312_150643.mp4 in 18.572s
07-12 18:07:52.782  7534  7819 W mobile-ffmpeg: [mov,mp4,m4a,3gp,3g2,mj2 @ 0x70956d5800] Found duplicated MOOV Atom. Skipped it
07-12 18:07:52.887  7534  7819 W mobile-ffmpeg: [mov,mp4,m4a,3gp,3g2,mj2 @ 0x70956d5800] Found duplicated MOOV Atom. Skipped it
07-12 18:07:54.006  7534  7802 W NearbyFragment: Sending 20200312_150643!000.mp4 to Galaxy S8 [2802]
07-12 18:07:59.027  7534  7819 W mobile-ffmpeg: [graph 0 input from stream 0:0 @ 0x7082633d00] sws_param option is deprecated and ignored
07-12 18:08:01.611  7534  7534 W NearbyFragment: Sending 20200312_150643!002.mp4 to Galaxy S8 [2802]
07-12 18:08:02.295  7534  7825 W Summariser: No activity detected
07-12 18:08:02.357  7534  7825 W Summariser: Summarisation completed
07-12 18:08:02.357  7534  7825 W Summariser:   filename: 20200312_150643!001.mp4
07-12 18:08:02.357  7534  7825 W Summariser:   active sections: 0
07-12 18:08:02.357  7534  7825 W Summariser:   time: 03.381s
07-12 18:08:02.357  7534  7825 W Summariser:   original duration: 16.01
07-12 18:08:02.357  7534  7825 W Summariser:   summarised duration: -1.00
07-12 18:08:02.357  7534  7825 W Summariser:   noise tolerance: 45.00
07-12 18:08:02.357  7534  7825 W Summariser:   quality: 23
07-12 18:08:02.357  7534  7825 W Summariser:   speed: medium
07-12 18:08:02.357  7534  7825 W Summariser:   freeze duration: 1.00
07-12 18:08:07.298  7534  7819 W mobile-ffmpeg: [graph 0 input from stream 0:0 @ 0x7082633ac0] sws_param option is deprecated and ignored
07-12 18:08:09.861  7534  7850 W Summariser: No activity detected
07-12 18:08:09.924  7534  7850 W Summariser: Summarisation completed
07-12 18:08:09.924  7534  7850 W Summariser:   filename: 20200312_150643!003.mp4
07-12 18:08:09.924  7534  7850 W Summariser:   active sections: 0
07-12 18:08:09.924  7534  7850 W Summariser:   time: 02.716s
07-12 18:08:09.924  7534  7850 W Summariser:   original duration: 12.01
07-12 18:08:09.924  7534  7850 W Summariser:   summarised duration: -1.00
07-12 18:08:09.924  7534  7850 W Summariser:   noise tolerance: 45.00
07-12 18:08:09.924  7534  7850 W Summariser:   quality: 23
07-12 18:08:09.924  7534  7850 W Summariser:   speed: medium
07-12 18:08:09.924  7534  7850 W Summariser:   freeze duration: 1.00
07-12 18:08:16.201  7534  7802 W DashDownloadManager: Successfully downloaded 20200312_150744.mp4 in 21.133s
07-12 18:08:16.214  7534  7819 W mobile-ffmpeg: [mov,mp4,m4a,3gp,3g2,mj2 @ 0x70956d5800] Found duplicated MOOV Atom. Skipped it
07-12 18:08:16.305  7534  7819 W mobile-ffmpeg: [mov,mp4,m4a,3gp,3g2,mj2 @ 0x70956d5800] Found duplicated MOOV Atom. Skipped it
07-12 18:08:17.582  7534  7802 W NearbyFragment: Sending 20200312_150744!000.mp4 to Galaxy S8 [2802]
07-12 18:08:22.204  7534  7819 W mobile-ffmpeg: [graph 0 input from stream 0:0 @ 0x709562c440] sws_param option is deprecated and ignored
07-12 18:08:23.949  7534  7534 W NearbyFragment: Sending 20200312_150744!002.mp4 to Galaxy S8 [2802]
07-12 18:08:25.825  7534  7876 W Summariser: No activity detected
07-12 18:08:25.896  7534  7876 W Summariser: Summarisation completed
07-12 18:08:25.896  7534  7876 W Summariser:   filename: 20200312_150744!001.mp4
07-12 18:08:25.896  7534  7876 W Summariser:   active sections: 0
07-12 18:08:25.896  7534  7876 W Summariser:   time: 03.730s
07-12 18:08:25.896  7534  7876 W Summariser:   original duration: 16.02
07-12 18:08:25.896  7534  7876 W Summariser:   summarised duration: -1.00
07-12 18:08:25.896  7534  7876 W Summariser:   noise tolerance: 45.00
07-12 18:08:25.896  7534  7876 W Summariser:   quality: 23
07-12 18:08:25.896  7534  7876 W Summariser:   speed: medium
07-12 18:08:25.896  7534  7876 W Summariser:   freeze duration: 1.00
07-12 18:08:29.108  7534  7819 W mobile-ffmpeg: [graph 0 input from stream 0:0 @ 0x709562c440] sws_param option is deprecated and ignored
07-12 18:08:32.060  7534  7898 W Summariser: 1 active sections found
07-12 18:08:32.137  7534  7819 W mobile-ffmpeg: [graph 0 input from stream 0:0 @ 0x709562c2c0] sws_param option is deprecated and ignored
07-12 18:08:39.787  7534  7802 W DashDownloadManager: Successfully downloaded 20200312_150844.mp4 in 21.134s
07-12 18:08:39.800  7534  7819 W mobile-ffmpeg: [mov,mp4,m4a,3gp,3g2,mj2 @ 0x70956d5800] Found duplicated MOOV Atom. Skipped it
07-12 18:08:39.988  7534  7819 W mobile-ffmpeg: [mov,mp4,m4a,3gp,3g2,mj2 @ 0x70956d5800] Found duplicated MOOV Atom. Skipped it
07-12 18:08:41.964  7534  7802 W NearbyFragment: Sending 20200312_150844!000.mp4 to Galaxy S8 [2802]
07-12 18:08:47.132  7534  7898 W Summariser: Summarisation completed
07-12 18:08:47.132  7534  7898 W Summariser:   filename: 20200312_150744!003.mp4
07-12 18:08:47.132  7534  7898 W Summariser:   active sections: 1
07-12 18:08:47.132  7534  7898 W Summariser:   time: 18.097s
07-12 18:08:47.132  7534  7898 W Summariser:   original duration: 12.03
07-12 18:08:47.132  7534  7898 W Summariser:   summarised duration: 4.89
07-12 18:08:47.132  7534  7898 W Summariser:   noise tolerance: 45.00
07-12 18:08:47.132  7534  7898 W Summariser:   quality: 23
07-12 18:08:47.132  7534  7898 W Summariser:   speed: medium
07-12 18:08:47.132  7534  7898 W Summariser:   freeze duration: 1.00
07-12 18:08:47.235  7534  7898 W FfmpegTools: Single segment returned, duration of 20200312_150744: 4.89
07-12 18:08:47.423  7534  7819 W mobile-ffmpeg: [graph 0 input from stream 0:0 @ 0x709562c380] sws_param option is deprecated and ignored
07-12 18:08:49.365  7534  7534 W NearbyFragment: Sending 20200312_150844!002.mp4 to Galaxy S8 [2802]
07-12 18:08:52.096  7534  7898 W Summariser: Whole video is active
07-12 18:08:53.436  7534  7898 W Summariser: Summarisation completed
07-12 18:08:53.436  7534  7898 W Summariser:   filename: 20200312_150844!001.mp4
07-12 18:08:53.436  7534  7898 W Summariser:   active sections: -1
07-12 18:08:53.436  7534  7898 W Summariser:   time: 05.876s
07-12 18:08:53.436  7534  7898 W Summariser:   original duration: 16.01
07-12 18:08:53.436  7534  7898 W Summariser:   summarised duration: 16.01
07-12 18:08:53.436  7534  7898 W Summariser:   noise tolerance: 45.00
07-12 18:08:53.436  7534  7898 W Summariser:   quality: 23
07-12 18:08:53.436  7534  7898 W Summariser:   speed: medium
07-12 18:08:53.436  7534  7898 W Summariser:   freeze duration: 1.00
07-12 18:08:54.533  7534  7534 W NearbyFragment: Completed downloading 20200312_150844!000.mp4 from Endpoint{id=Hqzs, name=Galaxy S8 [2802]} in 05.171s
07-12 18:08:57.420  7534  7819 W mobile-ffmpeg: [graph 0 input from stream 0:0 @ 0x709562c380] sws_param option is deprecated and ignored
07-12 18:09:02.325  7534  7984 W Summariser: Whole video is active
07-12 18:09:03.274  7534  7984 W Summariser: Summarisation completed
07-12 18:09:03.274  7534  7984 W Summariser:   filename: 20200312_150844!003.mp4
07-12 18:09:03.274  7534  7984 W Summariser:   active sections: -1
07-12 18:09:03.274  7534  7984 W Summariser:   time: 05.823s
07-12 18:09:03.274  7534  7984 W Summariser:   original duration: 11.98
07-12 18:09:03.274  7534  7984 W Summariser:   summarised duration: 11.98
07-12 18:09:03.274  7534  7984 W Summariser:   noise tolerance: 45.00
07-12 18:09:03.274  7534  7984 W Summariser:   quality: 23
07-12 18:09:03.274  7534  7984 W Summariser:   speed: medium
07-12 18:09:03.274  7534  7984 W Summariser:   freeze duration: 1.00
07-12 18:09:04.305  7534  7534 W NearbyFragment: Completed downloading 20200312_150844!002.mp4 from Endpoint{id=Hqzs, name=Galaxy S8 [2802]} in 03.856s
07-12 18:09:06.411  7534  7534 W FfmpegTools: Merged duration of 20200312_150844: 60.08
07-12 18:09:13.920  7534  7802 W DashDownloadManager: Successfully downloaded 20200312_150944.mp4 in 30.898s
07-12 18:09:13.932  7534  7819 W mobile-ffmpeg: [mov,mp4,m4a,3gp,3g2,mj2 @ 0x70956d5e00] Found duplicated MOOV Atom. Skipped it
07-12 18:09:14.059  7534  7819 W mobile-ffmpeg: [mov,mp4,m4a,3gp,3g2,mj2 @ 0x70956d5e00] Found duplicated MOOV Atom. Skipped it
07-12 18:09:15.377  7534  7802 W NearbyFragment: Sending 20200312_150944!000.mp4 to Galaxy S8 [2802]
07-12 18:09:19.588  7534  7819 W mobile-ffmpeg: [graph 0 input from stream 0:0 @ 0x709562c440] sws_param option is deprecated and ignored
07-12 18:09:26.328  7534  8017 W Summariser: No activity detected
07-12 18:09:26.447  7534  8017 W Summariser: Summarisation completed
07-12 18:09:26.447  7534  8017 W Summariser:   filename: 20200312_150944!001.mp4
07-12 18:09:26.447  7534  8017 W Summariser:   active sections: 0
07-12 18:09:26.447  7534  8017 W Summariser:   time: 06.964s
07-12 18:09:26.447  7534  8017 W Summariser:   original duration: 16.01
07-12 18:09:26.447  7534  8017 W Summariser:   summarised duration: -1.00
07-12 18:09:26.447  7534  8017 W Summariser:   noise tolerance: 45.00
07-12 18:09:26.447  7534  8017 W Summariser:   quality: 23
07-12 18:09:26.447  7534  8017 W Summariser:   speed: medium
07-12 18:09:26.447  7534  8017 W Summariser:   freeze duration: 1.00
07-12 18:09:30.158  7534  7534 W NearbyFragment: Sending 20200312_150944!002.mp4 to Galaxy S8 [2802]
07-12 18:09:30.635  7534  7534 W NearbyFragment: Completed downloading 20200312_150944!000.mp4 from Endpoint{id=Hqzs, name=Galaxy S8 [2802]} in 00.482s
07-12 18:09:35.044  7534  7819 W mobile-ffmpeg: [graph 0 input from stream 0:0 @ 0x709562c380] sws_param option is deprecated and ignored
07-12 18:09:37.959  7534  7802 W DashDownloadManager: Successfully downloaded 20200312_151044.mp4 in 21.504s
07-12 18:09:37.969  7534  7819 W mobile-ffmpeg: [mov,mp4,m4a,3gp,3g2,mj2 @ 0x70956d5800] Found duplicated MOOV Atom. Skipped it
07-12 18:09:38.099  7534  7819 W mobile-ffmpeg: [mov,mp4,m4a,3gp,3g2,mj2 @ 0x70956d5800] Found duplicated MOOV Atom. Skipped it
07-12 18:09:39.117  7534  8037 W Summariser: No activity detected
07-12 18:09:39.193  7534  8037 W Summariser: Summarisation completed
07-12 18:09:39.193  7534  8037 W Summariser:   filename: 20200312_150944!003.mp4
07-12 18:09:39.193  7534  8037 W Summariser:   active sections: 0
07-12 18:09:39.193  7534  8037 W Summariser:   time: 04.263s
07-12 18:09:39.193  7534  8037 W Summariser:   original duration: 12.01
07-12 18:09:39.193  7534  8037 W Summariser:   summarised duration: -1.00
07-12 18:09:39.193  7534  8037 W Summariser:   noise tolerance: 45.00
07-12 18:09:39.193  7534  8037 W Summariser:   quality: 23
07-12 18:09:39.193  7534  8037 W Summariser:   speed: medium
07-12 18:09:39.193  7534  8037 W Summariser:   freeze duration: 1.00
07-12 18:09:39.256  7534  8037 W FfmpegTools: Single segment returned, duration of 20200312_150944: 7.07
07-12 18:09:39.407  7534  7802 W NearbyFragment: Sending 20200312_151044!000.mp4 to Galaxy S8 [2802]
07-12 18:09:43.171  7534  7819 W mobile-ffmpeg: [graph 0 input from stream 0:0 @ 0x709562c380] sws_param option is deprecated and ignored
07-12 18:09:45.782  7534  7534 W NearbyFragment: Sending 20200312_151044!002.mp4 to Galaxy S8 [2802]
07-12 18:09:50.172  7534  8064 W Summariser: No activity detected
07-12 18:09:50.274  7534  8064 W Summariser: Summarisation completed
07-12 18:09:50.274  7534  8064 W Summariser:   filename: 20200312_151044!001.mp4
07-12 18:09:50.274  7534  8064 W Summariser:   active sections: 0
07-12 18:09:50.274  7534  8064 W Summariser:   time: 07.182s
07-12 18:09:50.274  7534  8064 W Summariser:   original duration: 16.02
07-12 18:09:50.274  7534  8064 W Summariser:   summarised duration: -1.00
07-12 18:09:50.274  7534  8064 W Summariser:   noise tolerance: 45.00
07-12 18:09:50.274  7534  8064 W Summariser:   quality: 23
07-12 18:09:50.274  7534  8064 W Summariser:   speed: medium
07-12 18:09:50.274  7534  8064 W Summariser:   freeze duration: 1.00
07-12 18:09:50.752  7534  7819 W mobile-ffmpeg: [graph 0 input from stream 0:0 @ 0x709562c140] sws_param option is deprecated and ignored
07-12 18:09:55.804  7534  8082 W Summariser: No activity detected
07-12 18:09:55.881  7534  8082 W Summariser: Summarisation completed
07-12 18:09:55.881  7534  8082 W Summariser:   filename: 20200312_151044!003.mp4
07-12 18:09:55.881  7534  8082 W Summariser:   active sections: 0
07-12 18:09:55.881  7534  8082 W Summariser:   time: 05.186s
07-12 18:09:55.881  7534  8082 W Summariser:   original duration: 12.03
07-12 18:09:55.881  7534  8082 W Summariser:   summarised duration: -1.00
07-12 18:09:55.881  7534  8082 W Summariser:   noise tolerance: 45.00
07-12 18:09:55.881  7534  8082 W Summariser:   quality: 23
07-12 18:09:55.881  7534  8082 W Summariser:   speed: medium
07-12 18:09:55.881  7534  8082 W Summariser:   freeze duration: 1.00
07-12 18:10:02.107  7534  7802 W DashDownloadManager: Successfully downloaded 20200312_193528.mp4 in 21.648s
07-12 18:10:02.117  7534  7819 W mobile-ffmpeg: [mov,mp4,m4a,3gp,3g2,mj2 @ 0x70956d5800] Found duplicated MOOV Atom. Skipped it
07-12 18:10:02.207  7534  7819 W mobile-ffmpeg: [mov,mp4,m4a,3gp,3g2,mj2 @ 0x70956d5800] Found duplicated MOOV Atom. Skipped it
07-12 18:10:03.445  7534  7802 W NearbyFragment: Sending 20200312_193528!000.mp4 to Galaxy S8 [2802]
07-12 18:10:11.009  7534  7819 W mobile-ffmpeg: [graph 0 input from stream 0:0 @ 0x709562c200] sws_param option is deprecated and ignored
07-12 18:10:13.139  7534  7534 W NearbyFragment: Sending 20200312_193528!002.mp4 to Galaxy S8 [2802]
07-12 18:10:17.854  7534  8105 W Summariser: No activity detected
07-12 18:10:17.926  7534  8105 W Summariser: Summarisation completed
07-12 18:10:17.926  7534  8105 W Summariser:   filename: 20200312_193528!001.mp4
07-12 18:10:17.926  7534  8105 W Summariser:   active sections: 0
07-12 18:10:17.926  7534  8105 W Summariser:   time: 06.978s
07-12 18:10:17.926  7534  8105 W Summariser:   original duration: 16.01
07-12 18:10:17.926  7534  8105 W Summariser:   summarised duration: -1.00
07-12 18:10:17.926  7534  8105 W Summariser:   noise tolerance: 45.00
07-12 18:10:17.926  7534  8105 W Summariser:   quality: 23
07-12 18:10:17.926  7534  8105 W Summariser:   speed: medium
07-12 18:10:17.926  7534  8105 W Summariser:   freeze duration: 1.00
07-12 18:10:18.108  7534  7819 W mobile-ffmpeg: [graph 0 input from stream 0:0 @ 0x709562c200] sws_param option is deprecated and ignored
07-12 18:10:23.049  7534  8105 W Summariser: No activity detected
07-12 18:10:23.170  7534  8105 W Summariser: Summarisation completed
07-12 18:10:23.170  7534  8105 W Summariser:   filename: 20200312_193528!003.mp4
07-12 18:10:23.170  7534  8105 W Summariser:   active sections: 0
07-12 18:10:23.170  7534  8105 W Summariser:   time: 05.114s
07-12 18:10:23.170  7534  8105 W Summariser:   original duration: 12.01
07-12 18:10:23.170  7534  8105 W Summariser:   summarised duration: -1.00
07-12 18:10:23.170  7534  8105 W Summariser:   noise tolerance: 45.00
07-12 18:10:23.170  7534  8105 W Summariser:   quality: 23
07-12 18:10:23.170  7534  8105 W Summariser:   speed: medium
07-12 18:10:23.170  7534  8105 W Summariser:   freeze duration: 1.00
07-12 18:10:27.926  7534  7802 W DashDownloadManager: Successfully downloaded 20200312_193628.mp4 in 23.412s
07-12 18:10:27.937  7534  7819 W mobile-ffmpeg: [mov,mp4,m4a,3gp,3g2,mj2 @ 0x70956d5800] Found duplicated MOOV Atom. Skipped it
07-12 18:10:28.054  7534  7819 W mobile-ffmpeg: [mov,mp4,m4a,3gp,3g2,mj2 @ 0x70956d5800] Found duplicated MOOV Atom. Skipped it
07-12 18:10:29.435  7534  7802 W NearbyFragment: Sending 20200312_193628!000.mp4 to Galaxy S8 [2802]
07-12 18:10:33.378  7534  7819 W mobile-ffmpeg: [graph 0 input from stream 0:0 @ 0x709562c200] sws_param option is deprecated and ignored
07-12 18:10:35.567  7534  7534 W NearbyFragment: Sending 20200312_193628!002.mp4 to Galaxy S8 [2802]
07-12 18:10:40.503  7534  8135 W Summariser: No activity detected
07-12 18:10:40.621  7534  8135 W Summariser: Summarisation completed
07-12 18:10:40.621  7534  8135 W Summariser:   filename: 20200312_193628!001.mp4
07-12 18:10:40.621  7534  8135 W Summariser:   active sections: 0
07-12 18:10:40.621  7534  8135 W Summariser:   time: 07.289s
07-12 18:10:40.621  7534  8135 W Summariser:   original duration: 16.01
07-12 18:10:40.621  7534  8135 W Summariser:   summarised duration: -1.00
07-12 18:10:40.621  7534  8135 W Summariser:   noise tolerance: 45.00
07-12 18:10:40.621  7534  8135 W Summariser:   quality: 23
07-12 18:10:40.621  7534  8135 W Summariser:   speed: medium
07-12 18:10:40.621  7534  8135 W Summariser:   freeze duration: 1.00
07-12 18:10:40.787  7534  7819 W mobile-ffmpeg: [graph 0 input from stream 0:0 @ 0x709562c200] sws_param option is deprecated and ignored
07-12 18:10:46.133  7534  8135 W Summariser: 1 active sections found
07-12 18:10:46.299  7534  7819 W mobile-ffmpeg: [graph 0 input from stream 0:0 @ 0x709562c140] sws_param option is deprecated and ignored
07-12 18:10:50.349  7534  7802 W DashDownloadManager: Successfully downloaded 20200312_193728.mp4 in 19.871s
07-12 18:10:50.360  7534  7819 W mobile-ffmpeg: [mov,mp4,m4a,3gp,3g2,mj2 @ 0x70956d5800] Found duplicated MOOV Atom. Skipped it
07-12 18:10:50.479  7534  7819 W mobile-ffmpeg: [mov,mp4,m4a,3gp,3g2,mj2 @ 0x70956d5800] Found duplicated MOOV Atom. Skipped it
07-12 18:10:51.693  7534  7802 W NearbyFragment: Sending 20200312_193728!000.mp4 to Galaxy S8 [2802]
07-12 18:10:58.577  7534  7534 W NearbyFragment: Sending 20200312_193728!002.mp4 to Galaxy S8 [2802]
07-12 18:11:02.311  7534  7534 W NearbyFragment: Completed downloading 20200312_193728!000.mp4 from Endpoint{id=Hqzs, name=Galaxy S8 [2802]} in 03.731s
07-12 18:11:11.305  7534  7534 W NearbyFragment: Completed downloading 20200312_193728!002.mp4 from Endpoint{id=Hqzs, name=Galaxy S8 [2802]} in 03.575s
07-12 18:11:15.150  7534  7802 W DashDownloadManager: Successfully downloaded 20200312_193828.mp4 in 22.405s
07-12 18:11:15.161  7534  7819 W mobile-ffmpeg: [mov,mp4,m4a,3gp,3g2,mj2 @ 0x70956d5800] Found duplicated MOOV Atom. Skipped it
07-12 18:11:15.301  7534  7819 W mobile-ffmpeg: [mov,mp4,m4a,3gp,3g2,mj2 @ 0x70956d5800] Found duplicated MOOV Atom. Skipped it
07-12 18:11:16.830  7534  7802 W NearbyFragment: Sending 20200312_193828!000.mp4 to Galaxy S8 [2802]
07-12 18:11:21.635  7534  8135 W Summariser: Summarisation completed
07-12 18:11:21.635  7534  8135 W Summariser:   filename: 20200312_193628!003.mp4
07-12 18:11:21.635  7534  8135 W Summariser:   active sections: 1
07-12 18:11:21.635  7534  8135 W Summariser:   time: 40.877s
07-12 18:11:21.635  7534  8135 W Summariser:   original duration: 12.03
07-12 18:11:21.635  7534  8135 W Summariser:   summarised duration: 6.16
07-12 18:11:21.635  7534  8135 W Summariser:   noise tolerance: 45.00
07-12 18:11:21.635  7534  8135 W Summariser:   quality: 23
07-12 18:11:21.635  7534  8135 W Summariser:   speed: medium
07-12 18:11:21.635  7534  8135 W Summariser:   freeze duration: 1.00
07-12 18:11:21.746  7534  8135 W FfmpegTools: Single segment returned, duration of 20200312_193628: 6.16
07-12 18:11:22.055  7534  7819 W mobile-ffmpeg: [graph 0 input from stream 0:0 @ 0x709562c200] sws_param option is deprecated and ignored
07-12 18:11:30.328  7534  8135 W Summariser: Whole video is active
07-12 18:11:31.295  7534  8135 W Summariser: Summarisation completed
07-12 18:11:31.295  7534  8135 W Summariser:   filename: 20200312_193728!001.mp4
07-12 18:11:31.295  7534  8135 W Summariser:   active sections: -1
07-12 18:11:31.295  7534  8135 W Summariser:   time: 09.242s
07-12 18:11:31.295  7534  8135 W Summariser:   original duration: 16.01
07-12 18:11:31.295  7534  8135 W Summariser:   summarised duration: 16.01
07-12 18:11:31.295  7534  8135 W Summariser:   noise tolerance: 45.00
07-12 18:11:31.295  7534  8135 W Summariser:   quality: 23
07-12 18:11:31.295  7534  8135 W Summariser:   speed: medium
07-12 18:11:31.295  7534  8135 W Summariser:   freeze duration: 1.00
07-12 18:11:31.488  7534  7819 W mobile-ffmpeg: [graph 0 input from stream 0:0 @ 0x709562c200] sws_param option is deprecated and ignored
07-12 18:11:34.026  7534  7802 W DashDownloadManager: Successfully downloaded 20200312_193928.mp4 in 16.147s
07-12 18:11:34.042  7534  7819 W mobile-ffmpeg: [mov,mp4,m4a,3gp,3g2,mj2 @ 0x70956d5800] Found duplicated MOOV Atom. Skipped it
07-12 18:11:34.179  7534  7819 W mobile-ffmpeg: [mov,mp4,m4a,3gp,3g2,mj2 @ 0x70956d5800] Found duplicated MOOV Atom. Skipped it
07-12 18:11:38.072  7534  8135 W Summariser: Whole video is active
07-12 18:11:38.771  7534  8135 W Summariser: Summarisation completed
07-12 18:11:38.771  7534  8135 W Summariser:   filename: 20200312_193728!003.mp4
07-12 18:11:38.771  7534  8135 W Summariser:   active sections: -1
07-12 18:11:38.771  7534  8135 W Summariser:   time: 07.270s
07-12 18:11:38.771  7534  8135 W Summariser:   original duration: 11.98
07-12 18:11:38.771  7534  8135 W Summariser:   summarised duration: 11.98
07-12 18:11:38.771  7534  8135 W Summariser:   noise tolerance: 45.00
07-12 18:11:38.771  7534  8135 W Summariser:   quality: 23
07-12 18:11:38.771  7534  8135 W Summariser:   speed: medium
07-12 18:11:38.771  7534  8135 W Summariser:   freeze duration: 1.00
07-12 18:11:39.932  7534  8135 W FfmpegTools: Merged duration of 20200312_193728: 60.07
07-12 18:11:39.934  7534  7534 W NearbyFragment: Sending 20200312_193828!003.mp4 to Galaxy S8 [2802]
07-12 18:11:40.865  7534  7819 W mobile-ffmpeg: [graph 0 input from stream 0:0 @ 0x709562c200] sws_param option is deprecated and ignored
07-12 18:11:41.373  7534  7534 W NearbyFragment: Completed downloading 20200312_193828!000.mp4 from Endpoint{id=Hqzs, name=Galaxy S8 [2802]} in 01.441s
07-12 18:11:45.584  7534  7534 W NearbyFragment: Sending 20200312_193928!001.mp4 to Galaxy S8 [2802]
07-12 18:11:48.262  7534  8135 W Summariser: No activity detected
07-12 18:11:48.365  7534  8135 W Summariser: Summarisation completed
07-12 18:11:48.365  7534  8135 W Summariser:   filename: 20200312_193828!001.mp4
07-12 18:11:48.365  7534  8135 W Summariser:   active sections: 0
07-12 18:11:48.365  7534  8135 W Summariser:   time: 07.586s
07-12 18:11:48.365  7534  8135 W Summariser:   original duration: 16.01
07-12 18:11:48.365  7534  8135 W Summariser:   summarised duration: -1.00
07-12 18:11:48.365  7534  8135 W Summariser:   noise tolerance: 45.00
07-12 18:11:48.365  7534  8135 W Summariser:   quality: 23
07-12 18:11:48.365  7534  8135 W Summariser:   speed: medium
07-12 18:11:48.365  7534  8135 W Summariser:   freeze duration: 1.00
07-12 18:11:48.558  7534  7819 W mobile-ffmpeg: [graph 0 input from stream 0:0 @ 0x709562c200] sws_param option is deprecated and ignored
07-12 18:11:52.808  7534  7534 W NearbyFragment: Sending 20200312_193928!003.mp4 to Galaxy S8 [2802]
07-12 18:11:55.781  7534  8135 W Summariser: No activity detected
07-12 18:11:55.894  7534  8135 W Summariser: Summarisation completed
07-12 18:11:55.894  7534  8135 W Summariser:   filename: 20200312_193828!002.mp4
07-12 18:11:55.894  7534  8135 W Summariser:   active sections: 0
07-12 18:11:55.894  7534  8135 W Summariser:   time: 07.400s
07-12 18:11:55.894  7534  8135 W Summariser:   original duration: 16.01
07-12 18:11:55.894  7534  8135 W Summariser:   summarised duration: -1.00
07-12 18:11:55.894  7534  8135 W Summariser:   noise tolerance: 45.00
07-12 18:11:55.894  7534  8135 W Summariser:   quality: 23
07-12 18:11:55.894  7534  8135 W Summariser:   speed: medium
07-12 18:11:55.894  7534  8135 W Summariser:   freeze duration: 1.00
07-12 18:11:55.950  7534  8135 W FfmpegTools: Single segment returned, duration of 20200312_193828: 14.28
07-12 18:11:56.270  7534  7819 W mobile-ffmpeg: [graph 0 input from stream 0:0 @ 0x709562c200] sws_param option is deprecated and ignored
07-12 18:12:00.548  7534  7802 W DashDownloadManager: Successfully downloaded 20200312_194129.mp4 in 23.277s
07-12 18:12:00.566  7534  7819 W mobile-ffmpeg: [mov,mp4,m4a,3gp,3g2,mj2 @ 0x70956d5800] Found duplicated MOOV Atom. Skipped it
07-12 18:12:00.687  7534  7819 W mobile-ffmpeg: [mov,mp4,m4a,3gp,3g2,mj2 @ 0x70956d5800] Found duplicated MOOV Atom. Skipped it
07-12 18:12:02.500  7534  7802 W NearbyFragment: Sending 20200312_194129!000.mp4 to Galaxy S8 [2802]
07-12 18:12:04.257  7534  8135 W Summariser: No activity detected
07-12 18:12:04.348  7534  8135 W Summariser: Summarisation completed
07-12 18:12:04.348  7534  8135 W Summariser:   filename: 20200312_193928!000.mp4
07-12 18:12:04.348  7534  8135 W Summariser:   active sections: 0
07-12 18:12:04.348  7534  8135 W Summariser:   time: 08.153s
07-12 18:12:04.348  7534  8135 W Summariser:   original duration: 16.90
07-12 18:12:04.348  7534  8135 W Summariser:   summarised duration: -1.00
07-12 18:12:04.348  7534  8135 W Summariser:   noise tolerance: 45.00
07-12 18:12:04.348  7534  8135 W Summariser:   quality: 23
07-12 18:12:04.348  7534  8135 W Summariser:   speed: medium
07-12 18:12:04.348  7534  8135 W Summariser:   freeze duration: 1.00
07-12 18:12:04.486  7534  7819 W mobile-ffmpeg: [graph 0 input from stream 0:0 @ 0x709562c200] sws_param option is deprecated and ignored
07-12 18:12:09.018  7534  7534 W NearbyFragment: Sending 20200312_194129!002.mp4 to Galaxy S8 [2802]
07-12 18:12:12.289  7534  8135 W Summariser: No activity detected
07-12 18:12:12.370  7534  8135 W Summariser: Summarisation completed
07-12 18:12:12.370  7534  8135 W Summariser:   filename: 20200312_193928!002.mp4
07-12 18:12:12.370  7534  8135 W Summariser:   active sections: 0
07-12 18:12:12.370  7534  8135 W Summariser:   time: 07.923s
07-12 18:12:12.370  7534  8135 W Summariser:   original duration: 16.06
07-12 18:12:12.370  7534  8135 W Summariser:   summarised duration: -1.00
07-12 18:12:12.370  7534  8135 W Summariser:   noise tolerance: 45.00
07-12 18:12:12.370  7534  8135 W Summariser:   quality: 23
07-12 18:12:12.370  7534  8135 W Summariser:   speed: medium
07-12 18:12:12.370  7534  8135 W Summariser:   freeze duration: 1.00
07-12 18:12:12.567  7534  7819 W mobile-ffmpeg: [graph 0 input from stream 0:0 @ 0x709562c200] sws_param option is deprecated and ignored
07-12 18:12:19.824  7534  8135 W Summariser: 1 active sections found
07-12 18:12:19.986  7534  7819 W mobile-ffmpeg: [graph 0 input from stream 0:0 @ 0x709562c140] sws_param option is deprecated and ignored
07-12 18:12:22.806  7534  7534 W NearbyFragment: Completed downloading 20200312_194129!002.mp4 from Endpoint{id=Hqzs, name=Galaxy S8 [2802]} in 00.339s
07-12 18:12:23.544  7534  7802 W DashDownloadManager: Successfully downloaded 20200312_194229.mp4 in 20.003s
07-12 18:12:23.554  7534  7819 W mobile-ffmpeg: [mov,mp4,m4a,3gp,3g2,mj2 @ 0x70956d5800] Found duplicated MOOV Atom. Skipped it
07-12 18:12:23.721  7534  7819 W mobile-ffmpeg: [mov,mp4,m4a,3gp,3g2,mj2 @ 0x70956d5800] Found duplicated MOOV Atom. Skipped it
07-12 18:12:25.612  7534  7802 W NearbyFragment: Sending 20200312_194229!000.mp4 to Galaxy S8 [2802]
07-12 18:12:39.012  7534  8135 W Summariser: Summarisation completed
07-12 18:12:39.012  7534  8135 W Summariser:   filename: 20200312_194129!001.mp4
07-12 18:12:39.012  7534  8135 W Summariser:   active sections: 1
07-12 18:12:39.012  7534  8135 W Summariser:   time: 26.388s
07-12 18:12:39.012  7534  8135 W Summariser:   original duration: 16.02
07-12 18:12:39.012  7534  8135 W Summariser:   summarised duration: 2.97
07-12 18:12:39.012  7534  8135 W Summariser:   noise tolerance: 45.00
07-12 18:12:39.012  7534  8135 W Summariser:   quality: 23
07-12 18:12:39.012  7534  8135 W Summariser:   speed: medium
07-12 18:12:39.012  7534  8135 W Summariser:   freeze duration: 1.00
07-12 18:12:39.241  7534  7819 W mobile-ffmpeg: [graph 0 input from stream 0:0 @ 0x709562c140] sws_param option is deprecated and ignored
07-12 18:12:39.260  7534  7534 W NearbyFragment: Sending 20200312_194229!002.mp4 to Galaxy S8 [2802]
07-12 18:12:39.788  7534  7534 W NearbyFragment: Completed downloading 20200312_194229!000.mp4 from Endpoint{id=Hqzs, name=Galaxy S8 [2802]} in 00.531s
07-12 18:12:45.688  7534  8135 W Summariser: 1 active sections found
07-12 18:12:45.820  7534  7819 W mobile-ffmpeg: [graph 0 input from stream 0:0 @ 0x709562c080] sws_param option is deprecated and ignored
07-12 18:12:46.693  7534  7802 W DashDownloadManager: Successfully downloaded 20200312_194330.mp4 in 20.042s
07-12 18:12:46.705  7534  7819 W mobile-ffmpeg: [mov,mp4,m4a,3gp,3g2,mj2 @ 0x70956d5800] Found duplicated MOOV Atom. Skipped it
07-12 18:12:46.857  7534  7819 W mobile-ffmpeg: [mov,mp4,m4a,3gp,3g2,mj2 @ 0x70956d5800] Found duplicated MOOV Atom. Skipped it
07-12 18:12:48.318  7534  7802 W NearbyFragment: Sending 20200312_194330!000.mp4 to Galaxy S8 [2802]
07-12 18:12:50.909  7534  8135 W Summariser: Summarisation completed
07-12 18:12:50.909  7534  8135 W Summariser:   filename: 20200312_194129!003.mp4
07-12 18:12:50.909  7534  8135 W Summariser:   active sections: 1
07-12 18:12:50.909  7534  8135 W Summariser:   time: 11.661s
07-12 18:12:50.909  7534  8135 W Summariser:   original duration: 12.03
07-12 18:12:50.909  7534  8135 W Summariser:   summarised duration: 0.70
07-12 18:12:50.909  7534  8135 W Summariser:   noise tolerance: 45.00
07-12 18:12:50.909  7534  8135 W Summariser:   quality: 23
07-12 18:12:50.909  7534  8135 W Summariser:   speed: medium
07-12 18:12:50.909  7534  8135 W Summariser:   freeze duration: 1.00
07-12 18:12:51.865  7534  8135 W FfmpegTools: Merged duration of 20200312_194129: 11.04
07-12 18:12:52.145  7534  7819 W mobile-ffmpeg: [graph 0 input from stream 0:0 @ 0x709562c140] sws_param option is deprecated and ignored
07-12 18:12:55.640  7534  7534 W NearbyFragment: Sending 20200312_194330!002.mp4 to Galaxy S8 [2802]
07-12 18:13:03.766  7534  8135 W Summariser: 2 active sections found
07-12 18:13:04.001  7534  7819 W mobile-ffmpeg: [graph 0 input from stream 0:0 @ 0x709562c380] sws_param option is deprecated and ignored
07-12 18:13:04.001  7534  7819 W mobile-ffmpeg: [graph 0 input from stream 0:0 @ 0x709562c500] sws_param option is deprecated and ignored
07-12 18:13:09.531  7534  7802 W DashDownloadManager: Successfully downloaded 20200312_194730.mp4 in 20.145s
07-12 18:13:09.547  7534  7819 W mobile-ffmpeg: [mov,mp4,m4a,3gp,3g2,mj2 @ 0x70956d5800] Found duplicated MOOV Atom. Skipped it
07-12 18:13:09.695  7534  7819 W mobile-ffmpeg: [mov,mp4,m4a,3gp,3g2,mj2 @ 0x70956d5800] Found duplicated MOOV Atom. Skipped it
07-12 18:13:11.551  7534  7802 W NearbyFragment: Sending 20200312_194730!000.mp4 to Galaxy S8 [2802]
07-12 18:13:18.461  7534  7534 W NearbyFragment: Sending 20200312_194730!002.mp4 to Galaxy S8 [2802]
07-12 18:13:32.154  7534  7802 W DashDownloadManager: Successfully downloaded 20200312_194830.mp4 in 19.217s
07-12 18:13:32.173  7534  7819 W mobile-ffmpeg: [mov,mp4,m4a,3gp,3g2,mj2 @ 0x70956d5800] Found duplicated MOOV Atom. Skipped it
07-12 18:13:32.367  7534  7819 W mobile-ffmpeg: [mov,mp4,m4a,3gp,3g2,mj2 @ 0x70956d5800] Found duplicated MOOV Atom. Skipped it
07-12 18:13:34.179  7534  7802 W NearbyFragment: Sending 20200312_194830!000.mp4 to Galaxy S8 [2802]
07-12 18:13:45.764  7534  7534 W NearbyFragment: Sending 20200312_194830!002.mp4 to Galaxy S8 [2802]
07-12 18:13:46.093  7534  7534 W NearbyFragment: Completed downloading 20200312_194830!000.mp4 from Endpoint{id=Hqzs, name=Galaxy S8 [2802]} in 00.331s
07-12 18:13:55.243  7534  7802 W DashDownloadManager: Successfully downloaded 20200312_194930.mp4 in 20.005s
07-12 18:13:55.265  7534  7819 W mobile-ffmpeg: [mov,mp4,m4a,3gp,3g2,mj2 @ 0x70956d5800] Found duplicated MOOV Atom. Skipped it
07-12 18:13:55.438  7534  7819 W mobile-ffmpeg: [mov,mp4,m4a,3gp,3g2,mj2 @ 0x70956d5800] Found duplicated MOOV Atom. Skipped it
07-12 18:14:00.911  7534  8135 W Summariser: Summarisation completed
07-12 18:14:00.911  7534  8135 W Summariser:   filename: 20200312_194229!001.mp4
07-12 18:14:00.911  7534  8135 W Summariser:   active sections: 2
07-12 18:14:00.911  7534  8135 W Summariser:   time: 68.761s
07-12 18:14:00.911  7534  8135 W Summariser:   original duration: 16.01
07-12 18:14:00.911  7534  8135 W Summariser:   summarised duration: 8.74
07-12 18:14:00.911  7534  8135 W Summariser:   noise tolerance: 45.00
07-12 18:14:00.911  7534  8135 W Summariser:   quality: 23
07-12 18:14:00.911  7534  8135 W Summariser:   speed: medium
07-12 18:14:00.911  7534  8135 W Summariser:   freeze duration: 1.00
07-12 18:14:01.223  7534  7819 W mobile-ffmpeg: [graph 0 input from stream 0:0 @ 0x709562be40] sws_param option is deprecated and ignored
07-12 18:14:01.972  7534  7534 W NearbyFragment: Sending 20200312_194930!001.mp4 to Galaxy S8 [2802]
07-12 18:14:02.663  7534  7534 W NearbyFragment: Completed downloading 20200312_194830!002.mp4 from Endpoint{id=Hqzs, name=Galaxy S8 [2802]} in 00.694s
07-12 18:14:09.672  7534  8135 W Summariser: No activity detected
07-12 18:14:09.766  7534  8135 W Summariser: Summarisation completed
07-12 18:14:09.766  7534  8135 W Summariser:   filename: 20200312_194229!003.mp4
07-12 18:14:09.766  7534  8135 W Summariser:   active sections: 0
07-12 18:14:09.766  7534  8135 W Summariser:   time: 08.697s
07-12 18:14:09.766  7534  8135 W Summariser:   original duration: 11.98
07-12 18:14:09.766  7534  8135 W Summariser:   summarised duration: -1.00
07-12 18:14:09.766  7534  8135 W Summariser:   noise tolerance: 45.00
07-12 18:14:09.766  7534  8135 W Summariser:   quality: 23
07-12 18:14:09.766  7534  8135 W Summariser:   speed: medium
07-12 18:14:09.766  7534  8135 W Summariser:   freeze duration: 1.00
07-12 18:14:10.107  7534  8135 W FfmpegTools: Merged duration of 20200312_194229: 14.35
07-12 18:14:10.391  7534  7819 W mobile-ffmpeg: [graph 0 input from stream 0:0 @ 0x709562be40] sws_param option is deprecated and ignored
07-12 18:14:12.139  7534  7534 W NearbyFragment: Sending 20200312_194930!003.mp4 to Galaxy S8 [2802]
07-12 18:14:12.428  7534  7534 W NearbyFragment: Completed downloading 20200312_194930!001.mp4 from Endpoint{id=Hqzs, name=Galaxy S8 [2802]} in 00.292s
07-12 18:14:18.036  7534  7802 W DashDownloadManager: Successfully downloaded 20200312_195230.mp4 in 19.841s
07-12 18:14:18.057  7534  7819 W mobile-ffmpeg: [mov,mp4,m4a,3gp,3g2,mj2 @ 0x70956d5800] Found duplicated MOOV Atom. Skipped it
07-12 18:14:18.175  7534  7819 W mobile-ffmpeg: [mov,mp4,m4a,3gp,3g2,mj2 @ 0x70956d5800] Found duplicated MOOV Atom. Skipped it
07-12 18:14:21.697  7534  8135 W Summariser: No activity detected
07-12 18:14:21.883  7534  8135 W Summariser: Summarisation completed
07-12 18:14:21.883  7534  8135 W Summariser:   filename: 20200312_194330!001.mp4
07-12 18:14:21.883  7534  8135 W Summariser:   active sections: 0
07-12 18:14:21.883  7534  8135 W Summariser:   time: 11.544s
07-12 18:14:21.883  7534  8135 W Summariser:   original duration: 16.01
07-12 18:14:21.883  7534  8135 W Summariser:   summarised duration: -1.00
07-12 18:14:21.883  7534  8135 W Summariser:   noise tolerance: 45.00
07-12 18:14:21.883  7534  8135 W Summariser:   quality: 23
07-12 18:14:21.883  7534  8135 W Summariser:   speed: medium
07-12 18:14:21.883  7534  8135 W Summariser:   freeze duration: 1.00
07-12 18:14:22.122  7534  7819 W mobile-ffmpeg: [graph 0 input from stream 0:0 @ 0x709562be40] sws_param option is deprecated and ignored
07-12 18:14:30.613  7534  7534 W NearbyFragment: Sending 20200312_195230!001.mp4 to Galaxy S8 [2802]
07-12 18:14:30.761  7534  8135 W Summariser: No activity detected
07-12 18:14:30.949  7534  8135 W Summariser: Summarisation completed
07-12 18:14:30.949  7534  8135 W Summariser:   filename: 20200312_194330!003.mp4
07-12 18:14:30.949  7534  8135 W Summariser:   active sections: 0
07-12 18:14:30.949  7534  8135 W Summariser:   time: 08.861s
07-12 18:14:30.949  7534  8135 W Summariser:   original duration: 12.01
07-12 18:14:30.949  7534  8135 W Summariser:   summarised duration: -1.00
07-12 18:14:30.949  7534  8135 W Summariser:   noise tolerance: 45.00
07-12 18:14:30.949  7534  8135 W Summariser:   quality: 23
07-12 18:14:30.949  7534  8135 W Summariser:   speed: medium
07-12 18:14:30.949  7534  8135 W Summariser:   freeze duration: 1.00
07-12 18:14:31.158  7534  7534 W NearbyFragment: Completed downloading 20200312_194930!003.mp4 from Endpoint{id=Hqzs, name=Galaxy S8 [2802]} in 00.549s
07-12 18:14:31.346  7534  7819 W mobile-ffmpeg: [graph 0 input from stream 0:0 @ 0x709562bf00] sws_param option is deprecated and ignored
07-12 18:14:38.427  7534  7802 W DashDownloadManager: Successfully downloaded 20200312_195330.mp4 in 17.446s
07-12 18:14:38.446  7534  7819 W mobile-ffmpeg: [mov,mp4,m4a,3gp,3g2,mj2 @ 0x70956d5800] Found duplicated MOOV Atom. Skipped it
07-12 18:14:38.602  7534  7819 W mobile-ffmpeg: [mov,mp4,m4a,3gp,3g2,mj2 @ 0x70956d5800] Found duplicated MOOV Atom. Skipped it
07-12 18:14:42.403  7534  8135 W Summariser: No activity detected
07-12 18:14:42.545  7534  8135 W Summariser: Summarisation completed
07-12 18:14:42.545  7534  8135 W Summariser:   filename: 20200312_194730!001.mp4
07-12 18:14:42.545  7534  8135 W Summariser:   active sections: 0
07-12 18:14:42.545  7534  8135 W Summariser:   time: 11.410s
07-12 18:14:42.545  7534  8135 W Summariser:   original duration: 16.02
07-12 18:14:42.545  7534  8135 W Summariser:   summarised duration: -1.00
07-12 18:14:42.545  7534  8135 W Summariser:   noise tolerance: 45.00
07-12 18:14:42.545  7534  8135 W Summariser:   quality: 23
07-12 18:14:42.545  7534  8135 W Summariser:   speed: medium
07-12 18:14:42.545  7534  8135 W Summariser:   freeze duration: 1.00
07-12 18:14:42.769  7534  7819 W mobile-ffmpeg: [graph 0 input from stream 0:0 @ 0x709562bf00] sws_param option is deprecated and ignored
07-12 18:14:46.329  7534  7534 W NearbyFragment: Sending 20200312_195330!000.mp4 to Galaxy S8 [2802]
07-12 18:14:47.401  7534  7534 W NearbyFragment: Completed downloading 20200312_195230!001.mp4 from Endpoint{id=Hqzs, name=Galaxy S8 [2802]} in 01.076s
07-12 18:14:51.549  7534  8135 W Summariser: No activity detected
07-12 18:14:51.652  7534  8135 W Summariser: Summarisation completed
07-12 18:14:51.652  7534  8135 W Summariser:   filename: 20200312_194730!003.mp4
07-12 18:14:51.652  7534  8135 W Summariser:   active sections: 0
07-12 18:14:51.652  7534  8135 W Summariser:   time: 08.988s
07-12 18:14:51.652  7534  8135 W Summariser:   original duration: 12.03
07-12 18:14:51.652  7534  8135 W Summariser:   summarised duration: -1.00
07-12 18:14:51.652  7534  8135 W Summariser:   noise tolerance: 45.00
07-12 18:14:51.652  7534  8135 W Summariser:   quality: 23
07-12 18:14:51.652  7534  8135 W Summariser:   speed: medium
07-12 18:14:51.652  7534  8135 W Summariser:   freeze duration: 1.00
07-12 18:14:51.965  7534  7819 W mobile-ffmpeg: [graph 0 input from stream 0:0 @ 0x709562bf00] sws_param option is deprecated and ignored
07-12 18:14:58.319  7534  7534 W NearbyFragment: Sending 20200312_195330!002.mp4 to Galaxy S8 [2802]
07-12 18:14:58.502  7534  7534 W NearbyFragment: Completed downloading 20200312_195330!000.mp4 from Endpoint{id=Hqzs, name=Galaxy S8 [2802]} in 00.185s
07-12 18:14:58.841  7534  7802 W DashDownloadManager: Successfully downloaded 20200312_195430.mp4 in 17.554s
07-12 18:14:58.867  7534  7819 W mobile-ffmpeg: [mov,mp4,m4a,3gp,3g2,mj2 @ 0x70956d5800] Found duplicated MOOV Atom. Skipped it
07-12 18:14:59.454  7534  7819 W mobile-ffmpeg: [mov,mp4,m4a,3gp,3g2,mj2 @ 0x70956d5800] Found duplicated MOOV Atom. Skipped it
07-12 18:15:02.682  7534  7802 W NearbyFragment: Stopped downloading from dashcam
07-12 18:15:03.739  7534  8135 W Summariser: 2 active sections found
07-12 18:15:03.972  7534  7819 W mobile-ffmpeg: [graph 0 input from stream 0:0 @ 0x709562bf00] sws_param option is deprecated and ignored
07-12 18:15:03.972  7534  7819 W mobile-ffmpeg: [graph 0 input from stream 0:0 @ 0x709562c2c0] sws_param option is deprecated and ignored
07-12 18:15:14.330  7534  7534 W NearbyFragment: Sending 20200312_195430!001.mp4 to Galaxy S8 [2802]
07-12 18:15:14.734  7534  7534 W NearbyFragment: Completed downloading 20200312_195330!002.mp4 from Endpoint{id=Hqzs, name=Galaxy S8 [2802]} in 00.407s
07-12 18:15:26.913  7534  7534 W NearbyFragment: Sending 20200312_195430!003.mp4 to Galaxy S8 [2802]
07-12 18:15:27.171  7534  7534 W NearbyFragment: Completed downloading 20200312_195430!001.mp4 from Endpoint{id=Hqzs, name=Galaxy S8 [2802]} in 00.261s
07-12 18:15:36.298  7534  7534 W NearbyFragment: Completed downloading 20200312_195430!003.mp4 from Endpoint{id=Hqzs, name=Galaxy S8 [2802]} in 00.320s
07-12 18:15:50.655  7534  8135 W Summariser: Summarisation completed
07-12 18:15:50.655  7534  8135 W Summariser:   filename: 20200312_194830!001.mp4
07-12 18:15:50.655  7534  8135 W Summariser:   active sections: 2
07-12 18:15:50.655  7534  8135 W Summariser:   time: 58.758s
07-12 18:15:50.655  7534  8135 W Summariser:   original duration: 16.01
07-12 18:15:50.655  7534  8135 W Summariser:   summarised duration: 8.10
07-12 18:15:50.655  7534  8135 W Summariser:   noise tolerance: 45.00
07-12 18:15:50.655  7534  8135 W Summariser:   quality: 23
07-12 18:15:50.655  7534  8135 W Summariser:   speed: medium
07-12 18:15:50.655  7534  8135 W Summariser:   freeze duration: 1.00
07-12 18:15:50.944  7534  7819 W mobile-ffmpeg: [graph 0 input from stream 0:0 @ 0x709562bb40] sws_param option is deprecated and ignored
07-12 18:15:57.061  7534  8135 W Summariser: No activity detected
07-12 18:15:57.160  7534  8135 W Summariser: Summarisation completed
07-12 18:15:57.160  7534  8135 W Summariser:   filename: 20200312_194830!003.mp4
07-12 18:15:57.160  7534  8135 W Summariser:   active sections: 0
07-12 18:15:57.160  7534  8135 W Summariser:   time: 06.296s
07-12 18:15:57.160  7534  8135 W Summariser:   original duration: 11.98
07-12 18:15:57.160  7534  8135 W Summariser:   summarised duration: -1.00
07-12 18:15:57.160  7534  8135 W Summariser:   noise tolerance: 45.00
07-12 18:15:57.160  7534  8135 W Summariser:   quality: 23
07-12 18:15:57.160  7534  8135 W Summariser:   speed: medium
07-12 18:15:57.160  7534  8135 W Summariser:   freeze duration: 1.00
07-12 18:15:57.605  7534  8135 W FfmpegTools: Merged duration of 20200312_194830: 20.90
07-12 18:15:57.849  7534  7819 W mobile-ffmpeg: [graph 0 input from stream 0:0 @ 0x709562bf00] sws_param option is deprecated and ignored
07-12 18:16:06.442  7534  8135 W Summariser: 1 active sections found
07-12 18:16:06.620  7534  7819 W mobile-ffmpeg: [graph 0 input from stream 0:0 @ 0x709562be40] sws_param option is deprecated and ignored
07-12 18:16:42.524  7534  8135 W Summariser: Summarisation completed
07-12 18:16:42.524  7534  8135 W Summariser:   filename: 20200312_194930!000.mp4
07-12 18:16:42.524  7534  8135 W Summariser:   active sections: 1
07-12 18:16:42.524  7534  8135 W Summariser:   time: 44.749s
07-12 18:16:42.524  7534  8135 W Summariser:   original duration: 16.07
07-12 18:16:42.524  7534  8135 W Summariser:   summarised duration: 9.36
07-12 18:16:42.524  7534  8135 W Summariser:   noise tolerance: 45.00
07-12 18:16:42.524  7534  8135 W Summariser:   quality: 23
07-12 18:16:42.524  7534  8135 W Summariser:   speed: medium
07-12 18:16:42.524  7534  8135 W Summariser:   freeze duration: 1.00
07-12 18:16:42.731  7534  7819 W mobile-ffmpeg: [graph 0 input from stream 0:0 @ 0x709562bf00] sws_param option is deprecated and ignored
07-12 18:16:48.341  7534  8135 W Summariser: No activity detected
07-12 18:16:48.441  7534  8135 W Summariser: Summarisation completed
07-12 18:16:48.441  7534  8135 W Summariser:   filename: 20200312_194930!002.mp4
07-12 18:16:48.441  7534  8135 W Summariser:   active sections: 0
07-12 18:16:48.441  7534  8135 W Summariser:   time: 05.758s
07-12 18:16:48.441  7534  8135 W Summariser:   original duration: 16.01
07-12 18:16:48.441  7534  8135 W Summariser:   summarised duration: -1.00
07-12 18:16:48.441  7534  8135 W Summariser:   noise tolerance: 45.00
07-12 18:16:48.441  7534  8135 W Summariser:   quality: 23
