--------- beginning of main
07-01 01:19:26.606  5424  5424 I zygote64: Late-enabling -Xcheck:jni
--------- beginning of system
07-01 01:19:26.748  5424  5424 I ActivityThread: handleStopService: token=android.os.BinderProxy@bd6ee not found.
07-01 01:19:26.753  5424  5424 I TransferService: Starting Transfer Service to listen for network connectivity changes.
07-01 01:19:26.755  5424  5424 W LogFactory: Truncating log tag length as it exceed 23, the limit imposed by Android on certain API Levels
07-01 01:19:26.779  5424  5424 I TransferService: Registering the network receiver
07-01 01:19:26.783  5424  5424 I TransferService: Moving the service out of the Foreground state.
07-01 01:19:26.785  5424  5424 I TransferService: De-registering the network receiver.
07-01 01:19:31.733  5424  5438 I zygote64: Waiting for a blocking GC ProfileSaver
07-01 01:20:40.902  5424  5424 I zygote64: Rejecting re-init on previously-failed class java.lang.Class<androidx.core.view.ViewCompat$2>: java.lang.NoClassDefFoundError: Failed resolution of: Landroid/view/View$OnUnhandledKeyEventListener;
07-01 01:20:40.902  5424  5424 I zygote64:   at void androidx.core.view.ViewCompat.setOnApplyWindowInsetsListener(android.view.View, androidx.core.view.OnApplyWindowInsetsListener) (ViewCompat.java:2421)
07-01 01:20:40.902  5424  5424 I zygote64:   at android.view.ViewGroup androidx.appcompat.app.AppCompatDelegateImpl.createSubDecor() (AppCompatDelegateImpl.java:779)
07-01 01:20:40.902  5424  5424 I zygote64:   at void androidx.appcompat.app.AppCompatDelegateImpl.ensureSubDecor() (AppCompatDelegateImpl.java:659)
07-01 01:20:40.902  5424  5424 I zygote64:   at void androidx.appcompat.app.AppCompatDelegateImpl.setContentView(int) (AppCompatDelegateImpl.java:552)
07-01 01:20:40.902  5424  5424 I zygote64:   at void androidx.appcompat.app.AppCompatActivity.setContentView(int) (AppCompatActivity.java:161)
07-01 01:20:40.902  5424  5424 I zygote64:   at void com.example.edgesum.page.main.MainActivity.onCreate(android.os.Bundle) (MainActivity.java:95)
07-01 01:20:40.902  5424  5424 I zygote64:   at void android.app.Activity.performCreate(android.os.Bundle, android.os.PersistableBundle) (Activity.java:7009)
07-01 01:20:40.902  5424  5424 I zygote64:   at void android.app.Activity.performCreate(android.os.Bundle) (Activity.java:7000)
07-01 01:20:40.902  5424  5424 I zygote64:   at void android.app.Instrumentation.callActivityOnCreate(android.app.Activity, android.os.Bundle) (Instrumentation.java:1214)
07-01 01:20:40.902  5424  5424 I zygote64:   at android.app.Activity android.app.ActivityThread.performLaunchActivity(android.app.ActivityThread$ActivityClientRecord, android.content.Intent) (ActivityThread.java:2731)
07-01 01:20:40.902  5424  5424 I zygote64:   at void android.app.ActivityThread.handleLaunchActivity(android.app.ActivityThread$ActivityClientRecord, android.content.Intent, java.lang.String) (ActivityThread.java:2856)
07-01 01:20:40.903  5424  5424 I zygote64:   at void android.app.ActivityThread.-wrap11(android.app.ActivityThread, android.app.ActivityThread$ActivityClientRecord, android.content.Intent, java.lang.String) (ActivityThread.java:-1)
07-01 01:20:40.903  5424  5424 I zygote64:   at void android.app.ActivityThread$H.handleMessage(android.os.Message) (ActivityThread.java:1589)
07-01 01:20:40.903  5424  5424 I zygote64:   at void android.os.Handler.dispatchMessage(android.os.Message) (Handler.java:106)
07-01 01:20:40.903  5424  5424 I zygote64:   at void android.os.Looper.loop() (Looper.java:164)
07-01 01:20:40.903  5424  5424 I zygote64:   at void android.app.ActivityThread.main(java.lang.String[]) (ActivityThread.java:6494)
07-01 01:20:40.903  5424  5424 I zygote64:   at java.lang.Object java.lang.reflect.Method.invoke(java.lang.Object, java.lang.Object[]) (Method.java:-2)
07-01 01:20:40.903  5424  5424 I zygote64:   at void com.android.internal.os.RuntimeInit$MethodAndArgsCaller.run() (RuntimeInit.java:438)
07-01 01:20:40.903  5424  5424 I zygote64:   at void com.android.internal.os.ZygoteInit.main(java.lang.String[]) (ZygoteInit.java:807)
07-01 01:20:40.903  5424  5424 I zygote64: Caused by: java.lang.ClassNotFoundException: Didn't find class "android.view.View$OnUnhandledKeyEventListener" on path: DexPathList[[zip file "/data/app/com.example.edgesum-BAP1jTXOIZM5hgUFTI3Jag==/base.apk"],nativeLibraryDirectories=[/data/app/com.example.edgesum-BAP1jTXOIZM5hgUFTI3Jag==/lib/arm64, /data/app/com.example.edgesum-BAP1jTXOIZM5hgUFTI3Jag==/base.apk!/lib/arm64-v8a, /system/lib64, /vendor/lib64]]
07-01 01:20:40.903  5424  5424 I zygote64:   at java.lang.Class dalvik.system.BaseDexClassLoader.findClass(java.lang.String) (BaseDexClassLoader.java:125)
07-01 01:20:40.903  5424  5424 I zygote64:   at java.lang.Class java.lang.ClassLoader.loadClass(java.lang.String, boolean) (ClassLoader.java:379)
07-01 01:20:40.903  5424  5424 I zygote64:   at java.lang.Class java.lang.ClassLoader.loadClass(java.lang.String) (ClassLoader.java:312)
07-01 01:20:40.903  5424  5424 I zygote64:   at void androidx.core.view.ViewCompat.setOnApplyWindowInsetsListener(android.view.View, androidx.core.view.OnApplyWindowInsetsListener) (ViewCompat.java:2421)
07-01 01:20:40.903  5424  5424 I zygote64:   at android.view.ViewGroup androidx.appcompat.app.AppCompatDelegateImpl.createSubDecor() (AppCompatDelegateImpl.java:779)
07-01 01:20:40.903  5424  5424 I zygote64:   at void androidx.appcompat.app.AppCompatDelegateImpl.ensureSubDecor() (AppCompatDelegateImpl.java:659)
07-01 01:20:40.903  5424  5424 I zygote64:   at void androidx.appcompat.app.AppCompatDelegateImpl.setContentView(int) (AppCompatDelegateImpl.java:552)
07-01 01:20:40.903  5424  5424 I zygote64:   at void androidx.appcompat.app.AppCompatActivity.setContentView(int) (AppCompatActivity.java:161)
07-01 01:20:40.903  5424  5424 I zygote64:   at void com.example.edgesum.page.main.MainActivity.onCreate(android.os.Bundle) (MainActivity.java:95)
07-01 01:20:40.903  5424  5424 I zygote64:   at void android.app.Activity.performCreate(android.os.Bundle, android.os.PersistableBundle) (Activity.java:7009)
07-01 01:20:40.903  5424  5424 I zygote64:   at void android.app.Activity.performCreate(android.os.Bundle) (Activity.java:7000)
07-01 01:20:40.903  5424  5424 I zygote64:   at void android.app.Instrumentation.callActivityOnCreate(android.app.Activity, android.os.Bundle) (Instrumentation.java:1214)
07-01 01:20:40.903  5424  5424 I zygote64:   at android.app.Activity android.app.ActivityThread.performLaunchActivity(android.app.ActivityThread$ActivityClientRecord, android.content.Intent) (ActivityThread.java:2731)
07-01 01:20:40.903  5424  5424 I zygote64:   at void android.app.ActivityThread.handleLaunchActivity(android.app.ActivityThread$ActivityClientRecord, android.content.Intent, java.lang.String) (ActivityThread.java:2856)
07-01 01:20:40.903  5424  5424 I zygote64:   at void android.app.ActivityThread.-wrap11(android.app.ActivityThread, android.app.ActivityThread$ActivityClientRecord, android.content.Intent, java.lang.String) (ActivityThread.java:-1)
07-01 01:20:40.903  5424  5424 I zygote64:   at void android.app.ActivityThread$H.handleMessage(android.os.Message) (ActivityThread.java:1589)
07-01 01:20:40.903  5424  5424 I zygote64:   at void android.os.Handler.dispatchMessage(android.os.Message) (Handler.java:106)
07-01 01:20:40.903  5424  5424 I zygote64:   at void android.os.Looper.loop() (Looper.java:164)
07-01 01:20:40.903  5424  5424 I zygote64:   at void android.app.ActivityThread.main(java.lang.String[]) (ActivityThread.java:6494)
07-01 01:20:40.903  5424  5424 I zygote64:   at java.lang.Object java.lang.reflect.Method.invoke(java.lang.Object, java.lang.Object[]) (Method.java:-2)
07-01 01:20:40.903  5424  5424 I zygote64:   at void com.android.internal.os.RuntimeInit$MethodAndArgsCaller.run() (RuntimeInit.java:438)
07-01 01:20:40.903  5424  5424 I zygote64:   at void com.android.internal.os.ZygoteInit.main(java.lang.String[]) (ZygoteInit.java:807)
07-01 01:20:40.903  5424  5424 I zygote64: 
07-01 01:20:40.903  5424  5424 I zygote64: Rejecting re-init on previously-failed class java.lang.Class<androidx.core.view.ViewCompat$2>: java.lang.NoClassDefFoundError: Failed resolution of: Landroid/view/View$OnUnhandledKeyEventListener;
07-01 01:20:40.903  5424  5424 I zygote64:   at void androidx.core.view.ViewCompat.setOnApplyWindowInsetsListener(android.view.View, androidx.core.view.OnApplyWindowInsetsListener) (ViewCompat.java:2421)
07-01 01:20:40.903  5424  5424 I zygote64:   at android.view.ViewGroup androidx.appcompat.app.AppCompatDelegateImpl.createSubDecor() (AppCompatDelegateImpl.java:779)
07-01 01:20:40.903  5424  5424 I zygote64:   at void androidx.appcompat.app.AppCompatDelegateImpl.ensureSubDecor() (AppCompatDelegateImpl.java:659)
07-01 01:20:40.903  5424  5424 I zygote64:   at void androidx.appcompat.app.AppCompatDelegateImpl.setContentView(int) (AppCompatDelegateImpl.java:552)
07-01 01:20:40.903  5424  5424 I zygote64:   at void androidx.appcompat.app.AppCompatActivity.setContentView(int) (AppCompatActivity.java:161)
07-01 01:20:40.903  5424  5424 I zygote64:   at void com.example.edgesum.page.main.MainActivity.onCreate(android.os.Bundle) (MainActivity.java:95)
07-01 01:20:40.903  5424  5424 I zygote64:   at void android.app.Activity.performCreate(android.os.Bundle, android.os.PersistableBundle) (Activity.java:7009)
07-01 01:20:40.903  5424  5424 I zygote64:   at void android.app.Activity.performCreate(android.os.Bundle) (Activity.java:7000)
07-01 01:20:40.903  5424  5424 I zygote64:   at void android.app.Instrumentation.callActivityOnCreate(android.app.Activity, android.os.Bundle) (Instrumentation.java:1214)
07-01 01:20:40.903  5424  5424 I zygote64:   at android.app.Activity android.app.ActivityThread.performLaunchActivity(android.app.ActivityThread$ActivityClientRecord, android.content.Intent) (ActivityThread.java:2731)
07-01 01:20:40.903  5424  5424 I zygote64:   at void android.app.ActivityThread.handleLaunchActivity(android.app.ActivityThread$ActivityClientRecord, android.content.Intent, java.lang.String) (ActivityThread.java:2856)
07-01 01:20:40.904  5424  5424 I zygote64:   at void android.app.ActivityThread.-wrap11(android.app.ActivityThread, android.app.ActivityThread$ActivityClientRecord, android.content.Intent, java.lang.String) (ActivityThread.java:-1)
07-01 01:20:40.904  5424  5424 I zygote64:   at void android.app.ActivityThread$H.handleMessage(android.os.Message) (ActivityThread.java:1589)
07-01 01:20:40.904  5424  5424 I zygote64:   at void android.os.Handler.dispatchMessage(android.os.Message) (Handler.java:106)
07-01 01:20:40.904  5424  5424 I zygote64:   at void android.os.Looper.loop() (Looper.java:164)
07-01 01:20:40.904  5424  5424 I zygote64:   at void android.app.ActivityThread.main(java.lang.String[]) (ActivityThread.java:6494)
07-01 01:20:40.904  5424  5424 I zygote64:   at java.lang.Object java.lang.reflect.Method.invoke(java.lang.Object, java.lang.Object[]) (Method.java:-2)
07-01 01:20:40.904  5424  5424 I zygote64:   at void com.android.internal.os.RuntimeInit$MethodAndArgsCaller.run() (RuntimeInit.java:438)
07-01 01:20:40.904  5424  5424 I zygote64:   at void com.android.internal.os.ZygoteInit.main(java.lang.String[]) (ZygoteInit.java:807)
07-01 01:20:40.904  5424  5424 I zygote64: Caused by: java.lang.ClassNotFoundException: Didn't find class "android.view.View$OnUnhandledKeyEventListener" on path: DexPathList[[zip file "/data/app/com.example.edgesum-BAP1jTXOIZM5hgUFTI3Jag==/base.apk"],nativeLibraryDirectories=[/data/app/com.example.edgesum-BAP1jTXOIZM5hgUFTI3Jag==/lib/arm64, /data/app/com.example.edgesum-BAP1jTXOIZM5hgUFTI3Jag==/base.apk!/lib/arm64-v8a, /system/lib64, /vendor/lib64]]
07-01 01:20:40.904  5424  5424 I zygote64:   at java.lang.Class dalvik.system.BaseDexClassLoader.findClass(java.lang.String) (BaseDexClassLoader.java:125)
07-01 01:20:40.904  5424  5424 I zygote64:   at java.lang.Class java.lang.ClassLoader.loadClass(java.lang.String, boolean) (ClassLoader.java:379)
07-01 01:20:40.904  5424  5424 I zygote64:   at java.lang.Class java.lang.ClassLoader.loadClass(java.lang.String) (ClassLoader.java:312)
07-01 01:20:40.904  5424  5424 I zygote64:   at void androidx.core.view.ViewCompat.setOnApplyWindowInsetsListener(android.view.View, androidx.core.view.OnApplyWindowInsetsListener) (ViewCompat.java:2421)
07-01 01:20:40.904  5424  5424 I zygote64:   at android.view.ViewGroup androidx.appcompat.app.AppCompatDelegateImpl.createSubDecor() (AppCompatDelegateImpl.java:779)
07-01 01:20:40.904  5424  5424 I zygote64:   at void androidx.appcompat.app.AppCompatDelegateImpl.ensureSubDecor() (AppCompatDelegateImpl.java:659)
07-01 01:20:40.904  5424  5424 I zygote64:   at void androidx.appcompat.app.AppCompatDelegateImpl.setContentView(int) (AppCompatDelegateImpl.java:552)
07-01 01:20:40.904  5424  5424 I zygote64:   at void androidx.appcompat.app.AppCompatActivity.setContentView(int) (AppCompatActivity.java:161)
07-01 01:20:40.904  5424  5424 I zygote64:   at void com.example.edgesum.page.main.MainActivity.onCreate(android.os.Bundle) (MainActivity.java:95)
07-01 01:20:40.904  5424  5424 I zygote64:   at void android.app.Activity.performCreate(android.os.Bundle, android.os.PersistableBundle) (Activity.java:7009)
07-01 01:20:40.904  5424  5424 I zygote64:   at void android.app.Activity.performCreate(android.os.Bundle) (Activity.java:7000)
07-01 01:20:40.904  5424  5424 I zygote64:   at void android.app.Instrumentation.callActivityOnCreate(android.app.Activity, android.os.Bundle) (Instrumentation.java:1214)
07-01 01:20:40.904  5424  5424 I zygote64:   at android.app.Activity android.app.ActivityThread.performLaunchActivity(android.app.ActivityThread$ActivityClientRecord, android.content.Intent) (ActivityThread.java:2731)
07-01 01:20:40.904  5424  5424 I zygote64:   at void android.app.ActivityThread.handleLaunchActivity(android.app.ActivityThread$ActivityClientRecord, android.content.Intent, java.lang.String) (ActivityThread.java:2856)
07-01 01:20:40.904  5424  5424 I zygote64:   at void android.app.ActivityThread.-wrap11(android.app.ActivityThread, android.app.ActivityThread$ActivityClientRecord, android.content.Intent, java.lang.String) (ActivityThread.java:-1)
07-01 01:20:40.904  5424  5424 I zygote64:   at void android.app.ActivityThread$H.handleMessage(android.os.Message) (ActivityThread.java:1589)
07-01 01:20:40.904  5424  5424 I zygote64:   at void android.os.Handler.dispatchMessage(android.os.Message) (Handler.java:106)
07-01 01:20:40.904  5424  5424 I zygote64:   at void android.os.Looper.loop() (Looper.java:164)
07-01 01:20:40.904  5424  5424 I zygote64:   at void android.app.ActivityThread.main(java.lang.String[]) (ActivityThread.java:6494)
07-01 01:20:40.904  5424  5424 I zygote64:   at java.lang.Object java.lang.reflect.Method.invoke(java.lang.Object, java.lang.Object[]) (Method.java:-2)
07-01 01:20:40.904  5424  5424 I zygote64:   at void com.android.internal.os.RuntimeInit$MethodAndArgsCaller.run() (RuntimeInit.java:438)
07-01 01:20:40.904  5424  5424 I zygote64:   at void com.android.internal.os.ZygoteInit.main(java.lang.String[]) (ZygoteInit.java:807)
07-01 01:20:40.904  5424  5424 I zygote64: 
07-01 01:20:40.905  5424  5424 I zygote64: Rejecting re-init on previously-failed class java.lang.Class<androidx.core.view.ViewCompat$2>: java.lang.NoClassDefFoundError: Failed resolution of: Landroid/view/View$OnUnhandledKeyEventListener;
07-01 01:20:40.905  5424  5424 I zygote64:   at void androidx.core.view.ViewCompat.setOnApplyWindowInsetsListener(android.view.View, androidx.core.view.OnApplyWindowInsetsListener) (ViewCompat.java:2421)
07-01 01:20:40.905  5424  5424 I zygote64:   at android.view.ViewGroup androidx.appcompat.app.AppCompatDelegateImpl.createSubDecor() (AppCompatDelegateImpl.java:779)
07-01 01:20:40.905  5424  5424 I zygote64:   at void androidx.appcompat.app.AppCompatDelegateImpl.ensureSubDecor() (AppCompatDelegateImpl.java:659)
07-01 01:20:40.905  5424  5424 I zygote64:   at void androidx.appcompat.app.AppCompatDelegateImpl.setContentView(int) (AppCompatDelegateImpl.java:552)
07-01 01:20:40.905  5424  5424 I zygote64:   at void androidx.appcompat.app.AppCompatActivity.setContentView(int) (AppCompatActivity.java:161)
07-01 01:20:40.905  5424  5424 I zygote64:   at void com.example.edgesum.page.main.MainActivity.onCreate(android.os.Bundle) (MainActivity.java:95)
07-01 01:20:40.905  5424  5424 I zygote64:   at void android.app.Activity.performCreate(android.os.Bundle, android.os.PersistableBundle) (Activity.java:7009)
07-01 01:20:40.905  5424  5424 I zygote64:   at void android.app.Activity.performCreate(android.os.Bundle) (Activity.java:7000)
07-01 01:20:40.905  5424  5424 I zygote64:   at void android.app.Instrumentation.callActivityOnCreate(android.app.Activity, android.os.Bundle) (Instrumentation.java:1214)
07-01 01:20:40.905  5424  5424 I zygote64:   at android.app.Activity android.app.ActivityThread.performLaunchActivity(android.app.ActivityThread$ActivityClientRecord, android.content.Intent) (ActivityThread.java:2731)
07-01 01:20:40.906  5424  5424 I zygote64:   at void android.app.ActivityThread.handleLaunchActivity(android.app.ActivityThread$ActivityClientRecord, android.content.Intent, java.lang.String) (ActivityThread.java:2856)
07-01 01:20:40.906  5424  5424 I zygote64:   at void android.app.ActivityThread.-wrap11(android.app.ActivityThread, android.app.ActivityThread$ActivityClientRecord, android.content.Intent, java.lang.String) (ActivityThread.java:-1)
07-01 01:20:40.906  5424  5424 I zygote64:   at void android.app.ActivityThread$H.handleMessage(android.os.Message) (ActivityThread.java:1589)
07-01 01:20:40.906  5424  5424 I zygote64:   at void android.os.Handler.dispatchMessage(android.os.Message) (Handler.java:106)
07-01 01:20:40.906  5424  5424 I zygote64:   at void android.os.Looper.loop() (Looper.java:164)
07-01 01:20:40.906  5424  5424 I zygote64:   at void android.app.ActivityThread.main(java.lang.String[]) (ActivityThread.java:6494)
07-01 01:20:40.906  5424  5424 I zygote64:   at java.lang.Object java.lang.reflect.Method.invoke(java.lang.Object, java.lang.Object[]) (Method.java:-2)
07-01 01:20:40.906  5424  5424 I zygote64:   at void com.android.internal.os.RuntimeInit$MethodAndArgsCaller.run() (RuntimeInit.java:438)
07-01 01:20:40.906  5424  5424 I zygote64:   at void com.android.internal.os.ZygoteInit.main(java.lang.String[]) (ZygoteInit.java:807)
07-01 01:20:40.906  5424  5424 I zygote64: Caused by: java.lang.ClassNotFoundException: Didn't find class "android.view.View$OnUnhandledKeyEventListener" on path: DexPathList[[zip file "/data/app/com.example.edgesum-BAP1jTXOIZM5hgUFTI3Jag==/base.apk"],nativeLibraryDirectories=[/data/app/com.example.edgesum-BAP1jTXOIZM5hgUFTI3Jag==/lib/arm64, /data/app/com.example.edgesum-BAP1jTXOIZM5hgUFTI3Jag==/base.apk!/lib/arm64-v8a, /system/lib64, /vendor/lib64]]
07-01 01:20:40.906  5424  5424 I zygote64:   at java.lang.Class dalvik.system.BaseDexClassLoader.findClass(java.lang.String) (BaseDexClassLoader.java:125)
07-01 01:20:40.906  5424  5424 I zygote64:   at java.lang.Class java.lang.ClassLoader.loadClass(java.lang.String, boolean) (ClassLoader.java:379)
07-01 01:20:40.906  5424  5424 I zygote64:   at java.lang.Class java.lang.ClassLoader.loadClass(java.lang.String) (ClassLoader.java:312)
07-01 01:20:40.906  5424  5424 I zygote64:   at void androidx.core.view.ViewCompat.setOnApplyWindowInsetsListener(android.view.View, androidx.core.view.OnApplyWindowInsetsListener) (ViewCompat.java:2421)
07-01 01:20:40.906  5424  5424 I zygote64:   at android.view.ViewGroup androidx.appcompat.app.AppCompatDelegateImpl.createSubDecor() (AppCompatDelegateImpl.java:779)
07-01 01:20:40.906  5424  5424 I zygote64:   at void androidx.appcompat.app.AppCompatDelegateImpl.ensureSubDecor() (AppCompatDelegateImpl.java:659)
07-01 01:20:40.906  5424  5424 I zygote64:   at void androidx.appcompat.app.AppCompatDelegateImpl.setContentView(int) (AppCompatDelegateImpl.java:552)
07-01 01:20:40.906  5424  5424 I zygote64:   at void androidx.appcompat.app.AppCompatActivity.setContentView(int) (AppCompatActivity.java:161)
07-01 01:20:40.906  5424  5424 I zygote64:   at void com.example.edgesum.page.main.MainActivity.onCreate(android.os.Bundle) (MainActivity.java:95)
07-01 01:20:40.906  5424  5424 I zygote64:   at void android.app.Activity.performCreate(android.os.Bundle, android.os.PersistableBundle) (Activity.java:7009)
07-01 01:20:40.906  5424  5424 I zygote64:   at void android.app.Activity.performCreate(android.os.Bundle) (Activity.java:7000)
07-01 01:20:40.906  5424  5424 I zygote64:   at void android.app.Instrumentation.callActivityOnCreate(android.app.Activity, android.os.Bundle) (Instrumentation.java:1214)
07-01 01:20:40.906  5424  5424 I zygote64:   at android.app.Activity android.app.ActivityThread.performLaunchActivity(android.app.ActivityThread$ActivityClientRecord, android.content.Intent) (ActivityThread.java:2731)
07-01 01:20:40.906  5424  5424 I zygote64:   at void android.app.ActivityThread.handleLaunchActivity(android.app.ActivityThread$ActivityClientRecord, android.content.Intent, java.lang.String) (ActivityThread.java:2856)
07-01 01:20:40.906  5424  5424 I zygote64:   at void android.app.ActivityThread.-wrap11(android.app.ActivityThread, android.app.ActivityThread$ActivityClientRecord, android.content.Intent, java.lang.String) (ActivityThread.java:-1)
07-01 01:20:40.906  5424  5424 I zygote64:   at void android.app.ActivityThread$H.handleMessage(android.os.Message) (ActivityThread.java:1589)
07-01 01:20:40.906  5424  5424 I zygote64:   at void android.os.Handler.dispatchMessage(android.os.Message) (Handler.java:106)
07-01 01:20:40.906  5424  5424 I zygote64:   at void android.os.Looper.loop() (Looper.java:164)
07-01 01:20:40.906  5424  5424 I zygote64:   at void android.app.ActivityThread.main(java.lang.String[]) (ActivityThread.java:6494)
07-01 01:20:40.906  5424  5424 I zygote64:   at java.lang.Object java.lang.reflect.Method.invoke(java.lang.Object, java.lang.Object[]) (Method.java:-2)
07-01 01:20:40.906  5424  5424 I zygote64:   at void com.android.internal.os.RuntimeInit$MethodAndArgsCaller.run() (RuntimeInit.java:438)
07-01 01:20:40.906  5424  5424 I zygote64:   at void com.android.internal.os.ZygoteInit.main(java.lang.String[]) (ZygoteInit.java:807)
07-01 01:20:40.906  5424  5424 I zygote64: 
07-01 01:20:41.113  5424  5424 V Repo    : /storage/emulated/0/Movies/raw
07-01 01:20:41.114  5424  5424 V Repo    : /storage/emulated/0/Movies/summarised
07-01 01:20:41.129  5424  5424 V FileManager: External storage is readable
07-01 01:20:41.130  5424  5424 V FileManager: Created new directory: /storage/emulated/0/Movies/raw
07-01 01:20:41.136  5424  5424 V FileManager: External storage is readable
07-01 01:20:41.137  5424  5424 V FileManager: Created new directory: /storage/emulated/0/Movies/summarised
07-01 01:20:41.143  5424  5424 V FileManager: External storage is readable
07-01 01:20:41.145  5424  5424 V FileManager: Directory already exists: /storage/emulated/0/Download/nearby
07-01 01:20:41.150  5424  5424 V FileManager: External storage is readable
07-01 01:20:41.152  5424  5424 V FileManager: Created new directory: /storage/emulated/0/Movies/segment
07-01 01:20:41.158  5424  5424 V FileManager: External storage is readable
07-01 01:20:41.159  5424  5424 V FileManager: Created new directory: /storage/emulated/0/Movies/segment-sum
07-01 01:20:41.294  5424  5424 V VideoManager: getAllVideoFromExternalStorageFolder
07-01 01:20:41.301  5424  5424 D VideoManager: /storage/emulated/0/Movies/summarised
07-01 01:20:41.311  5424  5424 D VideoManager: 0 videos return
07-01 01:20:41.355  5424  5424 V VideoManager: getAllVideoFromExternalStorageFolder
07-01 01:20:41.360  5424  5424 D VideoManager: /storage/emulated/0/Movies/raw
07-01 01:20:41.368  5424  5424 D VideoManager: 0 videos return
07-01 01:20:41.409  5424  5670 D OpenGLRenderer: HWUI GL Pipeline
07-01 01:20:41.421  5424  5424 I TransferService: Starting Transfer Service to listen for network connectivity changes.
07-01 01:20:41.422  5424  5424 I TransferService: Registering the network receiver
07-01 01:20:41.424  5424  5424 E TransferService: No notification is passed in the intent. Unable to transition to foreground.
07-01 01:20:41.475  5424  5436 D MainActivity: Scanned /storage/emulated/0/Movies/summarised
07-01 01:20:41.475  5424  5436 D MainActivity:   -> uri=content://media/external/file/6740
07-01 01:20:41.494  5424  5437 D MainActivity: Scanned /storage/emulated/0/Movies/raw
07-01 01:20:41.494  5424  5437 D MainActivity:   -> uri=content://media/external/file/6741
07-01 01:20:41.515  5424  5670 I Adreno  : QUALCOMM build                   : 8e59954, I0be83d0d26
07-01 01:20:41.515  5424  5670 I Adreno  : Build Date                       : 09/22/17
07-01 01:20:41.515  5424  5670 I Adreno  : OpenGL ES Shader Compiler Version: EV031.21.02.00
07-01 01:20:41.515  5424  5670 I Adreno  : Local Branch                     : O17A
07-01 01:20:41.515  5424  5670 I Adreno  : Remote Branch                    : 
07-01 01:20:41.515  5424  5670 I Adreno  : Remote Branch                    : 
07-01 01:20:41.515  5424  5670 I Adreno  : Reconstruct Branch               : 
07-01 01:20:41.515  5424  5670 D vndksupport: Loading /vendor/lib64/hw/gralloc.msm8992.so from current namespace instead of sphal namespace.
07-01 01:20:41.527  5424  5670 I Adreno  : PFP: 0x00000000, ME: 0x00000000
07-01 01:20:41.535  5424  5670 I zygote64: android::hardware::configstore::V1_0::ISurfaceFlingerConfigs::hasWideColorDisplay retrieved: 0
07-01 01:20:41.538  5424  5670 I OpenGLRenderer: Initialized EGL, version 1.4
07-01 01:20:41.538  5424  5670 D OpenGLRenderer: Swap behavior 2
07-01 01:20:41.542  5424  5429 I zygote64: Do partial code cache collection, code=23KB, data=29KB
07-01 01:20:41.542  5424  5429 I zygote64: After code cache collection, code=23KB, data=29KB
07-01 01:20:41.542  5424  5429 I zygote64: Increasing code cache capacity to 128KB
07-01 01:20:41.543  5424  5424 I TransferNetworkLossHand: Network connectivity changed detected.
07-01 01:20:41.545  5424  5424 I TransferNetworkLossHand: Network connected: true
07-01 01:20:41.642  5424  5670 D vndksupport: Loading /vendor/lib64/hw/android.hardware.graphics.mapper@2.0-impl.so from current namespace instead of sphal namespace.
07-01 01:20:41.643  5424  5670 D vndksupport: Loading /vendor/lib64/hw/gralloc.msm8992.so from current namespace instead of sphal namespace.
07-01 01:20:48.119  5424  5424 V MainActivity: Connect button clicked
07-01 01:20:50.144  5424  5424 V ConnectionFragment: Advertisement switch checked
07-01 01:20:50.481  5424  5429 I zygote64: Do partial code cache collection, code=55KB, data=59KB
07-01 01:20:50.481  5424  5429 I zygote64: After code cache collection, code=55KB, data=59KB
07-01 01:20:50.481  5424  5429 I zygote64: Increasing code cache capacity to 256KB
07-01 01:20:52.752  5424  5424 D NearbyFragment: Started advertising
07-01 01:21:04.655  5424  5424 D NearbyFragment: Initiated connection with 03hC: Galaxy S8 [2802]
07-01 01:21:04.794  5424  5429 I zygote64: Compiler allocated 4MB to compile void android.view.View.<init>(android.content.Context, android.util.AttributeSet, int, int)
07-01 01:21:05.003  5424  5429 I zygote64: Do full code cache collection, code=123KB, data=104KB
07-01 01:21:05.004  5424  5429 I zygote64: After code cache collection, code=118KB, data=63KB
07-01 01:21:08.697  5424  5424 I NearbyFragment: Connected to Endpoint{id=03hC, name=Galaxy S8 [2802]}
07-01 01:21:10.418  5424  5424 V ConnectionFragment: Advertisement switch unchecked
07-01 01:21:10.418  5424  5424 D NearbyFragment: Stopped advertising
07-01 01:21:10.583  5424  5429 I zygote64: Do partial code cache collection, code=124KB, data=83KB
07-01 01:21:10.585  5424  5429 I zygote64: After code cache collection, code=124KB, data=83KB
07-01 01:21:10.585  5424  5429 I zygote64: Increasing code cache capacity to 512KB
07-01 01:21:36.491  5424  5424 V ConnectionFragment: Auto-send switch checked
07-01 01:21:36.530  5424  5424 W NearbyFragment: Preferences:
07-01 01:21:36.530  5424  5424 W NearbyFragment:   Auto download: true
07-01 01:21:36.530  5424  5424 W NearbyFragment:   Algorithm: best_or_local
07-01 01:21:36.530  5424  5424 W NearbyFragment:   Fast scheduling: true
07-01 01:21:36.530  5424  5424 W NearbyFragment:   Segmentation: false
07-01 01:21:36.530  5424  5424 W NearbyFragment:   Auto segmentation: false
07-01 01:21:36.530  5424  5424 W NearbyFragment:   Segment number: 4
07-01 01:21:36.530  5424  5424 W NearbyFragment:   Noise tolerance: 45.00
07-01 01:21:36.530  5424  5424 W NearbyFragment:   Quality: 23
07-01 01:21:36.530  5424  5424 W NearbyFragment:   Speed: medium
07-01 01:21:36.530  5424  5424 W NearbyFragment:   Freeze duration: 1.00
07-01 01:21:36.531  5424  5424 W NearbyFragment: Download delay: 1s
07-01 01:21:36.532  5424  5424 W NearbyFragment: Started downloading from dashcam
07-01 01:21:36.534  5424  5862 V DownloadTestVideosTask: Starting DownloadTestVideosTask
07-01 01:21:36.544  5424  5862 V DashDownloadManager: Started downloading: 20200312_150643.mp4
07-01 01:21:36.824  5424  5429 I zygote64: Compiler allocated 4MB to compile void android.view.ViewRootImpl.performTraversals()
07-01 01:21:59.932  5424  5424 V VideoManager: videoFromCursor
07-01 01:21:59.940  5424  5424 V RawFootageEventHandler: onAdd
07-01 01:21:59.943  5424  5424 V NearbyFragment: nextTransfer with selected algorithm: best_or_local
07-01 01:21:59.950  5424  5424 W NearbyFragment: Sending 20200312_150643.mp4 to Galaxy S8 [2802]
07-01 01:21:59.969  5424  5424 W DashDownloadManager: Successfully downloaded 20200312_150643.mp4 in 23.355s
07-01 01:21:59.992  5424  5424 V NearbyFragment: Transfer to 03hC: 100%
07-01 01:21:59.993  5424  5424 V NearbyFragment: Transfer to 03hC: 0%
07-01 01:21:59.994  5424  5424 V NearbyFragment: Transfer to 03hC: 100%
07-01 01:21:59.995  5424  5424 V NearbyFragment: Transfer to 03hC: 0%
07-01 01:21:59.997  5424  5424 V NearbyFragment: Transfer to 03hC: 0%
07-01 01:22:00.002  5424  5424 I chatty  : uid=10100(com.example.edgesum) identical 5 lines
07-01 01:22:00.003  5424  5424 V NearbyFragment: Transfer to 03hC: 0%
07-01 01:22:00.007  5424  5424 V NearbyFragment: Transfer to 03hC: 0%
07-01 01:22:00.018  5424  5424 V NearbyFragment: Transfer to 03hC: 1%
07-01 01:22:00.020  5424  5424 V NearbyFragment: Transfer to 03hC: 1%
07-01 01:22:00.021  5424  5424 V NearbyFragment: Transfer to 03hC: 1%
07-01 01:22:00.023  5424  5424 V NearbyFragment: Transfer to 03hC: 1%
07-01 01:22:00.025  5424  5424 V NearbyFragment: Transfer to 03hC: 1%
07-01 01:22:00.028  5424  5424 I chatty  : uid=10100(com.example.edgesum) identical 2 lines
07-01 01:22:00.030  5424  5424 V NearbyFragment: Transfer to 03hC: 1%
07-01 01:22:00.036  5424  5424 V NearbyFragment: Transfer to 03hC: 1%
07-01 01:22:00.038  5424  5424 V NearbyFragment: Transfer to 03hC: 1%
07-01 01:22:00.039  5424  5424 V NearbyFragment: Transfer to 03hC: 1%
07-01 01:22:00.040  5424  5424 V NearbyFragment: Transfer to 03hC: 2%
07-01 01:22:00.042  5424  5424 V NearbyFragment: Transfer to 03hC: 2%
07-01 01:22:00.044  5424  5424 V NearbyFragment: Transfer to 03hC: 2%
07-01 01:22:00.045  5424  5424 V NearbyFragment: Transfer to 03hC: 2%
07-01 01:22:00.047  5424  5424 V NearbyFragment: Transfer to 03hC: 2%
07-01 01:22:00.050  5424  5424 V NearbyFragment: Transfer to 03hC: 2%
07-01 01:22:00.052  5424  5424 V NearbyFragment: Transfer to 03hC: 2%
07-01 01:22:00.054  5424  5424 V NearbyFragment: Transfer to 03hC: 2%
07-01 01:22:00.055  5424  5424 V NearbyFragment: Transfer to 03hC: 2%
07-01 01:22:00.060  5424  5424 V NearbyFragment: Transfer to 03hC: 2%
07-01 01:22:00.061  5424  5424 V NearbyFragment: Transfer to 03hC: 2%
07-01 01:22:00.064  5424  5424 V NearbyFragment: Transfer to 03hC: 3%
07-01 01:22:00.067  5424  5424 V NearbyFragment: Transfer to 03hC: 3%
07-01 01:22:00.069  5424  5424 V NearbyFragment: Transfer to 03hC: 3%
07-01 01:22:00.070  5424  5424 V NearbyFragment: Transfer to 03hC: 3%
07-01 01:22:00.073  5424  5424 V NearbyFragment: Transfer to 03hC: 3%
07-01 01:22:00.076  5424  5424 V NearbyFragment: Transfer to 03hC: 3%
07-01 01:22:00.077  5424  5424 V NearbyFragment: Transfer to 03hC: 3%
07-01 01:22:00.078  5424  5424 V NearbyFragment: Transfer to 03hC: 3%
07-01 01:22:00.082  5424  5424 V NearbyFragment: Transfer to 03hC: 3%
07-01 01:22:00.083  5424  5424 V NearbyFragment: Transfer to 03hC: 3%
07-01 01:22:00.086  5424  5424 V NearbyFragment: Transfer to 03hC: 4%
07-01 01:22:00.087  5424  5424 V NearbyFragment: Transfer to 03hC: 4%
07-01 01:22:00.090  5424  5424 V NearbyFragment: Transfer to 03hC: 4%
07-01 01:22:00.092  5424  5424 V NearbyFragment: Transfer to 03hC: 4%
07-01 01:22:00.094  5424  5424 V NearbyFragment: Transfer to 03hC: 4%
07-01 01:22:00.097  5424  5424 V NearbyFragment: Transfer to 03hC: 4%
07-01 01:22:00.099  5424  5424 V NearbyFragment: Transfer to 03hC: 4%
07-01 01:22:00.102  5424  5424 V NearbyFragment: Transfer to 03hC: 4%
07-01 01:22:00.104  5424  5424 V NearbyFragment: Transfer to 03hC: 4%
07-01 01:22:00.106  5424  5424 V NearbyFragment: Transfer to 03hC: 4%
07-01 01:22:00.108  5424  5424 V NearbyFragment: Transfer to 03hC: 4%
07-01 01:22:00.111  5424  5424 V NearbyFragment: Transfer to 03hC: 5%
07-01 01:22:00.113  5424  5424 V NearbyFragment: Transfer to 03hC: 5%
07-01 01:22:00.116  5424  5424 V NearbyFragment: Transfer to 03hC: 5%
07-01 01:22:00.118  5424  5424 V NearbyFragment: Transfer to 03hC: 5%
07-01 01:22:00.120  5424  5424 V NearbyFragment: Transfer to 03hC: 5%
07-01 01:22:00.123  5424  5424 V NearbyFragment: Transfer to 03hC: 5%
07-01 01:22:00.125  5424  5424 V NearbyFragment: Transfer to 03hC: 5%
07-01 01:22:00.129  5424  5424 V NearbyFragment: Transfer to 03hC: 5%
07-01 01:22:00.133  5424  5424 V NearbyFragment: Transfer to 03hC: 5%
07-01 01:22:00.134  5424  5424 V NearbyFragment: Transfer to 03hC: 5%
07-01 01:22:00.136  5424  5424 V NearbyFragment: Transfer to 03hC: 5%
07-01 01:22:00.139  5424  5424 V NearbyFragment: Transfer to 03hC: 6%
07-01 01:22:00.141  5424  5424 V NearbyFragment: Transfer to 03hC: 6%
07-01 01:22:00.145  5424  5424 V NearbyFragment: Transfer to 03hC: 6%
07-01 01:22:00.147  5424  5424 V NearbyFragment: Transfer to 03hC: 6%
07-01 01:22:00.151  5424  5424 V NearbyFragment: Transfer to 03hC: 6%
07-01 01:22:00.153  5424  5424 V NearbyFragment: Transfer to 03hC: 6%
07-01 01:22:00.154  5424  5424 V NearbyFragment: Transfer to 03hC: 6%
07-01 01:22:00.670  5424  5424 V NearbyFragment: Transfer to 03hC: 6%
07-01 01:22:00.674  5424  5424 V NearbyFragment: Transfer to 03hC: 6%
07-01 01:22:00.679  5424  5424 V NearbyFragment: Transfer to 03hC: 6%
07-01 01:22:00.683  5424  5424 V NearbyFragment: Transfer to 03hC: 7%
07-01 01:22:00.688  5424  5424 V NearbyFragment: Transfer to 03hC: 7%
07-01 01:22:00.691  5424  5424 V NearbyFragment: Transfer to 03hC: 7%
07-01 01:22:00.693  5424  5424 V NearbyFragment: Transfer to 03hC: 7%
07-01 01:22:00.696  5424  5424 V NearbyFragment: Transfer to 03hC: 7%
07-01 01:22:00.698  5424  5424 V NearbyFragment: Transfer to 03hC: 7%
07-01 01:22:00.701  5424  5424 V NearbyFragment: Transfer to 03hC: 7%
07-01 01:22:00.705  5424  5424 V NearbyFragment: Transfer to 03hC: 7%
07-01 01:22:00.706  5424  5424 V NearbyFragment: Transfer to 03hC: 7%
07-01 01:22:00.708  5424  5424 V NearbyFragment: Transfer to 03hC: 7%
07-01 01:22:00.711  5424  5424 V NearbyFragment: Transfer to 03hC: 7%
07-01 01:22:00.714  5424  5424 V NearbyFragment: Transfer to 03hC: 8%
07-01 01:22:00.716  5424  5424 V NearbyFragment: Transfer to 03hC: 8%
07-01 01:22:00.720  5424  5424 V NearbyFragment: Transfer to 03hC: 8%
07-01 01:22:00.722  5424  5424 V NearbyFragment: Transfer to 03hC: 8%
07-01 01:22:00.724  5424  5424 V NearbyFragment: Transfer to 03hC: 8%
07-01 01:22:00.725  5424  5424 V NearbyFragment: Transfer to 03hC: 8%
07-01 01:22:00.728  5424  5424 V NearbyFragment: Transfer to 03hC: 8%
07-01 01:22:00.729  5424  5424 V NearbyFragment: Transfer to 03hC: 8%
07-01 01:22:00.731  5424  5424 V NearbyFragment: Transfer to 03hC: 8%
07-01 01:22:00.732  5424  5424 V NearbyFragment: Transfer to 03hC: 8%
07-01 01:22:00.736  5424  5424 V NearbyFragment: Transfer to 03hC: 8%
07-01 01:22:00.959  5424  5862 V DownloadTestVideosTask: Starting DownloadTestVideosTask
07-01 01:22:00.973  5424  5862 V DashDownloadManager: Started downloading: 20200312_150744.mp4
07-01 01:22:01.502  5424  5424 V NearbyFragment: Transfer to 03hC: 9%
07-01 01:22:01.506  5424  5424 V NearbyFragment: Transfer to 03hC: 9%
07-01 01:22:01.510  5424  5424 V NearbyFragment: Transfer to 03hC: 9%
07-01 01:22:01.514  5424  5424 V NearbyFragment: Transfer to 03hC: 9%
07-01 01:22:01.520  5424  5424 V NearbyFragment: Transfer to 03hC: 9%
07-01 01:22:01.522  5424  5424 V NearbyFragment: Transfer to 03hC: 9%
07-01 01:22:01.527  5424  5424 V NearbyFragment: Transfer to 03hC: 9%
07-01 01:22:01.532  5424  5424 V NearbyFragment: Transfer to 03hC: 9%
07-01 01:22:01.537  5424  5424 V NearbyFragment: Transfer to 03hC: 9%
07-01 01:22:01.539  5424  5424 V NearbyFragment: Transfer to 03hC: 9%
07-01 01:22:01.541  5424  5424 V NearbyFragment: Transfer to 03hC: 10%
07-01 01:22:01.542  5424  5424 V NearbyFragment: Transfer to 03hC: 10%
07-01 01:22:01.543  5424  5424 V NearbyFragment: Transfer to 03hC: 10%
07-01 01:22:01.545  5424  5424 V NearbyFragment: Transfer to 03hC: 10%
07-01 01:22:01.549  5424  5424 V NearbyFragment: Transfer to 03hC: 10%
07-01 01:22:01.550  5424  5424 V NearbyFragment: Transfer to 03hC: 10%
07-01 01:22:01.554  5424  5424 V NearbyFragment: Transfer to 03hC: 10%
07-01 01:22:01.556  5424  5424 V NearbyFragment: Transfer to 03hC: 10%
07-01 01:22:01.558  5424  5424 V NearbyFragment: Transfer to 03hC: 10%
07-01 01:22:01.559  5424  5424 V NearbyFragment: Transfer to 03hC: 10%
07-01 01:22:01.561  5424  5424 V NearbyFragment: Transfer to 03hC: 10%
07-01 01:22:01.563  5424  5424 V NearbyFragment: Transfer to 03hC: 11%
07-01 01:22:01.565  5424  5424 V NearbyFragment: Transfer to 03hC: 11%
07-01 01:22:01.568  5424  5424 V NearbyFragment: Transfer to 03hC: 11%
07-01 01:22:01.570  5424  5424 V NearbyFragment: Transfer to 03hC: 11%
07-01 01:22:02.087  5424  5424 V NearbyFragment: Transfer to 03hC: 11%
07-01 01:22:02.096  5424  5424 V NearbyFragment: Transfer to 03hC: 11%
07-01 01:22:02.102  5424  5424 V NearbyFragment: Transfer to 03hC: 11%
07-01 01:22:02.105  5424  5424 V NearbyFragment: Transfer to 03hC: 11%
07-01 01:22:02.109  5424  5424 V NearbyFragment: Transfer to 03hC: 11%
07-01 01:22:02.113  5424  5424 V NearbyFragment: Transfer to 03hC: 11%
07-01 01:22:02.119  5424  5424 V NearbyFragment: Transfer to 03hC: 11%
07-01 01:22:02.120  5424  5424 V NearbyFragment: Transfer to 03hC: 12%
07-01 01:22:02.127  5424  5424 V NearbyFragment: Transfer to 03hC: 12%
07-01 01:22:02.129  5424  5424 V NearbyFragment: Transfer to 03hC: 12%
07-01 01:22:02.136  5424  5424 V NearbyFragment: Transfer to 03hC: 12%
07-01 01:22:02.141  5424  5424 V NearbyFragment: Transfer to 03hC: 12%
07-01 01:22:02.143  5424  5424 V NearbyFragment: Transfer to 03hC: 12%
07-01 01:22:02.144  5424  5424 V NearbyFragment: Transfer to 03hC: 12%
07-01 01:22:02.145  5424  5424 V NearbyFragment: Transfer to 03hC: 12%
07-01 01:22:02.146  5424  5424 I chatty  : uid=10100(com.example.edgesum) identical 1 line
07-01 01:22:02.148  5424  5424 V NearbyFragment: Transfer to 03hC: 12%
07-01 01:22:02.150  5424  5424 V NearbyFragment: Transfer to 03hC: 13%
07-01 01:22:02.152  5424  5424 V NearbyFragment: Transfer to 03hC: 13%
07-01 01:22:02.157  5424  5424 V NearbyFragment: Transfer to 03hC: 13%
07-01 01:22:02.158  5424  5424 V NearbyFragment: Transfer to 03hC: 13%
07-01 01:22:02.161  5424  5424 V NearbyFragment: Transfer to 03hC: 13%
07-01 01:22:02.163  5424  5424 V NearbyFragment: Transfer to 03hC: 13%
07-01 01:22:02.165  5424  5424 V NearbyFragment: Transfer to 03hC: 13%
07-01 01:22:02.167  5424  5424 V NearbyFragment: Transfer to 03hC: 13%
07-01 01:22:02.168  5424  5424 V NearbyFragment: Transfer to 03hC: 13%
07-01 01:22:02.170  5424  5424 V NearbyFragment: Transfer to 03hC: 13%
07-01 01:22:02.172  5424  5424 V NearbyFragment: Transfer to 03hC: 13%
07-01 01:22:02.177  5424  5424 V NearbyFragment: Transfer to 03hC: 14%
07-01 01:22:02.178  5424  5424 I chatty  : uid=10100(com.example.edgesum) identical 1 line
07-01 01:22:02.179  5424  5424 V NearbyFragment: Transfer to 03hC: 14%
07-01 01:22:02.181  5424  5424 V NearbyFragment: Transfer to 03hC: 14%
07-01 01:22:02.332  5424  5424 V NearbyFragment: Transfer to 03hC: 14%
07-01 01:22:02.352  5424  5424 V NearbyFragment: Transfer to 03hC: 14%
07-01 01:22:02.353  5424  5424 V NearbyFragment: Transfer to 03hC: 14%
07-01 01:22:02.358  5424  5424 V NearbyFragment: Transfer to 03hC: 14%
07-01 01:22:02.360  5424  5424 V NearbyFragment: Transfer to 03hC: 14%
07-01 01:22:02.367  5424  5424 V NearbyFragment: Transfer to 03hC: 14%
07-01 01:22:02.371  5424  5424 V NearbyFragment: Transfer to 03hC: 14%
07-01 01:22:02.373  5424  5424 V NearbyFragment: Transfer to 03hC: 15%
07-01 01:22:02.374  5424  5424 V NearbyFragment: Transfer to 03hC: 15%
07-01 01:22:02.376  5424  5424 V NearbyFragment: Transfer to 03hC: 15%
07-01 01:22:02.378  5424  5424 V NearbyFragment: Transfer to 03hC: 15%
07-01 01:22:02.383  5424  5424 V NearbyFragment: Transfer to 03hC: 15%
07-01 01:22:02.389  5424  5424 V NearbyFragment: Transfer to 03hC: 15%
07-01 01:22:02.390  5424  5424 V NearbyFragment: Transfer to 03hC: 15%
07-01 01:22:02.391  5424  5424 I chatty  : uid=10100(com.example.edgesum) identical 1 line
07-01 01:22:02.391  5424  5424 V NearbyFragment: Transfer to 03hC: 15%
07-01 01:22:02.393  5424  5424 V NearbyFragment: Transfer to 03hC: 15%
07-01 01:22:02.395  5424  5424 V NearbyFragment: Transfer to 03hC: 16%
07-01 01:22:02.397  5424  5424 V NearbyFragment: Transfer to 03hC: 16%
07-01 01:22:02.399  5424  5424 V NearbyFragment: Transfer to 03hC: 16%
07-01 01:22:02.400  5424  5424 V NearbyFragment: Transfer to 03hC: 16%
07-01 01:22:02.402  5424  5424 V NearbyFragment: Transfer to 03hC: 16%
07-01 01:22:02.405  5424  5424 V NearbyFragment: Transfer to 03hC: 16%
07-01 01:22:02.407  5424  5424 V NearbyFragment: Transfer to 03hC: 16%
07-01 01:22:02.408  5424  5424 V NearbyFragment: Transfer to 03hC: 16%
07-01 01:22:02.410  5424  5424 V NearbyFragment: Transfer to 03hC: 16%
07-01 01:22:02.412  5424  5424 V NearbyFragment: Transfer to 03hC: 16%
07-01 01:22:02.415  5424  5424 V NearbyFragment: Transfer to 03hC: 16%
07-01 01:22:02.420  5424  5424 V NearbyFragment: Transfer to 03hC: 17%
07-01 01:22:02.422  5424  5424 V NearbyFragment: Transfer to 03hC: 17%
07-01 01:22:02.424  5424  5424 V NearbyFragment: Transfer to 03hC: 17%
07-01 01:22:02.426  5424  5424 V NearbyFragment: Transfer to 03hC: 17%
07-01 01:22:02.427  5424  5424 V NearbyFragment: Transfer to 03hC: 17%
07-01 01:22:02.430  5424  5424 V NearbyFragment: Transfer to 03hC: 17%
07-01 01:22:02.432  5424  5424 V NearbyFragment: Transfer to 03hC: 17%
07-01 01:22:02.583  5424  5424 V NearbyFragment: Transfer to 03hC: 17%
07-01 01:22:02.588  5424  5424 V NearbyFragment: Transfer to 03hC: 17%
07-01 01:22:02.592  5424  5424 V NearbyFragment: Transfer to 03hC: 17%
07-01 01:22:02.597  5424  5424 V NearbyFragment: Transfer to 03hC: 17%
07-01 01:22:02.600  5424  5424 V NearbyFragment: Transfer to 03hC: 18%
07-01 01:22:02.604  5424  5424 V NearbyFragment: Transfer to 03hC: 18%
07-01 01:22:02.605  5424  5424 V NearbyFragment: Transfer to 03hC: 18%
07-01 01:22:02.608  5424  5424 V NearbyFragment: Transfer to 03hC: 18%
07-01 01:22:02.613  5424  5424 V NearbyFragment: Transfer to 03hC: 18%
07-01 01:22:02.614  5424  5424 V NearbyFragment: Transfer to 03hC: 18%
07-01 01:22:02.616  5424  5424 V NearbyFragment: Transfer to 03hC: 18%
07-01 01:22:02.618  5424  5424 V NearbyFragment: Transfer to 03hC: 18%
07-01 01:22:02.620  5424  5424 V NearbyFragment: Transfer to 03hC: 18%
07-01 01:22:02.622  5424  5424 V NearbyFragment: Transfer to 03hC: 18%
07-01 01:22:02.624  5424  5424 V NearbyFragment: Transfer to 03hC: 19%
07-01 01:22:02.627  5424  5424 V NearbyFragment: Transfer to 03hC: 19%
07-01 01:22:02.629  5424  5424 V NearbyFragment: Transfer to 03hC: 19%
07-01 01:22:02.632  5424  5424 V NearbyFragment: Transfer to 03hC: 19%
07-01 01:22:02.633  5424  5424 V NearbyFragment: Transfer to 03hC: 19%
07-01 01:22:02.635  5424  5424 V NearbyFragment: Transfer to 03hC: 19%
07-01 01:22:02.638  5424  5424 V NearbyFragment: Transfer to 03hC: 19%
07-01 01:22:02.640  5424  5424 V NearbyFragment: Transfer to 03hC: 19%
07-01 01:22:02.642  5424  5424 V NearbyFragment: Transfer to 03hC: 19%
07-01 01:22:03.054  5424  5424 V NearbyFragment: Transfer to 03hC: 19%
07-01 01:22:03.061  5424  5424 V NearbyFragment: Transfer to 03hC: 19%
07-01 01:22:03.069  5424  5424 V NearbyFragment: Transfer to 03hC: 20%
07-01 01:22:03.072  5424  5424 V NearbyFragment: Transfer to 03hC: 20%
07-01 01:22:03.073  5424  5424 V NearbyFragment: Transfer to 03hC: 20%
07-01 01:22:03.081  5424  5424 V NearbyFragment: Transfer to 03hC: 20%
07-01 01:22:03.087  5424  5424 V NearbyFragment: Transfer to 03hC: 20%
07-01 01:22:03.091  5424  5424 V NearbyFragment: Transfer to 03hC: 20%
07-01 01:22:03.094  5424  5424 V NearbyFragment: Transfer to 03hC: 20%
07-01 01:22:03.097  5424  5424 V NearbyFragment: Transfer to 03hC: 20%
07-01 01:22:03.098  5424  5424 V NearbyFragment: Transfer to 03hC: 20%
07-01 01:22:03.100  5424  5424 V NearbyFragment: Transfer to 03hC: 20%
07-01 01:22:03.103  5424  5424 V NearbyFragment: Transfer to 03hC: 20%
07-01 01:22:03.104  5424  5424 V NearbyFragment: Transfer to 03hC: 21%
07-01 01:22:03.107  5424  5424 V NearbyFragment: Transfer to 03hC: 21%
07-01 01:22:03.108  5424  5424 V NearbyFragment: Transfer to 03hC: 21%
07-01 01:22:03.111  5424  5424 V NearbyFragment: Transfer to 03hC: 21%
07-01 01:22:03.114  5424  5424 V NearbyFragment: Transfer to 03hC: 21%
07-01 01:22:03.116  5424  5424 V NearbyFragment: Transfer to 03hC: 21%
07-01 01:22:03.124  5424  5424 V NearbyFragment: Transfer to 03hC: 21%
07-01 01:22:03.126  5424  5424 V NearbyFragment: Transfer to 03hC: 21%
07-01 01:22:03.129  5424  5424 V NearbyFragment: Transfer to 03hC: 21%
07-01 01:22:03.130  5424  5424 V NearbyFragment: Transfer to 03hC: 21%
07-01 01:22:03.132  5424  5424 V NearbyFragment: Transfer to 03hC: 22%
07-01 01:22:03.134  5424  5424 V NearbyFragment: Transfer to 03hC: 22%
07-01 01:22:03.136  5424  5424 V NearbyFragment: Transfer to 03hC: 22%
07-01 01:22:03.138  5424  5424 V NearbyFragment: Transfer to 03hC: 22%
07-01 01:22:03.140  5424  5424 V NearbyFragment: Transfer to 03hC: 22%
07-01 01:22:03.145  5424  5424 V NearbyFragment: Transfer to 03hC: 22%
07-01 01:22:03.148  5424  5424 V NearbyFragment: Transfer to 03hC: 22%
07-01 01:22:03.149  5424  5424 V NearbyFragment: Transfer to 03hC: 22%
07-01 01:22:03.150  5424  5424 V NearbyFragment: Transfer to 03hC: 22%
07-01 01:22:03.152  5424  5424 V NearbyFragment: Transfer to 03hC: 22%
07-01 01:22:03.154  5424  5424 V NearbyFragment: Transfer to 03hC: 22%
07-01 01:22:03.325  5424  5424 V NearbyFragment: Transfer to 03hC: 23%
07-01 01:22:03.330  5424  5424 V NearbyFragment: Transfer to 03hC: 23%
07-01 01:22:03.334  5424  5424 V NearbyFragment: Transfer to 03hC: 23%
07-01 01:22:03.338  5424  5424 V NearbyFragment: Transfer to 03hC: 23%
07-01 01:22:03.342  5424  5424 V NearbyFragment: Transfer to 03hC: 23%
07-01 01:22:03.344  5424  5424 V NearbyFragment: Transfer to 03hC: 23%
07-01 01:22:03.352  5424  5424 V NearbyFragment: Transfer to 03hC: 23%
07-01 01:22:03.359  5424  5424 V NearbyFragment: Transfer to 03hC: 23%
07-01 01:22:03.361  5424  5424 V NearbyFragment: Transfer to 03hC: 23%
07-01 01:22:03.363  5424  5424 V NearbyFragment: Transfer to 03hC: 23%
07-01 01:22:03.366  5424  5424 V NearbyFragment: Transfer to 03hC: 23%
07-01 01:22:03.368  5424  5424 V NearbyFragment: Transfer to 03hC: 24%
07-01 01:22:03.370  5424  5424 V NearbyFragment: Transfer to 03hC: 24%
07-01 01:22:03.372  5424  5424 V NearbyFragment: Transfer to 03hC: 24%
07-01 01:22:03.374  5424  5424 V NearbyFragment: Transfer to 03hC: 24%
07-01 01:22:03.380  5424  5424 V NearbyFragment: Transfer to 03hC: 24%
07-01 01:22:03.380  5424  5424 V NearbyFragment: Transfer to 03hC: 24%
07-01 01:22:03.381  5424  5424 V NearbyFragment: Transfer to 03hC: 24%
07-01 01:22:03.383  5424  5424 V NearbyFragment: Transfer to 03hC: 24%
07-01 01:22:03.385  5424  5424 V NearbyFragment: Transfer to 03hC: 24%
07-01 01:22:03.387  5424  5424 V NearbyFragment: Transfer to 03hC: 24%
07-01 01:22:03.389  5424  5424 V NearbyFragment: Transfer to 03hC: 25%
07-01 01:22:03.391  5424  5424 V NearbyFragment: Transfer to 03hC: 25%
07-01 01:22:03.393  5424  5424 V NearbyFragment: Transfer to 03hC: 25%
07-01 01:22:03.395  5424  5424 V NearbyFragment: Transfer to 03hC: 25%
07-01 01:22:03.397  5424  5424 V NearbyFragment: Transfer to 03hC: 25%
07-01 01:22:03.399  5424  5424 V NearbyFragment: Transfer to 03hC: 25%
07-01 01:22:03.401  5424  5424 V NearbyFragment: Transfer to 03hC: 25%
07-01 01:22:03.732  5424  5424 V NearbyFragment: Transfer to 03hC: 25%
07-01 01:22:03.737  5424  5424 V NearbyFragment: Transfer to 03hC: 25%
07-01 01:22:03.746  5424  5424 V NearbyFragment: Transfer to 03hC: 25%
07-01 01:22:03.751  5424  5424 V NearbyFragment: Transfer to 03hC: 25%
07-01 01:22:03.760  5424  5424 V NearbyFragment: Transfer to 03hC: 26%
07-01 01:22:03.765  5424  5424 V NearbyFragment: Transfer to 03hC: 26%
07-01 01:22:03.767  5424  5424 V NearbyFragment: Transfer to 03hC: 26%
07-01 01:22:03.771  5424  5424 V NearbyFragment: Transfer to 03hC: 26%
07-01 01:22:03.773  5424  5424 V NearbyFragment: Transfer to 03hC: 26%
07-01 01:22:03.783  5424  5424 V NearbyFragment: Transfer to 03hC: 26%
07-01 01:22:03.787  5424  5424 V NearbyFragment: Transfer to 03hC: 26%
07-01 01:22:03.789  5424  5424 V NearbyFragment: Transfer to 03hC: 26%
