07-03 01:26:06.362 22594 22594 V NearbyFragment: Transfer to lUgJ: 94%
07-03 01:26:06.392 22594 22594 V NearbyFragment: Transfer to lUgJ: 94%
07-03 01:26:06.393 22594 22594 V NearbyFragment: Transfer to lUgJ: 95%
07-03 01:26:06.400 22594 22594 V NearbyFragment: Transfer to lUgJ: 95%
07-03 01:26:06.405 22594 22594 V NearbyFragment: Transfer to lUgJ: 96%
07-03 01:26:06.410 22594 22594 V NearbyFragment: Transfer to lUgJ: 96%
07-03 01:26:06.424 22594 22594 V NearbyFragment: Transfer to lUgJ: 96%
07-03 01:26:06.425 22594 22594 V NearbyFragment: Transfer to lUgJ: 97%
07-03 01:26:06.426 22594 22594 V NearbyFragment: Transfer to lUgJ: 97%
07-03 01:26:06.426 22594 22594 V NearbyFragment: Transfer to lUgJ: 98%
07-03 01:26:06.431 22594 22594 V NearbyFragment: Transfer to lUgJ: 98%
07-03 01:26:06.508 22594 22594 V NearbyFragment: Transfer to lUgJ: 98%
07-03 01:26:06.511 22594 22594 V NearbyFragment: Transfer to lUgJ: 99%
07-03 01:26:06.516 22594 22795 I mobile-ffmpeg: frame=  187 fps= 62 q=-0.0 size=N/A time=00:00:06.41 bitrate=N/A speed=2.11x    
07-03 01:26:06.538 22594 22594 V NearbyFragment: Transfer to lUgJ: 99%
07-03 01:26:06.558 22594 22594 V NearbyFragment: Transfer to lUgJ: 100%
07-03 01:26:06.568 22594 22594 V NearbyFragment: Transfer to lUgJ: 100%
07-03 01:26:06.619 22594 22594 D NearbyFragment: onPayloadReceived(endpointId=lUgJ, payload=com.google.android.gms.nearby.connection.Payload@8770980)
07-03 01:26:06.620 22594 22594 D NearbyFragment: Endpoint{id=lUgJ, name=Galaxy S8 [2802]} has finished downloading 20200312_150744!002.mp4
07-03 01:26:06.621 22594 22594 I NearbyFragment: Transfer queue is empty
07-03 01:26:06.628 22594 22594 V NearbyFragment: Transfer to lUgJ: 100%
07-03 01:26:06.705 22594 22594 V NearbyFragment: Transfer to lUgJ: 100%
07-03 01:26:06.969 22594 22795 I mobile-ffmpeg: [freezedetect @ 0x7c69a77c60] lavfi.freezedetect.freeze_duration: 7.206
07-03 01:26:06.969 22594 22795 I mobile-ffmpeg: [freezedetect @ 0x7c69a77c60] lavfi.freezedetect.freeze_end: 7.206
07-03 01:26:07.025 22594 22795 I mobile-ffmpeg: frame=  220 fps= 62 q=-0.0 size=N/A time=00:00:07.50 bitrate=N/A speed=2.12x    
07-03 01:26:07.545 22594 22795 I mobile-ffmpeg: frame=  252 fps= 62 q=-0.0 size=N/A time=00:00:08.53 bitrate=N/A speed=2.11x    
07-03 01:26:08.041 22594 22795 I mobile-ffmpeg: frame=  279 fps= 61 q=-0.0 size=N/A time=00:00:09.49 bitrate=N/A speed=2.08x    
07-03 01:26:08.553 22594 22795 I mobile-ffmpeg: frame=  312 fps= 61 q=-0.0 size=N/A time=00:00:10.57 bitrate=N/A speed=2.09x    
07-03 01:26:08.761 22594 22594 D NearbyFragment: onPayloadReceived(endpointId=lUgJ, payload=com.google.android.gms.nearby.connection.Payload@8943bb9)
07-03 01:26:08.761 22594 22594 D NearbyFragment: 20200312_150744!002.mp4 from Endpoint{id=lUgJ, name=Galaxy S8 [2802]} contained no activity
07-03 01:26:08.762 22594 22594 V NearbyFragment: Received a segment of 20200312_150744
07-03 01:26:08.762 22594 22594 I NearbyFragment: Transfer queue is empty
07-03 01:26:08.765 22594 22594 V NearbyFragment: Transfer to lUgJ: 100%
07-03 01:26:08.774 22594 22594 V NearbyFragment: Transfer to lUgJ: 100%
07-03 01:26:09.055 22594 22795 I mobile-ffmpeg: frame=  348 fps= 62 q=-0.0 size=N/A time=00:00:11.79 bitrate=N/A speed=2.12x    
07-03 01:26:09.213 22594 22795 I mobile-ffmpeg: frame=  360 fps= 63 q=-0.0 Lsize=N/A time=00:00:12.05 bitrate=N/A speed= 2.1x    
07-03 01:26:09.213 22594 22795 I mobile-ffmpeg: video:188kB audio:752kB subtitle:0kB other streams:0kB global headers:0kB muxing overhead: 
07-03 01:26:09.213 22594 22795 I mobile-ffmpeg: unknown
07-03 01:26:09.213 22594 22795 I mobile-ffmpeg: 
07-03 01:26:09.319 22594 22795 I mobile-ffmpeg: Input #0, mov,mp4,m4a,3gp,3g2,mj2, from '/storage/emulated/0/Movies/segment/20200312_150744/20200312_150744!003.mp4':
07-03 01:26:09.319 22594 22795 I mobile-ffmpeg:   Metadata:
07-03 01:26:09.319 22594 22795 I mobile-ffmpeg:     major_brand     : 
07-03 01:26:09.319 22594 22795 I mobile-ffmpeg: isom
07-03 01:26:09.319 22594 22795 I mobile-ffmpeg: 
07-03 01:26:09.320 22594 22795 I mobile-ffmpeg:     minor_version   : 
07-03 01:26:09.320 22594 22795 I mobile-ffmpeg: 512
07-03 01:26:09.320 22594 22795 I mobile-ffmpeg: 
07-03 01:26:09.320 22594 22795 I mobile-ffmpeg:     compatible_brands: 
07-03 01:26:09.320 22594 22795 I mobile-ffmpeg: isomiso2avc1mp41
07-03 01:26:09.320 22594 22795 I mobile-ffmpeg: 
07-03 01:26:09.320 22594 22795 I mobile-ffmpeg:     encoder         : 
07-03 01:26:09.321 22594 22795 I mobile-ffmpeg: Lavf58.42.100
07-03 01:26:09.321 22594 22795 I mobile-ffmpeg: 
07-03 01:26:09.321 22594 22795 I mobile-ffmpeg:   Duration: 
07-03 01:26:09.321 22594 22795 I mobile-ffmpeg: 00:00:12.03
07-03 01:26:09.321 22594 22795 I mobile-ffmpeg: , start: 
07-03 01:26:09.321 22594 22795 I mobile-ffmpeg: 0.000000
07-03 01:26:09.321 22594 22795 I mobile-ffmpeg: , bitrate: 
07-03 01:26:09.321 22594 22795 I mobile-ffmpeg: 8403 kb/s
07-03 01:26:09.321 22594 22795 I mobile-ffmpeg: 
07-03 01:26:09.321 22594 22795 I mobile-ffmpeg:     Stream #0:0
07-03 01:26:09.321 22594 22795 I mobile-ffmpeg: (eng)
07-03 01:26:09.321 22594 22795 I mobile-ffmpeg: : Video: h264 (avc1 / 0x31637661), yuvj420p(pc, bt709), 1280x720, 8366 kb/s
07-03 01:26:09.321 22594 22795 I mobile-ffmpeg: , 
07-03 01:26:09.322 22594 22795 I mobile-ffmpeg: 29.98 fps, 
07-03 01:26:09.322 22594 22795 I mobile-ffmpeg: 29.97 tbr, 
07-03 01:26:09.322 22594 22795 I mobile-ffmpeg: 16k tbn, 
07-03 01:26:09.322 22594 22795 I mobile-ffmpeg: 32k tbc
07-03 01:26:09.322 22594 22795 I mobile-ffmpeg:  (default)
07-03 01:26:09.322 22594 22795 I mobile-ffmpeg: 
07-03 01:26:09.322 22594 22795 I mobile-ffmpeg:     Metadata:
07-03 01:26:09.322 22594 22795 I mobile-ffmpeg:       handler_name    : 
07-03 01:26:09.322 22594 22795 I mobile-ffmpeg: PittaSoft Video Media Handler
07-03 01:26:09.322 22594 22795 I mobile-ffmpeg: 
07-03 01:26:09.322 22594 22795 I mobile-ffmpeg:     Stream #0:1
07-03 01:26:09.322 22594 22795 I mobile-ffmpeg: (eng)
07-03 01:26:09.322 22594 22795 I mobile-ffmpeg: : Audio: aac (mp4a / 0x6134706D), 16000 Hz, stereo, fltp, 47 kb/s
07-03 01:26:09.322 22594 22795 I mobile-ffmpeg:  (default)
07-03 01:26:09.322 22594 22795 I mobile-ffmpeg: 
07-03 01:26:09.323 22594 22795 I mobile-ffmpeg:     Metadata:
07-03 01:26:09.323 22594 22795 I mobile-ffmpeg:       handler_name    : 
07-03 01:26:09.323 22594 22795 I mobile-ffmpeg: PittaSoft Sound Media Handler
07-03 01:26:09.323 22594 22795 I mobile-ffmpeg: 
07-03 01:26:09.345 22594 22829 W Summariser: 1 active sections found
07-03 01:26:09.345 22594 22829 I FfmpegTools: Running ffmpeg with:
07-03 01:26:09.345 22594 22829 I FfmpegTools:   -y -i /storage/emulated/0/Movies/segment/20200312_150744/20200312_150744!003.mp4 -filter_complex [0:v]trim=7.206000:12.030000,setpts=PTS-STARTPTS[v0];[0:a]atrim=7.206000:12.030000,asetpts=PTS-STARTPTS[a0];[v0][a0]concat=n=1:v=1:a=1[outv][outa] -map [outv] -map [outa] -crf 23 -preset medium /storage/emulated/0/Movies/segment-sum/20200312_150744/20200312_150744!003.mp4
07-03 01:26:09.404 22594 22795 I mobile-ffmpeg: Input #0, mov,mp4,m4a,3gp,3g2,mj2, from '/storage/emulated/0/Movies/segment/20200312_150744/20200312_150744!003.mp4':
07-03 01:26:09.404 22594 22795 I mobile-ffmpeg:   Metadata:
07-03 01:26:09.404 22594 22795 I mobile-ffmpeg:     major_brand     : 
07-03 01:26:09.404 22594 22795 I mobile-ffmpeg: isom
07-03 01:26:09.404 22594 22795 I mobile-ffmpeg: 
07-03 01:26:09.404 22594 22795 I mobile-ffmpeg:     minor_version   : 
07-03 01:26:09.404 22594 22795 I mobile-ffmpeg: 512
07-03 01:26:09.404 22594 22795 I mobile-ffmpeg: 
07-03 01:26:09.404 22594 22795 I mobile-ffmpeg:     compatible_brands: 
07-03 01:26:09.404 22594 22795 I mobile-ffmpeg: isomiso2avc1mp41
07-03 01:26:09.404 22594 22795 I mobile-ffmpeg: 
07-03 01:26:09.405 22594 22795 I mobile-ffmpeg:     encoder         : 
07-03 01:26:09.405 22594 22795 I mobile-ffmpeg: Lavf58.42.100
07-03 01:26:09.405 22594 22795 I mobile-ffmpeg: 
07-03 01:26:09.405 22594 22795 I mobile-ffmpeg:   Duration: 
07-03 01:26:09.405 22594 22795 I mobile-ffmpeg: 00:00:12.03
07-03 01:26:09.405 22594 22795 I mobile-ffmpeg: , start: 
07-03 01:26:09.405 22594 22795 I mobile-ffmpeg: 0.000000
07-03 01:26:09.405 22594 22795 I mobile-ffmpeg: , bitrate: 
07-03 01:26:09.405 22594 22795 I mobile-ffmpeg: 8403 kb/s
07-03 01:26:09.405 22594 22795 I mobile-ffmpeg: 
07-03 01:26:09.405 22594 22795 I mobile-ffmpeg:     Stream #0:0
07-03 01:26:09.405 22594 22795 I mobile-ffmpeg: (eng)
07-03 01:26:09.405 22594 22795 I mobile-ffmpeg: : Video: h264 (avc1 / 0x31637661), yuvj420p(pc, bt709), 1280x720, 8366 kb/s
07-03 01:26:09.405 22594 22795 I mobile-ffmpeg: , 
07-03 01:26:09.405 22594 22795 I mobile-ffmpeg: 29.98 fps, 
07-03 01:26:09.405 22594 22795 I mobile-ffmpeg: 29.97 tbr, 
07-03 01:26:09.406 22594 22795 I mobile-ffmpeg: 16k tbn, 
07-03 01:26:09.406 22594 22795 I mobile-ffmpeg: 32k tbc
07-03 01:26:09.406 22594 22795 I mobile-ffmpeg:  (default)
07-03 01:26:09.406 22594 22795 I mobile-ffmpeg: 
07-03 01:26:09.406 22594 22795 I mobile-ffmpeg:     Metadata:
07-03 01:26:09.406 22594 22795 I mobile-ffmpeg:       handler_name    : 
07-03 01:26:09.406 22594 22795 I mobile-ffmpeg: PittaSoft Video Media Handler
07-03 01:26:09.406 22594 22795 I mobile-ffmpeg: 
07-03 01:26:09.406 22594 22795 I mobile-ffmpeg:     Stream #0:1
07-03 01:26:09.406 22594 22795 I mobile-ffmpeg: (eng)
07-03 01:26:09.406 22594 22795 I mobile-ffmpeg: : Audio: aac (mp4a / 0x6134706D), 16000 Hz, stereo, fltp, 47 kb/s
07-03 01:26:09.406 22594 22795 I mobile-ffmpeg:  (default)
07-03 01:26:09.406 22594 22795 I mobile-ffmpeg: 
07-03 01:26:09.406 22594 22795 I mobile-ffmpeg:     Metadata:
07-03 01:26:09.406 22594 22795 I mobile-ffmpeg:       handler_name    : 
07-03 01:26:09.407 22594 22795 I mobile-ffmpeg: PittaSoft Sound Media Handler
07-03 01:26:09.407 22594 22795 I mobile-ffmpeg: 
07-03 01:26:09.410 22594 22795 I mobile-ffmpeg: Stream mapping:
07-03 01:26:09.410 22594 22795 I mobile-ffmpeg:   Stream #0:0 (h264) -> trim
07-03 01:26:09.410 22594 22795 I mobile-ffmpeg: 
07-03 01:26:09.410 22594 22795 I mobile-ffmpeg:   Stream #0:1 (aac) -> atrim
07-03 01:26:09.410 22594 22795 I mobile-ffmpeg: 
07-03 01:26:09.410 22594 22795 I mobile-ffmpeg:   concat:out:v0
07-03 01:26:09.411 22594 22795 I mobile-ffmpeg:  -> Stream #0:0 (libx264)
07-03 01:26:09.411 22594 22795 I mobile-ffmpeg:   concat:out:a0
07-03 01:26:09.411 22594 22795 I mobile-ffmpeg:  -> Stream #0:1 (aac)
07-03 01:26:09.411 22594 22795 I mobile-ffmpeg: Press [q] to stop, [?] for help
07-03 01:26:09.464 22594 22795 W mobile-ffmpeg: [graph 0 input from stream 0:0 @ 0x7c59bf1240] sws_param option is deprecated and ignored
07-03 01:26:09.468 22594 22795 I mobile-ffmpeg: [libx264 @ 0x7c59b15700] using cpu capabilities: ARMv8 NEON
07-03 01:26:09.476 22594 22795 I mobile-ffmpeg: [libx264 @ 0x7c59b15700] profile High, level 3.1, 4:2:0, 8-bit
07-03 01:26:09.477 22594 22795 I mobile-ffmpeg: [libx264 @ 0x7c59b15700] 264 - core 159 - H.264/MPEG-4 AVC codec - Copyleft 2003-2020 - http://www.videolan.org/x264.html - options: cabac=1 ref=3 deblock=1:0:0 analyse=0x3:0x113 me=hex subme=7 psy=1 psy_rd=1.00:0.00 mixed_ref=1 me_range=16 chroma_me=1 trellis=1 8x8dct=1 cqm=0 deadzone=21,11 fast_pskip=1 chroma_qp_offset=-2 threads=9 lookahead_threads=1 sliced_threads=0 nr=0 decimate=1 interlaced=0 bluray_compat=0 constrained_intra=0 bframes=3 b_pyramid=2 b_adapt=1 b_bias=0 direct=1 weightb=1 open_gop=0 weightp=2 keyint=250 keyint_min=25 scenecut=40 intra_refresh=0 rc_lookahead=40 rc=crf mbtree=1 crf=23.0 qcomp=0.60 qpmin=0 qpmax=69 qpstep=4 ip_ratio=1.40 aq=1:1.00
07-03 01:26:09.479 22594 22795 I mobile-ffmpeg: Output #0, mp4, to '/storage/emulated/0/Movies/segment-sum/20200312_150744/20200312_150744!003.mp4':
07-03 01:26:09.479 22594 22795 I mobile-ffmpeg:   Metadata:
07-03 01:26:09.479 22594 22795 I mobile-ffmpeg:     major_brand     : 
07-03 01:26:09.479 22594 22795 I mobile-ffmpeg: isom
07-03 01:26:09.479 22594 22795 I mobile-ffmpeg: 
07-03 01:26:09.479 22594 22795 I mobile-ffmpeg:     minor_version   : 
07-03 01:26:09.479 22594 22795 I mobile-ffmpeg: 512
07-03 01:26:09.480 22594 22795 I mobile-ffmpeg: 
07-03 01:26:09.480 22594 22795 I mobile-ffmpeg:     compatible_brands: 
07-03 01:26:09.480 22594 22795 I mobile-ffmpeg: isomiso2avc1mp41
07-03 01:26:09.480 22594 22795 I mobile-ffmpeg: 
07-03 01:26:09.480 22594 22795 I mobile-ffmpeg:     encoder         : 
07-03 01:26:09.480 22594 22795 I mobile-ffmpeg: Lavf58.42.100
07-03 01:26:09.480 22594 22795 I mobile-ffmpeg: 
07-03 01:26:09.480 22594 22795 I mobile-ffmpeg:     Stream #0:0
07-03 01:26:09.480 22594 22795 I mobile-ffmpeg: : Video: h264 (libx264) (avc1 / 0x31637661), yuvj420p(pc), 1280x720, q=-1--1
07-03 01:26:09.480 22594 22795 I mobile-ffmpeg: , 
07-03 01:26:09.480 22594 22795 I mobile-ffmpeg: 29.97 fps, 
07-03 01:26:09.480 22594 22795 I mobile-ffmpeg: 30k tbn, 
07-03 01:26:09.480 22594 22795 I mobile-ffmpeg: 29.97 tbc
07-03 01:26:09.480 22594 22795 I mobile-ffmpeg:  (default)
07-03 01:26:09.481 22594 22795 I mobile-ffmpeg: 
07-03 01:26:09.481 22594 22795 I mobile-ffmpeg:     Metadata:
07-03 01:26:09.481 22594 22795 I mobile-ffmpeg:       encoder         : 
07-03 01:26:09.481 22594 22795 I mobile-ffmpeg: Lavc58.78.102 libx264
07-03 01:26:09.481 22594 22795 I mobile-ffmpeg: 
07-03 01:26:09.481 22594 22795 I mobile-ffmpeg:     Side data:
07-03 01:26:09.481 22594 22795 I mobile-ffmpeg:       
07-03 01:26:09.481 22594 22795 I mobile-ffmpeg: cpb: 
07-03 01:26:09.481 22594 22795 I mobile-ffmpeg: bitrate max/min/avg: 0/0/0 buffer size: 0 
07-03 01:26:09.481 22594 22795 I mobile-ffmpeg: vbv_delay: N/A
07-03 01:26:09.481 22594 22795 I mobile-ffmpeg: 
07-03 01:26:09.481 22594 22795 I mobile-ffmpeg:     Stream #0:1
07-03 01:26:09.481 22594 22795 I mobile-ffmpeg: : Audio: aac (mp4a / 0x6134706D), 16000 Hz, stereo, fltp, 128 kb/s
07-03 01:26:09.481 22594 22795 I mobile-ffmpeg:  (default)
07-03 01:26:09.481 22594 22795 I mobile-ffmpeg: 
07-03 01:26:09.481 22594 22795 I mobile-ffmpeg:     Metadata:
07-03 01:26:09.481 22594 22795 I mobile-ffmpeg:       encoder         : 
07-03 01:26:09.482 22594 22795 I mobile-ffmpeg: Lavc58.78.102 aac
07-03 01:26:09.482 22594 22795 I mobile-ffmpeg: 
07-03 01:26:09.568 22594 22795 I mobile-ffmpeg: frame=    0 fps=0.0 q=0.0 size=       0kB time=00:00:00.00 bitrate=N/A speed=   0x    
07-03 01:26:09.704 22594 22594 D NearbyFragment: onPayloadReceived(endpointId=TOjw, payload=com.google.android.gms.nearby.connection.Payload@b65fbfe)
07-03 01:26:09.704 22594 22594 D NearbyFragment: 20200312_150744!001.mp4 from Endpoint{id=TOjw, name=Nexus 5 [1825]} contained no activity
07-03 01:26:09.705 22594 22594 V NearbyFragment: Received a segment of 20200312_150744
07-03 01:26:09.705 22594 22594 I NearbyFragment: Transfer queue is empty
07-03 01:26:09.706 22594 22594 V NearbyFragment: Transfer to TOjw: 100%
07-03 01:26:09.727 22594 22594 V NearbyFragment: Transfer to TOjw: 100%
07-03 01:26:10.085 22594 22795 I mobile-ffmpeg: frame=    0 fps=0.0 q=0.0 size=       0kB time=00:00:00.00 bitrate=N/A speed=   0x    
07-03 01:26:10.600 22594 22795 I mobile-ffmpeg: frame=    0 fps=0.0 q=0.0 size=       0kB time=00:00:00.00 bitrate=N/A speed=   0x    
07-03 01:26:11.119 22594 22795 I mobile-ffmpeg: frame=    0 fps=0.0 q=0.0 size=       0kB time=00:00:00.00 bitrate=N/A speed=   0x    
07-03 01:26:11.662 22594 22795 I mobile-ffmpeg: frame=    0 fps=0.0 q=0.0 size=       0kB time=00:00:00.00 bitrate=N/A speed=   0x    
07-03 01:26:12.177 22594 22795 I mobile-ffmpeg: frame=    0 fps=0.0 q=0.0 size=       0kB time=00:00:00.00 bitrate=N/A speed=   0x    
07-03 01:26:12.677 22594 22795 I mobile-ffmpeg: frame=   15 fps=4.6 q=0.0 size=       0kB time=00:00:00.44 bitrate=   0.9kbits/s speed=0.137x    
07-03 01:26:13.195 22594 22795 I mobile-ffmpeg: frame=   37 fps=9.8 q=0.0 size=       0kB time=00:00:01.21 bitrate=   0.3kbits/s speed=0.322x    
07-03 01:26:14.615 22594 22795 I mobile-ffmpeg: frame=   46 fps=8.9 q=0.0 size=       0kB time=00:00:01.53 bitrate=   0.2kbits/s speed=0.297x    
07-03 01:26:15.254 22594 22795 I mobile-ffmpeg: frame=   55 fps=9.5 q=29.0 size=       0kB time=00:00:01.79 bitrate=   0.2kbits/s speed=0.309x    
07-03 01:26:15.978 22594 22795 I mobile-ffmpeg: frame=   59 fps=9.2 q=29.0 size=       0kB time=00:00:01.92 bitrate=   0.2kbits/s speed= 0.3x    
07-03 01:26:16.422 22594 22795 I mobile-ffmpeg: frame=   61 fps=8.7 q=29.0 size=       0kB time=00:00:02.04 bitrate=   0.2kbits/s speed=0.293x    
07-03 01:26:16.948 22594 22795 I mobile-ffmpeg: frame=   65 fps=8.7 q=29.0 size=       0kB time=00:00:02.17 bitrate=   0.2kbits/s speed=0.29x    
07-03 01:26:17.587 22594 22795 I mobile-ffmpeg: frame=   69 fps=8.5 q=29.0 size=       0kB time=00:00:02.30 bitrate=   0.2kbits/s speed=0.283x    
07-03 01:26:18.116 22594 22795 I mobile-ffmpeg: frame=   73 fps=8.4 q=29.0 size=       0kB time=00:00:02.43 bitrate=   0.2kbits/s speed=0.28x    
07-03 01:26:18.545 22594 22789 V VideoManager: Retrieving video from /storage/emulated/0/Movies/raw/20200312_150844.mp4
07-03 01:26:18.567 22594 22789 D VideoManager: videoCursor is null
07-03 01:26:18.596 22594 22789 V VideoManager: videoFromCursor
07-03 01:26:18.601 22594 22789 W DashDownloadManager: Successfully downloaded 20200312_150844.mp4 in 19.991s
07-03 01:26:18.601 22594 22789 V DownloadTestVideosTask: Entering callback for download completion of 20200312_150844.mp4
07-03 01:26:18.602 22594 22789 V RawFootageEventHandler: onAdd
07-03 01:26:18.625 22594 22795 W mobile-ffmpeg: [mov,mp4,m4a,3gp,3g2,mj2 @ 0x7c6c8b7800] Found duplicated MOOV Atom. Skipped it
07-03 01:26:18.711 22594 22795 I mobile-ffmpeg: Input #0, mov,mp4,m4a,3gp,3g2,mj2, from '/storage/emulated/0/Movies/raw/20200312_150844.mp4':
07-03 01:26:18.711 22594 22795 I mobile-ffmpeg:   Metadata:
07-03 01:26:18.712 22594 22795 I mobile-ffmpeg:     creation_time   : 
07-03 01:26:18.712 22594 22795 I mobile-ffmpeg: 2020-03-12T04:09:43.000000Z
07-03 01:26:18.712 22594 22795 I mobile-ffmpeg: 
07-03 01:26:18.712 22594 22795 I mobile-ffmpeg:     major_brand     : 
07-03 01:26:18.712 22594 22795 I mobile-ffmpeg: mp42
07-03 01:26:18.712 22594 22795 I mobile-ffmpeg: 
07-03 01:26:18.712 22594 22795 I mobile-ffmpeg:     minor_version   : 
07-03 01:26:18.712 22594 22795 I mobile-ffmpeg: 1
07-03 01:26:18.712 22594 22795 I mobile-ffmpeg: 
07-03 01:26:18.712 22594 22795 I mobile-ffmpeg:     compatible_brands: 
07-03 01:26:18.712 22594 22795 I mobile-ffmpeg: mp42mp42
07-03 01:26:18.712 22594 22795 I mobile-ffmpeg: 
07-03 01:26:18.712 22594 22795 I mobile-ffmpeg:   Duration: 
07-03 01:26:18.712 22594 22795 I mobile-ffmpeg: 00:01:00.02
07-03 01:26:18.712 22594 22795 I mobile-ffmpeg: , start: 
07-03 01:26:18.713 22594 22795 I mobile-ffmpeg: 0.000000
07-03 01:26:18.713 22594 22795 I mobile-ffmpeg: , bitrate: 
07-03 01:26:18.713 22594 22795 I mobile-ffmpeg: 9328 kb/s
07-03 01:26:18.713 22594 22795 I mobile-ffmpeg: 
07-03 01:26:18.713 22594 22795 I mobile-ffmpeg:     Stream #0:0
07-03 01:26:18.713 22594 22795 I mobile-ffmpeg: (eng)
07-03 01:26:18.713 22594 22795 I mobile-ffmpeg: : Video: h264 (avc1 / 0x31637661), yuvj420p(pc, bt709), 1280x720, 8383 kb/s
07-03 01:26:18.713 22594 22795 I mobile-ffmpeg: , 
07-03 01:26:18.713 22594 22795 I mobile-ffmpeg: 29.97 fps, 
07-03 01:26:18.713 22594 22795 I mobile-ffmpeg: 29.97 tbr, 
07-03 01:26:18.713 22594 22795 I mobile-ffmpeg: 1k tbn, 
07-03 01:26:18.713 22594 22795 I mobile-ffmpeg: 2k tbc
07-03 01:26:18.713 22594 22795 I mobile-ffmpeg:  (default)
07-03 01:26:18.713 22594 22795 I mobile-ffmpeg: 
07-03 01:26:18.713 22594 22795 I mobile-ffmpeg:     Metadata:
07-03 01:26:18.716 22594 22795 I mobile-ffmpeg:       creation_time   : 
07-03 01:26:18.717 22594 22795 I mobile-ffmpeg: 2020-03-12T04:09:43.000000Z
07-03 01:26:18.717 22594 22795 I mobile-ffmpeg: 
07-03 01:26:18.717 22594 22795 I mobile-ffmpeg:       handler_name    : 
07-03 01:26:18.717 22594 22795 I mobile-ffmpeg: PittaSoft Video Media Handler
07-03 01:26:18.718 22594 22795 I mobile-ffmpeg: 
07-03 01:26:18.718 22594 22795 I mobile-ffmpeg:     Stream #0:1
07-03 01:26:18.718 22594 22795 I mobile-ffmpeg: (eng)
07-03 01:26:18.718 22594 22795 I mobile-ffmpeg: : Audio: aac (mp4a / 0x6134706D), 16000 Hz, stereo, fltp, 47 kb/s
07-03 01:26:18.718 22594 22795 I mobile-ffmpeg:  (default)
07-03 01:26:18.718 22594 22795 I mobile-ffmpeg: 
07-03 01:26:18.718 22594 22795 I mobile-ffmpeg:     Metadata:
07-03 01:26:18.718 22594 22795 I mobile-ffmpeg:       creation_time   : 
07-03 01:26:18.718 22594 22795 I mobile-ffmpeg: 2020-03-12T04:09:43.000000Z
07-03 01:26:18.718 22594 22795 I mobile-ffmpeg: 
07-03 01:26:18.718 22594 22795 I mobile-ffmpeg:       handler_name    : 
07-03 01:26:18.718 22594 22795 I mobile-ffmpeg: PittaSoft Sound Media Handler
07-03 01:26:18.718 22594 22795 I mobile-ffmpeg: 
07-03 01:26:18.738 22594 22789 V FileManager: External storage is readable
07-03 01:26:18.739 22594 22789 V FileManager: Created new directory: /storage/emulated/0/Movies/segment/20200312_150844
07-03 01:26:18.740 22594 22789 V FfmpegTools: Splitting /storage/emulated/0/Movies/raw/20200312_150844.mp4 with 16s long segments
07-03 01:26:18.741 22594 22789 I FfmpegTools: Running ffmpeg with:
07-03 01:26:18.741 22594 22789 I FfmpegTools:   -y -i /storage/emulated/0/Movies/raw/20200312_150844.mp4 -map 0 -c copy -f segment -reset_timestamps 1 -segment_time 16 /storage/emulated/0/Movies/segment/20200312_150844/20200312_150844!%03d.mp4
07-03 01:26:18.755 22594 22795 W mobile-ffmpeg: [mov,mp4,m4a,3gp,3g2,mj2 @ 0x7c6c8b7800] Found duplicated MOOV Atom. Skipped it
07-03 01:26:18.843 22594 22795 I mobile-ffmpeg: Input #0, mov,mp4,m4a,3gp,3g2,mj2, from '/storage/emulated/0/Movies/raw/20200312_150844.mp4':
07-03 01:26:18.843 22594 22795 I mobile-ffmpeg:   Metadata:
07-03 01:26:18.843 22594 22795 I mobile-ffmpeg:     creation_time   : 
07-03 01:26:18.843 22594 22795 I mobile-ffmpeg: 2020-03-12T04:09:43.000000Z
07-03 01:26:18.843 22594 22795 I mobile-ffmpeg: 
07-03 01:26:18.843 22594 22795 I mobile-ffmpeg:     major_brand     : 
07-03 01:26:18.843 22594 22795 I mobile-ffmpeg: mp42
07-03 01:26:18.843 22594 22795 I mobile-ffmpeg: 
07-03 01:26:18.843 22594 22795 I mobile-ffmpeg:     minor_version   : 
07-03 01:26:18.843 22594 22795 I mobile-ffmpeg: 1
07-03 01:26:18.843 22594 22795 I mobile-ffmpeg: 
07-03 01:26:18.843 22594 22795 I mobile-ffmpeg:     compatible_brands: 
07-03 01:26:18.844 22594 22795 I mobile-ffmpeg: mp42mp42
07-03 01:26:18.844 22594 22795 I mobile-ffmpeg: 
07-03 01:26:18.844 22594 22795 I mobile-ffmpeg:   Duration: 
07-03 01:26:18.844 22594 22795 I mobile-ffmpeg: 00:01:00.02
07-03 01:26:18.844 22594 22795 I mobile-ffmpeg: , start: 
07-03 01:26:18.844 22594 22795 I mobile-ffmpeg: 0.000000
07-03 01:26:18.844 22594 22795 I mobile-ffmpeg: , bitrate: 
07-03 01:26:18.844 22594 22795 I mobile-ffmpeg: 9328 kb/s
07-03 01:26:18.844 22594 22795 I mobile-ffmpeg: 
07-03 01:26:18.844 22594 22795 I mobile-ffmpeg:     Stream #0:0
07-03 01:26:18.844 22594 22795 I mobile-ffmpeg: (eng)
07-03 01:26:18.844 22594 22795 I mobile-ffmpeg: : Video: h264 (avc1 / 0x31637661), yuvj420p(pc, bt709), 1280x720, 8383 kb/s
07-03 01:26:18.844 22594 22795 I mobile-ffmpeg: , 
07-03 01:26:18.844 22594 22795 I mobile-ffmpeg: 29.97 fps, 
07-03 01:26:18.844 22594 22795 I mobile-ffmpeg: 29.97 tbr, 
07-03 01:26:18.844 22594 22795 I mobile-ffmpeg: 1k tbn, 
07-03 01:26:18.844 22594 22795 I mobile-ffmpeg: 2k tbc
07-03 01:26:18.844 22594 22795 I mobile-ffmpeg:  (default)
07-03 01:26:18.844 22594 22795 I mobile-ffmpeg: 
07-03 01:26:18.844 22594 22795 I mobile-ffmpeg:     Metadata:
07-03 01:26:18.844 22594 22795 I mobile-ffmpeg:       creation_time   : 
07-03 01:26:18.845 22594 22795 I mobile-ffmpeg: 2020-03-12T04:09:43.000000Z
07-03 01:26:18.845 22594 22795 I mobile-ffmpeg: 
07-03 01:26:18.845 22594 22795 I mobile-ffmpeg:       handler_name    : 
07-03 01:26:18.845 22594 22795 I mobile-ffmpeg: PittaSoft Video Media Handler
07-03 01:26:18.845 22594 22795 I mobile-ffmpeg: 
07-03 01:26:18.845 22594 22795 I mobile-ffmpeg:     Stream #0:1
07-03 01:26:18.845 22594 22795 I mobile-ffmpeg: (eng)
07-03 01:26:18.845 22594 22795 I mobile-ffmpeg: : Audio: aac (mp4a / 0x6134706D), 16000 Hz, stereo, fltp, 47 kb/s
07-03 01:26:18.845 22594 22795 I mobile-ffmpeg:  (default)
07-03 01:26:18.845 22594 22795 I mobile-ffmpeg: 
07-03 01:26:18.846 22594 22795 I mobile-ffmpeg:     Metadata:
07-03 01:26:18.846 22594 22795 I mobile-ffmpeg:       creation_time   : 
07-03 01:26:18.846 22594 22795 I mobile-ffmpeg: 2020-03-12T04:09:43.000000Z
07-03 01:26:18.846 22594 22795 I mobile-ffmpeg: 
07-03 01:26:18.846 22594 22795 I mobile-ffmpeg:       handler_name    : 
07-03 01:26:18.846 22594 22795 I mobile-ffmpeg: PittaSoft Sound Media Handler
07-03 01:26:18.846 22594 22795 I mobile-ffmpeg: 
07-03 01:26:18.846 22594 22795 I mobile-ffmpeg: [segment @ 0x7c6c8b8a00] Opening '/storage/emulated/0/Movies/segment/20200312_150844/20200312_150844!000.mp4' for writing
07-03 01:26:18.846 22594 22795 I mobile-ffmpeg: Output #0, segment, to '/storage/emulated/0/Movies/segment/20200312_150844/20200312_150844!%03d.mp4':
07-03 01:26:18.846 22594 22795 I mobile-ffmpeg:   Metadata:
07-03 01:26:18.846 22594 22795 I mobile-ffmpeg:     compatible_brands: 
07-03 01:26:18.846 22594 22795 I mobile-ffmpeg: mp42mp42
07-03 01:26:18.846 22594 22795 I mobile-ffmpeg: 
07-03 01:26:18.846 22594 22795 I mobile-ffmpeg:     major_brand     : 
07-03 01:26:18.846 22594 22795 I mobile-ffmpeg: mp42
07-03 01:26:18.847 22594 22795 I mobile-ffmpeg: 
07-03 01:26:18.849 22594 22795 I mobile-ffmpeg:     minor_version   : 
07-03 01:26:18.849 22594 22795 I mobile-ffmpeg: 1
07-03 01:26:18.849 22594 22795 I mobile-ffmpeg: 
07-03 01:26:18.849 22594 22795 I mobile-ffmpeg:     encoder         : 
07-03 01:26:18.849 22594 22795 I mobile-ffmpeg: Lavf58.42.100
07-03 01:26:18.849 22594 22795 I mobile-ffmpeg: 
07-03 01:26:18.849 22594 22795 I mobile-ffmpeg:     Stream #0:0
07-03 01:26:18.849 22594 22795 I mobile-ffmpeg: (eng)
07-03 01:26:18.850 22594 22795 I mobile-ffmpeg: : Video: h264 (avc1 / 0x31637661), yuvj420p(pc, bt709), 1280x720, q=2-31, 8383 kb/s
07-03 01:26:18.850 22594 22795 I mobile-ffmpeg: , 
07-03 01:26:18.850 22594 22795 I mobile-ffmpeg: 29.97 fps, 
07-03 01:26:18.850 22594 22795 I mobile-ffmpeg: 29.97 tbr, 
07-03 01:26:18.850 22594 22795 I mobile-ffmpeg: 16k tbn, 
07-03 01:26:18.850 22594 22795 I mobile-ffmpeg: 1k tbc
07-03 01:26:18.850 22594 22795 I mobile-ffmpeg:  (default)
07-03 01:26:18.850 22594 22795 I mobile-ffmpeg: 
07-03 01:26:18.850 22594 22795 I mobile-ffmpeg:     Metadata:
07-03 01:26:18.850 22594 22795 I mobile-ffmpeg:       creation_time   : 
07-03 01:26:18.850 22594 22795 I mobile-ffmpeg: 2020-03-12T04:09:43.000000Z
07-03 01:26:18.850 22594 22795 I mobile-ffmpeg: 
07-03 01:26:18.850 22594 22795 I mobile-ffmpeg:       handler_name    : 
07-03 01:26:18.850 22594 22795 I mobile-ffmpeg: PittaSoft Video Media Handler
07-03 01:26:18.850 22594 22795 I mobile-ffmpeg: 
07-03 01:26:18.850 22594 22795 I mobile-ffmpeg:     Stream #0:1
07-03 01:26:18.850 22594 22795 I mobile-ffmpeg: (eng)
07-03 01:26:18.851 22594 22795 I mobile-ffmpeg: : Audio: aac (mp4a / 0x6134706D), 16000 Hz, stereo, fltp, 47 kb/s
07-03 01:26:18.851 22594 22795 I mobile-ffmpeg:  (default)
07-03 01:26:18.851 22594 22795 I mobile-ffmpeg: 
07-03 01:26:18.851 22594 22795 I mobile-ffmpeg:     Metadata:
07-03 01:26:18.851 22594 22795 I mobile-ffmpeg:       creation_time   : 
07-03 01:26:18.854 22594 22795 I mobile-ffmpeg: 2020-03-12T04:09:43.000000Z
07-03 01:26:18.855 22594 22795 I mobile-ffmpeg: 
07-03 01:26:18.856 22594 22795 I mobile-ffmpeg:       handler_name    : 
07-03 01:26:18.856 22594 22795 I mobile-ffmpeg: PittaSoft Sound Media Handler
07-03 01:26:18.858 22594 22795 I mobile-ffmpeg: 
07-03 01:26:18.858 22594 22795 I mobile-ffmpeg: Stream mapping:
07-03 01:26:18.858 22594 22795 I mobile-ffmpeg:   Stream #0:0 -> #0:0
07-03 01:26:18.858 22594 22795 I mobile-ffmpeg:  (copy)
07-03 01:26:18.858 22594 22795 I mobile-ffmpeg: 
07-03 01:26:18.858 22594 22795 I mobile-ffmpeg:   Stream #0:1 -> #0:1
07-03 01:26:18.858 22594 22795 I mobile-ffmpeg:  (copy)
07-03 01:26:18.858 22594 22795 I mobile-ffmpeg: 
07-03 01:26:18.858 22594 22795 I mobile-ffmpeg: Press [q] to stop, [?] for help
07-03 01:26:18.858 22594 22795 I mobile-ffmpeg: frame=    1 fps=0.0 q=-1.0 size=N/A time=00:00:00.00 bitrate=N/A speed=31.5x    
07-03 01:26:19.018 22594 22795 I mobile-ffmpeg: [segment @ 0x7c6c8b8a00] Opening '/storage/emulated/0/Movies/segment/20200312_150844/20200312_150844!001.mp4' for writing
07-03 01:26:19.282 22594 22795 I mobile-ffmpeg: [segment @ 0x7c6c8b8a00] Opening '/storage/emulated/0/Movies/segment/20200312_150844/20200312_150844!002.mp4' for writing
07-03 01:26:19.347 22594 22795 I mobile-ffmpeg: frame= 1061 fps=0.0 q=-1.0 size=N/A time=00:00:35.36 bitrate=N/A speed=70.6x    
07-03 01:26:19.481 22594 22795 I mobile-ffmpeg: [segment @ 0x7c6c8b8a00] Opening '/storage/emulated/0/Movies/segment/20200312_150844/20200312_150844!003.mp4' for writing
07-03 01:26:19.611 22594 22795 I mobile-ffmpeg: frame= 1800 fps=0.0 q=-1.0 Lsize=N/A time=00:01:00.01 bitrate=N/A speed=78.5x    
07-03 01:26:19.611 22594 22795 I mobile-ffmpeg: video:61424kB audio:345kB subtitle:0kB other streams:0kB global headers:0kB muxing overhead: 
07-03 01:26:19.611 22594 22795 I mobile-ffmpeg: unknown
07-03 01:26:19.611 22594 22795 I mobile-ffmpeg: 
07-03 01:26:19.618 22594 22789 V FileManager: External storage is readable
07-03 01:26:19.619 22594 22789 V FileManager: Directory already exists: /storage/emulated/0/Movies/segment/20200312_150844
07-03 01:26:19.619 22594 22789 V VideoManager: Retrieving videos from /storage/emulated/0/Movies/segment/20200312_150844
07-03 01:26:19.621 22594 22789 V VideoManager: Retrieving video from /storage/emulated/0/Movies/segment/20200312_150844/20200312_150844!000.mp4
07-03 01:26:19.630 22594 22789 V VideoManager: videoFromCursor
07-03 01:26:19.633 22594 22789 V VideoManager: Retrieving video from /storage/emulated/0/Movies/segment/20200312_150844/20200312_150844!001.mp4
07-03 01:26:19.648 22594 22789 V VideoManager: videoFromCursor
07-03 01:26:19.652 22594 22789 V VideoManager: Retrieving video from /storage/emulated/0/Movies/segment/20200312_150844/20200312_150844!002.mp4
07-03 01:26:19.660 22594 22789 V VideoManager: videoFromCursor
07-03 01:26:19.663 22594 22789 V VideoManager: Retrieving video from /storage/emulated/0/Movies/segment/20200312_150844/20200312_150844!003.mp4
07-03 01:26:19.672 22594 22789 V VideoManager: videoFromCursor
07-03 01:26:19.678 22594 22789 V NearbyFragment: nextTransfer with selected algorithm: best_or_local
07-03 01:26:19.680 22594 22789 W NearbyFragment: Sending 20200312_150844!000.mp4 to Galaxy S8 [2802]
07-03 01:26:19.702 22594 22594 V NearbyFragment: Transfer to lUgJ: 0%
07-03 01:26:19.708 22594 22594 V NearbyFragment: Transfer to lUgJ: 0%
07-03 01:26:19.711 22594 22594 V NearbyFragment: Transfer to lUgJ: 100%
07-03 01:26:19.715 22594 22594 V NearbyFragment: Transfer to lUgJ: 100%
07-03 01:26:19.717 22594 22594 V NearbyFragment: Transfer to lUgJ: 1%
07-03 01:26:19.725 22594 22594 V NearbyFragment: Transfer to lUgJ: 1%
07-03 01:26:19.731 22594 22594 V NearbyFragment: Transfer to lUgJ: 1%
07-03 01:26:19.742 22594 22594 V NearbyFragment: Transfer to lUgJ: 2%
07-03 01:26:19.745 22594 22594 V NearbyFragment: Transfer to lUgJ: 2%
07-03 01:26:19.754 22594 22594 V NearbyFragment: Transfer to lUgJ: 3%
07-03 01:26:19.755 22594 22594 V NearbyFragment: Transfer to lUgJ: 3%
07-03 01:26:19.764 22594 22594 V NearbyFragment: Transfer to lUgJ: 3%
07-03 01:26:19.774 22594 22594 V NearbyFragment: Transfer to lUgJ: 4%
07-03 01:26:19.793 22594 22594 V NearbyFragment: Transfer to lUgJ: 4%
07-03 01:26:19.800 22594 22594 V NearbyFragment: Transfer to lUgJ: 5%
07-03 01:26:19.824 22594 22594 V NearbyFragment: Transfer to lUgJ: 5%
07-03 01:26:19.830 22594 22594 V NearbyFragment: Transfer to lUgJ: 5%
07-03 01:26:19.838 22594 22594 V NearbyFragment: Transfer to lUgJ: 6%
07-03 01:26:19.839 22594 22594 V NearbyFragment: Transfer to lUgJ: 6%
07-03 01:26:19.844 22594 22594 V NearbyFragment: Transfer to lUgJ: 6%
07-03 01:26:19.851 22594 22594 V NearbyFragment: Transfer to lUgJ: 7%
07-03 01:26:19.858 22594 22594 V NearbyFragment: Transfer to lUgJ: 7%
07-03 01:26:19.865 22594 22594 V NearbyFragment: Transfer to lUgJ: 8%
07-03 01:26:19.868 22594 22594 V NearbyFragment: Transfer to lUgJ: 8%
07-03 01:26:19.885 22594 22594 V NearbyFragment: Transfer to lUgJ: 8%
07-03 01:26:19.903 22594 22594 V NearbyFragment: Transfer to lUgJ: 9%
07-03 01:26:19.908 22594 22594 V NearbyFragment: Transfer to lUgJ: 9%
07-03 01:26:19.927 22594 22594 V NearbyFragment: Transfer to lUgJ: 10%
07-03 01:26:19.938 22594 22594 V NearbyFragment: Transfer to lUgJ: 10%
07-03 01:26:19.940 22594 22594 V NearbyFragment: Transfer to lUgJ: 10%
07-03 01:26:19.955 22594 22594 V NearbyFragment: Transfer to lUgJ: 11%
07-03 01:26:19.960 22594 22594 V NearbyFragment: Transfer to lUgJ: 11%
07-03 01:26:19.974 22594 22594 V NearbyFragment: Transfer to lUgJ: 12%
07-03 01:26:19.974 22594 22594 V NearbyFragment: Transfer to lUgJ: 12%
07-03 01:26:19.978 22594 22594 V NearbyFragment: Transfer to lUgJ: 12%
07-03 01:26:19.997 22594 22594 V NearbyFragment: Transfer to lUgJ: 13%
07-03 01:26:20.001 22594 22594 V NearbyFragment: Transfer to lUgJ: 13%
07-03 01:26:20.006 22594 22594 V NearbyFragment: Transfer to lUgJ: 13%
07-03 01:26:20.011 22594 22594 V NearbyFragment: Transfer to lUgJ: 14%
07-03 01:26:20.028 22594 22594 V NearbyFragment: Transfer to lUgJ: 14%
07-03 01:26:20.031 22594 22594 V NearbyFragment: Transfer to lUgJ: 15%
07-03 01:26:20.032 22594 22594 I chatty  : uid=10100(com.example.edgesum) identical 1 line
07-03 01:26:20.033 22594 22594 V NearbyFragment: Transfer to lUgJ: 15%
07-03 01:26:20.034 22594 22594 V NearbyFragment: Transfer to lUgJ: 16%
07-03 01:26:20.040 22594 22594 V NearbyFragment: Transfer to lUgJ: 16%
07-03 01:26:20.042 22594 22594 V NearbyFragment: Transfer to lUgJ: 17%
07-03 01:26:20.045 22594 22594 I chatty  : uid=10100(com.example.edgesum) identical 1 line
07-03 01:26:20.051 22594 22594 V NearbyFragment: Transfer to lUgJ: 17%
07-03 01:26:20.054 22594 22594 V NearbyFragment: Transfer to lUgJ: 18%
07-03 01:26:20.058 22594 22594 V NearbyFragment: Transfer to lUgJ: 18%
07-03 01:26:20.067 22594 22594 V NearbyFragment: Transfer to lUgJ: 19%
07-03 01:26:20.067 22594 22594 V NearbyFragment: Transfer to lUgJ: 19%
07-03 01:26:20.078 22594 22594 V NearbyFragment: Transfer to lUgJ: 19%
07-03 01:26:20.095 22594 22594 V NearbyFragment: Transfer to lUgJ: 20%
07-03 01:26:20.108 22594 22594 V NearbyFragment: Transfer to lUgJ: 20%
07-03 01:26:20.121 22594 22594 V NearbyFragment: Transfer to lUgJ: 20%
07-03 01:26:20.138 22594 22594 V NearbyFragment: Transfer to lUgJ: 21%
07-03 01:26:20.151 22594 22594 V NearbyFragment: Transfer to lUgJ: 21%
07-03 01:26:20.158 22594 22594 V NearbyFragment: Transfer to lUgJ: 22%
07-03 01:26:20.169 22594 22594 V NearbyFragment: Transfer to lUgJ: 22%
07-03 01:26:20.175 22594 22594 V NearbyFragment: Transfer to lUgJ: 23%
07-03 01:26:20.179 22594 22594 V NearbyFragment: Transfer to lUgJ: 23%
07-03 01:26:20.185 22594 22795 I mobile-ffmpeg: frame=   86 fps=8.2 q=29.0 size=       0kB time=00:00:02.81 bitrate=   0.1kbits/s speed=0.269x    
07-03 01:26:20.188 22594 22594 V NearbyFragment: Transfer to lUgJ: 24%
07-03 01:26:20.190 22594 22594 V NearbyFragment: Transfer to lUgJ: 24%
07-03 01:26:20.200 22594 22594 V NearbyFragment: Transfer to lUgJ: 24%
07-03 01:26:20.208 22594 22594 V NearbyFragment: Transfer to lUgJ: 25%
07-03 01:26:20.209 22594 22594 V NearbyFragment: Transfer to lUgJ: 25%
07-03 01:26:20.225 22594 22594 V NearbyFragment: Transfer to lUgJ: 26%
07-03 01:26:20.248 22594 22594 V NearbyFragment: Transfer to lUgJ: 26%
07-03 01:26:20.261 22594 22594 V NearbyFragment: Transfer to lUgJ: 26%
07-03 01:26:20.278 22594 22594 V NearbyFragment: Transfer to lUgJ: 27%
07-03 01:26:20.291 22594 22594 V NearbyFragment: Transfer to lUgJ: 27%
07-03 01:26:20.299 22594 22594 V NearbyFragment: Transfer to lUgJ: 27%
07-03 01:26:20.304 22594 22594 V NearbyFragment: Transfer to lUgJ: 28%
07-03 01:26:20.321 22594 22594 V NearbyFragment: Transfer to lUgJ: 28%
07-03 01:26:20.344 22594 22594 V NearbyFragment: Transfer to lUgJ: 29%
07-03 01:26:20.351 22594 22594 V NearbyFragment: Transfer to lUgJ: 29%
07-03 01:26:20.362 22594 22594 V NearbyFragment: Transfer to lUgJ: 29%
07-03 01:26:20.368 22594 22594 V NearbyFragment: Transfer to lUgJ: 30%
07-03 01:26:20.378 22594 22594 V NearbyFragment: Transfer to lUgJ: 30%
07-03 01:26:20.384 22594 22594 V NearbyFragment: Transfer to lUgJ: 31%
07-03 01:26:20.392 22594 22594 V NearbyFragment: Transfer to lUgJ: 31%
07-03 01:26:20.398 22594 22594 V NearbyFragment: Transfer to lUgJ: 31%
07-03 01:26:20.405 22594 22594 V NearbyFragment: Transfer to lUgJ: 32%
07-03 01:26:20.415 22594 22594 V NearbyFragment: Transfer to lUgJ: 32%
07-03 01:26:20.428 22594 22594 V NearbyFragment: Transfer to lUgJ: 33%
07-03 01:26:20.428 22594 22594 V NearbyFragment: Transfer to lUgJ: 33%
07-03 01:26:20.456 22594 22594 V NearbyFragment: Transfer to lUgJ: 33%
07-03 01:26:20.463 22594 22594 V NearbyFragment: Transfer to lUgJ: 34%
07-03 01:26:20.478 22594 22594 V NearbyFragment: Transfer to lUgJ: 34%
07-03 01:26:20.487 22594 22594 V NearbyFragment: Transfer to lUgJ: 34%
07-03 01:26:20.494 22594 22594 V NearbyFragment: Transfer to lUgJ: 35%
07-03 01:26:20.502 22594 22594 V NearbyFragment: Transfer to lUgJ: 35%
07-03 01:26:20.524 22594 22594 V NearbyFragment: Transfer to lUgJ: 36%
07-03 01:26:20.536 22594 22594 V NearbyFragment: Transfer to lUgJ: 36%
07-03 01:26:20.547 22594 22594 V NearbyFragment: Transfer to lUgJ: 36%
07-03 01:26:20.565 22594 22594 V NearbyFragment: Transfer to lUgJ: 37%
07-03 01:26:20.566 22594 22795 I mobile-ffmpeg: frame=   88 fps=8.0 q=29.0 size=       0kB time=00:00:02.88 bitrate=   0.1kbits/s speed=0.262x    
07-03 01:26:20.583 22594 22594 V NearbyFragment: Transfer to lUgJ: 37%
07-03 01:26:20.605 22594 22594 V NearbyFragment: Transfer to lUgJ: 38%
07-03 01:26:20.646 22594 22594 V NearbyFragment: Transfer to lUgJ: 38%
07-03 01:26:20.668 22594 22594 V NearbyFragment: Transfer to lUgJ: 38%
07-03 01:26:20.679 22594 22594 V NearbyFragment: Transfer to lUgJ: 39%
07-03 01:26:20.684 22594 22789 V DownloadTestVideosTask: Starting DownloadTestVideosTask
07-03 01:26:20.688 22594 22789 V DashDownloadManager: Started downloading: 20200312_150944.mp4
07-03 01:26:20.695 22594 22594 V NearbyFragment: Transfer to lUgJ: 39%
07-03 01:26:20.700 22594 22594 V NearbyFragment: Transfer to lUgJ: 40%
07-03 01:26:20.711 22594 22594 V NearbyFragment: Transfer to lUgJ: 40%
07-03 01:26:20.731 22594 22594 V NearbyFragment: Transfer to lUgJ: 40%
07-03 01:26:20.738 22594 22594 V NearbyFragment: Transfer to lUgJ: 41%
07-03 01:26:20.751 22594 22594 V NearbyFragment: Transfer to lUgJ: 41%
07-03 01:26:20.771 22594 22594 V NearbyFragment: Transfer to lUgJ: 41%
07-03 01:26:20.771 22594 22594 V NearbyFragment: Transfer to lUgJ: 42%
07-03 01:26:20.771 22594 22594 V NearbyFragment: Transfer to lUgJ: 42%
07-03 01:26:20.790 22594 22594 V NearbyFragment: Transfer to lUgJ: 43%
07-03 01:26:20.808 22594 22594 V NearbyFragment: Transfer to lUgJ: 43%
07-03 01:26:20.824 22594 22594 V NearbyFragment: Transfer to lUgJ: 43%
07-03 01:26:20.836 22594 22594 V NearbyFragment: Transfer to lUgJ: 44%
07-03 01:26:20.844 22594 22594 V NearbyFragment: Transfer to lUgJ: 44%
07-03 01:26:20.850 22594 22594 V NearbyFragment: Transfer to lUgJ: 45%
07-03 01:26:20.860 22594 22594 V NearbyFragment: Transfer to lUgJ: 45%
07-03 01:26:20.868 22594 22594 V NearbyFragment: Transfer to lUgJ: 45%
07-03 01:26:20.885 22594 22594 V NearbyFragment: Transfer to lUgJ: 46%
07-03 01:26:20.893 22594 22594 V NearbyFragment: Transfer to lUgJ: 46%
07-03 01:26:20.908 22594 22594 V NearbyFragment: Transfer to lUgJ: 47%
07-03 01:26:20.921 22594 22594 V NearbyFragment: Transfer to lUgJ: 47%
07-03 01:26:20.928 22594 22594 V NearbyFragment: Transfer to lUgJ: 47%
07-03 01:26:20.947 22594 22795 I mobile-ffmpeg: frame=   90 fps=7.8 q=29.0 size=       0kB time=00:00:03.00 bitrate=   0.1kbits/s speed=0.261x    
07-03 01:26:20.949 22594 22594 V NearbyFragment: Transfer to lUgJ: 48%
07-03 01:26:20.959 22594 22594 V NearbyFragment: Transfer to lUgJ: 48%
07-03 01:26:20.988 22594 22594 V NearbyFragment: Transfer to lUgJ: 48%
07-03 01:26:21.028 22594 22594 V NearbyFragment: Transfer to lUgJ: 49%
07-03 01:26:21.042 22594 22594 V NearbyFragment: Transfer to lUgJ: 49%
07-03 01:26:21.063 22594 22594 V NearbyFragment: Transfer to lUgJ: 50%
07-03 01:26:21.081 22594 22594 V NearbyFragment: Transfer to lUgJ: 50%
07-03 01:26:21.085 22594 22594 V NearbyFragment: Transfer to lUgJ: 50%
07-03 01:26:21.128 22594 22594 V NearbyFragment: Transfer to lUgJ: 51%
07-03 01:26:21.137 22594 22594 V NearbyFragment: Transfer to lUgJ: 51%
07-03 01:26:21.164 22594 22594 V NearbyFragment: Transfer to lUgJ: 52%
07-03 01:26:21.172 22594 22594 V NearbyFragment: Transfer to lUgJ: 52%
07-03 01:26:21.179 22594 22594 V NearbyFragment: Transfer to lUgJ: 52%
07-03 01:26:21.195 22594 22594 V NearbyFragment: Transfer to lUgJ: 53%
07-03 01:26:21.196 22594 22594 V NearbyFragment: Transfer to lUgJ: 53%
07-03 01:26:21.206 22594 22594 V NearbyFragment: Transfer to lUgJ: 54%
07-03 01:26:21.218 22594 22594 V NearbyFragment: Transfer to lUgJ: 54%
07-03 01:26:21.238 22594 22594 V NearbyFragment: Transfer to lUgJ: 54%
07-03 01:26:21.258 22594 22594 V NearbyFragment: Transfer to lUgJ: 55%
07-03 01:26:21.271 22594 22594 V NearbyFragment: Transfer to lUgJ: 55%
07-03 01:26:21.282 22594 22594 V NearbyFragment: Transfer to lUgJ: 55%
07-03 01:26:21.291 22594 22594 V NearbyFragment: Transfer to lUgJ: 56%
07-03 01:26:21.292 22594 22594 V NearbyFragment: Transfer to lUgJ: 56%
07-03 01:26:21.297 22594 22594 V NearbyFragment: Transfer to lUgJ: 57%
07-03 01:26:21.301 22594 22594 V NearbyFragment: Transfer to lUgJ: 57%
07-03 01:26:21.308 22594 22594 V NearbyFragment: Transfer to lUgJ: 57%
07-03 01:26:21.312 22594 22594 V NearbyFragment: Transfer to lUgJ: 58%
07-03 01:26:21.319 22594 22594 V NearbyFragment: Transfer to lUgJ: 58%
07-03 01:26:21.320 22594 22594 V NearbyFragment: Transfer to lUgJ: 59%
07-03 01:26:21.325 22594 22594 V NearbyFragment: Transfer to lUgJ: 59%
07-03 01:26:21.329 22594 22594 V NearbyFragment: Transfer to lUgJ: 59%
07-03 01:26:21.335 22594 22594 V NearbyFragment: Transfer to lUgJ: 60%
07-03 01:26:21.341 22594 22594 V NearbyFragment: Transfer to lUgJ: 60%
07-03 01:26:21.358 22594 22594 V NearbyFragment: Transfer to lUgJ: 61%
07-03 01:26:21.374 22594 22594 V NearbyFragment: Transfer to lUgJ: 61%
07-03 01:26:21.410 22594 22594 V NearbyFragment: Transfer to lUgJ: 61%
07-03 01:26:21.446 22594 22594 V NearbyFragment: Transfer to lUgJ: 62%
07-03 01:26:21.458 22594 22594 V NearbyFragment: Transfer to lUgJ: 62%
07-03 01:26:21.468 22594 22594 V NearbyFragment: Transfer to lUgJ: 62%
07-03 01:26:21.478 22594 22594 V NearbyFragment: Transfer to lUgJ: 63%
07-03 01:26:21.485 22594 22594 V NearbyFragment: Transfer to lUgJ: 63%
07-03 01:26:21.508 22594 22594 V NearbyFragment: Transfer to lUgJ: 64%
07-03 01:26:21.520 22594 22594 V NearbyFragment: Transfer to lUgJ: 64%
07-03 01:26:21.521 22594 22795 I mobile-ffmpeg: frame=   94 fps=7.8 q=29.0 size=     256kB time=00:00:03.13 bitrate= 668.9kbits/s speed=0.26x    
07-03 01:26:21.575 22594 22594 V NearbyFragment: Transfer to lUgJ: 64%
07-03 01:26:21.584 22594 22594 V NearbyFragment: Transfer to lUgJ: 65%
07-03 01:26:21.598 22594 22594 V NearbyFragment: Transfer to lUgJ: 65%
07-03 01:26:21.601 22594 22594 V NearbyFragment: Transfer to lUgJ: 66%
07-03 01:26:21.607 22594 22594 V NearbyFragment: Transfer to lUgJ: 66%
07-03 01:26:21.612 22594 22594 V NearbyFragment: Transfer to lUgJ: 66%
07-03 01:26:21.622 22594 22594 V NearbyFragment: Transfer to lUgJ: 67%
07-03 01:26:21.631 22594 22594 V NearbyFragment: Transfer to lUgJ: 67%
07-03 01:26:21.648 22594 22594 V NearbyFragment: Transfer to lUgJ: 68%
07-03 01:26:21.651 22594 22594 V NearbyFragment: Transfer to lUgJ: 68%
07-03 01:26:21.661 22594 22594 V NearbyFragment: Transfer to lUgJ: 68%
07-03 01:26:21.665 22594 22594 V NearbyFragment: Transfer to lUgJ: 69%
07-03 01:26:21.673 22594 22594 V NearbyFragment: Transfer to lUgJ: 69%
07-03 01:26:21.686 22594 22594 V NearbyFragment: Transfer to lUgJ: 69%
07-03 01:26:21.698 22594 22594 V NearbyFragment: Transfer to lUgJ: 70%
07-03 01:26:21.703 22594 22594 V NearbyFragment: Transfer to lUgJ: 70%
07-03 01:26:21.715 22594 22594 V NearbyFragment: Transfer to lUgJ: 71%
07-03 01:26:21.724 22594 22594 V NearbyFragment: Transfer to lUgJ: 71%
07-03 01:26:21.735 22594 22594 V NearbyFragment: Transfer to lUgJ: 71%
07-03 01:26:21.743 22594 22594 V NearbyFragment: Transfer to lUgJ: 72%
07-03 01:26:21.747 22594 22594 V NearbyFragment: Transfer to lUgJ: 72%
07-03 01:26:21.751 22594 22594 V NearbyFragment: Transfer to lUgJ: 73%
07-03 01:26:21.758 22594 22594 V NearbyFragment: Transfer to lUgJ: 73%
07-03 01:26:21.801 22594 22594 V NearbyFragment: Transfer to lUgJ: 73%
07-03 01:26:21.803 22594 22594 V NearbyFragment: Transfer to lUgJ: 74%
07-03 01:26:21.823 22594 22594 V NearbyFragment: Transfer to lUgJ: 74%
07-03 01:26:21.846 22594 22594 V NearbyFragment: Transfer to lUgJ: 75%
07-03 01:26:21.859 22594 22594 V NearbyFragment: Transfer to lUgJ: 75%
07-03 01:26:21.871 22594 22594 V NearbyFragment: Transfer to lUgJ: 75%
07-03 01:26:21.892 22594 22594 V NearbyFragment: Transfer to lUgJ: 76%
07-03 01:26:21.905 22594 22594 V NearbyFragment: Transfer to lUgJ: 76%
07-03 01:26:21.935 22594 22594 V NearbyFragment: Transfer to lUgJ: 76%
07-03 01:26:21.937 22594 22594 V NearbyFragment: Transfer to lUgJ: 77%
07-03 01:26:21.966 22594 22594 V NearbyFragment: Transfer to lUgJ: 77%
07-03 01:26:21.969 22594 22594 V NearbyFragment: Transfer to lUgJ: 78%
07-03 01:26:21.991 22594 22594 V NearbyFragment: Transfer to lUgJ: 78%
07-03 01:26:22.010 22594 22594 V NearbyFragment: Transfer to lUgJ: 78%
07-03 01:26:22.018 22594 22594 V NearbyFragment: Transfer to lUgJ: 79%
07-03 01:26:22.025 22594 22594 V NearbyFragment: Transfer to lUgJ: 79%
07-03 01:26:22.026 22594 22594 V NearbyFragment: Transfer to lUgJ: 80%
07-03 01:26:22.032 22594 22594 V NearbyFragment: Transfer to lUgJ: 80%
07-03 01:26:22.032 22594 22594 V NearbyFragment: Transfer to lUgJ: 80%
07-03 01:26:22.043 22594 22594 V NearbyFragment: Transfer to lUgJ: 81%
07-03 01:26:22.047 22594 22594 V NearbyFragment: Transfer to lUgJ: 81%
07-03 01:26:22.057 22594 22594 V NearbyFragment: Transfer to lUgJ: 82%
07-03 01:26:22.066 22594 22594 V NearbyFragment: Transfer to lUgJ: 82%
07-03 01:26:22.067 22594 22594 V NearbyFragment: Transfer to lUgJ: 82%
07-03 01:26:22.071 22594 22594 V NearbyFragment: Transfer to lUgJ: 83%
07-03 01:26:22.075 22594 22594 V NearbyFragment: Transfer to lUgJ: 83%
07-03 01:26:22.085 22594 22795 I mobile-ffmpeg: frame=   96 fps=7.6 q=29.0 size=     256kB time=00:00:03.20 bitrate= 655.5kbits/s speed=0.253x    
07-03 01:26:22.088 22594 22594 V NearbyFragment: Transfer to lUgJ: 83%
07-03 01:26:22.089 22594 22594 V NearbyFragment: Transfer to lUgJ: 84%
07-03 01:26:22.098 22594 22594 V NearbyFragment: Transfer to lUgJ: 84%
07-03 01:26:22.100 22594 22594 V NearbyFragment: Transfer to lUgJ: 85%
07-03 01:26:22.155 22594 22594 V NearbyFragment: Transfer to lUgJ: 85%
07-03 01:26:22.173 22594 22594 V NearbyFragment: Transfer to lUgJ: 85%
07-03 01:26:22.219 22594 22594 V NearbyFragment: Transfer to lUgJ: 86%
07-03 01:26:22.254 22594 22594 V NearbyFragment: Transfer to lUgJ: 86%
07-03 01:26:22.284 22594 22594 V NearbyFragment: Transfer to lUgJ: 87%
07-03 01:26:22.295 22594 22594 V NearbyFragment: Transfer to lUgJ: 87%
07-03 01:26:22.315 22594 22594 V NearbyFragment: Transfer to lUgJ: 87%
07-03 01:26:22.331 22594 22594 V NearbyFragment: Transfer to lUgJ: 88%
07-03 01:26:22.347 22594 22594 V NearbyFragment: Transfer to lUgJ: 88%
07-03 01:26:22.364 22594 22594 V NearbyFragment: Transfer to lUgJ: 89%
07-03 01:26:22.371 22594 22594 V NearbyFragment: Transfer to lUgJ: 89%
07-03 01:26:22.372 22594 22594 V NearbyFragment: Transfer to lUgJ: 89%
07-03 01:26:22.398 22594 22594 V NearbyFragment: Transfer to lUgJ: 90%
07-03 01:26:22.419 22594 22594 V NearbyFragment: Transfer to lUgJ: 90%
07-03 01:26:22.429 22594 22594 V NearbyFragment: Transfer to lUgJ: 90%
07-03 01:26:22.439 22594 22594 V NearbyFragment: Transfer to lUgJ: 91%
07-03 01:26:22.449 22594 22594 V NearbyFragment: Transfer to lUgJ: 91%
07-03 01:26:22.456 22594 22594 V NearbyFragment: Transfer to lUgJ: 92%
07-03 01:26:22.467 22594 22594 V NearbyFragment: Transfer to lUgJ: 92%
07-03 01:26:22.475 22594 22594 V NearbyFragment: Transfer to lUgJ: 92%
07-03 01:26:22.485 22594 22594 V NearbyFragment: Transfer to lUgJ: 93%
07-03 01:26:22.491 22594 22594 V NearbyFragment: Transfer to lUgJ: 93%
07-03 01:26:22.498 22594 22594 V NearbyFragment: Transfer to lUgJ: 94%
07-03 01:26:22.508 22594 22594 V NearbyFragment: Transfer to lUgJ: 94%
07-03 01:26:22.522 22594 22594 V NearbyFragment: Transfer to lUgJ: 94%
07-03 01:26:22.531 22594 22594 V NearbyFragment: Transfer to lUgJ: 95%
07-03 01:26:22.537 22594 22594 V NearbyFragment: Transfer to lUgJ: 95%
07-03 01:26:22.548 22594 22594 V NearbyFragment: Transfer to lUgJ: 96%
07-03 01:26:22.555 22594 22594 V NearbyFragment: Transfer to lUgJ: 96%
07-03 01:26:22.558 22594 22594 V NearbyFragment: Transfer to lUgJ: 96%
07-03 01:26:22.575 22594 22594 V NearbyFragment: Transfer to lUgJ: 97%
07-03 01:26:22.585 22594 22594 V NearbyFragment: Transfer to lUgJ: 97%
07-03 01:26:22.601 22594 22594 V NearbyFragment: Transfer to lUgJ: 97%
07-03 01:26:22.624 22594 22594 V NearbyFragment: Transfer to lUgJ: 98%
07-03 01:26:22.626 22594 22594 V NearbyFragment: Transfer to lUgJ: 98%
07-03 01:26:22.638 22594 22594 V NearbyFragment: Transfer to lUgJ: 99%
07-03 01:26:22.653 22594 22594 V NearbyFragment: Transfer to lUgJ: 99%
