07-03 01:26:38.130 22594 22594 V NearbyFragment: Transfer to TOjw: 27%
07-03 01:26:38.137 22594 22594 V NearbyFragment: Transfer to TOjw: 27%
07-03 01:26:38.145 22594 22594 V NearbyFragment: Transfer to TOjw: 28%
07-03 01:26:38.152 22594 22594 V NearbyFragment: Transfer to TOjw: 28%
07-03 01:26:38.164 22594 22594 V NearbyFragment: Transfer to TOjw: 28%
07-03 01:26:38.167 22594 22594 V NearbyFragment: Transfer to TOjw: 29%
07-03 01:26:38.171 22594 22618 D SummariserIntentService: Scanned /storage/emulated/0/Movies/summarised
07-03 01:26:38.171 22594 22618 D SummariserIntentService:   -> uri=content://media/external/file/7148
07-03 01:26:38.182 22594 22594 V NearbyFragment: Transfer to TOjw: 29%
07-03 01:26:38.187 22594 22594 V NearbyFragment: Transfer to TOjw: 30%
07-03 01:26:38.197 22594 22795 I mobile-ffmpeg: Input #0, mov,mp4,m4a,3gp,3g2,mj2, from '/storage/emulated/0/Movies/segment/20200312_150844/20200312_150844!003.mp4':
07-03 01:26:38.197 22594 22795 I mobile-ffmpeg:   Metadata:
07-03 01:26:38.197 22594 22594 V NearbyFragment: Transfer to TOjw: 30%
07-03 01:26:38.198 22594 22795 I mobile-ffmpeg:     major_brand     : 
07-03 01:26:38.198 22594 22795 I mobile-ffmpeg: isom
07-03 01:26:38.198 22594 22795 I mobile-ffmpeg: 
07-03 01:26:38.198 22594 22795 I mobile-ffmpeg:     minor_version   : 
07-03 01:26:38.198 22594 22795 I mobile-ffmpeg: 512
07-03 01:26:38.198 22594 22795 I mobile-ffmpeg: 
07-03 01:26:38.198 22594 22795 I mobile-ffmpeg:     compatible_brands: 
07-03 01:26:38.198 22594 22795 I mobile-ffmpeg: isomiso2avc1mp41
07-03 01:26:38.198 22594 22795 I mobile-ffmpeg: 
07-03 01:26:38.198 22594 22795 I mobile-ffmpeg:     encoder         : 
07-03 01:26:38.198 22594 22795 I mobile-ffmpeg: Lavf58.42.100
07-03 01:26:38.198 22594 22795 I mobile-ffmpeg: 
07-03 01:26:38.198 22594 22795 I mobile-ffmpeg:   Duration: 
07-03 01:26:38.198 22594 22795 I mobile-ffmpeg: 00:00:11.98
07-03 01:26:38.198 22594 22795 I mobile-ffmpeg: , start: 
07-03 01:26:38.198 22594 22795 I mobile-ffmpeg: 0.000000
07-03 01:26:38.198 22594 22795 I mobile-ffmpeg: , bitrate: 
07-03 01:26:38.198 22594 22795 I mobile-ffmpeg: 8435 kb/s
07-03 01:26:38.198 22594 22795 I mobile-ffmpeg: 
07-03 01:26:38.198 22594 22795 I mobile-ffmpeg:     Stream #0:0
07-03 01:26:38.198 22594 22795 I mobile-ffmpeg: (eng)
07-03 01:26:38.198 22594 22795 I mobile-ffmpeg: : Video: h264 (avc1 / 0x31637661), yuvj420p(pc, bt709), 1280x720, 8382 kb/s
07-03 01:26:38.199 22594 22795 I mobile-ffmpeg: , 
07-03 01:26:38.199 22594 22795 I mobile-ffmpeg: 30.06 fps, 
07-03 01:26:38.199 22594 22795 I mobile-ffmpeg: 29.97 tbr, 
07-03 01:26:38.199 22594 22795 I mobile-ffmpeg: 16k tbn, 
07-03 01:26:38.199 22594 22795 I mobile-ffmpeg: 32k tbc
07-03 01:26:38.199 22594 22795 I mobile-ffmpeg:  (default)
07-03 01:26:38.199 22594 22795 I mobile-ffmpeg: 
07-03 01:26:38.199 22594 22795 I mobile-ffmpeg:     Metadata:
07-03 01:26:38.199 22594 22795 I mobile-ffmpeg:       handler_name    : 
07-03 01:26:38.199 22594 22795 I mobile-ffmpeg: PittaSoft Video Media Handler
07-03 01:26:38.199 22594 22795 I mobile-ffmpeg: 
07-03 01:26:38.199 22594 22795 I mobile-ffmpeg:     Stream #0:1
07-03 01:26:38.199 22594 22795 I mobile-ffmpeg: (eng)
07-03 01:26:38.199 22594 22795 I mobile-ffmpeg: : Audio: aac (mp4a / 0x6134706D), 16000 Hz, stereo, fltp, 47 kb/s
07-03 01:26:38.199 22594 22795 I mobile-ffmpeg:  (default)
07-03 01:26:38.199 22594 22795 I mobile-ffmpeg: 
07-03 01:26:38.200 22594 22795 I mobile-ffmpeg:     Metadata:
07-03 01:26:38.200 22594 22795 I mobile-ffmpeg:       handler_name    : 
07-03 01:26:38.200 22594 22795 I mobile-ffmpeg: PittaSoft Sound Media Handler
07-03 01:26:38.200 22594 22795 I mobile-ffmpeg: 
07-03 01:26:38.201 22594 22795 I mobile-ffmpeg: Stream mapping:
07-03 01:26:38.201 22594 22795 I mobile-ffmpeg:   Stream #0:0 -> #0:0
07-03 01:26:38.201 22594 22795 I mobile-ffmpeg:  (h264 (native) -> wrapped_avframe (native))
07-03 01:26:38.201 22594 22795 I mobile-ffmpeg: 
07-03 01:26:38.201 22594 22795 I mobile-ffmpeg:   Stream #0:1 -> #0:1
07-03 01:26:38.201 22594 22795 I mobile-ffmpeg:  (aac (native) -> pcm_s16le (native))
07-03 01:26:38.202 22594 22795 I mobile-ffmpeg: 
07-03 01:26:38.202 22594 22795 I mobile-ffmpeg: Press [q] to stop, [?] for help
07-03 01:26:38.202 22594 22795 I mobile-ffmpeg: frame=    0 fps=0.0 q=0.0 size=N/A time=-577014:32:22.77 bitrate=N/A speed=N/A    
07-03 01:26:38.207 22594 22594 V NearbyFragment: Transfer to TOjw: 30%
07-03 01:26:38.263 22594 22795 W mobile-ffmpeg: [graph 0 input from stream 0:0 @ 0x7c59bf1300] sws_param option is deprecated and ignored
07-03 01:26:38.264 22594 22795 I mobile-ffmpeg: Output #0, null, to 'pipe:':
07-03 01:26:38.264 22594 22795 I mobile-ffmpeg:   Metadata:
07-03 01:26:38.265 22594 22795 I mobile-ffmpeg:     major_brand     : 
07-03 01:26:38.265 22594 22795 I mobile-ffmpeg: isom
07-03 01:26:38.265 22594 22795 I mobile-ffmpeg: 
07-03 01:26:38.265 22594 22795 I mobile-ffmpeg:     minor_version   : 
07-03 01:26:38.265 22594 22795 I mobile-ffmpeg: 512
07-03 01:26:38.265 22594 22795 I mobile-ffmpeg: 
07-03 01:26:38.265 22594 22795 I mobile-ffmpeg:     compatible_brands: 
07-03 01:26:38.265 22594 22795 I mobile-ffmpeg: isomiso2avc1mp41
07-03 01:26:38.265 22594 22795 I mobile-ffmpeg: 
07-03 01:26:38.265 22594 22795 I mobile-ffmpeg:     encoder         : 
07-03 01:26:38.265 22594 22795 I mobile-ffmpeg: Lavf58.42.100
07-03 01:26:38.265 22594 22795 I mobile-ffmpeg: 
07-03 01:26:38.265 22594 22795 I mobile-ffmpeg:     Stream #0:0
07-03 01:26:38.265 22594 22795 I mobile-ffmpeg: (eng)
07-03 01:26:38.265 22594 22795 I mobile-ffmpeg: : Video: wrapped_avframe, yuvj420p, 1280x720, q=2-31, 200 kb/s
07-03 01:26:38.265 22594 22795 I mobile-ffmpeg: , 
07-03 01:26:38.265 22594 22795 I mobile-ffmpeg: 29.97 fps, 
07-03 01:26:38.265 22594 22795 I mobile-ffmpeg: 29.97 tbn, 
07-03 01:26:38.265 22594 22795 I mobile-ffmpeg: 29.97 tbc
07-03 01:26:38.265 22594 22795 I mobile-ffmpeg:  (default)
07-03 01:26:38.266 22594 22795 I mobile-ffmpeg: 
07-03 01:26:38.266 22594 22795 I mobile-ffmpeg:     Metadata:
07-03 01:26:38.266 22594 22795 I mobile-ffmpeg:       handler_name    : 
07-03 01:26:38.266 22594 22795 I mobile-ffmpeg: PittaSoft Video Media Handler
07-03 01:26:38.266 22594 22795 I mobile-ffmpeg: 
07-03 01:26:38.266 22594 22795 I mobile-ffmpeg:       encoder         : 
07-03 01:26:38.266 22594 22795 I mobile-ffmpeg: Lavc58.78.102 wrapped_avframe
07-03 01:26:38.266 22594 22795 I mobile-ffmpeg: 
07-03 01:26:38.266 22594 22795 I mobile-ffmpeg:     Stream #0:1
07-03 01:26:38.266 22594 22795 I mobile-ffmpeg: (eng)
07-03 01:26:38.266 22594 22795 I mobile-ffmpeg: : Audio: pcm_s16le, 16000 Hz, stereo, s16, 512 kb/s
07-03 01:26:38.266 22594 22795 I mobile-ffmpeg:  (default)
07-03 01:26:38.266 22594 22795 I mobile-ffmpeg: 
07-03 01:26:38.266 22594 22795 I mobile-ffmpeg:     Metadata:
07-03 01:26:38.266 22594 22795 I mobile-ffmpeg:       handler_name    : 
07-03 01:26:38.266 22594 22795 I mobile-ffmpeg: PittaSoft Sound Media Handler
07-03 01:26:38.266 22594 22795 I mobile-ffmpeg: 
07-03 01:26:38.266 22594 22795 I mobile-ffmpeg:       encoder         : 
07-03 01:26:38.266 22594 22795 I mobile-ffmpeg: Lavc58.78.102 pcm_s16le
07-03 01:26:38.266 22594 22795 I mobile-ffmpeg: 
07-03 01:26:38.287 22594 22594 V NearbyFragment: Transfer to TOjw: 31%
07-03 01:26:38.287 22594 22594 I chatty  : uid=10100(com.example.edgesum) identical 1 line
07-03 01:26:38.288 22594 22594 V NearbyFragment: Transfer to TOjw: 31%
07-03 01:26:38.291 22594 22594 V NearbyFragment: Transfer to TOjw: 32%
07-03 01:26:38.318 22594 22594 V NearbyFragment: Transfer to TOjw: 32%
07-03 01:26:38.329 22594 22594 V NearbyFragment: Transfer to TOjw: 33%
07-03 01:26:38.352 22594 22594 V NearbyFragment: Transfer to TOjw: 33%
07-03 01:26:38.365 22594 22594 V NearbyFragment: Transfer to TOjw: 33%
07-03 01:26:38.366 22594 22594 V NearbyFragment: Transfer to TOjw: 34%
07-03 01:26:38.388 22594 22594 V NearbyFragment: Transfer to TOjw: 34%
07-03 01:26:38.437 22594 22594 V NearbyFragment: Transfer to TOjw: 35%
07-03 01:26:38.481 22594 22594 V NearbyFragment: Transfer to TOjw: 35%
07-03 01:26:38.496 22594 22594 V NearbyFragment: Transfer to TOjw: 35%
07-03 01:26:38.514 22594 22594 V NearbyFragment: Transfer to TOjw: 36%
07-03 01:26:38.541 22594 22594 V NearbyFragment: Transfer to TOjw: 36%
07-03 01:26:38.548 22594 22594 V NearbyFragment: Transfer to TOjw: 37%
07-03 01:26:38.561 22594 22594 V NearbyFragment: Transfer to TOjw: 37%
07-03 01:26:38.607 22594 22594 V NearbyFragment: Transfer to TOjw: 37%
07-03 01:26:38.644 22594 22594 V NearbyFragment: Transfer to TOjw: 38%
07-03 01:26:38.701 22594 22594 V NearbyFragment: Transfer to TOjw: 38%
07-03 01:26:38.723 22594 22594 V NearbyFragment: Transfer to TOjw: 38%
07-03 01:26:38.732 22594 22594 V NearbyFragment: Transfer to TOjw: 39%
07-03 01:26:38.741 22594 22594 V NearbyFragment: Transfer to TOjw: 39%
07-03 01:26:38.745 22594 22594 V NearbyFragment: Transfer to TOjw: 40%
07-03 01:26:38.746 22594 22594 V NearbyFragment: Transfer to TOjw: 40%
07-03 01:26:38.749 22594 22594 V NearbyFragment: Transfer to TOjw: 40%
07-03 01:26:38.753 22594 22594 V NearbyFragment: Transfer to TOjw: 41%
07-03 01:26:38.756 22594 22594 V NearbyFragment: Transfer to TOjw: 41%
07-03 01:26:38.759 22594 22594 V NearbyFragment: Transfer to TOjw: 42%
07-03 01:26:38.764 22594 22594 V NearbyFragment: Transfer to TOjw: 42%
07-03 01:26:38.768 22594 22594 V NearbyFragment: Transfer to TOjw: 42%
07-03 01:26:38.771 22594 22594 V NearbyFragment: Transfer to TOjw: 43%
07-03 01:26:38.771 22594 22795 I mobile-ffmpeg: frame=   28 fps=0.0 q=-0.0 size=N/A time=00:00:01.10 bitrate=N/A speed=2.21x    
07-03 01:26:38.774 22594 22594 V NearbyFragment: Transfer to TOjw: 43%
07-03 01:26:38.778 22594 22594 V NearbyFragment: Transfer to TOjw: 43%
07-03 01:26:38.788 22594 22594 V NearbyFragment: Transfer to TOjw: 44%
07-03 01:26:38.804 22594 22594 V NearbyFragment: Transfer to TOjw: 44%
07-03 01:26:38.807 22594 22594 V NearbyFragment: Transfer to TOjw: 45%
07-03 01:26:38.813 22594 22594 V NearbyFragment: Transfer to TOjw: 45%
07-03 01:26:38.820 22594 22594 V NearbyFragment: Transfer to TOjw: 45%
07-03 01:26:38.822 22594 22594 V NearbyFragment: Transfer to TOjw: 46%
07-03 01:26:38.832 22594 22594 V NearbyFragment: Transfer to TOjw: 46%
07-03 01:26:38.838 22594 22594 V NearbyFragment: Transfer to TOjw: 47%
07-03 01:26:38.869 22594 22594 V NearbyFragment: Transfer to TOjw: 47%
07-03 01:26:38.873 22594 22594 V NearbyFragment: Transfer to TOjw: 47%
07-03 01:26:38.882 22594 22594 V NearbyFragment: Transfer to TOjw: 48%
07-03 01:26:38.884 22594 22594 V NearbyFragment: Transfer to TOjw: 48%
07-03 01:26:38.892 22594 22594 V NearbyFragment: Transfer to TOjw: 48%
07-03 01:26:38.913 22594 22594 V NearbyFragment: Transfer to TOjw: 49%
07-03 01:26:38.921 22594 22594 V NearbyFragment: Transfer to TOjw: 49%
07-03 01:26:38.928 22594 22594 V NearbyFragment: Transfer to TOjw: 50%
07-03 01:26:38.941 22594 22594 V NearbyFragment: Transfer to TOjw: 50%
07-03 01:26:38.954 22594 22594 V NearbyFragment: Transfer to TOjw: 50%
07-03 01:26:39.019 22594 22594 V NearbyFragment: Transfer to TOjw: 51%
07-03 01:26:39.038 22594 22594 V NearbyFragment: Transfer to TOjw: 51%
07-03 01:26:39.051 22594 22594 V NearbyFragment: Transfer to TOjw: 52%
07-03 01:26:39.068 22594 22594 V NearbyFragment: Transfer to TOjw: 52%
07-03 01:26:39.098 22594 22594 V NearbyFragment: Transfer to TOjw: 52%
07-03 01:26:39.098 22594 22594 V NearbyFragment: Transfer to TOjw: 53%
07-03 01:26:39.110 22594 22594 V NearbyFragment: Transfer to TOjw: 53%
07-03 01:26:39.151 22594 22594 V NearbyFragment: Transfer to TOjw: 53%
07-03 01:26:39.165 22594 22594 V NearbyFragment: Transfer to TOjw: 54%
07-03 01:26:39.181 22594 22594 V NearbyFragment: Transfer to TOjw: 54%
07-03 01:26:39.191 22594 22594 V NearbyFragment: Transfer to TOjw: 55%
07-03 01:26:39.209 22594 22795 I mobile-ffmpeg: frame=   57 fps= 57 q=-0.0 size=N/A time=00:00:02.06 bitrate=N/A speed=2.05x    
07-03 01:26:39.234 22594 22594 V NearbyFragment: Transfer to TOjw: 55%
07-03 01:26:39.262 22594 22594 V NearbyFragment: Transfer to TOjw: 55%
07-03 01:26:39.274 22594 22594 V NearbyFragment: Transfer to TOjw: 56%
07-03 01:26:39.294 22594 22594 V NearbyFragment: Transfer to TOjw: 56%
07-03 01:26:39.318 22594 22594 V NearbyFragment: Transfer to TOjw: 57%
07-03 01:26:39.322 22594 22594 V NearbyFragment: Transfer to TOjw: 57%
07-03 01:26:39.328 22594 22594 V NearbyFragment: Transfer to TOjw: 57%
07-03 01:26:39.333 22594 22594 V NearbyFragment: Transfer to TOjw: 58%
07-03 01:26:39.347 22594 22594 V NearbyFragment: Transfer to TOjw: 58%
07-03 01:26:39.384 22594 22594 V NearbyFragment: Transfer to TOjw: 58%
07-03 01:26:39.394 22594 22594 V NearbyFragment: Transfer to TOjw: 59%
07-03 01:26:39.411 22594 22594 V NearbyFragment: Transfer to TOjw: 59%
07-03 01:26:39.438 22594 22594 V NearbyFragment: Transfer to TOjw: 60%
07-03 01:26:39.440 22594 22594 V NearbyFragment: Transfer to TOjw: 60%
07-03 01:26:39.460 22594 22594 V NearbyFragment: Transfer to TOjw: 60%
07-03 01:26:39.475 22594 22594 V NearbyFragment: Transfer to TOjw: 61%
07-03 01:26:39.477 22594 22594 V NearbyFragment: Transfer to TOjw: 61%
07-03 01:26:39.481 22594 22594 V NearbyFragment: Transfer to TOjw: 62%
07-03 01:26:39.485 22594 22594 V NearbyFragment: Transfer to TOjw: 62%
07-03 01:26:39.487 22594 22594 V NearbyFragment: Transfer to TOjw: 62%
07-03 01:26:39.514 22594 22594 V NearbyFragment: Transfer to TOjw: 63%
07-03 01:26:39.538 22594 22594 V NearbyFragment: Transfer to TOjw: 63%
07-03 01:26:39.578 22594 22594 V NearbyFragment: Transfer to TOjw: 63%
07-03 01:26:39.591 22594 22594 V NearbyFragment: Transfer to TOjw: 64%
07-03 01:26:39.597 22594 22594 V NearbyFragment: Transfer to TOjw: 64%
07-03 01:26:39.602 22594 22594 V NearbyFragment: Transfer to TOjw: 65%
07-03 01:26:39.606 22594 22594 V NearbyFragment: Transfer to TOjw: 65%
07-03 01:26:39.711 22594 22795 I mobile-ffmpeg: frame=   91 fps= 60 q=-0.0 size=N/A time=00:00:03.21 bitrate=N/A speed=2.14x    
07-03 01:26:39.715 22594 22594 V NearbyFragment: Transfer to TOjw: 65%
07-03 01:26:39.731 22594 22594 V NearbyFragment: Transfer to TOjw: 66%
07-03 01:26:39.764 22594 22594 V NearbyFragment: Transfer to TOjw: 66%
07-03 01:26:39.782 22594 22594 V NearbyFragment: Transfer to TOjw: 67%
07-03 01:26:39.814 22594 22594 V NearbyFragment: Transfer to TOjw: 67%
07-03 01:26:39.845 22594 22594 V NearbyFragment: Transfer to TOjw: 67%
07-03 01:26:39.858 22594 22594 V NearbyFragment: Transfer to TOjw: 68%
07-03 01:26:39.888 22594 22594 V NearbyFragment: Transfer to TOjw: 68%
07-03 01:26:39.959 22594 22594 V NearbyFragment: Transfer to TOjw: 68%
07-03 01:26:39.971 22594 22594 V NearbyFragment: Transfer to TOjw: 69%
07-03 01:26:39.995 22594 22594 V NearbyFragment: Transfer to TOjw: 69%
07-03 01:26:40.004 22594 22594 V NearbyFragment: Transfer to TOjw: 70%
07-03 01:26:40.033 22594 22594 V NearbyFragment: Transfer to TOjw: 70%
07-03 01:26:40.043 22594 22594 V NearbyFragment: Transfer to TOjw: 70%
07-03 01:26:40.051 22594 22594 V NearbyFragment: Transfer to TOjw: 71%
07-03 01:26:40.069 22594 22594 V NearbyFragment: Transfer to TOjw: 71%
07-03 01:26:40.094 22594 22594 V NearbyFragment: Transfer to TOjw: 72%
07-03 01:26:40.133 22594 22594 V NearbyFragment: Transfer to TOjw: 72%
07-03 01:26:40.165 22594 22594 V NearbyFragment: Transfer to TOjw: 72%
07-03 01:26:40.177 22594 22594 V NearbyFragment: Transfer to TOjw: 73%
07-03 01:26:40.178 22594 22594 V NearbyFragment: Transfer to TOjw: 73%
07-03 01:26:40.181 22594 22594 V NearbyFragment: Transfer to TOjw: 74%
07-03 01:26:40.187 22594 22594 V NearbyFragment: Transfer to TOjw: 74%
07-03 01:26:40.194 22594 22594 V NearbyFragment: Transfer to TOjw: 74%
07-03 01:26:40.227 22594 22795 I mobile-ffmpeg: frame=  126 fps= 63 q=-0.0 size=N/A time=00:00:04.30 bitrate=N/A speed=2.14x    
07-03 01:26:40.231 22594 22594 V NearbyFragment: Transfer to TOjw: 75%
07-03 01:26:40.271 22594 22594 V NearbyFragment: Transfer to TOjw: 75%
07-03 01:26:40.278 22594 22594 V NearbyFragment: Transfer to TOjw: 75%
07-03 01:26:40.285 22594 22594 V NearbyFragment: Transfer to TOjw: 76%
07-03 01:26:40.308 22594 22594 V NearbyFragment: Transfer to TOjw: 76%
07-03 01:26:40.331 22594 22594 V NearbyFragment: Transfer to TOjw: 77%
07-03 01:26:40.332 22594 22594 V NearbyFragment: Transfer to TOjw: 77%
07-03 01:26:40.354 22594 22594 V NearbyFragment: Transfer to TOjw: 77%
07-03 01:26:40.355 22594 22594 V NearbyFragment: Transfer to TOjw: 78%
07-03 01:26:40.371 22594 22594 V NearbyFragment: Transfer to TOjw: 78%
07-03 01:26:40.401 22594 22594 V NearbyFragment: Transfer to TOjw: 79%
07-03 01:26:40.411 22594 22594 V NearbyFragment: Transfer to TOjw: 79%
07-03 01:26:40.466 22594 22594 V NearbyFragment: Transfer to TOjw: 79%
07-03 01:26:40.479 22594 22594 V NearbyFragment: Transfer to TOjw: 80%
07-03 01:26:40.486 22594 22594 V NearbyFragment: Transfer to TOjw: 80%
07-03 01:26:40.521 22594 22594 V NearbyFragment: Transfer to TOjw: 80%
07-03 01:26:40.558 22594 22594 V NearbyFragment: Transfer to TOjw: 81%
07-03 01:26:40.614 22594 22594 V NearbyFragment: Transfer to TOjw: 81%
07-03 01:26:40.641 22594 22594 V NearbyFragment: Transfer to TOjw: 82%
07-03 01:26:40.664 22594 22594 V NearbyFragment: Transfer to TOjw: 82%
07-03 01:26:40.681 22594 22594 V NearbyFragment: Transfer to TOjw: 82%
07-03 01:26:40.683 22594 22594 V NearbyFragment: Transfer to TOjw: 83%
07-03 01:26:40.683 22594 22594 V NearbyFragment: Transfer to TOjw: 83%
07-03 01:26:40.688 22594 22594 V NearbyFragment: Transfer to TOjw: 84%
07-03 01:26:40.708 22594 22594 V NearbyFragment: Transfer to TOjw: 84%
07-03 01:26:40.716 22594 22594 V NearbyFragment: Transfer to TOjw: 84%
07-03 01:26:40.724 22594 22594 V NearbyFragment: Transfer to TOjw: 85%
07-03 01:26:40.725 22594 22795 I mobile-ffmpeg: frame=  160 fps= 63 q=-0.0 size=N/A time=00:00:05.52 bitrate=N/A speed=2.19x    
07-03 01:26:40.728 22594 22594 V NearbyFragment: Transfer to TOjw: 85%
07-03 01:26:40.748 22594 22594 V NearbyFragment: Transfer to TOjw: 85%
07-03 01:26:40.751 22594 22594 V NearbyFragment: Transfer to TOjw: 86%
07-03 01:26:40.764 22594 22594 V NearbyFragment: Transfer to TOjw: 86%
07-03 01:26:40.794 22594 22594 V NearbyFragment: Transfer to TOjw: 87%
07-03 01:26:40.801 22594 22594 V NearbyFragment: Transfer to TOjw: 87%
07-03 01:26:40.804 22594 22594 V NearbyFragment: Transfer to TOjw: 87%
07-03 01:26:40.807 22594 22594 V NearbyFragment: Transfer to TOjw: 88%
07-03 01:26:40.810 22594 22594 V NearbyFragment: Transfer to TOjw: 88%
07-03 01:26:40.821 22594 22594 V NearbyFragment: Transfer to TOjw: 89%
07-03 01:26:40.821 22594 22594 V NearbyFragment: Transfer to TOjw: 89%
07-03 01:26:40.826 22594 22594 V NearbyFragment: Transfer to TOjw: 89%
07-03 01:26:40.833 22594 22594 V NearbyFragment: Transfer to TOjw: 90%
07-03 01:26:40.838 22594 22594 V NearbyFragment: Transfer to TOjw: 90%
07-03 01:26:40.844 22594 22594 V NearbyFragment: Transfer to TOjw: 90%
07-03 01:26:40.863 22594 22594 V NearbyFragment: Transfer to TOjw: 91%
07-03 01:26:40.871 22594 22594 V NearbyFragment: Transfer to TOjw: 91%
07-03 01:26:40.877 22594 22594 V NearbyFragment: Transfer to TOjw: 92%
07-03 01:26:40.883 22594 22594 V NearbyFragment: Transfer to TOjw: 92%
07-03 01:26:40.888 22594 22594 V NearbyFragment: Transfer to TOjw: 92%
07-03 01:26:40.893 22594 22594 V NearbyFragment: Transfer to TOjw: 93%
07-03 01:26:40.895 22594 22594 V NearbyFragment: Transfer to TOjw: 93%
07-03 01:26:40.904 22594 22594 V NearbyFragment: Transfer to TOjw: 94%
07-03 01:26:40.905 22594 22594 V NearbyFragment: Transfer to TOjw: 94%
07-03 01:26:40.915 22594 22594 V NearbyFragment: Transfer to TOjw: 94%
07-03 01:26:40.919 22594 22594 V NearbyFragment: Transfer to TOjw: 95%
07-03 01:26:40.951 22594 22594 V NearbyFragment: Transfer to TOjw: 95%
07-03 01:26:40.959 22594 22594 V NearbyFragment: Transfer to TOjw: 95%
07-03 01:26:40.971 22594 22594 V NearbyFragment: Transfer to TOjw: 96%
07-03 01:26:41.018 22594 22594 V NearbyFragment: Transfer to TOjw: 96%
07-03 01:26:41.058 22594 22594 V NearbyFragment: Transfer to TOjw: 97%
07-03 01:26:41.080 22594 22594 V NearbyFragment: Transfer to TOjw: 97%
07-03 01:26:41.097 22594 22594 V NearbyFragment: Transfer to TOjw: 97%
07-03 01:26:41.107 22594 22594 V NearbyFragment: Transfer to TOjw: 98%
07-03 01:26:41.109 22594 22594 V NearbyFragment: Transfer to TOjw: 98%
07-03 01:26:41.118 22594 22594 V NearbyFragment: Transfer to TOjw: 99%
07-03 01:26:41.119 22594 22594 V NearbyFragment: Transfer to TOjw: 99%
07-03 01:26:41.149 22594 22594 V NearbyFragment: Transfer to TOjw: 99%
07-03 01:26:41.162 22594 22594 V NearbyFragment: Transfer to TOjw: 100%
07-03 01:26:41.164 22594 22594 V NearbyFragment: Transfer to TOjw: 100%
07-03 01:26:41.165 22594 22594 W NearbyFragment: Completed downloading 20200312_150844!001.mp4 from Endpoint{id=TOjw, name=Nexus 5 [1825]} in 04.301s
07-03 01:26:41.174 22594 22594 V FileManager: External storage is readable
07-03 01:26:41.174 22594 22594 V FileManager: Directory already exists: /storage/emulated/0/Movies/segment-sum/20200312_150844
07-03 01:26:41.242 22594 22795 I mobile-ffmpeg: frame=  185 fps= 61 q=-0.0 size=N/A time=00:00:06.29 bitrate=N/A speed=2.08x    
07-03 01:26:41.740 22594 22795 I mobile-ffmpeg: frame=  208 fps= 59 q=-0.0 size=N/A time=00:00:07.12 bitrate=N/A speed=2.01x    
07-03 01:26:41.936 22594 22594 V NearbyFragment: Received a segment of 20200312_150844
07-03 01:26:42.249 22594 22795 I mobile-ffmpeg: frame=  237 fps= 59 q=-0.0 size=N/A time=00:00:08.08 bitrate=N/A speed=   2x    
07-03 01:26:42.775 22594 22795 I mobile-ffmpeg: frame=  273 fps= 60 q=-0.0 size=N/A time=00:00:09.23 bitrate=N/A speed=2.02x    
07-03 01:26:43.281 22594 22795 I mobile-ffmpeg: frame=  304 fps= 60 q=-0.0 size=N/A time=00:00:10.32 bitrate=N/A speed=2.03x    
07-03 01:26:43.782 22594 22795 I mobile-ffmpeg: frame=  339 fps= 61 q=-0.0 size=N/A time=00:00:11.47 bitrate=N/A speed=2.06x    
07-03 01:26:44.085 22594 22795 I mobile-ffmpeg: frame=  360 fps= 61 q=-0.0 Lsize=N/A time=00:00:12.01 bitrate=N/A speed=2.04x    
07-03 01:26:44.086 22594 22795 I mobile-ffmpeg: video:188kB audio:748kB subtitle:0kB other streams:0kB global headers:0kB muxing overhead: 
07-03 01:26:44.086 22594 22795 I mobile-ffmpeg: unknown
07-03 01:26:44.086 22594 22795 I mobile-ffmpeg: 
07-03 01:26:44.089 22594 22829 D Summariser: No freeze file
07-03 01:26:44.090 22594 22829 W Summariser: Whole video is active
07-03 01:26:44.709 22594 22795 I mobile-ffmpeg: Input #0, mov,mp4,m4a,3gp,3g2,mj2, from '/storage/emulated/0/Movies/segment/20200312_150844/20200312_150844!003.mp4':
07-03 01:26:44.710 22594 22795 I mobile-ffmpeg:   Metadata:
07-03 01:26:44.710 22594 22795 I mobile-ffmpeg:     major_brand     : 
07-03 01:26:44.710 22594 22795 I mobile-ffmpeg: isom
07-03 01:26:44.710 22594 22795 I mobile-ffmpeg: 
07-03 01:26:44.710 22594 22795 I mobile-ffmpeg:     minor_version   : 
07-03 01:26:44.710 22594 22795 I mobile-ffmpeg: 512
07-03 01:26:44.710 22594 22795 I mobile-ffmpeg: 
07-03 01:26:44.710 22594 22795 I mobile-ffmpeg:     compatible_brands: 
07-03 01:26:44.710 22594 22795 I mobile-ffmpeg: isomiso2avc1mp41
07-03 01:26:44.710 22594 22795 I mobile-ffmpeg: 
07-03 01:26:44.710 22594 22795 I mobile-ffmpeg:     encoder         : 
07-03 01:26:44.710 22594 22795 I mobile-ffmpeg: Lavf58.42.100
07-03 01:26:44.710 22594 22795 I mobile-ffmpeg: 
07-03 01:26:44.710 22594 22795 I mobile-ffmpeg:   Duration: 
07-03 01:26:44.710 22594 22795 I mobile-ffmpeg: 00:00:11.98
07-03 01:26:44.711 22594 22795 I mobile-ffmpeg: , start: 
07-03 01:26:44.711 22594 22795 I mobile-ffmpeg: 0.000000
07-03 01:26:44.711 22594 22795 I mobile-ffmpeg: , bitrate: 
07-03 01:26:44.711 22594 22795 I mobile-ffmpeg: 8435 kb/s
07-03 01:26:44.711 22594 22795 I mobile-ffmpeg: 
07-03 01:26:44.711 22594 22795 I mobile-ffmpeg:     Stream #0:0
07-03 01:26:44.711 22594 22795 I mobile-ffmpeg: (eng)
07-03 01:26:44.711 22594 22795 I mobile-ffmpeg: : Video: h264 (avc1 / 0x31637661), yuvj420p(pc, bt709), 1280x720, 8382 kb/s
07-03 01:26:44.711 22594 22795 I mobile-ffmpeg: , 
07-03 01:26:44.711 22594 22795 I mobile-ffmpeg: 30.06 fps, 
07-03 01:26:44.711 22594 22795 I mobile-ffmpeg: 29.97 tbr, 
07-03 01:26:44.711 22594 22795 I mobile-ffmpeg: 16k tbn, 
07-03 01:26:44.711 22594 22795 I mobile-ffmpeg: 32k tbc
07-03 01:26:44.711 22594 22795 I mobile-ffmpeg:  (default)
07-03 01:26:44.711 22594 22795 I mobile-ffmpeg: 
07-03 01:26:44.711 22594 22795 I mobile-ffmpeg:     Metadata:
07-03 01:26:44.711 22594 22795 I mobile-ffmpeg:       handler_name    : 
07-03 01:26:44.711 22594 22795 I mobile-ffmpeg: PittaSoft Video Media Handler
07-03 01:26:44.711 22594 22795 I mobile-ffmpeg: 
07-03 01:26:44.711 22594 22795 I mobile-ffmpeg:     Stream #0:1
07-03 01:26:44.711 22594 22795 I mobile-ffmpeg: (eng)
07-03 01:26:44.711 22594 22795 I mobile-ffmpeg: : Audio: aac (mp4a / 0x6134706D), 16000 Hz, stereo, fltp, 47 kb/s
07-03 01:26:44.711 22594 22795 I mobile-ffmpeg:  (default)
07-03 01:26:44.712 22594 22795 I mobile-ffmpeg: 
07-03 01:26:44.712 22594 22795 I mobile-ffmpeg:     Metadata:
07-03 01:26:44.712 22594 22795 I mobile-ffmpeg:       handler_name    : 
07-03 01:26:44.712 22594 22795 I mobile-ffmpeg: PittaSoft Sound Media Handler
07-03 01:26:44.712 22594 22795 I mobile-ffmpeg: 
07-03 01:26:44.785 22594 22795 I mobile-ffmpeg: Input #0, mov,mp4,m4a,3gp,3g2,mj2, from '/storage/emulated/0/Movies/segment-sum/20200312_150844/20200312_150844!003.mp4':
07-03 01:26:44.785 22594 22795 I mobile-ffmpeg:   Metadata:
07-03 01:26:44.785 22594 22795 I mobile-ffmpeg:     major_brand     : 
07-03 01:26:44.785 22594 22795 I mobile-ffmpeg: isom
07-03 01:26:44.785 22594 22795 I mobile-ffmpeg: 
07-03 01:26:44.785 22594 22795 I mobile-ffmpeg:     minor_version   : 
07-03 01:26:44.786 22594 22795 I mobile-ffmpeg: 512
07-03 01:26:44.786 22594 22795 I mobile-ffmpeg: 
07-03 01:26:44.786 22594 22795 I mobile-ffmpeg:     compatible_brands: 
07-03 01:26:44.786 22594 22795 I mobile-ffmpeg: isomiso2avc1mp41
07-03 01:26:44.786 22594 22795 I mobile-ffmpeg: 
07-03 01:26:44.786 22594 22795 I mobile-ffmpeg:     encoder         : 
07-03 01:26:44.786 22594 22795 I mobile-ffmpeg: Lavf58.42.100
07-03 01:26:44.786 22594 22795 I mobile-ffmpeg: 
07-03 01:26:44.786 22594 22795 I mobile-ffmpeg:   Duration: 
07-03 01:26:44.786 22594 22795 I mobile-ffmpeg: 00:00:11.98
07-03 01:26:44.786 22594 22795 I mobile-ffmpeg: , start: 
07-03 01:26:44.786 22594 22795 I mobile-ffmpeg: 0.000000
07-03 01:26:44.786 22594 22795 I mobile-ffmpeg: , bitrate: 
07-03 01:26:44.786 22594 22795 I mobile-ffmpeg: 8435 kb/s
07-03 01:26:44.786 22594 22795 I mobile-ffmpeg: 
07-03 01:26:44.786 22594 22795 I mobile-ffmpeg:     Stream #0:0
07-03 01:26:44.786 22594 22795 I mobile-ffmpeg: (eng)
07-03 01:26:44.786 22594 22795 I mobile-ffmpeg: : Video: h264 (avc1 / 0x31637661), yuvj420p(pc, bt709), 1280x720, 8382 kb/s
07-03 01:26:44.786 22594 22795 I mobile-ffmpeg: , 
07-03 01:26:44.786 22594 22795 I mobile-ffmpeg: 30.06 fps, 
07-03 01:26:44.786 22594 22795 I mobile-ffmpeg: 29.97 tbr, 
07-03 01:26:44.786 22594 22795 I mobile-ffmpeg: 16k tbn, 
07-03 01:26:44.786 22594 22795 I mobile-ffmpeg: 32k tbc
07-03 01:26:44.786 22594 22795 I mobile-ffmpeg:  (default)
07-03 01:26:44.786 22594 22795 I mobile-ffmpeg: 
07-03 01:26:44.786 22594 22795 I mobile-ffmpeg:     Metadata:
07-03 01:26:44.787 22594 22795 I mobile-ffmpeg:       handler_name    : 
07-03 01:26:44.787 22594 22795 I mobile-ffmpeg: PittaSoft Video Media Handler
07-03 01:26:44.787 22594 22795 I mobile-ffmpeg: 
07-03 01:26:44.787 22594 22795 I mobile-ffmpeg:     Stream #0:1
07-03 01:26:44.787 22594 22795 I mobile-ffmpeg: (eng)
07-03 01:26:44.787 22594 22795 I mobile-ffmpeg: : Audio: aac (mp4a / 0x6134706D), 16000 Hz, stereo, fltp, 47 kb/s
07-03 01:26:44.787 22594 22795 I mobile-ffmpeg:  (default)
07-03 01:26:44.787 22594 22795 I mobile-ffmpeg: 
07-03 01:26:44.787 22594 22795 I mobile-ffmpeg:     Metadata:
07-03 01:26:44.787 22594 22795 I mobile-ffmpeg:       handler_name    : 
07-03 01:26:44.787 22594 22795 I mobile-ffmpeg: PittaSoft Sound Media Handler
07-03 01:26:44.787 22594 22795 I mobile-ffmpeg: 
07-03 01:26:44.806 22594 22829 W Summariser: Summarisation completed
07-03 01:26:44.806 22594 22829 W Summariser:   filename: 20200312_150844!003.mp4
07-03 01:26:44.806 22594 22829 W Summariser:   active sections: -1
07-03 01:26:44.806 22594 22829 W Summariser:   time: 06.517s
07-03 01:26:44.806 22594 22829 W Summariser:   original duration: 11.98
07-03 01:26:44.806 22594 22829 W Summariser:   summarised duration: 11.98
07-03 01:26:44.806 22594 22829 W Summariser:   noise tolerance: 45.00
07-03 01:26:44.806 22594 22829 W Summariser:   quality: 23
07-03 01:26:44.806 22594 22829 W Summariser:   speed: medium
07-03 01:26:44.806 22594 22829 W Summariser:   freeze duration: 1.00
07-03 01:26:44.807 22594 22829 V VideoManager: Retrieving video from /storage/emulated/0/Movies/segment-sum/20200312_150844/20200312_150844!003.mp4
07-03 01:26:44.818 22594 22829 V VideoManager: videoFromCursor
07-03 01:26:44.822 22594 22829 D NearbyFragment: Received all summarised video segments of 20200312_150844
07-03 01:26:44.829 22594 22829 V FileManager: External storage is readable
07-03 01:26:44.829 22594 22829 V FileManager: Directory already exists: /storage/emulated/0/Movies/segment-sum/20200312_150844
07-03 01:26:44.831 22594 22829 D FfmpegTools: Merging /storage/emulated/0/Movies/summarised/20200312_150844.mp4
07-03 01:26:44.835 22594 22829 V FileManager: External storage is readable
07-03 01:26:44.836 22594 22829 V FileManager: Directory already exists: /storage/emulated/0/Movies/segment/20200312_150844
07-03 01:26:44.841 22594 22829 I FfmpegTools: Running ffmpeg with:
07-03 01:26:44.841 22594 22829 I FfmpegTools:   -y -f concat -safe 0 -i /storage/emulated/0/Movies/segment/20200312_150844/paths.txt -c copy /storage/emulated/0/Movies/summarised/20200312_150844.mp4
07-03 01:26:44.900 22594 22795 I mobile-ffmpeg: [mov,mp4,m4a,3gp,3g2,mj2 @ 0x7c59aa8e00] Auto-inserting h264_mp4toannexb bitstream filter
07-03 01:26:44.950 22594 22795 I mobile-ffmpeg: Input #0, concat, from '/storage/emulated/0/Movies/segment/20200312_150844/paths.txt':
07-03 01:26:44.950 22594 22795 I mobile-ffmpeg:   Duration: 
07-03 01:26:44.950 22594 22795 I mobile-ffmpeg: N/A
07-03 01:26:44.950 22594 22795 I mobile-ffmpeg: , start: 
07-03 01:26:44.950 22594 22795 I mobile-ffmpeg: 0.000000
07-03 01:26:44.950 22594 22795 I mobile-ffmpeg: , bitrate: 
07-03 01:26:44.950 22594 22795 I mobile-ffmpeg: 8413 kb/s
07-03 01:26:44.950 22594 22795 I mobile-ffmpeg: 
07-03 01:26:44.951 22594 22795 I mobile-ffmpeg:     Stream #0:0
07-03 01:26:44.951 22594 22795 I mobile-ffmpeg: (eng)
07-03 01:26:44.951 22594 22795 I mobile-ffmpeg: : Video: h264 (avc1 / 0x31637661), yuvj420p(pc, bt709), 1280x720, 8366 kb/s
07-03 01:26:44.951 22594 22795 I mobile-ffmpeg: , 
07-03 01:26:44.951 22594 22795 I mobile-ffmpeg: 29.97 fps, 
07-03 01:26:44.951 22594 22795 I mobile-ffmpeg: 29.97 tbr, 
07-03 01:26:44.951 22594 22795 I mobile-ffmpeg: 16k tbn, 
07-03 01:26:44.951 22594 22795 I mobile-ffmpeg: 32k tbc
07-03 01:26:44.951 22594 22795 I mobile-ffmpeg: 
07-03 01:26:44.951 22594 22795 I mobile-ffmpeg:     Metadata:
07-03 01:26:44.951 22594 22795 I mobile-ffmpeg:       handler_name    : 
07-03 01:26:44.951 22594 22795 I mobile-ffmpeg: PittaSoft Video Media Handler
07-03 01:26:44.951 22594 22795 I mobile-ffmpeg: 
07-03 01:26:44.951 22594 22795 I mobile-ffmpeg:     Stream #0:1
07-03 01:26:44.951 22594 22795 I mobile-ffmpeg: (eng)
07-03 01:26:44.951 22594 22795 I mobile-ffmpeg: : Audio: aac (mp4a / 0x6134706D), 16000 Hz, stereo, fltp, 47 kb/s
07-03 01:26:44.951 22594 22795 I mobile-ffmpeg: 
07-03 01:26:44.951 22594 22795 I mobile-ffmpeg:     Metadata:
07-03 01:26:44.951 22594 22795 I mobile-ffmpeg:       handler_name    : 
07-03 01:26:44.951 22594 22795 I mobile-ffmpeg: PittaSoft Sound Media Handler
07-03 01:26:44.951 22594 22795 I mobile-ffmpeg: 
07-03 01:26:44.952 22594 22795 I mobile-ffmpeg: Output #0, mp4, to '/storage/emulated/0/Movies/summarised/20200312_150844.mp4':
07-03 01:26:44.952 22594 22795 I mobile-ffmpeg:   Metadata:
07-03 01:26:44.952 22594 22795 I mobile-ffmpeg:     encoder         : 
07-03 01:26:44.952 22594 22795 I mobile-ffmpeg: Lavf58.42.100
07-03 01:26:44.952 22594 22795 I mobile-ffmpeg: 
07-03 01:26:44.952 22594 22795 I mobile-ffmpeg:     Stream #0:0
07-03 01:26:44.952 22594 22795 I mobile-ffmpeg: (eng)
07-03 01:26:44.952 22594 22795 I mobile-ffmpeg: : Video: h264 (avc1 / 0x31637661), yuvj420p(pc, bt709), 1280x720, q=2-31, 8366 kb/s
07-03 01:26:44.952 22594 22795 I mobile-ffmpeg: , 
07-03 01:26:44.952 22594 22795 I mobile-ffmpeg: 29.97 fps, 
07-03 01:26:44.952 22594 22795 I mobile-ffmpeg: 29.97 tbr, 
07-03 01:26:44.953 22594 22795 I mobile-ffmpeg: 16k tbn, 
07-03 01:26:44.953 22594 22795 I mobile-ffmpeg: 16k tbc
07-03 01:26:44.953 22594 22795 I mobile-ffmpeg: 
07-03 01:26:44.953 22594 22795 I mobile-ffmpeg:     Metadata:
07-03 01:26:44.953 22594 22795 I mobile-ffmpeg:       handler_name    : 
07-03 01:26:44.953 22594 22795 I mobile-ffmpeg: PittaSoft Video Media Handler
07-03 01:26:44.953 22594 22795 I mobile-ffmpeg: 
07-03 01:26:44.953 22594 22795 I mobile-ffmpeg:     Stream #0:1
07-03 01:26:44.953 22594 22795 I mobile-ffmpeg: (eng)
07-03 01:26:44.953 22594 22795 I mobile-ffmpeg: : Audio: aac (mp4a / 0x6134706D), 16000 Hz, stereo, fltp, 47 kb/s
07-03 01:26:44.953 22594 22795 I mobile-ffmpeg: 
07-03 01:26:44.953 22594 22795 I mobile-ffmpeg:     Metadata:
07-03 01:26:44.953 22594 22795 I mobile-ffmpeg:       handler_name    : 
07-03 01:26:44.953 22594 22795 I mobile-ffmpeg: PittaSoft Sound Media Handler
07-03 01:26:44.953 22594 22795 I mobile-ffmpeg: 
07-03 01:26:44.953 22594 22795 I mobile-ffmpeg: Stream mapping:
07-03 01:26:44.953 22594 22795 I mobile-ffmpeg:   Stream #0:0 -> #0:0
07-03 01:26:44.953 22594 22795 I mobile-ffmpeg:  (copy)
07-03 01:26:44.953 22594 22795 I mobile-ffmpeg: 
07-03 01:26:44.953 22594 22795 I mobile-ffmpeg:   Stream #0:1 -> #0:1
07-03 01:26:44.953 22594 22795 I mobile-ffmpeg:  (copy)
07-03 01:26:44.954 22594 22795 I mobile-ffmpeg: 
07-03 01:26:44.954 22594 22795 I mobile-ffmpeg: Press [q] to stop, [?] for help
07-03 01:26:44.954 22594 22795 I mobile-ffmpeg: frame=    1 fps=0.0 q=-1.0 size=       0kB time=00:00:00.00 bitrate=6095.2kbits/s speed=31.5x    
07-03 01:26:45.243 22594 22795 I mobile-ffmpeg: [mov,mp4,m4a,3gp,3g2,mj2 @ 0x7c59aa8e00] Auto-inserting h264_mp4toannexb bitstream filter
07-03 01:26:45.501 22594 22795 I mobile-ffmpeg: [mov,mp4,m4a,3gp,3g2,mj2 @ 0x7c59aa8e00] Auto-inserting h264_mp4toannexb bitstream filter
07-03 01:26:45.507 22594 22795 I mobile-ffmpeg: frame=  962 fps=0.0 q=-1.0 size=   33024kB time=00:00:32.11 bitrate=8425.2kbits/s speed=58.5x    
07-03 01:26:45.725 22594 22795 I mobile-ffmpeg: [mov,mp4,m4a,3gp,3g2,mj2 @ 0x7c59aa8e00] Auto-inserting h264_mp4toannexb bitstream filter
07-03 01:26:45.885 22594 22795 I mobile-ffmpeg: frame= 1800 fps=0.0 q=-1.0 Lsize=   61804kB time=00:01:00.06 bitrate=8428.8kbits/s speed=64.4x    
07-03 01:26:45.885 22594 22795 I mobile-ffmpeg: video:61425kB audio:345kB subtitle:0kB other streams:0kB global headers:0kB muxing overhead: 
07-03 01:26:45.885 22594 22795 I mobile-ffmpeg: 0.053992%
07-03 01:26:45.885 22594 22795 I mobile-ffmpeg: 
07-03 01:26:45.938 22594 22795 I mobile-ffmpeg: Input #0, mov,mp4,m4a,3gp,3g2,mj2, from '/storage/emulated/0/Movies/summarised/20200312_150844.mp4':
07-03 01:26:45.938 22594 22795 I mobile-ffmpeg:   Metadata:
07-03 01:26:45.938 22594 22795 I mobile-ffmpeg:     major_brand     : 
07-03 01:26:45.938 22594 22795 I mobile-ffmpeg: isom
07-03 01:26:45.938 22594 22795 I mobile-ffmpeg: 
07-03 01:26:45.938 22594 22795 I mobile-ffmpeg:     minor_version   : 
07-03 01:26:45.939 22594 22795 I mobile-ffmpeg: 512
07-03 01:26:45.939 22594 22795 I mobile-ffmpeg: 
07-03 01:26:45.939 22594 22795 I mobile-ffmpeg:     compatible_brands: 
07-03 01:26:45.939 22594 22795 I mobile-ffmpeg: isomiso2avc1mp41
07-03 01:26:45.939 22594 22795 I mobile-ffmpeg: 
07-03 01:26:45.939 22594 22795 I mobile-ffmpeg:     encoder         : 
07-03 01:26:45.939 22594 22795 I mobile-ffmpeg: Lavf58.42.100
07-03 01:26:45.939 22594 22795 I mobile-ffmpeg: 
07-03 01:26:45.939 22594 22795 I mobile-ffmpeg:   Duration: 
07-03 01:26:45.939 22594 22795 I mobile-ffmpeg: 00:01:00.08
07-03 01:26:45.939 22594 22795 I mobile-ffmpeg: , start: 
07-03 01:26:45.939 22594 22795 I mobile-ffmpeg: 0.000000
07-03 01:26:45.939 22594 22795 I mobile-ffmpeg: , bitrate: 
07-03 01:26:45.939 22594 22795 I mobile-ffmpeg: 8427 kb/s
07-03 01:26:45.939 22594 22795 I mobile-ffmpeg: 
07-03 01:26:45.939 22594 22795 I mobile-ffmpeg:     Stream #0:0
07-03 01:26:45.939 22594 22795 I mobile-ffmpeg: (eng)
07-03 01:26:45.939 22594 22795 I mobile-ffmpeg: : Video: h264 (avc1 / 0x31637661), yuvj420p(pc, bt709), 1280x720, 8377 kb/s
07-03 01:26:45.939 22594 22795 I mobile-ffmpeg: , 
07-03 01:26:45.939 22594 22795 I mobile-ffmpeg: 29.97 fps, 
07-03 01:26:45.939 22594 22795 I mobile-ffmpeg: 29.97 tbr, 
07-03 01:26:45.939 22594 22795 I mobile-ffmpeg: 16k tbn, 
07-03 01:26:45.939 22594 22795 I mobile-ffmpeg: 32k tbc
07-03 01:26:45.939 22594 22795 I mobile-ffmpeg:  (default)
07-03 01:26:45.939 22594 22795 I mobile-ffmpeg: 
07-03 01:26:45.939 22594 22795 I mobile-ffmpeg:     Metadata:
07-03 01:26:45.940 22594 22795 I mobile-ffmpeg:       handler_name    : 
07-03 01:26:45.940 22594 22795 I mobile-ffmpeg: PittaSoft Video Media Handler
07-03 01:26:45.940 22594 22795 I mobile-ffmpeg: 
07-03 01:26:45.940 22594 22795 I mobile-ffmpeg:     Stream #0:1
07-03 01:26:45.940 22594 22795 I mobile-ffmpeg: (eng)
07-03 01:26:45.940 22594 22795 I mobile-ffmpeg: : Audio: aac (mp4a / 0x6134706D), 16000 Hz, stereo, fltp, 47 kb/s
07-03 01:26:45.940 22594 22795 I mobile-ffmpeg:  (default)
07-03 01:26:45.940 22594 22795 I mobile-ffmpeg: 
07-03 01:26:45.940 22594 22795 I mobile-ffmpeg:     Metadata:
07-03 01:26:45.940 22594 22795 I mobile-ffmpeg:       handler_name    : 
07-03 01:26:45.940 22594 22795 I mobile-ffmpeg: PittaSoft Sound Media Handler
07-03 01:26:45.940 22594 22795 I mobile-ffmpeg: 
07-03 01:26:45.955 22594 22829 W FfmpegTools: Merged duration of 20200312_150844: 60.08
07-03 01:26:46.478 22594 22829 V VideoManager: Retrieving video from /storage/emulated/0/Movies/summarised/20200312_150844.mp4
07-03 01:26:46.489 22594 22789 V VideoManager: Retrieving video from /storage/emulated/0/Movies/raw/20200312_150944.mp4
07-03 01:26:46.491 22594 22829 V VideoManager: videoFromCursor
07-03 01:26:46.496 22594 22829 V SummarisedVideosEventHandler: onAdd
07-03 01:26:46.497 22594 22829 V RawFootageEventHandler: removeByName
07-03 01:26:46.498 22594 22829 V ProcessingVideosEventHandler: removeByName
07-03 01:26:46.498 22594 22789 D VideoManager: videoCursor is null
07-03 01:26:46.499 22594 22829 V NearbyFragment: Removing video segment map for 20200312_150844
07-03 01:26:46.499 22594 22829 V ProcessingVideosEventHandler: onRemove
07-03 01:26:46.519 22594 22789 V VideoManager: videoFromCursor
07-03 01:26:46.522 22594 22789 W DashDownloadManager: Successfully downloaded 20200312_150944.mp4 in 25.801s
07-03 01:26:46.522 22594 22789 V DownloadTestVideosTask: Entering callback for download completion of 20200312_150944.mp4
07-03 01:26:46.523 22594 22789 V RawFootageEventHandler: onAdd
07-03 01:26:46.530 22594 22795 W mobile-ffmpeg: [mov,mp4,m4a,3gp,3g2,mj2 @ 0x7c6c8b7800] Found duplicated MOOV Atom. Skipped it
07-03 01:26:46.536 22594 22606 D SummariserIntentService: Scanned /storage/emulated/0/Movies/summarised
07-03 01:26:46.536 22594 22606 D SummariserIntentService:   -> uri=content://media/external/file/7148
07-03 01:26:46.619 22594 22795 I mobile-ffmpeg: Input #0, mov,mp4,m4a,3gp,3g2,mj2, from '/storage/emulated/0/Movies/raw/20200312_150944.mp4':
07-03 01:26:46.619 22594 22795 I mobile-ffmpeg:   Metadata:
07-03 01:26:46.619 22594 22795 I mobile-ffmpeg:     creation_time   : 
07-03 01:26:46.619 22594 22795 I mobile-ffmpeg: 2020-03-12T04:10:43.000000Z
07-03 01:26:46.619 22594 22795 I mobile-ffmpeg: 
07-03 01:26:46.619 22594 22795 I mobile-ffmpeg:     major_brand     : 
07-03 01:26:46.619 22594 22795 I mobile-ffmpeg: mp42
07-03 01:26:46.619 22594 22795 I mobile-ffmpeg: 
07-03 01:26:46.619 22594 22795 I mobile-ffmpeg:     minor_version   : 
07-03 01:26:46.619 22594 22795 I mobile-ffmpeg: 1
07-03 01:26:46.619 22594 22795 I mobile-ffmpeg: 
07-03 01:26:46.619 22594 22795 I mobile-ffmpeg:     compatible_brands: 
07-03 01:26:46.619 22594 22795 I mobile-ffmpeg: mp42mp42
07-03 01:26:46.619 22594 22795 I mobile-ffmpeg: 
07-03 01:26:46.619 22594 22795 I mobile-ffmpeg:   Duration: 
07-03 01:26:46.619 22594 22795 I mobile-ffmpeg: 00:01:00.02
07-03 01:26:46.619 22594 22795 I mobile-ffmpeg: , start: 
07-03 01:26:46.619 22594 22795 I mobile-ffmpeg: 0.000000
07-03 01:26:46.619 22594 22795 I mobile-ffmpeg: , bitrate: 
07-03 01:26:46.619 22594 22795 I mobile-ffmpeg: 9328 kb/s
07-03 01:26:46.619 22594 22795 I mobile-ffmpeg: 
07-03 01:26:46.619 22594 22795 I mobile-ffmpeg:     Stream #0:0
07-03 01:26:46.620 22594 22795 I mobile-ffmpeg: (eng)
07-03 01:26:46.620 22594 22795 I mobile-ffmpeg: : Video: h264 (avc1 / 0x31637661), yuvj420p(pc, bt709), 1280x720, 8398 kb/s
07-03 01:26:46.620 22594 22795 I mobile-ffmpeg: , 
07-03 01:26:46.620 22594 22795 I mobile-ffmpeg: 29.97 fps, 
07-03 01:26:46.620 22594 22795 I mobile-ffmpeg: 29.97 tbr, 
07-03 01:26:46.620 22594 22795 I mobile-ffmpeg: 1k tbn, 
07-03 01:26:46.620 22594 22795 I mobile-ffmpeg: 2k tbc
07-03 01:26:46.620 22594 22795 I mobile-ffmpeg:  (default)
07-03 01:26:46.620 22594 22795 I mobile-ffmpeg: 
07-03 01:26:46.620 22594 22795 I mobile-ffmpeg:     Metadata:
07-03 01:26:46.620 22594 22795 I mobile-ffmpeg:       creation_time   : 
07-03 01:26:46.620 22594 22795 I mobile-ffmpeg: 2020-03-12T04:10:43.000000Z
07-03 01:26:46.620 22594 22795 I mobile-ffmpeg: 
07-03 01:26:46.620 22594 22795 I mobile-ffmpeg:       handler_name    : 
07-03 01:26:46.620 22594 22795 I mobile-ffmpeg: PittaSoft Video Media Handler
07-03 01:26:46.620 22594 22795 I mobile-ffmpeg: 
07-03 01:26:46.620 22594 22795 I mobile-ffmpeg:     Stream #0:1
07-03 01:26:46.620 22594 22795 I mobile-ffmpeg: (eng)
07-03 01:26:46.620 22594 22795 I mobile-ffmpeg: : Audio: aac (mp4a / 0x6134706D), 16000 Hz, stereo, fltp, 47 kb/s
07-03 01:26:46.620 22594 22795 I mobile-ffmpeg:  (default)
07-03 01:26:46.620 22594 22795 I mobile-ffmpeg: 
07-03 01:26:46.620 22594 22795 I mobile-ffmpeg:     Metadata:
07-03 01:26:46.620 22594 22795 I mobile-ffmpeg:       creation_time   : 
07-03 01:26:46.620 22594 22795 I mobile-ffmpeg: 2020-03-12T04:10:43.000000Z
07-03 01:26:46.620 22594 22795 I mobile-ffmpeg: 
07-03 01:26:46.621 22594 22795 I mobile-ffmpeg:       handler_name    : 
07-03 01:26:46.621 22594 22795 I mobile-ffmpeg: PittaSoft Sound Media Handler
07-03 01:26:46.621 22594 22795 I mobile-ffmpeg: 
07-03 01:26:46.638 22594 22789 V FileManager: External storage is readable
07-03 01:26:46.639 22594 22789 V FileManager: Created new directory: /storage/emulated/0/Movies/segment/20200312_150944
07-03 01:26:46.639 22594 22789 V FfmpegTools: Splitting /storage/emulated/0/Movies/raw/20200312_150944.mp4 with 16s long segments
07-03 01:26:46.639 22594 22789 I FfmpegTools: Running ffmpeg with:
07-03 01:26:46.639 22594 22789 I FfmpegTools:   -y -i /storage/emulated/0/Movies/raw/20200312_150944.mp4 -map 0 -c copy -f segment -reset_timestamps 1 -segment_time 16 /storage/emulated/0/Movies/segment/20200312_150944/20200312_150944!%03d.mp4
07-03 01:26:46.653 22594 22795 W mobile-ffmpeg: [mov,mp4,m4a,3gp,3g2,mj2 @ 0x7c6c8b7800] Found duplicated MOOV Atom. Skipped it
07-03 01:26:46.734 22594 22795 I mobile-ffmpeg: Input #0, mov,mp4,m4a,3gp,3g2,mj2, from '/storage/emulated/0/Movies/raw/20200312_150944.mp4':
07-03 01:26:46.735 22594 22795 I mobile-ffmpeg:   Metadata:
07-03 01:26:46.735 22594 22795 I mobile-ffmpeg:     creation_time   : 
07-03 01:26:46.735 22594 22795 I mobile-ffmpeg: 2020-03-12T04:10:43.000000Z
07-03 01:26:46.735 22594 22795 I mobile-ffmpeg: 
07-03 01:26:46.735 22594 22795 I mobile-ffmpeg:     major_brand     : 
07-03 01:26:46.735 22594 22795 I mobile-ffmpeg: mp42
07-03 01:26:46.735 22594 22795 I mobile-ffmpeg: 
07-03 01:26:46.735 22594 22795 I mobile-ffmpeg:     minor_version   : 
07-03 01:26:46.735 22594 22795 I mobile-ffmpeg: 1
07-03 01:26:46.735 22594 22795 I mobile-ffmpeg: 
07-03 01:26:46.735 22594 22795 I mobile-ffmpeg:     compatible_brands: 
07-03 01:26:46.735 22594 22795 I mobile-ffmpeg: mp42mp42
07-03 01:26:46.735 22594 22795 I mobile-ffmpeg: 
07-03 01:26:46.735 22594 22795 I mobile-ffmpeg:   Duration: 
07-03 01:26:46.735 22594 22795 I mobile-ffmpeg: 00:01:00.02
07-03 01:26:46.735 22594 22795 I mobile-ffmpeg: , start: 
07-03 01:26:46.735 22594 22795 I mobile-ffmpeg: 0.000000
07-03 01:26:46.735 22594 22795 I mobile-ffmpeg: , bitrate: 
07-03 01:26:46.735 22594 22795 I mobile-ffmpeg: 9328 kb/s
07-03 01:26:46.735 22594 22795 I mobile-ffmpeg: 
07-03 01:26:46.735 22594 22795 I mobile-ffmpeg:     Stream #0:0
07-03 01:26:46.735 22594 22795 I mobile-ffmpeg: (eng)
07-03 01:26:46.735 22594 22795 I mobile-ffmpeg: : Video: h264 (avc1 / 0x31637661), yuvj420p(pc, bt709), 1280x720, 8398 kb/s
07-03 01:26:46.735 22594 22795 I mobile-ffmpeg: , 
07-03 01:26:46.736 22594 22795 I mobile-ffmpeg: 29.97 fps, 
07-03 01:26:46.736 22594 22795 I mobile-ffmpeg: 29.97 tbr, 
07-03 01:26:46.736 22594 22795 I mobile-ffmpeg: 1k tbn, 
07-03 01:26:46.736 22594 22795 I mobile-ffmpeg: 2k tbc
07-03 01:26:46.736 22594 22795 I mobile-ffmpeg:  (default)
07-03 01:26:46.736 22594 22795 I mobile-ffmpeg: 
07-03 01:26:46.736 22594 22795 I mobile-ffmpeg:     Metadata:
07-03 01:26:46.736 22594 22795 I mobile-ffmpeg:       creation_time   : 
07-03 01:26:46.736 22594 22795 I mobile-ffmpeg: 2020-03-12T04:10:43.000000Z
07-03 01:26:46.736 22594 22795 I mobile-ffmpeg: 
07-03 01:26:46.736 22594 22795 I mobile-ffmpeg:       handler_name    : 
07-03 01:26:46.736 22594 22795 I mobile-ffmpeg: PittaSoft Video Media Handler
07-03 01:26:46.736 22594 22795 I mobile-ffmpeg: 
07-03 01:26:46.736 22594 22795 I mobile-ffmpeg:     Stream #0:1
07-03 01:26:46.736 22594 22795 I mobile-ffmpeg: (eng)
07-03 01:26:46.736 22594 22795 I mobile-ffmpeg: : Audio: aac (mp4a / 0x6134706D), 16000 Hz, stereo, fltp, 47 kb/s
07-03 01:26:46.736 22594 22795 I mobile-ffmpeg:  (default)
07-03 01:26:46.736 22594 22795 I mobile-ffmpeg: 
07-03 01:26:46.736 22594 22795 I mobile-ffmpeg:     Metadata:
07-03 01:26:46.736 22594 22795 I mobile-ffmpeg:       creation_time   : 
07-03 01:26:46.736 22594 22795 I mobile-ffmpeg: 2020-03-12T04:10:43.000000Z
07-03 01:26:46.736 22594 22795 I mobile-ffmpeg: 
07-03 01:26:46.736 22594 22795 I mobile-ffmpeg:       handler_name    : 
07-03 01:26:46.736 22594 22795 I mobile-ffmpeg: PittaSoft Sound Media Handler
07-03 01:26:46.736 22594 22795 I mobile-ffmpeg: 
07-03 01:26:46.736 22594 22795 I mobile-ffmpeg: [segment @ 0x7c6c8b8a00] Opening '/storage/emulated/0/Movies/segment/20200312_150944/20200312_150944!000.mp4' for writing
07-03 01:26:46.737 22594 22795 I mobile-ffmpeg: Output #0, segment, to '/storage/emulated/0/Movies/segment/20200312_150944/20200312_150944!%03d.mp4':
07-03 01:26:46.738 22594 22795 I mobile-ffmpeg:   Metadata:
07-03 01:26:46.738 22594 22795 I mobile-ffmpeg:     compatible_brands: 
07-03 01:26:46.738 22594 22795 I mobile-ffmpeg: mp42mp42
07-03 01:26:46.738 22594 22795 I mobile-ffmpeg: 
07-03 01:26:46.738 22594 22795 I mobile-ffmpeg:     major_brand     : 
07-03 01:26:46.738 22594 22795 I mobile-ffmpeg: mp42
07-03 01:26:46.738 22594 22795 I mobile-ffmpeg: 
07-03 01:26:46.738 22594 22795 I mobile-ffmpeg:     minor_version   : 
07-03 01:26:46.738 22594 22795 I mobile-ffmpeg: 1
07-03 01:26:46.738 22594 22795 I mobile-ffmpeg: 
07-03 01:26:46.738 22594 22795 I mobile-ffmpeg:     encoder         : 
07-03 01:26:46.738 22594 22795 I mobile-ffmpeg: Lavf58.42.100
07-03 01:26:46.738 22594 22795 I mobile-ffmpeg: 
07-03 01:26:46.738 22594 22795 I mobile-ffmpeg:     Stream #0:0
07-03 01:26:46.738 22594 22795 I mobile-ffmpeg: (eng)
07-03 01:26:46.738 22594 22795 I mobile-ffmpeg: : Video: h264 (avc1 / 0x31637661), yuvj420p(pc, bt709), 1280x720, q=2-31, 8398 kb/s
07-03 01:26:46.738 22594 22795 I mobile-ffmpeg: , 
07-03 01:26:46.738 22594 22795 I mobile-ffmpeg: 29.97 fps, 
07-03 01:26:46.738 22594 22795 I mobile-ffmpeg: 29.97 tbr, 
07-03 01:26:46.738 22594 22795 I mobile-ffmpeg: 16k tbn, 
07-03 01:26:46.738 22594 22795 I mobile-ffmpeg: 1k tbc
07-03 01:26:46.738 22594 22795 I mobile-ffmpeg:  (default)
07-03 01:26:46.738 22594 22795 I mobile-ffmpeg: 
07-03 01:26:46.738 22594 22795 I mobile-ffmpeg:     Metadata:
07-03 01:26:46.739 22594 22795 I mobile-ffmpeg:       creation_time   : 
07-03 01:26:46.739 22594 22795 I mobile-ffmpeg: 2020-03-12T04:10:43.000000Z
07-03 01:26:46.739 22594 22795 I mobile-ffmpeg: 
07-03 01:26:46.739 22594 22795 I mobile-ffmpeg:       handler_name    : 
07-03 01:26:46.739 22594 22795 I mobile-ffmpeg: PittaSoft Video Media Handler
07-03 01:26:46.739 22594 22795 I mobile-ffmpeg: 
07-03 01:26:46.739 22594 22795 I mobile-ffmpeg:     Stream #0:1
07-03 01:26:46.739 22594 22795 I mobile-ffmpeg: (eng)
07-03 01:26:46.739 22594 22795 I mobile-ffmpeg: : Audio: aac (mp4a / 0x6134706D), 16000 Hz, stereo, fltp, 47 kb/s
07-03 01:26:46.739 22594 22795 I mobile-ffmpeg:  (default)
07-03 01:26:46.739 22594 22795 I mobile-ffmpeg: 
07-03 01:26:46.739 22594 22795 I mobile-ffmpeg:     Metadata:
07-03 01:26:46.739 22594 22795 I mobile-ffmpeg:       creation_time   : 
07-03 01:26:46.739 22594 22795 I mobile-ffmpeg: 2020-03-12T04:10:43.000000Z
07-03 01:26:46.739 22594 22795 I mobile-ffmpeg: 
07-03 01:26:46.739 22594 22795 I mobile-ffmpeg:       handler_name    : 
07-03 01:26:46.739 22594 22795 I mobile-ffmpeg: PittaSoft Sound Media Handler
07-03 01:26:46.739 22594 22795 I mobile-ffmpeg: 
07-03 01:26:46.739 22594 22795 I mobile-ffmpeg: Stream mapping:
