07-03 01:26:10.215 20076 20732 I mobile-ffmpeg: 29.97 tbr, 
07-03 01:26:10.215 20076 20732 I mobile-ffmpeg: 16k tbn, 
07-03 01:26:10.215 20076 20732 I mobile-ffmpeg: 32k tbc
07-03 01:26:10.215 20076 20732 I mobile-ffmpeg:  (default)
07-03 01:26:10.215 20076 20732 I mobile-ffmpeg: 
07-03 01:26:10.215 20076 20732 I mobile-ffmpeg:     Metadata:
07-03 01:26:10.215 20076 20732 I mobile-ffmpeg:       handler_name    : 
07-03 01:26:10.215 20076 20732 I mobile-ffmpeg: PittaSoft Video Media Handler
07-03 01:26:10.215 20076 20732 I mobile-ffmpeg: 
07-03 01:26:10.215 20076 20732 I mobile-ffmpeg:     Stream #0:1
07-03 01:26:10.215 20076 20732 I mobile-ffmpeg: (eng)
07-03 01:26:10.215 20076 20732 I mobile-ffmpeg: : Audio: aac (mp4a / 0x6134706D), 16000 Hz, stereo, fltp, 47 kb/s
07-03 01:26:10.215 20076 20732 I mobile-ffmpeg:  (default)
07-03 01:26:10.215 20076 20732 I mobile-ffmpeg: 
07-03 01:26:10.215 20076 20732 I mobile-ffmpeg:     Metadata:
07-03 01:26:10.215 20076 20732 I mobile-ffmpeg:       handler_name    : 
07-03 01:26:10.215 20076 20732 I mobile-ffmpeg: PittaSoft Sound Media Handler
07-03 01:26:10.215 20076 20732 I mobile-ffmpeg: 
07-03 01:26:10.220 20076 20851 W Summariser: Summarisation completed
07-03 01:26:10.220 20076 20851 W Summariser:   filename: 20200312_150744!002.mp4
07-03 01:26:10.220 20076 20851 W Summariser:   active sections: 0
07-03 01:26:10.220 20076 20851 W Summariser:   time: 02.032s
07-03 01:26:10.220 20076 20851 W Summariser:   original duration: 16.01
07-03 01:26:10.220 20076 20851 W Summariser:   summarised duration: -1.00
07-03 01:26:10.220 20076 20851 W Summariser:   noise tolerance: 45.00
07-03 01:26:10.220 20076 20851 W Summariser:   quality: 23
07-03 01:26:10.220 20076 20851 W Summariser:   speed: medium
07-03 01:26:10.220 20076 20851 W Summariser:   freeze duration: 1.00
07-03 01:26:10.221 20076 20851 V ProcessingVideosEventHandler: onRemove
07-03 01:26:10.241 20076 20076 V NearbyFragment: Transfer to 3PH2: 100%
07-03 01:26:10.244 20076 20076 V NearbyFragment: Transfer to 3PH2: 100%
07-03 01:26:10.309 20076 20850 D SummariserIntentService: Scanned /storage/emulated/0/Movies/summarised
07-03 01:26:10.309 20076 20850 D SummariserIntentService:   -> uri=content://media/external/file/137582
07-03 01:26:21.272 20076 20076 D NearbyFragment: onPayloadReceived(endpointId=3PH2, payload=com.google.android.gms.nearby.connection.Payload@c75bbeb)
07-03 01:26:21.274 20076 20076 V NearbyFragment: Transfer to 3PH2: 0%
07-03 01:26:21.286 20076 20076 V NearbyFragment: Transfer to 3PH2: 0%
07-03 01:26:21.291 20076 20076 D NearbyFragment: onPayloadReceived(endpointId=3PH2, payload=com.google.android.gms.nearby.connection.Payload@24cd48)
07-03 01:26:21.293 20076 20076 V NearbyFragment: Started downloading SUMMARISE_SEGMENT:-6765783852776457552:20200312_150844!000.mp4:45.0_1.0_23_medium from Endpoint{id=3PH2, name=Nexus 5X [34d8]}
07-03 01:26:21.296 20076 20076 V NearbyFragment: Transfer to 3PH2: 100%
07-03 01:26:21.298 20076 20076 V NearbyFragment: Transfer to 3PH2: 100%
07-03 01:26:21.312 20076 20076 V NearbyFragment: Transfer to 3PH2: 1%
07-03 01:26:21.316 20076 20076 V NearbyFragment: Transfer to 3PH2: 1%
07-03 01:26:21.328 20076 20076 V NearbyFragment: Transfer to 3PH2: 1%
07-03 01:26:21.338 20076 20076 V NearbyFragment: Transfer to 3PH2: 2%
07-03 01:26:21.348 20076 20076 V NearbyFragment: Transfer to 3PH2: 2%
07-03 01:26:21.358 20076 20076 V NearbyFragment: Transfer to 3PH2: 3%
07-03 01:26:21.370 20076 20076 V NearbyFragment: Transfer to 3PH2: 3%
07-03 01:26:21.372 20076 20076 V NearbyFragment: Transfer to 3PH2: 3%
07-03 01:26:21.377 20076 20076 V NearbyFragment: Transfer to 3PH2: 4%
07-03 01:26:21.383 20076 20076 V NearbyFragment: Transfer to 3PH2: 4%
07-03 01:26:21.388 20076 20076 V NearbyFragment: Transfer to 3PH2: 5%
07-03 01:26:21.396 20076 20076 V NearbyFragment: Transfer to 3PH2: 5%
07-03 01:26:21.402 20076 20076 V NearbyFragment: Transfer to 3PH2: 5%
07-03 01:26:21.407 20076 20076 V NearbyFragment: Transfer to 3PH2: 6%
07-03 01:26:21.412 20076 20076 V NearbyFragment: Transfer to 3PH2: 6%
07-03 01:26:21.418 20076 20076 V NearbyFragment: Transfer to 3PH2: 6%
07-03 01:26:21.423 20076 20076 V NearbyFragment: Transfer to 3PH2: 7%
07-03 01:26:21.427 20076 20076 V NearbyFragment: Transfer to 3PH2: 7%
07-03 01:26:21.440 20076 20076 V NearbyFragment: Transfer to 3PH2: 8%
07-03 01:26:21.450 20076 20076 V NearbyFragment: Transfer to 3PH2: 8%
07-03 01:26:21.469 20076 20076 V NearbyFragment: Transfer to 3PH2: 8%
07-03 01:26:21.474 20076 20076 V NearbyFragment: Transfer to 3PH2: 9%
07-03 01:26:21.487 20076 20076 V NearbyFragment: Transfer to 3PH2: 9%
07-03 01:26:21.496 20076 20076 V NearbyFragment: Transfer to 3PH2: 10%
07-03 01:26:21.505 20076 20076 V NearbyFragment: Transfer to 3PH2: 10%
07-03 01:26:21.514 20076 20076 V NearbyFragment: Transfer to 3PH2: 10%
07-03 01:26:21.519 20076 20076 V NearbyFragment: Transfer to 3PH2: 11%
07-03 01:26:21.528 20076 20076 V NearbyFragment: Transfer to 3PH2: 11%
07-03 01:26:21.533 20076 20076 V NearbyFragment: Transfer to 3PH2: 12%
07-03 01:26:21.541 20076 20076 V NearbyFragment: Transfer to 3PH2: 12%
07-03 01:26:21.549 20076 20076 V NearbyFragment: Transfer to 3PH2: 12%
07-03 01:26:21.558 20076 20076 V NearbyFragment: Transfer to 3PH2: 13%
07-03 01:26:21.564 20076 20076 V NearbyFragment: Transfer to 3PH2: 13%
07-03 01:26:21.569 20076 20076 V NearbyFragment: Transfer to 3PH2: 13%
07-03 01:26:21.575 20076 20076 V NearbyFragment: Transfer to 3PH2: 14%
07-03 01:26:21.580 20076 20076 V NearbyFragment: Transfer to 3PH2: 14%
07-03 01:26:21.583 20076 20076 V NearbyFragment: Transfer to 3PH2: 15%
07-03 01:26:21.586 20076 20076 V NearbyFragment: Transfer to 3PH2: 15%
07-03 01:26:21.590 20076 20076 V NearbyFragment: Transfer to 3PH2: 15%
07-03 01:26:21.593 20076 20076 V NearbyFragment: Transfer to 3PH2: 16%
07-03 01:26:21.596 20076 20076 V NearbyFragment: Transfer to 3PH2: 16%
07-03 01:26:21.598 20076 20076 V NearbyFragment: Transfer to 3PH2: 17%
07-03 01:26:21.602 20076 20076 V NearbyFragment: Transfer to 3PH2: 17%
07-03 01:26:21.606 20076 20076 V NearbyFragment: Transfer to 3PH2: 17%
07-03 01:26:21.609 20076 20076 V NearbyFragment: Transfer to 3PH2: 18%
07-03 01:26:21.612 20076 20076 V NearbyFragment: Transfer to 3PH2: 18%
07-03 01:26:21.616 20076 20076 V NearbyFragment: Transfer to 3PH2: 19%
07-03 01:26:21.619 20076 20076 V NearbyFragment: Transfer to 3PH2: 19%
07-03 01:26:21.623 20076 20076 V NearbyFragment: Transfer to 3PH2: 19%
07-03 01:26:21.627 20076 20076 V NearbyFragment: Transfer to 3PH2: 20%
07-03 01:26:21.630 20076 20076 V NearbyFragment: Transfer to 3PH2: 20%
07-03 01:26:21.633 20076 20076 V NearbyFragment: Transfer to 3PH2: 20%
07-03 01:26:21.648 20076 20076 V NearbyFragment: Transfer to 3PH2: 21%
07-03 01:26:21.658 20076 20076 V NearbyFragment: Transfer to 3PH2: 21%
07-03 01:26:21.667 20076 20076 V NearbyFragment: Transfer to 3PH2: 22%
07-03 01:26:21.675 20076 20076 V NearbyFragment: Transfer to 3PH2: 22%
07-03 01:26:21.679 20076 20076 V NearbyFragment: Transfer to 3PH2: 22%
07-03 01:26:21.685 20076 20076 V NearbyFragment: Transfer to 3PH2: 23%
07-03 01:26:21.695 20076 20076 V NearbyFragment: Transfer to 3PH2: 23%
07-03 01:26:21.699 20076 20076 V NearbyFragment: Transfer to 3PH2: 24%
07-03 01:26:21.709 20076 20076 V NearbyFragment: Transfer to 3PH2: 24%
07-03 01:26:21.715 20076 20076 V NearbyFragment: Transfer to 3PH2: 24%
07-03 01:26:21.721 20076 20076 V NearbyFragment: Transfer to 3PH2: 25%
07-03 01:26:21.724 20076 20076 V NearbyFragment: Transfer to 3PH2: 25%
07-03 01:26:21.734 20076 20076 V NearbyFragment: Transfer to 3PH2: 26%
07-03 01:26:21.762 20076 20076 V NearbyFragment: Transfer to 3PH2: 26%
07-03 01:26:21.774 20076 20076 V NearbyFragment: Transfer to 3PH2: 26%
07-03 01:26:21.793 20076 20076 V NearbyFragment: Transfer to 3PH2: 27%
07-03 01:26:21.801 20076 20076 V NearbyFragment: Transfer to 3PH2: 27%
07-03 01:26:21.813 20076 20076 V NearbyFragment: Transfer to 3PH2: 27%
07-03 01:26:21.819 20076 20076 V NearbyFragment: Transfer to 3PH2: 28%
07-03 01:26:21.839 20076 20076 V NearbyFragment: Transfer to 3PH2: 28%
07-03 01:26:21.856 20076 20076 V NearbyFragment: Transfer to 3PH2: 29%
07-03 01:26:21.872 20076 20076 V NearbyFragment: Transfer to 3PH2: 29%
07-03 01:26:21.878 20076 20076 V NearbyFragment: Transfer to 3PH2: 29%
07-03 01:26:21.896 20076 20076 V NearbyFragment: Transfer to 3PH2: 30%
07-03 01:26:21.905 20076 20076 V NearbyFragment: Transfer to 3PH2: 30%
07-03 01:26:21.917 20076 20076 V NearbyFragment: Transfer to 3PH2: 31%
07-03 01:26:21.925 20076 20076 V NearbyFragment: Transfer to 3PH2: 31%
07-03 01:26:21.929 20076 20076 V NearbyFragment: Transfer to 3PH2: 31%
07-03 01:26:21.934 20076 20076 V NearbyFragment: Transfer to 3PH2: 32%
07-03 01:26:21.940 20076 20076 V NearbyFragment: Transfer to 3PH2: 32%
07-03 01:26:21.942 20076 20076 V NearbyFragment: Transfer to 3PH2: 33%
07-03 01:26:21.962 20076 20076 V NearbyFragment: Transfer to 3PH2: 33%
07-03 01:26:21.969 20076 20076 V NearbyFragment: Transfer to 3PH2: 33%
07-03 01:26:21.978 20076 20076 V NearbyFragment: Transfer to 3PH2: 34%
07-03 01:26:21.986 20076 20076 V NearbyFragment: Transfer to 3PH2: 34%
07-03 01:26:21.996 20076 20076 V NearbyFragment: Transfer to 3PH2: 34%
07-03 01:26:22.009 20076 20076 V NearbyFragment: Transfer to 3PH2: 35%
07-03 01:26:22.020 20076 20076 V NearbyFragment: Transfer to 3PH2: 35%
07-03 01:26:22.047 20076 20076 V NearbyFragment: Transfer to 3PH2: 36%
07-03 01:26:22.051 20076 20076 V NearbyFragment: Transfer to 3PH2: 36%
07-03 01:26:22.065 20076 20076 V NearbyFragment: Transfer to 3PH2: 36%
07-03 01:26:22.079 20076 20076 V NearbyFragment: Transfer to 3PH2: 37%
07-03 01:26:22.109 20076 20076 V NearbyFragment: Transfer to 3PH2: 37%
07-03 01:26:22.123 20076 20076 V NearbyFragment: Transfer to 3PH2: 38%
07-03 01:26:22.168 20076 20076 V NearbyFragment: Transfer to 3PH2: 38%
07-03 01:26:22.189 20076 20076 V NearbyFragment: Transfer to 3PH2: 38%
07-03 01:26:22.197 20076 20076 V NearbyFragment: Transfer to 3PH2: 39%
07-03 01:26:22.206 20076 20076 V NearbyFragment: Transfer to 3PH2: 39%
07-03 01:26:22.217 20076 20076 V NearbyFragment: Transfer to 3PH2: 40%
07-03 01:26:22.234 20076 20076 V NearbyFragment: Transfer to 3PH2: 40%
07-03 01:26:22.290 20076 20076 V NearbyFragment: Transfer to 3PH2: 40%
07-03 01:26:22.298 20076 20076 V NearbyFragment: Transfer to 3PH2: 41%
07-03 01:26:22.305 20076 20076 V NearbyFragment: Transfer to 3PH2: 41%
07-03 01:26:22.311 20076 20076 V NearbyFragment: Transfer to 3PH2: 41%
07-03 01:26:22.318 20076 20076 V NearbyFragment: Transfer to 3PH2: 42%
07-03 01:26:22.323 20076 20076 V NearbyFragment: Transfer to 3PH2: 42%
07-03 01:26:22.326 20076 20076 V NearbyFragment: Transfer to 3PH2: 43%
07-03 01:26:22.330 20076 20076 V NearbyFragment: Transfer to 3PH2: 43%
07-03 01:26:22.338 20076 20076 V NearbyFragment: Transfer to 3PH2: 43%
07-03 01:26:22.356 20076 20076 V NearbyFragment: Transfer to 3PH2: 44%
07-03 01:26:22.361 20076 20076 V NearbyFragment: Transfer to 3PH2: 44%
07-03 01:26:22.372 20076 20076 V NearbyFragment: Transfer to 3PH2: 45%
07-03 01:26:22.377 20076 20076 V NearbyFragment: Transfer to 3PH2: 45%
07-03 01:26:22.402 20076 20076 V NearbyFragment: Transfer to 3PH2: 45%
07-03 01:26:22.410 20076 20076 V NearbyFragment: Transfer to 3PH2: 46%
07-03 01:26:22.416 20076 20076 V NearbyFragment: Transfer to 3PH2: 46%
07-03 01:26:22.432 20076 20076 V NearbyFragment: Transfer to 3PH2: 47%
07-03 01:26:22.443 20076 20076 V NearbyFragment: Transfer to 3PH2: 47%
07-03 01:26:22.450 20076 20076 V NearbyFragment: Transfer to 3PH2: 47%
07-03 01:26:22.459 20076 20076 V NearbyFragment: Transfer to 3PH2: 48%
07-03 01:26:22.472 20076 20076 V NearbyFragment: Transfer to 3PH2: 48%
07-03 01:26:22.518 20076 20076 V NearbyFragment: Transfer to 3PH2: 48%
07-03 01:26:22.555 20076 20076 V NearbyFragment: Transfer to 3PH2: 49%
07-03 01:26:22.569 20076 20076 V NearbyFragment: Transfer to 3PH2: 49%
07-03 01:26:22.586 20076 20076 V NearbyFragment: Transfer to 3PH2: 50%
07-03 01:26:22.594 20076 20076 V NearbyFragment: Transfer to 3PH2: 50%
07-03 01:26:22.608 20076 20076 V NearbyFragment: Transfer to 3PH2: 50%
07-03 01:26:22.632 20076 20076 V NearbyFragment: Transfer to 3PH2: 51%
07-03 01:26:22.656 20076 20076 V NearbyFragment: Transfer to 3PH2: 51%
07-03 01:26:22.697 20076 20076 V NearbyFragment: Transfer to 3PH2: 52%
07-03 01:26:22.704 20076 20076 V NearbyFragment: Transfer to 3PH2: 52%
07-03 01:26:22.730 20076 20076 V NearbyFragment: Transfer to 3PH2: 52%
07-03 01:26:22.734 20076 20076 V NearbyFragment: Transfer to 3PH2: 53%
07-03 01:26:22.738 20076 20076 V NearbyFragment: Transfer to 3PH2: 53%
07-03 01:26:22.740 20076 20076 V NearbyFragment: Transfer to 3PH2: 54%
07-03 01:26:22.750 20076 20076 V NearbyFragment: Transfer to 3PH2: 54%
07-03 01:26:22.758 20076 20076 V NearbyFragment: Transfer to 3PH2: 54%
07-03 01:26:22.766 20076 20076 V NearbyFragment: Transfer to 3PH2: 55%
07-03 01:26:22.788 20076 20076 V NearbyFragment: Transfer to 3PH2: 55%
07-03 01:26:22.808 20076 20076 V NearbyFragment: Transfer to 3PH2: 55%
07-03 01:26:22.814 20076 20076 V NearbyFragment: Transfer to 3PH2: 56%
07-03 01:26:22.828 20076 20076 V NearbyFragment: Transfer to 3PH2: 56%
07-03 01:26:22.835 20076 20076 V NearbyFragment: Transfer to 3PH2: 57%
07-03 01:26:22.845 20076 20076 V NearbyFragment: Transfer to 3PH2: 57%
07-03 01:26:22.848 20076 20076 V NearbyFragment: Transfer to 3PH2: 57%
07-03 01:26:22.855 20076 20076 V NearbyFragment: Transfer to 3PH2: 58%
07-03 01:26:22.860 20076 20076 V NearbyFragment: Transfer to 3PH2: 58%
07-03 01:26:22.865 20076 20076 V NearbyFragment: Transfer to 3PH2: 59%
07-03 01:26:22.872 20076 20076 V NearbyFragment: Transfer to 3PH2: 59%
07-03 01:26:22.875 20076 20076 V NearbyFragment: Transfer to 3PH2: 59%
07-03 01:26:22.879 20076 20076 V NearbyFragment: Transfer to 3PH2: 60%
07-03 01:26:22.883 20076 20076 V NearbyFragment: Transfer to 3PH2: 60%
07-03 01:26:22.886 20076 20076 V NearbyFragment: Transfer to 3PH2: 61%
07-03 01:26:22.898 20076 20076 V NearbyFragment: Transfer to 3PH2: 61%
07-03 01:26:22.935 20076 20076 V NearbyFragment: Transfer to 3PH2: 61%
07-03 01:26:22.978 20076 20076 V NearbyFragment: Transfer to 3PH2: 62%
07-03 01:26:22.982 20076 20076 V NearbyFragment: Transfer to 3PH2: 62%
07-03 01:26:22.996 20076 20076 V NearbyFragment: Transfer to 3PH2: 62%
07-03 01:26:23.000 20076 20076 V NearbyFragment: Transfer to 3PH2: 63%
07-03 01:26:23.005 20076 20076 V NearbyFragment: Transfer to 3PH2: 63%
07-03 01:26:23.034 20076 20076 V NearbyFragment: Transfer to 3PH2: 64%
07-03 01:26:23.052 20076 20076 V NearbyFragment: Transfer to 3PH2: 64%
07-03 01:26:23.094 20076 20076 V NearbyFragment: Transfer to 3PH2: 64%
07-03 01:26:23.103 20076 20076 V NearbyFragment: Transfer to 3PH2: 65%
07-03 01:26:23.110 20076 20076 V NearbyFragment: Transfer to 3PH2: 65%
07-03 01:26:23.127 20076 20076 V NearbyFragment: Transfer to 3PH2: 66%
07-03 01:26:23.138 20076 20076 V NearbyFragment: Transfer to 3PH2: 66%
07-03 01:26:23.143 20076 20076 V NearbyFragment: Transfer to 3PH2: 66%
07-03 01:26:23.149 20076 20076 V NearbyFragment: Transfer to 3PH2: 67%
07-03 01:26:23.163 20076 20076 V NearbyFragment: Transfer to 3PH2: 67%
07-03 01:26:23.168 20076 20076 V NearbyFragment: Transfer to 3PH2: 68%
07-03 01:26:23.180 20076 20076 V NearbyFragment: Transfer to 3PH2: 68%
07-03 01:26:23.183 20076 20076 V NearbyFragment: Transfer to 3PH2: 68%
07-03 01:26:23.187 20076 20076 V NearbyFragment: Transfer to 3PH2: 69%
07-03 01:26:23.199 20076 20076 V NearbyFragment: Transfer to 3PH2: 69%
07-03 01:26:23.209 20076 20076 V NearbyFragment: Transfer to 3PH2: 69%
07-03 01:26:23.213 20076 20076 V NearbyFragment: Transfer to 3PH2: 70%
07-03 01:26:23.275 20076 20076 V NearbyFragment: Transfer to 3PH2: 70%
07-03 01:26:23.293 20076 20076 V NearbyFragment: Transfer to 3PH2: 71%
07-03 01:26:23.296 20076 20076 V NearbyFragment: Transfer to 3PH2: 71%
07-03 01:26:23.300 20076 20076 V NearbyFragment: Transfer to 3PH2: 71%
07-03 01:26:23.305 20076 20076 V NearbyFragment: Transfer to 3PH2: 72%
07-03 01:26:23.311 20076 20076 V NearbyFragment: Transfer to 3PH2: 72%
07-03 01:26:23.316 20076 20076 V NearbyFragment: Transfer to 3PH2: 73%
07-03 01:26:23.321 20076 20076 V NearbyFragment: Transfer to 3PH2: 73%
07-03 01:26:23.327 20076 20076 V NearbyFragment: Transfer to 3PH2: 73%
07-03 01:26:23.331 20076 20076 V NearbyFragment: Transfer to 3PH2: 74%
07-03 01:26:23.334 20076 20076 V NearbyFragment: Transfer to 3PH2: 74%
07-03 01:26:23.573 20076 20076 V NearbyFragment: Transfer to 3PH2: 75%
07-03 01:26:23.583 20076 20076 V NearbyFragment: Transfer to 3PH2: 75%
07-03 01:26:23.590 20076 20076 V NearbyFragment: Transfer to 3PH2: 75%
07-03 01:26:23.598 20076 20076 V NearbyFragment: Transfer to 3PH2: 76%
07-03 01:26:23.607 20076 20076 V NearbyFragment: Transfer to 3PH2: 76%
07-03 01:26:23.614 20076 20076 V NearbyFragment: Transfer to 3PH2: 76%
07-03 01:26:23.623 20076 20076 V NearbyFragment: Transfer to 3PH2: 77%
07-03 01:26:23.630 20076 20076 V NearbyFragment: Transfer to 3PH2: 77%
07-03 01:26:23.637 20076 20076 V NearbyFragment: Transfer to 3PH2: 78%
07-03 01:26:23.645 20076 20076 V NearbyFragment: Transfer to 3PH2: 78%
07-03 01:26:23.652 20076 20076 V NearbyFragment: Transfer to 3PH2: 78%
07-03 01:26:23.660 20076 20076 V NearbyFragment: Transfer to 3PH2: 79%
07-03 01:26:23.664 20076 20076 V NearbyFragment: Transfer to 3PH2: 79%
07-03 01:26:23.668 20076 20076 V NearbyFragment: Transfer to 3PH2: 80%
07-03 01:26:23.673 20076 20076 V NearbyFragment: Transfer to 3PH2: 80%
07-03 01:26:23.678 20076 20076 V NearbyFragment: Transfer to 3PH2: 80%
07-03 01:26:23.683 20076 20076 V NearbyFragment: Transfer to 3PH2: 81%
07-03 01:26:23.688 20076 20076 V NearbyFragment: Transfer to 3PH2: 81%
07-03 01:26:23.692 20076 20076 V NearbyFragment: Transfer to 3PH2: 82%
07-03 01:26:23.697 20076 20076 V NearbyFragment: Transfer to 3PH2: 82%
07-03 01:26:23.701 20076 20076 V NearbyFragment: Transfer to 3PH2: 82%
07-03 01:26:23.706 20076 20076 V NearbyFragment: Transfer to 3PH2: 83%
07-03 01:26:23.710 20076 20076 V NearbyFragment: Transfer to 3PH2: 83%
07-03 01:26:23.714 20076 20076 V NearbyFragment: Transfer to 3PH2: 83%
07-03 01:26:23.718 20076 20076 V NearbyFragment: Transfer to 3PH2: 84%
07-03 01:26:23.722 20076 20076 V NearbyFragment: Transfer to 3PH2: 84%
07-03 01:26:23.728 20076 20076 V NearbyFragment: Transfer to 3PH2: 85%
07-03 01:26:23.738 20076 20076 V NearbyFragment: Transfer to 3PH2: 85%
07-03 01:26:23.745 20076 20076 V NearbyFragment: Transfer to 3PH2: 85%
07-03 01:26:23.749 20076 20076 V NearbyFragment: Transfer to 3PH2: 86%
07-03 01:26:23.785 20076 20076 V NearbyFragment: Transfer to 3PH2: 86%
07-03 01:26:23.794 20076 20076 V NearbyFragment: Transfer to 3PH2: 87%
07-03 01:26:23.819 20076 20076 V NearbyFragment: Transfer to 3PH2: 87%
07-03 01:26:23.832 20076 20076 V NearbyFragment: Transfer to 3PH2: 87%
07-03 01:26:23.849 20076 20076 V NearbyFragment: Transfer to 3PH2: 88%
07-03 01:26:23.872 20076 20076 V NearbyFragment: Transfer to 3PH2: 88%
07-03 01:26:23.890 20076 20076 V NearbyFragment: Transfer to 3PH2: 89%
07-03 01:26:23.896 20076 20076 V NearbyFragment: Transfer to 3PH2: 89%
07-03 01:26:23.900 20076 20076 V NearbyFragment: Transfer to 3PH2: 89%
07-03 01:26:23.938 20076 20076 V NearbyFragment: Transfer to 3PH2: 90%
07-03 01:26:23.943 20076 20076 V NearbyFragment: Transfer to 3PH2: 90%
07-03 01:26:23.948 20076 20076 V NearbyFragment: Transfer to 3PH2: 90%
07-03 01:26:23.977 20076 20076 V NearbyFragment: Transfer to 3PH2: 91%
07-03 01:26:23.984 20076 20076 V NearbyFragment: Transfer to 3PH2: 91%
07-03 01:26:23.989 20076 20076 V NearbyFragment: Transfer to 3PH2: 92%
07-03 01:26:23.993 20076 20076 V NearbyFragment: Transfer to 3PH2: 92%
07-03 01:26:23.999 20076 20076 V NearbyFragment: Transfer to 3PH2: 92%
07-03 01:26:24.004 20076 20076 V NearbyFragment: Transfer to 3PH2: 93%
07-03 01:26:24.011 20076 20076 V NearbyFragment: Transfer to 3PH2: 93%
07-03 01:26:24.017 20076 20076 V NearbyFragment: Transfer to 3PH2: 94%
07-03 01:26:24.022 20076 20076 V NearbyFragment: Transfer to 3PH2: 94%
07-03 01:26:24.040 20076 20076 V NearbyFragment: Transfer to 3PH2: 94%
07-03 01:26:24.063 20076 20076 V NearbyFragment: Transfer to 3PH2: 95%
07-03 01:26:24.071 20076 20076 V NearbyFragment: Transfer to 3PH2: 95%
07-03 01:26:24.075 20076 20076 V NearbyFragment: Transfer to 3PH2: 96%
07-03 01:26:24.084 20076 20076 V NearbyFragment: Transfer to 3PH2: 96%
07-03 01:26:24.089 20076 20076 V NearbyFragment: Transfer to 3PH2: 96%
07-03 01:26:24.097 20076 20076 V NearbyFragment: Transfer to 3PH2: 97%
07-03 01:26:24.105 20076 20076 V NearbyFragment: Transfer to 3PH2: 97%
07-03 01:26:24.129 20076 20076 V NearbyFragment: Transfer to 3PH2: 97%
07-03 01:26:24.137 20076 20076 V NearbyFragment: Transfer to 3PH2: 98%
07-03 01:26:24.145 20076 20076 V NearbyFragment: Transfer to 3PH2: 98%
07-03 01:26:24.160 20076 20076 V NearbyFragment: Transfer to 3PH2: 99%
07-03 01:26:24.177 20076 20076 V NearbyFragment: Transfer to 3PH2: 99%
07-03 01:26:24.182 20076 20076 V NearbyFragment: Transfer to 3PH2: 99%
07-03 01:26:24.183 20076 20076 V NearbyFragment: Transfer to 3PH2: 100%
07-03 01:26:24.195 20076 20076 V NearbyFragment: Transfer to 3PH2: 100%
07-03 01:26:24.196 20076 20076 W NearbyFragment: Completed downloading 20200312_150844!000.mp4 from Endpoint{id=3PH2, name=Nexus 5X [34d8]} in 02.901s
07-03 01:26:24.203 20076 20076 V FileManager: External storage is readable
07-03 01:26:24.206 20076 20076 V FileManager: Created new directory: /storage/emulated/0/Movies/segment-sum/20200312_150844
07-03 01:26:24.207 20076 20076 D NearbyFragment: Summarising 20200312_150844!000.mp4
07-03 01:26:24.207 20076 20076 V VideoManager: Retrieving video from /storage/emulated/0/Download/Nearby/20200312_150844!000.mp4
07-03 01:26:24.226 20076 20076 V VideoManager: videoFromCursor
07-03 01:26:24.232 20076 20076 V ProcessingVideosEventHandler: onAdd
07-03 01:26:24.232 20076 20076 V RawFootageEventHandler: onRemove
07-03 01:26:24.245 20076 20076 V NearbyFragment: Transfer to 3PH2: 100%
07-03 01:26:24.245 20076 20076 V NearbyFragment: Transfer to 3PH2: 100%
07-03 01:26:24.264 20076 20885 V SummariserIntentService: onHandleIntent
07-03 01:26:24.265 20076 20885 D SummariserIntentService: Video{id='137587', data='/storage/emulated/0/Download/Nearby/20200312_150844!000.mp4', name='20200312_150844!000.mp4', size=16852835, visible=true, mimeType='video/mp4'}
07-03 01:26:24.265 20076 20885 D SummariserIntentService: /storage/emulated/0/Movies/segment-sum/20200312_150844/20200312_150844!000.mp4
07-03 01:26:24.269 20076 20732 I mobile-ffmpeg: ffmpeg version v4.3-dev-2955
07-03 01:26:24.269 20076 20732 I mobile-ffmpeg:  Copyright (c) 2000-2020 the FFmpeg developers
07-03 01:26:24.269 20076 20732 I mobile-ffmpeg: 
07-03 01:26:24.270 20076 20732 I mobile-ffmpeg:   built with Android (5900059 based on r365631c) clang version 9.0.8 (https://android.googlesource.com/toolchain/llvm-project 207d7abc1a2abf3ef8d4301736d6a7ebc224a290) (based on LLVM 9.0.8svn)
07-03 01:26:24.270 20076 20732 I mobile-ffmpeg:   configuration: --cross-prefix=aarch64-linux-android- --sysroot=/files/android-sdk/ndk-bundle/toolchains/llvm/prebuilt/linux-x86_64/sysroot --prefix=/home/taner/Projects/mobile-ffmpeg/prebuilt/android-arm64/ffmpeg --pkg-config=/usr/bin/pkg-config --enable-version3 --arch=aarch64 --cpu=armv8-a --cc=aarch64-linux-android24-clang --cxx=aarch64-linux-android24-clang++ --target-os=android --enable-neon --enable-asm --enable-inline-asm --enable-cross-compile --enable-pic --enable-jni --enable-optimizations --enable-swscale --enable-shared --enable-v4l2-m2m --disable-outdev=fbdev --disable-indev=fbdev --enable-small --disable-openssl --disable-xmm-clobber-test --disable-debug --enable-lto --disable-neon-clobber-test --disable-programs --disable-postproc --disable-doc --disable-htmlpages --disable-manpages --disable-podpages --disable-txtpages --disable-static --disable-sndio --disable-schannel --disable-securetransport --disable-xlib --disable-cuda --disable-cuvid --disable-nvenc --disable-vaapi --disable-vdpau --
07-03 01:26:24.270 20076 20732 I mobile-ffmpeg:   libavutil      56. 42.102 / 56. 42.102
07-03 01:26:24.270 20076 20732 I mobile-ffmpeg:   libavcodec     58. 78.102 / 58. 78.102
07-03 01:26:24.270 20076 20732 I mobile-ffmpeg:   libavformat    58. 42.100 / 58. 42.100
07-03 01:26:24.270 20076 20732 I mobile-ffmpeg:   libavdevice    58.  9.103 / 58.  9.103
07-03 01:26:24.270 20076 20732 I mobile-ffmpeg:   libavfilter     7. 77.101 /  7. 77.101
07-03 01:26:24.271 20076 20732 I mobile-ffmpeg:   libswscale      5.  6.101 /  5.  6.101
07-03 01:26:24.271 20076 20732 I mobile-ffmpeg:   libswresample   3.  6.100 /  3.  6.100
07-03 01:26:24.334 20076 20732 I mobile-ffmpeg: Input #0, mov,mp4,m4a,3gp,3g2,mj2, from '/storage/emulated/0/Download/Nearby/20200312_150844!000.mp4':
07-03 01:26:24.335 20076 20732 I mobile-ffmpeg:   Metadata:
07-03 01:26:24.335 20076 20732 I mobile-ffmpeg:     major_brand     : 
07-03 01:26:24.335 20076 20732 I mobile-ffmpeg: isom
07-03 01:26:24.335 20076 20732 I mobile-ffmpeg: 
07-03 01:26:24.335 20076 20732 I mobile-ffmpeg:     minor_version   : 
07-03 01:26:24.335 20076 20732 I mobile-ffmpeg: 512
07-03 01:26:24.335 20076 20732 I mobile-ffmpeg: 
07-03 01:26:24.336 20076 20732 I mobile-ffmpeg:     compatible_brands: 
07-03 01:26:24.336 20076 20732 I mobile-ffmpeg: isomiso2avc1mp41
07-03 01:26:24.336 20076 20732 I mobile-ffmpeg: 
07-03 01:26:24.336 20076 20732 I mobile-ffmpeg:     encoder         : 
07-03 01:26:24.336 20076 20732 I mobile-ffmpeg: Lavf58.42.100
07-03 01:26:24.337 20076 20732 I mobile-ffmpeg: 
07-03 01:26:24.337 20076 20732 I mobile-ffmpeg:   Duration: 
07-03 01:26:24.337 20076 20732 I mobile-ffmpeg: 00:00:16.06
07-03 01:26:24.337 20076 20732 I mobile-ffmpeg: , start: 
07-03 01:26:24.337 20076 20732 I mobile-ffmpeg: 0.000000
07-03 01:26:24.337 20076 20732 I mobile-ffmpeg: , bitrate: 
07-03 01:26:24.337 20076 20732 I mobile-ffmpeg: 8393 kb/s
07-03 01:26:24.337 20076 20732 I mobile-ffmpeg: 
07-03 01:26:24.337 20076 20732 I mobile-ffmpeg:     Stream #0:0
07-03 01:26:24.338 20076 20732 I mobile-ffmpeg: (eng)
07-03 01:26:24.338 20076 20732 I mobile-ffmpeg: : Video: h264 (avc1 / 0x31637661), yuvj420p(pc, bt709), 1280x720, 8366 kb/s
07-03 01:26:24.338 20076 20732 I mobile-ffmpeg: , 
07-03 01:26:24.338 20076 20732 I mobile-ffmpeg: 29.97 fps, 
07-03 01:26:24.338 20076 20732 I mobile-ffmpeg: 29.97 tbr, 
07-03 01:26:24.338 20076 20732 I mobile-ffmpeg: 16k tbn, 
07-03 01:26:24.338 20076 20732 I mobile-ffmpeg: 32k tbc
07-03 01:26:24.339 20076 20732 I mobile-ffmpeg:  (default)
07-03 01:26:24.339 20076 20732 I mobile-ffmpeg: 
07-03 01:26:24.339 20076 20732 I mobile-ffmpeg:     Metadata:
07-03 01:26:24.339 20076 20732 I mobile-ffmpeg:       handler_name    : 
07-03 01:26:24.339 20076 20732 I mobile-ffmpeg: PittaSoft Video Media Handler
07-03 01:26:24.339 20076 20732 I mobile-ffmpeg: 
07-03 01:26:24.340 20076 20732 I mobile-ffmpeg:     Stream #0:1
07-03 01:26:24.340 20076 20732 I mobile-ffmpeg: (eng)
07-03 01:26:24.340 20076 20732 I mobile-ffmpeg: : Audio: aac (mp4a / 0x6134706D), 16000 Hz, stereo, fltp, 47 kb/s
07-03 01:26:24.340 20076 20732 I mobile-ffmpeg:  (default)
07-03 01:26:24.340 20076 20732 I mobile-ffmpeg: 
07-03 01:26:24.341 20076 20732 I mobile-ffmpeg:     Metadata:
07-03 01:26:24.341 20076 20732 I mobile-ffmpeg:       handler_name    : 
07-03 01:26:24.341 20076 20732 I mobile-ffmpeg: PittaSoft Sound Media Handler
07-03 01:26:24.341 20076 20732 I mobile-ffmpeg: 
07-03 01:26:24.347 20076 20732 I mobile-ffmpeg: Stream mapping:
07-03 01:26:24.347 20076 20732 I mobile-ffmpeg:   Stream #0:0 -> #0:0
07-03 01:26:24.347 20076 20732 I mobile-ffmpeg:  (h264 (native) -> wrapped_avframe (native))
07-03 01:26:24.348 20076 20732 I mobile-ffmpeg: 
07-03 01:26:24.348 20076 20732 I mobile-ffmpeg:   Stream #0:1 -> #0:1
07-03 01:26:24.348 20076 20732 I mobile-ffmpeg:  (aac (native) -> pcm_s16le (native))
07-03 01:26:24.348 20076 20732 I mobile-ffmpeg: 
07-03 01:26:24.348 20076 20732 I mobile-ffmpeg: Press [q] to stop, [?] for help
07-03 01:26:24.349 20076 20732 I mobile-ffmpeg: frame=    0 fps=0.0 q=0.0 size=N/A time=-577014:32:22.77 bitrate=N/A speed=N/A    
07-03 01:26:24.450 20076 20732 W mobile-ffmpeg: [graph 0 input from stream 0:0 @ 0x7037170780] sws_param option is deprecated and ignored
07-03 01:26:24.450 20076 20732 I mobile-ffmpeg: Output #0, null, to 'pipe:':
07-03 01:26:24.451 20076 20732 I mobile-ffmpeg:   Metadata:
07-03 01:26:24.451 20076 20732 I mobile-ffmpeg:     major_brand     : 
07-03 01:26:24.451 20076 20732 I mobile-ffmpeg: isom
07-03 01:26:24.451 20076 20732 I mobile-ffmpeg: 
07-03 01:26:24.451 20076 20732 I mobile-ffmpeg:     minor_version   : 
07-03 01:26:24.452 20076 20732 I mobile-ffmpeg: 512
07-03 01:26:24.452 20076 20732 I mobile-ffmpeg: 
07-03 01:26:24.452 20076 20732 I mobile-ffmpeg:     compatible_brands: 
07-03 01:26:24.452 20076 20732 I mobile-ffmpeg: isomiso2avc1mp41
07-03 01:26:24.452 20076 20732 I mobile-ffmpeg: 
07-03 01:26:24.452 20076 20732 I mobile-ffmpeg:     encoder         : 
07-03 01:26:24.452 20076 20732 I mobile-ffmpeg: Lavf58.42.100
07-03 01:26:24.453 20076 20732 I mobile-ffmpeg: 
07-03 01:26:24.453 20076 20732 I mobile-ffmpeg:     Stream #0:0
07-03 01:26:24.453 20076 20732 I mobile-ffmpeg: (eng)
07-03 01:26:24.453 20076 20732 I mobile-ffmpeg: : Video: wrapped_avframe, yuvj420p, 1280x720, q=2-31, 200 kb/s
07-03 01:26:24.453 20076 20732 I mobile-ffmpeg: , 
07-03 01:26:24.453 20076 20732 I mobile-ffmpeg: 29.97 fps, 
07-03 01:26:24.453 20076 20732 I mobile-ffmpeg: 29.97 tbn, 
07-03 01:26:24.453 20076 20732 I mobile-ffmpeg: 29.97 tbc
07-03 01:26:24.453 20076 20732 I mobile-ffmpeg:  (default)
07-03 01:26:24.453 20076 20732 I mobile-ffmpeg: 
07-03 01:26:24.453 20076 20732 I mobile-ffmpeg:     Metadata:
07-03 01:26:24.454 20076 20732 I mobile-ffmpeg:       handler_name    : 
07-03 01:26:24.454 20076 20732 I mobile-ffmpeg: PittaSoft Video Media Handler
07-03 01:26:24.454 20076 20732 I mobile-ffmpeg: 
07-03 01:26:24.454 20076 20732 I mobile-ffmpeg:       encoder         : 
07-03 01:26:24.454 20076 20732 I mobile-ffmpeg: Lavc58.78.102 wrapped_avframe
07-03 01:26:24.454 20076 20732 I mobile-ffmpeg: 
07-03 01:26:24.454 20076 20732 I mobile-ffmpeg:     Stream #0:1
07-03 01:26:24.454 20076 20732 I mobile-ffmpeg: (eng)
07-03 01:26:24.454 20076 20732 I mobile-ffmpeg: : Audio: pcm_s16le, 16000 Hz, stereo, s16, 512 kb/s
07-03 01:26:24.454 20076 20732 I mobile-ffmpeg:  (default)
07-03 01:26:24.454 20076 20732 I mobile-ffmpeg: 
07-03 01:26:24.454 20076 20732 I mobile-ffmpeg:     Metadata:
07-03 01:26:24.454 20076 20732 I mobile-ffmpeg:       handler_name    : 
07-03 01:26:24.455 20076 20732 I mobile-ffmpeg: PittaSoft Sound Media Handler
07-03 01:26:24.455 20076 20732 I mobile-ffmpeg: 
07-03 01:26:24.455 20076 20732 I mobile-ffmpeg:       encoder         : 
07-03 01:26:24.455 20076 20732 I mobile-ffmpeg: Lavc58.78.102 pcm_s16le
07-03 01:26:24.455 20076 20732 I mobile-ffmpeg: 
07-03 01:26:24.858 20076 20732 I mobile-ffmpeg: frame=   83 fps=0.0 q=-0.0 size=N/A time=00:00:03.00 bitrate=N/A speed=5.95x    
07-03 01:26:25.354 20076 20732 I mobile-ffmpeg: frame=  205 fps=204 q=-0.0 size=N/A time=00:00:07.16 bitrate=N/A speed=7.12x    
07-03 01:26:25.862 20076 20732 I mobile-ffmpeg: frame=  347 fps=230 q=-0.0 size=N/A time=00:00:11.83 bitrate=N/A speed=7.85x    
07-03 01:26:26.358 20076 20732 I mobile-ffmpeg: frame=  477 fps=237 q=-0.0 size=N/A time=00:00:16.06 bitrate=N/A speed=7.99x    
07-03 01:26:26.372 20076 20732 I mobile-ffmpeg: frame=  480 fps=237 q=-0.0 Lsize=N/A time=00:00:16.06 bitrate=N/A speed=7.93x    
07-03 01:26:26.372 20076 20732 I mobile-ffmpeg: video:251kB audio:1004kB subtitle:0kB other streams:0kB global headers:0kB muxing overhead: 
07-03 01:26:26.373 20076 20732 I mobile-ffmpeg: unknown
07-03 01:26:26.373 20076 20732 I mobile-ffmpeg: 
07-03 01:26:26.376 20076 20885 D Summariser: No freeze file
07-03 01:26:26.376 20076 20885 W Summariser: Whole video is active
07-03 01:26:26.839 20076 20732 I mobile-ffmpeg: Input #0, mov,mp4,m4a,3gp,3g2,mj2, from '/storage/emulated/0/Download/Nearby/20200312_150844!000.mp4':
07-03 01:26:26.839 20076 20732 I mobile-ffmpeg:   Metadata:
07-03 01:26:26.839 20076 20732 I mobile-ffmpeg:     major_brand     : 
07-03 01:26:26.839 20076 20732 I mobile-ffmpeg: isom
07-03 01:26:26.839 20076 20732 I mobile-ffmpeg: 
07-03 01:26:26.839 20076 20732 I mobile-ffmpeg:     minor_version   : 
07-03 01:26:26.839 20076 20732 I mobile-ffmpeg: 512
07-03 01:26:26.839 20076 20732 I mobile-ffmpeg: 
07-03 01:26:26.839 20076 20732 I mobile-ffmpeg:     compatible_brands: 
07-03 01:26:26.839 20076 20732 I mobile-ffmpeg: isomiso2avc1mp41
07-03 01:26:26.839 20076 20732 I mobile-ffmpeg: 
07-03 01:26:26.839 20076 20732 I mobile-ffmpeg:     encoder         : 
07-03 01:26:26.839 20076 20732 I mobile-ffmpeg: Lavf58.42.100
07-03 01:26:26.839 20076 20732 I mobile-ffmpeg: 
07-03 01:26:26.840 20076 20732 I mobile-ffmpeg:   Duration: 
07-03 01:26:26.840 20076 20732 I mobile-ffmpeg: 00:00:16.06
07-03 01:26:26.840 20076 20732 I mobile-ffmpeg: , start: 
07-03 01:26:26.840 20076 20732 I mobile-ffmpeg: 0.000000
07-03 01:26:26.840 20076 20732 I mobile-ffmpeg: , bitrate: 
07-03 01:26:26.840 20076 20732 I mobile-ffmpeg: 8393 kb/s
07-03 01:26:26.840 20076 20732 I mobile-ffmpeg: 
07-03 01:26:26.840 20076 20732 I mobile-ffmpeg:     Stream #0:0
07-03 01:26:26.840 20076 20732 I mobile-ffmpeg: (eng)
07-03 01:26:26.840 20076 20732 I mobile-ffmpeg: : Video: h264 (avc1 / 0x31637661), yuvj420p(pc, bt709), 1280x720, 8366 kb/s
07-03 01:26:26.840 20076 20732 I mobile-ffmpeg: , 
07-03 01:26:26.840 20076 20732 I mobile-ffmpeg: 29.97 fps, 
07-03 01:26:26.840 20076 20732 I mobile-ffmpeg: 29.97 tbr, 
07-03 01:26:26.840 20076 20732 I mobile-ffmpeg: 16k tbn, 
07-03 01:26:26.840 20076 20732 I mobile-ffmpeg: 32k tbc
07-03 01:26:26.840 20076 20732 I mobile-ffmpeg:  (default)
07-03 01:26:26.840 20076 20732 I mobile-ffmpeg: 
07-03 01:26:26.840 20076 20732 I mobile-ffmpeg:     Metadata:
07-03 01:26:26.840 20076 20732 I mobile-ffmpeg:       handler_name    : 
07-03 01:26:26.840 20076 20732 I mobile-ffmpeg: PittaSoft Video Media Handler
07-03 01:26:26.840 20076 20732 I mobile-ffmpeg: 
07-03 01:26:26.840 20076 20732 I mobile-ffmpeg:     Stream #0:1
07-03 01:26:26.840 20076 20732 I mobile-ffmpeg: (eng)
07-03 01:26:26.840 20076 20732 I mobile-ffmpeg: : Audio: aac (mp4a / 0x6134706D), 16000 Hz, stereo, fltp, 47 kb/s
07-03 01:26:26.840 20076 20732 I mobile-ffmpeg:  (default)
07-03 01:26:26.840 20076 20732 I mobile-ffmpeg: 
07-03 01:26:26.840 20076 20732 I mobile-ffmpeg:     Metadata:
07-03 01:26:26.840 20076 20732 I mobile-ffmpeg:       handler_name    : 
07-03 01:26:26.840 20076 20732 I mobile-ffmpeg: PittaSoft Sound Media Handler
07-03 01:26:26.840 20076 20732 I mobile-ffmpeg: 
07-03 01:26:26.866 20076 20732 I mobile-ffmpeg: Input #0, mov,mp4,m4a,3gp,3g2,mj2, from '/storage/emulated/0/Movies/segment-sum/20200312_150844/20200312_150844!000.mp4':
07-03 01:26:26.866 20076 20732 I mobile-ffmpeg:   Metadata:
07-03 01:26:26.866 20076 20732 I mobile-ffmpeg:     major_brand     : 
07-03 01:26:26.866 20076 20732 I mobile-ffmpeg: isom
07-03 01:26:26.866 20076 20732 I mobile-ffmpeg: 
07-03 01:26:26.866 20076 20732 I mobile-ffmpeg:     minor_version   : 
07-03 01:26:26.866 20076 20732 I mobile-ffmpeg: 512
07-03 01:26:26.866 20076 20732 I mobile-ffmpeg: 
07-03 01:26:26.866 20076 20732 I mobile-ffmpeg:     compatible_brands: 
07-03 01:26:26.866 20076 20732 I mobile-ffmpeg: isomiso2avc1mp41
07-03 01:26:26.866 20076 20732 I mobile-ffmpeg: 
07-03 01:26:26.866 20076 20732 I mobile-ffmpeg:     encoder         : 
07-03 01:26:26.866 20076 20732 I mobile-ffmpeg: Lavf58.42.100
07-03 01:26:26.866 20076 20732 I mobile-ffmpeg: 
07-03 01:26:26.866 20076 20732 I mobile-ffmpeg:   Duration: 
07-03 01:26:26.866 20076 20732 I mobile-ffmpeg: 00:00:16.06
07-03 01:26:26.866 20076 20732 I mobile-ffmpeg: , start: 
07-03 01:26:26.867 20076 20732 I mobile-ffmpeg: 0.000000
07-03 01:26:26.867 20076 20732 I mobile-ffmpeg: , bitrate: 
07-03 01:26:26.867 20076 20732 I mobile-ffmpeg: 8393 kb/s
07-03 01:26:26.867 20076 20732 I mobile-ffmpeg: 
07-03 01:26:26.867 20076 20732 I mobile-ffmpeg:     Stream #0:0
07-03 01:26:26.867 20076 20732 I mobile-ffmpeg: (eng)
07-03 01:26:26.867 20076 20732 I mobile-ffmpeg: : Video: h264 (avc1 / 0x31637661), yuvj420p(pc, bt709), 1280x720, 8366 kb/s
07-03 01:26:26.867 20076 20732 I mobile-ffmpeg: , 
07-03 01:26:26.867 20076 20732 I mobile-ffmpeg: 29.97 fps, 
07-03 01:26:26.867 20076 20732 I mobile-ffmpeg: 29.97 tbr, 
07-03 01:26:26.867 20076 20732 I mobile-ffmpeg: 16k tbn, 
07-03 01:26:26.867 20076 20732 I mobile-ffmpeg: 32k tbc
07-03 01:26:26.867 20076 20732 I mobile-ffmpeg:  (default)
07-03 01:26:26.867 20076 20732 I mobile-ffmpeg: 
07-03 01:26:26.867 20076 20732 I mobile-ffmpeg:     Metadata:
07-03 01:26:26.867 20076 20732 I mobile-ffmpeg:       handler_name    : 
07-03 01:26:26.867 20076 20732 I mobile-ffmpeg: PittaSoft Video Media Handler
07-03 01:26:26.867 20076 20732 I mobile-ffmpeg: 
07-03 01:26:26.867 20076 20732 I mobile-ffmpeg:     Stream #0:1
07-03 01:26:26.867 20076 20732 I mobile-ffmpeg: (eng)
07-03 01:26:26.867 20076 20732 I mobile-ffmpeg: : Audio: aac (mp4a / 0x6134706D), 16000 Hz, stereo, fltp, 47 kb/s
07-03 01:26:26.867 20076 20732 I mobile-ffmpeg:  (default)
07-03 01:26:26.867 20076 20732 I mobile-ffmpeg: 
07-03 01:26:26.867 20076 20732 I mobile-ffmpeg:     Metadata:
07-03 01:26:26.867 20076 20732 I mobile-ffmpeg:       handler_name    : 
07-03 01:26:26.867 20076 20732 I mobile-ffmpeg: PittaSoft Sound Media Handler
07-03 01:26:26.867 20076 20732 I mobile-ffmpeg: 
07-03 01:26:26.871 20076 20885 W Summariser: Summarisation completed
07-03 01:26:26.871 20076 20885 W Summariser:   filename: 20200312_150844!000.mp4
07-03 01:26:26.871 20076 20885 W Summariser:   active sections: -1
07-03 01:26:26.871 20076 20885 W Summariser:   time: 02.551s
07-03 01:26:26.871 20076 20885 W Summariser:   original duration: 16.06
07-03 01:26:26.871 20076 20885 W Summariser:   summarised duration: 16.06
07-03 01:26:26.871 20076 20885 W Summariser:   noise tolerance: 45.00
07-03 01:26:26.871 20076 20885 W Summariser:   quality: 23
07-03 01:26:26.871 20076 20885 W Summariser:   speed: medium
07-03 01:26:26.871 20076 20885 W Summariser:   freeze duration: 1.00
07-03 01:26:26.871 20076 20885 V VideoManager: Retrieving video from /storage/emulated/0/Movies/segment-sum/20200312_150844/20200312_150844!000.mp4
07-03 01:26:26.883 20076 20885 V VideoManager: videoFromCursor
07-03 01:26:26.886 20076 20885 W NearbyFragment: Sending 20200312_150844!000.mp4 to Nexus 5X [34d8]
07-03 01:26:26.887 20076 20885 V ProcessingVideosEventHandler: onRemove
07-03 01:26:26.909 20076 20076 V NearbyFragment: Transfer to 3PH2: 100%
07-03 01:26:26.909 20076 20076 V NearbyFragment: Transfer to 3PH2: 100%
07-03 01:26:26.917 20076 20076 V NearbyFragment: Transfer to 3PH2: 0%
07-03 01:26:26.918 20076 20076 V NearbyFragment: Transfer to 3PH2: 0%
07-03 01:26:26.919 20076 20076 V NearbyFragment: Transfer to 3PH2: 1%
07-03 01:26:26.923 20076 20076 V NearbyFragment: Transfer to 3PH2: 1%
07-03 01:26:26.924 20076 20076 V NearbyFragment: Transfer to 3PH2: 1%
07-03 01:26:26.968 20076 20850 D SummariserIntentService: Scanned /storage/emulated/0/Movies/summarised
07-03 01:26:26.968 20076 20850 D SummariserIntentService:   -> uri=content://media/external/file/137582
07-03 01:26:26.983 20076 20076 D NearbyFragment: onPayloadReceived(endpointId=3PH2, payload=com.google.android.gms.nearby.connection.Payload@742ccbf)
07-03 01:26:26.984 20076 20076 V NearbyFragment: Started downloading SUMMARISE_SEGMENT:-7404977561860128454:20200312_150844!002.mp4:45.0_1.0_23_medium from Endpoint{id=3PH2, name=Nexus 5X [34d8]}
07-03 01:26:26.985 20076 20076 V NearbyFragment: Transfer to 3PH2: 100%
07-03 01:26:27.020 20076 20076 V NearbyFragment: Transfer to 3PH2: 2%
07-03 01:26:27.021 20076 20076 V NearbyFragment: Transfer to 3PH2: 100%
07-03 01:26:27.111 20076 20076 V NearbyFragment: Transfer to 3PH2: 2%
07-03 01:26:27.118 20076 20076 V NearbyFragment: Transfer to 3PH2: 3%
07-03 01:26:27.123 20076 20076 V NearbyFragment: Transfer to 3PH2: 3%
07-03 01:26:27.151 20076 20076 V NearbyFragment: Transfer to 3PH2: 3%
07-03 01:26:27.156 20076 20076 V NearbyFragment: Transfer to 3PH2: 4%
07-03 01:26:27.166 20076 20076 V NearbyFragment: Transfer to 3PH2: 4%
07-03 01:26:27.172 20076 20076 V NearbyFragment: Transfer to 3PH2: 5%
07-03 01:26:27.179 20076 20076 V NearbyFragment: Transfer to 3PH2: 5%
07-03 01:26:27.185 20076 20076 V NearbyFragment: Transfer to 3PH2: 5%
07-03 01:26:27.193 20076 20076 V NearbyFragment: Transfer to 3PH2: 6%
07-03 01:26:27.200 20076 20076 V NearbyFragment: Transfer to 3PH2: 6%
07-03 01:26:27.206 20076 20076 V NearbyFragment: Transfer to 3PH2: 6%
07-03 01:26:27.213 20076 20076 V NearbyFragment: Transfer to 3PH2: 7%
07-03 01:26:27.218 20076 20076 V NearbyFragment: Transfer to 3PH2: 7%
07-03 01:26:27.224 20076 20076 V NearbyFragment: Transfer to 3PH2: 8%
07-03 01:26:27.231 20076 20076 V NearbyFragment: Transfer to 3PH2: 8%
07-03 01:26:27.235 20076 20076 V NearbyFragment: Transfer to 3PH2: 8%
07-03 01:26:27.241 20076 20076 V NearbyFragment: Transfer to 3PH2: 9%
07-03 01:26:27.250 20076 20076 V NearbyFragment: Transfer to 3PH2: 9%
07-03 01:26:27.281 20076 20076 V NearbyFragment: Transfer to 3PH2: 10%
07-03 01:26:27.285 20076 20076 V NearbyFragment: Transfer to 3PH2: 10%
07-03 01:26:27.288 20076 20076 V NearbyFragment: Transfer to 3PH2: 10%
07-03 01:26:27.291 20076 20076 V NearbyFragment: Transfer to 3PH2: 11%
07-03 01:26:27.294 20076 20076 V NearbyFragment: Transfer to 3PH2: 11%
07-03 01:26:27.298 20076 20076 V NearbyFragment: Transfer to 3PH2: 12%
07-03 01:26:27.302 20076 20076 V NearbyFragment: Transfer to 3PH2: 12%
07-03 01:26:27.305 20076 20076 V NearbyFragment: Transfer to 3PH2: 12%
07-03 01:26:27.309 20076 20076 V NearbyFragment: Transfer to 3PH2: 13%
07-03 01:26:27.312 20076 20076 V NearbyFragment: Transfer to 3PH2: 13%
07-03 01:26:27.316 20076 20076 V NearbyFragment: Transfer to 3PH2: 13%
07-03 01:26:27.319 20076 20076 V NearbyFragment: Transfer to 3PH2: 14%
07-03 01:26:27.322 20076 20076 V NearbyFragment: Transfer to 3PH2: 14%
07-03 01:26:27.326 20076 20076 V NearbyFragment: Transfer to 3PH2: 15%
07-03 01:26:27.330 20076 20076 V NearbyFragment: Transfer to 3PH2: 15%
07-03 01:26:27.333 20076 20076 V NearbyFragment: Transfer to 3PH2: 15%
07-03 01:26:27.336 20076 20076 V NearbyFragment: Transfer to 3PH2: 16%
07-03 01:26:27.340 20076 20076 V NearbyFragment: Transfer to 3PH2: 16%
07-03 01:26:27.343 20076 20076 V NearbyFragment: Transfer to 3PH2: 17%
07-03 01:26:27.346 20076 20076 V NearbyFragment: Transfer to 3PH2: 17%
07-03 01:26:27.350 20076 20076 V NearbyFragment: Transfer to 3PH2: 17%
07-03 01:26:27.352 20076 20076 V NearbyFragment: Transfer to 3PH2: 18%
07-03 01:26:27.355 20076 20076 V NearbyFragment: Transfer to 3PH2: 18%
07-03 01:26:27.358 20076 20076 V NearbyFragment: Transfer to 3PH2: 19%
07-03 01:26:27.361 20076 20076 V NearbyFragment: Transfer to 3PH2: 19%
07-03 01:26:27.666 20076 20076 V NearbyFragment: Transfer to 3PH2: 19%
07-03 01:26:27.671 20076 20076 V NearbyFragment: Transfer to 3PH2: 20%
07-03 01:26:27.676 20076 20076 V NearbyFragment: Transfer to 3PH2: 20%
07-03 01:26:27.681 20076 20076 V NearbyFragment: Transfer to 3PH2: 20%
07-03 01:26:27.687 20076 20076 V NearbyFragment: Transfer to 3PH2: 21%
07-03 01:26:27.691 20076 20076 V NearbyFragment: Transfer to 3PH2: 21%
07-03 01:26:27.693 20076 20076 V NearbyFragment: Transfer to 3PH2: 22%
07-03 01:26:27.696 20076 20076 V NearbyFragment: Transfer to 3PH2: 22%
07-03 01:26:27.699 20076 20076 V NearbyFragment: Transfer to 3PH2: 22%
07-03 01:26:27.703 20076 20076 V NearbyFragment: Transfer to 3PH2: 23%
07-03 01:26:27.706 20076 20076 V NearbyFragment: Transfer to 3PH2: 23%
07-03 01:26:27.709 20076 20076 V NearbyFragment: Transfer to 3PH2: 24%
07-03 01:26:27.715 20076 20076 V NearbyFragment: Transfer to 3PH2: 24%
07-03 01:26:27.718 20076 20076 V NearbyFragment: Transfer to 3PH2: 24%
07-03 01:26:27.727 20076 20076 V NearbyFragment: Transfer to 3PH2: 25%
07-03 01:26:27.728 20076 20076 V NearbyFragment: Transfer to 3PH2: 25%
07-03 01:26:27.729 20076 20076 V NearbyFragment: Transfer to 3PH2: 26%
07-03 01:26:27.732 20076 20076 V NearbyFragment: Transfer to 3PH2: 26%
07-03 01:26:27.735 20076 20076 V NearbyFragment: Transfer to 3PH2: 26%
07-03 01:26:27.738 20076 20076 V NearbyFragment: Transfer to 3PH2: 27%
07-03 01:26:27.742 20076 20076 V NearbyFragment: Transfer to 3PH2: 27%
07-03 01:26:27.745 20076 20076 V NearbyFragment: Transfer to 3PH2: 27%
07-03 01:26:27.750 20076 20076 V NearbyFragment: Transfer to 3PH2: 28%
07-03 01:26:27.753 20076 20076 V NearbyFragment: Transfer to 3PH2: 28%
07-03 01:26:27.756 20076 20076 V NearbyFragment: Transfer to 3PH2: 29%
07-03 01:26:27.762 20076 20076 V NearbyFragment: Transfer to 3PH2: 29%
07-03 01:26:27.763 20076 20076 V NearbyFragment: Transfer to 3PH2: 29%
07-03 01:26:27.767 20076 20076 V NearbyFragment: Transfer to 3PH2: 30%
07-03 01:26:27.769 20076 20085 W System  : A resource failed to call close. 
07-03 01:26:27.769 20076 20076 V NearbyFragment: Transfer to 3PH2: 30%
07-03 01:26:27.769 20076 20085 W System  : A resource failed to call close. 
07-03 01:26:27.770 20076 20085 I chatty  : uid=10568(com.example.edgesum) FinalizerDaemon identical 2 lines
07-03 01:26:27.771 20076 20085 W System  : A resource failed to call close. 
07-03 01:26:27.771 20076 20085 W System  : A resource failed to call close. 
07-03 01:26:27.772 20076 20076 V NearbyFragment: Transfer to 3PH2: 31%
07-03 01:26:27.772 20076 20085 W System  : A resource failed to call close. 
07-03 01:26:27.775 20076 20085 I chatty  : uid=10568(com.example.edgesum) FinalizerDaemon identical 7 lines
07-03 01:26:27.776 20076 20085 W System  : A resource failed to call close. 
07-03 01:26:27.821 20076 20076 V NearbyFragment: Transfer to 3PH2: 31%
07-03 01:26:27.826 20076 20076 V NearbyFragment: Transfer to 3PH2: 31%
07-03 01:26:27.831 20076 20076 V NearbyFragment: Transfer to 3PH2: 32%
07-03 01:26:27.836 20076 20076 V NearbyFragment: Transfer to 3PH2: 32%
07-03 01:26:27.841 20076 20076 V NearbyFragment: Transfer to 3PH2: 33%
07-03 01:26:27.847 20076 20076 V NearbyFragment: Transfer to 3PH2: 33%
07-03 01:26:27.853 20076 20076 V NearbyFragment: Transfer to 3PH2: 33%
07-03 01:26:27.854 20076 20076 V NearbyFragment: Transfer to 3PH2: 34%
07-03 01:26:27.858 20076 20076 V NearbyFragment: Transfer to 3PH2: 34%
07-03 01:26:27.865 20076 20076 V NearbyFragment: Transfer to 3PH2: 34%
07-03 01:26:27.870 20076 20076 V NearbyFragment: Transfer to 3PH2: 35%
07-03 01:26:27.873 20076 20076 V NearbyFragment: Transfer to 3PH2: 35%
07-03 01:26:27.877 20076 20076 V NearbyFragment: Transfer to 3PH2: 36%
07-03 01:26:27.880 20076 20076 V NearbyFragment: Transfer to 3PH2: 36%
07-03 01:26:27.885 20076 20076 V NearbyFragment: Transfer to 3PH2: 36%
07-03 01:26:27.888 20076 20076 V NearbyFragment: Transfer to 3PH2: 37%
07-03 01:26:27.891 20076 20076 V NearbyFragment: Transfer to 3PH2: 37%
07-03 01:26:27.895 20076 20076 V NearbyFragment: Transfer to 3PH2: 38%
07-03 01:26:27.899 20076 20076 V NearbyFragment: Transfer to 3PH2: 38%
07-03 01:26:27.902 20076 20076 V NearbyFragment: Transfer to 3PH2: 38%
07-03 01:26:27.907 20076 20076 V NearbyFragment: Transfer to 3PH2: 39%
07-03 01:26:27.913 20076 20076 V NearbyFragment: Transfer to 3PH2: 39%
07-03 01:26:27.914 20076 20076 V NearbyFragment: Transfer to 3PH2: 40%
07-03 01:26:27.917 20076 20076 V NearbyFragment: Transfer to 3PH2: 40%
07-03 01:26:27.928 20076 20076 V NearbyFragment: Transfer to 3PH2: 40%
07-03 01:26:27.929 20076 20076 V NearbyFragment: Transfer to 3PH2: 41%
07-03 01:26:27.929 20076 20076 V NearbyFragment: Transfer to 3PH2: 41%
07-03 01:26:27.955 20076 20076 V NearbyFragment: Transfer to 3PH2: 41%
07-03 01:26:27.958 20076 20076 V NearbyFragment: Transfer to 3PH2: 42%
07-03 01:26:27.962 20076 20076 V NearbyFragment: Transfer to 3PH2: 42%
07-03 01:26:27.965 20076 20076 V NearbyFragment: Transfer to 3PH2: 43%
07-03 01:26:27.969 20076 20076 V NearbyFragment: Transfer to 3PH2: 43%
07-03 01:26:27.972 20076 20076 V NearbyFragment: Transfer to 3PH2: 43%
07-03 01:26:27.975 20076 20076 V NearbyFragment: Transfer to 3PH2: 44%
07-03 01:26:28.087 20076 20076 V NearbyFragment: Transfer to 3PH2: 44%
07-03 01:26:28.093 20076 20076 V NearbyFragment: Transfer to 3PH2: 45%
07-03 01:26:28.099 20076 20076 V NearbyFragment: Transfer to 3PH2: 45%
07-03 01:26:28.107 20076 20076 V NearbyFragment: Transfer to 3PH2: 45%
07-03 01:26:28.112 20076 20076 V NearbyFragment: Transfer to 3PH2: 46%
07-03 01:26:28.115 20076 20076 V NearbyFragment: Transfer to 3PH2: 46%
07-03 01:26:28.118 20076 20076 V NearbyFragment: Transfer to 3PH2: 47%
07-03 01:26:28.123 20076 20076 V NearbyFragment: Transfer to 3PH2: 47%
07-03 01:26:28.126 20076 20076 V NearbyFragment: Transfer to 3PH2: 47%
07-03 01:26:28.130 20076 20076 V NearbyFragment: Transfer to 3PH2: 48%
07-03 01:26:28.134 20076 20076 V NearbyFragment: Transfer to 3PH2: 48%
07-03 01:26:28.138 20076 20076 V NearbyFragment: Transfer to 3PH2: 48%
07-03 01:26:28.140 20076 20076 V NearbyFragment: Transfer to 3PH2: 49%
07-03 01:26:28.144 20076 20076 V NearbyFragment: Transfer to 3PH2: 49%
07-03 01:26:28.147 20076 20076 V NearbyFragment: Transfer to 3PH2: 50%
07-03 01:26:28.150 20076 20076 V NearbyFragment: Transfer to 3PH2: 50%
07-03 01:26:28.154 20076 20076 V NearbyFragment: Transfer to 3PH2: 50%
07-03 01:26:28.158 20076 20076 V NearbyFragment: Transfer to 3PH2: 51%
07-03 01:26:28.161 20076 20076 V NearbyFragment: Transfer to 3PH2: 51%
07-03 01:26:28.164 20076 20076 V NearbyFragment: Transfer to 3PH2: 52%
07-03 01:26:28.166 20076 20076 V NearbyFragment: Transfer to 3PH2: 52%
07-03 01:26:28.212 20076 20076 V NearbyFragment: Transfer to 3PH2: 52%
