07-05 19:57:18.144  8481  8481 D NearbyFragment: onPayloadReceived(endpointId=vMbk, payload=com.google.android.gms.nearby.connection.Payload@800b803)
07-05 19:57:18.145  8481  8481 V NearbyFragment: Started downloading SUMMARISE:-5143113668020333755:20200312_194330.mp4:45.0_1.0_23_medium from Endpoint{id=vMbk, name=Galaxy S8 [2802]}
07-05 19:57:18.146  8481  8481 V NearbyFragment: Transfer to Endpoint{id=vMbk, name=Galaxy S8 [2802]} complete
07-05 19:57:18.192  8481  8481 D NearbyFragment: onPayloadReceived(endpointId=vMbk, payload=com.google.android.gms.nearby.connection.Payload@5b17380)
07-05 19:57:36.027  8481  8481 V NearbyFragment: Transfer to Endpoint{id=vMbk, name=Galaxy S8 [2802]} complete
07-05 19:57:36.028  8481  8481 W NearbyFragment: Completed downloading 20200312_194330.mp4 from Endpoint{id=vMbk, name=Galaxy S8 [2802]} in 17.881s
07-05 19:57:36.042  8481  8481 D NearbyFragment: Summarising 20200312_194330.mp4
07-05 19:57:36.042  8481  8481 V VideoManager: Retrieving video from /storage/emulated/0/Download/Nearby/20200312_194330.mp4
07-05 19:57:36.058  8481  8481 V VideoManager: videoFromCursor
07-05 19:57:36.060  8481  8481 V ProcessingVideosEventHandler: onAdd
07-05 19:57:36.060  8481  8481 V RawFootageEventHandler: onRemove
07-05 19:57:36.064  8481  8481 V NearbyFragment: Transfer to Endpoint{id=vMbk, name=Galaxy S8 [2802]} complete
07-05 19:57:42.745  8481  9226 V FfmpegTools: Retrieving duration of /storage/emulated/0/Download/Nearby/20200312_194229.mp4
07-05 19:57:42.752  8481  8759 W mobile-ffmpeg: [mov,mp4,m4a,3gp,3g2,mj2 @ 0x8dd70600] Found duplicated MOOV Atom. Skipped it
07-05 19:57:42.864  8481  9226 W Summariser: 5 active sections found
07-05 19:57:42.864  8481  9226 I FfmpegTools: Running ffmpeg with:
07-05 19:57:42.864  8481  9226 I FfmpegTools:   -y -i /storage/emulated/0/Download/Nearby/20200312_194229.mp4 -filter_complex [0:v]trim=10.509000:19.517000,setpts=PTS-STARTPTS[v0];[0:a]atrim=10.509000:19.517000,asetpts=PTS-STARTPTS[a0];[0:v]trim=24.088000:29.259000,setpts=PTS-STARTPTS[v1];[0:a]atrim=24.088000:29.259000,asetpts=PTS-STARTPTS[a1];[0:v]trim=39.935000:40.269000,setpts=PTS-STARTPTS[v2];[0:a]atrim=39.935000:40.269000,asetpts=PTS-STARTPTS[a2];[0:v]trim=54.314000:54.615000,setpts=PTS-STARTPTS[v3];[0:a]atrim=54.314000:54.615000,asetpts=PTS-STARTPTS[a3];[0:v]trim=59.386000:60.020000,setpts=PTS-STARTPTS[v4];[0:a]atrim=59.386000:60.020000,asetpts=PTS-STARTPTS[a4];[v0][a0][v1][a1][v2][a2][v3][a3][v4][a4]concat=n=5:v=1:a=1[outv][outa] -map [outv] -map [outa] -crf 23 -preset medium /storage/emulated/0/Movies/summarised/20200312_194229.mp4
07-05 19:57:42.881  8481  8759 W mobile-ffmpeg: [mov,mp4,m4a,3gp,3g2,mj2 @ 0xa3997800] Found duplicated MOOV Atom. Skipped it
07-05 19:57:43.039  8481  8759 W mobile-ffmpeg: [graph 0 input from stream 0:0 @ 0x8dd8c720] sws_param option is deprecated and ignored
07-05 19:57:43.039  8481  8759 W mobile-ffmpeg: [graph 0 input from stream 0:0 @ 0x8dd8c840] sws_param option is deprecated and ignored
07-05 19:57:43.040  8481  8759 W mobile-ffmpeg: [graph 0 input from stream 0:0 @ 0x8dd8c600] sws_param option is deprecated and ignored
07-05 19:57:43.040  8481  8759 W mobile-ffmpeg: [graph 0 input from stream 0:0 @ 0x8dd8ca20] sws_param option is deprecated and ignored
07-05 19:57:43.041  8481  8759 W mobile-ffmpeg: [graph 0 input from stream 0:0 @ 0x8df8c6a0] sws_param option is deprecated and ignored
07-05 19:58:32.275  8481  8481 D NearbyFragment: onPayloadReceived(endpointId=vMbk, payload=com.google.android.gms.nearby.connection.Payload@47a47ac)
07-05 19:58:32.276  8481  8481 V NearbyFragment: Started downloading SUMMARISE:-5428649497738057783:20200312_194930.mp4:45.0_1.0_23_medium from Endpoint{id=vMbk, name=Galaxy S8 [2802]}
07-05 19:58:32.282  8481  8481 V NearbyFragment: Transfer to Endpoint{id=vMbk, name=Galaxy S8 [2802]} complete
07-05 19:58:32.312  8481  8481 D NearbyFragment: onPayloadReceived(endpointId=vMbk, payload=com.google.android.gms.nearby.connection.Payload@4ef1c75)
07-05 19:58:56.074  8481  8481 V NearbyFragment: Transfer to Endpoint{id=vMbk, name=Galaxy S8 [2802]} complete
07-05 19:58:56.077  8481  8481 W NearbyFragment: Completed downloading 20200312_194930.mp4 from Endpoint{id=vMbk, name=Galaxy S8 [2802]} in 23.796s
07-05 19:58:56.082  8481  8481 D NearbyFragment: Summarising 20200312_194930.mp4
07-05 19:58:56.083  8481  8481 V VideoManager: Retrieving video from /storage/emulated/0/Download/Nearby/20200312_194930.mp4
07-05 19:58:56.122  8481  8481 V VideoManager: videoFromCursor
07-05 19:58:56.125  8481  8481 V ProcessingVideosEventHandler: onAdd
07-05 19:58:56.125  8481  8481 V RawFootageEventHandler: onRemove
07-05 19:58:56.131  8481  8481 V NearbyFragment: Transfer to Endpoint{id=vMbk, name=Galaxy S8 [2802]} complete
07-05 19:59:10.680  8481  9226 V FfmpegTools: Retrieving duration of /storage/emulated/0/Download/Nearby/20200312_194229.mp4
07-05 19:59:10.690  8481  8759 W mobile-ffmpeg: [mov,mp4,m4a,3gp,3g2,mj2 @ 0xa3997800] Found duplicated MOOV Atom. Skipped it
07-05 19:59:10.821  8481  9226 V FfmpegTools: Retrieving duration of /storage/emulated/0/Movies/summarised/20200312_194229.mp4
07-05 19:59:10.901  8481  9226 W Summariser: Summarisation completed
07-05 19:59:10.901  8481  9226 W Summariser:   filename: 20200312_194229.mp4
07-05 19:59:10.901  8481  9226 W Summariser:   active sections: 5
07-05 19:59:10.901  8481  9226 W Summariser:   time: 118.549s
07-05 19:59:10.901  8481  9226 W Summariser:   original duration: 60.02
07-05 19:59:10.901  8481  9226 W Summariser:   summarised duration: 15.51
07-05 19:59:10.901  8481  9226 W Summariser:   noise tolerance: 45.00
07-05 19:59:10.901  8481  9226 W Summariser:   quality: 23
07-05 19:59:10.901  8481  9226 W Summariser:   speed: medium
07-05 19:59:10.901  8481  9226 W Summariser:   freeze duration: 1.00
07-05 19:59:10.901  8481  9226 V VideoManager: Retrieving video from /storage/emulated/0/Movies/summarised/20200312_194229.mp4
07-05 19:59:10.910  8481  9226 D VideoManager: videoCursor is null
07-05 19:59:10.975  8481  9226 V VideoManager: videoFromCursor
07-05 19:59:10.978  8481  9226 V SummarisedVideosEventHandler: onAdd
07-05 19:59:10.981  8481  9226 W NearbyFragment: Sending 20200312_194229.mp4 to Galaxy S8 [2802]
07-05 19:59:10.986  8481  9226 V ProcessingVideosEventHandler: onRemove
07-05 19:59:11.004  8481  9226 V SummariserIntentService: onHandleIntent
07-05 19:59:11.015  8481  9226 D SummariserIntentService: Video{id='1546', data='/storage/emulated/0/Download/Nearby/20200312_194330.mp4', name='20200312_194330.mp4', size=69990400, visible=true, mimeType='video/mp4'}
07-05 19:59:11.015  8481  9226 D SummariserIntentService: /storage/emulated/0/Movies/summarised/20200312_194330.mp4
07-05 19:59:11.021  8481  9226 I FfmpegTools: Running ffmpeg with:
07-05 19:59:11.021  8481  9226 I FfmpegTools:   -y -i /storage/emulated/0/Download/Nearby/20200312_194330.mp4 -vf freezedetect=n=-45.000000dB:d=1.000000,metadata=mode=print:file=/storage/emulated/0/Movies/raw/20200312_194330.txt -f null -
07-05 19:59:11.053  8481  8759 W mobile-ffmpeg: [mov,mp4,m4a,3gp,3g2,mj2 @ 0x8d0f6200] Found duplicated MOOV Atom. Skipped it
07-05 19:59:11.053  8481  8481 V NearbyFragment: Transfer to Endpoint{id=vMbk, name=Galaxy S8 [2802]} complete
07-05 19:59:11.138  8481  8494 D SummariserIntentService: Scanned /storage/emulated/0/Movies/summarised
07-05 19:59:11.138  8481  8494 D SummariserIntentService:   -> uri=content://media/external/file/1527
07-05 19:59:11.227  8481  8759 W mobile-ffmpeg: [graph 0 input from stream 0:0 @ 0x8df8cfa0] sws_param option is deprecated and ignored
07-05 19:59:12.668  8481  8481 V NearbyFragment: Transfer to Endpoint{id=vMbk, name=Galaxy S8 [2802]} complete
07-05 19:59:21.135  8481  8481 D NearbyFragment: onPayloadReceived(endpointId=vMbk, payload=com.google.android.gms.nearby.connection.Payload@76bfa62)
07-05 19:59:21.136  8481  8481 V NearbyFragment: Started downloading SUMMARISE:-8018392556589602590:20200312_195330.mp4:45.0_1.0_23_medium from Endpoint{id=vMbk, name=Galaxy S8 [2802]}
07-05 19:59:21.142  8481  8481 V NearbyFragment: Transfer to Endpoint{id=vMbk, name=Galaxy S8 [2802]} complete
07-05 19:59:24.534  8481  8481 D NearbyFragment: onPayloadReceived(endpointId=vMbk, payload=com.google.android.gms.nearby.connection.Payload@90fa7f3)
07-05 19:59:46.173  8481  8481 V NearbyFragment: Transfer to Endpoint{id=vMbk, name=Galaxy S8 [2802]} complete
07-05 19:59:46.175  8481  8481 W NearbyFragment: Completed downloading 20200312_195330.mp4 from Endpoint{id=vMbk, name=Galaxy S8 [2802]} in 25.037s
07-05 19:59:46.177  8481  8481 D NearbyFragment: Summarising 20200312_195330.mp4
07-05 19:59:46.177  8481  8481 V VideoManager: Retrieving video from /storage/emulated/0/Download/Nearby/20200312_195330.mp4
07-05 19:59:46.199  8481  8481 V VideoManager: videoFromCursor
07-05 19:59:46.202  8481  8481 V ProcessingVideosEventHandler: onAdd
07-05 19:59:46.203  8481  8481 V RawFootageEventHandler: onRemove
07-05 19:59:46.213  8481  8481 V NearbyFragment: Transfer to Endpoint{id=vMbk, name=Galaxy S8 [2802]} complete
07-05 19:59:51.249  8481  9226 W Summariser: No activity detected
07-05 19:59:51.252  8481  9226 V FfmpegTools: Retrieving duration of /storage/emulated/0/Download/Nearby/20200312_194330.mp4
07-05 19:59:51.262  8481  8759 W mobile-ffmpeg: [mov,mp4,m4a,3gp,3g2,mj2 @ 0x8d0f7a00] Found duplicated MOOV Atom. Skipped it
07-05 19:59:51.347  8481  9226 W Summariser: Summarisation completed
07-05 19:59:51.347  8481  9226 W Summariser:   filename: 20200312_194330.mp4
07-05 19:59:51.347  8481  9226 W Summariser:   active sections: 0
07-05 19:59:51.347  8481  9226 W Summariser:   time: 40.235s
07-05 19:59:51.347  8481  9226 W Summariser:   original duration: 60.02
07-05 19:59:51.347  8481  9226 W Summariser:   summarised duration: -1.00
07-05 19:59:51.347  8481  9226 W Summariser:   noise tolerance: 45.00
07-05 19:59:51.347  8481  9226 W Summariser:   quality: 23
07-05 19:59:51.347  8481  9226 W Summariser:   speed: medium
07-05 19:59:51.347  8481  9226 W Summariser:   freeze duration: 1.00
07-05 19:59:51.349  8481  9226 V ProcessingVideosEventHandler: onRemove
07-05 19:59:51.358  8481  9226 V SummariserIntentService: onHandleIntent
07-05 19:59:51.360  8481  9226 D SummariserIntentService: Video{id='1550', data='/storage/emulated/0/Download/Nearby/20200312_194930.mp4', name='20200312_194930.mp4', size=69990400, visible=true, mimeType='video/mp4'}
07-05 19:59:51.360  8481  9226 D SummariserIntentService: /storage/emulated/0/Movies/summarised/20200312_194930.mp4
07-05 19:59:51.364  8481  9226 I FfmpegTools: Running ffmpeg with:
07-05 19:59:51.364  8481  9226 I FfmpegTools:   -y -i /storage/emulated/0/Download/Nearby/20200312_194930.mp4 -vf freezedetect=n=-45.000000dB:d=1.000000,metadata=mode=print:file=/storage/emulated/0/Movies/raw/20200312_194930.txt -f null -
07-05 19:59:51.375  8481  8759 W mobile-ffmpeg: [mov,mp4,m4a,3gp,3g2,mj2 @ 0x8d27d200] Found duplicated MOOV Atom. Skipped it
07-05 19:59:51.385  8481  8481 V NearbyFragment: Transfer to Endpoint{id=vMbk, name=Galaxy S8 [2802]} complete
07-05 19:59:51.450  8481  8494 D SummariserIntentService: Scanned /storage/emulated/0/Movies/summarised
07-05 19:59:51.450  8481  8494 D SummariserIntentService:   -> uri=content://media/external/file/1527
07-05 19:59:51.599  8481  8759 W mobile-ffmpeg: [graph 0 input from stream 0:0 @ 0x923cee20] sws_param option is deprecated and ignored
07-05 20:00:22.583  8481  9226 V FfmpegTools: Retrieving duration of /storage/emulated/0/Download/Nearby/20200312_194930.mp4
07-05 20:00:22.593  8481  8759 W mobile-ffmpeg: [mov,mp4,m4a,3gp,3g2,mj2 @ 0x91153000] Found duplicated MOOV Atom. Skipped it
07-05 20:00:22.733  8481  9226 W Summariser: 2 active sections found
07-05 20:00:22.734  8481  9226 I FfmpegTools: Running ffmpeg with:
07-05 20:00:22.734  8481  9226 I FfmpegTools:   -y -i /storage/emulated/0/Download/Nearby/20200312_194930.mp4 -filter_complex [0:v]trim=6.773000:18.017000,setpts=PTS-STARTPTS[v0];[0:a]atrim=6.773000:18.017000,asetpts=PTS-STARTPTS[a0];[0:v]trim=49.078000:60.020000,setpts=PTS-STARTPTS[v1];[0:a]atrim=49.078000:60.020000,asetpts=PTS-STARTPTS[a1];[v0][a0][v1][a1]concat=n=2:v=1:a=1[outv][outa] -map [outv] -map [outa] -crf 23 -preset medium /storage/emulated/0/Movies/summarised/20200312_194930.mp4
07-05 20:00:22.754  8481  8759 W mobile-ffmpeg: [mov,mp4,m4a,3gp,3g2,mj2 @ 0x8d32ea00] Found duplicated MOOV Atom. Skipped it
07-05 20:00:22.916  8481  8759 W mobile-ffmpeg: [graph 0 input from stream 0:0 @ 0x8df8c1c0] sws_param option is deprecated and ignored
07-05 20:00:22.916  8481  8759 W mobile-ffmpeg: [graph 0 input from stream 0:0 @ 0x8df8c2e0] sws_param option is deprecated and ignored
07-05 20:02:12.379  8481  9226 V FfmpegTools: Retrieving duration of /storage/emulated/0/Download/Nearby/20200312_194930.mp4
07-05 20:02:12.390  8481  8759 W mobile-ffmpeg: [mov,mp4,m4a,3gp,3g2,mj2 @ 0x8d32ea00] Found duplicated MOOV Atom. Skipped it
07-05 20:02:12.526  8481  9226 V FfmpegTools: Retrieving duration of /storage/emulated/0/Movies/summarised/20200312_194930.mp4
07-05 20:02:12.610  8481  9226 W Summariser: Summarisation completed
07-05 20:02:12.610  8481  9226 W Summariser:   filename: 20200312_194930.mp4
07-05 20:02:12.610  8481  9226 W Summariser:   active sections: 2
07-05 20:02:12.610  8481  9226 W Summariser:   time: 141.017s
07-05 20:02:12.610  8481  9226 W Summariser:   original duration: 60.02
07-05 20:02:12.610  8481  9226 W Summariser:   summarised duration: 22.25
07-05 20:02:12.610  8481  9226 W Summariser:   noise tolerance: 45.00
07-05 20:02:12.610  8481  9226 W Summariser:   quality: 23
07-05 20:02:12.610  8481  9226 W Summariser:   speed: medium
07-05 20:02:12.610  8481  9226 W Summariser:   freeze duration: 1.00
07-05 20:02:12.610  8481  9226 V VideoManager: Retrieving video from /storage/emulated/0/Movies/summarised/20200312_194930.mp4
07-05 20:02:12.638  8481  9226 D VideoManager: videoCursor is null
07-05 20:02:12.699  8481  9226 V VideoManager: videoFromCursor
07-05 20:02:12.704  8481  9226 V SummarisedVideosEventHandler: onAdd
07-05 20:02:12.709  8481  9226 W NearbyFragment: Sending 20200312_194930.mp4 to Galaxy S8 [2802]
07-05 20:02:12.713  8481  9226 V ProcessingVideosEventHandler: onRemove
07-05 20:02:12.736  8481  9226 V SummariserIntentService: onHandleIntent
07-05 20:02:12.738  8481  9226 D SummariserIntentService: Video{id='1552', data='/storage/emulated/0/Download/Nearby/20200312_195330.mp4', name='20200312_195330.mp4', size=69990400, visible=true, mimeType='video/mp4'}
07-05 20:02:12.739  8481  9226 D SummariserIntentService: /storage/emulated/0/Movies/summarised/20200312_195330.mp4
07-05 20:02:12.743  8481  9226 I FfmpegTools: Running ffmpeg with:
07-05 20:02:12.743  8481  9226 I FfmpegTools:   -y -i /storage/emulated/0/Download/Nearby/20200312_195330.mp4 -vf freezedetect=n=-45.000000dB:d=1.000000,metadata=mode=print:file=/storage/emulated/0/Movies/raw/20200312_195330.txt -f null -
07-05 20:02:12.749  8481  8481 V NearbyFragment: Transfer to Endpoint{id=vMbk, name=Galaxy S8 [2802]} complete
07-05 20:02:12.758  8481  8759 W mobile-ffmpeg: [mov,mp4,m4a,3gp,3g2,mj2 @ 0x8c8f9e00] Found duplicated MOOV Atom. Skipped it
07-05 20:02:12.867  8481  8486 I zygote  : Do full code cache collection, code=250KB, data=179KB
07-05 20:02:12.869  8481  8486 I zygote  : After code cache collection, code=170KB, data=118KB
07-05 20:02:12.882  8481  8494 D SummariserIntentService: Scanned /storage/emulated/0/Movies/summarised
07-05 20:02:12.882  8481  8494 D SummariserIntentService:   -> uri=content://media/external/file/1527
07-05 20:02:12.925  8481  8759 W mobile-ffmpeg: [graph 0 input from stream 0:0 @ 0x8df8c160] sws_param option is deprecated and ignored
07-05 20:02:14.135  8481  8481 V NearbyFragment: Transfer to Endpoint{id=vMbk, name=Galaxy S8 [2802]} complete
07-05 20:02:50.799  8481  9226 W Summariser: 5 active sections found
07-05 20:02:50.800  8481  9226 I FfmpegTools: Running ffmpeg with:
07-05 20:02:50.800  8481  9226 I FfmpegTools:   -y -i /storage/emulated/0/Download/Nearby/20200312_195330.mp4 -filter_complex [0:v]trim=15.014000:23.055000,setpts=PTS-STARTPTS[v0];[0:a]atrim=15.014000:23.055000,asetpts=PTS-STARTPTS[a0];[0:v]trim=24.756000:28.560000,setpts=PTS-STARTPTS[v1];[0:a]atrim=24.756000:28.560000,asetpts=PTS-STARTPTS[a1];[0:v]trim=35.766000:39.970000,setpts=PTS-STARTPTS[v2];[0:a]atrim=35.766000:39.970000,asetpts=PTS-STARTPTS[a2];[0:v]trim=43.306000:47.176000,setpts=PTS-STARTPTS[v3];[0:a]atrim=43.306000:47.176000,asetpts=PTS-STARTPTS[a3];[0:v]trim=52.381000:55.817000,setpts=PTS-STARTPTS[v4];[0:a]atrim=52.381000:55.817000,asetpts=PTS-STARTPTS[a4];[v0][a0][v1][a1][v2][a2][v3][a3][v4][a4]concat=n=5:v=1:a=1[outv][outa] -map [outv] -map [outa] -crf 23 -preset medium /storage/emulated/0/Movies/summarised/20200312_195330.mp4
07-05 20:02:50.821  8481  8759 W mobile-ffmpeg: [mov,mp4,m4a,3gp,3g2,mj2 @ 0xa2765c00] Found duplicated MOOV Atom. Skipped it
07-05 20:02:50.967  8481  8759 W mobile-ffmpeg: [graph 0 input from stream 0:0 @ 0x8dd8de00] sws_param option is deprecated and ignored
07-05 20:02:50.967  8481  8759 W mobile-ffmpeg: [graph 0 input from stream 0:0 @ 0x8dd8df20] sws_param option is deprecated and ignored
07-05 20:02:50.968  8481  8759 W mobile-ffmpeg: [graph 0 input from stream 0:0 @ 0x8dd8dce0] sws_param option is deprecated and ignored
07-05 20:02:50.968  8481  8759 W mobile-ffmpeg: [graph 0 input from stream 0:0 @ 0x923cee80] sws_param option is deprecated and ignored
07-05 20:02:50.969  8481  8759 W mobile-ffmpeg: [graph 0 input from stream 0:0 @ 0x8df8cd00] sws_param option is deprecated and ignored
07-05 20:04:33.868  8481  9226 V FfmpegTools: Retrieving duration of /storage/emulated/0/Download/Nearby/20200312_195330.mp4
07-05 20:04:33.878  8481  8759 W mobile-ffmpeg: [mov,mp4,m4a,3gp,3g2,mj2 @ 0xa2765c00] Found duplicated MOOV Atom. Skipped it
07-05 20:04:33.977  8481  9226 V FfmpegTools: Retrieving duration of /storage/emulated/0/Movies/summarised/20200312_195330.mp4
07-05 20:04:34.056  8481  9226 W Summariser: Summarisation completed
07-05 20:04:34.056  8481  9226 W Summariser:   filename: 20200312_195330.mp4
07-05 20:04:34.056  8481  9226 W Summariser:   active sections: 5
07-05 20:04:34.056  8481  9226 W Summariser:   time: 141.126s
07-05 20:04:34.056  8481  9226 W Summariser:   original duration: 60.02
07-05 20:04:34.056  8481  9226 W Summariser:   summarised duration: 23.42
07-05 20:04:34.056  8481  9226 W Summariser:   noise tolerance: 45.00
07-05 20:04:34.056  8481  9226 W Summariser:   quality: 23
07-05 20:04:34.056  8481  9226 W Summariser:   speed: medium
07-05 20:04:34.056  8481  9226 W Summariser:   freeze duration: 1.00
07-05 20:04:34.056  8481  9226 V VideoManager: Retrieving video from /storage/emulated/0/Movies/summarised/20200312_195330.mp4
07-05 20:04:34.072  8481  9226 D VideoManager: videoCursor is null
07-05 20:04:34.120  8481  9226 V VideoManager: videoFromCursor
07-05 20:04:34.122  8481  9226 V SummarisedVideosEventHandler: onAdd
07-05 20:04:34.125  8481  9226 W NearbyFragment: Sending 20200312_195330.mp4 to Galaxy S8 [2802]
07-05 20:04:34.129  8481  9226 V ProcessingVideosEventHandler: onRemove
07-05 20:04:34.157  8481  8481 V NearbyFragment: Transfer to Endpoint{id=vMbk, name=Galaxy S8 [2802]} complete
07-05 20:04:34.181  8481  8518 D SummariserIntentService: Scanned /storage/emulated/0/Movies/summarised
07-05 20:04:34.181  8481  8518 D SummariserIntentService:   -> uri=content://media/external/file/1527
07-05 20:04:34.904  8481  8481 V NearbyFragment: Transfer to Endpoint{id=vMbk, name=Galaxy S8 [2802]} complete
