--------- beginning of main
06-29 02:43:36.302  4322  4322 I zygote  : Late-enabling -Xcheck:jni
06-29 02:43:36.426  4322  4322 I TransferService: Starting Transfer Service to listen for network connectivity changes.
06-29 02:43:36.427  4322  4322 W LogFactory: Truncating log tag length as it exceed 23, the limit imposed by Android on certain API Levels
06-29 02:43:36.451  4322  4322 I TransferService: Registering the network receiver
06-29 02:43:36.454  4322  4322 I TransferService: Moving the service out of the Foreground state.
06-29 02:43:36.455  4322  4322 I TransferService: De-registering the network receiver.
06-29 02:43:43.753  4322  4322 I zygote  : Rejecting re-init on previously-failed class java.lang.Class<androidx.core.view.ViewCompat$2>: java.lang.NoClassDefFoundError: Failed resolution of: Landroid/view/View$OnUnhandledKeyEventListener;
06-29 02:43:43.753  4322  4322 I zygote  :   at void androidx.core.view.ViewCompat.setOnApplyWindowInsetsListener(android.view.View, androidx.core.view.OnApplyWindowInsetsListener) (ViewCompat.java:2421)
06-29 02:43:43.753  4322  4322 I zygote  :   at android.view.ViewGroup androidx.appcompat.app.AppCompatDelegateImpl.createSubDecor() (AppCompatDelegateImpl.java:779)
06-29 02:43:43.753  4322  4322 I zygote  :   at void androidx.appcompat.app.AppCompatDelegateImpl.ensureSubDecor() (AppCompatDelegateImpl.java:659)
06-29 02:43:43.753  4322  4322 I zygote  :   at void androidx.appcompat.app.AppCompatDelegateImpl.setContentView(int) (AppCompatDelegateImpl.java:552)
06-29 02:43:43.753  4322  4322 I zygote  :   at void androidx.appcompat.app.AppCompatActivity.setContentView(int) (AppCompatActivity.java:161)
06-29 02:43:43.753  4322  4322 I zygote  :   at void com.example.edgesum.page.main.MainActivity.onCreate(android.os.Bundle) (MainActivity.java:95)
06-29 02:43:43.753  4322  4322 I zygote  :   at void android.app.Activity.performCreate(android.os.Bundle, android.os.PersistableBundle) (Activity.java:7009)
06-29 02:43:43.753  4322  4322 I zygote  :   at void android.app.Activity.performCreate(android.os.Bundle) (Activity.java:7000)
06-29 02:43:43.753  4322  4322 I zygote  :   at void android.app.Instrumentation.callActivityOnCreate(android.app.Activity, android.os.Bundle) (Instrumentation.java:1214)
06-29 02:43:43.753  4322  4322 I zygote  :   at android.app.Activity android.app.ActivityThread.performLaunchActivity(android.app.ActivityThread$ActivityClientRecord, android.content.Intent) (ActivityThread.java:2731)
06-29 02:43:43.753  4322  4322 I zygote  :   at void android.app.ActivityThread.handleLaunchActivity(android.app.ActivityThread$ActivityClientRecord, android.content.Intent, java.lang.String) (ActivityThread.java:2856)
06-29 02:43:43.753  4322  4322 I zygote  :   at void android.app.ActivityThread.-wrap11(android.app.ActivityThread, android.app.ActivityThread$ActivityClientRecord, android.content.Intent, java.lang.String) (ActivityThread.java:-1)
06-29 02:43:43.753  4322  4322 I zygote  :   at void android.app.ActivityThread$H.handleMessage(android.os.Message) (ActivityThread.java:1589)
06-29 02:43:43.753  4322  4322 I zygote  :   at void android.os.Handler.dispatchMessage(android.os.Message) (Handler.java:106)
06-29 02:43:43.753  4322  4322 I zygote  :   at void android.os.Looper.loop() (Looper.java:164)
06-29 02:43:43.753  4322  4322 I zygote  :   at void android.app.ActivityThread.main(java.lang.String[]) (ActivityThread.java:6494)
06-29 02:43:43.753  4322  4322 I zygote  :   at java.lang.Object java.lang.reflect.Method.invoke(java.lang.Object, java.lang.Object[]) (Method.java:-2)
06-29 02:43:43.753  4322  4322 I zygote  :   at void com.android.internal.os.RuntimeInit$MethodAndArgsCaller.run() (RuntimeInit.java:438)
06-29 02:43:43.753  4322  4322 I zygote  :   at void com.android.internal.os.ZygoteInit.main(java.lang.String[]) (ZygoteInit.java:807)
06-29 02:43:43.753  4322  4322 I zygote  : Caused by: java.lang.ClassNotFoundException: Didn't find class "android.view.View$OnUnhandledKeyEventListener" on path: DexPathList[[zip file "/data/app/com.example.edgesum-xbbLFkvVOrQkTkTFG3UFgg==/base.apk"],nativeLibraryDirectories=[/data/app/com.example.edgesum-xbbLFkvVOrQkTkTFG3UFgg==/lib/arm, /data/app/com.example.edgesum-xbbLFkvVOrQkTkTFG3UFgg==/base.apk!/lib/armeabi-v7a, /system/lib, /system/vendor/lib]]
06-29 02:43:43.753  4322  4322 I zygote  :   at java.lang.Class dalvik.system.BaseDexClassLoader.findClass(java.lang.String) (BaseDexClassLoader.java:125)
06-29 02:43:43.753  4322  4322 I zygote  :   at java.lang.Class java.lang.ClassLoader.loadClass(java.lang.String, boolean) (ClassLoader.java:379)
06-29 02:43:43.753  4322  4322 I zygote  :   at java.lang.Class java.lang.ClassLoader.loadClass(java.lang.String) (ClassLoader.java:312)
06-29 02:43:43.753  4322  4322 I zygote  :   at void androidx.core.view.ViewCompat.setOnApplyWindowInsetsListener(android.view.View, androidx.core.view.OnApplyWindowInsetsListener) (ViewCompat.java:2421)
06-29 02:43:43.753  4322  4322 I zygote  :   at android.view.ViewGroup androidx.appcompat.app.AppCompatDelegateImpl.createSubDecor() (AppCompatDelegateImpl.java:779)
06-29 02:43:43.753  4322  4322 I zygote  :   at void androidx.appcompat.app.AppCompatDelegateImpl.ensureSubDecor() (AppCompatDelegateImpl.java:659)
06-29 02:43:43.754  4322  4322 I zygote  :   at void androidx.appcompat.app.AppCompatDelegateImpl.setContentView(int) (AppCompatDelegateImpl.java:552)
06-29 02:43:43.754  4322  4322 I zygote  :   at void androidx.appcompat.app.AppCompatActivity.setContentView(int) (AppCompatActivity.java:161)
06-29 02:43:43.755  4322  4322 I zygote  :   at void com.example.edgesum.page.main.MainActivity.onCreate(android.os.Bundle) (MainActivity.java:95)
06-29 02:43:43.755  4322  4322 I zygote  :   at void android.app.Activity.performCreate(android.os.Bundle, android.os.PersistableBundle) (Activity.java:7009)
06-29 02:43:43.755  4322  4322 I zygote  :   at void android.app.Activity.performCreate(android.os.Bundle) (Activity.java:7000)
06-29 02:43:43.755  4322  4322 I zygote  :   at void android.app.Instrumentation.callActivityOnCreate(android.app.Activity, android.os.Bundle) (Instrumentation.java:1214)
06-29 02:43:43.755  4322  4322 I zygote  :   at android.app.Activity android.app.ActivityThread.performLaunchActivity(android.app.ActivityThread$ActivityClientRecord, android.content.Intent) (ActivityThread.java:2731)
06-29 02:43:43.755  4322  4322 I zygote  :   at void android.app.ActivityThread.handleLaunchActivity(android.app.ActivityThread$ActivityClientRecord, android.content.Intent, java.lang.String) (ActivityThread.java:2856)
06-29 02:43:43.755  4322  4322 I zygote  :   at void android.app.ActivityThread.-wrap11(android.app.ActivityThread, android.app.ActivityThread$ActivityClientRecord, android.content.Intent, java.lang.String) (ActivityThread.java:-1)
06-29 02:43:43.755  4322  4322 I zygote  :   at void android.app.ActivityThread$H.handleMessage(android.os.Message) (ActivityThread.java:1589)
06-29 02:43:43.755  4322  4322 I zygote  :   at void android.os.Handler.dispatchMessage(android.os.Message) (Handler.java:106)
06-29 02:43:43.755  4322  4322 I zygote  :   at void android.os.Looper.loop() (Looper.java:164)
06-29 02:43:43.755  4322  4322 I zygote  :   at void android.app.ActivityThread.main(java.lang.String[]) (ActivityThread.java:6494)
06-29 02:43:43.755  4322  4322 I zygote  :   at java.lang.Object java.lang.reflect.Method.invoke(java.lang.Object, java.lang.Object[]) (Method.java:-2)
06-29 02:43:43.755  4322  4322 I zygote  :   at void com.android.internal.os.RuntimeInit$MethodAndArgsCaller.run() (RuntimeInit.java:438)
06-29 02:43:43.755  4322  4322 I zygote  :   at void com.android.internal.os.ZygoteInit.main(java.lang.String[]) (ZygoteInit.java:807)
06-29 02:43:43.755  4322  4322 I zygote  : 
06-29 02:43:43.756  4322  4322 I zygote  : Rejecting re-init on previously-failed class java.lang.Class<androidx.core.view.ViewCompat$2>: java.lang.NoClassDefFoundError: Failed resolution of: Landroid/view/View$OnUnhandledKeyEventListener;
06-29 02:43:43.756  4322  4322 I zygote  :   at void androidx.core.view.ViewCompat.setOnApplyWindowInsetsListener(android.view.View, androidx.core.view.OnApplyWindowInsetsListener) (ViewCompat.java:2421)
06-29 02:43:43.756  4322  4322 I zygote  :   at android.view.ViewGroup androidx.appcompat.app.AppCompatDelegateImpl.createSubDecor() (AppCompatDelegateImpl.java:779)
06-29 02:43:43.756  4322  4322 I zygote  :   at void androidx.appcompat.app.AppCompatDelegateImpl.ensureSubDecor() (AppCompatDelegateImpl.java:659)
06-29 02:43:43.756  4322  4322 I zygote  :   at void androidx.appcompat.app.AppCompatDelegateImpl.setContentView(int) (AppCompatDelegateImpl.java:552)
06-29 02:43:43.756  4322  4322 I zygote  :   at void androidx.appcompat.app.AppCompatActivity.setContentView(int) (AppCompatActivity.java:161)
06-29 02:43:43.756  4322  4322 I zygote  :   at void com.example.edgesum.page.main.MainActivity.onCreate(android.os.Bundle) (MainActivity.java:95)
06-29 02:43:43.756  4322  4322 I zygote  :   at void android.app.Activity.performCreate(android.os.Bundle, android.os.PersistableBundle) (Activity.java:7009)
06-29 02:43:43.756  4322  4322 I zygote  :   at void android.app.Activity.performCreate(android.os.Bundle) (Activity.java:7000)
06-29 02:43:43.756  4322  4322 I zygote  :   at void android.app.Instrumentation.callActivityOnCreate(android.app.Activity, android.os.Bundle) (Instrumentation.java:1214)
06-29 02:43:43.756  4322  4322 I zygote  :   at android.app.Activity android.app.ActivityThread.performLaunchActivity(android.app.ActivityThread$ActivityClientRecord, android.content.Intent) (ActivityThread.java:2731)
06-29 02:43:43.756  4322  4322 I zygote  :   at void android.app.ActivityThread.handleLaunchActivity(android.app.ActivityThread$ActivityClientRecord, android.content.Intent, java.lang.String) (ActivityThread.java:2856)
06-29 02:43:43.756  4322  4322 I zygote  :   at void android.app.ActivityThread.-wrap11(android.app.ActivityThread, android.app.ActivityThread$ActivityClientRecord, android.content.Intent, java.lang.String) (ActivityThread.java:-1)
06-29 02:43:43.756  4322  4322 I zygote  :   at void android.app.ActivityThread$H.handleMessage(android.os.Message) (ActivityThread.java:1589)
06-29 02:43:43.756  4322  4322 I zygote  :   at void android.os.Handler.dispatchMessage(android.os.Message) (Handler.java:106)
06-29 02:43:43.756  4322  4322 I zygote  :   at void android.os.Looper.loop() (Looper.java:164)
06-29 02:43:43.756  4322  4322 I zygote  :   at void android.app.ActivityThread.main(java.lang.String[]) (ActivityThread.java:6494)
06-29 02:43:43.756  4322  4322 I zygote  :   at java.lang.Object java.lang.reflect.Method.invoke(java.lang.Object, java.lang.Object[]) (Method.java:-2)
06-29 02:43:43.756  4322  4322 I zygote  :   at void com.android.internal.os.RuntimeInit$MethodAndArgsCaller.run() (RuntimeInit.java:438)
06-29 02:43:43.756  4322  4322 I zygote  :   at void com.android.internal.os.ZygoteInit.main(java.lang.String[]) (ZygoteInit.java:807)
06-29 02:43:43.756  4322  4322 I zygote  : Caused by: java.lang.ClassNotFoundException: Didn't find class "android.view.View$OnUnhandledKeyEventListener" on path: DexPathList[[zip file "/data/app/com.example.edgesum-xbbLFkvVOrQkTkTFG3UFgg==/base.apk"],nativeLibraryDirectories=[/data/app/com.example.edgesum-xbbLFkvVOrQkTkTFG3UFgg==/lib/arm, /data/app/com.example.edgesum-xbbLFkvVOrQkTkTFG3UFgg==/base.apk!/lib/armeabi-v7a, /system/lib, /system/vendor/lib]]
06-29 02:43:43.756  4322  4322 I zygote  :   at java.lang.Class dalvik.system.BaseDexClassLoader.findClass(java.lang.String) (BaseDexClassLoader.java:125)
06-29 02:43:43.756  4322  4322 I zygote  :   at java.lang.Class java.lang.ClassLoader.loadClass(java.lang.String, boolean) (ClassLoader.java:379)
06-29 02:43:43.756  4322  4322 I zygote  :   at java.lang.Class java.lang.ClassLoader.loadClass(java.lang.String) (ClassLoader.java:312)
06-29 02:43:43.756  4322  4322 I zygote  :   at void androidx.core.view.ViewCompat.setOnApplyWindowInsetsListener(android.view.View, androidx.core.view.OnApplyWindowInsetsListener) (ViewCompat.java:2421)
06-29 02:43:43.756  4322  4322 I zygote  :   at android.view.ViewGroup androidx.appcompat.app.AppCompatDelegateImpl.createSubDecor() (AppCompatDelegateImpl.java:779)
06-29 02:43:43.756  4322  4322 I zygote  :   at void androidx.appcompat.app.AppCompatDelegateImpl.ensureSubDecor() (AppCompatDelegateImpl.java:659)
06-29 02:43:43.756  4322  4322 I zygote  :   at void androidx.appcompat.app.AppCompatDelegateImpl.setContentView(int) (AppCompatDelegateImpl.java:552)
06-29 02:43:43.756  4322  4322 I zygote  :   at void androidx.appcompat.app.AppCompatActivity.setContentView(int) (AppCompatActivity.java:161)
06-29 02:43:43.756  4322  4322 I zygote  :   at void com.example.edgesum.page.main.MainActivity.onCreate(android.os.Bundle) (MainActivity.java:95)
06-29 02:43:43.756  4322  4322 I zygote  :   at void android.app.Activity.performCreate(android.os.Bundle, android.os.PersistableBundle) (Activity.java:7009)
06-29 02:43:43.756  4322  4322 I zygote  :   at void android.app.Activity.performCreate(android.os.Bundle) (Activity.java:7000)
06-29 02:43:43.756  4322  4322 I zygote  :   at void android.app.Instrumentation.callActivityOnCreate(android.app.Activity, android.os.Bundle) (Instrumentation.java:1214)
06-29 02:43:43.756  4322  4322 I zygote  :   at android.app.Activity android.app.ActivityThread.performLaunchActivity(android.app.ActivityThread$ActivityClientRecord, android.content.Intent) (ActivityThread.java:2731)
06-29 02:43:43.756  4322  4322 I zygote  :   at void android.app.ActivityThread.handleLaunchActivity(android.app.ActivityThread$ActivityClientRecord, android.content.Intent, java.lang.String) (ActivityThread.java:2856)
06-29 02:43:43.756  4322  4322 I zygote  :   at void android.app.ActivityThread.-wrap11(android.app.ActivityThread, android.app.ActivityThread$ActivityClientRecord, android.content.Intent, java.lang.String) (ActivityThread.java:-1)
06-29 02:43:43.756  4322  4322 I zygote  :   at void android.app.ActivityThread$H.handleMessage(android.os.Message) (ActivityThread.java:1589)
06-29 02:43:43.756  4322  4322 I zygote  :   at void android.os.Handler.dispatchMessage(android.os.Message) (Handler.java:106)
06-29 02:43:43.756  4322  4322 I zygote  :   at void android.os.Looper.loop() (Looper.java:164)
06-29 02:43:43.756  4322  4322 I zygote  :   at void android.app.ActivityThread.main(java.lang.String[]) (ActivityThread.java:6494)
06-29 02:43:43.756  4322  4322 I zygote  :   at java.lang.Object java.lang.reflect.Method.invoke(java.lang.Object, java.lang.Object[]) (Method.java:-2)
06-29 02:43:43.756  4322  4322 I zygote  :   at void com.android.internal.os.RuntimeInit$MethodAndArgsCaller.run() (RuntimeInit.java:438)
06-29 02:43:43.756  4322  4322 I zygote  :   at void com.android.internal.os.ZygoteInit.main(java.lang.String[]) (ZygoteInit.java:807)
06-29 02:43:43.756  4322  4322 I zygote  : 
06-29 02:43:43.757  4322  4322 I zygote  : Rejecting re-init on previously-failed class java.lang.Class<androidx.core.view.ViewCompat$2>: java.lang.NoClassDefFoundError: Failed resolution of: Landroid/view/View$OnUnhandledKeyEventListener;
06-29 02:43:43.757  4322  4322 I zygote  :   at void androidx.core.view.ViewCompat.setOnApplyWindowInsetsListener(android.view.View, androidx.core.view.OnApplyWindowInsetsListener) (ViewCompat.java:2421)
06-29 02:43:43.757  4322  4322 I zygote  :   at android.view.ViewGroup androidx.appcompat.app.AppCompatDelegateImpl.createSubDecor() (AppCompatDelegateImpl.java:779)
06-29 02:43:43.757  4322  4322 I zygote  :   at void androidx.appcompat.app.AppCompatDelegateImpl.ensureSubDecor() (AppCompatDelegateImpl.java:659)
06-29 02:43:43.757  4322  4322 I zygote  :   at void androidx.appcompat.app.AppCompatDelegateImpl.setContentView(int) (AppCompatDelegateImpl.java:552)
06-29 02:43:43.757  4322  4322 I zygote  :   at void androidx.appcompat.app.AppCompatActivity.setContentView(int) (AppCompatActivity.java:161)
06-29 02:43:43.757  4322  4322 I zygote  :   at void com.example.edgesum.page.main.MainActivity.onCreate(android.os.Bundle) (MainActivity.java:95)
06-29 02:43:43.757  4322  4322 I zygote  :   at void android.app.Activity.performCreate(android.os.Bundle, android.os.PersistableBundle) (Activity.java:7009)
06-29 02:43:43.757  4322  4322 I zygote  :   at void android.app.Activity.performCreate(android.os.Bundle) (Activity.java:7000)
06-29 02:43:43.757  4322  4322 I zygote  :   at void android.app.Instrumentation.callActivityOnCreate(android.app.Activity, android.os.Bundle) (Instrumentation.java:1214)
06-29 02:43:43.757  4322  4322 I zygote  :   at android.app.Activity android.app.ActivityThread.performLaunchActivity(android.app.ActivityThread$ActivityClientRecord, android.content.Intent) (ActivityThread.java:2731)
06-29 02:43:43.757  4322  4322 I zygote  :   at void android.app.ActivityThread.handleLaunchActivity(android.app.ActivityThread$ActivityClientRecord, android.content.Intent, java.lang.String) (ActivityThread.java:2856)
06-29 02:43:43.757  4322  4322 I zygote  :   at void android.app.ActivityThread.-wrap11(android.app.ActivityThread, android.app.ActivityThread$ActivityClientRecord, android.content.Intent, java.lang.String) (ActivityThread.java:-1)
06-29 02:43:43.757  4322  4322 I zygote  :   at void android.app.ActivityThread$H.handleMessage(android.os.Message) (ActivityThread.java:1589)
06-29 02:43:43.757  4322  4322 I zygote  :   at void android.os.Handler.dispatchMessage(android.os.Message) (Handler.java:106)
06-29 02:43:43.757  4322  4322 I zygote  :   at void android.os.Looper.loop() (Looper.java:164)
06-29 02:43:43.757  4322  4322 I zygote  :   at void android.app.ActivityThread.main(java.lang.String[]) (ActivityThread.java:6494)
06-29 02:43:43.757  4322  4322 I zygote  :   at java.lang.Object java.lang.reflect.Method.invoke(java.lang.Object, java.lang.Object[]) (Method.java:-2)
06-29 02:43:43.757  4322  4322 I zygote  :   at void com.android.internal.os.RuntimeInit$MethodAndArgsCaller.run() (RuntimeInit.java:438)
06-29 02:43:43.757  4322  4322 I zygote  :   at void com.android.internal.os.ZygoteInit.main(java.lang.String[]) (ZygoteInit.java:807)
06-29 02:43:43.757  4322  4322 I zygote  : Caused by: java.lang.ClassNotFoundException: Didn't find class "android.view.View$OnUnhandledKeyEventListener" on path: DexPathList[[zip file "/data/app/com.example.edgesum-xbbLFkvVOrQkTkTFG3UFgg==/base.apk"],nativeLibraryDirectories=[/data/app/com.example.edgesum-xbbLFkvVOrQkTkTFG3UFgg==/lib/arm, /data/app/com.example.edgesum-xbbLFkvVOrQkTkTFG3UFgg==/base.apk!/lib/armeabi-v7a, /system/lib, /system/vendor/lib]]
06-29 02:43:43.757  4322  4322 I zygote  :   at java.lang.Class dalvik.system.BaseDexClassLoader.findClass(java.lang.String) (BaseDexClassLoader.java:125)
06-29 02:43:43.757  4322  4322 I zygote  :   at java.lang.Class java.lang.ClassLoader.loadClass(java.lang.String, boolean) (ClassLoader.java:379)
06-29 02:43:43.757  4322  4322 I zygote  :   at java.lang.Class java.lang.ClassLoader.loadClass(java.lang.String) (ClassLoader.java:312)
06-29 02:43:43.757  4322  4322 I zygote  :   at void androidx.core.view.ViewCompat.setOnApplyWindowInsetsListener(android.view.View, androidx.core.view.OnApplyWindowInsetsListener) (ViewCompat.java:2421)
06-29 02:43:43.757  4322  4322 I zygote  :   at android.view.ViewGroup androidx.appcompat.app.AppCompatDelegateImpl.createSubDecor() (AppCompatDelegateImpl.java:779)
06-29 02:43:43.757  4322  4322 I zygote  :   at void androidx.appcompat.app.AppCompatDelegateImpl.ensureSubDecor() (AppCompatDelegateImpl.java:659)
06-29 02:43:43.757  4322  4322 I zygote  :   at void androidx.appcompat.app.AppCompatDelegateImpl.setContentView(int) (AppCompatDelegateImpl.java:552)
06-29 02:43:43.757  4322  4322 I zygote  :   at void androidx.appcompat.app.AppCompatActivity.setContentView(int) (AppCompatActivity.java:161)
06-29 02:43:43.757  4322  4322 I zygote  :   at void com.example.edgesum.page.main.MainActivity.onCreate(android.os.Bundle) (MainActivity.java:95)
06-29 02:43:43.757  4322  4322 I zygote  :   at void android.app.Activity.performCreate(android.os.Bundle, android.os.PersistableBundle) (Activity.java:7009)
06-29 02:43:43.757  4322  4322 I zygote  :   at void android.app.Activity.performCreate(android.os.Bundle) (Activity.java:7000)
06-29 02:43:43.757  4322  4322 I zygote  :   at void android.app.Instrumentation.callActivityOnCreate(android.app.Activity, android.os.Bundle) (Instrumentation.java:1214)
06-29 02:43:43.757  4322  4322 I zygote  :   at android.app.Activity android.app.ActivityThread.performLaunchActivity(android.app.ActivityThread$ActivityClientRecord, android.content.Intent) (ActivityThread.java:2731)
06-29 02:43:43.757  4322  4322 I zygote  :   at void android.app.ActivityThread.handleLaunchActivity(android.app.ActivityThread$ActivityClientRecord, android.content.Intent, java.lang.String) (ActivityThread.java:2856)
06-29 02:43:43.757  4322  4322 I zygote  :   at void android.app.ActivityThread.-wrap11(android.app.ActivityThread, android.app.ActivityThread$ActivityClientRecord, android.content.Intent, java.lang.String) (ActivityThread.java:-1)
06-29 02:43:43.757  4322  4322 I zygote  :   at void android.app.ActivityThread$H.handleMessage(android.os.Message) (ActivityThread.java:1589)
06-29 02:43:43.757  4322  4322 I zygote  :   at void android.os.Handler.dispatchMessage(android.os.Message) (Handler.java:106)
06-29 02:43:43.757  4322  4322 I zygote  :   at void android.os.Looper.loop() (Looper.java:164)
06-29 02:43:43.757  4322  4322 I zygote  :   at void android.app.ActivityThread.main(java.lang.String[]) (ActivityThread.java:6494)
06-29 02:43:43.757  4322  4322 I zygote  :   at java.lang.Object java.lang.reflect.Method.invoke(java.lang.Object, java.lang.Object[]) (Method.java:-2)
06-29 02:43:43.757  4322  4322 I zygote  :   at void com.android.internal.os.RuntimeInit$MethodAndArgsCaller.run() (RuntimeInit.java:438)
06-29 02:43:43.757  4322  4322 I zygote  :   at void com.android.internal.os.ZygoteInit.main(java.lang.String[]) (ZygoteInit.java:807)
06-29 02:43:43.757  4322  4322 I zygote  : 
06-29 02:43:44.005  4322  4322 V Repo    : /storage/emulated/0/Movies/raw
06-29 02:43:44.006  4322  4322 V Repo    : /storage/emulated/0/Movies/summarised
06-29 02:43:44.022  4322  4322 V FileManager: External storage is readable
06-29 02:43:44.022  4322  4322 V FileManager: Directory already exists: /storage/emulated/0/Movies/raw
06-29 02:43:44.027  4322  4322 V FileManager: External storage is readable
06-29 02:43:44.028  4322  4322 V FileManager: Directory already exists: /storage/emulated/0/Movies/summarised
06-29 02:43:44.031  4322  4322 V FileManager: External storage is readable
06-29 02:43:44.031  4322  4322 V FileManager: Directory already exists: /storage/emulated/0/Download/nearby
06-29 02:43:44.034  4322  4322 V FileManager: External storage is readable
06-29 02:43:44.035  4322  4322 V FileManager: Directory already exists: /storage/emulated/0/Movies/segment
06-29 02:43:44.037  4322  4322 V FileManager: External storage is readable
06-29 02:43:44.038  4322  4322 V FileManager: Directory already exists: /storage/emulated/0/Movies/segment-sum
06-29 02:43:44.256  4322  4322 V VideoManager: getAllVideoFromExternalStorageFolder
06-29 02:43:44.260  4322  4322 D VideoManager: /storage/emulated/0/Movies/summarised
06-29 02:43:44.272  4322  4322 D VideoManager: 0 videos return
06-29 02:43:44.318  4322  4336 I zygote  : Do partial code cache collection, code=10KB, data=19KB
06-29 02:43:44.321  4322  4336 I zygote  : After code cache collection, code=10KB, data=19KB
06-29 02:43:44.321  4322  4336 I zygote  : Increasing code cache capacity to 128KB
06-29 02:43:44.323  4322  4336 I zygote  : Do partial code cache collection, code=10KB, data=37KB
06-29 02:43:44.323  4322  4336 I zygote  : After code cache collection, code=10KB, data=37KB
06-29 02:43:44.323  4322  4336 I zygote  : Increasing code cache capacity to 256KB
06-29 02:43:44.324  4322  4336 I zygote  : Compiler allocated 4MB to compile void android.widget.TextView.<init>(android.content.Context, android.util.AttributeSet, int, int)
06-29 02:43:44.326  4322  4322 V VideoManager: getAllVideoFromExternalStorageFolder
06-29 02:43:44.332  4322  4322 D VideoManager: /storage/emulated/0/Movies/raw
06-29 02:43:44.341  4322  4322 D VideoManager: 0 videos return
06-29 02:43:44.414  4322  4398 D OpenGLRenderer: HWUI GL Pipeline
06-29 02:43:44.426  4322  4322 I TransferService: Starting Transfer Service to listen for network connectivity changes.
06-29 02:43:44.426  4322  4322 I TransferService: Registering the network receiver
06-29 02:43:44.430  4322  4322 E TransferService: No notification is passed in the intent. Unable to transition to foreground.
06-29 02:43:44.519  4322  4343 D MainActivity: Scanned /storage/emulated/0/Movies/raw
06-29 02:43:44.519  4322  4343 D MainActivity:   -> uri=content://media/external/file/932
06-29 02:43:44.575  4322  4322 W StaticLayout: maxLineHeight should not be -1.  maxLines:1 lineCount:1
06-29 02:43:44.590  4322  4344 D MainActivity: Scanned /storage/emulated/0/Movies/summarised
06-29 02:43:44.590  4322  4344 D MainActivity:   -> uri=content://media/external/file/931
06-29 02:43:44.592  4322  4322 W StaticLayout: maxLineHeight should not be -1.  maxLines:1 lineCount:1
06-29 02:43:44.603  4322  4322 I chatty  : uid=10086(com.example.edgesum) identical 1 line
06-29 02:43:44.612  4322  4322 W StaticLayout: maxLineHeight should not be -1.  maxLines:1 lineCount:1
06-29 02:43:44.644  4322  4398 I Adreno-EGL: <qeglDrvAPI_eglInitialize:379>: QUALCOMM Build: 06/17/16, f19e6a9, I9e7a63e7c4
06-29 02:43:44.649  4322  4398 I zygote  : android::hardware::configstore::V1_0::ISurfaceFlingerConfigs::hasWideColorDisplay retrieved: 0
06-29 02:43:44.649  4322  4398 I OpenGLRenderer: Initialized EGL, version 1.4
06-29 02:43:44.649  4322  4398 D OpenGLRenderer: Swap behavior 1
06-29 02:43:44.656  4322  4398 W Adreno-EGL: <qeglDrvAPI_eglGetConfigAttrib:607>: EGL_BAD_ATTRIBUTE
06-29 02:43:44.661  4322  4398 W Adreno-EGL: <qeglDrvAPI_eglGetConfigAttrib:607>: EGL_BAD_ATTRIBUTE
06-29 02:43:44.662  4322  4398 D vndksupport: Loading /vendor/lib/hw/gralloc.msm8974.so from current namespace instead of sphal namespace.
06-29 02:43:44.667  4322  4322 W StaticLayout: maxLineHeight should not be -1.  maxLines:1 lineCount:1
06-29 02:43:44.677  4322  4322 W StaticLayout: maxLineHeight should not be -1.  maxLines:1 lineCount:1
06-29 02:43:44.693  4322  4322 I TransferNetworkLossHand: Network connectivity changed detected.
06-29 02:43:44.694  4322  4322 I TransferNetworkLossHand: Network connected: false
06-29 02:43:44.851  4322  4398 D vndksupport: Loading /vendor/lib/hw/android.hardware.graphics.mapper@2.0-impl.so from current namespace instead of sphal namespace.
06-29 02:43:44.852  4322  4398 D vndksupport: Loading /vendor/lib/hw/gralloc.msm8974.so from current namespace instead of sphal namespace.
06-29 02:43:48.599  4322  4322 V MainActivity: Connect button clicked
06-29 02:43:51.013  4322  4322 V ConnectionFragment: Discovery switch checked
06-29 02:43:52.908  4322  4322 D NearbyFragment: Started discovering
06-29 02:43:54.088  4322  4322 D NearbyFragment: Found endpoint lO03: Nexus 5X [34d8]
06-29 02:44:06.275  4322  4322 D NearbyFragment: Selected 'Endpoint{id=lO03, name=Nexus 5X [34d8]}'
06-29 02:44:06.306  4322  4398 W Adreno-EGL: <qeglDrvAPI_eglGetConfigAttrib:607>: EGL_BAD_ATTRIBUTE
06-29 02:44:06.307  4322  4398 D vndksupport: Loading /vendor/lib/hw/gralloc.msm8974.so from current namespace instead of sphal namespace.
06-29 02:44:10.970  4322  4322 D NearbyFragment: Initiated connection with Endpoint{id=lO03, name=Nexus 5X [34d8]}: Nexus 5X [34d8]
06-29 02:44:11.038  4322  4336 I zygote  : Do full code cache collection, code=126KB, data=89KB
06-29 02:44:11.038  4322  4336 I zygote  : After code cache collection, code=124KB, data=61KB
06-29 02:44:11.101  4322  4322 D NearbyFragment: Requested connection with Endpoint{id=lO03, name=Nexus 5X [34d8]}
06-29 02:44:11.170  4322  4398 W Adreno-EGL: <qeglDrvAPI_eglGetConfigAttrib:607>: EGL_BAD_ATTRIBUTE
06-29 02:44:11.178  4322  4398 D vndksupport: Loading /vendor/lib/hw/gralloc.msm8974.so from current namespace instead of sphal namespace.
06-29 02:44:11.190  4322  4336 I zygote  : Do partial code cache collection, code=124KB, data=74KB
06-29 02:44:11.190  4322  4336 I zygote  : After code cache collection, code=124KB, data=74KB
06-29 02:44:11.190  4322  4336 I zygote  : Increasing code cache capacity to 512KB
06-29 02:44:13.053  4322  4322 I NearbyFragment: Connected to Endpoint{id=lO03, name=Nexus 5X [34d8]}
06-29 02:44:14.733  4322  4322 V ConnectionFragment: Discovery switch unchecked
06-29 02:44:14.733  4322  4322 D NearbyFragment: Stopped discovering
06-29 02:44:18.438  4322  4322 I TransferNetworkLossHand: Network connectivity changed detected.
06-29 02:44:18.446  4322  4322 I TransferNetworkLossHand: Network connected: true
06-29 02:47:50.286  4322  4322 D NearbyFragment: onPayloadReceived(endpointId=lO03, payload=com.google.android.gms.nearby.connection.Payload@8e0679b)
06-29 02:47:50.288  4322  4322 V NearbyFragment: Started downloading SUMMARISE:-5560711094076862735:20200312_193728.mp4:45.0_1.0_23_medium from Endpoint{id=lO03, name=Nexus 5X [34d8]}
06-29 02:47:50.298  4322  4322 V NearbyFragment: Transfer to lO03: 100%
06-29 02:47:50.302  4322  4322 V NearbyFragment: Transfer to lO03: 100%
06-29 02:47:50.316  4322  4322 D NearbyFragment: onPayloadReceived(endpointId=lO03, payload=com.google.android.gms.nearby.connection.Payload@723c76)
06-29 02:47:50.320  4322  4322 V NearbyFragment: Transfer to lO03: 0%
06-29 02:47:50.330  4322  4322 V NearbyFragment: Transfer to lO03: 0%
06-29 02:47:50.341  4322  4322 V NearbyFragment: Transfer to lO03: 0%
06-29 02:47:50.351  4322  4322 V NearbyFragment: Transfer to lO03: 0%
06-29 02:47:50.363  4322  4322 V NearbyFragment: Transfer to lO03: 0%
06-29 02:47:50.384  4322  4322 V NearbyFragment: Transfer to lO03: 0%
06-29 02:47:50.395  4322  4322 V NearbyFragment: Transfer to lO03: 0%
06-29 02:47:50.407  4322  4322 V NearbyFragment: Transfer to lO03: 0%
06-29 02:47:50.420  4322  4322 V NearbyFragment: Transfer to lO03: 0%
06-29 02:47:50.432  4322  4322 V NearbyFragment: Transfer to lO03: 0%
06-29 02:47:50.451  4322  4322 V NearbyFragment: Transfer to lO03: 1%
06-29 02:47:50.469  4322  4322 V NearbyFragment: Transfer to lO03: 1%
06-29 02:47:50.482  4322  4322 V NearbyFragment: Transfer to lO03: 1%
06-29 02:47:50.494  4322  4322 V NearbyFragment: Transfer to lO03: 1%
06-29 02:47:50.505  4322  4322 V NearbyFragment: Transfer to lO03: 1%
06-29 02:47:50.567  4322  4322 V NearbyFragment: Transfer to lO03: 1%
06-29 02:47:50.575  4322  4322 V NearbyFragment: Transfer to lO03: 1%
06-29 02:47:50.584  4322  4322 V NearbyFragment: Transfer to lO03: 1%
06-29 02:47:50.596  4322  4322 V NearbyFragment: Transfer to lO03: 1%
06-29 02:47:50.606  4322  4322 V NearbyFragment: Transfer to lO03: 1%
06-29 02:47:50.618  4322  4322 V NearbyFragment: Transfer to lO03: 1%
06-29 02:47:50.629  4322  4322 V NearbyFragment: Transfer to lO03: 2%
06-29 02:47:50.638  4322  4322 V NearbyFragment: Transfer to lO03: 2%
06-29 02:47:50.655  4322  4322 V NearbyFragment: Transfer to lO03: 2%
06-29 02:47:50.664  4322  4322 V NearbyFragment: Transfer to lO03: 2%
06-29 02:47:50.677  4322  4322 V NearbyFragment: Transfer to lO03: 2%
06-29 02:47:50.693  4322  4322 V NearbyFragment: Transfer to lO03: 2%
06-29 02:47:50.706  4322  4322 V NearbyFragment: Transfer to lO03: 2%
06-29 02:47:50.719  4322  4322 V NearbyFragment: Transfer to lO03: 2%
06-29 02:47:50.738  4322  4322 V NearbyFragment: Transfer to lO03: 2%
06-29 02:47:50.753  4322  4322 V NearbyFragment: Transfer to lO03: 2%
06-29 02:47:50.763  4322  4322 V NearbyFragment: Transfer to lO03: 2%
06-29 02:47:50.775  4322  4322 V NearbyFragment: Transfer to lO03: 3%
06-29 02:47:50.777  4322  4322 V NearbyFragment: Transfer to lO03: 3%
06-29 02:47:50.783  4322  4322 V NearbyFragment: Transfer to lO03: 3%
06-29 02:47:50.790  4322  4322 V NearbyFragment: Transfer to lO03: 3%
06-29 02:47:50.801  4322  4322 V NearbyFragment: Transfer to lO03: 3%
06-29 02:47:50.814  4322  4322 V NearbyFragment: Transfer to lO03: 3%
06-29 02:47:50.826  4322  4322 V NearbyFragment: Transfer to lO03: 3%
06-29 02:47:50.834  4322  4322 V NearbyFragment: Transfer to lO03: 3%
06-29 02:47:50.843  4322  4322 V NearbyFragment: Transfer to lO03: 3%
06-29 02:47:50.859  4322  4322 V NearbyFragment: Transfer to lO03: 3%
06-29 02:47:50.861  4322  4322 V NearbyFragment: Transfer to lO03: 4%
06-29 02:47:50.884  4322  4322 V NearbyFragment: Transfer to lO03: 4%
06-29 02:47:50.911  4322  4322 V NearbyFragment: Transfer to lO03: 4%
06-29 02:47:50.921  4322  4322 V NearbyFragment: Transfer to lO03: 4%
06-29 02:47:50.942  4322  4322 V NearbyFragment: Transfer to lO03: 4%
06-29 02:47:50.957  4322  4322 V NearbyFragment: Transfer to lO03: 4%
06-29 02:47:50.973  4322  4322 V NearbyFragment: Transfer to lO03: 4%
06-29 02:47:50.986  4322  4322 V NearbyFragment: Transfer to lO03: 4%
06-29 02:47:50.998  4322  4322 V NearbyFragment: Transfer to lO03: 4%
06-29 02:47:51.021  4322  4322 V NearbyFragment: Transfer to lO03: 4%
06-29 02:47:51.035  4322  4322 V NearbyFragment: Transfer to lO03: 4%
06-29 02:47:51.045  4322  4322 V NearbyFragment: Transfer to lO03: 5%
06-29 02:47:51.055  4322  4322 V NearbyFragment: Transfer to lO03: 5%
06-29 02:47:51.059  4322  4322 V NearbyFragment: Transfer to lO03: 5%
06-29 02:47:51.069  4322  4322 V NearbyFragment: Transfer to lO03: 5%
06-29 02:47:51.074  4322  4322 V NearbyFragment: Transfer to lO03: 5%
06-29 02:47:51.081  4322  4322 V NearbyFragment: Transfer to lO03: 5%
06-29 02:47:51.085  4322  4322 V NearbyFragment: Transfer to lO03: 5%
06-29 02:47:51.096  4322  4322 V NearbyFragment: Transfer to lO03: 5%
06-29 02:47:51.099  4322  4322 V NearbyFragment: Transfer to lO03: 5%
06-29 02:47:51.108  4322  4322 V NearbyFragment: Transfer to lO03: 5%
06-29 02:47:51.114  4322  4322 V NearbyFragment: Transfer to lO03: 5%
06-29 02:47:51.119  4322  4322 V NearbyFragment: Transfer to lO03: 6%
06-29 02:47:51.145  4322  4322 V NearbyFragment: Transfer to lO03: 6%
06-29 02:47:51.150  4322  4322 V NearbyFragment: Transfer to lO03: 6%
06-29 02:47:51.168  4322  4322 V NearbyFragment: Transfer to lO03: 6%
06-29 02:47:51.186  4322  4322 V NearbyFragment: Transfer to lO03: 6%
06-29 02:47:51.197  4322  4322 V NearbyFragment: Transfer to lO03: 6%
06-29 02:47:51.209  4322  4322 V NearbyFragment: Transfer to lO03: 6%
06-29 02:47:51.221  4322  4322 V NearbyFragment: Transfer to lO03: 6%
06-29 02:47:51.237  4322  4322 V NearbyFragment: Transfer to lO03: 6%
06-29 02:47:51.258  4322  4322 V NearbyFragment: Transfer to lO03: 6%
06-29 02:47:51.261  4322  4322 V NearbyFragment: Transfer to lO03: 7%
06-29 02:47:51.269  4322  4322 V NearbyFragment: Transfer to lO03: 7%
06-29 02:47:51.276  4322  4322 V NearbyFragment: Transfer to lO03: 7%
06-29 02:47:51.283  4322  4322 V NearbyFragment: Transfer to lO03: 7%
06-29 02:47:51.289  4322  4322 V NearbyFragment: Transfer to lO03: 7%
06-29 02:47:51.293  4322  4322 V NearbyFragment: Transfer to lO03: 7%
06-29 02:47:51.303  4322  4322 V NearbyFragment: Transfer to lO03: 7%
06-29 02:47:51.308  4322  4322 V NearbyFragment: Transfer to lO03: 7%
06-29 02:47:51.316  4322  4322 V NearbyFragment: Transfer to lO03: 7%
06-29 02:47:51.316  4322  4322 V NearbyFragment: Transfer to lO03: 7%
06-29 02:47:51.326  4322  4322 V NearbyFragment: Transfer to lO03: 7%
06-29 02:47:51.329  4322  4322 V NearbyFragment: Transfer to lO03: 8%
06-29 02:47:51.338  4322  4322 V NearbyFragment: Transfer to lO03: 8%
06-29 02:47:51.339  4322  4322 V NearbyFragment: Transfer to lO03: 8%
06-29 02:47:51.346  4322  4322 V NearbyFragment: Transfer to lO03: 8%
06-29 02:47:51.355  4322  4322 V NearbyFragment: Transfer to lO03: 8%
06-29 02:47:51.361  4322  4322 V NearbyFragment: Transfer to lO03: 8%
06-29 02:47:51.368  4322  4322 V NearbyFragment: Transfer to lO03: 8%
06-29 02:47:51.378  4322  4322 V NearbyFragment: Transfer to lO03: 8%
06-29 02:47:51.401  4322  4322 V NearbyFragment: Transfer to lO03: 8%
06-29 02:47:51.414  4322  4322 V NearbyFragment: Transfer to lO03: 8%
06-29 02:47:51.414  4322  4322 V NearbyFragment: Transfer to lO03: 8%
06-29 02:47:51.439  4322  4322 V NearbyFragment: Transfer to lO03: 9%
06-29 02:47:51.454  4322  4322 V NearbyFragment: Transfer to lO03: 9%
06-29 02:47:51.457  4322  4322 V NearbyFragment: Transfer to lO03: 9%
06-29 02:47:51.468  4322  4322 V NearbyFragment: Transfer to lO03: 9%
06-29 02:47:51.477  4322  4322 V NearbyFragment: Transfer to lO03: 9%
06-29 02:47:51.484  4322  4322 V NearbyFragment: Transfer to lO03: 9%
06-29 02:47:51.489  4322  4322 V NearbyFragment: Transfer to lO03: 9%
06-29 02:47:51.499  4322  4322 V NearbyFragment: Transfer to lO03: 9%
06-29 02:47:51.504  4322  4322 V NearbyFragment: Transfer to lO03: 9%
06-29 02:47:51.519  4322  4322 V NearbyFragment: Transfer to lO03: 9%
06-29 02:47:51.523  4322  4322 V NearbyFragment: Transfer to lO03: 10%
06-29 02:47:51.534  4322  4322 V NearbyFragment: Transfer to lO03: 10%
06-29 02:47:51.539  4322  4322 V NearbyFragment: Transfer to lO03: 10%
06-29 02:47:51.544  4322  4322 V NearbyFragment: Transfer to lO03: 10%
06-29 02:47:51.557  4322  4322 V NearbyFragment: Transfer to lO03: 10%
06-29 02:47:51.564  4322  4322 V NearbyFragment: Transfer to lO03: 10%
06-29 02:47:51.576  4322  4322 V NearbyFragment: Transfer to lO03: 10%
06-29 02:47:51.584  4322  4322 V NearbyFragment: Transfer to lO03: 10%
06-29 02:47:51.602  4322  4322 V NearbyFragment: Transfer to lO03: 10%
06-29 02:47:51.609  4322  4322 V NearbyFragment: Transfer to lO03: 10%
06-29 02:47:51.615  4322  4322 V NearbyFragment: Transfer to lO03: 10%
06-29 02:47:51.622  4322  4322 V NearbyFragment: Transfer to lO03: 11%
06-29 02:47:51.629  4322  4322 V NearbyFragment: Transfer to lO03: 11%
06-29 02:47:51.636  4322  4322 V NearbyFragment: Transfer to lO03: 11%
06-29 02:47:51.667  4322  4322 V NearbyFragment: Transfer to lO03: 11%
06-29 02:47:51.671  4322  4322 V NearbyFragment: Transfer to lO03: 11%
06-29 02:47:51.681  4322  4322 V NearbyFragment: Transfer to lO03: 11%
06-29 02:47:51.688  4322  4322 V NearbyFragment: Transfer to lO03: 11%
06-29 02:47:51.694  4322  4322 V NearbyFragment: Transfer to lO03: 11%
06-29 02:47:51.700  4322  4322 V NearbyFragment: Transfer to lO03: 11%
06-29 02:47:51.706  4322  4322 V NearbyFragment: Transfer to lO03: 11%
06-29 02:47:51.712  4322  4322 V NearbyFragment: Transfer to lO03: 11%
06-29 02:47:51.719  4322  4322 V NearbyFragment: Transfer to lO03: 12%
06-29 02:47:51.729  4322  4322 V NearbyFragment: Transfer to lO03: 12%
06-29 02:47:51.736  4322  4322 V NearbyFragment: Transfer to lO03: 12%
06-29 02:47:51.749  4322  4322 V NearbyFragment: Transfer to lO03: 12%
06-29 02:47:51.758  4322  4322 V NearbyFragment: Transfer to lO03: 12%
06-29 02:47:51.765  4322  4322 V NearbyFragment: Transfer to lO03: 12%
06-29 02:47:51.778  4322  4322 V NearbyFragment: Transfer to lO03: 12%
06-29 02:47:51.790  4322  4322 V NearbyFragment: Transfer to lO03: 12%
06-29 02:47:51.850  4322  4322 V NearbyFragment: Transfer to lO03: 12%
06-29 02:47:51.875  4322  4322 V NearbyFragment: Transfer to lO03: 12%
06-29 02:47:51.882  4322  4322 V NearbyFragment: Transfer to lO03: 13%
06-29 02:47:51.905  4322  4322 V NearbyFragment: Transfer to lO03: 13%
06-29 02:47:51.914  4322  4322 V NearbyFragment: Transfer to lO03: 13%
06-29 02:47:51.930  4322  4322 V NearbyFragment: Transfer to lO03: 13%
06-29 02:47:51.936  4322  4322 V NearbyFragment: Transfer to lO03: 13%
06-29 02:47:51.944  4322  4322 V NearbyFragment: Transfer to lO03: 13%
06-29 02:47:51.969  4322  4322 V NearbyFragment: Transfer to lO03: 13%
06-29 02:47:51.979  4322  4322 V NearbyFragment: Transfer to lO03: 13%
06-29 02:47:51.986  4322  4322 V NearbyFragment: Transfer to lO03: 13%
06-29 02:47:51.995  4322  4322 V NearbyFragment: Transfer to lO03: 13%
06-29 02:47:51.996  4322  4322 V NearbyFragment: Transfer to lO03: 13%
06-29 02:47:52.008  4322  4322 V NearbyFragment: Transfer to lO03: 14%
06-29 02:47:52.018  4322  4322 V NearbyFragment: Transfer to lO03: 14%
06-29 02:47:52.034  4322  4322 V NearbyFragment: Transfer to lO03: 14%
06-29 02:47:52.041  4322  4322 V NearbyFragment: Transfer to lO03: 14%
06-29 02:47:52.058  4322  4322 V NearbyFragment: Transfer to lO03: 14%
06-29 02:47:52.072  4322  4322 V NearbyFragment: Transfer to lO03: 14%
06-29 02:47:52.083  4322  4322 V NearbyFragment: Transfer to lO03: 14%
06-29 02:47:52.220  4322  4322 V NearbyFragment: Transfer to lO03: 14%
06-29 02:47:52.234  4322  4322 V NearbyFragment: Transfer to lO03: 14%
06-29 02:47:52.243  4322  4322 V NearbyFragment: Transfer to lO03: 14%
06-29 02:47:52.254  4322  4322 V NearbyFragment: Transfer to lO03: 14%
06-29 02:47:52.263  4322  4322 V NearbyFragment: Transfer to lO03: 15%
06-29 02:47:52.270  4322  4322 V NearbyFragment: Transfer to lO03: 15%
06-29 02:47:52.347  4322  4322 V NearbyFragment: Transfer to lO03: 15%
06-29 02:47:52.365  4322  4322 V NearbyFragment: Transfer to lO03: 15%
06-29 02:47:52.372  4322  4322 V NearbyFragment: Transfer to lO03: 15%
06-29 02:47:52.378  4322  4322 V NearbyFragment: Transfer to lO03: 15%
06-29 02:47:52.384  4322  4322 V NearbyFragment: Transfer to lO03: 15%
06-29 02:47:52.393  4322  4322 V NearbyFragment: Transfer to lO03: 15%
06-29 02:47:52.403  4322  4322 V NearbyFragment: Transfer to lO03: 15%
06-29 02:47:52.418  4322  4322 V NearbyFragment: Transfer to lO03: 15%
06-29 02:47:52.425  4322  4322 V NearbyFragment: Transfer to lO03: 16%
06-29 02:47:52.443  4322  4322 V NearbyFragment: Transfer to lO03: 16%
06-29 02:47:52.452  4322  4322 V NearbyFragment: Transfer to lO03: 16%
06-29 02:47:52.469  4322  4322 V NearbyFragment: Transfer to lO03: 16%
06-29 02:47:52.485  4322  4322 V NearbyFragment: Transfer to lO03: 16%
06-29 02:47:52.522  4322  4322 V NearbyFragment: Transfer to lO03: 16%
06-29 02:47:52.673  4322  4322 V NearbyFragment: Transfer to lO03: 16%
06-29 02:47:52.689  4322  4322 V NearbyFragment: Transfer to lO03: 16%
06-29 02:47:52.702  4322  4322 V NearbyFragment: Transfer to lO03: 16%
06-29 02:47:52.713  4322  4322 V NearbyFragment: Transfer to lO03: 16%
06-29 02:47:52.723  4322  4322 V NearbyFragment: Transfer to lO03: 16%
06-29 02:47:52.736  4322  4322 V NearbyFragment: Transfer to lO03: 17%
06-29 02:47:52.747  4322  4322 V NearbyFragment: Transfer to lO03: 17%
06-29 02:47:52.757  4322  4322 V NearbyFragment: Transfer to lO03: 17%
06-29 02:47:52.763  4322  4322 V NearbyFragment: Transfer to lO03: 17%
06-29 02:47:52.788  4322  4322 V NearbyFragment: Transfer to lO03: 17%
06-29 02:47:52.796  4322  4322 V NearbyFragment: Transfer to lO03: 17%
06-29 02:47:52.808  4322  4322 V NearbyFragment: Transfer to lO03: 17%
06-29 02:47:52.817  4322  4322 V NearbyFragment: Transfer to lO03: 17%
06-29 02:47:52.829  4322  4322 V NearbyFragment: Transfer to lO03: 17%
06-29 02:47:52.839  4322  4322 V NearbyFragment: Transfer to lO03: 17%
06-29 02:47:52.849  4322  4322 V NearbyFragment: Transfer to lO03: 17%
06-29 02:47:52.860  4322  4322 V NearbyFragment: Transfer to lO03: 18%
06-29 02:47:52.889  4322  4322 V NearbyFragment: Transfer to lO03: 18%
06-29 02:47:52.900  4322  4322 V NearbyFragment: Transfer to lO03: 18%
06-29 02:47:52.914  4322  4322 V NearbyFragment: Transfer to lO03: 18%
06-29 02:47:52.932  4322  4322 V NearbyFragment: Transfer to lO03: 18%
06-29 02:47:52.939  4322  4322 V NearbyFragment: Transfer to lO03: 18%
06-29 02:47:52.995  4322  4322 V NearbyFragment: Transfer to lO03: 18%
06-29 02:47:53.007  4322  4322 V NearbyFragment: Transfer to lO03: 18%
06-29 02:47:53.018  4322  4322 V NearbyFragment: Transfer to lO03: 18%
06-29 02:47:53.031  4322  4322 V NearbyFragment: Transfer to lO03: 18%
06-29 02:47:53.050  4322  4322 V NearbyFragment: Transfer to lO03: 19%
06-29 02:47:53.066  4322  4322 V NearbyFragment: Transfer to lO03: 19%
06-29 02:47:53.073  4322  4322 V NearbyFragment: Transfer to lO03: 19%
06-29 02:47:53.141  4322  4322 V NearbyFragment: Transfer to lO03: 19%
06-29 02:47:53.157  4322  4322 V NearbyFragment: Transfer to lO03: 19%
06-29 02:47:53.182  4322  4322 V NearbyFragment: Transfer to lO03: 19%
06-29 02:47:53.197  4322  4322 V NearbyFragment: Transfer to lO03: 19%
06-29 02:47:53.222  4322  4322 V NearbyFragment: Transfer to lO03: 19%
06-29 02:47:53.234  4322  4322 V NearbyFragment: Transfer to lO03: 19%
06-29 02:47:53.243  4322  4322 V NearbyFragment: Transfer to lO03: 19%
06-29 02:47:53.251  4322  4322 V NearbyFragment: Transfer to lO03: 19%
06-29 02:47:53.262  4322  4322 V NearbyFragment: Transfer to lO03: 20%
06-29 02:47:53.269  4322  4322 V NearbyFragment: Transfer to lO03: 20%
06-29 02:47:53.278  4322  4322 V NearbyFragment: Transfer to lO03: 20%
06-29 02:47:53.287  4322  4322 V NearbyFragment: Transfer to lO03: 20%
06-29 02:47:53.295  4322  4322 V NearbyFragment: Transfer to lO03: 20%
06-29 02:47:53.301  4322  4322 V NearbyFragment: Transfer to lO03: 20%
06-29 02:47:53.307  4322  4322 V NearbyFragment: Transfer to lO03: 20%
06-29 02:47:53.315  4322  4322 V NearbyFragment: Transfer to lO03: 20%
06-29 02:47:53.323  4322  4322 V NearbyFragment: Transfer to lO03: 20%
06-29 02:47:53.340  4322  4322 V NearbyFragment: Transfer to lO03: 20%
06-29 02:47:53.347  4322  4322 V NearbyFragment: Transfer to lO03: 20%
06-29 02:47:53.357  4322  4322 V NearbyFragment: Transfer to lO03: 21%
06-29 02:47:53.358  4322  4322 V NearbyFragment: Transfer to lO03: 21%
06-29 02:47:53.364  4322  4322 V NearbyFragment: Transfer to lO03: 21%
06-29 02:47:53.381  4322  4322 V NearbyFragment: Transfer to lO03: 21%
06-29 02:47:53.390  4322  4322 V NearbyFragment: Transfer to lO03: 21%
06-29 02:47:53.401  4322  4322 V NearbyFragment: Transfer to lO03: 21%
06-29 02:47:53.414  4322  4322 V NearbyFragment: Transfer to lO03: 21%
06-29 02:47:53.445  4322  4322 V NearbyFragment: Transfer to lO03: 21%
06-29 02:47:53.455  4322  4322 V NearbyFragment: Transfer to lO03: 21%
06-29 02:47:53.475  4322  4322 V NearbyFragment: Transfer to lO03: 21%
06-29 02:47:53.489  4322  4322 V NearbyFragment: Transfer to lO03: 22%
06-29 02:47:53.496  4322  4322 V NearbyFragment: Transfer to lO03: 22%
06-29 02:47:53.506  4322  4322 V NearbyFragment: Transfer to lO03: 22%
06-29 02:47:53.525  4322  4322 V NearbyFragment: Transfer to lO03: 22%
06-29 02:47:53.542  4322  4322 V NearbyFragment: Transfer to lO03: 22%
06-29 02:47:53.552  4322  4322 V NearbyFragment: Transfer to lO03: 22%
06-29 02:47:53.572  4322  4322 V NearbyFragment: Transfer to lO03: 22%
06-29 02:47:53.586  4322  4322 V NearbyFragment: Transfer to lO03: 22%
06-29 02:47:53.599  4322  4322 V NearbyFragment: Transfer to lO03: 22%
06-29 02:47:53.616  4322  4322 V NearbyFragment: Transfer to lO03: 22%
06-29 02:47:53.632  4322  4322 V NearbyFragment: Transfer to lO03: 22%
06-29 02:47:53.663  4322  4322 V NearbyFragment: Transfer to lO03: 23%
06-29 02:47:53.684  4322  4322 V NearbyFragment: Transfer to lO03: 23%
06-29 02:47:53.724  4322  4322 V NearbyFragment: Transfer to lO03: 23%
06-29 02:47:53.732  4322  4322 V NearbyFragment: Transfer to lO03: 23%
06-29 02:47:53.764  4322  4322 V NearbyFragment: Transfer to lO03: 23%
06-29 02:47:53.766  4322  4322 V NearbyFragment: Transfer to lO03: 23%
06-29 02:47:53.774  4322  4322 V NearbyFragment: Transfer to lO03: 23%
06-29 02:47:53.781  4322  4322 V NearbyFragment: Transfer to lO03: 23%
06-29 02:47:53.789  4322  4322 V NearbyFragment: Transfer to lO03: 23%
06-29 02:47:53.798  4322  4322 V NearbyFragment: Transfer to lO03: 23%
06-29 02:47:53.799  4322  4322 V NearbyFragment: Transfer to lO03: 23%
06-29 02:47:53.809  4322  4322 V NearbyFragment: Transfer to lO03: 24%
06-29 02:47:53.810  4322  4322 V NearbyFragment: Transfer to lO03: 24%
06-29 02:47:53.819  4322  4322 V NearbyFragment: Transfer to lO03: 24%
06-29 02:47:53.830  4322  4322 V NearbyFragment: Transfer to lO03: 24%
06-29 02:47:53.839  4322  4322 V NearbyFragment: Transfer to lO03: 24%
06-29 02:47:53.849  4322  4322 V NearbyFragment: Transfer to lO03: 24%
06-29 02:47:53.853  4322  4322 V NearbyFragment: Transfer to lO03: 24%
06-29 02:47:53.860  4322  4322 V NearbyFragment: Transfer to lO03: 24%
06-29 02:47:53.866  4322  4322 V NearbyFragment: Transfer to lO03: 24%
06-29 02:47:53.876  4322  4322 V NearbyFragment: Transfer to lO03: 24%
06-29 02:47:53.889  4322  4322 V NearbyFragment: Transfer to lO03: 25%
06-29 02:47:53.901  4322  4322 V NearbyFragment: Transfer to lO03: 25%
06-29 02:47:53.912  4322  4322 V NearbyFragment: Transfer to lO03: 25%
06-29 02:47:53.925  4322  4322 V NearbyFragment: Transfer to lO03: 25%
06-29 02:47:53.936  4322  4322 V NearbyFragment: Transfer to lO03: 25%
06-29 02:47:53.969  4322  4322 V NearbyFragment: Transfer to lO03: 25%
06-29 02:47:53.978  4322  4322 V NearbyFragment: Transfer to lO03: 25%
06-29 02:47:53.981  4322  4322 V NearbyFragment: Transfer to lO03: 25%
06-29 02:47:53.989  4322  4322 V NearbyFragment: Transfer to lO03: 25%
06-29 02:47:53.997  4322  4322 V NearbyFragment: Transfer to lO03: 25%
06-29 02:47:53.999  4322  4322 V NearbyFragment: Transfer to lO03: 25%
06-29 02:47:54.008  4322  4322 V NearbyFragment: Transfer to lO03: 26%
06-29 02:47:54.027  4322  4322 V NearbyFragment: Transfer to lO03: 26%
06-29 02:47:54.039  4322  4322 V NearbyFragment: Transfer to lO03: 26%
06-29 02:47:54.049  4322  4322 V NearbyFragment: Transfer to lO03: 26%
06-29 02:47:54.057  4322  4322 V NearbyFragment: Transfer to lO03: 26%
06-29 02:47:54.063  4322  4322 V NearbyFragment: Transfer to lO03: 26%
06-29 02:47:54.069  4322  4322 V NearbyFragment: Transfer to lO03: 26%
06-29 02:47:54.075  4322  4322 V NearbyFragment: Transfer to lO03: 26%
06-29 02:47:54.078  4322  4322 V NearbyFragment: Transfer to lO03: 26%
06-29 02:47:54.095  4322  4322 V NearbyFragment: Transfer to lO03: 26%
