--------- beginning of main
06-29 02:43:38.820 29697 29697 E Zygote  : isWhitelistProcess - Process is Whitelisted
06-29 02:43:38.822 29697 29697 E Zygote  : accessInfo : 1
06-29 02:43:38.834 29697 29697 I example.edgesu: Late-enabling -Xcheck:jni
06-29 02:43:40.791 29697 29697 I TransferService: Starting Transfer Service to listen for network connectivity changes.
06-29 02:43:40.796 29697 29697 W LogFactory: Truncating log tag length as it exceed 23, the limit imposed by Android on certain API Levels
06-29 02:43:40.897 29697 29697 I TransferService: Registering the network receiver
06-29 02:43:40.902 29697 29697 I TransferService: Moving the service out of the Foreground state.
06-29 02:43:40.906 29697 29697 I TransferService: De-registering the network receiver.
06-29 02:43:41.880 29697 29697 W ActivityThread: handleWindowVisibility: no activity for token android.os.BinderProxy@cab727e
06-29 02:43:41.889 29697 29742 D vndksupport: Loading /vendor/lib64/egl/libGLES_mali.so from current namespace instead of sphal namespace.
06-29 02:43:41.940 29697 29742 D libEGL  : loaded /vendor/lib64/egl/libGLES_mali.so
06-29 02:43:41.960 29697 29697 W example.edgesu: Accessing hidden method Landroid/graphics/drawable/Drawable;->getOpticalInsets()Landroid/graphics/Insets; (light greylist, linking)
06-29 02:43:41.960 29697 29697 W example.edgesu: Accessing hidden field Landroid/graphics/Insets;->left:I (light greylist, linking)
06-29 02:43:41.960 29697 29697 W example.edgesu: Accessing hidden field Landroid/graphics/Insets;->right:I (light greylist, linking)
06-29 02:43:41.961 29697 29697 W example.edgesu: Accessing hidden field Landroid/graphics/Insets;->top:I (light greylist, linking)
06-29 02:43:41.961 29697 29697 W example.edgesu: Accessing hidden field Landroid/graphics/Insets;->bottom:I (light greylist, linking)
06-29 02:43:41.981 29697 29697 I DecorView: createDecorCaptionView >> DecorView@459a273[], isFloating: false, isApplication: true, hasWindowDecorCaption: false, hasWindowControllerCallback: true
06-29 02:43:42.019 29697 29697 W example.edgesu: Accessing hidden method Landroid/view/View;->computeFitSystemWindows(Landroid/graphics/Rect;Landroid/graphics/Rect;)Z (light greylist, reflection)
06-29 02:43:42.020 29697 29697 W example.edgesu: Accessing hidden method Landroid/view/ViewGroup;->makeOptionalFitsSystemWindows()V (light greylist, reflection)
06-29 02:43:42.125 29697 29697 W example.edgesu: Accessing hidden method Landroid/widget/TextView;->getTextDirectionHeuristic()Landroid/text/TextDirectionHeuristic; (light greylist, linking)
06-29 02:43:42.135 29697 29697 W example.edgesu: Accessing hidden field Landroid/view/View;->mAccessibilityDelegate:Landroid/view/View$AccessibilityDelegate; (light greylist, reflection)
06-29 02:43:42.204 29697 29697 V Repo    : /storage/emulated/0/Movies/raw
06-29 02:43:42.204 29697 29697 V Repo    : /storage/emulated/0/Movies/summarised
06-29 02:43:42.227 29697 29697 V FileManager: External storage is readable
06-29 02:43:42.228 29697 29697 V FileManager: Directory already exists: /storage/emulated/0/Movies/raw
06-29 02:43:42.229 29697 29697 V FileManager: External storage is readable
06-29 02:43:42.229 29697 29697 V FileManager: Directory already exists: /storage/emulated/0/Movies/summarised
06-29 02:43:42.231 29697 29697 V FileManager: External storage is readable
06-29 02:43:42.231 29697 29697 V FileManager: Directory already exists: /storage/emulated/0/Download/nearby
06-29 02:43:42.232 29697 29697 V FileManager: External storage is readable
06-29 02:43:42.233 29697 29697 V FileManager: Directory already exists: /storage/emulated/0/Movies/segment
06-29 02:43:42.235 29697 29697 V FileManager: External storage is readable
06-29 02:43:42.236 29697 29697 V FileManager: Directory already exists: /storage/emulated/0/Movies/segment-sum
06-29 02:43:42.375 29697 29697 V VideoManager: getAllVideoFromExternalStorageFolder
06-29 02:43:42.376 29697 29697 D VideoManager: /storage/emulated/0/Movies/summarised
06-29 02:43:42.383 29697 29697 D VideoManager: 0 videos return
06-29 02:43:42.414 29697 29697 V VideoManager: getAllVideoFromExternalStorageFolder
06-29 02:43:42.415 29697 29697 D VideoManager: /storage/emulated/0/Movies/raw
06-29 02:43:42.420 29697 29697 D VideoManager: 0 videos return
06-29 02:43:42.445 29697 29697 D OpenGLRenderer: Skia GL Pipeline
06-29 02:43:42.449 29697 29697 D EmergencyMode: [EmergencyManager] android createPackageContext successful
06-29 02:43:42.464 29697 29697 D InputTransport: Input channel constructed: fd=64
06-29 02:43:42.465 29697 29697 D ViewRootImpl@11f8d6[MainActivity]: setView = DecorView@459a273[MainActivity] TM=true MM=false
06-29 02:43:42.469 29697 29697 I TransferService: Starting Transfer Service to listen for network connectivity changes.
06-29 02:43:42.469 29697 29697 I TransferService: Registering the network receiver
06-29 02:43:42.471 29697 29697 E TransferService: No notification is passed in the intent. Unable to transition to foreground.
06-29 02:43:42.493 29697 29712 D MainActivity: Scanned /storage/emulated/0/Movies/summarised
06-29 02:43:42.493 29697 29712 D MainActivity:   -> uri=content://media/external/file/136267
06-29 02:43:42.500 29697 29697 D ViewRootImpl@11f8d6[MainActivity]: dispatchAttachedToWindow
06-29 02:43:42.516 29697 29712 D MainActivity: Scanned /storage/emulated/0/Movies/raw
06-29 02:43:42.516 29697 29712 D MainActivity:   -> uri=content://media/external/file/136268
06-29 02:43:42.521 29697 29697 W StaticLayout: maxLineHeight should not be -1.  maxLines:1 lineCount:1
06-29 02:43:42.530 29697 29697 W StaticLayout: maxLineHeight should not be -1.  maxLines:1 lineCount:1
06-29 02:43:42.534 29697 29697 W StaticLayout: maxLineHeight should not be -1.  maxLines:1 lineCount:1
06-29 02:43:42.538 29697 29697 W StaticLayout: maxLineHeight should not be -1.  maxLines:1 lineCount:1
06-29 02:43:42.548 29697 29697 D ViewRootImpl@11f8d6[MainActivity]: Relayout returned: old=[0,0][720,1480] new=[0,0][720,1480] result=0x7 surface={valid=true 535347179520} changed=true
06-29 02:43:42.554 29697 29697 W StaticLayout: maxLineHeight should not be -1.  maxLines:1 lineCount:1
06-29 02:43:42.555 29697 29747 I ConfigStore: android::hardware::configstore::V1_0::ISurfaceFlingerConfigs::hasWideColorDisplay retrieved: 0
06-29 02:43:42.555 29697 29747 I ConfigStore: android::hardware::configstore::V1_0::ISurfaceFlingerConfigs::hasHDRDisplay retrieved: 0
06-29 02:43:42.555 29697 29747 I OpenGLRenderer: Initialized EGL, version 1.4
06-29 02:43:42.555 29697 29747 D OpenGLRenderer: Swap behavior 2
06-29 02:43:42.558 29697 29697 W StaticLayout: maxLineHeight should not be -1.  maxLines:1 lineCount:1
06-29 02:43:42.565 29697 29747 D mali_winsys: EGLint new_window_surface(egl_winsys_display *, void *, EGLSurface, EGLConfig, egl_winsys_surface **, EGLBoolean) returns 0x3000
06-29 02:43:42.565 29697 29747 D OpenGLRenderer: eglCreateWindowSurface = 0x7c935bbf80, 0x7ca52db010
06-29 02:43:42.570 29697 29697 I TransferNetworkLossHand: Network connectivity changed detected.
06-29 02:43:42.571 29697 29697 I TransferNetworkLossHand: Network connected: false
06-29 02:43:42.655 29697 29747 D vndksupport: Loading /vendor/lib64/hw/android.hardware.graphics.mapper@2.0-impl.so from current namespace instead of sphal namespace.
06-29 02:43:42.678 29697 29697 D ViewRootImpl@11f8d6[MainActivity]: MSG_RESIZED: frame=Rect(0, 0 - 720, 1480) ci=Rect(0, 48 - 0, 96) vi=Rect(0, 48 - 0, 96) or=1
06-29 02:43:42.699 29697 29697 D ViewRootImpl@11f8d6[MainActivity]: setWindowStopped(false) old=false
06-29 02:43:42.710 29697 29697 D ViewRootImpl@11f8d6[MainActivity]: MSG_WINDOW_FOCUS_CHANGED 1 1
06-29 02:43:42.711 29697 29697 D InputMethodManager: prepareNavigationBarInfo() DecorView@459a273[MainActivity]
06-29 02:43:42.711 29697 29697 D InputMethodManager: getNavigationBarColor() -855310
06-29 02:43:42.715 29697 29697 D InputMethodManager: prepareNavigationBarInfo() DecorView@459a273[MainActivity]
06-29 02:43:42.715 29697 29697 D InputMethodManager: getNavigationBarColor() -855310
06-29 02:43:42.716 29697 29697 V InputMethodManager: Starting input: tba=com.example.edgesum ic=null mNaviBarColor -855310 mIsGetNaviBarColorSuccess true , NavVisible : true , NavTrans : false
06-29 02:43:42.716 29697 29697 D InputMethodManager: startInputInner - Id : 0
06-29 02:43:42.716 29697 29697 I InputMethodManager: startInputInner - mService.startInputOrWindowGainedFocus
06-29 02:43:42.720 29697 29712 D InputTransport: Input channel constructed: fd=74
06-29 02:43:42.750 29697 29697 D InputMethodManager: prepareNavigationBarInfo() DecorView@459a273[MainActivity]
06-29 02:43:42.750 29697 29697 D InputMethodManager: getNavigationBarColor() -855310
06-29 02:43:42.750 29697 29697 V InputMethodManager: Starting input: tba=com.example.edgesum ic=null mNaviBarColor -855310 mIsGetNaviBarColorSuccess true , NavVisible : true , NavTrans : false
06-29 02:43:42.750 29697 29697 D InputMethodManager: startInputInner - Id : 0
06-29 02:43:48.889 29697 29697 D ViewRootImpl@11f8d6[MainActivity]: ViewPostIme pointer 0
06-29 02:43:48.981 29697 29697 D ViewRootImpl@11f8d6[MainActivity]: ViewPostIme pointer 1
06-29 02:43:48.995 29697 29697 V MainActivity: Connect button clicked
06-29 02:43:51.282 29697 29697 D ViewRootImpl@11f8d6[MainActivity]: ViewPostIme pointer 0
06-29 02:43:51.380 29697 29697 D ViewRootImpl@11f8d6[MainActivity]: ViewPostIme pointer 1
06-29 02:43:51.388 29697 29697 V ConnectionFragment: Discovery switch checked
06-29 02:43:52.424 29697 29697 D NearbyFragment: Started discovering
06-29 02:43:56.519 29697 29697 D NearbyFragment: Found endpoint lO03: Nexus 5X [34d8]
06-29 02:43:56.574 29697 29697 W example.edgesu: Accessing hidden method Landroid/graphics/FontFamily;-><init>()V (light greylist, reflection)
06-29 02:43:56.575 29697 29697 W example.edgesu: Accessing hidden method Landroid/graphics/FontFamily;->addFontFromAssetManager(Landroid/content/res/AssetManager;Ljava/lang/String;IZIII[Landroid/graphics/fonts/FontVariationAxis;)Z (light greylist, reflection)
06-29 02:43:56.575 29697 29697 W example.edgesu: Accessing hidden method Landroid/graphics/FontFamily;->addFontFromBuffer(Ljava/nio/ByteBuffer;I[Landroid/graphics/fonts/FontVariationAxis;II)Z (light greylist, reflection)
06-29 02:43:56.575 29697 29697 W example.edgesu: Accessing hidden method Landroid/graphics/FontFamily;->freeze()Z (light greylist, reflection)
06-29 02:43:56.575 29697 29697 W example.edgesu: Accessing hidden method Landroid/graphics/FontFamily;->abortCreation()V (light greylist, reflection)
06-29 02:43:56.575 29697 29697 W example.edgesu: Accessing hidden method Landroid/graphics/Typeface;->createFromFamiliesWithDefault([Landroid/graphics/FontFamily;Ljava/lang/String;II)Landroid/graphics/Typeface; (light greylist, reflection)
06-29 02:44:00.747 29697 29697 D ViewRootImpl@11f8d6[MainActivity]: ViewPostIme pointer 0
06-29 02:44:00.803 29697 29697 D ViewRootImpl@11f8d6[MainActivity]: ViewPostIme pointer 1
06-29 02:44:00.846 29697 29697 D NearbyFragment: Selected 'Endpoint{id=lO03, name=Nexus 5X [34d8]}'
06-29 02:44:00.868 29697 29697 D InputTransport: Input channel constructed: fd=78
06-29 02:44:00.870 29697 29697 D ViewRootImpl@9697bcb[Toast]: setView = android.widget.LinearLayout{fa3bfa8 V.E...... ......I. 0,0-0,0} TM=true MM=false
06-29 02:44:00.870 29697 29697 V Toast   : Text: Donn in android.widget.Toast$TN@10dfac1
06-29 02:44:00.873 29697 29697 D ViewRootImpl@9697bcb[Toast]: dispatchAttachedToWindow
06-29 02:44:00.893 29697 29697 D ViewRootImpl@9697bcb[Toast]: Relayout returned: old=[0,48][720,1384] new=[118,1168][602,1256] result=0x7 surface={valid=true 535047954432} changed=true
06-29 02:44:00.897 29697 29747 D mali_winsys: EGLint new_window_surface(egl_winsys_display *, void *, EGLSurface, EGLConfig, egl_winsys_surface **, EGLBoolean) returns 0x3000
06-29 02:44:00.898 29697 29747 D OpenGLRenderer: eglCreateWindowSurface = 0x7c931ed100, 0x7c9357e010
06-29 02:44:00.904 29697 29697 D ViewRootImpl@9697bcb[Toast]: MSG_RESIZED: frame=Rect(118, 1168 - 602, 1256) ci=Rect(0, 0 - 0, 0) vi=Rect(0, 0 - 0, 0) or=1
06-29 02:44:04.354 29697 29747 W libEGL  : EGLNativeWindowType 0x7c9357e010 disconnect failed
06-29 02:44:04.354 29697 29747 D OpenGLRenderer: eglDestroySurface = 0x7c931ed100, 0x7c9357e000
06-29 02:44:04.354 29697 29697 D ViewRootImpl@9697bcb[Toast]: dispatchDetachedFromWindow
06-29 02:44:04.356 29697 29697 D ViewRootImpl@9697bcb[Toast]: Surface release. android.view.ViewRootImpl.doDie:7979 android.view.ViewRootImpl.die:7947 android.view.WindowManagerGlobal.removeViewLocked:497 android.view.WindowManagerGlobal.removeView:435 android.view.WindowManagerImpl.removeViewImmediate:124 android.widget.Toast$TN.handleHide:1110 android.widget.Toast$TN$1.handleMessage:898 android.os.Handler.dispatchMessage:106 
06-29 02:44:04.379 29697 29697 D InputTransport: Input channel destroyed: fd=78
06-29 02:44:04.936 29697 29697 D NearbyFragment: Initiated connection with Endpoint{id=lO03, name=Nexus 5X [34d8]}: Nexus 5X [34d8]
06-29 02:44:04.953 29697 29697 D Dialog  : mIsSamsungBasicInteraction = false
06-29 02:44:04.954 29697 29697 D Dialog  : mIsSamsungBasicInteraction = false, isMetaDataInActivity = false
06-29 02:44:04.992 29697 29697 I DecorView: createDecorCaptionView >> DecorView@4f640f9[], isFloating: true, isApplication: true, hasWindowDecorCaption: false, hasWindowControllerCallback: false
06-29 02:44:05.063 29697 29697 D ScrollView: initGoToTop
06-29 02:44:05.115 29697 29697 D InputTransport: Input channel constructed: fd=78
06-29 02:44:05.117 29697 29697 D ViewRootImpl@6e73425[MainActivity]: setView = DecorView@4f640f9[MainActivity] TM=true MM=false
06-29 02:44:05.118 29697 29697 D NearbyFragment: Requested connection with Endpoint{id=lO03, name=Nexus 5X [34d8]}
06-29 02:44:05.129 29697 29697 D ViewRootImpl@6e73425[MainActivity]: dispatchAttachedToWindow
06-29 02:44:05.197 29697 29697 D ViewRootImpl@6e73425[MainActivity]: Relayout returned: old=[0,48][720,1384] new=[18,508][702,923] result=0x7 surface={valid=true 535047954432} changed=true
06-29 02:44:05.201 29697 29747 D mali_winsys: EGLint new_window_surface(egl_winsys_display *, void *, EGLSurface, EGLConfig, egl_winsys_surface **, EGLBoolean) returns 0x3000
06-29 02:44:05.201 29697 29747 D OpenGLRenderer: eglCreateWindowSurface = 0x7c931ed900, 0x7c9357e010
06-29 02:44:05.214 29697 29697 D ScrollView:  onsize change changed 
06-29 02:44:05.215 29697 29697 D ViewRootImpl@6e73425[MainActivity]: MSG_WINDOW_FOCUS_CHANGED 1 1
06-29 02:44:05.247 29697 29697 D ViewRootImpl@6e73425[MainActivity]: MSG_RESIZED: frame=Rect(18, 508 - 702, 923) ci=Rect(0, 0 - 0, 0) vi=Rect(0, 0 - 0, 0) or=1
06-29 02:44:05.270 29697 29697 D ViewRootImpl@11f8d6[MainActivity]: MSG_WINDOW_FOCUS_CHANGED 0 1
06-29 02:44:05.270 29697 29697 D InputMethodManager: prepareNavigationBarInfo() DecorView@459a273[MainActivity]
06-29 02:44:05.270 29697 29697 D InputMethodManager: getNavigationBarColor() -855310
06-29 02:44:06.431 29697 29697 D ViewRootImpl@6e73425[MainActivity]: ViewPostIme pointer 0
06-29 02:44:06.506 29697 29697 D ViewRootImpl@6e73425[MainActivity]: ViewPostIme pointer 1
06-29 02:44:06.542 29697 29747 W libEGL  : EGLNativeWindowType 0x7c9357e010 disconnect failed
06-29 02:44:06.543 29697 29747 D OpenGLRenderer: eglDestroySurface = 0x7c931ed900, 0x7c9357e000
06-29 02:44:06.543 29697 29747 D OpenGLRenderer: endAllActiveAnimators on 0x7c932b1b00 (RippleDrawable) with handle 0x7c92f800a0
06-29 02:44:06.543 29697 29697 D ViewRootImpl@6e73425[MainActivity]: dispatchDetachedFromWindow
06-29 02:44:06.544 29697 29697 D ViewRootImpl@6e73425[MainActivity]: Surface release. android.view.ViewRootImpl.doDie:7979 android.view.ViewRootImpl.die:7947 android.view.WindowManagerGlobal.removeViewLocked:497 android.view.WindowManagerGlobal.removeView:435 android.view.WindowManagerImpl.removeViewImmediate:124 android.app.Dialog.dismissDialog:518 android.app.Dialog.dismiss:501 androidx.appcompat.app.AlertController$ButtonHandler.handleMessage:171 
06-29 02:44:06.563 29697 29697 D InputTransport: Input channel destroyed: fd=78
06-29 02:44:06.566 29697 29697 I NearbyFragment: Connected to Endpoint{id=lO03, name=Nexus 5X [34d8]}
06-29 02:44:06.636 29697 29697 E ViewRootImpl: sendUserActionEvent() returned.
06-29 02:44:06.636 29697 29697 D ViewRootImpl@11f8d6[MainActivity]: MSG_WINDOW_FOCUS_CHANGED 1 1
06-29 02:44:06.637 29697 29697 D InputMethodManager: prepareNavigationBarInfo() DecorView@459a273[MainActivity]
06-29 02:44:06.637 29697 29697 D InputMethodManager: getNavigationBarColor() -855310
06-29 02:44:08.534 29697 29697 D ViewRootImpl@11f8d6[MainActivity]: ViewPostIme pointer 0
06-29 02:44:08.630 29697 29697 D ViewRootImpl@11f8d6[MainActivity]: ViewPostIme pointer 1
06-29 02:44:08.638 29697 29697 V ConnectionFragment: Discovery switch unchecked
06-29 02:44:08.638 29697 29697 D NearbyFragment: Stopped discovering
06-29 02:44:11.891 29697 29697 I TransferNetworkLossHand: Network connectivity changed detected.
06-29 02:44:11.905 29697 29697 I TransferNetworkLossHand: Network connected: true
06-29 02:44:11.937 29697 30582 D TransferNetworkLossHand: Loading transfers from database...
06-29 02:44:11.947 29697 30582 D TransferNetworkLossHand: Closing the cursor for resumeAllTransfers
06-29 02:44:11.948 29697 30582 D TransferNetworkLossHand: 0 transfers are loaded from database.
06-29 02:44:46.858 29697 29697 D NearbyFragment: onPayloadReceived(endpointId=lO03, payload=com.google.android.gms.nearby.connection.Payload@8656b8b)
06-29 02:44:46.865 29697 29697 V NearbyFragment: Started downloading SUMMARISE:-9095005747959829316:20200312_150643.mp4:45.0_1.0_23_medium from Endpoint{id=lO03, name=Nexus 5X [34d8]}
06-29 02:44:46.872 29697 29697 V NearbyFragment: Transfer to lO03: 100%
06-29 02:44:46.875 29697 29697 V NearbyFragment: Transfer to lO03: 100%
06-29 02:44:46.878 29697 29697 D NearbyFragment: onPayloadReceived(endpointId=lO03, payload=com.google.android.gms.nearby.connection.Payload@4924526)
06-29 02:44:46.880 29697 29697 V NearbyFragment: Transfer to lO03: 0%
06-29 02:44:46.885 29697 29697 V NearbyFragment: Transfer to lO03: 0%
06-29 02:44:46.888 29697 29697 V NearbyFragment: Transfer to lO03: 0%
06-29 02:44:46.894 29697 29697 V NearbyFragment: Transfer to lO03: 0%
06-29 02:44:46.900 29697 29697 V NearbyFragment: Transfer to lO03: 0%
06-29 02:44:46.906 29697 29697 V NearbyFragment: Transfer to lO03: 0%
06-29 02:44:46.912 29697 29697 V NearbyFragment: Transfer to lO03: 0%
06-29 02:44:46.915 29697 29697 V NearbyFragment: Transfer to lO03: 0%
06-29 02:44:46.920 29697 29697 V NearbyFragment: Transfer to lO03: 0%
06-29 02:44:46.925 29697 29697 V NearbyFragment: Transfer to lO03: 0%
06-29 02:44:46.930 29697 29697 V NearbyFragment: Transfer to lO03: 1%
06-29 02:44:46.940 29697 29697 V NearbyFragment: Transfer to lO03: 1%
06-29 02:44:46.947 29697 29697 V NearbyFragment: Transfer to lO03: 1%
06-29 02:44:46.957 29697 29697 V NearbyFragment: Transfer to lO03: 1%
06-29 02:44:46.963 29697 29697 V NearbyFragment: Transfer to lO03: 1%
06-29 02:44:46.970 29697 29697 V NearbyFragment: Transfer to lO03: 1%
06-29 02:44:46.974 29697 29697 V NearbyFragment: Transfer to lO03: 1%
06-29 02:44:46.982 29697 29697 V NearbyFragment: Transfer to lO03: 1%
06-29 02:44:46.986 29697 29697 V NearbyFragment: Transfer to lO03: 1%
06-29 02:44:46.999 29697 29697 V NearbyFragment: Transfer to lO03: 1%
06-29 02:44:47.007 29697 29697 V NearbyFragment: Transfer to lO03: 1%
06-29 02:44:47.018 29697 29697 V NearbyFragment: Transfer to lO03: 2%
06-29 02:44:47.024 29697 29697 V NearbyFragment: Transfer to lO03: 2%
06-29 02:44:47.030 29697 29697 V NearbyFragment: Transfer to lO03: 2%
06-29 02:44:47.038 29697 29697 V NearbyFragment: Transfer to lO03: 2%
06-29 02:44:47.043 29697 29697 V NearbyFragment: Transfer to lO03: 2%
06-29 02:44:47.052 29697 29697 V NearbyFragment: Transfer to lO03: 2%
06-29 02:44:47.064 29697 29697 V NearbyFragment: Transfer to lO03: 2%
06-29 02:44:47.068 29697 29697 V NearbyFragment: Transfer to lO03: 2%
06-29 02:44:47.075 29697 29697 V NearbyFragment: Transfer to lO03: 2%
06-29 02:44:47.084 29697 29697 V NearbyFragment: Transfer to lO03: 2%
06-29 02:44:47.089 29697 29697 V NearbyFragment: Transfer to lO03: 2%
06-29 02:44:47.096 29697 29697 V NearbyFragment: Transfer to lO03: 3%
06-29 02:44:47.102 29697 29697 V NearbyFragment: Transfer to lO03: 3%
06-29 02:44:47.108 29697 29697 V NearbyFragment: Transfer to lO03: 3%
06-29 02:44:47.114 29697 29697 V NearbyFragment: Transfer to lO03: 3%
06-29 02:44:47.116 29697 29697 V NearbyFragment: Transfer to lO03: 3%
06-29 02:44:47.122 29697 29697 V NearbyFragment: Transfer to lO03: 3%
06-29 02:44:47.127 29697 29697 V NearbyFragment: Transfer to lO03: 3%
06-29 02:44:47.129 29697 29697 V NearbyFragment: Transfer to lO03: 3%
06-29 02:44:47.132 29697 29697 V NearbyFragment: Transfer to lO03: 3%
06-29 02:44:47.134 29697 29697 V NearbyFragment: Transfer to lO03: 3%
06-29 02:44:47.138 29697 29697 V NearbyFragment: Transfer to lO03: 4%
06-29 02:44:47.348 29697 29697 V NearbyFragment: Transfer to lO03: 4%
06-29 02:44:47.354 29697 29697 V NearbyFragment: Transfer to lO03: 4%
06-29 02:44:47.364 29697 29697 V NearbyFragment: Transfer to lO03: 4%
06-29 02:44:47.369 29697 29697 V NearbyFragment: Transfer to lO03: 4%
06-29 02:44:47.376 29697 29697 V NearbyFragment: Transfer to lO03: 4%
06-29 02:44:47.384 29697 29697 V NearbyFragment: Transfer to lO03: 4%
06-29 02:44:47.390 29697 29697 V NearbyFragment: Transfer to lO03: 4%
06-29 02:44:47.395 29697 29697 V NearbyFragment: Transfer to lO03: 4%
06-29 02:44:47.400 29697 29697 V NearbyFragment: Transfer to lO03: 4%
06-29 02:44:47.405 29697 29697 V NearbyFragment: Transfer to lO03: 4%
06-29 02:44:47.410 29697 29697 V NearbyFragment: Transfer to lO03: 5%
06-29 02:44:47.415 29697 29697 V NearbyFragment: Transfer to lO03: 5%
06-29 02:44:47.419 29697 29697 V NearbyFragment: Transfer to lO03: 5%
06-29 02:44:47.423 29697 29697 V NearbyFragment: Transfer to lO03: 5%
06-29 02:44:47.430 29697 29697 V NearbyFragment: Transfer to lO03: 5%
06-29 02:44:47.434 29697 29697 V NearbyFragment: Transfer to lO03: 5%
06-29 02:44:47.439 29697 29697 V NearbyFragment: Transfer to lO03: 5%
06-29 02:44:47.443 29697 29697 V NearbyFragment: Transfer to lO03: 5%
06-29 02:44:47.451 29697 29697 V NearbyFragment: Transfer to lO03: 5%
06-29 02:44:47.455 29697 29697 V NearbyFragment: Transfer to lO03: 5%
06-29 02:44:47.459 29697 29697 V NearbyFragment: Transfer to lO03: 5%
06-29 02:44:47.465 29697 29697 V NearbyFragment: Transfer to lO03: 6%
06-29 02:44:47.469 29697 29697 V NearbyFragment: Transfer to lO03: 6%
06-29 02:44:47.475 29697 29697 V NearbyFragment: Transfer to lO03: 6%
06-29 02:44:47.479 29697 29697 V NearbyFragment: Transfer to lO03: 6%
06-29 02:44:47.486 29697 29697 V NearbyFragment: Transfer to lO03: 6%
06-29 02:44:47.490 29697 29697 V NearbyFragment: Transfer to lO03: 6%
06-29 02:44:47.494 29697 29697 V NearbyFragment: Transfer to lO03: 6%
06-29 02:44:47.501 29697 29697 V NearbyFragment: Transfer to lO03: 6%
06-29 02:44:47.505 29697 29697 V NearbyFragment: Transfer to lO03: 6%
06-29 02:44:47.513 29697 29697 V NearbyFragment: Transfer to lO03: 6%
06-29 02:44:47.518 29697 29697 V NearbyFragment: Transfer to lO03: 7%
06-29 02:44:47.521 29697 29697 V NearbyFragment: Transfer to lO03: 7%
06-29 02:44:47.525 29697 29697 V NearbyFragment: Transfer to lO03: 7%
06-29 02:44:47.529 29697 29697 V NearbyFragment: Transfer to lO03: 7%
06-29 02:44:47.534 29697 29697 V NearbyFragment: Transfer to lO03: 7%
06-29 02:44:47.539 29697 29697 V NearbyFragment: Transfer to lO03: 7%
06-29 02:44:47.544 29697 29697 V NearbyFragment: Transfer to lO03: 7%
06-29 02:44:47.547 29697 29697 V NearbyFragment: Transfer to lO03: 7%
06-29 02:44:47.556 29697 29697 V NearbyFragment: Transfer to lO03: 7%
06-29 02:44:47.561 29697 29697 V NearbyFragment: Transfer to lO03: 7%
06-29 02:44:47.565 29697 29697 V NearbyFragment: Transfer to lO03: 7%
06-29 02:44:47.570 29697 29697 V NearbyFragment: Transfer to lO03: 8%
06-29 02:44:47.573 29697 29697 V NearbyFragment: Transfer to lO03: 8%
06-29 02:44:47.583 29697 29697 V NearbyFragment: Transfer to lO03: 8%
06-29 02:44:47.588 29697 29697 V NearbyFragment: Transfer to lO03: 8%
06-29 02:44:47.591 29697 29697 V NearbyFragment: Transfer to lO03: 8%
06-29 02:44:47.594 29697 29697 V NearbyFragment: Transfer to lO03: 8%
06-29 02:44:47.601 29697 29697 V NearbyFragment: Transfer to lO03: 8%
06-29 02:44:47.608 29697 29697 V NearbyFragment: Transfer to lO03: 8%
06-29 02:44:47.633 29697 29697 V NearbyFragment: Transfer to lO03: 8%
06-29 02:44:47.641 29697 29697 V NearbyFragment: Transfer to lO03: 8%
06-29 02:44:47.643 29697 29697 V NearbyFragment: Transfer to lO03: 8%
06-29 02:44:47.645 29697 29697 V NearbyFragment: Transfer to lO03: 9%
06-29 02:44:47.648 29697 29697 V NearbyFragment: Transfer to lO03: 9%
06-29 02:44:47.651 29697 29697 V NearbyFragment: Transfer to lO03: 9%
06-29 02:44:47.653 29697 29697 V NearbyFragment: Transfer to lO03: 9%
06-29 02:44:47.656 29697 29697 V NearbyFragment: Transfer to lO03: 9%
06-29 02:44:47.658 29697 29697 V NearbyFragment: Transfer to lO03: 9%
06-29 02:44:47.659 29697 29697 V NearbyFragment: Transfer to lO03: 9%
06-29 02:44:47.686 29697 29697 V NearbyFragment: Transfer to lO03: 9%
06-29 02:44:47.691 29697 29697 V NearbyFragment: Transfer to lO03: 9%
06-29 02:44:47.699 29697 29697 V NearbyFragment: Transfer to lO03: 9%
06-29 02:44:47.709 29697 29697 V NearbyFragment: Transfer to lO03: 10%
06-29 02:44:47.713 29697 29697 V NearbyFragment: Transfer to lO03: 10%
06-29 02:44:47.720 29697 29697 V NearbyFragment: Transfer to lO03: 10%
06-29 02:44:47.724 29697 29697 V NearbyFragment: Transfer to lO03: 10%
06-29 02:44:47.733 29697 29697 V NearbyFragment: Transfer to lO03: 10%
06-29 02:44:47.742 29697 29697 V NearbyFragment: Transfer to lO03: 10%
06-29 02:44:47.747 29697 29697 V NearbyFragment: Transfer to lO03: 10%
06-29 02:44:47.752 29697 29697 V NearbyFragment: Transfer to lO03: 10%
06-29 02:44:47.758 29697 29697 V NearbyFragment: Transfer to lO03: 10%
06-29 02:44:47.764 29697 29697 V NearbyFragment: Transfer to lO03: 10%
06-29 02:44:47.766 29697 29697 V NearbyFragment: Transfer to lO03: 10%
06-29 02:44:47.770 29697 29697 V NearbyFragment: Transfer to lO03: 11%
06-29 02:44:47.784 29697 29697 V NearbyFragment: Transfer to lO03: 11%
06-29 02:44:47.790 29697 29697 V NearbyFragment: Transfer to lO03: 11%
06-29 02:44:47.794 29697 29697 V NearbyFragment: Transfer to lO03: 11%
06-29 02:44:47.798 29697 29697 V NearbyFragment: Transfer to lO03: 11%
06-29 02:44:47.802 29697 29697 V NearbyFragment: Transfer to lO03: 11%
06-29 02:44:47.806 29697 29697 V NearbyFragment: Transfer to lO03: 11%
06-29 02:44:47.811 29697 29697 V NearbyFragment: Transfer to lO03: 11%
06-29 02:44:47.815 29697 29697 V NearbyFragment: Transfer to lO03: 11%
06-29 02:44:47.821 29697 29697 V NearbyFragment: Transfer to lO03: 11%
06-29 02:44:47.826 29697 29697 V NearbyFragment: Transfer to lO03: 11%
06-29 02:44:47.832 29697 29697 V NearbyFragment: Transfer to lO03: 12%
06-29 02:44:47.834 29697 29697 V NearbyFragment: Transfer to lO03: 12%
06-29 02:44:47.843 29697 29697 V NearbyFragment: Transfer to lO03: 12%
06-29 02:44:47.847 29697 29697 V NearbyFragment: Transfer to lO03: 12%
06-29 02:44:47.864 29697 29697 V NearbyFragment: Transfer to lO03: 12%
06-29 02:44:47.870 29697 29697 V NearbyFragment: Transfer to lO03: 12%
06-29 02:44:47.875 29697 29697 V NearbyFragment: Transfer to lO03: 12%
06-29 02:44:47.883 29697 29697 V NearbyFragment: Transfer to lO03: 12%
06-29 02:44:47.891 29697 29697 V NearbyFragment: Transfer to lO03: 12%
06-29 02:44:47.896 29697 29697 V NearbyFragment: Transfer to lO03: 12%
06-29 02:44:47.907 29697 29697 V NearbyFragment: Transfer to lO03: 13%
06-29 02:44:47.927 29697 29697 V NearbyFragment: Transfer to lO03: 13%
06-29 02:44:47.937 29697 29697 V NearbyFragment: Transfer to lO03: 13%
06-29 02:44:47.941 29697 29697 V NearbyFragment: Transfer to lO03: 13%
06-29 02:44:47.944 29697 29697 V NearbyFragment: Transfer to lO03: 13%
06-29 02:44:47.947 29697 29697 V NearbyFragment: Transfer to lO03: 13%
06-29 02:44:47.951 29697 29697 V NearbyFragment: Transfer to lO03: 13%
06-29 02:44:47.955 29697 29697 V NearbyFragment: Transfer to lO03: 13%
06-29 02:44:47.958 29697 29697 V NearbyFragment: Transfer to lO03: 13%
06-29 02:44:48.123 29697 29697 V NearbyFragment: Transfer to lO03: 13%
06-29 02:44:48.130 29697 29697 V NearbyFragment: Transfer to lO03: 13%
06-29 02:44:48.135 29697 29697 V NearbyFragment: Transfer to lO03: 14%
06-29 02:44:48.140 29697 29697 V NearbyFragment: Transfer to lO03: 14%
06-29 02:44:48.145 29697 29697 V NearbyFragment: Transfer to lO03: 14%
06-29 02:44:48.147 29697 29697 V NearbyFragment: Transfer to lO03: 14%
06-29 02:44:48.153 29697 29697 V NearbyFragment: Transfer to lO03: 14%
06-29 02:44:48.155 29697 29697 V NearbyFragment: Transfer to lO03: 14%
06-29 02:44:48.159 29697 29697 V NearbyFragment: Transfer to lO03: 14%
06-29 02:44:48.163 29697 29697 V NearbyFragment: Transfer to lO03: 14%
06-29 02:44:48.166 29697 29697 V NearbyFragment: Transfer to lO03: 14%
06-29 02:44:48.169 29697 29697 V NearbyFragment: Transfer to lO03: 14%
06-29 02:44:48.174 29697 29697 V NearbyFragment: Transfer to lO03: 14%
06-29 02:44:48.176 29697 29697 V NearbyFragment: Transfer to lO03: 15%
06-29 02:44:48.179 29697 29697 V NearbyFragment: Transfer to lO03: 15%
06-29 02:44:48.182 29697 29697 V NearbyFragment: Transfer to lO03: 15%
06-29 02:44:48.186 29697 29697 V NearbyFragment: Transfer to lO03: 15%
06-29 02:44:48.191 29697 29697 V NearbyFragment: Transfer to lO03: 15%
06-29 02:44:48.195 29697 29697 V NearbyFragment: Transfer to lO03: 15%
06-29 02:44:48.198 29697 29697 V NearbyFragment: Transfer to lO03: 15%
06-29 02:44:48.203 29697 29697 V NearbyFragment: Transfer to lO03: 15%
06-29 02:44:48.207 29697 29697 V NearbyFragment: Transfer to lO03: 15%
06-29 02:44:48.210 29697 29697 V NearbyFragment: Transfer to lO03: 15%
06-29 02:44:48.217 29697 29697 V NearbyFragment: Transfer to lO03: 16%
06-29 02:44:48.221 29697 29697 V NearbyFragment: Transfer to lO03: 16%
06-29 02:44:48.225 29697 29697 V NearbyFragment: Transfer to lO03: 16%
06-29 02:44:48.229 29697 29697 V NearbyFragment: Transfer to lO03: 16%
06-29 02:44:48.234 29697 29697 V NearbyFragment: Transfer to lO03: 16%
06-29 02:44:48.239 29697 29697 V NearbyFragment: Transfer to lO03: 16%
06-29 02:44:48.244 29697 29697 V NearbyFragment: Transfer to lO03: 16%
06-29 02:44:48.248 29697 29697 V NearbyFragment: Transfer to lO03: 16%
06-29 02:44:48.252 29697 29697 V NearbyFragment: Transfer to lO03: 16%
06-29 02:44:48.256 29697 29697 V NearbyFragment: Transfer to lO03: 16%
06-29 02:44:48.260 29697 29697 V NearbyFragment: Transfer to lO03: 16%
06-29 02:44:48.262 29697 29697 V NearbyFragment: Transfer to lO03: 17%
06-29 02:44:48.268 29697 29697 V NearbyFragment: Transfer to lO03: 17%
06-29 02:44:48.271 29697 29697 V NearbyFragment: Transfer to lO03: 17%
06-29 02:44:48.279 29697 29697 V NearbyFragment: Transfer to lO03: 17%
06-29 02:44:48.282 29697 29697 V NearbyFragment: Transfer to lO03: 17%
06-29 02:44:48.292 29697 29697 V NearbyFragment: Transfer to lO03: 17%
06-29 02:44:48.298 29697 29697 V NearbyFragment: Transfer to lO03: 17%
06-29 02:44:48.303 29697 29697 V NearbyFragment: Transfer to lO03: 17%
06-29 02:44:48.307 29697 29697 V NearbyFragment: Transfer to lO03: 17%
06-29 02:44:48.329 29697 29697 V NearbyFragment: Transfer to lO03: 17%
06-29 02:44:48.334 29697 29697 V NearbyFragment: Transfer to lO03: 17%
06-29 02:44:48.339 29697 29697 V NearbyFragment: Transfer to lO03: 18%
06-29 02:44:48.342 29697 29697 V NearbyFragment: Transfer to lO03: 18%
06-29 02:44:48.345 29697 29697 V NearbyFragment: Transfer to lO03: 18%
06-29 02:44:48.349 29697 29697 V NearbyFragment: Transfer to lO03: 18%
06-29 02:44:48.350 29697 29697 V NearbyFragment: Transfer to lO03: 18%
06-29 02:44:48.353 29697 29697 V NearbyFragment: Transfer to lO03: 18%
06-29 02:44:48.361 29697 29697 V NearbyFragment: Transfer to lO03: 18%
06-29 02:44:48.366 29697 29697 V NearbyFragment: Transfer to lO03: 18%
06-29 02:44:48.370 29697 29697 V NearbyFragment: Transfer to lO03: 18%
06-29 02:44:48.374 29697 29697 V NearbyFragment: Transfer to lO03: 18%
06-29 02:44:48.381 29697 29697 V NearbyFragment: Transfer to lO03: 19%
06-29 02:44:48.383 29697 29697 V NearbyFragment: Transfer to lO03: 19%
06-29 02:44:48.390 29697 29697 V NearbyFragment: Transfer to lO03: 19%
06-29 02:44:48.394 29697 29697 V NearbyFragment: Transfer to lO03: 19%
06-29 02:44:48.403 29697 29697 V NearbyFragment: Transfer to lO03: 19%
06-29 02:44:48.408 29697 29697 V NearbyFragment: Transfer to lO03: 19%
06-29 02:44:48.474 29697 29697 V NearbyFragment: Transfer to lO03: 19%
06-29 02:44:48.484 29697 29697 V NearbyFragment: Transfer to lO03: 19%
06-29 02:44:48.487 29697 29697 V NearbyFragment: Transfer to lO03: 19%
06-29 02:44:48.525 29697 29697 V NearbyFragment: Transfer to lO03: 19%
06-29 02:44:48.533 29697 29697 V NearbyFragment: Transfer to lO03: 19%
06-29 02:44:48.542 29697 29697 V NearbyFragment: Transfer to lO03: 20%
06-29 02:44:48.548 29697 29697 V NearbyFragment: Transfer to lO03: 20%
06-29 02:44:48.555 29697 29697 V NearbyFragment: Transfer to lO03: 20%
06-29 02:44:48.561 29697 29697 V NearbyFragment: Transfer to lO03: 20%
06-29 02:44:48.565 29697 29697 V NearbyFragment: Transfer to lO03: 20%
06-29 02:44:48.569 29697 29697 V NearbyFragment: Transfer to lO03: 20%
06-29 02:44:48.572 29697 29697 V NearbyFragment: Transfer to lO03: 20%
06-29 02:44:48.578 29697 29697 V NearbyFragment: Transfer to lO03: 20%
06-29 02:44:48.584 29697 29697 V NearbyFragment: Transfer to lO03: 20%
06-29 02:44:48.589 29697 29697 V NearbyFragment: Transfer to lO03: 20%
06-29 02:44:48.594 29697 29697 V NearbyFragment: Transfer to lO03: 20%
06-29 02:44:48.595 29697 29697 V NearbyFragment: Transfer to lO03: 21%
06-29 02:44:48.599 29697 29697 V NearbyFragment: Transfer to lO03: 21%
06-29 02:44:48.604 29697 29697 V NearbyFragment: Transfer to lO03: 21%
06-29 02:44:48.611 29697 29697 V NearbyFragment: Transfer to lO03: 21%
06-29 02:44:48.614 29697 29697 V NearbyFragment: Transfer to lO03: 21%
06-29 02:44:48.618 29697 29697 V NearbyFragment: Transfer to lO03: 21%
06-29 02:44:48.621 29697 29697 V NearbyFragment: Transfer to lO03: 21%
06-29 02:44:48.626 29697 29697 V NearbyFragment: Transfer to lO03: 21%
06-29 02:44:48.630 29697 29697 V NearbyFragment: Transfer to lO03: 21%
06-29 02:44:48.634 29697 29697 V NearbyFragment: Transfer to lO03: 21%
06-29 02:44:48.654 29697 29697 V NearbyFragment: Transfer to lO03: 22%
06-29 02:44:48.658 29697 29697 V NearbyFragment: Transfer to lO03: 22%
06-29 02:44:48.666 29697 29697 V NearbyFragment: Transfer to lO03: 22%
06-29 02:44:48.669 29697 29697 V NearbyFragment: Transfer to lO03: 22%
06-29 02:44:48.678 29697 29697 V NearbyFragment: Transfer to lO03: 22%
06-29 02:44:48.692 29697 29697 V NearbyFragment: Transfer to lO03: 22%
06-29 02:44:48.700 29697 29697 V NearbyFragment: Transfer to lO03: 22%
06-29 02:44:48.706 29697 29697 V NearbyFragment: Transfer to lO03: 22%
06-29 02:44:48.710 29697 29697 V NearbyFragment: Transfer to lO03: 22%
06-29 02:44:48.713 29697 29697 V NearbyFragment: Transfer to lO03: 22%
06-29 02:44:48.717 29697 29697 V NearbyFragment: Transfer to lO03: 22%
06-29 02:44:48.935 29697 29697 V NearbyFragment: Transfer to lO03: 23%
06-29 02:44:48.943 29697 29697 V NearbyFragment: Transfer to lO03: 23%
06-29 02:44:48.951 29697 29697 V NearbyFragment: Transfer to lO03: 23%
06-29 02:44:48.960 29697 29697 V NearbyFragment: Transfer to lO03: 23%
06-29 02:44:48.967 29697 29697 V NearbyFragment: Transfer to lO03: 23%
06-29 02:44:48.976 29697 29697 V NearbyFragment: Transfer to lO03: 23%
06-29 02:44:48.982 29697 29697 V NearbyFragment: Transfer to lO03: 23%
06-29 02:44:48.988 29697 29697 V NearbyFragment: Transfer to lO03: 23%
06-29 02:44:48.993 29697 29697 V NearbyFragment: Transfer to lO03: 23%
06-29 02:44:48.999 29697 29697 V NearbyFragment: Transfer to lO03: 23%
06-29 02:44:49.004 29697 29697 V NearbyFragment: Transfer to lO03: 23%
06-29 02:44:49.020 29697 29697 V NearbyFragment: Transfer to lO03: 24%
06-29 02:44:49.034 29697 29697 V NearbyFragment: Transfer to lO03: 24%
06-29 02:44:49.040 29697 29697 V NearbyFragment: Transfer to lO03: 24%
06-29 02:44:49.048 29697 29697 V NearbyFragment: Transfer to lO03: 24%
06-29 02:44:49.056 29697 29697 V NearbyFragment: Transfer to lO03: 24%
06-29 02:44:49.060 29697 29697 V NearbyFragment: Transfer to lO03: 24%
06-29 02:44:49.064 29697 29697 V NearbyFragment: Transfer to lO03: 24%
06-29 02:44:49.070 29697 29697 V NearbyFragment: Transfer to lO03: 24%
06-29 02:44:49.072 29697 29697 V NearbyFragment: Transfer to lO03: 24%
06-29 02:44:49.075 29697 29697 V NearbyFragment: Transfer to lO03: 24%
06-29 02:44:49.079 29697 29697 V NearbyFragment: Transfer to lO03: 25%
06-29 02:44:49.084 29697 29697 V NearbyFragment: Transfer to lO03: 25%
06-29 02:44:49.102 29697 29697 V NearbyFragment: Transfer to lO03: 25%
06-29 02:44:49.113 29697 29697 V NearbyFragment: Transfer to lO03: 25%
06-29 02:44:49.124 29697 29697 V NearbyFragment: Transfer to lO03: 25%
06-29 02:44:49.135 29697 29697 V NearbyFragment: Transfer to lO03: 25%
06-29 02:44:49.142 29697 29697 V NearbyFragment: Transfer to lO03: 25%
06-29 02:44:49.145 29697 29697 V NearbyFragment: Transfer to lO03: 25%
06-29 02:44:49.149 29697 29697 V NearbyFragment: Transfer to lO03: 25%
06-29 02:44:49.152 29697 29697 V NearbyFragment: Transfer to lO03: 25%
06-29 02:44:49.155 29697 29697 V NearbyFragment: Transfer to lO03: 25%
06-29 02:44:49.158 29697 29697 V NearbyFragment: Transfer to lO03: 26%
06-29 02:44:49.161 29697 29697 V NearbyFragment: Transfer to lO03: 26%
06-29 02:44:49.185 29697 29697 V NearbyFragment: Transfer to lO03: 26%
06-29 02:44:49.192 29697 29697 V NearbyFragment: Transfer to lO03: 26%
06-29 02:44:49.197 29697 29697 V NearbyFragment: Transfer to lO03: 26%
06-29 02:44:49.208 29697 29697 V NearbyFragment: Transfer to lO03: 26%
06-29 02:44:49.212 29697 29697 V NearbyFragment: Transfer to lO03: 26%
06-29 02:44:49.217 29697 29697 V NearbyFragment: Transfer to lO03: 26%
06-29 02:44:49.223 29697 29697 V NearbyFragment: Transfer to lO03: 26%
06-29 02:44:49.227 29697 29697 V NearbyFragment: Transfer to lO03: 26%
06-29 02:44:49.236 29697 29697 V NearbyFragment: Transfer to lO03: 26%
06-29 02:44:49.239 29697 29697 V NearbyFragment: Transfer to lO03: 27%
06-29 02:44:49.244 29697 29697 V NearbyFragment: Transfer to lO03: 27%
06-29 02:44:49.276 29697 29697 V NearbyFragment: Transfer to lO03: 27%
06-29 02:44:49.286 29697 29697 V NearbyFragment: Transfer to lO03: 27%
06-29 02:44:49.291 29697 29697 V NearbyFragment: Transfer to lO03: 27%
06-29 02:44:49.295 29697 29697 V NearbyFragment: Transfer to lO03: 27%
06-29 02:44:49.299 29697 29697 V NearbyFragment: Transfer to lO03: 27%
06-29 02:44:49.311 29697 29697 V NearbyFragment: Transfer to lO03: 27%
06-29 02:44:49.315 29697 29697 V NearbyFragment: Transfer to lO03: 27%
06-29 02:44:49.319 29697 29697 V NearbyFragment: Transfer to lO03: 27%
06-29 02:44:49.323 29697 29697 V NearbyFragment: Transfer to lO03: 27%
06-29 02:44:49.330 29697 29697 V NearbyFragment: Transfer to lO03: 28%
06-29 02:44:49.334 29697 29697 V NearbyFragment: Transfer to lO03: 28%
06-29 02:44:49.339 29697 29697 V NearbyFragment: Transfer to lO03: 28%
06-29 02:44:49.341 29697 29697 V NearbyFragment: Transfer to lO03: 28%
06-29 02:44:49.345 29697 29697 V NearbyFragment: Transfer to lO03: 28%
06-29 02:44:49.349 29697 29697 V NearbyFragment: Transfer to lO03: 28%
06-29 02:44:49.354 29697 29697 V NearbyFragment: Transfer to lO03: 28%
06-29 02:44:49.358 29697 29697 V NearbyFragment: Transfer to lO03: 28%
06-29 02:44:49.360 29697 29697 V NearbyFragment: Transfer to lO03: 28%
06-29 02:44:49.367 29697 29697 V NearbyFragment: Transfer to lO03: 28%
06-29 02:44:49.370 29697 29697 V NearbyFragment: Transfer to lO03: 29%
06-29 02:44:49.375 29697 29697 V NearbyFragment: Transfer to lO03: 29%
06-29 02:44:49.378 29697 29697 V NearbyFragment: Transfer to lO03: 29%
06-29 02:44:49.383 29697 29697 V NearbyFragment: Transfer to lO03: 29%
06-29 02:44:49.398 29697 29697 V NearbyFragment: Transfer to lO03: 29%
06-29 02:44:49.405 29697 29697 V NearbyFragment: Transfer to lO03: 29%
06-29 02:44:49.409 29697 29697 V NearbyFragment: Transfer to lO03: 29%
06-29 02:44:49.413 29697 29697 V NearbyFragment: Transfer to lO03: 29%
06-29 02:44:49.416 29697 29697 V NearbyFragment: Transfer to lO03: 29%
06-29 02:44:49.425 29697 29697 V NearbyFragment: Transfer to lO03: 29%
06-29 02:44:49.432 29697 29697 V NearbyFragment: Transfer to lO03: 29%
06-29 02:44:49.436 29697 29697 V NearbyFragment: Transfer to lO03: 30%
06-29 02:44:49.439 29697 29697 V NearbyFragment: Transfer to lO03: 30%
06-29 02:44:49.443 29697 29697 V NearbyFragment: Transfer to lO03: 30%
06-29 02:44:49.447 29697 29697 V NearbyFragment: Transfer to lO03: 30%
06-29 02:44:49.452 29697 29697 V NearbyFragment: Transfer to lO03: 30%
06-29 02:44:49.455 29697 29697 V NearbyFragment: Transfer to lO03: 30%
06-29 02:44:49.461 29697 29697 V NearbyFragment: Transfer to lO03: 30%
06-29 02:44:49.463 29697 29697 V NearbyFragment: Transfer to lO03: 30%
06-29 02:44:49.466 29697 29697 V NearbyFragment: Transfer to lO03: 30%
06-29 02:44:49.479 29697 29697 V NearbyFragment: Transfer to lO03: 30%
06-29 02:44:49.484 29697 29697 V NearbyFragment: Transfer to lO03: 30%
06-29 02:44:49.488 29697 29697 V NearbyFragment: Transfer to lO03: 31%
06-29 02:44:49.491 29697 29697 V NearbyFragment: Transfer to lO03: 31%
06-29 02:44:49.508 29697 29697 V NearbyFragment: Transfer to lO03: 31%
06-29 02:44:49.512 29697 29697 V NearbyFragment: Transfer to lO03: 31%
06-29 02:44:49.515 29697 29697 V NearbyFragment: Transfer to lO03: 31%
06-29 02:44:49.525 29697 29697 V NearbyFragment: Transfer to lO03: 31%
06-29 02:44:49.534 29697 29697 V NearbyFragment: Transfer to lO03: 31%
06-29 02:44:49.542 29697 29697 V NearbyFragment: Transfer to lO03: 31%
06-29 02:44:49.776 29697 29697 V NearbyFragment: Transfer to lO03: 31%
06-29 02:44:49.783 29697 29697 V NearbyFragment: Transfer to lO03: 31%
06-29 02:44:49.792 29697 29697 V NearbyFragment: Transfer to lO03: 32%
06-29 02:44:49.803 29697 29697 V NearbyFragment: Transfer to lO03: 32%
06-29 02:44:49.807 29697 29697 V NearbyFragment: Transfer to lO03: 32%
06-29 02:44:49.815 29697 29697 V NearbyFragment: Transfer to lO03: 32%
06-29 02:44:49.823 29697 29697 V NearbyFragment: Transfer to lO03: 32%
06-29 02:44:49.828 29697 29697 V NearbyFragment: Transfer to lO03: 32%
06-29 02:44:49.838 29697 29697 V NearbyFragment: Transfer to lO03: 32%
06-29 02:44:49.851 29697 29697 V NearbyFragment: Transfer to lO03: 32%
06-29 02:44:49.862 29697 29697 V NearbyFragment: Transfer to lO03: 32%
06-29 02:44:49.868 29697 29697 V NearbyFragment: Transfer to lO03: 32%
06-29 02:44:49.877 29697 29697 V NearbyFragment: Transfer to lO03: 32%
06-29 02:44:49.883 29697 29697 V NearbyFragment: Transfer to lO03: 33%
06-29 02:44:49.886 29697 29697 V NearbyFragment: Transfer to lO03: 33%
06-29 02:44:49.890 29697 29697 V NearbyFragment: Transfer to lO03: 33%
06-29 02:44:49.899 29697 29697 V NearbyFragment: Transfer to lO03: 33%
06-29 02:44:49.909 29697 29697 V NearbyFragment: Transfer to lO03: 33%
06-29 02:44:49.919 29697 29697 V NearbyFragment: Transfer to lO03: 33%
06-29 02:44:49.923 29697 29697 V NearbyFragment: Transfer to lO03: 33%
06-29 02:44:49.927 29697 29697 V NearbyFragment: Transfer to lO03: 33%
06-29 02:44:49.930 29697 29697 V NearbyFragment: Transfer to lO03: 33%
06-29 02:44:49.935 29697 29697 V NearbyFragment: Transfer to lO03: 33%
06-29 02:44:49.938 29697 29697 V NearbyFragment: Transfer to lO03: 33%
06-29 02:44:49.941 29697 29697 V NearbyFragment: Transfer to lO03: 34%
06-29 02:44:49.945 29697 29697 V NearbyFragment: Transfer to lO03: 34%
06-29 02:44:49.948 29697 29697 V NearbyFragment: Transfer to lO03: 34%
06-29 02:44:49.953 29697 29697 V NearbyFragment: Transfer to lO03: 34%
06-29 02:44:49.955 29697 29697 V NearbyFragment: Transfer to lO03: 34%
06-29 02:44:49.961 29697 29697 V NearbyFragment: Transfer to lO03: 34%
06-29 02:44:49.964 29697 29697 V NearbyFragment: Transfer to lO03: 34%
06-29 02:44:49.968 29697 29697 V NearbyFragment: Transfer to lO03: 34%
06-29 02:44:49.972 29697 29697 V NearbyFragment: Transfer to lO03: 34%
06-29 02:44:49.977 29697 29697 V NearbyFragment: Transfer to lO03: 34%
06-29 02:44:49.978 29697 29697 V NearbyFragment: Transfer to lO03: 35%
06-29 02:44:49.982 29697 29697 V NearbyFragment: Transfer to lO03: 35%
06-29 02:44:49.986 29697 29697 V NearbyFragment: Transfer to lO03: 35%
06-29 02:44:49.989 29697 29697 V NearbyFragment: Transfer to lO03: 35%
06-29 02:44:50.000 29697 29697 V NearbyFragment: Transfer to lO03: 35%
06-29 02:44:50.003 29697 29697 V NearbyFragment: Transfer to lO03: 35%
06-29 02:44:50.006 29697 29697 V NearbyFragment: Transfer to lO03: 35%
06-29 02:44:50.009 29697 29697 V NearbyFragment: Transfer to lO03: 35%
06-29 02:44:50.012 29697 29697 V NearbyFragment: Transfer to lO03: 35%
06-29 02:44:50.015 29697 29697 V NearbyFragment: Transfer to lO03: 35%
06-29 02:44:50.019 29697 29697 V NearbyFragment: Transfer to lO03: 35%
06-29 02:44:50.023 29697 29697 V NearbyFragment: Transfer to lO03: 36%
06-29 02:44:50.026 29697 29697 V NearbyFragment: Transfer to lO03: 36%
06-29 02:44:50.029 29697 29697 V NearbyFragment: Transfer to lO03: 36%
06-29 02:44:50.033 29697 29697 V NearbyFragment: Transfer to lO03: 36%
06-29 02:44:50.035 29697 29697 V NearbyFragment: Transfer to lO03: 36%
06-29 02:44:50.039 29697 29697 V NearbyFragment: Transfer to lO03: 36%
06-29 02:44:50.041 29697 29697 V NearbyFragment: Transfer to lO03: 36%
06-29 02:44:50.045 29697 29697 V NearbyFragment: Transfer to lO03: 36%
06-29 02:44:50.047 29697 29697 V NearbyFragment: Transfer to lO03: 36%
06-29 02:44:50.050 29697 29697 V NearbyFragment: Transfer to lO03: 36%
06-29 02:44:50.053 29697 29697 V NearbyFragment: Transfer to lO03: 36%
06-29 02:44:50.069 29697 29697 V NearbyFragment: Transfer to lO03: 37%
06-29 02:44:50.073 29697 29697 V NearbyFragment: Transfer to lO03: 37%
06-29 02:44:50.075 29697 29697 V NearbyFragment: Transfer to lO03: 37%
06-29 02:44:50.078 29697 29697 V NearbyFragment: Transfer to lO03: 37%
06-29 02:44:50.080 29697 29697 V NearbyFragment: Transfer to lO03: 37%
06-29 02:44:50.082 29697 29697 V NearbyFragment: Transfer to lO03: 37%
06-29 02:44:50.083 29697 29697 V NearbyFragment: Transfer to lO03: 37%
06-29 02:44:50.086 29697 29697 V NearbyFragment: Transfer to lO03: 37%
06-29 02:44:50.087 29697 29697 V NearbyFragment: Transfer to lO03: 37%
06-29 02:44:50.089 29697 29697 V NearbyFragment: Transfer to lO03: 37%
06-29 02:44:50.091 29697 29697 V NearbyFragment: Transfer to lO03: 38%
06-29 02:44:50.094 29697 29697 V NearbyFragment: Transfer to lO03: 38%
06-29 02:44:50.095 29697 29697 V NearbyFragment: Transfer to lO03: 38%
06-29 02:44:50.098 29697 29697 V NearbyFragment: Transfer to lO03: 38%
06-29 02:44:50.099 29697 29697 V NearbyFragment: Transfer to lO03: 38%
06-29 02:44:50.101 29697 29697 V NearbyFragment: Transfer to lO03: 38%
06-29 02:44:50.103 29697 29697 V NearbyFragment: Transfer to lO03: 38%
06-29 02:44:50.104 29697 29697 V NearbyFragment: Transfer to lO03: 38%
06-29 02:44:50.107 29697 29697 V NearbyFragment: Transfer to lO03: 38%
06-29 02:44:50.108 29697 29697 V NearbyFragment: Transfer to lO03: 38%
06-29 02:44:50.109 29697 29697 V NearbyFragment: Transfer to lO03: 38%
06-29 02:44:50.113 29697 29697 V NearbyFragment: Transfer to lO03: 39%
06-29 02:44:50.114 29697 29697 V NearbyFragment: Transfer to lO03: 39%
06-29 02:44:50.118 29697 29697 V NearbyFragment: Transfer to lO03: 39%
06-29 02:44:50.123 29697 29697 V NearbyFragment: Transfer to lO03: 39%
06-29 02:44:50.132 29697 29697 V NearbyFragment: Transfer to lO03: 39%
06-29 02:44:50.135 29697 29697 V NearbyFragment: Transfer to lO03: 39%
06-29 02:44:50.137 29697 29697 V NearbyFragment: Transfer to lO03: 39%
06-29 02:44:50.146 29697 29697 V NearbyFragment: Transfer to lO03: 39%
06-29 02:44:50.151 29697 29697 V NearbyFragment: Transfer to lO03: 39%
06-29 02:44:50.157 29697 29697 V NearbyFragment: Transfer to lO03: 39%
06-29 02:44:50.165 29697 29697 V NearbyFragment: Transfer to lO03: 39%
06-29 02:44:50.168 29697 29697 V NearbyFragment: Transfer to lO03: 40%
06-29 02:44:50.172 29697 29697 V NearbyFragment: Transfer to lO03: 40%
06-29 02:44:50.182 29697 29697 V NearbyFragment: Transfer to lO03: 40%
06-29 02:44:50.186 29697 29697 V NearbyFragment: Transfer to lO03: 40%
06-29 02:44:50.191 29697 29697 V NearbyFragment: Transfer to lO03: 40%
06-29 02:44:50.195 29697 29697 V NearbyFragment: Transfer to lO03: 40%
06-29 02:44:50.198 29697 29697 V NearbyFragment: Transfer to lO03: 40%
06-29 02:44:50.207 29697 29697 V NearbyFragment: Transfer to lO03: 40%
06-29 02:44:50.211 29697 29697 V NearbyFragment: Transfer to lO03: 40%
06-29 02:44:50.215 29697 29697 V NearbyFragment: Transfer to lO03: 40%
06-29 02:44:50.219 29697 29697 V NearbyFragment: Transfer to lO03: 41%
06-29 02:44:50.243 29697 29697 V NearbyFragment: Transfer to lO03: 41%
06-29 02:44:50.248 29697 29697 V NearbyFragment: Transfer to lO03: 41%
06-29 02:44:50.252 29697 29697 V NearbyFragment: Transfer to lO03: 41%
06-29 02:44:50.276 29697 29697 V NearbyFragment: Transfer to lO03: 41%
06-29 02:44:50.292 29697 29697 V NearbyFragment: Transfer to lO03: 41%
06-29 02:44:50.296 29697 29697 V NearbyFragment: Transfer to lO03: 41%
06-29 02:44:50.300 29697 29697 V NearbyFragment: Transfer to lO03: 41%
06-29 02:44:50.304 29697 29697 V NearbyFragment: Transfer to lO03: 41%
06-29 02:44:50.307 29697 29697 V NearbyFragment: Transfer to lO03: 41%
06-29 02:44:50.312 29697 29697 V NearbyFragment: Transfer to lO03: 41%
06-29 02:44:50.314 29697 29697 V NearbyFragment: Transfer to lO03: 42%
06-29 02:44:50.316 29697 29697 V NearbyFragment: Transfer to lO03: 42%
06-29 02:44:50.319 29697 29697 V NearbyFragment: Transfer to lO03: 42%
