07-04 23:05:49.289 30317   783 W Summariser: Summarisation completed
07-04 23:05:49.289 30317   783 W Summariser:   filename: 20200312_194229!003.mp4
07-04 23:05:49.289 30317   783 W Summariser:   active sections: 0
07-04 23:05:49.289 30317   783 W Summariser:   time: 01.557s
07-04 23:05:49.289 30317   783 W Summariser:   original duration: 11.98
07-04 23:05:49.289 30317   783 W Summariser:   summarised duration: -1.00
07-04 23:05:49.289 30317   783 W Summariser:   noise tolerance: 45.00
07-04 23:05:49.289 30317   783 W Summariser:   quality: 23
07-04 23:05:49.289 30317   783 W Summariser:   speed: medium
07-04 23:05:49.289 30317   783 W Summariser:   freeze duration: 1.00
07-04 23:05:55.816 30317 30317 W NearbyFragment: Completed downloading 20200312_194330!000.mp4 from Endpoint{id=hgvm, name=Nexus 5X [34d8]} in 01.887s
07-04 23:05:56.020 30317 31588 W mobile-ffmpeg: [graph 0 input from stream 0:0 @ 0x7a5881f7c0] sws_param option is deprecated and ignored
07-04 23:05:57.935 30317   812 W Summariser: No activity detected
07-04 23:05:57.960 30317   812 W Summariser: Summarisation completed
07-04 23:05:57.960 30317   812 W Summariser:   filename: 20200312_194330!000.mp4
07-04 23:05:57.960 30317   812 W Summariser:   active sections: 0
07-04 23:05:57.960 30317   812 W Summariser:   time: 02.052s
07-04 23:05:57.960 30317   812 W Summariser:   original duration: 16.07
07-04 23:05:57.960 30317   812 W Summariser:   summarised duration: -1.00
07-04 23:05:57.960 30317   812 W Summariser:   noise tolerance: 45.00
07-04 23:05:57.960 30317   812 W Summariser:   quality: 23
07-04 23:05:57.960 30317   812 W Summariser:   speed: medium
07-04 23:05:57.960 30317   812 W Summariser:   freeze duration: 1.00
07-04 23:06:01.049 30317 30317 W NearbyFragment: Completed downloading 20200312_194330!001.mp4 from Endpoint{id=hgvm, name=Nexus 5X [34d8]} in 02.879s
07-04 23:06:01.215 30317 31588 W mobile-ffmpeg: [graph 0 input from stream 0:0 @ 0x7a5881f7c0] sws_param option is deprecated and ignored
07-04 23:06:03.136 30317   848 W Summariser: No activity detected
07-04 23:06:03.173 30317   848 W Summariser: Summarisation completed
07-04 23:06:03.173 30317   848 W Summariser:   filename: 20200312_194330!001.mp4
07-04 23:06:03.173 30317   848 W Summariser:   active sections: 0
07-04 23:06:03.173 30317   848 W Summariser:   time: 02.046s
07-04 23:06:03.173 30317   848 W Summariser:   original duration: 16.01
07-04 23:06:03.173 30317   848 W Summariser:   summarised duration: -1.00
07-04 23:06:03.173 30317   848 W Summariser:   noise tolerance: 45.00
07-04 23:06:03.173 30317   848 W Summariser:   quality: 23
07-04 23:06:03.173 30317   848 W Summariser:   speed: medium
07-04 23:06:03.173 30317   848 W Summariser:   freeze duration: 1.00
07-04 23:06:05.565 30317 30317 W NearbyFragment: Completed downloading 20200312_194330!002.mp4 from Endpoint{id=hgvm, name=Nexus 5X [34d8]} in 02.185s
07-04 23:06:05.728 30317 31588 W mobile-ffmpeg: [graph 0 input from stream 0:0 @ 0x7a5881f7c0] sws_param option is deprecated and ignored
07-04 23:06:07.623 30317   882 W Summariser: No activity detected
07-04 23:06:07.662 30317   882 W Summariser: Summarisation completed
07-04 23:06:07.662 30317   882 W Summariser:   filename: 20200312_194330!002.mp4
07-04 23:06:07.662 30317   882 W Summariser:   active sections: 0
07-04 23:06:07.662 30317   882 W Summariser:   time: 02.020s
07-04 23:06:07.662 30317   882 W Summariser:   original duration: 16.01
07-04 23:06:07.662 30317   882 W Summariser:   summarised duration: -1.00
07-04 23:06:07.662 30317   882 W Summariser:   noise tolerance: 45.00
07-04 23:06:07.662 30317   882 W Summariser:   quality: 23
07-04 23:06:07.662 30317   882 W Summariser:   speed: medium
07-04 23:06:07.662 30317   882 W Summariser:   freeze duration: 1.00
07-04 23:06:10.228 30317 30317 W NearbyFragment: Completed downloading 20200312_194330!003.mp4 from Endpoint{id=hgvm, name=Nexus 5X [34d8]} in 02.403s
07-04 23:06:10.430 30317 31588 W mobile-ffmpeg: [graph 0 input from stream 0:0 @ 0x7a5881f7c0] sws_param option is deprecated and ignored
07-04 23:06:11.826 30317   918 W Summariser: No activity detected
07-04 23:06:11.853 30317   918 W Summariser: Summarisation completed
07-04 23:06:11.853 30317   918 W Summariser:   filename: 20200312_194330!003.mp4
07-04 23:06:11.853 30317   918 W Summariser:   active sections: 0
07-04 23:06:11.853 30317   918 W Summariser:   time: 01.516s
07-04 23:06:11.853 30317   918 W Summariser:   original duration: 12.01
07-04 23:06:11.853 30317   918 W Summariser:   summarised duration: -1.00
07-04 23:06:11.853 30317   918 W Summariser:   noise tolerance: 45.00
07-04 23:06:11.853 30317   918 W Summariser:   quality: 23
07-04 23:06:11.853 30317   918 W Summariser:   speed: medium
07-04 23:06:11.853 30317   918 W Summariser:   freeze duration: 1.00
07-04 23:06:19.838 30317 30317 W NearbyFragment: Completed downloading 20200312_194730!000.mp4 from Endpoint{id=hgvm, name=Nexus 5X [34d8]} in 02.550s
07-04 23:06:20.042 30317 31588 W mobile-ffmpeg: [graph 0 input from stream 0:0 @ 0x7a5881f7c0] sws_param option is deprecated and ignored
07-04 23:06:21.860 30317   959 W Summariser: No activity detected
07-04 23:06:21.886 30317   959 W Summariser: Summarisation completed
07-04 23:06:21.886 30317   959 W Summariser:   filename: 20200312_194730!000.mp4
07-04 23:06:21.886 30317   959 W Summariser:   active sections: 0
07-04 23:06:21.886 30317   959 W Summariser:   time: 01.956s
07-04 23:06:21.886 30317   959 W Summariser:   original duration: 16.07
07-04 23:06:21.886 30317   959 W Summariser:   summarised duration: -1.00
07-04 23:06:21.886 30317   959 W Summariser:   noise tolerance: 45.00
07-04 23:06:21.886 30317   959 W Summariser:   quality: 23
07-04 23:06:21.886 30317   959 W Summariser:   speed: medium
07-04 23:06:21.886 30317   959 W Summariser:   freeze duration: 1.00
07-04 23:06:24.659 30317 30317 W NearbyFragment: Completed downloading 20200312_194730!001.mp4 from Endpoint{id=hgvm, name=Nexus 5X [34d8]} in 02.676s
07-04 23:06:24.862 30317 31588 W mobile-ffmpeg: [graph 0 input from stream 0:0 @ 0x7a5881f7c0] sws_param option is deprecated and ignored
07-04 23:06:26.715 30317   993 W Summariser: No activity detected
07-04 23:06:26.752 30317   993 W Summariser: Summarisation completed
07-04 23:06:26.752 30317   993 W Summariser:   filename: 20200312_194730!001.mp4
07-04 23:06:26.752 30317   993 W Summariser:   active sections: 0
07-04 23:06:26.752 30317   993 W Summariser:   time: 01.995s
07-04 23:06:26.752 30317   993 W Summariser:   original duration: 16.02
07-04 23:06:26.752 30317   993 W Summariser:   summarised duration: -1.00
07-04 23:06:26.752 30317   993 W Summariser:   noise tolerance: 45.00
07-04 23:06:26.752 30317   993 W Summariser:   quality: 23
07-04 23:06:26.752 30317   993 W Summariser:   speed: medium
07-04 23:06:26.752 30317   993 W Summariser:   freeze duration: 1.00
07-04 23:06:29.323 30317 30317 W NearbyFragment: Completed downloading 20200312_194730!002.mp4 from Endpoint{id=hgvm, name=Nexus 5X [34d8]} in 02.509s
07-04 23:06:29.560 30317 31588 W mobile-ffmpeg: [graph 0 input from stream 0:0 @ 0x7a5881f7c0] sws_param option is deprecated and ignored
07-04 23:06:31.368 30317  1021 W Summariser: No activity detected
07-04 23:06:31.404 30317  1021 W Summariser: Summarisation completed
07-04 23:06:31.404 30317  1021 W Summariser:   filename: 20200312_194730!002.mp4
07-04 23:06:31.404 30317  1021 W Summariser:   active sections: 0
07-04 23:06:31.404 30317  1021 W Summariser:   time: 01.953s
07-04 23:06:31.404 30317  1021 W Summariser:   original duration: 16.01
07-04 23:06:31.404 30317  1021 W Summariser:   summarised duration: -1.00
07-04 23:06:31.404 30317  1021 W Summariser:   noise tolerance: 45.00
07-04 23:06:31.404 30317  1021 W Summariser:   quality: 23
07-04 23:06:31.404 30317  1021 W Summariser:   speed: medium
07-04 23:06:31.404 30317  1021 W Summariser:   freeze duration: 1.00
07-04 23:06:33.302 30317 30317 W NearbyFragment: Completed downloading 20200312_194730!003.mp4 from Endpoint{id=hgvm, name=Nexus 5X [34d8]} in 01.832s
07-04 23:06:33.505 30317 31588 W mobile-ffmpeg: [graph 0 input from stream 0:0 @ 0x7a5881f7c0] sws_param option is deprecated and ignored
07-04 23:06:34.904 30317  1052 W Summariser: No activity detected
07-04 23:06:34.930 30317  1052 W Summariser: Summarisation completed
07-04 23:06:34.930 30317  1052 W Summariser:   filename: 20200312_194730!003.mp4
07-04 23:06:34.930 30317  1052 W Summariser:   active sections: 0
07-04 23:06:34.930 30317  1052 W Summariser:   time: 01.537s
07-04 23:06:34.930 30317  1052 W Summariser:   original duration: 12.03
07-04 23:06:34.930 30317  1052 W Summariser:   summarised duration: -1.00
07-04 23:06:34.930 30317  1052 W Summariser:   noise tolerance: 45.00
07-04 23:06:34.930 30317  1052 W Summariser:   quality: 23
07-04 23:06:34.930 30317  1052 W Summariser:   speed: medium
07-04 23:06:34.930 30317  1052 W Summariser:   freeze duration: 1.00
07-04 23:06:41.532 30317 30317 W NearbyFragment: Completed downloading 20200312_194830!000.mp4 from Endpoint{id=hgvm, name=Nexus 5X [34d8]} in 02.729s
07-04 23:06:41.700 30317 31588 W mobile-ffmpeg: [graph 0 input from stream 0:0 @ 0x7a5881f7c0] sws_param option is deprecated and ignored
07-04 23:06:43.710 30317  1102 W Summariser: 1 active sections found
07-04 23:06:43.796 30317 31588 W mobile-ffmpeg: [graph 0 input from stream 0:0 @ 0x7a5881f700] sws_param option is deprecated and ignored
07-04 23:06:48.782 30317  1102 W Summariser: Summarisation completed
07-04 23:06:48.782 30317  1102 W Summariser:   filename: 20200312_194830!000.mp4
07-04 23:06:48.782 30317  1102 W Summariser:   active sections: 1
07-04 23:06:48.782 30317  1102 W Summariser:   time: 07.158s
07-04 23:06:48.782 30317  1102 W Summariser:   original duration: 16.06
07-04 23:06:48.782 30317  1102 W Summariser:   summarised duration: 3.97
07-04 23:06:48.782 30317  1102 W Summariser:   noise tolerance: 45.00
07-04 23:06:48.782 30317  1102 W Summariser:   quality: 23
07-04 23:06:48.782 30317  1102 W Summariser:   speed: medium
07-04 23:06:48.782 30317  1102 W Summariser:   freeze duration: 1.00
07-04 23:06:48.795 30317  1102 W NearbyFragment: Sending 20200312_194830!000.mp4 to Nexus 5X [34d8]
07-04 23:06:51.547 30317 30317 W NearbyFragment: Completed downloading 20200312_194830!001.mp4 from Endpoint{id=hgvm, name=Nexus 5X [34d8]} in 02.484s
07-04 23:06:51.737 30317 31588 W mobile-ffmpeg: [graph 0 input from stream 0:0 @ 0x7a5881f7c0] sws_param option is deprecated and ignored
07-04 23:06:53.617 30317  1185 W Summariser: 2 active sections found
07-04 23:06:53.675 30317 31588 W mobile-ffmpeg: [graph 0 input from stream 0:0 @ 0x7a5881f7c0] sws_param option is deprecated and ignored
07-04 23:06:53.675 30317 31588 W mobile-ffmpeg: [graph 0 input from stream 0:0 @ 0x7a5881fd00] sws_param option is deprecated and ignored
07-04 23:07:01.891 30317  1185 W Summariser: Summarisation completed
07-04 23:07:01.891 30317  1185 W Summariser:   filename: 20200312_194830!001.mp4
07-04 23:07:01.891 30317  1185 W Summariser:   active sections: 2
07-04 23:07:01.891 30317  1185 W Summariser:   time: 10.241s
07-04 23:07:01.891 30317  1185 W Summariser:   original duration: 16.01
07-04 23:07:01.891 30317  1185 W Summariser:   summarised duration: 8.10
07-04 23:07:01.891 30317  1185 W Summariser:   noise tolerance: 45.00
07-04 23:07:01.891 30317  1185 W Summariser:   quality: 23
07-04 23:07:01.891 30317  1185 W Summariser:   speed: medium
07-04 23:07:01.891 30317  1185 W Summariser:   freeze duration: 1.00
07-04 23:07:01.909 30317  1185 W NearbyFragment: Sending 20200312_194830!001.mp4 to Nexus 5X [34d8]
07-04 23:07:04.794 30317 30317 W NearbyFragment: Completed downloading 20200312_194830!003.mp4 from Endpoint{id=hgvm, name=Nexus 5X [34d8]} in 02.824s
07-04 23:07:05.031 30317 31588 W mobile-ffmpeg: [graph 0 input from stream 0:0 @ 0x7a5881f7c0] sws_param option is deprecated and ignored
07-04 23:07:06.467 30317  1271 W Summariser: No activity detected
07-04 23:07:06.492 30317  1271 W Summariser: Summarisation completed
07-04 23:07:06.492 30317  1271 W Summariser:   filename: 20200312_194830!003.mp4
07-04 23:07:06.492 30317  1271 W Summariser:   active sections: 0
07-04 23:07:06.492 30317  1271 W Summariser:   time: 01.613s
07-04 23:07:06.492 30317  1271 W Summariser:   original duration: 11.98
07-04 23:07:06.492 30317  1271 W Summariser:   summarised duration: -1.00
07-04 23:07:06.492 30317  1271 W Summariser:   noise tolerance: 45.00
07-04 23:07:06.492 30317  1271 W Summariser:   quality: 23
07-04 23:07:06.492 30317  1271 W Summariser:   speed: medium
07-04 23:07:06.492 30317  1271 W Summariser:   freeze duration: 1.00
07-04 23:07:10.842 30317 30317 W NearbyFragment: Completed downloading 20200312_194930!000.mp4 from Endpoint{id=hgvm, name=Nexus 5X [34d8]} in 04.197s
07-04 23:07:11.036 30317 31588 W mobile-ffmpeg: [graph 0 input from stream 0:0 @ 0x7a5881f7c0] sws_param option is deprecated and ignored
07-04 23:07:13.101 30317  1310 W Summariser: 1 active sections found
07-04 23:07:13.146 30317 31588 W mobile-ffmpeg: [graph 0 input from stream 0:0 @ 0x7a5881f700] sws_param option is deprecated and ignored
07-04 23:07:22.424 30317  1310 W Summariser: Summarisation completed
07-04 23:07:22.424 30317  1310 W Summariser:   filename: 20200312_194930!000.mp4
07-04 23:07:22.424 30317  1310 W Summariser:   active sections: 1
07-04 23:07:22.424 30317  1310 W Summariser:   time: 11.459s
07-04 23:07:22.424 30317  1310 W Summariser:   original duration: 16.07
07-04 23:07:22.424 30317  1310 W Summariser:   summarised duration: 9.36
07-04 23:07:22.424 30317  1310 W Summariser:   noise tolerance: 45.00
07-04 23:07:22.424 30317  1310 W Summariser:   quality: 23
07-04 23:07:22.424 30317  1310 W Summariser:   speed: medium
07-04 23:07:22.424 30317  1310 W Summariser:   freeze duration: 1.00
07-04 23:07:22.441 30317  1310 W NearbyFragment: Sending 20200312_194930!000.mp4 to Nexus 5X [34d8]
07-04 23:07:27.613 30317 30317 W NearbyFragment: Completed downloading 20200312_194930!001.mp4 from Endpoint{id=hgvm, name=Nexus 5X [34d8]} in 04.900s
07-04 23:07:27.959 30317 31588 W mobile-ffmpeg: [graph 0 input from stream 0:0 @ 0x7a5881f7c0] sws_param option is deprecated and ignored
07-04 23:07:29.793 30317  1379 W Summariser: 1 active sections found
07-04 23:07:29.836 30317 30326 W System  : A resource failed to call close. 
07-04 23:07:29.855 30317 30326 W System  : A resource failed to call close. 
07-04 23:07:29.855 30317 31588 W mobile-ffmpeg: [graph 0 input from stream 0:0 @ 0x7a5881f700] sws_param option is deprecated and ignored
07-04 23:07:29.855 30317 30326 W System  : A resource failed to call close. 
07-04 23:07:29.868 30317 30326 W System  : A resource failed to call close. 
07-04 23:07:31.806 30317  1379 W Summariser: Summarisation completed
07-04 23:07:31.806 30317  1379 W Summariser:   filename: 20200312_194930!001.mp4
07-04 23:07:31.806 30317  1379 W Summariser:   active sections: 1
07-04 23:07:31.806 30317  1379 W Summariser:   time: 03.993s
07-04 23:07:31.806 30317  1379 W Summariser:   original duration: 16.01
07-04 23:07:31.806 30317  1379 W Summariser:   summarised duration: 2.02
07-04 23:07:31.806 30317  1379 W Summariser:   noise tolerance: 45.00
07-04 23:07:31.806 30317  1379 W Summariser:   quality: 23
07-04 23:07:31.806 30317  1379 W Summariser:   speed: medium
07-04 23:07:31.806 30317  1379 W Summariser:   freeze duration: 1.00
07-04 23:07:31.869 30317  1379 W NearbyFragment: Sending 20200312_194930!001.mp4 to Nexus 5X [34d8]
07-04 23:07:35.805 30317 30317 W NearbyFragment: Completed downloading 20200312_194930!003.mp4 from Endpoint{id=hgvm, name=Nexus 5X [34d8]} in 03.863s
07-04 23:07:35.987 30317 31588 W mobile-ffmpeg: [graph 0 input from stream 0:0 @ 0x7a5881f7c0] sws_param option is deprecated and ignored
07-04 23:07:37.466 30317  1445 W Summariser: 1 active sections found
07-04 23:07:37.513 30317 31588 W mobile-ffmpeg: [graph 0 input from stream 0:0 @ 0x7a5881f700] sws_param option is deprecated and ignored
07-04 23:07:48.202 30317  1445 W Summariser: Summarisation completed
07-04 23:07:48.202 30317  1445 W Summariser:   filename: 20200312_194930!003.mp4
07-04 23:07:48.202 30317  1445 W Summariser:   active sections: 1
07-04 23:07:48.202 30317  1445 W Summariser:   time: 12.252s
07-04 23:07:48.202 30317  1445 W Summariser:   original duration: 12.01
07-04 23:07:48.202 30317  1445 W Summariser:   summarised duration: 10.95
07-04 23:07:48.202 30317  1445 W Summariser:   noise tolerance: 45.00
07-04 23:07:48.202 30317  1445 W Summariser:   quality: 23
07-04 23:07:48.202 30317  1445 W Summariser:   speed: medium
07-04 23:07:48.202 30317  1445 W Summariser:   freeze duration: 1.00
07-04 23:07:48.218 30317  1445 W NearbyFragment: Sending 20200312_194930!003.mp4 to Nexus 5X [34d8]
07-04 23:07:58.867 30317 30317 W NearbyFragment: Completed downloading 20200312_195230!003.mp4 from Endpoint{id=hgvm, name=Nexus 5X [34d8]} in 10.381s
07-04 23:07:59.053 30317 31588 W mobile-ffmpeg: [graph 0 input from stream 0:0 @ 0x7a5881f7c0] sws_param option is deprecated and ignored
07-04 23:08:00.565 30317  1529 W Summariser: No activity detected
07-04 23:08:00.590 30317  1529 W Summariser: Summarisation completed
07-04 23:08:00.590 30317  1529 W Summariser:   filename: 20200312_195230!003.mp4
07-04 23:08:00.590 30317  1529 W Summariser:   active sections: 0
07-04 23:08:00.590 30317  1529 W Summariser:   time: 01.644s
07-04 23:08:00.590 30317  1529 W Summariser:   original duration: 12.01
07-04 23:08:00.590 30317  1529 W Summariser:   summarised duration: -1.00
07-04 23:08:00.590 30317  1529 W Summariser:   noise tolerance: 45.00
07-04 23:08:00.590 30317  1529 W Summariser:   quality: 23
07-04 23:08:00.590 30317  1529 W Summariser:   speed: medium
07-04 23:08:00.590 30317  1529 W Summariser:   freeze duration: 1.00
07-04 23:08:03.891 30317 30317 W NearbyFragment: Completed downloading 20200312_195330!000.mp4 from Endpoint{id=hgvm, name=Nexus 5X [34d8]} in 03.230s
07-04 23:08:04.037 30317 31588 W mobile-ffmpeg: [graph 0 input from stream 0:0 @ 0x7a5881f7c0] sws_param option is deprecated and ignored
07-04 23:08:05.942 30317  1560 W Summariser: 1 active sections found
07-04 23:08:05.990 30317 31588 W mobile-ffmpeg: [graph 0 input from stream 0:0 @ 0x7a5881f700] sws_param option is deprecated and ignored
07-04 23:08:08.696 30317  1560 W Summariser: Summarisation completed
07-04 23:08:08.696 30317  1560 W Summariser:   filename: 20200312_195330!000.mp4
07-04 23:08:08.696 30317  1560 W Summariser:   active sections: 1
07-04 23:08:08.696 30317  1560 W Summariser:   time: 04.708s
07-04 23:08:08.696 30317  1560 W Summariser:   original duration: 16.07
07-04 23:08:08.696 30317  1560 W Summariser:   summarised duration: 1.11
07-04 23:08:08.696 30317  1560 W Summariser:   noise tolerance: 45.00
07-04 23:08:08.696 30317  1560 W Summariser:   quality: 23
07-04 23:08:08.696 30317  1560 W Summariser:   speed: medium
07-04 23:08:08.696 30317  1560 W Summariser:   freeze duration: 1.00
07-04 23:08:08.705 30317  1560 W NearbyFragment: Sending 20200312_195330!000.mp4 to Nexus 5X [34d8]
07-04 23:08:11.125 30317 30317 W NearbyFragment: Completed downloading 20200312_195330!001.mp4 from Endpoint{id=hgvm, name=Nexus 5X [34d8]} in 02.349s
07-04 23:08:11.354 30317 31588 W mobile-ffmpeg: [graph 0 input from stream 0:0 @ 0x7a5881f7c0] sws_param option is deprecated and ignored
07-04 23:08:13.288 30317  1627 W Summariser: 2 active sections found
07-04 23:08:13.347 30317 31588 W mobile-ffmpeg: [graph 0 input from stream 0:0 @ 0x7a5881fb80] sws_param option is deprecated and ignored
07-04 23:08:13.347 30317 31588 W mobile-ffmpeg: [graph 0 input from stream 0:0 @ 0x7a5881fd00] sws_param option is deprecated and ignored
07-04 23:08:23.760 30317  1627 W Summariser: Summarisation completed
07-04 23:08:23.760 30317  1627 W Summariser:   filename: 20200312_195330!001.mp4
07-04 23:08:23.760 30317  1627 W Summariser:   active sections: 2
07-04 23:08:23.760 30317  1627 W Summariser:   time: 12.534s
07-04 23:08:23.760 30317  1627 W Summariser:   original duration: 16.02
07-04 23:08:23.760 30317  1627 W Summariser:   summarised duration: 10.91
07-04 23:08:23.760 30317  1627 W Summariser:   noise tolerance: 45.00
07-04 23:08:23.760 30317  1627 W Summariser:   quality: 23
07-04 23:08:23.760 30317  1627 W Summariser:   speed: medium
07-04 23:08:23.760 30317  1627 W Summariser:   freeze duration: 1.00
07-04 23:08:23.779 30317  1627 W NearbyFragment: Sending 20200312_195330!001.mp4 to Nexus 5X [34d8]
07-04 23:08:25.542 30317 30317 W NearbyFragment: Completed downloading 20200312_195330!003.mp4 from Endpoint{id=hgvm, name=Nexus 5X [34d8]} in 01.663s
07-04 23:08:25.781 30317 31588 W mobile-ffmpeg: [graph 0 input from stream 0:0 @ 0x7a5881f7c0] sws_param option is deprecated and ignored
07-04 23:08:27.268 30317  1697 W Summariser: 1 active sections found
07-04 23:08:27.315 30317 31588 W mobile-ffmpeg: [graph 0 input from stream 0:0 @ 0x7a5881f700] sws_param option is deprecated and ignored
07-04 23:08:30.950 30317  1697 W Summariser: Summarisation completed
07-04 23:08:30.950 30317  1697 W Summariser:   filename: 20200312_195330!003.mp4
07-04 23:08:30.950 30317  1697 W Summariser:   active sections: 1
07-04 23:08:30.950 30317  1697 W Summariser:   time: 05.307s
07-04 23:08:30.950 30317  1697 W Summariser:   original duration: 12.03
07-04 23:08:30.950 30317  1697 W Summariser:   summarised duration: 3.53
07-04 23:08:30.950 30317  1697 W Summariser:   noise tolerance: 45.00
07-04 23:08:30.950 30317  1697 W Summariser:   quality: 23
07-04 23:08:30.950 30317  1697 W Summariser:   speed: medium
07-04 23:08:30.950 30317  1697 W Summariser:   freeze duration: 1.00
07-04 23:08:30.960 30317  1697 W NearbyFragment: Sending 20200312_195330!003.mp4 to Nexus 5X [34d8]
07-04 23:08:35.423 30317 30317 W NearbyFragment: Completed downloading 20200312_195430!001.mp4 from Endpoint{id=hgvm, name=Nexus 5X [34d8]} in 04.388s
07-04 23:08:35.676 30317 31588 W mobile-ffmpeg: [graph 0 input from stream 0:0 @ 0x7a5881f7c0] sws_param option is deprecated and ignored
07-04 23:08:37.560 30317  1772 W Summariser: 2 active sections found
07-04 23:08:37.618 30317 31588 W mobile-ffmpeg: [graph 0 input from stream 0:0 @ 0x7a5881f7c0] sws_param option is deprecated and ignored
07-04 23:08:37.618 30317 31588 W mobile-ffmpeg: [graph 0 input from stream 0:0 @ 0x7a5881fd00] sws_param option is deprecated and ignored
07-04 23:08:43.460 30317  1772 W Summariser: Summarisation completed
07-04 23:08:43.460 30317  1772 W Summariser:   filename: 20200312_195430!001.mp4
07-04 23:08:43.460 30317  1772 W Summariser:   active sections: 2
07-04 23:08:43.460 30317  1772 W Summariser:   time: 07.930s
07-04 23:08:43.460 30317  1772 W Summariser:   original duration: 16.01
07-04 23:08:43.460 30317  1772 W Summariser:   summarised duration: 5.90
07-04 23:08:43.460 30317  1772 W Summariser:   noise tolerance: 45.00
07-04 23:08:43.460 30317  1772 W Summariser:   quality: 23
07-04 23:08:43.460 30317  1772 W Summariser:   speed: medium
07-04 23:08:43.460 30317  1772 W Summariser:   freeze duration: 1.00
07-04 23:08:43.477 30317  1772 W NearbyFragment: Sending 20200312_195430!001.mp4 to Nexus 5X [34d8]
07-04 23:08:47.093 30317 30317 W NearbyFragment: Completed downloading 20200312_195430!002.mp4 from Endpoint{id=hgvm, name=Nexus 5X [34d8]} in 03.559s
07-04 23:08:47.350 30317 31588 W mobile-ffmpeg: [graph 0 input from stream 0:0 @ 0x7a5881f7c0] sws_param option is deprecated and ignored
07-04 23:08:49.210 30317  1849 W Summariser: 2 active sections found
07-04 23:08:49.268 30317 31588 W mobile-ffmpeg: [graph 0 input from stream 0:0 @ 0x7a5881fb80] sws_param option is deprecated and ignored
07-04 23:08:49.268 30317 31588 W mobile-ffmpeg: [graph 0 input from stream 0:0 @ 0x7a5881fd00] sws_param option is deprecated and ignored
07-04 23:08:54.769 30317  1849 W Summariser: Summarisation completed
07-04 23:08:54.769 30317  1849 W Summariser:   filename: 20200312_195430!002.mp4
07-04 23:08:54.769 30317  1849 W Summariser:   active sections: 2
07-04 23:08:54.769 30317  1849 W Summariser:   time: 07.561s
07-04 23:08:54.769 30317  1849 W Summariser:   original duration: 16.01
07-04 23:08:54.769 30317  1849 W Summariser:   summarised duration: 6.17
07-04 23:08:54.769 30317  1849 W Summariser:   noise tolerance: 45.00
07-04 23:08:54.769 30317  1849 W Summariser:   quality: 23
07-04 23:08:54.769 30317  1849 W Summariser:   speed: medium
07-04 23:08:54.769 30317  1849 W Summariser:   freeze duration: 1.00
07-04 23:08:54.781 30317  1849 W NearbyFragment: Sending 20200312_195430!002.mp4 to Nexus 5X [34d8]
07-04 23:08:57.847 30317 30317 W NearbyFragment: Completed downloading 20200312_195430!003.mp4 from Endpoint{id=hgvm, name=Nexus 5X [34d8]} in 02.918s
07-04 23:08:58.102 30317 31588 W mobile-ffmpeg: [graph 0 input from stream 0:0 @ 0x7a5881f7c0] sws_param option is deprecated and ignored
07-04 23:08:59.570 30317  1922 W Summariser: 1 active sections found
07-04 23:08:59.619 30317 31588 W mobile-ffmpeg: [graph 0 input from stream 0:0 @ 0x7a5881f700] sws_param option is deprecated and ignored
07-04 23:09:03.532 30317  1922 W Summariser: Summarisation completed
07-04 23:09:03.532 30317  1922 W Summariser:   filename: 20200312_195430!003.mp4
07-04 23:09:03.532 30317  1922 W Summariser:   active sections: 1
07-04 23:09:03.532 30317  1922 W Summariser:   time: 05.565s
07-04 23:09:03.532 30317  1922 W Summariser:   original duration: 11.98
07-04 23:09:03.532 30317  1922 W Summariser:   summarised duration: 4.54
07-04 23:09:03.532 30317  1922 W Summariser:   noise tolerance: 45.00
07-04 23:09:03.532 30317  1922 W Summariser:   quality: 23
07-04 23:09:03.532 30317  1922 W Summariser:   speed: medium
07-04 23:09:03.532 30317  1922 W Summariser:   freeze duration: 1.00
07-04 23:09:03.545 30317  1922 W NearbyFragment: Sending 20200312_195430!003.mp4 to Nexus 5X [34d8]
