--------- beginning of main
--------- beginning of system
07-06 01:24:25.503 27793 27793 W LogFactory: Truncating log tag length as it exceed 23, the limit imposed by Android on certain API Levels
07-06 01:25:25.992 27793 27793 E TransferService: No notification is passed in the intent. Unable to transition to foreground.
07-06 01:27:49.386 27793 27793 W NearbyFragment: Completed downloading 20200312_150643!000.mp4 from Endpoint{id=vMbk, name=Galaxy S8 [2802]} in 07.579s
07-06 01:27:49.760 27793 28100 W mobile-ffmpeg: [graph 0 input from stream 0:0 @ 0x7a20e2c200] sws_param option is deprecated and ignored
07-06 01:27:52.678 27793 28099 W Summariser: No activity detected
07-06 01:27:52.731 27793 28099 W Summariser: Summarisation completed
07-06 01:27:52.731 27793 28099 W Summariser:   filename: 20200312_150643!000.mp4
07-06 01:27:52.731 27793 28099 W Summariser:   active sections: 0
07-06 01:27:52.731 27793 28099 W Summariser:   time: 03.216s
07-06 01:27:52.731 27793 28099 W Summariser:   original duration: 16.07
07-06 01:27:52.731 27793 28099 W Summariser:   summarised duration: -1.00
07-06 01:27:52.731 27793 28099 W Summariser:   noise tolerance: 45.00
07-06 01:27:52.731 27793 28099 W Summariser:   quality: 23
07-06 01:27:52.731 27793 28099 W Summariser:   speed: medium
07-06 01:27:52.731 27793 28099 W Summariser:   freeze duration: 1.00
07-06 01:28:02.878 27793 27793 W NearbyFragment: Completed downloading 20200312_150643!002.mp4 from Endpoint{id=vMbk, name=Galaxy S8 [2802]} in 09.924s
07-06 01:28:03.110 27793 28100 W mobile-ffmpeg: [graph 0 input from stream 0:0 @ 0x7a20e2c200] sws_param option is deprecated and ignored
07-06 01:28:06.240 27793 28127 W Summariser: No activity detected
07-06 01:28:06.306 27793 28127 W Summariser: Summarisation completed
07-06 01:28:06.306 27793 28127 W Summariser:   filename: 20200312_150643!002.mp4
07-06 01:28:06.306 27793 28127 W Summariser:   active sections: 0
07-06 01:28:06.306 27793 28127 W Summariser:   time: 03.282s
07-06 01:28:06.306 27793 28127 W Summariser:   original duration: 16.01
07-06 01:28:06.306 27793 28127 W Summariser:   summarised duration: -1.00
07-06 01:28:06.306 27793 28127 W Summariser:   noise tolerance: 45.00
07-06 01:28:06.306 27793 28127 W Summariser:   quality: 23
07-06 01:28:06.306 27793 28127 W Summariser:   speed: medium
07-06 01:28:06.306 27793 28127 W Summariser:   freeze duration: 1.00
07-06 01:28:18.732 27793 27793 W NearbyFragment: Completed downloading 20200312_150744!000.mp4 from Endpoint{id=vMbk, name=Galaxy S8 [2802]} in 05.646s
07-06 01:28:18.917 27793 28100 W mobile-ffmpeg: [graph 0 input from stream 0:0 @ 0x7a20e2c200] sws_param option is deprecated and ignored
07-06 01:28:22.046 27793 28149 W Summariser: No activity detected
07-06 01:28:22.109 27793 28149 W Summariser: Summarisation completed
07-06 01:28:22.109 27793 28149 W Summariser:   filename: 20200312_150744!000.mp4
07-06 01:28:22.109 27793 28149 W Summariser:   active sections: 0
07-06 01:28:22.109 27793 28149 W Summariser:   time: 03.245s
07-06 01:28:22.109 27793 28149 W Summariser:   original duration: 16.07
07-06 01:28:22.109 27793 28149 W Summariser:   summarised duration: -1.00
07-06 01:28:22.109 27793 28149 W Summariser:   noise tolerance: 45.00
07-06 01:28:22.109 27793 28149 W Summariser:   quality: 23
07-06 01:28:22.109 27793 28149 W Summariser:   speed: medium
07-06 01:28:22.109 27793 28149 W Summariser:   freeze duration: 1.00
07-06 01:28:30.064 27793 27793 W NearbyFragment: Completed downloading 20200312_150744!002.mp4 from Endpoint{id=vMbk, name=Galaxy S8 [2802]} in 07.852s
07-06 01:28:30.251 27793 28100 W mobile-ffmpeg: [graph 0 input from stream 0:0 @ 0x7a20e2c200] sws_param option is deprecated and ignored
07-06 01:28:33.680 27793 28175 W Summariser: No activity detected
07-06 01:28:33.753 27793 28175 W Summariser: Summarisation completed
07-06 01:28:33.753 27793 28175 W Summariser:   filename: 20200312_150744!002.mp4
07-06 01:28:33.753 27793 28175 W Summariser:   active sections: 0
07-06 01:28:33.753 27793 28175 W Summariser:   time: 03.578s
07-06 01:28:33.753 27793 28175 W Summariser:   original duration: 16.01
07-06 01:28:33.753 27793 28175 W Summariser:   summarised duration: -1.00
07-06 01:28:33.753 27793 28175 W Summariser:   noise tolerance: 45.00
07-06 01:28:33.753 27793 28175 W Summariser:   quality: 23
07-06 01:28:33.753 27793 28175 W Summariser:   speed: medium
07-06 01:28:33.753 27793 28175 W Summariser:   freeze duration: 1.00
07-06 01:28:52.899 27793 27793 W NearbyFragment: Completed downloading 20200312_150844!000.mp4 from Endpoint{id=vMbk, name=Galaxy S8 [2802]} in 09.290s
07-06 01:28:53.074 27793 28100 W mobile-ffmpeg: [graph 0 input from stream 0:0 @ 0x7a20e2c200] sws_param option is deprecated and ignored
07-06 01:28:56.165 27793 28203 W Summariser: Whole video is active
07-06 01:28:56.871 27793 28203 W Summariser: Summarisation completed
07-06 01:28:56.871 27793 28203 W Summariser:   filename: 20200312_150844!000.mp4
07-06 01:28:56.871 27793 28203 W Summariser:   active sections: -1
07-06 01:28:56.871 27793 28203 W Summariser:   time: 03.827s
07-06 01:28:56.871 27793 28203 W Summariser:   original duration: 16.06
07-06 01:28:56.871 27793 28203 W Summariser:   summarised duration: 16.06
07-06 01:28:56.871 27793 28203 W Summariser:   noise tolerance: 45.00
07-06 01:28:56.871 27793 28203 W Summariser:   quality: 23
07-06 01:28:56.871 27793 28203 W Summariser:   speed: medium
07-06 01:28:56.871 27793 28203 W Summariser:   freeze duration: 1.00
07-06 01:28:56.882 27793 28203 W NearbyFragment: Sending 20200312_150844!000.mp4 to Galaxy S8 [2802]
07-06 01:29:12.556 27793 27793 W NearbyFragment: Completed downloading 20200312_150844!003.mp4 from Endpoint{id=vMbk, name=Galaxy S8 [2802]} in 15.494s
07-06 01:29:12.734 27793 28100 W mobile-ffmpeg: [graph 0 input from stream 0:0 @ 0x7a20e2c200] sws_param option is deprecated and ignored
07-06 01:29:16.751 27793 28232 W Summariser: Whole video is active
07-06 01:29:17.479 27793 28232 W Summariser: Summarisation completed
07-06 01:29:17.479 27793 28232 W Summariser:   filename: 20200312_150844!003.mp4
07-06 01:29:17.479 27793 28232 W Summariser:   active sections: -1
07-06 01:29:17.479 27793 28232 W Summariser:   time: 04.708s
07-06 01:29:17.479 27793 28232 W Summariser:   original duration: 11.98
07-06 01:29:17.479 27793 28232 W Summariser:   summarised duration: 11.98
07-06 01:29:17.479 27793 28232 W Summariser:   noise tolerance: 45.00
07-06 01:29:17.479 27793 28232 W Summariser:   quality: 23
07-06 01:29:17.479 27793 28232 W Summariser:   speed: medium
07-06 01:29:17.479 27793 28232 W Summariser:   freeze duration: 1.00
07-06 01:29:17.501 27793 28232 W NearbyFragment: Sending 20200312_150844!003.mp4 to Galaxy S8 [2802]
07-06 01:29:47.723 27793 27793 W NearbyFragment: Completed downloading 20200312_150944!000.mp4 from Endpoint{id=vMbk, name=Galaxy S8 [2802]} in 04.305s
07-06 01:29:47.897 27793 28100 W mobile-ffmpeg: [graph 0 input from stream 0:0 @ 0x7a20e2c200] sws_param option is deprecated and ignored
07-06 01:29:51.644 27793 28258 W Summariser: 1 active sections found
07-06 01:29:51.793 27793 28100 W mobile-ffmpeg: [graph 0 input from stream 0:0 @ 0x7a20e2c140] sws_param option is deprecated and ignored
07-06 01:30:05.704 27793 27793 W NearbyFragment: Completed downloading 20200312_150944!003.mp4 from Endpoint{id=vMbk, name=Galaxy S8 [2802]} in 05.832s
07-06 01:30:12.293 27793 28258 W Summariser: Summarisation completed
07-06 01:30:12.293 27793 28258 W Summariser:   filename: 20200312_150944!000.mp4
07-06 01:30:12.293 27793 28258 W Summariser:   active sections: 1
07-06 01:30:12.293 27793 28258 W Summariser:   time: 24.388s
07-06 01:30:12.293 27793 28258 W Summariser:   original duration: 16.06
07-06 01:30:12.293 27793 28258 W Summariser:   summarised duration: 7.07
07-06 01:30:12.293 27793 28258 W Summariser:   noise tolerance: 45.00
07-06 01:30:12.293 27793 28258 W Summariser:   quality: 23
07-06 01:30:12.293 27793 28258 W Summariser:   speed: medium
07-06 01:30:12.293 27793 28258 W Summariser:   freeze duration: 1.00
07-06 01:30:12.318 27793 28258 W NearbyFragment: Sending 20200312_150944!000.mp4 to Galaxy S8 [2802]
07-06 01:30:12.505 27793 28100 W mobile-ffmpeg: [graph 0 input from stream 0:0 @ 0x7a20e2c2c0] sws_param option is deprecated and ignored
07-06 01:30:16.686 27793 28258 W Summariser: No activity detected
07-06 01:30:16.771 27793 28258 W Summariser: Summarisation completed
07-06 01:30:16.771 27793 28258 W Summariser:   filename: 20200312_150944!003.mp4
07-06 01:30:16.771 27793 28258 W Summariser:   active sections: 0
07-06 01:30:16.771 27793 28258 W Summariser:   time: 04.348s
07-06 01:30:16.771 27793 28258 W Summariser:   original duration: 12.01
07-06 01:30:16.771 27793 28258 W Summariser:   summarised duration: -1.00
07-06 01:30:16.771 27793 28258 W Summariser:   noise tolerance: 45.00
07-06 01:30:16.771 27793 28258 W Summariser:   quality: 23
07-06 01:30:16.771 27793 28258 W Summariser:   speed: medium
07-06 01:30:16.771 27793 28258 W Summariser:   freeze duration: 1.00
07-06 01:30:27.316 27793 27793 W NearbyFragment: Completed downloading 20200312_151044!001.mp4 from Endpoint{id=vMbk, name=Galaxy S8 [2802]} in 10.238s
07-06 01:30:27.545 27793 28100 W mobile-ffmpeg: [graph 0 input from stream 0:0 @ 0x7a20e2c200] sws_param option is deprecated and ignored
07-06 01:30:33.000 27793 28328 W Summariser: No activity detected
07-06 01:30:33.113 27793 28328 W Summariser: Summarisation completed
07-06 01:30:33.113 27793 28328 W Summariser:   filename: 20200312_151044!001.mp4
07-06 01:30:33.113 27793 28328 W Summariser:   active sections: 0
07-06 01:30:33.113 27793 28328 W Summariser:   time: 05.620s
07-06 01:30:33.113 27793 28328 W Summariser:   original duration: 16.02
07-06 01:30:33.113 27793 28328 W Summariser:   summarised duration: -1.00
07-06 01:30:33.113 27793 28328 W Summariser:   noise tolerance: 45.00
07-06 01:30:33.113 27793 28328 W Summariser:   quality: 23
07-06 01:30:33.113 27793 28328 W Summariser:   speed: medium
07-06 01:30:33.113 27793 28328 W Summariser:   freeze duration: 1.00
07-06 01:30:52.043 27793 27793 W NearbyFragment: Completed downloading 20200312_193528!000.mp4 from Endpoint{id=vMbk, name=Galaxy S8 [2802]} in 03.832s
07-06 01:30:52.231 27793 28100 W mobile-ffmpeg: [graph 0 input from stream 0:0 @ 0x7a20e2c200] sws_param option is deprecated and ignored
07-06 01:30:56.515 27793 28352 W Summariser: No activity detected
07-06 01:30:56.590 27793 28352 W Summariser: Summarisation completed
07-06 01:30:56.590 27793 28352 W Summariser:   filename: 20200312_193528!000.mp4
07-06 01:30:56.590 27793 28352 W Summariser:   active sections: 0
07-06 01:30:56.590 27793 28352 W Summariser:   time: 04.428s
07-06 01:30:56.590 27793 28352 W Summariser:   original duration: 16.06
07-06 01:30:56.590 27793 28352 W Summariser:   summarised duration: -1.00
07-06 01:30:56.590 27793 28352 W Summariser:   noise tolerance: 45.00
07-06 01:30:56.590 27793 28352 W Summariser:   quality: 23
07-06 01:30:56.590 27793 28352 W Summariser:   speed: medium
07-06 01:30:56.590 27793 28352 W Summariser:   freeze duration: 1.00
07-06 01:31:06.704 27793 27793 W NearbyFragment: Completed downloading 20200312_193528!002.mp4 from Endpoint{id=vMbk, name=Galaxy S8 [2802]} in 09.703s
07-06 01:31:06.857 27793 28100 W mobile-ffmpeg: [graph 0 input from stream 0:0 @ 0x7a20e2c200] sws_param option is deprecated and ignored
07-06 01:31:12.396 27793 28380 W Summariser: No activity detected
07-06 01:31:12.475 27793 28380 W Summariser: Summarisation completed
07-06 01:31:12.475 27793 28380 W Summariser:   filename: 20200312_193528!002.mp4
07-06 01:31:12.475 27793 28380 W Summariser:   active sections: 0
07-06 01:31:12.475 27793 28380 W Summariser:   time: 05.655s
07-06 01:31:12.475 27793 28380 W Summariser:   original duration: 16.06
07-06 01:31:12.475 27793 28380 W Summariser:   summarised duration: -1.00
07-06 01:31:12.475 27793 28380 W Summariser:   noise tolerance: 45.00
07-06 01:31:12.475 27793 28380 W Summariser:   quality: 23
07-06 01:31:12.475 27793 28380 W Summariser:   speed: medium
07-06 01:31:12.475 27793 28380 W Summariser:   freeze duration: 1.00
07-06 01:31:30.169 27793 27793 W NearbyFragment: Completed downloading 20200312_193628!000.mp4 from Endpoint{id=vMbk, name=Galaxy S8 [2802]} in 09.894s
07-06 01:31:30.324 27793 28100 W mobile-ffmpeg: [graph 0 input from stream 0:0 @ 0x7a20e2c200] sws_param option is deprecated and ignored
07-06 01:31:35.763 27793 28407 W Summariser: No activity detected
07-06 01:31:35.835 27793 28407 W Summariser: Summarisation completed
07-06 01:31:35.835 27793 28407 W Summariser:   filename: 20200312_193628!000.mp4
07-06 01:31:35.835 27793 28407 W Summariser:   active sections: 0
07-06 01:31:35.835 27793 28407 W Summariser:   time: 05.548s
07-06 01:31:35.835 27793 28407 W Summariser:   original duration: 16.07
07-06 01:31:35.835 27793 28407 W Summariser:   summarised duration: -1.00
07-06 01:31:35.835 27793 28407 W Summariser:   noise tolerance: 45.00
07-06 01:31:35.835 27793 28407 W Summariser:   quality: 23
07-06 01:31:35.835 27793 28407 W Summariser:   speed: medium
07-06 01:31:35.835 27793 28407 W Summariser:   freeze duration: 1.00
07-06 01:31:41.334 27793 27793 W NearbyFragment: Completed downloading 20200312_193628!003.mp4 from Endpoint{id=vMbk, name=Galaxy S8 [2802]} in 05.227s
07-06 01:31:41.498 27793 28100 W mobile-ffmpeg: [graph 0 input from stream 0:0 @ 0x7a20e2c200] sws_param option is deprecated and ignored
07-06 01:31:45.742 27793 28427 W Summariser: 1 active sections found
07-06 01:31:45.878 27793 28100 W mobile-ffmpeg: [graph 0 input from stream 0:0 @ 0x7a20e2c140] sws_param option is deprecated and ignored
07-06 01:32:13.400 27793 28427 W Summariser: Summarisation completed
07-06 01:32:13.400 27793 28427 W Summariser:   filename: 20200312_193628!003.mp4
07-06 01:32:13.400 27793 28427 W Summariser:   active sections: 1
07-06 01:32:13.400 27793 28427 W Summariser:   time: 31.895s
07-06 01:32:13.400 27793 28427 W Summariser:   original duration: 12.03
07-06 01:32:13.400 27793 28427 W Summariser:   summarised duration: 6.16
07-06 01:32:13.400 27793 28427 W Summariser:   noise tolerance: 45.00
07-06 01:32:13.400 27793 28427 W Summariser:   quality: 23
07-06 01:32:13.400 27793 28427 W Summariser:   speed: medium
07-06 01:32:13.400 27793 28427 W Summariser:   freeze duration: 1.00
07-06 01:32:13.418 27793 28427 W NearbyFragment: Sending 20200312_193628!003.mp4 to Galaxy S8 [2802]
07-06 01:32:16.360 27793 27793 W NearbyFragment: Completed downloading 20200312_193728!002.mp4 from Endpoint{id=vMbk, name=Galaxy S8 [2802]} in 12.069s
07-06 01:32:16.631 27793 28100 W mobile-ffmpeg: [graph 0 input from stream 0:0 @ 0x7a20e2c200] sws_param option is deprecated and ignored
07-06 01:32:22.237 27793 28470 W Summariser: Whole video is active
07-06 01:32:23.215 27793 28470 W Summariser: Summarisation completed
07-06 01:32:23.215 27793 28470 W Summariser:   filename: 20200312_193728!002.mp4
07-06 01:32:23.215 27793 28470 W Summariser:   active sections: -1
07-06 01:32:23.215 27793 28470 W Summariser:   time: 06.582s
07-06 01:32:23.215 27793 28470 W Summariser:   original duration: 16.01
07-06 01:32:23.215 27793 28470 W Summariser:   summarised duration: 16.01
07-06 01:32:23.215 27793 28470 W Summariser:   noise tolerance: 45.00
07-06 01:32:23.215 27793 28470 W Summariser:   quality: 23
07-06 01:32:23.215 27793 28470 W Summariser:   speed: medium
07-06 01:32:23.215 27793 28470 W Summariser:   freeze duration: 1.00
07-06 01:32:23.236 27793 28470 W NearbyFragment: Sending 20200312_193728!002.mp4 to Galaxy S8 [2802]
07-06 01:32:49.939 27793 27793 W NearbyFragment: Completed downloading 20200312_193828!000.mp4 from Endpoint{id=vMbk, name=Galaxy S8 [2802]} in 05.785s
07-06 01:32:50.097 27793 28100 W mobile-ffmpeg: [graph 0 input from stream 0:0 @ 0x7a20e2c200] sws_param option is deprecated and ignored
07-06 01:32:55.615 27793 28497 W Summariser: 1 active sections found
07-06 01:32:55.729 27793 28100 W mobile-ffmpeg: [graph 0 input from stream 0:0 @ 0x7a20e2c140] sws_param option is deprecated and ignored
07-06 01:33:31.249 27793 27793 W NearbyFragment: Completed downloading 20200312_193928!002.mp4 from Endpoint{id=vMbk, name=Galaxy S8 [2802]} in 05.745s
07-06 01:33:49.036 27793 28497 W Summariser: Summarisation completed
07-06 01:33:49.036 27793 28497 W Summariser:   filename: 20200312_193828!000.mp4
07-06 01:33:49.036 27793 28497 W Summariser:   active sections: 1
07-06 01:33:49.036 27793 28497 W Summariser:   time: 58.921s
07-06 01:33:49.036 27793 28497 W Summariser:   original duration: 16.06
07-06 01:33:49.036 27793 28497 W Summariser:   summarised duration: 14.28
07-06 01:33:49.036 27793 28497 W Summariser:   noise tolerance: 45.00
07-06 01:33:49.036 27793 28497 W Summariser:   quality: 23
07-06 01:33:49.036 27793 28497 W Summariser:   speed: medium
07-06 01:33:49.036 27793 28497 W Summariser:   freeze duration: 1.00
07-06 01:33:49.054 27793 28497 W NearbyFragment: Sending 20200312_193828!000.mp4 to Galaxy S8 [2802]
07-06 01:33:49.216 27793 28100 W mobile-ffmpeg: [graph 0 input from stream 0:0 @ 0x7a20e2c200] sws_param option is deprecated and ignored
07-06 01:33:54.767 27793 28497 W Summariser: No activity detected
07-06 01:33:54.838 27793 28497 W Summariser: Summarisation completed
07-06 01:33:54.838 27793 28497 W Summariser:   filename: 20200312_193928!002.mp4
07-06 01:33:54.838 27793 28497 W Summariser:   active sections: 0
07-06 01:33:54.838 27793 28497 W Summariser:   time: 05.698s
07-06 01:33:54.838 27793 28497 W Summariser:   original duration: 16.06
07-06 01:33:54.838 27793 28497 W Summariser:   summarised duration: -1.00
07-06 01:33:54.838 27793 28497 W Summariser:   noise tolerance: 45.00
07-06 01:33:54.838 27793 28497 W Summariser:   quality: 23
07-06 01:33:54.838 27793 28497 W Summariser:   speed: medium
07-06 01:33:54.838 27793 28497 W Summariser:   freeze duration: 1.00
07-06 01:34:02.163 27793 27793 W NearbyFragment: Completed downloading 20200312_194129!002.mp4 from Endpoint{id=vMbk, name=Galaxy S8 [2802]} in 10.331s
07-06 01:34:02.355 27793 28100 W mobile-ffmpeg: [graph 0 input from stream 0:0 @ 0x7a20e2c200] sws_param option is deprecated and ignored
07-06 01:34:08.576 27793 28558 W Summariser: 1 active sections found
07-06 01:34:08.736 27793 28100 W mobile-ffmpeg: [graph 0 input from stream 0:0 @ 0x7a20e2c140] sws_param option is deprecated and ignored
07-06 01:34:10.651 27793 27793 W NearbyFragment: Completed downloading 20200312_194129!003.mp4 from Endpoint{id=vMbk, name=Galaxy S8 [2802]} in 15.411s
07-06 01:34:34.746 27793 28558 W Summariser: Summarisation completed
07-06 01:34:34.746 27793 28558 W Summariser:   filename: 20200312_194129!002.mp4
07-06 01:34:34.746 27793 28558 W Summariser:   active sections: 1
07-06 01:34:34.746 27793 28558 W Summariser:   time: 32.369s
07-06 01:34:34.746 27793 28558 W Summariser:   original duration: 16.01
07-06 01:34:34.746 27793 28558 W Summariser:   summarised duration: 7.37
07-06 01:34:34.746 27793 28558 W Summariser:   noise tolerance: 45.00
07-06 01:34:34.746 27793 28558 W Summariser:   quality: 23
07-06 01:34:34.746 27793 28558 W Summariser:   speed: medium
07-06 01:34:34.746 27793 28558 W Summariser:   freeze duration: 1.00
07-06 01:34:34.770 27793 28558 W NearbyFragment: Sending 20200312_194129!002.mp4 to Galaxy S8 [2802]
07-06 01:34:34.926 27793 28100 W mobile-ffmpeg: [graph 0 input from stream 0:0 @ 0x7a20e2c2c0] sws_param option is deprecated and ignored
07-06 01:34:39.108 27793 28558 W Summariser: 1 active sections found
07-06 01:34:39.232 27793 28100 W mobile-ffmpeg: [graph 0 input from stream 0:0 @ 0x7a20e2c140] sws_param option is deprecated and ignored
07-06 01:34:42.275 27793 28558 W Summariser: Summarisation completed
07-06 01:34:42.275 27793 28558 W Summariser:   filename: 20200312_194129!003.mp4
07-06 01:34:42.275 27793 28558 W Summariser:   active sections: 1
07-06 01:34:42.275 27793 28558 W Summariser:   time: 07.365s
07-06 01:34:42.275 27793 28558 W Summariser:   original duration: 12.03
07-06 01:34:42.275 27793 28558 W Summariser:   summarised duration: 0.70
07-06 01:34:42.275 27793 28558 W Summariser:   noise tolerance: 45.00
07-06 01:34:42.275 27793 28558 W Summariser:   quality: 23
07-06 01:34:42.275 27793 28558 W Summariser:   speed: medium
07-06 01:34:42.275 27793 28558 W Summariser:   freeze duration: 1.00
07-06 01:34:42.293 27793 28558 W NearbyFragment: Sending 20200312_194129!003.mp4 to Galaxy S8 [2802]
07-06 01:34:56.232 27793 27793 W NearbyFragment: Completed downloading 20200312_194330!000.mp4 from Endpoint{id=vMbk, name=Galaxy S8 [2802]} in 09.317s
07-06 01:34:56.456 27793 28100 W mobile-ffmpeg: [graph 0 input from stream 0:0 @ 0x7a20e2c200] sws_param option is deprecated and ignored
07-06 01:35:02.795 27793 27793 W NearbyFragment: Completed downloading 20200312_194330!001.mp4 from Endpoint{id=vMbk, name=Galaxy S8 [2802]} in 12.156s
07-06 01:35:02.818 27793 28707 W Summariser: No activity detected
07-06 01:35:02.882 27793 28707 W Summariser: Summarisation completed
07-06 01:35:02.882 27793 28707 W Summariser:   filename: 20200312_194330!000.mp4
07-06 01:35:02.882 27793 28707 W Summariser:   active sections: 0
07-06 01:35:02.882 27793 28707 W Summariser:   time: 06.523s
07-06 01:35:02.882 27793 28707 W Summariser:   original duration: 16.07
07-06 01:35:02.882 27793 28707 W Summariser:   summarised duration: -1.00
07-06 01:35:02.882 27793 28707 W Summariser:   noise tolerance: 45.00
07-06 01:35:02.882 27793 28707 W Summariser:   quality: 23
07-06 01:35:02.882 27793 28707 W Summariser:   speed: medium
07-06 01:35:02.882 27793 28707 W Summariser:   freeze duration: 1.00
07-06 01:35:03.052 27793 28100 W mobile-ffmpeg: [graph 0 input from stream 0:0 @ 0x7a20e2bb40] sws_param option is deprecated and ignored
07-06 01:35:08.555 27793 28707 W Summariser: No activity detected
07-06 01:35:08.653 27793 28707 W Summariser: Summarisation completed
07-06 01:35:08.653 27793 28707 W Summariser:   filename: 20200312_194330!001.mp4
07-06 01:35:08.653 27793 28707 W Summariser:   active sections: 0
07-06 01:35:08.653 27793 28707 W Summariser:   time: 05.663s
07-06 01:35:08.653 27793 28707 W Summariser:   original duration: 16.01
07-06 01:35:08.653 27793 28707 W Summariser:   summarised duration: -1.00
07-06 01:35:08.653 27793 28707 W Summariser:   noise tolerance: 45.00
07-06 01:35:08.653 27793 28707 W Summariser:   quality: 23
07-06 01:35:08.653 27793 28707 W Summariser:   speed: medium
07-06 01:35:08.653 27793 28707 W Summariser:   freeze duration: 1.00
07-06 01:35:25.378 27793 27793 W NearbyFragment: Completed downloading 20200312_194730!000.mp4 from Endpoint{id=vMbk, name=Galaxy S8 [2802]} in 04.464s
07-06 01:35:25.527 27793 28100 W mobile-ffmpeg: [graph 0 input from stream 0:0 @ 0x7a20e2bfc0] sws_param option is deprecated and ignored
07-06 01:35:30.996 27793 28743 W Summariser: No activity detected
07-06 01:35:31.063 27793 28743 W Summariser: Summarisation completed
07-06 01:35:31.063 27793 28743 W Summariser:   filename: 20200312_194730!000.mp4
07-06 01:35:31.063 27793 28743 W Summariser:   active sections: 0
07-06 01:35:31.063 27793 28743 W Summariser:   time: 05.572s
07-06 01:35:31.063 27793 28743 W Summariser:   original duration: 16.07
07-06 01:35:31.063 27793 28743 W Summariser:   summarised duration: -1.00
07-06 01:35:31.063 27793 28743 W Summariser:   noise tolerance: 45.00
07-06 01:35:31.063 27793 28743 W Summariser:   quality: 23
07-06 01:35:31.063 27793 28743 W Summariser:   speed: medium
07-06 01:35:31.063 27793 28743 W Summariser:   freeze duration: 1.00
07-06 01:35:38.487 27793 27793 W NearbyFragment: Completed downloading 20200312_194730!003.mp4 from Endpoint{id=vMbk, name=Galaxy S8 [2802]} in 07.222s
07-06 01:35:38.683 27793 28100 W mobile-ffmpeg: [graph 0 input from stream 0:0 @ 0x7a20e2bfc0] sws_param option is deprecated and ignored
07-06 01:35:42.761 27793 28758 W Summariser: No activity detected
07-06 01:35:42.830 27793 28758 W Summariser: Summarisation completed
07-06 01:35:42.830 27793 28758 W Summariser:   filename: 20200312_194730!003.mp4
07-06 01:35:42.830 27793 28758 W Summariser:   active sections: 0
07-06 01:35:42.830 27793 28758 W Summariser:   time: 04.219s
07-06 01:35:42.830 27793 28758 W Summariser:   original duration: 12.03
07-06 01:35:42.830 27793 28758 W Summariser:   summarised duration: -1.00
07-06 01:35:42.830 27793 28758 W Summariser:   noise tolerance: 45.00
07-06 01:35:42.830 27793 28758 W Summariser:   quality: 23
07-06 01:35:42.830 27793 28758 W Summariser:   speed: medium
07-06 01:35:42.830 27793 28758 W Summariser:   freeze duration: 1.00
07-06 01:35:56.377 27793 27793 W NearbyFragment: Completed downloading 20200312_194830!000.mp4 from Endpoint{id=vMbk, name=Galaxy S8 [2802]} in 04.847s
07-06 01:35:56.568 27793 28100 W mobile-ffmpeg: [graph 0 input from stream 0:0 @ 0x7a20e2bfc0] sws_param option is deprecated and ignored
07-06 01:36:02.111 27793 28776 W Summariser: 1 active sections found
07-06 01:36:02.240 27793 28100 W mobile-ffmpeg: [graph 0 input from stream 0:0 @ 0x7a20e2bf00] sws_param option is deprecated and ignored
07-06 01:36:11.430 27793 27793 W NearbyFragment: Completed downloading 20200312_194830!003.mp4 from Endpoint{id=vMbk, name=Galaxy S8 [2802]} in 04.848s
07-06 01:36:21.822 27793 28776 W Summariser: Summarisation completed
07-06 01:36:21.822 27793 28776 W Summariser:   filename: 20200312_194830!000.mp4
07-06 01:36:21.822 27793 28776 W Summariser:   active sections: 1
07-06 01:36:21.822 27793 28776 W Summariser:   time: 25.250s
07-06 01:36:21.822 27793 28776 W Summariser:   original duration: 16.06
07-06 01:36:21.822 27793 28776 W Summariser:   summarised duration: 3.97
07-06 01:36:21.822 27793 28776 W Summariser:   noise tolerance: 45.00
07-06 01:36:21.822 27793 28776 W Summariser:   quality: 23
07-06 01:36:21.822 27793 28776 W Summariser:   speed: medium
07-06 01:36:21.822 27793 28776 W Summariser:   freeze duration: 1.00
07-06 01:36:21.842 27793 28776 W NearbyFragment: Sending 20200312_194830!000.mp4 to Galaxy S8 [2802]
07-06 01:36:22.004 27793 28100 W mobile-ffmpeg: [graph 0 input from stream 0:0 @ 0x7a20e2c080] sws_param option is deprecated and ignored
07-06 01:36:26.112 27793 28776 W Summariser: No activity detected
07-06 01:36:26.178 27793 28776 W Summariser: Summarisation completed
07-06 01:36:26.178 27793 28776 W Summariser:   filename: 20200312_194830!003.mp4
07-06 01:36:26.178 27793 28776 W Summariser:   active sections: 0
07-06 01:36:26.178 27793 28776 W Summariser:   time: 04.254s
07-06 01:36:26.178 27793 28776 W Summariser:   original duration: 11.98
07-06 01:36:26.178 27793 28776 W Summariser:   summarised duration: -1.00
07-06 01:36:26.178 27793 28776 W Summariser:   noise tolerance: 45.00
07-06 01:36:26.178 27793 28776 W Summariser:   quality: 23
07-06 01:36:26.178 27793 28776 W Summariser:   speed: medium
07-06 01:36:26.178 27793 28776 W Summariser:   freeze duration: 1.00
07-06 01:36:32.918 27793 27793 W NearbyFragment: Completed downloading 20200312_194930!001.mp4 from Endpoint{id=vMbk, name=Galaxy S8 [2802]} in 10.838s
07-06 01:36:33.117 27793 28100 W mobile-ffmpeg: [graph 0 input from stream 0:0 @ 0x7a20e2bd80] sws_param option is deprecated and ignored
07-06 01:36:39.163 27793 28836 W Summariser: 1 active sections found
07-06 01:36:39.325 27793 28100 W mobile-ffmpeg: [graph 0 input from stream 0:0 @ 0x7a20e2bcc0] sws_param option is deprecated and ignored
07-06 01:36:41.210 27793 27793 W NearbyFragment: Completed downloading 20200312_194930!002.mp4 from Endpoint{id=vMbk, name=Galaxy S8 [2802]} in 14.745s
07-06 01:36:46.519 27793 28836 W Summariser: Summarisation completed
07-06 01:36:46.519 27793 28836 W Summariser:   filename: 20200312_194930!001.mp4
07-06 01:36:46.519 27793 28836 W Summariser:   active sections: 1
07-06 01:36:46.519 27793 28836 W Summariser:   time: 13.398s
07-06 01:36:46.519 27793 28836 W Summariser:   original duration: 16.01
07-06 01:36:46.519 27793 28836 W Summariser:   summarised duration: 2.02
07-06 01:36:46.519 27793 28836 W Summariser:   noise tolerance: 45.00
07-06 01:36:46.519 27793 28836 W Summariser:   quality: 23
07-06 01:36:46.519 27793 28836 W Summariser:   speed: medium
07-06 01:36:46.519 27793 28836 W Summariser:   freeze duration: 1.00
07-06 01:36:46.534 27793 28836 W NearbyFragment: Sending 20200312_194930!001.mp4 to Galaxy S8 [2802]
07-06 01:36:46.704 27793 28100 W mobile-ffmpeg: [graph 0 input from stream 0:0 @ 0x7a20e2bd80] sws_param option is deprecated and ignored
07-06 01:36:52.196 27793 28836 W Summariser: No activity detected
07-06 01:36:52.298 27793 28836 W Summariser: Summarisation completed
07-06 01:36:52.298 27793 28836 W Summariser:   filename: 20200312_194930!002.mp4
07-06 01:36:52.298 27793 28836 W Summariser:   active sections: 0
07-06 01:36:52.298 27793 28836 W Summariser:   time: 05.647s
07-06 01:36:52.298 27793 28836 W Summariser:   original duration: 16.01
07-06 01:36:52.298 27793 28836 W Summariser:   summarised duration: -1.00
07-06 01:36:52.298 27793 28836 W Summariser:   noise tolerance: 45.00
07-06 01:36:52.298 27793 28836 W Summariser:   quality: 23
07-06 01:36:52.298 27793 28836 W Summariser:   speed: medium
07-06 01:36:52.298 27793 28836 W Summariser:   freeze duration: 1.00
07-06 01:37:00.222 27793 27793 W NearbyFragment: Completed downloading 20200312_195230!000.mp4 from Endpoint{id=vMbk, name=Galaxy S8 [2802]} in 05.395s
07-06 01:37:00.397 27793 28100 W mobile-ffmpeg: [graph 0 input from stream 0:0 @ 0x7a20e2bd80] sws_param option is deprecated and ignored
07-06 01:37:06.329 27793 27793 W NearbyFragment: Completed downloading 20200312_195230!001.mp4 from Endpoint{id=vMbk, name=Galaxy S8 [2802]} in 06.050s
07-06 01:37:06.666 27793 28895 W Summariser: No activity detected
07-06 01:37:06.731 27793 28895 W Summariser: Summarisation completed
07-06 01:37:06.731 27793 28895 W Summariser:   filename: 20200312_195230!000.mp4
07-06 01:37:06.731 27793 28895 W Summariser:   active sections: 0
07-06 01:37:06.731 27793 28895 W Summariser:   time: 06.404s
07-06 01:37:06.731 27793 28895 W Summariser:   original duration: 16.07
07-06 01:37:06.731 27793 28895 W Summariser:   summarised duration: -1.00
07-06 01:37:06.731 27793 28895 W Summariser:   noise tolerance: 45.00
07-06 01:37:06.731 27793 28895 W Summariser:   quality: 23
07-06 01:37:06.731 27793 28895 W Summariser:   speed: medium
07-06 01:37:06.731 27793 28895 W Summariser:   freeze duration: 1.00
07-06 01:37:06.892 27793 28100 W mobile-ffmpeg: [graph 0 input from stream 0:0 @ 0x7a20e2bd80] sws_param option is deprecated and ignored
07-06 01:37:12.527 27793 28895 W Summariser: 1 active sections found
07-06 01:37:12.679 27793 28100 W mobile-ffmpeg: [graph 0 input from stream 0:0 @ 0x7a20e2bcc0] sws_param option is deprecated and ignored
07-06 01:37:16.002 27793 27793 W NearbyFragment: Completed downloading 20200312_195230!003.mp4 from Endpoint{id=vMbk, name=Galaxy S8 [2802]} in 09.070s
07-06 01:37:41.905 27793 27793 W NearbyFragment: Completed downloading 20200312_195330!002.mp4 from Endpoint{id=vMbk, name=Galaxy S8 [2802]} in 11.303s
07-06 01:37:43.053 27793 28895 W Summariser: Summarisation completed
07-06 01:37:43.053 27793 28895 W Summariser:   filename: 20200312_195230!001.mp4
07-06 01:37:43.053 27793 28895 W Summariser:   active sections: 1
07-06 01:37:43.053 27793 28895 W Summariser:   time: 36.142s
07-06 01:37:43.053 27793 28895 W Summariser:   original duration: 16.01
07-06 01:37:43.053 27793 28895 W Summariser:   summarised duration: 6.97
07-06 01:37:43.053 27793 28895 W Summariser:   noise tolerance: 45.00
07-06 01:37:43.053 27793 28895 W Summariser:   quality: 23
07-06 01:37:43.053 27793 28895 W Summariser:   speed: medium
07-06 01:37:43.053 27793 28895 W Summariser:   freeze duration: 1.00
07-06 01:37:43.074 27793 28895 W NearbyFragment: Sending 20200312_195230!001.mp4 to Galaxy S8 [2802]
07-06 01:37:43.225 27793 28100 W mobile-ffmpeg: [graph 0 input from stream 0:0 @ 0x7a20e2be40] sws_param option is deprecated and ignored
07-06 01:37:47.705 27793 28895 W Summariser: No activity detected
07-06 01:37:47.769 27793 28895 W Summariser: Summarisation completed
07-06 01:37:47.769 27793 28895 W Summariser:   filename: 20200312_195230!003.mp4
07-06 01:37:47.769 27793 28895 W Summariser:   active sections: 0
07-06 01:37:47.769 27793 28895 W Summariser:   time: 04.613s
07-06 01:37:47.769 27793 28895 W Summariser:   original duration: 12.01
07-06 01:37:47.769 27793 28895 W Summariser:   summarised duration: -1.00
07-06 01:37:47.769 27793 28895 W Summariser:   noise tolerance: 45.00
07-06 01:37:47.769 27793 28895 W Summariser:   quality: 23
07-06 01:37:47.769 27793 28895 W Summariser:   speed: medium
07-06 01:37:47.769 27793 28895 W Summariser:   freeze duration: 1.00
07-06 01:37:47.944 27793 28100 W mobile-ffmpeg: [graph 0 input from stream 0:0 @ 0x7a20e2bd80] sws_param option is deprecated and ignored
07-06 01:37:53.517 27793 28895 W Summariser: 2 active sections found
07-06 01:37:53.689 27793 28100 W mobile-ffmpeg: [graph 0 input from stream 0:0 @ 0x7a20e2bd80] sws_param option is deprecated and ignored
07-06 01:37:53.689 27793 28100 W mobile-ffmpeg: [graph 0 input from stream 0:0 @ 0x7a20e2c140] sws_param option is deprecated and ignored
07-06 01:38:02.877 27793 27793 W NearbyFragment: Completed downloading 20200312_195430!000.mp4 from Endpoint{id=vMbk, name=Galaxy S8 [2802]} in 06.001s
07-06 01:38:26.398 27793 28895 W Summariser: Summarisation completed
07-06 01:38:26.398 27793 28895 W Summariser:   filename: 20200312_195330!002.mp4
07-06 01:38:26.398 27793 28895 W Summariser:   active sections: 2
07-06 01:38:26.398 27793 28895 W Summariser:   time: 38.444s
07-06 01:38:26.398 27793 28895 W Summariser:   original duration: 16.01
07-06 01:38:26.398 27793 28895 W Summariser:   summarised duration: 9.07
07-06 01:38:26.398 27793 28895 W Summariser:   noise tolerance: 45.00
07-06 01:38:26.398 27793 28895 W Summariser:   quality: 23
07-06 01:38:26.398 27793 28895 W Summariser:   speed: medium
07-06 01:38:26.398 27793 28895 W Summariser:   freeze duration: 1.00
07-06 01:38:26.416 27793 28895 W NearbyFragment: Sending 20200312_195330!002.mp4 to Galaxy S8 [2802]
07-06 01:38:26.580 27793 28100 W mobile-ffmpeg: [graph 0 input from stream 0:0 @ 0x7a20e2b9c0] sws_param option is deprecated and ignored
07-06 01:38:32.823 27793 28895 W Summariser: 1 active sections found
07-06 01:38:32.971 27793 28100 W mobile-ffmpeg: [graph 0 input from stream 0:0 @ 0x7a20e2b840] sws_param option is deprecated and ignored
07-06 01:38:54.604 27793 28895 W Summariser: Summarisation completed
07-06 01:38:54.604 27793 28895 W Summariser:   filename: 20200312_195430!000.mp4
07-06 01:38:54.604 27793 28895 W Summariser:   active sections: 1
07-06 01:38:54.604 27793 28895 W Summariser:   time: 28.026s
07-06 01:38:54.604 27793 28895 W Summariser:   original duration: 16.06
07-06 01:38:54.604 27793 28895 W Summariser:   summarised duration: 5.34
07-06 01:38:54.604 27793 28895 W Summariser:   noise tolerance: 45.00
07-06 01:38:54.604 27793 28895 W Summariser:   quality: 23
07-06 01:38:54.604 27793 28895 W Summariser:   speed: medium
07-06 01:38:54.604 27793 28895 W Summariser:   freeze duration: 1.00
07-06 01:38:54.620 27793 28895 W NearbyFragment: Sending 20200312_195430!000.mp4 to Galaxy S8 [2802]
