--------- beginning of main
07-03 01:03:53.131  2448  2448 I zygote  : Late-enabling -Xcheck:jni
07-03 01:03:54.830  2448  2448 I zygote  : Rejecting re-init on previously-failed class java.lang.Class<androidx.core.view.ViewCompat$2>: java.lang.NoClassDefFoundError: Failed resolution of: Landroid/view/View$OnUnhandledKeyEventListener;
07-03 01:03:54.831  2448  2448 I zygote  :   at void androidx.core.view.ViewCompat.setOnApplyWindowInsetsListener(android.view.View, androidx.core.view.OnApplyWindowInsetsListener) (ViewCompat.java:2421)
07-03 01:03:54.831  2448  2448 I zygote  :   at android.view.ViewGroup androidx.appcompat.app.AppCompatDelegateImpl.createSubDecor() (AppCompatDelegateImpl.java:779)
07-03 01:03:54.831  2448  2448 I zygote  :   at void androidx.appcompat.app.AppCompatDelegateImpl.ensureSubDecor() (AppCompatDelegateImpl.java:659)
07-03 01:03:54.831  2448  2448 I zygote  :   at void androidx.appcompat.app.AppCompatDelegateImpl.setContentView(int) (AppCompatDelegateImpl.java:552)
07-03 01:03:54.831  2448  2448 I zygote  :   at void androidx.appcompat.app.AppCompatActivity.setContentView(int) (AppCompatActivity.java:161)
07-03 01:03:54.831  2448  2448 I zygote  :   at void com.example.edgesum.page.main.MainActivity.onCreate(android.os.Bundle) (MainActivity.java:95)
07-03 01:03:54.831  2448  2448 I zygote  :   at void android.app.Activity.performCreate(android.os.Bundle, android.os.PersistableBundle) (Activity.java:7009)
07-03 01:03:54.831  2448  2448 I zygote  :   at void android.app.Activity.performCreate(android.os.Bundle) (Activity.java:7000)
07-03 01:03:54.831  2448  2448 I zygote  :   at void android.app.Instrumentation.callActivityOnCreate(android.app.Activity, android.os.Bundle) (Instrumentation.java:1214)
07-03 01:03:54.831  2448  2448 I zygote  :   at android.app.Activity android.app.ActivityThread.performLaunchActivity(android.app.ActivityThread$ActivityClientRecord, android.content.Intent) (ActivityThread.java:2731)
07-03 01:03:54.831  2448  2448 I zygote  :   at void android.app.ActivityThread.handleLaunchActivity(android.app.ActivityThread$ActivityClientRecord, android.content.Intent, java.lang.String) (ActivityThread.java:2856)
07-03 01:03:54.831  2448  2448 I zygote  :   at void android.app.ActivityThread.-wrap11(android.app.ActivityThread, android.app.ActivityThread$ActivityClientRecord, android.content.Intent, java.lang.String) (ActivityThread.java:-1)
07-03 01:03:54.831  2448  2448 I zygote  :   at void android.app.ActivityThread$H.handleMessage(android.os.Message) (ActivityThread.java:1589)
07-03 01:03:54.831  2448  2448 I zygote  :   at void android.os.Handler.dispatchMessage(android.os.Message) (Handler.java:106)
07-03 01:03:54.831  2448  2448 I zygote  :   at void android.os.Looper.loop() (Looper.java:164)
07-03 01:03:54.831  2448  2448 I zygote  :   at void android.app.ActivityThread.main(java.lang.String[]) (ActivityThread.java:6494)
07-03 01:03:54.831  2448  2448 I zygote  :   at java.lang.Object java.lang.reflect.Method.invoke(java.lang.Object, java.lang.Object[]) (Method.java:-2)
07-03 01:03:54.831  2448  2448 I zygote  :   at void com.android.internal.os.RuntimeInit$MethodAndArgsCaller.run() (RuntimeInit.java:438)
07-03 01:03:54.831  2448  2448 I zygote  :   at void com.android.internal.os.ZygoteInit.main(java.lang.String[]) (ZygoteInit.java:807)
07-03 01:03:54.831  2448  2448 I zygote  : Caused by: java.lang.ClassNotFoundException: Didn't find class "android.view.View$OnUnhandledKeyEventListener" on path: DexPathList[[zip file "/data/app/com.example.edgesum-0xinP0F7EwKdIOhfp-qNxQ==/base.apk"],nativeLibraryDirectories=[/data/app/com.example.edgesum-0xinP0F7EwKdIOhfp-qNxQ==/lib/arm, /data/app/com.example.edgesum-0xinP0F7EwKdIOhfp-qNxQ==/base.apk!/lib/armeabi-v7a, /system/lib, /system/vendor/lib]]
07-03 01:03:54.831  2448  2448 I zygote  :   at java.lang.Class dalvik.system.BaseDexClassLoader.findClass(java.lang.String) (BaseDexClassLoader.java:125)
07-03 01:03:54.831  2448  2448 I zygote  :   at java.lang.Class java.lang.ClassLoader.loadClass(java.lang.String, boolean) (ClassLoader.java:379)
07-03 01:03:54.831  2448  2448 I zygote  :   at java.lang.Class java.lang.ClassLoader.loadClass(java.lang.String) (ClassLoader.java:312)
07-03 01:03:54.831  2448  2448 I zygote  :   at void androidx.core.view.ViewCompat.setOnApplyWindowInsetsListener(android.view.View, androidx.core.view.OnApplyWindowInsetsListener) (ViewCompat.java:2421)
07-03 01:03:54.831  2448  2448 I zygote  :   at android.view.ViewGroup androidx.appcompat.app.AppCompatDelegateImpl.createSubDecor() (AppCompatDelegateImpl.java:779)
07-03 01:03:54.831  2448  2448 I zygote  :   at void androidx.appcompat.app.AppCompatDelegateImpl.ensureSubDecor() (AppCompatDelegateImpl.java:659)
07-03 01:03:54.831  2448  2448 I zygote  :   at void androidx.appcompat.app.AppCompatDelegateImpl.setContentView(int) (AppCompatDelegateImpl.java:552)
07-03 01:03:54.831  2448  2448 I zygote  :   at void androidx.appcompat.app.AppCompatActivity.setContentView(int) (AppCompatActivity.java:161)
07-03 01:03:54.831  2448  2448 I zygote  :   at void com.example.edgesum.page.main.MainActivity.onCreate(android.os.Bundle) (MainActivity.java:95)
07-03 01:03:54.831  2448  2448 I zygote  :   at void android.app.Activity.performCreate(android.os.Bundle, android.os.PersistableBundle) (Activity.java:7009)
07-03 01:03:54.832  2448  2448 I zygote  :   at void android.app.Activity.performCreate(android.os.Bundle) (Activity.java:7000)
07-03 01:03:54.832  2448  2448 I zygote  :   at void android.app.Instrumentation.callActivityOnCreate(android.app.Activity, android.os.Bundle) (Instrumentation.java:1214)
07-03 01:03:54.832  2448  2448 I zygote  :   at android.app.Activity android.app.ActivityThread.performLaunchActivity(android.app.ActivityThread$ActivityClientRecord, android.content.Intent) (ActivityThread.java:2731)
07-03 01:03:54.832  2448  2448 I zygote  :   at void android.app.ActivityThread.handleLaunchActivity(android.app.ActivityThread$ActivityClientRecord, android.content.Intent, java.lang.String) (ActivityThread.java:2856)
07-03 01:03:54.832  2448  2448 I zygote  :   at void android.app.ActivityThread.-wrap11(android.app.ActivityThread, android.app.ActivityThread$ActivityClientRecord, android.content.Intent, java.lang.String) (ActivityThread.java:-1)
07-03 01:03:54.832  2448  2448 I zygote  :   at void android.app.ActivityThread$H.handleMessage(android.os.Message) (ActivityThread.java:1589)
07-03 01:03:54.832  2448  2448 I zygote  :   at void android.os.Handler.dispatchMessage(android.os.Message) (Handler.java:106)
07-03 01:03:54.832  2448  2448 I zygote  :   at void android.os.Looper.loop() (Looper.java:164)
07-03 01:03:54.832  2448  2448 I zygote  :   at void android.app.ActivityThread.main(java.lang.String[]) (ActivityThread.java:6494)
07-03 01:03:54.832  2448  2448 I zygote  :   at java.lang.Object java.lang.reflect.Method.invoke(java.lang.Object, java.lang.Object[]) (Method.java:-2)
07-03 01:03:54.832  2448  2448 I zygote  :   at void com.android.internal.os.RuntimeInit$MethodAndArgsCaller.run() (RuntimeInit.java:438)
07-03 01:03:54.832  2448  2448 I zygote  :   at void com.android.internal.os.ZygoteInit.main(java.lang.String[]) (ZygoteInit.java:807)
07-03 01:03:54.832  2448  2448 I zygote  : 
07-03 01:03:54.834  2448  2448 I zygote  : Rejecting re-init on previously-failed class java.lang.Class<androidx.core.view.ViewCompat$2>: java.lang.NoClassDefFoundError: Failed resolution of: Landroid/view/View$OnUnhandledKeyEventListener;
07-03 01:03:54.834  2448  2448 I zygote  :   at void androidx.core.view.ViewCompat.setOnApplyWindowInsetsListener(android.view.View, androidx.core.view.OnApplyWindowInsetsListener) (ViewCompat.java:2421)
07-03 01:03:54.834  2448  2448 I zygote  :   at android.view.ViewGroup androidx.appcompat.app.AppCompatDelegateImpl.createSubDecor() (AppCompatDelegateImpl.java:779)
07-03 01:03:54.834  2448  2448 I zygote  :   at void androidx.appcompat.app.AppCompatDelegateImpl.ensureSubDecor() (AppCompatDelegateImpl.java:659)
07-03 01:03:54.834  2448  2448 I zygote  :   at void androidx.appcompat.app.AppCompatDelegateImpl.setContentView(int) (AppCompatDelegateImpl.java:552)
07-03 01:03:54.834  2448  2448 I zygote  :   at void androidx.appcompat.app.AppCompatActivity.setContentView(int) (AppCompatActivity.java:161)
07-03 01:03:54.834  2448  2448 I zygote  :   at void com.example.edgesum.page.main.MainActivity.onCreate(android.os.Bundle) (MainActivity.java:95)
07-03 01:03:54.834  2448  2448 I zygote  :   at void android.app.Activity.performCreate(android.os.Bundle, android.os.PersistableBundle) (Activity.java:7009)
07-03 01:03:54.834  2448  2448 I zygote  :   at void android.app.Activity.performCreate(android.os.Bundle) (Activity.java:7000)
07-03 01:03:54.834  2448  2448 I zygote  :   at void android.app.Instrumentation.callActivityOnCreate(android.app.Activity, android.os.Bundle) (Instrumentation.java:1214)
07-03 01:03:54.834  2448  2448 I zygote  :   at android.app.Activity android.app.ActivityThread.performLaunchActivity(android.app.ActivityThread$ActivityClientRecord, android.content.Intent) (ActivityThread.java:2731)
07-03 01:03:54.834  2448  2448 I zygote  :   at void android.app.ActivityThread.handleLaunchActivity(android.app.ActivityThread$ActivityClientRecord, android.content.Intent, java.lang.String) (ActivityThread.java:2856)
07-03 01:03:54.834  2448  2448 I zygote  :   at void android.app.ActivityThread.-wrap11(android.app.ActivityThread, android.app.ActivityThread$ActivityClientRecord, android.content.Intent, java.lang.String) (ActivityThread.java:-1)
07-03 01:03:54.834  2448  2448 I zygote  :   at void android.app.ActivityThread$H.handleMessage(android.os.Message) (ActivityThread.java:1589)
07-03 01:03:54.834  2448  2448 I zygote  :   at void android.os.Handler.dispatchMessage(android.os.Message) (Handler.java:106)
07-03 01:03:54.834  2448  2448 I zygote  :   at void android.os.Looper.loop() (Looper.java:164)
07-03 01:03:54.834  2448  2448 I zygote  :   at void android.app.ActivityThread.main(java.lang.String[]) (ActivityThread.java:6494)
07-03 01:03:54.834  2448  2448 I zygote  :   at java.lang.Object java.lang.reflect.Method.invoke(java.lang.Object, java.lang.Object[]) (Method.java:-2)
07-03 01:03:54.834  2448  2448 I zygote  :   at void com.android.internal.os.RuntimeInit$MethodAndArgsCaller.run() (RuntimeInit.java:438)
07-03 01:03:54.834  2448  2448 I zygote  :   at void com.android.internal.os.ZygoteInit.main(java.lang.String[]) (ZygoteInit.java:807)
07-03 01:03:54.834  2448  2448 I zygote  : Caused by: java.lang.ClassNotFoundException: Didn't find class "android.view.View$OnUnhandledKeyEventListener" on path: DexPathList[[zip file "/data/app/com.example.edgesum-0xinP0F7EwKdIOhfp-qNxQ==/base.apk"],nativeLibraryDirectories=[/data/app/com.example.edgesum-0xinP0F7EwKdIOhfp-qNxQ==/lib/arm, /data/app/com.example.edgesum-0xinP0F7EwKdIOhfp-qNxQ==/base.apk!/lib/armeabi-v7a, /system/lib, /system/vendor/lib]]
07-03 01:03:54.834  2448  2448 I zygote  :   at java.lang.Class dalvik.system.BaseDexClassLoader.findClass(java.lang.String) (BaseDexClassLoader.java:125)
07-03 01:03:54.834  2448  2448 I zygote  :   at java.lang.Class java.lang.ClassLoader.loadClass(java.lang.String, boolean) (ClassLoader.java:379)
07-03 01:03:54.834  2448  2448 I zygote  :   at java.lang.Class java.lang.ClassLoader.loadClass(java.lang.String) (ClassLoader.java:312)
07-03 01:03:54.834  2448  2448 I zygote  :   at void androidx.core.view.ViewCompat.setOnApplyWindowInsetsListener(android.view.View, androidx.core.view.OnApplyWindowInsetsListener) (ViewCompat.java:2421)
07-03 01:03:54.834  2448  2448 I zygote  :   at android.view.ViewGroup androidx.appcompat.app.AppCompatDelegateImpl.createSubDecor() (AppCompatDelegateImpl.java:779)
07-03 01:03:54.834  2448  2448 I zygote  :   at void androidx.appcompat.app.AppCompatDelegateImpl.ensureSubDecor() (AppCompatDelegateImpl.java:659)
07-03 01:03:54.834  2448  2448 I zygote  :   at void androidx.appcompat.app.AppCompatDelegateImpl.setContentView(int) (AppCompatDelegateImpl.java:552)
07-03 01:03:54.834  2448  2448 I zygote  :   at void androidx.appcompat.app.AppCompatActivity.setContentView(int) (AppCompatActivity.java:161)
07-03 01:03:54.834  2448  2448 I zygote  :   at void com.example.edgesum.page.main.MainActivity.onCreate(android.os.Bundle) (MainActivity.java:95)
07-03 01:03:54.835  2448  2448 I zygote  :   at void android.app.Activity.performCreate(android.os.Bundle, android.os.PersistableBundle) (Activity.java:7009)
07-03 01:03:54.835  2448  2448 I zygote  :   at void android.app.Activity.performCreate(android.os.Bundle) (Activity.java:7000)
07-03 01:03:54.835  2448  2448 I zygote  :   at void android.app.Instrumentation.callActivityOnCreate(android.app.Activity, android.os.Bundle) (Instrumentation.java:1214)
07-03 01:03:54.835  2448  2448 I zygote  :   at android.app.Activity android.app.ActivityThread.performLaunchActivity(android.app.ActivityThread$ActivityClientRecord, android.content.Intent) (ActivityThread.java:2731)
07-03 01:03:54.835  2448  2448 I zygote  :   at void android.app.ActivityThread.handleLaunchActivity(android.app.ActivityThread$ActivityClientRecord, android.content.Intent, java.lang.String) (ActivityThread.java:2856)
07-03 01:03:54.835  2448  2448 I zygote  :   at void android.app.ActivityThread.-wrap11(android.app.ActivityThread, android.app.ActivityThread$ActivityClientRecord, android.content.Intent, java.lang.String) (ActivityThread.java:-1)
07-03 01:03:54.835  2448  2448 I zygote  :   at void android.app.ActivityThread$H.handleMessage(android.os.Message) (ActivityThread.java:1589)
07-03 01:03:54.835  2448  2448 I zygote  :   at void android.os.Handler.dispatchMessage(android.os.Message) (Handler.java:106)
07-03 01:03:54.835  2448  2448 I zygote  :   at void android.os.Looper.loop() (Looper.java:164)
07-03 01:03:54.835  2448  2448 I zygote  :   at void android.app.ActivityThread.main(java.lang.String[]) (ActivityThread.java:6494)
07-03 01:03:54.835  2448  2448 I zygote  :   at java.lang.Object java.lang.reflect.Method.invoke(java.lang.Object, java.lang.Object[]) (Method.java:-2)
07-03 01:03:54.835  2448  2448 I zygote  :   at void com.android.internal.os.RuntimeInit$MethodAndArgsCaller.run() (RuntimeInit.java:438)
07-03 01:03:54.835  2448  2448 I zygote  :   at void com.android.internal.os.ZygoteInit.main(java.lang.String[]) (ZygoteInit.java:807)
07-03 01:03:54.835  2448  2448 I zygote  : 
07-03 01:03:54.836  2448  2448 I zygote  : Rejecting re-init on previously-failed class java.lang.Class<androidx.core.view.ViewCompat$2>: java.lang.NoClassDefFoundError: Failed resolution of: Landroid/view/View$OnUnhandledKeyEventListener;
07-03 01:03:54.836  2448  2448 I zygote  :   at void androidx.core.view.ViewCompat.setOnApplyWindowInsetsListener(android.view.View, androidx.core.view.OnApplyWindowInsetsListener) (ViewCompat.java:2421)
07-03 01:03:54.836  2448  2448 I zygote  :   at android.view.ViewGroup androidx.appcompat.app.AppCompatDelegateImpl.createSubDecor() (AppCompatDelegateImpl.java:779)
07-03 01:03:54.836  2448  2448 I zygote  :   at void androidx.appcompat.app.AppCompatDelegateImpl.ensureSubDecor() (AppCompatDelegateImpl.java:659)
07-03 01:03:54.836  2448  2448 I zygote  :   at void androidx.appcompat.app.AppCompatDelegateImpl.setContentView(int) (AppCompatDelegateImpl.java:552)
07-03 01:03:54.836  2448  2448 I zygote  :   at void androidx.appcompat.app.AppCompatActivity.setContentView(int) (AppCompatActivity.java:161)
07-03 01:03:54.836  2448  2448 I zygote  :   at void com.example.edgesum.page.main.MainActivity.onCreate(android.os.Bundle) (MainActivity.java:95)
07-03 01:03:54.836  2448  2448 I zygote  :   at void android.app.Activity.performCreate(android.os.Bundle, android.os.PersistableBundle) (Activity.java:7009)
07-03 01:03:54.836  2448  2448 I zygote  :   at void android.app.Activity.performCreate(android.os.Bundle) (Activity.java:7000)
07-03 01:03:54.836  2448  2448 I zygote  :   at void android.app.Instrumentation.callActivityOnCreate(android.app.Activity, android.os.Bundle) (Instrumentation.java:1214)
07-03 01:03:54.836  2448  2448 I zygote  :   at android.app.Activity android.app.ActivityThread.performLaunchActivity(android.app.ActivityThread$ActivityClientRecord, android.content.Intent) (ActivityThread.java:2731)
07-03 01:03:54.836  2448  2448 I zygote  :   at void android.app.ActivityThread.handleLaunchActivity(android.app.ActivityThread$ActivityClientRecord, android.content.Intent, java.lang.String) (ActivityThread.java:2856)
07-03 01:03:54.836  2448  2448 I zygote  :   at void android.app.ActivityThread.-wrap11(android.app.ActivityThread, android.app.ActivityThread$ActivityClientRecord, android.content.Intent, java.lang.String) (ActivityThread.java:-1)
07-03 01:03:54.836  2448  2448 I zygote  :   at void android.app.ActivityThread$H.handleMessage(android.os.Message) (ActivityThread.java:1589)
07-03 01:03:54.836  2448  2448 I zygote  :   at void android.os.Handler.dispatchMessage(android.os.Message) (Handler.java:106)
07-03 01:03:54.836  2448  2448 I zygote  :   at void android.os.Looper.loop() (Looper.java:164)
07-03 01:03:54.836  2448  2448 I zygote  :   at void android.app.ActivityThread.main(java.lang.String[]) (ActivityThread.java:6494)
07-03 01:03:54.836  2448  2448 I zygote  :   at java.lang.Object java.lang.reflect.Method.invoke(java.lang.Object, java.lang.Object[]) (Method.java:-2)
07-03 01:03:54.836  2448  2448 I zygote  :   at void com.android.internal.os.RuntimeInit$MethodAndArgsCaller.run() (RuntimeInit.java:438)
07-03 01:03:54.836  2448  2448 I zygote  :   at void com.android.internal.os.ZygoteInit.main(java.lang.String[]) (ZygoteInit.java:807)
07-03 01:03:54.836  2448  2448 I zygote  : Caused by: java.lang.ClassNotFoundException: Didn't find class "android.view.View$OnUnhandledKeyEventListener" on path: DexPathList[[zip file "/data/app/com.example.edgesum-0xinP0F7EwKdIOhfp-qNxQ==/base.apk"],nativeLibraryDirectories=[/data/app/com.example.edgesum-0xinP0F7EwKdIOhfp-qNxQ==/lib/arm, /data/app/com.example.edgesum-0xinP0F7EwKdIOhfp-qNxQ==/base.apk!/lib/armeabi-v7a, /system/lib, /system/vendor/lib]]
07-03 01:03:54.836  2448  2448 I zygote  :   at java.lang.Class dalvik.system.BaseDexClassLoader.findClass(java.lang.String) (BaseDexClassLoader.java:125)
07-03 01:03:54.836  2448  2448 I zygote  :   at java.lang.Class java.lang.ClassLoader.loadClass(java.lang.String, boolean) (ClassLoader.java:379)
07-03 01:03:54.836  2448  2448 I zygote  :   at java.lang.Class java.lang.ClassLoader.loadClass(java.lang.String) (ClassLoader.java:312)
07-03 01:03:54.836  2448  2448 I zygote  :   at void androidx.core.view.ViewCompat.setOnApplyWindowInsetsListener(android.view.View, androidx.core.view.OnApplyWindowInsetsListener) (ViewCompat.java:2421)
07-03 01:03:54.836  2448  2448 I zygote  :   at android.view.ViewGroup androidx.appcompat.app.AppCompatDelegateImpl.createSubDecor() (AppCompatDelegateImpl.java:779)
07-03 01:03:54.836  2448  2448 I zygote  :   at void androidx.appcompat.app.AppCompatDelegateImpl.ensureSubDecor() (AppCompatDelegateImpl.java:659)
07-03 01:03:54.836  2448  2448 I zygote  :   at void androidx.appcompat.app.AppCompatDelegateImpl.setContentView(int) (AppCompatDelegateImpl.java:552)
07-03 01:03:54.836  2448  2448 I zygote  :   at void androidx.appcompat.app.AppCompatActivity.setContentView(int) (AppCompatActivity.java:161)
07-03 01:03:54.836  2448  2448 I zygote  :   at void com.example.edgesum.page.main.MainActivity.onCreate(android.os.Bundle) (MainActivity.java:95)
07-03 01:03:54.836  2448  2448 I zygote  :   at void android.app.Activity.performCreate(android.os.Bundle, android.os.PersistableBundle) (Activity.java:7009)
07-03 01:03:54.836  2448  2448 I zygote  :   at void android.app.Activity.performCreate(android.os.Bundle) (Activity.java:7000)
07-03 01:03:54.836  2448  2448 I zygote  :   at void android.app.Instrumentation.callActivityOnCreate(android.app.Activity, android.os.Bundle) (Instrumentation.java:1214)
07-03 01:03:54.836  2448  2448 I zygote  :   at android.app.Activity android.app.ActivityThread.performLaunchActivity(android.app.ActivityThread$ActivityClientRecord, android.content.Intent) (ActivityThread.java:2731)
07-03 01:03:54.836  2448  2448 I zygote  :   at void android.app.ActivityThread.handleLaunchActivity(android.app.ActivityThread$ActivityClientRecord, android.content.Intent, java.lang.String) (ActivityThread.java:2856)
07-03 01:03:54.836  2448  2448 I zygote  :   at void android.app.ActivityThread.-wrap11(android.app.ActivityThread, android.app.ActivityThread$ActivityClientRecord, android.content.Intent, java.lang.String) (ActivityThread.java:-1)
07-03 01:03:54.836  2448  2448 I zygote  :   at void android.app.ActivityThread$H.handleMessage(android.os.Message) (ActivityThread.java:1589)
07-03 01:03:54.836  2448  2448 I zygote  :   at void android.os.Handler.dispatchMessage(android.os.Message) (Handler.java:106)
07-03 01:03:54.836  2448  2448 I zygote  :   at void android.os.Looper.loop() (Looper.java:164)
07-03 01:03:54.836  2448  2448 I zygote  :   at void android.app.ActivityThread.main(java.lang.String[]) (ActivityThread.java:6494)
07-03 01:03:54.836  2448  2448 I zygote  :   at java.lang.Object java.lang.reflect.Method.invoke(java.lang.Object, java.lang.Object[]) (Method.java:-2)
07-03 01:03:54.836  2448  2448 I zygote  :   at void com.android.internal.os.RuntimeInit$MethodAndArgsCaller.run() (RuntimeInit.java:438)
07-03 01:03:54.836  2448  2448 I zygote  :   at void com.android.internal.os.ZygoteInit.main(java.lang.String[]) (ZygoteInit.java:807)
07-03 01:03:54.836  2448  2448 I zygote  : 
07-03 01:03:55.865  2448  2448 V Repo    : /storage/emulated/0/Movies/raw
07-03 01:03:55.866  2448  2448 V Repo    : /storage/emulated/0/Movies/summarised
07-03 01:03:55.909  2448  2448 V FileManager: External storage is readable
07-03 01:03:55.910  2448  2448 V FileManager: Directory already exists: /storage/emulated/0/Movies/raw
07-03 01:03:55.932  2448  2448 V FileManager: External storage is readable
07-03 01:03:55.934  2448  2448 V FileManager: Directory already exists: /storage/emulated/0/Movies/summarised
07-03 01:03:55.952  2448  2448 V FileManager: External storage is readable
07-03 01:03:55.953  2448  2448 V FileManager: Directory already exists: /storage/emulated/0/Download/nearby
07-03 01:03:55.975  2448  2448 V FileManager: External storage is readable
07-03 01:03:55.977  2448  2448 V FileManager: Directory already exists: /storage/emulated/0/Movies/segment
07-03 01:03:56.017  2448  2448 V FileManager: External storage is readable
07-03 01:03:56.019  2448  2448 V FileManager: Directory already exists: /storage/emulated/0/Movies/segment-sum
07-03 01:03:56.700  2448  2448 V VideoManager: getAllVideoFromExternalStorageFolder
07-03 01:03:56.754  2448  2448 D VideoManager: /storage/emulated/0/Movies/summarised
07-03 01:03:56.805  2448  2448 D VideoManager: 0 videos return
07-03 01:03:56.960  2448  2448 V VideoManager: getAllVideoFromExternalStorageFolder
07-03 01:03:56.997  2448  2448 D VideoManager: /storage/emulated/0/Movies/raw
07-03 01:03:57.096  2448  2448 D VideoManager: 0 videos return
07-03 01:03:57.380  2448  2570 D OpenGLRenderer: HWUI GL Pipeline
07-03 01:03:57.469  2448  2448 I TransferService: Starting Transfer Service to listen for network connectivity changes.
07-03 01:03:57.470  2448  2448 W LogFactory: Truncating log tag length as it exceed 23, the limit imposed by Android on certain API Levels
07-03 01:03:57.534  2448  2456 I zygote  : Do partial code cache collection, code=10KB, data=21KB
07-03 01:03:57.535  2448  2456 I zygote  : After code cache collection, code=10KB, data=21KB
07-03 01:03:57.536  2448  2456 I zygote  : Increasing code cache capacity to 128KB
07-03 01:03:57.540  2448  2456 I zygote  : Do partial code cache collection, code=10KB, data=39KB
07-03 01:03:57.542  2448  2456 I zygote  : After code cache collection, code=10KB, data=39KB
07-03 01:03:57.542  2448  2456 I zygote  : Increasing code cache capacity to 256KB
07-03 01:03:57.544  2448  2456 I zygote  : Compiler allocated 4MB to compile void android.widget.TextView.<init>(android.content.Context, android.util.AttributeSet, int, int)
07-03 01:03:57.595  2448  2448 I TransferService: Registering the network receiver
07-03 01:03:57.606  2448  2448 E TransferService: No notification is passed in the intent. Unable to transition to foreground.
07-03 01:03:57.986  2448  2448 W StaticLayout: maxLineHeight should not be -1.  maxLines:1 lineCount:1
07-03 01:03:58.028  2448  2472 D MainActivity: Scanned /storage/emulated/0/Movies/raw
07-03 01:03:58.028  2448  2472 D MainActivity:   -> uri=content://media/external/file/1350
07-03 01:03:58.037  2448  2448 W StaticLayout: maxLineHeight should not be -1.  maxLines:1 lineCount:1
07-03 01:03:58.081  2448  2448 W StaticLayout: maxLineHeight should not be -1.  maxLines:1 lineCount:1
07-03 01:03:58.143  2448  2448 W StaticLayout: maxLineHeight should not be -1.  maxLines:1 lineCount:1
07-03 01:03:58.237  2448  2570 I Adreno-EGL: <qeglDrvAPI_eglInitialize:379>: QUALCOMM Build: 06/17/16, f19e6a9, I9e7a63e7c4
07-03 01:03:58.242  2448  2472 D MainActivity: Scanned /storage/emulated/0/Movies/summarised
07-03 01:03:58.242  2448  2472 D MainActivity:   -> uri=content://media/external/file/1351
07-03 01:03:58.326  2448  2570 I zygote  : android::hardware::configstore::V1_0::ISurfaceFlingerConfigs::hasWideColorDisplay retrieved: 0
07-03 01:03:58.326  2448  2570 I OpenGLRenderer: Initialized EGL, version 1.4
07-03 01:03:58.326  2448  2570 D OpenGLRenderer: Swap behavior 1
07-03 01:03:58.365  2448  2448 W StaticLayout: maxLineHeight should not be -1.  maxLines:1 lineCount:1
07-03 01:03:58.381  2448  2570 W Adreno-EGL: <qeglDrvAPI_eglGetConfigAttrib:607>: EGL_BAD_ATTRIBUTE
07-03 01:03:58.397  2448  2448 W StaticLayout: maxLineHeight should not be -1.  maxLines:1 lineCount:1
07-03 01:03:58.409  2448  2570 W Adreno-EGL: <qeglDrvAPI_eglGetConfigAttrib:607>: EGL_BAD_ATTRIBUTE
07-03 01:03:58.419  2448  2570 D vndksupport: Loading /vendor/lib/hw/gralloc.msm8974.so from current namespace instead of sphal namespace.
07-03 01:03:58.446  2448  2448 I Choreographer: Skipped 37 frames!  The application may be doing too much work on its main thread.
07-03 01:03:58.577  2448  2570 D vndksupport: Loading /vendor/lib/hw/android.hardware.graphics.mapper@2.0-impl.so from current namespace instead of sphal namespace.
07-03 01:03:58.580  2448  2570 D vndksupport: Loading /vendor/lib/hw/gralloc.msm8974.so from current namespace instead of sphal namespace.
07-03 01:03:59.076  2448  2448 I Choreographer: Skipped 36 frames!  The application may be doing too much work on its main thread.
07-03 01:04:06.884  2448  2448 V MainActivity: Connect button clicked
07-03 01:04:15.478  2448  2448 V ConnectionFragment: Discovery switch checked
07-03 01:04:17.528  2448  2448 D NearbyFragment: Started discovering
07-03 01:04:19.621  2448  2448 D NearbyFragment: Found endpoint 3PH2: Nexus 5X [34d8]
07-03 01:04:30.515  2448  2448 D NearbyFragment: Selected 'Endpoint{id=3PH2, name=Nexus 5X [34d8]}'
07-03 01:04:30.553  2448  2570 W Adreno-EGL: <qeglDrvAPI_eglGetConfigAttrib:607>: EGL_BAD_ATTRIBUTE
07-03 01:04:30.554  2448  2570 D vndksupport: Loading /vendor/lib/hw/gralloc.msm8974.so from current namespace instead of sphal namespace.
07-03 01:04:30.558  2448  2456 I zygote  : Do full code cache collection, code=126KB, data=88KB
07-03 01:04:30.559  2448  2456 I zygote  : After code cache collection, code=123KB, data=62KB
07-03 01:04:35.653  2448  2448 D NearbyFragment: Initiated connection with 3PH2: Nexus 5X [34d8]
07-03 01:04:35.781  2448  2448 D NearbyFragment: Requested connection with Endpoint{id=3PH2, name=Nexus 5X [34d8]}
07-03 01:04:35.857  2448  2570 W Adreno-EGL: <qeglDrvAPI_eglGetConfigAttrib:607>: EGL_BAD_ATTRIBUTE
07-03 01:04:35.858  2448  2570 D vndksupport: Loading /vendor/lib/hw/gralloc.msm8974.so from current namespace instead of sphal namespace.
07-03 01:04:35.866  2448  2456 I zygote  : Do partial code cache collection, code=126KB, data=75KB
07-03 01:04:35.867  2448  2456 I zygote  : After code cache collection, code=126KB, data=75KB
07-03 01:04:35.867  2448  2456 I zygote  : Increasing code cache capacity to 512KB
07-03 01:04:38.480  2448  2448 I NearbyFragment: Connected to Endpoint{id=3PH2, name=Nexus 5X [34d8]}
07-03 01:04:39.317  2448  2448 V ConnectionFragment: Discovery switch unchecked
07-03 01:04:39.317  2448  2448 D NearbyFragment: Stopped discovering
07-03 01:04:43.775  2448  2448 I TransferNetworkLossHand: Network connectivity changed detected.
07-03 01:04:43.786  2448  2448 I TransferNetworkLossHand: Network connected: true
07-03 01:06:30.112  2448  2448 D NearbyFragment: onPayloadReceived(endpointId=3PH2, payload=com.google.android.gms.nearby.connection.Payload@15635bc)
07-03 01:06:30.114  2448  2448 V NearbyFragment: Started downloading SUMMARISE:-8318930704859669781:20200312_150844.mp4:45.0_1.0_23_medium from Endpoint{id=3PH2, name=Nexus 5X [34d8]}
07-03 01:06:30.122  2448  2448 V NearbyFragment: Transfer to 3PH2: 100%
07-03 01:06:30.126  2448  2448 V NearbyFragment: Transfer to 3PH2: 100%
07-03 01:06:30.210  2448  2448 D NearbyFragment: onPayloadReceived(endpointId=3PH2, payload=com.google.android.gms.nearby.connection.Payload@53a35cb)
07-03 01:06:30.212  2448  2448 V NearbyFragment: Transfer to 3PH2: 0%
07-03 01:06:30.220  2448  2448 V NearbyFragment: Transfer to 3PH2: 0%
07-03 01:06:30.231  2448  2448 V NearbyFragment: Transfer to 3PH2: 0%
07-03 01:06:30.241  2448  2448 V NearbyFragment: Transfer to 3PH2: 0%
07-03 01:06:30.252  2448  2448 V NearbyFragment: Transfer to 3PH2: 0%
07-03 01:06:30.261  2448  2448 V NearbyFragment: Transfer to 3PH2: 0%
07-03 01:06:30.270  2448  2448 V NearbyFragment: Transfer to 3PH2: 0%
07-03 01:06:30.272  2448  2448 V NearbyFragment: Transfer to 3PH2: 0%
07-03 01:06:30.296  2448  2448 V NearbyFragment: Transfer to 3PH2: 0%
07-03 01:06:30.310  2448  2448 V NearbyFragment: Transfer to 3PH2: 0%
07-03 01:06:30.321  2448  2448 V NearbyFragment: Transfer to 3PH2: 1%
07-03 01:06:30.334  2448  2448 V NearbyFragment: Transfer to 3PH2: 1%
07-03 01:06:30.351  2448  2448 V NearbyFragment: Transfer to 3PH2: 1%
07-03 01:06:30.365  2448  2448 V NearbyFragment: Transfer to 3PH2: 1%
07-03 01:06:30.388  2448  2448 V NearbyFragment: Transfer to 3PH2: 1%
07-03 01:06:30.398  2448  2448 V NearbyFragment: Transfer to 3PH2: 1%
07-03 01:06:30.409  2448  2448 V NearbyFragment: Transfer to 3PH2: 1%
07-03 01:06:30.418  2448  2448 V NearbyFragment: Transfer to 3PH2: 1%
07-03 01:06:30.429  2448  2448 V NearbyFragment: Transfer to 3PH2: 1%
07-03 01:06:30.444  2448  2448 V NearbyFragment: Transfer to 3PH2: 1%
07-03 01:06:30.451  2448  2448 V NearbyFragment: Transfer to 3PH2: 1%
07-03 01:06:30.469  2448  2448 V NearbyFragment: Transfer to 3PH2: 2%
07-03 01:06:30.478  2448  2448 V NearbyFragment: Transfer to 3PH2: 2%
07-03 01:06:30.487  2448  2448 V NearbyFragment: Transfer to 3PH2: 2%
07-03 01:06:30.498  2448  2448 V NearbyFragment: Transfer to 3PH2: 2%
07-03 01:06:30.509  2448  2448 V NearbyFragment: Transfer to 3PH2: 2%
07-03 01:06:30.547  2448  2448 V NearbyFragment: Transfer to 3PH2: 2%
07-03 01:06:30.553  2448  2448 V NearbyFragment: Transfer to 3PH2: 2%
07-03 01:06:30.576  2448  2448 V NearbyFragment: Transfer to 3PH2: 2%
07-03 01:06:30.605  2448  2448 V NearbyFragment: Transfer to 3PH2: 2%
07-03 01:06:30.615  2448  2448 V NearbyFragment: Transfer to 3PH2: 2%
07-03 01:06:30.637  2448  2448 V NearbyFragment: Transfer to 3PH2: 2%
07-03 01:06:30.649  2448  2448 V NearbyFragment: Transfer to 3PH2: 3%
07-03 01:06:30.672  2448  2448 V NearbyFragment: Transfer to 3PH2: 3%
07-03 01:06:30.675  2448  2448 V NearbyFragment: Transfer to 3PH2: 3%
07-03 01:06:30.683  2448  2448 V NearbyFragment: Transfer to 3PH2: 3%
07-03 01:06:30.704  2448  2448 V NearbyFragment: Transfer to 3PH2: 3%
07-03 01:06:30.735  2448  2448 V NearbyFragment: Transfer to 3PH2: 3%
07-03 01:06:30.775  2448  2448 V NearbyFragment: Transfer to 3PH2: 3%
07-03 01:06:30.780  2448  2448 V NearbyFragment: Transfer to 3PH2: 3%
07-03 01:06:30.825  2448  2448 V NearbyFragment: Transfer to 3PH2: 3%
07-03 01:06:30.848  2448  2448 V NearbyFragment: Transfer to 3PH2: 3%
07-03 01:06:30.863  2448  2448 V NearbyFragment: Transfer to 3PH2: 4%
07-03 01:06:30.910  2448  2448 V NearbyFragment: Transfer to 3PH2: 4%
07-03 01:06:30.929  2448  2448 V NearbyFragment: Transfer to 3PH2: 4%
07-03 01:06:30.936  2448  2448 V NearbyFragment: Transfer to 3PH2: 4%
07-03 01:06:31.020  2448  2448 V NearbyFragment: Transfer to 3PH2: 4%
07-03 01:06:31.035  2448  2448 V NearbyFragment: Transfer to 3PH2: 4%
07-03 01:06:31.045  2448  2448 V NearbyFragment: Transfer to 3PH2: 4%
07-03 01:06:31.054  2448  2448 V NearbyFragment: Transfer to 3PH2: 4%
07-03 01:06:31.062  2448  2448 V NearbyFragment: Transfer to 3PH2: 4%
07-03 01:06:31.074  2448  2448 V NearbyFragment: Transfer to 3PH2: 4%
07-03 01:06:31.088  2448  2448 V NearbyFragment: Transfer to 3PH2: 4%
07-03 01:06:31.114  2448  2448 V NearbyFragment: Transfer to 3PH2: 5%
07-03 01:06:31.122  2448  2448 V NearbyFragment: Transfer to 3PH2: 5%
07-03 01:06:31.130  2448  2448 V NearbyFragment: Transfer to 3PH2: 5%
07-03 01:06:31.138  2448  2448 V NearbyFragment: Transfer to 3PH2: 5%
07-03 01:06:31.150  2448  2448 V NearbyFragment: Transfer to 3PH2: 5%
07-03 01:06:31.154  2448  2448 V NearbyFragment: Transfer to 3PH2: 5%
07-03 01:06:31.164  2448  2448 V NearbyFragment: Transfer to 3PH2: 5%
07-03 01:06:31.168  2448  2448 V NearbyFragment: Transfer to 3PH2: 5%
07-03 01:06:31.185  2448  2448 V NearbyFragment: Transfer to 3PH2: 5%
07-03 01:06:31.213  2448  2448 V NearbyFragment: Transfer to 3PH2: 5%
07-03 01:06:31.225  2448  2448 V NearbyFragment: Transfer to 3PH2: 5%
07-03 01:06:31.239  2448  2448 V NearbyFragment: Transfer to 3PH2: 6%
07-03 01:06:31.244  2448  2448 V NearbyFragment: Transfer to 3PH2: 6%
07-03 01:06:31.252  2448  2448 V NearbyFragment: Transfer to 3PH2: 6%
07-03 01:06:31.254  2448  2448 V NearbyFragment: Transfer to 3PH2: 6%
07-03 01:06:31.258  2448  2448 V NearbyFragment: Transfer to 3PH2: 6%
07-03 01:06:31.268  2448  2448 V NearbyFragment: Transfer to 3PH2: 6%
07-03 01:06:31.274  2448  2448 V NearbyFragment: Transfer to 3PH2: 6%
07-03 01:06:31.280  2448  2448 V NearbyFragment: Transfer to 3PH2: 6%
07-03 01:06:31.283  2448  2448 V NearbyFragment: Transfer to 3PH2: 6%
07-03 01:06:31.294  2448  2448 V NearbyFragment: Transfer to 3PH2: 6%
07-03 01:06:31.300  2448  2448 V NearbyFragment: Transfer to 3PH2: 7%
07-03 01:06:31.305  2448  2448 V NearbyFragment: Transfer to 3PH2: 7%
07-03 01:06:31.310  2448  2448 V NearbyFragment: Transfer to 3PH2: 7%
07-03 01:06:31.331  2448  2448 V NearbyFragment: Transfer to 3PH2: 7%
07-03 01:06:31.335  2448  2448 V NearbyFragment: Transfer to 3PH2: 7%
07-03 01:06:31.348  2448  2448 V NearbyFragment: Transfer to 3PH2: 7%
07-03 01:06:31.353  2448  2448 V NearbyFragment: Transfer to 3PH2: 7%
07-03 01:06:31.368  2448  2448 V NearbyFragment: Transfer to 3PH2: 7%
07-03 01:06:31.378  2448  2448 V NearbyFragment: Transfer to 3PH2: 7%
07-03 01:06:31.387  2448  2448 V NearbyFragment: Transfer to 3PH2: 7%
07-03 01:06:31.396  2448  2448 V NearbyFragment: Transfer to 3PH2: 7%
07-03 01:06:31.404  2448  2448 V NearbyFragment: Transfer to 3PH2: 8%
07-03 01:06:31.410  2448  2448 V NearbyFragment: Transfer to 3PH2: 8%
07-03 01:06:31.430  2448  2448 V NearbyFragment: Transfer to 3PH2: 8%
07-03 01:06:31.449  2448  2448 V NearbyFragment: Transfer to 3PH2: 8%
07-03 01:06:31.460  2448  2448 V NearbyFragment: Transfer to 3PH2: 8%
07-03 01:06:31.470  2448  2448 V NearbyFragment: Transfer to 3PH2: 8%
07-03 01:06:31.482  2448  2448 V NearbyFragment: Transfer to 3PH2: 8%
07-03 01:06:31.494  2448  2448 V NearbyFragment: Transfer to 3PH2: 8%
07-03 01:06:31.518  2448  2448 V NearbyFragment: Transfer to 3PH2: 8%
07-03 01:06:31.581  2448  2448 V NearbyFragment: Transfer to 3PH2: 8%
07-03 01:06:31.784  2448  2448 V NearbyFragment: Transfer to 3PH2: 8%
07-03 01:06:31.873  2448  2448 V NearbyFragment: Transfer to 3PH2: 9%
07-03 01:06:32.154  2448  2448 V NearbyFragment: Transfer to 3PH2: 9%
07-03 01:06:32.164  2448  2448 V NearbyFragment: Transfer to 3PH2: 9%
07-03 01:06:32.178  2448  2448 V NearbyFragment: Transfer to 3PH2: 9%
07-03 01:06:32.191  2448  2448 V NearbyFragment: Transfer to 3PH2: 9%
07-03 01:06:32.205  2448  2448 V NearbyFragment: Transfer to 3PH2: 9%
07-03 01:06:32.215  2448  2448 V NearbyFragment: Transfer to 3PH2: 9%
07-03 01:06:32.249  2448  2448 V NearbyFragment: Transfer to 3PH2: 9%
07-03 01:06:32.259  2448  2448 V NearbyFragment: Transfer to 3PH2: 9%
07-03 01:06:32.264  2448  2448 V NearbyFragment: Transfer to 3PH2: 9%
07-03 01:06:32.271  2448  2448 V NearbyFragment: Transfer to 3PH2: 10%
07-03 01:06:32.318  2448  2448 V NearbyFragment: Transfer to 3PH2: 10%
07-03 01:06:32.331  2448  2448 V NearbyFragment: Transfer to 3PH2: 10%
07-03 01:06:32.334  2448  2448 V NearbyFragment: Transfer to 3PH2: 10%
07-03 01:06:32.346  2448  2448 V NearbyFragment: Transfer to 3PH2: 10%
07-03 01:06:32.370  2448  2448 V NearbyFragment: Transfer to 3PH2: 10%
07-03 01:06:32.381  2448  2448 V NearbyFragment: Transfer to 3PH2: 10%
07-03 01:06:32.393  2448  2448 V NearbyFragment: Transfer to 3PH2: 10%
07-03 01:06:32.410  2448  2448 V NearbyFragment: Transfer to 3PH2: 10%
07-03 01:06:32.421  2448  2448 V NearbyFragment: Transfer to 3PH2: 10%
07-03 01:06:32.434  2448  2448 V NearbyFragment: Transfer to 3PH2: 10%
07-03 01:06:32.441  2448  2448 V NearbyFragment: Transfer to 3PH2: 11%
07-03 01:06:32.453  2448  2448 V NearbyFragment: Transfer to 3PH2: 11%
07-03 01:06:32.479  2448  2448 V NearbyFragment: Transfer to 3PH2: 11%
07-03 01:06:32.499  2448  2448 V NearbyFragment: Transfer to 3PH2: 11%
07-03 01:06:32.505  2448  2448 V NearbyFragment: Transfer to 3PH2: 11%
07-03 01:06:32.512  2448  2448 V NearbyFragment: Transfer to 3PH2: 11%
07-03 01:06:32.524  2448  2448 V NearbyFragment: Transfer to 3PH2: 11%
07-03 01:06:32.537  2448  2448 V NearbyFragment: Transfer to 3PH2: 11%
07-03 01:06:32.568  2448  2448 V NearbyFragment: Transfer to 3PH2: 11%
07-03 01:06:32.580  2448  2448 V NearbyFragment: Transfer to 3PH2: 11%
07-03 01:06:32.584  2448  2448 V NearbyFragment: Transfer to 3PH2: 11%
07-03 01:06:32.591  2448  2448 V NearbyFragment: Transfer to 3PH2: 12%
07-03 01:06:32.595  2448  2448 V NearbyFragment: Transfer to 3PH2: 12%
07-03 01:06:32.603  2448  2448 V NearbyFragment: Transfer to 3PH2: 12%
07-03 01:06:32.604  2448  2448 V NearbyFragment: Transfer to 3PH2: 12%
07-03 01:06:32.610  2448  2448 V NearbyFragment: Transfer to 3PH2: 12%
07-03 01:06:32.630  2448  2448 V NearbyFragment: Transfer to 3PH2: 12%
07-03 01:06:32.640  2448  2448 V NearbyFragment: Transfer to 3PH2: 12%
07-03 01:06:32.650  2448  2448 V NearbyFragment: Transfer to 3PH2: 12%
07-03 01:06:32.659  2448  2448 V NearbyFragment: Transfer to 3PH2: 12%
07-03 01:06:32.670  2448  2448 V NearbyFragment: Transfer to 3PH2: 12%
07-03 01:06:32.678  2448  2448 V NearbyFragment: Transfer to 3PH2: 13%
07-03 01:06:32.718  2448  2448 V NearbyFragment: Transfer to 3PH2: 13%
07-03 01:06:32.736  2448  2448 V NearbyFragment: Transfer to 3PH2: 13%
07-03 01:06:32.746  2448  2448 V NearbyFragment: Transfer to 3PH2: 13%
07-03 01:06:32.752  2448  2448 V NearbyFragment: Transfer to 3PH2: 13%
07-03 01:06:32.759  2448  2448 V NearbyFragment: Transfer to 3PH2: 13%
07-03 01:06:32.778  2448  2448 V NearbyFragment: Transfer to 3PH2: 13%
07-03 01:06:32.788  2448  2448 V NearbyFragment: Transfer to 3PH2: 13%
07-03 01:06:32.827  2448  2448 V NearbyFragment: Transfer to 3PH2: 13%
07-03 01:06:32.837  2448  2448 V NearbyFragment: Transfer to 3PH2: 13%
07-03 01:06:32.857  2448  2448 V NearbyFragment: Transfer to 3PH2: 13%
07-03 01:06:32.868  2448  2448 V NearbyFragment: Transfer to 3PH2: 14%
07-03 01:06:32.888  2448  2448 V NearbyFragment: Transfer to 3PH2: 14%
07-03 01:06:32.906  2448  2448 V NearbyFragment: Transfer to 3PH2: 14%
07-03 01:06:32.916  2448  2448 V NearbyFragment: Transfer to 3PH2: 14%
07-03 01:06:32.936  2448  2448 V NearbyFragment: Transfer to 3PH2: 14%
07-03 01:06:32.942  2448  2448 V NearbyFragment: Transfer to 3PH2: 14%
07-03 01:06:32.949  2448  2448 V NearbyFragment: Transfer to 3PH2: 14%
07-03 01:06:32.958  2448  2448 V NearbyFragment: Transfer to 3PH2: 14%
07-03 01:06:32.965  2448  2448 V NearbyFragment: Transfer to 3PH2: 14%
07-03 01:06:32.974  2448  2448 V NearbyFragment: Transfer to 3PH2: 14%
07-03 01:06:32.982  2448  2448 V NearbyFragment: Transfer to 3PH2: 14%
07-03 01:06:33.004  2448  2448 V NearbyFragment: Transfer to 3PH2: 15%
07-03 01:06:33.040  2448  2448 V NearbyFragment: Transfer to 3PH2: 15%
07-03 01:06:33.059  2448  2448 V NearbyFragment: Transfer to 3PH2: 15%
07-03 01:06:33.077  2448  2448 V NearbyFragment: Transfer to 3PH2: 15%
07-03 01:06:33.084  2448  2448 V NearbyFragment: Transfer to 3PH2: 15%
07-03 01:06:33.087  2448  2448 V NearbyFragment: Transfer to 3PH2: 15%
07-03 01:06:33.094  2448  2448 V NearbyFragment: Transfer to 3PH2: 15%
07-03 01:06:33.104  2448  2448 V NearbyFragment: Transfer to 3PH2: 15%
07-03 01:06:33.108  2448  2448 V NearbyFragment: Transfer to 3PH2: 15%
07-03 01:06:33.134  2448  2448 V NearbyFragment: Transfer to 3PH2: 15%
07-03 01:06:33.143  2448  2448 V NearbyFragment: Transfer to 3PH2: 16%
07-03 01:06:33.150  2448  2448 V NearbyFragment: Transfer to 3PH2: 16%
07-03 01:06:33.153  2448  2448 V NearbyFragment: Transfer to 3PH2: 16%
07-03 01:06:33.164  2448  2448 V NearbyFragment: Transfer to 3PH2: 16%
07-03 01:06:33.170  2448  2448 V NearbyFragment: Transfer to 3PH2: 16%
07-03 01:06:33.173  2448  2448 V NearbyFragment: Transfer to 3PH2: 16%
07-03 01:06:33.183  2448  2448 V NearbyFragment: Transfer to 3PH2: 16%
07-03 01:06:33.188  2448  2448 V NearbyFragment: Transfer to 3PH2: 16%
07-03 01:06:33.194  2448  2448 V NearbyFragment: Transfer to 3PH2: 16%
07-03 01:06:33.200  2448  2448 V NearbyFragment: Transfer to 3PH2: 16%
07-03 01:06:33.204  2448  2448 V NearbyFragment: Transfer to 3PH2: 16%
07-03 01:06:33.211  2448  2448 V NearbyFragment: Transfer to 3PH2: 17%
07-03 01:06:33.213  2448  2448 V NearbyFragment: Transfer to 3PH2: 17%
07-03 01:06:33.220  2448  2448 V NearbyFragment: Transfer to 3PH2: 17%
07-03 01:06:33.234  2448  2448 V NearbyFragment: Transfer to 3PH2: 17%
07-03 01:06:33.241  2448  2448 V NearbyFragment: Transfer to 3PH2: 17%
07-03 01:06:33.252  2448  2448 V NearbyFragment: Transfer to 3PH2: 17%
07-03 01:06:33.263  2448  2448 V NearbyFragment: Transfer to 3PH2: 17%
07-03 01:06:33.269  2448  2448 V NearbyFragment: Transfer to 3PH2: 17%
07-03 01:06:33.277  2448  2448 V NearbyFragment: Transfer to 3PH2: 17%
07-03 01:06:33.284  2448  2448 V NearbyFragment: Transfer to 3PH2: 17%
07-03 01:06:33.293  2448  2448 V NearbyFragment: Transfer to 3PH2: 17%
07-03 01:06:33.303  2448  2448 V NearbyFragment: Transfer to 3PH2: 18%
07-03 01:06:33.309  2448  2448 V NearbyFragment: Transfer to 3PH2: 18%
07-03 01:06:33.316  2448  2448 V NearbyFragment: Transfer to 3PH2: 18%
07-03 01:06:33.325  2448  2448 V NearbyFragment: Transfer to 3PH2: 18%
07-03 01:06:33.352  2448  2448 V NearbyFragment: Transfer to 3PH2: 18%
07-03 01:06:33.379  2448  2448 V NearbyFragment: Transfer to 3PH2: 18%
07-03 01:06:33.382  2448  2448 V NearbyFragment: Transfer to 3PH2: 18%
07-03 01:06:33.390  2448  2448 V NearbyFragment: Transfer to 3PH2: 18%
07-03 01:06:33.400  2448  2448 V NearbyFragment: Transfer to 3PH2: 18%
07-03 01:06:33.408  2448  2448 V NearbyFragment: Transfer to 3PH2: 18%
07-03 01:06:33.417  2448  2448 V NearbyFragment: Transfer to 3PH2: 19%
07-03 01:06:33.427  2448  2448 V NearbyFragment: Transfer to 3PH2: 19%
07-03 01:06:33.434  2448  2448 V NearbyFragment: Transfer to 3PH2: 19%
07-03 01:06:33.445  2448  2448 V NearbyFragment: Transfer to 3PH2: 19%
07-03 01:06:33.453  2448  2448 V NearbyFragment: Transfer to 3PH2: 19%
07-03 01:06:33.461  2448  2448 V NearbyFragment: Transfer to 3PH2: 19%
07-03 01:06:33.468  2448  2448 V NearbyFragment: Transfer to 3PH2: 19%
07-03 01:06:33.474  2448  2448 V NearbyFragment: Transfer to 3PH2: 19%
07-03 01:06:33.480  2448  2448 V NearbyFragment: Transfer to 3PH2: 19%
07-03 01:06:33.488  2448  2448 V NearbyFragment: Transfer to 3PH2: 19%
07-03 01:06:33.495  2448  2448 V NearbyFragment: Transfer to 3PH2: 19%
07-03 01:06:33.501  2448  2448 V NearbyFragment: Transfer to 3PH2: 20%
07-03 01:06:33.508  2448  2448 V NearbyFragment: Transfer to 3PH2: 20%
07-03 01:06:33.522  2448  2448 V NearbyFragment: Transfer to 3PH2: 20%
07-03 01:06:33.524  2448  2448 V NearbyFragment: Transfer to 3PH2: 20%
07-03 01:06:33.572  2448  2448 V NearbyFragment: Transfer to 3PH2: 20%
07-03 01:06:33.589  2448  2448 V NearbyFragment: Transfer to 3PH2: 20%
07-03 01:06:33.600  2448  2448 V NearbyFragment: Transfer to 3PH2: 20%
07-03 01:06:33.607  2448  2448 V NearbyFragment: Transfer to 3PH2: 20%
07-03 01:06:33.616  2448  2448 V NearbyFragment: Transfer to 3PH2: 20%
07-03 01:06:33.625  2448  2448 V NearbyFragment: Transfer to 3PH2: 20%
07-03 01:06:33.654  2448  2448 V NearbyFragment: Transfer to 3PH2: 20%
07-03 01:06:33.662  2448  2448 V NearbyFragment: Transfer to 3PH2: 21%
07-03 01:06:33.669  2448  2448 V NearbyFragment: Transfer to 3PH2: 21%
07-03 01:06:33.676  2448  2448 V NearbyFragment: Transfer to 3PH2: 21%
07-03 01:06:33.683  2448  2448 V NearbyFragment: Transfer to 3PH2: 21%
07-03 01:06:33.690  2448  2448 V NearbyFragment: Transfer to 3PH2: 21%
07-03 01:06:33.697  2448  2448 V NearbyFragment: Transfer to 3PH2: 21%
07-03 01:06:33.730  2448  2448 V NearbyFragment: Transfer to 3PH2: 21%
07-03 01:06:33.742  2448  2448 V NearbyFragment: Transfer to 3PH2: 21%
07-03 01:06:33.751  2448  2448 V NearbyFragment: Transfer to 3PH2: 21%
07-03 01:06:33.758  2448  2448 V NearbyFragment: Transfer to 3PH2: 21%
07-03 01:06:33.766  2448  2448 V NearbyFragment: Transfer to 3PH2: 22%
07-03 01:06:33.776  2448  2448 V NearbyFragment: Transfer to 3PH2: 22%
07-03 01:06:33.782  2448  2448 V NearbyFragment: Transfer to 3PH2: 22%
07-03 01:06:33.790  2448  2448 V NearbyFragment: Transfer to 3PH2: 22%
07-03 01:06:33.802  2448  2448 V NearbyFragment: Transfer to 3PH2: 22%
07-03 01:06:33.810  2448  2448 V NearbyFragment: Transfer to 3PH2: 22%
07-03 01:06:33.827  2448  2448 V NearbyFragment: Transfer to 3PH2: 22%
07-03 01:06:33.833  2448  2448 V NearbyFragment: Transfer to 3PH2: 22%
07-03 01:06:33.856  2448  2448 V NearbyFragment: Transfer to 3PH2: 22%
07-03 01:06:33.867  2448  2448 V NearbyFragment: Transfer to 3PH2: 22%
07-03 01:06:33.878  2448  2448 V NearbyFragment: Transfer to 3PH2: 22%
07-03 01:06:33.901  2448  2448 V NearbyFragment: Transfer to 3PH2: 23%
07-03 01:06:33.911  2448  2448 V NearbyFragment: Transfer to 3PH2: 23%
07-03 01:06:33.913  2448  2448 V NearbyFragment: Transfer to 3PH2: 23%
07-03 01:06:33.920  2448  2448 V NearbyFragment: Transfer to 3PH2: 23%
07-03 01:06:33.926  2448  2448 V NearbyFragment: Transfer to 3PH2: 23%
07-03 01:06:33.935  2448  2448 V NearbyFragment: Transfer to 3PH2: 23%
07-03 01:06:33.940  2448  2448 V NearbyFragment: Transfer to 3PH2: 23%
07-03 01:06:33.951  2448  2448 V NearbyFragment: Transfer to 3PH2: 23%
07-03 01:06:33.960  2448  2448 V NearbyFragment: Transfer to 3PH2: 23%
07-03 01:06:33.991  2448  2448 V NearbyFragment: Transfer to 3PH2: 23%
07-03 01:06:34.014  2448  2448 V NearbyFragment: Transfer to 3PH2: 23%
07-03 01:06:34.022  2448  2448 V NearbyFragment: Transfer to 3PH2: 24%
07-03 01:06:34.032  2448  2448 V NearbyFragment: Transfer to 3PH2: 24%
07-03 01:06:34.051  2448  2448 V NearbyFragment: Transfer to 3PH2: 24%
07-03 01:06:34.064  2448  2448 V NearbyFragment: Transfer to 3PH2: 24%
07-03 01:06:34.067  2448  2448 V NearbyFragment: Transfer to 3PH2: 24%
07-03 01:06:34.085  2448  2448 V NearbyFragment: Transfer to 3PH2: 24%
07-03 01:06:34.094  2448  2448 V NearbyFragment: Transfer to 3PH2: 24%
07-03 01:06:34.129  2448  2448 V NearbyFragment: Transfer to 3PH2: 24%
07-03 01:06:34.142  2448  2448 V NearbyFragment: Transfer to 3PH2: 24%
07-03 01:06:34.144  2448  2448 V NearbyFragment: Transfer to 3PH2: 24%
07-03 01:06:34.154  2448  2448 V NearbyFragment: Transfer to 3PH2: 25%
07-03 01:06:34.156  2448  2448 V NearbyFragment: Transfer to 3PH2: 25%
07-03 01:06:34.163  2448  2448 V NearbyFragment: Transfer to 3PH2: 25%
07-03 01:06:34.170  2448  2448 V NearbyFragment: Transfer to 3PH2: 25%
07-03 01:06:34.194  2448  2448 V NearbyFragment: Transfer to 3PH2: 25%
07-03 01:06:34.204  2448  2448 V NearbyFragment: Transfer to 3PH2: 25%
07-03 01:06:34.213  2448  2448 V NearbyFragment: Transfer to 3PH2: 25%
07-03 01:06:34.219  2448  2448 V NearbyFragment: Transfer to 3PH2: 25%
07-03 01:06:34.224  2448  2448 V NearbyFragment: Transfer to 3PH2: 25%
07-03 01:06:34.232  2448  2448 V NearbyFragment: Transfer to 3PH2: 25%
07-03 01:06:34.234  2448  2448 V NearbyFragment: Transfer to 3PH2: 25%
07-03 01:06:34.239  2448  2448 V NearbyFragment: Transfer to 3PH2: 26%
07-03 01:06:34.246  2448  2448 V NearbyFragment: Transfer to 3PH2: 26%
07-03 01:06:34.262  2448  2448 V NearbyFragment: Transfer to 3PH2: 26%
07-03 01:06:34.284  2448  2448 V NearbyFragment: Transfer to 3PH2: 26%
07-03 01:06:34.292  2448  2448 V NearbyFragment: Transfer to 3PH2: 26%
07-03 01:06:34.297  2448  2448 V NearbyFragment: Transfer to 3PH2: 26%
07-03 01:06:34.315  2448  2448 V NearbyFragment: Transfer to 3PH2: 26%
07-03 01:06:34.334  2448  2448 V NearbyFragment: Transfer to 3PH2: 26%
07-03 01:06:34.345  2448  2448 V NearbyFragment: Transfer to 3PH2: 26%
07-03 01:06:34.354  2448  2448 V NearbyFragment: Transfer to 3PH2: 26%
07-03 01:06:34.363  2448  2448 V NearbyFragment: Transfer to 3PH2: 26%
07-03 01:06:34.380  2448  2448 V NearbyFragment: Transfer to 3PH2: 27%
07-03 01:06:34.388  2448  2448 V NearbyFragment: Transfer to 3PH2: 27%
07-03 01:06:34.396  2448  2448 V NearbyFragment: Transfer to 3PH2: 27%
