--------- beginning of main
--------- beginning of system
07-06 00:11:35.806  8473  8473 W LogFactory: Truncating log tag length as it exceed 23, the limit imposed by Android on certain API Levels
07-06 00:12:21.786  8473  8473 E TransferService: No notification is passed in the intent. Unable to transition to foreground.
07-06 00:19:56.416  8473  8473 W NearbyFragment: Completed downloading 20200312_150844.mp4 from Endpoint{id=hrLv, name=Galaxy S8 [2802]} in 55.169s
07-06 00:19:56.581  8473  8995 W mobile-ffmpeg: [mov,mp4,m4a,3gp,3g2,mj2 @ 0x755b160c00] Found duplicated MOOV Atom. Skipped it
07-06 00:19:56.746  8473  8995 W mobile-ffmpeg: [graph 0 input from stream 0:0 @ 0x755b097340] sws_param option is deprecated and ignored
07-06 00:20:09.042  8473  8994 W Summariser: Whole video is active
07-06 00:20:11.166  8473  8995 W mobile-ffmpeg: [mov,mp4,m4a,3gp,3g2,mj2 @ 0x755b160c00] Found duplicated MOOV Atom. Skipped it
07-06 00:20:11.245  8473  8995 W mobile-ffmpeg: [mov,mp4,m4a,3gp,3g2,mj2 @ 0x755b160c00] Found duplicated MOOV Atom. Skipped it
07-06 00:20:11.308  8473  8994 W Summariser: Summarisation completed
07-06 00:20:11.308  8473  8994 W Summariser:   filename: 20200312_150844.mp4
07-06 00:20:11.308  8473  8994 W Summariser:   active sections: -1
07-06 00:20:11.308  8473  8994 W Summariser:   time: 14.670s
07-06 00:20:11.308  8473  8994 W Summariser:   original duration: 60.02
07-06 00:20:11.308  8473  8994 W Summariser:   summarised duration: 60.02
07-06 00:20:11.308  8473  8994 W Summariser:   noise tolerance: 45.00
07-06 00:20:11.308  8473  8994 W Summariser:   quality: 23
07-06 00:20:11.308  8473  8994 W Summariser:   speed: medium
07-06 00:20:11.308  8473  8994 W Summariser:   freeze duration: 1.00
07-06 00:20:11.453  8473  8994 W NearbyFragment: Sending 20200312_150844.mp4 to Galaxy S8 [2802]
07-06 00:20:51.319  8473  8473 W NearbyFragment: Completed downloading 20200312_151044.mp4 from Endpoint{id=hrLv, name=Galaxy S8 [2802]} in 19.570s
07-06 00:20:51.730  8473  8995 W mobile-ffmpeg: [mov,mp4,m4a,3gp,3g2,mj2 @ 0x755b160c00] Found duplicated MOOV Atom. Skipped it
07-06 00:20:51.905  8473  8995 W mobile-ffmpeg: [graph 0 input from stream 0:0 @ 0x755b097100] sws_param option is deprecated and ignored
07-06 00:21:04.900  8473  9118 W Summariser: No activity detected
07-06 00:21:04.908  8473  8995 W mobile-ffmpeg: [mov,mp4,m4a,3gp,3g2,mj2 @ 0x755b160c00] Found duplicated MOOV Atom. Skipped it
07-06 00:21:04.961  8473  9118 W Summariser: Summarisation completed
07-06 00:21:04.961  8473  9118 W Summariser:   filename: 20200312_151044.mp4
07-06 00:21:04.961  8473  9118 W Summariser:   active sections: 0
07-06 00:21:04.961  8473  9118 W Summariser:   time: 13.184s
07-06 00:21:04.961  8473  9118 W Summariser:   original duration: 60.02
07-06 00:21:04.961  8473  9118 W Summariser:   summarised duration: -1.00
07-06 00:21:04.961  8473  9118 W Summariser:   noise tolerance: 45.00
07-06 00:21:04.961  8473  9118 W Summariser:   quality: 23
07-06 00:21:04.961  8473  9118 W Summariser:   speed: medium
07-06 00:21:04.961  8473  9118 W Summariser:   freeze duration: 1.00
07-06 00:22:15.286  8473  8473 W NearbyFragment: Completed downloading 20200312_193728.mp4 from Endpoint{id=hrLv, name=Galaxy S8 [2802]} in 13.332s
07-06 00:22:15.360  8473  8995 W mobile-ffmpeg: [mov,mp4,m4a,3gp,3g2,mj2 @ 0x75687fea00] Found duplicated MOOV Atom. Skipped it
07-06 00:22:15.448  8473  8995 W mobile-ffmpeg: [graph 0 input from stream 0:0 @ 0x755b097100] sws_param option is deprecated and ignored
07-06 00:22:29.138  8473  9168 W Summariser: Whole video is active
07-06 00:22:31.355  8473  8995 W mobile-ffmpeg: [mov,mp4,m4a,3gp,3g2,mj2 @ 0x75687fea00] Found duplicated MOOV Atom. Skipped it
07-06 00:22:31.431  8473  8995 W mobile-ffmpeg: [mov,mp4,m4a,3gp,3g2,mj2 @ 0x75687fea00] Found duplicated MOOV Atom. Skipped it
07-06 00:22:31.496  8473  9168 W Summariser: Summarisation completed
07-06 00:22:31.496  8473  9168 W Summariser:   filename: 20200312_193728.mp4
07-06 00:22:31.496  8473  9168 W Summariser:   active sections: -1
07-06 00:22:31.496  8473  9168 W Summariser:   time: 15.998s
07-06 00:22:31.496  8473  9168 W Summariser:   original duration: 60.02
07-06 00:22:31.496  8473  9168 W Summariser:   summarised duration: 60.02
07-06 00:22:31.496  8473  9168 W Summariser:   noise tolerance: 45.00
07-06 00:22:31.496  8473  9168 W Summariser:   quality: 23
07-06 00:22:31.496  8473  9168 W Summariser:   speed: medium
07-06 00:22:31.496  8473  9168 W Summariser:   freeze duration: 1.00
07-06 00:22:31.632  8473  9168 W NearbyFragment: Sending 20200312_193728.mp4 to Galaxy S8 [2802]
07-06 00:24:00.001  8473  8473 W NearbyFragment: Completed downloading 20200312_193928.mp4 from Endpoint{id=hrLv, name=Galaxy S8 [2802]} in 36.344s
07-06 00:24:00.052  8473  8995 W mobile-ffmpeg: [mov,mp4,m4a,3gp,3g2,mj2 @ 0x75687fe400] Found duplicated MOOV Atom. Skipped it
07-06 00:24:00.139  8473  8995 W mobile-ffmpeg: [graph 0 input from stream 0:0 @ 0x755b096ec0] sws_param option is deprecated and ignored
07-06 00:24:13.253  8473  9231 W Summariser: No activity detected
07-06 00:24:13.259  8473  8995 W mobile-ffmpeg: [mov,mp4,m4a,3gp,3g2,mj2 @ 0x75687fe400] Found duplicated MOOV Atom. Skipped it
07-06 00:24:13.306  8473  9231 W Summariser: Summarisation completed
07-06 00:24:13.306  8473  9231 W Summariser:   filename: 20200312_193928.mp4
07-06 00:24:13.306  8473  9231 W Summariser:   active sections: 0
07-06 00:24:13.306  8473  9231 W Summariser:   time: 13.215s
07-06 00:24:13.306  8473  9231 W Summariser:   original duration: 60.89
07-06 00:24:13.306  8473  9231 W Summariser:   summarised duration: -1.00
07-06 00:24:13.306  8473  9231 W Summariser:   noise tolerance: 45.00
07-06 00:24:13.306  8473  9231 W Summariser:   quality: 23
07-06 00:24:13.306  8473  9231 W Summariser:   speed: medium
07-06 00:24:13.306  8473  9231 W Summariser:   freeze duration: 1.00
07-06 00:25:25.160  8473  8473 W NearbyFragment: Completed downloading 20200312_194229.mp4 from Endpoint{id=hrLv, name=Galaxy S8 [2802]} in 62.685s
07-06 00:25:25.225  8473  8995 W mobile-ffmpeg: [mov,mp4,m4a,3gp,3g2,mj2 @ 0x75687fe400] Found duplicated MOOV Atom. Skipped it
07-06 00:25:25.328  8473  8995 W mobile-ffmpeg: [graph 0 input from stream 0:0 @ 0x755b096ec0] sws_param option is deprecated and ignored
07-06 00:25:39.117  8473  8995 W mobile-ffmpeg: [mov,mp4,m4a,3gp,3g2,mj2 @ 0x75687fe400] Found duplicated MOOV Atom. Skipped it
07-06 00:25:39.249  8473  9263 W Summariser: 5 active sections found
07-06 00:25:39.264  8473  8995 W mobile-ffmpeg: [mov,mp4,m4a,3gp,3g2,mj2 @ 0x75687fe400] Found duplicated MOOV Atom. Skipped it
07-06 00:25:39.474  8473  8995 W mobile-ffmpeg: [graph 0 input from stream 0:0 @ 0x755b0974c0] sws_param option is deprecated and ignored
07-06 00:25:39.474  8473  8995 W mobile-ffmpeg: [graph 0 input from stream 0:0 @ 0x755b097c40] sws_param option is deprecated and ignored
07-06 00:25:39.474  8473  8995 W mobile-ffmpeg: [graph 0 input from stream 0:0 @ 0x755b097a00] sws_param option is deprecated and ignored
07-06 00:25:39.474  8473  8995 W mobile-ffmpeg: [graph 0 input from stream 0:0 @ 0x755b097e80] sws_param option is deprecated and ignored
07-06 00:25:39.474  8473  8995 W mobile-ffmpeg: [graph 0 input from stream 0:0 @ 0x75539e5000] sws_param option is deprecated and ignored
07-06 00:26:38.519  8473  8995 W mobile-ffmpeg: [mov,mp4,m4a,3gp,3g2,mj2 @ 0x75687fe400] Found duplicated MOOV Atom. Skipped it
07-06 00:26:38.680  8473  9263 W Summariser: Summarisation completed
07-06 00:26:38.680  8473  9263 W Summariser:   filename: 20200312_194229.mp4
07-06 00:26:38.680  8473  9263 W Summariser:   active sections: 5
07-06 00:26:38.680  8473  9263 W Summariser:   time: 73.292s
07-06 00:26:38.680  8473  9263 W Summariser:   original duration: 60.02
07-06 00:26:38.680  8473  9263 W Summariser:   summarised duration: 15.51
07-06 00:26:38.680  8473  9263 W Summariser:   noise tolerance: 45.00
07-06 00:26:38.680  8473  9263 W Summariser:   quality: 23
07-06 00:26:38.680  8473  9263 W Summariser:   speed: medium
07-06 00:26:38.680  8473  9263 W Summariser:   freeze duration: 1.00
07-06 00:26:38.738  8473  9263 W NearbyFragment: Sending 20200312_194229.mp4 to Galaxy S8 [2802]
07-06 00:28:22.061  8473  8473 W NearbyFragment: Completed downloading 20200312_195330.mp4 from Endpoint{id=hrLv, name=Galaxy S8 [2802]} in 65.604s
07-06 00:28:22.229  8473  8995 W mobile-ffmpeg: [mov,mp4,m4a,3gp,3g2,mj2 @ 0x75687fe400] Found duplicated MOOV Atom. Skipped it
07-06 00:28:22.361  8473  8995 W mobile-ffmpeg: [graph 0 input from stream 0:0 @ 0x755b096ec0] sws_param option is deprecated and ignored
07-06 00:28:36.012  8473  9336 W Summariser: 5 active sections found
07-06 00:28:36.029  8473  8995 W mobile-ffmpeg: [mov,mp4,m4a,3gp,3g2,mj2 @ 0x75687fe400] Found duplicated MOOV Atom. Skipped it
07-06 00:28:36.193  8473  8995 W mobile-ffmpeg: [graph 0 input from stream 0:0 @ 0x755b0974c0] sws_param option is deprecated and ignored
07-06 00:28:36.194  8473  8995 W mobile-ffmpeg: [graph 0 input from stream 0:0 @ 0x755b097d00] sws_param option is deprecated and ignored
07-06 00:28:36.194  8473  8995 W mobile-ffmpeg: [graph 0 input from stream 0:0 @ 0x755b097a00] sws_param option is deprecated and ignored
07-06 00:28:36.194  8473  8995 W mobile-ffmpeg: [graph 0 input from stream 0:0 @ 0x755b097e80] sws_param option is deprecated and ignored
07-06 00:28:36.194  8473  8995 W mobile-ffmpeg: [graph 0 input from stream 0:0 @ 0x75532e2000] sws_param option is deprecated and ignored
07-06 00:29:57.022  8473  8995 W mobile-ffmpeg: [mov,mp4,m4a,3gp,3g2,mj2 @ 0x75687fe400] Found duplicated MOOV Atom. Skipped it
07-06 00:29:57.158  8473  9336 W Summariser: Summarisation completed
07-06 00:29:57.158  8473  9336 W Summariser:   filename: 20200312_195330.mp4
07-06 00:29:57.158  8473  9336 W Summariser:   active sections: 5
07-06 00:29:57.158  8473  9336 W Summariser:   time: 94.792s
07-06 00:29:57.158  8473  9336 W Summariser:   original duration: 60.02
07-06 00:29:57.158  8473  9336 W Summariser:   summarised duration: 23.42
07-06 00:29:57.158  8473  9336 W Summariser:   noise tolerance: 45.00
07-06 00:29:57.158  8473  9336 W Summariser:   quality: 23
07-06 00:29:57.158  8473  9336 W Summariser:   speed: medium
07-06 00:29:57.158  8473  9336 W Summariser:   freeze duration: 1.00
07-06 00:29:57.216  8473  9336 W NearbyFragment: Sending 20200312_195330.mp4 to Galaxy S8 [2802]
