--------- beginning of main
07-06 00:12:15.733 16928 16928 E Zygote  : isWhitelistProcess - Process is Whitelisted
07-06 00:12:15.736 16928 16928 E Zygote  : accessInfo : 1
07-06 00:12:17.270 16928 16928 W LogFactory: Truncating log tag length as it exceed 23, the limit imposed by Android on certain API Levels
07-06 00:12:29.980 16928 16928 W ActivityThread: handleWindowVisibility: no activity for token android.os.BinderProxy@b6ddef0
07-06 00:12:30.066 16928 16928 W example.edgesu: Accessing hidden method Landroid/graphics/drawable/Drawable;->getOpticalInsets()Landroid/graphics/Insets; (light greylist, linking)
07-06 00:12:30.066 16928 16928 W example.edgesu: Accessing hidden field Landroid/graphics/Insets;->left:I (light greylist, linking)
07-06 00:12:30.066 16928 16928 W example.edgesu: Accessing hidden field Landroid/graphics/Insets;->right:I (light greylist, linking)
07-06 00:12:30.066 16928 16928 W example.edgesu: Accessing hidden field Landroid/graphics/Insets;->top:I (light greylist, linking)
07-06 00:12:30.066 16928 16928 W example.edgesu: Accessing hidden field Landroid/graphics/Insets;->bottom:I (light greylist, linking)
07-06 00:12:30.114 16928 16928 W example.edgesu: Accessing hidden method Landroid/view/View;->computeFitSystemWindows(Landroid/graphics/Rect;Landroid/graphics/Rect;)Z (light greylist, reflection)
07-06 00:12:30.115 16928 16928 W example.edgesu: Accessing hidden method Landroid/view/ViewGroup;->makeOptionalFitsSystemWindows()V (light greylist, reflection)
07-06 00:12:30.218 16928 16928 W example.edgesu: Accessing hidden method Landroid/widget/TextView;->getTextDirectionHeuristic()Landroid/text/TextDirectionHeuristic; (light greylist, linking)
07-06 00:12:30.227 16928 16928 W example.edgesu: Accessing hidden field Landroid/view/View;->mAccessibilityDelegate:Landroid/view/View$AccessibilityDelegate; (light greylist, reflection)
07-06 00:12:30.558 16928 16928 E TransferService: No notification is passed in the intent. Unable to transition to foreground.
07-06 00:12:30.609 16928 16928 W StaticLayout: maxLineHeight should not be -1.  maxLines:1 lineCount:1
07-06 00:12:30.626 16928 16928 W StaticLayout: maxLineHeight should not be -1.  maxLines:1 lineCount:1
07-06 00:12:30.643 16928 16928 W StaticLayout: maxLineHeight should not be -1.  maxLines:1 lineCount:1
07-06 00:12:30.647 16928 16928 W StaticLayout: maxLineHeight should not be -1.  maxLines:1 lineCount:1
07-06 00:13:01.056 16928 16928 W example.edgesu: Accessing hidden method Landroid/graphics/FontFamily;-><init>()V (light greylist, reflection)
07-06 00:13:01.056 16928 16928 W example.edgesu: Accessing hidden method Landroid/graphics/FontFamily;->addFontFromAssetManager(Landroid/content/res/AssetManager;Ljava/lang/String;IZIII[Landroid/graphics/fonts/FontVariationAxis;)Z (light greylist, reflection)
07-06 00:13:01.057 16928 16928 W example.edgesu: Accessing hidden method Landroid/graphics/FontFamily;->addFontFromBuffer(Ljava/nio/ByteBuffer;I[Landroid/graphics/fonts/FontVariationAxis;II)Z (light greylist, reflection)
07-06 00:13:01.057 16928 16928 W example.edgesu: Accessing hidden method Landroid/graphics/FontFamily;->freeze()Z (light greylist, reflection)
07-06 00:13:01.057 16928 16928 W example.edgesu: Accessing hidden method Landroid/graphics/FontFamily;->abortCreation()V (light greylist, reflection)
07-06 00:13:01.057 16928 16928 W example.edgesu: Accessing hidden method Landroid/graphics/Typeface;->createFromFamiliesWithDefault([Landroid/graphics/FontFamily;Ljava/lang/String;II)Landroid/graphics/Typeface; (light greylist, reflection)
07-06 00:13:03.208 16928 16967 W libEGL  : EGLNativeWindowType 0x78d6437010 disconnect failed
07-06 00:13:03.298 16928 16928 E ViewRootImpl: sendUserActionEvent() returned.
07-06 00:13:11.399 16928 16967 W libEGL  : EGLNativeWindowType 0x78e8a7e010 disconnect failed
07-06 00:13:11.431 16928 16928 E ViewRootImpl: sendUserActionEvent() returned.
07-06 00:13:23.776 16928 16967 W libEGL  : EGLNativeWindowType 0x78d65a3010 disconnect failed
07-06 00:13:23.871 16928 16928 E ViewRootImpl: sendUserActionEvent() returned.
07-06 00:18:13.528 16928 16928 W NearbyFragment: Preferences:
07-06 00:18:13.528 16928 16928 W NearbyFragment:   Auto download: true
07-06 00:18:13.528 16928 16928 W NearbyFragment:   Algorithm: ordered
07-06 00:18:13.528 16928 16928 W NearbyFragment:   Fast scheduling: true
07-06 00:18:13.528 16928 16928 W NearbyFragment:   Segmentation: false
07-06 00:18:13.528 16928 16928 W NearbyFragment:   Auto segmentation: false
07-06 00:18:13.528 16928 16928 W NearbyFragment:   Segment number: 4
07-06 00:18:13.528 16928 16928 W NearbyFragment:   Noise tolerance: 45.00
07-06 00:18:13.528 16928 16928 W NearbyFragment:   Quality: 23
07-06 00:18:13.528 16928 16928 W NearbyFragment:   Speed: medium
07-06 00:18:13.528 16928 16928 W NearbyFragment:   Freeze duration: 1.00
07-06 00:18:13.529 16928 16928 W NearbyFragment: Download delay: 1s
07-06 00:18:13.529 16928 16928 W NearbyFragment: Started downloading from dashcam
07-06 00:18:31.102 16928 17725 W DashDownloadManager: Successfully downloaded 20200312_150643.mp4 in 17.413s
07-06 00:18:49.720 16928 17725 W DashDownloadManager: Successfully downloaded 20200312_150744.mp4 in 17.500s
07-06 00:19:08.735 16928 17725 W DashDownloadManager: Successfully downloaded 20200312_150844.mp4 in 17.885s
07-06 00:19:08.748 16928 17725 W NearbyFragment: Sending 20200312_150643.mp4 to Nexus 5X [34d8]
07-06 00:19:08.758 16928 17725 W NearbyFragment: Sending 20200312_150744.mp4 to Nexus 5 [1825]
07-06 00:19:08.767 16928 17725 W NearbyFragment: Sending 20200312_150844.mp4 to Nexus 5X [9c8f]
07-06 00:19:48.109 16928 17725 W DashDownloadManager: Successfully downloaded 20200312_150944.mp4 in 38.199s
07-06 00:19:48.118 16928 17725 W NearbyFragment: Sending 20200312_150944.mp4 to Nexus 5X [34d8]
07-06 00:19:56.294 16928 16928 W example.edgesu: Accessing hidden method Landroid/view/View;->getTransitionAlpha()F (light greylist, linking)
07-06 00:19:56.295 16928 16928 W example.edgesu: Accessing hidden method Landroid/view/View;->setTransitionAlpha(F)V (light greylist, linking)
07-06 00:19:56.295 16928 16928 W example.edgesu: Accessing hidden method Landroid/view/View;->setAnimationMatrix(Landroid/graphics/Matrix;)V (light greylist, linking)
07-06 00:19:56.295 16928 16928 W example.edgesu: Accessing hidden method Landroid/view/View;->transformMatrixToGlobal(Landroid/graphics/Matrix;)V (light greylist, linking)
07-06 00:19:56.295 16928 16928 W example.edgesu: Accessing hidden method Landroid/view/View;->transformMatrixToLocal(Landroid/graphics/Matrix;)V (light greylist, linking)
07-06 00:19:56.295 16928 16928 W example.edgesu: Accessing hidden method Landroid/view/View;->setLeftTopRightBottom(IIII)V (light greylist, linking)
07-06 00:19:56.296 16928 16928 W example.edgesu: Accessing hidden method Landroid/view/View;->setTransitionVisibility(I)V (dark greylist, linking)
07-06 00:19:56.328 16928 16928 W StaticLayout: maxLineHeight should not be -1.  maxLines:1 lineCount:1
07-06 00:19:56.333 16928 16928 W StaticLayout: maxLineHeight should not be -1.  maxLines:1 lineCount:1
07-06 00:19:56.347 16928 16928 W example.edgesu: Accessing hidden field Landroid/view/View;->mViewFlags:I (light greylist, reflection)
07-06 00:19:56.350 16928 16928 W example.edgesu: Accessing hidden method Landroid/view/ViewGroup;->suppressLayout(Z)V (light greylist, linking)
07-06 00:20:39.149 16928 17725 W DashDownloadManager: Successfully downloaded 20200312_151044.mp4 in 49.914s
07-06 00:20:39.156 16928 17725 W NearbyFragment: Sending 20200312_151044.mp4 to Nexus 5X [9c8f]
07-06 00:20:40.013 16928 16928 W NearbyFragment: Completed downloading 20200312_150744.mp4 from Endpoint{id=Rc4h, name=Nexus 5 [1825]} in 05.703s
07-06 00:20:45.746 16928 16928 W NearbyFragment: Completed downloading 20200312_150844.mp4 from Endpoint{id=jKhx, name=Nexus 5X [9c8f]} in 26.563s
07-06 00:20:55.234 16928 16928 W NearbyFragment: Completed downloading 20200312_150944.mp4 from Endpoint{id=Qd2N, name=Nexus 5X [34d8]} in 01.926s
07-06 00:21:12.184 16928 17725 W DashDownloadManager: Successfully downloaded 20200312_193528.mp4 in 31.904s
07-06 00:21:12.192 16928 17725 W NearbyFragment: Sending 20200312_193528.mp4 to Nexus 5 [1825]
07-06 00:21:43.089 16928 17725 W DashDownloadManager: Successfully downloaded 20200312_193628.mp4 in 29.745s
07-06 00:21:43.097 16928 17725 W NearbyFragment: Sending 20200312_193628.mp4 to Nexus 5X [34d8]
07-06 00:22:09.456 16928 17725 W DashDownloadManager: Successfully downloaded 20200312_193728.mp4 in 25.292s
07-06 00:22:09.461 16928 17725 W NearbyFragment: Sending 20200312_193728.mp4 to Nexus 5X [9c8f]
07-06 00:22:13.083 16928 16938 W System  : A resource failed to call close. 
07-06 00:22:13.119 16928 16938 W System  : A resource failed to call close. 
07-06 00:22:36.062 16928 17725 W DashDownloadManager: Successfully downloaded 20200312_193828.mp4 in 25.514s
07-06 00:22:36.070 16928 17725 W NearbyFragment: Sending 20200312_193828.mp4 to Nexus 5 [1825]
07-06 00:23:10.309 16928 16928 W NearbyFragment: Completed downloading 20200312_193628.mp4 from Endpoint{id=Qd2N, name=Nexus 5X [34d8]} in 18.456s
07-06 00:23:12.646 16928 16928 W NearbyFragment: Completed downloading 20200312_193728.mp4 from Endpoint{id=jKhx, name=Nexus 5X [9c8f]} in 33.295s
07-06 00:23:31.038 16928 17725 W DashDownloadManager: Successfully downloaded 20200312_193928.mp4 in 53.854s
07-06 00:23:31.048 16928 17725 W NearbyFragment: Sending 20200312_193928.mp4 to Nexus 5X [9c8f]
07-06 00:24:06.410 16928 17725 W DashDownloadManager: Successfully downloaded 20200312_194129.mp4 in 34.212s
07-06 00:24:06.422 16928 17725 W NearbyFragment: Sending 20200312_194129.mp4 to Nexus 5X [34d8]
07-06 00:24:29.856 16928 17725 W DashDownloadManager: Successfully downloaded 20200312_194229.mp4 in 22.323s
07-06 00:24:29.864 16928 17725 W NearbyFragment: Sending 20200312_194229.mp4 to Nexus 5X [9c8f]
07-06 00:24:30.093 16928 16928 W NearbyFragment: Completed downloading 20200312_193828.mp4 from Endpoint{id=Rc4h, name=Nexus 5 [1825]} in 01.678s
07-06 00:24:51.360 16928 17725 W DashDownloadManager: Successfully downloaded 20200312_194330.mp4 in 20.403s
07-06 00:24:51.366 16928 17725 W NearbyFragment: Sending 20200312_194330.mp4 to Nexus 5 [1825]
07-06 00:25:13.352 16928 17725 W DashDownloadManager: Successfully downloaded 20200312_194730.mp4 in 20.870s
07-06 00:25:13.369 16928 17725 W NearbyFragment: Sending 20200312_194730.mp4 to Nexus 5X [34d8]
07-06 00:25:54.254 16928 17725 W DashDownloadManager: Successfully downloaded 20200312_194830.mp4 in 39.736s
07-06 00:25:54.262 16928 17725 W NearbyFragment: Sending 20200312_194830.mp4 to Nexus 5 [1825]
07-06 00:26:17.630 16928 17725 W DashDownloadManager: Successfully downloaded 20200312_194930.mp4 in 22.295s
07-06 00:26:17.637 16928 17725 W NearbyFragment: Sending 20200312_194930.mp4 to Nexus 5X [34d8]
07-06 00:26:42.874 16928 17725 W DashDownloadManager: Successfully downloaded 20200312_195230.mp4 in 24.129s
07-06 00:26:42.881 16928 17725 W NearbyFragment: Sending 20200312_195230.mp4 to Nexus 5 [1825]
07-06 00:26:48.814 16928 16928 W NearbyFragment: Completed downloading 20200312_194229.mp4 from Endpoint{id=jKhx, name=Nexus 5X [9c8f]} in 02.352s
07-06 00:26:58.496 16928 16928 W NearbyFragment: Completed downloading 20200312_194129.mp4 from Endpoint{id=Qd2N, name=Nexus 5X [34d8]} in 43.213s
07-06 00:27:24.013 16928 17725 W DashDownloadManager: Successfully downloaded 20200312_195330.mp4 in 39.985s
07-06 00:27:24.023 16928 17725 W NearbyFragment: Sending 20200312_195330.mp4 to Nexus 5X [9c8f]
07-06 00:27:48.067 16928 17725 W DashDownloadManager: Successfully downloaded 20200312_195430.mp4 in 22.887s
07-06 00:27:48.076 16928 17725 W NearbyFragment: Sending 20200312_195430.mp4 to Nexus 5X [34d8]
07-06 00:27:49.097 16928 17725 W NearbyFragment: Stopped downloading from dashcam
07-06 00:29:15.789 16928 16928 W NearbyFragment: Completed downloading 20200312_194830.mp4 from Endpoint{id=Rc4h, name=Nexus 5 [1825]} in 01.065s
07-06 00:29:57.334 16928 16928 W NearbyFragment: Completed downloading 20200312_194930.mp4 from Endpoint{id=Qd2N, name=Nexus 5X [34d8]} in 02.390s
07-06 00:30:06.795 16928 16928 W NearbyFragment: Completed downloading 20200312_195330.mp4 from Endpoint{id=jKhx, name=Nexus 5X [9c8f]} in 01.924s
07-06 00:30:19.337 16928 16928 W NearbyFragment: Completed downloading 20200312_195230.mp4 from Endpoint{id=Rc4h, name=Nexus 5 [1825]} in 00.260s
07-06 00:31:30.517 16928 16928 W NearbyFragment: Completed downloading 20200312_195430.mp4 from Endpoint{id=Qd2N, name=Nexus 5X [34d8]} in 01.729s
