07-06 01:59:18.024 30438 30438 D NearbyFragment: Summarising 20200312_151044!000.mp4
07-06 01:59:18.024 30438 30438 V VideoManager: Retrieving video from /storage/emulated/0/Download/Nearby/20200312_151044!000.mp4
07-06 01:59:18.034 30438 30438 D VideoManager: videoCursor is null
07-06 01:59:18.074 30438 30438 V VideoManager: videoFromCursor
07-06 01:59:18.077 30438 30438 V ProcessingVideosEventHandler: onAdd
07-06 01:59:18.078 30438 30438 V RawFootageEventHandler: onRemove
07-06 01:59:18.083 30438 30438 V NearbyFragment: Transfer to Endpoint{id=njPJ, name=Galaxy S8 [2802]} complete
07-06 01:59:18.090 30438 30841 V SummariserIntentService: onHandleIntent
07-06 01:59:18.092 30438 30841 D SummariserIntentService: Video{id='8408', data='/storage/emulated/0/Download/Nearby/20200312_151044!000.mp4', name='20200312_151044!000.mp4', size=16831892, visible=true, mimeType='video/mp4'}
07-06 01:59:18.092 30438 30841 D SummariserIntentService: /storage/emulated/0/Movies/segment-sum/20200312_151044/20200312_151044!000.mp4
07-06 01:59:18.095 30438 30841 I FfmpegTools: Running ffmpeg with:
07-06 01:59:18.095 30438 30841 I FfmpegTools:   -y -i /storage/emulated/0/Download/Nearby/20200312_151044!000.mp4 -vf freezedetect=n=-45.000000dB:d=1.000000,metadata=mode=print:file=/storage/emulated/0/Movies/raw/20200312_151044!000.txt -f null -
07-06 01:59:18.116 30438 30443 I zygote64: Do full code cache collection, code=249KB, data=174KB
07-06 01:59:18.117 30438 30443 I zygote64: After code cache collection, code=219KB, data=126KB
07-06 01:59:18.242 30438 30671 W mobile-ffmpeg: [graph 0 input from stream 0:0 @ 0x7a0f768d40] sws_param option is deprecated and ignored
07-06 01:59:22.683 30438 30841 W Summariser: No activity detected
07-06 01:59:22.685 30438 30841 V FfmpegTools: Retrieving duration of /storage/emulated/0/Download/Nearby/20200312_151044!000.mp4
07-06 01:59:22.762 30438 30841 W Summariser: Summarisation completed
07-06 01:59:22.762 30438 30841 W Summariser:   filename: 20200312_151044!000.mp4
07-06 01:59:22.762 30438 30841 W Summariser:   active sections: 0
07-06 01:59:22.762 30438 30841 W Summariser:   time: 04.591s
07-06 01:59:22.762 30438 30841 W Summariser:   original duration: 16.07
07-06 01:59:22.762 30438 30841 W Summariser:   summarised duration: -1.00
07-06 01:59:22.762 30438 30841 W Summariser:   noise tolerance: 45.00
07-06 01:59:22.762 30438 30841 W Summariser:   quality: 23
07-06 01:59:22.762 30438 30841 W Summariser:   speed: medium
07-06 01:59:22.762 30438 30841 W Summariser:   freeze duration: 1.00
07-06 01:59:22.765 30438 30841 V ProcessingVideosEventHandler: onRemove
07-06 01:59:22.799 30438 30438 V NearbyFragment: Transfer to Endpoint{id=njPJ, name=Galaxy S8 [2802]} complete
07-06 01:59:22.821 30438 30450 D SummariserIntentService: Scanned /storage/emulated/0/Movies/summarised
07-06 01:59:22.821 30438 30450 D SummariserIntentService:   -> uri=content://media/external/file/8207
07-06 01:59:22.875 30438 30438 D NearbyFragment: onPayloadReceived(endpointId=njPJ, payload=com.google.android.gms.nearby.connection.Payload@3b4c89a)
07-06 01:59:22.877 30438 30438 V NearbyFragment: Started downloading SUMMARISE_SEGMENT:-7134469274966024111:20200312_151044!003.mp4:45.0_1.0_23_medium from Endpoint{id=njPJ, name=Galaxy S8 [2802]}
07-06 01:59:23.177 30438 30438 V NearbyFragment: Transfer to Endpoint{id=njPJ, name=Galaxy S8 [2802]} complete
07-06 01:59:26.502 30438 30438 D NearbyFragment: onPayloadReceived(endpointId=njPJ, payload=com.google.android.gms.nearby.connection.Payload@a3485cb)
07-06 01:59:30.900 30438 30438 V NearbyFragment: Transfer to Endpoint{id=njPJ, name=Galaxy S8 [2802]} complete
07-06 01:59:30.904 30438 30438 W NearbyFragment: Completed downloading 20200312_151044!003.mp4 from Endpoint{id=njPJ, name=Galaxy S8 [2802]} in 08.024s
07-06 01:59:30.922 30438 30438 V FileManager: External storage is readable
07-06 01:59:30.923 30438 30438 V FileManager: Directory already exists: /storage/emulated/0/Movies/segment-sum/20200312_151044
07-06 01:59:30.924 30438 30438 D NearbyFragment: Summarising 20200312_151044!003.mp4
07-06 01:59:30.925 30438 30438 V VideoManager: Retrieving video from /storage/emulated/0/Download/Nearby/20200312_151044!003.mp4
07-06 01:59:30.940 30438 30438 V VideoManager: videoFromCursor
07-06 01:59:30.944 30438 30438 V ProcessingVideosEventHandler: onAdd
07-06 01:59:30.945 30438 30438 V RawFootageEventHandler: onRemove
07-06 01:59:30.951 30438 30438 V NearbyFragment: Transfer to Endpoint{id=njPJ, name=Galaxy S8 [2802]} complete
07-06 01:59:30.959 30438 30866 V SummariserIntentService: onHandleIntent
07-06 01:59:30.960 30438 30866 D SummariserIntentService: Video{id='8283', data='/storage/emulated/0/Download/Nearby/20200312_151044!003.mp4', name='20200312_151044!003.mp4', size=12683996, visible=true, mimeType='video/mp4'}
07-06 01:59:30.960 30438 30866 D SummariserIntentService: /storage/emulated/0/Movies/segment-sum/20200312_151044/20200312_151044!003.mp4
07-06 01:59:30.963 30438 30866 I FfmpegTools: Running ffmpeg with:
07-06 01:59:30.963 30438 30866 I FfmpegTools:   -y -i /storage/emulated/0/Download/Nearby/20200312_151044!003.mp4 -vf freezedetect=n=-45.000000dB:d=1.000000,metadata=mode=print:file=/storage/emulated/0/Movies/raw/20200312_151044!003.txt -f null -
07-06 01:59:31.095 30438 30671 W mobile-ffmpeg: [graph 0 input from stream 0:0 @ 0x7a0f768d40] sws_param option is deprecated and ignored
07-06 01:59:35.190 30438 30866 W Summariser: No activity detected
07-06 01:59:35.193 30438 30866 V FfmpegTools: Retrieving duration of /storage/emulated/0/Download/Nearby/20200312_151044!003.mp4
07-06 01:59:35.272 30438 30866 W Summariser: Summarisation completed
07-06 01:59:35.272 30438 30866 W Summariser:   filename: 20200312_151044!003.mp4
07-06 01:59:35.272 30438 30866 W Summariser:   active sections: 0
07-06 01:59:35.272 30438 30866 W Summariser:   time: 04.231s
07-06 01:59:35.272 30438 30866 W Summariser:   original duration: 12.03
07-06 01:59:35.272 30438 30866 W Summariser:   summarised duration: -1.00
07-06 01:59:35.272 30438 30866 W Summariser:   noise tolerance: 45.00
07-06 01:59:35.272 30438 30866 W Summariser:   quality: 23
07-06 01:59:35.272 30438 30866 W Summariser:   speed: medium
07-06 01:59:35.272 30438 30866 W Summariser:   freeze duration: 1.00
07-06 01:59:35.275 30438 30866 V ProcessingVideosEventHandler: onRemove
07-06 01:59:35.299 30438 30438 V NearbyFragment: Transfer to Endpoint{id=njPJ, name=Galaxy S8 [2802]} complete
07-06 01:59:35.326 30438 30468 D SummariserIntentService: Scanned /storage/emulated/0/Movies/summarised
07-06 01:59:35.326 30438 30468 D SummariserIntentService:   -> uri=content://media/external/file/8207
07-06 01:59:44.856 30438 30438 D NearbyFragment: onPayloadReceived(endpointId=njPJ, payload=com.google.android.gms.nearby.connection.Payload@51a5dc0)
07-06 01:59:44.860 30438 30438 V NearbyFragment: Started downloading SUMMARISE_SEGMENT:-6554250304623758418:20200312_193528!000.mp4:45.0_1.0_23_medium from Endpoint{id=njPJ, name=Galaxy S8 [2802]}
07-06 01:59:44.864 30438 30438 V NearbyFragment: Transfer to Endpoint{id=njPJ, name=Galaxy S8 [2802]} complete
07-06 01:59:44.889 30438 30438 D NearbyFragment: onPayloadReceived(endpointId=njPJ, payload=com.google.android.gms.nearby.connection.Payload@74a9af9)
07-06 01:59:49.217 30438 30438 V NearbyFragment: Transfer to Endpoint{id=njPJ, name=Galaxy S8 [2802]} complete
07-06 01:59:49.219 30438 30438 W NearbyFragment: Completed downloading 20200312_193528!000.mp4 from Endpoint{id=njPJ, name=Galaxy S8 [2802]} in 04.356s
07-06 01:59:49.229 30438 30438 V FileManager: External storage is readable
07-06 01:59:49.231 30438 30438 V FileManager: Created new directory: /storage/emulated/0/Movies/segment-sum/20200312_193528
07-06 01:59:49.233 30438 30438 D NearbyFragment: Summarising 20200312_193528!000.mp4
07-06 01:59:49.236 30438 30438 V VideoManager: Retrieving video from /storage/emulated/0/Download/Nearby/20200312_193528!000.mp4
07-06 01:59:49.245 30438 30438 V VideoManager: videoFromCursor
07-06 01:59:49.248 30438 30438 V ProcessingVideosEventHandler: onAdd
07-06 01:59:49.248 30438 30438 V RawFootageEventHandler: onRemove
07-06 01:59:49.253 30438 30438 V NearbyFragment: Transfer to Endpoint{id=njPJ, name=Galaxy S8 [2802]} complete
07-06 01:59:49.259 30438 30893 V SummariserIntentService: onHandleIntent
07-06 01:59:49.260 30438 30893 D SummariserIntentService: Video{id='8358', data='/storage/emulated/0/Download/Nearby/20200312_193528!000.mp4', name='20200312_193528!000.mp4', size=16832420, visible=true, mimeType='video/mp4'}
07-06 01:59:49.260 30438 30893 D SummariserIntentService: /storage/emulated/0/Movies/segment-sum/20200312_193528/20200312_193528!000.mp4
07-06 01:59:49.263 30438 30893 I FfmpegTools: Running ffmpeg with:
07-06 01:59:49.263 30438 30893 I FfmpegTools:   -y -i /storage/emulated/0/Download/Nearby/20200312_193528!000.mp4 -vf freezedetect=n=-45.000000dB:d=1.000000,metadata=mode=print:file=/storage/emulated/0/Movies/raw/20200312_193528!000.txt -f null -
07-06 01:59:49.385 30438 30671 W mobile-ffmpeg: [graph 0 input from stream 0:0 @ 0x7a0f768d40] sws_param option is deprecated and ignored
07-06 01:59:54.839 30438 30893 W Summariser: No activity detected
07-06 01:59:54.842 30438 30893 V FfmpegTools: Retrieving duration of /storage/emulated/0/Download/Nearby/20200312_193528!000.mp4
07-06 01:59:54.917 30438 30893 W Summariser: Summarisation completed
07-06 01:59:54.917 30438 30893 W Summariser:   filename: 20200312_193528!000.mp4
07-06 01:59:54.917 30438 30893 W Summariser:   active sections: 0
07-06 01:59:54.917 30438 30893 W Summariser:   time: 05.579s
07-06 01:59:54.917 30438 30893 W Summariser:   original duration: 16.06
07-06 01:59:54.917 30438 30893 W Summariser:   summarised duration: -1.00
07-06 01:59:54.917 30438 30893 W Summariser:   noise tolerance: 45.00
07-06 01:59:54.917 30438 30893 W Summariser:   quality: 23
07-06 01:59:54.917 30438 30893 W Summariser:   speed: medium
07-06 01:59:54.917 30438 30893 W Summariser:   freeze duration: 1.00
07-06 01:59:54.919 30438 30893 V ProcessingVideosEventHandler: onRemove
07-06 01:59:54.949 30438 30438 V NearbyFragment: Transfer to Endpoint{id=njPJ, name=Galaxy S8 [2802]} complete
07-06 01:59:54.974 30438 30468 D SummariserIntentService: Scanned /storage/emulated/0/Movies/summarised
07-06 01:59:54.974 30438 30468 D SummariserIntentService:   -> uri=content://media/external/file/8207
07-06 01:59:55.257 30438 30438 D NearbyFragment: onPayloadReceived(endpointId=njPJ, payload=com.google.android.gms.nearby.connection.Payload@b632316)
07-06 01:59:55.261 30438 30438 V NearbyFragment: Started downloading SUMMARISE_SEGMENT:-4829228199146092391:20200312_193528!003.mp4:45.0_1.0_23_medium from Endpoint{id=njPJ, name=Galaxy S8 [2802]}
07-06 01:59:55.326 30438 30438 V NearbyFragment: Transfer to Endpoint{id=njPJ, name=Galaxy S8 [2802]} complete
07-06 01:59:57.606 30438 30438 D NearbyFragment: onPayloadReceived(endpointId=njPJ, payload=com.google.android.gms.nearby.connection.Payload@6ead497)
07-06 02:00:02.762 30438 30438 V NearbyFragment: Transfer to Endpoint{id=njPJ, name=Galaxy S8 [2802]} complete
07-06 02:00:02.764 30438 30438 W NearbyFragment: Completed downloading 20200312_193528!003.mp4 from Endpoint{id=njPJ, name=Galaxy S8 [2802]} in 07.498s
07-06 02:00:02.772 30438 30438 V FileManager: External storage is readable
07-06 02:00:02.772 30438 30438 V FileManager: Directory already exists: /storage/emulated/0/Movies/segment-sum/20200312_193528
07-06 02:00:02.773 30438 30438 D NearbyFragment: Summarising 20200312_193528!003.mp4
07-06 02:00:02.773 30438 30438 V VideoManager: Retrieving video from /storage/emulated/0/Download/Nearby/20200312_193528!003.mp4
07-06 02:00:02.782 30438 30438 V VideoManager: videoFromCursor
07-06 02:00:02.785 30438 30438 V ProcessingVideosEventHandler: onAdd
07-06 02:00:02.785 30438 30438 V RawFootageEventHandler: onRemove
07-06 02:00:02.790 30438 30438 V NearbyFragment: Transfer to Endpoint{id=njPJ, name=Galaxy S8 [2802]} complete
07-06 02:00:02.795 30438 30911 V SummariserIntentService: onHandleIntent
07-06 02:00:02.796 30438 30911 D SummariserIntentService: Video{id='8286', data='/storage/emulated/0/Download/Nearby/20200312_193528!003.mp4', name='20200312_193528!003.mp4', size=12631917, visible=true, mimeType='video/mp4'}
07-06 02:00:02.796 30438 30911 D SummariserIntentService: /storage/emulated/0/Movies/segment-sum/20200312_193528/20200312_193528!003.mp4
07-06 02:00:02.799 30438 30911 I FfmpegTools: Running ffmpeg with:
07-06 02:00:02.799 30438 30911 I FfmpegTools:   -y -i /storage/emulated/0/Download/Nearby/20200312_193528!003.mp4 -vf freezedetect=n=-45.000000dB:d=1.000000,metadata=mode=print:file=/storage/emulated/0/Movies/raw/20200312_193528!003.txt -f null -
07-06 02:00:02.955 30438 30671 W mobile-ffmpeg: [graph 0 input from stream 0:0 @ 0x7a0f768d40] sws_param option is deprecated and ignored
07-06 02:00:07.116 30438 30911 W Summariser: No activity detected
07-06 02:00:07.119 30438 30911 V FfmpegTools: Retrieving duration of /storage/emulated/0/Download/Nearby/20200312_193528!003.mp4
07-06 02:00:07.233 30438 30911 W Summariser: Summarisation completed
07-06 02:00:07.233 30438 30911 W Summariser:   filename: 20200312_193528!003.mp4
07-06 02:00:07.233 30438 30911 W Summariser:   active sections: 0
07-06 02:00:07.233 30438 30911 W Summariser:   time: 04.321s
07-06 02:00:07.233 30438 30911 W Summariser:   original duration: 12.01
07-06 02:00:07.233 30438 30911 W Summariser:   summarised duration: -1.00
07-06 02:00:07.233 30438 30911 W Summariser:   noise tolerance: 45.00
07-06 02:00:07.233 30438 30911 W Summariser:   quality: 23
07-06 02:00:07.233 30438 30911 W Summariser:   speed: medium
07-06 02:00:07.233 30438 30911 W Summariser:   freeze duration: 1.00
07-06 02:00:07.236 30438 30911 V ProcessingVideosEventHandler: onRemove
07-06 02:00:07.268 30438 30438 V NearbyFragment: Transfer to Endpoint{id=njPJ, name=Galaxy S8 [2802]} complete
07-06 02:00:07.292 30438 30450 D SummariserIntentService: Scanned /storage/emulated/0/Movies/summarised
07-06 02:00:07.292 30438 30450 D SummariserIntentService:   -> uri=content://media/external/file/8207
07-06 02:00:15.473 30438 30438 D NearbyFragment: onPayloadReceived(endpointId=njPJ, payload=com.google.android.gms.nearby.connection.Payload@32521c)
07-06 02:00:15.477 30438 30438 V NearbyFragment: Started downloading SUMMARISE_SEGMENT:-5363567652723982474:20200312_193628!000.mp4:45.0_1.0_23_medium from Endpoint{id=njPJ, name=Galaxy S8 [2802]}
07-06 02:00:15.554 30438 30438 D NearbyFragment: onPayloadReceived(endpointId=njPJ, payload=com.google.android.gms.nearby.connection.Payload@819ae25)
07-06 02:00:15.557 30438 30438 V NearbyFragment: Transfer to Endpoint{id=njPJ, name=Galaxy S8 [2802]} complete
07-06 02:00:20.355 30438 30438 V NearbyFragment: Transfer to Endpoint{id=njPJ, name=Galaxy S8 [2802]} complete
07-06 02:00:20.356 30438 30438 W NearbyFragment: Completed downloading 20200312_193628!000.mp4 from Endpoint{id=njPJ, name=Galaxy S8 [2802]} in 04.876s
07-06 02:00:20.363 30438 30438 V FileManager: External storage is readable
07-06 02:00:20.364 30438 30438 V FileManager: Created new directory: /storage/emulated/0/Movies/segment-sum/20200312_193628
07-06 02:00:20.365 30438 30438 D NearbyFragment: Summarising 20200312_193628!000.mp4
07-06 02:00:20.366 30438 30438 V VideoManager: Retrieving video from /storage/emulated/0/Download/Nearby/20200312_193628!000.mp4
07-06 02:00:20.372 30438 30438 V VideoManager: videoFromCursor
07-06 02:00:20.375 30438 30438 V ProcessingVideosEventHandler: onAdd
07-06 02:00:20.375 30438 30438 V RawFootageEventHandler: onRemove
07-06 02:00:20.380 30438 30438 V NearbyFragment: Transfer to Endpoint{id=njPJ, name=Galaxy S8 [2802]} complete
07-06 02:00:20.385 30438 30930 V SummariserIntentService: onHandleIntent
07-06 02:00:20.386 30438 30930 D SummariserIntentService: Video{id='8359', data='/storage/emulated/0/Download/Nearby/20200312_193628!000.mp4', name='20200312_193628!000.mp4', size=16939247, visible=true, mimeType='video/mp4'}
07-06 02:00:20.386 30438 30930 D SummariserIntentService: /storage/emulated/0/Movies/segment-sum/20200312_193628/20200312_193628!000.mp4
07-06 02:00:20.388 30438 30930 I FfmpegTools: Running ffmpeg with:
07-06 02:00:20.388 30438 30930 I FfmpegTools:   -y -i /storage/emulated/0/Download/Nearby/20200312_193628!000.mp4 -vf freezedetect=n=-45.000000dB:d=1.000000,metadata=mode=print:file=/storage/emulated/0/Movies/raw/20200312_193628!000.txt -f null -
07-06 02:00:20.509 30438 30671 W mobile-ffmpeg: [graph 0 input from stream 0:0 @ 0x7a0f768d40] sws_param option is deprecated and ignored
07-06 02:00:25.957 30438 30930 W Summariser: No activity detected
07-06 02:00:25.960 30438 30930 V FfmpegTools: Retrieving duration of /storage/emulated/0/Download/Nearby/20200312_193628!000.mp4
07-06 02:00:26.029 30438 30930 W Summariser: Summarisation completed
07-06 02:00:26.029 30438 30930 W Summariser:   filename: 20200312_193628!000.mp4
07-06 02:00:26.029 30438 30930 W Summariser:   active sections: 0
07-06 02:00:26.029 30438 30930 W Summariser:   time: 05.571s
07-06 02:00:26.029 30438 30930 W Summariser:   original duration: 16.07
07-06 02:00:26.029 30438 30930 W Summariser:   summarised duration: -1.00
07-06 02:00:26.029 30438 30930 W Summariser:   noise tolerance: 45.00
07-06 02:00:26.029 30438 30930 W Summariser:   quality: 23
07-06 02:00:26.029 30438 30930 W Summariser:   speed: medium
07-06 02:00:26.029 30438 30930 W Summariser:   freeze duration: 1.00
07-06 02:00:26.031 30438 30930 V ProcessingVideosEventHandler: onRemove
07-06 02:00:26.056 30438 30438 V NearbyFragment: Transfer to Endpoint{id=njPJ, name=Galaxy S8 [2802]} complete
07-06 02:00:26.085 30438 30451 D SummariserIntentService: Scanned /storage/emulated/0/Movies/summarised
07-06 02:00:26.085 30438 30451 D SummariserIntentService:   -> uri=content://media/external/file/8207
07-06 02:00:26.126 30438 30438 D NearbyFragment: onPayloadReceived(endpointId=njPJ, payload=com.google.android.gms.nearby.connection.Payload@4feb052)
07-06 02:00:26.128 30438 30438 V NearbyFragment: Started downloading SUMMARISE_SEGMENT:-7618341404299688907:20200312_193628!003.mp4:45.0_1.0_23_medium from Endpoint{id=njPJ, name=Galaxy S8 [2802]}
07-06 02:00:26.322 30438 30438 V NearbyFragment: Transfer to Endpoint{id=njPJ, name=Galaxy S8 [2802]} complete
07-06 02:00:29.623 30438 30438 D NearbyFragment: onPayloadReceived(endpointId=njPJ, payload=com.google.android.gms.nearby.connection.Payload@b963f23)
07-06 02:00:33.331 30438 30438 V NearbyFragment: Transfer to Endpoint{id=njPJ, name=Galaxy S8 [2802]} complete
07-06 02:00:33.332 30438 30438 W NearbyFragment: Completed downloading 20200312_193628!003.mp4 from Endpoint{id=njPJ, name=Galaxy S8 [2802]} in 07.203s
07-06 02:00:33.340 30438 30438 V FileManager: External storage is readable
07-06 02:00:33.341 30438 30438 V FileManager: Directory already exists: /storage/emulated/0/Movies/segment-sum/20200312_193628
07-06 02:00:33.342 30438 30438 D NearbyFragment: Summarising 20200312_193628!003.mp4
07-06 02:00:33.342 30438 30438 V VideoManager: Retrieving video from /storage/emulated/0/Download/Nearby/20200312_193628!003.mp4
07-06 02:00:33.351 30438 30438 V VideoManager: videoFromCursor
07-06 02:00:33.354 30438 30438 V ProcessingVideosEventHandler: onAdd
07-06 02:00:33.355 30438 30438 V RawFootageEventHandler: onRemove
07-06 02:00:33.360 30438 30438 V NearbyFragment: Transfer to Endpoint{id=njPJ, name=Galaxy S8 [2802]} complete
07-06 02:00:33.369 30438 30952 V SummariserIntentService: onHandleIntent
07-06 02:00:33.369 30438 30952 D SummariserIntentService: Video{id='8360', data='/storage/emulated/0/Download/Nearby/20200312_193628!003.mp4', name='20200312_193628!003.mp4', size=12749496, visible=true, mimeType='video/mp4'}
07-06 02:00:33.369 30438 30952 D SummariserIntentService: /storage/emulated/0/Movies/segment-sum/20200312_193628/20200312_193628!003.mp4
07-06 02:00:33.372 30438 30952 I FfmpegTools: Running ffmpeg with:
07-06 02:00:33.372 30438 30952 I FfmpegTools:   -y -i /storage/emulated/0/Download/Nearby/20200312_193628!003.mp4 -vf freezedetect=n=-45.000000dB:d=1.000000,metadata=mode=print:file=/storage/emulated/0/Movies/raw/20200312_193628!003.txt -f null -
07-06 02:00:33.478 30438 30671 W mobile-ffmpeg: [graph 0 input from stream 0:0 @ 0x7a0f768d40] sws_param option is deprecated and ignored
07-06 02:00:37.732 30438 30952 V FfmpegTools: Retrieving duration of /storage/emulated/0/Download/Nearby/20200312_193628!003.mp4
07-06 02:00:37.800 30438 30952 W Summariser: 1 active sections found
07-06 02:00:37.800 30438 30952 I FfmpegTools: Running ffmpeg with:
07-06 02:00:37.800 30438 30952 I FfmpegTools:   -y -i /storage/emulated/0/Download/Nearby/20200312_193628!003.mp4 -filter_complex [0:v]trim=5.938000:12.030000,setpts=PTS-STARTPTS[v0];[0:a]atrim=5.938000:12.030000,asetpts=PTS-STARTPTS[a0];[v0][a0]concat=n=1:v=1:a=1[outv][outa] -map [outv] -map [outa] -crf 23 -preset medium /storage/emulated/0/Movies/segment-sum/20200312_193628/20200312_193628!003.mp4
07-06 02:00:37.911 30438 30671 W mobile-ffmpeg: [graph 0 input from stream 0:0 @ 0x7a0f768c80] sws_param option is deprecated and ignored
07-06 02:01:04.153 30438 30952 V FfmpegTools: Retrieving duration of /storage/emulated/0/Download/Nearby/20200312_193628!003.mp4
07-06 02:01:04.227 30438 30952 V FfmpegTools: Retrieving duration of /storage/emulated/0/Movies/segment-sum/20200312_193628/20200312_193628!003.mp4
07-06 02:01:04.284 30438 30952 W Summariser: Summarisation completed
07-06 02:01:04.284 30438 30952 W Summariser:   filename: 20200312_193628!003.mp4
07-06 02:01:04.284 30438 30952 W Summariser:   active sections: 1
07-06 02:01:04.284 30438 30952 W Summariser:   time: 30.782s
07-06 02:01:04.284 30438 30952 W Summariser:   original duration: 12.03
07-06 02:01:04.284 30438 30952 W Summariser:   summarised duration: 6.16
07-06 02:01:04.284 30438 30952 W Summariser:   noise tolerance: 45.00
07-06 02:01:04.284 30438 30952 W Summariser:   quality: 23
07-06 02:01:04.284 30438 30952 W Summariser:   speed: medium
07-06 02:01:04.284 30438 30952 W Summariser:   freeze duration: 1.00
07-06 02:01:04.284 30438 30952 V VideoManager: Retrieving video from /storage/emulated/0/Movies/segment-sum/20200312_193628/20200312_193628!003.mp4
07-06 02:01:04.297 30438 30952 V VideoManager: videoFromCursor
07-06 02:01:04.304 30438 30952 W NearbyFragment: Sending 20200312_193628!003.mp4 to Galaxy S8 [2802]
07-06 02:01:04.309 30438 30952 V ProcessingVideosEventHandler: onRemove
07-06 02:01:04.333 30438 30438 V NearbyFragment: Transfer to Endpoint{id=njPJ, name=Galaxy S8 [2802]} complete
07-06 02:01:04.370 30438 30451 D SummariserIntentService: Scanned /storage/emulated/0/Movies/summarised
07-06 02:01:04.370 30438 30451 D SummariserIntentService:   -> uri=content://media/external/file/8207
07-06 02:01:04.385 30438 30438 V NearbyFragment: Transfer to Endpoint{id=njPJ, name=Galaxy S8 [2802]} complete
07-06 02:01:23.972 30438 30438 D NearbyFragment: onPayloadReceived(endpointId=njPJ, payload=com.google.android.gms.nearby.connection.Payload@4451b11)
07-06 02:01:23.974 30438 30438 V NearbyFragment: Started downloading SUMMARISE_SEGMENT:-5540116004323061455:20200312_193828!000.mp4:45.0_1.0_23_medium from Endpoint{id=njPJ, name=Galaxy S8 [2802]}
07-06 02:01:23.975 30438 30438 V NearbyFragment: Transfer to Endpoint{id=njPJ, name=Galaxy S8 [2802]} complete
07-06 02:01:24.001 30438 30438 D NearbyFragment: onPayloadReceived(endpointId=njPJ, payload=com.google.android.gms.nearby.connection.Payload@fd1e476)
07-06 02:01:27.611 30438 30438 V NearbyFragment: Transfer to Endpoint{id=njPJ, name=Galaxy S8 [2802]} complete
07-06 02:01:27.613 30438 30438 W NearbyFragment: Completed downloading 20200312_193828!000.mp4 from Endpoint{id=njPJ, name=Galaxy S8 [2802]} in 03.637s
07-06 02:01:27.620 30438 30443 I zygote64: Do partial code cache collection, code=250KB, data=155KB
07-06 02:01:27.620 30438 30443 I zygote64: After code cache collection, code=250KB, data=155KB
07-06 02:01:27.621 30438 30443 I zygote64: Increasing code cache capacity to 1024KB
07-06 02:01:27.625 30438 30438 V FileManager: External storage is readable
07-06 02:01:27.627 30438 30438 V FileManager: Created new directory: /storage/emulated/0/Movies/segment-sum/20200312_193828
07-06 02:01:27.628 30438 30438 D NearbyFragment: Summarising 20200312_193828!000.mp4
07-06 02:01:27.628 30438 30438 V VideoManager: Retrieving video from /storage/emulated/0/Download/Nearby/20200312_193828!000.mp4
07-06 02:01:27.639 30438 30438 V VideoManager: videoFromCursor
07-06 02:01:27.642 30438 30438 V ProcessingVideosEventHandler: onAdd
07-06 02:01:27.642 30438 30438 V RawFootageEventHandler: onRemove
07-06 02:01:27.647 30438 30438 V NearbyFragment: Transfer to Endpoint{id=njPJ, name=Galaxy S8 [2802]} complete
07-06 02:01:27.654 30438 31004 V SummariserIntentService: onHandleIntent
07-06 02:01:27.655 30438 31004 D SummariserIntentService: Video{id='8363', data='/storage/emulated/0/Download/Nearby/20200312_193828!000.mp4', name='20200312_193828!000.mp4', size=16933030, visible=true, mimeType='video/mp4'}
07-06 02:01:27.655 30438 31004 D SummariserIntentService: /storage/emulated/0/Movies/segment-sum/20200312_193828/20200312_193828!000.mp4
07-06 02:01:27.658 30438 31004 I FfmpegTools: Running ffmpeg with:
07-06 02:01:27.658 30438 31004 I FfmpegTools:   -y -i /storage/emulated/0/Download/Nearby/20200312_193828!000.mp4 -vf freezedetect=n=-45.000000dB:d=1.000000,metadata=mode=print:file=/storage/emulated/0/Movies/raw/20200312_193828!000.txt -f null -
07-06 02:01:27.817 30438 30671 W mobile-ffmpeg: [graph 0 input from stream 0:0 @ 0x7a0f768d40] sws_param option is deprecated and ignored
07-06 02:01:33.440 30438 31004 W Summariser: 1 active sections found
07-06 02:01:33.441 30438 31004 I FfmpegTools: Running ffmpeg with:
07-06 02:01:33.441 30438 31004 I FfmpegTools:   -y -i /storage/emulated/0/Download/Nearby/20200312_193828!000.mp4 -filter_complex [0:v]trim=0.000000:14.212000,setpts=PTS-STARTPTS[v0];[0:a]atrim=0.000000:14.212000,asetpts=PTS-STARTPTS[a0];[v0][a0]concat=n=1:v=1:a=1[outv][outa] -map [outv] -map [outa] -crf 23 -preset medium /storage/emulated/0/Movies/segment-sum/20200312_193828/20200312_193828!000.mp4
07-06 02:01:33.551 30438 30671 W mobile-ffmpeg: [graph 0 input from stream 0:0 @ 0x7a0f768c80] sws_param option is deprecated and ignored
07-06 02:02:26.067 30438 31004 V FfmpegTools: Retrieving duration of /storage/emulated/0/Download/Nearby/20200312_193828!000.mp4
07-06 02:02:26.136 30438 31004 V FfmpegTools: Retrieving duration of /storage/emulated/0/Movies/segment-sum/20200312_193828/20200312_193828!000.mp4
07-06 02:02:26.198 30438 31004 W Summariser: Summarisation completed
07-06 02:02:26.198 30438 31004 W Summariser:   filename: 20200312_193828!000.mp4
07-06 02:02:26.198 30438 31004 W Summariser:   active sections: 1
07-06 02:02:26.198 30438 31004 W Summariser:   time: 58.410s
07-06 02:02:26.198 30438 31004 W Summariser:   original duration: 16.06
07-06 02:02:26.198 30438 31004 W Summariser:   summarised duration: 14.28
07-06 02:02:26.198 30438 31004 W Summariser:   noise tolerance: 45.00
07-06 02:02:26.198 30438 31004 W Summariser:   quality: 23
07-06 02:02:26.198 30438 31004 W Summariser:   speed: medium
07-06 02:02:26.198 30438 31004 W Summariser:   freeze duration: 1.00
07-06 02:02:26.199 30438 31004 V VideoManager: Retrieving video from /storage/emulated/0/Movies/segment-sum/20200312_193828/20200312_193828!000.mp4
07-06 02:02:26.220 30438 31004 V VideoManager: videoFromCursor
07-06 02:02:26.226 30438 31004 W NearbyFragment: Sending 20200312_193828!000.mp4 to Galaxy S8 [2802]
07-06 02:02:26.230 30438 31004 V ProcessingVideosEventHandler: onRemove
07-06 02:02:26.251 30438 30438 V NearbyFragment: Transfer to Endpoint{id=njPJ, name=Galaxy S8 [2802]} complete
07-06 02:02:26.294 30438 30451 D SummariserIntentService: Scanned /storage/emulated/0/Movies/summarised
07-06 02:02:26.294 30438 30451 D SummariserIntentService:   -> uri=content://media/external/file/8207
07-06 02:02:26.396 30438 30438 V NearbyFragment: Transfer to Endpoint{id=njPJ, name=Galaxy S8 [2802]} complete
07-06 02:02:26.558 30438 30438 D NearbyFragment: onPayloadReceived(endpointId=njPJ, payload=com.google.android.gms.nearby.connection.Payload@f90e7c)
07-06 02:02:26.560 30438 30438 V NearbyFragment: Started downloading SUMMARISE_SEGMENT:-7607311705601177739:20200312_194129!002.mp4:45.0_1.0_23_medium from Endpoint{id=njPJ, name=Galaxy S8 [2802]}
07-06 02:02:26.697 30438 30438 V NearbyFragment: Transfer to Endpoint{id=njPJ, name=Galaxy S8 [2802]} complete
07-06 02:02:27.222 30438 30438 D NearbyFragment: onPayloadReceived(endpointId=njPJ, payload=com.google.android.gms.nearby.connection.Payload@c5d2305)
07-06 02:02:32.447 30438 30438 V NearbyFragment: Transfer to Endpoint{id=njPJ, name=Galaxy S8 [2802]} complete
07-06 02:02:32.448 30438 30438 W NearbyFragment: Completed downloading 20200312_194129!002.mp4 from Endpoint{id=njPJ, name=Galaxy S8 [2802]} in 05.887s
07-06 02:02:32.454 30438 30438 V FileManager: External storage is readable
07-06 02:02:32.455 30438 30438 V FileManager: Created new directory: /storage/emulated/0/Movies/segment-sum/20200312_194129
07-06 02:02:32.456 30438 30438 D NearbyFragment: Summarising 20200312_194129!002.mp4
07-06 02:02:32.456 30438 30438 V VideoManager: Retrieving video from /storage/emulated/0/Download/Nearby/20200312_194129!002.mp4
07-06 02:02:32.466 30438 30438 V VideoManager: videoFromCursor
07-06 02:02:32.469 30438 30438 V ProcessingVideosEventHandler: onAdd
07-06 02:02:32.470 30438 30438 V RawFootageEventHandler: onRemove
07-06 02:02:32.474 30438 30438 V NearbyFragment: Transfer to Endpoint{id=njPJ, name=Galaxy S8 [2802]} complete
07-06 02:02:32.481 30438 31055 V SummariserIntentService: onHandleIntent
07-06 02:02:32.482 30438 31055 D SummariserIntentService: Video{id='8307', data='/storage/emulated/0/Download/Nearby/20200312_194129!002.mp4', name='20200312_194129!002.mp4', size=16799769, visible=true, mimeType='video/mp4'}
07-06 02:02:32.482 30438 31055 D SummariserIntentService: /storage/emulated/0/Movies/segment-sum/20200312_194129/20200312_194129!002.mp4
07-06 02:02:32.484 30438 31055 I FfmpegTools: Running ffmpeg with:
07-06 02:02:32.484 30438 31055 I FfmpegTools:   -y -i /storage/emulated/0/Download/Nearby/20200312_194129!002.mp4 -vf freezedetect=n=-45.000000dB:d=1.000000,metadata=mode=print:file=/storage/emulated/0/Movies/raw/20200312_194129!002.txt -f null -
07-06 02:02:32.723 30438 30671 W mobile-ffmpeg: [graph 0 input from stream 0:0 @ 0x7a0f768d40] sws_param option is deprecated and ignored
07-06 02:02:38.293 30438 31055 W Summariser: 1 active sections found
07-06 02:02:38.293 30438 31055 I FfmpegTools: Running ffmpeg with:
07-06 02:02:38.293 30438 31055 I FfmpegTools:   -y -i /storage/emulated/0/Download/Nearby/20200312_194129!002.mp4 -filter_complex [0:v]trim=0.000000:7.339000,setpts=PTS-STARTPTS[v0];[0:a]atrim=0.000000:7.339000,asetpts=PTS-STARTPTS[a0];[v0][a0]concat=n=1:v=1:a=1[outv][outa] -map [outv] -map [outa] -crf 23 -preset medium /storage/emulated/0/Movies/segment-sum/20200312_194129/20200312_194129!002.mp4
07-06 02:02:38.460 30438 30671 W mobile-ffmpeg: [graph 0 input from stream 0:0 @ 0x7a0f768c80] sws_param option is deprecated and ignored
07-06 02:03:04.080 30438 31055 V FfmpegTools: Retrieving duration of /storage/emulated/0/Download/Nearby/20200312_194129!002.mp4
07-06 02:03:04.194 30438 31055 V FfmpegTools: Retrieving duration of /storage/emulated/0/Movies/segment-sum/20200312_194129/20200312_194129!002.mp4
07-06 02:03:04.251 30438 31055 W Summariser: Summarisation completed
07-06 02:03:04.251 30438 31055 W Summariser:   filename: 20200312_194129!002.mp4
07-06 02:03:04.251 30438 31055 W Summariser:   active sections: 1
07-06 02:03:04.251 30438 31055 W Summariser:   time: 31.597s
07-06 02:03:04.251 30438 31055 W Summariser:   original duration: 16.01
07-06 02:03:04.251 30438 31055 W Summariser:   summarised duration: 7.37
07-06 02:03:04.251 30438 31055 W Summariser:   noise tolerance: 45.00
07-06 02:03:04.251 30438 31055 W Summariser:   quality: 23
07-06 02:03:04.251 30438 31055 W Summariser:   speed: medium
07-06 02:03:04.251 30438 31055 W Summariser:   freeze duration: 1.00
07-06 02:03:04.251 30438 31055 V VideoManager: Retrieving video from /storage/emulated/0/Movies/segment-sum/20200312_194129/20200312_194129!002.mp4
07-06 02:03:04.263 30438 31055 V VideoManager: videoFromCursor
07-06 02:03:04.270 30438 31055 W NearbyFragment: Sending 20200312_194129!002.mp4 to Galaxy S8 [2802]
07-06 02:03:04.274 30438 31055 V ProcessingVideosEventHandler: onRemove
07-06 02:03:04.305 30438 30438 V NearbyFragment: Transfer to Endpoint{id=njPJ, name=Galaxy S8 [2802]} complete
07-06 02:03:04.335 30438 30468 D SummariserIntentService: Scanned /storage/emulated/0/Movies/summarised
07-06 02:03:04.335 30438 30468 D SummariserIntentService:   -> uri=content://media/external/file/8207
07-06 02:03:04.344 30438 30438 V NearbyFragment: Transfer to Endpoint{id=njPJ, name=Galaxy S8 [2802]} complete
07-06 02:03:04.432 30438 30438 D NearbyFragment: onPayloadReceived(endpointId=njPJ, payload=com.google.android.gms.nearby.connection.Payload@11a0b03)
07-06 02:03:04.432 30438 30438 V NearbyFragment: Started downloading SUMMARISE_SEGMENT:-4933010309543049601:20200312_194229!003.mp4:45.0_1.0_23_medium from Endpoint{id=njPJ, name=Galaxy S8 [2802]}
07-06 02:03:04.539 30438 30438 D NearbyFragment: onPayloadReceived(endpointId=njPJ, payload=com.google.android.gms.nearby.connection.Payload@ec3ca80)
07-06 02:03:04.727 30438 30438 V NearbyFragment: Transfer to Endpoint{id=njPJ, name=Galaxy S8 [2802]} complete
07-06 02:03:08.315 30438 30438 V NearbyFragment: Transfer to Endpoint{id=njPJ, name=Galaxy S8 [2802]} complete
07-06 02:03:08.317 30438 30438 W NearbyFragment: Completed downloading 20200312_194229!003.mp4 from Endpoint{id=njPJ, name=Galaxy S8 [2802]} in 03.882s
07-06 02:03:08.331 30438 30438 V FileManager: External storage is readable
07-06 02:03:08.332 30438 30438 V FileManager: Created new directory: /storage/emulated/0/Movies/segment-sum/20200312_194229
07-06 02:03:08.333 30438 30438 D NearbyFragment: Summarising 20200312_194229!003.mp4
07-06 02:03:08.334 30438 30438 V VideoManager: Retrieving video from /storage/emulated/0/Download/Nearby/20200312_194229!003.mp4
07-06 02:03:08.344 30438 30438 V VideoManager: videoFromCursor
07-06 02:03:08.346 30438 30438 V ProcessingVideosEventHandler: onAdd
07-06 02:03:08.347 30438 30438 V RawFootageEventHandler: onRemove
07-06 02:03:08.352 30438 30438 V NearbyFragment: Transfer to Endpoint{id=njPJ, name=Galaxy S8 [2802]} complete
07-06 02:03:08.359 30438 31105 V SummariserIntentService: onHandleIntent
07-06 02:03:08.360 30438 31105 D SummariserIntentService: Video{id='8311', data='/storage/emulated/0/Download/Nearby/20200312_194229!003.mp4', name='20200312_194229!003.mp4', size=12720702, visible=true, mimeType='video/mp4'}
07-06 02:03:08.360 30438 31105 D SummariserIntentService: /storage/emulated/0/Movies/segment-sum/20200312_194229/20200312_194229!003.mp4
07-06 02:03:08.362 30438 31105 I FfmpegTools: Running ffmpeg with:
07-06 02:03:08.362 30438 31105 I FfmpegTools:   -y -i /storage/emulated/0/Download/Nearby/20200312_194229!003.mp4 -vf freezedetect=n=-45.000000dB:d=1.000000,metadata=mode=print:file=/storage/emulated/0/Movies/raw/20200312_194229!003.txt -f null -
07-06 02:03:08.467 30438 30671 W mobile-ffmpeg: [graph 0 input from stream 0:0 @ 0x7a0f768d40] sws_param option is deprecated and ignored
07-06 02:03:12.629 30438 31105 W Summariser: No activity detected
07-06 02:03:12.631 30438 31105 V FfmpegTools: Retrieving duration of /storage/emulated/0/Download/Nearby/20200312_194229!003.mp4
07-06 02:03:12.700 30438 31105 W Summariser: Summarisation completed
07-06 02:03:12.700 30438 31105 W Summariser:   filename: 20200312_194229!003.mp4
07-06 02:03:12.700 30438 31105 W Summariser:   active sections: 0
07-06 02:03:12.700 30438 31105 W Summariser:   time: 04.269s
07-06 02:03:12.700 30438 31105 W Summariser:   original duration: 11.98
07-06 02:03:12.700 30438 31105 W Summariser:   summarised duration: -1.00
07-06 02:03:12.700 30438 31105 W Summariser:   noise tolerance: 45.00
07-06 02:03:12.700 30438 31105 W Summariser:   quality: 23
07-06 02:03:12.700 30438 31105 W Summariser:   speed: medium
07-06 02:03:12.700 30438 31105 W Summariser:   freeze duration: 1.00
07-06 02:03:12.703 30438 31105 V ProcessingVideosEventHandler: onRemove
07-06 02:03:12.731 30438 30438 V NearbyFragment: Transfer to Endpoint{id=njPJ, name=Galaxy S8 [2802]} complete
07-06 02:03:12.758 30438 30468 D SummariserIntentService: Scanned /storage/emulated/0/Movies/summarised
07-06 02:03:12.758 30438 30468 D SummariserIntentService:   -> uri=content://media/external/file/8207
07-06 02:03:12.843 30438 30438 D NearbyFragment: onPayloadReceived(endpointId=njPJ, payload=com.google.android.gms.nearby.connection.Payload@92975f1)
07-06 02:03:12.844 30438 30438 V NearbyFragment: Started downloading SUMMARISE_SEGMENT:-7728113991176452878:20200312_194330!001.mp4:45.0_1.0_23_medium from Endpoint{id=njPJ, name=Galaxy S8 [2802]}
07-06 02:03:12.919 30438 30438 V NearbyFragment: Transfer to Endpoint{id=njPJ, name=Galaxy S8 [2802]} complete
07-06 02:03:13.278 30438 30438 D NearbyFragment: onPayloadReceived(endpointId=njPJ, payload=com.google.android.gms.nearby.connection.Payload@1fcd5d6)
07-06 02:03:17.871 30438 30438 V NearbyFragment: Transfer to Endpoint{id=njPJ, name=Galaxy S8 [2802]} complete
07-06 02:03:17.872 30438 30438 W NearbyFragment: Completed downloading 20200312_194330!001.mp4 from Endpoint{id=njPJ, name=Galaxy S8 [2802]} in 05.027s
07-06 02:03:17.882 30438 30438 V FileManager: External storage is readable
07-06 02:03:17.883 30438 30438 V FileManager: Created new directory: /storage/emulated/0/Movies/segment-sum/20200312_194330
07-06 02:03:17.884 30438 30438 D NearbyFragment: Summarising 20200312_194330!001.mp4
07-06 02:03:17.884 30438 30438 V VideoManager: Retrieving video from /storage/emulated/0/Download/Nearby/20200312_194330!001.mp4
07-06 02:03:17.897 30438 30438 V VideoManager: videoFromCursor
07-06 02:03:17.902 30438 30438 V ProcessingVideosEventHandler: onAdd
07-06 02:03:17.902 30438 30438 V RawFootageEventHandler: onRemove
07-06 02:03:17.908 30438 30438 V NearbyFragment: Transfer to Endpoint{id=njPJ, name=Galaxy S8 [2802]} complete
07-06 02:03:17.916 30438 31122 V SummariserIntentService: onHandleIntent
07-06 02:03:17.917 30438 31122 D SummariserIntentService: Video{id='8315', data='/storage/emulated/0/Download/Nearby/20200312_194330!001.mp4', name='20200312_194330!001.mp4', size=16898970, visible=true, mimeType='video/mp4'}
07-06 02:03:17.917 30438 31122 D SummariserIntentService: /storage/emulated/0/Movies/segment-sum/20200312_194330/20200312_194330!001.mp4
07-06 02:03:17.920 30438 31122 I FfmpegTools: Running ffmpeg with:
07-06 02:03:17.920 30438 31122 I FfmpegTools:   -y -i /storage/emulated/0/Download/Nearby/20200312_194330!001.mp4 -vf freezedetect=n=-45.000000dB:d=1.000000,metadata=mode=print:file=/storage/emulated/0/Movies/raw/20200312_194330!001.txt -f null -
07-06 02:03:18.068 30438 30671 W mobile-ffmpeg: [graph 0 input from stream 0:0 @ 0x7a0f768d40] sws_param option is deprecated and ignored
07-06 02:03:23.596 30438 31122 W Summariser: No activity detected
07-06 02:03:23.599 30438 31122 V FfmpegTools: Retrieving duration of /storage/emulated/0/Download/Nearby/20200312_194330!001.mp4
07-06 02:03:23.705 30438 31122 W Summariser: Summarisation completed
07-06 02:03:23.705 30438 31122 W Summariser:   filename: 20200312_194330!001.mp4
07-06 02:03:23.705 30438 31122 W Summariser:   active sections: 0
07-06 02:03:23.705 30438 31122 W Summariser:   time: 05.680s
07-06 02:03:23.705 30438 31122 W Summariser:   original duration: 16.01
07-06 02:03:23.705 30438 31122 W Summariser:   summarised duration: -1.00
07-06 02:03:23.705 30438 31122 W Summariser:   noise tolerance: 45.00
07-06 02:03:23.705 30438 31122 W Summariser:   quality: 23
07-06 02:03:23.705 30438 31122 W Summariser:   speed: medium
07-06 02:03:23.705 30438 31122 W Summariser:   freeze duration: 1.00
07-06 02:03:23.708 30438 31122 V ProcessingVideosEventHandler: onRemove
07-06 02:03:23.729 30438 30438 V NearbyFragment: Transfer to Endpoint{id=njPJ, name=Galaxy S8 [2802]} complete
07-06 02:03:23.759 30438 30451 D SummariserIntentService: Scanned /storage/emulated/0/Movies/summarised
07-06 02:03:23.759 30438 30451 D SummariserIntentService:   -> uri=content://media/external/file/8207
07-06 02:03:42.753 30438 30438 D NearbyFragment: onPayloadReceived(endpointId=njPJ, payload=com.google.android.gms.nearby.connection.Payload@6b5134f)
07-06 02:03:42.756 30438 30438 V NearbyFragment: Started downloading SUMMARISE_SEGMENT:-8507869761118180742:20200312_194730!001.mp4:45.0_1.0_23_medium from Endpoint{id=njPJ, name=Galaxy S8 [2802]}
07-06 02:03:42.764 30438 30438 V NearbyFragment: Transfer to Endpoint{id=njPJ, name=Galaxy S8 [2802]} complete
07-06 02:03:43.292 30438 30438 D NearbyFragment: onPayloadReceived(endpointId=njPJ, payload=com.google.android.gms.nearby.connection.Payload@5157adc)
07-06 02:03:48.325 30438 30438 V NearbyFragment: Transfer to Endpoint{id=njPJ, name=Galaxy S8 [2802]} complete
07-06 02:03:48.326 30438 30438 W NearbyFragment: Completed downloading 20200312_194730!001.mp4 from Endpoint{id=njPJ, name=Galaxy S8 [2802]} in 05.567s
07-06 02:03:48.617 30438 30438 V FileManager: External storage is readable
07-06 02:03:48.619 30438 30438 V FileManager: Created new directory: /storage/emulated/0/Movies/segment-sum/20200312_194730
07-06 02:03:48.620 30438 30438 D NearbyFragment: Summarising 20200312_194730!001.mp4
07-06 02:03:48.620 30438 30438 V VideoManager: Retrieving video from /storage/emulated/0/Download/Nearby/20200312_194730!001.mp4
07-06 02:03:48.632 30438 30438 V VideoManager: videoFromCursor
07-06 02:03:48.636 30438 30438 V ProcessingVideosEventHandler: onAdd
07-06 02:03:48.637 30438 30438 V RawFootageEventHandler: onRemove
07-06 02:03:48.643 30438 30438 V NearbyFragment: Transfer to Endpoint{id=njPJ, name=Galaxy S8 [2802]} complete
07-06 02:03:48.653 30438 31144 V SummariserIntentService: onHandleIntent
07-06 02:03:48.654 30438 31144 D SummariserIntentService: Video{id='8381', data='/storage/emulated/0/Download/Nearby/20200312_194730!001.mp4', name='20200312_194730!001.mp4', size=16934031, visible=true, mimeType='video/mp4'}
07-06 02:03:48.654 30438 31144 D SummariserIntentService: /storage/emulated/0/Movies/segment-sum/20200312_194730/20200312_194730!001.mp4
07-06 02:03:48.658 30438 31144 I FfmpegTools: Running ffmpeg with:
07-06 02:03:48.658 30438 31144 I FfmpegTools:   -y -i /storage/emulated/0/Download/Nearby/20200312_194730!001.mp4 -vf freezedetect=n=-45.000000dB:d=1.000000,metadata=mode=print:file=/storage/emulated/0/Movies/raw/20200312_194730!001.txt -f null -
07-06 02:03:48.804 30438 30671 W mobile-ffmpeg: [graph 0 input from stream 0:0 @ 0x7a0f768d40] sws_param option is deprecated and ignored
07-06 02:03:54.264 30438 31144 W Summariser: No activity detected
07-06 02:03:54.266 30438 31144 V FfmpegTools: Retrieving duration of /storage/emulated/0/Download/Nearby/20200312_194730!001.mp4
07-06 02:03:54.374 30438 31144 W Summariser: Summarisation completed
07-06 02:03:54.374 30438 31144 W Summariser:   filename: 20200312_194730!001.mp4
07-06 02:03:54.374 30438 31144 W Summariser:   active sections: 0
07-06 02:03:54.374 30438 31144 W Summariser:   time: 05.610s
07-06 02:03:54.374 30438 31144 W Summariser:   original duration: 16.02
07-06 02:03:54.374 30438 31144 W Summariser:   summarised duration: -1.00
07-06 02:03:54.374 30438 31144 W Summariser:   noise tolerance: 45.00
07-06 02:03:54.374 30438 31144 W Summariser:   quality: 23
07-06 02:03:54.374 30438 31144 W Summariser:   speed: medium
07-06 02:03:54.374 30438 31144 W Summariser:   freeze duration: 1.00
07-06 02:03:54.378 30438 31144 V ProcessingVideosEventHandler: onRemove
07-06 02:03:54.405 30438 30438 V NearbyFragment: Transfer to Endpoint{id=njPJ, name=Galaxy S8 [2802]} complete
07-06 02:03:54.435 30438 30468 D SummariserIntentService: Scanned /storage/emulated/0/Movies/summarised
07-06 02:03:54.435 30438 30468 D SummariserIntentService:   -> uri=content://media/external/file/8207
07-06 02:04:09.265 30438 30438 D NearbyFragment: onPayloadReceived(endpointId=njPJ, payload=com.google.android.gms.nearby.connection.Payload@27cce9d)
07-06 02:04:09.267 30438 30438 V NearbyFragment: Started downloading SUMMARISE_SEGMENT:-4858551812488733785:20200312_194830!000.mp4:45.0_1.0_23_medium from Endpoint{id=njPJ, name=Galaxy S8 [2802]}
07-06 02:04:09.315 30438 30438 D NearbyFragment: onPayloadReceived(endpointId=njPJ, payload=com.google.android.gms.nearby.connection.Payload@85ff12)
07-06 02:04:09.321 30438 30438 V NearbyFragment: Transfer to Endpoint{id=njPJ, name=Galaxy S8 [2802]} complete
07-06 02:04:15.406 30438 30438 V NearbyFragment: Transfer to Endpoint{id=njPJ, name=Galaxy S8 [2802]} complete
07-06 02:04:15.409 30438 30438 W NearbyFragment: Completed downloading 20200312_194830!000.mp4 from Endpoint{id=njPJ, name=Galaxy S8 [2802]} in 06.139s
07-06 02:04:15.426 30438 30438 V FileManager: External storage is readable
07-06 02:04:15.428 30438 30438 V FileManager: Created new directory: /storage/emulated/0/Movies/segment-sum/20200312_194830
07-06 02:04:15.429 30438 30438 D NearbyFragment: Summarising 20200312_194830!000.mp4
07-06 02:04:15.429 30438 30438 V VideoManager: Retrieving video from /storage/emulated/0/Download/Nearby/20200312_194830!000.mp4
07-06 02:04:15.443 30438 30438 V VideoManager: videoFromCursor
07-06 02:04:15.447 30438 30438 V ProcessingVideosEventHandler: onAdd
07-06 02:04:15.447 30438 30438 V RawFootageEventHandler: onRemove
07-06 02:04:15.455 30438 30438 V NearbyFragment: Transfer to Endpoint{id=njPJ, name=Galaxy S8 [2802]} complete
07-06 02:04:15.464 30438 31163 V SummariserIntentService: onHandleIntent
07-06 02:04:15.465 30438 31163 D SummariserIntentService: Video{id='8366', data='/storage/emulated/0/Download/Nearby/20200312_194830!000.mp4', name='20200312_194830!000.mp4', size=16910623, visible=true, mimeType='video/mp4'}
07-06 02:04:15.465 30438 31163 D SummariserIntentService: /storage/emulated/0/Movies/segment-sum/20200312_194830/20200312_194830!000.mp4
07-06 02:04:15.467 30438 31163 I FfmpegTools: Running ffmpeg with:
07-06 02:04:15.467 30438 31163 I FfmpegTools:   -y -i /storage/emulated/0/Download/Nearby/20200312_194830!000.mp4 -vf freezedetect=n=-45.000000dB:d=1.000000,metadata=mode=print:file=/storage/emulated/0/Movies/raw/20200312_194830!000.txt -f null -
07-06 02:04:15.581 30438 30671 W mobile-ffmpeg: [graph 0 input from stream 0:0 @ 0x7a0f768d40] sws_param option is deprecated and ignored
07-06 02:04:21.114 30438 31163 W Summariser: 1 active sections found
07-06 02:04:21.115 30438 31163 I FfmpegTools: Running ffmpeg with:
07-06 02:04:21.115 30438 31163 I FfmpegTools:   -y -i /storage/emulated/0/Download/Nearby/20200312_194830!000.mp4 -filter_complex [0:v]trim=6.839000:10.742000,setpts=PTS-STARTPTS[v0];[0:a]atrim=6.839000:10.742000,asetpts=PTS-STARTPTS[a0];[v0][a0]concat=n=1:v=1:a=1[outv][outa] -map [outv] -map [outa] -crf 23 -preset medium /storage/emulated/0/Movies/segment-sum/20200312_194830/20200312_194830!000.mp4
07-06 02:04:21.243 30438 30671 W mobile-ffmpeg: [graph 0 input from stream 0:0 @ 0x7a0f768c80] sws_param option is deprecated and ignored
07-06 02:04:39.910 30438 31163 V FfmpegTools: Retrieving duration of /storage/emulated/0/Download/Nearby/20200312_194830!000.mp4
07-06 02:04:39.983 30438 31163 V FfmpegTools: Retrieving duration of /storage/emulated/0/Movies/segment-sum/20200312_194830/20200312_194830!000.mp4
07-06 02:04:40.032 30438 31163 W Summariser: Summarisation completed
07-06 02:04:40.032 30438 31163 W Summariser:   filename: 20200312_194830!000.mp4
07-06 02:04:40.032 30438 31163 W Summariser:   active sections: 1
07-06 02:04:40.032 30438 31163 W Summariser:   time: 24.444s
07-06 02:04:40.032 30438 31163 W Summariser:   original duration: 16.06
07-06 02:04:40.032 30438 31163 W Summariser:   summarised duration: 3.97
07-06 02:04:40.032 30438 31163 W Summariser:   noise tolerance: 45.00
07-06 02:04:40.032 30438 31163 W Summariser:   quality: 23
07-06 02:04:40.032 30438 31163 W Summariser:   speed: medium
07-06 02:04:40.032 30438 31163 W Summariser:   freeze duration: 1.00
07-06 02:04:40.032 30438 31163 V VideoManager: Retrieving video from /storage/emulated/0/Movies/segment-sum/20200312_194830/20200312_194830!000.mp4
07-06 02:04:40.045 30438 31163 V VideoManager: videoFromCursor
07-06 02:04:40.052 30438 31163 W NearbyFragment: Sending 20200312_194830!000.mp4 to Galaxy S8 [2802]
07-06 02:04:40.056 30438 31163 V ProcessingVideosEventHandler: onRemove
07-06 02:04:40.085 30438 30438 V NearbyFragment: Transfer to Endpoint{id=njPJ, name=Galaxy S8 [2802]} complete
07-06 02:04:40.115 30438 30438 V NearbyFragment: Transfer to Endpoint{id=njPJ, name=Galaxy S8 [2802]} complete
07-06 02:04:40.120 30438 30450 D SummariserIntentService: Scanned /storage/emulated/0/Movies/summarised
07-06 02:04:40.120 30438 30450 D SummariserIntentService:   -> uri=content://media/external/file/8207
07-06 02:04:40.889 30438 30438 D NearbyFragment: onPayloadReceived(endpointId=njPJ, payload=com.google.android.gms.nearby.connection.Payload@3093f8)
07-06 02:04:40.896 30438 30438 V NearbyFragment: Started downloading SUMMARISE_SEGMENT:-7823495891457400192:20200312_194930!001.mp4:45.0_1.0_23_medium from Endpoint{id=njPJ, name=Galaxy S8 [2802]}
07-06 02:04:40.910 30438 30438 V NearbyFragment: Transfer to Endpoint{id=njPJ, name=Galaxy S8 [2802]} complete
07-06 02:04:40.953 30438 30438 D NearbyFragment: onPayloadReceived(endpointId=njPJ, payload=com.google.android.gms.nearby.connection.Payload@b94c0d1)
