07-06 01:59:19.967 25792 25792 V NearbyFragment: Transfer to Endpoint{id=4qxN, name=Nexus 5X [34d8]} complete
07-06 01:59:21.181 25792 25792 V NearbyFragment: Transfer to Endpoint{id=w2Lc, name=Nexus 5 [1825]} complete
07-06 01:59:21.182 25792 25792 W NearbyFragment: Completed downloading 20200312_150944!000.mp4 from Endpoint{id=w2Lc, name=Nexus 5 [1825]} in 02.526s
07-06 01:59:21.191 25792 25792 V FileManager: External storage is readable
07-06 01:59:21.194 25792 25792 V FileManager: Created new directory: /storage/emulated/0/Movies/segment-sum/20200312_150944
07-06 01:59:21.260 25792 25792 D NearbyFragment: Received all summarised video segments of 20200312_150944
07-06 01:59:21.266 25792 25792 V FileManager: External storage is readable
07-06 01:59:21.266 25792 25792 V FileManager: Directory already exists: /storage/emulated/0/Movies/segment-sum/20200312_150944
07-06 01:59:21.267 25792 25792 D FfmpegTools: Merging /storage/emulated/0/Movies/summarised/20200312_150944.mp4
07-06 01:59:21.267 25792 25792 V FfmpegTools: Retrieving duration of /storage/emulated/0/Movies/segment-sum/20200312_150944/20200312_150944!000.mp4
07-06 01:59:21.307 25792 25792 W FfmpegTools: Single segment returned, duration of 20200312_150944: 7.07
07-06 01:59:21.397 25792 25792 V VideoManager: Retrieving video from /storage/emulated/0/Movies/summarised/20200312_150944.mp4
07-06 01:59:21.412 25792 25792 V VideoManager: videoFromCursor
07-06 01:59:21.419 25792 25792 V SummarisedVideosEventHandler: onAdd
07-06 01:59:21.419 25792 25792 V RawFootageEventHandler: removeByName
07-06 01:59:21.420 25792 25792 V ProcessingVideosEventHandler: removeByName
07-06 01:59:21.420 25792 25792 V NearbyFragment: Removing video segment map for 20200312_150944
07-06 01:59:24.290 25792 25792 V NearbyFragment: Transfer to Endpoint{id=w2Lc, name=Nexus 5 [1825]} complete
07-06 01:59:24.717 25792 25792 D NearbyFragment: onPayloadReceived(endpointId=4qxN, payload=com.google.android.gms.nearby.connection.Payload@be05b30)
07-06 01:59:24.718 25792 25792 D NearbyFragment: 20200312_151044!000.mp4 from Endpoint{id=4qxN, name=Nexus 5X [34d8]} contained no activity
07-06 01:59:24.719 25792 25792 V NearbyFragment: Received a segment of 20200312_151044
07-06 01:59:24.720 25792 25792 V NearbyFragment: nextTransfer with selected algorithm: best_or_local
07-06 01:59:24.723 25792 25792 W NearbyFragment: Sending 20200312_151044!003.mp4 to Nexus 5X [34d8]
07-06 01:59:24.741 25792 25792 V NearbyFragment: Transfer to Endpoint{id=4qxN, name=Nexus 5X [34d8]} complete
07-06 01:59:24.763 25792 25792 V NearbyFragment: Transfer to Endpoint{id=4qxN, name=Nexus 5X [34d8]} complete
07-06 01:59:24.865 25792 25792 D NearbyFragment: onPayloadReceived(endpointId=w2Lc, payload=com.google.android.gms.nearby.connection.Payload@60be0cf)
07-06 01:59:24.866 25792 25792 D NearbyFragment: Endpoint{id=w2Lc, name=Nexus 5 [1825]} has finished downloading 20200312_151044!001.mp4
07-06 01:59:24.867 25792 25792 I NearbyFragment: Transfer queue is empty
07-06 01:59:25.189 25792 25792 V NearbyFragment: Transfer to Endpoint{id=w2Lc, name=Nexus 5 [1825]} complete
07-06 01:59:27.804 25792 25792 V NearbyFragment: Transfer to Endpoint{id=jKhx, name=Nexus 5X [9c8f]} complete
07-06 01:59:28.066 25792 25792 D NearbyFragment: onPayloadReceived(endpointId=jKhx, payload=com.google.android.gms.nearby.connection.Payload@a7fa5c)
07-06 01:59:28.066 25792 25792 D NearbyFragment: Endpoint{id=jKhx, name=Nexus 5X [9c8f]} has finished downloading 20200312_151044!002.mp4
07-06 01:59:28.067 25792 25792 I NearbyFragment: Transfer queue is empty
07-06 01:59:28.346 25792 25792 V NearbyFragment: Transfer to Endpoint{id=jKhx, name=Nexus 5X [9c8f]} complete
07-06 01:59:31.347 25792 25792 D NearbyFragment: onPayloadReceived(endpointId=jKhx, payload=com.google.android.gms.nearby.connection.Payload@4f5d165)
07-06 01:59:31.349 25792 25792 D NearbyFragment: 20200312_151044!002.mp4 from Endpoint{id=jKhx, name=Nexus 5X [9c8f]} contained no activity
07-06 01:59:31.349 25792 25792 V NearbyFragment: Received a segment of 20200312_151044
07-06 01:59:31.350 25792 25792 I NearbyFragment: Transfer queue is empty
07-06 01:59:31.446 25792 25792 V NearbyFragment: Transfer to Endpoint{id=jKhx, name=Nexus 5X [9c8f]} complete
07-06 01:59:31.957 25792 25792 V NearbyFragment: Transfer to Endpoint{id=4qxN, name=Nexus 5X [34d8]} complete
07-06 01:59:32.860 25792 25792 D NearbyFragment: onPayloadReceived(endpointId=4qxN, payload=com.google.android.gms.nearby.connection.Payload@b951e3a)
07-06 01:59:32.861 25792 25792 D NearbyFragment: Endpoint{id=4qxN, name=Nexus 5X [34d8]} has finished downloading 20200312_151044!003.mp4
07-06 01:59:32.862 25792 25792 I NearbyFragment: Transfer queue is empty
07-06 01:59:33.037 25792 25792 D NearbyFragment: onPayloadReceived(endpointId=w2Lc, payload=com.google.android.gms.nearby.connection.Payload@88fbaeb)
07-06 01:59:33.038 25792 25792 D NearbyFragment: 20200312_151044!001.mp4 from Endpoint{id=w2Lc, name=Nexus 5 [1825]} contained no activity
07-06 01:59:33.038 25792 25792 V NearbyFragment: Received a segment of 20200312_151044
07-06 01:59:33.039 25792 25792 I NearbyFragment: Transfer queue is empty
07-06 01:59:33.039 25792 25792 V NearbyFragment: Transfer to Endpoint{id=4qxN, name=Nexus 5X [34d8]} complete
07-06 01:59:33.053 25792 25792 V NearbyFragment: Transfer to Endpoint{id=w2Lc, name=Nexus 5 [1825]} complete
07-06 01:59:37.283 25792 25792 D NearbyFragment: onPayloadReceived(endpointId=4qxN, payload=com.google.android.gms.nearby.connection.Payload@ce86048)
07-06 01:59:37.285 25792 25792 D NearbyFragment: 20200312_151044!003.mp4 from Endpoint{id=4qxN, name=Nexus 5X [34d8]} contained no activity
07-06 01:59:37.286 25792 25792 D NearbyFragment: Received all summarised video segments of 20200312_151044
07-06 01:59:37.294 25792 25792 V FileManager: External storage is readable
07-06 01:59:37.298 25792 25792 V FileManager: Created new directory: /storage/emulated/0/Movies/segment-sum/20200312_151044
07-06 01:59:37.301 25792 25792 D FfmpegTools: Merging /storage/emulated/0/Movies/summarised/20200312_151044.mp4
07-06 01:59:37.302 25792 25792 D FfmpegTools: No split videos to merge
07-06 01:59:37.302 25792 25792 V RawFootageEventHandler: removeByName
07-06 01:59:37.304 25792 25792 V ProcessingVideosEventHandler: removeByName
07-06 01:59:37.306 25792 25792 V NearbyFragment: Removing video segment map for 20200312_151044
07-06 01:59:37.307 25792 25792 I NearbyFragment: Transfer queue is empty
07-06 01:59:37.308 25792 25792 V NearbyFragment: Transfer to Endpoint{id=4qxN, name=Nexus 5X [34d8]} complete
07-06 01:59:46.203 25792 26182 V VideoManager: Retrieving video from /storage/emulated/0/Movies/raw/20200312_193528.mp4
07-06 01:59:46.225 25792 26182 D VideoManager: videoCursor is null
07-06 01:59:46.305 25792 26182 V VideoManager: videoFromCursor
07-06 01:59:46.310 25792 26182 W DashDownloadManager: Successfully downloaded 20200312_193528.mp4 in 28.973s
07-06 01:59:46.311 25792 26182 V DownloadTestVideosTask: Entering callback for download completion of 20200312_193528.mp4
07-06 01:59:46.311 25792 26182 V RawFootageEventHandler: onAdd
07-06 01:59:46.314 25792 26182 V FfmpegTools: Retrieving duration of /storage/emulated/0/Movies/raw/20200312_193528.mp4
07-06 01:59:46.322 25792 26208 W mobile-ffmpeg: [mov,mp4,m4a,3gp,3g2,mj2 @ 0x78e8b5ae00] Found duplicated MOOV Atom. Skipped it
07-06 01:59:46.396 25792 26182 V FileManager: External storage is readable
07-06 01:59:46.397 25792 26182 V FileManager: Created new directory: /storage/emulated/0/Movies/segment/20200312_193528
07-06 01:59:46.398 25792 26182 V FfmpegTools: Splitting /storage/emulated/0/Movies/raw/20200312_193528.mp4 with 16s long segments
07-06 01:59:46.398 25792 26182 I FfmpegTools: Running ffmpeg with:
07-06 01:59:46.398 25792 26182 I FfmpegTools:   -y -i /storage/emulated/0/Movies/raw/20200312_193528.mp4 -map 0 -c copy -f segment -reset_timestamps 1 -segment_time 16 /storage/emulated/0/Movies/segment/20200312_193528/20200312_193528!%03d.mp4
07-06 01:59:46.407 25792 26208 W mobile-ffmpeg: [mov,mp4,m4a,3gp,3g2,mj2 @ 0x78e8b5ae00] Found duplicated MOOV Atom. Skipped it
07-06 01:59:46.693 25792 26182 V FileManager: External storage is readable
07-06 01:59:46.693 25792 26182 V FileManager: Directory already exists: /storage/emulated/0/Movies/segment/20200312_193528
07-06 01:59:46.694 25792 26182 V VideoManager: Retrieving videos from /storage/emulated/0/Movies/segment/20200312_193528
07-06 01:59:46.694 25792 26182 V VideoManager: Retrieving video from /storage/emulated/0/Movies/segment/20200312_193528/20200312_193528!000.mp4
07-06 01:59:46.703 25792 26182 V VideoManager: videoFromCursor
07-06 01:59:46.705 25792 26182 V VideoManager: Retrieving video from /storage/emulated/0/Movies/segment/20200312_193528/20200312_193528!001.mp4
07-06 01:59:46.713 25792 26182 V VideoManager: videoFromCursor
07-06 01:59:46.715 25792 26182 V VideoManager: Retrieving video from /storage/emulated/0/Movies/segment/20200312_193528/20200312_193528!002.mp4
07-06 01:59:46.722 25792 26182 V VideoManager: videoFromCursor
07-06 01:59:46.724 25792 26182 V VideoManager: Retrieving video from /storage/emulated/0/Movies/segment/20200312_193528/20200312_193528!003.mp4
07-06 01:59:46.731 25792 26182 V VideoManager: videoFromCursor
07-06 01:59:46.734 25792 26182 V NearbyFragment: nextTransfer with selected algorithm: best_or_local
07-06 01:59:46.735 25792 26182 W NearbyFragment: Sending 20200312_193528!000.mp4 to Nexus 5X [34d8]
07-06 01:59:46.744 25792 25792 V NearbyFragment: Transfer to Endpoint{id=4qxN, name=Nexus 5X [34d8]} complete
07-06 01:59:47.736 25792 26182 V DownloadTestVideosTask: Starting DownloadTestVideosTask
07-06 01:59:47.738 25792 26182 V DashDownloadManager: Started downloading: 20200312_193628.mp4
07-06 01:59:47.740 25792 26182 I System.out: (HTTPLog)-Static: isSBSettingEnabled false
07-06 01:59:47.740 25792 26182 I System.out: (HTTPLog)-Static: isSBSettingEnabled false
07-06 01:59:47.756 25792 26182 I System.out: (HTTPLog)-Thread-3606-247282322: getTransferStream : ContentLength=69990400, method=GET, HTTPVersion=http/1.1
07-06 01:59:50.469 25792 25792 V NearbyFragment: Transfer to Endpoint{id=4qxN, name=Nexus 5X [34d8]} complete
07-06 01:59:51.147 25792 25792 D NearbyFragment: onPayloadReceived(endpointId=4qxN, payload=com.google.android.gms.nearby.connection.Payload@d569c63)
07-06 01:59:51.147 25792 25792 D NearbyFragment: Endpoint{id=4qxN, name=Nexus 5X [34d8]} has finished downloading 20200312_193528!000.mp4
07-06 01:59:51.148 25792 25792 V NearbyFragment: nextTransfer with selected algorithm: best_or_local
07-06 01:59:51.149 25792 25792 W NearbyFragment: Sending 20200312_193528!001.mp4 to Nexus 5 [1825]
07-06 01:59:51.157 25792 25792 V NearbyFragment: Transfer to Endpoint{id=w2Lc, name=Nexus 5 [1825]} complete
07-06 01:59:51.226 25792 25792 V NearbyFragment: Transfer to Endpoint{id=4qxN, name=Nexus 5X [34d8]} complete
07-06 01:59:55.093 25792 25792 V NearbyFragment: Transfer to Endpoint{id=w2Lc, name=Nexus 5 [1825]} complete
07-06 01:59:55.666 25792 25792 D NearbyFragment: onPayloadReceived(endpointId=w2Lc, payload=com.google.android.gms.nearby.connection.Payload@c706dde)
07-06 01:59:55.666 25792 25792 D NearbyFragment: Endpoint{id=w2Lc, name=Nexus 5 [1825]} has finished downloading 20200312_193528!001.mp4
07-06 01:59:55.667 25792 25792 V NearbyFragment: nextTransfer with selected algorithm: best_or_local
07-06 01:59:55.671 25792 25792 W NearbyFragment: Sending 20200312_193528!002.mp4 to Nexus 5X [9c8f]
07-06 01:59:55.692 25792 25792 V NearbyFragment: Transfer to Endpoint{id=jKhx, name=Nexus 5X [9c8f]} complete
07-06 01:59:55.714 25792 25792 V NearbyFragment: Transfer to Endpoint{id=w2Lc, name=Nexus 5 [1825]} complete
07-06 01:59:56.859 25792 25792 D NearbyFragment: onPayloadReceived(endpointId=4qxN, payload=com.google.android.gms.nearby.connection.Payload@896ddd5)
07-06 01:59:56.860 25792 25792 D NearbyFragment: 20200312_193528!000.mp4 from Endpoint{id=4qxN, name=Nexus 5X [34d8]} contained no activity
07-06 01:59:56.861 25792 25792 V NearbyFragment: Received a segment of 20200312_193528
07-06 01:59:56.863 25792 25792 V NearbyFragment: nextTransfer with selected algorithm: best_or_local
07-06 01:59:56.867 25792 25792 W NearbyFragment: Sending 20200312_193528!003.mp4 to Nexus 5X [34d8]
07-06 01:59:56.883 25792 25792 V NearbyFragment: Transfer to Endpoint{id=4qxN, name=Nexus 5X [34d8]} complete
07-06 01:59:57.152 25792 25792 V NearbyFragment: Transfer to Endpoint{id=4qxN, name=Nexus 5X [34d8]} complete
07-06 01:59:58.889 25792 25792 V NearbyFragment: Transfer to Endpoint{id=jKhx, name=Nexus 5X [9c8f]} complete
07-06 01:59:59.179 25792 25792 D NearbyFragment: onPayloadReceived(endpointId=jKhx, payload=com.google.android.gms.nearby.connection.Payload@5986b78)
07-06 01:59:59.181 25792 25792 D NearbyFragment: Endpoint{id=jKhx, name=Nexus 5X [9c8f]} has finished downloading 20200312_193528!002.mp4
07-06 01:59:59.182 25792 25792 I NearbyFragment: Transfer queue is empty
07-06 01:59:59.194 25792 25792 V NearbyFragment: Transfer to Endpoint{id=jKhx, name=Nexus 5X [9c8f]} complete
07-06 02:00:02.432 25792 25792 D NearbyFragment: onPayloadReceived(endpointId=jKhx, payload=com.google.android.gms.nearby.connection.Payload@9748251)
07-06 02:00:02.433 25792 25792 D NearbyFragment: 20200312_193528!002.mp4 from Endpoint{id=jKhx, name=Nexus 5X [9c8f]} contained no activity
07-06 02:00:02.434 25792 25792 V NearbyFragment: Received a segment of 20200312_193528
07-06 02:00:02.434 25792 25792 I NearbyFragment: Transfer queue is empty
07-06 02:00:02.761 25792 25792 V NearbyFragment: Transfer to Endpoint{id=jKhx, name=Nexus 5X [9c8f]} complete
07-06 02:00:03.003 25792 25792 D NearbyFragment: onPayloadReceived(endpointId=w2Lc, payload=com.google.android.gms.nearby.connection.Payload@1f65ab6)
07-06 02:00:03.003 25792 25792 D NearbyFragment: 20200312_193528!001.mp4 from Endpoint{id=w2Lc, name=Nexus 5 [1825]} contained no activity
07-06 02:00:03.004 25792 25792 V NearbyFragment: Received a segment of 20200312_193528
07-06 02:00:03.004 25792 25792 I NearbyFragment: Transfer queue is empty
07-06 02:00:03.032 25792 25792 V NearbyFragment: Transfer to Endpoint{id=w2Lc, name=Nexus 5 [1825]} complete
07-06 02:00:04.435 25792 25792 V NearbyFragment: Transfer to Endpoint{id=4qxN, name=Nexus 5X [34d8]} complete
07-06 02:00:04.701 25792 25792 D NearbyFragment: onPayloadReceived(endpointId=4qxN, payload=com.google.android.gms.nearby.connection.Payload@44c43b7)
07-06 02:00:04.702 25792 25792 D NearbyFragment: Endpoint{id=4qxN, name=Nexus 5X [34d8]} has finished downloading 20200312_193528!003.mp4
07-06 02:00:04.704 25792 25792 I NearbyFragment: Transfer queue is empty
07-06 02:00:04.753 25792 25792 V NearbyFragment: Transfer to Endpoint{id=4qxN, name=Nexus 5X [34d8]} complete
07-06 02:00:09.198 25792 25792 D NearbyFragment: onPayloadReceived(endpointId=4qxN, payload=com.google.android.gms.nearby.connection.Payload@7a4c724)
07-06 02:00:09.198 25792 25792 D NearbyFragment: 20200312_193528!003.mp4 from Endpoint{id=4qxN, name=Nexus 5X [34d8]} contained no activity
07-06 02:00:09.199 25792 25792 D NearbyFragment: Received all summarised video segments of 20200312_193528
07-06 02:00:09.207 25792 25792 V FileManager: External storage is readable
07-06 02:00:09.209 25792 25792 V FileManager: Created new directory: /storage/emulated/0/Movies/segment-sum/20200312_193528
07-06 02:00:09.211 25792 25792 D FfmpegTools: Merging /storage/emulated/0/Movies/summarised/20200312_193528.mp4
07-06 02:00:09.211 25792 25792 D FfmpegTools: No split videos to merge
07-06 02:00:09.211 25792 25792 V RawFootageEventHandler: removeByName
07-06 02:00:09.212 25792 25792 V ProcessingVideosEventHandler: removeByName
07-06 02:00:09.213 25792 25792 V NearbyFragment: Removing video segment map for 20200312_193528
07-06 02:00:09.213 25792 25792 I NearbyFragment: Transfer queue is empty
07-06 02:00:09.240 25792 25792 V NearbyFragment: Transfer to Endpoint{id=4qxN, name=Nexus 5X [34d8]} complete
07-06 02:00:16.707 25792 26182 V VideoManager: Retrieving video from /storage/emulated/0/Movies/raw/20200312_193628.mp4
07-06 02:00:16.731 25792 26182 D VideoManager: videoCursor is null
07-06 02:00:16.827 25792 26182 V VideoManager: videoFromCursor
07-06 02:00:16.831 25792 26182 W DashDownloadManager: Successfully downloaded 20200312_193628.mp4 in 28.968s
07-06 02:00:16.832 25792 26182 V DownloadTestVideosTask: Entering callback for download completion of 20200312_193628.mp4
07-06 02:00:16.833 25792 26182 V RawFootageEventHandler: onAdd
07-06 02:00:16.835 25792 26182 V FfmpegTools: Retrieving duration of /storage/emulated/0/Movies/raw/20200312_193628.mp4
07-06 02:00:16.842 25792 26208 W mobile-ffmpeg: [mov,mp4,m4a,3gp,3g2,mj2 @ 0x78e8b5ae00] Found duplicated MOOV Atom. Skipped it
07-06 02:00:16.927 25792 26182 V FileManager: External storage is readable
07-06 02:00:16.929 25792 26182 V FileManager: Created new directory: /storage/emulated/0/Movies/segment/20200312_193628
07-06 02:00:16.929 25792 26182 V FfmpegTools: Splitting /storage/emulated/0/Movies/raw/20200312_193628.mp4 with 16s long segments
07-06 02:00:16.929 25792 26182 I FfmpegTools: Running ffmpeg with:
07-06 02:00:16.929 25792 26182 I FfmpegTools:   -y -i /storage/emulated/0/Movies/raw/20200312_193628.mp4 -map 0 -c copy -f segment -reset_timestamps 1 -segment_time 16 /storage/emulated/0/Movies/segment/20200312_193628/20200312_193628!%03d.mp4
07-06 02:00:16.938 25792 26208 W mobile-ffmpeg: [mov,mp4,m4a,3gp,3g2,mj2 @ 0x78e8b5ae00] Found duplicated MOOV Atom. Skipped it
07-06 02:00:17.230 25792 26182 V FileManager: External storage is readable
07-06 02:00:17.230 25792 26182 V FileManager: Directory already exists: /storage/emulated/0/Movies/segment/20200312_193628
07-06 02:00:17.230 25792 26182 V VideoManager: Retrieving videos from /storage/emulated/0/Movies/segment/20200312_193628
07-06 02:00:17.231 25792 26182 V VideoManager: Retrieving video from /storage/emulated/0/Movies/segment/20200312_193628/20200312_193628!000.mp4
07-06 02:00:17.251 25792 26182 V VideoManager: videoFromCursor
07-06 02:00:17.255 25792 26182 V VideoManager: Retrieving video from /storage/emulated/0/Movies/segment/20200312_193628/20200312_193628!001.mp4
07-06 02:00:17.266 25792 26182 V VideoManager: videoFromCursor
07-06 02:00:17.269 25792 26182 V VideoManager: Retrieving video from /storage/emulated/0/Movies/segment/20200312_193628/20200312_193628!002.mp4
07-06 02:00:17.283 25792 26182 V VideoManager: videoFromCursor
07-06 02:00:17.289 25792 26182 V VideoManager: Retrieving video from /storage/emulated/0/Movies/segment/20200312_193628/20200312_193628!003.mp4
07-06 02:00:17.305 25792 26182 V VideoManager: videoFromCursor
07-06 02:00:17.310 25792 26182 V NearbyFragment: nextTransfer with selected algorithm: best_or_local
07-06 02:00:17.312 25792 26182 W NearbyFragment: Sending 20200312_193628!000.mp4 to Nexus 5X [34d8]
07-06 02:00:17.339 25792 25792 V NearbyFragment: Transfer to Endpoint{id=4qxN, name=Nexus 5X [34d8]} complete
07-06 02:00:18.314 25792 26182 V DownloadTestVideosTask: Starting DownloadTestVideosTask
07-06 02:00:18.316 25792 26182 V DashDownloadManager: Started downloading: 20200312_193728.mp4
07-06 02:00:18.318 25792 26182 I System.out: (HTTPLog)-Static: isSBSettingEnabled false
07-06 02:00:18.318 25792 26182 I System.out: (HTTPLog)-Static: isSBSettingEnabled false
07-06 02:00:18.423 25792 26182 I System.out: (HTTPLog)-Thread-3606-133774: getTransferStream : ContentLength=69990400, method=GET, HTTPVersion=http/1.1
07-06 02:00:22.137 25792 25792 V NearbyFragment: Transfer to Endpoint{id=4qxN, name=Nexus 5X [34d8]} complete
07-06 02:00:22.289 25792 25792 D NearbyFragment: onPayloadReceived(endpointId=4qxN, payload=com.google.android.gms.nearby.connection.Payload@7e9f2af)
07-06 02:00:22.290 25792 25792 D NearbyFragment: Endpoint{id=4qxN, name=Nexus 5X [34d8]} has finished downloading 20200312_193628!000.mp4
07-06 02:00:22.293 25792 25792 V NearbyFragment: nextTransfer with selected algorithm: best_or_local
07-06 02:00:22.298 25792 25792 W NearbyFragment: Sending 20200312_193628!001.mp4 to Nexus 5 [1825]
07-06 02:00:22.306 25792 25792 V NearbyFragment: Transfer to Endpoint{id=4qxN, name=Nexus 5X [34d8]} complete
07-06 02:00:22.317 25792 25792 V NearbyFragment: Transfer to Endpoint{id=w2Lc, name=Nexus 5 [1825]} complete
07-06 02:00:26.886 25792 25792 V NearbyFragment: Transfer to Endpoint{id=w2Lc, name=Nexus 5 [1825]} complete
07-06 02:00:27.146 25792 25792 D NearbyFragment: onPayloadReceived(endpointId=w2Lc, payload=com.google.android.gms.nearby.connection.Payload@d18419a)
07-06 02:00:27.147 25792 25792 D NearbyFragment: Endpoint{id=w2Lc, name=Nexus 5 [1825]} has finished downloading 20200312_193628!001.mp4
07-06 02:00:27.149 25792 25792 V NearbyFragment: nextTransfer with selected algorithm: best_or_local
07-06 02:00:27.152 25792 25792 W NearbyFragment: Sending 20200312_193628!002.mp4 to Nexus 5X [9c8f]
07-06 02:00:27.172 25792 25792 V NearbyFragment: Transfer to Endpoint{id=jKhx, name=Nexus 5X [9c8f]} complete
07-06 02:00:27.203 25792 25792 V NearbyFragment: Transfer to Endpoint{id=w2Lc, name=Nexus 5 [1825]} complete
07-06 02:00:27.981 25792 25792 D NearbyFragment: onPayloadReceived(endpointId=4qxN, payload=com.google.android.gms.nearby.connection.Payload@189a1c1)
07-06 02:00:27.981 25792 25792 D NearbyFragment: 20200312_193628!000.mp4 from Endpoint{id=4qxN, name=Nexus 5X [34d8]} contained no activity
07-06 02:00:27.981 25792 25792 V NearbyFragment: Received a segment of 20200312_193628
07-06 02:00:27.982 25792 25792 V NearbyFragment: nextTransfer with selected algorithm: best_or_local
07-06 02:00:27.984 25792 25792 W NearbyFragment: Sending 20200312_193628!003.mp4 to Nexus 5X [34d8]
07-06 02:00:27.999 25792 25792 V NearbyFragment: Transfer to Endpoint{id=4qxN, name=Nexus 5X [34d8]} complete
07-06 02:00:28.028 25792 25792 V NearbyFragment: Transfer to Endpoint{id=4qxN, name=Nexus 5X [34d8]} complete
07-06 02:00:30.895 25792 25792 V NearbyFragment: Transfer to Endpoint{id=jKhx, name=Nexus 5X [9c8f]} complete
07-06 02:00:31.088 25792 25792 D NearbyFragment: onPayloadReceived(endpointId=jKhx, payload=com.google.android.gms.nearby.connection.Payload@b5a4154)
07-06 02:00:31.088 25792 25792 D NearbyFragment: Endpoint{id=jKhx, name=Nexus 5X [9c8f]} has finished downloading 20200312_193628!002.mp4
07-06 02:00:31.089 25792 25792 I NearbyFragment: Transfer queue is empty
07-06 02:00:31.143 25792 25792 V NearbyFragment: Transfer to Endpoint{id=jKhx, name=Nexus 5X [9c8f]} complete
07-06 02:00:33.644 25792 25792 D NearbyFragment: onPayloadReceived(endpointId=w2Lc, payload=com.google.android.gms.nearby.connection.Payload@4d98fd)
07-06 02:00:33.645 25792 25792 D NearbyFragment: 20200312_193628!001.mp4 from Endpoint{id=w2Lc, name=Nexus 5 [1825]} contained no activity
07-06 02:00:33.646 25792 25792 V NearbyFragment: Received a segment of 20200312_193628
07-06 02:00:33.647 25792 25792 I NearbyFragment: Transfer queue is empty
07-06 02:00:34.082 25792 25792 V NearbyFragment: Transfer to Endpoint{id=w2Lc, name=Nexus 5 [1825]} complete
07-06 02:00:34.182 25792 25792 D NearbyFragment: onPayloadReceived(endpointId=jKhx, payload=com.google.android.gms.nearby.connection.Payload@65569f2)
07-06 02:00:34.183 25792 25792 D NearbyFragment: 20200312_193628!002.mp4 from Endpoint{id=jKhx, name=Nexus 5X [9c8f]} contained no activity
07-06 02:00:34.184 25792 25792 V NearbyFragment: Received a segment of 20200312_193628
07-06 02:00:34.185 25792 25792 I NearbyFragment: Transfer queue is empty
07-06 02:00:34.236 25792 25792 V NearbyFragment: Transfer to Endpoint{id=jKhx, name=Nexus 5X [9c8f]} complete
07-06 02:00:34.734 25792 25792 V NearbyFragment: Transfer to Endpoint{id=4qxN, name=Nexus 5X [34d8]} complete
07-06 02:00:35.262 25792 25792 D NearbyFragment: onPayloadReceived(endpointId=4qxN, payload=com.google.android.gms.nearby.connection.Payload@bd20843)
07-06 02:00:35.263 25792 25792 D NearbyFragment: Endpoint{id=4qxN, name=Nexus 5X [34d8]} has finished downloading 20200312_193628!003.mp4
07-06 02:00:35.264 25792 25792 I NearbyFragment: Transfer queue is empty
07-06 02:00:35.428 25792 25792 V NearbyFragment: Transfer to Endpoint{id=4qxN, name=Nexus 5X [34d8]} complete
07-06 02:00:46.638 25792 26182 V VideoManager: Retrieving video from /storage/emulated/0/Movies/raw/20200312_193728.mp4
07-06 02:00:46.655 25792 26182 D VideoManager: videoCursor is null
07-06 02:00:46.726 25792 26182 V VideoManager: videoFromCursor
07-06 02:00:46.731 25792 26182 W DashDownloadManager: Successfully downloaded 20200312_193728.mp4 in 28.319s
07-06 02:00:46.732 25792 26182 V DownloadTestVideosTask: Entering callback for download completion of 20200312_193728.mp4
07-06 02:00:46.733 25792 26182 V RawFootageEventHandler: onAdd
07-06 02:00:46.735 25792 26182 V FfmpegTools: Retrieving duration of /storage/emulated/0/Movies/raw/20200312_193728.mp4
07-06 02:00:46.746 25792 26208 W mobile-ffmpeg: [mov,mp4,m4a,3gp,3g2,mj2 @ 0x78e8b5a200] Found duplicated MOOV Atom. Skipped it
07-06 02:00:46.850 25792 26182 V FileManager: External storage is readable
07-06 02:00:46.852 25792 26182 V FileManager: Created new directory: /storage/emulated/0/Movies/segment/20200312_193728
07-06 02:00:46.852 25792 26182 V FfmpegTools: Splitting /storage/emulated/0/Movies/raw/20200312_193728.mp4 with 16s long segments
07-06 02:00:46.853 25792 26182 I FfmpegTools: Running ffmpeg with:
07-06 02:00:46.853 25792 26182 I FfmpegTools:   -y -i /storage/emulated/0/Movies/raw/20200312_193728.mp4 -map 0 -c copy -f segment -reset_timestamps 1 -segment_time 16 /storage/emulated/0/Movies/segment/20200312_193728/20200312_193728!%03d.mp4
07-06 02:00:46.862 25792 26208 W mobile-ffmpeg: [mov,mp4,m4a,3gp,3g2,mj2 @ 0x78e8b5a200] Found duplicated MOOV Atom. Skipped it
07-06 02:00:47.209 25792 26182 V FileManager: External storage is readable
07-06 02:00:47.209 25792 26182 V FileManager: Directory already exists: /storage/emulated/0/Movies/segment/20200312_193728
07-06 02:00:47.209 25792 26182 V VideoManager: Retrieving videos from /storage/emulated/0/Movies/segment/20200312_193728
07-06 02:00:47.210 25792 26182 V VideoManager: Retrieving video from /storage/emulated/0/Movies/segment/20200312_193728/20200312_193728!000.mp4
07-06 02:00:47.230 25792 26182 V VideoManager: videoFromCursor
07-06 02:00:47.235 25792 26182 V VideoManager: Retrieving video from /storage/emulated/0/Movies/segment/20200312_193728/20200312_193728!001.mp4
07-06 02:00:47.253 25792 26182 V VideoManager: videoFromCursor
07-06 02:00:47.258 25792 26182 V VideoManager: Retrieving video from /storage/emulated/0/Movies/segment/20200312_193728/20200312_193728!002.mp4
07-06 02:00:47.278 25792 26182 V VideoManager: videoFromCursor
07-06 02:00:47.281 25792 26182 V VideoManager: Retrieving video from /storage/emulated/0/Movies/segment/20200312_193728/20200312_193728!003.mp4
07-06 02:00:47.291 25792 26182 V VideoManager: videoFromCursor
07-06 02:00:47.294 25792 26182 V NearbyFragment: nextTransfer with selected algorithm: best_or_local
07-06 02:00:47.295 25792 26182 W NearbyFragment: Sending 20200312_193728!000.mp4 to Nexus 5 [1825]
07-06 02:00:47.308 25792 25792 V NearbyFragment: Transfer to Endpoint{id=w2Lc, name=Nexus 5 [1825]} complete
07-06 02:00:48.298 25792 26182 V DownloadTestVideosTask: Starting DownloadTestVideosTask
07-06 02:00:48.302 25792 26182 V DashDownloadManager: Started downloading: 20200312_193828.mp4
07-06 02:00:48.307 25792 26182 I System.out: (HTTPLog)-Static: isSBSettingEnabled false
07-06 02:00:48.308 25792 26182 I System.out: (HTTPLog)-Static: isSBSettingEnabled false
07-06 02:00:48.370 25792 26182 I System.out: (HTTPLog)-Thread-3606-218293663: getTransferStream : ContentLength=69990400, method=GET, HTTPVersion=http/1.1
07-06 02:00:51.726 25792 25792 V NearbyFragment: Transfer to Endpoint{id=w2Lc, name=Nexus 5 [1825]} complete
07-06 02:00:52.032 25792 25792 D NearbyFragment: onPayloadReceived(endpointId=w2Lc, payload=com.google.android.gms.nearby.connection.Payload@42c66ec)
07-06 02:00:52.033 25792 25792 D NearbyFragment: Endpoint{id=w2Lc, name=Nexus 5 [1825]} has finished downloading 20200312_193728!000.mp4
07-06 02:00:52.034 25792 25792 V NearbyFragment: nextTransfer with selected algorithm: best_or_local
07-06 02:00:52.036 25792 25792 W NearbyFragment: Sending 20200312_193728!001.mp4 to Nexus 5X [9c8f]
07-06 02:00:52.045 25792 25792 V NearbyFragment: Transfer to Endpoint{id=jKhx, name=Nexus 5X [9c8f]} complete
07-06 02:00:52.220 25792 25792 V NearbyFragment: Transfer to Endpoint{id=w2Lc, name=Nexus 5 [1825]} complete
07-06 02:00:57.380 25792 25792 V NearbyFragment: Transfer to Endpoint{id=jKhx, name=Nexus 5X [9c8f]} complete
07-06 02:00:58.010 25792 25792 D NearbyFragment: onPayloadReceived(endpointId=jKhx, payload=com.google.android.gms.nearby.connection.Payload@73a3cbb)
07-06 02:00:58.010 25792 25792 D NearbyFragment: Endpoint{id=jKhx, name=Nexus 5X [9c8f]} has finished downloading 20200312_193728!001.mp4
07-06 02:00:58.011 25792 25792 V NearbyFragment: nextTransfer with selected algorithm: best_or_local
07-06 02:00:58.020 25792 25792 V FileManager: External storage is readable
07-06 02:00:58.021 25792 25792 V FileManager: Created new directory: /storage/emulated/0/Movies/segment-sum/20200312_193728
07-06 02:00:58.021 25792 25792 D NearbyFragment: Summarising 20200312_193728!002.mp4
07-06 02:00:58.022 25792 25792 V VideoManager: Retrieving video from /storage/emulated/0/Movies/segment/20200312_193728/20200312_193728!002.mp4
07-06 02:00:58.044 25792 25792 V VideoManager: videoFromCursor
07-06 02:00:58.053 25792 25792 V ProcessingVideosEventHandler: onAdd
07-06 02:00:58.054 25792 25792 V RawFootageEventHandler: onRemove
07-06 02:00:58.081 25792 25792 V NearbyFragment: Transfer to Endpoint{id=jKhx, name=Nexus 5X [9c8f]} complete
07-06 02:00:58.088 25792 26454 V SummariserIntentService: onHandleIntent
07-06 02:00:58.089 25792 26454 D SummariserIntentService: Video{id='138663', data='/storage/emulated/0/Movies/segment/20200312_193728/20200312_193728!002.mp4', name='20200312_193728!002.mp4', size=16928276, visible=true, mimeType='video/mp4'}
07-06 02:00:58.089 25792 26454 D SummariserIntentService: /storage/emulated/0/Movies/segment-sum/20200312_193728/20200312_193728!002.mp4
07-06 02:00:58.091 25792 26454 I FfmpegTools: Running ffmpeg with:
07-06 02:00:58.091 25792 26454 I FfmpegTools:   -y -i /storage/emulated/0/Movies/segment/20200312_193728/20200312_193728!002.mp4 -vf freezedetect=n=-45.000000dB:d=1.000000,metadata=mode=print:file=/storage/emulated/0/Movies/raw/20200312_193728!002.txt -f null -
07-06 02:00:58.277 25792 26208 W mobile-ffmpeg: [graph 0 input from stream 0:0 @ 0x78e66149c0] sws_param option is deprecated and ignored
07-06 02:01:00.278 25792 25792 D NearbyFragment: onPayloadReceived(endpointId=w2Lc, payload=com.google.android.gms.nearby.connection.Payload@23aa784)
07-06 02:01:00.279 25792 25792 V NearbyFragment: Started downloading 20200312_193728!000.mp4 from Endpoint{id=w2Lc, name=Nexus 5 [1825]}
07-06 02:01:00.281 25792 25792 V NearbyFragment: nextTransfer with selected algorithm: best_or_local
07-06 02:01:00.283 25792 25792 W NearbyFragment: Sending 20200312_193728!003.mp4 to Nexus 5 [1825]
07-06 02:01:00.294 25792 25792 V NearbyFragment: Transfer to Endpoint{id=w2Lc, name=Nexus 5 [1825]} complete
07-06 02:01:00.342 25792 25792 D NearbyFragment: onPayloadReceived(endpointId=w2Lc, payload=com.google.android.gms.nearby.connection.Payload@8f58833)
07-06 02:01:00.352 25792 25792 V NearbyFragment: Transfer to Endpoint{id=w2Lc, name=Nexus 5 [1825]} complete
07-06 02:01:00.446 25792 26454 D Summariser: No freeze file
07-06 02:01:00.446 25792 26454 W Summariser: Whole video is active
07-06 02:01:00.871 25792 26454 V FfmpegTools: Retrieving duration of /storage/emulated/0/Movies/segment/20200312_193728/20200312_193728!002.mp4
07-06 02:01:00.911 25792 26454 V FfmpegTools: Retrieving duration of /storage/emulated/0/Movies/segment-sum/20200312_193728/20200312_193728!002.mp4
07-06 02:01:00.949 25792 26454 W Summariser: Summarisation completed
07-06 02:01:00.949 25792 26454 W Summariser:   filename: 20200312_193728!002.mp4
07-06 02:01:00.949 25792 26454 W Summariser:   active sections: -1
07-06 02:01:00.949 25792 26454 W Summariser:   time: 02.781s
07-06 02:01:00.949 25792 26454 W Summariser:   original duration: 16.01
07-06 02:01:00.949 25792 26454 W Summariser:   summarised duration: 16.01
07-06 02:01:00.949 25792 26454 W Summariser:   noise tolerance: 45.00
07-06 02:01:00.949 25792 26454 W Summariser:   quality: 23
07-06 02:01:00.949 25792 26454 W Summariser:   speed: medium
07-06 02:01:00.949 25792 26454 W Summariser:   freeze duration: 1.00
07-06 02:01:00.949 25792 26454 V VideoManager: Retrieving video from /storage/emulated/0/Movies/segment-sum/20200312_193728/20200312_193728!002.mp4
07-06 02:01:00.961 25792 26454 D VideoManager: videoCursor is null
07-06 02:01:01.036 25792 26454 V VideoManager: videoFromCursor
07-06 02:01:01.039 25792 26454 V NearbyFragment: Received a segment of 20200312_193728
07-06 02:01:01.040 25792 26454 V ProcessingVideosEventHandler: onRemove
07-06 02:01:01.129 25792 25806 D SummariserIntentService: Scanned /storage/emulated/0/Movies/summarised
07-06 02:01:01.129 25792 25806 D SummariserIntentService:   -> uri=content://media/external/file/138420
07-06 02:01:01.752 25792 25792 D NearbyFragment: onPayloadReceived(endpointId=jKhx, payload=com.google.android.gms.nearby.connection.Payload@876748f)
07-06 02:01:01.753 25792 25792 V NearbyFragment: Started downloading 20200312_193728!001.mp4 from Endpoint{id=jKhx, name=Nexus 5X [9c8f]}
07-06 02:01:01.753 25792 25792 I NearbyFragment: Transfer queue is empty
07-06 02:01:02.481 25792 25792 D NearbyFragment: onPayloadReceived(endpointId=jKhx, payload=com.google.android.gms.nearby.connection.Payload@78d631c)
07-06 02:01:02.488 25792 25792 V NearbyFragment: Transfer to Endpoint{id=jKhx, name=Nexus 5X [9c8f]} complete
07-06 02:01:06.105 25792 25792 V NearbyFragment: Transfer to Endpoint{id=w2Lc, name=Nexus 5 [1825]} complete
07-06 02:01:06.351 25792 25792 D NearbyFragment: onPayloadReceived(endpointId=4qxN, payload=com.google.android.gms.nearby.connection.Payload@f0deb25)
07-06 02:01:06.353 25792 25792 V NearbyFragment: Started downloading 20200312_193628!003.mp4 from Endpoint{id=4qxN, name=Nexus 5X [34d8]}
07-06 02:01:06.356 25792 25792 I NearbyFragment: Transfer queue is empty
07-06 02:01:06.358 25792 25792 V NearbyFragment: Transfer to Endpoint{id=4qxN, name=Nexus 5X [34d8]} complete
07-06 02:01:06.726 25792 25792 D NearbyFragment: onPayloadReceived(endpointId=4qxN, payload=com.google.android.gms.nearby.connection.Payload@a3094fa)
07-06 02:01:07.019 25792 25792 D NearbyFragment: onPayloadReceived(endpointId=w2Lc, payload=com.google.android.gms.nearby.connection.Payload@76fcaab)
07-06 02:01:07.019 25792 25792 D NearbyFragment: Endpoint{id=w2Lc, name=Nexus 5 [1825]} has finished downloading 20200312_193728!003.mp4
07-06 02:01:07.020 25792 25792 I NearbyFragment: Transfer queue is empty
07-06 02:01:07.023 25792 25792 V NearbyFragment: Transfer to Endpoint{id=w2Lc, name=Nexus 5 [1825]} complete
07-06 02:01:09.171 25792 25792 V NearbyFragment: Transfer to Endpoint{id=4qxN, name=Nexus 5X [34d8]} complete
07-06 02:01:09.172 25792 25792 W NearbyFragment: Completed downloading 20200312_193628!003.mp4 from Endpoint{id=4qxN, name=Nexus 5X [34d8]} in 02.817s
07-06 02:01:09.178 25792 25792 V FileManager: External storage is readable
07-06 02:01:09.181 25792 25792 V FileManager: Created new directory: /storage/emulated/0/Movies/segment-sum/20200312_193628
07-06 02:01:09.244 25792 25792 D NearbyFragment: Received all summarised video segments of 20200312_193628
07-06 02:01:09.249 25792 25792 V FileManager: External storage is readable
07-06 02:01:09.249 25792 25792 V FileManager: Directory already exists: /storage/emulated/0/Movies/segment-sum/20200312_193628
07-06 02:01:09.250 25792 25792 D FfmpegTools: Merging /storage/emulated/0/Movies/summarised/20200312_193628.mp4
07-06 02:01:09.250 25792 25792 V FfmpegTools: Retrieving duration of /storage/emulated/0/Movies/segment-sum/20200312_193628/20200312_193628!003.mp4
07-06 02:01:09.288 25792 25792 W FfmpegTools: Single segment returned, duration of 20200312_193628: 6.16
07-06 02:01:09.374 25792 25792 V VideoManager: Retrieving video from /storage/emulated/0/Movies/summarised/20200312_193628.mp4
07-06 02:01:09.385 25792 25792 V VideoManager: videoFromCursor
07-06 02:01:09.388 25792 25792 V SummarisedVideosEventHandler: onAdd
07-06 02:01:09.389 25792 25792 V RawFootageEventHandler: removeByName
07-06 02:01:09.389 25792 25792 V ProcessingVideosEventHandler: removeByName
07-06 02:01:09.390 25792 25792 V NearbyFragment: Removing video segment map for 20200312_193628
07-06 02:01:14.234 25792 25792 D NearbyFragment: onPayloadReceived(endpointId=w2Lc, payload=com.google.android.gms.nearby.connection.Payload@e8837e4)
07-06 02:01:14.235 25792 25792 V NearbyFragment: Started downloading 20200312_193728!003.mp4 from Endpoint{id=w2Lc, name=Nexus 5 [1825]}
07-06 02:01:14.236 25792 25792 I NearbyFragment: Transfer queue is empty
07-06 02:01:14.242 25792 25792 V NearbyFragment: Transfer to Endpoint{id=w2Lc, name=Nexus 5 [1825]} complete
07-06 02:01:15.930 25792 25792 V NearbyFragment: Transfer to Endpoint{id=jKhx, name=Nexus 5X [9c8f]} complete
07-06 02:01:15.932 25792 25792 W NearbyFragment: Completed downloading 20200312_193728!001.mp4 from Endpoint{id=jKhx, name=Nexus 5X [9c8f]} in 14.178s
07-06 02:01:15.940 25792 25792 V FileManager: External storage is readable
07-06 02:01:15.941 25792 25792 V FileManager: Directory already exists: /storage/emulated/0/Movies/segment-sum/20200312_193728
07-06 02:01:16.484 25792 25792 V NearbyFragment: Received a segment of 20200312_193728
07-06 02:01:16.744 25792 25792 V NearbyFragment: Transfer to Endpoint{id=w2Lc, name=Nexus 5 [1825]} complete
07-06 02:01:16.745 25792 25792 W NearbyFragment: Completed downloading 20200312_193728!000.mp4 from Endpoint{id=w2Lc, name=Nexus 5 [1825]} in 16.464s
07-06 02:01:16.752 25792 25792 V FileManager: External storage is readable
07-06 02:01:16.753 25792 25792 V FileManager: Directory already exists: /storage/emulated/0/Movies/segment-sum/20200312_193728
07-06 02:01:17.252 25792 25792 V NearbyFragment: Received a segment of 20200312_193728
07-06 02:01:17.252 25792 25792 D NearbyFragment: onPayloadReceived(endpointId=w2Lc, payload=com.google.android.gms.nearby.connection.Payload@f5f744d)
07-06 02:01:20.407 25792 25792 V NearbyFragment: Transfer to Endpoint{id=w2Lc, name=Nexus 5 [1825]} complete
07-06 02:01:20.409 25792 25792 W NearbyFragment: Completed downloading 20200312_193728!003.mp4 from Endpoint{id=w2Lc, name=Nexus 5 [1825]} in 06.173s
07-06 02:01:20.417 25792 25792 V FileManager: External storage is readable
07-06 02:01:20.418 25792 25792 V FileManager: Directory already exists: /storage/emulated/0/Movies/segment-sum/20200312_193728
07-06 02:01:20.885 25792 25792 D NearbyFragment: Received all summarised video segments of 20200312_193728
07-06 02:01:20.888 25792 25792 V FileManager: External storage is readable
07-06 02:01:20.888 25792 25792 V FileManager: Directory already exists: /storage/emulated/0/Movies/segment-sum/20200312_193728
07-06 02:01:20.889 25792 25792 D FfmpegTools: Merging /storage/emulated/0/Movies/summarised/20200312_193728.mp4
07-06 02:01:20.891 25792 25792 V FileManager: External storage is readable
07-06 02:01:20.891 25792 25792 V FileManager: Directory already exists: /storage/emulated/0/Movies/segment/20200312_193728
07-06 02:01:20.893 25792 25792 I FfmpegTools: Running ffmpeg with:
07-06 02:01:20.893 25792 25792 I FfmpegTools:   -y -f concat -safe 0 -i /storage/emulated/0/Movies/segment/20200312_193728/paths.txt -c copy /storage/emulated/0/Movies/summarised/20200312_193728.mp4
07-06 02:01:21.344 25792 25792 V FfmpegTools: Retrieving duration of /storage/emulated/0/Movies/summarised/20200312_193728.mp4
07-06 02:01:21.375 25792 25792 W FfmpegTools: Merged duration of 20200312_193728: 60.07
07-06 02:01:21.437 25792 25792 V VideoManager: Retrieving video from /storage/emulated/0/Movies/summarised/20200312_193728.mp4
07-06 02:01:21.447 25792 25792 V VideoManager: videoFromCursor
07-06 02:01:21.450 25792 25792 V SummarisedVideosEventHandler: onAdd
07-06 02:01:21.450 25792 25792 V RawFootageEventHandler: removeByName
07-06 02:01:21.451 25792 25792 V ProcessingVideosEventHandler: removeByName
07-06 02:01:21.451 25792 25792 V NearbyFragment: Removing video segment map for 20200312_193728
07-06 02:01:25.224 25792 26182 V VideoManager: Retrieving video from /storage/emulated/0/Movies/raw/20200312_193828.mp4
07-06 02:01:25.247 25792 26182 D VideoManager: videoCursor is null
07-06 02:01:25.311 25792 26182 V VideoManager: videoFromCursor
07-06 02:01:25.317 25792 26182 W DashDownloadManager: Successfully downloaded 20200312_193828.mp4 in 36.921s
07-06 02:01:25.318 25792 26182 V DownloadTestVideosTask: Entering callback for download completion of 20200312_193828.mp4
07-06 02:01:25.319 25792 26182 V RawFootageEventHandler: onAdd
07-06 02:01:25.322 25792 26182 V FfmpegTools: Retrieving duration of /storage/emulated/0/Movies/raw/20200312_193828.mp4
07-06 02:01:25.337 25792 26208 W mobile-ffmpeg: [mov,mp4,m4a,3gp,3g2,mj2 @ 0x78e8b5a200] Found duplicated MOOV Atom. Skipped it
07-06 02:01:25.433 25792 26182 V FileManager: External storage is readable
07-06 02:01:25.435 25792 26182 V FileManager: Created new directory: /storage/emulated/0/Movies/segment/20200312_193828
07-06 02:01:25.435 25792 26182 V FfmpegTools: Splitting /storage/emulated/0/Movies/raw/20200312_193828.mp4 with 16s long segments
07-06 02:01:25.435 25792 26182 I FfmpegTools: Running ffmpeg with:
07-06 02:01:25.435 25792 26182 I FfmpegTools:   -y -i /storage/emulated/0/Movies/raw/20200312_193828.mp4 -map 0 -c copy -f segment -reset_timestamps 1 -segment_time 16 /storage/emulated/0/Movies/segment/20200312_193828/20200312_193828!%03d.mp4
07-06 02:01:25.445 25792 26208 W mobile-ffmpeg: [mov,mp4,m4a,3gp,3g2,mj2 @ 0x78e8b5a200] Found duplicated MOOV Atom. Skipped it
07-06 02:01:25.744 25792 26182 V FileManager: External storage is readable
07-06 02:01:25.745 25792 26182 V FileManager: Directory already exists: /storage/emulated/0/Movies/segment/20200312_193828
07-06 02:01:25.746 25792 26182 V VideoManager: Retrieving videos from /storage/emulated/0/Movies/segment/20200312_193828
07-06 02:01:25.747 25792 26182 V VideoManager: Retrieving video from /storage/emulated/0/Movies/segment/20200312_193828/20200312_193828!000.mp4
07-06 02:01:25.765 25792 26182 V VideoManager: videoFromCursor
07-06 02:01:25.769 25792 26182 V VideoManager: Retrieving video from /storage/emulated/0/Movies/segment/20200312_193828/20200312_193828!001.mp4
07-06 02:01:25.781 25792 26182 V VideoManager: videoFromCursor
07-06 02:01:25.786 25792 26182 V VideoManager: Retrieving video from /storage/emulated/0/Movies/segment/20200312_193828/20200312_193828!002.mp4
07-06 02:01:25.794 25792 26182 V VideoManager: videoFromCursor
07-06 02:01:25.797 25792 26182 V VideoManager: Retrieving video from /storage/emulated/0/Movies/segment/20200312_193828/20200312_193828!003.mp4
07-06 02:01:25.805 25792 26182 V VideoManager: videoFromCursor
07-06 02:01:25.808 25792 26182 V NearbyFragment: nextTransfer with selected algorithm: best_or_local
07-06 02:01:25.822 25792 26182 W NearbyFragment: Sending 20200312_193828!000.mp4 to Nexus 5X [34d8]
07-06 02:01:25.836 25792 25792 V NearbyFragment: Transfer to Endpoint{id=4qxN, name=Nexus 5X [34d8]} complete
07-06 02:01:26.827 25792 26182 V DownloadTestVideosTask: Starting DownloadTestVideosTask
07-06 02:01:26.829 25792 26182 V DashDownloadManager: Started downloading: 20200312_193928.mp4
07-06 02:01:26.836 25792 26182 I System.out: (HTTPLog)-Static: isSBSettingEnabled false
07-06 02:01:26.837 25792 26182 I System.out: (HTTPLog)-Static: isSBSettingEnabled false
07-06 02:01:26.929 25792 26182 I System.out: (HTTPLog)-Thread-3606-256234613: getTransferStream : ContentLength=69990400, method=GET, HTTPVersion=http/1.1
07-06 02:01:29.283 25792 25792 V NearbyFragment: Transfer to Endpoint{id=4qxN, name=Nexus 5X [34d8]} complete
07-06 02:01:29.549 25792 25792 D NearbyFragment: onPayloadReceived(endpointId=4qxN, payload=com.google.android.gms.nearby.connection.Payload@ef54c0a)
07-06 02:01:29.551 25792 25792 D NearbyFragment: Endpoint{id=4qxN, name=Nexus 5X [34d8]} has finished downloading 20200312_193828!000.mp4
07-06 02:01:29.553 25792 25792 V NearbyFragment: nextTransfer with selected algorithm: best_or_local
07-06 02:01:29.557 25792 25792 W NearbyFragment: Sending 20200312_193828!001.mp4 to Nexus 5 [1825]
07-06 02:01:29.570 25792 25792 V NearbyFragment: Transfer to Endpoint{id=w2Lc, name=Nexus 5 [1825]} complete
07-06 02:01:29.607 25792 25792 V NearbyFragment: Transfer to Endpoint{id=4qxN, name=Nexus 5X [34d8]} complete
07-06 02:01:33.947 25792 25792 V NearbyFragment: Transfer to Endpoint{id=w2Lc, name=Nexus 5 [1825]} complete
07-06 02:01:34.674 25792 25792 D NearbyFragment: onPayloadReceived(endpointId=w2Lc, payload=com.google.android.gms.nearby.connection.Payload@f2c42f1)
07-06 02:01:34.675 25792 25792 D NearbyFragment: Endpoint{id=w2Lc, name=Nexus 5 [1825]} has finished downloading 20200312_193828!001.mp4
07-06 02:01:34.677 25792 25792 V NearbyFragment: nextTransfer with selected algorithm: best_or_local
07-06 02:01:34.680 25792 25792 W NearbyFragment: Sending 20200312_193828!002.mp4 to Nexus 5X [9c8f]
07-06 02:01:34.697 25792 25792 V NearbyFragment: Transfer to Endpoint{id=jKhx, name=Nexus 5X [9c8f]} complete
07-06 02:01:34.730 25792 25792 V NearbyFragment: Transfer to Endpoint{id=w2Lc, name=Nexus 5 [1825]} complete
07-06 02:01:39.449 25792 25792 V NearbyFragment: Transfer to Endpoint{id=jKhx, name=Nexus 5X [9c8f]} complete
07-06 02:01:39.634 25792 25792 D NearbyFragment: onPayloadReceived(endpointId=jKhx, payload=com.google.android.gms.nearby.connection.Payload@2257844)
07-06 02:01:39.635 25792 25792 D NearbyFragment: Endpoint{id=jKhx, name=Nexus 5X [9c8f]} has finished downloading 20200312_193828!002.mp4
07-06 02:01:39.637 25792 25792 V NearbyFragment: nextTransfer with selected algorithm: best_or_local
07-06 02:01:39.646 25792 25792 V FileManager: External storage is readable
07-06 02:01:39.649 25792 25792 V FileManager: Created new directory: /storage/emulated/0/Movies/segment-sum/20200312_193828
07-06 02:01:39.651 25792 25792 D NearbyFragment: Summarising 20200312_193828!003.mp4
07-06 02:01:39.651 25792 25792 V VideoManager: Retrieving video from /storage/emulated/0/Movies/segment/20200312_193828/20200312_193828!003.mp4
07-06 02:01:39.665 25792 25792 V VideoManager: videoFromCursor
07-06 02:01:39.669 25792 25792 V ProcessingVideosEventHandler: onAdd
07-06 02:01:39.670 25792 25792 V RawFootageEventHandler: onRemove
07-06 02:01:39.695 25792 26507 V SummariserIntentService: onHandleIntent
07-06 02:01:39.695 25792 26507 D SummariserIntentService: Video{id='138671', data='/storage/emulated/0/Movies/segment/20200312_193828/20200312_193828!003.mp4', name='20200312_193828!003.mp4', size=12614741, visible=true, mimeType='video/mp4'}
07-06 02:01:39.695 25792 25792 V NearbyFragment: Transfer to Endpoint{id=jKhx, name=Nexus 5X [9c8f]} complete
07-06 02:01:39.695 25792 26507 D SummariserIntentService: /storage/emulated/0/Movies/segment-sum/20200312_193828/20200312_193828!003.mp4
07-06 02:01:39.697 25792 26507 I FfmpegTools: Running ffmpeg with:
07-06 02:01:39.697 25792 26507 I FfmpegTools:   -y -i /storage/emulated/0/Movies/segment/20200312_193828/20200312_193828!003.mp4 -vf freezedetect=n=-45.000000dB:d=1.000000,metadata=mode=print:file=/storage/emulated/0/Movies/raw/20200312_193828!003.txt -f null -
07-06 02:01:39.814 25792 26208 W mobile-ffmpeg: [graph 0 input from stream 0:0 @ 0x78e66149c0] sws_param option is deprecated and ignored
07-06 02:01:41.295 25792 26507 W Summariser: No activity detected
07-06 02:01:41.296 25792 26507 V FfmpegTools: Retrieving duration of /storage/emulated/0/Movies/segment/20200312_193828/20200312_193828!003.mp4
07-06 02:01:41.314 25792 25792 D NearbyFragment: onPayloadReceived(endpointId=w2Lc, payload=com.google.android.gms.nearby.connection.Payload@b23d4b0)
07-06 02:01:41.314 25792 25792 D NearbyFragment: 20200312_193828!001.mp4 from Endpoint{id=w2Lc, name=Nexus 5 [1825]} contained no activity
07-06 02:01:41.315 25792 25792 V NearbyFragment: Received a segment of 20200312_193828
07-06 02:01:41.315 25792 25792 I NearbyFragment: Transfer queue is empty
07-06 02:01:41.329 25792 26507 W Summariser: Summarisation completed
07-06 02:01:41.329 25792 26507 W Summariser:   filename: 20200312_193828!003.mp4
07-06 02:01:41.329 25792 26507 W Summariser:   active sections: 0
07-06 02:01:41.329 25792 26507 W Summariser:   time: 01.599s
07-06 02:01:41.329 25792 26507 W Summariser:   original duration: 12.01
07-06 02:01:41.329 25792 26507 W Summariser:   summarised duration: -1.00
07-06 02:01:41.329 25792 26507 W Summariser:   noise tolerance: 45.00
07-06 02:01:41.329 25792 26507 W Summariser:   quality: 23
07-06 02:01:41.329 25792 26507 W Summariser:   speed: medium
07-06 02:01:41.329 25792 26507 W Summariser:   freeze duration: 1.00
07-06 02:01:41.329 25792 26507 V NearbyFragment: Received a segment of 20200312_193828
07-06 02:01:41.329 25792 26507 V ProcessingVideosEventHandler: onRemove
07-06 02:01:41.385 25792 25792 V NearbyFragment: Transfer to Endpoint{id=w2Lc, name=Nexus 5 [1825]} complete
07-06 02:01:41.393 25792 25806 D SummariserIntentService: Scanned /storage/emulated/0/Movies/summarised
07-06 02:01:41.393 25792 25806 D SummariserIntentService:   -> uri=content://media/external/file/138420
07-06 02:01:42.781 25792 25792 D NearbyFragment: onPayloadReceived(endpointId=jKhx, payload=com.google.android.gms.nearby.connection.Payload@6698bdc)
