07-06 02:01:42.782 25792 25792 D NearbyFragment: 20200312_193828!002.mp4 from Endpoint{id=jKhx, name=Nexus 5X [9c8f]} contained no activity
07-06 02:01:42.782 25792 25792 V NearbyFragment: Received a segment of 20200312_193828
07-06 02:01:42.784 25792 25792 I NearbyFragment: Transfer queue is empty
07-06 02:01:42.787 25792 25792 V NearbyFragment: Transfer to Endpoint{id=jKhx, name=Nexus 5X [9c8f]} complete
07-06 02:01:51.533 25792 26182 V VideoManager: Retrieving video from /storage/emulated/0/Movies/raw/20200312_193928.mp4
07-06 02:01:51.564 25792 26182 D VideoManager: videoCursor is null
07-06 02:01:51.641 25792 26182 V VideoManager: videoFromCursor
07-06 02:01:51.645 25792 26182 W DashDownloadManager: Successfully downloaded 20200312_193928.mp4 in 24.702s
07-06 02:01:51.646 25792 26182 V DownloadTestVideosTask: Entering callback for download completion of 20200312_193928.mp4
07-06 02:01:51.647 25792 26182 V RawFootageEventHandler: onAdd
07-06 02:01:51.649 25792 26182 V FfmpegTools: Retrieving duration of /storage/emulated/0/Movies/raw/20200312_193928.mp4
07-06 02:01:51.657 25792 26208 W mobile-ffmpeg: [mov,mp4,m4a,3gp,3g2,mj2 @ 0x78e8b5a200] Found duplicated MOOV Atom. Skipped it
07-06 02:01:51.735 25792 26182 V FileManager: External storage is readable
07-06 02:01:51.737 25792 26182 V FileManager: Created new directory: /storage/emulated/0/Movies/segment/20200312_193928
07-06 02:01:51.737 25792 26182 V FfmpegTools: Splitting /storage/emulated/0/Movies/raw/20200312_193928.mp4 with 16s long segments
07-06 02:01:51.738 25792 26182 I FfmpegTools: Running ffmpeg with:
07-06 02:01:51.738 25792 26182 I FfmpegTools:   -y -i /storage/emulated/0/Movies/raw/20200312_193928.mp4 -map 0 -c copy -f segment -reset_timestamps 1 -segment_time 16 /storage/emulated/0/Movies/segment/20200312_193928/20200312_193928!%03d.mp4
07-06 02:01:51.747 25792 26208 W mobile-ffmpeg: [mov,mp4,m4a,3gp,3g2,mj2 @ 0x78e8b5a200] Found duplicated MOOV Atom. Skipped it
07-06 02:01:52.043 25792 26182 V FileManager: External storage is readable
07-06 02:01:52.043 25792 26182 V FileManager: Directory already exists: /storage/emulated/0/Movies/segment/20200312_193928
07-06 02:01:52.043 25792 26182 V VideoManager: Retrieving videos from /storage/emulated/0/Movies/segment/20200312_193928
07-06 02:01:52.044 25792 26182 V VideoManager: Retrieving video from /storage/emulated/0/Movies/segment/20200312_193928/20200312_193928!000.mp4
07-06 02:01:52.052 25792 26182 V VideoManager: videoFromCursor
07-06 02:01:52.055 25792 26182 V VideoManager: Retrieving video from /storage/emulated/0/Movies/segment/20200312_193928/20200312_193928!001.mp4
07-06 02:01:52.064 25792 26182 V VideoManager: videoFromCursor
07-06 02:01:52.066 25792 26182 V VideoManager: Retrieving video from /storage/emulated/0/Movies/segment/20200312_193928/20200312_193928!002.mp4
07-06 02:01:52.074 25792 26182 V VideoManager: videoFromCursor
07-06 02:01:52.077 25792 26182 V VideoManager: Retrieving video from /storage/emulated/0/Movies/segment/20200312_193928/20200312_193928!003.mp4
07-06 02:01:52.084 25792 26182 V VideoManager: videoFromCursor
07-06 02:01:52.087 25792 26182 V NearbyFragment: nextTransfer with selected algorithm: best_or_local
07-06 02:01:52.088 25792 26182 W NearbyFragment: Sending 20200312_193928!000.mp4 to Nexus 5 [1825]
07-06 02:01:52.100 25792 25792 V NearbyFragment: Transfer to Endpoint{id=w2Lc, name=Nexus 5 [1825]} complete
07-06 02:01:53.090 25792 26182 V DownloadTestVideosTask: Starting DownloadTestVideosTask
07-06 02:01:53.092 25792 26182 V DashDownloadManager: Started downloading: 20200312_194129.mp4
07-06 02:01:53.095 25792 26182 I System.out: (HTTPLog)-Static: isSBSettingEnabled false
07-06 02:01:53.095 25792 26182 I System.out: (HTTPLog)-Static: isSBSettingEnabled false
07-06 02:01:53.165 25792 26182 I System.out: (HTTPLog)-Thread-3606-250710472: getTransferStream : ContentLength=69990400, method=GET, HTTPVersion=http/1.1
07-06 02:01:57.942 25792 25792 V NearbyFragment: Transfer to Endpoint{id=w2Lc, name=Nexus 5 [1825]} complete
07-06 02:01:58.221 25792 25792 D NearbyFragment: onPayloadReceived(endpointId=w2Lc, payload=com.google.android.gms.nearby.connection.Payload@d82ca61)
07-06 02:01:58.222 25792 25792 D NearbyFragment: Endpoint{id=w2Lc, name=Nexus 5 [1825]} has finished downloading 20200312_193928!000.mp4
07-06 02:01:58.224 25792 25792 V NearbyFragment: nextTransfer with selected algorithm: best_or_local
07-06 02:01:58.226 25792 25792 W NearbyFragment: Sending 20200312_193928!001.mp4 to Nexus 5X [9c8f]
07-06 02:01:58.262 25792 25792 V NearbyFragment: Transfer to Endpoint{id=jKhx, name=Nexus 5X [9c8f]} complete
07-06 02:01:58.272 25792 25792 V NearbyFragment: Transfer to Endpoint{id=w2Lc, name=Nexus 5 [1825]} complete
07-06 02:02:03.548 25792 25792 V NearbyFragment: Transfer to Endpoint{id=jKhx, name=Nexus 5X [9c8f]} complete
07-06 02:02:03.745 25792 25792 D NearbyFragment: onPayloadReceived(endpointId=jKhx, payload=com.google.android.gms.nearby.connection.Payload@2797a74)
07-06 02:02:03.747 25792 25792 D NearbyFragment: Endpoint{id=jKhx, name=Nexus 5X [9c8f]} has finished downloading 20200312_193928!001.mp4
07-06 02:02:03.750 25792 25792 V NearbyFragment: nextTransfer with selected algorithm: best_or_local
07-06 02:02:03.759 25792 25792 V FileManager: External storage is readable
07-06 02:02:03.763 25792 25792 V FileManager: Created new directory: /storage/emulated/0/Movies/segment-sum/20200312_193928
07-06 02:02:03.765 25792 25792 D NearbyFragment: Summarising 20200312_193928!002.mp4
07-06 02:02:03.766 25792 25792 V VideoManager: Retrieving video from /storage/emulated/0/Movies/segment/20200312_193928/20200312_193928!002.mp4
07-06 02:02:03.782 25792 25792 V VideoManager: videoFromCursor
07-06 02:02:03.788 25792 25792 V ProcessingVideosEventHandler: onAdd
07-06 02:02:03.789 25792 25792 V RawFootageEventHandler: onRemove
07-06 02:02:03.804 25792 25792 V NearbyFragment: Transfer to Endpoint{id=jKhx, name=Nexus 5X [9c8f]} complete
07-06 02:02:03.818 25792 26577 V SummariserIntentService: onHandleIntent
07-06 02:02:03.819 25792 26577 D SummariserIntentService: Video{id='138677', data='/storage/emulated/0/Movies/segment/20200312_193928/20200312_193928!002.mp4', name='20200312_193928!002.mp4', size=16869633, visible=true, mimeType='video/mp4'}
07-06 02:02:03.819 25792 26577 D SummariserIntentService: /storage/emulated/0/Movies/segment-sum/20200312_193928/20200312_193928!002.mp4
07-06 02:02:03.822 25792 26577 I FfmpegTools: Running ffmpeg with:
07-06 02:02:03.822 25792 26577 I FfmpegTools:   -y -i /storage/emulated/0/Movies/segment/20200312_193928/20200312_193928!002.mp4 -vf freezedetect=n=-45.000000dB:d=1.000000,metadata=mode=print:file=/storage/emulated/0/Movies/raw/20200312_193928!002.txt -f null -
07-06 02:02:03.979 25792 26208 W mobile-ffmpeg: [graph 0 input from stream 0:0 @ 0x78e6614a80] sws_param option is deprecated and ignored
07-06 02:02:05.017 25792 25792 D NearbyFragment: onPayloadReceived(endpointId=w2Lc, payload=com.google.android.gms.nearby.connection.Payload@aedc9e0)
07-06 02:02:05.017 25792 25792 D NearbyFragment: 20200312_193928!000.mp4 from Endpoint{id=w2Lc, name=Nexus 5 [1825]} contained no activity
07-06 02:02:05.017 25792 25792 V NearbyFragment: Received a segment of 20200312_193928
07-06 02:02:05.018 25792 25792 V NearbyFragment: nextTransfer with selected algorithm: best_or_local
07-06 02:02:05.019 25792 25792 W NearbyFragment: Sending 20200312_193928!003.mp4 to Nexus 5 [1825]
07-06 02:02:05.026 25792 25792 V NearbyFragment: Transfer to Endpoint{id=w2Lc, name=Nexus 5 [1825]} complete
07-06 02:02:05.051 25792 25792 V NearbyFragment: Transfer to Endpoint{id=w2Lc, name=Nexus 5 [1825]} complete
07-06 02:02:05.914 25792 26577 W Summariser: No activity detected
07-06 02:02:05.914 25792 26577 V FfmpegTools: Retrieving duration of /storage/emulated/0/Movies/segment/20200312_193928/20200312_193928!002.mp4
07-06 02:02:05.943 25792 26577 W Summariser: Summarisation completed
07-06 02:02:05.943 25792 26577 W Summariser:   filename: 20200312_193928!002.mp4
07-06 02:02:05.943 25792 26577 W Summariser:   active sections: 0
07-06 02:02:05.943 25792 26577 W Summariser:   time: 02.094s
07-06 02:02:05.943 25792 26577 W Summariser:   original duration: 16.06
07-06 02:02:05.943 25792 26577 W Summariser:   summarised duration: -1.00
07-06 02:02:05.943 25792 26577 W Summariser:   noise tolerance: 45.00
07-06 02:02:05.943 25792 26577 W Summariser:   quality: 23
07-06 02:02:05.943 25792 26577 W Summariser:   speed: medium
07-06 02:02:05.943 25792 26577 W Summariser:   freeze duration: 1.00
07-06 02:02:05.943 25792 26577 V NearbyFragment: Received a segment of 20200312_193928
07-06 02:02:05.944 25792 26577 V ProcessingVideosEventHandler: onRemove
07-06 02:02:06.033 25792 25806 D SummariserIntentService: Scanned /storage/emulated/0/Movies/summarised
07-06 02:02:06.033 25792 25806 D SummariserIntentService:   -> uri=content://media/external/file/138420
07-06 02:02:06.849 25792 25792 D NearbyFragment: onPayloadReceived(endpointId=jKhx, payload=com.google.android.gms.nearby.connection.Payload@f83976a)
07-06 02:02:06.850 25792 25792 D NearbyFragment: 20200312_193928!001.mp4 from Endpoint{id=jKhx, name=Nexus 5X [9c8f]} contained no activity
07-06 02:02:06.851 25792 25792 V NearbyFragment: Received a segment of 20200312_193928
07-06 02:02:06.852 25792 25792 I NearbyFragment: Transfer queue is empty
07-06 02:02:06.925 25792 25792 V NearbyFragment: Transfer to Endpoint{id=jKhx, name=Nexus 5X [9c8f]} complete
07-06 02:02:08.763 25792 25792 V NearbyFragment: Transfer to Endpoint{id=w2Lc, name=Nexus 5 [1825]} complete
07-06 02:02:09.202 25792 25792 D NearbyFragment: onPayloadReceived(endpointId=w2Lc, payload=com.google.android.gms.nearby.connection.Payload@925f45b)
07-06 02:02:09.203 25792 25792 D NearbyFragment: Endpoint{id=w2Lc, name=Nexus 5 [1825]} has finished downloading 20200312_193928!003.mp4
07-06 02:02:09.205 25792 25792 I NearbyFragment: Transfer queue is empty
07-06 02:02:09.214 25792 25792 V NearbyFragment: Transfer to Endpoint{id=w2Lc, name=Nexus 5 [1825]} complete
07-06 02:02:14.669 25792 25792 D NearbyFragment: onPayloadReceived(endpointId=w2Lc, payload=com.google.android.gms.nearby.connection.Payload@efef4f8)
07-06 02:02:14.671 25792 25792 D NearbyFragment: 20200312_193928!003.mp4 from Endpoint{id=w2Lc, name=Nexus 5 [1825]} contained no activity
07-06 02:02:14.672 25792 25792 D NearbyFragment: Received all summarised video segments of 20200312_193928
07-06 02:02:14.680 25792 25792 V FileManager: External storage is readable
07-06 02:02:14.681 25792 25792 V FileManager: Directory already exists: /storage/emulated/0/Movies/segment-sum/20200312_193928
07-06 02:02:14.684 25792 25792 D FfmpegTools: Merging /storage/emulated/0/Movies/summarised/20200312_193928.mp4
07-06 02:02:14.684 25792 25792 D FfmpegTools: No split videos to merge
07-06 02:02:14.685 25792 25792 V RawFootageEventHandler: removeByName
07-06 02:02:14.687 25792 25792 V ProcessingVideosEventHandler: removeByName
07-06 02:02:14.689 25792 25792 V NearbyFragment: Removing video segment map for 20200312_193928
07-06 02:02:14.690 25792 25792 I NearbyFragment: Transfer queue is empty
07-06 02:02:14.693 25792 25792 V NearbyFragment: Transfer to Endpoint{id=w2Lc, name=Nexus 5 [1825]} complete
07-06 02:02:18.789 25792 26182 V VideoManager: Retrieving video from /storage/emulated/0/Movies/raw/20200312_194129.mp4
07-06 02:02:18.799 25792 26182 D VideoManager: videoCursor is null
07-06 02:02:18.844 25792 26182 V VideoManager: videoFromCursor
07-06 02:02:18.848 25792 26182 W DashDownloadManager: Successfully downloaded 20200312_194129.mp4 in 25.696s
07-06 02:02:18.848 25792 26182 V DownloadTestVideosTask: Entering callback for download completion of 20200312_194129.mp4
07-06 02:02:18.849 25792 26182 V RawFootageEventHandler: onAdd
07-06 02:02:18.850 25792 26182 V FfmpegTools: Retrieving duration of /storage/emulated/0/Movies/raw/20200312_194129.mp4
07-06 02:02:18.857 25792 26208 W mobile-ffmpeg: [mov,mp4,m4a,3gp,3g2,mj2 @ 0x78e8b59c00] Found duplicated MOOV Atom. Skipped it
07-06 02:02:18.919 25792 26182 V FileManager: External storage is readable
07-06 02:02:18.920 25792 26182 V FileManager: Created new directory: /storage/emulated/0/Movies/segment/20200312_194129
07-06 02:02:18.920 25792 26182 V FfmpegTools: Splitting /storage/emulated/0/Movies/raw/20200312_194129.mp4 with 16s long segments
07-06 02:02:18.921 25792 26182 I FfmpegTools: Running ffmpeg with:
07-06 02:02:18.921 25792 26182 I FfmpegTools:   -y -i /storage/emulated/0/Movies/raw/20200312_194129.mp4 -map 0 -c copy -f segment -reset_timestamps 1 -segment_time 16 /storage/emulated/0/Movies/segment/20200312_194129/20200312_194129!%03d.mp4
07-06 02:02:18.929 25792 26208 W mobile-ffmpeg: [mov,mp4,m4a,3gp,3g2,mj2 @ 0x78e8b59c00] Found duplicated MOOV Atom. Skipped it
07-06 02:02:19.213 25792 26182 V FileManager: External storage is readable
07-06 02:02:19.213 25792 26182 V FileManager: Directory already exists: /storage/emulated/0/Movies/segment/20200312_194129
07-06 02:02:19.213 25792 26182 V VideoManager: Retrieving videos from /storage/emulated/0/Movies/segment/20200312_194129
07-06 02:02:19.214 25792 26182 V VideoManager: Retrieving video from /storage/emulated/0/Movies/segment/20200312_194129/20200312_194129!000.mp4
07-06 02:02:19.223 25792 26182 V VideoManager: videoFromCursor
07-06 02:02:19.226 25792 26182 V VideoManager: Retrieving video from /storage/emulated/0/Movies/segment/20200312_194129/20200312_194129!001.mp4
07-06 02:02:19.234 25792 26182 V VideoManager: videoFromCursor
07-06 02:02:19.238 25792 26182 V VideoManager: Retrieving video from /storage/emulated/0/Movies/segment/20200312_194129/20200312_194129!002.mp4
07-06 02:02:19.246 25792 26182 V VideoManager: videoFromCursor
07-06 02:02:19.248 25792 26182 V VideoManager: Retrieving video from /storage/emulated/0/Movies/segment/20200312_194129/20200312_194129!003.mp4
07-06 02:02:19.256 25792 26182 V VideoManager: videoFromCursor
07-06 02:02:19.262 25792 26182 V NearbyFragment: nextTransfer with selected algorithm: best_or_local
07-06 02:02:19.265 25792 26182 W NearbyFragment: Sending 20200312_194129!000.mp4 to Nexus 5 [1825]
07-06 02:02:19.287 25792 25792 V NearbyFragment: Transfer to Endpoint{id=w2Lc, name=Nexus 5 [1825]} complete
07-06 02:02:20.267 25792 26182 V DownloadTestVideosTask: Starting DownloadTestVideosTask
07-06 02:02:20.269 25792 26182 V DashDownloadManager: Started downloading: 20200312_194229.mp4
07-06 02:02:20.271 25792 26182 I System.out: (HTTPLog)-Static: isSBSettingEnabled false
07-06 02:02:20.272 25792 26182 I System.out: (HTTPLog)-Static: isSBSettingEnabled false
07-06 02:02:20.298 25792 26182 I System.out: (HTTPLog)-Thread-3606-175876546: getTransferStream : ContentLength=69990400, method=GET, HTTPVersion=http/1.1
07-06 02:02:24.365 25792 25792 V NearbyFragment: Transfer to Endpoint{id=w2Lc, name=Nexus 5 [1825]} complete
07-06 02:02:24.613 25792 25792 D NearbyFragment: onPayloadReceived(endpointId=w2Lc, payload=com.google.android.gms.nearby.connection.Payload@26c93d3)
07-06 02:02:24.613 25792 25792 D NearbyFragment: Endpoint{id=w2Lc, name=Nexus 5 [1825]} has finished downloading 20200312_194129!000.mp4
07-06 02:02:24.614 25792 25792 V NearbyFragment: nextTransfer with selected algorithm: best_or_local
07-06 02:02:24.616 25792 25792 W NearbyFragment: Sending 20200312_194129!001.mp4 to Nexus 5X [9c8f]
07-06 02:02:24.628 25792 25792 V NearbyFragment: Transfer to Endpoint{id=jKhx, name=Nexus 5X [9c8f]} complete
07-06 02:02:24.662 25792 25792 V NearbyFragment: Transfer to Endpoint{id=w2Lc, name=Nexus 5 [1825]} complete
07-06 02:02:28.246 25792 25792 D NearbyFragment: onPayloadReceived(endpointId=4qxN, payload=com.google.android.gms.nearby.connection.Payload@85ea00e)
07-06 02:02:28.247 25792 25792 V NearbyFragment: Started downloading 20200312_193828!000.mp4 from Endpoint{id=4qxN, name=Nexus 5X [34d8]}
07-06 02:02:28.249 25792 25792 V NearbyFragment: nextTransfer with selected algorithm: best_or_local
07-06 02:02:28.253 25792 25792 W NearbyFragment: Sending 20200312_194129!002.mp4 to Nexus 5X [34d8]
07-06 02:02:28.258 25792 25792 V NearbyFragment: Transfer to Endpoint{id=4qxN, name=Nexus 5X [34d8]} complete
07-06 02:02:28.275 25792 25792 V NearbyFragment: Transfer to Endpoint{id=4qxN, name=Nexus 5X [34d8]} complete
07-06 02:02:28.628 25792 25792 D NearbyFragment: onPayloadReceived(endpointId=4qxN, payload=com.google.android.gms.nearby.connection.Payload@64b99c5)
07-06 02:02:28.633 25792 25792 V NearbyFragment: Transfer to Endpoint{id=jKhx, name=Nexus 5X [9c8f]} complete
07-06 02:02:29.069 25792 25792 D NearbyFragment: onPayloadReceived(endpointId=jKhx, payload=com.google.android.gms.nearby.connection.Payload@a68af1a)
07-06 02:02:29.069 25792 25792 D NearbyFragment: Endpoint{id=jKhx, name=Nexus 5X [9c8f]} has finished downloading 20200312_194129!001.mp4
07-06 02:02:29.070 25792 25792 V NearbyFragment: nextTransfer with selected algorithm: best_or_local
07-06 02:02:29.077 25792 25792 V FileManager: External storage is readable
07-06 02:02:29.078 25792 25792 V FileManager: Created new directory: /storage/emulated/0/Movies/segment-sum/20200312_194129
07-06 02:02:29.079 25792 25792 D NearbyFragment: Summarising 20200312_194129!003.mp4
07-06 02:02:29.079 25792 25792 V VideoManager: Retrieving video from /storage/emulated/0/Movies/segment/20200312_194129/20200312_194129!003.mp4
07-06 02:02:29.091 25792 25792 V VideoManager: videoFromCursor
07-06 02:02:29.095 25792 25792 V ProcessingVideosEventHandler: onAdd
07-06 02:02:29.096 25792 25792 V RawFootageEventHandler: onRemove
07-06 02:02:29.112 25792 26617 V SummariserIntentService: onHandleIntent
07-06 02:02:29.114 25792 26617 D SummariserIntentService: Video{id='138684', data='/storage/emulated/0/Movies/segment/20200312_194129/20200312_194129!003.mp4', name='20200312_194129!003.mp4', size=12644882, visible=true, mimeType='video/mp4'}
07-06 02:02:29.114 25792 26617 D SummariserIntentService: /storage/emulated/0/Movies/segment-sum/20200312_194129/20200312_194129!003.mp4
07-06 02:02:29.117 25792 26617 I FfmpegTools: Running ffmpeg with:
07-06 02:02:29.117 25792 26617 I FfmpegTools:   -y -i /storage/emulated/0/Movies/segment/20200312_194129/20200312_194129!003.mp4 -vf freezedetect=n=-45.000000dB:d=1.000000,metadata=mode=print:file=/storage/emulated/0/Movies/raw/20200312_194129!003.txt -f null -
07-06 02:02:29.123 25792 25792 V NearbyFragment: Transfer to Endpoint{id=jKhx, name=Nexus 5X [9c8f]} complete
07-06 02:02:29.236 25792 26208 W mobile-ffmpeg: [graph 0 input from stream 0:0 @ 0x78e6614a80] sws_param option is deprecated and ignored
07-06 02:02:29.743 25792 25792 V NearbyFragment: Transfer to Endpoint{id=4qxN, name=Nexus 5X [34d8]} complete
07-06 02:02:29.744 25792 25792 W NearbyFragment: Completed downloading 20200312_193828!000.mp4 from Endpoint{id=4qxN, name=Nexus 5X [34d8]} in 01.496s
07-06 02:02:29.747 25792 25792 V FileManager: External storage is readable
07-06 02:02:29.748 25792 25792 V FileManager: Directory already exists: /storage/emulated/0/Movies/segment-sum/20200312_193828
07-06 02:02:29.833 25792 25792 D NearbyFragment: Received all summarised video segments of 20200312_193828
07-06 02:02:29.838 25792 25792 V FileManager: External storage is readable
07-06 02:02:29.838 25792 25792 V FileManager: Directory already exists: /storage/emulated/0/Movies/segment-sum/20200312_193828
07-06 02:02:29.839 25792 25792 D FfmpegTools: Merging /storage/emulated/0/Movies/summarised/20200312_193828.mp4
07-06 02:02:29.839 25792 25792 V FfmpegTools: Retrieving duration of /storage/emulated/0/Movies/segment-sum/20200312_193828/20200312_193828!000.mp4
07-06 02:02:29.862 25792 25792 W FfmpegTools: Single segment returned, duration of 20200312_193828: 14.28
07-06 02:02:29.953 25792 25792 V VideoManager: Retrieving video from /storage/emulated/0/Movies/summarised/20200312_193828.mp4
07-06 02:02:29.964 25792 25792 V VideoManager: videoFromCursor
07-06 02:02:29.967 25792 25792 V SummarisedVideosEventHandler: onAdd
07-06 02:02:29.967 25792 25792 V RawFootageEventHandler: removeByName
07-06 02:02:29.968 25792 25792 V ProcessingVideosEventHandler: removeByName
07-06 02:02:29.968 25792 25792 V NearbyFragment: Removing video segment map for 20200312_193828
07-06 02:02:30.768 25792 26617 D Summariser: No freeze file
07-06 02:02:30.768 25792 26617 W Summariser: Whole video is active
07-06 02:02:31.094 25792 26617 V FfmpegTools: Retrieving duration of /storage/emulated/0/Movies/segment/20200312_194129/20200312_194129!003.mp4
07-06 02:02:31.121 25792 26617 V FfmpegTools: Retrieving duration of /storage/emulated/0/Movies/segment-sum/20200312_194129/20200312_194129!003.mp4
07-06 02:02:31.149 25792 26617 W Summariser: Summarisation completed
07-06 02:02:31.149 25792 26617 W Summariser:   filename: 20200312_194129!003.mp4
07-06 02:02:31.149 25792 26617 W Summariser:   active sections: -1
07-06 02:02:31.149 25792 26617 W Summariser:   time: 01.979s
07-06 02:02:31.149 25792 26617 W Summariser:   original duration: 12.03
07-06 02:02:31.149 25792 26617 W Summariser:   summarised duration: 12.03
07-06 02:02:31.149 25792 26617 W Summariser:   noise tolerance: 45.00
07-06 02:02:31.149 25792 26617 W Summariser:   quality: 23
07-06 02:02:31.149 25792 26617 W Summariser:   speed: medium
07-06 02:02:31.149 25792 26617 W Summariser:   freeze duration: 1.00
07-06 02:02:31.149 25792 26617 V VideoManager: Retrieving video from /storage/emulated/0/Movies/segment-sum/20200312_194129/20200312_194129!003.mp4
07-06 02:02:31.158 25792 26617 D VideoManager: videoCursor is null
07-06 02:02:31.208 25792 26617 V VideoManager: videoFromCursor
07-06 02:02:31.214 25792 26617 V NearbyFragment: Received a segment of 20200312_194129
07-06 02:02:31.215 25792 26617 V ProcessingVideosEventHandler: onRemove
07-06 02:02:31.306 25792 26342 D SummariserIntentService: Scanned /storage/emulated/0/Movies/summarised
07-06 02:02:31.306 25792 26342 D SummariserIntentService:   -> uri=content://media/external/file/138420
07-06 02:02:31.673 25792 25792 D NearbyFragment: onPayloadReceived(endpointId=w2Lc, payload=com.google.android.gms.nearby.connection.Payload@66cdce9)
07-06 02:02:31.675 25792 25792 D NearbyFragment: 20200312_194129!000.mp4 from Endpoint{id=w2Lc, name=Nexus 5 [1825]} contained no activity
07-06 02:02:31.676 25792 25792 V NearbyFragment: Received a segment of 20200312_194129
07-06 02:02:31.678 25792 25792 I NearbyFragment: Transfer queue is empty
07-06 02:02:31.776 25792 25792 V NearbyFragment: Transfer to Endpoint{id=w2Lc, name=Nexus 5 [1825]} complete
07-06 02:02:34.264 25792 25792 V NearbyFragment: Transfer to Endpoint{id=4qxN, name=Nexus 5X [34d8]} complete
07-06 02:02:34.386 25792 25792 D NearbyFragment: onPayloadReceived(endpointId=4qxN, payload=com.google.android.gms.nearby.connection.Payload@cdf3d6e)
07-06 02:02:34.387 25792 25792 D NearbyFragment: Endpoint{id=4qxN, name=Nexus 5X [34d8]} has finished downloading 20200312_194129!002.mp4
07-06 02:02:34.388 25792 25792 I NearbyFragment: Transfer queue is empty
07-06 02:02:34.397 25792 25792 V NearbyFragment: Transfer to Endpoint{id=4qxN, name=Nexus 5X [34d8]} complete
07-06 02:02:40.540 25792 25792 D NearbyFragment: onPayloadReceived(endpointId=jKhx, payload=com.google.android.gms.nearby.connection.Payload@d8dc0f)
07-06 02:02:40.540 25792 25792 V NearbyFragment: Started downloading 20200312_194129!001.mp4 from Endpoint{id=jKhx, name=Nexus 5X [9c8f]}
07-06 02:02:40.541 25792 25792 I NearbyFragment: Transfer queue is empty
07-06 02:02:40.544 25792 25792 V NearbyFragment: Transfer to Endpoint{id=jKhx, name=Nexus 5X [9c8f]} complete
07-06 02:02:40.677 25792 25792 D NearbyFragment: onPayloadReceived(endpointId=jKhx, payload=com.google.android.gms.nearby.connection.Payload@1fc749c)
07-06 02:02:41.212 25792 25792 V NearbyFragment: Transfer to Endpoint{id=jKhx, name=Nexus 5X [9c8f]} complete
07-06 02:02:41.214 25792 25792 W NearbyFragment: Completed downloading 20200312_194129!001.mp4 from Endpoint{id=jKhx, name=Nexus 5X [9c8f]} in 00.673s
07-06 02:02:41.220 25792 25792 V FileManager: External storage is readable
07-06 02:02:41.221 25792 25792 V FileManager: Directory already exists: /storage/emulated/0/Movies/segment-sum/20200312_194129
07-06 02:02:41.247 25792 25792 V NearbyFragment: Received a segment of 20200312_194129
07-06 02:02:46.079 25792 26182 V VideoManager: Retrieving video from /storage/emulated/0/Movies/raw/20200312_194229.mp4
07-06 02:02:46.106 25792 26182 D VideoManager: videoCursor is null
07-06 02:02:46.167 25792 26182 V VideoManager: videoFromCursor
07-06 02:02:46.171 25792 26182 W DashDownloadManager: Successfully downloaded 20200312_194229.mp4 in 25.810s
07-06 02:02:46.172 25792 26182 V DownloadTestVideosTask: Entering callback for download completion of 20200312_194229.mp4
07-06 02:02:46.172 25792 26182 V RawFootageEventHandler: onAdd
07-06 02:02:46.174 25792 26182 V FfmpegTools: Retrieving duration of /storage/emulated/0/Movies/raw/20200312_194229.mp4
07-06 02:02:46.181 25792 26208 W mobile-ffmpeg: [mov,mp4,m4a,3gp,3g2,mj2 @ 0x78e8b59c00] Found duplicated MOOV Atom. Skipped it
07-06 02:02:46.270 25792 26182 V FileManager: External storage is readable
07-06 02:02:46.271 25792 26182 V FileManager: Created new directory: /storage/emulated/0/Movies/segment/20200312_194229
07-06 02:02:46.271 25792 26182 V FfmpegTools: Splitting /storage/emulated/0/Movies/raw/20200312_194229.mp4 with 16s long segments
07-06 02:02:46.271 25792 26182 I FfmpegTools: Running ffmpeg with:
07-06 02:02:46.271 25792 26182 I FfmpegTools:   -y -i /storage/emulated/0/Movies/raw/20200312_194229.mp4 -map 0 -c copy -f segment -reset_timestamps 1 -segment_time 16 /storage/emulated/0/Movies/segment/20200312_194229/20200312_194229!%03d.mp4
07-06 02:02:46.281 25792 26208 W mobile-ffmpeg: [mov,mp4,m4a,3gp,3g2,mj2 @ 0x78e8b59c00] Found duplicated MOOV Atom. Skipped it
07-06 02:02:46.571 25792 26182 V FileManager: External storage is readable
07-06 02:02:46.571 25792 26182 V FileManager: Directory already exists: /storage/emulated/0/Movies/segment/20200312_194229
07-06 02:02:46.571 25792 26182 V VideoManager: Retrieving videos from /storage/emulated/0/Movies/segment/20200312_194229
07-06 02:02:46.571 25792 26182 V VideoManager: Retrieving video from /storage/emulated/0/Movies/segment/20200312_194229/20200312_194229!000.mp4
07-06 02:02:46.581 25792 26182 V VideoManager: videoFromCursor
07-06 02:02:46.583 25792 26182 V VideoManager: Retrieving video from /storage/emulated/0/Movies/segment/20200312_194229/20200312_194229!001.mp4
07-06 02:02:46.589 25792 26182 V VideoManager: videoFromCursor
07-06 02:02:46.591 25792 26182 V VideoManager: Retrieving video from /storage/emulated/0/Movies/segment/20200312_194229/20200312_194229!002.mp4
07-06 02:02:46.597 25792 26182 V VideoManager: videoFromCursor
07-06 02:02:46.599 25792 26182 V VideoManager: Retrieving video from /storage/emulated/0/Movies/segment/20200312_194229/20200312_194229!003.mp4
07-06 02:02:46.610 25792 26182 V VideoManager: videoFromCursor
07-06 02:02:46.612 25792 26182 V NearbyFragment: nextTransfer with selected algorithm: best_or_local
07-06 02:02:46.614 25792 26182 W NearbyFragment: Sending 20200312_194229!000.mp4 to Nexus 5 [1825]
07-06 02:02:46.624 25792 25792 V NearbyFragment: Transfer to Endpoint{id=w2Lc, name=Nexus 5 [1825]} complete
07-06 02:02:47.616 25792 26182 V DownloadTestVideosTask: Starting DownloadTestVideosTask
07-06 02:02:47.618 25792 26182 V DashDownloadManager: Started downloading: 20200312_194330.mp4
07-06 02:02:47.620 25792 26182 I System.out: (HTTPLog)-Static: isSBSettingEnabled false
07-06 02:02:47.620 25792 26182 I System.out: (HTTPLog)-Static: isSBSettingEnabled false
07-06 02:02:47.687 25792 26182 I System.out: (HTTPLog)-Thread-3606-162152072: getTransferStream : ContentLength=69990400, method=GET, HTTPVersion=http/1.1
07-06 02:02:50.377 25792 25792 V NearbyFragment: Transfer to Endpoint{id=w2Lc, name=Nexus 5 [1825]} complete
07-06 02:02:50.828 25792 25792 D NearbyFragment: onPayloadReceived(endpointId=w2Lc, payload=com.google.android.gms.nearby.connection.Payload@1ba4021)
07-06 02:02:50.829 25792 25792 D NearbyFragment: Endpoint{id=w2Lc, name=Nexus 5 [1825]} has finished downloading 20200312_194229!000.mp4
07-06 02:02:50.830 25792 25792 V NearbyFragment: nextTransfer with selected algorithm: best_or_local
07-06 02:02:50.832 25792 25792 W NearbyFragment: Sending 20200312_194229!001.mp4 to Nexus 5X [9c8f]
07-06 02:02:50.846 25792 25792 V NearbyFragment: Transfer to Endpoint{id=jKhx, name=Nexus 5X [9c8f]} complete
07-06 02:02:50.976 25792 25792 V NearbyFragment: Transfer to Endpoint{id=w2Lc, name=Nexus 5 [1825]} complete
07-06 02:02:54.881 25792 25792 V NearbyFragment: Transfer to Endpoint{id=jKhx, name=Nexus 5X [9c8f]} complete
07-06 02:02:55.068 25792 25792 D NearbyFragment: onPayloadReceived(endpointId=jKhx, payload=com.google.android.gms.nearby.connection.Payload@6e8bb34)
07-06 02:02:55.068 25792 25792 D NearbyFragment: Endpoint{id=jKhx, name=Nexus 5X [9c8f]} has finished downloading 20200312_194229!001.mp4
07-06 02:02:55.069 25792 25792 V NearbyFragment: nextTransfer with selected algorithm: best_or_local
07-06 02:02:55.075 25792 25792 V FileManager: External storage is readable
07-06 02:02:55.078 25792 25792 V FileManager: Created new directory: /storage/emulated/0/Movies/segment-sum/20200312_194229
07-06 02:02:55.078 25792 25792 D NearbyFragment: Summarising 20200312_194229!002.mp4
07-06 02:02:55.078 25792 25792 V VideoManager: Retrieving video from /storage/emulated/0/Movies/segment/20200312_194229/20200312_194229!002.mp4
07-06 02:02:55.091 25792 25792 V VideoManager: videoFromCursor
07-06 02:02:55.095 25792 25792 V ProcessingVideosEventHandler: onAdd
07-06 02:02:55.095 25792 25792 V RawFootageEventHandler: onRemove
07-06 02:02:55.102 25792 25792 V NearbyFragment: Transfer to Endpoint{id=jKhx, name=Nexus 5X [9c8f]} complete
07-06 02:02:55.123 25792 26652 V SummariserIntentService: onHandleIntent
07-06 02:02:55.124 25792 26652 D SummariserIntentService: Video{id='138690', data='/storage/emulated/0/Movies/segment/20200312_194229/20200312_194229!002.mp4', name='20200312_194229!002.mp4', size=16848151, visible=true, mimeType='video/mp4'}
07-06 02:02:55.124 25792 26652 D SummariserIntentService: /storage/emulated/0/Movies/segment-sum/20200312_194229/20200312_194229!002.mp4
07-06 02:02:55.126 25792 26652 I FfmpegTools: Running ffmpeg with:
07-06 02:02:55.126 25792 26652 I FfmpegTools:   -y -i /storage/emulated/0/Movies/segment/20200312_194229/20200312_194229!002.mp4 -vf freezedetect=n=-45.000000dB:d=1.000000,metadata=mode=print:file=/storage/emulated/0/Movies/raw/20200312_194229!002.txt -f null -
07-06 02:02:55.291 25792 26208 W mobile-ffmpeg: [graph 0 input from stream 0:0 @ 0x78e6615200] sws_param option is deprecated and ignored
07-06 02:02:57.266 25792 26652 W Summariser: No activity detected
07-06 02:02:57.267 25792 26652 V FfmpegTools: Retrieving duration of /storage/emulated/0/Movies/segment/20200312_194229/20200312_194229!002.mp4
07-06 02:02:57.309 25792 26652 W Summariser: Summarisation completed
07-06 02:02:57.309 25792 26652 W Summariser:   filename: 20200312_194229!002.mp4
07-06 02:02:57.309 25792 26652 W Summariser:   active sections: 0
07-06 02:02:57.309 25792 26652 W Summariser:   time: 02.141s
07-06 02:02:57.309 25792 26652 W Summariser:   original duration: 16.01
07-06 02:02:57.309 25792 26652 W Summariser:   summarised duration: -1.00
07-06 02:02:57.309 25792 26652 W Summariser:   noise tolerance: 45.00
07-06 02:02:57.309 25792 26652 W Summariser:   quality: 23
07-06 02:02:57.309 25792 26652 W Summariser:   speed: medium
07-06 02:02:57.309 25792 26652 W Summariser:   freeze duration: 1.00
07-06 02:02:57.310 25792 26652 V NearbyFragment: Received a segment of 20200312_194229
07-06 02:02:57.310 25792 26652 V ProcessingVideosEventHandler: onRemove
07-06 02:02:57.387 25792 26342 D SummariserIntentService: Scanned /storage/emulated/0/Movies/summarised
07-06 02:02:57.387 25792 26342 D SummariserIntentService:   -> uri=content://media/external/file/138420
07-06 02:03:06.307 25792 25792 D NearbyFragment: onPayloadReceived(endpointId=4qxN, payload=com.google.android.gms.nearby.connection.Payload@3aee6ff)
07-06 02:03:06.308 25792 25792 V NearbyFragment: Started downloading 20200312_194129!002.mp4 from Endpoint{id=4qxN, name=Nexus 5X [34d8]}
07-06 02:03:06.309 25792 25792 V NearbyFragment: nextTransfer with selected algorithm: best_or_local
07-06 02:03:06.311 25792 25792 W NearbyFragment: Sending 20200312_194229!003.mp4 to Nexus 5X [34d8]
07-06 02:03:06.325 25792 25792 V NearbyFragment: Transfer to Endpoint{id=4qxN, name=Nexus 5X [34d8]} complete
07-06 02:03:06.376 25792 25792 V NearbyFragment: Transfer to Endpoint{id=4qxN, name=Nexus 5X [34d8]} complete
07-06 02:03:06.412 25792 25792 D NearbyFragment: onPayloadReceived(endpointId=4qxN, payload=com.google.android.gms.nearby.connection.Payload@dd3be2a)
07-06 02:03:10.014 25792 25792 V NearbyFragment: Transfer to Endpoint{id=4qxN, name=Nexus 5X [34d8]} complete
07-06 02:03:10.991 25792 25792 V NearbyFragment: Transfer to Endpoint{id=4qxN, name=Nexus 5X [34d8]} complete
07-06 02:03:10.992 25792 25792 W NearbyFragment: Completed downloading 20200312_194129!002.mp4 from Endpoint{id=4qxN, name=Nexus 5X [34d8]} in 04.684s
07-06 02:03:11.002 25792 25792 V FileManager: External storage is readable
07-06 02:03:11.002 25792 25792 V FileManager: Directory already exists: /storage/emulated/0/Movies/segment-sum/20200312_194129
07-06 02:03:11.057 25792 25792 D NearbyFragment: Received all summarised video segments of 20200312_194129
07-06 02:03:11.062 25792 25792 V FileManager: External storage is readable
07-06 02:03:11.063 25792 25792 V FileManager: Directory already exists: /storage/emulated/0/Movies/segment-sum/20200312_194129
07-06 02:03:11.064 25792 25792 D FfmpegTools: Merging /storage/emulated/0/Movies/summarised/20200312_194129.mp4
07-06 02:03:11.068 25792 25792 V FileManager: External storage is readable
07-06 02:03:11.068 25792 25792 V FileManager: Directory already exists: /storage/emulated/0/Movies/segment/20200312_194129
07-06 02:03:11.071 25792 25792 I FfmpegTools: Running ffmpeg with:
07-06 02:03:11.071 25792 25792 I FfmpegTools:   -y -f concat -safe 0 -i /storage/emulated/0/Movies/segment/20200312_194129/paths.txt -c copy /storage/emulated/0/Movies/summarised/20200312_194129.mp4
07-06 02:03:11.183 25792 26208 W mobile-ffmpeg: [concat @ 0x78d661d000] DTS 165456 < 306377 out of order
07-06 02:03:11.184 25792 26208 W mobile-ffmpeg: [mp4 @ 0x78d69ec800] Non-monotonous DTS in output stream 0:0; previous: 308297, current: 167376; 
07-06 02:03:11.184 25792 26208 W mobile-ffmpeg: [mp4 @ 0x78d69ec800] changing to 308298. This may result in incorrect timestamps in the output file.
07-06 02:03:11.184 25792 26208 W mobile-ffmpeg: [mp4 @ 0x78d69ec800] Non-monotonous DTS in output stream 0:0; previous: 308298, current: 167904; 
07-06 02:03:11.184 25792 26208 W mobile-ffmpeg: [mp4 @ 0x78d69ec800] changing to 308299. This may result in incorrect timestamps in the output file.
07-06 02:03:11.184 25792 26208 W mobile-ffmpeg: [mp4 @ 0x78d69ec800] Non-monotonous DTS in output stream 0:0; previous: 308299, current: 168448; 
07-06 02:03:11.184 25792 26208 W mobile-ffmpeg: [mp4 @ 0x78d69ec800] changing to 308300. This may result in incorrect timestamps in the output file.
07-06 02:03:11.184 25792 26208 W mobile-ffmpeg: [mp4 @ 0x78d69ec800] Non-monotonous DTS in output stream 0:0; previous: 308300, current: 168976; 
07-06 02:03:11.184 25792 26208 W mobile-ffmpeg: [mp4 @ 0x78d69ec800] changing to 308301. This may result in incorrect timestamps in the output file.
07-06 02:03:11.184 25792 26208 W mobile-ffmpeg: [mp4 @ 0x78d69ec800] Non-monotonous DTS in output stream 0:0; previous: 308301, current: 169504; 
07-06 02:03:11.185 25792 26208 W mobile-ffmpeg: [mp4 @ 0x78d69ec800] changing to 308302. This may result in incorrect timestamps in the output file.
07-06 02:03:11.185 25792 26208 W mobile-ffmpeg: [mp4 @ 0x78d69ec800] Non-monotonous DTS in output stream 0:0; previous: 308302, current: 170048; 
07-06 02:03:11.185 25792 26208 W mobile-ffmpeg: [mp4 @ 0x78d69ec800] changing to 308303. This may result in incorrect timestamps in the output file.
07-06 02:03:11.185 25792 26208 W mobile-ffmpeg: [mp4 @ 0x78d69ec800] Non-monotonous DTS in output stream 0:0; previous: 308303, current: 170576; 
07-06 02:03:11.185 25792 26208 W mobile-ffmpeg: [mp4 @ 0x78d69ec800] changing to 308304. This may result in incorrect timestamps in the output file.
07-06 02:03:11.185 25792 26208 W mobile-ffmpeg: [mp4 @ 0x78d69ec800] Non-monotonous DTS in output stream 0:0; previous: 308304, current: 171104; 
07-06 02:03:11.185 25792 26208 W mobile-ffmpeg: [mp4 @ 0x78d69ec800] changing to 308305. This may result in incorrect timestamps in the output file.
07-06 02:03:11.185 25792 26208 W mobile-ffmpeg: [mp4 @ 0x78d69ec800] Non-monotonous DTS in output stream 0:0; previous: 308305, current: 171648; 
07-06 02:03:11.185 25792 26208 W mobile-ffmpeg: [mp4 @ 0x78d69ec800] changing to 308306. This may result in incorrect timestamps in the output file.
07-06 02:03:11.185 25792 26208 W mobile-ffmpeg: [mp4 @ 0x78d69ec800] Non-monotonous DTS in output stream 0:0; previous: 308306, current: 172176; 
07-06 02:03:11.186 25792 26208 W mobile-ffmpeg: [mp4 @ 0x78d69ec800] changing to 308307. This may result in incorrect timestamps in the output file.
07-06 02:03:11.186 25792 26208 W mobile-ffmpeg: [mp4 @ 0x78d69ec800] Non-monotonous DTS in output stream 0:0; previous: 308307, current: 172704; 
07-06 02:03:11.186 25792 26208 W mobile-ffmpeg: [mp4 @ 0x78d69ec800] changing to 308308. This may result in incorrect timestamps in the output file.
07-06 02:03:11.186 25792 26208 W mobile-ffmpeg: [mp4 @ 0x78d69ec800] Non-monotonous DTS in output stream 0:0; previous: 308308, current: 173248; 
07-06 02:03:11.186 25792 26208 W mobile-ffmpeg: [mp4 @ 0x78d69ec800] changing to 308309. This may result in incorrect timestamps in the output file.
07-06 02:03:11.186 25792 26208 W mobile-ffmpeg: [mp4 @ 0x78d69ec800] Non-monotonous DTS in output stream 0:0; previous: 308309, current: 173776; 
07-06 02:03:11.186 25792 26208 W mobile-ffmpeg: [mp4 @ 0x78d69ec800] changing to 308310. This may result in incorrect timestamps in the output file.
07-06 02:03:11.186 25792 26208 W mobile-ffmpeg: [mp4 @ 0x78d69ec800] Non-monotonous DTS in output stream 0:0; previous: 308310, current: 174320; 
07-06 02:03:11.186 25792 26208 W mobile-ffmpeg: [mp4 @ 0x78d69ec800] changing to 308311. This may result in incorrect timestamps in the output file.
07-06 02:03:11.186 25792 26208 W mobile-ffmpeg: [mp4 @ 0x78d69ec800] Non-monotonous DTS in output stream 0:0; previous: 308311, current: 174848; 
07-06 02:03:11.186 25792 26208 W mobile-ffmpeg: [mp4 @ 0x78d69ec800] changing to 308312. This may result in incorrect timestamps in the output file.
07-06 02:03:11.186 25792 26208 W mobile-ffmpeg: [mp4 @ 0x78d69ec800] Non-monotonous DTS in output stream 0:0; previous: 308312, current: 175376; 
07-06 02:03:11.187 25792 26208 W mobile-ffmpeg: [mp4 @ 0x78d69ec800] changing to 308313. This may result in incorrect timestamps in the output file.
07-06 02:03:11.187 25792 26208 W mobile-ffmpeg: [mp4 @ 0x78d69ec800] Non-monotonous DTS in output stream 0:0; previous: 308313, current: 175920; 
07-06 02:03:11.187 25792 26208 W mobile-ffmpeg: [mp4 @ 0x78d69ec800] changing to 308314. This may result in incorrect timestamps in the output file.
07-06 02:03:11.187 25792 26208 W mobile-ffmpeg: [mp4 @ 0x78d69ec800] Non-monotonous DTS in output stream 0:0; previous: 308314, current: 176448; 
07-06 02:03:11.187 25792 26208 W mobile-ffmpeg: [mp4 @ 0x78d69ec800] changing to 308315. This may result in incorrect timestamps in the output file.
07-06 02:03:11.187 25792 26208 W mobile-ffmpeg: [mp4 @ 0x78d69ec800] Non-monotonous DTS in output stream 0:0; previous: 308315, current: 176976; 
07-06 02:03:11.187 25792 26208 W mobile-ffmpeg: [mp4 @ 0x78d69ec800] changing to 308316. This may result in incorrect timestamps in the output file.
07-06 02:03:11.187 25792 26208 W mobile-ffmpeg: [mp4 @ 0x78d69ec800] Non-monotonous DTS in output stream 0:0; previous: 308316, current: 177520; 
07-06 02:03:11.187 25792 26208 W mobile-ffmpeg: [mp4 @ 0x78d69ec800] changing to 308317. This may result in incorrect timestamps in the output file.
07-06 02:03:11.187 25792 26208 W mobile-ffmpeg: [mp4 @ 0x78d69ec800] Non-monotonous DTS in output stream 0:0; previous: 308317, current: 178048; 
07-06 02:03:11.187 25792 26208 W mobile-ffmpeg: [mp4 @ 0x78d69ec800] changing to 308318. This may result in incorrect timestamps in the output file.
07-06 02:03:11.187 25792 26208 W mobile-ffmpeg: [mp4 @ 0x78d69ec800] Non-monotonous DTS in output stream 0:0; previous: 308318, current: 178576; 
07-06 02:03:11.187 25792 26208 W mobile-ffmpeg: [mp4 @ 0x78d69ec800] changing to 308319. This may result in incorrect timestamps in the output file.
07-06 02:03:11.188 25792 26208 W mobile-ffmpeg: [mp4 @ 0x78d69ec800] Non-monotonous DTS in output stream 0:0; previous: 308319, current: 179120; 
07-06 02:03:11.188 25792 26208 W mobile-ffmpeg: [mp4 @ 0x78d69ec800] changing to 308320. This may result in incorrect timestamps in the output file.
07-06 02:03:11.188 25792 26208 W mobile-ffmpeg: [mp4 @ 0x78d69ec800] Non-monotonous DTS in output stream 0:0; previous: 308320, current: 179648; 
07-06 02:03:11.188 25792 26208 W mobile-ffmpeg: [mp4 @ 0x78d69ec800] changing to 308321. This may result in incorrect timestamps in the output file.
07-06 02:03:11.188 25792 26208 W mobile-ffmpeg: [mp4 @ 0x78d69ec800] Non-monotonous DTS in output stream 0:0; previous: 308321, current: 180192; 
07-06 02:03:11.188 25792 26208 W mobile-ffmpeg: [mp4 @ 0x78d69ec800] changing to 308322. This may result in incorrect timestamps in the output file.
07-06 02:03:11.188 25792 26208 W mobile-ffmpeg: [mp4 @ 0x78d69ec800] Non-monotonous DTS in output stream 0:0; previous: 308322, current: 180720; 
07-06 02:03:11.188 25792 26208 W mobile-ffmpeg: [mp4 @ 0x78d69ec800] changing to 308323. This may result in incorrect timestamps in the output file.
07-06 02:03:11.188 25792 26208 W mobile-ffmpeg: [mp4 @ 0x78d69ec800] Non-monotonous DTS in output stream 0:0; previous: 308323, current: 181248; 
07-06 02:03:11.189 25792 26208 W mobile-ffmpeg: [mp4 @ 0x78d69ec800] changing to 308324. This may result in incorrect timestamps in the output file.
07-06 02:03:11.189 25792 26208 W mobile-ffmpeg: [mp4 @ 0x78d69ec800] Non-monotonous DTS in output stream 0:0; previous: 308324, current: 181792; 
07-06 02:03:11.189 25792 26208 W mobile-ffmpeg: [mp4 @ 0x78d69ec800] changing to 308325. This may result in incorrect timestamps in the output file.
07-06 02:03:11.189 25792 26208 W mobile-ffmpeg: [mp4 @ 0x78d69ec800] Non-monotonous DTS in output stream 0:0; previous: 308325, current: 182320; 
07-06 02:03:11.189 25792 26208 W mobile-ffmpeg: [mp4 @ 0x78d69ec800] changing to 308326. This may result in incorrect timestamps in the output file.
07-06 02:03:11.189 25792 26208 W mobile-ffmpeg: [mp4 @ 0x78d69ec800] Non-monotonous DTS in output stream 0:0; previous: 308326, current: 182864; 
07-06 02:03:11.189 25792 26208 W mobile-ffmpeg: [mp4 @ 0x78d69ec800] changing to 308327. This may result in incorrect timestamps in the output file.
07-06 02:03:11.189 25792 26208 W mobile-ffmpeg: [mp4 @ 0x78d69ec800] Non-monotonous DTS in output stream 0:0; previous: 308327, current: 183392; 
07-06 02:03:11.189 25792 26208 W mobile-ffmpeg: [mp4 @ 0x78d69ec800] changing to 308328. This may result in incorrect timestamps in the output file.
07-06 02:03:11.189 25792 26208 W mobile-ffmpeg: [mp4 @ 0x78d69ec800] Non-monotonous DTS in output stream 0:0; previous: 308328, current: 183920; 
07-06 02:03:11.189 25792 26208 W mobile-ffmpeg: [mp4 @ 0x78d69ec800] changing to 308329. This may result in incorrect timestamps in the output file.
07-06 02:03:11.189 25792 26208 W mobile-ffmpeg: [mp4 @ 0x78d69ec800] Non-monotonous DTS in output stream 0:0; previous: 308329, current: 184448; 
07-06 02:03:11.190 25792 26208 W mobile-ffmpeg: [mp4 @ 0x78d69ec800] changing to 308330. This may result in incorrect timestamps in the output file.
07-06 02:03:11.190 25792 26208 W mobile-ffmpeg: [mp4 @ 0x78d69ec800] Non-monotonous DTS in output stream 0:0; previous: 308330, current: 184992; 
07-06 02:03:11.190 25792 26208 W mobile-ffmpeg: [mp4 @ 0x78d69ec800] changing to 308331. This may result in incorrect timestamps in the output file.
07-06 02:03:11.190 25792 26208 W mobile-ffmpeg: [mp4 @ 0x78d69ec800] Non-monotonous DTS in output stream 0:0; previous: 308331, current: 185520; 
07-06 02:03:11.190 25792 26208 W mobile-ffmpeg: [mp4 @ 0x78d69ec800] changing to 308332. This may result in incorrect timestamps in the output file.
07-06 02:03:11.190 25792 26208 W mobile-ffmpeg: [mp4 @ 0x78d69ec800] Non-monotonous DTS in output stream 0:0; previous: 308332, current: 186064; 
07-06 02:03:11.190 25792 26208 W mobile-ffmpeg: [mp4 @ 0x78d69ec800] changing to 308333. This may result in incorrect timestamps in the output file.
07-06 02:03:11.190 25792 26208 W mobile-ffmpeg: [mp4 @ 0x78d69ec800] Non-monotonous DTS in output stream 0:0; previous: 308333, current: 186592; 
07-06 02:03:11.190 25792 26208 W mobile-ffmpeg: [mp4 @ 0x78d69ec800] changing to 308334. This may result in incorrect timestamps in the output file.
07-06 02:03:11.190 25792 26208 W mobile-ffmpeg: [mp4 @ 0x78d69ec800] Non-monotonous DTS in output stream 0:0; previous: 308334, current: 187120; 
07-06 02:03:11.190 25792 26208 W mobile-ffmpeg: [mp4 @ 0x78d69ec800] changing to 308335. This may result in incorrect timestamps in the output file.
07-06 02:03:11.190 25792 26208 W mobile-ffmpeg: [mp4 @ 0x78d69ec800] Non-monotonous DTS in output stream 0:0; previous: 308335, current: 187664; 
07-06 02:03:11.190 25792 26208 W mobile-ffmpeg: [mp4 @ 0x78d69ec800] changing to 308336. This may result in incorrect timestamps in the output file.
07-06 02:03:11.191 25792 26208 W mobile-ffmpeg: [mp4 @ 0x78d69ec800] Non-monotonous DTS in output stream 0:0; previous: 308336, current: 188192; 
07-06 02:03:11.191 25792 26208 W mobile-ffmpeg: [mp4 @ 0x78d69ec800] changing to 308337. This may result in incorrect timestamps in the output file.
07-06 02:03:11.191 25792 26208 W mobile-ffmpeg: [mp4 @ 0x78d69ec800] Non-monotonous DTS in output stream 0:0; previous: 308337, current: 188720; 
07-06 02:03:11.191 25792 26208 W mobile-ffmpeg: [mp4 @ 0x78d69ec800] changing to 308338. This may result in incorrect timestamps in the output file.
07-06 02:03:11.191 25792 26208 W mobile-ffmpeg: [mp4 @ 0x78d69ec800] Non-monotonous DTS in output stream 0:0; previous: 308338, current: 189264; 
07-06 02:03:11.191 25792 26208 W mobile-ffmpeg: [mp4 @ 0x78d69ec800] changing to 308339. This may result in incorrect timestamps in the output file.
07-06 02:03:11.191 25792 26208 W mobile-ffmpeg: [mp4 @ 0x78d69ec800] Non-monotonous DTS in output stream 0:0; previous: 308339, current: 189792; 
07-06 02:03:11.191 25792 26208 W mobile-ffmpeg: [mp4 @ 0x78d69ec800] changing to 308340. This may result in incorrect timestamps in the output file.
07-06 02:03:11.191 25792 26208 W mobile-ffmpeg: [mp4 @ 0x78d69ec800] Non-monotonous DTS in output stream 0:0; previous: 308340, current: 190320; 
07-06 02:03:11.191 25792 26208 W mobile-ffmpeg: [mp4 @ 0x78d69ec800] changing to 308341. This may result in incorrect timestamps in the output file.
07-06 02:03:11.191 25792 26208 W mobile-ffmpeg: [mp4 @ 0x78d69ec800] Non-monotonous DTS in output stream 0:0; previous: 308341, current: 190864; 
07-06 02:03:11.191 25792 26208 W mobile-ffmpeg: [mp4 @ 0x78d69ec800] changing to 308342. This may result in incorrect timestamps in the output file.
07-06 02:03:11.191 25792 26208 W mobile-ffmpeg: [mp4 @ 0x78d69ec800] Non-monotonous DTS in output stream 0:0; previous: 308342, current: 191392; 
07-06 02:03:11.192 25792 26208 W mobile-ffmpeg: [mp4 @ 0x78d69ec800] changing to 308343. This may result in incorrect timestamps in the output file.
07-06 02:03:11.192 25792 26208 W mobile-ffmpeg: [mp4 @ 0x78d69ec800] Non-monotonous DTS in output stream 0:0; previous: 308343, current: 191920; 
07-06 02:03:11.192 25792 26208 W mobile-ffmpeg: [mp4 @ 0x78d69ec800] changing to 308344. This may result in incorrect timestamps in the output file.
07-06 02:03:11.192 25792 26208 W mobile-ffmpeg: [mp4 @ 0x78d69ec800] Non-monotonous DTS in output stream 0:0; previous: 308344, current: 192464; 
07-06 02:03:11.192 25792 26208 W mobile-ffmpeg: [mp4 @ 0x78d69ec800] changing to 308345. This may result in incorrect timestamps in the output file.
07-06 02:03:11.192 25792 26208 W mobile-ffmpeg: [mp4 @ 0x78d69ec800] Non-monotonous DTS in output stream 0:0; previous: 308345, current: 192992; 
07-06 02:03:11.192 25792 26208 W mobile-ffmpeg: [mp4 @ 0x78d69ec800] changing to 308346. This may result in incorrect timestamps in the output file.
07-06 02:03:11.192 25792 26208 W mobile-ffmpeg: [mp4 @ 0x78d69ec800] Non-monotonous DTS in output stream 0:0; previous: 308346, current: 193536; 
07-06 02:03:11.192 25792 26208 W mobile-ffmpeg: [mp4 @ 0x78d69ec800] changing to 308347. This may result in incorrect timestamps in the output file.
07-06 02:03:11.192 25792 26208 W mobile-ffmpeg: [mp4 @ 0x78d69ec800] Non-monotonous DTS in output stream 0:0; previous: 308347, current: 194064; 
07-06 02:03:11.192 25792 26208 W mobile-ffmpeg: [mp4 @ 0x78d69ec800] changing to 308348. This may result in incorrect timestamps in the output file.
07-06 02:03:11.193 25792 26208 W mobile-ffmpeg: [mp4 @ 0x78d69ec800] Non-monotonous DTS in output stream 0:0; previous: 308348, current: 194592; 
07-06 02:03:11.193 25792 26208 W mobile-ffmpeg: [mp4 @ 0x78d69ec800] changing to 308349. This may result in incorrect timestamps in the output file.
