--------- beginning of main
--------- beginning of system
06-29 22:43:18.748 11884 11884 W LogFactory: Truncating log tag length as it exceed 23, the limit imposed by Android on certain API Levels
06-29 22:43:46.008 11884 11884 E TransferService: No notification is passed in the intent. Unable to transition to foreground.
06-29 22:45:02.753 11884 11884 W NearbyFragment: Preferences:
06-29 22:45:02.753 11884 11884 W NearbyFragment:   Auto download: true
06-29 22:45:02.753 11884 11884 W NearbyFragment:   Algorithm: best
06-29 22:45:02.753 11884 11884 W NearbyFragment:   Fast scheduling: false
06-29 22:45:02.753 11884 11884 W NearbyFragment:   Segmentation: true
06-29 22:45:02.753 11884 11884 W NearbyFragment:   Auto segmentation: false
06-29 22:45:02.753 11884 11884 W NearbyFragment:   Segment number: 4
06-29 22:45:02.753 11884 11884 W NearbyFragment:   Noise tolerance: 45.00
06-29 22:45:02.753 11884 11884 W NearbyFragment:   Quality: 23
06-29 22:45:02.753 11884 11884 W NearbyFragment:   Speed: medium
06-29 22:45:02.753 11884 11884 W NearbyFragment:   Freeze duration: 1.00
06-29 22:45:02.754 11884 11884 W NearbyFragment: Download delay: 1s
06-29 22:45:02.754 11884 11884 W NearbyFragment: Started downloading from dashcam
06-29 22:45:18.775 11884 12117 W mobile-ffmpeg: 
06-29 22:45:18.775 11884 12117 W mobile-ffmpeg: [mov,mp4,m4a,3gp,3g2,mj2 @ 0x77428fc000] 
06-29 22:45:18.775 11884 12117 W mobile-ffmpeg: 
06-29 22:45:18.776 11884 12117 W mobile-ffmpeg: Found duplicated MOOV Atom. Skipped it
06-29 22:45:19.224 11884 11884 W NearbyFragment: Sending 20200312_150643!000.mp4 to Galaxy S8 [2802]
06-29 22:45:20.082 11884 11884 W DashDownloadManager: Successfully downloaded 20200312_150643.mp4 in 16.416s
06-29 22:45:23.472 11884 11884 W NearbyFragment: Sending 20200312_150643!001.mp4 to Galaxy S8 [2802]
06-29 22:45:27.715 11884 11884 W NearbyFragment: Sending 20200312_150643!002.mp4 to Galaxy S8 [2802]
06-29 22:45:32.099 11884 11884 W NearbyFragment: Sending 20200312_150643!003.mp4 to Galaxy S8 [2802]
06-29 22:45:42.561 11884 12117 W mobile-ffmpeg: 
06-29 22:45:42.561 11884 12117 W mobile-ffmpeg: [mov,mp4,m4a,3gp,3g2,mj2 @ 0x77428fc000] 
06-29 22:45:42.561 11884 12117 W mobile-ffmpeg: 
06-29 22:45:42.561 11884 12117 W mobile-ffmpeg: Found duplicated MOOV Atom. Skipped it
06-29 22:45:44.059 11884 11884 W NearbyFragment: Sending 20200312_150744!000.mp4 to Galaxy S8 [2802]
06-29 22:45:44.063 11884 11884 W DashDownloadManager: Successfully downloaded 20200312_150744.mp4 in 23.794s
06-29 22:45:48.050 11884 11884 W NearbyFragment: Sending 20200312_150744!001.mp4 to Galaxy S8 [2802]
06-29 22:45:52.533 11884 11884 W NearbyFragment: Sending 20200312_150744!002.mp4 to Galaxy S8 [2802]
06-29 22:45:56.693 11884 11884 W NearbyFragment: Sending 20200312_150744!003.mp4 to Galaxy S8 [2802]
06-29 22:46:06.584 11884 11884 W NearbyFragment: Completed downloading 20200312_150744!003.mp4 from Endpoint{id=L-ub, name=Galaxy S8 [2802]} in 00.194s
06-29 22:46:06.805 11884 11884 W FfmpegTools: Single segment returned, duration of 20200312_150744: 4.89
06-29 22:46:07.284 11884 12117 W mobile-ffmpeg: 
06-29 22:46:07.284 11884 12117 W mobile-ffmpeg: [mov,mp4,m4a,3gp,3g2,mj2 @ 0x77428fc000] 
06-29 22:46:07.284 11884 12117 W mobile-ffmpeg: 
06-29 22:46:07.284 11884 12117 W mobile-ffmpeg: Found duplicated MOOV Atom. Skipped it
06-29 22:46:08.039 11884 11884 W NearbyFragment: Sending 20200312_150844!000.mp4 to Galaxy S8 [2802]
06-29 22:46:08.043 11884 11884 W DashDownloadManager: Successfully downloaded 20200312_150844.mp4 in 22.916s
06-29 22:46:13.301 11884 11884 W NearbyFragment: Sending 20200312_150844!001.mp4 to Galaxy S8 [2802]
06-29 22:46:15.884 11884 11884 W NearbyFragment: Completed downloading 20200312_150844!000.mp4 from Endpoint{id=L-ub, name=Galaxy S8 [2802]} in 02.589s
06-29 22:46:19.705 11884 11884 W NearbyFragment: Sending 20200312_150844!002.mp4 to Galaxy S8 [2802]
06-29 22:46:22.197 11884 11884 W NearbyFragment: Completed downloading 20200312_150844!001.mp4 from Endpoint{id=L-ub, name=Galaxy S8 [2802]} in 02.500s
06-29 22:46:26.122 11884 11884 W NearbyFragment: Sending 20200312_150844!003.mp4 to Galaxy S8 [2802]
06-29 22:46:28.252 11884 11884 W NearbyFragment: Completed downloading 20200312_150844!002.mp4 from Endpoint{id=L-ub, name=Galaxy S8 [2802]} in 02.134s
06-29 22:46:32.719 11884 11884 W NearbyFragment: Completed downloading 20200312_150844!003.mp4 from Endpoint{id=L-ub, name=Galaxy S8 [2802]} in 01.637s
06-29 22:46:34.532 11884 11884 W FfmpegTools: Merged duration of 20200312_150844: 60.08
06-29 22:46:40.534 11884 12117 W mobile-ffmpeg: 
06-29 22:46:40.534 11884 12117 W mobile-ffmpeg: [mov,mp4,m4a,3gp,3g2,mj2 @ 0x77428fc000] 
06-29 22:46:40.534 11884 12117 W mobile-ffmpeg: 
06-29 22:46:40.534 11884 12117 W mobile-ffmpeg: Found duplicated MOOV Atom. Skipped it
06-29 22:46:42.039 11884 11884 W NearbyFragment: Sending 20200312_150944!000.mp4 to Galaxy S8 [2802]
06-29 22:46:42.043 11884 11884 W DashDownloadManager: Successfully downloaded 20200312_150944.mp4 in 32.924s
06-29 22:46:53.081 11884 11884 W NearbyFragment: Sending 20200312_150944!001.mp4 to Galaxy S8 [2802]
06-29 22:46:53.463 11884 11884 W NearbyFragment: Completed downloading 20200312_150944!000.mp4 from Endpoint{id=L-ub, name=Galaxy S8 [2802]} in 00.386s
06-29 22:46:57.525 11884 11884 W NearbyFragment: Sending 20200312_150944!002.mp4 to Galaxy S8 [2802]
06-29 22:47:02.104 11884 11884 W NearbyFragment: Sending 20200312_150944!003.mp4 to Galaxy S8 [2802]
06-29 22:47:04.630 11884 12117 W mobile-ffmpeg: 
06-29 22:47:04.631 11884 12117 W mobile-ffmpeg: [mov,mp4,m4a,3gp,3g2,mj2 @ 0x77428fc000] 
06-29 22:47:04.631 11884 12117 W mobile-ffmpeg: 
06-29 22:47:04.631 11884 12117 W mobile-ffmpeg: Found duplicated MOOV Atom. Skipped it
06-29 22:47:05.330 11884 11884 W NearbyFragment: Sending 20200312_151044!000.mp4 to Nexus 5 [1825]
06-29 22:47:05.333 11884 11884 W DashDownloadManager: Successfully downloaded 20200312_151044.mp4 in 22.212s
06-29 22:47:05.713 11884 11884 W FfmpegTools: Single segment returned, duration of 20200312_150944: 7.07
06-29 22:47:06.050 11884 11884 W NearbyFragment: Sending 20200312_151044!001.mp4 to Galaxy S8 [2802]
06-29 22:47:13.289 11884 11884 W NearbyFragment: Sending 20200312_151044!002.mp4 to Galaxy S8 [2802]
06-29 22:47:15.451 11884 11884 W NearbyFragment: Sending 20200312_151044!003.mp4 to Nexus 5 [1825]
06-29 22:47:31.015 11884 12117 W mobile-ffmpeg: 
06-29 22:47:31.015 11884 12117 W mobile-ffmpeg: [mov,mp4,m4a,3gp,3g2,mj2 @ 0x77428fc000] 
06-29 22:47:31.015 11884 12117 W mobile-ffmpeg: 
06-29 22:47:31.015 11884 12117 W mobile-ffmpeg: Found duplicated MOOV Atom. Skipped it
06-29 22:47:32.494 11884 11884 W NearbyFragment: Sending 20200312_193528!000.mp4 to Galaxy S8 [2802]
06-29 22:47:32.498 11884 11884 W DashDownloadManager: Successfully downloaded 20200312_193528.mp4 in 26.068s
06-29 22:47:36.612 11884 11884 W NearbyFragment: Sending 20200312_193528!001.mp4 to Galaxy S8 [2802]
06-29 22:47:41.095 11884 11884 W NearbyFragment: Sending 20200312_193528!002.mp4 to Galaxy S8 [2802]
06-29 22:47:45.417 11884 11884 W NearbyFragment: Sending 20200312_193528!003.mp4 to Galaxy S8 [2802]
06-29 22:47:56.354 11884 12117 W mobile-ffmpeg: 
06-29 22:47:56.354 11884 12117 W mobile-ffmpeg: [mov,mp4,m4a,3gp,3g2,mj2 @ 0x77428fc000] 
06-29 22:47:56.354 11884 12117 W mobile-ffmpeg: 
06-29 22:47:56.354 11884 12117 W mobile-ffmpeg: Found duplicated MOOV Atom. Skipped it
06-29 22:47:57.092 11884 11884 W NearbyFragment: Sending 20200312_193628!000.mp4 to Galaxy S8 [2802]
06-29 22:47:57.095 11884 11884 W DashDownloadManager: Successfully downloaded 20200312_193628.mp4 in 23.543s
06-29 22:48:02.098 11884 11884 W NearbyFragment: Sending 20200312_193628!001.mp4 to Galaxy S8 [2802]
06-29 22:48:06.290 11884 11884 W NearbyFragment: Sending 20200312_193628!002.mp4 to Galaxy S8 [2802]
06-29 22:48:10.423 11884 11884 W NearbyFragment: Sending 20200312_193628!003.mp4 to Galaxy S8 [2802]
06-29 22:48:21.062 11884 11884 W NearbyFragment: Completed downloading 20200312_193628!003.mp4 from Endpoint{id=L-ub, name=Galaxy S8 [2802]} in 00.188s
06-29 22:48:21.194 11884 11884 W FfmpegTools: Single segment returned, duration of 20200312_193628: 6.16
06-29 22:48:21.851 11884 12117 W mobile-ffmpeg: 
06-29 22:48:21.851 11884 12117 W mobile-ffmpeg: [mov,mp4,m4a,3gp,3g2,mj2 @ 0x77505f1800] 
06-29 22:48:21.851 11884 12117 W mobile-ffmpeg: 
06-29 22:48:21.851 11884 12117 W mobile-ffmpeg: Found duplicated MOOV Atom. Skipped it
06-29 22:48:22.585 11884 11884 W NearbyFragment: Sending 20200312_193728!000.mp4 to Galaxy S8 [2802]
06-29 22:48:22.588 11884 11884 W DashDownloadManager: Successfully downloaded 20200312_193728.mp4 in 24.422s
06-29 22:48:27.702 11884 11884 W NearbyFragment: Sending 20200312_193728!001.mp4 to Galaxy S8 [2802]
06-29 22:48:29.881 11884 11884 W NearbyFragment: Completed downloading 20200312_193728!000.mp4 from Endpoint{id=L-ub, name=Galaxy S8 [2802]} in 02.186s
06-29 22:48:33.698 11884 11884 W NearbyFragment: Sending 20200312_193728!002.mp4 to Galaxy S8 [2802]
06-29 22:48:36.112 11884 11884 W NearbyFragment: Completed downloading 20200312_193728!001.mp4 from Endpoint{id=L-ub, name=Galaxy S8 [2802]} in 02.422s
06-29 22:48:40.491 11884 11884 W NearbyFragment: Sending 20200312_193728!003.mp4 to Galaxy S8 [2802]
06-29 22:48:44.001 11884 11884 W NearbyFragment: Completed downloading 20200312_193728!002.mp4 from Endpoint{id=L-ub, name=Galaxy S8 [2802]} in 03.513s
06-29 22:48:45.819 11884 11884 W NearbyFragment: Completed downloading 20200312_193728!003.mp4 from Endpoint{id=L-ub, name=Galaxy S8 [2802]} in 00.867s
06-29 22:48:47.624 11884 11884 W FfmpegTools: Merged duration of 20200312_193728: 60.07
06-29 22:48:54.444 11884 12117 W mobile-ffmpeg: 
06-29 22:48:54.444 11884 12117 W mobile-ffmpeg: [mov,mp4,m4a,3gp,3g2,mj2 @ 0x77505f1800] 
06-29 22:48:54.444 11884 12117 W mobile-ffmpeg: 
06-29 22:48:54.444 11884 12117 W mobile-ffmpeg: Found duplicated MOOV Atom. Skipped it
06-29 22:48:56.045 11884 11884 W NearbyFragment: Sending 20200312_193828!000.mp4 to Galaxy S8 [2802]
06-29 22:48:56.049 11884 11884 W DashDownloadManager: Successfully downloaded 20200312_193828.mp4 in 32.416s
06-29 22:49:14.286 11884 11884 W NearbyFragment: Sending 20200312_193828!001.mp4 to Galaxy S8 [2802]
06-29 22:49:14.577 11884 11884 W NearbyFragment: Completed downloading 20200312_193828!000.mp4 from Endpoint{id=L-ub, name=Galaxy S8 [2802]} in 00.302s
06-29 22:49:18.994 11884 11884 W NearbyFragment: Sending 20200312_193828!002.mp4 to Galaxy S8 [2802]
06-29 22:49:23.144 11884 11884 W NearbyFragment: Sending 20200312_193828!003.mp4 to Galaxy S8 [2802]
06-29 22:49:24.609 11884 12117 W mobile-ffmpeg: 
06-29 22:49:24.610 11884 12117 W mobile-ffmpeg: [mov,mp4,m4a,3gp,3g2,mj2 @ 0x77504d8200] 
06-29 22:49:24.610 11884 12117 W mobile-ffmpeg: 
06-29 22:49:24.610 11884 12117 W mobile-ffmpeg: Found duplicated MOOV Atom. Skipped it
06-29 22:49:26.151 11884 11884 W NearbyFragment: Sending 20200312_193928!000.mp4 to Nexus 5 [1825]
06-29 22:49:26.154 11884 11884 W DashDownloadManager: Successfully downloaded 20200312_193928.mp4 in 29.000s
06-29 22:49:26.617 11884 11884 W FfmpegTools: Single segment returned, duration of 20200312_193828: 14.28
06-29 22:49:26.783 11884 11884 W NearbyFragment: Sending 20200312_193928!001.mp4 to Galaxy S8 [2802]
06-29 22:49:34.094 11884 11884 W NearbyFragment: Sending 20200312_193928!002.mp4 to Galaxy S8 [2802]
06-29 22:49:35.804 11884 11884 W NearbyFragment: Sending 20200312_193928!003.mp4 to Nexus 5 [1825]
06-29 22:49:55.699 11884 12117 W mobile-ffmpeg: 
06-29 22:49:55.699 11884 12117 W mobile-ffmpeg: [mov,mp4,m4a,3gp,3g2,mj2 @ 0x77504d8200] 
06-29 22:49:55.699 11884 12117 W mobile-ffmpeg: 
06-29 22:49:55.699 11884 12117 W mobile-ffmpeg: Found duplicated MOOV Atom. Skipped it
06-29 22:49:56.470 11884 11884 W NearbyFragment: Sending 20200312_194129!000.mp4 to Galaxy S8 [2802]
06-29 22:49:56.473 11884 11884 W DashDownloadManager: Successfully downloaded 20200312_194129.mp4 in 29.246s
06-29 22:50:00.794 11884 11884 W NearbyFragment: Sending 20200312_194129!001.mp4 to Galaxy S8 [2802]
06-29 22:50:09.309 11884 11884 W NearbyFragment: Sending 20200312_194129!002.mp4 to Galaxy S8 [2802]
06-29 22:50:09.401 11884 11884 W NearbyFragment: Completed downloading 20200312_194129!001.mp4 from Endpoint{id=L-ub, name=Galaxy S8 [2802]} in 00.100s
06-29 22:50:20.837 11884 11884 W NearbyFragment: Sending 20200312_194129!003.mp4 to Galaxy S8 [2802]
06-29 22:50:21.118 11884 11884 W NearbyFragment: Completed downloading 20200312_194129!002.mp4 from Endpoint{id=L-ub, name=Galaxy S8 [2802]} in 00.283s
06-29 22:50:24.508 11884 12117 W mobile-ffmpeg: 
06-29 22:50:24.508 11884 12117 W mobile-ffmpeg: [mov,mp4,m4a,3gp,3g2,mj2 @ 0x77504d8200] 
06-29 22:50:24.508 11884 12117 W mobile-ffmpeg: 
06-29 22:50:24.508 11884 12117 W mobile-ffmpeg: Found duplicated MOOV Atom. Skipped it
06-29 22:50:26.241 11884 11884 W NearbyFragment: Sending 20200312_194229!000.mp4 to Nexus 5 [1825]
06-29 22:50:26.244 11884 11884 W DashDownloadManager: Successfully downloaded 20200312_194229.mp4 in 28.708s
06-29 22:50:27.753 11884 11884 W NearbyFragment: Sending 20200312_194229!001.mp4 to Galaxy S8 [2802]
06-29 22:50:27.864 11884 11884 W NearbyFragment: Completed downloading 20200312_194129!003.mp4 from Endpoint{id=L-ub, name=Galaxy S8 [2802]} in 00.115s
06-29 22:50:28.198 11884 11884 W FfmpegTools: Merged duration of 20200312_194129: 11.04
06-29 22:50:45.294 11884 11884 W NearbyFragment: Sending 20200312_194229!002.mp4 to Galaxy S8 [2802]
06-29 22:50:45.585 11884 11884 W NearbyFragment: Completed downloading 20200312_194229!001.mp4 from Endpoint{id=L-ub, name=Galaxy S8 [2802]} in 00.298s
06-29 22:50:49.417 11884 11884 W NearbyFragment: Sending 20200312_194229!003.mp4 to Galaxy S8 [2802]
06-29 22:50:54.456 11884 12117 W mobile-ffmpeg: 
06-29 22:50:54.456 11884 12117 W mobile-ffmpeg: [mov,mp4,m4a,3gp,3g2,mj2 @ 0x77504d8200] 
06-29 22:50:54.456 11884 12117 W mobile-ffmpeg: 
06-29 22:50:54.456 11884 12117 W mobile-ffmpeg: Found duplicated MOOV Atom. Skipped it
06-29 22:50:55.192 11884 11884 W NearbyFragment: Sending 20200312_194330!000.mp4 to Galaxy S8 [2802]
06-29 22:50:55.195 11884 11884 W DashDownloadManager: Successfully downloaded 20200312_194330.mp4 in 27.880s
06-29 22:50:55.200 11884 11884 W NearbyFragment: Sending 20200312_194330!001.mp4 to Nexus 5 [1825]
06-29 22:50:55.210 11884 11884 W NearbyFragment: Completed downloading 20200312_194229!000.mp4 from Endpoint{id=O4nr, name=Nexus 5 [1825]} in 00.010s
06-29 22:50:55.580 11884 11884 W FfmpegTools: Merged duration of 20200312_194229: 14.35
06-29 22:50:59.480 11884 11884 W NearbyFragment: Sending 20200312_194330!002.mp4 to Galaxy S8 [2802]
06-29 22:51:04.413 11884 11884 W NearbyFragment: Sending 20200312_194330!003.mp4 to Galaxy S8 [2802]
06-29 22:51:23.454 11884 12117 W mobile-ffmpeg: 
06-29 22:51:23.454 11884 12117 W mobile-ffmpeg: [mov,mp4,m4a,3gp,3g2,mj2 @ 0x77504d8200] 
06-29 22:51:23.454 11884 12117 W mobile-ffmpeg: 
06-29 22:51:23.454 11884 12117 W mobile-ffmpeg: Found duplicated MOOV Atom. Skipped it
06-29 22:51:24.366 11884 11884 W NearbyFragment: Sending 20200312_194730!000.mp4 to Galaxy S8 [2802]
06-29 22:51:24.371 11884 11884 W DashDownloadManager: Successfully downloaded 20200312_194730.mp4 in 28.115s
06-29 22:51:28.524 11884 11884 W NearbyFragment: Sending 20200312_194730!001.mp4 to Galaxy S8 [2802]
06-29 22:51:32.541 11884 11884 W NearbyFragment: Sending 20200312_194730!002.mp4 to Galaxy S8 [2802]
06-29 22:51:37.037 11884 11884 W NearbyFragment: Sending 20200312_194730!003.mp4 to Galaxy S8 [2802]
06-29 22:51:52.674 11884 12117 W mobile-ffmpeg: 
06-29 22:51:52.674 11884 12117 W mobile-ffmpeg: [mov,mp4,m4a,3gp,3g2,mj2 @ 0x77504d8200] 
06-29 22:51:52.674 11884 12117 W mobile-ffmpeg: 
06-29 22:51:52.674 11884 12117 W mobile-ffmpeg: Found duplicated MOOV Atom. Skipped it
06-29 22:51:53.908 11884 11884 W NearbyFragment: Sending 20200312_194830!000.mp4 to Galaxy S8 [2802]
06-29 22:51:53.911 11884 11884 W DashDownloadManager: Successfully downloaded 20200312_194830.mp4 in 28.455s
06-29 22:52:03.301 11884 11884 W NearbyFragment: Sending 20200312_194830!001.mp4 to Galaxy S8 [2802]
06-29 22:52:03.476 11884 11884 W NearbyFragment: Completed downloading 20200312_194830!000.mp4 from Endpoint{id=L-ub, name=Galaxy S8 [2802]} in 00.186s
06-29 22:52:16.503 11884 11884 W NearbyFragment: Sending 20200312_194830!002.mp4 to Galaxy S8 [2802]
06-29 22:52:16.744 11884 11884 W NearbyFragment: Completed downloading 20200312_194830!001.mp4 from Endpoint{id=L-ub, name=Galaxy S8 [2802]} in 00.255s
06-29 22:52:21.610 11884 12117 W mobile-ffmpeg: 
06-29 22:52:21.610 11884 12117 W mobile-ffmpeg: [mov,mp4,m4a,3gp,3g2,mj2 @ 0x77504d8200] 
06-29 22:52:21.610 11884 12117 W mobile-ffmpeg: 
06-29 22:52:21.611 11884 12117 W mobile-ffmpeg: Found duplicated MOOV Atom. Skipped it
06-29 22:52:23.379 11884 11884 W NearbyFragment: Sending 20200312_194830!003.mp4 to Nexus 5 [1825]
06-29 22:52:23.383 11884 11884 W DashDownloadManager: Successfully downloaded 20200312_194930.mp4 in 28.392s
06-29 22:52:30.350 11884 11884 W NearbyFragment: Sending 20200312_194930!000.mp4 to Galaxy S8 [2802]
06-29 22:52:30.559 11884 11884 W NearbyFragment: Completed downloading 20200312_194830!002.mp4 from Endpoint{id=L-ub, name=Galaxy S8 [2802]} in 00.219s
06-29 22:52:32.568 11884 11884 W FfmpegTools: Merged duration of 20200312_194830: 20.90
06-29 22:52:32.637 11884 11884 W NearbyFragment: Sending 20200312_194930!001.mp4 to Nexus 5 [1825]
06-29 22:52:46.900 11884 11884 W NearbyFragment: Sending 20200312_194930!002.mp4 to Galaxy S8 [2802]
06-29 22:52:47.179 11884 11884 W NearbyFragment: Completed downloading 20200312_194930!000.mp4 from Endpoint{id=L-ub, name=Galaxy S8 [2802]} in 00.282s
06-29 22:52:51.398 11884 11884 W NearbyFragment: Sending 20200312_194930!003.mp4 to Nexus 5 [1825]
06-29 22:52:51.491 11884 11884 W NearbyFragment: Completed downloading 20200312_194930!001.mp4 from Endpoint{id=O4nr, name=Nexus 5 [1825]} in 00.101s
06-29 22:52:58.489 11884 12117 W mobile-ffmpeg: 
06-29 22:52:58.489 11884 12117 W mobile-ffmpeg: [mov,mp4,m4a,3gp,3g2,mj2 @ 0x77504d8200] 
06-29 22:52:58.489 11884 12117 W mobile-ffmpeg: 
06-29 22:52:58.489 11884 12117 W mobile-ffmpeg: Found duplicated MOOV Atom. Skipped it
06-29 22:53:00.041 11884 11884 W NearbyFragment: Sending 20200312_195230!000.mp4 to Galaxy S8 [2802]
06-29 22:53:00.044 11884 11884 W DashDownloadManager: Successfully downloaded 20200312_195230.mp4 in 35.589s
06-29 22:53:03.969 11884 11884 W NearbyFragment: Sending 20200312_195230!001.mp4 to Galaxy S8 [2802]
06-29 22:53:16.015 11884 11884 W NearbyFragment: Sending 20200312_195230!002.mp4 to Galaxy S8 [2802]
06-29 22:53:16.208 11884 11884 W NearbyFragment: Completed downloading 20200312_195230!001.mp4 from Endpoint{id=L-ub, name=Galaxy S8 [2802]} in 00.198s
06-29 22:53:20.551 11884 11884 W NearbyFragment: Sending 20200312_195230!003.mp4 to Galaxy S8 [2802]
06-29 22:53:23.824 11884 11884 W FfmpegTools: Single segment returned, duration of 20200312_195230: 6.97
06-29 22:53:29.147 11884 12117 W mobile-ffmpeg: 
06-29 22:53:29.147 11884 12117 W mobile-ffmpeg: [mov,mp4,m4a,3gp,3g2,mj2 @ 0x77504d8200] 
06-29 22:53:29.147 11884 12117 W mobile-ffmpeg: 
06-29 22:53:29.147 11884 12117 W mobile-ffmpeg: Found duplicated MOOV Atom. Skipped it
06-29 22:53:30.677 11884 11884 W NearbyFragment: Sending 20200312_195330!000.mp4 to Galaxy S8 [2802]
06-29 22:53:30.681 11884 11884 W DashDownloadManager: Successfully downloaded 20200312_195330.mp4 in 29.577s
06-29 22:53:32.866 11884 11884 W NearbyFragment: Sending 20200312_195330!001.mp4 to Nexus 5 [1825]
06-29 22:53:33.843 11884 11884 W NearbyFragment: Completed downloading 20200312_194930!003.mp4 from Endpoint{id=O4nr, name=Nexus 5 [1825]} in 00.982s
06-29 22:53:34.325 11884 11884 W FfmpegTools: Merged duration of 20200312_194930: 22.33
06-29 22:53:37.786 11884 11884 W NearbyFragment: Sending 20200312_195330!002.mp4 to Galaxy S8 [2802]
06-29 22:53:37.861 11884 11884 W NearbyFragment: Completed downloading 20200312_195330!000.mp4 from Endpoint{id=L-ub, name=Galaxy S8 [2802]} in 00.083s
06-29 22:53:51.040 11884 11884 W NearbyFragment: Sending 20200312_195330!003.mp4 to Galaxy S8 [2802]
06-29 22:53:51.249 11884 11884 W NearbyFragment: Completed downloading 20200312_195330!002.mp4 from Endpoint{id=L-ub, name=Galaxy S8 [2802]} in 00.215s
06-29 22:53:58.322 11884 11884 W NearbyFragment: Completed downloading 20200312_195330!003.mp4 from Endpoint{id=L-ub, name=Galaxy S8 [2802]} in 00.179s
06-29 22:54:03.137 11884 12117 W mobile-ffmpeg: 
06-29 22:54:03.137 11884 12117 W mobile-ffmpeg: [mov,mp4,m4a,3gp,3g2,mj2 @ 0x77504d8200] 
06-29 22:54:03.137 11884 12117 W mobile-ffmpeg: 
06-29 22:54:03.137 11884 12117 W mobile-ffmpeg: Found duplicated MOOV Atom. Skipped it
06-29 22:54:04.768 11884 11884 W NearbyFragment: Sending 20200312_195430!000.mp4 to Galaxy S8 [2802]
06-29 22:54:04.772 11884 11884 W DashDownloadManager: Successfully downloaded 20200312_195430.mp4 in 32.983s
06-29 22:54:05.781 11884 12101 W NearbyFragment: Stopped downloading from dashcam
06-29 22:54:14.223 11884 11884 W NearbyFragment: Sending 20200312_195430!001.mp4 to Galaxy S8 [2802]
06-29 22:54:14.320 11884 11884 W NearbyFragment: Completed downloading 20200312_195430!000.mp4 from Endpoint{id=L-ub, name=Galaxy S8 [2802]} in 00.105s
06-29 22:54:23.777 11884 11884 W NearbyFragment: Sending 20200312_195430!002.mp4 to Nexus 5 [1825]
06-29 22:54:24.217 11884 11884 W NearbyFragment: Sending 20200312_195430!003.mp4 to Galaxy S8 [2802]
06-29 22:54:24.236 11884 11884 W NearbyFragment: Completed downloading 20200312_195330!001.mp4 from Endpoint{id=O4nr, name=Nexus 5 [1825]} in 00.467s
06-29 22:54:24.691 11884 11884 W FfmpegTools: Merged duration of 20200312_195330: 24.63
06-29 22:54:24.727 11884 11884 W NearbyFragment: Completed downloading 20200312_195430!001.mp4 from Endpoint{id=L-ub, name=Galaxy S8 [2802]} in 00.514s
06-29 22:54:34.490 11884 11884 W NearbyFragment: Completed downloading 20200312_195430!003.mp4 from Endpoint{id=L-ub, name=Galaxy S8 [2802]} in 00.114s
06-29 22:55:00.235 11884 11884 W NearbyFragment: Completed downloading 20200312_195430!002.mp4 from Endpoint{id=O4nr, name=Nexus 5 [1825]} in 00.181s
06-29 22:55:00.609 11884 11884 W FfmpegTools: Merged duration of 20200312_195430: 21.94
