--------- beginning of main
06-28 22:05:54.735 30780 30780 E Zygote  : isWhitelistProcess - Process is Whitelisted
06-28 22:05:54.738 30780 30780 E Zygote  : accessInfo : 1
06-28 22:05:56.764 30780 30780 W LogFactory: Truncating log tag length as it exceed 23, the limit imposed by Android on certain API Levels
06-28 22:06:01.831 30780 30780 W ActivityThread: handleWindowVisibility: no activity for token android.os.BinderProxy@14e9988
06-28 22:06:01.915 30780 30780 W example.edgesu: Accessing hidden method Landroid/graphics/drawable/Drawable;->getOpticalInsets()Landroid/graphics/Insets; (light greylist, linking)
06-28 22:06:01.915 30780 30780 W example.edgesu: Accessing hidden field Landroid/graphics/Insets;->left:I (light greylist, linking)
06-28 22:06:01.915 30780 30780 W example.edgesu: Accessing hidden field Landroid/graphics/Insets;->right:I (light greylist, linking)
06-28 22:06:01.915 30780 30780 W example.edgesu: Accessing hidden field Landroid/graphics/Insets;->top:I (light greylist, linking)
06-28 22:06:01.915 30780 30780 W example.edgesu: Accessing hidden field Landroid/graphics/Insets;->bottom:I (light greylist, linking)
06-28 22:06:01.967 30780 30780 W example.edgesu: Accessing hidden method Landroid/view/View;->computeFitSystemWindows(Landroid/graphics/Rect;Landroid/graphics/Rect;)Z (light greylist, reflection)
06-28 22:06:01.968 30780 30780 W example.edgesu: Accessing hidden method Landroid/view/ViewGroup;->makeOptionalFitsSystemWindows()V (light greylist, reflection)
06-28 22:06:02.074 30780 30780 W example.edgesu: Accessing hidden method Landroid/widget/TextView;->getTextDirectionHeuristic()Landroid/text/TextDirectionHeuristic; (light greylist, linking)
06-28 22:06:02.082 30780 30780 W example.edgesu: Accessing hidden field Landroid/view/View;->mAccessibilityDelegate:Landroid/view/View$AccessibilityDelegate; (light greylist, reflection)
06-28 22:06:02.414 30780 30780 E TransferService: No notification is passed in the intent. Unable to transition to foreground.
06-28 22:06:02.463 30780 30780 W StaticLayout: maxLineHeight should not be -1.  maxLines:1 lineCount:1
06-28 22:06:02.474 30780 30780 W StaticLayout: maxLineHeight should not be -1.  maxLines:1 lineCount:1
06-28 22:06:02.484 30780 30780 W StaticLayout: maxLineHeight should not be -1.  maxLines:1 lineCount:1
06-28 22:06:02.489 30780 30780 W StaticLayout: maxLineHeight should not be -1.  maxLines:1 lineCount:1
06-28 22:06:02.507 30780 30780 W StaticLayout: maxLineHeight should not be -1.  maxLines:1 lineCount:1
06-28 22:06:02.511 30780 30780 W StaticLayout: maxLineHeight should not be -1.  maxLines:1 lineCount:1
06-28 22:06:18.504 30780 30780 W example.edgesu: Accessing hidden method Landroid/graphics/FontFamily;-><init>()V (light greylist, reflection)
06-28 22:06:18.504 30780 30780 W example.edgesu: Accessing hidden method Landroid/graphics/FontFamily;->addFontFromAssetManager(Landroid/content/res/AssetManager;Ljava/lang/String;IZIII[Landroid/graphics/fonts/FontVariationAxis;)Z (light greylist, reflection)
06-28 22:06:18.505 30780 30780 W example.edgesu: Accessing hidden method Landroid/graphics/FontFamily;->addFontFromBuffer(Ljava/nio/ByteBuffer;I[Landroid/graphics/fonts/FontVariationAxis;II)Z (light greylist, reflection)
06-28 22:06:18.505 30780 30780 W example.edgesu: Accessing hidden method Landroid/graphics/FontFamily;->freeze()Z (light greylist, reflection)
06-28 22:06:18.505 30780 30780 W example.edgesu: Accessing hidden method Landroid/graphics/FontFamily;->abortCreation()V (light greylist, reflection)
06-28 22:06:18.506 30780 30780 W example.edgesu: Accessing hidden method Landroid/graphics/Typeface;->createFromFamiliesWithDefault([Landroid/graphics/FontFamily;Ljava/lang/String;II)Landroid/graphics/Typeface; (light greylist, reflection)
06-28 22:07:04.881 30780 30842 W libEGL  : EGLNativeWindowType 0x778e981010 disconnect failed
06-28 22:07:06.538 30780 30842 W libEGL  : EGLNativeWindowType 0x778e981010 disconnect failed
06-28 22:07:06.632 30780 30780 E ViewRootImpl: sendUserActionEvent() returned.
06-28 22:08:49.046 30780 30780 W NearbyFragment: Completed downloading 20200312_150643!000.mp4 from Endpoint{id=jKt9, name=Nexus 5X [34d8]} in 02.300s
06-28 22:08:51.281 30780 31607 W Summariser: No activity detected
06-28 22:08:51.336 30780 31607 W Summariser: Summarisation completed
06-28 22:08:51.336 30780 31607 W Summariser:   filename: 20200312_150643!000.mp4
06-28 22:08:51.336 30780 31607 W Summariser:   active sections: 0
06-28 22:08:51.336 30780 31607 W Summariser:   time: 02.112s
06-28 22:08:51.336 30780 31607 W Summariser:   original duration: 16.07
06-28 22:08:51.336 30780 31607 W Summariser:   noise tolerance: 45.00
06-28 22:08:51.336 30780 31607 W Summariser:   quality: 23
06-28 22:08:51.336 30780 31607 W Summariser:   speed: medium
06-28 22:08:51.336 30780 31607 W Summariser:   freeze duration: 1.00
06-28 22:08:54.168 30780 30780 W NearbyFragment: Completed downloading 20200312_150643!002.mp4 from Endpoint{id=jKt9, name=Nexus 5X [34d8]} in 02.735s
06-28 22:08:56.162 30780 31638 W Summariser: No activity detected
06-28 22:08:56.222 30780 31638 W Summariser: Summarisation completed
06-28 22:08:56.222 30780 31638 W Summariser:   filename: 20200312_150643!002.mp4
06-28 22:08:56.222 30780 31638 W Summariser:   active sections: 0
06-28 22:08:56.222 30780 31638 W Summariser:   time: 01.934s
06-28 22:08:56.222 30780 31638 W Summariser:   original duration: 16.01
06-28 22:08:56.222 30780 31638 W Summariser:   noise tolerance: 45.00
06-28 22:08:56.222 30780 31638 W Summariser:   quality: 23
06-28 22:08:56.222 30780 31638 W Summariser:   speed: medium
06-28 22:08:56.222 30780 31638 W Summariser:   freeze duration: 1.00
06-28 22:08:57.900 30780 30780 W NearbyFragment: Completed downloading 20200312_150643!003.mp4 from Endpoint{id=jKt9, name=Nexus 5X [34d8]} in 01.608s
06-28 22:08:59.413 30780 31669 W Summariser: No activity detected
06-28 22:08:59.460 30780 31669 W Summariser: Summarisation completed
06-28 22:08:59.460 30780 31669 W Summariser:   filename: 20200312_150643!003.mp4
06-28 22:08:59.460 30780 31669 W Summariser:   active sections: 0
06-28 22:08:59.460 30780 31669 W Summariser:   time: 01.457s
06-28 22:08:59.460 30780 31669 W Summariser:   original duration: 12.01
06-28 22:08:59.460 30780 31669 W Summariser:   noise tolerance: 45.00
06-28 22:08:59.460 30780 31669 W Summariser:   quality: 23
06-28 22:08:59.460 30780 31669 W Summariser:   speed: medium
06-28 22:08:59.460 30780 31669 W Summariser:   freeze duration: 1.00
06-28 22:09:26.825 30780 30780 W NearbyFragment: Completed downloading 20200312_150744!001.mp4 from Endpoint{id=jKt9, name=Nexus 5X [34d8]} in 03.582s
06-28 22:09:28.845 30780 31709 W Summariser: No activity detected
06-28 22:09:28.906 30780 31709 W Summariser: Summarisation completed
06-28 22:09:28.906 30780 31709 W Summariser:   filename: 20200312_150744!001.mp4
06-28 22:09:28.906 30780 31709 W Summariser:   active sections: 0
06-28 22:09:28.906 30780 31709 W Summariser:   time: 01.947s
06-28 22:09:28.906 30780 31709 W Summariser:   original duration: 16.02
06-28 22:09:28.906 30780 31709 W Summariser:   noise tolerance: 45.00
06-28 22:09:28.906 30780 31709 W Summariser:   quality: 23
06-28 22:09:28.906 30780 31709 W Summariser:   speed: medium
06-28 22:09:28.906 30780 31709 W Summariser:   freeze duration: 1.00
06-28 22:09:40.413 30780 30780 W NearbyFragment: Completed downloading 20200312_150744!003.mp4 from Endpoint{id=jKt9, name=Nexus 5X [34d8]} in 01.604s
06-28 22:09:42.059 30780 31739 W Summariser: 1 active sections found
06-28 22:09:47.552 30780 30799 W System  : A resource failed to call close. 
06-28 22:09:47.553 30780 30799 W System  : A resource failed to call close. 
06-28 22:09:47.562 30780 31739 W Summariser: Summarisation completed
06-28 22:09:47.562 30780 31739 W Summariser:   filename: 20200312_150744!003.mp4
06-28 22:09:47.562 30780 31739 W Summariser:   active sections: 1
06-28 22:09:47.562 30780 31739 W Summariser:   time: 06.990s
06-28 22:09:47.562 30780 31739 W Summariser:   original duration: 12.03
06-28 22:09:47.562 30780 31739 W Summariser:   summarised duration: 4.89
06-28 22:09:47.562 30780 31739 W Summariser:   noise tolerance: 45.00
06-28 22:09:47.562 30780 31739 W Summariser:   quality: 23
06-28 22:09:47.562 30780 31739 W Summariser:   speed: medium
06-28 22:09:47.562 30780 31739 W Summariser:   freeze duration: 1.00
06-28 22:09:47.622 30780 31739 W NearbyFragment: Sending 20200312_150744!003.mp4 to Nexus 5X [34d8]
06-28 22:09:49.838 30780 30780 W NearbyFragment: Completed downloading 20200312_150844!001.mp4 from Endpoint{id=jKt9, name=Nexus 5X [34d8]} in 02.132s
06-28 22:09:51.918 30780 31803 W Summariser: Whole video is active
06-28 22:09:52.490 30780 31803 W Summariser: Summarisation completed
06-28 22:09:52.490 30780 31803 W Summariser:   filename: 20200312_150844!001.mp4
06-28 22:09:52.490 30780 31803 W Summariser:   active sections: -1
06-28 22:09:52.490 30780 31803 W Summariser:   time: 02.458s
06-28 22:09:52.490 30780 31803 W Summariser:   original duration: 16.01
06-28 22:09:52.490 30780 31803 W Summariser:   summarised duration: 16.01
06-28 22:09:52.490 30780 31803 W Summariser:   noise tolerance: 45.00
06-28 22:09:52.490 30780 31803 W Summariser:   quality: 23
06-28 22:09:52.490 30780 31803 W Summariser:   speed: medium
06-28 22:09:52.490 30780 31803 W Summariser:   freeze duration: 1.00
06-28 22:09:52.582 30780 31803 W NearbyFragment: Sending 20200312_150844!001.mp4 to Nexus 5X [34d8]
06-28 22:09:59.942 30780 30780 W NearbyFragment: Completed downloading 20200312_150844!002.mp4 from Endpoint{id=jKt9, name=Nexus 5X [34d8]} in 07.274s
06-28 22:10:02.000 30780 31836 W Summariser: Whole video is active
06-28 22:10:02.499 30780 31836 W Summariser: Summarisation completed
06-28 22:10:02.499 30780 31836 W Summariser:   filename: 20200312_150844!002.mp4
06-28 22:10:02.499 30780 31836 W Summariser:   active sections: -1
06-28 22:10:02.499 30780 31836 W Summariser:   time: 02.394s
06-28 22:10:02.499 30780 31836 W Summariser:   original duration: 16.01
06-28 22:10:02.499 30780 31836 W Summariser:   summarised duration: 16.01
06-28 22:10:02.499 30780 31836 W Summariser:   noise tolerance: 45.00
06-28 22:10:02.499 30780 31836 W Summariser:   quality: 23
06-28 22:10:02.499 30780 31836 W Summariser:   speed: medium
06-28 22:10:02.499 30780 31836 W Summariser:   freeze duration: 1.00
06-28 22:10:02.584 30780 31836 W NearbyFragment: Sending 20200312_150844!002.mp4 to Nexus 5X [34d8]
06-28 22:10:20.457 30780 30780 W NearbyFragment: Completed downloading 20200312_150944!000.mp4 from Endpoint{id=jKt9, name=Nexus 5X [34d8]} in 02.121s
06-28 22:10:22.433 30780 31870 W Summariser: 1 active sections found
06-28 22:10:29.226 30780 31870 W Summariser: Summarisation completed
06-28 22:10:29.226 30780 31870 W Summariser:   filename: 20200312_150944!000.mp4
06-28 22:10:29.226 30780 31870 W Summariser:   active sections: 1
06-28 22:10:29.226 30780 31870 W Summariser:   time: 08.634s
06-28 22:10:29.226 30780 31870 W Summariser:   original duration: 16.06
06-28 22:10:29.226 30780 31870 W Summariser:   summarised duration: 7.07
06-28 22:10:29.226 30780 31870 W Summariser:   noise tolerance: 45.00
06-28 22:10:29.226 30780 31870 W Summariser:   quality: 23
06-28 22:10:29.226 30780 31870 W Summariser:   speed: medium
06-28 22:10:29.226 30780 31870 W Summariser:   freeze duration: 1.00
06-28 22:10:29.267 30780 31870 W NearbyFragment: Sending 20200312_150944!000.mp4 to Nexus 5X [34d8]
06-28 22:10:42.970 30780 30780 W NearbyFragment: Completed downloading 20200312_150944!002.mp4 from Endpoint{id=jKt9, name=Nexus 5X [34d8]} in 01.802s
06-28 22:10:45.095 30780 31938 W Summariser: No activity detected
06-28 22:10:45.154 30780 31938 W Summariser: Summarisation completed
06-28 22:10:45.154 30780 31938 W Summariser:   filename: 20200312_150944!002.mp4
06-28 22:10:45.154 30780 31938 W Summariser:   active sections: 0
06-28 22:10:45.154 30780 31938 W Summariser:   time: 02.079s
06-28 22:10:45.154 30780 31938 W Summariser:   original duration: 16.01
06-28 22:10:45.154 30780 31938 W Summariser:   noise tolerance: 45.00
06-28 22:10:45.154 30780 31938 W Summariser:   quality: 23
06-28 22:10:45.154 30780 31938 W Summariser:   speed: medium
06-28 22:10:45.154 30780 31938 W Summariser:   freeze duration: 1.00
06-28 22:10:48.431 30780 30780 W NearbyFragment: Completed downloading 20200312_151044!000.mp4 from Endpoint{id=jKt9, name=Nexus 5X [34d8]} in 03.224s
06-28 22:10:50.377 30780 31973 W Summariser: No activity detected
06-28 22:10:50.427 30780 31973 W Summariser: Summarisation completed
06-28 22:10:50.427 30780 31973 W Summariser:   filename: 20200312_151044!000.mp4
06-28 22:10:50.427 30780 31973 W Summariser:   active sections: 0
06-28 22:10:50.427 30780 31973 W Summariser:   time: 01.869s
06-28 22:10:50.427 30780 31973 W Summariser:   original duration: 16.07
06-28 22:10:50.427 30780 31973 W Summariser:   noise tolerance: 45.00
06-28 22:10:50.427 30780 31973 W Summariser:   quality: 23
06-28 22:10:50.427 30780 31973 W Summariser:   speed: medium
06-28 22:10:50.427 30780 31973 W Summariser:   freeze duration: 1.00
06-28 22:10:52.577 30780 30780 W NearbyFragment: Completed downloading 20200312_151044!001.mp4 from Endpoint{id=jKt9, name=Nexus 5X [34d8]} in 01.937s
06-28 22:10:54.557 30780 32001 W Summariser: No activity detected
06-28 22:10:54.617 30780 32001 W Summariser: Summarisation completed
06-28 22:10:54.617 30780 32001 W Summariser:   filename: 20200312_151044!001.mp4
06-28 22:10:54.617 30780 32001 W Summariser:   active sections: 0
06-28 22:10:54.617 30780 32001 W Summariser:   time: 01.921s
06-28 22:10:54.617 30780 32001 W Summariser:   original duration: 16.02
06-28 22:10:54.617 30780 32001 W Summariser:   noise tolerance: 45.00
06-28 22:10:54.617 30780 32001 W Summariser:   quality: 23
06-28 22:10:54.617 30780 32001 W Summariser:   speed: medium
06-28 22:10:54.617 30780 32001 W Summariser:   freeze duration: 1.00
06-28 22:11:01.560 30780 30780 W NearbyFragment: Completed downloading 20200312_151044!003.mp4 from Endpoint{id=jKt9, name=Nexus 5X [34d8]} in 06.862s
06-28 22:11:01.586 30780 30799 W System  : A resource failed to call close. 
06-28 22:11:01.589 30780 30799 W System  : A resource failed to call close. 
06-28 22:11:03.018 30780 32032 W Summariser: No activity detected
06-28 22:11:03.067 30780 32032 W Summariser: Summarisation completed
06-28 22:11:03.067 30780 32032 W Summariser:   filename: 20200312_151044!003.mp4
06-28 22:11:03.067 30780 32032 W Summariser:   active sections: 0
06-28 22:11:03.067 30780 32032 W Summariser:   time: 01.394s
06-28 22:11:03.067 30780 32032 W Summariser:   original duration: 12.03
06-28 22:11:03.067 30780 32032 W Summariser:   noise tolerance: 45.00
06-28 22:11:03.067 30780 32032 W Summariser:   quality: 23
06-28 22:11:03.067 30780 32032 W Summariser:   speed: medium
06-28 22:11:03.067 30780 32032 W Summariser:   freeze duration: 1.00
06-28 22:11:18.707 30780 30780 W NearbyFragment: Completed downloading 20200312_193528!000.mp4 from Endpoint{id=jKt9, name=Nexus 5X [34d8]} in 06.487s
06-28 22:11:20.677 30780 32065 W Summariser: No activity detected
06-28 22:11:20.724 30780 32065 W Summariser: Summarisation completed
06-28 22:11:20.724 30780 32065 W Summariser:   filename: 20200312_193528!000.mp4
06-28 22:11:20.724 30780 32065 W Summariser:   active sections: 0
06-28 22:11:20.724 30780 32065 W Summariser:   time: 01.900s
06-28 22:11:20.724 30780 32065 W Summariser:   original duration: 16.06
06-28 22:11:20.724 30780 32065 W Summariser:   noise tolerance: 45.00
06-28 22:11:20.724 30780 32065 W Summariser:   quality: 23
06-28 22:11:20.724 30780 32065 W Summariser:   speed: medium
06-28 22:11:20.724 30780 32065 W Summariser:   freeze duration: 1.00
06-28 22:11:34.201 30780 30780 W NearbyFragment: Completed downloading 20200312_193528!002.mp4 from Endpoint{id=jKt9, name=Nexus 5X [34d8]} in 02.395s
06-28 22:11:36.200 30780 32099 W Summariser: No activity detected
06-28 22:11:36.248 30780 32099 W Summariser: Summarisation completed
06-28 22:11:36.248 30780 32099 W Summariser:   filename: 20200312_193528!002.mp4
06-28 22:11:36.248 30780 32099 W Summariser:   active sections: 0
06-28 22:11:36.248 30780 32099 W Summariser:   time: 01.945s
06-28 22:11:36.248 30780 32099 W Summariser:   original duration: 16.06
06-28 22:11:36.248 30780 32099 W Summariser:   noise tolerance: 45.00
06-28 22:11:36.248 30780 32099 W Summariser:   quality: 23
06-28 22:11:36.248 30780 32099 W Summariser:   speed: medium
06-28 22:11:36.248 30780 32099 W Summariser:   freeze duration: 1.00
06-28 22:11:43.583 30780 30780 W NearbyFragment: Completed downloading 20200312_193628!000.mp4 from Endpoint{id=jKt9, name=Nexus 5X [34d8]} in 05.694s
06-28 22:11:45.596 30780 32127 W Summariser: No activity detected
06-28 22:11:45.641 30780 32127 W Summariser: Summarisation completed
06-28 22:11:45.641 30780 32127 W Summariser:   filename: 20200312_193628!000.mp4
06-28 22:11:45.641 30780 32127 W Summariser:   active sections: 0
06-28 22:11:45.641 30780 32127 W Summariser:   time: 01.937s
06-28 22:11:45.641 30780 32127 W Summariser:   original duration: 16.07
06-28 22:11:45.641 30780 32127 W Summariser:   noise tolerance: 45.00
06-28 22:11:45.641 30780 32127 W Summariser:   quality: 23
06-28 22:11:45.641 30780 32127 W Summariser:   speed: medium
06-28 22:11:45.641 30780 32127 W Summariser:   freeze duration: 1.00
06-28 22:11:47.765 30780 30780 W NearbyFragment: Completed downloading 20200312_193628!001.mp4 from Endpoint{id=jKt9, name=Nexus 5X [34d8]} in 01.918s
06-28 22:11:49.886 30780 32156 W Summariser: No activity detected
06-28 22:11:49.942 30780 32156 W Summariser: Summarisation completed
06-28 22:11:49.942 30780 32156 W Summariser:   filename: 20200312_193628!001.mp4
06-28 22:11:49.942 30780 32156 W Summariser:   active sections: 0
06-28 22:11:49.942 30780 32156 W Summariser:   time: 02.068s
06-28 22:11:49.942 30780 32156 W Summariser:   original duration: 16.01
06-28 22:11:49.942 30780 32156 W Summariser:   noise tolerance: 45.00
06-28 22:11:49.942 30780 32156 W Summariser:   quality: 23
06-28 22:11:49.942 30780 32156 W Summariser:   speed: medium
06-28 22:11:49.942 30780 32156 W Summariser:   freeze duration: 1.00
06-28 22:11:53.633 30780 30780 W NearbyFragment: Completed downloading 20200312_193628!003.mp4 from Endpoint{id=jKt9, name=Nexus 5X [34d8]} in 03.609s
06-28 22:11:55.348 30780 32186 W Summariser: 1 active sections found
06-28 22:12:02.114 30780 32186 W Summariser: Summarisation completed
06-28 22:12:02.114 30780 32186 W Summariser:   filename: 20200312_193628!003.mp4
06-28 22:12:02.114 30780 32186 W Summariser:   active sections: 1
06-28 22:12:02.114 30780 32186 W Summariser:   time: 08.318s
06-28 22:12:02.114 30780 32186 W Summariser:   original duration: 12.03
06-28 22:12:02.114 30780 32186 W Summariser:   summarised duration: 6.16
06-28 22:12:02.114 30780 32186 W Summariser:   noise tolerance: 45.00
06-28 22:12:02.114 30780 32186 W Summariser:   quality: 23
06-28 22:12:02.114 30780 32186 W Summariser:   speed: medium
06-28 22:12:02.114 30780 32186 W Summariser:   freeze duration: 1.00
06-28 22:12:02.186 30780 32186 W NearbyFragment: Sending 20200312_193628!003.mp4 to Nexus 5X [34d8]
06-28 22:12:24.634 30780 30780 W NearbyFragment: Completed downloading 20200312_193728!001.mp4 from Endpoint{id=jKt9, name=Nexus 5X [34d8]} in 05.973s
06-28 22:12:26.742 30780 32253 W Summariser: Whole video is active
06-28 22:12:27.233 30780 32253 W Summariser: Summarisation completed
06-28 22:12:27.233 30780 32253 W Summariser:   filename: 20200312_193728!001.mp4
06-28 22:12:27.233 30780 32253 W Summariser:   active sections: -1
06-28 22:12:27.233 30780 32253 W Summariser:   time: 02.396s
06-28 22:12:27.233 30780 32253 W Summariser:   original duration: 16.01
06-28 22:12:27.233 30780 32253 W Summariser:   summarised duration: 16.01
06-28 22:12:27.233 30780 32253 W Summariser:   noise tolerance: 45.00
06-28 22:12:27.233 30780 32253 W Summariser:   quality: 23
06-28 22:12:27.233 30780 32253 W Summariser:   speed: medium
06-28 22:12:27.233 30780 32253 W Summariser:   freeze duration: 1.00
06-28 22:12:27.278 30780 32253 W NearbyFragment: Sending 20200312_193728!001.mp4 to Nexus 5X [34d8]
06-28 22:12:41.410 30780 30780 W NearbyFragment: Completed downloading 20200312_193728!003.mp4 from Endpoint{id=jKt9, name=Nexus 5X [34d8]} in 01.763s
06-28 22:12:43.055 30780 32291 W Summariser: Whole video is active
06-28 22:12:43.447 30780 32291 W Summariser: Summarisation completed
06-28 22:12:43.447 30780 32291 W Summariser:   filename: 20200312_193728!003.mp4
06-28 22:12:43.447 30780 32291 W Summariser:   active sections: -1
06-28 22:12:43.447 30780 32291 W Summariser:   time: 01.861s
06-28 22:12:43.447 30780 32291 W Summariser:   original duration: 11.98
06-28 22:12:43.447 30780 32291 W Summariser:   summarised duration: 11.98
06-28 22:12:43.447 30780 32291 W Summariser:   noise tolerance: 45.00
06-28 22:12:43.447 30780 32291 W Summariser:   quality: 23
06-28 22:12:43.447 30780 32291 W Summariser:   speed: medium
06-28 22:12:43.447 30780 32291 W Summariser:   freeze duration: 1.00
06-28 22:12:43.543 30780 32291 W NearbyFragment: Sending 20200312_193728!003.mp4 to Nexus 5X [34d8]
06-28 22:12:43.974 30780 30799 W System  : A resource failed to call close. 
06-28 22:12:43.974 30780 30799 W System  : A resource failed to call close. 
06-28 22:12:43.975 30780 30799 W System  : A resource failed to call close. 
06-28 22:12:43.975 30780 30799 W System  : A resource failed to call close. 
06-28 22:12:43.982 30780 30799 W System  : A resource failed to call close. 
06-28 22:12:43.982 30780 30799 W System  : A resource failed to call close. 
06-28 22:12:43.982 30780 30799 W System  : A resource failed to call close. 
06-28 22:12:51.980 30780 30780 W NearbyFragment: Completed downloading 20200312_193828!001.mp4 from Endpoint{id=jKt9, name=Nexus 5X [34d8]} in 08.340s
06-28 22:12:53.838 30780 32320 W Summariser: No activity detected
06-28 22:12:53.894 30780 32320 W Summariser: Summarisation completed
06-28 22:12:53.894 30780 32320 W Summariser:   filename: 20200312_193828!001.mp4
06-28 22:12:53.894 30780 32320 W Summariser:   active sections: 0
06-28 22:12:53.894 30780 32320 W Summariser:   time: 01.805s
06-28 22:12:53.894 30780 32320 W Summariser:   original duration: 16.01
06-28 22:12:53.894 30780 32320 W Summariser:   noise tolerance: 45.00
06-28 22:12:53.894 30780 32320 W Summariser:   quality: 23
06-28 22:12:53.894 30780 32320 W Summariser:   speed: medium
06-28 22:12:53.894 30780 32320 W Summariser:   freeze duration: 1.00
06-28 22:12:55.831 30780 30780 W NearbyFragment: Completed downloading 20200312_193828!002.mp4 from Endpoint{id=jKt9, name=Nexus 5X [34d8]} in 01.865s
06-28 22:12:57.898 30780 32347 W Summariser: No activity detected
06-28 22:12:57.954 30780 32347 W Summariser: Summarisation completed
06-28 22:12:57.954 30780 32347 W Summariser:   filename: 20200312_193828!002.mp4
06-28 22:12:57.954 30780 32347 W Summariser:   active sections: 0
06-28 22:12:57.954 30780 32347 W Summariser:   time: 02.006s
06-28 22:12:57.954 30780 32347 W Summariser:   original duration: 16.01
06-28 22:12:57.954 30780 32347 W Summariser:   noise tolerance: 45.00
06-28 22:12:57.954 30780 32347 W Summariser:   quality: 23
06-28 22:12:57.954 30780 32347 W Summariser:   speed: medium
06-28 22:12:57.954 30780 32347 W Summariser:   freeze duration: 1.00
06-28 22:12:59.555 30780 30780 W NearbyFragment: Completed downloading 20200312_193828!003.mp4 from Endpoint{id=jKt9, name=Nexus 5X [34d8]} in 01.548s
06-28 22:13:01.049 30780 32376 W Summariser: No activity detected
06-28 22:13:01.094 30780 32376 W Summariser: Summarisation completed
06-28 22:13:01.094 30780 32376 W Summariser:   filename: 20200312_193828!003.mp4
06-28 22:13:01.094 30780 32376 W Summariser:   active sections: 0
06-28 22:13:01.094 30780 32376 W Summariser:   time: 01.439s
06-28 22:13:01.094 30780 32376 W Summariser:   original duration: 12.01
06-28 22:13:01.094 30780 32376 W Summariser:   noise tolerance: 45.00
06-28 22:13:01.094 30780 32376 W Summariser:   quality: 23
06-28 22:13:01.094 30780 32376 W Summariser:   speed: medium
06-28 22:13:01.094 30780 32376 W Summariser:   freeze duration: 1.00
06-28 22:13:11.614 30780 30780 W NearbyFragment: Completed downloading 20200312_193928!000.mp4 from Endpoint{id=jKt9, name=Nexus 5X [34d8]} in 01.809s
06-28 22:13:13.516 30780 32411 W Summariser: No activity detected
06-28 22:13:13.563 30780 32411 W Summariser: Summarisation completed
06-28 22:13:13.563 30780 32411 W Summariser:   filename: 20200312_193928!000.mp4
06-28 22:13:13.563 30780 32411 W Summariser:   active sections: 0
06-28 22:13:13.563 30780 32411 W Summariser:   time: 01.830s
06-28 22:13:13.563 30780 32411 W Summariser:   original duration: 16.90
06-28 22:13:13.563 30780 32411 W Summariser:   noise tolerance: 45.00
06-28 22:13:13.563 30780 32411 W Summariser:   quality: 23
06-28 22:13:13.563 30780 32411 W Summariser:   speed: medium
06-28 22:13:13.563 30780 32411 W Summariser:   freeze duration: 1.00
06-28 22:13:15.705 30780 30780 W NearbyFragment: Completed downloading 20200312_193928!001.mp4 from Endpoint{id=jKt9, name=Nexus 5X [34d8]} in 02.078s
06-28 22:13:17.774 30780 32448 W Summariser: No activity detected
06-28 22:13:17.836 30780 32448 W Summariser: Summarisation completed
06-28 22:13:17.836 30780 32448 W Summariser:   filename: 20200312_193928!001.mp4
06-28 22:13:17.836 30780 32448 W Summariser:   active sections: 0
06-28 22:13:17.836 30780 32448 W Summariser:   time: 02.018s
06-28 22:13:17.836 30780 32448 W Summariser:   original duration: 16.05
06-28 22:13:17.836 30780 32448 W Summariser:   noise tolerance: 45.00
06-28 22:13:17.836 30780 32448 W Summariser:   quality: 23
06-28 22:13:17.836 30780 32448 W Summariser:   speed: medium
06-28 22:13:17.836 30780 32448 W Summariser:   freeze duration: 1.00
06-28 22:13:19.850 30780 30780 W NearbyFragment: Completed downloading 20200312_193928!002.mp4 from Endpoint{id=jKt9, name=Nexus 5X [34d8]} in 01.945s
06-28 22:13:21.785 30780 32476 W Summariser: No activity detected
06-28 22:13:21.832 30780 32476 W Summariser: Summarisation completed
06-28 22:13:21.832 30780 32476 W Summariser:   filename: 20200312_193928!002.mp4
06-28 22:13:21.832 30780 32476 W Summariser:   active sections: 0
06-28 22:13:21.832 30780 32476 W Summariser:   time: 01.817s
06-28 22:13:21.832 30780 32476 W Summariser:   original duration: 16.06
06-28 22:13:21.832 30780 32476 W Summariser:   noise tolerance: 45.00
06-28 22:13:21.832 30780 32476 W Summariser:   quality: 23
06-28 22:13:21.832 30780 32476 W Summariser:   speed: medium
06-28 22:13:21.832 30780 32476 W Summariser:   freeze duration: 1.00
06-28 22:13:23.524 30780 30780 W NearbyFragment: Completed downloading 20200312_193928!003.mp4 from Endpoint{id=jKt9, name=Nexus 5X [34d8]} in 01.630s
06-28 22:13:25.065 30780 32503 W Summariser: No activity detected
06-28 22:13:25.121 30780 32503 W Summariser: Summarisation completed
06-28 22:13:25.121 30780 32503 W Summariser:   filename: 20200312_193928!003.mp4
06-28 22:13:25.121 30780 32503 W Summariser:   active sections: 0
06-28 22:13:25.121 30780 32503 W Summariser:   time: 01.464s
06-28 22:13:25.121 30780 32503 W Summariser:   original duration: 12.01
06-28 22:13:25.121 30780 32503 W Summariser:   noise tolerance: 45.00
06-28 22:13:25.121 30780 32503 W Summariser:   quality: 23
06-28 22:13:25.121 30780 32503 W Summariser:   speed: medium
06-28 22:13:25.121 30780 32503 W Summariser:   freeze duration: 1.00
06-28 22:13:34.265 30780 30780 W NearbyFragment: Completed downloading 20200312_194129!000.mp4 from Endpoint{id=jKt9, name=Nexus 5X [34d8]} in 01.779s
06-28 22:13:36.224 30780 32533 W Summariser: No activity detected
06-28 22:13:36.268 30780 32533 W Summariser: Summarisation completed
06-28 22:13:36.268 30780 32533 W Summariser:   filename: 20200312_194129!000.mp4
06-28 22:13:36.268 30780 32533 W Summariser:   active sections: 0
06-28 22:13:36.268 30780 32533 W Summariser:   time: 01.866s
06-28 22:13:36.268 30780 32533 W Summariser:   original duration: 16.07
06-28 22:13:36.268 30780 32533 W Summariser:   noise tolerance: 45.00
06-28 22:13:36.268 30780 32533 W Summariser:   quality: 23
06-28 22:13:36.268 30780 32533 W Summariser:   speed: medium
06-28 22:13:36.268 30780 32533 W Summariser:   freeze duration: 1.00
06-28 22:13:37.101 30780 30799 W System  : A resource failed to call close. 
06-28 22:13:37.105 30780 30799 W System  : A resource failed to call close. 
06-28 22:13:38.769 30780 30780 W NearbyFragment: Completed downloading 20200312_194129!001.mp4 from Endpoint{id=jKt9, name=Nexus 5X [34d8]} in 02.369s
06-28 22:13:40.847 30780 32561 W Summariser: 1 active sections found
06-28 22:13:44.934 30780 32561 W Summariser: Summarisation completed
06-28 22:13:44.934 30780 32561 W Summariser:   filename: 20200312_194129!001.mp4
06-28 22:13:44.934 30780 32561 W Summariser:   active sections: 1
06-28 22:13:44.934 30780 32561 W Summariser:   time: 05.996s
06-28 22:13:44.934 30780 32561 W Summariser:   original duration: 16.02
06-28 22:13:44.934 30780 32561 W Summariser:   summarised duration: 2.97
06-28 22:13:44.934 30780 32561 W Summariser:   noise tolerance: 45.00
06-28 22:13:44.934 30780 32561 W Summariser:   quality: 23
06-28 22:13:44.934 30780 32561 W Summariser:   speed: medium
06-28 22:13:44.934 30780 32561 W Summariser:   freeze duration: 1.00
06-28 22:13:44.974 30780 32561 W NearbyFragment: Sending 20200312_194129!001.mp4 to Nexus 5X [34d8]
06-28 22:13:46.936 30780 30780 W NearbyFragment: Completed downloading 20200312_194129!002.mp4 from Endpoint{id=jKt9, name=Nexus 5X [34d8]} in 01.859s
06-28 22:13:48.935 30780 32626 W Summariser: 1 active sections found
06-28 22:13:55.766 30780 32626 W Summariser: Summarisation completed
06-28 22:13:55.766 30780 32626 W Summariser:   filename: 20200312_194129!002.mp4
06-28 22:13:55.766 30780 32626 W Summariser:   active sections: 1
06-28 22:13:55.766 30780 32626 W Summariser:   time: 08.692s
06-28 22:13:55.766 30780 32626 W Summariser:   original duration: 16.01
06-28 22:13:55.766 30780 32626 W Summariser:   summarised duration: 7.37
06-28 22:13:55.766 30780 32626 W Summariser:   noise tolerance: 45.00
06-28 22:13:55.766 30780 32626 W Summariser:   quality: 23
06-28 22:13:55.766 30780 32626 W Summariser:   speed: medium
06-28 22:13:55.766 30780 32626 W Summariser:   freeze duration: 1.00
06-28 22:13:55.841 30780 32626 W NearbyFragment: Sending 20200312_194129!002.mp4 to Nexus 5X [34d8]
06-28 22:13:59.647 30780 30780 W NearbyFragment: Completed downloading 20200312_194229!000.mp4 from Endpoint{id=jKt9, name=Nexus 5X [34d8]} in 01.673s
06-28 22:14:01.717 30780 32688 W Summariser: 1 active sections found
06-28 22:14:08.167 30780 32688 W Summariser: Summarisation completed
06-28 22:14:08.167 30780 32688 W Summariser:   filename: 20200312_194229!000.mp4
06-28 22:14:08.167 30780 32688 W Summariser:   active sections: 1
06-28 22:14:08.167 30780 32688 W Summariser:   time: 08.372s
06-28 22:14:08.167 30780 32688 W Summariser:   original duration: 16.06
06-28 22:14:08.167 30780 32688 W Summariser:   summarised duration: 5.62
06-28 22:14:08.167 30780 32688 W Summariser:   noise tolerance: 45.00
06-28 22:14:08.167 30780 32688 W Summariser:   quality: 23
06-28 22:14:08.167 30780 32688 W Summariser:   speed: medium
06-28 22:14:08.167 30780 32688 W Summariser:   freeze duration: 1.00
06-28 22:14:08.224 30780 32688 W NearbyFragment: Sending 20200312_194229!000.mp4 to Nexus 5X [34d8]
06-28 22:14:13.098 30780 30780 W NearbyFragment: Completed downloading 20200312_194229!002.mp4 from Endpoint{id=jKt9, name=Nexus 5X [34d8]} in 04.537s
06-28 22:14:15.155 30780 32751 W Summariser: No activity detected
06-28 22:14:15.210 30780 32751 W Summariser: Summarisation completed
06-28 22:14:15.210 30780 32751 W Summariser:   filename: 20200312_194229!002.mp4
06-28 22:14:15.210 30780 32751 W Summariser:   active sections: 0
06-28 22:14:15.210 30780 32751 W Summariser:   time: 01.979s
06-28 22:14:15.210 30780 32751 W Summariser:   original duration: 16.01
06-28 22:14:15.210 30780 32751 W Summariser:   noise tolerance: 45.00
06-28 22:14:15.210 30780 32751 W Summariser:   quality: 23
06-28 22:14:15.210 30780 32751 W Summariser:   speed: medium
06-28 22:14:15.210 30780 32751 W Summariser:   freeze duration: 1.00
06-28 22:14:16.749 30780 30780 W NearbyFragment: Completed downloading 20200312_194229!003.mp4 from Endpoint{id=jKt9, name=Nexus 5X [34d8]} in 01.321s
06-28 22:14:18.248 30780   315 W Summariser: No activity detected
06-28 22:14:18.292 30780   315 W Summariser: Summarisation completed
06-28 22:14:18.292 30780   315 W Summariser:   filename: 20200312_194229!003.mp4
06-28 22:14:18.292 30780   315 W Summariser:   active sections: 0
06-28 22:14:18.292 30780   315 W Summariser:   time: 01.445s
06-28 22:14:18.292 30780   315 W Summariser:   original duration: 11.98
06-28 22:14:18.292 30780   315 W Summariser:   noise tolerance: 45.00
06-28 22:14:18.292 30780   315 W Summariser:   quality: 23
06-28 22:14:18.292 30780   315 W Summariser:   speed: medium
06-28 22:14:18.292 30780   315 W Summariser:   freeze duration: 1.00
06-28 22:14:24.325 30780 30780 W NearbyFragment: Completed downloading 20200312_194330!000.mp4 from Endpoint{id=jKt9, name=Nexus 5X [34d8]} in 02.048s
06-28 22:14:26.275 30780   344 W Summariser: No activity detected
06-28 22:14:26.319 30780   344 W Summariser: Summarisation completed
06-28 22:14:26.319 30780   344 W Summariser:   filename: 20200312_194330!000.mp4
06-28 22:14:26.319 30780   344 W Summariser:   active sections: 0
06-28 22:14:26.319 30780   344 W Summariser:   time: 01.886s
06-28 22:14:26.319 30780   344 W Summariser:   original duration: 16.07
06-28 22:14:26.319 30780   344 W Summariser:   noise tolerance: 45.00
06-28 22:14:26.319 30780   344 W Summariser:   quality: 23
06-28 22:14:26.319 30780   344 W Summariser:   speed: medium
06-28 22:14:26.319 30780   344 W Summariser:   freeze duration: 1.00
06-28 22:14:29.143 30780 30780 W NearbyFragment: Completed downloading 20200312_194330!001.mp4 from Endpoint{id=jKt9, name=Nexus 5X [34d8]} in 02.778s
06-28 22:14:31.338 30780   378 W Summariser: No activity detected
06-28 22:14:31.394 30780   378 W Summariser: Summarisation completed
06-28 22:14:31.394 30780   378 W Summariser:   filename: 20200312_194330!001.mp4
06-28 22:14:31.394 30780   378 W Summariser:   active sections: 0
06-28 22:14:31.394 30780   378 W Summariser:   time: 02.104s
06-28 22:14:31.394 30780   378 W Summariser:   original duration: 16.01
06-28 22:14:31.394 30780   378 W Summariser:   noise tolerance: 45.00
06-28 22:14:31.394 30780   378 W Summariser:   quality: 23
06-28 22:14:31.394 30780   378 W Summariser:   speed: medium
06-28 22:14:31.394 30780   378 W Summariser:   freeze duration: 1.00
06-28 22:14:32.833 30780 30799 W System  : A resource failed to call close. 
06-28 22:14:32.835 30780 30799 W System  : A resource failed to call close. 
06-28 22:14:33.859 30780 30780 W NearbyFragment: Completed downloading 20200312_194330!002.mp4 from Endpoint{id=jKt9, name=Nexus 5X [34d8]} in 02.399s
06-28 22:14:35.885 30780   405 W Summariser: No activity detected
06-28 22:14:35.943 30780   405 W Summariser: Summarisation completed
06-28 22:14:35.943 30780   405 W Summariser:   filename: 20200312_194330!002.mp4
06-28 22:14:35.943 30780   405 W Summariser:   active sections: 0
06-28 22:14:35.943 30780   405 W Summariser:   time: 01.943s
06-28 22:14:35.943 30780   405 W Summariser:   original duration: 16.01
06-28 22:14:35.943 30780   405 W Summariser:   noise tolerance: 45.00
06-28 22:14:35.943 30780   405 W Summariser:   quality: 23
06-28 22:14:35.943 30780   405 W Summariser:   speed: medium
06-28 22:14:35.943 30780   405 W Summariser:   freeze duration: 1.00
06-28 22:14:38.077 30780 30780 W NearbyFragment: Completed downloading 20200312_194330!003.mp4 from Endpoint{id=jKt9, name=Nexus 5X [34d8]} in 02.060s
06-28 22:14:39.631 30780   433 W Summariser: No activity detected
06-28 22:14:39.677 30780   433 W Summariser: Summarisation completed
06-28 22:14:39.677 30780   433 W Summariser:   filename: 20200312_194330!003.mp4
06-28 22:14:39.677 30780   433 W Summariser:   active sections: 0
06-28 22:14:39.677 30780   433 W Summariser:   time: 01.474s
06-28 22:14:39.677 30780   433 W Summariser:   original duration: 12.01
06-28 22:14:39.677 30780   433 W Summariser:   noise tolerance: 45.00
06-28 22:14:39.677 30780   433 W Summariser:   quality: 23
06-28 22:14:39.677 30780   433 W Summariser:   speed: medium
06-28 22:14:39.677 30780   433 W Summariser:   freeze duration: 1.00
06-28 22:14:48.590 30780 30780 W NearbyFragment: Completed downloading 20200312_194730!000.mp4 from Endpoint{id=jKt9, name=Nexus 5X [34d8]} in 02.270s
06-28 22:14:50.507 30780   466 W Summariser: No activity detected
06-28 22:14:50.551 30780   466 W Summariser: Summarisation completed
06-28 22:14:50.551 30780   466 W Summariser:   filename: 20200312_194730!000.mp4
06-28 22:14:50.551 30780   466 W Summariser:   active sections: 0
06-28 22:14:50.551 30780   466 W Summariser:   time: 01.856s
06-28 22:14:50.551 30780   466 W Summariser:   original duration: 16.07
06-28 22:14:50.551 30780   466 W Summariser:   noise tolerance: 45.00
06-28 22:14:50.551 30780   466 W Summariser:   quality: 23
06-28 22:14:50.551 30780   466 W Summariser:   speed: medium
06-28 22:14:50.551 30780   466 W Summariser:   freeze duration: 1.00
06-28 22:14:55.797 30780 30780 W NearbyFragment: Completed downloading 20200312_194730!002.mp4 from Endpoint{id=jKt9, name=Nexus 5X [34d8]} in 04.649s
06-28 22:14:57.853 30780   496 W Summariser: No activity detected
06-28 22:14:57.909 30780   496 W Summariser: Summarisation completed
06-28 22:14:57.909 30780   496 W Summariser:   filename: 20200312_194730!002.mp4
06-28 22:14:57.909 30780   496 W Summariser:   active sections: 0
06-28 22:14:57.909 30780   496 W Summariser:   time: 01.981s
06-28 22:14:57.909 30780   496 W Summariser:   original duration: 16.01
06-28 22:14:57.909 30780   496 W Summariser:   noise tolerance: 45.00
06-28 22:14:57.909 30780   496 W Summariser:   quality: 23
06-28 22:14:57.909 30780   496 W Summariser:   speed: medium
06-28 22:14:57.909 30780   496 W Summariser:   freeze duration: 1.00
06-28 22:14:59.489 30780 30780 W NearbyFragment: Completed downloading 20200312_194730!003.mp4 from Endpoint{id=jKt9, name=Nexus 5X [34d8]} in 01.453s
06-28 22:15:01.002 30780   525 W Summariser: No activity detected
06-28 22:15:01.048 30780   525 W Summariser: Summarisation completed
06-28 22:15:01.048 30780   525 W Summariser:   filename: 20200312_194730!003.mp4
06-28 22:15:01.048 30780   525 W Summariser:   active sections: 0
06-28 22:15:01.048 30780   525 W Summariser:   time: 01.446s
06-28 22:15:01.048 30780   525 W Summariser:   original duration: 12.03
06-28 22:15:01.048 30780   525 W Summariser:   noise tolerance: 45.00
06-28 22:15:01.048 30780   525 W Summariser:   quality: 23
06-28 22:15:01.048 30780   525 W Summariser:   speed: medium
06-28 22:15:01.048 30780   525 W Summariser:   freeze duration: 1.00
06-28 22:15:14.083 30780 30780 W NearbyFragment: Completed downloading 20200312_194830!000.mp4 from Endpoint{id=jKt9, name=Nexus 5X [34d8]} in 02.071s
06-28 22:15:16.205 30780   553 W Summariser: 1 active sections found
06-28 22:15:21.578 30780   553 W Summariser: Summarisation completed
06-28 22:15:21.578 30780   553 W Summariser:   filename: 20200312_194830!000.mp4
06-28 22:15:21.578 30780   553 W Summariser:   active sections: 1
06-28 22:15:21.578 30780   553 W Summariser:   time: 07.358s
06-28 22:15:21.578 30780   553 W Summariser:   original duration: 16.06
06-28 22:15:21.578 30780   553 W Summariser:   summarised duration: 3.97
06-28 22:15:21.578 30780   553 W Summariser:   noise tolerance: 45.00
06-28 22:15:21.578 30780   553 W Summariser:   quality: 23
06-28 22:15:21.578 30780   553 W Summariser:   speed: medium
06-28 22:15:21.578 30780   553 W Summariser:   freeze duration: 1.00
06-28 22:15:21.643 30780   553 W NearbyFragment: Sending 20200312_194830!000.mp4 to Nexus 5X [34d8]
06-28 22:15:35.998 30780 30780 W NearbyFragment: Completed downloading 20200312_194830!002.mp4 from Endpoint{id=jKt9, name=Nexus 5X [34d8]} in 01.753s
06-28 22:15:38.071 30780   622 W Summariser: 2 active sections found
06-28 22:15:46.928 30780   622 W Summariser: Summarisation completed
06-28 22:15:46.928 30780   622 W Summariser:   filename: 20200312_194830!002.mp4
06-28 22:15:46.928 30780   622 W Summariser:   active sections: 2
06-28 22:15:46.928 30780   622 W Summariser:   time: 10.801s
06-28 22:15:46.928 30780   622 W Summariser:   original duration: 16.01
06-28 22:15:46.928 30780   622 W Summariser:   summarised duration: 8.84
06-28 22:15:46.928 30780   622 W Summariser:   noise tolerance: 45.00
06-28 22:15:46.928 30780   622 W Summariser:   quality: 23
06-28 22:15:46.928 30780   622 W Summariser:   speed: medium
06-28 22:15:46.928 30780   622 W Summariser:   freeze duration: 1.00
06-28 22:15:46.959 30780   622 W NearbyFragment: Sending 20200312_194830!002.mp4 to Nexus 5X [34d8]
06-28 22:15:48.688 30780 30780 W NearbyFragment: Completed downloading 20200312_194830!003.mp4 from Endpoint{id=jKt9, name=Nexus 5X [34d8]} in 01.650s
06-28 22:15:50.231 30780   687 W Summariser: No activity detected
06-28 22:15:50.277 30780   687 W Summariser: Summarisation completed
06-28 22:15:50.277 30780   687 W Summariser:   filename: 20200312_194830!003.mp4
06-28 22:15:50.277 30780   687 W Summariser:   active sections: 0
06-28 22:15:50.277 30780   687 W Summariser:   time: 01.492s
06-28 22:15:50.277 30780   687 W Summariser:   original duration: 11.98
06-28 22:15:50.277 30780   687 W Summariser:   noise tolerance: 45.00
06-28 22:15:50.277 30780   687 W Summariser:   quality: 23
06-28 22:15:50.277 30780   687 W Summariser:   speed: medium
06-28 22:15:50.277 30780   687 W Summariser:   freeze duration: 1.00
06-28 22:15:51.781 30780 30799 W System  : A resource failed to call close. 
06-28 22:15:51.782 30780 30799 W System  : A resource failed to call close. 
06-28 22:15:51.783 30780 30799 W System  : A resource failed to call close. 
06-28 22:15:51.783 30780 30799 W System  : A resource failed to call close. 
06-28 22:15:51.783 30780 30799 W System  : A resource failed to call close. 
06-28 22:15:51.784 30780 30799 W System  : A resource failed to call close. 
06-28 22:15:51.786 30780 30799 W System  : A resource failed to call close. 
06-28 22:15:52.630 30780 30780 W NearbyFragment: Completed downloading 20200312_194930!000.mp4 from Endpoint{id=jKt9, name=Nexus 5X [34d8]} in 02.286s
06-28 22:15:54.709 30780   730 W Summariser: 1 active sections found
06-28 22:15:59.242 30780 30780 W NearbyFragment: Completed downloading 20200312_194930!001.mp4 from Endpoint{id=jKt9, name=Nexus 5X [34d8]} in 02.472s
06-28 22:16:04.477 30780   730 W Summariser: Summarisation completed
06-28 22:16:04.477 30780   730 W Summariser:   filename: 20200312_194930!000.mp4
06-28 22:16:04.477 30780   730 W Summariser:   active sections: 1
06-28 22:16:04.477 30780   730 W Summariser:   time: 11.695s
06-28 22:16:04.477 30780   730 W Summariser:   original duration: 16.07
06-28 22:16:04.477 30780   730 W Summariser:   summarised duration: 9.36
06-28 22:16:04.477 30780   730 W Summariser:   noise tolerance: 45.00
06-28 22:16:04.477 30780   730 W Summariser:   quality: 23
06-28 22:16:04.477 30780   730 W Summariser:   speed: medium
06-28 22:16:04.477 30780   730 W Summariser:   freeze duration: 1.00
06-28 22:16:04.508 30780   730 W NearbyFragment: Sending 20200312_194930!000.mp4 to Nexus 5X [34d8]
06-28 22:16:06.593 30780   730 W Summariser: 1 active sections found
06-28 22:16:06.986 30780 30780 W NearbyFragment: Completed downloading 20200312_194930!002.mp4 from Endpoint{id=jKt9, name=Nexus 5X [34d8]} in 02.381s
06-28 22:16:08.776 30780   730 W Summariser: Summarisation completed
06-28 22:16:08.776 30780   730 W Summariser:   filename: 20200312_194930!001.mp4
06-28 22:16:08.776 30780   730 W Summariser:   active sections: 1
06-28 22:16:08.776 30780   730 W Summariser:   time: 04.158s
06-28 22:16:08.776 30780   730 W Summariser:   original duration: 16.01
06-28 22:16:08.776 30780   730 W Summariser:   summarised duration: 2.02
06-28 22:16:08.776 30780   730 W Summariser:   noise tolerance: 45.00
06-28 22:16:08.776 30780   730 W Summariser:   quality: 23
06-28 22:16:08.776 30780   730 W Summariser:   speed: medium
06-28 22:16:08.776 30780   730 W Summariser:   freeze duration: 1.00
06-28 22:16:08.827 30780   730 W NearbyFragment: Sending 20200312_194930!001.mp4 to Nexus 5X [34d8]
06-28 22:16:10.950 30780   730 W Summariser: No activity detected
06-28 22:16:11.001 30780   730 W Summariser: Summarisation completed
06-28 22:16:11.001 30780   730 W Summariser:   filename: 20200312_194930!002.mp4
06-28 22:16:11.001 30780   730 W Summariser:   active sections: 0
06-28 22:16:11.001 30780   730 W Summariser:   time: 02.097s
06-28 22:16:11.001 30780   730 W Summariser:   original duration: 16.01
06-28 22:16:11.001 30780   730 W Summariser:   noise tolerance: 45.00
06-28 22:16:11.001 30780   730 W Summariser:   quality: 23
06-28 22:16:11.001 30780   730 W Summariser:   speed: medium
06-28 22:16:11.001 30780   730 W Summariser:   freeze duration: 1.00
06-28 22:16:11.825 30780 30780 W NearbyFragment: Completed downloading 20200312_195230!000.mp4 from Endpoint{id=jKt9, name=Nexus 5X [34d8]} in 02.778s
06-28 22:16:13.885 30780 30780 W NearbyFragment: Completed downloading 20200312_195230!001.mp4 from Endpoint{id=jKt9, name=Nexus 5X [34d8]} in 02.428s
06-28 22:16:13.916 30780   882 W Summariser: No activity detected
06-28 22:16:13.961 30780   882 W Summariser: Summarisation completed
06-28 22:16:13.961 30780   882 W Summariser:   filename: 20200312_195230!000.mp4
06-28 22:16:13.961 30780   882 W Summariser:   active sections: 0
06-28 22:16:13.961 30780   882 W Summariser:   time: 02.041s
06-28 22:16:13.961 30780   882 W Summariser:   original duration: 16.07
06-28 22:16:13.961 30780   882 W Summariser:   noise tolerance: 45.00
06-28 22:16:13.961 30780   882 W Summariser:   quality: 23
06-28 22:16:13.961 30780   882 W Summariser:   speed: medium
06-28 22:16:13.961 30780   882 W Summariser:   freeze duration: 1.00
06-28 22:16:16.157 30780 30780 W NearbyFragment: Completed downloading 20200312_195230!002.mp4 from Endpoint{id=jKt9, name=Nexus 5X [34d8]} in 02.155s
06-28 22:16:16.186 30780   882 W Summariser: 1 active sections found
06-28 22:16:24.232 30780   882 W Summariser: Summarisation completed
06-28 22:16:24.232 30780   882 W Summariser:   filename: 20200312_195230!001.mp4
06-28 22:16:24.232 30780   882 W Summariser:   active sections: 1
06-28 22:16:24.232 30780   882 W Summariser:   time: 10.167s
06-28 22:16:24.232 30780   882 W Summariser:   original duration: 16.01
06-28 22:16:24.232 30780   882 W Summariser:   summarised duration: 6.97
06-28 22:16:24.232 30780   882 W Summariser:   noise tolerance: 45.00
06-28 22:16:24.232 30780   882 W Summariser:   quality: 23
06-28 22:16:24.232 30780   882 W Summariser:   speed: medium
06-28 22:16:24.232 30780   882 W Summariser:   freeze duration: 1.00
06-28 22:16:24.313 30780   882 W NearbyFragment: Sending 20200312_195230!001.mp4 to Nexus 5X [34d8]
06-28 22:16:26.363 30780   882 W Summariser: No activity detected
06-28 22:16:26.419 30780   882 W Summariser: Summarisation completed
06-28 22:16:26.419 30780   882 W Summariser:   filename: 20200312_195230!002.mp4
06-28 22:16:26.419 30780   882 W Summariser:   active sections: 0
06-28 22:16:26.419 30780   882 W Summariser:   time: 02.018s
06-28 22:16:26.419 30780   882 W Summariser:   original duration: 16.01
06-28 22:16:26.419 30780   882 W Summariser:   noise tolerance: 45.00
06-28 22:16:26.419 30780   882 W Summariser:   quality: 23
06-28 22:16:26.419 30780   882 W Summariser:   speed: medium
06-28 22:16:26.419 30780   882 W Summariser:   freeze duration: 1.00
06-28 22:16:29.190 30780 30780 W NearbyFragment: Completed downloading 20200312_195330!000.mp4 from Endpoint{id=jKt9, name=Nexus 5X [34d8]} in 04.792s
06-28 22:16:30.998 30780 30780 W NearbyFragment: Completed downloading 20200312_195330!001.mp4 from Endpoint{id=jKt9, name=Nexus 5X [34d8]} in 03.988s
06-28 22:16:31.356 30780  1010 W Summariser: 1 active sections found
06-28 22:16:34.064 30780 30799 W System  : A resource failed to call close. 
06-28 22:16:34.066 30780 30799 W System  : A resource failed to call close. 
06-28 22:16:34.081 30780  1010 W Summariser: Summarisation completed
06-28 22:16:34.081 30780  1010 W Summariser:   filename: 20200312_195330!000.mp4
06-28 22:16:34.081 30780  1010 W Summariser:   active sections: 1
06-28 22:16:34.081 30780  1010 W Summariser:   time: 04.743s
06-28 22:16:34.081 30780  1010 W Summariser:   original duration: 16.07
06-28 22:16:34.081 30780  1010 W Summariser:   summarised duration: 1.11
06-28 22:16:34.081 30780  1010 W Summariser:   noise tolerance: 45.00
06-28 22:16:34.081 30780  1010 W Summariser:   quality: 23
06-28 22:16:34.081 30780  1010 W Summariser:   speed: medium
06-28 22:16:34.081 30780  1010 W Summariser:   freeze duration: 1.00
06-28 22:16:34.110 30780  1010 W NearbyFragment: Sending 20200312_195330!000.mp4 to Nexus 5X [34d8]
06-28 22:16:36.156 30780  1010 W Summariser: 2 active sections found
06-28 22:16:41.388 30780 30780 W NearbyFragment: Completed downloading 20200312_195330!002.mp4 from Endpoint{id=jKt9, name=Nexus 5X [34d8]} in 07.168s
06-28 22:16:47.390 30780  1010 W Summariser: Summarisation completed
06-28 22:16:47.390 30780  1010 W Summariser:   filename: 20200312_195330!001.mp4
06-28 22:16:47.390 30780  1010 W Summariser:   active sections: 2
06-28 22:16:47.390 30780  1010 W Summariser:   time: 13.160s
06-28 22:16:47.390 30780  1010 W Summariser:   original duration: 16.02
06-28 22:16:47.390 30780  1010 W Summariser:   summarised duration: 10.91
