07-10 05:01:47.510  4334  4663 D AWS4Signer: 20200709/ap-southeast-2/s3/aws4_request
07-10 05:01:47.510  4334  4663 D AWS4Signer: 69e40b74be2755af0ee9e29e348521d4b2479838792c933c8df0047b64903950"
07-10 05:01:47.530  4334  4663 I System.out: (HTTPLog)-Static: isSBSettingEnabled false
07-10 05:01:47.531  4334  4663 I System.out: (HTTPLog)-Static: isSBSettingEnabled false
07-10 05:01:47.618  4334  4659 D S3MetadataResponseHandl: Server is ignored.
07-10 05:01:47.621  4334  4659 D S3MetadataResponseHandl: x-amz-request-id is ignored.
07-10 05:01:47.623  4334  4659 D S3MetadataResponseHandl: x-amz-id-2 is ignored.
07-10 05:01:47.625  4334  4659 D S3MetadataResponseHandl: Date is ignored.
07-10 05:01:47.654  4334  4659 D AmazonS3Client: Using virtual style addressing. Endpoint = https://s3.ap-southeast-2.amazonaws.com
07-10 05:01:47.655  4334  4659 D AmazonS3Client: Key: private/ap-southeast-2:d252a5d6-97a3-4c55-96b0-3ab381ebe068/20200312_150844.mp4; Request: PUT https://edgesum82ff980659b24efe89e186aaba0fa3aa213655-dev.s3.ap-southeast-2.amazonaws.com /private/ap-southeast-2:d252a5d6-97a3-4c55-96b0-3ab381ebe068/20200312_150844.mp4 
07-10 05:01:47.661  4334  4659 D KeyProvider23: AndroidKeyStore contains keyAlias com.amazonaws.mobile.client.aesKeyStoreAlias
07-10 05:01:47.662  4334  4659 D KeyProvider23: Loading the encryption key from Android KeyStore.
07-10 05:01:47.699  4334  4659 D KeyProvider23: AndroidKeyStore contains keyAlias com.amazonaws.mobile.client.aesKeyStoreAlias
07-10 05:01:47.699  4334  4659 D KeyProvider23: Loading the encryption key from Android KeyStore.
07-10 05:01:47.736  4334  4659 D KeyProvider23: AndroidKeyStore contains keyAlias com.amazonaws.mobile.client.aesKeyStoreAlias
07-10 05:01:47.736  4334  4659 D KeyProvider23: Loading the encryption key from Android KeyStore.
07-10 05:01:47.773  4334  4659 D KeyProvider23: AndroidKeyStore contains keyAlias com.amazonaws.mobile.client.aesKeyStoreAlias
07-10 05:01:47.773  4334  4659 D KeyProvider23: Loading the encryption key from Android KeyStore.
07-10 05:01:47.780  4334  4334 D S3Uploader: ID: 1164, bytesCurrent: 40894464, bytesTotal: 63287481, percentDone: 64
07-10 05:01:47.805  4334  4659 D AWSMobileClient: Inspecting user state details
07-10 05:01:47.812  4334  4659 D KeyProvider23: AndroidKeyStore contains keyAlias com.amazonaws.mobile.client.aesKeyStoreAlias
07-10 05:01:47.812  4334  4659 D KeyProvider23: Loading the encryption key from Android KeyStore.
07-10 05:01:47.847  4334  4659 D KeyProvider23: AndroidKeyStore contains keyAlias com.amazonaws.mobile.client.aesKeyStoreAlias
07-10 05:01:47.847  4334  4659 D KeyProvider23: Loading the encryption key from Android KeyStore.
07-10 05:01:47.884  4334  4659 D KeyProvider23: AndroidKeyStore contains keyAlias com.amazonaws.mobile.client.aesKeyStoreAlias
07-10 05:01:47.884  4334  4659 D KeyProvider23: Loading the encryption key from Android KeyStore.
07-10 05:01:47.887  4334  4334 D S3Uploader: ID: 1164, bytesCurrent: 41943040, bytesTotal: 63287481, percentDone: 66
07-10 05:01:47.923  4334  4659 D KeyProvider23: AndroidKeyStore contains keyAlias com.amazonaws.mobile.client.aesKeyStoreAlias
07-10 05:01:47.923  4334  4659 D KeyProvider23: Loading the encryption key from Android KeyStore.
07-10 05:01:47.933  4334  4659 D KeyProvider23: AndroidKeyStore contains keyAlias com.amazonaws.mobile.client.aesKeyStoreAlias
07-10 05:01:47.934  4334  4659 D KeyProvider23: Loading the encryption key from Android KeyStore.
07-10 05:01:47.945  4334  4659 D KeyProvider23: AndroidKeyStore contains keyAlias CognitoIdentityProviderCache.aesKeyStoreAlias
07-10 05:01:47.945  4334  4659 D KeyProvider23: Loading the encryption key from Android KeyStore.
07-10 05:01:47.975  4334  4659 D KeyProvider23: AndroidKeyStore contains keyAlias CognitoIdentityProviderCache.aesKeyStoreAlias
07-10 05:01:47.975  4334  4659 D KeyProvider23: Loading the encryption key from Android KeyStore.
07-10 05:01:48.001  4334  4659 D KeyProvider23: AndroidKeyStore contains keyAlias CognitoIdentityProviderCache.aesKeyStoreAlias
07-10 05:01:48.001  4334  4659 D KeyProvider23: Loading the encryption key from Android KeyStore.
07-10 05:01:48.026  4334  4659 D KeyProvider23: AndroidKeyStore contains keyAlias CognitoIdentityProviderCache.aesKeyStoreAlias
07-10 05:01:48.026  4334  4659 D KeyProvider23: Loading the encryption key from Android KeyStore.
07-10 05:01:48.052  4334  4659 D AWSMobileClient: hasFederatedToken: true provider: cognito-idp.ap-southeast-2.amazonaws.com/ap-southeast-2_RQ4XVNX6r
07-10 05:01:48.053  4334  4659 D AWSMobileClient: waitForSignIn: userState:SIGNED_IN
07-10 05:01:48.053  4334  4659 D AWSMobileClient: getCredentials: Validated user is signed-in
07-10 05:01:48.056  4334  4659 D KeyProvider23: AndroidKeyStore contains keyAlias com.amazonaws.android.auth.aesKeyStoreAlias
07-10 05:01:48.056  4334  4659 D KeyProvider23: Loading the encryption key from Android KeyStore.
07-10 05:01:48.082  4334  4659 D KeyProvider23: AndroidKeyStore contains keyAlias com.amazonaws.mobile.client.aesKeyStoreAlias
07-10 05:01:48.082  4334  4659 D KeyProvider23: Loading the encryption key from Android KeyStore.
07-10 05:01:48.116  4334  4659 D AWS4Signer: AWS4 Canonical Request: '"PUT
07-10 05:01:48.116  4334  4659 D AWS4Signer: /private/ap-southeast-2%3Ad252a5d6-97a3-4c55-96b0-3ab381ebe068/20200312_150844.mp4
07-10 05:01:48.116  4334  4659 D AWS4Signer: partNumber=13&uploadId=QTYyBXpIWOFkuav5sjlk17Lb9nVm5bantbqmnbS.wheTfkeIvRc1e9lFz7qlp5nqd807YAx7iK.OcRJOazJaz8sGJp49oJkmbn.yzsUIfBbMsk7OAtTCTsBS1CqbUM7Qmwk6Gn7KouIiF77fEa9yXjIfNprqIvp9UDoYuK_5AB0-
07-10 05:01:48.116  4334  4659 D AWS4Signer: host:edgesum82ff980659b24efe89e186aaba0fa3aa213655-dev.s3.ap-southeast-2.amazonaws.com
07-10 05:01:48.116  4334  4659 D AWS4Signer: x-amz-content-sha256:STREAMING-AWS4-HMAC-SHA256-PAYLOAD
07-10 05:01:48.116  4334  4659 D AWS4Signer: x-amz-date:20200709T190148Z
07-10 05:01:48.116  4334  4659 D AWS4Signer: x-amz-decoded-content-length:372921
07-10 05:01:48.116  4334  4659 D AWS4Signer: x-amz-security-token:IQoJb3JpZ2luX2VjEHMaDmFwLXNvdXRoZWFzdC0yIkgwRgIhAM78vkTtKo5niAQ6Pm1KOKiua5Y51whKzxyn/vdCr7dxAiEAo6YZtRadIWmFVcU5w36Uu2AXyPJKvI7ay32Iy9hT6HUqnAQIHBABGgw5NjA5MDUzMjMxNDkiDNg5zVKqhOCGULHgHCr5AxTDyJ8ZxsJauFIKm3gswzU6DrO+vIiYGnDErE7nl3i0BX2gsGtp3DzGXMMDGTxotNzIALkN+8Tf+r9q8xLw2LlQK9lNBua4NK8Utn+N0iJ5LHC5L0e5oKf5nohwKWQqL+w+leiJGkmySOU6BVxQK26vxtRMjYNO0dC9SuOUSaoS4vJPSur9rhpm0dSc6S4S8xma78TrgCi+s/1/CUdUak+1wGvBb4kflKAD1pjertHaEmSQOAeRf9tmmoNf1bupWAg6Y4EsFNCXNaq05BaewJuMdT5nQF7Rr0pHaJOx+ToM1gwEeDHKDS6QcnJQYl/aKwmR5Z7dNhWTeM84hDAW7jE7FNrwA1cG4WkuP8Smlw1M66EfFQvE+VmPb06wu89BQaVj34uG6mW1nhBVjGOvuOIXnhXa04g1VLGBaBwkhkB9QISQYLWE60qPVxk9J2ZgU+VLb4Oq70wLSX89uifZ9vPM7j+teWglG7jBJ+Y1N/E+iEBHdmT6/WkpISCrosnmc23i/vQmMmm+YEc7dPw3R0G9d1yu+i2WEHpIt9ciTIkz6swEzaxpNSCT20b9CQcstoKzedJQTuZpAjWviQVDmRbV2dyY2n8qEQxR2bkK3oVMCn5hVHfeta2h3oLS03kKCXotphStQdoQKk9tJuc0lB6+LYzzSquHSwgwgNOd+AU6ygLMuCVZkOK/+d4R6K3hJimDx3yxH1ProMQaC2NxAIH8nWgyr97qK+AS36WIGG3iSZcReupPsICva0dpFtJ9ziwlKsMW1I/KRI5kUf8wlHByB0QZ45y++fLf+5SFbm5/vCvV3iMMLhwpNUPo6/zmZliCbvxl0/DhRDdZ/nfy0mdUuXzKZHHSNLKKlPLetkUoZKQCxrPPB7AhBJWe+jeiMv0SkSWbkZlKB/5Vj49TMhMOe4gpBbXlD9nT8R4WKssWkfOfs2YvMYzw9XmEToiXxV3ZcAVDVF403zMi/Geijd+2i5+U1+VhW3z2YQDfp2LBvUdg7Pl2dJux2tQitaZI7KK9tBJUx1iDXOKeSXWmomXzb1r9OJGWo3OrD66xNVwhJc6npkjRG6KQN9b4GIoLxwulZEtkcNnjeAip/JAeyCyOHR0TS4sQYAwgyqA=
07-10 05:01:48.116  4334  4659 D AWS4Signer: 
07-10 05:01:48.116  4334  4659 D AWS4Signer: host;x-amz-content-sha256;x-amz-date;x-amz-decoded-content-length;x-amz-security-token
07-10 05:01:48.116  4334  4659 D AWS4Signer: STREAMING-AWS4-HMAC-SHA256-PAYLOAD"
07-10 05:01:48.119  4334  4659 D AWS4Signer: AWS4 String to Sign: '"AWS4-HMAC-SHA256
07-10 05:01:48.119  4334  4659 D AWS4Signer: 20200709T190148Z
07-10 05:01:48.119  4334  4659 D AWS4Signer: 20200709/ap-southeast-2/s3/aws4_request
07-10 05:01:48.119  4334  4659 D AWS4Signer: 501136874698624480b37743593f7a395a07f3992011fc36341da9cade53b4fc"
07-10 05:01:48.138  4334  4659 I System.out: (HTTPLog)-Static: isSBSettingEnabled false
07-10 05:01:48.138  4334  4659 I System.out: (HTTPLog)-Static: isSBSettingEnabled false
07-10 05:01:48.820  4334  4334 D S3Uploader: ID: 1164, bytesCurrent: 42991616, bytesTotal: 63287481, percentDone: 67
07-10 05:01:49.149  4334  4334 D S3Uploader: ID: 1164, bytesCurrent: 44040192, bytesTotal: 63287481, percentDone: 69
07-10 05:01:49.228  4334  4659 D S3MetadataResponseHandl: Server is ignored.
07-10 05:01:49.232  4334  4659 D S3MetadataResponseHandl: x-amz-request-id is ignored.
07-10 05:01:49.235  4334  4659 D S3MetadataResponseHandl: x-amz-id-2 is ignored.
07-10 05:01:49.238  4334  4659 D S3MetadataResponseHandl: Date is ignored.
07-10 05:01:49.262  4334  4334 D S3Uploader: ID: 1164, bytesCurrent: 44413113, bytesTotal: 63287481, percentDone: 70
07-10 05:01:49.274  4334  4334 D S3Uploader: ID: 1164, bytesCurrent: 45461689, bytesTotal: 63287481, percentDone: 71
07-10 05:01:49.636  4334  4334 D S3Uploader: ID: 1164, bytesCurrent: 46510265, bytesTotal: 63287481, percentDone: 73
07-10 05:01:50.776  4334  4334 D S3Uploader: ID: 1164, bytesCurrent: 47558841, bytesTotal: 63287481, percentDone: 75
07-10 05:01:50.827  4334  4660 D S3MetadataResponseHandl: Server is ignored.
07-10 05:01:50.829  4334  4660 D S3MetadataResponseHandl: x-amz-request-id is ignored.
07-10 05:01:50.834  4334  4660 D S3MetadataResponseHandl: x-amz-id-2 is ignored.
07-10 05:01:50.839  4334  4660 D S3MetadataResponseHandl: Date is ignored.
07-10 05:01:50.839  4334  4334 D S3Uploader: ID: 1164, bytesCurrent: 48607417, bytesTotal: 63287481, percentDone: 76
07-10 05:01:51.370  4334  4334 D S3Uploader: ID: 1164, bytesCurrent: 49655993, bytesTotal: 63287481, percentDone: 78
07-10 05:01:51.767  4334  4334 D S3Uploader: ID: 1164, bytesCurrent: 50704569, bytesTotal: 63287481, percentDone: 80
07-10 05:01:52.360  4334  4334 D S3Uploader: ID: 1164, bytesCurrent: 51753145, bytesTotal: 63287481, percentDone: 81
07-10 05:01:52.426  4334  4334 D S3Uploader: ID: 1164, bytesCurrent: 52801721, bytesTotal: 63287481, percentDone: 83
07-10 05:01:52.669  4334  4664 D S3MetadataResponseHandl: Server is ignored.
07-10 05:01:52.670  4334  4664 D S3MetadataResponseHandl: x-amz-request-id is ignored.
07-10 05:01:52.671  4334  4664 D S3MetadataResponseHandl: x-amz-id-2 is ignored.
07-10 05:01:52.673  4334  4664 D S3MetadataResponseHandl: Date is ignored.
07-10 05:01:53.064  4334  4334 D S3Uploader: ID: 1164, bytesCurrent: 53850297, bytesTotal: 63287481, percentDone: 85
07-10 05:01:53.543  4334  4334 D S3Uploader: ID: 1164, bytesCurrent: 54898873, bytesTotal: 63287481, percentDone: 86
07-10 05:01:54.173  4334  4665 D S3MetadataResponseHandl: Server is ignored.
07-10 05:01:54.176  4334  4665 D S3MetadataResponseHandl: x-amz-request-id is ignored.
07-10 05:01:54.179  4334  4665 D S3MetadataResponseHandl: x-amz-id-2 is ignored.
07-10 05:01:54.181  4334  4665 D S3MetadataResponseHandl: Date is ignored.
07-10 05:01:54.283  4334  4334 D S3Uploader: ID: 1164, bytesCurrent: 55947449, bytesTotal: 63287481, percentDone: 88
07-10 05:01:54.422  4334  4662 D S3MetadataResponseHandl: Server is ignored.
07-10 05:01:54.426  4334  4662 D S3MetadataResponseHandl: x-amz-request-id is ignored.
07-10 05:01:54.429  4334  4662 D S3MetadataResponseHandl: x-amz-id-2 is ignored.
07-10 05:01:54.431  4334  4662 D S3MetadataResponseHandl: Date is ignored.
07-10 05:01:54.735  4334  4334 D S3Uploader: ID: 1164, bytesCurrent: 56996025, bytesTotal: 63287481, percentDone: 90
07-10 05:01:55.371  4334  4334 D S3Uploader: ID: 1164, bytesCurrent: 58044601, bytesTotal: 63287481, percentDone: 91
07-10 05:01:55.795  4334  4334 D S3Uploader: ID: 1164, bytesCurrent: 59093177, bytesTotal: 63287481, percentDone: 93
07-10 05:01:56.218  4334  4658 D S3MetadataResponseHandl: Server is ignored.
07-10 05:01:56.221  4334  4658 D S3MetadataResponseHandl: x-amz-request-id is ignored.
07-10 05:01:56.224  4334  4658 D S3MetadataResponseHandl: x-amz-id-2 is ignored.
07-10 05:01:56.225  4334  4658 D S3MetadataResponseHandl: Date is ignored.
07-10 05:01:56.316  4334  4334 D S3Uploader: ID: 1164, bytesCurrent: 60141753, bytesTotal: 63287481, percentDone: 95
07-10 05:01:56.510  4334  4334 D S3Uploader: ID: 1164, bytesCurrent: 61190329, bytesTotal: 63287481, percentDone: 96
07-10 05:01:57.218  4334  4334 D S3Uploader: ID: 1164, bytesCurrent: 62238905, bytesTotal: 63287481, percentDone: 98
07-10 05:01:57.243  4334  4334 D S3Uploader: ID: 1164, bytesCurrent: 63287481, bytesTotal: 63287481, percentDone: 100
07-10 05:01:57.704  4334  4661 D S3MetadataResponseHandl: Server is ignored.
07-10 05:01:57.708  4334  4661 D S3MetadataResponseHandl: x-amz-request-id is ignored.
07-10 05:01:57.711  4334  4661 D S3MetadataResponseHandl: x-amz-id-2 is ignored.
07-10 05:01:57.712  4334  4661 D S3MetadataResponseHandl: Date is ignored.
07-10 05:01:57.734  4334  4666 D S3MetadataResponseHandl: Server is ignored.
07-10 05:01:57.736  4334  4666 D S3MetadataResponseHandl: x-amz-request-id is ignored.
07-10 05:01:57.739  4334  4666 D S3MetadataResponseHandl: x-amz-id-2 is ignored.
07-10 05:01:57.741  4334  4666 D S3MetadataResponseHandl: Date is ignored.
07-10 05:01:57.886  4334  4663 D S3MetadataResponseHandl: Server is ignored.
07-10 05:01:57.889  4334  4663 D S3MetadataResponseHandl: x-amz-request-id is ignored.
07-10 05:01:57.892  4334  4663 D S3MetadataResponseHandl: x-amz-id-2 is ignored.
07-10 05:01:57.894  4334  4663 D S3MetadataResponseHandl: Date is ignored.
07-10 05:01:57.911  4334  4656 I UploadTask: Completing the multi-part upload transfer for 1164
07-10 05:01:57.927  4334  4656 D AmazonS3Client: Using virtual style addressing. Endpoint = https://s3.ap-southeast-2.amazonaws.com
07-10 05:01:57.928  4334  4656 D AmazonS3Client: Key: private/ap-southeast-2:d252a5d6-97a3-4c55-96b0-3ab381ebe068/20200312_150844.mp4; Request: POST https://edgesum82ff980659b24efe89e186aaba0fa3aa213655-dev.s3.ap-southeast-2.amazonaws.com /private/ap-southeast-2:d252a5d6-97a3-4c55-96b0-3ab381ebe068/20200312_150844.mp4 
07-10 05:01:57.937  4334  4656 W LogFactory: Truncating log tag length as it exceed 23, the limit imposed by Android on certain API Levels
07-10 05:01:57.944  4334  4656 D KeyProvider23: AndroidKeyStore contains keyAlias com.amazonaws.mobile.client.aesKeyStoreAlias
07-10 05:01:57.945  4334  4656 D KeyProvider23: Loading the encryption key from Android KeyStore.
07-10 05:01:57.978  4334  4656 D KeyProvider23: AndroidKeyStore contains keyAlias com.amazonaws.mobile.client.aesKeyStoreAlias
07-10 05:01:57.979  4334  4656 D KeyProvider23: Loading the encryption key from Android KeyStore.
07-10 05:01:58.013  4334  4656 D KeyProvider23: AndroidKeyStore contains keyAlias com.amazonaws.mobile.client.aesKeyStoreAlias
07-10 05:01:58.013  4334  4656 D KeyProvider23: Loading the encryption key from Android KeyStore.
07-10 05:01:58.048  4334  4656 D KeyProvider23: AndroidKeyStore contains keyAlias com.amazonaws.mobile.client.aesKeyStoreAlias
07-10 05:01:58.049  4334  4656 D KeyProvider23: Loading the encryption key from Android KeyStore.
07-10 05:01:58.087  4334  4656 D AWSMobileClient: Inspecting user state details
07-10 05:01:58.097  4334  4656 D KeyProvider23: AndroidKeyStore contains keyAlias com.amazonaws.mobile.client.aesKeyStoreAlias
07-10 05:01:58.097  4334  4656 D KeyProvider23: Loading the encryption key from Android KeyStore.
07-10 05:01:58.139  4334  4656 D KeyProvider23: AndroidKeyStore contains keyAlias com.amazonaws.mobile.client.aesKeyStoreAlias
07-10 05:01:58.140  4334  4656 D KeyProvider23: Loading the encryption key from Android KeyStore.
07-10 05:01:58.196  4334  4656 D KeyProvider23: AndroidKeyStore contains keyAlias com.amazonaws.mobile.client.aesKeyStoreAlias
07-10 05:01:58.197  4334  4656 D KeyProvider23: Loading the encryption key from Android KeyStore.
07-10 05:01:58.260  4334  4656 D KeyProvider23: AndroidKeyStore contains keyAlias com.amazonaws.mobile.client.aesKeyStoreAlias
07-10 05:01:58.260  4334  4656 D KeyProvider23: Loading the encryption key from Android KeyStore.
07-10 05:01:58.278  4334  4656 D KeyProvider23: AndroidKeyStore contains keyAlias com.amazonaws.mobile.client.aesKeyStoreAlias
07-10 05:01:58.279  4334  4656 D KeyProvider23: Loading the encryption key from Android KeyStore.
07-10 05:01:58.302  4334  4656 D KeyProvider23: AndroidKeyStore contains keyAlias CognitoIdentityProviderCache.aesKeyStoreAlias
07-10 05:01:58.302  4334  4656 D KeyProvider23: Loading the encryption key from Android KeyStore.
07-10 05:01:58.378  4334  4656 D KeyProvider23: AndroidKeyStore contains keyAlias CognitoIdentityProviderCache.aesKeyStoreAlias
07-10 05:01:58.379  4334  4656 D KeyProvider23: Loading the encryption key from Android KeyStore.
07-10 05:01:58.448  4334  4656 D KeyProvider23: AndroidKeyStore contains keyAlias CognitoIdentityProviderCache.aesKeyStoreAlias
07-10 05:01:58.448  4334  4656 D KeyProvider23: Loading the encryption key from Android KeyStore.
07-10 05:01:58.511  4334  4656 D KeyProvider23: AndroidKeyStore contains keyAlias CognitoIdentityProviderCache.aesKeyStoreAlias
07-10 05:01:58.511  4334  4656 D KeyProvider23: Loading the encryption key from Android KeyStore.
07-10 05:01:58.584  4334  4656 D AWSMobileClient: hasFederatedToken: true provider: cognito-idp.ap-southeast-2.amazonaws.com/ap-southeast-2_RQ4XVNX6r
07-10 05:01:58.585  4334  4656 D AWSMobileClient: waitForSignIn: userState:SIGNED_IN
07-10 05:01:58.586  4334  4656 D AWSMobileClient: getCredentials: Validated user is signed-in
07-10 05:01:58.593  4334  4656 D KeyProvider23: AndroidKeyStore contains keyAlias com.amazonaws.android.auth.aesKeyStoreAlias
07-10 05:01:58.593  4334  4656 D KeyProvider23: Loading the encryption key from Android KeyStore.
07-10 05:01:58.636  4334  4656 D KeyProvider23: AndroidKeyStore contains keyAlias com.amazonaws.mobile.client.aesKeyStoreAlias
07-10 05:01:58.636  4334  4656 D KeyProvider23: Loading the encryption key from Android KeyStore.
07-10 05:01:58.687  4334  4656 D AWS4Signer: AWS4 Canonical Request: '"POST
07-10 05:01:58.687  4334  4656 D AWS4Signer: /private/ap-southeast-2%3Ad252a5d6-97a3-4c55-96b0-3ab381ebe068/20200312_150844.mp4
07-10 05:01:58.687  4334  4656 D AWS4Signer: uploadId=QTYyBXpIWOFkuav5sjlk17Lb9nVm5bantbqmnbS.wheTfkeIvRc1e9lFz7qlp5nqd807YAx7iK.OcRJOazJaz8sGJp49oJkmbn.yzsUIfBbMsk7OAtTCTsBS1CqbUM7Qmwk6Gn7KouIiF77fEa9yXjIfNprqIvp9UDoYuK_5AB0-
07-10 05:01:58.687  4334  4656 D AWS4Signer: host:edgesum82ff980659b24efe89e186aaba0fa3aa213655-dev.s3.ap-southeast-2.amazonaws.com
07-10 05:01:58.687  4334  4656 D AWS4Signer: x-amz-content-sha256:95b9abf316466afa66a6e034db924ba07369785987fb766a5fd0acf7f57d52c1
07-10 05:01:58.687  4334  4656 D AWS4Signer: x-amz-date:20200709T190158Z
07-10 05:01:58.687  4334  4656 D AWS4Signer: x-amz-security-token:IQoJb3JpZ2luX2VjEHMaDmFwLXNvdXRoZWFzdC0yIkgwRgIhAM78vkTtKo5niAQ6Pm1KOKiua5Y51whKzxyn/vdCr7dxAiEAo6YZtRadIWmFVcU5w36Uu2AXyPJKvI7ay32Iy9hT6HUqnAQIHBABGgw5NjA5MDUzMjMxNDkiDNg5zVKqhOCGULHgHCr5AxTDyJ8ZxsJauFIKm3gswzU6DrO+vIiYGnDErE7nl3i0BX2gsGtp3DzGXMMDGTxotNzIALkN+8Tf+r9q8xLw2LlQK9lNBua4NK8Utn+N0iJ5LHC5L0e5oKf5nohwKWQqL+w+leiJGkmySOU6BVxQK26vxtRMjYNO0dC9SuOUSaoS4vJPSur9rhpm0dSc6S4S8xma78TrgCi+s/1/CUdUak+1wGvBb4kflKAD1pjertHaEmSQOAeRf9tmmoNf1bupWAg6Y4EsFNCXNaq05BaewJuMdT5nQF7Rr0pHaJOx+ToM1gwEeDHKDS6QcnJQYl/aKwmR5Z7dNhWTeM84hDAW7jE7FNrwA1cG4WkuP8Smlw1M66EfFQvE+VmPb06wu89BQaVj34uG6mW1nhBVjGOvuOIXnhXa04g1VLGBaBwkhkB9QISQYLWE60qPVxk9J2ZgU+VLb4Oq70wLSX89uifZ9vPM7j+teWglG7jBJ+Y1N/E+iEBHdmT6/WkpISCrosnmc23i/vQmMmm+YEc7dPw3R0G9d1yu+i2WEHpIt9ciTIkz6swEzaxpNSCT20b9CQcstoKzedJQTuZpAjWviQVDmRbV2dyY2n8qEQxR2bkK3oVMCn5hVHfeta2h3oLS03kKCXotphStQdoQKk9tJuc0lB6+LYzzSquHSwgwgNOd+AU6ygLMuCVZkOK/+d4R6K3hJimDx3yxH1ProMQaC2NxAIH8nWgyr97qK+AS36WIGG3iSZcReupPsICva0dpFtJ9ziwlKsMW1I/KRI5kUf8wlHByB0QZ45y++fLf+5SFbm5/vCvV3iMMLhwpNUPo6/zmZliCbvxl0/DhRDdZ/nfy0mdUuXzKZHHSNLKKlPLetkUoZKQCxrPPB7AhBJWe+jeiMv0SkSWbkZlKB/5Vj49TMhMOe4gpBbXlD9nT8R4WKssWkfOfs2YvMYzw9XmEToiXxV3ZcAVDVF403zMi/Geijd+2i5+U1+VhW3z2YQDfp2LBvUdg7Pl2dJux2tQitaZI7KK9tBJUx1iDXOKeSXWmomXzb1r9OJGWo3OrD66xNVwhJc6npkjRG6KQN9b4GIoLxwulZEtkcNnjeAip/JAeyCyOHR0TS4sQYAwgyqA=
07-10 05:01:58.687  4334  4656 D AWS4Signer: 
07-10 05:01:58.687  4334  4656 D AWS4Signer: host;x-amz-content-sha256;x-amz-date;x-amz-security-token
07-10 05:01:58.687  4334  4656 D AWS4Signer: 95b9abf316466afa66a6e034db924ba07369785987fb766a5fd0acf7f57d52c1"
07-10 05:01:58.687  4334  4656 D AWS4Signer: AWS4 String to Sign: '"AWS4-HMAC-SHA256
07-10 05:01:58.687  4334  4656 D AWS4Signer: 20200709T190158Z
07-10 05:01:58.687  4334  4656 D AWS4Signer: 20200709/ap-southeast-2/s3/aws4_request
07-10 05:01:58.687  4334  4656 D AWS4Signer: 8c7e21e9ff07729df9801484210055a4a30cc532126a3dc801494468ffd97826"
07-10 05:01:58.708  4334  4656 I System.out: (HTTPLog)-Static: isSBSettingEnabled false
07-10 05:01:58.709  4334  4656 I System.out: (HTTPLog)-Static: isSBSettingEnabled false
07-10 05:01:58.816  4334  4656 V com.amazonaws.request: Beginning to parse service response XML
07-10 05:01:58.851  4334  4656 V com.amazonaws.request: Done parsing service response XML
07-10 05:01:58.862  4334  4334 D S3Uploader: ID: 1164, bytesCurrent: 63287481, bytesTotal: 63287481, percentDone: 100
07-10 05:01:58.923  4334  4334 I S3Uploader: Uploaded 20200312_150844.mp4
07-10 05:01:58.924  4334  4334 V SummarisedVideosEventHandler: onRemoveByPath
07-10 05:01:58.928  4334  4334 W S3Uploader: Uploaded 20200312_150844.mp4 in 31.124s
07-10 05:01:58.962  4334  4334 D InputTransport: Input channel constructed: fd=75
07-10 05:01:58.965  4334  4334 D ViewRootImpl@dadf26e[Toast]: setView = android.widget.LinearLayout{201ed0f V.E...... ......I. 0,0-0,0} TM=true MM=false
07-10 05:01:58.967  4334  4334 V Toast   : Text: Vplo in android.widget.Toast$TN@9a6b19c
07-10 05:01:58.975  4334  4334 D ViewRootImpl@dadf26e[Toast]: dispatchAttachedToWindow
07-10 05:01:59.011  4334  4334 D ViewRootImpl@dadf26e[Toast]: Relayout returned: old=[0,72][1080,2076] new=[86,1712][993,1884] result=0x7 surface={valid=true 541333147648} changed=true
07-10 05:01:59.016  4334  4571 D mali_winsys: EGLint new_window_surface(egl_winsys_display *, void *, EGLSurface, EGLConfig, egl_winsys_surface **, EGLBoolean) returns 0x3000
07-10 05:01:59.016  4334  4571 D OpenGLRenderer: eglCreateWindowSurface = 0x7e09e7dd80, 0x7e09f85010
07-10 05:01:59.677  4334  4334 D ViewRootImpl@dadf26e[Toast]: MSG_RESIZED: frame=Rect(86, 1712 - 993, 1884) ci=Rect(0, 0 - 0, 0) vi=Rect(0, 0 - 0, 0) or=1
07-10 05:01:59.678  4334  4334 I Choreographer: Skipped 38 frames!  The application may be doing too much work on its main thread.
07-10 05:01:59.706  4334  4571 I OpenGLRenderer: Davey! duration=751ms; Flags=1, IntendedVsync=31986969428458, Vsync=31986986095124, OldestInputEvent=9223372036854775807, NewestInputEvent=0, HandleInputStart=31986986410044, AnimationStart=31986986666005, PerformTraversalsStart=31986986680274, DrawStart=31987642188389, SyncQueued=31987688842351, SyncStart=31987689362812, IssueDrawCommandsStart=31987690194235, SwapBuffers=31987718695735, FrameCompleted=31987721768043, DequeueBufferDuration=780000, QueueBufferDuration=1067000, 
07-10 05:02:00.943  4334  4571 W libEGL  : EGLNativeWindowType 0x7e09f85010 disconnect failed
07-10 05:02:00.943  4334  4571 D OpenGLRenderer: eglDestroySurface = 0x7e09e7dd80, 0x7e09f85000
07-10 05:02:00.944  4334  4334 D ViewRootImpl@dadf26e[Toast]: dispatchDetachedFromWindow
07-10 05:02:00.947  4334  4334 D ViewRootImpl@dadf26e[Toast]: Surface release. android.view.ViewRootImpl.doDie:7979 android.view.ViewRootImpl.die:7947 android.view.WindowManagerGlobal.removeViewLocked:497 android.view.WindowManagerGlobal.removeView:435 android.view.WindowManagerImpl.removeViewImmediate:124 android.widget.Toast$TN.handleHide:1110 android.widget.Toast$TN$1.handleMessage:898 android.os.Handler.dispatchMessage:106 
07-10 05:02:00.975  4334  4334 D InputTransport: Input channel destroyed: fd=75
07-10 05:02:01.691  4334  4334 D ViewRootImpl@69aa588[MainActivity]: ViewPostIme pointer 0
07-10 05:02:01.806  4334  4334 D ViewRootImpl@69aa588[MainActivity]: ViewPostIme pointer 1
07-10 05:02:01.826  4334  4334 D TransferService: Initializing the thread pool of size: 18
07-10 05:02:01.829  4334  4334 D KeyProvider23: AndroidKeyStore contains keyAlias com.amazonaws.android.auth.aesKeyStoreAlias
07-10 05:02:01.829  4334  4334 D KeyProvider23: Loading the encryption key from Android KeyStore.
07-10 05:02:01.883  4334  4334 D TransferService: Initializing the thread pool of size: 18
07-10 05:02:01.884  4334  4334 D UploadToS3: Bytes Transferred: 0
07-10 05:02:01.884  4334  4334 D UploadToS3: Bytes Total: 1186964
07-10 05:02:01.897  4334  4679 I TransferStatusUpdater: Creating a new progress listener for transfer: 1178
07-10 05:02:01.911  4334  4679 D AmazonS3Client: Using virtual style addressing. Endpoint = https://s3.ap-southeast-2.amazonaws.com
07-10 05:02:01.911  4334  4679 D AmazonS3Client: Key: private/ap-southeast-2:d252a5d6-97a3-4c55-96b0-3ab381ebe068/20200312_150944.mp4; Request: PUT https://edgesum82ff980659b24efe89e186aaba0fa3aa213655-dev.s3.ap-southeast-2.amazonaws.com /private/ap-southeast-2:d252a5d6-97a3-4c55-96b0-3ab381ebe068/20200312_150944.mp4 
07-10 05:02:01.914  4334  4679 D KeyProvider23: AndroidKeyStore contains keyAlias com.amazonaws.mobile.client.aesKeyStoreAlias
07-10 05:02:01.914  4334  4679 D KeyProvider23: Loading the encryption key from Android KeyStore.
07-10 05:02:01.933  4334  4334 D InputTransport: Input channel constructed: fd=78
07-10 05:02:01.935  4334  4334 D ViewRootImpl@156cbd2[Toast]: setView = android.widget.LinearLayout{a7af4a3 V.E...... ......I. 0,0-0,0} TM=true MM=false
07-10 05:02:01.936  4334  4334 V Toast   : Text: Bdde in android.widget.Toast$TN@5f603a0
07-10 05:02:01.941  4334  4334 D ViewRootImpl@156cbd2[Toast]: dispatchAttachedToWindow
07-10 05:02:01.945  4334  4679 D KeyProvider23: AndroidKeyStore contains keyAlias com.amazonaws.mobile.client.aesKeyStoreAlias
07-10 05:02:01.945  4334  4679 D KeyProvider23: Loading the encryption key from Android KeyStore.
07-10 05:02:01.966  4334  4334 D ViewRootImpl@156cbd2[Toast]: Relayout returned: old=[0,72][1080,2076] new=[86,1712][993,1884] result=0x7 surface={valid=true 541299441664} changed=true
07-10 05:02:01.971  4334  4571 D mali_winsys: EGLint new_window_surface(egl_winsys_display *, void *, EGLSurface, EGLConfig, egl_winsys_surface **, EGLBoolean) returns 0x3000
07-10 05:02:01.971  4334  4571 D OpenGLRenderer: eglCreateWindowSurface = 0x7e0e9bf580, 0x7e07f60010
07-10 05:02:01.971  4334  4679 D KeyProvider23: AndroidKeyStore contains keyAlias com.amazonaws.mobile.client.aesKeyStoreAlias
07-10 05:02:01.971  4334  4679 D KeyProvider23: Loading the encryption key from Android KeyStore.
07-10 05:02:01.988  4334  4334 D ViewRootImpl@156cbd2[Toast]: MSG_RESIZED: frame=Rect(86, 1712 - 993, 1884) ci=Rect(0, 0 - 0, 0) vi=Rect(0, 0 - 0, 0) or=1
07-10 05:02:01.995  4334  4679 D KeyProvider23: AndroidKeyStore contains keyAlias com.amazonaws.mobile.client.aesKeyStoreAlias
07-10 05:02:01.995  4334  4679 D KeyProvider23: Loading the encryption key from Android KeyStore.
07-10 05:02:02.014  4334  4679 D AWSMobileClient: Inspecting user state details
07-10 05:02:02.018  4334  4679 D KeyProvider23: AndroidKeyStore contains keyAlias com.amazonaws.mobile.client.aesKeyStoreAlias
07-10 05:02:02.018  4334  4679 D KeyProvider23: Loading the encryption key from Android KeyStore.
07-10 05:02:02.038  4334  4679 D KeyProvider23: AndroidKeyStore contains keyAlias com.amazonaws.mobile.client.aesKeyStoreAlias
07-10 05:02:02.038  4334  4679 D KeyProvider23: Loading the encryption key from Android KeyStore.
07-10 05:02:02.060  4334  4679 D KeyProvider23: AndroidKeyStore contains keyAlias com.amazonaws.mobile.client.aesKeyStoreAlias
07-10 05:02:02.060  4334  4679 D KeyProvider23: Loading the encryption key from Android KeyStore.
07-10 05:02:02.083  4334  4679 D KeyProvider23: AndroidKeyStore contains keyAlias com.amazonaws.mobile.client.aesKeyStoreAlias
07-10 05:02:02.083  4334  4679 D KeyProvider23: Loading the encryption key from Android KeyStore.
07-10 05:02:02.092  4334  4679 D KeyProvider23: AndroidKeyStore contains keyAlias com.amazonaws.mobile.client.aesKeyStoreAlias
07-10 05:02:02.092  4334  4679 D KeyProvider23: Loading the encryption key from Android KeyStore.
07-10 05:02:02.099  4334  4679 D KeyProvider23: AndroidKeyStore contains keyAlias CognitoIdentityProviderCache.aesKeyStoreAlias
07-10 05:02:02.100  4334  4679 D KeyProvider23: Loading the encryption key from Android KeyStore.
07-10 05:02:02.128  4334  4679 D KeyProvider23: AndroidKeyStore contains keyAlias CognitoIdentityProviderCache.aesKeyStoreAlias
07-10 05:02:02.128  4334  4679 D KeyProvider23: Loading the encryption key from Android KeyStore.
07-10 05:02:02.153  4334  4679 D KeyProvider23: AndroidKeyStore contains keyAlias CognitoIdentityProviderCache.aesKeyStoreAlias
07-10 05:02:02.153  4334  4679 D KeyProvider23: Loading the encryption key from Android KeyStore.
07-10 05:02:02.181  4334  4679 D KeyProvider23: AndroidKeyStore contains keyAlias CognitoIdentityProviderCache.aesKeyStoreAlias
07-10 05:02:02.181  4334  4679 D KeyProvider23: Loading the encryption key from Android KeyStore.
07-10 05:02:02.210  4334  4679 D AWSMobileClient: hasFederatedToken: true provider: cognito-idp.ap-southeast-2.amazonaws.com/ap-southeast-2_RQ4XVNX6r
07-10 05:02:02.210  4334  4679 D AWSMobileClient: waitForSignIn: userState:SIGNED_IN
07-10 05:02:02.210  4334  4679 D AWSMobileClient: getCredentials: Validated user is signed-in
07-10 05:02:02.213  4334  4679 D KeyProvider23: AndroidKeyStore contains keyAlias com.amazonaws.android.auth.aesKeyStoreAlias
07-10 05:02:02.213  4334  4679 D KeyProvider23: Loading the encryption key from Android KeyStore.
07-10 05:02:02.240  4334  4679 D KeyProvider23: AndroidKeyStore contains keyAlias com.amazonaws.mobile.client.aesKeyStoreAlias
07-10 05:02:02.240  4334  4679 D KeyProvider23: Loading the encryption key from Android KeyStore.
07-10 05:02:02.277  4334  4679 D AWS4Signer: AWS4 Canonical Request: '"PUT
07-10 05:02:02.277  4334  4679 D AWS4Signer: /private/ap-southeast-2%3Ad252a5d6-97a3-4c55-96b0-3ab381ebe068/20200312_150944.mp4
07-10 05:02:02.277  4334  4679 D AWS4Signer: 
07-10 05:02:02.277  4334  4679 D AWS4Signer: content-md5:bzcLANiRCsgdsP6goyo7Dw==
07-10 05:02:02.277  4334  4679 D AWS4Signer: host:edgesum82ff980659b24efe89e186aaba0fa3aa213655-dev.s3.ap-southeast-2.amazonaws.com
07-10 05:02:02.277  4334  4679 D AWS4Signer: x-amz-content-sha256:STREAMING-AWS4-HMAC-SHA256-PAYLOAD
07-10 05:02:02.277  4334  4679 D AWS4Signer: x-amz-date:20200709T190202Z
07-10 05:02:02.277  4334  4679 D AWS4Signer: x-amz-decoded-content-length:1186964
07-10 05:02:02.277  4334  4679 D AWS4Signer: x-amz-security-token:IQoJb3JpZ2luX2VjEHMaDmFwLXNvdXRoZWFzdC0yIkgwRgIhAM78vkTtKo5niAQ6Pm1KOKiua5Y51whKzxyn/vdCr7dxAiEAo6YZtRadIWmFVcU5w36Uu2AXyPJKvI7ay32Iy9hT6HUqnAQIHBABGgw5NjA5MDUzMjMxNDkiDNg5zVKqhOCGULHgHCr5AxTDyJ8ZxsJauFIKm3gswzU6DrO+vIiYGnDErE7nl3i0BX2gsGtp3DzGXMMDGTxotNzIALkN+8Tf+r9q8xLw2LlQK9lNBua4NK8Utn+N0iJ5LHC5L0e5oKf5nohwKWQqL+w+leiJGkmySOU6BVxQK26vxtRMjYNO0dC9SuOUSaoS4vJPSur9rhpm0dSc6S4S8xma78TrgCi+s/1/CUdUak+1wGvBb4kflKAD1pjertHaEmSQOAeRf9tmmoNf1bupWAg6Y4EsFNCXNaq05BaewJuMdT5nQF7Rr0pHaJOx+ToM1gwEeDHKDS6QcnJQYl/aKwmR5Z7dNhWTeM84hDAW7jE7FNrwA1cG4WkuP8Smlw1M66EfFQvE+VmPb06wu89BQaVj34uG6mW1nhBVjGOvuOIXnhXa04g1VLGBaBwkhkB9QISQYLWE60qPVxk9J2ZgU+VLb4Oq70wLSX89uifZ9vPM7j+teWglG7jBJ+Y1N/E+iEBHdmT6/WkpISCrosnmc23i/vQmMmm+YEc7dPw3R0G9d1yu+i2WEHpIt9ciTIkz6swEzaxpNSCT20b9CQcstoKzedJQTuZpAjWviQVDmRbV2dyY2n8qEQxR2bkK3oVMCn5hVHfeta2h3oLS03kKCXotphStQdoQKk9tJuc0lB6+LYzzSquHSwgwgNOd+AU6ygLMuCVZkOK/+d4R6K3hJimDx3yxH1ProMQaC2NxAIH8nWgyr97qK+AS36WIGG3iSZcReupPsICva0dpFtJ9ziwlKsMW1I/KRI5kUf8wlHByB0QZ45y++fLf+5SFbm5/vCvV3iMMLhwpNUPo6/zmZliCbvxl0/DhRDdZ/nfy0mdUuXzKZHHSNLKKlPLetkUoZKQCxrPPB7AhBJWe+jeiMv0SkSWbkZlKB/5Vj49TMhMOe4gpBbXlD9nT8R4WKssWkfOfs2YvMYzw9XmEToiXxV3ZcAVDVF403zMi/Geijd+2i5+U1+VhW3z2YQDfp2LBvUdg7Pl2dJux2tQitaZI7KK9tBJUx1iDXOKeSXWmomXzb1r9OJGWo3OrD66xNVwhJc6npkjRG6KQN9b4GIoLxwulZEtkcNnjeAip/JAeyCyOHR0TS4sQYAwgyqA=
07-10 05:02:02.277  4334  4679 D AWS4Signer: 
07-10 05:02:02.277  4334  4679 D AWS4Signer: content-md5;host;x-amz-content-sha256;x-amz-date;x-amz-decoded-content-length;x-amz-security-token
07-10 05:02:02.277  4334  4679 D AWS4Signer: STREAMING-AWS4-HMAC-SHA256-PAYLOAD"
07-10 05:02:02.278  4334  4679 D AWS4Signer: AWS4 String to Sign: '"AWS4-HMAC-SHA256
07-10 05:02:02.278  4334  4679 D AWS4Signer: 20200709T190202Z
07-10 05:02:02.278  4334  4679 D AWS4Signer: 20200709/ap-southeast-2/s3/aws4_request
07-10 05:02:02.278  4334  4679 D AWS4Signer: c5610c83f629a6c0f2643f5614d3ab3c18c534ae01a45434334f48fab6dcb18f"
07-10 05:02:02.287  4334  4679 I System.out: (HTTPLog)-Static: isSBSettingEnabled false
07-10 05:02:02.287  4334  4679 I System.out: (HTTPLog)-Static: isSBSettingEnabled false
07-10 05:02:02.550  4334  4334 D S3Uploader: ID: 1178, bytesCurrent: 1048576, bytesTotal: 1186964, percentDone: 88
07-10 05:02:02.957  4334  4679 D S3MetadataResponseHandl: Server is ignored.
07-10 05:02:02.960  4334  4679 D S3MetadataResponseHandl: x-amz-request-id is ignored.
07-10 05:02:02.964  4334  4679 D S3MetadataResponseHandl: x-amz-id-2 is ignored.
07-10 05:02:02.967  4334  4679 D S3MetadataResponseHandl: Date is ignored.
07-10 05:02:02.979  4334  4334 D S3Uploader: ID: 1178, bytesCurrent: 1186964, bytesTotal: 1186964, percentDone: 100
07-10 05:02:02.985  4334  4334 D S3Uploader: ID: 1178, bytesCurrent: 1186964, bytesTotal: 1186964, percentDone: 100
07-10 05:02:03.035  4334  4334 I S3Uploader: Uploaded 20200312_150944.mp4
07-10 05:02:03.036  4334  4334 V SummarisedVideosEventHandler: onRemoveByPath
07-10 05:02:03.039  4334  4334 W S3Uploader: Uploaded 20200312_150944.mp4 in 01.222s
07-10 05:02:03.048  4334  4571 W libEGL  : EGLNativeWindowType 0x7e07f60010 disconnect failed
07-10 05:02:03.048  4334  4571 D OpenGLRenderer: eglDestroySurface = 0x7e0e9bf580, 0x7e07f60000
07-10 05:02:03.049  4334  4334 D ViewRootImpl@156cbd2[Toast]: dispatchDetachedFromWindow
07-10 05:02:03.050  4334  4334 D ViewRootImpl@156cbd2[Toast]: Surface release. android.view.ViewRootImpl.doDie:7979 android.view.ViewRootImpl.die:7947 android.view.WindowManagerGlobal.removeViewLocked:497 android.view.WindowManagerGlobal.removeView:435 android.view.WindowManagerImpl.removeViewImmediate:124 android.widget.Toast$TN.handleHide:1110 android.widget.Toast$TN$1.handleMessage:898 android.os.Handler.dispatchMessage:106 
07-10 05:02:03.068  4334  4334 D InputTransport: Input channel destroyed: fd=78
07-10 05:02:03.110  4334  4334 D InputTransport: Input channel constructed: fd=75
07-10 05:02:03.114  4334  4334 D ViewRootImpl@d47b9cc[Toast]: setView = android.widget.LinearLayout{1ee7415 V.E...... ......I. 0,0-0,0} TM=true MM=false
07-10 05:02:03.115  4334  4334 V Toast   : Text: Vplo in android.widget.Toast$TN@724032a
07-10 05:02:03.123  4334  4334 D ViewRootImpl@d47b9cc[Toast]: dispatchAttachedToWindow
07-10 05:02:03.163  4334  4334 D ViewRootImpl@d47b9cc[Toast]: Relayout returned: old=[0,72][1080,2076] new=[86,1712][993,1884] result=0x7 surface={valid=true 541299441664} changed=true
07-10 05:02:03.169  4334  4571 D mali_winsys: EGLint new_window_surface(egl_winsys_display *, void *, EGLSurface, EGLConfig, egl_winsys_surface **, EGLBoolean) returns 0x3000
07-10 05:02:03.169  4334  4571 D OpenGLRenderer: eglCreateWindowSurface = 0x7e09e7d300, 0x7e07f60010
07-10 05:02:03.429  4334  4334 D ViewRootImpl@d47b9cc[Toast]: MSG_RESIZED: frame=Rect(86, 1712 - 993, 1884) ci=Rect(0, 0 - 0, 0) vi=Rect(0, 0 - 0, 0) or=1
07-10 05:02:04.868  4334  4334 D ViewRootImpl@69aa588[MainActivity]: ViewPostIme pointer 0
07-10 05:02:04.940  4334  4334 D ViewRootImpl@69aa588[MainActivity]: ViewPostIme pointer 1
07-10 05:02:04.965  4334  4334 D TransferService: Initializing the thread pool of size: 18
07-10 05:02:04.968  4334  4334 D KeyProvider23: AndroidKeyStore contains keyAlias com.amazonaws.android.auth.aesKeyStoreAlias
07-10 05:02:04.968  4334  4334 D KeyProvider23: Loading the encryption key from Android KeyStore.
07-10 05:02:05.024  4334  4334 D TransferService: Initializing the thread pool of size: 18
07-10 05:02:05.025  4334  4334 D UploadToS3: Bytes Transferred: 0
07-10 05:02:05.026  4334  4334 D UploadToS3: Bytes Total: 1049316
07-10 05:02:05.038  4334  4680 I TransferStatusUpdater: Creating a new progress listener for transfer: 1179
07-10 05:02:05.051  4334  4680 D AmazonS3Client: Using virtual style addressing. Endpoint = https://s3.ap-southeast-2.amazonaws.com
07-10 05:02:05.051  4334  4680 D AmazonS3Client: Key: private/ap-southeast-2:d252a5d6-97a3-4c55-96b0-3ab381ebe068/20200312_193628.mp4; Request: PUT https://edgesum82ff980659b24efe89e186aaba0fa3aa213655-dev.s3.ap-southeast-2.amazonaws.com /private/ap-southeast-2:d252a5d6-97a3-4c55-96b0-3ab381ebe068/20200312_193628.mp4 
07-10 05:02:05.056  4334  4680 D KeyProvider23: AndroidKeyStore contains keyAlias com.amazonaws.mobile.client.aesKeyStoreAlias
07-10 05:02:05.056  4334  4680 D KeyProvider23: Loading the encryption key from Android KeyStore.
07-10 05:02:05.063  4334  4571 W libEGL  : EGLNativeWindowType 0x7e07f60010 disconnect failed
07-10 05:02:05.063  4334  4571 D OpenGLRenderer: eglDestroySurface = 0x7e09e7d300, 0x7e07f60000
07-10 05:02:05.063  4334  4334 D ViewRootImpl@d47b9cc[Toast]: dispatchDetachedFromWindow
07-10 05:02:05.064  4334  4334 D ViewRootImpl@d47b9cc[Toast]: Surface release. android.view.ViewRootImpl.doDie:7979 android.view.ViewRootImpl.die:7947 android.view.WindowManagerGlobal.removeViewLocked:497 android.view.WindowManagerGlobal.removeView:435 android.view.WindowManagerImpl.removeViewImmediate:124 android.widget.Toast$TN.handleHide:1110 android.widget.Toast$TN$1.handleMessage:898 android.os.Handler.dispatchMessage:106 
07-10 05:02:05.069  4334  4334 D InputTransport: Input channel destroyed: fd=75
07-10 05:02:05.079  4334  4680 D KeyProvider23: AndroidKeyStore contains keyAlias com.amazonaws.mobile.client.aesKeyStoreAlias
07-10 05:02:05.079  4334  4680 D KeyProvider23: Loading the encryption key from Android KeyStore.
07-10 05:02:05.096  4334  4334 D InputTransport: Input channel constructed: fd=75
07-10 05:02:05.098  4334  4334 D ViewRootImpl@5624c93[Toast]: setView = android.widget.LinearLayout{ae194d0 V.E...... ......I. 0,0-0,0} TM=true MM=false
07-10 05:02:05.099  4334  4334 V Toast   : Text: Bdde in android.widget.Toast$TN@643ecc9
07-10 05:02:05.100  4334  4680 D KeyProvider23: AndroidKeyStore contains keyAlias com.amazonaws.mobile.client.aesKeyStoreAlias
07-10 05:02:05.100  4334  4680 D KeyProvider23: Loading the encryption key from Android KeyStore.
07-10 05:02:05.104  4334  4334 D ViewRootImpl@5624c93[Toast]: dispatchAttachedToWindow
07-10 05:02:05.121  4334  4680 D KeyProvider23: AndroidKeyStore contains keyAlias com.amazonaws.mobile.client.aesKeyStoreAlias
07-10 05:02:05.121  4334  4680 D KeyProvider23: Loading the encryption key from Android KeyStore.
07-10 05:02:05.125  4334  4334 D ViewRootImpl@5624c93[Toast]: Relayout returned: old=[0,72][1080,2076] new=[86,1712][993,1884] result=0x7 surface={valid=true 541299441664} changed=true
07-10 05:02:05.129  4334  4571 D mali_winsys: EGLint new_window_surface(egl_winsys_display *, void *, EGLSurface, EGLConfig, egl_winsys_surface **, EGLBoolean) returns 0x3000
07-10 05:02:05.130  4334  4571 D OpenGLRenderer: eglCreateWindowSurface = 0x7e0e855f80, 0x7e07f60010
07-10 05:02:05.144  4334  4680 D AWSMobileClient: Inspecting user state details
07-10 05:02:05.150  4334  4334 D ViewRootImpl@5624c93[Toast]: MSG_RESIZED: frame=Rect(86, 1712 - 993, 1884) ci=Rect(0, 0 - 0, 0) vi=Rect(0, 0 - 0, 0) or=1
07-10 05:02:05.150  4334  4680 D KeyProvider23: AndroidKeyStore contains keyAlias com.amazonaws.mobile.client.aesKeyStoreAlias
07-10 05:02:05.150  4334  4680 D KeyProvider23: Loading the encryption key from Android KeyStore.
07-10 05:02:05.173  4334  4680 D KeyProvider23: AndroidKeyStore contains keyAlias com.amazonaws.mobile.client.aesKeyStoreAlias
07-10 05:02:05.173  4334  4680 D KeyProvider23: Loading the encryption key from Android KeyStore.
07-10 05:02:05.194  4334  4680 D KeyProvider23: AndroidKeyStore contains keyAlias com.amazonaws.mobile.client.aesKeyStoreAlias
07-10 05:02:05.194  4334  4680 D KeyProvider23: Loading the encryption key from Android KeyStore.
07-10 05:02:05.213  4334  4680 D KeyProvider23: AndroidKeyStore contains keyAlias com.amazonaws.mobile.client.aesKeyStoreAlias
07-10 05:02:05.213  4334  4680 D KeyProvider23: Loading the encryption key from Android KeyStore.
07-10 05:02:05.219  4334  4680 D KeyProvider23: AndroidKeyStore contains keyAlias com.amazonaws.mobile.client.aesKeyStoreAlias
07-10 05:02:05.219  4334  4680 D KeyProvider23: Loading the encryption key from Android KeyStore.
07-10 05:02:05.226  4334  4680 D KeyProvider23: AndroidKeyStore contains keyAlias CognitoIdentityProviderCache.aesKeyStoreAlias
07-10 05:02:05.227  4334  4680 D KeyProvider23: Loading the encryption key from Android KeyStore.
07-10 05:02:05.249  4334  4680 D KeyProvider23: AndroidKeyStore contains keyAlias CognitoIdentityProviderCache.aesKeyStoreAlias
07-10 05:02:05.249  4334  4680 D KeyProvider23: Loading the encryption key from Android KeyStore.
07-10 05:02:05.267  4334  4680 D KeyProvider23: AndroidKeyStore contains keyAlias CognitoIdentityProviderCache.aesKeyStoreAlias
07-10 05:02:05.267  4334  4680 D KeyProvider23: Loading the encryption key from Android KeyStore.
07-10 05:02:05.289  4334  4680 D KeyProvider23: AndroidKeyStore contains keyAlias CognitoIdentityProviderCache.aesKeyStoreAlias
07-10 05:02:05.289  4334  4680 D KeyProvider23: Loading the encryption key from Android KeyStore.
07-10 05:02:05.311  4334  4680 D AWSMobileClient: hasFederatedToken: true provider: cognito-idp.ap-southeast-2.amazonaws.com/ap-southeast-2_RQ4XVNX6r
07-10 05:02:05.312  4334  4680 D AWSMobileClient: waitForSignIn: userState:SIGNED_IN
07-10 05:02:05.312  4334  4680 D AWSMobileClient: getCredentials: Validated user is signed-in
07-10 05:02:05.314  4334  4680 D KeyProvider23: AndroidKeyStore contains keyAlias com.amazonaws.android.auth.aesKeyStoreAlias
07-10 05:02:05.314  4334  4680 D KeyProvider23: Loading the encryption key from Android KeyStore.
07-10 05:02:05.335  4334  4680 D KeyProvider23: AndroidKeyStore contains keyAlias com.amazonaws.mobile.client.aesKeyStoreAlias
07-10 05:02:05.335  4334  4680 D KeyProvider23: Loading the encryption key from Android KeyStore.
07-10 05:02:05.375  4334  4680 D AWS4Signer: AWS4 Canonical Request: '"PUT
07-10 05:02:05.375  4334  4680 D AWS4Signer: /private/ap-southeast-2%3Ad252a5d6-97a3-4c55-96b0-3ab381ebe068/20200312_193628.mp4
07-10 05:02:05.375  4334  4680 D AWS4Signer: 
07-10 05:02:05.375  4334  4680 D AWS4Signer: content-md5:d5uIK46of9cwZzWSSahsUw==
07-10 05:02:05.375  4334  4680 D AWS4Signer: host:edgesum82ff980659b24efe89e186aaba0fa3aa213655-dev.s3.ap-southeast-2.amazonaws.com
07-10 05:02:05.375  4334  4680 D AWS4Signer: x-amz-content-sha256:STREAMING-AWS4-HMAC-SHA256-PAYLOAD
07-10 05:02:05.375  4334  4680 D AWS4Signer: x-amz-date:20200709T190205Z
07-10 05:02:05.375  4334  4680 D AWS4Signer: x-amz-decoded-content-length:1049316
07-10 05:02:05.375  4334  4680 D AWS4Signer: x-amz-security-token:IQoJb3JpZ2luX2VjEHMaDmFwLXNvdXRoZWFzdC0yIkgwRgIhAM78vkTtKo5niAQ6Pm1KOKiua5Y51whKzxyn/vdCr7dxAiEAo6YZtRadIWmFVcU5w36Uu2AXyPJKvI7ay32Iy9hT6HUqnAQIHBABGgw5NjA5MDUzMjMxNDkiDNg5zVKqhOCGULHgHCr5AxTDyJ8ZxsJauFIKm3gswzU6DrO+vIiYGnDErE7nl3i0BX2gsGtp3DzGXMMDGTxotNzIALkN+8Tf+r9q8xLw2LlQK9lNBua4NK8Utn+N0iJ5LHC5L0e5oKf5nohwKWQqL+w+leiJGkmySOU6BVxQK26vxtRMjYNO0dC9SuOUSaoS4vJPSur9rhpm0dSc6S4S8xma78TrgCi+s/1/CUdUak+1wGvBb4kflKAD1pjertHaEmSQOAeRf9tmmoNf1bupWAg6Y4EsFNCXNaq05BaewJuMdT5nQF7Rr0pHaJOx+ToM1gwEeDHKDS6QcnJQYl/aKwmR5Z7dNhWTeM84hDAW7jE7FNrwA1cG4WkuP8Smlw1M66EfFQvE+VmPb06wu89BQaVj34uG6mW1nhBVjGOvuOIXnhXa04g1VLGBaBwkhkB9QISQYLWE60qPVxk9J2ZgU+VLb4Oq70wLSX89uifZ9vPM7j+teWglG7jBJ+Y1N/E+iEBHdmT6/WkpISCrosnmc23i/vQmMmm+YEc7dPw3R0G9d1yu+i2WEHpIt9ciTIkz6swEzaxpNSCT20b9CQcstoKzedJQTuZpAjWviQVDmRbV2dyY2n8qEQxR2bkK3oVMCn5hVHfeta2h3oLS03kKCXotphStQdoQKk9tJuc0lB6+LYzzSquHSwgwgNOd+AU6ygLMuCVZkOK/+d4R6K3hJimDx3yxH1ProMQaC2NxAIH8nWgyr97qK+AS36WIGG3iSZcReupPsICva0dpFtJ9ziwlKsMW1I/KRI5kUf8wlHByB0QZ45y++fLf+5SFbm5/vCvV3iMMLhwpNUPo6/zmZliCbvxl0/DhRDdZ/nfy0mdUuXzKZHHSNLKKlPLetkUoZKQCxrPPB7AhBJWe+jeiMv0SkSWbkZlKB/5Vj49TMhMOe4gpBbXlD9nT8R4WKssWkfOfs2YvMYzw9XmEToiXxV3ZcAVDVF403zMi/Geijd+2i5+U1+VhW3z2YQDfp2LBvUdg7Pl2dJux2tQitaZI7KK9tBJUx1iDXOKeSXWmomXzb1r9OJGWo3OrD66xNVwhJc6npkjRG6KQN9b4GIoLxwulZEtkcNnjeAip/JAeyCyOHR0TS4sQYAwgyqA=
07-10 05:02:05.375  4334  4680 D AWS4Signer: 
07-10 05:02:05.375  4334  4680 D AWS4Signer: content-md5;host;x-amz-content-sha256;x-amz-date;x-amz-decoded-content-length;x-amz-security-token
07-10 05:02:05.375  4334  4680 D AWS4Signer: STREAMING-AWS4-HMAC-SHA256-PAYLOAD"
07-10 05:02:05.375  4334  4680 D AWS4Signer: AWS4 String to Sign: '"AWS4-HMAC-SHA256
07-10 05:02:05.375  4334  4680 D AWS4Signer: 20200709T190205Z
07-10 05:02:05.375  4334  4680 D AWS4Signer: 20200709/ap-southeast-2/s3/aws4_request
07-10 05:02:05.375  4334  4680 D AWS4Signer: 75e5f59436124f5680de58cdeed5d3a9a3d21f52b2276d8f5e8409b20b662884"
07-10 05:02:05.385  4334  4680 I System.out: (HTTPLog)-Static: isSBSettingEnabled false
07-10 05:02:05.385  4334  4680 I System.out: (HTTPLog)-Static: isSBSettingEnabled false
07-10 05:02:05.696  4334  4334 D S3Uploader: ID: 1179, bytesCurrent: 1048576, bytesTotal: 1049316, percentDone: 99
07-10 05:02:06.003  4334  4680 D S3MetadataResponseHandl: Server is ignored.
07-10 05:02:06.006  4334  4680 D S3MetadataResponseHandl: x-amz-request-id is ignored.
07-10 05:02:06.008  4334  4680 D S3MetadataResponseHandl: x-amz-id-2 is ignored.
07-10 05:02:06.011  4334  4680 D S3MetadataResponseHandl: Date is ignored.
07-10 05:02:06.024  4334  4334 D S3Uploader: ID: 1179, bytesCurrent: 1049316, bytesTotal: 1049316, percentDone: 100
07-10 05:02:06.078  4334  4334 I S3Uploader: Uploaded 20200312_193628.mp4
07-10 05:02:06.078  4334  4334 V SummarisedVideosEventHandler: onRemoveByPath
07-10 05:02:06.082  4334  4334 W S3Uploader: Uploaded 20200312_193628.mp4 in 01.125s
07-10 05:02:06.091  4334  4571 W libEGL  : EGLNativeWindowType 0x7e07f60010 disconnect failed
07-10 05:02:06.091  4334  4571 D OpenGLRenderer: eglDestroySurface = 0x7e0e855f80, 0x7e07f60000
07-10 05:02:06.091  4334  4334 D ViewRootImpl@5624c93[Toast]: dispatchDetachedFromWindow
07-10 05:02:06.093  4334  4334 D ViewRootImpl@5624c93[Toast]: Surface release. android.view.ViewRootImpl.doDie:7979 android.view.ViewRootImpl.die:7947 android.view.WindowManagerGlobal.removeViewLocked:497 android.view.WindowManagerGlobal.removeView:435 android.view.WindowManagerImpl.removeViewImmediate:124 android.widget.Toast$TN.handleHide:1110 android.widget.Toast$TN$1.handleMessage:898 android.os.Handler.dispatchMessage:106 
07-10 05:02:06.115  4334  4334 D InputTransport: Input channel destroyed: fd=75
07-10 05:02:06.158  4334  4334 D InputTransport: Input channel constructed: fd=75
07-10 05:02:06.161  4334  4334 D ViewRootImpl@3db8ada[Toast]: setView = android.widget.LinearLayout{764bb0b V.E...... ......I. 0,0-0,0} TM=true MM=false
07-10 05:02:06.163  4334  4334 V Toast   : Text: Vplo in android.widget.Toast$TN@c632de8
07-10 05:02:06.169  4334  4334 D ViewRootImpl@3db8ada[Toast]: dispatchAttachedToWindow
07-10 05:02:06.211  4334  4334 D ViewRootImpl@3db8ada[Toast]: Relayout returned: old=[0,72][1080,2076] new=[86,1712][993,1884] result=0x7 surface={valid=true 541299441664} changed=true
07-10 05:02:06.216  4334  4571 D mali_winsys: EGLint new_window_surface(egl_winsys_display *, void *, EGLSurface, EGLConfig, egl_winsys_surface **, EGLBoolean) returns 0x3000
07-10 05:02:06.216  4334  4571 D OpenGLRenderer: eglCreateWindowSurface = 0x7e0e9bf580, 0x7e07f60010
07-10 05:02:06.422  4334  4334 D ViewRootImpl@3db8ada[Toast]: MSG_RESIZED: frame=Rect(86, 1712 - 993, 1884) ci=Rect(0, 0 - 0, 0) vi=Rect(0, 0 - 0, 0) or=1
07-10 05:02:08.084  4334  4571 W libEGL  : EGLNativeWindowType 0x7e07f60010 disconnect failed
07-10 05:02:08.084  4334  4571 D OpenGLRenderer: eglDestroySurface = 0x7e0e9bf580, 0x7e07f60000
07-10 05:02:08.084  4334  4334 D ViewRootImpl@3db8ada[Toast]: dispatchDetachedFromWindow
07-10 05:02:08.085  4334  4334 D ViewRootImpl@3db8ada[Toast]: Surface release. android.view.ViewRootImpl.doDie:7979 android.view.ViewRootImpl.die:7947 android.view.WindowManagerGlobal.removeViewLocked:497 android.view.WindowManagerGlobal.removeView:435 android.view.WindowManagerImpl.removeViewImmediate:124 android.widget.Toast$TN.handleHide:1110 android.widget.Toast$TN$1.handleMessage:898 android.os.Handler.dispatchMessage:106 
07-10 05:02:08.104  4334  4334 D InputTransport: Input channel destroyed: fd=75
07-10 05:02:58.646  4334  4334 D ViewRootImpl@69aa588[MainActivity]: ViewPostIme pointer 0
07-10 05:02:58.738  4334  4334 D ViewRootImpl@69aa588[MainActivity]: ViewPostIme pointer 1
07-10 05:02:58.759  4334  4334 D TransferService: Initializing the thread pool of size: 18
07-10 05:02:58.763  4334  4334 D KeyProvider23: AndroidKeyStore contains keyAlias com.amazonaws.android.auth.aesKeyStoreAlias
07-10 05:02:58.763  4334  4334 D KeyProvider23: Loading the encryption key from Android KeyStore.
07-10 05:02:58.835  4334  4334 D TransferService: Initializing the thread pool of size: 18
07-10 05:02:58.836  4334  4334 D UploadToS3: Bytes Transferred: 0
07-10 05:02:58.836  4334  4334 D UploadToS3: Bytes Total: 63253345
07-10 05:02:58.842  4334  4859 D AmazonS3Client: Using virtual style addressing. Endpoint = https://s3.ap-southeast-2.amazonaws.com
07-10 05:02:58.842  4334  4859 D AmazonS3Client: Key: private/ap-southeast-2:d252a5d6-97a3-4c55-96b0-3ab381ebe068/20200312_193728.mp4; Request: POST https://edgesum82ff980659b24efe89e186aaba0fa3aa213655-dev.s3.ap-southeast-2.amazonaws.com /private/ap-southeast-2:d252a5d6-97a3-4c55-96b0-3ab381ebe068/20200312_193728.mp4 
