07-04 23:36:41.869 11766 11998 I mobile-ffmpeg:     major_brand     : 
07-04 23:36:41.869 11766 11998 I mobile-ffmpeg: mp42
07-04 23:36:41.869 11766 11998 I mobile-ffmpeg: 
07-04 23:36:41.869 11766 11998 I mobile-ffmpeg:     minor_version   : 
07-04 23:36:41.869 11766 11998 I mobile-ffmpeg: 1
07-04 23:36:41.869 11766 11998 I mobile-ffmpeg: 
07-04 23:36:41.869 11766 11998 I mobile-ffmpeg:     compatible_brands: 
07-04 23:36:41.869 11766 11998 I mobile-ffmpeg: mp42mp42
07-04 23:36:41.869 11766 11998 I mobile-ffmpeg: 
07-04 23:36:41.869 11766 11998 I mobile-ffmpeg:   Duration: 
07-04 23:36:41.869 11766 11998 I mobile-ffmpeg: 00:01:00.02
07-04 23:36:41.869 11766 11998 I mobile-ffmpeg: , start: 
07-04 23:36:41.869 11766 11998 I mobile-ffmpeg: 0.000000
07-04 23:36:41.869 11766 11998 I mobile-ffmpeg: , bitrate: 
07-04 23:36:41.869 11766 11998 I mobile-ffmpeg: 9328 kb/s
07-04 23:36:41.870 11766 11998 I mobile-ffmpeg: 
07-04 23:36:41.870 11766 11998 I mobile-ffmpeg:     Stream #0:0
07-04 23:36:41.870 11766 11998 I mobile-ffmpeg: (eng)
07-04 23:36:41.870 11766 11998 I mobile-ffmpeg: : Video: h264 (avc1 / 0x31637661), yuvj420p(pc, bt709), 1280x720, 8385 kb/s
07-04 23:36:41.870 11766 11998 I mobile-ffmpeg: , 
07-04 23:36:41.870 11766 11998 I mobile-ffmpeg: 29.97 fps, 
07-04 23:36:41.870 11766 11998 I mobile-ffmpeg: 29.97 tbr, 
07-04 23:36:41.870 11766 11998 I mobile-ffmpeg: 1k tbn, 
07-04 23:36:41.870 11766 11998 I mobile-ffmpeg: 2k tbc
07-04 23:36:41.870 11766 11998 I mobile-ffmpeg:  (default)
07-04 23:36:41.870 11766 11998 I mobile-ffmpeg: 
07-04 23:36:41.870 11766 11998 I mobile-ffmpeg:     Metadata:
07-04 23:36:41.870 11766 11998 I mobile-ffmpeg:       creation_time   : 
07-04 23:36:41.871 11766 11998 I mobile-ffmpeg: 2020-03-12T08:48:29.000000Z
07-04 23:36:41.871 11766 11998 I mobile-ffmpeg: 
07-04 23:36:41.871 11766 11998 I mobile-ffmpeg:       handler_name    : 
07-04 23:36:41.871 11766 11998 I mobile-ffmpeg: PittaSoft Video Media Handler
07-04 23:36:41.871 11766 11998 I mobile-ffmpeg: 
07-04 23:36:41.871 11766 11998 I mobile-ffmpeg:     Stream #0:1
07-04 23:36:41.871 11766 11998 I mobile-ffmpeg: (eng)
07-04 23:36:41.871 11766 11998 I mobile-ffmpeg: : Audio: aac (mp4a / 0x6134706D), 16000 Hz, stereo, fltp, 47 kb/s
07-04 23:36:41.871 11766 11998 I mobile-ffmpeg:  (default)
07-04 23:36:41.871 11766 11998 I mobile-ffmpeg: 
07-04 23:36:41.871 11766 11998 I mobile-ffmpeg:     Metadata:
07-04 23:36:41.871 11766 11998 I mobile-ffmpeg:       creation_time   : 
07-04 23:36:41.871 11766 11998 I mobile-ffmpeg: 2020-03-12T08:48:29.000000Z
07-04 23:36:41.871 11766 11998 I mobile-ffmpeg: 
07-04 23:36:41.871 11766 11998 I mobile-ffmpeg:       handler_name    : 
07-04 23:36:41.871 11766 11998 I mobile-ffmpeg: PittaSoft Sound Media Handler
07-04 23:36:41.871 11766 11998 I mobile-ffmpeg: 
07-04 23:36:41.894 11766 11988 V FileManager: External storage is readable
07-04 23:36:41.896 11766 11988 V FileManager: Created new directory: /storage/emulated/0/Movies/segment/20200312_194730
07-04 23:36:41.897 11766 11988 V FfmpegTools: Splitting /storage/emulated/0/Movies/raw/20200312_194730.mp4 with 16s long segments
07-04 23:36:41.898 11766 11988 I FfmpegTools: Running ffmpeg with:
07-04 23:36:41.898 11766 11988 I FfmpegTools:   -y -i /storage/emulated/0/Movies/raw/20200312_194730.mp4 -map 0 -c copy -f segment -reset_timestamps 1 -segment_time 16 /storage/emulated/0/Movies/segment/20200312_194730/20200312_194730!%03d.mp4
07-04 23:36:41.919 11766 11998 W mobile-ffmpeg: [mov,mp4,m4a,3gp,3g2,mj2 @ 0x7395441600] Found duplicated MOOV Atom. Skipped it
07-04 23:36:41.990 11766 11998 I mobile-ffmpeg: Input #0, mov,mp4,m4a,3gp,3g2,mj2, from '/storage/emulated/0/Movies/raw/20200312_194730.mp4':
07-04 23:36:41.990 11766 11998 I mobile-ffmpeg:   Metadata:
07-04 23:36:41.990 11766 11998 I mobile-ffmpeg:     creation_time   : 
07-04 23:36:41.990 11766 11998 I mobile-ffmpeg: 2020-03-12T08:48:29.000000Z
07-04 23:36:41.990 11766 11998 I mobile-ffmpeg: 
07-04 23:36:41.991 11766 11998 I mobile-ffmpeg:     major_brand     : 
07-04 23:36:41.991 11766 11998 I mobile-ffmpeg: mp42
07-04 23:36:41.991 11766 11998 I mobile-ffmpeg: 
07-04 23:36:41.991 11766 11998 I mobile-ffmpeg:     minor_version   : 
07-04 23:36:41.991 11766 11998 I mobile-ffmpeg: 1
07-04 23:36:41.991 11766 11998 I mobile-ffmpeg: 
07-04 23:36:41.991 11766 11998 I mobile-ffmpeg:     compatible_brands: 
07-04 23:36:41.991 11766 11998 I mobile-ffmpeg: mp42mp42
07-04 23:36:41.991 11766 11998 I mobile-ffmpeg: 
07-04 23:36:41.991 11766 11998 I mobile-ffmpeg:   Duration: 
07-04 23:36:41.991 11766 11998 I mobile-ffmpeg: 00:01:00.02
07-04 23:36:41.991 11766 11998 I mobile-ffmpeg: , start: 
07-04 23:36:41.991 11766 11998 I mobile-ffmpeg: 0.000000
07-04 23:36:41.996 11766 11998 I mobile-ffmpeg: , bitrate: 
07-04 23:36:41.996 11766 11998 I mobile-ffmpeg: 9328 kb/s
07-04 23:36:41.996 11766 11998 I mobile-ffmpeg: 
07-04 23:36:41.996 11766 11998 I mobile-ffmpeg:     Stream #0:0
07-04 23:36:41.996 11766 11998 I mobile-ffmpeg: (eng)
07-04 23:36:41.996 11766 11998 I mobile-ffmpeg: : Video: h264 (avc1 / 0x31637661), yuvj420p(pc, bt709), 1280x720, 8385 kb/s
07-04 23:36:41.996 11766 11998 I mobile-ffmpeg: , 
07-04 23:36:41.996 11766 11998 I mobile-ffmpeg: 29.97 fps, 
07-04 23:36:41.996 11766 11998 I mobile-ffmpeg: 29.97 tbr, 
07-04 23:36:41.996 11766 11998 I mobile-ffmpeg: 1k tbn, 
07-04 23:36:41.996 11766 11998 I mobile-ffmpeg: 2k tbc
07-04 23:36:41.996 11766 11998 I mobile-ffmpeg:  (default)
07-04 23:36:41.996 11766 11998 I mobile-ffmpeg: 
07-04 23:36:41.996 11766 11998 I mobile-ffmpeg:     Metadata:
07-04 23:36:41.997 11766 11998 I mobile-ffmpeg:       creation_time   : 
07-04 23:36:41.997 11766 11998 I mobile-ffmpeg: 2020-03-12T08:48:29.000000Z
07-04 23:36:41.997 11766 11998 I mobile-ffmpeg: 
07-04 23:36:41.997 11766 11998 I mobile-ffmpeg:       handler_name    : 
07-04 23:36:41.997 11766 11998 I mobile-ffmpeg: PittaSoft Video Media Handler
07-04 23:36:41.997 11766 11998 I mobile-ffmpeg: 
07-04 23:36:41.997 11766 11998 I mobile-ffmpeg:     Stream #0:1
07-04 23:36:41.997 11766 11998 I mobile-ffmpeg: (eng)
07-04 23:36:41.997 11766 11998 I mobile-ffmpeg: : Audio: aac (mp4a / 0x6134706D), 16000 Hz, stereo, fltp, 47 kb/s
07-04 23:36:41.997 11766 11998 I mobile-ffmpeg:  (default)
07-04 23:36:41.997 11766 11998 I mobile-ffmpeg: 
07-04 23:36:41.997 11766 11998 I mobile-ffmpeg:     Metadata:
07-04 23:36:41.997 11766 11998 I mobile-ffmpeg:       creation_time   : 
07-04 23:36:41.998 11766 11998 I mobile-ffmpeg: 2020-03-12T08:48:29.000000Z
07-04 23:36:41.998 11766 11998 I mobile-ffmpeg: 
07-04 23:36:41.998 11766 11998 I mobile-ffmpeg:       handler_name    : 
07-04 23:36:41.998 11766 11998 I mobile-ffmpeg: PittaSoft Sound Media Handler
07-04 23:36:41.998 11766 11998 I mobile-ffmpeg: 
07-04 23:36:41.998 11766 11998 I mobile-ffmpeg: [segment @ 0x7395442e00] Opening '/storage/emulated/0/Movies/segment/20200312_194730/20200312_194730!000.mp4' for writing
07-04 23:36:41.998 11766 11998 I mobile-ffmpeg: Output #0, segment, to '/storage/emulated/0/Movies/segment/20200312_194730/20200312_194730!%03d.mp4':
07-04 23:36:41.998 11766 11998 I mobile-ffmpeg:   Metadata:
07-04 23:36:41.998 11766 11998 I mobile-ffmpeg:     compatible_brands: 
07-04 23:36:41.998 11766 11998 I mobile-ffmpeg: mp42mp42
07-04 23:36:41.998 11766 11998 I mobile-ffmpeg: 
07-04 23:36:41.999 11766 11998 I mobile-ffmpeg:     major_brand     : 
07-04 23:36:41.999 11766 11998 I mobile-ffmpeg: mp42
07-04 23:36:41.999 11766 11998 I mobile-ffmpeg: 
07-04 23:36:41.999 11766 11998 I mobile-ffmpeg:     minor_version   : 
07-04 23:36:41.999 11766 11998 I mobile-ffmpeg: 1
07-04 23:36:41.999 11766 11998 I mobile-ffmpeg: 
07-04 23:36:41.999 11766 11998 I mobile-ffmpeg:     encoder         : 
07-04 23:36:41.999 11766 11998 I mobile-ffmpeg: Lavf58.42.100
07-04 23:36:41.999 11766 11998 I mobile-ffmpeg: 
07-04 23:36:41.999 11766 11998 I mobile-ffmpeg:     Stream #0:0
07-04 23:36:41.999 11766 11998 I mobile-ffmpeg: (eng)
07-04 23:36:41.999 11766 11998 I mobile-ffmpeg: : Video: h264 (avc1 / 0x31637661), yuvj420p(pc, bt709), 1280x720, q=2-31, 8385 kb/s
07-04 23:36:41.999 11766 11998 I mobile-ffmpeg: , 
07-04 23:36:41.999 11766 11998 I mobile-ffmpeg: 29.97 fps, 
07-04 23:36:41.999 11766 11998 I mobile-ffmpeg: 29.97 tbr, 
07-04 23:36:42.000 11766 11998 I mobile-ffmpeg: 16k tbn, 
07-04 23:36:42.000 11766 11998 I mobile-ffmpeg: 1k tbc
07-04 23:36:42.000 11766 11998 I mobile-ffmpeg:  (default)
07-04 23:36:42.000 11766 11998 I mobile-ffmpeg: 
07-04 23:36:42.000 11766 11998 I mobile-ffmpeg:     Metadata:
07-04 23:36:42.000 11766 11998 I mobile-ffmpeg:       creation_time   : 
07-04 23:36:42.000 11766 11998 I mobile-ffmpeg: 2020-03-12T08:48:29.000000Z
07-04 23:36:42.000 11766 11998 I mobile-ffmpeg: 
07-04 23:36:42.000 11766 11998 I mobile-ffmpeg:       handler_name    : 
07-04 23:36:42.000 11766 11998 I mobile-ffmpeg: PittaSoft Video Media Handler
07-04 23:36:42.000 11766 11998 I mobile-ffmpeg: 
07-04 23:36:42.000 11766 11998 I mobile-ffmpeg:     Stream #0:1
07-04 23:36:42.000 11766 11998 I mobile-ffmpeg: (eng)
07-04 23:36:42.000 11766 11998 I mobile-ffmpeg: : Audio: aac (mp4a / 0x6134706D), 16000 Hz, stereo, fltp, 47 kb/s
07-04 23:36:42.000 11766 11998 I mobile-ffmpeg:  (default)
07-04 23:36:42.000 11766 11998 I mobile-ffmpeg: 
07-04 23:36:42.000 11766 11998 I mobile-ffmpeg:     Metadata:
07-04 23:36:42.000 11766 11998 I mobile-ffmpeg:       creation_time   : 
07-04 23:36:42.000 11766 11998 I mobile-ffmpeg: 2020-03-12T08:48:29.000000Z
07-04 23:36:42.001 11766 11998 I mobile-ffmpeg: 
07-04 23:36:42.001 11766 11998 I mobile-ffmpeg:       handler_name    : 
07-04 23:36:42.001 11766 11998 I mobile-ffmpeg: PittaSoft Sound Media Handler
07-04 23:36:42.001 11766 11998 I mobile-ffmpeg: 
07-04 23:36:42.001 11766 11998 I mobile-ffmpeg: Stream mapping:
07-04 23:36:42.001 11766 11998 I mobile-ffmpeg:   Stream #0:0 -> #0:0
07-04 23:36:42.001 11766 11998 I mobile-ffmpeg:  (copy)
07-04 23:36:42.001 11766 11998 I mobile-ffmpeg: 
07-04 23:36:42.001 11766 11998 I mobile-ffmpeg:   Stream #0:1 -> #0:1
07-04 23:36:42.001 11766 11998 I mobile-ffmpeg:  (copy)
07-04 23:36:42.001 11766 11998 I mobile-ffmpeg: 
07-04 23:36:42.001 11766 11998 I mobile-ffmpeg: Press [q] to stop, [?] for help
07-04 23:36:42.001 11766 11998 I mobile-ffmpeg: frame=    1 fps=0.0 q=-1.0 size=N/A time=00:00:00.00 bitrate=N/A speed=  21x    
07-04 23:36:42.195 11766 11998 I mobile-ffmpeg: [segment @ 0x7395442e00] Opening '/storage/emulated/0/Movies/segment/20200312_194730/20200312_194730!001.mp4' for writing
07-04 23:36:42.386 11766 11998 I mobile-ffmpeg: [segment @ 0x7395442e00] Opening '/storage/emulated/0/Movies/segment/20200312_194730/20200312_194730!002.mp4' for writing
07-04 23:36:42.496 11766 11998 I mobile-ffmpeg: frame= 1240 fps=0.0 q=-1.0 size=N/A time=00:00:41.34 bitrate=N/A speed=82.7x    
07-04 23:36:42.602 11766 11998 I mobile-ffmpeg: [segment @ 0x7395442e00] Opening '/storage/emulated/0/Movies/segment/20200312_194730/20200312_194730!003.mp4' for writing
07-04 23:36:42.742 11766 11998 I mobile-ffmpeg: frame= 1800 fps=0.0 q=-1.0 Lsize=N/A time=00:01:00.03 bitrate=N/A speed=80.5x    
07-04 23:36:42.742 11766 11998 I mobile-ffmpeg: video:61435kB audio:346kB subtitle:0kB other streams:0kB global headers:0kB muxing overhead: 
07-04 23:36:42.742 11766 11998 I mobile-ffmpeg: unknown
07-04 23:36:42.742 11766 11998 I mobile-ffmpeg: 
07-04 23:36:42.747 11766 11988 V FileManager: External storage is readable
07-04 23:36:42.748 11766 11988 V FileManager: Directory already exists: /storage/emulated/0/Movies/segment/20200312_194730
07-04 23:36:42.748 11766 11988 V VideoManager: Retrieving videos from /storage/emulated/0/Movies/segment/20200312_194730
07-04 23:36:42.750 11766 11988 V VideoManager: Retrieving video from /storage/emulated/0/Movies/segment/20200312_194730/20200312_194730!000.mp4
07-04 23:36:42.758 11766 11988 V VideoManager: videoFromCursor
07-04 23:36:42.761 11766 11988 V VideoManager: Retrieving video from /storage/emulated/0/Movies/segment/20200312_194730/20200312_194730!001.mp4
07-04 23:36:42.769 11766 11988 V VideoManager: videoFromCursor
07-04 23:36:42.771 11766 11988 V VideoManager: Retrieving video from /storage/emulated/0/Movies/segment/20200312_194730/20200312_194730!002.mp4
07-04 23:36:42.779 11766 11988 V VideoManager: videoFromCursor
07-04 23:36:42.781 11766 11988 V VideoManager: Retrieving video from /storage/emulated/0/Movies/segment/20200312_194730/20200312_194730!003.mp4
07-04 23:36:42.789 11766 11988 V VideoManager: videoFromCursor
07-04 23:36:42.793 11766 11988 V NearbyFragment: nextTransfer with selected algorithm: best_or_local
07-04 23:36:42.795 11766 11988 W NearbyFragment: Sending 20200312_194730!000.mp4 to Galaxy S8 [2802]
07-04 23:36:42.934 11766 11766 V NearbyFragment: Transfer to Endpoint{id=d-d8, name=Galaxy S8 [2802]} complete
07-04 23:36:43.799 11766 11988 V DownloadTestVideosTask: Starting DownloadTestVideosTask
07-04 23:36:43.802 11766 11988 V DashDownloadManager: Started downloading: 20200312_194830.mp4
07-04 23:36:44.722 11766 11766 V NearbyFragment: Transfer to Endpoint{id=d-d8, name=Galaxy S8 [2802]} complete
07-04 23:36:45.375 11766 11766 D NearbyFragment: onPayloadReceived(endpointId=d-d8, payload=com.google.android.gms.nearby.connection.Payload@2c89a07)
07-04 23:36:45.376 11766 11766 D NearbyFragment: Endpoint{id=d-d8, name=Galaxy S8 [2802]} has finished downloading 20200312_194730!000.mp4
07-04 23:36:45.383 11766 11766 V NearbyFragment: Transfer to Endpoint{id=d-d8, name=Galaxy S8 [2802]} complete
07-04 23:36:47.581 11766 11766 D NearbyFragment: onPayloadReceived(endpointId=d-d8, payload=com.google.android.gms.nearby.connection.Payload@6c1e734)
07-04 23:36:47.582 11766 11766 D NearbyFragment: 20200312_194730!000.mp4 from Endpoint{id=d-d8, name=Galaxy S8 [2802]} contained no activity
07-04 23:36:47.583 11766 11766 V NearbyFragment: Received a segment of 20200312_194730
07-04 23:36:47.586 11766 11766 V NearbyFragment: nextTransfer with selected algorithm: best_or_local
07-04 23:36:47.590 11766 11766 W NearbyFragment: Sending 20200312_194730!001.mp4 to Galaxy S8 [2802]
07-04 23:36:47.612 11766 11766 V NearbyFragment: Transfer to Endpoint{id=d-d8, name=Galaxy S8 [2802]} complete
07-04 23:36:47.629 11766 11766 V NearbyFragment: Transfer to Endpoint{id=d-d8, name=Galaxy S8 [2802]} complete
07-04 23:36:49.119 11766 11766 V NearbyFragment: Transfer to Endpoint{id=d-d8, name=Galaxy S8 [2802]} complete
07-04 23:36:49.635 11766 11766 D NearbyFragment: onPayloadReceived(endpointId=d-d8, payload=com.google.android.gms.nearby.connection.Payload@84acfa3)
07-04 23:36:49.636 11766 11766 D NearbyFragment: Endpoint{id=d-d8, name=Galaxy S8 [2802]} has finished downloading 20200312_194730!001.mp4
07-04 23:36:49.678 11766 11766 V NearbyFragment: Transfer to Endpoint{id=d-d8, name=Galaxy S8 [2802]} complete
07-04 23:36:51.822 11766 11766 D NearbyFragment: onPayloadReceived(endpointId=d-d8, payload=com.google.android.gms.nearby.connection.Payload@e3042a0)
07-04 23:36:51.823 11766 11766 D NearbyFragment: 20200312_194730!001.mp4 from Endpoint{id=d-d8, name=Galaxy S8 [2802]} contained no activity
07-04 23:36:51.824 11766 11766 V NearbyFragment: Received a segment of 20200312_194730
07-04 23:36:51.826 11766 11766 V NearbyFragment: nextTransfer with selected algorithm: best_or_local
07-04 23:36:51.828 11766 11766 W NearbyFragment: Sending 20200312_194730!002.mp4 to Galaxy S8 [2802]
07-04 23:36:51.833 11766 11766 V NearbyFragment: Transfer to Endpoint{id=d-d8, name=Galaxy S8 [2802]} complete
07-04 23:36:51.845 11766 11766 V NearbyFragment: Transfer to Endpoint{id=d-d8, name=Galaxy S8 [2802]} complete
07-04 23:36:53.616 11766 11766 V NearbyFragment: Transfer to Endpoint{id=d-d8, name=Galaxy S8 [2802]} complete
07-04 23:36:54.234 11766 11766 D NearbyFragment: onPayloadReceived(endpointId=d-d8, payload=com.google.android.gms.nearby.connection.Payload@830c2ff)
07-04 23:36:54.235 11766 11766 D NearbyFragment: Endpoint{id=d-d8, name=Galaxy S8 [2802]} has finished downloading 20200312_194730!002.mp4
07-04 23:36:54.285 11766 11766 V NearbyFragment: Transfer to Endpoint{id=d-d8, name=Galaxy S8 [2802]} complete
07-04 23:36:56.435 11766 11766 D NearbyFragment: onPayloadReceived(endpointId=d-d8, payload=com.google.android.gms.nearby.connection.Payload@866e8cc)
07-04 23:36:56.436 11766 11766 D NearbyFragment: 20200312_194730!002.mp4 from Endpoint{id=d-d8, name=Galaxy S8 [2802]} contained no activity
07-04 23:36:56.437 11766 11766 V NearbyFragment: Received a segment of 20200312_194730
07-04 23:36:56.439 11766 11766 V NearbyFragment: nextTransfer with selected algorithm: best_or_local
07-04 23:36:56.442 11766 11766 W NearbyFragment: Sending 20200312_194730!003.mp4 to Galaxy S8 [2802]
07-04 23:36:56.447 11766 11766 V NearbyFragment: Transfer to Endpoint{id=d-d8, name=Galaxy S8 [2802]} complete
07-04 23:36:56.457 11766 11766 V NearbyFragment: Transfer to Endpoint{id=d-d8, name=Galaxy S8 [2802]} complete
07-04 23:36:57.876 11766 11766 V NearbyFragment: Transfer to Endpoint{id=d-d8, name=Galaxy S8 [2802]} complete
07-04 23:36:58.369 11766 11766 D NearbyFragment: onPayloadReceived(endpointId=d-d8, payload=com.google.android.gms.nearby.connection.Payload@658901b)
07-04 23:36:58.370 11766 11766 D NearbyFragment: Endpoint{id=d-d8, name=Galaxy S8 [2802]} has finished downloading 20200312_194730!003.mp4
07-04 23:36:58.423 11766 11766 V NearbyFragment: Transfer to Endpoint{id=d-d8, name=Galaxy S8 [2802]} complete
07-04 23:37:00.000 11766 11766 D NearbyFragment: onPayloadReceived(endpointId=d-d8, payload=com.google.android.gms.nearby.connection.Payload@f7fc5b8)
07-04 23:37:00.002 11766 11766 D NearbyFragment: 20200312_194730!003.mp4 from Endpoint{id=d-d8, name=Galaxy S8 [2802]} contained no activity
07-04 23:37:00.003 11766 11766 D NearbyFragment: Received all summarised video segments of 20200312_194730
07-04 23:37:00.015 11766 11766 V FileManager: External storage is readable
07-04 23:37:00.017 11766 11766 V FileManager: Created new directory: /storage/emulated/0/Movies/segment-sum/20200312_194730
07-04 23:37:00.024 11766 11766 D FfmpegTools: Merging /storage/emulated/0/Movies/summarised/20200312_194730.mp4
07-04 23:37:00.024 11766 11766 D FfmpegTools: No split videos to merge
07-04 23:37:00.025 11766 11766 V RawFootageEventHandler: removeByName
07-04 23:37:00.026 11766 11766 V ProcessingVideosEventHandler: removeByName
07-04 23:37:00.028 11766 11766 V NearbyFragment: Removing video segment map for 20200312_194730
07-04 23:37:00.028 11766 11766 I NearbyFragment: Transfer queue is empty
07-04 23:37:00.029 11766 11766 V NearbyFragment: Transfer to Endpoint{id=d-d8, name=Galaxy S8 [2802]} complete
07-04 23:37:03.967 11766 11988 V VideoManager: Retrieving video from /storage/emulated/0/Movies/raw/20200312_194830.mp4
07-04 23:37:03.982 11766 11988 D VideoManager: videoCursor is null
07-04 23:37:04.009 11766 11988 V VideoManager: videoFromCursor
07-04 23:37:04.013 11766 11988 W DashDownloadManager: Successfully downloaded 20200312_194830.mp4 in 20.163s
07-04 23:37:04.013 11766 11988 V DownloadTestVideosTask: Entering callback for download completion of 20200312_194830.mp4
07-04 23:37:04.015 11766 11988 V RawFootageEventHandler: onAdd
07-04 23:37:04.017 11766 11988 V FfmpegTools: Retrieving duration of /storage/emulated/0/Movies/raw/20200312_194830.mp4
07-04 23:37:04.027 11766 11998 W mobile-ffmpeg: [mov,mp4,m4a,3gp,3g2,mj2 @ 0x7395441600] Found duplicated MOOV Atom. Skipped it
07-04 23:37:04.163 11766 11998 I mobile-ffmpeg: Input #0, mov,mp4,m4a,3gp,3g2,mj2, from '/storage/emulated/0/Movies/raw/20200312_194830.mp4':
07-04 23:37:04.163 11766 11998 I mobile-ffmpeg:   Metadata:
07-04 23:37:04.163 11766 11998 I mobile-ffmpeg:     creation_time   : 
07-04 23:37:04.163 11766 11998 I mobile-ffmpeg: 2020-03-12T08:49:30.000000Z
07-04 23:37:04.163 11766 11998 I mobile-ffmpeg: 
07-04 23:37:04.163 11766 11998 I mobile-ffmpeg:     major_brand     : 
07-04 23:37:04.163 11766 11998 I mobile-ffmpeg: mp42
07-04 23:37:04.163 11766 11998 I mobile-ffmpeg: 
07-04 23:37:04.163 11766 11998 I mobile-ffmpeg:     minor_version   : 
07-04 23:37:04.163 11766 11998 I mobile-ffmpeg: 1
07-04 23:37:04.164 11766 11998 I mobile-ffmpeg: 
07-04 23:37:04.164 11766 11998 I mobile-ffmpeg:     compatible_brands: 
07-04 23:37:04.164 11766 11998 I mobile-ffmpeg: mp42mp42
07-04 23:37:04.164 11766 11998 I mobile-ffmpeg: 
07-04 23:37:04.164 11766 11998 I mobile-ffmpeg:   Duration: 
07-04 23:37:04.164 11766 11998 I mobile-ffmpeg: 00:01:00.02
07-04 23:37:04.164 11766 11998 I mobile-ffmpeg: , start: 
07-04 23:37:04.164 11766 11998 I mobile-ffmpeg: 0.000000
07-04 23:37:04.164 11766 11998 I mobile-ffmpeg: , bitrate: 
07-04 23:37:04.164 11766 11998 I mobile-ffmpeg: 9328 kb/s
07-04 23:37:04.164 11766 11998 I mobile-ffmpeg: 
07-04 23:37:04.164 11766 11998 I mobile-ffmpeg:     Stream #0:0
07-04 23:37:04.165 11766 11998 I mobile-ffmpeg: (eng)
07-04 23:37:04.165 11766 11998 I mobile-ffmpeg: : Video: h264 (avc1 / 0x31637661), yuvj420p(pc, bt709), 1280x720, 8389 kb/s
07-04 23:37:04.165 11766 11998 I mobile-ffmpeg: , 
07-04 23:37:04.165 11766 11998 I mobile-ffmpeg: 29.97 fps, 
07-04 23:37:04.165 11766 11998 I mobile-ffmpeg: 29.97 tbr, 
07-04 23:37:04.165 11766 11998 I mobile-ffmpeg: 1k tbn, 
07-04 23:37:04.165 11766 11998 I mobile-ffmpeg: 2k tbc
07-04 23:37:04.165 11766 11998 I mobile-ffmpeg:  (default)
07-04 23:37:04.165 11766 11998 I mobile-ffmpeg: 
07-04 23:37:04.165 11766 11998 I mobile-ffmpeg:     Metadata:
07-04 23:37:04.165 11766 11998 I mobile-ffmpeg:       creation_time   : 
07-04 23:37:04.165 11766 11998 I mobile-ffmpeg: 2020-03-12T08:49:30.000000Z
07-04 23:37:04.165 11766 11998 I mobile-ffmpeg: 
07-04 23:37:04.166 11766 11998 I mobile-ffmpeg:       handler_name    : 
07-04 23:37:04.166 11766 11998 I mobile-ffmpeg: PittaSoft Video Media Handler
07-04 23:37:04.166 11766 11998 I mobile-ffmpeg: 
07-04 23:37:04.166 11766 11998 I mobile-ffmpeg:     Stream #0:1
07-04 23:37:04.166 11766 11998 I mobile-ffmpeg: (eng)
07-04 23:37:04.166 11766 11998 I mobile-ffmpeg: : Audio: aac (mp4a / 0x6134706D), 16000 Hz, stereo, fltp, 47 kb/s
07-04 23:37:04.166 11766 11998 I mobile-ffmpeg:  (default)
07-04 23:37:04.166 11766 11998 I mobile-ffmpeg: 
07-04 23:37:04.166 11766 11998 I mobile-ffmpeg:     Metadata:
07-04 23:37:04.166 11766 11998 I mobile-ffmpeg:       creation_time   : 
07-04 23:37:04.166 11766 11998 I mobile-ffmpeg: 2020-03-12T08:49:30.000000Z
07-04 23:37:04.166 11766 11998 I mobile-ffmpeg: 
07-04 23:37:04.166 11766 11998 I mobile-ffmpeg:       handler_name    : 
07-04 23:37:04.166 11766 11998 I mobile-ffmpeg: PittaSoft Sound Media Handler
07-04 23:37:04.166 11766 11998 I mobile-ffmpeg: 
07-04 23:37:04.187 11766 11988 V FileManager: External storage is readable
07-04 23:37:04.189 11766 11988 V FileManager: Created new directory: /storage/emulated/0/Movies/segment/20200312_194830
07-04 23:37:04.189 11766 11988 V FfmpegTools: Splitting /storage/emulated/0/Movies/raw/20200312_194830.mp4 with 16s long segments
07-04 23:37:04.190 11766 11988 I FfmpegTools: Running ffmpeg with:
07-04 23:37:04.190 11766 11988 I FfmpegTools:   -y -i /storage/emulated/0/Movies/raw/20200312_194830.mp4 -map 0 -c copy -f segment -reset_timestamps 1 -segment_time 16 /storage/emulated/0/Movies/segment/20200312_194830/20200312_194830!%03d.mp4
07-04 23:37:04.213 11766 11998 W mobile-ffmpeg: [mov,mp4,m4a,3gp,3g2,mj2 @ 0x7395441600] Found duplicated MOOV Atom. Skipped it
07-04 23:37:04.345 11766 11998 I mobile-ffmpeg: Input #0, mov,mp4,m4a,3gp,3g2,mj2, from '/storage/emulated/0/Movies/raw/20200312_194830.mp4':
07-04 23:37:04.345 11766 11998 I mobile-ffmpeg:   Metadata:
07-04 23:37:04.345 11766 11998 I mobile-ffmpeg:     creation_time   : 
07-04 23:37:04.345 11766 11998 I mobile-ffmpeg: 2020-03-12T08:49:30.000000Z
07-04 23:37:04.345 11766 11998 I mobile-ffmpeg: 
07-04 23:37:04.345 11766 11998 I mobile-ffmpeg:     major_brand     : 
07-04 23:37:04.345 11766 11998 I mobile-ffmpeg: mp42
07-04 23:37:04.345 11766 11998 I mobile-ffmpeg: 
07-04 23:37:04.345 11766 11998 I mobile-ffmpeg:     minor_version   : 
07-04 23:37:04.345 11766 11998 I mobile-ffmpeg: 1
07-04 23:37:04.345 11766 11998 I mobile-ffmpeg: 
07-04 23:37:04.345 11766 11998 I mobile-ffmpeg:     compatible_brands: 
07-04 23:37:04.345 11766 11998 I mobile-ffmpeg: mp42mp42
07-04 23:37:04.346 11766 11998 I mobile-ffmpeg: 
07-04 23:37:04.346 11766 11998 I mobile-ffmpeg:   Duration: 
07-04 23:37:04.346 11766 11998 I mobile-ffmpeg: 00:01:00.02
07-04 23:37:04.346 11766 11998 I mobile-ffmpeg: , start: 
07-04 23:37:04.346 11766 11998 I mobile-ffmpeg: 0.000000
07-04 23:37:04.346 11766 11998 I mobile-ffmpeg: , bitrate: 
07-04 23:37:04.346 11766 11998 I mobile-ffmpeg: 9328 kb/s
07-04 23:37:04.346 11766 11998 I mobile-ffmpeg: 
07-04 23:37:04.346 11766 11998 I mobile-ffmpeg:     Stream #0:0
07-04 23:37:04.346 11766 11998 I mobile-ffmpeg: (eng)
07-04 23:37:04.346 11766 11998 I mobile-ffmpeg: : Video: h264 (avc1 / 0x31637661), yuvj420p(pc, bt709), 1280x720, 8389 kb/s
07-04 23:37:04.346 11766 11998 I mobile-ffmpeg: , 
07-04 23:37:04.346 11766 11998 I mobile-ffmpeg: 29.97 fps, 
07-04 23:37:04.346 11766 11998 I mobile-ffmpeg: 29.97 tbr, 
07-04 23:37:04.346 11766 11998 I mobile-ffmpeg: 1k tbn, 
07-04 23:37:04.346 11766 11998 I mobile-ffmpeg: 2k tbc
07-04 23:37:04.346 11766 11998 I mobile-ffmpeg:  (default)
07-04 23:37:04.346 11766 11998 I mobile-ffmpeg: 
07-04 23:37:04.346 11766 11998 I mobile-ffmpeg:     Metadata:
07-04 23:37:04.346 11766 11998 I mobile-ffmpeg:       creation_time   : 
07-04 23:37:04.346 11766 11998 I mobile-ffmpeg: 2020-03-12T08:49:30.000000Z
07-04 23:37:04.347 11766 11998 I mobile-ffmpeg: 
07-04 23:37:04.347 11766 11998 I mobile-ffmpeg:       handler_name    : 
07-04 23:37:04.347 11766 11998 I mobile-ffmpeg: PittaSoft Video Media Handler
07-04 23:37:04.347 11766 11998 I mobile-ffmpeg: 
07-04 23:37:04.347 11766 11998 I mobile-ffmpeg:     Stream #0:1
07-04 23:37:04.347 11766 11998 I mobile-ffmpeg: (eng)
07-04 23:37:04.347 11766 11998 I mobile-ffmpeg: : Audio: aac (mp4a / 0x6134706D), 16000 Hz, stereo, fltp, 47 kb/s
07-04 23:37:04.347 11766 11998 I mobile-ffmpeg:  (default)
07-04 23:37:04.347 11766 11998 I mobile-ffmpeg: 
07-04 23:37:04.347 11766 11998 I mobile-ffmpeg:     Metadata:
07-04 23:37:04.347 11766 11998 I mobile-ffmpeg:       creation_time   : 
07-04 23:37:04.347 11766 11998 I mobile-ffmpeg: 2020-03-12T08:49:30.000000Z
07-04 23:37:04.347 11766 11998 I mobile-ffmpeg: 
07-04 23:37:04.347 11766 11998 I mobile-ffmpeg:       handler_name    : 
07-04 23:37:04.347 11766 11998 I mobile-ffmpeg: PittaSoft Sound Media Handler
07-04 23:37:04.347 11766 11998 I mobile-ffmpeg: 
07-04 23:37:04.348 11766 11998 I mobile-ffmpeg: [segment @ 0x7395442e00] Opening '/storage/emulated/0/Movies/segment/20200312_194830/20200312_194830!000.mp4' for writing
07-04 23:37:04.348 11766 11998 I mobile-ffmpeg: Output #0, segment, to '/storage/emulated/0/Movies/segment/20200312_194830/20200312_194830!%03d.mp4':
07-04 23:37:04.348 11766 11998 I mobile-ffmpeg:   Metadata:
07-04 23:37:04.348 11766 11998 I mobile-ffmpeg:     compatible_brands: 
07-04 23:37:04.349 11766 11998 I mobile-ffmpeg: mp42mp42
07-04 23:37:04.349 11766 11998 I mobile-ffmpeg: 
07-04 23:37:04.349 11766 11998 I mobile-ffmpeg:     major_brand     : 
07-04 23:37:04.349 11766 11998 I mobile-ffmpeg: mp42
07-04 23:37:04.349 11766 11998 I mobile-ffmpeg: 
07-04 23:37:04.349 11766 11998 I mobile-ffmpeg:     minor_version   : 
07-04 23:37:04.349 11766 11998 I mobile-ffmpeg: 1
07-04 23:37:04.349 11766 11998 I mobile-ffmpeg: 
07-04 23:37:04.349 11766 11998 I mobile-ffmpeg:     encoder         : 
07-04 23:37:04.349 11766 11998 I mobile-ffmpeg: Lavf58.42.100
07-04 23:37:04.349 11766 11998 I mobile-ffmpeg: 
07-04 23:37:04.349 11766 11998 I mobile-ffmpeg:     Stream #0:0
07-04 23:37:04.349 11766 11998 I mobile-ffmpeg: (eng)
07-04 23:37:04.349 11766 11998 I mobile-ffmpeg: : Video: h264 (avc1 / 0x31637661), yuvj420p(pc, bt709), 1280x720, q=2-31, 8389 kb/s
07-04 23:37:04.349 11766 11998 I mobile-ffmpeg: , 
07-04 23:37:04.349 11766 11998 I mobile-ffmpeg: 29.97 fps, 
07-04 23:37:04.349 11766 11998 I mobile-ffmpeg: 29.97 tbr, 
07-04 23:37:04.350 11766 11998 I mobile-ffmpeg: 16k tbn, 
07-04 23:37:04.350 11766 11998 I mobile-ffmpeg: 1k tbc
07-04 23:37:04.350 11766 11998 I mobile-ffmpeg:  (default)
07-04 23:37:04.350 11766 11998 I mobile-ffmpeg: 
07-04 23:37:04.350 11766 11998 I mobile-ffmpeg:     Metadata:
07-04 23:37:04.350 11766 11998 I mobile-ffmpeg:       creation_time   : 
07-04 23:37:04.350 11766 11998 I mobile-ffmpeg: 2020-03-12T08:49:30.000000Z
07-04 23:37:04.350 11766 11998 I mobile-ffmpeg: 
07-04 23:37:04.350 11766 11998 I mobile-ffmpeg:       handler_name    : 
07-04 23:37:04.350 11766 11998 I mobile-ffmpeg: PittaSoft Video Media Handler
07-04 23:37:04.350 11766 11998 I mobile-ffmpeg: 
07-04 23:37:04.350 11766 11998 I mobile-ffmpeg:     Stream #0:1
07-04 23:37:04.350 11766 11998 I mobile-ffmpeg: (eng)
07-04 23:37:04.350 11766 11998 I mobile-ffmpeg: : Audio: aac (mp4a / 0x6134706D), 16000 Hz, stereo, fltp, 47 kb/s
07-04 23:37:04.350 11766 11998 I mobile-ffmpeg:  (default)
07-04 23:37:04.350 11766 11998 I mobile-ffmpeg: 
07-04 23:37:04.350 11766 11998 I mobile-ffmpeg:     Metadata:
07-04 23:37:04.351 11766 11998 I mobile-ffmpeg:       creation_time   : 
07-04 23:37:04.351 11766 11998 I mobile-ffmpeg: 2020-03-12T08:49:30.000000Z
07-04 23:37:04.351 11766 11998 I mobile-ffmpeg: 
07-04 23:37:04.351 11766 11998 I mobile-ffmpeg:       handler_name    : 
07-04 23:37:04.351 11766 11998 I mobile-ffmpeg: PittaSoft Sound Media Handler
07-04 23:37:04.351 11766 11998 I mobile-ffmpeg: 
07-04 23:37:04.351 11766 11998 I mobile-ffmpeg: Stream mapping:
07-04 23:37:04.351 11766 11998 I mobile-ffmpeg:   Stream #0:0 -> #0:0
07-04 23:37:04.351 11766 11998 I mobile-ffmpeg:  (copy)
07-04 23:37:04.351 11766 11998 I mobile-ffmpeg: 
07-04 23:37:04.351 11766 11998 I mobile-ffmpeg:   Stream #0:1 -> #0:1
07-04 23:37:04.351 11766 11998 I mobile-ffmpeg:  (copy)
07-04 23:37:04.351 11766 11998 I mobile-ffmpeg: 
07-04 23:37:04.351 11766 11998 I mobile-ffmpeg: Press [q] to stop, [?] for help
07-04 23:37:04.352 11766 11998 I mobile-ffmpeg: frame=    1 fps=0.0 q=-1.0 size=N/A time=00:00:00.00 bitrate=N/A speed=  21x    
07-04 23:37:04.555 11766 11998 I mobile-ffmpeg: [segment @ 0x7395442e00] Opening '/storage/emulated/0/Movies/segment/20200312_194830/20200312_194830!001.mp4' for writing
07-04 23:37:04.752 11766 11998 I mobile-ffmpeg: [segment @ 0x7395442e00] Opening '/storage/emulated/0/Movies/segment/20200312_194830/20200312_194830!002.mp4' for writing
07-04 23:37:04.850 11766 11998 I mobile-ffmpeg: frame= 1206 fps=0.0 q=-1.0 size=N/A time=00:00:40.20 bitrate=N/A speed=80.4x    
07-04 23:37:04.992 11766 11998 I mobile-ffmpeg: [segment @ 0x7395442e00] Opening '/storage/emulated/0/Movies/segment/20200312_194830/20200312_194830!003.mp4' for writing
07-04 23:37:05.149 11766 11998 I mobile-ffmpeg: frame= 1800 fps=0.0 q=-1.0 Lsize=N/A time=00:01:00.01 bitrate=N/A speed=  75x    
07-04 23:37:05.150 11766 11998 I mobile-ffmpeg: video:61471kB audio:345kB subtitle:0kB other streams:0kB global headers:0kB muxing overhead: 
07-04 23:37:05.150 11766 11998 I mobile-ffmpeg: unknown
07-04 23:37:05.150 11766 11998 I mobile-ffmpeg: 
07-04 23:37:05.155 11766 11988 V FileManager: External storage is readable
07-04 23:37:05.155 11766 11988 V FileManager: Directory already exists: /storage/emulated/0/Movies/segment/20200312_194830
07-04 23:37:05.156 11766 11988 V VideoManager: Retrieving videos from /storage/emulated/0/Movies/segment/20200312_194830
07-04 23:37:05.157 11766 11988 V VideoManager: Retrieving video from /storage/emulated/0/Movies/segment/20200312_194830/20200312_194830!000.mp4
07-04 23:37:05.165 11766 11988 V VideoManager: videoFromCursor
07-04 23:37:05.168 11766 11988 V VideoManager: Retrieving video from /storage/emulated/0/Movies/segment/20200312_194830/20200312_194830!001.mp4
07-04 23:37:05.175 11766 11988 V VideoManager: videoFromCursor
07-04 23:37:05.178 11766 11988 V VideoManager: Retrieving video from /storage/emulated/0/Movies/segment/20200312_194830/20200312_194830!002.mp4
07-04 23:37:05.186 11766 11988 V VideoManager: videoFromCursor
07-04 23:37:05.189 11766 11988 V VideoManager: Retrieving video from /storage/emulated/0/Movies/segment/20200312_194830/20200312_194830!003.mp4
07-04 23:37:05.196 11766 11988 V VideoManager: videoFromCursor
07-04 23:37:05.200 11766 11988 V NearbyFragment: nextTransfer with selected algorithm: best_or_local
07-04 23:37:05.203 11766 11988 W NearbyFragment: Sending 20200312_194830!000.mp4 to Galaxy S8 [2802]
07-04 23:37:05.215 11766 11766 V NearbyFragment: Transfer to Endpoint{id=d-d8, name=Galaxy S8 [2802]} complete
07-04 23:37:06.206 11766 11988 V DownloadTestVideosTask: Starting DownloadTestVideosTask
07-04 23:37:06.210 11766 11988 V DashDownloadManager: Started downloading: 20200312_194930.mp4
07-04 23:37:06.967 11766 11766 V NearbyFragment: Transfer to Endpoint{id=d-d8, name=Galaxy S8 [2802]} complete
07-04 23:37:07.202 11766 11766 D NearbyFragment: onPayloadReceived(endpointId=d-d8, payload=com.google.android.gms.nearby.connection.Payload@3b7f482)
07-04 23:37:07.203 11766 11766 D NearbyFragment: Endpoint{id=d-d8, name=Galaxy S8 [2802]} has finished downloading 20200312_194830!000.mp4
07-04 23:37:07.257 11766 11766 V NearbyFragment: Transfer to Endpoint{id=d-d8, name=Galaxy S8 [2802]} complete
07-04 23:37:14.369 11766 11766 D NearbyFragment: onPayloadReceived(endpointId=d-d8, payload=com.google.android.gms.nearby.connection.Payload@5ee793)
07-04 23:37:14.370 11766 11766 V NearbyFragment: Started downloading 20200312_194830!000.mp4 from Endpoint{id=d-d8, name=Galaxy S8 [2802]}
07-04 23:37:14.372 11766 11766 V NearbyFragment: nextTransfer with selected algorithm: best_or_local
07-04 23:37:14.375 11766 11766 W NearbyFragment: Sending 20200312_194830!001.mp4 to Galaxy S8 [2802]
07-04 23:37:14.379 11766 11766 V NearbyFragment: Transfer to Endpoint{id=d-d8, name=Galaxy S8 [2802]} complete
07-04 23:37:14.393 11766 11766 V NearbyFragment: Transfer to Endpoint{id=d-d8, name=Galaxy S8 [2802]} complete
07-04 23:37:14.426 11766 11766 D NearbyFragment: onPayloadReceived(endpointId=d-d8, payload=com.google.android.gms.nearby.connection.Payload@ef4d6ce)
07-04 23:37:14.499 11766 11766 V NearbyFragment: Transfer to Endpoint{id=d-d8, name=Galaxy S8 [2802]} complete
07-04 23:37:14.500 11766 11766 W NearbyFragment: Completed downloading 20200312_194830!000.mp4 from Endpoint{id=d-d8, name=Galaxy S8 [2802]} in 00.129s
07-04 23:37:14.511 11766 11766 V FileManager: External storage is readable
07-04 23:37:14.513 11766 11766 V FileManager: Created new directory: /storage/emulated/0/Movies/segment-sum/20200312_194830
07-04 23:37:14.564 11766 11766 V NearbyFragment: Received a segment of 20200312_194830
07-04 23:37:16.735 11766 11766 V NearbyFragment: Transfer to Endpoint{id=d-d8, name=Galaxy S8 [2802]} complete
07-04 23:37:17.020 11766 11766 D NearbyFragment: onPayloadReceived(endpointId=d-d8, payload=com.google.android.gms.nearby.connection.Payload@90669ef)
07-04 23:37:17.022 11766 11766 D NearbyFragment: Endpoint{id=d-d8, name=Galaxy S8 [2802]} has finished downloading 20200312_194830!001.mp4
07-04 23:37:17.025 11766 11766 V NearbyFragment: Transfer to Endpoint{id=d-d8, name=Galaxy S8 [2802]} complete
07-04 23:37:23.814 11766 11988 V VideoManager: Retrieving video from /storage/emulated/0/Movies/raw/20200312_194930.mp4
07-04 23:37:23.829 11766 11988 D VideoManager: videoCursor is null
07-04 23:37:23.859 11766 11988 V VideoManager: videoFromCursor
07-04 23:37:23.863 11766 11988 W DashDownloadManager: Successfully downloaded 20200312_194930.mp4 in 17.602s
07-04 23:37:23.864 11766 11988 V DownloadTestVideosTask: Entering callback for download completion of 20200312_194930.mp4
07-04 23:37:23.866 11766 11988 V RawFootageEventHandler: onAdd
07-04 23:37:23.869 11766 11988 V FfmpegTools: Retrieving duration of /storage/emulated/0/Movies/raw/20200312_194930.mp4
07-04 23:37:23.880 11766 11998 W mobile-ffmpeg: [mov,mp4,m4a,3gp,3g2,mj2 @ 0x7395441600] Found duplicated MOOV Atom. Skipped it
07-04 23:37:24.002 11766 11998 I mobile-ffmpeg: Input #0, mov,mp4,m4a,3gp,3g2,mj2, from '/storage/emulated/0/Movies/raw/20200312_194930.mp4':
07-04 23:37:24.003 11766 11998 I mobile-ffmpeg:   Metadata:
07-04 23:37:24.003 11766 11998 I mobile-ffmpeg:     creation_time   : 
07-04 23:37:24.003 11766 11998 I mobile-ffmpeg: 2020-03-12T08:50:30.000000Z
07-04 23:37:24.003 11766 11998 I mobile-ffmpeg: 
07-04 23:37:24.003 11766 11998 I mobile-ffmpeg:     major_brand     : 
07-04 23:37:24.003 11766 11998 I mobile-ffmpeg: mp42
07-04 23:37:24.003 11766 11998 I mobile-ffmpeg: 
07-04 23:37:24.003 11766 11998 I mobile-ffmpeg:     minor_version   : 
07-04 23:37:24.003 11766 11998 I mobile-ffmpeg: 1
07-04 23:37:24.003 11766 11998 I mobile-ffmpeg: 
07-04 23:37:24.003 11766 11998 I mobile-ffmpeg:     compatible_brands: 
07-04 23:37:24.003 11766 11998 I mobile-ffmpeg: mp42mp42
07-04 23:37:24.003 11766 11998 I mobile-ffmpeg: 
07-04 23:37:24.003 11766 11998 I mobile-ffmpeg:   Duration: 
07-04 23:37:24.003 11766 11998 I mobile-ffmpeg: 00:01:00.02
07-04 23:37:24.003 11766 11998 I mobile-ffmpeg: , start: 
07-04 23:37:24.003 11766 11998 I mobile-ffmpeg: 0.000000
07-04 23:37:24.003 11766 11998 I mobile-ffmpeg: , bitrate: 
07-04 23:37:24.003 11766 11998 I mobile-ffmpeg: 9328 kb/s
07-04 23:37:24.003 11766 11998 I mobile-ffmpeg: 
07-04 23:37:24.004 11766 11998 I mobile-ffmpeg:     Stream #0:0
07-04 23:37:24.004 11766 11998 I mobile-ffmpeg: (eng)
07-04 23:37:24.004 11766 11998 I mobile-ffmpeg: : Video: h264 (avc1 / 0x31637661), yuvj420p(pc, bt709), 1280x720, 8383 kb/s
07-04 23:37:24.004 11766 11998 I mobile-ffmpeg: , 
07-04 23:37:24.004 11766 11998 I mobile-ffmpeg: 29.97 fps, 
07-04 23:37:24.004 11766 11998 I mobile-ffmpeg: 29.97 tbr, 
07-04 23:37:24.004 11766 11998 I mobile-ffmpeg: 1k tbn, 
07-04 23:37:24.004 11766 11998 I mobile-ffmpeg: 2k tbc
07-04 23:37:24.004 11766 11998 I mobile-ffmpeg:  (default)
07-04 23:37:24.004 11766 11998 I mobile-ffmpeg: 
07-04 23:37:24.004 11766 11998 I mobile-ffmpeg:     Metadata:
07-04 23:37:24.004 11766 11998 I mobile-ffmpeg:       creation_time   : 
07-04 23:37:24.004 11766 11998 I mobile-ffmpeg: 2020-03-12T08:50:30.000000Z
07-04 23:37:24.004 11766 11998 I mobile-ffmpeg: 
07-04 23:37:24.004 11766 11998 I mobile-ffmpeg:       handler_name    : 
07-04 23:37:24.004 11766 11998 I mobile-ffmpeg: PittaSoft Video Media Handler
07-04 23:37:24.004 11766 11998 I mobile-ffmpeg: 
07-04 23:37:24.004 11766 11998 I mobile-ffmpeg:     Stream #0:1
07-04 23:37:24.005 11766 11998 I mobile-ffmpeg: (eng)
07-04 23:37:24.005 11766 11998 I mobile-ffmpeg: : Audio: aac (mp4a / 0x6134706D), 16000 Hz, stereo, fltp, 47 kb/s
07-04 23:37:24.005 11766 11998 I mobile-ffmpeg:  (default)
07-04 23:37:24.005 11766 11998 I mobile-ffmpeg: 
07-04 23:37:24.005 11766 11998 I mobile-ffmpeg:     Metadata:
07-04 23:37:24.005 11766 11998 I mobile-ffmpeg:       creation_time   : 
07-04 23:37:24.005 11766 11998 I mobile-ffmpeg: 2020-03-12T08:50:30.000000Z
07-04 23:37:24.005 11766 11998 I mobile-ffmpeg: 
07-04 23:37:24.005 11766 11998 I mobile-ffmpeg:       handler_name    : 
07-04 23:37:24.005 11766 11998 I mobile-ffmpeg: PittaSoft Sound Media Handler
07-04 23:37:24.005 11766 11998 I mobile-ffmpeg: 
07-04 23:37:24.030 11766 11988 V FileManager: External storage is readable
07-04 23:37:24.032 11766 11988 V FileManager: Created new directory: /storage/emulated/0/Movies/segment/20200312_194930
07-04 23:37:24.033 11766 11988 V FfmpegTools: Splitting /storage/emulated/0/Movies/raw/20200312_194930.mp4 with 16s long segments
07-04 23:37:24.035 11766 11988 I FfmpegTools: Running ffmpeg with:
07-04 23:37:24.035 11766 11988 I FfmpegTools:   -y -i /storage/emulated/0/Movies/raw/20200312_194930.mp4 -map 0 -c copy -f segment -reset_timestamps 1 -segment_time 16 /storage/emulated/0/Movies/segment/20200312_194930/20200312_194930!%03d.mp4
07-04 23:37:24.059 11766 11998 W mobile-ffmpeg: [mov,mp4,m4a,3gp,3g2,mj2 @ 0x7395441600] Found duplicated MOOV Atom. Skipped it
07-04 23:37:24.182 11766 11998 I mobile-ffmpeg: Input #0, mov,mp4,m4a,3gp,3g2,mj2, from '/storage/emulated/0/Movies/raw/20200312_194930.mp4':
07-04 23:37:24.182 11766 11998 I mobile-ffmpeg:   Metadata:
07-04 23:37:24.182 11766 11998 I mobile-ffmpeg:     creation_time   : 
07-04 23:37:24.182 11766 11998 I mobile-ffmpeg: 2020-03-12T08:50:30.000000Z
07-04 23:37:24.182 11766 11998 I mobile-ffmpeg: 
07-04 23:37:24.182 11766 11998 I mobile-ffmpeg:     major_brand     : 
07-04 23:37:24.182 11766 11998 I mobile-ffmpeg: mp42
07-04 23:37:24.182 11766 11998 I mobile-ffmpeg: 
07-04 23:37:24.182 11766 11998 I mobile-ffmpeg:     minor_version   : 
07-04 23:37:24.182 11766 11998 I mobile-ffmpeg: 1
07-04 23:37:24.182 11766 11998 I mobile-ffmpeg: 
07-04 23:37:24.183 11766 11998 I mobile-ffmpeg:     compatible_brands: 
07-04 23:37:24.183 11766 11998 I mobile-ffmpeg: mp42mp42
07-04 23:37:24.183 11766 11998 I mobile-ffmpeg: 
07-04 23:37:24.183 11766 11998 I mobile-ffmpeg:   Duration: 
07-04 23:37:24.183 11766 11998 I mobile-ffmpeg: 00:01:00.02
07-04 23:37:24.183 11766 11998 I mobile-ffmpeg: , start: 
07-04 23:37:24.183 11766 11998 I mobile-ffmpeg: 0.000000
07-04 23:37:24.183 11766 11998 I mobile-ffmpeg: , bitrate: 
07-04 23:37:24.183 11766 11998 I mobile-ffmpeg: 9328 kb/s
07-04 23:37:24.183 11766 11998 I mobile-ffmpeg: 
07-04 23:37:24.183 11766 11998 I mobile-ffmpeg:     Stream #0:0
07-04 23:37:24.183 11766 11998 I mobile-ffmpeg: (eng)
07-04 23:37:24.183 11766 11998 I mobile-ffmpeg: : Video: h264 (avc1 / 0x31637661), yuvj420p(pc, bt709), 1280x720, 8383 kb/s
07-04 23:37:24.183 11766 11998 I mobile-ffmpeg: , 
07-04 23:37:24.183 11766 11998 I mobile-ffmpeg: 29.97 fps, 
07-04 23:37:24.184 11766 11998 I mobile-ffmpeg: 29.97 tbr, 
07-04 23:37:24.184 11766 11998 I mobile-ffmpeg: 1k tbn, 
07-04 23:37:24.184 11766 11998 I mobile-ffmpeg: 2k tbc
07-04 23:37:24.184 11766 11998 I mobile-ffmpeg:  (default)
07-04 23:37:24.184 11766 11998 I mobile-ffmpeg: 
07-04 23:37:24.184 11766 11998 I mobile-ffmpeg:     Metadata:
07-04 23:37:24.184 11766 11998 I mobile-ffmpeg:       creation_time   : 
07-04 23:37:24.184 11766 11998 I mobile-ffmpeg: 2020-03-12T08:50:30.000000Z
07-04 23:37:24.184 11766 11998 I mobile-ffmpeg: 
07-04 23:37:24.184 11766 11998 I mobile-ffmpeg:       handler_name    : 
07-04 23:37:24.184 11766 11998 I mobile-ffmpeg: PittaSoft Video Media Handler
07-04 23:37:24.184 11766 11998 I mobile-ffmpeg: 
07-04 23:37:24.184 11766 11998 I mobile-ffmpeg:     Stream #0:1
07-04 23:37:24.184 11766 11998 I mobile-ffmpeg: (eng)
07-04 23:37:24.184 11766 11998 I mobile-ffmpeg: : Audio: aac (mp4a / 0x6134706D), 16000 Hz, stereo, fltp, 47 kb/s
07-04 23:37:24.184 11766 11998 I mobile-ffmpeg:  (default)
07-04 23:37:24.185 11766 11998 I mobile-ffmpeg: 
07-04 23:37:24.185 11766 11998 I mobile-ffmpeg:     Metadata:
07-04 23:37:24.185 11766 11998 I mobile-ffmpeg:       creation_time   : 
07-04 23:37:24.185 11766 11998 I mobile-ffmpeg: 2020-03-12T08:50:30.000000Z
07-04 23:37:24.185 11766 11998 I mobile-ffmpeg: 
07-04 23:37:24.185 11766 11998 I mobile-ffmpeg:       handler_name    : 
07-04 23:37:24.185 11766 11998 I mobile-ffmpeg: PittaSoft Sound Media Handler
07-04 23:37:24.185 11766 11998 I mobile-ffmpeg: 
07-04 23:37:24.185 11766 11998 I mobile-ffmpeg: [segment @ 0x7395442e00] Opening '/storage/emulated/0/Movies/segment/20200312_194930/20200312_194930!000.mp4' for writing
07-04 23:37:24.189 11766 11998 I mobile-ffmpeg: Output #0, segment, to '/storage/emulated/0/Movies/segment/20200312_194930/20200312_194930!%03d.mp4':
07-04 23:37:24.189 11766 11998 I mobile-ffmpeg:   Metadata:
07-04 23:37:24.190 11766 11998 I mobile-ffmpeg:     compatible_brands: 
07-04 23:37:24.190 11766 11998 I mobile-ffmpeg: mp42mp42
07-04 23:37:24.190 11766 11998 I mobile-ffmpeg: 
07-04 23:37:24.190 11766 11998 I mobile-ffmpeg:     major_brand     : 
07-04 23:37:24.190 11766 11998 I mobile-ffmpeg: mp42
07-04 23:37:24.190 11766 11998 I mobile-ffmpeg: 
07-04 23:37:24.190 11766 11998 I mobile-ffmpeg:     minor_version   : 
07-04 23:37:24.190 11766 11998 I mobile-ffmpeg: 1
07-04 23:37:24.190 11766 11998 I mobile-ffmpeg: 
07-04 23:37:24.190 11766 11998 I mobile-ffmpeg:     encoder         : 
07-04 23:37:24.190 11766 11998 I mobile-ffmpeg: Lavf58.42.100
07-04 23:37:24.190 11766 11998 I mobile-ffmpeg: 
07-04 23:37:24.191 11766 11998 I mobile-ffmpeg:     Stream #0:0
07-04 23:37:24.191 11766 11998 I mobile-ffmpeg: (eng)
07-04 23:37:24.191 11766 11998 I mobile-ffmpeg: : Video: h264 (avc1 / 0x31637661), yuvj420p(pc, bt709), 1280x720, q=2-31, 8383 kb/s
07-04 23:37:24.191 11766 11998 I mobile-ffmpeg: , 
07-04 23:37:24.192 11766 11998 I mobile-ffmpeg: 29.97 fps, 
07-04 23:37:24.194 11766 11998 I mobile-ffmpeg: 29.97 tbr, 
07-04 23:37:24.195 11766 11998 I mobile-ffmpeg: 16k tbn, 
07-04 23:37:24.195 11766 11998 I mobile-ffmpeg: 1k tbc
07-04 23:37:24.195 11766 11998 I mobile-ffmpeg:  (default)
07-04 23:37:24.195 11766 11998 I mobile-ffmpeg: 
07-04 23:37:24.195 11766 11998 I mobile-ffmpeg:     Metadata:
07-04 23:37:24.195 11766 11998 I mobile-ffmpeg:       creation_time   : 
07-04 23:37:24.195 11766 11998 I mobile-ffmpeg: 2020-03-12T08:50:30.000000Z
07-04 23:37:24.195 11766 11998 I mobile-ffmpeg: 
07-04 23:37:24.195 11766 11998 I mobile-ffmpeg:       handler_name    : 
07-04 23:37:24.195 11766 11998 I mobile-ffmpeg: PittaSoft Video Media Handler
07-04 23:37:24.195 11766 11998 I mobile-ffmpeg: 
07-04 23:37:24.195 11766 11998 I mobile-ffmpeg:     Stream #0:1
07-04 23:37:24.195 11766 11998 I mobile-ffmpeg: (eng)
07-04 23:37:24.195 11766 11998 I mobile-ffmpeg: : Audio: aac (mp4a / 0x6134706D), 16000 Hz, stereo, fltp, 47 kb/s
07-04 23:37:24.195 11766 11998 I mobile-ffmpeg:  (default)
07-04 23:37:24.195 11766 11998 I mobile-ffmpeg: 
07-04 23:37:24.196 11766 11998 I mobile-ffmpeg:     Metadata:
07-04 23:37:24.197 11766 11998 I mobile-ffmpeg:       creation_time   : 
07-04 23:37:24.197 11766 11998 I mobile-ffmpeg: 2020-03-12T08:50:30.000000Z
07-04 23:37:24.197 11766 11998 I mobile-ffmpeg: 
07-04 23:37:24.198 11766 11998 I mobile-ffmpeg:       handler_name    : 
07-04 23:37:24.198 11766 11998 I mobile-ffmpeg: PittaSoft Sound Media Handler
07-04 23:37:24.200 11766 11998 I mobile-ffmpeg: 
07-04 23:37:24.200 11766 11998 I mobile-ffmpeg: Stream mapping:
07-04 23:37:24.200 11766 11998 I mobile-ffmpeg:   Stream #0:0 -> #0:0
07-04 23:37:24.201 11766 11998 I mobile-ffmpeg:  (copy)
07-04 23:37:24.201 11766 11998 I mobile-ffmpeg: 
07-04 23:37:24.201 11766 11998 I mobile-ffmpeg:   Stream #0:1 -> #0:1
07-04 23:37:24.201 11766 11998 I mobile-ffmpeg:  (copy)
07-04 23:37:24.201 11766 11998 I mobile-ffmpeg: 
07-04 23:37:24.201 11766 11998 I mobile-ffmpeg: Press [q] to stop, [?] for help
07-04 23:37:24.201 11766 11998 I mobile-ffmpeg: frame=    1 fps=0.0 q=-1.0 size=N/A time=00:00:00.00 bitrate=N/A speed=15.8x    
07-04 23:37:24.396 11766 11998 I mobile-ffmpeg: [segment @ 0x7395442e00] Opening '/storage/emulated/0/Movies/segment/20200312_194930/20200312_194930!001.mp4' for writing
07-04 23:37:24.596 11766 11998 I mobile-ffmpeg: [segment @ 0x7395442e00] Opening '/storage/emulated/0/Movies/segment/20200312_194930/20200312_194930!002.mp4' for writing
07-04 23:37:24.698 11766 11998 I mobile-ffmpeg: frame= 1142 fps=0.0 q=-1.0 size=N/A time=00:00:38.06 bitrate=N/A speed=76.1x    
07-04 23:37:24.832 11766 11998 I mobile-ffmpeg: [segment @ 0x7395442e00] Opening '/storage/emulated/0/Movies/segment/20200312_194930/20200312_194930!003.mp4' for writing
07-04 23:37:24.981 11766 11998 I mobile-ffmpeg: frame= 1800 fps=0.0 q=-1.0 Lsize=N/A time=00:01:00.02 bitrate=N/A speed=75.9x    
07-04 23:37:24.982 11766 11998 I mobile-ffmpeg: video:61424kB audio:345kB subtitle:0kB other streams:0kB global headers:0kB muxing overhead: 
07-04 23:37:24.982 11766 11998 I mobile-ffmpeg: unknown
07-04 23:37:24.982 11766 11998 I mobile-ffmpeg: 
07-04 23:37:24.987 11766 11988 V FileManager: External storage is readable
07-04 23:37:24.987 11766 11988 V FileManager: Directory already exists: /storage/emulated/0/Movies/segment/20200312_194930
07-04 23:37:24.988 11766 11988 V VideoManager: Retrieving videos from /storage/emulated/0/Movies/segment/20200312_194930
07-04 23:37:24.989 11766 11988 V VideoManager: Retrieving video from /storage/emulated/0/Movies/segment/20200312_194930/20200312_194930!000.mp4
07-04 23:37:25.679 11766 11988 V VideoManager: videoFromCursor
07-04 23:37:25.684 11766 11988 V VideoManager: Retrieving video from /storage/emulated/0/Movies/segment/20200312_194930/20200312_194930!001.mp4
07-04 23:37:25.697 11766 11988 V VideoManager: videoFromCursor
07-04 23:37:25.702 11766 11988 V VideoManager: Retrieving video from /storage/emulated/0/Movies/segment/20200312_194930/20200312_194930!002.mp4
07-04 23:37:25.713 11766 11988 V VideoManager: videoFromCursor
07-04 23:37:25.718 11766 11988 V VideoManager: Retrieving video from /storage/emulated/0/Movies/segment/20200312_194930/20200312_194930!003.mp4
07-04 23:37:25.730 11766 11988 V VideoManager: videoFromCursor
07-04 23:37:25.735 11766 11988 V NearbyFragment: nextTransfer with selected algorithm: best_or_local
07-04 23:37:25.737 11766 11988 W NearbyFragment: Sending 20200312_194830!002.mp4 to Nexus 5 [1825]
07-04 23:37:25.755 11766 11766 V NearbyFragment: Transfer to Endpoint{id=S3t6, name=Nexus 5 [1825]} complete
07-04 23:37:26.741 11766 11988 V DownloadTestVideosTask: Starting DownloadTestVideosTask
07-04 23:37:26.744 11766 11988 V DashDownloadManager: Started downloading: 20200312_195230.mp4
07-04 23:37:27.671 11766 11766 D NearbyFragment: onPayloadReceived(endpointId=d-d8, payload=com.google.android.gms.nearby.connection.Payload@bf9b60b)
07-04 23:37:27.671 11766 11766 V NearbyFragment: Started downloading 20200312_194830!001.mp4 from Endpoint{id=d-d8, name=Galaxy S8 [2802]}
