07-04 23:35:18.180  7274  7930 D SummariserIntentService: /storage/emulated/0/Movies/segment-sum/20200312_193928/20200312_193928!003.mp4
07-04 23:35:18.309  7274  7616 W mobile-ffmpeg: [graph 0 input from stream 0:0 @ 0x95e98820] sws_param option is deprecated and ignored
07-04 23:35:22.619  7274  7930 W Summariser: No activity detected
07-04 23:35:22.620  7274  7930 V FfmpegTools: Retrieving duration of /storage/emulated/0/Download/Nearby/20200312_193928!003.mp4
07-04 23:35:22.695  7274  7930 W Summariser: Summarisation completed
07-04 23:35:22.695  7274  7930 W Summariser:   filename: 20200312_193928!003.mp4
07-04 23:35:22.695  7274  7930 W Summariser:   active sections: 0
07-04 23:35:22.695  7274  7930 W Summariser:   time: 04.439s
07-04 23:35:22.695  7274  7930 W Summariser:   original duration: 12.01
07-04 23:35:22.695  7274  7930 W Summariser:   summarised duration: -1.00
07-04 23:35:22.695  7274  7930 W Summariser:   noise tolerance: 45.00
07-04 23:35:22.695  7274  7930 W Summariser:   quality: 23
07-04 23:35:22.695  7274  7930 W Summariser:   speed: medium
07-04 23:35:22.695  7274  7930 W Summariser:   freeze duration: 1.00
07-04 23:35:22.697  7274  7930 V ProcessingVideosEventHandler: onRemove
07-04 23:35:22.720  7274  7274 V NearbyFragment: Transfer to Endpoint{id=h5xw, name=Nexus 5X [34d8]} complete
07-04 23:35:22.741  7274  7292 D SummariserIntentService: Scanned /storage/emulated/0/Movies/summarised
07-04 23:35:22.741  7274  7292 D SummariserIntentService:   -> uri=content://media/external/file/1477
07-04 23:35:54.104  7274  7274 D NearbyFragment: onPayloadReceived(endpointId=h5xw, payload=com.google.android.gms.nearby.connection.Payload@48e3d84)
07-04 23:35:54.104  7274  7274 V NearbyFragment: Started downloading SUMMARISE_SEGMENT:-9122994415016831459:20200312_194129!003.mp4:45.0_1.0_23_medium from Endpoint{id=h5xw, name=Nexus 5X [34d8]}
07-04 23:35:54.108  7274  7274 V NearbyFragment: Transfer to Endpoint{id=h5xw, name=Nexus 5X [34d8]} complete
07-04 23:35:54.136  7274  7274 D NearbyFragment: onPayloadReceived(endpointId=h5xw, payload=com.google.android.gms.nearby.connection.Payload@f66996d)
07-04 23:35:57.300  7274  7274 V NearbyFragment: Transfer to Endpoint{id=h5xw, name=Nexus 5X [34d8]} complete
07-04 23:35:57.300  7274  7274 W NearbyFragment: Completed downloading 20200312_194129!003.mp4 from Endpoint{id=h5xw, name=Nexus 5X [34d8]} in 03.195s
07-04 23:35:57.308  7274  7274 V FileManager: External storage is readable
07-04 23:35:57.309  7274  7274 V FileManager: Created new directory: /storage/emulated/0/Movies/segment-sum/20200312_194129
07-04 23:35:57.309  7274  7274 D NearbyFragment: Summarising 20200312_194129!003.mp4
07-04 23:35:57.309  7274  7274 V VideoManager: Retrieving video from /storage/emulated/0/Download/Nearby/20200312_194129!003.mp4
07-04 23:35:57.316  7274  7274 V VideoManager: videoFromCursor
07-04 23:35:57.318  7274  7274 V ProcessingVideosEventHandler: onAdd
07-04 23:35:57.319  7274  7274 V RawFootageEventHandler: onRemove
07-04 23:35:57.329  7274  7977 V SummariserIntentService: onHandleIntent
07-04 23:35:57.330  7274  7274 V NearbyFragment: Transfer to Endpoint{id=h5xw, name=Nexus 5X [34d8]} complete
07-04 23:35:57.330  7274  7977 D SummariserIntentService: Video{id='1489', data='/storage/emulated/0/Download/Nearby/20200312_194129!003.mp4', name='20200312_194129!003.mp4', size=12644882, visible=true, mimeType='video/mp4'}
07-04 23:35:57.330  7274  7977 D SummariserIntentService: /storage/emulated/0/Movies/segment-sum/20200312_194129/20200312_194129!003.mp4
07-04 23:35:57.447  7274  7616 W mobile-ffmpeg: [graph 0 input from stream 0:0 @ 0x9855fb60] sws_param option is deprecated and ignored
07-04 23:36:01.784  7274  7977 W Summariser: 1 active sections found
07-04 23:36:01.785  7274  7977 I FfmpegTools: Running ffmpeg with:
07-04 23:36:01.785  7274  7977 I FfmpegTools:   -y -i /storage/emulated/0/Download/Nearby/20200312_194129!003.mp4 -filter_complex [0:v]trim=1.868000:2.502000,setpts=PTS-STARTPTS[v0];[0:a]atrim=1.868000:2.502000,asetpts=PTS-STARTPTS[a0];[v0][a0]concat=n=1:v=1:a=1[outv][outa] -map [outv] -map [outa] -crf 23 -preset medium /storage/emulated/0/Movies/segment-sum/20200312_194129/20200312_194129!003.mp4
07-04 23:36:01.883  7274  7616 W mobile-ffmpeg: [graph 0 input from stream 0:0 @ 0x9324ad80] sws_param option is deprecated and ignored
07-04 23:36:04.080  7274  7977 V FfmpegTools: Retrieving duration of /storage/emulated/0/Download/Nearby/20200312_194129!003.mp4
07-04 23:36:04.132  7274  7977 V FfmpegTools: Retrieving duration of /storage/emulated/0/Movies/segment-sum/20200312_194129/20200312_194129!003.mp4
07-04 23:36:04.176  7274  7977 W Summariser: Summarisation completed
07-04 23:36:04.176  7274  7977 W Summariser:   filename: 20200312_194129!003.mp4
07-04 23:36:04.176  7274  7977 W Summariser:   active sections: 1
07-04 23:36:04.176  7274  7977 W Summariser:   time: 06.749s
07-04 23:36:04.176  7274  7977 W Summariser:   original duration: 12.03
07-04 23:36:04.176  7274  7977 W Summariser:   summarised duration: 0.70
07-04 23:36:04.176  7274  7977 W Summariser:   noise tolerance: 45.00
07-04 23:36:04.176  7274  7977 W Summariser:   quality: 23
07-04 23:36:04.176  7274  7977 W Summariser:   speed: medium
07-04 23:36:04.176  7274  7977 W Summariser:   freeze duration: 1.00
07-04 23:36:04.176  7274  7977 V VideoManager: Retrieving video from /storage/emulated/0/Movies/segment-sum/20200312_194129/20200312_194129!003.mp4
07-04 23:36:04.183  7274  7977 V VideoManager: videoFromCursor
07-04 23:36:04.186  7274  7977 W NearbyFragment: Sending 20200312_194129!003.mp4 to Nexus 5X [34d8]
07-04 23:36:04.188  7274  7977 V ProcessingVideosEventHandler: onRemove
07-04 23:36:04.222  7274  7274 V NearbyFragment: Transfer to Endpoint{id=h5xw, name=Nexus 5X [34d8]} complete
07-04 23:36:04.224  7274  7274 V NearbyFragment: Transfer to Endpoint{id=h5xw, name=Nexus 5X [34d8]} complete
07-04 23:36:04.259  7274  7274 D NearbyFragment: onPayloadReceived(endpointId=h5xw, payload=com.google.android.gms.nearby.connection.Payload@60498ab)
07-04 23:36:04.260  7274  7274 V NearbyFragment: Started downloading SUMMARISE_SEGMENT:-7590122256399477635:20200312_194229!001.mp4:45.0_1.0_23_medium from Endpoint{id=h5xw, name=Nexus 5X [34d8]}
07-04 23:36:04.265  7274  7286 D SummariserIntentService: Scanned /storage/emulated/0/Movies/summarised
07-04 23:36:04.265  7274  7286 D SummariserIntentService:   -> uri=content://media/external/file/1477
07-04 23:36:04.271  7274  7274 V NearbyFragment: Transfer to Endpoint{id=h5xw, name=Nexus 5X [34d8]} complete
07-04 23:36:04.327  7274  7274 D NearbyFragment: onPayloadReceived(endpointId=h5xw, payload=com.google.android.gms.nearby.connection.Payload@5bb4b08)
07-04 23:36:08.145  7274  7274 V NearbyFragment: Transfer to Endpoint{id=h5xw, name=Nexus 5X [34d8]} complete
07-04 23:36:08.145  7274  7274 W NearbyFragment: Completed downloading 20200312_194229!001.mp4 from Endpoint{id=h5xw, name=Nexus 5X [34d8]} in 03.885s
07-04 23:36:08.150  7274  7274 V FileManager: External storage is readable
07-04 23:36:08.151  7274  7274 V FileManager: Created new directory: /storage/emulated/0/Movies/segment-sum/20200312_194229
07-04 23:36:08.151  7274  7274 D NearbyFragment: Summarising 20200312_194229!001.mp4
07-04 23:36:08.151  7274  7274 V VideoManager: Retrieving video from /storage/emulated/0/Download/Nearby/20200312_194229!001.mp4
07-04 23:36:08.159  7274  7274 V VideoManager: videoFromCursor
07-04 23:36:08.161  7274  7274 V ProcessingVideosEventHandler: onAdd
07-04 23:36:08.161  7274  7274 V RawFootageEventHandler: onRemove
07-04 23:36:08.166  7274  7274 V NearbyFragment: Transfer to Endpoint{id=h5xw, name=Nexus 5X [34d8]} complete
07-04 23:36:08.172  7274  8038 V SummariserIntentService: onHandleIntent
07-04 23:36:08.174  7274  8038 D SummariserIntentService: Video{id='1493', data='/storage/emulated/0/Download/Nearby/20200312_194229!001.mp4', name='20200312_194229!001.mp4', size=16870064, visible=true, mimeType='video/mp4'}
07-04 23:36:08.174  7274  8038 D SummariserIntentService: /storage/emulated/0/Movies/segment-sum/20200312_194229/20200312_194229!001.mp4
07-04 23:36:08.296  7274  7616 W mobile-ffmpeg: [graph 0 input from stream 0:0 @ 0x9324aea0] sws_param option is deprecated and ignored
07-04 23:36:14.954  7274  8038 W Summariser: 2 active sections found
07-04 23:36:14.954  7274  8038 I FfmpegTools: Running ffmpeg with:
07-04 23:36:14.954  7274  8038 I FfmpegTools:   -y -i /storage/emulated/0/Download/Nearby/20200312_194229!001.mp4 -filter_complex [0:v]trim=0.000000:3.503000,setpts=PTS-STARTPTS[v0];[0:a]atrim=0.000000:3.503000,asetpts=PTS-STARTPTS[a0];[0:v]trim=8.074000:13.245000,setpts=PTS-STARTPTS[v1];[0:a]atrim=8.074000:13.245000,asetpts=PTS-STARTPTS[a1];[v0][a0][v1][a1]concat=n=2:v=1:a=1[outv][outa] -map [outv] -map [outa] -crf 23 -preset medium /storage/emulated/0/Movies/segment-sum/20200312_194229/20200312_194229!001.mp4
07-04 23:36:15.087  7274  7616 W mobile-ffmpeg: [graph 0 input from stream 0:0 @ 0x92270120] sws_param option is deprecated and ignored
07-04 23:36:15.087  7274  7616 W mobile-ffmpeg: [graph 0 input from stream 0:0 @ 0x922702a0] sws_param option is deprecated and ignored
07-04 23:36:36.665  7274  8038 V FfmpegTools: Retrieving duration of /storage/emulated/0/Download/Nearby/20200312_194229!001.mp4
07-04 23:36:36.767  7274  8038 V FfmpegTools: Retrieving duration of /storage/emulated/0/Movies/segment-sum/20200312_194229/20200312_194229!001.mp4
07-04 23:36:36.828  7274  8038 W Summariser: Summarisation completed
07-04 23:36:36.828  7274  8038 W Summariser:   filename: 20200312_194229!001.mp4
07-04 23:36:36.828  7274  8038 W Summariser:   active sections: 2
07-04 23:36:36.828  7274  8038 W Summariser:   time: 28.491s
07-04 23:36:36.828  7274  8038 W Summariser:   original duration: 16.01
07-04 23:36:36.828  7274  8038 W Summariser:   summarised duration: 8.74
07-04 23:36:36.828  7274  8038 W Summariser:   noise tolerance: 45.00
07-04 23:36:36.828  7274  8038 W Summariser:   quality: 23
07-04 23:36:36.828  7274  8038 W Summariser:   speed: medium
07-04 23:36:36.828  7274  8038 W Summariser:   freeze duration: 1.00
07-04 23:36:36.828  7274  8038 V VideoManager: Retrieving video from /storage/emulated/0/Movies/segment-sum/20200312_194229/20200312_194229!001.mp4
07-04 23:36:36.836  7274  8038 V VideoManager: videoFromCursor
07-04 23:36:36.845  7274  8038 W NearbyFragment: Sending 20200312_194229!001.mp4 to Nexus 5X [34d8]
07-04 23:36:36.848  7274  8038 V ProcessingVideosEventHandler: onRemove
07-04 23:36:36.873  7274  7274 V NearbyFragment: Transfer to Endpoint{id=h5xw, name=Nexus 5X [34d8]} complete
07-04 23:36:36.903  7274  7279 I zygote  : Do full code cache collection, code=253KB, data=191KB
07-04 23:36:36.908  7274  7279 I zygote  : After code cache collection, code=251KB, data=153KB
07-04 23:36:36.959  7274  7286 D SummariserIntentService: Scanned /storage/emulated/0/Movies/summarised
07-04 23:36:36.959  7274  7286 D SummariserIntentService:   -> uri=content://media/external/file/1477
07-04 23:36:37.111  7274  7274 V NearbyFragment: Transfer to Endpoint{id=h5xw, name=Nexus 5X [34d8]} complete
07-04 23:37:25.816  7274  7274 D NearbyFragment: onPayloadReceived(endpointId=h5xw, payload=com.google.android.gms.nearby.connection.Payload@4828e9e)
07-04 23:37:25.817  7274  7274 V NearbyFragment: Started downloading SUMMARISE_SEGMENT:-7923329238421638359:20200312_194830!002.mp4:45.0_1.0_23_medium from Endpoint{id=h5xw, name=Nexus 5X [34d8]}
07-04 23:37:25.824  7274  7274 V NearbyFragment: Transfer to Endpoint{id=h5xw, name=Nexus 5X [34d8]} complete
07-04 23:37:25.874  7274  7274 D NearbyFragment: onPayloadReceived(endpointId=h5xw, payload=com.google.android.gms.nearby.connection.Payload@f3f0d7f)
07-04 23:37:29.243  7274  7274 V NearbyFragment: Transfer to Endpoint{id=h5xw, name=Nexus 5X [34d8]} complete
07-04 23:37:29.244  7274  7274 W NearbyFragment: Completed downloading 20200312_194830!002.mp4 from Endpoint{id=h5xw, name=Nexus 5X [34d8]} in 03.425s
07-04 23:37:29.255  7274  7274 V FileManager: External storage is readable
07-04 23:37:29.256  7274  7274 V FileManager: Created new directory: /storage/emulated/0/Movies/segment-sum/20200312_194830
07-04 23:37:29.256  7274  7274 D NearbyFragment: Summarising 20200312_194830!002.mp4
07-04 23:37:29.257  7274  7274 V VideoManager: Retrieving video from /storage/emulated/0/Download/Nearby/20200312_194830!002.mp4
07-04 23:37:29.263  7274  7274 V VideoManager: videoFromCursor
07-04 23:37:29.265  7274  7274 V ProcessingVideosEventHandler: onAdd
07-04 23:37:29.265  7274  7274 V RawFootageEventHandler: onRemove
07-04 23:37:29.269  7274  7274 V NearbyFragment: Transfer to Endpoint{id=h5xw, name=Nexus 5X [34d8]} complete
07-04 23:37:29.274  7274  8126 V SummariserIntentService: onHandleIntent
07-04 23:37:29.275  7274  8126 D SummariserIntentService: Video{id='1496', data='/storage/emulated/0/Download/Nearby/20200312_194830!002.mp4', name='20200312_194830!002.mp4', size=16791932, visible=true, mimeType='video/mp4'}
07-04 23:37:29.275  7274  8126 D SummariserIntentService: /storage/emulated/0/Movies/segment-sum/20200312_194830/20200312_194830!002.mp4
07-04 23:37:29.397  7274  7616 W mobile-ffmpeg: [graph 0 input from stream 0:0 @ 0x92270060] sws_param option is deprecated and ignored
07-04 23:37:35.614  7274  8126 V FfmpegTools: Retrieving duration of /storage/emulated/0/Download/Nearby/20200312_194830!002.mp4
07-04 23:37:35.689  7274  8126 W Summariser: 2 active sections found
07-04 23:37:35.690  7274  8126 I FfmpegTools: Running ffmpeg with:
07-04 23:37:35.690  7274  8126 I FfmpegTools:   -y -i /storage/emulated/0/Download/Nearby/20200312_194830!002.mp4 -filter_complex [0:v]trim=0.000000:3.703000,setpts=PTS-STARTPTS[v0];[0:a]atrim=0.000000:3.703000,asetpts=PTS-STARTPTS[a0];[0:v]trim=10.943000:16.010000,setpts=PTS-STARTPTS[v1];[0:a]atrim=10.943000:16.010000,asetpts=PTS-STARTPTS[a1];[v0][a0][v1][a1]concat=n=2:v=1:a=1[outv][outa] -map [outv] -map [outa] -crf 23 -preset medium /storage/emulated/0/Movies/segment-sum/20200312_194830/20200312_194830!002.mp4
07-04 23:37:35.822  7274  7616 W mobile-ffmpeg: [graph 0 input from stream 0:0 @ 0x92272520] sws_param option is deprecated and ignored
07-04 23:37:35.823  7274  7616 W mobile-ffmpeg: [graph 0 input from stream 0:0 @ 0x92272640] sws_param option is deprecated and ignored
07-04 23:38:00.560  7274  8126 V FfmpegTools: Retrieving duration of /storage/emulated/0/Download/Nearby/20200312_194830!002.mp4
07-04 23:38:00.657  7274  8126 V FfmpegTools: Retrieving duration of /storage/emulated/0/Movies/segment-sum/20200312_194830/20200312_194830!002.mp4
07-04 23:38:00.731  7274  8126 W Summariser: Summarisation completed
07-04 23:38:00.731  7274  8126 W Summariser:   filename: 20200312_194830!002.mp4
07-04 23:38:00.731  7274  8126 W Summariser:   active sections: 2
07-04 23:38:00.731  7274  8126 W Summariser:   time: 31.284s
07-04 23:38:00.731  7274  8126 W Summariser:   original duration: 16.01
07-04 23:38:00.731  7274  8126 W Summariser:   summarised duration: 8.84
07-04 23:38:00.731  7274  8126 W Summariser:   noise tolerance: 45.00
07-04 23:38:00.731  7274  8126 W Summariser:   quality: 23
07-04 23:38:00.731  7274  8126 W Summariser:   speed: medium
07-04 23:38:00.731  7274  8126 W Summariser:   freeze duration: 1.00
07-04 23:38:00.732  7274  8126 V VideoManager: Retrieving video from /storage/emulated/0/Movies/segment-sum/20200312_194830/20200312_194830!002.mp4
07-04 23:38:00.747  7274  8126 V VideoManager: videoFromCursor
07-04 23:38:00.752  7274  8126 W NearbyFragment: Sending 20200312_194830!002.mp4 to Nexus 5X [34d8]
07-04 23:38:00.756  7274  8126 V ProcessingVideosEventHandler: onRemove
07-04 23:38:00.787  7274  7274 V NearbyFragment: Transfer to Endpoint{id=h5xw, name=Nexus 5X [34d8]} complete
07-04 23:38:00.862  7274  7287 D SummariserIntentService: Scanned /storage/emulated/0/Movies/summarised
07-04 23:38:00.862  7274  7287 D SummariserIntentService:   -> uri=content://media/external/file/1477
07-04 23:38:00.962  7274  7274 D NearbyFragment: onPayloadReceived(endpointId=h5xw, payload=com.google.android.gms.nearby.connection.Payload@ae1b102)
07-04 23:38:00.963  7274  7274 V NearbyFragment: Started downloading SUMMARISE_SEGMENT:-8603676407362868576:20200312_195230!001.mp4:45.0_1.0_23_medium from Endpoint{id=h5xw, name=Nexus 5X [34d8]}
07-04 23:38:01.011  7274  7274 V NearbyFragment: Transfer to Endpoint{id=h5xw, name=Nexus 5X [34d8]} complete
07-04 23:38:01.117  7274  7274 V NearbyFragment: Transfer to Endpoint{id=h5xw, name=Nexus 5X [34d8]} complete
07-04 23:38:01.616  7274  7274 D NearbyFragment: onPayloadReceived(endpointId=h5xw, payload=com.google.android.gms.nearby.connection.Payload@f932a13)
07-04 23:38:05.875  7274  7274 V NearbyFragment: Transfer to Endpoint{id=h5xw, name=Nexus 5X [34d8]} complete
07-04 23:38:05.877  7274  7274 W NearbyFragment: Completed downloading 20200312_195230!001.mp4 from Endpoint{id=h5xw, name=Nexus 5X [34d8]} in 04.913s
07-04 23:38:05.897  7274  7274 V FileManager: External storage is readable
07-04 23:38:05.899  7274  7274 V FileManager: Created new directory: /storage/emulated/0/Movies/segment-sum/20200312_195230
07-04 23:38:05.899  7274  7274 D NearbyFragment: Summarising 20200312_195230!001.mp4
07-04 23:38:05.899  7274  7274 V VideoManager: Retrieving video from /storage/emulated/0/Download/Nearby/20200312_195230!001.mp4
07-04 23:38:05.955  7274  7274 V VideoManager: videoFromCursor
07-04 23:38:05.959  7274  7274 V ProcessingVideosEventHandler: onAdd
07-04 23:38:05.959  7274  7274 V RawFootageEventHandler: onRemove
07-04 23:38:05.966  7274  7274 V NearbyFragment: Transfer to Endpoint{id=h5xw, name=Nexus 5X [34d8]} complete
07-04 23:38:05.976  7274  8221 V SummariserIntentService: onHandleIntent
07-04 23:38:05.977  7274  8221 D SummariserIntentService: Video{id='1500', data='/storage/emulated/0/Download/Nearby/20200312_195230!001.mp4', name='20200312_195230!001.mp4', size=16800000, visible=true, mimeType='video/mp4'}
07-04 23:38:05.977  7274  8221 D SummariserIntentService: /storage/emulated/0/Movies/segment-sum/20200312_195230/20200312_195230!001.mp4
07-04 23:38:06.197  7274  7616 W mobile-ffmpeg: [graph 0 input from stream 0:0 @ 0x98afd900] sws_param option is deprecated and ignored
07-04 23:38:12.976  7274  8221 W Summariser: 1 active sections found
07-04 23:38:12.977  7274  8221 I FfmpegTools: Running ffmpeg with:
07-04 23:38:12.977  7274  8221 I FfmpegTools:   -y -i /storage/emulated/0/Download/Nearby/20200312_195230!001.mp4 -filter_complex [0:v]trim=6.005000:12.911000,setpts=PTS-STARTPTS[v0];[0:a]atrim=6.005000:12.911000,asetpts=PTS-STARTPTS[a0];[v0][a0]concat=n=1:v=1:a=1[outv][outa] -map [outv] -map [outa] -crf 23 -preset medium /storage/emulated/0/Movies/segment-sum/20200312_195230/20200312_195230!001.mp4
07-04 23:38:13.135  7274  7616 W mobile-ffmpeg: [graph 0 input from stream 0:0 @ 0x92270480] sws_param option is deprecated and ignored
07-04 23:38:37.805  7274  8221 V FfmpegTools: Retrieving duration of /storage/emulated/0/Download/Nearby/20200312_195230!001.mp4
07-04 23:38:37.941  7274  8221 V FfmpegTools: Retrieving duration of /storage/emulated/0/Movies/segment-sum/20200312_195230/20200312_195230!001.mp4
07-04 23:38:38.029  7274  8221 W Summariser: Summarisation completed
07-04 23:38:38.029  7274  8221 W Summariser:   filename: 20200312_195230!001.mp4
07-04 23:38:38.029  7274  8221 W Summariser:   active sections: 1
07-04 23:38:38.029  7274  8221 W Summariser:   time: 31.826s
07-04 23:38:38.029  7274  8221 W Summariser:   original duration: 16.01
07-04 23:38:38.029  7274  8221 W Summariser:   summarised duration: 6.97
07-04 23:38:38.029  7274  8221 W Summariser:   noise tolerance: 45.00
07-04 23:38:38.029  7274  8221 W Summariser:   quality: 23
07-04 23:38:38.029  7274  8221 W Summariser:   speed: medium
07-04 23:38:38.029  7274  8221 W Summariser:   freeze duration: 1.00
07-04 23:38:38.029  7274  8221 V VideoManager: Retrieving video from /storage/emulated/0/Movies/segment-sum/20200312_195230/20200312_195230!001.mp4
07-04 23:38:38.040  7274  8221 V VideoManager: videoFromCursor
07-04 23:38:38.045  7274  8221 W NearbyFragment: Sending 20200312_195230!001.mp4 to Nexus 5X [34d8]
07-04 23:38:38.050  7274  8221 V ProcessingVideosEventHandler: onRemove
07-04 23:38:38.077  7274  7274 V NearbyFragment: Transfer to Endpoint{id=h5xw, name=Nexus 5X [34d8]} complete
07-04 23:38:38.115  7274  7274 D NearbyFragment: onPayloadReceived(endpointId=h5xw, payload=com.google.android.gms.nearby.connection.Payload@722f581)
07-04 23:38:38.116  7274  7274 V NearbyFragment: Started downloading SUMMARISE_SEGMENT:-8480505742257074673:20200312_195330!002.mp4:45.0_1.0_23_medium from Endpoint{id=h5xw, name=Nexus 5X [34d8]}
07-04 23:38:38.130  7274  7287 D SummariserIntentService: Scanned /storage/emulated/0/Movies/summarised
07-04 23:38:38.130  7274  7287 D SummariserIntentService:   -> uri=content://media/external/file/1477
07-04 23:38:38.180  7274  7274 D NearbyFragment: onPayloadReceived(endpointId=h5xw, payload=com.google.android.gms.nearby.connection.Payload@3760626)
07-04 23:38:38.247  7274  7274 V NearbyFragment: Transfer to Endpoint{id=h5xw, name=Nexus 5X [34d8]} complete
07-04 23:38:38.465  7274  7274 V NearbyFragment: Transfer to Endpoint{id=h5xw, name=Nexus 5X [34d8]} complete
07-04 23:38:42.611  7274  7274 V NearbyFragment: Transfer to Endpoint{id=h5xw, name=Nexus 5X [34d8]} complete
07-04 23:38:42.612  7274  7274 W NearbyFragment: Completed downloading 20200312_195330!002.mp4 from Endpoint{id=h5xw, name=Nexus 5X [34d8]} in 04.495s
07-04 23:38:42.623  7274  7274 V FileManager: External storage is readable
07-04 23:38:42.624  7274  7274 V FileManager: Created new directory: /storage/emulated/0/Movies/segment-sum/20200312_195330
07-04 23:38:42.624  7274  7274 D NearbyFragment: Summarising 20200312_195330!002.mp4
07-04 23:38:42.625  7274  7274 V VideoManager: Retrieving video from /storage/emulated/0/Download/Nearby/20200312_195330!002.mp4
07-04 23:38:42.635  7274  7274 D VideoManager: videoCursor is null
07-04 23:38:42.677  7274  7274 V VideoManager: videoFromCursor
07-04 23:38:42.680  7274  7274 V ProcessingVideosEventHandler: onAdd
07-04 23:38:42.681  7274  7274 V RawFootageEventHandler: onRemove
07-04 23:38:42.688  7274  7274 V NearbyFragment: Transfer to Endpoint{id=h5xw, name=Nexus 5X [34d8]} complete
07-04 23:38:42.694  7274  8365 V SummariserIntentService: onHandleIntent
07-04 23:38:42.695  7274  8365 D SummariserIntentService: Video{id='1518', data='/storage/emulated/0/Download/Nearby/20200312_195330!002.mp4', name='20200312_195330!002.mp4', size=16908091, visible=true, mimeType='video/mp4'}
07-04 23:38:42.695  7274  8365 D SummariserIntentService: /storage/emulated/0/Movies/segment-sum/20200312_195330/20200312_195330!002.mp4
07-04 23:38:42.955  7274  7616 W mobile-ffmpeg: [graph 0 input from stream 0:0 @ 0x922705a0] sws_param option is deprecated and ignored
07-04 23:38:53.455  7274  8365 V FfmpegTools: Retrieving duration of /storage/emulated/0/Download/Nearby/20200312_195330!002.mp4
07-04 23:38:53.604  7274  8365 W Summariser: 2 active sections found
07-04 23:38:53.605  7274  8365 I FfmpegTools: Running ffmpeg with:
07-04 23:38:53.605  7274  8365 I FfmpegTools:   -y -i /storage/emulated/0/Download/Nearby/20200312_195330!002.mp4 -filter_complex [0:v]trim=3.670000:7.940000,setpts=PTS-STARTPTS[v0];[0:a]atrim=3.670000:7.940000,asetpts=PTS-STARTPTS[a0];[0:v]trim=11.276000:16.010000,setpts=PTS-STARTPTS[v1];[0:a]atrim=11.276000:16.010000,asetpts=PTS-STARTPTS[a1];[v0][a0][v1][a1]concat=n=2:v=1:a=1[outv][outa] -map [outv] -map [outa] -crf 23 -preset medium /storage/emulated/0/Movies/segment-sum/20200312_195330/20200312_195330!002.mp4
07-04 23:38:53.826  7274  7616 W mobile-ffmpeg: [graph 0 input from stream 0:0 @ 0x92272ac0] sws_param option is deprecated and ignored
07-04 23:38:53.831  7274  7616 W mobile-ffmpeg: [graph 0 input from stream 0:0 @ 0x92272be0] sws_param option is deprecated and ignored
07-04 23:39:20.778  7274  8365 V FfmpegTools: Retrieving duration of /storage/emulated/0/Download/Nearby/20200312_195330!002.mp4
07-04 23:39:20.876  7274  8365 V FfmpegTools: Retrieving duration of /storage/emulated/0/Movies/segment-sum/20200312_195330/20200312_195330!002.mp4
07-04 23:39:20.941  7274  8365 W Summariser: Summarisation completed
07-04 23:39:20.941  7274  8365 W Summariser:   filename: 20200312_195330!002.mp4
07-04 23:39:20.941  7274  8365 W Summariser:   active sections: 2
07-04 23:39:20.941  7274  8365 W Summariser:   time: 38.081s
07-04 23:39:20.941  7274  8365 W Summariser:   original duration: 16.01
07-04 23:39:20.941  7274  8365 W Summariser:   summarised duration: 9.07
07-04 23:39:20.941  7274  8365 W Summariser:   noise tolerance: 45.00
07-04 23:39:20.941  7274  8365 W Summariser:   quality: 23
07-04 23:39:20.941  7274  8365 W Summariser:   speed: medium
07-04 23:39:20.941  7274  8365 W Summariser:   freeze duration: 1.00
07-04 23:39:20.941  7274  8365 V VideoManager: Retrieving video from /storage/emulated/0/Movies/segment-sum/20200312_195330/20200312_195330!002.mp4
07-04 23:39:20.952  7274  8365 D VideoManager: videoCursor is null
07-04 23:39:20.975  7274  7279 I zygote  : Do partial code cache collection, code=252KB, data=162KB
07-04 23:39:20.976  7274  7279 I zygote  : After code cache collection, code=252KB, data=162KB
07-04 23:39:20.976  7274  7279 I zygote  : Increasing code cache capacity to 1024KB
07-04 23:39:21.027  7274  8365 V VideoManager: videoFromCursor
07-04 23:39:21.030  7274  8365 W NearbyFragment: Sending 20200312_195330!002.mp4 to Nexus 5X [34d8]
07-04 23:39:21.034  7274  8365 V ProcessingVideosEventHandler: onRemove
07-04 23:39:21.052  7274  7274 V NearbyFragment: Transfer to Endpoint{id=h5xw, name=Nexus 5X [34d8]} complete
07-04 23:39:21.085  7274  7287 D SummariserIntentService: Scanned /storage/emulated/0/Movies/summarised
07-04 23:39:21.085  7274  7287 D SummariserIntentService:   -> uri=content://media/external/file/1477
07-04 23:39:21.217  7274  7274 V NearbyFragment: Transfer to Endpoint{id=h5xw, name=Nexus 5X [34d8]} complete
