07-04 23:37:16.038  5223  8391 W Summariser:   active sections: 1
07-04 23:37:16.038  5223  8391 W Summariser:   time: 07.035s
07-04 23:37:16.038  5223  8391 W Summariser:   original duration: 16.06
07-04 23:37:16.038  5223  8391 W Summariser:   summarised duration: 3.97
07-04 23:37:16.038  5223  8391 W Summariser:   noise tolerance: 45.00
07-04 23:37:16.038  5223  8391 W Summariser:   quality: 23
07-04 23:37:16.038  5223  8391 W Summariser:   speed: medium
07-04 23:37:16.038  5223  8391 W Summariser:   freeze duration: 1.00
07-04 23:37:16.039  5223  8391 V VideoManager: Retrieving video from /storage/emulated/0/Movies/segment-sum/20200312_194830/20200312_194830!000.mp4
07-04 23:37:16.050  5223  8391 V VideoManager: videoFromCursor
07-04 23:37:16.054  5223  8391 W NearbyFragment: Sending 20200312_194830!000.mp4 to Nexus 5X [34d8]
07-04 23:37:16.055  5223  8391 V ProcessingVideosEventHandler: onRemove
07-04 23:37:16.075  5223  5223 V NearbyFragment: Transfer to Endpoint{id=h5xw, name=Nexus 5X [34d8]} complete
07-04 23:37:16.106  5223  5223 V NearbyFragment: Transfer to Endpoint{id=h5xw, name=Nexus 5X [34d8]} complete
07-04 23:37:16.119  5223  5223 D NearbyFragment: onPayloadReceived(endpointId=h5xw, payload=com.google.android.gms.nearby.connection.Payload@82ca9b0)
07-04 23:37:16.119  5223  5223 V NearbyFragment: Started downloading SUMMARISE_SEGMENT:-5349916524508278038:20200312_194830!001.mp4:45.0_1.0_23_medium from Endpoint{id=h5xw, name=Nexus 5X [34d8]}
07-04 23:37:16.119  5223  5223 V NearbyFragment: Transfer to Endpoint{id=h5xw, name=Nexus 5X [34d8]} complete
07-04 23:37:16.133  5223  5262 D SummariserIntentService: Scanned /storage/emulated/0/Movies/summarised
07-04 23:37:16.133  5223  5262 D SummariserIntentService:   -> uri=content://media/external/file/137797
07-04 23:37:16.145  5223  5223 D NearbyFragment: onPayloadReceived(endpointId=h5xw, payload=com.google.android.gms.nearby.connection.Payload@4d81029)
07-04 23:37:18.671  5223  5223 V NearbyFragment: Transfer to Endpoint{id=h5xw, name=Nexus 5X [34d8]} complete
07-04 23:37:18.672  5223  5223 W NearbyFragment: Completed downloading 20200312_194830!001.mp4 from Endpoint{id=h5xw, name=Nexus 5X [34d8]} in 02.552s
07-04 23:37:18.679  5223  5223 V FileManager: External storage is readable
07-04 23:37:18.680  5223  5223 V FileManager: Directory already exists: /storage/emulated/0/Movies/segment-sum/20200312_194830
07-04 23:37:18.680  5223  5223 D NearbyFragment: Summarising 20200312_194830!001.mp4
07-04 23:37:18.681  5223  5223 V VideoManager: Retrieving video from /storage/emulated/0/Download/Nearby/20200312_194830!001.mp4
07-04 23:37:18.698  5223  5223 V VideoManager: videoFromCursor
07-04 23:37:18.702  5223  5223 V ProcessingVideosEventHandler: onAdd
07-04 23:37:18.703  5223  5223 V RawFootageEventHandler: onRemove
07-04 23:37:18.715  5223  5223 V NearbyFragment: Transfer to Endpoint{id=h5xw, name=Nexus 5X [34d8]} complete
07-04 23:37:18.742  5223  8456 V SummariserIntentService: onHandleIntent
07-04 23:37:18.743  5223  8456 D SummariserIntentService: Video{id='138009', data='/storage/emulated/0/Download/Nearby/20200312_194830!001.mp4', name='20200312_194830!001.mp4', size=16986763, visible=true, mimeType='video/mp4'}
07-04 23:37:18.743  5223  8456 D SummariserIntentService: /storage/emulated/0/Movies/segment-sum/20200312_194830/20200312_194830!001.mp4
07-04 23:37:18.929  5223  6452 W mobile-ffmpeg: [graph 0 input from stream 0:0 @ 0x7a5881adc0] sws_param option is deprecated and ignored
07-04 23:37:21.015  5223  8456 V FfmpegTools: Retrieving duration of /storage/emulated/0/Download/Nearby/20200312_194830!001.mp4
07-04 23:37:21.052  5223  8456 W Summariser: 2 active sections found
07-04 23:37:21.052  5223  8456 I FfmpegTools: Running ffmpeg with:
07-04 23:37:21.052  5223  8456 I FfmpegTools:   -y -i /storage/emulated/0/Download/Nearby/20200312_194830!001.mp4 -filter_complex [0:v]trim=0.000000:6.405000,setpts=PTS-STARTPTS[v0];[0:a]atrim=0.000000:6.405000,asetpts=PTS-STARTPTS[a0];[0:v]trim=14.379000:16.010000,setpts=PTS-STARTPTS[v1];[0:a]atrim=14.379000:16.010000,asetpts=PTS-STARTPTS[a1];[v0][a0][v1][a1]concat=n=2:v=1:a=1[outv][outa] -map [outv] -map [outa] -crf 23 -preset medium /storage/emulated/0/Movies/segment-sum/20200312_194830/20200312_194830!001.mp4
07-04 23:37:21.111  5223  6452 W mobile-ffmpeg: [graph 0 input from stream 0:0 @ 0x7a5881adc0] sws_param option is deprecated and ignored
07-04 23:37:21.112  5223  6452 W mobile-ffmpeg: [graph 0 input from stream 0:0 @ 0x7a3a1e6180] sws_param option is deprecated and ignored
07-04 23:37:29.264  5223  8456 V FfmpegTools: Retrieving duration of /storage/emulated/0/Download/Nearby/20200312_194830!001.mp4
07-04 23:37:29.299  5223  8456 V FfmpegTools: Retrieving duration of /storage/emulated/0/Movies/segment-sum/20200312_194830/20200312_194830!001.mp4
07-04 23:37:29.317  5223  8456 W Summariser: Summarisation completed
07-04 23:37:29.317  5223  8456 W Summariser:   filename: 20200312_194830!001.mp4
07-04 23:37:29.317  5223  8456 W Summariser:   active sections: 2
07-04 23:37:29.317  5223  8456 W Summariser:   time: 10.518s
07-04 23:37:29.317  5223  8456 W Summariser:   original duration: 16.01
07-04 23:37:29.317  5223  8456 W Summariser:   summarised duration: 8.10
07-04 23:37:29.317  5223  8456 W Summariser:   noise tolerance: 45.00
07-04 23:37:29.317  5223  8456 W Summariser:   quality: 23
07-04 23:37:29.317  5223  8456 W Summariser:   speed: medium
07-04 23:37:29.317  5223  8456 W Summariser:   freeze duration: 1.00
07-04 23:37:29.317  5223  8456 V VideoManager: Retrieving video from /storage/emulated/0/Movies/segment-sum/20200312_194830/20200312_194830!001.mp4
07-04 23:37:29.342  5223  8456 V VideoManager: videoFromCursor
07-04 23:37:29.348  5223  8456 W NearbyFragment: Sending 20200312_194830!001.mp4 to Nexus 5X [34d8]
07-04 23:37:29.349  5223  8456 V ProcessingVideosEventHandler: onRemove
07-04 23:37:29.375  5223  5223 V NearbyFragment: Transfer to Endpoint{id=h5xw, name=Nexus 5X [34d8]} complete
07-04 23:37:29.407  5223  5223 D NearbyFragment: onPayloadReceived(endpointId=h5xw, payload=com.google.android.gms.nearby.connection.Payload@9e62b47)
07-04 23:37:29.408  5223  5223 V NearbyFragment: Started downloading SUMMARISE_SEGMENT:-5939749159311009346:20200312_194830!003.mp4:45.0_1.0_23_medium from Endpoint{id=h5xw, name=Nexus 5X [34d8]}
07-04 23:37:29.428  5223  5223 V NearbyFragment: Transfer to Endpoint{id=h5xw, name=Nexus 5X [34d8]} complete
07-04 23:37:29.446  5223  5262 D SummariserIntentService: Scanned /storage/emulated/0/Movies/summarised
07-04 23:37:29.446  5223  5262 D SummariserIntentService:   -> uri=content://media/external/file/137797
07-04 23:37:29.526  5223  5223 V NearbyFragment: Transfer to Endpoint{id=h5xw, name=Nexus 5X [34d8]} complete
07-04 23:37:30.388  5223  5223 D NearbyFragment: onPayloadReceived(endpointId=h5xw, payload=com.google.android.gms.nearby.connection.Payload@81a3f74)
07-04 23:37:32.362  5223  5223 V NearbyFragment: Transfer to Endpoint{id=h5xw, name=Nexus 5X [34d8]} complete
07-04 23:37:32.363  5223  5223 W NearbyFragment: Completed downloading 20200312_194830!003.mp4 from Endpoint{id=h5xw, name=Nexus 5X [34d8]} in 02.954s
07-04 23:37:32.369  5223  5223 V FileManager: External storage is readable
07-04 23:37:32.369  5223  5223 V FileManager: Directory already exists: /storage/emulated/0/Movies/segment-sum/20200312_194830
07-04 23:37:32.370  5223  5223 D NearbyFragment: Summarising 20200312_194830!003.mp4
07-04 23:37:32.370  5223  5223 V VideoManager: Retrieving video from /storage/emulated/0/Download/Nearby/20200312_194830!003.mp4
07-04 23:37:32.391  5223  5223 V VideoManager: videoFromCursor
07-04 23:37:32.395  5223  5223 V ProcessingVideosEventHandler: onAdd
07-04 23:37:32.396  5223  5223 V RawFootageEventHandler: onRemove
07-04 23:37:32.403  5223  5223 V NearbyFragment: Transfer to Endpoint{id=h5xw, name=Nexus 5X [34d8]} complete
07-04 23:37:32.417  5223  8521 V SummariserIntentService: onHandleIntent
07-04 23:37:32.419  5223  8521 D SummariserIntentService: Video{id='138011', data='/storage/emulated/0/Download/Nearby/20200312_194830!003.mp4', name='20200312_194830!003.mp4', size=12647949, visible=true, mimeType='video/mp4'}
07-04 23:37:32.419  5223  8521 D SummariserIntentService: /storage/emulated/0/Movies/segment-sum/20200312_194830/20200312_194830!003.mp4
07-04 23:37:32.581  5223  6452 W mobile-ffmpeg: [graph 0 input from stream 0:0 @ 0x7a5881a580] sws_param option is deprecated and ignored
07-04 23:37:33.944  5223  8521 W Summariser: No activity detected
07-04 23:37:33.945  5223  8521 V FfmpegTools: Retrieving duration of /storage/emulated/0/Download/Nearby/20200312_194830!003.mp4
07-04 23:37:33.970  5223  8521 W Summariser: Summarisation completed
07-04 23:37:33.970  5223  8521 W Summariser:   filename: 20200312_194830!003.mp4
07-04 23:37:33.970  5223  8521 W Summariser:   active sections: 0
07-04 23:37:33.970  5223  8521 W Summariser:   time: 01.525s
07-04 23:37:33.970  5223  8521 W Summariser:   original duration: 11.98
07-04 23:37:33.970  5223  8521 W Summariser:   summarised duration: -1.00
07-04 23:37:33.970  5223  8521 W Summariser:   noise tolerance: 45.00
07-04 23:37:33.970  5223  8521 W Summariser:   quality: 23
07-04 23:37:33.970  5223  8521 W Summariser:   speed: medium
07-04 23:37:33.970  5223  8521 W Summariser:   freeze duration: 1.00
07-04 23:37:33.970  5223  8521 V ProcessingVideosEventHandler: onRemove
07-04 23:37:33.985  5223  5223 V NearbyFragment: Transfer to Endpoint{id=h5xw, name=Nexus 5X [34d8]} complete
07-04 23:37:34.027  5223  5262 D SummariserIntentService: Scanned /storage/emulated/0/Movies/summarised
07-04 23:37:34.027  5223  5262 D SummariserIntentService:   -> uri=content://media/external/file/137797
07-04 23:37:34.091  5223  5223 D NearbyFragment: onPayloadReceived(endpointId=h5xw, payload=com.google.android.gms.nearby.connection.Payload@6e3046a)
07-04 23:37:34.091  5223  5223 V NearbyFragment: Started downloading SUMMARISE_SEGMENT:-4839895735026319917:20200312_194930!000.mp4:45.0_1.0_23_medium from Endpoint{id=h5xw, name=Nexus 5X [34d8]}
07-04 23:37:34.140  5223  5223 D NearbyFragment: onPayloadReceived(endpointId=h5xw, payload=com.google.android.gms.nearby.connection.Payload@dfd5d5b)
07-04 23:37:34.142  5223  5223 V NearbyFragment: Transfer to Endpoint{id=h5xw, name=Nexus 5X [34d8]} complete
07-04 23:37:36.265  5223  5223 V NearbyFragment: Transfer to Endpoint{id=h5xw, name=Nexus 5X [34d8]} complete
07-04 23:37:36.267  5223  5223 W NearbyFragment: Completed downloading 20200312_194930!000.mp4 from Endpoint{id=h5xw, name=Nexus 5X [34d8]} in 02.174s
07-04 23:37:36.280  5223  5223 V FileManager: External storage is readable
07-04 23:37:36.285  5223  5223 V FileManager: Created new directory: /storage/emulated/0/Movies/segment-sum/20200312_194930
07-04 23:37:36.286  5223  5223 D NearbyFragment: Summarising 20200312_194930!000.mp4
07-04 23:37:36.287  5223  5223 V VideoManager: Retrieving video from /storage/emulated/0/Download/Nearby/20200312_194930!000.mp4
07-04 23:37:36.310  5223  5223 V VideoManager: videoFromCursor
07-04 23:37:36.317  5223  5223 V ProcessingVideosEventHandler: onAdd
07-04 23:37:36.317  5223  5223 V RawFootageEventHandler: onRemove
07-04 23:37:36.328  5223  5223 V NearbyFragment: Transfer to Endpoint{id=h5xw, name=Nexus 5X [34d8]} complete
07-04 23:37:36.345  5223  8548 V SummariserIntentService: onHandleIntent
07-04 23:37:36.347  5223  8548 D SummariserIntentService: Video{id='138012', data='/storage/emulated/0/Download/Nearby/20200312_194930!000.mp4', name='20200312_194930!000.mp4', size=16923489, visible=true, mimeType='video/mp4'}
07-04 23:37:36.347  5223  8548 D SummariserIntentService: /storage/emulated/0/Movies/segment-sum/20200312_194930/20200312_194930!000.mp4
07-04 23:37:36.461  5223  6452 W mobile-ffmpeg: [graph 0 input from stream 0:0 @ 0x7a5881a580] sws_param option is deprecated and ignored
07-04 23:37:38.430  5223  8548 V FfmpegTools: Retrieving duration of /storage/emulated/0/Download/Nearby/20200312_194930!000.mp4
07-04 23:37:38.454  5223  8548 W Summariser: 1 active sections found
07-04 23:37:38.455  5223  8548 I FfmpegTools: Running ffmpeg with:
07-04 23:37:38.455  5223  8548 I FfmpegTools:   -y -i /storage/emulated/0/Download/Nearby/20200312_194930!000.mp4 -filter_complex [0:v]trim=6.773000:16.070000,setpts=PTS-STARTPTS[v0];[0:a]atrim=6.773000:16.070000,asetpts=PTS-STARTPTS[a0];[v0][a0]concat=n=1:v=1:a=1[outv][outa] -map [outv] -map [outa] -crf 23 -preset medium /storage/emulated/0/Movies/segment-sum/20200312_194930/20200312_194930!000.mp4
07-04 23:37:38.501  5223  6452 W mobile-ffmpeg: [graph 0 input from stream 0:0 @ 0x7a5881a4c0] sws_param option is deprecated and ignored
07-04 23:37:47.823  5223  8548 V FfmpegTools: Retrieving duration of /storage/emulated/0/Download/Nearby/20200312_194930!000.mp4
07-04 23:37:47.847  5223  8548 V FfmpegTools: Retrieving duration of /storage/emulated/0/Movies/segment-sum/20200312_194930/20200312_194930!000.mp4
07-04 23:37:47.865  5223  8548 W Summariser: Summarisation completed
07-04 23:37:47.865  5223  8548 W Summariser:   filename: 20200312_194930!000.mp4
07-04 23:37:47.865  5223  8548 W Summariser:   active sections: 1
07-04 23:37:47.865  5223  8548 W Summariser:   time: 11.474s
07-04 23:37:47.865  5223  8548 W Summariser:   original duration: 16.07
07-04 23:37:47.865  5223  8548 W Summariser:   summarised duration: 9.36
07-04 23:37:47.865  5223  8548 W Summariser:   noise tolerance: 45.00
07-04 23:37:47.865  5223  8548 W Summariser:   quality: 23
07-04 23:37:47.865  5223  8548 W Summariser:   speed: medium
07-04 23:37:47.865  5223  8548 W Summariser:   freeze duration: 1.00
07-04 23:37:47.865  5223  8548 V VideoManager: Retrieving video from /storage/emulated/0/Movies/segment-sum/20200312_194930/20200312_194930!000.mp4
07-04 23:37:47.876  5223  8548 V VideoManager: videoFromCursor
07-04 23:37:47.879  5223  8548 W NearbyFragment: Sending 20200312_194930!000.mp4 to Nexus 5X [34d8]
07-04 23:37:47.880  5223  8548 V ProcessingVideosEventHandler: onRemove
07-04 23:37:47.892  5223  5223 V NearbyFragment: Transfer to Endpoint{id=h5xw, name=Nexus 5X [34d8]} complete
07-04 23:37:47.940  5223  5254 D SummariserIntentService: Scanned /storage/emulated/0/Movies/summarised
07-04 23:37:47.940  5223  5254 D SummariserIntentService:   -> uri=content://media/external/file/137797
07-04 23:37:47.956  5223  5223 D NearbyFragment: onPayloadReceived(endpointId=h5xw, payload=com.google.android.gms.nearby.connection.Payload@acd709)
07-04 23:37:47.957  5223  5223 V NearbyFragment: Started downloading SUMMARISE_SEGMENT:-7254975606273418405:20200312_194930!001.mp4:45.0_1.0_23_medium from Endpoint{id=h5xw, name=Nexus 5X [34d8]}
07-04 23:37:47.958  5223  5223 V NearbyFragment: Transfer to Endpoint{id=h5xw, name=Nexus 5X [34d8]} complete
07-04 23:37:47.968  5223  5223 V NearbyFragment: Transfer to Endpoint{id=h5xw, name=Nexus 5X [34d8]} complete
07-04 23:37:48.073  5223  5223 D NearbyFragment: onPayloadReceived(endpointId=h5xw, payload=com.google.android.gms.nearby.connection.Payload@d127d0e)
07-04 23:37:50.205  5223  5223 V NearbyFragment: Transfer to Endpoint{id=h5xw, name=Nexus 5X [34d8]} complete
07-04 23:37:50.206  5223  5223 W NearbyFragment: Completed downloading 20200312_194930!001.mp4 from Endpoint{id=h5xw, name=Nexus 5X [34d8]} in 02.248s
07-04 23:37:50.215  5223  5223 V FileManager: External storage is readable
07-04 23:37:50.216  5223  5223 V FileManager: Directory already exists: /storage/emulated/0/Movies/segment-sum/20200312_194930
07-04 23:37:50.217  5223  5223 D NearbyFragment: Summarising 20200312_194930!001.mp4
07-04 23:37:50.217  5223  5223 V VideoManager: Retrieving video from /storage/emulated/0/Download/Nearby/20200312_194930!001.mp4
07-04 23:37:50.240  5223  5223 V VideoManager: videoFromCursor
07-04 23:37:50.245  5223  5223 V ProcessingVideosEventHandler: onAdd
07-04 23:37:50.246  5223  5223 V RawFootageEventHandler: onRemove
07-04 23:37:50.254  5223  5223 V NearbyFragment: Transfer to Endpoint{id=h5xw, name=Nexus 5X [34d8]} complete
07-04 23:37:50.272  5223  8614 V SummariserIntentService: onHandleIntent
07-04 23:37:50.274  5223  8614 D SummariserIntentService: Video{id='138060', data='/storage/emulated/0/Download/Nearby/20200312_194930!001.mp4', name='20200312_194930!001.mp4', size=16827995, visible=true, mimeType='video/mp4'}
07-04 23:37:50.274  5223  8614 D SummariserIntentService: /storage/emulated/0/Movies/segment-sum/20200312_194930/20200312_194930!001.mp4
07-04 23:37:50.480  5223  6452 W mobile-ffmpeg: [graph 0 input from stream 0:0 @ 0x7a5881a580] sws_param option is deprecated and ignored
07-04 23:37:52.353  5223  8614 W Summariser: 1 active sections found
07-04 23:37:52.353  5223  8614 I FfmpegTools: Running ffmpeg with:
07-04 23:37:52.353  5223  8614 I FfmpegTools:   -y -i /storage/emulated/0/Download/Nearby/20200312_194930!001.mp4 -filter_complex [0:v]trim=0.000000:2.002000,setpts=PTS-STARTPTS[v0];[0:a]atrim=0.000000:2.002000,asetpts=PTS-STARTPTS[a0];[v0][a0]concat=n=1:v=1:a=1[outv][outa] -map [outv] -map [outa] -crf 23 -preset medium /storage/emulated/0/Movies/segment-sum/20200312_194930/20200312_194930!001.mp4
07-04 23:37:52.414  5223  6452 W mobile-ffmpeg: [graph 0 input from stream 0:0 @ 0x7a5881a4c0] sws_param option is deprecated and ignored
07-04 23:37:54.300  5223  8614 V FfmpegTools: Retrieving duration of /storage/emulated/0/Download/Nearby/20200312_194930!001.mp4
07-04 23:37:54.337  5223  8614 V FfmpegTools: Retrieving duration of /storage/emulated/0/Movies/segment-sum/20200312_194930/20200312_194930!001.mp4
07-04 23:37:54.355  5223  8614 W Summariser: Summarisation completed
07-04 23:37:54.355  5223  8614 W Summariser:   filename: 20200312_194930!001.mp4
07-04 23:37:54.355  5223  8614 W Summariser:   active sections: 1
07-04 23:37:54.355  5223  8614 W Summariser:   time: 04.025s
07-04 23:37:54.355  5223  8614 W Summariser:   original duration: 16.01
07-04 23:37:54.355  5223  8614 W Summariser:   summarised duration: 2.02
07-04 23:37:54.355  5223  8614 W Summariser:   noise tolerance: 45.00
07-04 23:37:54.355  5223  8614 W Summariser:   quality: 23
07-04 23:37:54.355  5223  8614 W Summariser:   speed: medium
07-04 23:37:54.355  5223  8614 W Summariser:   freeze duration: 1.00
07-04 23:37:54.355  5223  8614 V VideoManager: Retrieving video from /storage/emulated/0/Movies/segment-sum/20200312_194930/20200312_194930!001.mp4
07-04 23:37:54.366  5223  8614 V VideoManager: videoFromCursor
07-04 23:37:54.369  5223  8614 W NearbyFragment: Sending 20200312_194930!001.mp4 to Nexus 5X [34d8]
07-04 23:37:54.370  5223  8614 V ProcessingVideosEventHandler: onRemove
07-04 23:37:54.391  5223  5223 V NearbyFragment: Transfer to Endpoint{id=h5xw, name=Nexus 5X [34d8]} complete
07-04 23:37:54.408  5223  5223 V NearbyFragment: Transfer to Endpoint{id=h5xw, name=Nexus 5X [34d8]} complete
07-04 23:37:54.435  5223  6559 D SummariserIntentService: Scanned /storage/emulated/0/Movies/summarised
07-04 23:37:54.435  5223  6559 D SummariserIntentService:   -> uri=content://media/external/file/137797
07-04 23:37:54.442  5223  5223 D NearbyFragment: onPayloadReceived(endpointId=h5xw, payload=com.google.android.gms.nearby.connection.Payload@1de9d7d)
07-04 23:37:54.442  5223  5223 V NearbyFragment: Started downloading SUMMARISE_SEGMENT:-9059719429363717485:20200312_194930!003.mp4:45.0_1.0_23_medium from Endpoint{id=h5xw, name=Nexus 5X [34d8]}
07-04 23:37:54.448  5223  5223 V NearbyFragment: Transfer to Endpoint{id=h5xw, name=Nexus 5X [34d8]} complete
07-04 23:37:56.075  5223  5223 D NearbyFragment: onPayloadReceived(endpointId=h5xw, payload=com.google.android.gms.nearby.connection.Payload@b735472)
07-04 23:37:58.327  5223  5223 V NearbyFragment: Transfer to Endpoint{id=h5xw, name=Nexus 5X [34d8]} complete
07-04 23:37:58.329  5223  5223 W NearbyFragment: Completed downloading 20200312_194930!003.mp4 from Endpoint{id=h5xw, name=Nexus 5X [34d8]} in 03.885s
07-04 23:37:58.339  5223  5223 V FileManager: External storage is readable
07-04 23:37:58.340  5223  5223 V FileManager: Directory already exists: /storage/emulated/0/Movies/segment-sum/20200312_194930
07-04 23:37:58.341  5223  5223 D NearbyFragment: Summarising 20200312_194930!003.mp4
07-04 23:37:58.342  5223  5223 V VideoManager: Retrieving video from /storage/emulated/0/Download/Nearby/20200312_194930!003.mp4
07-04 23:37:58.366  5223  5223 V VideoManager: videoFromCursor
07-04 23:37:58.372  5223  5223 V ProcessingVideosEventHandler: onAdd
07-04 23:37:58.372  5223  5223 V RawFootageEventHandler: onRemove
07-04 23:37:58.381  5223  5223 V NearbyFragment: Transfer to Endpoint{id=h5xw, name=Nexus 5X [34d8]} complete
07-04 23:37:58.400  5223  8681 V SummariserIntentService: onHandleIntent
07-04 23:37:58.401  5223  8681 D SummariserIntentService: Video{id='138016', data='/storage/emulated/0/Download/Nearby/20200312_194930!003.mp4', name='20200312_194930!003.mp4', size=12672704, visible=true, mimeType='video/mp4'}
07-04 23:37:58.401  5223  8681 D SummariserIntentService: /storage/emulated/0/Movies/segment-sum/20200312_194930/20200312_194930!003.mp4
07-04 23:37:58.581  5223  6452 W mobile-ffmpeg: [graph 0 input from stream 0:0 @ 0x7a5881a580] sws_param option is deprecated and ignored
07-04 23:38:00.076  5223  8681 V FfmpegTools: Retrieving duration of /storage/emulated/0/Download/Nearby/20200312_194930!003.mp4
07-04 23:38:00.101  5223  8681 W Summariser: 1 active sections found
07-04 23:38:00.101  5223  8681 I FfmpegTools: Running ffmpeg with:
07-04 23:38:00.101  5223  8681 I FfmpegTools:   -y -i /storage/emulated/0/Download/Nearby/20200312_194930!003.mp4 -filter_complex [0:v]trim=1.101000:12.010000,setpts=PTS-STARTPTS[v0];[0:a]atrim=1.101000:12.010000,asetpts=PTS-STARTPTS[a0];[v0][a0]concat=n=1:v=1:a=1[outv][outa] -map [outv] -map [outa] -crf 23 -preset medium /storage/emulated/0/Movies/segment-sum/20200312_194930/20200312_194930!003.mp4
07-04 23:38:00.145  5223  6452 W mobile-ffmpeg: [graph 0 input from stream 0:0 @ 0x7a5881a4c0] sws_param option is deprecated and ignored
07-04 23:38:10.705  5223  8681 V FfmpegTools: Retrieving duration of /storage/emulated/0/Download/Nearby/20200312_194930!003.mp4
07-04 23:38:10.728  5223  8681 V FfmpegTools: Retrieving duration of /storage/emulated/0/Movies/segment-sum/20200312_194930/20200312_194930!003.mp4
07-04 23:38:10.746  5223  8681 W Summariser: Summarisation completed
07-04 23:38:10.746  5223  8681 W Summariser:   filename: 20200312_194930!003.mp4
07-04 23:38:10.746  5223  8681 W Summariser:   active sections: 1
07-04 23:38:10.746  5223  8681 W Summariser:   time: 12.303s
07-04 23:38:10.746  5223  8681 W Summariser:   original duration: 12.01
07-04 23:38:10.746  5223  8681 W Summariser:   summarised duration: 10.95
07-04 23:38:10.746  5223  8681 W Summariser:   noise tolerance: 45.00
07-04 23:38:10.746  5223  8681 W Summariser:   quality: 23
07-04 23:38:10.746  5223  8681 W Summariser:   speed: medium
07-04 23:38:10.746  5223  8681 W Summariser:   freeze duration: 1.00
07-04 23:38:10.746  5223  8681 V VideoManager: Retrieving video from /storage/emulated/0/Movies/segment-sum/20200312_194930/20200312_194930!003.mp4
07-04 23:38:10.768  5223  8681 V VideoManager: videoFromCursor
07-04 23:38:10.772  5223  8681 W NearbyFragment: Sending 20200312_194930!003.mp4 to Nexus 5X [34d8]
07-04 23:38:10.773  5223  8681 V ProcessingVideosEventHandler: onRemove
07-04 23:38:10.794  5223  5223 V NearbyFragment: Transfer to Endpoint{id=h5xw, name=Nexus 5X [34d8]} complete
07-04 23:38:10.878  5223  5254 D SummariserIntentService: Scanned /storage/emulated/0/Movies/summarised
07-04 23:38:10.878  5223  5254 D SummariserIntentService:   -> uri=content://media/external/file/137797
07-04 23:38:10.996  5223  5223 D NearbyFragment: onPayloadReceived(endpointId=h5xw, payload=com.google.android.gms.nearby.connection.Payload@50c8458)
07-04 23:38:10.996  5223  5223 V NearbyFragment: Started downloading SUMMARISE_SEGMENT:-4830660130139566885:20200312_195230!003.mp4:45.0_1.0_23_medium from Endpoint{id=h5xw, name=Nexus 5X [34d8]}
07-04 23:38:10.998  5223  5223 V NearbyFragment: Transfer to Endpoint{id=h5xw, name=Nexus 5X [34d8]} complete
07-04 23:38:11.099  5223  5223 D NearbyFragment: onPayloadReceived(endpointId=h5xw, payload=com.google.android.gms.nearby.connection.Payload@ab759b1)
07-04 23:38:11.110  5223  5223 V NearbyFragment: Transfer to Endpoint{id=h5xw, name=Nexus 5X [34d8]} complete
07-04 23:38:13.035  5223  5223 V NearbyFragment: Transfer to Endpoint{id=h5xw, name=Nexus 5X [34d8]} complete
07-04 23:38:13.036  5223  5223 W NearbyFragment: Completed downloading 20200312_195230!003.mp4 from Endpoint{id=h5xw, name=Nexus 5X [34d8]} in 02.039s
07-04 23:38:13.039  5223  5223 V FileManager: External storage is readable
07-04 23:38:13.039  5223  5223 V FileManager: Created new directory: /storage/emulated/0/Movies/segment-sum/20200312_195230
07-04 23:38:13.039  5223  5223 D NearbyFragment: Summarising 20200312_195230!003.mp4
07-04 23:38:13.040  5223  5223 V VideoManager: Retrieving video from /storage/emulated/0/Download/Nearby/20200312_195230!003.mp4
07-04 23:38:13.050  5223  5223 V VideoManager: videoFromCursor
07-04 23:38:13.052  5223  5223 V ProcessingVideosEventHandler: onAdd
07-04 23:38:13.052  5223  5223 V RawFootageEventHandler: onRemove
07-04 23:38:13.056  5223  5223 V NearbyFragment: Transfer to Endpoint{id=h5xw, name=Nexus 5X [34d8]} complete
07-04 23:38:13.062  5223  8750 V SummariserIntentService: onHandleIntent
07-04 23:38:13.063  5223  8750 D SummariserIntentService: Video{id='138022', data='/storage/emulated/0/Download/Nearby/20200312_195230!003.mp4', name='20200312_195230!003.mp4', size=12662984, visible=true, mimeType='video/mp4'}
07-04 23:38:13.063  5223  8750 D SummariserIntentService: /storage/emulated/0/Movies/segment-sum/20200312_195230/20200312_195230!003.mp4
07-04 23:38:13.146  5223  6452 W mobile-ffmpeg: [graph 0 input from stream 0:0 @ 0x7a5881a580] sws_param option is deprecated and ignored
07-04 23:38:14.619  5223  8750 W Summariser: No activity detected
07-04 23:38:14.619  5223  8750 V FfmpegTools: Retrieving duration of /storage/emulated/0/Download/Nearby/20200312_195230!003.mp4
07-04 23:38:14.644  5223  8750 W Summariser: Summarisation completed
07-04 23:38:14.644  5223  8750 W Summariser:   filename: 20200312_195230!003.mp4
07-04 23:38:14.644  5223  8750 W Summariser:   active sections: 0
07-04 23:38:14.644  5223  8750 W Summariser:   time: 01.556s
07-04 23:38:14.644  5223  8750 W Summariser:   original duration: 12.01
07-04 23:38:14.644  5223  8750 W Summariser:   summarised duration: -1.00
07-04 23:38:14.644  5223  8750 W Summariser:   noise tolerance: 45.00
07-04 23:38:14.644  5223  8750 W Summariser:   quality: 23
07-04 23:38:14.644  5223  8750 W Summariser:   speed: medium
07-04 23:38:14.644  5223  8750 W Summariser:   freeze duration: 1.00
07-04 23:38:14.644  5223  8750 V ProcessingVideosEventHandler: onRemove
07-04 23:38:14.662  5223  5223 V NearbyFragment: Transfer to Endpoint{id=h5xw, name=Nexus 5X [34d8]} complete
07-04 23:38:14.729  5223  5254 D SummariserIntentService: Scanned /storage/emulated/0/Movies/summarised
07-04 23:38:14.729  5223  5254 D SummariserIntentService:   -> uri=content://media/external/file/137797
07-04 23:38:22.732  5223  5223 D NearbyFragment: onPayloadReceived(endpointId=h5xw, payload=com.google.android.gms.nearby.connection.Payload@ec59a6e)
07-04 23:38:22.735  5223  5223 V NearbyFragment: Started downloading SUMMARISE_SEGMENT:-7626270648196593664:20200312_195330!000.mp4:45.0_1.0_23_medium from Endpoint{id=h5xw, name=Nexus 5X [34d8]}
07-04 23:38:22.738  5223  5223 V NearbyFragment: Transfer to Endpoint{id=h5xw, name=Nexus 5X [34d8]} complete
07-04 23:38:22.757  5223  5223 D NearbyFragment: onPayloadReceived(endpointId=h5xw, payload=com.google.android.gms.nearby.connection.Payload@e44750f)
07-04 23:38:24.808  5223  5223 V NearbyFragment: Transfer to Endpoint{id=h5xw, name=Nexus 5X [34d8]} complete
07-04 23:38:24.809  5223  5223 W NearbyFragment: Completed downloading 20200312_195330!000.mp4 from Endpoint{id=h5xw, name=Nexus 5X [34d8]} in 02.072s
07-04 23:38:24.816  5223  5223 V FileManager: External storage is readable
07-04 23:38:24.820  5223  5223 V FileManager: Created new directory: /storage/emulated/0/Movies/segment-sum/20200312_195330
07-04 23:38:24.822  5223  5223 D NearbyFragment: Summarising 20200312_195330!000.mp4
07-04 23:38:24.822  5223  5223 V VideoManager: Retrieving video from /storage/emulated/0/Download/Nearby/20200312_195330!000.mp4
07-04 23:38:24.842  5223  5223 V VideoManager: videoFromCursor
07-04 23:38:24.847  5223  5223 V ProcessingVideosEventHandler: onAdd
07-04 23:38:24.847  5223  5223 V RawFootageEventHandler: onRemove
07-04 23:38:24.854  5223  5223 V NearbyFragment: Transfer to Endpoint{id=h5xw, name=Nexus 5X [34d8]} complete
07-04 23:38:24.867  5223  8781 V SummariserIntentService: onHandleIntent
07-04 23:38:24.869  5223  8781 D SummariserIntentService: Video{id='138023', data='/storage/emulated/0/Download/Nearby/20200312_195330!000.mp4', name='20200312_195330!000.mp4', size=16869597, visible=true, mimeType='video/mp4'}
07-04 23:38:24.870  5223  8781 D SummariserIntentService: /storage/emulated/0/Movies/segment-sum/20200312_195330/20200312_195330!000.mp4
07-04 23:38:25.000  5223  6452 W mobile-ffmpeg: [graph 0 input from stream 0:0 @ 0x7a5881a580] sws_param option is deprecated and ignored
07-04 23:38:26.891  5223  8781 V FfmpegTools: Retrieving duration of /storage/emulated/0/Download/Nearby/20200312_195330!000.mp4
07-04 23:38:26.915  5223  8781 W Summariser: 1 active sections found
07-04 23:38:26.916  5223  8781 I FfmpegTools: Running ffmpeg with:
07-04 23:38:26.916  5223  8781 I FfmpegTools:   -y -i /storage/emulated/0/Download/Nearby/20200312_195330!000.mp4 -filter_complex [0:v]trim=15.014000:16.070000,setpts=PTS-STARTPTS[v0];[0:a]atrim=15.014000:16.070000,asetpts=PTS-STARTPTS[a0];[v0][a0]concat=n=1:v=1:a=1[outv][outa] -map [outv] -map [outa] -crf 23 -preset medium /storage/emulated/0/Movies/segment-sum/20200312_195330/20200312_195330!000.mp4
07-04 23:38:26.981  5223  6452 W mobile-ffmpeg: [graph 0 input from stream 0:0 @ 0x7a5881a4c0] sws_param option is deprecated and ignored
07-04 23:38:29.534  5223  8781 V FfmpegTools: Retrieving duration of /storage/emulated/0/Download/Nearby/20200312_195330!000.mp4
07-04 23:38:29.557  5223  8781 V FfmpegTools: Retrieving duration of /storage/emulated/0/Movies/segment-sum/20200312_195330/20200312_195330!000.mp4
07-04 23:38:29.575  5223  8781 W Summariser: Summarisation completed
07-04 23:38:29.575  5223  8781 W Summariser:   filename: 20200312_195330!000.mp4
07-04 23:38:29.575  5223  8781 W Summariser:   active sections: 1
07-04 23:38:29.575  5223  8781 W Summariser:   time: 04.662s
07-04 23:38:29.575  5223  8781 W Summariser:   original duration: 16.07
07-04 23:38:29.575  5223  8781 W Summariser:   summarised duration: 1.11
07-04 23:38:29.575  5223  8781 W Summariser:   noise tolerance: 45.00
07-04 23:38:29.575  5223  8781 W Summariser:   quality: 23
07-04 23:38:29.575  5223  8781 W Summariser:   speed: medium
07-04 23:38:29.575  5223  8781 W Summariser:   freeze duration: 1.00
07-04 23:38:29.575  5223  8781 V VideoManager: Retrieving video from /storage/emulated/0/Movies/segment-sum/20200312_195330/20200312_195330!000.mp4
07-04 23:38:29.586  5223  8781 V VideoManager: videoFromCursor
07-04 23:38:29.589  5223  8781 W NearbyFragment: Sending 20200312_195330!000.mp4 to Nexus 5X [34d8]
07-04 23:38:29.590  5223  8781 V ProcessingVideosEventHandler: onRemove
07-04 23:38:29.622  5223  5223 V NearbyFragment: Transfer to Endpoint{id=h5xw, name=Nexus 5X [34d8]} complete
07-04 23:38:29.626  5223  5223 V NearbyFragment: Transfer to Endpoint{id=h5xw, name=Nexus 5X [34d8]} complete
07-04 23:38:29.662  5223  6559 D SummariserIntentService: Scanned /storage/emulated/0/Movies/summarised
07-04 23:38:29.662  5223  6559 D SummariserIntentService:   -> uri=content://media/external/file/137797
07-04 23:38:29.663  5223  5223 D NearbyFragment: onPayloadReceived(endpointId=h5xw, payload=com.google.android.gms.nearby.connection.Payload@e5df3d2)
07-04 23:38:29.664  5223  5223 V NearbyFragment: Started downloading SUMMARISE_SEGMENT:-8900764229189575852:20200312_195330!001.mp4:45.0_1.0_23_medium from Endpoint{id=h5xw, name=Nexus 5X [34d8]}
07-04 23:38:29.667  5223  5223 V NearbyFragment: Transfer to Endpoint{id=h5xw, name=Nexus 5X [34d8]} complete
07-04 23:38:29.700  5223  5223 D NearbyFragment: onPayloadReceived(endpointId=h5xw, payload=com.google.android.gms.nearby.connection.Payload@4b6fca3)
07-04 23:38:32.299  5223  5223 V NearbyFragment: Transfer to Endpoint{id=h5xw, name=Nexus 5X [34d8]} complete
07-04 23:38:32.300  5223  5223 W NearbyFragment: Completed downloading 20200312_195330!001.mp4 from Endpoint{id=h5xw, name=Nexus 5X [34d8]} in 02.636s
07-04 23:38:32.307  5223  5223 V FileManager: External storage is readable
07-04 23:38:32.308  5223  5223 V FileManager: Directory already exists: /storage/emulated/0/Movies/segment-sum/20200312_195330
07-04 23:38:32.309  5223  5223 D NearbyFragment: Summarising 20200312_195330!001.mp4
07-04 23:38:32.310  5223  5223 V VideoManager: Retrieving video from /storage/emulated/0/Download/Nearby/20200312_195330!001.mp4
07-04 23:38:32.326  5223  5223 V VideoManager: videoFromCursor
07-04 23:38:32.330  5223  5223 V ProcessingVideosEventHandler: onAdd
07-04 23:38:32.330  5223  5223 V RawFootageEventHandler: onRemove
07-04 23:38:32.337  5223  5223 V NearbyFragment: Transfer to Endpoint{id=h5xw, name=Nexus 5X [34d8]} complete
07-04 23:38:32.359  5223  8844 V SummariserIntentService: onHandleIntent
07-04 23:38:32.360  5223  8844 D SummariserIntentService: Video{id='138026', data='/storage/emulated/0/Download/Nearby/20200312_195330!001.mp4', name='20200312_195330!001.mp4', size=16792709, visible=true, mimeType='video/mp4'}
07-04 23:38:32.361  5223  8844 D SummariserIntentService: /storage/emulated/0/Movies/segment-sum/20200312_195330/20200312_195330!001.mp4
07-04 23:38:32.534  5223  6452 W mobile-ffmpeg: [graph 0 input from stream 0:0 @ 0x7a5881a580] sws_param option is deprecated and ignored
07-04 23:38:34.494  5223  8844 W Summariser: 2 active sections found
07-04 23:38:34.495  5223  8844 I FfmpegTools: Running ffmpeg with:
07-04 23:38:34.495  5223  8844 I FfmpegTools:   -y -i /storage/emulated/0/Download/Nearby/20200312_195330!001.mp4 -filter_complex [0:v]trim=0.000000:7.040000,setpts=PTS-STARTPTS[v0];[0:a]atrim=0.000000:7.040000,asetpts=PTS-STARTPTS[a0];[0:v]trim=8.741000:12.545000,setpts=PTS-STARTPTS[v1];[0:a]atrim=8.741000:12.545000,asetpts=PTS-STARTPTS[a1];[v0][a0][v1][a1]concat=n=2:v=1:a=1[outv][outa] -map [outv] -map [outa] -crf 23 -preset medium /storage/emulated/0/Movies/segment-sum/20200312_195330/20200312_195330!001.mp4
07-04 23:38:34.554  5223  6452 W mobile-ffmpeg: [graph 0 input from stream 0:0 @ 0x7a5881adc0] sws_param option is deprecated and ignored
07-04 23:38:34.554  5223  6452 W mobile-ffmpeg: [graph 0 input from stream 0:0 @ 0x7a5881af40] sws_param option is deprecated and ignored
07-04 23:38:44.933  5223  8844 V FfmpegTools: Retrieving duration of /storage/emulated/0/Download/Nearby/20200312_195330!001.mp4
07-04 23:38:44.970  5223  8844 V FfmpegTools: Retrieving duration of /storage/emulated/0/Movies/segment-sum/20200312_195330/20200312_195330!001.mp4
07-04 23:38:44.989  5223  8844 W Summariser: Summarisation completed
07-04 23:38:44.989  5223  8844 W Summariser:   filename: 20200312_195330!001.mp4
07-04 23:38:44.989  5223  8844 W Summariser:   active sections: 2
07-04 23:38:44.989  5223  8844 W Summariser:   time: 12.571s
07-04 23:38:44.989  5223  8844 W Summariser:   original duration: 16.02
07-04 23:38:44.989  5223  8844 W Summariser:   summarised duration: 10.91
07-04 23:38:44.989  5223  8844 W Summariser:   noise tolerance: 45.00
07-04 23:38:44.989  5223  8844 W Summariser:   quality: 23
07-04 23:38:44.989  5223  8844 W Summariser:   speed: medium
07-04 23:38:44.989  5223  8844 W Summariser:   freeze duration: 1.00
07-04 23:38:44.989  5223  8844 V VideoManager: Retrieving video from /storage/emulated/0/Movies/segment-sum/20200312_195330/20200312_195330!001.mp4
07-04 23:38:45.011  5223  8844 V VideoManager: videoFromCursor
07-04 23:38:45.016  5223  8844 W NearbyFragment: Sending 20200312_195330!001.mp4 to Nexus 5X [34d8]
07-04 23:38:45.017  5223  8844 V ProcessingVideosEventHandler: onRemove
07-04 23:38:45.043  5223  5223 V NearbyFragment: Transfer to Endpoint{id=h5xw, name=Nexus 5X [34d8]} complete
07-04 23:38:45.074  5223  5223 D NearbyFragment: onPayloadReceived(endpointId=h5xw, payload=com.google.android.gms.nearby.connection.Payload@65f8491)
07-04 23:38:45.074  5223  5223 V NearbyFragment: Started downloading SUMMARISE_SEGMENT:-8259994084037772671:20200312_195330!003.mp4:45.0_1.0_23_medium from Endpoint{id=h5xw, name=Nexus 5X [34d8]}
07-04 23:38:45.084  5223  5223 V NearbyFragment: Transfer to Endpoint{id=h5xw, name=Nexus 5X [34d8]} complete
07-04 23:38:45.120  5223  5262 D SummariserIntentService: Scanned /storage/emulated/0/Movies/summarised
07-04 23:38:45.120  5223  5262 D SummariserIntentService:   -> uri=content://media/external/file/137797
07-04 23:38:45.150  5223  5223 D NearbyFragment: onPayloadReceived(endpointId=h5xw, payload=com.google.android.gms.nearby.connection.Payload@a35cff6)
07-04 23:38:45.156  5223  5223 V NearbyFragment: Transfer to Endpoint{id=h5xw, name=Nexus 5X [34d8]} complete
07-04 23:38:47.175  5223  5223 V NearbyFragment: Transfer to Endpoint{id=h5xw, name=Nexus 5X [34d8]} complete
07-04 23:38:47.177  5223  5223 W NearbyFragment: Completed downloading 20200312_195330!003.mp4 from Endpoint{id=h5xw, name=Nexus 5X [34d8]} in 02.101s
07-04 23:38:47.190  5223  5223 V FileManager: External storage is readable
07-04 23:38:47.192  5223  5223 V FileManager: Directory already exists: /storage/emulated/0/Movies/segment-sum/20200312_195330
07-04 23:38:47.193  5223  5223 D NearbyFragment: Summarising 20200312_195330!003.mp4
07-04 23:38:47.194  5223  5223 V VideoManager: Retrieving video from /storage/emulated/0/Download/Nearby/20200312_195330!003.mp4
07-04 23:38:47.220  5223  5223 V VideoManager: videoFromCursor
07-04 23:38:47.227  5223  5223 V ProcessingVideosEventHandler: onAdd
07-04 23:38:47.227  5223  5223 V RawFootageEventHandler: onRemove
07-04 23:38:47.236  5223  5223 V NearbyFragment: Transfer to Endpoint{id=h5xw, name=Nexus 5X [34d8]} complete
07-04 23:38:47.252  5223  8910 V SummariserIntentService: onHandleIntent
07-04 23:38:47.253  5223  8910 D SummariserIntentService: Video{id='138030', data='/storage/emulated/0/Download/Nearby/20200312_195330!003.mp4', name='20200312_195330!003.mp4', size=12639806, visible=true, mimeType='video/mp4'}
07-04 23:38:47.253  5223  8910 D SummariserIntentService: /storage/emulated/0/Movies/segment-sum/20200312_195330/20200312_195330!003.mp4
07-04 23:38:47.439  5223  6452 W mobile-ffmpeg: [graph 0 input from stream 0:0 @ 0x7a5881a580] sws_param option is deprecated and ignored
07-04 23:38:48.874  5223  8910 W Summariser: 1 active sections found
07-04 23:38:48.874  5223  8910 I FfmpegTools: Running ffmpeg with:
07-04 23:38:48.874  5223  8910 I FfmpegTools:   -y -i /storage/emulated/0/Download/Nearby/20200312_195330!003.mp4 -filter_complex [0:v]trim=4.304000:7.773000,setpts=PTS-STARTPTS[v0];[0:a]atrim=4.304000:7.773000,asetpts=PTS-STARTPTS[a0];[v0][a0]concat=n=1:v=1:a=1[outv][outa] -map [outv] -map [outa] -crf 23 -preset medium /storage/emulated/0/Movies/segment-sum/20200312_195330/20200312_195330!003.mp4
07-04 23:38:48.923  5223  6452 W mobile-ffmpeg: [graph 0 input from stream 0:0 @ 0x7a5881a4c0] sws_param option is deprecated and ignored
07-04 23:38:52.512  5223  8910 V FfmpegTools: Retrieving duration of /storage/emulated/0/Download/Nearby/20200312_195330!003.mp4
07-04 23:38:52.536  5223  8910 V FfmpegTools: Retrieving duration of /storage/emulated/0/Movies/segment-sum/20200312_195330/20200312_195330!003.mp4
07-04 23:38:52.554  5223  8910 W Summariser: Summarisation completed
07-04 23:38:52.554  5223  8910 W Summariser:   filename: 20200312_195330!003.mp4
07-04 23:38:52.554  5223  8910 W Summariser:   active sections: 1
07-04 23:38:52.554  5223  8910 W Summariser:   time: 05.257s
07-04 23:38:52.554  5223  8910 W Summariser:   original duration: 12.03
07-04 23:38:52.554  5223  8910 W Summariser:   summarised duration: 3.53
07-04 23:38:52.554  5223  8910 W Summariser:   noise tolerance: 45.00
07-04 23:38:52.554  5223  8910 W Summariser:   quality: 23
07-04 23:38:52.554  5223  8910 W Summariser:   speed: medium
07-04 23:38:52.554  5223  8910 W Summariser:   freeze duration: 1.00
07-04 23:38:52.554  5223  8910 V VideoManager: Retrieving video from /storage/emulated/0/Movies/segment-sum/20200312_195330/20200312_195330!003.mp4
07-04 23:38:52.565  5223  8910 V VideoManager: videoFromCursor
07-04 23:38:52.568  5223  8910 W NearbyFragment: Sending 20200312_195330!003.mp4 to Nexus 5X [34d8]
07-04 23:38:52.569  5223  8910 V ProcessingVideosEventHandler: onRemove
07-04 23:38:52.598  5223  5223 V NearbyFragment: Transfer to Endpoint{id=h5xw, name=Nexus 5X [34d8]} complete
07-04 23:38:52.611  5223  5223 V NearbyFragment: Transfer to Endpoint{id=h5xw, name=Nexus 5X [34d8]} complete
07-04 23:38:52.644  5223  7515 D SummariserIntentService: Scanned /storage/emulated/0/Movies/summarised
07-04 23:38:52.644  5223  7515 D SummariserIntentService:   -> uri=content://media/external/file/137797
07-04 23:38:52.776  5223  5223 D NearbyFragment: onPayloadReceived(endpointId=h5xw, payload=com.google.android.gms.nearby.connection.Payload@bb35485)
07-04 23:38:52.777  5223  5223 V NearbyFragment: Started downloading SUMMARISE_SEGMENT:-9016299168347453264:20200312_195430!001.mp4:45.0_1.0_23_medium from Endpoint{id=h5xw, name=Nexus 5X [34d8]}
07-04 23:38:52.842  5223  5223 V NearbyFragment: Transfer to Endpoint{id=h5xw, name=Nexus 5X [34d8]} complete
07-04 23:38:53.485  5223  5223 D NearbyFragment: onPayloadReceived(endpointId=h5xw, payload=com.google.android.gms.nearby.connection.Payload@2f9b2da)
07-04 23:38:55.302  5223  5223 V NearbyFragment: Transfer to Endpoint{id=h5xw, name=Nexus 5X [34d8]} complete
07-04 23:38:55.303  5223  5223 W NearbyFragment: Completed downloading 20200312_195430!001.mp4 from Endpoint{id=h5xw, name=Nexus 5X [34d8]} in 02.524s
07-04 23:38:55.313  5223  5223 V FileManager: External storage is readable
07-04 23:38:55.323  5223  5223 V FileManager: Created new directory: /storage/emulated/0/Movies/segment-sum/20200312_195430
07-04 23:38:55.324  5223  5223 D NearbyFragment: Summarising 20200312_195430!001.mp4
07-04 23:38:55.325  5223  5223 V VideoManager: Retrieving video from /storage/emulated/0/Download/Nearby/20200312_195430!001.mp4
07-04 23:38:55.353  5223  5223 V VideoManager: videoFromCursor
07-04 23:38:55.358  5223  5223 V ProcessingVideosEventHandler: onAdd
07-04 23:38:55.358  5223  5223 V RawFootageEventHandler: onRemove
07-04 23:38:55.365  5223  5223 V NearbyFragment: Transfer to Endpoint{id=h5xw, name=Nexus 5X [34d8]} complete
07-04 23:38:55.381  5223  8977 V SummariserIntentService: onHandleIntent
07-04 23:38:55.383  5223  8977 D SummariserIntentService: Video{id='138035', data='/storage/emulated/0/Download/Nearby/20200312_195430!001.mp4', name='20200312_195430!001.mp4', size=16869259, visible=true, mimeType='video/mp4'}
07-04 23:38:55.383  5223  8977 D SummariserIntentService: /storage/emulated/0/Movies/segment-sum/20200312_195430/20200312_195430!001.mp4
07-04 23:38:55.577  5223  6452 W mobile-ffmpeg: [graph 0 input from stream 0:0 @ 0x7a5881a580] sws_param option is deprecated and ignored
07-04 23:38:57.439  5223  8977 V FfmpegTools: Retrieving duration of /storage/emulated/0/Download/Nearby/20200312_195430!001.mp4
07-04 23:38:57.476  5223  8977 W Summariser: 2 active sections found
07-04 23:38:57.476  5223  8977 I FfmpegTools: Running ffmpeg with:
07-04 23:38:57.476  5223  8977 I FfmpegTools:   -y -i /storage/emulated/0/Download/Nearby/20200312_195430!001.mp4 -filter_complex [0:v]trim=3.436000:7.340000,setpts=PTS-STARTPTS[v0];[0:a]atrim=3.436000:7.340000,asetpts=PTS-STARTPTS[a0];[0:v]trim=14.079000:16.010000,setpts=PTS-STARTPTS[v1];[0:a]atrim=14.079000:16.010000,asetpts=PTS-STARTPTS[a1];[v0][a0][v1][a1]concat=n=2:v=1:a=1[outv][outa] -map [outv] -map [outa] -crf 23 -preset medium /storage/emulated/0/Movies/segment-sum/20200312_195430/20200312_195430!001.mp4
07-04 23:38:57.521  5223  5249 W System  : A resource failed to call close. 
07-04 23:38:57.535  5223  5249 I chatty  : uid=10568(com.example.edgesum) FinalizerDaemon identical 17 lines
07-04 23:38:57.536  5223  5249 W System  : A resource failed to call close. 
07-04 23:38:57.537  5223  6452 W mobile-ffmpeg: [graph 0 input from stream 0:0 @ 0x7a5881a580] sws_param option is deprecated and ignored
07-04 23:38:57.537  5223  6452 W mobile-ffmpeg: [graph 0 input from stream 0:0 @ 0x7a5881af40] sws_param option is deprecated and ignored
07-04 23:38:57.537  5223  5249 W System  : A resource failed to call close. 
07-04 23:38:57.560  5223  5249 I chatty  : uid=10568(com.example.edgesum) FinalizerDaemon identical 44 lines
07-04 23:38:57.560  5223  5249 W System  : A resource failed to call close. 
07-04 23:39:03.435  5223  8977 V FfmpegTools: Retrieving duration of /storage/emulated/0/Download/Nearby/20200312_195430!001.mp4
07-04 23:39:03.471  5223  8977 V FfmpegTools: Retrieving duration of /storage/emulated/0/Movies/segment-sum/20200312_195430/20200312_195430!001.mp4
07-04 23:39:03.488  5223  8977 W Summariser: Summarisation completed
07-04 23:39:03.488  5223  8977 W Summariser:   filename: 20200312_195430!001.mp4
07-04 23:39:03.488  5223  8977 W Summariser:   active sections: 2
07-04 23:39:03.488  5223  8977 W Summariser:   time: 08.051s
07-04 23:39:03.488  5223  8977 W Summariser:   original duration: 16.01
07-04 23:39:03.488  5223  8977 W Summariser:   summarised duration: 5.90
07-04 23:39:03.488  5223  8977 W Summariser:   noise tolerance: 45.00
07-04 23:39:03.488  5223  8977 W Summariser:   quality: 23
07-04 23:39:03.488  5223  8977 W Summariser:   speed: medium
07-04 23:39:03.488  5223  8977 W Summariser:   freeze duration: 1.00
07-04 23:39:03.488  5223  8977 V VideoManager: Retrieving video from /storage/emulated/0/Movies/segment-sum/20200312_195430/20200312_195430!001.mp4
07-04 23:39:03.514  5223  8977 V VideoManager: videoFromCursor
07-04 23:39:03.520  5223  8977 W NearbyFragment: Sending 20200312_195430!001.mp4 to Nexus 5X [34d8]
07-04 23:39:03.521  5223  8977 V ProcessingVideosEventHandler: onRemove
07-04 23:39:03.550  5223  5223 V NearbyFragment: Transfer to Endpoint{id=h5xw, name=Nexus 5X [34d8]} complete
07-04 23:39:03.605  5223  5223 V NearbyFragment: Transfer to Endpoint{id=h5xw, name=Nexus 5X [34d8]} complete
07-04 23:39:03.619  5223  7515 D SummariserIntentService: Scanned /storage/emulated/0/Movies/summarised
07-04 23:39:03.619  5223  7515 D SummariserIntentService:   -> uri=content://media/external/file/137797
07-04 23:39:03.729  5223  5223 D NearbyFragment: onPayloadReceived(endpointId=h5xw, payload=com.google.android.gms.nearby.connection.Payload@557e239)
07-04 23:39:03.730  5223  5223 V NearbyFragment: Started downloading SUMMARISE_SEGMENT:-6862178260701988072:20200312_195430!002.mp4:45.0_1.0_23_medium from Endpoint{id=h5xw, name=Nexus 5X [34d8]}
07-04 23:39:03.733  5223  5223 V NearbyFragment: Transfer to Endpoint{id=h5xw, name=Nexus 5X [34d8]} complete
07-04 23:39:03.756  5223  5223 D NearbyFragment: onPayloadReceived(endpointId=h5xw, payload=com.google.android.gms.nearby.connection.Payload@e6ee07e)
07-04 23:39:05.484  5223  5223 V NearbyFragment: Transfer to Endpoint{id=h5xw, name=Nexus 5X [34d8]} complete
07-04 23:39:05.486  5223  5223 W NearbyFragment: Completed downloading 20200312_195430!002.mp4 from Endpoint{id=h5xw, name=Nexus 5X [34d8]} in 01.753s
07-04 23:39:05.500  5223  5223 V FileManager: External storage is readable
07-04 23:39:05.502  5223  5223 V FileManager: Directory already exists: /storage/emulated/0/Movies/segment-sum/20200312_195430
07-04 23:39:05.503  5223  5223 D NearbyFragment: Summarising 20200312_195430!002.mp4
07-04 23:39:05.504  5223  5223 V VideoManager: Retrieving video from /storage/emulated/0/Download/Nearby/20200312_195430!002.mp4
07-04 23:39:05.536  5223  5223 V VideoManager: videoFromCursor
07-04 23:39:05.544  5223  5223 V ProcessingVideosEventHandler: onAdd
07-04 23:39:05.545  5223  5223 V RawFootageEventHandler: onRemove
07-04 23:39:05.557  5223  5223 V NearbyFragment: Transfer to Endpoint{id=h5xw, name=Nexus 5X [34d8]} complete
07-04 23:39:05.590  5223  9091 V SummariserIntentService: onHandleIntent
07-04 23:39:05.596  5223  9091 D SummariserIntentService: Video{id='138037', data='/storage/emulated/0/Download/Nearby/20200312_195430!002.mp4', name='20200312_195430!002.mp4', size=16840890, visible=true, mimeType='video/mp4'}
07-04 23:39:05.597  5223  9091 D SummariserIntentService: /storage/emulated/0/Movies/segment-sum/20200312_195430/20200312_195430!002.mp4
07-04 23:39:05.763  5223  6452 W mobile-ffmpeg: [graph 0 input from stream 0:0 @ 0x7a5881a580] sws_param option is deprecated and ignored
07-04 23:39:07.693  5223  9091 W Summariser: 2 active sections found
07-04 23:39:07.693  5223  9091 I FfmpegTools: Running ffmpeg with:
07-04 23:39:07.693  5223  9091 I FfmpegTools:   -y -i /storage/emulated/0/Download/Nearby/20200312_195430!002.mp4 -filter_complex [0:v]trim=0.000000:2.235000,setpts=PTS-STARTPTS[v0];[0:a]atrim=0.000000:2.235000,asetpts=PTS-STARTPTS[a0];[0:v]trim=6.773000:10.643000,setpts=PTS-STARTPTS[v1];[0:a]atrim=6.773000:10.643000,asetpts=PTS-STARTPTS[a1];[v0][a0][v1][a1]concat=n=2:v=1:a=1[outv][outa] -map [outv] -map [outa] -crf 23 -preset medium /storage/emulated/0/Movies/segment-sum/20200312_195430/20200312_195430!002.mp4
07-04 23:39:07.751  5223  6452 W mobile-ffmpeg: [graph 0 input from stream 0:0 @ 0x7a5881adc0] sws_param option is deprecated and ignored
