07-04 23:35:41.498  5223  7873 I FfmpegTools:   -y -i /storage/emulated/0/Download/Nearby/20200312_194129!001.mp4 -filter_complex [0:v]trim=13.112000:16.020000,setpts=PTS-STARTPTS[v0];[0:a]atrim=13.112000:16.020000,asetpts=PTS-STARTPTS[a0];[v0][a0]concat=n=1:v=1:a=1[outv][outa] -map [outv] -map [outa] -crf 23 -preset medium /storage/emulated/0/Movies/segment-sum/20200312_194129/20200312_194129!001.mp4
07-04 23:35:41.560  5223  6452 W mobile-ffmpeg: [graph 0 input from stream 0:0 @ 0x7a5881ae80] sws_param option is deprecated and ignored
07-04 23:35:45.701  5223  7873 V FfmpegTools: Retrieving duration of /storage/emulated/0/Download/Nearby/20200312_194129!001.mp4
07-04 23:35:45.739  5223  7873 V FfmpegTools: Retrieving duration of /storage/emulated/0/Movies/segment-sum/20200312_194129/20200312_194129!001.mp4
07-04 23:35:45.757  5223  7873 W Summariser: Summarisation completed
07-04 23:35:45.757  5223  7873 W Summariser:   filename: 20200312_194129!001.mp4
07-04 23:35:45.757  5223  7873 W Summariser:   active sections: 1
07-04 23:35:45.757  5223  7873 W Summariser:   time: 06.267s
07-04 23:35:45.757  5223  7873 W Summariser:   original duration: 16.02
07-04 23:35:45.757  5223  7873 W Summariser:   summarised duration: 2.97
07-04 23:35:45.757  5223  7873 W Summariser:   noise tolerance: 45.00
07-04 23:35:45.757  5223  7873 W Summariser:   quality: 23
07-04 23:35:45.757  5223  7873 W Summariser:   speed: medium
07-04 23:35:45.757  5223  7873 W Summariser:   freeze duration: 1.00
07-04 23:35:45.757  5223  7873 V VideoManager: Retrieving video from /storage/emulated/0/Movies/segment-sum/20200312_194129/20200312_194129!001.mp4
07-04 23:35:45.783  5223  7873 V VideoManager: videoFromCursor
07-04 23:35:45.789  5223  7873 W NearbyFragment: Sending 20200312_194129!001.mp4 to Nexus 5X [34d8]
07-04 23:35:45.790  5223  7873 V ProcessingVideosEventHandler: onRemove
07-04 23:35:45.827  5223  5223 V NearbyFragment: Transfer to Endpoint{id=h5xw, name=Nexus 5X [34d8]} complete
07-04 23:35:45.854  5223  5223 D NearbyFragment: onPayloadReceived(endpointId=h5xw, payload=com.google.android.gms.nearby.connection.Payload@5e00871)
07-04 23:35:45.855  5223  5223 V NearbyFragment: Started downloading SUMMARISE_SEGMENT:-8960628908956568383:20200312_194129!002.mp4:45.0_1.0_23_medium from Endpoint{id=h5xw, name=Nexus 5X [34d8]}
07-04 23:35:45.862  5223  5223 V NearbyFragment: Transfer to Endpoint{id=h5xw, name=Nexus 5X [34d8]} complete
07-04 23:35:45.864  5223  5223 V NearbyFragment: Transfer to Endpoint{id=h5xw, name=Nexus 5X [34d8]} complete
07-04 23:35:45.892  5223  6559 D SummariserIntentService: Scanned /storage/emulated/0/Movies/summarised
07-04 23:35:45.892  5223  6559 D SummariserIntentService:   -> uri=content://media/external/file/137797
07-04 23:35:45.949  5223  5223 D NearbyFragment: onPayloadReceived(endpointId=h5xw, payload=com.google.android.gms.nearby.connection.Payload@b5c3656)
07-04 23:35:48.633  5223  5223 V NearbyFragment: Transfer to Endpoint{id=h5xw, name=Nexus 5X [34d8]} complete
07-04 23:35:48.635  5223  5223 W NearbyFragment: Completed downloading 20200312_194129!002.mp4 from Endpoint{id=h5xw, name=Nexus 5X [34d8]} in 02.778s
07-04 23:35:48.650  5223  5223 V FileManager: External storage is readable
07-04 23:35:48.651  5223  5223 V FileManager: Directory already exists: /storage/emulated/0/Movies/segment-sum/20200312_194129
07-04 23:35:48.653  5223  5223 D NearbyFragment: Summarising 20200312_194129!002.mp4
07-04 23:35:48.654  5223  5223 V VideoManager: Retrieving video from /storage/emulated/0/Download/Nearby/20200312_194129!002.mp4
07-04 23:35:48.680  5223  5223 V VideoManager: videoFromCursor
07-04 23:35:48.687  5223  5223 V ProcessingVideosEventHandler: onAdd
07-04 23:35:48.688  5223  5223 V RawFootageEventHandler: onRemove
07-04 23:35:48.698  5223  5223 V NearbyFragment: Transfer to Endpoint{id=h5xw, name=Nexus 5X [34d8]} complete
07-04 23:35:48.717  5223  7941 V SummariserIntentService: onHandleIntent
07-04 23:35:48.719  5223  7941 D SummariserIntentService: Video{id='138055', data='/storage/emulated/0/Download/Nearby/20200312_194129!002.mp4', name='20200312_194129!002.mp4', size=16799769, visible=true, mimeType='video/mp4'}
07-04 23:35:48.719  5223  7941 D SummariserIntentService: /storage/emulated/0/Movies/segment-sum/20200312_194129/20200312_194129!002.mp4
07-04 23:35:48.918  5223  6452 W mobile-ffmpeg: [graph 0 input from stream 0:0 @ 0x7a5881af40] sws_param option is deprecated and ignored
07-04 23:35:50.780  5223  7941 W Summariser: 1 active sections found
07-04 23:35:50.780  5223  7941 I FfmpegTools: Running ffmpeg with:
07-04 23:35:50.780  5223  7941 I FfmpegTools:   -y -i /storage/emulated/0/Download/Nearby/20200312_194129!002.mp4 -filter_complex [0:v]trim=0.000000:7.339000,setpts=PTS-STARTPTS[v0];[0:a]atrim=0.000000:7.339000,asetpts=PTS-STARTPTS[a0];[v0][a0]concat=n=1:v=1:a=1[outv][outa] -map [outv] -map [outa] -crf 23 -preset medium /storage/emulated/0/Movies/segment-sum/20200312_194129/20200312_194129!002.mp4
07-04 23:35:50.844  5223  6452 W mobile-ffmpeg: [graph 0 input from stream 0:0 @ 0x7a5881ae80] sws_param option is deprecated and ignored
07-04 23:35:57.656  5223  7941 V FfmpegTools: Retrieving duration of /storage/emulated/0/Download/Nearby/20200312_194129!002.mp4
07-04 23:35:57.695  5223  7941 V FfmpegTools: Retrieving duration of /storage/emulated/0/Movies/segment-sum/20200312_194129/20200312_194129!002.mp4
07-04 23:35:57.713  5223  7941 W Summariser: Summarisation completed
07-04 23:35:57.713  5223  7941 W Summariser:   filename: 20200312_194129!002.mp4
07-04 23:35:57.713  5223  7941 W Summariser:   active sections: 1
07-04 23:35:57.713  5223  7941 W Summariser:   time: 08.935s
07-04 23:35:57.713  5223  7941 W Summariser:   original duration: 16.01
07-04 23:35:57.713  5223  7941 W Summariser:   summarised duration: 7.37
07-04 23:35:57.713  5223  7941 W Summariser:   noise tolerance: 45.00
07-04 23:35:57.713  5223  7941 W Summariser:   quality: 23
07-04 23:35:57.713  5223  7941 W Summariser:   speed: medium
07-04 23:35:57.713  5223  7941 W Summariser:   freeze duration: 1.00
07-04 23:35:57.713  5223  7941 V VideoManager: Retrieving video from /storage/emulated/0/Movies/segment-sum/20200312_194129/20200312_194129!002.mp4
07-04 23:35:57.736  5223  7941 V VideoManager: videoFromCursor
07-04 23:35:57.741  5223  7941 W NearbyFragment: Sending 20200312_194129!002.mp4 to Nexus 5X [34d8]
07-04 23:35:57.742  5223  7941 V ProcessingVideosEventHandler: onRemove
07-04 23:35:57.775  5223  5223 V NearbyFragment: Transfer to Endpoint{id=h5xw, name=Nexus 5X [34d8]} complete
07-04 23:35:57.821  5223  5223 D NearbyFragment: onPayloadReceived(endpointId=h5xw, payload=com.google.android.gms.nearby.connection.Payload@1a69265)
07-04 23:35:57.822  5223  5223 V NearbyFragment: Started downloading SUMMARISE_SEGMENT:-6997808560809014926:20200312_194229!000.mp4:45.0_1.0_23_medium from Endpoint{id=h5xw, name=Nexus 5X [34d8]}
07-04 23:35:57.842  5223  5223 V NearbyFragment: Transfer to Endpoint{id=h5xw, name=Nexus 5X [34d8]} complete
07-04 23:35:57.843  5223  5223 V NearbyFragment: Transfer to Endpoint{id=h5xw, name=Nexus 5X [34d8]} complete
07-04 23:35:57.856  5223  7515 D SummariserIntentService: Scanned /storage/emulated/0/Movies/summarised
07-04 23:35:57.856  5223  7515 D SummariserIntentService:   -> uri=content://media/external/file/137797
07-04 23:35:58.655  5223  5223 D NearbyFragment: onPayloadReceived(endpointId=h5xw, payload=com.google.android.gms.nearby.connection.Payload@3a54b3a)
07-04 23:36:01.648  5223  5223 V NearbyFragment: Transfer to Endpoint{id=h5xw, name=Nexus 5X [34d8]} complete
07-04 23:36:01.650  5223  5223 W NearbyFragment: Completed downloading 20200312_194229!000.mp4 from Endpoint{id=h5xw, name=Nexus 5X [34d8]} in 03.825s
07-04 23:36:01.660  5223  5223 V FileManager: External storage is readable
07-04 23:36:01.665  5223  5223 V FileManager: Created new directory: /storage/emulated/0/Movies/segment-sum/20200312_194229
07-04 23:36:01.666  5223  5223 D NearbyFragment: Summarising 20200312_194229!000.mp4
07-04 23:36:01.667  5223  5223 V VideoManager: Retrieving video from /storage/emulated/0/Download/Nearby/20200312_194229!000.mp4
07-04 23:36:01.691  5223  5223 V VideoManager: videoFromCursor
07-04 23:36:01.697  5223  5223 V ProcessingVideosEventHandler: onAdd
07-04 23:36:01.698  5223  5223 V RawFootageEventHandler: onRemove
07-04 23:36:01.708  5223  5223 V NearbyFragment: Transfer to Endpoint{id=h5xw, name=Nexus 5X [34d8]} complete
07-04 23:36:01.726  5223  8008 V SummariserIntentService: onHandleIntent
07-04 23:36:01.730  5223  8008 D SummariserIntentService: Video{id='137994', data='/storage/emulated/0/Download/Nearby/20200312_194229!000.mp4', name='20200312_194229!000.mp4', size=16971954, visible=true, mimeType='video/mp4'}
07-04 23:36:01.730  5223  8008 D SummariserIntentService: /storage/emulated/0/Movies/segment-sum/20200312_194229/20200312_194229!000.mp4
07-04 23:36:01.933  5223  6452 W mobile-ffmpeg: [graph 0 input from stream 0:0 @ 0x7a5881af40] sws_param option is deprecated and ignored
07-04 23:36:03.872  5223  8008 V FfmpegTools: Retrieving duration of /storage/emulated/0/Download/Nearby/20200312_194229!000.mp4
07-04 23:36:03.899  5223  8008 W Summariser: 1 active sections found
07-04 23:36:03.899  5223  8008 I FfmpegTools: Running ffmpeg with:
07-04 23:36:03.899  5223  8008 I FfmpegTools:   -y -i /storage/emulated/0/Download/Nearby/20200312_194229!000.mp4 -filter_complex [0:v]trim=10.509000:16.060000,setpts=PTS-STARTPTS[v0];[0:a]atrim=10.509000:16.060000,asetpts=PTS-STARTPTS[a0];[v0][a0]concat=n=1:v=1:a=1[outv][outa] -map [outv] -map [outa] -crf 23 -preset medium /storage/emulated/0/Movies/segment-sum/20200312_194229/20200312_194229!000.mp4
07-04 23:36:03.948  5223  6452 W mobile-ffmpeg: [graph 0 input from stream 0:0 @ 0x7a5881ae80] sws_param option is deprecated and ignored
07-04 23:36:10.325  5223  8008 V FfmpegTools: Retrieving duration of /storage/emulated/0/Download/Nearby/20200312_194229!000.mp4
07-04 23:36:10.350  5223  8008 V FfmpegTools: Retrieving duration of /storage/emulated/0/Movies/segment-sum/20200312_194229/20200312_194229!000.mp4
07-04 23:36:10.368  5223  8008 W Summariser: Summarisation completed
07-04 23:36:10.368  5223  8008 W Summariser:   filename: 20200312_194229!000.mp4
07-04 23:36:10.368  5223  8008 W Summariser:   active sections: 1
07-04 23:36:10.368  5223  8008 W Summariser:   time: 08.594s
07-04 23:36:10.368  5223  8008 W Summariser:   original duration: 16.06
07-04 23:36:10.368  5223  8008 W Summariser:   summarised duration: 5.62
07-04 23:36:10.368  5223  8008 W Summariser:   noise tolerance: 45.00
07-04 23:36:10.368  5223  8008 W Summariser:   quality: 23
07-04 23:36:10.368  5223  8008 W Summariser:   speed: medium
07-04 23:36:10.368  5223  8008 W Summariser:   freeze duration: 1.00
07-04 23:36:10.368  5223  8008 V VideoManager: Retrieving video from /storage/emulated/0/Movies/segment-sum/20200312_194229/20200312_194229!000.mp4
07-04 23:36:10.392  5223  8008 V VideoManager: videoFromCursor
07-04 23:36:10.399  5223  8008 W NearbyFragment: Sending 20200312_194229!000.mp4 to Nexus 5X [34d8]
07-04 23:36:10.400  5223  8008 V ProcessingVideosEventHandler: onRemove
07-04 23:36:10.425  5223  5223 V NearbyFragment: Transfer to Endpoint{id=h5xw, name=Nexus 5X [34d8]} complete
07-04 23:36:10.476  5223  5223 V NearbyFragment: Transfer to Endpoint{id=h5xw, name=Nexus 5X [34d8]} complete
07-04 23:36:10.484  5223  5223 D NearbyFragment: onPayloadReceived(endpointId=h5xw, payload=com.google.android.gms.nearby.connection.Payload@6470560)
07-04 23:36:10.485  5223  5223 V NearbyFragment: Started downloading SUMMARISE_SEGMENT:-8873253180836764928:20200312_194229!002.mp4:45.0_1.0_23_medium from Endpoint{id=h5xw, name=Nexus 5X [34d8]}
07-04 23:36:10.498  5223  6253 D SummariserIntentService: Scanned /storage/emulated/0/Movies/summarised
07-04 23:36:10.498  5223  6253 D SummariserIntentService:   -> uri=content://media/external/file/137797
07-04 23:36:10.557  5223  5223 D NearbyFragment: onPayloadReceived(endpointId=h5xw, payload=com.google.android.gms.nearby.connection.Payload@820ba19)
07-04 23:36:10.581  5223  5223 V NearbyFragment: Transfer to Endpoint{id=h5xw, name=Nexus 5X [34d8]} complete
07-04 23:36:13.073  5223  5223 V NearbyFragment: Transfer to Endpoint{id=h5xw, name=Nexus 5X [34d8]} complete
07-04 23:36:13.073  5223  5223 W NearbyFragment: Completed downloading 20200312_194229!002.mp4 from Endpoint{id=h5xw, name=Nexus 5X [34d8]} in 02.588s
07-04 23:36:13.079  5223  5223 V FileManager: External storage is readable
07-04 23:36:13.079  5223  5223 V FileManager: Directory already exists: /storage/emulated/0/Movies/segment-sum/20200312_194229
07-04 23:36:13.080  5223  5223 D NearbyFragment: Summarising 20200312_194229!002.mp4
07-04 23:36:13.080  5223  5223 V VideoManager: Retrieving video from /storage/emulated/0/Download/Nearby/20200312_194229!002.mp4
07-04 23:36:13.110  5223  5223 V VideoManager: videoFromCursor
07-04 23:36:13.124  5223  5223 V ProcessingVideosEventHandler: onAdd
07-04 23:36:13.126  5223  5223 V RawFootageEventHandler: onRemove
07-04 23:36:13.143  5223  5223 V NearbyFragment: Transfer to Endpoint{id=h5xw, name=Nexus 5X [34d8]} complete
07-04 23:36:13.164  5223  8083 V SummariserIntentService: onHandleIntent
07-04 23:36:13.165  5223  8083 D SummariserIntentService: Video{id='138057', data='/storage/emulated/0/Download/Nearby/20200312_194229!002.mp4', name='20200312_194229!002.mp4', size=16848151, visible=true, mimeType='video/mp4'}
07-04 23:36:13.166  5223  8083 D SummariserIntentService: /storage/emulated/0/Movies/segment-sum/20200312_194229/20200312_194229!002.mp4
07-04 23:36:13.358  5223  6452 W mobile-ffmpeg: [graph 0 input from stream 0:0 @ 0x7a5881af40] sws_param option is deprecated and ignored
07-04 23:36:15.295  5223  8083 W Summariser: No activity detected
07-04 23:36:15.296  5223  8083 V FfmpegTools: Retrieving duration of /storage/emulated/0/Download/Nearby/20200312_194229!002.mp4
07-04 23:36:15.332  5223  8083 W Summariser: Summarisation completed
07-04 23:36:15.332  5223  8083 W Summariser:   filename: 20200312_194229!002.mp4
07-04 23:36:15.332  5223  8083 W Summariser:   active sections: 0
07-04 23:36:15.332  5223  8083 W Summariser:   time: 02.129s
07-04 23:36:15.332  5223  8083 W Summariser:   original duration: 16.01
07-04 23:36:15.332  5223  8083 W Summariser:   summarised duration: -1.00
07-04 23:36:15.332  5223  8083 W Summariser:   noise tolerance: 45.00
07-04 23:36:15.332  5223  8083 W Summariser:   quality: 23
07-04 23:36:15.332  5223  8083 W Summariser:   speed: medium
07-04 23:36:15.332  5223  8083 W Summariser:   freeze duration: 1.00
07-04 23:36:15.333  5223  8083 V ProcessingVideosEventHandler: onRemove
07-04 23:36:15.342  5223  5223 V NearbyFragment: Transfer to Endpoint{id=h5xw, name=Nexus 5X [34d8]} complete
07-04 23:36:15.386  5223  5223 D NearbyFragment: onPayloadReceived(endpointId=h5xw, payload=com.google.android.gms.nearby.connection.Payload@75597b6)
07-04 23:36:15.386  5223  5223 V NearbyFragment: Started downloading SUMMARISE_SEGMENT:-6903880882637853124:20200312_194229!003.mp4:45.0_1.0_23_medium from Endpoint{id=h5xw, name=Nexus 5X [34d8]}
07-04 23:36:15.395  5223  5254 D SummariserIntentService: Scanned /storage/emulated/0/Movies/summarised
07-04 23:36:15.395  5223  5254 D SummariserIntentService:   -> uri=content://media/external/file/137797
07-04 23:36:15.424  5223  5223 D NearbyFragment: onPayloadReceived(endpointId=h5xw, payload=com.google.android.gms.nearby.connection.Payload@6f3cb7)
07-04 23:36:15.426  5223  5223 V NearbyFragment: Transfer to Endpoint{id=h5xw, name=Nexus 5X [34d8]} complete
07-04 23:36:17.409  5223  5223 V NearbyFragment: Transfer to Endpoint{id=h5xw, name=Nexus 5X [34d8]} complete
07-04 23:36:17.410  5223  5223 W NearbyFragment: Completed downloading 20200312_194229!003.mp4 from Endpoint{id=h5xw, name=Nexus 5X [34d8]} in 02.022s
07-04 23:36:17.419  5223  5223 V FileManager: External storage is readable
07-04 23:36:17.420  5223  5223 V FileManager: Directory already exists: /storage/emulated/0/Movies/segment-sum/20200312_194229
07-04 23:36:17.421  5223  5223 D NearbyFragment: Summarising 20200312_194229!003.mp4
07-04 23:36:17.422  5223  5223 V VideoManager: Retrieving video from /storage/emulated/0/Download/Nearby/20200312_194229!003.mp4
07-04 23:36:17.444  5223  5223 V VideoManager: videoFromCursor
07-04 23:36:17.450  5223  5223 V ProcessingVideosEventHandler: onAdd
07-04 23:36:17.451  5223  5223 V RawFootageEventHandler: onRemove
07-04 23:36:17.459  5223  5223 V NearbyFragment: Transfer to Endpoint{id=h5xw, name=Nexus 5X [34d8]} complete
07-04 23:36:17.478  5223  8110 V SummariserIntentService: onHandleIntent
07-04 23:36:17.479  5223  8110 D SummariserIntentService: Video{id='137999', data='/storage/emulated/0/Download/Nearby/20200312_194229!003.mp4', name='20200312_194229!003.mp4', size=12720702, visible=true, mimeType='video/mp4'}
07-04 23:36:17.480  5223  8110 D SummariserIntentService: /storage/emulated/0/Movies/segment-sum/20200312_194229/20200312_194229!003.mp4
07-04 23:36:17.614  5223  5249 W System  : A resource failed to call close. 
07-04 23:36:17.619  5223  5249 I chatty  : uid=10568(com.example.edgesum) FinalizerDaemon identical 8 lines
07-04 23:36:17.619  5223  5249 W System  : A resource failed to call close. 
07-04 23:36:17.620  5223  6452 W mobile-ffmpeg: [graph 0 input from stream 0:0 @ 0x7a5881af40] sws_param option is deprecated and ignored
07-04 23:36:17.620  5223  5249 W System  : A resource failed to call close. 
07-04 23:36:17.656  5223  5249 I chatty  : uid=10568(com.example.edgesum) FinalizerDaemon identical 53 lines
07-04 23:36:17.656  5223  5249 W System  : A resource failed to call close. 
07-04 23:36:19.072  5223  8110 W Summariser: No activity detected
07-04 23:36:19.072  5223  8110 V FfmpegTools: Retrieving duration of /storage/emulated/0/Download/Nearby/20200312_194229!003.mp4
07-04 23:36:19.097  5223  8110 W Summariser: Summarisation completed
07-04 23:36:19.097  5223  8110 W Summariser:   filename: 20200312_194229!003.mp4
07-04 23:36:19.097  5223  8110 W Summariser:   active sections: 0
07-04 23:36:19.097  5223  8110 W Summariser:   time: 01.591s
07-04 23:36:19.097  5223  8110 W Summariser:   original duration: 11.98
07-04 23:36:19.097  5223  8110 W Summariser:   summarised duration: -1.00
07-04 23:36:19.097  5223  8110 W Summariser:   noise tolerance: 45.00
07-04 23:36:19.097  5223  8110 W Summariser:   quality: 23
07-04 23:36:19.097  5223  8110 W Summariser:   speed: medium
07-04 23:36:19.097  5223  8110 W Summariser:   freeze duration: 1.00
07-04 23:36:19.097  5223  8110 V ProcessingVideosEventHandler: onRemove
07-04 23:36:19.108  5223  5223 V NearbyFragment: Transfer to Endpoint{id=h5xw, name=Nexus 5X [34d8]} complete
07-04 23:36:19.167  5223  7515 D SummariserIntentService: Scanned /storage/emulated/0/Movies/summarised
07-04 23:36:19.167  5223  7515 D SummariserIntentService:   -> uri=content://media/external/file/137797
07-04 23:36:22.313  5223  5223 D NearbyFragment: onPayloadReceived(endpointId=h5xw, payload=com.google.android.gms.nearby.connection.Payload@d457bbc)
07-04 23:36:22.316  5223  5223 V NearbyFragment: Started downloading SUMMARISE_SEGMENT:-6402382964481284610:20200312_194330!000.mp4:45.0_1.0_23_medium from Endpoint{id=h5xw, name=Nexus 5X [34d8]}
07-04 23:36:22.319  5223  5223 V NearbyFragment: Transfer to Endpoint{id=h5xw, name=Nexus 5X [34d8]} complete
07-04 23:36:22.352  5223  5223 D NearbyFragment: onPayloadReceived(endpointId=h5xw, payload=com.google.android.gms.nearby.connection.Payload@1b12745)
07-04 23:36:24.218  5223  5223 V NearbyFragment: Transfer to Endpoint{id=h5xw, name=Nexus 5X [34d8]} complete
07-04 23:36:24.219  5223  5223 W NearbyFragment: Completed downloading 20200312_194330!000.mp4 from Endpoint{id=h5xw, name=Nexus 5X [34d8]} in 01.901s
07-04 23:36:24.226  5223  5223 V FileManager: External storage is readable
07-04 23:36:24.230  5223  5223 V FileManager: Created new directory: /storage/emulated/0/Movies/segment-sum/20200312_194330
07-04 23:36:24.231  5223  5223 D NearbyFragment: Summarising 20200312_194330!000.mp4
07-04 23:36:24.231  5223  5223 V VideoManager: Retrieving video from /storage/emulated/0/Download/Nearby/20200312_194330!000.mp4
07-04 23:36:24.253  5223  5223 V VideoManager: videoFromCursor
07-04 23:36:24.259  5223  5223 V ProcessingVideosEventHandler: onAdd
07-04 23:36:24.259  5223  5223 V RawFootageEventHandler: onRemove
07-04 23:36:24.267  5223  5223 V NearbyFragment: Transfer to Endpoint{id=h5xw, name=Nexus 5X [34d8]} complete
07-04 23:36:24.283  5223  8141 V SummariserIntentService: onHandleIntent
07-04 23:36:24.284  5223  8141 D SummariserIntentService: Video{id='138000', data='/storage/emulated/0/Download/Nearby/20200312_194330!000.mp4', name='20200312_194330!000.mp4', size=16853664, visible=true, mimeType='video/mp4'}
07-04 23:36:24.284  5223  8141 D SummariserIntentService: /storage/emulated/0/Movies/segment-sum/20200312_194330/20200312_194330!000.mp4
07-04 23:36:24.410  5223  6452 W mobile-ffmpeg: [graph 0 input from stream 0:0 @ 0x7a5881adc0] sws_param option is deprecated and ignored
07-04 23:36:26.360  5223  8141 W Summariser: No activity detected
07-04 23:36:26.361  5223  8141 V FfmpegTools: Retrieving duration of /storage/emulated/0/Download/Nearby/20200312_194330!000.mp4
07-04 23:36:26.385  5223  8141 W Summariser: Summarisation completed
07-04 23:36:26.385  5223  8141 W Summariser:   filename: 20200312_194330!000.mp4
07-04 23:36:26.385  5223  8141 W Summariser:   active sections: 0
07-04 23:36:26.385  5223  8141 W Summariser:   time: 02.075s
07-04 23:36:26.385  5223  8141 W Summariser:   original duration: 16.07
07-04 23:36:26.385  5223  8141 W Summariser:   summarised duration: -1.00
07-04 23:36:26.385  5223  8141 W Summariser:   noise tolerance: 45.00
07-04 23:36:26.385  5223  8141 W Summariser:   quality: 23
07-04 23:36:26.385  5223  8141 W Summariser:   speed: medium
07-04 23:36:26.385  5223  8141 W Summariser:   freeze duration: 1.00
07-04 23:36:26.386  5223  8141 V ProcessingVideosEventHandler: onRemove
07-04 23:36:26.406  5223  5223 V NearbyFragment: Transfer to Endpoint{id=h5xw, name=Nexus 5X [34d8]} complete
07-04 23:36:26.450  5223  5223 D NearbyFragment: onPayloadReceived(endpointId=h5xw, payload=com.google.android.gms.nearby.connection.Payload@b9fd143)
07-04 23:36:26.451  5223  5223 V NearbyFragment: Started downloading SUMMARISE_SEGMENT:-9115623960311355666:20200312_194330!001.mp4:45.0_1.0_23_medium from Endpoint{id=h5xw, name=Nexus 5X [34d8]}
07-04 23:36:26.456  5223  5223 V NearbyFragment: Transfer to Endpoint{id=h5xw, name=Nexus 5X [34d8]} complete
07-04 23:36:26.475  5223  5254 D SummariserIntentService: Scanned /storage/emulated/0/Movies/summarised
07-04 23:36:26.475  5223  5254 D SummariserIntentService:   -> uri=content://media/external/file/137797
07-04 23:36:26.506  5223  5223 D NearbyFragment: onPayloadReceived(endpointId=h5xw, payload=com.google.android.gms.nearby.connection.Payload@1a0b3c0)
07-04 23:36:28.256  5223  5254 W example.edgesu: JNI critical lock held for 18.171ms on Thread[10,tid=5254,Runnable,Thread*=0x7a6afac400,peer=0x14fc03b8,"Binder:5223_2"]
07-04 23:36:29.454  5223  5223 V NearbyFragment: Transfer to Endpoint{id=h5xw, name=Nexus 5X [34d8]} complete
07-04 23:36:29.456  5223  5223 W NearbyFragment: Completed downloading 20200312_194330!001.mp4 from Endpoint{id=h5xw, name=Nexus 5X [34d8]} in 03.003s
07-04 23:36:29.468  5223  5223 V FileManager: External storage is readable
07-04 23:36:29.469  5223  5223 V FileManager: Directory already exists: /storage/emulated/0/Movies/segment-sum/20200312_194330
07-04 23:36:29.470  5223  5223 D NearbyFragment: Summarising 20200312_194330!001.mp4
07-04 23:36:29.470  5223  5223 V VideoManager: Retrieving video from /storage/emulated/0/Download/Nearby/20200312_194330!001.mp4
07-04 23:36:29.493  5223  5223 V VideoManager: videoFromCursor
07-04 23:36:29.499  5223  5223 V ProcessingVideosEventHandler: onAdd
07-04 23:36:29.500  5223  5223 V RawFootageEventHandler: onRemove
07-04 23:36:29.509  5223  5223 V NearbyFragment: Transfer to Endpoint{id=h5xw, name=Nexus 5X [34d8]} complete
07-04 23:36:29.525  5223  8170 V SummariserIntentService: onHandleIntent
07-04 23:36:29.526  5223  8170 D SummariserIntentService: Video{id='138001', data='/storage/emulated/0/Download/Nearby/20200312_194330!001.mp4', name='20200312_194330!001.mp4', size=16898970, visible=true, mimeType='video/mp4'}
07-04 23:36:29.526  5223  8170 D SummariserIntentService: /storage/emulated/0/Movies/segment-sum/20200312_194330/20200312_194330!001.mp4
07-04 23:36:29.674  5223  6452 W mobile-ffmpeg: [graph 0 input from stream 0:0 @ 0x7a5881adc0] sws_param option is deprecated and ignored
07-04 23:36:31.586  5223  8170 W Summariser: No activity detected
07-04 23:36:31.586  5223  8170 V FfmpegTools: Retrieving duration of /storage/emulated/0/Download/Nearby/20200312_194330!001.mp4
07-04 23:36:31.623  5223  8170 W Summariser: Summarisation completed
07-04 23:36:31.623  5223  8170 W Summariser:   filename: 20200312_194330!001.mp4
07-04 23:36:31.623  5223  8170 W Summariser:   active sections: 0
07-04 23:36:31.623  5223  8170 W Summariser:   time: 02.059s
07-04 23:36:31.623  5223  8170 W Summariser:   original duration: 16.01
07-04 23:36:31.623  5223  8170 W Summariser:   summarised duration: -1.00
07-04 23:36:31.623  5223  8170 W Summariser:   noise tolerance: 45.00
07-04 23:36:31.623  5223  8170 W Summariser:   quality: 23
07-04 23:36:31.623  5223  8170 W Summariser:   speed: medium
07-04 23:36:31.623  5223  8170 W Summariser:   freeze duration: 1.00
07-04 23:36:31.623  5223  8170 V ProcessingVideosEventHandler: onRemove
07-04 23:36:31.642  5223  5223 V NearbyFragment: Transfer to Endpoint{id=h5xw, name=Nexus 5X [34d8]} complete
07-04 23:36:31.708  5223  5254 D SummariserIntentService: Scanned /storage/emulated/0/Movies/summarised
07-04 23:36:31.708  5223  5254 D SummariserIntentService:   -> uri=content://media/external/file/137797
07-04 23:36:31.819  5223  5223 D NearbyFragment: onPayloadReceived(endpointId=h5xw, payload=com.google.android.gms.nearby.connection.Payload@88c0e31)
07-04 23:36:31.820  5223  5223 V NearbyFragment: Started downloading SUMMARISE_SEGMENT:-5689319677730390349:20200312_194330!002.mp4:45.0_1.0_23_medium from Endpoint{id=h5xw, name=Nexus 5X [34d8]}
07-04 23:36:31.827  5223  5223 V NearbyFragment: Transfer to Endpoint{id=h5xw, name=Nexus 5X [34d8]} complete
07-04 23:36:31.842  5223  5223 D NearbyFragment: onPayloadReceived(endpointId=h5xw, payload=com.google.android.gms.nearby.connection.Payload@adb2916)
07-04 23:36:33.985  5223  5223 V NearbyFragment: Transfer to Endpoint{id=h5xw, name=Nexus 5X [34d8]} complete
07-04 23:36:33.985  5223  5223 W NearbyFragment: Completed downloading 20200312_194330!002.mp4 from Endpoint{id=h5xw, name=Nexus 5X [34d8]} in 02.164s
07-04 23:36:33.990  5223  5223 V FileManager: External storage is readable
07-04 23:36:33.991  5223  5223 V FileManager: Directory already exists: /storage/emulated/0/Movies/segment-sum/20200312_194330
07-04 23:36:33.991  5223  5223 D NearbyFragment: Summarising 20200312_194330!002.mp4
07-04 23:36:33.991  5223  5223 V VideoManager: Retrieving video from /storage/emulated/0/Download/Nearby/20200312_194330!002.mp4
07-04 23:36:34.012  5223  5223 V VideoManager: videoFromCursor
07-04 23:36:34.016  5223  5223 V ProcessingVideosEventHandler: onAdd
07-04 23:36:34.016  5223  5223 V RawFootageEventHandler: onRemove
07-04 23:36:34.022  5223  5223 V NearbyFragment: Transfer to Endpoint{id=h5xw, name=Nexus 5X [34d8]} complete
07-04 23:36:34.034  5223  8197 V SummariserIntentService: onHandleIntent
07-04 23:36:34.035  5223  8197 D SummariserIntentService: Video{id='138002', data='/storage/emulated/0/Download/Nearby/20200312_194330!002.mp4', name='20200312_194330!002.mp4', size=16896472, visible=true, mimeType='video/mp4'}
07-04 23:36:34.035  5223  8197 D SummariserIntentService: /storage/emulated/0/Movies/segment-sum/20200312_194330/20200312_194330!002.mp4
07-04 23:36:34.161  5223  6452 W mobile-ffmpeg: [graph 0 input from stream 0:0 @ 0x7a5881adc0] sws_param option is deprecated and ignored
07-04 23:36:35.997  5223  8197 W Summariser: No activity detected
07-04 23:36:35.997  5223  8197 V FfmpegTools: Retrieving duration of /storage/emulated/0/Download/Nearby/20200312_194330!002.mp4
07-04 23:36:36.035  5223  8197 W Summariser: Summarisation completed
07-04 23:36:36.035  5223  8197 W Summariser:   filename: 20200312_194330!002.mp4
07-04 23:36:36.035  5223  8197 W Summariser:   active sections: 0
07-04 23:36:36.035  5223  8197 W Summariser:   time: 01.962s
07-04 23:36:36.035  5223  8197 W Summariser:   original duration: 16.01
07-04 23:36:36.035  5223  8197 W Summariser:   summarised duration: -1.00
07-04 23:36:36.035  5223  8197 W Summariser:   noise tolerance: 45.00
07-04 23:36:36.035  5223  8197 W Summariser:   quality: 23
07-04 23:36:36.035  5223  8197 W Summariser:   speed: medium
07-04 23:36:36.035  5223  8197 W Summariser:   freeze duration: 1.00
07-04 23:36:36.036  5223  8197 V ProcessingVideosEventHandler: onRemove
07-04 23:36:36.067  5223  5223 V NearbyFragment: Transfer to Endpoint{id=h5xw, name=Nexus 5X [34d8]} complete
07-04 23:36:36.119  5223  5223 D NearbyFragment: onPayloadReceived(endpointId=h5xw, payload=com.google.android.gms.nearby.connection.Payload@d600d8f)
07-04 23:36:36.119  5223  5223 V NearbyFragment: Started downloading SUMMARISE_SEGMENT:-7984255038993950722:20200312_194330!003.mp4:45.0_1.0_23_medium from Endpoint{id=h5xw, name=Nexus 5X [34d8]}
07-04 23:36:36.126  5223  7515 D SummariserIntentService: Scanned /storage/emulated/0/Movies/summarised
07-04 23:36:36.126  5223  7515 D SummariserIntentService:   -> uri=content://media/external/file/137797
07-04 23:36:36.129  5223  5223 V NearbyFragment: Transfer to Endpoint{id=h5xw, name=Nexus 5X [34d8]} complete
07-04 23:36:36.183  5223  5223 D NearbyFragment: onPayloadReceived(endpointId=h5xw, payload=com.google.android.gms.nearby.connection.Payload@1a1881c)
07-04 23:36:38.343  5223  5223 V NearbyFragment: Transfer to Endpoint{id=h5xw, name=Nexus 5X [34d8]} complete
07-04 23:36:38.345  5223  5223 W NearbyFragment: Completed downloading 20200312_194330!003.mp4 from Endpoint{id=h5xw, name=Nexus 5X [34d8]} in 02.224s
07-04 23:36:38.361  5223  5223 V FileManager: External storage is readable
07-04 23:36:38.363  5223  5223 V FileManager: Directory already exists: /storage/emulated/0/Movies/segment-sum/20200312_194330
07-04 23:36:38.364  5223  5223 D NearbyFragment: Summarising 20200312_194330!003.mp4
07-04 23:36:38.365  5223  5223 V VideoManager: Retrieving video from /storage/emulated/0/Download/Nearby/20200312_194330!003.mp4
07-04 23:36:38.388  5223  5223 V VideoManager: videoFromCursor
07-04 23:36:38.395  5223  5223 V ProcessingVideosEventHandler: onAdd
07-04 23:36:38.396  5223  5223 V RawFootageEventHandler: onRemove
07-04 23:36:38.405  5223  5223 V NearbyFragment: Transfer to Endpoint{id=h5xw, name=Nexus 5X [34d8]} complete
07-04 23:36:38.425  5223  8225 V SummariserIntentService: onHandleIntent
07-04 23:36:38.426  5223  8225 D SummariserIntentService: Video{id='138058', data='/storage/emulated/0/Download/Nearby/20200312_194330!003.mp4', name='20200312_194330!003.mp4', size=12624666, visible=true, mimeType='video/mp4'}
07-04 23:36:38.427  5223  8225 D SummariserIntentService: /storage/emulated/0/Movies/segment-sum/20200312_194330/20200312_194330!003.mp4
07-04 23:36:38.563  5223  6452 W mobile-ffmpeg: [graph 0 input from stream 0:0 @ 0x7a5881adc0] sws_param option is deprecated and ignored
07-04 23:36:39.949  5223  8225 W Summariser: No activity detected
07-04 23:36:39.949  5223  8225 V FfmpegTools: Retrieving duration of /storage/emulated/0/Download/Nearby/20200312_194330!003.mp4
07-04 23:36:39.976  5223  8225 W Summariser: Summarisation completed
07-04 23:36:39.976  5223  8225 W Summariser:   filename: 20200312_194330!003.mp4
07-04 23:36:39.976  5223  8225 W Summariser:   active sections: 0
07-04 23:36:39.976  5223  8225 W Summariser:   time: 01.521s
07-04 23:36:39.976  5223  8225 W Summariser:   original duration: 12.01
07-04 23:36:39.976  5223  8225 W Summariser:   summarised duration: -1.00
07-04 23:36:39.976  5223  8225 W Summariser:   noise tolerance: 45.00
07-04 23:36:39.976  5223  8225 W Summariser:   quality: 23
07-04 23:36:39.976  5223  8225 W Summariser:   speed: medium
07-04 23:36:39.976  5223  8225 W Summariser:   freeze duration: 1.00
07-04 23:36:39.976  5223  8225 V ProcessingVideosEventHandler: onRemove
07-04 23:36:39.993  5223  5223 V NearbyFragment: Transfer to Endpoint{id=h5xw, name=Nexus 5X [34d8]} complete
07-04 23:36:40.059  5223  7515 D SummariserIntentService: Scanned /storage/emulated/0/Movies/summarised
07-04 23:36:40.059  5223  7515 D SummariserIntentService:   -> uri=content://media/external/file/137797
07-04 23:36:44.735  5223  5223 D NearbyFragment: onPayloadReceived(endpointId=h5xw, payload=com.google.android.gms.nearby.connection.Payload@ae03add)
07-04 23:36:44.737  5223  5223 V NearbyFragment: Started downloading SUMMARISE_SEGMENT:-6014590485565462433:20200312_194730!000.mp4:45.0_1.0_23_medium from Endpoint{id=h5xw, name=Nexus 5X [34d8]}
07-04 23:36:44.742  5223  5223 V NearbyFragment: Transfer to Endpoint{id=h5xw, name=Nexus 5X [34d8]} complete
07-04 23:36:44.760  5223  5223 D NearbyFragment: onPayloadReceived(endpointId=h5xw, payload=com.google.android.gms.nearby.connection.Payload@7569652)
07-04 23:36:47.047  5223  5223 V NearbyFragment: Transfer to Endpoint{id=h5xw, name=Nexus 5X [34d8]} complete
07-04 23:36:47.047  5223  5223 W NearbyFragment: Completed downloading 20200312_194730!000.mp4 from Endpoint{id=h5xw, name=Nexus 5X [34d8]} in 02.308s
07-04 23:36:47.056  5223  5223 V FileManager: External storage is readable
07-04 23:36:47.057  5223  5223 V FileManager: Created new directory: /storage/emulated/0/Movies/segment-sum/20200312_194730
07-04 23:36:47.058  5223  5223 D NearbyFragment: Summarising 20200312_194730!000.mp4
07-04 23:36:47.058  5223  5223 V VideoManager: Retrieving video from /storage/emulated/0/Download/Nearby/20200312_194730!000.mp4
07-04 23:36:47.082  5223  5223 V VideoManager: videoFromCursor
07-04 23:36:47.088  5223  5223 V ProcessingVideosEventHandler: onAdd
07-04 23:36:47.088  5223  5223 V RawFootageEventHandler: onRemove
07-04 23:36:47.096  5223  5223 V NearbyFragment: Transfer to Endpoint{id=h5xw, name=Nexus 5X [34d8]} complete
07-04 23:36:47.112  5223  8278 V SummariserIntentService: onHandleIntent
07-04 23:36:47.113  5223  8278 D SummariserIntentService: Video{id='138003', data='/storage/emulated/0/Download/Nearby/20200312_194730!000.mp4', name='20200312_194730!000.mp4', size=16870028, visible=true, mimeType='video/mp4'}
07-04 23:36:47.114  5223  8278 D SummariserIntentService: /storage/emulated/0/Movies/segment-sum/20200312_194730/20200312_194730!000.mp4
07-04 23:36:47.224  5223  6452 W mobile-ffmpeg: [graph 0 input from stream 0:0 @ 0x7a5881adc0] sws_param option is deprecated and ignored
07-04 23:36:49.206  5223  8278 W Summariser: No activity detected
07-04 23:36:49.207  5223  8278 V FfmpegTools: Retrieving duration of /storage/emulated/0/Download/Nearby/20200312_194730!000.mp4
07-04 23:36:49.232  5223  8278 W Summariser: Summarisation completed
07-04 23:36:49.232  5223  8278 W Summariser:   filename: 20200312_194730!000.mp4
07-04 23:36:49.232  5223  8278 W Summariser:   active sections: 0
07-04 23:36:49.232  5223  8278 W Summariser:   time: 02.092s
07-04 23:36:49.232  5223  8278 W Summariser:   original duration: 16.07
07-04 23:36:49.232  5223  8278 W Summariser:   summarised duration: -1.00
07-04 23:36:49.232  5223  8278 W Summariser:   noise tolerance: 45.00
07-04 23:36:49.232  5223  8278 W Summariser:   quality: 23
07-04 23:36:49.232  5223  8278 W Summariser:   speed: medium
07-04 23:36:49.232  5223  8278 W Summariser:   freeze duration: 1.00
07-04 23:36:49.233  5223  8278 V ProcessingVideosEventHandler: onRemove
07-04 23:36:49.249  5223  5223 V NearbyFragment: Transfer to Endpoint{id=h5xw, name=Nexus 5X [34d8]} complete
07-04 23:36:49.296  5223  5254 D SummariserIntentService: Scanned /storage/emulated/0/Movies/summarised
07-04 23:36:49.296  5223  5254 D SummariserIntentService:   -> uri=content://media/external/file/137797
07-04 23:36:49.327  5223  5223 D NearbyFragment: onPayloadReceived(endpointId=h5xw, payload=com.google.android.gms.nearby.connection.Payload@ba31d9b)
07-04 23:36:49.327  5223  5223 V NearbyFragment: Started downloading SUMMARISE_SEGMENT:-7786513906233191140:20200312_194730!001.mp4:45.0_1.0_23_medium from Endpoint{id=h5xw, name=Nexus 5X [34d8]}
07-04 23:36:49.331  5223  5223 V NearbyFragment: Transfer to Endpoint{id=h5xw, name=Nexus 5X [34d8]} complete
07-04 23:36:49.355  5223  5223 D NearbyFragment: onPayloadReceived(endpointId=h5xw, payload=com.google.android.gms.nearby.connection.Payload@85b0538)
07-04 23:36:51.306  5223  5223 V NearbyFragment: Transfer to Endpoint{id=h5xw, name=Nexus 5X [34d8]} complete
07-04 23:36:51.308  5223  5223 W NearbyFragment: Completed downloading 20200312_194730!001.mp4 from Endpoint{id=h5xw, name=Nexus 5X [34d8]} in 01.980s
07-04 23:36:51.320  5223  5223 V FileManager: External storage is readable
07-04 23:36:51.321  5223  5223 V FileManager: Directory already exists: /storage/emulated/0/Movies/segment-sum/20200312_194730
07-04 23:36:51.322  5223  5223 D NearbyFragment: Summarising 20200312_194730!001.mp4
07-04 23:36:51.323  5223  5223 V VideoManager: Retrieving video from /storage/emulated/0/Download/Nearby/20200312_194730!001.mp4
07-04 23:36:51.349  5223  5223 V VideoManager: videoFromCursor
07-04 23:36:51.354  5223  5223 V ProcessingVideosEventHandler: onAdd
07-04 23:36:51.354  5223  5223 V RawFootageEventHandler: onRemove
07-04 23:36:51.363  5223  5223 V NearbyFragment: Transfer to Endpoint{id=h5xw, name=Nexus 5X [34d8]} complete
07-04 23:36:51.380  5223  8306 V SummariserIntentService: onHandleIntent
07-04 23:36:51.384  5223  8306 D SummariserIntentService: Video{id='138004', data='/storage/emulated/0/Download/Nearby/20200312_194730!001.mp4', name='20200312_194730!001.mp4', size=16934031, visible=true, mimeType='video/mp4'}
07-04 23:36:51.384  5223  8306 D SummariserIntentService: /storage/emulated/0/Movies/segment-sum/20200312_194730/20200312_194730!001.mp4
07-04 23:36:51.523  5223  6452 W mobile-ffmpeg: [graph 0 input from stream 0:0 @ 0x7a5881adc0] sws_param option is deprecated and ignored
07-04 23:36:53.460  5223  8306 W Summariser: No activity detected
07-04 23:36:53.460  5223  8306 V FfmpegTools: Retrieving duration of /storage/emulated/0/Download/Nearby/20200312_194730!001.mp4
07-04 23:36:53.496  5223  8306 W Summariser: Summarisation completed
07-04 23:36:53.496  5223  8306 W Summariser:   filename: 20200312_194730!001.mp4
07-04 23:36:53.496  5223  8306 W Summariser:   active sections: 0
07-04 23:36:53.496  5223  8306 W Summariser:   time: 02.074s
07-04 23:36:53.496  5223  8306 W Summariser:   original duration: 16.02
07-04 23:36:53.496  5223  8306 W Summariser:   summarised duration: -1.00
07-04 23:36:53.496  5223  8306 W Summariser:   noise tolerance: 45.00
07-04 23:36:53.496  5223  8306 W Summariser:   quality: 23
07-04 23:36:53.496  5223  8306 W Summariser:   speed: medium
07-04 23:36:53.496  5223  8306 W Summariser:   freeze duration: 1.00
07-04 23:36:53.497  5223  8306 V ProcessingVideosEventHandler: onRemove
07-04 23:36:53.511  5223  5223 V NearbyFragment: Transfer to Endpoint{id=h5xw, name=Nexus 5X [34d8]} complete
07-04 23:36:53.551  5223  5223 D NearbyFragment: onPayloadReceived(endpointId=h5xw, payload=com.google.android.gms.nearby.connection.Payload@1f83949)
07-04 23:36:53.552  5223  5223 V NearbyFragment: Started downloading SUMMARISE_SEGMENT:-5172136387233817701:20200312_194730!002.mp4:45.0_1.0_23_medium from Endpoint{id=h5xw, name=Nexus 5X [34d8]}
07-04 23:36:53.575  5223  5223 V NearbyFragment: Transfer to Endpoint{id=h5xw, name=Nexus 5X [34d8]} complete
07-04 23:36:53.607  5223  5254 D SummariserIntentService: Scanned /storage/emulated/0/Movies/summarised
07-04 23:36:53.607  5223  5254 D SummariserIntentService:   -> uri=content://media/external/file/137797
07-04 23:36:53.640  5223  5223 D NearbyFragment: onPayloadReceived(endpointId=h5xw, payload=com.google.android.gms.nearby.connection.Payload@f9ad24e)
07-04 23:36:55.915  5223  5223 V NearbyFragment: Transfer to Endpoint{id=h5xw, name=Nexus 5X [34d8]} complete
07-04 23:36:55.916  5223  5223 W NearbyFragment: Completed downloading 20200312_194730!002.mp4 from Endpoint{id=h5xw, name=Nexus 5X [34d8]} in 02.362s
07-04 23:36:55.922  5223  5223 V FileManager: External storage is readable
07-04 23:36:55.923  5223  5223 V FileManager: Directory already exists: /storage/emulated/0/Movies/segment-sum/20200312_194730
07-04 23:36:55.924  5223  5223 D NearbyFragment: Summarising 20200312_194730!002.mp4
07-04 23:36:55.924  5223  5223 V VideoManager: Retrieving video from /storage/emulated/0/Download/Nearby/20200312_194730!002.mp4
07-04 23:36:55.941  5223  5223 V VideoManager: videoFromCursor
07-04 23:36:55.946  5223  5223 V ProcessingVideosEventHandler: onAdd
07-04 23:36:55.946  5223  5223 V RawFootageEventHandler: onRemove
07-04 23:36:55.953  5223  5223 V NearbyFragment: Transfer to Endpoint{id=h5xw, name=Nexus 5X [34d8]} complete
07-04 23:36:55.962  5223  8333 V SummariserIntentService: onHandleIntent
07-04 23:36:55.964  5223  8333 D SummariserIntentService: Video{id='138059', data='/storage/emulated/0/Download/Nearby/20200312_194730!002.mp4', name='20200312_194730!002.mp4', size=16862320, visible=true, mimeType='video/mp4'}
07-04 23:36:55.964  5223  8333 D SummariserIntentService: /storage/emulated/0/Movies/segment-sum/20200312_194730/20200312_194730!002.mp4
07-04 23:36:56.076  5223  6452 W mobile-ffmpeg: [graph 0 input from stream 0:0 @ 0x7a5881adc0] sws_param option is deprecated and ignored
07-04 23:36:58.037  5223  8333 W Summariser: No activity detected
07-04 23:36:58.037  5223  8333 V FfmpegTools: Retrieving duration of /storage/emulated/0/Download/Nearby/20200312_194730!002.mp4
07-04 23:36:58.073  5223  8333 W Summariser: Summarisation completed
07-04 23:36:58.073  5223  8333 W Summariser:   filename: 20200312_194730!002.mp4
07-04 23:36:58.073  5223  8333 W Summariser:   active sections: 0
07-04 23:36:58.073  5223  8333 W Summariser:   time: 02.073s
07-04 23:36:58.073  5223  8333 W Summariser:   original duration: 16.01
07-04 23:36:58.073  5223  8333 W Summariser:   summarised duration: -1.00
07-04 23:36:58.073  5223  8333 W Summariser:   noise tolerance: 45.00
07-04 23:36:58.073  5223  8333 W Summariser:   quality: 23
07-04 23:36:58.073  5223  8333 W Summariser:   speed: medium
07-04 23:36:58.073  5223  8333 W Summariser:   freeze duration: 1.00
07-04 23:36:58.074  5223  8333 V ProcessingVideosEventHandler: onRemove
07-04 23:36:58.091  5223  5223 V NearbyFragment: Transfer to Endpoint{id=h5xw, name=Nexus 5X [34d8]} complete
07-04 23:36:58.158  5223  6559 D SummariserIntentService: Scanned /storage/emulated/0/Movies/summarised
07-04 23:36:58.158  5223  6559 D SummariserIntentService:   -> uri=content://media/external/file/137797
07-04 23:36:58.177  5223  5223 D NearbyFragment: onPayloadReceived(endpointId=h5xw, payload=com.google.android.gms.nearby.connection.Payload@eb5ed67)
07-04 23:36:58.177  5223  5223 V NearbyFragment: Started downloading SUMMARISE_SEGMENT:-8390065919565186066:20200312_194730!003.mp4:45.0_1.0_23_medium from Endpoint{id=h5xw, name=Nexus 5X [34d8]}
07-04 23:36:58.184  5223  5223 V NearbyFragment: Transfer to Endpoint{id=h5xw, name=Nexus 5X [34d8]} complete
07-04 23:36:58.229  5223  5223 D NearbyFragment: onPayloadReceived(endpointId=h5xw, payload=com.google.android.gms.nearby.connection.Payload@675a714)
07-04 23:37:00.049  5223  5223 V NearbyFragment: Transfer to Endpoint{id=h5xw, name=Nexus 5X [34d8]} complete
07-04 23:37:00.050  5223  5223 W NearbyFragment: Completed downloading 20200312_194730!003.mp4 from Endpoint{id=h5xw, name=Nexus 5X [34d8]} in 01.871s
07-04 23:37:00.055  5223  5223 V FileManager: External storage is readable
07-04 23:37:00.055  5223  5223 V FileManager: Directory already exists: /storage/emulated/0/Movies/segment-sum/20200312_194730
07-04 23:37:00.055  5223  5223 D NearbyFragment: Summarising 20200312_194730!003.mp4
07-04 23:37:00.055  5223  5223 V VideoManager: Retrieving video from /storage/emulated/0/Download/Nearby/20200312_194730!003.mp4
07-04 23:37:00.073  5223  5223 V VideoManager: videoFromCursor
07-04 23:37:00.078  5223  5223 V ProcessingVideosEventHandler: onAdd
07-04 23:37:00.078  5223  5223 V RawFootageEventHandler: onRemove
07-04 23:37:00.084  5223  5223 V NearbyFragment: Transfer to Endpoint{id=h5xw, name=Nexus 5X [34d8]} complete
07-04 23:37:00.094  5223  8364 V SummariserIntentService: onHandleIntent
07-04 23:37:00.095  5223  8364 D SummariserIntentService: Video{id='138005', data='/storage/emulated/0/Download/Nearby/20200312_194730!003.mp4', name='20200312_194730!003.mp4', size=12635242, visible=true, mimeType='video/mp4'}
07-04 23:37:00.095  5223  8364 D SummariserIntentService: /storage/emulated/0/Movies/segment-sum/20200312_194730/20200312_194730!003.mp4
07-04 23:37:00.196  5223  6452 W mobile-ffmpeg: [graph 0 input from stream 0:0 @ 0x7a5881adc0] sws_param option is deprecated and ignored
07-04 23:37:01.662  5223  8364 W Summariser: No activity detected
07-04 23:37:01.662  5223  8364 V FfmpegTools: Retrieving duration of /storage/emulated/0/Download/Nearby/20200312_194730!003.mp4
07-04 23:37:01.687  5223  8364 W Summariser: Summarisation completed
07-04 23:37:01.687  5223  8364 W Summariser:   filename: 20200312_194730!003.mp4
07-04 23:37:01.687  5223  8364 W Summariser:   active sections: 0
07-04 23:37:01.687  5223  8364 W Summariser:   time: 01.567s
07-04 23:37:01.687  5223  8364 W Summariser:   original duration: 12.03
07-04 23:37:01.687  5223  8364 W Summariser:   summarised duration: -1.00
07-04 23:37:01.687  5223  8364 W Summariser:   noise tolerance: 45.00
07-04 23:37:01.687  5223  8364 W Summariser:   quality: 23
07-04 23:37:01.687  5223  8364 W Summariser:   speed: medium
07-04 23:37:01.687  5223  8364 W Summariser:   freeze duration: 1.00
07-04 23:37:01.688  5223  8364 V ProcessingVideosEventHandler: onRemove
07-04 23:37:01.708  5223  5223 V NearbyFragment: Transfer to Endpoint{id=h5xw, name=Nexus 5X [34d8]} complete
07-04 23:37:01.769  5223  6559 D SummariserIntentService: Scanned /storage/emulated/0/Movies/summarised
07-04 23:37:01.769  5223  6559 D SummariserIntentService:   -> uri=content://media/external/file/137797
07-04 23:37:06.979  5223  5223 D NearbyFragment: onPayloadReceived(endpointId=h5xw, payload=com.google.android.gms.nearby.connection.Payload@da65575)
07-04 23:37:06.980  5223  5223 V NearbyFragment: Started downloading SUMMARISE_SEGMENT:-9090750611145090751:20200312_194830!000.mp4:45.0_1.0_23_medium from Endpoint{id=h5xw, name=Nexus 5X [34d8]}
07-04 23:37:06.982  5223  5223 V NearbyFragment: Transfer to Endpoint{id=h5xw, name=Nexus 5X [34d8]} complete
07-04 23:37:07.003  5223  5223 D NearbyFragment: onPayloadReceived(endpointId=h5xw, payload=com.google.android.gms.nearby.connection.Payload@b5a390a)
07-04 23:37:08.884  5223  5223 V NearbyFragment: Transfer to Endpoint{id=h5xw, name=Nexus 5X [34d8]} complete
07-04 23:37:08.886  5223  5223 W NearbyFragment: Completed downloading 20200312_194830!000.mp4 from Endpoint{id=h5xw, name=Nexus 5X [34d8]} in 01.905s
07-04 23:37:08.897  5223  5223 V FileManager: External storage is readable
07-04 23:37:08.901  5223  5223 V FileManager: Created new directory: /storage/emulated/0/Movies/segment-sum/20200312_194830
07-04 23:37:08.902  5223  5223 D NearbyFragment: Summarising 20200312_194830!000.mp4
07-04 23:37:08.903  5223  5223 V VideoManager: Retrieving video from /storage/emulated/0/Download/Nearby/20200312_194830!000.mp4
07-04 23:37:08.927  5223  5223 V VideoManager: videoFromCursor
07-04 23:37:08.932  5223  5223 V ProcessingVideosEventHandler: onAdd
07-04 23:37:08.933  5223  5223 V RawFootageEventHandler: onRemove
07-04 23:37:08.943  5223  5223 V NearbyFragment: Transfer to Endpoint{id=h5xw, name=Nexus 5X [34d8]} complete
07-04 23:37:08.958  5223  8391 V SummariserIntentService: onHandleIntent
07-04 23:37:08.958  5223  8391 D SummariserIntentService: Video{id='138006', data='/storage/emulated/0/Download/Nearby/20200312_194830!000.mp4', name='20200312_194830!000.mp4', size=16910623, visible=true, mimeType='video/mp4'}
07-04 23:37:08.958  5223  8391 D SummariserIntentService: /storage/emulated/0/Movies/segment-sum/20200312_194830/20200312_194830!000.mp4
07-04 23:37:09.066  5223  6452 W mobile-ffmpeg: [graph 0 input from stream 0:0 @ 0x7a5881adc0] sws_param option is deprecated and ignored
07-04 23:37:11.018  5223  8391 W Summariser: 1 active sections found
07-04 23:37:11.018  5223  8391 I FfmpegTools: Running ffmpeg with:
07-04 23:37:11.018  5223  8391 I FfmpegTools:   -y -i /storage/emulated/0/Download/Nearby/20200312_194830!000.mp4 -filter_complex [0:v]trim=6.839000:10.742000,setpts=PTS-STARTPTS[v0];[0:a]atrim=6.839000:10.742000,asetpts=PTS-STARTPTS[a0];[v0][a0]concat=n=1:v=1:a=1[outv][outa] -map [outv] -map [outa] -crf 23 -preset medium /storage/emulated/0/Movies/segment-sum/20200312_194830/20200312_194830!000.mp4
07-04 23:37:11.097  5223  6452 W mobile-ffmpeg: [graph 0 input from stream 0:0 @ 0x7a5881aa00] sws_param option is deprecated and ignored
07-04 23:37:15.994  5223  8391 V FfmpegTools: Retrieving duration of /storage/emulated/0/Download/Nearby/20200312_194830!000.mp4
07-04 23:37:16.021  5223  8391 V FfmpegTools: Retrieving duration of /storage/emulated/0/Movies/segment-sum/20200312_194830/20200312_194830!000.mp4
07-04 23:37:16.038  5223  8391 W Summariser: Summarisation completed
07-04 23:37:16.038  5223  8391 W Summariser:   filename: 20200312_194830!000.mp4
