--------- beginning of main
06-29 01:40:05.732  6590  6590 I zygote64: Late-enabling -Xcheck:jni
--------- beginning of system
06-29 01:40:05.884  6590  6590 I ActivityThread: handleStopService: token=android.os.BinderProxy@aafb6e4 not found.
06-29 01:40:05.892  6590  6590 I TransferService: Starting Transfer Service to listen for network connectivity changes.
06-29 01:40:05.896  6590  6590 W LogFactory: Truncating log tag length as it exceed 23, the limit imposed by Android on certain API Levels
06-29 01:40:05.940  6590  6590 I TransferService: Registering the network receiver
06-29 01:40:05.948  6590  6590 I TransferService: Moving the service out of the Foreground state.
06-29 01:40:05.949  6590  6590 I TransferService: De-registering the network receiver.
06-29 01:40:43.715  6590  6590 I zygote64: Rejecting re-init on previously-failed class java.lang.Class<androidx.core.view.ViewCompat$2>: java.lang.NoClassDefFoundError: Failed resolution of: Landroid/view/View$OnUnhandledKeyEventListener;
06-29 01:40:43.715  6590  6590 I zygote64:   at void androidx.core.view.ViewCompat.setOnApplyWindowInsetsListener(android.view.View, androidx.core.view.OnApplyWindowInsetsListener) (ViewCompat.java:2421)
06-29 01:40:43.715  6590  6590 I zygote64:   at android.view.ViewGroup androidx.appcompat.app.AppCompatDelegateImpl.createSubDecor() (AppCompatDelegateImpl.java:779)
06-29 01:40:43.715  6590  6590 I zygote64:   at void androidx.appcompat.app.AppCompatDelegateImpl.ensureSubDecor() (AppCompatDelegateImpl.java:659)
06-29 01:40:43.715  6590  6590 I zygote64:   at void androidx.appcompat.app.AppCompatDelegateImpl.setContentView(int) (AppCompatDelegateImpl.java:552)
06-29 01:40:43.715  6590  6590 I zygote64:   at void androidx.appcompat.app.AppCompatActivity.setContentView(int) (AppCompatActivity.java:161)
06-29 01:40:43.715  6590  6590 I zygote64:   at void com.example.edgesum.page.main.MainActivity.onCreate(android.os.Bundle) (MainActivity.java:95)
06-29 01:40:43.715  6590  6590 I zygote64:   at void android.app.Activity.performCreate(android.os.Bundle, android.os.PersistableBundle) (Activity.java:7009)
06-29 01:40:43.715  6590  6590 I zygote64:   at void android.app.Activity.performCreate(android.os.Bundle) (Activity.java:7000)
06-29 01:40:43.715  6590  6590 I zygote64:   at void android.app.Instrumentation.callActivityOnCreate(android.app.Activity, android.os.Bundle) (Instrumentation.java:1214)
06-29 01:40:43.715  6590  6590 I zygote64:   at android.app.Activity android.app.ActivityThread.performLaunchActivity(android.app.ActivityThread$ActivityClientRecord, android.content.Intent) (ActivityThread.java:2731)
06-29 01:40:43.715  6590  6590 I zygote64:   at void android.app.ActivityThread.handleLaunchActivity(android.app.ActivityThread$ActivityClientRecord, android.content.Intent, java.lang.String) (ActivityThread.java:2856)
06-29 01:40:43.715  6590  6590 I zygote64:   at void android.app.ActivityThread.-wrap11(android.app.ActivityThread, android.app.ActivityThread$ActivityClientRecord, android.content.Intent, java.lang.String) (ActivityThread.java:-1)
06-29 01:40:43.715  6590  6590 I zygote64:   at void android.app.ActivityThread$H.handleMessage(android.os.Message) (ActivityThread.java:1589)
06-29 01:40:43.715  6590  6590 I zygote64:   at void android.os.Handler.dispatchMessage(android.os.Message) (Handler.java:106)
06-29 01:40:43.715  6590  6590 I zygote64:   at void android.os.Looper.loop() (Looper.java:164)
06-29 01:40:43.715  6590  6590 I zygote64:   at void android.app.ActivityThread.main(java.lang.String[]) (ActivityThread.java:6494)
06-29 01:40:43.715  6590  6590 I zygote64:   at java.lang.Object java.lang.reflect.Method.invoke(java.lang.Object, java.lang.Object[]) (Method.java:-2)
06-29 01:40:43.715  6590  6590 I zygote64:   at void com.android.internal.os.RuntimeInit$MethodAndArgsCaller.run() (RuntimeInit.java:438)
06-29 01:40:43.715  6590  6590 I zygote64:   at void com.android.internal.os.ZygoteInit.main(java.lang.String[]) (ZygoteInit.java:807)
06-29 01:40:43.715  6590  6590 I zygote64: Caused by: java.lang.ClassNotFoundException: Didn't find class "android.view.View$OnUnhandledKeyEventListener" on path: DexPathList[[zip file "/data/app/com.example.edgesum-oaq8Pcma81zelip6HwD9pg==/base.apk"],nativeLibraryDirectories=[/data/app/com.example.edgesum-oaq8Pcma81zelip6HwD9pg==/lib/arm64, /data/app/com.example.edgesum-oaq8Pcma81zelip6HwD9pg==/base.apk!/lib/arm64-v8a, /system/lib64, /vendor/lib64]]
06-29 01:40:43.715  6590  6590 I zygote64:   at java.lang.Class dalvik.system.BaseDexClassLoader.findClass(java.lang.String) (BaseDexClassLoader.java:125)
06-29 01:40:43.715  6590  6590 I zygote64:   at java.lang.Class java.lang.ClassLoader.loadClass(java.lang.String, boolean) (ClassLoader.java:379)
06-29 01:40:43.715  6590  6590 I zygote64:   at java.lang.Class java.lang.ClassLoader.loadClass(java.lang.String) (ClassLoader.java:312)
06-29 01:40:43.715  6590  6590 I zygote64:   at void androidx.core.view.ViewCompat.setOnApplyWindowInsetsListener(android.view.View, androidx.core.view.OnApplyWindowInsetsListener) (ViewCompat.java:2421)
06-29 01:40:43.715  6590  6590 I zygote64:   at android.view.ViewGroup androidx.appcompat.app.AppCompatDelegateImpl.createSubDecor() (AppCompatDelegateImpl.java:779)
06-29 01:40:43.715  6590  6590 I zygote64:   at void androidx.appcompat.app.AppCompatDelegateImpl.ensureSubDecor() (AppCompatDelegateImpl.java:659)
06-29 01:40:43.715  6590  6590 I zygote64:   at void androidx.appcompat.app.AppCompatDelegateImpl.setContentView(int) (AppCompatDelegateImpl.java:552)
06-29 01:40:43.715  6590  6590 I zygote64:   at void androidx.appcompat.app.AppCompatActivity.setContentView(int) (AppCompatActivity.java:161)
06-29 01:40:43.715  6590  6590 I zygote64:   at void com.example.edgesum.page.main.MainActivity.onCreate(android.os.Bundle) (MainActivity.java:95)
06-29 01:40:43.715  6590  6590 I zygote64:   at void android.app.Activity.performCreate(android.os.Bundle, android.os.PersistableBundle) (Activity.java:7009)
06-29 01:40:43.715  6590  6590 I zygote64:   at void android.app.Activity.performCreate(android.os.Bundle) (Activity.java:7000)
06-29 01:40:43.715  6590  6590 I zygote64:   at void android.app.Instrumentation.callActivityOnCreate(android.app.Activity, android.os.Bundle) (Instrumentation.java:1214)
06-29 01:40:43.715  6590  6590 I zygote64:   at android.app.Activity android.app.ActivityThread.performLaunchActivity(android.app.ActivityThread$ActivityClientRecord, android.content.Intent) (ActivityThread.java:2731)
06-29 01:40:43.715  6590  6590 I zygote64:   at void android.app.ActivityThread.handleLaunchActivity(android.app.ActivityThread$ActivityClientRecord, android.content.Intent, java.lang.String) (ActivityThread.java:2856)
06-29 01:40:43.715  6590  6590 I zygote64:   at void android.app.ActivityThread.-wrap11(android.app.ActivityThread, android.app.ActivityThread$ActivityClientRecord, android.content.Intent, java.lang.String) (ActivityThread.java:-1)
06-29 01:40:43.715  6590  6590 I zygote64:   at void android.app.ActivityThread$H.handleMessage(android.os.Message) (ActivityThread.java:1589)
06-29 01:40:43.715  6590  6590 I zygote64:   at void android.os.Handler.dispatchMessage(android.os.Message) (Handler.java:106)
06-29 01:40:43.715  6590  6590 I zygote64:   at void android.os.Looper.loop() (Looper.java:164)
06-29 01:40:43.715  6590  6590 I zygote64:   at void android.app.ActivityThread.main(java.lang.String[]) (ActivityThread.java:6494)
06-29 01:40:43.715  6590  6590 I zygote64:   at java.lang.Object java.lang.reflect.Method.invoke(java.lang.Object, java.lang.Object[]) (Method.java:-2)
06-29 01:40:43.715  6590  6590 I zygote64:   at void com.android.internal.os.RuntimeInit$MethodAndArgsCaller.run() (RuntimeInit.java:438)
06-29 01:40:43.715  6590  6590 I zygote64:   at void com.android.internal.os.ZygoteInit.main(java.lang.String[]) (ZygoteInit.java:807)
06-29 01:40:43.715  6590  6590 I zygote64: 
06-29 01:40:43.716  6590  6590 I zygote64: Rejecting re-init on previously-failed class java.lang.Class<androidx.core.view.ViewCompat$2>: java.lang.NoClassDefFoundError: Failed resolution of: Landroid/view/View$OnUnhandledKeyEventListener;
06-29 01:40:43.716  6590  6590 I zygote64:   at void androidx.core.view.ViewCompat.setOnApplyWindowInsetsListener(android.view.View, androidx.core.view.OnApplyWindowInsetsListener) (ViewCompat.java:2421)
06-29 01:40:43.716  6590  6590 I zygote64:   at android.view.ViewGroup androidx.appcompat.app.AppCompatDelegateImpl.createSubDecor() (AppCompatDelegateImpl.java:779)
06-29 01:40:43.716  6590  6590 I zygote64:   at void androidx.appcompat.app.AppCompatDelegateImpl.ensureSubDecor() (AppCompatDelegateImpl.java:659)
06-29 01:40:43.716  6590  6590 I zygote64:   at void androidx.appcompat.app.AppCompatDelegateImpl.setContentView(int) (AppCompatDelegateImpl.java:552)
06-29 01:40:43.716  6590  6590 I zygote64:   at void androidx.appcompat.app.AppCompatActivity.setContentView(int) (AppCompatActivity.java:161)
06-29 01:40:43.716  6590  6590 I zygote64:   at void com.example.edgesum.page.main.MainActivity.onCreate(android.os.Bundle) (MainActivity.java:95)
06-29 01:40:43.716  6590  6590 I zygote64:   at void android.app.Activity.performCreate(android.os.Bundle, android.os.PersistableBundle) (Activity.java:7009)
06-29 01:40:43.716  6590  6590 I zygote64:   at void android.app.Activity.performCreate(android.os.Bundle) (Activity.java:7000)
06-29 01:40:43.716  6590  6590 I zygote64:   at void android.app.Instrumentation.callActivityOnCreate(android.app.Activity, android.os.Bundle) (Instrumentation.java:1214)
06-29 01:40:43.716  6590  6590 I zygote64:   at android.app.Activity android.app.ActivityThread.performLaunchActivity(android.app.ActivityThread$ActivityClientRecord, android.content.Intent) (ActivityThread.java:2731)
06-29 01:40:43.716  6590  6590 I zygote64:   at void android.app.ActivityThread.handleLaunchActivity(android.app.ActivityThread$ActivityClientRecord, android.content.Intent, java.lang.String) (ActivityThread.java:2856)
06-29 01:40:43.716  6590  6590 I zygote64:   at void android.app.ActivityThread.-wrap11(android.app.ActivityThread, android.app.ActivityThread$ActivityClientRecord, android.content.Intent, java.lang.String) (ActivityThread.java:-1)
06-29 01:40:43.716  6590  6590 I zygote64:   at void android.app.ActivityThread$H.handleMessage(android.os.Message) (ActivityThread.java:1589)
06-29 01:40:43.716  6590  6590 I zygote64:   at void android.os.Handler.dispatchMessage(android.os.Message) (Handler.java:106)
06-29 01:40:43.716  6590  6590 I zygote64:   at void android.os.Looper.loop() (Looper.java:164)
06-29 01:40:43.716  6590  6590 I zygote64:   at void android.app.ActivityThread.main(java.lang.String[]) (ActivityThread.java:6494)
06-29 01:40:43.716  6590  6590 I zygote64:   at java.lang.Object java.lang.reflect.Method.invoke(java.lang.Object, java.lang.Object[]) (Method.java:-2)
06-29 01:40:43.716  6590  6590 I zygote64:   at void com.android.internal.os.RuntimeInit$MethodAndArgsCaller.run() (RuntimeInit.java:438)
06-29 01:40:43.716  6590  6590 I zygote64:   at void com.android.internal.os.ZygoteInit.main(java.lang.String[]) (ZygoteInit.java:807)
06-29 01:40:43.716  6590  6590 I zygote64: Caused by: java.lang.ClassNotFoundException: Didn't find class "android.view.View$OnUnhandledKeyEventListener" on path: DexPathList[[zip file "/data/app/com.example.edgesum-oaq8Pcma81zelip6HwD9pg==/base.apk"],nativeLibraryDirectories=[/data/app/com.example.edgesum-oaq8Pcma81zelip6HwD9pg==/lib/arm64, /data/app/com.example.edgesum-oaq8Pcma81zelip6HwD9pg==/base.apk!/lib/arm64-v8a, /system/lib64, /vendor/lib64]]
06-29 01:40:43.716  6590  6590 I zygote64:   at java.lang.Class dalvik.system.BaseDexClassLoader.findClass(java.lang.String) (BaseDexClassLoader.java:125)
06-29 01:40:43.716  6590  6590 I zygote64:   at java.lang.Class java.lang.ClassLoader.loadClass(java.lang.String, boolean) (ClassLoader.java:379)
06-29 01:40:43.716  6590  6590 I zygote64:   at java.lang.Class java.lang.ClassLoader.loadClass(java.lang.String) (ClassLoader.java:312)
06-29 01:40:43.716  6590  6590 I zygote64:   at void androidx.core.view.ViewCompat.setOnApplyWindowInsetsListener(android.view.View, androidx.core.view.OnApplyWindowInsetsListener) (ViewCompat.java:2421)
06-29 01:40:43.716  6590  6590 I zygote64:   at android.view.ViewGroup androidx.appcompat.app.AppCompatDelegateImpl.createSubDecor() (AppCompatDelegateImpl.java:779)
06-29 01:40:43.716  6590  6590 I zygote64:   at void androidx.appcompat.app.AppCompatDelegateImpl.ensureSubDecor() (AppCompatDelegateImpl.java:659)
06-29 01:40:43.716  6590  6590 I zygote64:   at void androidx.appcompat.app.AppCompatDelegateImpl.setContentView(int) (AppCompatDelegateImpl.java:552)
06-29 01:40:43.716  6590  6590 I zygote64:   at void androidx.appcompat.app.AppCompatActivity.setContentView(int) (AppCompatActivity.java:161)
06-29 01:40:43.716  6590  6590 I zygote64:   at void com.example.edgesum.page.main.MainActivity.onCreate(android.os.Bundle) (MainActivity.java:95)
06-29 01:40:43.716  6590  6590 I zygote64:   at void android.app.Activity.performCreate(android.os.Bundle, android.os.PersistableBundle) (Activity.java:7009)
06-29 01:40:43.716  6590  6590 I zygote64:   at void android.app.Activity.performCreate(android.os.Bundle) (Activity.java:7000)
06-29 01:40:43.716  6590  6590 I zygote64:   at void android.app.Instrumentation.callActivityOnCreate(android.app.Activity, android.os.Bundle) (Instrumentation.java:1214)
06-29 01:40:43.716  6590  6590 I zygote64:   at android.app.Activity android.app.ActivityThread.performLaunchActivity(android.app.ActivityThread$ActivityClientRecord, android.content.Intent) (ActivityThread.java:2731)
06-29 01:40:43.716  6590  6590 I zygote64:   at void android.app.ActivityThread.handleLaunchActivity(android.app.ActivityThread$ActivityClientRecord, android.content.Intent, java.lang.String) (ActivityThread.java:2856)
06-29 01:40:43.716  6590  6590 I zygote64:   at void android.app.ActivityThread.-wrap11(android.app.ActivityThread, android.app.ActivityThread$ActivityClientRecord, android.content.Intent, java.lang.String) (ActivityThread.java:-1)
06-29 01:40:43.717  6590  6590 I zygote64:   at void android.app.ActivityThread$H.handleMessage(android.os.Message) (ActivityThread.java:1589)
06-29 01:40:43.717  6590  6590 I zygote64:   at void android.os.Handler.dispatchMessage(android.os.Message) (Handler.java:106)
06-29 01:40:43.717  6590  6590 I zygote64:   at void android.os.Looper.loop() (Looper.java:164)
06-29 01:40:43.717  6590  6590 I zygote64:   at void android.app.ActivityThread.main(java.lang.String[]) (ActivityThread.java:6494)
06-29 01:40:43.717  6590  6590 I zygote64:   at java.lang.Object java.lang.reflect.Method.invoke(java.lang.Object, java.lang.Object[]) (Method.java:-2)
06-29 01:40:43.717  6590  6590 I zygote64:   at void com.android.internal.os.RuntimeInit$MethodAndArgsCaller.run() (RuntimeInit.java:438)
06-29 01:40:43.717  6590  6590 I zygote64:   at void com.android.internal.os.ZygoteInit.main(java.lang.String[]) (ZygoteInit.java:807)
06-29 01:40:43.717  6590  6590 I zygote64: 
06-29 01:40:43.717  6590  6590 I zygote64: Rejecting re-init on previously-failed class java.lang.Class<androidx.core.view.ViewCompat$2>: java.lang.NoClassDefFoundError: Failed resolution of: Landroid/view/View$OnUnhandledKeyEventListener;
06-29 01:40:43.717  6590  6590 I zygote64:   at void androidx.core.view.ViewCompat.setOnApplyWindowInsetsListener(android.view.View, androidx.core.view.OnApplyWindowInsetsListener) (ViewCompat.java:2421)
06-29 01:40:43.717  6590  6590 I zygote64:   at android.view.ViewGroup androidx.appcompat.app.AppCompatDelegateImpl.createSubDecor() (AppCompatDelegateImpl.java:779)
06-29 01:40:43.717  6590  6590 I zygote64:   at void androidx.appcompat.app.AppCompatDelegateImpl.ensureSubDecor() (AppCompatDelegateImpl.java:659)
06-29 01:40:43.717  6590  6590 I zygote64:   at void androidx.appcompat.app.AppCompatDelegateImpl.setContentView(int) (AppCompatDelegateImpl.java:552)
06-29 01:40:43.717  6590  6590 I zygote64:   at void androidx.appcompat.app.AppCompatActivity.setContentView(int) (AppCompatActivity.java:161)
06-29 01:40:43.717  6590  6590 I zygote64:   at void com.example.edgesum.page.main.MainActivity.onCreate(android.os.Bundle) (MainActivity.java:95)
06-29 01:40:43.717  6590  6590 I zygote64:   at void android.app.Activity.performCreate(android.os.Bundle, android.os.PersistableBundle) (Activity.java:7009)
06-29 01:40:43.717  6590  6590 I zygote64:   at void android.app.Activity.performCreate(android.os.Bundle) (Activity.java:7000)
06-29 01:40:43.717  6590  6590 I zygote64:   at void android.app.Instrumentation.callActivityOnCreate(android.app.Activity, android.os.Bundle) (Instrumentation.java:1214)
06-29 01:40:43.717  6590  6590 I zygote64:   at android.app.Activity android.app.ActivityThread.performLaunchActivity(android.app.ActivityThread$ActivityClientRecord, android.content.Intent) (ActivityThread.java:2731)
06-29 01:40:43.717  6590  6590 I zygote64:   at void android.app.ActivityThread.handleLaunchActivity(android.app.ActivityThread$ActivityClientRecord, android.content.Intent, java.lang.String) (ActivityThread.java:2856)
06-29 01:40:43.717  6590  6590 I zygote64:   at void android.app.ActivityThread.-wrap11(android.app.ActivityThread, android.app.ActivityThread$ActivityClientRecord, android.content.Intent, java.lang.String) (ActivityThread.java:-1)
06-29 01:40:43.717  6590  6590 I zygote64:   at void android.app.ActivityThread$H.handleMessage(android.os.Message) (ActivityThread.java:1589)
06-29 01:40:43.717  6590  6590 I zygote64:   at void android.os.Handler.dispatchMessage(android.os.Message) (Handler.java:106)
06-29 01:40:43.717  6590  6590 I zygote64:   at void android.os.Looper.loop() (Looper.java:164)
06-29 01:40:43.717  6590  6590 I zygote64:   at void android.app.ActivityThread.main(java.lang.String[]) (ActivityThread.java:6494)
06-29 01:40:43.717  6590  6590 I zygote64:   at java.lang.Object java.lang.reflect.Method.invoke(java.lang.Object, java.lang.Object[]) (Method.java:-2)
06-29 01:40:43.717  6590  6590 I zygote64:   at void com.android.internal.os.RuntimeInit$MethodAndArgsCaller.run() (RuntimeInit.java:438)
06-29 01:40:43.717  6590  6590 I zygote64:   at void com.android.internal.os.ZygoteInit.main(java.lang.String[]) (ZygoteInit.java:807)
06-29 01:40:43.717  6590  6590 I zygote64: Caused by: java.lang.ClassNotFoundException: Didn't find class "android.view.View$OnUnhandledKeyEventListener" on path: DexPathList[[zip file "/data/app/com.example.edgesum-oaq8Pcma81zelip6HwD9pg==/base.apk"],nativeLibraryDirectories=[/data/app/com.example.edgesum-oaq8Pcma81zelip6HwD9pg==/lib/arm64, /data/app/com.example.edgesum-oaq8Pcma81zelip6HwD9pg==/base.apk!/lib/arm64-v8a, /system/lib64, /vendor/lib64]]
06-29 01:40:43.717  6590  6590 I zygote64:   at java.lang.Class dalvik.system.BaseDexClassLoader.findClass(java.lang.String) (BaseDexClassLoader.java:125)
06-29 01:40:43.717  6590  6590 I zygote64:   at java.lang.Class java.lang.ClassLoader.loadClass(java.lang.String, boolean) (ClassLoader.java:379)
06-29 01:40:43.717  6590  6590 I zygote64:   at java.lang.Class java.lang.ClassLoader.loadClass(java.lang.String) (ClassLoader.java:312)
06-29 01:40:43.717  6590  6590 I zygote64:   at void androidx.core.view.ViewCompat.setOnApplyWindowInsetsListener(android.view.View, androidx.core.view.OnApplyWindowInsetsListener) (ViewCompat.java:2421)
06-29 01:40:43.717  6590  6590 I zygote64:   at android.view.ViewGroup androidx.appcompat.app.AppCompatDelegateImpl.createSubDecor() (AppCompatDelegateImpl.java:779)
06-29 01:40:43.717  6590  6590 I zygote64:   at void androidx.appcompat.app.AppCompatDelegateImpl.ensureSubDecor() (AppCompatDelegateImpl.java:659)
06-29 01:40:43.717  6590  6590 I zygote64:   at void androidx.appcompat.app.AppCompatDelegateImpl.setContentView(int) (AppCompatDelegateImpl.java:552)
06-29 01:40:43.717  6590  6590 I zygote64:   at void androidx.appcompat.app.AppCompatActivity.setContentView(int) (AppCompatActivity.java:161)
06-29 01:40:43.717  6590  6590 I zygote64:   at void com.example.edgesum.page.main.MainActivity.onCreate(android.os.Bundle) (MainActivity.java:95)
06-29 01:40:43.717  6590  6590 I zygote64:   at void android.app.Activity.performCreate(android.os.Bundle, android.os.PersistableBundle) (Activity.java:7009)
06-29 01:40:43.717  6590  6590 I zygote64:   at void android.app.Activity.performCreate(android.os.Bundle) (Activity.java:7000)
06-29 01:40:43.717  6590  6590 I zygote64:   at void android.app.Instrumentation.callActivityOnCreate(android.app.Activity, android.os.Bundle) (Instrumentation.java:1214)
06-29 01:40:43.717  6590  6590 I zygote64:   at android.app.Activity android.app.ActivityThread.performLaunchActivity(android.app.ActivityThread$ActivityClientRecord, android.content.Intent) (ActivityThread.java:2731)
06-29 01:40:43.717  6590  6590 I zygote64:   at void android.app.ActivityThread.handleLaunchActivity(android.app.ActivityThread$ActivityClientRecord, android.content.Intent, java.lang.String) (ActivityThread.java:2856)
06-29 01:40:43.717  6590  6590 I zygote64:   at void android.app.ActivityThread.-wrap11(android.app.ActivityThread, android.app.ActivityThread$ActivityClientRecord, android.content.Intent, java.lang.String) (ActivityThread.java:-1)
06-29 01:40:43.717  6590  6590 I zygote64:   at void android.app.ActivityThread$H.handleMessage(android.os.Message) (ActivityThread.java:1589)
06-29 01:40:43.717  6590  6590 I zygote64:   at void android.os.Handler.dispatchMessage(android.os.Message) (Handler.java:106)
06-29 01:40:43.717  6590  6590 I zygote64:   at void android.os.Looper.loop() (Looper.java:164)
06-29 01:40:43.717  6590  6590 I zygote64:   at void android.app.ActivityThread.main(java.lang.String[]) (ActivityThread.java:6494)
06-29 01:40:43.718  6590  6590 I zygote64:   at java.lang.Object java.lang.reflect.Method.invoke(java.lang.Object, java.lang.Object[]) (Method.java:-2)
06-29 01:40:43.718  6590  6590 I zygote64:   at void com.android.internal.os.RuntimeInit$MethodAndArgsCaller.run() (RuntimeInit.java:438)
06-29 01:40:43.718  6590  6590 I zygote64:   at void com.android.internal.os.ZygoteInit.main(java.lang.String[]) (ZygoteInit.java:807)
06-29 01:40:43.718  6590  6590 I zygote64: 
06-29 01:40:43.903  6590  6590 V Repo    : /storage/emulated/0/Movies/raw
06-29 01:40:43.904  6590  6590 V Repo    : /storage/emulated/0/Movies/summarised
06-29 01:40:43.921  6590  6590 V FileManager: External storage is readable
06-29 01:40:43.922  6590  6590 V FileManager: Directory already exists: /storage/emulated/0/Movies/raw
06-29 01:40:43.929  6590  6590 V FileManager: External storage is readable
06-29 01:40:43.930  6590  6590 V FileManager: Directory already exists: /storage/emulated/0/Movies/summarised
06-29 01:40:43.934  6590  6590 V FileManager: External storage is readable
06-29 01:40:43.935  6590  6590 V FileManager: Directory already exists: /storage/emulated/0/Download/nearby
06-29 01:40:43.939  6590  6590 V FileManager: External storage is readable
06-29 01:40:43.940  6590  6590 V FileManager: Directory already exists: /storage/emulated/0/Movies/segment
06-29 01:40:43.947  6590  6590 V FileManager: External storage is readable
06-29 01:40:43.948  6590  6590 V FileManager: Directory already exists: /storage/emulated/0/Movies/segment-sum
06-29 01:40:44.107  6590  6590 V VideoManager: getAllVideoFromExternalStorageFolder
06-29 01:40:44.112  6590  6590 D VideoManager: /storage/emulated/0/Movies/summarised
06-29 01:40:44.122  6590  6590 D VideoManager: 0 videos return
06-29 01:40:44.154  6590  6590 V VideoManager: getAllVideoFromExternalStorageFolder
06-29 01:40:44.160  6590  6590 D VideoManager: /storage/emulated/0/Movies/raw
06-29 01:40:44.167  6590  6590 D VideoManager: 0 videos return
06-29 01:40:44.212  6590  6627 D OpenGLRenderer: HWUI GL Pipeline
06-29 01:40:44.221  6590  6590 I TransferService: Starting Transfer Service to listen for network connectivity changes.
06-29 01:40:44.221  6590  6590 I TransferService: Registering the network receiver
06-29 01:40:44.224  6590  6590 E TransferService: No notification is passed in the intent. Unable to transition to foreground.
06-29 01:40:44.270  6590  6625 D MainActivity: Scanned /storage/emulated/0/Movies/summarised
06-29 01:40:44.270  6590  6625 D MainActivity:   -> uri=content://media/external/file/5080
06-29 01:40:44.294  6590  6603 D MainActivity: Scanned /storage/emulated/0/Movies/raw
06-29 01:40:44.294  6590  6603 D MainActivity:   -> uri=content://media/external/file/5079
06-29 01:40:44.327  6590  6627 I Adreno  : QUALCOMM build                   : 8e59954, I0be83d0d26
06-29 01:40:44.327  6590  6627 I Adreno  : Build Date                       : 09/22/17
06-29 01:40:44.327  6590  6627 I Adreno  : OpenGL ES Shader Compiler Version: EV031.21.02.00
06-29 01:40:44.327  6590  6627 I Adreno  : Local Branch                     : O17A
06-29 01:40:44.327  6590  6627 I Adreno  : Remote Branch                    : 
06-29 01:40:44.327  6590  6627 I Adreno  : Remote Branch                    : 
06-29 01:40:44.327  6590  6627 I Adreno  : Reconstruct Branch               : 
06-29 01:40:44.328  6590  6627 D vndksupport: Loading /vendor/lib64/hw/gralloc.msm8992.so from current namespace instead of sphal namespace.
06-29 01:40:44.346  6590  6627 I Adreno  : PFP: 0x00000000, ME: 0x00000000
06-29 01:40:44.350  6590  6595 I zygote64: Do partial code cache collection, code=22KB, data=29KB
06-29 01:40:44.350  6590  6595 I zygote64: After code cache collection, code=22KB, data=29KB
06-29 01:40:44.350  6590  6595 I zygote64: Increasing code cache capacity to 128KB
06-29 01:40:44.353  6590  6590 I TransferNetworkLossHand: Network connectivity changed detected.
06-29 01:40:44.353  6590  6627 I zygote64: android::hardware::configstore::V1_0::ISurfaceFlingerConfigs::hasWideColorDisplay retrieved: 0
06-29 01:40:44.361  6590  6627 I OpenGLRenderer: Initialized EGL, version 1.4
06-29 01:40:44.361  6590  6627 D OpenGLRenderer: Swap behavior 2
06-29 01:40:44.361  6590  6590 I TransferNetworkLossHand: Network connected: true
06-29 01:40:44.386  6590  6627 D vndksupport: Loading /vendor/lib64/hw/android.hardware.graphics.mapper@2.0-impl.so from current namespace instead of sphal namespace.
06-29 01:40:44.387  6590  6627 D vndksupport: Loading /vendor/lib64/hw/gralloc.msm8992.so from current namespace instead of sphal namespace.
06-29 01:40:46.732  6590  6590 V MainActivity: Connect button clicked
06-29 01:41:08.600  6590  6590 V ConnectionFragment: Advertisement switch checked
06-29 01:41:11.335  6590  6590 D NearbyFragment: Started advertising
06-29 01:41:22.463  6590  6590 D NearbyFragment: Initiated connection with null: Galaxy S8 [2802]
06-29 01:41:22.595  6590  6595 I zygote64: Do partial code cache collection, code=49KB, data=54KB
06-29 01:41:22.595  6590  6595 I zygote64: After code cache collection, code=49KB, data=54KB
06-29 01:41:22.595  6590  6595 I zygote64: Increasing code cache capacity to 256KB
06-29 01:41:22.596  6590  6595 I zygote64: Compiler allocated 4MB to compile void android.view.View.<init>(android.content.Context, android.util.AttributeSet, int, int)
06-29 01:41:23.827  6590  6595 I zygote64: Do full code cache collection, code=125KB, data=104KB
06-29 01:41:23.828  6590  6595 I zygote64: After code cache collection, code=123KB, data=64KB
06-29 01:41:24.392  6590  6590 I NearbyFragment: Connected to Endpoint{id=4V60, name=Galaxy S8 [2802]}
06-29 01:41:24.459  6590  6595 I zygote64: Do partial code cache collection, code=124KB, data=71KB
06-29 01:41:24.460  6590  6595 I zygote64: After code cache collection, code=124KB, data=71KB
06-29 01:41:24.460  6590  6595 I zygote64: Increasing code cache capacity to 512KB
06-29 01:41:26.217  6590  6590 V ConnectionFragment: Advertisement switch unchecked
06-29 01:41:26.217  6590  6590 D NearbyFragment: Stopped advertising
06-29 01:41:46.544  6590  6590 V ConnectionFragment: Auto-send switch checked
06-29 01:41:46.626  6590  6590 W NearbyFragment: Preferences:
06-29 01:41:46.626  6590  6590 W NearbyFragment:   Auto download: true
06-29 01:41:46.626  6590  6590 W NearbyFragment:   Algorithm: best
06-29 01:41:46.626  6590  6590 W NearbyFragment:   Fast scheduling: true
06-29 01:41:46.626  6590  6590 W NearbyFragment:   Segmentation: false
06-29 01:41:46.626  6590  6590 W NearbyFragment:   Auto segmentation: false
06-29 01:41:46.626  6590  6590 W NearbyFragment:   Segment number: 4
06-29 01:41:46.626  6590  6590 W NearbyFragment:   Noise tolerance: 45.00
06-29 01:41:46.626  6590  6590 W NearbyFragment:   Quality: 23
06-29 01:41:46.626  6590  6590 W NearbyFragment:   Speed: medium
06-29 01:41:46.626  6590  6590 W NearbyFragment:   Freeze duration: 1.00
06-29 01:41:46.627  6590  6590 W NearbyFragment: Download delay: 1s
06-29 01:41:46.627  6590  6590 W NearbyFragment: Started downloading from dashcam
06-29 01:41:46.630  6590  6777 V DownloadTestVideosTask: Starting DownloadTestVideosTask
06-29 01:41:46.640  6590  6777 V DashDownloadManager: Started downloading: 20200312_150643.mp4
06-29 01:41:49.165  6590  6590 V MainActivity: Navigation summarised button clicked
06-29 01:42:03.817  6590  6590 V VideoManager: videoFromCursor
06-29 01:42:03.826  6590  6590 V RawFootageEventHandler: onAdd
06-29 01:42:03.829  6590  6590 V NearbyFragment: nextTransfer with selected algorithm: best
06-29 01:42:03.837  6590  6590 W NearbyFragment: Sending 20200312_150643.mp4 to Galaxy S8 [2802]
06-29 01:42:03.852  6590  6590 W DashDownloadManager: Successfully downloaded 20200312_150643.mp4 in 17.145s
06-29 01:42:03.881  6590  6590 V NearbyFragment: Transfer to 4V60: 100%
06-29 01:42:03.882  6590  6590 V NearbyFragment: Transfer to 4V60: 0%
06-29 01:42:03.883  6590  6590 V NearbyFragment: Transfer to 4V60: 100%
06-29 01:42:03.884  6590  6590 V NearbyFragment: Transfer to 4V60: 0%
06-29 01:42:03.885  6590  6590 I chatty  : uid=10100(com.example.edgesum) identical 1 line
06-29 01:42:03.886  6590  6590 V NearbyFragment: Transfer to 4V60: 0%
06-29 01:42:03.890  6590  6590 V NearbyFragment: Transfer to 4V60: 0%
06-29 01:42:03.892  6590  6590 V NearbyFragment: Transfer to 4V60: 0%
06-29 01:42:03.895  6590  6590 V NearbyFragment: Transfer to 4V60: 0%
06-29 01:42:03.898  6590  6590 V NearbyFragment: Transfer to 4V60: 0%
06-29 01:42:03.902  6590  6590 V NearbyFragment: Transfer to 4V60: 0%
06-29 01:42:03.905  6590  6590 V NearbyFragment: Transfer to 4V60: 0%
06-29 01:42:03.908  6590  6590 V NearbyFragment: Transfer to 4V60: 1%
06-29 01:42:03.912  6590  6590 V NearbyFragment: Transfer to 4V60: 1%
06-29 01:42:03.916  6590  6590 V NearbyFragment: Transfer to 4V60: 1%
06-29 01:42:03.919  6590  6590 V NearbyFragment: Transfer to 4V60: 1%
06-29 01:42:03.923  6590  6590 V NearbyFragment: Transfer to 4V60: 1%
06-29 01:42:03.925  6590  6590 V NearbyFragment: Transfer to 4V60: 1%
06-29 01:42:03.933  6590  6590 V NearbyFragment: Transfer to 4V60: 1%
06-29 01:42:03.940  6590  6590 V NearbyFragment: Transfer to 4V60: 1%
06-29 01:42:03.944  6590  6590 V NearbyFragment: Transfer to 4V60: 1%
06-29 01:42:03.949  6590  6590 V NearbyFragment: Transfer to 4V60: 1%
06-29 01:42:03.952  6590  6590 V NearbyFragment: Transfer to 4V60: 1%
06-29 01:42:03.955  6590  6590 V NearbyFragment: Transfer to 4V60: 2%
06-29 01:42:03.958  6590  6590 V NearbyFragment: Transfer to 4V60: 2%
06-29 01:42:03.962  6590  6590 V NearbyFragment: Transfer to 4V60: 2%
06-29 01:42:03.964  6590  6590 V NearbyFragment: Transfer to 4V60: 2%
06-29 01:42:03.967  6590  6590 V NearbyFragment: Transfer to 4V60: 2%
06-29 01:42:03.969  6590  6590 V NearbyFragment: Transfer to 4V60: 2%
06-29 01:42:03.972  6590  6590 V NearbyFragment: Transfer to 4V60: 2%
06-29 01:42:03.976  6590  6590 V NearbyFragment: Transfer to 4V60: 2%
06-29 01:42:03.978  6590  6590 V NearbyFragment: Transfer to 4V60: 2%
06-29 01:42:03.982  6590  6590 V NearbyFragment: Transfer to 4V60: 2%
06-29 01:42:03.984  6590  6590 V NearbyFragment: Transfer to 4V60: 2%
06-29 01:42:03.988  6590  6590 V NearbyFragment: Transfer to 4V60: 3%
06-29 01:42:03.994  6590  6590 V NearbyFragment: Transfer to 4V60: 3%
06-29 01:42:03.997  6590  6590 V NearbyFragment: Transfer to 4V60: 3%
06-29 01:42:04.000  6590  6590 V NearbyFragment: Transfer to 4V60: 3%
06-29 01:42:04.002  6590  6590 V NearbyFragment: Transfer to 4V60: 3%
06-29 01:42:04.006  6590  6590 V NearbyFragment: Transfer to 4V60: 3%
06-29 01:42:04.009  6590  6590 V NearbyFragment: Transfer to 4V60: 3%
06-29 01:42:04.013  6590  6590 V NearbyFragment: Transfer to 4V60: 3%
06-29 01:42:04.016  6590  6590 V NearbyFragment: Transfer to 4V60: 3%
06-29 01:42:04.021  6590  6590 V NearbyFragment: Transfer to 4V60: 3%
06-29 01:42:04.023  6590  6590 V NearbyFragment: Transfer to 4V60: 4%
06-29 01:42:04.026  6590  6590 V NearbyFragment: Transfer to 4V60: 4%
06-29 01:42:04.029  6590  6590 V NearbyFragment: Transfer to 4V60: 4%
06-29 01:42:04.033  6590  6590 V NearbyFragment: Transfer to 4V60: 4%
06-29 01:42:04.036  6590  6590 V NearbyFragment: Transfer to 4V60: 4%
06-29 01:42:04.039  6590  6590 V NearbyFragment: Transfer to 4V60: 4%
06-29 01:42:04.043  6590  6590 V NearbyFragment: Transfer to 4V60: 4%
06-29 01:42:04.046  6590  6590 V NearbyFragment: Transfer to 4V60: 4%
06-29 01:42:04.050  6590  6590 V NearbyFragment: Transfer to 4V60: 4%
06-29 01:42:04.053  6590  6590 V NearbyFragment: Transfer to 4V60: 4%
06-29 01:42:04.056  6590  6590 V NearbyFragment: Transfer to 4V60: 4%
06-29 01:42:04.060  6590  6590 V NearbyFragment: Transfer to 4V60: 5%
06-29 01:42:04.064  6590  6590 V NearbyFragment: Transfer to 4V60: 5%
06-29 01:42:04.068  6590  6590 V NearbyFragment: Transfer to 4V60: 5%
06-29 01:42:04.071  6590  6590 V NearbyFragment: Transfer to 4V60: 5%
06-29 01:42:04.074  6590  6590 V NearbyFragment: Transfer to 4V60: 5%
06-29 01:42:04.078  6590  6590 V NearbyFragment: Transfer to 4V60: 5%
06-29 01:42:04.081  6590  6590 V NearbyFragment: Transfer to 4V60: 5%
06-29 01:42:04.084  6590  6590 V NearbyFragment: Transfer to 4V60: 5%
06-29 01:42:04.088  6590  6590 V NearbyFragment: Transfer to 4V60: 5%
06-29 01:42:04.091  6590  6590 V NearbyFragment: Transfer to 4V60: 5%
06-29 01:42:04.359  6590  6590 V NearbyFragment: Transfer to 4V60: 5%
06-29 01:42:04.368  6590  6590 V NearbyFragment: Transfer to 4V60: 6%
06-29 01:42:04.370  6590  6590 V NearbyFragment: Transfer to 4V60: 6%
06-29 01:42:04.374  6590  6590 V NearbyFragment: Transfer to 4V60: 6%
06-29 01:42:04.380  6590  6590 V NearbyFragment: Transfer to 4V60: 6%
06-29 01:42:04.383  6590  6590 V NearbyFragment: Transfer to 4V60: 6%
06-29 01:42:04.386  6590  6590 V NearbyFragment: Transfer to 4V60: 6%
06-29 01:42:04.391  6590  6590 V NearbyFragment: Transfer to 4V60: 6%
06-29 01:42:04.394  6590  6590 V NearbyFragment: Transfer to 4V60: 6%
06-29 01:42:04.397  6590  6590 V NearbyFragment: Transfer to 4V60: 6%
06-29 01:42:04.399  6590  6590 V NearbyFragment: Transfer to 4V60: 6%
06-29 01:42:04.401  6590  6590 V NearbyFragment: Transfer to 4V60: 7%
06-29 01:42:04.403  6590  6590 V NearbyFragment: Transfer to 4V60: 7%
06-29 01:42:04.408  6590  6590 V NearbyFragment: Transfer to 4V60: 7%
06-29 01:42:04.413  6590  6590 V NearbyFragment: Transfer to 4V60: 7%
06-29 01:42:04.414  6590  6590 V NearbyFragment: Transfer to 4V60: 7%
06-29 01:42:04.416  6590  6590 V NearbyFragment: Transfer to 4V60: 7%
06-29 01:42:04.419  6590  6590 V NearbyFragment: Transfer to 4V60: 7%
06-29 01:42:04.421  6590  6590 V NearbyFragment: Transfer to 4V60: 7%
06-29 01:42:04.427  6590  6590 V NearbyFragment: Transfer to 4V60: 7%
06-29 01:42:04.431  6590  6590 V NearbyFragment: Transfer to 4V60: 7%
06-29 01:42:04.433  6590  6590 V NearbyFragment: Transfer to 4V60: 7%
06-29 01:42:04.434  6590  6590 V NearbyFragment: Transfer to 4V60: 8%
06-29 01:42:04.438  6590  6590 V NearbyFragment: Transfer to 4V60: 8%
06-29 01:42:04.441  6590  6590 V NearbyFragment: Transfer to 4V60: 8%
06-29 01:42:04.445  6590  6590 V NearbyFragment: Transfer to 4V60: 8%
06-29 01:42:04.448  6590  6590 V NearbyFragment: Transfer to 4V60: 8%
06-29 01:42:04.452  6590  6590 V NearbyFragment: Transfer to 4V60: 8%
06-29 01:42:04.456  6590  6590 V NearbyFragment: Transfer to 4V60: 8%
06-29 01:42:04.459  6590  6590 V NearbyFragment: Transfer to 4V60: 8%
06-29 01:42:04.462  6590  6590 V NearbyFragment: Transfer to 4V60: 8%
06-29 01:42:04.465  6590  6590 V NearbyFragment: Transfer to 4V60: 8%
06-29 01:42:04.468  6590  6590 V NearbyFragment: Transfer to 4V60: 8%
06-29 01:42:04.473  6590  6590 V NearbyFragment: Transfer to 4V60: 9%
06-29 01:42:04.845  6590  6777 V DownloadTestVideosTask: Starting DownloadTestVideosTask
06-29 01:42:04.849  6590  6777 V DashDownloadManager: Started downloading: 20200312_150744.mp4
06-29 01:42:04.883  6590  6590 V NearbyFragment: Transfer to 4V60: 9%
06-29 01:42:04.890  6590  6590 V NearbyFragment: Transfer to 4V60: 9%
06-29 01:42:04.900  6590  6590 V NearbyFragment: Transfer to 4V60: 9%
06-29 01:42:04.902  6590  6590 V NearbyFragment: Transfer to 4V60: 9%
06-29 01:42:04.905  6590  6590 V NearbyFragment: Transfer to 4V60: 9%
06-29 01:42:04.912  6590  6590 V NearbyFragment: Transfer to 4V60: 9%
06-29 01:42:04.915  6590  6590 V NearbyFragment: Transfer to 4V60: 9%
06-29 01:42:04.916  6590  6590 V NearbyFragment: Transfer to 4V60: 9%
06-29 01:42:04.918  6590  6590 V NearbyFragment: Transfer to 4V60: 9%
06-29 01:42:04.919  6590  6590 V NearbyFragment: Transfer to 4V60: 10%
06-29 01:42:04.926  6590  6590 V NearbyFragment: Transfer to 4V60: 10%
06-29 01:42:04.928  6590  6590 V NearbyFragment: Transfer to 4V60: 10%
06-29 01:42:04.931  6590  6590 V NearbyFragment: Transfer to 4V60: 10%
06-29 01:42:04.934  6590  6590 V NearbyFragment: Transfer to 4V60: 10%
06-29 01:42:04.940  6590  6590 V NearbyFragment: Transfer to 4V60: 10%
06-29 01:42:04.943  6590  6590 V NearbyFragment: Transfer to 4V60: 10%
06-29 01:42:04.945  6590  6590 V NearbyFragment: Transfer to 4V60: 10%
06-29 01:42:04.950  6590  6590 V NearbyFragment: Transfer to 4V60: 10%
06-29 01:42:04.952  6590  6590 V NearbyFragment: Transfer to 4V60: 10%
06-29 01:42:04.955  6590  6590 V NearbyFragment: Transfer to 4V60: 10%
06-29 01:42:04.958  6590  6590 V NearbyFragment: Transfer to 4V60: 11%
06-29 01:42:04.962  6590  6590 V NearbyFragment: Transfer to 4V60: 11%
06-29 01:42:04.965  6590  6590 V NearbyFragment: Transfer to 4V60: 11%
06-29 01:42:04.968  6590  6590 V NearbyFragment: Transfer to 4V60: 11%
06-29 01:42:04.974  6590  6590 V NearbyFragment: Transfer to 4V60: 11%
06-29 01:42:04.975  6590  6590 V NearbyFragment: Transfer to 4V60: 11%
06-29 01:42:04.978  6590  6590 V NearbyFragment: Transfer to 4V60: 11%
06-29 01:42:04.982  6590  6590 V NearbyFragment: Transfer to 4V60: 11%
06-29 01:42:04.985  6590  6590 V NearbyFragment: Transfer to 4V60: 11%
06-29 01:42:04.986  6590  6590 V NearbyFragment: Transfer to 4V60: 11%
06-29 01:42:04.990  6590  6590 V NearbyFragment: Transfer to 4V60: 11%
06-29 01:42:04.993  6590  6590 V NearbyFragment: Transfer to 4V60: 12%
06-29 01:42:04.997  6590  6590 V NearbyFragment: Transfer to 4V60: 12%
06-29 01:42:05.005  6590  6590 V NearbyFragment: Transfer to 4V60: 12%
06-29 01:42:05.007  6590  6590 V NearbyFragment: Transfer to 4V60: 12%
06-29 01:42:05.010  6590  6590 V NearbyFragment: Transfer to 4V60: 12%
06-29 01:42:05.012  6590  6590 V NearbyFragment: Transfer to 4V60: 12%
06-29 01:42:05.019  6590  6590 V NearbyFragment: Transfer to 4V60: 12%
06-29 01:42:05.021  6590  6590 V NearbyFragment: Transfer to 4V60: 12%
06-29 01:42:05.026  6590  6590 V NearbyFragment: Transfer to 4V60: 12%
06-29 01:42:05.028  6590  6590 V NearbyFragment: Transfer to 4V60: 12%
06-29 01:42:05.029  6590  6590 V NearbyFragment: Transfer to 4V60: 13%
06-29 01:42:05.034  6590  6590 V NearbyFragment: Transfer to 4V60: 13%
06-29 01:42:05.036  6590  6590 V NearbyFragment: Transfer to 4V60: 13%
06-29 01:42:05.039  6590  6590 V NearbyFragment: Transfer to 4V60: 13%
06-29 01:42:05.042  6590  6590 V NearbyFragment: Transfer to 4V60: 13%
06-29 01:42:05.058  6590  6590 V NearbyFragment: Transfer to 4V60: 13%
06-29 01:42:05.062  6590  6590 V NearbyFragment: Transfer to 4V60: 13%
06-29 01:42:05.064  6590  6590 V NearbyFragment: Transfer to 4V60: 13%
06-29 01:42:05.066  6590  6590 V NearbyFragment: Transfer to 4V60: 13%
06-29 01:42:05.070  6590  6590 V NearbyFragment: Transfer to 4V60: 13%
06-29 01:42:05.079  6590  6590 V NearbyFragment: Transfer to 4V60: 13%
06-29 01:42:05.254  6590  6590 V NearbyFragment: Transfer to 4V60: 14%
06-29 01:42:05.256  6590  6590 V NearbyFragment: Transfer to 4V60: 14%
06-29 01:42:05.260  6590  6590 V NearbyFragment: Transfer to 4V60: 14%
06-29 01:42:05.263  6590  6590 V NearbyFragment: Transfer to 4V60: 14%
06-29 01:42:05.266  6590  6590 V NearbyFragment: Transfer to 4V60: 14%
06-29 01:42:05.271  6590  6590 V NearbyFragment: Transfer to 4V60: 14%
06-29 01:42:05.273  6590  6590 V NearbyFragment: Transfer to 4V60: 14%
06-29 01:42:05.276  6590  6590 V NearbyFragment: Transfer to 4V60: 14%
06-29 01:42:05.278  6590  6590 V NearbyFragment: Transfer to 4V60: 14%
06-29 01:42:05.281  6590  6590 V NearbyFragment: Transfer to 4V60: 14%
06-29 01:42:05.285  6590  6590 V NearbyFragment: Transfer to 4V60: 14%
06-29 01:42:05.286  6590  6590 V NearbyFragment: Transfer to 4V60: 15%
06-29 01:42:05.289  6590  6590 V NearbyFragment: Transfer to 4V60: 15%
06-29 01:42:05.292  6590  6590 V NearbyFragment: Transfer to 4V60: 15%
06-29 01:42:05.295  6590  6590 V NearbyFragment: Transfer to 4V60: 15%
06-29 01:42:05.297  6590  6590 V NearbyFragment: Transfer to 4V60: 15%
06-29 01:42:05.302  6590  6590 V NearbyFragment: Transfer to 4V60: 15%
06-29 01:42:05.304  6590  6590 V NearbyFragment: Transfer to 4V60: 15%
06-29 01:42:05.309  6590  6590 V NearbyFragment: Transfer to 4V60: 15%
06-29 01:42:05.312  6590  6590 V NearbyFragment: Transfer to 4V60: 15%
06-29 01:42:05.314  6590  6590 V NearbyFragment: Transfer to 4V60: 15%
06-29 01:42:05.318  6590  6590 V NearbyFragment: Transfer to 4V60: 16%
06-29 01:42:05.320  6590  6590 V NearbyFragment: Transfer to 4V60: 16%
06-29 01:42:05.322  6590  6590 V NearbyFragment: Transfer to 4V60: 16%
06-29 01:42:05.325  6590  6590 V NearbyFragment: Transfer to 4V60: 16%
06-29 01:42:05.328  6590  6590 V NearbyFragment: Transfer to 4V60: 16%
06-29 01:42:05.330  6590  6590 V NearbyFragment: Transfer to 4V60: 16%
06-29 01:42:05.333  6590  6590 V NearbyFragment: Transfer to 4V60: 16%
06-29 01:42:05.336  6590  6590 V NearbyFragment: Transfer to 4V60: 16%
06-29 01:42:05.339  6590  6590 V NearbyFragment: Transfer to 4V60: 16%
06-29 01:42:05.344  6590  6590 V NearbyFragment: Transfer to 4V60: 16%
06-29 01:42:05.347  6590  6590 V NearbyFragment: Transfer to 4V60: 16%
06-29 01:42:05.350  6590  6590 V NearbyFragment: Transfer to 4V60: 17%
06-29 01:42:05.711  6590  6590 V NearbyFragment: Transfer to 4V60: 17%
06-29 01:42:05.719  6590  6590 V NearbyFragment: Transfer to 4V60: 17%
06-29 01:42:05.723  6590  6590 V NearbyFragment: Transfer to 4V60: 17%
06-29 01:42:05.726  6590  6590 V NearbyFragment: Transfer to 4V60: 17%
06-29 01:42:05.736  6590  6590 V NearbyFragment: Transfer to 4V60: 17%
06-29 01:42:05.738  6590  6590 V NearbyFragment: Transfer to 4V60: 17%
06-29 01:42:05.742  6590  6590 V NearbyFragment: Transfer to 4V60: 17%
06-29 01:42:05.746  6590  6590 V NearbyFragment: Transfer to 4V60: 17%
06-29 01:42:05.749  6590  6590 V NearbyFragment: Transfer to 4V60: 17%
06-29 01:42:05.751  6590  6590 V NearbyFragment: Transfer to 4V60: 17%
06-29 01:42:05.753  6590  6590 V NearbyFragment: Transfer to 4V60: 18%
06-29 01:42:05.757  6590  6590 V NearbyFragment: Transfer to 4V60: 18%
06-29 01:42:05.763  6590  6590 V NearbyFragment: Transfer to 4V60: 18%
06-29 01:42:05.764  6590  6590 V NearbyFragment: Transfer to 4V60: 18%
06-29 01:42:05.767  6590  6590 V NearbyFragment: Transfer to 4V60: 18%
06-29 01:42:05.770  6590  6590 V NearbyFragment: Transfer to 4V60: 18%
06-29 01:42:05.773  6590  6590 V NearbyFragment: Transfer to 4V60: 18%
06-29 01:42:05.776  6590  6590 V NearbyFragment: Transfer to 4V60: 18%
06-29 01:42:05.778  6590  6590 V NearbyFragment: Transfer to 4V60: 18%
06-29 01:42:05.781  6590  6590 V NearbyFragment: Transfer to 4V60: 18%
06-29 01:42:05.784  6590  6590 V NearbyFragment: Transfer to 4V60: 19%
06-29 01:42:05.788  6590  6590 V NearbyFragment: Transfer to 4V60: 19%
06-29 01:42:05.792  6590  6590 V NearbyFragment: Transfer to 4V60: 19%
06-29 01:42:05.794  6590  6590 V NearbyFragment: Transfer to 4V60: 19%
06-29 01:42:05.797  6590  6590 V NearbyFragment: Transfer to 4V60: 19%
06-29 01:42:05.800  6590  6590 V NearbyFragment: Transfer to 4V60: 19%
06-29 01:42:05.803  6590  6590 V NearbyFragment: Transfer to 4V60: 19%
06-29 01:42:05.805  6590  6590 V NearbyFragment: Transfer to 4V60: 19%
06-29 01:42:05.810  6590  6590 V NearbyFragment: Transfer to 4V60: 19%
06-29 01:42:05.812  6590  6590 V NearbyFragment: Transfer to 4V60: 19%
06-29 01:42:05.815  6590  6590 V NearbyFragment: Transfer to 4V60: 19%
06-29 01:42:05.818  6590  6590 V NearbyFragment: Transfer to 4V60: 20%
06-29 01:42:05.825  6590  6590 V NearbyFragment: Transfer to 4V60: 20%
06-29 01:42:05.827  6590  6590 V NearbyFragment: Transfer to 4V60: 20%
06-29 01:42:05.830  6590  6590 V NearbyFragment: Transfer to 4V60: 20%
06-29 01:42:05.832  6590  6590 V NearbyFragment: Transfer to 4V60: 20%
06-29 01:42:05.835  6590  6590 V NearbyFragment: Transfer to 4V60: 20%
06-29 01:42:05.837  6590  6590 V NearbyFragment: Transfer to 4V60: 20%
06-29 01:42:05.840  6590  6590 V NearbyFragment: Transfer to 4V60: 20%
06-29 01:42:05.842  6590  6590 V NearbyFragment: Transfer to 4V60: 20%
06-29 01:42:05.846  6590  6590 V NearbyFragment: Transfer to 4V60: 20%
06-29 01:42:05.851  6590  6590 V NearbyFragment: Transfer to 4V60: 20%
06-29 01:42:05.854  6590  6590 V NearbyFragment: Transfer to 4V60: 21%
06-29 01:42:05.856  6590  6590 V NearbyFragment: Transfer to 4V60: 21%
06-29 01:42:05.858  6590  6590 V NearbyFragment: Transfer to 4V60: 21%
06-29 01:42:05.861  6590  6590 V NearbyFragment: Transfer to 4V60: 21%
06-29 01:42:05.864  6590  6590 V NearbyFragment: Transfer to 4V60: 21%
06-29 01:42:05.866  6590  6590 V NearbyFragment: Transfer to 4V60: 21%
06-29 01:42:06.136  6590  6590 V NearbyFragment: Transfer to 4V60: 21%
06-29 01:42:06.145  6590  6590 V NearbyFragment: Transfer to 4V60: 21%
06-29 01:42:06.155  6590  6590 V NearbyFragment: Transfer to 4V60: 21%
06-29 01:42:06.157  6590  6590 V NearbyFragment: Transfer to 4V60: 21%
06-29 01:42:06.164  6590  6590 V NearbyFragment: Transfer to 4V60: 22%
06-29 01:42:06.166  6590  6590 V NearbyFragment: Transfer to 4V60: 22%
06-29 01:42:06.168  6590  6590 V NearbyFragment: Transfer to 4V60: 22%
06-29 01:42:06.170  6590  6590 V NearbyFragment: Transfer to 4V60: 22%
06-29 01:42:06.172  6590  6590 V NearbyFragment: Transfer to 4V60: 22%
06-29 01:42:06.178  6590  6590 V NearbyFragment: Transfer to 4V60: 22%
06-29 01:42:06.181  6590  6590 V NearbyFragment: Transfer to 4V60: 22%
06-29 01:42:06.183  6590  6590 V NearbyFragment: Transfer to 4V60: 22%
06-29 01:42:06.185  6590  6590 V NearbyFragment: Transfer to 4V60: 22%
06-29 01:42:06.188  6590  6590 V NearbyFragment: Transfer to 4V60: 22%
06-29 01:42:06.190  6590  6590 V NearbyFragment: Transfer to 4V60: 22%
06-29 01:42:06.193  6590  6590 V NearbyFragment: Transfer to 4V60: 23%
06-29 01:42:06.194  6590  6590 V NearbyFragment: Transfer to 4V60: 23%
06-29 01:42:06.197  6590  6590 V NearbyFragment: Transfer to 4V60: 23%
06-29 01:42:06.199  6590  6590 V NearbyFragment: Transfer to 4V60: 23%
06-29 01:42:06.202  6590  6590 V NearbyFragment: Transfer to 4V60: 23%
06-29 01:42:06.204  6590  6590 V NearbyFragment: Transfer to 4V60: 23%
06-29 01:42:06.207  6590  6590 V NearbyFragment: Transfer to 4V60: 23%
06-29 01:42:06.209  6590  6590 V NearbyFragment: Transfer to 4V60: 23%
06-29 01:42:06.529  6590  6590 V NearbyFragment: Transfer to 4V60: 23%
06-29 01:42:06.544  6590  6590 V NearbyFragment: Transfer to 4V60: 23%
06-29 01:42:06.549  6590  6590 V NearbyFragment: Transfer to 4V60: 23%
06-29 01:42:06.552  6590  6590 V NearbyFragment: Transfer to 4V60: 24%
06-29 01:42:06.556  6590  6590 V NearbyFragment: Transfer to 4V60: 24%
06-29 01:42:06.558  6590  6590 V NearbyFragment: Transfer to 4V60: 24%
06-29 01:42:06.567  6590  6590 V NearbyFragment: Transfer to 4V60: 24%
06-29 01:42:06.569  6590  6590 V NearbyFragment: Transfer to 4V60: 24%
06-29 01:42:06.574  6590  6590 V NearbyFragment: Transfer to 4V60: 24%
06-29 01:42:06.580  6590  6590 V NearbyFragment: Transfer to 4V60: 24%
06-29 01:42:06.585  6590  6590 V NearbyFragment: Transfer to 4V60: 24%
06-29 01:42:06.594  6590  6590 V NearbyFragment: Transfer to 4V60: 24%
06-29 01:42:06.596  6590  6590 V NearbyFragment: Transfer to 4V60: 24%
06-29 01:42:06.602  6590  6590 V NearbyFragment: Transfer to 4V60: 25%
06-29 01:42:06.606  6590  6590 V NearbyFragment: Transfer to 4V60: 25%
06-29 01:42:06.609  6590  6590 V NearbyFragment: Transfer to 4V60: 25%
06-29 01:42:06.612  6590  6590 V NearbyFragment: Transfer to 4V60: 25%
06-29 01:42:06.614  6590  6590 V NearbyFragment: Transfer to 4V60: 25%
06-29 01:42:06.617  6590  6590 V NearbyFragment: Transfer to 4V60: 25%
06-29 01:42:06.620  6590  6590 V NearbyFragment: Transfer to 4V60: 25%
06-29 01:42:06.623  6590  6590 V NearbyFragment: Transfer to 4V60: 25%
06-29 01:42:06.626  6590  6590 V NearbyFragment: Transfer to 4V60: 25%
06-29 01:42:06.629  6590  6590 V NearbyFragment: Transfer to 4V60: 25%
06-29 01:42:06.635  6590  6590 V NearbyFragment: Transfer to 4V60: 25%
06-29 01:42:06.638  6590  6590 V NearbyFragment: Transfer to 4V60: 26%
06-29 01:42:06.641  6590  6590 V NearbyFragment: Transfer to 4V60: 26%
06-29 01:42:06.644  6590  6590 V NearbyFragment: Transfer to 4V60: 26%
06-29 01:42:06.647  6590  6590 V NearbyFragment: Transfer to 4V60: 26%
06-29 01:42:06.650  6590  6590 V NearbyFragment: Transfer to 4V60: 26%
06-29 01:42:06.653  6590  6590 V NearbyFragment: Transfer to 4V60: 26%
