06-29 01:42:45.222  7674 14312 I FfmpegTools:   -y -i /storage/emulated/0/Download/Nearby/20200312_150744.mp4 -filter_complex [0:v]trim=55.250000:60.020000,setpts=PTS-STARTPTS[v0];[0:a]atrim=55.250000:60.020000,asetpts=PTS-STARTPTS[a0];[v0][a0]concat=n=1:v=1:a=1[outv][outa] -map [outv] -map [outa] -crf 23 -preset medium /storage/emulated/0/Movies/summarised/20200312_150744.mp4
06-29 01:42:45.227  7674 12930 W mobile-ffmpeg: 
06-29 01:42:45.227  7674 12930 W mobile-ffmpeg: [mov,mp4,m4a,3gp,3g2,mj2 @ 0x7c9351e400] 
06-29 01:42:45.227  7674 12930 W mobile-ffmpeg: 
06-29 01:42:45.227  7674 12930 W mobile-ffmpeg: Found duplicated MOOV Atom. Skipped it
06-29 01:42:45.247  7674 12930 I mobile-ffmpeg: 
06-29 01:42:45.247  7674 12930 I chatty  : uid=10568(com.example.edgesum) Thread-7 identical 1 line
06-29 01:42:45.247  7674 12930 I mobile-ffmpeg: 
06-29 01:42:45.247  7674 12930 I mobile-ffmpeg: Input #0, mov,mp4,m4a,3gp,3g2,mj2, from '/storage/emulated/0/Download/Nearby/20200312_150744.mp4':
06-29 01:42:45.247  7674 12930 I mobile-ffmpeg: 
06-29 01:42:45.247  7674 12930 I chatty  : uid=10568(com.example.edgesum) Thread-7 identical 1 line
06-29 01:42:45.247  7674 12930 I mobile-ffmpeg: 
06-29 01:42:45.247  7674 12930 I mobile-ffmpeg:   Metadata:
06-29 01:42:45.247  7674 12930 I mobile-ffmpeg: 
06-29 01:42:45.247  7674 12930 I chatty  : uid=10568(com.example.edgesum) Thread-7 identical 1 line
06-29 01:42:45.247  7674 12930 I mobile-ffmpeg: 
06-29 01:42:45.247  7674 12930 I mobile-ffmpeg:     creation_time   : 
06-29 01:42:45.247  7674 12930 I mobile-ffmpeg: 
06-29 01:42:45.247  7674 12930 I chatty  : uid=10568(com.example.edgesum) Thread-7 identical 1 line
06-29 01:42:45.247  7674 12930 I mobile-ffmpeg: 
06-29 01:42:45.247  7674 12930 I mobile-ffmpeg: 2020-03-12T04:08:43.000000Z
06-29 01:42:45.247  7674 12930 I mobile-ffmpeg: 
06-29 01:42:45.247  7674 12930 I chatty  : uid=10568(com.example.edgesum) Thread-7 identical 1 line
06-29 01:42:45.247  7674 12930 I mobile-ffmpeg: 
06-29 01:42:45.247  7674 12930 I mobile-ffmpeg: 
06-29 01:42:45.248  7674 12930 I mobile-ffmpeg: 
06-29 01:42:45.248  7674 12930 I chatty  : uid=10568(com.example.edgesum) Thread-7 identical 1 line
06-29 01:42:45.248  7674 12930 I mobile-ffmpeg: 
06-29 01:42:45.248  7674 12930 I mobile-ffmpeg:     major_brand     : 
06-29 01:42:45.248  7674 12930 I mobile-ffmpeg: 
06-29 01:42:45.248  7674 12930 I chatty  : uid=10568(com.example.edgesum) Thread-7 identical 1 line
06-29 01:42:45.248  7674 12930 I mobile-ffmpeg: 
06-29 01:42:45.248  7674 12930 I mobile-ffmpeg: mp42
06-29 01:42:45.248  7674 12930 I mobile-ffmpeg: 
06-29 01:42:45.248  7674 12930 I chatty  : uid=10568(com.example.edgesum) Thread-7 identical 1 line
06-29 01:42:45.248  7674 12930 I mobile-ffmpeg: 
06-29 01:42:45.248  7674 12930 I mobile-ffmpeg: 
06-29 01:42:45.248  7674 12930 I mobile-ffmpeg: 
06-29 01:42:45.248  7674 12930 I chatty  : uid=10568(com.example.edgesum) Thread-7 identical 1 line
06-29 01:42:45.248  7674 12930 I mobile-ffmpeg: 
06-29 01:42:45.248  7674 12930 I mobile-ffmpeg:     minor_version   : 
06-29 01:42:45.248  7674 12930 I mobile-ffmpeg: 
06-29 01:42:45.248  7674 12930 I chatty  : uid=10568(com.example.edgesum) Thread-7 identical 1 line
06-29 01:42:45.248  7674 12930 I mobile-ffmpeg: 
06-29 01:42:45.248  7674 12930 I mobile-ffmpeg: 1
06-29 01:42:45.248  7674 12930 I mobile-ffmpeg: 
06-29 01:42:45.248  7674 12930 I chatty  : uid=10568(com.example.edgesum) Thread-7 identical 1 line
06-29 01:42:45.248  7674 12930 I mobile-ffmpeg: 
06-29 01:42:45.248  7674 12930 I mobile-ffmpeg: 
06-29 01:42:45.248  7674 12930 I mobile-ffmpeg: 
06-29 01:42:45.248  7674 12930 I chatty  : uid=10568(com.example.edgesum) Thread-7 identical 1 line
06-29 01:42:45.248  7674 12930 I mobile-ffmpeg: 
06-29 01:42:45.248  7674 12930 I mobile-ffmpeg:     compatible_brands: 
06-29 01:42:45.248  7674 12930 I mobile-ffmpeg: 
06-29 01:42:45.248  7674 12930 I chatty  : uid=10568(com.example.edgesum) Thread-7 identical 1 line
06-29 01:42:45.248  7674 12930 I mobile-ffmpeg: 
06-29 01:42:45.248  7674 12930 I mobile-ffmpeg: mp42mp42
06-29 01:42:45.248  7674 12930 I mobile-ffmpeg: 
06-29 01:42:45.248  7674 12930 I chatty  : uid=10568(com.example.edgesum) Thread-7 identical 1 line
06-29 01:42:45.248  7674 12930 I mobile-ffmpeg: 
06-29 01:42:45.248  7674 12930 I mobile-ffmpeg: 
06-29 01:42:45.248  7674 12930 I mobile-ffmpeg: 
06-29 01:42:45.248  7674 12930 I chatty  : uid=10568(com.example.edgesum) Thread-7 identical 1 line
06-29 01:42:45.248  7674 12930 I mobile-ffmpeg: 
06-29 01:42:45.248  7674 12930 I mobile-ffmpeg:   Duration: 
06-29 01:42:45.248  7674 12930 I mobile-ffmpeg: 
06-29 01:42:45.248  7674 12930 I chatty  : uid=10568(com.example.edgesum) Thread-7 identical 1 line
06-29 01:42:45.248  7674 12930 I mobile-ffmpeg: 
06-29 01:42:45.249  7674 12930 I mobile-ffmpeg: 00:01:00.02
06-29 01:42:45.249  7674 12930 I mobile-ffmpeg: 
06-29 01:42:45.249  7674 12930 I chatty  : uid=10568(com.example.edgesum) Thread-7 identical 1 line
06-29 01:42:45.249  7674 12930 I mobile-ffmpeg: 
06-29 01:42:45.249  7674 12930 I mobile-ffmpeg: , start: 
06-29 01:42:45.249  7674 12930 I mobile-ffmpeg: 
06-29 01:42:45.249  7674 12930 I chatty  : uid=10568(com.example.edgesum) Thread-7 identical 1 line
06-29 01:42:45.249  7674 12930 I mobile-ffmpeg: 
06-29 01:42:45.249  7674 12930 I mobile-ffmpeg: 0.000000
06-29 01:42:45.249  7674 12930 I mobile-ffmpeg: 
06-29 01:42:45.249  7674 12930 I chatty  : uid=10568(com.example.edgesum) Thread-7 identical 1 line
06-29 01:42:45.249  7674 12930 I mobile-ffmpeg: 
06-29 01:42:45.249  7674 12930 I mobile-ffmpeg: , bitrate: 
06-29 01:42:45.249  7674 12930 I mobile-ffmpeg: 
06-29 01:42:45.249  7674 12930 I chatty  : uid=10568(com.example.edgesum) Thread-7 identical 1 line
06-29 01:42:45.249  7674 12930 I mobile-ffmpeg: 
06-29 01:42:45.249  7674 12930 I mobile-ffmpeg: 9328 kb/s
06-29 01:42:45.249  7674 12930 I mobile-ffmpeg: 
06-29 01:42:45.249  7674 12930 I chatty  : uid=10568(com.example.edgesum) Thread-7 identical 1 line
06-29 01:42:45.249  7674 12930 I mobile-ffmpeg: 
06-29 01:42:45.249  7674 12930 I mobile-ffmpeg: 
06-29 01:42:45.249  7674 12930 I mobile-ffmpeg: 
06-29 01:42:45.249  7674 12930 I chatty  : uid=10568(com.example.edgesum) Thread-7 identical 1 line
06-29 01:42:45.249  7674 12930 I mobile-ffmpeg: 
06-29 01:42:45.249  7674 12930 I mobile-ffmpeg:     Stream #0:0
06-29 01:42:45.249  7674 12930 I mobile-ffmpeg: 
06-29 01:42:45.249  7674 12930 I chatty  : uid=10568(com.example.edgesum) Thread-7 identical 1 line
06-29 01:42:45.249  7674 12930 I mobile-ffmpeg: 
06-29 01:42:45.249  7674 12930 I mobile-ffmpeg: (eng)
06-29 01:42:45.249  7674 12930 I mobile-ffmpeg: 
06-29 01:42:45.249  7674 12930 I chatty  : uid=10568(com.example.edgesum) Thread-7 identical 1 line
06-29 01:42:45.249  7674 12930 I mobile-ffmpeg: 
06-29 01:42:45.249  7674 12930 I mobile-ffmpeg: : Video: h264 (avc1 / 0x31637661), yuvj420p(pc, bt709), 1280x720, 8381 kb/s
06-29 01:42:45.249  7674 12930 I mobile-ffmpeg: 
06-29 01:42:45.249  7674 12930 I chatty  : uid=10568(com.example.edgesum) Thread-7 identical 1 line
06-29 01:42:45.249  7674 12930 I mobile-ffmpeg: 
06-29 01:42:45.249  7674 12930 I mobile-ffmpeg: , 
06-29 01:42:45.249  7674 12930 I mobile-ffmpeg: 
06-29 01:42:45.249  7674 12930 I chatty  : uid=10568(com.example.edgesum) Thread-7 identical 1 line
06-29 01:42:45.249  7674 12930 I mobile-ffmpeg: 
06-29 01:42:45.249  7674 12930 I mobile-ffmpeg: 29.97 fps, 
06-29 01:42:45.250  7674 12930 I mobile-ffmpeg: 
06-29 01:42:45.250  7674 12930 I chatty  : uid=10568(com.example.edgesum) Thread-7 identical 1 line
06-29 01:42:45.250  7674 12930 I mobile-ffmpeg: 
06-29 01:42:45.250  7674 12930 I mobile-ffmpeg: 29.97 tbr, 
06-29 01:42:45.250  7674 12930 I mobile-ffmpeg: 
06-29 01:42:45.250  7674 12930 I chatty  : uid=10568(com.example.edgesum) Thread-7 identical 1 line
06-29 01:42:45.250  7674 12930 I mobile-ffmpeg: 
06-29 01:42:45.250  7674 12930 I mobile-ffmpeg: 1k tbn, 
06-29 01:42:45.250  7674 12930 I mobile-ffmpeg: 
06-29 01:42:45.250  7674 12930 I chatty  : uid=10568(com.example.edgesum) Thread-7 identical 1 line
06-29 01:42:45.250  7674 12930 I mobile-ffmpeg: 
06-29 01:42:45.250  7674 12930 I mobile-ffmpeg: 2k tbc
06-29 01:42:45.250  7674 12930 I mobile-ffmpeg: 
06-29 01:42:45.250  7674 12930 I chatty  : uid=10568(com.example.edgesum) Thread-7 identical 1 line
06-29 01:42:45.250  7674 12930 I mobile-ffmpeg: 
06-29 01:42:45.250  7674 12930 I mobile-ffmpeg:  (default)
06-29 01:42:45.250  7674 12930 I mobile-ffmpeg: 
06-29 01:42:45.250  7674 12930 I chatty  : uid=10568(com.example.edgesum) Thread-7 identical 1 line
06-29 01:42:45.250  7674 12930 I mobile-ffmpeg: 
06-29 01:42:45.250  7674 12930 I mobile-ffmpeg: 
06-29 01:42:45.250  7674 12930 I mobile-ffmpeg: 
06-29 01:42:45.250  7674 12930 I chatty  : uid=10568(com.example.edgesum) Thread-7 identical 1 line
06-29 01:42:45.250  7674 12930 I mobile-ffmpeg: 
06-29 01:42:45.250  7674 12930 I mobile-ffmpeg:     Metadata:
06-29 01:42:45.250  7674 12930 I mobile-ffmpeg: 
06-29 01:42:45.250  7674 12930 I chatty  : uid=10568(com.example.edgesum) Thread-7 identical 1 line
06-29 01:42:45.250  7674 12930 I mobile-ffmpeg: 
06-29 01:42:45.250  7674 12930 I mobile-ffmpeg:       creation_time   : 
06-29 01:42:45.250  7674 12930 I mobile-ffmpeg: 
06-29 01:42:45.250  7674 12930 I chatty  : uid=10568(com.example.edgesum) Thread-7 identical 1 line
06-29 01:42:45.250  7674 12930 I mobile-ffmpeg: 
06-29 01:42:45.250  7674 12930 I mobile-ffmpeg: 2020-03-12T04:08:43.000000Z
06-29 01:42:45.250  7674 12930 I mobile-ffmpeg: 
06-29 01:42:45.250  7674 12930 I chatty  : uid=10568(com.example.edgesum) Thread-7 identical 1 line
06-29 01:42:45.250  7674 12930 I mobile-ffmpeg: 
06-29 01:42:45.251  7674 12930 I mobile-ffmpeg: 
06-29 01:42:45.251  7674 12930 I mobile-ffmpeg: 
06-29 01:42:45.251  7674 12930 I chatty  : uid=10568(com.example.edgesum) Thread-7 identical 1 line
06-29 01:42:45.251  7674 12930 I mobile-ffmpeg: 
06-29 01:42:45.251  7674 12930 I mobile-ffmpeg:       handler_name    : 
06-29 01:42:45.251  7674 12930 I mobile-ffmpeg: 
06-29 01:42:45.251  7674 12930 I chatty  : uid=10568(com.example.edgesum) Thread-7 identical 1 line
06-29 01:42:45.251  7674 12930 I mobile-ffmpeg: 
06-29 01:42:45.251  7674 12930 I mobile-ffmpeg: PittaSoft Video Media Handler
06-29 01:42:45.251  7674 12930 I mobile-ffmpeg: 
06-29 01:42:45.251  7674 12930 I chatty  : uid=10568(com.example.edgesum) Thread-7 identical 1 line
06-29 01:42:45.251  7674 12930 I mobile-ffmpeg: 
06-29 01:42:45.251  7674 12930 I mobile-ffmpeg: 
06-29 01:42:45.251  7674 12930 I mobile-ffmpeg: 
06-29 01:42:45.251  7674 12930 I chatty  : uid=10568(com.example.edgesum) Thread-7 identical 1 line
06-29 01:42:45.251  7674 12930 I mobile-ffmpeg: 
06-29 01:42:45.251  7674 12930 I mobile-ffmpeg:     Stream #0:1
06-29 01:42:45.251  7674 12930 I mobile-ffmpeg: 
06-29 01:42:45.251  7674 12930 I chatty  : uid=10568(com.example.edgesum) Thread-7 identical 1 line
06-29 01:42:45.251  7674 12930 I mobile-ffmpeg: 
06-29 01:42:45.251  7674 12930 I mobile-ffmpeg: (eng)
06-29 01:42:45.251  7674 12930 I mobile-ffmpeg: 
06-29 01:42:45.251  7674 12930 I chatty  : uid=10568(com.example.edgesum) Thread-7 identical 1 line
06-29 01:42:45.251  7674 12930 I mobile-ffmpeg: 
06-29 01:42:45.251  7674 12930 I mobile-ffmpeg: : Audio: aac (mp4a / 0x6134706D), 16000 Hz, stereo, fltp, 47 kb/s
06-29 01:42:45.251  7674 12930 I mobile-ffmpeg: 
06-29 01:42:45.251  7674 12930 I chatty  : uid=10568(com.example.edgesum) Thread-7 identical 1 line
06-29 01:42:45.251  7674 12930 I mobile-ffmpeg: 
06-29 01:42:45.251  7674 12930 I mobile-ffmpeg:  (default)
06-29 01:42:45.251  7674 12930 I mobile-ffmpeg: 
06-29 01:42:45.251  7674 12930 I chatty  : uid=10568(com.example.edgesum) Thread-7 identical 1 line
06-29 01:42:45.251  7674 12930 I mobile-ffmpeg: 
06-29 01:42:45.251  7674 12930 I mobile-ffmpeg: 
06-29 01:42:45.251  7674 12930 I mobile-ffmpeg: 
06-29 01:42:45.251  7674 12930 I chatty  : uid=10568(com.example.edgesum) Thread-7 identical 1 line
06-29 01:42:45.251  7674 12930 I mobile-ffmpeg: 
06-29 01:42:45.251  7674 12930 I mobile-ffmpeg:     Metadata:
06-29 01:42:45.251  7674 12930 I mobile-ffmpeg: 
06-29 01:42:45.251  7674 12930 I chatty  : uid=10568(com.example.edgesum) Thread-7 identical 1 line
06-29 01:42:45.251  7674 12930 I mobile-ffmpeg: 
06-29 01:42:45.251  7674 12930 I mobile-ffmpeg:       creation_time   : 
06-29 01:42:45.252  7674 12930 I mobile-ffmpeg: 
06-29 01:42:45.252  7674 12930 I chatty  : uid=10568(com.example.edgesum) Thread-7 identical 1 line
06-29 01:42:45.252  7674 12930 I mobile-ffmpeg: 
06-29 01:42:45.252  7674 12930 I mobile-ffmpeg: 2020-03-12T04:08:43.000000Z
06-29 01:42:45.252  7674 12930 I mobile-ffmpeg: 
06-29 01:42:45.252  7674 12930 I chatty  : uid=10568(com.example.edgesum) Thread-7 identical 1 line
06-29 01:42:45.252  7674 12930 I mobile-ffmpeg: 
06-29 01:42:45.252  7674 12930 I mobile-ffmpeg: 
06-29 01:42:45.252  7674 12930 I mobile-ffmpeg: 
06-29 01:42:45.252  7674 12930 I chatty  : uid=10568(com.example.edgesum) Thread-7 identical 1 line
06-29 01:42:45.252  7674 12930 I mobile-ffmpeg: 
06-29 01:42:45.252  7674 12930 I mobile-ffmpeg:       handler_name    : 
06-29 01:42:45.252  7674 12930 I mobile-ffmpeg: 
06-29 01:42:45.252  7674 12930 I chatty  : uid=10568(com.example.edgesum) Thread-7 identical 1 line
06-29 01:42:45.252  7674 12930 I mobile-ffmpeg: 
06-29 01:42:45.252  7674 12930 I mobile-ffmpeg: PittaSoft Sound Media Handler
06-29 01:42:45.252  7674 12930 I mobile-ffmpeg: 
06-29 01:42:45.252  7674 12930 I chatty  : uid=10568(com.example.edgesum) Thread-7 identical 1 line
06-29 01:42:45.252  7674 12930 I mobile-ffmpeg: 
06-29 01:42:45.252  7674 12930 I mobile-ffmpeg: 
06-29 01:42:45.252  7674 12930 I mobile-ffmpeg: 
06-29 01:42:45.252  7674 12930 I chatty  : uid=10568(com.example.edgesum) Thread-7 identical 1 line
06-29 01:42:45.252  7674 12930 I mobile-ffmpeg: 
06-29 01:42:45.252  7674 12930 I mobile-ffmpeg: Stream mapping:
06-29 01:42:45.252  7674 12930 I mobile-ffmpeg: 
06-29 01:42:45.252  7674 12930 I chatty  : uid=10568(com.example.edgesum) Thread-7 identical 1 line
06-29 01:42:45.252  7674 12930 I mobile-ffmpeg: 
06-29 01:42:45.252  7674 12930 I mobile-ffmpeg:   Stream #0:0 (h264) -> trim
06-29 01:42:45.252  7674 12930 I mobile-ffmpeg: 
06-29 01:42:45.252  7674 12930 I chatty  : uid=10568(com.example.edgesum) Thread-7 identical 1 line
06-29 01:42:45.252  7674 12930 I mobile-ffmpeg: 
06-29 01:42:45.252  7674 12930 I mobile-ffmpeg: 
06-29 01:42:45.252  7674 12930 I mobile-ffmpeg: 
06-29 01:42:45.252  7674 12930 I chatty  : uid=10568(com.example.edgesum) Thread-7 identical 1 line
06-29 01:42:45.252  7674 12930 I mobile-ffmpeg: 
06-29 01:42:45.252  7674 12930 I mobile-ffmpeg:   Stream #0:1 (aac) -> atrim
06-29 01:42:45.252  7674 12930 I mobile-ffmpeg: 
06-29 01:42:45.253  7674 12930 I chatty  : uid=10568(com.example.edgesum) Thread-7 identical 1 line
06-29 01:42:45.253  7674 12930 I mobile-ffmpeg: 
06-29 01:42:45.253  7674 12930 I mobile-ffmpeg: 
06-29 01:42:45.253  7674 12930 I mobile-ffmpeg: 
06-29 01:42:45.253  7674 12930 I chatty  : uid=10568(com.example.edgesum) Thread-7 identical 1 line
06-29 01:42:45.253  7674 12930 I mobile-ffmpeg: 
06-29 01:42:45.253  7674 12930 I mobile-ffmpeg:   concat:out:v0
06-29 01:42:45.253  7674 12930 I mobile-ffmpeg: 
06-29 01:42:45.253  7674 12930 I chatty  : uid=10568(com.example.edgesum) Thread-7 identical 1 line
06-29 01:42:45.253  7674 12930 I mobile-ffmpeg: 
06-29 01:42:45.253  7674 12930 I mobile-ffmpeg:  -> Stream #0:0 (libx264)
06-29 01:42:45.253  7674 12930 I mobile-ffmpeg: 
06-29 01:42:45.253  7674 12930 I chatty  : uid=10568(com.example.edgesum) Thread-7 identical 1 line
06-29 01:42:45.253  7674 12930 I mobile-ffmpeg: 
06-29 01:42:45.253  7674 12930 I mobile-ffmpeg:   concat:out:a0
06-29 01:42:45.253  7674 12930 I mobile-ffmpeg: 
06-29 01:42:45.253  7674 12930 I chatty  : uid=10568(com.example.edgesum) Thread-7 identical 1 line
06-29 01:42:45.253  7674 12930 I mobile-ffmpeg: 
06-29 01:42:45.253  7674 12930 I mobile-ffmpeg:  -> Stream #0:1 (aac)
06-29 01:42:45.253  7674 12930 I mobile-ffmpeg: 
06-29 01:42:45.253  7674 12930 I chatty  : uid=10568(com.example.edgesum) Thread-7 identical 1 line
06-29 01:42:45.253  7674 12930 I mobile-ffmpeg: 
06-29 01:42:45.253  7674 12930 I mobile-ffmpeg: Press [q] to stop, [?] for help
06-29 01:42:45.280  7674 12930 I mobile-ffmpeg: 
06-29 01:42:45.280  7674 12930 I mobile-ffmpeg: [libx264 @ 0x7c9371ec00] 
06-29 01:42:45.280  7674 12930 I mobile-ffmpeg: 
06-29 01:42:45.280  7674 12930 I mobile-ffmpeg: using cpu capabilities: ARMv8 NEON
06-29 01:42:45.286  7674 12930 I mobile-ffmpeg: 
06-29 01:42:45.286  7674 12930 I mobile-ffmpeg: [libx264 @ 0x7c9371ec00] 
06-29 01:42:45.286  7674 12930 I mobile-ffmpeg: 
06-29 01:42:45.286  7674 12930 I mobile-ffmpeg: profile High, level 3.1, 4:2:0, 8-bit
06-29 01:42:45.286  7674 12930 I mobile-ffmpeg: 
06-29 01:42:45.286  7674 12930 I mobile-ffmpeg: [libx264 @ 0x7c9371ec00] 
06-29 01:42:45.286  7674 12930 I mobile-ffmpeg: 
06-29 01:42:45.286  7674 12930 I mobile-ffmpeg: 264 - core 157 - H.264/MPEG-4 AVC codec - Copyleft 2003-2018 - http://www.videolan.org/x264.html - options: cabac=1 ref=3 deblock=1:0:0 analyse=0x3:0x113 me=hex subme=7 psy=1 psy_rd=1.00:0.00 mixed_ref=1 me_range=16 chroma_me=1 trellis=1 8x8dct=1 cqm=0 deadzone=21,11 fast_pskip=1 chroma_qp_offset=-2 threads=12 lookahead_threads=2 sliced_threads=0 nr=0 decimate=1 interlaced=0 bluray_compat=0 constrained_intra=0 bframes=3 b_pyramid=2 b_adapt=1 b_bias=0 direct=1 weightb=1 open_gop=0 weightp=2 keyint=250 keyint_min=25 scenecut=40 intra_refresh=0 rc_lookahead=40 rc=crf mbtree=1 crf=23.0 qcomp=0.60 qpmin=0 qpmax=69 qpstep=4 ip_ratio=1.40 aq=1:1.00
06-29 01:42:45.288  7674 12930 I mobile-ffmpeg: 
06-29 01:42:45.288  7674 12930 I chatty  : uid=10568(com.example.edgesum) Thread-7 identical 1 line
06-29 01:42:45.288  7674 12930 I mobile-ffmpeg: 
06-29 01:42:45.288  7674 12930 I mobile-ffmpeg: Output #0, mp4, to '/storage/emulated/0/Movies/summarised/20200312_150744.mp4':
06-29 01:42:45.288  7674 12930 I mobile-ffmpeg: 
06-29 01:42:45.288  7674 12930 I chatty  : uid=10568(com.example.edgesum) Thread-7 identical 1 line
06-29 01:42:45.288  7674 12930 I mobile-ffmpeg: 
06-29 01:42:45.288  7674 12930 I mobile-ffmpeg:   Metadata:
06-29 01:42:45.288  7674 12930 I mobile-ffmpeg: 
06-29 01:42:45.288  7674 12930 I chatty  : uid=10568(com.example.edgesum) Thread-7 identical 1 line
06-29 01:42:45.288  7674 12930 I mobile-ffmpeg: 
06-29 01:42:45.288  7674 12930 I mobile-ffmpeg:     compatible_brands: 
06-29 01:42:45.288  7674 12930 I mobile-ffmpeg: 
06-29 01:42:45.288  7674 12930 I chatty  : uid=10568(com.example.edgesum) Thread-7 identical 1 line
06-29 01:42:45.288  7674 12930 I mobile-ffmpeg: 
06-29 01:42:45.288  7674 12930 I mobile-ffmpeg: mp42mp42
06-29 01:42:45.289  7674 12930 I mobile-ffmpeg: 
06-29 01:42:45.289  7674 12930 I chatty  : uid=10568(com.example.edgesum) Thread-7 identical 1 line
06-29 01:42:45.289  7674 12930 I mobile-ffmpeg: 
06-29 01:42:45.289  7674 12930 I mobile-ffmpeg: 
06-29 01:42:45.289  7674 12930 I mobile-ffmpeg: 
06-29 01:42:45.289  7674 12930 I chatty  : uid=10568(com.example.edgesum) Thread-7 identical 1 line
06-29 01:42:45.289  7674 12930 I mobile-ffmpeg: 
06-29 01:42:45.289  7674 12930 I mobile-ffmpeg:     major_brand     : 
06-29 01:42:45.289  7674 12930 I mobile-ffmpeg: 
06-29 01:42:45.289  7674 12930 I chatty  : uid=10568(com.example.edgesum) Thread-7 identical 1 line
06-29 01:42:45.289  7674 12930 I mobile-ffmpeg: 
06-29 01:42:45.289  7674 12930 I mobile-ffmpeg: mp42
06-29 01:42:45.289  7674 12930 I mobile-ffmpeg: 
06-29 01:42:45.289  7674 12930 I chatty  : uid=10568(com.example.edgesum) Thread-7 identical 1 line
06-29 01:42:45.289  7674 12930 I mobile-ffmpeg: 
06-29 01:42:45.289  7674 12930 I mobile-ffmpeg: 
06-29 01:42:45.289  7674 12930 I mobile-ffmpeg: 
06-29 01:42:45.289  7674 12930 I chatty  : uid=10568(com.example.edgesum) Thread-7 identical 1 line
06-29 01:42:45.289  7674 12930 I mobile-ffmpeg: 
06-29 01:42:45.289  7674 12930 I mobile-ffmpeg:     minor_version   : 
06-29 01:42:45.289  7674 12930 I mobile-ffmpeg: 
06-29 01:42:45.289  7674 12930 I chatty  : uid=10568(com.example.edgesum) Thread-7 identical 1 line
06-29 01:42:45.289  7674 12930 I mobile-ffmpeg: 
06-29 01:42:45.289  7674 12930 I mobile-ffmpeg: 1
06-29 01:42:45.289  7674 12930 I mobile-ffmpeg: 
06-29 01:42:45.289  7674 12930 I chatty  : uid=10568(com.example.edgesum) Thread-7 identical 1 line
06-29 01:42:45.289  7674 12930 I mobile-ffmpeg: 
06-29 01:42:45.289  7674 12930 I mobile-ffmpeg: 
06-29 01:42:45.289  7674 12930 I mobile-ffmpeg: 
06-29 01:42:45.289  7674 12930 I chatty  : uid=10568(com.example.edgesum) Thread-7 identical 1 line
06-29 01:42:45.289  7674 12930 I mobile-ffmpeg: 
06-29 01:42:45.289  7674 12930 I mobile-ffmpeg:     encoder         : 
06-29 01:42:45.289  7674 12930 I mobile-ffmpeg: 
06-29 01:42:45.289  7674 12930 I chatty  : uid=10568(com.example.edgesum) Thread-7 identical 1 line
06-29 01:42:45.289  7674 12930 I mobile-ffmpeg: 
06-29 01:42:45.289  7674 12930 I mobile-ffmpeg: Lavf58.28.101
06-29 01:42:45.289  7674 12930 I mobile-ffmpeg: 
06-29 01:42:45.289  7674 12930 I chatty  : uid=10568(com.example.edgesum) Thread-7 identical 1 line
06-29 01:42:45.289  7674 12930 I mobile-ffmpeg: 
06-29 01:42:45.290  7674 12930 I mobile-ffmpeg: 
06-29 01:42:45.290  7674 12930 I mobile-ffmpeg: 
06-29 01:42:45.290  7674 12930 I chatty  : uid=10568(com.example.edgesum) Thread-7 identical 1 line
06-29 01:42:45.290  7674 12930 I mobile-ffmpeg: 
06-29 01:42:45.290  7674 12930 I mobile-ffmpeg:     Stream #0:0
06-29 01:42:45.290  7674 12930 I mobile-ffmpeg: 
06-29 01:42:45.290  7674 12930 I chatty  : uid=10568(com.example.edgesum) Thread-7 identical 1 line
06-29 01:42:45.290  7674 12930 I mobile-ffmpeg: 
06-29 01:42:45.290  7674 12930 I mobile-ffmpeg: : Video: h264 (libx264) (avc1 / 0x31637661), yuvj420p(pc), 1280x720, q=-1--1
06-29 01:42:45.290  7674 12930 I mobile-ffmpeg: 
06-29 01:42:45.290  7674 12930 I chatty  : uid=10568(com.example.edgesum) Thread-7 identical 1 line
06-29 01:42:45.290  7674 12930 I mobile-ffmpeg: 
06-29 01:42:45.290  7674 12930 I mobile-ffmpeg: , 
06-29 01:42:45.290  7674 12930 I mobile-ffmpeg: 
06-29 01:42:45.290  7674 12930 I chatty  : uid=10568(com.example.edgesum) Thread-7 identical 1 line
06-29 01:42:45.290  7674 12930 I mobile-ffmpeg: 
06-29 01:42:45.290  7674 12930 I mobile-ffmpeg: 29.97 fps, 
06-29 01:42:45.290  7674 12930 I mobile-ffmpeg: 
06-29 01:42:45.290  7674 12930 I chatty  : uid=10568(com.example.edgesum) Thread-7 identical 1 line
06-29 01:42:45.290  7674 12930 I mobile-ffmpeg: 
06-29 01:42:45.290  7674 12930 I mobile-ffmpeg: 30k tbn, 
06-29 01:42:45.290  7674 12930 I mobile-ffmpeg: 
06-29 01:42:45.290  7674 12930 I chatty  : uid=10568(com.example.edgesum) Thread-7 identical 1 line
06-29 01:42:45.290  7674 12930 I mobile-ffmpeg: 
06-29 01:42:45.290  7674 12930 I mobile-ffmpeg: 29.97 tbc
06-29 01:42:45.290  7674 12930 I mobile-ffmpeg: 
06-29 01:42:45.290  7674 12930 I chatty  : uid=10568(com.example.edgesum) Thread-7 identical 1 line
06-29 01:42:45.290  7674 12930 I mobile-ffmpeg: 
06-29 01:42:45.290  7674 12930 I mobile-ffmpeg:  (default)
06-29 01:42:45.290  7674 12930 I mobile-ffmpeg: 
06-29 01:42:45.290  7674 12930 I chatty  : uid=10568(com.example.edgesum) Thread-7 identical 1 line
06-29 01:42:45.290  7674 12930 I mobile-ffmpeg: 
06-29 01:42:45.290  7674 12930 I mobile-ffmpeg: 
06-29 01:42:45.290  7674 12930 I mobile-ffmpeg: 
06-29 01:42:45.290  7674 12930 I chatty  : uid=10568(com.example.edgesum) Thread-7 identical 1 line
06-29 01:42:45.290  7674 12930 I mobile-ffmpeg: 
06-29 01:42:45.290  7674 12930 I mobile-ffmpeg:     Metadata:
06-29 01:42:45.290  7674 12930 I mobile-ffmpeg: 
06-29 01:42:45.290  7674 12930 I chatty  : uid=10568(com.example.edgesum) Thread-7 identical 1 line
06-29 01:42:45.290  7674 12930 I mobile-ffmpeg: 
06-29 01:42:45.290  7674 12930 I mobile-ffmpeg:       encoder         : 
06-29 01:42:45.290  7674 12930 I mobile-ffmpeg: 
06-29 01:42:45.291  7674 12930 I chatty  : uid=10568(com.example.edgesum) Thread-7 identical 1 line
06-29 01:42:45.291  7674 12930 I mobile-ffmpeg: 
06-29 01:42:45.291  7674 12930 I mobile-ffmpeg: Lavc58.53.101 libx264
06-29 01:42:45.291  7674 12930 I mobile-ffmpeg: 
06-29 01:42:45.291  7674 12930 I chatty  : uid=10568(com.example.edgesum) Thread-7 identical 1 line
06-29 01:42:45.291  7674 12930 I mobile-ffmpeg: 
06-29 01:42:45.291  7674 12930 I mobile-ffmpeg: 
06-29 01:42:45.291  7674 12930 I mobile-ffmpeg: 
06-29 01:42:45.291  7674 12930 I chatty  : uid=10568(com.example.edgesum) Thread-7 identical 1 line
06-29 01:42:45.291  7674 12930 I mobile-ffmpeg: 
06-29 01:42:45.291  7674 12930 I mobile-ffmpeg:     Side data:
06-29 01:42:45.291  7674 12930 I mobile-ffmpeg: 
06-29 01:42:45.291  7674 12930 I chatty  : uid=10568(com.example.edgesum) Thread-7 identical 1 line
06-29 01:42:45.291  7674 12930 I mobile-ffmpeg: 
06-29 01:42:45.291  7674 12930 I mobile-ffmpeg:       
06-29 01:42:45.291  7674 12930 I mobile-ffmpeg: 
06-29 01:42:45.291  7674 12930 I chatty  : uid=10568(com.example.edgesum) Thread-7 identical 1 line
06-29 01:42:45.291  7674 12930 I mobile-ffmpeg: 
06-29 01:42:45.291  7674 12930 I mobile-ffmpeg: cpb: 
06-29 01:42:45.291  7674 12930 I mobile-ffmpeg: 
06-29 01:42:45.291  7674 12930 I chatty  : uid=10568(com.example.edgesum) Thread-7 identical 1 line
06-29 01:42:45.291  7674 12930 I mobile-ffmpeg: 
06-29 01:42:45.291  7674 12930 I mobile-ffmpeg: bitrate max/min/avg: 0/0/0 buffer size: 0 vbv_delay: -1
06-29 01:42:45.291  7674 12930 I mobile-ffmpeg: 
06-29 01:42:45.291  7674 12930 I chatty  : uid=10568(com.example.edgesum) Thread-7 identical 1 line
06-29 01:42:45.291  7674 12930 I mobile-ffmpeg: 
06-29 01:42:45.291  7674 12930 I mobile-ffmpeg: 
06-29 01:42:45.291  7674 12930 I mobile-ffmpeg: 
06-29 01:42:45.291  7674 12930 I chatty  : uid=10568(com.example.edgesum) Thread-7 identical 1 line
06-29 01:42:45.291  7674 12930 I mobile-ffmpeg: 
06-29 01:42:45.645  7674 12930 I mobile-ffmpeg: 
06-29 01:42:45.645  7674 12930 I chatty  : uid=10568(com.example.edgesum) Thread-7 identical 1 line
06-29 01:42:45.645  7674 12930 I mobile-ffmpeg: 
06-29 01:42:45.645  7674 12930 I mobile-ffmpeg: frame=    0 fps=0.0 q=0.0 size=       0kB time=00:00:00.00 bitrate=N/A speed=   0x    
06-29 01:42:46.149  7674 12930 I mobile-ffmpeg: 
06-29 01:42:46.149  7674 12930 I chatty  : uid=10568(com.example.edgesum) Thread-7 identical 1 line
06-29 01:42:46.149  7674 12930 I mobile-ffmpeg: 
06-29 01:42:46.149  7674 12930 I mobile-ffmpeg: frame=    0 fps=0.0 q=0.0 size=       0kB time=00:00:00.00 bitrate=N/A speed=   0x    
06-29 01:42:46.651  7674 12930 I mobile-ffmpeg: 
06-29 01:42:46.651  7674 12930 I chatty  : uid=10568(com.example.edgesum) Thread-7 identical 1 line
06-29 01:42:46.651  7674 12930 I mobile-ffmpeg: 
06-29 01:42:46.651  7674 12930 I mobile-ffmpeg: frame=    0 fps=0.0 q=0.0 size=       0kB time=00:00:00.00 bitrate=N/A speed=   0x    
06-29 01:42:47.159  7674 12930 I mobile-ffmpeg: 
06-29 01:42:47.159  7674 12930 I chatty  : uid=10568(com.example.edgesum) Thread-7 identical 1 line
06-29 01:42:47.159  7674 12930 I mobile-ffmpeg: 
06-29 01:42:47.159  7674 12930 I mobile-ffmpeg: frame=    0 fps=0.0 q=0.0 size=       0kB time=00:00:00.00 bitrate=N/A speed=   0x    
06-29 01:42:47.663  7674 12930 I mobile-ffmpeg: 
06-29 01:42:47.664  7674 12930 I chatty  : uid=10568(com.example.edgesum) Thread-7 identical 1 line
06-29 01:42:47.664  7674 12930 I mobile-ffmpeg: 
06-29 01:42:47.664  7674 12930 I mobile-ffmpeg: frame=    0 fps=0.0 q=0.0 size=       0kB time=00:00:00.00 bitrate=N/A speed=   0x    
06-29 01:42:48.164  7674 12930 I mobile-ffmpeg: 
06-29 01:42:48.164  7674 12930 I chatty  : uid=10568(com.example.edgesum) Thread-7 identical 1 line
06-29 01:42:48.164  7674 12930 I mobile-ffmpeg: 
06-29 01:42:48.165  7674 12930 I mobile-ffmpeg: frame=    0 fps=0.0 q=0.0 size=       0kB time=00:00:00.00 bitrate=N/A speed=   0x    
06-29 01:42:48.669  7674 12930 I mobile-ffmpeg: 
06-29 01:42:48.669  7674 12930 I chatty  : uid=10568(com.example.edgesum) Thread-7 identical 1 line
06-29 01:42:48.669  7674 12930 I mobile-ffmpeg: 
06-29 01:42:48.669  7674 12930 I mobile-ffmpeg: frame=    0 fps=0.0 q=0.0 size=       0kB time=00:00:00.00 bitrate=N/A speed=   0x    
06-29 01:42:48.970  7674  7674 D NearbyFragment: onPayloadReceived(endpointId=lO03, payload=com.google.android.gms.nearby.connection.Payload@daa798)
06-29 01:42:48.970  7674  7674 V NearbyFragment: Started downloading SUMMARISE:-6593461221391342055:20200312_150844.mp4:45.0_1.0_23_medium from Endpoint{id=lO03, name=Nexus 5X [34d8]}
06-29 01:42:48.971  7674  7674 V NearbyFragment: Transfer to lO03: 100%
06-29 01:42:48.991  7674  7674 V NearbyFragment: Transfer to lO03: 100%
06-29 01:42:49.040  7674  7674 D NearbyFragment: onPayloadReceived(endpointId=lO03, payload=com.google.android.gms.nearby.connection.Payload@3b9dbf1)
06-29 01:42:49.040  7674  7674 V NearbyFragment: Transfer to lO03: 0%
06-29 01:42:49.060  7674  7674 V NearbyFragment: Transfer to lO03: 0%
06-29 01:42:49.066  7674  7674 V NearbyFragment: Transfer to lO03: 0%
06-29 01:42:49.072  7674  7674 V NearbyFragment: Transfer to lO03: 0%
06-29 01:42:49.112  7674  7674 V NearbyFragment: Transfer to lO03: 0%
06-29 01:42:49.119  7674  7674 V NearbyFragment: Transfer to lO03: 0%
06-29 01:42:49.123  7674  7674 V NearbyFragment: Transfer to lO03: 0%
06-29 01:42:49.129  7674  7674 V NearbyFragment: Transfer to lO03: 0%
06-29 01:42:49.134  7674  7674 V NearbyFragment: Transfer to lO03: 0%
06-29 01:42:49.143  7674  7674 V NearbyFragment: Transfer to lO03: 0%
06-29 01:42:49.161  7674  7674 V NearbyFragment: Transfer to lO03: 1%
06-29 01:42:49.168  7674  7674 V NearbyFragment: Transfer to lO03: 1%
06-29 01:42:49.170  7674 12930 I mobile-ffmpeg: 
06-29 01:42:49.170  7674 12930 I chatty  : uid=10568(com.example.edgesum) Thread-7 identical 1 line
06-29 01:42:49.170  7674 12930 I mobile-ffmpeg: 
06-29 01:42:49.170  7674 12930 I mobile-ffmpeg: frame=    0 fps=0.0 q=0.0 size=       0kB time=00:00:00.00 bitrate=N/A speed=   0x    
06-29 01:42:49.186  7674  7674 V NearbyFragment: Transfer to lO03: 1%
06-29 01:42:49.205  7674  7674 V NearbyFragment: Transfer to lO03: 1%
06-29 01:42:49.208  7674  7674 V NearbyFragment: Transfer to lO03: 1%
06-29 01:42:49.227  7674  7674 V NearbyFragment: Transfer to lO03: 1%
06-29 01:42:49.241  7674  7674 V NearbyFragment: Transfer to lO03: 1%
06-29 01:42:49.245  7674  7674 V NearbyFragment: Transfer to lO03: 1%
06-29 01:42:49.261  7674  7674 V NearbyFragment: Transfer to lO03: 1%
06-29 01:42:49.298  7674  7674 V NearbyFragment: Transfer to lO03: 1%
06-29 01:42:49.314  7674  7674 V NearbyFragment: Transfer to lO03: 1%
06-29 01:42:49.321  7674  7674 V NearbyFragment: Transfer to lO03: 2%
06-29 01:42:49.343  7674  7674 V NearbyFragment: Transfer to lO03: 2%
06-29 01:42:49.362  7674  7674 V NearbyFragment: Transfer to lO03: 2%
06-29 01:42:49.376  7674  7674 V NearbyFragment: Transfer to lO03: 2%
06-29 01:42:49.384  7674  7674 V NearbyFragment: Transfer to lO03: 2%
06-29 01:42:49.396  7674  7674 V NearbyFragment: Transfer to lO03: 2%
06-29 01:42:49.429  7674  7674 V NearbyFragment: Transfer to lO03: 2%
06-29 01:42:49.442  7674  7674 V NearbyFragment: Transfer to lO03: 2%
06-29 01:42:49.444  7674  7674 V NearbyFragment: Transfer to lO03: 2%
06-29 01:42:49.448  7674  7674 V NearbyFragment: Transfer to lO03: 2%
06-29 01:42:49.452  7674  7674 V NearbyFragment: Transfer to lO03: 2%
06-29 01:42:49.463  7674  7674 V NearbyFragment: Transfer to lO03: 3%
06-29 01:42:49.465  7674  7674 V NearbyFragment: Transfer to lO03: 3%
06-29 01:42:49.465  7674  7674 I chatty  : uid=10568(com.example.edgesum) identical 1 line
06-29 01:42:49.467  7674  7674 V NearbyFragment: Transfer to lO03: 3%
06-29 01:42:49.471  7674  7674 V NearbyFragment: Transfer to lO03: 3%
06-29 01:42:49.483  7674  7674 V NearbyFragment: Transfer to lO03: 3%
06-29 01:42:49.508  7674  7674 V NearbyFragment: Transfer to lO03: 3%
06-29 01:42:49.535  7674  7674 V NearbyFragment: Transfer to lO03: 3%
06-29 01:42:49.535  7674  7674 I chatty  : uid=10568(com.example.edgesum) identical 1 line
06-29 01:42:49.535  7674  7674 V NearbyFragment: Transfer to lO03: 3%
06-29 01:42:49.536  7674  7674 V NearbyFragment: Transfer to lO03: 4%
06-29 01:42:49.538  7674  7674 V NearbyFragment: Transfer to lO03: 4%
06-29 01:42:49.584  7674  7674 V NearbyFragment: Transfer to lO03: 4%
06-29 01:42:49.605  7674  7674 V NearbyFragment: Transfer to lO03: 4%
06-29 01:42:49.628  7674  7674 V NearbyFragment: Transfer to lO03: 4%
06-29 01:42:49.649  7674  7674 V NearbyFragment: Transfer to lO03: 4%
06-29 01:42:49.655  7674  7674 V NearbyFragment: Transfer to lO03: 4%
06-29 01:42:49.661  7674  7674 V NearbyFragment: Transfer to lO03: 4%
06-29 01:42:49.678  7674  7674 V NearbyFragment: Transfer to lO03: 4%
06-29 01:42:49.686  7674 12930 I mobile-ffmpeg: 
06-29 01:42:49.686  7674 12930 I chatty  : uid=10568(com.example.edgesum) Thread-7 identical 1 line
06-29 01:42:49.686  7674 12930 I mobile-ffmpeg: 
06-29 01:42:49.686  7674 12930 I mobile-ffmpeg: frame=    0 fps=0.0 q=0.0 size=       0kB time=00:00:00.00 bitrate=N/A speed=   0x    
06-29 01:42:49.690  7674  7674 V NearbyFragment: Transfer to lO03: 4%
06-29 01:42:49.708  7674  7674 V NearbyFragment: Transfer to lO03: 4%
06-29 01:42:49.716  7674  7674 V NearbyFragment: Transfer to lO03: 5%
06-29 01:42:49.734  7674  7674 V NearbyFragment: Transfer to lO03: 5%
06-29 01:42:49.740  7674  7674 V NearbyFragment: Transfer to lO03: 5%
06-29 01:42:49.744  7674  7674 V NearbyFragment: Transfer to lO03: 5%
06-29 01:42:49.757  7674  7674 V NearbyFragment: Transfer to lO03: 5%
06-29 01:42:49.774  7674  7674 V NearbyFragment: Transfer to lO03: 5%
06-29 01:42:49.814  7674  7674 V NearbyFragment: Transfer to lO03: 5%
06-29 01:42:49.814  7674  7674 V NearbyFragment: Transfer to lO03: 5%
06-29 01:42:49.836  7674  7674 V NearbyFragment: Transfer to lO03: 5%
06-29 01:42:49.837  7674  7674 V NearbyFragment: Transfer to lO03: 5%
06-29 01:42:49.840  7674  7674 V NearbyFragment: Transfer to lO03: 5%
06-29 01:42:49.844  7674  7674 V NearbyFragment: Transfer to lO03: 6%
06-29 01:42:49.848  7674  7674 V NearbyFragment: Transfer to lO03: 6%
06-29 01:42:49.851  7674  7674 V NearbyFragment: Transfer to lO03: 6%
06-29 01:42:49.857  7674  7674 V NearbyFragment: Transfer to lO03: 6%
06-29 01:42:49.865  7674  7674 V NearbyFragment: Transfer to lO03: 6%
06-29 01:42:49.877  7674  7674 V NearbyFragment: Transfer to lO03: 6%
06-29 01:42:49.918  7674  7674 V NearbyFragment: Transfer to lO03: 6%
06-29 01:42:49.928  7674  7674 V NearbyFragment: Transfer to lO03: 6%
06-29 01:42:49.937  7674  7674 V NearbyFragment: Transfer to lO03: 6%
06-29 01:42:49.941  7674  7674 V NearbyFragment: Transfer to lO03: 6%
06-29 01:42:49.970  7674  7674 V NearbyFragment: Transfer to lO03: 7%
06-29 01:42:49.973  7674  7674 V NearbyFragment: Transfer to lO03: 7%
06-29 01:42:49.984  7674  7674 V NearbyFragment: Transfer to lO03: 7%
06-29 01:42:49.989  7674  7674 V NearbyFragment: Transfer to lO03: 7%
06-29 01:42:49.995  7674  7674 V NearbyFragment: Transfer to lO03: 7%
06-29 01:42:50.000  7674  7674 V NearbyFragment: Transfer to lO03: 7%
06-29 01:42:50.014  7674  7674 V NearbyFragment: Transfer to lO03: 7%
06-29 01:42:50.023  7674  7674 V NearbyFragment: Transfer to lO03: 7%
06-29 01:42:50.027  7674  7674 V NearbyFragment: Transfer to lO03: 7%
06-29 01:42:50.031  7674  7674 V NearbyFragment: Transfer to lO03: 7%
06-29 01:42:50.036  7674  7674 V NearbyFragment: Transfer to lO03: 7%
06-29 01:42:50.066  7674  7674 V NearbyFragment: Transfer to lO03: 8%
06-29 01:42:50.090  7674  7674 V NearbyFragment: Transfer to lO03: 8%
06-29 01:42:50.099  7674  7674 V NearbyFragment: Transfer to lO03: 8%
06-29 01:42:50.130  7674  7674 V NearbyFragment: Transfer to lO03: 8%
06-29 01:42:50.137  7674  7674 V NearbyFragment: Transfer to lO03: 8%
06-29 01:42:50.143  7674  7674 V NearbyFragment: Transfer to lO03: 8%
06-29 01:42:50.151  7674  7674 V NearbyFragment: Transfer to lO03: 8%
06-29 01:42:50.159  7674  7674 V NearbyFragment: Transfer to lO03: 8%
06-29 01:42:50.162  7674  7674 V NearbyFragment: Transfer to lO03: 8%
06-29 01:42:50.174  7674  7674 V NearbyFragment: Transfer to lO03: 8%
06-29 01:42:50.181  7674  7674 V NearbyFragment: Transfer to lO03: 8%
06-29 01:42:50.188  7674  7674 V NearbyFragment: Transfer to lO03: 9%
06-29 01:42:50.191  7674  7674 V NearbyFragment: Transfer to lO03: 9%
06-29 01:42:50.196  7674  7674 V NearbyFragment: Transfer to lO03: 9%
06-29 01:42:50.205  7674 12930 I mobile-ffmpeg: 
06-29 01:42:50.205  7674 12930 I chatty  : uid=10568(com.example.edgesum) Thread-7 identical 1 line
06-29 01:42:50.205  7674 12930 I mobile-ffmpeg: 
06-29 01:42:50.205  7674 12930 I mobile-ffmpeg: frame=    0 fps=0.0 q=0.0 size=       0kB time=00:00:00.00 bitrate=N/A speed=   0x    
06-29 01:42:50.225  7674  7674 V NearbyFragment: Transfer to lO03: 9%
06-29 01:42:50.225  7674  7674 V NearbyFragment: Transfer to lO03: 9%
06-29 01:42:50.229  7674  7674 V NearbyFragment: Transfer to lO03: 9%
06-29 01:42:50.233  7674  7674 V NearbyFragment: Transfer to lO03: 9%
06-29 01:42:50.237  7674  7674 V NearbyFragment: Transfer to lO03: 9%
06-29 01:42:50.253  7674  7674 V NearbyFragment: Transfer to lO03: 9%
06-29 01:42:50.268  7674  7674 V NearbyFragment: Transfer to lO03: 9%
06-29 01:42:50.275  7674  7674 V NearbyFragment: Transfer to lO03: 10%
06-29 01:42:50.280  7674  7674 V NearbyFragment: Transfer to lO03: 10%
06-29 01:42:50.285  7674  7674 V NearbyFragment: Transfer to lO03: 10%
06-29 01:42:50.289  7674  7674 V NearbyFragment: Transfer to lO03: 10%
06-29 01:42:50.292  7674  7674 V NearbyFragment: Transfer to lO03: 10%
06-29 01:42:50.293  7674  7674 V NearbyFragment: Transfer to lO03: 10%
06-29 01:42:50.295  7674  7674 V NearbyFragment: Transfer to lO03: 10%
06-29 01:42:50.297  7674  7674 V NearbyFragment: Transfer to lO03: 10%
06-29 01:42:50.300  7674  7674 V NearbyFragment: Transfer to lO03: 10%
06-29 01:42:50.303  7674  7674 V NearbyFragment: Transfer to lO03: 10%
06-29 01:42:50.306  7674  7674 V NearbyFragment: Transfer to lO03: 10%
06-29 01:42:50.321  7674  7674 V NearbyFragment: Transfer to lO03: 11%
06-29 01:42:50.321  7674  7674 V NearbyFragment: Transfer to lO03: 11%
06-29 01:42:50.322  7674  7674 V NearbyFragment: Transfer to lO03: 11%
06-29 01:42:50.322  7674  7674 V NearbyFragment: Transfer to lO03: 11%
06-29 01:42:50.329  7674  7674 V NearbyFragment: Transfer to lO03: 11%
06-29 01:42:50.338  7674  7674 V NearbyFragment: Transfer to lO03: 11%
06-29 01:42:50.340  7674  7674 V NearbyFragment: Transfer to lO03: 11%
06-29 01:42:50.354  7674  7674 V NearbyFragment: Transfer to lO03: 11%
06-29 01:42:50.365  7674  7674 V NearbyFragment: Transfer to lO03: 11%
06-29 01:42:50.373  7674  7674 V NearbyFragment: Transfer to lO03: 11%
06-29 01:42:50.381  7674  7674 V NearbyFragment: Transfer to lO03: 11%
06-29 01:42:50.389  7674  7674 V NearbyFragment: Transfer to lO03: 12%
06-29 01:42:50.398  7674  7674 V NearbyFragment: Transfer to lO03: 12%
06-29 01:42:50.400  7674  7674 V NearbyFragment: Transfer to lO03: 12%
06-29 01:42:50.405  7674  7674 V NearbyFragment: Transfer to lO03: 12%
06-29 01:42:50.409  7674  7674 V NearbyFragment: Transfer to lO03: 12%
06-29 01:42:50.409  7674  7674 V NearbyFragment: Transfer to lO03: 12%
06-29 01:42:50.414  7674  7674 V NearbyFragment: Transfer to lO03: 12%
06-29 01:42:50.415  7674  7674 V NearbyFragment: Transfer to lO03: 12%
06-29 01:42:50.421  7674  7674 V NearbyFragment: Transfer to lO03: 12%
06-29 01:42:50.426  7674  7674 V NearbyFragment: Transfer to lO03: 12%
06-29 01:42:50.432  7674  7674 V NearbyFragment: Transfer to lO03: 13%
06-29 01:42:50.450  7674  7674 V NearbyFragment: Transfer to lO03: 13%
06-29 01:42:50.470  7674  7674 V NearbyFragment: Transfer to lO03: 13%
06-29 01:42:50.470  7674  7674 V NearbyFragment: Transfer to lO03: 13%
06-29 01:42:50.483  7674  7674 V NearbyFragment: Transfer to lO03: 13%
06-29 01:42:50.485  7674  7674 V NearbyFragment: Transfer to lO03: 13%
06-29 01:42:50.485  7674  7674 V NearbyFragment: Transfer to lO03: 13%
06-29 01:42:50.488  7674  7674 V NearbyFragment: Transfer to lO03: 13%
06-29 01:42:50.508  7674  7674 V NearbyFragment: Transfer to lO03: 13%
06-29 01:42:50.509  7674  7674 V NearbyFragment: Transfer to lO03: 13%
06-29 01:42:50.523  7674  7674 V NearbyFragment: Transfer to lO03: 13%
06-29 01:42:50.541  7674  7674 V NearbyFragment: Transfer to lO03: 14%
06-29 01:42:50.585  7674  7674 V NearbyFragment: Transfer to lO03: 14%
06-29 01:42:50.592  7674  7674 V NearbyFragment: Transfer to lO03: 14%
06-29 01:42:50.598  7674  7674 V NearbyFragment: Transfer to lO03: 14%
06-29 01:42:50.607  7674  7674 V NearbyFragment: Transfer to lO03: 14%
06-29 01:42:50.611  7674  7674 V NearbyFragment: Transfer to lO03: 14%
06-29 01:42:50.616  7674  7674 V NearbyFragment: Transfer to lO03: 14%
06-29 01:42:50.622  7674  7674 V NearbyFragment: Transfer to lO03: 14%
06-29 01:42:50.630  7674  7674 V NearbyFragment: Transfer to lO03: 14%
06-29 01:42:50.642  7674  7674 V NearbyFragment: Transfer to lO03: 14%
06-29 01:42:50.642  7674  7674 V NearbyFragment: Transfer to lO03: 14%
06-29 01:42:50.649  7674  7674 V NearbyFragment: Transfer to lO03: 15%
06-29 01:42:50.654  7674  7674 V NearbyFragment: Transfer to lO03: 15%
06-29 01:42:50.666  7674  7674 V NearbyFragment: Transfer to lO03: 15%
06-29 01:42:50.667  7674  7674 V NearbyFragment: Transfer to lO03: 15%
06-29 01:42:50.673  7674  7674 V NearbyFragment: Transfer to lO03: 15%
06-29 01:42:50.677  7674  7674 V NearbyFragment: Transfer to lO03: 15%
06-29 01:42:50.681  7674  7674 V NearbyFragment: Transfer to lO03: 15%
06-29 01:42:50.688  7674  7674 V NearbyFragment: Transfer to lO03: 15%
06-29 01:42:50.711  7674 12930 I mobile-ffmpeg: 
06-29 01:42:50.711  7674 12930 I chatty  : uid=10568(com.example.edgesum) Thread-7 identical 1 line
06-29 01:42:50.711  7674 12930 I mobile-ffmpeg: 
06-29 01:42:50.711  7674 12930 I mobile-ffmpeg: frame=    0 fps=0.0 q=0.0 size=       0kB time=00:00:00.00 bitrate=N/A speed=   0x    
06-29 01:42:50.722  7674  7674 V NearbyFragment: Transfer to lO03: 15%
06-29 01:42:50.741  7674  7674 V NearbyFragment: Transfer to lO03: 15%
06-29 01:42:50.759  7674  7674 V NearbyFragment: Transfer to lO03: 16%
06-29 01:42:50.779  7674  7674 V NearbyFragment: Transfer to lO03: 16%
06-29 01:42:50.820  7674  7674 V NearbyFragment: Transfer to lO03: 16%
06-29 01:42:50.838  7674  7674 V NearbyFragment: Transfer to lO03: 16%
06-29 01:42:50.880  7674  7674 V NearbyFragment: Transfer to lO03: 16%
06-29 01:42:50.884  7674  7674 V NearbyFragment: Transfer to lO03: 16%
06-29 01:42:50.885  7674  7674 V NearbyFragment: Transfer to lO03: 16%
06-29 01:42:50.886  7674  7674 V NearbyFragment: Transfer to lO03: 16%
06-29 01:42:50.891  7674  7674 V NearbyFragment: Transfer to lO03: 16%
06-29 01:42:50.914  7674  7674 V NearbyFragment: Transfer to lO03: 16%
06-29 01:42:50.921  7674  7674 V NearbyFragment: Transfer to lO03: 16%
06-29 01:42:50.933  7674  7674 V NearbyFragment: Transfer to lO03: 17%
06-29 01:42:50.949  7674  7674 V NearbyFragment: Transfer to lO03: 17%
06-29 01:42:50.958  7674  7674 V NearbyFragment: Transfer to lO03: 17%
06-29 01:42:50.962  7674  7674 V NearbyFragment: Transfer to lO03: 17%
06-29 01:42:50.967  7674  7674 V NearbyFragment: Transfer to lO03: 17%
06-29 01:42:50.972  7674  7674 V NearbyFragment: Transfer to lO03: 17%
06-29 01:42:50.978  7674  7674 V NearbyFragment: Transfer to lO03: 17%
06-29 01:42:50.983  7674  7674 V NearbyFragment: Transfer to lO03: 17%
06-29 01:42:51.002  7674  7674 V NearbyFragment: Transfer to lO03: 17%
06-29 01:42:51.012  7674  7674 V NearbyFragment: Transfer to lO03: 17%
06-29 01:42:51.026  7674  7674 V NearbyFragment: Transfer to lO03: 17%
06-29 01:42:51.038  7674  7674 V NearbyFragment: Transfer to lO03: 18%
06-29 01:42:51.039  7674  7674 V NearbyFragment: Transfer to lO03: 18%
06-29 01:42:51.039  7674  7674 V NearbyFragment: Transfer to lO03: 18%
06-29 01:42:51.065  7674  7674 V NearbyFragment: Transfer to lO03: 18%
06-29 01:42:51.077  7674  7674 V NearbyFragment: Transfer to lO03: 18%
06-29 01:42:51.085  7674  7674 V NearbyFragment: Transfer to lO03: 18%
06-29 01:42:51.117  7674  7674 V NearbyFragment: Transfer to lO03: 18%
06-29 01:42:51.131  7674  7674 V NearbyFragment: Transfer to lO03: 18%
06-29 01:42:51.133  7674  7674 V NearbyFragment: Transfer to lO03: 18%
06-29 01:42:51.134  7674  7674 V NearbyFragment: Transfer to lO03: 18%
06-29 01:42:51.143  7674  7674 V NearbyFragment: Transfer to lO03: 19%
06-29 01:42:51.143  7674  7674 V NearbyFragment: Transfer to lO03: 19%
06-29 01:42:51.157  7674  7674 V NearbyFragment: Transfer to lO03: 19%
06-29 01:42:51.158  7674  7674 V NearbyFragment: Transfer to lO03: 19%
06-29 01:42:51.158  7674  7674 V NearbyFragment: Transfer to lO03: 19%
06-29 01:42:51.195  7674  7674 V NearbyFragment: Transfer to lO03: 19%
06-29 01:42:51.215  7674 12930 I mobile-ffmpeg: 
06-29 01:42:51.215  7674 12930 I chatty  : uid=10568(com.example.edgesum) Thread-7 identical 1 line
06-29 01:42:51.215  7674 12930 I mobile-ffmpeg: 
06-29 01:42:51.215  7674 12930 I mobile-ffmpeg: frame=    0 fps=0.0 q=0.0 size=       0kB time=00:00:00.00 bitrate=N/A speed=   0x    
06-29 01:42:51.228  7674  7674 V NearbyFragment: Transfer to lO03: 19%
06-29 01:42:51.245  7674  7674 V NearbyFragment: Transfer to lO03: 19%
06-29 01:42:51.251  7674  7674 V NearbyFragment: Transfer to lO03: 19%
06-29 01:42:51.257  7674  7674 V NearbyFragment: Transfer to lO03: 19%
06-29 01:42:51.273  7674  7674 V NearbyFragment: Transfer to lO03: 19%
06-29 01:42:51.278  7674  7674 V NearbyFragment: Transfer to lO03: 20%
06-29 01:42:51.309  7674  7674 V NearbyFragment: Transfer to lO03: 20%
06-29 01:42:51.309  7674  7674 V NearbyFragment: Transfer to lO03: 20%
06-29 01:42:51.318  7674  7674 V NearbyFragment: Transfer to lO03: 20%
06-29 01:42:51.319  7674  7674 V NearbyFragment: Transfer to lO03: 20%
06-29 01:42:51.343  7674  7674 V NearbyFragment: Transfer to lO03: 20%
06-29 01:42:51.360  7674  7674 V NearbyFragment: Transfer to lO03: 20%
06-29 01:42:51.365  7674  7674 V NearbyFragment: Transfer to lO03: 20%
06-29 01:42:51.370  7674  7674 V NearbyFragment: Transfer to lO03: 20%
06-29 01:42:51.393  7674  7674 V NearbyFragment: Transfer to lO03: 20%
06-29 01:42:51.400  7674  7674 V NearbyFragment: Transfer to lO03: 20%
06-29 01:42:51.406  7674  7674 V NearbyFragment: Transfer to lO03: 21%
06-29 01:42:51.411  7674  7674 V NearbyFragment: Transfer to lO03: 21%
06-29 01:42:51.441  7674  7674 V NearbyFragment: Transfer to lO03: 21%
06-29 01:42:51.442  7674  7674 V NearbyFragment: Transfer to lO03: 21%
06-29 01:42:51.442  7674  7674 V NearbyFragment: Transfer to lO03: 21%
06-29 01:42:51.456  7674  7674 V NearbyFragment: Transfer to lO03: 21%
06-29 01:42:51.467  7674  7674 V NearbyFragment: Transfer to lO03: 21%
06-29 01:42:51.467  7674  7674 V NearbyFragment: Transfer to lO03: 21%
06-29 01:42:51.468  7674  7674 V NearbyFragment: Transfer to lO03: 21%
06-29 01:42:51.483  7674  7674 V NearbyFragment: Transfer to lO03: 21%
06-29 01:42:51.506  7674  7674 V NearbyFragment: Transfer to lO03: 22%
06-29 01:42:51.512  7674  7674 V NearbyFragment: Transfer to lO03: 22%
06-29 01:42:51.517  7674  7674 V NearbyFragment: Transfer to lO03: 22%
06-29 01:42:51.520  7674  7674 V NearbyFragment: Transfer to lO03: 22%
06-29 01:42:51.523  7674  7674 V NearbyFragment: Transfer to lO03: 22%
06-29 01:42:51.524  7674  7674 V NearbyFragment: Transfer to lO03: 22%
06-29 01:42:51.532  7674  7674 V NearbyFragment: Transfer to lO03: 22%
06-29 01:42:51.539  7674  7674 V NearbyFragment: Transfer to lO03: 22%
06-29 01:42:51.545  7674  7674 V NearbyFragment: Transfer to lO03: 22%
06-29 01:42:51.562  7674  7674 V NearbyFragment: Transfer to lO03: 22%
06-29 01:42:51.566  7674  7674 V NearbyFragment: Transfer to lO03: 22%
06-29 01:42:51.573  7674  7674 V NearbyFragment: Transfer to lO03: 23%
06-29 01:42:51.598  7674  7674 V NearbyFragment: Transfer to lO03: 23%
06-29 01:42:51.614  7674  7674 V NearbyFragment: Transfer to lO03: 23%
06-29 01:42:51.626  7674  7674 V NearbyFragment: Transfer to lO03: 23%
06-29 01:42:51.662  7674  7674 V NearbyFragment: Transfer to lO03: 23%
06-29 01:42:51.672  7674  7674 V NearbyFragment: Transfer to lO03: 23%
06-29 01:42:51.678  7674  7674 V NearbyFragment: Transfer to lO03: 23%
06-29 01:42:51.710  7674  7674 V NearbyFragment: Transfer to lO03: 23%
06-29 01:42:51.718  7674 12930 I mobile-ffmpeg: 
06-29 01:42:51.718  7674 12930 I chatty  : uid=10568(com.example.edgesum) Thread-7 identical 1 line
06-29 01:42:51.718  7674 12930 I mobile-ffmpeg: 
06-29 01:42:51.718  7674 12930 I mobile-ffmpeg: frame=    0 fps=0.0 q=0.0 size=       0kB time=00:00:00.00 bitrate=N/A speed=   0x    
06-29 01:42:51.720  7674  7674 V NearbyFragment: Transfer to lO03: 23%
06-29 01:42:51.721  7674  7674 V NearbyFragment: Transfer to lO03: 23%
06-29 01:42:51.721  7674  7674 V NearbyFragment: Transfer to lO03: 23%
06-29 01:42:51.770  7674  7674 V NearbyFragment: Transfer to lO03: 24%
06-29 01:42:51.770  7674  7674 V NearbyFragment: Transfer to lO03: 24%
06-29 01:42:51.771  7674  7674 V NearbyFragment: Transfer to lO03: 24%
06-29 01:42:51.782  7674  7674 V NearbyFragment: Transfer to lO03: 24%
06-29 01:42:51.797  7674  7674 V NearbyFragment: Transfer to lO03: 24%
06-29 01:42:51.805  7674  7674 V NearbyFragment: Transfer to lO03: 24%
06-29 01:42:51.843  7674  7674 V NearbyFragment: Transfer to lO03: 24%
06-29 01:42:51.849  7674  7674 V NearbyFragment: Transfer to lO03: 24%
06-29 01:42:51.858  7674  7674 V NearbyFragment: Transfer to lO03: 24%
06-29 01:42:51.873  7674  7674 V NearbyFragment: Transfer to lO03: 24%
06-29 01:42:51.886  7674  7674 V NearbyFragment: Transfer to lO03: 25%
