--------- beginning of main
06-29 01:40:44.127  7674  7674 E Zygote  : isWhitelistProcess - Process is Whitelisted
06-29 01:40:44.128  7674  7674 E Zygote  : accessInfo : 1
06-29 01:40:44.134  7674  7674 I example.edgesu: Late-enabling -Xcheck:jni
06-29 01:40:44.707  7674  7721 D vndksupport: Loading /vendor/lib64/egl/libGLES_mali.so from current namespace instead of sphal namespace.
06-29 01:40:44.732  7674  7721 D libEGL  : loaded /vendor/lib64/egl/libGLES_mali.so
06-29 01:40:44.782  7674  7674 W example.edgesu: Accessing hidden method Landroid/graphics/drawable/Drawable;->getOpticalInsets()Landroid/graphics/Insets; (light greylist, linking)
06-29 01:40:44.782  7674  7674 W example.edgesu: Accessing hidden field Landroid/graphics/Insets;->left:I (light greylist, linking)
06-29 01:40:44.782  7674  7674 W example.edgesu: Accessing hidden field Landroid/graphics/Insets;->right:I (light greylist, linking)
06-29 01:40:44.782  7674  7674 W example.edgesu: Accessing hidden field Landroid/graphics/Insets;->top:I (light greylist, linking)
06-29 01:40:44.783  7674  7674 W example.edgesu: Accessing hidden field Landroid/graphics/Insets;->bottom:I (light greylist, linking)
06-29 01:40:44.801  7674  7674 I DecorView: createDecorCaptionView >> DecorView@bd6a2f5[], isFloating: false, isApplication: true, hasWindowDecorCaption: false, hasWindowControllerCallback: true
06-29 01:40:44.828  7674  7674 W example.edgesu: Accessing hidden method Landroid/view/View;->computeFitSystemWindows(Landroid/graphics/Rect;Landroid/graphics/Rect;)Z (light greylist, reflection)
06-29 01:40:44.829  7674  7674 W example.edgesu: Accessing hidden method Landroid/view/ViewGroup;->makeOptionalFitsSystemWindows()V (light greylist, reflection)
06-29 01:40:44.936  7674  7674 W example.edgesu: Accessing hidden method Landroid/widget/TextView;->getTextDirectionHeuristic()Landroid/text/TextDirectionHeuristic; (light greylist, linking)
06-29 01:40:44.945  7674  7674 W example.edgesu: Accessing hidden field Landroid/view/View;->mAccessibilityDelegate:Landroid/view/View$AccessibilityDelegate; (light greylist, reflection)
06-29 01:40:45.017  7674  7674 V Repo    : /storage/emulated/0/Movies/raw
06-29 01:40:45.017  7674  7674 V Repo    : /storage/emulated/0/Movies/summarised
06-29 01:40:45.037  7674  7674 V FileManager: External storage is readable
06-29 01:40:45.038  7674  7674 V FileManager: Directory already exists: /storage/emulated/0/Movies/raw
06-29 01:40:45.039  7674  7674 V FileManager: External storage is readable
06-29 01:40:45.039  7674  7674 V FileManager: Directory already exists: /storage/emulated/0/Movies/summarised
06-29 01:40:45.040  7674  7674 V FileManager: External storage is readable
06-29 01:40:45.040  7674  7674 V FileManager: Directory already exists: /storage/emulated/0/Download/nearby
06-29 01:40:45.042  7674  7674 V FileManager: External storage is readable
06-29 01:40:45.042  7674  7674 V FileManager: Directory already exists: /storage/emulated/0/Movies/segment
06-29 01:40:45.043  7674  7674 V FileManager: External storage is readable
06-29 01:40:45.044  7674  7674 V FileManager: Directory already exists: /storage/emulated/0/Movies/segment-sum
06-29 01:40:45.183  7674  7674 V VideoManager: getAllVideoFromExternalStorageFolder
06-29 01:40:45.187  7674  7674 D VideoManager: /storage/emulated/0/Movies/summarised
06-29 01:40:45.200  7674  7674 D VideoManager: 0 videos return
06-29 01:40:45.231  7674  7674 V VideoManager: getAllVideoFromExternalStorageFolder
06-29 01:40:45.234  7674  7674 D VideoManager: /storage/emulated/0/Movies/raw
06-29 01:40:45.240  7674  7674 D VideoManager: 0 videos return
06-29 01:40:45.342  7674  7674 D OpenGLRenderer: Skia GL Pipeline
06-29 01:40:45.345  7674  7674 D EmergencyMode: [EmergencyManager] android createPackageContext successful
06-29 01:40:45.366  7674  7674 D InputTransport: Input channel constructed: fd=61
06-29 01:40:45.367  7674  7674 D ViewRootImpl@3957b9[MainActivity]: setView = DecorView@bd6a2f5[MainActivity] TM=true MM=false
06-29 01:40:45.372  7674  7674 I TransferService: Starting Transfer Service to listen for network connectivity changes.
06-29 01:40:45.373  7674  7674 W LogFactory: Truncating log tag length as it exceed 23, the limit imposed by Android on certain API Levels
06-29 01:40:45.405  7674  7674 I TransferService: Registering the network receiver
06-29 01:40:45.414  7674  7674 E TransferService: No notification is passed in the intent. Unable to transition to foreground.
06-29 01:40:45.445  7674  7674 D ViewRootImpl@3957b9[MainActivity]: dispatchAttachedToWindow
06-29 01:40:45.460  7674  7674 W StaticLayout: maxLineHeight should not be -1.  maxLines:1 lineCount:1
06-29 01:40:45.471  7674  7674 W StaticLayout: maxLineHeight should not be -1.  maxLines:1 lineCount:1
06-29 01:40:45.474  7674  7761 D MainActivity: Scanned /storage/emulated/0/Movies/raw
06-29 01:40:45.474  7674  7761 D MainActivity:   -> uri=content://media/external/file/136268
06-29 01:40:45.476  7674  7674 W StaticLayout: maxLineHeight should not be -1.  maxLines:1 lineCount:1
06-29 01:40:45.481  7674  7674 W StaticLayout: maxLineHeight should not be -1.  maxLines:1 lineCount:1
06-29 01:40:45.494  7674  7674 D ViewRootImpl@3957b9[MainActivity]: Relayout returned: old=[0,0][720,1480] new=[0,0][720,1480] result=0x7 surface={valid=true 535460503552} changed=true
06-29 01:40:45.503  7674  7777 I ConfigStore: android::hardware::configstore::V1_0::ISurfaceFlingerConfigs::hasWideColorDisplay retrieved: 0
06-29 01:40:45.503  7674  7777 I ConfigStore: android::hardware::configstore::V1_0::ISurfaceFlingerConfigs::hasHDRDisplay retrieved: 0
06-29 01:40:45.503  7674  7777 I OpenGLRenderer: Initialized EGL, version 1.4
06-29 01:40:45.503  7674  7777 D OpenGLRenderer: Swap behavior 2
06-29 01:40:45.505  7674  7674 W StaticLayout: maxLineHeight should not be -1.  maxLines:1 lineCount:1
06-29 01:40:45.509  7674  7674 W StaticLayout: maxLineHeight should not be -1.  maxLines:1 lineCount:1
06-29 01:40:45.513  7674  7777 D mali_winsys: EGLint new_window_surface(egl_winsys_display *, void *, EGLSurface, EGLConfig, egl_winsys_surface **, EGLBoolean) returns 0x3000
06-29 01:40:45.513  7674  7777 D OpenGLRenderer: eglCreateWindowSurface = 0x7ca568d480, 0x7cabeee010
06-29 01:40:45.661  7674  7761 D MainActivity: Scanned /storage/emulated/0/Movies/summarised
06-29 01:40:45.661  7674  7761 D MainActivity:   -> uri=content://media/external/file/136267
06-29 01:40:45.738  7674  7777 D vndksupport: Loading /vendor/lib64/hw/android.hardware.graphics.mapper@2.0-impl.so from current namespace instead of sphal namespace.
06-29 01:40:45.772  7674  7674 D ViewRootImpl@3957b9[MainActivity]: MSG_RESIZED: frame=Rect(0, 0 - 720, 1480) ci=Rect(0, 48 - 0, 96) vi=Rect(0, 48 - 0, 96) or=1
06-29 01:40:45.893  7674  7674 D ViewRootImpl@3957b9[MainActivity]: setWindowStopped(false) old=false
06-29 01:40:45.904  7674  7674 D ViewRootImpl@3957b9[MainActivity]: MSG_WINDOW_FOCUS_CHANGED 1 1
06-29 01:40:45.904  7674  7674 D InputMethodManager: prepareNavigationBarInfo() DecorView@bd6a2f5[MainActivity]
06-29 01:40:45.904  7674  7674 D InputMethodManager: getNavigationBarColor() -855310
06-29 01:40:45.909  7674  7674 D InputMethodManager: prepareNavigationBarInfo() DecorView@bd6a2f5[MainActivity]
06-29 01:40:45.909  7674  7674 D InputMethodManager: getNavigationBarColor() -855310
06-29 01:40:45.909  7674  7674 V InputMethodManager: Starting input: tba=com.example.edgesum ic=null mNaviBarColor -855310 mIsGetNaviBarColorSuccess true , NavVisible : true , NavTrans : false
06-29 01:40:45.910  7674  7674 D InputMethodManager: startInputInner - Id : 0
06-29 01:40:45.910  7674  7674 I InputMethodManager: startInputInner - mService.startInputOrWindowGainedFocus
06-29 01:40:45.919  7674  7761 D InputTransport: Input channel constructed: fd=74
06-29 01:40:45.951  7674  7674 D InputMethodManager: prepareNavigationBarInfo() DecorView@bd6a2f5[MainActivity]
06-29 01:40:45.951  7674  7674 D InputMethodManager: getNavigationBarColor() -855310
06-29 01:40:45.951  7674  7674 V InputMethodManager: Starting input: tba=com.example.edgesum ic=null mNaviBarColor -855310 mIsGetNaviBarColorSuccess true , NavVisible : true , NavTrans : false
06-29 01:40:45.951  7674  7674 D InputMethodManager: startInputInner - Id : 0
06-29 01:40:47.474  7674  7674 D ViewRootImpl@3957b9[MainActivity]: ViewPostIme pointer 0
06-29 01:40:47.577  7674  7674 D ViewRootImpl@3957b9[MainActivity]: ViewPostIme pointer 1
06-29 01:40:47.590  7674  7674 V MainActivity: Connect button clicked
06-29 01:41:09.305  7674  7674 D ViewRootImpl@3957b9[MainActivity]: ViewPostIme pointer 0
06-29 01:41:09.376  7674  7674 D ViewRootImpl@3957b9[MainActivity]: ViewPostIme pointer 1
06-29 01:41:09.386  7674  7674 V ConnectionFragment: Discovery switch checked
06-29 01:41:10.552  7674  7674 D NearbyFragment: Started discovering
06-29 01:41:13.376  7674  7674 D NearbyFragment: Found endpoint lO03: Nexus 5X [34d8]
06-29 01:41:13.423  7674  7674 W example.edgesu: Accessing hidden method Landroid/graphics/FontFamily;-><init>()V (light greylist, reflection)
06-29 01:41:13.424  7674  7674 W example.edgesu: Accessing hidden method Landroid/graphics/FontFamily;->addFontFromAssetManager(Landroid/content/res/AssetManager;Ljava/lang/String;IZIII[Landroid/graphics/fonts/FontVariationAxis;)Z (light greylist, reflection)
06-29 01:41:13.424  7674  7674 W example.edgesu: Accessing hidden method Landroid/graphics/FontFamily;->addFontFromBuffer(Ljava/nio/ByteBuffer;I[Landroid/graphics/fonts/FontVariationAxis;II)Z (light greylist, reflection)
06-29 01:41:13.424  7674  7674 W example.edgesu: Accessing hidden method Landroid/graphics/FontFamily;->freeze()Z (light greylist, reflection)
06-29 01:41:13.424  7674  7674 W example.edgesu: Accessing hidden method Landroid/graphics/FontFamily;->abortCreation()V (light greylist, reflection)
06-29 01:41:13.425  7674  7674 W example.edgesu: Accessing hidden method Landroid/graphics/Typeface;->createFromFamiliesWithDefault([Landroid/graphics/FontFamily;Ljava/lang/String;II)Landroid/graphics/Typeface; (light greylist, reflection)
06-29 01:41:18.359  7674  7674 D ViewRootImpl@3957b9[MainActivity]: ViewPostIme pointer 0
06-29 01:41:18.417  7674  7674 D ViewRootImpl@3957b9[MainActivity]: ViewPostIme pointer 1
06-29 01:41:18.466  7674  7674 D NearbyFragment: Selected 'Endpoint{id=lO03, name=Nexus 5X [34d8]}'
06-29 01:41:18.488  7674  7674 D InputTransport: Input channel constructed: fd=78
06-29 01:41:18.491  7674  7674 D ViewRootImpl@d64f8e[Toast]: setView = android.widget.LinearLayout{d5153af V.E...... ......I. 0,0-0,0} TM=true MM=false
06-29 01:41:18.492  7674  7674 V Toast   : Text: Donn in android.widget.Toast$TN@b7a23bc
06-29 01:41:18.495  7674  7674 D ViewRootImpl@d64f8e[Toast]: dispatchAttachedToWindow
06-29 01:41:18.515  7674  7674 D ViewRootImpl@d64f8e[Toast]: Relayout returned: old=[0,48][720,1384] new=[118,1168][602,1256] result=0x7 surface={valid=true 535049355264} changed=true
06-29 01:41:18.520  7674  7777 D mali_winsys: EGLint new_window_surface(egl_winsys_display *, void *, EGLSurface, EGLConfig, egl_winsys_surface **, EGLBoolean) returns 0x3000
06-29 01:41:18.520  7674  7777 D OpenGLRenderer: eglCreateWindowSurface = 0x7c936c8300, 0x7c936d4010
06-29 01:41:18.526  7674  7674 D ViewRootImpl@d64f8e[Toast]: MSG_RESIZED: frame=Rect(118, 1168 - 602, 1256) ci=Rect(0, 0 - 0, 0) vi=Rect(0, 0 - 0, 0) or=1
06-29 01:41:21.973  7674  7777 W libEGL  : EGLNativeWindowType 0x7c936d4010 disconnect failed
06-29 01:41:21.973  7674  7777 D OpenGLRenderer: eglDestroySurface = 0x7c936c8300, 0x7c936d4000
06-29 01:41:21.974  7674  7674 D ViewRootImpl@d64f8e[Toast]: dispatchDetachedFromWindow
06-29 01:41:21.977  7674  7674 D ViewRootImpl@d64f8e[Toast]: Surface release. android.view.ViewRootImpl.doDie:7979 android.view.ViewRootImpl.die:7947 android.view.WindowManagerGlobal.removeViewLocked:497 android.view.WindowManagerGlobal.removeView:435 android.view.WindowManagerImpl.removeViewImmediate:124 android.widget.Toast$TN.handleHide:1110 android.widget.Toast$TN$1.handleMessage:898 android.os.Handler.dispatchMessage:106 
06-29 01:41:21.999  7674  7674 D InputTransport: Input channel destroyed: fd=78
06-29 01:41:22.423  7674  7674 D NearbyFragment: Initiated connection with Endpoint{id=lO03, name=Nexus 5X [34d8]}: Nexus 5X [34d8]
06-29 01:41:22.450  7674  7674 D Dialog  : mIsSamsungBasicInteraction = false
06-29 01:41:22.451  7674  7674 D Dialog  : mIsSamsungBasicInteraction = false, isMetaDataInActivity = false
06-29 01:41:22.516  7674  7674 I DecorView: createDecorCaptionView >> DecorView@a492e54[], isFloating: true, isApplication: true, hasWindowDecorCaption: false, hasWindowControllerCallback: false
06-29 01:41:22.603  7674  7674 D ScrollView: initGoToTop
06-29 01:41:22.657  7674  7674 D InputTransport: Input channel constructed: fd=78
06-29 01:41:22.659  7674  7674 D ViewRootImpl@e16b4f0[MainActivity]: setView = DecorView@a492e54[MainActivity] TM=true MM=false
06-29 01:41:22.660  7674  7674 D NearbyFragment: Requested connection with Endpoint{id=lO03, name=Nexus 5X [34d8]}
06-29 01:41:22.675  7674  7674 D ViewRootImpl@e16b4f0[MainActivity]: dispatchAttachedToWindow
06-29 01:41:22.760  7674  7674 D ViewRootImpl@e16b4f0[MainActivity]: Relayout returned: old=[0,48][720,1384] new=[18,508][702,923] result=0x7 surface={valid=true 535049355264} changed=true
06-29 01:41:22.768  7674  7777 D mali_winsys: EGLint new_window_surface(egl_winsys_display *, void *, EGLSurface, EGLConfig, egl_winsys_surface **, EGLBoolean) returns 0x3000
06-29 01:41:22.768  7674  7777 D OpenGLRenderer: eglCreateWindowSurface = 0x7c936c8980, 0x7c936d4010
06-29 01:41:22.826  7674  7674 D ScrollView:  onsize change changed 
06-29 01:41:22.831  7674  7674 D ViewRootImpl@e16b4f0[MainActivity]: MSG_WINDOW_FOCUS_CHANGED 1 1
06-29 01:41:22.897  7674  7674 D ViewRootImpl@e16b4f0[MainActivity]: MSG_RESIZED: frame=Rect(18, 508 - 702, 923) ci=Rect(0, 0 - 0, 0) vi=Rect(0, 0 - 0, 0) or=1
06-29 01:41:22.960  7674  7674 D ViewRootImpl@3957b9[MainActivity]: MSG_WINDOW_FOCUS_CHANGED 0 1
06-29 01:41:22.960  7674  7674 D InputMethodManager: prepareNavigationBarInfo() DecorView@bd6a2f5[MainActivity]
06-29 01:41:22.960  7674  7674 D InputMethodManager: getNavigationBarColor() -855310
06-29 01:41:24.283  7674  7674 D ViewRootImpl@e16b4f0[MainActivity]: ViewPostIme pointer 0
06-29 01:41:24.363  7674  7674 D ViewRootImpl@e16b4f0[MainActivity]: ViewPostIme pointer 1
06-29 01:41:24.419  7674  7777 W libEGL  : EGLNativeWindowType 0x7c936d4010 disconnect failed
06-29 01:41:24.419  7674  7777 D OpenGLRenderer: eglDestroySurface = 0x7c936c8980, 0x7c936d4000
06-29 01:41:24.419  7674  7777 D OpenGLRenderer: endAllActiveAnimators on 0x7c9371b000 (RippleDrawable) with handle 0x7c8eff59a0
06-29 01:41:24.419  7674  7674 D ViewRootImpl@e16b4f0[MainActivity]: dispatchDetachedFromWindow
06-29 01:41:24.420  7674  7674 D ViewRootImpl@e16b4f0[MainActivity]: Surface release. android.view.ViewRootImpl.doDie:7979 android.view.ViewRootImpl.die:7947 android.view.WindowManagerGlobal.removeViewLocked:497 android.view.WindowManagerGlobal.removeView:435 android.view.WindowManagerImpl.removeViewImmediate:124 android.app.Dialog.dismissDialog:518 android.app.Dialog.dismiss:501 androidx.appcompat.app.AlertController$ButtonHandler.handleMessage:171 
06-29 01:41:24.433  7674  7674 D InputTransport: Input channel destroyed: fd=78
06-29 01:41:24.436  7674  7674 I NearbyFragment: Connected to Endpoint{id=lO03, name=Nexus 5X [34d8]}
06-29 01:41:24.437  7674  7674 D ViewRootImpl@3957b9[MainActivity]: MSG_WINDOW_FOCUS_CHANGED 1 1
06-29 01:41:24.438  7674  7674 D InputMethodManager: prepareNavigationBarInfo() DecorView@bd6a2f5[MainActivity]
06-29 01:41:24.438  7674  7674 D InputMethodManager: getNavigationBarColor() -855310
06-29 01:41:24.449  7674  7674 E ViewRootImpl: sendUserActionEvent() returned.
06-29 01:41:26.833  7674  7674 D ViewRootImpl@3957b9[MainActivity]: ViewPostIme pointer 0
06-29 01:41:26.938  7674  7674 D ViewRootImpl@3957b9[MainActivity]: ViewPostIme pointer 1
06-29 01:41:26.947  7674  7674 V ConnectionFragment: Discovery switch unchecked
06-29 01:41:26.947  7674  7674 D NearbyFragment: Stopped discovering
06-29 01:41:30.628  7674  7674 I TransferNetworkLossHand: Network connectivity changed detected.
06-29 01:41:30.634  7674  7674 I TransferNetworkLossHand: Network connected: true
06-29 01:41:30.640  7674 10791 D TransferNetworkLossHand: Loading transfers from database...
06-29 01:41:30.662  7674 10791 D TransferNetworkLossHand: Closing the cursor for resumeAllTransfers
06-29 01:41:30.663  7674 10791 D TransferNetworkLossHand: 0 transfers are loaded from database.
06-29 01:42:04.156  7674  7674 D NearbyFragment: onPayloadReceived(endpointId=lO03, payload=com.google.android.gms.nearby.connection.Payload@4ad3a4e)
06-29 01:42:04.162  7674  7674 V NearbyFragment: Started downloading SUMMARISE:-7727623964890121347:20200312_150643.mp4:45.0_1.0_23_medium from Endpoint{id=lO03, name=Nexus 5X [34d8]}
06-29 01:42:04.174  7674  7674 V NearbyFragment: Transfer to lO03: 100%
06-29 01:42:04.195  7674  7674 D NearbyFragment: onPayloadReceived(endpointId=lO03, payload=com.google.android.gms.nearby.connection.Payload@465a905)
06-29 01:42:04.199  7674  7674 V NearbyFragment: Transfer to lO03: 0%
06-29 01:42:04.204  7674  7674 V NearbyFragment: Transfer to lO03: 100%
06-29 01:42:04.212  7674  7674 V NearbyFragment: Transfer to lO03: 0%
06-29 01:42:04.216  7674  7674 I chatty  : uid=10568(com.example.edgesum) identical 1 line
06-29 01:42:04.220  7674  7674 V NearbyFragment: Transfer to lO03: 0%
06-29 01:42:04.226  7674  7674 V NearbyFragment: Transfer to lO03: 0%
06-29 01:42:04.230  7674  7674 I chatty  : uid=10568(com.example.edgesum) identical 1 line
06-29 01:42:04.233  7674  7674 V NearbyFragment: Transfer to lO03: 0%
06-29 01:42:04.251  7674  7674 V NearbyFragment: Transfer to lO03: 0%
06-29 01:42:04.254  7674  7674 I chatty  : uid=10568(com.example.edgesum) identical 1 line
06-29 01:42:04.257  7674  7674 V NearbyFragment: Transfer to lO03: 0%
06-29 01:42:04.288  7674  7674 V NearbyFragment: Transfer to lO03: 1%
06-29 01:42:04.291  7674  7674 V NearbyFragment: Transfer to lO03: 1%
06-29 01:42:04.307  7674  7674 V NearbyFragment: Transfer to lO03: 1%
06-29 01:42:04.321  7674  7674 V NearbyFragment: Transfer to lO03: 1%
06-29 01:42:04.343  7674  7674 V NearbyFragment: Transfer to lO03: 1%
06-29 01:42:04.349  7674  7674 V NearbyFragment: Transfer to lO03: 1%
06-29 01:42:04.364  7674  7674 V NearbyFragment: Transfer to lO03: 1%
06-29 01:42:04.373  7674  7674 V NearbyFragment: Transfer to lO03: 1%
06-29 01:42:04.398  7674  7674 V NearbyFragment: Transfer to lO03: 1%
06-29 01:42:04.416  7674  7674 V NearbyFragment: Transfer to lO03: 1%
06-29 01:42:04.419  7674  7674 V NearbyFragment: Transfer to lO03: 1%
06-29 01:42:04.427  7674  7674 V NearbyFragment: Transfer to lO03: 2%
06-29 01:42:04.430  7674  7674 V NearbyFragment: Transfer to lO03: 2%
06-29 01:42:04.437  7674  7674 V NearbyFragment: Transfer to lO03: 2%
06-29 01:42:04.444  7674  7674 V NearbyFragment: Transfer to lO03: 2%
06-29 01:42:04.452  7674  7674 V NearbyFragment: Transfer to lO03: 2%
06-29 01:42:04.458  7674  7674 V NearbyFragment: Transfer to lO03: 2%
06-29 01:42:04.463  7674  7674 V NearbyFragment: Transfer to lO03: 2%
06-29 01:42:04.476  7674  7674 V NearbyFragment: Transfer to lO03: 2%
06-29 01:42:04.482  7674  7674 V NearbyFragment: Transfer to lO03: 2%
06-29 01:42:04.522  7674  7674 V NearbyFragment: Transfer to lO03: 2%
06-29 01:42:04.539  7674  7674 V NearbyFragment: Transfer to lO03: 2%
06-29 01:42:04.544  7674  7674 V NearbyFragment: Transfer to lO03: 3%
06-29 01:42:04.547  7674  7674 V NearbyFragment: Transfer to lO03: 3%
06-29 01:42:04.553  7674  7674 V NearbyFragment: Transfer to lO03: 3%
06-29 01:42:04.559  7674  7674 V NearbyFragment: Transfer to lO03: 3%
06-29 01:42:04.568  7674  7674 V NearbyFragment: Transfer to lO03: 3%
06-29 01:42:04.616  7674  7674 V NearbyFragment: Transfer to lO03: 3%
06-29 01:42:04.652  7674  7674 V NearbyFragment: Transfer to lO03: 3%
06-29 01:42:04.668  7674  7674 V NearbyFragment: Transfer to lO03: 3%
06-29 01:42:04.678  7674  7674 V NearbyFragment: Transfer to lO03: 3%
06-29 01:42:04.699  7674  7674 V NearbyFragment: Transfer to lO03: 3%
06-29 01:42:04.704  7674  7674 V NearbyFragment: Transfer to lO03: 4%
06-29 01:42:04.706  7674  7674 I chatty  : uid=10568(com.example.edgesum) identical 1 line
06-29 01:42:04.708  7674  7674 V NearbyFragment: Transfer to lO03: 4%
06-29 01:42:04.868  7674  7674 V NearbyFragment: Transfer to lO03: 4%
06-29 01:42:04.895  7674  7674 V NearbyFragment: Transfer to lO03: 4%
06-29 01:42:04.917  7674  7674 V NearbyFragment: Transfer to lO03: 4%
06-29 01:42:04.925  7674  7674 V NearbyFragment: Transfer to lO03: 4%
06-29 01:42:04.933  7674  7674 V NearbyFragment: Transfer to lO03: 4%
06-29 01:42:04.936  7674  7674 V NearbyFragment: Transfer to lO03: 4%
06-29 01:42:04.943  7674  7674 V NearbyFragment: Transfer to lO03: 4%
06-29 01:42:04.950  7674  7674 V NearbyFragment: Transfer to lO03: 4%
06-29 01:42:04.958  7674  7674 V NearbyFragment: Transfer to lO03: 5%
06-29 01:42:04.993  7674  7674 V NearbyFragment: Transfer to lO03: 5%
06-29 01:42:05.000  7674  7674 V NearbyFragment: Transfer to lO03: 5%
06-29 01:42:05.011  7674  7674 V NearbyFragment: Transfer to lO03: 5%
06-29 01:42:05.014  7674  7674 I chatty  : uid=10568(com.example.edgesum) identical 1 line
06-29 01:42:05.018  7674  7674 V NearbyFragment: Transfer to lO03: 5%
06-29 01:42:05.032  7674  7674 V NearbyFragment: Transfer to lO03: 5%
06-29 01:42:05.035  7674  7674 V NearbyFragment: Transfer to lO03: 5%
06-29 01:42:05.040  7674  7674 I chatty  : uid=10568(com.example.edgesum) identical 2 lines
06-29 01:42:05.042  7674  7674 V NearbyFragment: Transfer to lO03: 5%
06-29 01:42:05.046  7674  7674 V NearbyFragment: Transfer to lO03: 6%
06-29 01:42:05.049  7674  7674 I chatty  : uid=10568(com.example.edgesum) identical 1 line
06-29 01:42:05.052  7674  7674 V NearbyFragment: Transfer to lO03: 6%
06-29 01:42:05.060  7674  7674 V NearbyFragment: Transfer to lO03: 6%
06-29 01:42:05.063  7674  7674 V NearbyFragment: Transfer to lO03: 6%
06-29 01:42:05.067  7674  7674 V NearbyFragment: Transfer to lO03: 6%
06-29 01:42:05.072  7674  7674 V NearbyFragment: Transfer to lO03: 6%
06-29 01:42:05.076  7674  7674 V NearbyFragment: Transfer to lO03: 6%
06-29 01:42:05.081  7674  7674 V NearbyFragment: Transfer to lO03: 6%
06-29 01:42:05.084  7674  7674 V NearbyFragment: Transfer to lO03: 6%
06-29 01:42:05.087  7674  7674 V NearbyFragment: Transfer to lO03: 7%
06-29 01:42:05.090  7674  7674 V NearbyFragment: Transfer to lO03: 7%
06-29 01:42:05.094  7674  7674 V NearbyFragment: Transfer to lO03: 7%
06-29 01:42:05.097  7674  7674 V NearbyFragment: Transfer to lO03: 7%
06-29 01:42:05.099  7674  7674 V NearbyFragment: Transfer to lO03: 7%
06-29 01:42:05.103  7674  7674 V NearbyFragment: Transfer to lO03: 7%
06-29 01:42:05.105  7674  7674 V NearbyFragment: Transfer to lO03: 7%
06-29 01:42:05.109  7674  7674 V NearbyFragment: Transfer to lO03: 7%
06-29 01:42:05.111  7674  7674 V NearbyFragment: Transfer to lO03: 7%
06-29 01:42:05.115  7674  7674 V NearbyFragment: Transfer to lO03: 7%
06-29 01:42:05.118  7674  7674 V NearbyFragment: Transfer to lO03: 7%
06-29 01:42:05.126  7674  7674 V NearbyFragment: Transfer to lO03: 8%
06-29 01:42:05.130  7674  7674 V NearbyFragment: Transfer to lO03: 8%
06-29 01:42:05.137  7674  7674 V NearbyFragment: Transfer to lO03: 8%
06-29 01:42:05.154  7674  7674 V NearbyFragment: Transfer to lO03: 8%
06-29 01:42:05.171  7674  7674 V NearbyFragment: Transfer to lO03: 8%
06-29 01:42:05.171  7674  7674 V NearbyFragment: Transfer to lO03: 8%
06-29 01:42:05.200  7674  7674 V NearbyFragment: Transfer to lO03: 8%
06-29 01:42:05.233  7674  7674 V NearbyFragment: Transfer to lO03: 8%
06-29 01:42:05.235  7674  7674 V NearbyFragment: Transfer to lO03: 8%
06-29 01:42:05.260  7674  7674 V NearbyFragment: Transfer to lO03: 8%
06-29 01:42:05.263  7674  7674 V NearbyFragment: Transfer to lO03: 8%
06-29 01:42:05.266  7674  7674 V NearbyFragment: Transfer to lO03: 9%
06-29 01:42:05.296  7674  7674 V NearbyFragment: Transfer to lO03: 9%
06-29 01:42:05.307  7674  7674 V NearbyFragment: Transfer to lO03: 9%
06-29 01:42:05.322  7674  7674 V NearbyFragment: Transfer to lO03: 9%
06-29 01:42:05.333  7674  7674 V NearbyFragment: Transfer to lO03: 9%
06-29 01:42:05.343  7674  7674 V NearbyFragment: Transfer to lO03: 9%
06-29 01:42:05.349  7674  7674 V NearbyFragment: Transfer to lO03: 9%
06-29 01:42:05.362  7674  7674 V NearbyFragment: Transfer to lO03: 9%
06-29 01:42:05.369  7674  7674 V NearbyFragment: Transfer to lO03: 9%
06-29 01:42:05.387  7674  7674 V NearbyFragment: Transfer to lO03: 9%
06-29 01:42:05.417  7674  7674 V NearbyFragment: Transfer to lO03: 10%
06-29 01:42:05.427  7674  7674 V NearbyFragment: Transfer to lO03: 10%
06-29 01:42:05.429  7674  7674 V NearbyFragment: Transfer to lO03: 10%
06-29 01:42:05.442  7674  7674 V NearbyFragment: Transfer to lO03: 10%
06-29 01:42:05.454  7674  7674 V NearbyFragment: Transfer to lO03: 10%
06-29 01:42:05.458  7674  7674 V NearbyFragment: Transfer to lO03: 10%
06-29 01:42:05.463  7674  7674 V NearbyFragment: Transfer to lO03: 10%
06-29 01:42:05.469  7674  7674 V NearbyFragment: Transfer to lO03: 10%
06-29 01:42:05.474  7674  7674 V NearbyFragment: Transfer to lO03: 10%
06-29 01:42:05.478  7674  7674 V NearbyFragment: Transfer to lO03: 10%
06-29 01:42:05.483  7674  7674 V NearbyFragment: Transfer to lO03: 10%
06-29 01:42:05.492  7674  7674 V NearbyFragment: Transfer to lO03: 11%
06-29 01:42:05.493  7674  7674 I chatty  : uid=10568(com.example.edgesum) identical 1 line
06-29 01:42:05.501  7674  7674 V NearbyFragment: Transfer to lO03: 11%
06-29 01:42:05.515  7674  7674 V NearbyFragment: Transfer to lO03: 11%
06-29 01:42:05.519  7674  7674 V NearbyFragment: Transfer to lO03: 11%
06-29 01:42:05.553  7674  7674 V NearbyFragment: Transfer to lO03: 11%
06-29 01:42:05.580  7674  7674 V NearbyFragment: Transfer to lO03: 11%
06-29 01:42:05.583  7674  7674 V NearbyFragment: Transfer to lO03: 11%
06-29 01:42:05.588  7674  7674 V NearbyFragment: Transfer to lO03: 11%
06-29 01:42:05.591  7674  7674 V NearbyFragment: Transfer to lO03: 11%
06-29 01:42:05.595  7674  7674 V NearbyFragment: Transfer to lO03: 11%
06-29 01:42:05.596  7674  7674 V NearbyFragment: Transfer to lO03: 12%
06-29 01:42:05.704  7674  7674 V NearbyFragment: Transfer to lO03: 12%
06-29 01:42:05.730  7674  7674 V NearbyFragment: Transfer to lO03: 12%
06-29 01:42:05.736  7674  7674 V NearbyFragment: Transfer to lO03: 12%
06-29 01:42:05.745  7674  7674 V NearbyFragment: Transfer to lO03: 12%
06-29 01:42:05.770  7674  7674 V NearbyFragment: Transfer to lO03: 12%
06-29 01:42:05.772  7674  7674 V NearbyFragment: Transfer to lO03: 12%
06-29 01:42:05.775  7674  7674 V NearbyFragment: Transfer to lO03: 12%
06-29 01:42:05.796  7674  7674 V NearbyFragment: Transfer to lO03: 12%
06-29 01:42:05.803  7674  7674 V NearbyFragment: Transfer to lO03: 12%
06-29 01:42:05.814  7674  7674 V NearbyFragment: Transfer to lO03: 13%
06-29 01:42:05.826  7674  7674 V NearbyFragment: Transfer to lO03: 13%
06-29 01:42:05.829  7674  7674 V NearbyFragment: Transfer to lO03: 13%
06-29 01:42:05.853  7674  7674 V NearbyFragment: Transfer to lO03: 13%
06-29 01:42:05.859  7674  7674 V NearbyFragment: Transfer to lO03: 13%
06-29 01:42:05.869  7674  7674 V NearbyFragment: Transfer to lO03: 13%
06-29 01:42:05.884  7674  7674 V NearbyFragment: Transfer to lO03: 13%
06-29 01:42:05.886  7674  7674 V NearbyFragment: Transfer to lO03: 13%
06-29 01:42:05.913  7674  7674 V NearbyFragment: Transfer to lO03: 13%
06-29 01:42:05.931  7674  7674 V NearbyFragment: Transfer to lO03: 13%
06-29 01:42:05.933  7674  7674 V NearbyFragment: Transfer to lO03: 13%
06-29 01:42:05.936  7674  7674 V NearbyFragment: Transfer to lO03: 14%
06-29 01:42:05.942  7674  7674 V NearbyFragment: Transfer to lO03: 14%
06-29 01:42:05.949  7674  7674 V NearbyFragment: Transfer to lO03: 14%
06-29 01:42:05.980  7674  7674 V NearbyFragment: Transfer to lO03: 14%
06-29 01:42:05.983  7674  7674 I chatty  : uid=10568(com.example.edgesum) identical 1 line
06-29 01:42:05.985  7674  7674 V NearbyFragment: Transfer to lO03: 14%
06-29 01:42:05.997  7674  7674 V NearbyFragment: Transfer to lO03: 14%
06-29 01:42:05.999  7674  7674 V NearbyFragment: Transfer to lO03: 14%
06-29 01:42:06.020  7674  7674 V NearbyFragment: Transfer to lO03: 14%
06-29 01:42:06.026  7674  7674 V NearbyFragment: Transfer to lO03: 14%
06-29 01:42:06.105  7674  7674 V NearbyFragment: Transfer to lO03: 14%
06-29 01:42:06.139  7674  7674 V NearbyFragment: Transfer to lO03: 15%
06-29 01:42:06.167  7674  7674 V NearbyFragment: Transfer to lO03: 15%
06-29 01:42:06.179  7674  7674 V NearbyFragment: Transfer to lO03: 15%
06-29 01:42:06.187  7674  7674 V NearbyFragment: Transfer to lO03: 15%
06-29 01:42:06.210  7674  7674 V NearbyFragment: Transfer to lO03: 15%
06-29 01:42:06.212  7674  7674 V NearbyFragment: Transfer to lO03: 15%
06-29 01:42:06.215  7674  7674 V NearbyFragment: Transfer to lO03: 15%
06-29 01:42:06.221  7674  7674 V NearbyFragment: Transfer to lO03: 15%
06-29 01:42:06.223  7674  7674 V NearbyFragment: Transfer to lO03: 15%
06-29 01:42:06.233  7674  7674 V NearbyFragment: Transfer to lO03: 15%
06-29 01:42:06.240  7674  7674 V NearbyFragment: Transfer to lO03: 16%
06-29 01:42:06.242  7674  7674 V NearbyFragment: Transfer to lO03: 16%
06-29 01:42:06.247  7674  7674 V NearbyFragment: Transfer to lO03: 16%
06-29 01:42:06.258  7674  7674 V NearbyFragment: Transfer to lO03: 16%
06-29 01:42:06.259  7674  7674 V NearbyFragment: Transfer to lO03: 16%
06-29 01:42:06.262  7674  7674 V NearbyFragment: Transfer to lO03: 16%
06-29 01:42:06.276  7674  7674 V NearbyFragment: Transfer to lO03: 16%
06-29 01:42:06.282  7674  7674 V NearbyFragment: Transfer to lO03: 16%
06-29 01:42:06.284  7674  7674 V NearbyFragment: Transfer to lO03: 16%
06-29 01:42:06.286  7674  7674 V NearbyFragment: Transfer to lO03: 16%
06-29 01:42:06.299  7674  7674 V NearbyFragment: Transfer to lO03: 16%
06-29 01:42:06.306  7674  7674 V NearbyFragment: Transfer to lO03: 17%
06-29 01:42:06.312  7674  7674 V NearbyFragment: Transfer to lO03: 17%
06-29 01:42:06.327  7674  7674 V NearbyFragment: Transfer to lO03: 17%
06-29 01:42:06.359  7674  7674 V NearbyFragment: Transfer to lO03: 17%
06-29 01:42:06.411  7674  7674 V NearbyFragment: Transfer to lO03: 17%
06-29 01:42:06.414  7674  7674 V NearbyFragment: Transfer to lO03: 17%
06-29 01:42:06.416  7674  7674 V NearbyFragment: Transfer to lO03: 17%
06-29 01:42:06.421  7674  7674 V NearbyFragment: Transfer to lO03: 17%
06-29 01:42:06.425  7674  7674 V NearbyFragment: Transfer to lO03: 17%
06-29 01:42:06.429  7674  7674 V NearbyFragment: Transfer to lO03: 17%
06-29 01:42:06.438  7674  7674 V NearbyFragment: Transfer to lO03: 17%
06-29 01:42:06.479  7674  7674 V NearbyFragment: Transfer to lO03: 18%
06-29 01:42:06.500  7674  7674 V NearbyFragment: Transfer to lO03: 18%
06-29 01:42:06.502  7674  7674 V NearbyFragment: Transfer to lO03: 18%
06-29 01:42:06.505  7674  7674 V NearbyFragment: Transfer to lO03: 18%
06-29 01:42:06.507  7674  7674 V NearbyFragment: Transfer to lO03: 18%
06-29 01:42:06.510  7674  7674 V NearbyFragment: Transfer to lO03: 18%
06-29 01:42:06.514  7674  7674 V NearbyFragment: Transfer to lO03: 18%
06-29 01:42:06.519  7674  7674 V NearbyFragment: Transfer to lO03: 18%
06-29 01:42:06.523  7674  7674 V NearbyFragment: Transfer to lO03: 18%
06-29 01:42:06.528  7674  7674 V NearbyFragment: Transfer to lO03: 18%
06-29 01:42:06.532  7674  7674 V NearbyFragment: Transfer to lO03: 19%
06-29 01:42:06.536  7674  7674 V NearbyFragment: Transfer to lO03: 19%
06-29 01:42:06.540  7674  7674 V NearbyFragment: Transfer to lO03: 19%
06-29 01:42:06.545  7674  7674 V NearbyFragment: Transfer to lO03: 19%
06-29 01:42:06.548  7674  7674 V NearbyFragment: Transfer to lO03: 19%
06-29 01:42:06.556  7674  7674 V NearbyFragment: Transfer to lO03: 19%
06-29 01:42:06.561  7674  7674 V NearbyFragment: Transfer to lO03: 19%
06-29 01:42:06.568  7674  7674 V NearbyFragment: Transfer to lO03: 19%
06-29 01:42:06.571  7674  7674 V NearbyFragment: Transfer to lO03: 19%
06-29 01:42:06.577  7674  7674 V NearbyFragment: Transfer to lO03: 19%
06-29 01:42:06.603  7674  7674 V NearbyFragment: Transfer to lO03: 19%
06-29 01:42:06.610  7674  7674 V NearbyFragment: Transfer to lO03: 20%
06-29 01:42:06.613  7674  7674 V NearbyFragment: Transfer to lO03: 20%
06-29 01:42:06.635  7674  7674 V NearbyFragment: Transfer to lO03: 20%
06-29 01:42:06.636  7674  7674 V NearbyFragment: Transfer to lO03: 20%
06-29 01:42:06.651  7674  7674 V NearbyFragment: Transfer to lO03: 20%
06-29 01:42:06.673  7674  7674 V NearbyFragment: Transfer to lO03: 20%
06-29 01:42:06.676  7674  7674 V NearbyFragment: Transfer to lO03: 20%
06-29 01:42:06.678  7674  7674 V NearbyFragment: Transfer to lO03: 20%
06-29 01:42:06.681  7674  7674 V NearbyFragment: Transfer to lO03: 20%
06-29 01:42:06.683  7674  7674 V NearbyFragment: Transfer to lO03: 20%
06-29 01:42:06.685  7674  7674 V NearbyFragment: Transfer to lO03: 20%
06-29 01:42:06.694  7674  7674 V NearbyFragment: Transfer to lO03: 21%
06-29 01:42:06.702  7674  7674 V NearbyFragment: Transfer to lO03: 21%
06-29 01:42:06.709  7674  7674 V NearbyFragment: Transfer to lO03: 21%
06-29 01:42:06.715  7674  7674 V NearbyFragment: Transfer to lO03: 21%
06-29 01:42:06.724  7674  7674 V NearbyFragment: Transfer to lO03: 21%
06-29 01:42:06.731  7674  7674 V NearbyFragment: Transfer to lO03: 21%
06-29 01:42:06.736  7674  7674 V NearbyFragment: Transfer to lO03: 21%
06-29 01:42:06.743  7674  7674 V NearbyFragment: Transfer to lO03: 21%
06-29 01:42:06.759  7674  7674 V NearbyFragment: Transfer to lO03: 21%
06-29 01:42:06.762  7674  7674 V NearbyFragment: Transfer to lO03: 21%
06-29 01:42:06.771  7674  7674 V NearbyFragment: Transfer to lO03: 22%
06-29 01:42:06.782  7674  7674 V NearbyFragment: Transfer to lO03: 22%
06-29 01:42:06.790  7674  7674 V NearbyFragment: Transfer to lO03: 22%
06-29 01:42:06.819  7674  7674 V NearbyFragment: Transfer to lO03: 22%
06-29 01:42:06.823  7674  7674 V NearbyFragment: Transfer to lO03: 22%
06-29 01:42:06.829  7674  7674 V NearbyFragment: Transfer to lO03: 22%
06-29 01:42:06.834  7674  7674 V NearbyFragment: Transfer to lO03: 22%
06-29 01:42:06.841  7674  7674 V NearbyFragment: Transfer to lO03: 22%
06-29 01:42:06.844  7674  7674 V NearbyFragment: Transfer to lO03: 22%
06-29 01:42:06.847  7674  7674 V NearbyFragment: Transfer to lO03: 22%
06-29 01:42:06.850  7674  7674 V NearbyFragment: Transfer to lO03: 22%
06-29 01:42:06.854  7674  7674 V NearbyFragment: Transfer to lO03: 23%
06-29 01:42:06.858  7674  7674 V NearbyFragment: Transfer to lO03: 23%
06-29 01:42:06.865  7674  7674 V NearbyFragment: Transfer to lO03: 23%
06-29 01:42:06.872  7674  7674 V NearbyFragment: Transfer to lO03: 23%
06-29 01:42:06.877  7674  7674 V NearbyFragment: Transfer to lO03: 23%
06-29 01:42:06.879  7674  7674 V NearbyFragment: Transfer to lO03: 23%
06-29 01:42:06.885  7674  7674 V NearbyFragment: Transfer to lO03: 23%
06-29 01:42:06.889  7674  7674 V NearbyFragment: Transfer to lO03: 23%
06-29 01:42:06.894  7674  7674 V NearbyFragment: Transfer to lO03: 23%
06-29 01:42:06.899  7674  7674 V NearbyFragment: Transfer to lO03: 23%
06-29 01:42:06.905  7674  7674 V NearbyFragment: Transfer to lO03: 23%
06-29 01:42:06.911  7674  7674 V NearbyFragment: Transfer to lO03: 24%
06-29 01:42:06.915  7674  7674 V NearbyFragment: Transfer to lO03: 24%
06-29 01:42:06.921  7674  7674 V NearbyFragment: Transfer to lO03: 24%
06-29 01:42:06.922  7674  7674 V NearbyFragment: Transfer to lO03: 24%
06-29 01:42:06.934  7674  7674 V NearbyFragment: Transfer to lO03: 24%
06-29 01:42:06.939  7674  7674 V NearbyFragment: Transfer to lO03: 24%
06-29 01:42:06.941  7674  7674 V NearbyFragment: Transfer to lO03: 24%
06-29 01:42:06.947  7674  7674 V NearbyFragment: Transfer to lO03: 24%
06-29 01:42:06.952  7674  7674 V NearbyFragment: Transfer to lO03: 24%
06-29 01:42:06.958  7674  7674 V NearbyFragment: Transfer to lO03: 24%
06-29 01:42:06.971  7674  7674 V NearbyFragment: Transfer to lO03: 25%
06-29 01:42:06.979  7674  7674 V NearbyFragment: Transfer to lO03: 25%
06-29 01:42:06.989  7674  7674 V NearbyFragment: Transfer to lO03: 25%
06-29 01:42:06.989  7674  7674 V NearbyFragment: Transfer to lO03: 25%
06-29 01:42:07.023  7674  7674 V NearbyFragment: Transfer to lO03: 25%
06-29 01:42:07.028  7674  7674 V NearbyFragment: Transfer to lO03: 25%
06-29 01:42:07.070  7674  7674 V NearbyFragment: Transfer to lO03: 25%
06-29 01:42:07.099  7674  7674 V NearbyFragment: Transfer to lO03: 25%
06-29 01:42:07.104  7674  7674 V NearbyFragment: Transfer to lO03: 25%
06-29 01:42:07.109  7674  7674 V NearbyFragment: Transfer to lO03: 25%
06-29 01:42:07.116  7674  7674 V NearbyFragment: Transfer to lO03: 25%
06-29 01:42:07.121  7674  7674 V NearbyFragment: Transfer to lO03: 26%
06-29 01:42:07.125  7674  7674 V NearbyFragment: Transfer to lO03: 26%
06-29 01:42:07.127  7674  7674 V NearbyFragment: Transfer to lO03: 26%
06-29 01:42:07.133  7674  7674 V NearbyFragment: Transfer to lO03: 26%
06-29 01:42:07.137  7674  7674 V NearbyFragment: Transfer to lO03: 26%
06-29 01:42:07.138  7674  7674 V NearbyFragment: Transfer to lO03: 26%
06-29 01:42:07.141  7674  7674 V NearbyFragment: Transfer to lO03: 26%
06-29 01:42:07.251  7674  7674 V NearbyFragment: Transfer to lO03: 26%
06-29 01:42:07.266  7674  7674 V NearbyFragment: Transfer to lO03: 26%
06-29 01:42:07.315  7674  7674 V NearbyFragment: Transfer to lO03: 26%
06-29 01:42:07.335  7674  7674 V NearbyFragment: Transfer to lO03: 26%
06-29 01:42:07.338  7674  7674 V NearbyFragment: Transfer to lO03: 27%
06-29 01:42:07.362  7674  7674 V NearbyFragment: Transfer to lO03: 27%
06-29 01:42:07.375  7674  7674 V NearbyFragment: Transfer to lO03: 27%
06-29 01:42:07.377  7674  7674 V NearbyFragment: Transfer to lO03: 27%
06-29 01:42:07.384  7674  7674 V NearbyFragment: Transfer to lO03: 27%
06-29 01:42:07.395  7674  7674 V NearbyFragment: Transfer to lO03: 27%
06-29 01:42:07.407  7674  7674 V NearbyFragment: Transfer to lO03: 27%
06-29 01:42:07.418  7674  7674 V NearbyFragment: Transfer to lO03: 27%
06-29 01:42:07.434  7674  7674 V NearbyFragment: Transfer to lO03: 27%
06-29 01:42:07.489  7674  7674 V NearbyFragment: Transfer to lO03: 27%
06-29 01:42:07.517  7674  7674 V NearbyFragment: Transfer to lO03: 27%
06-29 01:42:07.528  7674  7674 V NearbyFragment: Transfer to lO03: 28%
06-29 01:42:07.595  7674  7674 V NearbyFragment: Transfer to lO03: 28%
06-29 01:42:07.614  7674  7674 V NearbyFragment: Transfer to lO03: 28%
06-29 01:42:07.616  7674  7674 V NearbyFragment: Transfer to lO03: 28%
06-29 01:42:07.626  7674  7674 V NearbyFragment: Transfer to lO03: 28%
06-29 01:42:07.628  7674  7674 V NearbyFragment: Transfer to lO03: 28%
06-29 01:42:07.638  7674  7674 V NearbyFragment: Transfer to lO03: 28%
06-29 01:42:07.651  7674  7674 V NearbyFragment: Transfer to lO03: 28%
06-29 01:42:07.656  7674  7674 V NearbyFragment: Transfer to lO03: 28%
06-29 01:42:07.663  7674  7674 V NearbyFragment: Transfer to lO03: 28%
06-29 01:42:07.668  7674  7674 V NearbyFragment: Transfer to lO03: 29%
06-29 01:42:07.675  7674  7674 V NearbyFragment: Transfer to lO03: 29%
06-29 01:42:07.681  7674  7674 V NearbyFragment: Transfer to lO03: 29%
06-29 01:42:07.685  7674  7674 V NearbyFragment: Transfer to lO03: 29%
06-29 01:42:07.694  7674  7674 V NearbyFragment: Transfer to lO03: 29%
06-29 01:42:07.704  7674  7674 V NearbyFragment: Transfer to lO03: 29%
06-29 01:42:07.715  7674  7674 V NearbyFragment: Transfer to lO03: 29%
06-29 01:42:07.717  7674  7674 V NearbyFragment: Transfer to lO03: 29%
06-29 01:42:07.723  7674  7674 V NearbyFragment: Transfer to lO03: 29%
06-29 01:42:07.731  7674  7674 V NearbyFragment: Transfer to lO03: 29%
06-29 01:42:07.739  7674  7674 V NearbyFragment: Transfer to lO03: 29%
06-29 01:42:07.743  7674  7674 V NearbyFragment: Transfer to lO03: 30%
06-29 01:42:07.745  7674  7674 V NearbyFragment: Transfer to lO03: 30%
06-29 01:42:07.748  7674  7674 V NearbyFragment: Transfer to lO03: 30%
06-29 01:42:07.751  7674  7674 V NearbyFragment: Transfer to lO03: 30%
06-29 01:42:07.755  7674  7674 V NearbyFragment: Transfer to lO03: 30%
06-29 01:42:07.758  7674  7674 V NearbyFragment: Transfer to lO03: 30%
06-29 01:42:07.762  7674  7674 V NearbyFragment: Transfer to lO03: 30%
06-29 01:42:07.765  7674  7674 V NearbyFragment: Transfer to lO03: 30%
06-29 01:42:07.769  7674  7674 V NearbyFragment: Transfer to lO03: 30%
06-29 01:42:07.773  7674  7674 V NearbyFragment: Transfer to lO03: 30%
06-29 01:42:07.777  7674  7674 V NearbyFragment: Transfer to lO03: 30%
06-29 01:42:07.791  7674  7674 V NearbyFragment: Transfer to lO03: 31%
06-29 01:42:07.796  7674  7674 V NearbyFragment: Transfer to lO03: 31%
06-29 01:42:07.806  7674  7674 V NearbyFragment: Transfer to lO03: 31%
06-29 01:42:07.816  7674  7674 V NearbyFragment: Transfer to lO03: 31%
06-29 01:42:07.853  7674  7674 V NearbyFragment: Transfer to lO03: 31%
06-29 01:42:07.853  7674  7674 V NearbyFragment: Transfer to lO03: 31%
06-29 01:42:07.857  7674  7674 V NearbyFragment: Transfer to lO03: 31%
06-29 01:42:07.863  7674  7674 V NearbyFragment: Transfer to lO03: 31%
06-29 01:42:07.866  7674  7674 V NearbyFragment: Transfer to lO03: 31%
06-29 01:42:07.875  7674  7674 V NearbyFragment: Transfer to lO03: 31%
06-29 01:42:07.883  7674  7674 V NearbyFragment: Transfer to lO03: 32%
06-29 01:42:07.887  7674  7674 V NearbyFragment: Transfer to lO03: 32%
06-29 01:42:07.890  7674  7674 V NearbyFragment: Transfer to lO03: 32%
06-29 01:42:07.902  7674  7674 V NearbyFragment: Transfer to lO03: 32%
06-29 01:42:07.902  7674  7674 I chatty  : uid=10568(com.example.edgesum) identical 1 line
06-29 01:42:07.902  7674  7674 V NearbyFragment: Transfer to lO03: 32%
06-29 01:42:07.904  7674  7674 V NearbyFragment: Transfer to lO03: 32%
06-29 01:42:07.923  7674  7674 V NearbyFragment: Transfer to lO03: 32%
06-29 01:42:07.925  7674  7674 V NearbyFragment: Transfer to lO03: 32%
06-29 01:42:07.929  7674  7674 V NearbyFragment: Transfer to lO03: 32%
06-29 01:42:07.929  7674  7674 V NearbyFragment: Transfer to lO03: 32%
06-29 01:42:07.932  7674  7674 V NearbyFragment: Transfer to lO03: 33%
06-29 01:42:07.935  7674  7674 V NearbyFragment: Transfer to lO03: 33%
06-29 01:42:07.936  7674  7674 V NearbyFragment: Transfer to lO03: 33%
06-29 01:42:07.938  7674  7674 V NearbyFragment: Transfer to lO03: 33%
06-29 01:42:07.940  7674  7674 V NearbyFragment: Transfer to lO03: 33%
06-29 01:42:07.942  7674  7674 V NearbyFragment: Transfer to lO03: 33%
06-29 01:42:07.944  7674  7674 V NearbyFragment: Transfer to lO03: 33%
06-29 01:42:07.947  7674  7674 V NearbyFragment: Transfer to lO03: 33%
06-29 01:42:07.948  7674  7674 V NearbyFragment: Transfer to lO03: 33%
06-29 01:42:07.951  7674  7674 V NearbyFragment: Transfer to lO03: 33%
06-29 01:42:07.953  7674  7674 V NearbyFragment: Transfer to lO03: 33%
06-29 01:42:07.958  7674  7674 V NearbyFragment: Transfer to lO03: 34%
06-29 01:42:07.959  7674  7674 V NearbyFragment: Transfer to lO03: 34%
06-29 01:42:08.037  7674  7674 V NearbyFragment: Transfer to lO03: 34%
06-29 01:42:08.042  7674  7674 V NearbyFragment: Transfer to lO03: 34%
06-29 01:42:08.062  7674  7674 V NearbyFragment: Transfer to lO03: 34%
06-29 01:42:08.066  7674  7674 V NearbyFragment: Transfer to lO03: 34%
06-29 01:42:08.074  7674  7674 V NearbyFragment: Transfer to lO03: 34%
06-29 01:42:08.135  7674  7674 V NearbyFragment: Transfer to lO03: 34%
06-29 01:42:08.146  7674  7674 V NearbyFragment: Transfer to lO03: 34%
06-29 01:42:08.154  7674  7674 V NearbyFragment: Transfer to lO03: 34%
06-29 01:42:08.160  7674  7674 V NearbyFragment: Transfer to lO03: 35%
06-29 01:42:08.166  7674  7674 V NearbyFragment: Transfer to lO03: 35%
06-29 01:42:08.175  7674  7674 V NearbyFragment: Transfer to lO03: 35%
06-29 01:42:08.178  7674  7674 V NearbyFragment: Transfer to lO03: 35%
06-29 01:42:08.180  7674  7674 V NearbyFragment: Transfer to lO03: 35%
06-29 01:42:08.183  7674  7674 V NearbyFragment: Transfer to lO03: 35%
06-29 01:42:08.193  7674  7674 V NearbyFragment: Transfer to lO03: 35%
06-29 01:42:08.198  7674  7674 V NearbyFragment: Transfer to lO03: 35%
06-29 01:42:08.199  7674  7674 V NearbyFragment: Transfer to lO03: 35%
06-29 01:42:08.202  7674  7674 V NearbyFragment: Transfer to lO03: 35%
06-29 01:42:08.208  7674  7674 V NearbyFragment: Transfer to lO03: 35%
06-29 01:42:08.221  7674  7674 V NearbyFragment: Transfer to lO03: 36%
06-29 01:42:08.222  7674  7674 I chatty  : uid=10568(com.example.edgesum) identical 1 line
06-29 01:42:08.223  7674  7674 V NearbyFragment: Transfer to lO03: 36%
06-29 01:42:08.228  7674  7674 V NearbyFragment: Transfer to lO03: 36%
06-29 01:42:08.231  7674  7674 V NearbyFragment: Transfer to lO03: 36%
06-29 01:42:08.246  7674  7674 V NearbyFragment: Transfer to lO03: 36%
06-29 01:42:08.253  7674  7674 V NearbyFragment: Transfer to lO03: 36%
06-29 01:42:08.256  7674  7674 V NearbyFragment: Transfer to lO03: 36%
06-29 01:42:08.260  7674  7674 V NearbyFragment: Transfer to lO03: 36%
06-29 01:42:08.270  7674  7674 V NearbyFragment: Transfer to lO03: 36%
06-29 01:42:08.273  7674  7674 V NearbyFragment: Transfer to lO03: 36%
06-29 01:42:08.277  7674  7674 V NearbyFragment: Transfer to lO03: 37%
06-29 01:42:08.280  7674  7674 V NearbyFragment: Transfer to lO03: 37%
06-29 01:42:08.284  7674  7674 V NearbyFragment: Transfer to lO03: 37%
06-29 01:42:08.286  7674  7674 V NearbyFragment: Transfer to lO03: 37%
06-29 01:42:08.289  7674  7674 V NearbyFragment: Transfer to lO03: 37%
06-29 01:42:08.295  7674  7674 V NearbyFragment: Transfer to lO03: 37%
06-29 01:42:08.302  7674  7674 V NearbyFragment: Transfer to lO03: 37%
06-29 01:42:08.306  7674  7674 V NearbyFragment: Transfer to lO03: 37%
06-29 01:42:08.312  7674  7674 V NearbyFragment: Transfer to lO03: 37%
06-29 01:42:08.320  7674  7674 V NearbyFragment: Transfer to lO03: 37%
06-29 01:42:08.326  7674  7674 V NearbyFragment: Transfer to lO03: 38%
06-29 01:42:08.332  7674  7674 V NearbyFragment: Transfer to lO03: 38%
06-29 01:42:08.336  7674  7674 V NearbyFragment: Transfer to lO03: 38%
06-29 01:42:08.337  7674  7674 V NearbyFragment: Transfer to lO03: 38%
06-29 01:42:08.341  7674  7674 V NearbyFragment: Transfer to lO03: 38%
06-29 01:42:08.343  7674  7674 V NearbyFragment: Transfer to lO03: 38%
06-29 01:42:08.346  7674  7674 V NearbyFragment: Transfer to lO03: 38%
06-29 01:42:08.349  7674  7674 V NearbyFragment: Transfer to lO03: 38%
06-29 01:42:08.352  7674  7674 V NearbyFragment: Transfer to lO03: 38%
06-29 01:42:08.355  7674  7674 V NearbyFragment: Transfer to lO03: 38%
06-29 01:42:08.359  7674  7674 V NearbyFragment: Transfer to lO03: 38%
06-29 01:42:08.362  7674  7674 V NearbyFragment: Transfer to lO03: 39%
06-29 01:42:08.366  7674  7674 V NearbyFragment: Transfer to lO03: 39%
06-29 01:42:08.370  7674  7674 V NearbyFragment: Transfer to lO03: 39%
06-29 01:42:08.372  7674  7674 V NearbyFragment: Transfer to lO03: 39%
06-29 01:42:08.374  7674  7674 V NearbyFragment: Transfer to lO03: 39%
06-29 01:42:08.380  7674  7674 V NearbyFragment: Transfer to lO03: 39%
06-29 01:42:08.388  7674  7674 V NearbyFragment: Transfer to lO03: 39%
06-29 01:42:08.395  7674  7674 V NearbyFragment: Transfer to lO03: 39%
06-29 01:42:08.398  7674  7674 V NearbyFragment: Transfer to lO03: 39%
06-29 01:42:08.403  7674  7674 V NearbyFragment: Transfer to lO03: 39%
06-29 01:42:08.407  7674  7674 V NearbyFragment: Transfer to lO03: 39%
06-29 01:42:08.412  7674  7674 V NearbyFragment: Transfer to lO03: 40%
06-29 01:42:08.415  7674  7674 V NearbyFragment: Transfer to lO03: 40%
06-29 01:42:08.420  7674  7674 V NearbyFragment: Transfer to lO03: 40%
06-29 01:42:08.428  7674  7674 V NearbyFragment: Transfer to lO03: 40%
06-29 01:42:08.436  7674  7674 V NearbyFragment: Transfer to lO03: 40%
06-29 01:42:08.451  7674  7674 V NearbyFragment: Transfer to lO03: 40%
06-29 01:42:08.453  7674  7674 V NearbyFragment: Transfer to lO03: 40%
06-29 01:42:08.466  7674  7674 V NearbyFragment: Transfer to lO03: 40%
06-29 01:42:08.469  7674  7674 V NearbyFragment: Transfer to lO03: 40%
06-29 01:42:08.471  7674  7674 V NearbyFragment: Transfer to lO03: 40%
06-29 01:42:08.475  7674  7674 V NearbyFragment: Transfer to lO03: 41%
06-29 01:42:08.477  7674  7674 V NearbyFragment: Transfer to lO03: 41%
06-29 01:42:08.486  7674  7674 V NearbyFragment: Transfer to lO03: 41%
06-29 01:42:08.488  7674  7674 V NearbyFragment: Transfer to lO03: 41%
06-29 01:42:08.489  7674  7674 V NearbyFragment: Transfer to lO03: 41%
06-29 01:42:08.492  7674  7674 V NearbyFragment: Transfer to lO03: 41%
06-29 01:42:08.531  7674  7674 V NearbyFragment: Transfer to lO03: 41%
06-29 01:42:08.535  7674  7674 V NearbyFragment: Transfer to lO03: 41%
06-29 01:42:08.539  7674  7674 V NearbyFragment: Transfer to lO03: 41%
06-29 01:42:08.541  7674  7674 V NearbyFragment: Transfer to lO03: 41%
06-29 01:42:08.543  7674  7674 V NearbyFragment: Transfer to lO03: 41%
06-29 01:42:08.546  7674  7674 V NearbyFragment: Transfer to lO03: 42%
06-29 01:42:08.547  7674  7674 V NearbyFragment: Transfer to lO03: 42%
06-29 01:42:08.550  7674  7674 V NearbyFragment: Transfer to lO03: 42%
06-29 01:42:08.559  7674  7674 V NearbyFragment: Transfer to lO03: 42%
06-29 01:42:08.560  7674  7674 V NearbyFragment: Transfer to lO03: 42%
06-29 01:42:08.562  7674  7674 V NearbyFragment: Transfer to lO03: 42%
06-29 01:42:08.572  7674  7674 V NearbyFragment: Transfer to lO03: 42%
06-29 01:42:08.575  7674  7674 V NearbyFragment: Transfer to lO03: 42%
06-29 01:42:08.577  7674  7674 V NearbyFragment: Transfer to lO03: 42%
06-29 01:42:08.586  7674  7674 V NearbyFragment: Transfer to lO03: 42%
06-29 01:42:08.598  7674  7674 V NearbyFragment: Transfer to lO03: 42%
