--------- beginning of main
07-01 01:20:42.093 12191 12191 E Zygote  : isWhitelistProcess - Process is Whitelisted
07-01 01:20:42.094 12191 12191 E Zygote  : accessInfo : 1
07-01 01:20:42.783 12191 12191 W example.edgesu: Accessing hidden method Landroid/graphics/drawable/Drawable;->getOpticalInsets()Landroid/graphics/Insets; (light greylist, linking)
07-01 01:20:42.783 12191 12191 W example.edgesu: Accessing hidden field Landroid/graphics/Insets;->left:I (light greylist, linking)
07-01 01:20:42.783 12191 12191 W example.edgesu: Accessing hidden field Landroid/graphics/Insets;->right:I (light greylist, linking)
07-01 01:20:42.783 12191 12191 W example.edgesu: Accessing hidden field Landroid/graphics/Insets;->top:I (light greylist, linking)
07-01 01:20:42.783 12191 12191 W example.edgesu: Accessing hidden field Landroid/graphics/Insets;->bottom:I (light greylist, linking)
07-01 01:20:42.841 12191 12191 W example.edgesu: Accessing hidden method Landroid/view/View;->computeFitSystemWindows(Landroid/graphics/Rect;Landroid/graphics/Rect;)Z (light greylist, reflection)
07-01 01:20:42.841 12191 12191 W example.edgesu: Accessing hidden method Landroid/view/ViewGroup;->makeOptionalFitsSystemWindows()V (light greylist, reflection)
07-01 01:20:42.952 12191 12191 W example.edgesu: Accessing hidden method Landroid/widget/TextView;->getTextDirectionHeuristic()Landroid/text/TextDirectionHeuristic; (light greylist, linking)
07-01 01:20:42.961 12191 12191 W example.edgesu: Accessing hidden field Landroid/view/View;->mAccessibilityDelegate:Landroid/view/View$AccessibilityDelegate; (light greylist, reflection)
07-01 01:20:43.430 12191 12191 W LogFactory: Truncating log tag length as it exceed 23, the limit imposed by Android on certain API Levels
07-01 01:20:43.473 12191 12191 E TransferService: No notification is passed in the intent. Unable to transition to foreground.
07-01 01:20:43.553 12191 12191 W StaticLayout: maxLineHeight should not be -1.  maxLines:1 lineCount:1
07-01 01:20:43.573 12191 12191 W StaticLayout: maxLineHeight should not be -1.  maxLines:1 lineCount:1
07-01 01:20:43.580 12191 12191 W StaticLayout: maxLineHeight should not be -1.  maxLines:1 lineCount:1
07-01 01:20:43.640 12191 12191 W StaticLayout: maxLineHeight should not be -1.  maxLines:1 lineCount:1
07-01 01:20:43.645 12191 12191 W StaticLayout: maxLineHeight should not be -1.  maxLines:1 lineCount:1
07-01 01:20:56.430 12191 12191 W example.edgesu: Accessing hidden method Landroid/graphics/FontFamily;-><init>()V (light greylist, reflection)
07-01 01:20:56.431 12191 12191 W example.edgesu: Accessing hidden method Landroid/graphics/FontFamily;->addFontFromAssetManager(Landroid/content/res/AssetManager;Ljava/lang/String;IZIII[Landroid/graphics/fonts/FontVariationAxis;)Z (light greylist, reflection)
07-01 01:20:56.431 12191 12191 W example.edgesu: Accessing hidden method Landroid/graphics/FontFamily;->addFontFromBuffer(Ljava/nio/ByteBuffer;I[Landroid/graphics/fonts/FontVariationAxis;II)Z (light greylist, reflection)
07-01 01:20:56.431 12191 12191 W example.edgesu: Accessing hidden method Landroid/graphics/FontFamily;->freeze()Z (light greylist, reflection)
07-01 01:20:56.431 12191 12191 W example.edgesu: Accessing hidden method Landroid/graphics/FontFamily;->abortCreation()V (light greylist, reflection)
07-01 01:20:56.432 12191 12191 W example.edgesu: Accessing hidden method Landroid/graphics/Typeface;->createFromFamiliesWithDefault([Landroid/graphics/FontFamily;Ljava/lang/String;II)Landroid/graphics/Typeface; (light greylist, reflection)
07-01 01:21:04.959 12191 12294 W libEGL  : EGLNativeWindowType 0x75a77ef010 disconnect failed
07-01 01:21:09.704 12191 12294 W libEGL  : EGLNativeWindowType 0x75a77ef010 disconnect failed
07-01 01:21:09.719 12191 12191 E ViewRootImpl: sendUserActionEvent() returned.
07-01 01:22:12.244 12191 12191 W NearbyFragment: Completed downloading 20200312_150643.mp4 from Endpoint{id=R-w_, name=Nexus 5X [34d8]} in 11.193s
07-01 01:22:13.035 12191 16177 W mobile-ffmpeg: 
07-01 01:22:13.035 12191 16177 W mobile-ffmpeg: [mov,mp4,m4a,3gp,3g2,mj2 @ 0x75b9bf1a00] 
07-01 01:22:13.035 12191 16177 W mobile-ffmpeg: 
07-01 01:22:13.035 12191 16177 W mobile-ffmpeg: Found duplicated MOOV Atom. Skipped it
07-01 01:22:21.802 12191 16175 W Summariser: No activity detected
07-01 01:22:21.868 12191 16175 W Summariser: Summarisation completed
07-01 01:22:21.868 12191 16175 W Summariser:   filename: 20200312_150643.mp4
07-01 01:22:21.868 12191 16175 W Summariser:   active sections: 0
07-01 01:22:21.868 12191 16175 W Summariser:   time: 08.946s
07-01 01:22:21.868 12191 16175 W Summariser:   original duration: 60.02
07-01 01:22:21.868 12191 16175 W Summariser:   summarised duration: -1.00
07-01 01:22:21.868 12191 16175 W Summariser:   noise tolerance: 45.00
07-01 01:22:21.868 12191 16175 W Summariser:   quality: 23
07-01 01:22:21.868 12191 16175 W Summariser:   speed: medium
07-01 01:22:21.868 12191 16175 W Summariser:   freeze duration: 1.00
07-01 01:22:30.220 12191 12215 W System  : A resource failed to call close. 
07-01 01:22:30.220 12191 12215 W System  : A resource failed to call close. 
07-01 01:22:36.893 12191 12191 W NearbyFragment: Completed downloading 20200312_150744.mp4 from Endpoint{id=R-w_, name=Nexus 5X [34d8]} in 10.182s
07-01 01:22:37.015 12191 16177 W mobile-ffmpeg: 
07-01 01:22:37.015 12191 16177 W mobile-ffmpeg: [mov,mp4,m4a,3gp,3g2,mj2 @ 0x75b9bf1a00] 
07-01 01:22:37.015 12191 16177 W mobile-ffmpeg: 
07-01 01:22:37.016 12191 16177 W mobile-ffmpeg: Found duplicated MOOV Atom. Skipped it
07-01 01:22:46.027 12191 16815 W Summariser: 1 active sections found
07-01 01:22:46.036 12191 16177 W mobile-ffmpeg: 
07-01 01:22:46.036 12191 16177 W mobile-ffmpeg: [mov,mp4,m4a,3gp,3g2,mj2 @ 0x75b9bf1a00] 
07-01 01:22:46.036 12191 16177 W mobile-ffmpeg: 
07-01 01:22:46.036 12191 16177 W mobile-ffmpeg: Found duplicated MOOV Atom. Skipped it
07-01 01:22:59.868 12191 16815 W Summariser: Summarisation completed
07-01 01:22:59.868 12191 16815 W Summariser:   filename: 20200312_150744.mp4
07-01 01:22:59.868 12191 16815 W Summariser:   active sections: 1
07-01 01:22:59.868 12191 16815 W Summariser:   time: 22.721s
07-01 01:22:59.868 12191 16815 W Summariser:   original duration: 60.02
07-01 01:22:59.868 12191 16815 W Summariser:   summarised duration: 4.83
07-01 01:22:59.868 12191 16815 W Summariser:   noise tolerance: 45.00
07-01 01:22:59.868 12191 16815 W Summariser:   quality: 23
07-01 01:22:59.868 12191 16815 W Summariser:   speed: medium
07-01 01:22:59.868 12191 16815 W Summariser:   freeze duration: 1.00
07-01 01:23:00.347 12191 16815 W NearbyFragment: Sending 20200312_150744.mp4 to Nexus 5X [34d8]
07-01 01:23:34.471 12191 12191 W NearbyFragment: Completed downloading 20200312_150944.mp4 from Endpoint{id=R-w_, name=Nexus 5X [34d8]} in 14.005s
07-01 01:23:34.634 12191 16177 W mobile-ffmpeg: 
07-01 01:23:34.635 12191 16177 W mobile-ffmpeg: [mov,mp4,m4a,3gp,3g2,mj2 @ 0x75b9bf1a00] 
07-01 01:23:34.635 12191 16177 W mobile-ffmpeg: 
07-01 01:23:34.637 12191 16177 W mobile-ffmpeg: Found duplicated MOOV Atom. Skipped it
07-01 01:23:43.836 12191 18515 W Summariser: 1 active sections found
07-01 01:23:43.841 12191 16177 W mobile-ffmpeg: 
07-01 01:23:43.841 12191 16177 W mobile-ffmpeg: [mov,mp4,m4a,3gp,3g2,mj2 @ 0x75b9bf1a00] 
07-01 01:23:43.841 12191 16177 W mobile-ffmpeg: 
07-01 01:23:43.841 12191 16177 W mobile-ffmpeg: Found duplicated MOOV Atom. Skipped it
07-01 01:23:52.610 12191 18515 W Summariser: Summarisation completed
07-01 01:23:52.610 12191 18515 W Summariser:   filename: 20200312_150944.mp4
07-01 01:23:52.610 12191 18515 W Summariser:   active sections: 1
07-01 01:23:52.610 12191 18515 W Summariser:   time: 17.803s
07-01 01:23:52.610 12191 18515 W Summariser:   original duration: 60.02
07-01 01:23:52.610 12191 18515 W Summariser:   summarised duration: 7.07
07-01 01:23:52.610 12191 18515 W Summariser:   noise tolerance: 45.00
07-01 01:23:52.610 12191 18515 W Summariser:   quality: 23
07-01 01:23:52.610 12191 18515 W Summariser:   speed: medium
07-01 01:23:52.610 12191 18515 W Summariser:   freeze duration: 1.00
07-01 01:23:52.751 12191 18515 W NearbyFragment: Sending 20200312_150944.mp4 to Nexus 5X [34d8]
07-01 01:24:24.322 12191 12215 W System  : A resource failed to call close. 
07-01 01:24:24.323 12191 12215 W System  : A resource failed to call close. 
07-01 01:24:25.972 12191 12191 W NearbyFragment: Completed downloading 20200312_193528.mp4 from Endpoint{id=R-w_, name=Nexus 5X [34d8]} in 10.618s
07-01 01:24:26.090 12191 16177 W mobile-ffmpeg: 
07-01 01:24:26.090 12191 16177 W mobile-ffmpeg: [mov,mp4,m4a,3gp,3g2,mj2 @ 0x75b9bf1a00] 
07-01 01:24:26.090 12191 16177 W mobile-ffmpeg: 
07-01 01:24:26.090 12191 16177 W mobile-ffmpeg: Found duplicated MOOV Atom. Skipped it
07-01 01:24:35.000 12191 19025 W Summariser: No activity detected
07-01 01:24:35.050 12191 19025 W Summariser: Summarisation completed
07-01 01:24:35.050 12191 19025 W Summariser:   filename: 20200312_193528.mp4
07-01 01:24:35.050 12191 19025 W Summariser:   active sections: 0
07-01 01:24:35.050 12191 19025 W Summariser:   time: 08.923s
07-01 01:24:35.050 12191 19025 W Summariser:   original duration: 60.05
07-01 01:24:35.050 12191 19025 W Summariser:   summarised duration: -1.00
07-01 01:24:35.050 12191 19025 W Summariser:   noise tolerance: 45.00
07-01 01:24:35.050 12191 19025 W Summariser:   quality: 23
07-01 01:24:35.050 12191 19025 W Summariser:   speed: medium
07-01 01:24:35.050 12191 19025 W Summariser:   freeze duration: 1.00
07-01 01:24:53.544 12191 12191 W NearbyFragment: Completed downloading 20200312_193628.mp4 from Endpoint{id=R-w_, name=Nexus 5X [34d8]} in 09.471s
07-01 01:24:53.706 12191 16177 W mobile-ffmpeg: 
07-01 01:24:53.706 12191 16177 W mobile-ffmpeg: [mov,mp4,m4a,3gp,3g2,mj2 @ 0x75b9bf1a00] 
07-01 01:24:53.707 12191 16177 W mobile-ffmpeg: 
07-01 01:24:53.707 12191 16177 W mobile-ffmpeg: Found duplicated MOOV Atom. Skipped it
07-01 01:25:01.607 12191 19072 W Summariser: 1 active sections found
07-01 01:25:01.611 12191 16177 W mobile-ffmpeg: 
07-01 01:25:01.611 12191 16177 W mobile-ffmpeg: [mov,mp4,m4a,3gp,3g2,mj2 @ 0x75b9bf1a00] 
07-01 01:25:01.611 12191 16177 W mobile-ffmpeg: 
07-01 01:25:01.611 12191 16177 W mobile-ffmpeg: Found duplicated MOOV Atom. Skipped it
07-01 01:25:14.825 12191 19072 W Summariser: Summarisation completed
07-01 01:25:14.825 12191 19072 W Summariser:   filename: 20200312_193628.mp4
07-01 01:25:14.825 12191 19072 W Summariser:   active sections: 1
07-01 01:25:14.825 12191 19072 W Summariser:   time: 20.996s
07-01 01:25:14.825 12191 19072 W Summariser:   original duration: 60.02
07-01 01:25:14.825 12191 19072 W Summariser:   summarised duration: 6.07
07-01 01:25:14.825 12191 19072 W Summariser:   noise tolerance: 45.00
07-01 01:25:14.825 12191 19072 W Summariser:   quality: 23
07-01 01:25:14.825 12191 19072 W Summariser:   speed: medium
07-01 01:25:14.825 12191 19072 W Summariser:   freeze duration: 1.00
07-01 01:25:14.939 12191 19072 W NearbyFragment: Sending 20200312_193628.mp4 to Nexus 5X [34d8]
07-01 01:25:48.109 12191 12191 W NearbyFragment: Completed downloading 20200312_193828.mp4 from Endpoint{id=R-w_, name=Nexus 5X [34d8]} in 13.048s
07-01 01:25:48.235 12191 16177 W mobile-ffmpeg: 
07-01 01:25:48.235 12191 16177 W mobile-ffmpeg: [mov,mp4,m4a,3gp,3g2,mj2 @ 0x75b9bf1a00] 
07-01 01:25:48.235 12191 16177 W mobile-ffmpeg: 
07-01 01:25:48.235 12191 16177 W mobile-ffmpeg: Found duplicated MOOV Atom. Skipped it
07-01 01:25:55.947 12191 19229 W Summariser: 1 active sections found
07-01 01:25:55.951 12191 16177 W mobile-ffmpeg: 
07-01 01:25:55.951 12191 16177 W mobile-ffmpeg: [mov,mp4,m4a,3gp,3g2,mj2 @ 0x75b9bf1a00] 
07-01 01:25:55.951 12191 16177 W mobile-ffmpeg: 
07-01 01:25:55.951 12191 16177 W mobile-ffmpeg: Found duplicated MOOV Atom. Skipped it
07-01 01:26:11.117 12191 19229 W Summariser: Summarisation completed
07-01 01:26:11.117 12191 19229 W Summariser:   filename: 20200312_193828.mp4
07-01 01:26:11.117 12191 19229 W Summariser:   active sections: 1
07-01 01:26:11.117 12191 19229 W Summariser:   time: 22.789s
07-01 01:26:11.117 12191 19229 W Summariser:   original duration: 60.02
07-01 01:26:11.117 12191 19229 W Summariser:   summarised duration: 14.28
07-01 01:26:11.117 12191 19229 W Summariser:   noise tolerance: 45.00
07-01 01:26:11.117 12191 19229 W Summariser:   quality: 23
07-01 01:26:11.117 12191 19229 W Summariser:   speed: medium
07-01 01:26:11.117 12191 19229 W Summariser:   freeze duration: 1.00
07-01 01:26:11.233 12191 19229 W NearbyFragment: Sending 20200312_193828.mp4 to Nexus 5X [34d8]
07-01 01:26:28.538 12191 12215 W System  : A resource failed to call close. 
07-01 01:26:28.541 12191 12215 W System  : A resource failed to call close. 
07-01 01:26:37.746 12191 12191 W NearbyFragment: Completed downloading 20200312_194129.mp4 from Endpoint{id=R-w_, name=Nexus 5X [34d8]} in 10.391s
07-01 01:26:37.858 12191 16177 W mobile-ffmpeg: 
07-01 01:26:37.858 12191 16177 W mobile-ffmpeg: [mov,mp4,m4a,3gp,3g2,mj2 @ 0x75b9bf1a00] 
07-01 01:26:37.859 12191 16177 W mobile-ffmpeg: 
07-01 01:26:37.859 12191 16177 W mobile-ffmpeg: Found duplicated MOOV Atom. Skipped it
07-01 01:26:45.520 12191 19354 W Summariser: 2 active sections found
07-01 01:26:45.525 12191 16177 W mobile-ffmpeg: 
07-01 01:26:45.525 12191 16177 W mobile-ffmpeg: [mov,mp4,m4a,3gp,3g2,mj2 @ 0x75b9bf1a00] 
07-01 01:26:45.525 12191 16177 W mobile-ffmpeg: 
07-01 01:26:45.525 12191 16177 W mobile-ffmpeg: Found duplicated MOOV Atom. Skipped it
07-01 01:27:00.057 12191 19354 W Summariser: Summarisation completed
07-01 01:27:00.057 12191 19354 W Summariser:   filename: 20200312_194129.mp4
07-01 01:27:00.057 12191 19354 W Summariser:   active sections: 2
07-01 01:27:00.057 12191 19354 W Summariser:   time: 22.122s
07-01 01:27:00.057 12191 19354 W Summariser:   original duration: 60.02
07-01 01:27:00.057 12191 19354 W Summariser:   summarised duration: 10.77
07-01 01:27:00.057 12191 19354 W Summariser:   noise tolerance: 45.00
07-01 01:27:00.057 12191 19354 W Summariser:   quality: 23
07-01 01:27:00.057 12191 19354 W Summariser:   speed: medium
07-01 01:27:00.057 12191 19354 W Summariser:   freeze duration: 1.00
07-01 01:27:00.209 12191 19354 W NearbyFragment: Sending 20200312_194129.mp4 to Nexus 5X [34d8]
07-01 01:27:28.144 12191 12191 W NearbyFragment: Completed downloading 20200312_194330.mp4 from Endpoint{id=R-w_, name=Nexus 5X [34d8]} in 12.671s
07-01 01:27:28.245 12191 16177 W mobile-ffmpeg: 
07-01 01:27:28.245 12191 16177 W mobile-ffmpeg: [mov,mp4,m4a,3gp,3g2,mj2 @ 0x75b9bf1a00] 
07-01 01:27:28.245 12191 16177 W mobile-ffmpeg: 
07-01 01:27:28.245 12191 16177 W mobile-ffmpeg: Found duplicated MOOV Atom. Skipped it
07-01 01:27:36.075 12191 19525 W Summariser: No activity detected
07-01 01:27:36.122 12191 19525 W Summariser: Summarisation completed
07-01 01:27:36.122 12191 19525 W Summariser:   filename: 20200312_194330.mp4
07-01 01:27:36.122 12191 19525 W Summariser:   active sections: 0
07-01 01:27:36.122 12191 19525 W Summariser:   time: 07.838s
07-01 01:27:36.122 12191 19525 W Summariser:   original duration: 60.02
07-01 01:27:36.122 12191 19525 W Summariser:   summarised duration: -1.00
07-01 01:27:36.122 12191 19525 W Summariser:   noise tolerance: 45.00
07-01 01:27:36.122 12191 19525 W Summariser:   quality: 23
07-01 01:27:36.122 12191 19525 W Summariser:   speed: medium
07-01 01:27:36.122 12191 19525 W Summariser:   freeze duration: 1.00
07-01 01:27:48.293 12191 12215 W System  : A resource failed to call close. 
07-01 01:27:48.296 12191 12215 W System  : A resource failed to call close. 
07-01 01:27:51.638 12191 12191 W NearbyFragment: Completed downloading 20200312_194730.mp4 from Endpoint{id=R-w_, name=Nexus 5X [34d8]} in 12.092s
07-01 01:27:51.748 12191 16177 W mobile-ffmpeg: 
07-01 01:27:51.748 12191 16177 W mobile-ffmpeg: [mov,mp4,m4a,3gp,3g2,mj2 @ 0x75b9bf1a00] 
07-01 01:27:51.748 12191 16177 W mobile-ffmpeg: 
07-01 01:27:51.748 12191 16177 W mobile-ffmpeg: Found duplicated MOOV Atom. Skipped it
07-01 01:27:59.448 12191 19569 W Summariser: No activity detected
07-01 01:27:59.494 12191 19569 W Summariser: Summarisation completed
07-01 01:27:59.494 12191 19569 W Summariser:   filename: 20200312_194730.mp4
07-01 01:27:59.494 12191 19569 W Summariser:   active sections: 0
07-01 01:27:59.494 12191 19569 W Summariser:   time: 07.707s
07-01 01:27:59.494 12191 19569 W Summariser:   original duration: 60.02
07-01 01:27:59.494 12191 19569 W Summariser:   summarised duration: -1.00
07-01 01:27:59.494 12191 19569 W Summariser:   noise tolerance: 45.00
07-01 01:27:59.494 12191 19569 W Summariser:   quality: 23
07-01 01:27:59.494 12191 19569 W Summariser:   speed: medium
07-01 01:27:59.494 12191 19569 W Summariser:   freeze duration: 1.00
07-01 01:28:25.926 12191 12191 W NearbyFragment: Completed downloading 20200312_194830.mp4 from Endpoint{id=R-w_, name=Nexus 5X [34d8]} in 16.687s
07-01 01:28:26.129 12191 16177 W mobile-ffmpeg: 
07-01 01:28:26.130 12191 16177 W mobile-ffmpeg: [mov,mp4,m4a,3gp,3g2,mj2 @ 0x75b9bf1a00] 
07-01 01:28:26.133 12191 16177 W mobile-ffmpeg: 
07-01 01:28:26.133 12191 16177 W mobile-ffmpeg: Found duplicated MOOV Atom. Skipped it
07-01 01:28:34.043 12191 19620 W Summariser: 4 active sections found
07-01 01:28:34.047 12191 16177 W mobile-ffmpeg: 
07-01 01:28:34.047 12191 16177 W mobile-ffmpeg: [mov,mp4,m4a,3gp,3g2,mj2 @ 0x75b9bf1a00] 
07-01 01:28:34.047 12191 16177 W mobile-ffmpeg: 
07-01 01:28:34.047 12191 16177 W mobile-ffmpeg: Found duplicated MOOV Atom. Skipped it
07-01 01:28:55.822 12191 19620 W Summariser: Summarisation completed
07-01 01:28:55.822 12191 19620 W Summariser:   filename: 20200312_194830.mp4
07-01 01:28:55.822 12191 19620 W Summariser:   active sections: 4
07-01 01:28:55.822 12191 19620 W Summariser:   time: 29.601s
07-01 01:28:55.822 12191 19620 W Summariser:   original duration: 60.02
07-01 01:28:55.822 12191 19620 W Summariser:   summarised duration: 19.02
07-01 01:28:55.822 12191 19620 W Summariser:   noise tolerance: 45.00
07-01 01:28:55.822 12191 19620 W Summariser:   quality: 23
07-01 01:28:55.822 12191 19620 W Summariser:   speed: medium
07-01 01:28:55.822 12191 19620 W Summariser:   freeze duration: 1.00
07-01 01:28:55.894 12191 19620 W NearbyFragment: Sending 20200312_194830.mp4 to Nexus 5X [34d8]
07-01 01:29:35.985 12191 16627 W example.edgesu: JNI critical lock held for 19.976ms on Thread[19,tid=16627,Runnable,Thread*=0x75a3338800,peer=0x13300000,"Binder:12191_7"]
07-01 01:29:43.389 12191 12191 W NearbyFragment: Completed downloading 20200312_195230.mp4 from Endpoint{id=R-w_, name=Nexus 5X [34d8]} in 35.476s
07-01 01:29:43.518 12191 16177 W mobile-ffmpeg: 
07-01 01:29:43.518 12191 16177 W mobile-ffmpeg: [mov,mp4,m4a,3gp,3g2,mj2 @ 0x75b9bf1a00] 
07-01 01:29:43.518 12191 16177 W mobile-ffmpeg: 
07-01 01:29:43.519 12191 16177 W mobile-ffmpeg: Found duplicated MOOV Atom. Skipped it
07-01 01:29:50.266 12191 19761 W Summariser: 1 active sections found
07-01 01:29:50.271 12191 16177 W mobile-ffmpeg: 
07-01 01:29:50.271 12191 16177 W mobile-ffmpeg: [mov,mp4,m4a,3gp,3g2,mj2 @ 0x75b9bf1a00] 
07-01 01:29:50.271 12191 16177 W mobile-ffmpeg: 
07-01 01:29:50.271 12191 16177 W mobile-ffmpeg: Found duplicated MOOV Atom. Skipped it
07-01 01:29:59.530 12191 19761 W Summariser: Summarisation completed
07-01 01:29:59.530 12191 19761 W Summariser:   filename: 20200312_195230.mp4
07-01 01:29:59.530 12191 19761 W Summariser:   active sections: 1
07-01 01:29:59.530 12191 19761 W Summariser:   time: 15.932s
07-01 01:29:59.530 12191 19761 W Summariser:   original duration: 60.02
07-01 01:29:59.530 12191 19761 W Summariser:   summarised duration: 6.97
07-01 01:29:59.530 12191 19761 W Summariser:   noise tolerance: 45.00
07-01 01:29:59.530 12191 19761 W Summariser:   quality: 23
07-01 01:29:59.530 12191 19761 W Summariser:   speed: medium
07-01 01:29:59.530 12191 19761 W Summariser:   freeze duration: 1.00
07-01 01:29:59.552 12191 12215 W System  : A resource failed to call close. 
07-01 01:29:59.554 12191 12215 W System  : A resource failed to call close. 
07-01 01:29:59.658 12191 19761 W NearbyFragment: Sending 20200312_195230.mp4 to Nexus 5X [34d8]
07-01 01:30:21.151 12191 12191 W NearbyFragment: Completed downloading 20200312_195430.mp4 from Endpoint{id=R-w_, name=Nexus 5X [34d8]} in 13.842s
07-01 01:30:21.275 12191 16177 W mobile-ffmpeg: 
07-01 01:30:21.364 12191 16177 W mobile-ffmpeg: [mov,mp4,m4a,3gp,3g2,mj2 @ 0x75b9bf1a00] 
07-01 01:30:21.364 12191 16177 W mobile-ffmpeg: 
07-01 01:30:21.364 12191 16177 W mobile-ffmpeg: Found duplicated MOOV Atom. Skipped it
07-01 01:30:28.094 12191 19844 W Summariser: 5 active sections found
07-01 01:30:28.098 12191 16177 W mobile-ffmpeg: 
07-01 01:30:28.098 12191 16177 W mobile-ffmpeg: [mov,mp4,m4a,3gp,3g2,mj2 @ 0x75b9bf1a00] 
07-01 01:30:28.098 12191 16177 W mobile-ffmpeg: 
07-01 01:30:28.098 12191 16177 W mobile-ffmpeg: Found duplicated MOOV Atom. Skipped it
07-01 01:30:48.610 12191 19844 W Summariser: Summarisation completed
07-01 01:30:48.610 12191 19844 W Summariser:   filename: 20200312_195430.mp4
07-01 01:30:48.610 12191 19844 W Summariser:   active sections: 5
07-01 01:30:48.610 12191 19844 W Summariser:   time: 27.247s
07-01 01:30:48.610 12191 19844 W Summariser:   original duration: 60.02
07-01 01:30:48.610 12191 19844 W Summariser:   summarised duration: 21.92
07-01 01:30:48.610 12191 19844 W Summariser:   noise tolerance: 45.00
07-01 01:30:48.610 12191 19844 W Summariser:   quality: 23
07-01 01:30:48.610 12191 19844 W Summariser:   speed: medium
07-01 01:30:48.610 12191 19844 W Summariser:   freeze duration: 1.00
07-01 01:30:48.759 12191 19844 W NearbyFragment: Sending 20200312_195430.mp4 to Nexus 5X [34d8]
07-01 01:41:50.378 12191 12294 W libEGL  : EGLNativeWindowType 0x75b9619010 disconnect failed
