--------- beginning of main
06-29 02:57:39.320  9380  9380 I zygote64: Late-enabling -Xcheck:jni
--------- beginning of system
06-29 02:57:39.469  9380  9380 I ActivityThread: handleStopService: token=android.os.BinderProxy@aafb6e4 not found.
06-29 02:57:39.476  9380  9380 I TransferService: Starting Transfer Service to listen for network connectivity changes.
06-29 02:57:39.480  9380  9380 W LogFactory: Truncating log tag length as it exceed 23, the limit imposed by Android on certain API Levels
06-29 02:57:39.517  9380  9380 I TransferService: Registering the network receiver
06-29 02:57:39.522  9380  9380 I TransferService: Moving the service out of the Foreground state.
06-29 02:57:39.525  9380  9380 I TransferService: De-registering the network receiver.
06-29 02:57:41.148  9380  9380 I zygote64: Rejecting re-init on previously-failed class java.lang.Class<androidx.core.view.ViewCompat$2>: java.lang.NoClassDefFoundError: Failed resolution of: Landroid/view/View$OnUnhandledKeyEventListener;
06-29 02:57:41.148  9380  9380 I zygote64:   at void androidx.core.view.ViewCompat.setOnApplyWindowInsetsListener(android.view.View, androidx.core.view.OnApplyWindowInsetsListener) (ViewCompat.java:2421)
06-29 02:57:41.148  9380  9380 I zygote64:   at android.view.ViewGroup androidx.appcompat.app.AppCompatDelegateImpl.createSubDecor() (AppCompatDelegateImpl.java:779)
06-29 02:57:41.148  9380  9380 I zygote64:   at void androidx.appcompat.app.AppCompatDelegateImpl.ensureSubDecor() (AppCompatDelegateImpl.java:659)
06-29 02:57:41.149  9380  9380 I zygote64:   at void androidx.appcompat.app.AppCompatDelegateImpl.setContentView(int) (AppCompatDelegateImpl.java:552)
06-29 02:57:41.149  9380  9380 I zygote64:   at void androidx.appcompat.app.AppCompatActivity.setContentView(int) (AppCompatActivity.java:161)
06-29 02:57:41.149  9380  9380 I zygote64:   at void com.example.edgesum.page.main.MainActivity.onCreate(android.os.Bundle) (MainActivity.java:95)
06-29 02:57:41.149  9380  9380 I zygote64:   at void android.app.Activity.performCreate(android.os.Bundle, android.os.PersistableBundle) (Activity.java:7009)
06-29 02:57:41.149  9380  9380 I zygote64:   at void android.app.Activity.performCreate(android.os.Bundle) (Activity.java:7000)
06-29 02:57:41.149  9380  9380 I zygote64:   at void android.app.Instrumentation.callActivityOnCreate(android.app.Activity, android.os.Bundle) (Instrumentation.java:1214)
06-29 02:57:41.149  9380  9380 I zygote64:   at android.app.Activity android.app.ActivityThread.performLaunchActivity(android.app.ActivityThread$ActivityClientRecord, android.content.Intent) (ActivityThread.java:2731)
06-29 02:57:41.149  9380  9380 I zygote64:   at void android.app.ActivityThread.handleLaunchActivity(android.app.ActivityThread$ActivityClientRecord, android.content.Intent, java.lang.String) (ActivityThread.java:2856)
06-29 02:57:41.149  9380  9380 I zygote64:   at void android.app.ActivityThread.-wrap11(android.app.ActivityThread, android.app.ActivityThread$ActivityClientRecord, android.content.Intent, java.lang.String) (ActivityThread.java:-1)
06-29 02:57:41.149  9380  9380 I zygote64:   at void android.app.ActivityThread$H.handleMessage(android.os.Message) (ActivityThread.java:1589)
06-29 02:57:41.149  9380  9380 I zygote64:   at void android.os.Handler.dispatchMessage(android.os.Message) (Handler.java:106)
06-29 02:57:41.149  9380  9380 I zygote64:   at void android.os.Looper.loop() (Looper.java:164)
06-29 02:57:41.149  9380  9380 I zygote64:   at void android.app.ActivityThread.main(java.lang.String[]) (ActivityThread.java:6494)
06-29 02:57:41.149  9380  9380 I zygote64:   at java.lang.Object java.lang.reflect.Method.invoke(java.lang.Object, java.lang.Object[]) (Method.java:-2)
06-29 02:57:41.149  9380  9380 I zygote64:   at void com.android.internal.os.RuntimeInit$MethodAndArgsCaller.run() (RuntimeInit.java:438)
06-29 02:57:41.149  9380  9380 I zygote64:   at void com.android.internal.os.ZygoteInit.main(java.lang.String[]) (ZygoteInit.java:807)
06-29 02:57:41.149  9380  9380 I zygote64: Caused by: java.lang.ClassNotFoundException: Didn't find class "android.view.View$OnUnhandledKeyEventListener" on path: DexPathList[[zip file "/data/app/com.example.edgesum-oaq8Pcma81zelip6HwD9pg==/base.apk"],nativeLibraryDirectories=[/data/app/com.example.edgesum-oaq8Pcma81zelip6HwD9pg==/lib/arm64, /data/app/com.example.edgesum-oaq8Pcma81zelip6HwD9pg==/base.apk!/lib/arm64-v8a, /system/lib64, /vendor/lib64]]
06-29 02:57:41.149  9380  9380 I zygote64:   at java.lang.Class dalvik.system.BaseDexClassLoader.findClass(java.lang.String) (BaseDexClassLoader.java:125)
06-29 02:57:41.149  9380  9380 I zygote64:   at java.lang.Class java.lang.ClassLoader.loadClass(java.lang.String, boolean) (ClassLoader.java:379)
06-29 02:57:41.149  9380  9380 I zygote64:   at java.lang.Class java.lang.ClassLoader.loadClass(java.lang.String) (ClassLoader.java:312)
06-29 02:57:41.149  9380  9380 I zygote64:   at void androidx.core.view.ViewCompat.setOnApplyWindowInsetsListener(android.view.View, androidx.core.view.OnApplyWindowInsetsListener) (ViewCompat.java:2421)
06-29 02:57:41.149  9380  9380 I zygote64:   at android.view.ViewGroup androidx.appcompat.app.AppCompatDelegateImpl.createSubDecor() (AppCompatDelegateImpl.java:779)
06-29 02:57:41.149  9380  9380 I zygote64:   at void androidx.appcompat.app.AppCompatDelegateImpl.ensureSubDecor() (AppCompatDelegateImpl.java:659)
06-29 02:57:41.149  9380  9380 I zygote64:   at void androidx.appcompat.app.AppCompatDelegateImpl.setContentView(int) (AppCompatDelegateImpl.java:552)
06-29 02:57:41.149  9380  9380 I zygote64:   at void androidx.appcompat.app.AppCompatActivity.setContentView(int) (AppCompatActivity.java:161)
06-29 02:57:41.149  9380  9380 I zygote64:   at void com.example.edgesum.page.main.MainActivity.onCreate(android.os.Bundle) (MainActivity.java:95)
06-29 02:57:41.149  9380  9380 I zygote64:   at void android.app.Activity.performCreate(android.os.Bundle, android.os.PersistableBundle) (Activity.java:7009)
06-29 02:57:41.149  9380  9380 I zygote64:   at void android.app.Activity.performCreate(android.os.Bundle) (Activity.java:7000)
06-29 02:57:41.149  9380  9380 I zygote64:   at void android.app.Instrumentation.callActivityOnCreate(android.app.Activity, android.os.Bundle) (Instrumentation.java:1214)
06-29 02:57:41.149  9380  9380 I zygote64:   at android.app.Activity android.app.ActivityThread.performLaunchActivity(android.app.ActivityThread$ActivityClientRecord, android.content.Intent) (ActivityThread.java:2731)
06-29 02:57:41.149  9380  9380 I zygote64:   at void android.app.ActivityThread.handleLaunchActivity(android.app.ActivityThread$ActivityClientRecord, android.content.Intent, java.lang.String) (ActivityThread.java:2856)
06-29 02:57:41.149  9380  9380 I zygote64:   at void android.app.ActivityThread.-wrap11(android.app.ActivityThread, android.app.ActivityThread$ActivityClientRecord, android.content.Intent, java.lang.String) (ActivityThread.java:-1)
06-29 02:57:41.149  9380  9380 I zygote64:   at void android.app.ActivityThread$H.handleMessage(android.os.Message) (ActivityThread.java:1589)
06-29 02:57:41.149  9380  9380 I zygote64:   at void android.os.Handler.dispatchMessage(android.os.Message) (Handler.java:106)
06-29 02:57:41.149  9380  9380 I zygote64:   at void android.os.Looper.loop() (Looper.java:164)
06-29 02:57:41.149  9380  9380 I zygote64:   at void android.app.ActivityThread.main(java.lang.String[]) (ActivityThread.java:6494)
06-29 02:57:41.149  9380  9380 I zygote64:   at java.lang.Object java.lang.reflect.Method.invoke(java.lang.Object, java.lang.Object[]) (Method.java:-2)
06-29 02:57:41.149  9380  9380 I zygote64:   at void com.android.internal.os.RuntimeInit$MethodAndArgsCaller.run() (RuntimeInit.java:438)
06-29 02:57:41.149  9380  9380 I zygote64:   at void com.android.internal.os.ZygoteInit.main(java.lang.String[]) (ZygoteInit.java:807)
06-29 02:57:41.149  9380  9380 I zygote64: 
06-29 02:57:41.150  9380  9380 I zygote64: Rejecting re-init on previously-failed class java.lang.Class<androidx.core.view.ViewCompat$2>: java.lang.NoClassDefFoundError: Failed resolution of: Landroid/view/View$OnUnhandledKeyEventListener;
06-29 02:57:41.150  9380  9380 I zygote64:   at void androidx.core.view.ViewCompat.setOnApplyWindowInsetsListener(android.view.View, androidx.core.view.OnApplyWindowInsetsListener) (ViewCompat.java:2421)
06-29 02:57:41.150  9380  9380 I zygote64:   at android.view.ViewGroup androidx.appcompat.app.AppCompatDelegateImpl.createSubDecor() (AppCompatDelegateImpl.java:779)
06-29 02:57:41.150  9380  9380 I zygote64:   at void androidx.appcompat.app.AppCompatDelegateImpl.ensureSubDecor() (AppCompatDelegateImpl.java:659)
06-29 02:57:41.150  9380  9380 I zygote64:   at void androidx.appcompat.app.AppCompatDelegateImpl.setContentView(int) (AppCompatDelegateImpl.java:552)
06-29 02:57:41.150  9380  9380 I zygote64:   at void androidx.appcompat.app.AppCompatActivity.setContentView(int) (AppCompatActivity.java:161)
06-29 02:57:41.150  9380  9380 I zygote64:   at void com.example.edgesum.page.main.MainActivity.onCreate(android.os.Bundle) (MainActivity.java:95)
06-29 02:57:41.150  9380  9380 I zygote64:   at void android.app.Activity.performCreate(android.os.Bundle, android.os.PersistableBundle) (Activity.java:7009)
06-29 02:57:41.150  9380  9380 I zygote64:   at void android.app.Activity.performCreate(android.os.Bundle) (Activity.java:7000)
06-29 02:57:41.150  9380  9380 I zygote64:   at void android.app.Instrumentation.callActivityOnCreate(android.app.Activity, android.os.Bundle) (Instrumentation.java:1214)
06-29 02:57:41.150  9380  9380 I zygote64:   at android.app.Activity android.app.ActivityThread.performLaunchActivity(android.app.ActivityThread$ActivityClientRecord, android.content.Intent) (ActivityThread.java:2731)
06-29 02:57:41.150  9380  9380 I zygote64:   at void android.app.ActivityThread.handleLaunchActivity(android.app.ActivityThread$ActivityClientRecord, android.content.Intent, java.lang.String) (ActivityThread.java:2856)
06-29 02:57:41.150  9380  9380 I zygote64:   at void android.app.ActivityThread.-wrap11(android.app.ActivityThread, android.app.ActivityThread$ActivityClientRecord, android.content.Intent, java.lang.String) (ActivityThread.java:-1)
06-29 02:57:41.150  9380  9380 I zygote64:   at void android.app.ActivityThread$H.handleMessage(android.os.Message) (ActivityThread.java:1589)
06-29 02:57:41.150  9380  9380 I zygote64:   at void android.os.Handler.dispatchMessage(android.os.Message) (Handler.java:106)
06-29 02:57:41.150  9380  9380 I zygote64:   at void android.os.Looper.loop() (Looper.java:164)
06-29 02:57:41.150  9380  9380 I zygote64:   at void android.app.ActivityThread.main(java.lang.String[]) (ActivityThread.java:6494)
06-29 02:57:41.150  9380  9380 I zygote64:   at java.lang.Object java.lang.reflect.Method.invoke(java.lang.Object, java.lang.Object[]) (Method.java:-2)
06-29 02:57:41.150  9380  9380 I zygote64:   at void com.android.internal.os.RuntimeInit$MethodAndArgsCaller.run() (RuntimeInit.java:438)
06-29 02:57:41.150  9380  9380 I zygote64:   at void com.android.internal.os.ZygoteInit.main(java.lang.String[]) (ZygoteInit.java:807)
06-29 02:57:41.150  9380  9380 I zygote64: Caused by: java.lang.ClassNotFoundException: Didn't find class "android.view.View$OnUnhandledKeyEventListener" on path: DexPathList[[zip file "/data/app/com.example.edgesum-oaq8Pcma81zelip6HwD9pg==/base.apk"],nativeLibraryDirectories=[/data/app/com.example.edgesum-oaq8Pcma81zelip6HwD9pg==/lib/arm64, /data/app/com.example.edgesum-oaq8Pcma81zelip6HwD9pg==/base.apk!/lib/arm64-v8a, /system/lib64, /vendor/lib64]]
06-29 02:57:41.150  9380  9380 I zygote64:   at java.lang.Class dalvik.system.BaseDexClassLoader.findClass(java.lang.String) (BaseDexClassLoader.java:125)
06-29 02:57:41.150  9380  9380 I zygote64:   at java.lang.Class java.lang.ClassLoader.loadClass(java.lang.String, boolean) (ClassLoader.java:379)
06-29 02:57:41.150  9380  9380 I zygote64:   at java.lang.Class java.lang.ClassLoader.loadClass(java.lang.String) (ClassLoader.java:312)
06-29 02:57:41.150  9380  9380 I zygote64:   at void androidx.core.view.ViewCompat.setOnApplyWindowInsetsListener(android.view.View, androidx.core.view.OnApplyWindowInsetsListener) (ViewCompat.java:2421)
06-29 02:57:41.150  9380  9380 I zygote64:   at android.view.ViewGroup androidx.appcompat.app.AppCompatDelegateImpl.createSubDecor() (AppCompatDelegateImpl.java:779)
06-29 02:57:41.150  9380  9380 I zygote64:   at void androidx.appcompat.app.AppCompatDelegateImpl.ensureSubDecor() (AppCompatDelegateImpl.java:659)
06-29 02:57:41.150  9380  9380 I zygote64:   at void androidx.appcompat.app.AppCompatDelegateImpl.setContentView(int) (AppCompatDelegateImpl.java:552)
06-29 02:57:41.150  9380  9380 I zygote64:   at void androidx.appcompat.app.AppCompatActivity.setContentView(int) (AppCompatActivity.java:161)
06-29 02:57:41.150  9380  9380 I zygote64:   at void com.example.edgesum.page.main.MainActivity.onCreate(android.os.Bundle) (MainActivity.java:95)
06-29 02:57:41.150  9380  9380 I zygote64:   at void android.app.Activity.performCreate(android.os.Bundle, android.os.PersistableBundle) (Activity.java:7009)
06-29 02:57:41.150  9380  9380 I zygote64:   at void android.app.Activity.performCreate(android.os.Bundle) (Activity.java:7000)
06-29 02:57:41.150  9380  9380 I zygote64:   at void android.app.Instrumentation.callActivityOnCreate(android.app.Activity, android.os.Bundle) (Instrumentation.java:1214)
06-29 02:57:41.150  9380  9380 I zygote64:   at android.app.Activity android.app.ActivityThread.performLaunchActivity(android.app.ActivityThread$ActivityClientRecord, android.content.Intent) (ActivityThread.java:2731)
06-29 02:57:41.150  9380  9380 I zygote64:   at void android.app.ActivityThread.handleLaunchActivity(android.app.ActivityThread$ActivityClientRecord, android.content.Intent, java.lang.String) (ActivityThread.java:2856)
06-29 02:57:41.151  9380  9380 I zygote64:   at void android.app.ActivityThread.-wrap11(android.app.ActivityThread, android.app.ActivityThread$ActivityClientRecord, android.content.Intent, java.lang.String) (ActivityThread.java:-1)
06-29 02:57:41.151  9380  9380 I zygote64:   at void android.app.ActivityThread$H.handleMessage(android.os.Message) (ActivityThread.java:1589)
06-29 02:57:41.151  9380  9380 I zygote64:   at void android.os.Handler.dispatchMessage(android.os.Message) (Handler.java:106)
06-29 02:57:41.151  9380  9380 I zygote64:   at void android.os.Looper.loop() (Looper.java:164)
06-29 02:57:41.151  9380  9380 I zygote64:   at void android.app.ActivityThread.main(java.lang.String[]) (ActivityThread.java:6494)
06-29 02:57:41.151  9380  9380 I zygote64:   at java.lang.Object java.lang.reflect.Method.invoke(java.lang.Object, java.lang.Object[]) (Method.java:-2)
06-29 02:57:41.151  9380  9380 I zygote64:   at void com.android.internal.os.RuntimeInit$MethodAndArgsCaller.run() (RuntimeInit.java:438)
06-29 02:57:41.151  9380  9380 I zygote64:   at void com.android.internal.os.ZygoteInit.main(java.lang.String[]) (ZygoteInit.java:807)
06-29 02:57:41.151  9380  9380 I zygote64: 
06-29 02:57:41.151  9380  9380 I zygote64: Rejecting re-init on previously-failed class java.lang.Class<androidx.core.view.ViewCompat$2>: java.lang.NoClassDefFoundError: Failed resolution of: Landroid/view/View$OnUnhandledKeyEventListener;
06-29 02:57:41.151  9380  9380 I zygote64:   at void androidx.core.view.ViewCompat.setOnApplyWindowInsetsListener(android.view.View, androidx.core.view.OnApplyWindowInsetsListener) (ViewCompat.java:2421)
06-29 02:57:41.151  9380  9380 I zygote64:   at android.view.ViewGroup androidx.appcompat.app.AppCompatDelegateImpl.createSubDecor() (AppCompatDelegateImpl.java:779)
06-29 02:57:41.151  9380  9380 I zygote64:   at void androidx.appcompat.app.AppCompatDelegateImpl.ensureSubDecor() (AppCompatDelegateImpl.java:659)
06-29 02:57:41.151  9380  9380 I zygote64:   at void androidx.appcompat.app.AppCompatDelegateImpl.setContentView(int) (AppCompatDelegateImpl.java:552)
06-29 02:57:41.151  9380  9380 I zygote64:   at void androidx.appcompat.app.AppCompatActivity.setContentView(int) (AppCompatActivity.java:161)
06-29 02:57:41.151  9380  9380 I zygote64:   at void com.example.edgesum.page.main.MainActivity.onCreate(android.os.Bundle) (MainActivity.java:95)
06-29 02:57:41.151  9380  9380 I zygote64:   at void android.app.Activity.performCreate(android.os.Bundle, android.os.PersistableBundle) (Activity.java:7009)
06-29 02:57:41.151  9380  9380 I zygote64:   at void android.app.Activity.performCreate(android.os.Bundle) (Activity.java:7000)
06-29 02:57:41.151  9380  9380 I zygote64:   at void android.app.Instrumentation.callActivityOnCreate(android.app.Activity, android.os.Bundle) (Instrumentation.java:1214)
06-29 02:57:41.151  9380  9380 I zygote64:   at android.app.Activity android.app.ActivityThread.performLaunchActivity(android.app.ActivityThread$ActivityClientRecord, android.content.Intent) (ActivityThread.java:2731)
06-29 02:57:41.151  9380  9380 I zygote64:   at void android.app.ActivityThread.handleLaunchActivity(android.app.ActivityThread$ActivityClientRecord, android.content.Intent, java.lang.String) (ActivityThread.java:2856)
06-29 02:57:41.151  9380  9380 I zygote64:   at void android.app.ActivityThread.-wrap11(android.app.ActivityThread, android.app.ActivityThread$ActivityClientRecord, android.content.Intent, java.lang.String) (ActivityThread.java:-1)
06-29 02:57:41.151  9380  9380 I zygote64:   at void android.app.ActivityThread$H.handleMessage(android.os.Message) (ActivityThread.java:1589)
06-29 02:57:41.151  9380  9380 I zygote64:   at void android.os.Handler.dispatchMessage(android.os.Message) (Handler.java:106)
06-29 02:57:41.151  9380  9380 I zygote64:   at void android.os.Looper.loop() (Looper.java:164)
06-29 02:57:41.151  9380  9380 I zygote64:   at void android.app.ActivityThread.main(java.lang.String[]) (ActivityThread.java:6494)
06-29 02:57:41.151  9380  9380 I zygote64:   at java.lang.Object java.lang.reflect.Method.invoke(java.lang.Object, java.lang.Object[]) (Method.java:-2)
06-29 02:57:41.151  9380  9380 I zygote64:   at void com.android.internal.os.RuntimeInit$MethodAndArgsCaller.run() (RuntimeInit.java:438)
06-29 02:57:41.151  9380  9380 I zygote64:   at void com.android.internal.os.ZygoteInit.main(java.lang.String[]) (ZygoteInit.java:807)
06-29 02:57:41.151  9380  9380 I zygote64: Caused by: java.lang.ClassNotFoundException: Didn't find class "android.view.View$OnUnhandledKeyEventListener" on path: DexPathList[[zip file "/data/app/com.example.edgesum-oaq8Pcma81zelip6HwD9pg==/base.apk"],nativeLibraryDirectories=[/data/app/com.example.edgesum-oaq8Pcma81zelip6HwD9pg==/lib/arm64, /data/app/com.example.edgesum-oaq8Pcma81zelip6HwD9pg==/base.apk!/lib/arm64-v8a, /system/lib64, /vendor/lib64]]
06-29 02:57:41.151  9380  9380 I zygote64:   at java.lang.Class dalvik.system.BaseDexClassLoader.findClass(java.lang.String) (BaseDexClassLoader.java:125)
06-29 02:57:41.151  9380  9380 I zygote64:   at java.lang.Class java.lang.ClassLoader.loadClass(java.lang.String, boolean) (ClassLoader.java:379)
06-29 02:57:41.151  9380  9380 I zygote64:   at java.lang.Class java.lang.ClassLoader.loadClass(java.lang.String) (ClassLoader.java:312)
06-29 02:57:41.151  9380  9380 I zygote64:   at void androidx.core.view.ViewCompat.setOnApplyWindowInsetsListener(android.view.View, androidx.core.view.OnApplyWindowInsetsListener) (ViewCompat.java:2421)
06-29 02:57:41.151  9380  9380 I zygote64:   at android.view.ViewGroup androidx.appcompat.app.AppCompatDelegateImpl.createSubDecor() (AppCompatDelegateImpl.java:779)
06-29 02:57:41.151  9380  9380 I zygote64:   at void androidx.appcompat.app.AppCompatDelegateImpl.ensureSubDecor() (AppCompatDelegateImpl.java:659)
06-29 02:57:41.151  9380  9380 I zygote64:   at void androidx.appcompat.app.AppCompatDelegateImpl.setContentView(int) (AppCompatDelegateImpl.java:552)
06-29 02:57:41.152  9380  9380 I zygote64:   at void androidx.appcompat.app.AppCompatActivity.setContentView(int) (AppCompatActivity.java:161)
06-29 02:57:41.152  9380  9380 I zygote64:   at void com.example.edgesum.page.main.MainActivity.onCreate(android.os.Bundle) (MainActivity.java:95)
06-29 02:57:41.152  9380  9380 I zygote64:   at void android.app.Activity.performCreate(android.os.Bundle, android.os.PersistableBundle) (Activity.java:7009)
06-29 02:57:41.152  9380  9380 I zygote64:   at void android.app.Activity.performCreate(android.os.Bundle) (Activity.java:7000)
06-29 02:57:41.152  9380  9380 I zygote64:   at void android.app.Instrumentation.callActivityOnCreate(android.app.Activity, android.os.Bundle) (Instrumentation.java:1214)
06-29 02:57:41.152  9380  9380 I zygote64:   at android.app.Activity android.app.ActivityThread.performLaunchActivity(android.app.ActivityThread$ActivityClientRecord, android.content.Intent) (ActivityThread.java:2731)
06-29 02:57:41.152  9380  9380 I zygote64:   at void android.app.ActivityThread.handleLaunchActivity(android.app.ActivityThread$ActivityClientRecord, android.content.Intent, java.lang.String) (ActivityThread.java:2856)
06-29 02:57:41.152  9380  9380 I zygote64:   at void android.app.ActivityThread.-wrap11(android.app.ActivityThread, android.app.ActivityThread$ActivityClientRecord, android.content.Intent, java.lang.String) (ActivityThread.java:-1)
06-29 02:57:41.152  9380  9380 I zygote64:   at void android.app.ActivityThread$H.handleMessage(android.os.Message) (ActivityThread.java:1589)
06-29 02:57:41.152  9380  9380 I zygote64:   at void android.os.Handler.dispatchMessage(android.os.Message) (Handler.java:106)
06-29 02:57:41.152  9380  9380 I zygote64:   at void android.os.Looper.loop() (Looper.java:164)
06-29 02:57:41.152  9380  9380 I zygote64:   at void android.app.ActivityThread.main(java.lang.String[]) (ActivityThread.java:6494)
06-29 02:57:41.152  9380  9380 I zygote64:   at java.lang.Object java.lang.reflect.Method.invoke(java.lang.Object, java.lang.Object[]) (Method.java:-2)
06-29 02:57:41.152  9380  9380 I zygote64:   at void com.android.internal.os.RuntimeInit$MethodAndArgsCaller.run() (RuntimeInit.java:438)
06-29 02:57:41.152  9380  9380 I zygote64:   at void com.android.internal.os.ZygoteInit.main(java.lang.String[]) (ZygoteInit.java:807)
06-29 02:57:41.152  9380  9380 I zygote64: 
06-29 02:57:41.331  9380  9380 V Repo    : /storage/emulated/0/Movies/raw
06-29 02:57:41.332  9380  9380 V Repo    : /storage/emulated/0/Movies/summarised
06-29 02:57:41.347  9380  9380 V FileManager: External storage is readable
06-29 02:57:41.348  9380  9380 V FileManager: Directory already exists: /storage/emulated/0/Movies/raw
06-29 02:57:41.352  9380  9380 V FileManager: External storage is readable
06-29 02:57:41.353  9380  9380 V FileManager: Directory already exists: /storage/emulated/0/Movies/summarised
06-29 02:57:41.358  9380  9380 V FileManager: External storage is readable
06-29 02:57:41.359  9380  9380 V FileManager: Directory already exists: /storage/emulated/0/Download/nearby
06-29 02:57:41.364  9380  9380 V FileManager: External storage is readable
06-29 02:57:41.364  9380  9380 V FileManager: Directory already exists: /storage/emulated/0/Movies/segment
06-29 02:57:41.370  9380  9380 V FileManager: External storage is readable
06-29 02:57:41.371  9380  9380 V FileManager: Directory already exists: /storage/emulated/0/Movies/segment-sum
06-29 02:57:41.505  9380  9380 V VideoManager: getAllVideoFromExternalStorageFolder
06-29 02:57:41.512  9380  9380 D VideoManager: /storage/emulated/0/Movies/summarised
06-29 02:57:41.523  9380  9380 D VideoManager: 0 videos return
06-29 02:57:41.554  9380  9380 V VideoManager: getAllVideoFromExternalStorageFolder
06-29 02:57:41.560  9380  9380 D VideoManager: /storage/emulated/0/Movies/raw
06-29 02:57:41.567  9380  9380 D VideoManager: 0 videos return
06-29 02:57:41.611  9380  9410 D OpenGLRenderer: HWUI GL Pipeline
06-29 02:57:41.622  9380  9380 I TransferService: Starting Transfer Service to listen for network connectivity changes.
06-29 02:57:41.623  9380  9380 I TransferService: Registering the network receiver
06-29 02:57:41.625  9380  9380 E TransferService: No notification is passed in the intent. Unable to transition to foreground.
06-29 02:57:41.660  9380  9392 D MainActivity: Scanned /storage/emulated/0/Movies/summarised
06-29 02:57:41.660  9380  9392 D MainActivity:   -> uri=content://media/external/file/5080
06-29 02:57:41.684  9380  9408 D MainActivity: Scanned /storage/emulated/0/Movies/raw
06-29 02:57:41.684  9380  9408 D MainActivity:   -> uri=content://media/external/file/5079
06-29 02:57:41.722  9380  9410 I Adreno  : QUALCOMM build                   : 8e59954, I0be83d0d26
06-29 02:57:41.722  9380  9410 I Adreno  : Build Date                       : 09/22/17
06-29 02:57:41.722  9380  9410 I Adreno  : OpenGL ES Shader Compiler Version: EV031.21.02.00
06-29 02:57:41.722  9380  9410 I Adreno  : Local Branch                     : O17A
06-29 02:57:41.722  9380  9410 I Adreno  : Remote Branch                    : 
06-29 02:57:41.722  9380  9410 I Adreno  : Remote Branch                    : 
06-29 02:57:41.722  9380  9410 I Adreno  : Reconstruct Branch               : 
06-29 02:57:41.722  9380  9410 D vndksupport: Loading /vendor/lib64/hw/gralloc.msm8992.so from current namespace instead of sphal namespace.
06-29 02:57:41.740  9380  9385 I zygote64: Do partial code cache collection, code=23KB, data=29KB
06-29 02:57:41.741  9380  9385 I zygote64: After code cache collection, code=23KB, data=29KB
06-29 02:57:41.741  9380  9385 I zygote64: Increasing code cache capacity to 128KB
06-29 02:57:41.745  9380  9380 I TransferNetworkLossHand: Network connectivity changed detected.
06-29 02:57:41.747  9380  9380 I TransferNetworkLossHand: Network connected: true
06-29 02:57:41.748  9380  9410 I Adreno  : PFP: 0x00000000, ME: 0x00000000
06-29 02:57:41.786  9380  9410 I zygote64: android::hardware::configstore::V1_0::ISurfaceFlingerConfigs::hasWideColorDisplay retrieved: 0
06-29 02:57:41.787  9380  9410 I OpenGLRenderer: Initialized EGL, version 1.4
06-29 02:57:41.788  9380  9410 D OpenGLRenderer: Swap behavior 2
06-29 02:57:41.842  9380  9410 D vndksupport: Loading /vendor/lib64/hw/android.hardware.graphics.mapper@2.0-impl.so from current namespace instead of sphal namespace.
06-29 02:57:41.844  9380  9410 D vndksupport: Loading /vendor/lib64/hw/gralloc.msm8992.so from current namespace instead of sphal namespace.
06-29 02:57:45.196  9380  9380 V MainActivity: Connect button clicked
06-29 02:57:49.455  9380  9380 V ConnectionFragment: Advertisement switch checked
06-29 02:57:52.115  9380  9380 D NearbyFragment: Started advertising
06-29 02:58:08.374  9380  9380 D NearbyFragment: Initiated connection with null: Galaxy S8 [2802]
06-29 02:58:08.525  9380  9385 I zygote64: Do partial code cache collection, code=54KB, data=59KB
06-29 02:58:08.526  9380  9385 I zygote64: After code cache collection, code=54KB, data=59KB
06-29 02:58:08.526  9380  9385 I zygote64: Increasing code cache capacity to 256KB
06-29 02:58:08.526  9380  9385 I zygote64: Compiler allocated 4MB to compile void android.view.View.<init>(android.content.Context, android.util.AttributeSet, int, int)
06-29 02:58:08.810  9380  9385 I zygote64: Do full code cache collection, code=116KB, data=98KB
06-29 02:58:08.811  9380  9385 I zygote64: After code cache collection, code=110KB, data=57KB
06-29 02:58:11.798  9380  9380 I NearbyFragment: Connected to Endpoint{id=ffHt, name=Galaxy S8 [2802]}
06-29 02:58:33.759  9380  9380 D NearbyFragment: Initiated connection with null: Nexus 5 [1825]
06-29 02:58:34.008  9380  9385 I zygote64: Do partial code cache collection, code=121KB, data=91KB
06-29 02:58:34.009  9380  9385 I zygote64: After code cache collection, code=121KB, data=91KB
06-29 02:58:34.009  9380  9385 I zygote64: Increasing code cache capacity to 512KB
06-29 02:58:37.663  9380  9380 I NearbyFragment: Connected to Endpoint{id=LSxL, name=Nexus 5 [1825]}
06-29 02:58:40.120  9380  9380 V ConnectionFragment: Advertisement switch unchecked
06-29 02:58:40.120  9380  9380 D NearbyFragment: Stopped advertising
06-29 03:00:28.248  9380  9380 V ConnectionFragment: Auto-send switch checked
06-29 03:00:28.375  9380  9380 W NearbyFragment: Preferences:
06-29 03:00:28.375  9380  9380 W NearbyFragment:   Auto download: true
06-29 03:00:28.375  9380  9380 W NearbyFragment:   Algorithm: least_busy
06-29 03:00:28.375  9380  9380 W NearbyFragment:   Fast scheduling: true
06-29 03:00:28.375  9380  9380 W NearbyFragment:   Segmentation: false
06-29 03:00:28.375  9380  9380 W NearbyFragment:   Auto segmentation: false
06-29 03:00:28.375  9380  9380 W NearbyFragment:   Segment number: 4
06-29 03:00:28.375  9380  9380 W NearbyFragment:   Noise tolerance: 45.00
06-29 03:00:28.375  9380  9380 W NearbyFragment:   Quality: 23
06-29 03:00:28.375  9380  9380 W NearbyFragment:   Speed: medium
06-29 03:00:28.375  9380  9380 W NearbyFragment:   Freeze duration: 1.00
06-29 03:00:28.376  9380  9380 W NearbyFragment: Download delay: 1s
06-29 03:00:28.376  9380  9380 W NearbyFragment: Started downloading from dashcam
06-29 03:00:28.377  9380  9599 V DownloadTestVideosTask: Starting DownloadTestVideosTask
06-29 03:00:28.382  9380  9599 V DashDownloadManager: Started downloading: 20200312_150643.mp4
06-29 03:00:28.512  9380  9385 I zygote64: Compiler allocated 4MB to compile void android.view.ViewRootImpl.performTraversals()
06-29 03:00:29.564  9380  9380 V MainActivity: Navigation summarised button clicked
06-29 03:00:43.195  9380  9380 V VideoManager: videoFromCursor
06-29 03:00:43.202  9380  9380 V RawFootageEventHandler: onAdd
06-29 03:00:43.205  9380  9380 V NearbyFragment: nextTransfer with selected algorithm: least_busy
06-29 03:00:43.212  9380  9380 W NearbyFragment: Sending 20200312_150643.mp4 to Galaxy S8 [2802]
06-29 03:00:43.225  9380  9380 W DashDownloadManager: Successfully downloaded 20200312_150643.mp4 in 14.790s
06-29 03:00:43.231  9380  9380 V NearbyFragment: Transfer to ffHt: 100%
06-29 03:00:43.255  9380  9380 V NearbyFragment: Transfer to ffHt: 100%
06-29 03:00:43.257  9380  9380 V NearbyFragment: Transfer to ffHt: 0%
06-29 03:00:43.259  9380  9380 V NearbyFragment: Transfer to ffHt: 0%
06-29 03:00:43.261  9380  9380 V NearbyFragment: Transfer to ffHt: 0%
06-29 03:00:43.263  9380  9380 I chatty  : uid=10100(com.example.edgesum) identical 1 line
06-29 03:00:43.264  9380  9380 V NearbyFragment: Transfer to ffHt: 0%
06-29 03:00:43.266  9380  9380 V NearbyFragment: Transfer to ffHt: 0%
06-29 03:00:43.267  9380  9380 V NearbyFragment: Transfer to ffHt: 0%
06-29 03:00:43.268  9380  9380 V NearbyFragment: Transfer to ffHt: 0%
06-29 03:00:43.269  9380  9380 V NearbyFragment: Transfer to ffHt: 0%
06-29 03:00:43.270  9380  9380 V NearbyFragment: Transfer to ffHt: 0%
06-29 03:00:43.271  9380  9380 V NearbyFragment: Transfer to ffHt: 1%
06-29 03:00:43.272  9380  9380 V NearbyFragment: Transfer to ffHt: 1%
06-29 03:00:43.273  9380  9380 V NearbyFragment: Transfer to ffHt: 1%
06-29 03:00:43.275  9380  9380 V NearbyFragment: Transfer to ffHt: 1%
06-29 03:00:43.276  9380  9380 V NearbyFragment: Transfer to ffHt: 1%
06-29 03:00:43.277  9380  9380 V NearbyFragment: Transfer to ffHt: 1%
06-29 03:00:43.278  9380  9380 I chatty  : uid=10100(com.example.edgesum) identical 1 line
06-29 03:00:43.279  9380  9380 V NearbyFragment: Transfer to ffHt: 1%
06-29 03:00:43.281  9380  9380 V NearbyFragment: Transfer to ffHt: 1%
06-29 03:00:43.283  9380  9380 V NearbyFragment: Transfer to ffHt: 1%
06-29 03:00:43.285  9380  9380 V NearbyFragment: Transfer to ffHt: 1%
06-29 03:00:43.288  9380  9380 V NearbyFragment: Transfer to ffHt: 2%
06-29 03:00:43.290  9380  9380 V NearbyFragment: Transfer to ffHt: 2%
06-29 03:00:43.292  9380  9380 V NearbyFragment: Transfer to ffHt: 2%
06-29 03:00:43.294  9380  9380 V NearbyFragment: Transfer to ffHt: 2%
06-29 03:00:43.298  9380  9380 V NearbyFragment: Transfer to ffHt: 2%
06-29 03:00:43.300  9380  9380 V NearbyFragment: Transfer to ffHt: 2%
06-29 03:00:43.303  9380  9380 V NearbyFragment: Transfer to ffHt: 2%
06-29 03:00:43.308  9380  9380 V NearbyFragment: Transfer to ffHt: 2%
06-29 03:00:43.309  9380  9380 I chatty  : uid=10100(com.example.edgesum) identical 1 line
06-29 03:00:43.310  9380  9380 V NearbyFragment: Transfer to ffHt: 2%
06-29 03:00:43.313  9380  9380 V NearbyFragment: Transfer to ffHt: 2%
06-29 03:00:43.315  9380  9380 V NearbyFragment: Transfer to ffHt: 3%
06-29 03:00:43.317  9380  9380 V NearbyFragment: Transfer to ffHt: 3%
06-29 03:00:43.319  9380  9380 V NearbyFragment: Transfer to ffHt: 3%
06-29 03:00:43.322  9380  9380 V NearbyFragment: Transfer to ffHt: 3%
06-29 03:00:43.324  9380  9380 V NearbyFragment: Transfer to ffHt: 3%
06-29 03:00:43.326  9380  9380 V NearbyFragment: Transfer to ffHt: 3%
06-29 03:00:43.328  9380  9380 V NearbyFragment: Transfer to ffHt: 3%
06-29 03:00:43.332  9380  9380 V NearbyFragment: Transfer to ffHt: 3%
06-29 03:00:43.333  9380  9380 V NearbyFragment: Transfer to ffHt: 3%
06-29 03:00:43.335  9380  9380 V NearbyFragment: Transfer to ffHt: 3%
06-29 03:00:43.337  9380  9380 V NearbyFragment: Transfer to ffHt: 4%
06-29 03:00:43.340  9380  9380 V NearbyFragment: Transfer to ffHt: 4%
06-29 03:00:43.342  9380  9380 V NearbyFragment: Transfer to ffHt: 4%
06-29 03:00:43.345  9380  9380 V NearbyFragment: Transfer to ffHt: 4%
06-29 03:00:43.347  9380  9380 V NearbyFragment: Transfer to ffHt: 4%
06-29 03:00:43.349  9380  9380 V NearbyFragment: Transfer to ffHt: 4%
06-29 03:00:43.352  9380  9380 V NearbyFragment: Transfer to ffHt: 4%
06-29 03:00:43.353  9380  9380 V NearbyFragment: Transfer to ffHt: 4%
06-29 03:00:43.356  9380  9380 V NearbyFragment: Transfer to ffHt: 4%
06-29 03:00:43.357  9380  9385 I zygote64: Do full code cache collection, code=251KB, data=185KB
06-29 03:00:43.358  9380  9380 V NearbyFragment: Transfer to ffHt: 4%
06-29 03:00:43.359  9380  9385 I zygote64: After code cache collection, code=207KB, data=120KB
06-29 03:00:43.360  9380  9380 V NearbyFragment: Transfer to ffHt: 4%
06-29 03:00:43.362  9380  9380 V NearbyFragment: Transfer to ffHt: 5%
06-29 03:00:43.364  9380  9380 V NearbyFragment: Transfer to ffHt: 5%
06-29 03:00:43.367  9380  9380 V NearbyFragment: Transfer to ffHt: 5%
06-29 03:00:43.369  9380  9380 V NearbyFragment: Transfer to ffHt: 5%
06-29 03:00:43.372  9380  9380 V NearbyFragment: Transfer to ffHt: 5%
06-29 03:00:43.374  9380  9380 V NearbyFragment: Transfer to ffHt: 5%
06-29 03:00:43.376  9380  9380 V NearbyFragment: Transfer to ffHt: 5%
06-29 03:00:43.611  9380  9380 V NearbyFragment: Transfer to ffHt: 5%
06-29 03:00:43.616  9380  9380 V NearbyFragment: Transfer to ffHt: 5%
06-29 03:00:43.623  9380  9380 V NearbyFragment: Transfer to ffHt: 5%
06-29 03:00:43.631  9380  9380 V NearbyFragment: Transfer to ffHt: 5%
06-29 03:00:43.633  9380  9380 V NearbyFragment: Transfer to ffHt: 6%
06-29 03:00:43.639  9380  9380 V NearbyFragment: Transfer to ffHt: 6%
06-29 03:00:43.642  9380  9380 V NearbyFragment: Transfer to ffHt: 6%
06-29 03:00:43.646  9380  9380 V NearbyFragment: Transfer to ffHt: 6%
06-29 03:00:43.648  9380  9380 V NearbyFragment: Transfer to ffHt: 6%
06-29 03:00:43.650  9380  9380 V NearbyFragment: Transfer to ffHt: 6%
06-29 03:00:43.653  9380  9380 V NearbyFragment: Transfer to ffHt: 6%
06-29 03:00:43.655  9380  9380 V NearbyFragment: Transfer to ffHt: 6%
06-29 03:00:43.657  9380  9380 V NearbyFragment: Transfer to ffHt: 6%
06-29 03:00:43.662  9380  9380 V NearbyFragment: Transfer to ffHt: 6%
06-29 03:00:43.663  9380  9380 V NearbyFragment: Transfer to ffHt: 7%
06-29 03:00:43.665  9380  9380 V NearbyFragment: Transfer to ffHt: 7%
06-29 03:00:43.667  9380  9380 V NearbyFragment: Transfer to ffHt: 7%
06-29 03:00:43.672  9380  9380 V NearbyFragment: Transfer to ffHt: 7%
06-29 03:00:43.674  9380  9380 V NearbyFragment: Transfer to ffHt: 7%
06-29 03:00:43.678  9380  9380 V NearbyFragment: Transfer to ffHt: 7%
06-29 03:00:43.679  9380  9380 V NearbyFragment: Transfer to ffHt: 7%
06-29 03:00:43.682  9380  9380 V NearbyFragment: Transfer to ffHt: 7%
06-29 03:00:43.684  9380  9380 V NearbyFragment: Transfer to ffHt: 7%
06-29 03:00:43.687  9380  9380 V NearbyFragment: Transfer to ffHt: 7%
06-29 03:00:43.688  9380  9380 V NearbyFragment: Transfer to ffHt: 7%
06-29 03:00:43.690  9380  9380 V NearbyFragment: Transfer to ffHt: 8%
06-29 03:00:43.692  9380  9380 V NearbyFragment: Transfer to ffHt: 8%
06-29 03:00:43.695  9380  9380 V NearbyFragment: Transfer to ffHt: 8%
06-29 03:00:43.699  9380  9380 V NearbyFragment: Transfer to ffHt: 8%
06-29 03:00:43.700  9380  9380 V NearbyFragment: Transfer to ffHt: 8%
06-29 03:00:43.702  9380  9380 V NearbyFragment: Transfer to ffHt: 8%
06-29 03:00:43.704  9380  9380 V NearbyFragment: Transfer to ffHt: 8%
06-29 03:00:43.706  9380  9380 V NearbyFragment: Transfer to ffHt: 8%
06-29 03:00:43.707  9380  9380 V NearbyFragment: Transfer to ffHt: 8%
06-29 03:00:43.826  9380  9380 V NearbyFragment: Transfer to ffHt: 8%
06-29 03:00:43.831  9380  9380 V NearbyFragment: Transfer to ffHt: 8%
06-29 03:00:43.833  9380  9380 V NearbyFragment: Transfer to ffHt: 9%
06-29 03:00:43.841  9380  9380 V NearbyFragment: Transfer to ffHt: 9%
06-29 03:00:43.846  9380  9380 V NearbyFragment: Transfer to ffHt: 9%
06-29 03:00:43.854  9380  9380 V NearbyFragment: Transfer to ffHt: 9%
06-29 03:00:43.856  9380  9380 V NearbyFragment: Transfer to ffHt: 9%
06-29 03:00:43.862  9380  9380 V NearbyFragment: Transfer to ffHt: 9%
06-29 03:00:43.868  9380  9380 V NearbyFragment: Transfer to ffHt: 9%
06-29 03:00:43.872  9380  9380 V NearbyFragment: Transfer to ffHt: 9%
06-29 03:00:43.876  9380  9380 V NearbyFragment: Transfer to ffHt: 9%
06-29 03:00:43.881  9380  9380 V NearbyFragment: Transfer to ffHt: 9%
06-29 03:00:43.884  9380  9380 V NearbyFragment: Transfer to ffHt: 10%
06-29 03:00:43.885  9380  9380 V NearbyFragment: Transfer to ffHt: 10%
06-29 03:00:43.887  9380  9380 V NearbyFragment: Transfer to ffHt: 10%
06-29 03:00:43.890  9380  9380 V NearbyFragment: Transfer to ffHt: 10%
06-29 03:00:43.892  9380  9380 V NearbyFragment: Transfer to ffHt: 10%
06-29 03:00:43.895  9380  9380 V NearbyFragment: Transfer to ffHt: 10%
06-29 03:00:43.903  9380  9380 V NearbyFragment: Transfer to ffHt: 10%
06-29 03:00:43.904  9380  9380 I chatty  : uid=10100(com.example.edgesum) identical 1 line
06-29 03:00:43.905  9380  9380 V NearbyFragment: Transfer to ffHt: 10%
06-29 03:00:43.908  9380  9380 V NearbyFragment: Transfer to ffHt: 10%
06-29 03:00:43.911  9380  9380 V NearbyFragment: Transfer to ffHt: 10%
06-29 03:00:43.913  9380  9380 V NearbyFragment: Transfer to ffHt: 11%
06-29 03:00:43.915  9380  9380 V NearbyFragment: Transfer to ffHt: 11%
06-29 03:00:43.919  9380  9380 V NearbyFragment: Transfer to ffHt: 11%
06-29 03:00:43.921  9380  9380 V NearbyFragment: Transfer to ffHt: 11%
06-29 03:00:43.922  9380  9380 V NearbyFragment: Transfer to ffHt: 11%
06-29 03:00:43.928  9380  9380 V NearbyFragment: Transfer to ffHt: 11%
06-29 03:00:43.929  9380  9380 V NearbyFragment: Transfer to ffHt: 11%
06-29 03:00:43.931  9380  9380 I chatty  : uid=10100(com.example.edgesum) identical 1 line
06-29 03:00:43.932  9380  9380 V NearbyFragment: Transfer to ffHt: 11%
06-29 03:00:43.947  9380  9380 V NearbyFragment: Transfer to ffHt: 11%
06-29 03:00:43.948  9380  9380 V NearbyFragment: Transfer to ffHt: 11%
06-29 03:00:43.949  9380  9380 V NearbyFragment: Transfer to ffHt: 12%
06-29 03:00:43.951  9380  9380 V NearbyFragment: Transfer to ffHt: 12%
06-29 03:00:43.953  9380  9380 V NearbyFragment: Transfer to ffHt: 12%
06-29 03:00:43.954  9380  9380 V NearbyFragment: Transfer to ffHt: 12%
06-29 03:00:43.956  9380  9380 V NearbyFragment: Transfer to ffHt: 12%
06-29 03:00:43.959  9380  9380 V NearbyFragment: Transfer to ffHt: 12%
06-29 03:00:43.961  9380  9380 V NearbyFragment: Transfer to ffHt: 12%
06-29 03:00:43.965  9380  9380 V NearbyFragment: Transfer to ffHt: 12%
06-29 03:00:43.966  9380  9380 V NearbyFragment: Transfer to ffHt: 12%
06-29 03:00:43.968  9380  9380 V NearbyFragment: Transfer to ffHt: 12%
06-29 03:00:43.972  9380  9380 V NearbyFragment: Transfer to ffHt: 13%
06-29 03:00:43.973  9380  9380 I chatty  : uid=10100(com.example.edgesum) identical 1 line
06-29 03:00:43.974  9380  9380 V NearbyFragment: Transfer to ffHt: 13%
06-29 03:00:43.975  9380  9380 V NearbyFragment: Transfer to ffHt: 13%
06-29 03:00:43.977  9380  9380 V NearbyFragment: Transfer to ffHt: 13%
06-29 03:00:43.978  9380  9380 V NearbyFragment: Transfer to ffHt: 13%
06-29 03:00:43.981  9380  9380 V NearbyFragment: Transfer to ffHt: 13%
06-29 03:00:43.982  9380  9380 V NearbyFragment: Transfer to ffHt: 13%
06-29 03:00:44.221  9380  9599 V DownloadTestVideosTask: Starting DownloadTestVideosTask
06-29 03:00:44.233  9380  9599 V DashDownloadManager: Started downloading: 20200312_150744.mp4
06-29 03:00:44.293  9380  9380 V NearbyFragment: Transfer to ffHt: 13%
06-29 03:00:44.296  9380  9380 V NearbyFragment: Transfer to ffHt: 13%
06-29 03:00:44.300  9380  9380 V NearbyFragment: Transfer to ffHt: 13%
06-29 03:00:44.308  9380  9380 V NearbyFragment: Transfer to ffHt: 14%
06-29 03:00:44.311  9380  9380 V NearbyFragment: Transfer to ffHt: 14%
06-29 03:00:44.315  9380  9380 V NearbyFragment: Transfer to ffHt: 14%
06-29 03:00:44.321  9380  9380 V NearbyFragment: Transfer to ffHt: 14%
06-29 03:00:44.324  9380  9380 V NearbyFragment: Transfer to ffHt: 14%
06-29 03:00:44.326  9380  9380 V NearbyFragment: Transfer to ffHt: 14%
06-29 03:00:44.330  9380  9380 V NearbyFragment: Transfer to ffHt: 14%
06-29 03:00:44.331  9380  9380 V NearbyFragment: Transfer to ffHt: 14%
06-29 03:00:44.333  9380  9380 V NearbyFragment: Transfer to ffHt: 14%
06-29 03:00:44.338  9380  9380 V NearbyFragment: Transfer to ffHt: 14%
06-29 03:00:44.340  9380  9380 V NearbyFragment: Transfer to ffHt: 14%
06-29 03:00:44.345  9380  9380 V NearbyFragment: Transfer to ffHt: 15%
06-29 03:00:44.346  9380  9380 V NearbyFragment: Transfer to ffHt: 15%
06-29 03:00:44.348  9380  9380 V NearbyFragment: Transfer to ffHt: 15%
06-29 03:00:44.352  9380  9380 V NearbyFragment: Transfer to ffHt: 15%
06-29 03:00:44.352  9380  9380 I chatty  : uid=10100(com.example.edgesum) identical 1 line
06-29 03:00:44.355  9380  9380 V NearbyFragment: Transfer to ffHt: 15%
06-29 03:00:44.359  9380  9380 V NearbyFragment: Transfer to ffHt: 15%
06-29 03:00:44.361  9380  9380 V NearbyFragment: Transfer to ffHt: 15%
06-29 03:00:44.364  9380  9380 V NearbyFragment: Transfer to ffHt: 15%
06-29 03:00:44.368  9380  9380 V NearbyFragment: Transfer to ffHt: 15%
06-29 03:00:44.372  9380  9380 V NearbyFragment: Transfer to ffHt: 16%
06-29 03:00:44.381  9380  9380 V NearbyFragment: Transfer to ffHt: 16%
06-29 03:00:44.383  9380  9380 V NearbyFragment: Transfer to ffHt: 16%
06-29 03:00:44.384  9380  9380 V NearbyFragment: Transfer to ffHt: 16%
06-29 03:00:44.385  9380  9380 V NearbyFragment: Transfer to ffHt: 16%
06-29 03:00:44.386  9380  9380 I chatty  : uid=10100(com.example.edgesum) identical 1 line
06-29 03:00:44.387  9380  9380 V NearbyFragment: Transfer to ffHt: 16%
06-29 03:00:44.388  9380  9380 V NearbyFragment: Transfer to ffHt: 16%
06-29 03:00:44.389  9380  9380 V NearbyFragment: Transfer to ffHt: 16%
06-29 03:00:44.389  9380  9380 I chatty  : uid=10100(com.example.edgesum) identical 1 line
06-29 03:00:44.390  9380  9380 V NearbyFragment: Transfer to ffHt: 16%
06-29 03:00:44.395  9380  9380 V NearbyFragment: Transfer to ffHt: 17%
06-29 03:00:44.396  9380  9380 I chatty  : uid=10100(com.example.edgesum) identical 1 line
06-29 03:00:44.397  9380  9380 V NearbyFragment: Transfer to ffHt: 17%
06-29 03:00:44.398  9380  9380 V NearbyFragment: Transfer to ffHt: 17%
06-29 03:00:44.399  9380  9380 V NearbyFragment: Transfer to ffHt: 17%
06-29 03:00:44.401  9380  9380 V NearbyFragment: Transfer to ffHt: 17%
06-29 03:00:44.491  9380  9380 V NearbyFragment: Transfer to ffHt: 17%
06-29 03:00:44.493  9380  9380 V NearbyFragment: Transfer to ffHt: 17%
06-29 03:00:44.495  9380  9380 V NearbyFragment: Transfer to ffHt: 17%
06-29 03:00:44.499  9380  9380 V NearbyFragment: Transfer to ffHt: 17%
06-29 03:00:44.502  9380  9380 V NearbyFragment: Transfer to ffHt: 17%
06-29 03:00:44.504  9380  9380 V NearbyFragment: Transfer to ffHt: 18%
06-29 03:00:44.506  9380  9380 V NearbyFragment: Transfer to ffHt: 18%
06-29 03:00:44.507  9380  9380 V NearbyFragment: Transfer to ffHt: 18%
06-29 03:00:44.510  9380  9380 V NearbyFragment: Transfer to ffHt: 18%
06-29 03:00:44.512  9380  9380 V NearbyFragment: Transfer to ffHt: 18%
06-29 03:00:44.514  9380  9380 V NearbyFragment: Transfer to ffHt: 18%
06-29 03:00:44.515  9380  9380 V NearbyFragment: Transfer to ffHt: 18%
06-29 03:00:44.520  9380  9380 V NearbyFragment: Transfer to ffHt: 18%
06-29 03:00:44.522  9380  9380 V NearbyFragment: Transfer to ffHt: 18%
06-29 03:00:44.524  9380  9380 V NearbyFragment: Transfer to ffHt: 18%
06-29 03:00:44.526  9380  9380 V NearbyFragment: Transfer to ffHt: 19%
06-29 03:00:44.530  9380  9380 V NearbyFragment: Transfer to ffHt: 19%
06-29 03:00:44.531  9380  9380 V NearbyFragment: Transfer to ffHt: 19%
06-29 03:00:44.532  9380  9380 V NearbyFragment: Transfer to ffHt: 19%
06-29 03:00:44.533  9380  9380 V NearbyFragment: Transfer to ffHt: 19%
06-29 03:00:44.535  9380  9380 V NearbyFragment: Transfer to ffHt: 19%
06-29 03:00:44.537  9380  9380 V NearbyFragment: Transfer to ffHt: 19%
06-29 03:00:44.540  9380  9380 V NearbyFragment: Transfer to ffHt: 19%
06-29 03:00:44.543  9380  9380 V NearbyFragment: Transfer to ffHt: 19%
06-29 03:00:44.544  9380  9380 V NearbyFragment: Transfer to ffHt: 19%
06-29 03:00:44.547  9380  9380 V NearbyFragment: Transfer to ffHt: 19%
06-29 03:00:44.548  9380  9380 V NearbyFragment: Transfer to ffHt: 20%
06-29 03:00:44.647  9380  9380 V NearbyFragment: Transfer to ffHt: 20%
06-29 03:00:44.649  9380  9380 V NearbyFragment: Transfer to ffHt: 20%
06-29 03:00:44.653  9380  9380 V NearbyFragment: Transfer to ffHt: 20%
06-29 03:00:44.656  9380  9380 V NearbyFragment: Transfer to ffHt: 20%
06-29 03:00:44.660  9380  9380 V NearbyFragment: Transfer to ffHt: 20%
06-29 03:00:44.663  9380  9380 V NearbyFragment: Transfer to ffHt: 20%
06-29 03:00:44.667  9380  9380 V NearbyFragment: Transfer to ffHt: 20%
06-29 03:00:44.671  9380  9380 V NearbyFragment: Transfer to ffHt: 20%
06-29 03:00:44.676  9380  9380 V NearbyFragment: Transfer to ffHt: 20%
06-29 03:00:44.680  9380  9380 V NearbyFragment: Transfer to ffHt: 20%
06-29 03:00:44.682  9380  9380 V NearbyFragment: Transfer to ffHt: 21%
06-29 03:00:44.685  9380  9380 V NearbyFragment: Transfer to ffHt: 21%
06-29 03:00:44.687  9380  9380 V NearbyFragment: Transfer to ffHt: 21%
06-29 03:00:44.689  9380  9380 V NearbyFragment: Transfer to ffHt: 21%
06-29 03:00:44.699  9380  9380 V NearbyFragment: Transfer to ffHt: 21%
06-29 03:00:44.701  9380  9380 V NearbyFragment: Transfer to ffHt: 21%
06-29 03:00:44.704  9380  9380 V NearbyFragment: Transfer to ffHt: 21%
06-29 03:00:44.706  9380  9380 V NearbyFragment: Transfer to ffHt: 21%
06-29 03:00:44.708  9380  9380 V NearbyFragment: Transfer to ffHt: 21%
06-29 03:00:44.710  9380  9380 V NearbyFragment: Transfer to ffHt: 21%
06-29 03:00:44.712  9380  9380 V NearbyFragment: Transfer to ffHt: 22%
06-29 03:00:44.714  9380  9380 V NearbyFragment: Transfer to ffHt: 22%
06-29 03:00:44.716  9380  9380 V NearbyFragment: Transfer to ffHt: 22%
06-29 03:00:44.720  9380  9380 V NearbyFragment: Transfer to ffHt: 22%
06-29 03:00:44.722  9380  9380 V NearbyFragment: Transfer to ffHt: 22%
06-29 03:00:44.722  9380  9380 V NearbyFragment: Transfer to ffHt: 22%
06-29 03:00:44.728  9380  9380 V NearbyFragment: Transfer to ffHt: 22%
06-29 03:00:44.731  9380  9380 V NearbyFragment: Transfer to ffHt: 22%
06-29 03:00:44.732  9380  9380 V NearbyFragment: Transfer to ffHt: 22%
06-29 03:00:44.736  9380  9380 V NearbyFragment: Transfer to ffHt: 22%
06-29 03:00:44.738  9380  9380 V NearbyFragment: Transfer to ffHt: 22%
06-29 03:00:44.741  9380  9380 V NearbyFragment: Transfer to ffHt: 23%
06-29 03:00:44.744  9380  9380 V NearbyFragment: Transfer to ffHt: 23%
06-29 03:00:44.754  9380  9380 V NearbyFragment: Transfer to ffHt: 23%
06-29 03:00:44.756  9380  9380 V NearbyFragment: Transfer to ffHt: 23%
06-29 03:00:44.759  9380  9380 V NearbyFragment: Transfer to ffHt: 23%
06-29 03:00:44.761  9380  9380 V NearbyFragment: Transfer to ffHt: 23%
06-29 03:00:44.762  9380  9380 V NearbyFragment: Transfer to ffHt: 23%
06-29 03:00:44.767  9380  9380 V NearbyFragment: Transfer to ffHt: 23%
06-29 03:00:45.056  9380  9380 V NearbyFragment: Transfer to ffHt: 23%
06-29 03:00:45.066  9380  9380 V NearbyFragment: Transfer to ffHt: 23%
06-29 03:00:45.074  9380  9380 V NearbyFragment: Transfer to ffHt: 23%
06-29 03:00:45.082  9380  9380 V NearbyFragment: Transfer to ffHt: 24%
06-29 03:00:45.091  9380  9380 V NearbyFragment: Transfer to ffHt: 24%
06-29 03:00:45.093  9380  9380 V NearbyFragment: Transfer to ffHt: 24%
06-29 03:00:45.095  9380  9380 V NearbyFragment: Transfer to ffHt: 24%
06-29 03:00:45.097  9380  9380 V NearbyFragment: Transfer to ffHt: 24%
06-29 03:00:45.102  9380  9380 V NearbyFragment: Transfer to ffHt: 24%
06-29 03:00:45.104  9380  9380 V NearbyFragment: Transfer to ffHt: 24%
06-29 03:00:45.107  9380  9380 V NearbyFragment: Transfer to ffHt: 24%
06-29 03:00:45.109  9380  9380 V NearbyFragment: Transfer to ffHt: 24%
06-29 03:00:45.111  9380  9380 V NearbyFragment: Transfer to ffHt: 24%
06-29 03:00:45.113  9380  9380 V NearbyFragment: Transfer to ffHt: 25%
06-29 03:00:45.116  9380  9380 V NearbyFragment: Transfer to ffHt: 25%
06-29 03:00:45.117  9380  9380 V NearbyFragment: Transfer to ffHt: 25%
06-29 03:00:45.119  9380  9380 V NearbyFragment: Transfer to ffHt: 25%
06-29 03:00:45.121  9380  9380 V NearbyFragment: Transfer to ffHt: 25%
06-29 03:00:45.122  9380  9380 V NearbyFragment: Transfer to ffHt: 25%
06-29 03:00:45.124  9380  9380 V NearbyFragment: Transfer to ffHt: 25%
