--------- beginning of main
06-29 02:57:40.317 32019 32019 E Zygote  : isWhitelistProcess - Process is Whitelisted
06-29 02:57:40.318 32019 32019 E Zygote  : accessInfo : 1
06-29 02:57:40.330 32019 32019 I example.edgesu: Late-enabling -Xcheck:jni
06-29 02:57:41.854 32019 32019 I TransferService: Starting Transfer Service to listen for network connectivity changes.
06-29 02:57:41.855 32019 32019 W LogFactory: Truncating log tag length as it exceed 23, the limit imposed by Android on certain API Levels
06-29 02:57:41.882 32019 32019 I TransferService: Registering the network receiver
06-29 02:57:41.884 32019 32019 I TransferService: Moving the service out of the Foreground state.
06-29 02:57:41.884 32019 32019 I TransferService: De-registering the network receiver.
06-29 02:57:41.891 32019 32101 D vndksupport: Loading /vendor/lib64/egl/libGLES_mali.so from current namespace instead of sphal namespace.
06-29 02:57:41.920 32019 32101 D libEGL  : loaded /vendor/lib64/egl/libGLES_mali.so
06-29 02:57:41.953 32019 32019 W example.edgesu: Accessing hidden method Landroid/graphics/drawable/Drawable;->getOpticalInsets()Landroid/graphics/Insets; (light greylist, linking)
06-29 02:57:41.953 32019 32019 W example.edgesu: Accessing hidden field Landroid/graphics/Insets;->left:I (light greylist, linking)
06-29 02:57:41.953 32019 32019 W example.edgesu: Accessing hidden field Landroid/graphics/Insets;->right:I (light greylist, linking)
06-29 02:57:41.953 32019 32019 W example.edgesu: Accessing hidden field Landroid/graphics/Insets;->top:I (light greylist, linking)
06-29 02:57:41.953 32019 32019 W example.edgesu: Accessing hidden field Landroid/graphics/Insets;->bottom:I (light greylist, linking)
06-29 02:57:41.975 32019 32019 I DecorView: createDecorCaptionView >> DecorView@b0f4ee2[], isFloating: false, isApplication: true, hasWindowDecorCaption: false, hasWindowControllerCallback: true
06-29 02:57:42.007 32019 32019 W example.edgesu: Accessing hidden method Landroid/view/View;->computeFitSystemWindows(Landroid/graphics/Rect;Landroid/graphics/Rect;)Z (light greylist, reflection)
06-29 02:57:42.007 32019 32019 W example.edgesu: Accessing hidden method Landroid/view/ViewGroup;->makeOptionalFitsSystemWindows()V (light greylist, reflection)
06-29 02:57:42.120 32019 32019 W example.edgesu: Accessing hidden method Landroid/widget/TextView;->getTextDirectionHeuristic()Landroid/text/TextDirectionHeuristic; (light greylist, linking)
06-29 02:57:42.129 32019 32019 W example.edgesu: Accessing hidden field Landroid/view/View;->mAccessibilityDelegate:Landroid/view/View$AccessibilityDelegate; (light greylist, reflection)
06-29 02:57:42.195 32019 32019 V Repo    : /storage/emulated/0/Movies/raw
06-29 02:57:42.196 32019 32019 V Repo    : /storage/emulated/0/Movies/summarised
06-29 02:57:42.218 32019 32019 V FileManager: External storage is readable
06-29 02:57:42.219 32019 32019 V FileManager: Directory already exists: /storage/emulated/0/Movies/raw
06-29 02:57:42.220 32019 32019 V FileManager: External storage is readable
06-29 02:57:42.221 32019 32019 V FileManager: Directory already exists: /storage/emulated/0/Movies/summarised
06-29 02:57:42.222 32019 32019 V FileManager: External storage is readable
06-29 02:57:42.223 32019 32019 V FileManager: Directory already exists: /storage/emulated/0/Download/nearby
06-29 02:57:42.225 32019 32019 V FileManager: External storage is readable
06-29 02:57:42.225 32019 32019 V FileManager: Directory already exists: /storage/emulated/0/Movies/segment
06-29 02:57:42.226 32019 32019 V FileManager: External storage is readable
06-29 02:57:42.227 32019 32019 V FileManager: Directory already exists: /storage/emulated/0/Movies/segment-sum
06-29 02:57:42.371 32019 32019 V VideoManager: getAllVideoFromExternalStorageFolder
06-29 02:57:42.374 32019 32019 D VideoManager: /storage/emulated/0/Movies/summarised
06-29 02:57:42.383 32019 32019 D VideoManager: 0 videos return
06-29 02:57:42.415 32019 32019 V VideoManager: getAllVideoFromExternalStorageFolder
06-29 02:57:42.416 32019 32019 D VideoManager: /storage/emulated/0/Movies/raw
06-29 02:57:42.422 32019 32019 D VideoManager: 0 videos return
06-29 02:57:42.459 32019 32019 D OpenGLRenderer: Skia GL Pipeline
06-29 02:57:42.463 32019 32019 D EmergencyMode: [EmergencyManager] android createPackageContext successful
06-29 02:57:42.478 32019 32019 D InputTransport: Input channel constructed: fd=64
06-29 02:57:42.479 32019 32019 D ViewRootImpl@9a144f1[MainActivity]: setView = DecorView@b0f4ee2[MainActivity] TM=true MM=false
06-29 02:57:42.486 32019 32019 I TransferService: Starting Transfer Service to listen for network connectivity changes.
06-29 02:57:42.486 32019 32019 I TransferService: Registering the network receiver
06-29 02:57:42.488 32019 32019 E TransferService: No notification is passed in the intent. Unable to transition to foreground.
06-29 02:57:42.517 32019 32059 D MainActivity: Scanned /storage/emulated/0/Movies/raw
06-29 02:57:42.517 32019 32059 D MainActivity:   -> uri=content://media/external/file/136268
06-29 02:57:42.519 32019 32019 D ViewRootImpl@9a144f1[MainActivity]: dispatchAttachedToWindow
06-29 02:57:42.539 32019 32019 W StaticLayout: maxLineHeight should not be -1.  maxLines:1 lineCount:1
06-29 02:57:42.549 32019 32019 W StaticLayout: maxLineHeight should not be -1.  maxLines:1 lineCount:1
06-29 02:57:42.554 32019 32019 W StaticLayout: maxLineHeight should not be -1.  maxLines:1 lineCount:1
06-29 02:57:42.558 32019 32059 D MainActivity: Scanned /storage/emulated/0/Movies/summarised
06-29 02:57:42.558 32019 32059 D MainActivity:   -> uri=content://media/external/file/136267
06-29 02:57:42.558 32019 32019 W StaticLayout: maxLineHeight should not be -1.  maxLines:1 lineCount:1
06-29 02:57:42.571 32019 32019 D ViewRootImpl@9a144f1[MainActivity]: Relayout returned: old=[0,0][720,1480] new=[0,0][720,1480] result=0x7 surface={valid=true 535460671488} changed=true
06-29 02:57:42.579 32019 32019 W StaticLayout: maxLineHeight should not be -1.  maxLines:1 lineCount:1
06-29 02:57:42.581 32019 32146 I ConfigStore: android::hardware::configstore::V1_0::ISurfaceFlingerConfigs::hasWideColorDisplay retrieved: 0
06-29 02:57:42.581 32019 32146 I ConfigStore: android::hardware::configstore::V1_0::ISurfaceFlingerConfigs::hasHDRDisplay retrieved: 0
06-29 02:57:42.581 32019 32146 I OpenGLRenderer: Initialized EGL, version 1.4
06-29 02:57:42.581 32019 32146 D OpenGLRenderer: Swap behavior 2
06-29 02:57:42.583 32019 32019 W StaticLayout: maxLineHeight should not be -1.  maxLines:1 lineCount:1
06-29 02:57:42.593 32019 32019 I TransferNetworkLossHand: Network connectivity changed detected.
06-29 02:57:42.593 32019 32019 I TransferNetworkLossHand: Network connected: false
06-29 02:57:42.593 32019 32146 D mali_winsys: EGLint new_window_surface(egl_winsys_display *, void *, EGLSurface, EGLConfig, egl_winsys_surface **, EGLBoolean) returns 0x3000
06-29 02:57:42.593 32019 32146 D OpenGLRenderer: eglCreateWindowSurface = 0x7c92f66100, 0x7cabf17010
06-29 02:57:42.678 32019 32146 D vndksupport: Loading /vendor/lib64/hw/android.hardware.graphics.mapper@2.0-impl.so from current namespace instead of sphal namespace.
06-29 02:57:42.699 32019 32019 D ViewRootImpl@9a144f1[MainActivity]: MSG_RESIZED: frame=Rect(0, 0 - 720, 1480) ci=Rect(0, 48 - 0, 96) vi=Rect(0, 48 - 0, 96) or=1
06-29 02:57:42.724 32019 32019 D ViewRootImpl@9a144f1[MainActivity]: setWindowStopped(false) old=false
06-29 02:57:42.735 32019 32019 D ViewRootImpl@9a144f1[MainActivity]: MSG_WINDOW_FOCUS_CHANGED 1 1
06-29 02:57:42.735 32019 32019 D InputMethodManager: prepareNavigationBarInfo() DecorView@b0f4ee2[MainActivity]
06-29 02:57:42.735 32019 32019 D InputMethodManager: getNavigationBarColor() -855310
06-29 02:57:42.740 32019 32019 D InputMethodManager: prepareNavigationBarInfo() DecorView@b0f4ee2[MainActivity]
06-29 02:57:42.740 32019 32019 D InputMethodManager: getNavigationBarColor() -855310
06-29 02:57:42.740 32019 32019 V InputMethodManager: Starting input: tba=com.example.edgesum ic=null mNaviBarColor -855310 mIsGetNaviBarColorSuccess true , NavVisible : true , NavTrans : false
06-29 02:57:42.740 32019 32019 D InputMethodManager: startInputInner - Id : 0
06-29 02:57:42.741 32019 32019 I InputMethodManager: startInputInner - mService.startInputOrWindowGainedFocus
06-29 02:57:42.748 32019 32059 D InputTransport: Input channel constructed: fd=74
06-29 02:57:42.778 32019 32019 D InputMethodManager: prepareNavigationBarInfo() DecorView@b0f4ee2[MainActivity]
06-29 02:57:42.778 32019 32019 D InputMethodManager: getNavigationBarColor() -855310
06-29 02:57:42.778 32019 32019 V InputMethodManager: Starting input: tba=com.example.edgesum ic=null mNaviBarColor -855310 mIsGetNaviBarColorSuccess true , NavVisible : true , NavTrans : false
06-29 02:57:42.778 32019 32019 D InputMethodManager: startInputInner - Id : 0
06-29 02:57:46.169 32019 32019 D ViewRootImpl@9a144f1[MainActivity]: ViewPostIme pointer 0
06-29 02:57:46.246 32019 32019 D ViewRootImpl@9a144f1[MainActivity]: ViewPostIme pointer 1
06-29 02:57:46.259 32019 32019 V MainActivity: Connect button clicked
06-29 02:57:50.285 32019 32019 D ViewRootImpl@9a144f1[MainActivity]: ViewPostIme pointer 0
06-29 02:57:50.362 32019 32019 D ViewRootImpl@9a144f1[MainActivity]: ViewPostIme pointer 1
06-29 02:57:50.369 32019 32019 V ConnectionFragment: Discovery switch checked
06-29 02:57:51.416 32019 32019 D NearbyFragment: Started discovering
06-29 02:57:54.616 32019 32019 D NearbyFragment: Found endpoint vf39: Nexus 5X [34d8]
06-29 02:57:54.664 32019 32019 W example.edgesu: Accessing hidden method Landroid/graphics/FontFamily;-><init>()V (light greylist, reflection)
06-29 02:57:54.664 32019 32019 W example.edgesu: Accessing hidden method Landroid/graphics/FontFamily;->addFontFromAssetManager(Landroid/content/res/AssetManager;Ljava/lang/String;IZIII[Landroid/graphics/fonts/FontVariationAxis;)Z (light greylist, reflection)
06-29 02:57:54.664 32019 32019 W example.edgesu: Accessing hidden method Landroid/graphics/FontFamily;->addFontFromBuffer(Ljava/nio/ByteBuffer;I[Landroid/graphics/fonts/FontVariationAxis;II)Z (light greylist, reflection)
06-29 02:57:54.664 32019 32019 W example.edgesu: Accessing hidden method Landroid/graphics/FontFamily;->freeze()Z (light greylist, reflection)
06-29 02:57:54.667 32019 32019 W example.edgesu: Accessing hidden method Landroid/graphics/FontFamily;->abortCreation()V (light greylist, reflection)
06-29 02:57:54.668 32019 32019 W example.edgesu: Accessing hidden method Landroid/graphics/Typeface;->createFromFamiliesWithDefault([Landroid/graphics/FontFamily;Ljava/lang/String;II)Landroid/graphics/Typeface; (light greylist, reflection)
06-29 02:58:01.950 32019 32019 D ViewRootImpl@9a144f1[MainActivity]: ViewPostIme pointer 0
06-29 02:58:02.000 32019 32019 D ViewRootImpl@9a144f1[MainActivity]: ViewPostIme pointer 1
06-29 02:58:02.034 32019 32019 D NearbyFragment: Selected 'Endpoint{id=vf39, name=Nexus 5X [34d8]}'
06-29 02:58:02.054 32019 32019 D InputTransport: Input channel constructed: fd=78
06-29 02:58:02.056 32019 32019 D ViewRootImpl@94caf45[Toast]: setView = android.widget.LinearLayout{76bd69a V.E...... ......I. 0,0-0,0} TM=true MM=false
06-29 02:58:02.057 32019 32019 V Toast   : Text: Donn in android.widget.Toast$TN@9697bcb
06-29 02:58:02.059 32019 32019 D ViewRootImpl@94caf45[Toast]: dispatchAttachedToWindow
06-29 02:58:02.079 32019 32019 D ViewRootImpl@94caf45[Toast]: Relayout returned: old=[0,48][720,1384] new=[118,1168][602,1256] result=0x7 surface={valid=true 535047983104} changed=true
06-29 02:58:02.082 32019 32146 D mali_winsys: EGLint new_window_surface(egl_winsys_display *, void *, EGLSurface, EGLConfig, egl_winsys_surface **, EGLBoolean) returns 0x3000
06-29 02:58:02.083 32019 32146 D OpenGLRenderer: eglCreateWindowSurface = 0x7c93172700, 0x7c93585010
06-29 02:58:02.091 32019 32019 D ViewRootImpl@94caf45[Toast]: MSG_RESIZED: frame=Rect(118, 1168 - 602, 1256) ci=Rect(0, 0 - 0, 0) vi=Rect(0, 0 - 0, 0) or=1
06-29 02:58:05.537 32019 32146 W libEGL  : EGLNativeWindowType 0x7c93585010 disconnect failed
06-29 02:58:05.537 32019 32146 D OpenGLRenderer: eglDestroySurface = 0x7c93172700, 0x7c93585000
06-29 02:58:05.537 32019 32019 D ViewRootImpl@94caf45[Toast]: dispatchDetachedFromWindow
06-29 02:58:05.538 32019 32019 D ViewRootImpl@94caf45[Toast]: Surface release. android.view.ViewRootImpl.doDie:7979 android.view.ViewRootImpl.die:7947 android.view.WindowManagerGlobal.removeViewLocked:497 android.view.WindowManagerGlobal.removeView:435 android.view.WindowManagerImpl.removeViewImmediate:124 android.widget.Toast$TN.handleHide:1110 android.widget.Toast$TN$1.handleMessage:898 android.os.Handler.dispatchMessage:106 
06-29 02:58:05.553 32019 32019 D InputTransport: Input channel destroyed: fd=78
06-29 02:58:08.300 32019 32019 D NearbyFragment: Requested connection with Endpoint{id=vf39, name=Nexus 5X [34d8]}
06-29 02:58:08.301 32019 32019 D NearbyFragment: Initiated connection with Endpoint{id=vf39, name=Nexus 5X [34d8]}: Nexus 5X [34d8]
06-29 02:58:08.310 32019 32019 D Dialog  : mIsSamsungBasicInteraction = false
06-29 02:58:08.310 32019 32019 D Dialog  : mIsSamsungBasicInteraction = false, isMetaDataInActivity = false
06-29 02:58:08.329 32019 32019 I DecorView: createDecorCaptionView >> DecorView@9cb9943[], isFloating: true, isApplication: true, hasWindowDecorCaption: false, hasWindowControllerCallback: false
06-29 02:58:08.392 32019 32019 D ScrollView: initGoToTop
06-29 02:58:08.434 32019 32019 D InputTransport: Input channel constructed: fd=78
06-29 02:58:08.435 32019 32019 D ViewRootImpl@322558f[MainActivity]: setView = DecorView@9cb9943[MainActivity] TM=true MM=false
06-29 02:58:08.445 32019 32019 D ViewRootImpl@322558f[MainActivity]: dispatchAttachedToWindow
06-29 02:58:08.497 32019 32019 D ViewRootImpl@322558f[MainActivity]: Relayout returned: old=[0,48][720,1384] new=[18,508][702,923] result=0x7 surface={valid=true 535047983104} changed=true
06-29 02:58:08.502 32019 32146 D mali_winsys: EGLint new_window_surface(egl_winsys_display *, void *, EGLSurface, EGLConfig, egl_winsys_surface **, EGLBoolean) returns 0x3000
06-29 02:58:08.502 32019 32146 D OpenGLRenderer: eglCreateWindowSurface = 0x7c93172900, 0x7c93585010
06-29 02:58:08.517 32019 32019 D ScrollView:  onsize change changed 
06-29 02:58:08.518 32019 32019 D ViewRootImpl@322558f[MainActivity]: MSG_WINDOW_FOCUS_CHANGED 1 1
06-29 02:58:08.544 32019 32019 D ViewRootImpl@322558f[MainActivity]: MSG_RESIZED: frame=Rect(18, 508 - 702, 923) ci=Rect(0, 0 - 0, 0) vi=Rect(0, 0 - 0, 0) or=1
06-29 02:58:08.554 32019 32019 D ViewRootImpl@9a144f1[MainActivity]: MSG_WINDOW_FOCUS_CHANGED 0 1
06-29 02:58:08.554 32019 32019 D InputMethodManager: prepareNavigationBarInfo() DecorView@b0f4ee2[MainActivity]
06-29 02:58:08.554 32019 32019 D InputMethodManager: getNavigationBarColor() -855310
06-29 02:58:11.139 32019 32019 D ViewRootImpl@322558f[MainActivity]: ViewPostIme pointer 0
06-29 02:58:11.231 32019 32019 D ViewRootImpl@322558f[MainActivity]: ViewPostIme pointer 1
06-29 02:58:11.261 32019 32146 W libEGL  : EGLNativeWindowType 0x7c93585010 disconnect failed
06-29 02:58:11.261 32019 32146 D OpenGLRenderer: eglDestroySurface = 0x7c93172900, 0x7c93585000
06-29 02:58:11.261 32019 32146 D OpenGLRenderer: endAllActiveAnimators on 0x7c936a1100 (RippleDrawable) with handle 0x7c93643b00
06-29 02:58:11.261 32019 32019 D ViewRootImpl@322558f[MainActivity]: dispatchDetachedFromWindow
06-29 02:58:11.262 32019 32019 D ViewRootImpl@322558f[MainActivity]: Surface release. android.view.ViewRootImpl.doDie:7979 android.view.ViewRootImpl.die:7947 android.view.WindowManagerGlobal.removeViewLocked:497 android.view.WindowManagerGlobal.removeView:435 android.view.WindowManagerImpl.removeViewImmediate:124 android.app.Dialog.dismissDialog:518 android.app.Dialog.dismiss:501 androidx.appcompat.app.AlertController$ButtonHandler.handleMessage:171 
06-29 02:58:11.285 32019 32019 D InputTransport: Input channel destroyed: fd=78
06-29 02:58:11.290 32019 32019 D ViewRootImpl@9a144f1[MainActivity]: MSG_WINDOW_FOCUS_CHANGED 1 1
06-29 02:58:11.291 32019 32019 D InputMethodManager: prepareNavigationBarInfo() DecorView@b0f4ee2[MainActivity]
06-29 02:58:11.291 32019 32019 D InputMethodManager: getNavigationBarColor() -855310
06-29 02:58:11.302 32019 32019 E ViewRootImpl: sendUserActionEvent() returned.
06-29 02:58:11.910 32019 32019 I NearbyFragment: Connected to Endpoint{id=vf39, name=Nexus 5X [34d8]}
06-29 02:58:15.222 32019 32019 D ViewRootImpl@9a144f1[MainActivity]: ViewPostIme pointer 0
06-29 02:58:15.313 32019 32019 D ViewRootImpl@9a144f1[MainActivity]: ViewPostIme pointer 1
06-29 02:58:15.324 32019 32019 V ConnectionFragment: Discovery switch unchecked
06-29 02:58:15.324 32019 32019 D NearbyFragment: Stopped discovering
06-29 02:58:17.918 32019 32019 I TransferNetworkLossHand: Network connectivity changed detected.
06-29 02:58:17.990 32019 32019 I TransferNetworkLossHand: Network connected: true
06-29 02:58:18.002 32019   373 D TransferNetworkLossHand: Loading transfers from database...
06-29 02:58:18.012 32019   373 D TransferNetworkLossHand: Closing the cursor for resumeAllTransfers
06-29 02:58:18.013 32019   373 D TransferNetworkLossHand: 0 transfers are loaded from database.
06-29 03:00:43.531 32019 32019 D NearbyFragment: onPayloadReceived(endpointId=vf39, payload=com.google.android.gms.nearby.connection.Payload@465a905)
06-29 03:00:43.538 32019 32019 V NearbyFragment: Started downloading SUMMARISE:-7736857277406441993:20200312_150643.mp4:45.0_1.0_23_medium from Endpoint{id=vf39, name=Nexus 5X [34d8]}
06-29 03:00:43.546 32019 32019 V NearbyFragment: Transfer to vf39: 100%
06-29 03:00:43.548 32019 32019 V NearbyFragment: Transfer to vf39: 100%
06-29 03:00:43.551 32019 32019 D NearbyFragment: onPayloadReceived(endpointId=vf39, payload=com.google.android.gms.nearby.connection.Payload@2755468)
06-29 03:00:43.554 32019 32019 V NearbyFragment: Transfer to vf39: 0%
06-29 03:00:43.558 32019 32019 V NearbyFragment: Transfer to vf39: 0%
06-29 03:00:43.563 32019 32019 V NearbyFragment: Transfer to vf39: 0%
06-29 03:00:43.568 32019 32019 V NearbyFragment: Transfer to vf39: 0%
06-29 03:00:43.581 32019 32019 V NearbyFragment: Transfer to vf39: 0%
06-29 03:00:43.595 32019 32019 V NearbyFragment: Transfer to vf39: 0%
06-29 03:00:43.600 32019 32019 V NearbyFragment: Transfer to vf39: 0%
06-29 03:00:43.614 32019 32019 V NearbyFragment: Transfer to vf39: 0%
06-29 03:00:43.620 32019 32019 V NearbyFragment: Transfer to vf39: 0%
06-29 03:00:43.626 32019 32019 V NearbyFragment: Transfer to vf39: 0%
06-29 03:00:43.634 32019 32019 V NearbyFragment: Transfer to vf39: 1%
06-29 03:00:43.643 32019 32019 V NearbyFragment: Transfer to vf39: 1%
06-29 03:00:43.651 32019 32019 V NearbyFragment: Transfer to vf39: 1%
06-29 03:00:43.656 32019 32019 V NearbyFragment: Transfer to vf39: 1%
06-29 03:00:43.664 32019 32019 V NearbyFragment: Transfer to vf39: 1%
06-29 03:00:43.673 32019 32019 V NearbyFragment: Transfer to vf39: 1%
06-29 03:00:43.678 32019 32019 V NearbyFragment: Transfer to vf39: 1%
06-29 03:00:43.684 32019 32019 V NearbyFragment: Transfer to vf39: 1%
06-29 03:00:43.692 32019 32019 V NearbyFragment: Transfer to vf39: 1%
06-29 03:00:43.695 32019 32019 V NearbyFragment: Transfer to vf39: 1%
06-29 03:00:43.704 32019 32019 V NearbyFragment: Transfer to vf39: 1%
06-29 03:00:43.709 32019 32019 V NearbyFragment: Transfer to vf39: 2%
06-29 03:00:43.715 32019 32019 V NearbyFragment: Transfer to vf39: 2%
06-29 03:00:43.724 32019 32019 V NearbyFragment: Transfer to vf39: 2%
06-29 03:00:43.730 32019 32019 V NearbyFragment: Transfer to vf39: 2%
06-29 03:00:43.738 32019 32019 V NearbyFragment: Transfer to vf39: 2%
06-29 03:00:43.746 32019 32019 V NearbyFragment: Transfer to vf39: 2%
06-29 03:00:43.749 32019 32019 V NearbyFragment: Transfer to vf39: 2%
06-29 03:00:43.756 32019 32019 V NearbyFragment: Transfer to vf39: 2%
06-29 03:00:43.760 32019 32019 V NearbyFragment: Transfer to vf39: 2%
06-29 03:00:43.766 32019 32019 V NearbyFragment: Transfer to vf39: 2%
06-29 03:00:43.771 32019 32019 V NearbyFragment: Transfer to vf39: 2%
06-29 03:00:43.775 32019 32019 V NearbyFragment: Transfer to vf39: 3%
06-29 03:00:43.791 32019 32019 V NearbyFragment: Transfer to vf39: 3%
06-29 03:00:43.801 32019 32019 V NearbyFragment: Transfer to vf39: 3%
06-29 03:00:43.803 32019 32019 V NearbyFragment: Transfer to vf39: 3%
06-29 03:00:43.810 32019 32019 V NearbyFragment: Transfer to vf39: 3%
06-29 03:00:43.814 32019 32019 V NearbyFragment: Transfer to vf39: 3%
06-29 03:00:43.820 32019 32019 V NearbyFragment: Transfer to vf39: 3%
06-29 03:00:43.825 32019 32019 V NearbyFragment: Transfer to vf39: 3%
06-29 03:00:43.831 32019 32019 V NearbyFragment: Transfer to vf39: 3%
06-29 03:00:43.835 32019 32019 V NearbyFragment: Transfer to vf39: 3%
06-29 03:00:43.839 32019 32019 V NearbyFragment: Transfer to vf39: 4%
06-29 03:00:43.845 32019 32019 V NearbyFragment: Transfer to vf39: 4%
06-29 03:00:43.850 32019 32019 V NearbyFragment: Transfer to vf39: 4%
06-29 03:00:43.856 32019 32019 V NearbyFragment: Transfer to vf39: 4%
06-29 03:00:43.860 32019 32019 V NearbyFragment: Transfer to vf39: 4%
06-29 03:00:43.875 32019 32019 V NearbyFragment: Transfer to vf39: 4%
06-29 03:00:43.879 32019 32019 V NearbyFragment: Transfer to vf39: 4%
06-29 03:00:43.883 32019 32019 V NearbyFragment: Transfer to vf39: 4%
06-29 03:00:43.894 32019 32019 V NearbyFragment: Transfer to vf39: 4%
06-29 03:00:43.900 32019 32019 V NearbyFragment: Transfer to vf39: 4%
06-29 03:00:43.907 32019 32019 V NearbyFragment: Transfer to vf39: 4%
06-29 03:00:43.914 32019 32019 V NearbyFragment: Transfer to vf39: 5%
06-29 03:00:43.921 32019 32019 V NearbyFragment: Transfer to vf39: 5%
06-29 03:00:43.928 32019 32019 V NearbyFragment: Transfer to vf39: 5%
06-29 03:00:43.933 32019 32019 V NearbyFragment: Transfer to vf39: 5%
06-29 03:00:43.941 32019 32019 V NearbyFragment: Transfer to vf39: 5%
06-29 03:00:43.948 32019 32019 V NearbyFragment: Transfer to vf39: 5%
06-29 03:00:43.955 32019 32019 V NearbyFragment: Transfer to vf39: 5%
06-29 03:00:43.962 32019 32019 V NearbyFragment: Transfer to vf39: 5%
06-29 03:00:43.966 32019 32019 V NearbyFragment: Transfer to vf39: 5%
06-29 03:00:43.971 32019 32019 V NearbyFragment: Transfer to vf39: 5%
06-29 03:00:43.977 32019 32019 V NearbyFragment: Transfer to vf39: 5%
06-29 03:00:43.984 32019 32019 V NearbyFragment: Transfer to vf39: 6%
06-29 03:00:43.988 32019 32019 V NearbyFragment: Transfer to vf39: 6%
06-29 03:00:43.995 32019 32019 V NearbyFragment: Transfer to vf39: 6%
06-29 03:00:44.000 32019 32019 V NearbyFragment: Transfer to vf39: 6%
06-29 03:00:44.006 32019 32019 V NearbyFragment: Transfer to vf39: 6%
06-29 03:00:44.012 32019 32019 V NearbyFragment: Transfer to vf39: 6%
06-29 03:00:44.021 32019 32019 V NearbyFragment: Transfer to vf39: 6%
06-29 03:00:44.033 32019 32019 V NearbyFragment: Transfer to vf39: 6%
06-29 03:00:44.038 32019 32019 V NearbyFragment: Transfer to vf39: 6%
06-29 03:00:44.044 32019 32019 V NearbyFragment: Transfer to vf39: 6%
06-29 03:00:44.049 32019 32019 V NearbyFragment: Transfer to vf39: 7%
06-29 03:00:44.054 32019 32019 V NearbyFragment: Transfer to vf39: 7%
06-29 03:00:44.057 32019 32019 V NearbyFragment: Transfer to vf39: 7%
06-29 03:00:44.062 32019 32019 V NearbyFragment: Transfer to vf39: 7%
06-29 03:00:44.066 32019 32019 V NearbyFragment: Transfer to vf39: 7%
06-29 03:00:44.071 32019 32019 V NearbyFragment: Transfer to vf39: 7%
06-29 03:00:44.076 32019 32019 V NearbyFragment: Transfer to vf39: 7%
06-29 03:00:44.079 32019 32019 V NearbyFragment: Transfer to vf39: 7%
06-29 03:00:44.081 32019 32019 V NearbyFragment: Transfer to vf39: 7%
06-29 03:00:44.084 32019 32019 V NearbyFragment: Transfer to vf39: 7%
06-29 03:00:44.087 32019 32019 V NearbyFragment: Transfer to vf39: 7%
06-29 03:00:44.090 32019 32019 V NearbyFragment: Transfer to vf39: 8%
06-29 03:00:44.092 32019 32019 V NearbyFragment: Transfer to vf39: 8%
06-29 03:00:44.096 32019 32019 V NearbyFragment: Transfer to vf39: 8%
06-29 03:00:44.098 32019 32019 V NearbyFragment: Transfer to vf39: 8%
06-29 03:00:44.100 32019 32019 V NearbyFragment: Transfer to vf39: 8%
06-29 03:00:44.102 32019 32019 V NearbyFragment: Transfer to vf39: 8%
06-29 03:00:44.104 32019 32019 V NearbyFragment: Transfer to vf39: 8%
06-29 03:00:44.110 32019 32019 V NearbyFragment: Transfer to vf39: 8%
06-29 03:00:44.113 32019 32019 V NearbyFragment: Transfer to vf39: 8%
06-29 03:00:44.118 32019 32019 V NearbyFragment: Transfer to vf39: 8%
06-29 03:00:44.293 32019 32019 V NearbyFragment: Transfer to vf39: 8%
06-29 03:00:44.305 32019 32019 V NearbyFragment: Transfer to vf39: 9%
06-29 03:00:44.312 32019 32019 V NearbyFragment: Transfer to vf39: 9%
06-29 03:00:44.319 32019 32019 V NearbyFragment: Transfer to vf39: 9%
06-29 03:00:44.326 32019 32019 V NearbyFragment: Transfer to vf39: 9%
06-29 03:00:44.336 32019 32019 V NearbyFragment: Transfer to vf39: 9%
06-29 03:00:44.341 32019 32019 V NearbyFragment: Transfer to vf39: 9%
06-29 03:00:44.348 32019 32019 V NearbyFragment: Transfer to vf39: 9%
06-29 03:00:44.353 32019 32019 V NearbyFragment: Transfer to vf39: 9%
06-29 03:00:44.367 32019 32019 V NearbyFragment: Transfer to vf39: 9%
06-29 03:00:44.371 32019 32019 V NearbyFragment: Transfer to vf39: 9%
06-29 03:00:44.376 32019 32019 V NearbyFragment: Transfer to vf39: 10%
06-29 03:00:44.382 32019 32019 V NearbyFragment: Transfer to vf39: 10%
06-29 03:00:44.387 32019 32019 V NearbyFragment: Transfer to vf39: 10%
06-29 03:00:44.399 32019 32019 V NearbyFragment: Transfer to vf39: 10%
06-29 03:00:44.403 32019 32019 V NearbyFragment: Transfer to vf39: 10%
06-29 03:00:44.407 32019 32019 V NearbyFragment: Transfer to vf39: 10%
06-29 03:00:44.412 32019 32019 V NearbyFragment: Transfer to vf39: 10%
06-29 03:00:44.416 32019 32019 V NearbyFragment: Transfer to vf39: 10%
06-29 03:00:44.419 32019 32019 V NearbyFragment: Transfer to vf39: 10%
06-29 03:00:44.427 32019 32019 V NearbyFragment: Transfer to vf39: 10%
06-29 03:00:44.431 32019 32019 V NearbyFragment: Transfer to vf39: 10%
06-29 03:00:44.436 32019 32019 V NearbyFragment: Transfer to vf39: 11%
06-29 03:00:44.440 32019 32019 V NearbyFragment: Transfer to vf39: 11%
06-29 03:00:44.445 32019 32019 V NearbyFragment: Transfer to vf39: 11%
06-29 03:00:44.450 32019 32019 V NearbyFragment: Transfer to vf39: 11%
06-29 03:00:44.455 32019 32019 V NearbyFragment: Transfer to vf39: 11%
06-29 03:00:44.458 32019 32019 V NearbyFragment: Transfer to vf39: 11%
06-29 03:00:44.463 32019 32019 V NearbyFragment: Transfer to vf39: 11%
06-29 03:00:44.467 32019 32019 V NearbyFragment: Transfer to vf39: 11%
06-29 03:00:44.474 32019 32019 V NearbyFragment: Transfer to vf39: 11%
06-29 03:00:44.480 32019 32019 V NearbyFragment: Transfer to vf39: 11%
06-29 03:00:44.486 32019 32019 V NearbyFragment: Transfer to vf39: 11%
06-29 03:00:44.491 32019 32019 V NearbyFragment: Transfer to vf39: 12%
06-29 03:00:44.494 32019 32019 V NearbyFragment: Transfer to vf39: 12%
06-29 03:00:44.503 32019 32019 V NearbyFragment: Transfer to vf39: 12%
06-29 03:00:44.506 32019 32019 V NearbyFragment: Transfer to vf39: 12%
06-29 03:00:44.511 32019 32019 V NearbyFragment: Transfer to vf39: 12%
06-29 03:00:44.514 32019 32019 V NearbyFragment: Transfer to vf39: 12%
06-29 03:00:44.522 32019 32019 V NearbyFragment: Transfer to vf39: 12%
06-29 03:00:44.525 32019 32019 V NearbyFragment: Transfer to vf39: 12%
06-29 03:00:44.540 32019 32019 V NearbyFragment: Transfer to vf39: 12%
06-29 03:00:44.554 32019 32019 V NearbyFragment: Transfer to vf39: 12%
06-29 03:00:44.558 32019 32019 V NearbyFragment: Transfer to vf39: 13%
06-29 03:00:44.562 32019 32019 V NearbyFragment: Transfer to vf39: 13%
06-29 03:00:44.564 32019 32019 V NearbyFragment: Transfer to vf39: 13%
06-29 03:00:44.567 32019 32019 V NearbyFragment: Transfer to vf39: 13%
06-29 03:00:44.569 32019 32019 V NearbyFragment: Transfer to vf39: 13%
06-29 03:00:44.571 32019 32019 V NearbyFragment: Transfer to vf39: 13%
06-29 03:00:44.575 32019 32019 V NearbyFragment: Transfer to vf39: 13%
06-29 03:00:44.577 32019 32019 V NearbyFragment: Transfer to vf39: 13%
06-29 03:00:44.579 32019 32019 V NearbyFragment: Transfer to vf39: 13%
06-29 03:00:44.580 32019 32019 V NearbyFragment: Transfer to vf39: 13%
06-29 03:00:44.583 32019 32019 V NearbyFragment: Transfer to vf39: 13%
06-29 03:00:44.587 32019 32019 V NearbyFragment: Transfer to vf39: 14%
06-29 03:00:44.592 32019 32019 V NearbyFragment: Transfer to vf39: 14%
06-29 03:00:44.599 32019 32019 V NearbyFragment: Transfer to vf39: 14%
06-29 03:00:44.603 32019 32019 V NearbyFragment: Transfer to vf39: 14%
06-29 03:00:44.618 32019 32019 V NearbyFragment: Transfer to vf39: 14%
06-29 03:00:44.624 32019 32019 V NearbyFragment: Transfer to vf39: 14%
06-29 03:00:44.631 32019 32019 V NearbyFragment: Transfer to vf39: 14%
06-29 03:00:44.635 32019 32019 V NearbyFragment: Transfer to vf39: 14%
06-29 03:00:44.641 32019 32019 V NearbyFragment: Transfer to vf39: 14%
06-29 03:00:44.648 32019 32019 V NearbyFragment: Transfer to vf39: 14%
06-29 03:00:44.654 32019 32019 V NearbyFragment: Transfer to vf39: 14%
06-29 03:00:44.658 32019 32019 V NearbyFragment: Transfer to vf39: 15%
06-29 03:00:44.660 32019 32019 V NearbyFragment: Transfer to vf39: 15%
06-29 03:00:44.666 32019 32019 V NearbyFragment: Transfer to vf39: 15%
06-29 03:00:44.670 32019 32019 V NearbyFragment: Transfer to vf39: 15%
06-29 03:00:44.674 32019 32019 V NearbyFragment: Transfer to vf39: 15%
06-29 03:00:44.678 32019 32019 V NearbyFragment: Transfer to vf39: 15%
06-29 03:00:44.682 32019 32019 V NearbyFragment: Transfer to vf39: 15%
06-29 03:00:44.687 32019 32019 V NearbyFragment: Transfer to vf39: 15%
06-29 03:00:44.695 32019 32019 V NearbyFragment: Transfer to vf39: 15%
06-29 03:00:44.699 32019 32019 V NearbyFragment: Transfer to vf39: 15%
06-29 03:00:44.703 32019 32019 V NearbyFragment: Transfer to vf39: 16%
06-29 03:00:44.710 32019 32019 V NearbyFragment: Transfer to vf39: 16%
06-29 03:00:44.714 32019 32019 V NearbyFragment: Transfer to vf39: 16%
06-29 03:00:44.719 32019 32019 V NearbyFragment: Transfer to vf39: 16%
06-29 03:00:44.723 32019 32019 V NearbyFragment: Transfer to vf39: 16%
06-29 03:00:44.728 32019 32019 V NearbyFragment: Transfer to vf39: 16%
06-29 03:00:44.731 32019 32019 V NearbyFragment: Transfer to vf39: 16%
06-29 03:00:44.735 32019 32019 V NearbyFragment: Transfer to vf39: 16%
06-29 03:00:44.738 32019 32019 V NearbyFragment: Transfer to vf39: 16%
06-29 03:00:44.743 32019 32019 V NearbyFragment: Transfer to vf39: 16%
06-29 03:00:44.748 32019 32019 V NearbyFragment: Transfer to vf39: 16%
06-29 03:00:44.759 32019 32019 V NearbyFragment: Transfer to vf39: 17%
06-29 03:00:44.768 32019 32019 V NearbyFragment: Transfer to vf39: 17%
06-29 03:00:44.771 32019 32019 V NearbyFragment: Transfer to vf39: 17%
06-29 03:00:44.774 32019 32019 V NearbyFragment: Transfer to vf39: 17%
06-29 03:00:44.784 32019 32019 V NearbyFragment: Transfer to vf39: 17%
06-29 03:00:44.790 32019 32019 V NearbyFragment: Transfer to vf39: 17%
06-29 03:00:44.793 32019 32019 V NearbyFragment: Transfer to vf39: 17%
06-29 03:00:44.798 32019 32019 V NearbyFragment: Transfer to vf39: 17%
06-29 03:00:44.807 32019 32019 V NearbyFragment: Transfer to vf39: 17%
06-29 03:00:44.812 32019 32019 V NearbyFragment: Transfer to vf39: 17%
06-29 03:00:44.817 32019 32019 V NearbyFragment: Transfer to vf39: 17%
06-29 03:00:44.822 32019 32019 V NearbyFragment: Transfer to vf39: 18%
06-29 03:00:44.827 32019 32019 V NearbyFragment: Transfer to vf39: 18%
06-29 03:00:44.832 32019 32019 V NearbyFragment: Transfer to vf39: 18%
06-29 03:00:44.864 32019 32019 V NearbyFragment: Transfer to vf39: 18%
06-29 03:00:44.873 32019 32019 V NearbyFragment: Transfer to vf39: 18%
06-29 03:00:44.880 32019 32019 V NearbyFragment: Transfer to vf39: 18%
06-29 03:00:44.888 32019 32019 V NearbyFragment: Transfer to vf39: 18%
06-29 03:00:44.894 32019 32019 V NearbyFragment: Transfer to vf39: 18%
06-29 03:00:44.901 32019 32019 V NearbyFragment: Transfer to vf39: 18%
06-29 03:00:44.907 32019 32019 V NearbyFragment: Transfer to vf39: 18%
06-29 03:00:44.913 32019 32019 V NearbyFragment: Transfer to vf39: 19%
06-29 03:00:44.918 32019 32019 V NearbyFragment: Transfer to vf39: 19%
06-29 03:00:44.922 32019 32019 V NearbyFragment: Transfer to vf39: 19%
06-29 03:00:44.927 32019 32019 V NearbyFragment: Transfer to vf39: 19%
06-29 03:00:44.931 32019 32019 V NearbyFragment: Transfer to vf39: 19%
06-29 03:00:45.099 32019 32019 V NearbyFragment: Transfer to vf39: 19%
06-29 03:00:45.107 32019 32019 V NearbyFragment: Transfer to vf39: 19%
06-29 03:00:45.116 32019 32019 V NearbyFragment: Transfer to vf39: 19%
06-29 03:00:45.125 32019 32019 V NearbyFragment: Transfer to vf39: 19%
06-29 03:00:45.133 32019 32019 V NearbyFragment: Transfer to vf39: 19%
06-29 03:00:45.143 32019 32019 V NearbyFragment: Transfer to vf39: 19%
06-29 03:00:45.149 32019 32019 V NearbyFragment: Transfer to vf39: 20%
06-29 03:00:45.154 32019 32019 V NearbyFragment: Transfer to vf39: 20%
06-29 03:00:45.160 32019 32019 V NearbyFragment: Transfer to vf39: 20%
06-29 03:00:45.165 32019 32019 V NearbyFragment: Transfer to vf39: 20%
06-29 03:00:45.171 32019 32019 V NearbyFragment: Transfer to vf39: 20%
06-29 03:00:45.174 32019 32019 V NearbyFragment: Transfer to vf39: 20%
06-29 03:00:45.178 32019 32019 V NearbyFragment: Transfer to vf39: 20%
06-29 03:00:45.182 32019 32019 V NearbyFragment: Transfer to vf39: 20%
06-29 03:00:45.186 32019 32019 V NearbyFragment: Transfer to vf39: 20%
06-29 03:00:45.190 32019 32019 V NearbyFragment: Transfer to vf39: 20%
06-29 03:00:45.193 32019 32019 V NearbyFragment: Transfer to vf39: 20%
06-29 03:00:45.197 32019 32019 V NearbyFragment: Transfer to vf39: 21%
06-29 03:00:45.200 32019 32019 V NearbyFragment: Transfer to vf39: 21%
06-29 03:00:45.204 32019 32019 V NearbyFragment: Transfer to vf39: 21%
06-29 03:00:45.207 32019 32019 V NearbyFragment: Transfer to vf39: 21%
06-29 03:00:45.211 32019 32019 V NearbyFragment: Transfer to vf39: 21%
06-29 03:00:45.215 32019 32019 V NearbyFragment: Transfer to vf39: 21%
06-29 03:00:45.220 32019 32019 V NearbyFragment: Transfer to vf39: 21%
06-29 03:00:45.222 32019 32019 V NearbyFragment: Transfer to vf39: 21%
06-29 03:00:45.226 32019 32019 V NearbyFragment: Transfer to vf39: 21%
06-29 03:00:45.231 32019 32019 V NearbyFragment: Transfer to vf39: 21%
06-29 03:00:45.238 32019 32019 V NearbyFragment: Transfer to vf39: 22%
06-29 03:00:45.245 32019 32019 V NearbyFragment: Transfer to vf39: 22%
06-29 03:00:45.253 32019 32019 V NearbyFragment: Transfer to vf39: 22%
06-29 03:00:45.256 32019 32019 V NearbyFragment: Transfer to vf39: 22%
06-29 03:00:45.261 32019 32019 V NearbyFragment: Transfer to vf39: 22%
06-29 03:00:45.264 32019 32019 V NearbyFragment: Transfer to vf39: 22%
06-29 03:00:45.266 32019 32019 V NearbyFragment: Transfer to vf39: 22%
06-29 03:00:45.269 32019 32019 V NearbyFragment: Transfer to vf39: 22%
06-29 03:00:45.275 32019 32019 V NearbyFragment: Transfer to vf39: 22%
06-29 03:00:45.278 32019 32019 V NearbyFragment: Transfer to vf39: 22%
06-29 03:00:45.280 32019 32019 V NearbyFragment: Transfer to vf39: 22%
06-29 03:00:45.284 32019 32019 V NearbyFragment: Transfer to vf39: 23%
06-29 03:00:45.287 32019 32019 V NearbyFragment: Transfer to vf39: 23%
06-29 03:00:45.290 32019 32019 V NearbyFragment: Transfer to vf39: 23%
06-29 03:00:45.294 32019 32019 V NearbyFragment: Transfer to vf39: 23%
06-29 03:00:45.297 32019 32019 V NearbyFragment: Transfer to vf39: 23%
06-29 03:00:45.300 32019 32019 V NearbyFragment: Transfer to vf39: 23%
06-29 03:00:45.302 32019 32019 V NearbyFragment: Transfer to vf39: 23%
06-29 03:00:45.308 32019 32019 V NearbyFragment: Transfer to vf39: 23%
06-29 03:00:45.311 32019 32019 V NearbyFragment: Transfer to vf39: 23%
06-29 03:00:45.313 32019 32019 V NearbyFragment: Transfer to vf39: 23%
06-29 03:00:45.316 32019 32019 V NearbyFragment: Transfer to vf39: 23%
06-29 03:00:45.323 32019 32019 V NearbyFragment: Transfer to vf39: 24%
06-29 03:00:45.327 32019 32019 V NearbyFragment: Transfer to vf39: 24%
06-29 03:00:45.331 32019 32019 V NearbyFragment: Transfer to vf39: 24%
06-29 03:00:45.333 32019 32019 V NearbyFragment: Transfer to vf39: 24%
06-29 03:00:45.339 32019 32019 V NearbyFragment: Transfer to vf39: 24%
06-29 03:00:45.343 32019 32019 V NearbyFragment: Transfer to vf39: 24%
06-29 03:00:45.350 32019 32019 V NearbyFragment: Transfer to vf39: 24%
06-29 03:00:45.354 32019 32019 V NearbyFragment: Transfer to vf39: 24%
06-29 03:00:45.358 32019 32019 V NearbyFragment: Transfer to vf39: 24%
06-29 03:00:45.361 32019 32019 V NearbyFragment: Transfer to vf39: 24%
06-29 03:00:45.367 32019 32019 V NearbyFragment: Transfer to vf39: 25%
06-29 03:00:45.370 32019 32019 V NearbyFragment: Transfer to vf39: 25%
06-29 03:00:45.374 32019 32019 V NearbyFragment: Transfer to vf39: 25%
06-29 03:00:45.380 32019 32019 V NearbyFragment: Transfer to vf39: 25%
06-29 03:00:45.385 32019 32019 V NearbyFragment: Transfer to vf39: 25%
06-29 03:00:45.390 32019 32019 V NearbyFragment: Transfer to vf39: 25%
06-29 03:00:45.393 32019 32019 V NearbyFragment: Transfer to vf39: 25%
06-29 03:00:45.397 32019 32019 V NearbyFragment: Transfer to vf39: 25%
06-29 03:00:45.402 32019 32019 V NearbyFragment: Transfer to vf39: 25%
06-29 03:00:45.407 32019 32019 V NearbyFragment: Transfer to vf39: 25%
06-29 03:00:45.412 32019 32019 V NearbyFragment: Transfer to vf39: 25%
06-29 03:00:45.419 32019 32019 V NearbyFragment: Transfer to vf39: 26%
06-29 03:00:45.424 32019 32019 V NearbyFragment: Transfer to vf39: 26%
06-29 03:00:45.429 32019 32019 V NearbyFragment: Transfer to vf39: 26%
06-29 03:00:45.431 32019 32019 V NearbyFragment: Transfer to vf39: 26%
06-29 03:00:45.436 32019 32019 V NearbyFragment: Transfer to vf39: 26%
06-29 03:00:45.441 32019 32019 V NearbyFragment: Transfer to vf39: 26%
06-29 03:00:45.448 32019 32019 V NearbyFragment: Transfer to vf39: 26%
06-29 03:00:45.449 32019 32019 V NearbyFragment: Transfer to vf39: 26%
06-29 03:00:45.455 32019 32019 V NearbyFragment: Transfer to vf39: 26%
06-29 03:00:45.460 32019 32019 V NearbyFragment: Transfer to vf39: 26%
06-29 03:00:45.471 32019 32019 V NearbyFragment: Transfer to vf39: 26%
06-29 03:00:45.477 32019 32019 V NearbyFragment: Transfer to vf39: 27%
06-29 03:00:45.480 32019 32019 V NearbyFragment: Transfer to vf39: 27%
06-29 03:00:45.482 32019 32019 V NearbyFragment: Transfer to vf39: 27%
06-29 03:00:45.484 32019 32019 V NearbyFragment: Transfer to vf39: 27%
06-29 03:00:45.486 32019 32019 V NearbyFragment: Transfer to vf39: 27%
06-29 03:00:45.488 32019 32019 V NearbyFragment: Transfer to vf39: 27%
06-29 03:00:45.498 32019 32019 V NearbyFragment: Transfer to vf39: 27%
06-29 03:00:45.501 32019 32019 V NearbyFragment: Transfer to vf39: 27%
06-29 03:00:45.504 32019 32019 V NearbyFragment: Transfer to vf39: 27%
06-29 03:00:45.509 32019 32019 V NearbyFragment: Transfer to vf39: 27%
06-29 03:00:45.512 32019 32019 V NearbyFragment: Transfer to vf39: 27%
06-29 03:00:45.523 32019 32019 V NearbyFragment: Transfer to vf39: 28%
06-29 03:00:45.527 32019 32019 V NearbyFragment: Transfer to vf39: 28%
06-29 03:00:45.531 32019 32019 V NearbyFragment: Transfer to vf39: 28%
06-29 03:00:45.537 32019 32019 V NearbyFragment: Transfer to vf39: 28%
06-29 03:00:45.542 32019 32019 V NearbyFragment: Transfer to vf39: 28%
06-29 03:00:45.548 32019 32019 V NearbyFragment: Transfer to vf39: 28%
06-29 03:00:45.555 32019 32019 V NearbyFragment: Transfer to vf39: 28%
06-29 03:00:45.560 32019 32019 V NearbyFragment: Transfer to vf39: 28%
06-29 03:00:45.566 32019 32019 V NearbyFragment: Transfer to vf39: 28%
06-29 03:00:45.572 32019 32019 V NearbyFragment: Transfer to vf39: 28%
06-29 03:00:45.581 32019 32019 V NearbyFragment: Transfer to vf39: 29%
06-29 03:00:45.588 32019 32019 V NearbyFragment: Transfer to vf39: 29%
06-29 03:00:45.593 32019 32019 V NearbyFragment: Transfer to vf39: 29%
06-29 03:00:45.594 32019 32019 V NearbyFragment: Transfer to vf39: 29%
06-29 03:00:45.595 32019 32019 V NearbyFragment: Transfer to vf39: 29%
06-29 03:00:45.598 32019 32019 V NearbyFragment: Transfer to vf39: 29%
06-29 03:00:45.611 32019 32019 V NearbyFragment: Transfer to vf39: 29%
06-29 03:00:45.616 32019 32019 V NearbyFragment: Transfer to vf39: 29%
06-29 03:00:45.618 32019 32019 V NearbyFragment: Transfer to vf39: 29%
06-29 03:00:45.624 32019 32019 V NearbyFragment: Transfer to vf39: 29%
06-29 03:00:45.627 32019 32019 V NearbyFragment: Transfer to vf39: 29%
06-29 03:00:45.645 32019 32019 V NearbyFragment: Transfer to vf39: 30%
06-29 03:00:45.649 32019 32019 V NearbyFragment: Transfer to vf39: 30%
06-29 03:00:45.657 32019 32019 V NearbyFragment: Transfer to vf39: 30%
06-29 03:00:45.665 32019 32019 V NearbyFragment: Transfer to vf39: 30%
06-29 03:00:45.670 32019 32019 V NearbyFragment: Transfer to vf39: 30%
06-29 03:00:45.678 32019 32019 V NearbyFragment: Transfer to vf39: 30%
06-29 03:00:45.685 32019 32019 V NearbyFragment: Transfer to vf39: 30%
06-29 03:00:45.689 32019 32019 V NearbyFragment: Transfer to vf39: 30%
06-29 03:00:45.696 32019 32019 V NearbyFragment: Transfer to vf39: 30%
06-29 03:00:45.700 32019 32019 V NearbyFragment: Transfer to vf39: 30%
06-29 03:00:45.704 32019 32019 V NearbyFragment: Transfer to vf39: 30%
06-29 03:00:45.708 32019 32019 V NearbyFragment: Transfer to vf39: 31%
06-29 03:00:45.713 32019 32019 V NearbyFragment: Transfer to vf39: 31%
06-29 03:00:45.729 32019 32019 V NearbyFragment: Transfer to vf39: 31%
06-29 03:00:45.734 32019 32019 V NearbyFragment: Transfer to vf39: 31%
06-29 03:00:45.737 32019 32019 V NearbyFragment: Transfer to vf39: 31%
06-29 03:00:45.740 32019 32019 V NearbyFragment: Transfer to vf39: 31%
06-29 03:00:45.907 32019 32019 V NearbyFragment: Transfer to vf39: 31%
06-29 03:00:45.916 32019 32019 V NearbyFragment: Transfer to vf39: 31%
06-29 03:00:45.924 32019 32019 V NearbyFragment: Transfer to vf39: 31%
06-29 03:00:45.931 32019 32019 V NearbyFragment: Transfer to vf39: 31%
06-29 03:00:45.937 32019 32019 V NearbyFragment: Transfer to vf39: 32%
06-29 03:00:45.942 32019 32019 V NearbyFragment: Transfer to vf39: 32%
06-29 03:00:45.946 32019 32019 V NearbyFragment: Transfer to vf39: 32%
06-29 03:00:45.951 32019 32019 V NearbyFragment: Transfer to vf39: 32%
06-29 03:00:45.956 32019 32019 V NearbyFragment: Transfer to vf39: 32%
06-29 03:00:45.960 32019 32019 V NearbyFragment: Transfer to vf39: 32%
06-29 03:00:45.964 32019 32019 V NearbyFragment: Transfer to vf39: 32%
06-29 03:00:45.969 32019 32019 V NearbyFragment: Transfer to vf39: 32%
06-29 03:00:45.973 32019 32019 V NearbyFragment: Transfer to vf39: 32%
06-29 03:00:45.977 32019 32019 V NearbyFragment: Transfer to vf39: 32%
06-29 03:00:45.980 32019 32019 V NearbyFragment: Transfer to vf39: 32%
06-29 03:00:45.985 32019 32019 V NearbyFragment: Transfer to vf39: 33%
06-29 03:00:45.988 32019 32019 V NearbyFragment: Transfer to vf39: 33%
06-29 03:00:45.992 32019 32019 V NearbyFragment: Transfer to vf39: 33%
06-29 03:00:45.995 32019 32019 V NearbyFragment: Transfer to vf39: 33%
06-29 03:00:45.999 32019 32019 V NearbyFragment: Transfer to vf39: 33%
06-29 03:00:46.003 32019 32019 V NearbyFragment: Transfer to vf39: 33%
06-29 03:00:46.008 32019 32019 V NearbyFragment: Transfer to vf39: 33%
06-29 03:00:46.012 32019 32019 V NearbyFragment: Transfer to vf39: 33%
06-29 03:00:46.015 32019 32019 V NearbyFragment: Transfer to vf39: 33%
06-29 03:00:46.020 32019 32019 V NearbyFragment: Transfer to vf39: 33%
06-29 03:00:46.023 32019 32019 V NearbyFragment: Transfer to vf39: 33%
06-29 03:00:46.034 32019 32019 V NearbyFragment: Transfer to vf39: 34%
06-29 03:00:46.041 32019 32019 V NearbyFragment: Transfer to vf39: 34%
06-29 03:00:46.044 32019 32019 V NearbyFragment: Transfer to vf39: 34%
06-29 03:00:46.049 32019 32019 V NearbyFragment: Transfer to vf39: 34%
06-29 03:00:46.086 32019 32019 V NearbyFragment: Transfer to vf39: 34%
06-29 03:00:46.099 32019 32019 V NearbyFragment: Transfer to vf39: 34%
06-29 03:00:46.108 32019 32019 V NearbyFragment: Transfer to vf39: 34%
06-29 03:00:46.113 32019 32019 V NearbyFragment: Transfer to vf39: 34%
06-29 03:00:46.117 32019 32019 V NearbyFragment: Transfer to vf39: 34%
06-29 03:00:46.120 32019 32019 V NearbyFragment: Transfer to vf39: 34%
06-29 03:00:46.123 32019 32019 V NearbyFragment: Transfer to vf39: 35%
06-29 03:00:46.155 32019 32019 V NearbyFragment: Transfer to vf39: 35%
06-29 03:00:46.165 32019 32019 V NearbyFragment: Transfer to vf39: 35%
06-29 03:00:46.174 32019 32019 V NearbyFragment: Transfer to vf39: 35%
06-29 03:00:46.182 32019 32019 V NearbyFragment: Transfer to vf39: 35%
06-29 03:00:46.190 32019 32019 V NearbyFragment: Transfer to vf39: 35%
06-29 03:00:46.200 32019 32019 V NearbyFragment: Transfer to vf39: 35%
06-29 03:00:46.205 32019 32019 V NearbyFragment: Transfer to vf39: 35%
06-29 03:00:46.208 32019 32019 V NearbyFragment: Transfer to vf39: 35%
06-29 03:00:46.212 32019 32019 V NearbyFragment: Transfer to vf39: 35%
06-29 03:00:46.216 32019 32019 V NearbyFragment: Transfer to vf39: 35%
06-29 03:00:46.219 32019 32019 V NearbyFragment: Transfer to vf39: 36%
06-29 03:00:46.224 32019 32019 V NearbyFragment: Transfer to vf39: 36%
06-29 03:00:46.226 32019 32019 V NearbyFragment: Transfer to vf39: 36%
06-29 03:00:46.230 32019 32019 V NearbyFragment: Transfer to vf39: 36%
06-29 03:00:46.232 32019 32019 V NearbyFragment: Transfer to vf39: 36%
06-29 03:00:46.236 32019 32019 V NearbyFragment: Transfer to vf39: 36%
06-29 03:00:46.239 32019 32019 V NearbyFragment: Transfer to vf39: 36%
06-29 03:00:46.242 32019 32019 V NearbyFragment: Transfer to vf39: 36%
06-29 03:00:46.246 32019 32019 V NearbyFragment: Transfer to vf39: 36%
06-29 03:00:46.248 32019 32019 V NearbyFragment: Transfer to vf39: 36%
06-29 03:00:46.251 32019 32019 V NearbyFragment: Transfer to vf39: 36%
06-29 03:00:46.254 32019 32019 V NearbyFragment: Transfer to vf39: 37%
06-29 03:00:46.257 32019 32019 V NearbyFragment: Transfer to vf39: 37%
06-29 03:00:46.260 32019 32019 V NearbyFragment: Transfer to vf39: 37%
06-29 03:00:46.263 32019 32019 V NearbyFragment: Transfer to vf39: 37%
06-29 03:00:46.265 32019 32019 V NearbyFragment: Transfer to vf39: 37%
06-29 03:00:46.271 32019 32019 V NearbyFragment: Transfer to vf39: 37%
06-29 03:00:46.274 32019 32019 V NearbyFragment: Transfer to vf39: 37%
06-29 03:00:46.278 32019 32019 V NearbyFragment: Transfer to vf39: 37%
06-29 03:00:46.283 32019 32019 V NearbyFragment: Transfer to vf39: 37%
06-29 03:00:46.287 32019 32019 V NearbyFragment: Transfer to vf39: 37%
06-29 03:00:46.292 32019 32019 V NearbyFragment: Transfer to vf39: 38%
06-29 03:00:46.294 32019 32019 V NearbyFragment: Transfer to vf39: 38%
06-29 03:00:46.298 32019 32019 V NearbyFragment: Transfer to vf39: 38%
06-29 03:00:46.305 32019 32019 V NearbyFragment: Transfer to vf39: 38%
06-29 03:00:46.308 32019 32019 V NearbyFragment: Transfer to vf39: 38%
06-29 03:00:46.314 32019 32019 V NearbyFragment: Transfer to vf39: 38%
06-29 03:00:46.315 32019 32019 V NearbyFragment: Transfer to vf39: 38%
06-29 03:00:46.322 32019 32019 V NearbyFragment: Transfer to vf39: 38%
06-29 03:00:46.327 32019 32019 V NearbyFragment: Transfer to vf39: 38%
06-29 03:00:46.352 32019 32019 V NearbyFragment: Transfer to vf39: 38%
06-29 03:00:46.355 32019 32019 V NearbyFragment: Transfer to vf39: 38%
06-29 03:00:46.356 32019 32019 V NearbyFragment: Transfer to vf39: 39%
06-29 03:00:46.359 32019 32019 V NearbyFragment: Transfer to vf39: 39%
06-29 03:00:46.361 32019 32019 V NearbyFragment: Transfer to vf39: 39%
06-29 03:00:46.363 32019 32019 V NearbyFragment: Transfer to vf39: 39%
06-29 03:00:46.365 32019 32019 V NearbyFragment: Transfer to vf39: 39%
06-29 03:00:46.373 32019 32019 V NearbyFragment: Transfer to vf39: 39%
06-29 03:00:46.375 32019 32019 V NearbyFragment: Transfer to vf39: 39%
06-29 03:00:46.378 32019 32019 V NearbyFragment: Transfer to vf39: 39%
06-29 03:00:46.382 32019 32019 V NearbyFragment: Transfer to vf39: 39%
06-29 03:00:46.386 32019 32019 V NearbyFragment: Transfer to vf39: 39%
06-29 03:00:46.391 32019 32019 V NearbyFragment: Transfer to vf39: 39%
06-29 03:00:46.401 32019 32019 V NearbyFragment: Transfer to vf39: 40%
06-29 03:00:46.405 32019 32019 V NearbyFragment: Transfer to vf39: 40%
06-29 03:00:46.409 32019 32019 V NearbyFragment: Transfer to vf39: 40%
06-29 03:00:46.412 32019 32019 V NearbyFragment: Transfer to vf39: 40%
06-29 03:00:46.423 32019 32019 V NearbyFragment: Transfer to vf39: 40%
06-29 03:00:46.426 32019 32019 V NearbyFragment: Transfer to vf39: 40%
06-29 03:00:46.430 32019 32019 V NearbyFragment: Transfer to vf39: 40%
06-29 03:00:46.435 32019 32019 V NearbyFragment: Transfer to vf39: 40%
06-29 03:00:46.439 32019 32019 V NearbyFragment: Transfer to vf39: 40%
06-29 03:00:46.448 32019 32019 V NearbyFragment: Transfer to vf39: 40%
06-29 03:00:46.453 32019 32019 V NearbyFragment: Transfer to vf39: 41%
06-29 03:00:46.462 32019 32019 V NearbyFragment: Transfer to vf39: 41%
06-29 03:00:46.466 32019 32019 V NearbyFragment: Transfer to vf39: 41%
06-29 03:00:46.469 32019 32019 V NearbyFragment: Transfer to vf39: 41%
06-29 03:00:46.475 32019 32019 V NearbyFragment: Transfer to vf39: 41%
06-29 03:00:46.479 32019 32019 V NearbyFragment: Transfer to vf39: 41%
06-29 03:00:46.484 32019 32019 V NearbyFragment: Transfer to vf39: 41%
06-29 03:00:46.487 32019 32019 V NearbyFragment: Transfer to vf39: 41%
06-29 03:00:46.491 32019 32019 V NearbyFragment: Transfer to vf39: 41%
06-29 03:00:46.495 32019 32019 V NearbyFragment: Transfer to vf39: 41%
06-29 03:00:46.500 32019 32019 V NearbyFragment: Transfer to vf39: 41%
06-29 03:00:46.503 32019 32019 V NearbyFragment: Transfer to vf39: 42%
06-29 03:00:46.513 32019 32019 V NearbyFragment: Transfer to vf39: 42%
06-29 03:00:46.516 32019 32019 V NearbyFragment: Transfer to vf39: 42%
06-29 03:00:46.699 32019 32019 V NearbyFragment: Transfer to vf39: 42%
06-29 03:00:46.708 32019 32019 V NearbyFragment: Transfer to vf39: 42%
