07-05 17:09:35.210  6913  6925 D SummariserIntentService: Scanned /storage/emulated/0/Movies/summarised
07-05 17:09:35.210  6913  6925 D SummariserIntentService:   -> uri=content://media/external/file/8045
07-05 17:09:35.326  6913  7140 W mobile-ffmpeg: [graph 0 input from stream 0:0 @ 0x78e3233f80] sws_param option is deprecated and ignored
07-05 17:09:35.695  6913  6913 V NearbyFragment: Transfer to Endpoint{id=fwGx, name=Galaxy S8 [2802]} complete
07-05 17:09:41.915  6913  7211 W Summariser: No activity detected
07-05 17:09:41.917  6913  7211 V FfmpegTools: Retrieving duration of /storage/emulated/0/Download/Nearby/20200312_195230!000.mp4
07-05 17:09:42.012  6913  7211 W Summariser: Summarisation completed
07-05 17:09:42.012  6913  7211 W Summariser:   filename: 20200312_195230!000.mp4
07-05 17:09:42.012  6913  7211 W Summariser:   active sections: 0
07-05 17:09:42.012  6913  7211 W Summariser:   time: 06.765s
07-05 17:09:42.012  6913  7211 W Summariser:   original duration: 16.07
07-05 17:09:42.012  6913  7211 W Summariser:   summarised duration: -1.00
07-05 17:09:42.012  6913  7211 W Summariser:   noise tolerance: 45.00
07-05 17:09:42.012  6913  7211 W Summariser:   quality: 23
07-05 17:09:42.012  6913  7211 W Summariser:   speed: medium
07-05 17:09:42.012  6913  7211 W Summariser:   freeze duration: 1.00
07-05 17:09:42.015  6913  7211 V ProcessingVideosEventHandler: onRemove
07-05 17:09:42.029  6913  7211 V SummariserIntentService: onHandleIntent
07-05 17:09:42.030  6913  7211 D SummariserIntentService: Video{id='8162', data='/storage/emulated/0/Download/Nearby/20200312_195230!001.mp4', name='20200312_195230!001.mp4', size=16800000, visible=true, mimeType='video/mp4'}
07-05 17:09:42.030  6913  6913 V NearbyFragment: Transfer to Endpoint{id=fwGx, name=Galaxy S8 [2802]} complete
07-05 17:09:42.030  6913  7211 D SummariserIntentService: /storage/emulated/0/Movies/segment-sum/20200312_195230/20200312_195230!001.mp4
07-05 17:09:42.062  6913  7892 D SummariserIntentService: Scanned /storage/emulated/0/Movies/summarised
07-05 17:09:42.062  6913  7892 D SummariserIntentService:   -> uri=content://media/external/file/8045
07-05 17:09:42.261  6913  7140 W mobile-ffmpeg: [graph 0 input from stream 0:0 @ 0x78e3233ec0] sws_param option is deprecated and ignored
07-05 17:09:50.574  6913  7211 W Summariser: 1 active sections found
07-05 17:09:50.576  6913  7211 I FfmpegTools: Running ffmpeg with:
07-05 17:09:50.576  6913  7211 I FfmpegTools:   -y -i /storage/emulated/0/Download/Nearby/20200312_195230!001.mp4 -filter_complex [0:v]trim=6.005000:12.911000,setpts=PTS-STARTPTS[v0];[0:a]atrim=6.005000:12.911000,asetpts=PTS-STARTPTS[a0];[v0][a0]concat=n=1:v=1:a=1[outv][outa] -map [outv] -map [outa] -crf 23 -preset medium /storage/emulated/0/Movies/segment-sum/20200312_195230/20200312_195230!001.mp4
07-05 17:09:50.811  6913  7140 W mobile-ffmpeg: [graph 0 input from stream 0:0 @ 0x78e3233e00] sws_param option is deprecated and ignored
07-05 17:10:32.781  6913  7211 V FfmpegTools: Retrieving duration of /storage/emulated/0/Download/Nearby/20200312_195230!001.mp4
07-05 17:10:32.924  6913  7211 V FfmpegTools: Retrieving duration of /storage/emulated/0/Movies/segment-sum/20200312_195230/20200312_195230!001.mp4
07-05 17:10:32.997  6913  7211 W Summariser: Summarisation completed
07-05 17:10:32.997  6913  7211 W Summariser:   filename: 20200312_195230!001.mp4
07-05 17:10:32.997  6913  7211 W Summariser:   active sections: 1
07-05 17:10:32.997  6913  7211 W Summariser:   time: 50.749s
07-05 17:10:32.997  6913  7211 W Summariser:   original duration: 16.01
07-05 17:10:32.997  6913  7211 W Summariser:   summarised duration: 6.97
07-05 17:10:32.997  6913  7211 W Summariser:   noise tolerance: 45.00
07-05 17:10:32.997  6913  7211 W Summariser:   quality: 23
07-05 17:10:32.997  6913  7211 W Summariser:   speed: medium
07-05 17:10:32.997  6913  7211 W Summariser:   freeze duration: 1.00
07-05 17:10:32.997  6913  7211 V VideoManager: Retrieving video from /storage/emulated/0/Movies/segment-sum/20200312_195230/20200312_195230!001.mp4
07-05 17:10:33.010  6913  7211 D VideoManager: videoCursor is null
07-05 17:10:33.056  6913  7211 V VideoManager: videoFromCursor
07-05 17:10:33.061  6913  7211 W NearbyFragment: Sending 20200312_195230!001.mp4 to Galaxy S8 [2802]
07-05 17:10:33.065  6913  7211 V ProcessingVideosEventHandler: onRemove
07-05 17:10:33.072  6913  7211 V SummariserIntentService: onHandleIntent
07-05 17:10:33.074  6913  7211 D SummariserIntentService: Video{id='8163', data='/storage/emulated/0/Download/Nearby/20200312_195230!002.mp4', name='20200312_195230!002.mp4', size=16981034, visible=true, mimeType='video/mp4'}
07-05 17:10:33.074  6913  7211 D SummariserIntentService: /storage/emulated/0/Movies/segment-sum/20200312_195230/20200312_195230!002.mp4
07-05 17:10:33.092  6913  6913 V NearbyFragment: Transfer to Endpoint{id=fwGx, name=Galaxy S8 [2802]} complete
07-05 17:10:33.123  6913  6925 D SummariserIntentService: Scanned /storage/emulated/0/Movies/summarised
07-05 17:10:33.123  6913  6925 D SummariserIntentService:   -> uri=content://media/external/file/8045
07-05 17:10:33.224  6913  6913 V NearbyFragment: Transfer to Endpoint{id=fwGx, name=Galaxy S8 [2802]} complete
07-05 17:10:33.327  6913  7140 W mobile-ffmpeg: [graph 0 input from stream 0:0 @ 0x78e3233f80] sws_param option is deprecated and ignored
07-05 17:10:41.461  6913  7211 W Summariser: No activity detected
07-05 17:10:41.463  6913  7211 V FfmpegTools: Retrieving duration of /storage/emulated/0/Download/Nearby/20200312_195230!002.mp4
07-05 17:10:41.609  6913  7211 W Summariser: Summarisation completed
07-05 17:10:41.609  6913  7211 W Summariser:   filename: 20200312_195230!002.mp4
07-05 17:10:41.609  6913  7211 W Summariser:   active sections: 0
07-05 17:10:41.609  6913  7211 W Summariser:   time: 08.388s
07-05 17:10:41.609  6913  7211 W Summariser:   original duration: 16.01
07-05 17:10:41.609  6913  7211 W Summariser:   summarised duration: -1.00
07-05 17:10:41.609  6913  7211 W Summariser:   noise tolerance: 45.00
07-05 17:10:41.609  6913  7211 W Summariser:   quality: 23
07-05 17:10:41.609  6913  7211 W Summariser:   speed: medium
07-05 17:10:41.609  6913  7211 W Summariser:   freeze duration: 1.00
07-05 17:10:41.612  6913  7211 V ProcessingVideosEventHandler: onRemove
07-05 17:10:41.624  6913  7211 V SummariserIntentService: onHandleIntent
07-05 17:10:41.626  6913  7211 D SummariserIntentService: Video{id='8164', data='/storage/emulated/0/Download/Nearby/20200312_195230!003.mp4', name='20200312_195230!003.mp4', size=12662984, visible=true, mimeType='video/mp4'}
07-05 17:10:41.626  6913  7211 D SummariserIntentService: /storage/emulated/0/Movies/segment-sum/20200312_195230/20200312_195230!003.mp4
07-05 17:10:41.636  6913  6913 V NearbyFragment: Transfer to Endpoint{id=fwGx, name=Galaxy S8 [2802]} complete
07-05 17:10:41.668  6913  6936 D SummariserIntentService: Scanned /storage/emulated/0/Movies/summarised
07-05 17:10:41.668  6913  6936 D SummariserIntentService:   -> uri=content://media/external/file/8045
07-05 17:10:41.806  6913  7140 W mobile-ffmpeg: [graph 0 input from stream 0:0 @ 0x78e3233ec0] sws_param option is deprecated and ignored
07-05 17:10:47.999  6913  7211 W Summariser: No activity detected
07-05 17:10:48.002  6913  7211 V FfmpegTools: Retrieving duration of /storage/emulated/0/Download/Nearby/20200312_195230!003.mp4
07-05 17:10:48.099  6913  7211 W Summariser: Summarisation completed
07-05 17:10:48.099  6913  7211 W Summariser:   filename: 20200312_195230!003.mp4
07-05 17:10:48.099  6913  7211 W Summariser:   active sections: 0
07-05 17:10:48.099  6913  7211 W Summariser:   time: 06.374s
07-05 17:10:48.099  6913  7211 W Summariser:   original duration: 12.01
07-05 17:10:48.099  6913  7211 W Summariser:   summarised duration: -1.00
07-05 17:10:48.099  6913  7211 W Summariser:   noise tolerance: 45.00
07-05 17:10:48.099  6913  7211 W Summariser:   quality: 23
07-05 17:10:48.099  6913  7211 W Summariser:   speed: medium
07-05 17:10:48.099  6913  7211 W Summariser:   freeze duration: 1.00
07-05 17:10:48.102  6913  7211 V ProcessingVideosEventHandler: onRemove
07-05 17:10:48.118  6913  7211 V SummariserIntentService: onHandleIntent
07-05 17:10:48.119  6913  7211 D SummariserIntentService: Video{id='8165', data='/storage/emulated/0/Download/Nearby/20200312_195330!000.mp4', name='20200312_195330!000.mp4', size=16869597, visible=true, mimeType='video/mp4'}
07-05 17:10:48.119  6913  7211 D SummariserIntentService: /storage/emulated/0/Movies/segment-sum/20200312_195330/20200312_195330!000.mp4
07-05 17:10:48.135  6913  6913 V NearbyFragment: Transfer to Endpoint{id=fwGx, name=Galaxy S8 [2802]} complete
07-05 17:10:48.161  6913  6937 D SummariserIntentService: Scanned /storage/emulated/0/Movies/summarised
07-05 17:10:48.161  6913  6937 D SummariserIntentService:   -> uri=content://media/external/file/8045
07-05 17:10:48.302  6913  7140 W mobile-ffmpeg: [graph 0 input from stream 0:0 @ 0x78e3233ec0] sws_param option is deprecated and ignored
07-05 17:10:56.410  6913  7211 V FfmpegTools: Retrieving duration of /storage/emulated/0/Download/Nearby/20200312_195330!000.mp4
07-05 17:10:56.504  6913  7211 W Summariser: 1 active sections found
07-05 17:10:56.506  6913  7211 I FfmpegTools: Running ffmpeg with:
07-05 17:10:56.506  6913  7211 I FfmpegTools:   -y -i /storage/emulated/0/Download/Nearby/20200312_195330!000.mp4 -filter_complex [0:v]trim=15.014000:16.070000,setpts=PTS-STARTPTS[v0];[0:a]atrim=15.014000:16.070000,asetpts=PTS-STARTPTS[a0];[v0][a0]concat=n=1:v=1:a=1[outv][outa] -map [outv] -map [outa] -crf 23 -preset medium /storage/emulated/0/Movies/segment-sum/20200312_195330/20200312_195330!000.mp4
07-05 17:10:56.693  6913  7140 W mobile-ffmpeg: [graph 0 input from stream 0:0 @ 0x78e3233ec0] sws_param option is deprecated and ignored
07-05 17:11:08.796  6913  7211 V FfmpegTools: Retrieving duration of /storage/emulated/0/Download/Nearby/20200312_195330!000.mp4
07-05 17:11:08.897  6913  7211 V FfmpegTools: Retrieving duration of /storage/emulated/0/Movies/segment-sum/20200312_195330/20200312_195330!000.mp4
07-05 17:11:08.970  6913  7211 W Summariser: Summarisation completed
07-05 17:11:08.970  6913  7211 W Summariser:   filename: 20200312_195330!000.mp4
07-05 17:11:08.970  6913  7211 W Summariser:   active sections: 1
07-05 17:11:08.970  6913  7211 W Summariser:   time: 20.675s
07-05 17:11:08.970  6913  7211 W Summariser:   original duration: 16.07
07-05 17:11:08.970  6913  7211 W Summariser:   summarised duration: 1.11
07-05 17:11:08.970  6913  7211 W Summariser:   noise tolerance: 45.00
07-05 17:11:08.970  6913  7211 W Summariser:   quality: 23
07-05 17:11:08.970  6913  7211 W Summariser:   speed: medium
07-05 17:11:08.970  6913  7211 W Summariser:   freeze duration: 1.00
07-05 17:11:08.970  6913  7211 V VideoManager: Retrieving video from /storage/emulated/0/Movies/segment-sum/20200312_195330/20200312_195330!000.mp4
07-05 17:11:08.981  6913  7211 D VideoManager: videoCursor is null
07-05 17:11:09.057  6913  7211 V VideoManager: videoFromCursor
07-05 17:11:09.064  6913  7211 W NearbyFragment: Sending 20200312_195330!000.mp4 to Galaxy S8 [2802]
07-05 17:11:09.069  6913  7211 V ProcessingVideosEventHandler: onRemove
07-05 17:11:09.084  6913  7211 V SummariserIntentService: onHandleIntent
07-05 17:11:09.085  6913  7211 D SummariserIntentService: Video{id='8166', data='/storage/emulated/0/Download/Nearby/20200312_195330!001.mp4', name='20200312_195330!001.mp4', size=16792709, visible=true, mimeType='video/mp4'}
07-05 17:11:09.085  6913  7211 D SummariserIntentService: /storage/emulated/0/Movies/segment-sum/20200312_195330/20200312_195330!001.mp4
07-05 17:11:09.086  6913  6913 V NearbyFragment: Transfer to Endpoint{id=fwGx, name=Galaxy S8 [2802]} complete
07-05 17:11:09.107  6913  6913 V NearbyFragment: Transfer to Endpoint{id=fwGx, name=Galaxy S8 [2802]} complete
07-05 17:11:09.115  6913  6926 D SummariserIntentService: Scanned /storage/emulated/0/Movies/summarised
07-05 17:11:09.115  6913  6926 D SummariserIntentService:   -> uri=content://media/external/file/8045
07-05 17:11:09.327  6913  7140 W mobile-ffmpeg: [graph 0 input from stream 0:0 @ 0x78e3234040] sws_param option is deprecated and ignored
07-05 17:11:17.578  6913  7211 W Summariser: 2 active sections found
07-05 17:11:17.579  6913  7211 I FfmpegTools: Running ffmpeg with:
07-05 17:11:17.579  6913  7211 I FfmpegTools:   -y -i /storage/emulated/0/Download/Nearby/20200312_195330!001.mp4 -filter_complex [0:v]trim=0.000000:7.040000,setpts=PTS-STARTPTS[v0];[0:a]atrim=0.000000:7.040000,asetpts=PTS-STARTPTS[a0];[0:v]trim=8.741000:12.545000,setpts=PTS-STARTPTS[v1];[0:a]atrim=8.741000:12.545000,asetpts=PTS-STARTPTS[a1];[v0][a0][v1][a1]concat=n=2:v=1:a=1[outv][outa] -map [outv] -map [outa] -crf 23 -preset medium /storage/emulated/0/Movies/segment-sum/20200312_195330/20200312_195330!001.mp4
07-05 17:11:17.807  6913  7140 W mobile-ffmpeg: [graph 0 input from stream 0:0 @ 0x78e32341c0] sws_param option is deprecated and ignored
07-05 17:11:17.808  6913  7140 W mobile-ffmpeg: [graph 0 input from stream 0:0 @ 0x78e3234580] sws_param option is deprecated and ignored
07-05 17:12:12.798  6913  7211 V FfmpegTools: Retrieving duration of /storage/emulated/0/Download/Nearby/20200312_195330!001.mp4
07-05 17:12:12.917  6913  7211 V FfmpegTools: Retrieving duration of /storage/emulated/0/Movies/segment-sum/20200312_195330/20200312_195330!001.mp4
07-05 17:12:12.975  6913  7211 W Summariser: Summarisation completed
07-05 17:12:12.975  6913  7211 W Summariser:   filename: 20200312_195330!001.mp4
07-05 17:12:12.975  6913  7211 W Summariser:   active sections: 2
07-05 17:12:12.975  6913  7211 W Summariser:   time: 63.711s
07-05 17:12:12.975  6913  7211 W Summariser:   original duration: 16.02
07-05 17:12:12.975  6913  7211 W Summariser:   summarised duration: 10.91
07-05 17:12:12.975  6913  7211 W Summariser:   noise tolerance: 45.00
07-05 17:12:12.975  6913  7211 W Summariser:   quality: 23
07-05 17:12:12.975  6913  7211 W Summariser:   speed: medium
07-05 17:12:12.975  6913  7211 W Summariser:   freeze duration: 1.00
07-05 17:12:12.975  6913  7211 V VideoManager: Retrieving video from /storage/emulated/0/Movies/segment-sum/20200312_195330/20200312_195330!001.mp4
07-05 17:12:12.991  6913  7211 D VideoManager: videoCursor is null
07-05 17:12:13.041  6913  7211 V VideoManager: videoFromCursor
07-05 17:12:13.047  6913  7211 W NearbyFragment: Sending 20200312_195330!001.mp4 to Galaxy S8 [2802]
07-05 17:12:13.051  6913  7211 V ProcessingVideosEventHandler: onRemove
07-05 17:12:13.064  6913  7211 V SummariserIntentService: onHandleIntent
07-05 17:12:13.066  6913  7211 D SummariserIntentService: Video{id='8167', data='/storage/emulated/0/Download/Nearby/20200312_195330!002.mp4', name='20200312_195330!002.mp4', size=16908091, visible=true, mimeType='video/mp4'}
07-05 17:12:13.066  6913  7211 D SummariserIntentService: /storage/emulated/0/Movies/segment-sum/20200312_195330/20200312_195330!002.mp4
07-05 17:12:13.077  6913  6913 V NearbyFragment: Transfer to Endpoint{id=fwGx, name=Galaxy S8 [2802]} complete
07-05 17:12:13.115  6913  7451 D SummariserIntentService: Scanned /storage/emulated/0/Movies/summarised
07-05 17:12:13.115  6913  7451 D SummariserIntentService:   -> uri=content://media/external/file/8045
07-05 17:12:13.284  6913  7140 W mobile-ffmpeg: [graph 0 input from stream 0:0 @ 0x78f0aca580] sws_param option is deprecated and ignored
07-05 17:12:13.289  6913  6913 V NearbyFragment: Transfer to Endpoint{id=fwGx, name=Galaxy S8 [2802]} complete
07-05 17:12:19.636  6913  7211 V FfmpegTools: Retrieving duration of /storage/emulated/0/Download/Nearby/20200312_195330!002.mp4
07-05 17:12:19.757  6913  7211 W Summariser: 2 active sections found
07-05 17:12:19.758  6913  7211 I FfmpegTools: Running ffmpeg with:
07-05 17:12:19.758  6913  7211 I FfmpegTools:   -y -i /storage/emulated/0/Download/Nearby/20200312_195330!002.mp4 -filter_complex [0:v]trim=3.670000:7.940000,setpts=PTS-STARTPTS[v0];[0:a]atrim=3.670000:7.940000,asetpts=PTS-STARTPTS[a0];[0:v]trim=11.276000:16.010000,setpts=PTS-STARTPTS[v1];[0:a]atrim=11.276000:16.010000,asetpts=PTS-STARTPTS[a1];[v0][a0][v1][a1]concat=n=2:v=1:a=1[outv][outa] -map [outv] -map [outa] -crf 23 -preset medium /storage/emulated/0/Movies/segment-sum/20200312_195330/20200312_195330!002.mp4
07-05 17:12:19.945  6913  7140 W mobile-ffmpeg: [graph 0 input from stream 0:0 @ 0x78e3233ec0] sws_param option is deprecated and ignored
07-05 17:12:19.945  6913  7140 W mobile-ffmpeg: [graph 0 input from stream 0:0 @ 0x78e3234580] sws_param option is deprecated and ignored
07-05 17:12:52.910  6913  7211 V FfmpegTools: Retrieving duration of /storage/emulated/0/Download/Nearby/20200312_195330!002.mp4
07-05 17:12:53.031  6913  7211 V FfmpegTools: Retrieving duration of /storage/emulated/0/Movies/segment-sum/20200312_195330/20200312_195330!002.mp4
07-05 17:12:53.088  6913  7211 W Summariser: Summarisation completed
07-05 17:12:53.088  6913  7211 W Summariser:   filename: 20200312_195330!002.mp4
07-05 17:12:53.088  6913  7211 W Summariser:   active sections: 2
07-05 17:12:53.088  6913  7211 W Summariser:   time: 39.843s
07-05 17:12:53.088  6913  7211 W Summariser:   original duration: 16.01
07-05 17:12:53.088  6913  7211 W Summariser:   summarised duration: 9.07
07-05 17:12:53.088  6913  7211 W Summariser:   noise tolerance: 45.00
07-05 17:12:53.088  6913  7211 W Summariser:   quality: 23
07-05 17:12:53.088  6913  7211 W Summariser:   speed: medium
07-05 17:12:53.088  6913  7211 W Summariser:   freeze duration: 1.00
07-05 17:12:53.088  6913  7211 V VideoManager: Retrieving video from /storage/emulated/0/Movies/segment-sum/20200312_195330/20200312_195330!002.mp4
07-05 17:12:53.097  6913  7211 D VideoManager: videoCursor is null
07-05 17:12:53.150  6913  7211 V VideoManager: videoFromCursor
07-05 17:12:53.156  6913  7211 W NearbyFragment: Sending 20200312_195330!002.mp4 to Galaxy S8 [2802]
07-05 17:12:53.161  6913  7211 V ProcessingVideosEventHandler: onRemove
07-05 17:12:53.182  6913  7211 V SummariserIntentService: onHandleIntent
07-05 17:12:53.182  6913  7211 D SummariserIntentService: Video{id='8168', data='/storage/emulated/0/Download/Nearby/20200312_195330!003.mp4', name='20200312_195330!003.mp4', size=12639806, visible=true, mimeType='video/mp4'}
07-05 17:12:53.183  6913  7211 D SummariserIntentService: /storage/emulated/0/Movies/segment-sum/20200312_195330/20200312_195330!003.mp4
07-05 17:12:53.193  6913  6913 V NearbyFragment: Transfer to Endpoint{id=fwGx, name=Galaxy S8 [2802]} complete
07-05 17:12:53.226  6913  6925 D SummariserIntentService: Scanned /storage/emulated/0/Movies/summarised
07-05 17:12:53.226  6913  6925 D SummariserIntentService:   -> uri=content://media/external/file/8045
07-05 17:12:53.302  6913  6913 V NearbyFragment: Transfer to Endpoint{id=fwGx, name=Galaxy S8 [2802]} complete
07-05 17:12:53.342  6913  7140 W mobile-ffmpeg: [graph 0 input from stream 0:0 @ 0x78e3233ec0] sws_param option is deprecated and ignored
07-05 17:12:58.301  6913  7211 W Summariser: 1 active sections found
07-05 17:12:58.302  6913  7211 I FfmpegTools: Running ffmpeg with:
07-05 17:12:58.302  6913  7211 I FfmpegTools:   -y -i /storage/emulated/0/Download/Nearby/20200312_195330!003.mp4 -filter_complex [0:v]trim=4.304000:7.773000,setpts=PTS-STARTPTS[v0];[0:a]atrim=4.304000:7.773000,asetpts=PTS-STARTPTS[a0];[v0][a0]concat=n=1:v=1:a=1[outv][outa] -map [outv] -map [outa] -crf 23 -preset medium /storage/emulated/0/Movies/segment-sum/20200312_195330/20200312_195330!003.mp4
07-05 17:12:58.447  6913  7140 W mobile-ffmpeg: [graph 0 input from stream 0:0 @ 0x78e3233c80] sws_param option is deprecated and ignored
07-05 17:13:13.266  6913  7211 V FfmpegTools: Retrieving duration of /storage/emulated/0/Download/Nearby/20200312_195330!003.mp4
07-05 17:13:13.367  6913  7211 V FfmpegTools: Retrieving duration of /storage/emulated/0/Movies/segment-sum/20200312_195330/20200312_195330!003.mp4
07-05 17:13:13.439  6913  7211 W Summariser: Summarisation completed
07-05 17:13:13.439  6913  7211 W Summariser:   filename: 20200312_195330!003.mp4
07-05 17:13:13.439  6913  7211 W Summariser:   active sections: 1
07-05 17:13:13.439  6913  7211 W Summariser:   time: 20.081s
07-05 17:13:13.439  6913  7211 W Summariser:   original duration: 12.03
07-05 17:13:13.439  6913  7211 W Summariser:   summarised duration: 3.53
07-05 17:13:13.439  6913  7211 W Summariser:   noise tolerance: 45.00
07-05 17:13:13.439  6913  7211 W Summariser:   quality: 23
07-05 17:13:13.439  6913  7211 W Summariser:   speed: medium
07-05 17:13:13.439  6913  7211 W Summariser:   freeze duration: 1.00
07-05 17:13:13.440  6913  7211 V VideoManager: Retrieving video from /storage/emulated/0/Movies/segment-sum/20200312_195330/20200312_195330!003.mp4
07-05 17:13:13.450  6913  7211 D VideoManager: videoCursor is null
07-05 17:13:13.479  6913  7211 V VideoManager: videoFromCursor
07-05 17:13:13.484  6913  7211 W NearbyFragment: Sending 20200312_195330!003.mp4 to Galaxy S8 [2802]
07-05 17:13:13.489  6913  7211 V ProcessingVideosEventHandler: onRemove
07-05 17:13:13.498  6913  7211 V SummariserIntentService: onHandleIntent
07-05 17:13:13.499  6913  7211 D SummariserIntentService: Video{id='8169', data='/storage/emulated/0/Download/Nearby/20200312_195430!000.mp4', name='20200312_195430!000.mp4', size=16942161, visible=true, mimeType='video/mp4'}
07-05 17:13:13.499  6913  7211 D SummariserIntentService: /storage/emulated/0/Movies/segment-sum/20200312_195430/20200312_195430!000.mp4
07-05 17:13:13.508  6913  6913 V NearbyFragment: Transfer to Endpoint{id=fwGx, name=Galaxy S8 [2802]} complete
07-05 17:13:13.543  6913  7451 D SummariserIntentService: Scanned /storage/emulated/0/Movies/summarised
07-05 17:13:13.543  6913  7451 D SummariserIntentService:   -> uri=content://media/external/file/8045
07-05 17:13:13.548  6913  6913 V NearbyFragment: Transfer to Endpoint{id=fwGx, name=Galaxy S8 [2802]} complete
07-05 17:13:13.680  6913  7140 W mobile-ffmpeg: [graph 0 input from stream 0:0 @ 0x78e3234040] sws_param option is deprecated and ignored
07-05 17:13:21.772  6913  7211 W Summariser: 1 active sections found
07-05 17:13:21.773  6913  7211 I FfmpegTools: Running ffmpeg with:
07-05 17:13:21.773  6913  7211 I FfmpegTools:   -y -i /storage/emulated/0/Download/Nearby/20200312_195430!000.mp4 -filter_complex [0:v]trim=6.739000:12.010000,setpts=PTS-STARTPTS[v0];[0:a]atrim=6.739000:12.010000,asetpts=PTS-STARTPTS[a0];[v0][a0]concat=n=1:v=1:a=1[outv][outa] -map [outv] -map [outa] -crf 23 -preset medium /storage/emulated/0/Movies/segment-sum/20200312_195430/20200312_195430!000.mp4
07-05 17:13:21.959  6913  7140 W mobile-ffmpeg: [graph 0 input from stream 0:0 @ 0x78e3233ec0] sws_param option is deprecated and ignored
07-05 17:13:49.087  6913  7211 V FfmpegTools: Retrieving duration of /storage/emulated/0/Download/Nearby/20200312_195430!000.mp4
07-05 17:13:49.181  6913  7211 V FfmpegTools: Retrieving duration of /storage/emulated/0/Movies/segment-sum/20200312_195430/20200312_195430!000.mp4
07-05 17:13:49.264  6913  7211 W Summariser: Summarisation completed
07-05 17:13:49.264  6913  7211 W Summariser:   filename: 20200312_195430!000.mp4
07-05 17:13:49.264  6913  7211 W Summariser:   active sections: 1
07-05 17:13:49.264  6913  7211 W Summariser:   time: 35.586s
07-05 17:13:49.264  6913  7211 W Summariser:   original duration: 16.06
07-05 17:13:49.264  6913  7211 W Summariser:   summarised duration: 5.34
07-05 17:13:49.264  6913  7211 W Summariser:   noise tolerance: 45.00
07-05 17:13:49.264  6913  7211 W Summariser:   quality: 23
07-05 17:13:49.264  6913  7211 W Summariser:   speed: medium
07-05 17:13:49.264  6913  7211 W Summariser:   freeze duration: 1.00
07-05 17:13:49.264  6913  7211 V VideoManager: Retrieving video from /storage/emulated/0/Movies/segment-sum/20200312_195430/20200312_195430!000.mp4
07-05 17:13:49.273  6913  7211 D VideoManager: videoCursor is null
07-05 17:13:49.323  6913  7211 V VideoManager: videoFromCursor
07-05 17:13:49.328  6913  7211 W NearbyFragment: Sending 20200312_195430!000.mp4 to Galaxy S8 [2802]
07-05 17:13:49.332  6913  7211 V ProcessingVideosEventHandler: onRemove
07-05 17:13:49.339  6913  7211 V SummariserIntentService: onHandleIntent
07-05 17:13:49.340  6913  7211 D SummariserIntentService: Video{id='8170', data='/storage/emulated/0/Download/Nearby/20200312_195430!001.mp4', name='20200312_195430!001.mp4', size=16869259, visible=true, mimeType='video/mp4'}
07-05 17:13:49.340  6913  7211 D SummariserIntentService: /storage/emulated/0/Movies/segment-sum/20200312_195430/20200312_195430!001.mp4
07-05 17:13:49.353  6913  6913 V NearbyFragment: Transfer to Endpoint{id=fwGx, name=Galaxy S8 [2802]} complete
07-05 17:13:49.390  6913  7451 D SummariserIntentService: Scanned /storage/emulated/0/Movies/summarised
07-05 17:13:49.390  6913  7451 D SummariserIntentService:   -> uri=content://media/external/file/8045
07-05 17:13:49.430  6913  6913 V NearbyFragment: Transfer to Endpoint{id=fwGx, name=Galaxy S8 [2802]} complete
07-05 17:13:49.576  6913  7140 W mobile-ffmpeg: [graph 0 input from stream 0:0 @ 0x78e3234040] sws_param option is deprecated and ignored
07-05 17:13:57.704  6913  7211 V FfmpegTools: Retrieving duration of /storage/emulated/0/Download/Nearby/20200312_195430!001.mp4
07-05 17:13:57.852  6913  7211 W Summariser: 2 active sections found
07-05 17:13:57.853  6913  7211 I FfmpegTools: Running ffmpeg with:
07-05 17:13:57.853  6913  7211 I FfmpegTools:   -y -i /storage/emulated/0/Download/Nearby/20200312_195430!001.mp4 -filter_complex [0:v]trim=3.436000:7.340000,setpts=PTS-STARTPTS[v0];[0:a]atrim=3.436000:7.340000,asetpts=PTS-STARTPTS[a0];[0:v]trim=14.079000:16.010000,setpts=PTS-STARTPTS[v1];[0:a]atrim=14.079000:16.010000,asetpts=PTS-STARTPTS[a1];[v0][a0][v1][a1]concat=n=2:v=1:a=1[outv][outa] -map [outv] -map [outa] -crf 23 -preset medium /storage/emulated/0/Movies/segment-sum/20200312_195430/20200312_195430!001.mp4
07-05 17:13:58.080  6913  7140 W mobile-ffmpeg: [graph 0 input from stream 0:0 @ 0x78e3233f80] sws_param option is deprecated and ignored
07-05 17:13:58.080  6913  7140 W mobile-ffmpeg: [graph 0 input from stream 0:0 @ 0x78e3234580] sws_param option is deprecated and ignored
07-05 17:14:27.969  6913  7211 V FfmpegTools: Retrieving duration of /storage/emulated/0/Download/Nearby/20200312_195430!001.mp4
07-05 17:14:28.113  6913  7211 V FfmpegTools: Retrieving duration of /storage/emulated/0/Movies/segment-sum/20200312_195430/20200312_195430!001.mp4
07-05 17:14:28.186  6913  7211 W Summariser: Summarisation completed
07-05 17:14:28.186  6913  7211 W Summariser:   filename: 20200312_195430!001.mp4
07-05 17:14:28.186  6913  7211 W Summariser:   active sections: 2
07-05 17:14:28.186  6913  7211 W Summariser:   time: 38.627s
07-05 17:14:28.186  6913  7211 W Summariser:   original duration: 16.01
07-05 17:14:28.186  6913  7211 W Summariser:   summarised duration: 5.90
07-05 17:14:28.186  6913  7211 W Summariser:   noise tolerance: 45.00
07-05 17:14:28.186  6913  7211 W Summariser:   quality: 23
07-05 17:14:28.186  6913  7211 W Summariser:   speed: medium
07-05 17:14:28.186  6913  7211 W Summariser:   freeze duration: 1.00
07-05 17:14:28.187  6913  7211 V VideoManager: Retrieving video from /storage/emulated/0/Movies/segment-sum/20200312_195430/20200312_195430!001.mp4
07-05 17:14:28.200  6913  7211 D VideoManager: videoCursor is null
07-05 17:14:28.243  6913  7211 V VideoManager: videoFromCursor
07-05 17:14:28.248  6913  7211 W NearbyFragment: Sending 20200312_195430!001.mp4 to Galaxy S8 [2802]
07-05 17:14:28.252  6913  7211 V ProcessingVideosEventHandler: onRemove
07-05 17:14:28.261  6913  7211 V SummariserIntentService: onHandleIntent
07-05 17:14:28.262  6913  7211 D SummariserIntentService: Video{id='8171', data='/storage/emulated/0/Download/Nearby/20200312_195430!002.mp4', name='20200312_195430!002.mp4', size=16840890, visible=true, mimeType='video/mp4'}
07-05 17:14:28.262  6913  7211 D SummariserIntentService: /storage/emulated/0/Movies/segment-sum/20200312_195430/20200312_195430!002.mp4
07-05 17:14:28.283  6913  6913 V NearbyFragment: Transfer to Endpoint{id=fwGx, name=Galaxy S8 [2802]} complete
07-05 17:14:28.360  6913  6913 V NearbyFragment: Transfer to Endpoint{id=fwGx, name=Galaxy S8 [2802]} complete
07-05 17:14:28.407  6913  6936 D SummariserIntentService: Scanned /storage/emulated/0/Movies/summarised
07-05 17:14:28.407  6913  6936 D SummariserIntentService:   -> uri=content://media/external/file/8045
07-05 17:14:28.505  6913  7140 W mobile-ffmpeg: [graph 0 input from stream 0:0 @ 0x78e3233bc0] sws_param option is deprecated and ignored
07-05 17:14:36.629  6913  7211 W Summariser: 2 active sections found
07-05 17:14:36.630  6913  7211 I FfmpegTools: Running ffmpeg with:
07-05 17:14:36.630  6913  7211 I FfmpegTools:   -y -i /storage/emulated/0/Download/Nearby/20200312_195430!002.mp4 -filter_complex [0:v]trim=0.000000:2.235000,setpts=PTS-STARTPTS[v0];[0:a]atrim=0.000000:2.235000,asetpts=PTS-STARTPTS[a0];[0:v]trim=6.773000:10.643000,setpts=PTS-STARTPTS[v1];[0:a]atrim=6.773000:10.643000,asetpts=PTS-STARTPTS[a1];[v0][a0][v1][a1]concat=n=2:v=1:a=1[outv][outa] -map [outv] -map [outa] -crf 23 -preset medium /storage/emulated/0/Movies/segment-sum/20200312_195430/20200312_195430!002.mp4
07-05 17:14:36.868  6913  7140 W mobile-ffmpeg: [graph 0 input from stream 0:0 @ 0x78e32341c0] sws_param option is deprecated and ignored
07-05 17:14:36.869  6913  7140 W mobile-ffmpeg: [graph 0 input from stream 0:0 @ 0x78e3234580] sws_param option is deprecated and ignored
07-05 17:15:05.346  6913  7211 V FfmpegTools: Retrieving duration of /storage/emulated/0/Download/Nearby/20200312_195430!002.mp4
07-05 17:15:05.495  6913  7211 V FfmpegTools: Retrieving duration of /storage/emulated/0/Movies/segment-sum/20200312_195430/20200312_195430!002.mp4
07-05 17:15:05.569  6913  7211 W Summariser: Summarisation completed
07-05 17:15:05.569  6913  7211 W Summariser:   filename: 20200312_195430!002.mp4
07-05 17:15:05.569  6913  7211 W Summariser:   active sections: 2
07-05 17:15:05.569  6913  7211 W Summariser:   time: 37.083s
07-05 17:15:05.569  6913  7211 W Summariser:   original duration: 16.01
07-05 17:15:05.569  6913  7211 W Summariser:   summarised duration: 6.17
07-05 17:15:05.569  6913  7211 W Summariser:   noise tolerance: 45.00
07-05 17:15:05.569  6913  7211 W Summariser:   quality: 23
07-05 17:15:05.569  6913  7211 W Summariser:   speed: medium
07-05 17:15:05.569  6913  7211 W Summariser:   freeze duration: 1.00
07-05 17:15:05.569  6913  7211 V VideoManager: Retrieving video from /storage/emulated/0/Movies/segment-sum/20200312_195430/20200312_195430!002.mp4
07-05 17:15:05.583  6913  7211 D VideoManager: videoCursor is null
07-05 17:15:05.629  6913  7211 V VideoManager: videoFromCursor
07-05 17:15:05.634  6913  7211 W NearbyFragment: Sending 20200312_195430!002.mp4 to Galaxy S8 [2802]
07-05 17:15:05.639  6913  7211 V ProcessingVideosEventHandler: onRemove
07-05 17:15:05.658  6913  7211 V SummariserIntentService: onHandleIntent
07-05 17:15:05.659  6913  7211 D SummariserIntentService: Video{id='8174', data='/storage/emulated/0/Download/Nearby/20200312_195430!003.mp4', name='20200312_195430!003.mp4', size=12643428, visible=true, mimeType='video/mp4'}
07-05 17:15:05.659  6913  7211 D SummariserIntentService: /storage/emulated/0/Movies/segment-sum/20200312_195430/20200312_195430!003.mp4
07-05 17:15:05.666  6913  6913 V NearbyFragment: Transfer to Endpoint{id=fwGx, name=Galaxy S8 [2802]} complete
07-05 17:15:05.695  6913  7451 D SummariserIntentService: Scanned /storage/emulated/0/Movies/summarised
07-05 17:15:05.695  6913  7451 D SummariserIntentService:   -> uri=content://media/external/file/8045
07-05 17:15:05.718  6913  6913 V NearbyFragment: Transfer to Endpoint{id=fwGx, name=Galaxy S8 [2802]} complete
07-05 17:15:05.857  6913  7140 W mobile-ffmpeg: [graph 0 input from stream 0:0 @ 0x78e3233e00] sws_param option is deprecated and ignored
07-05 17:15:11.940  6913  7211 W Summariser: 1 active sections found
07-05 17:15:11.940  6913  7211 I FfmpegTools: Running ffmpeg with:
07-05 17:15:11.940  6913  7211 I FfmpegTools:   -y -i /storage/emulated/0/Download/Nearby/20200312_195430!003.mp4 -filter_complex [0:v]trim=2.369000:6.840000,setpts=PTS-STARTPTS[v0];[0:a]atrim=2.369000:6.840000,asetpts=PTS-STARTPTS[a0];[v0][a0]concat=n=1:v=1:a=1[outv][outa] -map [outv] -map [outa] -crf 23 -preset medium /storage/emulated/0/Movies/segment-sum/20200312_195430/20200312_195430!003.mp4
07-05 17:15:12.134  6913  7140 W mobile-ffmpeg: [graph 0 input from stream 0:0 @ 0x78e3233e00] sws_param option is deprecated and ignored
07-05 17:15:32.360  6913  7211 V FfmpegTools: Retrieving duration of /storage/emulated/0/Download/Nearby/20200312_195430!003.mp4
07-05 17:15:32.460  6913  7211 V FfmpegTools: Retrieving duration of /storage/emulated/0/Movies/segment-sum/20200312_195430/20200312_195430!003.mp4
07-05 17:15:32.533  6913  7211 W Summariser: Summarisation completed
07-05 17:15:32.533  6913  7211 W Summariser:   filename: 20200312_195430!003.mp4
07-05 17:15:32.533  6913  7211 W Summariser:   active sections: 1
07-05 17:15:32.533  6913  7211 W Summariser:   time: 26.699s
07-05 17:15:32.533  6913  7211 W Summariser:   original duration: 11.98
07-05 17:15:32.533  6913  7211 W Summariser:   summarised duration: 4.54
07-05 17:15:32.533  6913  7211 W Summariser:   noise tolerance: 45.00
07-05 17:15:32.533  6913  7211 W Summariser:   quality: 23
07-05 17:15:32.533  6913  7211 W Summariser:   speed: medium
07-05 17:15:32.533  6913  7211 W Summariser:   freeze duration: 1.00
07-05 17:15:32.533  6913  7211 V VideoManager: Retrieving video from /storage/emulated/0/Movies/segment-sum/20200312_195430/20200312_195430!003.mp4
07-05 17:15:32.545  6913  7211 D VideoManager: videoCursor is null
07-05 17:15:32.575  6913  7211 V VideoManager: videoFromCursor
07-05 17:15:32.581  6913  7211 W NearbyFragment: Sending 20200312_195430!003.mp4 to Galaxy S8 [2802]
07-05 17:15:32.586  6913  7211 V ProcessingVideosEventHandler: onRemove
07-05 17:15:32.609  6913  6913 V NearbyFragment: Transfer to Endpoint{id=fwGx, name=Galaxy S8 [2802]} complete
07-05 17:15:32.643  6913  7892 D SummariserIntentService: Scanned /storage/emulated/0/Movies/summarised
07-05 17:15:32.643  6913  7892 D SummariserIntentService:   -> uri=content://media/external/file/8045
07-05 17:15:32.648  6913  6913 V NearbyFragment: Transfer to Endpoint{id=fwGx, name=Galaxy S8 [2802]} complete
