07-05 17:01:57.881  6913  7211 W Summariser:   active sections: 1
07-05 17:01:57.881  6913  7211 W Summariser:   time: 10.612s
07-05 17:01:57.881  6913  7211 W Summariser:   original duration: 12.03
07-05 17:01:57.881  6913  7211 W Summariser:   summarised duration: 0.70
07-05 17:01:57.881  6913  7211 W Summariser:   noise tolerance: 45.00
07-05 17:01:57.881  6913  7211 W Summariser:   quality: 23
07-05 17:01:57.881  6913  7211 W Summariser:   speed: medium
07-05 17:01:57.881  6913  7211 W Summariser:   freeze duration: 1.00
07-05 17:01:57.882  6913  7211 V VideoManager: Retrieving video from /storage/emulated/0/Movies/segment-sum/20200312_194129/20200312_194129!003.mp4
07-05 17:01:57.894  6913  7211 D VideoManager: videoCursor is null
07-05 17:01:57.924  6913  7211 V VideoManager: videoFromCursor
07-05 17:01:57.929  6913  7211 W NearbyFragment: Sending 20200312_194129!003.mp4 to Galaxy S8 [2802]
07-05 17:01:57.933  6913  7211 V ProcessingVideosEventHandler: onRemove
07-05 17:01:57.942  6913  7211 V SummariserIntentService: onHandleIntent
07-05 17:01:57.944  6913  7211 D SummariserIntentService: Video{id='8134', data='/storage/emulated/0/Download/Nearby/20200312_194229!000.mp4', name='20200312_194229!000.mp4', size=16971954, visible=true, mimeType='video/mp4'}
07-05 17:01:57.944  6913  7211 D SummariserIntentService: /storage/emulated/0/Movies/segment-sum/20200312_194229/20200312_194229!000.mp4
07-05 17:01:57.961  6913  6913 V NearbyFragment: Transfer to Endpoint{id=fwGx, name=Galaxy S8 [2802]} complete
07-05 17:01:57.980  6913  6913 V NearbyFragment: Transfer to Endpoint{id=fwGx, name=Galaxy S8 [2802]} complete
07-05 17:01:58.023  6913  6937 D SummariserIntentService: Scanned /storage/emulated/0/Movies/summarised
07-05 17:01:58.023  6913  6937 D SummariserIntentService:   -> uri=content://media/external/file/8045
07-05 17:01:58.172  6913  7140 W mobile-ffmpeg: [graph 0 input from stream 0:0 @ 0x78e3233f80] sws_param option is deprecated and ignored
07-05 17:02:06.583  6913  7211 V FfmpegTools: Retrieving duration of /storage/emulated/0/Download/Nearby/20200312_194229!000.mp4
07-05 17:02:06.693  6913  7211 W Summariser: 1 active sections found
07-05 17:02:06.694  6913  7211 I FfmpegTools: Running ffmpeg with:
07-05 17:02:06.694  6913  7211 I FfmpegTools:   -y -i /storage/emulated/0/Download/Nearby/20200312_194229!000.mp4 -filter_complex [0:v]trim=10.509000:16.060000,setpts=PTS-STARTPTS[v0];[0:a]atrim=10.509000:16.060000,asetpts=PTS-STARTPTS[a0];[v0][a0]concat=n=1:v=1:a=1[outv][outa] -map [outv] -map [outa] -crf 23 -preset medium /storage/emulated/0/Movies/segment-sum/20200312_194229/20200312_194229!000.mp4
07-05 17:02:06.887  6913  7140 W mobile-ffmpeg: [graph 0 input from stream 0:0 @ 0x78e3233ec0] sws_param option is deprecated and ignored
07-05 17:02:39.976  6913  7211 V FfmpegTools: Retrieving duration of /storage/emulated/0/Download/Nearby/20200312_194229!000.mp4
07-05 17:02:40.079  6913  7211 V FfmpegTools: Retrieving duration of /storage/emulated/0/Movies/segment-sum/20200312_194229/20200312_194229!000.mp4
07-05 17:02:40.151  6913  7211 W Summariser: Summarisation completed
07-05 17:02:40.151  6913  7211 W Summariser:   filename: 20200312_194229!000.mp4
07-05 17:02:40.151  6913  7211 W Summariser:   active sections: 1
07-05 17:02:40.151  6913  7211 W Summariser:   time: 42.030s
07-05 17:02:40.151  6913  7211 W Summariser:   original duration: 16.06
07-05 17:02:40.151  6913  7211 W Summariser:   summarised duration: 5.62
07-05 17:02:40.151  6913  7211 W Summariser:   noise tolerance: 45.00
07-05 17:02:40.151  6913  7211 W Summariser:   quality: 23
07-05 17:02:40.151  6913  7211 W Summariser:   speed: medium
07-05 17:02:40.151  6913  7211 W Summariser:   freeze duration: 1.00
07-05 17:02:40.152  6913  7211 V VideoManager: Retrieving video from /storage/emulated/0/Movies/segment-sum/20200312_194229/20200312_194229!000.mp4
07-05 17:02:40.163  6913  7211 D VideoManager: videoCursor is null
07-05 17:02:40.213  6913  7211 V VideoManager: videoFromCursor
07-05 17:02:40.219  6913  7211 W NearbyFragment: Sending 20200312_194229!000.mp4 to Galaxy S8 [2802]
07-05 17:02:40.224  6913  7211 V ProcessingVideosEventHandler: onRemove
07-05 17:02:40.239  6913  7211 V SummariserIntentService: onHandleIntent
07-05 17:02:40.241  6913  7211 D SummariserIntentService: Video{id='8135', data='/storage/emulated/0/Download/Nearby/20200312_194229!001.mp4', name='20200312_194229!001.mp4', size=16870064, visible=true, mimeType='video/mp4'}
07-05 17:02:40.241  6913  7211 D SummariserIntentService: /storage/emulated/0/Movies/segment-sum/20200312_194229/20200312_194229!001.mp4
07-05 17:02:40.252  6913  6913 V NearbyFragment: Transfer to Endpoint{id=fwGx, name=Galaxy S8 [2802]} complete
07-05 17:02:40.292  6913  7451 D SummariserIntentService: Scanned /storage/emulated/0/Movies/summarised
07-05 17:02:40.292  6913  7451 D SummariserIntentService:   -> uri=content://media/external/file/8045
07-05 17:02:40.337  6913  6913 V NearbyFragment: Transfer to Endpoint{id=fwGx, name=Galaxy S8 [2802]} complete
07-05 17:02:40.490  6913  7140 W mobile-ffmpeg: [graph 0 input from stream 0:0 @ 0x78e3234040] sws_param option is deprecated and ignored
07-05 17:02:48.821  6913  7211 W Summariser: 2 active sections found
07-05 17:02:48.822  6913  7211 I FfmpegTools: Running ffmpeg with:
07-05 17:02:48.822  6913  7211 I FfmpegTools:   -y -i /storage/emulated/0/Download/Nearby/20200312_194229!001.mp4 -filter_complex [0:v]trim=0.000000:3.503000,setpts=PTS-STARTPTS[v0];[0:a]atrim=0.000000:3.503000,asetpts=PTS-STARTPTS[a0];[0:v]trim=8.074000:13.245000,setpts=PTS-STARTPTS[v1];[0:a]atrim=8.074000:13.245000,asetpts=PTS-STARTPTS[a1];[v0][a0][v1][a1]concat=n=2:v=1:a=1[outv][outa] -map [outv] -map [outa] -crf 23 -preset medium /storage/emulated/0/Movies/segment-sum/20200312_194229/20200312_194229!001.mp4
07-05 17:02:49.057  6913  7140 W mobile-ffmpeg: [graph 0 input from stream 0:0 @ 0x78e32341c0] sws_param option is deprecated and ignored
07-05 17:02:49.058  6913  7140 W mobile-ffmpeg: [graph 0 input from stream 0:0 @ 0x78e3234580] sws_param option is deprecated and ignored
07-05 17:03:33.395  6913  7211 V FfmpegTools: Retrieving duration of /storage/emulated/0/Download/Nearby/20200312_194229!001.mp4
07-05 17:03:33.545  6913  7211 V FfmpegTools: Retrieving duration of /storage/emulated/0/Movies/segment-sum/20200312_194229/20200312_194229!001.mp4
07-05 17:03:33.622  6913  7211 W Summariser: Summarisation completed
07-05 17:03:33.622  6913  7211 W Summariser:   filename: 20200312_194229!001.mp4
07-05 17:03:33.622  6913  7211 W Summariser:   active sections: 2
07-05 17:03:33.622  6913  7211 W Summariser:   time: 53.153s
07-05 17:03:33.622  6913  7211 W Summariser:   original duration: 16.01
07-05 17:03:33.622  6913  7211 W Summariser:   summarised duration: 8.74
07-05 17:03:33.622  6913  7211 W Summariser:   noise tolerance: 45.00
07-05 17:03:33.622  6913  7211 W Summariser:   quality: 23
07-05 17:03:33.622  6913  7211 W Summariser:   speed: medium
07-05 17:03:33.622  6913  7211 W Summariser:   freeze duration: 1.00
07-05 17:03:33.623  6913  7211 V VideoManager: Retrieving video from /storage/emulated/0/Movies/segment-sum/20200312_194229/20200312_194229!001.mp4
07-05 17:03:33.632  6913  7211 D VideoManager: videoCursor is null
07-05 17:03:33.668  6913  7211 V VideoManager: videoFromCursor
07-05 17:03:33.673  6913  7211 W NearbyFragment: Sending 20200312_194229!001.mp4 to Galaxy S8 [2802]
07-05 17:03:33.677  6913  7211 V ProcessingVideosEventHandler: onRemove
07-05 17:03:33.686  6913  7211 V SummariserIntentService: onHandleIntent
07-05 17:03:33.688  6913  7211 D SummariserIntentService: Video{id='8136', data='/storage/emulated/0/Download/Nearby/20200312_194229!002.mp4', name='20200312_194229!002.mp4', size=16848151, visible=true, mimeType='video/mp4'}
07-05 17:03:33.688  6913  7211 D SummariserIntentService: /storage/emulated/0/Movies/segment-sum/20200312_194229/20200312_194229!002.mp4
07-05 17:03:33.704  6913  6913 V NearbyFragment: Transfer to Endpoint{id=fwGx, name=Galaxy S8 [2802]} complete
07-05 17:03:33.780  6913  6925 D SummariserIntentService: Scanned /storage/emulated/0/Movies/summarised
07-05 17:03:33.780  6913  6925 D SummariserIntentService:   -> uri=content://media/external/file/8045
07-05 17:03:33.963  6913  7140 W mobile-ffmpeg: [graph 0 input from stream 0:0 @ 0x78f0aca4c0] sws_param option is deprecated and ignored
07-05 17:03:33.989  6913  6913 V NearbyFragment: Transfer to Endpoint{id=fwGx, name=Galaxy S8 [2802]} complete
07-05 17:03:42.092  6913  7211 W Summariser: No activity detected
07-05 17:03:42.094  6913  7211 V FfmpegTools: Retrieving duration of /storage/emulated/0/Download/Nearby/20200312_194229!002.mp4
07-05 17:03:42.239  6913  7211 W Summariser: Summarisation completed
07-05 17:03:42.239  6913  7211 W Summariser:   filename: 20200312_194229!002.mp4
07-05 17:03:42.239  6913  7211 W Summariser:   active sections: 0
07-05 17:03:42.239  6913  7211 W Summariser:   time: 08.405s
07-05 17:03:42.239  6913  7211 W Summariser:   original duration: 16.01
07-05 17:03:42.239  6913  7211 W Summariser:   summarised duration: -1.00
07-05 17:03:42.239  6913  7211 W Summariser:   noise tolerance: 45.00
07-05 17:03:42.239  6913  7211 W Summariser:   quality: 23
07-05 17:03:42.239  6913  7211 W Summariser:   speed: medium
07-05 17:03:42.239  6913  7211 W Summariser:   freeze duration: 1.00
07-05 17:03:42.242  6913  7211 V ProcessingVideosEventHandler: onRemove
07-05 17:03:42.260  6913  7211 V SummariserIntentService: onHandleIntent
07-05 17:03:42.261  6913  7211 D SummariserIntentService: Video{id='8137', data='/storage/emulated/0/Download/Nearby/20200312_194229!003.mp4', name='20200312_194229!003.mp4', size=12720702, visible=true, mimeType='video/mp4'}
07-05 17:03:42.261  6913  7211 D SummariserIntentService: /storage/emulated/0/Movies/segment-sum/20200312_194229/20200312_194229!003.mp4
07-05 17:03:42.269  6913  6913 V NearbyFragment: Transfer to Endpoint{id=fwGx, name=Galaxy S8 [2802]} complete
07-05 17:03:42.406  6913  7451 D SummariserIntentService: Scanned /storage/emulated/0/Movies/summarised
07-05 17:03:42.406  6913  7451 D SummariserIntentService:   -> uri=content://media/external/file/8045
07-05 17:03:42.437  6913  7140 W mobile-ffmpeg: [graph 0 input from stream 0:0 @ 0x78e3233ec0] sws_param option is deprecated and ignored
07-05 17:03:48.547  6913  7211 W Summariser: No activity detected
07-05 17:03:48.550  6913  7211 V FfmpegTools: Retrieving duration of /storage/emulated/0/Download/Nearby/20200312_194229!003.mp4
07-05 17:03:48.651  6913  7211 W Summariser: Summarisation completed
07-05 17:03:48.651  6913  7211 W Summariser:   filename: 20200312_194229!003.mp4
07-05 17:03:48.651  6913  7211 W Summariser:   active sections: 0
07-05 17:03:48.651  6913  7211 W Summariser:   time: 06.287s
07-05 17:03:48.651  6913  7211 W Summariser:   original duration: 11.98
07-05 17:03:48.651  6913  7211 W Summariser:   summarised duration: -1.00
07-05 17:03:48.651  6913  7211 W Summariser:   noise tolerance: 45.00
07-05 17:03:48.651  6913  7211 W Summariser:   quality: 23
07-05 17:03:48.651  6913  7211 W Summariser:   speed: medium
07-05 17:03:48.651  6913  7211 W Summariser:   freeze duration: 1.00
07-05 17:03:48.654  6913  7211 V ProcessingVideosEventHandler: onRemove
07-05 17:03:48.674  6913  7211 V SummariserIntentService: onHandleIntent
07-05 17:03:48.675  6913  7211 D SummariserIntentService: Video{id='8138', data='/storage/emulated/0/Download/Nearby/20200312_194330!000.mp4', name='20200312_194330!000.mp4', size=16853664, visible=true, mimeType='video/mp4'}
07-05 17:03:48.675  6913  7211 D SummariserIntentService: /storage/emulated/0/Movies/segment-sum/20200312_194330/20200312_194330!000.mp4
07-05 17:03:48.681  6913  6913 V NearbyFragment: Transfer to Endpoint{id=fwGx, name=Galaxy S8 [2802]} complete
07-05 17:03:48.715  6913  6936 D SummariserIntentService: Scanned /storage/emulated/0/Movies/summarised
07-05 17:03:48.715  6913  6936 D SummariserIntentService:   -> uri=content://media/external/file/8045
07-05 17:03:48.858  6913  7140 W mobile-ffmpeg: [graph 0 input from stream 0:0 @ 0x78e3233ec0] sws_param option is deprecated and ignored
07-05 17:03:57.059  6913  7211 W Summariser: No activity detected
07-05 17:03:57.061  6913  7211 V FfmpegTools: Retrieving duration of /storage/emulated/0/Download/Nearby/20200312_194330!000.mp4
07-05 17:03:57.159  6913  7211 W Summariser: Summarisation completed
07-05 17:03:57.159  6913  7211 W Summariser:   filename: 20200312_194330!000.mp4
07-05 17:03:57.159  6913  7211 W Summariser:   active sections: 0
07-05 17:03:57.159  6913  7211 W Summariser:   time: 08.384s
07-05 17:03:57.159  6913  7211 W Summariser:   original duration: 16.07
07-05 17:03:57.159  6913  7211 W Summariser:   summarised duration: -1.00
07-05 17:03:57.159  6913  7211 W Summariser:   noise tolerance: 45.00
07-05 17:03:57.159  6913  7211 W Summariser:   quality: 23
07-05 17:03:57.159  6913  7211 W Summariser:   speed: medium
07-05 17:03:57.159  6913  7211 W Summariser:   freeze duration: 1.00
07-05 17:03:57.162  6913  7211 V ProcessingVideosEventHandler: onRemove
07-05 17:03:57.175  6913  7211 V SummariserIntentService: onHandleIntent
07-05 17:03:57.176  6913  7211 D SummariserIntentService: Video{id='8139', data='/storage/emulated/0/Download/Nearby/20200312_194330!001.mp4', name='20200312_194330!001.mp4', size=16898970, visible=true, mimeType='video/mp4'}
07-05 17:03:57.177  6913  7211 D SummariserIntentService: /storage/emulated/0/Movies/segment-sum/20200312_194330/20200312_194330!001.mp4
07-05 17:03:57.183  6913  6913 V NearbyFragment: Transfer to Endpoint{id=fwGx, name=Galaxy S8 [2802]} complete
07-05 17:03:57.217  6913  6936 D SummariserIntentService: Scanned /storage/emulated/0/Movies/summarised
07-05 17:03:57.217  6913  6936 D SummariserIntentService:   -> uri=content://media/external/file/8045
07-05 17:03:57.393  6913  7140 W mobile-ffmpeg: [graph 0 input from stream 0:0 @ 0x78e3233ec0] sws_param option is deprecated and ignored
07-05 17:04:05.535  6913  7211 W Summariser: No activity detected
07-05 17:04:05.536  6913  7211 V FfmpegTools: Retrieving duration of /storage/emulated/0/Download/Nearby/20200312_194330!001.mp4
07-05 17:04:05.679  6913  7211 W Summariser: Summarisation completed
07-05 17:04:05.679  6913  7211 W Summariser:   filename: 20200312_194330!001.mp4
07-05 17:04:05.679  6913  7211 W Summariser:   active sections: 0
07-05 17:04:05.679  6913  7211 W Summariser:   time: 08.358s
07-05 17:04:05.679  6913  7211 W Summariser:   original duration: 16.01
07-05 17:04:05.679  6913  7211 W Summariser:   summarised duration: -1.00
07-05 17:04:05.679  6913  7211 W Summariser:   noise tolerance: 45.00
07-05 17:04:05.679  6913  7211 W Summariser:   quality: 23
07-05 17:04:05.679  6913  7211 W Summariser:   speed: medium
07-05 17:04:05.679  6913  7211 W Summariser:   freeze duration: 1.00
07-05 17:04:05.682  6913  7211 V ProcessingVideosEventHandler: onRemove
07-05 17:04:05.697  6913  6913 V NearbyFragment: Transfer to Endpoint{id=fwGx, name=Galaxy S8 [2802]} complete
07-05 17:04:05.702  6913  7211 V SummariserIntentService: onHandleIntent
07-05 17:04:05.703  6913  7211 D SummariserIntentService: Video{id='8140', data='/storage/emulated/0/Download/Nearby/20200312_194330!002.mp4', name='20200312_194330!002.mp4', size=16896472, visible=true, mimeType='video/mp4'}
07-05 17:04:05.703  6913  7211 D SummariserIntentService: /storage/emulated/0/Movies/segment-sum/20200312_194330/20200312_194330!002.mp4
07-05 17:04:05.738  6913  6925 D SummariserIntentService: Scanned /storage/emulated/0/Movies/summarised
07-05 17:04:05.738  6913  6925 D SummariserIntentService:   -> uri=content://media/external/file/8045
07-05 17:04:05.941  6913  7140 W mobile-ffmpeg: [graph 0 input from stream 0:0 @ 0x78e3233ec0] sws_param option is deprecated and ignored
07-05 17:04:14.099  6913  7211 W Summariser: No activity detected
07-05 17:04:14.100  6913  7211 V FfmpegTools: Retrieving duration of /storage/emulated/0/Download/Nearby/20200312_194330!002.mp4
07-05 17:04:14.254  6913  7211 W Summariser: Summarisation completed
07-05 17:04:14.254  6913  7211 W Summariser:   filename: 20200312_194330!002.mp4
07-05 17:04:14.254  6913  7211 W Summariser:   active sections: 0
07-05 17:04:14.254  6913  7211 W Summariser:   time: 08.396s
07-05 17:04:14.254  6913  7211 W Summariser:   original duration: 16.01
07-05 17:04:14.254  6913  7211 W Summariser:   summarised duration: -1.00
07-05 17:04:14.254  6913  7211 W Summariser:   noise tolerance: 45.00
07-05 17:04:14.254  6913  7211 W Summariser:   quality: 23
07-05 17:04:14.254  6913  7211 W Summariser:   speed: medium
07-05 17:04:14.254  6913  7211 W Summariser:   freeze duration: 1.00
07-05 17:04:14.257  6913  7211 V ProcessingVideosEventHandler: onRemove
07-05 17:04:14.269  6913  7211 V SummariserIntentService: onHandleIntent
07-05 17:04:14.271  6913  7211 D SummariserIntentService: Video{id='8141', data='/storage/emulated/0/Download/Nearby/20200312_194330!003.mp4', name='20200312_194330!003.mp4', size=12624666, visible=true, mimeType='video/mp4'}
07-05 17:04:14.271  6913  7211 D SummariserIntentService: /storage/emulated/0/Movies/segment-sum/20200312_194330/20200312_194330!003.mp4
07-05 17:04:14.280  6913  6913 V NearbyFragment: Transfer to Endpoint{id=fwGx, name=Galaxy S8 [2802]} complete
07-05 17:04:14.312  6913  6936 D SummariserIntentService: Scanned /storage/emulated/0/Movies/summarised
07-05 17:04:14.312  6913  6936 D SummariserIntentService:   -> uri=content://media/external/file/8045
07-05 17:04:14.471  6913  7140 W mobile-ffmpeg: [graph 0 input from stream 0:0 @ 0x78e3233ec0] sws_param option is deprecated and ignored
07-05 17:04:20.536  6913  7211 W Summariser: No activity detected
07-05 17:04:20.538  6913  7211 V FfmpegTools: Retrieving duration of /storage/emulated/0/Download/Nearby/20200312_194330!003.mp4
07-05 17:04:20.640  6913  7211 W Summariser: Summarisation completed
07-05 17:04:20.640  6913  7211 W Summariser:   filename: 20200312_194330!003.mp4
07-05 17:04:20.640  6913  7211 W Summariser:   active sections: 0
07-05 17:04:20.640  6913  7211 W Summariser:   time: 06.265s
07-05 17:04:20.640  6913  7211 W Summariser:   original duration: 12.01
07-05 17:04:20.640  6913  7211 W Summariser:   summarised duration: -1.00
07-05 17:04:20.640  6913  7211 W Summariser:   noise tolerance: 45.00
07-05 17:04:20.640  6913  7211 W Summariser:   quality: 23
07-05 17:04:20.640  6913  7211 W Summariser:   speed: medium
07-05 17:04:20.640  6913  7211 W Summariser:   freeze duration: 1.00
07-05 17:04:20.643  6913  7211 V ProcessingVideosEventHandler: onRemove
07-05 17:04:20.654  6913  7211 V SummariserIntentService: onHandleIntent
07-05 17:04:20.656  6913  7211 D SummariserIntentService: Video{id='8142', data='/storage/emulated/0/Download/Nearby/20200312_194730!000.mp4', name='20200312_194730!000.mp4', size=16870028, visible=true, mimeType='video/mp4'}
07-05 17:04:20.656  6913  7211 D SummariserIntentService: /storage/emulated/0/Movies/segment-sum/20200312_194730/20200312_194730!000.mp4
07-05 17:04:20.670  6913  6913 V NearbyFragment: Transfer to Endpoint{id=fwGx, name=Galaxy S8 [2802]} complete
07-05 17:04:20.697  6913  6926 D SummariserIntentService: Scanned /storage/emulated/0/Movies/summarised
07-05 17:04:20.697  6913  6926 D SummariserIntentService:   -> uri=content://media/external/file/8045
07-05 17:04:20.844  6913  7140 W mobile-ffmpeg: [graph 0 input from stream 0:0 @ 0x78e3233ec0] sws_param option is deprecated and ignored
07-05 17:04:28.929  6913  7211 W Summariser: No activity detected
07-05 17:04:28.931  6913  7211 V FfmpegTools: Retrieving duration of /storage/emulated/0/Download/Nearby/20200312_194730!000.mp4
07-05 17:04:29.028  6913  7211 W Summariser: Summarisation completed
07-05 17:04:29.028  6913  7211 W Summariser:   filename: 20200312_194730!000.mp4
07-05 17:04:29.028  6913  7211 W Summariser:   active sections: 0
07-05 17:04:29.028  6913  7211 W Summariser:   time: 08.273s
07-05 17:04:29.028  6913  7211 W Summariser:   original duration: 16.07
07-05 17:04:29.028  6913  7211 W Summariser:   summarised duration: -1.00
07-05 17:04:29.028  6913  7211 W Summariser:   noise tolerance: 45.00
07-05 17:04:29.028  6913  7211 W Summariser:   quality: 23
07-05 17:04:29.028  6913  7211 W Summariser:   speed: medium
07-05 17:04:29.028  6913  7211 W Summariser:   freeze duration: 1.00
07-05 17:04:29.033  6913  7211 V ProcessingVideosEventHandler: onRemove
07-05 17:04:29.053  6913  7211 V SummariserIntentService: onHandleIntent
07-05 17:04:29.054  6913  7211 D SummariserIntentService: Video{id='8145', data='/storage/emulated/0/Download/Nearby/20200312_194730!001.mp4', name='20200312_194730!001.mp4', size=16934031, visible=true, mimeType='video/mp4'}
07-05 17:04:29.054  6913  7211 D SummariserIntentService: /storage/emulated/0/Movies/segment-sum/20200312_194730/20200312_194730!001.mp4
07-05 17:04:29.059  6913  6913 V NearbyFragment: Transfer to Endpoint{id=fwGx, name=Galaxy S8 [2802]} complete
07-05 17:04:29.088  6913  6936 D SummariserIntentService: Scanned /storage/emulated/0/Movies/summarised
07-05 17:04:29.088  6913  6936 D SummariserIntentService:   -> uri=content://media/external/file/8045
07-05 17:04:29.276  6913  7140 W mobile-ffmpeg: [graph 0 input from stream 0:0 @ 0x78e3233ec0] sws_param option is deprecated and ignored
07-05 17:04:37.336  6913  7211 W Summariser: No activity detected
07-05 17:04:37.338  6913  7211 V FfmpegTools: Retrieving duration of /storage/emulated/0/Download/Nearby/20200312_194730!001.mp4
07-05 17:04:37.491  6913  7211 W Summariser: Summarisation completed
07-05 17:04:37.491  6913  7211 W Summariser:   filename: 20200312_194730!001.mp4
07-05 17:04:37.491  6913  7211 W Summariser:   active sections: 0
07-05 17:04:37.491  6913  7211 W Summariser:   time: 08.281s
07-05 17:04:37.491  6913  7211 W Summariser:   original duration: 16.02
07-05 17:04:37.491  6913  7211 W Summariser:   summarised duration: -1.00
07-05 17:04:37.491  6913  7211 W Summariser:   noise tolerance: 45.00
07-05 17:04:37.491  6913  7211 W Summariser:   quality: 23
07-05 17:04:37.491  6913  7211 W Summariser:   speed: medium
07-05 17:04:37.491  6913  7211 W Summariser:   freeze duration: 1.00
07-05 17:04:37.495  6913  7211 V ProcessingVideosEventHandler: onRemove
07-05 17:04:37.507  6913  7211 V SummariserIntentService: onHandleIntent
07-05 17:04:37.508  6913  7211 D SummariserIntentService: Video{id='8146', data='/storage/emulated/0/Download/Nearby/20200312_194730!002.mp4', name='20200312_194730!002.mp4', size=16862320, visible=true, mimeType='video/mp4'}
07-05 17:04:37.508  6913  7211 D SummariserIntentService: /storage/emulated/0/Movies/segment-sum/20200312_194730/20200312_194730!002.mp4
07-05 17:04:37.521  6913  6913 V NearbyFragment: Transfer to Endpoint{id=fwGx, name=Galaxy S8 [2802]} complete
07-05 17:04:37.547  6913  6937 D SummariserIntentService: Scanned /storage/emulated/0/Movies/summarised
07-05 17:04:37.547  6913  6937 D SummariserIntentService:   -> uri=content://media/external/file/8045
07-05 17:04:37.741  6913  7140 W mobile-ffmpeg: [graph 0 input from stream 0:0 @ 0x78e3233ec0] sws_param option is deprecated and ignored
07-05 17:04:45.802  6913  7211 W Summariser: No activity detected
07-05 17:04:45.804  6913  7211 V FfmpegTools: Retrieving duration of /storage/emulated/0/Download/Nearby/20200312_194730!002.mp4
07-05 17:04:45.949  6913  7211 W Summariser: Summarisation completed
07-05 17:04:45.949  6913  7211 W Summariser:   filename: 20200312_194730!002.mp4
07-05 17:04:45.949  6913  7211 W Summariser:   active sections: 0
07-05 17:04:45.949  6913  7211 W Summariser:   time: 08.291s
07-05 17:04:45.949  6913  7211 W Summariser:   original duration: 16.01
07-05 17:04:45.949  6913  7211 W Summariser:   summarised duration: -1.00
07-05 17:04:45.949  6913  7211 W Summariser:   noise tolerance: 45.00
07-05 17:04:45.949  6913  7211 W Summariser:   quality: 23
07-05 17:04:45.949  6913  7211 W Summariser:   speed: medium
07-05 17:04:45.949  6913  7211 W Summariser:   freeze duration: 1.00
07-05 17:04:45.951  6913  7211 V ProcessingVideosEventHandler: onRemove
07-05 17:04:45.965  6913  7211 V SummariserIntentService: onHandleIntent
07-05 17:04:45.966  6913  7211 D SummariserIntentService: Video{id='8149', data='/storage/emulated/0/Download/Nearby/20200312_194730!003.mp4', name='20200312_194730!003.mp4', size=12635242, visible=true, mimeType='video/mp4'}
07-05 17:04:45.966  6913  7211 D SummariserIntentService: /storage/emulated/0/Movies/segment-sum/20200312_194730/20200312_194730!003.mp4
07-05 17:04:45.970  6913  6913 V NearbyFragment: Transfer to Endpoint{id=fwGx, name=Galaxy S8 [2802]} complete
07-05 17:04:46.004  6913  6937 D SummariserIntentService: Scanned /storage/emulated/0/Movies/summarised
07-05 17:04:46.004  6913  6937 D SummariserIntentService:   -> uri=content://media/external/file/8045
07-05 17:04:46.150  6913  7140 W mobile-ffmpeg: [graph 0 input from stream 0:0 @ 0x78e3233ec0] sws_param option is deprecated and ignored
07-05 17:04:52.257  6913  7211 W Summariser: No activity detected
07-05 17:04:52.260  6913  7211 V FfmpegTools: Retrieving duration of /storage/emulated/0/Download/Nearby/20200312_194730!003.mp4
07-05 17:04:52.358  6913  7211 W Summariser: Summarisation completed
07-05 17:04:52.358  6913  7211 W Summariser:   filename: 20200312_194730!003.mp4
07-05 17:04:52.358  6913  7211 W Summariser:   active sections: 0
07-05 17:04:52.358  6913  7211 W Summariser:   time: 06.291s
07-05 17:04:52.358  6913  7211 W Summariser:   original duration: 12.03
07-05 17:04:52.358  6913  7211 W Summariser:   summarised duration: -1.00
07-05 17:04:52.358  6913  7211 W Summariser:   noise tolerance: 45.00
07-05 17:04:52.358  6913  7211 W Summariser:   quality: 23
07-05 17:04:52.358  6913  7211 W Summariser:   speed: medium
07-05 17:04:52.358  6913  7211 W Summariser:   freeze duration: 1.00
07-05 17:04:52.360  6913  7211 V ProcessingVideosEventHandler: onRemove
07-05 17:04:52.377  6913  7211 V SummariserIntentService: onHandleIntent
07-05 17:04:52.380  6913  7211 D SummariserIntentService: Video{id='8151', data='/storage/emulated/0/Download/Nearby/20200312_194830!000.mp4', name='20200312_194830!000.mp4', size=16910623, visible=true, mimeType='video/mp4'}
07-05 17:04:52.381  6913  7211 D SummariserIntentService: /storage/emulated/0/Movies/segment-sum/20200312_194830/20200312_194830!000.mp4
07-05 17:04:52.386  6913  6913 V NearbyFragment: Transfer to Endpoint{id=fwGx, name=Galaxy S8 [2802]} complete
07-05 17:04:52.419  6913  7451 D SummariserIntentService: Scanned /storage/emulated/0/Movies/summarised
07-05 17:04:52.419  6913  7451 D SummariserIntentService:   -> uri=content://media/external/file/8045
07-05 17:04:52.571  6913  7140 W mobile-ffmpeg: [graph 0 input from stream 0:0 @ 0x78e3233ec0] sws_param option is deprecated and ignored
07-05 17:05:00.834  6913  7211 W Summariser: 1 active sections found
07-05 17:05:00.834  6913  7211 I FfmpegTools: Running ffmpeg with:
07-05 17:05:00.834  6913  7211 I FfmpegTools:   -y -i /storage/emulated/0/Download/Nearby/20200312_194830!000.mp4 -filter_complex [0:v]trim=6.839000:10.742000,setpts=PTS-STARTPTS[v0];[0:a]atrim=6.839000:10.742000,asetpts=PTS-STARTPTS[a0];[v0][a0]concat=n=1:v=1:a=1[outv][outa] -map [outv] -map [outa] -crf 23 -preset medium /storage/emulated/0/Movies/segment-sum/20200312_194830/20200312_194830!000.mp4
07-05 17:05:01.037  6913  7140 W mobile-ffmpeg: [graph 0 input from stream 0:0 @ 0x78e3233e00] sws_param option is deprecated and ignored
07-05 17:05:27.826  6913  7211 V FfmpegTools: Retrieving duration of /storage/emulated/0/Download/Nearby/20200312_194830!000.mp4
07-05 17:05:27.930  6913  7211 V FfmpegTools: Retrieving duration of /storage/emulated/0/Movies/segment-sum/20200312_194830/20200312_194830!000.mp4
07-05 17:05:28.005  6913  7211 W Summariser: Summarisation completed
07-05 17:05:28.005  6913  7211 W Summariser:   filename: 20200312_194830!000.mp4
07-05 17:05:28.005  6913  7211 W Summariser:   active sections: 1
07-05 17:05:28.005  6913  7211 W Summariser:   time: 35.440s
07-05 17:05:28.005  6913  7211 W Summariser:   original duration: 16.06
07-05 17:05:28.005  6913  7211 W Summariser:   summarised duration: 3.97
07-05 17:05:28.005  6913  7211 W Summariser:   noise tolerance: 45.00
07-05 17:05:28.005  6913  7211 W Summariser:   quality: 23
07-05 17:05:28.005  6913  7211 W Summariser:   speed: medium
07-05 17:05:28.005  6913  7211 W Summariser:   freeze duration: 1.00
07-05 17:05:28.006  6913  7211 V VideoManager: Retrieving video from /storage/emulated/0/Movies/segment-sum/20200312_194830/20200312_194830!000.mp4
07-05 17:05:28.021  6913  7211 D VideoManager: videoCursor is null
07-05 17:05:28.074  6913  7211 V VideoManager: videoFromCursor
07-05 17:05:28.080  6913  7211 W NearbyFragment: Sending 20200312_194830!000.mp4 to Galaxy S8 [2802]
07-05 17:05:28.086  6913  7211 V ProcessingVideosEventHandler: onRemove
07-05 17:05:28.094  6913  7211 V SummariserIntentService: onHandleIntent
07-05 17:05:28.096  6913  7211 D SummariserIntentService: Video{id='8153', data='/storage/emulated/0/Download/Nearby/20200312_194830!001.mp4', name='20200312_194830!001.mp4', size=16986763, visible=true, mimeType='video/mp4'}
07-05 17:05:28.096  6913  7211 D SummariserIntentService: /storage/emulated/0/Movies/segment-sum/20200312_194830/20200312_194830!001.mp4
07-05 17:05:28.118  6913  6913 V NearbyFragment: Transfer to Endpoint{id=fwGx, name=Galaxy S8 [2802]} complete
07-05 17:05:28.167  6913  6937 D SummariserIntentService: Scanned /storage/emulated/0/Movies/summarised
07-05 17:05:28.167  6913  6937 D SummariserIntentService:   -> uri=content://media/external/file/8045
07-05 17:05:28.183  6913  6913 V NearbyFragment: Transfer to Endpoint{id=fwGx, name=Galaxy S8 [2802]} complete
07-05 17:05:28.361  6913  7140 W mobile-ffmpeg: [graph 0 input from stream 0:0 @ 0x78e3233f80] sws_param option is deprecated and ignored
07-05 17:05:36.639  6913  7211 V FfmpegTools: Retrieving duration of /storage/emulated/0/Download/Nearby/20200312_194830!001.mp4
07-05 17:05:36.799  6913  7211 W Summariser: 2 active sections found
07-05 17:05:36.800  6913  7211 I FfmpegTools: Running ffmpeg with:
07-05 17:05:36.800  6913  7211 I FfmpegTools:   -y -i /storage/emulated/0/Download/Nearby/20200312_194830!001.mp4 -filter_complex [0:v]trim=0.000000:6.405000,setpts=PTS-STARTPTS[v0];[0:a]atrim=0.000000:6.405000,asetpts=PTS-STARTPTS[a0];[0:v]trim=14.379000:16.010000,setpts=PTS-STARTPTS[v1];[0:a]atrim=14.379000:16.010000,asetpts=PTS-STARTPTS[a1];[v0][a0][v1][a1]concat=n=2:v=1:a=1[outv][outa] -map [outv] -map [outa] -crf 23 -preset medium /storage/emulated/0/Movies/segment-sum/20200312_194830/20200312_194830!001.mp4
07-05 17:05:37.029  6913  7140 W mobile-ffmpeg: [graph 0 input from stream 0:0 @ 0x78e3233ec0] sws_param option is deprecated and ignored
07-05 17:05:37.030  6913  7140 W mobile-ffmpeg: [graph 0 input from stream 0:0 @ 0x78e3234280] sws_param option is deprecated and ignored
07-05 17:06:21.550  6913  7211 V FfmpegTools: Retrieving duration of /storage/emulated/0/Download/Nearby/20200312_194830!001.mp4
07-05 17:06:21.701  6913  7211 V FfmpegTools: Retrieving duration of /storage/emulated/0/Movies/segment-sum/20200312_194830/20200312_194830!001.mp4
07-05 17:06:21.775  6913  7211 W Summariser: Summarisation completed
07-05 17:06:21.775  6913  7211 W Summariser:   filename: 20200312_194830!001.mp4
07-05 17:06:21.775  6913  7211 W Summariser:   active sections: 2
07-05 17:06:21.775  6913  7211 W Summariser:   time: 53.452s
07-05 17:06:21.775  6913  7211 W Summariser:   original duration: 16.01
07-05 17:06:21.775  6913  7211 W Summariser:   summarised duration: 8.10
07-05 17:06:21.775  6913  7211 W Summariser:   noise tolerance: 45.00
07-05 17:06:21.775  6913  7211 W Summariser:   quality: 23
07-05 17:06:21.775  6913  7211 W Summariser:   speed: medium
07-05 17:06:21.775  6913  7211 W Summariser:   freeze duration: 1.00
07-05 17:06:21.775  6913  7211 V VideoManager: Retrieving video from /storage/emulated/0/Movies/segment-sum/20200312_194830/20200312_194830!001.mp4
07-05 17:06:21.787  6913  7211 D VideoManager: videoCursor is null
07-05 17:06:21.840  6913  7211 V VideoManager: videoFromCursor
07-05 17:06:21.846  6913  7211 W NearbyFragment: Sending 20200312_194830!001.mp4 to Galaxy S8 [2802]
07-05 17:06:21.851  6913  7211 V ProcessingVideosEventHandler: onRemove
07-05 17:06:21.864  6913  7211 V SummariserIntentService: onHandleIntent
07-05 17:06:21.866  6913  7211 D SummariserIntentService: Video{id='8154', data='/storage/emulated/0/Download/Nearby/20200312_194830!002.mp4', name='20200312_194830!002.mp4', size=16791932, visible=true, mimeType='video/mp4'}
07-05 17:06:21.866  6913  7211 D SummariserIntentService: /storage/emulated/0/Movies/segment-sum/20200312_194830/20200312_194830!002.mp4
07-05 17:06:21.875  6913  6913 V NearbyFragment: Transfer to Endpoint{id=fwGx, name=Galaxy S8 [2802]} complete
07-05 17:06:21.905  6913  6926 D SummariserIntentService: Scanned /storage/emulated/0/Movies/summarised
07-05 17:06:21.905  6913  6926 D SummariserIntentService:   -> uri=content://media/external/file/8045
07-05 17:06:22.008  6913  6913 V NearbyFragment: Transfer to Endpoint{id=fwGx, name=Galaxy S8 [2802]} complete
07-05 17:06:22.133  6913  7140 W mobile-ffmpeg: [graph 0 input from stream 0:0 @ 0x78e3233ec0] sws_param option is deprecated and ignored
07-05 17:06:30.425  6913  7211 V FfmpegTools: Retrieving duration of /storage/emulated/0/Download/Nearby/20200312_194830!002.mp4
07-05 17:06:30.583  6913  7211 W Summariser: 2 active sections found
07-05 17:06:30.583  6913  7211 I FfmpegTools: Running ffmpeg with:
07-05 17:06:30.583  6913  7211 I FfmpegTools:   -y -i /storage/emulated/0/Download/Nearby/20200312_194830!002.mp4 -filter_complex [0:v]trim=0.000000:3.703000,setpts=PTS-STARTPTS[v0];[0:a]atrim=0.000000:3.703000,asetpts=PTS-STARTPTS[a0];[0:v]trim=10.943000:16.010000,setpts=PTS-STARTPTS[v1];[0:a]atrim=10.943000:16.010000,asetpts=PTS-STARTPTS[a1];[v0][a0][v1][a1]concat=n=2:v=1:a=1[outv][outa] -map [outv] -map [outa] -crf 23 -preset medium /storage/emulated/0/Movies/segment-sum/20200312_194830/20200312_194830!002.mp4
07-05 17:06:30.809  6913  7140 W mobile-ffmpeg: [graph 0 input from stream 0:0 @ 0x78e3233ec0] sws_param option is deprecated and ignored
07-05 17:06:30.810  6913  7140 W mobile-ffmpeg: [graph 0 input from stream 0:0 @ 0x78e3234580] sws_param option is deprecated and ignored
07-05 17:07:19.922  6913  7211 V FfmpegTools: Retrieving duration of /storage/emulated/0/Download/Nearby/20200312_194830!002.mp4
07-05 17:07:20.070  6913  7211 V FfmpegTools: Retrieving duration of /storage/emulated/0/Movies/segment-sum/20200312_194830/20200312_194830!002.mp4
07-05 17:07:20.143  6913  7211 W Summariser: Summarisation completed
07-05 17:07:20.143  6913  7211 W Summariser:   filename: 20200312_194830!002.mp4
07-05 17:07:20.143  6913  7211 W Summariser:   active sections: 2
07-05 17:07:20.143  6913  7211 W Summariser:   time: 58.055s
07-05 17:07:20.143  6913  7211 W Summariser:   original duration: 16.01
07-05 17:07:20.143  6913  7211 W Summariser:   summarised duration: 8.84
07-05 17:07:20.143  6913  7211 W Summariser:   noise tolerance: 45.00
07-05 17:07:20.143  6913  7211 W Summariser:   quality: 23
07-05 17:07:20.143  6913  7211 W Summariser:   speed: medium
07-05 17:07:20.143  6913  7211 W Summariser:   freeze duration: 1.00
07-05 17:07:20.143  6913  7211 V VideoManager: Retrieving video from /storage/emulated/0/Movies/segment-sum/20200312_194830/20200312_194830!002.mp4
07-05 17:07:20.157  6913  7211 D VideoManager: videoCursor is null
07-05 17:07:20.218  6913  7211 V VideoManager: videoFromCursor
07-05 17:07:20.225  6913  7211 W NearbyFragment: Sending 20200312_194830!002.mp4 to Galaxy S8 [2802]
07-05 17:07:20.230  6913  7211 V ProcessingVideosEventHandler: onRemove
07-05 17:07:20.242  6913  7211 V SummariserIntentService: onHandleIntent
07-05 17:07:20.243  6913  7211 D SummariserIntentService: Video{id='8156', data='/storage/emulated/0/Download/Nearby/20200312_194830!003.mp4', name='20200312_194830!003.mp4', size=12647949, visible=true, mimeType='video/mp4'}
07-05 17:07:20.243  6913  7211 D SummariserIntentService: /storage/emulated/0/Movies/segment-sum/20200312_194830/20200312_194830!003.mp4
07-05 17:07:20.256  6913  6913 V NearbyFragment: Transfer to Endpoint{id=fwGx, name=Galaxy S8 [2802]} complete
07-05 17:07:20.289  6913  6926 D SummariserIntentService: Scanned /storage/emulated/0/Movies/summarised
07-05 17:07:20.289  6913  6926 D SummariserIntentService:   -> uri=content://media/external/file/8045
07-05 17:07:20.453  6913  6913 V NearbyFragment: Transfer to Endpoint{id=fwGx, name=Galaxy S8 [2802]} complete
07-05 17:07:20.478  6913  7140 W mobile-ffmpeg: [graph 0 input from stream 0:0 @ 0x78e3233ec0] sws_param option is deprecated and ignored
07-05 17:07:26.646  6913  7211 W Summariser: No activity detected
07-05 17:07:26.648  6913  7211 V FfmpegTools: Retrieving duration of /storage/emulated/0/Download/Nearby/20200312_194830!003.mp4
07-05 17:07:26.747  6913  7211 W Summariser: Summarisation completed
07-05 17:07:26.747  6913  7211 W Summariser:   filename: 20200312_194830!003.mp4
07-05 17:07:26.747  6913  7211 W Summariser:   active sections: 0
07-05 17:07:26.747  6913  7211 W Summariser:   time: 06.402s
07-05 17:07:26.747  6913  7211 W Summariser:   original duration: 11.98
07-05 17:07:26.747  6913  7211 W Summariser:   summarised duration: -1.00
07-05 17:07:26.747  6913  7211 W Summariser:   noise tolerance: 45.00
07-05 17:07:26.747  6913  7211 W Summariser:   quality: 23
07-05 17:07:26.747  6913  7211 W Summariser:   speed: medium
07-05 17:07:26.747  6913  7211 W Summariser:   freeze duration: 1.00
07-05 17:07:26.750  6913  7211 V ProcessingVideosEventHandler: onRemove
07-05 17:07:26.762  6913  7211 V SummariserIntentService: onHandleIntent
07-05 17:07:26.763  6913  7211 D SummariserIntentService: Video{id='8157', data='/storage/emulated/0/Download/Nearby/20200312_194930!000.mp4', name='20200312_194930!000.mp4', size=16923489, visible=true, mimeType='video/mp4'}
07-05 17:07:26.763  6913  7211 D SummariserIntentService: /storage/emulated/0/Movies/segment-sum/20200312_194930/20200312_194930!000.mp4
07-05 17:07:26.768  6913  6913 V NearbyFragment: Transfer to Endpoint{id=fwGx, name=Galaxy S8 [2802]} complete
07-05 17:07:26.810  6913  6925 D SummariserIntentService: Scanned /storage/emulated/0/Movies/summarised
07-05 17:07:26.810  6913  6925 D SummariserIntentService:   -> uri=content://media/external/file/8045
07-05 17:07:26.951  6913  7140 W mobile-ffmpeg: [graph 0 input from stream 0:0 @ 0x78e3233ec0] sws_param option is deprecated and ignored
07-05 17:07:35.237  6913  7211 V FfmpegTools: Retrieving duration of /storage/emulated/0/Download/Nearby/20200312_194930!000.mp4
07-05 17:07:35.340  6913  7211 W Summariser: 1 active sections found
07-05 17:07:35.341  6913  7211 I FfmpegTools: Running ffmpeg with:
07-05 17:07:35.341  6913  7211 I FfmpegTools:   -y -i /storage/emulated/0/Download/Nearby/20200312_194930!000.mp4 -filter_complex [0:v]trim=6.773000:16.070000,setpts=PTS-STARTPTS[v0];[0:a]atrim=6.773000:16.070000,asetpts=PTS-STARTPTS[a0];[v0][a0]concat=n=1:v=1:a=1[outv][outa] -map [outv] -map [outa] -crf 23 -preset medium /storage/emulated/0/Movies/segment-sum/20200312_194930/20200312_194930!000.mp4
07-05 17:07:35.525  6913  7140 W mobile-ffmpeg: [graph 0 input from stream 0:0 @ 0x78e3233e00] sws_param option is deprecated and ignored
07-05 17:08:21.214  6913  7211 V FfmpegTools: Retrieving duration of /storage/emulated/0/Download/Nearby/20200312_194930!000.mp4
07-05 17:08:21.289  6913  7211 V FfmpegTools: Retrieving duration of /storage/emulated/0/Movies/segment-sum/20200312_194930/20200312_194930!000.mp4
07-05 17:08:21.346  6913  7211 W Summariser: Summarisation completed
07-05 17:08:21.346  6913  7211 W Summariser:   filename: 20200312_194930!000.mp4
07-05 17:08:21.346  6913  7211 W Summariser:   active sections: 1
07-05 17:08:21.346  6913  7211 W Summariser:   time: 54.449s
07-05 17:08:21.346  6913  7211 W Summariser:   original duration: 16.07
07-05 17:08:21.346  6913  7211 W Summariser:   summarised duration: 9.36
07-05 17:08:21.346  6913  7211 W Summariser:   noise tolerance: 45.00
07-05 17:08:21.346  6913  7211 W Summariser:   quality: 23
07-05 17:08:21.346  6913  7211 W Summariser:   speed: medium
07-05 17:08:21.346  6913  7211 W Summariser:   freeze duration: 1.00
07-05 17:08:21.347  6913  7211 V VideoManager: Retrieving video from /storage/emulated/0/Movies/segment-sum/20200312_194930/20200312_194930!000.mp4
07-05 17:08:21.364  6913  7211 D VideoManager: videoCursor is null
07-05 17:08:21.425  6913  7211 V VideoManager: videoFromCursor
07-05 17:08:21.429  6913  7211 W NearbyFragment: Sending 20200312_194930!000.mp4 to Galaxy S8 [2802]
07-05 17:08:21.432  6913  7211 V ProcessingVideosEventHandler: onRemove
07-05 17:08:21.443  6913  7211 V SummariserIntentService: onHandleIntent
07-05 17:08:21.445  6913  7211 D SummariserIntentService: Video{id='8158', data='/storage/emulated/0/Download/Nearby/20200312_194930!001.mp4', name='20200312_194930!001.mp4', size=16827995, visible=true, mimeType='video/mp4'}
07-05 17:08:21.445  6913  7211 D SummariserIntentService: /storage/emulated/0/Movies/segment-sum/20200312_194930/20200312_194930!001.mp4
07-05 17:08:21.459  6913  6913 V NearbyFragment: Transfer to Endpoint{id=fwGx, name=Galaxy S8 [2802]} complete
07-05 17:08:21.485  6913  7451 D SummariserIntentService: Scanned /storage/emulated/0/Movies/summarised
07-05 17:08:21.485  6913  7451 D SummariserIntentService:   -> uri=content://media/external/file/8045
07-05 17:08:21.655  6913  7140 W mobile-ffmpeg: [graph 0 input from stream 0:0 @ 0x78e3233f80] sws_param option is deprecated and ignored
07-05 17:08:21.665  6913  6913 V NearbyFragment: Transfer to Endpoint{id=fwGx, name=Galaxy S8 [2802]} complete
07-05 17:08:27.927  6913  7211 W Summariser: 1 active sections found
07-05 17:08:27.927  6913  7211 I FfmpegTools: Running ffmpeg with:
07-05 17:08:27.927  6913  7211 I FfmpegTools:   -y -i /storage/emulated/0/Download/Nearby/20200312_194930!001.mp4 -filter_complex [0:v]trim=0.000000:2.002000,setpts=PTS-STARTPTS[v0];[0:a]atrim=0.000000:2.002000,asetpts=PTS-STARTPTS[a0];[v0][a0]concat=n=1:v=1:a=1[outv][outa] -map [outv] -map [outa] -crf 23 -preset medium /storage/emulated/0/Movies/segment-sum/20200312_194930/20200312_194930!001.mp4
07-05 17:08:28.106  6913  7140 W mobile-ffmpeg: [graph 0 input from stream 0:0 @ 0x78e3233e00] sws_param option is deprecated and ignored
07-05 17:08:36.335  6913  7211 V FfmpegTools: Retrieving duration of /storage/emulated/0/Download/Nearby/20200312_194930!001.mp4
07-05 17:08:36.455  6913  7211 V FfmpegTools: Retrieving duration of /storage/emulated/0/Movies/segment-sum/20200312_194930/20200312_194930!001.mp4
07-05 17:08:36.511  6913  7211 W Summariser: Summarisation completed
07-05 17:08:36.511  6913  7211 W Summariser:   filename: 20200312_194930!001.mp4
07-05 17:08:36.511  6913  7211 W Summariser:   active sections: 1
07-05 17:08:36.511  6913  7211 W Summariser:   time: 14.888s
07-05 17:08:36.511  6913  7211 W Summariser:   original duration: 16.01
07-05 17:08:36.511  6913  7211 W Summariser:   summarised duration: 2.02
07-05 17:08:36.511  6913  7211 W Summariser:   noise tolerance: 45.00
07-05 17:08:36.511  6913  7211 W Summariser:   quality: 23
07-05 17:08:36.511  6913  7211 W Summariser:   speed: medium
07-05 17:08:36.511  6913  7211 W Summariser:   freeze duration: 1.00
07-05 17:08:36.512  6913  7211 V VideoManager: Retrieving video from /storage/emulated/0/Movies/segment-sum/20200312_194930/20200312_194930!001.mp4
07-05 17:08:36.521  6913  7211 D VideoManager: videoCursor is null
07-05 17:08:36.553  6913  7211 V VideoManager: videoFromCursor
07-05 17:08:36.559  6913  7211 W NearbyFragment: Sending 20200312_194930!001.mp4 to Galaxy S8 [2802]
07-05 17:08:36.564  6913  7211 V ProcessingVideosEventHandler: onRemove
07-05 17:08:36.574  6913  7211 V SummariserIntentService: onHandleIntent
07-05 17:08:36.578  6913  7211 D SummariserIntentService: Video{id='8159', data='/storage/emulated/0/Download/Nearby/20200312_194930!002.mp4', name='20200312_194930!002.mp4', size=16865486, visible=true, mimeType='video/mp4'}
07-05 17:08:36.578  6913  7211 D SummariserIntentService: /storage/emulated/0/Movies/segment-sum/20200312_194930/20200312_194930!002.mp4
07-05 17:08:36.603  6913  6913 V NearbyFragment: Transfer to Endpoint{id=fwGx, name=Galaxy S8 [2802]} complete
07-05 17:08:36.613  6913  6937 D SummariserIntentService: Scanned /storage/emulated/0/Movies/summarised
07-05 17:08:36.613  6913  6937 D SummariserIntentService:   -> uri=content://media/external/file/8045
07-05 17:08:36.619  6913  6913 V NearbyFragment: Transfer to Endpoint{id=fwGx, name=Galaxy S8 [2802]} complete
07-05 17:08:36.752  6913  7140 W mobile-ffmpeg: [graph 0 input from stream 0:0 @ 0x78e3233ec0] sws_param option is deprecated and ignored
07-05 17:08:43.070  6913  7211 W Summariser: No activity detected
07-05 17:08:43.073  6913  7211 V FfmpegTools: Retrieving duration of /storage/emulated/0/Download/Nearby/20200312_194930!002.mp4
07-05 17:08:43.187  6913  7211 W Summariser: Summarisation completed
07-05 17:08:43.187  6913  7211 W Summariser:   filename: 20200312_194930!002.mp4
07-05 17:08:43.187  6913  7211 W Summariser:   active sections: 0
07-05 17:08:43.187  6913  7211 W Summariser:   time: 06.493s
07-05 17:08:43.187  6913  7211 W Summariser:   original duration: 16.01
07-05 17:08:43.187  6913  7211 W Summariser:   summarised duration: -1.00
07-05 17:08:43.187  6913  7211 W Summariser:   noise tolerance: 45.00
07-05 17:08:43.187  6913  7211 W Summariser:   quality: 23
07-05 17:08:43.187  6913  7211 W Summariser:   speed: medium
07-05 17:08:43.187  6913  7211 W Summariser:   freeze duration: 1.00
07-05 17:08:43.189  6913  7211 V ProcessingVideosEventHandler: onRemove
07-05 17:08:43.192  6913  6918 I zygote64: Do full code cache collection, code=501KB, data=310KB
07-05 17:08:43.195  6913  6918 I zygote64: After code cache collection, code=463KB, data=266KB
07-05 17:08:43.198  6913  7211 V SummariserIntentService: onHandleIntent
07-05 17:08:43.199  6913  7211 D SummariserIntentService: Video{id='8160', data='/storage/emulated/0/Download/Nearby/20200312_194930!003.mp4', name='20200312_194930!003.mp4', size=12672704, visible=true, mimeType='video/mp4'}
07-05 17:08:43.199  6913  7211 D SummariserIntentService: /storage/emulated/0/Movies/segment-sum/20200312_194930/20200312_194930!003.mp4
07-05 17:08:43.203  6913  6913 V NearbyFragment: Transfer to Endpoint{id=fwGx, name=Galaxy S8 [2802]} complete
07-05 17:08:43.232  6913  7451 D SummariserIntentService: Scanned /storage/emulated/0/Movies/summarised
07-05 17:08:43.232  6913  7451 D SummariserIntentService:   -> uri=content://media/external/file/8045
07-05 17:08:43.337  6913  7140 W mobile-ffmpeg: [graph 0 input from stream 0:0 @ 0x78e3233ec0] sws_param option is deprecated and ignored
07-05 17:08:48.286  6913  7211 V FfmpegTools: Retrieving duration of /storage/emulated/0/Download/Nearby/20200312_194930!003.mp4
07-05 17:08:48.365  6913  7211 W Summariser: 1 active sections found
07-05 17:08:48.366  6913  7211 I FfmpegTools: Running ffmpeg with:
07-05 17:08:48.366  6913  7211 I FfmpegTools:   -y -i /storage/emulated/0/Download/Nearby/20200312_194930!003.mp4 -filter_complex [0:v]trim=1.101000:12.010000,setpts=PTS-STARTPTS[v0];[0:a]atrim=1.101000:12.010000,asetpts=PTS-STARTPTS[a0];[v0][a0]concat=n=1:v=1:a=1[outv][outa] -map [outv] -map [outa] -crf 23 -preset medium /storage/emulated/0/Movies/segment-sum/20200312_194930/20200312_194930!003.mp4
07-05 17:08:48.498  6913  7140 W mobile-ffmpeg: [graph 0 input from stream 0:0 @ 0x78e3233e00] sws_param option is deprecated and ignored
07-05 17:09:34.932  6913  7211 V FfmpegTools: Retrieving duration of /storage/emulated/0/Download/Nearby/20200312_194930!003.mp4
07-05 17:09:35.007  6913  7211 V FfmpegTools: Retrieving duration of /storage/emulated/0/Movies/segment-sum/20200312_194930/20200312_194930!003.mp4
07-05 17:09:35.067  6913  7211 W Summariser: Summarisation completed
07-05 17:09:35.067  6913  7211 W Summariser:   filename: 20200312_194930!003.mp4
07-05 17:09:35.067  6913  7211 W Summariser:   active sections: 1
07-05 17:09:35.067  6913  7211 W Summariser:   time: 51.731s
07-05 17:09:35.067  6913  7211 W Summariser:   original duration: 12.01
07-05 17:09:35.067  6913  7211 W Summariser:   summarised duration: 10.95
07-05 17:09:35.067  6913  7211 W Summariser:   noise tolerance: 45.00
07-05 17:09:35.067  6913  7211 W Summariser:   quality: 23
07-05 17:09:35.067  6913  7211 W Summariser:   speed: medium
07-05 17:09:35.067  6913  7211 W Summariser:   freeze duration: 1.00
07-05 17:09:35.067  6913  7211 V VideoManager: Retrieving video from /storage/emulated/0/Movies/segment-sum/20200312_194930/20200312_194930!003.mp4
07-05 17:09:35.087  6913  7211 D VideoManager: videoCursor is null
07-05 17:09:35.133  6913  7211 V VideoManager: videoFromCursor
07-05 17:09:35.138  6913  7211 W NearbyFragment: Sending 20200312_194930!003.mp4 to Galaxy S8 [2802]
07-05 17:09:35.141  6913  7211 V ProcessingVideosEventHandler: onRemove
07-05 17:09:35.147  6913  7211 V SummariserIntentService: onHandleIntent
07-05 17:09:35.150  6913  7211 D SummariserIntentService: Video{id='8161', data='/storage/emulated/0/Download/Nearby/20200312_195230!000.mp4', name='20200312_195230!000.mp4', size=16897687, visible=true, mimeType='video/mp4'}
07-05 17:09:35.150  6913  7211 D SummariserIntentService: /storage/emulated/0/Movies/segment-sum/20200312_195230/20200312_195230!000.mp4
07-05 17:09:35.173  6913  6913 V NearbyFragment: Transfer to Endpoint{id=fwGx, name=Galaxy S8 [2802]} complete
