07-05 16:58:01.198  6913  6913 V VideoManager: Retrieving video from /storage/emulated/0/Download/Nearby/20200312_194930!000.mp4
07-05 16:58:01.213  6913  6913 D VideoManager: videoCursor is null
07-05 16:58:01.238  6913  6913 V VideoManager: videoFromCursor
07-05 16:58:01.242  6913  6913 V ProcessingVideosEventHandler: onAdd
07-05 16:58:01.242  6913  6913 V RawFootageEventHandler: onRemove
07-05 16:58:01.247  6913  6913 V NearbyFragment: Transfer to Endpoint{id=fwGx, name=Galaxy S8 [2802]} complete
07-05 16:58:01.500  6913  6913 D NearbyFragment: onPayloadReceived(endpointId=fwGx, payload=com.google.android.gms.nearby.connection.Payload@bd0c6a2)
07-05 16:58:01.501  6913  6913 V NearbyFragment: Started downloading SUMMARISE_SEGMENT:-8475100389050572502:20200312_194930!001.mp4:45.0_1.0_23_medium from Endpoint{id=fwGx, name=Galaxy S8 [2802]}
07-05 16:58:01.515  6913  6913 D NearbyFragment: onPayloadReceived(endpointId=fwGx, payload=com.google.android.gms.nearby.connection.Payload@7b61f33)
07-05 16:58:01.526  6913  6913 V NearbyFragment: Transfer to Endpoint{id=fwGx, name=Galaxy S8 [2802]} complete
07-05 16:58:05.499  6913  6913 V NearbyFragment: Transfer to Endpoint{id=fwGx, name=Galaxy S8 [2802]} complete
07-05 16:58:05.500  6913  6913 W NearbyFragment: Completed downloading 20200312_194930!001.mp4 from Endpoint{id=fwGx, name=Galaxy S8 [2802]} in 03.998s
07-05 16:58:05.595  6913  6913 V FileManager: External storage is readable
07-05 16:58:05.596  6913  6913 V FileManager: Directory already exists: /storage/emulated/0/Movies/segment-sum/20200312_194930
07-05 16:58:05.596  6913  6913 D NearbyFragment: Summarising 20200312_194930!001.mp4
07-05 16:58:05.596  6913  6913 V VideoManager: Retrieving video from /storage/emulated/0/Download/Nearby/20200312_194930!001.mp4
07-05 16:58:05.607  6913  6913 D VideoManager: videoCursor is null
07-05 16:58:05.636  6913  6913 V VideoManager: videoFromCursor
07-05 16:58:05.639  6913  6913 V ProcessingVideosEventHandler: onAdd
07-05 16:58:05.640  6913  6913 V RawFootageEventHandler: onRemove
07-05 16:58:05.646  6913  6913 V NearbyFragment: Transfer to Endpoint{id=fwGx, name=Galaxy S8 [2802]} complete
07-05 16:58:05.647  6913  6913 D NearbyFragment: onPayloadReceived(endpointId=fwGx, payload=com.google.android.gms.nearby.connection.Payload@999069)
07-05 16:58:05.647  6913  6913 V NearbyFragment: Started downloading SUMMARISE_SEGMENT:-5951437289816546420:20200312_194930!002.mp4:45.0_1.0_23_medium from Endpoint{id=fwGx, name=Galaxy S8 [2802]}
07-05 16:58:05.648  6913  6913 V NearbyFragment: Transfer to Endpoint{id=fwGx, name=Galaxy S8 [2802]} complete
07-05 16:58:05.649  6913  6913 D NearbyFragment: onPayloadReceived(endpointId=fwGx, payload=com.google.android.gms.nearby.connection.Payload@598aaee)
07-05 16:58:09.979  6913  6913 V NearbyFragment: Transfer to Endpoint{id=fwGx, name=Galaxy S8 [2802]} complete
07-05 16:58:09.980  6913  6913 W NearbyFragment: Completed downloading 20200312_194930!002.mp4 from Endpoint{id=fwGx, name=Galaxy S8 [2802]} in 04.331s
07-05 16:58:09.992  6913  6913 V FileManager: External storage is readable
07-05 16:58:09.993  6913  6913 V FileManager: Directory already exists: /storage/emulated/0/Movies/segment-sum/20200312_194930
07-05 16:58:09.993  6913  6913 D NearbyFragment: Summarising 20200312_194930!002.mp4
07-05 16:58:09.993  6913  6913 V VideoManager: Retrieving video from /storage/emulated/0/Download/Nearby/20200312_194930!002.mp4
07-05 16:58:10.003  6913  6913 D VideoManager: videoCursor is null
07-05 16:58:10.030  6913  6913 V VideoManager: videoFromCursor
07-05 16:58:10.033  6913  6913 V ProcessingVideosEventHandler: onAdd
07-05 16:58:10.033  6913  6913 V RawFootageEventHandler: onRemove
07-05 16:58:10.038  6913  6913 V NearbyFragment: Transfer to Endpoint{id=fwGx, name=Galaxy S8 [2802]} complete
07-05 16:58:10.053  6913  6913 D NearbyFragment: onPayloadReceived(endpointId=fwGx, payload=com.google.android.gms.nearby.connection.Payload@43c4008)
07-05 16:58:10.055  6913  6913 V NearbyFragment: Started downloading SUMMARISE_SEGMENT:-7241627592101739606:20200312_194930!003.mp4:45.0_1.0_23_medium from Endpoint{id=fwGx, name=Galaxy S8 [2802]}
07-05 16:58:10.140  6913  6913 V NearbyFragment: Transfer to Endpoint{id=fwGx, name=Galaxy S8 [2802]} complete
07-05 16:58:10.274  6913  6913 D NearbyFragment: onPayloadReceived(endpointId=fwGx, payload=com.google.android.gms.nearby.connection.Payload@759e3a1)
07-05 16:58:13.446  6913  6913 V NearbyFragment: Transfer to Endpoint{id=fwGx, name=Galaxy S8 [2802]} complete
07-05 16:58:13.447  6913  6913 W NearbyFragment: Completed downloading 20200312_194930!003.mp4 from Endpoint{id=fwGx, name=Galaxy S8 [2802]} in 03.391s
07-05 16:58:13.459  6913  6913 V FileManager: External storage is readable
07-05 16:58:13.459  6913  6913 V FileManager: Directory already exists: /storage/emulated/0/Movies/segment-sum/20200312_194930
07-05 16:58:13.460  6913  6913 D NearbyFragment: Summarising 20200312_194930!003.mp4
07-05 16:58:13.460  6913  6913 V VideoManager: Retrieving video from /storage/emulated/0/Download/Nearby/20200312_194930!003.mp4
07-05 16:58:13.470  6913  6913 D VideoManager: videoCursor is null
07-05 16:58:13.499  6913  6913 V VideoManager: videoFromCursor
07-05 16:58:13.502  6913  6913 V ProcessingVideosEventHandler: onAdd
07-05 16:58:13.502  6913  6913 V RawFootageEventHandler: onRemove
07-05 16:58:13.506  6913  6913 V NearbyFragment: Transfer to Endpoint{id=fwGx, name=Galaxy S8 [2802]} complete
07-05 16:58:22.530  6913  6913 D NearbyFragment: onPayloadReceived(endpointId=fwGx, payload=com.google.android.gms.nearby.connection.Payload@f1018dd)
07-05 16:58:22.530  6913  6913 V NearbyFragment: Started downloading SUMMARISE_SEGMENT:-8573894219725844735:20200312_195230!000.mp4:45.0_1.0_23_medium from Endpoint{id=fwGx, name=Galaxy S8 [2802]}
07-05 16:58:22.536  6913  6913 V NearbyFragment: Transfer to Endpoint{id=fwGx, name=Galaxy S8 [2802]} complete
07-05 16:58:22.571  6913  6913 D NearbyFragment: onPayloadReceived(endpointId=fwGx, payload=com.google.android.gms.nearby.connection.Payload@95c1c52)
07-05 16:58:26.052  6913  6913 V NearbyFragment: Transfer to Endpoint{id=fwGx, name=Galaxy S8 [2802]} complete
07-05 16:58:26.053  6913  6913 W NearbyFragment: Completed downloading 20200312_195230!000.mp4 from Endpoint{id=fwGx, name=Galaxy S8 [2802]} in 03.521s
07-05 16:58:26.061  6913  6913 V FileManager: External storage is readable
07-05 16:58:26.063  6913  6913 V FileManager: Created new directory: /storage/emulated/0/Movies/segment-sum/20200312_195230
07-05 16:58:26.063  6913  6913 D NearbyFragment: Summarising 20200312_195230!000.mp4
07-05 16:58:26.063  6913  6913 V VideoManager: Retrieving video from /storage/emulated/0/Download/Nearby/20200312_195230!000.mp4
07-05 16:58:26.075  6913  6913 D VideoManager: videoCursor is null
07-05 16:58:26.108  6913  6913 V VideoManager: videoFromCursor
07-05 16:58:26.115  6913  6913 V ProcessingVideosEventHandler: onAdd
07-05 16:58:26.115  6913  6913 V RawFootageEventHandler: onRemove
07-05 16:58:26.119  6913  6913 V NearbyFragment: Transfer to Endpoint{id=fwGx, name=Galaxy S8 [2802]} complete
07-05 16:58:26.330  6913  6913 D NearbyFragment: onPayloadReceived(endpointId=fwGx, payload=com.google.android.gms.nearby.connection.Payload@d7bab9e)
07-05 16:58:26.330  6913  6913 V NearbyFragment: Started downloading SUMMARISE_SEGMENT:-8096742936635442005:20200312_195230!001.mp4:45.0_1.0_23_medium from Endpoint{id=fwGx, name=Galaxy S8 [2802]}
07-05 16:58:26.333  6913  6913 V NearbyFragment: Transfer to Endpoint{id=fwGx, name=Galaxy S8 [2802]} complete
07-05 16:58:26.370  6913  6913 D NearbyFragment: onPayloadReceived(endpointId=fwGx, payload=com.google.android.gms.nearby.connection.Payload@626667f)
07-05 16:58:31.436  6913  6913 V NearbyFragment: Transfer to Endpoint{id=fwGx, name=Galaxy S8 [2802]} complete
07-05 16:58:31.437  6913  6913 W NearbyFragment: Completed downloading 20200312_195230!001.mp4 from Endpoint{id=fwGx, name=Galaxy S8 [2802]} in 05.105s
07-05 16:58:31.446  6913  6913 V FileManager: External storage is readable
07-05 16:58:31.446  6913  6913 V FileManager: Directory already exists: /storage/emulated/0/Movies/segment-sum/20200312_195230
07-05 16:58:31.447  6913  6913 D NearbyFragment: Summarising 20200312_195230!001.mp4
07-05 16:58:31.447  6913  6913 V VideoManager: Retrieving video from /storage/emulated/0/Download/Nearby/20200312_195230!001.mp4
07-05 16:58:31.461  6913  6913 D VideoManager: videoCursor is null
07-05 16:58:31.491  6913  6913 V VideoManager: videoFromCursor
07-05 16:58:31.494  6913  6913 V ProcessingVideosEventHandler: onAdd
07-05 16:58:31.494  6913  6913 V RawFootageEventHandler: onRemove
07-05 16:58:31.500  6913  6913 V NearbyFragment: Transfer to Endpoint{id=fwGx, name=Galaxy S8 [2802]} complete
07-05 16:58:31.518  6913  6913 D NearbyFragment: onPayloadReceived(endpointId=fwGx, payload=com.google.android.gms.nearby.connection.Payload@4c4eb9b)
07-05 16:58:31.519  6913  6913 V NearbyFragment: Started downloading SUMMARISE_SEGMENT:-7554037703545162603:20200312_195230!002.mp4:45.0_1.0_23_medium from Endpoint{id=fwGx, name=Galaxy S8 [2802]}
07-05 16:58:31.534  6913  6913 V NearbyFragment: Transfer to Endpoint{id=fwGx, name=Galaxy S8 [2802]} complete
07-05 16:58:31.573  6913  6913 D NearbyFragment: onPayloadReceived(endpointId=fwGx, payload=com.google.android.gms.nearby.connection.Payload@c83bb38)
07-05 16:58:38.600  6913  6913 V NearbyFragment: Transfer to Endpoint{id=fwGx, name=Galaxy S8 [2802]} complete
07-05 16:58:38.600  6913  6913 W NearbyFragment: Completed downloading 20200312_195230!002.mp4 from Endpoint{id=fwGx, name=Galaxy S8 [2802]} in 07.081s
07-05 16:58:38.609  6913  6913 V FileManager: External storage is readable
07-05 16:58:38.609  6913  6913 V FileManager: Directory already exists: /storage/emulated/0/Movies/segment-sum/20200312_195230
07-05 16:58:38.610  6913  6913 D NearbyFragment: Summarising 20200312_195230!002.mp4
07-05 16:58:38.610  6913  6913 V VideoManager: Retrieving video from /storage/emulated/0/Download/Nearby/20200312_195230!002.mp4
07-05 16:58:38.628  6913  6913 D VideoManager: videoCursor is null
07-05 16:58:38.660  6913  6913 V VideoManager: videoFromCursor
07-05 16:58:38.663  6913  6913 V ProcessingVideosEventHandler: onAdd
07-05 16:58:38.664  6913  6913 V RawFootageEventHandler: onRemove
07-05 16:58:38.668  6913  6913 V NearbyFragment: Transfer to Endpoint{id=fwGx, name=Galaxy S8 [2802]} complete
07-05 16:58:38.668  6913  6913 D NearbyFragment: onPayloadReceived(endpointId=fwGx, payload=com.google.android.gms.nearby.connection.Payload@df39076)
07-05 16:58:38.669  6913  6913 V NearbyFragment: Started downloading SUMMARISE_SEGMENT:-8532424607467433958:20200312_195230!003.mp4:45.0_1.0_23_medium from Endpoint{id=fwGx, name=Galaxy S8 [2802]}
07-05 16:58:38.680  6913  6913 V NearbyFragment: Transfer to Endpoint{id=fwGx, name=Galaxy S8 [2802]} complete
07-05 16:58:38.692  6913  6913 D NearbyFragment: onPayloadReceived(endpointId=fwGx, payload=com.google.android.gms.nearby.connection.Payload@bedf34d)
07-05 16:58:44.296  6913  6913 V NearbyFragment: Transfer to Endpoint{id=fwGx, name=Galaxy S8 [2802]} complete
07-05 16:58:44.297  6913  6913 W NearbyFragment: Completed downloading 20200312_195230!003.mp4 from Endpoint{id=fwGx, name=Galaxy S8 [2802]} in 05.627s
07-05 16:58:44.304  6913  6913 V FileManager: External storage is readable
07-05 16:58:44.304  6913  6913 V FileManager: Directory already exists: /storage/emulated/0/Movies/segment-sum/20200312_195230
07-05 16:58:44.305  6913  6913 D NearbyFragment: Summarising 20200312_195230!003.mp4
07-05 16:58:44.305  6913  6913 V VideoManager: Retrieving video from /storage/emulated/0/Download/Nearby/20200312_195230!003.mp4
07-05 16:58:44.314  6913  6913 D VideoManager: videoCursor is null
07-05 16:58:44.342  6913  6913 V VideoManager: videoFromCursor
07-05 16:58:44.344  6913  6913 V ProcessingVideosEventHandler: onAdd
07-05 16:58:44.345  6913  6913 V RawFootageEventHandler: onRemove
07-05 16:58:44.350  6913  6913 V NearbyFragment: Transfer to Endpoint{id=fwGx, name=Galaxy S8 [2802]} complete
07-05 16:58:50.381  6913  6913 D NearbyFragment: onPayloadReceived(endpointId=fwGx, payload=com.google.android.gms.nearby.connection.Payload@6b37749)
07-05 16:58:50.382  6913  6913 V NearbyFragment: Started downloading SUMMARISE_SEGMENT:-7785919055760889631:20200312_195330!000.mp4:45.0_1.0_23_medium from Endpoint{id=fwGx, name=Galaxy S8 [2802]}
07-05 16:58:50.395  6913  6913 V NearbyFragment: Transfer to Endpoint{id=fwGx, name=Galaxy S8 [2802]} complete
07-05 16:58:50.780  6913  6913 D NearbyFragment: onPayloadReceived(endpointId=fwGx, payload=com.google.android.gms.nearby.connection.Payload@438384e)
07-05 16:58:55.592  6913  6913 V NearbyFragment: Transfer to Endpoint{id=fwGx, name=Galaxy S8 [2802]} complete
07-05 16:58:55.593  6913  6913 W NearbyFragment: Completed downloading 20200312_195330!000.mp4 from Endpoint{id=fwGx, name=Galaxy S8 [2802]} in 05.211s
07-05 16:58:55.604  6913  6913 V FileManager: External storage is readable
07-05 16:58:55.606  6913  6913 V FileManager: Created new directory: /storage/emulated/0/Movies/segment-sum/20200312_195330
07-05 16:58:55.606  6913  6913 D NearbyFragment: Summarising 20200312_195330!000.mp4
07-05 16:58:55.607  6913  6913 V VideoManager: Retrieving video from /storage/emulated/0/Download/Nearby/20200312_195330!000.mp4
07-05 16:58:55.621  6913  6913 D VideoManager: videoCursor is null
07-05 16:58:55.955  6913  6913 V VideoManager: videoFromCursor
07-05 16:58:55.960  6913  6913 V ProcessingVideosEventHandler: onAdd
07-05 16:58:55.962  6913  6913 V RawFootageEventHandler: onRemove
07-05 16:58:55.966  6913  6913 V NearbyFragment: Transfer to Endpoint{id=fwGx, name=Galaxy S8 [2802]} complete
07-05 16:58:55.966  6913  6913 D NearbyFragment: onPayloadReceived(endpointId=fwGx, payload=com.google.android.gms.nearby.connection.Payload@e261a7c)
07-05 16:58:55.967  6913  6913 V NearbyFragment: Started downloading SUMMARISE_SEGMENT:-8714853393025071965:20200312_195330!001.mp4:45.0_1.0_23_medium from Endpoint{id=fwGx, name=Galaxy S8 [2802]}
07-05 16:58:55.968  6913  6913 D NearbyFragment: onPayloadReceived(endpointId=fwGx, payload=com.google.android.gms.nearby.connection.Payload@a333f05)
07-05 16:58:55.968  6913  6913 V NearbyFragment: Transfer to Endpoint{id=fwGx, name=Galaxy S8 [2802]} complete
07-05 16:59:02.715  6913  6913 V NearbyFragment: Transfer to Endpoint{id=fwGx, name=Galaxy S8 [2802]} complete
07-05 16:59:02.715  6913  6913 W NearbyFragment: Completed downloading 20200312_195330!001.mp4 from Endpoint{id=fwGx, name=Galaxy S8 [2802]} in 06.748s
07-05 16:59:02.723  6913  6913 V FileManager: External storage is readable
07-05 16:59:02.724  6913  6913 V FileManager: Directory already exists: /storage/emulated/0/Movies/segment-sum/20200312_195330
07-05 16:59:02.724  6913  6913 D NearbyFragment: Summarising 20200312_195330!001.mp4
07-05 16:59:02.724  6913  6913 V VideoManager: Retrieving video from /storage/emulated/0/Download/Nearby/20200312_195330!001.mp4
07-05 16:59:02.734  6913  6913 D VideoManager: videoCursor is null
07-05 16:59:02.759  6913  6913 V VideoManager: videoFromCursor
07-05 16:59:02.761  6913  6913 V ProcessingVideosEventHandler: onAdd
07-05 16:59:02.762  6913  6913 V RawFootageEventHandler: onRemove
07-05 16:59:02.766  6913  6913 V NearbyFragment: Transfer to Endpoint{id=fwGx, name=Galaxy S8 [2802]} complete
07-05 16:59:02.780  6913  6913 D NearbyFragment: onPayloadReceived(endpointId=fwGx, payload=com.google.android.gms.nearby.connection.Payload@fae1b67)
07-05 16:59:02.780  6913  6913 V NearbyFragment: Started downloading SUMMARISE_SEGMENT:-4752400151492622669:20200312_195330!002.mp4:45.0_1.0_23_medium from Endpoint{id=fwGx, name=Galaxy S8 [2802]}
07-05 16:59:02.795  6913  6913 V NearbyFragment: Transfer to Endpoint{id=fwGx, name=Galaxy S8 [2802]} complete
07-05 16:59:02.817  6913  6913 D NearbyFragment: onPayloadReceived(endpointId=fwGx, payload=com.google.android.gms.nearby.connection.Payload@2253d14)
07-05 16:59:07.222  6913  6913 V NearbyFragment: Transfer to Endpoint{id=fwGx, name=Galaxy S8 [2802]} complete
07-05 16:59:07.223  6913  6913 W NearbyFragment: Completed downloading 20200312_195330!002.mp4 from Endpoint{id=fwGx, name=Galaxy S8 [2802]} in 04.442s
07-05 16:59:07.230  6913  6913 V FileManager: External storage is readable
07-05 16:59:07.231  6913  6913 V FileManager: Directory already exists: /storage/emulated/0/Movies/segment-sum/20200312_195330
07-05 16:59:07.231  6913  6913 D NearbyFragment: Summarising 20200312_195330!002.mp4
07-05 16:59:07.231  6913  6913 V VideoManager: Retrieving video from /storage/emulated/0/Download/Nearby/20200312_195330!002.mp4
07-05 16:59:07.240  6913  6913 D VideoManager: videoCursor is null
07-05 16:59:07.272  6913  6913 V VideoManager: videoFromCursor
07-05 16:59:07.277  6913  6913 V ProcessingVideosEventHandler: onAdd
07-05 16:59:07.278  6913  6913 V RawFootageEventHandler: onRemove
07-05 16:59:07.282  6913  6913 V NearbyFragment: Transfer to Endpoint{id=fwGx, name=Galaxy S8 [2802]} complete
07-05 16:59:07.285  6913  6913 D NearbyFragment: onPayloadReceived(endpointId=fwGx, payload=com.google.android.gms.nearby.connection.Payload@aa31680)
07-05 16:59:07.286  6913  6913 V NearbyFragment: Started downloading SUMMARISE_SEGMENT:-7738408549890336453:20200312_195330!003.mp4:45.0_1.0_23_medium from Endpoint{id=fwGx, name=Galaxy S8 [2802]}
07-05 16:59:07.297  6913  6913 V NearbyFragment: Transfer to Endpoint{id=fwGx, name=Galaxy S8 [2802]} complete
07-05 16:59:07.314  6913  6913 D NearbyFragment: onPayloadReceived(endpointId=fwGx, payload=com.google.android.gms.nearby.connection.Payload@f4bc4b9)
07-05 16:59:10.916  6913  6913 V NearbyFragment: Transfer to Endpoint{id=fwGx, name=Galaxy S8 [2802]} complete
07-05 16:59:10.916  6913  6913 W NearbyFragment: Completed downloading 20200312_195330!003.mp4 from Endpoint{id=fwGx, name=Galaxy S8 [2802]} in 03.630s
07-05 16:59:11.184  6913  6913 V FileManager: External storage is readable
07-05 16:59:11.185  6913  6913 V FileManager: Directory already exists: /storage/emulated/0/Movies/segment-sum/20200312_195330
07-05 16:59:11.185  6913  6913 D NearbyFragment: Summarising 20200312_195330!003.mp4
07-05 16:59:11.185  6913  6913 V VideoManager: Retrieving video from /storage/emulated/0/Download/Nearby/20200312_195330!003.mp4
07-05 16:59:11.195  6913  6913 D VideoManager: videoCursor is null
07-05 16:59:11.222  6913  6913 V VideoManager: videoFromCursor
07-05 16:59:11.226  6913  6913 V ProcessingVideosEventHandler: onAdd
07-05 16:59:11.227  6913  6913 V RawFootageEventHandler: onRemove
07-05 16:59:11.232  6913  6913 V NearbyFragment: Transfer to Endpoint{id=fwGx, name=Galaxy S8 [2802]} complete
07-05 16:59:16.700  6913  6913 D NearbyFragment: onPayloadReceived(endpointId=fwGx, payload=com.google.android.gms.nearby.connection.Payload@b5af375)
07-05 16:59:16.700  6913  6913 V NearbyFragment: Started downloading SUMMARISE_SEGMENT:-8384101615149278716:20200312_195430!000.mp4:45.0_1.0_23_medium from Endpoint{id=fwGx, name=Galaxy S8 [2802]}
07-05 16:59:16.715  6913  6913 V NearbyFragment: Transfer to Endpoint{id=fwGx, name=Galaxy S8 [2802]} complete
07-05 16:59:16.735  6913  6913 D NearbyFragment: onPayloadReceived(endpointId=fwGx, payload=com.google.android.gms.nearby.connection.Payload@d657f0a)
07-05 16:59:20.181  6913  6913 V NearbyFragment: Transfer to Endpoint{id=fwGx, name=Galaxy S8 [2802]} complete
07-05 16:59:20.182  6913  6913 W NearbyFragment: Completed downloading 20200312_195430!000.mp4 from Endpoint{id=fwGx, name=Galaxy S8 [2802]} in 03.480s
07-05 16:59:20.194  6913  6913 V FileManager: External storage is readable
07-05 16:59:20.196  6913  6913 V FileManager: Created new directory: /storage/emulated/0/Movies/segment-sum/20200312_195430
07-05 16:59:20.196  6913  6913 D NearbyFragment: Summarising 20200312_195430!000.mp4
07-05 16:59:20.196  6913  6913 V VideoManager: Retrieving video from /storage/emulated/0/Download/Nearby/20200312_195430!000.mp4
07-05 16:59:20.206  6913  6913 D VideoManager: videoCursor is null
07-05 16:59:20.229  6913  6913 V VideoManager: videoFromCursor
07-05 16:59:20.232  6913  6913 V ProcessingVideosEventHandler: onAdd
07-05 16:59:20.232  6913  6913 V RawFootageEventHandler: onRemove
07-05 16:59:20.239  6913  6913 V NearbyFragment: Transfer to Endpoint{id=fwGx, name=Galaxy S8 [2802]} complete
07-05 16:59:20.250  6913  6913 D NearbyFragment: onPayloadReceived(endpointId=fwGx, payload=com.google.android.gms.nearby.connection.Payload@a6481d6)
07-05 16:59:20.250  6913  6913 V NearbyFragment: Started downloading SUMMARISE_SEGMENT:-4821065424532982577:20200312_195430!001.mp4:45.0_1.0_23_medium from Endpoint{id=fwGx, name=Galaxy S8 [2802]}
07-05 16:59:20.254  6913  6913 V NearbyFragment: Transfer to Endpoint{id=fwGx, name=Galaxy S8 [2802]} complete
07-05 16:59:20.271  6913  6913 D NearbyFragment: onPayloadReceived(endpointId=fwGx, payload=com.google.android.gms.nearby.connection.Payload@ddeac57)
07-05 16:59:23.638  6913  6913 V NearbyFragment: Transfer to Endpoint{id=fwGx, name=Galaxy S8 [2802]} complete
07-05 16:59:23.639  6913  6913 W NearbyFragment: Completed downloading 20200312_195430!001.mp4 from Endpoint{id=fwGx, name=Galaxy S8 [2802]} in 03.387s
07-05 16:59:23.647  6913  6913 V FileManager: External storage is readable
07-05 16:59:23.648  6913  6913 V FileManager: Directory already exists: /storage/emulated/0/Movies/segment-sum/20200312_195430
07-05 16:59:23.648  6913  6913 D NearbyFragment: Summarising 20200312_195430!001.mp4
07-05 16:59:23.649  6913  6913 V VideoManager: Retrieving video from /storage/emulated/0/Download/Nearby/20200312_195430!001.mp4
07-05 16:59:23.658  6913  6913 D VideoManager: videoCursor is null
07-05 16:59:23.683  6913  6913 V VideoManager: videoFromCursor
07-05 16:59:23.686  6913  6913 V ProcessingVideosEventHandler: onAdd
07-05 16:59:23.687  6913  6913 V RawFootageEventHandler: onRemove
07-05 16:59:23.692  6913  6913 V NearbyFragment: Transfer to Endpoint{id=fwGx, name=Galaxy S8 [2802]} complete
07-05 16:59:23.818  6913  6913 D NearbyFragment: onPayloadReceived(endpointId=fwGx, payload=com.google.android.gms.nearby.connection.Payload@5b7b6f3)
07-05 16:59:23.819  6913  6913 V NearbyFragment: Started downloading SUMMARISE_SEGMENT:-7554507788325145017:20200312_195430!002.mp4:45.0_1.0_23_medium from Endpoint{id=fwGx, name=Galaxy S8 [2802]}
07-05 16:59:23.826  6913  6913 V NearbyFragment: Transfer to Endpoint{id=fwGx, name=Galaxy S8 [2802]} complete
07-05 16:59:23.840  6913  6913 D NearbyFragment: onPayloadReceived(endpointId=fwGx, payload=com.google.android.gms.nearby.connection.Payload@be91fb0)
07-05 16:59:26.477  6913  6913 V NearbyFragment: Transfer to Endpoint{id=fwGx, name=Galaxy S8 [2802]} complete
07-05 16:59:26.477  6913  6913 W NearbyFragment: Completed downloading 20200312_195430!002.mp4 from Endpoint{id=fwGx, name=Galaxy S8 [2802]} in 02.657s
07-05 16:59:26.566  6913  6913 V FileManager: External storage is readable
07-05 16:59:26.566  6913  6913 V FileManager: Directory already exists: /storage/emulated/0/Movies/segment-sum/20200312_195430
07-05 16:59:26.566  6913  6913 D NearbyFragment: Summarising 20200312_195430!002.mp4
07-05 16:59:26.566  6913  6913 V VideoManager: Retrieving video from /storage/emulated/0/Download/Nearby/20200312_195430!002.mp4
07-05 16:59:26.574  6913  6913 D VideoManager: videoCursor is null
07-05 16:59:26.586  6913  7211 V FfmpegTools: Retrieving duration of /storage/emulated/0/Download/Nearby/20200312_193828!000.mp4
07-05 16:59:26.602  6913  6913 V VideoManager: videoFromCursor
07-05 16:59:26.605  6913  6913 V ProcessingVideosEventHandler: onAdd
07-05 16:59:26.606  6913  6913 V RawFootageEventHandler: onRemove
07-05 16:59:26.610  6913  6913 V NearbyFragment: Transfer to Endpoint{id=fwGx, name=Galaxy S8 [2802]} complete
07-05 16:59:26.611  6913  6913 D NearbyFragment: onPayloadReceived(endpointId=fwGx, payload=com.google.android.gms.nearby.connection.Payload@e9f5ae)
07-05 16:59:26.611  6913  6913 V NearbyFragment: Started downloading SUMMARISE_SEGMENT:-6116189018272534518:20200312_195430!003.mp4:45.0_1.0_23_medium from Endpoint{id=fwGx, name=Galaxy S8 [2802]}
07-05 16:59:26.613  6913  6913 V NearbyFragment: Transfer to Endpoint{id=fwGx, name=Galaxy S8 [2802]} complete
07-05 16:59:26.631  6913  6913 D NearbyFragment: onPayloadReceived(endpointId=fwGx, payload=com.google.android.gms.nearby.connection.Payload@2d0a3e5)
07-05 16:59:26.743  6913  7211 V FfmpegTools: Retrieving duration of /storage/emulated/0/Movies/segment-sum/20200312_193828/20200312_193828!000.mp4
07-05 16:59:26.831  6913  7211 W Summariser: Summarisation completed
07-05 16:59:26.831  6913  7211 W Summariser:   filename: 20200312_193828!000.mp4
07-05 16:59:26.831  6913  7211 W Summariser:   active sections: 1
07-05 16:59:26.831  6913  7211 W Summariser:   time: 101.126s
07-05 16:59:26.831  6913  7211 W Summariser:   original duration: 16.06
07-05 16:59:26.831  6913  7211 W Summariser:   summarised duration: 14.28
07-05 16:59:26.831  6913  7211 W Summariser:   noise tolerance: 45.00
07-05 16:59:26.831  6913  7211 W Summariser:   quality: 23
07-05 16:59:26.831  6913  7211 W Summariser:   speed: medium
07-05 16:59:26.831  6913  7211 W Summariser:   freeze duration: 1.00
07-05 16:59:26.832  6913  7211 V VideoManager: Retrieving video from /storage/emulated/0/Movies/segment-sum/20200312_193828/20200312_193828!000.mp4
07-05 16:59:26.842  6913  7211 D VideoManager: videoCursor is null
07-05 16:59:26.881  6913  7211 V VideoManager: videoFromCursor
07-05 16:59:26.884  6913  7211 W NearbyFragment: Sending 20200312_193828!000.mp4 to Galaxy S8 [2802]
07-05 16:59:26.889  6913  7211 V ProcessingVideosEventHandler: onRemove
07-05 16:59:26.902  6913  7211 V SummariserIntentService: onHandleIntent
07-05 16:59:26.903  6913  7211 D SummariserIntentService: Video{id='8123', data='/storage/emulated/0/Download/Nearby/20200312_193828!001.mp4', name='20200312_193828!001.mp4', size=16808370, visible=true, mimeType='video/mp4'}
07-05 16:59:26.903  6913  7211 D SummariserIntentService: /storage/emulated/0/Movies/segment-sum/20200312_193828/20200312_193828!001.mp4
07-05 16:59:26.907  6913  6913 V NearbyFragment: Transfer to Endpoint{id=fwGx, name=Galaxy S8 [2802]} complete
07-05 16:59:26.979  6913  6926 D SummariserIntentService: Scanned /storage/emulated/0/Movies/summarised
07-05 16:59:26.979  6913  6926 D SummariserIntentService:   -> uri=content://media/external/file/8045
07-05 16:59:27.295  6913  7140 W mobile-ffmpeg: [graph 0 input from stream 0:0 @ 0x78e3233f80] sws_param option is deprecated and ignored
07-05 16:59:27.584  6913  6913 V NearbyFragment: Transfer to Endpoint{id=fwGx, name=Galaxy S8 [2802]} complete
07-05 16:59:31.788  6913  6913 V NearbyFragment: Transfer to Endpoint{id=fwGx, name=Galaxy S8 [2802]} complete
07-05 16:59:31.789  6913  6913 W NearbyFragment: Completed downloading 20200312_195430!003.mp4 from Endpoint{id=fwGx, name=Galaxy S8 [2802]} in 05.176s
07-05 16:59:31.924  6913  6913 V FileManager: External storage is readable
07-05 16:59:31.925  6913  6913 V FileManager: Directory already exists: /storage/emulated/0/Movies/segment-sum/20200312_195430
07-05 16:59:31.925  6913  6913 D NearbyFragment: Summarising 20200312_195430!003.mp4
07-05 16:59:31.926  6913  6913 V VideoManager: Retrieving video from /storage/emulated/0/Download/Nearby/20200312_195430!003.mp4
07-05 16:59:31.935  6913  6913 D VideoManager: videoCursor is null
07-05 16:59:31.975  6913  6913 V VideoManager: videoFromCursor
07-05 16:59:31.978  6913  6913 V ProcessingVideosEventHandler: onAdd
07-05 16:59:31.979  6913  6913 V RawFootageEventHandler: onRemove
07-05 16:59:31.983  6913  6913 V NearbyFragment: Transfer to Endpoint{id=fwGx, name=Galaxy S8 [2802]} complete
07-05 16:59:36.690  6913  7211 W Summariser: No activity detected
07-05 16:59:36.692  6913  7211 V FfmpegTools: Retrieving duration of /storage/emulated/0/Download/Nearby/20200312_193828!001.mp4
07-05 16:59:36.845  6913  7211 W Summariser: Summarisation completed
07-05 16:59:36.845  6913  7211 W Summariser:   filename: 20200312_193828!001.mp4
07-05 16:59:36.845  6913  7211 W Summariser:   active sections: 0
07-05 16:59:36.845  6913  7211 W Summariser:   time: 09.788s
07-05 16:59:36.845  6913  7211 W Summariser:   original duration: 16.01
07-05 16:59:36.845  6913  7211 W Summariser:   summarised duration: -1.00
07-05 16:59:36.845  6913  7211 W Summariser:   noise tolerance: 45.00
07-05 16:59:36.845  6913  7211 W Summariser:   quality: 23
07-05 16:59:36.845  6913  7211 W Summariser:   speed: medium
07-05 16:59:36.845  6913  7211 W Summariser:   freeze duration: 1.00
07-05 16:59:36.849  6913  7211 V ProcessingVideosEventHandler: onRemove
07-05 16:59:36.864  6913  7211 V SummariserIntentService: onHandleIntent
07-05 16:59:36.867  6913  7211 D SummariserIntentService: Video{id='8124', data='/storage/emulated/0/Download/Nearby/20200312_193828!002.mp4', name='20200312_193828!002.mp4', size=16949349, visible=true, mimeType='video/mp4'}
07-05 16:59:36.867  6913  7211 D SummariserIntentService: /storage/emulated/0/Movies/segment-sum/20200312_193828/20200312_193828!002.mp4
07-05 16:59:36.880  6913  6913 V NearbyFragment: Transfer to Endpoint{id=fwGx, name=Galaxy S8 [2802]} complete
07-05 16:59:36.937  6913  6937 D SummariserIntentService: Scanned /storage/emulated/0/Movies/summarised
07-05 16:59:36.937  6913  6937 D SummariserIntentService:   -> uri=content://media/external/file/8045
07-05 16:59:37.124  6913  7140 W mobile-ffmpeg: [graph 0 input from stream 0:0 @ 0x78e3233f80] sws_param option is deprecated and ignored
07-05 16:59:45.224  6913  7211 W Summariser: No activity detected
07-05 16:59:45.227  6913  7211 V FfmpegTools: Retrieving duration of /storage/emulated/0/Download/Nearby/20200312_193828!002.mp4
07-05 16:59:45.381  6913  7211 W Summariser: Summarisation completed
07-05 16:59:45.381  6913  7211 W Summariser:   filename: 20200312_193828!002.mp4
07-05 16:59:45.381  6913  7211 W Summariser:   active sections: 0
07-05 16:59:45.381  6913  7211 W Summariser:   time: 08.358s
07-05 16:59:45.381  6913  7211 W Summariser:   original duration: 16.01
07-05 16:59:45.381  6913  7211 W Summariser:   summarised duration: -1.00
07-05 16:59:45.381  6913  7211 W Summariser:   noise tolerance: 45.00
07-05 16:59:45.381  6913  7211 W Summariser:   quality: 23
07-05 16:59:45.381  6913  7211 W Summariser:   speed: medium
07-05 16:59:45.381  6913  7211 W Summariser:   freeze duration: 1.00
07-05 16:59:45.384  6913  7211 V ProcessingVideosEventHandler: onRemove
07-05 16:59:45.400  6913  7211 V SummariserIntentService: onHandleIntent
07-05 16:59:45.401  6913  7211 D SummariserIntentService: Video{id='8125', data='/storage/emulated/0/Download/Nearby/20200312_193828!003.mp4', name='20200312_193828!003.mp4', size=12614741, visible=true, mimeType='video/mp4'}
07-05 16:59:45.401  6913  7211 D SummariserIntentService: /storage/emulated/0/Movies/segment-sum/20200312_193828/20200312_193828!003.mp4
07-05 16:59:45.410  6913  6913 V NearbyFragment: Transfer to Endpoint{id=fwGx, name=Galaxy S8 [2802]} complete
07-05 16:59:45.437  6913  6925 D SummariserIntentService: Scanned /storage/emulated/0/Movies/summarised
07-05 16:59:45.437  6913  6925 D SummariserIntentService:   -> uri=content://media/external/file/8045
07-05 16:59:45.593  6913  7140 W mobile-ffmpeg: [graph 0 input from stream 0:0 @ 0x78e3233f80] sws_param option is deprecated and ignored
07-05 16:59:51.709  6913  7211 W Summariser: No activity detected
07-05 16:59:51.711  6913  7211 V FfmpegTools: Retrieving duration of /storage/emulated/0/Download/Nearby/20200312_193828!003.mp4
07-05 16:59:51.814  6913  7211 W Summariser: Summarisation completed
07-05 16:59:51.814  6913  7211 W Summariser:   filename: 20200312_193828!003.mp4
07-05 16:59:51.814  6913  7211 W Summariser:   active sections: 0
07-05 16:59:51.814  6913  7211 W Summariser:   time: 06.307s
07-05 16:59:51.814  6913  7211 W Summariser:   original duration: 12.01
07-05 16:59:51.814  6913  7211 W Summariser:   summarised duration: -1.00
07-05 16:59:51.814  6913  7211 W Summariser:   noise tolerance: 45.00
07-05 16:59:51.814  6913  7211 W Summariser:   quality: 23
07-05 16:59:51.814  6913  7211 W Summariser:   speed: medium
07-05 16:59:51.814  6913  7211 W Summariser:   freeze duration: 1.00
07-05 16:59:51.817  6913  7211 V ProcessingVideosEventHandler: onRemove
07-05 16:59:51.835  6913  7211 V SummariserIntentService: onHandleIntent
07-05 16:59:51.837  6913  7211 D SummariserIntentService: Video{id='8126', data='/storage/emulated/0/Download/Nearby/20200312_193928!000.mp4', name='20200312_193928!000.mp4', size=17599188, visible=true, mimeType='video/mp4'}
07-05 16:59:51.837  6913  7211 D SummariserIntentService: /storage/emulated/0/Movies/segment-sum/20200312_193928/20200312_193928!000.mp4
07-05 16:59:51.841  6913  6913 V NearbyFragment: Transfer to Endpoint{id=fwGx, name=Galaxy S8 [2802]} complete
07-05 16:59:51.869  6913  6925 D SummariserIntentService: Scanned /storage/emulated/0/Movies/summarised
07-05 16:59:51.869  6913  6925 D SummariserIntentService:   -> uri=content://media/external/file/8045
07-05 16:59:52.031  6913  7140 W mobile-ffmpeg: [graph 0 input from stream 0:0 @ 0x78e3233f80] sws_param option is deprecated and ignored
07-05 16:59:59.836  6913  7211 W Summariser: No activity detected
07-05 16:59:59.838  6913  7211 V FfmpegTools: Retrieving duration of /storage/emulated/0/Download/Nearby/20200312_193928!000.mp4
07-05 16:59:59.950  6913  7211 W Summariser: Summarisation completed
07-05 16:59:59.950  6913  7211 W Summariser:   filename: 20200312_193928!000.mp4
07-05 16:59:59.950  6913  7211 W Summariser:   active sections: 0
07-05 16:59:59.950  6913  7211 W Summariser:   time: 07.999s
07-05 16:59:59.950  6913  7211 W Summariser:   original duration: 16.90
07-05 16:59:59.950  6913  7211 W Summariser:   summarised duration: -1.00
07-05 16:59:59.950  6913  7211 W Summariser:   noise tolerance: 45.00
07-05 16:59:59.950  6913  7211 W Summariser:   quality: 23
07-05 16:59:59.950  6913  7211 W Summariser:   speed: medium
07-05 16:59:59.950  6913  7211 W Summariser:   freeze duration: 1.00
07-05 16:59:59.953  6913  7211 V ProcessingVideosEventHandler: onRemove
07-05 16:59:59.982  6913  7211 V SummariserIntentService: onHandleIntent
07-05 16:59:59.987  6913  7211 D SummariserIntentService: Video{id='8127', data='/storage/emulated/0/Download/Nearby/20200312_193928!001.mp4', name='20200312_193928!001.mp4', size=16838735, visible=true, mimeType='video/mp4'}
07-05 16:59:59.987  6913  7211 D SummariserIntentService: /storage/emulated/0/Movies/segment-sum/20200312_193928/20200312_193928!001.mp4
07-05 16:59:59.990  6913  6913 V NearbyFragment: Transfer to Endpoint{id=fwGx, name=Galaxy S8 [2802]} complete
07-05 17:00:00.111  6913  6937 D SummariserIntentService: Scanned /storage/emulated/0/Movies/summarised
07-05 17:00:00.111  6913  6937 D SummariserIntentService:   -> uri=content://media/external/file/8045
07-05 17:00:00.263  6913  7140 W mobile-ffmpeg: [graph 0 input from stream 0:0 @ 0x78e3233f80] sws_param option is deprecated and ignored
07-05 17:00:08.222  6913  7211 W Summariser: No activity detected
07-05 17:00:08.224  6913  7211 V FfmpegTools: Retrieving duration of /storage/emulated/0/Download/Nearby/20200312_193928!001.mp4
07-05 17:00:08.396  6913  7211 W Summariser: Summarisation completed
07-05 17:00:08.396  6913  7211 W Summariser:   filename: 20200312_193928!001.mp4
07-05 17:00:08.396  6913  7211 W Summariser:   active sections: 0
07-05 17:00:08.396  6913  7211 W Summariser:   time: 08.237s
07-05 17:00:08.396  6913  7211 W Summariser:   original duration: 16.05
07-05 17:00:08.396  6913  7211 W Summariser:   summarised duration: -1.00
07-05 17:00:08.396  6913  7211 W Summariser:   noise tolerance: 45.00
07-05 17:00:08.396  6913  7211 W Summariser:   quality: 23
07-05 17:00:08.396  6913  7211 W Summariser:   speed: medium
07-05 17:00:08.396  6913  7211 W Summariser:   freeze duration: 1.00
07-05 17:00:08.399  6913  7211 V ProcessingVideosEventHandler: onRemove
07-05 17:00:08.413  6913  7211 V SummariserIntentService: onHandleIntent
07-05 17:00:08.414  6913  7211 D SummariserIntentService: Video{id='8128', data='/storage/emulated/0/Download/Nearby/20200312_193928!002.mp4', name='20200312_193928!002.mp4', size=16869633, visible=true, mimeType='video/mp4'}
07-05 17:00:08.414  6913  7211 D SummariserIntentService: /storage/emulated/0/Movies/segment-sum/20200312_193928/20200312_193928!002.mp4
07-05 17:00:08.423  6913  6913 V NearbyFragment: Transfer to Endpoint{id=fwGx, name=Galaxy S8 [2802]} complete
07-05 17:00:08.569  6913  7892 D SummariserIntentService: Scanned /storage/emulated/0/Movies/summarised
07-05 17:00:08.569  6913  7892 D SummariserIntentService:   -> uri=content://media/external/file/8045
07-05 17:00:08.612  6913  7140 W mobile-ffmpeg: [graph 0 input from stream 0:0 @ 0x78e3233f80] sws_param option is deprecated and ignored
07-05 17:00:16.694  6913  7211 W Summariser: No activity detected
07-05 17:00:16.696  6913  7211 V FfmpegTools: Retrieving duration of /storage/emulated/0/Download/Nearby/20200312_193928!002.mp4
07-05 17:00:16.799  6913  7211 W Summariser: Summarisation completed
07-05 17:00:16.799  6913  7211 W Summariser:   filename: 20200312_193928!002.mp4
07-05 17:00:16.799  6913  7211 W Summariser:   active sections: 0
07-05 17:00:16.799  6913  7211 W Summariser:   time: 08.280s
07-05 17:00:16.799  6913  7211 W Summariser:   original duration: 16.06
07-05 17:00:16.799  6913  7211 W Summariser:   summarised duration: -1.00
07-05 17:00:16.799  6913  7211 W Summariser:   noise tolerance: 45.00
07-05 17:00:16.799  6913  7211 W Summariser:   quality: 23
07-05 17:00:16.799  6913  7211 W Summariser:   speed: medium
07-05 17:00:16.799  6913  7211 W Summariser:   freeze duration: 1.00
07-05 17:00:16.802  6913  7211 V ProcessingVideosEventHandler: onRemove
07-05 17:00:16.816  6913  7211 V SummariserIntentService: onHandleIntent
07-05 17:00:16.817  6913  7211 D SummariserIntentService: Video{id='8129', data='/storage/emulated/0/Download/Nearby/20200312_193928!003.mp4', name='20200312_193928!003.mp4', size=12686780, visible=true, mimeType='video/mp4'}
07-05 17:00:16.817  6913  7211 D SummariserIntentService: /storage/emulated/0/Movies/segment-sum/20200312_193928/20200312_193928!003.mp4
07-05 17:00:16.834  6913  6913 V NearbyFragment: Transfer to Endpoint{id=fwGx, name=Galaxy S8 [2802]} complete
07-05 17:00:16.848  6913  6925 D SummariserIntentService: Scanned /storage/emulated/0/Movies/summarised
07-05 17:00:16.848  6913  6925 D SummariserIntentService:   -> uri=content://media/external/file/8045
07-05 17:00:17.048  6913  7140 W mobile-ffmpeg: [graph 0 input from stream 0:0 @ 0x78e3233f80] sws_param option is deprecated and ignored
07-05 17:00:23.085  6913  7211 W Summariser: No activity detected
07-05 17:00:23.087  6913  7211 V FfmpegTools: Retrieving duration of /storage/emulated/0/Download/Nearby/20200312_193928!003.mp4
07-05 17:00:23.241  6913  7211 W Summariser: Summarisation completed
07-05 17:00:23.241  6913  7211 W Summariser:   filename: 20200312_193928!003.mp4
07-05 17:00:23.241  6913  7211 W Summariser:   active sections: 0
07-05 17:00:23.241  6913  7211 W Summariser:   time: 06.267s
07-05 17:00:23.241  6913  7211 W Summariser:   original duration: 12.01
07-05 17:00:23.241  6913  7211 W Summariser:   summarised duration: -1.00
07-05 17:00:23.241  6913  7211 W Summariser:   noise tolerance: 45.00
07-05 17:00:23.241  6913  7211 W Summariser:   quality: 23
07-05 17:00:23.241  6913  7211 W Summariser:   speed: medium
07-05 17:00:23.241  6913  7211 W Summariser:   freeze duration: 1.00
07-05 17:00:23.244  6913  7211 V ProcessingVideosEventHandler: onRemove
07-05 17:00:23.260  6913  7211 V SummariserIntentService: onHandleIntent
07-05 17:00:23.261  6913  7211 D SummariserIntentService: Video{id='8130', data='/storage/emulated/0/Download/Nearby/20200312_194129!000.mp4', name='20200312_194129!000.mp4', size=16878473, visible=true, mimeType='video/mp4'}
07-05 17:00:23.261  6913  7211 D SummariserIntentService: /storage/emulated/0/Movies/segment-sum/20200312_194129/20200312_194129!000.mp4
07-05 17:00:23.266  6913  6913 V NearbyFragment: Transfer to Endpoint{id=fwGx, name=Galaxy S8 [2802]} complete
07-05 17:00:23.295  6913  6936 D SummariserIntentService: Scanned /storage/emulated/0/Movies/summarised
07-05 17:00:23.295  6913  6936 D SummariserIntentService:   -> uri=content://media/external/file/8045
07-05 17:00:23.451  6913  7140 W mobile-ffmpeg: [graph 0 input from stream 0:0 @ 0x78e3233f80] sws_param option is deprecated and ignored
07-05 17:00:31.553  6913  7211 W Summariser: No activity detected
07-05 17:00:31.555  6913  7211 V FfmpegTools: Retrieving duration of /storage/emulated/0/Download/Nearby/20200312_194129!000.mp4
07-05 17:00:31.644  6913  7211 W Summariser: Summarisation completed
07-05 17:00:31.644  6913  7211 W Summariser:   filename: 20200312_194129!000.mp4
07-05 17:00:31.644  6913  7211 W Summariser:   active sections: 0
07-05 17:00:31.644  6913  7211 W Summariser:   time: 08.292s
07-05 17:00:31.644  6913  7211 W Summariser:   original duration: 16.07
07-05 17:00:31.644  6913  7211 W Summariser:   summarised duration: -1.00
07-05 17:00:31.644  6913  7211 W Summariser:   noise tolerance: 45.00
07-05 17:00:31.644  6913  7211 W Summariser:   quality: 23
07-05 17:00:31.644  6913  7211 W Summariser:   speed: medium
07-05 17:00:31.644  6913  7211 W Summariser:   freeze duration: 1.00
07-05 17:00:31.649  6913  7211 V ProcessingVideosEventHandler: onRemove
07-05 17:00:31.667  6913  7211 V SummariserIntentService: onHandleIntent
07-05 17:00:31.669  6913  7211 D SummariserIntentService: Video{id='8131', data='/storage/emulated/0/Download/Nearby/20200312_194129!001.mp4', name='20200312_194129!001.mp4', size=16870868, visible=true, mimeType='video/mp4'}
07-05 17:00:31.669  6913  7211 D SummariserIntentService: /storage/emulated/0/Movies/segment-sum/20200312_194129/20200312_194129!001.mp4
07-05 17:00:31.670  6913  6913 V NearbyFragment: Transfer to Endpoint{id=fwGx, name=Galaxy S8 [2802]} complete
07-05 17:00:31.705  6913  6937 D SummariserIntentService: Scanned /storage/emulated/0/Movies/summarised
07-05 17:00:31.705  6913  6937 D SummariserIntentService:   -> uri=content://media/external/file/8045
07-05 17:00:31.902  6913  7140 W mobile-ffmpeg: [graph 0 input from stream 0:0 @ 0x78e3233f80] sws_param option is deprecated and ignored
07-05 17:00:40.051  6913  7211 V FfmpegTools: Retrieving duration of /storage/emulated/0/Download/Nearby/20200312_194129!001.mp4
07-05 17:00:40.208  6913  7211 W Summariser: 1 active sections found
07-05 17:00:40.209  6913  7211 I FfmpegTools: Running ffmpeg with:
07-05 17:00:40.209  6913  7211 I FfmpegTools:   -y -i /storage/emulated/0/Download/Nearby/20200312_194129!001.mp4 -filter_complex [0:v]trim=13.112000:16.020000,setpts=PTS-STARTPTS[v0];[0:a]atrim=13.112000:16.020000,asetpts=PTS-STARTPTS[a0];[v0][a0]concat=n=1:v=1:a=1[outv][outa] -map [outv] -map [outa] -crf 23 -preset medium /storage/emulated/0/Movies/segment-sum/20200312_194129/20200312_194129!001.mp4
07-05 17:00:40.451  6913  7140 W mobile-ffmpeg: [graph 0 input from stream 0:0 @ 0x78e3233ec0] sws_param option is deprecated and ignored
07-05 17:01:00.660  6913  7211 V FfmpegTools: Retrieving duration of /storage/emulated/0/Download/Nearby/20200312_194129!001.mp4
07-05 17:01:00.816  6913  7211 V FfmpegTools: Retrieving duration of /storage/emulated/0/Movies/segment-sum/20200312_194129/20200312_194129!001.mp4
07-05 17:01:00.890  6913  7211 W Summariser: Summarisation completed
07-05 17:01:00.890  6913  7211 W Summariser:   filename: 20200312_194129!001.mp4
07-05 17:01:00.890  6913  7211 W Summariser:   active sections: 1
07-05 17:01:00.890  6913  7211 W Summariser:   time: 28.989s
07-05 17:01:00.890  6913  7211 W Summariser:   original duration: 16.02
07-05 17:01:00.890  6913  7211 W Summariser:   summarised duration: 2.97
07-05 17:01:00.890  6913  7211 W Summariser:   noise tolerance: 45.00
07-05 17:01:00.890  6913  7211 W Summariser:   quality: 23
07-05 17:01:00.890  6913  7211 W Summariser:   speed: medium
07-05 17:01:00.890  6913  7211 W Summariser:   freeze duration: 1.00
07-05 17:01:00.891  6913  7211 V VideoManager: Retrieving video from /storage/emulated/0/Movies/segment-sum/20200312_194129/20200312_194129!001.mp4
07-05 17:01:00.908  6913  7211 D VideoManager: videoCursor is null
07-05 17:01:00.943  6913  7211 V VideoManager: videoFromCursor
07-05 17:01:00.949  6913  7211 W NearbyFragment: Sending 20200312_194129!001.mp4 to Galaxy S8 [2802]
07-05 17:01:00.954  6913  7211 V ProcessingVideosEventHandler: onRemove
07-05 17:01:00.964  6913  7211 V SummariserIntentService: onHandleIntent
07-05 17:01:00.966  6913  7211 D SummariserIntentService: Video{id='8132', data='/storage/emulated/0/Download/Nearby/20200312_194129!002.mp4', name='20200312_194129!002.mp4', size=16799769, visible=true, mimeType='video/mp4'}
07-05 17:01:00.966  6913  7211 D SummariserIntentService: /storage/emulated/0/Movies/segment-sum/20200312_194129/20200312_194129!002.mp4
07-05 17:01:00.982  6913  6913 V NearbyFragment: Transfer to Endpoint{id=fwGx, name=Galaxy S8 [2802]} complete
07-05 17:01:01.019  6913  6913 V NearbyFragment: Transfer to Endpoint{id=fwGx, name=Galaxy S8 [2802]} complete
07-05 17:01:01.024  6913  7451 D SummariserIntentService: Scanned /storage/emulated/0/Movies/summarised
07-05 17:01:01.024  6913  7451 D SummariserIntentService:   -> uri=content://media/external/file/8045
07-05 17:01:01.210  6913  7140 W mobile-ffmpeg: [graph 0 input from stream 0:0 @ 0x78e3234040] sws_param option is deprecated and ignored
07-05 17:01:09.482  6913  7211 W Summariser: 1 active sections found
07-05 17:01:09.482  6913  7211 I FfmpegTools: Running ffmpeg with:
07-05 17:01:09.482  6913  7211 I FfmpegTools:   -y -i /storage/emulated/0/Download/Nearby/20200312_194129!002.mp4 -filter_complex [0:v]trim=0.000000:7.339000,setpts=PTS-STARTPTS[v0];[0:a]atrim=0.000000:7.339000,asetpts=PTS-STARTPTS[a0];[v0][a0]concat=n=1:v=1:a=1[outv][outa] -map [outv] -map [outa] -crf 23 -preset medium /storage/emulated/0/Movies/segment-sum/20200312_194129/20200312_194129!002.mp4
07-05 17:01:09.726  6913  7140 W mobile-ffmpeg: [graph 0 input from stream 0:0 @ 0x78e3233ec0] sws_param option is deprecated and ignored
07-05 17:01:46.773  6913  7211 V FfmpegTools: Retrieving duration of /storage/emulated/0/Download/Nearby/20200312_194129!002.mp4
07-05 17:01:46.930  6913  7211 V FfmpegTools: Retrieving duration of /storage/emulated/0/Movies/segment-sum/20200312_194129/20200312_194129!002.mp4
07-05 17:01:47.004  6913  7211 W Summariser: Summarisation completed
07-05 17:01:47.004  6913  7211 W Summariser:   filename: 20200312_194129!002.mp4
07-05 17:01:47.004  6913  7211 W Summariser:   active sections: 1
07-05 17:01:47.004  6913  7211 W Summariser:   time: 45.805s
07-05 17:01:47.004  6913  7211 W Summariser:   original duration: 16.01
07-05 17:01:47.004  6913  7211 W Summariser:   summarised duration: 7.37
07-05 17:01:47.004  6913  7211 W Summariser:   noise tolerance: 45.00
07-05 17:01:47.004  6913  7211 W Summariser:   quality: 23
07-05 17:01:47.004  6913  7211 W Summariser:   speed: medium
07-05 17:01:47.004  6913  7211 W Summariser:   freeze duration: 1.00
07-05 17:01:47.005  6913  7211 V VideoManager: Retrieving video from /storage/emulated/0/Movies/segment-sum/20200312_194129/20200312_194129!002.mp4
07-05 17:01:47.030  6913  7211 D VideoManager: videoCursor is null
07-05 17:01:47.067  6913  7211 V VideoManager: videoFromCursor
07-05 17:01:47.073  6913  7211 W NearbyFragment: Sending 20200312_194129!002.mp4 to Galaxy S8 [2802]
07-05 17:01:47.078  6913  7211 V ProcessingVideosEventHandler: onRemove
07-05 17:01:47.087  6913  7211 V SummariserIntentService: onHandleIntent
07-05 17:01:47.088  6913  7211 D SummariserIntentService: Video{id='8133', data='/storage/emulated/0/Download/Nearby/20200312_194129!003.mp4', name='20200312_194129!003.mp4', size=12644882, visible=true, mimeType='video/mp4'}
07-05 17:01:47.088  6913  7211 D SummariserIntentService: /storage/emulated/0/Movies/segment-sum/20200312_194129/20200312_194129!003.mp4
07-05 17:01:47.123  6913  6913 V NearbyFragment: Transfer to Endpoint{id=fwGx, name=Galaxy S8 [2802]} complete
07-05 17:01:47.148  6913  6936 D SummariserIntentService: Scanned /storage/emulated/0/Movies/summarised
07-05 17:01:47.148  6913  6936 D SummariserIntentService:   -> uri=content://media/external/file/8045
07-05 17:01:47.296  6913  7140 W mobile-ffmpeg: [graph 0 input from stream 0:0 @ 0x78e3234040] sws_param option is deprecated and ignored
07-05 17:01:47.306  6913  6913 V NearbyFragment: Transfer to Endpoint{id=fwGx, name=Galaxy S8 [2802]} complete
07-05 17:01:53.392  6913  7211 W Summariser: 1 active sections found
07-05 17:01:53.393  6913  7211 I FfmpegTools: Running ffmpeg with:
07-05 17:01:53.393  6913  7211 I FfmpegTools:   -y -i /storage/emulated/0/Download/Nearby/20200312_194129!003.mp4 -filter_complex [0:v]trim=1.868000:2.502000,setpts=PTS-STARTPTS[v0];[0:a]atrim=1.868000:2.502000,asetpts=PTS-STARTPTS[a0];[v0][a0]concat=n=1:v=1:a=1[outv][outa] -map [outv] -map [outa] -crf 23 -preset medium /storage/emulated/0/Movies/segment-sum/20200312_194129/20200312_194129!003.mp4
07-05 17:01:53.576  6913  7140 W mobile-ffmpeg: [graph 0 input from stream 0:0 @ 0x78e3233ec0] sws_param option is deprecated and ignored
07-05 17:01:57.701  6913  7211 V FfmpegTools: Retrieving duration of /storage/emulated/0/Download/Nearby/20200312_194129!003.mp4
07-05 17:01:57.806  6913  7211 V FfmpegTools: Retrieving duration of /storage/emulated/0/Movies/segment-sum/20200312_194129/20200312_194129!003.mp4
07-05 17:01:57.881  6913  7211 W Summariser: Summarisation completed
07-05 17:01:57.881  6913  7211 W Summariser:   filename: 20200312_194129!003.mp4
