07-05 16:56:52.837 22898 23769 I mobile-ffmpeg:       creation_time   : 
07-05 16:56:52.837 22898 23769 I mobile-ffmpeg: 2020-03-12T08:48:29.000000Z
07-05 16:56:52.837 22898 23769 I mobile-ffmpeg: 
07-05 16:56:52.837 22898 23769 I mobile-ffmpeg:       handler_name    : 
07-05 16:56:52.837 22898 23769 I mobile-ffmpeg: PittaSoft Sound Media Handler
07-05 16:56:52.837 22898 23769 I mobile-ffmpeg: 
07-05 16:56:52.837 22898 23769 I mobile-ffmpeg: Stream mapping:
07-05 16:56:52.837 22898 23769 I mobile-ffmpeg:   Stream #0:0 -> #0:0
07-05 16:56:52.837 22898 23769 I mobile-ffmpeg:  (copy)
07-05 16:56:52.837 22898 23769 I mobile-ffmpeg: 
07-05 16:56:52.837 22898 23769 I mobile-ffmpeg:   Stream #0:1 -> #0:1
07-05 16:56:52.837 22898 23769 I mobile-ffmpeg:  (copy)
07-05 16:56:52.837 22898 23769 I mobile-ffmpeg: 
07-05 16:56:52.837 22898 23769 I mobile-ffmpeg: Press [q] to stop, [?] for help
07-05 16:56:52.838 22898 23769 I mobile-ffmpeg: frame=    1 fps=0.0 q=-1.0 size=N/A time=00:00:00.00 bitrate=N/A speed=  63x    
07-05 16:56:52.921 22898 23769 I mobile-ffmpeg: [segment @ 0x779b2f8800] Opening '/storage/emulated/0/Movies/segment/20200312_194730/20200312_194730!001.mp4' for writing
07-05 16:56:52.992 22898 23769 I mobile-ffmpeg: [segment @ 0x779b2f8800] Opening '/storage/emulated/0/Movies/segment/20200312_194730/20200312_194730!002.mp4' for writing
07-05 16:56:53.046 22898 23769 I mobile-ffmpeg: [segment @ 0x779b2f8800] Opening '/storage/emulated/0/Movies/segment/20200312_194730/20200312_194730!003.mp4' for writing
07-05 16:56:53.086 22898 23769 I mobile-ffmpeg: frame= 1800 fps=0.0 q=-1.0 Lsize=N/A time=00:01:00.03 bitrate=N/A speed= 241x    
07-05 16:56:53.086 22898 23769 I mobile-ffmpeg: video:61435kB audio:346kB subtitle:0kB other streams:0kB global headers:0kB muxing overhead: 
07-05 16:56:53.086 22898 23769 I mobile-ffmpeg: unknown
07-05 16:56:53.086 22898 23769 I mobile-ffmpeg: 
07-05 16:56:53.099 22898 23662 V FileManager: External storage is readable
07-05 16:56:53.099 22898 23662 V FileManager: Directory already exists: /storage/emulated/0/Movies/segment/20200312_194730
07-05 16:56:53.099 22898 23662 V VideoManager: Retrieving videos from /storage/emulated/0/Movies/segment/20200312_194730
07-05 16:56:53.100 22898 23662 V VideoManager: Retrieving video from /storage/emulated/0/Movies/segment/20200312_194730/20200312_194730!000.mp4
07-05 16:56:53.107 22898 23662 D VideoManager: videoCursor is null
07-05 16:56:54.137 22898 23662 V VideoManager: videoFromCursor
07-05 16:56:54.142 22898 23662 V VideoManager: Retrieving video from /storage/emulated/0/Movies/segment/20200312_194730/20200312_194730!001.mp4
07-05 16:56:54.156 22898 23662 D VideoManager: videoCursor is null
07-05 16:56:54.219 22898 23662 V VideoManager: videoFromCursor
07-05 16:56:54.224 22898 23662 V VideoManager: Retrieving video from /storage/emulated/0/Movies/segment/20200312_194730/20200312_194730!002.mp4
07-05 16:56:54.243 22898 23662 D VideoManager: videoCursor is null
07-05 16:56:54.294 22898 23662 V VideoManager: videoFromCursor
07-05 16:56:54.299 22898 23662 V VideoManager: Retrieving video from /storage/emulated/0/Movies/segment/20200312_194730/20200312_194730!003.mp4
07-05 16:56:54.312 22898 23662 D VideoManager: videoCursor is null
07-05 16:56:54.359 22898 23662 V VideoManager: videoFromCursor
07-05 16:56:54.369 22898 23662 V NearbyFragment: nextTransfer with selected algorithm: best
07-05 16:56:54.374 22898 23662 W NearbyFragment: Sending 20200312_194730!000.mp4 to Nexus 5X [34d8]
07-05 16:56:54.434 22898 22898 V NearbyFragment: Transfer to Endpoint{id=09sQ, name=Nexus 5X [34d8]} complete
07-05 16:56:55.381 22898 23662 V DownloadTestVideosTask: Starting DownloadTestVideosTask
07-05 16:56:55.384 22898 23662 V DashDownloadManager: Started downloading: 20200312_194830.mp4
07-05 16:56:55.389 22898 23662 I System.out: (HTTPLog)-Static: isSBSettingEnabled false
07-05 16:56:55.389 22898 23662 I System.out: (HTTPLog)-Static: isSBSettingEnabled false
07-05 16:56:55.411 22898 23662 I System.out: (HTTPLog)-Thread-1670-218427334: getTransferStream : ContentLength=69990400, method=GET, HTTPVersion=http/1.1
07-05 16:56:58.697 22898 22898 V NearbyFragment: Transfer to Endpoint{id=09sQ, name=Nexus 5X [34d8]} complete
07-05 16:56:58.962 22898 22898 D NearbyFragment: onPayloadReceived(endpointId=09sQ, payload=com.google.android.gms.nearby.connection.Payload@54c9b87)
07-05 16:56:58.962 22898 22898 D NearbyFragment: Endpoint{id=09sQ, name=Nexus 5X [34d8]} has finished downloading 20200312_194730!000.mp4
07-05 16:56:58.963 22898 22898 V NearbyFragment: nextTransfer with selected algorithm: best
07-05 16:56:58.964 22898 22898 W NearbyFragment: Sending 20200312_194730!001.mp4 to Nexus 5X [34d8]
07-05 16:56:58.977 22898 22898 V NearbyFragment: Transfer to Endpoint{id=09sQ, name=Nexus 5X [34d8]} complete
07-05 16:56:59.005 22898 22898 V NearbyFragment: Transfer to Endpoint{id=09sQ, name=Nexus 5X [34d8]} complete
07-05 16:57:01.929 22898 22898 D NearbyFragment: onPayloadReceived(endpointId=09sQ, payload=com.google.android.gms.nearby.connection.Payload@9504252)
07-05 16:57:01.930 22898 22898 V NearbyFragment: Started downloading 20200312_193628!003.mp4 from Endpoint{id=09sQ, name=Nexus 5X [34d8]}
07-05 16:57:01.931 22898 22898 V NearbyFragment: nextTransfer with selected algorithm: best
07-05 16:57:01.932 22898 22898 W NearbyFragment: Sending 20200312_194730!002.mp4 to Nexus 5X [34d8]
07-05 16:57:01.956 22898 22898 V NearbyFragment: Transfer to Endpoint{id=09sQ, name=Nexus 5X [34d8]} complete
07-05 16:57:01.956 22898 22898 V NearbyFragment: Transfer to Endpoint{id=09sQ, name=Nexus 5X [34d8]} complete
07-05 16:57:03.254 22898 22898 D NearbyFragment: onPayloadReceived(endpointId=09sQ, payload=com.google.android.gms.nearby.connection.Payload@f8143d9)
07-05 16:57:05.310 22898 22898 V NearbyFragment: Transfer to Endpoint{id=09sQ, name=Nexus 5X [34d8]} complete
07-05 16:57:07.965 22898 22898 V NearbyFragment: Transfer to Endpoint{id=09sQ, name=Nexus 5X [34d8]} complete
07-05 16:57:07.966 22898 22898 W NearbyFragment: Completed downloading 20200312_193628!003.mp4 from Endpoint{id=09sQ, name=Nexus 5X [34d8]} in 06.036s
07-05 16:57:07.970 22898 22898 V FileManager: External storage is readable
07-05 16:57:07.973 22898 22898 V FileManager: Created new directory: /storage/emulated/0/Movies/segment-sum/20200312_193628
07-05 16:57:08.022 22898 22898 D NearbyFragment: Received all summarised video segments of 20200312_193628
07-05 16:57:08.024 22898 22898 V FileManager: External storage is readable
07-05 16:57:08.025 22898 22898 V FileManager: Directory already exists: /storage/emulated/0/Movies/segment-sum/20200312_193628
07-05 16:57:08.026 22898 22898 D FfmpegTools: Merging /storage/emulated/0/Movies/summarised/20200312_193628.mp4
07-05 16:57:08.026 22898 22898 V FfmpegTools: Retrieving duration of /storage/emulated/0/Movies/segment-sum/20200312_193628/20200312_193628!003.mp4
07-05 16:57:08.053 22898 23769 I mobile-ffmpeg: Input #0, mov,mp4,m4a,3gp,3g2,mj2, from '/storage/emulated/0/Movies/segment-sum/20200312_193628/20200312_193628!003.mp4':
07-05 16:57:08.053 22898 23769 I mobile-ffmpeg:   Metadata:
07-05 16:57:08.053 22898 23769 I mobile-ffmpeg:     major_brand     : 
07-05 16:57:08.053 22898 23769 I mobile-ffmpeg: isom
07-05 16:57:08.053 22898 23769 I mobile-ffmpeg: 
07-05 16:57:08.053 22898 23769 I mobile-ffmpeg:     minor_version   : 
07-05 16:57:08.053 22898 23769 I mobile-ffmpeg: 512
07-05 16:57:08.053 22898 23769 I mobile-ffmpeg: 
07-05 16:57:08.053 22898 23769 I mobile-ffmpeg:     compatible_brands: 
07-05 16:57:08.054 22898 23769 I mobile-ffmpeg: isomiso2avc1mp41
07-05 16:57:08.054 22898 23769 I mobile-ffmpeg: 
07-05 16:57:08.054 22898 23769 I mobile-ffmpeg:     encoder         : 
07-05 16:57:08.054 22898 23769 I mobile-ffmpeg: Lavf58.42.100
07-05 16:57:08.054 22898 23769 I mobile-ffmpeg: 
07-05 16:57:08.054 22898 23769 I mobile-ffmpeg:   Duration: 
07-05 16:57:08.054 22898 23769 I mobile-ffmpeg: 00:00:06.16
07-05 16:57:08.054 22898 23769 I mobile-ffmpeg: , start: 
07-05 16:57:08.054 22898 23769 I mobile-ffmpeg: 0.000000
07-05 16:57:08.054 22898 23769 I mobile-ffmpeg: , bitrate: 
07-05 16:57:08.054 22898 23769 I mobile-ffmpeg: 1340 kb/s
07-05 16:57:08.054 22898 23769 I mobile-ffmpeg: 
07-05 16:57:08.054 22898 23769 I mobile-ffmpeg:     Stream #0:0
07-05 16:57:08.054 22898 23769 I mobile-ffmpeg: (und)
07-05 16:57:08.054 22898 23769 I mobile-ffmpeg: : Video: h264 (avc1 / 0x31637661), yuvj420p(pc), 1280x720, 1266 kb/s
07-05 16:57:08.054 22898 23769 I mobile-ffmpeg: , 
07-05 16:57:08.054 22898 23769 I mobile-ffmpeg: 29.97 fps, 
07-05 16:57:08.054 22898 23769 I mobile-ffmpeg: 29.97 tbr, 
07-05 16:57:08.054 22898 23769 I mobile-ffmpeg: 30k tbn, 
07-05 16:57:08.054 22898 23769 I mobile-ffmpeg: 59.94 tbc
07-05 16:57:08.054 22898 23769 I mobile-ffmpeg:  (default)
07-05 16:57:08.054 22898 23769 I mobile-ffmpeg: 
07-05 16:57:08.054 22898 23769 I mobile-ffmpeg:     Metadata:
07-05 16:57:08.054 22898 23769 I mobile-ffmpeg:       handler_name    : 
07-05 16:57:08.054 22898 23769 I mobile-ffmpeg: VideoHandler
07-05 16:57:08.054 22898 23769 I mobile-ffmpeg: 
07-05 16:57:08.054 22898 23769 I mobile-ffmpeg:     Stream #0:1
07-05 16:57:08.054 22898 23769 I mobile-ffmpeg: (und)
07-05 16:57:08.054 22898 23769 I mobile-ffmpeg: : Audio: aac (mp4a / 0x6134706D), 16000 Hz, stereo, fltp, 85 kb/s
07-05 16:57:08.054 22898 23769 I mobile-ffmpeg:  (default)
07-05 16:57:08.054 22898 23769 I mobile-ffmpeg: 
07-05 16:57:08.054 22898 23769 I mobile-ffmpeg:     Metadata:
07-05 16:57:08.054 22898 23769 I mobile-ffmpeg:       handler_name    : 
07-05 16:57:08.054 22898 23769 I mobile-ffmpeg: SoundHandler
07-05 16:57:08.054 22898 23769 I mobile-ffmpeg: 
07-05 16:57:08.063 22898 22898 W FfmpegTools: Single segment returned, duration of 20200312_193628: 6.16
07-05 16:57:08.187 22898 22898 V VideoManager: Retrieving video from /storage/emulated/0/Movies/summarised/20200312_193628.mp4
07-05 16:57:08.202 22898 22898 V VideoManager: videoFromCursor
07-05 16:57:08.209 22898 22898 V SummarisedVideosEventHandler: onAdd
07-05 16:57:08.210 22898 22898 V RawFootageEventHandler: removeByName
07-05 16:57:08.212 22898 22898 V ProcessingVideosEventHandler: removeByName
07-05 16:57:08.215 22898 22898 V NearbyFragment: Removing video segment map for 20200312_193628
07-05 16:57:08.216 22898 22898 D NearbyFragment: onPayloadReceived(endpointId=09sQ, payload=com.google.android.gms.nearby.connection.Payload@f8c319e)
07-05 16:57:08.217 22898 22898 D NearbyFragment: Endpoint{id=09sQ, name=Nexus 5X [34d8]} has finished downloading 20200312_194730!001.mp4
07-05 16:57:08.219 22898 22898 V NearbyFragment: nextTransfer with selected algorithm: best
07-05 16:57:08.223 22898 22898 W NearbyFragment: Sending 20200312_194730!003.mp4 to Nexus 5X [34d8]
07-05 16:57:08.228 22898 22898 V NearbyFragment: Transfer to Endpoint{id=09sQ, name=Nexus 5X [34d8]} complete
07-05 16:57:08.651 22898 22898 V NearbyFragment: Transfer to Endpoint{id=09sQ, name=Nexus 5X [34d8]} complete
07-05 16:57:11.684 22898 22898 V NearbyFragment: Transfer to Endpoint{id=09sQ, name=Nexus 5X [34d8]} complete
07-05 16:57:12.450 22898 22898 D NearbyFragment: onPayloadReceived(endpointId=09sQ, payload=com.google.android.gms.nearby.connection.Payload@38a7314)
07-05 16:57:12.450 22898 22898 D NearbyFragment: Endpoint{id=09sQ, name=Nexus 5X [34d8]} has finished downloading 20200312_194730!002.mp4
07-05 16:57:12.451 22898 22898 I NearbyFragment: Transfer queue is empty
07-05 16:57:12.748 22898 22898 V NearbyFragment: Transfer to Endpoint{id=09sQ, name=Nexus 5X [34d8]} complete
07-05 16:57:13.723 22898 22898 D NearbyFragment: onPayloadReceived(endpointId=09sQ, payload=com.google.android.gms.nearby.connection.Payload@67b47bd)
07-05 16:57:13.725 22898 22898 V NearbyFragment: Started downloading 20200312_193728!000.mp4 from Endpoint{id=09sQ, name=Nexus 5X [34d8]}
07-05 16:57:13.729 22898 22898 I NearbyFragment: Transfer queue is empty
07-05 16:57:14.280 22898 22898 D NearbyFragment: onPayloadReceived(endpointId=09sQ, payload=com.google.android.gms.nearby.connection.Payload@b8751b2)
07-05 16:57:14.281 22898 22898 V NearbyFragment: Transfer to Endpoint{id=09sQ, name=Nexus 5X [34d8]} complete
07-05 16:57:17.087 22898 22898 V NearbyFragment: Transfer to Endpoint{id=09sQ, name=Nexus 5X [34d8]} complete
07-05 16:57:19.533 22898 22898 D NearbyFragment: onPayloadReceived(endpointId=09sQ, payload=com.google.android.gms.nearby.connection.Payload@52e3503)
07-05 16:57:19.534 22898 22898 D NearbyFragment: Endpoint{id=09sQ, name=Nexus 5X [34d8]} has finished downloading 20200312_194730!003.mp4
07-05 16:57:19.535 22898 22898 I NearbyFragment: Transfer queue is empty
07-05 16:57:19.536 22898 22898 V NearbyFragment: Transfer to Endpoint{id=09sQ, name=Nexus 5X [34d8]} complete
07-05 16:57:22.818 22898 22898 V NearbyFragment: Transfer to Endpoint{id=09sQ, name=Nexus 5X [34d8]} complete
07-05 16:57:22.820 22898 22898 W NearbyFragment: Completed downloading 20200312_193728!000.mp4 from Endpoint{id=09sQ, name=Nexus 5X [34d8]} in 09.093s
07-05 16:57:22.831 22898 22898 V FileManager: External storage is readable
07-05 16:57:22.834 22898 22898 V FileManager: Created new directory: /storage/emulated/0/Movies/segment-sum/20200312_193728
07-05 16:57:23.385 22898 22898 V NearbyFragment: Received a segment of 20200312_193728
07-05 16:57:25.412 22898 23662 V VideoManager: Retrieving video from /storage/emulated/0/Movies/raw/20200312_194830.mp4
07-05 16:57:25.438 22898 23662 D VideoManager: videoCursor is null
07-05 16:57:25.525 22898 23662 V VideoManager: videoFromCursor
07-05 16:57:25.530 22898 23662 W DashDownloadManager: Successfully downloaded 20200312_194830.mp4 in 30.027s
07-05 16:57:25.531 22898 23662 V DownloadTestVideosTask: Entering callback for download completion of 20200312_194830.mp4
07-05 16:57:25.532 22898 23662 V RawFootageEventHandler: onAdd
07-05 16:57:25.534 22898 23662 V FfmpegTools: Retrieving duration of /storage/emulated/0/Movies/raw/20200312_194830.mp4
07-05 16:57:25.543 22898 23769 W mobile-ffmpeg: [mov,mp4,m4a,3gp,3g2,mj2 @ 0x77b4458400] Found duplicated MOOV Atom. Skipped it
07-05 16:57:25.578 22898 22898 D NearbyFragment: onPayloadReceived(endpointId=09sQ, payload=com.google.android.gms.nearby.connection.Payload@199a2b9)
07-05 16:57:25.578 22898 22898 V NearbyFragment: Started downloading 20200312_193728!001.mp4 from Endpoint{id=09sQ, name=Nexus 5X [34d8]}
07-05 16:57:25.579 22898 22898 I NearbyFragment: Transfer queue is empty
07-05 16:57:25.619 22898 22898 D NearbyFragment: onPayloadReceived(endpointId=09sQ, payload=com.google.android.gms.nearby.connection.Payload@214d6fe)
07-05 16:57:25.621 22898 22898 V NearbyFragment: Transfer to Endpoint{id=09sQ, name=Nexus 5X [34d8]} complete
07-05 16:57:25.627 22898 23769 I mobile-ffmpeg: Input #0, mov,mp4,m4a,3gp,3g2,mj2, from '/storage/emulated/0/Movies/raw/20200312_194830.mp4':
07-05 16:57:25.627 22898 23769 I mobile-ffmpeg:   Metadata:
07-05 16:57:25.627 22898 23769 I mobile-ffmpeg:     creation_time   : 
07-05 16:57:25.627 22898 23769 I mobile-ffmpeg: 2020-03-12T08:49:30.000000Z
07-05 16:57:25.627 22898 23769 I mobile-ffmpeg: 
07-05 16:57:25.628 22898 23769 I mobile-ffmpeg:     major_brand     : 
07-05 16:57:25.628 22898 23769 I mobile-ffmpeg: mp42
07-05 16:57:25.628 22898 23769 I mobile-ffmpeg: 
07-05 16:57:25.628 22898 23769 I mobile-ffmpeg:     minor_version   : 
07-05 16:57:25.628 22898 23769 I mobile-ffmpeg: 1
07-05 16:57:25.628 22898 23769 I mobile-ffmpeg: 
07-05 16:57:25.628 22898 23769 I mobile-ffmpeg:     compatible_brands: 
07-05 16:57:25.628 22898 23769 I mobile-ffmpeg: mp42mp42
07-05 16:57:25.628 22898 23769 I mobile-ffmpeg: 
07-05 16:57:25.628 22898 23769 I mobile-ffmpeg:   Duration: 
07-05 16:57:25.628 22898 23769 I mobile-ffmpeg: 00:01:00.02
07-05 16:57:25.628 22898 23769 I mobile-ffmpeg: , start: 
07-05 16:57:25.628 22898 23769 I mobile-ffmpeg: 0.000000
07-05 16:57:25.628 22898 23769 I mobile-ffmpeg: , bitrate: 
07-05 16:57:25.628 22898 23769 I mobile-ffmpeg: 9328 kb/s
07-05 16:57:25.628 22898 23769 I mobile-ffmpeg: 
07-05 16:57:25.628 22898 23769 I mobile-ffmpeg:     Stream #0:0
07-05 16:57:25.628 22898 23769 I mobile-ffmpeg: (eng)
07-05 16:57:25.628 22898 23769 I mobile-ffmpeg: : Video: h264 (avc1 / 0x31637661), yuvj420p(pc, bt709), 1280x720, 8389 kb/s
07-05 16:57:25.628 22898 23769 I mobile-ffmpeg: , 
07-05 16:57:25.628 22898 23769 I mobile-ffmpeg: 29.97 fps, 
07-05 16:57:25.628 22898 23769 I mobile-ffmpeg: 29.97 tbr, 
07-05 16:57:25.628 22898 23769 I mobile-ffmpeg: 1k tbn, 
07-05 16:57:25.628 22898 23769 I mobile-ffmpeg: 2k tbc
07-05 16:57:25.628 22898 23769 I mobile-ffmpeg:  (default)
07-05 16:57:25.628 22898 23769 I mobile-ffmpeg: 
07-05 16:57:25.628 22898 23769 I mobile-ffmpeg:     Metadata:
07-05 16:57:25.628 22898 23769 I mobile-ffmpeg:       creation_time   : 
07-05 16:57:25.629 22898 23769 I mobile-ffmpeg: 2020-03-12T08:49:30.000000Z
07-05 16:57:25.629 22898 23769 I mobile-ffmpeg: 
07-05 16:57:25.629 22898 23769 I mobile-ffmpeg:       handler_name    : 
07-05 16:57:25.629 22898 23769 I mobile-ffmpeg: PittaSoft Video Media Handler
07-05 16:57:25.629 22898 23769 I mobile-ffmpeg: 
07-05 16:57:25.629 22898 23769 I mobile-ffmpeg:     Stream #0:1
07-05 16:57:25.629 22898 23769 I mobile-ffmpeg: (eng)
07-05 16:57:25.629 22898 23769 I mobile-ffmpeg: : Audio: aac (mp4a / 0x6134706D), 16000 Hz, stereo, fltp, 47 kb/s
07-05 16:57:25.629 22898 23769 I mobile-ffmpeg:  (default)
07-05 16:57:25.629 22898 23769 I mobile-ffmpeg: 
07-05 16:57:25.629 22898 23769 I mobile-ffmpeg:     Metadata:
07-05 16:57:25.629 22898 23769 I mobile-ffmpeg:       creation_time   : 
07-05 16:57:25.629 22898 23769 I mobile-ffmpeg: 2020-03-12T08:49:30.000000Z
07-05 16:57:25.629 22898 23769 I mobile-ffmpeg: 
07-05 16:57:25.629 22898 23769 I mobile-ffmpeg:       handler_name    : 
07-05 16:57:25.629 22898 23769 I mobile-ffmpeg: PittaSoft Sound Media Handler
07-05 16:57:25.629 22898 23769 I mobile-ffmpeg: 
07-05 16:57:25.642 22898 23662 V FileManager: External storage is readable
07-05 16:57:25.643 22898 23662 V FileManager: Created new directory: /storage/emulated/0/Movies/segment/20200312_194830
07-05 16:57:25.644 22898 23662 V FfmpegTools: Splitting /storage/emulated/0/Movies/raw/20200312_194830.mp4 with 16s long segments
07-05 16:57:25.644 22898 23662 I FfmpegTools: Running ffmpeg with:
07-05 16:57:25.644 22898 23662 I FfmpegTools:   -y -i /storage/emulated/0/Movies/raw/20200312_194830.mp4 -map 0 -c copy -f segment -reset_timestamps 1 -segment_time 16 /storage/emulated/0/Movies/segment/20200312_194830/20200312_194830!%03d.mp4
07-05 16:57:25.654 22898 23769 W mobile-ffmpeg: [mov,mp4,m4a,3gp,3g2,mj2 @ 0x77b4458400] Found duplicated MOOV Atom. Skipped it
07-05 16:57:25.671 22898 22903 I example.edgesu: Compiler allocated 4MB to compile void android.view.ViewRootImpl.performTraversals()
07-05 16:57:25.709 22898 23769 I mobile-ffmpeg: Input #0, mov,mp4,m4a,3gp,3g2,mj2, from '/storage/emulated/0/Movies/raw/20200312_194830.mp4':
07-05 16:57:25.709 22898 23769 I mobile-ffmpeg:   Metadata:
07-05 16:57:25.709 22898 23769 I mobile-ffmpeg:     creation_time   : 
07-05 16:57:25.709 22898 23769 I mobile-ffmpeg: 2020-03-12T08:49:30.000000Z
07-05 16:57:25.709 22898 23769 I mobile-ffmpeg: 
07-05 16:57:25.709 22898 23769 I mobile-ffmpeg:     major_brand     : 
07-05 16:57:25.709 22898 23769 I mobile-ffmpeg: mp42
07-05 16:57:25.709 22898 23769 I mobile-ffmpeg: 
07-05 16:57:25.709 22898 23769 I mobile-ffmpeg:     minor_version   : 
07-05 16:57:25.709 22898 23769 I mobile-ffmpeg: 1
07-05 16:57:25.709 22898 23769 I mobile-ffmpeg: 
07-05 16:57:25.709 22898 23769 I mobile-ffmpeg:     compatible_brands: 
07-05 16:57:25.709 22898 23769 I mobile-ffmpeg: mp42mp42
07-05 16:57:25.709 22898 23769 I mobile-ffmpeg: 
07-05 16:57:25.710 22898 23769 I mobile-ffmpeg:   Duration: 
07-05 16:57:25.710 22898 23769 I mobile-ffmpeg: 00:01:00.02
07-05 16:57:25.710 22898 23769 I mobile-ffmpeg: , start: 
07-05 16:57:25.710 22898 23769 I mobile-ffmpeg: 0.000000
07-05 16:57:25.710 22898 23769 I mobile-ffmpeg: , bitrate: 
07-05 16:57:25.710 22898 23769 I mobile-ffmpeg: 9328 kb/s
07-05 16:57:25.710 22898 23769 I mobile-ffmpeg: 
07-05 16:57:25.710 22898 23769 I mobile-ffmpeg:     Stream #0:0
07-05 16:57:25.710 22898 23769 I mobile-ffmpeg: (eng)
07-05 16:57:25.710 22898 23769 I mobile-ffmpeg: : Video: h264 (avc1 / 0x31637661), yuvj420p(pc, bt709), 1280x720, 8389 kb/s
07-05 16:57:25.710 22898 23769 I mobile-ffmpeg: , 
07-05 16:57:25.710 22898 23769 I mobile-ffmpeg: 29.97 fps, 
07-05 16:57:25.710 22898 23769 I mobile-ffmpeg: 29.97 tbr, 
07-05 16:57:25.710 22898 23769 I mobile-ffmpeg: 1k tbn, 
07-05 16:57:25.710 22898 23769 I mobile-ffmpeg: 2k tbc
07-05 16:57:25.710 22898 23769 I mobile-ffmpeg:  (default)
07-05 16:57:25.710 22898 23769 I mobile-ffmpeg: 
07-05 16:57:25.710 22898 23769 I mobile-ffmpeg:     Metadata:
07-05 16:57:25.710 22898 23769 I mobile-ffmpeg:       creation_time   : 
07-05 16:57:25.710 22898 23769 I mobile-ffmpeg: 2020-03-12T08:49:30.000000Z
07-05 16:57:25.710 22898 23769 I mobile-ffmpeg: 
07-05 16:57:25.710 22898 23769 I mobile-ffmpeg:       handler_name    : 
07-05 16:57:25.710 22898 23769 I mobile-ffmpeg: PittaSoft Video Media Handler
07-05 16:57:25.710 22898 23769 I mobile-ffmpeg: 
07-05 16:57:25.710 22898 23769 I mobile-ffmpeg:     Stream #0:1
07-05 16:57:25.710 22898 23769 I mobile-ffmpeg: (eng)
07-05 16:57:25.710 22898 23769 I mobile-ffmpeg: : Audio: aac (mp4a / 0x6134706D), 16000 Hz, stereo, fltp, 47 kb/s
07-05 16:57:25.710 22898 23769 I mobile-ffmpeg:  (default)
07-05 16:57:25.710 22898 23769 I mobile-ffmpeg: 
07-05 16:57:25.710 22898 23769 I mobile-ffmpeg:     Metadata:
07-05 16:57:25.710 22898 23769 I mobile-ffmpeg:       creation_time   : 
07-05 16:57:25.710 22898 23769 I mobile-ffmpeg: 2020-03-12T08:49:30.000000Z
07-05 16:57:25.710 22898 23769 I mobile-ffmpeg: 
07-05 16:57:25.710 22898 23769 I mobile-ffmpeg:       handler_name    : 
07-05 16:57:25.710 22898 23769 I mobile-ffmpeg: PittaSoft Sound Media Handler
07-05 16:57:25.711 22898 23769 I mobile-ffmpeg: 
07-05 16:57:25.711 22898 23769 I mobile-ffmpeg: [segment @ 0x779b2f8800] Opening '/storage/emulated/0/Movies/segment/20200312_194830/20200312_194830!000.mp4' for writing
07-05 16:57:25.711 22898 23769 I mobile-ffmpeg: Output #0, segment, to '/storage/emulated/0/Movies/segment/20200312_194830/20200312_194830!%03d.mp4':
07-05 16:57:25.711 22898 23769 I mobile-ffmpeg:   Metadata:
07-05 16:57:25.711 22898 23769 I mobile-ffmpeg:     compatible_brands: 
07-05 16:57:25.711 22898 23769 I mobile-ffmpeg: mp42mp42
07-05 16:57:25.711 22898 23769 I mobile-ffmpeg: 
07-05 16:57:25.711 22898 23769 I mobile-ffmpeg:     major_brand     : 
07-05 16:57:25.711 22898 23769 I mobile-ffmpeg: mp42
07-05 16:57:25.711 22898 23769 I mobile-ffmpeg: 
07-05 16:57:25.711 22898 23769 I mobile-ffmpeg:     minor_version   : 
07-05 16:57:25.711 22898 23769 I mobile-ffmpeg: 1
07-05 16:57:25.711 22898 23769 I mobile-ffmpeg: 
07-05 16:57:25.711 22898 23769 I mobile-ffmpeg:     encoder         : 
07-05 16:57:25.711 22898 23769 I mobile-ffmpeg: Lavf58.42.100
07-05 16:57:25.711 22898 23769 I mobile-ffmpeg: 
07-05 16:57:25.711 22898 23769 I mobile-ffmpeg:     Stream #0:0
07-05 16:57:25.711 22898 23769 I mobile-ffmpeg: (eng)
07-05 16:57:25.711 22898 23769 I mobile-ffmpeg: : Video: h264 (avc1 / 0x31637661), yuvj420p(pc, bt709), 1280x720, q=2-31, 8389 kb/s
07-05 16:57:25.711 22898 23769 I mobile-ffmpeg: , 
07-05 16:57:25.711 22898 23769 I mobile-ffmpeg: 29.97 fps, 
07-05 16:57:25.711 22898 23769 I mobile-ffmpeg: 29.97 tbr, 
07-05 16:57:25.711 22898 23769 I mobile-ffmpeg: 16k tbn, 
07-05 16:57:25.711 22898 23769 I mobile-ffmpeg: 1k tbc
07-05 16:57:25.711 22898 23769 I mobile-ffmpeg:  (default)
07-05 16:57:25.711 22898 23769 I mobile-ffmpeg: 
07-05 16:57:25.711 22898 23769 I mobile-ffmpeg:     Metadata:
07-05 16:57:25.711 22898 23769 I mobile-ffmpeg:       creation_time   : 
07-05 16:57:25.711 22898 23769 I mobile-ffmpeg: 2020-03-12T08:49:30.000000Z
07-05 16:57:25.711 22898 23769 I mobile-ffmpeg: 
07-05 16:57:25.711 22898 23769 I mobile-ffmpeg:       handler_name    : 
07-05 16:57:25.711 22898 23769 I mobile-ffmpeg: PittaSoft Video Media Handler
07-05 16:57:25.711 22898 23769 I mobile-ffmpeg: 
07-05 16:57:25.711 22898 23769 I mobile-ffmpeg:     Stream #0:1
07-05 16:57:25.711 22898 23769 I mobile-ffmpeg: (eng)
07-05 16:57:25.712 22898 23769 I mobile-ffmpeg: : Audio: aac (mp4a / 0x6134706D), 16000 Hz, stereo, fltp, 47 kb/s
07-05 16:57:25.712 22898 23769 I mobile-ffmpeg:  (default)
07-05 16:57:25.712 22898 23769 I mobile-ffmpeg: 
07-05 16:57:25.712 22898 23769 I mobile-ffmpeg:     Metadata:
07-05 16:57:25.712 22898 23769 I mobile-ffmpeg:       creation_time   : 
07-05 16:57:25.712 22898 23769 I mobile-ffmpeg: 2020-03-12T08:49:30.000000Z
07-05 16:57:25.712 22898 23769 I mobile-ffmpeg: 
07-05 16:57:25.712 22898 23769 I mobile-ffmpeg:       handler_name    : 
07-05 16:57:25.712 22898 23769 I mobile-ffmpeg: PittaSoft Sound Media Handler
07-05 16:57:25.712 22898 23769 I mobile-ffmpeg: 
07-05 16:57:25.712 22898 23769 I mobile-ffmpeg: Stream mapping:
07-05 16:57:25.712 22898 23769 I mobile-ffmpeg:   Stream #0:0 -> #0:0
07-05 16:57:25.712 22898 23769 I mobile-ffmpeg:  (copy)
07-05 16:57:25.712 22898 23769 I mobile-ffmpeg: 
07-05 16:57:25.712 22898 23769 I mobile-ffmpeg:   Stream #0:1 -> #0:1
07-05 16:57:25.712 22898 23769 I mobile-ffmpeg:  (copy)
07-05 16:57:25.712 22898 23769 I mobile-ffmpeg: 
07-05 16:57:25.712 22898 23769 I mobile-ffmpeg: Press [q] to stop, [?] for help
07-05 16:57:25.712 22898 23769 I mobile-ffmpeg: frame=    1 fps=0.0 q=-1.0 size=N/A time=00:00:00.00 bitrate=N/A speed=31.5x    
07-05 16:57:25.788 22898 23769 I mobile-ffmpeg: [segment @ 0x779b2f8800] Opening '/storage/emulated/0/Movies/segment/20200312_194830/20200312_194830!001.mp4' for writing
07-05 16:57:25.845 22898 23769 I mobile-ffmpeg: [segment @ 0x779b2f8800] Opening '/storage/emulated/0/Movies/segment/20200312_194830/20200312_194830!002.mp4' for writing
07-05 16:57:25.910 22898 23769 I mobile-ffmpeg: [segment @ 0x779b2f8800] Opening '/storage/emulated/0/Movies/segment/20200312_194830/20200312_194830!003.mp4' for writing
07-05 16:57:25.954 22898 23769 I mobile-ffmpeg: frame= 1800 fps=0.0 q=-1.0 Lsize=N/A time=00:01:00.01 bitrate=N/A speed= 247x    
07-05 16:57:25.954 22898 23769 I mobile-ffmpeg: video:61471kB audio:345kB subtitle:0kB other streams:0kB global headers:0kB muxing overhead: 
07-05 16:57:25.954 22898 23769 I mobile-ffmpeg: unknown
07-05 16:57:25.954 22898 23769 I mobile-ffmpeg: 
07-05 16:57:25.960 22898 23662 V FileManager: External storage is readable
07-05 16:57:25.960 22898 23662 V FileManager: Directory already exists: /storage/emulated/0/Movies/segment/20200312_194830
07-05 16:57:25.960 22898 23662 V VideoManager: Retrieving videos from /storage/emulated/0/Movies/segment/20200312_194830
07-05 16:57:25.961 22898 23662 V VideoManager: Retrieving video from /storage/emulated/0/Movies/segment/20200312_194830/20200312_194830!000.mp4
07-05 16:57:25.968 22898 23662 D VideoManager: videoCursor is null
07-05 16:57:26.008 22898 23662 V VideoManager: videoFromCursor
07-05 16:57:26.013 22898 23662 V VideoManager: Retrieving video from /storage/emulated/0/Movies/segment/20200312_194830/20200312_194830!001.mp4
07-05 16:57:26.020 22898 23662 D VideoManager: videoCursor is null
07-05 16:57:26.627 22898 23662 V VideoManager: videoFromCursor
07-05 16:57:26.631 22898 23662 V VideoManager: Retrieving video from /storage/emulated/0/Movies/segment/20200312_194830/20200312_194830!002.mp4
07-05 16:57:26.639 22898 23662 D VideoManager: videoCursor is null
07-05 16:57:26.677 22898 23662 V VideoManager: videoFromCursor
07-05 16:57:26.681 22898 23662 V VideoManager: Retrieving video from /storage/emulated/0/Movies/segment/20200312_194830/20200312_194830!003.mp4
07-05 16:57:26.691 22898 23662 D VideoManager: videoCursor is null
07-05 16:57:26.727 22898 23662 V VideoManager: videoFromCursor
07-05 16:57:26.733 22898 23662 V NearbyFragment: nextTransfer with selected algorithm: best
07-05 16:57:26.735 22898 23662 W NearbyFragment: Sending 20200312_194830!000.mp4 to Nexus 5X [34d8]
07-05 16:57:26.748 22898 22898 V NearbyFragment: Transfer to Endpoint{id=09sQ, name=Nexus 5X [34d8]} complete
07-05 16:57:27.739 22898 23662 V DownloadTestVideosTask: Starting DownloadTestVideosTask
07-05 16:57:27.742 22898 23662 V DashDownloadManager: Started downloading: 20200312_194930.mp4
07-05 16:57:27.747 22898 23662 I System.out: (HTTPLog)-Static: isSBSettingEnabled false
07-05 16:57:27.748 22898 23662 I System.out: (HTTPLog)-Static: isSBSettingEnabled false
07-05 16:57:27.809 22898 23662 I System.out: (HTTPLog)-Thread-1670-128495989: getTransferStream : ContentLength=69990400, method=GET, HTTPVersion=http/1.1
07-05 16:57:31.990 22898 22898 V NearbyFragment: Transfer to Endpoint{id=09sQ, name=Nexus 5X [34d8]} complete
07-05 16:57:32.655 22898 22898 V NearbyFragment: Transfer to Endpoint{id=09sQ, name=Nexus 5X [34d8]} complete
07-05 16:57:32.656 22898 22898 W NearbyFragment: Completed downloading 20200312_193728!001.mp4 from Endpoint{id=09sQ, name=Nexus 5X [34d8]} in 07.076s
07-05 16:57:32.664 22898 22898 V FileManager: External storage is readable
07-05 16:57:32.665 22898 22898 V FileManager: Directory already exists: /storage/emulated/0/Movies/segment-sum/20200312_193728
07-05 16:57:33.224 22898 22898 V NearbyFragment: Received a segment of 20200312_193728
07-05 16:57:34.501 22898 22898 D NearbyFragment: onPayloadReceived(endpointId=09sQ, payload=com.google.android.gms.nearby.connection.Payload@e63650a)
07-05 16:57:34.501 22898 22898 D NearbyFragment: Endpoint{id=09sQ, name=Nexus 5X [34d8]} has finished downloading 20200312_194830!000.mp4
07-05 16:57:34.502 22898 22898 V NearbyFragment: nextTransfer with selected algorithm: best
07-05 16:57:34.504 22898 22898 W NearbyFragment: Sending 20200312_194830!001.mp4 to Nexus 5X [34d8]
07-05 16:57:34.531 22898 22898 V NearbyFragment: Transfer to Endpoint{id=09sQ, name=Nexus 5X [34d8]} complete
07-05 16:57:34.633 22898 22898 V NearbyFragment: Transfer to Endpoint{id=09sQ, name=Nexus 5X [34d8]} complete
07-05 16:57:37.893 22898 22898 D NearbyFragment: onPayloadReceived(endpointId=09sQ, payload=com.google.android.gms.nearby.connection.Payload@75feff1)
07-05 16:57:37.894 22898 22898 V NearbyFragment: Started downloading 20200312_193728!002.mp4 from Endpoint{id=09sQ, name=Nexus 5X [34d8]}
07-05 16:57:37.896 22898 22898 V NearbyFragment: nextTransfer with selected algorithm: best
07-05 16:57:37.899 22898 22898 W NearbyFragment: Sending 20200312_194830!002.mp4 to Nexus 5X [34d8]
07-05 16:57:37.913 22898 22898 V NearbyFragment: Transfer to Endpoint{id=09sQ, name=Nexus 5X [34d8]} complete
07-05 16:57:38.005 22898 22898 V NearbyFragment: Transfer to Endpoint{id=09sQ, name=Nexus 5X [34d8]} complete
07-05 16:57:38.013 22898 22898 D NearbyFragment: onPayloadReceived(endpointId=09sQ, payload=com.google.android.gms.nearby.connection.Payload@abac944)
07-05 16:57:38.809 22898 22898 V NearbyFragment: Transfer to Endpoint{id=09sQ, name=Nexus 5X [34d8]} complete
07-05 16:57:40.627 22898 22898 D NearbyFragment: onPayloadReceived(endpointId=09sQ, payload=com.google.android.gms.nearby.connection.Payload@9729a2d)
07-05 16:57:40.627 22898 22898 D NearbyFragment: Endpoint{id=09sQ, name=Nexus 5X [34d8]} has finished downloading 20200312_194830!001.mp4
07-05 16:57:40.628 22898 22898 V NearbyFragment: nextTransfer with selected algorithm: best
07-05 16:57:40.629 22898 22898 W NearbyFragment: Sending 20200312_194830!003.mp4 to Nexus 5X [34d8]
07-05 16:57:40.631 22898 22898 V NearbyFragment: Transfer to Endpoint{id=09sQ, name=Nexus 5X [34d8]} complete
07-05 16:57:41.384 22898 22898 V NearbyFragment: Transfer to Endpoint{id=09sQ, name=Nexus 5X [34d8]} complete
07-05 16:57:46.114 22898 22898 V NearbyFragment: Transfer to Endpoint{id=09sQ, name=Nexus 5X [34d8]} complete
07-05 16:57:46.114 22898 22898 W NearbyFragment: Completed downloading 20200312_193728!002.mp4 from Endpoint{id=09sQ, name=Nexus 5X [34d8]} in 08.220s
07-05 16:57:46.125 22898 22898 V FileManager: External storage is readable
07-05 16:57:46.125 22898 22898 V FileManager: Directory already exists: /storage/emulated/0/Movies/segment-sum/20200312_193728
07-05 16:57:46.666 22898 22898 V NearbyFragment: Received a segment of 20200312_193728
07-05 16:57:46.688 22898 22898 V NearbyFragment: Transfer to Endpoint{id=09sQ, name=Nexus 5X [34d8]} complete
07-05 16:57:46.932 22898 22898 D NearbyFragment: onPayloadReceived(endpointId=09sQ, payload=com.google.android.gms.nearby.connection.Payload@63d35b0)
07-05 16:57:46.933 22898 22898 D NearbyFragment: Endpoint{id=09sQ, name=Nexus 5X [34d8]} has finished downloading 20200312_194830!002.mp4
07-05 16:57:46.933 22898 22898 I NearbyFragment: Transfer queue is empty
07-05 16:57:47.125 22898 22898 V NearbyFragment: Transfer to Endpoint{id=09sQ, name=Nexus 5X [34d8]} complete
07-05 16:57:47.476 22898 22898 D NearbyFragment: onPayloadReceived(endpointId=09sQ, payload=com.google.android.gms.nearby.connection.Payload@48bac29)
07-05 16:57:47.477 22898 22898 V NearbyFragment: Started downloading 20200312_193728!003.mp4 from Endpoint{id=09sQ, name=Nexus 5X [34d8]}
07-05 16:57:47.478 22898 22898 I NearbyFragment: Transfer queue is empty
07-05 16:57:47.484 22898 22898 V NearbyFragment: Transfer to Endpoint{id=09sQ, name=Nexus 5X [34d8]} complete
07-05 16:57:47.519 22898 22898 D NearbyFragment: onPayloadReceived(endpointId=09sQ, payload=com.google.android.gms.nearby.connection.Payload@ea2fbae)
07-05 16:57:49.623 22898 22898 V NearbyFragment: Transfer to Endpoint{id=09sQ, name=Nexus 5X [34d8]} complete
07-05 16:57:52.607 22898 22898 D NearbyFragment: onPayloadReceived(endpointId=09sQ, payload=com.google.android.gms.nearby.connection.Payload@aa85d4f)
07-05 16:57:52.608 22898 22898 D NearbyFragment: Endpoint{id=09sQ, name=Nexus 5X [34d8]} has finished downloading 20200312_194830!003.mp4
07-05 16:57:52.609 22898 22898 I NearbyFragment: Transfer queue is empty
07-05 16:57:52.637 22898 22898 V NearbyFragment: Transfer to Endpoint{id=09sQ, name=Nexus 5X [34d8]} complete
07-05 16:57:52.639 22898 22898 W NearbyFragment: Completed downloading 20200312_193728!003.mp4 from Endpoint{id=09sQ, name=Nexus 5X [34d8]} in 05.161s
07-05 16:57:52.645 22898 22898 V FileManager: External storage is readable
07-05 16:57:52.646 22898 22898 V FileManager: Directory already exists: /storage/emulated/0/Movies/segment-sum/20200312_193728
07-05 16:57:53.079 22898 22898 D NearbyFragment: Received all summarised video segments of 20200312_193728
07-05 16:57:53.082 22898 22898 V FileManager: External storage is readable
07-05 16:57:53.082 22898 22898 V FileManager: Directory already exists: /storage/emulated/0/Movies/segment-sum/20200312_193728
07-05 16:57:53.083 22898 22898 D FfmpegTools: Merging /storage/emulated/0/Movies/summarised/20200312_193728.mp4
07-05 16:57:53.085 22898 22898 V FileManager: External storage is readable
07-05 16:57:53.085 22898 22898 V FileManager: Directory already exists: /storage/emulated/0/Movies/segment/20200312_193728
07-05 16:57:53.090 22898 22898 I FfmpegTools: Running ffmpeg with:
07-05 16:57:53.090 22898 22898 I FfmpegTools:   -y -f concat -safe 0 -i /storage/emulated/0/Movies/segment/20200312_193728/paths.txt -c copy /storage/emulated/0/Movies/summarised/20200312_193728.mp4
07-05 16:57:53.113 22898 23769 I mobile-ffmpeg: [mov,mp4,m4a,3gp,3g2,mj2 @ 0x779b2f8200] Auto-inserting h264_mp4toannexb bitstream filter
07-05 16:57:53.133 22898 23769 I mobile-ffmpeg: Input #0, concat, from '/storage/emulated/0/Movies/segment/20200312_193728/paths.txt':
07-05 16:57:53.133 22898 23769 I mobile-ffmpeg:   Duration: 
07-05 16:57:53.133 22898 23769 I mobile-ffmpeg: N/A
07-05 16:57:53.133 22898 23769 I mobile-ffmpeg: , start: 
07-05 16:57:53.134 22898 23769 I mobile-ffmpeg: 0.000000
07-05 16:57:53.134 22898 23769 I mobile-ffmpeg: , bitrate: 
07-05 16:57:53.134 22898 23769 I mobile-ffmpeg: 8416 kb/s
07-05 16:57:53.134 22898 23769 I mobile-ffmpeg: 
07-05 16:57:53.134 22898 23769 I mobile-ffmpeg:     Stream #0:0
07-05 16:57:53.134 22898 23769 I mobile-ffmpeg: (eng)
07-05 16:57:53.134 22898 23769 I mobile-ffmpeg: : Video: h264 (avc1 / 0x31637661), yuvj420p(pc, bt709), 1280x720, 8369 kb/s
07-05 16:57:53.134 22898 23769 I mobile-ffmpeg: , 
07-05 16:57:53.134 22898 23769 I mobile-ffmpeg: 29.97 fps, 
07-05 16:57:53.134 22898 23769 I mobile-ffmpeg: 29.97 tbr, 
07-05 16:57:53.134 22898 23769 I mobile-ffmpeg: 16k tbn, 
07-05 16:57:53.134 22898 23769 I mobile-ffmpeg: 32k tbc
07-05 16:57:53.134 22898 23769 I mobile-ffmpeg: 
07-05 16:57:53.134 22898 23769 I mobile-ffmpeg:     Metadata:
07-05 16:57:53.134 22898 23769 I mobile-ffmpeg:       handler_name    : 
07-05 16:57:53.134 22898 23769 I mobile-ffmpeg: PittaSoft Video Media Handler
07-05 16:57:53.134 22898 23769 I mobile-ffmpeg: 
07-05 16:57:53.134 22898 23769 I mobile-ffmpeg:     Stream #0:1
07-05 16:57:53.134 22898 23769 I mobile-ffmpeg: (eng)
07-05 16:57:53.134 22898 23769 I mobile-ffmpeg: : Audio: aac (mp4a / 0x6134706D), 16000 Hz, stereo, fltp, 47 kb/s
07-05 16:57:53.134 22898 23769 I mobile-ffmpeg: 
07-05 16:57:53.134 22898 23769 I mobile-ffmpeg:     Metadata:
07-05 16:57:53.134 22898 23769 I mobile-ffmpeg:       handler_name    : 
07-05 16:57:53.134 22898 23769 I mobile-ffmpeg: PittaSoft Sound Media Handler
07-05 16:57:53.134 22898 23769 I mobile-ffmpeg: 
07-05 16:57:53.135 22898 23769 I mobile-ffmpeg: Output #0, mp4, to '/storage/emulated/0/Movies/summarised/20200312_193728.mp4':
07-05 16:57:53.135 22898 23769 I mobile-ffmpeg:   Metadata:
07-05 16:57:53.135 22898 23769 I mobile-ffmpeg:     encoder         : 
07-05 16:57:53.135 22898 23769 I mobile-ffmpeg: Lavf58.42.100
07-05 16:57:53.135 22898 23769 I mobile-ffmpeg: 
07-05 16:57:53.135 22898 23769 I mobile-ffmpeg:     Stream #0:0
07-05 16:57:53.135 22898 23769 I mobile-ffmpeg: (eng)
07-05 16:57:53.135 22898 23769 I mobile-ffmpeg: : Video: h264 (avc1 / 0x31637661), yuvj420p(pc, bt709), 1280x720, q=2-31, 8369 kb/s
07-05 16:57:53.135 22898 23769 I mobile-ffmpeg: , 
07-05 16:57:53.135 22898 23769 I mobile-ffmpeg: 29.97 fps, 
07-05 16:57:53.135 22898 23769 I mobile-ffmpeg: 29.97 tbr, 
07-05 16:57:53.135 22898 23769 I mobile-ffmpeg: 16k tbn, 
07-05 16:57:53.135 22898 23769 I mobile-ffmpeg: 16k tbc
07-05 16:57:53.135 22898 23769 I mobile-ffmpeg: 
07-05 16:57:53.135 22898 23769 I mobile-ffmpeg:     Metadata:
07-05 16:57:53.135 22898 23769 I mobile-ffmpeg:       handler_name    : 
07-05 16:57:53.135 22898 23769 I mobile-ffmpeg: PittaSoft Video Media Handler
07-05 16:57:53.135 22898 23769 I mobile-ffmpeg: 
07-05 16:57:53.135 22898 23769 I mobile-ffmpeg:     Stream #0:1
07-05 16:57:53.135 22898 23769 I mobile-ffmpeg: (eng)
07-05 16:57:53.136 22898 23769 I mobile-ffmpeg: : Audio: aac (mp4a / 0x6134706D), 16000 Hz, stereo, fltp, 47 kb/s
07-05 16:57:53.136 22898 23769 I mobile-ffmpeg: 
07-05 16:57:53.136 22898 23769 I mobile-ffmpeg:     Metadata:
07-05 16:57:53.136 22898 23769 I mobile-ffmpeg:       handler_name    : 
07-05 16:57:53.136 22898 23769 I mobile-ffmpeg: PittaSoft Sound Media Handler
07-05 16:57:53.136 22898 23769 I mobile-ffmpeg: 
07-05 16:57:53.136 22898 23769 I mobile-ffmpeg: Stream mapping:
07-05 16:57:53.136 22898 23769 I mobile-ffmpeg:   Stream #0:0 -> #0:0
07-05 16:57:53.136 22898 23769 I mobile-ffmpeg:  (copy)
07-05 16:57:53.136 22898 23769 I mobile-ffmpeg: 
07-05 16:57:53.136 22898 23769 I mobile-ffmpeg:   Stream #0:1 -> #0:1
07-05 16:57:53.136 22898 23769 I mobile-ffmpeg:  (copy)
07-05 16:57:53.136 22898 23769 I mobile-ffmpeg: 
07-05 16:57:53.136 22898 23769 I mobile-ffmpeg: Press [q] to stop, [?] for help
07-05 16:57:53.136 22898 23769 I mobile-ffmpeg: frame=    1 fps=0.0 q=-1.0 size=       0kB time=00:00:00.00 bitrate=6095.2kbits/s speed=  63x    
07-05 16:57:53.238 22898 23769 I mobile-ffmpeg: [mov,mp4,m4a,3gp,3g2,mj2 @ 0x779b2f8200] Auto-inserting h264_mp4toannexb bitstream filter
07-05 16:57:53.349 22898 23769 I mobile-ffmpeg: [mov,mp4,m4a,3gp,3g2,mj2 @ 0x779b2f8200] Auto-inserting h264_mp4toannexb bitstream filter
07-05 16:57:53.461 22898 23769 I mobile-ffmpeg: [mov,mp4,m4a,3gp,3g2,mj2 @ 0x779b2f8200] Auto-inserting h264_mp4toannexb bitstream filter
07-05 16:57:53.532 22898 23769 I mobile-ffmpeg: frame= 1800 fps=0.0 q=-1.0 Lsize=   61771kB time=00:01:00.06 bitrate=8424.1kbits/s speed= 151x    
07-05 16:57:53.532 22898 23769 I mobile-ffmpeg: video:61392kB audio:345kB subtitle:0kB other streams:0kB global headers:0kB muxing overhead: 
07-05 16:57:53.532 22898 23769 I mobile-ffmpeg: 0.053654%
07-05 16:57:53.532 22898 23769 I mobile-ffmpeg: 
07-05 16:57:53.532 22898 22898 V FfmpegTools: Retrieving duration of /storage/emulated/0/Movies/summarised/20200312_193728.mp4
07-05 16:57:53.555 22898 23769 I mobile-ffmpeg: Input #0, mov,mp4,m4a,3gp,3g2,mj2, from '/storage/emulated/0/Movies/summarised/20200312_193728.mp4':
07-05 16:57:53.555 22898 23769 I mobile-ffmpeg:   Metadata:
07-05 16:57:53.555 22898 23769 I mobile-ffmpeg:     major_brand     : 
07-05 16:57:53.555 22898 23769 I mobile-ffmpeg: isom
07-05 16:57:53.555 22898 23769 I mobile-ffmpeg: 
07-05 16:57:53.555 22898 23769 I mobile-ffmpeg:     minor_version   : 
07-05 16:57:53.555 22898 23769 I mobile-ffmpeg: 512
07-05 16:57:53.555 22898 23769 I mobile-ffmpeg: 
07-05 16:57:53.555 22898 23769 I mobile-ffmpeg:     compatible_brands: 
07-05 16:57:53.555 22898 23769 I mobile-ffmpeg: isomiso2avc1mp41
07-05 16:57:53.555 22898 23769 I mobile-ffmpeg: 
07-05 16:57:53.555 22898 23769 I mobile-ffmpeg:     encoder         : 
07-05 16:57:53.555 22898 23769 I mobile-ffmpeg: Lavf58.42.100
07-05 16:57:53.555 22898 23769 I mobile-ffmpeg: 
07-05 16:57:53.555 22898 23769 I mobile-ffmpeg:   Duration: 
07-05 16:57:53.555 22898 23769 I mobile-ffmpeg: 00:01:00.07
07-05 16:57:53.555 22898 23769 I mobile-ffmpeg: , start: 
07-05 16:57:53.555 22898 23769 I mobile-ffmpeg: 0.000000
07-05 16:57:53.555 22898 23769 I mobile-ffmpeg: , bitrate: 
07-05 16:57:53.555 22898 23769 I mobile-ffmpeg: 8423 kb/s
07-05 16:57:53.555 22898 23769 I mobile-ffmpeg: 
07-05 16:57:53.555 22898 23769 I mobile-ffmpeg:     Stream #0:0
07-05 16:57:53.555 22898 23769 I mobile-ffmpeg: (eng)
07-05 16:57:53.555 22898 23769 I mobile-ffmpeg: : Video: h264 (avc1 / 0x31637661), yuvj420p(pc, bt709), 1280x720, 8372 kb/s
07-05 16:57:53.555 22898 23769 I mobile-ffmpeg: , 
07-05 16:57:53.555 22898 23769 I mobile-ffmpeg: 29.97 fps, 
07-05 16:57:53.555 22898 23769 I mobile-ffmpeg: 29.97 tbr, 
07-05 16:57:53.555 22898 23769 I mobile-ffmpeg: 16k tbn, 
07-05 16:57:53.555 22898 23769 I mobile-ffmpeg: 32k tbc
07-05 16:57:53.555 22898 23769 I mobile-ffmpeg:  (default)
07-05 16:57:53.555 22898 23769 I mobile-ffmpeg: 
07-05 16:57:53.555 22898 23769 I mobile-ffmpeg:     Metadata:
07-05 16:57:53.555 22898 23769 I mobile-ffmpeg:       handler_name    : 
07-05 16:57:53.555 22898 23769 I mobile-ffmpeg: PittaSoft Video Media Handler
07-05 16:57:53.555 22898 23769 I mobile-ffmpeg: 
07-05 16:57:53.556 22898 23769 I mobile-ffmpeg:     Stream #0:1
07-05 16:57:53.556 22898 23769 I mobile-ffmpeg: (eng)
07-05 16:57:53.556 22898 23769 I mobile-ffmpeg: : Audio: aac (mp4a / 0x6134706D), 16000 Hz, stereo, fltp, 47 kb/s
07-05 16:57:53.556 22898 23769 I mobile-ffmpeg:  (default)
07-05 16:57:53.556 22898 23769 I mobile-ffmpeg: 
07-05 16:57:53.556 22898 23769 I mobile-ffmpeg:     Metadata:
07-05 16:57:53.556 22898 23769 I mobile-ffmpeg:       handler_name    : 
07-05 16:57:53.556 22898 23769 I mobile-ffmpeg: PittaSoft Sound Media Handler
07-05 16:57:53.556 22898 23769 I mobile-ffmpeg: 
07-05 16:57:53.562 22898 22898 W FfmpegTools: Merged duration of 20200312_193728: 60.07
07-05 16:57:53.601 22898 22898 V VideoManager: Retrieving video from /storage/emulated/0/Movies/summarised/20200312_193728.mp4
07-05 16:57:53.612 22898 22898 V VideoManager: videoFromCursor
07-05 16:57:53.614 22898 22898 V SummarisedVideosEventHandler: onAdd
07-05 16:57:53.615 22898 22898 V RawFootageEventHandler: removeByName
07-05 16:57:53.615 22898 22898 V ProcessingVideosEventHandler: removeByName
07-05 16:57:53.615 22898 22898 V NearbyFragment: Removing video segment map for 20200312_193728
07-05 16:57:53.615 22898 22898 V NearbyFragment: Transfer to Endpoint{id=09sQ, name=Nexus 5X [34d8]} complete
07-05 16:57:57.998 22898 23662 V VideoManager: Retrieving video from /storage/emulated/0/Movies/raw/20200312_194930.mp4
07-05 16:57:58.016 22898 23662 D VideoManager: videoCursor is null
07-05 16:57:58.090 22898 23662 V VideoManager: videoFromCursor
07-05 16:57:58.095 22898 23662 W DashDownloadManager: Successfully downloaded 20200312_194930.mp4 in 30.256s
07-05 16:57:58.095 22898 23662 V DownloadTestVideosTask: Entering callback for download completion of 20200312_194930.mp4
07-05 16:57:58.096 22898 23662 V RawFootageEventHandler: onAdd
07-05 16:57:58.097 22898 23662 V FfmpegTools: Retrieving duration of /storage/emulated/0/Movies/raw/20200312_194930.mp4
07-05 16:57:58.106 22898 23769 W mobile-ffmpeg: [mov,mp4,m4a,3gp,3g2,mj2 @ 0x779b3c2c00] Found duplicated MOOV Atom. Skipped it
07-05 16:57:58.171 22898 23769 I mobile-ffmpeg: Input #0, mov,mp4,m4a,3gp,3g2,mj2, from '/storage/emulated/0/Movies/raw/20200312_194930.mp4':
07-05 16:57:58.171 22898 23769 I mobile-ffmpeg:   Metadata:
07-05 16:57:58.172 22898 23769 I mobile-ffmpeg:     creation_time   : 
07-05 16:57:58.172 22898 23769 I mobile-ffmpeg: 2020-03-12T08:50:30.000000Z
07-05 16:57:58.172 22898 23769 I mobile-ffmpeg: 
07-05 16:57:58.172 22898 23769 I mobile-ffmpeg:     major_brand     : 
07-05 16:57:58.172 22898 23769 I mobile-ffmpeg: mp42
07-05 16:57:58.172 22898 23769 I mobile-ffmpeg: 
07-05 16:57:58.172 22898 23769 I mobile-ffmpeg:     minor_version   : 
07-05 16:57:58.172 22898 23769 I mobile-ffmpeg: 1
07-05 16:57:58.172 22898 23769 I mobile-ffmpeg: 
07-05 16:57:58.172 22898 23769 I mobile-ffmpeg:     compatible_brands: 
07-05 16:57:58.172 22898 23769 I mobile-ffmpeg: mp42mp42
07-05 16:57:58.172 22898 23769 I mobile-ffmpeg: 
07-05 16:57:58.172 22898 23769 I mobile-ffmpeg:   Duration: 
07-05 16:57:58.172 22898 23769 I mobile-ffmpeg: 00:01:00.02
07-05 16:57:58.172 22898 23769 I mobile-ffmpeg: , start: 
07-05 16:57:58.172 22898 23769 I mobile-ffmpeg: 0.000000
07-05 16:57:58.172 22898 23769 I mobile-ffmpeg: , bitrate: 
07-05 16:57:58.172 22898 23769 I mobile-ffmpeg: 9328 kb/s
07-05 16:57:58.172 22898 23769 I mobile-ffmpeg: 
07-05 16:57:58.172 22898 23769 I mobile-ffmpeg:     Stream #0:0
07-05 16:57:58.172 22898 23769 I mobile-ffmpeg: (eng)
07-05 16:57:58.172 22898 23769 I mobile-ffmpeg: : Video: h264 (avc1 / 0x31637661), yuvj420p(pc, bt709), 1280x720, 8383 kb/s
07-05 16:57:58.172 22898 23769 I mobile-ffmpeg: , 
07-05 16:57:58.172 22898 23769 I mobile-ffmpeg: 29.97 fps, 
07-05 16:57:58.172 22898 23769 I mobile-ffmpeg: 29.97 tbr, 
07-05 16:57:58.172 22898 23769 I mobile-ffmpeg: 1k tbn, 
07-05 16:57:58.172 22898 23769 I mobile-ffmpeg: 2k tbc
07-05 16:57:58.172 22898 23769 I mobile-ffmpeg:  (default)
07-05 16:57:58.172 22898 23769 I mobile-ffmpeg: 
07-05 16:57:58.172 22898 23769 I mobile-ffmpeg:     Metadata:
07-05 16:57:58.172 22898 23769 I mobile-ffmpeg:       creation_time   : 
07-05 16:57:58.172 22898 23769 I mobile-ffmpeg: 2020-03-12T08:50:30.000000Z
07-05 16:57:58.173 22898 23769 I mobile-ffmpeg: 
07-05 16:57:58.173 22898 23769 I mobile-ffmpeg:       handler_name    : 
07-05 16:57:58.173 22898 23769 I mobile-ffmpeg: PittaSoft Video Media Handler
07-05 16:57:58.173 22898 23769 I mobile-ffmpeg: 
07-05 16:57:58.173 22898 23769 I mobile-ffmpeg:     Stream #0:1
07-05 16:57:58.173 22898 23769 I mobile-ffmpeg: (eng)
07-05 16:57:58.173 22898 23769 I mobile-ffmpeg: : Audio: aac (mp4a / 0x6134706D), 16000 Hz, stereo, fltp, 47 kb/s
07-05 16:57:58.173 22898 23769 I mobile-ffmpeg:  (default)
07-05 16:57:58.173 22898 23769 I mobile-ffmpeg: 
07-05 16:57:58.173 22898 23769 I mobile-ffmpeg:     Metadata:
07-05 16:57:58.173 22898 23769 I mobile-ffmpeg:       creation_time   : 
07-05 16:57:58.173 22898 23769 I mobile-ffmpeg: 2020-03-12T08:50:30.000000Z
07-05 16:57:58.173 22898 23769 I mobile-ffmpeg: 
07-05 16:57:58.173 22898 23769 I mobile-ffmpeg:       handler_name    : 
07-05 16:57:58.173 22898 23769 I mobile-ffmpeg: PittaSoft Sound Media Handler
07-05 16:57:58.173 22898 23769 I mobile-ffmpeg: 
07-05 16:57:58.183 22898 23662 V FileManager: External storage is readable
07-05 16:57:58.184 22898 23662 V FileManager: Created new directory: /storage/emulated/0/Movies/segment/20200312_194930
07-05 16:57:58.185 22898 23662 V FfmpegTools: Splitting /storage/emulated/0/Movies/raw/20200312_194930.mp4 with 16s long segments
07-05 16:57:58.185 22898 23662 I FfmpegTools: Running ffmpeg with:
07-05 16:57:58.185 22898 23662 I FfmpegTools:   -y -i /storage/emulated/0/Movies/raw/20200312_194930.mp4 -map 0 -c copy -f segment -reset_timestamps 1 -segment_time 16 /storage/emulated/0/Movies/segment/20200312_194930/20200312_194930!%03d.mp4
07-05 16:57:58.194 22898 23769 W mobile-ffmpeg: [mov,mp4,m4a,3gp,3g2,mj2 @ 0x779b3c2c00] Found duplicated MOOV Atom. Skipped it
07-05 16:57:58.245 22898 23769 I mobile-ffmpeg: Input #0, mov,mp4,m4a,3gp,3g2,mj2, from '/storage/emulated/0/Movies/raw/20200312_194930.mp4':
07-05 16:57:58.245 22898 23769 I mobile-ffmpeg:   Metadata:
07-05 16:57:58.245 22898 23769 I mobile-ffmpeg:     creation_time   : 
07-05 16:57:58.245 22898 23769 I mobile-ffmpeg: 2020-03-12T08:50:30.000000Z
07-05 16:57:58.245 22898 23769 I mobile-ffmpeg: 
07-05 16:57:58.245 22898 23769 I mobile-ffmpeg:     major_brand     : 
07-05 16:57:58.245 22898 23769 I mobile-ffmpeg: mp42
07-05 16:57:58.245 22898 23769 I mobile-ffmpeg: 
07-05 16:57:58.245 22898 23769 I mobile-ffmpeg:     minor_version   : 
07-05 16:57:58.245 22898 23769 I mobile-ffmpeg: 1
07-05 16:57:58.245 22898 23769 I mobile-ffmpeg: 
07-05 16:57:58.245 22898 23769 I mobile-ffmpeg:     compatible_brands: 
07-05 16:57:58.245 22898 23769 I mobile-ffmpeg: mp42mp42
