07-05 16:55:43.268 22898 22898 W NearbyFragment: Sending 20200312_194129!002.mp4 to Nexus 5X [34d8]
07-05 16:55:43.703 22898 22898 V NearbyFragment: Transfer to Endpoint{id=09sQ, name=Nexus 5X [34d8]} complete
07-05 16:55:43.920 22898 22898 V NearbyFragment: Transfer to Endpoint{id=09sQ, name=Nexus 5X [34d8]} complete
07-05 16:55:49.243 22898 22898 V NearbyFragment: Transfer to Endpoint{id=09sQ, name=Nexus 5X [34d8]} complete
07-05 16:55:49.871 22898 22898 D NearbyFragment: onPayloadReceived(endpointId=09sQ, payload=com.google.android.gms.nearby.connection.Payload@34c07af)
07-05 16:55:49.874 22898 22898 D NearbyFragment: 20200312_193628!000.mp4 from Endpoint{id=09sQ, name=Nexus 5X [34d8]} contained no activity
07-05 16:55:49.876 22898 22898 V NearbyFragment: Received a segment of 20200312_193628
07-05 16:55:49.880 22898 22898 V NearbyFragment: nextTransfer with selected algorithm: best
07-05 16:55:49.886 22898 22898 W NearbyFragment: Sending 20200312_194129!003.mp4 to Nexus 5X [34d8]
07-05 16:55:49.918 22898 22898 V NearbyFragment: Transfer to Endpoint{id=09sQ, name=Nexus 5X [34d8]} complete
07-05 16:55:50.037 22898 22898 V NearbyFragment: Transfer to Endpoint{id=09sQ, name=Nexus 5X [34d8]} complete
07-05 16:55:50.853 22898 22898 D NearbyFragment: onPayloadReceived(endpointId=09sQ, payload=com.google.android.gms.nearby.connection.Payload@1dd1a9a)
07-05 16:55:50.856 22898 22898 D NearbyFragment: Endpoint{id=09sQ, name=Nexus 5X [34d8]} has finished downloading 20200312_194129!001.mp4
07-05 16:55:50.857 22898 22898 I NearbyFragment: Transfer queue is empty
07-05 16:55:51.166 22898 22898 V NearbyFragment: Transfer to Endpoint{id=09sQ, name=Nexus 5X [34d8]} complete
07-05 16:55:55.502 22898 22898 V NearbyFragment: Transfer to Endpoint{id=09sQ, name=Nexus 5X [34d8]} complete
07-05 16:55:58.408 22898 22898 D NearbyFragment: onPayloadReceived(endpointId=09sQ, payload=com.google.android.gms.nearby.connection.Payload@65b6fcb)
07-05 16:55:58.410 22898 22898 D NearbyFragment: Endpoint{id=09sQ, name=Nexus 5X [34d8]} has finished downloading 20200312_194129!002.mp4
07-05 16:55:58.411 22898 22898 I NearbyFragment: Transfer queue is empty
07-05 16:55:58.727 22898 22898 V NearbyFragment: Transfer to Endpoint{id=09sQ, name=Nexus 5X [34d8]} complete
07-05 16:55:59.706 22898 22898 D NearbyFragment: onPayloadReceived(endpointId=09sQ, payload=com.google.android.gms.nearby.connection.Payload@300a3a8)
07-05 16:55:59.707 22898 22898 D NearbyFragment: 20200312_193628!001.mp4 from Endpoint{id=09sQ, name=Nexus 5X [34d8]} contained no activity
07-05 16:55:59.708 22898 22898 V NearbyFragment: Received a segment of 20200312_193628
07-05 16:55:59.708 22898 22898 I NearbyFragment: Transfer queue is empty
07-05 16:55:59.881 22898 22898 V NearbyFragment: Transfer to Endpoint{id=09sQ, name=Nexus 5X [34d8]} complete
07-05 16:56:00.825 22898 22898 V NearbyFragment: Transfer to Endpoint{id=09sQ, name=Nexus 5X [34d8]} complete
07-05 16:56:02.240 22898 23662 V VideoManager: Retrieving video from /storage/emulated/0/Movies/raw/20200312_194229.mp4
07-05 16:56:02.249 22898 23662 D VideoManager: videoCursor is null
07-05 16:56:02.294 22898 23662 V VideoManager: videoFromCursor
07-05 16:56:02.298 22898 23662 W DashDownloadManager: Successfully downloaded 20200312_194229.mp4 in 24.664s
07-05 16:56:02.299 22898 23662 V DownloadTestVideosTask: Entering callback for download completion of 20200312_194229.mp4
07-05 16:56:02.299 22898 23662 V RawFootageEventHandler: onAdd
07-05 16:56:02.300 22898 23662 V FfmpegTools: Retrieving duration of /storage/emulated/0/Movies/raw/20200312_194229.mp4
07-05 16:56:02.308 22898 23769 W mobile-ffmpeg: [mov,mp4,m4a,3gp,3g2,mj2 @ 0x77b4458400] Found duplicated MOOV Atom. Skipped it
07-05 16:56:02.385 22898 23769 I mobile-ffmpeg: Input #0, mov,mp4,m4a,3gp,3g2,mj2, from '/storage/emulated/0/Movies/raw/20200312_194229.mp4':
07-05 16:56:02.385 22898 23769 I mobile-ffmpeg:   Metadata:
07-05 16:56:02.385 22898 23769 I mobile-ffmpeg:     creation_time   : 
07-05 16:56:02.385 22898 23769 I mobile-ffmpeg: 2020-03-12T08:43:29.000000Z
07-05 16:56:02.386 22898 23769 I mobile-ffmpeg: 
07-05 16:56:02.386 22898 23769 I mobile-ffmpeg:     major_brand     : 
07-05 16:56:02.386 22898 23769 I mobile-ffmpeg: mp42
07-05 16:56:02.386 22898 23769 I mobile-ffmpeg: 
07-05 16:56:02.386 22898 23769 I mobile-ffmpeg:     minor_version   : 
07-05 16:56:02.386 22898 23769 I mobile-ffmpeg: 1
07-05 16:56:02.386 22898 23769 I mobile-ffmpeg: 
07-05 16:56:02.386 22898 23769 I mobile-ffmpeg:     compatible_brands: 
07-05 16:56:02.386 22898 23769 I mobile-ffmpeg: mp42mp42
07-05 16:56:02.386 22898 23769 I mobile-ffmpeg: 
07-05 16:56:02.386 22898 23769 I mobile-ffmpeg:   Duration: 
07-05 16:56:02.386 22898 23769 I mobile-ffmpeg: 00:01:00.02
07-05 16:56:02.386 22898 23769 I mobile-ffmpeg: , start: 
07-05 16:56:02.386 22898 23769 I mobile-ffmpeg: 0.000000
07-05 16:56:02.386 22898 23769 I mobile-ffmpeg: , bitrate: 
07-05 16:56:02.386 22898 23769 I mobile-ffmpeg: 9328 kb/s
07-05 16:56:02.386 22898 23769 I mobile-ffmpeg: 
07-05 16:56:02.386 22898 23769 I mobile-ffmpeg:     Stream #0:0
07-05 16:56:02.386 22898 23769 I mobile-ffmpeg: (eng)
07-05 16:56:02.386 22898 23769 I mobile-ffmpeg: : Video: h264 (avc1 / 0x31637661), yuvj420p(pc, bt709), 1280x720, 8399 kb/s
07-05 16:56:02.386 22898 23769 I mobile-ffmpeg: , 
07-05 16:56:02.386 22898 23769 I mobile-ffmpeg: 29.97 fps, 
07-05 16:56:02.386 22898 23769 I mobile-ffmpeg: 29.97 tbr, 
07-05 16:56:02.386 22898 23769 I mobile-ffmpeg: 1k tbn, 
07-05 16:56:02.387 22898 23769 I mobile-ffmpeg: 2k tbc
07-05 16:56:02.387 22898 23769 I mobile-ffmpeg:  (default)
07-05 16:56:02.387 22898 23769 I mobile-ffmpeg: 
07-05 16:56:02.387 22898 23769 I mobile-ffmpeg:     Metadata:
07-05 16:56:02.387 22898 23769 I mobile-ffmpeg:       creation_time   : 
07-05 16:56:02.387 22898 23769 I mobile-ffmpeg: 2020-03-12T08:43:29.000000Z
07-05 16:56:02.387 22898 23769 I mobile-ffmpeg: 
07-05 16:56:02.387 22898 23769 I mobile-ffmpeg:       handler_name    : 
07-05 16:56:02.387 22898 23769 I mobile-ffmpeg: PittaSoft Video Media Handler
07-05 16:56:02.387 22898 23769 I mobile-ffmpeg: 
07-05 16:56:02.387 22898 23769 I mobile-ffmpeg:     Stream #0:1
07-05 16:56:02.387 22898 23769 I mobile-ffmpeg: (eng)
07-05 16:56:02.387 22898 23769 I mobile-ffmpeg: : Audio: aac (mp4a / 0x6134706D), 16000 Hz, stereo, fltp, 47 kb/s
07-05 16:56:02.387 22898 23769 I mobile-ffmpeg:  (default)
07-05 16:56:02.387 22898 23769 I mobile-ffmpeg: 
07-05 16:56:02.387 22898 23769 I mobile-ffmpeg:     Metadata:
07-05 16:56:02.387 22898 23769 I mobile-ffmpeg:       creation_time   : 
07-05 16:56:02.387 22898 23769 I mobile-ffmpeg: 2020-03-12T08:43:29.000000Z
07-05 16:56:02.387 22898 23769 I mobile-ffmpeg: 
07-05 16:56:02.387 22898 23769 I mobile-ffmpeg:       handler_name    : 
07-05 16:56:02.387 22898 23769 I mobile-ffmpeg: PittaSoft Sound Media Handler
07-05 16:56:02.387 22898 23769 I mobile-ffmpeg: 
07-05 16:56:02.396 22898 23662 V FileManager: External storage is readable
07-05 16:56:02.397 22898 23662 V FileManager: Created new directory: /storage/emulated/0/Movies/segment/20200312_194229
07-05 16:56:02.397 22898 23662 V FfmpegTools: Splitting /storage/emulated/0/Movies/raw/20200312_194229.mp4 with 16s long segments
07-05 16:56:02.397 22898 23662 I FfmpegTools: Running ffmpeg with:
07-05 16:56:02.397 22898 23662 I FfmpegTools:   -y -i /storage/emulated/0/Movies/raw/20200312_194229.mp4 -map 0 -c copy -f segment -reset_timestamps 1 -segment_time 16 /storage/emulated/0/Movies/segment/20200312_194229/20200312_194229!%03d.mp4
07-05 16:56:02.406 22898 23769 W mobile-ffmpeg: [mov,mp4,m4a,3gp,3g2,mj2 @ 0x77b4458400] Found duplicated MOOV Atom. Skipped it
07-05 16:56:02.417 22898 22898 D NearbyFragment: onPayloadReceived(endpointId=09sQ, payload=com.google.android.gms.nearby.connection.Payload@1e24666)
07-05 16:56:02.417 22898 22898 D NearbyFragment: Endpoint{id=09sQ, name=Nexus 5X [34d8]} has finished downloading 20200312_194129!003.mp4
07-05 16:56:02.418 22898 22898 I NearbyFragment: Transfer queue is empty
07-05 16:56:02.461 22898 23769 I mobile-ffmpeg: Input #0, mov,mp4,m4a,3gp,3g2,mj2, from '/storage/emulated/0/Movies/raw/20200312_194229.mp4':
07-05 16:56:02.461 22898 23769 I mobile-ffmpeg:   Metadata:
07-05 16:56:02.461 22898 23769 I mobile-ffmpeg:     creation_time   : 
07-05 16:56:02.461 22898 23769 I mobile-ffmpeg: 2020-03-12T08:43:29.000000Z
07-05 16:56:02.461 22898 23769 I mobile-ffmpeg: 
07-05 16:56:02.461 22898 23769 I mobile-ffmpeg:     major_brand     : 
07-05 16:56:02.462 22898 23769 I mobile-ffmpeg: mp42
07-05 16:56:02.462 22898 23769 I mobile-ffmpeg: 
07-05 16:56:02.462 22898 23769 I mobile-ffmpeg:     minor_version   : 
07-05 16:56:02.462 22898 23769 I mobile-ffmpeg: 1
07-05 16:56:02.462 22898 23769 I mobile-ffmpeg: 
07-05 16:56:02.462 22898 23769 I mobile-ffmpeg:     compatible_brands: 
07-05 16:56:02.462 22898 23769 I mobile-ffmpeg: mp42mp42
07-05 16:56:02.462 22898 23769 I mobile-ffmpeg: 
07-05 16:56:02.462 22898 23769 I mobile-ffmpeg:   Duration: 
07-05 16:56:02.462 22898 23769 I mobile-ffmpeg: 00:01:00.02
07-05 16:56:02.462 22898 23769 I mobile-ffmpeg: , start: 
07-05 16:56:02.462 22898 23769 I mobile-ffmpeg: 0.000000
07-05 16:56:02.462 22898 23769 I mobile-ffmpeg: , bitrate: 
07-05 16:56:02.462 22898 23769 I mobile-ffmpeg: 9328 kb/s
07-05 16:56:02.462 22898 23769 I mobile-ffmpeg: 
07-05 16:56:02.462 22898 23769 I mobile-ffmpeg:     Stream #0:0
07-05 16:56:02.462 22898 23769 I mobile-ffmpeg: (eng)
07-05 16:56:02.462 22898 23769 I mobile-ffmpeg: : Video: h264 (avc1 / 0x31637661), yuvj420p(pc, bt709), 1280x720, 8399 kb/s
07-05 16:56:02.462 22898 23769 I mobile-ffmpeg: , 
07-05 16:56:02.462 22898 23769 I mobile-ffmpeg: 29.97 fps, 
07-05 16:56:02.462 22898 23769 I mobile-ffmpeg: 29.97 tbr, 
07-05 16:56:02.462 22898 23769 I mobile-ffmpeg: 1k tbn, 
07-05 16:56:02.462 22898 23769 I mobile-ffmpeg: 2k tbc
07-05 16:56:02.462 22898 23769 I mobile-ffmpeg:  (default)
07-05 16:56:02.462 22898 23769 I mobile-ffmpeg: 
07-05 16:56:02.462 22898 23769 I mobile-ffmpeg:     Metadata:
07-05 16:56:02.462 22898 23769 I mobile-ffmpeg:       creation_time   : 
07-05 16:56:02.462 22898 23769 I mobile-ffmpeg: 2020-03-12T08:43:29.000000Z
07-05 16:56:02.462 22898 23769 I mobile-ffmpeg: 
07-05 16:56:02.462 22898 23769 I mobile-ffmpeg:       handler_name    : 
07-05 16:56:02.462 22898 23769 I mobile-ffmpeg: PittaSoft Video Media Handler
07-05 16:56:02.462 22898 23769 I mobile-ffmpeg: 
07-05 16:56:02.462 22898 23769 I mobile-ffmpeg:     Stream #0:1
07-05 16:56:02.462 22898 23769 I mobile-ffmpeg: (eng)
07-05 16:56:02.462 22898 23769 I mobile-ffmpeg: : Audio: aac (mp4a / 0x6134706D), 16000 Hz, stereo, fltp, 47 kb/s
07-05 16:56:02.462 22898 23769 I mobile-ffmpeg:  (default)
07-05 16:56:02.462 22898 23769 I mobile-ffmpeg: 
07-05 16:56:02.462 22898 23769 I mobile-ffmpeg:     Metadata:
07-05 16:56:02.462 22898 23769 I mobile-ffmpeg:       creation_time   : 
07-05 16:56:02.463 22898 23769 I mobile-ffmpeg: 2020-03-12T08:43:29.000000Z
07-05 16:56:02.463 22898 23769 I mobile-ffmpeg: 
07-05 16:56:02.463 22898 23769 I mobile-ffmpeg:       handler_name    : 
07-05 16:56:02.463 22898 23769 I mobile-ffmpeg: PittaSoft Sound Media Handler
07-05 16:56:02.463 22898 23769 I mobile-ffmpeg: 
07-05 16:56:02.463 22898 23769 I mobile-ffmpeg: [segment @ 0x779b2f8e00] Opening '/storage/emulated/0/Movies/segment/20200312_194229/20200312_194229!000.mp4' for writing
07-05 16:56:02.463 22898 23769 I mobile-ffmpeg: Output #0, segment, to '/storage/emulated/0/Movies/segment/20200312_194229/20200312_194229!%03d.mp4':
07-05 16:56:02.463 22898 23769 I mobile-ffmpeg:   Metadata:
07-05 16:56:02.463 22898 23769 I mobile-ffmpeg:     compatible_brands: 
07-05 16:56:02.463 22898 23769 I mobile-ffmpeg: mp42mp42
07-05 16:56:02.463 22898 23769 I mobile-ffmpeg: 
07-05 16:56:02.463 22898 23769 I mobile-ffmpeg:     major_brand     : 
07-05 16:56:02.463 22898 23769 I mobile-ffmpeg: mp42
07-05 16:56:02.463 22898 23769 I mobile-ffmpeg: 
07-05 16:56:02.463 22898 23769 I mobile-ffmpeg:     minor_version   : 
07-05 16:56:02.463 22898 23769 I mobile-ffmpeg: 1
07-05 16:56:02.463 22898 23769 I mobile-ffmpeg: 
07-05 16:56:02.463 22898 23769 I mobile-ffmpeg:     encoder         : 
07-05 16:56:02.464 22898 23769 I mobile-ffmpeg: Lavf58.42.100
07-05 16:56:02.464 22898 23769 I mobile-ffmpeg: 
07-05 16:56:02.464 22898 23769 I mobile-ffmpeg:     Stream #0:0
07-05 16:56:02.464 22898 23769 I mobile-ffmpeg: (eng)
07-05 16:56:02.464 22898 23769 I mobile-ffmpeg: : Video: h264 (avc1 / 0x31637661), yuvj420p(pc, bt709), 1280x720, q=2-31, 8399 kb/s
07-05 16:56:02.464 22898 23769 I mobile-ffmpeg: , 
07-05 16:56:02.464 22898 23769 I mobile-ffmpeg: 29.97 fps, 
07-05 16:56:02.464 22898 23769 I mobile-ffmpeg: 29.97 tbr, 
07-05 16:56:02.464 22898 23769 I mobile-ffmpeg: 16k tbn, 
07-05 16:56:02.464 22898 23769 I mobile-ffmpeg: 1k tbc
07-05 16:56:02.464 22898 23769 I mobile-ffmpeg:  (default)
07-05 16:56:02.464 22898 23769 I mobile-ffmpeg: 
07-05 16:56:02.464 22898 23769 I mobile-ffmpeg:     Metadata:
07-05 16:56:02.464 22898 23769 I mobile-ffmpeg:       creation_time   : 
07-05 16:56:02.464 22898 23769 I mobile-ffmpeg: 2020-03-12T08:43:29.000000Z
07-05 16:56:02.464 22898 23769 I mobile-ffmpeg: 
07-05 16:56:02.464 22898 23769 I mobile-ffmpeg:       handler_name    : 
07-05 16:56:02.464 22898 23769 I mobile-ffmpeg: PittaSoft Video Media Handler
07-05 16:56:02.464 22898 23769 I mobile-ffmpeg: 
07-05 16:56:02.464 22898 23769 I mobile-ffmpeg:     Stream #0:1
07-05 16:56:02.464 22898 23769 I mobile-ffmpeg: (eng)
07-05 16:56:02.464 22898 23769 I mobile-ffmpeg: : Audio: aac (mp4a / 0x6134706D), 16000 Hz, stereo, fltp, 47 kb/s
07-05 16:56:02.464 22898 23769 I mobile-ffmpeg:  (default)
07-05 16:56:02.464 22898 23769 I mobile-ffmpeg: 
07-05 16:56:02.464 22898 23769 I mobile-ffmpeg:     Metadata:
07-05 16:56:02.464 22898 23769 I mobile-ffmpeg:       creation_time   : 
07-05 16:56:02.464 22898 23769 I mobile-ffmpeg: 2020-03-12T08:43:29.000000Z
07-05 16:56:02.464 22898 23769 I mobile-ffmpeg: 
07-05 16:56:02.464 22898 23769 I mobile-ffmpeg:       handler_name    : 
07-05 16:56:02.464 22898 23769 I mobile-ffmpeg: PittaSoft Sound Media Handler
07-05 16:56:02.464 22898 23769 I mobile-ffmpeg: 
07-05 16:56:02.464 22898 23769 I mobile-ffmpeg: Stream mapping:
07-05 16:56:02.464 22898 23769 I mobile-ffmpeg:   Stream #0:0 -> #0:0
07-05 16:56:02.464 22898 23769 I mobile-ffmpeg:  (copy)
07-05 16:56:02.464 22898 23769 I mobile-ffmpeg: 
07-05 16:56:02.465 22898 23769 I mobile-ffmpeg:   Stream #0:1 -> #0:1
07-05 16:56:02.465 22898 23769 I mobile-ffmpeg:  (copy)
07-05 16:56:02.465 22898 23769 I mobile-ffmpeg: 
07-05 16:56:02.465 22898 23769 I mobile-ffmpeg: Press [q] to stop, [?] for help
07-05 16:56:02.465 22898 23769 I mobile-ffmpeg: frame=    1 fps=0.0 q=-1.0 size=N/A time=00:00:00.00 bitrate=N/A speed=  63x    
07-05 16:56:02.540 22898 23769 I mobile-ffmpeg: [segment @ 0x779b2f8e00] Opening '/storage/emulated/0/Movies/segment/20200312_194229/20200312_194229!001.mp4' for writing
07-05 16:56:02.598 22898 23769 I mobile-ffmpeg: [segment @ 0x779b2f8e00] Opening '/storage/emulated/0/Movies/segment/20200312_194229/20200312_194229!002.mp4' for writing
07-05 16:56:02.611 22898 22898 V NearbyFragment: Transfer to Endpoint{id=09sQ, name=Nexus 5X [34d8]} complete
07-05 16:56:02.653 22898 23769 I mobile-ffmpeg: [segment @ 0x779b2f8e00] Opening '/storage/emulated/0/Movies/segment/20200312_194229/20200312_194229!003.mp4' for writing
07-05 16:56:02.694 22898 23769 I mobile-ffmpeg: frame= 1800 fps=0.0 q=-1.0 Lsize=N/A time=00:01:00.01 bitrate=N/A speed= 261x    
07-05 16:56:02.694 22898 23769 I mobile-ffmpeg: video:61542kB audio:345kB subtitle:0kB other streams:0kB global headers:0kB muxing overhead: 
07-05 16:56:02.694 22898 23769 I mobile-ffmpeg: unknown
07-05 16:56:02.694 22898 23769 I mobile-ffmpeg: 
07-05 16:56:02.697 22898 23662 V FileManager: External storage is readable
07-05 16:56:02.697 22898 23662 V FileManager: Directory already exists: /storage/emulated/0/Movies/segment/20200312_194229
07-05 16:56:02.697 22898 23662 V VideoManager: Retrieving videos from /storage/emulated/0/Movies/segment/20200312_194229
07-05 16:56:02.698 22898 23662 V VideoManager: Retrieving video from /storage/emulated/0/Movies/segment/20200312_194229/20200312_194229!000.mp4
07-05 16:56:02.707 22898 23662 D VideoManager: videoCursor is null
07-05 16:56:02.740 22898 23662 V VideoManager: videoFromCursor
07-05 16:56:02.745 22898 23662 V VideoManager: Retrieving video from /storage/emulated/0/Movies/segment/20200312_194229/20200312_194229!001.mp4
07-05 16:56:02.753 22898 23662 D VideoManager: videoCursor is null
07-05 16:56:03.031 22898 23662 V VideoManager: videoFromCursor
07-05 16:56:03.034 22898 23662 V VideoManager: Retrieving video from /storage/emulated/0/Movies/segment/20200312_194229/20200312_194229!002.mp4
07-05 16:56:03.043 22898 23662 D VideoManager: videoCursor is null
07-05 16:56:03.076 22898 23662 V VideoManager: videoFromCursor
07-05 16:56:03.080 22898 23662 V VideoManager: Retrieving video from /storage/emulated/0/Movies/segment/20200312_194229/20200312_194229!003.mp4
07-05 16:56:03.089 22898 23662 D VideoManager: videoCursor is null
07-05 16:56:03.117 22898 23662 V VideoManager: videoFromCursor
07-05 16:56:03.122 22898 23662 V NearbyFragment: nextTransfer with selected algorithm: best
07-05 16:56:03.125 22898 23662 W NearbyFragment: Sending 20200312_194229!000.mp4 to Nexus 5X [34d8]
07-05 16:56:03.137 22898 22898 V NearbyFragment: Transfer to Endpoint{id=09sQ, name=Nexus 5X [34d8]} complete
07-05 16:56:04.128 22898 23662 V DownloadTestVideosTask: Starting DownloadTestVideosTask
07-05 16:56:04.131 22898 23662 V DashDownloadManager: Started downloading: 20200312_194330.mp4
07-05 16:56:04.135 22898 23662 I System.out: (HTTPLog)-Static: isSBSettingEnabled false
07-05 16:56:04.136 22898 23662 I System.out: (HTTPLog)-Static: isSBSettingEnabled false
07-05 16:56:04.216 22898 23662 I System.out: (HTTPLog)-Thread-1670-125883901: getTransferStream : ContentLength=69990400, method=GET, HTTPVersion=http/1.1
07-05 16:56:08.426 22898 22898 V NearbyFragment: Transfer to Endpoint{id=09sQ, name=Nexus 5X [34d8]} complete
07-05 16:56:09.726 22898 22898 D NearbyFragment: onPayloadReceived(endpointId=09sQ, payload=com.google.android.gms.nearby.connection.Payload@1bc62f2)
07-05 16:56:09.727 22898 22898 D NearbyFragment: 20200312_193628!002.mp4 from Endpoint{id=09sQ, name=Nexus 5X [34d8]} contained no activity
07-05 16:56:09.727 22898 22898 V NearbyFragment: Received a segment of 20200312_193628
07-05 16:56:09.728 22898 22898 V NearbyFragment: nextTransfer with selected algorithm: best
07-05 16:56:09.729 22898 22898 W NearbyFragment: Sending 20200312_194229!001.mp4 to Nexus 5X [34d8]
07-05 16:56:09.739 22898 22898 V NearbyFragment: Transfer to Endpoint{id=09sQ, name=Nexus 5X [34d8]} complete
07-05 16:56:09.882 22898 22898 V NearbyFragment: Transfer to Endpoint{id=09sQ, name=Nexus 5X [34d8]} complete
07-05 16:56:10.279 22898 22898 D NearbyFragment: onPayloadReceived(endpointId=09sQ, payload=com.google.android.gms.nearby.connection.Payload@a09d4f9)
07-05 16:56:10.280 22898 22898 D NearbyFragment: Endpoint{id=09sQ, name=Nexus 5X [34d8]} has finished downloading 20200312_194229!000.mp4
07-05 16:56:10.281 22898 22898 V NearbyFragment: nextTransfer with selected algorithm: best
07-05 16:56:10.283 22898 22898 W NearbyFragment: Sending 20200312_194229!002.mp4 to Nexus 5X [34d8]
07-05 16:56:10.308 22898 22898 V NearbyFragment: Transfer to Endpoint{id=09sQ, name=Nexus 5X [34d8]} complete
07-05 16:56:10.413 22898 22898 V NearbyFragment: Transfer to Endpoint{id=09sQ, name=Nexus 5X [34d8]} complete
07-05 16:56:14.374 22898 22898 V NearbyFragment: Transfer to Endpoint{id=09sQ, name=Nexus 5X [34d8]} complete
07-05 16:56:16.932 22898 22898 D NearbyFragment: onPayloadReceived(endpointId=09sQ, payload=com.google.android.gms.nearby.connection.Payload@5f397ec)
07-05 16:56:16.932 22898 22898 D NearbyFragment: Endpoint{id=09sQ, name=Nexus 5X [34d8]} has finished downloading 20200312_194229!001.mp4
07-05 16:56:16.933 22898 22898 V NearbyFragment: nextTransfer with selected algorithm: best
07-05 16:56:16.934 22898 22898 W NearbyFragment: Sending 20200312_194229!003.mp4 to Nexus 5X [34d8]
07-05 16:56:16.966 22898 22898 V NearbyFragment: Transfer to Endpoint{id=09sQ, name=Nexus 5X [34d8]} complete
07-05 16:56:17.099 22898 22898 V NearbyFragment: Transfer to Endpoint{id=09sQ, name=Nexus 5X [34d8]} complete
07-05 16:56:20.474 22898 22898 V NearbyFragment: Transfer to Endpoint{id=09sQ, name=Nexus 5X [34d8]} complete
07-05 16:56:21.708 22898 22898 D NearbyFragment: onPayloadReceived(endpointId=09sQ, payload=com.google.android.gms.nearby.connection.Payload@e0be1bb)
07-05 16:56:21.710 22898 22898 D NearbyFragment: Endpoint{id=09sQ, name=Nexus 5X [34d8]} has finished downloading 20200312_194229!002.mp4
07-05 16:56:21.712 22898 22898 I NearbyFragment: Transfer queue is empty
07-05 16:56:21.987 22898 22898 V NearbyFragment: Transfer to Endpoint{id=09sQ, name=Nexus 5X [34d8]} complete
07-05 16:56:24.289 22898 22898 V NearbyFragment: Transfer to Endpoint{id=09sQ, name=Nexus 5X [34d8]} complete
07-05 16:56:24.704 22898 22898 D NearbyFragment: onPayloadReceived(endpointId=09sQ, payload=com.google.android.gms.nearby.connection.Payload@b7846d8)
07-05 16:56:24.704 22898 22898 D NearbyFragment: Endpoint{id=09sQ, name=Nexus 5X [34d8]} has finished downloading 20200312_194229!003.mp4
07-05 16:56:24.704 22898 22898 I NearbyFragment: Transfer queue is empty
07-05 16:56:24.756 22898 22898 V NearbyFragment: Transfer to Endpoint{id=09sQ, name=Nexus 5X [34d8]} complete
07-05 16:56:26.986 22898 23662 V VideoManager: Retrieving video from /storage/emulated/0/Movies/raw/20200312_194330.mp4
07-05 16:56:27.008 22898 23662 D VideoManager: videoCursor is null
07-05 16:56:27.115 22898 23662 V VideoManager: videoFromCursor
07-05 16:56:27.120 22898 23662 W DashDownloadManager: Successfully downloaded 20200312_194330.mp4 in 22.855s
07-05 16:56:27.121 22898 23662 V DownloadTestVideosTask: Entering callback for download completion of 20200312_194330.mp4
07-05 16:56:27.122 22898 23662 V RawFootageEventHandler: onAdd
07-05 16:56:27.123 22898 23662 V FfmpegTools: Retrieving duration of /storage/emulated/0/Movies/raw/20200312_194330.mp4
07-05 16:56:27.132 22898 23769 W mobile-ffmpeg: [mov,mp4,m4a,3gp,3g2,mj2 @ 0x77b4458400] Found duplicated MOOV Atom. Skipped it
07-05 16:56:27.187 22898 23769 I mobile-ffmpeg: Input #0, mov,mp4,m4a,3gp,3g2,mj2, from '/storage/emulated/0/Movies/raw/20200312_194330.mp4':
07-05 16:56:27.187 22898 23769 I mobile-ffmpeg:   Metadata:
07-05 16:56:27.187 22898 23769 I mobile-ffmpeg:     creation_time   : 
07-05 16:56:27.187 22898 23769 I mobile-ffmpeg: 2020-03-12T08:44:29.000000Z
07-05 16:56:27.187 22898 23769 I mobile-ffmpeg: 
07-05 16:56:27.187 22898 23769 I mobile-ffmpeg:     major_brand     : 
07-05 16:56:27.187 22898 23769 I mobile-ffmpeg: mp42
07-05 16:56:27.187 22898 23769 I mobile-ffmpeg: 
07-05 16:56:27.187 22898 23769 I mobile-ffmpeg:     minor_version   : 
07-05 16:56:27.187 22898 23769 I mobile-ffmpeg: 1
07-05 16:56:27.187 22898 23769 I mobile-ffmpeg: 
07-05 16:56:27.187 22898 23769 I mobile-ffmpeg:     compatible_brands: 
07-05 16:56:27.187 22898 23769 I mobile-ffmpeg: mp42mp42
07-05 16:56:27.187 22898 23769 I mobile-ffmpeg: 
07-05 16:56:27.187 22898 23769 I mobile-ffmpeg:   Duration: 
07-05 16:56:27.187 22898 23769 I mobile-ffmpeg: 00:01:00.02
07-05 16:56:27.187 22898 23769 I mobile-ffmpeg: , start: 
07-05 16:56:27.187 22898 23769 I mobile-ffmpeg: 0.000000
07-05 16:56:27.187 22898 23769 I mobile-ffmpeg: , bitrate: 
07-05 16:56:27.187 22898 23769 I mobile-ffmpeg: 9328 kb/s
07-05 16:56:27.187 22898 23769 I mobile-ffmpeg: 
07-05 16:56:27.187 22898 23769 I mobile-ffmpeg:     Stream #0:0
07-05 16:56:27.187 22898 23769 I mobile-ffmpeg: (eng)
07-05 16:56:27.188 22898 23769 I mobile-ffmpeg: : Video: h264 (avc1 / 0x31637661), yuvj420p(pc, bt709), 1280x720, 8381 kb/s
07-05 16:56:27.188 22898 23769 I mobile-ffmpeg: , 
07-05 16:56:27.188 22898 23769 I mobile-ffmpeg: 29.97 fps, 
07-05 16:56:27.188 22898 23769 I mobile-ffmpeg: 29.97 tbr, 
07-05 16:56:27.188 22898 23769 I mobile-ffmpeg: 1k tbn, 
07-05 16:56:27.188 22898 23769 I mobile-ffmpeg: 2k tbc
07-05 16:56:27.188 22898 23769 I mobile-ffmpeg:  (default)
07-05 16:56:27.188 22898 23769 I mobile-ffmpeg: 
07-05 16:56:27.188 22898 23769 I mobile-ffmpeg:     Metadata:
07-05 16:56:27.188 22898 23769 I mobile-ffmpeg:       creation_time   : 
07-05 16:56:27.188 22898 23769 I mobile-ffmpeg: 2020-03-12T08:44:29.000000Z
07-05 16:56:27.188 22898 23769 I mobile-ffmpeg: 
07-05 16:56:27.188 22898 23769 I mobile-ffmpeg:       handler_name    : 
07-05 16:56:27.188 22898 23769 I mobile-ffmpeg: PittaSoft Video Media Handler
07-05 16:56:27.188 22898 23769 I mobile-ffmpeg: 
07-05 16:56:27.188 22898 23769 I mobile-ffmpeg:     Stream #0:1
07-05 16:56:27.188 22898 23769 I mobile-ffmpeg: (eng)
07-05 16:56:27.188 22898 23769 I mobile-ffmpeg: : Audio: aac (mp4a / 0x6134706D), 16000 Hz, stereo, fltp, 47 kb/s
07-05 16:56:27.188 22898 23769 I mobile-ffmpeg:  (default)
07-05 16:56:27.188 22898 23769 I mobile-ffmpeg: 
07-05 16:56:27.188 22898 23769 I mobile-ffmpeg:     Metadata:
07-05 16:56:27.188 22898 23769 I mobile-ffmpeg:       creation_time   : 
07-05 16:56:27.188 22898 23769 I mobile-ffmpeg: 2020-03-12T08:44:29.000000Z
07-05 16:56:27.188 22898 23769 I mobile-ffmpeg: 
07-05 16:56:27.188 22898 23769 I mobile-ffmpeg:       handler_name    : 
07-05 16:56:27.188 22898 23769 I mobile-ffmpeg: PittaSoft Sound Media Handler
07-05 16:56:27.188 22898 23769 I mobile-ffmpeg: 
07-05 16:56:27.200 22898 23662 V FileManager: External storage is readable
07-05 16:56:27.202 22898 23662 V FileManager: Created new directory: /storage/emulated/0/Movies/segment/20200312_194330
07-05 16:56:27.202 22898 23662 V FfmpegTools: Splitting /storage/emulated/0/Movies/raw/20200312_194330.mp4 with 16s long segments
07-05 16:56:27.202 22898 23662 I FfmpegTools: Running ffmpeg with:
07-05 16:56:27.202 22898 23662 I FfmpegTools:   -y -i /storage/emulated/0/Movies/raw/20200312_194330.mp4 -map 0 -c copy -f segment -reset_timestamps 1 -segment_time 16 /storage/emulated/0/Movies/segment/20200312_194330/20200312_194330!%03d.mp4
07-05 16:56:27.212 22898 23769 W mobile-ffmpeg: [mov,mp4,m4a,3gp,3g2,mj2 @ 0x77b4458400] Found duplicated MOOV Atom. Skipped it
07-05 16:56:27.248 22898 23769 I mobile-ffmpeg: Input #0, mov,mp4,m4a,3gp,3g2,mj2, from '/storage/emulated/0/Movies/raw/20200312_194330.mp4':
07-05 16:56:27.248 22898 23769 I mobile-ffmpeg:   Metadata:
07-05 16:56:27.248 22898 23769 I mobile-ffmpeg:     creation_time   : 
07-05 16:56:27.248 22898 23769 I mobile-ffmpeg: 2020-03-12T08:44:29.000000Z
07-05 16:56:27.249 22898 23769 I mobile-ffmpeg: 
07-05 16:56:27.249 22898 23769 I mobile-ffmpeg:     major_brand     : 
07-05 16:56:27.249 22898 23769 I mobile-ffmpeg: mp42
07-05 16:56:27.249 22898 23769 I mobile-ffmpeg: 
07-05 16:56:27.249 22898 23769 I mobile-ffmpeg:     minor_version   : 
07-05 16:56:27.249 22898 23769 I mobile-ffmpeg: 1
07-05 16:56:27.249 22898 23769 I mobile-ffmpeg: 
07-05 16:56:27.249 22898 23769 I mobile-ffmpeg:     compatible_brands: 
07-05 16:56:27.249 22898 23769 I mobile-ffmpeg: mp42mp42
07-05 16:56:27.249 22898 23769 I mobile-ffmpeg: 
07-05 16:56:27.249 22898 23769 I mobile-ffmpeg:   Duration: 
07-05 16:56:27.249 22898 23769 I mobile-ffmpeg: 00:01:00.02
07-05 16:56:27.249 22898 23769 I mobile-ffmpeg: , start: 
07-05 16:56:27.249 22898 23769 I mobile-ffmpeg: 0.000000
07-05 16:56:27.249 22898 23769 I mobile-ffmpeg: , bitrate: 
07-05 16:56:27.249 22898 23769 I mobile-ffmpeg: 9328 kb/s
07-05 16:56:27.249 22898 23769 I mobile-ffmpeg: 
07-05 16:56:27.249 22898 23769 I mobile-ffmpeg:     Stream #0:0
07-05 16:56:27.249 22898 23769 I mobile-ffmpeg: (eng)
07-05 16:56:27.249 22898 23769 I mobile-ffmpeg: : Video: h264 (avc1 / 0x31637661), yuvj420p(pc, bt709), 1280x720, 8381 kb/s
07-05 16:56:27.249 22898 23769 I mobile-ffmpeg: , 
07-05 16:56:27.249 22898 23769 I mobile-ffmpeg: 29.97 fps, 
07-05 16:56:27.249 22898 23769 I mobile-ffmpeg: 29.97 tbr, 
07-05 16:56:27.249 22898 23769 I mobile-ffmpeg: 1k tbn, 
07-05 16:56:27.249 22898 23769 I mobile-ffmpeg: 2k tbc
07-05 16:56:27.249 22898 23769 I mobile-ffmpeg:  (default)
07-05 16:56:27.249 22898 23769 I mobile-ffmpeg: 
07-05 16:56:27.249 22898 23769 I mobile-ffmpeg:     Metadata:
07-05 16:56:27.249 22898 23769 I mobile-ffmpeg:       creation_time   : 
07-05 16:56:27.250 22898 23769 I mobile-ffmpeg: 2020-03-12T08:44:29.000000Z
07-05 16:56:27.250 22898 23769 I mobile-ffmpeg: 
07-05 16:56:27.250 22898 23769 I mobile-ffmpeg:       handler_name    : 
07-05 16:56:27.250 22898 23769 I mobile-ffmpeg: PittaSoft Video Media Handler
07-05 16:56:27.250 22898 23769 I mobile-ffmpeg: 
07-05 16:56:27.250 22898 23769 I mobile-ffmpeg:     Stream #0:1
07-05 16:56:27.250 22898 23769 I mobile-ffmpeg: (eng)
07-05 16:56:27.250 22898 23769 I mobile-ffmpeg: : Audio: aac (mp4a / 0x6134706D), 16000 Hz, stereo, fltp, 47 kb/s
07-05 16:56:27.250 22898 23769 I mobile-ffmpeg:  (default)
07-05 16:56:27.250 22898 23769 I mobile-ffmpeg: 
07-05 16:56:27.250 22898 23769 I mobile-ffmpeg:     Metadata:
07-05 16:56:27.250 22898 23769 I mobile-ffmpeg:       creation_time   : 
07-05 16:56:27.250 22898 23769 I mobile-ffmpeg: 2020-03-12T08:44:29.000000Z
07-05 16:56:27.250 22898 23769 I mobile-ffmpeg: 
07-05 16:56:27.250 22898 23769 I mobile-ffmpeg:       handler_name    : 
07-05 16:56:27.250 22898 23769 I mobile-ffmpeg: PittaSoft Sound Media Handler
07-05 16:56:27.250 22898 23769 I mobile-ffmpeg: 
07-05 16:56:27.250 22898 23769 I mobile-ffmpeg: [segment @ 0x779b2f8800] Opening '/storage/emulated/0/Movies/segment/20200312_194330/20200312_194330!000.mp4' for writing
07-05 16:56:27.250 22898 23769 I mobile-ffmpeg: Output #0, segment, to '/storage/emulated/0/Movies/segment/20200312_194330/20200312_194330!%03d.mp4':
07-05 16:56:27.250 22898 23769 I mobile-ffmpeg:   Metadata:
07-05 16:56:27.250 22898 23769 I mobile-ffmpeg:     compatible_brands: 
07-05 16:56:27.250 22898 23769 I mobile-ffmpeg: mp42mp42
07-05 16:56:27.250 22898 23769 I mobile-ffmpeg: 
07-05 16:56:27.250 22898 23769 I mobile-ffmpeg:     major_brand     : 
07-05 16:56:27.250 22898 23769 I mobile-ffmpeg: mp42
07-05 16:56:27.250 22898 23769 I mobile-ffmpeg: 
07-05 16:56:27.250 22898 23769 I mobile-ffmpeg:     minor_version   : 
07-05 16:56:27.250 22898 23769 I mobile-ffmpeg: 1
07-05 16:56:27.250 22898 23769 I mobile-ffmpeg: 
07-05 16:56:27.250 22898 23769 I mobile-ffmpeg:     encoder         : 
07-05 16:56:27.250 22898 23769 I mobile-ffmpeg: Lavf58.42.100
07-05 16:56:27.250 22898 23769 I mobile-ffmpeg: 
07-05 16:56:27.250 22898 23769 I mobile-ffmpeg:     Stream #0:0
07-05 16:56:27.251 22898 23769 I mobile-ffmpeg: (eng)
07-05 16:56:27.251 22898 23769 I mobile-ffmpeg: : Video: h264 (avc1 / 0x31637661), yuvj420p(pc, bt709), 1280x720, q=2-31, 8381 kb/s
07-05 16:56:27.251 22898 23769 I mobile-ffmpeg: , 
07-05 16:56:27.251 22898 23769 I mobile-ffmpeg: 29.97 fps, 
07-05 16:56:27.251 22898 23769 I mobile-ffmpeg: 29.97 tbr, 
07-05 16:56:27.251 22898 23769 I mobile-ffmpeg: 16k tbn, 
07-05 16:56:27.251 22898 23769 I mobile-ffmpeg: 1k tbc
07-05 16:56:27.251 22898 23769 I mobile-ffmpeg:  (default)
07-05 16:56:27.251 22898 23769 I mobile-ffmpeg: 
07-05 16:56:27.251 22898 23769 I mobile-ffmpeg:     Metadata:
07-05 16:56:27.251 22898 23769 I mobile-ffmpeg:       creation_time   : 
07-05 16:56:27.251 22898 23769 I mobile-ffmpeg: 2020-03-12T08:44:29.000000Z
07-05 16:56:27.251 22898 23769 I mobile-ffmpeg: 
07-05 16:56:27.251 22898 23769 I mobile-ffmpeg:       handler_name    : 
07-05 16:56:27.251 22898 23769 I mobile-ffmpeg: PittaSoft Video Media Handler
07-05 16:56:27.251 22898 23769 I mobile-ffmpeg: 
07-05 16:56:27.251 22898 23769 I mobile-ffmpeg:     Stream #0:1
07-05 16:56:27.251 22898 23769 I mobile-ffmpeg: (eng)
07-05 16:56:27.251 22898 23769 I mobile-ffmpeg: : Audio: aac (mp4a / 0x6134706D), 16000 Hz, stereo, fltp, 47 kb/s
07-05 16:56:27.251 22898 23769 I mobile-ffmpeg:  (default)
07-05 16:56:27.251 22898 23769 I mobile-ffmpeg: 
07-05 16:56:27.251 22898 23769 I mobile-ffmpeg:     Metadata:
07-05 16:56:27.251 22898 23769 I mobile-ffmpeg:       creation_time   : 
07-05 16:56:27.251 22898 23769 I mobile-ffmpeg: 2020-03-12T08:44:29.000000Z
07-05 16:56:27.251 22898 23769 I mobile-ffmpeg: 
07-05 16:56:27.251 22898 23769 I mobile-ffmpeg:       handler_name    : 
07-05 16:56:27.251 22898 23769 I mobile-ffmpeg: PittaSoft Sound Media Handler
07-05 16:56:27.251 22898 23769 I mobile-ffmpeg: 
07-05 16:56:27.251 22898 23769 I mobile-ffmpeg: Stream mapping:
07-05 16:56:27.251 22898 23769 I mobile-ffmpeg:   Stream #0:0 -> #0:0
07-05 16:56:27.252 22898 23769 I mobile-ffmpeg:  (copy)
07-05 16:56:27.252 22898 23769 I mobile-ffmpeg: 
07-05 16:56:27.252 22898 23769 I mobile-ffmpeg:   Stream #0:1 -> #0:1
07-05 16:56:27.252 22898 23769 I mobile-ffmpeg:  (copy)
07-05 16:56:27.252 22898 23769 I mobile-ffmpeg: 
07-05 16:56:27.252 22898 23769 I mobile-ffmpeg: Press [q] to stop, [?] for help
07-05 16:56:27.252 22898 23769 I mobile-ffmpeg: frame=    1 fps=0.0 q=-1.0 size=N/A time=00:00:00.00 bitrate=N/A speed=  63x    
07-05 16:56:27.338 22898 23769 I mobile-ffmpeg: [segment @ 0x779b2f8800] Opening '/storage/emulated/0/Movies/segment/20200312_194330/20200312_194330!001.mp4' for writing
07-05 16:56:27.403 22898 23769 I mobile-ffmpeg: [segment @ 0x779b2f8800] Opening '/storage/emulated/0/Movies/segment/20200312_194330/20200312_194330!002.mp4' for writing
07-05 16:56:27.457 22898 23769 I mobile-ffmpeg: [segment @ 0x779b2f8800] Opening '/storage/emulated/0/Movies/segment/20200312_194330/20200312_194330!003.mp4' for writing
07-05 16:56:27.496 22898 23769 I mobile-ffmpeg: frame= 1800 fps=0.0 q=-1.0 Lsize=N/A time=00:01:00.02 bitrate=N/A speed= 244x    
07-05 16:56:27.496 22898 23769 I mobile-ffmpeg: video:61408kB audio:345kB subtitle:0kB other streams:0kB global headers:0kB muxing overhead: 
07-05 16:56:27.496 22898 23769 I mobile-ffmpeg: unknown
07-05 16:56:27.496 22898 23769 I mobile-ffmpeg: 
07-05 16:56:27.499 22898 23662 V FileManager: External storage is readable
07-05 16:56:27.500 22898 23662 V FileManager: Directory already exists: /storage/emulated/0/Movies/segment/20200312_194330
07-05 16:56:27.500 22898 23662 V VideoManager: Retrieving videos from /storage/emulated/0/Movies/segment/20200312_194330
07-05 16:56:27.500 22898 23662 V VideoManager: Retrieving video from /storage/emulated/0/Movies/segment/20200312_194330/20200312_194330!000.mp4
07-05 16:56:27.509 22898 23662 D VideoManager: videoCursor is null
07-05 16:56:27.548 22898 23662 V VideoManager: videoFromCursor
07-05 16:56:27.551 22898 23662 V VideoManager: Retrieving video from /storage/emulated/0/Movies/segment/20200312_194330/20200312_194330!001.mp4
07-05 16:56:27.568 22898 23662 D VideoManager: videoCursor is null
07-05 16:56:27.610 22898 23662 V VideoManager: videoFromCursor
07-05 16:56:27.615 22898 23662 V VideoManager: Retrieving video from /storage/emulated/0/Movies/segment/20200312_194330/20200312_194330!002.mp4
07-05 16:56:27.629 22898 23662 D VideoManager: videoCursor is null
07-05 16:56:27.851 22898 23662 V VideoManager: videoFromCursor
07-05 16:56:27.856 22898 23662 V VideoManager: Retrieving video from /storage/emulated/0/Movies/segment/20200312_194330/20200312_194330!003.mp4
07-05 16:56:27.870 22898 23662 D VideoManager: videoCursor is null
07-05 16:56:27.945 22898 23662 V VideoManager: videoFromCursor
07-05 16:56:27.950 22898 23662 V NearbyFragment: nextTransfer with selected algorithm: best
07-05 16:56:27.952 22898 23662 W NearbyFragment: Sending 20200312_194330!000.mp4 to Nexus 5X [34d8]
07-05 16:56:27.962 22898 22898 V NearbyFragment: Transfer to Endpoint{id=09sQ, name=Nexus 5X [34d8]} complete
07-05 16:56:28.955 22898 23662 V DownloadTestVideosTask: Starting DownloadTestVideosTask
07-05 16:56:28.958 22898 23662 V DashDownloadManager: Started downloading: 20200312_194730.mp4
07-05 16:56:28.962 22898 23662 I System.out: (HTTPLog)-Static: isSBSettingEnabled false
07-05 16:56:28.962 22898 23662 I System.out: (HTTPLog)-Static: isSBSettingEnabled false
07-05 16:56:29.049 22898 23662 I System.out: (HTTPLog)-Thread-1670-227997828: getTransferStream : ContentLength=69990400, method=GET, HTTPVersion=http/1.1
07-05 16:56:32.297 22898 22898 V NearbyFragment: Transfer to Endpoint{id=09sQ, name=Nexus 5X [34d8]} complete
07-05 16:56:32.732 22898 22898 D NearbyFragment: onPayloadReceived(endpointId=09sQ, payload=com.google.android.gms.nearby.connection.Payload@318386d)
07-05 16:56:32.733 22898 22898 D NearbyFragment: Endpoint{id=09sQ, name=Nexus 5X [34d8]} has finished downloading 20200312_194330!000.mp4
07-05 16:56:32.736 22898 22898 V NearbyFragment: nextTransfer with selected algorithm: best
07-05 16:56:32.738 22898 22898 W NearbyFragment: Sending 20200312_194330!001.mp4 to Nexus 5X [34d8]
07-05 16:56:32.748 22898 22898 V NearbyFragment: Transfer to Endpoint{id=09sQ, name=Nexus 5X [34d8]} complete
07-05 16:56:32.761 22898 22898 V NearbyFragment: Transfer to Endpoint{id=09sQ, name=Nexus 5X [34d8]} complete
07-05 16:56:37.160 22898 22898 V NearbyFragment: Transfer to Endpoint{id=09sQ, name=Nexus 5X [34d8]} complete
07-05 16:56:37.602 22898 22898 D NearbyFragment: onPayloadReceived(endpointId=09sQ, payload=com.google.android.gms.nearby.connection.Payload@dcd18f0)
07-05 16:56:37.602 22898 22898 D NearbyFragment: Endpoint{id=09sQ, name=Nexus 5X [34d8]} has finished downloading 20200312_194330!001.mp4
07-05 16:56:37.604 22898 22898 V NearbyFragment: nextTransfer with selected algorithm: best
07-05 16:56:37.606 22898 22898 W NearbyFragment: Sending 20200312_194330!002.mp4 to Nexus 5X [34d8]
07-05 16:56:37.619 22898 22898 V NearbyFragment: Transfer to Endpoint{id=09sQ, name=Nexus 5X [34d8]} complete
07-05 16:56:37.950 22898 22898 V NearbyFragment: Transfer to Endpoint{id=09sQ, name=Nexus 5X [34d8]} complete
07-05 16:56:41.597 22898 22898 V NearbyFragment: Transfer to Endpoint{id=09sQ, name=Nexus 5X [34d8]} complete
07-05 16:56:42.042 22898 22898 D NearbyFragment: onPayloadReceived(endpointId=09sQ, payload=com.google.android.gms.nearby.connection.Payload@487098f)
07-05 16:56:42.043 22898 22898 D NearbyFragment: Endpoint{id=09sQ, name=Nexus 5X [34d8]} has finished downloading 20200312_194330!002.mp4
07-05 16:56:42.044 22898 22898 V NearbyFragment: nextTransfer with selected algorithm: best
07-05 16:56:42.047 22898 22898 W NearbyFragment: Sending 20200312_194330!003.mp4 to Nexus 5X [34d8]
07-05 16:56:42.083 22898 22898 V NearbyFragment: Transfer to Endpoint{id=09sQ, name=Nexus 5X [34d8]} complete
07-05 16:56:42.086 22898 22898 V NearbyFragment: Transfer to Endpoint{id=09sQ, name=Nexus 5X [34d8]} complete
07-05 16:56:44.704 22898 22898 V NearbyFragment: Transfer to Endpoint{id=09sQ, name=Nexus 5X [34d8]} complete
07-05 16:56:45.037 22898 22898 D NearbyFragment: onPayloadReceived(endpointId=09sQ, payload=com.google.android.gms.nearby.connection.Payload@55edfa)
07-05 16:56:45.038 22898 22898 D NearbyFragment: Endpoint{id=09sQ, name=Nexus 5X [34d8]} has finished downloading 20200312_194330!003.mp4
07-05 16:56:45.038 22898 22898 I NearbyFragment: Transfer queue is empty
07-05 16:56:45.098 22898 22898 V NearbyFragment: Transfer to Endpoint{id=09sQ, name=Nexus 5X [34d8]} complete
07-05 16:56:52.585 22898 23662 V VideoManager: Retrieving video from /storage/emulated/0/Movies/raw/20200312_194730.mp4
07-05 16:56:52.609 22898 23662 D VideoManager: videoCursor is null
07-05 16:56:52.703 22898 23662 V VideoManager: videoFromCursor
07-05 16:56:52.709 22898 23662 W DashDownloadManager: Successfully downloaded 20200312_194730.mp4 in 23.626s
07-05 16:56:52.710 22898 23662 V DownloadTestVideosTask: Entering callback for download completion of 20200312_194730.mp4
07-05 16:56:52.711 22898 23662 V RawFootageEventHandler: onAdd
07-05 16:56:52.712 22898 23662 V FfmpegTools: Retrieving duration of /storage/emulated/0/Movies/raw/20200312_194730.mp4
07-05 16:56:52.720 22898 23769 W mobile-ffmpeg: [mov,mp4,m4a,3gp,3g2,mj2 @ 0x77b4458400] Found duplicated MOOV Atom. Skipped it
07-05 16:56:52.775 22898 23769 I mobile-ffmpeg: Input #0, mov,mp4,m4a,3gp,3g2,mj2, from '/storage/emulated/0/Movies/raw/20200312_194730.mp4':
07-05 16:56:52.775 22898 23769 I mobile-ffmpeg:   Metadata:
07-05 16:56:52.775 22898 23769 I mobile-ffmpeg:     creation_time   : 
07-05 16:56:52.775 22898 23769 I mobile-ffmpeg: 2020-03-12T08:48:29.000000Z
07-05 16:56:52.775 22898 23769 I mobile-ffmpeg: 
07-05 16:56:52.775 22898 23769 I mobile-ffmpeg:     major_brand     : 
07-05 16:56:52.775 22898 23769 I mobile-ffmpeg: mp42
07-05 16:56:52.775 22898 23769 I mobile-ffmpeg: 
07-05 16:56:52.775 22898 23769 I mobile-ffmpeg:     minor_version   : 
07-05 16:56:52.775 22898 23769 I mobile-ffmpeg: 1
07-05 16:56:52.775 22898 23769 I mobile-ffmpeg: 
07-05 16:56:52.775 22898 23769 I mobile-ffmpeg:     compatible_brands: 
07-05 16:56:52.775 22898 23769 I mobile-ffmpeg: mp42mp42
07-05 16:56:52.775 22898 23769 I mobile-ffmpeg: 
07-05 16:56:52.776 22898 23769 I mobile-ffmpeg:   Duration: 
07-05 16:56:52.776 22898 23769 I mobile-ffmpeg: 00:01:00.02
07-05 16:56:52.776 22898 23769 I mobile-ffmpeg: , start: 
07-05 16:56:52.776 22898 23769 I mobile-ffmpeg: 0.000000
07-05 16:56:52.776 22898 23769 I mobile-ffmpeg: , bitrate: 
07-05 16:56:52.776 22898 23769 I mobile-ffmpeg: 9328 kb/s
07-05 16:56:52.776 22898 23769 I mobile-ffmpeg: 
07-05 16:56:52.776 22898 23769 I mobile-ffmpeg:     Stream #0:0
07-05 16:56:52.776 22898 23769 I mobile-ffmpeg: (eng)
07-05 16:56:52.776 22898 23769 I mobile-ffmpeg: : Video: h264 (avc1 / 0x31637661), yuvj420p(pc, bt709), 1280x720, 8385 kb/s
07-05 16:56:52.776 22898 23769 I mobile-ffmpeg: , 
07-05 16:56:52.776 22898 23769 I mobile-ffmpeg: 29.97 fps, 
07-05 16:56:52.776 22898 23769 I mobile-ffmpeg: 29.97 tbr, 
07-05 16:56:52.776 22898 23769 I mobile-ffmpeg: 1k tbn, 
07-05 16:56:52.776 22898 23769 I mobile-ffmpeg: 2k tbc
07-05 16:56:52.776 22898 23769 I mobile-ffmpeg:  (default)
07-05 16:56:52.776 22898 23769 I mobile-ffmpeg: 
07-05 16:56:52.776 22898 23769 I mobile-ffmpeg:     Metadata:
07-05 16:56:52.776 22898 23769 I mobile-ffmpeg:       creation_time   : 
07-05 16:56:52.776 22898 23769 I mobile-ffmpeg: 2020-03-12T08:48:29.000000Z
07-05 16:56:52.776 22898 23769 I mobile-ffmpeg: 
07-05 16:56:52.776 22898 23769 I mobile-ffmpeg:       handler_name    : 
07-05 16:56:52.776 22898 23769 I mobile-ffmpeg: PittaSoft Video Media Handler
07-05 16:56:52.776 22898 23769 I mobile-ffmpeg: 
07-05 16:56:52.776 22898 23769 I mobile-ffmpeg:     Stream #0:1
07-05 16:56:52.776 22898 23769 I mobile-ffmpeg: (eng)
07-05 16:56:52.776 22898 23769 I mobile-ffmpeg: : Audio: aac (mp4a / 0x6134706D), 16000 Hz, stereo, fltp, 47 kb/s
07-05 16:56:52.776 22898 23769 I mobile-ffmpeg:  (default)
07-05 16:56:52.776 22898 23769 I mobile-ffmpeg: 
07-05 16:56:52.776 22898 23769 I mobile-ffmpeg:     Metadata:
07-05 16:56:52.776 22898 23769 I mobile-ffmpeg:       creation_time   : 
07-05 16:56:52.776 22898 23769 I mobile-ffmpeg: 2020-03-12T08:48:29.000000Z
07-05 16:56:52.777 22898 23769 I mobile-ffmpeg: 
07-05 16:56:52.777 22898 23769 I mobile-ffmpeg:       handler_name    : 
07-05 16:56:52.777 22898 23769 I mobile-ffmpeg: PittaSoft Sound Media Handler
07-05 16:56:52.777 22898 23769 I mobile-ffmpeg: 
07-05 16:56:52.787 22898 23662 V FileManager: External storage is readable
07-05 16:56:52.789 22898 23662 V FileManager: Created new directory: /storage/emulated/0/Movies/segment/20200312_194730
07-05 16:56:52.789 22898 23662 V FfmpegTools: Splitting /storage/emulated/0/Movies/raw/20200312_194730.mp4 with 16s long segments
07-05 16:56:52.789 22898 23662 I FfmpegTools: Running ffmpeg with:
07-05 16:56:52.789 22898 23662 I FfmpegTools:   -y -i /storage/emulated/0/Movies/raw/20200312_194730.mp4 -map 0 -c copy -f segment -reset_timestamps 1 -segment_time 16 /storage/emulated/0/Movies/segment/20200312_194730/20200312_194730!%03d.mp4
07-05 16:56:52.798 22898 23769 W mobile-ffmpeg: [mov,mp4,m4a,3gp,3g2,mj2 @ 0x77b4458400] Found duplicated MOOV Atom. Skipped it
07-05 16:56:52.834 22898 23769 I mobile-ffmpeg: Input #0, mov,mp4,m4a,3gp,3g2,mj2, from '/storage/emulated/0/Movies/raw/20200312_194730.mp4':
07-05 16:56:52.834 22898 23769 I mobile-ffmpeg:   Metadata:
07-05 16:56:52.834 22898 23769 I mobile-ffmpeg:     creation_time   : 
07-05 16:56:52.834 22898 23769 I mobile-ffmpeg: 2020-03-12T08:48:29.000000Z
07-05 16:56:52.834 22898 23769 I mobile-ffmpeg: 
07-05 16:56:52.834 22898 23769 I mobile-ffmpeg:     major_brand     : 
07-05 16:56:52.834 22898 23769 I mobile-ffmpeg: mp42
07-05 16:56:52.834 22898 23769 I mobile-ffmpeg: 
07-05 16:56:52.834 22898 23769 I mobile-ffmpeg:     minor_version   : 
07-05 16:56:52.834 22898 23769 I mobile-ffmpeg: 1
07-05 16:56:52.834 22898 23769 I mobile-ffmpeg: 
07-05 16:56:52.834 22898 23769 I mobile-ffmpeg:     compatible_brands: 
07-05 16:56:52.834 22898 23769 I mobile-ffmpeg: mp42mp42
07-05 16:56:52.834 22898 23769 I mobile-ffmpeg: 
07-05 16:56:52.834 22898 23769 I mobile-ffmpeg:   Duration: 
07-05 16:56:52.835 22898 23769 I mobile-ffmpeg: 00:01:00.02
07-05 16:56:52.835 22898 23769 I mobile-ffmpeg: , start: 
07-05 16:56:52.835 22898 23769 I mobile-ffmpeg: 0.000000
07-05 16:56:52.835 22898 23769 I mobile-ffmpeg: , bitrate: 
07-05 16:56:52.835 22898 23769 I mobile-ffmpeg: 9328 kb/s
07-05 16:56:52.835 22898 23769 I mobile-ffmpeg: 
07-05 16:56:52.835 22898 23769 I mobile-ffmpeg:     Stream #0:0
07-05 16:56:52.835 22898 23769 I mobile-ffmpeg: (eng)
07-05 16:56:52.835 22898 23769 I mobile-ffmpeg: : Video: h264 (avc1 / 0x31637661), yuvj420p(pc, bt709), 1280x720, 8385 kb/s
07-05 16:56:52.835 22898 23769 I mobile-ffmpeg: , 
07-05 16:56:52.835 22898 23769 I mobile-ffmpeg: 29.97 fps, 
07-05 16:56:52.835 22898 23769 I mobile-ffmpeg: 29.97 tbr, 
07-05 16:56:52.835 22898 23769 I mobile-ffmpeg: 1k tbn, 
07-05 16:56:52.835 22898 23769 I mobile-ffmpeg: 2k tbc
07-05 16:56:52.835 22898 23769 I mobile-ffmpeg:  (default)
07-05 16:56:52.835 22898 23769 I mobile-ffmpeg: 
07-05 16:56:52.835 22898 23769 I mobile-ffmpeg:     Metadata:
07-05 16:56:52.835 22898 23769 I mobile-ffmpeg:       creation_time   : 
07-05 16:56:52.835 22898 23769 I mobile-ffmpeg: 2020-03-12T08:48:29.000000Z
07-05 16:56:52.835 22898 23769 I mobile-ffmpeg: 
07-05 16:56:52.835 22898 23769 I mobile-ffmpeg:       handler_name    : 
07-05 16:56:52.835 22898 23769 I mobile-ffmpeg: PittaSoft Video Media Handler
07-05 16:56:52.835 22898 23769 I mobile-ffmpeg: 
07-05 16:56:52.835 22898 23769 I mobile-ffmpeg:     Stream #0:1
07-05 16:56:52.835 22898 23769 I mobile-ffmpeg: (eng)
07-05 16:56:52.835 22898 23769 I mobile-ffmpeg: : Audio: aac (mp4a / 0x6134706D), 16000 Hz, stereo, fltp, 47 kb/s
07-05 16:56:52.835 22898 23769 I mobile-ffmpeg:  (default)
07-05 16:56:52.835 22898 23769 I mobile-ffmpeg: 
07-05 16:56:52.835 22898 23769 I mobile-ffmpeg:     Metadata:
07-05 16:56:52.835 22898 23769 I mobile-ffmpeg:       creation_time   : 
07-05 16:56:52.835 22898 23769 I mobile-ffmpeg: 2020-03-12T08:48:29.000000Z
07-05 16:56:52.835 22898 23769 I mobile-ffmpeg: 
07-05 16:56:52.835 22898 23769 I mobile-ffmpeg:       handler_name    : 
07-05 16:56:52.836 22898 23769 I mobile-ffmpeg: PittaSoft Sound Media Handler
07-05 16:56:52.836 22898 23769 I mobile-ffmpeg: 
07-05 16:56:52.836 22898 23769 I mobile-ffmpeg: [segment @ 0x779b2f8800] Opening '/storage/emulated/0/Movies/segment/20200312_194730/20200312_194730!000.mp4' for writing
07-05 16:56:52.836 22898 23769 I mobile-ffmpeg: Output #0, segment, to '/storage/emulated/0/Movies/segment/20200312_194730/20200312_194730!%03d.mp4':
07-05 16:56:52.836 22898 23769 I mobile-ffmpeg:   Metadata:
07-05 16:56:52.836 22898 23769 I mobile-ffmpeg:     compatible_brands: 
07-05 16:56:52.836 22898 23769 I mobile-ffmpeg: mp42mp42
07-05 16:56:52.836 22898 23769 I mobile-ffmpeg: 
07-05 16:56:52.836 22898 23769 I mobile-ffmpeg:     major_brand     : 
07-05 16:56:52.836 22898 23769 I mobile-ffmpeg: mp42
07-05 16:56:52.836 22898 23769 I mobile-ffmpeg: 
07-05 16:56:52.836 22898 23769 I mobile-ffmpeg:     minor_version   : 
07-05 16:56:52.836 22898 23769 I mobile-ffmpeg: 1
07-05 16:56:52.836 22898 23769 I mobile-ffmpeg: 
07-05 16:56:52.836 22898 23769 I mobile-ffmpeg:     encoder         : 
07-05 16:56:52.836 22898 23769 I mobile-ffmpeg: Lavf58.42.100
07-05 16:56:52.836 22898 23769 I mobile-ffmpeg: 
07-05 16:56:52.836 22898 23769 I mobile-ffmpeg:     Stream #0:0
07-05 16:56:52.836 22898 23769 I mobile-ffmpeg: (eng)
07-05 16:56:52.836 22898 23769 I mobile-ffmpeg: : Video: h264 (avc1 / 0x31637661), yuvj420p(pc, bt709), 1280x720, q=2-31, 8385 kb/s
07-05 16:56:52.836 22898 23769 I mobile-ffmpeg: , 
07-05 16:56:52.836 22898 23769 I mobile-ffmpeg: 29.97 fps, 
07-05 16:56:52.836 22898 23769 I mobile-ffmpeg: 29.97 tbr, 
07-05 16:56:52.836 22898 23769 I mobile-ffmpeg: 16k tbn, 
07-05 16:56:52.836 22898 23769 I mobile-ffmpeg: 1k tbc
07-05 16:56:52.836 22898 23769 I mobile-ffmpeg:  (default)
07-05 16:56:52.836 22898 23769 I mobile-ffmpeg: 
07-05 16:56:52.836 22898 23769 I mobile-ffmpeg:     Metadata:
07-05 16:56:52.836 22898 23769 I mobile-ffmpeg:       creation_time   : 
07-05 16:56:52.837 22898 23769 I mobile-ffmpeg: 2020-03-12T08:48:29.000000Z
07-05 16:56:52.837 22898 23769 I mobile-ffmpeg: 
07-05 16:56:52.837 22898 23769 I mobile-ffmpeg:       handler_name    : 
07-05 16:56:52.837 22898 23769 I mobile-ffmpeg: PittaSoft Video Media Handler
07-05 16:56:52.837 22898 23769 I mobile-ffmpeg: 
07-05 16:56:52.837 22898 23769 I mobile-ffmpeg:     Stream #0:1
07-05 16:56:52.837 22898 23769 I mobile-ffmpeg: (eng)
07-05 16:56:52.837 22898 23769 I mobile-ffmpeg: : Audio: aac (mp4a / 0x6134706D), 16000 Hz, stereo, fltp, 47 kb/s
07-05 16:56:52.837 22898 23769 I mobile-ffmpeg:  (default)
07-05 16:56:52.837 22898 23769 I mobile-ffmpeg: 
07-05 16:56:52.837 22898 23769 I mobile-ffmpeg:     Metadata:
