07-05 16:51:33.811 22898 23769 I mobile-ffmpeg:       creation_time   : 
07-05 16:51:33.811 22898 23769 I mobile-ffmpeg: 2020-03-12T04:08:43.000000Z
07-05 16:51:33.811 22898 23769 I mobile-ffmpeg: 
07-05 16:51:33.811 22898 23769 I mobile-ffmpeg:       handler_name    : 
07-05 16:51:33.811 22898 23769 I mobile-ffmpeg: PittaSoft Sound Media Handler
07-05 16:51:33.811 22898 23769 I mobile-ffmpeg: 
07-05 16:51:33.811 22898 23769 I mobile-ffmpeg: Stream mapping:
07-05 16:51:33.811 22898 23769 I mobile-ffmpeg:   Stream #0:0 -> #0:0
07-05 16:51:33.811 22898 23769 I mobile-ffmpeg:  (copy)
07-05 16:51:33.812 22898 23769 I mobile-ffmpeg: 
07-05 16:51:33.812 22898 23769 I mobile-ffmpeg:   Stream #0:1 -> #0:1
07-05 16:51:33.812 22898 23769 I mobile-ffmpeg:  (copy)
07-05 16:51:33.812 22898 23769 I mobile-ffmpeg: 
07-05 16:51:33.812 22898 23769 I mobile-ffmpeg: Press [q] to stop, [?] for help
07-05 16:51:33.812 22898 23769 I mobile-ffmpeg: frame=    1 fps=0.0 q=-1.0 size=N/A time=00:00:00.00 bitrate=N/A speed=  63x    
07-05 16:51:33.894 22898 23769 I mobile-ffmpeg: [segment @ 0x778b76d000] Opening '/storage/emulated/0/Movies/segment/20200312_150744/20200312_150744!001.mp4' for writing
07-05 16:51:33.956 22898 23769 I mobile-ffmpeg: [segment @ 0x778b76d000] Opening '/storage/emulated/0/Movies/segment/20200312_150744/20200312_150744!002.mp4' for writing
07-05 16:51:34.012 22898 23769 I mobile-ffmpeg: [segment @ 0x778b76d000] Opening '/storage/emulated/0/Movies/segment/20200312_150744/20200312_150744!003.mp4' for writing
07-05 16:51:34.051 22898 23769 I mobile-ffmpeg: frame= 1800 fps=0.0 q=-1.0 Lsize=N/A time=00:01:00.03 bitrate=N/A speed= 247x    
07-05 16:51:34.051 22898 23769 I mobile-ffmpeg: video:61410kB audio:346kB subtitle:0kB other streams:0kB global headers:0kB muxing overhead: 
07-05 16:51:34.051 22898 23769 I mobile-ffmpeg: unknown
07-05 16:51:34.051 22898 23769 I mobile-ffmpeg: 
07-05 16:51:34.052 22898 23662 V FileManager: External storage is readable
07-05 16:51:34.052 22898 23662 V FileManager: Directory already exists: /storage/emulated/0/Movies/segment/20200312_150744
07-05 16:51:34.053 22898 23662 V VideoManager: Retrieving videos from /storage/emulated/0/Movies/segment/20200312_150744
07-05 16:51:34.053 22898 23662 V VideoManager: Retrieving video from /storage/emulated/0/Movies/segment/20200312_150744/20200312_150744!000.mp4
07-05 16:51:34.060 22898 23662 D VideoManager: videoCursor is null
07-05 16:51:34.095 22898 23662 V VideoManager: videoFromCursor
07-05 16:51:34.098 22898 23662 V VideoManager: Retrieving video from /storage/emulated/0/Movies/segment/20200312_150744/20200312_150744!001.mp4
07-05 16:51:34.105 22898 23662 D VideoManager: videoCursor is null
07-05 16:51:34.131 22898 23662 V VideoManager: videoFromCursor
07-05 16:51:34.136 22898 23662 V VideoManager: Retrieving video from /storage/emulated/0/Movies/segment/20200312_150744/20200312_150744!002.mp4
07-05 16:51:34.149 22898 23662 D VideoManager: videoCursor is null
07-05 16:51:34.218 22898 23662 V VideoManager: videoFromCursor
07-05 16:51:34.223 22898 23662 V VideoManager: Retrieving video from /storage/emulated/0/Movies/segment/20200312_150744/20200312_150744!003.mp4
07-05 16:51:34.236 22898 23662 D VideoManager: videoCursor is null
07-05 16:51:34.285 22898 23662 V VideoManager: videoFromCursor
07-05 16:51:34.290 22898 23662 V NearbyFragment: nextTransfer with selected algorithm: best
07-05 16:51:34.293 22898 23662 W NearbyFragment: Sending 20200312_150744!000.mp4 to Nexus 5X [34d8]
07-05 16:51:34.308 22898 22898 V NearbyFragment: Transfer to Endpoint{id=09sQ, name=Nexus 5X [34d8]} complete
07-05 16:51:35.298 22898 23662 V DownloadTestVideosTask: Starting DownloadTestVideosTask
07-05 16:51:35.303 22898 23662 V DashDownloadManager: Started downloading: 20200312_150844.mp4
07-05 16:51:35.307 22898 23662 I System.out: (HTTPLog)-Static: isSBSettingEnabled false
07-05 16:51:35.308 22898 23662 I System.out: (HTTPLog)-Static: isSBSettingEnabled false
07-05 16:51:35.503 22898 23662 I System.out: (HTTPLog)-Thread-1670-136580775: getTransferStream : ContentLength=69990400, method=GET, HTTPVersion=http/1.1
07-05 16:51:36.859 22898 22898 D NearbyFragment: onPayloadReceived(endpointId=09sQ, payload=com.google.android.gms.nearby.connection.Payload@ffb4f54)
07-05 16:51:36.860 22898 22898 D NearbyFragment: 20200312_150643!003.mp4 from Endpoint{id=09sQ, name=Nexus 5X [34d8]} contained no activity
07-05 16:51:36.860 22898 22898 D NearbyFragment: Received all summarised video segments of 20200312_150643
07-05 16:51:36.866 22898 22898 V FileManager: External storage is readable
07-05 16:51:36.868 22898 22898 V FileManager: Created new directory: /storage/emulated/0/Movies/segment-sum/20200312_150643
07-05 16:51:36.870 22898 22898 D FfmpegTools: Merging /storage/emulated/0/Movies/summarised/20200312_150643.mp4
07-05 16:51:36.870 22898 22898 D FfmpegTools: No split videos to merge
07-05 16:51:36.871 22898 22898 V RawFootageEventHandler: removeByName
07-05 16:51:36.872 22898 22898 V ProcessingVideosEventHandler: removeByName
07-05 16:51:36.873 22898 22898 V NearbyFragment: Removing video segment map for 20200312_150643
07-05 16:51:36.874 22898 22898 V NearbyFragment: nextTransfer with selected algorithm: best
07-05 16:51:36.875 22898 22898 W NearbyFragment: Sending 20200312_150744!001.mp4 to Nexus 5X [34d8]
07-05 16:51:37.223 22898 22898 V NearbyFragment: Transfer to Endpoint{id=09sQ, name=Nexus 5X [34d8]} complete
07-05 16:51:37.323 22898 22898 V NearbyFragment: Transfer to Endpoint{id=09sQ, name=Nexus 5X [34d8]} complete
07-05 16:51:37.974 22898 22898 V NearbyFragment: Transfer to Endpoint{id=09sQ, name=Nexus 5X [34d8]} complete
07-05 16:51:38.278 22898 22898 D NearbyFragment: onPayloadReceived(endpointId=09sQ, payload=com.google.android.gms.nearby.connection.Payload@ab01df9)
07-05 16:51:38.283 22898 22898 D NearbyFragment: Endpoint{id=09sQ, name=Nexus 5X [34d8]} has finished downloading 20200312_150744!000.mp4
07-05 16:51:38.288 22898 22898 V NearbyFragment: nextTransfer with selected algorithm: best
07-05 16:51:38.294 22898 22898 W NearbyFragment: Sending 20200312_150744!002.mp4 to Nexus 5X [34d8]
07-05 16:51:38.336 22898 22898 V NearbyFragment: Transfer to Endpoint{id=09sQ, name=Nexus 5X [34d8]} complete
07-05 16:51:38.642 22898 22898 V NearbyFragment: Transfer to Endpoint{id=09sQ, name=Nexus 5X [34d8]} complete
07-05 16:51:43.599 22898 22898 V NearbyFragment: Transfer to Endpoint{id=09sQ, name=Nexus 5X [34d8]} complete
07-05 16:51:44.160 22898 22898 D NearbyFragment: onPayloadReceived(endpointId=09sQ, payload=com.google.android.gms.nearby.connection.Payload@e2134ec)
07-05 16:51:44.165 22898 22898 D NearbyFragment: Endpoint{id=09sQ, name=Nexus 5X [34d8]} has finished downloading 20200312_150744!001.mp4
07-05 16:51:44.170 22898 22898 V NearbyFragment: nextTransfer with selected algorithm: best
07-05 16:51:44.176 22898 22898 W NearbyFragment: Sending 20200312_150744!003.mp4 to Nexus 5X [34d8]
07-05 16:51:44.359 22898 22898 V NearbyFragment: Transfer to Endpoint{id=09sQ, name=Nexus 5X [34d8]} complete
07-05 16:51:44.430 22898 22898 V NearbyFragment: Transfer to Endpoint{id=09sQ, name=Nexus 5X [34d8]} complete
07-05 16:51:45.078 22898 22898 D NearbyFragment: onPayloadReceived(endpointId=09sQ, payload=com.google.android.gms.nearby.connection.Payload@e97e2bb)
07-05 16:51:45.079 22898 22898 D NearbyFragment: 20200312_150744!000.mp4 from Endpoint{id=09sQ, name=Nexus 5X [34d8]} contained no activity
07-05 16:51:45.079 22898 22898 V NearbyFragment: Received a segment of 20200312_150744
07-05 16:51:45.080 22898 22898 I NearbyFragment: Transfer queue is empty
07-05 16:51:45.211 22898 22898 V NearbyFragment: Transfer to Endpoint{id=09sQ, name=Nexus 5X [34d8]} complete
07-05 16:51:47.072 22898 22898 V NearbyFragment: Transfer to Endpoint{id=09sQ, name=Nexus 5X [34d8]} complete
07-05 16:51:48.812 22898 22898 D NearbyFragment: onPayloadReceived(endpointId=09sQ, payload=com.google.android.gms.nearby.connection.Payload@562b3d8)
07-05 16:51:48.814 22898 22898 D NearbyFragment: Endpoint{id=09sQ, name=Nexus 5X [34d8]} has finished downloading 20200312_150744!002.mp4
07-05 16:51:48.816 22898 22898 I NearbyFragment: Transfer queue is empty
07-05 16:51:49.092 22898 22898 V NearbyFragment: Transfer to Endpoint{id=09sQ, name=Nexus 5X [34d8]} complete
07-05 16:51:51.154 22898 22898 V NearbyFragment: Transfer to Endpoint{id=09sQ, name=Nexus 5X [34d8]} complete
07-05 16:51:51.943 22898 22898 D NearbyFragment: onPayloadReceived(endpointId=09sQ, payload=com.google.android.gms.nearby.connection.Payload@ee29331)
07-05 16:51:51.943 22898 22898 D NearbyFragment: Endpoint{id=09sQ, name=Nexus 5X [34d8]} has finished downloading 20200312_150744!003.mp4
07-05 16:51:51.944 22898 22898 I NearbyFragment: Transfer queue is empty
07-05 16:51:51.962 22898 22898 V NearbyFragment: Transfer to Endpoint{id=09sQ, name=Nexus 5X [34d8]} complete
07-05 16:51:51.990 22898 22898 D NearbyFragment: onPayloadReceived(endpointId=09sQ, payload=com.google.android.gms.nearby.connection.Payload@837ca16)
07-05 16:51:51.990 22898 22898 D NearbyFragment: 20200312_150744!001.mp4 from Endpoint{id=09sQ, name=Nexus 5X [34d8]} contained no activity
07-05 16:51:51.993 22898 22898 V NearbyFragment: Received a segment of 20200312_150744
07-05 16:51:51.993 22898 22898 I NearbyFragment: Transfer queue is empty
07-05 16:51:52.002 22898 22898 V NearbyFragment: Transfer to Endpoint{id=09sQ, name=Nexus 5X [34d8]} complete
07-05 16:51:57.782 22898 22898 D NearbyFragment: onPayloadReceived(endpointId=09sQ, payload=com.google.android.gms.nearby.connection.Payload@257ef97)
07-05 16:51:57.783 22898 22898 D NearbyFragment: 20200312_150744!002.mp4 from Endpoint{id=09sQ, name=Nexus 5X [34d8]} contained no activity
07-05 16:51:57.784 22898 22898 V NearbyFragment: Received a segment of 20200312_150744
07-05 16:51:57.784 22898 22898 I NearbyFragment: Transfer queue is empty
07-05 16:51:57.826 22898 22898 V NearbyFragment: Transfer to Endpoint{id=09sQ, name=Nexus 5X [34d8]} complete
07-05 16:51:59.062 22898 23662 V VideoManager: Retrieving video from /storage/emulated/0/Movies/raw/20200312_150844.mp4
07-05 16:51:59.076 22898 23662 D VideoManager: videoCursor is null
07-05 16:51:59.134 22898 23662 V VideoManager: videoFromCursor
07-05 16:51:59.142 22898 23662 W DashDownloadManager: Successfully downloaded 20200312_150844.mp4 in 23.757s
07-05 16:51:59.143 22898 23662 V DownloadTestVideosTask: Entering callback for download completion of 20200312_150844.mp4
07-05 16:51:59.144 22898 23662 V RawFootageEventHandler: onAdd
07-05 16:51:59.146 22898 23662 V FfmpegTools: Retrieving duration of /storage/emulated/0/Movies/raw/20200312_150844.mp4
07-05 16:51:59.155 22898 23769 W mobile-ffmpeg: [mov,mp4,m4a,3gp,3g2,mj2 @ 0x779b2f8800] Found duplicated MOOV Atom. Skipped it
07-05 16:51:59.236 22898 23769 I mobile-ffmpeg: Input #0, mov,mp4,m4a,3gp,3g2,mj2, from '/storage/emulated/0/Movies/raw/20200312_150844.mp4':
07-05 16:51:59.236 22898 23769 I mobile-ffmpeg:   Metadata:
07-05 16:51:59.236 22898 23769 I mobile-ffmpeg:     creation_time   : 
07-05 16:51:59.236 22898 23769 I mobile-ffmpeg: 2020-03-12T04:09:43.000000Z
07-05 16:51:59.236 22898 23769 I mobile-ffmpeg: 
07-05 16:51:59.236 22898 23769 I mobile-ffmpeg:     major_brand     : 
07-05 16:51:59.236 22898 23769 I mobile-ffmpeg: mp42
07-05 16:51:59.236 22898 23769 I mobile-ffmpeg: 
07-05 16:51:59.236 22898 23769 I mobile-ffmpeg:     minor_version   : 
07-05 16:51:59.236 22898 23769 I mobile-ffmpeg: 1
07-05 16:51:59.236 22898 23769 I mobile-ffmpeg: 
07-05 16:51:59.236 22898 23769 I mobile-ffmpeg:     compatible_brands: 
07-05 16:51:59.236 22898 23769 I mobile-ffmpeg: mp42mp42
07-05 16:51:59.236 22898 23769 I mobile-ffmpeg: 
07-05 16:51:59.236 22898 23769 I mobile-ffmpeg:   Duration: 
07-05 16:51:59.237 22898 23769 I mobile-ffmpeg: 00:01:00.02
07-05 16:51:59.237 22898 23769 I mobile-ffmpeg: , start: 
07-05 16:51:59.237 22898 23769 I mobile-ffmpeg: 0.000000
07-05 16:51:59.237 22898 23769 I mobile-ffmpeg: , bitrate: 
07-05 16:51:59.237 22898 23769 I mobile-ffmpeg: 9328 kb/s
07-05 16:51:59.237 22898 23769 I mobile-ffmpeg: 
07-05 16:51:59.237 22898 23769 I mobile-ffmpeg:     Stream #0:0
07-05 16:51:59.237 22898 23769 I mobile-ffmpeg: (eng)
07-05 16:51:59.237 22898 23769 I mobile-ffmpeg: : Video: h264 (avc1 / 0x31637661), yuvj420p(pc, bt709), 1280x720, 8383 kb/s
07-05 16:51:59.237 22898 23769 I mobile-ffmpeg: , 
07-05 16:51:59.237 22898 23769 I mobile-ffmpeg: 29.97 fps, 
07-05 16:51:59.237 22898 23769 I mobile-ffmpeg: 29.97 tbr, 
07-05 16:51:59.237 22898 23769 I mobile-ffmpeg: 1k tbn, 
07-05 16:51:59.237 22898 23769 I mobile-ffmpeg: 2k tbc
07-05 16:51:59.237 22898 23769 I mobile-ffmpeg:  (default)
07-05 16:51:59.237 22898 23769 I mobile-ffmpeg: 
07-05 16:51:59.237 22898 23769 I mobile-ffmpeg:     Metadata:
07-05 16:51:59.237 22898 23769 I mobile-ffmpeg:       creation_time   : 
07-05 16:51:59.238 22898 23769 I mobile-ffmpeg: 2020-03-12T04:09:43.000000Z
07-05 16:51:59.238 22898 23769 I mobile-ffmpeg: 
07-05 16:51:59.238 22898 23769 I mobile-ffmpeg:       handler_name    : 
07-05 16:51:59.238 22898 23769 I mobile-ffmpeg: PittaSoft Video Media Handler
07-05 16:51:59.238 22898 23769 I mobile-ffmpeg: 
07-05 16:51:59.238 22898 23769 I mobile-ffmpeg:     Stream #0:1
07-05 16:51:59.238 22898 23769 I mobile-ffmpeg: (eng)
07-05 16:51:59.238 22898 23769 I mobile-ffmpeg: : Audio: aac (mp4a / 0x6134706D), 16000 Hz, stereo, fltp, 47 kb/s
07-05 16:51:59.238 22898 23769 I mobile-ffmpeg:  (default)
07-05 16:51:59.238 22898 23769 I mobile-ffmpeg: 
07-05 16:51:59.238 22898 23769 I mobile-ffmpeg:     Metadata:
07-05 16:51:59.238 22898 23769 I mobile-ffmpeg:       creation_time   : 
07-05 16:51:59.238 22898 23769 I mobile-ffmpeg: 2020-03-12T04:09:43.000000Z
07-05 16:51:59.238 22898 23769 I mobile-ffmpeg: 
07-05 16:51:59.238 22898 23769 I mobile-ffmpeg:       handler_name    : 
07-05 16:51:59.238 22898 23769 I mobile-ffmpeg: PittaSoft Sound Media Handler
07-05 16:51:59.238 22898 23769 I mobile-ffmpeg: 
07-05 16:51:59.254 22898 23662 V FileManager: External storage is readable
07-05 16:51:59.256 22898 23662 V FileManager: Created new directory: /storage/emulated/0/Movies/segment/20200312_150844
07-05 16:51:59.256 22898 23662 V FfmpegTools: Splitting /storage/emulated/0/Movies/raw/20200312_150844.mp4 with 16s long segments
07-05 16:51:59.257 22898 23662 I FfmpegTools: Running ffmpeg with:
07-05 16:51:59.257 22898 23662 I FfmpegTools:   -y -i /storage/emulated/0/Movies/raw/20200312_150844.mp4 -map 0 -c copy -f segment -reset_timestamps 1 -segment_time 16 /storage/emulated/0/Movies/segment/20200312_150844/20200312_150844!%03d.mp4
07-05 16:51:59.266 22898 23769 W mobile-ffmpeg: [mov,mp4,m4a,3gp,3g2,mj2 @ 0x779b2f8800] Found duplicated MOOV Atom. Skipped it
07-05 16:51:59.320 22898 23769 I mobile-ffmpeg: Input #0, mov,mp4,m4a,3gp,3g2,mj2, from '/storage/emulated/0/Movies/raw/20200312_150844.mp4':
07-05 16:51:59.320 22898 23769 I mobile-ffmpeg:   Metadata:
07-05 16:51:59.320 22898 23769 I mobile-ffmpeg:     creation_time   : 
07-05 16:51:59.320 22898 23769 I mobile-ffmpeg: 2020-03-12T04:09:43.000000Z
07-05 16:51:59.320 22898 23769 I mobile-ffmpeg: 
07-05 16:51:59.320 22898 23769 I mobile-ffmpeg:     major_brand     : 
07-05 16:51:59.320 22898 23769 I mobile-ffmpeg: mp42
07-05 16:51:59.320 22898 23769 I mobile-ffmpeg: 
07-05 16:51:59.320 22898 23769 I mobile-ffmpeg:     minor_version   : 
07-05 16:51:59.320 22898 23769 I mobile-ffmpeg: 1
07-05 16:51:59.320 22898 23769 I mobile-ffmpeg: 
07-05 16:51:59.320 22898 23769 I mobile-ffmpeg:     compatible_brands: 
07-05 16:51:59.320 22898 23769 I mobile-ffmpeg: mp42mp42
07-05 16:51:59.321 22898 23769 I mobile-ffmpeg: 
07-05 16:51:59.321 22898 23769 I mobile-ffmpeg:   Duration: 
07-05 16:51:59.321 22898 23769 I mobile-ffmpeg: 00:01:00.02
07-05 16:51:59.321 22898 23769 I mobile-ffmpeg: , start: 
07-05 16:51:59.321 22898 23769 I mobile-ffmpeg: 0.000000
07-05 16:51:59.321 22898 23769 I mobile-ffmpeg: , bitrate: 
07-05 16:51:59.321 22898 23769 I mobile-ffmpeg: 9328 kb/s
07-05 16:51:59.321 22898 23769 I mobile-ffmpeg: 
07-05 16:51:59.321 22898 23769 I mobile-ffmpeg:     Stream #0:0
07-05 16:51:59.321 22898 23769 I mobile-ffmpeg: (eng)
07-05 16:51:59.321 22898 23769 I mobile-ffmpeg: : Video: h264 (avc1 / 0x31637661), yuvj420p(pc, bt709), 1280x720, 8383 kb/s
07-05 16:51:59.321 22898 23769 I mobile-ffmpeg: , 
07-05 16:51:59.321 22898 23769 I mobile-ffmpeg: 29.97 fps, 
07-05 16:51:59.321 22898 23769 I mobile-ffmpeg: 29.97 tbr, 
07-05 16:51:59.321 22898 23769 I mobile-ffmpeg: 1k tbn, 
07-05 16:51:59.321 22898 23769 I mobile-ffmpeg: 2k tbc
07-05 16:51:59.321 22898 23769 I mobile-ffmpeg:  (default)
07-05 16:51:59.321 22898 23769 I mobile-ffmpeg: 
07-05 16:51:59.321 22898 23769 I mobile-ffmpeg:     Metadata:
07-05 16:51:59.321 22898 23769 I mobile-ffmpeg:       creation_time   : 
07-05 16:51:59.322 22898 23769 I mobile-ffmpeg: 2020-03-12T04:09:43.000000Z
07-05 16:51:59.322 22898 23769 I mobile-ffmpeg: 
07-05 16:51:59.322 22898 23769 I mobile-ffmpeg:       handler_name    : 
07-05 16:51:59.322 22898 23769 I mobile-ffmpeg: PittaSoft Video Media Handler
07-05 16:51:59.322 22898 23769 I mobile-ffmpeg: 
07-05 16:51:59.322 22898 23769 I mobile-ffmpeg:     Stream #0:1
07-05 16:51:59.322 22898 23769 I mobile-ffmpeg: (eng)
07-05 16:51:59.322 22898 23769 I mobile-ffmpeg: : Audio: aac (mp4a / 0x6134706D), 16000 Hz, stereo, fltp, 47 kb/s
07-05 16:51:59.322 22898 23769 I mobile-ffmpeg:  (default)
07-05 16:51:59.322 22898 23769 I mobile-ffmpeg: 
07-05 16:51:59.322 22898 23769 I mobile-ffmpeg:     Metadata:
07-05 16:51:59.322 22898 23769 I mobile-ffmpeg:       creation_time   : 
07-05 16:51:59.322 22898 23769 I mobile-ffmpeg: 2020-03-12T04:09:43.000000Z
07-05 16:51:59.322 22898 23769 I mobile-ffmpeg: 
07-05 16:51:59.322 22898 23769 I mobile-ffmpeg:       handler_name    : 
07-05 16:51:59.322 22898 23769 I mobile-ffmpeg: PittaSoft Sound Media Handler
07-05 16:51:59.322 22898 23769 I mobile-ffmpeg: 
07-05 16:51:59.322 22898 23769 I mobile-ffmpeg: [segment @ 0x77ad9d1600] Opening '/storage/emulated/0/Movies/segment/20200312_150844/20200312_150844!000.mp4' for writing
07-05 16:51:59.322 22898 23769 I mobile-ffmpeg: Output #0, segment, to '/storage/emulated/0/Movies/segment/20200312_150844/20200312_150844!%03d.mp4':
07-05 16:51:59.322 22898 23769 I mobile-ffmpeg:   Metadata:
07-05 16:51:59.322 22898 23769 I mobile-ffmpeg:     compatible_brands: 
07-05 16:51:59.322 22898 23769 I mobile-ffmpeg: mp42mp42
07-05 16:51:59.323 22898 23769 I mobile-ffmpeg: 
07-05 16:51:59.323 22898 23769 I mobile-ffmpeg:     major_brand     : 
07-05 16:51:59.323 22898 23769 I mobile-ffmpeg: mp42
07-05 16:51:59.323 22898 23769 I mobile-ffmpeg: 
07-05 16:51:59.323 22898 23769 I mobile-ffmpeg:     minor_version   : 
07-05 16:51:59.323 22898 23769 I mobile-ffmpeg: 1
07-05 16:51:59.323 22898 23769 I mobile-ffmpeg: 
07-05 16:51:59.323 22898 23769 I mobile-ffmpeg:     encoder         : 
07-05 16:51:59.323 22898 23769 I mobile-ffmpeg: Lavf58.42.100
07-05 16:51:59.323 22898 23769 I mobile-ffmpeg: 
07-05 16:51:59.323 22898 23769 I mobile-ffmpeg:     Stream #0:0
07-05 16:51:59.323 22898 23769 I mobile-ffmpeg: (eng)
07-05 16:51:59.323 22898 23769 I mobile-ffmpeg: : Video: h264 (avc1 / 0x31637661), yuvj420p(pc, bt709), 1280x720, q=2-31, 8383 kb/s
07-05 16:51:59.323 22898 23769 I mobile-ffmpeg: , 
07-05 16:51:59.323 22898 23769 I mobile-ffmpeg: 29.97 fps, 
07-05 16:51:59.323 22898 23769 I mobile-ffmpeg: 29.97 tbr, 
07-05 16:51:59.323 22898 23769 I mobile-ffmpeg: 16k tbn, 
07-05 16:51:59.323 22898 23769 I mobile-ffmpeg: 1k tbc
07-05 16:51:59.323 22898 23769 I mobile-ffmpeg:  (default)
07-05 16:51:59.323 22898 23769 I mobile-ffmpeg: 
07-05 16:51:59.323 22898 23769 I mobile-ffmpeg:     Metadata:
07-05 16:51:59.324 22898 23769 I mobile-ffmpeg:       creation_time   : 
07-05 16:51:59.324 22898 23769 I mobile-ffmpeg: 2020-03-12T04:09:43.000000Z
07-05 16:51:59.324 22898 23769 I mobile-ffmpeg: 
07-05 16:51:59.324 22898 23769 I mobile-ffmpeg:       handler_name    : 
07-05 16:51:59.324 22898 23769 I mobile-ffmpeg: PittaSoft Video Media Handler
07-05 16:51:59.324 22898 23769 I mobile-ffmpeg: 
07-05 16:51:59.324 22898 23769 I mobile-ffmpeg:     Stream #0:1
07-05 16:51:59.324 22898 23769 I mobile-ffmpeg: (eng)
07-05 16:51:59.324 22898 23769 I mobile-ffmpeg: : Audio: aac (mp4a / 0x6134706D), 16000 Hz, stereo, fltp, 47 kb/s
07-05 16:51:59.324 22898 23769 I mobile-ffmpeg:  (default)
07-05 16:51:59.324 22898 23769 I mobile-ffmpeg: 
07-05 16:51:59.324 22898 23769 I mobile-ffmpeg:     Metadata:
07-05 16:51:59.324 22898 23769 I mobile-ffmpeg:       creation_time   : 
07-05 16:51:59.324 22898 23769 I mobile-ffmpeg: 2020-03-12T04:09:43.000000Z
07-05 16:51:59.324 22898 23769 I mobile-ffmpeg: 
07-05 16:51:59.324 22898 23769 I mobile-ffmpeg:       handler_name    : 
07-05 16:51:59.324 22898 23769 I mobile-ffmpeg: PittaSoft Sound Media Handler
07-05 16:51:59.325 22898 23769 I mobile-ffmpeg: 
07-05 16:51:59.325 22898 23769 I mobile-ffmpeg: Stream mapping:
07-05 16:51:59.325 22898 23769 I mobile-ffmpeg:   Stream #0:0 -> #0:0
07-05 16:51:59.325 22898 23769 I mobile-ffmpeg:  (copy)
07-05 16:51:59.325 22898 23769 I mobile-ffmpeg: 
07-05 16:51:59.325 22898 23769 I mobile-ffmpeg:   Stream #0:1 -> #0:1
07-05 16:51:59.325 22898 23769 I mobile-ffmpeg:  (copy)
07-05 16:51:59.325 22898 23769 I mobile-ffmpeg: 
07-05 16:51:59.325 22898 23769 I mobile-ffmpeg: Press [q] to stop, [?] for help
07-05 16:51:59.325 22898 23769 I mobile-ffmpeg: frame=    1 fps=0.0 q=-1.0 size=N/A time=00:00:00.00 bitrate=N/A speed=31.5x    
07-05 16:51:59.397 22898 23769 I mobile-ffmpeg: [segment @ 0x77ad9d1600] Opening '/storage/emulated/0/Movies/segment/20200312_150844/20200312_150844!001.mp4' for writing
07-05 16:51:59.451 22898 23769 I mobile-ffmpeg: [segment @ 0x77ad9d1600] Opening '/storage/emulated/0/Movies/segment/20200312_150844/20200312_150844!002.mp4' for writing
07-05 16:51:59.501 22898 23769 I mobile-ffmpeg: [segment @ 0x77ad9d1600] Opening '/storage/emulated/0/Movies/segment/20200312_150844/20200312_150844!003.mp4' for writing
07-05 16:51:59.540 22898 23769 I mobile-ffmpeg: frame= 1800 fps=0.0 q=-1.0 Lsize=N/A time=00:01:00.01 bitrate=N/A speed= 276x    
07-05 16:51:59.540 22898 23769 I mobile-ffmpeg: video:61424kB audio:345kB subtitle:0kB other streams:0kB global headers:0kB muxing overhead: 
07-05 16:51:59.540 22898 23769 I mobile-ffmpeg: unknown
07-05 16:51:59.540 22898 23769 I mobile-ffmpeg: 
07-05 16:51:59.542 22898 23662 V FileManager: External storage is readable
07-05 16:51:59.542 22898 23662 V FileManager: Directory already exists: /storage/emulated/0/Movies/segment/20200312_150844
07-05 16:51:59.542 22898 23662 V VideoManager: Retrieving videos from /storage/emulated/0/Movies/segment/20200312_150844
07-05 16:51:59.543 22898 23662 V VideoManager: Retrieving video from /storage/emulated/0/Movies/segment/20200312_150844/20200312_150844!000.mp4
07-05 16:51:59.551 22898 23662 D VideoManager: videoCursor is null
07-05 16:51:59.896 22898 23662 V VideoManager: videoFromCursor
07-05 16:51:59.902 22898 23662 V VideoManager: Retrieving video from /storage/emulated/0/Movies/segment/20200312_150844/20200312_150844!001.mp4
07-05 16:51:59.915 22898 23662 D VideoManager: videoCursor is null
07-05 16:51:59.962 22898 23662 V VideoManager: videoFromCursor
07-05 16:51:59.966 22898 23662 V VideoManager: Retrieving video from /storage/emulated/0/Movies/segment/20200312_150844/20200312_150844!002.mp4
07-05 16:51:59.977 22898 23662 D VideoManager: videoCursor is null
07-05 16:52:00.014 22898 23662 V VideoManager: videoFromCursor
07-05 16:52:00.018 22898 23662 V VideoManager: Retrieving video from /storage/emulated/0/Movies/segment/20200312_150844/20200312_150844!003.mp4
07-05 16:52:00.034 22898 23662 D VideoManager: videoCursor is null
07-05 16:52:00.067 22898 23662 V VideoManager: videoFromCursor
07-05 16:52:00.071 22898 23662 V NearbyFragment: nextTransfer with selected algorithm: best
07-05 16:52:00.073 22898 23662 W NearbyFragment: Sending 20200312_150844!000.mp4 to Nexus 5X [34d8]
07-05 16:52:00.085 22898 22898 V NearbyFragment: Transfer to Endpoint{id=09sQ, name=Nexus 5X [34d8]} complete
07-05 16:52:01.078 22898 23662 V DownloadTestVideosTask: Starting DownloadTestVideosTask
07-05 16:52:01.082 22898 23662 V DashDownloadManager: Started downloading: 20200312_150944.mp4
07-05 16:52:01.086 22898 23662 I System.out: (HTTPLog)-Static: isSBSettingEnabled false
07-05 16:52:01.087 22898 23662 I System.out: (HTTPLog)-Static: isSBSettingEnabled false
07-05 16:52:01.096 22898 23662 I System.out: (HTTPLog)-Thread-1670-228716083: getTransferStream : ContentLength=69990400, method=GET, HTTPVersion=http/1.1
07-05 16:52:05.604 22898 22898 V NearbyFragment: Transfer to Endpoint{id=09sQ, name=Nexus 5X [34d8]} complete
07-05 16:52:06.192 22898 22898 D NearbyFragment: onPayloadReceived(endpointId=09sQ, payload=com.google.android.gms.nearby.connection.Payload@2f825f0)
07-05 16:52:06.193 22898 22898 D NearbyFragment: Endpoint{id=09sQ, name=Nexus 5X [34d8]} has finished downloading 20200312_150844!000.mp4
07-05 16:52:06.195 22898 22898 V NearbyFragment: nextTransfer with selected algorithm: best
07-05 16:52:06.197 22898 22898 W NearbyFragment: Sending 20200312_150844!001.mp4 to Nexus 5X [34d8]
07-05 16:52:06.217 22898 22898 V NearbyFragment: Transfer to Endpoint{id=09sQ, name=Nexus 5X [34d8]} complete
07-05 16:52:06.240 22898 22898 V NearbyFragment: Transfer to Endpoint{id=09sQ, name=Nexus 5X [34d8]} complete
07-05 16:52:08.643 22898 22898 V NearbyFragment: Transfer to Endpoint{id=09sQ, name=Nexus 5X [34d8]} complete
07-05 16:52:09.207 22898 22898 D NearbyFragment: onPayloadReceived(endpointId=09sQ, payload=com.google.android.gms.nearby.connection.Payload@2833a8f)
07-05 16:52:09.209 22898 22898 D NearbyFragment: Endpoint{id=09sQ, name=Nexus 5X [34d8]} has finished downloading 20200312_150844!001.mp4
07-05 16:52:09.212 22898 22898 V NearbyFragment: nextTransfer with selected algorithm: best
07-05 16:52:09.215 22898 22898 W NearbyFragment: Sending 20200312_150844!002.mp4 to Nexus 5X [34d8]
07-05 16:52:09.232 22898 22898 V NearbyFragment: Transfer to Endpoint{id=09sQ, name=Nexus 5X [34d8]} complete
07-05 16:52:09.242 22898 22898 V NearbyFragment: Transfer to Endpoint{id=09sQ, name=Nexus 5X [34d8]} complete
07-05 16:52:13.229 22898 22898 V NearbyFragment: Transfer to Endpoint{id=09sQ, name=Nexus 5X [34d8]} complete
07-05 16:52:13.470 22898 22898 D NearbyFragment: onPayloadReceived(endpointId=09sQ, payload=com.google.android.gms.nearby.connection.Payload@c82f0ab)
07-05 16:52:13.470 22898 22898 D NearbyFragment: Endpoint{id=09sQ, name=Nexus 5X [34d8]} has finished downloading 20200312_150844!002.mp4
07-05 16:52:13.471 22898 22898 V NearbyFragment: nextTransfer with selected algorithm: best
07-05 16:52:13.475 22898 22898 W NearbyFragment: Sending 20200312_150844!003.mp4 to Nexus 5X [34d8]
07-05 16:52:13.482 22898 22898 V NearbyFragment: Transfer to Endpoint{id=09sQ, name=Nexus 5X [34d8]} complete
07-05 16:52:13.490 22898 22898 V NearbyFragment: Transfer to Endpoint{id=09sQ, name=Nexus 5X [34d8]} complete
07-05 16:52:16.067 22898 22898 V NearbyFragment: Transfer to Endpoint{id=09sQ, name=Nexus 5X [34d8]} complete
07-05 16:52:16.483 22898 22898 D NearbyFragment: onPayloadReceived(endpointId=09sQ, payload=com.google.android.gms.nearby.connection.Payload@bd4e4c6)
07-05 16:52:16.484 22898 22898 D NearbyFragment: Endpoint{id=09sQ, name=Nexus 5X [34d8]} has finished downloading 20200312_150844!003.mp4
07-05 16:52:16.485 22898 22898 I NearbyFragment: Transfer queue is empty
07-05 16:52:16.585 22898 22898 V NearbyFragment: Transfer to Endpoint{id=09sQ, name=Nexus 5X [34d8]} complete
07-05 16:52:25.389 22898 23662 V VideoManager: Retrieving video from /storage/emulated/0/Movies/raw/20200312_150944.mp4
07-05 16:52:25.399 22898 23662 D VideoManager: videoCursor is null
07-05 16:52:25.465 22898 23662 V VideoManager: videoFromCursor
07-05 16:52:25.469 22898 23662 W DashDownloadManager: Successfully downloaded 20200312_150944.mp4 in 24.307s
07-05 16:52:25.470 22898 23662 V DownloadTestVideosTask: Entering callback for download completion of 20200312_150944.mp4
07-05 16:52:25.470 22898 23662 V RawFootageEventHandler: onAdd
07-05 16:52:25.472 22898 23662 V FfmpegTools: Retrieving duration of /storage/emulated/0/Movies/raw/20200312_150944.mp4
07-05 16:52:25.479 22898 23769 W mobile-ffmpeg: [mov,mp4,m4a,3gp,3g2,mj2 @ 0x77b44ba400] Found duplicated MOOV Atom. Skipped it
07-05 16:52:25.555 22898 23769 I mobile-ffmpeg: Input #0, mov,mp4,m4a,3gp,3g2,mj2, from '/storage/emulated/0/Movies/raw/20200312_150944.mp4':
07-05 16:52:25.555 22898 23769 I mobile-ffmpeg:   Metadata:
07-05 16:52:25.555 22898 23769 I mobile-ffmpeg:     creation_time   : 
07-05 16:52:25.555 22898 23769 I mobile-ffmpeg: 2020-03-12T04:10:43.000000Z
07-05 16:52:25.555 22898 23769 I mobile-ffmpeg: 
07-05 16:52:25.555 22898 23769 I mobile-ffmpeg:     major_brand     : 
07-05 16:52:25.555 22898 23769 I mobile-ffmpeg: mp42
07-05 16:52:25.555 22898 23769 I mobile-ffmpeg: 
07-05 16:52:25.555 22898 23769 I mobile-ffmpeg:     minor_version   : 
07-05 16:52:25.555 22898 23769 I mobile-ffmpeg: 1
07-05 16:52:25.555 22898 23769 I mobile-ffmpeg: 
07-05 16:52:25.555 22898 23769 I mobile-ffmpeg:     compatible_brands: 
07-05 16:52:25.556 22898 23769 I mobile-ffmpeg: mp42mp42
07-05 16:52:25.556 22898 23769 I mobile-ffmpeg: 
07-05 16:52:25.556 22898 23769 I mobile-ffmpeg:   Duration: 
07-05 16:52:25.556 22898 23769 I mobile-ffmpeg: 00:01:00.02
07-05 16:52:25.556 22898 23769 I mobile-ffmpeg: , start: 
07-05 16:52:25.556 22898 23769 I mobile-ffmpeg: 0.000000
07-05 16:52:25.556 22898 23769 I mobile-ffmpeg: , bitrate: 
07-05 16:52:25.556 22898 23769 I mobile-ffmpeg: 9328 kb/s
07-05 16:52:25.556 22898 23769 I mobile-ffmpeg: 
07-05 16:52:25.556 22898 23769 I mobile-ffmpeg:     Stream #0:0
07-05 16:52:25.556 22898 23769 I mobile-ffmpeg: (eng)
07-05 16:52:25.556 22898 23769 I mobile-ffmpeg: : Video: h264 (avc1 / 0x31637661), yuvj420p(pc, bt709), 1280x720, 8398 kb/s
07-05 16:52:25.556 22898 23769 I mobile-ffmpeg: , 
07-05 16:52:25.556 22898 23769 I mobile-ffmpeg: 29.97 fps, 
07-05 16:52:25.556 22898 23769 I mobile-ffmpeg: 29.97 tbr, 
07-05 16:52:25.556 22898 23769 I mobile-ffmpeg: 1k tbn, 
07-05 16:52:25.556 22898 23769 I mobile-ffmpeg: 2k tbc
07-05 16:52:25.557 22898 23769 I mobile-ffmpeg:  (default)
07-05 16:52:25.557 22898 23769 I mobile-ffmpeg: 
07-05 16:52:25.557 22898 23769 I mobile-ffmpeg:     Metadata:
07-05 16:52:25.557 22898 23769 I mobile-ffmpeg:       creation_time   : 
07-05 16:52:25.557 22898 23769 I mobile-ffmpeg: 2020-03-12T04:10:43.000000Z
07-05 16:52:25.557 22898 23769 I mobile-ffmpeg: 
07-05 16:52:25.557 22898 23769 I mobile-ffmpeg:       handler_name    : 
07-05 16:52:25.557 22898 23769 I mobile-ffmpeg: PittaSoft Video Media Handler
07-05 16:52:25.557 22898 23769 I mobile-ffmpeg: 
07-05 16:52:25.557 22898 23769 I mobile-ffmpeg:     Stream #0:1
07-05 16:52:25.557 22898 23769 I mobile-ffmpeg: (eng)
07-05 16:52:25.557 22898 23769 I mobile-ffmpeg: : Audio: aac (mp4a / 0x6134706D), 16000 Hz, stereo, fltp, 47 kb/s
07-05 16:52:25.557 22898 23769 I mobile-ffmpeg:  (default)
07-05 16:52:25.557 22898 23769 I mobile-ffmpeg: 
07-05 16:52:25.557 22898 23769 I mobile-ffmpeg:     Metadata:
07-05 16:52:25.557 22898 23769 I mobile-ffmpeg:       creation_time   : 
07-05 16:52:25.557 22898 23769 I mobile-ffmpeg: 2020-03-12T04:10:43.000000Z
07-05 16:52:25.557 22898 23769 I mobile-ffmpeg: 
07-05 16:52:25.558 22898 23769 I mobile-ffmpeg:       handler_name    : 
07-05 16:52:25.558 22898 23769 I mobile-ffmpeg: PittaSoft Sound Media Handler
07-05 16:52:25.558 22898 23769 I mobile-ffmpeg: 
07-05 16:52:25.571 22898 23662 V FileManager: External storage is readable
07-05 16:52:25.572 22898 23662 V FileManager: Created new directory: /storage/emulated/0/Movies/segment/20200312_150944
07-05 16:52:25.572 22898 23662 V FfmpegTools: Splitting /storage/emulated/0/Movies/raw/20200312_150944.mp4 with 16s long segments
07-05 16:52:25.573 22898 23662 I FfmpegTools: Running ffmpeg with:
07-05 16:52:25.573 22898 23662 I FfmpegTools:   -y -i /storage/emulated/0/Movies/raw/20200312_150944.mp4 -map 0 -c copy -f segment -reset_timestamps 1 -segment_time 16 /storage/emulated/0/Movies/segment/20200312_150944/20200312_150944!%03d.mp4
07-05 16:52:25.582 22898 23769 W mobile-ffmpeg: [mov,mp4,m4a,3gp,3g2,mj2 @ 0x77b44ba400] Found duplicated MOOV Atom. Skipped it
07-05 16:52:25.636 22898 23769 I mobile-ffmpeg: Input #0, mov,mp4,m4a,3gp,3g2,mj2, from '/storage/emulated/0/Movies/raw/20200312_150944.mp4':
07-05 16:52:25.636 22898 23769 I mobile-ffmpeg:   Metadata:
07-05 16:52:25.636 22898 23769 I mobile-ffmpeg:     creation_time   : 
07-05 16:52:25.636 22898 23769 I mobile-ffmpeg: 2020-03-12T04:10:43.000000Z
07-05 16:52:25.637 22898 23769 I mobile-ffmpeg: 
07-05 16:52:25.637 22898 23769 I mobile-ffmpeg:     major_brand     : 
07-05 16:52:25.637 22898 23769 I mobile-ffmpeg: mp42
07-05 16:52:25.637 22898 23769 I mobile-ffmpeg: 
07-05 16:52:25.637 22898 23769 I mobile-ffmpeg:     minor_version   : 
07-05 16:52:25.637 22898 23769 I mobile-ffmpeg: 1
07-05 16:52:25.637 22898 23769 I mobile-ffmpeg: 
07-05 16:52:25.637 22898 23769 I mobile-ffmpeg:     compatible_brands: 
07-05 16:52:25.637 22898 23769 I mobile-ffmpeg: mp42mp42
07-05 16:52:25.637 22898 23769 I mobile-ffmpeg: 
07-05 16:52:25.637 22898 23769 I mobile-ffmpeg:   Duration: 
07-05 16:52:25.637 22898 23769 I mobile-ffmpeg: 00:01:00.02
07-05 16:52:25.637 22898 23769 I mobile-ffmpeg: , start: 
07-05 16:52:25.637 22898 23769 I mobile-ffmpeg: 0.000000
07-05 16:52:25.637 22898 23769 I mobile-ffmpeg: , bitrate: 
07-05 16:52:25.637 22898 23769 I mobile-ffmpeg: 9328 kb/s
07-05 16:52:25.637 22898 23769 I mobile-ffmpeg: 
07-05 16:52:25.637 22898 23769 I mobile-ffmpeg:     Stream #0:0
07-05 16:52:25.637 22898 23769 I mobile-ffmpeg: (eng)
07-05 16:52:25.637 22898 23769 I mobile-ffmpeg: : Video: h264 (avc1 / 0x31637661), yuvj420p(pc, bt709), 1280x720, 8398 kb/s
07-05 16:52:25.637 22898 23769 I mobile-ffmpeg: , 
07-05 16:52:25.637 22898 23769 I mobile-ffmpeg: 29.97 fps, 
07-05 16:52:25.637 22898 23769 I mobile-ffmpeg: 29.97 tbr, 
07-05 16:52:25.638 22898 23769 I mobile-ffmpeg: 1k tbn, 
07-05 16:52:25.638 22898 23769 I mobile-ffmpeg: 2k tbc
07-05 16:52:25.638 22898 23769 I mobile-ffmpeg:  (default)
07-05 16:52:25.638 22898 23769 I mobile-ffmpeg: 
07-05 16:52:25.638 22898 23769 I mobile-ffmpeg:     Metadata:
07-05 16:52:25.638 22898 23769 I mobile-ffmpeg:       creation_time   : 
07-05 16:52:25.638 22898 23769 I mobile-ffmpeg: 2020-03-12T04:10:43.000000Z
07-05 16:52:25.638 22898 23769 I mobile-ffmpeg: 
07-05 16:52:25.638 22898 23769 I mobile-ffmpeg:       handler_name    : 
07-05 16:52:25.638 22898 23769 I mobile-ffmpeg: PittaSoft Video Media Handler
07-05 16:52:25.638 22898 23769 I mobile-ffmpeg: 
07-05 16:52:25.638 22898 23769 I mobile-ffmpeg:     Stream #0:1
07-05 16:52:25.638 22898 23769 I mobile-ffmpeg: (eng)
07-05 16:52:25.638 22898 23769 I mobile-ffmpeg: : Audio: aac (mp4a / 0x6134706D), 16000 Hz, stereo, fltp, 47 kb/s
07-05 16:52:25.638 22898 23769 I mobile-ffmpeg:  (default)
07-05 16:52:25.638 22898 23769 I mobile-ffmpeg: 
07-05 16:52:25.638 22898 23769 I mobile-ffmpeg:     Metadata:
07-05 16:52:25.638 22898 23769 I mobile-ffmpeg:       creation_time   : 
07-05 16:52:25.638 22898 23769 I mobile-ffmpeg: 2020-03-12T04:10:43.000000Z
07-05 16:52:25.638 22898 23769 I mobile-ffmpeg: 
07-05 16:52:25.638 22898 23769 I mobile-ffmpeg:       handler_name    : 
07-05 16:52:25.639 22898 23769 I mobile-ffmpeg: PittaSoft Sound Media Handler
07-05 16:52:25.639 22898 23769 I mobile-ffmpeg: 
07-05 16:52:25.639 22898 23769 I mobile-ffmpeg: [segment @ 0x778b7c8000] Opening '/storage/emulated/0/Movies/segment/20200312_150944/20200312_150944!000.mp4' for writing
07-05 16:52:25.639 22898 23769 I mobile-ffmpeg: Output #0, segment, to '/storage/emulated/0/Movies/segment/20200312_150944/20200312_150944!%03d.mp4':
07-05 16:52:25.639 22898 23769 I mobile-ffmpeg:   Metadata:
07-05 16:52:25.639 22898 23769 I mobile-ffmpeg:     compatible_brands: 
07-05 16:52:25.639 22898 23769 I mobile-ffmpeg: mp42mp42
07-05 16:52:25.639 22898 23769 I mobile-ffmpeg: 
07-05 16:52:25.639 22898 23769 I mobile-ffmpeg:     major_brand     : 
07-05 16:52:25.639 22898 23769 I mobile-ffmpeg: mp42
07-05 16:52:25.639 22898 23769 I mobile-ffmpeg: 
07-05 16:52:25.639 22898 23769 I mobile-ffmpeg:     minor_version   : 
07-05 16:52:25.639 22898 23769 I mobile-ffmpeg: 1
07-05 16:52:25.639 22898 23769 I mobile-ffmpeg: 
07-05 16:52:25.639 22898 23769 I mobile-ffmpeg:     encoder         : 
07-05 16:52:25.639 22898 23769 I mobile-ffmpeg: Lavf58.42.100
07-05 16:52:25.639 22898 23769 I mobile-ffmpeg: 
07-05 16:52:25.639 22898 23769 I mobile-ffmpeg:     Stream #0:0
07-05 16:52:25.640 22898 23769 I mobile-ffmpeg: (eng)
07-05 16:52:25.640 22898 23769 I mobile-ffmpeg: : Video: h264 (avc1 / 0x31637661), yuvj420p(pc, bt709), 1280x720, q=2-31, 8398 kb/s
07-05 16:52:25.640 22898 23769 I mobile-ffmpeg: , 
07-05 16:52:25.640 22898 23769 I mobile-ffmpeg: 29.97 fps, 
07-05 16:52:25.640 22898 23769 I mobile-ffmpeg: 29.97 tbr, 
07-05 16:52:25.640 22898 23769 I mobile-ffmpeg: 16k tbn, 
07-05 16:52:25.640 22898 23769 I mobile-ffmpeg: 1k tbc
07-05 16:52:25.640 22898 23769 I mobile-ffmpeg:  (default)
07-05 16:52:25.640 22898 23769 I mobile-ffmpeg: 
07-05 16:52:25.640 22898 23769 I mobile-ffmpeg:     Metadata:
07-05 16:52:25.640 22898 23769 I mobile-ffmpeg:       creation_time   : 
07-05 16:52:25.640 22898 23769 I mobile-ffmpeg: 2020-03-12T04:10:43.000000Z
07-05 16:52:25.640 22898 23769 I mobile-ffmpeg: 
07-05 16:52:25.640 22898 23769 I mobile-ffmpeg:       handler_name    : 
07-05 16:52:25.640 22898 23769 I mobile-ffmpeg: PittaSoft Video Media Handler
07-05 16:52:25.640 22898 23769 I mobile-ffmpeg: 
07-05 16:52:25.640 22898 23769 I mobile-ffmpeg:     Stream #0:1
07-05 16:52:25.640 22898 23769 I mobile-ffmpeg: (eng)
07-05 16:52:25.640 22898 23769 I mobile-ffmpeg: : Audio: aac (mp4a / 0x6134706D), 16000 Hz, stereo, fltp, 47 kb/s
07-05 16:52:25.640 22898 23769 I mobile-ffmpeg:  (default)
07-05 16:52:25.640 22898 23769 I mobile-ffmpeg: 
07-05 16:52:25.640 22898 23769 I mobile-ffmpeg:     Metadata:
07-05 16:52:25.641 22898 23769 I mobile-ffmpeg:       creation_time   : 
07-05 16:52:25.641 22898 23769 I mobile-ffmpeg: 2020-03-12T04:10:43.000000Z
07-05 16:52:25.641 22898 23769 I mobile-ffmpeg: 
07-05 16:52:25.641 22898 23769 I mobile-ffmpeg:       handler_name    : 
07-05 16:52:25.641 22898 23769 I mobile-ffmpeg: PittaSoft Sound Media Handler
07-05 16:52:25.641 22898 23769 I mobile-ffmpeg: 
07-05 16:52:25.641 22898 23769 I mobile-ffmpeg: Stream mapping:
07-05 16:52:25.641 22898 23769 I mobile-ffmpeg:   Stream #0:0 -> #0:0
07-05 16:52:25.641 22898 23769 I mobile-ffmpeg:  (copy)
07-05 16:52:25.641 22898 23769 I mobile-ffmpeg: 
07-05 16:52:25.641 22898 23769 I mobile-ffmpeg:   Stream #0:1 -> #0:1
07-05 16:52:25.641 22898 23769 I mobile-ffmpeg:  (copy)
07-05 16:52:25.641 22898 23769 I mobile-ffmpeg: 
07-05 16:52:25.641 22898 23769 I mobile-ffmpeg: Press [q] to stop, [?] for help
07-05 16:52:25.641 22898 23769 I mobile-ffmpeg: frame=    1 fps=0.0 q=-1.0 size=N/A time=00:00:00.00 bitrate=N/A speed=  63x    
07-05 16:52:25.714 22898 23769 I mobile-ffmpeg: [segment @ 0x778b7c8000] Opening '/storage/emulated/0/Movies/segment/20200312_150944/20200312_150944!001.mp4' for writing
07-05 16:52:25.771 22898 23769 I mobile-ffmpeg: [segment @ 0x778b7c8000] Opening '/storage/emulated/0/Movies/segment/20200312_150944/20200312_150944!002.mp4' for writing
07-05 16:52:25.823 22898 23769 I mobile-ffmpeg: [segment @ 0x778b7c8000] Opening '/storage/emulated/0/Movies/segment/20200312_150944/20200312_150944!003.mp4' for writing
07-05 16:52:25.861 22898 23769 I mobile-ffmpeg: frame= 1800 fps=0.0 q=-1.0 Lsize=N/A time=00:01:00.02 bitrate=N/A speed= 269x    
07-05 16:52:25.861 22898 23769 I mobile-ffmpeg: video:61532kB audio:345kB subtitle:0kB other streams:0kB global headers:0kB muxing overhead: 
07-05 16:52:25.861 22898 23769 I mobile-ffmpeg: unknown
07-05 16:52:25.861 22898 23769 I mobile-ffmpeg: 
07-05 16:52:25.864 22898 23662 V FileManager: External storage is readable
07-05 16:52:25.864 22898 23662 V FileManager: Directory already exists: /storage/emulated/0/Movies/segment/20200312_150944
07-05 16:52:25.864 22898 23662 V VideoManager: Retrieving videos from /storage/emulated/0/Movies/segment/20200312_150944
07-05 16:52:25.865 22898 23662 V VideoManager: Retrieving video from /storage/emulated/0/Movies/segment/20200312_150944/20200312_150944!000.mp4
07-05 16:52:25.873 22898 23662 D VideoManager: videoCursor is null
07-05 16:52:25.973 22898 22898 D NearbyFragment: onPayloadReceived(endpointId=09sQ, payload=com.google.android.gms.nearby.connection.Payload@11907b4)
07-05 16:52:25.974 22898 22898 V NearbyFragment: Started downloading 20200312_150744!003.mp4 from Endpoint{id=09sQ, name=Nexus 5X [34d8]}
07-05 16:52:25.975 22898 22898 I NearbyFragment: Transfer queue is empty
07-05 16:52:25.985 22898 22898 V NearbyFragment: Transfer to Endpoint{id=09sQ, name=Nexus 5X [34d8]} complete
07-05 16:52:26.030 22898 22898 D NearbyFragment: onPayloadReceived(endpointId=09sQ, payload=com.google.android.gms.nearby.connection.Payload@1394fdd)
07-05 16:52:26.343 22898 23662 V VideoManager: videoFromCursor
07-05 16:52:26.350 22898 23662 V VideoManager: Retrieving video from /storage/emulated/0/Movies/segment/20200312_150944/20200312_150944!001.mp4
07-05 16:52:26.365 22898 23662 D VideoManager: videoCursor is null
07-05 16:52:26.410 22898 23662 V VideoManager: videoFromCursor
07-05 16:52:26.414 22898 23662 V VideoManager: Retrieving video from /storage/emulated/0/Movies/segment/20200312_150944/20200312_150944!002.mp4
07-05 16:52:26.425 22898 23662 D VideoManager: videoCursor is null
07-05 16:52:26.459 22898 22898 V NearbyFragment: Transfer to Endpoint{id=09sQ, name=Nexus 5X [34d8]} complete
07-05 16:52:26.461 22898 22898 W NearbyFragment: Completed downloading 20200312_150744!003.mp4 from Endpoint{id=09sQ, name=Nexus 5X [34d8]} in 00.485s
07-05 16:52:26.467 22898 22898 V FileManager: External storage is readable
07-05 16:52:26.471 22898 22898 V FileManager: Created new directory: /storage/emulated/0/Movies/segment-sum/20200312_150744
07-05 16:52:26.485 22898 23662 V VideoManager: videoFromCursor
07-05 16:52:26.490 22898 23662 V VideoManager: Retrieving video from /storage/emulated/0/Movies/segment/20200312_150944/20200312_150944!003.mp4
07-05 16:52:26.500 22898 23662 D VideoManager: videoCursor is null
07-05 16:52:26.537 22898 23662 V VideoManager: videoFromCursor
07-05 16:52:26.542 22898 23662 V NearbyFragment: nextTransfer with selected algorithm: best
07-05 16:52:26.544 22898 23662 W NearbyFragment: Sending 20200312_150944!000.mp4 to Nexus 5X [34d8]
07-05 16:52:26.550 22898 22898 D NearbyFragment: Received all summarised video segments of 20200312_150744
07-05 16:52:26.555 22898 22898 V FileManager: External storage is readable
07-05 16:52:26.556 22898 22898 V FileManager: Directory already exists: /storage/emulated/0/Movies/segment-sum/20200312_150744
07-05 16:52:26.557 22898 22898 D FfmpegTools: Merging /storage/emulated/0/Movies/summarised/20200312_150744.mp4
07-05 16:52:26.557 22898 22898 V FfmpegTools: Retrieving duration of /storage/emulated/0/Movies/segment-sum/20200312_150744/20200312_150744!003.mp4
07-05 16:52:26.587 22898 23769 I mobile-ffmpeg: Input #0, mov,mp4,m4a,3gp,3g2,mj2, from '/storage/emulated/0/Movies/segment-sum/20200312_150744/20200312_150744!003.mp4':
07-05 16:52:26.587 22898 23769 I mobile-ffmpeg:   Metadata:
07-05 16:52:26.587 22898 23769 I mobile-ffmpeg:     major_brand     : 
07-05 16:52:26.587 22898 23769 I mobile-ffmpeg: isom
07-05 16:52:26.588 22898 23769 I mobile-ffmpeg: 
07-05 16:52:26.588 22898 23769 I mobile-ffmpeg:     minor_version   : 
07-05 16:52:26.588 22898 23769 I mobile-ffmpeg: 512
07-05 16:52:26.588 22898 23769 I mobile-ffmpeg: 
07-05 16:52:26.589 22898 23769 I mobile-ffmpeg:     compatible_brands: 
07-05 16:52:26.589 22898 23769 I mobile-ffmpeg: isomiso2avc1mp41
07-05 16:52:26.589 22898 23769 I mobile-ffmpeg: 
07-05 16:52:26.589 22898 23769 I mobile-ffmpeg:     encoder         : 
07-05 16:52:26.589 22898 23769 I mobile-ffmpeg: Lavf58.42.100
07-05 16:52:26.590 22898 23769 I mobile-ffmpeg: 
07-05 16:52:26.590 22898 23769 I mobile-ffmpeg:   Duration: 
07-05 16:52:26.590 22898 23769 I mobile-ffmpeg: 00:00:04.89
07-05 16:52:26.590 22898 23769 I mobile-ffmpeg: , start: 
07-05 16:52:26.591 22898 23769 I mobile-ffmpeg: 0.000000
07-05 16:52:26.591 22898 23769 I mobile-ffmpeg: , bitrate: 
07-05 16:52:26.591 22898 23769 I mobile-ffmpeg: 1421 kb/s
07-05 16:52:26.592 22898 23769 I mobile-ffmpeg: 
07-05 16:52:26.592 22898 23769 I mobile-ffmpeg:     Stream #0:0
07-05 16:52:26.592 22898 23769 I mobile-ffmpeg: (und)
07-05 16:52:26.592 22898 23769 I mobile-ffmpeg: : Video: h264 (avc1 / 0x31637661), yuvj420p(pc), 1280x720, 1361 kb/s
07-05 16:52:26.592 22898 23769 I mobile-ffmpeg: , 
07-05 16:52:26.592 22898 23769 I mobile-ffmpeg: 29.97 fps, 
07-05 16:52:26.592 22898 23769 I mobile-ffmpeg: 29.97 tbr, 
07-05 16:52:26.592 22898 23769 I mobile-ffmpeg: 30k tbn, 
07-05 16:52:26.592 22898 23769 I mobile-ffmpeg: 59.94 tbc
07-05 16:52:26.594 22898 23769 I mobile-ffmpeg:  (default)
07-05 16:52:26.594 22898 23769 I mobile-ffmpeg: 
07-05 16:52:26.594 22898 23769 I mobile-ffmpeg:     Metadata:
07-05 16:52:26.594 22898 23769 I mobile-ffmpeg:       handler_name    : 
07-05 16:52:26.594 22898 23769 I mobile-ffmpeg: VideoHandler
07-05 16:52:26.594 22898 23769 I mobile-ffmpeg: 
07-05 16:52:26.594 22898 23769 I mobile-ffmpeg:     Stream #0:1
07-05 16:52:26.595 22898 23769 I mobile-ffmpeg: (und)
07-05 16:52:26.595 22898 23769 I mobile-ffmpeg: : Audio: aac (mp4a / 0x6134706D), 16000 Hz, stereo, fltp, 78 kb/s
07-05 16:52:26.595 22898 23769 I mobile-ffmpeg:  (default)
07-05 16:52:26.595 22898 23769 I mobile-ffmpeg: 
07-05 16:52:26.595 22898 23769 I mobile-ffmpeg:     Metadata:
07-05 16:52:26.596 22898 23769 I mobile-ffmpeg:       handler_name    : 
07-05 16:52:26.596 22898 23769 I mobile-ffmpeg: SoundHandler
07-05 16:52:26.596 22898 23769 I mobile-ffmpeg: 
07-05 16:52:26.598 22898 22898 W FfmpegTools: Single segment returned, duration of 20200312_150744: 4.89
07-05 16:52:26.654 22898 22898 V VideoManager: Retrieving video from /storage/emulated/0/Movies/summarised/20200312_150744.mp4
07-05 16:52:26.666 22898 22898 V VideoManager: videoFromCursor
07-05 16:52:26.670 22898 22898 V SummarisedVideosEventHandler: onAdd
07-05 16:52:26.670 22898 22898 V RawFootageEventHandler: removeByName
07-05 16:52:26.671 22898 22898 V ProcessingVideosEventHandler: removeByName
07-05 16:52:26.671 22898 22898 V NearbyFragment: Removing video segment map for 20200312_150744
07-05 16:52:26.672 22898 22898 V NearbyFragment: Transfer to Endpoint{id=09sQ, name=Nexus 5X [34d8]} complete
07-05 16:52:27.549 22898 23662 V DownloadTestVideosTask: Starting DownloadTestVideosTask
07-05 16:52:27.553 22898 23662 V DashDownloadManager: Started downloading: 20200312_151044.mp4
07-05 16:52:27.557 22898 23662 I System.out: (HTTPLog)-Static: isSBSettingEnabled false
07-05 16:52:27.558 22898 23662 I System.out: (HTTPLog)-Static: isSBSettingEnabled false
07-05 16:52:27.577 22898 23662 I System.out: (HTTPLog)-Thread-1670-209148145: getTransferStream : ContentLength=69990400, method=GET, HTTPVersion=http/1.1
07-05 16:52:30.832 22898 22898 V NearbyFragment: Transfer to Endpoint{id=09sQ, name=Nexus 5X [34d8]} complete
07-05 16:52:32.500 22898 22898 D NearbyFragment: onPayloadReceived(endpointId=09sQ, payload=com.google.android.gms.nearby.connection.Payload@7507cd6)
07-05 16:52:32.502 22898 22898 D NearbyFragment: Endpoint{id=09sQ, name=Nexus 5X [34d8]} has finished downloading 20200312_150944!000.mp4
07-05 16:52:32.507 22898 22898 V NearbyFragment: nextTransfer with selected algorithm: best
07-05 16:52:32.510 22898 22898 W NearbyFragment: Sending 20200312_150944!001.mp4 to Nexus 5X [34d8]
07-05 16:52:32.539 22898 22898 V NearbyFragment: Transfer to Endpoint{id=09sQ, name=Nexus 5X [34d8]} complete
07-05 16:52:32.540 22898 22898 V NearbyFragment: Transfer to Endpoint{id=09sQ, name=Nexus 5X [34d8]} complete
07-05 16:52:34.718 22898 22898 D NearbyFragment: onPayloadReceived(endpointId=09sQ, payload=com.google.android.gms.nearby.connection.Payload@317932d)
07-05 16:52:34.720 22898 22898 V NearbyFragment: Started downloading 20200312_150844!000.mp4 from Endpoint{id=09sQ, name=Nexus 5X [34d8]}
07-05 16:52:34.723 22898 22898 V NearbyFragment: nextTransfer with selected algorithm: best
07-05 16:52:34.727 22898 22898 W NearbyFragment: Sending 20200312_150944!002.mp4 to Nexus 5X [34d8]
07-05 16:52:34.759 22898 22898 V NearbyFragment: Transfer to Endpoint{id=09sQ, name=Nexus 5X [34d8]} complete
07-05 16:52:34.962 22898 22898 D NearbyFragment: onPayloadReceived(endpointId=09sQ, payload=com.google.android.gms.nearby.connection.Payload@3bd42b0)
07-05 16:52:35.672 22898 22898 V NearbyFragment: Transfer to Endpoint{id=09sQ, name=Nexus 5X [34d8]} complete
07-05 16:52:36.357 22898 22898 V NearbyFragment: Transfer to Endpoint{id=09sQ, name=Nexus 5X [34d8]} complete
07-05 16:52:38.253 22898 22898 D NearbyFragment: onPayloadReceived(endpointId=09sQ, payload=com.google.android.gms.nearby.connection.Payload@6073529)
07-05 16:52:38.255 22898 22898 D NearbyFragment: Endpoint{id=09sQ, name=Nexus 5X [34d8]} has finished downloading 20200312_150944!001.mp4
07-05 16:52:38.257 22898 22898 V NearbyFragment: nextTransfer with selected algorithm: best
07-05 16:52:38.259 22898 22898 W NearbyFragment: Sending 20200312_150944!003.mp4 to Nexus 5X [34d8]
07-05 16:52:38.265 22898 22898 V NearbyFragment: Transfer to Endpoint{id=09sQ, name=Nexus 5X [34d8]} complete
