07-05 16:54:45.019 22898 23769 I mobile-ffmpeg:     Stream #0:1
07-05 16:54:45.019 22898 23769 I mobile-ffmpeg: (eng)
07-05 16:54:45.019 22898 23769 I mobile-ffmpeg: : Audio: aac (mp4a / 0x6134706D), 16000 Hz, stereo, fltp, 47 kb/s
07-05 16:54:45.019 22898 23769 I mobile-ffmpeg:  (default)
07-05 16:54:45.019 22898 23769 I mobile-ffmpeg: 
07-05 16:54:45.019 22898 23769 I mobile-ffmpeg:     Metadata:
07-05 16:54:45.019 22898 23769 I mobile-ffmpeg:       creation_time   : 
07-05 16:54:45.019 22898 23769 I mobile-ffmpeg: 2020-03-12T08:39:28.000000Z
07-05 16:54:45.019 22898 23769 I mobile-ffmpeg: 
07-05 16:54:45.019 22898 23769 I mobile-ffmpeg:       handler_name    : 
07-05 16:54:45.019 22898 23769 I mobile-ffmpeg: PittaSoft Sound Media Handler
07-05 16:54:45.019 22898 23769 I mobile-ffmpeg: 
07-05 16:54:45.019 22898 23769 I mobile-ffmpeg: [segment @ 0x779b2f8e00] Opening '/storage/emulated/0/Movies/segment/20200312_193828/20200312_193828!000.mp4' for writing
07-05 16:54:45.019 22898 23769 I mobile-ffmpeg: Output #0, segment, to '/storage/emulated/0/Movies/segment/20200312_193828/20200312_193828!%03d.mp4':
07-05 16:54:45.019 22898 23769 I mobile-ffmpeg:   Metadata:
07-05 16:54:45.019 22898 23769 I mobile-ffmpeg:     compatible_brands: 
07-05 16:54:45.019 22898 23769 I mobile-ffmpeg: mp42mp42
07-05 16:54:45.019 22898 23769 I mobile-ffmpeg: 
07-05 16:54:45.019 22898 23769 I mobile-ffmpeg:     major_brand     : 
07-05 16:54:45.019 22898 23769 I mobile-ffmpeg: mp42
07-05 16:54:45.019 22898 23769 I mobile-ffmpeg: 
07-05 16:54:45.019 22898 23769 I mobile-ffmpeg:     minor_version   : 
07-05 16:54:45.019 22898 23769 I mobile-ffmpeg: 1
07-05 16:54:45.020 22898 23769 I mobile-ffmpeg: 
07-05 16:54:45.020 22898 23769 I mobile-ffmpeg:     encoder         : 
07-05 16:54:45.020 22898 23769 I mobile-ffmpeg: Lavf58.42.100
07-05 16:54:45.020 22898 23769 I mobile-ffmpeg: 
07-05 16:54:45.020 22898 23769 I mobile-ffmpeg:     Stream #0:0
07-05 16:54:45.020 22898 23769 I mobile-ffmpeg: (eng)
07-05 16:54:45.020 22898 23769 I mobile-ffmpeg: : Video: h264 (avc1 / 0x31637661), yuvj420p(pc, bt709), 1280x720, q=2-31, 8385 kb/s
07-05 16:54:45.020 22898 23769 I mobile-ffmpeg: , 
07-05 16:54:45.020 22898 23769 I mobile-ffmpeg: 29.97 fps, 
07-05 16:54:45.020 22898 23769 I mobile-ffmpeg: 29.97 tbr, 
07-05 16:54:45.020 22898 23769 I mobile-ffmpeg: 16k tbn, 
07-05 16:54:45.020 22898 23769 I mobile-ffmpeg: 1k tbc
07-05 16:54:45.020 22898 23769 I mobile-ffmpeg:  (default)
07-05 16:54:45.020 22898 23769 I mobile-ffmpeg: 
07-05 16:54:45.020 22898 23769 I mobile-ffmpeg:     Metadata:
07-05 16:54:45.020 22898 23769 I mobile-ffmpeg:       creation_time   : 
07-05 16:54:45.020 22898 23769 I mobile-ffmpeg: 2020-03-12T08:39:28.000000Z
07-05 16:54:45.020 22898 23769 I mobile-ffmpeg: 
07-05 16:54:45.020 22898 23769 I mobile-ffmpeg:       handler_name    : 
07-05 16:54:45.020 22898 23769 I mobile-ffmpeg: PittaSoft Video Media Handler
07-05 16:54:45.020 22898 23769 I mobile-ffmpeg: 
07-05 16:54:45.020 22898 23769 I mobile-ffmpeg:     Stream #0:1
07-05 16:54:45.020 22898 23769 I mobile-ffmpeg: (eng)
07-05 16:54:45.020 22898 23769 I mobile-ffmpeg: : Audio: aac (mp4a / 0x6134706D), 16000 Hz, stereo, fltp, 47 kb/s
07-05 16:54:45.020 22898 23769 I mobile-ffmpeg:  (default)
07-05 16:54:45.020 22898 23769 I mobile-ffmpeg: 
07-05 16:54:45.021 22898 23769 I mobile-ffmpeg:     Metadata:
07-05 16:54:45.021 22898 23769 I mobile-ffmpeg:       creation_time   : 
07-05 16:54:45.021 22898 23769 I mobile-ffmpeg: 2020-03-12T08:39:28.000000Z
07-05 16:54:45.021 22898 23769 I mobile-ffmpeg: 
07-05 16:54:45.021 22898 23769 I mobile-ffmpeg:       handler_name    : 
07-05 16:54:45.021 22898 23769 I mobile-ffmpeg: PittaSoft Sound Media Handler
07-05 16:54:45.021 22898 23769 I mobile-ffmpeg: 
07-05 16:54:45.021 22898 23769 I mobile-ffmpeg: Stream mapping:
07-05 16:54:45.021 22898 23769 I mobile-ffmpeg:   Stream #0:0 -> #0:0
07-05 16:54:45.021 22898 23769 I mobile-ffmpeg:  (copy)
07-05 16:54:45.021 22898 23769 I mobile-ffmpeg: 
07-05 16:54:45.021 22898 23769 I mobile-ffmpeg:   Stream #0:1 -> #0:1
07-05 16:54:45.021 22898 23769 I mobile-ffmpeg:  (copy)
07-05 16:54:45.021 22898 23769 I mobile-ffmpeg: 
07-05 16:54:45.021 22898 23769 I mobile-ffmpeg: Press [q] to stop, [?] for help
07-05 16:54:45.021 22898 23769 I mobile-ffmpeg: frame=    1 fps=0.0 q=-1.0 size=N/A time=00:00:00.00 bitrate=N/A speed=31.5x    
07-05 16:54:45.032 22898 22907 W System  : A resource failed to call close. 
07-05 16:54:45.099 22898 22907 I chatty  : uid=10568(com.example.edgesum) FinalizerDaemon identical 36 lines
07-05 16:54:45.099 22898 22907 W System  : A resource failed to call close. 
07-05 16:54:45.099 22898 23769 I mobile-ffmpeg: [segment @ 0x779b2f8e00] Opening '/storage/emulated/0/Movies/segment/20200312_193828/20200312_193828!001.mp4' for writing
07-05 16:54:45.099 22898 22907 W System  : A resource failed to call close. 
07-05 16:54:45.155 22898 22907 I chatty  : uid=10568(com.example.edgesum) FinalizerDaemon identical 44 lines
07-05 16:54:45.155 22898 22907 W System  : A resource failed to call close. 
07-05 16:54:45.156 22898 23769 I mobile-ffmpeg: [segment @ 0x779b2f8e00] Opening '/storage/emulated/0/Movies/segment/20200312_193828/20200312_193828!002.mp4' for writing
07-05 16:54:45.158 22898 22907 W System  : A resource failed to call close. 
07-05 16:54:45.214 22898 23769 I mobile-ffmpeg: [segment @ 0x779b2f8e00] Opening '/storage/emulated/0/Movies/segment/20200312_193828/20200312_193828!003.mp4' for writing
07-05 16:54:45.255 22898 23769 I mobile-ffmpeg: frame= 1800 fps=0.0 q=-1.0 Lsize=N/A time=00:01:00.02 bitrate=N/A speed= 255x    
07-05 16:54:45.255 22898 23769 I mobile-ffmpeg: video:61439kB audio:345kB subtitle:0kB other streams:0kB global headers:0kB muxing overhead: 
07-05 16:54:45.255 22898 23769 I mobile-ffmpeg: unknown
07-05 16:54:45.255 22898 23769 I mobile-ffmpeg: 
07-05 16:54:45.259 22898 23662 V FileManager: External storage is readable
07-05 16:54:45.259 22898 23662 V FileManager: Directory already exists: /storage/emulated/0/Movies/segment/20200312_193828
07-05 16:54:45.259 22898 23662 V VideoManager: Retrieving videos from /storage/emulated/0/Movies/segment/20200312_193828
07-05 16:54:45.260 22898 23662 V VideoManager: Retrieving video from /storage/emulated/0/Movies/segment/20200312_193828/20200312_193828!000.mp4
07-05 16:54:45.298 22898 23662 D VideoManager: videoCursor is null
07-05 16:54:45.557 22898 23662 V VideoManager: videoFromCursor
07-05 16:54:45.561 22898 23662 V VideoManager: Retrieving video from /storage/emulated/0/Movies/segment/20200312_193828/20200312_193828!001.mp4
07-05 16:54:45.570 22898 23662 D VideoManager: videoCursor is null
07-05 16:54:45.598 22898 23662 V VideoManager: videoFromCursor
07-05 16:54:45.602 22898 23662 V VideoManager: Retrieving video from /storage/emulated/0/Movies/segment/20200312_193828/20200312_193828!002.mp4
07-05 16:54:45.611 22898 23662 D VideoManager: videoCursor is null
07-05 16:54:45.638 22898 23662 V VideoManager: videoFromCursor
07-05 16:54:45.642 22898 23662 V VideoManager: Retrieving video from /storage/emulated/0/Movies/segment/20200312_193828/20200312_193828!003.mp4
07-05 16:54:45.651 22898 23662 D VideoManager: videoCursor is null
07-05 16:54:45.692 22898 23662 V VideoManager: videoFromCursor
07-05 16:54:45.697 22898 23662 V NearbyFragment: nextTransfer with selected algorithm: best
07-05 16:54:45.699 22898 23662 W NearbyFragment: Sending 20200312_193828!000.mp4 to Nexus 5X [34d8]
07-05 16:54:45.711 22898 22898 V NearbyFragment: Transfer to Endpoint{id=09sQ, name=Nexus 5X [34d8]} complete
07-05 16:54:45.806 22898 22898 D NearbyFragment: onPayloadReceived(endpointId=09sQ, payload=com.google.android.gms.nearby.connection.Payload@534df2c)
07-05 16:54:45.807 22898 22898 D NearbyFragment: Endpoint{id=09sQ, name=Nexus 5X [34d8]} has finished downloading 20200312_193728!003.mp4
07-05 16:54:45.809 22898 22898 V NearbyFragment: nextTransfer with selected algorithm: best
07-05 16:54:45.811 22898 22898 W NearbyFragment: Sending 20200312_193828!001.mp4 to Nexus 5X [34d8]
07-05 16:54:45.843 22898 22898 V NearbyFragment: Transfer to Endpoint{id=09sQ, name=Nexus 5X [34d8]} complete
07-05 16:54:45.941 22898 22898 V NearbyFragment: Transfer to Endpoint{id=09sQ, name=Nexus 5X [34d8]} complete
07-05 16:54:46.467 22898 22898 D NearbyFragment: onPayloadReceived(endpointId=09sQ, payload=com.google.android.gms.nearby.connection.Payload@1c641fb)
07-05 16:54:46.467 22898 22898 D NearbyFragment: 20200312_151044!001.mp4 from Endpoint{id=09sQ, name=Nexus 5X [34d8]} contained no activity
07-05 16:54:46.468 22898 22898 V NearbyFragment: Received a segment of 20200312_151044
07-05 16:54:46.469 22898 22898 V NearbyFragment: nextTransfer with selected algorithm: best
07-05 16:54:46.472 22898 22898 W NearbyFragment: Sending 20200312_193828!002.mp4 to Nexus 5X [34d8]
07-05 16:54:46.670 22898 22898 V NearbyFragment: Transfer to Endpoint{id=09sQ, name=Nexus 5X [34d8]} complete
07-05 16:54:46.693 22898 22898 V NearbyFragment: Transfer to Endpoint{id=09sQ, name=Nexus 5X [34d8]} complete
07-05 16:54:46.704 22898 23662 V DownloadTestVideosTask: Starting DownloadTestVideosTask
07-05 16:54:46.708 22898 23662 V DashDownloadManager: Started downloading: 20200312_193928.mp4
07-05 16:54:46.712 22898 23662 I System.out: (HTTPLog)-Static: isSBSettingEnabled false
07-05 16:54:46.713 22898 23662 I System.out: (HTTPLog)-Static: isSBSettingEnabled false
07-05 16:54:46.755 22898 23662 I System.out: (HTTPLog)-Thread-1670-137634390: getTransferStream : ContentLength=69990400, method=GET, HTTPVersion=http/1.1
07-05 16:54:48.607 22898 22898 V NearbyFragment: Transfer to Endpoint{id=09sQ, name=Nexus 5X [34d8]} complete
07-05 16:54:50.623 22898 22898 D NearbyFragment: onPayloadReceived(endpointId=09sQ, payload=com.google.android.gms.nearby.connection.Payload@52d02d7)
07-05 16:54:50.624 22898 22898 D NearbyFragment: Endpoint{id=09sQ, name=Nexus 5X [34d8]} has finished downloading 20200312_193828!000.mp4
07-05 16:54:50.626 22898 22898 V NearbyFragment: nextTransfer with selected algorithm: best
07-05 16:54:50.628 22898 22898 W NearbyFragment: Sending 20200312_193828!003.mp4 to Nexus 5X [34d8]
07-05 16:54:50.896 22898 22898 V NearbyFragment: Transfer to Endpoint{id=09sQ, name=Nexus 5X [34d8]} complete
07-05 16:54:50.988 22898 22898 V NearbyFragment: Transfer to Endpoint{id=09sQ, name=Nexus 5X [34d8]} complete
07-05 16:54:54.278 22898 22898 V NearbyFragment: Transfer to Endpoint{id=09sQ, name=Nexus 5X [34d8]} complete
07-05 16:54:56.626 22898 22898 D NearbyFragment: onPayloadReceived(endpointId=09sQ, payload=com.google.android.gms.nearby.connection.Payload@e80de2)
07-05 16:54:56.629 22898 22898 D NearbyFragment: Endpoint{id=09sQ, name=Nexus 5X [34d8]} has finished downloading 20200312_193828!001.mp4
07-05 16:54:56.632 22898 22898 I NearbyFragment: Transfer queue is empty
07-05 16:54:56.643 22898 22898 V NearbyFragment: Transfer to Endpoint{id=09sQ, name=Nexus 5X [34d8]} complete
07-05 16:54:56.648 22898 22898 D NearbyFragment: onPayloadReceived(endpointId=09sQ, payload=com.google.android.gms.nearby.connection.Payload@5d4f573)
07-05 16:54:56.649 22898 22898 D NearbyFragment: 20200312_151044!002.mp4 from Endpoint{id=09sQ, name=Nexus 5X [34d8]} contained no activity
07-05 16:54:56.650 22898 22898 V NearbyFragment: Received a segment of 20200312_151044
07-05 16:54:56.651 22898 22898 I NearbyFragment: Transfer queue is empty
07-05 16:54:56.652 22898 22898 V NearbyFragment: Transfer to Endpoint{id=09sQ, name=Nexus 5X [34d8]} complete
07-05 16:55:02.390 22898 22898 V NearbyFragment: Transfer to Endpoint{id=09sQ, name=Nexus 5X [34d8]} complete
07-05 16:55:03.782 22898 22898 D NearbyFragment: onPayloadReceived(endpointId=09sQ, payload=com.google.android.gms.nearby.connection.Payload@867bc30)
07-05 16:55:03.783 22898 22898 D NearbyFragment: Endpoint{id=09sQ, name=Nexus 5X [34d8]} has finished downloading 20200312_193828!002.mp4
07-05 16:55:03.785 22898 22898 I NearbyFragment: Transfer queue is empty
07-05 16:55:03.873 22898 22898 V NearbyFragment: Transfer to Endpoint{id=09sQ, name=Nexus 5X [34d8]} complete
07-05 16:55:04.123 22898 22898 D NearbyFragment: onPayloadReceived(endpointId=09sQ, payload=com.google.android.gms.nearby.connection.Payload@ca1f0a9)
07-05 16:55:04.126 22898 22898 D NearbyFragment: 20200312_151044!003.mp4 from Endpoint{id=09sQ, name=Nexus 5X [34d8]} contained no activity
07-05 16:55:04.127 22898 22898 D NearbyFragment: Received all summarised video segments of 20200312_151044
07-05 16:55:04.141 22898 22898 V FileManager: External storage is readable
07-05 16:55:04.146 22898 22898 V FileManager: Created new directory: /storage/emulated/0/Movies/segment-sum/20200312_151044
07-05 16:55:04.150 22898 22898 D FfmpegTools: Merging /storage/emulated/0/Movies/summarised/20200312_151044.mp4
07-05 16:55:04.150 22898 22898 D FfmpegTools: No split videos to merge
07-05 16:55:04.151 22898 22898 V RawFootageEventHandler: removeByName
07-05 16:55:04.154 22898 22898 V ProcessingVideosEventHandler: removeByName
07-05 16:55:04.156 22898 22898 V NearbyFragment: Removing video segment map for 20200312_151044
07-05 16:55:04.157 22898 22898 I NearbyFragment: Transfer queue is empty
07-05 16:55:04.501 22898 22898 V NearbyFragment: Transfer to Endpoint{id=09sQ, name=Nexus 5X [34d8]} complete
07-05 16:55:06.351 22898 22898 V NearbyFragment: Transfer to Endpoint{id=09sQ, name=Nexus 5X [34d8]} complete
07-05 16:55:08.106 22898 22898 D NearbyFragment: onPayloadReceived(endpointId=09sQ, payload=com.google.android.gms.nearby.connection.Payload@4c46b5c)
07-05 16:55:08.107 22898 22898 D NearbyFragment: Endpoint{id=09sQ, name=Nexus 5X [34d8]} has finished downloading 20200312_193828!003.mp4
07-05 16:55:08.107 22898 22898 I NearbyFragment: Transfer queue is empty
07-05 16:55:08.340 22898 22898 V NearbyFragment: Transfer to Endpoint{id=09sQ, name=Nexus 5X [34d8]} complete
07-05 16:55:10.811 22898 23662 V VideoManager: Retrieving video from /storage/emulated/0/Movies/raw/20200312_193928.mp4
07-05 16:55:10.823 22898 23662 D VideoManager: videoCursor is null
07-05 16:55:10.886 22898 23662 V VideoManager: videoFromCursor
07-05 16:55:10.891 22898 23662 W DashDownloadManager: Successfully downloaded 20200312_193928.mp4 in 24.103s
07-05 16:55:10.891 22898 23662 V DownloadTestVideosTask: Entering callback for download completion of 20200312_193928.mp4
07-05 16:55:10.892 22898 23662 V RawFootageEventHandler: onAdd
07-05 16:55:10.896 22898 23662 V FfmpegTools: Retrieving duration of /storage/emulated/0/Movies/raw/20200312_193928.mp4
07-05 16:55:10.903 22898 23769 W mobile-ffmpeg: [mov,mp4,m4a,3gp,3g2,mj2 @ 0x77b4458400] Found duplicated MOOV Atom. Skipped it
07-05 16:55:10.957 22898 23769 I mobile-ffmpeg: Input #0, mov,mp4,m4a,3gp,3g2,mj2, from '/storage/emulated/0/Movies/raw/20200312_193928.mp4':
07-05 16:55:10.957 22898 23769 I mobile-ffmpeg:   Metadata:
07-05 16:55:10.957 22898 23769 I mobile-ffmpeg:     creation_time   : 
07-05 16:55:10.957 22898 23769 I mobile-ffmpeg: 2020-03-12T08:40:29.000000Z
07-05 16:55:10.958 22898 23769 I mobile-ffmpeg: 
07-05 16:55:10.958 22898 23769 I mobile-ffmpeg:     major_brand     : 
07-05 16:55:10.958 22898 23769 I mobile-ffmpeg: mp42
07-05 16:55:10.958 22898 23769 I mobile-ffmpeg: 
07-05 16:55:10.958 22898 23769 I mobile-ffmpeg:     minor_version   : 
07-05 16:55:10.958 22898 23769 I mobile-ffmpeg: 1
07-05 16:55:10.958 22898 23769 I mobile-ffmpeg: 
07-05 16:55:10.958 22898 23769 I mobile-ffmpeg:     compatible_brands: 
07-05 16:55:10.958 22898 23769 I mobile-ffmpeg: mp42mp42
07-05 16:55:10.958 22898 23769 I mobile-ffmpeg: 
07-05 16:55:10.958 22898 23769 I mobile-ffmpeg:   Duration: 
07-05 16:55:10.958 22898 23769 I mobile-ffmpeg: 00:01:00.89
07-05 16:55:10.958 22898 23769 I mobile-ffmpeg: , start: 
07-05 16:55:10.958 22898 23769 I mobile-ffmpeg: 0.000000
07-05 16:55:10.958 22898 23769 I mobile-ffmpeg: , bitrate: 
07-05 16:55:10.958 22898 23769 I mobile-ffmpeg: 9195 kb/s
07-05 16:55:10.958 22898 23769 I mobile-ffmpeg: 
07-05 16:55:10.958 22898 23769 I mobile-ffmpeg:     Stream #0:0
07-05 16:55:10.958 22898 23769 I mobile-ffmpeg: (eng)
07-05 16:55:10.958 22898 23769 I mobile-ffmpeg: : Video: h264 (avc1 / 0x31637661), yuvj420p(pc, bt709), 1280x720, 8355 kb/s
07-05 16:55:10.958 22898 23769 I mobile-ffmpeg: , 
07-05 16:55:10.958 22898 23769 I mobile-ffmpeg: 28.73 fps, 
07-05 16:55:10.958 22898 23769 I mobile-ffmpeg: 29.97 tbr, 
07-05 16:55:10.958 22898 23769 I mobile-ffmpeg: 1k tbn, 
07-05 16:55:10.958 22898 23769 I mobile-ffmpeg: 2k tbc
07-05 16:55:10.958 22898 23769 I mobile-ffmpeg:  (default)
07-05 16:55:10.958 22898 23769 I mobile-ffmpeg: 
07-05 16:55:10.958 22898 23769 I mobile-ffmpeg:     Metadata:
07-05 16:55:10.958 22898 23769 I mobile-ffmpeg:       creation_time   : 
07-05 16:55:10.959 22898 23769 I mobile-ffmpeg: 2020-03-12T08:40:29.000000Z
07-05 16:55:10.959 22898 23769 I mobile-ffmpeg: 
07-05 16:55:10.959 22898 23769 I mobile-ffmpeg:       handler_name    : 
07-05 16:55:10.959 22898 23769 I mobile-ffmpeg: PittaSoft Video Media Handler
07-05 16:55:10.959 22898 23769 I mobile-ffmpeg: 
07-05 16:55:10.959 22898 23769 I mobile-ffmpeg:     Stream #0:1
07-05 16:55:10.959 22898 23769 I mobile-ffmpeg: (eng)
07-05 16:55:10.959 22898 23769 I mobile-ffmpeg: : Audio: aac (mp4a / 0x6134706D), 16000 Hz, stereo, fltp, 47 kb/s
07-05 16:55:10.959 22898 23769 I mobile-ffmpeg:  (default)
07-05 16:55:10.959 22898 23769 I mobile-ffmpeg: 
07-05 16:55:10.959 22898 23769 I mobile-ffmpeg:     Metadata:
07-05 16:55:10.959 22898 23769 I mobile-ffmpeg:       creation_time   : 
07-05 16:55:10.959 22898 23769 I mobile-ffmpeg: 2020-03-12T08:40:29.000000Z
07-05 16:55:10.959 22898 23769 I mobile-ffmpeg: 
07-05 16:55:10.959 22898 23769 I mobile-ffmpeg:       handler_name    : 
07-05 16:55:10.959 22898 23769 I mobile-ffmpeg: PittaSoft Sound Media Handler
07-05 16:55:10.959 22898 23769 I mobile-ffmpeg: 
07-05 16:55:10.969 22898 23662 V FileManager: External storage is readable
07-05 16:55:10.970 22898 23662 V FileManager: Created new directory: /storage/emulated/0/Movies/segment/20200312_193928
07-05 16:55:10.971 22898 23662 V FfmpegTools: Splitting /storage/emulated/0/Movies/raw/20200312_193928.mp4 with 16s long segments
07-05 16:55:10.971 22898 23662 I FfmpegTools: Running ffmpeg with:
07-05 16:55:10.971 22898 23662 I FfmpegTools:   -y -i /storage/emulated/0/Movies/raw/20200312_193928.mp4 -map 0 -c copy -f segment -reset_timestamps 1 -segment_time 16 /storage/emulated/0/Movies/segment/20200312_193928/20200312_193928!%03d.mp4
07-05 16:55:10.980 22898 23769 W mobile-ffmpeg: [mov,mp4,m4a,3gp,3g2,mj2 @ 0x77b4458400] Found duplicated MOOV Atom. Skipped it
07-05 16:55:11.019 22898 23769 I mobile-ffmpeg: Input #0, mov,mp4,m4a,3gp,3g2,mj2, from '/storage/emulated/0/Movies/raw/20200312_193928.mp4':
07-05 16:55:11.019 22898 23769 I mobile-ffmpeg:   Metadata:
07-05 16:55:11.019 22898 23769 I mobile-ffmpeg:     creation_time   : 
07-05 16:55:11.019 22898 23769 I mobile-ffmpeg: 2020-03-12T08:40:29.000000Z
07-05 16:55:11.019 22898 23769 I mobile-ffmpeg: 
07-05 16:55:11.019 22898 23769 I mobile-ffmpeg:     major_brand     : 
07-05 16:55:11.019 22898 23769 I mobile-ffmpeg: mp42
07-05 16:55:11.019 22898 23769 I mobile-ffmpeg: 
07-05 16:55:11.019 22898 23769 I mobile-ffmpeg:     minor_version   : 
07-05 16:55:11.019 22898 23769 I mobile-ffmpeg: 1
07-05 16:55:11.019 22898 23769 I mobile-ffmpeg: 
07-05 16:55:11.019 22898 23769 I mobile-ffmpeg:     compatible_brands: 
07-05 16:55:11.019 22898 23769 I mobile-ffmpeg: mp42mp42
07-05 16:55:11.019 22898 23769 I mobile-ffmpeg: 
07-05 16:55:11.019 22898 23769 I mobile-ffmpeg:   Duration: 
07-05 16:55:11.019 22898 23769 I mobile-ffmpeg: 00:01:00.89
07-05 16:55:11.019 22898 23769 I mobile-ffmpeg: , start: 
07-05 16:55:11.019 22898 23769 I mobile-ffmpeg: 0.000000
07-05 16:55:11.019 22898 23769 I mobile-ffmpeg: , bitrate: 
07-05 16:55:11.019 22898 23769 I mobile-ffmpeg: 9195 kb/s
07-05 16:55:11.020 22898 23769 I mobile-ffmpeg: 
07-05 16:55:11.020 22898 23769 I mobile-ffmpeg:     Stream #0:0
07-05 16:55:11.020 22898 23769 I mobile-ffmpeg: (eng)
07-05 16:55:11.020 22898 23769 I mobile-ffmpeg: : Video: h264 (avc1 / 0x31637661), yuvj420p(pc, bt709), 1280x720, 8355 kb/s
07-05 16:55:11.020 22898 23769 I mobile-ffmpeg: , 
07-05 16:55:11.020 22898 23769 I mobile-ffmpeg: 28.73 fps, 
07-05 16:55:11.020 22898 23769 I mobile-ffmpeg: 29.97 tbr, 
07-05 16:55:11.020 22898 23769 I mobile-ffmpeg: 1k tbn, 
07-05 16:55:11.020 22898 23769 I mobile-ffmpeg: 2k tbc
07-05 16:55:11.020 22898 23769 I mobile-ffmpeg:  (default)
07-05 16:55:11.020 22898 23769 I mobile-ffmpeg: 
07-05 16:55:11.020 22898 23769 I mobile-ffmpeg:     Metadata:
07-05 16:55:11.020 22898 23769 I mobile-ffmpeg:       creation_time   : 
07-05 16:55:11.020 22898 23769 I mobile-ffmpeg: 2020-03-12T08:40:29.000000Z
07-05 16:55:11.020 22898 23769 I mobile-ffmpeg: 
07-05 16:55:11.020 22898 23769 I mobile-ffmpeg:       handler_name    : 
07-05 16:55:11.020 22898 23769 I mobile-ffmpeg: PittaSoft Video Media Handler
07-05 16:55:11.020 22898 23769 I mobile-ffmpeg: 
07-05 16:55:11.020 22898 23769 I mobile-ffmpeg:     Stream #0:1
07-05 16:55:11.020 22898 23769 I mobile-ffmpeg: (eng)
07-05 16:55:11.020 22898 23769 I mobile-ffmpeg: : Audio: aac (mp4a / 0x6134706D), 16000 Hz, stereo, fltp, 47 kb/s
07-05 16:55:11.020 22898 23769 I mobile-ffmpeg:  (default)
07-05 16:55:11.020 22898 23769 I mobile-ffmpeg: 
07-05 16:55:11.020 22898 23769 I mobile-ffmpeg:     Metadata:
07-05 16:55:11.020 22898 23769 I mobile-ffmpeg:       creation_time   : 
07-05 16:55:11.020 22898 23769 I mobile-ffmpeg: 2020-03-12T08:40:29.000000Z
07-05 16:55:11.020 22898 23769 I mobile-ffmpeg: 
07-05 16:55:11.021 22898 23769 I mobile-ffmpeg:       handler_name    : 
07-05 16:55:11.021 22898 23769 I mobile-ffmpeg: PittaSoft Sound Media Handler
07-05 16:55:11.021 22898 23769 I mobile-ffmpeg: 
07-05 16:55:11.021 22898 23769 I mobile-ffmpeg: [segment @ 0x779b2f8e00] Opening '/storage/emulated/0/Movies/segment/20200312_193928/20200312_193928!000.mp4' for writing
07-05 16:55:11.021 22898 23769 I mobile-ffmpeg: Output #0, segment, to '/storage/emulated/0/Movies/segment/20200312_193928/20200312_193928!%03d.mp4':
07-05 16:55:11.021 22898 23769 I mobile-ffmpeg:   Metadata:
07-05 16:55:11.021 22898 23769 I mobile-ffmpeg:     compatible_brands: 
07-05 16:55:11.021 22898 23769 I mobile-ffmpeg: mp42mp42
07-05 16:55:11.021 22898 23769 I mobile-ffmpeg: 
07-05 16:55:11.021 22898 23769 I mobile-ffmpeg:     major_brand     : 
07-05 16:55:11.021 22898 23769 I mobile-ffmpeg: mp42
07-05 16:55:11.021 22898 23769 I mobile-ffmpeg: 
07-05 16:55:11.021 22898 23769 I mobile-ffmpeg:     minor_version   : 
07-05 16:55:11.021 22898 23769 I mobile-ffmpeg: 1
07-05 16:55:11.021 22898 23769 I mobile-ffmpeg: 
07-05 16:55:11.021 22898 23769 I mobile-ffmpeg:     encoder         : 
07-05 16:55:11.021 22898 23769 I mobile-ffmpeg: Lavf58.42.100
07-05 16:55:11.021 22898 23769 I mobile-ffmpeg: 
07-05 16:55:11.021 22898 23769 I mobile-ffmpeg:     Stream #0:0
07-05 16:55:11.021 22898 23769 I mobile-ffmpeg: (eng)
07-05 16:55:11.021 22898 23769 I mobile-ffmpeg: : Video: h264 (avc1 / 0x31637661), yuvj420p(pc, bt709), 1280x720, q=2-31, 8355 kb/s
07-05 16:55:11.021 22898 23769 I mobile-ffmpeg: , 
07-05 16:55:11.021 22898 23769 I mobile-ffmpeg: 28.73 fps, 
07-05 16:55:11.021 22898 23769 I mobile-ffmpeg: 29.97 tbr, 
07-05 16:55:11.021 22898 23769 I mobile-ffmpeg: 16k tbn, 
07-05 16:55:11.021 22898 23769 I mobile-ffmpeg: 1k tbc
07-05 16:55:11.021 22898 23769 I mobile-ffmpeg:  (default)
07-05 16:55:11.021 22898 23769 I mobile-ffmpeg: 
07-05 16:55:11.022 22898 23769 I mobile-ffmpeg:     Metadata:
07-05 16:55:11.022 22898 23769 I mobile-ffmpeg:       creation_time   : 
07-05 16:55:11.022 22898 23769 I mobile-ffmpeg: 2020-03-12T08:40:29.000000Z
07-05 16:55:11.022 22898 23769 I mobile-ffmpeg: 
07-05 16:55:11.022 22898 23769 I mobile-ffmpeg:       handler_name    : 
07-05 16:55:11.022 22898 23769 I mobile-ffmpeg: PittaSoft Video Media Handler
07-05 16:55:11.022 22898 23769 I mobile-ffmpeg: 
07-05 16:55:11.022 22898 23769 I mobile-ffmpeg:     Stream #0:1
07-05 16:55:11.022 22898 23769 I mobile-ffmpeg: (eng)
07-05 16:55:11.022 22898 23769 I mobile-ffmpeg: : Audio: aac (mp4a / 0x6134706D), 16000 Hz, stereo, fltp, 47 kb/s
07-05 16:55:11.022 22898 23769 I mobile-ffmpeg:  (default)
07-05 16:55:11.022 22898 23769 I mobile-ffmpeg: 
07-05 16:55:11.022 22898 23769 I mobile-ffmpeg:     Metadata:
07-05 16:55:11.022 22898 23769 I mobile-ffmpeg:       creation_time   : 
07-05 16:55:11.022 22898 23769 I mobile-ffmpeg: 2020-03-12T08:40:29.000000Z
07-05 16:55:11.022 22898 23769 I mobile-ffmpeg: 
07-05 16:55:11.022 22898 23769 I mobile-ffmpeg:       handler_name    : 
07-05 16:55:11.022 22898 23769 I mobile-ffmpeg: PittaSoft Sound Media Handler
07-05 16:55:11.022 22898 23769 I mobile-ffmpeg: 
07-05 16:55:11.022 22898 23769 I mobile-ffmpeg: Stream mapping:
07-05 16:55:11.022 22898 23769 I mobile-ffmpeg:   Stream #0:0 -> #0:0
07-05 16:55:11.022 22898 23769 I mobile-ffmpeg:  (copy)
07-05 16:55:11.022 22898 23769 I mobile-ffmpeg: 
07-05 16:55:11.022 22898 23769 I mobile-ffmpeg:   Stream #0:1 -> #0:1
07-05 16:55:11.022 22898 23769 I mobile-ffmpeg:  (copy)
07-05 16:55:11.022 22898 23769 I mobile-ffmpeg: 
07-05 16:55:11.022 22898 23769 I mobile-ffmpeg: Press [q] to stop, [?] for help
07-05 16:55:11.023 22898 23769 I mobile-ffmpeg: frame=    1 fps=0.0 q=-1.0 size=N/A time=00:00:00.00 bitrate=N/A speed=  63x    
07-05 16:55:11.109 22898 23769 I mobile-ffmpeg: [segment @ 0x779b2f8e00] Opening '/storage/emulated/0/Movies/segment/20200312_193928/20200312_193928!001.mp4' for writing
07-05 16:55:11.175 22898 23769 I mobile-ffmpeg: [segment @ 0x779b2f8e00] Opening '/storage/emulated/0/Movies/segment/20200312_193928/20200312_193928!002.mp4' for writing
07-05 16:55:11.231 22898 23769 I mobile-ffmpeg: [segment @ 0x779b2f8e00] Opening '/storage/emulated/0/Movies/segment/20200312_193928/20200312_193928!003.mp4' for writing
07-05 16:55:11.271 22898 23769 I mobile-ffmpeg: frame= 1750 fps=0.0 q=-1.0 Lsize=N/A time=00:01:00.88 bitrate=N/A speed= 243x    
07-05 16:55:11.271 22898 23769 I mobile-ffmpeg: video:62106kB audio:350kB subtitle:0kB other streams:0kB global headers:0kB muxing overhead: 
07-05 16:55:11.271 22898 23769 I mobile-ffmpeg: unknown
07-05 16:55:11.271 22898 23769 I mobile-ffmpeg: 
07-05 16:55:11.274 22898 23662 V FileManager: External storage is readable
07-05 16:55:11.274 22898 23662 V FileManager: Directory already exists: /storage/emulated/0/Movies/segment/20200312_193928
07-05 16:55:11.274 22898 23662 V VideoManager: Retrieving videos from /storage/emulated/0/Movies/segment/20200312_193928
07-05 16:55:11.275 22898 23662 V VideoManager: Retrieving video from /storage/emulated/0/Movies/segment/20200312_193928/20200312_193928!000.mp4
07-05 16:55:11.288 22898 23662 D VideoManager: videoCursor is null
07-05 16:55:11.315 22898 23662 V VideoManager: videoFromCursor
07-05 16:55:11.318 22898 23662 V VideoManager: Retrieving video from /storage/emulated/0/Movies/segment/20200312_193928/20200312_193928!001.mp4
07-05 16:55:11.326 22898 23662 D VideoManager: videoCursor is null
07-05 16:55:11.568 22898 23662 V VideoManager: videoFromCursor
07-05 16:55:11.572 22898 23662 V VideoManager: Retrieving video from /storage/emulated/0/Movies/segment/20200312_193928/20200312_193928!002.mp4
07-05 16:55:11.583 22898 23662 D VideoManager: videoCursor is null
07-05 16:55:11.625 22898 23662 V VideoManager: videoFromCursor
07-05 16:55:11.629 22898 23662 V VideoManager: Retrieving video from /storage/emulated/0/Movies/segment/20200312_193928/20200312_193928!003.mp4
07-05 16:55:11.639 22898 23662 D VideoManager: videoCursor is null
07-05 16:55:11.670 22898 23662 V VideoManager: videoFromCursor
07-05 16:55:11.674 22898 23662 V NearbyFragment: nextTransfer with selected algorithm: best
07-05 16:55:11.676 22898 23662 W NearbyFragment: Sending 20200312_193928!000.mp4 to Nexus 5X [34d8]
07-05 16:55:11.689 22898 22898 V NearbyFragment: Transfer to Endpoint{id=09sQ, name=Nexus 5X [34d8]} complete
07-05 16:55:12.680 22898 23662 V DownloadTestVideosTask: Starting DownloadTestVideosTask
07-05 16:55:12.684 22898 23662 V DashDownloadManager: Started downloading: 20200312_194129.mp4
07-05 16:55:12.689 22898 23662 I System.out: (HTTPLog)-Static: isSBSettingEnabled false
07-05 16:55:12.690 22898 23662 I System.out: (HTTPLog)-Static: isSBSettingEnabled false
07-05 16:55:12.699 22898 23662 I System.out: (HTTPLog)-Thread-1670-81453384: getTransferStream : ContentLength=69990400, method=GET, HTTPVersion=http/1.1
07-05 16:55:13.310 22898 22898 D NearbyFragment: onPayloadReceived(endpointId=09sQ, payload=com.google.android.gms.nearby.connection.Payload@7860be1)
07-05 16:55:13.311 22898 22898 D NearbyFragment: 20200312_193528!000.mp4 from Endpoint{id=09sQ, name=Nexus 5X [34d8]} contained no activity
07-05 16:55:13.312 22898 22898 V NearbyFragment: Received a segment of 20200312_193528
07-05 16:55:13.314 22898 22898 V NearbyFragment: nextTransfer with selected algorithm: best
07-05 16:55:13.317 22898 22898 W NearbyFragment: Sending 20200312_193928!001.mp4 to Nexus 5X [34d8]
07-05 16:55:13.487 22898 22898 V NearbyFragment: Transfer to Endpoint{id=09sQ, name=Nexus 5X [34d8]} complete
07-05 16:55:13.501 22898 22898 V NearbyFragment: Transfer to Endpoint{id=09sQ, name=Nexus 5X [34d8]} complete
07-05 16:55:15.879 22898 22898 V NearbyFragment: Transfer to Endpoint{id=09sQ, name=Nexus 5X [34d8]} complete
07-05 16:55:18.462 22898 22898 D NearbyFragment: onPayloadReceived(endpointId=09sQ, payload=com.google.android.gms.nearby.connection.Payload@660c9f4)
07-05 16:55:18.464 22898 22898 D NearbyFragment: Endpoint{id=09sQ, name=Nexus 5X [34d8]} has finished downloading 20200312_193928!000.mp4
07-05 16:55:18.466 22898 22898 V NearbyFragment: nextTransfer with selected algorithm: best
07-05 16:55:18.469 22898 22898 W NearbyFragment: Sending 20200312_193928!002.mp4 to Nexus 5X [34d8]
07-05 16:55:18.640 22898 22898 V NearbyFragment: Transfer to Endpoint{id=09sQ, name=Nexus 5X [34d8]} complete
07-05 16:55:18.645 22898 22898 V NearbyFragment: Transfer to Endpoint{id=09sQ, name=Nexus 5X [34d8]} complete
07-05 16:55:22.933 22898 22898 D NearbyFragment: onPayloadReceived(endpointId=09sQ, payload=com.google.android.gms.nearby.connection.Payload@9e62163)
07-05 16:55:22.933 22898 22898 D NearbyFragment: 20200312_193528!001.mp4 from Endpoint{id=09sQ, name=Nexus 5X [34d8]} contained no activity
07-05 16:55:22.934 22898 22898 V NearbyFragment: Received a segment of 20200312_193528
07-05 16:55:22.935 22898 22898 V NearbyFragment: nextTransfer with selected algorithm: best
07-05 16:55:22.936 22898 22898 W NearbyFragment: Sending 20200312_193928!003.mp4 to Nexus 5X [34d8]
07-05 16:55:22.965 22898 22898 V NearbyFragment: Transfer to Endpoint{id=09sQ, name=Nexus 5X [34d8]} complete
07-05 16:55:22.973 22898 22898 V NearbyFragment: Transfer to Endpoint{id=09sQ, name=Nexus 5X [34d8]} complete
07-05 16:55:23.048 22898 22898 V NearbyFragment: Transfer to Endpoint{id=09sQ, name=Nexus 5X [34d8]} complete
07-05 16:55:24.444 22898 22898 D NearbyFragment: onPayloadReceived(endpointId=09sQ, payload=com.google.android.gms.nearby.connection.Payload@49576de)
07-05 16:55:24.445 22898 22898 D NearbyFragment: Endpoint{id=09sQ, name=Nexus 5X [34d8]} has finished downloading 20200312_193928!001.mp4
07-05 16:55:24.447 22898 22898 I NearbyFragment: Transfer queue is empty
07-05 16:55:24.641 22898 22898 V NearbyFragment: Transfer to Endpoint{id=09sQ, name=Nexus 5X [34d8]} complete
07-05 16:55:29.258 22898 22898 V NearbyFragment: Transfer to Endpoint{id=09sQ, name=Nexus 5X [34d8]} complete
07-05 16:55:31.617 22898 22898 D NearbyFragment: onPayloadReceived(endpointId=09sQ, payload=com.google.android.gms.nearby.connection.Payload@b8f70bf)
07-05 16:55:31.618 22898 22898 D NearbyFragment: Endpoint{id=09sQ, name=Nexus 5X [34d8]} has finished downloading 20200312_193928!002.mp4
07-05 16:55:31.619 22898 22898 I NearbyFragment: Transfer queue is empty
07-05 16:55:31.677 22898 22898 V NearbyFragment: Transfer to Endpoint{id=09sQ, name=Nexus 5X [34d8]} complete
07-05 16:55:32.671 22898 22898 D NearbyFragment: onPayloadReceived(endpointId=09sQ, payload=com.google.android.gms.nearby.connection.Payload@327638c)
07-05 16:55:32.672 22898 22898 D NearbyFragment: 20200312_193528!002.mp4 from Endpoint{id=09sQ, name=Nexus 5X [34d8]} contained no activity
07-05 16:55:32.672 22898 22898 V NearbyFragment: Received a segment of 20200312_193528
07-05 16:55:32.673 22898 22898 I NearbyFragment: Transfer queue is empty
07-05 16:55:33.049 22898 22898 V NearbyFragment: Transfer to Endpoint{id=09sQ, name=Nexus 5X [34d8]} complete
07-05 16:55:34.112 22898 22898 V NearbyFragment: Transfer to Endpoint{id=09sQ, name=Nexus 5X [34d8]} complete
07-05 16:55:35.258 22898 22898 D NearbyFragment: onPayloadReceived(endpointId=09sQ, payload=com.google.android.gms.nearby.connection.Payload@2623ad5)
07-05 16:55:35.259 22898 22898 D NearbyFragment: Endpoint{id=09sQ, name=Nexus 5X [34d8]} has finished downloading 20200312_193928!003.mp4
07-05 16:55:35.260 22898 22898 I NearbyFragment: Transfer queue is empty
07-05 16:55:35.575 22898 22898 V NearbyFragment: Transfer to Endpoint{id=09sQ, name=Nexus 5X [34d8]} complete
07-05 16:55:35.647 22898 23662 V VideoManager: Retrieving video from /storage/emulated/0/Movies/raw/20200312_194129.mp4
07-05 16:55:35.673 22898 23662 D VideoManager: videoCursor is null
07-05 16:55:35.761 22898 23662 V VideoManager: videoFromCursor
07-05 16:55:35.766 22898 23662 W DashDownloadManager: Successfully downloaded 20200312_194129.mp4 in 22.962s
07-05 16:55:35.767 22898 23662 V DownloadTestVideosTask: Entering callback for download completion of 20200312_194129.mp4
07-05 16:55:35.768 22898 23662 V RawFootageEventHandler: onAdd
07-05 16:55:35.770 22898 23662 V FfmpegTools: Retrieving duration of /storage/emulated/0/Movies/raw/20200312_194129.mp4
07-05 16:55:35.779 22898 23769 W mobile-ffmpeg: [mov,mp4,m4a,3gp,3g2,mj2 @ 0x77b4458400] Found duplicated MOOV Atom. Skipped it
07-05 16:55:35.833 22898 23769 I mobile-ffmpeg: Input #0, mov,mp4,m4a,3gp,3g2,mj2, from '/storage/emulated/0/Movies/raw/20200312_194129.mp4':
07-05 16:55:35.833 22898 23769 I mobile-ffmpeg:   Metadata:
07-05 16:55:35.833 22898 23769 I mobile-ffmpeg:     creation_time   : 
07-05 16:55:35.833 22898 23769 I mobile-ffmpeg: 2020-03-12T08:42:29.000000Z
07-05 16:55:35.834 22898 23769 I mobile-ffmpeg: 
07-05 16:55:35.834 22898 23769 I mobile-ffmpeg:     major_brand     : 
07-05 16:55:35.834 22898 23769 I mobile-ffmpeg: mp42
07-05 16:55:35.834 22898 23769 I mobile-ffmpeg: 
07-05 16:55:35.834 22898 23769 I mobile-ffmpeg:     minor_version   : 
07-05 16:55:35.834 22898 23769 I mobile-ffmpeg: 1
07-05 16:55:35.834 22898 23769 I mobile-ffmpeg: 
07-05 16:55:35.834 22898 23769 I mobile-ffmpeg:     compatible_brands: 
07-05 16:55:35.834 22898 23769 I mobile-ffmpeg: mp42mp42
07-05 16:55:35.834 22898 23769 I mobile-ffmpeg: 
07-05 16:55:35.834 22898 23769 I mobile-ffmpeg:   Duration: 
07-05 16:55:35.834 22898 23769 I mobile-ffmpeg: 00:01:00.02
07-05 16:55:35.834 22898 23769 I mobile-ffmpeg: , start: 
07-05 16:55:35.834 22898 23769 I mobile-ffmpeg: 0.000000
07-05 16:55:35.834 22898 23769 I mobile-ffmpeg: , bitrate: 
07-05 16:55:35.834 22898 23769 I mobile-ffmpeg: 9328 kb/s
07-05 16:55:35.834 22898 23769 I mobile-ffmpeg: 
07-05 16:55:35.834 22898 23769 I mobile-ffmpeg:     Stream #0:0
07-05 16:55:35.834 22898 23769 I mobile-ffmpeg: (eng)
07-05 16:55:35.834 22898 23769 I mobile-ffmpeg: : Video: h264 (avc1 / 0x31637661), yuvj420p(pc, bt709), 1280x720, 8370 kb/s
07-05 16:55:35.834 22898 23769 I mobile-ffmpeg: , 
07-05 16:55:35.834 22898 23769 I mobile-ffmpeg: 29.97 fps, 
07-05 16:55:35.834 22898 23769 I mobile-ffmpeg: 29.97 tbr, 
07-05 16:55:35.834 22898 23769 I mobile-ffmpeg: 1k tbn, 
07-05 16:55:35.834 22898 23769 I mobile-ffmpeg: 2k tbc
07-05 16:55:35.834 22898 23769 I mobile-ffmpeg:  (default)
07-05 16:55:35.834 22898 23769 I mobile-ffmpeg: 
07-05 16:55:35.834 22898 23769 I mobile-ffmpeg:     Metadata:
07-05 16:55:35.834 22898 23769 I mobile-ffmpeg:       creation_time   : 
07-05 16:55:35.834 22898 23769 I mobile-ffmpeg: 2020-03-12T08:42:29.000000Z
07-05 16:55:35.835 22898 23769 I mobile-ffmpeg: 
07-05 16:55:35.835 22898 23769 I mobile-ffmpeg:       handler_name    : 
07-05 16:55:35.835 22898 23769 I mobile-ffmpeg: PittaSoft Video Media Handler
07-05 16:55:35.835 22898 23769 I mobile-ffmpeg: 
07-05 16:55:35.835 22898 23769 I mobile-ffmpeg:     Stream #0:1
07-05 16:55:35.835 22898 23769 I mobile-ffmpeg: (eng)
07-05 16:55:35.835 22898 23769 I mobile-ffmpeg: : Audio: aac (mp4a / 0x6134706D), 16000 Hz, stereo, fltp, 47 kb/s
07-05 16:55:35.835 22898 23769 I mobile-ffmpeg:  (default)
07-05 16:55:35.835 22898 23769 I mobile-ffmpeg: 
07-05 16:55:35.835 22898 23769 I mobile-ffmpeg:     Metadata:
07-05 16:55:35.835 22898 23769 I mobile-ffmpeg:       creation_time   : 
07-05 16:55:35.835 22898 23769 I mobile-ffmpeg: 2020-03-12T08:42:29.000000Z
07-05 16:55:35.835 22898 23769 I mobile-ffmpeg: 
07-05 16:55:35.835 22898 23769 I mobile-ffmpeg:       handler_name    : 
07-05 16:55:35.835 22898 23769 I mobile-ffmpeg: PittaSoft Sound Media Handler
07-05 16:55:35.835 22898 23769 I mobile-ffmpeg: 
07-05 16:55:35.846 22898 23662 V FileManager: External storage is readable
07-05 16:55:35.848 22898 23662 V FileManager: Created new directory: /storage/emulated/0/Movies/segment/20200312_194129
07-05 16:55:35.848 22898 23662 V FfmpegTools: Splitting /storage/emulated/0/Movies/raw/20200312_194129.mp4 with 16s long segments
07-05 16:55:35.849 22898 23662 I FfmpegTools: Running ffmpeg with:
07-05 16:55:35.849 22898 23662 I FfmpegTools:   -y -i /storage/emulated/0/Movies/raw/20200312_194129.mp4 -map 0 -c copy -f segment -reset_timestamps 1 -segment_time 16 /storage/emulated/0/Movies/segment/20200312_194129/20200312_194129!%03d.mp4
07-05 16:55:35.857 22898 23769 W mobile-ffmpeg: [mov,mp4,m4a,3gp,3g2,mj2 @ 0x77b4458400] Found duplicated MOOV Atom. Skipped it
07-05 16:55:35.894 22898 23769 I mobile-ffmpeg: Input #0, mov,mp4,m4a,3gp,3g2,mj2, from '/storage/emulated/0/Movies/raw/20200312_194129.mp4':
07-05 16:55:35.894 22898 23769 I mobile-ffmpeg:   Metadata:
07-05 16:55:35.894 22898 23769 I mobile-ffmpeg:     creation_time   : 
07-05 16:55:35.894 22898 23769 I mobile-ffmpeg: 2020-03-12T08:42:29.000000Z
07-05 16:55:35.894 22898 23769 I mobile-ffmpeg: 
07-05 16:55:35.894 22898 23769 I mobile-ffmpeg:     major_brand     : 
07-05 16:55:35.894 22898 23769 I mobile-ffmpeg: mp42
07-05 16:55:35.894 22898 23769 I mobile-ffmpeg: 
07-05 16:55:35.894 22898 23769 I mobile-ffmpeg:     minor_version   : 
07-05 16:55:35.894 22898 23769 I mobile-ffmpeg: 1
07-05 16:55:35.894 22898 23769 I mobile-ffmpeg: 
07-05 16:55:35.894 22898 23769 I mobile-ffmpeg:     compatible_brands: 
07-05 16:55:35.894 22898 23769 I mobile-ffmpeg: mp42mp42
07-05 16:55:35.894 22898 23769 I mobile-ffmpeg: 
07-05 16:55:35.894 22898 23769 I mobile-ffmpeg:   Duration: 
07-05 16:55:35.894 22898 23769 I mobile-ffmpeg: 00:01:00.02
07-05 16:55:35.894 22898 23769 I mobile-ffmpeg: , start: 
07-05 16:55:35.894 22898 23769 I mobile-ffmpeg: 0.000000
07-05 16:55:35.895 22898 23769 I mobile-ffmpeg: , bitrate: 
07-05 16:55:35.895 22898 23769 I mobile-ffmpeg: 9328 kb/s
07-05 16:55:35.895 22898 23769 I mobile-ffmpeg: 
07-05 16:55:35.895 22898 23769 I mobile-ffmpeg:     Stream #0:0
07-05 16:55:35.895 22898 23769 I mobile-ffmpeg: (eng)
07-05 16:55:35.895 22898 23769 I mobile-ffmpeg: : Video: h264 (avc1 / 0x31637661), yuvj420p(pc, bt709), 1280x720, 8370 kb/s
07-05 16:55:35.895 22898 23769 I mobile-ffmpeg: , 
07-05 16:55:35.895 22898 23769 I mobile-ffmpeg: 29.97 fps, 
07-05 16:55:35.895 22898 23769 I mobile-ffmpeg: 29.97 tbr, 
07-05 16:55:35.895 22898 23769 I mobile-ffmpeg: 1k tbn, 
07-05 16:55:35.895 22898 23769 I mobile-ffmpeg: 2k tbc
07-05 16:55:35.895 22898 23769 I mobile-ffmpeg:  (default)
07-05 16:55:35.895 22898 23769 I mobile-ffmpeg: 
07-05 16:55:35.895 22898 23769 I mobile-ffmpeg:     Metadata:
07-05 16:55:35.895 22898 23769 I mobile-ffmpeg:       creation_time   : 
07-05 16:55:35.895 22898 23769 I mobile-ffmpeg: 2020-03-12T08:42:29.000000Z
07-05 16:55:35.895 22898 23769 I mobile-ffmpeg: 
07-05 16:55:35.895 22898 23769 I mobile-ffmpeg:       handler_name    : 
07-05 16:55:35.895 22898 23769 I mobile-ffmpeg: PittaSoft Video Media Handler
07-05 16:55:35.895 22898 23769 I mobile-ffmpeg: 
07-05 16:55:35.895 22898 23769 I mobile-ffmpeg:     Stream #0:1
07-05 16:55:35.895 22898 23769 I mobile-ffmpeg: (eng)
07-05 16:55:35.895 22898 23769 I mobile-ffmpeg: : Audio: aac (mp4a / 0x6134706D), 16000 Hz, stereo, fltp, 47 kb/s
07-05 16:55:35.895 22898 23769 I mobile-ffmpeg:  (default)
07-05 16:55:35.895 22898 23769 I mobile-ffmpeg: 
07-05 16:55:35.895 22898 23769 I mobile-ffmpeg:     Metadata:
07-05 16:55:35.895 22898 23769 I mobile-ffmpeg:       creation_time   : 
07-05 16:55:35.896 22898 23769 I mobile-ffmpeg: 2020-03-12T08:42:29.000000Z
07-05 16:55:35.896 22898 23769 I mobile-ffmpeg: 
07-05 16:55:35.896 22898 23769 I mobile-ffmpeg:       handler_name    : 
07-05 16:55:35.896 22898 23769 I mobile-ffmpeg: PittaSoft Sound Media Handler
07-05 16:55:35.896 22898 23769 I mobile-ffmpeg: 
07-05 16:55:35.896 22898 23769 I mobile-ffmpeg: [segment @ 0x779b2f8e00] Opening '/storage/emulated/0/Movies/segment/20200312_194129/20200312_194129!000.mp4' for writing
07-05 16:55:35.896 22898 23769 I mobile-ffmpeg: Output #0, segment, to '/storage/emulated/0/Movies/segment/20200312_194129/20200312_194129!%03d.mp4':
07-05 16:55:35.896 22898 23769 I mobile-ffmpeg:   Metadata:
07-05 16:55:35.896 22898 23769 I mobile-ffmpeg:     compatible_brands: 
07-05 16:55:35.896 22898 23769 I mobile-ffmpeg: mp42mp42
07-05 16:55:35.896 22898 23769 I mobile-ffmpeg: 
07-05 16:55:35.896 22898 23769 I mobile-ffmpeg:     major_brand     : 
07-05 16:55:35.896 22898 23769 I mobile-ffmpeg: mp42
07-05 16:55:35.896 22898 23769 I mobile-ffmpeg: 
07-05 16:55:35.896 22898 23769 I mobile-ffmpeg:     minor_version   : 
07-05 16:55:35.896 22898 23769 I mobile-ffmpeg: 1
07-05 16:55:35.896 22898 23769 I mobile-ffmpeg: 
07-05 16:55:35.896 22898 23769 I mobile-ffmpeg:     encoder         : 
07-05 16:55:35.896 22898 23769 I mobile-ffmpeg: Lavf58.42.100
07-05 16:55:35.896 22898 23769 I mobile-ffmpeg: 
07-05 16:55:35.896 22898 23769 I mobile-ffmpeg:     Stream #0:0
07-05 16:55:35.896 22898 23769 I mobile-ffmpeg: (eng)
07-05 16:55:35.896 22898 23769 I mobile-ffmpeg: : Video: h264 (avc1 / 0x31637661), yuvj420p(pc, bt709), 1280x720, q=2-31, 8370 kb/s
07-05 16:55:35.896 22898 23769 I mobile-ffmpeg: , 
07-05 16:55:35.896 22898 23769 I mobile-ffmpeg: 29.97 fps, 
07-05 16:55:35.896 22898 23769 I mobile-ffmpeg: 29.97 tbr, 
07-05 16:55:35.897 22898 23769 I mobile-ffmpeg: 16k tbn, 
07-05 16:55:35.897 22898 23769 I mobile-ffmpeg: 1k tbc
07-05 16:55:35.897 22898 23769 I mobile-ffmpeg:  (default)
07-05 16:55:35.897 22898 23769 I mobile-ffmpeg: 
07-05 16:55:35.897 22898 23769 I mobile-ffmpeg:     Metadata:
07-05 16:55:35.897 22898 23769 I mobile-ffmpeg:       creation_time   : 
07-05 16:55:35.897 22898 23769 I mobile-ffmpeg: 2020-03-12T08:42:29.000000Z
07-05 16:55:35.897 22898 23769 I mobile-ffmpeg: 
07-05 16:55:35.897 22898 23769 I mobile-ffmpeg:       handler_name    : 
07-05 16:55:35.897 22898 23769 I mobile-ffmpeg: PittaSoft Video Media Handler
07-05 16:55:35.897 22898 23769 I mobile-ffmpeg: 
07-05 16:55:35.897 22898 23769 I mobile-ffmpeg:     Stream #0:1
07-05 16:55:35.897 22898 23769 I mobile-ffmpeg: (eng)
07-05 16:55:35.897 22898 23769 I mobile-ffmpeg: : Audio: aac (mp4a / 0x6134706D), 16000 Hz, stereo, fltp, 47 kb/s
07-05 16:55:35.897 22898 23769 I mobile-ffmpeg:  (default)
07-05 16:55:35.897 22898 23769 I mobile-ffmpeg: 
07-05 16:55:35.897 22898 23769 I mobile-ffmpeg:     Metadata:
07-05 16:55:35.897 22898 23769 I mobile-ffmpeg:       creation_time   : 
07-05 16:55:35.897 22898 23769 I mobile-ffmpeg: 2020-03-12T08:42:29.000000Z
07-05 16:55:35.897 22898 23769 I mobile-ffmpeg: 
07-05 16:55:35.897 22898 23769 I mobile-ffmpeg:       handler_name    : 
07-05 16:55:35.897 22898 23769 I mobile-ffmpeg: PittaSoft Sound Media Handler
07-05 16:55:35.897 22898 23769 I mobile-ffmpeg: 
07-05 16:55:35.897 22898 23769 I mobile-ffmpeg: Stream mapping:
07-05 16:55:35.898 22898 23769 I mobile-ffmpeg:   Stream #0:0 -> #0:0
07-05 16:55:35.898 22898 23769 I mobile-ffmpeg:  (copy)
07-05 16:55:35.898 22898 23769 I mobile-ffmpeg: 
07-05 16:55:35.898 22898 23769 I mobile-ffmpeg:   Stream #0:1 -> #0:1
07-05 16:55:35.898 22898 23769 I mobile-ffmpeg:  (copy)
07-05 16:55:35.898 22898 23769 I mobile-ffmpeg: 
07-05 16:55:35.898 22898 23769 I mobile-ffmpeg: Press [q] to stop, [?] for help
07-05 16:55:35.898 22898 23769 I mobile-ffmpeg: frame=    1 fps=0.0 q=-1.0 size=N/A time=00:00:00.00 bitrate=N/A speed=31.5x    
07-05 16:55:35.986 22898 23769 I mobile-ffmpeg: [segment @ 0x779b2f8e00] Opening '/storage/emulated/0/Movies/segment/20200312_194129/20200312_194129!001.mp4' for writing
07-05 16:55:36.054 22898 23769 I mobile-ffmpeg: [segment @ 0x779b2f8e00] Opening '/storage/emulated/0/Movies/segment/20200312_194129/20200312_194129!002.mp4' for writing
07-05 16:55:36.109 22898 23769 I mobile-ffmpeg: [segment @ 0x779b2f8e00] Opening '/storage/emulated/0/Movies/segment/20200312_194129/20200312_194129!003.mp4' for writing
07-05 16:55:36.148 22898 23769 I mobile-ffmpeg: frame= 1800 fps=0.0 q=-1.0 Lsize=N/A time=00:01:00.03 bitrate=N/A speed= 238x    
07-05 16:55:36.148 22898 23769 I mobile-ffmpeg: video:61330kB audio:346kB subtitle:0kB other streams:0kB global headers:0kB muxing overhead: 
07-05 16:55:36.148 22898 23769 I mobile-ffmpeg: unknown
07-05 16:55:36.148 22898 23769 I mobile-ffmpeg: 
07-05 16:55:36.155 22898 23662 V FileManager: External storage is readable
07-05 16:55:36.156 22898 23662 V FileManager: Directory already exists: /storage/emulated/0/Movies/segment/20200312_194129
07-05 16:55:36.156 22898 23662 V VideoManager: Retrieving videos from /storage/emulated/0/Movies/segment/20200312_194129
07-05 16:55:36.156 22898 23662 V VideoManager: Retrieving video from /storage/emulated/0/Movies/segment/20200312_194129/20200312_194129!000.mp4
07-05 16:55:36.165 22898 23662 D VideoManager: videoCursor is null
07-05 16:55:36.251 22898 23662 V VideoManager: videoFromCursor
07-05 16:55:36.258 22898 23662 V VideoManager: Retrieving video from /storage/emulated/0/Movies/segment/20200312_194129/20200312_194129!001.mp4
07-05 16:55:36.275 22898 23662 D VideoManager: videoCursor is null
07-05 16:55:36.326 22898 23662 V VideoManager: videoFromCursor
07-05 16:55:36.330 22898 23662 V VideoManager: Retrieving video from /storage/emulated/0/Movies/segment/20200312_194129/20200312_194129!002.mp4
07-05 16:55:36.343 22898 23662 D VideoManager: videoCursor is null
07-05 16:55:36.383 22898 23662 V VideoManager: videoFromCursor
07-05 16:55:36.388 22898 23662 V VideoManager: Retrieving video from /storage/emulated/0/Movies/segment/20200312_194129/20200312_194129!003.mp4
07-05 16:55:36.399 22898 23662 D VideoManager: videoCursor is null
07-05 16:55:36.557 22898 23662 V VideoManager: videoFromCursor
07-05 16:55:36.563 22898 23662 V NearbyFragment: nextTransfer with selected algorithm: best
07-05 16:55:36.566 22898 23662 W NearbyFragment: Sending 20200312_194129!000.mp4 to Nexus 5X [34d8]
07-05 16:55:36.583 22898 22898 V NearbyFragment: Transfer to Endpoint{id=09sQ, name=Nexus 5X [34d8]} complete
07-05 16:55:37.571 22898 23662 V DownloadTestVideosTask: Starting DownloadTestVideosTask
07-05 16:55:37.575 22898 23662 V DashDownloadManager: Started downloading: 20200312_194229.mp4
07-05 16:55:37.579 22898 23662 I System.out: (HTTPLog)-Static: isSBSettingEnabled false
07-05 16:55:37.580 22898 23662 I System.out: (HTTPLog)-Static: isSBSettingEnabled false
07-05 16:55:37.589 22898 23662 I System.out: (HTTPLog)-Thread-1670-18394961: getTransferStream : ContentLength=69990400, method=GET, HTTPVersion=http/1.1
07-05 16:55:40.023 22898 22898 D NearbyFragment: onPayloadReceived(endpointId=09sQ, payload=com.google.android.gms.nearby.connection.Payload@69383b6)
07-05 16:55:40.024 22898 22898 D NearbyFragment: 20200312_193528!003.mp4 from Endpoint{id=09sQ, name=Nexus 5X [34d8]} contained no activity
07-05 16:55:40.024 22898 22898 D NearbyFragment: Received all summarised video segments of 20200312_193528
07-05 16:55:40.029 22898 22898 V FileManager: External storage is readable
07-05 16:55:40.031 22898 22898 V FileManager: Created new directory: /storage/emulated/0/Movies/segment-sum/20200312_193528
07-05 16:55:40.032 22898 22898 D FfmpegTools: Merging /storage/emulated/0/Movies/summarised/20200312_193528.mp4
07-05 16:55:40.032 22898 22898 D FfmpegTools: No split videos to merge
07-05 16:55:40.032 22898 22898 V RawFootageEventHandler: removeByName
07-05 16:55:40.033 22898 22898 V ProcessingVideosEventHandler: removeByName
07-05 16:55:40.034 22898 22898 V NearbyFragment: Removing video segment map for 20200312_193528
07-05 16:55:40.035 22898 22898 V NearbyFragment: nextTransfer with selected algorithm: best
07-05 16:55:40.037 22898 22898 W NearbyFragment: Sending 20200312_194129!001.mp4 to Nexus 5X [34d8]
07-05 16:55:40.443 22898 22898 V NearbyFragment: Transfer to Endpoint{id=09sQ, name=Nexus 5X [34d8]} complete
07-05 16:55:41.239 22898 22898 V NearbyFragment: Transfer to Endpoint{id=09sQ, name=Nexus 5X [34d8]} complete
07-05 16:55:42.229 22898 22898 V NearbyFragment: Transfer to Endpoint{id=09sQ, name=Nexus 5X [34d8]} complete
07-05 16:55:43.256 22898 22898 D NearbyFragment: onPayloadReceived(endpointId=09sQ, payload=com.google.android.gms.nearby.connection.Payload@bc51290)
07-05 16:55:43.258 22898 22898 D NearbyFragment: Endpoint{id=09sQ, name=Nexus 5X [34d8]} has finished downloading 20200312_194129!000.mp4
07-05 16:55:43.262 22898 22898 V NearbyFragment: nextTransfer with selected algorithm: best
