--------- beginning of main
06-29 03:14:10.829  7511  7511 I zygote  : Late-enabling -Xcheck:jni
--------- beginning of system
06-29 03:14:10.943  7511  7511 I ActivityThread: handleStopService: token=android.os.BinderProxy@1021853 not found.
06-29 03:14:10.947  7511  7511 I TransferService: Starting Transfer Service to listen for network connectivity changes.
06-29 03:14:10.948  7511  7511 W LogFactory: Truncating log tag length as it exceed 23, the limit imposed by Android on certain API Levels
06-29 03:14:10.971  7511  7511 I TransferService: Registering the network receiver
06-29 03:14:10.974  7511  7511 I TransferService: Moving the service out of the Foreground state.
06-29 03:14:10.975  7511  7511 I TransferService: De-registering the network receiver.
06-29 03:14:12.528  7511  7511 I zygote  : Rejecting re-init on previously-failed class java.lang.Class<androidx.core.view.ViewCompat$2>: java.lang.NoClassDefFoundError: Failed resolution of: Landroid/view/View$OnUnhandledKeyEventListener;
06-29 03:14:12.528  7511  7511 I zygote  :   at void androidx.core.view.ViewCompat.setOnApplyWindowInsetsListener(android.view.View, androidx.core.view.OnApplyWindowInsetsListener) (ViewCompat.java:2421)
06-29 03:14:12.528  7511  7511 I zygote  :   at android.view.ViewGroup androidx.appcompat.app.AppCompatDelegateImpl.createSubDecor() (AppCompatDelegateImpl.java:779)
06-29 03:14:12.528  7511  7511 I zygote  :   at void androidx.appcompat.app.AppCompatDelegateImpl.ensureSubDecor() (AppCompatDelegateImpl.java:659)
06-29 03:14:12.528  7511  7511 I zygote  :   at void androidx.appcompat.app.AppCompatDelegateImpl.setContentView(int) (AppCompatDelegateImpl.java:552)
06-29 03:14:12.528  7511  7511 I zygote  :   at void androidx.appcompat.app.AppCompatActivity.setContentView(int) (AppCompatActivity.java:161)
06-29 03:14:12.528  7511  7511 I zygote  :   at void com.example.edgesum.page.main.MainActivity.onCreate(android.os.Bundle) (MainActivity.java:95)
06-29 03:14:12.528  7511  7511 I zygote  :   at void android.app.Activity.performCreate(android.os.Bundle, android.os.PersistableBundle) (Activity.java:7009)
06-29 03:14:12.528  7511  7511 I zygote  :   at void android.app.Activity.performCreate(android.os.Bundle) (Activity.java:7000)
06-29 03:14:12.528  7511  7511 I zygote  :   at void android.app.Instrumentation.callActivityOnCreate(android.app.Activity, android.os.Bundle) (Instrumentation.java:1214)
06-29 03:14:12.528  7511  7511 I zygote  :   at android.app.Activity android.app.ActivityThread.performLaunchActivity(android.app.ActivityThread$ActivityClientRecord, android.content.Intent) (ActivityThread.java:2731)
06-29 03:14:12.528  7511  7511 I zygote  :   at void android.app.ActivityThread.handleLaunchActivity(android.app.ActivityThread$ActivityClientRecord, android.content.Intent, java.lang.String) (ActivityThread.java:2856)
06-29 03:14:12.528  7511  7511 I zygote  :   at void android.app.ActivityThread.-wrap11(android.app.ActivityThread, android.app.ActivityThread$ActivityClientRecord, android.content.Intent, java.lang.String) (ActivityThread.java:-1)
06-29 03:14:12.528  7511  7511 I zygote  :   at void android.app.ActivityThread$H.handleMessage(android.os.Message) (ActivityThread.java:1589)
06-29 03:14:12.528  7511  7511 I zygote  :   at void android.os.Handler.dispatchMessage(android.os.Message) (Handler.java:106)
06-29 03:14:12.528  7511  7511 I zygote  :   at void android.os.Looper.loop() (Looper.java:164)
06-29 03:14:12.528  7511  7511 I zygote  :   at void android.app.ActivityThread.main(java.lang.String[]) (ActivityThread.java:6494)
06-29 03:14:12.528  7511  7511 I zygote  :   at java.lang.Object java.lang.reflect.Method.invoke(java.lang.Object, java.lang.Object[]) (Method.java:-2)
06-29 03:14:12.528  7511  7511 I zygote  :   at void com.android.internal.os.RuntimeInit$MethodAndArgsCaller.run() (RuntimeInit.java:438)
06-29 03:14:12.528  7511  7511 I zygote  :   at void com.android.internal.os.ZygoteInit.main(java.lang.String[]) (ZygoteInit.java:807)
06-29 03:14:12.528  7511  7511 I zygote  : Caused by: java.lang.ClassNotFoundException: Didn't find class "android.view.View$OnUnhandledKeyEventListener" on path: DexPathList[[zip file "/data/app/com.example.edgesum-xbbLFkvVOrQkTkTFG3UFgg==/base.apk"],nativeLibraryDirectories=[/data/app/com.example.edgesum-xbbLFkvVOrQkTkTFG3UFgg==/lib/arm, /data/app/com.example.edgesum-xbbLFkvVOrQkTkTFG3UFgg==/base.apk!/lib/armeabi-v7a, /system/lib, /system/vendor/lib]]
06-29 03:14:12.528  7511  7511 I zygote  :   at java.lang.Class dalvik.system.BaseDexClassLoader.findClass(java.lang.String) (BaseDexClassLoader.java:125)
06-29 03:14:12.528  7511  7511 I zygote  :   at java.lang.Class java.lang.ClassLoader.loadClass(java.lang.String, boolean) (ClassLoader.java:379)
06-29 03:14:12.528  7511  7511 I zygote  :   at java.lang.Class java.lang.ClassLoader.loadClass(java.lang.String) (ClassLoader.java:312)
06-29 03:14:12.528  7511  7511 I zygote  :   at void androidx.core.view.ViewCompat.setOnApplyWindowInsetsListener(android.view.View, androidx.core.view.OnApplyWindowInsetsListener) (ViewCompat.java:2421)
06-29 03:14:12.528  7511  7511 I zygote  :   at android.view.ViewGroup androidx.appcompat.app.AppCompatDelegateImpl.createSubDecor() (AppCompatDelegateImpl.java:779)
06-29 03:14:12.528  7511  7511 I zygote  :   at void androidx.appcompat.app.AppCompatDelegateImpl.ensureSubDecor() (AppCompatDelegateImpl.java:659)
06-29 03:14:12.528  7511  7511 I zygote  :   at void androidx.appcompat.app.AppCompatDelegateImpl.setContentView(int) (AppCompatDelegateImpl.java:552)
06-29 03:14:12.528  7511  7511 I zygote  :   at void androidx.appcompat.app.AppCompatActivity.setContentView(int) (AppCompatActivity.java:161)
06-29 03:14:12.528  7511  7511 I zygote  :   at void com.example.edgesum.page.main.MainActivity.onCreate(android.os.Bundle) (MainActivity.java:95)
06-29 03:14:12.528  7511  7511 I zygote  :   at void android.app.Activity.performCreate(android.os.Bundle, android.os.PersistableBundle) (Activity.java:7009)
06-29 03:14:12.528  7511  7511 I zygote  :   at void android.app.Activity.performCreate(android.os.Bundle) (Activity.java:7000)
06-29 03:14:12.528  7511  7511 I zygote  :   at void android.app.Instrumentation.callActivityOnCreate(android.app.Activity, android.os.Bundle) (Instrumentation.java:1214)
06-29 03:14:12.528  7511  7511 I zygote  :   at android.app.Activity android.app.ActivityThread.performLaunchActivity(android.app.ActivityThread$ActivityClientRecord, android.content.Intent) (ActivityThread.java:2731)
06-29 03:14:12.528  7511  7511 I zygote  :   at void android.app.ActivityThread.handleLaunchActivity(android.app.ActivityThread$ActivityClientRecord, android.content.Intent, java.lang.String) (ActivityThread.java:2856)
06-29 03:14:12.528  7511  7511 I zygote  :   at void android.app.ActivityThread.-wrap11(android.app.ActivityThread, android.app.ActivityThread$ActivityClientRecord, android.content.Intent, java.lang.String) (ActivityThread.java:-1)
06-29 03:14:12.528  7511  7511 I zygote  :   at void android.app.ActivityThread$H.handleMessage(android.os.Message) (ActivityThread.java:1589)
06-29 03:14:12.528  7511  7511 I zygote  :   at void android.os.Handler.dispatchMessage(android.os.Message) (Handler.java:106)
06-29 03:14:12.528  7511  7511 I zygote  :   at void android.os.Looper.loop() (Looper.java:164)
06-29 03:14:12.528  7511  7511 I zygote  :   at void android.app.ActivityThread.main(java.lang.String[]) (ActivityThread.java:6494)
06-29 03:14:12.528  7511  7511 I zygote  :   at java.lang.Object java.lang.reflect.Method.invoke(java.lang.Object, java.lang.Object[]) (Method.java:-2)
06-29 03:14:12.528  7511  7511 I zygote  :   at void com.android.internal.os.RuntimeInit$MethodAndArgsCaller.run() (RuntimeInit.java:438)
06-29 03:14:12.528  7511  7511 I zygote  :   at void com.android.internal.os.ZygoteInit.main(java.lang.String[]) (ZygoteInit.java:807)
06-29 03:14:12.528  7511  7511 I zygote  : 
06-29 03:14:12.529  7511  7511 I zygote  : Rejecting re-init on previously-failed class java.lang.Class<androidx.core.view.ViewCompat$2>: java.lang.NoClassDefFoundError: Failed resolution of: Landroid/view/View$OnUnhandledKeyEventListener;
06-29 03:14:12.529  7511  7511 I zygote  :   at void androidx.core.view.ViewCompat.setOnApplyWindowInsetsListener(android.view.View, androidx.core.view.OnApplyWindowInsetsListener) (ViewCompat.java:2421)
06-29 03:14:12.529  7511  7511 I zygote  :   at android.view.ViewGroup androidx.appcompat.app.AppCompatDelegateImpl.createSubDecor() (AppCompatDelegateImpl.java:779)
06-29 03:14:12.529  7511  7511 I zygote  :   at void androidx.appcompat.app.AppCompatDelegateImpl.ensureSubDecor() (AppCompatDelegateImpl.java:659)
06-29 03:14:12.529  7511  7511 I zygote  :   at void androidx.appcompat.app.AppCompatDelegateImpl.setContentView(int) (AppCompatDelegateImpl.java:552)
06-29 03:14:12.529  7511  7511 I zygote  :   at void androidx.appcompat.app.AppCompatActivity.setContentView(int) (AppCompatActivity.java:161)
06-29 03:14:12.529  7511  7511 I zygote  :   at void com.example.edgesum.page.main.MainActivity.onCreate(android.os.Bundle) (MainActivity.java:95)
06-29 03:14:12.529  7511  7511 I zygote  :   at void android.app.Activity.performCreate(android.os.Bundle, android.os.PersistableBundle) (Activity.java:7009)
06-29 03:14:12.529  7511  7511 I zygote  :   at void android.app.Activity.performCreate(android.os.Bundle) (Activity.java:7000)
06-29 03:14:12.529  7511  7511 I zygote  :   at void android.app.Instrumentation.callActivityOnCreate(android.app.Activity, android.os.Bundle) (Instrumentation.java:1214)
06-29 03:14:12.529  7511  7511 I zygote  :   at android.app.Activity android.app.ActivityThread.performLaunchActivity(android.app.ActivityThread$ActivityClientRecord, android.content.Intent) (ActivityThread.java:2731)
06-29 03:14:12.529  7511  7511 I zygote  :   at void android.app.ActivityThread.handleLaunchActivity(android.app.ActivityThread$ActivityClientRecord, android.content.Intent, java.lang.String) (ActivityThread.java:2856)
06-29 03:14:12.529  7511  7511 I zygote  :   at void android.app.ActivityThread.-wrap11(android.app.ActivityThread, android.app.ActivityThread$ActivityClientRecord, android.content.Intent, java.lang.String) (ActivityThread.java:-1)
06-29 03:14:12.529  7511  7511 I zygote  :   at void android.app.ActivityThread$H.handleMessage(android.os.Message) (ActivityThread.java:1589)
06-29 03:14:12.529  7511  7511 I zygote  :   at void android.os.Handler.dispatchMessage(android.os.Message) (Handler.java:106)
06-29 03:14:12.529  7511  7511 I zygote  :   at void android.os.Looper.loop() (Looper.java:164)
06-29 03:14:12.529  7511  7511 I zygote  :   at void android.app.ActivityThread.main(java.lang.String[]) (ActivityThread.java:6494)
06-29 03:14:12.529  7511  7511 I zygote  :   at java.lang.Object java.lang.reflect.Method.invoke(java.lang.Object, java.lang.Object[]) (Method.java:-2)
06-29 03:14:12.529  7511  7511 I zygote  :   at void com.android.internal.os.RuntimeInit$MethodAndArgsCaller.run() (RuntimeInit.java:438)
06-29 03:14:12.529  7511  7511 I zygote  :   at void com.android.internal.os.ZygoteInit.main(java.lang.String[]) (ZygoteInit.java:807)
06-29 03:14:12.529  7511  7511 I zygote  : Caused by: java.lang.ClassNotFoundException: Didn't find class "android.view.View$OnUnhandledKeyEventListener" on path: DexPathList[[zip file "/data/app/com.example.edgesum-xbbLFkvVOrQkTkTFG3UFgg==/base.apk"],nativeLibraryDirectories=[/data/app/com.example.edgesum-xbbLFkvVOrQkTkTFG3UFgg==/lib/arm, /data/app/com.example.edgesum-xbbLFkvVOrQkTkTFG3UFgg==/base.apk!/lib/armeabi-v7a, /system/lib, /system/vendor/lib]]
06-29 03:14:12.529  7511  7511 I zygote  :   at java.lang.Class dalvik.system.BaseDexClassLoader.findClass(java.lang.String) (BaseDexClassLoader.java:125)
06-29 03:14:12.529  7511  7511 I zygote  :   at java.lang.Class java.lang.ClassLoader.loadClass(java.lang.String, boolean) (ClassLoader.java:379)
06-29 03:14:12.529  7511  7511 I zygote  :   at java.lang.Class java.lang.ClassLoader.loadClass(java.lang.String) (ClassLoader.java:312)
06-29 03:14:12.529  7511  7511 I zygote  :   at void androidx.core.view.ViewCompat.setOnApplyWindowInsetsListener(android.view.View, androidx.core.view.OnApplyWindowInsetsListener) (ViewCompat.java:2421)
06-29 03:14:12.529  7511  7511 I zygote  :   at android.view.ViewGroup androidx.appcompat.app.AppCompatDelegateImpl.createSubDecor() (AppCompatDelegateImpl.java:779)
06-29 03:14:12.529  7511  7511 I zygote  :   at void androidx.appcompat.app.AppCompatDelegateImpl.ensureSubDecor() (AppCompatDelegateImpl.java:659)
06-29 03:14:12.529  7511  7511 I zygote  :   at void androidx.appcompat.app.AppCompatDelegateImpl.setContentView(int) (AppCompatDelegateImpl.java:552)
06-29 03:14:12.529  7511  7511 I zygote  :   at void androidx.appcompat.app.AppCompatActivity.setContentView(int) (AppCompatActivity.java:161)
06-29 03:14:12.529  7511  7511 I zygote  :   at void com.example.edgesum.page.main.MainActivity.onCreate(android.os.Bundle) (MainActivity.java:95)
06-29 03:14:12.529  7511  7511 I zygote  :   at void android.app.Activity.performCreate(android.os.Bundle, android.os.PersistableBundle) (Activity.java:7009)
06-29 03:14:12.529  7511  7511 I zygote  :   at void android.app.Activity.performCreate(android.os.Bundle) (Activity.java:7000)
06-29 03:14:12.529  7511  7511 I zygote  :   at void android.app.Instrumentation.callActivityOnCreate(android.app.Activity, android.os.Bundle) (Instrumentation.java:1214)
06-29 03:14:12.529  7511  7511 I zygote  :   at android.app.Activity android.app.ActivityThread.performLaunchActivity(android.app.ActivityThread$ActivityClientRecord, android.content.Intent) (ActivityThread.java:2731)
06-29 03:14:12.529  7511  7511 I zygote  :   at void android.app.ActivityThread.handleLaunchActivity(android.app.ActivityThread$ActivityClientRecord, android.content.Intent, java.lang.String) (ActivityThread.java:2856)
06-29 03:14:12.529  7511  7511 I zygote  :   at void android.app.ActivityThread.-wrap11(android.app.ActivityThread, android.app.ActivityThread$ActivityClientRecord, android.content.Intent, java.lang.String) (ActivityThread.java:-1)
06-29 03:14:12.530  7511  7511 I zygote  :   at void android.app.ActivityThread$H.handleMessage(android.os.Message) (ActivityThread.java:1589)
06-29 03:14:12.530  7511  7511 I zygote  :   at void android.os.Handler.dispatchMessage(android.os.Message) (Handler.java:106)
06-29 03:14:12.530  7511  7511 I zygote  :   at void android.os.Looper.loop() (Looper.java:164)
06-29 03:14:12.530  7511  7511 I zygote  :   at void android.app.ActivityThread.main(java.lang.String[]) (ActivityThread.java:6494)
06-29 03:14:12.530  7511  7511 I zygote  :   at java.lang.Object java.lang.reflect.Method.invoke(java.lang.Object, java.lang.Object[]) (Method.java:-2)
06-29 03:14:12.530  7511  7511 I zygote  :   at void com.android.internal.os.RuntimeInit$MethodAndArgsCaller.run() (RuntimeInit.java:438)
06-29 03:14:12.530  7511  7511 I zygote  :   at void com.android.internal.os.ZygoteInit.main(java.lang.String[]) (ZygoteInit.java:807)
06-29 03:14:12.530  7511  7511 I zygote  : 
06-29 03:14:12.530  7511  7511 I zygote  : Rejecting re-init on previously-failed class java.lang.Class<androidx.core.view.ViewCompat$2>: java.lang.NoClassDefFoundError: Failed resolution of: Landroid/view/View$OnUnhandledKeyEventListener;
06-29 03:14:12.530  7511  7511 I zygote  :   at void androidx.core.view.ViewCompat.setOnApplyWindowInsetsListener(android.view.View, androidx.core.view.OnApplyWindowInsetsListener) (ViewCompat.java:2421)
06-29 03:14:12.530  7511  7511 I zygote  :   at android.view.ViewGroup androidx.appcompat.app.AppCompatDelegateImpl.createSubDecor() (AppCompatDelegateImpl.java:779)
06-29 03:14:12.530  7511  7511 I zygote  :   at void androidx.appcompat.app.AppCompatDelegateImpl.ensureSubDecor() (AppCompatDelegateImpl.java:659)
06-29 03:14:12.530  7511  7511 I zygote  :   at void androidx.appcompat.app.AppCompatDelegateImpl.setContentView(int) (AppCompatDelegateImpl.java:552)
06-29 03:14:12.530  7511  7511 I zygote  :   at void androidx.appcompat.app.AppCompatActivity.setContentView(int) (AppCompatActivity.java:161)
06-29 03:14:12.530  7511  7511 I zygote  :   at void com.example.edgesum.page.main.MainActivity.onCreate(android.os.Bundle) (MainActivity.java:95)
06-29 03:14:12.530  7511  7511 I zygote  :   at void android.app.Activity.performCreate(android.os.Bundle, android.os.PersistableBundle) (Activity.java:7009)
06-29 03:14:12.530  7511  7511 I zygote  :   at void android.app.Activity.performCreate(android.os.Bundle) (Activity.java:7000)
06-29 03:14:12.530  7511  7511 I zygote  :   at void android.app.Instrumentation.callActivityOnCreate(android.app.Activity, android.os.Bundle) (Instrumentation.java:1214)
06-29 03:14:12.530  7511  7511 I zygote  :   at android.app.Activity android.app.ActivityThread.performLaunchActivity(android.app.ActivityThread$ActivityClientRecord, android.content.Intent) (ActivityThread.java:2731)
06-29 03:14:12.530  7511  7511 I zygote  :   at void android.app.ActivityThread.handleLaunchActivity(android.app.ActivityThread$ActivityClientRecord, android.content.Intent, java.lang.String) (ActivityThread.java:2856)
06-29 03:14:12.530  7511  7511 I zygote  :   at void android.app.ActivityThread.-wrap11(android.app.ActivityThread, android.app.ActivityThread$ActivityClientRecord, android.content.Intent, java.lang.String) (ActivityThread.java:-1)
06-29 03:14:12.530  7511  7511 I zygote  :   at void android.app.ActivityThread$H.handleMessage(android.os.Message) (ActivityThread.java:1589)
06-29 03:14:12.530  7511  7511 I zygote  :   at void android.os.Handler.dispatchMessage(android.os.Message) (Handler.java:106)
06-29 03:14:12.530  7511  7511 I zygote  :   at void android.os.Looper.loop() (Looper.java:164)
06-29 03:14:12.530  7511  7511 I zygote  :   at void android.app.ActivityThread.main(java.lang.String[]) (ActivityThread.java:6494)
06-29 03:14:12.530  7511  7511 I zygote  :   at java.lang.Object java.lang.reflect.Method.invoke(java.lang.Object, java.lang.Object[]) (Method.java:-2)
06-29 03:14:12.530  7511  7511 I zygote  :   at void com.android.internal.os.RuntimeInit$MethodAndArgsCaller.run() (RuntimeInit.java:438)
06-29 03:14:12.530  7511  7511 I zygote  :   at void com.android.internal.os.ZygoteInit.main(java.lang.String[]) (ZygoteInit.java:807)
06-29 03:14:12.530  7511  7511 I zygote  : Caused by: java.lang.ClassNotFoundException: Didn't find class "android.view.View$OnUnhandledKeyEventListener" on path: DexPathList[[zip file "/data/app/com.example.edgesum-xbbLFkvVOrQkTkTFG3UFgg==/base.apk"],nativeLibraryDirectories=[/data/app/com.example.edgesum-xbbLFkvVOrQkTkTFG3UFgg==/lib/arm, /data/app/com.example.edgesum-xbbLFkvVOrQkTkTFG3UFgg==/base.apk!/lib/armeabi-v7a, /system/lib, /system/vendor/lib]]
06-29 03:14:12.530  7511  7511 I zygote  :   at java.lang.Class dalvik.system.BaseDexClassLoader.findClass(java.lang.String) (BaseDexClassLoader.java:125)
06-29 03:14:12.530  7511  7511 I zygote  :   at java.lang.Class java.lang.ClassLoader.loadClass(java.lang.String, boolean) (ClassLoader.java:379)
06-29 03:14:12.530  7511  7511 I zygote  :   at java.lang.Class java.lang.ClassLoader.loadClass(java.lang.String) (ClassLoader.java:312)
06-29 03:14:12.530  7511  7511 I zygote  :   at void androidx.core.view.ViewCompat.setOnApplyWindowInsetsListener(android.view.View, androidx.core.view.OnApplyWindowInsetsListener) (ViewCompat.java:2421)
06-29 03:14:12.530  7511  7511 I zygote  :   at android.view.ViewGroup androidx.appcompat.app.AppCompatDelegateImpl.createSubDecor() (AppCompatDelegateImpl.java:779)
06-29 03:14:12.530  7511  7511 I zygote  :   at void androidx.appcompat.app.AppCompatDelegateImpl.ensureSubDecor() (AppCompatDelegateImpl.java:659)
06-29 03:14:12.530  7511  7511 I zygote  :   at void androidx.appcompat.app.AppCompatDelegateImpl.setContentView(int) (AppCompatDelegateImpl.java:552)
06-29 03:14:12.530  7511  7511 I zygote  :   at void androidx.appcompat.app.AppCompatActivity.setContentView(int) (AppCompatActivity.java:161)
06-29 03:14:12.530  7511  7511 I zygote  :   at void com.example.edgesum.page.main.MainActivity.onCreate(android.os.Bundle) (MainActivity.java:95)
06-29 03:14:12.530  7511  7511 I zygote  :   at void android.app.Activity.performCreate(android.os.Bundle, android.os.PersistableBundle) (Activity.java:7009)
06-29 03:14:12.530  7511  7511 I zygote  :   at void android.app.Activity.performCreate(android.os.Bundle) (Activity.java:7000)
06-29 03:14:12.530  7511  7511 I zygote  :   at void android.app.Instrumentation.callActivityOnCreate(android.app.Activity, android.os.Bundle) (Instrumentation.java:1214)
06-29 03:14:12.530  7511  7511 I zygote  :   at android.app.Activity android.app.ActivityThread.performLaunchActivity(android.app.ActivityThread$ActivityClientRecord, android.content.Intent) (ActivityThread.java:2731)
06-29 03:14:12.530  7511  7511 I zygote  :   at void android.app.ActivityThread.handleLaunchActivity(android.app.ActivityThread$ActivityClientRecord, android.content.Intent, java.lang.String) (ActivityThread.java:2856)
06-29 03:14:12.530  7511  7511 I zygote  :   at void android.app.ActivityThread.-wrap11(android.app.ActivityThread, android.app.ActivityThread$ActivityClientRecord, android.content.Intent, java.lang.String) (ActivityThread.java:-1)
06-29 03:14:12.530  7511  7511 I zygote  :   at void android.app.ActivityThread$H.handleMessage(android.os.Message) (ActivityThread.java:1589)
06-29 03:14:12.530  7511  7511 I zygote  :   at void android.os.Handler.dispatchMessage(android.os.Message) (Handler.java:106)
06-29 03:14:12.530  7511  7511 I zygote  :   at void android.os.Looper.loop() (Looper.java:164)
06-29 03:14:12.531  7511  7511 I zygote  :   at void android.app.ActivityThread.main(java.lang.String[]) (ActivityThread.java:6494)
06-29 03:14:12.531  7511  7511 I zygote  :   at java.lang.Object java.lang.reflect.Method.invoke(java.lang.Object, java.lang.Object[]) (Method.java:-2)
06-29 03:14:12.531  7511  7511 I zygote  :   at void com.android.internal.os.RuntimeInit$MethodAndArgsCaller.run() (RuntimeInit.java:438)
06-29 03:14:12.531  7511  7511 I zygote  :   at void com.android.internal.os.ZygoteInit.main(java.lang.String[]) (ZygoteInit.java:807)
06-29 03:14:12.531  7511  7511 I zygote  : 
06-29 03:14:12.783  7511  7511 V Repo    : /storage/emulated/0/Movies/raw
06-29 03:14:12.783  7511  7511 V Repo    : /storage/emulated/0/Movies/summarised
06-29 03:14:12.800  7511  7511 V FileManager: External storage is readable
06-29 03:14:12.800  7511  7511 V FileManager: Directory already exists: /storage/emulated/0/Movies/raw
06-29 03:14:12.807  7511  7511 V FileManager: External storage is readable
06-29 03:14:12.808  7511  7511 V FileManager: Directory already exists: /storage/emulated/0/Movies/summarised
06-29 03:14:12.810  7511  7511 V FileManager: External storage is readable
06-29 03:14:12.811  7511  7511 V FileManager: Directory already exists: /storage/emulated/0/Download/nearby
06-29 03:14:12.813  7511  7511 V FileManager: External storage is readable
06-29 03:14:12.814  7511  7511 V FileManager: Directory already exists: /storage/emulated/0/Movies/segment
06-29 03:14:12.816  7511  7511 V FileManager: External storage is readable
06-29 03:14:12.816  7511  7511 V FileManager: Directory already exists: /storage/emulated/0/Movies/segment-sum
06-29 03:14:13.050  7511  7511 V VideoManager: getAllVideoFromExternalStorageFolder
06-29 03:14:13.053  7511  7511 D VideoManager: /storage/emulated/0/Movies/summarised
06-29 03:14:13.065  7511  7511 D VideoManager: 0 videos return
06-29 03:14:13.110  7511  7516 I zygote  : Do partial code cache collection, code=10KB, data=19KB
06-29 03:14:13.111  7511  7516 I zygote  : After code cache collection, code=10KB, data=19KB
06-29 03:14:13.111  7511  7516 I zygote  : Increasing code cache capacity to 128KB
06-29 03:14:13.114  7511  7516 I zygote  : Do partial code cache collection, code=10KB, data=37KB
06-29 03:14:13.114  7511  7516 I zygote  : After code cache collection, code=10KB, data=37KB
06-29 03:14:13.114  7511  7516 I zygote  : Increasing code cache capacity to 256KB
06-29 03:14:13.114  7511  7516 I zygote  : Compiler allocated 4MB to compile void android.widget.TextView.<init>(android.content.Context, android.util.AttributeSet, int, int)
06-29 03:14:13.118  7511  7511 V VideoManager: getAllVideoFromExternalStorageFolder
06-29 03:14:13.127  7511  7511 D VideoManager: /storage/emulated/0/Movies/raw
06-29 03:14:13.134  7511  7511 D VideoManager: 0 videos return
06-29 03:14:13.199  7511  7530 D OpenGLRenderer: HWUI GL Pipeline
06-29 03:14:13.211  7511  7511 I TransferService: Starting Transfer Service to listen for network connectivity changes.
06-29 03:14:13.211  7511  7511 I TransferService: Registering the network receiver
06-29 03:14:13.214  7511  7511 E TransferService: No notification is passed in the intent. Unable to transition to foreground.
06-29 03:14:13.296  7511  7524 D MainActivity: Scanned /storage/emulated/0/Movies/raw
06-29 03:14:13.296  7511  7524 D MainActivity:   -> uri=content://media/external/file/932
06-29 03:14:13.354  7511  7511 W StaticLayout: maxLineHeight should not be -1.  maxLines:1 lineCount:1
06-29 03:14:13.365  7511  7523 D MainActivity: Scanned /storage/emulated/0/Movies/summarised
06-29 03:14:13.365  7511  7523 D MainActivity:   -> uri=content://media/external/file/931
06-29 03:14:13.369  7511  7511 W StaticLayout: maxLineHeight should not be -1.  maxLines:1 lineCount:1
06-29 03:14:13.380  7511  7511 I chatty  : uid=10086(com.example.edgesum) identical 1 line
06-29 03:14:13.389  7511  7511 W StaticLayout: maxLineHeight should not be -1.  maxLines:1 lineCount:1
06-29 03:14:13.439  7511  7530 I Adreno-EGL: <qeglDrvAPI_eglInitialize:379>: QUALCOMM Build: 06/17/16, f19e6a9, I9e7a63e7c4
06-29 03:14:13.444  7511  7530 I zygote  : android::hardware::configstore::V1_0::ISurfaceFlingerConfigs::hasWideColorDisplay retrieved: 0
06-29 03:14:13.444  7511  7530 I OpenGLRenderer: Initialized EGL, version 1.4
06-29 03:14:13.445  7511  7530 D OpenGLRenderer: Swap behavior 1
06-29 03:14:13.453  7511  7530 W Adreno-EGL: <qeglDrvAPI_eglGetConfigAttrib:607>: EGL_BAD_ATTRIBUTE
06-29 03:14:13.455  7511  7530 W Adreno-EGL: <qeglDrvAPI_eglGetConfigAttrib:607>: EGL_BAD_ATTRIBUTE
06-29 03:14:13.456  7511  7530 D vndksupport: Loading /vendor/lib/hw/gralloc.msm8974.so from current namespace instead of sphal namespace.
06-29 03:14:13.460  7511  7511 W StaticLayout: maxLineHeight should not be -1.  maxLines:1 lineCount:1
06-29 03:14:13.472  7511  7511 W StaticLayout: maxLineHeight should not be -1.  maxLines:1 lineCount:1
06-29 03:14:13.490  7511  7511 I TransferNetworkLossHand: Network connectivity changed detected.
06-29 03:14:13.491  7511  7511 I TransferNetworkLossHand: Network connected: false
06-29 03:14:13.545  7511  7530 D vndksupport: Loading /vendor/lib/hw/android.hardware.graphics.mapper@2.0-impl.so from current namespace instead of sphal namespace.
06-29 03:14:13.546  7511  7530 D vndksupport: Loading /vendor/lib/hw/gralloc.msm8974.so from current namespace instead of sphal namespace.
06-29 03:14:20.099  7511  7511 V MainActivity: Connect button clicked
06-29 03:14:21.155  7511  7511 V ConnectionFragment: Discovery switch checked
06-29 03:14:21.312  7511  7511 D NearbyFragment: Started discovering
06-29 03:14:21.438  7511  7511 D NearbyFragment: Found endpoint vf39: Nexus 5X [34d8]
06-29 03:14:46.570  7511  7511 D NearbyFragment: Selected 'Endpoint{id=vf39, name=Nexus 5X [34d8]}'
06-29 03:14:46.611  7511  7530 W Adreno-EGL: <qeglDrvAPI_eglGetConfigAttrib:607>: EGL_BAD_ATTRIBUTE
06-29 03:14:46.612  7511  7530 D vndksupport: Loading /vendor/lib/hw/gralloc.msm8974.so from current namespace instead of sphal namespace.
06-29 03:14:46.620  7511  7516 I zygote  : Do full code cache collection, code=125KB, data=88KB
06-29 03:14:46.638  7511  7516 I zygote  : After code cache collection, code=123KB, data=62KB
06-29 03:14:51.912  7511  7511 D NearbyFragment: Initiated connection with Endpoint{id=vf39, name=Nexus 5X [34d8]}: Nexus 5X [34d8]
06-29 03:14:52.032  7511  7511 D NearbyFragment: Requested connection with Endpoint{id=vf39, name=Nexus 5X [34d8]}
06-29 03:14:52.105  7511  7530 W Adreno-EGL: <qeglDrvAPI_eglGetConfigAttrib:607>: EGL_BAD_ATTRIBUTE
06-29 03:14:52.113  7511  7530 D vndksupport: Loading /vendor/lib/hw/gralloc.msm8974.so from current namespace instead of sphal namespace.
06-29 03:14:52.120  7511  7516 I zygote  : Do partial code cache collection, code=126KB, data=76KB
06-29 03:14:52.121  7511  7516 I zygote  : After code cache collection, code=126KB, data=76KB
06-29 03:14:52.121  7511  7516 I zygote  : Increasing code cache capacity to 512KB
06-29 03:14:54.574  7511  7511 I NearbyFragment: Connected to Endpoint{id=vf39, name=Nexus 5X [34d8]}
06-29 03:14:55.787  7511  7511 V ConnectionFragment: Discovery switch unchecked
06-29 03:14:55.787  7511  7511 D NearbyFragment: Stopped discovering
06-29 03:14:58.845  7511  7511 I TransferNetworkLossHand: Network connectivity changed detected.
06-29 03:14:58.851  7511  7511 I TransferNetworkLossHand: Network connected: true
06-29 03:15:05.693  7511  7511 I TransferNetworkLossHand: Network connectivity changed detected.
06-29 03:15:05.693  7511  7511 I TransferNetworkLossHand: Network connected: false
06-29 03:15:15.061  7511  7511 I TransferNetworkLossHand: Network connectivity changed detected.
06-29 03:15:15.062  7511  7511 I TransferNetworkLossHand: Network connected: true
06-29 03:15:53.885  7511  7511 D NearbyFragment: onPayloadReceived(endpointId=vf39, payload=com.google.android.gms.nearby.connection.Payload@3ff8738)
06-29 03:15:53.891  7511  7511 V NearbyFragment: Started downloading SUMMARISE:-7540463471711084699:20200312_150744.mp4:45.0_1.0_23_medium from Endpoint{id=vf39, name=Nexus 5X [34d8]}
06-29 03:15:53.907  7511  7511 V NearbyFragment: Transfer to vf39: 100%
06-29 03:15:53.913  7511  7511 V NearbyFragment: Transfer to vf39: 100%
06-29 03:16:01.186  7511  7511 D NearbyFragment: onPayloadReceived(endpointId=vf39, payload=com.google.android.gms.nearby.connection.Payload@853e277)
06-29 03:16:01.193  7511  7511 V NearbyFragment: Transfer to vf39: 0%
06-29 03:16:01.202  7511  7511 V NearbyFragment: Transfer to vf39: 0%
06-29 03:16:01.216  7511  7511 V NearbyFragment: Transfer to vf39: 0%
06-29 03:16:01.230  7511  7511 V NearbyFragment: Transfer to vf39: 0%
06-29 03:16:01.288  7511  7511 V NearbyFragment: Transfer to vf39: 0%
06-29 03:16:01.405  7511  7511 V NearbyFragment: Transfer to vf39: 0%
06-29 03:16:01.422  7511  7511 V NearbyFragment: Transfer to vf39: 0%
06-29 03:16:01.468  7511  7511 V NearbyFragment: Transfer to vf39: 0%
06-29 03:16:01.529  7511  7511 V NearbyFragment: Transfer to vf39: 0%
06-29 03:16:01.594  7511  7511 V NearbyFragment: Transfer to vf39: 0%
06-29 03:16:01.606  7511  7511 V NearbyFragment: Transfer to vf39: 1%
06-29 03:16:01.630  7511  7511 V NearbyFragment: Transfer to vf39: 1%
06-29 03:16:01.633  7511  7511 V NearbyFragment: Transfer to vf39: 1%
06-29 03:16:01.644  7511  7511 V NearbyFragment: Transfer to vf39: 1%
06-29 03:16:01.661  7511  7511 V NearbyFragment: Transfer to vf39: 1%
06-29 03:16:01.680  7511  7511 V NearbyFragment: Transfer to vf39: 1%
06-29 03:16:01.700  7511  7511 V NearbyFragment: Transfer to vf39: 1%
06-29 03:16:01.724  7511  7511 V NearbyFragment: Transfer to vf39: 1%
06-29 03:16:01.733  7511  7511 V NearbyFragment: Transfer to vf39: 1%
06-29 03:16:01.760  7511  7511 V NearbyFragment: Transfer to vf39: 1%
06-29 03:16:01.773  7511  7511 V NearbyFragment: Transfer to vf39: 1%
06-29 03:16:01.790  7511  7511 V NearbyFragment: Transfer to vf39: 2%
06-29 03:16:01.819  7511  7511 V NearbyFragment: Transfer to vf39: 2%
06-29 03:16:01.839  7511  7511 V NearbyFragment: Transfer to vf39: 2%
06-29 03:16:01.851  7511  7511 V NearbyFragment: Transfer to vf39: 2%
06-29 03:16:01.864  7511  7511 V NearbyFragment: Transfer to vf39: 2%
06-29 03:16:01.873  7511  7511 V NearbyFragment: Transfer to vf39: 2%
06-29 03:16:01.881  7511  7511 V NearbyFragment: Transfer to vf39: 2%
06-29 03:16:01.889  7511  7511 V NearbyFragment: Transfer to vf39: 2%
06-29 03:16:01.897  7511  7511 V NearbyFragment: Transfer to vf39: 2%
06-29 03:16:01.920  7511  7511 V NearbyFragment: Transfer to vf39: 2%
06-29 03:16:01.928  7511  7511 V NearbyFragment: Transfer to vf39: 2%
06-29 03:16:01.937  7511  7511 V NearbyFragment: Transfer to vf39: 3%
06-29 03:16:01.955  7511  7511 V NearbyFragment: Transfer to vf39: 3%
06-29 03:16:01.969  7511  7511 V NearbyFragment: Transfer to vf39: 3%
06-29 03:16:01.980  7511  7511 V NearbyFragment: Transfer to vf39: 3%
06-29 03:16:01.994  7511  7511 V NearbyFragment: Transfer to vf39: 3%
06-29 03:16:02.007  7511  7511 V NearbyFragment: Transfer to vf39: 3%
06-29 03:16:02.024  7511  7511 V NearbyFragment: Transfer to vf39: 3%
06-29 03:16:02.033  7511  7511 V NearbyFragment: Transfer to vf39: 3%
06-29 03:16:02.044  7511  7511 V NearbyFragment: Transfer to vf39: 3%
06-29 03:16:02.074  7511  7511 V NearbyFragment: Transfer to vf39: 3%
06-29 03:16:02.104  7511  7511 V NearbyFragment: Transfer to vf39: 4%
06-29 03:16:02.114  7511  7511 V NearbyFragment: Transfer to vf39: 4%
06-29 03:16:02.118  7511  7511 V NearbyFragment: Transfer to vf39: 4%
06-29 03:16:02.121  7511  7511 V NearbyFragment: Transfer to vf39: 4%
06-29 03:16:02.135  7511  7511 V NearbyFragment: Transfer to vf39: 4%
06-29 03:16:02.156  7511  7511 V NearbyFragment: Transfer to vf39: 4%
06-29 03:16:02.165  7511  7511 V NearbyFragment: Transfer to vf39: 4%
06-29 03:16:02.177  7511  7511 V NearbyFragment: Transfer to vf39: 4%
06-29 03:16:02.189  7511  7511 V NearbyFragment: Transfer to vf39: 4%
06-29 03:16:02.219  7511  7511 V NearbyFragment: Transfer to vf39: 4%
06-29 03:16:02.230  7511  7511 V NearbyFragment: Transfer to vf39: 4%
06-29 03:16:02.250  7511  7511 V NearbyFragment: Transfer to vf39: 5%
06-29 03:16:02.273  7511  7511 V NearbyFragment: Transfer to vf39: 5%
06-29 03:16:02.295  7511  7511 V NearbyFragment: Transfer to vf39: 5%
06-29 03:16:02.306  7511  7511 V NearbyFragment: Transfer to vf39: 5%
06-29 03:16:02.313  7511  7511 V NearbyFragment: Transfer to vf39: 5%
06-29 03:16:02.321  7511  7511 V NearbyFragment: Transfer to vf39: 5%
06-29 03:16:02.330  7511  7511 V NearbyFragment: Transfer to vf39: 5%
06-29 03:16:02.340  7511  7511 V NearbyFragment: Transfer to vf39: 5%
06-29 03:16:02.348  7511  7511 V NearbyFragment: Transfer to vf39: 5%
06-29 03:16:02.364  7511  7511 V NearbyFragment: Transfer to vf39: 5%
06-29 03:16:02.377  7511  7511 V NearbyFragment: Transfer to vf39: 5%
06-29 03:16:02.387  7511  7511 V NearbyFragment: Transfer to vf39: 6%
06-29 03:16:02.399  7511  7511 V NearbyFragment: Transfer to vf39: 6%
06-29 03:16:02.413  7511  7511 V NearbyFragment: Transfer to vf39: 6%
06-29 03:16:02.421  7511  7511 V NearbyFragment: Transfer to vf39: 6%
06-29 03:16:02.430  7511  7511 V NearbyFragment: Transfer to vf39: 6%
06-29 03:16:02.440  7511  7511 V NearbyFragment: Transfer to vf39: 6%
06-29 03:16:02.447  7511  7511 V NearbyFragment: Transfer to vf39: 6%
06-29 03:16:02.469  7511  7511 V NearbyFragment: Transfer to vf39: 6%
06-29 03:16:02.499  7511  7511 V NearbyFragment: Transfer to vf39: 6%
06-29 03:16:02.506  7511  7511 V NearbyFragment: Transfer to vf39: 6%
06-29 03:16:02.513  7511  7511 V NearbyFragment: Transfer to vf39: 7%
06-29 03:16:02.522  7511  7511 V NearbyFragment: Transfer to vf39: 7%
06-29 03:16:02.558  7511  7511 V NearbyFragment: Transfer to vf39: 7%
06-29 03:16:02.611  7511  7511 V NearbyFragment: Transfer to vf39: 7%
06-29 03:16:02.627  7511  7511 V NearbyFragment: Transfer to vf39: 7%
06-29 03:16:02.642  7511  7511 V NearbyFragment: Transfer to vf39: 7%
06-29 03:16:02.651  7511  7511 V NearbyFragment: Transfer to vf39: 7%
06-29 03:16:02.658  7511  7511 V NearbyFragment: Transfer to vf39: 7%
06-29 03:16:02.663  7511  7511 V NearbyFragment: Transfer to vf39: 7%
06-29 03:16:02.671  7511  7511 V NearbyFragment: Transfer to vf39: 7%
06-29 03:16:02.683  7511  7511 V NearbyFragment: Transfer to vf39: 7%
06-29 03:16:02.691  7511  7511 V NearbyFragment: Transfer to vf39: 8%
06-29 03:16:02.699  7511  7511 V NearbyFragment: Transfer to vf39: 8%
06-29 03:16:02.709  7511  7511 V NearbyFragment: Transfer to vf39: 8%
06-29 03:16:02.717  7511  7511 V NearbyFragment: Transfer to vf39: 8%
06-29 03:16:02.725  7511  7511 V NearbyFragment: Transfer to vf39: 8%
06-29 03:16:02.734  7511  7511 V NearbyFragment: Transfer to vf39: 8%
06-29 03:16:02.743  7511  7511 V NearbyFragment: Transfer to vf39: 8%
06-29 03:16:02.751  7511  7511 V NearbyFragment: Transfer to vf39: 8%
06-29 03:16:02.790  7511  7511 V NearbyFragment: Transfer to vf39: 8%
06-29 03:16:02.804  7511  7511 V NearbyFragment: Transfer to vf39: 8%
06-29 03:16:02.828  7511  7511 V NearbyFragment: Transfer to vf39: 8%
06-29 03:16:02.849  7511  7511 V NearbyFragment: Transfer to vf39: 9%
06-29 03:16:02.859  7511  7511 V NearbyFragment: Transfer to vf39: 9%
06-29 03:16:02.868  7511  7511 V NearbyFragment: Transfer to vf39: 9%
06-29 03:16:02.878  7511  7511 V NearbyFragment: Transfer to vf39: 9%
06-29 03:16:02.892  7511  7511 V NearbyFragment: Transfer to vf39: 9%
06-29 03:16:02.916  7511  7511 V NearbyFragment: Transfer to vf39: 9%
06-29 03:16:02.924  7511  7511 V NearbyFragment: Transfer to vf39: 9%
06-29 03:16:02.933  7511  7511 V NearbyFragment: Transfer to vf39: 9%
06-29 03:16:02.940  7511  7511 V NearbyFragment: Transfer to vf39: 9%
06-29 03:16:02.948  7511  7511 V NearbyFragment: Transfer to vf39: 9%
06-29 03:16:02.954  7511  7511 V NearbyFragment: Transfer to vf39: 10%
06-29 03:16:02.962  7511  7511 V NearbyFragment: Transfer to vf39: 10%
06-29 03:16:02.968  7511  7511 V NearbyFragment: Transfer to vf39: 10%
06-29 03:16:02.970  7511  7511 V NearbyFragment: Transfer to vf39: 10%
06-29 03:16:02.980  7511  7511 V NearbyFragment: Transfer to vf39: 10%
06-29 03:16:02.984  7511  7511 V NearbyFragment: Transfer to vf39: 10%
06-29 03:16:02.995  7511  7511 V NearbyFragment: Transfer to vf39: 10%
06-29 03:16:03.001  7511  7511 V NearbyFragment: Transfer to vf39: 10%
06-29 03:16:03.007  7511  7511 V NearbyFragment: Transfer to vf39: 10%
06-29 03:16:03.013  7511  7511 V NearbyFragment: Transfer to vf39: 10%
06-29 03:16:03.018  7511  7511 V NearbyFragment: Transfer to vf39: 10%
06-29 03:16:03.021  7511  7511 V NearbyFragment: Transfer to vf39: 11%
06-29 03:16:03.039  7511  7511 V NearbyFragment: Transfer to vf39: 11%
06-29 03:16:03.057  7511  7511 V NearbyFragment: Transfer to vf39: 11%
06-29 03:16:03.068  7511  7511 V NearbyFragment: Transfer to vf39: 11%
06-29 03:16:03.085  7511  7511 V NearbyFragment: Transfer to vf39: 11%
06-29 03:16:03.102  7511  7511 V NearbyFragment: Transfer to vf39: 11%
06-29 03:16:03.108  7511  7511 V NearbyFragment: Transfer to vf39: 11%
06-29 03:16:03.122  7511  7511 V NearbyFragment: Transfer to vf39: 11%
06-29 03:16:03.156  7511  7511 V NearbyFragment: Transfer to vf39: 11%
06-29 03:16:03.176  7511  7511 V NearbyFragment: Transfer to vf39: 11%
06-29 03:16:03.185  7511  7511 V NearbyFragment: Transfer to vf39: 11%
06-29 03:16:03.194  7511  7511 V NearbyFragment: Transfer to vf39: 12%
06-29 03:16:03.201  7511  7511 V NearbyFragment: Transfer to vf39: 12%
06-29 03:16:03.204  7511  7511 V NearbyFragment: Transfer to vf39: 12%
06-29 03:16:03.210  7511  7511 V NearbyFragment: Transfer to vf39: 12%
06-29 03:16:03.220  7511  7511 V NearbyFragment: Transfer to vf39: 12%
06-29 03:16:03.224  7511  7511 V NearbyFragment: Transfer to vf39: 12%
06-29 03:16:03.228  7511  7511 V NearbyFragment: Transfer to vf39: 12%
06-29 03:16:03.240  7511  7511 V NearbyFragment: Transfer to vf39: 12%
06-29 03:16:03.245  7511  7511 V NearbyFragment: Transfer to vf39: 12%
06-29 03:16:03.255  7511  7511 V NearbyFragment: Transfer to vf39: 12%
06-29 03:16:03.266  7511  7511 V NearbyFragment: Transfer to vf39: 13%
06-29 03:16:03.272  7511  7511 V NearbyFragment: Transfer to vf39: 13%
06-29 03:16:03.286  7511  7511 V NearbyFragment: Transfer to vf39: 13%
06-29 03:16:03.296  7511  7511 V NearbyFragment: Transfer to vf39: 13%
06-29 03:16:03.305  7511  7511 V NearbyFragment: Transfer to vf39: 13%
06-29 03:16:03.316  7511  7511 V NearbyFragment: Transfer to vf39: 13%
06-29 03:16:03.331  7511  7511 V NearbyFragment: Transfer to vf39: 13%
06-29 03:16:03.338  7511  7511 V NearbyFragment: Transfer to vf39: 13%
06-29 03:16:03.340  7511  7511 V NearbyFragment: Transfer to vf39: 13%
06-29 03:16:03.348  7511  7511 V NearbyFragment: Transfer to vf39: 13%
06-29 03:16:03.357  7511  7511 V NearbyFragment: Transfer to vf39: 13%
06-29 03:16:03.365  7511  7511 V NearbyFragment: Transfer to vf39: 14%
06-29 03:16:03.375  7511  7511 V NearbyFragment: Transfer to vf39: 14%
06-29 03:16:03.410  7511  7511 V NearbyFragment: Transfer to vf39: 14%
06-29 03:16:03.414  7511  7511 V NearbyFragment: Transfer to vf39: 14%
06-29 03:16:03.422  7511  7511 V NearbyFragment: Transfer to vf39: 14%
06-29 03:16:03.423  7511  7511 V NearbyFragment: Transfer to vf39: 14%
06-29 03:16:03.431  7511  7511 V NearbyFragment: Transfer to vf39: 14%
06-29 03:16:03.436  7511  7511 V NearbyFragment: Transfer to vf39: 14%
06-29 03:16:03.445  7511  7511 V NearbyFragment: Transfer to vf39: 14%
06-29 03:16:03.452  7511  7511 V NearbyFragment: Transfer to vf39: 14%
06-29 03:16:03.461  7511  7511 V NearbyFragment: Transfer to vf39: 14%
06-29 03:16:03.470  7511  7511 V NearbyFragment: Transfer to vf39: 15%
06-29 03:16:03.490  7511  7511 V NearbyFragment: Transfer to vf39: 15%
06-29 03:16:03.497  7511  7511 V NearbyFragment: Transfer to vf39: 15%
06-29 03:16:03.514  7511  7511 V NearbyFragment: Transfer to vf39: 15%
06-29 03:16:03.517  7511  7511 V NearbyFragment: Transfer to vf39: 15%
06-29 03:16:03.528  7511  7511 V NearbyFragment: Transfer to vf39: 15%
06-29 03:16:03.537  7511  7511 V NearbyFragment: Transfer to vf39: 15%
06-29 03:16:03.543  7511  7511 V NearbyFragment: Transfer to vf39: 15%
06-29 03:16:03.553  7511  7511 V NearbyFragment: Transfer to vf39: 15%
06-29 03:16:03.568  7511  7511 V NearbyFragment: Transfer to vf39: 15%
06-29 03:16:03.578  7511  7511 V NearbyFragment: Transfer to vf39: 16%
06-29 03:16:03.584  7511  7511 V NearbyFragment: Transfer to vf39: 16%
06-29 03:16:03.609  7511  7511 V NearbyFragment: Transfer to vf39: 16%
06-29 03:16:03.619  7511  7511 V NearbyFragment: Transfer to vf39: 16%
06-29 03:16:03.624  7511  7511 V NearbyFragment: Transfer to vf39: 16%
06-29 03:16:03.632  7511  7511 V NearbyFragment: Transfer to vf39: 16%
06-29 03:16:03.635  7511  7511 V NearbyFragment: Transfer to vf39: 16%
06-29 03:16:03.644  7511  7511 V NearbyFragment: Transfer to vf39: 16%
06-29 03:16:03.647  7511  7511 V NearbyFragment: Transfer to vf39: 16%
06-29 03:16:03.655  7511  7511 V NearbyFragment: Transfer to vf39: 16%
06-29 03:16:03.683  7511  7511 V NearbyFragment: Transfer to vf39: 16%
06-29 03:16:03.685  7511  7511 V NearbyFragment: Transfer to vf39: 17%
06-29 03:16:03.691  7511  7511 V NearbyFragment: Transfer to vf39: 17%
06-29 03:16:03.698  7511  7511 V NearbyFragment: Transfer to vf39: 17%
06-29 03:16:03.710  7511  7511 V NearbyFragment: Transfer to vf39: 17%
06-29 03:16:03.720  7511  7511 V NearbyFragment: Transfer to vf39: 17%
06-29 03:16:03.729  7511  7511 V NearbyFragment: Transfer to vf39: 17%
06-29 03:16:03.737  7511  7511 V NearbyFragment: Transfer to vf39: 17%
06-29 03:16:03.746  7511  7511 V NearbyFragment: Transfer to vf39: 17%
06-29 03:16:03.755  7511  7511 V NearbyFragment: Transfer to vf39: 17%
06-29 03:16:03.765  7511  7511 V NearbyFragment: Transfer to vf39: 17%
06-29 03:16:03.797  7511  7511 V NearbyFragment: Transfer to vf39: 17%
06-29 03:16:03.812  7511  7511 V NearbyFragment: Transfer to vf39: 18%
06-29 03:16:03.815  7511  7511 V NearbyFragment: Transfer to vf39: 18%
06-29 03:16:03.832  7511  7511 V NearbyFragment: Transfer to vf39: 18%
06-29 03:16:03.906  7511  7511 V NearbyFragment: Transfer to vf39: 18%
06-29 03:16:03.930  7511  7511 V NearbyFragment: Transfer to vf39: 18%
06-29 03:16:03.941  7511  7511 V NearbyFragment: Transfer to vf39: 18%
06-29 03:16:03.952  7511  7511 V NearbyFragment: Transfer to vf39: 18%
06-29 03:16:03.960  7511  7511 V NearbyFragment: Transfer to vf39: 18%
06-29 03:16:03.964  7511  7511 V NearbyFragment: Transfer to vf39: 18%
06-29 03:16:03.972  7511  7511 V NearbyFragment: Transfer to vf39: 18%
06-29 03:16:03.974  7511  7511 V NearbyFragment: Transfer to vf39: 19%
06-29 03:16:03.984  7511  7511 V NearbyFragment: Transfer to vf39: 19%
06-29 03:16:03.989  7511  7511 V NearbyFragment: Transfer to vf39: 19%
06-29 03:16:03.995  7511  7511 V NearbyFragment: Transfer to vf39: 19%
06-29 03:16:04.009  7511  7511 V NearbyFragment: Transfer to vf39: 19%
06-29 03:16:04.014  7511  7511 V NearbyFragment: Transfer to vf39: 19%
06-29 03:16:04.016  7511  7511 V NearbyFragment: Transfer to vf39: 19%
06-29 03:16:04.030  7511  7511 V NearbyFragment: Transfer to vf39: 19%
06-29 03:16:04.039  7511  7511 V NearbyFragment: Transfer to vf39: 19%
06-29 03:16:04.049  7511  7511 V NearbyFragment: Transfer to vf39: 19%
06-29 03:16:04.058  7511  7511 V NearbyFragment: Transfer to vf39: 19%
06-29 03:16:04.067  7511  7511 V NearbyFragment: Transfer to vf39: 20%
06-29 03:16:04.074  7511  7511 V NearbyFragment: Transfer to vf39: 20%
06-29 03:16:04.082  7511  7511 V NearbyFragment: Transfer to vf39: 20%
06-29 03:16:04.110  7511  7511 V NearbyFragment: Transfer to vf39: 20%
06-29 03:16:04.112  7511  7511 V NearbyFragment: Transfer to vf39: 20%
06-29 03:16:04.118  7511  7511 V NearbyFragment: Transfer to vf39: 20%
06-29 03:16:04.125  7511  7511 V NearbyFragment: Transfer to vf39: 20%
06-29 03:16:04.129  7511  7511 V NearbyFragment: Transfer to vf39: 20%
06-29 03:16:04.138  7511  7511 V NearbyFragment: Transfer to vf39: 20%
06-29 03:16:04.149  7511  7511 V NearbyFragment: Transfer to vf39: 20%
06-29 03:16:04.155  7511  7511 V NearbyFragment: Transfer to vf39: 20%
06-29 03:16:04.163  7511  7511 V NearbyFragment: Transfer to vf39: 21%
06-29 03:16:04.174  7511  7511 V NearbyFragment: Transfer to vf39: 21%
06-29 03:16:04.181  7511  7511 V NearbyFragment: Transfer to vf39: 21%
06-29 03:16:04.188  7511  7511 V NearbyFragment: Transfer to vf39: 21%
06-29 03:16:04.209  7511  7511 V NearbyFragment: Transfer to vf39: 21%
06-29 03:16:04.219  7511  7511 V NearbyFragment: Transfer to vf39: 21%
06-29 03:16:04.226  7511  7511 V NearbyFragment: Transfer to vf39: 21%
06-29 03:16:04.233  7511  7511 V NearbyFragment: Transfer to vf39: 21%
06-29 03:16:04.242  7511  7511 V NearbyFragment: Transfer to vf39: 21%
06-29 03:16:04.251  7511  7511 V NearbyFragment: Transfer to vf39: 21%
06-29 03:16:04.263  7511  7511 V NearbyFragment: Transfer to vf39: 22%
06-29 03:16:04.272  7511  7511 V NearbyFragment: Transfer to vf39: 22%
06-29 03:16:04.278  7511  7511 V NearbyFragment: Transfer to vf39: 22%
06-29 03:16:04.285  7511  7511 V NearbyFragment: Transfer to vf39: 22%
06-29 03:16:04.298  7511  7511 V NearbyFragment: Transfer to vf39: 22%
06-29 03:16:04.314  7511  7511 V NearbyFragment: Transfer to vf39: 22%
06-29 03:16:04.324  7511  7511 V NearbyFragment: Transfer to vf39: 22%
06-29 03:16:04.344  7511  7511 V NearbyFragment: Transfer to vf39: 22%
06-29 03:16:04.351  7511  7511 V NearbyFragment: Transfer to vf39: 22%
06-29 03:16:04.354  7511  7511 V NearbyFragment: Transfer to vf39: 22%
06-29 03:16:04.361  7511  7511 V NearbyFragment: Transfer to vf39: 22%
06-29 03:16:04.368  7511  7511 V NearbyFragment: Transfer to vf39: 23%
06-29 03:16:04.375  7511  7511 V NearbyFragment: Transfer to vf39: 23%
06-29 03:16:04.386  7511  7511 V NearbyFragment: Transfer to vf39: 23%
06-29 03:16:04.393  7511  7511 V NearbyFragment: Transfer to vf39: 23%
06-29 03:16:04.398  7511  7511 V NearbyFragment: Transfer to vf39: 23%
06-29 03:16:04.426  7511  7511 V NearbyFragment: Transfer to vf39: 23%
06-29 03:16:04.438  7511  7511 V NearbyFragment: Transfer to vf39: 23%
06-29 03:16:04.449  7511  7511 V NearbyFragment: Transfer to vf39: 23%
06-29 03:16:04.489  7511  7511 V NearbyFragment: Transfer to vf39: 23%
06-29 03:16:04.494  7511  7511 V NearbyFragment: Transfer to vf39: 23%
06-29 03:16:04.502  7511  7511 V NearbyFragment: Transfer to vf39: 23%
06-29 03:16:04.504  7511  7511 V NearbyFragment: Transfer to vf39: 24%
06-29 03:16:04.512  7511  7511 V NearbyFragment: Transfer to vf39: 24%
06-29 03:16:04.514  7511  7511 V NearbyFragment: Transfer to vf39: 24%
06-29 03:16:04.521  7511  7511 V NearbyFragment: Transfer to vf39: 24%
06-29 03:16:04.532  7511  7511 V NearbyFragment: Transfer to vf39: 24%
06-29 03:16:04.537  7511  7511 V NearbyFragment: Transfer to vf39: 24%
06-29 03:16:04.539  7511  7511 V NearbyFragment: Transfer to vf39: 24%
06-29 03:16:04.546  7511  7511 V NearbyFragment: Transfer to vf39: 24%
06-29 03:16:04.554  7511  7511 V NearbyFragment: Transfer to vf39: 24%
06-29 03:16:04.568  7511  7511 V NearbyFragment: Transfer to vf39: 24%
06-29 03:16:04.575  7511  7511 V NearbyFragment: Transfer to vf39: 25%
06-29 03:16:04.583  7511  7511 V NearbyFragment: Transfer to vf39: 25%
06-29 03:16:04.591  7511  7511 V NearbyFragment: Transfer to vf39: 25%
06-29 03:16:04.600  7511  7511 V NearbyFragment: Transfer to vf39: 25%
06-29 03:16:04.614  7511  7511 V NearbyFragment: Transfer to vf39: 25%
06-29 03:16:04.623  7511  7511 V NearbyFragment: Transfer to vf39: 25%
06-29 03:16:04.632  7511  7511 V NearbyFragment: Transfer to vf39: 25%
06-29 03:16:04.640  7511  7511 V NearbyFragment: Transfer to vf39: 25%
06-29 03:16:04.649  7511  7511 V NearbyFragment: Transfer to vf39: 25%
06-29 03:16:04.664  7511  7511 V NearbyFragment: Transfer to vf39: 25%
06-29 03:16:04.673  7511  7511 V NearbyFragment: Transfer to vf39: 25%
06-29 03:16:04.684  7511  7511 V NearbyFragment: Transfer to vf39: 26%
06-29 03:16:04.692  7511  7511 V NearbyFragment: Transfer to vf39: 26%
06-29 03:16:04.702  7511  7511 V NearbyFragment: Transfer to vf39: 26%
