--------- beginning of main
06-29 03:14:09.772  1724  1724 E Zygote  : isWhitelistProcess - Process is Whitelisted
06-29 03:14:09.775  1724  1724 E Zygote  : accessInfo : 1
06-29 03:14:09.785  1724  1724 I example.edgesu: Late-enabling -Xcheck:jni
06-29 03:14:11.813  1724  1724 I TransferService: Starting Transfer Service to listen for network connectivity changes.
06-29 03:14:11.814  1724  1724 W LogFactory: Truncating log tag length as it exceed 23, the limit imposed by Android on certain API Levels
06-29 03:14:11.842  1724  1724 I TransferService: Registering the network receiver
06-29 03:14:11.843  1724  1724 I TransferService: Moving the service out of the Foreground state.
06-29 03:14:11.844  1724  1724 I TransferService: De-registering the network receiver.
06-29 03:14:11.846  1724  1724 W ActivityThread: handleWindowVisibility: no activity for token android.os.BinderProxy@f437c39
06-29 03:14:11.851  1724  1843 D vndksupport: Loading /vendor/lib64/egl/libGLES_mali.so from current namespace instead of sphal namespace.
06-29 03:14:11.885  1724  1843 D libEGL  : loaded /vendor/lib64/egl/libGLES_mali.so
06-29 03:14:11.915  1724  1724 W example.edgesu: Accessing hidden method Landroid/graphics/drawable/Drawable;->getOpticalInsets()Landroid/graphics/Insets; (light greylist, linking)
06-29 03:14:11.915  1724  1724 W example.edgesu: Accessing hidden field Landroid/graphics/Insets;->left:I (light greylist, linking)
06-29 03:14:11.915  1724  1724 W example.edgesu: Accessing hidden field Landroid/graphics/Insets;->right:I (light greylist, linking)
06-29 03:14:11.915  1724  1724 W example.edgesu: Accessing hidden field Landroid/graphics/Insets;->top:I (light greylist, linking)
06-29 03:14:11.916  1724  1724 W example.edgesu: Accessing hidden field Landroid/graphics/Insets;->bottom:I (light greylist, linking)
06-29 03:14:11.936  1724  1724 I DecorView: createDecorCaptionView >> DecorView@459a273[], isFloating: false, isApplication: true, hasWindowDecorCaption: false, hasWindowControllerCallback: true
06-29 03:14:11.965  1724  1724 W example.edgesu: Accessing hidden method Landroid/view/View;->computeFitSystemWindows(Landroid/graphics/Rect;Landroid/graphics/Rect;)Z (light greylist, reflection)
06-29 03:14:11.966  1724  1724 W example.edgesu: Accessing hidden method Landroid/view/ViewGroup;->makeOptionalFitsSystemWindows()V (light greylist, reflection)
06-29 03:14:12.071  1724  1724 W example.edgesu: Accessing hidden method Landroid/widget/TextView;->getTextDirectionHeuristic()Landroid/text/TextDirectionHeuristic; (light greylist, linking)
06-29 03:14:12.083  1724  1724 W example.edgesu: Accessing hidden field Landroid/view/View;->mAccessibilityDelegate:Landroid/view/View$AccessibilityDelegate; (light greylist, reflection)
06-29 03:14:12.153  1724  1724 V Repo    : /storage/emulated/0/Movies/raw
06-29 03:14:12.154  1724  1724 V Repo    : /storage/emulated/0/Movies/summarised
06-29 03:14:12.179  1724  1724 V FileManager: External storage is readable
06-29 03:14:12.180  1724  1724 V FileManager: Directory already exists: /storage/emulated/0/Movies/raw
06-29 03:14:12.181  1724  1724 V FileManager: External storage is readable
06-29 03:14:12.181  1724  1724 V FileManager: Directory already exists: /storage/emulated/0/Movies/summarised
06-29 03:14:12.183  1724  1724 V FileManager: External storage is readable
06-29 03:14:12.183  1724  1724 V FileManager: Directory already exists: /storage/emulated/0/Download/nearby
06-29 03:14:12.184  1724  1724 V FileManager: External storage is readable
06-29 03:14:12.185  1724  1724 V FileManager: Directory already exists: /storage/emulated/0/Movies/segment
06-29 03:14:12.186  1724  1724 V FileManager: External storage is readable
06-29 03:14:12.186  1724  1724 V FileManager: Directory already exists: /storage/emulated/0/Movies/segment-sum
06-29 03:14:12.320  1724  1724 V VideoManager: getAllVideoFromExternalStorageFolder
06-29 03:14:12.322  1724  1724 D VideoManager: /storage/emulated/0/Movies/summarised
06-29 03:14:12.328  1724  1724 D VideoManager: 0 videos return
06-29 03:14:12.357  1724  1724 V VideoManager: getAllVideoFromExternalStorageFolder
06-29 03:14:12.358  1724  1724 D VideoManager: /storage/emulated/0/Movies/raw
06-29 03:14:12.363  1724  1724 D VideoManager: 0 videos return
06-29 03:14:12.387  1724  1724 D OpenGLRenderer: Skia GL Pipeline
06-29 03:14:12.391  1724  1724 D EmergencyMode: [EmergencyManager] android createPackageContext successful
06-29 03:14:12.405  1724  1724 D InputTransport: Input channel constructed: fd=64
06-29 03:14:12.406  1724  1724 D ViewRootImpl@11f8d6[MainActivity]: setView = DecorView@459a273[MainActivity] TM=true MM=false
06-29 03:14:12.410  1724  1724 I TransferService: Starting Transfer Service to listen for network connectivity changes.
06-29 03:14:12.410  1724  1724 I TransferService: Registering the network receiver
06-29 03:14:12.412  1724  1724 E TransferService: No notification is passed in the intent. Unable to transition to foreground.
06-29 03:14:12.433  1724  1751 D MainActivity: Scanned /storage/emulated/0/Movies/raw
06-29 03:14:12.433  1724  1751 D MainActivity:   -> uri=content://media/external/file/136268
06-29 03:14:12.444  1724  1724 D ViewRootImpl@11f8d6[MainActivity]: dispatchAttachedToWindow
06-29 03:14:12.458  1724  1751 D MainActivity: Scanned /storage/emulated/0/Movies/summarised
06-29 03:14:12.458  1724  1751 D MainActivity:   -> uri=content://media/external/file/136267
06-29 03:14:12.459  1724  1724 W StaticLayout: maxLineHeight should not be -1.  maxLines:1 lineCount:1
06-29 03:14:12.469  1724  1724 W StaticLayout: maxLineHeight should not be -1.  maxLines:1 lineCount:1
06-29 03:14:12.473  1724  1724 I chatty  : uid=10568(com.example.edgesum) identical 1 line
06-29 03:14:12.477  1724  1724 W StaticLayout: maxLineHeight should not be -1.  maxLines:1 lineCount:1
06-29 03:14:12.487  1724  1724 D ViewRootImpl@11f8d6[MainActivity]: Relayout returned: old=[0,0][720,1480] new=[0,0][720,1480] result=0x7 surface={valid=true 535460671488} changed=true
06-29 03:14:12.493  1724  1724 W StaticLayout: maxLineHeight should not be -1.  maxLines:1 lineCount:1
06-29 03:14:12.494  1724  1854 I ConfigStore: android::hardware::configstore::V1_0::ISurfaceFlingerConfigs::hasWideColorDisplay retrieved: 0
06-29 03:14:12.494  1724  1854 I ConfigStore: android::hardware::configstore::V1_0::ISurfaceFlingerConfigs::hasHDRDisplay retrieved: 0
06-29 03:14:12.494  1724  1854 I OpenGLRenderer: Initialized EGL, version 1.4
06-29 03:14:12.494  1724  1854 D OpenGLRenderer: Swap behavior 2
06-29 03:14:12.497  1724  1724 W StaticLayout: maxLineHeight should not be -1.  maxLines:1 lineCount:1
06-29 03:14:12.503  1724  1854 D mali_winsys: EGLint new_window_surface(egl_winsys_display *, void *, EGLSurface, EGLConfig, egl_winsys_surface **, EGLBoolean) returns 0x3000
06-29 03:14:12.503  1724  1854 D OpenGLRenderer: eglCreateWindowSurface = 0x7c93507e00, 0x7cabf17010
06-29 03:14:12.506  1724  1724 I TransferNetworkLossHand: Network connectivity changed detected.
06-29 03:14:12.506  1724  1724 I TransferNetworkLossHand: Network connected: false
06-29 03:14:12.587  1724  1854 D vndksupport: Loading /vendor/lib64/hw/android.hardware.graphics.mapper@2.0-impl.so from current namespace instead of sphal namespace.
06-29 03:14:12.611  1724  1724 D ViewRootImpl@11f8d6[MainActivity]: MSG_RESIZED: frame=Rect(0, 0 - 720, 1480) ci=Rect(0, 48 - 0, 96) vi=Rect(0, 48 - 0, 96) or=1
06-29 03:14:12.615  1724  1724 D ViewRootImpl@11f8d6[MainActivity]: setWindowStopped(false) old=false
06-29 03:14:12.625  1724  1724 D ViewRootImpl@11f8d6[MainActivity]: MSG_WINDOW_FOCUS_CHANGED 1 1
06-29 03:14:12.626  1724  1724 D InputMethodManager: prepareNavigationBarInfo() DecorView@459a273[MainActivity]
06-29 03:14:12.626  1724  1724 D InputMethodManager: getNavigationBarColor() -855310
06-29 03:14:12.631  1724  1724 D InputMethodManager: prepareNavigationBarInfo() DecorView@459a273[MainActivity]
06-29 03:14:12.631  1724  1724 D InputMethodManager: getNavigationBarColor() -855310
06-29 03:14:12.631  1724  1724 V InputMethodManager: Starting input: tba=com.example.edgesum ic=null mNaviBarColor -855310 mIsGetNaviBarColorSuccess true , NavVisible : true , NavTrans : false
06-29 03:14:12.631  1724  1724 D InputMethodManager: startInputInner - Id : 0
06-29 03:14:12.631  1724  1724 I InputMethodManager: startInputInner - mService.startInputOrWindowGainedFocus
06-29 03:14:12.635  1724  1751 D InputTransport: Input channel constructed: fd=74
06-29 03:14:12.665  1724  1724 D InputMethodManager: prepareNavigationBarInfo() DecorView@459a273[MainActivity]
06-29 03:14:12.665  1724  1724 D InputMethodManager: getNavigationBarColor() -855310
06-29 03:14:12.665  1724  1724 V InputMethodManager: Starting input: tba=com.example.edgesum ic=null mNaviBarColor -855310 mIsGetNaviBarColorSuccess true , NavVisible : true , NavTrans : false
06-29 03:14:12.665  1724  1724 D InputMethodManager: startInputInner - Id : 0
06-29 03:14:17.015  1724  1724 D ViewRootImpl@11f8d6[MainActivity]: ViewPostIme pointer 0
06-29 03:14:17.109  1724  1724 D ViewRootImpl@11f8d6[MainActivity]: ViewPostIme pointer 1
06-29 03:14:17.126  1724  1724 V MainActivity: Connect button clicked
06-29 03:14:18.850  1724  1724 D ViewRootImpl@11f8d6[MainActivity]: ViewPostIme pointer 0
06-29 03:14:18.923  1724  1724 D ViewRootImpl@11f8d6[MainActivity]: ViewPostIme pointer 1
06-29 03:14:18.931  1724  1724 V ConnectionFragment: Discovery switch checked
06-29 03:14:20.191  1724  1724 D NearbyFragment: Started discovering
06-29 03:14:23.120  1724  1724 D NearbyFragment: Found endpoint vf39: Nexus 5X [34d8]
06-29 03:14:23.166  1724  1724 W example.edgesu: Accessing hidden method Landroid/graphics/FontFamily;-><init>()V (light greylist, reflection)
06-29 03:14:23.166  1724  1724 W example.edgesu: Accessing hidden method Landroid/graphics/FontFamily;->addFontFromAssetManager(Landroid/content/res/AssetManager;Ljava/lang/String;IZIII[Landroid/graphics/fonts/FontVariationAxis;)Z (light greylist, reflection)
06-29 03:14:23.167  1724  1724 W example.edgesu: Accessing hidden method Landroid/graphics/FontFamily;->addFontFromBuffer(Ljava/nio/ByteBuffer;I[Landroid/graphics/fonts/FontVariationAxis;II)Z (light greylist, reflection)
06-29 03:14:23.167  1724  1724 W example.edgesu: Accessing hidden method Landroid/graphics/FontFamily;->freeze()Z (light greylist, reflection)
06-29 03:14:23.167  1724  1724 W example.edgesu: Accessing hidden method Landroid/graphics/FontFamily;->abortCreation()V (light greylist, reflection)
06-29 03:14:23.168  1724  1724 W example.edgesu: Accessing hidden method Landroid/graphics/Typeface;->createFromFamiliesWithDefault([Landroid/graphics/FontFamily;Ljava/lang/String;II)Landroid/graphics/Typeface; (light greylist, reflection)
06-29 03:14:40.423  1724  1724 D ViewRootImpl@11f8d6[MainActivity]: ViewPostIme pointer 0
06-29 03:14:40.518  1724  1724 D ViewRootImpl@11f8d6[MainActivity]: ViewPostIme pointer 1
06-29 03:14:40.554  1724  1724 D NearbyFragment: Selected 'Endpoint{id=vf39, name=Nexus 5X [34d8]}'
06-29 03:14:40.574  1724  1724 D InputTransport: Input channel constructed: fd=77
06-29 03:14:40.577  1724  1724 D ViewRootImpl@b7a23bc[Toast]: setView = android.widget.LinearLayout{94caf45 V.E...... ......I. 0,0-0,0} TM=true MM=false
06-29 03:14:40.578  1724  1724 V Toast   : Text: Donn in android.widget.Toast$TN@76bd69a
06-29 03:14:40.586  1724  1724 D ViewRootImpl@b7a23bc[Toast]: dispatchAttachedToWindow
06-29 03:14:40.610  1724  1724 D ViewRootImpl@b7a23bc[Toast]: Relayout returned: old=[0,48][720,1384] new=[118,1168][602,1256] result=0x7 surface={valid=true 535043592192} changed=true
06-29 03:14:40.615  1724  1854 D mali_winsys: EGLint new_window_surface(egl_winsys_display *, void *, EGLSurface, EGLConfig, egl_winsys_surface **, EGLBoolean) returns 0x3000
06-29 03:14:40.615  1724  1854 D OpenGLRenderer: eglCreateWindowSurface = 0x7c93027600, 0x7c93155010
06-29 03:14:40.621  1724  1724 D ViewRootImpl@b7a23bc[Toast]: MSG_RESIZED: frame=Rect(118, 1168 - 602, 1256) ci=Rect(0, 0 - 0, 0) vi=Rect(0, 0 - 0, 0) or=1
06-29 03:14:43.925  1724  1724 D NearbyFragment: Initiated connection with Endpoint{id=vf39, name=Nexus 5X [34d8]}: Nexus 5X [34d8]
06-29 03:14:43.944  1724  1724 D Dialog  : mIsSamsungBasicInteraction = false
06-29 03:14:43.945  1724  1724 D Dialog  : mIsSamsungBasicInteraction = false, isMetaDataInActivity = false
06-29 03:14:43.985  1724  1724 I DecorView: createDecorCaptionView >> DecorView@ae69ef2[], isFloating: true, isApplication: true, hasWindowDecorCaption: false, hasWindowControllerCallback: false
06-29 03:14:44.070  1724  1724 D ScrollView: initGoToTop
06-29 03:14:44.118  1724  1724 D InputTransport: Input channel constructed: fd=80
06-29 03:14:44.121  1724  1724 D ViewRootImpl@3e4acee[MainActivity]: setView = DecorView@ae69ef2[MainActivity] TM=true MM=false
06-29 03:14:44.122  1724  1724 D NearbyFragment: Requested connection with Endpoint{id=vf39, name=Nexus 5X [34d8]}
06-29 03:14:44.126  1724  1854 W libEGL  : EGLNativeWindowType 0x7c93155010 disconnect failed
06-29 03:14:44.126  1724  1854 D OpenGLRenderer: eglDestroySurface = 0x7c93027600, 0x7c93155000
06-29 03:14:44.126  1724  1724 D ViewRootImpl@b7a23bc[Toast]: dispatchDetachedFromWindow
06-29 03:14:44.127  1724  1724 D ViewRootImpl@b7a23bc[Toast]: Surface release. android.view.ViewRootImpl.doDie:7979 android.view.ViewRootImpl.die:7947 android.view.WindowManagerGlobal.removeViewLocked:497 android.view.WindowManagerGlobal.removeView:435 android.view.WindowManagerImpl.removeViewImmediate:124 android.widget.Toast$TN.handleHide:1110 android.widget.Toast$TN$1.handleMessage:898 android.os.Handler.dispatchMessage:106 
06-29 03:14:44.140  1724  1724 D InputTransport: Input channel destroyed: fd=77
06-29 03:14:44.151  1724  1724 D ViewRootImpl@3e4acee[MainActivity]: dispatchAttachedToWindow
06-29 03:14:44.206  1724  1724 D ViewRootImpl@3e4acee[MainActivity]: Relayout returned: old=[0,48][720,1384] new=[18,508][702,923] result=0x7 surface={valid=true 535043592192} changed=true
06-29 03:14:44.209  1724  1854 D mali_winsys: EGLint new_window_surface(egl_winsys_display *, void *, EGLSurface, EGLConfig, egl_winsys_surface **, EGLBoolean) returns 0x3000
06-29 03:14:44.210  1724  1854 D OpenGLRenderer: eglCreateWindowSurface = 0x7c93027600, 0x7c93155010
06-29 03:14:44.223  1724  1724 D ScrollView:  onsize change changed 
06-29 03:14:44.226  1724  1724 D ViewRootImpl@3e4acee[MainActivity]: MSG_WINDOW_FOCUS_CHANGED 1 1
06-29 03:14:44.258  1724  1724 D ViewRootImpl@3e4acee[MainActivity]: MSG_RESIZED: frame=Rect(18, 508 - 702, 923) ci=Rect(0, 0 - 0, 0) vi=Rect(0, 0 - 0, 0) or=1
06-29 03:14:44.280  1724  1724 D ViewRootImpl@11f8d6[MainActivity]: MSG_WINDOW_FOCUS_CHANGED 0 1
06-29 03:14:44.281  1724  1724 D InputMethodManager: prepareNavigationBarInfo() DecorView@459a273[MainActivity]
06-29 03:14:44.281  1724  1724 D InputMethodManager: getNavigationBarColor() -855310
06-29 03:14:45.022  1724  1724 D ViewRootImpl@3e4acee[MainActivity]: ViewPostIme pointer 0
06-29 03:14:45.165  1724  1724 D ViewRootImpl@3e4acee[MainActivity]: ViewPostIme pointer 1
06-29 03:14:45.185  1724  1854 W libEGL  : EGLNativeWindowType 0x7c93155010 disconnect failed
06-29 03:14:45.185  1724  1854 D OpenGLRenderer: eglDestroySurface = 0x7c93027600, 0x7c93155000
06-29 03:14:45.185  1724  1854 D OpenGLRenderer: endAllActiveAnimators on 0x7c93346100 (RippleDrawable) with handle 0x7c92f837c0
06-29 03:14:45.185  1724  1724 D ViewRootImpl@3e4acee[MainActivity]: dispatchDetachedFromWindow
06-29 03:14:45.186  1724  1724 D ViewRootImpl@3e4acee[MainActivity]: Surface release. android.view.ViewRootImpl.doDie:7979 android.view.ViewRootImpl.die:7947 android.view.WindowManagerGlobal.removeViewLocked:497 android.view.WindowManagerGlobal.removeView:435 android.view.WindowManagerImpl.removeViewImmediate:124 android.app.Dialog.dismissDialog:518 android.app.Dialog.dismiss:501 androidx.appcompat.app.AlertController$ButtonHandler.handleMessage:171 
06-29 03:14:45.199  1724  1724 D InputTransport: Input channel destroyed: fd=80
06-29 03:14:45.204  1724  1724 D ViewRootImpl@11f8d6[MainActivity]: MSG_WINDOW_FOCUS_CHANGED 1 1
06-29 03:14:45.208  1724  1724 D InputMethodManager: prepareNavigationBarInfo() DecorView@459a273[MainActivity]
06-29 03:14:45.208  1724  1724 D InputMethodManager: getNavigationBarColor() -855310
06-29 03:14:45.218  1724  1724 E ViewRootImpl: sendUserActionEvent() returned.
06-29 03:14:45.695  1724  1724 I NearbyFragment: Connected to Endpoint{id=vf39, name=Nexus 5X [34d8]}
06-29 03:14:47.476  1724  1724 D ViewRootImpl@11f8d6[MainActivity]: ViewPostIme pointer 0
06-29 03:14:47.573  1724  1724 D ViewRootImpl@11f8d6[MainActivity]: ViewPostIme pointer 1
06-29 03:14:49.003  1724  1724 D ViewRootImpl@11f8d6[MainActivity]: ViewPostIme pointer 0
06-29 03:14:49.077  1724  1724 D ViewRootImpl@11f8d6[MainActivity]: ViewPostIme pointer 1
06-29 03:14:49.084  1724  1724 V ConnectionFragment: Discovery switch unchecked
06-29 03:14:49.084  1724  1724 D NearbyFragment: Stopped discovering
06-29 03:14:50.891  1724  1724 I TransferNetworkLossHand: Network connectivity changed detected.
06-29 03:14:50.932  1724  1724 I TransferNetworkLossHand: Network connected: true
06-29 03:14:50.952  1724  2450 D TransferNetworkLossHand: Loading transfers from database...
06-29 03:14:50.961  1724  2450 D TransferNetworkLossHand: Closing the cursor for resumeAllTransfers
06-29 03:14:50.962  1724  2450 D TransferNetworkLossHand: 0 transfers are loaded from database.
06-29 03:15:53.721  1724  1724 D NearbyFragment: onPayloadReceived(endpointId=vf39, payload=com.google.android.gms.nearby.connection.Payload@4924526)
06-29 03:15:53.727  1724  1724 V NearbyFragment: Started downloading SUMMARISE:-7733510544635704716:20200312_150643.mp4:45.0_1.0_23_medium from Endpoint{id=vf39, name=Nexus 5X [34d8]}
06-29 03:15:53.734  1724  1724 V NearbyFragment: Transfer to vf39: 100%
06-29 03:15:53.736  1724  1724 V NearbyFragment: Transfer to vf39: 100%
06-29 03:15:53.742  1724  1724 D NearbyFragment: onPayloadReceived(endpointId=vf39, payload=com.google.android.gms.nearby.connection.Payload@c4f3bd)
06-29 03:15:53.744  1724  1724 V NearbyFragment: Transfer to vf39: 0%
06-29 03:15:53.750  1724  1724 V NearbyFragment: Transfer to vf39: 0%
06-29 03:15:53.756  1724  1724 V NearbyFragment: Transfer to vf39: 0%
06-29 03:15:53.762  1724  1724 V NearbyFragment: Transfer to vf39: 0%
06-29 03:15:53.768  1724  1724 V NearbyFragment: Transfer to vf39: 0%
06-29 03:15:53.774  1724  1724 V NearbyFragment: Transfer to vf39: 0%
06-29 03:15:53.780  1724  1724 V NearbyFragment: Transfer to vf39: 0%
06-29 03:15:53.785  1724  1724 V NearbyFragment: Transfer to vf39: 0%
06-29 03:15:53.790  1724  1724 V NearbyFragment: Transfer to vf39: 0%
06-29 03:15:53.796  1724  1724 V NearbyFragment: Transfer to vf39: 0%
06-29 03:15:53.805  1724  1724 V NearbyFragment: Transfer to vf39: 1%
06-29 03:15:53.827  1724  1724 V NearbyFragment: Transfer to vf39: 1%
06-29 03:15:53.832  1724  1724 V NearbyFragment: Transfer to vf39: 1%
06-29 03:15:53.844  1724  1724 V NearbyFragment: Transfer to vf39: 1%
06-29 03:15:53.851  1724  1724 V NearbyFragment: Transfer to vf39: 1%
06-29 03:15:53.856  1724  1724 V NearbyFragment: Transfer to vf39: 1%
06-29 03:15:53.864  1724  1724 V NearbyFragment: Transfer to vf39: 1%
06-29 03:15:53.865  1724  1741 W System  : A resource failed to call close. 
06-29 03:15:53.873  1724  1724 V NearbyFragment: Transfer to vf39: 1%
06-29 03:15:53.879  1724  1724 V NearbyFragment: Transfer to vf39: 1%
06-29 03:15:53.882  1724  1724 V NearbyFragment: Transfer to vf39: 1%
06-29 03:15:53.885  1724  1724 V NearbyFragment: Transfer to vf39: 1%
06-29 03:15:53.891  1724  1724 V NearbyFragment: Transfer to vf39: 2%
06-29 03:15:53.896  1724  1724 V NearbyFragment: Transfer to vf39: 2%
06-29 03:15:53.903  1724  1724 V NearbyFragment: Transfer to vf39: 2%
06-29 03:15:53.915  1724  1724 V NearbyFragment: Transfer to vf39: 2%
06-29 03:15:53.922  1724  1724 V NearbyFragment: Transfer to vf39: 2%
06-29 03:15:53.927  1724  1724 V NearbyFragment: Transfer to vf39: 2%
06-29 03:15:53.928  1724  1724 V NearbyFragment: Transfer to vf39: 2%
06-29 03:15:53.933  1724  1724 V NearbyFragment: Transfer to vf39: 2%
06-29 03:15:53.937  1724  1724 V NearbyFragment: Transfer to vf39: 2%
06-29 03:15:53.945  1724  1724 V NearbyFragment: Transfer to vf39: 2%
06-29 03:15:53.949  1724  1724 V NearbyFragment: Transfer to vf39: 2%
06-29 03:15:53.952  1724  1724 V NearbyFragment: Transfer to vf39: 3%
06-29 03:15:53.957  1724  1724 V NearbyFragment: Transfer to vf39: 3%
06-29 03:15:54.134  1724  1724 V NearbyFragment: Transfer to vf39: 3%
06-29 03:15:54.140  1724  1724 V NearbyFragment: Transfer to vf39: 3%
06-29 03:15:54.147  1724  1724 V NearbyFragment: Transfer to vf39: 3%
06-29 03:15:54.153  1724  1724 V NearbyFragment: Transfer to vf39: 3%
06-29 03:15:54.160  1724  1724 V NearbyFragment: Transfer to vf39: 3%
06-29 03:15:54.168  1724  1724 V NearbyFragment: Transfer to vf39: 3%
06-29 03:15:54.175  1724  1724 V NearbyFragment: Transfer to vf39: 3%
06-29 03:15:54.180  1724  1724 V NearbyFragment: Transfer to vf39: 3%
06-29 03:15:54.184  1724  1724 V NearbyFragment: Transfer to vf39: 4%
06-29 03:15:54.189  1724  1724 V NearbyFragment: Transfer to vf39: 4%
06-29 03:15:54.194  1724  1724 V NearbyFragment: Transfer to vf39: 4%
06-29 03:15:54.199  1724  1724 V NearbyFragment: Transfer to vf39: 4%
06-29 03:15:54.204  1724  1724 V NearbyFragment: Transfer to vf39: 4%
06-29 03:15:54.210  1724  1724 V NearbyFragment: Transfer to vf39: 4%
06-29 03:15:54.214  1724  1724 V NearbyFragment: Transfer to vf39: 4%
06-29 03:15:54.219  1724  1724 V NearbyFragment: Transfer to vf39: 4%
06-29 03:15:54.223  1724  1724 V NearbyFragment: Transfer to vf39: 4%
06-29 03:15:54.228  1724  1724 V NearbyFragment: Transfer to vf39: 4%
06-29 03:15:54.233  1724  1724 V NearbyFragment: Transfer to vf39: 4%
06-29 03:15:54.238  1724  1724 V NearbyFragment: Transfer to vf39: 5%
06-29 03:15:54.241  1724  1724 V NearbyFragment: Transfer to vf39: 5%
06-29 03:15:54.252  1724  1724 V NearbyFragment: Transfer to vf39: 5%
06-29 03:15:54.257  1724  1724 V NearbyFragment: Transfer to vf39: 5%
06-29 03:15:54.261  1724  1724 V NearbyFragment: Transfer to vf39: 5%
06-29 03:15:54.266  1724  1724 V NearbyFragment: Transfer to vf39: 5%
06-29 03:15:54.271  1724  1724 V NearbyFragment: Transfer to vf39: 5%
06-29 03:15:54.275  1724  1724 V NearbyFragment: Transfer to vf39: 5%
06-29 03:15:54.282  1724  1724 V NearbyFragment: Transfer to vf39: 5%
06-29 03:15:54.286  1724  1724 V NearbyFragment: Transfer to vf39: 5%
06-29 03:15:54.292  1724  1724 V NearbyFragment: Transfer to vf39: 5%
06-29 03:15:54.295  1724  1724 V NearbyFragment: Transfer to vf39: 6%
06-29 03:15:54.300  1724  1724 V NearbyFragment: Transfer to vf39: 6%
06-29 03:15:54.304  1724  1724 V NearbyFragment: Transfer to vf39: 6%
06-29 03:15:54.307  1724  1724 V NearbyFragment: Transfer to vf39: 6%
06-29 03:15:54.312  1724  1724 V NearbyFragment: Transfer to vf39: 6%
06-29 03:15:54.315  1724  1724 V NearbyFragment: Transfer to vf39: 6%
06-29 03:15:54.318  1724  1724 V NearbyFragment: Transfer to vf39: 6%
06-29 03:15:54.324  1724  1724 V NearbyFragment: Transfer to vf39: 6%
06-29 03:15:54.327  1724  1724 V NearbyFragment: Transfer to vf39: 6%
06-29 03:15:54.333  1724  1724 V NearbyFragment: Transfer to vf39: 6%
06-29 03:15:54.336  1724  1724 V NearbyFragment: Transfer to vf39: 7%
06-29 03:15:54.343  1724  1724 V NearbyFragment: Transfer to vf39: 7%
06-29 03:15:54.348  1724  1724 V NearbyFragment: Transfer to vf39: 7%
06-29 03:15:54.352  1724  1724 V NearbyFragment: Transfer to vf39: 7%
06-29 03:15:54.358  1724  1724 V NearbyFragment: Transfer to vf39: 7%
06-29 03:15:54.367  1724  1724 V NearbyFragment: Transfer to vf39: 7%
06-29 03:15:54.375  1724  1724 V NearbyFragment: Transfer to vf39: 7%
06-29 03:15:54.381  1724  1724 V NearbyFragment: Transfer to vf39: 7%
06-29 03:15:54.388  1724  1724 V NearbyFragment: Transfer to vf39: 7%
06-29 03:15:54.391  1724  1724 V NearbyFragment: Transfer to vf39: 7%
06-29 03:15:54.395  1724  1724 V NearbyFragment: Transfer to vf39: 7%
06-29 03:15:54.399  1724  1724 V NearbyFragment: Transfer to vf39: 8%
06-29 03:15:54.403  1724  1724 V NearbyFragment: Transfer to vf39: 8%
06-29 03:15:54.406  1724  1724 V NearbyFragment: Transfer to vf39: 8%
06-29 03:15:54.410  1724  1724 V NearbyFragment: Transfer to vf39: 8%
06-29 03:15:54.416  1724  1724 V NearbyFragment: Transfer to vf39: 8%
06-29 03:15:54.417  1724  1724 V NearbyFragment: Transfer to vf39: 8%
06-29 03:15:54.424  1724  1724 V NearbyFragment: Transfer to vf39: 8%
06-29 03:15:54.429  1724  1724 V NearbyFragment: Transfer to vf39: 8%
06-29 03:15:54.432  1724  1724 V NearbyFragment: Transfer to vf39: 8%
06-29 03:15:54.436  1724  1724 V NearbyFragment: Transfer to vf39: 8%
06-29 03:15:54.440  1724  1724 V NearbyFragment: Transfer to vf39: 8%
06-29 03:15:54.445  1724  1724 V NearbyFragment: Transfer to vf39: 9%
06-29 03:15:54.449  1724  1724 V NearbyFragment: Transfer to vf39: 9%
06-29 03:15:54.457  1724  1724 V NearbyFragment: Transfer to vf39: 9%
06-29 03:15:54.463  1724  1724 V NearbyFragment: Transfer to vf39: 9%
06-29 03:15:54.471  1724  1724 V NearbyFragment: Transfer to vf39: 9%
06-29 03:15:54.476  1724  1724 V NearbyFragment: Transfer to vf39: 9%
06-29 03:15:54.483  1724  1724 V NearbyFragment: Transfer to vf39: 9%
06-29 03:15:54.489  1724  1724 V NearbyFragment: Transfer to vf39: 9%
06-29 03:15:54.496  1724  1724 V NearbyFragment: Transfer to vf39: 9%
06-29 03:15:54.499  1724  1724 V NearbyFragment: Transfer to vf39: 9%
06-29 03:15:54.507  1724  1724 V NearbyFragment: Transfer to vf39: 10%
06-29 03:15:54.510  1724  1724 V NearbyFragment: Transfer to vf39: 10%
06-29 03:15:54.513  1724  1724 V NearbyFragment: Transfer to vf39: 10%
06-29 03:15:54.514  1724  1724 V NearbyFragment: Transfer to vf39: 10%
06-29 03:15:54.518  1724  1724 V NearbyFragment: Transfer to vf39: 10%
06-29 03:15:54.527  1724  1724 V NearbyFragment: Transfer to vf39: 10%
06-29 03:15:54.533  1724  1724 V NearbyFragment: Transfer to vf39: 10%
06-29 03:15:54.539  1724  1724 V NearbyFragment: Transfer to vf39: 10%
06-29 03:15:54.545  1724  1724 V NearbyFragment: Transfer to vf39: 10%
06-29 03:15:54.552  1724  1724 V NearbyFragment: Transfer to vf39: 10%
06-29 03:15:54.558  1724  1724 V NearbyFragment: Transfer to vf39: 10%
06-29 03:15:54.563  1724  1724 V NearbyFragment: Transfer to vf39: 11%
06-29 03:15:54.568  1724  1724 V NearbyFragment: Transfer to vf39: 11%
06-29 03:15:54.573  1724  1724 V NearbyFragment: Transfer to vf39: 11%
06-29 03:15:54.578  1724  1724 V NearbyFragment: Transfer to vf39: 11%
06-29 03:15:54.582  1724  1724 V NearbyFragment: Transfer to vf39: 11%
06-29 03:15:54.586  1724  1724 V NearbyFragment: Transfer to vf39: 11%
06-29 03:15:54.591  1724  1724 V NearbyFragment: Transfer to vf39: 11%
06-29 03:15:54.595  1724  1724 V NearbyFragment: Transfer to vf39: 11%
06-29 03:15:54.598  1724  1724 V NearbyFragment: Transfer to vf39: 11%
06-29 03:15:54.601  1724  1724 V NearbyFragment: Transfer to vf39: 11%
06-29 03:15:54.607  1724  1724 V NearbyFragment: Transfer to vf39: 11%
06-29 03:15:54.614  1724  1724 V NearbyFragment: Transfer to vf39: 12%
06-29 03:15:54.620  1724  1724 V NearbyFragment: Transfer to vf39: 12%
06-29 03:15:54.624  1724  1724 V NearbyFragment: Transfer to vf39: 12%
06-29 03:15:54.626  1724  1724 V NearbyFragment: Transfer to vf39: 12%
06-29 03:15:54.630  1724  1724 V NearbyFragment: Transfer to vf39: 12%
06-29 03:15:54.633  1724  1724 V NearbyFragment: Transfer to vf39: 12%
06-29 03:15:54.635  1724  1724 V NearbyFragment: Transfer to vf39: 12%
06-29 03:15:54.639  1724  1724 V NearbyFragment: Transfer to vf39: 12%
06-29 03:15:54.642  1724  1724 V NearbyFragment: Transfer to vf39: 12%
06-29 03:15:54.647  1724  1724 V NearbyFragment: Transfer to vf39: 12%
06-29 03:15:54.651  1724  1724 V NearbyFragment: Transfer to vf39: 13%
06-29 03:15:54.657  1724  1724 V NearbyFragment: Transfer to vf39: 13%
06-29 03:15:54.663  1724  1724 V NearbyFragment: Transfer to vf39: 13%
06-29 03:15:54.668  1724  1724 V NearbyFragment: Transfer to vf39: 13%
06-29 03:15:54.672  1724  1724 V NearbyFragment: Transfer to vf39: 13%
06-29 03:15:54.678  1724  1724 V NearbyFragment: Transfer to vf39: 13%
06-29 03:15:54.680  1724  1724 V NearbyFragment: Transfer to vf39: 13%
06-29 03:15:54.690  1724  1724 V NearbyFragment: Transfer to vf39: 13%
06-29 03:15:54.694  1724  1724 V NearbyFragment: Transfer to vf39: 13%
06-29 03:15:54.700  1724  1724 V NearbyFragment: Transfer to vf39: 13%
06-29 03:15:54.706  1724  1724 V NearbyFragment: Transfer to vf39: 13%
06-29 03:15:54.710  1724  1724 V NearbyFragment: Transfer to vf39: 14%
06-29 03:15:54.714  1724  1724 V NearbyFragment: Transfer to vf39: 14%
06-29 03:15:54.719  1724  1724 V NearbyFragment: Transfer to vf39: 14%
06-29 03:15:54.734  1724  1724 V NearbyFragment: Transfer to vf39: 14%
06-29 03:15:54.737  1724  1724 V NearbyFragment: Transfer to vf39: 14%
06-29 03:15:54.740  1724  1724 V NearbyFragment: Transfer to vf39: 14%
06-29 03:15:54.750  1724  1724 V NearbyFragment: Transfer to vf39: 14%
06-29 03:15:54.756  1724  1724 V NearbyFragment: Transfer to vf39: 14%
06-29 03:15:54.761  1724  1724 V NearbyFragment: Transfer to vf39: 14%
06-29 03:15:54.764  1724  1724 V NearbyFragment: Transfer to vf39: 14%
06-29 03:15:54.949  1724  1724 V NearbyFragment: Transfer to vf39: 14%
06-29 03:15:54.963  1724  1724 V NearbyFragment: Transfer to vf39: 15%
06-29 03:15:54.971  1724  1724 V NearbyFragment: Transfer to vf39: 15%
06-29 03:15:54.979  1724  1724 V NearbyFragment: Transfer to vf39: 15%
06-29 03:15:54.987  1724  1724 V NearbyFragment: Transfer to vf39: 15%
06-29 03:15:54.994  1724  1724 V NearbyFragment: Transfer to vf39: 15%
06-29 03:15:55.000  1724  1724 V NearbyFragment: Transfer to vf39: 15%
06-29 03:15:55.004  1724  1724 V NearbyFragment: Transfer to vf39: 15%
06-29 03:15:55.011  1724  1724 V NearbyFragment: Transfer to vf39: 15%
06-29 03:15:55.017  1724  1724 V NearbyFragment: Transfer to vf39: 15%
06-29 03:15:55.021  1724  1724 V NearbyFragment: Transfer to vf39: 15%
06-29 03:15:55.025  1724  1724 V NearbyFragment: Transfer to vf39: 16%
06-29 03:15:55.029  1724  1724 V NearbyFragment: Transfer to vf39: 16%
06-29 03:15:55.032  1724  1724 V NearbyFragment: Transfer to vf39: 16%
06-29 03:15:55.037  1724  1724 V NearbyFragment: Transfer to vf39: 16%
06-29 03:15:55.041  1724  1724 V NearbyFragment: Transfer to vf39: 16%
06-29 03:15:55.044  1724  1724 V NearbyFragment: Transfer to vf39: 16%
06-29 03:15:55.048  1724  1724 V NearbyFragment: Transfer to vf39: 16%
06-29 03:15:55.052  1724  1724 V NearbyFragment: Transfer to vf39: 16%
06-29 03:15:55.056  1724  1724 V NearbyFragment: Transfer to vf39: 16%
06-29 03:15:55.064  1724  1724 V NearbyFragment: Transfer to vf39: 16%
06-29 03:15:55.072  1724  1724 V NearbyFragment: Transfer to vf39: 16%
06-29 03:15:55.080  1724  1724 V NearbyFragment: Transfer to vf39: 17%
06-29 03:15:55.086  1724  1724 V NearbyFragment: Transfer to vf39: 17%
06-29 03:15:55.092  1724  1724 V NearbyFragment: Transfer to vf39: 17%
06-29 03:15:55.095  1724  1724 V NearbyFragment: Transfer to vf39: 17%
06-29 03:15:55.110  1724  1724 V NearbyFragment: Transfer to vf39: 17%
06-29 03:15:55.118  1724  1724 V NearbyFragment: Transfer to vf39: 17%
06-29 03:15:55.124  1724  1724 V NearbyFragment: Transfer to vf39: 17%
06-29 03:15:55.128  1724  1724 V NearbyFragment: Transfer to vf39: 17%
06-29 03:15:55.133  1724  1724 V NearbyFragment: Transfer to vf39: 17%
06-29 03:15:55.138  1724  1724 V NearbyFragment: Transfer to vf39: 17%
06-29 03:15:55.144  1724  1724 V NearbyFragment: Transfer to vf39: 17%
06-29 03:15:55.149  1724  1724 V NearbyFragment: Transfer to vf39: 18%
06-29 03:15:55.154  1724  1724 V NearbyFragment: Transfer to vf39: 18%
06-29 03:15:55.157  1724  1724 V NearbyFragment: Transfer to vf39: 18%
06-29 03:15:55.164  1724  1724 V NearbyFragment: Transfer to vf39: 18%
06-29 03:15:55.167  1724  1724 V NearbyFragment: Transfer to vf39: 18%
06-29 03:15:55.170  1724  1724 V NearbyFragment: Transfer to vf39: 18%
06-29 03:15:55.176  1724  1724 V NearbyFragment: Transfer to vf39: 18%
06-29 03:15:55.182  1724  1724 V NearbyFragment: Transfer to vf39: 18%
06-29 03:15:55.188  1724  1724 V NearbyFragment: Transfer to vf39: 18%
06-29 03:15:55.192  1724  1724 V NearbyFragment: Transfer to vf39: 18%
06-29 03:15:55.197  1724  1724 V NearbyFragment: Transfer to vf39: 19%
06-29 03:15:55.201  1724  1724 V NearbyFragment: Transfer to vf39: 19%
06-29 03:15:55.205  1724  1724 V NearbyFragment: Transfer to vf39: 19%
06-29 03:15:55.212  1724  1724 V NearbyFragment: Transfer to vf39: 19%
06-29 03:15:55.218  1724  1724 V NearbyFragment: Transfer to vf39: 19%
06-29 03:15:55.220  1724  1724 V NearbyFragment: Transfer to vf39: 19%
06-29 03:15:55.225  1724  1724 V NearbyFragment: Transfer to vf39: 19%
06-29 03:15:55.230  1724  1724 V NearbyFragment: Transfer to vf39: 19%
06-29 03:15:55.239  1724  1724 V NearbyFragment: Transfer to vf39: 19%
06-29 03:15:55.244  1724  1724 V NearbyFragment: Transfer to vf39: 19%
06-29 03:15:55.253  1724  1724 V NearbyFragment: Transfer to vf39: 19%
06-29 03:15:55.257  1724  1724 V NearbyFragment: Transfer to vf39: 20%
06-29 03:15:55.262  1724  1724 V NearbyFragment: Transfer to vf39: 20%
06-29 03:15:55.273  1724  1724 V NearbyFragment: Transfer to vf39: 20%
06-29 03:15:55.283  1724  1724 V NearbyFragment: Transfer to vf39: 20%
06-29 03:15:55.288  1724  1724 V NearbyFragment: Transfer to vf39: 20%
06-29 03:15:55.295  1724  1724 V NearbyFragment: Transfer to vf39: 20%
06-29 03:15:55.298  1724  1724 V NearbyFragment: Transfer to vf39: 20%
06-29 03:15:55.306  1724  1724 V NearbyFragment: Transfer to vf39: 20%
06-29 03:15:55.313  1724  1724 V NearbyFragment: Transfer to vf39: 20%
06-29 03:15:55.318  1724  1724 V NearbyFragment: Transfer to vf39: 20%
06-29 03:15:55.325  1724  1724 V NearbyFragment: Transfer to vf39: 20%
06-29 03:15:55.330  1724  1724 V NearbyFragment: Transfer to vf39: 21%
06-29 03:15:55.334  1724  1724 V NearbyFragment: Transfer to vf39: 21%
06-29 03:15:55.336  1724  1724 V NearbyFragment: Transfer to vf39: 21%
06-29 03:15:55.345  1724  1724 V NearbyFragment: Transfer to vf39: 21%
06-29 03:15:55.357  1724  1724 V NearbyFragment: Transfer to vf39: 21%
06-29 03:15:55.366  1724  1724 V NearbyFragment: Transfer to vf39: 21%
06-29 03:15:55.371  1724  1724 V NearbyFragment: Transfer to vf39: 21%
06-29 03:15:55.376  1724  1724 V NearbyFragment: Transfer to vf39: 21%
06-29 03:15:55.381  1724  1724 V NearbyFragment: Transfer to vf39: 21%
06-29 03:15:55.386  1724  1724 V NearbyFragment: Transfer to vf39: 21%
06-29 03:15:55.390  1724  1724 V NearbyFragment: Transfer to vf39: 22%
06-29 03:15:55.394  1724  1724 V NearbyFragment: Transfer to vf39: 22%
06-29 03:15:55.398  1724  1724 V NearbyFragment: Transfer to vf39: 22%
06-29 03:15:55.402  1724  1724 V NearbyFragment: Transfer to vf39: 22%
06-29 03:15:55.406  1724  1724 V NearbyFragment: Transfer to vf39: 22%
06-29 03:15:55.410  1724  1724 V NearbyFragment: Transfer to vf39: 22%
06-29 03:15:55.416  1724  1724 V NearbyFragment: Transfer to vf39: 22%
06-29 03:15:55.420  1724  1724 V NearbyFragment: Transfer to vf39: 22%
06-29 03:15:55.422  1724  1724 V NearbyFragment: Transfer to vf39: 22%
06-29 03:15:55.424  1724  1724 V NearbyFragment: Transfer to vf39: 22%
06-29 03:15:55.428  1724  1724 V NearbyFragment: Transfer to vf39: 22%
06-29 03:15:55.430  1724  1724 V NearbyFragment: Transfer to vf39: 23%
06-29 03:15:55.437  1724  1724 V NearbyFragment: Transfer to vf39: 23%
06-29 03:15:55.437  1724  1724 V NearbyFragment: Transfer to vf39: 23%
06-29 03:15:55.440  1724  1724 V NearbyFragment: Transfer to vf39: 23%
06-29 03:15:55.442  1724  1724 V NearbyFragment: Transfer to vf39: 23%
06-29 03:15:55.446  1724  1724 V NearbyFragment: Transfer to vf39: 23%
06-29 03:15:55.449  1724  1724 V NearbyFragment: Transfer to vf39: 23%
06-29 03:15:55.453  1724  1724 V NearbyFragment: Transfer to vf39: 23%
06-29 03:15:55.454  1724  1724 V NearbyFragment: Transfer to vf39: 23%
06-29 03:15:55.457  1724  1724 V NearbyFragment: Transfer to vf39: 23%
06-29 03:15:55.463  1724  1724 V NearbyFragment: Transfer to vf39: 23%
06-29 03:15:55.468  1724  1724 V NearbyFragment: Transfer to vf39: 24%
06-29 03:15:55.472  1724  1724 V NearbyFragment: Transfer to vf39: 24%
06-29 03:15:55.474  1724  1724 V NearbyFragment: Transfer to vf39: 24%
06-29 03:15:55.483  1724  1724 V NearbyFragment: Transfer to vf39: 24%
06-29 03:15:55.486  1724  1724 V NearbyFragment: Transfer to vf39: 24%
06-29 03:15:55.488  1724  1724 V NearbyFragment: Transfer to vf39: 24%
06-29 03:15:55.493  1724  1724 V NearbyFragment: Transfer to vf39: 24%
06-29 03:15:55.504  1724  1724 V NearbyFragment: Transfer to vf39: 24%
06-29 03:15:55.508  1724  1724 V NearbyFragment: Transfer to vf39: 24%
06-29 03:15:55.512  1724  1724 V NearbyFragment: Transfer to vf39: 24%
06-29 03:15:55.517  1724  1724 V NearbyFragment: Transfer to vf39: 25%
06-29 03:15:55.520  1724  1724 V NearbyFragment: Transfer to vf39: 25%
06-29 03:15:55.525  1724  1724 V NearbyFragment: Transfer to vf39: 25%
06-29 03:15:55.530  1724  1724 V NearbyFragment: Transfer to vf39: 25%
06-29 03:15:55.536  1724  1724 V NearbyFragment: Transfer to vf39: 25%
06-29 03:15:55.542  1724  1724 V NearbyFragment: Transfer to vf39: 25%
06-29 03:15:55.548  1724  1724 V NearbyFragment: Transfer to vf39: 25%
06-29 03:15:55.555  1724  1724 V NearbyFragment: Transfer to vf39: 25%
06-29 03:15:55.558  1724  1724 V NearbyFragment: Transfer to vf39: 25%
06-29 03:15:55.737  1724  1724 V NearbyFragment: Transfer to vf39: 25%
06-29 03:15:55.760  1724  1724 V NearbyFragment: Transfer to vf39: 25%
06-29 03:15:55.777  1724  1724 V NearbyFragment: Transfer to vf39: 26%
06-29 03:15:55.779  1724  1724 V NearbyFragment: Transfer to vf39: 26%
06-29 03:15:55.782  1724  1724 V NearbyFragment: Transfer to vf39: 26%
06-29 03:15:55.796  1724  1724 V NearbyFragment: Transfer to vf39: 26%
06-29 03:15:55.802  1724  1724 V NearbyFragment: Transfer to vf39: 26%
06-29 03:15:55.813  1724  1724 V NearbyFragment: Transfer to vf39: 26%
06-29 03:15:55.819  1724  1724 V NearbyFragment: Transfer to vf39: 26%
06-29 03:15:55.822  1724  1724 V NearbyFragment: Transfer to vf39: 26%
06-29 03:15:55.828  1724  1724 V NearbyFragment: Transfer to vf39: 26%
06-29 03:15:55.832  1724  1724 V NearbyFragment: Transfer to vf39: 26%
06-29 03:15:55.837  1724  1724 V NearbyFragment: Transfer to vf39: 26%
06-29 03:15:55.841  1724  1724 V NearbyFragment: Transfer to vf39: 27%
06-29 03:15:55.846  1724  1724 V NearbyFragment: Transfer to vf39: 27%
06-29 03:15:55.850  1724  1724 V NearbyFragment: Transfer to vf39: 27%
06-29 03:15:55.854  1724  1724 V NearbyFragment: Transfer to vf39: 27%
06-29 03:15:55.858  1724  1724 V NearbyFragment: Transfer to vf39: 27%
06-29 03:15:55.862  1724  1724 V NearbyFragment: Transfer to vf39: 27%
06-29 03:15:55.865  1724  1724 V NearbyFragment: Transfer to vf39: 27%
06-29 03:15:55.869  1724  1724 V NearbyFragment: Transfer to vf39: 27%
06-29 03:15:55.872  1724  1724 V NearbyFragment: Transfer to vf39: 27%
06-29 03:15:55.877  1724  1724 V NearbyFragment: Transfer to vf39: 27%
06-29 03:15:55.888  1724  1724 V NearbyFragment: Transfer to vf39: 27%
06-29 03:15:55.893  1724  1724 V NearbyFragment: Transfer to vf39: 28%
06-29 03:15:55.894  1724  1724 V NearbyFragment: Transfer to vf39: 28%
06-29 03:15:55.900  1724  1724 V NearbyFragment: Transfer to vf39: 28%
06-29 03:15:55.901  1724  1724 V NearbyFragment: Transfer to vf39: 28%
06-29 03:15:55.903  1724  1724 V NearbyFragment: Transfer to vf39: 28%
06-29 03:15:55.911  1724  1724 V NearbyFragment: Transfer to vf39: 28%
06-29 03:15:55.912  1724  1724 V NearbyFragment: Transfer to vf39: 28%
06-29 03:15:55.917  1724  1724 V NearbyFragment: Transfer to vf39: 28%
06-29 03:15:55.921  1724  1724 V NearbyFragment: Transfer to vf39: 28%
06-29 03:15:55.923  1724  1724 V NearbyFragment: Transfer to vf39: 28%
06-29 03:15:55.926  1724  1724 V NearbyFragment: Transfer to vf39: 29%
06-29 03:15:55.932  1724  1724 V NearbyFragment: Transfer to vf39: 29%
06-29 03:15:55.934  1724  1724 V NearbyFragment: Transfer to vf39: 29%
06-29 03:15:55.939  1724  1724 V NearbyFragment: Transfer to vf39: 29%
06-29 03:15:55.943  1724  1724 V NearbyFragment: Transfer to vf39: 29%
06-29 03:15:55.944  1724  1724 V NearbyFragment: Transfer to vf39: 29%
06-29 03:15:55.948  1724  1724 V NearbyFragment: Transfer to vf39: 29%
06-29 03:15:55.952  1724  1724 V NearbyFragment: Transfer to vf39: 29%
06-29 03:15:55.954  1724  1724 V NearbyFragment: Transfer to vf39: 29%
06-29 03:15:55.958  1724  1724 V NearbyFragment: Transfer to vf39: 29%
06-29 03:15:55.959  1724  1724 V NearbyFragment: Transfer to vf39: 29%
06-29 03:15:55.963  1724  1724 V NearbyFragment: Transfer to vf39: 30%
06-29 03:15:55.964  1724  1724 V NearbyFragment: Transfer to vf39: 30%
06-29 03:15:55.976  1724  1724 V NearbyFragment: Transfer to vf39: 30%
06-29 03:15:55.976  1724  1724 V NearbyFragment: Transfer to vf39: 30%
06-29 03:15:55.981  1724  1724 V NearbyFragment: Transfer to vf39: 30%
06-29 03:15:55.982  1724  1724 I chatty  : uid=10568(com.example.edgesum) identical 1 line
06-29 03:15:55.983  1724  1724 V NearbyFragment: Transfer to vf39: 30%
06-29 03:15:55.984  1724  1724 V NearbyFragment: Transfer to vf39: 30%
06-29 03:15:55.987  1724  1724 V NearbyFragment: Transfer to vf39: 30%
06-29 03:15:55.992  1724  1724 V NearbyFragment: Transfer to vf39: 30%
06-29 03:15:55.999  1724  1724 V NearbyFragment: Transfer to vf39: 30%
06-29 03:15:55.999  1724  1724 V NearbyFragment: Transfer to vf39: 31%
06-29 03:15:56.016  1724  1724 V NearbyFragment: Transfer to vf39: 31%
06-29 03:15:56.019  1724  1724 V NearbyFragment: Transfer to vf39: 31%
06-29 03:15:56.028  1724  1724 V NearbyFragment: Transfer to vf39: 31%
06-29 03:15:56.029  1724  1724 I chatty  : uid=10568(com.example.edgesum) identical 1 line
06-29 03:15:56.030  1724  1724 V NearbyFragment: Transfer to vf39: 31%
06-29 03:15:56.036  1724  1724 V NearbyFragment: Transfer to vf39: 31%
06-29 03:15:56.038  1724  1724 V NearbyFragment: Transfer to vf39: 31%
06-29 03:15:56.042  1724  1724 V NearbyFragment: Transfer to vf39: 31%
06-29 03:15:56.055  1724  1724 V NearbyFragment: Transfer to vf39: 31%
06-29 03:15:56.058  1724  1724 V NearbyFragment: Transfer to vf39: 32%
06-29 03:15:56.062  1724  1724 V NearbyFragment: Transfer to vf39: 32%
06-29 03:15:56.064  1724  1724 V NearbyFragment: Transfer to vf39: 32%
06-29 03:15:56.068  1724  1724 V NearbyFragment: Transfer to vf39: 32%
06-29 03:15:56.071  1724  1724 V NearbyFragment: Transfer to vf39: 32%
06-29 03:15:56.074  1724  1724 V NearbyFragment: Transfer to vf39: 32%
06-29 03:15:56.075  1724  1724 V NearbyFragment: Transfer to vf39: 32%
06-29 03:15:56.079  1724  1724 V NearbyFragment: Transfer to vf39: 32%
06-29 03:15:56.087  1724  1724 V NearbyFragment: Transfer to vf39: 32%
06-29 03:15:56.092  1724  1724 V NearbyFragment: Transfer to vf39: 32%
06-29 03:15:56.097  1724  1724 V NearbyFragment: Transfer to vf39: 32%
06-29 03:15:56.101  1724  1724 V NearbyFragment: Transfer to vf39: 33%
06-29 03:15:56.105  1724  1724 V NearbyFragment: Transfer to vf39: 33%
06-29 03:15:56.108  1724  1724 V NearbyFragment: Transfer to vf39: 33%
06-29 03:15:56.140  1724  1724 V NearbyFragment: Transfer to vf39: 33%
06-29 03:15:56.146  1724  1724 V NearbyFragment: Transfer to vf39: 33%
06-29 03:15:56.152  1724  1724 V NearbyFragment: Transfer to vf39: 33%
06-29 03:15:56.158  1724  1724 V NearbyFragment: Transfer to vf39: 33%
06-29 03:15:56.170  1724  1724 V NearbyFragment: Transfer to vf39: 33%
06-29 03:15:56.175  1724  1724 V NearbyFragment: Transfer to vf39: 33%
06-29 03:15:56.182  1724  1724 V NearbyFragment: Transfer to vf39: 33%
06-29 03:15:56.196  1724  1724 V NearbyFragment: Transfer to vf39: 33%
06-29 03:15:56.200  1724  1724 V NearbyFragment: Transfer to vf39: 34%
06-29 03:15:56.205  1724  1724 V NearbyFragment: Transfer to vf39: 34%
06-29 03:15:56.221  1724  1724 V NearbyFragment: Transfer to vf39: 34%
06-29 03:15:56.226  1724  1724 V NearbyFragment: Transfer to vf39: 34%
06-29 03:15:56.232  1724  1724 V NearbyFragment: Transfer to vf39: 34%
06-29 03:15:56.237  1724  1724 V NearbyFragment: Transfer to vf39: 34%
06-29 03:15:56.241  1724  1724 V NearbyFragment: Transfer to vf39: 34%
06-29 03:15:56.246  1724  1724 V NearbyFragment: Transfer to vf39: 34%
06-29 03:15:56.252  1724  1724 V NearbyFragment: Transfer to vf39: 34%
06-29 03:15:56.271  1724  1724 V NearbyFragment: Transfer to vf39: 34%
06-29 03:15:56.283  1724  1724 V NearbyFragment: Transfer to vf39: 35%
06-29 03:15:56.299  1724  1724 V NearbyFragment: Transfer to vf39: 35%
06-29 03:15:56.302  1724  1724 V NearbyFragment: Transfer to vf39: 35%
06-29 03:15:56.315  1724  1724 V NearbyFragment: Transfer to vf39: 35%
06-29 03:15:56.320  1724  1724 V NearbyFragment: Transfer to vf39: 35%
06-29 03:15:56.337  1724  1724 V NearbyFragment: Transfer to vf39: 35%
06-29 03:15:56.343  1724  1724 V NearbyFragment: Transfer to vf39: 35%
06-29 03:15:56.351  1724  1724 V NearbyFragment: Transfer to vf39: 35%
06-29 03:15:56.355  1724  1724 V NearbyFragment: Transfer to vf39: 35%
06-29 03:15:56.361  1724  1724 V NearbyFragment: Transfer to vf39: 35%
06-29 03:15:56.377  1724  1724 V NearbyFragment: Transfer to vf39: 35%
06-29 03:15:56.381  1724  1724 V NearbyFragment: Transfer to vf39: 36%
06-29 03:15:56.384  1724  1724 V NearbyFragment: Transfer to vf39: 36%
06-29 03:15:56.388  1724  1724 V NearbyFragment: Transfer to vf39: 36%
06-29 03:15:56.594  1724  1724 V NearbyFragment: Transfer to vf39: 36%
06-29 03:15:56.609  1724  1724 V NearbyFragment: Transfer to vf39: 36%
06-29 03:15:56.613  1724  1724 V NearbyFragment: Transfer to vf39: 36%
06-29 03:15:56.622  1724  1724 V NearbyFragment: Transfer to vf39: 36%
06-29 03:15:56.630  1724  1724 V NearbyFragment: Transfer to vf39: 36%
06-29 03:15:56.634  1724  1724 V NearbyFragment: Transfer to vf39: 36%
06-29 03:15:56.643  1724  1724 V NearbyFragment: Transfer to vf39: 36%
06-29 03:15:56.647  1724  1724 V NearbyFragment: Transfer to vf39: 36%
06-29 03:15:56.651  1724  1724 V NearbyFragment: Transfer to vf39: 37%
06-29 03:15:56.676  1724  1724 V NearbyFragment: Transfer to vf39: 37%
06-29 03:15:56.681  1724  1724 V NearbyFragment: Transfer to vf39: 37%
06-29 03:15:56.684  1724  1724 V NearbyFragment: Transfer to vf39: 37%
06-29 03:15:56.689  1724  1724 V NearbyFragment: Transfer to vf39: 37%
06-29 03:15:56.694  1724  1724 V NearbyFragment: Transfer to vf39: 37%
06-29 03:15:56.697  1724  1724 V NearbyFragment: Transfer to vf39: 37%
06-29 03:15:56.705  1724  1724 V NearbyFragment: Transfer to vf39: 37%
06-29 03:15:56.715  1724  1724 V NearbyFragment: Transfer to vf39: 37%
06-29 03:15:56.727  1724  1724 V NearbyFragment: Transfer to vf39: 37%
06-29 03:15:56.728  1724  1724 V NearbyFragment: Transfer to vf39: 38%
06-29 03:15:56.733  1724  1724 V NearbyFragment: Transfer to vf39: 38%
06-29 03:15:56.743  1724  1724 V NearbyFragment: Transfer to vf39: 38%
06-29 03:15:56.744  1724  1724 V NearbyFragment: Transfer to vf39: 38%
06-29 03:15:56.756  1724  1724 V NearbyFragment: Transfer to vf39: 38%
06-29 03:15:56.760  1724  1724 V NearbyFragment: Transfer to vf39: 38%
06-29 03:15:56.770  1724  1724 V NearbyFragment: Transfer to vf39: 38%
06-29 03:15:56.774  1724  1724 V NearbyFragment: Transfer to vf39: 38%
06-29 03:15:56.779  1724  1724 V NearbyFragment: Transfer to vf39: 38%
06-29 03:15:56.787  1724  1724 V NearbyFragment: Transfer to vf39: 38%
06-29 03:15:56.791  1724  1724 V NearbyFragment: Transfer to vf39: 38%
06-29 03:15:56.797  1724  1724 V NearbyFragment: Transfer to vf39: 39%
06-29 03:15:56.807  1724  1724 V NearbyFragment: Transfer to vf39: 39%
06-29 03:15:56.814  1724  1724 V NearbyFragment: Transfer to vf39: 39%
06-29 03:15:56.823  1724  1724 V NearbyFragment: Transfer to vf39: 39%
06-29 03:15:56.840  1724  1724 V NearbyFragment: Transfer to vf39: 39%
06-29 03:15:56.847  1724  1724 V NearbyFragment: Transfer to vf39: 39%
06-29 03:15:56.851  1724  1724 V NearbyFragment: Transfer to vf39: 39%
06-29 03:15:56.860  1724  1724 V NearbyFragment: Transfer to vf39: 39%
06-29 03:15:56.866  1724  1724 V NearbyFragment: Transfer to vf39: 39%
06-29 03:15:56.871  1724  1724 V NearbyFragment: Transfer to vf39: 39%
06-29 03:15:56.875  1724  1724 V NearbyFragment: Transfer to vf39: 39%
06-29 03:15:56.877  1724  1724 V NearbyFragment: Transfer to vf39: 40%
06-29 03:15:56.881  1724  1724 V NearbyFragment: Transfer to vf39: 40%
06-29 03:15:56.884  1724  1724 V NearbyFragment: Transfer to vf39: 40%
06-29 03:15:56.887  1724  1724 V NearbyFragment: Transfer to vf39: 40%
06-29 03:15:56.891  1724  1724 V NearbyFragment: Transfer to vf39: 40%
06-29 03:15:56.893  1724  1724 V NearbyFragment: Transfer to vf39: 40%
06-29 03:15:56.896  1724  1724 V NearbyFragment: Transfer to vf39: 40%
06-29 03:15:56.899  1724  1724 V NearbyFragment: Transfer to vf39: 40%
06-29 03:15:56.902  1724  1724 V NearbyFragment: Transfer to vf39: 40%
06-29 03:15:56.905  1724  1724 V NearbyFragment: Transfer to vf39: 40%
06-29 03:15:56.907  1724  1724 V NearbyFragment: Transfer to vf39: 41%
06-29 03:15:56.911  1724  1724 V NearbyFragment: Transfer to vf39: 41%
06-29 03:15:56.913  1724  1724 V NearbyFragment: Transfer to vf39: 41%
06-29 03:15:56.916  1724  1724 V NearbyFragment: Transfer to vf39: 41%
06-29 03:15:56.919  1724  1724 V NearbyFragment: Transfer to vf39: 41%
06-29 03:15:56.922  1724  1724 V NearbyFragment: Transfer to vf39: 41%
06-29 03:15:56.925  1724  1724 V NearbyFragment: Transfer to vf39: 41%
06-29 03:15:56.935  1724  1724 V NearbyFragment: Transfer to vf39: 41%
06-29 03:15:56.938  1724  1724 V NearbyFragment: Transfer to vf39: 41%
06-29 03:15:56.943  1724  1724 V NearbyFragment: Transfer to vf39: 41%
