07-05 22:00:31.564 14016 14016 V NearbyFragment: Transfer to Endpoint{id=vMbk, name=Galaxy S8 [2802]} complete
07-05 22:00:31.565 14016 14016 W NearbyFragment: Completed downloading 20200312_193728!001.mp4 from Endpoint{id=vMbk, name=Galaxy S8 [2802]} in 03.543s
07-05 22:00:31.575 14016 14016 V FileManager: External storage is readable
07-05 22:00:31.576 14016 14016 V FileManager: Created new directory: /storage/emulated/0/Movies/segment-sum/20200312_193728
07-05 22:00:31.576 14016 14016 D NearbyFragment: Summarising 20200312_193728!001.mp4
07-05 22:00:31.577 14016 14016 V VideoManager: Retrieving video from /storage/emulated/0/Download/Nearby/20200312_193728!001.mp4
07-05 22:00:31.592 14016 14016 V VideoManager: videoFromCursor
07-05 22:00:31.595 14016 14016 V ProcessingVideosEventHandler: onAdd
07-05 22:00:31.595 14016 14016 V RawFootageEventHandler: onRemove
07-05 22:00:31.603 14016 14016 V NearbyFragment: Transfer to Endpoint{id=vMbk, name=Galaxy S8 [2802]} complete
07-05 22:00:31.648 14016 14021 I zygote64: Do partial code cache collection, code=249KB, data=162KB
07-05 22:00:31.648 14016 14021 I zygote64: After code cache collection, code=249KB, data=162KB
07-05 22:00:31.648 14016 14021 I zygote64: Increasing code cache capacity to 1024KB
07-05 22:00:46.662 14016 14645 V FfmpegTools: Retrieving duration of /storage/emulated/0/Download/Nearby/20200312_193628!003.mp4
07-05 22:00:46.733 14016 14645 V FfmpegTools: Retrieving duration of /storage/emulated/0/Movies/segment-sum/20200312_193628/20200312_193628!003.mp4
07-05 22:00:46.784 14016 14645 W Summariser: Summarisation completed
07-05 22:00:46.784 14016 14645 W Summariser:   filename: 20200312_193628!003.mp4
07-05 22:00:46.784 14016 14645 W Summariser:   active sections: 1
07-05 22:00:46.784 14016 14645 W Summariser:   time: 31.794s
07-05 22:00:46.784 14016 14645 W Summariser:   original duration: 12.03
07-05 22:00:46.784 14016 14645 W Summariser:   summarised duration: 6.16
07-05 22:00:46.784 14016 14645 W Summariser:   noise tolerance: 45.00
07-05 22:00:46.784 14016 14645 W Summariser:   quality: 23
07-05 22:00:46.784 14016 14645 W Summariser:   speed: medium
07-05 22:00:46.784 14016 14645 W Summariser:   freeze duration: 1.00
07-05 22:00:46.784 14016 14645 V VideoManager: Retrieving video from /storage/emulated/0/Movies/segment-sum/20200312_193628/20200312_193628!003.mp4
07-05 22:00:46.792 14016 14645 D VideoManager: videoCursor is null
07-05 22:00:46.826 14016 14645 V VideoManager: videoFromCursor
07-05 22:00:46.830 14016 14645 W NearbyFragment: Sending 20200312_193628!003.mp4 to Galaxy S8 [2802]
07-05 22:00:46.834 14016 14645 V ProcessingVideosEventHandler: onRemove
07-05 22:00:46.839 14016 14645 V SummariserIntentService: onHandleIntent
07-05 22:00:46.841 14016 14645 D SummariserIntentService: Video{id='8290', data='/storage/emulated/0/Download/Nearby/20200312_193728!001.mp4', name='20200312_193728!001.mp4', size=16819256, visible=true, mimeType='video/mp4'}
07-05 22:00:46.841 14016 14645 D SummariserIntentService: /storage/emulated/0/Movies/segment-sum/20200312_193728/20200312_193728!001.mp4
07-05 22:00:46.844 14016 14645 I FfmpegTools: Running ffmpeg with:
07-05 22:00:46.844 14016 14645 I FfmpegTools:   -y -i /storage/emulated/0/Download/Nearby/20200312_193728!001.mp4 -vf freezedetect=n=-45.000000dB:d=1.000000,metadata=mode=print:file=/storage/emulated/0/Movies/raw/20200312_193728!001.txt -f null -
07-05 22:00:46.866 14016 14016 V NearbyFragment: Transfer to Endpoint{id=vMbk, name=Galaxy S8 [2802]} complete
07-05 22:00:46.905 14016 14029 D SummariserIntentService: Scanned /storage/emulated/0/Movies/summarised
07-05 22:00:46.905 14016 14029 D SummariserIntentService:   -> uri=content://media/external/file/8207
07-05 22:00:46.908 14016 14016 V NearbyFragment: Transfer to Endpoint{id=vMbk, name=Galaxy S8 [2802]} complete
07-05 22:00:47.025 14016 14243 W mobile-ffmpeg: [graph 0 input from stream 0:0 @ 0x7a0f752280] sws_param option is deprecated and ignored
07-05 22:00:52.613 14016 14645 D Summariser: No freeze file
07-05 22:00:52.613 14016 14645 W Summariser: Whole video is active
07-05 22:00:53.346 14016 14645 V FfmpegTools: Retrieving duration of /storage/emulated/0/Download/Nearby/20200312_193728!001.mp4
07-05 22:00:53.441 14016 14645 V FfmpegTools: Retrieving duration of /storage/emulated/0/Movies/segment-sum/20200312_193728/20200312_193728!001.mp4
07-05 22:00:53.538 14016 14645 W Summariser: Summarisation completed
07-05 22:00:53.538 14016 14645 W Summariser:   filename: 20200312_193728!001.mp4
07-05 22:00:53.538 14016 14645 W Summariser:   active sections: -1
07-05 22:00:53.538 14016 14645 W Summariser:   time: 06.502s
07-05 22:00:53.538 14016 14645 W Summariser:   original duration: 16.01
07-05 22:00:53.538 14016 14645 W Summariser:   summarised duration: 16.01
07-05 22:00:53.538 14016 14645 W Summariser:   noise tolerance: 45.00
07-05 22:00:53.538 14016 14645 W Summariser:   quality: 23
07-05 22:00:53.538 14016 14645 W Summariser:   speed: medium
07-05 22:00:53.538 14016 14645 W Summariser:   freeze duration: 1.00
07-05 22:00:53.538 14016 14645 V VideoManager: Retrieving video from /storage/emulated/0/Movies/segment-sum/20200312_193728/20200312_193728!001.mp4
07-05 22:00:53.547 14016 14645 V VideoManager: videoFromCursor
07-05 22:00:53.553 14016 14645 W NearbyFragment: Sending 20200312_193728!001.mp4 to Galaxy S8 [2802]
07-05 22:00:53.557 14016 14645 V ProcessingVideosEventHandler: onRemove
07-05 22:00:53.583 14016 14016 V NearbyFragment: Transfer to Endpoint{id=vMbk, name=Galaxy S8 [2802]} complete
07-05 22:00:53.608 14016 14044 D SummariserIntentService: Scanned /storage/emulated/0/Movies/summarised
07-05 22:00:53.608 14016 14044 D SummariserIntentService:   -> uri=content://media/external/file/8207
07-05 22:00:57.186 14016 14016 V NearbyFragment: Transfer to Endpoint{id=vMbk, name=Galaxy S8 [2802]} complete
07-05 22:00:58.620 14016 14016 D NearbyFragment: onPayloadReceived(endpointId=vMbk, payload=com.google.android.gms.nearby.connection.Payload@81e652f)
07-05 22:00:58.622 14016 14016 V NearbyFragment: Started downloading SUMMARISE_SEGMENT:-6799862138309269545:20200312_193828!000.mp4:45.0_1.0_23_medium from Endpoint{id=vMbk, name=Galaxy S8 [2802]}
07-05 22:00:58.808 14016 14016 D NearbyFragment: onPayloadReceived(endpointId=vMbk, payload=com.google.android.gms.nearby.connection.Payload@91f973c)
07-05 22:00:58.813 14016 14016 V NearbyFragment: Transfer to Endpoint{id=vMbk, name=Galaxy S8 [2802]} complete
07-05 22:01:03.556 14016 14016 V NearbyFragment: Transfer to Endpoint{id=vMbk, name=Galaxy S8 [2802]} complete
07-05 22:01:03.557 14016 14016 W NearbyFragment: Completed downloading 20200312_193828!000.mp4 from Endpoint{id=vMbk, name=Galaxy S8 [2802]} in 04.933s
07-05 22:01:03.565 14016 14016 V FileManager: External storage is readable
07-05 22:01:03.566 14016 14016 V FileManager: Created new directory: /storage/emulated/0/Movies/segment-sum/20200312_193828
07-05 22:01:03.566 14016 14016 D NearbyFragment: Summarising 20200312_193828!000.mp4
07-05 22:01:03.566 14016 14016 V VideoManager: Retrieving video from /storage/emulated/0/Download/Nearby/20200312_193828!000.mp4
07-05 22:01:03.573 14016 14016 D VideoManager: videoCursor is null
07-05 22:01:03.590 14016 14016 V VideoManager: videoFromCursor
07-05 22:01:03.592 14016 14016 V ProcessingVideosEventHandler: onAdd
07-05 22:01:03.592 14016 14016 V RawFootageEventHandler: onRemove
07-05 22:01:03.597 14016 14016 V NearbyFragment: Transfer to Endpoint{id=vMbk, name=Galaxy S8 [2802]} complete
07-05 22:01:03.601 14016 14726 V SummariserIntentService: onHandleIntent
07-05 22:01:03.602 14016 14726 D SummariserIntentService: Video{id='8363', data='/storage/emulated/0/Download/Nearby/20200312_193828!000.mp4', name='20200312_193828!000.mp4', size=16933030, visible=true, mimeType='video/mp4'}
07-05 22:01:03.602 14016 14726 D SummariserIntentService: /storage/emulated/0/Movies/segment-sum/20200312_193828/20200312_193828!000.mp4
07-05 22:01:03.604 14016 14726 I FfmpegTools: Running ffmpeg with:
07-05 22:01:03.604 14016 14726 I FfmpegTools:   -y -i /storage/emulated/0/Download/Nearby/20200312_193828!000.mp4 -vf freezedetect=n=-45.000000dB:d=1.000000,metadata=mode=print:file=/storage/emulated/0/Movies/raw/20200312_193828!000.txt -f null -
07-05 22:01:03.716 14016 14243 W mobile-ffmpeg: [graph 0 input from stream 0:0 @ 0x7a0f7521c0] sws_param option is deprecated and ignored
07-05 22:01:09.242 14016 14726 W Summariser: 1 active sections found
07-05 22:01:09.242 14016 14726 I FfmpegTools: Running ffmpeg with:
07-05 22:01:09.242 14016 14726 I FfmpegTools:   -y -i /storage/emulated/0/Download/Nearby/20200312_193828!000.mp4 -filter_complex [0:v]trim=0.000000:14.212000,setpts=PTS-STARTPTS[v0];[0:a]atrim=0.000000:14.212000,asetpts=PTS-STARTPTS[a0];[v0][a0]concat=n=1:v=1:a=1[outv][outa] -map [outv] -map [outa] -crf 23 -preset medium /storage/emulated/0/Movies/segment-sum/20200312_193828/20200312_193828!000.mp4
07-05 22:01:09.367 14016 14243 W mobile-ffmpeg: [graph 0 input from stream 0:0 @ 0x7a0f752100] sws_param option is deprecated and ignored
07-05 22:01:10.504 14016 14016 D NearbyFragment: onPayloadReceived(endpointId=vMbk, payload=com.google.android.gms.nearby.connection.Payload@d768041)
07-05 22:01:10.506 14016 14016 V NearbyFragment: Started downloading SUMMARISE_SEGMENT:-6174489615801310600:20200312_193828!002.mp4:45.0_1.0_23_medium from Endpoint{id=vMbk, name=Galaxy S8 [2802]}
07-05 22:01:10.510 14016 14016 V NearbyFragment: Transfer to Endpoint{id=vMbk, name=Galaxy S8 [2802]} complete
07-05 22:01:10.582 14016 14016 D NearbyFragment: onPayloadReceived(endpointId=vMbk, payload=com.google.android.gms.nearby.connection.Payload@9ce99e6)
07-05 22:01:17.168 14016 14016 V NearbyFragment: Transfer to Endpoint{id=vMbk, name=Galaxy S8 [2802]} complete
07-05 22:01:17.168 14016 14016 W NearbyFragment: Completed downloading 20200312_193828!002.mp4 from Endpoint{id=vMbk, name=Galaxy S8 [2802]} in 06.661s
07-05 22:01:17.181 14016 14016 V FileManager: External storage is readable
07-05 22:01:17.181 14016 14016 V FileManager: Directory already exists: /storage/emulated/0/Movies/segment-sum/20200312_193828
07-05 22:01:17.182 14016 14016 D NearbyFragment: Summarising 20200312_193828!002.mp4
07-05 22:01:17.182 14016 14016 V VideoManager: Retrieving video from /storage/emulated/0/Download/Nearby/20200312_193828!002.mp4
07-05 22:01:17.196 14016 14016 V VideoManager: videoFromCursor
07-05 22:01:17.199 14016 14016 V ProcessingVideosEventHandler: onAdd
07-05 22:01:17.200 14016 14016 V RawFootageEventHandler: onRemove
07-05 22:01:17.207 14016 14016 V NearbyFragment: Transfer to Endpoint{id=vMbk, name=Galaxy S8 [2802]} complete
07-05 22:01:42.848 14016 14016 D NearbyFragment: onPayloadReceived(endpointId=vMbk, payload=com.google.android.gms.nearby.connection.Payload@ada6e72)
07-05 22:01:42.848 14016 14016 V NearbyFragment: Started downloading SUMMARISE_SEGMENT:-7673725936508314644:20200312_193928!002.mp4:45.0_1.0_23_medium from Endpoint{id=vMbk, name=Galaxy S8 [2802]}
07-05 22:01:43.065 14016 14016 D NearbyFragment: onPayloadReceived(endpointId=vMbk, payload=com.google.android.gms.nearby.connection.Payload@ad3f2c3)
07-05 22:01:43.087 14016 14016 V NearbyFragment: Transfer to Endpoint{id=vMbk, name=Galaxy S8 [2802]} complete
07-05 22:01:48.367 14016 14016 V NearbyFragment: Transfer to Endpoint{id=vMbk, name=Galaxy S8 [2802]} complete
07-05 22:01:48.368 14016 14016 W NearbyFragment: Completed downloading 20200312_193928!002.mp4 from Endpoint{id=vMbk, name=Galaxy S8 [2802]} in 05.518s
07-05 22:01:48.375 14016 14016 V FileManager: External storage is readable
07-05 22:01:48.377 14016 14016 V FileManager: Created new directory: /storage/emulated/0/Movies/segment-sum/20200312_193928
07-05 22:01:48.377 14016 14016 D NearbyFragment: Summarising 20200312_193928!002.mp4
07-05 22:01:48.377 14016 14016 V VideoManager: Retrieving video from /storage/emulated/0/Download/Nearby/20200312_193928!002.mp4
07-05 22:01:48.396 14016 14016 V VideoManager: videoFromCursor
07-05 22:01:48.400 14016 14016 V ProcessingVideosEventHandler: onAdd
07-05 22:01:48.401 14016 14016 V RawFootageEventHandler: onRemove
07-05 22:01:48.406 14016 14016 V NearbyFragment: Transfer to Endpoint{id=vMbk, name=Galaxy S8 [2802]} complete
07-05 22:02:03.478 14016 14726 V FfmpegTools: Retrieving duration of /storage/emulated/0/Download/Nearby/20200312_193828!000.mp4
07-05 22:02:03.541 14016 14726 V FfmpegTools: Retrieving duration of /storage/emulated/0/Movies/segment-sum/20200312_193828/20200312_193828!000.mp4
07-05 22:02:03.597 14016 14726 W Summariser: Summarisation completed
07-05 22:02:03.597 14016 14726 W Summariser:   filename: 20200312_193828!000.mp4
07-05 22:02:03.597 14016 14726 W Summariser:   active sections: 1
07-05 22:02:03.597 14016 14726 W Summariser:   time: 59.875s
07-05 22:02:03.597 14016 14726 W Summariser:   original duration: 16.06
07-05 22:02:03.597 14016 14726 W Summariser:   summarised duration: 14.28
07-05 22:02:03.597 14016 14726 W Summariser:   noise tolerance: 45.00
07-05 22:02:03.597 14016 14726 W Summariser:   quality: 23
07-05 22:02:03.597 14016 14726 W Summariser:   speed: medium
07-05 22:02:03.597 14016 14726 W Summariser:   freeze duration: 1.00
07-05 22:02:03.597 14016 14726 V VideoManager: Retrieving video from /storage/emulated/0/Movies/segment-sum/20200312_193828/20200312_193828!000.mp4
07-05 22:02:03.613 14016 14726 D VideoManager: videoCursor is null
07-05 22:02:03.658 14016 14726 V VideoManager: videoFromCursor
07-05 22:02:03.663 14016 14726 W NearbyFragment: Sending 20200312_193828!000.mp4 to Galaxy S8 [2802]
07-05 22:02:03.666 14016 14726 V ProcessingVideosEventHandler: onRemove
07-05 22:02:03.674 14016 14726 V SummariserIntentService: onHandleIntent
07-05 22:02:03.675 14016 14726 D SummariserIntentService: Video{id='8299', data='/storage/emulated/0/Download/Nearby/20200312_193828!002.mp4', name='20200312_193828!002.mp4', size=16949349, visible=true, mimeType='video/mp4'}
07-05 22:02:03.675 14016 14726 D SummariserIntentService: /storage/emulated/0/Movies/segment-sum/20200312_193828/20200312_193828!002.mp4
07-05 22:02:03.678 14016 14726 I FfmpegTools: Running ffmpeg with:
07-05 22:02:03.678 14016 14726 I FfmpegTools:   -y -i /storage/emulated/0/Download/Nearby/20200312_193828!002.mp4 -vf freezedetect=n=-45.000000dB:d=1.000000,metadata=mode=print:file=/storage/emulated/0/Movies/raw/20200312_193828!002.txt -f null -
07-05 22:02:03.683 14016 14016 V NearbyFragment: Transfer to Endpoint{id=vMbk, name=Galaxy S8 [2802]} complete
07-05 22:02:03.725 14016 14703 D SummariserIntentService: Scanned /storage/emulated/0/Movies/summarised
07-05 22:02:03.725 14016 14703 D SummariserIntentService:   -> uri=content://media/external/file/8207
07-05 22:02:03.864 14016 14243 W mobile-ffmpeg: [graph 0 input from stream 0:0 @ 0x7a0f7521c0] sws_param option is deprecated and ignored
07-05 22:02:03.949 14016 14016 V NearbyFragment: Transfer to Endpoint{id=vMbk, name=Galaxy S8 [2802]} complete
07-05 22:02:07.424 14016 14016 D NearbyFragment: onPayloadReceived(endpointId=vMbk, payload=com.google.android.gms.nearby.connection.Payload@23ef73b)
07-05 22:02:07.424 14016 14016 V NearbyFragment: Started downloading SUMMARISE_SEGMENT:-5707092397752831411:20200312_194129!002.mp4:45.0_1.0_23_medium from Endpoint{id=vMbk, name=Galaxy S8 [2802]}
07-05 22:02:07.586 14016 14016 V NearbyFragment: Transfer to Endpoint{id=vMbk, name=Galaxy S8 [2802]} complete
07-05 22:02:09.398 14016 14726 W Summariser: No activity detected
07-05 22:02:09.399 14016 14726 V FfmpegTools: Retrieving duration of /storage/emulated/0/Download/Nearby/20200312_193828!002.mp4
07-05 22:02:09.505 14016 14726 W Summariser: Summarisation completed
07-05 22:02:09.505 14016 14726 W Summariser:   filename: 20200312_193828!002.mp4
07-05 22:02:09.505 14016 14726 W Summariser:   active sections: 0
07-05 22:02:09.505 14016 14726 W Summariser:   time: 05.723s
07-05 22:02:09.505 14016 14726 W Summariser:   original duration: 16.01
07-05 22:02:09.505 14016 14726 W Summariser:   summarised duration: -1.00
07-05 22:02:09.505 14016 14726 W Summariser:   noise tolerance: 45.00
07-05 22:02:09.505 14016 14726 W Summariser:   quality: 23
07-05 22:02:09.505 14016 14726 W Summariser:   speed: medium
07-05 22:02:09.505 14016 14726 W Summariser:   freeze duration: 1.00
07-05 22:02:09.507 14016 14726 V ProcessingVideosEventHandler: onRemove
07-05 22:02:09.520 14016 14726 V SummariserIntentService: onHandleIntent
07-05 22:02:09.521 14016 14726 D SummariserIntentService: Video{id='8303', data='/storage/emulated/0/Download/Nearby/20200312_193928!002.mp4', name='20200312_193928!002.mp4', size=16869633, visible=true, mimeType='video/mp4'}
07-05 22:02:09.521 14016 14726 D SummariserIntentService: /storage/emulated/0/Movies/segment-sum/20200312_193928/20200312_193928!002.mp4
07-05 22:02:09.526 14016 14726 I FfmpegTools: Running ffmpeg with:
07-05 22:02:09.526 14016 14726 I FfmpegTools:   -y -i /storage/emulated/0/Download/Nearby/20200312_193928!002.mp4 -vf freezedetect=n=-45.000000dB:d=1.000000,metadata=mode=print:file=/storage/emulated/0/Movies/raw/20200312_193928!002.txt -f null -
07-05 22:02:09.528 14016 14016 V NearbyFragment: Transfer to Endpoint{id=vMbk, name=Galaxy S8 [2802]} complete
07-05 22:02:09.553 14016 14044 D SummariserIntentService: Scanned /storage/emulated/0/Movies/summarised
07-05 22:02:09.553 14016 14044 D SummariserIntentService:   -> uri=content://media/external/file/8207
07-05 22:02:09.655 14016 14243 W mobile-ffmpeg: [graph 0 input from stream 0:0 @ 0x7a0f7521c0] sws_param option is deprecated and ignored
07-05 22:02:09.960 14016 14016 D NearbyFragment: onPayloadReceived(endpointId=vMbk, payload=com.google.android.gms.nearby.connection.Payload@e9bcc17)
07-05 22:02:09.960 14016 14016 V NearbyFragment: Started downloading SUMMARISE_SEGMENT:-6586711316341752249:20200312_194129!003.mp4:45.0_1.0_23_medium from Endpoint{id=vMbk, name=Galaxy S8 [2802]}
07-05 22:02:10.357 14016 14016 V NearbyFragment: Transfer to Endpoint{id=vMbk, name=Galaxy S8 [2802]} complete
07-05 22:02:13.682 14016 14016 D NearbyFragment: onPayloadReceived(endpointId=vMbk, payload=com.google.android.gms.nearby.connection.Payload@14f1804)
07-05 22:02:15.419 14016 14726 W Summariser: No activity detected
07-05 22:02:15.420 14016 14726 V FfmpegTools: Retrieving duration of /storage/emulated/0/Download/Nearby/20200312_193928!002.mp4
07-05 22:02:15.485 14016 14726 W Summariser: Summarisation completed
07-05 22:02:15.485 14016 14726 W Summariser:   filename: 20200312_193928!002.mp4
07-05 22:02:15.485 14016 14726 W Summariser:   active sections: 0
07-05 22:02:15.485 14016 14726 W Summariser:   time: 05.898s
07-05 22:02:15.485 14016 14726 W Summariser:   original duration: 16.06
07-05 22:02:15.485 14016 14726 W Summariser:   summarised duration: -1.00
07-05 22:02:15.485 14016 14726 W Summariser:   noise tolerance: 45.00
07-05 22:02:15.485 14016 14726 W Summariser:   quality: 23
07-05 22:02:15.485 14016 14726 W Summariser:   speed: medium
07-05 22:02:15.485 14016 14726 W Summariser:   freeze duration: 1.00
07-05 22:02:15.487 14016 14726 V ProcessingVideosEventHandler: onRemove
07-05 22:02:15.510 14016 14016 V NearbyFragment: Transfer to Endpoint{id=vMbk, name=Galaxy S8 [2802]} complete
07-05 22:02:15.540 14016 14703 D SummariserIntentService: Scanned /storage/emulated/0/Movies/summarised
07-05 22:02:15.540 14016 14703 D SummariserIntentService:   -> uri=content://media/external/file/8207
07-05 22:02:18.353 14016 14016 V NearbyFragment: Transfer to Endpoint{id=vMbk, name=Galaxy S8 [2802]} complete
07-05 22:02:18.354 14016 14016 W NearbyFragment: Completed downloading 20200312_194129!002.mp4 from Endpoint{id=vMbk, name=Galaxy S8 [2802]} in 10.929s
07-05 22:02:18.362 14016 14016 V FileManager: External storage is readable
07-05 22:02:18.363 14016 14016 V FileManager: Created new directory: /storage/emulated/0/Movies/segment-sum/20200312_194129
07-05 22:02:18.364 14016 14016 D NearbyFragment: Summarising 20200312_194129!002.mp4
07-05 22:02:18.364 14016 14016 V VideoManager: Retrieving video from /storage/emulated/0/Download/Nearby/20200312_194129!002.mp4
07-05 22:02:18.373 14016 14016 V VideoManager: videoFromCursor
07-05 22:02:18.376 14016 14016 V ProcessingVideosEventHandler: onAdd
07-05 22:02:18.377 14016 14016 V RawFootageEventHandler: onRemove
07-05 22:02:18.394 14016 14812 V SummariserIntentService: onHandleIntent
07-05 22:02:18.396 14016 14812 D SummariserIntentService: Video{id='8307', data='/storage/emulated/0/Download/Nearby/20200312_194129!002.mp4', name='20200312_194129!002.mp4', size=16799769, visible=true, mimeType='video/mp4'}
07-05 22:02:18.396 14016 14812 D SummariserIntentService: /storage/emulated/0/Movies/segment-sum/20200312_194129/20200312_194129!002.mp4
07-05 22:02:18.398 14016 14812 I FfmpegTools: Running ffmpeg with:
07-05 22:02:18.398 14016 14812 I FfmpegTools:   -y -i /storage/emulated/0/Download/Nearby/20200312_194129!002.mp4 -vf freezedetect=n=-45.000000dB:d=1.000000,metadata=mode=print:file=/storage/emulated/0/Movies/raw/20200312_194129!002.txt -f null -
07-05 22:02:18.400 14016 14016 V NearbyFragment: Transfer to Endpoint{id=vMbk, name=Galaxy S8 [2802]} complete
07-05 22:02:18.410 14016 14016 D NearbyFragment: onPayloadReceived(endpointId=vMbk, payload=com.google.android.gms.nearby.connection.Payload@2af21a5)
07-05 22:02:18.553 14016 14243 W mobile-ffmpeg: [graph 0 input from stream 0:0 @ 0x7a0f7521c0] sws_param option is deprecated and ignored
07-05 22:02:22.339 14016 14016 V NearbyFragment: Transfer to Endpoint{id=vMbk, name=Galaxy S8 [2802]} complete
07-05 22:02:22.340 14016 14016 W NearbyFragment: Completed downloading 20200312_194129!003.mp4 from Endpoint{id=vMbk, name=Galaxy S8 [2802]} in 12.379s
07-05 22:02:22.347 14016 14016 V FileManager: External storage is readable
07-05 22:02:22.347 14016 14016 V FileManager: Directory already exists: /storage/emulated/0/Movies/segment-sum/20200312_194129
07-05 22:02:22.348 14016 14016 D NearbyFragment: Summarising 20200312_194129!003.mp4
07-05 22:02:22.348 14016 14016 V VideoManager: Retrieving video from /storage/emulated/0/Download/Nearby/20200312_194129!003.mp4
07-05 22:02:22.355 14016 14016 V VideoManager: videoFromCursor
07-05 22:02:22.358 14016 14016 V ProcessingVideosEventHandler: onAdd
07-05 22:02:22.359 14016 14016 V RawFootageEventHandler: onRemove
07-05 22:02:22.395 14016 14016 V NearbyFragment: Transfer to Endpoint{id=vMbk, name=Galaxy S8 [2802]} complete
07-05 22:02:24.666 14016 14812 W Summariser: 1 active sections found
07-05 22:02:24.666 14016 14812 I FfmpegTools: Running ffmpeg with:
07-05 22:02:24.666 14016 14812 I FfmpegTools:   -y -i /storage/emulated/0/Download/Nearby/20200312_194129!002.mp4 -filter_complex [0:v]trim=0.000000:7.339000,setpts=PTS-STARTPTS[v0];[0:a]atrim=0.000000:7.339000,asetpts=PTS-STARTPTS[a0];[v0][a0]concat=n=1:v=1:a=1[outv][outa] -map [outv] -map [outa] -crf 23 -preset medium /storage/emulated/0/Movies/segment-sum/20200312_194129/20200312_194129!002.mp4
07-05 22:02:24.830 14016 14243 W mobile-ffmpeg: [graph 0 input from stream 0:0 @ 0x7a0f752100] sws_param option is deprecated and ignored
07-05 22:02:35.589 14016 14016 D NearbyFragment: onPayloadReceived(endpointId=vMbk, payload=com.google.android.gms.nearby.connection.Payload@5953321)
07-05 22:02:35.590 14016 14016 V NearbyFragment: Started downloading SUMMARISE_SEGMENT:-7546597068670221689:20200312_194229!001.mp4:45.0_1.0_23_medium from Endpoint{id=vMbk, name=Galaxy S8 [2802]}
07-05 22:02:35.600 14016 14016 V NearbyFragment: Transfer to Endpoint{id=vMbk, name=Galaxy S8 [2802]} complete
07-05 22:02:35.838 14016 14016 D NearbyFragment: onPayloadReceived(endpointId=vMbk, payload=com.google.android.gms.nearby.connection.Payload@2a10346)
07-05 22:02:41.847 14016 14016 V NearbyFragment: Transfer to Endpoint{id=vMbk, name=Galaxy S8 [2802]} complete
07-05 22:02:41.848 14016 14016 W NearbyFragment: Completed downloading 20200312_194229!001.mp4 from Endpoint{id=vMbk, name=Galaxy S8 [2802]} in 06.257s
07-05 22:02:41.857 14016 14016 V FileManager: External storage is readable
07-05 22:02:41.859 14016 14016 V FileManager: Created new directory: /storage/emulated/0/Movies/segment-sum/20200312_194229
07-05 22:02:41.859 14016 14016 D NearbyFragment: Summarising 20200312_194229!001.mp4
07-05 22:02:41.860 14016 14016 V VideoManager: Retrieving video from /storage/emulated/0/Download/Nearby/20200312_194229!001.mp4
07-05 22:02:41.869 14016 14016 V VideoManager: videoFromCursor
07-05 22:02:41.872 14016 14016 V ProcessingVideosEventHandler: onAdd
07-05 22:02:41.873 14016 14016 V RawFootageEventHandler: onRemove
07-05 22:02:41.878 14016 14016 V NearbyFragment: Transfer to Endpoint{id=vMbk, name=Galaxy S8 [2802]} complete
07-05 22:02:51.286 14016 14812 V FfmpegTools: Retrieving duration of /storage/emulated/0/Download/Nearby/20200312_194129!002.mp4
07-05 22:02:51.395 14016 14812 V FfmpegTools: Retrieving duration of /storage/emulated/0/Movies/segment-sum/20200312_194129/20200312_194129!002.mp4
07-05 22:02:51.442 14016 14812 W Summariser: Summarisation completed
07-05 22:02:51.442 14016 14812 W Summariser:   filename: 20200312_194129!002.mp4
07-05 22:02:51.442 14016 14812 W Summariser:   active sections: 1
07-05 22:02:51.442 14016 14812 W Summariser:   time: 32.888s
07-05 22:02:51.442 14016 14812 W Summariser:   original duration: 16.01
07-05 22:02:51.442 14016 14812 W Summariser:   summarised duration: 7.37
07-05 22:02:51.442 14016 14812 W Summariser:   noise tolerance: 45.00
07-05 22:02:51.442 14016 14812 W Summariser:   quality: 23
07-05 22:02:51.442 14016 14812 W Summariser:   speed: medium
07-05 22:02:51.442 14016 14812 W Summariser:   freeze duration: 1.00
07-05 22:02:51.443 14016 14812 V VideoManager: Retrieving video from /storage/emulated/0/Movies/segment-sum/20200312_194129/20200312_194129!002.mp4
07-05 22:02:51.450 14016 14812 V VideoManager: videoFromCursor
07-05 22:02:51.454 14016 14812 W NearbyFragment: Sending 20200312_194129!002.mp4 to Galaxy S8 [2802]
07-05 22:02:51.458 14016 14812 V ProcessingVideosEventHandler: onRemove
07-05 22:02:51.467 14016 14812 V SummariserIntentService: onHandleIntent
07-05 22:02:51.469 14016 14812 D SummariserIntentService: Video{id='8308', data='/storage/emulated/0/Download/Nearby/20200312_194129!003.mp4', name='20200312_194129!003.mp4', size=12644882, visible=true, mimeType='video/mp4'}
07-05 22:02:51.469 14016 14812 D SummariserIntentService: /storage/emulated/0/Movies/segment-sum/20200312_194129/20200312_194129!003.mp4
07-05 22:02:51.471 14016 14812 I FfmpegTools: Running ffmpeg with:
07-05 22:02:51.471 14016 14812 I FfmpegTools:   -y -i /storage/emulated/0/Download/Nearby/20200312_194129!003.mp4 -vf freezedetect=n=-45.000000dB:d=1.000000,metadata=mode=print:file=/storage/emulated/0/Movies/raw/20200312_194129!003.txt -f null -
07-05 22:02:51.480 14016 14016 V NearbyFragment: Transfer to Endpoint{id=vMbk, name=Galaxy S8 [2802]} complete
07-05 22:02:51.526 14016 14703 D SummariserIntentService: Scanned /storage/emulated/0/Movies/summarised
07-05 22:02:51.526 14016 14703 D SummariserIntentService:   -> uri=content://media/external/file/8207
07-05 22:02:51.584 14016 14016 V NearbyFragment: Transfer to Endpoint{id=vMbk, name=Galaxy S8 [2802]} complete
07-05 22:02:51.598 14016 14243 W mobile-ffmpeg: [graph 0 input from stream 0:0 @ 0x7a0f752280] sws_param option is deprecated and ignored
07-05 22:02:55.770 14016 14812 W Summariser: 1 active sections found
07-05 22:02:55.770 14016 14812 I FfmpegTools: Running ffmpeg with:
07-05 22:02:55.770 14016 14812 I FfmpegTools:   -y -i /storage/emulated/0/Download/Nearby/20200312_194129!003.mp4 -filter_complex [0:v]trim=1.868000:2.502000,setpts=PTS-STARTPTS[v0];[0:a]atrim=1.868000:2.502000,asetpts=PTS-STARTPTS[a0];[v0][a0]concat=n=1:v=1:a=1[outv][outa] -map [outv] -map [outa] -crf 23 -preset medium /storage/emulated/0/Movies/segment-sum/20200312_194129/20200312_194129!003.mp4
07-05 22:02:55.893 14016 14243 W mobile-ffmpeg: [graph 0 input from stream 0:0 @ 0x7a0f752100] sws_param option is deprecated and ignored
07-05 22:02:58.851 14016 14812 V FfmpegTools: Retrieving duration of /storage/emulated/0/Download/Nearby/20200312_194129!003.mp4
07-05 22:02:58.924 14016 14812 V FfmpegTools: Retrieving duration of /storage/emulated/0/Movies/segment-sum/20200312_194129/20200312_194129!003.mp4
07-05 22:02:58.974 14016 14812 W Summariser: Summarisation completed
07-05 22:02:58.974 14016 14812 W Summariser:   filename: 20200312_194129!003.mp4
07-05 22:02:58.974 14016 14812 W Summariser:   active sections: 1
07-05 22:02:58.974 14016 14812 W Summariser:   time: 07.380s
07-05 22:02:58.974 14016 14812 W Summariser:   original duration: 12.03
07-05 22:02:58.974 14016 14812 W Summariser:   summarised duration: 0.70
07-05 22:02:58.974 14016 14812 W Summariser:   noise tolerance: 45.00
07-05 22:02:58.974 14016 14812 W Summariser:   quality: 23
07-05 22:02:58.974 14016 14812 W Summariser:   speed: medium
07-05 22:02:58.974 14016 14812 W Summariser:   freeze duration: 1.00
07-05 22:02:58.974 14016 14812 V VideoManager: Retrieving video from /storage/emulated/0/Movies/segment-sum/20200312_194129/20200312_194129!003.mp4
07-05 22:02:58.982 14016 14812 V VideoManager: videoFromCursor
07-05 22:02:58.987 14016 14812 W NearbyFragment: Sending 20200312_194129!003.mp4 to Galaxy S8 [2802]
07-05 22:02:58.990 14016 14812 V ProcessingVideosEventHandler: onRemove
07-05 22:02:59.004 14016 14812 V SummariserIntentService: onHandleIntent
07-05 22:02:59.005 14016 14812 D SummariserIntentService: Video{id='8309', data='/storage/emulated/0/Download/Nearby/20200312_194229!001.mp4', name='20200312_194229!001.mp4', size=16870064, visible=true, mimeType='video/mp4'}
07-05 22:02:59.005 14016 14812 D SummariserIntentService: /storage/emulated/0/Movies/segment-sum/20200312_194229/20200312_194229!001.mp4
07-05 22:02:59.007 14016 14812 I FfmpegTools: Running ffmpeg with:
07-05 22:02:59.007 14016 14812 I FfmpegTools:   -y -i /storage/emulated/0/Download/Nearby/20200312_194229!001.mp4 -vf freezedetect=n=-45.000000dB:d=1.000000,metadata=mode=print:file=/storage/emulated/0/Movies/raw/20200312_194229!001.txt -f null -
07-05 22:02:59.014 14016 14016 V NearbyFragment: Transfer to Endpoint{id=vMbk, name=Galaxy S8 [2802]} complete
07-05 22:02:59.026 14016 14016 V NearbyFragment: Transfer to Endpoint{id=vMbk, name=Galaxy S8 [2802]} complete
07-05 22:02:59.056 14016 14703 D SummariserIntentService: Scanned /storage/emulated/0/Movies/summarised
07-05 22:02:59.056 14016 14703 D SummariserIntentService:   -> uri=content://media/external/file/8207
07-05 22:02:59.136 14016 14016 D NearbyFragment: onPayloadReceived(endpointId=vMbk, payload=com.google.android.gms.nearby.connection.Payload@20d852a)
07-05 22:02:59.137 14016 14016 V NearbyFragment: Started downloading SUMMARISE_SEGMENT:-6554872602236181038:20200312_194330!000.mp4:45.0_1.0_23_medium from Endpoint{id=vMbk, name=Galaxy S8 [2802]}
07-05 22:02:59.173 14016 14243 W mobile-ffmpeg: [graph 0 input from stream 0:0 @ 0x7a0f7521c0] sws_param option is deprecated and ignored
07-05 22:02:59.186 14016 14016 D NearbyFragment: onPayloadReceived(endpointId=vMbk, payload=com.google.android.gms.nearby.connection.Payload@6d0af1b)
07-05 22:02:59.224 14016 14016 V NearbyFragment: Transfer to Endpoint{id=vMbk, name=Galaxy S8 [2802]} complete
07-05 22:03:04.326 14016 14016 V NearbyFragment: Transfer to Endpoint{id=vMbk, name=Galaxy S8 [2802]} complete
07-05 22:03:04.327 14016 14016 W NearbyFragment: Completed downloading 20200312_194330!000.mp4 from Endpoint{id=vMbk, name=Galaxy S8 [2802]} in 05.189s
07-05 22:03:04.334 14016 14016 V FileManager: External storage is readable
07-05 22:03:04.335 14016 14016 V FileManager: Created new directory: /storage/emulated/0/Movies/segment-sum/20200312_194330
07-05 22:03:04.335 14016 14016 D NearbyFragment: Summarising 20200312_194330!000.mp4
07-05 22:03:04.336 14016 14016 V VideoManager: Retrieving video from /storage/emulated/0/Download/Nearby/20200312_194330!000.mp4
07-05 22:03:04.345 14016 14016 V VideoManager: videoFromCursor
07-05 22:03:04.347 14016 14016 V ProcessingVideosEventHandler: onAdd
07-05 22:03:04.348 14016 14016 V RawFootageEventHandler: onRemove
07-05 22:03:04.381 14016 14016 V NearbyFragment: Transfer to Endpoint{id=vMbk, name=Galaxy S8 [2802]} complete
07-05 22:03:04.414 14016 14016 D NearbyFragment: onPayloadReceived(endpointId=vMbk, payload=com.google.android.gms.nearby.connection.Payload@5c121f7)
07-05 22:03:04.414 14016 14016 V NearbyFragment: Started downloading SUMMARISE_SEGMENT:-6688203915089394932:20200312_194330!001.mp4:45.0_1.0_23_medium from Endpoint{id=vMbk, name=Galaxy S8 [2802]}
07-05 22:03:04.422 14016 14016 V NearbyFragment: Transfer to Endpoint{id=vMbk, name=Galaxy S8 [2802]} complete
07-05 22:03:04.465 14016 14016 D NearbyFragment: onPayloadReceived(endpointId=vMbk, payload=com.google.android.gms.nearby.connection.Payload@79ee864)
07-05 22:03:04.570 14016 14021 I zygote64: Compiler allocated 4MB to compile void android.view.ViewRootImpl.performTraversals()
07-05 22:03:05.881 14016 14812 W Summariser: 2 active sections found
07-05 22:03:05.882 14016 14812 I FfmpegTools: Running ffmpeg with:
07-05 22:03:05.882 14016 14812 I FfmpegTools:   -y -i /storage/emulated/0/Download/Nearby/20200312_194229!001.mp4 -filter_complex [0:v]trim=0.000000:3.503000,setpts=PTS-STARTPTS[v0];[0:a]atrim=0.000000:3.503000,asetpts=PTS-STARTPTS[a0];[0:v]trim=8.074000:13.245000,setpts=PTS-STARTPTS[v1];[0:a]atrim=8.074000:13.245000,asetpts=PTS-STARTPTS[a1];[v0][a0][v1][a1]concat=n=2:v=1:a=1[outv][outa] -map [outv] -map [outa] -crf 23 -preset medium /storage/emulated/0/Movies/segment-sum/20200312_194229/20200312_194229!001.mp4
07-05 22:03:06.059 14016 14243 W mobile-ffmpeg: [graph 0 input from stream 0:0 @ 0x7a0f752400] sws_param option is deprecated and ignored
07-05 22:03:06.059 14016 14243 W mobile-ffmpeg: [graph 0 input from stream 0:0 @ 0x7a0f752580] sws_param option is deprecated and ignored
07-05 22:03:08.100 14016 14016 V NearbyFragment: Transfer to Endpoint{id=vMbk, name=Galaxy S8 [2802]} complete
07-05 22:03:08.101 14016 14016 W NearbyFragment: Completed downloading 20200312_194330!001.mp4 from Endpoint{id=vMbk, name=Galaxy S8 [2802]} in 03.686s
07-05 22:03:08.108 14016 14016 V FileManager: External storage is readable
07-05 22:03:08.108 14016 14016 V FileManager: Directory already exists: /storage/emulated/0/Movies/segment-sum/20200312_194330
07-05 22:03:08.109 14016 14016 D NearbyFragment: Summarising 20200312_194330!001.mp4
07-05 22:03:08.109 14016 14016 V VideoManager: Retrieving video from /storage/emulated/0/Download/Nearby/20200312_194330!001.mp4
07-05 22:03:08.120 14016 14016 V VideoManager: videoFromCursor
07-05 22:03:08.123 14016 14016 V ProcessingVideosEventHandler: onAdd
07-05 22:03:08.124 14016 14016 V RawFootageEventHandler: onRemove
07-05 22:03:08.127 14016 14016 V NearbyFragment: Transfer to Endpoint{id=vMbk, name=Galaxy S8 [2802]} complete
07-05 22:03:08.143 14016 14016 D NearbyFragment: onPayloadReceived(endpointId=vMbk, payload=com.google.android.gms.nearby.connection.Payload@79426d0)
07-05 22:03:08.143 14016 14016 V NearbyFragment: Started downloading SUMMARISE_SEGMENT:-7486393354769936812:20200312_194330!002.mp4:45.0_1.0_23_medium from Endpoint{id=vMbk, name=Galaxy S8 [2802]}
07-05 22:03:08.150 14016 14016 V NearbyFragment: Transfer to Endpoint{id=vMbk, name=Galaxy S8 [2802]} complete
07-05 22:03:08.161 14016 14016 D NearbyFragment: onPayloadReceived(endpointId=vMbk, payload=com.google.android.gms.nearby.connection.Payload@2c816c9)
07-05 22:03:12.470 14016 14016 V NearbyFragment: Transfer to Endpoint{id=vMbk, name=Galaxy S8 [2802]} complete
07-05 22:03:12.470 14016 14016 W NearbyFragment: Completed downloading 20200312_194330!002.mp4 from Endpoint{id=vMbk, name=Galaxy S8 [2802]} in 04.327s
07-05 22:03:12.481 14016 14016 V FileManager: External storage is readable
07-05 22:03:12.482 14016 14016 V FileManager: Directory already exists: /storage/emulated/0/Movies/segment-sum/20200312_194330
07-05 22:03:12.483 14016 14016 D NearbyFragment: Summarising 20200312_194330!002.mp4
07-05 22:03:12.483 14016 14016 V VideoManager: Retrieving video from /storage/emulated/0/Download/Nearby/20200312_194330!002.mp4
07-05 22:03:12.492 14016 14016 V VideoManager: videoFromCursor
07-05 22:03:12.495 14016 14016 V ProcessingVideosEventHandler: onAdd
07-05 22:03:12.495 14016 14016 V RawFootageEventHandler: onRemove
07-05 22:03:12.500 14016 14016 V NearbyFragment: Transfer to Endpoint{id=vMbk, name=Galaxy S8 [2802]} complete
07-05 22:03:37.278 14016 14812 V FfmpegTools: Retrieving duration of /storage/emulated/0/Download/Nearby/20200312_194229!001.mp4
07-05 22:03:37.380 14016 14812 V FfmpegTools: Retrieving duration of /storage/emulated/0/Movies/segment-sum/20200312_194229/20200312_194229!001.mp4
07-05 22:03:37.430 14016 14812 W Summariser: Summarisation completed
07-05 22:03:37.430 14016 14812 W Summariser:   filename: 20200312_194229!001.mp4
07-05 22:03:37.430 14016 14812 W Summariser:   active sections: 2
07-05 22:03:37.430 14016 14812 W Summariser:   time: 38.271s
07-05 22:03:37.430 14016 14812 W Summariser:   original duration: 16.01
07-05 22:03:37.430 14016 14812 W Summariser:   summarised duration: 8.74
07-05 22:03:37.430 14016 14812 W Summariser:   noise tolerance: 45.00
07-05 22:03:37.430 14016 14812 W Summariser:   quality: 23
07-05 22:03:37.430 14016 14812 W Summariser:   speed: medium
07-05 22:03:37.430 14016 14812 W Summariser:   freeze duration: 1.00
07-05 22:03:37.430 14016 14812 V VideoManager: Retrieving video from /storage/emulated/0/Movies/segment-sum/20200312_194229/20200312_194229!001.mp4
07-05 22:03:37.437 14016 14812 V VideoManager: videoFromCursor
07-05 22:03:37.442 14016 14812 W NearbyFragment: Sending 20200312_194229!001.mp4 to Galaxy S8 [2802]
07-05 22:03:37.445 14016 14812 V ProcessingVideosEventHandler: onRemove
07-05 22:03:37.453 14016 14812 V SummariserIntentService: onHandleIntent
07-05 22:03:37.454 14016 14812 D SummariserIntentService: Video{id='8314', data='/storage/emulated/0/Download/Nearby/20200312_194330!000.mp4', name='20200312_194330!000.mp4', size=16853664, visible=true, mimeType='video/mp4'}
07-05 22:03:37.454 14016 14812 D SummariserIntentService: /storage/emulated/0/Movies/segment-sum/20200312_194330/20200312_194330!000.mp4
07-05 22:03:37.456 14016 14812 I FfmpegTools: Running ffmpeg with:
07-05 22:03:37.456 14016 14812 I FfmpegTools:   -y -i /storage/emulated/0/Download/Nearby/20200312_194330!000.mp4 -vf freezedetect=n=-45.000000dB:d=1.000000,metadata=mode=print:file=/storage/emulated/0/Movies/raw/20200312_194330!000.txt -f null -
07-05 22:03:37.473 14016 14016 V NearbyFragment: Transfer to Endpoint{id=vMbk, name=Galaxy S8 [2802]} complete
07-05 22:03:37.499 14016 14044 D SummariserIntentService: Scanned /storage/emulated/0/Movies/summarised
07-05 22:03:37.499 14016 14044 D SummariserIntentService:   -> uri=content://media/external/file/8207
07-05 22:03:37.594 14016 14243 W mobile-ffmpeg: [graph 0 input from stream 0:0 @ 0x7a20ebc2c0] sws_param option is deprecated and ignored
07-05 22:03:37.611 14016 14016 V NearbyFragment: Transfer to Endpoint{id=vMbk, name=Galaxy S8 [2802]} complete
07-05 22:03:43.098 14016 14812 W Summariser: No activity detected
07-05 22:03:43.099 14016 14812 V FfmpegTools: Retrieving duration of /storage/emulated/0/Download/Nearby/20200312_194330!000.mp4
07-05 22:03:43.164 14016 14812 W Summariser: Summarisation completed
07-05 22:03:43.164 14016 14812 W Summariser:   filename: 20200312_194330!000.mp4
07-05 22:03:43.164 14016 14812 W Summariser:   active sections: 0
07-05 22:03:43.164 14016 14812 W Summariser:   time: 05.644s
07-05 22:03:43.164 14016 14812 W Summariser:   original duration: 16.07
07-05 22:03:43.164 14016 14812 W Summariser:   summarised duration: -1.00
07-05 22:03:43.164 14016 14812 W Summariser:   noise tolerance: 45.00
07-05 22:03:43.164 14016 14812 W Summariser:   quality: 23
07-05 22:03:43.164 14016 14812 W Summariser:   speed: medium
07-05 22:03:43.164 14016 14812 W Summariser:   freeze duration: 1.00
07-05 22:03:43.168 14016 14812 V ProcessingVideosEventHandler: onRemove
07-05 22:03:43.179 14016 14812 V SummariserIntentService: onHandleIntent
07-05 22:03:43.180 14016 14812 D SummariserIntentService: Video{id='8315', data='/storage/emulated/0/Download/Nearby/20200312_194330!001.mp4', name='20200312_194330!001.mp4', size=16898970, visible=true, mimeType='video/mp4'}
07-05 22:03:43.180 14016 14812 D SummariserIntentService: /storage/emulated/0/Movies/segment-sum/20200312_194330/20200312_194330!001.mp4
07-05 22:03:43.183 14016 14812 I FfmpegTools: Running ffmpeg with:
07-05 22:03:43.183 14016 14812 I FfmpegTools:   -y -i /storage/emulated/0/Download/Nearby/20200312_194330!001.mp4 -vf freezedetect=n=-45.000000dB:d=1.000000,metadata=mode=print:file=/storage/emulated/0/Movies/raw/20200312_194330!001.txt -f null -
07-05 22:03:43.193 14016 14016 V NearbyFragment: Transfer to Endpoint{id=vMbk, name=Galaxy S8 [2802]} complete
07-05 22:03:43.216 14016 14703 D SummariserIntentService: Scanned /storage/emulated/0/Movies/summarised
07-05 22:03:43.216 14016 14703 D SummariserIntentService:   -> uri=content://media/external/file/8207
07-05 22:03:43.330 14016 14243 W mobile-ffmpeg: [graph 0 input from stream 0:0 @ 0x7a20ebc440] sws_param option is deprecated and ignored
07-05 22:03:48.720 14016 14812 W Summariser: No activity detected
07-05 22:03:48.722 14016 14812 V FfmpegTools: Retrieving duration of /storage/emulated/0/Download/Nearby/20200312_194330!001.mp4
07-05 22:03:48.823 14016 14812 W Summariser: Summarisation completed
07-05 22:03:48.823 14016 14812 W Summariser:   filename: 20200312_194330!001.mp4
07-05 22:03:48.823 14016 14812 W Summariser:   active sections: 0
07-05 22:03:48.823 14016 14812 W Summariser:   time: 05.540s
07-05 22:03:48.823 14016 14812 W Summariser:   original duration: 16.01
07-05 22:03:48.823 14016 14812 W Summariser:   summarised duration: -1.00
07-05 22:03:48.823 14016 14812 W Summariser:   noise tolerance: 45.00
07-05 22:03:48.823 14016 14812 W Summariser:   quality: 23
07-05 22:03:48.823 14016 14812 W Summariser:   speed: medium
07-05 22:03:48.823 14016 14812 W Summariser:   freeze duration: 1.00
07-05 22:03:48.825 14016 14812 V ProcessingVideosEventHandler: onRemove
07-05 22:03:48.839 14016 14812 V SummariserIntentService: onHandleIntent
07-05 22:03:48.840 14016 14812 D SummariserIntentService: Video{id='8316', data='/storage/emulated/0/Download/Nearby/20200312_194330!002.mp4', name='20200312_194330!002.mp4', size=16896472, visible=true, mimeType='video/mp4'}
07-05 22:03:48.840 14016 14812 D SummariserIntentService: /storage/emulated/0/Movies/segment-sum/20200312_194330/20200312_194330!002.mp4
07-05 22:03:48.842 14016 14812 I FfmpegTools: Running ffmpeg with:
07-05 22:03:48.842 14016 14812 I FfmpegTools:   -y -i /storage/emulated/0/Download/Nearby/20200312_194330!002.mp4 -vf freezedetect=n=-45.000000dB:d=1.000000,metadata=mode=print:file=/storage/emulated/0/Movies/raw/20200312_194330!002.txt -f null -
07-05 22:03:48.842 14016 14016 V NearbyFragment: Transfer to Endpoint{id=vMbk, name=Galaxy S8 [2802]} complete
07-05 22:03:48.869 14016 14703 D SummariserIntentService: Scanned /storage/emulated/0/Movies/summarised
07-05 22:03:48.869 14016 14703 D SummariserIntentService:   -> uri=content://media/external/file/8207
07-05 22:03:49.000 14016 14243 W mobile-ffmpeg: [graph 0 input from stream 0:0 @ 0x7a20ebc440] sws_param option is deprecated and ignored
07-05 22:03:54.433 14016 14812 W Summariser: No activity detected
07-05 22:03:54.434 14016 14812 V FfmpegTools: Retrieving duration of /storage/emulated/0/Download/Nearby/20200312_194330!002.mp4
07-05 22:03:54.542 14016 14812 W Summariser: Summarisation completed
07-05 22:03:54.542 14016 14812 W Summariser:   filename: 20200312_194330!002.mp4
07-05 22:03:54.542 14016 14812 W Summariser:   active sections: 0
07-05 22:03:54.542 14016 14812 W Summariser:   time: 05.593s
07-05 22:03:54.542 14016 14812 W Summariser:   original duration: 16.01
07-05 22:03:54.542 14016 14812 W Summariser:   summarised duration: -1.00
07-05 22:03:54.542 14016 14812 W Summariser:   noise tolerance: 45.00
07-05 22:03:54.542 14016 14812 W Summariser:   quality: 23
07-05 22:03:54.542 14016 14812 W Summariser:   speed: medium
07-05 22:03:54.542 14016 14812 W Summariser:   freeze duration: 1.00
07-05 22:03:54.546 14016 14812 V ProcessingVideosEventHandler: onRemove
07-05 22:03:54.567 14016 14016 V NearbyFragment: Transfer to Endpoint{id=vMbk, name=Galaxy S8 [2802]} complete
07-05 22:03:54.590 14016 14703 D SummariserIntentService: Scanned /storage/emulated/0/Movies/summarised
07-05 22:03:54.590 14016 14703 D SummariserIntentService:   -> uri=content://media/external/file/8207
07-05 22:03:56.781 14016 14016 D NearbyFragment: onPayloadReceived(endpointId=vMbk, payload=com.google.android.gms.nearby.connection.Payload@f735bdf)
07-05 22:03:56.783 14016 14016 V NearbyFragment: Started downloading SUMMARISE_SEGMENT:-4635828903919174818:20200312_194830!000.mp4:45.0_1.0_23_medium from Endpoint{id=vMbk, name=Galaxy S8 [2802]}
07-05 22:03:56.790 14016 14016 V NearbyFragment: Transfer to Endpoint{id=vMbk, name=Galaxy S8 [2802]} complete
07-05 22:03:57.085 14016 14016 D NearbyFragment: onPayloadReceived(endpointId=vMbk, payload=com.google.android.gms.nearby.connection.Payload@796402c)
07-05 22:04:00.802 14016 14016 V NearbyFragment: Transfer to Endpoint{id=vMbk, name=Galaxy S8 [2802]} complete
07-05 22:04:00.802 14016 14016 W NearbyFragment: Completed downloading 20200312_194830!000.mp4 from Endpoint{id=vMbk, name=Galaxy S8 [2802]} in 04.018s
07-05 22:04:00.811 14016 14016 V FileManager: External storage is readable
07-05 22:04:00.812 14016 14016 V FileManager: Created new directory: /storage/emulated/0/Movies/segment-sum/20200312_194830
07-05 22:04:00.812 14016 14016 D NearbyFragment: Summarising 20200312_194830!000.mp4
07-05 22:04:00.812 14016 14016 V VideoManager: Retrieving video from /storage/emulated/0/Download/Nearby/20200312_194830!000.mp4
07-05 22:04:00.818 14016 14016 D VideoManager: videoCursor is null
07-05 22:04:00.841 14016 14016 V VideoManager: videoFromCursor
07-05 22:04:00.844 14016 14016 V ProcessingVideosEventHandler: onAdd
07-05 22:04:00.844 14016 14016 V RawFootageEventHandler: onRemove
07-05 22:04:00.848 14016 14016 V NearbyFragment: Transfer to Endpoint{id=vMbk, name=Galaxy S8 [2802]} complete
07-05 22:04:00.853 14016 14979 V SummariserIntentService: onHandleIntent
07-05 22:04:00.854 14016 14979 D SummariserIntentService: Video{id='8366', data='/storage/emulated/0/Download/Nearby/20200312_194830!000.mp4', name='20200312_194830!000.mp4', size=16910623, visible=true, mimeType='video/mp4'}
07-05 22:04:00.854 14016 14979 D SummariserIntentService: /storage/emulated/0/Movies/segment-sum/20200312_194830/20200312_194830!000.mp4
07-05 22:04:00.855 14016 14979 I FfmpegTools: Running ffmpeg with:
07-05 22:04:00.855 14016 14979 I FfmpegTools:   -y -i /storage/emulated/0/Download/Nearby/20200312_194830!000.mp4 -vf freezedetect=n=-45.000000dB:d=1.000000,metadata=mode=print:file=/storage/emulated/0/Movies/raw/20200312_194830!000.txt -f null -
07-05 22:04:00.861 14016 14016 D NearbyFragment: onPayloadReceived(endpointId=vMbk, payload=com.google.android.gms.nearby.connection.Payload@e304171)
07-05 22:04:00.861 14016 14016 V NearbyFragment: Started downloading SUMMARISE_SEGMENT:-8264016043547321763:20200312_194830!001.mp4:45.0_1.0_23_medium from Endpoint{id=vMbk, name=Galaxy S8 [2802]}
07-05 22:04:00.894 14016 14016 D NearbyFragment: onPayloadReceived(endpointId=vMbk, payload=com.google.android.gms.nearby.connection.Payload@ce27b56)
07-05 22:04:00.897 14016 14016 V NearbyFragment: Transfer to Endpoint{id=vMbk, name=Galaxy S8 [2802]} complete
07-05 22:04:00.987 14016 14243 W mobile-ffmpeg: [graph 0 input from stream 0:0 @ 0x7a20ebca40] sws_param option is deprecated and ignored
07-05 22:04:06.896 14016 14016 V NearbyFragment: Transfer to Endpoint{id=vMbk, name=Galaxy S8 [2802]} complete
07-05 22:04:06.897 14016 14016 W NearbyFragment: Completed downloading 20200312_194830!001.mp4 from Endpoint{id=vMbk, name=Galaxy S8 [2802]} in 06.035s
07-05 22:04:06.907 14016 14016 V FileManager: External storage is readable
07-05 22:04:06.908 14016 14016 V FileManager: Directory already exists: /storage/emulated/0/Movies/segment-sum/20200312_194830
07-05 22:04:06.908 14016 14016 D NearbyFragment: Summarising 20200312_194830!001.mp4
07-05 22:04:06.908 14016 14016 V VideoManager: Retrieving video from /storage/emulated/0/Download/Nearby/20200312_194830!001.mp4
07-05 22:04:06.921 14016 14016 V VideoManager: videoFromCursor
07-05 22:04:06.924 14016 14016 V ProcessingVideosEventHandler: onAdd
07-05 22:04:06.924 14016 14016 V RawFootageEventHandler: onRemove
07-05 22:04:06.943 14016 14016 V NearbyFragment: Transfer to Endpoint{id=vMbk, name=Galaxy S8 [2802]} complete
07-05 22:04:07.070 14016 14016 D NearbyFragment: onPayloadReceived(endpointId=vMbk, payload=com.google.android.gms.nearby.connection.Payload@4a2f6e2)
07-05 22:04:07.071 14016 14016 V NearbyFragment: Started downloading SUMMARISE_SEGMENT:-8192839079175836116:20200312_194830!003.mp4:45.0_1.0_23_medium from Endpoint{id=vMbk, name=Galaxy S8 [2802]}
07-05 22:04:07.107 14016 14016 V NearbyFragment: Transfer to Endpoint{id=vMbk, name=Galaxy S8 [2802]} complete
07-05 22:04:07.403 14016 14979 W Summariser: 1 active sections found
07-05 22:04:07.404 14016 14979 I FfmpegTools: Running ffmpeg with:
07-05 22:04:07.404 14016 14979 I FfmpegTools:   -y -i /storage/emulated/0/Download/Nearby/20200312_194830!000.mp4 -filter_complex [0:v]trim=6.839000:10.742000,setpts=PTS-STARTPTS[v0];[0:a]atrim=6.839000:10.742000,asetpts=PTS-STARTPTS[a0];[v0][a0]concat=n=1:v=1:a=1[outv][outa] -map [outv] -map [outa] -crf 23 -preset medium /storage/emulated/0/Movies/segment-sum/20200312_194830/20200312_194830!000.mp4
