--------- beginning of main
07-05 21:55:38.801 16125 16125 I zygote  : Late-enabling -Xcheck:jni
--------- beginning of system
07-05 21:55:38.912 16125 16125 I ActivityThread: handleStopService: token=android.os.BinderProxy@12f5aad not found.
07-05 21:55:38.917 16125 16125 I TransferService: Starting Transfer Service to listen for network connectivity changes.
07-05 21:55:38.918 16125 16125 W LogFactory: Truncating log tag length as it exceed 23, the limit imposed by Android on certain API Levels
07-05 21:55:38.942 16125 16125 I TransferService: Registering the network receiver
07-05 21:55:38.945 16125 16125 I TransferService: Moving the service out of the Foreground state.
07-05 21:55:38.946 16125 16125 I TransferService: De-registering the network receiver.
07-05 21:55:39.356 16125 16125 I zygote  : Rejecting re-init on previously-failed class java.lang.Class<androidx.core.view.ViewCompat$2>: java.lang.NoClassDefFoundError: Failed resolution of: Landroid/view/View$OnUnhandledKeyEventListener;
07-05 21:55:39.357 16125 16125 I zygote  :   at void androidx.core.view.ViewCompat.setOnApplyWindowInsetsListener(android.view.View, androidx.core.view.OnApplyWindowInsetsListener) (ViewCompat.java:2421)
07-05 21:55:39.357 16125 16125 I zygote  :   at android.view.ViewGroup androidx.appcompat.app.AppCompatDelegateImpl.createSubDecor() (AppCompatDelegateImpl.java:779)
07-05 21:55:39.357 16125 16125 I zygote  :   at void androidx.appcompat.app.AppCompatDelegateImpl.ensureSubDecor() (AppCompatDelegateImpl.java:659)
07-05 21:55:39.357 16125 16125 I zygote  :   at void androidx.appcompat.app.AppCompatDelegateImpl.setContentView(int) (AppCompatDelegateImpl.java:552)
07-05 21:55:39.357 16125 16125 I zygote  :   at void androidx.appcompat.app.AppCompatActivity.setContentView(int) (AppCompatActivity.java:161)
07-05 21:55:39.357 16125 16125 I zygote  :   at void com.example.edgesum.page.main.MainActivity.onCreate(android.os.Bundle) (MainActivity.java:95)
07-05 21:55:39.357 16125 16125 I zygote  :   at void android.app.Activity.performCreate(android.os.Bundle, android.os.PersistableBundle) (Activity.java:7009)
07-05 21:55:39.357 16125 16125 I zygote  :   at void android.app.Activity.performCreate(android.os.Bundle) (Activity.java:7000)
07-05 21:55:39.357 16125 16125 I zygote  :   at void android.app.Instrumentation.callActivityOnCreate(android.app.Activity, android.os.Bundle) (Instrumentation.java:1214)
07-05 21:55:39.357 16125 16125 I zygote  :   at android.app.Activity android.app.ActivityThread.performLaunchActivity(android.app.ActivityThread$ActivityClientRecord, android.content.Intent) (ActivityThread.java:2731)
07-05 21:55:39.357 16125 16125 I zygote  :   at void android.app.ActivityThread.handleLaunchActivity(android.app.ActivityThread$ActivityClientRecord, android.content.Intent, java.lang.String) (ActivityThread.java:2856)
07-05 21:55:39.357 16125 16125 I zygote  :   at void android.app.ActivityThread.-wrap11(android.app.ActivityThread, android.app.ActivityThread$ActivityClientRecord, android.content.Intent, java.lang.String) (ActivityThread.java:-1)
07-05 21:55:39.357 16125 16125 I zygote  :   at void android.app.ActivityThread$H.handleMessage(android.os.Message) (ActivityThread.java:1589)
07-05 21:55:39.357 16125 16125 I zygote  :   at void android.os.Handler.dispatchMessage(android.os.Message) (Handler.java:106)
07-05 21:55:39.357 16125 16125 I zygote  :   at void android.os.Looper.loop() (Looper.java:164)
07-05 21:55:39.357 16125 16125 I zygote  :   at void android.app.ActivityThread.main(java.lang.String[]) (ActivityThread.java:6494)
07-05 21:55:39.357 16125 16125 I zygote  :   at java.lang.Object java.lang.reflect.Method.invoke(java.lang.Object, java.lang.Object[]) (Method.java:-2)
07-05 21:55:39.357 16125 16125 I zygote  :   at void com.android.internal.os.RuntimeInit$MethodAndArgsCaller.run() (RuntimeInit.java:438)
07-05 21:55:39.357 16125 16125 I zygote  :   at void com.android.internal.os.ZygoteInit.main(java.lang.String[]) (ZygoteInit.java:807)
07-05 21:55:39.357 16125 16125 I zygote  : Caused by: java.lang.ClassNotFoundException: Didn't find class "android.view.View$OnUnhandledKeyEventListener" on path: DexPathList[[zip file "/data/app/com.example.edgesum-YzI1NIeHkS8kN2Z2Ls5RAg==/base.apk"],nativeLibraryDirectories=[/data/app/com.example.edgesum-YzI1NIeHkS8kN2Z2Ls5RAg==/lib/arm, /data/app/com.example.edgesum-YzI1NIeHkS8kN2Z2Ls5RAg==/base.apk!/lib/armeabi-v7a, /system/lib, /system/vendor/lib]]
07-05 21:55:39.357 16125 16125 I zygote  :   at java.lang.Class dalvik.system.BaseDexClassLoader.findClass(java.lang.String) (BaseDexClassLoader.java:125)
07-05 21:55:39.357 16125 16125 I zygote  :   at java.lang.Class java.lang.ClassLoader.loadClass(java.lang.String, boolean) (ClassLoader.java:379)
07-05 21:55:39.357 16125 16125 I zygote  :   at java.lang.Class java.lang.ClassLoader.loadClass(java.lang.String) (ClassLoader.java:312)
07-05 21:55:39.357 16125 16125 I zygote  :   at void androidx.core.view.ViewCompat.setOnApplyWindowInsetsListener(android.view.View, androidx.core.view.OnApplyWindowInsetsListener) (ViewCompat.java:2421)
07-05 21:55:39.357 16125 16125 I zygote  :   at android.view.ViewGroup androidx.appcompat.app.AppCompatDelegateImpl.createSubDecor() (AppCompatDelegateImpl.java:779)
07-05 21:55:39.357 16125 16125 I zygote  :   at void androidx.appcompat.app.AppCompatDelegateImpl.ensureSubDecor() (AppCompatDelegateImpl.java:659)
07-05 21:55:39.357 16125 16125 I zygote  :   at void androidx.appcompat.app.AppCompatDelegateImpl.setContentView(int) (AppCompatDelegateImpl.java:552)
07-05 21:55:39.357 16125 16125 I zygote  :   at void androidx.appcompat.app.AppCompatActivity.setContentView(int) (AppCompatActivity.java:161)
07-05 21:55:39.357 16125 16125 I zygote  :   at void com.example.edgesum.page.main.MainActivity.onCreate(android.os.Bundle) (MainActivity.java:95)
07-05 21:55:39.357 16125 16125 I zygote  :   at void android.app.Activity.performCreate(android.os.Bundle, android.os.PersistableBundle) (Activity.java:7009)
07-05 21:55:39.357 16125 16125 I zygote  :   at void android.app.Activity.performCreate(android.os.Bundle) (Activity.java:7000)
07-05 21:55:39.357 16125 16125 I zygote  :   at void android.app.Instrumentation.callActivityOnCreate(android.app.Activity, android.os.Bundle) (Instrumentation.java:1214)
07-05 21:55:39.357 16125 16125 I zygote  :   at android.app.Activity android.app.ActivityThread.performLaunchActivity(android.app.ActivityThread$ActivityClientRecord, android.content.Intent) (ActivityThread.java:2731)
07-05 21:55:39.357 16125 16125 I zygote  :   at void android.app.ActivityThread.handleLaunchActivity(android.app.ActivityThread$ActivityClientRecord, android.content.Intent, java.lang.String) (ActivityThread.java:2856)
07-05 21:55:39.357 16125 16125 I zygote  :   at void android.app.ActivityThread.-wrap11(android.app.ActivityThread, android.app.ActivityThread$ActivityClientRecord, android.content.Intent, java.lang.String) (ActivityThread.java:-1)
07-05 21:55:39.357 16125 16125 I zygote  :   at void android.app.ActivityThread$H.handleMessage(android.os.Message) (ActivityThread.java:1589)
07-05 21:55:39.357 16125 16125 I zygote  :   at void android.os.Handler.dispatchMessage(android.os.Message) (Handler.java:106)
07-05 21:55:39.357 16125 16125 I zygote  :   at void android.os.Looper.loop() (Looper.java:164)
07-05 21:55:39.357 16125 16125 I zygote  :   at void android.app.ActivityThread.main(java.lang.String[]) (ActivityThread.java:6494)
07-05 21:55:39.357 16125 16125 I zygote  :   at java.lang.Object java.lang.reflect.Method.invoke(java.lang.Object, java.lang.Object[]) (Method.java:-2)
07-05 21:55:39.357 16125 16125 I zygote  :   at void com.android.internal.os.RuntimeInit$MethodAndArgsCaller.run() (RuntimeInit.java:438)
07-05 21:55:39.357 16125 16125 I zygote  :   at void com.android.internal.os.ZygoteInit.main(java.lang.String[]) (ZygoteInit.java:807)
07-05 21:55:39.357 16125 16125 I zygote  : 
07-05 21:55:39.358 16125 16125 I zygote  : Rejecting re-init on previously-failed class java.lang.Class<androidx.core.view.ViewCompat$2>: java.lang.NoClassDefFoundError: Failed resolution of: Landroid/view/View$OnUnhandledKeyEventListener;
07-05 21:55:39.358 16125 16125 I zygote  :   at void androidx.core.view.ViewCompat.setOnApplyWindowInsetsListener(android.view.View, androidx.core.view.OnApplyWindowInsetsListener) (ViewCompat.java:2421)
07-05 21:55:39.358 16125 16125 I zygote  :   at android.view.ViewGroup androidx.appcompat.app.AppCompatDelegateImpl.createSubDecor() (AppCompatDelegateImpl.java:779)
07-05 21:55:39.358 16125 16125 I zygote  :   at void androidx.appcompat.app.AppCompatDelegateImpl.ensureSubDecor() (AppCompatDelegateImpl.java:659)
07-05 21:55:39.358 16125 16125 I zygote  :   at void androidx.appcompat.app.AppCompatDelegateImpl.setContentView(int) (AppCompatDelegateImpl.java:552)
07-05 21:55:39.358 16125 16125 I zygote  :   at void androidx.appcompat.app.AppCompatActivity.setContentView(int) (AppCompatActivity.java:161)
07-05 21:55:39.358 16125 16125 I zygote  :   at void com.example.edgesum.page.main.MainActivity.onCreate(android.os.Bundle) (MainActivity.java:95)
07-05 21:55:39.358 16125 16125 I zygote  :   at void android.app.Activity.performCreate(android.os.Bundle, android.os.PersistableBundle) (Activity.java:7009)
07-05 21:55:39.358 16125 16125 I zygote  :   at void android.app.Activity.performCreate(android.os.Bundle) (Activity.java:7000)
07-05 21:55:39.358 16125 16125 I zygote  :   at void android.app.Instrumentation.callActivityOnCreate(android.app.Activity, android.os.Bundle) (Instrumentation.java:1214)
07-05 21:55:39.358 16125 16125 I zygote  :   at android.app.Activity android.app.ActivityThread.performLaunchActivity(android.app.ActivityThread$ActivityClientRecord, android.content.Intent) (ActivityThread.java:2731)
07-05 21:55:39.358 16125 16125 I zygote  :   at void android.app.ActivityThread.handleLaunchActivity(android.app.ActivityThread$ActivityClientRecord, android.content.Intent, java.lang.String) (ActivityThread.java:2856)
07-05 21:55:39.358 16125 16125 I zygote  :   at void android.app.ActivityThread.-wrap11(android.app.ActivityThread, android.app.ActivityThread$ActivityClientRecord, android.content.Intent, java.lang.String) (ActivityThread.java:-1)
07-05 21:55:39.358 16125 16125 I zygote  :   at void android.app.ActivityThread$H.handleMessage(android.os.Message) (ActivityThread.java:1589)
07-05 21:55:39.358 16125 16125 I zygote  :   at void android.os.Handler.dispatchMessage(android.os.Message) (Handler.java:106)
07-05 21:55:39.358 16125 16125 I zygote  :   at void android.os.Looper.loop() (Looper.java:164)
07-05 21:55:39.358 16125 16125 I zygote  :   at void android.app.ActivityThread.main(java.lang.String[]) (ActivityThread.java:6494)
07-05 21:55:39.358 16125 16125 I zygote  :   at java.lang.Object java.lang.reflect.Method.invoke(java.lang.Object, java.lang.Object[]) (Method.java:-2)
07-05 21:55:39.358 16125 16125 I zygote  :   at void com.android.internal.os.RuntimeInit$MethodAndArgsCaller.run() (RuntimeInit.java:438)
07-05 21:55:39.358 16125 16125 I zygote  :   at void com.android.internal.os.ZygoteInit.main(java.lang.String[]) (ZygoteInit.java:807)
07-05 21:55:39.358 16125 16125 I zygote  : Caused by: java.lang.ClassNotFoundException: Didn't find class "android.view.View$OnUnhandledKeyEventListener" on path: DexPathList[[zip file "/data/app/com.example.edgesum-YzI1NIeHkS8kN2Z2Ls5RAg==/base.apk"],nativeLibraryDirectories=[/data/app/com.example.edgesum-YzI1NIeHkS8kN2Z2Ls5RAg==/lib/arm, /data/app/com.example.edgesum-YzI1NIeHkS8kN2Z2Ls5RAg==/base.apk!/lib/armeabi-v7a, /system/lib, /system/vendor/lib]]
07-05 21:55:39.358 16125 16125 I zygote  :   at java.lang.Class dalvik.system.BaseDexClassLoader.findClass(java.lang.String) (BaseDexClassLoader.java:125)
07-05 21:55:39.358 16125 16125 I zygote  :   at java.lang.Class java.lang.ClassLoader.loadClass(java.lang.String, boolean) (ClassLoader.java:379)
07-05 21:55:39.358 16125 16125 I zygote  :   at java.lang.Class java.lang.ClassLoader.loadClass(java.lang.String) (ClassLoader.java:312)
07-05 21:55:39.358 16125 16125 I zygote  :   at void androidx.core.view.ViewCompat.setOnApplyWindowInsetsListener(android.view.View, androidx.core.view.OnApplyWindowInsetsListener) (ViewCompat.java:2421)
07-05 21:55:39.358 16125 16125 I zygote  :   at android.view.ViewGroup androidx.appcompat.app.AppCompatDelegateImpl.createSubDecor() (AppCompatDelegateImpl.java:779)
07-05 21:55:39.358 16125 16125 I zygote  :   at void androidx.appcompat.app.AppCompatDelegateImpl.ensureSubDecor() (AppCompatDelegateImpl.java:659)
07-05 21:55:39.358 16125 16125 I zygote  :   at void androidx.appcompat.app.AppCompatDelegateImpl.setContentView(int) (AppCompatDelegateImpl.java:552)
07-05 21:55:39.358 16125 16125 I zygote  :   at void androidx.appcompat.app.AppCompatActivity.setContentView(int) (AppCompatActivity.java:161)
07-05 21:55:39.358 16125 16125 I zygote  :   at void com.example.edgesum.page.main.MainActivity.onCreate(android.os.Bundle) (MainActivity.java:95)
07-05 21:55:39.358 16125 16125 I zygote  :   at void android.app.Activity.performCreate(android.os.Bundle, android.os.PersistableBundle) (Activity.java:7009)
07-05 21:55:39.358 16125 16125 I zygote  :   at void android.app.Activity.performCreate(android.os.Bundle) (Activity.java:7000)
07-05 21:55:39.358 16125 16125 I zygote  :   at void android.app.Instrumentation.callActivityOnCreate(android.app.Activity, android.os.Bundle) (Instrumentation.java:1214)
07-05 21:55:39.358 16125 16125 I zygote  :   at android.app.Activity android.app.ActivityThread.performLaunchActivity(android.app.ActivityThread$ActivityClientRecord, android.content.Intent) (ActivityThread.java:2731)
07-05 21:55:39.358 16125 16125 I zygote  :   at void android.app.ActivityThread.handleLaunchActivity(android.app.ActivityThread$ActivityClientRecord, android.content.Intent, java.lang.String) (ActivityThread.java:2856)
07-05 21:55:39.358 16125 16125 I zygote  :   at void android.app.ActivityThread.-wrap11(android.app.ActivityThread, android.app.ActivityThread$ActivityClientRecord, android.content.Intent, java.lang.String) (ActivityThread.java:-1)
07-05 21:55:39.358 16125 16125 I zygote  :   at void android.app.ActivityThread$H.handleMessage(android.os.Message) (ActivityThread.java:1589)
07-05 21:55:39.358 16125 16125 I zygote  :   at void android.os.Handler.dispatchMessage(android.os.Message) (Handler.java:106)
07-05 21:55:39.358 16125 16125 I zygote  :   at void android.os.Looper.loop() (Looper.java:164)
07-05 21:55:39.358 16125 16125 I zygote  :   at void android.app.ActivityThread.main(java.lang.String[]) (ActivityThread.java:6494)
07-05 21:55:39.358 16125 16125 I zygote  :   at java.lang.Object java.lang.reflect.Method.invoke(java.lang.Object, java.lang.Object[]) (Method.java:-2)
07-05 21:55:39.358 16125 16125 I zygote  :   at void com.android.internal.os.RuntimeInit$MethodAndArgsCaller.run() (RuntimeInit.java:438)
07-05 21:55:39.358 16125 16125 I zygote  :   at void com.android.internal.os.ZygoteInit.main(java.lang.String[]) (ZygoteInit.java:807)
07-05 21:55:39.358 16125 16125 I zygote  : 
07-05 21:55:39.359 16125 16125 I zygote  : Rejecting re-init on previously-failed class java.lang.Class<androidx.core.view.ViewCompat$2>: java.lang.NoClassDefFoundError: Failed resolution of: Landroid/view/View$OnUnhandledKeyEventListener;
07-05 21:55:39.359 16125 16125 I zygote  :   at void androidx.core.view.ViewCompat.setOnApplyWindowInsetsListener(android.view.View, androidx.core.view.OnApplyWindowInsetsListener) (ViewCompat.java:2421)
07-05 21:55:39.359 16125 16125 I zygote  :   at android.view.ViewGroup androidx.appcompat.app.AppCompatDelegateImpl.createSubDecor() (AppCompatDelegateImpl.java:779)
07-05 21:55:39.359 16125 16125 I zygote  :   at void androidx.appcompat.app.AppCompatDelegateImpl.ensureSubDecor() (AppCompatDelegateImpl.java:659)
07-05 21:55:39.359 16125 16125 I zygote  :   at void androidx.appcompat.app.AppCompatDelegateImpl.setContentView(int) (AppCompatDelegateImpl.java:552)
07-05 21:55:39.359 16125 16125 I zygote  :   at void androidx.appcompat.app.AppCompatActivity.setContentView(int) (AppCompatActivity.java:161)
07-05 21:55:39.359 16125 16125 I zygote  :   at void com.example.edgesum.page.main.MainActivity.onCreate(android.os.Bundle) (MainActivity.java:95)
07-05 21:55:39.359 16125 16125 I zygote  :   at void android.app.Activity.performCreate(android.os.Bundle, android.os.PersistableBundle) (Activity.java:7009)
07-05 21:55:39.359 16125 16125 I zygote  :   at void android.app.Activity.performCreate(android.os.Bundle) (Activity.java:7000)
07-05 21:55:39.359 16125 16125 I zygote  :   at void android.app.Instrumentation.callActivityOnCreate(android.app.Activity, android.os.Bundle) (Instrumentation.java:1214)
07-05 21:55:39.359 16125 16125 I zygote  :   at android.app.Activity android.app.ActivityThread.performLaunchActivity(android.app.ActivityThread$ActivityClientRecord, android.content.Intent) (ActivityThread.java:2731)
07-05 21:55:39.359 16125 16125 I zygote  :   at void android.app.ActivityThread.handleLaunchActivity(android.app.ActivityThread$ActivityClientRecord, android.content.Intent, java.lang.String) (ActivityThread.java:2856)
07-05 21:55:39.359 16125 16125 I zygote  :   at void android.app.ActivityThread.-wrap11(android.app.ActivityThread, android.app.ActivityThread$ActivityClientRecord, android.content.Intent, java.lang.String) (ActivityThread.java:-1)
07-05 21:55:39.359 16125 16125 I zygote  :   at void android.app.ActivityThread$H.handleMessage(android.os.Message) (ActivityThread.java:1589)
07-05 21:55:39.359 16125 16125 I zygote  :   at void android.os.Handler.dispatchMessage(android.os.Message) (Handler.java:106)
07-05 21:55:39.359 16125 16125 I zygote  :   at void android.os.Looper.loop() (Looper.java:164)
07-05 21:55:39.359 16125 16125 I zygote  :   at void android.app.ActivityThread.main(java.lang.String[]) (ActivityThread.java:6494)
07-05 21:55:39.359 16125 16125 I zygote  :   at java.lang.Object java.lang.reflect.Method.invoke(java.lang.Object, java.lang.Object[]) (Method.java:-2)
07-05 21:55:39.359 16125 16125 I zygote  :   at void com.android.internal.os.RuntimeInit$MethodAndArgsCaller.run() (RuntimeInit.java:438)
07-05 21:55:39.359 16125 16125 I zygote  :   at void com.android.internal.os.ZygoteInit.main(java.lang.String[]) (ZygoteInit.java:807)
07-05 21:55:39.359 16125 16125 I zygote  : Caused by: java.lang.ClassNotFoundException: Didn't find class "android.view.View$OnUnhandledKeyEventListener" on path: DexPathList[[zip file "/data/app/com.example.edgesum-YzI1NIeHkS8kN2Z2Ls5RAg==/base.apk"],nativeLibraryDirectories=[/data/app/com.example.edgesum-YzI1NIeHkS8kN2Z2Ls5RAg==/lib/arm, /data/app/com.example.edgesum-YzI1NIeHkS8kN2Z2Ls5RAg==/base.apk!/lib/armeabi-v7a, /system/lib, /system/vendor/lib]]
07-05 21:55:39.359 16125 16125 I zygote  :   at java.lang.Class dalvik.system.BaseDexClassLoader.findClass(java.lang.String) (BaseDexClassLoader.java:125)
07-05 21:55:39.359 16125 16125 I zygote  :   at java.lang.Class java.lang.ClassLoader.loadClass(java.lang.String, boolean) (ClassLoader.java:379)
07-05 21:55:39.359 16125 16125 I zygote  :   at java.lang.Class java.lang.ClassLoader.loadClass(java.lang.String) (ClassLoader.java:312)
07-05 21:55:39.359 16125 16125 I zygote  :   at void androidx.core.view.ViewCompat.setOnApplyWindowInsetsListener(android.view.View, androidx.core.view.OnApplyWindowInsetsListener) (ViewCompat.java:2421)
07-05 21:55:39.359 16125 16125 I zygote  :   at android.view.ViewGroup androidx.appcompat.app.AppCompatDelegateImpl.createSubDecor() (AppCompatDelegateImpl.java:779)
07-05 21:55:39.359 16125 16125 I zygote  :   at void androidx.appcompat.app.AppCompatDelegateImpl.ensureSubDecor() (AppCompatDelegateImpl.java:659)
07-05 21:55:39.359 16125 16125 I zygote  :   at void androidx.appcompat.app.AppCompatDelegateImpl.setContentView(int) (AppCompatDelegateImpl.java:552)
07-05 21:55:39.359 16125 16125 I zygote  :   at void androidx.appcompat.app.AppCompatActivity.setContentView(int) (AppCompatActivity.java:161)
07-05 21:55:39.359 16125 16125 I zygote  :   at void com.example.edgesum.page.main.MainActivity.onCreate(android.os.Bundle) (MainActivity.java:95)
07-05 21:55:39.359 16125 16125 I zygote  :   at void android.app.Activity.performCreate(android.os.Bundle, android.os.PersistableBundle) (Activity.java:7009)
07-05 21:55:39.359 16125 16125 I zygote  :   at void android.app.Activity.performCreate(android.os.Bundle) (Activity.java:7000)
07-05 21:55:39.359 16125 16125 I zygote  :   at void android.app.Instrumentation.callActivityOnCreate(android.app.Activity, android.os.Bundle) (Instrumentation.java:1214)
07-05 21:55:39.359 16125 16125 I zygote  :   at android.app.Activity android.app.ActivityThread.performLaunchActivity(android.app.ActivityThread$ActivityClientRecord, android.content.Intent) (ActivityThread.java:2731)
07-05 21:55:39.359 16125 16125 I zygote  :   at void android.app.ActivityThread.handleLaunchActivity(android.app.ActivityThread$ActivityClientRecord, android.content.Intent, java.lang.String) (ActivityThread.java:2856)
07-05 21:55:39.359 16125 16125 I zygote  :   at void android.app.ActivityThread.-wrap11(android.app.ActivityThread, android.app.ActivityThread$ActivityClientRecord, android.content.Intent, java.lang.String) (ActivityThread.java:-1)
07-05 21:55:39.359 16125 16125 I zygote  :   at void android.app.ActivityThread$H.handleMessage(android.os.Message) (ActivityThread.java:1589)
07-05 21:55:39.359 16125 16125 I zygote  :   at void android.os.Handler.dispatchMessage(android.os.Message) (Handler.java:106)
07-05 21:55:39.359 16125 16125 I zygote  :   at void android.os.Looper.loop() (Looper.java:164)
07-05 21:55:39.359 16125 16125 I zygote  :   at void android.app.ActivityThread.main(java.lang.String[]) (ActivityThread.java:6494)
07-05 21:55:39.359 16125 16125 I zygote  :   at java.lang.Object java.lang.reflect.Method.invoke(java.lang.Object, java.lang.Object[]) (Method.java:-2)
07-05 21:55:39.359 16125 16125 I zygote  :   at void com.android.internal.os.RuntimeInit$MethodAndArgsCaller.run() (RuntimeInit.java:438)
07-05 21:55:39.359 16125 16125 I zygote  :   at void com.android.internal.os.ZygoteInit.main(java.lang.String[]) (ZygoteInit.java:807)
07-05 21:55:39.359 16125 16125 I zygote  : 
07-05 21:55:39.609 16125 16125 V Repo    : /storage/emulated/0/Movies/raw
07-05 21:55:39.610 16125 16125 V Repo    : /storage/emulated/0/Movies/summarised
07-05 21:55:39.626 16125 16125 V FileManager: External storage is readable
07-05 21:55:39.628 16125 16125 V FileManager: Created new directory: /storage/emulated/0/Movies/raw
07-05 21:55:39.630 16125 16125 V FileManager: External storage is readable
07-05 21:55:39.631 16125 16125 V FileManager: Created new directory: /storage/emulated/0/Movies/summarised
07-05 21:55:39.640 16125 16125 V FileManager: External storage is readable
07-05 21:55:39.641 16125 16125 V FileManager: Created new directory: /storage/emulated/0/Download/nearby
07-05 21:55:39.644 16125 16125 V FileManager: External storage is readable
07-05 21:55:39.644 16125 16125 V FileManager: Created new directory: /storage/emulated/0/Movies/segment
07-05 21:55:39.647 16125 16125 V FileManager: External storage is readable
07-05 21:55:39.647 16125 16125 V FileManager: Created new directory: /storage/emulated/0/Movies/segment-sum
07-05 21:55:39.852 16125 16125 V VideoManager: getAllVideoFromExternalStorageFolder
07-05 21:55:39.857 16125 16125 D VideoManager: /storage/emulated/0/Movies/summarised
07-05 21:55:39.874 16125 16125 D VideoManager: 0 videos return
07-05 21:55:39.921 16125 16125 V VideoManager: getAllVideoFromExternalStorageFolder
07-05 21:55:39.925 16125 16125 D VideoManager: /storage/emulated/0/Movies/raw
07-05 21:55:39.929 16125 16130 I zygote  : Do partial code cache collection, code=10KB, data=19KB
07-05 21:55:39.931 16125 16125 D VideoManager: 0 videos return
07-05 21:55:39.933 16125 16130 I zygote  : After code cache collection, code=10KB, data=19KB
07-05 21:55:39.933 16125 16130 I zygote  : Increasing code cache capacity to 128KB
07-05 21:55:39.938 16125 16130 I zygote  : Do partial code cache collection, code=10KB, data=37KB
07-05 21:55:39.940 16125 16130 I zygote  : After code cache collection, code=10KB, data=37KB
07-05 21:55:39.940 16125 16130 I zygote  : Increasing code cache capacity to 256KB
07-05 21:55:39.941 16125 16130 I zygote  : Compiler allocated 4MB to compile void android.widget.TextView.<init>(android.content.Context, android.util.AttributeSet, int, int)
07-05 21:55:40.011 16125 16145 D OpenGLRenderer: HWUI GL Pipeline
07-05 21:55:40.020 16125 16125 I TransferService: Starting Transfer Service to listen for network connectivity changes.
07-05 21:55:40.021 16125 16125 I TransferService: Registering the network receiver
07-05 21:55:40.027 16125 16125 E TransferService: No notification is passed in the intent. Unable to transition to foreground.
07-05 21:55:40.086 16125 16138 D MainActivity: Scanned /storage/emulated/0/Movies/summarised
07-05 21:55:40.086 16125 16138 D MainActivity:   -> uri=content://media/external/file/1527
07-05 21:55:40.158 16125 16143 D MainActivity: Scanned /storage/emulated/0/Movies/raw
07-05 21:55:40.158 16125 16143 D MainActivity:   -> uri=content://media/external/file/1526
07-05 21:55:40.167 16125 16125 W StaticLayout: maxLineHeight should not be -1.  maxLines:1 lineCount:1
07-05 21:55:40.189 16125 16125 I chatty  : uid=10086(com.example.edgesum) identical 2 lines
07-05 21:55:40.198 16125 16125 W StaticLayout: maxLineHeight should not be -1.  maxLines:1 lineCount:1
07-05 21:55:40.228 16125 16145 I Adreno-EGL: <qeglDrvAPI_eglInitialize:379>: QUALCOMM Build: 06/17/16, f19e6a9, I9e7a63e7c4
07-05 21:55:40.233 16125 16145 I zygote  : android::hardware::configstore::V1_0::ISurfaceFlingerConfigs::hasWideColorDisplay retrieved: 0
07-05 21:55:40.233 16125 16145 I OpenGLRenderer: Initialized EGL, version 1.4
07-05 21:55:40.233 16125 16145 D OpenGLRenderer: Swap behavior 1
07-05 21:55:40.241 16125 16145 W Adreno-EGL: <qeglDrvAPI_eglGetConfigAttrib:607>: EGL_BAD_ATTRIBUTE
07-05 21:55:40.244 16125 16145 W Adreno-EGL: <qeglDrvAPI_eglGetConfigAttrib:607>: EGL_BAD_ATTRIBUTE
07-05 21:55:40.245 16125 16145 D vndksupport: Loading /vendor/lib/hw/gralloc.msm8974.so from current namespace instead of sphal namespace.
07-05 21:55:40.248 16125 16125 W StaticLayout: maxLineHeight should not be -1.  maxLines:1 lineCount:1
07-05 21:55:40.259 16125 16125 W StaticLayout: maxLineHeight should not be -1.  maxLines:1 lineCount:1
07-05 21:55:40.274 16125 16125 I TransferNetworkLossHand: Network connectivity changed detected.
07-05 21:55:40.276 16125 16125 I TransferNetworkLossHand: Network connected: false
07-05 21:55:40.432 16125 16145 D vndksupport: Loading /vendor/lib/hw/android.hardware.graphics.mapper@2.0-impl.so from current namespace instead of sphal namespace.
07-05 21:55:40.434 16125 16145 D vndksupport: Loading /vendor/lib/hw/gralloc.msm8974.so from current namespace instead of sphal namespace.
07-05 21:55:46.528 16125 16125 V MainActivity: Connect button clicked
07-05 21:55:50.440 16125 16125 V ConnectionFragment: Discovery switch checked
07-05 21:55:52.247 16125 16125 D NearbyFragment: Started discovering
07-05 21:55:54.690 16125 16125 D NearbyFragment: Found endpoint vMbk: Galaxy S8 [2802]
07-05 21:56:02.685 16125 16130 I zygote  : Do full code cache collection, code=126KB, data=86KB
07-05 21:56:02.688 16125 16130 I zygote  : After code cache collection, code=123KB, data=62KB
07-05 21:56:02.706 16125 16125 D NearbyFragment: Selected 'Endpoint{id=vMbk, name=Galaxy S8 [2802]}'
07-05 21:56:02.737 16125 16145 W Adreno-EGL: <qeglDrvAPI_eglGetConfigAttrib:607>: EGL_BAD_ATTRIBUTE
07-05 21:56:02.739 16125 16145 D vndksupport: Loading /vendor/lib/hw/gralloc.msm8974.so from current namespace instead of sphal namespace.
07-05 21:56:07.277 16125 16125 D NearbyFragment: Initiated connection with vMbk: Galaxy S8 [2802]
07-05 21:56:07.392 16125 16130 I zygote  : Do partial code cache collection, code=125KB, data=69KB
07-05 21:56:07.394 16125 16130 I zygote  : After code cache collection, code=125KB, data=69KB
07-05 21:56:07.395 16125 16130 I zygote  : Increasing code cache capacity to 512KB
07-05 21:56:07.410 16125 16125 D NearbyFragment: Requested connection with Endpoint{id=vMbk, name=Galaxy S8 [2802]}
07-05 21:56:07.482 16125 16145 W Adreno-EGL: <qeglDrvAPI_eglGetConfigAttrib:607>: EGL_BAD_ATTRIBUTE
07-05 21:56:07.484 16125 16145 D vndksupport: Loading /vendor/lib/hw/gralloc.msm8974.so from current namespace instead of sphal namespace.
07-05 21:56:09.250 16125 16125 I NearbyFragment: Connected to Endpoint{id=vMbk, name=Galaxy S8 [2802]}
07-05 21:56:09.964 16125 16125 V ConnectionFragment: Discovery switch unchecked
07-05 21:56:09.964 16125 16125 D NearbyFragment: Stopped discovering
07-05 21:56:14.948 16125 16125 I TransferNetworkLossHand: Network connectivity changed detected.
07-05 21:56:14.950 16125 16125 I TransferNetworkLossHand: Network connected: true
07-05 21:56:53.578 16125 16125 D NearbyFragment: onPayloadReceived(endpointId=vMbk, payload=com.google.android.gms.nearby.connection.Payload@3ed32b5)
07-05 21:56:53.582 16125 16125 V NearbyFragment: Started downloading SUMMARISE_SEGMENT:-9109270810970874935:20200312_150643!001.mp4:45.0_1.0_23_medium from Endpoint{id=vMbk, name=Galaxy S8 [2802]}
07-05 21:56:53.675 16125 16125 D NearbyFragment: onPayloadReceived(endpointId=vMbk, payload=com.google.android.gms.nearby.connection.Payload@156edd8)
07-05 21:56:53.682 16125 16125 V NearbyFragment: Transfer to Endpoint{id=vMbk, name=Galaxy S8 [2802]} complete
07-05 21:56:59.600 16125 16125 V NearbyFragment: Transfer to Endpoint{id=vMbk, name=Galaxy S8 [2802]} complete
07-05 21:56:59.605 16125 16125 W NearbyFragment: Completed downloading 20200312_150643!001.mp4 from Endpoint{id=vMbk, name=Galaxy S8 [2802]} in 06.011s
07-05 21:56:59.610 16125 16125 V FileManager: External storage is readable
07-05 21:56:59.611 16125 16125 V FileManager: Created new directory: /storage/emulated/0/Movies/segment-sum/20200312_150643
07-05 21:56:59.612 16125 16125 D NearbyFragment: Summarising 20200312_150643!001.mp4
07-05 21:56:59.613 16125 16125 V VideoManager: Retrieving video from /storage/emulated/0/Download/Nearby/20200312_150643!001.mp4
07-05 21:56:59.620 16125 16125 V VideoManager: videoFromCursor
07-05 21:56:59.623 16125 16125 V ProcessingVideosEventHandler: onAdd
07-05 21:56:59.623 16125 16125 V RawFootageEventHandler: onRemove
07-05 21:56:59.633 16125 16125 V NearbyFragment: Transfer to Endpoint{id=vMbk, name=Galaxy S8 [2802]} complete
07-05 21:56:59.640 16125 16503 V SummariserIntentService: onHandleIntent
07-05 21:56:59.641 16125 16503 D SummariserIntentService: Video{id='1584', data='/storage/emulated/0/Download/Nearby/20200312_150643!001.mp4', name='20200312_150643!001.mp4', size=16853523, visible=true, mimeType='video/mp4'}
07-05 21:56:59.641 16125 16503 D SummariserIntentService: /storage/emulated/0/Movies/segment-sum/20200312_150643/20200312_150643!001.mp4
07-05 21:56:59.643 16125 16503 I mobile-ffmpeg: Loading mobile-ffmpeg.
07-05 21:56:59.687 16125 16503 I mobile-ffmpeg: Loaded mobile-ffmpeg-full-gpl-arm-v7a-neon-4.3.2-20200415.
07-05 21:56:59.692 16125 16504 D mobile-ffmpeg: Callback thread started.
07-05 21:56:59.704 16125 16503 I FfmpegTools: Running ffmpeg with:
07-05 21:56:59.704 16125 16503 I FfmpegTools:   -y -i /storage/emulated/0/Download/Nearby/20200312_150643!001.mp4 -vf freezedetect=n=-45.000000dB:d=1.000000,metadata=mode=print:file=/storage/emulated/0/Movies/raw/20200312_150643!001.txt -f null -
07-05 21:56:59.822 16125 16504 W mobile-ffmpeg: [graph 0 input from stream 0:0 @ 0x923bcda0] sws_param option is deprecated and ignored
07-05 21:57:05.650 16125 16503 W Summariser: No activity detected
07-05 21:57:05.653 16125 16503 V FfmpegTools: Retrieving duration of /storage/emulated/0/Download/Nearby/20200312_150643!001.mp4
07-05 21:57:05.747 16125 16503 W Summariser: Summarisation completed
07-05 21:57:05.747 16125 16503 W Summariser:   filename: 20200312_150643!001.mp4
07-05 21:57:05.747 16125 16503 W Summariser:   active sections: 0
07-05 21:57:05.747 16125 16503 W Summariser:   time: 06.009s
07-05 21:57:05.747 16125 16503 W Summariser:   original duration: 16.01
07-05 21:57:05.747 16125 16503 W Summariser:   summarised duration: -1.00
07-05 21:57:05.747 16125 16503 W Summariser:   noise tolerance: 45.00
07-05 21:57:05.747 16125 16503 W Summariser:   quality: 23
07-05 21:57:05.747 16125 16503 W Summariser:   speed: medium
07-05 21:57:05.747 16125 16503 W Summariser:   freeze duration: 1.00
07-05 21:57:05.749 16125 16503 V ProcessingVideosEventHandler: onRemove
07-05 21:57:05.781 16125 16125 V NearbyFragment: Transfer to Endpoint{id=vMbk, name=Galaxy S8 [2802]} complete
07-05 21:57:05.816 16125 16138 D SummariserIntentService: Scanned /storage/emulated/0/Movies/summarised
07-05 21:57:05.816 16125 16138 D SummariserIntentService:   -> uri=content://media/external/file/1527
07-05 21:57:14.437 16125 16125 D NearbyFragment: onPayloadReceived(endpointId=vMbk, payload=com.google.android.gms.nearby.connection.Payload@1852ab)
07-05 21:57:14.438 16125 16125 V NearbyFragment: Started downloading SUMMARISE_SEGMENT:-7482730853346864618:20200312_150744!000.mp4:45.0_1.0_23_medium from Endpoint{id=vMbk, name=Galaxy S8 [2802]}
07-05 21:57:14.473 16125 16125 V NearbyFragment: Transfer to Endpoint{id=vMbk, name=Galaxy S8 [2802]} complete
07-05 21:57:14.515 16125 16125 D NearbyFragment: onPayloadReceived(endpointId=vMbk, payload=com.google.android.gms.nearby.connection.Payload@ecd7d08)
07-05 21:57:20.762 16125 16125 V NearbyFragment: Transfer to Endpoint{id=vMbk, name=Galaxy S8 [2802]} complete
07-05 21:57:20.764 16125 16125 W NearbyFragment: Completed downloading 20200312_150744!000.mp4 from Endpoint{id=vMbk, name=Galaxy S8 [2802]} in 06.324s
07-05 21:57:20.770 16125 16125 V FileManager: External storage is readable
07-05 21:57:20.771 16125 16125 V FileManager: Created new directory: /storage/emulated/0/Movies/segment-sum/20200312_150744
07-05 21:57:20.772 16125 16125 D NearbyFragment: Summarising 20200312_150744!000.mp4
07-05 21:57:20.772 16125 16125 V VideoManager: Retrieving video from /storage/emulated/0/Download/Nearby/20200312_150744!000.mp4
07-05 21:57:20.782 16125 16125 D VideoManager: videoCursor is null
07-05 21:57:20.807 16125 16125 V VideoManager: videoFromCursor
07-05 21:57:20.808 16125 16125 V ProcessingVideosEventHandler: onAdd
07-05 21:57:20.809 16125 16125 V RawFootageEventHandler: onRemove
07-05 21:57:20.822 16125 16125 V NearbyFragment: Transfer to Endpoint{id=vMbk, name=Galaxy S8 [2802]} complete
07-05 21:57:20.828 16125 16560 V SummariserIntentService: onHandleIntent
07-05 21:57:20.829 16125 16560 D SummariserIntentService: Video{id='1621', data='/storage/emulated/0/Download/Nearby/20200312_150744!000.mp4', name='20200312_150744!000.mp4', size=16882390, visible=true, mimeType='video/mp4'}
07-05 21:57:20.829 16125 16560 D SummariserIntentService: /storage/emulated/0/Movies/segment-sum/20200312_150744/20200312_150744!000.mp4
07-05 21:57:20.833 16125 16560 I FfmpegTools: Running ffmpeg with:
07-05 21:57:20.833 16125 16560 I FfmpegTools:   -y -i /storage/emulated/0/Download/Nearby/20200312_150744!000.mp4 -vf freezedetect=n=-45.000000dB:d=1.000000,metadata=mode=print:file=/storage/emulated/0/Movies/raw/20200312_150744!000.txt -f null -
07-05 21:57:20.944 16125 16504 W mobile-ffmpeg: [graph 0 input from stream 0:0 @ 0x8dafe0e0] sws_param option is deprecated and ignored
07-05 21:57:25.885 16125 16125 D NearbyFragment: onPayloadReceived(endpointId=vMbk, payload=com.google.android.gms.nearby.connection.Payload@9d3a1dd)
07-05 21:57:25.886 16125 16125 V NearbyFragment: Started downloading SUMMARISE_SEGMENT:-7531699858220412069:20200312_150744!003.mp4:45.0_1.0_23_medium from Endpoint{id=vMbk, name=Galaxy S8 [2802]}
07-05 21:57:25.982 16125 16125 V NearbyFragment: Transfer to Endpoint{id=vMbk, name=Galaxy S8 [2802]} complete
07-05 21:57:26.748 16125 16560 W Summariser: No activity detected
07-05 21:57:26.751 16125 16560 V FfmpegTools: Retrieving duration of /storage/emulated/0/Download/Nearby/20200312_150744!000.mp4
07-05 21:57:26.816 16125 16560 W Summariser: Summarisation completed
07-05 21:57:26.816 16125 16560 W Summariser:   filename: 20200312_150744!000.mp4
07-05 21:57:26.816 16125 16560 W Summariser:   active sections: 0
07-05 21:57:26.816 16125 16560 W Summariser:   time: 05.920s
07-05 21:57:26.816 16125 16560 W Summariser:   original duration: 16.07
07-05 21:57:26.816 16125 16560 W Summariser:   summarised duration: -1.00
07-05 21:57:26.816 16125 16560 W Summariser:   noise tolerance: 45.00
07-05 21:57:26.816 16125 16560 W Summariser:   quality: 23
07-05 21:57:26.816 16125 16560 W Summariser:   speed: medium
07-05 21:57:26.816 16125 16560 W Summariser:   freeze duration: 1.00
07-05 21:57:26.818 16125 16560 V ProcessingVideosEventHandler: onRemove
07-05 21:57:26.847 16125 16125 V NearbyFragment: Transfer to Endpoint{id=vMbk, name=Galaxy S8 [2802]} complete
07-05 21:57:26.866 16125 16138 D SummariserIntentService: Scanned /storage/emulated/0/Movies/summarised
07-05 21:57:26.866 16125 16138 D SummariserIntentService:   -> uri=content://media/external/file/1527
07-05 21:57:32.272 16125 16125 D NearbyFragment: onPayloadReceived(endpointId=vMbk, payload=com.google.android.gms.nearby.connection.Payload@59b509e)
07-05 21:57:35.389 16125 16125 V NearbyFragment: Transfer to Endpoint{id=vMbk, name=Galaxy S8 [2802]} complete
07-05 21:57:35.391 16125 16125 W NearbyFragment: Completed downloading 20200312_150744!003.mp4 from Endpoint{id=vMbk, name=Galaxy S8 [2802]} in 09.503s
07-05 21:57:35.396 16125 16125 V FileManager: External storage is readable
07-05 21:57:35.397 16125 16125 V FileManager: Directory already exists: /storage/emulated/0/Movies/segment-sum/20200312_150744
07-05 21:57:35.398 16125 16125 D NearbyFragment: Summarising 20200312_150744!003.mp4
07-05 21:57:35.398 16125 16125 V VideoManager: Retrieving video from /storage/emulated/0/Download/Nearby/20200312_150744!003.mp4
07-05 21:57:35.405 16125 16125 D VideoManager: videoCursor is null
07-05 21:57:35.431 16125 16125 V VideoManager: videoFromCursor
07-05 21:57:35.433 16125 16125 V ProcessingVideosEventHandler: onAdd
07-05 21:57:35.433 16125 16125 V RawFootageEventHandler: onRemove
07-05 21:57:35.437 16125 16125 V NearbyFragment: Transfer to Endpoint{id=vMbk, name=Galaxy S8 [2802]} complete
07-05 21:57:35.443 16125 16600 V SummariserIntentService: onHandleIntent
07-05 21:57:35.444 16125 16600 D SummariserIntentService: Video{id='1622', data='/storage/emulated/0/Download/Nearby/20200312_150744!003.mp4', name='20200312_150744!003.mp4', size=12638441, visible=true, mimeType='video/mp4'}
07-05 21:57:35.444 16125 16600 D SummariserIntentService: /storage/emulated/0/Movies/segment-sum/20200312_150744/20200312_150744!003.mp4
07-05 21:57:35.448 16125 16600 I FfmpegTools: Running ffmpeg with:
07-05 21:57:35.448 16125 16600 I FfmpegTools:   -y -i /storage/emulated/0/Download/Nearby/20200312_150744!003.mp4 -vf freezedetect=n=-45.000000dB:d=1.000000,metadata=mode=print:file=/storage/emulated/0/Movies/raw/20200312_150744!003.txt -f null -
07-05 21:57:35.561 16125 16504 W mobile-ffmpeg: [graph 0 input from stream 0:0 @ 0x8def0420] sws_param option is deprecated and ignored
07-05 21:57:39.947 16125 16600 V FfmpegTools: Retrieving duration of /storage/emulated/0/Download/Nearby/20200312_150744!003.mp4
07-05 21:57:40.009 16125 16600 W Summariser: 1 active sections found
07-05 21:57:40.009 16125 16600 I FfmpegTools: Running ffmpeg with:
07-05 21:57:40.009 16125 16600 I FfmpegTools:   -y -i /storage/emulated/0/Download/Nearby/20200312_150744!003.mp4 -filter_complex [0:v]trim=7.206000:12.030000,setpts=PTS-STARTPTS[v0];[0:a]atrim=7.206000:12.030000,asetpts=PTS-STARTPTS[a0];[v0][a0]concat=n=1:v=1:a=1[outv][outa] -map [outv] -map [outa] -crf 23 -preset medium /storage/emulated/0/Movies/segment-sum/20200312_150744/20200312_150744!003.mp4
07-05 21:57:40.130 16125 16504 W mobile-ffmpeg: [graph 0 input from stream 0:0 @ 0x8def2820] sws_param option is deprecated and ignored
07-05 21:57:52.221 16125 16125 D NearbyFragment: onPayloadReceived(endpointId=vMbk, payload=com.google.android.gms.nearby.connection.Payload@fb73c9b)
07-05 21:57:52.222 16125 16125 V NearbyFragment: Started downloading SUMMARISE_SEGMENT:-6294849160586459587:20200312_150844!002.mp4:45.0_1.0_23_medium from Endpoint{id=vMbk, name=Galaxy S8 [2802]}
07-05 21:57:52.227 16125 16125 V NearbyFragment: Transfer to Endpoint{id=vMbk, name=Galaxy S8 [2802]} complete
07-05 21:57:52.266 16125 16125 D NearbyFragment: onPayloadReceived(endpointId=vMbk, payload=com.google.android.gms.nearby.connection.Payload@5e3838)
07-05 21:57:55.147 16125 16600 V FfmpegTools: Retrieving duration of /storage/emulated/0/Download/Nearby/20200312_150744!003.mp4
07-05 21:57:55.208 16125 16600 V FfmpegTools: Retrieving duration of /storage/emulated/0/Movies/segment-sum/20200312_150744/20200312_150744!003.mp4
07-05 21:57:55.265 16125 16600 W Summariser: Summarisation completed
07-05 21:57:55.265 16125 16600 W Summariser:   filename: 20200312_150744!003.mp4
07-05 21:57:55.265 16125 16600 W Summariser:   active sections: 1
07-05 21:57:55.265 16125 16600 W Summariser:   time: 19.701s
07-05 21:57:55.265 16125 16600 W Summariser:   original duration: 12.03
07-05 21:57:55.265 16125 16600 W Summariser:   summarised duration: 4.89
07-05 21:57:55.265 16125 16600 W Summariser:   noise tolerance: 45.00
07-05 21:57:55.265 16125 16600 W Summariser:   quality: 23
07-05 21:57:55.265 16125 16600 W Summariser:   speed: medium
07-05 21:57:55.265 16125 16600 W Summariser:   freeze duration: 1.00
07-05 21:57:55.265 16125 16600 V VideoManager: Retrieving video from /storage/emulated/0/Movies/segment-sum/20200312_150744/20200312_150744!003.mp4
07-05 21:57:55.270 16125 16600 D VideoManager: videoCursor is null
07-05 21:57:55.305 16125 16600 V VideoManager: videoFromCursor
07-05 21:57:55.308 16125 16600 W NearbyFragment: Sending 20200312_150744!003.mp4 to Galaxy S8 [2802]
07-05 21:57:55.312 16125 16600 V ProcessingVideosEventHandler: onRemove
07-05 21:57:55.331 16125 16125 V NearbyFragment: Transfer to Endpoint{id=vMbk, name=Galaxy S8 [2802]} complete
07-05 21:57:55.348 16125 16137 D SummariserIntentService: Scanned /storage/emulated/0/Movies/summarised
07-05 21:57:55.348 16125 16137 D SummariserIntentService:   -> uri=content://media/external/file/1527
07-05 21:57:57.185 16125 16125 V NearbyFragment: Transfer to Endpoint{id=vMbk, name=Galaxy S8 [2802]} complete
07-05 21:57:57.186 16125 16125 W NearbyFragment: Completed downloading 20200312_150844!002.mp4 from Endpoint{id=vMbk, name=Galaxy S8 [2802]} in 04.962s
07-05 21:57:57.194 16125 16125 V FileManager: External storage is readable
07-05 21:57:57.195 16125 16125 V FileManager: Created new directory: /storage/emulated/0/Movies/segment-sum/20200312_150844
07-05 21:57:57.196 16125 16125 D NearbyFragment: Summarising 20200312_150844!002.mp4
07-05 21:57:57.197 16125 16125 V VideoManager: Retrieving video from /storage/emulated/0/Download/Nearby/20200312_150844!002.mp4
07-05 21:57:57.203 16125 16125 V VideoManager: videoFromCursor
07-05 21:57:57.205 16125 16125 V ProcessingVideosEventHandler: onAdd
07-05 21:57:57.206 16125 16125 V RawFootageEventHandler: onRemove
07-05 21:57:57.220 16125 16679 V SummariserIntentService: onHandleIntent
07-05 21:57:57.223 16125 16679 D SummariserIntentService: Video{id='1590', data='/storage/emulated/0/Download/Nearby/20200312_150844!002.mp4', name='20200312_150844!002.mp4', size=16805379, visible=true, mimeType='video/mp4'}
07-05 21:57:57.223 16125 16679 D SummariserIntentService: /storage/emulated/0/Movies/segment-sum/20200312_150844/20200312_150844!002.mp4
07-05 21:57:57.226 16125 16679 I FfmpegTools: Running ffmpeg with:
07-05 21:57:57.226 16125 16679 I FfmpegTools:   -y -i /storage/emulated/0/Download/Nearby/20200312_150844!002.mp4 -vf freezedetect=n=-45.000000dB:d=1.000000,metadata=mode=print:file=/storage/emulated/0/Movies/raw/20200312_150844!002.txt -f null -
07-05 21:57:57.238 16125 16125 V NearbyFragment: Transfer to Endpoint{id=vMbk, name=Galaxy S8 [2802]} complete
07-05 21:57:57.371 16125 16504 W mobile-ffmpeg: [graph 0 input from stream 0:0 @ 0x8def2880] sws_param option is deprecated and ignored
07-05 21:57:57.429 16125 16125 V NearbyFragment: Transfer to Endpoint{id=vMbk, name=Galaxy S8 [2802]} complete
07-05 21:58:02.413 16125 16679 D Summariser: No freeze file
07-05 21:58:02.414 16125 16679 W Summariser: Whole video is active
07-05 21:58:03.699 16125 16679 V FfmpegTools: Retrieving duration of /storage/emulated/0/Download/Nearby/20200312_150844!002.mp4
07-05 21:58:03.785 16125 16679 V FfmpegTools: Retrieving duration of /storage/emulated/0/Movies/segment-sum/20200312_150844/20200312_150844!002.mp4
07-05 21:58:03.866 16125 16679 W Summariser: Summarisation completed
07-05 21:58:03.866 16125 16679 W Summariser:   filename: 20200312_150844!002.mp4
07-05 21:58:03.866 16125 16679 W Summariser:   active sections: -1
07-05 21:58:03.866 16125 16679 W Summariser:   time: 06.475s
07-05 21:58:03.866 16125 16679 W Summariser:   original duration: 16.01
07-05 21:58:03.866 16125 16679 W Summariser:   summarised duration: 16.01
07-05 21:58:03.866 16125 16679 W Summariser:   noise tolerance: 45.00
07-05 21:58:03.866 16125 16679 W Summariser:   quality: 23
07-05 21:58:03.866 16125 16679 W Summariser:   speed: medium
07-05 21:58:03.866 16125 16679 W Summariser:   freeze duration: 1.00
07-05 21:58:03.866 16125 16679 V VideoManager: Retrieving video from /storage/emulated/0/Movies/segment-sum/20200312_150844/20200312_150844!002.mp4
07-05 21:58:03.870 16125 16679 V VideoManager: videoFromCursor
07-05 21:58:03.873 16125 16679 W NearbyFragment: Sending 20200312_150844!002.mp4 to Galaxy S8 [2802]
07-05 21:58:03.876 16125 16679 V ProcessingVideosEventHandler: onRemove
07-05 21:58:03.900 16125 16125 V NearbyFragment: Transfer to Endpoint{id=vMbk, name=Galaxy S8 [2802]} complete
07-05 21:58:03.938 16125 16138 D SummariserIntentService: Scanned /storage/emulated/0/Movies/summarised
07-05 21:58:03.938 16125 16138 D SummariserIntentService:   -> uri=content://media/external/file/1527
07-05 21:58:19.164 16125 16125 V NearbyFragment: Transfer to Endpoint{id=vMbk, name=Galaxy S8 [2802]} complete
07-05 21:58:33.724 16125 16125 D NearbyFragment: onPayloadReceived(endpointId=vMbk, payload=com.google.android.gms.nearby.connection.Payload@a9c828b)
07-05 21:58:33.725 16125 16125 V NearbyFragment: Started downloading SUMMARISE_SEGMENT:-5360145997357920483:20200312_150944!001.mp4:45.0_1.0_23_medium from Endpoint{id=vMbk, name=Galaxy S8 [2802]}
07-05 21:58:33.733 16125 16125 V NearbyFragment: Transfer to Endpoint{id=vMbk, name=Galaxy S8 [2802]} complete
07-05 21:58:33.793 16125 16125 D NearbyFragment: onPayloadReceived(endpointId=vMbk, payload=com.google.android.gms.nearby.connection.Payload@6ec1f68)
07-05 21:58:39.344 16125 16125 V NearbyFragment: Transfer to Endpoint{id=vMbk, name=Galaxy S8 [2802]} complete
07-05 21:58:39.345 16125 16125 W NearbyFragment: Completed downloading 20200312_150944!001.mp4 from Endpoint{id=vMbk, name=Galaxy S8 [2802]} in 05.618s
07-05 21:58:39.350 16125 16125 V FileManager: External storage is readable
07-05 21:58:39.351 16125 16125 V FileManager: Created new directory: /storage/emulated/0/Movies/segment-sum/20200312_150944
07-05 21:58:39.351 16125 16125 D NearbyFragment: Summarising 20200312_150944!001.mp4
07-05 21:58:39.352 16125 16125 V VideoManager: Retrieving video from /storage/emulated/0/Download/Nearby/20200312_150944!001.mp4
07-05 21:58:39.357 16125 16125 V VideoManager: videoFromCursor
07-05 21:58:39.359 16125 16125 V ProcessingVideosEventHandler: onAdd
07-05 21:58:39.359 16125 16125 V RawFootageEventHandler: onRemove
07-05 21:58:39.367 16125 16789 V SummariserIntentService: onHandleIntent
07-05 21:58:39.368 16125 16789 D SummariserIntentService: Video{id='1592', data='/storage/emulated/0/Download/Nearby/20200312_150944!001.mp4', name='20200312_150944!001.mp4', size=16812180, visible=true, mimeType='video/mp4'}
07-05 21:58:39.368 16125 16789 D SummariserIntentService: /storage/emulated/0/Movies/segment-sum/20200312_150944/20200312_150944!001.mp4
07-05 21:58:39.371 16125 16789 I FfmpegTools: Running ffmpeg with:
07-05 21:58:39.371 16125 16789 I FfmpegTools:   -y -i /storage/emulated/0/Download/Nearby/20200312_150944!001.mp4 -vf freezedetect=n=-45.000000dB:d=1.000000,metadata=mode=print:file=/storage/emulated/0/Movies/raw/20200312_150944!001.txt -f null -
07-05 21:58:39.376 16125 16125 V NearbyFragment: Transfer to Endpoint{id=vMbk, name=Galaxy S8 [2802]} complete
07-05 21:58:39.495 16125 16504 W mobile-ffmpeg: [graph 0 input from stream 0:0 @ 0x8def2880] sws_param option is deprecated and ignored
07-05 21:58:44.040 16125 16125 D NearbyFragment: onPayloadReceived(endpointId=vMbk, payload=com.google.android.gms.nearby.connection.Payload@52b52bd)
07-05 21:58:44.041 16125 16125 V NearbyFragment: Started downloading SUMMARISE_SEGMENT:-7835920068372314852:20200312_150944!003.mp4:45.0_1.0_23_medium from Endpoint{id=vMbk, name=Galaxy S8 [2802]}
07-05 21:58:44.061 16125 16125 V NearbyFragment: Transfer to Endpoint{id=vMbk, name=Galaxy S8 [2802]} complete
07-05 21:58:44.077 16125 16125 D NearbyFragment: onPayloadReceived(endpointId=vMbk, payload=com.google.android.gms.nearby.connection.Payload@1d600b2)
07-05 21:58:45.513 16125 16789 W Summariser: No activity detected
07-05 21:58:45.514 16125 16789 V FfmpegTools: Retrieving duration of /storage/emulated/0/Download/Nearby/20200312_150944!001.mp4
07-05 21:58:45.595 16125 16789 W Summariser: Summarisation completed
07-05 21:58:45.595 16125 16789 W Summariser:   filename: 20200312_150944!001.mp4
07-05 21:58:45.595 16125 16789 W Summariser:   active sections: 0
