07-05 22:04:51.970 16125 16125 D NearbyFragment: onPayloadReceived(endpointId=vMbk, payload=com.google.android.gms.nearby.connection.Payload@891f3aa)
07-05 22:04:51.970 16125 16125 V NearbyFragment: Started downloading SUMMARISE_SEGMENT:-5709023488090581445:20200312_195230!000.mp4:45.0_1.0_23_medium from Endpoint{id=vMbk, name=Galaxy S8 [2802]}
07-05 22:04:51.980 16125 16125 V NearbyFragment: Transfer to Endpoint{id=vMbk, name=Galaxy S8 [2802]} complete
07-05 22:04:52.030 16125 16125 D NearbyFragment: onPayloadReceived(endpointId=vMbk, payload=com.google.android.gms.nearby.connection.Payload@ddebb9b)
07-05 22:04:58.631 16125 16125 V NearbyFragment: Transfer to Endpoint{id=vMbk, name=Galaxy S8 [2802]} complete
07-05 22:04:58.632 16125 16125 W NearbyFragment: Completed downloading 20200312_195230!000.mp4 from Endpoint{id=vMbk, name=Galaxy S8 [2802]} in 06.661s
07-05 22:04:58.643 16125 16125 V FileManager: External storage is readable
07-05 22:04:58.645 16125 16125 V FileManager: Created new directory: /storage/emulated/0/Movies/segment-sum/20200312_195230
07-05 22:04:58.645 16125 16125 D NearbyFragment: Summarising 20200312_195230!000.mp4
07-05 22:04:58.645 16125 16125 V VideoManager: Retrieving video from /storage/emulated/0/Download/Nearby/20200312_195230!000.mp4
07-05 22:04:58.657 16125 16125 D VideoManager: videoCursor is null
07-05 22:04:58.691 16125 16125 V VideoManager: videoFromCursor
07-05 22:04:58.693 16125 16125 V ProcessingVideosEventHandler: onAdd
07-05 22:04:58.694 16125 16125 V RawFootageEventHandler: onRemove
07-05 22:04:58.702 16125 16125 V NearbyFragment: Transfer to Endpoint{id=vMbk, name=Galaxy S8 [2802]} complete
07-05 22:04:59.859 16125 18078 V FfmpegTools: Retrieving duration of /storage/emulated/0/Download/Nearby/20200312_194830!002.mp4
07-05 22:04:59.992 16125 18078 V FfmpegTools: Retrieving duration of /storage/emulated/0/Movies/segment-sum/20200312_194830/20200312_194830!002.mp4
07-05 22:05:00.088 16125 18078 W Summariser: Summarisation completed
07-05 22:05:00.088 16125 18078 W Summariser:   filename: 20200312_194830!002.mp4
07-05 22:05:00.088 16125 18078 W Summariser:   active sections: 2
07-05 22:05:00.088 16125 18078 W Summariser:   time: 46.809s
07-05 22:05:00.088 16125 18078 W Summariser:   original duration: 16.01
07-05 22:05:00.088 16125 18078 W Summariser:   summarised duration: 8.84
07-05 22:05:00.088 16125 18078 W Summariser:   noise tolerance: 45.00
07-05 22:05:00.088 16125 18078 W Summariser:   quality: 23
07-05 22:05:00.088 16125 18078 W Summariser:   speed: medium
07-05 22:05:00.088 16125 18078 W Summariser:   freeze duration: 1.00
07-05 22:05:00.089 16125 18078 V VideoManager: Retrieving video from /storage/emulated/0/Movies/segment-sum/20200312_194830/20200312_194830!002.mp4
07-05 22:05:00.096 16125 18078 D VideoManager: videoCursor is null
07-05 22:05:00.153 16125 18078 V VideoManager: videoFromCursor
07-05 22:05:00.157 16125 18078 W NearbyFragment: Sending 20200312_194830!002.mp4 to Galaxy S8 [2802]
07-05 22:05:00.162 16125 18078 V ProcessingVideosEventHandler: onRemove
07-05 22:05:00.171 16125 18078 V SummariserIntentService: onHandleIntent
07-05 22:05:00.172 16125 18078 D SummariserIntentService: Video{id='1650', data='/storage/emulated/0/Download/Nearby/20200312_194930!000.mp4', name='20200312_194930!000.mp4', size=16923489, visible=true, mimeType='video/mp4'}
07-05 22:05:00.172 16125 18078 D SummariserIntentService: /storage/emulated/0/Movies/segment-sum/20200312_194930/20200312_194930!000.mp4
07-05 22:05:00.176 16125 18078 I FfmpegTools: Running ffmpeg with:
07-05 22:05:00.176 16125 18078 I FfmpegTools:   -y -i /storage/emulated/0/Download/Nearby/20200312_194930!000.mp4 -vf freezedetect=n=-45.000000dB:d=1.000000,metadata=mode=print:file=/storage/emulated/0/Movies/raw/20200312_194930!000.txt -f null -
07-05 22:05:00.189 16125 16125 V NearbyFragment: Transfer to Endpoint{id=vMbk, name=Galaxy S8 [2802]} complete
07-05 22:05:00.221 16125 17168 D SummariserIntentService: Scanned /storage/emulated/0/Movies/summarised
07-05 22:05:00.221 16125 17168 D SummariserIntentService:   -> uri=content://media/external/file/1527
07-05 22:05:00.292 16125 16125 D NearbyFragment: onPayloadReceived(endpointId=vMbk, payload=com.google.android.gms.nearby.connection.Payload@60f0313)
07-05 22:05:00.293 16125 16125 V NearbyFragment: Started downloading SUMMARISE_SEGMENT:-8097848123605641312:20200312_195230!002.mp4:45.0_1.0_23_medium from Endpoint{id=vMbk, name=Galaxy S8 [2802]}
07-05 22:05:00.356 16125 16504 W mobile-ffmpeg: [graph 0 input from stream 0:0 @ 0x8dbfd0e0] sws_param option is deprecated and ignored
07-05 22:05:00.365 16125 16125 V NearbyFragment: Transfer to Endpoint{id=vMbk, name=Galaxy S8 [2802]} complete
07-05 22:05:07.491 16125 16125 D NearbyFragment: onPayloadReceived(endpointId=vMbk, payload=com.google.android.gms.nearby.connection.Payload@b064950)
07-05 22:05:08.408 16125 16125 D NearbyFragment: onPayloadReceived(endpointId=vMbk, payload=com.google.android.gms.nearby.connection.Payload@fe3c749)
07-05 22:05:08.408 16125 16125 V NearbyFragment: Started downloading SUMMARISE_SEGMENT:-6291301641190548652:20200312_195230!003.mp4:45.0_1.0_23_medium from Endpoint{id=vMbk, name=Galaxy S8 [2802]}
07-05 22:05:08.411 16125 16125 V NearbyFragment: Transfer to Endpoint{id=vMbk, name=Galaxy S8 [2802]} complete
07-05 22:05:10.221 16125 16125 V NearbyFragment: Transfer to Endpoint{id=vMbk, name=Galaxy S8 [2802]} complete
07-05 22:05:10.749 16125 18078 V FfmpegTools: Retrieving duration of /storage/emulated/0/Download/Nearby/20200312_194930!000.mp4
07-05 22:05:10.841 16125 18078 W Summariser: 1 active sections found
07-05 22:05:10.842 16125 18078 I FfmpegTools: Running ffmpeg with:
07-05 22:05:10.842 16125 18078 I FfmpegTools:   -y -i /storage/emulated/0/Download/Nearby/20200312_194930!000.mp4 -filter_complex [0:v]trim=6.773000:16.070000,setpts=PTS-STARTPTS[v0];[0:a]atrim=6.773000:16.070000,asetpts=PTS-STARTPTS[a0];[v0][a0]concat=n=1:v=1:a=1[outv][outa] -map [outv] -map [outa] -crf 23 -preset medium /storage/emulated/0/Movies/segment-sum/20200312_194930/20200312_194930!000.mp4
07-05 22:05:11.037 16125 16504 W mobile-ffmpeg: [graph 0 input from stream 0:0 @ 0x8dc6b840] sws_param option is deprecated and ignored
07-05 22:05:15.363 16125 16125 V NearbyFragment: Transfer to Endpoint{id=vMbk, name=Galaxy S8 [2802]} complete
07-05 22:05:15.364 16125 16125 W NearbyFragment: Completed downloading 20200312_195230!002.mp4 from Endpoint{id=vMbk, name=Galaxy S8 [2802]} in 15.070s
07-05 22:05:15.379 16125 16125 V FileManager: External storage is readable
07-05 22:05:15.379 16125 16125 V FileManager: Directory already exists: /storage/emulated/0/Movies/segment-sum/20200312_195230
07-05 22:05:15.380 16125 16125 D NearbyFragment: Summarising 20200312_195230!002.mp4
07-05 22:05:15.380 16125 16125 V VideoManager: Retrieving video from /storage/emulated/0/Download/Nearby/20200312_195230!002.mp4
07-05 22:05:15.387 16125 16125 V VideoManager: videoFromCursor
07-05 22:05:15.392 16125 16125 V ProcessingVideosEventHandler: onAdd
07-05 22:05:15.393 16125 16125 V RawFootageEventHandler: onRemove
07-05 22:05:15.397 16125 16125 V NearbyFragment: Transfer to Endpoint{id=vMbk, name=Galaxy S8 [2802]} complete
07-05 22:05:15.589 16125 16125 D NearbyFragment: onPayloadReceived(endpointId=vMbk, payload=com.google.android.gms.nearby.connection.Payload@e188f05)
07-05 22:05:20.974 16125 16125 V NearbyFragment: Transfer to Endpoint{id=vMbk, name=Galaxy S8 [2802]} complete
07-05 22:05:20.975 16125 16125 W NearbyFragment: Completed downloading 20200312_195230!003.mp4 from Endpoint{id=vMbk, name=Galaxy S8 [2802]} in 12.566s
07-05 22:05:20.988 16125 16125 V FileManager: External storage is readable
07-05 22:05:20.989 16125 16125 V FileManager: Directory already exists: /storage/emulated/0/Movies/segment-sum/20200312_195230
07-05 22:05:20.989 16125 16125 D NearbyFragment: Summarising 20200312_195230!003.mp4
07-05 22:05:20.989 16125 16125 V VideoManager: Retrieving video from /storage/emulated/0/Download/Nearby/20200312_195230!003.mp4
07-05 22:05:21.016 16125 16125 D VideoManager: videoCursor is null
07-05 22:05:21.043 16125 16125 V VideoManager: videoFromCursor
07-05 22:05:21.046 16125 16125 V ProcessingVideosEventHandler: onAdd
07-05 22:05:21.047 16125 16125 V RawFootageEventHandler: onRemove
07-05 22:05:21.052 16125 16125 V NearbyFragment: Transfer to Endpoint{id=vMbk, name=Galaxy S8 [2802]} complete
07-05 22:05:53.685 16125 18078 V FfmpegTools: Retrieving duration of /storage/emulated/0/Download/Nearby/20200312_194930!000.mp4
07-05 22:05:53.773 16125 18078 V FfmpegTools: Retrieving duration of /storage/emulated/0/Movies/segment-sum/20200312_194930/20200312_194930!000.mp4
07-05 22:05:53.870 16125 18078 W Summariser: Summarisation completed
07-05 22:05:53.870 16125 18078 W Summariser:   filename: 20200312_194930!000.mp4
07-05 22:05:53.870 16125 18078 W Summariser:   active sections: 1
07-05 22:05:53.870 16125 18078 W Summariser:   time: 53.512s
07-05 22:05:53.870 16125 18078 W Summariser:   original duration: 16.07
07-05 22:05:53.870 16125 18078 W Summariser:   summarised duration: 9.36
07-05 22:05:53.870 16125 18078 W Summariser:   noise tolerance: 45.00
07-05 22:05:53.870 16125 18078 W Summariser:   quality: 23
07-05 22:05:53.870 16125 18078 W Summariser:   speed: medium
07-05 22:05:53.870 16125 18078 W Summariser:   freeze duration: 1.00
07-05 22:05:53.871 16125 18078 V VideoManager: Retrieving video from /storage/emulated/0/Movies/segment-sum/20200312_194930/20200312_194930!000.mp4
07-05 22:05:53.879 16125 18078 D VideoManager: videoCursor is null
07-05 22:05:53.921 16125 18078 V VideoManager: videoFromCursor
07-05 22:05:53.925 16125 18078 W NearbyFragment: Sending 20200312_194930!000.mp4 to Galaxy S8 [2802]
07-05 22:05:53.930 16125 18078 V ProcessingVideosEventHandler: onRemove
07-05 22:05:53.946 16125 18078 V SummariserIntentService: onHandleIntent
07-05 22:05:53.949 16125 18078 D SummariserIntentService: Video{id='1651', data='/storage/emulated/0/Download/Nearby/20200312_194930!002.mp4', name='20200312_194930!002.mp4', size=16865486, visible=true, mimeType='video/mp4'}
07-05 22:05:53.949 16125 18078 D SummariserIntentService: /storage/emulated/0/Movies/segment-sum/20200312_194930/20200312_194930!002.mp4
07-05 22:05:53.955 16125 16125 V NearbyFragment: Transfer to Endpoint{id=vMbk, name=Galaxy S8 [2802]} complete
07-05 22:05:53.962 16125 18078 I FfmpegTools: Running ffmpeg with:
07-05 22:05:53.962 16125 18078 I FfmpegTools:   -y -i /storage/emulated/0/Download/Nearby/20200312_194930!002.mp4 -vf freezedetect=n=-45.000000dB:d=1.000000,metadata=mode=print:file=/storage/emulated/0/Movies/raw/20200312_194930!002.txt -f null -
07-05 22:05:54.135 16125 17168 D SummariserIntentService: Scanned /storage/emulated/0/Movies/summarised
07-05 22:05:54.135 16125 17168 D SummariserIntentService:   -> uri=content://media/external/file/1527
07-05 22:05:54.224 16125 16504 W mobile-ffmpeg: [graph 0 input from stream 0:0 @ 0x8dc6b7e0] sws_param option is deprecated and ignored
07-05 22:05:57.732 16125 16125 D NearbyFragment: onPayloadReceived(endpointId=vMbk, payload=com.google.android.gms.nearby.connection.Payload@52e99bd)
07-05 22:05:57.733 16125 16125 V NearbyFragment: Started downloading SUMMARISE_SEGMENT:-6384834707461359046:20200312_195430!000.mp4:45.0_1.0_23_medium from Endpoint{id=vMbk, name=Galaxy S8 [2802]}
07-05 22:05:57.890 16125 16125 V NearbyFragment: Transfer to Endpoint{id=vMbk, name=Galaxy S8 [2802]} complete
07-05 22:05:59.179 16125 16125 V NearbyFragment: Transfer to Endpoint{id=vMbk, name=Galaxy S8 [2802]} complete
07-05 22:05:59.965 16125 16125 D NearbyFragment: onPayloadReceived(endpointId=vMbk, payload=com.google.android.gms.nearby.connection.Payload@cdd3bb2)
07-05 22:06:00.501 16125 16125 D NearbyFragment: onPayloadReceived(endpointId=vMbk, payload=com.google.android.gms.nearby.connection.Payload@ed703)
07-05 22:06:00.501 16125 16125 V NearbyFragment: Started downloading SUMMARISE_SEGMENT:-6942497871464045475:20200312_195430!001.mp4:45.0_1.0_23_medium from Endpoint{id=vMbk, name=Galaxy S8 [2802]}
07-05 22:06:00.511 16125 16125 V NearbyFragment: Transfer to Endpoint{id=vMbk, name=Galaxy S8 [2802]} complete
07-05 22:06:04.800 16125 18078 W Summariser: No activity detected
07-05 22:06:04.802 16125 18078 V FfmpegTools: Retrieving duration of /storage/emulated/0/Download/Nearby/20200312_194930!002.mp4
07-05 22:06:04.941 16125 18078 W Summariser: Summarisation completed
07-05 22:06:04.941 16125 18078 W Summariser:   filename: 20200312_194930!002.mp4
07-05 22:06:04.941 16125 18078 W Summariser:   active sections: 0
07-05 22:06:04.941 16125 18078 W Summariser:   time: 10.851s
07-05 22:06:04.941 16125 18078 W Summariser:   original duration: 16.01
07-05 22:06:04.941 16125 18078 W Summariser:   summarised duration: -1.00
07-05 22:06:04.941 16125 18078 W Summariser:   noise tolerance: 45.00
07-05 22:06:04.941 16125 18078 W Summariser:   quality: 23
07-05 22:06:04.941 16125 18078 W Summariser:   speed: medium
07-05 22:06:04.941 16125 18078 W Summariser:   freeze duration: 1.00
07-05 22:06:04.943 16125 18078 V ProcessingVideosEventHandler: onRemove
07-05 22:06:04.961 16125 18078 V SummariserIntentService: onHandleIntent
07-05 22:06:04.962 16125 18078 D SummariserIntentService: Video{id='1652', data='/storage/emulated/0/Download/Nearby/20200312_195230!000.mp4', name='20200312_195230!000.mp4', size=16897687, visible=true, mimeType='video/mp4'}
07-05 22:06:04.962 16125 18078 D SummariserIntentService: /storage/emulated/0/Movies/segment-sum/20200312_195230/20200312_195230!000.mp4
07-05 22:06:04.972 16125 18078 I FfmpegTools: Running ffmpeg with:
07-05 22:06:04.972 16125 18078 I FfmpegTools:   -y -i /storage/emulated/0/Download/Nearby/20200312_195230!000.mp4 -vf freezedetect=n=-45.000000dB:d=1.000000,metadata=mode=print:file=/storage/emulated/0/Movies/raw/20200312_195230!000.txt -f null -
07-05 22:06:04.997 16125 16125 V NearbyFragment: Transfer to Endpoint{id=vMbk, name=Galaxy S8 [2802]} complete
07-05 22:06:05.008 16125 16137 D SummariserIntentService: Scanned /storage/emulated/0/Movies/summarised
07-05 22:06:05.008 16125 16137 D SummariserIntentService:   -> uri=content://media/external/file/1527
07-05 22:06:05.139 16125 16504 W mobile-ffmpeg: [graph 0 input from stream 0:0 @ 0x8dc6ddc0] sws_param option is deprecated and ignored
07-05 22:06:06.150 16125 16125 D NearbyFragment: onPayloadReceived(endpointId=vMbk, payload=com.google.android.gms.nearby.connection.Payload@81de05f)
07-05 22:06:06.150 16125 16125 V NearbyFragment: Started downloading SUMMARISE_SEGMENT:-5343267416570785277:20200312_195430!002.mp4:45.0_1.0_23_medium from Endpoint{id=vMbk, name=Galaxy S8 [2802]}
07-05 22:06:06.162 16125 16125 V NearbyFragment: Transfer to Endpoint{id=vMbk, name=Galaxy S8 [2802]} complete
07-05 22:06:06.281 16125 16125 V NearbyFragment: Transfer to Endpoint{id=vMbk, name=Galaxy S8 [2802]} complete
07-05 22:06:06.282 16125 16125 W NearbyFragment: Completed downloading 20200312_195430!000.mp4 from Endpoint{id=vMbk, name=Galaxy S8 [2802]} in 08.548s
07-05 22:06:06.290 16125 16125 V FileManager: External storage is readable
07-05 22:06:06.291 16125 16125 V FileManager: Created new directory: /storage/emulated/0/Movies/segment-sum/20200312_195430
07-05 22:06:06.292 16125 16125 D NearbyFragment: Summarising 20200312_195430!000.mp4
07-05 22:06:06.292 16125 16125 V VideoManager: Retrieving video from /storage/emulated/0/Download/Nearby/20200312_195430!000.mp4
07-05 22:06:06.299 16125 16125 V VideoManager: videoFromCursor
07-05 22:06:06.301 16125 16125 V ProcessingVideosEventHandler: onAdd
07-05 22:06:06.302 16125 16125 V RawFootageEventHandler: onRemove
07-05 22:06:06.335 16125 16125 V NearbyFragment: Transfer to Endpoint{id=vMbk, name=Galaxy S8 [2802]} complete
07-05 22:06:06.435 16125 16125 D NearbyFragment: onPayloadReceived(endpointId=vMbk, payload=com.google.android.gms.nearby.connection.Payload@6ea237b)
07-05 22:06:14.052 16125 16125 V NearbyFragment: Transfer to Endpoint{id=vMbk, name=Galaxy S8 [2802]} complete
07-05 22:06:14.053 16125 16125 W NearbyFragment: Completed downloading 20200312_195430!001.mp4 from Endpoint{id=vMbk, name=Galaxy S8 [2802]} in 13.551s
07-05 22:06:14.060 16125 16125 V FileManager: External storage is readable
07-05 22:06:14.060 16125 16125 V FileManager: Directory already exists: /storage/emulated/0/Movies/segment-sum/20200312_195430
07-05 22:06:14.061 16125 16125 D NearbyFragment: Summarising 20200312_195430!001.mp4
07-05 22:06:14.061 16125 16125 V VideoManager: Retrieving video from /storage/emulated/0/Download/Nearby/20200312_195430!001.mp4
07-05 22:06:14.064 16125 18078 W Summariser: No activity detected
07-05 22:06:14.065 16125 18078 V FfmpegTools: Retrieving duration of /storage/emulated/0/Download/Nearby/20200312_195230!000.mp4
07-05 22:06:14.068 16125 16125 D VideoManager: videoCursor is null
07-05 22:06:14.097 16125 16125 V VideoManager: videoFromCursor
07-05 22:06:14.099 16125 16125 V ProcessingVideosEventHandler: onAdd
07-05 22:06:14.100 16125 16125 V RawFootageEventHandler: onRemove
07-05 22:06:14.104 16125 16125 V NearbyFragment: Transfer to Endpoint{id=vMbk, name=Galaxy S8 [2802]} complete
07-05 22:06:14.104 16125 16125 D NearbyFragment: onPayloadReceived(endpointId=vMbk, payload=com.google.android.gms.nearby.connection.Payload@d12a1f1)
07-05 22:06:14.163 16125 18078 W Summariser: Summarisation completed
07-05 22:06:14.163 16125 18078 W Summariser:   filename: 20200312_195230!000.mp4
07-05 22:06:14.163 16125 18078 W Summariser:   active sections: 0
07-05 22:06:14.163 16125 18078 W Summariser:   time: 09.097s
07-05 22:06:14.163 16125 18078 W Summariser:   original duration: 16.07
07-05 22:06:14.163 16125 18078 W Summariser:   summarised duration: -1.00
07-05 22:06:14.163 16125 18078 W Summariser:   noise tolerance: 45.00
07-05 22:06:14.163 16125 18078 W Summariser:   quality: 23
07-05 22:06:14.163 16125 18078 W Summariser:   speed: medium
07-05 22:06:14.163 16125 18078 W Summariser:   freeze duration: 1.00
07-05 22:06:14.165 16125 18078 V ProcessingVideosEventHandler: onRemove
07-05 22:06:14.172 16125 18078 V SummariserIntentService: onHandleIntent
07-05 22:06:14.174 16125 18078 D SummariserIntentService: Video{id='1614', data='/storage/emulated/0/Download/Nearby/20200312_195230!002.mp4', name='20200312_195230!002.mp4', size=16981034, visible=true, mimeType='video/mp4'}
07-05 22:06:14.174 16125 18078 D SummariserIntentService: /storage/emulated/0/Movies/segment-sum/20200312_195230/20200312_195230!002.mp4
07-05 22:06:14.177 16125 18078 I FfmpegTools: Running ffmpeg with:
07-05 22:06:14.177 16125 18078 I FfmpegTools:   -y -i /storage/emulated/0/Download/Nearby/20200312_195230!002.mp4 -vf freezedetect=n=-45.000000dB:d=1.000000,metadata=mode=print:file=/storage/emulated/0/Movies/raw/20200312_195230!002.txt -f null -
07-05 22:06:14.191 16125 16125 V NearbyFragment: Transfer to Endpoint{id=vMbk, name=Galaxy S8 [2802]} complete
07-05 22:06:14.216 16125 16138 D SummariserIntentService: Scanned /storage/emulated/0/Movies/summarised
07-05 22:06:14.216 16125 16138 D SummariserIntentService:   -> uri=content://media/external/file/1527
07-05 22:06:14.612 16125 16504 W mobile-ffmpeg: [graph 0 input from stream 0:0 @ 0x937f2f80] sws_param option is deprecated and ignored
07-05 22:06:21.648 16125 16125 V NearbyFragment: Transfer to Endpoint{id=vMbk, name=Galaxy S8 [2802]} complete
07-05 22:06:21.649 16125 16125 W NearbyFragment: Completed downloading 20200312_195430!002.mp4 from Endpoint{id=vMbk, name=Galaxy S8 [2802]} in 15.498s
07-05 22:06:21.669 16125 16125 V FileManager: External storage is readable
07-05 22:06:21.670 16125 16125 V FileManager: Directory already exists: /storage/emulated/0/Movies/segment-sum/20200312_195430
07-05 22:06:21.670 16125 16125 D NearbyFragment: Summarising 20200312_195430!002.mp4
07-05 22:06:21.670 16125 16125 V VideoManager: Retrieving video from /storage/emulated/0/Download/Nearby/20200312_195430!002.mp4
07-05 22:06:21.678 16125 16125 D VideoManager: videoCursor is null
07-05 22:06:21.714 16125 16125 V VideoManager: videoFromCursor
07-05 22:06:21.716 16125 16125 V ProcessingVideosEventHandler: onAdd
07-05 22:06:21.717 16125 16125 V RawFootageEventHandler: onRemove
07-05 22:06:21.722 16125 16125 V NearbyFragment: Transfer to Endpoint{id=vMbk, name=Galaxy S8 [2802]} complete
07-05 22:06:23.175 16125 18078 W Summariser: No activity detected
07-05 22:06:23.176 16125 18078 V FfmpegTools: Retrieving duration of /storage/emulated/0/Download/Nearby/20200312_195230!002.mp4
07-05 22:06:23.302 16125 18078 W Summariser: Summarisation completed
07-05 22:06:23.302 16125 18078 W Summariser:   filename: 20200312_195230!002.mp4
07-05 22:06:23.302 16125 18078 W Summariser:   active sections: 0
07-05 22:06:23.302 16125 18078 W Summariser:   time: 09.001s
07-05 22:06:23.302 16125 18078 W Summariser:   original duration: 16.01
07-05 22:06:23.302 16125 18078 W Summariser:   summarised duration: -1.00
07-05 22:06:23.302 16125 18078 W Summariser:   noise tolerance: 45.00
07-05 22:06:23.302 16125 18078 W Summariser:   quality: 23
07-05 22:06:23.302 16125 18078 W Summariser:   speed: medium
07-05 22:06:23.302 16125 18078 W Summariser:   freeze duration: 1.00
07-05 22:06:23.304 16125 18078 V ProcessingVideosEventHandler: onRemove
07-05 22:06:23.313 16125 18078 V SummariserIntentService: onHandleIntent
07-05 22:06:23.315 16125 18078 D SummariserIntentService: Video{id='1654', data='/storage/emulated/0/Download/Nearby/20200312_195230!003.mp4', name='20200312_195230!003.mp4', size=12662984, visible=true, mimeType='video/mp4'}
07-05 22:06:23.316 16125 18078 D SummariserIntentService: /storage/emulated/0/Movies/segment-sum/20200312_195230/20200312_195230!003.mp4
07-05 22:06:23.319 16125 18078 I FfmpegTools: Running ffmpeg with:
07-05 22:06:23.319 16125 18078 I FfmpegTools:   -y -i /storage/emulated/0/Download/Nearby/20200312_195230!003.mp4 -vf freezedetect=n=-45.000000dB:d=1.000000,metadata=mode=print:file=/storage/emulated/0/Movies/raw/20200312_195230!003.txt -f null -
07-05 22:06:23.334 16125 16125 V NearbyFragment: Transfer to Endpoint{id=vMbk, name=Galaxy S8 [2802]} complete
07-05 22:06:23.484 16125 16504 W mobile-ffmpeg: [graph 0 input from stream 0:0 @ 0x910ba2c0] sws_param option is deprecated and ignored
07-05 22:06:23.531 16125 17168 D SummariserIntentService: Scanned /storage/emulated/0/Movies/summarised
07-05 22:06:23.531 16125 17168 D SummariserIntentService:   -> uri=content://media/external/file/1527
07-05 22:06:30.963 16125 18078 W Summariser: No activity detected
07-05 22:06:30.965 16125 18078 V FfmpegTools: Retrieving duration of /storage/emulated/0/Download/Nearby/20200312_195230!003.mp4
07-05 22:06:31.055 16125 18078 W Summariser: Summarisation completed
07-05 22:06:31.055 16125 18078 W Summariser:   filename: 20200312_195230!003.mp4
07-05 22:06:31.055 16125 18078 W Summariser:   active sections: 0
07-05 22:06:31.055 16125 18078 W Summariser:   time: 07.648s
07-05 22:06:31.055 16125 18078 W Summariser:   original duration: 12.01
07-05 22:06:31.055 16125 18078 W Summariser:   summarised duration: -1.00
07-05 22:06:31.055 16125 18078 W Summariser:   noise tolerance: 45.00
07-05 22:06:31.055 16125 18078 W Summariser:   quality: 23
07-05 22:06:31.055 16125 18078 W Summariser:   speed: medium
07-05 22:06:31.055 16125 18078 W Summariser:   freeze duration: 1.00
07-05 22:06:31.057 16125 18078 V ProcessingVideosEventHandler: onRemove
07-05 22:06:31.072 16125 16125 V NearbyFragment: Transfer to Endpoint{id=vMbk, name=Galaxy S8 [2802]} complete
07-05 22:06:31.081 16125 18078 V SummariserIntentService: onHandleIntent
07-05 22:06:31.082 16125 18078 D SummariserIntentService: Video{id='1618', data='/storage/emulated/0/Download/Nearby/20200312_195430!000.mp4', name='20200312_195430!000.mp4', size=16942161, visible=true, mimeType='video/mp4'}
07-05 22:06:31.082 16125 18078 D SummariserIntentService: /storage/emulated/0/Movies/segment-sum/20200312_195430/20200312_195430!000.mp4
07-05 22:06:31.085 16125 18078 I FfmpegTools: Running ffmpeg with:
07-05 22:06:31.085 16125 18078 I FfmpegTools:   -y -i /storage/emulated/0/Download/Nearby/20200312_195430!000.mp4 -vf freezedetect=n=-45.000000dB:d=1.000000,metadata=mode=print:file=/storage/emulated/0/Movies/raw/20200312_195430!000.txt -f null -
07-05 22:06:31.113 16125 16143 D SummariserIntentService: Scanned /storage/emulated/0/Movies/summarised
07-05 22:06:31.113 16125 16143 D SummariserIntentService:   -> uri=content://media/external/file/1527
07-05 22:06:31.270 16125 16504 W mobile-ffmpeg: [graph 0 input from stream 0:0 @ 0xa39a6980] sws_param option is deprecated and ignored
07-05 22:06:39.157 16125 18078 W Summariser: 1 active sections found
07-05 22:06:39.158 16125 18078 I FfmpegTools: Running ffmpeg with:
07-05 22:06:39.158 16125 18078 I FfmpegTools:   -y -i /storage/emulated/0/Download/Nearby/20200312_195430!000.mp4 -filter_complex [0:v]trim=6.739000:12.010000,setpts=PTS-STARTPTS[v0];[0:a]atrim=6.739000:12.010000,asetpts=PTS-STARTPTS[a0];[v0][a0]concat=n=1:v=1:a=1[outv][outa] -map [outv] -map [outa] -crf 23 -preset medium /storage/emulated/0/Movies/segment-sum/20200312_195430/20200312_195430!000.mp4
07-05 22:06:39.311 16125 16504 W mobile-ffmpeg: [graph 0 input from stream 0:0 @ 0x937f2e00] sws_param option is deprecated and ignored
07-05 22:07:02.479 16125 18078 V FfmpegTools: Retrieving duration of /storage/emulated/0/Download/Nearby/20200312_195430!000.mp4
07-05 22:07:02.575 16125 18078 V FfmpegTools: Retrieving duration of /storage/emulated/0/Movies/segment-sum/20200312_195430/20200312_195430!000.mp4
07-05 22:07:02.649 16125 18078 W Summariser: Summarisation completed
07-05 22:07:02.649 16125 18078 W Summariser:   filename: 20200312_195430!000.mp4
07-05 22:07:02.649 16125 18078 W Summariser:   active sections: 1
07-05 22:07:02.649 16125 18078 W Summariser:   time: 31.396s
07-05 22:07:02.649 16125 18078 W Summariser:   original duration: 16.06
07-05 22:07:02.649 16125 18078 W Summariser:   summarised duration: 5.34
07-05 22:07:02.649 16125 18078 W Summariser:   noise tolerance: 45.00
07-05 22:07:02.649 16125 18078 W Summariser:   quality: 23
07-05 22:07:02.649 16125 18078 W Summariser:   speed: medium
07-05 22:07:02.649 16125 18078 W Summariser:   freeze duration: 1.00
07-05 22:07:02.649 16125 18078 V VideoManager: Retrieving video from /storage/emulated/0/Movies/segment-sum/20200312_195430/20200312_195430!000.mp4
07-05 22:07:02.660 16125 18078 V VideoManager: videoFromCursor
07-05 22:07:02.665 16125 18078 W NearbyFragment: Sending 20200312_195430!000.mp4 to Galaxy S8 [2802]
07-05 22:07:02.669 16125 18078 V ProcessingVideosEventHandler: onRemove
07-05 22:07:02.682 16125 18078 V SummariserIntentService: onHandleIntent
07-05 22:07:02.684 16125 18078 D SummariserIntentService: Video{id='1656', data='/storage/emulated/0/Download/Nearby/20200312_195430!001.mp4', name='20200312_195430!001.mp4', size=16869259, visible=true, mimeType='video/mp4'}
07-05 22:07:02.684 16125 18078 D SummariserIntentService: /storage/emulated/0/Movies/segment-sum/20200312_195430/20200312_195430!001.mp4
07-05 22:07:02.688 16125 18078 I FfmpegTools: Running ffmpeg with:
07-05 22:07:02.688 16125 18078 I FfmpegTools:   -y -i /storage/emulated/0/Download/Nearby/20200312_195430!001.mp4 -vf freezedetect=n=-45.000000dB:d=1.000000,metadata=mode=print:file=/storage/emulated/0/Movies/raw/20200312_195430!001.txt -f null -
07-05 22:07:02.696 16125 16125 V NearbyFragment: Transfer to Endpoint{id=vMbk, name=Galaxy S8 [2802]} complete
07-05 22:07:02.811 16125 16137 D SummariserIntentService: Scanned /storage/emulated/0/Movies/summarised
07-05 22:07:02.811 16125 16137 D SummariserIntentService:   -> uri=content://media/external/file/1527
07-05 22:07:02.928 16125 16125 V NearbyFragment: Transfer to Endpoint{id=vMbk, name=Galaxy S8 [2802]} complete
07-05 22:07:02.960 16125 16504 W mobile-ffmpeg: [graph 0 input from stream 0:0 @ 0x937f2f20] sws_param option is deprecated and ignored
07-05 22:07:10.480 16125 18078 V FfmpegTools: Retrieving duration of /storage/emulated/0/Download/Nearby/20200312_195430!001.mp4
07-05 22:07:10.614 16125 18078 W Summariser: 2 active sections found
07-05 22:07:10.616 16125 18078 I FfmpegTools: Running ffmpeg with:
07-05 22:07:10.616 16125 18078 I FfmpegTools:   -y -i /storage/emulated/0/Download/Nearby/20200312_195430!001.mp4 -filter_complex [0:v]trim=3.436000:7.340000,setpts=PTS-STARTPTS[v0];[0:a]atrim=3.436000:7.340000,asetpts=PTS-STARTPTS[a0];[0:v]trim=14.079000:16.010000,setpts=PTS-STARTPTS[v1];[0:a]atrim=14.079000:16.010000,asetpts=PTS-STARTPTS[a1];[v0][a0][v1][a1]concat=n=2:v=1:a=1[outv][outa] -map [outv] -map [outa] -crf 23 -preset medium /storage/emulated/0/Movies/segment-sum/20200312_195430/20200312_195430!001.mp4
07-05 22:07:10.814 16125 16504 W mobile-ffmpeg: [graph 0 input from stream 0:0 @ 0x923bcfe0] sws_param option is deprecated and ignored
07-05 22:07:10.815 16125 16504 W mobile-ffmpeg: [graph 0 input from stream 0:0 @ 0x923bd100] sws_param option is deprecated and ignored
07-05 22:07:36.785 16125 18078 V FfmpegTools: Retrieving duration of /storage/emulated/0/Download/Nearby/20200312_195430!001.mp4
07-05 22:07:36.910 16125 18078 V FfmpegTools: Retrieving duration of /storage/emulated/0/Movies/segment-sum/20200312_195430/20200312_195430!001.mp4
07-05 22:07:36.983 16125 18078 W Summariser: Summarisation completed
07-05 22:07:36.983 16125 18078 W Summariser:   filename: 20200312_195430!001.mp4
07-05 22:07:36.983 16125 18078 W Summariser:   active sections: 2
07-05 22:07:36.983 16125 18078 W Summariser:   time: 34.099s
07-05 22:07:36.983 16125 18078 W Summariser:   original duration: 16.01
07-05 22:07:36.983 16125 18078 W Summariser:   summarised duration: 5.90
07-05 22:07:36.983 16125 18078 W Summariser:   noise tolerance: 45.00
07-05 22:07:36.983 16125 18078 W Summariser:   quality: 23
07-05 22:07:36.983 16125 18078 W Summariser:   speed: medium
07-05 22:07:36.983 16125 18078 W Summariser:   freeze duration: 1.00
07-05 22:07:36.983 16125 18078 V VideoManager: Retrieving video from /storage/emulated/0/Movies/segment-sum/20200312_195430/20200312_195430!001.mp4
07-05 22:07:36.992 16125 18078 D VideoManager: videoCursor is null
07-05 22:07:37.052 16125 18078 V VideoManager: videoFromCursor
07-05 22:07:37.056 16125 18078 W NearbyFragment: Sending 20200312_195430!001.mp4 to Galaxy S8 [2802]
07-05 22:07:37.061 16125 18078 V ProcessingVideosEventHandler: onRemove
07-05 22:07:37.072 16125 18078 V SummariserIntentService: onHandleIntent
07-05 22:07:37.073 16125 18078 D SummariserIntentService: Video{id='1657', data='/storage/emulated/0/Download/Nearby/20200312_195430!002.mp4', name='20200312_195430!002.mp4', size=16840890, visible=true, mimeType='video/mp4'}
07-05 22:07:37.073 16125 18078 D SummariserIntentService: /storage/emulated/0/Movies/segment-sum/20200312_195430/20200312_195430!002.mp4
07-05 22:07:37.077 16125 18078 I FfmpegTools: Running ffmpeg with:
07-05 22:07:37.077 16125 18078 I FfmpegTools:   -y -i /storage/emulated/0/Download/Nearby/20200312_195430!002.mp4 -vf freezedetect=n=-45.000000dB:d=1.000000,metadata=mode=print:file=/storage/emulated/0/Movies/raw/20200312_195430!002.txt -f null -
07-05 22:07:37.091 16125 16125 V NearbyFragment: Transfer to Endpoint{id=vMbk, name=Galaxy S8 [2802]} complete
07-05 22:07:37.130 16125 16138 D SummariserIntentService: Scanned /storage/emulated/0/Movies/summarised
07-05 22:07:37.130 16125 16138 D SummariserIntentService:   -> uri=content://media/external/file/1527
07-05 22:07:37.359 16125 16125 V NearbyFragment: Transfer to Endpoint{id=vMbk, name=Galaxy S8 [2802]} complete
07-05 22:07:37.370 16125 16504 W mobile-ffmpeg: [graph 0 input from stream 0:0 @ 0x923bcec0] sws_param option is deprecated and ignored
07-05 22:07:45.154 16125 18078 W Summariser: 2 active sections found
07-05 22:07:45.155 16125 18078 I FfmpegTools: Running ffmpeg with:
07-05 22:07:45.155 16125 18078 I FfmpegTools:   -y -i /storage/emulated/0/Download/Nearby/20200312_195430!002.mp4 -filter_complex [0:v]trim=0.000000:2.235000,setpts=PTS-STARTPTS[v0];[0:a]atrim=0.000000:2.235000,asetpts=PTS-STARTPTS[a0];[0:v]trim=6.773000:10.643000,setpts=PTS-STARTPTS[v1];[0:a]atrim=6.773000:10.643000,asetpts=PTS-STARTPTS[a1];[v0][a0][v1][a1]concat=n=2:v=1:a=1[outv][outa] -map [outv] -map [outa] -crf 23 -preset medium /storage/emulated/0/Movies/segment-sum/20200312_195430/20200312_195430!002.mp4
07-05 22:07:45.380 16125 16504 W mobile-ffmpeg: [graph 0 input from stream 0:0 @ 0x910ba320] sws_param option is deprecated and ignored
07-05 22:07:45.380 16125 16504 W mobile-ffmpeg: [graph 0 input from stream 0:0 @ 0x910ba500] sws_param option is deprecated and ignored
07-05 22:08:09.873 16125 18078 V FfmpegTools: Retrieving duration of /storage/emulated/0/Download/Nearby/20200312_195430!002.mp4
07-05 22:08:09.997 16125 18078 V FfmpegTools: Retrieving duration of /storage/emulated/0/Movies/segment-sum/20200312_195430/20200312_195430!002.mp4
07-05 22:08:10.070 16125 18078 W Summariser: Summarisation completed
07-05 22:08:10.070 16125 18078 W Summariser:   filename: 20200312_195430!002.mp4
07-05 22:08:10.070 16125 18078 W Summariser:   active sections: 2
07-05 22:08:10.070 16125 18078 W Summariser:   time: 32.798s
07-05 22:08:10.070 16125 18078 W Summariser:   original duration: 16.01
07-05 22:08:10.070 16125 18078 W Summariser:   summarised duration: 6.17
07-05 22:08:10.070 16125 18078 W Summariser:   noise tolerance: 45.00
07-05 22:08:10.070 16125 18078 W Summariser:   quality: 23
07-05 22:08:10.070 16125 18078 W Summariser:   speed: medium
07-05 22:08:10.070 16125 18078 W Summariser:   freeze duration: 1.00
07-05 22:08:10.070 16125 18078 V VideoManager: Retrieving video from /storage/emulated/0/Movies/segment-sum/20200312_195430/20200312_195430!002.mp4
07-05 22:08:10.078 16125 18078 D VideoManager: videoCursor is null
07-05 22:08:10.134 16125 18078 V VideoManager: videoFromCursor
07-05 22:08:10.139 16125 18078 W NearbyFragment: Sending 20200312_195430!002.mp4 to Galaxy S8 [2802]
07-05 22:08:10.144 16125 18078 V ProcessingVideosEventHandler: onRemove
07-05 22:08:10.183 16125 16125 V NearbyFragment: Transfer to Endpoint{id=vMbk, name=Galaxy S8 [2802]} complete
07-05 22:08:10.295 16125 16143 D SummariserIntentService: Scanned /storage/emulated/0/Movies/summarised
07-05 22:08:10.295 16125 16143 D SummariserIntentService:   -> uri=content://media/external/file/1527
07-05 22:08:10.298 16125 16125 V NearbyFragment: Transfer to Endpoint{id=vMbk, name=Galaxy S8 [2802]} complete
