07-05 22:05:42.725   720   720 V NearbyFragment: Transfer to Endpoint{id=4qxN, name=Nexus 5X [34d8]} complete
07-05 22:05:54.710   720   720 V NearbyFragment: Transfer to Endpoint{id=4qxN, name=Nexus 5X [34d8]} complete
07-05 22:05:55.357   720   720 D NearbyFragment: onPayloadReceived(endpointId=4qxN, payload=com.google.android.gms.nearby.connection.Payload@9a41ed6)
07-05 22:05:55.358   720   720 D NearbyFragment: Endpoint{id=4qxN, name=Nexus 5X [34d8]} has finished downloading 20200312_195330!002.mp4
07-05 22:05:55.359   720   720 I NearbyFragment: Transfer queue is empty
07-05 22:05:55.634   720   720 V NearbyFragment: Transfer to Endpoint{id=4qxN, name=Nexus 5X [34d8]} complete
07-05 22:05:55.854   720   720 D NearbyFragment: onPayloadReceived(endpointId=Rc4h, payload=com.google.android.gms.nearby.connection.Payload@2257844)
07-05 22:05:55.855   720   720 V NearbyFragment: Started downloading 20200312_194930!000.mp4 from Endpoint{id=Rc4h, name=Nexus 5 [1825]}
07-05 22:05:55.855   720   720 I NearbyFragment: Transfer queue is empty
07-05 22:05:56.085   720   720 V NearbyFragment: Transfer to Endpoint{id=Rc4h, name=Nexus 5 [1825]} complete
07-05 22:05:57.222   720   720 D NearbyFragment: onPayloadReceived(endpointId=Rc4h, payload=com.google.android.gms.nearby.connection.Payload@d311d2d)
07-05 22:05:58.685   720  1764 V VideoManager: Retrieving video from /storage/emulated/0/Movies/raw/20200312_195430.mp4
07-05 22:05:58.784   720  1764 D VideoManager: videoCursor is null
07-05 22:05:58.938   720  1764 V VideoManager: videoFromCursor
07-05 22:05:58.945   720  1764 W DashDownloadManager: Successfully downloaded 20200312_195430.mp4 in 33.345s
07-05 22:05:58.946   720  1764 V DownloadTestVideosTask: Entering callback for download completion of 20200312_195430.mp4
07-05 22:05:58.947   720  1764 V RawFootageEventHandler: onAdd
07-05 22:05:58.950   720  1764 V FfmpegTools: Retrieving duration of /storage/emulated/0/Movies/raw/20200312_195430.mp4
07-05 22:05:58.959   720  1916 W mobile-ffmpeg: [mov,mp4,m4a,3gp,3g2,mj2 @ 0x78e8b5ae00] Found duplicated MOOV Atom. Skipped it
07-05 22:05:59.022   720  1916 I mobile-ffmpeg: Input #0, mov,mp4,m4a,3gp,3g2,mj2, from '/storage/emulated/0/Movies/raw/20200312_195430.mp4':
07-05 22:05:59.022   720  1916 I mobile-ffmpeg:   Metadata:
07-05 22:05:59.022   720  1916 I mobile-ffmpeg:     creation_time   : 
07-05 22:05:59.022   720  1916 I mobile-ffmpeg: 2020-03-12T08:55:30.000000Z
07-05 22:05:59.022   720  1916 I mobile-ffmpeg: 
07-05 22:05:59.022   720  1916 I mobile-ffmpeg:     major_brand     : 
07-05 22:05:59.022   720  1916 I mobile-ffmpeg: mp42
07-05 22:05:59.022   720  1916 I mobile-ffmpeg: 
07-05 22:05:59.022   720  1916 I mobile-ffmpeg:     minor_version   : 
07-05 22:05:59.022   720  1916 I mobile-ffmpeg: 1
07-05 22:05:59.022   720  1916 I mobile-ffmpeg: 
07-05 22:05:59.022   720  1916 I mobile-ffmpeg:     compatible_brands: 
07-05 22:05:59.022   720  1916 I mobile-ffmpeg: mp42mp42
07-05 22:05:59.022   720  1916 I mobile-ffmpeg: 
07-05 22:05:59.022   720  1916 I mobile-ffmpeg:   Duration: 
07-05 22:05:59.022   720  1916 I mobile-ffmpeg: 00:01:00.02
07-05 22:05:59.022   720  1916 I mobile-ffmpeg: , start: 
07-05 22:05:59.022   720  1916 I mobile-ffmpeg: 0.000000
07-05 22:05:59.022   720  1916 I mobile-ffmpeg: , bitrate: 
07-05 22:05:59.022   720  1916 I mobile-ffmpeg: 9328 kb/s
07-05 22:05:59.022   720  1916 I mobile-ffmpeg: 
07-05 22:05:59.022   720  1916 I mobile-ffmpeg:     Stream #0:0
07-05 22:05:59.023   720  1916 I mobile-ffmpeg: (eng)
07-05 22:05:59.023   720  1916 I mobile-ffmpeg: : Video: h264 (avc1 / 0x31637661), yuvj420p(pc, bt709), 1280x720, 8384 kb/s
07-05 22:05:59.023   720  1916 I mobile-ffmpeg: , 
07-05 22:05:59.023   720  1916 I mobile-ffmpeg: 29.97 fps, 
07-05 22:05:59.023   720  1916 I mobile-ffmpeg: 29.97 tbr, 
07-05 22:05:59.023   720  1916 I mobile-ffmpeg: 1k tbn, 
07-05 22:05:59.023   720  1916 I mobile-ffmpeg: 2k tbc
07-05 22:05:59.023   720  1916 I mobile-ffmpeg:  (default)
07-05 22:05:59.023   720  1916 I mobile-ffmpeg: 
07-05 22:05:59.023   720  1916 I mobile-ffmpeg:     Metadata:
07-05 22:05:59.023   720  1916 I mobile-ffmpeg:       creation_time   : 
07-05 22:05:59.023   720  1916 I mobile-ffmpeg: 2020-03-12T08:55:30.000000Z
07-05 22:05:59.023   720  1916 I mobile-ffmpeg: 
07-05 22:05:59.023   720  1916 I mobile-ffmpeg:       handler_name    : 
07-05 22:05:59.023   720  1916 I mobile-ffmpeg: PittaSoft Video Media Handler
07-05 22:05:59.023   720  1916 I mobile-ffmpeg: 
07-05 22:05:59.023   720  1916 I mobile-ffmpeg:     Stream #0:1
07-05 22:05:59.023   720  1916 I mobile-ffmpeg: (eng)
07-05 22:05:59.023   720  1916 I mobile-ffmpeg: : Audio: aac (mp4a / 0x6134706D), 16000 Hz, stereo, fltp, 47 kb/s
07-05 22:05:59.023   720  1916 I mobile-ffmpeg:  (default)
07-05 22:05:59.023   720  1916 I mobile-ffmpeg: 
07-05 22:05:59.023   720  1916 I mobile-ffmpeg:     Metadata:
07-05 22:05:59.023   720  1916 I mobile-ffmpeg:       creation_time   : 
07-05 22:05:59.023   720  1916 I mobile-ffmpeg: 2020-03-12T08:55:30.000000Z
07-05 22:05:59.023   720  1916 I mobile-ffmpeg: 
07-05 22:05:59.023   720  1916 I mobile-ffmpeg:       handler_name    : 
07-05 22:05:59.023   720  1916 I mobile-ffmpeg: PittaSoft Sound Media Handler
07-05 22:05:59.023   720  1916 I mobile-ffmpeg: 
07-05 22:05:59.033   720  1764 V FileManager: External storage is readable
07-05 22:05:59.034   720  1764 V FileManager: Created new directory: /storage/emulated/0/Movies/segment/20200312_195430
07-05 22:05:59.034   720  1764 V FfmpegTools: Splitting /storage/emulated/0/Movies/raw/20200312_195430.mp4 with 16s long segments
07-05 22:05:59.035   720  1764 I FfmpegTools: Running ffmpeg with:
07-05 22:05:59.035   720  1764 I FfmpegTools:   -y -i /storage/emulated/0/Movies/raw/20200312_195430.mp4 -map 0 -c copy -f segment -reset_timestamps 1 -segment_time 16 /storage/emulated/0/Movies/segment/20200312_195430/20200312_195430!%03d.mp4
07-05 22:05:59.041   720  1916 W mobile-ffmpeg: [mov,mp4,m4a,3gp,3g2,mj2 @ 0x78e8b5ae00] Found duplicated MOOV Atom. Skipped it
07-05 22:05:59.080   720  1916 I mobile-ffmpeg: Input #0, mov,mp4,m4a,3gp,3g2,mj2, from '/storage/emulated/0/Movies/raw/20200312_195430.mp4':
07-05 22:05:59.080   720  1916 I mobile-ffmpeg:   Metadata:
07-05 22:05:59.080   720  1916 I mobile-ffmpeg:     creation_time   : 
07-05 22:05:59.081   720  1916 I mobile-ffmpeg: 2020-03-12T08:55:30.000000Z
07-05 22:05:59.081   720  1916 I mobile-ffmpeg: 
07-05 22:05:59.081   720  1916 I mobile-ffmpeg:     major_brand     : 
07-05 22:05:59.081   720  1916 I mobile-ffmpeg: mp42
07-05 22:05:59.081   720  1916 I mobile-ffmpeg: 
07-05 22:05:59.081   720  1916 I mobile-ffmpeg:     minor_version   : 
07-05 22:05:59.081   720  1916 I mobile-ffmpeg: 1
07-05 22:05:59.081   720  1916 I mobile-ffmpeg: 
07-05 22:05:59.081   720  1916 I mobile-ffmpeg:     compatible_brands: 
07-05 22:05:59.081   720  1916 I mobile-ffmpeg: mp42mp42
07-05 22:05:59.081   720  1916 I mobile-ffmpeg: 
07-05 22:05:59.081   720  1916 I mobile-ffmpeg:   Duration: 
07-05 22:05:59.081   720  1916 I mobile-ffmpeg: 00:01:00.02
07-05 22:05:59.081   720  1916 I mobile-ffmpeg: , start: 
07-05 22:05:59.081   720  1916 I mobile-ffmpeg: 0.000000
07-05 22:05:59.081   720  1916 I mobile-ffmpeg: , bitrate: 
07-05 22:05:59.081   720  1916 I mobile-ffmpeg: 9328 kb/s
07-05 22:05:59.081   720  1916 I mobile-ffmpeg: 
07-05 22:05:59.081   720  1916 I mobile-ffmpeg:     Stream #0:0
07-05 22:05:59.081   720  1916 I mobile-ffmpeg: (eng)
07-05 22:05:59.081   720  1916 I mobile-ffmpeg: : Video: h264 (avc1 / 0x31637661), yuvj420p(pc, bt709), 1280x720, 8384 kb/s
07-05 22:05:59.081   720  1916 I mobile-ffmpeg: , 
07-05 22:05:59.081   720  1916 I mobile-ffmpeg: 29.97 fps, 
07-05 22:05:59.081   720  1916 I mobile-ffmpeg: 29.97 tbr, 
07-05 22:05:59.081   720  1916 I mobile-ffmpeg: 1k tbn, 
07-05 22:05:59.081   720  1916 I mobile-ffmpeg: 2k tbc
07-05 22:05:59.081   720  1916 I mobile-ffmpeg:  (default)
07-05 22:05:59.081   720  1916 I mobile-ffmpeg: 
07-05 22:05:59.081   720  1916 I mobile-ffmpeg:     Metadata:
07-05 22:05:59.081   720  1916 I mobile-ffmpeg:       creation_time   : 
07-05 22:05:59.081   720  1916 I mobile-ffmpeg: 2020-03-12T08:55:30.000000Z
07-05 22:05:59.081   720  1916 I mobile-ffmpeg: 
07-05 22:05:59.081   720  1916 I mobile-ffmpeg:       handler_name    : 
07-05 22:05:59.081   720  1916 I mobile-ffmpeg: PittaSoft Video Media Handler
07-05 22:05:59.081   720  1916 I mobile-ffmpeg: 
07-05 22:05:59.081   720  1916 I mobile-ffmpeg:     Stream #0:1
07-05 22:05:59.081   720  1916 I mobile-ffmpeg: (eng)
07-05 22:05:59.081   720  1916 I mobile-ffmpeg: : Audio: aac (mp4a / 0x6134706D), 16000 Hz, stereo, fltp, 47 kb/s
07-05 22:05:59.081   720  1916 I mobile-ffmpeg:  (default)
07-05 22:05:59.081   720  1916 I mobile-ffmpeg: 
07-05 22:05:59.081   720  1916 I mobile-ffmpeg:     Metadata:
07-05 22:05:59.081   720  1916 I mobile-ffmpeg:       creation_time   : 
07-05 22:05:59.081   720  1916 I mobile-ffmpeg: 2020-03-12T08:55:30.000000Z
07-05 22:05:59.081   720  1916 I mobile-ffmpeg: 
07-05 22:05:59.081   720  1916 I mobile-ffmpeg:       handler_name    : 
07-05 22:05:59.081   720  1916 I mobile-ffmpeg: PittaSoft Sound Media Handler
07-05 22:05:59.081   720  1916 I mobile-ffmpeg: 
07-05 22:05:59.081   720  1916 I mobile-ffmpeg: [segment @ 0x78e665c000] Opening '/storage/emulated/0/Movies/segment/20200312_195430/20200312_195430!000.mp4' for writing
07-05 22:05:59.081   720  1916 I mobile-ffmpeg: Output #0, segment, to '/storage/emulated/0/Movies/segment/20200312_195430/20200312_195430!%03d.mp4':
07-05 22:05:59.081   720  1916 I mobile-ffmpeg:   Metadata:
07-05 22:05:59.081   720  1916 I mobile-ffmpeg:     compatible_brands: 
07-05 22:05:59.082   720  1916 I mobile-ffmpeg: mp42mp42
07-05 22:05:59.082   720  1916 I mobile-ffmpeg: 
07-05 22:05:59.082   720  1916 I mobile-ffmpeg:     major_brand     : 
07-05 22:05:59.082   720  1916 I mobile-ffmpeg: mp42
07-05 22:05:59.082   720  1916 I mobile-ffmpeg: 
07-05 22:05:59.082   720  1916 I mobile-ffmpeg:     minor_version   : 
07-05 22:05:59.082   720  1916 I mobile-ffmpeg: 1
07-05 22:05:59.082   720  1916 I mobile-ffmpeg: 
07-05 22:05:59.082   720  1916 I mobile-ffmpeg:     encoder         : 
07-05 22:05:59.082   720  1916 I mobile-ffmpeg: Lavf58.42.100
07-05 22:05:59.082   720  1916 I mobile-ffmpeg: 
07-05 22:05:59.082   720  1916 I mobile-ffmpeg:     Stream #0:0
07-05 22:05:59.082   720  1916 I mobile-ffmpeg: (eng)
07-05 22:05:59.082   720  1916 I mobile-ffmpeg: : Video: h264 (avc1 / 0x31637661), yuvj420p(pc, bt709), 1280x720, q=2-31, 8384 kb/s
07-05 22:05:59.082   720  1916 I mobile-ffmpeg: , 
07-05 22:05:59.082   720  1916 I mobile-ffmpeg: 29.97 fps, 
07-05 22:05:59.082   720  1916 I mobile-ffmpeg: 29.97 tbr, 
07-05 22:05:59.082   720  1916 I mobile-ffmpeg: 16k tbn, 
07-05 22:05:59.082   720  1916 I mobile-ffmpeg: 1k tbc
07-05 22:05:59.082   720  1916 I mobile-ffmpeg:  (default)
07-05 22:05:59.082   720  1916 I mobile-ffmpeg: 
07-05 22:05:59.082   720  1916 I mobile-ffmpeg:     Metadata:
07-05 22:05:59.082   720  1916 I mobile-ffmpeg:       creation_time   : 
07-05 22:05:59.082   720  1916 I mobile-ffmpeg: 2020-03-12T08:55:30.000000Z
07-05 22:05:59.082   720  1916 I mobile-ffmpeg: 
07-05 22:05:59.082   720  1916 I mobile-ffmpeg:       handler_name    : 
07-05 22:05:59.082   720  1916 I mobile-ffmpeg: PittaSoft Video Media Handler
07-05 22:05:59.082   720  1916 I mobile-ffmpeg: 
07-05 22:05:59.082   720  1916 I mobile-ffmpeg:     Stream #0:1
07-05 22:05:59.082   720  1916 I mobile-ffmpeg: (eng)
07-05 22:05:59.082   720  1916 I mobile-ffmpeg: : Audio: aac (mp4a / 0x6134706D), 16000 Hz, stereo, fltp, 47 kb/s
07-05 22:05:59.082   720  1916 I mobile-ffmpeg:  (default)
07-05 22:05:59.082   720  1916 I mobile-ffmpeg: 
07-05 22:05:59.082   720  1916 I mobile-ffmpeg:     Metadata:
07-05 22:05:59.082   720  1916 I mobile-ffmpeg:       creation_time   : 
07-05 22:05:59.082   720  1916 I mobile-ffmpeg: 2020-03-12T08:55:30.000000Z
07-05 22:05:59.082   720  1916 I mobile-ffmpeg: 
07-05 22:05:59.082   720  1916 I mobile-ffmpeg:       handler_name    : 
07-05 22:05:59.082   720  1916 I mobile-ffmpeg: PittaSoft Sound Media Handler
07-05 22:05:59.082   720  1916 I mobile-ffmpeg: 
07-05 22:05:59.082   720  1916 I mobile-ffmpeg: Stream mapping:
07-05 22:05:59.082   720  1916 I mobile-ffmpeg:   Stream #0:0 -> #0:0
07-05 22:05:59.082   720  1916 I mobile-ffmpeg:  (copy)
07-05 22:05:59.082   720  1916 I mobile-ffmpeg: 
07-05 22:05:59.082   720  1916 I mobile-ffmpeg:   Stream #0:1 -> #0:1
07-05 22:05:59.082   720  1916 I mobile-ffmpeg:  (copy)
07-05 22:05:59.082   720  1916 I mobile-ffmpeg: 
07-05 22:05:59.083   720  1916 I mobile-ffmpeg: Press [q] to stop, [?] for help
07-05 22:05:59.083   720  1916 I mobile-ffmpeg: frame=    1 fps=0.0 q=-1.0 size=N/A time=00:00:00.00 bitrate=N/A speed=  63x    
07-05 22:05:59.140   720  1916 I mobile-ffmpeg: [segment @ 0x78e665c000] Opening '/storage/emulated/0/Movies/segment/20200312_195430/20200312_195430!001.mp4' for writing
07-05 22:05:59.193   720  1916 I mobile-ffmpeg: [segment @ 0x78e665c000] Opening '/storage/emulated/0/Movies/segment/20200312_195430/20200312_195430!002.mp4' for writing
07-05 22:05:59.246   720  1916 I mobile-ffmpeg: [segment @ 0x78e665c000] Opening '/storage/emulated/0/Movies/segment/20200312_195430/20200312_195430!003.mp4' for writing
07-05 22:05:59.287   720  1916 I mobile-ffmpeg: frame= 1800 fps=0.0 q=-1.0 Lsize=N/A time=00:01:00.01 bitrate=N/A speed= 293x    
07-05 22:05:59.287   720  1916 I mobile-ffmpeg: video:61430kB audio:345kB subtitle:0kB other streams:0kB global headers:0kB muxing overhead: 
07-05 22:05:59.287   720  1916 I mobile-ffmpeg: unknown
07-05 22:05:59.287   720  1916 I mobile-ffmpeg: 
07-05 22:05:59.290   720  1764 V FileManager: External storage is readable
07-05 22:05:59.290   720  1764 V FileManager: Directory already exists: /storage/emulated/0/Movies/segment/20200312_195430
07-05 22:05:59.291   720  1764 V VideoManager: Retrieving videos from /storage/emulated/0/Movies/segment/20200312_195430
07-05 22:05:59.291   720  1764 V VideoManager: Retrieving video from /storage/emulated/0/Movies/segment/20200312_195430/20200312_195430!000.mp4
07-05 22:05:59.300   720  1764 V VideoManager: videoFromCursor
07-05 22:05:59.302   720  1764 V VideoManager: Retrieving video from /storage/emulated/0/Movies/segment/20200312_195430/20200312_195430!001.mp4
07-05 22:05:59.310   720  1764 V VideoManager: videoFromCursor
07-05 22:05:59.313   720  1764 V VideoManager: Retrieving video from /storage/emulated/0/Movies/segment/20200312_195430/20200312_195430!002.mp4
07-05 22:05:59.320   720  1764 V VideoManager: videoFromCursor
07-05 22:05:59.323   720  1764 V VideoManager: Retrieving video from /storage/emulated/0/Movies/segment/20200312_195430/20200312_195430!003.mp4
07-05 22:05:59.329   720  1764 V VideoManager: videoFromCursor
07-05 22:05:59.332   720  1764 V NearbyFragment: nextTransfer with selected algorithm: fastest
07-05 22:05:59.333   720  1764 W NearbyFragment: Sending 20200312_195430!000.mp4 to Nexus 5 [1825]
07-05 22:05:59.343   720   720 V NearbyFragment: Transfer to Endpoint{id=Rc4h, name=Nexus 5 [1825]} complete
07-05 22:06:00.335   720  1764 V DownloadTestVideosTask: Starting DownloadTestVideosTask
07-05 22:06:00.339   720  1764 D DownloadTestVideosTask: No new videos
07-05 22:06:00.342   720  1764 W NearbyFragment: Stopped downloading from dashcam
07-05 22:06:01.255   720   720 V NearbyFragment: Transfer to Endpoint{id=4qxN, name=Nexus 5X [34d8]} complete
07-05 22:06:01.825   720   720 D NearbyFragment: onPayloadReceived(endpointId=4qxN, payload=com.google.android.gms.nearby.connection.Payload@92f5f29)
07-05 22:06:01.826   720   720 D NearbyFragment: Endpoint{id=4qxN, name=Nexus 5X [34d8]} has finished downloading 20200312_195330!003.mp4
07-05 22:06:01.827   720   720 V NearbyFragment: nextTransfer with selected algorithm: fastest
07-05 22:06:01.829   720   720 W NearbyFragment: Sending 20200312_195430!001.mp4 to Nexus 5 [1825]
07-05 22:06:01.873   720   720 V NearbyFragment: Transfer to Endpoint{id=Rc4h, name=Nexus 5 [1825]} complete
07-05 22:06:01.921   720   720 V NearbyFragment: Transfer to Endpoint{id=Rc4h, name=Nexus 5 [1825]} complete
07-05 22:06:01.922   720   720 W NearbyFragment: Completed downloading 20200312_194930!000.mp4 from Endpoint{id=Rc4h, name=Nexus 5 [1825]} in 06.066s
07-05 22:06:01.928   720   720 V FileManager: External storage is readable
07-05 22:06:01.928   720   720 V FileManager: Directory already exists: /storage/emulated/0/Movies/segment-sum/20200312_194930
07-05 22:06:02.008   720   720 V NearbyFragment: Received a segment of 20200312_194930
07-05 22:06:02.008   720   720 V NearbyFragment: Transfer to Endpoint{id=4qxN, name=Nexus 5X [34d8]} complete
07-05 22:06:06.897   720   720 D NearbyFragment: onPayloadReceived(endpointId=Rc4h, payload=com.google.android.gms.nearby.connection.Payload@6698bdc)
07-05 22:06:06.899   720   720 D NearbyFragment: 20200312_194930!002.mp4 from Endpoint{id=Rc4h, name=Nexus 5 [1825]} contained no activity
07-05 22:06:06.900   720   720 V NearbyFragment: Received a segment of 20200312_194930
07-05 22:06:06.902   720   720 V NearbyFragment: nextTransfer with selected algorithm: fastest
07-05 22:06:06.907   720   720 W NearbyFragment: Sending 20200312_195430!002.mp4 to Nexus 5 [1825]
07-05 22:06:06.912   720   720 V NearbyFragment: Transfer to Endpoint{id=Rc4h, name=Nexus 5 [1825]} complete
07-05 22:06:07.328   720   720 V NearbyFragment: Transfer to Endpoint{id=Rc4h, name=Nexus 5 [1825]} complete
07-05 22:06:07.370   720   720 V NearbyFragment: Transfer to Endpoint{id=Rc4h, name=Nexus 5 [1825]} complete
07-05 22:06:08.235   720   720 D NearbyFragment: onPayloadReceived(endpointId=Rc4h, payload=com.google.android.gms.nearby.connection.Payload@cc59a6b)
07-05 22:06:08.237   720   720 D NearbyFragment: Endpoint{id=Rc4h, name=Nexus 5 [1825]} has finished downloading 20200312_195430!000.mp4
07-05 22:06:08.241   720   720 V NearbyFragment: nextTransfer with selected algorithm: fastest
07-05 22:06:08.245   720   720 W NearbyFragment: Sending 20200312_195430!003.mp4 to Nexus 5X [34d8]
07-05 22:06:08.259   720   720 V NearbyFragment: Transfer to Endpoint{id=Rc4h, name=Nexus 5 [1825]} complete
07-05 22:06:08.272   720   720 V NearbyFragment: Transfer to Endpoint{id=4qxN, name=Nexus 5X [34d8]} complete
07-05 22:06:14.952   720   720 V NearbyFragment: Transfer to Endpoint{id=Rc4h, name=Nexus 5 [1825]} complete
07-05 22:06:16.130   720   720 D NearbyFragment: onPayloadReceived(endpointId=Rc4h, payload=com.google.android.gms.nearby.connection.Payload@25fe986)
07-05 22:06:16.131   720   720 D NearbyFragment: Endpoint{id=Rc4h, name=Nexus 5 [1825]} has finished downloading 20200312_195430!001.mp4
07-05 22:06:16.134   720   720 I NearbyFragment: Transfer queue is empty
07-05 22:06:16.136   720   720 V NearbyFragment: Transfer to Endpoint{id=Rc4h, name=Nexus 5 [1825]} complete
07-05 22:06:16.140   720   720 D NearbyFragment: onPayloadReceived(endpointId=Rc4h, payload=com.google.android.gms.nearby.connection.Payload@fa17247)
07-05 22:06:16.142   720   720 D NearbyFragment: 20200312_195230!000.mp4 from Endpoint{id=Rc4h, name=Nexus 5 [1825]} contained no activity
07-05 22:06:16.143   720   720 V NearbyFragment: Received a segment of 20200312_195230
07-05 22:06:16.144   720   720 I NearbyFragment: Transfer queue is empty
07-05 22:06:16.145   720   720 V NearbyFragment: Transfer to Endpoint{id=Rc4h, name=Nexus 5 [1825]} complete
07-05 22:06:22.134   720   720 V NearbyFragment: Transfer to Endpoint{id=Rc4h, name=Nexus 5 [1825]} complete
07-05 22:06:23.581   720   720 D NearbyFragment: onPayloadReceived(endpointId=Rc4h, payload=com.google.android.gms.nearby.connection.Payload@2797a74)
07-05 22:06:23.581   720   720 D NearbyFragment: Endpoint{id=Rc4h, name=Nexus 5 [1825]} has finished downloading 20200312_195430!002.mp4
07-05 22:06:23.582   720   720 I NearbyFragment: Transfer queue is empty
07-05 22:06:23.671   720   720 V NearbyFragment: Transfer to Endpoint{id=Rc4h, name=Nexus 5 [1825]} complete
07-05 22:06:24.970   720   720 V NearbyFragment: Transfer to Endpoint{id=4qxN, name=Nexus 5X [34d8]} complete
07-05 22:06:25.234   720   720 D NearbyFragment: onPayloadReceived(endpointId=Rc4h, payload=com.google.android.gms.nearby.connection.Payload@ac0ab9d)
07-05 22:06:25.235   720   720 D NearbyFragment: 20200312_195230!002.mp4 from Endpoint{id=Rc4h, name=Nexus 5 [1825]} contained no activity
07-05 22:06:25.236   720   720 V NearbyFragment: Received a segment of 20200312_195230
07-05 22:06:25.237   720   720 I NearbyFragment: Transfer queue is empty
07-05 22:06:25.242   720   720 V NearbyFragment: Transfer to Endpoint{id=Rc4h, name=Nexus 5 [1825]} complete
07-05 22:06:25.927   720   720 D NearbyFragment: onPayloadReceived(endpointId=4qxN, payload=com.google.android.gms.nearby.connection.Payload@c11812)
07-05 22:06:25.928   720   720 D NearbyFragment: Endpoint{id=4qxN, name=Nexus 5X [34d8]} has finished downloading 20200312_195430!003.mp4
07-05 22:06:25.929   720   720 I NearbyFragment: Transfer queue is empty
07-05 22:06:25.965   720   720 V NearbyFragment: Transfer to Endpoint{id=4qxN, name=Nexus 5X [34d8]} complete
07-05 22:06:32.980   720   720 D NearbyFragment: onPayloadReceived(endpointId=Rc4h, payload=com.google.android.gms.nearby.connection.Payload@778ebe3)
07-05 22:06:32.981   720   720 D NearbyFragment: 20200312_195230!003.mp4 from Endpoint{id=Rc4h, name=Nexus 5 [1825]} contained no activity
07-05 22:06:32.981   720   720 V NearbyFragment: Received a segment of 20200312_195230
07-05 22:06:32.981   720   720 I NearbyFragment: Transfer queue is empty
07-05 22:06:32.985   720   720 V NearbyFragment: Transfer to Endpoint{id=Rc4h, name=Nexus 5 [1825]} complete
07-05 22:06:45.920   720   720 D NearbyFragment: onPayloadReceived(endpointId=4qxN, payload=com.google.android.gms.nearby.connection.Payload@aedc9e0)
07-05 22:06:45.921   720   720 V NearbyFragment: Started downloading 20200312_194930!003.mp4 from Endpoint{id=4qxN, name=Nexus 5X [34d8]}
07-05 22:06:45.923   720   720 I NearbyFragment: Transfer queue is empty
07-05 22:06:45.929   720   720 V NearbyFragment: Transfer to Endpoint{id=4qxN, name=Nexus 5X [34d8]} complete
07-05 22:06:45.975   720   720 D NearbyFragment: onPayloadReceived(endpointId=4qxN, payload=com.google.android.gms.nearby.connection.Payload@e016499)
07-05 22:06:47.500   720   720 V NearbyFragment: Transfer to Endpoint{id=4qxN, name=Nexus 5X [34d8]} complete
07-05 22:06:47.503   720   720 W NearbyFragment: Completed downloading 20200312_194930!003.mp4 from Endpoint{id=4qxN, name=Nexus 5X [34d8]} in 01.579s
07-05 22:06:47.518   720   720 V FileManager: External storage is readable
07-05 22:06:47.519   720   720 V FileManager: Directory already exists: /storage/emulated/0/Movies/segment-sum/20200312_194930
07-05 22:06:47.641   720   720 D NearbyFragment: Received all summarised video segments of 20200312_194930
07-05 22:06:47.651   720   720 V FileManager: External storage is readable
07-05 22:06:47.652   720   720 V FileManager: Directory already exists: /storage/emulated/0/Movies/segment-sum/20200312_194930
07-05 22:06:47.652   720   720 D FfmpegTools: Merging /storage/emulated/0/Movies/summarised/20200312_194930.mp4
07-05 22:06:47.661   720   720 V FileManager: External storage is readable
07-05 22:06:47.661   720   720 V FileManager: Directory already exists: /storage/emulated/0/Movies/segment/20200312_194930
07-05 22:06:47.665   720   720 I FfmpegTools: Running ffmpeg with:
07-05 22:06:47.665   720   720 I FfmpegTools:   -y -f concat -safe 0 -i /storage/emulated/0/Movies/segment/20200312_194930/paths.txt -c copy /storage/emulated/0/Movies/summarised/20200312_194930.mp4
07-05 22:06:47.709   720  1916 I mobile-ffmpeg: [mov,mp4,m4a,3gp,3g2,mj2 @ 0x78d5ee6800] Auto-inserting h264_mp4toannexb bitstream filter
07-05 22:06:47.733   720  1916 I mobile-ffmpeg: Input #0, concat, from '/storage/emulated/0/Movies/segment/20200312_194930/paths.txt':
07-05 22:06:47.734   720  1916 I mobile-ffmpeg:   Duration: 
07-05 22:06:47.734   720  1916 I mobile-ffmpeg: N/A
07-05 22:06:47.734   720  1916 I mobile-ffmpeg: , start: 
07-05 22:06:47.734   720  1916 I mobile-ffmpeg: -0.064000
07-05 22:06:47.734   720  1916 I mobile-ffmpeg: , bitrate: 
07-05 22:06:47.734   720  1916 I mobile-ffmpeg: 1270 kb/s
07-05 22:06:47.735   720  1916 I mobile-ffmpeg: 
07-05 22:06:47.735   720  1916 I mobile-ffmpeg:     Stream #0:0
07-05 22:06:47.735   720  1916 I mobile-ffmpeg: (und)
07-05 22:06:47.735   720  1916 I mobile-ffmpeg: : Video: h264 (avc1 / 0x31637661), yuvj420p(pc), 1280x720, 1185 kb/s
07-05 22:06:47.735   720  1916 I mobile-ffmpeg: , 
07-05 22:06:47.735   720  1916 I mobile-ffmpeg: 29.97 fps, 
07-05 22:06:47.736   720  1916 I mobile-ffmpeg: 29.97 tbr, 
07-05 22:06:47.736   720  1916 I mobile-ffmpeg: 30k tbn, 
07-05 22:06:47.736   720  1916 I mobile-ffmpeg: 59.94 tbc
07-05 22:06:47.736   720  1916 I mobile-ffmpeg: 
07-05 22:06:47.736   720  1916 I mobile-ffmpeg:     Metadata:
07-05 22:06:47.736   720  1916 I mobile-ffmpeg:       handler_name    : 
07-05 22:06:47.736   720  1916 I mobile-ffmpeg: VideoHandler
07-05 22:06:47.737   720  1916 I mobile-ffmpeg: 
07-05 22:06:47.737   720  1916 I mobile-ffmpeg:     Stream #0:1
07-05 22:06:47.737   720  1916 I mobile-ffmpeg: (und)
07-05 22:06:47.737   720  1916 I mobile-ffmpeg: : Audio: aac (mp4a / 0x6134706D), 16000 Hz, stereo, fltp, 85 kb/s
07-05 22:06:47.737   720  1916 I mobile-ffmpeg: 
07-05 22:06:47.737   720  1916 I mobile-ffmpeg:     Metadata:
07-05 22:06:47.737   720  1916 I mobile-ffmpeg:       handler_name    : 
07-05 22:06:47.737   720  1916 I mobile-ffmpeg: SoundHandler
07-05 22:06:47.738   720  1916 I mobile-ffmpeg: 
07-05 22:06:47.738   720  1916 I mobile-ffmpeg: Output #0, mp4, to '/storage/emulated/0/Movies/summarised/20200312_194930.mp4':
07-05 22:06:47.738   720  1916 I mobile-ffmpeg:   Metadata:
07-05 22:06:47.738   720  1916 I mobile-ffmpeg:     encoder         : 
07-05 22:06:47.738   720  1916 I mobile-ffmpeg: Lavf58.42.100
07-05 22:06:47.738   720  1916 I mobile-ffmpeg: 
07-05 22:06:47.738   720  1916 I mobile-ffmpeg:     Stream #0:0
07-05 22:06:47.739   720  1916 I mobile-ffmpeg: (und)
07-05 22:06:47.739   720  1916 I mobile-ffmpeg: : Video: h264 (avc1 / 0x31637661), yuvj420p(pc), 1280x720, q=2-31, 1185 kb/s
07-05 22:06:47.739   720  1916 I mobile-ffmpeg: , 
07-05 22:06:47.739   720  1916 I mobile-ffmpeg: 29.97 fps, 
07-05 22:06:47.739   720  1916 I mobile-ffmpeg: 29.97 tbr, 
07-05 22:06:47.740   720  1916 I mobile-ffmpeg: 30k tbn, 
07-05 22:06:47.740   720  1916 I mobile-ffmpeg: 30k tbc
07-05 22:06:47.740   720  1916 I mobile-ffmpeg: 
07-05 22:06:47.740   720  1916 I mobile-ffmpeg:     Metadata:
07-05 22:06:47.740   720  1916 I mobile-ffmpeg:       handler_name    : 
07-05 22:06:47.740   720  1916 I mobile-ffmpeg: VideoHandler
07-05 22:06:47.740   720  1916 I mobile-ffmpeg: 
07-05 22:06:47.740   720  1916 I mobile-ffmpeg:     Stream #0:1
07-05 22:06:47.741   720  1916 I mobile-ffmpeg: (und)
07-05 22:06:47.741   720  1916 I mobile-ffmpeg: : Audio: aac (mp4a / 0x6134706D), 16000 Hz, stereo, fltp, 85 kb/s
07-05 22:06:47.741   720  1916 I mobile-ffmpeg: 
07-05 22:06:47.741   720  1916 I mobile-ffmpeg:     Metadata:
07-05 22:06:47.741   720  1916 I mobile-ffmpeg:       handler_name    : 
07-05 22:06:47.742   720  1916 I mobile-ffmpeg: SoundHandler
07-05 22:06:47.742   720  1916 I mobile-ffmpeg: 
07-05 22:06:47.742   720  1916 I mobile-ffmpeg: Stream mapping:
07-05 22:06:47.742   720  1916 I mobile-ffmpeg:   Stream #0:0 -> #0:0
07-05 22:06:47.742   720  1916 I mobile-ffmpeg:  (copy)
07-05 22:06:47.742   720  1916 I mobile-ffmpeg: 
07-05 22:06:47.742   720  1916 I mobile-ffmpeg:   Stream #0:1 -> #0:1
07-05 22:06:47.742   720  1916 I mobile-ffmpeg:  (copy)
07-05 22:06:47.743   720  1916 I mobile-ffmpeg: 
07-05 22:06:47.743   720  1916 I mobile-ffmpeg: Press [q] to stop, [?] for help
07-05 22:06:47.743   720  1916 I mobile-ffmpeg: frame=    1 fps=0.0 q=-1.0 size=       0kB time=00:00:00.00 bitrate=N/A speed=   0x    
07-05 22:06:47.785   720  1916 I mobile-ffmpeg: [mov,mp4,m4a,3gp,3g2,mj2 @ 0x78d5ee6800] Auto-inserting h264_mp4toannexb bitstream filter
07-05 22:06:47.812   720  1916 I mobile-ffmpeg: [mov,mp4,m4a,3gp,3g2,mj2 @ 0x78d5ee6800] Auto-inserting h264_mp4toannexb bitstream filter
07-05 22:06:47.839   720  1916 I mobile-ffmpeg: frame=  664 fps=0.0 q=-1.0 Lsize=    3463kB time=00:00:22.31 bitrate=1271.1kbits/s speed= 215x    
07-05 22:06:47.839   720   720 V FfmpegTools: Retrieving duration of /storage/emulated/0/Movies/summarised/20200312_194930.mp4
07-05 22:06:47.839   720  1916 I mobile-ffmpeg: video:3220kB audio:231kB subtitle:0kB other streams:0kB global headers:0kB muxing overhead: 
07-05 22:06:47.840   720  1916 I mobile-ffmpeg: 0.331608%
07-05 22:06:47.840   720  1916 I mobile-ffmpeg: 
07-05 22:06:47.862   720  1916 I mobile-ffmpeg: Input #0, mov,mp4,m4a,3gp,3g2,mj2, from '/storage/emulated/0/Movies/summarised/20200312_194930.mp4':
07-05 22:06:47.862   720  1916 I mobile-ffmpeg:   Metadata:
07-05 22:06:47.863   720  1916 I mobile-ffmpeg:     major_brand     : 
07-05 22:06:47.863   720  1916 I mobile-ffmpeg: isom
07-05 22:06:47.863   720  1916 I mobile-ffmpeg: 
07-05 22:06:47.863   720  1916 I mobile-ffmpeg:     minor_version   : 
07-05 22:06:47.863   720  1916 I mobile-ffmpeg: 512
07-05 22:06:47.863   720  1916 I mobile-ffmpeg: 
07-05 22:06:47.863   720  1916 I mobile-ffmpeg:     compatible_brands: 
07-05 22:06:47.863   720  1916 I mobile-ffmpeg: isomiso2avc1mp41
07-05 22:06:47.864   720  1916 I mobile-ffmpeg: 
07-05 22:06:47.864   720  1916 I mobile-ffmpeg:     encoder         : 
07-05 22:06:47.864   720  1916 I mobile-ffmpeg: Lavf58.42.100
07-05 22:06:47.864   720  1916 I mobile-ffmpeg: 
07-05 22:06:47.864   720  1916 I mobile-ffmpeg:   Duration: 
07-05 22:06:47.864   720  1916 I mobile-ffmpeg: 00:00:22.33
07-05 22:06:47.865   720  1916 I mobile-ffmpeg: , start: 
07-05 22:06:47.865   720  1916 I mobile-ffmpeg: 0.000000
07-05 22:06:47.865   720  1916 I mobile-ffmpeg: , bitrate: 
07-05 22:06:47.865   720  1916 I mobile-ffmpeg: 1270 kb/s
07-05 22:06:47.865   720  1916 I mobile-ffmpeg: 
07-05 22:06:47.865   720  1916 I mobile-ffmpeg:     Stream #0:0
07-05 22:06:47.866   720  1916 I mobile-ffmpeg: (und)
07-05 22:06:47.866   720  1916 I mobile-ffmpeg: : Video: h264 (avc1 / 0x31637661), yuvj420p(pc), 1280x720, 1183 kb/s
07-05 22:06:47.866   720  1916 I mobile-ffmpeg: , 
07-05 22:06:47.866   720  1916 I mobile-ffmpeg: 29.80 fps, 
07-05 22:06:47.866   720  1916 I mobile-ffmpeg: 29.97 tbr, 
07-05 22:06:47.866   720  1916 I mobile-ffmpeg: 30k tbn, 
07-05 22:06:47.866   720  1916 I mobile-ffmpeg: 59.94 tbc
07-05 22:06:47.866   720  1916 I mobile-ffmpeg:  (default)
07-05 22:06:47.867   720  1916 I mobile-ffmpeg: 
07-05 22:06:47.867   720  1916 I mobile-ffmpeg:     Metadata:
07-05 22:06:47.867   720  1916 I mobile-ffmpeg:       handler_name    : 
07-05 22:06:47.867   720  1916 I mobile-ffmpeg: VideoHandler
07-05 22:06:47.867   720  1916 I mobile-ffmpeg: 
07-05 22:06:47.867   720  1916 I mobile-ffmpeg:     Stream #0:1
07-05 22:06:47.867   720  1916 I mobile-ffmpeg: (und)
07-05 22:06:47.867   720   720 W FfmpegTools: Merged duration of 20200312_194930: 22.33
07-05 22:06:47.868   720  1916 I mobile-ffmpeg: : Audio: aac (mp4a / 0x6134706D), 16000 Hz, stereo, fltp, 84 kb/s
07-05 22:06:47.868   720  1916 I mobile-ffmpeg:  (default)
07-05 22:06:47.868   720  1916 I mobile-ffmpeg: 
07-05 22:06:47.868   720  1916 I mobile-ffmpeg:     Metadata:
07-05 22:06:47.868   720  1916 I mobile-ffmpeg:       handler_name    : 
07-05 22:06:47.869   720  1916 I mobile-ffmpeg: SoundHandler
07-05 22:06:47.869   720  1916 I mobile-ffmpeg: 
07-05 22:06:47.942   720   720 V VideoManager: Retrieving video from /storage/emulated/0/Movies/summarised/20200312_194930.mp4
07-05 22:06:47.975   720   720 V VideoManager: videoFromCursor
07-05 22:06:47.979   720   720 V SummarisedVideosEventHandler: onAdd
07-05 22:06:47.980   720   720 V RawFootageEventHandler: removeByName
07-05 22:06:47.982   720   720 V ProcessingVideosEventHandler: removeByName
07-05 22:06:47.983   720   720 V NearbyFragment: Removing video segment map for 20200312_194930
07-05 22:07:04.609   720   720 D NearbyFragment: onPayloadReceived(endpointId=Rc4h, payload=com.google.android.gms.nearby.connection.Payload@efab155)
07-05 22:07:04.611   720   720 V NearbyFragment: Started downloading 20200312_195430!000.mp4 from Endpoint{id=Rc4h, name=Nexus 5 [1825]}
07-05 22:07:04.614   720   720 I NearbyFragment: Transfer queue is empty
07-05 22:07:04.615   720   720 V NearbyFragment: Transfer to Endpoint{id=Rc4h, name=Nexus 5 [1825]} complete
07-05 22:07:04.660   720   720 D NearbyFragment: onPayloadReceived(endpointId=Rc4h, payload=com.google.android.gms.nearby.connection.Payload@f83976a)
07-05 22:07:04.951   720   720 V NearbyFragment: Transfer to Endpoint{id=Rc4h, name=Nexus 5 [1825]} complete
07-05 22:07:04.952   720   720 W NearbyFragment: Completed downloading 20200312_195430!000.mp4 from Endpoint{id=Rc4h, name=Nexus 5 [1825]} in 00.339s
07-05 22:07:04.960   720   720 V FileManager: External storage is readable
07-05 22:07:04.961   720   720 V FileManager: Created new directory: /storage/emulated/0/Movies/segment-sum/20200312_195430
07-05 22:07:05.001   720   720 V NearbyFragment: Received a segment of 20200312_195430
07-05 22:07:27.016   720   720 D NearbyFragment: onPayloadReceived(endpointId=4qxN, payload=com.google.android.gms.nearby.connection.Payload@925f45b)
07-05 22:07:27.016   720   720 V NearbyFragment: Started downloading 20200312_195230!001.mp4 from Endpoint{id=4qxN, name=Nexus 5X [34d8]}
07-05 22:07:27.017   720   720 I NearbyFragment: Transfer queue is empty
07-05 22:07:27.022   720   720 V NearbyFragment: Transfer to Endpoint{id=4qxN, name=Nexus 5X [34d8]} complete
07-05 22:07:27.073   720   720 D NearbyFragment: onPayloadReceived(endpointId=4qxN, payload=com.google.android.gms.nearby.connection.Payload@efef4f8)
07-05 22:07:27.590   720   720 V NearbyFragment: Transfer to Endpoint{id=4qxN, name=Nexus 5X [34d8]} complete
07-05 22:07:27.593   720   720 W NearbyFragment: Completed downloading 20200312_195230!001.mp4 from Endpoint{id=4qxN, name=Nexus 5X [34d8]} in 00.575s
07-05 22:07:27.610   720   720 V FileManager: External storage is readable
07-05 22:07:27.616   720   720 V FileManager: Created new directory: /storage/emulated/0/Movies/segment-sum/20200312_195230
07-05 22:07:27.700   720   720 D NearbyFragment: Received all summarised video segments of 20200312_195230
07-05 22:07:27.709   720   720 V FileManager: External storage is readable
07-05 22:07:27.709   720   720 V FileManager: Directory already exists: /storage/emulated/0/Movies/segment-sum/20200312_195230
07-05 22:07:27.710   720   720 D FfmpegTools: Merging /storage/emulated/0/Movies/summarised/20200312_195230.mp4
07-05 22:07:27.710   720   720 V FfmpegTools: Retrieving duration of /storage/emulated/0/Movies/segment-sum/20200312_195230/20200312_195230!001.mp4
07-05 22:07:27.741   720  1916 I mobile-ffmpeg: Input #0, mov,mp4,m4a,3gp,3g2,mj2, from '/storage/emulated/0/Movies/segment-sum/20200312_195230/20200312_195230!001.mp4':
07-05 22:07:27.741   720  1916 I mobile-ffmpeg:   Metadata:
07-05 22:07:27.741   720  1916 I mobile-ffmpeg:     major_brand     : 
07-05 22:07:27.741   720  1916 I mobile-ffmpeg: isom
07-05 22:07:27.742   720  1916 I mobile-ffmpeg: 
07-05 22:07:27.742   720  1916 I mobile-ffmpeg:     minor_version   : 
07-05 22:07:27.742   720  1916 I mobile-ffmpeg: 512
07-05 22:07:27.742   720  1916 I mobile-ffmpeg: 
07-05 22:07:27.742   720  1916 I mobile-ffmpeg:     compatible_brands: 
07-05 22:07:27.742   720  1916 I mobile-ffmpeg: isomiso2avc1mp41
07-05 22:07:27.742   720  1916 I mobile-ffmpeg: 
07-05 22:07:27.743   720  1916 I mobile-ffmpeg:     encoder         : 
07-05 22:07:27.743   720  1916 I mobile-ffmpeg: Lavf58.42.100
07-05 22:07:27.743   720  1916 I mobile-ffmpeg: 
07-05 22:07:27.743   720  1916 I mobile-ffmpeg:   Duration: 
07-05 22:07:27.743   720  1916 I mobile-ffmpeg: 00:00:06.97
07-05 22:07:27.743   720  1916 I mobile-ffmpeg: , start: 
07-05 22:07:27.743   720  1916 I mobile-ffmpeg: 0.000000
07-05 22:07:27.743   720  1916 I mobile-ffmpeg: , bitrate: 
07-05 22:07:27.744   720  1916 I mobile-ffmpeg: 1318 kb/s
07-05 22:07:27.744   720  1916 I mobile-ffmpeg: 
07-05 22:07:27.744   720  1916 I mobile-ffmpeg:     Stream #0:0
07-05 22:07:27.744   720  1916 I mobile-ffmpeg: (und)
07-05 22:07:27.744   720  1916 I mobile-ffmpeg: : Video: h264 (avc1 / 0x31637661), yuvj420p(pc), 1280x720, 1238 kb/s
07-05 22:07:27.744   720  1916 I mobile-ffmpeg: , 
07-05 22:07:27.744   720  1916 I mobile-ffmpeg: 29.97 fps, 
07-05 22:07:27.745   720  1916 I mobile-ffmpeg: 29.97 tbr, 
07-05 22:07:27.745   720  1916 I mobile-ffmpeg: 30k tbn, 
07-05 22:07:27.745   720  1916 I mobile-ffmpeg: 59.94 tbc
07-05 22:07:27.745   720  1916 I mobile-ffmpeg:  (default)
07-05 22:07:27.745   720  1916 I mobile-ffmpeg: 
07-05 22:07:27.745   720  1916 I mobile-ffmpeg:     Metadata:
07-05 22:07:27.746   720  1916 I mobile-ffmpeg:       handler_name    : 
07-05 22:07:27.746   720  1916 I mobile-ffmpeg: VideoHandler
07-05 22:07:27.746   720  1916 I mobile-ffmpeg: 
07-05 22:07:27.746   720  1916 I mobile-ffmpeg:     Stream #0:1
07-05 22:07:27.746   720  1916 I mobile-ffmpeg: (und)
07-05 22:07:27.746   720  1916 I mobile-ffmpeg: : Audio: aac (mp4a / 0x6134706D), 16000 Hz, stereo, fltp, 85 kb/s
07-05 22:07:27.746   720  1916 I mobile-ffmpeg:  (default)
07-05 22:07:27.746   720  1916 I mobile-ffmpeg: 
07-05 22:07:27.747   720  1916 I mobile-ffmpeg:     Metadata:
07-05 22:07:27.747   720  1916 I mobile-ffmpeg:       handler_name    : 
07-05 22:07:27.747   720  1916 I mobile-ffmpeg: SoundHandler
07-05 22:07:27.747   720  1916 I mobile-ffmpeg: 
07-05 22:07:27.748   720   720 W FfmpegTools: Single segment returned, duration of 20200312_195230: 6.97
07-05 22:07:27.877   720   720 V VideoManager: Retrieving video from /storage/emulated/0/Movies/summarised/20200312_195230.mp4
07-05 22:07:27.908   720   720 V VideoManager: videoFromCursor
07-05 22:07:27.915   720   720 V SummarisedVideosEventHandler: onAdd
07-05 22:07:27.915   720   720 V RawFootageEventHandler: removeByName
07-05 22:07:27.917   720   720 V ProcessingVideosEventHandler: removeByName
07-05 22:07:27.919   720   720 V NearbyFragment: Removing video segment map for 20200312_195230
07-05 22:07:38.992   720   720 D NearbyFragment: onPayloadReceived(endpointId=Rc4h, payload=com.google.android.gms.nearby.connection.Payload@eaa68a4)
07-05 22:07:38.993   720   720 V NearbyFragment: Started downloading 20200312_195430!001.mp4 from Endpoint{id=Rc4h, name=Nexus 5 [1825]}
07-05 22:07:38.993   720   720 I NearbyFragment: Transfer queue is empty
07-05 22:07:38.999   720   720 V NearbyFragment: Transfer to Endpoint{id=Rc4h, name=Nexus 5 [1825]} complete
07-05 22:07:39.033   720   720 D NearbyFragment: onPayloadReceived(endpointId=Rc4h, payload=com.google.android.gms.nearby.connection.Payload@d48b60d)
07-05 22:07:39.398   720   720 V NearbyFragment: Transfer to Endpoint{id=Rc4h, name=Nexus 5 [1825]} complete
07-05 22:07:39.399   720   720 W NearbyFragment: Completed downloading 20200312_195430!001.mp4 from Endpoint{id=Rc4h, name=Nexus 5 [1825]} in 00.405s
07-05 22:07:39.408   720   720 V FileManager: External storage is readable
07-05 22:07:39.409   720   720 V FileManager: Directory already exists: /storage/emulated/0/Movies/segment-sum/20200312_195430
07-05 22:07:39.465   720   720 V NearbyFragment: Received a segment of 20200312_195430
07-05 22:07:41.455   720   720 D NearbyFragment: onPayloadReceived(endpointId=4qxN, payload=com.google.android.gms.nearby.connection.Payload@26c93d3)
07-05 22:07:41.455   720   720 V NearbyFragment: Started downloading 20200312_195330!000.mp4 from Endpoint{id=4qxN, name=Nexus 5X [34d8]}
07-05 22:07:41.456   720   720 I NearbyFragment: Transfer queue is empty
07-05 22:07:41.459   720   720 V NearbyFragment: Transfer to Endpoint{id=4qxN, name=Nexus 5X [34d8]} complete
07-05 22:07:41.492   720   720 D NearbyFragment: onPayloadReceived(endpointId=4qxN, payload=com.google.android.gms.nearby.connection.Payload@5776b10)
07-05 22:07:41.513   720   720 V NearbyFragment: Transfer to Endpoint{id=4qxN, name=Nexus 5X [34d8]} complete
07-05 22:07:41.515   720   720 W NearbyFragment: Completed downloading 20200312_195330!000.mp4 from Endpoint{id=4qxN, name=Nexus 5X [34d8]} in 00.059s
07-05 22:07:41.523   720   720 V FileManager: External storage is readable
07-05 22:07:41.527   720   720 V FileManager: Created new directory: /storage/emulated/0/Movies/segment-sum/20200312_195330
07-05 22:07:41.547   720   720 V NearbyFragment: Received a segment of 20200312_195330
07-05 22:08:12.127   720   720 D NearbyFragment: onPayloadReceived(endpointId=Rc4h, payload=com.google.android.gms.nearby.connection.Payload@4d7a609)
07-05 22:08:12.130   720   720 V NearbyFragment: Started downloading 20200312_195430!002.mp4 from Endpoint{id=Rc4h, name=Nexus 5 [1825]}
07-05 22:08:12.132   720   720 I NearbyFragment: Transfer queue is empty
07-05 22:08:12.134   720   720 V NearbyFragment: Transfer to Endpoint{id=Rc4h, name=Nexus 5 [1825]} complete
07-05 22:08:12.159   720   720 D NearbyFragment: onPayloadReceived(endpointId=Rc4h, payload=com.google.android.gms.nearby.connection.Payload@85ea00e)
07-05 22:08:12.259   720   720 V NearbyFragment: Transfer to Endpoint{id=Rc4h, name=Nexus 5 [1825]} complete
07-05 22:08:12.261   720   720 W NearbyFragment: Completed downloading 20200312_195430!002.mp4 from Endpoint{id=Rc4h, name=Nexus 5 [1825]} in 00.130s
07-05 22:08:12.268   720   720 V FileManager: External storage is readable
07-05 22:08:12.268   720   720 V FileManager: Directory already exists: /storage/emulated/0/Movies/segment-sum/20200312_195430
07-05 22:08:12.313   720   720 V NearbyFragment: Received a segment of 20200312_195430
07-05 22:08:28.377   720   720 D NearbyFragment: onPayloadReceived(endpointId=4qxN, payload=com.google.android.gms.nearby.connection.Payload@de29a2f)
07-05 22:08:28.377   720   720 V NearbyFragment: Started downloading 20200312_195330!001.mp4 from Endpoint{id=4qxN, name=Nexus 5X [34d8]}
07-05 22:08:28.377   720   720 I NearbyFragment: Transfer queue is empty
07-05 22:08:28.381   720   720 V NearbyFragment: Transfer to Endpoint{id=4qxN, name=Nexus 5X [34d8]} complete
07-05 22:08:28.448   720   720 D NearbyFragment: onPayloadReceived(endpointId=4qxN, payload=com.google.android.gms.nearby.connection.Payload@3d0283c)
07-05 22:08:29.634   720   720 V NearbyFragment: Transfer to Endpoint{id=4qxN, name=Nexus 5X [34d8]} complete
07-05 22:08:29.635   720   720 W NearbyFragment: Completed downloading 20200312_195330!001.mp4 from Endpoint{id=4qxN, name=Nexus 5X [34d8]} in 01.257s
07-05 22:08:29.644   720   720 V FileManager: External storage is readable
07-05 22:08:29.645   720   720 V FileManager: Directory already exists: /storage/emulated/0/Movies/segment-sum/20200312_195330
07-05 22:08:29.753   720   720 V NearbyFragment: Received a segment of 20200312_195330
07-05 22:09:03.535   720   720 D NearbyFragment: onPayloadReceived(endpointId=4qxN, payload=com.google.android.gms.nearby.connection.Payload@a68af1a)
07-05 22:09:03.536   720   720 V NearbyFragment: Started downloading 20200312_195330!002.mp4 from Endpoint{id=4qxN, name=Nexus 5X [34d8]}
07-05 22:09:03.537   720   720 I NearbyFragment: Transfer queue is empty
07-05 22:09:03.542   720   720 V NearbyFragment: Transfer to Endpoint{id=4qxN, name=Nexus 5X [34d8]} complete
07-05 22:09:03.646   720   720 D NearbyFragment: onPayloadReceived(endpointId=4qxN, payload=com.google.android.gms.nearby.connection.Payload@c08aa4b)
07-05 22:09:04.178   720   720 V NearbyFragment: Transfer to Endpoint{id=4qxN, name=Nexus 5X [34d8]} complete
07-05 22:09:04.179   720   720 W NearbyFragment: Completed downloading 20200312_195330!002.mp4 from Endpoint{id=4qxN, name=Nexus 5X [34d8]} in 00.642s
07-05 22:09:04.188   720   720 V FileManager: External storage is readable
07-05 22:09:04.189   720   720 V FileManager: Directory already exists: /storage/emulated/0/Movies/segment-sum/20200312_195330
07-05 22:09:04.274   720   720 V NearbyFragment: Received a segment of 20200312_195330
07-05 22:09:21.089   7