07-05 22:01:32.337   720  1764 V FileManager: Directory already exists: /storage/emulated/0/Movies/segment/20200312_193928
07-05 22:01:32.337   720  1764 V VideoManager: Retrieving videos from /storage/emulated/0/Movies/segment/20200312_193928
07-05 22:01:32.338   720  1764 V VideoManager: Retrieving video from /storage/emulated/0/Movies/segment/20200312_193928/20200312_193928!000.mp4
07-05 22:01:32.347   720  1764 V VideoManager: videoFromCursor
07-05 22:01:32.350   720  1764 V VideoManager: Retrieving video from /storage/emulated/0/Movies/segment/20200312_193928/20200312_193928!001.mp4
07-05 22:01:32.358   720  1764 V VideoManager: videoFromCursor
07-05 22:01:32.361   720  1764 V VideoManager: Retrieving video from /storage/emulated/0/Movies/segment/20200312_193928/20200312_193928!002.mp4
07-05 22:01:32.368   720  1764 V VideoManager: videoFromCursor
07-05 22:01:32.372   720  1764 V VideoManager: Retrieving video from /storage/emulated/0/Movies/segment/20200312_193928/20200312_193928!003.mp4
07-05 22:01:32.381   720  1764 V VideoManager: videoFromCursor
07-05 22:01:32.385   720  1764 V NearbyFragment: nextTransfer with selected algorithm: fastest
07-05 22:01:32.386   720  1764 W NearbyFragment: Sending 20200312_193928!000.mp4 to Nexus 5 [1825]
07-05 22:01:32.405   720   720 V NearbyFragment: Transfer to Endpoint{id=Rc4h, name=Nexus 5 [1825]} complete
07-05 22:01:33.387   720  1764 V DownloadTestVideosTask: Starting DownloadTestVideosTask
07-05 22:01:33.388   720  1764 V DashDownloadManager: Started downloading: 20200312_194129.mp4
07-05 22:01:33.390   720  1764 I System.out: (HTTPLog)-Static: isSBSettingEnabled false
07-05 22:01:33.390   720  1764 I System.out: (HTTPLog)-Static: isSBSettingEnabled false
07-05 22:01:33.421   720  1764 I System.out: (HTTPLog)-Thread-2294-68676488: getTransferStream : ContentLength=69990400, method=GET, HTTPVersion=http/1.1
07-05 22:01:37.381   720   720 V NearbyFragment: Transfer to Endpoint{id=Rc4h, name=Nexus 5 [1825]} complete
07-05 22:01:38.018   720   720 D NearbyFragment: onPayloadReceived(endpointId=Rc4h, payload=com.google.android.gms.nearby.connection.Payload@b22e921)
07-05 22:01:38.019   720   720 D NearbyFragment: Endpoint{id=Rc4h, name=Nexus 5 [1825]} has finished downloading 20200312_193928!000.mp4
07-05 22:01:38.020   720   720 V NearbyFragment: nextTransfer with selected algorithm: fastest
07-05 22:01:38.021   720   720 W NearbyFragment: Sending 20200312_193928!001.mp4 to Nexus 5 [1825]
07-05 22:01:38.033   720   720 V NearbyFragment: Transfer to Endpoint{id=Rc4h, name=Nexus 5 [1825]} complete
07-05 22:01:38.064   720   720 V NearbyFragment: Transfer to Endpoint{id=Rc4h, name=Nexus 5 [1825]} complete
07-05 22:01:44.407   720   720 V NearbyFragment: Transfer to Endpoint{id=Rc4h, name=Nexus 5 [1825]} complete
07-05 22:01:44.667   720   720 D NearbyFragment: onPayloadReceived(endpointId=Rc4h, payload=com.google.android.gms.nearby.connection.Payload@f043834)
07-05 22:01:44.668   720   720 D NearbyFragment: Endpoint{id=Rc4h, name=Nexus 5 [1825]} has finished downloading 20200312_193928!001.mp4
07-05 22:01:44.674   720   720 V NearbyFragment: nextTransfer with selected algorithm: fastest
07-05 22:01:44.677   720   720 W NearbyFragment: Sending 20200312_193928!002.mp4 to Nexus 5X [34d8]
07-05 22:01:44.705   720   720 V NearbyFragment: Transfer to Endpoint{id=4qxN, name=Nexus 5X [34d8]} complete
07-05 22:01:44.892   720   720 V NearbyFragment: Transfer to Endpoint{id=Rc4h, name=Nexus 5 [1825]} complete
07-05 22:01:44.899   720   720 D NearbyFragment: onPayloadReceived(endpointId=Rc4h, payload=com.google.android.gms.nearby.connection.Payload@faa14a3)
07-05 22:01:44.901   720   720 D NearbyFragment: 20200312_193928!000.mp4 from Endpoint{id=Rc4h, name=Nexus 5 [1825]} contained no activity
07-05 22:01:44.902   720   720 V NearbyFragment: Received a segment of 20200312_193928
07-05 22:01:44.904   720   720 V NearbyFragment: nextTransfer with selected algorithm: fastest
07-05 22:01:44.907   720   720 W NearbyFragment: Sending 20200312_193928!003.mp4 to Nexus 5 [1825]
07-05 22:01:44.913   720   720 V NearbyFragment: Transfer to Endpoint{id=Rc4h, name=Nexus 5 [1825]} complete
07-05 22:01:44.942   720   720 V NearbyFragment: Transfer to Endpoint{id=Rc4h, name=Nexus 5 [1825]} complete
07-05 22:01:49.988   720   720 V NearbyFragment: Transfer to Endpoint{id=4qxN, name=Nexus 5X [34d8]} complete
07-05 22:01:50.100   720   720 D NearbyFragment: onPayloadReceived(endpointId=Rc4h, payload=com.google.android.gms.nearby.connection.Payload@503731e)
07-05 22:01:50.100   720   720 D NearbyFragment: 20200312_193928!001.mp4 from Endpoint{id=Rc4h, name=Nexus 5 [1825]} contained no activity
07-05 22:01:50.101   720   720 V NearbyFragment: Received a segment of 20200312_193928
07-05 22:01:50.101   720   720 I NearbyFragment: Transfer queue is empty
07-05 22:01:50.164   720   720 V NearbyFragment: Transfer to Endpoint{id=Rc4h, name=Nexus 5 [1825]} complete
07-05 22:01:50.261   720   720 D NearbyFragment: onPayloadReceived(endpointId=4qxN, payload=com.google.android.gms.nearby.connection.Payload@6bf57ff)
07-05 22:01:50.262   720   720 D NearbyFragment: Endpoint{id=4qxN, name=Nexus 5X [34d8]} has finished downloading 20200312_193928!002.mp4
07-05 22:01:50.263   720   720 I NearbyFragment: Transfer queue is empty
07-05 22:01:50.615   720   720 V NearbyFragment: Transfer to Endpoint{id=4qxN, name=Nexus 5X [34d8]} complete
07-05 22:01:55.112   720   720 V NearbyFragment: Transfer to Endpoint{id=Rc4h, name=Nexus 5 [1825]} complete
07-05 22:01:55.498   720   720 D NearbyFragment: onPayloadReceived(endpointId=Rc4h, payload=com.google.android.gms.nearby.connection.Payload@a8259cc)
07-05 22:01:55.499   720   720 D NearbyFragment: Endpoint{id=Rc4h, name=Nexus 5 [1825]} has finished downloading 20200312_193928!003.mp4
07-05 22:01:55.500   720   720 I NearbyFragment: Transfer queue is empty
07-05 22:01:55.582   720   720 V NearbyFragment: Transfer to Endpoint{id=Rc4h, name=Nexus 5 [1825]} complete
07-05 22:02:00.697   720   720 D NearbyFragment: onPayloadReceived(endpointId=Rc4h, payload=com.google.android.gms.nearby.connection.Payload@a49415)
07-05 22:02:00.698   720   720 D NearbyFragment: 20200312_193928!003.mp4 from Endpoint{id=Rc4h, name=Nexus 5 [1825]} contained no activity
07-05 22:02:00.698   720   720 V NearbyFragment: Received a segment of 20200312_193928
07-05 22:02:00.699   720   720 I NearbyFragment: Transfer queue is empty
07-05 22:02:00.702   720   720 V NearbyFragment: Transfer to Endpoint{id=Rc4h, name=Nexus 5 [1825]} complete
07-05 22:02:01.478   720  1764 V VideoManager: Retrieving video from /storage/emulated/0/Movies/raw/20200312_194129.mp4
07-05 22:02:01.497   720  1764 D VideoManager: videoCursor is null
07-05 22:02:01.578   720  1764 V VideoManager: videoFromCursor
07-05 22:02:01.583   720  1764 W DashDownloadManager: Successfully downloaded 20200312_194129.mp4 in 28.090s
07-05 22:02:01.584   720  1764 V DownloadTestVideosTask: Entering callback for download completion of 20200312_194129.mp4
07-05 22:02:01.585   720  1764 V RawFootageEventHandler: onAdd
07-05 22:02:01.586   720  1764 V FfmpegTools: Retrieving duration of /storage/emulated/0/Movies/raw/20200312_194129.mp4
07-05 22:02:01.595   720  1916 W mobile-ffmpeg: [mov,mp4,m4a,3gp,3g2,mj2 @ 0x78e8b5ae00] Found duplicated MOOV Atom. Skipped it
07-05 22:02:01.649   720  1916 I mobile-ffmpeg: Input #0, mov,mp4,m4a,3gp,3g2,mj2, from '/storage/emulated/0/Movies/raw/20200312_194129.mp4':
07-05 22:02:01.649   720  1916 I mobile-ffmpeg:   Metadata:
07-05 22:02:01.649   720  1916 I mobile-ffmpeg:     creation_time   : 
07-05 22:02:01.649   720  1916 I mobile-ffmpeg: 2020-03-12T08:42:29.000000Z
07-05 22:02:01.649   720  1916 I mobile-ffmpeg: 
07-05 22:02:01.649   720  1916 I mobile-ffmpeg:     major_brand     : 
07-05 22:02:01.649   720  1916 I mobile-ffmpeg: mp42
07-05 22:02:01.649   720  1916 I mobile-ffmpeg: 
07-05 22:02:01.649   720  1916 I mobile-ffmpeg:     minor_version   : 
07-05 22:02:01.650   720  1916 I mobile-ffmpeg: 1
07-05 22:02:01.650   720  1916 I mobile-ffmpeg: 
07-05 22:02:01.650   720  1916 I mobile-ffmpeg:     compatible_brands: 
07-05 22:02:01.650   720  1916 I mobile-ffmpeg: mp42mp42
07-05 22:02:01.650   720  1916 I mobile-ffmpeg: 
07-05 22:02:01.650   720  1916 I mobile-ffmpeg:   Duration: 
07-05 22:02:01.650   720  1916 I mobile-ffmpeg: 00:01:00.02
07-05 22:02:01.650   720  1916 I mobile-ffmpeg: , start: 
07-05 22:02:01.650   720  1916 I mobile-ffmpeg: 0.000000
07-05 22:02:01.650   720  1916 I mobile-ffmpeg: , bitrate: 
07-05 22:02:01.650   720  1916 I mobile-ffmpeg: 9328 kb/s
07-05 22:02:01.650   720  1916 I mobile-ffmpeg: 
07-05 22:02:01.650   720  1916 I mobile-ffmpeg:     Stream #0:0
07-05 22:02:01.650   720  1916 I mobile-ffmpeg: (eng)
07-05 22:02:01.650   720  1916 I mobile-ffmpeg: : Video: h264 (avc1 / 0x31637661), yuvj420p(pc, bt709), 1280x720, 8370 kb/s
07-05 22:02:01.650   720  1916 I mobile-ffmpeg: , 
07-05 22:02:01.650   720  1916 I mobile-ffmpeg: 29.97 fps, 
07-05 22:02:01.650   720  1916 I mobile-ffmpeg: 29.97 tbr, 
07-05 22:02:01.650   720  1916 I mobile-ffmpeg: 1k tbn, 
07-05 22:02:01.650   720  1916 I mobile-ffmpeg: 2k tbc
07-05 22:02:01.650   720  1916 I mobile-ffmpeg:  (default)
07-05 22:02:01.650   720  1916 I mobile-ffmpeg: 
07-05 22:02:01.650   720  1916 I mobile-ffmpeg:     Metadata:
07-05 22:02:01.650   720  1916 I mobile-ffmpeg:       creation_time   : 
07-05 22:02:01.650   720  1916 I mobile-ffmpeg: 2020-03-12T08:42:29.000000Z
07-05 22:02:01.650   720  1916 I mobile-ffmpeg: 
07-05 22:02:01.651   720  1916 I mobile-ffmpeg:       handler_name    : 
07-05 22:02:01.651   720  1916 I mobile-ffmpeg: PittaSoft Video Media Handler
07-05 22:02:01.651   720  1916 I mobile-ffmpeg: 
07-05 22:02:01.651   720  1916 I mobile-ffmpeg:     Stream #0:1
07-05 22:02:01.651   720  1916 I mobile-ffmpeg: (eng)
07-05 22:02:01.651   720  1916 I mobile-ffmpeg: : Audio: aac (mp4a / 0x6134706D), 16000 Hz, stereo, fltp, 47 kb/s
07-05 22:02:01.651   720  1916 I mobile-ffmpeg:  (default)
07-05 22:02:01.651   720  1916 I mobile-ffmpeg: 
07-05 22:02:01.651   720  1916 I mobile-ffmpeg:     Metadata:
07-05 22:02:01.651   720  1916 I mobile-ffmpeg:       creation_time   : 
07-05 22:02:01.651   720  1916 I mobile-ffmpeg: 2020-03-12T08:42:29.000000Z
07-05 22:02:01.651   720  1916 I mobile-ffmpeg: 
07-05 22:02:01.651   720  1916 I mobile-ffmpeg:       handler_name    : 
07-05 22:02:01.651   720  1916 I mobile-ffmpeg: PittaSoft Sound Media Handler
07-05 22:02:01.651   720  1916 I mobile-ffmpeg: 
07-05 22:02:01.661   720  1764 V FileManager: External storage is readable
07-05 22:02:01.663   720  1764 V FileManager: Created new directory: /storage/emulated/0/Movies/segment/20200312_194129
07-05 22:02:01.663   720  1764 V FfmpegTools: Splitting /storage/emulated/0/Movies/raw/20200312_194129.mp4 with 16s long segments
07-05 22:02:01.663   720  1764 I FfmpegTools: Running ffmpeg with:
07-05 22:02:01.663   720  1764 I FfmpegTools:   -y -i /storage/emulated/0/Movies/raw/20200312_194129.mp4 -map 0 -c copy -f segment -reset_timestamps 1 -segment_time 16 /storage/emulated/0/Movies/segment/20200312_194129/20200312_194129!%03d.mp4
07-05 22:02:01.673   720  1916 W mobile-ffmpeg: [mov,mp4,m4a,3gp,3g2,mj2 @ 0x78e8b5ae00] Found duplicated MOOV Atom. Skipped it
07-05 22:02:01.709   720  1916 I mobile-ffmpeg: Input #0, mov,mp4,m4a,3gp,3g2,mj2, from '/storage/emulated/0/Movies/raw/20200312_194129.mp4':
07-05 22:02:01.709   720  1916 I mobile-ffmpeg:   Metadata:
07-05 22:02:01.709   720  1916 I mobile-ffmpeg:     creation_time   : 
07-05 22:02:01.709   720  1916 I mobile-ffmpeg: 2020-03-12T08:42:29.000000Z
07-05 22:02:01.709   720  1916 I mobile-ffmpeg: 
07-05 22:02:01.709   720  1916 I mobile-ffmpeg:     major_brand     : 
07-05 22:02:01.709   720  1916 I mobile-ffmpeg: mp42
07-05 22:02:01.709   720  1916 I mobile-ffmpeg: 
07-05 22:02:01.709   720  1916 I mobile-ffmpeg:     minor_version   : 
07-05 22:02:01.709   720  1916 I mobile-ffmpeg: 1
07-05 22:02:01.709   720  1916 I mobile-ffmpeg: 
07-05 22:02:01.709   720  1916 I mobile-ffmpeg:     compatible_brands: 
07-05 22:02:01.709   720  1916 I mobile-ffmpeg: mp42mp42
07-05 22:02:01.709   720  1916 I mobile-ffmpeg: 
07-05 22:02:01.709   720  1916 I mobile-ffmpeg:   Duration: 
07-05 22:02:01.709   720  1916 I mobile-ffmpeg: 00:01:00.02
07-05 22:02:01.710   720  1916 I mobile-ffmpeg: , start: 
07-05 22:02:01.710   720  1916 I mobile-ffmpeg: 0.000000
07-05 22:02:01.710   720  1916 I mobile-ffmpeg: , bitrate: 
07-05 22:02:01.710   720  1916 I mobile-ffmpeg: 9328 kb/s
07-05 22:02:01.710   720  1916 I mobile-ffmpeg: 
07-05 22:02:01.710   720  1916 I mobile-ffmpeg:     Stream #0:0
07-05 22:02:01.710   720  1916 I mobile-ffmpeg: (eng)
07-05 22:02:01.710   720  1916 I mobile-ffmpeg: : Video: h264 (avc1 / 0x31637661), yuvj420p(pc, bt709), 1280x720, 8370 kb/s
07-05 22:02:01.710   720  1916 I mobile-ffmpeg: , 
07-05 22:02:01.710   720  1916 I mobile-ffmpeg: 29.97 fps, 
07-05 22:02:01.710   720  1916 I mobile-ffmpeg: 29.97 tbr, 
07-05 22:02:01.710   720  1916 I mobile-ffmpeg: 1k tbn, 
07-05 22:02:01.710   720  1916 I mobile-ffmpeg: 2k tbc
07-05 22:02:01.710   720  1916 I mobile-ffmpeg:  (default)
07-05 22:02:01.710   720  1916 I mobile-ffmpeg: 
07-05 22:02:01.710   720  1916 I mobile-ffmpeg:     Metadata:
07-05 22:02:01.710   720  1916 I mobile-ffmpeg:       creation_time   : 
07-05 22:02:01.710   720  1916 I mobile-ffmpeg: 2020-03-12T08:42:29.000000Z
07-05 22:02:01.710   720  1916 I mobile-ffmpeg: 
07-05 22:02:01.710   720  1916 I mobile-ffmpeg:       handler_name    : 
07-05 22:02:01.710   720  1916 I mobile-ffmpeg: PittaSoft Video Media Handler
07-05 22:02:01.710   720  1916 I mobile-ffmpeg: 
07-05 22:02:01.710   720  1916 I mobile-ffmpeg:     Stream #0:1
07-05 22:02:01.710   720  1916 I mobile-ffmpeg: (eng)
07-05 22:02:01.710   720  1916 I mobile-ffmpeg: : Audio: aac (mp4a / 0x6134706D), 16000 Hz, stereo, fltp, 47 kb/s
07-05 22:02:01.710   720  1916 I mobile-ffmpeg:  (default)
07-05 22:02:01.710   720  1916 I mobile-ffmpeg: 
07-05 22:02:01.710   720  1916 I mobile-ffmpeg:     Metadata:
07-05 22:02:01.710   720  1916 I mobile-ffmpeg:       creation_time   : 
07-05 22:02:01.710   720  1916 I mobile-ffmpeg: 2020-03-12T08:42:29.000000Z
07-05 22:02:01.711   720  1916 I mobile-ffmpeg: 
07-05 22:02:01.711   720  1916 I mobile-ffmpeg:       handler_name    : 
07-05 22:02:01.711   720  1916 I mobile-ffmpeg: PittaSoft Sound Media Handler
07-05 22:02:01.711   720  1916 I mobile-ffmpeg: 
07-05 22:02:01.711   720  1916 I mobile-ffmpeg: [segment @ 0x78e665c000] Opening '/storage/emulated/0/Movies/segment/20200312_194129/20200312_194129!000.mp4' for writing
07-05 22:02:01.711   720  1916 I mobile-ffmpeg: Output #0, segment, to '/storage/emulated/0/Movies/segment/20200312_194129/20200312_194129!%03d.mp4':
07-05 22:02:01.711   720  1916 I mobile-ffmpeg:   Metadata:
07-05 22:02:01.711   720  1916 I mobile-ffmpeg:     compatible_brands: 
07-05 22:02:01.711   720  1916 I mobile-ffmpeg: mp42mp42
07-05 22:02:01.711   720  1916 I mobile-ffmpeg: 
07-05 22:02:01.711   720  1916 I mobile-ffmpeg:     major_brand     : 
07-05 22:02:01.711   720  1916 I mobile-ffmpeg: mp42
07-05 22:02:01.711   720  1916 I mobile-ffmpeg: 
07-05 22:02:01.711   720  1916 I mobile-ffmpeg:     minor_version   : 
07-05 22:02:01.711   720  1916 I mobile-ffmpeg: 1
07-05 22:02:01.711   720  1916 I mobile-ffmpeg: 
07-05 22:02:01.711   720  1916 I mobile-ffmpeg:     encoder         : 
07-05 22:02:01.711   720  1916 I mobile-ffmpeg: Lavf58.42.100
07-05 22:02:01.711   720  1916 I mobile-ffmpeg: 
07-05 22:02:01.711   720  1916 I mobile-ffmpeg:     Stream #0:0
07-05 22:02:01.711   720  1916 I mobile-ffmpeg: (eng)
07-05 22:02:01.711   720  1916 I mobile-ffmpeg: : Video: h264 (avc1 / 0x31637661), yuvj420p(pc, bt709), 1280x720, q=2-31, 8370 kb/s
07-05 22:02:01.711   720  1916 I mobile-ffmpeg: , 
07-05 22:02:01.711   720  1916 I mobile-ffmpeg: 29.97 fps, 
07-05 22:02:01.711   720  1916 I mobile-ffmpeg: 29.97 tbr, 
07-05 22:02:01.711   720  1916 I mobile-ffmpeg: 16k tbn, 
07-05 22:02:01.711   720  1916 I mobile-ffmpeg: 1k tbc
07-05 22:02:01.711   720  1916 I mobile-ffmpeg:  (default)
07-05 22:02:01.711   720  1916 I mobile-ffmpeg: 
07-05 22:02:01.711   720  1916 I mobile-ffmpeg:     Metadata:
07-05 22:02:01.712   720  1916 I mobile-ffmpeg:       creation_time   : 
07-05 22:02:01.712   720  1916 I mobile-ffmpeg: 2020-03-12T08:42:29.000000Z
07-05 22:02:01.712   720  1916 I mobile-ffmpeg: 
07-05 22:02:01.712   720  1916 I mobile-ffmpeg:       handler_name    : 
07-05 22:02:01.712   720  1916 I mobile-ffmpeg: PittaSoft Video Media Handler
07-05 22:02:01.712   720  1916 I mobile-ffmpeg: 
07-05 22:02:01.712   720  1916 I mobile-ffmpeg:     Stream #0:1
07-05 22:02:01.712   720  1916 I mobile-ffmpeg: (eng)
07-05 22:02:01.712   720  1916 I mobile-ffmpeg: : Audio: aac (mp4a / 0x6134706D), 16000 Hz, stereo, fltp, 47 kb/s
07-05 22:02:01.712   720  1916 I mobile-ffmpeg:  (default)
07-05 22:02:01.712   720  1916 I mobile-ffmpeg: 
07-05 22:02:01.712   720  1916 I mobile-ffmpeg:     Metadata:
07-05 22:02:01.712   720  1916 I mobile-ffmpeg:       creation_time   : 
07-05 22:02:01.712   720  1916 I mobile-ffmpeg: 2020-03-12T08:42:29.000000Z
07-05 22:02:01.712   720  1916 I mobile-ffmpeg: 
07-05 22:02:01.712   720  1916 I mobile-ffmpeg:       handler_name    : 
07-05 22:02:01.712   720  1916 I mobile-ffmpeg: PittaSoft Sound Media Handler
07-05 22:02:01.712   720  1916 I mobile-ffmpeg: 
07-05 22:02:01.712   720  1916 I mobile-ffmpeg: Stream mapping:
07-05 22:02:01.712   720  1916 I mobile-ffmpeg:   Stream #0:0 -> #0:0
07-05 22:02:01.712   720  1916 I mobile-ffmpeg:  (copy)
07-05 22:02:01.712   720  1916 I mobile-ffmpeg: 
07-05 22:02:01.712   720  1916 I mobile-ffmpeg:   Stream #0:1 -> #0:1
07-05 22:02:01.712   720  1916 I mobile-ffmpeg:  (copy)
07-05 22:02:01.712   720  1916 I mobile-ffmpeg: 
07-05 22:02:01.712   720  1916 I mobile-ffmpeg: Press [q] to stop, [?] for help
07-05 22:02:01.713   720  1916 I mobile-ffmpeg: frame=    1 fps=0.0 q=-1.0 size=N/A time=00:00:00.00 bitrate=N/A speed=31.5x    
07-05 22:02:01.800   720  1916 I mobile-ffmpeg: [segment @ 0x78e665c000] Opening '/storage/emulated/0/Movies/segment/20200312_194129/20200312_194129!001.mp4' for writing
07-05 22:02:01.866   720  1916 I mobile-ffmpeg: [segment @ 0x78e665c000] Opening '/storage/emulated/0/Movies/segment/20200312_194129/20200312_194129!002.mp4' for writing
07-05 22:02:01.919   720  1916 I mobile-ffmpeg: [segment @ 0x78e665c000] Opening '/storage/emulated/0/Movies/segment/20200312_194129/20200312_194129!003.mp4' for writing
07-05 22:02:01.959   720  1916 I mobile-ffmpeg: frame= 1800 fps=0.0 q=-1.0 Lsize=N/A time=00:01:00.03 bitrate=N/A speed= 242x    
07-05 22:02:01.959   720  1916 I mobile-ffmpeg: video:61330kB audio:346kB subtitle:0kB other streams:0kB global headers:0kB muxing overhead: 
07-05 22:02:01.959   720  1916 I mobile-ffmpeg: unknown
07-05 22:02:01.959   720  1916 I mobile-ffmpeg: 
07-05 22:02:01.962   720  1764 V FileManager: External storage is readable
07-05 22:02:01.962   720  1764 V FileManager: Directory already exists: /storage/emulated/0/Movies/segment/20200312_194129
07-05 22:02:01.962   720  1764 V VideoManager: Retrieving videos from /storage/emulated/0/Movies/segment/20200312_194129
07-05 22:02:01.963   720  1764 V VideoManager: Retrieving video from /storage/emulated/0/Movies/segment/20200312_194129/20200312_194129!000.mp4
07-05 22:02:01.973   720  1764 V VideoManager: videoFromCursor
07-05 22:02:01.977   720  1764 V VideoManager: Retrieving video from /storage/emulated/0/Movies/segment/20200312_194129/20200312_194129!001.mp4
07-05 22:02:01.984   720  1764 V VideoManager: videoFromCursor
07-05 22:02:01.986   720  1764 V VideoManager: Retrieving video from /storage/emulated/0/Movies/segment/20200312_194129/20200312_194129!002.mp4
07-05 22:02:01.995   720  1764 V VideoManager: videoFromCursor
07-05 22:02:01.997   720  1764 V VideoManager: Retrieving video from /storage/emulated/0/Movies/segment/20200312_194129/20200312_194129!003.mp4
07-05 22:02:02.004   720  1764 V VideoManager: videoFromCursor
07-05 22:02:02.007   720  1764 V NearbyFragment: nextTransfer with selected algorithm: fastest
07-05 22:02:02.008   720  1764 W NearbyFragment: Sending 20200312_194129!000.mp4 to Nexus 5 [1825]
07-05 22:02:02.012   720   720 V NearbyFragment: Transfer to Endpoint{id=Rc4h, name=Nexus 5 [1825]} complete
07-05 22:02:03.009   720  1764 V DownloadTestVideosTask: Starting DownloadTestVideosTask
07-05 22:02:03.011   720  1764 V DashDownloadManager: Started downloading: 20200312_194229.mp4
07-05 22:02:03.013   720  1764 I System.out: (HTTPLog)-Static: isSBSettingEnabled false
07-05 22:02:03.014   720  1764 I System.out: (HTTPLog)-Static: isSBSettingEnabled false
07-05 22:02:03.023   720  1764 I System.out: (HTTPLog)-Thread-2294-88562833: getTransferStream : ContentLength=69990400, method=GET, HTTPVersion=http/1.1
07-05 22:02:05.565   720   720 D NearbyFragment: onPayloadReceived(endpointId=4qxN, payload=com.google.android.gms.nearby.connection.Payload@6bcc7f6)
07-05 22:02:05.567   720   720 V NearbyFragment: Started downloading 20200312_193828!000.mp4 from Endpoint{id=4qxN, name=Nexus 5X [34d8]}
07-05 22:02:05.571   720   720 V NearbyFragment: nextTransfer with selected algorithm: fastest
07-05 22:02:05.577   720   720 W NearbyFragment: Sending 20200312_194129!001.mp4 to Nexus 5 [1825]
07-05 22:02:05.584   720   720 V NearbyFragment: Transfer to Endpoint{id=4qxN, name=Nexus 5X [34d8]} complete
07-05 22:02:05.837   720   720 D NearbyFragment: onPayloadReceived(endpointId=4qxN, payload=com.google.android.gms.nearby.connection.Payload@7430cd)
07-05 22:02:06.008   720   720 V NearbyFragment: Transfer to Endpoint{id=Rc4h, name=Nexus 5 [1825]} complete
07-05 22:02:08.126   720   720 V NearbyFragment: Transfer to Endpoint{id=Rc4h, name=Nexus 5 [1825]} complete
07-05 22:02:08.333   720   720 V NearbyFragment: Transfer to Endpoint{id=4qxN, name=Nexus 5X [34d8]} complete
07-05 22:02:08.334   720   720 W NearbyFragment: Completed downloading 20200312_193828!000.mp4 from Endpoint{id=4qxN, name=Nexus 5X [34d8]} in 02.765s
07-05 22:02:08.341   720   720 V FileManager: External storage is readable
07-05 22:02:08.344   720   720 V FileManager: Created new directory: /storage/emulated/0/Movies/segment-sum/20200312_193828
07-05 22:02:08.466   720   720 V NearbyFragment: Received a segment of 20200312_193828
07-05 22:02:09.120   720   720 D NearbyFragment: onPayloadReceived(endpointId=Rc4h, payload=com.google.android.gms.nearby.connection.Payload@3e56d82)
07-05 22:02:09.120   720   720 D NearbyFragment: Endpoint{id=Rc4h, name=Nexus 5 [1825]} has finished downloading 20200312_194129!000.mp4
07-05 22:02:09.121   720   720 V NearbyFragment: nextTransfer with selected algorithm: fastest
07-05 22:02:09.123   720   720 W NearbyFragment: Sending 20200312_194129!002.mp4 to Nexus 5X [34d8]
07-05 22:02:09.126   720   720 V NearbyFragment: Transfer to Endpoint{id=Rc4h, name=Nexus 5 [1825]} complete
07-05 22:02:09.142   720   720 V NearbyFragment: Transfer to Endpoint{id=4qxN, name=Nexus 5X [34d8]} complete
07-05 22:02:11.485   720   720 D NearbyFragment: onPayloadReceived(endpointId=4qxN, payload=com.google.android.gms.nearby.connection.Payload@d200cc9)
07-05 22:02:11.487   720   720 D NearbyFragment: 20200312_193828!002.mp4 from Endpoint{id=4qxN, name=Nexus 5X [34d8]} contained no activity
07-05 22:02:11.488   720   720 D NearbyFragment: Received all summarised video segments of 20200312_193828
07-05 22:02:11.502   720   720 V FileManager: External storage is readable
07-05 22:02:11.503   720   720 V FileManager: Directory already exists: /storage/emulated/0/Movies/segment-sum/20200312_193828
07-05 22:02:11.505   720   720 D FfmpegTools: Merging /storage/emulated/0/Movies/summarised/20200312_193828.mp4
07-05 22:02:11.506   720   720 V FfmpegTools: Retrieving duration of /storage/emulated/0/Movies/segment-sum/20200312_193828/20200312_193828!000.mp4
07-05 22:02:11.553   720  1916 I mobile-ffmpeg: Input #0, mov,mp4,m4a,3gp,3g2,mj2, from '/storage/emulated/0/Movies/segment-sum/20200312_193828/20200312_193828!000.mp4':
07-05 22:02:11.553   720  1916 I mobile-ffmpeg:   Metadata:
07-05 22:02:11.553   720  1916 I mobile-ffmpeg:     major_brand     : 
07-05 22:02:11.553   720  1916 I mobile-ffmpeg: isom
07-05 22:02:11.553   720  1916 I mobile-ffmpeg: 
07-05 22:02:11.553   720  1916 I mobile-ffmpeg:     minor_version   : 
07-05 22:02:11.553   720  1916 I mobile-ffmpeg: 512
07-05 22:02:11.553   720  1916 I mobile-ffmpeg: 
07-05 22:02:11.554   720  1916 I mobile-ffmpeg:     compatible_brands: 
07-05 22:02:11.554   720  1916 I mobile-ffmpeg: isomiso2avc1mp41
07-05 22:02:11.554   720  1916 I mobile-ffmpeg: 
07-05 22:02:11.554   720  1916 I mobile-ffmpeg:     encoder         : 
07-05 22:02:11.554   720  1916 I mobile-ffmpeg: Lavf58.42.100
07-05 22:02:11.554   720  1916 I mobile-ffmpeg: 
07-05 22:02:11.554   720  1916 I mobile-ffmpeg:   Duration: 
07-05 22:02:11.554   720  1916 I mobile-ffmpeg: 00:00:14.28
07-05 22:02:11.554   720  1916 I mobile-ffmpeg: , start: 
07-05 22:02:11.554   720  1916 I mobile-ffmpeg: 0.000000
07-05 22:02:11.554   720  1916 I mobile-ffmpeg: , bitrate: 
07-05 22:02:11.554   720  1916 I mobile-ffmpeg: 1365 kb/s
07-05 22:02:11.554   720  1916 I mobile-ffmpeg: 
07-05 22:02:11.554   720  1916 I mobile-ffmpeg:     Stream #0:0
07-05 22:02:11.554   720  1916 I mobile-ffmpeg: (und)
07-05 22:02:11.554   720  1916 I mobile-ffmpeg: : Video: h264 (avc1 / 0x31637661), yuvj420p(pc), 1280x720, 1280 kb/s
07-05 22:02:11.554   720  1916 I mobile-ffmpeg: , 
07-05 22:02:11.554   720  1916 I mobile-ffmpeg: 29.97 fps, 
07-05 22:02:11.554   720  1916 I mobile-ffmpeg: 29.97 tbr, 
07-05 22:02:11.554   720  1916 I mobile-ffmpeg: 30k tbn, 
07-05 22:02:11.555   720  1916 I mobile-ffmpeg: 59.94 tbc
07-05 22:02:11.555   720  1916 I mobile-ffmpeg:  (default)
07-05 22:02:11.555   720  1916 I mobile-ffmpeg: 
07-05 22:02:11.555   720  1916 I mobile-ffmpeg:     Metadata:
07-05 22:02:11.555   720  1916 I mobile-ffmpeg:       handler_name    : 
07-05 22:02:11.555   720  1916 I mobile-ffmpeg: VideoHandler
07-05 22:02:11.555   720  1916 I mobile-ffmpeg: 
07-05 22:02:11.555   720  1916 I mobile-ffmpeg:     Stream #0:1
07-05 22:02:11.555   720  1916 I mobile-ffmpeg: (und)
07-05 22:02:11.555   720  1916 I mobile-ffmpeg: : Audio: aac (mp4a / 0x6134706D), 16000 Hz, stereo, fltp, 85 kb/s
07-05 22:02:11.555   720  1916 I mobile-ffmpeg:  (default)
07-05 22:02:11.555   720  1916 I mobile-ffmpeg: 
07-05 22:02:11.555   720  1916 I mobile-ffmpeg:     Metadata:
07-05 22:02:11.555   720  1916 I mobile-ffmpeg:       handler_name    : 
07-05 22:02:11.555   720  1916 I mobile-ffmpeg: SoundHandler
07-05 22:02:11.555   720  1916 I mobile-ffmpeg: 
07-05 22:02:11.561   720   720 W FfmpegTools: Single segment returned, duration of 20200312_193828: 14.28
07-05 22:02:11.693   720   720 V VideoManager: Retrieving video from /storage/emulated/0/Movies/summarised/20200312_193828.mp4
07-05 22:02:11.703   720   720 V VideoManager: videoFromCursor
07-05 22:02:11.707   720   720 V SummarisedVideosEventHandler: onAdd
07-05 22:02:11.707   720   720 V RawFootageEventHandler: removeByName
07-05 22:02:11.708   720   720 V ProcessingVideosEventHandler: removeByName
07-05 22:02:11.708   720   720 V NearbyFragment: Removing video segment map for 20200312_193828
07-05 22:02:11.709   720   720 V NearbyFragment: nextTransfer with selected algorithm: fastest
07-05 22:02:11.709   720   720 W NearbyFragment: Sending 20200312_194129!003.mp4 to Nexus 5X [34d8]
07-05 22:02:11.711   720   720 V NearbyFragment: Transfer to Endpoint{id=4qxN, name=Nexus 5X [34d8]} complete
07-05 22:02:11.724   720   720 V NearbyFragment: Transfer to Endpoint{id=4qxN, name=Nexus 5X [34d8]} complete
07-05 22:02:14.973   720   720 V NearbyFragment: Transfer to Endpoint{id=Rc4h, name=Nexus 5 [1825]} complete
07-05 22:02:15.483   720   720 D NearbyFragment: onPayloadReceived(endpointId=Rc4h, payload=com.google.android.gms.nearby.connection.Payload@9e78c01)
07-05 22:02:15.483   720   720 D NearbyFragment: Endpoint{id=Rc4h, name=Nexus 5 [1825]} has finished downloading 20200312_194129!001.mp4
07-05 22:02:15.484   720   720 I NearbyFragment: Transfer queue is empty
07-05 22:02:15.590   720   720 V NearbyFragment: Transfer to Endpoint{id=Rc4h, name=Nexus 5 [1825]} complete
07-05 22:02:16.982   720   720 D NearbyFragment: onPayloadReceived(endpointId=Rc4h, payload=com.google.android.gms.nearby.connection.Payload@e051aa6)
07-05 22:02:16.982   720   720 D NearbyFragment: 20200312_194129!000.mp4 from Endpoint{id=Rc4h, name=Nexus 5 [1825]} contained no activity
07-05 22:02:16.982   720   720 V NearbyFragment: Received a segment of 20200312_194129
07-05 22:02:16.983   720   720 I NearbyFragment: Transfer queue is empty
07-05 22:02:17.102   720   720 V NearbyFragment: Transfer to Endpoint{id=Rc4h, name=Nexus 5 [1825]} complete
07-05 22:02:17.396   720   720 D NearbyFragment: onPayloadReceived(endpointId=4qxN, payload=com.google.android.gms.nearby.connection.Payload@8af1ce7)
07-05 22:02:17.397   720   720 D NearbyFragment: 20200312_193928!002.mp4 from Endpoint{id=4qxN, name=Nexus 5X [34d8]} contained no activity
07-05 22:02:17.397   720   720 D NearbyFragment: Received all summarised video segments of 20200312_193928
07-05 22:02:17.406   720   720 V FileManager: External storage is readable
07-05 22:02:17.409   720   720 V FileManager: Created new directory: /storage/emulated/0/Movies/segment-sum/20200312_193928
07-05 22:02:17.412   720   720 D FfmpegTools: Merging /storage/emulated/0/Movies/summarised/20200312_193928.mp4
07-05 22:02:17.412   720   720 D FfmpegTools: No split videos to merge
07-05 22:02:17.412   720   720 V RawFootageEventHandler: removeByName
07-05 22:02:17.415   720   720 V ProcessingVideosEventHandler: removeByName
07-05 22:02:17.418   720   720 V NearbyFragment: Removing video segment map for 20200312_193928
07-05 22:02:17.419   720   720 I NearbyFragment: Transfer queue is empty
07-05 22:02:17.906   720   720 V NearbyFragment: Transfer to Endpoint{id=4qxN, name=Nexus 5X [34d8]} complete
07-05 22:02:19.668   720   720 V NearbyFragment: Transfer to Endpoint{id=4qxN, name=Nexus 5X [34d8]} complete
07-05 22:02:20.267   720   720 D NearbyFragment: onPayloadReceived(endpointId=4qxN, payload=com.google.android.gms.nearby.connection.Payload@d83b32)
07-05 22:02:20.268   720   720 D NearbyFragment: Endpoint{id=4qxN, name=Nexus 5X [34d8]} has finished downloading 20200312_194129!002.mp4
07-05 22:02:20.269   720   720 I NearbyFragment: Transfer queue is empty
07-05 22:02:20.519   720   720 V NearbyFragment: Transfer to Endpoint{id=4qxN, name=Nexus 5X [34d8]} complete
07-05 22:02:22.785   720   720 V NearbyFragment: Transfer to Endpoint{id=4qxN, name=Nexus 5X [34d8]} complete
07-05 22:02:24.264   720   720 D NearbyFragment: onPayloadReceived(endpointId=4qxN, payload=com.google.android.gms.nearby.connection.Payload@8c6a083)
07-05 22:02:24.267   720   720 D NearbyFragment: Endpoint{id=4qxN, name=Nexus 5X [34d8]} has finished downloading 20200312_194129!003.mp4
07-05 22:02:24.269   720   720 I NearbyFragment: Transfer queue is empty
07-05 22:02:24.311   720   720 V NearbyFragment: Transfer to Endpoint{id=4qxN, name=Nexus 5X [34d8]} complete
07-05 22:02:30.954   720  1764 V VideoManager: Retrieving video from /storage/emulated/0/Movies/raw/20200312_194229.mp4
07-05 22:02:30.967   720  1764 D VideoManager: videoCursor is null
07-05 22:02:31.044   720  1764 V VideoManager: videoFromCursor
07-05 22:02:31.048   720  1764 W DashDownloadManager: Successfully downloaded 20200312_194229.mp4 in 27.943s
07-05 22:02:31.049   720  1764 V DownloadTestVideosTask: Entering callback for download completion of 20200312_194229.mp4
07-05 22:02:31.049   720  1764 V RawFootageEventHandler: onAdd
07-05 22:02:31.050   720  1764 V FfmpegTools: Retrieving duration of /storage/emulated/0/Movies/raw/20200312_194229.mp4
07-05 22:02:31.057   720  1916 W mobile-ffmpeg: [mov,mp4,m4a,3gp,3g2,mj2 @ 0x78e8b5ae00] Found duplicated MOOV Atom. Skipped it
07-05 22:02:31.126   720  1916 I mobile-ffmpeg: Input #0, mov,mp4,m4a,3gp,3g2,mj2, from '/storage/emulated/0/Movies/raw/20200312_194229.mp4':
07-05 22:02:31.126   720  1916 I mobile-ffmpeg:   Metadata:
07-05 22:02:31.126   720  1916 I mobile-ffmpeg:     creation_time   : 
07-05 22:02:31.126   720  1916 I mobile-ffmpeg: 2020-03-12T08:43:29.000000Z
07-05 22:02:31.126   720  1916 I mobile-ffmpeg: 
07-05 22:02:31.126   720  1916 I mobile-ffmpeg:     major_brand     : 
07-05 22:02:31.126   720  1916 I mobile-ffmpeg: mp42
07-05 22:02:31.126   720  1916 I mobile-ffmpeg: 
07-05 22:02:31.126   720  1916 I mobile-ffmpeg:     minor_version   : 
07-05 22:02:31.126   720  1916 I mobile-ffmpeg: 1
07-05 22:02:31.126   720  1916 I mobile-ffmpeg: 
07-05 22:02:31.126   720  1916 I mobile-ffmpeg:     compatible_brands: 
07-05 22:02:31.126   720  1916 I mobile-ffmpeg: mp42mp42
07-05 22:02:31.126   720  1916 I mobile-ffmpeg: 
07-05 22:02:31.126   720  1916 I mobile-ffmpeg:   Duration: 
07-05 22:02:31.126   720  1916 I mobile-ffmpeg: 00:01:00.02
07-05 22:02:31.127   720  1916 I mobile-ffmpeg: , start: 
07-05 22:02:31.127   720  1916 I mobile-ffmpeg: 0.000000
07-05 22:02:31.127   720  1916 I mobile-ffmpeg: , bitrate: 
07-05 22:02:31.127   720  1916 I mobile-ffmpeg: 9328 kb/s
07-05 22:02:31.127   720  1916 I mobile-ffmpeg: 
07-05 22:02:31.127   720  1916 I mobile-ffmpeg:     Stream #0:0
07-05 22:02:31.127   720  1916 I mobile-ffmpeg: (eng)
07-05 22:02:31.127   720  1916 I mobile-ffmpeg: : Video: h264 (avc1 / 0x31637661), yuvj420p(pc, bt709), 1280x720, 8399 kb/s
07-05 22:02:31.127   720  1916 I mobile-ffmpeg: , 
07-05 22:02:31.127   720  1916 I mobile-ffmpeg: 29.97 fps, 
07-05 22:02:31.127   720  1916 I mobile-ffmpeg: 29.97 tbr, 
07-05 22:02:31.127   720  1916 I mobile-ffmpeg: 1k tbn, 
07-05 22:02:31.127   720  1916 I mobile-ffmpeg: 2k tbc
07-05 22:02:31.127   720  1916 I mobile-ffmpeg:  (default)
07-05 22:02:31.127   720  1916 I mobile-ffmpeg: 
07-05 22:02:31.127   720  1916 I mobile-ffmpeg:     Metadata:
07-05 22:02:31.127   720  1916 I mobile-ffmpeg:       creation_time   : 
07-05 22:02:31.127   720  1916 I mobile-ffmpeg: 2020-03-12T08:43:29.000000Z
07-05 22:02:31.127   720  1916 I mobile-ffmpeg: 
07-05 22:02:31.127   720  1916 I mobile-ffmpeg:       handler_name    : 
07-05 22:02:31.127   720  1916 I mobile-ffmpeg: PittaSoft Video Media Handler
07-05 22:02:31.127   720  1916 I mobile-ffmpeg: 
07-05 22:02:31.127   720  1916 I mobile-ffmpeg:     Stream #0:1
07-05 22:02:31.127   720  1916 I mobile-ffmpeg: (eng)
07-05 22:02:31.127   720  1916 I mobile-ffmpeg: : Audio: aac (mp4a / 0x6134706D), 16000 Hz, stereo, fltp, 47 kb/s
07-05 22:02:31.127   720  1916 I mobile-ffmpeg:  (default)
07-05 22:02:31.127   720  1916 I mobile-ffmpeg: 
07-05 22:02:31.127   720  1916 I mobile-ffmpeg:     Metadata:
07-05 22:02:31.127   720  1916 I mobile-ffmpeg:       creation_time   : 
07-05 22:02:31.128   720  1916 I mobile-ffmpeg: 2020-03-12T08:43:29.000000Z
07-05 22:02:31.128   720  1916 I mobile-ffmpeg: 
07-05 22:02:31.128   720  1916 I mobile-ffmpeg:       handler_name    : 
07-05 22:02:31.128   720  1916 I mobile-ffmpeg: PittaSoft Sound Media Handler
07-05 22:02:31.128   720  1916 I mobile-ffmpeg: 
07-05 22:02:31.140   720  1764 V FileManager: External storage is readable
07-05 22:02:31.141   720  1764 V FileManager: Created new directory: /storage/emulated/0/Movies/segment/20200312_194229
07-05 22:02:31.142   720  1764 V FfmpegTools: Splitting /storage/emulated/0/Movies/raw/20200312_194229.mp4 with 16s long segments
07-05 22:02:31.142   720  1764 I FfmpegTools: Running ffmpeg with:
07-05 22:02:31.142   720  1764 I FfmpegTools:   -y -i /storage/emulated/0/Movies/raw/20200312_194229.mp4 -map 0 -c copy -f segment -reset_timestamps 1 -segment_time 16 /storage/emulated/0/Movies/segment/20200312_194229/20200312_194229!%03d.mp4
07-05 22:02:31.151   720  1916 W mobile-ffmpeg: [mov,mp4,m4a,3gp,3g2,mj2 @ 0x78e8b5ae00] Found duplicated MOOV Atom. Skipped it
07-05 22:02:31.176   720   727 I example.edgesu: Compiler allocated 4MB to compile void android.view.ViewRootImpl.performTraversals()
07-05 22:02:31.206   720  1916 I mobile-ffmpeg: Input #0, mov,mp4,m4a,3gp,3g2,mj2, from '/storage/emulated/0/Movies/raw/20200312_194229.mp4':
07-05 22:02:31.206   720  1916 I mobile-ffmpeg:   Metadata:
07-05 22:02:31.206   720  1916 I mobile-ffmpeg:     creation_time   : 
07-05 22:02:31.206   720  1916 I mobile-ffmpeg: 2020-03-12T08:43:29.000000Z
07-05 22:02:31.206   720  1916 I mobile-ffmpeg: 
07-05 22:02:31.206   720  1916 I mobile-ffmpeg:     major_brand     : 
07-05 22:02:31.206   720  1916 I mobile-ffmpeg: mp42
07-05 22:02:31.206   720  1916 I mobile-ffmpeg: 
07-05 22:02:31.206   720  1916 I mobile-ffmpeg:     minor_version   : 
07-05 22:02:31.206   720  1916 I mobile-ffmpeg: 1
07-05 22:02:31.206   720  1916 I mobile-ffmpeg: 
07-05 22:02:31.206   720  1916 I mobile-ffmpeg:     compatible_brands: 
07-05 22:02:31.206   720  1916 I mobile-ffmpeg: mp42mp42
07-05 22:02:31.206   720  1916 I mobile-ffmpeg: 
07-05 22:02:31.206   720  1916 I mobile-ffmpeg:   Duration: 
07-05 22:02:31.206   720  1916 I mobile-ffmpeg: 00:01:00.02
07-05 22:02:31.206   720  1916 I mobile-ffmpeg: , start: 
07-05 22:02:31.206   720  1916 I mobile-ffmpeg: 0.000000
07-05 22:02:31.206   720  1916 I mobile-ffmpeg: , bitrate: 
07-05 22:02:31.207   720  1916 I mobile-ffmpeg: 9328 kb/s
07-05 22:02:31.207   720  1916 I mobile-ffmpeg: 
07-05 22:02:31.207   720  1916 I mobile-ffmpeg:     Stream #0:0
07-05 22:02:31.207   720  1916 I mobile-ffmpeg: (eng)
07-05 22:02:31.207   720  1916 I mobile-ffmpeg: : Video: h264 (avc1 / 0x31637661), yuvj420p(pc, bt709), 1280x720, 8399 kb/s
07-05 22:02:31.207   720  1916 I mobile-ffmpeg: , 
07-05 22:02:31.207   720  1916 I mobile-ffmpeg: 29.97 fps, 
07-05 22:02:31.207   720  1916 I mobile-ffmpeg: 29.97 tbr, 
07-05 22:02:31.207   720  1916 I mobile-ffmpeg: 1k tbn, 
07-05 22:02:31.207   720  1916 I mobile-ffmpeg: 2k tbc
07-05 22:02:31.207   720  1916 I mobile-ffmpeg:  (default)
07-05 22:02:31.207   720  1916 I mobile-ffmpeg: 
07-05 22:02:31.207   720  1916 I mobile-ffmpeg:     Metadata:
07-05 22:02:31.207   720  1916 I mobile-ffmpeg:       creation_time   : 
07-05 22:02:31.207   720  1916 I mobile-ffmpeg: 2020-03-12T08:43:29.000000Z
07-05 22:02:31.207   720  1916 I mobile-ffmpeg: 
07-05 22:02:31.207   720  1916 I mobile-ffmpeg:       handler_name    : 
07-05 22:02:31.207   720  1916 I mobile-ffmpeg: PittaSoft Video Media Handler
07-05 22:02:31.207   720  1916 I mobile-ffmpeg: 
07-05 22:02:31.207   720  1916 I mobile-ffmpeg:     Stream #0:1
07-05 22:02:31.207   720  1916 I mobile-ffmpeg: (eng)
07-05 22:02:31.207   720  1916 I mobile-ffmpeg: : Audio: aac (mp4a / 0x6134706D), 16000 Hz, stereo, fltp, 47 kb/s
07-05 22:02:31.207   720  1916 I mobile-ffmpeg:  (default)
07-05 22:02:31.207   720  1916 I mobile-ffmpeg: 
07-05 22:02:31.207   720  1916 I mobile-ffmpeg:     Metadata:
07-05 22:02:31.207   720  1916 I mobile-ffmpeg:       creation_time   : 
07-05 22:02:31.207   720  1916 I mobile-ffmpeg: 2020-03-12T08:43:29.000000Z
07-05 22:02:31.207   720  1916 I mobile-ffmpeg: 
07-05 22:02:31.207   720  1916 I mobile-ffmpeg:       handler_name    : 
07-05 22:02:31.207   720  1916 I mobile-ffmpeg: PittaSoft Sound Media Handler
07-05 22:02:31.207   720  1916 I mobile-ffmpeg: 
07-05 22:02:31.207   720  1916 I mobile-ffmpeg: [segment @ 0x78e665c000] Opening '/storage/emulated/0/Movies/segment/20200312_194229/20200312_194229!000.mp4' for writing
07-05 22:02:31.208   720  1916 I mobile-ffmpeg: Output #0, segment, to '/storage/emulated/0/Movies/segment/20200312_194229/20200312_194229!%03d.mp4':
07-05 22:02:31.208   720  1916 I mobile-ffmpeg:   Metadata:
07-05 22:02:31.208   720  1916 I mobile-ffmpeg:     compatible_brands: 
07-05 22:02:31.208   720  1916 I mobile-ffmpeg: mp42mp42
07-05 22:02:31.208   720  1916 I mobile-ffmpeg: 
07-05 22:02:31.208   720  1916 I mobile-ffmpeg:     major_brand     : 
07-05 22:02:31.208   720  1916 I mobile-ffmpeg: mp42
07-05 22:02:31.208   720  1916 I mobile-ffmpeg: 
07-05 22:02:31.208   720  1916 I mobile-ffmpeg:     minor_version   : 
07-05 22:02:31.208   720  1916 I mobile-ffmpeg: 1
07-05 22:02:31.208   720  1916 I mobile-ffmpeg: 
07-05 22:02:31.208   720  1916 I mobile-ffmpeg:     encoder         : 
07-05 22:02:31.208   720  1916 I mobile-ffmpeg: Lavf58.42.100
07-05 22:02:31.208   720  1916 I mobile-ffmpeg: 
07-05 22:02:31.208   720  1916 I mobile-ffmpeg:     Stream #0:0
07-05 22:02:31.208   720  1916 I mobile-ffmpeg: (eng)
07-05 22:02:31.208   720  1916 I mobile-ffmpeg: : Video: h264 (avc1 / 0x31637661), yuvj420p(pc, bt709), 1280x720, q=2-31, 8399 kb/s
07-05 22:02:31.208   720  1916 I mobile-ffmpeg: , 
07-05 22:02:31.208   720  1916 I mobile-ffmpeg: 29.97 fps, 
07-05 22:02:31.208   720  1916 I mobile-ffmpeg: 29.97 tbr, 
07-05 22:02:31.208   720  1916 I mobile-ffmpeg: 16k tbn, 
07-05 22:02:31.208   720  1916 I mobile-ffmpeg: 1k tbc
07-05 22:02:31.209   720  1916 I mobile-ffmpeg:  (default)
07-05 22:02:31.209   720  1916 I mobile-ffmpeg: 
07-05 22:02:31.209   720  1916 I mobile-ffmpeg:     Metadata:
07-05 22:02:31.209   720  1916 I mobile-ffmpeg:       creation_time   : 
07-05 22:02:31.209   720  1916 I mobile-ffmpeg: 2020-03-12T08:43:29.000000Z
07-05 22:02:31.209   720  1916 I mobile-ffmpeg: 
07-05 22:02:31.209   720  1916 I mobile-ffmpeg:       handler_name    : 
07-05 22:02:31.209   720  1916 I mobile-ffmpeg: PittaSoft Video Media Handler
07-05 22:02:31.209   720  1916 I mobile-ffmpeg: 
07-05 22:02:31.209   720  1916 I mobile-ffmpeg:     Stream #0:1
07-05 22:02:31.209   720  1916 I mobile-ffmpeg: (eng)
07-05 22:02:31.209   720  1916 I mobile-ffmpeg: : Audio: aac (mp4a / 0x6134706D), 16000 Hz, stereo, fltp, 47 kb/s
07-05 22:02:31.209   720  1916 I mobile-ffmpeg:  (default)
07-05 22:02:31.209   720  1916 I mobile-ffmpeg: 
07-05 22:02:31.209   720  1916 I mobile-ffmpeg:     Metadata:
07-05 22:02:31.209   720  1916 I mobile-ffmpeg:       creation_time   : 
07-05 22:02:31.209   720  1916 I mobile-ffmpeg: 2020-03-12T08:43:29.000000Z
07-05 22:02:31.209   720  1916 I mobile-ffmpeg: 
07-05 22:02:31.209   720  1916 I mobile-ffmpeg:       handler_name    : 
07-05 22:02:31.209   720  1916 I mobile-ffmpeg: PittaSoft Sound Media Handler
07-05 22:02:31.209   720  1916 I mobile-ffmpeg: 
07-05 22:02:31.209   720  1916 I mobile-ffmpeg: Stream mapping:
07-05 22:02:31.209   720  1916 I mobile-ffmpeg:   Stream #0:0 -> #0:0
07-05 22:02:31.209   720  1916 I mobile-ffmpeg:  (copy)
07-05 22:02:31.209   720  1916 I mobile-ffmpeg: 
07-05 22:02:31.209   720  1916 I mobile-ffmpeg:   Stream #0:1 -> #0:1
07-05 22:02:31.209   720  1916 I mobile-ffmpeg:  (copy)
07-05 22:02:31.209   720  1916 I mobile-ffmpeg: 
07-05 22:02:31.209   720  1916 I mobile-ffmpeg: Press [q] to stop, [?] for help
07-05 22:02:31.209   720  1916 I mobile-ffmpeg: frame=    1 fps=0.0 q=-1.0 size=N/A time=00:00:00.00 bitrate=N/A speed=31.5x    
07-05 22:02:31.280   720  1916 I mobile-ffmpeg: [segment @ 0x78e665c000] Opening '/storage/emulated/0/Movies/segment/20200312_194229/20200312_194229!001.mp4' for writing
07-05 22:02:31.334   720  1916 I mobile-ffmpeg: [segment @ 0x78e665c000] Opening '/storage/emulated/0/Movies/segment/20200312_194229/20200312_194229!002.mp4' for writing
07-05 22:02:31.387   720  1916 I mobile-ffmpeg: [segment @ 0x78e665c000] Opening '/storage/emulated/0/Movies/segment/20200312_194229/20200312_194229!003.mp4' for writing
07-05 22:02:31.426   720  1916 I mobile-ffmpeg: frame= 1800 fps=0.0 q=-1.0 Lsize=N/A time=00:01:00.01 bitrate=N/A speed= 275x    
07-05 22:02:31.426   720  1916 I mobile-ffmpeg: video:61542kB audio:345kB subtitle:0kB other streams:0kB global headers:0kB muxing overhead: 
07-05 22:02:31.426   720  1916 I mobile-ffmpeg: unknown
07-05 22:02:31.426   720  1916 I mobile-ffmpeg: 
07-05 22:02:31.429   720  1764 V FileManager: External storage is readable
07-05 22:02:31.429   720  1764 V FileManager: Directory already exists: /storage/emulated/0/Movies/segment/20200312_194229
07-05 22:02:31.430   720  1764 V VideoManager: Retrieving videos from /storage/emulated/0/Movies/segment/20200312_194229
07-05 22:02:31.430   720  1764 V VideoManager: Retrieving video from /storage/emulated/0/Movies/segment/20200312_194229/20200312_194229!000.mp4
07-05 22:02:31.438   720  1764 V VideoManager: videoFromCursor
07-05 22:02:31.441   720  1764 V VideoManager: Retrieving video from /storage/emulated/0/Movies/segment/20200312_194229/20200312_194229!001.mp4
07-05 22:02:31.450   720  1764 V VideoManager: videoFromCursor
07-05 22:02:31.452   720  1764 V VideoManager: Retrieving video from /storage/emulated/0/Movies/segment/20200312_194229/20200312_194229!002.mp4
07-05 22:02:31.460   720  1764 V VideoManager: videoFromCursor
07-05 22:02:31.462   720  1764 V VideoManager: Retrieving video from /storage/emulated/0/Movies/segment/20200312_194229/20200312_194229!003.mp4
07-05 22:02:31.475   720  1764 V VideoManager: videoFromCursor
07-05 22:02:31.479   720  1764 V NearbyFragment: nextTransfer with selected algorithm: fastest
07-05 22:02:31.480   720  1764 W NearbyFragment: Sending 20200312_194229!000.mp4 to Nexus 5 [1825]
07-05 22:02:31.484   720   720 V NearbyFragment: Transfer to Endpoint{id=Rc4h, name=Nexus 5 [1825]} complete
07-05 22:02:32.481   720  1764 V DownloadTestVideosTask: Starting DownloadTestVideosTask
07-05 22:02:32.483   720  1764 V DashDownloadManager: Started downloading: 20200312_194330.mp4
07-05 22:02:32.487   720  1764 I System.out: (HTTPLog)-Static: isSBSettingEnabled false
07-05 22:02:32.488   720  1764 I System.out: (HTTPLog)-Static: isSBSettingEnabled false
07-05 22:02:32.498   720  1764 I System.out: (HTTPLog)-Thread-2294-38322655: getTransferStream : ContentLength=69990400, method=GET, HTTPVersion=http/1.1
07-05 22:02:37.027   720   720 V NearbyFragment: Transfer to Endpoint{id=Rc4h, name=Nexus 5 [1825]} complete
07-05 22:02:37.392   720   720 D NearbyFragment: onPayloadReceived(endpointId=Rc4h, payload=com.google.android.gms.nearby.connection.Payload@586ae2c)
07-05 22:02:37.393   720   720 D NearbyFragment: Endpoint{id=Rc4h, name=Nexus 5 [1825]} has finished downloading 20200312_194229!000.mp4
07-05 22:02:37.395   720   720 V NearbyFragment: nextTransfer with selected algorithm: fastest
07-05 22:02:37.397   720   720 W NearbyFragment: Sending 20200312_194229!001.mp4 to Nexus 5X [34d8]
07-05 22:02:37.414   720   720 V NearbyFragment: Transfer to Endpoint{id=4qxN, name=Nexus 5X [34d8]} complete
07-05 22:02:37.442   720   720 V NearbyFragment: Transfer to Endpoint{id=Rc4h, name=Nexus 5 [1825]} complete
07-05 22:02:39.399   720   720 D NearbyFragment: onPayloadReceived(endpointId=Rc4h, payload=com.google.android.gms.nearby.connection.Payload@2a19cfb)
07-05 22:02:39.400   720   720 V NearbyFragment: Started downloading 20200312_194129!001.mp4 from Endpoint{id=Rc4h, name=Nexus 5 [1825]}
07-05 22:02:39.402   720   720 V NearbyFragment: nextTransfer with selected algorithm: fastest
07-05 22:02:39.405   720   720 W NearbyFragment: Sending 20200312_194229!002.mp4 to Nexus 5 [1825]
07-05 22:02:39.409   720   720 V NearbyFragment: Transfer to Endpoint{id=Rc4h, name=Nexus 5 [1825]} complete
07-05 22:02:39.426   720   720 V NearbyFragment: Transfer to Endpoint{id=Rc4h, name=Nexus 5 [1825]} complete
07-05 22:02:39.904   720   720 D NearbyFragment: onPayloadReceived(endpointId=Rc4h, payload=com.google.android.gms.nearby.connection.Payload@91f7956)
07-05 22:02:42.208   720   720 V NearbyFragment: Transfer to Endpoint{id=Rc4h, name=Nexus 5 [1825]} complete
07-05 22:02:42.208   720   720 W NearbyFragment: Completed downloading 20200312_194129!001.mp4 from Endpoint{id=Rc4h, name=Nexus 5 [1825]} in 02.807s
07-05 22:02:42.215   720   720 V FileManager: External storage is readable
07-05 22:02:42.218   720   720 V FileManager: Created new directory: /storage/emulated/0/Movies/segment-sum/20200312_194129
07-05 22:02:42.243   720   720 V NearbyFragment: Received a segment of 20200312_194129
07-05 22:02:42.566   720   720 V NearbyFragment: Transfer to Endpoint{id=4qxN, name=Nexus 5X [34d8]} complete
07-05 22:02:43.740   720   720 D NearbyFragment: onPayloadReceived(endpointId=4qxN, payload=com.google.android.gms.nearby.connection.Payload@7e30dd7)
07-05 22:02:43.741   720   720 D NearbyFragment: Endpoint{id=4qxN, name=Nexus 5X [34d8]} has finished downloading 20200312_194229!001.mp4
07-05 22:02:43.742   720   720 V NearbyFragment: nextTransfer with selected algorithm: fastest
07-05 22:02:43.744   720   720 W NearbyFragment: Sending 20200312_194229!003.mp4 to Nexus 5 [1825]
07-05 22:02:44.090   720   720 V NearbyFragment: Transfer to Endpoint{id=4qxN, name=Nexus 5X [34d8]} complete
07-05 22:02:44.446   720   720 V NearbyFragment: Transfer to Endpoint{id=Rc4h, name=Nexus 5 [1825]} complete
07-05 22:02:50.067   720   720 V NearbyFragment: Transfer to Endpoint{id=Rc4h, name=Nexus 5 [1825]} complete
07-05 22:02:50.618   720   720 D NearbyFragment: onPayloadReceived(endpointId=Rc4h, payload=com.google.android.gms.nearby.connection.Payload@ab1d4e2)
07-05 22:02:50.619   720   720 D NearbyFragment: Endpoint{id=Rc4h, name=Nexus 5 [1825]} has finished downloading 20200312_194229!002.mp4
07-05 22:02:50.619   720   720 I NearbyFragment: Transfer queue is empty
07-05 22:02:50.896   720   720 V NearbyFragment: Transfer to Endpoint{id=Rc4h, name=Nexus 5 [1825]} complete
07-05 22:02:53.453   720   720 D NearbyFragment: onPayloadReceived(endpointId=4qxN, payload=com.google.android.gms.nearby.connection.Payload@560b073)
07-05 22:02:53.453   720   720 V NearbyFragment: Started downloading 20200312_194129!002.mp4 from Endpoint{id=4qxN, name=Nexus 5X [34d8]}
07-05 22:02:53.454   720   720 I NearbyFragment: Transfer queue is empty
