07-05 21:57:15.841   720  1916 I mobile-ffmpeg: (eng)
07-05 21:57:15.841   720  1916 I mobile-ffmpeg: : Audio: aac (mp4a / 0x6134706D), 16000 Hz, stereo, fltp, 47 kb/s
07-05 21:57:15.841   720  1916 I mobile-ffmpeg:  (default)
07-05 21:57:15.841   720  1916 I mobile-ffmpeg: 
07-05 21:57:15.841   720  1916 I mobile-ffmpeg:     Metadata:
07-05 21:57:15.841   720  1916 I mobile-ffmpeg:       creation_time   : 
07-05 21:57:15.841   720  1916 I mobile-ffmpeg: 2020-03-12T04:08:43.000000Z
07-05 21:57:15.841   720  1916 I mobile-ffmpeg: 
07-05 21:57:15.841   720  1916 I mobile-ffmpeg:       handler_name    : 
07-05 21:57:15.842   720  1916 I mobile-ffmpeg: PittaSoft Sound Media Handler
07-05 21:57:15.842   720  1916 I mobile-ffmpeg: 
07-05 21:57:15.842   720  1916 I mobile-ffmpeg: Stream mapping:
07-05 21:57:15.842   720  1916 I mobile-ffmpeg:   Stream #0:0 -> #0:0
07-05 21:57:15.842   720  1916 I mobile-ffmpeg:  (copy)
07-05 21:57:15.842   720  1916 I mobile-ffmpeg: 
07-05 21:57:15.842   720  1916 I mobile-ffmpeg:   Stream #0:1 -> #0:1
07-05 21:57:15.842   720  1916 I mobile-ffmpeg:  (copy)
07-05 21:57:15.842   720  1916 I mobile-ffmpeg: 
07-05 21:57:15.842   720  1916 I mobile-ffmpeg: Press [q] to stop, [?] for help
07-05 21:57:15.842   720  1916 I mobile-ffmpeg: frame=    1 fps=0.0 q=-1.0 size=N/A time=00:00:00.00 bitrate=N/A speed=  63x    
07-05 21:57:15.923   720  1916 I mobile-ffmpeg: [segment @ 0x78bb436600] Opening '/storage/emulated/0/Movies/segment/20200312_150744/20200312_150744!001.mp4' for writing
07-05 21:57:15.986   720  1916 I mobile-ffmpeg: [segment @ 0x78bb436600] Opening '/storage/emulated/0/Movies/segment/20200312_150744/20200312_150744!002.mp4' for writing
07-05 21:57:16.039   720  1916 I mobile-ffmpeg: [segment @ 0x78bb436600] Opening '/storage/emulated/0/Movies/segment/20200312_150744/20200312_150744!003.mp4' for writing
07-05 21:57:16.078   720  1916 I mobile-ffmpeg: frame= 1800 fps=0.0 q=-1.0 Lsize=N/A time=00:01:00.03 bitrate=N/A speed= 251x    
07-05 21:57:16.078   720  1916 I mobile-ffmpeg: video:61410kB audio:346kB subtitle:0kB other streams:0kB global headers:0kB muxing overhead: 
07-05 21:57:16.078   720  1916 I mobile-ffmpeg: unknown
07-05 21:57:16.078   720  1916 I mobile-ffmpeg: 
07-05 21:57:16.082   720  1764 V FileManager: External storage is readable
07-05 21:57:16.083   720  1764 V FileManager: Directory already exists: /storage/emulated/0/Movies/segment/20200312_150744
07-05 21:57:16.083   720  1764 V VideoManager: Retrieving videos from /storage/emulated/0/Movies/segment/20200312_150744
07-05 21:57:16.084   720  1764 V VideoManager: Retrieving video from /storage/emulated/0/Movies/segment/20200312_150744/20200312_150744!000.mp4
07-05 21:57:16.094   720  1764 V VideoManager: videoFromCursor
07-05 21:57:16.097   720  1764 V VideoManager: Retrieving video from /storage/emulated/0/Movies/segment/20200312_150744/20200312_150744!001.mp4
07-05 21:57:16.104   720  1764 V VideoManager: videoFromCursor
07-05 21:57:16.106   720  1764 V VideoManager: Retrieving video from /storage/emulated/0/Movies/segment/20200312_150744/20200312_150744!002.mp4
07-05 21:57:16.199   720  1764 V VideoManager: videoFromCursor
07-05 21:57:16.206   720  1764 V VideoManager: Retrieving video from /storage/emulated/0/Movies/segment/20200312_150744/20200312_150744!003.mp4
07-05 21:57:16.227   720  1764 V VideoManager: videoFromCursor
07-05 21:57:16.236   720  1764 V NearbyFragment: nextTransfer with selected algorithm: fastest
07-05 21:57:16.241   720  1764 W NearbyFragment: Sending 20200312_150744!000.mp4 to Nexus 5 [1825]
07-05 21:57:16.258   720   720 D NearbyFragment: onPayloadReceived(endpointId=4qxN, payload=com.google.android.gms.nearby.connection.Payload@5ac5878)
07-05 21:57:16.261   720   720 D NearbyFragment: 20200312_150643!003.mp4 from Endpoint{id=4qxN, name=Nexus 5X [34d8]} contained no activity
07-05 21:57:16.263   720   720 D NearbyFragment: Received all summarised video segments of 20200312_150643
07-05 21:57:16.273   720   720 V FileManager: External storage is readable
07-05 21:57:16.278   720   720 V FileManager: Created new directory: /storage/emulated/0/Movies/segment-sum/20200312_150643
07-05 21:57:16.283   720   720 D FfmpegTools: Merging /storage/emulated/0/Movies/summarised/20200312_150643.mp4
07-05 21:57:16.283   720   720 D FfmpegTools: No split videos to merge
07-05 21:57:16.284   720   720 V RawFootageEventHandler: removeByName
07-05 21:57:16.287   720   720 V ProcessingVideosEventHandler: removeByName
07-05 21:57:16.291   720   720 V NearbyFragment: Removing video segment map for 20200312_150643
07-05 21:57:16.292   720   720 V NearbyFragment: nextTransfer with selected algorithm: fastest
07-05 21:57:16.296   720   720 W NearbyFragment: Sending 20200312_150744!001.mp4 to Nexus 5X [34d8]
07-05 21:57:16.303   720   720 V NearbyFragment: Transfer to Endpoint{id=Rc4h, name=Nexus 5 [1825]} complete
07-05 21:57:16.305   720   720 V NearbyFragment: Transfer to Endpoint{id=4qxN, name=Nexus 5X [34d8]} complete
07-05 21:57:16.330   720   720 V NearbyFragment: Transfer to Endpoint{id=4qxN, name=Nexus 5X [34d8]} complete
07-05 21:57:17.249   720  1764 V DownloadTestVideosTask: Starting DownloadTestVideosTask
07-05 21:57:17.253   720  1764 V DashDownloadManager: Started downloading: 20200312_150844.mp4
07-05 21:57:17.258   720  1764 I System.out: (HTTPLog)-Static: isSBSettingEnabled false
07-05 21:57:17.259   720  1764 I System.out: (HTTPLog)-Static: isSBSettingEnabled false
07-05 21:57:17.326   720  1764 I System.out: (HTTPLog)-Thread-2294-202730381: getTransferStream : ContentLength=69990400, method=GET, HTTPVersion=http/1.1
07-05 21:57:22.219   720   720 V NearbyFragment: Transfer to Endpoint{id=Rc4h, name=Nexus 5 [1825]} complete
07-05 21:57:22.680   720   720 D NearbyFragment: onPayloadReceived(endpointId=Rc4h, payload=com.google.android.gms.nearby.connection.Payload@7f1f142)
07-05 21:57:22.683   720   720 D NearbyFragment: Endpoint{id=Rc4h, name=Nexus 5 [1825]} has finished downloading 20200312_150744!000.mp4
07-05 21:57:22.687   720   720 V NearbyFragment: nextTransfer with selected algorithm: fastest
07-05 21:57:22.691   720   720 W NearbyFragment: Sending 20200312_150744!002.mp4 to Nexus 5X [34d8]
07-05 21:57:22.758   720   720 V NearbyFragment: Transfer to Endpoint{id=Rc4h, name=Nexus 5 [1825]} complete
07-05 21:57:22.788   720   720 V NearbyFragment: Transfer to Endpoint{id=4qxN, name=Nexus 5X [34d8]} complete
07-05 21:57:27.391   720   720 V NearbyFragment: Transfer to Endpoint{id=4qxN, name=Nexus 5X [34d8]} complete
07-05 21:57:27.565   720   720 D NearbyFragment: onPayloadReceived(endpointId=4qxN, payload=com.google.android.gms.nearby.connection.Payload@f7a3389)
07-05 21:57:27.567   720   720 D NearbyFragment: Endpoint{id=4qxN, name=Nexus 5X [34d8]} has finished downloading 20200312_150744!001.mp4
07-05 21:57:27.570   720   720 V NearbyFragment: nextTransfer with selected algorithm: fastest
07-05 21:57:27.573   720   720 W NearbyFragment: Sending 20200312_150744!003.mp4 to Nexus 5 [1825]
07-05 21:57:27.592   720   720 V NearbyFragment: Transfer to Endpoint{id=Rc4h, name=Nexus 5 [1825]} complete
07-05 21:57:27.632   720   720 V NearbyFragment: Transfer to Endpoint{id=4qxN, name=Nexus 5X [34d8]} complete
07-05 21:57:28.956   720   720 D NearbyFragment: onPayloadReceived(endpointId=Rc4h, payload=com.google.android.gms.nearby.connection.Payload@2833bc)
07-05 21:57:28.957   720   720 D NearbyFragment: 20200312_150744!000.mp4 from Endpoint{id=Rc4h, name=Nexus 5 [1825]} contained no activity
07-05 21:57:28.957   720   720 V NearbyFragment: Received a segment of 20200312_150744
07-05 21:57:28.957   720   720 I NearbyFragment: Transfer queue is empty
07-05 21:57:28.976   720   720 V NearbyFragment: Transfer to Endpoint{id=Rc4h, name=Nexus 5 [1825]} complete
07-05 21:57:31.375   720   720 D NearbyFragment: onPayloadReceived(endpointId=4qxN, payload=com.google.android.gms.nearby.connection.Payload@497f45)
07-05 21:57:31.377   720   720 D NearbyFragment: 20200312_150744!001.mp4 from Endpoint{id=4qxN, name=Nexus 5X [34d8]} contained no activity
07-05 21:57:31.378   720   720 V NearbyFragment: Received a segment of 20200312_150744
07-05 21:57:31.379   720   720 I NearbyFragment: Transfer queue is empty
07-05 21:57:32.330   720   720 V NearbyFragment: Transfer to Endpoint{id=4qxN, name=Nexus 5X [34d8]} complete
07-05 21:57:33.367   720   720 V NearbyFragment: Transfer to Endpoint{id=4qxN, name=Nexus 5X [34d8]} complete
07-05 21:57:34.135   720   720 D NearbyFragment: onPayloadReceived(endpointId=4qxN, payload=com.google.android.gms.nearby.connection.Payload@870669a)
07-05 21:57:34.138   720   720 D NearbyFragment: Endpoint{id=4qxN, name=Nexus 5X [34d8]} has finished downloading 20200312_150744!002.mp4
07-05 21:57:34.139   720   720 I NearbyFragment: Transfer queue is empty
07-05 21:57:34.153   720   720 V NearbyFragment: Transfer to Endpoint{id=4qxN, name=Nexus 5X [34d8]} complete
07-05 21:57:37.025   720   720 V NearbyFragment: Transfer to Endpoint{id=Rc4h, name=Nexus 5 [1825]} complete
07-05 21:57:37.301   720   720 D NearbyFragment: onPayloadReceived(endpointId=Rc4h, payload=com.google.android.gms.nearby.connection.Payload@c3acbcb)
07-05 21:57:37.303   720   720 D NearbyFragment: Endpoint{id=Rc4h, name=Nexus 5 [1825]} has finished downloading 20200312_150744!003.mp4
07-05 21:57:37.305   720   720 I NearbyFragment: Transfer queue is empty
07-05 21:57:37.346   720   720 V NearbyFragment: Transfer to Endpoint{id=Rc4h, name=Nexus 5 [1825]} complete
07-05 21:57:37.826   720   720 D NearbyFragment: onPayloadReceived(endpointId=4qxN, payload=com.google.android.gms.nearby.connection.Payload@922cfa8)
07-05 21:57:37.827   720   720 D NearbyFragment: 20200312_150744!002.mp4 from Endpoint{id=4qxN, name=Nexus 5X [34d8]} contained no activity
07-05 21:57:37.828   720   720 V NearbyFragment: Received a segment of 20200312_150744
07-05 21:57:37.828   720   720 I NearbyFragment: Transfer queue is empty
07-05 21:57:37.836   720   720 V NearbyFragment: Transfer to Endpoint{id=4qxN, name=Nexus 5X [34d8]} complete
07-05 21:57:46.309   720  1764 V VideoManager: Retrieving video from /storage/emulated/0/Movies/raw/20200312_150844.mp4
07-05 21:57:46.366   720  1764 D VideoManager: videoCursor is null
07-05 21:57:46.455   720  1764 V VideoManager: videoFromCursor
07-05 21:57:46.460   720  1764 W DashDownloadManager: Successfully downloaded 20200312_150844.mp4 in 29.053s
07-05 21:57:46.462   720  1764 V DownloadTestVideosTask: Entering callback for download completion of 20200312_150844.mp4
07-05 21:57:46.463   720  1764 V RawFootageEventHandler: onAdd
07-05 21:57:46.465   720  1764 V FfmpegTools: Retrieving duration of /storage/emulated/0/Movies/raw/20200312_150844.mp4
07-05 21:57:46.475   720  1916 W mobile-ffmpeg: [mov,mp4,m4a,3gp,3g2,mj2 @ 0x78e6712a00] Found duplicated MOOV Atom. Skipped it
07-05 21:57:46.554   720  1916 I mobile-ffmpeg: Input #0, mov,mp4,m4a,3gp,3g2,mj2, from '/storage/emulated/0/Movies/raw/20200312_150844.mp4':
07-05 21:57:46.554   720  1916 I mobile-ffmpeg:   Metadata:
07-05 21:57:46.554   720  1916 I mobile-ffmpeg:     creation_time   : 
07-05 21:57:46.555   720  1916 I mobile-ffmpeg: 2020-03-12T04:09:43.000000Z
07-05 21:57:46.555   720  1916 I mobile-ffmpeg: 
07-05 21:57:46.555   720  1916 I mobile-ffmpeg:     major_brand     : 
07-05 21:57:46.555   720  1916 I mobile-ffmpeg: mp42
07-05 21:57:46.555   720  1916 I mobile-ffmpeg: 
07-05 21:57:46.555   720  1916 I mobile-ffmpeg:     minor_version   : 
07-05 21:57:46.555   720  1916 I mobile-ffmpeg: 1
07-05 21:57:46.555   720  1916 I mobile-ffmpeg: 
07-05 21:57:46.555   720  1916 I mobile-ffmpeg:     compatible_brands: 
07-05 21:57:46.555   720  1916 I mobile-ffmpeg: mp42mp42
07-05 21:57:46.555   720  1916 I mobile-ffmpeg: 
07-05 21:57:46.555   720  1916 I mobile-ffmpeg:   Duration: 
07-05 21:57:46.555   720  1916 I mobile-ffmpeg: 00:01:00.02
07-05 21:57:46.555   720  1916 I mobile-ffmpeg: , start: 
07-05 21:57:46.555   720  1916 I mobile-ffmpeg: 0.000000
07-05 21:57:46.555   720  1916 I mobile-ffmpeg: , bitrate: 
07-05 21:57:46.555   720  1916 I mobile-ffmpeg: 9328 kb/s
07-05 21:57:46.555   720  1916 I mobile-ffmpeg: 
07-05 21:57:46.556   720  1916 I mobile-ffmpeg:     Stream #0:0
07-05 21:57:46.556   720  1916 I mobile-ffmpeg: (eng)
07-05 21:57:46.556   720  1916 I mobile-ffmpeg: : Video: h264 (avc1 / 0x31637661), yuvj420p(pc, bt709), 1280x720, 8383 kb/s
07-05 21:57:46.556   720  1916 I mobile-ffmpeg: , 
07-05 21:57:46.556   720  1916 I mobile-ffmpeg: 29.97 fps, 
07-05 21:57:46.556   720  1916 I mobile-ffmpeg: 29.97 tbr, 
07-05 21:57:46.556   720  1916 I mobile-ffmpeg: 1k tbn, 
07-05 21:57:46.556   720  1916 I mobile-ffmpeg: 2k tbc
07-05 21:57:46.556   720  1916 I mobile-ffmpeg:  (default)
07-05 21:57:46.556   720  1916 I mobile-ffmpeg: 
07-05 21:57:46.556   720  1916 I mobile-ffmpeg:     Metadata:
07-05 21:57:46.556   720  1916 I mobile-ffmpeg:       creation_time   : 
07-05 21:57:46.556   720  1916 I mobile-ffmpeg: 2020-03-12T04:09:43.000000Z
07-05 21:57:46.556   720  1916 I mobile-ffmpeg: 
07-05 21:57:46.556   720  1916 I mobile-ffmpeg:       handler_name    : 
07-05 21:57:46.556   720  1916 I mobile-ffmpeg: PittaSoft Video Media Handler
07-05 21:57:46.557   720  1916 I mobile-ffmpeg: 
07-05 21:57:46.557   720  1916 I mobile-ffmpeg:     Stream #0:1
07-05 21:57:46.557   720  1916 I mobile-ffmpeg: (eng)
07-05 21:57:46.557   720  1916 I mobile-ffmpeg: : Audio: aac (mp4a / 0x6134706D), 16000 Hz, stereo, fltp, 47 kb/s
07-05 21:57:46.557   720  1916 I mobile-ffmpeg:  (default)
07-05 21:57:46.557   720  1916 I mobile-ffmpeg: 
07-05 21:57:46.557   720  1916 I mobile-ffmpeg:     Metadata:
07-05 21:57:46.557   720  1916 I mobile-ffmpeg:       creation_time   : 
07-05 21:57:46.557   720  1916 I mobile-ffmpeg: 2020-03-12T04:09:43.000000Z
07-05 21:57:46.557   720  1916 I mobile-ffmpeg: 
07-05 21:57:46.557   720  1916 I mobile-ffmpeg:       handler_name    : 
07-05 21:57:46.557   720  1916 I mobile-ffmpeg: PittaSoft Sound Media Handler
07-05 21:57:46.557   720  1916 I mobile-ffmpeg: 
07-05 21:57:46.575   720  1764 V FileManager: External storage is readable
07-05 21:57:46.576   720  1764 V FileManager: Created new directory: /storage/emulated/0/Movies/segment/20200312_150844
07-05 21:57:46.576   720  1764 V FfmpegTools: Splitting /storage/emulated/0/Movies/raw/20200312_150844.mp4 with 16s long segments
07-05 21:57:46.577   720  1764 I FfmpegTools: Running ffmpeg with:
07-05 21:57:46.577   720  1764 I FfmpegTools:   -y -i /storage/emulated/0/Movies/raw/20200312_150844.mp4 -map 0 -c copy -f segment -reset_timestamps 1 -segment_time 16 /storage/emulated/0/Movies/segment/20200312_150844/20200312_150844!%03d.mp4
07-05 21:57:46.586   720  1916 W mobile-ffmpeg: [mov,mp4,m4a,3gp,3g2,mj2 @ 0x78e6712a00] Found duplicated MOOV Atom. Skipped it
07-05 21:57:46.643   720  1916 I mobile-ffmpeg: Input #0, mov,mp4,m4a,3gp,3g2,mj2, from '/storage/emulated/0/Movies/raw/20200312_150844.mp4':
07-05 21:57:46.643   720  1916 I mobile-ffmpeg:   Metadata:
07-05 21:57:46.643   720  1916 I mobile-ffmpeg:     creation_time   : 
07-05 21:57:46.644   720  1916 I mobile-ffmpeg: 2020-03-12T04:09:43.000000Z
07-05 21:57:46.644   720  1916 I mobile-ffmpeg: 
07-05 21:57:46.644   720  1916 I mobile-ffmpeg:     major_brand     : 
07-05 21:57:46.644   720  1916 I mobile-ffmpeg: mp42
07-05 21:57:46.644   720  1916 I mobile-ffmpeg: 
07-05 21:57:46.644   720  1916 I mobile-ffmpeg:     minor_version   : 
07-05 21:57:46.644   720  1916 I mobile-ffmpeg: 1
07-05 21:57:46.644   720  1916 I mobile-ffmpeg: 
07-05 21:57:46.644   720  1916 I mobile-ffmpeg:     compatible_brands: 
07-05 21:57:46.644   720  1916 I mobile-ffmpeg: mp42mp42
07-05 21:57:46.644   720  1916 I mobile-ffmpeg: 
07-05 21:57:46.644   720  1916 I mobile-ffmpeg:   Duration: 
07-05 21:57:46.644   720  1916 I mobile-ffmpeg: 00:01:00.02
07-05 21:57:46.644   720  1916 I mobile-ffmpeg: , start: 
07-05 21:57:46.644   720  1916 I mobile-ffmpeg: 0.000000
07-05 21:57:46.644   720  1916 I mobile-ffmpeg: , bitrate: 
07-05 21:57:46.644   720  1916 I mobile-ffmpeg: 9328 kb/s
07-05 21:57:46.644   720  1916 I mobile-ffmpeg: 
07-05 21:57:46.645   720  1916 I mobile-ffmpeg:     Stream #0:0
07-05 21:57:46.645   720  1916 I mobile-ffmpeg: (eng)
07-05 21:57:46.645   720  1916 I mobile-ffmpeg: : Video: h264 (avc1 / 0x31637661), yuvj420p(pc, bt709), 1280x720, 8383 kb/s
07-05 21:57:46.645   720  1916 I mobile-ffmpeg: , 
07-05 21:57:46.645   720  1916 I mobile-ffmpeg: 29.97 fps, 
07-05 21:57:46.645   720  1916 I mobile-ffmpeg: 29.97 tbr, 
07-05 21:57:46.645   720  1916 I mobile-ffmpeg: 1k tbn, 
07-05 21:57:46.645   720  1916 I mobile-ffmpeg: 2k tbc
07-05 21:57:46.645   720  1916 I mobile-ffmpeg:  (default)
07-05 21:57:46.645   720  1916 I mobile-ffmpeg: 
07-05 21:57:46.645   720  1916 I mobile-ffmpeg:     Metadata:
07-05 21:57:46.645   720  1916 I mobile-ffmpeg:       creation_time   : 
07-05 21:57:46.645   720  1916 I mobile-ffmpeg: 2020-03-12T04:09:43.000000Z
07-05 21:57:46.645   720  1916 I mobile-ffmpeg: 
07-05 21:57:46.645   720  1916 I mobile-ffmpeg:       handler_name    : 
07-05 21:57:46.645   720  1916 I mobile-ffmpeg: PittaSoft Video Media Handler
07-05 21:57:46.645   720  1916 I mobile-ffmpeg: 
07-05 21:57:46.645   720  1916 I mobile-ffmpeg:     Stream #0:1
07-05 21:57:46.645   720  1916 I mobile-ffmpeg: (eng)
07-05 21:57:46.646   720  1916 I mobile-ffmpeg: : Audio: aac (mp4a / 0x6134706D), 16000 Hz, stereo, fltp, 47 kb/s
07-05 21:57:46.646   720  1916 I mobile-ffmpeg:  (default)
07-05 21:57:46.646   720  1916 I mobile-ffmpeg: 
07-05 21:57:46.646   720  1916 I mobile-ffmpeg:     Metadata:
07-05 21:57:46.646   720  1916 I mobile-ffmpeg:       creation_time   : 
07-05 21:57:46.646   720  1916 I mobile-ffmpeg: 2020-03-12T04:09:43.000000Z
07-05 21:57:46.646   720  1916 I mobile-ffmpeg: 
07-05 21:57:46.646   720  1916 I mobile-ffmpeg:       handler_name    : 
07-05 21:57:46.646   720  1916 I mobile-ffmpeg: PittaSoft Sound Media Handler
07-05 21:57:46.646   720  1916 I mobile-ffmpeg: 
07-05 21:57:46.646   720  1916 I mobile-ffmpeg: [segment @ 0x78bb427c00] Opening '/storage/emulated/0/Movies/segment/20200312_150844/20200312_150844!000.mp4' for writing
07-05 21:57:46.646   720  1916 I mobile-ffmpeg: Output #0, segment, to '/storage/emulated/0/Movies/segment/20200312_150844/20200312_150844!%03d.mp4':
07-05 21:57:46.646   720  1916 I mobile-ffmpeg:   Metadata:
07-05 21:57:46.646   720  1916 I mobile-ffmpeg:     compatible_brands: 
07-05 21:57:46.646   720  1916 I mobile-ffmpeg: mp42mp42
07-05 21:57:46.646   720  1916 I mobile-ffmpeg: 
07-05 21:57:46.646   720  1916 I mobile-ffmpeg:     major_brand     : 
07-05 21:57:46.646   720  1916 I mobile-ffmpeg: mp42
07-05 21:57:46.646   720  1916 I mobile-ffmpeg: 
07-05 21:57:46.647   720  1916 I mobile-ffmpeg:     minor_version   : 
07-05 21:57:46.647   720  1916 I mobile-ffmpeg: 1
07-05 21:57:46.647   720  1916 I mobile-ffmpeg: 
07-05 21:57:46.647   720  1916 I mobile-ffmpeg:     encoder         : 
07-05 21:57:46.647   720  1916 I mobile-ffmpeg: Lavf58.42.100
07-05 21:57:46.647   720  1916 I mobile-ffmpeg: 
07-05 21:57:46.647   720  1916 I mobile-ffmpeg:     Stream #0:0
07-05 21:57:46.647   720  1916 I mobile-ffmpeg: (eng)
07-05 21:57:46.647   720  1916 I mobile-ffmpeg: : Video: h264 (avc1 / 0x31637661), yuvj420p(pc, bt709), 1280x720, q=2-31, 8383 kb/s
07-05 21:57:46.647   720  1916 I mobile-ffmpeg: , 
07-05 21:57:46.647   720  1916 I mobile-ffmpeg: 29.97 fps, 
07-05 21:57:46.647   720  1916 I mobile-ffmpeg: 29.97 tbr, 
07-05 21:57:46.647   720  1916 I mobile-ffmpeg: 16k tbn, 
07-05 21:57:46.647   720  1916 I mobile-ffmpeg: 1k tbc
07-05 21:57:46.647   720  1916 I mobile-ffmpeg:  (default)
07-05 21:57:46.647   720  1916 I mobile-ffmpeg: 
07-05 21:57:46.647   720  1916 I mobile-ffmpeg:     Metadata:
07-05 21:57:46.648   720  1916 I mobile-ffmpeg:       creation_time   : 
07-05 21:57:46.648   720  1916 I mobile-ffmpeg: 2020-03-12T04:09:43.000000Z
07-05 21:57:46.648   720  1916 I mobile-ffmpeg: 
07-05 21:57:46.648   720  1916 I mobile-ffmpeg:       handler_name    : 
07-05 21:57:46.648   720  1916 I mobile-ffmpeg: PittaSoft Video Media Handler
07-05 21:57:46.648   720  1916 I mobile-ffmpeg: 
07-05 21:57:46.648   720  1916 I mobile-ffmpeg:     Stream #0:1
07-05 21:57:46.648   720  1916 I mobile-ffmpeg: (eng)
07-05 21:57:46.648   720  1916 I mobile-ffmpeg: : Audio: aac (mp4a / 0x6134706D), 16000 Hz, stereo, fltp, 47 kb/s
07-05 21:57:46.648   720  1916 I mobile-ffmpeg:  (default)
07-05 21:57:46.648   720  1916 I mobile-ffmpeg: 
07-05 21:57:46.648   720  1916 I mobile-ffmpeg:     Metadata:
07-05 21:57:46.648   720  1916 I mobile-ffmpeg:       creation_time   : 
07-05 21:57:46.649   720  1916 I mobile-ffmpeg: 2020-03-12T04:09:43.000000Z
07-05 21:57:46.649   720  1916 I mobile-ffmpeg: 
07-05 21:57:46.649   720  1916 I mobile-ffmpeg:       handler_name    : 
07-05 21:57:46.649   720  1916 I mobile-ffmpeg: PittaSoft Sound Media Handler
07-05 21:57:46.649   720  1916 I mobile-ffmpeg: 
07-05 21:57:46.649   720  1916 I mobile-ffmpeg: Stream mapping:
07-05 21:57:46.649   720  1916 I mobile-ffmpeg:   Stream #0:0 -> #0:0
07-05 21:57:46.649   720  1916 I mobile-ffmpeg:  (copy)
07-05 21:57:46.649   720  1916 I mobile-ffmpeg: 
07-05 21:57:46.649   720  1916 I mobile-ffmpeg:   Stream #0:1 -> #0:1
07-05 21:57:46.649   720  1916 I mobile-ffmpeg:  (copy)
07-05 21:57:46.649   720  1916 I mobile-ffmpeg: 
07-05 21:57:46.649   720  1916 I mobile-ffmpeg: Press [q] to stop, [?] for help
07-05 21:57:46.649   720  1916 I mobile-ffmpeg: frame=    1 fps=0.0 q=-1.0 size=N/A time=00:00:00.00 bitrate=N/A speed=31.5x    
07-05 21:57:46.725   720  1916 I mobile-ffmpeg: [segment @ 0x78bb427c00] Opening '/storage/emulated/0/Movies/segment/20200312_150844/20200312_150844!001.mp4' for writing
07-05 21:57:46.781   720  1916 I mobile-ffmpeg: [segment @ 0x78bb427c00] Opening '/storage/emulated/0/Movies/segment/20200312_150844/20200312_150844!002.mp4' for writing
07-05 21:57:46.832   720  1916 I mobile-ffmpeg: [segment @ 0x78bb427c00] Opening '/storage/emulated/0/Movies/segment/20200312_150844/20200312_150844!003.mp4' for writing
07-05 21:57:46.870   720  1916 I mobile-ffmpeg: frame= 1800 fps=0.0 q=-1.0 Lsize=N/A time=00:01:00.01 bitrate=N/A speed= 267x    
07-05 21:57:46.870   720  1916 I mobile-ffmpeg: video:61424kB audio:345kB subtitle:0kB other streams:0kB global headers:0kB muxing overhead: 
07-05 21:57:46.870   720  1916 I mobile-ffmpeg: unknown
07-05 21:57:46.870   720  1916 I mobile-ffmpeg: 
07-05 21:57:46.873   720  1764 V FileManager: External storage is readable
07-05 21:57:46.873   720  1764 V FileManager: Directory already exists: /storage/emulated/0/Movies/segment/20200312_150844
07-05 21:57:46.873   720  1764 V VideoManager: Retrieving videos from /storage/emulated/0/Movies/segment/20200312_150844
07-05 21:57:46.874   720  1764 V VideoManager: Retrieving video from /storage/emulated/0/Movies/segment/20200312_150844/20200312_150844!000.mp4
07-05 21:57:46.881   720  1764 V VideoManager: videoFromCursor
07-05 21:57:46.884   720  1764 V VideoManager: Retrieving video from /storage/emulated/0/Movies/segment/20200312_150844/20200312_150844!001.mp4
07-05 21:57:46.891   720  1764 V VideoManager: videoFromCursor
07-05 21:57:46.893   720  1764 V VideoManager: Retrieving video from /storage/emulated/0/Movies/segment/20200312_150844/20200312_150844!002.mp4
07-05 21:57:46.899   720  1764 V VideoManager: videoFromCursor
07-05 21:57:46.901   720  1764 V VideoManager: Retrieving video from /storage/emulated/0/Movies/segment/20200312_150844/20200312_150844!003.mp4
07-05 21:57:46.906   720  1764 V VideoManager: videoFromCursor
07-05 21:57:46.910   720  1764 V NearbyFragment: nextTransfer with selected algorithm: fastest
07-05 21:57:46.911   720  1764 W NearbyFragment: Sending 20200312_150844!000.mp4 to Nexus 5X [34d8]
07-05 21:57:46.919   720   720 V NearbyFragment: Transfer to Endpoint{id=4qxN, name=Nexus 5X [34d8]} complete
07-05 21:57:47.912   720  1764 V DownloadTestVideosTask: Starting DownloadTestVideosTask
07-05 21:57:47.914   720  1764 V DashDownloadManager: Started downloading: 20200312_150944.mp4
07-05 21:57:47.917   720  1764 I System.out: (HTTPLog)-Static: isSBSettingEnabled false
07-05 21:57:47.917   720  1764 I System.out: (HTTPLog)-Static: isSBSettingEnabled false
07-05 21:57:48.109   720  1764 I System.out: (HTTPLog)-Thread-2294-78200404: getTransferStream : ContentLength=69990400, method=GET, HTTPVersion=http/1.1
07-05 21:57:49.711   720   720 V NearbyFragment: Transfer to Endpoint{id=4qxN, name=Nexus 5X [34d8]} complete
07-05 21:57:49.992   720   720 D NearbyFragment: onPayloadReceived(endpointId=4qxN, payload=com.google.android.gms.nearby.connection.Payload@60551fd)
07-05 21:57:49.993   720   720 D NearbyFragment: Endpoint{id=4qxN, name=Nexus 5X [34d8]} has finished downloading 20200312_150844!000.mp4
07-05 21:57:49.994   720   720 V NearbyFragment: nextTransfer with selected algorithm: fastest
07-05 21:57:49.995   720   720 W NearbyFragment: Sending 20200312_150844!001.mp4 to Nexus 5X [34d8]
07-05 21:57:50.010   720   720 V NearbyFragment: Transfer to Endpoint{id=4qxN, name=Nexus 5X [34d8]} complete
07-05 21:57:50.015   720   720 V NearbyFragment: Transfer to Endpoint{id=4qxN, name=Nexus 5X [34d8]} complete
07-05 21:57:53.263   720   720 V NearbyFragment: Transfer to Endpoint{id=4qxN, name=Nexus 5X [34d8]} complete
07-05 21:57:53.907   720   720 D NearbyFragment: onPayloadReceived(endpointId=4qxN, payload=com.google.android.gms.nearby.connection.Payload@985ebc0)
07-05 21:57:53.907   720   720 D NearbyFragment: Endpoint{id=4qxN, name=Nexus 5X [34d8]} has finished downloading 20200312_150844!001.mp4
07-05 21:57:53.909   720   720 V NearbyFragment: nextTransfer with selected algorithm: fastest
07-05 21:57:53.911   720   720 W NearbyFragment: Sending 20200312_150844!002.mp4 to Nexus 5 [1825]
07-05 21:57:53.915   720   720 V NearbyFragment: Transfer to Endpoint{id=4qxN, name=Nexus 5X [34d8]} complete
07-05 21:57:53.935   720   720 V NearbyFragment: Transfer to Endpoint{id=Rc4h, name=Nexus 5 [1825]} complete
07-05 21:57:54.729   720   720 D NearbyFragment: onPayloadReceived(endpointId=4qxN, payload=com.google.android.gms.nearby.connection.Payload@894d69f)
07-05 21:57:54.730   720   720 V NearbyFragment: Started downloading 20200312_150844!000.mp4 from Endpoint{id=4qxN, name=Nexus 5X [34d8]}
07-05 21:57:54.732   720   720 V NearbyFragment: nextTransfer with selected algorithm: fastest
07-05 21:57:54.735   720   720 W NearbyFragment: Sending 20200312_150844!003.mp4 to Nexus 5X [34d8]
07-05 21:57:54.741   720   720 V NearbyFragment: Transfer to Endpoint{id=4qxN, name=Nexus 5X [34d8]} complete
07-05 21:57:54.752   720   720 V NearbyFragment: Transfer to Endpoint{id=4qxN, name=Nexus 5X [34d8]} complete
07-05 21:57:55.830   720   720 D NearbyFragment: onPayloadReceived(endpointId=4qxN, payload=com.google.android.gms.nearby.connection.Payload@17faa4a)
07-05 21:57:57.224   720   720 D NearbyFragment: onPayloadReceived(endpointId=Rc4h, payload=com.google.android.gms.nearby.connection.Payload@87a3dbb)
07-05 21:57:57.226   720   720 V NearbyFragment: Started downloading 20200312_150744!003.mp4 from Endpoint{id=Rc4h, name=Nexus 5 [1825]}
07-05 21:57:57.227   720   720 I NearbyFragment: Transfer queue is empty
07-05 21:57:57.244   720   720 V NearbyFragment: Transfer to Endpoint{id=Rc4h, name=Nexus 5 [1825]} complete
07-05 21:57:57.834   720   720 D NearbyFragment: onPayloadReceived(endpointId=Rc4h, payload=com.google.android.gms.nearby.connection.Payload@47d72d8)
07-05 21:57:58.094   720   720 V NearbyFragment: Transfer to Endpoint{id=Rc4h, name=Nexus 5 [1825]} complete
07-05 21:57:59.441   720   720 D NearbyFragment: onPayloadReceived(endpointId=Rc4h, payload=com.google.android.gms.nearby.connection.Payload@d77e631)
07-05 21:57:59.443   720   720 D NearbyFragment: Endpoint{id=Rc4h, name=Nexus 5 [1825]} has finished downloading 20200312_150844!002.mp4
07-05 21:57:59.445   720   720 I NearbyFragment: Transfer queue is empty
07-05 21:57:59.470   720   720 V NearbyFragment: Transfer to Endpoint{id=Rc4h, name=Nexus 5 [1825]} complete
07-05 21:57:59.478   720   720 V NearbyFragment: Transfer to Endpoint{id=Rc4h, name=Nexus 5 [1825]} complete
07-05 21:57:59.480   720   720 W NearbyFragment: Completed downloading 20200312_150744!003.mp4 from Endpoint{id=Rc4h, name=Nexus 5 [1825]} in 02.251s
07-05 21:57:59.493   720   720 V FileManager: External storage is readable
07-05 21:57:59.498   720   720 V FileManager: Created new directory: /storage/emulated/0/Movies/segment-sum/20200312_150744
07-05 21:57:59.575   720   720 D NearbyFragment: Received all summarised video segments of 20200312_150744
07-05 21:57:59.581   720   720 V FileManager: External storage is readable
07-05 21:57:59.581   720   720 V FileManager: Directory already exists: /storage/emulated/0/Movies/segment-sum/20200312_150744
07-05 21:57:59.582   720   720 D FfmpegTools: Merging /storage/emulated/0/Movies/summarised/20200312_150744.mp4
07-05 21:57:59.582   720   720 V FfmpegTools: Retrieving duration of /storage/emulated/0/Movies/segment-sum/20200312_150744/20200312_150744!003.mp4
07-05 21:57:59.615   720  1916 I mobile-ffmpeg: Input #0, mov,mp4,m4a,3gp,3g2,mj2, from '/storage/emulated/0/Movies/segment-sum/20200312_150744/20200312_150744!003.mp4':
07-05 21:57:59.615   720  1916 I mobile-ffmpeg:   Metadata:
07-05 21:57:59.616   720  1916 I mobile-ffmpeg:     major_brand     : 
07-05 21:57:59.616   720  1916 I mobile-ffmpeg: isom
07-05 21:57:59.616   720  1916 I mobile-ffmpeg: 
07-05 21:57:59.617   720  1916 I mobile-ffmpeg:     minor_version   : 
07-05 21:57:59.617   720  1916 I mobile-ffmpeg: 512
07-05 21:57:59.617   720  1916 I mobile-ffmpeg: 
07-05 21:57:59.618   720  1916 I mobile-ffmpeg:     compatible_brands: 
07-05 21:57:59.618   720  1916 I mobile-ffmpeg: isomiso2avc1mp41
07-05 21:57:59.618   720  1916 I mobile-ffmpeg: 
07-05 21:57:59.619   720  1916 I mobile-ffmpeg:     encoder         : 
07-05 21:57:59.619   720  1916 I mobile-ffmpeg: Lavf58.42.100
07-05 21:57:59.619   720  1916 I mobile-ffmpeg: 
07-05 21:57:59.620   720  1916 I mobile-ffmpeg:   Duration: 
07-05 21:57:59.620   720  1916 I mobile-ffmpeg: 00:00:04.89
07-05 21:57:59.620   720  1916 I mobile-ffmpeg: , start: 
07-05 21:57:59.622   720  1916 I mobile-ffmpeg: 0.000000
07-05 21:57:59.623   720  1916 I mobile-ffmpeg: , bitrate: 
07-05 21:57:59.623   720  1916 I mobile-ffmpeg: 1416 kb/s
07-05 21:57:59.623   720  1916 I mobile-ffmpeg: 
07-05 21:57:59.624   720  1916 I mobile-ffmpeg:     Stream #0:0
07-05 21:57:59.624   720  1916 I mobile-ffmpeg: (und)
07-05 21:57:59.624   720  1916 I mobile-ffmpeg: : Video: h264 (avc1 / 0x31637661), yuvj420p(pc), 1280x720, 1356 kb/s
07-05 21:57:59.627   720  1916 I mobile-ffmpeg: , 
07-05 21:57:59.628   720  1916 I mobile-ffmpeg: 29.97 fps, 
07-05 21:57:59.628   720  1916 I mobile-ffmpeg: 29.97 tbr, 
07-05 21:57:59.628   720  1916 I mobile-ffmpeg: 30k tbn, 
07-05 21:57:59.628   720  1916 I mobile-ffmpeg: 59.94 tbc
07-05 21:57:59.629   720   720 W FfmpegTools: Single segment returned, duration of 20200312_150744: 4.89
07-05 21:57:59.633   720  1916 I mobile-ffmpeg:  (default)
07-05 21:57:59.633   720  1916 I mobile-ffmpeg: 
07-05 21:57:59.634   720  1916 I mobile-ffmpeg:     Metadata:
07-05 21:57:59.634   720  1916 I mobile-ffmpeg:       handler_name    : 
07-05 21:57:59.634   720  1916 I mobile-ffmpeg: VideoHandler
07-05 21:57:59.634   720  1916 I mobile-ffmpeg: 
07-05 21:57:59.635   720  1916 I mobile-ffmpeg:     Stream #0:1
07-05 21:57:59.635   720  1916 I mobile-ffmpeg: (und)
07-05 21:57:59.635   720  1916 I mobile-ffmpeg: : Audio: aac (mp4a / 0x6134706D), 16000 Hz, stereo, fltp, 78 kb/s
07-05 21:57:59.636   720  1916 I mobile-ffmpeg:  (default)
07-05 21:57:59.636   720  1916 I mobile-ffmpeg: 
07-05 21:57:59.636   720  1916 I mobile-ffmpeg:     Metadata:
07-05 21:57:59.638   720  1916 I mobile-ffmpeg:       handler_name    : 
07-05 21:57:59.639   720  1916 I mobile-ffmpeg: SoundHandler
07-05 21:57:59.639   720  1916 I mobile-ffmpeg: 
07-05 21:57:59.710   720   720 V VideoManager: Retrieving video from /storage/emulated/0/Movies/summarised/20200312_150744.mp4
07-05 21:57:59.727   720   720 V VideoManager: videoFromCursor
07-05 21:57:59.731   720   720 V SummarisedVideosEventHandler: onAdd
07-05 21:57:59.731   720   720 V RawFootageEventHandler: removeByName
07-05 21:57:59.732   720   720 V ProcessingVideosEventHandler: removeByName
07-05 21:57:59.733   720   720 V NearbyFragment: Removing video segment map for 20200312_150744
07-05 21:58:01.781   720   720 V NearbyFragment: Transfer to Endpoint{id=4qxN, name=Nexus 5X [34d8]} complete
07-05 21:58:02.314   720   720 D NearbyFragment: onPayloadReceived(endpointId=4qxN, payload=com.google.android.gms.nearby.connection.Payload@9b3b46d)
07-05 21:58:02.315   720   720 V NearbyFragment: Started downloading 20200312_150844!001.mp4 from Endpoint{id=4qxN, name=Nexus 5X [34d8]}
07-05 21:58:02.316   720   720 I NearbyFragment: Transfer queue is empty
07-05 21:58:02.510   720   720 V NearbyFragment: Transfer to Endpoint{id=4qxN, name=Nexus 5X [34d8]} complete
07-05 21:58:03.403   720   720 D NearbyFragment: onPayloadReceived(endpointId=4qxN, payload=com.google.android.gms.nearby.connection.Payload@bcb38a2)
07-05 21:58:03.405   720   720 D NearbyFragment: Endpoint{id=4qxN, name=Nexus 5X [34d8]} has finished downloading 20200312_150844!003.mp4
07-05 21:58:03.406   720   720 I NearbyFragment: Transfer queue is empty
07-05 21:58:03.408   720   720 V NearbyFragment: Transfer to Endpoint{id=4qxN, name=Nexus 5X [34d8]} complete
07-05 21:58:05.884   720   720 D NearbyFragment: onPayloadReceived(endpointId=Rc4h, payload=com.google.android.gms.nearby.connection.Payload@14a933)
07-05 21:58:05.886   720   720 V NearbyFragment: Started downloading 20200312_150844!002.mp4 from Endpoint{id=Rc4h, name=Nexus 5 [1825]}
07-05 21:58:05.887   720   720 I NearbyFragment: Transfer queue is empty
07-05 21:58:05.890   720   720 V NearbyFragment: Transfer to Endpoint{id=Rc4h, name=Nexus 5 [1825]} complete
07-05 21:58:05.915   720   720 D NearbyFragment: onPayloadReceived(endpointId=Rc4h, payload=com.google.android.gms.nearby.connection.Payload@4cbc4f0)
07-05 21:58:07.136   720   720 D NearbyFragment: onPayloadReceived(endpointId=4qxN, payload=com.google.android.gms.nearby.connection.Payload@2642a69)
07-05 21:58:07.138   720   720 V NearbyFragment: Started downloading 20200312_150844!003.mp4 from Endpoint{id=4qxN, name=Nexus 5X [34d8]}
07-05 21:58:07.139   720   720 I NearbyFragment: Transfer queue is empty
07-05 21:58:07.141   720   720 V NearbyFragment: Transfer to Endpoint{id=4qxN, name=Nexus 5X [34d8]} complete
07-05 21:58:09.061   720   720 V NearbyFragment: Transfer to Endpoint{id=4qxN, name=Nexus 5X [34d8]} complete
07-05 21:58:09.062   720   720 W NearbyFragment: Completed downloading 20200312_150844!000.mp4 from Endpoint{id=4qxN, name=Nexus 5X [34d8]} in 14.330s
07-05 21:58:09.070   720   720 V FileManager: External storage is readable
07-05 21:58:09.071   720   720 V FileManager: Created new directory: /storage/emulated/0/Movies/segment-sum/20200312_150844
07-05 21:58:09.660   720   720 V NearbyFragment: Received a segment of 20200312_150844
07-05 21:58:09.660   720   720 D NearbyFragment: onPayloadReceived(endpointId=4qxN, payload=com.google.android.gms.nearby.connection.Payload@fc83cee)
07-05 21:58:15.073   720   720 V NearbyFragment: Transfer to Endpoint{id=4qxN, name=Nexus 5X [34d8]} complete
07-05 21:58:15.073   720   720 W NearbyFragment: Completed downloading 20200312_150844!001.mp4 from Endpoint{id=4qxN, name=Nexus 5X [34d8]} in 12.758s
07-05 21:58:15.080   720   720 V FileManager: External storage is readable
07-05 21:58:15.080   720   720 V FileManager: Directory already exists: /storage/emulated/0/Movies/segment-sum/20200312_150844
07-05 21:58:15.578   720   720 V NearbyFragment: Received a segment of 20200312_150844
07-05 21:58:15.578   720   720 D NearbyFragment: onPayloadReceived(endpointId=4qxN, payload=com.google.android.gms.nearby.connection.Payload@8e6a58f)
07-05 21:58:18.948   720   720 V NearbyFragment: Transfer to Endpoint{id=4qxN, name=Nexus 5X [34d8]} complete
07-05 21:58:18.950   720   720 W NearbyFragment: Completed downloading 20200312_150844!003.mp4 from Endpoint{id=4qxN, name=Nexus 5X [34d8]} in 11.811s
07-05 21:58:18.960   720   720 V FileManager: External storage is readable
07-05 21:58:18.961   720   720 V FileManager: Directory already exists: /storage/emulated/0/Movies/segment-sum/20200312_150844
07-05 21:58:19.362   720   720 V NearbyFragment: Received a segment of 20200312_150844
07-05 21:58:21.119   720   720 V NearbyFragment: Transfer to Endpoint{id=Rc4h, name=Nexus 5 [1825]} complete
07-05 21:58:21.123   720   720 W NearbyFragment: Completed downloading 20200312_150844!002.mp4 from Endpoint{id=Rc4h, name=Nexus 5 [1825]} in 15.234s
07-05 21:58:21.142   720   720 V FileManager: External storage is readable
07-05 21:58:21.143   720   720 V FileManager: Directory already exists: /storage/emulated/0/Movies/segment-sum/20200312_150844
07-05 21:58:21.720   720   720 D NearbyFragment: Received all summarised video segments of 20200312_150844
07-05 21:58:21.724   720   720 V FileManager: External storage is readable
07-05 21:58:21.724   720   720 V FileManager: Directory already exists: /storage/emulated/0/Movies/segment-sum/20200312_150844
07-05 21:58:21.725   720   720 D FfmpegTools: Merging /storage/emulated/0/Movies/summarised/20200312_150844.mp4
07-05 21:58:21.729   720   720 V FileManager: External storage is readable
07-05 21:58:21.729   720   720 V FileManager: Directory already exists: /storage/emulated/0/Movies/segment/20200312_150844
07-05 21:58:21.732   720   720 I FfmpegTools: Running ffmpeg with:
07-05 21:58:21.732   720   720 I FfmpegTools:   -y -f concat -safe 0 -i /storage/emulated/0/Movies/segment/20200312_150844/paths.txt -c copy /storage/emulated/0/Movies/summarised/20200312_150844.mp4
07-05 21:58:21.765   720  1916 I mobile-ffmpeg: [mov,mp4,m4a,3gp,3g2,mj2 @ 0x78d5ee6800] Auto-inserting h264_mp4toannexb bitstream filter
07-05 21:58:21.793   720  1916 I mobile-ffmpeg: Input #0, concat, from '/storage/emulated/0/Movies/segment/20200312_150844/paths.txt':
07-05 21:58:21.794   720  1916 I mobile-ffmpeg:   Duration: 
07-05 21:58:21.794   720  1916 I mobile-ffmpeg: N/A
07-05 21:58:21.794   720  1916 I mobile-ffmpeg: , start: 
07-05 21:58:21.794   720  1916 I mobile-ffmpeg: 0.000000
07-05 21:58:21.794   720  1916 I mobile-ffmpeg: , bitrate: 
07-05 21:58:21.794   720  1916 I mobile-ffmpeg: 8413 kb/s
07-05 21:58:21.795   720  1916 I mobile-ffmpeg: 
07-05 21:58:21.795   720  1916 I mobile-ffmpeg:     Stream #0:0
07-05 21:58:21.795   720  1916 I mobile-ffmpeg: (eng)
07-05 21:58:21.795   720  1916 I mobile-ffmpeg: : Video: h264 (avc1 / 0x31637661), yuvj420p(pc, bt709), 1280x720, 8366 kb/s
07-05 21:58:21.795   720  1916 I mobile-ffmpeg: , 
07-05 21:58:21.795   720  1916 I mobile-ffmpeg: 29.97 fps, 
07-05 21:58:21.795   720  1916 I mobile-ffmpeg: 29.97 tbr, 
07-05 21:58:21.796   720  1916 I mobile-ffmpeg: 16k tbn, 
07-05 21:58:21.796   720  1916 I mobile-ffmpeg: 32k tbc
07-05 21:58:21.796   720  1916 I mobile-ffmpeg: 
07-05 21:58:21.796   720  1916 I mobile-ffmpeg:     Metadata:
07-05 21:58:21.797   720  1916 I mobile-ffmpeg:       handler_name    : 
07-05 21:58:21.797   720  1916 I mobile-ffmpeg: PittaSoft Video Media Handler
07-05 21:58:21.797   720  1916 I mobile-ffmpeg: 
07-05 21:58:21.797   720  1916 I mobile-ffmpeg:     Stream #0:1
07-05 21:58:21.797   720  1916 I mobile-ffmpeg: (eng)
07-05 21:58:21.798   720  1916 I mobile-ffmpeg: : Audio: aac (mp4a / 0x6134706D), 16000 Hz, stereo, fltp, 47 kb/s
07-05 21:58:21.798   720  1916 I mobile-ffmpeg: 
07-05 21:58:21.798   720  1916 I mobile-ffmpeg:     Metadata:
07-05 21:58:21.798   720  1916 I mobile-ffmpeg:       handler_name    : 
07-05 21:58:21.798   720  1916 I mobile-ffmpeg: PittaSoft Sound Media Handler
07-05 21:58:21.799   720  1916 I mobile-ffmpeg: 
07-05 21:58:21.799   720  1916 I mobile-ffmpeg: Output #0, mp4, to '/storage/emulated/0/Movies/summarised/20200312_150844.mp4':
07-05 21:58:21.799   720  1916 I mobile-ffmpeg:   Metadata:
07-05 21:58:21.800   720  1916 I mobile-ffmpeg:     encoder         : 
07-05 21:58:21.800   720  1916 I mobile-ffmpeg: Lavf58.42.100
07-05 21:58:21.800   720  1916 I mobile-ffmpeg: 
07-05 21:58:21.800   720  1916 I mobile-ffmpeg:     Stream #0:0
07-05 21:58:21.800   720  1916 I mobile-ffmpeg: (eng)
07-05 21:58:21.801   720  1916 I mobile-ffmpeg: : Video: h264 (avc1 / 0x31637661), yuvj420p(pc, bt709), 1280x720, q=2-31, 8366 kb/s
07-05 21:58:21.801   720  1916 I mobile-ffmpeg: , 
07-05 21:58:21.801   720  1916 I mobile-ffmpeg: 29.97 fps, 
07-05 21:58:21.801   720  1916 I mobile-ffmpeg: 29.97 tbr, 
07-05 21:58:21.802   720  1916 I mobile-ffmpeg: 16k tbn, 
07-05 21:58:21.802   720  1916 I mobile-ffmpeg: 16k tbc
07-05 21:58:21.802   720  1916 I mobile-ffmpeg: 
07-05 21:58:21.802   720  1916 I mobile-ffmpeg:     Metadata:
07-05 21:58:21.802   720  1916 I mobile-ffmpeg:       handler_name    : 
07-05 21:58:21.803   720  1916 I mobile-ffmpeg: PittaSoft Video Media Handler
07-05 21:58:21.803   720  1916 I mobile-ffmpeg: 
07-05 21:58:21.803   720  1916 I mobile-ffmpeg:     Stream #0:1
07-05 21:58:21.803   720  1916 I mobile-ffmpeg: (eng)
07-05 21:58:21.803   720  1916 I mobile-ffmpeg: : Audio: aac (mp4a / 0x6134706D), 16000 Hz, stereo, fltp, 47 kb/s
07-05 21:58:21.804   720  1916 I mobile-ffmpeg: 
07-05 21:58:21.804   720  1916 I mobile-ffmpeg:     Metadata:
07-05 21:58:21.804   720  1916 I mobile-ffmpeg:       handler_name    : 
07-05 21:58:21.804   720  1916 I mobile-ffmpeg: PittaSoft Sound Media Handler
07-05 21:58:21.805   720  1916 I mobile-ffmpeg: 
07-05 21:58:21.805   720  1916 I mobile-ffmpeg: Stream mapping:
07-05 21:58:21.805   720  1916 I mobile-ffmpeg:   Stream #0:0 -> #0:0
07-05 21:58:21.805   720  1916 I mobile-ffmpeg:  (copy)
07-05 21:58:21.805   720  1916 I mobile-ffmpeg: 
07-05 21:58:21.806   720  1916 I mobile-ffmpeg:   Stream #0:1 -> #0:1
07-05 21:58:21.806   720  1916 I mobile-ffmpeg:  (copy)
07-05 21:58:21.806   720  1916 I mobile-ffmpeg: 
07-05 21:58:21.806   720  1916 I mobile-ffmpeg: Press [q] to stop, [?] for help
07-05 21:58:21.807   720  1916 I mobile-ffmpeg: frame=    1 fps=0.0 q=-1.0 size=       0kB time=00:00:00.00 bitrate=6095.2kbits/s speed=  63x    
07-05 21:58:21.929   720  1916 I mobile-ffmpeg: [mov,mp4,m4a,3gp,3g2,mj2 @ 0x78d5ee6800] Auto-inserting h264_mp4toannexb bitstream filter
07-05 21:58:22.066   720  1916 I mobile-ffmpeg: [mov,mp4,m4a,3gp,3g2,mj2 @ 0x78d5ee6800] Auto-inserting h264_mp4toannexb bitstream filter
07-05 21:58:22.169   720  1916 I mobile-ffmpeg: [mov,mp4,m4a,3gp,3g2,mj2 @ 0x78d5ee6800] Auto-inserting h264_mp4toannexb bitstream filter
07-05 21:58:22.225   720  1916 I mobile-ffmpeg: frame= 1800 fps=0.0 q=-1.0 Lsize=   61804kB time=00:01:00.06 bitrate=8428.8kbits/s speed= 140x    
07-05 21:58:22.225   720   720 V FfmpegTools: Retrieving duration of /storage/emulated/0/Movies/summarised/20200312_150844.mp4
07-05 21:58:22.225   720  1916 I mobile-ffmpeg: video:61425kB audio:345kB subtitle:0kB other streams:0kB global headers:0kB muxing overhead: 
07-05 21:58:22.226   720  1916 I mobile-ffmpeg: 0.053992%
07-05 21:58:22.226   720  1916 I mobile-ffmpeg: 
07-05 21:58:22.247   720  1916 I mobile-ffmpeg: Input #0, mov,mp4,m4a,3gp,3g2,mj2, from '/storage/emulated/0/Movies/summarised/20200312_150844.mp4':
07-05 21:58:22.247   720  1916 I mobile-ffmpeg:   Metadata:
07-05 21:58:22.247   720  1916 I mobile-ffmpeg:     major_brand     : 
07-05 21:58:22.247   720  1916 I mobile-ffmpeg: isom
07-05 21:58:22.248   720  1916 I mobile-ffmpeg: 
07-05 21:58:22.248   720  1916 I mobile-ffmpeg:     minor_version   : 
07-05 21:58:22.248   720  1916 I mobile-ffmpeg: 512
07-05 21:58:22.248   720  1916 I mobile-ffmpeg: 
07-05 21:58:22.249   720  1916 I mobile-ffmpeg:     compatible_brands: 
07-05 21:58:22.249   720  1916 I mobile-ffmpeg: isomiso2avc1mp41
07-05 21:58:22.249   720  1916 I mobile-ffmpeg: 
07-05 21:58:22.250   720  1916 I mobile-ffmpeg:     encoder         : 
07-05 21:58:22.250   720  1916 I mobile-ffmpeg: Lavf58.42.100
07-05 21:58:22.250   720  1916 I mobile-ffmpeg: 
07-05 21:58:22.250   720  1916 I mobile-ffmpeg:   Duration: 
07-05 21:58:22.250   720  1916 I mobile-ffmpeg: 00:01:00.08
07-05 21:58:22.250   720  1916 I mobile-ffmpeg: , start: 
07-05 21:58:22.250   720  1916 I mobile-ffmpeg: 0.000000
07-05 21:58:22.252   720  1916 I mobile-ffmpeg: , bitrate: 
07-05 21:58:22.252   720  1916 I mobile-ffmpeg: 8427 kb/s
07-05 21:58:22.252   720  1916 I mobile-ffmpeg: 
07-05 21:58:22.253   720  1916 I mobile-ffmpeg:     Stream #0:0
07-05 21:58:22.253   720  1916 I mobile-ffmpeg: (eng)
07-05 21:58:22.253   720  1916 I mobile-ffmpeg: : Video: h264 (avc1 / 0x31637661), yuvj420p(pc, bt709), 1280x720, 8377 kb/s
07-05 21:58:22.254   720  1916 I mobile-ffmpeg: , 
07-05 21:58:22.254   720  1916 I mobile-ffmpeg: 29.97 fps, 
07-05 21:58:22.254   720  1916 I mobile-ffmpeg: 29.97 tbr, 
07-05 21:58:22.254   720   720 W FfmpegTools: Merged duration of 20200312_150844: 60.08
07-05 21:58:22.254   720  1916 I mobile-ffmpeg: 16k tbn, 
07-05 21:58:22.255   720  1916 I mobile-ffmpeg: 32k tbc
07-05 21:58:22.255   720  1916 I mobile-ffmpeg:  (default)
07-05 21:58:22.255   720  1916 I mobile-ffmpeg: 
07-05 21:58:22.255   720  1916 I mobile-ffmpeg:     Metadata:
07-05 21:58:22.255   720  1916 I mobile-ffmpeg:       handler_name    : 
07-05 21:58:22.256   720  1916 I mobile-ffmpeg: PittaSoft Video Media Handler
07-05 21:58:22.256   720  1916 I mobile-ffmpeg: 
07-05 21:58:22.256   720  1916 I mobile-ffmpeg:     Stream #0:1
07-05 21:58:22.256   720  1916 I mobile-ffmpeg: (eng)
07-05 21:58:22.257   720  1916 I mobile-ffmpeg: : Audio: aac (mp4a / 0x6134706D), 16000 Hz, stereo, fltp, 47 kb/s
07-05 21:58:22.257   720  1916 I mobile-ffmpeg:  (default)
07-05 21:58:22.257   720  1916 I mobile-ffmpeg: 
07-05 21:58:22.257   720  1916 I mobile-ffmpeg:     Metadata:
07-05 21:58:22.258   720  1916 I mobile-ffmpeg:       handler_name    : 
07-05 21:58:22.259   720  1916 I mobile-ffmpeg: PittaSoft Sound Media Handler
07-05 21:58:22.260   720  1916 I mobile-ffmpeg: 
07-05 21:58:22.287   720   720 V VideoManager: Retrieving video from /storage/emulated/0/Movies/summarised/20200312_150844.mp4
07-05 21:58:22.296   720   720 V VideoManager: videoFromCursor
07-05 21:58:22.299   720   720 V SummarisedVideosEventHandler: onAdd
07-05 21:58:22.299   720   720 V RawFootageEventHandler: removeByName
07-05 21:58:22.300   720   720 V ProcessingVideosEventHandler: removeByName
07-05 21:58:22.302   720   720 V NearbyFragment: Removing video segment map for 20200312_150844
07-05 21:58:29.901   720  1764 V VideoManager: Retrieving video from /storage/emulated/0/Movies/raw/20200312_150944.mp4
07-05 21:58:29.923   720  1764 D VideoManager: videoCursor is null
07-05 21:58:30.005   720  1764 V VideoManager: videoFromCursor
07-05 21:58:30.008   720  1764 W DashDownloadManager: Successfully downloaded 20200312_150944.mp4 in 41.986s
07-05 21:58:30.009   720  1764 V DownloadTestVideosTask: Entering callback for download completion of 20200312_150944.mp4
07-05 21:58:30.009   720  1764 V RawFootageEventHandler: onAdd
07-05 21:58:30.010   720  1764 V FfmpegTools: Retrieving duration of /storage/emulated/0/Movies/raw/20200312_150944.mp4
07-05 21:58:30.015   720  1916 W mobile-ffmpeg: [mov,mp4,m4a,3gp,3g2,mj2 @ 0x78e6712a00] Found duplicated MOOV Atom. Skipped it
07-05 21:58:30.083   720  1916 I mobile-ffmpeg: Input #0, mov,mp4,m4a,3gp,3g2,mj2, from '/storage/emulated/0/Movies/raw/20200312_150944.mp4':
07-05 21:58:30.083   720  1916 I mobile-ffmpeg:   Metadata:
07-05 21:58:30.083   720  1916 I mobile-ffmpeg:     creation_time   : 
07-05 21:58:30.083   720  1916 I mobile-ffmpeg: 2020-03-12T04:10:43.000000Z
07-05 21:58:30.083   720  1916 I mobile-ffmpeg: 
07-05 21:58:30.083   720  1916 I mobile-ffmpeg:     major_brand     : 
07-05 21:58:30.083   720  1916 I mobile-ffmpeg: mp42
07-05 21:58:30.084   720  1916 I mobile-ffmpeg: 
07-05 21:58:30.084   720  1916 I mobile-ffmpeg:     minor_version   : 
07-05 21:58:30.084   720  1916 I mobile-ffmpeg: 1
07-05 21:58:30.084   720  1916 I mobile-ffmpeg: 
07-05 21:58:30.084   720  1916 I mobile-ffmpeg:     compatible_brands: 
07-05 21:58:30.084   720  1916 I mobile-ffmpeg: mp42mp42
07-05 21:58:30.084   720  1916 I mobile-ffmpeg: 
07-05 21:58:30.084   720  1916 I mobile-ffmpeg:   Duration: 
07-05 21:58:30.084   720  1916 I mobile-ffmpeg: 00:01:00.02
07-05 21:58:30.084   720  1916 I mobile-ffmpeg: , start: 
07-05 21:58:30.084   720  1916 I mobile-ffmpeg: 0.000000
07-05 21:58:30.084   720  1916 I mobile-ffmpeg: , bitrate: 
07-05 21:58:30.084   720  1916 I mobile-ffmpeg: 9328 kb/s
07-05 21:58:30.084   720  1916 I mobile-ffmpeg: 
07-05 21:58:30.084   720  1916 I mobile-ffmpeg:     Stream #0:0
07-05 21:58:30.084   720  1916 I mobile-ffmpeg: (eng)
07-05 21:58:30.084   720  1916 I mobile-ffmpeg: : Video: h264 (avc1 / 0x31637661), yuvj420p(pc, bt709), 1280x720, 8398 kb/s
07-05 21:58:30.085   720  1916 I mobile-ffmpeg: , 
07-05 21:58:30.085   720  1916 I mobile-ffmpeg: 29.97 fps, 
07-05 21:58:30.085   720  1916 I mobile-ffmpeg: 29.97 tbr, 
07-05 21:58:30.085   720  1916 I mobile-ffmpeg: 1k tbn, 
07-05 21:58:30.085   720  1916 I mobile-ffmpeg: 2k tbc
07-05 21:58:30.085   720  1916 I mobile-ffmpeg:  (default)
07-05 21:58:30.085   720  1916 I mobile-ffmpeg: 
07-05 21:58:30.085   720  1916 I mobile-ffmpeg:     Metadata:
07-05 21:58:30.085   720  1916 I mobile-ffmpeg:       creation_time   : 
07-05 21:58:30.085   720  1916 I mobile-ffmpeg: 2020-03-12T04:10:43.000000Z
07-05 21:58:30.085   720  1916 I mobile-ffmpeg: 
07-05 21:58:30.085   720  1916 I mobile-ffmpeg:       handler_name    : 
