07-05 22:03:41.649   720  1916 I mobile-ffmpeg: Input #0, concat, from '/storage/emulated/0/Movies/segment/20200312_194229/paths.txt':
07-05 22:03:41.649   720  1916 I mobile-ffmpeg:   Duration: 
07-05 22:03:41.650   720  1916 I mobile-ffmpeg: N/A
07-05 22:03:41.650   720  1916 I mobile-ffmpeg: , start: 
07-05 22:03:41.650   720  1916 I mobile-ffmpeg: -0.064000
07-05 22:03:41.650   720  1916 I mobile-ffmpeg: , bitrate: 
07-05 22:03:41.650   720  1916 I mobile-ffmpeg: 1206 kb/s
07-05 22:03:41.650   720  1916 I mobile-ffmpeg: 
07-05 22:03:41.650   720  1916 I mobile-ffmpeg:     Stream #0:0
07-05 22:03:41.651   720  1916 I mobile-ffmpeg: (und)
07-05 22:03:41.651   720  1916 I mobile-ffmpeg: : Video: h264 (avc1 / 0x31637661), yuvj420p(pc), 1280x720, 1120 kb/s
07-05 22:03:41.651   720  1916 I mobile-ffmpeg: , 
07-05 22:03:41.651   720  1916 I mobile-ffmpeg: 29.97 fps, 
07-05 22:03:41.651   720  1916 I mobile-ffmpeg: 29.97 tbr, 
07-05 22:03:41.651   720  1916 I mobile-ffmpeg: 30k tbn, 
07-05 22:03:41.651   720  1916 I mobile-ffmpeg: 59.94 tbc
07-05 22:03:41.652   720  1916 I mobile-ffmpeg: 
07-05 22:03:41.652   720  1916 I mobile-ffmpeg:     Metadata:
07-05 22:03:41.652   720  1916 I mobile-ffmpeg:       handler_name    : 
07-05 22:03:41.652   720  1916 I mobile-ffmpeg: VideoHandler
07-05 22:03:41.652   720  1916 I mobile-ffmpeg: 
07-05 22:03:41.652   720  1916 I mobile-ffmpeg:     Stream #0:1
07-05 22:03:41.652   720  1916 I mobile-ffmpeg: (und)
07-05 22:03:41.652   720  1916 I mobile-ffmpeg: : Audio: aac (mp4a / 0x6134706D), 16000 Hz, stereo, fltp, 86 kb/s
07-05 22:03:41.653   720  1916 I mobile-ffmpeg: 
07-05 22:03:41.653   720  1916 I mobile-ffmpeg:     Metadata:
07-05 22:03:41.653   720  1916 I mobile-ffmpeg:       handler_name    : 
07-05 22:03:41.653   720  1916 I mobile-ffmpeg: SoundHandler
07-05 22:03:41.653   720  1916 I mobile-ffmpeg: 
07-05 22:03:41.654   720  1916 I mobile-ffmpeg: Output #0, mp4, to '/storage/emulated/0/Movies/summarised/20200312_194229.mp4':
07-05 22:03:41.654   720  1916 I mobile-ffmpeg:   Metadata:
07-05 22:03:41.654   720  1916 I mobile-ffmpeg:     encoder         : 
07-05 22:03:41.654   720  1916 I mobile-ffmpeg: Lavf58.42.100
07-05 22:03:41.654   720  1916 I mobile-ffmpeg: 
07-05 22:03:41.654   720  1916 I mobile-ffmpeg:     Stream #0:0
07-05 22:03:41.654   720  1916 I mobile-ffmpeg: (und)
07-05 22:03:41.655   720  1916 I mobile-ffmpeg: : Video: h264 (avc1 / 0x31637661), yuvj420p(pc), 1280x720, q=2-31, 1120 kb/s
07-05 22:03:41.655   720  1916 I mobile-ffmpeg: , 
07-05 22:03:41.655   720  1916 I mobile-ffmpeg: 29.97 fps, 
07-05 22:03:41.655   720  1916 I mobile-ffmpeg: 29.97 tbr, 
07-05 22:03:41.656   720  1916 I mobile-ffmpeg: 30k tbn, 
07-05 22:03:41.656   720  1916 I mobile-ffmpeg: 30k tbc
07-05 22:03:41.656   720  1916 I mobile-ffmpeg: 
07-05 22:03:41.656   720  1916 I mobile-ffmpeg:     Metadata:
07-05 22:03:41.656   720  1916 I mobile-ffmpeg:       handler_name    : 
07-05 22:03:41.656   720  1916 I mobile-ffmpeg: VideoHandler
07-05 22:03:41.657   720  1916 I mobile-ffmpeg: 
07-05 22:03:41.657   720  1916 I mobile-ffmpeg:     Stream #0:1
07-05 22:03:41.657   720  1916 I mobile-ffmpeg: (und)
07-05 22:03:41.657   720  1916 I mobile-ffmpeg: : Audio: aac (mp4a / 0x6134706D), 16000 Hz, stereo, fltp, 86 kb/s
07-05 22:03:41.657   720  1916 I mobile-ffmpeg: 
07-05 22:03:41.657   720  1916 I mobile-ffmpeg:     Metadata:
07-05 22:03:41.658   720  1916 I mobile-ffmpeg:       handler_name    : 
07-05 22:03:41.658   720  1916 I mobile-ffmpeg: SoundHandler
07-05 22:03:41.658   720  1916 I mobile-ffmpeg: 
07-05 22:03:41.658   720  1916 I mobile-ffmpeg: Stream mapping:
07-05 22:03:41.658   720  1916 I mobile-ffmpeg:   Stream #0:0 -> #0:0
07-05 22:03:41.658   720  1916 I mobile-ffmpeg:  (copy)
07-05 22:03:41.658   720  1916 I mobile-ffmpeg: 
07-05 22:03:41.658   720  1916 I mobile-ffmpeg:   Stream #0:1 -> #0:1
07-05 22:03:41.659   720  1916 I mobile-ffmpeg:  (copy)
07-05 22:03:41.659   720  1916 I mobile-ffmpeg: 
07-05 22:03:41.659   720  1916 I mobile-ffmpeg: Press [q] to stop, [?] for help
07-05 22:03:41.659   720  1916 I mobile-ffmpeg: frame=    1 fps=0.0 q=-1.0 size=       0kB time=00:00:00.00 bitrate=N/A speed=   0x    
07-05 22:03:41.697   720  1916 I mobile-ffmpeg: [mov,mp4,m4a,3gp,3g2,mj2 @ 0x78ef058400] Auto-inserting h264_mp4toannexb bitstream filter
07-05 22:03:41.723   720  1916 I mobile-ffmpeg: frame=  425 fps=0.0 q=-1.0 Lsize=    2026kB time=00:00:14.32 bitrate=1158.9kbits/s speed= 201x    
07-05 22:03:41.723   720  1916 I mobile-ffmpeg: video:1869kB audio:149kB subtitle:0kB other streams:0kB global headers:0kB muxing overhead: 
07-05 22:03:41.723   720   720 V FfmpegTools: Retrieving duration of /storage/emulated/0/Movies/summarised/20200312_194229.mp4
07-05 22:03:41.723   720  1916 I mobile-ffmpeg: 0.377033%
07-05 22:03:41.723   720  1916 I mobile-ffmpeg: 
07-05 22:03:41.752   720  1916 I mobile-ffmpeg: Input #0, mov,mp4,m4a,3gp,3g2,mj2, from '/storage/emulated/0/Movies/summarised/20200312_194229.mp4':
07-05 22:03:41.752   720  1916 I mobile-ffmpeg:   Metadata:
07-05 22:03:41.752   720  1916 I mobile-ffmpeg:     major_brand     : 
07-05 22:03:41.752   720  1916 I mobile-ffmpeg: isom
07-05 22:03:41.753   720  1916 I mobile-ffmpeg: 
07-05 22:03:41.753   720  1916 I mobile-ffmpeg:     minor_version   : 
07-05 22:03:41.753   720  1916 I mobile-ffmpeg: 512
07-05 22:03:41.753   720  1916 I mobile-ffmpeg: 
07-05 22:03:41.753   720  1916 I mobile-ffmpeg:     compatible_brands: 
07-05 22:03:41.753   720  1916 I mobile-ffmpeg: isomiso2avc1mp41
07-05 22:03:41.753   720  1916 I mobile-ffmpeg: 
07-05 22:03:41.753   720  1916 I mobile-ffmpeg:     encoder         : 
07-05 22:03:41.753   720  1916 I mobile-ffmpeg: Lavf58.42.100
07-05 22:03:41.753   720  1916 I mobile-ffmpeg: 
07-05 22:03:41.753   720  1916 I mobile-ffmpeg:   Duration: 
07-05 22:03:41.753   720  1916 I mobile-ffmpeg: 00:00:14.35
07-05 22:03:41.753   720  1916 I mobile-ffmpeg: , start: 
07-05 22:03:41.753   720  1916 I mobile-ffmpeg: 0.000000
07-05 22:03:41.753   720  1916 I mobile-ffmpeg: , bitrate: 
07-05 22:03:41.753   720  1916 I mobile-ffmpeg: 1156 kb/s
07-05 22:03:41.753   720  1916 I mobile-ffmpeg: 
07-05 22:03:41.753   720  1916 I mobile-ffmpeg:     Stream #0:0
07-05 22:03:41.753   720  1916 I mobile-ffmpeg: (und)
07-05 22:03:41.753   720  1916 I mobile-ffmpeg: : Video: h264 (avc1 / 0x31637661), yuvj420p(pc), 1280x720, 1071 kb/s
07-05 22:03:41.753   720  1916 I mobile-ffmpeg: , 
07-05 22:03:41.753   720  1916 I mobile-ffmpeg: 29.74 fps, 
07-05 22:03:41.753   720  1916 I mobile-ffmpeg: 29.97 tbr, 
07-05 22:03:41.753   720  1916 I mobile-ffmpeg: 30k tbn, 
07-05 22:03:41.753   720  1916 I mobile-ffmpeg: 59.94 tbc
07-05 22:03:41.753   720  1916 I mobile-ffmpeg:  (default)
07-05 22:03:41.753   720  1916 I mobile-ffmpeg: 
07-05 22:03:41.753   720  1916 I mobile-ffmpeg:     Metadata:
07-05 22:03:41.753   720  1916 I mobile-ffmpeg:       handler_name    : 
07-05 22:03:41.753   720  1916 I mobile-ffmpeg: VideoHandler
07-05 22:03:41.753   720  1916 I mobile-ffmpeg: 
07-05 22:03:41.753   720  1916 I mobile-ffmpeg:     Stream #0:1
07-05 22:03:41.753   720  1916 I mobile-ffmpeg: (und)
07-05 22:03:41.753   720  1916 I mobile-ffmpeg: : Audio: aac (mp4a / 0x6134706D), 16000 Hz, stereo, fltp, 85 kb/s
07-05 22:03:41.753   720  1916 I mobile-ffmpeg:  (default)
07-05 22:03:41.753   720  1916 I mobile-ffmpeg: 
07-05 22:03:41.754   720  1916 I mobile-ffmpeg:     Metadata:
07-05 22:03:41.754   720  1916 I mobile-ffmpeg:       handler_name    : 
07-05 22:03:41.754   720  1916 I mobile-ffmpeg: SoundHandler
07-05 22:03:41.754   720  1916 I mobile-ffmpeg: 
07-05 22:03:41.759   720   720 W FfmpegTools: Merged duration of 20200312_194229: 14.35
07-05 22:03:41.823   720   720 V VideoManager: Retrieving video from /storage/emulated/0/Movies/summarised/20200312_194229.mp4
07-05 22:03:41.836   720   720 V VideoManager: videoFromCursor
07-05 22:03:41.840   720   720 V SummarisedVideosEventHandler: onAdd
07-05 22:03:41.840   720   720 V RawFootageEventHandler: removeByName
07-05 22:03:41.841   720   720 V ProcessingVideosEventHandler: removeByName
07-05 22:03:41.842   720   720 V NearbyFragment: Removing video segment map for 20200312_194229
07-05 22:03:42.246   720   720 V NearbyFragment: Transfer to Endpoint{id=Rc4h, name=Nexus 5 [1825]} complete
07-05 22:03:43.315   720   720 D NearbyFragment: onPayloadReceived(endpointId=Rc4h, payload=com.google.android.gms.nearby.connection.Payload@328dd66)
07-05 22:03:43.317   720   720 D NearbyFragment: Endpoint{id=Rc4h, name=Nexus 5 [1825]} has finished downloading 20200312_194730!001.mp4
07-05 22:03:43.320   720   720 I NearbyFragment: Transfer queue is empty
07-05 22:03:43.487   720   720 V NearbyFragment: Transfer to Endpoint{id=Rc4h, name=Nexus 5 [1825]} complete
07-05 22:03:45.062   720   720 D NearbyFragment: onPayloadReceived(endpointId=4qxN, payload=com.google.android.gms.nearby.connection.Payload@ebf88a7)
07-05 22:03:45.062   720   720 D NearbyFragment: 20200312_194330!000.mp4 from Endpoint{id=4qxN, name=Nexus 5X [34d8]} contained no activity
07-05 22:03:45.062   720   720 V NearbyFragment: Received a segment of 20200312_194330
07-05 22:03:45.063   720   720 I NearbyFragment: Transfer queue is empty
07-05 22:03:45.123   720   720 V NearbyFragment: Transfer to Endpoint{id=4qxN, name=Nexus 5X [34d8]} complete
07-05 22:03:47.428   720   720 D NearbyFragment: onPayloadReceived(endpointId=Rc4h, payload=com.google.android.gms.nearby.connection.Payload@b5a4154)
07-05 22:03:47.430   720   720 D NearbyFragment: 20200312_194730!000.mp4 from Endpoint{id=Rc4h, name=Nexus 5 [1825]} contained no activity
07-05 22:03:47.431   720   720 V NearbyFragment: Received a segment of 20200312_194730
07-05 22:03:47.433   720   720 I NearbyFragment: Transfer queue is empty
07-05 22:03:47.580   720   720 V NearbyFragment: Transfer to Endpoint{id=Rc4h, name=Nexus 5 [1825]} complete
07-05 22:03:50.168   720   720 V NearbyFragment: Transfer to Endpoint{id=Rc4h, name=Nexus 5 [1825]} complete
07-05 22:03:50.790   720   720 D NearbyFragment: onPayloadReceived(endpointId=4qxN, payload=com.google.android.gms.nearby.connection.Payload@4d98fd)
07-05 22:03:50.790   720   720 D NearbyFragment: 20200312_194330!001.mp4 from Endpoint{id=4qxN, name=Nexus 5X [34d8]} contained no activity
07-05 22:03:50.791   720   720 V NearbyFragment: Received a segment of 20200312_194330
07-05 22:03:50.791   720   720 I NearbyFragment: Transfer queue is empty
07-05 22:03:50.878   720   720 V NearbyFragment: Transfer to Endpoint{id=4qxN, name=Nexus 5X [34d8]} complete
07-05 22:03:50.994   720   720 D NearbyFragment: onPayloadReceived(endpointId=Rc4h, payload=com.google.android.gms.nearby.connection.Payload@65569f2)
07-05 22:03:50.994   720   720 D NearbyFragment: Endpoint{id=Rc4h, name=Nexus 5 [1825]} has finished downloading 20200312_194730!002.mp4
07-05 22:03:50.994   720   720 I NearbyFragment: Transfer queue is empty
07-05 22:03:51.048   720   720 V NearbyFragment: Transfer to Endpoint{id=Rc4h, name=Nexus 5 [1825]} complete
07-05 22:03:55.665   720   720 V NearbyFragment: Transfer to Endpoint{id=Rc4h, name=Nexus 5 [1825]} complete
07-05 22:03:56.509   720   720 D NearbyFragment: onPayloadReceived(endpointId=4qxN, payload=com.google.android.gms.nearby.connection.Payload@bd20843)
07-05 22:03:56.509   720   720 D NearbyFragment: 20200312_194330!002.mp4 from Endpoint{id=4qxN, name=Nexus 5X [34d8]} contained no activity
07-05 22:03:56.510   720   720 D NearbyFragment: Received all summarised video segments of 20200312_194330
07-05 22:03:56.520   720   720 V FileManager: External storage is readable
07-05 22:03:56.523   720   720 V FileManager: Created new directory: /storage/emulated/0/Movies/segment-sum/20200312_194330
07-05 22:03:56.524   720   720 D FfmpegTools: Merging /storage/emulated/0/Movies/summarised/20200312_194330.mp4
07-05 22:03:56.524   720   720 D FfmpegTools: No split videos to merge
07-05 22:03:56.525   720   720 V RawFootageEventHandler: removeByName
07-05 22:03:56.526   720   720 V ProcessingVideosEventHandler: removeByName
07-05 22:03:56.527   720   720 V NearbyFragment: Removing video segment map for 20200312_194330
07-05 22:03:56.527   720   720 I NearbyFragment: Transfer queue is empty
07-05 22:03:56.528   720   720 V NearbyFragment: Transfer to Endpoint{id=4qxN, name=Nexus 5X [34d8]} complete
07-05 22:03:56.565   720   720 D NearbyFragment: onPayloadReceived(endpointId=Rc4h, payload=com.google.android.gms.nearby.connection.Payload@94c333e)
07-05 22:03:56.565   720   720 D NearbyFragment: Endpoint{id=Rc4h, name=Nexus 5 [1825]} has finished downloading 20200312_194730!003.mp4
07-05 22:03:56.566   720   720 I NearbyFragment: Transfer queue is empty
07-05 22:03:56.604   720   720 V NearbyFragment: Transfer to Endpoint{id=Rc4h, name=Nexus 5 [1825]} complete
07-05 22:03:56.923   720   720 D NearbyFragment: onPayloadReceived(endpointId=Rc4h, payload=com.google.android.gms.nearby.connection.Payload@d02e59f)
07-05 22:03:56.924   720   720 D NearbyFragment: 20200312_194730!001.mp4 from Endpoint{id=Rc4h, name=Nexus 5 [1825]} contained no activity
07-05 22:03:56.925   720   720 V NearbyFragment: Received a segment of 20200312_194730
07-05 22:03:56.925   720   720 I NearbyFragment: Transfer queue is empty
07-05 22:03:56.942   720   720 V NearbyFragment: Transfer to Endpoint{id=Rc4h, name=Nexus 5 [1825]} complete
07-05 22:03:57.755   720  1764 V VideoManager: Retrieving video from /storage/emulated/0/Movies/raw/20200312_194830.mp4
07-05 22:03:57.771   720  1764 D VideoManager: videoCursor is null
07-05 22:03:57.829   720  1764 V VideoManager: videoFromCursor
07-05 22:03:57.834   720  1764 W DashDownloadManager: Successfully downloaded 20200312_194830.mp4 in 29.270s
07-05 22:03:57.834   720  1764 V DownloadTestVideosTask: Entering callback for download completion of 20200312_194830.mp4
07-05 22:03:57.835   720  1764 V RawFootageEventHandler: onAdd
07-05 22:03:57.836   720  1764 V FfmpegTools: Retrieving duration of /storage/emulated/0/Movies/raw/20200312_194830.mp4
07-05 22:03:57.845   720  1916 W mobile-ffmpeg: [mov,mp4,m4a,3gp,3g2,mj2 @ 0x78e8b5ae00] Found duplicated MOOV Atom. Skipped it
07-05 22:03:57.924   720  1916 I mobile-ffmpeg: Input #0, mov,mp4,m4a,3gp,3g2,mj2, from '/storage/emulated/0/Movies/raw/20200312_194830.mp4':
07-05 22:03:57.925   720  1916 I mobile-ffmpeg:   Metadata:
07-05 22:03:57.925   720  1916 I mobile-ffmpeg:     creation_time   : 
07-05 22:03:57.925   720  1916 I mobile-ffmpeg: 2020-03-12T08:49:30.000000Z
07-05 22:03:57.925   720  1916 I mobile-ffmpeg: 
07-05 22:03:57.925   720  1916 I mobile-ffmpeg:     major_brand     : 
07-05 22:03:57.925   720  1916 I mobile-ffmpeg: mp42
07-05 22:03:57.925   720  1916 I mobile-ffmpeg: 
07-05 22:03:57.925   720  1916 I mobile-ffmpeg:     minor_version   : 
07-05 22:03:57.925   720  1916 I mobile-ffmpeg: 1
07-05 22:03:57.925   720  1916 I mobile-ffmpeg: 
07-05 22:03:57.925   720  1916 I mobile-ffmpeg:     compatible_brands: 
07-05 22:03:57.925   720  1916 I mobile-ffmpeg: mp42mp42
07-05 22:03:57.925   720  1916 I mobile-ffmpeg: 
07-05 22:03:57.925   720  1916 I mobile-ffmpeg:   Duration: 
07-05 22:03:57.925   720  1916 I mobile-ffmpeg: 00:01:00.02
07-05 22:03:57.925   720  1916 I mobile-ffmpeg: , start: 
07-05 22:03:57.925   720  1916 I mobile-ffmpeg: 0.000000
07-05 22:03:57.925   720  1916 I mobile-ffmpeg: , bitrate: 
07-05 22:03:57.925   720  1916 I mobile-ffmpeg: 9328 kb/s
07-05 22:03:57.925   720  1916 I mobile-ffmpeg: 
07-05 22:03:57.925   720  1916 I mobile-ffmpeg:     Stream #0:0
07-05 22:03:57.925   720  1916 I mobile-ffmpeg: (eng)
07-05 22:03:57.925   720  1916 I mobile-ffmpeg: : Video: h264 (avc1 / 0x31637661), yuvj420p(pc, bt709), 1280x720, 8389 kb/s
07-05 22:03:57.925   720  1916 I mobile-ffmpeg: , 
07-05 22:03:57.925   720  1916 I mobile-ffmpeg: 29.97 fps, 
07-05 22:03:57.925   720  1916 I mobile-ffmpeg: 29.97 tbr, 
07-05 22:03:57.925   720  1916 I mobile-ffmpeg: 1k tbn, 
07-05 22:03:57.925   720  1916 I mobile-ffmpeg: 2k tbc
07-05 22:03:57.925   720  1916 I mobile-ffmpeg:  (default)
07-05 22:03:57.925   720  1916 I mobile-ffmpeg: 
07-05 22:03:57.926   720  1916 I mobile-ffmpeg:     Metadata:
07-05 22:03:57.926   720  1916 I mobile-ffmpeg:       creation_time   : 
07-05 22:03:57.926   720  1916 I mobile-ffmpeg: 2020-03-12T08:49:30.000000Z
07-05 22:03:57.926   720  1916 I mobile-ffmpeg: 
07-05 22:03:57.926   720  1916 I mobile-ffmpeg:       handler_name    : 
07-05 22:03:57.926   720  1916 I mobile-ffmpeg: PittaSoft Video Media Handler
07-05 22:03:57.926   720  1916 I mobile-ffmpeg: 
07-05 22:03:57.926   720  1916 I mobile-ffmpeg:     Stream #0:1
07-05 22:03:57.926   720  1916 I mobile-ffmpeg: (eng)
07-05 22:03:57.926   720  1916 I mobile-ffmpeg: : Audio: aac (mp4a / 0x6134706D), 16000 Hz, stereo, fltp, 47 kb/s
07-05 22:03:57.926   720  1916 I mobile-ffmpeg:  (default)
07-05 22:03:57.926   720  1916 I mobile-ffmpeg: 
07-05 22:03:57.926   720  1916 I mobile-ffmpeg:     Metadata:
07-05 22:03:57.926   720  1916 I mobile-ffmpeg:       creation_time   : 
07-05 22:03:57.926   720  1916 I mobile-ffmpeg: 2020-03-12T08:49:30.000000Z
07-05 22:03:57.926   720  1916 I mobile-ffmpeg: 
07-05 22:03:57.926   720  1916 I mobile-ffmpeg:       handler_name    : 
07-05 22:03:57.926   720  1916 I mobile-ffmpeg: PittaSoft Sound Media Handler
07-05 22:03:57.926   720  1916 I mobile-ffmpeg: 
07-05 22:03:57.935   720  1764 V FileManager: External storage is readable
07-05 22:03:57.936   720  1764 V FileManager: Created new directory: /storage/emulated/0/Movies/segment/20200312_194830
07-05 22:03:57.936   720  1764 V FfmpegTools: Splitting /storage/emulated/0/Movies/raw/20200312_194830.mp4 with 16s long segments
07-05 22:03:57.937   720  1764 I FfmpegTools: Running ffmpeg with:
07-05 22:03:57.937   720  1764 I FfmpegTools:   -y -i /storage/emulated/0/Movies/raw/20200312_194830.mp4 -map 0 -c copy -f segment -reset_timestamps 1 -segment_time 16 /storage/emulated/0/Movies/segment/20200312_194830/20200312_194830!%03d.mp4
07-05 22:03:57.945   720  1916 W mobile-ffmpeg: [mov,mp4,m4a,3gp,3g2,mj2 @ 0x78e8b5ae00] Found duplicated MOOV Atom. Skipped it
07-05 22:03:58.001   720  1916 I mobile-ffmpeg: Input #0, mov,mp4,m4a,3gp,3g2,mj2, from '/storage/emulated/0/Movies/raw/20200312_194830.mp4':
07-05 22:03:58.001   720  1916 I mobile-ffmpeg:   Metadata:
07-05 22:03:58.001   720  1916 I mobile-ffmpeg:     creation_time   : 
07-05 22:03:58.001   720  1916 I mobile-ffmpeg: 2020-03-12T08:49:30.000000Z
07-05 22:03:58.001   720  1916 I mobile-ffmpeg: 
07-05 22:03:58.001   720  1916 I mobile-ffmpeg:     major_brand     : 
07-05 22:03:58.001   720  1916 I mobile-ffmpeg: mp42
07-05 22:03:58.001   720  1916 I mobile-ffmpeg: 
07-05 22:03:58.001   720  1916 I mobile-ffmpeg:     minor_version   : 
07-05 22:03:58.001   720  1916 I mobile-ffmpeg: 1
07-05 22:03:58.001   720  1916 I mobile-ffmpeg: 
07-05 22:03:58.001   720  1916 I mobile-ffmpeg:     compatible_brands: 
07-05 22:03:58.001   720  1916 I mobile-ffmpeg: mp42mp42
07-05 22:03:58.001   720  1916 I mobile-ffmpeg: 
07-05 22:03:58.001   720  1916 I mobile-ffmpeg:   Duration: 
07-05 22:03:58.001   720  1916 I mobile-ffmpeg: 00:01:00.02
07-05 22:03:58.001   720  1916 I mobile-ffmpeg: , start: 
07-05 22:03:58.001   720  1916 I mobile-ffmpeg: 0.000000
07-05 22:03:58.001   720  1916 I mobile-ffmpeg: , bitrate: 
07-05 22:03:58.001   720  1916 I mobile-ffmpeg: 9328 kb/s
07-05 22:03:58.001   720  1916 I mobile-ffmpeg: 
07-05 22:03:58.001   720  1916 I mobile-ffmpeg:     Stream #0:0
07-05 22:03:58.001   720  1916 I mobile-ffmpeg: (eng)
07-05 22:03:58.001   720  1916 I mobile-ffmpeg: : Video: h264 (avc1 / 0x31637661), yuvj420p(pc, bt709), 1280x720, 8389 kb/s
07-05 22:03:58.001   720  1916 I mobile-ffmpeg: , 
07-05 22:03:58.001   720  1916 I mobile-ffmpeg: 29.97 fps, 
07-05 22:03:58.001   720  1916 I mobile-ffmpeg: 29.97 tbr, 
07-05 22:03:58.001   720  1916 I mobile-ffmpeg: 1k tbn, 
07-05 22:03:58.001   720  1916 I mobile-ffmpeg: 2k tbc
07-05 22:03:58.001   720  1916 I mobile-ffmpeg:  (default)
07-05 22:03:58.001   720  1916 I mobile-ffmpeg: 
07-05 22:03:58.001   720  1916 I mobile-ffmpeg:     Metadata:
07-05 22:03:58.001   720  1916 I mobile-ffmpeg:       creation_time   : 
07-05 22:03:58.002   720  1916 I mobile-ffmpeg: 2020-03-12T08:49:30.000000Z
07-05 22:03:58.002   720  1916 I mobile-ffmpeg: 
07-05 22:03:58.002   720  1916 I mobile-ffmpeg:       handler_name    : 
07-05 22:03:58.002   720  1916 I mobile-ffmpeg: PittaSoft Video Media Handler
07-05 22:03:58.002   720  1916 I mobile-ffmpeg: 
07-05 22:03:58.002   720  1916 I mobile-ffmpeg:     Stream #0:1
07-05 22:03:58.002   720  1916 I mobile-ffmpeg: (eng)
07-05 22:03:58.002   720  1916 I mobile-ffmpeg: : Audio: aac (mp4a / 0x6134706D), 16000 Hz, stereo, fltp, 47 kb/s
07-05 22:03:58.002   720  1916 I mobile-ffmpeg:  (default)
07-05 22:03:58.002   720  1916 I mobile-ffmpeg: 
07-05 22:03:58.002   720  1916 I mobile-ffmpeg:     Metadata:
07-05 22:03:58.002   720  1916 I mobile-ffmpeg:       creation_time   : 
07-05 22:03:58.002   720  1916 I mobile-ffmpeg: 2020-03-12T08:49:30.000000Z
07-05 22:03:58.002   720  1916 I mobile-ffmpeg: 
07-05 22:03:58.002   720  1916 I mobile-ffmpeg:       handler_name    : 
07-05 22:03:58.002   720  1916 I mobile-ffmpeg: PittaSoft Sound Media Handler
07-05 22:03:58.002   720  1916 I mobile-ffmpeg: 
07-05 22:03:58.002   720  1916 I mobile-ffmpeg: [segment @ 0x78e665c000] Opening '/storage/emulated/0/Movies/segment/20200312_194830/20200312_194830!000.mp4' for writing
07-05 22:03:58.002   720  1916 I mobile-ffmpeg: Output #0, segment, to '/storage/emulated/0/Movies/segment/20200312_194830/20200312_194830!%03d.mp4':
07-05 22:03:58.002   720  1916 I mobile-ffmpeg:   Metadata:
07-05 22:03:58.002   720  1916 I mobile-ffmpeg:     compatible_brands: 
07-05 22:03:58.002   720  1916 I mobile-ffmpeg: mp42mp42
07-05 22:03:58.002   720  1916 I mobile-ffmpeg: 
07-05 22:03:58.002   720  1916 I mobile-ffmpeg:     major_brand     : 
07-05 22:03:58.002   720  1916 I mobile-ffmpeg: mp42
07-05 22:03:58.002   720  1916 I mobile-ffmpeg: 
07-05 22:03:58.002   720  1916 I mobile-ffmpeg:     minor_version   : 
07-05 22:03:58.002   720  1916 I mobile-ffmpeg: 1
07-05 22:03:58.002   720  1916 I mobile-ffmpeg: 
07-05 22:03:58.002   720  1916 I mobile-ffmpeg:     encoder         : 
07-05 22:03:58.002   720  1916 I mobile-ffmpeg: Lavf58.42.100
07-05 22:03:58.002   720  1916 I mobile-ffmpeg: 
07-05 22:03:58.002   720  1916 I mobile-ffmpeg:     Stream #0:0
07-05 22:03:58.002   720  1916 I mobile-ffmpeg: (eng)
07-05 22:03:58.002   720  1916 I mobile-ffmpeg: : Video: h264 (avc1 / 0x31637661), yuvj420p(pc, bt709), 1280x720, q=2-31, 8389 kb/s
07-05 22:03:58.002   720  1916 I mobile-ffmpeg: , 
07-05 22:03:58.003   720  1916 I mobile-ffmpeg: 29.97 fps, 
07-05 22:03:58.003   720  1916 I mobile-ffmpeg: 29.97 tbr, 
07-05 22:03:58.003   720  1916 I mobile-ffmpeg: 16k tbn, 
07-05 22:03:58.003   720  1916 I mobile-ffmpeg: 1k tbc
07-05 22:03:58.003   720  1916 I mobile-ffmpeg:  (default)
07-05 22:03:58.003   720  1916 I mobile-ffmpeg: 
07-05 22:03:58.003   720  1916 I mobile-ffmpeg:     Metadata:
07-05 22:03:58.003   720  1916 I mobile-ffmpeg:       creation_time   : 
07-05 22:03:58.003   720  1916 I mobile-ffmpeg: 2020-03-12T08:49:30.000000Z
07-05 22:03:58.003   720  1916 I mobile-ffmpeg: 
07-05 22:03:58.003   720  1916 I mobile-ffmpeg:       handler_name    : 
07-05 22:03:58.003   720  1916 I mobile-ffmpeg: PittaSoft Video Media Handler
07-05 22:03:58.003   720  1916 I mobile-ffmpeg: 
07-05 22:03:58.003   720  1916 I mobile-ffmpeg:     Stream #0:1
07-05 22:03:58.003   720  1916 I mobile-ffmpeg: (eng)
07-05 22:03:58.003   720  1916 I mobile-ffmpeg: : Audio: aac (mp4a / 0x6134706D), 16000 Hz, stereo, fltp, 47 kb/s
07-05 22:03:58.003   720  1916 I mobile-ffmpeg:  (default)
07-05 22:03:58.003   720  1916 I mobile-ffmpeg: 
07-05 22:03:58.003   720  1916 I mobile-ffmpeg:     Metadata:
07-05 22:03:58.003   720  1916 I mobile-ffmpeg:       creation_time   : 
07-05 22:03:58.003   720  1916 I mobile-ffmpeg: 2020-03-12T08:49:30.000000Z
07-05 22:03:58.003   720  1916 I mobile-ffmpeg: 
07-05 22:03:58.003   720  1916 I mobile-ffmpeg:       handler_name    : 
07-05 22:03:58.003   720  1916 I mobile-ffmpeg: PittaSoft Sound Media Handler
07-05 22:03:58.003   720  1916 I mobile-ffmpeg: 
07-05 22:03:58.003   720  1916 I mobile-ffmpeg: Stream mapping:
07-05 22:03:58.003   720  1916 I mobile-ffmpeg:   Stream #0:0 -> #0:0
07-05 22:03:58.003   720  1916 I mobile-ffmpeg:  (copy)
07-05 22:03:58.003   720  1916 I mobile-ffmpeg: 
07-05 22:03:58.003   720  1916 I mobile-ffmpeg:   Stream #0:1 -> #0:1
07-05 22:03:58.003   720  1916 I mobile-ffmpeg:  (copy)
07-05 22:03:58.003   720  1916 I mobile-ffmpeg: 
07-05 22:03:58.003   720  1916 I mobile-ffmpeg: Press [q] to stop, [?] for help
07-05 22:03:58.004   720  1916 I mobile-ffmpeg: frame=    1 fps=0.0 q=-1.0 size=N/A time=00:00:00.00 bitrate=N/A speed=  63x    
07-05 22:03:58.081   720  1916 I mobile-ffmpeg: [segment @ 0x78e665c000] Opening '/storage/emulated/0/Movies/segment/20200312_194830/20200312_194830!001.mp4' for writing
07-05 22:03:58.137   720  1916 I mobile-ffmpeg: [segment @ 0x78e665c000] Opening '/storage/emulated/0/Movies/segment/20200312_194830/20200312_194830!002.mp4' for writing
07-05 22:03:58.190   720  1916 I mobile-ffmpeg: [segment @ 0x78e665c000] Opening '/storage/emulated/0/Movies/segment/20200312_194830/20200312_194830!003.mp4' for writing
07-05 22:03:58.229   720  1916 I mobile-ffmpeg: frame= 1800 fps=0.0 q=-1.0 Lsize=N/A time=00:01:00.01 bitrate=N/A speed= 265x    
07-05 22:03:58.229   720  1916 I mobile-ffmpeg: video:61471kB audio:345kB subtitle:0kB other streams:0kB global headers:0kB muxing overhead: 
07-05 22:03:58.229   720  1916 I mobile-ffmpeg: unknown
07-05 22:03:58.229   720  1916 I mobile-ffmpeg: 
07-05 22:03:58.232   720  1764 V FileManager: External storage is readable
07-05 22:03:58.232   720  1764 V FileManager: Directory already exists: /storage/emulated/0/Movies/segment/20200312_194830
07-05 22:03:58.232   720  1764 V VideoManager: Retrieving videos from /storage/emulated/0/Movies/segment/20200312_194830
07-05 22:03:58.233   720  1764 V VideoManager: Retrieving video from /storage/emulated/0/Movies/segment/20200312_194830/20200312_194830!000.mp4
07-05 22:03:58.243   720  1764 V VideoManager: videoFromCursor
07-05 22:03:58.247   720  1764 V VideoManager: Retrieving video from /storage/emulated/0/Movies/segment/20200312_194830/20200312_194830!001.mp4
07-05 22:03:58.255   720  1764 V VideoManager: videoFromCursor
07-05 22:03:58.258   720  1764 V VideoManager: Retrieving video from /storage/emulated/0/Movies/segment/20200312_194830/20200312_194830!002.mp4
07-05 22:03:58.265   720  1764 V VideoManager: videoFromCursor
07-05 22:03:58.267   720  1764 V VideoManager: Retrieving video from /storage/emulated/0/Movies/segment/20200312_194830/20200312_194830!003.mp4
07-05 22:03:58.275   720  1764 V VideoManager: videoFromCursor
07-05 22:03:58.277   720  1764 V NearbyFragment: nextTransfer with selected algorithm: fastest
07-05 22:03:58.278   720  1764 W NearbyFragment: Sending 20200312_194830!000.mp4 to Nexus 5X [34d8]
07-05 22:03:58.284   720   720 V NearbyFragment: Transfer to Endpoint{id=4qxN, name=Nexus 5X [34d8]} complete
07-05 22:03:59.280   720  1764 V DownloadTestVideosTask: Starting DownloadTestVideosTask
07-05 22:03:59.283   720  1764 V DashDownloadManager: Started downloading: 20200312_194930.mp4
07-05 22:03:59.287   720  1764 I System.out: (HTTPLog)-Static: isSBSettingEnabled false
07-05 22:03:59.287   720  1764 I System.out: (HTTPLog)-Static: isSBSettingEnabled false
07-05 22:03:59.297   720  1764 I System.out: (HTTPLog)-Thread-2294-121257147: getTransferStream : ContentLength=69990400, method=GET, HTTPVersion=http/1.1
07-05 22:04:02.571   720   720 V NearbyFragment: Transfer to Endpoint{id=4qxN, name=Nexus 5X [34d8]} complete
07-05 22:04:02.698   720   720 D NearbyFragment: onPayloadReceived(endpointId=4qxN, payload=com.google.android.gms.nearby.connection.Payload@5ef05d8)
07-05 22:04:02.699   720   720 D NearbyFragment: Endpoint{id=4qxN, name=Nexus 5X [34d8]} has finished downloading 20200312_194830!000.mp4
07-05 22:04:02.701   720   720 V NearbyFragment: nextTransfer with selected algorithm: fastest
07-05 22:04:02.704   720   720 W NearbyFragment: Sending 20200312_194830!001.mp4 to Nexus 5X [34d8]
07-05 22:04:02.729   720   720 V NearbyFragment: Transfer to Endpoint{id=4qxN, name=Nexus 5X [34d8]} complete
07-05 22:04:02.740   720   720 V NearbyFragment: Transfer to Endpoint{id=4qxN, name=Nexus 5X [34d8]} complete
07-05 22:04:04.675   720   720 D NearbyFragment: onPayloadReceived(endpointId=Rc4h, payload=com.google.android.gms.nearby.connection.Payload@bc5e997)
07-05 22:04:04.676   720   720 D NearbyFragment: 20200312_194730!002.mp4 from Endpoint{id=Rc4h, name=Nexus 5 [1825]} contained no activity
07-05 22:04:04.677   720   720 V NearbyFragment: Received a segment of 20200312_194730
07-05 22:04:04.678   720   720 V NearbyFragment: nextTransfer with selected algorithm: fastest
07-05 22:04:04.681   720   720 W NearbyFragment: Sending 20200312_194830!002.mp4 to Nexus 5 [1825]
07-05 22:04:04.694   720   720 V NearbyFragment: Transfer to Endpoint{id=Rc4h, name=Nexus 5 [1825]} complete
07-05 22:04:05.040   720   720 V NearbyFragment: Transfer to Endpoint{id=Rc4h, name=Nexus 5 [1825]} complete
07-05 22:04:07.610   720   720 V NearbyFragment: Transfer to Endpoint{id=4qxN, name=Nexus 5X [34d8]} complete
07-05 22:04:08.812   720   720 D NearbyFragment: onPayloadReceived(endpointId=4qxN, payload=com.google.android.gms.nearby.connection.Payload@3833a2)
07-05 22:04:08.813   720   720 D NearbyFragment: Endpoint{id=4qxN, name=Nexus 5X [34d8]} has finished downloading 20200312_194830!001.mp4
07-05 22:04:08.814   720   720 V NearbyFragment: nextTransfer with selected algorithm: fastest
07-05 22:04:08.816   720   720 W NearbyFragment: Sending 20200312_194830!003.mp4 to Nexus 5X [34d8]
07-05 22:04:08.842   720   720 V NearbyFragment: Transfer to Endpoint{id=4qxN, name=Nexus 5X [34d8]} complete
07-05 22:04:08.933   720   720 V NearbyFragment: Transfer to Endpoint{id=4qxN, name=Nexus 5X [34d8]} complete
07-05 22:04:13.153   720   720 D NearbyFragment: onPayloadReceived(endpointId=Rc4h, payload=com.google.android.gms.nearby.connection.Payload@ac5a169)
07-05 22:04:13.153   720   720 D NearbyFragment: 20200312_194730!003.mp4 from Endpoint{id=Rc4h, name=Nexus 5 [1825]} contained no activity
07-05 22:04:13.154   720   720 D NearbyFragment: Received all summarised video segments of 20200312_194730
07-05 22:04:13.162   720   720 V FileManager: External storage is readable
07-05 22:04:13.163   720   720 V FileManager: Created new directory: /storage/emulated/0/Movies/segment-sum/20200312_194730
07-05 22:04:13.164   720   720 D FfmpegTools: Merging /storage/emulated/0/Movies/summarised/20200312_194730.mp4
07-05 22:04:13.164   720   720 D FfmpegTools: No split videos to merge
07-05 22:04:13.165   720   720 V RawFootageEventHandler: removeByName
07-05 22:04:13.166   720   720 V ProcessingVideosEventHandler: removeByName
07-05 22:04:13.167   720   720 V NearbyFragment: Removing video segment map for 20200312_194730
07-05 22:04:13.167   720   720 I NearbyFragment: Transfer queue is empty
07-05 22:04:13.168   720   720 V NearbyFragment: Transfer to Endpoint{id=Rc4h, name=Nexus 5 [1825]} complete
07-05 22:04:14.592   720   720 V NearbyFragment: Transfer to Endpoint{id=Rc4h, name=Nexus 5 [1825]} complete
07-05 22:04:14.911   720   720 D NearbyFragment: onPayloadReceived(endpointId=Rc4h, payload=com.google.android.gms.nearby.connection.Payload@78d631c)
07-05 22:04:14.913   720   720 D NearbyFragment: Endpoint{id=Rc4h, name=Nexus 5 [1825]} has finished downloading 20200312_194830!002.mp4
07-05 22:04:14.915   720   720 I NearbyFragment: Transfer queue is empty
07-05 22:04:15.682   720   720 V NearbyFragment: Transfer to Endpoint{id=Rc4h, name=Nexus 5 [1825]} complete
07-05 22:04:17.280   720   720 V NearbyFragment: Transfer to Endpoint{id=4qxN, name=Nexus 5X [34d8]} complete
07-05 22:04:17.872   720   720 D NearbyFragment: onPayloadReceived(endpointId=4qxN, payload=com.google.android.gms.nearby.connection.Payload@f0deb25)
07-05 22:04:17.873   720   720 D NearbyFragment: Endpoint{id=4qxN, name=Nexus 5X [34d8]} has finished downloading 20200312_194830!003.mp4
07-05 22:04:17.873   720   720 I NearbyFragment: Transfer queue is empty
07-05 22:04:17.921   720   720 V NearbyFragment: Transfer to Endpoint{id=4qxN, name=Nexus 5X [34d8]} complete
07-05 22:04:24.961   720  1764 V VideoManager: Retrieving video from /storage/emulated/0/Movies/raw/20200312_194930.mp4
07-05 22:04:24.971   720  1764 D VideoManager: videoCursor is null
07-05 22:04:25.007   720  1764 V VideoManager: videoFromCursor
07-05 22:04:25.010   720  1764 W DashDownloadManager: Successfully downloaded 20200312_194930.mp4 in 25.677s
07-05 22:04:25.010   720  1764 V DownloadTestVideosTask: Entering callback for download completion of 20200312_194930.mp4
07-05 22:04:25.011   720  1764 V RawFootageEventHandler: onAdd
07-05 22:04:25.011   720  1764 V FfmpegTools: Retrieving duration of /storage/emulated/0/Movies/raw/20200312_194930.mp4
07-05 22:04:25.016   720  1916 W mobile-ffmpeg: [mov,mp4,m4a,3gp,3g2,mj2 @ 0x78e8b5ae00] Found duplicated MOOV Atom. Skipped it
07-05 22:04:25.073   720  1916 I mobile-ffmpeg: Input #0, mov,mp4,m4a,3gp,3g2,mj2, from '/storage/emulated/0/Movies/raw/20200312_194930.mp4':
07-05 22:04:25.073   720  1916 I mobile-ffmpeg:   Metadata:
07-05 22:04:25.073   720  1916 I mobile-ffmpeg:     creation_time   : 
07-05 22:04:25.073   720  1916 I mobile-ffmpeg: 2020-03-12T08:50:30.000000Z
07-05 22:04:25.074   720  1916 I mobile-ffmpeg: 
07-05 22:04:25.074   720  1916 I mobile-ffmpeg:     major_brand     : 
07-05 22:04:25.074   720  1916 I mobile-ffmpeg: mp42
07-05 22:04:25.074   720  1916 I mobile-ffmpeg: 
07-05 22:04:25.074   720  1916 I mobile-ffmpeg:     minor_version   : 
07-05 22:04:25.074   720  1916 I mobile-ffmpeg: 1
07-05 22:04:25.074   720  1916 I mobile-ffmpeg: 
07-05 22:04:25.074   720  1916 I mobile-ffmpeg:     compatible_brands: 
07-05 22:04:25.074   720  1916 I mobile-ffmpeg: mp42mp42
07-05 22:04:25.074   720  1916 I mobile-ffmpeg: 
07-05 22:04:25.074   720  1916 I mobile-ffmpeg:   Duration: 
07-05 22:04:25.074   720  1916 I mobile-ffmpeg: 00:01:00.02
07-05 22:04:25.074   720  1916 I mobile-ffmpeg: , start: 
07-05 22:04:25.074   720  1916 I mobile-ffmpeg: 0.000000
07-05 22:04:25.074   720  1916 I mobile-ffmpeg: , bitrate: 
07-05 22:04:25.074   720  1916 I mobile-ffmpeg: 9328 kb/s
07-05 22:04:25.074   720  1916 I mobile-ffmpeg: 
07-05 22:04:25.074   720  1916 I mobile-ffmpeg:     Stream #0:0
07-05 22:04:25.074   720  1916 I mobile-ffmpeg: (eng)
07-05 22:04:25.074   720  1916 I mobile-ffmpeg: : Video: h264 (avc1 / 0x31637661), yuvj420p(pc, bt709), 1280x720, 8383 kb/s
07-05 22:04:25.074   720  1916 I mobile-ffmpeg: , 
07-05 22:04:25.074   720  1916 I mobile-ffmpeg: 29.97 fps, 
07-05 22:04:25.074   720  1916 I mobile-ffmpeg: 29.97 tbr, 
07-05 22:04:25.074   720  1916 I mobile-ffmpeg: 1k tbn, 
07-05 22:04:25.074   720  1916 I mobile-ffmpeg: 2k tbc
07-05 22:04:25.074   720  1916 I mobile-ffmpeg:  (default)
07-05 22:04:25.074   720  1916 I mobile-ffmpeg: 
07-05 22:04:25.074   720  1916 I mobile-ffmpeg:     Metadata:
07-05 22:04:25.074   720  1916 I mobile-ffmpeg:       creation_time   : 
07-05 22:04:25.074   720  1916 I mobile-ffmpeg: 2020-03-12T08:50:30.000000Z
07-05 22:04:25.074   720  1916 I mobile-ffmpeg: 
07-05 22:04:25.074   720  1916 I mobile-ffmpeg:       handler_name    : 
07-05 22:04:25.074   720  1916 I mobile-ffmpeg: PittaSoft Video Media Handler
07-05 22:04:25.074   720  1916 I mobile-ffmpeg: 
07-05 22:04:25.074   720  1916 I mobile-ffmpeg:     Stream #0:1
07-05 22:04:25.074   720  1916 I mobile-ffmpeg: (eng)
07-05 22:04:25.074   720  1916 I mobile-ffmpeg: : Audio: aac (mp4a / 0x6134706D), 16000 Hz, stereo, fltp, 47 kb/s
07-05 22:04:25.075   720  1916 I mobile-ffmpeg:  (default)
07-05 22:04:25.075   720  1916 I mobile-ffmpeg: 
07-05 22:04:25.075   720  1916 I mobile-ffmpeg:     Metadata:
07-05 22:04:25.075   720  1916 I mobile-ffmpeg:       creation_time   : 
07-05 22:04:25.075   720  1916 I mobile-ffmpeg: 2020-03-12T08:50:30.000000Z
07-05 22:04:25.075   720  1916 I mobile-ffmpeg: 
07-05 22:04:25.075   720  1916 I mobile-ffmpeg:       handler_name    : 
07-05 22:04:25.075   720  1916 I mobile-ffmpeg: PittaSoft Sound Media Handler
07-05 22:04:25.075   720  1916 I mobile-ffmpeg: 
07-05 22:04:25.082   720  1764 V FileManager: External storage is readable
07-05 22:04:25.083   720  1764 V FileManager: Created new directory: /storage/emulated/0/Movies/segment/20200312_194930
07-05 22:04:25.084   720  1764 V FfmpegTools: Splitting /storage/emulated/0/Movies/raw/20200312_194930.mp4 with 16s long segments
07-05 22:04:25.084   720  1764 I FfmpegTools: Running ffmpeg with:
07-05 22:04:25.084   720  1764 I FfmpegTools:   -y -i /storage/emulated/0/Movies/raw/20200312_194930.mp4 -map 0 -c copy -f segment -reset_timestamps 1 -segment_time 16 /storage/emulated/0/Movies/segment/20200312_194930/20200312_194930!%03d.mp4
07-05 22:04:25.092   720  1916 W mobile-ffmpeg: [mov,mp4,m4a,3gp,3g2,mj2 @ 0x78e8b5ae00] Found duplicated MOOV Atom. Skipped it
07-05 22:04:25.139   720  1916 I mobile-ffmpeg: Input #0, mov,mp4,m4a,3gp,3g2,mj2, from '/storage/emulated/0/Movies/raw/20200312_194930.mp4':
07-05 22:04:25.140   720  1916 I mobile-ffmpeg:   Metadata:
07-05 22:04:25.140   720  1916 I mobile-ffmpeg:     creation_time   : 
07-05 22:04:25.140   720  1916 I mobile-ffmpeg: 2020-03-12T08:50:30.000000Z
07-05 22:04:25.140   720  1916 I mobile-ffmpeg: 
07-05 22:04:25.140   720  1916 I mobile-ffmpeg:     major_brand     : 
07-05 22:04:25.140   720  1916 I mobile-ffmpeg: mp42
07-05 22:04:25.140   720  1916 I mobile-ffmpeg: 
07-05 22:04:25.140   720  1916 I mobile-ffmpeg:     minor_version   : 
07-05 22:04:25.140   720  1916 I mobile-ffmpeg: 1
07-05 22:04:25.140   720  1916 I mobile-ffmpeg: 
07-05 22:04:25.140   720  1916 I mobile-ffmpeg:     compatible_brands: 
07-05 22:04:25.140   720  1916 I mobile-ffmpeg: mp42mp42
07-05 22:04:25.140   720  1916 I mobile-ffmpeg: 
07-05 22:04:25.140   720  1916 I mobile-ffmpeg:   Duration: 
07-05 22:04:25.140   720  1916 I mobile-ffmpeg: 00:01:00.02
07-05 22:04:25.140   720  1916 I mobile-ffmpeg: , start: 
07-05 22:04:25.140   720  1916 I mobile-ffmpeg: 0.000000
07-05 22:04:25.140   720  1916 I mobile-ffmpeg: , bitrate: 
07-05 22:04:25.140   720  1916 I mobile-ffmpeg: 9328 kb/s
07-05 22:04:25.140   720  1916 I mobile-ffmpeg: 
07-05 22:04:25.140   720  1916 I mobile-ffmpeg:     Stream #0:0
07-05 22:04:25.140   720  1916 I mobile-ffmpeg: (eng)
07-05 22:04:25.140   720  1916 I mobile-ffmpeg: : Video: h264 (avc1 / 0x31637661), yuvj420p(pc, bt709), 1280x720, 8383 kb/s
07-05 22:04:25.140   720  1916 I mobile-ffmpeg: , 
07-05 22:04:25.140   720  1916 I mobile-ffmpeg: 29.97 fps, 
07-05 22:04:25.140   720  1916 I mobile-ffmpeg: 29.97 tbr, 
07-05 22:04:25.140   720  1916 I mobile-ffmpeg: 1k tbn, 
07-05 22:04:25.140   720  1916 I mobile-ffmpeg: 2k tbc
07-05 22:04:25.140   720  1916 I mobile-ffmpeg:  (default)
07-05 22:04:25.140   720  1916 I mobile-ffmpeg: 
07-05 22:04:25.140   720  1916 I mobile-ffmpeg:     Metadata:
07-05 22:04:25.140   720  1916 I mobile-ffmpeg:       creation_time   : 
07-05 22:04:25.141   720  1916 I mobile-ffmpeg: 2020-03-12T08:50:30.000000Z
07-05 22:04:25.141   720  1916 I mobile-ffmpeg: 
07-05 22:04:25.141   720  1916 I mobile-ffmpeg:       handler_name    : 
07-05 22:04:25.141   720  1916 I mobile-ffmpeg: PittaSoft Video Media Handler
07-05 22:04:25.141   720  1916 I mobile-ffmpeg: 
07-05 22:04:25.141   720  1916 I mobile-ffmpeg:     Stream #0:1
07-05 22:04:25.141   720  1916 I mobile-ffmpeg: (eng)
07-05 22:04:25.141   720  1916 I mobile-ffmpeg: : Audio: aac (mp4a / 0x6134706D), 16000 Hz, stereo, fltp, 47 kb/s
07-05 22:04:25.141   720  1916 I mobile-ffmpeg:  (default)
07-05 22:04:25.141   720  1916 I mobile-ffmpeg: 
07-05 22:04:25.141   720  1916 I mobile-ffmpeg:     Metadata:
07-05 22:04:25.141   720  1916 I mobile-ffmpeg:       creation_time   : 
07-05 22:04:25.141   720  1916 I mobile-ffmpeg: 2020-03-12T08:50:30.000000Z
07-05 22:04:25.141   720  1916 I mobile-ffmpeg: 
07-05 22:04:25.141   720  1916 I mobile-ffmpeg:       handler_name    : 
07-05 22:04:25.141   720  1916 I mobile-ffmpeg: PittaSoft Sound Media Handler
07-05 22:04:25.141   720  1916 I mobile-ffmpeg: 
07-05 22:04:25.141   720  1916 I mobile-ffmpeg: [segment @ 0x78e665c000] Opening '/storage/emulated/0/Movies/segment/20200312_194930/20200312_194930!000.mp4' for writing
07-05 22:04:25.141   720  1916 I mobile-ffmpeg: Output #0, segment, to '/storage/emulated/0/Movies/segment/20200312_194930/20200312_194930!%03d.mp4':
07-05 22:04:25.141   720  1916 I mobile-ffmpeg:   Metadata:
07-05 22:04:25.141   720  1916 I mobile-ffmpeg:     compatible_brands: 
07-05 22:04:25.141   720  1916 I mobile-ffmpeg: mp42mp42
07-05 22:04:25.141   720  1916 I mobile-ffmpeg: 
07-05 22:04:25.141   720  1916 I mobile-ffmpeg:     major_brand     : 
07-05 22:04:25.141   720  1916 I mobile-ffmpeg: mp42
07-05 22:04:25.141   720  1916 I mobile-ffmpeg: 
07-05 22:04:25.141   720  1916 I mobile-ffmpeg:     minor_version   : 
07-05 22:04:25.141   720  1916 I mobile-ffmpeg: 1
07-05 22:04:25.141   720  1916 I mobile-ffmpeg: 
07-05 22:04:25.141   720  1916 I mobile-ffmpeg:     encoder         : 
07-05 22:04:25.141   720  1916 I mobile-ffmpeg: Lavf58.42.100
07-05 22:04:25.141   720  1916 I mobile-ffmpeg: 
07-05 22:04:25.141   720  1916 I mobile-ffmpeg:     Stream #0:0
07-05 22:04:25.141   720  1916 I mobile-ffmpeg: (eng)
07-05 22:04:25.141   720  1916 I mobile-ffmpeg: : Video: h264 (avc1 / 0x31637661), yuvj420p(pc, bt709), 1280x720, q=2-31, 8383 kb/s
07-05 22:04:25.142   720  1916 I mobile-ffmpeg: , 
07-05 22:04:25.142   720  1916 I mobile-ffmpeg: 29.97 fps, 
07-05 22:04:25.142   720  1916 I mobile-ffmpeg: 29.97 tbr, 
07-05 22:04:25.142   720  1916 I mobile-ffmpeg: 16k tbn, 
07-05 22:04:25.142   720  1916 I mobile-ffmpeg: 1k tbc
07-05 22:04:25.142   720  1916 I mobile-ffmpeg:  (default)
07-05 22:04:25.142   720  1916 I mobile-ffmpeg: 
07-05 22:04:25.142   720  1916 I mobile-ffmpeg:     Metadata:
07-05 22:04:25.142   720  1916 I mobile-ffmpeg:       creation_time   : 
07-05 22:04:25.142   720  1916 I mobile-ffmpeg: 2020-03-12T08:50:30.000000Z
07-05 22:04:25.142   720  1916 I mobile-ffmpeg: 
07-05 22:04:25.142   720  1916 I mobile-ffmpeg:       handler_name    : 
07-05 22:04:25.142   720  1916 I mobile-ffmpeg: PittaSoft Video Media Handler
07-05 22:04:25.142   720  1916 I mobile-ffmpeg: 
07-05 22:04:25.142   720  1916 I mobile-ffmpeg:     Stream #0:1
07-05 22:04:25.142   720  1916 I mobile-ffmpeg: (eng)
07-05 22:04:25.142   720  1916 I mobile-ffmpeg: : Audio: aac (mp4a / 0x6134706D), 16000 Hz, stereo, fltp, 47 kb/s
07-05 22:04:25.142   720  1916 I mobile-ffmpeg:  (default)
07-05 22:04:25.142   720  1916 I mobile-ffmpeg: 
07-05 22:04:25.142   720  1916 I mobile-ffmpeg:     Metadata:
07-05 22:04:25.142   720  1916 I mobile-ffmpeg:       creation_time   : 
07-05 22:04:25.142   720  1916 I mobile-ffmpeg: 2020-03-12T08:50:30.000000Z
07-05 22:04:25.142   720  1916 I mobile-ffmpeg: 
07-05 22:04:25.142   720  1916 I mobile-ffmpeg:       handler_name    : 
07-05 22:04:25.142   720  1916 I mobile-ffmpeg: PittaSoft Sound Media Handler
07-05 22:04:25.142   720  1916 I mobile-ffmpeg: 
07-05 22:04:25.142   720  1916 I mobile-ffmpeg: Stream mapping:
07-05 22:04:25.142   720  1916 I mobile-ffmpeg:   Stream #0:0 -> #0:0
07-05 22:04:25.142   720  1916 I mobile-ffmpeg:  (copy)
07-05 22:04:25.142   720  1916 I mobile-ffmpeg: 
07-05 22:04:25.142   720  1916 I mobile-ffmpeg:   Stream #0:1 -> #0:1
07-05 22:04:25.142   720  1916 I mobile-ffmpeg:  (copy)
07-05 22:04:25.142   720  1916 I mobile-ffmpeg: 
07-05 22:04:25.142   720  1916 I mobile-ffmpeg: Press [q] to stop, [?] for help
07-05 22:04:25.143   720  1916 I mobile-ffmpeg: frame=    1 fps=0.0 q=-1.0 size=N/A time=00:00:00.00 bitrate=N/A speed=  63x    
07-05 22:04:25.206   720  1916 I mobile-ffmpeg: [segment @ 0x78e665c000] Opening '/storage/emulated/0/Movies/segment/20200312_194930/20200312_194930!001.mp4' for writing
07-05 22:04:25.259   720  1916 I mobile-ffmpeg: [segment @ 0x78e665c000] Opening '/storage/emulated/0/Movies/segment/20200312_194930/20200312_194930!002.mp4' for writing
07-05 22:04:25.313   720  1916 I mobile-ffmpeg: [segment @ 0x78e665c000] Opening '/storage/emulated/0/Movies/segment/20200312_194930/20200312_194930!003.mp4' for writing
07-05 22:04:25.352   720  1916 I mobile-ffmpeg: frame= 1800 fps=0.0 q=-1.0 Lsize=N/A time=00:01:00.02 bitrate=N/A speed= 285x    
07-05 22:04:25.352   720  1916 I mobile-ffmpeg: video:61424kB audio:345kB subtitle:0kB other streams:0kB global headers:0kB muxing overhead: 
07-05 22:04:25.352   720  1916 I mobile-ffmpeg: unknown
07-05 22:04:25.352   720  1916 I mobile-ffmpeg: 
07-05 22:04:25.357   720  1764 V FileManager: External storage is readable
07-05 22:04:25.357   720  1764 V FileManager: Directory already exists: /storage/emulated/0/Movies/segment/20200312_194930
07-05 22:04:25.358   720  1764 V VideoManager: Retrieving videos from /storage/emulated/0/Movies/segment/20200312_194930
07-05 22:04:25.358   720  1764 V VideoManager: Retrieving video from /storage/emulated/0/Movies/segment/20200312_194930/20200312_194930!000.mp4
07-05 22:04:25.368   720  1764 V VideoManager: videoFromCursor
07-05 22:04:25.373   720  1764 V VideoManager: Retrieving video from /storage/emulated/0/Movies/segment/20200312_194930/20200312_194930!001.mp4
07-05 22:04:25.382   720  1764 V VideoManager: videoFromCursor
07-05 22:04:25.385   720  1764 V VideoManager: Retrieving video from /storage/emulated/0/Movies/segment/20200312_194930/20200312_194930!002.mp4
07-05 22:04:25.392   720  1764 V VideoManager: videoFromCursor
07-05 22:04:25.395   720  1764 V VideoManager: Retrieving video from /storage/emulated/0/Movies/segment/20200312_194930/20200312_194930!003.mp4
07-05 22:04:25.403   720  1764 V VideoManager: videoFromCursor
07-05 22:04:25.407   720  1764 V NearbyFragment: nextTransfer with selected algorithm: fastest
07-05 22:04:25.407   720  1764 W NearbyFragment: Sending 20200312_194930!000.mp4 to Nexus 5 [1825]
07-05 22:04:25.412   720   720 V NearbyFragment: Transfer to Endpoint{id=Rc4h, name=Nexus 5 [1825]} complete
07-05 22:04:26.409   720  1764 V DownloadTestVideosTask: Starting DownloadTestVideosTask
07-05 22:04:26.410   720  1764 V DashDownloadManager: Started downloading: 20200312_195230.mp4
07-05 22:04:26.413   720  1764 I System.out: (HTTPLog)-Static: isSBSettingEnabled false
07-05 22:04:26.413   720  1764 I System.out: (HTTPLog)-Static: isSBSettingEnabled false
07-05 22:04:26.478   720  1764 I System.out: (HTTPLog)-Thread-2294-114758817: getTransferStream : ContentLength=69990400, method=GET, HTTPVersion=http/1.1
07-05 22:04:29.142   720   720 D NearbyFragment: onPayloadReceived(endpointId=4qxN, payload=com.google.android.gms.nearby.connection.Payload@76306c6)
07-05 22:04:29.143   720   720 V NearbyFragment: Started downloading 20200312_194830!000.mp4 from Endpoint{id=4qxN, name=Nexus 5X [34d8]}
07-05 22:04:29.146   720   720 V NearbyFragment: nextTransfer with selected algorithm: fastest
07-05 22:04:29.151   720   720 W NearbyFragment: Sending 20200312_194930!001.mp4 to Nexus 5X [34d8]
07-05 22:04:29.158   720   720 V NearbyFragment: Transfer to Endpoint{id=4qxN, name=Nexus 5X [34d8]} complete
07-05 22:04:29.171   720   720 V NearbyFragment: Transfer to Endpoint{id=4qxN, name=Nexus 5X [34d8]} complete
07-05 22:04:29.391   720   720 D NearbyFragment: onPayloadReceived(endpointId=4qxN, payload=com.google.android.gms.nearby.connection.Payload@7af59dd)
07-05 22:04:30.638   720   720 V NearbyFragment: Transfer to Endpoint{id=4qxN, name=Nexus 5X [34d8]} complete
07-05 22:04:30.641   720   720 W NearbyFragment: Completed downloading 20200312_194830!000.mp4 from Endpoint{id=4qxN, name=Nexus 5X [34d8]} in 01.494s
07-05 22:04:30.655   720   720 V FileManager: External storage is readable
07-05 22:04:30.660   720   720 V FileManager: Created new directory: /storage/emulated/0/Movies/segment-sum/20200312_194830
07-05 22:04:30.708   720   720 V NearbyFragment: Received a segment of 20200312_194830
07-05 22:04:30.771   720   720 V NearbyFragment: Transfer to Endpoint{id=Rc4h, name=Nexus 5 [1825]} complete
07-05 22:04:30.810   720   733 W System  : A resource failed to call close. 
07-05 22:04:30.810   720   733 I chatty  : uid=10568(com.example.edgesum) FinalizerDaemon identical 2 lines
07-05 22:04:30.810   720   733 W System  : A resource failed to call close. 
07-05 22:04:30.816   720   733 W System  : A resource failed to call close. 
07-05 22:04:30.816   720   733 I chatty  : uid=10568(com.example.edgesum) FinalizerDaemon identical 3 lines
07-05 22:04:30.817   720   733 W System  : A resource failed to call close. 
07-05 22:04:30.822   720   733 W System  : A resource failed to call close. 
07-05 22:04:30.823   720   733 W System  : A resource failed to call close. 
07-05 22:04:30.823   720   733 W System  : A resource failed to call close. 
07-05 22:04:30.823   720   733 I chatty  : uid=10568(com.example.edgesum) FinalizerDaemon identical 4 lines
07-05 22:04:30.823   720   733 W System  : A resource failed to call close. 
07-05 22:04:30.824   720   733 W System  : A resource failed to call close. 
07-05 22:04:30.824   720   733 I chatty  : uid=10568(com.example.edgesum) FinalizerDaemon identical 3 lines
07-05 22:04:30.824   720   733 W System  : A resource failed to call close. 
07-05 22:04:30.830   720   733 W System  : A resource failed to call close. 
07-05 22:04:30.831   720   733 W System  : A resource failed to call close. 
