07-12 19:30:24.091  4838  6798 W NearbyFragment: Sending 20200312_194830!001.mp4 to Nexus 5 [1825]
07-12 19:30:24.093  4838  6798 V ProcessingVideosEventHandler: onRemove
07-12 19:30:24.119  4838  4838 V NearbyFragment: Transfer to Endpoint{id=21pY, name=Nexus 5 [1825]} complete
07-12 19:30:24.145  4838  4853 D SummariserIntentService: Scanned /storage/emulated/0/Movies/summarised
07-12 19:30:24.145  4838  4853 D SummariserIntentService:   -> uri=content://media/external/file/8450
07-12 19:30:24.171  4838  4838 V NearbyFragment: Transfer to Endpoint{id=21pY, name=Nexus 5 [1825]} complete
07-12 19:30:30.223  4838  4838 D NearbyFragment: onPayloadReceived(endpointId=21pY, payload=com.google.android.gms.nearby.connection.Payload@ff78c45)
07-12 19:30:30.225  4838  4838 V NearbyFragment: Started downloading SUMMARISE_SEGMENT:-7112635281486096510:20200312_194930!001.mp4:45.0_1.0_23_medium from Endpoint{id=21pY, name=Nexus 5 [1825]}
07-12 19:30:30.230  4838  4838 V NearbyFragment: Transfer to Endpoint{id=21pY, name=Nexus 5 [1825]} complete
07-12 19:30:30.402  4838  4838 D NearbyFragment: onPayloadReceived(endpointId=21pY, payload=com.google.android.gms.nearby.connection.Payload@b81ef9a)
07-12 19:30:37.454  4838  4838 V NearbyFragment: Transfer to Endpoint{id=21pY, name=Nexus 5 [1825]} complete
07-12 19:30:37.455  4838  4838 W NearbyFragment: Completed downloading 20200312_194930!001.mp4 from Endpoint{id=21pY, name=Nexus 5 [1825]} in 07.227s
07-12 19:30:37.465  4838  4838 V FileManager: External storage is readable
07-12 19:30:37.466  4838  4838 V FileManager: Created new directory: /storage/emulated/0/Movies/segment-sum/20200312_194930
07-12 19:30:37.466  4838  4838 D NearbyFragment: Summarising 20200312_194930!001.mp4
07-12 19:30:37.466  4838  4838 V VideoManager: Retrieving video from /storage/emulated/0/Download/Nearby/20200312_194930!001.mp4
07-12 19:30:37.473  4838  4838 D VideoManager: videoCursor is null
07-12 19:30:37.503  4838  4838 V VideoManager: videoFromCursor
07-12 19:30:37.506  4838  4838 V ProcessingVideosEventHandler: onAdd
07-12 19:30:37.506  4838  4838 V RawFootageEventHandler: onRemove
07-12 19:30:37.513  4838  4838 V NearbyFragment: Transfer to Endpoint{id=21pY, name=Nexus 5 [1825]} complete
07-12 19:30:37.519  4838  6858 V SummariserIntentService: onHandleIntent
07-12 19:30:37.520  4838  6858 D SummariserIntentService: Video{id='8479', data='/storage/emulated/0/Download/Nearby/20200312_194930!001.mp4', name='20200312_194930!001.mp4', size=16827995, visible=true, mimeType='video/mp4'}
07-12 19:30:37.520  4838  6858 D SummariserIntentService: /storage/emulated/0/Movies/segment-sum/20200312_194930/20200312_194930!001.mp4
07-12 19:30:37.522  4838  6858 I FfmpegTools: Running ffmpeg with:
07-12 19:30:37.522  4838  6858 I FfmpegTools:   -y -i /storage/emulated/0/Download/Nearby/20200312_194930!001.mp4 -vf freezedetect=n=-45.000000dB:d=1.000000,metadata=mode=print:file=/storage/emulated/0/Movies/raw/20200312_194930!001.txt -f null -
07-12 19:30:37.736  4838  6090 W mobile-ffmpeg: [graph 0 input from stream 0:0 @ 0x768048ba80] sws_param option is deprecated and ignored
07-12 19:30:42.090  4838  6858 W Summariser: 1 active sections found
07-12 19:30:42.091  4838  6858 I FfmpegTools: Running ffmpeg with:
07-12 19:30:42.091  4838  6858 I FfmpegTools:   -y -i /storage/emulated/0/Download/Nearby/20200312_194930!001.mp4 -filter_complex [0:v]trim=0.000000:2.002000,setpts=PTS-STARTPTS[v0];[0:a]atrim=0.000000:2.002000,asetpts=PTS-STARTPTS[a0];[v0][a0]concat=n=1:v=1:a=1[outv][outa] -map [outv] -map [outa] -crf 23 -preset medium /storage/emulated/0/Movies/segment-sum/20200312_194930/20200312_194930!001.mp4
07-12 19:30:42.260  4838  6090 W mobile-ffmpeg: [graph 0 input from stream 0:0 @ 0x768048b9c0] sws_param option is deprecated and ignored
07-12 19:30:48.350  4838  6858 V FfmpegTools: Retrieving duration of /storage/emulated/0/Download/Nearby/20200312_194930!001.mp4
07-12 19:30:48.459  4838  6858 V FfmpegTools: Retrieving duration of /storage/emulated/0/Movies/segment-sum/20200312_194930/20200312_194930!001.mp4
07-12 19:30:48.512  4838  6858 W Summariser: Summarisation completed
07-12 19:30:48.512  4838  6858 W Summariser:   filename: 20200312_194930!001.mp4
07-12 19:30:48.512  4838  6858 W Summariser:   active sections: 1
07-12 19:30:48.512  4838  6858 W Summariser:   time: 10.828s
07-12 19:30:48.512  4838  6858 W Summariser:   original duration: 16.01
07-12 19:30:48.512  4838  6858 W Summariser:   summarised duration: 2.02
07-12 19:30:48.512  4838  6858 W Summariser:   noise tolerance: 45.00
07-12 19:30:48.512  4838  6858 W Summariser:   quality: 23
07-12 19:30:48.512  4838  6858 W Summariser:   speed: medium
07-12 19:30:48.512  4838  6858 W Summariser:   freeze duration: 1.00
07-12 19:30:48.512  4838  6858 V VideoManager: Retrieving video from /storage/emulated/0/Movies/segment-sum/20200312_194930/20200312_194930!001.mp4
07-12 19:30:48.521  4838  6858 D VideoManager: videoCursor is null
07-12 19:30:48.563  4838  6858 V VideoManager: videoFromCursor
07-12 19:30:48.568  4838  6858 W NearbyFragment: Sending 20200312_194930!001.mp4 to Nexus 5 [1825]
07-12 19:30:48.572  4838  6858 V ProcessingVideosEventHandler: onRemove
07-12 19:30:48.602  4838  4838 V NearbyFragment: Transfer to Endpoint{id=21pY, name=Nexus 5 [1825]} complete
07-12 19:30:48.605  4838  4838 V NearbyFragment: Transfer to Endpoint{id=21pY, name=Nexus 5 [1825]} complete
07-12 19:30:48.625  4838  6902 D SummariserIntentService: Scanned /storage/emulated/0/Movies/summarised
07-12 19:30:48.625  4838  6902 D SummariserIntentService:   -> uri=content://media/external/file/8450
07-12 19:30:57.274  4838  4838 D NearbyFragment: onPayloadReceived(endpointId=21pY, payload=com.google.android.gms.nearby.connection.Payload@a363cc0)
07-12 19:30:57.278  4838  4838 V NearbyFragment: Started downloading SUMMARISE_SEGMENT:-8670112082404024103:20200312_195230!000.mp4:45.0_1.0_23_medium from Endpoint{id=21pY, name=Nexus 5 [1825]}
07-12 19:30:57.286  4838  4838 V NearbyFragment: Transfer to Endpoint{id=21pY, name=Nexus 5 [1825]} complete
07-12 19:30:57.302  4838  4838 D NearbyFragment: onPayloadReceived(endpointId=21pY, payload=com.google.android.gms.nearby.connection.Payload@c1a8df9)
07-12 19:31:07.502  4838  4838 V NearbyFragment: Transfer to Endpoint{id=21pY, name=Nexus 5 [1825]} complete
07-12 19:31:07.505  4838  4838 W NearbyFragment: Completed downloading 20200312_195230!000.mp4 from Endpoint{id=21pY, name=Nexus 5 [1825]} in 10.223s
07-12 19:31:07.522  4838  4838 V FileManager: External storage is readable
07-12 19:31:07.525  4838  4838 V FileManager: Created new directory: /storage/emulated/0/Movies/segment-sum/20200312_195230
07-12 19:31:07.526  4838  4838 D NearbyFragment: Summarising 20200312_195230!000.mp4
07-12 19:31:07.526  4838  4838 V VideoManager: Retrieving video from /storage/emulated/0/Download/Nearby/20200312_195230!000.mp4
07-12 19:31:07.539  4838  4838 D VideoManager: videoCursor is null
07-12 19:31:07.575  4838  4838 V VideoManager: videoFromCursor
07-12 19:31:07.580  4838  4838 V ProcessingVideosEventHandler: onAdd
07-12 19:31:07.581  4838  4838 V RawFootageEventHandler: onRemove
07-12 19:31:07.588  4838  4838 V NearbyFragment: Transfer to Endpoint{id=21pY, name=Nexus 5 [1825]} complete
07-12 19:31:07.660  4838  6912 V SummariserIntentService: onHandleIntent
07-12 19:31:07.661  4838  6912 D SummariserIntentService: Video{id='8482', data='/storage/emulated/0/Download/Nearby/20200312_195230!000.mp4', name='20200312_195230!000.mp4', size=16897687, visible=true, mimeType='video/mp4'}
07-12 19:31:07.661  4838  6912 D SummariserIntentService: /storage/emulated/0/Movies/segment-sum/20200312_195230/20200312_195230!000.mp4
07-12 19:31:07.663  4838  6912 I FfmpegTools: Running ffmpeg with:
07-12 19:31:07.663  4838  6912 I FfmpegTools:   -y -i /storage/emulated/0/Download/Nearby/20200312_195230!000.mp4 -vf freezedetect=n=-45.000000dB:d=1.000000,metadata=mode=print:file=/storage/emulated/0/Movies/raw/20200312_195230!000.txt -f null -
07-12 19:31:07.777  4838  6090 W mobile-ffmpeg: [graph 0 input from stream 0:0 @ 0x768048bd80] sws_param option is deprecated and ignored
07-12 19:31:12.061  4838  6912 W Summariser: No activity detected
07-12 19:31:12.062  4838  6912 V FfmpegTools: Retrieving duration of /storage/emulated/0/Download/Nearby/20200312_195230!000.mp4
07-12 19:31:12.126  4838  6912 W Summariser: Summarisation completed
07-12 19:31:12.126  4838  6912 W Summariser:   filename: 20200312_195230!000.mp4
07-12 19:31:12.126  4838  6912 W Summariser:   active sections: 0
07-12 19:31:12.126  4838  6912 W Summariser:   time: 04.400s
07-12 19:31:12.126  4838  6912 W Summariser:   original duration: 16.07
07-12 19:31:12.126  4838  6912 W Summariser:   summarised duration: -1.00
07-12 19:31:12.126  4838  6912 W Summariser:   noise tolerance: 45.00
07-12 19:31:12.126  4838  6912 W Summariser:   quality: 23
07-12 19:31:12.126  4838  6912 W Summariser:   speed: medium
07-12 19:31:12.126  4838  6912 W Summariser:   freeze duration: 1.00
07-12 19:31:12.129  4838  6912 V ProcessingVideosEventHandler: onRemove
07-12 19:31:12.147  4838  4838 V NearbyFragment: Transfer to Endpoint{id=21pY, name=Nexus 5 [1825]} complete
07-12 19:31:12.174  4838  5335 D SummariserIntentService: Scanned /storage/emulated/0/Movies/summarised
07-12 19:31:12.174  4838  5335 D SummariserIntentService:   -> uri=content://media/external/file/8450
07-12 19:31:12.297  4838  4838 D NearbyFragment: onPayloadReceived(endpointId=21pY, payload=com.google.android.gms.nearby.connection.Payload@72f7a16)
07-12 19:31:12.298  4838  4838 V NearbyFragment: Started downloading SUMMARISE_SEGMENT:-4656506227427803893:20200312_195230!003.mp4:45.0_1.0_23_medium from Endpoint{id=21pY, name=Nexus 5 [1825]}
07-12 19:31:12.319  4838  4838 V NearbyFragment: Transfer to Endpoint{id=21pY, name=Nexus 5 [1825]} complete
07-12 19:31:16.953  4838  4838 D NearbyFragment: onPayloadReceived(endpointId=21pY, payload=com.google.android.gms.nearby.connection.Payload@96ddf97)
07-12 19:31:23.343  4838  4838 V NearbyFragment: Transfer to Endpoint{id=21pY, name=Nexus 5 [1825]} complete
07-12 19:31:23.345  4838  4838 W NearbyFragment: Completed downloading 20200312_195230!003.mp4 from Endpoint{id=21pY, name=Nexus 5 [1825]} in 11.044s
07-12 19:31:23.361  4838  4838 V FileManager: External storage is readable
07-12 19:31:23.362  4838  4838 V FileManager: Directory already exists: /storage/emulated/0/Movies/segment-sum/20200312_195230
07-12 19:31:23.363  4838  4838 D NearbyFragment: Summarising 20200312_195230!003.mp4
07-12 19:31:23.363  4838  4838 V VideoManager: Retrieving video from /storage/emulated/0/Download/Nearby/20200312_195230!003.mp4
07-12 19:31:23.373  4838  4838 D VideoManager: videoCursor is null
07-12 19:31:23.396  4838  4838 V VideoManager: videoFromCursor
07-12 19:31:23.399  4838  4838 V ProcessingVideosEventHandler: onAdd
07-12 19:31:23.400  4838  4838 V RawFootageEventHandler: onRemove
07-12 19:31:23.406  4838  4838 V NearbyFragment: Transfer to Endpoint{id=21pY, name=Nexus 5 [1825]} complete
07-12 19:31:23.414  4838  6944 V SummariserIntentService: onHandleIntent
07-12 19:31:23.416  4838  6944 D SummariserIntentService: Video{id='8483', data='/storage/emulated/0/Download/Nearby/20200312_195230!003.mp4', name='20200312_195230!003.mp4', size=12662984, visible=true, mimeType='video/mp4'}
07-12 19:31:23.416  4838  6944 D SummariserIntentService: /storage/emulated/0/Movies/segment-sum/20200312_195230/20200312_195230!003.mp4
07-12 19:31:23.419  4838  6944 I FfmpegTools: Running ffmpeg with:
07-12 19:31:23.419  4838  6944 I FfmpegTools:   -y -i /storage/emulated/0/Download/Nearby/20200312_195230!003.mp4 -vf freezedetect=n=-45.000000dB:d=1.000000,metadata=mode=print:file=/storage/emulated/0/Movies/raw/20200312_195230!003.txt -f null -
07-12 19:31:23.538  4838  6090 W mobile-ffmpeg: [graph 0 input from stream 0:0 @ 0x768048bd80] sws_param option is deprecated and ignored
07-12 19:31:25.867  4838  6944 W Summariser: No activity detected
07-12 19:31:25.868  4838  6944 V FfmpegTools: Retrieving duration of /storage/emulated/0/Download/Nearby/20200312_195230!003.mp4
07-12 19:31:25.908  4838  6944 W Summariser: Summarisation completed
07-12 19:31:25.908  4838  6944 W Summariser:   filename: 20200312_195230!003.mp4
07-12 19:31:25.908  4838  6944 W Summariser:   active sections: 0
07-12 19:31:25.908  4838  6944 W Summariser:   time: 02.450s
07-12 19:31:25.908  4838  6944 W Summariser:   original duration: 12.01
07-12 19:31:25.908  4838  6944 W Summariser:   summarised duration: -1.00
07-12 19:31:25.908  4838  6944 W Summariser:   noise tolerance: 45.00
07-12 19:31:25.908  4838  6944 W Summariser:   quality: 23
07-12 19:31:25.908  4838  6944 W Summariser:   speed: medium
07-12 19:31:25.908  4838  6944 W Summariser:   freeze duration: 1.00
07-12 19:31:25.909  4838  6944 V ProcessingVideosEventHandler: onRemove
07-12 19:31:25.931  4838  4838 V NearbyFragment: Transfer to Endpoint{id=21pY, name=Nexus 5 [1825]} complete
07-12 19:31:25.951  4838  6902 D SummariserIntentService: Scanned /storage/emulated/0/Movies/summarised
07-12 19:31:25.951  4838  6902 D SummariserIntentService:   -> uri=content://media/external/file/8450
07-12 19:31:34.622  4838  4838 D NearbyFragment: onPayloadReceived(endpointId=21pY, payload=com.google.android.gms.nearby.connection.Payload@c7ee11c)
07-12 19:31:34.624  4838  4838 V NearbyFragment: Started downloading SUMMARISE_SEGMENT:-8141564039584828237:20200312_195330!001.mp4:45.0_1.0_23_medium from Endpoint{id=21pY, name=Nexus 5 [1825]}
07-12 19:31:34.630  4838  4838 V NearbyFragment: Transfer to Endpoint{id=21pY, name=Nexus 5 [1825]} complete
07-12 19:31:34.726  4838  4838 D NearbyFragment: onPayloadReceived(endpointId=21pY, payload=com.google.android.gms.nearby.connection.Payload@2449125)
07-12 19:31:42.420  4838  4838 V NearbyFragment: Transfer to Endpoint{id=21pY, name=Nexus 5 [1825]} complete
07-12 19:31:42.421  4838  4838 W NearbyFragment: Completed downloading 20200312_195330!001.mp4 from Endpoint{id=21pY, name=Nexus 5 [1825]} in 07.795s
07-12 19:31:42.432  4838  4838 V FileManager: External storage is readable
07-12 19:31:42.434  4838  4838 V FileManager: Created new directory: /storage/emulated/0/Movies/segment-sum/20200312_195330
07-12 19:31:42.434  4838  4838 D NearbyFragment: Summarising 20200312_195330!001.mp4
07-12 19:31:42.434  4838  4838 V VideoManager: Retrieving video from /storage/emulated/0/Download/Nearby/20200312_195330!001.mp4
07-12 19:31:42.441  4838  4838 D VideoManager: videoCursor is null
07-12 19:31:42.463  4838  4838 V VideoManager: videoFromCursor
07-12 19:31:42.466  4838  4838 V ProcessingVideosEventHandler: onAdd
07-12 19:31:42.466  4838  4838 V RawFootageEventHandler: onRemove
07-12 19:31:42.471  4838  4838 V NearbyFragment: Transfer to Endpoint{id=21pY, name=Nexus 5 [1825]} complete
07-12 19:31:42.495  4838  6974 V SummariserIntentService: onHandleIntent
07-12 19:31:42.496  4838  6974 D SummariserIntentService: Video{id='8484', data='/storage/emulated/0/Download/Nearby/20200312_195330!001.mp4', name='20200312_195330!001.mp4', size=16792709, visible=true, mimeType='video/mp4'}
07-12 19:31:42.496  4838  6974 D SummariserIntentService: /storage/emulated/0/Movies/segment-sum/20200312_195330/20200312_195330!001.mp4
07-12 19:31:42.498  4838  6974 I FfmpegTools: Running ffmpeg with:
07-12 19:31:42.498  4838  6974 I FfmpegTools:   -y -i /storage/emulated/0/Download/Nearby/20200312_195330!001.mp4 -vf freezedetect=n=-45.000000dB:d=1.000000,metadata=mode=print:file=/storage/emulated/0/Movies/raw/20200312_195330!001.txt -f null -
07-12 19:31:42.622  4838  6090 W mobile-ffmpeg: [graph 0 input from stream 0:0 @ 0x768048bd80] sws_param option is deprecated and ignored
07-12 19:31:45.829  4838  6974 W Summariser: 2 active sections found
07-12 19:31:45.829  4838  6974 I FfmpegTools: Running ffmpeg with:
07-12 19:31:45.829  4838  6974 I FfmpegTools:   -y -i /storage/emulated/0/Download/Nearby/20200312_195330!001.mp4 -filter_complex [0:v]trim=0.000000:7.040000,setpts=PTS-STARTPTS[v0];[0:a]atrim=0.000000:7.040000,asetpts=PTS-STARTPTS[a0];[0:v]trim=8.741000:12.545000,setpts=PTS-STARTPTS[v1];[0:a]atrim=8.741000:12.545000,asetpts=PTS-STARTPTS[a1];[v0][a0][v1][a1]concat=n=2:v=1:a=1[outv][outa] -map [outv] -map [outa] -crf 23 -preset medium /storage/emulated/0/Movies/segment-sum/20200312_195330/20200312_195330!001.mp4
07-12 19:31:45.926  4838  6090 W mobile-ffmpeg: [graph 0 input from stream 0:0 @ 0x768048bfc0] sws_param option is deprecated and ignored
07-12 19:31:45.926  4838  6090 W mobile-ffmpeg: [graph 0 input from stream 0:0 @ 0x768048c140] sws_param option is deprecated and ignored
07-12 19:32:15.306  4838  6974 V FfmpegTools: Retrieving duration of /storage/emulated/0/Download/Nearby/20200312_195330!001.mp4
07-12 19:32:15.411  4838  6974 V FfmpegTools: Retrieving duration of /storage/emulated/0/Movies/segment-sum/20200312_195330/20200312_195330!001.mp4
07-12 19:32:15.462  4838  6974 W Summariser: Summarisation completed
07-12 19:32:15.462  4838  6974 W Summariser:   filename: 20200312_195330!001.mp4
07-12 19:32:15.462  4838  6974 W Summariser:   active sections: 2
07-12 19:32:15.462  4838  6974 W Summariser:   time: 32.808s
07-12 19:32:15.462  4838  6974 W Summariser:   original duration: 16.02
07-12 19:32:15.462  4838  6974 W Summariser:   summarised duration: 10.91
07-12 19:32:15.462  4838  6974 W Summariser:   noise tolerance: 45.00
07-12 19:32:15.462  4838  6974 W Summariser:   quality: 23
07-12 19:32:15.462  4838  6974 W Summariser:   speed: medium
07-12 19:32:15.462  4838  6974 W Summariser:   freeze duration: 1.00
07-12 19:32:15.463  4838  6974 V VideoManager: Retrieving video from /storage/emulated/0/Movies/segment-sum/20200312_195330/20200312_195330!001.mp4
07-12 19:32:15.478  4838  6974 D VideoManager: videoCursor is null
07-12 19:32:15.530  4838  6974 V VideoManager: videoFromCursor
07-12 19:32:15.536  4838  6974 W NearbyFragment: Sending 20200312_195330!001.mp4 to Nexus 5 [1825]
07-12 19:32:15.540  4838  6974 V ProcessingVideosEventHandler: onRemove
07-12 19:32:15.566  4838  4838 V NearbyFragment: Transfer to Endpoint{id=21pY, name=Nexus 5 [1825]} complete
07-12 19:32:15.607  4838  6407 D SummariserIntentService: Scanned /storage/emulated/0/Movies/summarised
07-12 19:32:15.607  4838  6407 D SummariserIntentService:   -> uri=content://media/external/file/8450
07-12 19:32:15.638  4838  4838 D NearbyFragment: onPayloadReceived(endpointId=21pY, payload=com.google.android.gms.nearby.connection.Payload@fe3ba23)
07-12 19:32:15.639  4838  4838 V NearbyFragment: Started downloading SUMMARISE_SEGMENT:-7134908441174752228:20200312_195430!002.mp4:45.0_1.0_23_medium from Endpoint{id=21pY, name=Nexus 5 [1825]}
07-12 19:32:15.645  4838  4838 V NearbyFragment: Transfer to Endpoint{id=21pY, name=Nexus 5 [1825]} complete
07-12 19:32:15.660  4838  4838 V NearbyFragment: Transfer to Endpoint{id=21pY, name=Nexus 5 [1825]} complete
07-12 19:32:15.829  4838  4838 D NearbyFragment: onPayloadReceived(endpointId=21pY, payload=com.google.android.gms.nearby.connection.Payload@bf1b20)
07-12 19:32:23.252  4838  4838 V NearbyFragment: Transfer to Endpoint{id=21pY, name=Nexus 5 [1825]} complete
07-12 19:32:23.253  4838  4838 W NearbyFragment: Completed downloading 20200312_195430!002.mp4 from Endpoint{id=21pY, name=Nexus 5 [1825]} in 07.613s
07-12 19:32:23.267  4838  4838 V FileManager: External storage is readable
07-12 19:32:23.269  4838  4838 V FileManager: Created new directory: /storage/emulated/0/Movies/segment-sum/20200312_195430
07-12 19:32:23.269  4838  4838 D NearbyFragment: Summarising 20200312_195430!002.mp4
07-12 19:32:23.270  4838  4838 V VideoManager: Retrieving video from /storage/emulated/0/Download/Nearby/20200312_195430!002.mp4
07-12 19:32:23.281  4838  4838 D VideoManager: videoCursor is null
07-12 19:32:23.316  4838  4838 V VideoManager: videoFromCursor
07-12 19:32:23.320  4838  4838 V ProcessingVideosEventHandler: onAdd
07-12 19:32:23.321  4838  4838 V RawFootageEventHandler: onRemove
07-12 19:32:23.327  4838  4838 V NearbyFragment: Transfer to Endpoint{id=21pY, name=Nexus 5 [1825]} complete
07-12 19:32:23.338  4838  7031 V SummariserIntentService: onHandleIntent
07-12 19:32:23.342  4838  7031 D SummariserIntentService: Video{id='8487', data='/storage/emulated/0/Download/Nearby/20200312_195430!002.mp4', name='20200312_195430!002.mp4', size=16840890, visible=true, mimeType='video/mp4'}
07-12 19:32:23.342  4838  7031 D SummariserIntentService: /storage/emulated/0/Movies/segment-sum/20200312_195430/20200312_195430!002.mp4
07-12 19:32:23.345  4838  7031 I FfmpegTools: Running ffmpeg with:
07-12 19:32:23.345  4838  7031 I FfmpegTools:   -y -i /storage/emulated/0/Download/Nearby/20200312_195430!002.mp4 -vf freezedetect=n=-45.000000dB:d=1.000000,metadata=mode=print:file=/storage/emulated/0/Movies/raw/20200312_195430!002.txt -f null -
07-12 19:32:23.453  4838  4845 I zygote64: Compiler allocated 4MB to compile void android.view.ViewRootImpl.performTraversals()
07-12 19:32:23.628  4838  6090 W mobile-ffmpeg: [graph 0 input from stream 0:0 @ 0x768048bd80] sws_param option is deprecated and ignored
07-12 19:32:29.120  4838  7031 W Summariser: 2 active sections found
07-12 19:32:29.121  4838  7031 I FfmpegTools: Running ffmpeg with:
07-12 19:32:29.121  4838  7031 I FfmpegTools:   -y -i /storage/emulated/0/Download/Nearby/20200312_195430!002.mp4 -filter_complex [0:v]trim=0.000000:2.235000,setpts=PTS-STARTPTS[v0];[0:a]atrim=0.000000:2.235000,asetpts=PTS-STARTPTS[a0];[0:v]trim=6.773000:10.643000,setpts=PTS-STARTPTS[v1];[0:a]atrim=6.773000:10.643000,asetpts=PTS-STARTPTS[a1];[v0][a0][v1][a1]concat=n=2:v=1:a=1[outv][outa] -map [outv] -map [outa] -crf 23 -preset medium /storage/emulated/0/Movies/segment-sum/20200312_195430/20200312_195430!002.mp4
07-12 19:32:29.274  4838  6090 W mobile-ffmpeg: [graph 0 input from stream 0:0 @ 0x768048bfc0] sws_param option is deprecated and ignored
07-12 19:32:29.274  4838  6090 W mobile-ffmpeg: [graph 0 input from stream 0:0 @ 0x768048c140] sws_param option is deprecated and ignored
07-12 19:32:49.163  4838  7031 V FfmpegTools: Retrieving duration of /storage/emulated/0/Download/Nearby/20200312_195430!002.mp4
07-12 19:32:49.269  4838  7031 V FfmpegTools: Retrieving duration of /storage/emulated/0/Movies/segment-sum/20200312_195430/20200312_195430!002.mp4
07-12 19:32:49.332  4838  7031 W Summariser: Summarisation completed
07-12 19:32:49.332  4838  7031 W Summariser:   filename: 20200312_195430!002.mp4
07-12 19:32:49.332  4838  7031 W Summariser:   active sections: 2
07-12 19:32:49.332  4838  7031 W Summariser:   time: 25.820s
07-12 19:32:49.332  4838  7031 W Summariser:   original duration: 16.01
07-12 19:32:49.332  4838  7031 W Summariser:   summarised duration: 6.17
07-12 19:32:49.332  4838  7031 W Summariser:   noise tolerance: 45.00
07-12 19:32:49.332  4838  7031 W Summariser:   quality: 23
07-12 19:32:49.332  4838  7031 W Summariser:   speed: medium
07-12 19:32:49.332  4838  7031 W Summariser:   freeze duration: 1.00
07-12 19:32:49.332  4838  7031 V VideoManager: Retrieving video from /storage/emulated/0/Movies/segment-sum/20200312_195430/20200312_195430!002.mp4
07-12 19:32:49.344  4838  7031 D VideoManager: videoCursor is null
07-12 19:32:49.376  4838  7031 V VideoManager: videoFromCursor
07-12 19:32:49.381  4838  7031 W NearbyFragment: Sending 20200312_195430!002.mp4 to Nexus 5 [1825]
07-12 19:32:49.385  4838  7031 V ProcessingVideosEventHandler: onRemove
07-12 19:32:49.411  4838  4838 V NearbyFragment: Transfer to Endpoint{id=21pY, name=Nexus 5 [1825]} complete
07-12 19:32:49.437  4838  5331 D SummariserIntentService: Scanned /storage/emulated/0/Movies/summarised
07-12 19:32:49.437  4838  5331 D SummariserIntentService:   -> uri=content://media/external/file/8450
07-12 19:32:49.446  4838  4838 V NearbyFragment: Transfer to Endpoint{id=21pY, name=Nexus 5 [1825]} complete
