07-12 19:24:21.694  9685  9685 V NearbyFragment: Received a segment of 20200312_151044
07-12 19:24:21.695  9685  9685 V NearbyFragment: nextTransfer with selected algorithm: best_or_local
07-12 19:24:21.697  9685  9685 W NearbyFragment: Sending 20200312_151044!002.mp4 to Galaxy S8 [2802]
07-12 19:24:21.727  9685  9685 V NearbyFragment: Transfer to Endpoint{id=lSdw, name=Galaxy S8 [2802]} complete
07-12 19:24:21.737  9685  9685 V NearbyFragment: Transfer to Endpoint{id=lSdw, name=Galaxy S8 [2802]} complete
07-12 19:24:27.095  9685  9685 V NearbyFragment: Transfer to Endpoint{id=a6Kd, name=Shark 1S [34d8]} complete
07-12 19:24:27.134  9685  9685 D NearbyFragment: onPayloadReceived(endpointId=a6Kd, payload=com.google.android.gms.nearby.connection.Payload@f984b93)
07-12 19:24:27.134  9685  9685 D NearbyFragment: Endpoint{id=a6Kd, name=Shark 1S [34d8]} has finished downloading 20200312_151044!001.mp4
07-12 19:24:27.135  9685  9685 V NearbyFragment: nextTransfer with selected algorithm: best_or_local
07-12 19:24:27.139  9685  9685 V FileManager: External storage is readable
07-12 19:24:27.140  9685  9685 V FileManager: Created new directory: /storage/emulated/0/Movies/segment-sum/20200312_151044
07-12 19:24:27.141  9685  9685 D NearbyFragment: Summarising 20200312_151044!003.mp4
07-12 19:24:27.141  9685  9685 V VideoManager: Retrieving video from /storage/emulated/0/Movies/segment/20200312_151044/20200312_151044!003.mp4
07-12 19:24:27.152  9685  9685 V VideoManager: videoFromCursor
07-12 19:24:27.155  9685  9685 V ProcessingVideosEventHandler: onAdd
07-12 19:24:27.156  9685  9685 V RawFootageEventHandler: onRemove
07-12 19:24:27.176  9685 10499 V SummariserIntentService: onHandleIntent
07-12 19:24:27.177  9685 10499 D SummariserIntentService: Video{id='1938', data='/storage/emulated/0/Movies/segment/20200312_151044/20200312_151044!003.mp4', name='20200312_151044!003.mp4', size=12683996, visible=true, mimeType='video/mp4'}
07-12 19:24:27.177  9685 10499 D SummariserIntentService: /storage/emulated/0/Movies/segment-sum/20200312_151044/20200312_151044!003.mp4
07-12 19:24:27.179  9685 10499 I FfmpegTools: Running ffmpeg with:
07-12 19:24:27.179  9685 10499 I FfmpegTools:   -y -i /storage/emulated/0/Movies/segment/20200312_151044/20200312_151044!003.mp4 -vf freezedetect=n=-45.000000dB:d=1.000000,metadata=mode=print:file=/storage/emulated/0/Movies/raw/20200312_151044!003.txt -f null -
07-12 19:24:27.191  9685  9685 V NearbyFragment: Transfer to Endpoint{id=a6Kd, name=Shark 1S [34d8]} complete
07-12 19:24:27.312  9685  9999 W mobile-ffmpeg: [graph 0 input from stream 0:0 @ 0xa5627dc0] sws_param option is deprecated and ignored
07-12 19:24:30.283  9685  9685 D NearbyFragment: onPayloadReceived(endpointId=a6Kd, payload=com.google.android.gms.nearby.connection.Payload@c720def)
07-12 19:24:30.284  9685  9685 D NearbyFragment: 20200312_151044!001.mp4 from Endpoint{id=a6Kd, name=Shark 1S [34d8]} contained no activity
07-12 19:24:30.284  9685  9685 V NearbyFragment: Received a segment of 20200312_151044
07-12 19:24:30.284  9685  9685 I NearbyFragment: Transfer queue is empty
07-12 19:24:30.341  9685  9685 V NearbyFragment: Transfer to Endpoint{id=a6Kd, name=Shark 1S [34d8]} complete
07-12 19:24:31.793  9685  9685 V NearbyFragment: Transfer to Endpoint{id=lSdw, name=Galaxy S8 [2802]} complete
07-12 19:24:32.291  9685  9685 D NearbyFragment: onPayloadReceived(endpointId=lSdw, payload=com.google.android.gms.nearby.connection.Payload@2a8f0fc)
07-12 19:24:32.291  9685  9685 D NearbyFragment: Endpoint{id=lSdw, name=Galaxy S8 [2802]} has finished downloading 20200312_151044!002.mp4
07-12 19:24:32.292  9685  9685 I NearbyFragment: Transfer queue is empty
07-12 19:24:32.335  9685  9685 V NearbyFragment: Transfer to Endpoint{id=lSdw, name=Galaxy S8 [2802]} complete
07-12 19:24:33.074  9685 10499 W Summariser: No activity detected
07-12 19:24:33.075  9685 10499 V FfmpegTools: Retrieving duration of /storage/emulated/0/Movies/segment/20200312_151044/20200312_151044!003.mp4
07-12 19:24:33.136  9685 10499 W Summariser: Summarisation completed
07-12 19:24:33.136  9685 10499 W Summariser:   filename: 20200312_151044!003.mp4
07-12 19:24:33.136  9685 10499 W Summariser:   active sections: 0
07-12 19:24:33.136  9685 10499 W Summariser:   time: 05.897s
07-12 19:24:33.136  9685 10499 W Summariser:   original duration: 12.03
07-12 19:24:33.136  9685 10499 W Summariser:   summarised duration: -1.00
07-12 19:24:33.136  9685 10499 W Summariser:   noise tolerance: 45.00
07-12 19:24:33.136  9685 10499 W Summariser:   quality: 23
07-12 19:24:33.136  9685 10499 W Summariser:   speed: medium
07-12 19:24:33.136  9685 10499 W Summariser:   freeze duration: 1.00
07-12 19:24:33.136  9685 10499 V NearbyFragment: Received a segment of 20200312_151044
07-12 19:24:33.137  9685 10499 V ProcessingVideosEventHandler: onRemove
07-12 19:24:33.174  9685  9728 D SummariserIntentService: Scanned /storage/emulated/0/Movies/summarised
07-12 19:24:33.174  9685  9728 D SummariserIntentService:   -> uri=content://media/external/file/1858
07-12 19:24:34.633  9685  9685 D NearbyFragment: onPayloadReceived(endpointId=lSdw, payload=com.google.android.gms.nearby.connection.Payload@11220e8)
07-12 19:24:34.633  9685  9685 D NearbyFragment: 20200312_151044!002.mp4 from Endpoint{id=lSdw, name=Galaxy S8 [2802]} contained no activity
07-12 19:24:34.634  9685  9685 D NearbyFragment: Received all summarised video segments of 20200312_151044
07-12 19:24:34.640  9685  9685 V FileManager: External storage is readable
07-12 19:24:34.641  9685  9685 V FileManager: Directory already exists: /storage/emulated/0/Movies/segment-sum/20200312_151044
07-12 19:24:34.642  9685  9685 D FfmpegTools: Merging /storage/emulated/0/Movies/summarised/20200312_151044.mp4
07-12 19:24:34.643  9685  9685 D FfmpegTools: No split videos to merge
07-12 19:24:34.643  9685  9685 V RawFootageEventHandler: removeByName
07-12 19:24:34.645  9685  9685 V ProcessingVideosEventHandler: removeByName
07-12 19:24:34.647  9685  9685 V NearbyFragment: Removing video segment map for 20200312_151044
07-12 19:24:34.648  9685  9685 I NearbyFragment: Transfer queue is empty
07-12 19:24:34.677  9685  9685 V NearbyFragment: Transfer to Endpoint{id=lSdw, name=Galaxy S8 [2802]} complete
07-12 19:24:44.363  9685  9975 V VideoManager: Retrieving video from /storage/emulated/0/Movies/raw/20200312_193528.mp4
07-12 19:24:44.374  9685  9975 D VideoManager: videoCursor is null
07-12 19:24:44.402  9685  9975 V VideoManager: videoFromCursor
07-12 19:24:44.405  9685  9975 W DashDownloadManager: Successfully downloaded 20200312_193528.mp4 in 28.133s
07-12 19:24:44.405  9685  9975 V DownloadTestVideosTask: Entering callback for download completion of 20200312_193528.mp4
07-12 19:24:44.406  9685  9975 V RawFootageEventHandler: onAdd
07-12 19:24:44.408  9685  9975 V FfmpegTools: Retrieving duration of /storage/emulated/0/Movies/raw/20200312_193528.mp4
07-12 19:24:44.426  9685  9999 W mobile-ffmpeg: [mov,mp4,m4a,3gp,3g2,mj2 @ 0x8f3d8200] Found duplicated MOOV Atom. Skipped it
07-12 19:24:44.504  9685  9975 V FileManager: External storage is readable
07-12 19:24:44.505  9685  9975 V FileManager: Created new directory: /storage/emulated/0/Movies/segment/20200312_193528
07-12 19:24:44.505  9685  9975 V FfmpegTools: Splitting /storage/emulated/0/Movies/raw/20200312_193528.mp4 with 16s long segments
07-12 19:24:44.506  9685  9975 I FfmpegTools: Running ffmpeg with:
07-12 19:24:44.506  9685  9975 I FfmpegTools:   -y -i /storage/emulated/0/Movies/raw/20200312_193528.mp4 -map 0 -c copy -f segment -reset_timestamps 1 -segment_time 16 /storage/emulated/0/Movies/segment/20200312_193528/20200312_193528!%03d.mp4
07-12 19:24:44.522  9685  9999 W mobile-ffmpeg: [mov,mp4,m4a,3gp,3g2,mj2 @ 0x8f377800] Found duplicated MOOV Atom. Skipped it
07-12 19:24:46.248  9685  9975 V FileManager: External storage is readable
07-12 19:24:46.249  9685  9975 V FileManager: Directory already exists: /storage/emulated/0/Movies/segment/20200312_193528
07-12 19:24:46.249  9685  9975 V VideoManager: Retrieving videos from /storage/emulated/0/Movies/segment/20200312_193528
07-12 19:24:46.251  9685  9975 V VideoManager: Retrieving video from /storage/emulated/0/Movies/segment/20200312_193528/20200312_193528!000.mp4
07-12 19:24:46.258  9685  9975 V VideoManager: videoFromCursor
07-12 19:24:46.260  9685  9975 V VideoManager: Retrieving video from /storage/emulated/0/Movies/segment/20200312_193528/20200312_193528!001.mp4
07-12 19:24:46.264  9685  9975 V VideoManager: videoFromCursor
07-12 19:24:46.265  9685  9975 V VideoManager: Retrieving video from /storage/emulated/0/Movies/segment/20200312_193528/20200312_193528!002.mp4
07-12 19:24:46.269  9685  9975 V VideoManager: videoFromCursor
07-12 19:24:46.270  9685  9975 V VideoManager: Retrieving video from /storage/emulated/0/Movies/segment/20200312_193528/20200312_193528!003.mp4
07-12 19:24:46.274  9685  9975 V VideoManager: videoFromCursor
07-12 19:24:46.277  9685  9975 V NearbyFragment: nextTransfer with selected algorithm: best_or_local
07-12 19:24:46.279  9685  9975 W NearbyFragment: Sending 20200312_193528!000.mp4 to Galaxy S8 [2802]
07-12 19:24:46.298  9685  9685 V NearbyFragment: Transfer to Endpoint{id=lSdw, name=Galaxy S8 [2802]} complete
07-12 19:24:47.282  9685  9975 V DownloadTestVideosTask: Starting DownloadTestVideosTask
07-12 19:24:47.288  9685  9975 V DashDownloadManager: Started downloading: 20200312_193628.mp4
07-12 19:24:50.152  9685  9685 V NearbyFragment: Transfer to Endpoint{id=lSdw, name=Galaxy S8 [2802]} complete
07-12 19:24:50.477  9685  9685 D NearbyFragment: onPayloadReceived(endpointId=lSdw, payload=com.google.android.gms.nearby.connection.Payload@54ff632)
07-12 19:24:50.478  9685  9685 D NearbyFragment: Endpoint{id=lSdw, name=Galaxy S8 [2802]} has finished downloading 20200312_193528!000.mp4
07-12 19:24:50.479  9685  9685 V NearbyFragment: nextTransfer with selected algorithm: best_or_local
07-12 19:24:50.481  9685  9685 W NearbyFragment: Sending 20200312_193528!001.mp4 to Shark 1S [34d8]
07-12 19:24:50.496  9685  9685 V NearbyFragment: Transfer to Endpoint{id=a6Kd, name=Shark 1S [34d8]} complete
07-12 19:24:50.528  9685  9685 V NearbyFragment: Transfer to Endpoint{id=lSdw, name=Galaxy S8 [2802]} complete
07-12 19:24:52.847  9685  9685 D NearbyFragment: onPayloadReceived(endpointId=lSdw, payload=com.google.android.gms.nearby.connection.Payload@7c3f139)
07-12 19:24:52.847  9685  9685 D NearbyFragment: 20200312_193528!000.mp4 from Endpoint{id=lSdw, name=Galaxy S8 [2802]} contained no activity
07-12 19:24:52.847  9685  9685 V NearbyFragment: Received a segment of 20200312_193528
07-12 19:24:52.848  9685  9685 V NearbyFragment: nextTransfer with selected algorithm: best_or_local
07-12 19:24:52.849  9685  9685 W NearbyFragment: Sending 20200312_193528!002.mp4 to Galaxy S8 [2802]
07-12 19:24:52.859  9685  9685 V NearbyFragment: Transfer to Endpoint{id=lSdw, name=Galaxy S8 [2802]} complete
07-12 19:24:52.862  9685  9685 V NearbyFragment: Transfer to Endpoint{id=lSdw, name=Galaxy S8 [2802]} complete
07-12 19:24:57.695  9685  9685 V NearbyFragment: Transfer to Endpoint{id=a6Kd, name=Shark 1S [34d8]} complete
07-12 19:24:57.819  9685  9685 D NearbyFragment: onPayloadReceived(endpointId=a6Kd, payload=com.google.android.gms.nearby.connection.Payload@288912c)
07-12 19:24:57.820  9685  9685 D NearbyFragment: Endpoint{id=a6Kd, name=Shark 1S [34d8]} has finished downloading 20200312_193528!001.mp4
07-12 19:24:57.820  9685  9685 V NearbyFragment: nextTransfer with selected algorithm: best_or_local
07-12 19:24:57.825  9685  9685 V FileManager: External storage is readable
07-12 19:24:57.826  9685  9685 V FileManager: Created new directory: /storage/emulated/0/Movies/segment-sum/20200312_193528
07-12 19:24:57.826  9685  9685 D NearbyFragment: Summarising 20200312_193528!003.mp4
07-12 19:24:57.826  9685  9685 V VideoManager: Retrieving video from /storage/emulated/0/Movies/segment/20200312_193528/20200312_193528!003.mp4
07-12 19:24:57.833  9685  9685 V VideoManager: videoFromCursor
07-12 19:24:57.835  9685  9685 V ProcessingVideosEventHandler: onAdd
07-12 19:24:57.836  9685  9685 V RawFootageEventHandler: onRemove
07-12 19:24:57.849  9685 10584 V SummariserIntentService: onHandleIntent
07-12 19:24:57.850  9685 10584 D SummariserIntentService: Video{id='1944', data='/storage/emulated/0/Movies/segment/20200312_193528/20200312_193528!003.mp4', name='20200312_193528!003.mp4', size=12631917, visible=true, mimeType='video/mp4'}
07-12 19:24:57.850  9685 10584 D SummariserIntentService: /storage/emulated/0/Movies/segment-sum/20200312_193528/20200312_193528!003.mp4
07-12 19:24:57.852  9685 10584 I FfmpegTools: Running ffmpeg with:
07-12 19:24:57.852  9685 10584 I FfmpegTools:   -y -i /storage/emulated/0/Movies/segment/20200312_193528/20200312_193528!003.mp4 -vf freezedetect=n=-45.000000dB:d=1.000000,metadata=mode=print:file=/storage/emulated/0/Movies/raw/20200312_193528!003.txt -f null -
07-12 19:24:57.893  9685  9685 V NearbyFragment: Transfer to Endpoint{id=a6Kd, name=Shark 1S [34d8]} complete
07-12 19:24:58.064  9685  9999 W mobile-ffmpeg: [graph 0 input from stream 0:0 @ 0x942d30a0] sws_param option is deprecated and ignored
07-12 19:25:00.946  9685  9685 D NearbyFragment: onPayloadReceived(endpointId=a6Kd, payload=com.google.android.gms.nearby.connection.Payload@839418)
07-12 19:25:00.947  9685  9685 D NearbyFragment: 20200312_193528!001.mp4 from Endpoint{id=a6Kd, name=Shark 1S [34d8]} contained no activity
07-12 19:25:00.947  9685  9685 V NearbyFragment: Received a segment of 20200312_193528
07-12 19:25:00.947  9685  9685 I NearbyFragment: Transfer queue is empty
07-12 19:25:00.985  9685  9685 V NearbyFragment: Transfer to Endpoint{id=a6Kd, name=Shark 1S [34d8]} complete
07-12 19:25:02.780  9685  9685 V NearbyFragment: Transfer to Endpoint{id=lSdw, name=Galaxy S8 [2802]} complete
07-12 19:25:02.826  9685  9685 D NearbyFragment: onPayloadReceived(endpointId=lSdw, payload=com.google.android.gms.nearby.connection.Payload@1b58e71)
07-12 19:25:02.827  9685  9685 D NearbyFragment: Endpoint{id=lSdw, name=Galaxy S8 [2802]} has finished downloading 20200312_193528!002.mp4
07-12 19:25:02.827  9685  9685 I NearbyFragment: Transfer queue is empty
07-12 19:25:02.871  9685  9685 V NearbyFragment: Transfer to Endpoint{id=lSdw, name=Galaxy S8 [2802]} complete
07-12 19:25:03.322  9685 10584 W Summariser: No activity detected
07-12 19:25:03.324  9685 10584 V FfmpegTools: Retrieving duration of /storage/emulated/0/Movies/segment/20200312_193528/20200312_193528!003.mp4
07-12 19:25:03.406  9685 10584 W Summariser: Summarisation completed
07-12 19:25:03.406  9685 10584 W Summariser:   filename: 20200312_193528!003.mp4
07-12 19:25:03.406  9685 10584 W Summariser:   active sections: 0
07-12 19:25:03.406  9685 10584 W Summariser:   time: 05.473s
07-12 19:25:03.406  9685 10584 W Summariser:   original duration: 12.01
07-12 19:25:03.406  9685 10584 W Summariser:   summarised duration: -1.00
07-12 19:25:03.406  9685 10584 W Summariser:   noise tolerance: 45.00
07-12 19:25:03.406  9685 10584 W Summariser:   quality: 23
07-12 19:25:03.406  9685 10584 W Summariser:   speed: medium
07-12 19:25:03.406  9685 10584 W Summariser:   freeze duration: 1.00
07-12 19:25:03.406  9685 10584 V NearbyFragment: Received a segment of 20200312_193528
07-12 19:25:03.407  9685 10584 V ProcessingVideosEventHandler: onRemove
07-12 19:25:03.442  9685  9728 D SummariserIntentService: Scanned /storage/emulated/0/Movies/summarised
07-12 19:25:03.442  9685  9728 D SummariserIntentService:   -> uri=content://media/external/file/1858
07-12 19:25:05.215  9685  9685 D NearbyFragment: onPayloadReceived(endpointId=lSdw, payload=com.google.android.gms.nearby.connection.Payload@9c3a0ad)
07-12 19:25:05.216  9685  9685 D NearbyFragment: 20200312_193528!002.mp4 from Endpoint{id=lSdw, name=Galaxy S8 [2802]} contained no activity
07-12 19:25:05.216  9685  9685 D NearbyFragment: Received all summarised video segments of 20200312_193528
07-12 19:25:05.221  9685  9685 V FileManager: External storage is readable
07-12 19:25:05.221  9685  9685 V FileManager: Directory already exists: /storage/emulated/0/Movies/segment-sum/20200312_193528
07-12 19:25:05.222  9685  9685 D FfmpegTools: Merging /storage/emulated/0/Movies/summarised/20200312_193528.mp4
07-12 19:25:05.222  9685  9685 D FfmpegTools: No split videos to merge
07-12 19:25:05.222  9685  9685 V RawFootageEventHandler: removeByName
07-12 19:25:05.223  9685  9685 V ProcessingVideosEventHandler: removeByName
07-12 19:25:05.223  9685  9685 V NearbyFragment: Removing video segment map for 20200312_193528
07-12 19:25:05.224  9685  9685 I NearbyFragment: Transfer queue is empty
07-12 19:25:05.269  9685  9685 V NearbyFragment: Transfer to Endpoint{id=lSdw, name=Galaxy S8 [2802]} complete
07-12 19:25:14.573  9685  9975 V VideoManager: Retrieving video from /storage/emulated/0/Movies/raw/20200312_193628.mp4
07-12 19:25:14.579  9685  9975 D VideoManager: videoCursor is null
07-12 19:25:14.607  9685  9975 V VideoManager: videoFromCursor
07-12 19:25:14.610  9685  9975 W DashDownloadManager: Successfully downloaded 20200312_193628.mp4 in 27.284s
07-12 19:25:14.610  9685  9975 V DownloadTestVideosTask: Entering callback for download completion of 20200312_193628.mp4
07-12 19:25:14.610  9685  9975 V RawFootageEventHandler: onAdd
07-12 19:25:14.617  9685  9975 V FfmpegTools: Retrieving duration of /storage/emulated/0/Movies/raw/20200312_193628.mp4
07-12 19:25:14.625  9685  9999 W mobile-ffmpeg: [mov,mp4,m4a,3gp,3g2,mj2 @ 0x8f571000] Found duplicated MOOV Atom. Skipped it
07-12 19:25:14.742  9685  9975 V FileManager: External storage is readable
07-12 19:25:14.743  9685  9975 V FileManager: Created new directory: /storage/emulated/0/Movies/segment/20200312_193628
07-12 19:25:14.743  9685  9975 V FfmpegTools: Splitting /storage/emulated/0/Movies/raw/20200312_193628.mp4 with 16s long segments
07-12 19:25:14.744  9685  9975 I FfmpegTools: Running ffmpeg with:
07-12 19:25:14.744  9685  9975 I FfmpegTools:   -y -i /storage/emulated/0/Movies/raw/20200312_193628.mp4 -map 0 -c copy -f segment -reset_timestamps 1 -segment_time 16 /storage/emulated/0/Movies/segment/20200312_193628/20200312_193628!%03d.mp4
07-12 19:25:14.763  9685  9999 W mobile-ffmpeg: [mov,mp4,m4a,3gp,3g2,mj2 @ 0x8f3f1000] Found duplicated MOOV Atom. Skipped it
07-12 19:25:16.037  9685  9975 V FileManager: External storage is readable
07-12 19:25:16.037  9685  9975 V FileManager: Directory already exists: /storage/emulated/0/Movies/segment/20200312_193628
07-12 19:25:16.037  9685  9975 V VideoManager: Retrieving videos from /storage/emulated/0/Movies/segment/20200312_193628
07-12 19:25:16.038  9685  9975 V VideoManager: Retrieving video from /storage/emulated/0/Movies/segment/20200312_193628/20200312_193628!000.mp4
07-12 19:25:16.050  9685  9975 V VideoManager: videoFromCursor
07-12 19:25:16.052  9685  9975 V VideoManager: Retrieving video from /storage/emulated/0/Movies/segment/20200312_193628/20200312_193628!001.mp4
07-12 19:25:16.057  9685  9975 V VideoManager: videoFromCursor
07-12 19:25:16.059  9685  9975 V VideoManager: Retrieving video from /storage/emulated/0/Movies/segment/20200312_193628/20200312_193628!002.mp4
07-12 19:25:16.064  9685  9975 V VideoManager: videoFromCursor
07-12 19:25:16.074  9685  9975 V VideoManager: Retrieving video from /storage/emulated/0/Movies/segment/20200312_193628/20200312_193628!003.mp4
07-12 19:25:16.086  9685  9975 V VideoManager: videoFromCursor
07-12 19:25:16.089  9685  9975 V NearbyFragment: nextTransfer with selected algorithm: best_or_local
07-12 19:25:16.090  9685  9975 W NearbyFragment: Sending 20200312_193628!000.mp4 to Galaxy S8 [2802]
07-12 19:25:16.113  9685  9685 V NearbyFragment: Transfer to Endpoint{id=lSdw, name=Galaxy S8 [2802]} complete
07-12 19:25:17.095  9685  9975 V DownloadTestVideosTask: Starting DownloadTestVideosTask
07-12 19:25:17.102  9685  9975 V DashDownloadManager: Started downloading: 20200312_193728.mp4
07-12 19:25:20.390  9685  9685 V NearbyFragment: Transfer to Endpoint{id=lSdw, name=Galaxy S8 [2802]} complete
07-12 19:25:20.491  9685  9685 D NearbyFragment: onPayloadReceived(endpointId=lSdw, payload=com.google.android.gms.nearby.connection.Payload@8ad2fcf)
07-12 19:25:20.491  9685  9685 D NearbyFragment: Endpoint{id=lSdw, name=Galaxy S8 [2802]} has finished downloading 20200312_193628!000.mp4
07-12 19:25:20.492  9685  9685 V NearbyFragment: nextTransfer with selected algorithm: best_or_local
07-12 19:25:20.494  9685  9685 W NearbyFragment: Sending 20200312_193628!001.mp4 to Shark 1S [34d8]
07-12 19:25:20.506  9685  9685 V NearbyFragment: Transfer to Endpoint{id=a6Kd, name=Shark 1S [34d8]} complete
07-12 19:25:20.535  9685  9685 V NearbyFragment: Transfer to Endpoint{id=lSdw, name=Galaxy S8 [2802]} complete
07-12 19:25:23.006  9685  9685 D NearbyFragment: onPayloadReceived(endpointId=lSdw, payload=com.google.android.gms.nearby.connection.Payload@a5f93a)
07-12 19:25:23.006  9685  9685 D NearbyFragment: 20200312_193628!000.mp4 from Endpoint{id=lSdw, name=Galaxy S8 [2802]} contained no activity
07-12 19:25:23.007  9685  9685 V NearbyFragment: Received a segment of 20200312_193628
07-12 19:25:23.007  9685  9685 V NearbyFragment: nextTransfer with selected algorithm: best_or_local
07-12 19:25:23.008  9685  9685 W NearbyFragment: Sending 20200312_193628!002.mp4 to Galaxy S8 [2802]
07-12 19:25:23.011  9685  9685 V NearbyFragment: Transfer to Endpoint{id=lSdw, name=Galaxy S8 [2802]} complete
07-12 19:25:23.052  9685  9685 V NearbyFragment: Transfer to Endpoint{id=lSdw, name=Galaxy S8 [2802]} complete
07-12 19:25:26.848  9685  9685 V NearbyFragment: Transfer to Endpoint{id=a6Kd, name=Shark 1S [34d8]} complete
07-12 19:25:26.892  9685  9685 D NearbyFragment: onPayloadReceived(endpointId=a6Kd, payload=com.google.android.gms.nearby.connection.Payload@b5f5e1)
07-12 19:25:26.892  9685  9685 D NearbyFragment: Endpoint{id=a6Kd, name=Shark 1S [34d8]} has finished downloading 20200312_193628!001.mp4
07-12 19:25:26.893  9685  9685 V NearbyFragment: nextTransfer with selected algorithm: best_or_local
07-12 19:25:26.898  9685  9685 V FileManager: External storage is readable
07-12 19:25:26.899  9685  9685 V FileManager: Created new directory: /storage/emulated/0/Movies/segment-sum/20200312_193628
07-12 19:25:26.899  9685  9685 D NearbyFragment: Summarising 20200312_193628!003.mp4
07-12 19:25:26.900  9685  9685 V VideoManager: Retrieving video from /storage/emulated/0/Movies/segment/20200312_193628/20200312_193628!003.mp4
07-12 19:25:26.910  9685  9685 V VideoManager: videoFromCursor
07-12 19:25:26.912  9685  9685 V ProcessingVideosEventHandler: onAdd
07-12 19:25:26.912  9685  9685 V RawFootageEventHandler: onRemove
07-12 19:25:26.925  9685 10737 V SummariserIntentService: onHandleIntent
07-12 19:25:26.927  9685 10737 D SummariserIntentService: Video{id='1950', data='/storage/emulated/0/Movies/segment/20200312_193628/20200312_193628!003.mp4', name='20200312_193628!003.mp4', size=12749496, visible=true, mimeType='video/mp4'}
07-12 19:25:26.927  9685 10737 D SummariserIntentService: /storage/emulated/0/Movies/segment-sum/20200312_193628/20200312_193628!003.mp4
07-12 19:25:26.929  9685 10737 I FfmpegTools: Running ffmpeg with:
07-12 19:25:26.929  9685 10737 I FfmpegTools:   -y -i /storage/emulated/0/Movies/segment/20200312_193628/20200312_193628!003.mp4 -vf freezedetect=n=-45.000000dB:d=1.000000,metadata=mode=print:file=/storage/emulated/0/Movies/raw/20200312_193628!003.txt -f null -
07-12 19:25:26.957  9685  9685 V NearbyFragment: Transfer to Endpoint{id=a6Kd, name=Shark 1S [34d8]} complete
07-12 19:25:27.105  9685  9999 W mobile-ffmpeg: [graph 0 input from stream 0:0 @ 0x946054c0] sws_param option is deprecated and ignored
07-12 19:25:30.047  9685  9685 D NearbyFragment: onPayloadReceived(endpointId=a6Kd, payload=com.google.android.gms.nearby.connection.Payload@8bb0f1d)
07-12 19:25:30.047  9685  9685 D NearbyFragment: 20200312_193628!001.mp4 from Endpoint{id=a6Kd, name=Shark 1S [34d8]} contained no activity
07-12 19:25:30.047  9685  9685 V NearbyFragment: Received a segment of 20200312_193628
07-12 19:25:30.048  9685  9685 I NearbyFragment: Transfer queue is empty
07-12 19:25:30.313  9685  9685 V NearbyFragment: Transfer to Endpoint{id=a6Kd, name=Shark 1S [34d8]} complete
07-12 19:25:32.850  9685  9685 V NearbyFragment: Transfer to Endpoint{id=lSdw, name=Galaxy S8 [2802]} complete
07-12 19:25:33.000  9685  9685 D NearbyFragment: onPayloadReceived(endpointId=lSdw, payload=com.google.android.gms.nearby.connection.Payload@3ae7592)
07-12 19:25:33.001  9685  9685 D NearbyFragment: Endpoint{id=lSdw, name=Galaxy S8 [2802]} has finished downloading 20200312_193628!002.mp4
07-12 19:25:33.001  9685  9685 I NearbyFragment: Transfer queue is empty
07-12 19:25:33.012  9685  9685 V NearbyFragment: Transfer to Endpoint{id=lSdw, name=Galaxy S8 [2802]} complete
07-12 19:25:33.896  9685 10737 V FfmpegTools: Retrieving duration of /storage/emulated/0/Movies/segment/20200312_193628/20200312_193628!003.mp4
07-12 19:25:33.975  9685 10737 W Summariser: 1 active sections found
07-12 19:25:33.975  9685 10737 I FfmpegTools: Running ffmpeg with:
07-12 19:25:33.975  9685 10737 I FfmpegTools:   -y -i /storage/emulated/0/Movies/segment/20200312_193628/20200312_193628!003.mp4 -filter_complex [0:v]trim=5.938000:12.030000,setpts=PTS-STARTPTS[v0];[0:a]atrim=5.938000:12.030000,asetpts=PTS-STARTPTS[a0];[v0][a0]concat=n=1:v=1:a=1[outv][outa] -map [outv] -map [outa] -crf 23 -preset medium /storage/emulated/0/Movies/segment-sum/20200312_193628/20200312_193628!003.mp4
07-12 19:25:34.118  9685  9999 W mobile-ffmpeg: [graph 0 input from stream 0:0 @ 0x94a89b80] sws_param option is deprecated and ignored
07-12 19:25:35.467  9685  9685 D NearbyFragment: onPayloadReceived(endpointId=lSdw, payload=com.google.android.gms.nearby.connection.Payload@a06bb63)
07-12 19:25:35.468  9685  9685 D NearbyFragment: 20200312_193628!002.mp4 from Endpoint{id=lSdw, name=Galaxy S8 [2802]} contained no activity
07-12 19:25:35.468  9685  9685 V NearbyFragment: Received a segment of 20200312_193628
07-12 19:25:35.468  9685  9685 I NearbyFragment: Transfer queue is empty
07-12 19:25:35.483  9685  9685 V NearbyFragment: Transfer to Endpoint{id=lSdw, name=Galaxy S8 [2802]} complete
07-12 19:25:56.343  9685  9975 V VideoManager: Retrieving video from /storage/emulated/0/Movies/raw/20200312_193728.mp4
07-12 19:25:56.351  9685  9975 D VideoManager: videoCursor is null
07-12 19:25:56.390  9685  9975 V VideoManager: videoFromCursor
07-12 19:25:56.392  9685  9975 W DashDownloadManager: Successfully downloaded 20200312_193728.mp4 in 39.240s
07-12 19:25:56.392  9685  9975 V DownloadTestVideosTask: Entering callback for download completion of 20200312_193728.mp4
07-12 19:25:56.394  9685  9975 V RawFootageEventHandler: onAdd
07-12 19:25:56.400  9685  9975 V FfmpegTools: Retrieving duration of /storage/emulated/0/Movies/raw/20200312_193728.mp4
07-12 19:25:56.409  9685  9999 W mobile-ffmpeg: [mov,mp4,m4a,3gp,3g2,mj2 @ 0x8f5f6c00] Found duplicated MOOV Atom. Skipped it
07-12 19:25:56.529  9685  9975 V FileManager: External storage is readable
07-12 19:25:56.530  9685  9975 V FileManager: Created new directory: /storage/emulated/0/Movies/segment/20200312_193728
07-12 19:25:56.530  9685  9975 V FfmpegTools: Splitting /storage/emulated/0/Movies/raw/20200312_193728.mp4 with 16s long segments
07-12 19:25:56.531  9685  9975 I FfmpegTools: Running ffmpeg with:
07-12 19:25:56.531  9685  9975 I FfmpegTools:   -y -i /storage/emulated/0/Movies/raw/20200312_193728.mp4 -map 0 -c copy -f segment -reset_timestamps 1 -segment_time 16 /storage/emulated/0/Movies/segment/20200312_193728/20200312_193728!%03d.mp4
07-12 19:25:56.550  9685  9999 W mobile-ffmpeg: [mov,mp4,m4a,3gp,3g2,mj2 @ 0x8e26e400] Found duplicated MOOV Atom. Skipped it
07-12 19:25:58.140  9685  9975 V FileManager: External storage is readable
07-12 19:25:58.140  9685  9975 V FileManager: Directory already exists: /storage/emulated/0/Movies/segment/20200312_193728
07-12 19:25:58.141  9685  9975 V VideoManager: Retrieving videos from /storage/emulated/0/Movies/segment/20200312_193728
07-12 19:25:58.142  9685  9975 V VideoManager: Retrieving video from /storage/emulated/0/Movies/segment/20200312_193728/20200312_193728!000.mp4
07-12 19:25:58.147  9685  9975 V VideoManager: videoFromCursor
07-12 19:25:58.149  9685  9975 V VideoManager: Retrieving video from /storage/emulated/0/Movies/segment/20200312_193728/20200312_193728!001.mp4
07-12 19:25:58.159  9685  9975 V VideoManager: videoFromCursor
07-12 19:25:58.161  9685  9975 V VideoManager: Retrieving video from /storage/emulated/0/Movies/segment/20200312_193728/20200312_193728!002.mp4
07-12 19:25:58.168  9685  9975 V VideoManager: videoFromCursor
07-12 19:25:58.170  9685  9975 V VideoManager: Retrieving video from /storage/emulated/0/Movies/segment/20200312_193728/20200312_193728!003.mp4
07-12 19:25:58.176  9685  9975 V VideoManager: videoFromCursor
07-12 19:25:58.178  9685  9975 V NearbyFragment: nextTransfer with selected algorithm: best_or_local
07-12 19:25:58.180  9685  9975 W NearbyFragment: Sending 20200312_193728!000.mp4 to Galaxy S8 [2802]
07-12 19:25:58.207  9685  9685 V NearbyFragment: Transfer to Endpoint{id=lSdw, name=Galaxy S8 [2802]} complete
07-12 19:25:59.184  9685  9975 V DownloadTestVideosTask: Starting DownloadTestVideosTask
07-12 19:25:59.188  9685  9975 V DashDownloadManager: Started downloading: 20200312_193828.mp4
07-12 19:25:59.675  9685 10737 V FfmpegTools: Retrieving duration of /storage/emulated/0/Movies/segment/20200312_193628/20200312_193628!003.mp4
07-12 19:25:59.740  9685 10737 V FfmpegTools: Retrieving duration of /storage/emulated/0/Movies/segment-sum/20200312_193628/20200312_193628!003.mp4
07-12 19:25:59.793  9685 10737 W Summariser: Summarisation completed
07-12 19:25:59.793  9685 10737 W Summariser:   filename: 20200312_193628!003.mp4
07-12 19:25:59.793  9685 10737 W Summariser:   active sections: 1
07-12 19:25:59.793  9685 10737 W Summariser:   time: 32.746s
07-12 19:25:59.793  9685 10737 W Summariser:   original duration: 12.03
07-12 19:25:59.793  9685 10737 W Summariser:   summarised duration: 6.16
07-12 19:25:59.793  9685 10737 W Summariser:   noise tolerance: 45.00
07-12 19:25:59.793  9685 10737 W Summariser:   quality: 23
07-12 19:25:59.793  9685 10737 W Summariser:   speed: medium
07-12 19:25:59.793  9685 10737 W Summariser:   freeze duration: 1.00
07-12 19:25:59.793  9685 10737 V VideoManager: Retrieving video from /storage/emulated/0/Movies/segment-sum/20200312_193628/20200312_193628!003.mp4
07-12 19:25:59.798  9685 10737 V VideoManager: videoFromCursor
07-12 19:25:59.800  9685 10737 D NearbyFragment: Received all summarised video segments of 20200312_193628
07-12 19:25:59.803  9685 10737 V FileManager: External storage is readable
07-12 19:25:59.803  9685 10737 V FileManager: Directory already exists: /storage/emulated/0/Movies/segment-sum/20200312_193628
07-12 19:25:59.804  9685 10737 D FfmpegTools: Merging /storage/emulated/0/Movies/summarised/20200312_193628.mp4
07-12 19:25:59.804  9685 10737 V FfmpegTools: Retrieving duration of /storage/emulated/0/Movies/segment-sum/20200312_193628/20200312_193628!003.mp4
07-12 19:25:59.868  9685 10737 W FfmpegTools: Single segment returned, duration of 20200312_193628: 6.16
07-12 19:25:59.997  9685 10737 V VideoManager: Retrieving video from /storage/emulated/0/Movies/summarised/20200312_193628.mp4
07-12 19:26:00.009  9685 10737 V VideoManager: videoFromCursor
07-12 19:26:00.012  9685 10737 V SummarisedVideosEventHandler: onAdd
07-12 19:26:00.012  9685 10737 V RawFootageEventHandler: removeByName
07-12 19:26:00.013  9685 10737 V ProcessingVideosEventHandler: removeByName
07-12 19:26:00.015  9685 10737 V NearbyFragment: Removing video segment map for 20200312_193628
07-12 19:26:00.016  9685 10737 V ProcessingVideosEventHandler: onRemove
07-12 19:26:00.210  9685  9698 D SummariserIntentService: Scanned /storage/emulated/0/Movies/summarised
07-12 19:26:00.210  9685  9698 D SummariserIntentService:   -> uri=content://media/external/file/1858
07-12 19:26:02.862  9685  9685 V NearbyFragment: Transfer to Endpoint{id=lSdw, name=Galaxy S8 [2802]} complete
07-12 19:26:02.953  9685  9685 D NearbyFragment: onPayloadReceived(endpointId=lSdw, payload=com.google.android.gms.nearby.connection.Payload@eb5f9bc)
07-12 19:26:02.953  9685  9685 D NearbyFragment: Endpoint{id=lSdw, name=Galaxy S8 [2802]} has finished downloading 20200312_193728!000.mp4
07-12 19:26:02.955  9685  9685 V NearbyFragment: nextTransfer with selected algorithm: best_or_local
07-12 19:26:02.958  9685  9685 W NearbyFragment: Sending 20200312_193728!001.mp4 to Shark 1S [34d8]
07-12 19:26:02.973  9685  9685 V NearbyFragment: Transfer to Endpoint{id=a6Kd, name=Shark 1S [34d8]} complete
07-12 19:26:03.035  9685  9685 V NearbyFragment: Transfer to Endpoint{id=lSdw, name=Galaxy S8 [2802]} complete
07-12 19:26:05.892  9685  9685 D NearbyFragment: onPayloadReceived(endpointId=lSdw, payload=com.google.android.gms.nearby.connection.Payload@1dfc9cb)
07-12 19:26:05.893  9685  9685 V NearbyFragment: Started downloading 20200312_193728!000.mp4 from Endpoint{id=lSdw, name=Galaxy S8 [2802]}
07-12 19:26:05.894  9685  9685 V NearbyFragment: nextTransfer with selected algorithm: best_or_local
07-12 19:26:05.896  9685  9685 W NearbyFragment: Sending 20200312_193728!002.mp4 to Galaxy S8 [2802]
07-12 19:26:05.901  9685  9685 V NearbyFragment: Transfer to Endpoint{id=lSdw, name=Galaxy S8 [2802]} complete
07-12 19:26:05.920  9685  9685 V NearbyFragment: Transfer to Endpoint{id=lSdw, name=Galaxy S8 [2802]} complete
07-12 19:26:06.033  9685  9685 D NearbyFragment: onPayloadReceived(endpointId=lSdw, payload=com.google.android.gms.nearby.connection.Payload@a8de866)
07-12 19:26:11.847  9685  9685 V NearbyFragment: Transfer to Endpoint{id=lSdw, name=Galaxy S8 [2802]} complete
07-12 19:26:11.848  9685  9685 W NearbyFragment: Completed downloading 20200312_193728!000.mp4 from Endpoint{id=lSdw, name=Galaxy S8 [2802]} in 05.954s
07-12 19:26:11.854  9685  9685 V FileManager: External storage is readable
07-12 19:26:11.855  9685  9685 V FileManager: Created new directory: /storage/emulated/0/Movies/segment-sum/20200312_193728
07-12 19:26:13.875  9685  9685 V NearbyFragment: Received a segment of 20200312_193728
07-12 19:26:13.878  9685  9685 V NearbyFragment: Transfer to Endpoint{id=a6Kd, name=Shark 1S [34d8]} complete
07-12 19:26:13.878  9685  9685 D NearbyFragment: onPayloadReceived(endpointId=a6Kd, payload=com.google.android.gms.nearby.connection.Payload@1f37a7)
07-12 19:26:13.878  9685  9685 D NearbyFragment: Endpoint{id=a6Kd, name=Shark 1S [34d8]} has finished downloading 20200312_193728!001.mp4
07-12 19:26:13.880  9685  9685 V NearbyFragment: nextTransfer with selected algorithm: best_or_local
07-12 19:26:13.890  9685  9685 V FileManager: External storage is readable
07-12 19:26:13.890  9685  9685 V FileManager: Directory already exists: /storage/emulated/0/Movies/segment-sum/20200312_193728
07-12 19:26:13.892  9685  9685 D NearbyFragment: Summarising 20200312_193728!003.mp4
07-12 19:26:13.892  9685  9685 V VideoManager: Retrieving video from /storage/emulated/0/Movies/segment/20200312_193728/20200312_193728!003.mp4
07-12 19:26:13.908  9685  9685 V VideoManager: videoFromCursor
07-12 19:26:13.914  9685  9685 V ProcessingVideosEventHandler: onAdd
07-12 19:26:13.915  9685  9685 V RawFootageEventHandler: onRemove
07-12 19:26:13.920  9685  9685 V NearbyFragment: Transfer to Endpoint{id=a6Kd, name=Shark 1S [34d8]} complete
07-12 19:26:13.932  9685 10915 V SummariserIntentService: onHandleIntent
07-12 19:26:13.939  9685 10915 D SummariserIntentService: Video{id='1956', data='/storage/emulated/0/Movies/segment/20200312_193728/20200312_193728!003.mp4', name='20200312_193728!003.mp4', size=12650611, visible=true, mimeType='video/mp4'}
07-12 19:26:13.943  9685 10915 D SummariserIntentService: /storage/emulated/0/Movies/segment-sum/20200312_193728/20200312_193728!003.mp4
07-12 19:26:13.953  9685 10915 I FfmpegTools: Running ffmpeg with:
07-12 19:26:13.953  9685 10915 I FfmpegTools:   -y -i /storage/emulated/0/Movies/segment/20200312_193728/20200312_193728!003.mp4 -vf freezedetect=n=-45.000000dB:d=1.000000,metadata=mode=print:file=/storage/emulated/0/Movies/raw/20200312_193728!003.txt -f null -
07-12 19:26:14.230  9685  9999 W mobile-ffmpeg: [graph 0 input from stream 0:0 @ 0x8f266660] sws_param option is deprecated and ignored
07-12 19:26:16.728  9685  9685 D NearbyFragment: onPayloadReceived(endpointId=a6Kd, payload=com.google.android.gms.nearby.connection.Payload@4fda743)
07-12 19:26:16.728  9685  9685 V NearbyFragment: Started downloading 20200312_193728!001.mp4 from Endpoint{id=a6Kd, name=Shark 1S [34d8]}
07-12 19:26:16.729  9685  9685 I NearbyFragment: Transfer queue is empty
07-12 19:26:16.743  9685  9685 V NearbyFragment: Transfer to Endpoint{id=a6Kd, name=Shark 1S [34d8]} complete
07-12 19:26:16.805  9685  9685 D NearbyFragment: onPayloadReceived(endpointId=a6Kd, payload=com.google.android.gms.nearby.connection.Payload@9c8d1c0)
07-12 19:26:21.932  9685  9685 V NearbyFragment: Transfer to Endpoint{id=lSdw, name=Galaxy S8 [2802]} complete
07-12 19:26:22.093  9685  9685 D NearbyFragment: onPayloadReceived(endpointId=lSdw, payload=com.google.android.gms.nearby.connection.Payload@4e9fef9)
07-12 19:26:22.094  9685  9685 D NearbyFragment: Endpoint{id=lSdw, name=Galaxy S8 [2802]} has finished downloading 20200312_193728!002.mp4
07-12 19:26:22.094  9685  9685 I NearbyFragment: Transfer queue is empty
07-12 19:26:22.156  9685  9685 V NearbyFragment: Transfer to Endpoint{id=lSdw, name=Galaxy S8 [2802]} complete
07-12 19:26:23.169  9685 10915 D Summariser: No freeze file
07-12 19:26:23.169  9685 10915 W Summariser: Whole video is active
07-12 19:26:23.906  9685  9685 V NearbyFragment: Transfer to Endpoint{id=a6Kd, name=Shark 1S [34d8]} complete
07-12 19:26:23.907  9685  9685 W NearbyFragment: Completed downloading 20200312_193728!001.mp4 from Endpoint{id=a6Kd, name=Shark 1S [34d8]} in 07.179s
07-12 19:26:23.913  9685  9685 V FileManager: External storage is readable
07-12 19:26:23.913  9685  9685 V FileManager: Directory already exists: /storage/emulated/0/Movies/segment-sum/20200312_193728
07-12 19:26:24.762  9685 10915 V FfmpegTools: Retrieving duration of /storage/emulated/0/Movies/segment/20200312_193728/20200312_193728!003.mp4
07-12 19:26:25.024  9685 10915 V FfmpegTools: Retrieving duration of /storage/emulated/0/Movies/segment-sum/20200312_193728/20200312_193728!003.mp4
07-12 19:26:25.114  9685 10915 W Summariser: Summarisation completed
07-12 19:26:25.114  9685 10915 W Summariser:   filename: 20200312_193728!003.mp4
07-12 19:26:25.114  9685 10915 W Summariser:   active sections: -1
07-12 19:26:25.114  9685 10915 W Summariser:   time: 10.814s
07-12 19:26:25.114  9685 10915 W Summariser:   original duration: 11.98
07-12 19:26:25.114  9685 10915 W Summariser:   summarised duration: 11.98
07-12 19:26:25.114  9685 10915 W Summariser:   noise tolerance: 45.00
07-12 19:26:25.114  9685 10915 W Summariser:   quality: 23
07-12 19:26:25.114  9685 10915 W Summariser:   speed: medium
07-12 19:26:25.114  9685 10915 W Summariser:   freeze duration: 1.00
07-12 19:26:25.114  9685 10915 V VideoManager: Retrieving video from /storage/emulated/0/Movies/segment-sum/20200312_193728/20200312_193728!003.mp4
07-12 19:26:25.135  9685 10915 V VideoManager: videoFromCursor
07-12 19:26:25.138  9685 10915 V NearbyFragment: Received a segment of 20200312_193728
07-12 19:26:25.139  9685 10915 V ProcessingVideosEventHandler: onRemove
07-12 19:26:25.916  9685  9685 V NearbyFragment: Received a segment of 20200312_193728
07-12 19:26:25.928  9685  9685 D NearbyFragment: onPayloadReceived(endpointId=lSdw, payload=com.google.android.gms.nearby.connection.Payload@74949ec)
07-12 19:26:25.929  9685  9685 V NearbyFragment: Started downloading 20200312_193728!002.mp4 from Endpoint{id=lSdw, name=Galaxy S8 [2802]}
07-12 19:26:25.931  9685  9685 I NearbyFragment: Transfer queue is empty
07-12 19:26:25.932  9685  9685 V NearbyFragment: Transfer to Endpoint{id=lSdw, name=Galaxy S8 [2802]} complete
07-12 19:26:25.932  9685  9685 D NearbyFragment: onPayloadReceived(endpointId=lSdw, payload=com.google.android.gms.nearby.connection.Payload@74291b5)
07-12 19:26:25.980  9685  9697 D SummariserIntentService: Scanned /storage/emulated/0/Movies/summarised
07-12 19:26:25.980  9685  9697 D SummariserIntentService:   -> uri=content://media/external/file/1858
07-12 19:26:30.639  9685  9685 V NearbyFragment: Transfer to Endpoint{id=lSdw, name=Galaxy S8 [2802]} complete
07-12 19:26:30.640  9685  9685 W NearbyFragment: Completed downloading 20200312_193728!002.mp4 from Endpoint{id=lSdw, name=Galaxy S8 [2802]} in 04.711s
07-12 19:26:30.647  9685  9685 V FileManager: External storage is readable
07-12 19:26:30.648  9685  9685 V FileManager: Directory already exists: /storage/emulated/0/Movies/segment-sum/20200312_193728
07-12 19:26:32.602  9685  9685 D NearbyFragment: Received all summarised video segments of 20200312_193728
07-12 19:26:32.608  9685  9685 V FileManager: External storage is readable
07-12 19:26:32.609  9685  9685 V FileManager: Directory already exists: /storage/emulated/0/Movies/segment-sum/20200312_193728
07-12 19:26:32.611  9685  9685 D FfmpegTools: Merging /storage/emulated/0/Movies/summarised/20200312_193728.mp4
07-12 19:26:32.620  9685  9685 V FileManager: External storage is readable
07-12 19:26:32.620  9685  9685 V FileManager: Directory already exists: /storage/emulated/0/Movies/segment/20200312_193728
07-12 19:26:32.626  9685  9685 I FfmpegTools: Running ffmpeg with:
07-12 19:26:32.626  9685  9685 I FfmpegTools:   -y -f concat -safe 0 -i /storage/emulated/0/Movies/segment/20200312_193728/paths.txt -c copy /storage/emulated/0/Movies/summarised/20200312_193728.mp4
07-12 19:26:32.734  9685  9696 I zygote  : Background concurrent copying GC freed 67240(2MB) AllocSpace objects, 0(0B) LOS objects, 50% free, 2MB/5MB, paused 450us total 130.396ms
07-12 19:26:34.048  9685  9685 V FfmpegTools: Retrieving duration of /storage/emulated/0/Movies/summarised/20200312_193728.mp4
07-12 19:26:34.136  9685  9685 W FfmpegTools: Merged duration of 20200312_193728: 60.07
07-12 19:26:34.216  9685  9685 V VideoManager: Retrieving video from /storage/emulated/0/Movies/summarised/20200312_193728.mp4
07-12 19:26:34.226  9685  9685 V VideoManager: videoFromCursor
07-12 19:26:34.230  9685  9685 V SummarisedVideosEventHandler: onAdd
07-12 19:26:34.231  9685  9685 V RawFootageEventHandler: removeByName
07-12 19:26:34.232  9685  9685 V ProcessingVideosEventHandler: removeByName
07-12 19:26:34.233  9685  9685 V NearbyFragment: Removing video segment map for 20200312_193728
07-12 19:26:41.779  9685  9975 V VideoManager: Retrieving video from /storage/emulated/0/Movies/raw/20200312_193828.mp4
07-12 19:26:41.792  9685  9975 D VideoManager: videoCursor is null
07-12 19:26:41.829  9685  9975 V VideoManager: videoFromCursor
07-12 19:26:41.832  9685  9975 W DashDownloadManager: Successfully downloaded 20200312_193828.mp4 in 42.591s
07-12 19:26:41.832  9685  9975 V DownloadTestVideosTask: Entering callback for download completion of 20200312_193828.mp4
07-12 19:26:41.833  9685  9975 V RawFootageEventHandler: onAdd
07-12 19:26:41.837  9685  9975 V FfmpegTools: Retrieving duration of /storage/emulated/0/Movies/raw/20200312_193828.mp4
07-12 19:26:41.865  9685  9999 W mobile-ffmpeg: [mov,mp4,m4a,3gp,3g2,mj2 @ 0xa700de00] Found duplicated MOOV Atom. Skipped it
07-12 19:26:41.985  9685  9975 V FileManager: External storage is readable
07-12 19:26:41.986  9685  9975 V FileManager: Created new directory: /storage/emulated/0/Movies/segment/20200312_193828
07-12 19:26:41.986  9685  9975 V FfmpegTools: Splitting /storage/emulated/0/Movies/raw/20200312_193828.mp4 with 16s long segments
07-12 19:26:41.987  9685  9975 I FfmpegTools: Running ffmpeg with:
07-12 19:26:41.987  9685  9975 I FfmpegTools:   -y -i /storage/emulated/0/Movies/raw/20200312_193828.mp4 -map 0 -c copy -f segment -reset_timestamps 1 -segment_time 16 /storage/emulated/0/Movies/segment/20200312_193828/20200312_193828!%03d.mp4
07-12 19:26:42.005  9685  9999 W mobile-ffmpeg: [mov,mp4,m4a,3gp,3g2,mj2 @ 0x947cac00] Found duplicated MOOV Atom. Skipped it
07-12 19:26:42.769  9685  9975 V FileManager: External storage is readable
07-12 19:26:42.770  9685  9975 V FileManager: Directory already exists: /storage/emulated/0/Movies/segment/20200312_193828
07-12 19:26:42.770  9685  9975 V VideoManager: Retrieving videos from /storage/emulated/0/Movies/segment/20200312_193828
07-12 19:26:42.771  9685  9975 V VideoManager: Retrieving video from /storage/emulated/0/Movies/segment/20200312_193828/20200312_193828!000.mp4
07-12 19:26:42.776  9685  9975 V VideoManager: videoFromCursor
07-12 19:26:42.778  9685  9975 V VideoManager: Retrieving video from /storage/emulated/0/Movies/segment/20200312_193828/20200312_193828!001.mp4
07-12 19:26:42.787  9685  9975 V VideoManager: videoFromCursor
07-12 19:26:42.790  9685  9975 V VideoManager: Retrieving video from /storage/emulated/0/Movies/segment/20200312_193828/20200312_193828!002.mp4
07-12 19:26:42.796  9685  9975 V VideoManager: videoFromCursor
07-12 19:26:42.798  9685  9975 V VideoManager: Retrieving video from /storage/emulated/0/Movies/segment/20200312_193828/20200312_193828!003.mp4
07-12 19:26:42.803  9685  9975 V VideoManager: videoFromCursor
07-12 19:26:42.806  9685  9975 V NearbyFragment: nextTransfer with selected algorithm: best_or_local
07-12 19:26:42.808  9685  9975 W NearbyFragment: Sending 20200312_193828!000.mp4 to Galaxy S8 [2802]
07-12 19:26:42.821  9685  9685 V NearbyFragment: Transfer to Endpoint{id=lSdw, name=Galaxy S8 [2802]} complete
07-12 19:26:43.811  9685  9975 V DownloadTestVideosTask: Starting DownloadTestVideosTask
07-12 19:26:43.814  9685  9975 V DashDownloadManager: Started downloading: 20200312_193928.mp4
07-12 19:26:47.244  9685  9685 V NearbyFragment: Transfer to Endpoint{id=lSdw, name=Galaxy S8 [2802]} complete
07-12 19:26:47.357  9685  9685 D NearbyFragment: onPayloadReceived(endpointId=lSdw, payload=com.google.android.gms.nearby.connection.Payload@1c4eba1)
07-12 19:26:47.357  9685  9685 D NearbyFragment: Endpoint{id=lSdw, name=Galaxy S8 [2802]} has finished downloading 20200312_193828!000.mp4
07-12 19:26:47.358  9685  9685 V NearbyFragment: nextTransfer with selected algorithm: best_or_local
07-12 19:26:47.359  9685  9685 W NearbyFragment: Sending 20200312_193828!001.mp4 to Shark 1S [34d8]
07-12 19:26:47.370  9685  9685 V NearbyFragment: Transfer to Endpoint{id=a6Kd, name=Shark 1S [34d8]} complete
07-12 19:26:47.397  9685  9685 V NearbyFragment: Transfer to Endpoint{id=lSdw, name=Galaxy S8 [2802]} complete
07-12 19:26:53.074  9685  9685 V NearbyFragment: Transfer to Endpoint{id=a6Kd, name=Shark 1S [34d8]} complete
07-12 19:26:53.145  9685  9685 D NearbyFragment: onPayloadReceived(endpointId=a6Kd, payload=com.google.android.gms.nearby.connection.Payload@1e5fcb4)
07-12 19:26:53.145  9685  9685 D NearbyFragment: Endpoint{id=a6Kd, name=Shark 1S [34d8]} has finished downloading 20200312_193828!001.mp4
07-12 19:26:53.146  9685  9685 V NearbyFragment: nextTransfer with selected algorithm: best_or_local
07-12 19:26:53.150  9685  9685 V FileManager: External storage is readable
07-12 19:26:53.150  9685  9685 V FileManager: Created new directory: /storage/emulated/0/Movies/segment-sum/20200312_193828
07-12 19:26:53.151  9685  9685 D NearbyFragment: Summarising 20200312_193828!002.mp4
07-12 19:26:53.151  9685  9685 V VideoManager: Retrieving video from /storage/emulated/0/Movies/segment/20200312_193828/20200312_193828!002.mp4
07-12 19:26:53.156  9685  9685 V VideoManager: videoFromCursor
07-12 19:26:53.158  9685  9685 V ProcessingVideosEventHandler: onAdd
07-12 19:26:53.158  9685  9685 V RawFootageEventHandler: onRemove
07-12 19:26:53.171  9685 11030 V SummariserIntentService: onHandleIntent
07-12 19:26:53.172  9685 11030 D SummariserIntentService: Video{id='1964', data='/storage/emulated/0/Movies/segment/20200312_193828/20200312_193828!002.mp4', name='20200312_193828!002.mp4', size=16949349, visible=true, mimeType='video/mp4'}
07-12 19:26:53.172  9685 11030 D SummariserIntentService: /storage/emulated/0/Movies/segment-sum/20200312_193828/20200312_193828!002.mp4
07-12 19:26:53.176  9685 11030 I FfmpegTools: Running ffmpeg with:
07-12 19:26:53.176  9685 11030 I FfmpegTools:   -y -i /storage/emulated/0/Movies/segment/20200312_193828/20200312_193828!002.mp4 -vf freezedetect=n=-45.000000dB:d=1.000000,metadata=mode=print:file=/storage/emulated/0/Movies/raw/20200312_193828!002.txt -f null -
07-12 19:26:53.208  9685  9685 V NearbyFragment: Transfer to Endpoint{id=a6Kd, name=Shark 1S [34d8]} complete
07-12 19:26:53.449  9685  9999 W mobile-ffmpeg: [graph 0 input from stream 0:0 @ 0x94370300] sws_param option is deprecated and ignored
07-12 19:26:56.383  9685  9685 D NearbyFragment: onPayloadReceived(endpointId=a6Kd, payload=com.google.android.gms.nearby.connection.Payload@3403020)
07-12 19:26:56.383  9685  9685 D NearbyFragment: 20200312_193828!001.mp4 from Endpoint{id=a6Kd, name=Shark 1S [34d8]} contained no activity
07-12 19:26:56.384  9685  9685 V NearbyFragment: Received a segment of 20200312_193828
07-12 19:26:56.384  9685  9685 V NearbyFragment: nextTransfer with selected algorithm: best_or_local
07-12 19:26:56.386  9685  9685 W NearbyFragment: Sending 20200312_193828!003.mp4 to Shark 1S [34d8]
07-12 19:26:56.442  9685  9685 V NearbyFragment: Transfer to Endpoint{id=a6Kd, name=Shark 1S [34d8]} complete
07-12 19:26:56.444  9685  9685 V NearbyFragment: Transfer to Endpoint{id=a6Kd, name=Shark 1S [34d8]} complete
07-12 19:27:00.493  9685  9685 V NearbyFragment: Transfer to Endpoint{id=a6Kd, name=Shark 1S [34d8]} complete
