07-12 19:27:26.606  5154  5154 D NearbyFragment: Summarising 20200312_193928!000.mp4
07-12 19:27:26.606  5154  5154 V VideoManager: Retrieving video from /storage/emulated/0/Download/Nearby/20200312_193928!000.mp4
07-12 19:27:26.625  5154  5154 V VideoManager: videoFromCursor
07-12 19:27:26.630  5154  5154 V ProcessingVideosEventHandler: onAdd
07-12 19:27:26.631  5154  5154 V RawFootageEventHandler: onRemove
07-12 19:27:26.639  5154  5154 V NearbyFragment: Transfer to Endpoint{id=21pY, name=Nexus 5 [1825]} complete
07-12 19:27:26.652  5154  7449 V SummariserIntentService: onHandleIntent
07-12 19:27:26.654  5154  7449 D SummariserIntentService: Video{id='139423', data='/storage/emulated/0/Download/Nearby/20200312_193928!000.mp4', name='20200312_193928!000.mp4', size=17599188, visible=true, mimeType='video/mp4'}
07-12 19:27:26.654  5154  7449 D SummariserIntentService: /storage/emulated/0/Movies/segment-sum/20200312_193928/20200312_193928!000.mp4
07-12 19:27:26.657  5154  7449 I FfmpegTools: Running ffmpeg with:
07-12 19:27:26.657  5154  7449 I FfmpegTools:   -y -i /storage/emulated/0/Download/Nearby/20200312_193928!000.mp4 -vf freezedetect=n=-45.000000dB:d=1.000000,metadata=mode=print:file=/storage/emulated/0/Movies/raw/20200312_193928!000.txt -f null -
07-12 19:27:26.826  5154  6522 W mobile-ffmpeg: [graph 0 input from stream 0:0 @ 0x71f55ffd00] sws_param option is deprecated and ignored
07-12 19:27:28.912  5154  7449 W Summariser: No activity detected
07-12 19:27:28.913  5154  7449 V FfmpegTools: Retrieving duration of /storage/emulated/0/Download/Nearby/20200312_193928!000.mp4
07-12 19:27:28.940  5154  7449 W Summariser: Summarisation completed
07-12 19:27:28.940  5154  7449 W Summariser:   filename: 20200312_193928!000.mp4
07-12 19:27:28.940  5154  7449 W Summariser:   active sections: 0
07-12 19:27:28.940  5154  7449 W Summariser:   time: 02.258s
07-12 19:27:28.940  5154  7449 W Summariser:   original duration: 16.90
07-12 19:27:28.940  5154  7449 W Summariser:   summarised duration: -1.00
07-12 19:27:28.940  5154  7449 W Summariser:   noise tolerance: 45.00
07-12 19:27:28.940  5154  7449 W Summariser:   quality: 23
07-12 19:27:28.940  5154  7449 W Summariser:   speed: medium
07-12 19:27:28.940  5154  7449 W Summariser:   freeze duration: 1.00
07-12 19:27:28.941  5154  7449 V ProcessingVideosEventHandler: onRemove
07-12 19:27:28.955  5154  5154 V NearbyFragment: Transfer to Endpoint{id=21pY, name=Nexus 5 [1825]} complete
07-12 19:27:28.992  5154  5154 D NearbyFragment: onPayloadReceived(endpointId=21pY, payload=com.google.android.gms.nearby.connection.Payload@5a4dc0)
07-12 19:27:28.992  5154  5154 V NearbyFragment: Started downloading SUMMARISE_SEGMENT:-7776360566510758189:20200312_193928!002.mp4:45.0_1.0_23_medium from Endpoint{id=21pY, name=Nexus 5 [1825]}
07-12 19:27:28.999  5154  5154 V NearbyFragment: Transfer to Endpoint{id=21pY, name=Nexus 5 [1825]} complete
07-12 19:27:29.012  5154  5170 D SummariserIntentService: Scanned /storage/emulated/0/Movies/summarised
07-12 19:27:29.012  5154  5170 D SummariserIntentService:   -> uri=content://media/external/file/139217
07-12 19:27:34.096  5154  5154 D NearbyFragment: onPayloadReceived(endpointId=21pY, payload=com.google.android.gms.nearby.connection.Payload@ca3caf9)
07-12 19:27:39.477  5154  5154 V NearbyFragment: Transfer to Endpoint{id=21pY, name=Nexus 5 [1825]} complete
07-12 19:27:39.478  5154  5154 W NearbyFragment: Completed downloading 20200312_193928!002.mp4 from Endpoint{id=21pY, name=Nexus 5 [1825]} in 10.485s
07-12 19:27:39.485  5154  5154 V FileManager: External storage is readable
07-12 19:27:39.486  5154  5154 V FileManager: Directory already exists: /storage/emulated/0/Movies/segment-sum/20200312_193928
07-12 19:27:39.487  5154  5154 D NearbyFragment: Summarising 20200312_193928!002.mp4
07-12 19:27:39.487  5154  5154 V VideoManager: Retrieving video from /storage/emulated/0/Download/Nearby/20200312_193928!002.mp4
07-12 19:27:39.504  5154  5154 V VideoManager: videoFromCursor
07-12 19:27:39.508  5154  5154 V ProcessingVideosEventHandler: onAdd
07-12 19:27:39.509  5154  5154 V RawFootageEventHandler: onRemove
07-12 19:27:39.516  5154  5154 V NearbyFragment: Transfer to Endpoint{id=21pY, name=Nexus 5 [1825]} complete
07-12 19:27:39.530  5154  7483 V SummariserIntentService: onHandleIntent
07-12 19:27:39.531  5154  7483 D SummariserIntentService: Video{id='139424', data='/storage/emulated/0/Download/Nearby/20200312_193928!002.mp4', name='20200312_193928!002.mp4', size=16869633, visible=true, mimeType='video/mp4'}
07-12 19:27:39.531  5154  7483 D SummariserIntentService: /storage/emulated/0/Movies/segment-sum/20200312_193928/20200312_193928!002.mp4
07-12 19:27:39.534  5154  7483 I FfmpegTools: Running ffmpeg with:
07-12 19:27:39.534  5154  7483 I FfmpegTools:   -y -i /storage/emulated/0/Download/Nearby/20200312_193928!002.mp4 -vf freezedetect=n=-45.000000dB:d=1.000000,metadata=mode=print:file=/storage/emulated/0/Movies/raw/20200312_193928!002.txt -f null -
07-12 19:27:39.671  5154  6522 W mobile-ffmpeg: [graph 0 input from stream 0:0 @ 0x71f55ffd00] sws_param option is deprecated and ignored
07-12 19:27:41.781  5154  7483 W Summariser: No activity detected
07-12 19:27:41.781  5154  7483 V FfmpegTools: Retrieving duration of /storage/emulated/0/Download/Nearby/20200312_193928!002.mp4
07-12 19:27:41.808  5154  7483 W Summariser: Summarisation completed
07-12 19:27:41.808  5154  7483 W Summariser:   filename: 20200312_193928!002.mp4
07-12 19:27:41.808  5154  7483 W Summariser:   active sections: 0
07-12 19:27:41.808  5154  7483 W Summariser:   time: 02.249s
07-12 19:27:41.808  5154  7483 W Summariser:   original duration: 16.06
07-12 19:27:41.808  5154  7483 W Summariser:   summarised duration: -1.00
07-12 19:27:41.808  5154  7483 W Summariser:   noise tolerance: 45.00
07-12 19:27:41.808  5154  7483 W Summariser:   quality: 23
07-12 19:27:41.808  5154  7483 W Summariser:   speed: medium
07-12 19:27:41.808  5154  7483 W Summariser:   freeze duration: 1.00
07-12 19:27:41.809  5154  7483 V ProcessingVideosEventHandler: onRemove
07-12 19:27:41.831  5154  5154 V NearbyFragment: Transfer to Endpoint{id=21pY, name=Nexus 5 [1825]} complete
07-12 19:27:41.872  5154  5173 D SummariserIntentService: Scanned /storage/emulated/0/Movies/summarised
07-12 19:27:41.872  5154  5173 D SummariserIntentService:   -> uri=content://media/external/file/139217
07-12 19:27:53.935  5154  5154 D NearbyFragment: onPayloadReceived(endpointId=21pY, payload=com.google.android.gms.nearby.connection.Payload@aba9316)
07-12 19:27:53.985  5154  5154 D NearbyFragment: onPayloadReceived(endpointId=21pY, payload=com.google.android.gms.nearby.connection.Payload@3458497)
07-12 19:27:53.986  5154  5154 V NearbyFragment: Started downloading SUMMARISE_SEGMENT:-8383963663294872808:20200312_194129!000.mp4:45.0_1.0_23_medium from Endpoint{id=21pY, name=Nexus 5 [1825]}
07-12 19:27:54.088  5154  5154 V NearbyFragment: Transfer to Endpoint{id=21pY, name=Nexus 5 [1825]} complete
07-12 19:27:58.692  5154  5154 V NearbyFragment: Transfer to Endpoint{id=21pY, name=Nexus 5 [1825]} complete
07-12 19:27:58.693  5154  5154 W NearbyFragment: Completed downloading 20200312_194129!000.mp4 from Endpoint{id=21pY, name=Nexus 5 [1825]} in 04.705s
07-12 19:27:58.705  5154  5154 V FileManager: External storage is readable
07-12 19:27:58.709  5154  5154 V FileManager: Created new directory: /storage/emulated/0/Movies/segment-sum/20200312_194129
07-12 19:27:58.710  5154  5154 D NearbyFragment: Summarising 20200312_194129!000.mp4
07-12 19:27:58.711  5154  5154 V VideoManager: Retrieving video from /storage/emulated/0/Download/Nearby/20200312_194129!000.mp4
07-12 19:27:58.735  5154  5154 V VideoManager: videoFromCursor
07-12 19:27:58.741  5154  5154 V ProcessingVideosEventHandler: onAdd
07-12 19:27:58.742  5154  5154 V RawFootageEventHandler: onRemove
07-12 19:27:58.751  5154  5154 V NearbyFragment: Transfer to Endpoint{id=21pY, name=Nexus 5 [1825]} complete
07-12 19:27:58.765  5154  7537 V SummariserIntentService: onHandleIntent
07-12 19:27:58.767  5154  7537 D SummariserIntentService: Video{id='139387', data='/storage/emulated/0/Download/Nearby/20200312_194129!000.mp4', name='20200312_194129!000.mp4', size=16878473, visible=true, mimeType='video/mp4'}
07-12 19:27:58.767  5154  7537 D SummariserIntentService: /storage/emulated/0/Movies/segment-sum/20200312_194129/20200312_194129!000.mp4
07-12 19:27:58.770  5154  7537 I FfmpegTools: Running ffmpeg with:
07-12 19:27:58.770  5154  7537 I FfmpegTools:   -y -i /storage/emulated/0/Download/Nearby/20200312_194129!000.mp4 -vf freezedetect=n=-45.000000dB:d=1.000000,metadata=mode=print:file=/storage/emulated/0/Movies/raw/20200312_194129!000.txt -f null -
07-12 19:27:58.897  5154  6522 W mobile-ffmpeg: [graph 0 input from stream 0:0 @ 0x71f55ffd00] sws_param option is deprecated and ignored
07-12 19:28:01.021  5154  7537 W Summariser: No activity detected
07-12 19:28:01.021  5154  7537 V FfmpegTools: Retrieving duration of /storage/emulated/0/Download/Nearby/20200312_194129!000.mp4
07-12 19:28:01.046  5154  7537 W Summariser: Summarisation completed
07-12 19:28:01.046  5154  7537 W Summariser:   filename: 20200312_194129!000.mp4
07-12 19:28:01.046  5154  7537 W Summariser:   active sections: 0
07-12 19:28:01.046  5154  7537 W Summariser:   time: 02.253s
07-12 19:28:01.046  5154  7537 W Summariser:   original duration: 16.07
07-12 19:28:01.046  5154  7537 W Summariser:   summarised duration: -1.00
07-12 19:28:01.046  5154  7537 W Summariser:   noise tolerance: 45.00
07-12 19:28:01.046  5154  7537 W Summariser:   quality: 23
07-12 19:28:01.046  5154  7537 W Summariser:   speed: medium
07-12 19:28:01.046  5154  7537 W Summariser:   freeze duration: 1.00
07-12 19:28:01.047  5154  7537 V ProcessingVideosEventHandler: onRemove
07-12 19:28:01.062  5154  5154 V NearbyFragment: Transfer to Endpoint{id=21pY, name=Nexus 5 [1825]} complete
07-12 19:28:01.116  5154  5170 D SummariserIntentService: Scanned /storage/emulated/0/Movies/summarised
07-12 19:28:01.116  5154  5170 D SummariserIntentService:   -> uri=content://media/external/file/139217
07-12 19:28:01.462  5154  5154 D NearbyFragment: onPayloadReceived(endpointId=21pY, payload=com.google.android.gms.nearby.connection.Payload@11d421c)
07-12 19:28:01.463  5154  5154 V NearbyFragment: Started downloading SUMMARISE_SEGMENT:-6624075866811151998:20200312_194129!002.mp4:45.0_1.0_23_medium from Endpoint{id=21pY, name=Nexus 5 [1825]}
07-12 19:28:01.511  5154  5154 V NearbyFragment: Transfer to Endpoint{id=21pY, name=Nexus 5 [1825]} complete
07-12 19:28:06.949  5154  5154 D NearbyFragment: onPayloadReceived(endpointId=21pY, payload=com.google.android.gms.nearby.connection.Payload@141de25)
07-12 19:28:12.685  5154  5154 V NearbyFragment: Transfer to Endpoint{id=21pY, name=Nexus 5 [1825]} complete
07-12 19:28:12.686  5154  5154 W NearbyFragment: Completed downloading 20200312_194129!002.mp4 from Endpoint{id=21pY, name=Nexus 5 [1825]} in 11.222s
07-12 19:28:12.695  5154  5154 V FileManager: External storage is readable
07-12 19:28:12.696  5154  5154 V FileManager: Directory already exists: /storage/emulated/0/Movies/segment-sum/20200312_194129
07-12 19:28:12.697  5154  5154 D NearbyFragment: Summarising 20200312_194129!002.mp4
07-12 19:28:12.698  5154  5154 V VideoManager: Retrieving video from /storage/emulated/0/Download/Nearby/20200312_194129!002.mp4
07-12 19:28:12.713  5154  5154 V VideoManager: videoFromCursor
07-12 19:28:12.718  5154  5154 V ProcessingVideosEventHandler: onAdd
07-12 19:28:12.719  5154  5154 V RawFootageEventHandler: onRemove
07-12 19:28:12.726  5154  5154 V NearbyFragment: Transfer to Endpoint{id=21pY, name=Nexus 5 [1825]} complete
07-12 19:28:12.740  5154  7578 V SummariserIntentService: onHandleIntent
07-12 19:28:12.742  5154  7578 D SummariserIntentService: Video{id='139388', data='/storage/emulated/0/Download/Nearby/20200312_194129!002.mp4', name='20200312_194129!002.mp4', size=16799769, visible=true, mimeType='video/mp4'}
07-12 19:28:12.742  5154  7578 D SummariserIntentService: /storage/emulated/0/Movies/segment-sum/20200312_194129/20200312_194129!002.mp4
07-12 19:28:12.744  5154  7578 I FfmpegTools: Running ffmpeg with:
07-12 19:28:12.744  5154  7578 I FfmpegTools:   -y -i /storage/emulated/0/Download/Nearby/20200312_194129!002.mp4 -vf freezedetect=n=-45.000000dB:d=1.000000,metadata=mode=print:file=/storage/emulated/0/Movies/raw/20200312_194129!002.txt -f null -
07-12 19:28:12.895  5154  6522 W mobile-ffmpeg: [graph 0 input from stream 0:0 @ 0x71f55ffd00] sws_param option is deprecated and ignored
07-12 19:28:15.126  5154  7578 W Summariser: 1 active sections found
07-12 19:28:15.127  5154  7578 I FfmpegTools: Running ffmpeg with:
07-12 19:28:15.127  5154  7578 I FfmpegTools:   -y -i /storage/emulated/0/Download/Nearby/20200312_194129!002.mp4 -filter_complex [0:v]trim=0.000000:7.339000,setpts=PTS-STARTPTS[v0];[0:a]atrim=0.000000:7.339000,asetpts=PTS-STARTPTS[a0];[v0][a0]concat=n=1:v=1:a=1[outv][outa] -map [outv] -map [outa] -crf 23 -preset medium /storage/emulated/0/Movies/segment-sum/20200312_194129/20200312_194129!002.mp4
07-12 19:28:15.194  5154  6522 W mobile-ffmpeg: [graph 0 input from stream 0:0 @ 0x71f55ffc40] sws_param option is deprecated and ignored
07-12 19:28:21.967  5154  7578 V FfmpegTools: Retrieving duration of /storage/emulated/0/Download/Nearby/20200312_194129!002.mp4
07-12 19:28:22.006  5154  7578 V FfmpegTools: Retrieving duration of /storage/emulated/0/Movies/segment-sum/20200312_194129/20200312_194129!002.mp4
07-12 19:28:22.025  5154  7578 W Summariser: Summarisation completed
07-12 19:28:22.025  5154  7578 W Summariser:   filename: 20200312_194129!002.mp4
07-12 19:28:22.025  5154  7578 W Summariser:   active sections: 1
07-12 19:28:22.025  5154  7578 W Summariser:   time: 09.223s
07-12 19:28:22.025  5154  7578 W Summariser:   original duration: 16.01
07-12 19:28:22.025  5154  7578 W Summariser:   summarised duration: 7.37
07-12 19:28:22.025  5154  7578 W Summariser:   noise tolerance: 45.00
07-12 19:28:22.025  5154  7578 W Summariser:   quality: 23
07-12 19:28:22.025  5154  7578 W Summariser:   speed: medium
07-12 19:28:22.025  5154  7578 W Summariser:   freeze duration: 1.00
07-12 19:28:22.025  5154  7578 V VideoManager: Retrieving video from /storage/emulated/0/Movies/segment-sum/20200312_194129/20200312_194129!002.mp4
07-12 19:28:22.047  5154  7578 V VideoManager: videoFromCursor
07-12 19:28:22.051  5154  7578 W NearbyFragment: Sending 20200312_194129!002.mp4 to Nexus 5 [1825]
07-12 19:28:22.052  5154  7578 V ProcessingVideosEventHandler: onRemove
07-12 19:28:22.071  5154  5154 V NearbyFragment: Transfer to Endpoint{id=21pY, name=Nexus 5 [1825]} complete
07-12 19:28:22.142  5154  5998 D SummariserIntentService: Scanned /storage/emulated/0/Movies/summarised
07-12 19:28:22.142  5154  5998 D SummariserIntentService:   -> uri=content://media/external/file/139217
07-12 19:28:22.150  5154  5154 V NearbyFragment: Transfer to Endpoint{id=21pY, name=Nexus 5 [1825]} complete
07-12 19:28:28.324  5154  5154 D NearbyFragment: onPayloadReceived(endpointId=21pY, payload=com.google.android.gms.nearby.connection.Payload@3b7ef23)
07-12 19:28:28.326  5154  5154 V NearbyFragment: Started downloading SUMMARISE_SEGMENT:-4638468471281383889:20200312_194229!000.mp4:45.0_1.0_23_medium from Endpoint{id=21pY, name=Nexus 5 [1825]}
07-12 19:28:28.330  5154  5154 V NearbyFragment: Transfer to Endpoint{id=21pY, name=Nexus 5 [1825]} complete
07-12 19:28:28.376  5154  5154 D NearbyFragment: onPayloadReceived(endpointId=21pY, payload=com.google.android.gms.nearby.connection.Payload@83fac20)
07-12 19:28:32.630  5154  5154 V NearbyFragment: Transfer to Endpoint{id=21pY, name=Nexus 5 [1825]} complete
07-12 19:28:32.632  5154  5154 W NearbyFragment: Completed downloading 20200312_194229!000.mp4 from Endpoint{id=21pY, name=Nexus 5 [1825]} in 04.303s
07-12 19:28:32.646  5154  5154 V FileManager: External storage is readable
07-12 19:28:32.649  5154  5154 V FileManager: Created new directory: /storage/emulated/0/Movies/segment-sum/20200312_194229
07-12 19:28:32.651  5154  5154 D NearbyFragment: Summarising 20200312_194229!000.mp4
07-12 19:28:32.651  5154  5154 V VideoManager: Retrieving video from /storage/emulated/0/Download/Nearby/20200312_194229!000.mp4
07-12 19:28:32.674  5154  5154 V VideoManager: videoFromCursor
07-12 19:28:32.679  5154  5154 V ProcessingVideosEventHandler: onAdd
07-12 19:28:32.680  5154  5154 V RawFootageEventHandler: onRemove
07-12 19:28:32.690  5154  5154 V NearbyFragment: Transfer to Endpoint{id=21pY, name=Nexus 5 [1825]} complete
07-12 19:28:32.706  5154  7642 V SummariserIntentService: onHandleIntent
07-12 19:28:32.707  5154  7642 D SummariserIntentService: Video{id='139391', data='/storage/emulated/0/Download/Nearby/20200312_194229!000.mp4', name='20200312_194229!000.mp4', size=16971954, visible=true, mimeType='video/mp4'}
07-12 19:28:32.707  5154  7642 D SummariserIntentService: /storage/emulated/0/Movies/segment-sum/20200312_194229/20200312_194229!000.mp4
07-12 19:28:32.710  5154  7642 I FfmpegTools: Running ffmpeg with:
07-12 19:28:32.710  5154  7642 I FfmpegTools:   -y -i /storage/emulated/0/Download/Nearby/20200312_194229!000.mp4 -vf freezedetect=n=-45.000000dB:d=1.000000,metadata=mode=print:file=/storage/emulated/0/Movies/raw/20200312_194229!000.txt -f null -
07-12 19:28:32.887  5154  6522 W mobile-ffmpeg: [graph 0 input from stream 0:0 @ 0x71f55ffd00] sws_param option is deprecated and ignored
07-12 19:28:35.020  5154  7642 V FfmpegTools: Retrieving duration of /storage/emulated/0/Download/Nearby/20200312_194229!000.mp4
07-12 19:28:35.047  5154  7642 W Summariser: 1 active sections found
07-12 19:28:35.047  5154  7642 I FfmpegTools: Running ffmpeg with:
07-12 19:28:35.047  5154  7642 I FfmpegTools:   -y -i /storage/emulated/0/Download/Nearby/20200312_194229!000.mp4 -filter_complex [0:v]trim=10.509000:16.060000,setpts=PTS-STARTPTS[v0];[0:a]atrim=10.509000:16.060000,asetpts=PTS-STARTPTS[a0];[v0][a0]concat=n=1:v=1:a=1[outv][outa] -map [outv] -map [outa] -crf 23 -preset medium /storage/emulated/0/Movies/segment-sum/20200312_194229/20200312_194229!000.mp4
07-12 19:28:35.095  5154  6522 W mobile-ffmpeg: [graph 0 input from stream 0:0 @ 0x71f55ffc40] sws_param option is deprecated and ignored
07-12 19:28:41.651  5154  7642 V FfmpegTools: Retrieving duration of /storage/emulated/0/Download/Nearby/20200312_194229!000.mp4
07-12 19:28:41.707  5154  7642 V FfmpegTools: Retrieving duration of /storage/emulated/0/Movies/segment-sum/20200312_194229/20200312_194229!000.mp4
07-12 19:28:41.739  5154  7642 W Summariser: Summarisation completed
07-12 19:28:41.739  5154  7642 W Summariser:   filename: 20200312_194229!000.mp4
07-12 19:28:41.739  5154  7642 W Summariser:   active sections: 1
07-12 19:28:41.739  5154  7642 W Summariser:   time: 08.943s
07-12 19:28:41.739  5154  7642 W Summariser:   original duration: 16.06
07-12 19:28:41.739  5154  7642 W Summariser:   summarised duration: 5.62
07-12 19:28:41.739  5154  7642 W Summariser:   noise tolerance: 45.00
07-12 19:28:41.739  5154  7642 W Summariser:   quality: 23
07-12 19:28:41.739  5154  7642 W Summariser:   speed: medium
07-12 19:28:41.739  5154  7642 W Summariser:   freeze duration: 1.00
07-12 19:28:41.740  5154  7642 V VideoManager: Retrieving video from /storage/emulated/0/Movies/segment-sum/20200312_194229/20200312_194229!000.mp4
07-12 19:28:41.756  5154  7642 V VideoManager: videoFromCursor
07-12 19:28:41.762  5154  7642 W NearbyFragment: Sending 20200312_194229!000.mp4 to Nexus 5 [1825]
07-12 19:28:41.764  5154  7642 V ProcessingVideosEventHandler: onRemove
07-12 19:28:41.774  5154  5154 V NearbyFragment: Transfer to Endpoint{id=21pY, name=Nexus 5 [1825]} complete
07-12 19:28:41.811  5154  5154 D NearbyFragment: onPayloadReceived(endpointId=21pY, payload=com.google.android.gms.nearby.connection.Payload@fa15476)
07-12 19:28:41.812  5154  5154 V NearbyFragment: Started downloading SUMMARISE_SEGMENT:-7497947554389003046:20200312_194229!003.mp4:45.0_1.0_23_medium from Endpoint{id=21pY, name=Nexus 5 [1825]}
07-12 19:28:41.848  5154  5170 D SummariserIntentService: Scanned /storage/emulated/0/Movies/summarised
07-12 19:28:41.848  5154  5170 D SummariserIntentService:   -> uri=content://media/external/file/139217
07-12 19:28:41.850  5154  5154 V NearbyFragment: Transfer to Endpoint{id=21pY, name=Nexus 5 [1825]} complete
07-12 19:28:41.870  5154  5154 V NearbyFragment: Transfer to Endpoint{id=21pY, name=Nexus 5 [1825]} complete
07-12 19:28:41.918  5154  5154 D NearbyFragment: onPayloadReceived(endpointId=21pY, payload=com.google.android.gms.nearby.connection.Payload@8b11a77)
07-12 19:28:45.836  5154  5154 V NearbyFragment: Transfer to Endpoint{id=21pY, name=Nexus 5 [1825]} complete
07-12 19:28:45.837  5154  5154 W NearbyFragment: Completed downloading 20200312_194229!003.mp4 from Endpoint{id=21pY, name=Nexus 5 [1825]} in 04.023s
07-12 19:28:45.847  5154  5154 V FileManager: External storage is readable
07-12 19:28:45.847  5154  5154 V FileManager: Directory already exists: /storage/emulated/0/Movies/segment-sum/20200312_194229
07-12 19:28:45.848  5154  5154 D NearbyFragment: Summarising 20200312_194229!003.mp4
07-12 19:28:45.848  5154  5154 V VideoManager: Retrieving video from /storage/emulated/0/Download/Nearby/20200312_194229!003.mp4
07-12 19:28:45.865  5154  5154 D VideoManager: videoCursor is null
07-12 19:28:45.927  5154  5154 V VideoManager: videoFromCursor
07-12 19:28:45.931  5154  5154 V ProcessingVideosEventHandler: onAdd
07-12 19:28:45.932  5154  5154 V RawFootageEventHandler: onRemove
07-12 19:28:45.940  5154  5154 V NearbyFragment: Transfer to Endpoint{id=21pY, name=Nexus 5 [1825]} complete
07-12 19:28:45.951  5154  7708 V SummariserIntentService: onHandleIntent
07-12 19:28:45.953  5154  7708 D SummariserIntentService: Video{id='139443', data='/storage/emulated/0/Download/Nearby/20200312_194229!003.mp4', name='20200312_194229!003.mp4', size=12720702, visible=true, mimeType='video/mp4'}
07-12 19:28:45.953  5154  7708 D SummariserIntentService: /storage/emulated/0/Movies/segment-sum/20200312_194229/20200312_194229!003.mp4
07-12 19:28:45.956  5154  7708 I FfmpegTools: Running ffmpeg with:
07-12 19:28:45.956  5154  7708 I FfmpegTools:   -y -i /storage/emulated/0/Download/Nearby/20200312_194229!003.mp4 -vf freezedetect=n=-45.000000dB:d=1.000000,metadata=mode=print:file=/storage/emulated/0/Movies/raw/20200312_194229!003.txt -f null -
07-12 19:28:46.140  5154  6522 W mobile-ffmpeg: [graph 0 input from stream 0:0 @ 0x71f55ffd00] sws_param option is deprecated and ignored
07-12 19:28:47.707  5154  7708 W Summariser: No activity detected
07-12 19:28:47.708  5154  7708 V FfmpegTools: Retrieving duration of /storage/emulated/0/Download/Nearby/20200312_194229!003.mp4
07-12 19:28:47.732  5154  7708 W Summariser: Summarisation completed
07-12 19:28:47.732  5154  7708 W Summariser:   filename: 20200312_194229!003.mp4
07-12 19:28:47.732  5154  7708 W Summariser:   active sections: 0
07-12 19:28:47.732  5154  7708 W Summariser:   time: 01.752s
07-12 19:28:47.732  5154  7708 W Summariser:   original duration: 11.98
07-12 19:28:47.732  5154  7708 W Summariser:   summarised duration: -1.00
07-12 19:28:47.732  5154  7708 W Summariser:   noise tolerance: 45.00
07-12 19:28:47.732  5154  7708 W Summariser:   quality: 23
07-12 19:28:47.732  5154  7708 W Summariser:   speed: medium
07-12 19:28:47.732  5154  7708 W Summariser:   freeze duration: 1.00
07-12 19:28:47.733  5154  7708 V ProcessingVideosEventHandler: onRemove
07-12 19:28:47.758  5154  5154 V NearbyFragment: Transfer to Endpoint{id=21pY, name=Nexus 5 [1825]} complete
07-12 19:28:47.801  5154  5173 D SummariserIntentService: Scanned /storage/emulated/0/Movies/summarised
07-12 19:28:47.801  5154  5173 D SummariserIntentService:   -> uri=content://media/external/file/139217
07-12 19:28:58.923  5154  5154 D NearbyFragment: onPayloadReceived(endpointId=21pY, payload=com.google.android.gms.nearby.connection.Payload@21bfe7c)
07-12 19:28:58.925  5154  5154 V NearbyFragment: Started downloading SUMMARISE_SEGMENT:-6026207079205911678:20200312_194330!000.mp4:45.0_1.0_23_medium from Endpoint{id=21pY, name=Nexus 5 [1825]}
07-12 19:28:58.933  5154  5154 V NearbyFragment: Transfer to Endpoint{id=21pY, name=Nexus 5 [1825]} complete
07-12 19:28:58.943  5154  5154 D NearbyFragment: onPayloadReceived(endpointId=21pY, payload=com.google.android.gms.nearby.connection.Payload@d5d5305)
07-12 19:29:03.056  5154  5154 V NearbyFragment: Transfer to Endpoint{id=21pY, name=Nexus 5 [1825]} complete
07-12 19:29:03.057  5154  5154 W NearbyFragment: Completed downloading 20200312_194330!000.mp4 from Endpoint{id=21pY, name=Nexus 5 [1825]} in 04.129s
07-12 19:29:03.063  5154  5154 V FileManager: External storage is readable
07-12 19:29:03.065  5154  5154 V FileManager: Created new directory: /storage/emulated/0/Movies/segment-sum/20200312_194330
07-12 19:29:03.065  5154  5154 D NearbyFragment: Summarising 20200312_194330!000.mp4
07-12 19:29:03.065  5154  5154 V VideoManager: Retrieving video from /storage/emulated/0/Download/Nearby/20200312_194330!000.mp4
07-12 19:29:03.078  5154  5154 V VideoManager: videoFromCursor
07-12 19:29:03.083  5154  5154 V ProcessingVideosEventHandler: onAdd
07-12 19:29:03.084  5154  5154 V RawFootageEventHandler: onRemove
07-12 19:29:03.091  5154  5154 V NearbyFragment: Transfer to Endpoint{id=21pY, name=Nexus 5 [1825]} complete
07-12 19:29:03.095  5154  7742 V SummariserIntentService: onHandleIntent
07-12 19:29:03.096  5154  7742 D SummariserIntentService: Video{id='139395', data='/storage/emulated/0/Download/Nearby/20200312_194330!000.mp4', name='20200312_194330!000.mp4', size=16853664, visible=true, mimeType='video/mp4'}
07-12 19:29:03.096  5154  7742 D SummariserIntentService: /storage/emulated/0/Movies/segment-sum/20200312_194330/20200312_194330!000.mp4
07-12 19:29:03.098  5154  7742 I FfmpegTools: Running ffmpeg with:
07-12 19:29:03.098  5154  7742 I FfmpegTools:   -y -i /storage/emulated/0/Download/Nearby/20200312_194330!000.mp4 -vf freezedetect=n=-45.000000dB:d=1.000000,metadata=mode=print:file=/storage/emulated/0/Movies/raw/20200312_194330!000.txt -f null -
07-12 19:29:03.196  5154  6522 W mobile-ffmpeg: [graph 0 input from stream 0:0 @ 0x71f55ffa00] sws_param option is deprecated and ignored
07-12 19:29:05.396  5154  7742 W Summariser: No activity detected
07-12 19:29:05.397  5154  7742 V FfmpegTools: Retrieving duration of /storage/emulated/0/Download/Nearby/20200312_194330!000.mp4
07-12 19:29:05.437  5154  7742 W Summariser: Summarisation completed
07-12 19:29:05.437  5154  7742 W Summariser:   filename: 20200312_194330!000.mp4
07-12 19:29:05.437  5154  7742 W Summariser:   active sections: 0
07-12 19:29:05.437  5154  7742 W Summariser:   time: 02.299s
07-12 19:29:05.437  5154  7742 W Summariser:   original duration: 16.07
07-12 19:29:05.437  5154  7742 W Summariser:   summarised duration: -1.00
07-12 19:29:05.437  5154  7742 W Summariser:   noise tolerance: 45.00
07-12 19:29:05.437  5154  7742 W Summariser:   quality: 23
07-12 19:29:05.437  5154  7742 W Summariser:   speed: medium
07-12 19:29:05.437  5154  7742 W Summariser:   freeze duration: 1.00
07-12 19:29:05.438  5154  7742 V ProcessingVideosEventHandler: onRemove
07-12 19:29:05.463  5154  5154 V NearbyFragment: Transfer to Endpoint{id=21pY, name=Nexus 5 [1825]} complete
07-12 19:29:05.513  5154  5170 D SummariserIntentService: Scanned /storage/emulated/0/Movies/summarised
07-12 19:29:05.513  5154  5170 D SummariserIntentService:   -> uri=content://media/external/file/139217
07-12 19:29:05.781  5154  5154 D NearbyFragment: onPayloadReceived(endpointId=21pY, payload=com.google.android.gms.nearby.connection.Payload@2d72fb2)
07-12 19:29:05.782  5154  5154 V NearbyFragment: Started downloading SUMMARISE_SEGMENT:-6276244291097251172:20200312_194330!003.mp4:45.0_1.0_23_medium from Endpoint{id=21pY, name=Nexus 5 [1825]}
07-12 19:29:05.794  5154  5154 V NearbyFragment: Transfer to Endpoint{id=21pY, name=Nexus 5 [1825]} complete
07-12 19:29:09.163  5154  5154 D NearbyFragment: onPayloadReceived(endpointId=21pY, payload=com.google.android.gms.nearby.connection.Payload@bd3bb03)
07-12 19:29:13.334  5154  5154 V NearbyFragment: Transfer to Endpoint{id=21pY, name=Nexus 5 [1825]} complete
07-12 19:29:13.335  5154  5154 W NearbyFragment: Completed downloading 20200312_194330!003.mp4 from Endpoint{id=21pY, name=Nexus 5 [1825]} in 07.551s
07-12 19:29:13.347  5154  5154 V FileManager: External storage is readable
07-12 19:29:13.348  5154  5154 V FileManager: Directory already exists: /storage/emulated/0/Movies/segment-sum/20200312_194330
07-12 19:29:13.349  5154  5154 D NearbyFragment: Summarising 20200312_194330!003.mp4
07-12 19:29:13.350  5154  5154 V VideoManager: Retrieving video from /storage/emulated/0/Download/Nearby/20200312_194330!003.mp4
07-12 19:29:13.365  5154  5154 D VideoManager: videoCursor is null
07-12 19:29:13.436  5154  5154 V VideoManager: videoFromCursor
07-12 19:29:13.442  5154  5154 V ProcessingVideosEventHandler: onAdd
07-12 19:29:13.442  5154  5154 V RawFootageEventHandler: onRemove
07-12 19:29:13.452  5154  5154 V NearbyFragment: Transfer to Endpoint{id=21pY, name=Nexus 5 [1825]} complete
07-12 19:29:13.462  5154  7808 V SummariserIntentService: onHandleIntent
07-12 19:29:13.463  5154  7808 D SummariserIntentService: Video{id='139444', data='/storage/emulated/0/Download/Nearby/20200312_194330!003.mp4', name='20200312_194330!003.mp4', size=12624666, visible=true, mimeType='video/mp4'}
07-12 19:29:13.463  5154  7808 D SummariserIntentService: /storage/emulated/0/Movies/segment-sum/20200312_194330/20200312_194330!003.mp4
07-12 19:29:13.466  5154  7808 I FfmpegTools: Running ffmpeg with:
07-12 19:29:13.466  5154  7808 I FfmpegTools:   -y -i /storage/emulated/0/Download/Nearby/20200312_194330!003.mp4 -vf freezedetect=n=-45.000000dB:d=1.000000,metadata=mode=print:file=/storage/emulated/0/Movies/raw/20200312_194330!003.txt -f null -
07-12 19:29:13.603  5154  6522 W mobile-ffmpeg: [graph 0 input from stream 0:0 @ 0x71f55ffa00] sws_param option is deprecated and ignored
07-12 19:29:15.144  5154  7808 W Summariser: No activity detected
07-12 19:29:15.144  5154  7808 V FfmpegTools: Retrieving duration of /storage/emulated/0/Download/Nearby/20200312_194330!003.mp4
07-12 19:29:15.171  5154  7808 W Summariser: Summarisation completed
07-12 19:29:15.171  5154  7808 W Summariser:   filename: 20200312_194330!003.mp4
07-12 19:29:15.171  5154  7808 W Summariser:   active sections: 0
07-12 19:29:15.171  5154  7808 W Summariser:   time: 01.679s
07-12 19:29:15.171  5154  7808 W Summariser:   original duration: 12.01
07-12 19:29:15.171  5154  7808 W Summariser:   summarised duration: -1.00
07-12 19:29:15.171  5154  7808 W Summariser:   noise tolerance: 45.00
07-12 19:29:15.171  5154  7808 W Summariser:   quality: 23
07-12 19:29:15.171  5154  7808 W Summariser:   speed: medium
07-12 19:29:15.171  5154  7808 W Summariser:   freeze duration: 1.00
07-12 19:29:15.172  5154  7808 V ProcessingVideosEventHandler: onRemove
07-12 19:29:15.192  5154  5154 V NearbyFragment: Transfer to Endpoint{id=21pY, name=Nexus 5 [1825]} complete
07-12 19:29:15.233  5154  5173 D SummariserIntentService: Scanned /storage/emulated/0/Movies/summarised
07-12 19:29:15.233  5154  5173 D SummariserIntentService:   -> uri=content://media/external/file/139217
07-12 19:29:15.234  5154  5159 I example.edgesu: Compiler allocated 4MB to compile void android.view.ViewRootImpl.performTraversals()
07-12 19:29:32.511  5154  5154 D NearbyFragment: onPayloadReceived(endpointId=21pY, payload=com.google.android.gms.nearby.connection.Payload@efe5998)
07-12 19:29:32.513  5154  5154 V NearbyFragment: Started downloading SUMMARISE_SEGMENT:-7389716427495038053:20200312_194730!000.mp4:45.0_1.0_23_medium from Endpoint{id=21pY, name=Nexus 5 [1825]}
07-12 19:29:32.517  5154  5154 V NearbyFragment: Transfer to Endpoint{id=21pY, name=Nexus 5 [1825]} complete
07-12 19:29:32.537  5154  5154 D NearbyFragment: onPayloadReceived(endpointId=21pY, payload=com.google.android.gms.nearby.connection.Payload@528a5f1)
07-12 19:29:37.179  5154  5154 V NearbyFragment: Transfer to Endpoint{id=21pY, name=Nexus 5 [1825]} complete
07-12 19:29:37.180  5154  5154 W NearbyFragment: Completed downloading 20200312_194730!000.mp4 from Endpoint{id=21pY, name=Nexus 5 [1825]} in 04.665s
07-12 19:29:37.187  5154  5154 V FileManager: External storage is readable
07-12 19:29:37.190  5154  5154 V FileManager: Created new directory: /storage/emulated/0/Movies/segment-sum/20200312_194730
07-12 19:29:37.191  5154  5154 D NearbyFragment: Summarising 20200312_194730!000.mp4
07-12 19:29:37.191  5154  5154 V VideoManager: Retrieving video from /storage/emulated/0/Download/Nearby/20200312_194730!000.mp4
07-12 19:29:37.205  5154  5154 V VideoManager: videoFromCursor
07-12 19:29:37.210  5154  5154 V ProcessingVideosEventHandler: onAdd
07-12 19:29:37.211  5154  5154 V RawFootageEventHandler: onRemove
07-12 19:29:37.218  5154  5154 V NearbyFragment: Transfer to Endpoint{id=21pY, name=Nexus 5 [1825]} complete
07-12 19:29:37.224  5154  7845 V SummariserIntentService: onHandleIntent
07-12 19:29:37.227  5154  7845 D SummariserIntentService: Video{id='139397', data='/storage/emulated/0/Download/Nearby/20200312_194730!000.mp4', name='20200312_194730!000.mp4', size=16870028, visible=true, mimeType='video/mp4'}
07-12 19:29:37.227  5154  7845 D SummariserIntentService: /storage/emulated/0/Movies/segment-sum/20200312_194730/20200312_194730!000.mp4
07-12 19:29:37.229  5154  7845 I FfmpegTools: Running ffmpeg with:
07-12 19:29:37.229  5154  7845 I FfmpegTools:   -y -i /storage/emulated/0/Download/Nearby/20200312_194730!000.mp4 -vf freezedetect=n=-45.000000dB:d=1.000000,metadata=mode=print:file=/storage/emulated/0/Movies/raw/20200312_194730!000.txt -f null -
07-12 19:29:37.386  5154  6522 W mobile-ffmpeg: [graph 0 input from stream 0:0 @ 0x71f55ffa00] sws_param option is deprecated and ignored
07-12 19:29:39.465  5154  7845 W Summariser: No activity detected
07-12 19:29:39.465  5154  7845 V FfmpegTools: Retrieving duration of /storage/emulated/0/Download/Nearby/20200312_194730!000.mp4
07-12 19:29:39.490  5154  7845 W Summariser: Summarisation completed
07-12 19:29:39.490  5154  7845 W Summariser:   filename: 20200312_194730!000.mp4
07-12 19:29:39.490  5154  7845 W Summariser:   active sections: 0
07-12 19:29:39.490  5154  7845 W Summariser:   time: 02.237s
07-12 19:29:39.490  5154  7845 W Summariser:   original duration: 16.07
07-12 19:29:39.490  5154  7845 W Summariser:   summarised duration: -1.00
07-12 19:29:39.490  5154  7845 W Summariser:   noise tolerance: 45.00
07-12 19:29:39.490  5154  7845 W Summariser:   quality: 23
07-12 19:29:39.490  5154  7845 W Summariser:   speed: medium
07-12 19:29:39.490  5154  7845 W Summariser:   freeze duration: 1.00
07-12 19:29:39.491  5154  7845 V ProcessingVideosEventHandler: onRemove
07-12 19:29:39.507  5154  5154 V NearbyFragment: Transfer to Endpoint{id=21pY, name=Nexus 5 [1825]} complete
07-12 19:29:39.538  5154  5154 D NearbyFragment: onPayloadReceived(endpointId=21pY, payload=com.google.android.gms.nearby.connection.Payload@7e39ae)
07-12 19:29:39.539  5154  5154 V NearbyFragment: Started downloading SUMMARISE_SEGMENT:-7159954575826394178:20200312_194730!002.mp4:45.0_1.0_23_medium from Endpoint{id=21pY, name=Nexus 5 [1825]}
07-12 19:29:39.555  5154  5154 V NearbyFragment: Transfer to Endpoint{id=21pY, name=Nexus 5 [1825]} complete
07-12 19:29:39.565  5154  5170 D SummariserIntentService: Scanned /storage/emulated/0/Movies/summarised
07-12 19:29:39.565  5154  5170 D SummariserIntentService:   -> uri=content://media/external/file/139217
07-12 19:29:42.939  5154  5154 D NearbyFragment: onPayloadReceived(endpointId=21pY, payload=com.google.android.gms.nearby.connection.Payload@5e5c34f)
07-12 19:29:43.969  5154  5166 W System  : A resource failed to call close. 
07-12 19:29:43.991  5154  5166 I chatty  : uid=10568(com.example.edgesum) FinalizerDaemon identical 68 lines
07-12 19:29:43.991  5154  5166 W System  : A resource failed to call close. 
07-12 19:29:48.274  5154  5154 V NearbyFragment: Transfer to Endpoint{id=21pY, name=Nexus 5 [1825]} complete
07-12 19:29:48.276  5154  5154 W NearbyFragment: Completed downloading 20200312_194730!002.mp4 from Endpoint{id=21pY, name=Nexus 5 [1825]} in 08.736s
07-12 19:29:48.286  5154  5154 V FileManager: External storage is readable
07-12 19:29:48.287  5154  5154 V FileManager: Directory already exists: /storage/emulated/0/Movies/segment-sum/20200312_194730
07-12 19:29:48.288  5154  5154 D NearbyFragment: Summarising 20200312_194730!002.mp4
07-12 19:29:48.288  5154  5154 V VideoManager: Retrieving video from /storage/emulated/0/Download/Nearby/20200312_194730!002.mp4
07-12 19:29:48.307  5154  5154 V VideoManager: videoFromCursor
07-12 19:29:48.312  5154  5154 V ProcessingVideosEventHandler: onAdd
07-12 19:29:48.313  5154  5154 V RawFootageEventHandler: onRemove
07-12 19:29:48.320  5154  5154 V NearbyFragment: Transfer to Endpoint{id=21pY, name=Nexus 5 [1825]} complete
07-12 19:29:48.338  5154  7885 V SummariserIntentService: onHandleIntent
07-12 19:29:48.339  5154  7885 D SummariserIntentService: Video{id='139398', data='/storage/emulated/0/Download/Nearby/20200312_194730!002.mp4', name='20200312_194730!002.mp4', size=16862320, visible=true, mimeType='video/mp4'}
07-12 19:29:48.339  5154  7885 D SummariserIntentService: /storage/emulated/0/Movies/segment-sum/20200312_194730/20200312_194730!002.mp4
07-12 19:29:48.342  5154  7885 I FfmpegTools: Running ffmpeg with:
07-12 19:29:48.342  5154  7885 I FfmpegTools:   -y -i /storage/emulated/0/Download/Nearby/20200312_194730!002.mp4 -vf freezedetect=n=-45.000000dB:d=1.000000,metadata=mode=print:file=/storage/emulated/0/Movies/raw/20200312_194730!002.txt -f null -
07-12 19:29:48.485  5154  6522 W mobile-ffmpeg: [graph 0 input from stream 0:0 @ 0x71f55ff700] sws_param option is deprecated and ignored
07-12 19:29:50.612  5154  7885 W Summariser: No activity detected
07-12 19:29:50.613  5154  7885 V FfmpegTools: Retrieving duration of /storage/emulated/0/Download/Nearby/20200312_194730!002.mp4
07-12 19:29:50.649  5154  7885 W Summariser: Summarisation completed
07-12 19:29:50.649  5154  7885 W Summariser:   filename: 20200312_194730!002.mp4
07-12 19:29:50.649  5154  7885 W Summariser:   active sections: 0
07-12 19:29:50.649  5154  7885 W Summariser:   time: 02.272s
07-12 19:29:50.649  5154  7885 W Summariser:   original duration: 16.01
07-12 19:29:50.649  5154  7885 W Summariser:   summarised duration: -1.00
07-12 19:29:50.649  5154  7885 W Summariser:   noise tolerance: 45.00
07-12 19:29:50.649  5154  7885 W Summariser:   quality: 23
07-12 19:29:50.649  5154  7885 W Summariser:   speed: medium
07-12 19:29:50.649  5154  7885 W Summariser:   freeze duration: 1.00
07-12 19:29:50.650  5154  7885 V ProcessingVideosEventHandler: onRemove
07-12 19:29:50.669  5154  5154 V NearbyFragment: Transfer to Endpoint{id=21pY, name=Nexus 5 [1825]} complete
07-12 19:29:50.712  5154  5173 D SummariserIntentService: Scanned /storage/emulated/0/Movies/summarised
07-12 19:29:50.712  5154  5173 D SummariserIntentService:   -> uri=content://media/external/file/139217
07-12 19:30:04.570  5154  5154 D NearbyFragment: onPayloadReceived(endpointId=21pY, payload=com.google.android.gms.nearby.connection.Payload@e9d3974)
07-12 19:30:04.573  5154  5154 V NearbyFragment: Started downloading SUMMARISE_SEGMENT:-8929041279819390798:20200312_194830!000.mp4:45.0_1.0_23_medium from Endpoint{id=21pY, name=Nexus 5 [1825]}
07-12 19:30:04.719  5154  5154 V NearbyFragment: Transfer to Endpoint{id=21pY, name=Nexus 5 [1825]} complete
07-12 19:30:05.491  5154  5154 D NearbyFragment: onPayloadReceived(endpointId=21pY, payload=com.google.android.gms.nearby.connection.Payload@42afe9d)
07-12 19:30:13.326  5154  5154 V NearbyFragment: Transfer to Endpoint{id=21pY, name=Nexus 5 [1825]} complete
07-12 19:30:13.328  5154  5154 W NearbyFragment: Completed downloading 20200312_194830!000.mp4 from Endpoint{id=21pY, name=Nexus 5 [1825]} in 08.752s
07-12 19:30:13.337  5154  5154 V FileManager: External storage is readable
07-12 19:30:13.341  5154  5154 V FileManager: Created new directory: /storage/emulated/0/Movies/segment-sum/20200312_194830
07-12 19:30:13.342  5154  5154 D NearbyFragment: Summarising 20200312_194830!000.mp4
07-12 19:30:13.342  5154  5154 V VideoManager: Retrieving video from /storage/emulated/0/Download/Nearby/20200312_194830!000.mp4
07-12 19:30:13.365  5154  5154 V VideoManager: videoFromCursor
07-12 19:30:13.371  5154  5154 V ProcessingVideosEventHandler: onAdd
07-12 19:30:13.372  5154  5154 V RawFootageEventHandler: onRemove
07-12 19:30:13.382  5154  5154 V NearbyFragment: Transfer to Endpoint{id=21pY, name=Nexus 5 [1825]} complete
07-12 19:30:13.405  5154  7917 V SummariserIntentService: onHandleIntent
07-12 19:30:13.409  5154  7917 D SummariserIntentService: Video{id='139399', data='/storage/emulated/0/Download/Nearby/20200312_194830!000.mp4', name='20200312_194830!000.mp4', size=16910623, visible=true, mimeType='video/mp4'}
07-12 19:30:13.409  5154  7917 D SummariserIntentService: /storage/emulated/0/Movies/segment-sum/20200312_194830/20200312_194830!000.mp4
07-12 19:30:13.411  5154  7917 I FfmpegTools: Running ffmpeg with:
07-12 19:30:13.411  5154  7917 I FfmpegTools:   -y -i /storage/emulated/0/Download/Nearby/20200312_194830!000.mp4 -vf freezedetect=n=-45.000000dB:d=1.000000,metadata=mode=print:file=/storage/emulated/0/Movies/raw/20200312_194830!000.txt -f null -
07-12 19:30:13.538  5154  6522 W mobile-ffmpeg: [graph 0 input from stream 0:0 @ 0x71f55ff700] sws_param option is deprecated and ignored
07-12 19:30:15.693  5154  7917 W Summariser: 1 active sections found
07-12 19:30:15.693  5154  7917 I FfmpegTools: Running ffmpeg with:
07-12 19:30:15.693  5154  7917 I FfmpegTools:   -y -i /storage/emulated/0/Download/Nearby/20200312_194830!000.mp4 -filter_complex [0:v]trim=6.839000:10.742000,setpts=PTS-STARTPTS[v0];[0:a]atrim=6.839000:10.742000,asetpts=PTS-STARTPTS[a0];[v0][a0]concat=n=1:v=1:a=1[outv][outa] -map [outv] -map [outa] -crf 23 -preset medium /storage/emulated/0/Movies/segment-sum/20200312_194830/20200312_194830!000.mp4
07-12 19:30:15.743  5154  6522 W mobile-ffmpeg: [graph 0 input from stream 0:0 @ 0x71f55ff640] sws_param option is deprecated and ignored
07-12 19:30:20.785  5154  7917 V FfmpegTools: Retrieving duration of /storage/emulated/0/Download/Nearby/20200312_194830!000.mp4
07-12 19:30:20.846  5154  7917 V FfmpegTools: Retrieving duration of /storage/emulated/0/Movies/segment-sum/20200312_194830/20200312_194830!000.mp4
07-12 19:30:20.891  5154  7917 W Summariser: Summarisation completed
07-12 19:30:20.891  5154  7917 W Summariser:   filename: 20200312_194830!000.mp4
07-12 19:30:20.891  5154  7917 W Summariser:   active sections: 1
07-12 19:30:20.891  5154  7917 W Summariser:   time: 07.375s
07-12 19:30:20.891  5154  7917 W Summariser:   original duration: 16.06
07-12 19:30:20.891  5154  7917 W Summariser:   summarised duration: 3.97
07-12 19:30:20.891  5154  7917 W Summariser:   noise tolerance: 45.00
07-12 19:30:20.891  5154  7917 W Summariser:   quality: 23
07-12 19:30:20.891  5154  7917 W Summariser:   speed: medium
07-12 19:30:20.891  5154  7917 W Summariser:   freeze duration: 1.00
07-12 19:30:20.891  5154  7917 V VideoManager: Retrieving video from /storage/emulated/0/Movies/segment-sum/20200312_194830/20200312_194830!000.mp4
07-12 19:30:20.909  5154  7917 V VideoManager: videoFromCursor
07-12 19:30:20.914  5154  7917 W NearbyFragment: Sending 20200312_194830!000.mp4 to Nexus 5 [1825]
07-12 19:30:20.916  5154  7917 V ProcessingVideosEventHandler: onRemove
07-12 19:30:20.945  5154  5154 V NearbyFragment: Transfer to Endpoint{id=21pY, name=Nexus 5 [1825]} complete
07-12 19:30:20.972  5154  5154 D NearbyFragment: onPayloadReceived(endpointId=21pY, payload=com.google.android.gms.nearby.connection.Payload@1865f5b)
07-12 19:30:20.973  5154  5154 V NearbyFragment: Started downloading SUMMARISE_SEGMENT:-7464828898212766002:20200312_194830!003.mp4:45.0_1.0_23_medium from Endpoint{id=21pY, name=Nexus 5 [1825]}
07-12 19:30:21.074  5154  5170 D SummariserIntentService: Scanned /storage/emulated/0/Movies/summarised
07-12 19:30:21.074  5154  5170 D SummariserIntentService:   -> uri=content://media/external/file/139217
07-12 19:30:21.096  5154  5154 V NearbyFragment: Transfer to Endpoint{id=21pY, name=Nexus 5 [1825]} complete
07-12 19:30:21.098  5154  5154 V NearbyFragment: Transfer to Endpoint{id=21pY, name=Nexus 5 [1825]} complete
07-12 19:30:21.156  5154  5154 D NearbyFragment: onPayloadReceived(endpointId=21pY, payload=com.google.android.gms.nearby.connection.Payload@2a683f8)
07-12 19:30:25.370  5154  5154 V NearbyFragment: Transfer to Endpoint{id=21pY, name=Nexus 5 [1825]} complete
07-12 19:30:25.373  5154  5154 W NearbyFragment: Completed downloading 20200312_194830!003.mp4 from Endpoint{id=21pY, name=Nexus 5 [1825]} in 04.397s
07-12 19:30:25.388  5154  5154 V FileManager: External storage is readable
07-12 19:30:25.390  5154  5154 V FileManager: Directory already exists: /storage/emulated/0/Movies/segment-sum/20200312_194830
07-12 19:30:25.391  5154  5154 D NearbyFragment: Summarising 20200312_194830!003.mp4
07-12 19:30:25.392  5154  5154 V VideoManager: Retrieving video from /storage/emulated/0/Download/Nearby/20200312_194830!003.mp4
07-12 19:30:25.426  5154  5154 D VideoManager: videoCursor is null
07-12 19:30:25.507  5154  5154 V VideoManager: videoFromCursor
07-12 19:30:25.512  5154  5154 V ProcessingVideosEventHandler: onAdd
07-12 19:30:25.512  5154  5154 V RawFootageEventHandler: onRemove
07-12 19:30:25.524  5154  5154 V NearbyFragment: Transfer to Endpoint{id=21pY, name=Nexus 5 [1825]} complete
07-12 19:30:25.532  5154  7998 V SummariserIntentService: onHandleIntent
07-12 19:30:25.533  5154  7998 D SummariserIntentService: Video{id='139445', data='/storage/emulated/0/Download/Nearby/20200312_194830!003.mp4', name='20200312_194830!003.mp4', size=12647949, visible=true, mimeType='video/mp4'}
07-12 19:30:25.533  5154  7998 D SummariserIntentService: /storage/emulated/0/Movies/segment-sum/20200312_194830/20200312_194830!003.mp4
07-12 19:30:25.537  5154  7998 I FfmpegTools: Running ffmpeg with:
07-12 19:30:25.537  5154  7998 I FfmpegTools:   -y -i /storage/emulated/0/Download/Nearby/20200312_194830!003.mp4 -vf freezedetect=n=-45.000000dB:d=1.000000,metadata=mode=print:file=/storage/emulated/0/Movies/raw/20200312_194830!003.txt -f null -
07-12 19:30:25.723  5154  6522 W mobile-ffmpeg: [graph 0 input from stream 0:0 @ 0x71f55ff700] sws_param option is deprecated and ignored
07-12 19:30:27.326  5154  7998 W Summariser: No activity detected
07-12 19:30:27.326  5154  7998 V FfmpegTools: Retrieving duration of /storage/emulated/0/Download/Nearby/20200312_194830!003.mp4
07-12 19:30:27.351  5154  7998 W Summariser: Summarisation completed
07-12 19:30:27.351  5154  7998 W Summariser:   filename: 20200312_194830!003.mp4
07-12 19:30:27.351  5154  7998 W Summariser:   active sections: 0
07-12 19:30:27.351  5154  7998 W Summariser:   time: 01.791s
07-12 19:30:27.351  5154  7998 W Summariser:   original duration: 11.98
07-12 19:30:27.351  5154  7998 W Summariser:   summarised duration: -1.00
07-12 19:30:27.351  5154  7998 W Summariser:   noise tolerance: 45.00
07-12 19:30:27.351  5154  7998 W Summariser:   quality: 23
07-12 19:30:27.351  5154  7998 W Summariser:   speed: medium
07-12 19:30:27.351  5154  7998 W Summariser:   freeze duration: 1.00
07-12 19:30:27.351  5154  7998 V ProcessingVideosEventHandler: onRemove
07-12 19:30:27.370  5154  5154 V NearbyFragment: Transfer to Endpoint{id=21pY, name=Nexus 5 [1825]} complete
07-12 19:30:27.413  5154  5173 D SummariserIntentService: Scanned /storage/emulated/0/Movies/summarised
07-12 19:30:27.413  5154  5173 D SummariserIntentService:   -> uri=content://media/external/file/139217
07-12 19:30:41.618  5154  5154 D NearbyFragment: onPayloadReceived(endpointId=21pY, payload=com.google.android.gms.nearby.connection.Payload@bbae909)
07-12 19:30:41.622  5154  5154 V NearbyFragment: Started downloading SUMMARISE_SEGMENT:-8690177955711195965:20200312_194930!000.mp4:45.0_1.0_23_medium from Endpoint{id=21pY, name=Nexus 5 [1825]}
07-12 19:30:41.733  5154  5154 V NearbyFragment: Transfer to Endpoint{id=21pY, name=Nexus 5 [1825]} complete
07-12 19:30:41.770  5154  5154 D NearbyFragment: onPayloadReceived(endpointId=21pY, payload=com.google.android.gms.nearby.connection.Payload@78c270e)
07-12 19:30:46.898  5154  5154 V NearbyFragment: Transfer to Endpoint{id=21pY, name=Nexus 5 [1825]} complete
07-12 19:30:46.900  5154  5154 W NearbyFragment: Completed downloading 20200312_194930!000.mp4 from Endpoint{id=21pY, name=Nexus 5 [1825]} in 05.276s
07-12 19:30:46.910  5154  5154 V FileManager: External storage is readable
07-12 19:30:46.914  5154  5154 V FileManager: Created new directory: /storage/emulated/0/Movies/segment-sum/20200312_194930
07-12 19:30:46.915  5154  5154 D NearbyFragment: Summarising 20200312_194930!000.mp4
07-12 19:30:46.915  5154  5154 V VideoManager: Retrieving video from /storage/emulated/0/Download/Nearby/20200312_194930!000.mp4
07-12 19:30:46.930  5154  5154 V VideoManager: videoFromCursor
07-12 19:30:46.934  5154  5154 V ProcessingVideosEventHandler: onAdd
07-12 19:30:46.935  5154  5154 V RawFootageEventHandler: onRemove
07-12 19:30:46.942  5154  5154 V NearbyFragment: Transfer to Endpoint{id=21pY, name=Nexus 5 [1825]} complete
07-12 19:30:46.951  5154  8045 V SummariserIntentService: onHandleIntent
07-12 19:30:46.954  5154  8045 D SummariserIntentService: Video{id='139438', data='/storage/emulated/0/Download/Nearby/20200312_194930!000.mp4', name='20200312_194930!000.mp4', size=16923489, visible=true, mimeType='video/mp4'}
