07-12 19:23:10.901  5154  5166 W System  : A resource failed to call close. 
07-12 19:23:11.514  5154  5154 V NearbyFragment: Transfer to Endpoint{id=21pY, name=Nexus 5 [1825]} complete
07-12 19:23:14.520  5154  5154 D NearbyFragment: onPayloadReceived(endpointId=21pY, payload=com.google.android.gms.nearby.connection.Payload@96d964b)
07-12 19:23:20.954  5154  5154 V NearbyFragment: Transfer to Endpoint{id=21pY, name=Nexus 5 [1825]} complete
07-12 19:23:20.957  5154  5154 W NearbyFragment: Completed downloading 20200312_150844!002.mp4 from Endpoint{id=21pY, name=Nexus 5 [1825]} in 13.852s
07-12 19:23:20.968  5154  5154 V FileManager: External storage is readable
07-12 19:23:20.969  5154  5154 V FileManager: Directory already exists: /storage/emulated/0/Movies/segment-sum/20200312_150844
07-12 19:23:20.971  5154  5154 D NearbyFragment: Summarising 20200312_150844!002.mp4
07-12 19:23:20.972  5154  5154 V VideoManager: Retrieving video from /storage/emulated/0/Download/Nearby/20200312_150844!002.mp4
07-12 19:23:20.994  5154  5154 V VideoManager: videoFromCursor
07-12 19:23:21.000  5154  5154 V ProcessingVideosEventHandler: onAdd
07-12 19:23:21.001  5154  5154 V RawFootageEventHandler: onRemove
07-12 19:23:21.009  5154  5154 V NearbyFragment: Transfer to Endpoint{id=21pY, name=Nexus 5 [1825]} complete
07-12 19:23:21.022  5154  6797 V SummariserIntentService: onHandleIntent
07-12 19:23:21.023  5154  6797 D SummariserIntentService: Video{id='139364', data='/storage/emulated/0/Download/Nearby/20200312_150844!002.mp4', name='20200312_150844!002.mp4', size=16805379, visible=true, mimeType='video/mp4'}
07-12 19:23:21.023  5154  6797 D SummariserIntentService: /storage/emulated/0/Movies/segment-sum/20200312_150844/20200312_150844!002.mp4
07-12 19:23:21.025  5154  6797 I FfmpegTools: Running ffmpeg with:
07-12 19:23:21.025  5154  6797 I FfmpegTools:   -y -i /storage/emulated/0/Download/Nearby/20200312_150844!002.mp4 -vf freezedetect=n=-45.000000dB:d=1.000000,metadata=mode=print:file=/storage/emulated/0/Movies/raw/20200312_150844!002.txt -f null -
07-12 19:23:21.146  5154  6522 W mobile-ffmpeg: [graph 0 input from stream 0:0 @ 0x720812a780] sws_param option is deprecated and ignored
07-12 19:23:23.228  5154  6797 D Summariser: No freeze file
07-12 19:23:23.228  5154  6797 W Summariser: Whole video is active
07-12 19:23:23.613  5154  6797 V FfmpegTools: Retrieving duration of /storage/emulated/0/Download/Nearby/20200312_150844!002.mp4
07-12 19:23:23.654  5154  6797 V FfmpegTools: Retrieving duration of /storage/emulated/0/Movies/segment-sum/20200312_150844/20200312_150844!002.mp4
07-12 19:23:23.693  5154  6797 W Summariser: Summarisation completed
07-12 19:23:23.693  5154  6797 W Summariser:   filename: 20200312_150844!002.mp4
07-12 19:23:23.693  5154  6797 W Summariser:   active sections: -1
07-12 19:23:23.693  5154  6797 W Summariser:   time: 02.589s
07-12 19:23:23.693  5154  6797 W Summariser:   original duration: 16.01
07-12 19:23:23.693  5154  6797 W Summariser:   summarised duration: 16.01
07-12 19:23:23.693  5154  6797 W Summariser:   noise tolerance: 45.00
07-12 19:23:23.693  5154  6797 W Summariser:   quality: 23
07-12 19:23:23.693  5154  6797 W Summariser:   speed: medium
07-12 19:23:23.693  5154  6797 W Summariser:   freeze duration: 1.00
07-12 19:23:23.693  5154  6797 V VideoManager: Retrieving video from /storage/emulated/0/Movies/segment-sum/20200312_150844/20200312_150844!002.mp4
07-12 19:23:23.717  5154  6797 V VideoManager: videoFromCursor
07-12 19:23:23.722  5154  6797 W NearbyFragment: Sending 20200312_150844!002.mp4 to Nexus 5 [1825]
07-12 19:23:23.726  5154  6797 V ProcessingVideosEventHandler: onRemove
07-12 19:23:23.764  5154  5154 V NearbyFragment: Transfer to Endpoint{id=21pY, name=Nexus 5 [1825]} complete
07-12 19:23:23.833  5154  6787 D SummariserIntentService: Scanned /storage/emulated/0/Movies/summarised
07-12 19:23:23.833  5154  6787 D SummariserIntentService:   -> uri=content://media/external/file/139217
07-12 19:23:28.211  5154  5154 V NearbyFragment: Transfer to Endpoint{id=21pY, name=Nexus 5 [1825]} complete
07-12 19:23:44.354  5154  5154 D NearbyFragment: onPayloadReceived(endpointId=21pY, payload=com.google.android.gms.nearby.connection.Payload@36384be)
07-12 19:23:44.359  5154  5154 V NearbyFragment: Started downloading SUMMARISE_SEGMENT:-5218458388766780627:20200312_150944!000.mp4:45.0_1.0_23_medium from Endpoint{id=21pY, name=Nexus 5 [1825]}
07-12 19:23:44.370  5154  5154 V NearbyFragment: Transfer to Endpoint{id=21pY, name=Nexus 5 [1825]} complete
07-12 19:23:44.384  5154  5154 D NearbyFragment: onPayloadReceived(endpointId=21pY, payload=com.google.android.gms.nearby.connection.Payload@cc5991f)
07-12 19:23:48.531  5154  5154 V NearbyFragment: Transfer to Endpoint{id=21pY, name=Nexus 5 [1825]} complete
07-12 19:23:48.533  5154  5154 W NearbyFragment: Completed downloading 20200312_150944!000.mp4 from Endpoint{id=21pY, name=Nexus 5 [1825]} in 04.169s
07-12 19:23:48.541  5154  5154 V FileManager: External storage is readable
07-12 19:23:48.545  5154  5154 V FileManager: Created new directory: /storage/emulated/0/Movies/segment-sum/20200312_150944
07-12 19:23:48.546  5154  5154 D NearbyFragment: Summarising 20200312_150944!000.mp4
07-12 19:23:48.547  5154  5154 V VideoManager: Retrieving video from /storage/emulated/0/Download/Nearby/20200312_150944!000.mp4
07-12 19:23:48.566  5154  5154 V VideoManager: videoFromCursor
07-12 19:23:48.571  5154  5154 V ProcessingVideosEventHandler: onAdd
07-12 19:23:48.572  5154  5154 V RawFootageEventHandler: onRemove
07-12 19:23:48.580  5154  5154 V NearbyFragment: Transfer to Endpoint{id=21pY, name=Nexus 5 [1825]} complete
07-12 19:23:48.593  5154  6866 V SummariserIntentService: onHandleIntent
07-12 19:23:48.595  5154  6866 D SummariserIntentService: Video{id='139366', data='/storage/emulated/0/Download/Nearby/20200312_150944!000.mp4', name='20200312_150944!000.mp4', size=16983218, visible=true, mimeType='video/mp4'}
07-12 19:23:48.595  5154  6866 D SummariserIntentService: /storage/emulated/0/Movies/segment-sum/20200312_150944/20200312_150944!000.mp4
07-12 19:23:48.598  5154  6866 I FfmpegTools: Running ffmpeg with:
07-12 19:23:48.598  5154  6866 I FfmpegTools:   -y -i /storage/emulated/0/Download/Nearby/20200312_150944!000.mp4 -vf freezedetect=n=-45.000000dB:d=1.000000,metadata=mode=print:file=/storage/emulated/0/Movies/raw/20200312_150944!000.txt -f null -
07-12 19:23:48.752  5154  6522 W mobile-ffmpeg: [graph 0 input from stream 0:0 @ 0x720812a780] sws_param option is deprecated and ignored
07-12 19:23:50.949  5154  6866 W Summariser: 1 active sections found
07-12 19:23:50.949  5154  6866 I FfmpegTools: Running ffmpeg with:
07-12 19:23:50.949  5154  6866 I FfmpegTools:   -y -i /storage/emulated/0/Download/Nearby/20200312_150944!000.mp4 -filter_complex [0:v]trim=0.000000:7.006000,setpts=PTS-STARTPTS[v0];[0:a]atrim=0.000000:7.006000,asetpts=PTS-STARTPTS[a0];[v0][a0]concat=n=1:v=1:a=1[outv][outa] -map [outv] -map [outa] -crf 23 -preset medium /storage/emulated/0/Movies/segment-sum/20200312_150944/20200312_150944!000.mp4
07-12 19:23:51.000  5154  6522 W mobile-ffmpeg: [graph 0 input from stream 0:0 @ 0x720812a6c0] sws_param option is deprecated and ignored
07-12 19:23:57.996  5154  6866 V FfmpegTools: Retrieving duration of /storage/emulated/0/Download/Nearby/20200312_150944!000.mp4
07-12 19:23:58.024  5154  6866 V FfmpegTools: Retrieving duration of /storage/emulated/0/Movies/segment-sum/20200312_150944/20200312_150944!000.mp4
07-12 19:23:58.045  5154  6866 W Summariser: Summarisation completed
07-12 19:23:58.045  5154  6866 W Summariser:   filename: 20200312_150944!000.mp4
07-12 19:23:58.045  5154  6866 W Summariser:   active sections: 1
07-12 19:23:58.045  5154  6866 W Summariser:   time: 09.400s
07-12 19:23:58.045  5154  6866 W Summariser:   original duration: 16.06
07-12 19:23:58.045  5154  6866 W Summariser:   summarised duration: 7.07
07-12 19:23:58.045  5154  6866 W Summariser:   noise tolerance: 45.00
07-12 19:23:58.045  5154  6866 W Summariser:   quality: 23
07-12 19:23:58.045  5154  6866 W Summariser:   speed: medium
07-12 19:23:58.045  5154  6866 W Summariser:   freeze duration: 1.00
07-12 19:23:58.046  5154  6866 V VideoManager: Retrieving video from /storage/emulated/0/Movies/segment-sum/20200312_150944/20200312_150944!000.mp4
07-12 19:23:58.059  5154  6866 V VideoManager: videoFromCursor
07-12 19:23:58.063  5154  6866 W NearbyFragment: Sending 20200312_150944!000.mp4 to Nexus 5 [1825]
07-12 19:23:58.064  5154  6866 V ProcessingVideosEventHandler: onRemove
07-12 19:23:58.090  5154  5154 V NearbyFragment: Transfer to Endpoint{id=21pY, name=Nexus 5 [1825]} complete
07-12 19:23:58.123  5154  5154 D NearbyFragment: onPayloadReceived(endpointId=21pY, payload=com.google.android.gms.nearby.connection.Payload@536caed)
07-12 19:23:58.124  5154  5154 V NearbyFragment: Started downloading SUMMARISE_SEGMENT:-8143283693091348286:20200312_150944!003.mp4:45.0_1.0_23_medium from Endpoint{id=21pY, name=Nexus 5 [1825]}
07-12 19:23:58.145  5154  5154 V NearbyFragment: Transfer to Endpoint{id=21pY, name=Nexus 5 [1825]} complete
07-12 19:23:58.165  5154  5154 V NearbyFragment: Transfer to Endpoint{id=21pY, name=Nexus 5 [1825]} complete
07-12 19:23:58.175  5154  5173 D SummariserIntentService: Scanned /storage/emulated/0/Movies/summarised
07-12 19:23:58.175  5154  5173 D SummariserIntentService:   -> uri=content://media/external/file/139217
07-12 19:23:58.200  5154  5154 D NearbyFragment: onPayloadReceived(endpointId=21pY, payload=com.google.android.gms.nearby.connection.Payload@a76cd22)
07-12 19:24:03.025  5154  5154 V NearbyFragment: Transfer to Endpoint{id=21pY, name=Nexus 5 [1825]} complete
07-12 19:24:03.026  5154  5154 W NearbyFragment: Completed downloading 20200312_150944!003.mp4 from Endpoint{id=21pY, name=Nexus 5 [1825]} in 04.901s
07-12 19:24:03.032  5154  5154 V FileManager: External storage is readable
07-12 19:24:03.032  5154  5154 V FileManager: Directory already exists: /storage/emulated/0/Movies/segment-sum/20200312_150944
07-12 19:24:03.033  5154  5154 D NearbyFragment: Summarising 20200312_150944!003.mp4
07-12 19:24:03.033  5154  5154 V VideoManager: Retrieving video from /storage/emulated/0/Download/Nearby/20200312_150944!003.mp4
07-12 19:24:03.052  5154  5154 V VideoManager: videoFromCursor
07-12 19:24:03.056  5154  5154 V ProcessingVideosEventHandler: onAdd
07-12 19:24:03.057  5154  5154 V RawFootageEventHandler: onRemove
07-12 19:24:03.064  5154  5154 V NearbyFragment: Transfer to Endpoint{id=21pY, name=Nexus 5 [1825]} complete
07-12 19:24:03.077  5154  6960 V SummariserIntentService: onHandleIntent
07-12 19:24:03.077  5154  6960 D SummariserIntentService: Video{id='139422', data='/storage/emulated/0/Download/Nearby/20200312_150944!003.mp4', name='20200312_150944!003.mp4', size=12751346, visible=true, mimeType='video/mp4'}
07-12 19:24:03.078  5154  6960 D SummariserIntentService: /storage/emulated/0/Movies/segment-sum/20200312_150944/20200312_150944!003.mp4
07-12 19:24:03.080  5154  6960 I FfmpegTools: Running ffmpeg with:
07-12 19:24:03.080  5154  6960 I FfmpegTools:   -y -i /storage/emulated/0/Download/Nearby/20200312_150944!003.mp4 -vf freezedetect=n=-45.000000dB:d=1.000000,metadata=mode=print:file=/storage/emulated/0/Movies/raw/20200312_150944!003.txt -f null -
07-12 19:24:03.218  5154  6522 W mobile-ffmpeg: [graph 0 input from stream 0:0 @ 0x720812a780] sws_param option is deprecated and ignored
07-12 19:24:04.899  5154  6960 W Summariser: No activity detected
07-12 19:24:04.900  5154  6960 V FfmpegTools: Retrieving duration of /storage/emulated/0/Download/Nearby/20200312_150944!003.mp4
07-12 19:24:04.930  5154  6960 W Summariser: Summarisation completed
07-12 19:24:04.930  5154  6960 W Summariser:   filename: 20200312_150944!003.mp4
07-12 19:24:04.930  5154  6960 W Summariser:   active sections: 0
07-12 19:24:04.930  5154  6960 W Summariser:   time: 01.822s
07-12 19:24:04.930  5154  6960 W Summariser:   original duration: 12.01
07-12 19:24:04.930  5154  6960 W Summariser:   summarised duration: -1.00
07-12 19:24:04.930  5154  6960 W Summariser:   noise tolerance: 45.00
07-12 19:24:04.930  5154  6960 W Summariser:   quality: 23
07-12 19:24:04.930  5154  6960 W Summariser:   speed: medium
07-12 19:24:04.930  5154  6960 W Summariser:   freeze duration: 1.00
07-12 19:24:04.931  5154  6960 V ProcessingVideosEventHandler: onRemove
07-12 19:24:04.956  5154  5154 V NearbyFragment: Transfer to Endpoint{id=21pY, name=Nexus 5 [1825]} complete
07-12 19:24:05.000  5154  5173 D SummariserIntentService: Scanned /storage/emulated/0/Movies/summarised
07-12 19:24:05.000  5154  5173 D SummariserIntentService:   -> uri=content://media/external/file/139217
07-12 19:24:20.194  5154  5154 D NearbyFragment: onPayloadReceived(endpointId=21pY, payload=com.google.android.gms.nearby.connection.Payload@e9c162b)
07-12 19:24:20.199  5154  5154 V NearbyFragment: Started downloading SUMMARISE_SEGMENT:-5572248871791346499:20200312_151044!000.mp4:45.0_1.0_23_medium from Endpoint{id=21pY, name=Nexus 5 [1825]}
07-12 19:24:20.208  5154  5154 V NearbyFragment: Transfer to Endpoint{id=21pY, name=Nexus 5 [1825]} complete
07-12 19:24:20.222  5154  5154 D NearbyFragment: onPayloadReceived(endpointId=21pY, payload=com.google.android.gms.nearby.connection.Payload@778ba88)
07-12 19:24:24.173  5154  5154 V NearbyFragment: Transfer to Endpoint{id=21pY, name=Nexus 5 [1825]} complete
07-12 19:24:24.174  5154  5154 W NearbyFragment: Completed downloading 20200312_151044!000.mp4 from Endpoint{id=21pY, name=Nexus 5 [1825]} in 03.973s
07-12 19:24:24.185  5154  5154 V FileManager: External storage is readable
07-12 19:24:24.187  5154  5154 V FileManager: Created new directory: /storage/emulated/0/Movies/segment-sum/20200312_151044
07-12 19:24:24.188  5154  5154 D NearbyFragment: Summarising 20200312_151044!000.mp4
07-12 19:24:24.189  5154  5154 V VideoManager: Retrieving video from /storage/emulated/0/Download/Nearby/20200312_151044!000.mp4
07-12 19:24:24.223  5154  5154 V VideoManager: videoFromCursor
07-12 19:24:24.230  5154  5154 V ProcessingVideosEventHandler: onAdd
07-12 19:24:24.231  5154  5154 V RawFootageEventHandler: onRemove
07-12 19:24:24.242  5154  5154 V NearbyFragment: Transfer to Endpoint{id=21pY, name=Nexus 5 [1825]} complete
07-12 19:24:24.260  5154  7001 V SummariserIntentService: onHandleIntent
07-12 19:24:24.263  5154  7001 D SummariserIntentService: Video{id='139370', data='/storage/emulated/0/Download/Nearby/20200312_151044!000.mp4', name='20200312_151044!000.mp4', size=16831892, visible=true, mimeType='video/mp4'}
07-12 19:24:24.263  5154  7001 D SummariserIntentService: /storage/emulated/0/Movies/segment-sum/20200312_151044/20200312_151044!000.mp4
07-12 19:24:24.268  5154  7001 I FfmpegTools: Running ffmpeg with:
07-12 19:24:24.268  5154  7001 I FfmpegTools:   -y -i /storage/emulated/0/Download/Nearby/20200312_151044!000.mp4 -vf freezedetect=n=-45.000000dB:d=1.000000,metadata=mode=print:file=/storage/emulated/0/Movies/raw/20200312_151044!000.txt -f null -
07-12 19:24:24.426  5154  6522 W mobile-ffmpeg: [graph 0 input from stream 0:0 @ 0x720812a780] sws_param option is deprecated and ignored
07-12 19:24:26.547  5154  7001 W Summariser: No activity detected
07-12 19:24:26.548  5154  7001 V FfmpegTools: Retrieving duration of /storage/emulated/0/Download/Nearby/20200312_151044!000.mp4
07-12 19:24:26.577  5154  7001 W Summariser: Summarisation completed
07-12 19:24:26.577  5154  7001 W Summariser:   filename: 20200312_151044!000.mp4
07-12 19:24:26.577  5154  7001 W Summariser:   active sections: 0
07-12 19:24:26.577  5154  7001 W Summariser:   time: 02.282s
07-12 19:24:26.577  5154  7001 W Summariser:   original duration: 16.07
07-12 19:24:26.577  5154  7001 W Summariser:   summarised duration: -1.00
07-12 19:24:26.577  5154  7001 W Summariser:   noise tolerance: 45.00
07-12 19:24:26.577  5154  7001 W Summariser:   quality: 23
07-12 19:24:26.577  5154  7001 W Summariser:   speed: medium
07-12 19:24:26.577  5154  7001 W Summariser:   freeze duration: 1.00
07-12 19:24:26.578  5154  7001 V ProcessingVideosEventHandler: onRemove
07-12 19:24:26.590  5154  5154 V NearbyFragment: Transfer to Endpoint{id=21pY, name=Nexus 5 [1825]} complete
07-12 19:24:26.633  5154  5173 D SummariserIntentService: Scanned /storage/emulated/0/Movies/summarised
07-12 19:24:26.633  5154  5173 D SummariserIntentService:   -> uri=content://media/external/file/139217
07-12 19:24:26.635  5154  5154 D NearbyFragment: onPayloadReceived(endpointId=21pY, payload=com.google.android.gms.nearby.connection.Payload@43a1e59)
07-12 19:24:26.637  5154  5154 V NearbyFragment: Started downloading SUMMARISE_SEGMENT:-6497444230782939218:20200312_151044!002.mp4:45.0_1.0_23_medium from Endpoint{id=21pY, name=Nexus 5 [1825]}
07-12 19:24:26.707  5154  5154 V NearbyFragment: Transfer to Endpoint{id=21pY, name=Nexus 5 [1825]} complete
07-12 19:24:32.148  5154  5154 D NearbyFragment: onPayloadReceived(endpointId=21pY, payload=com.google.android.gms.nearby.connection.Payload@3d43a1e)
07-12 19:24:37.182  5154  5154 V NearbyFragment: Transfer to Endpoint{id=21pY, name=Nexus 5 [1825]} complete
07-12 19:24:37.185  5154  5154 W NearbyFragment: Completed downloading 20200312_151044!002.mp4 from Endpoint{id=21pY, name=Nexus 5 [1825]} in 10.546s
07-12 19:24:37.195  5154  5154 V FileManager: External storage is readable
07-12 19:24:37.197  5154  5154 V FileManager: Directory already exists: /storage/emulated/0/Movies/segment-sum/20200312_151044
07-12 19:24:37.199  5154  5154 D NearbyFragment: Summarising 20200312_151044!002.mp4
07-12 19:24:37.200  5154  5154 V VideoManager: Retrieving video from /storage/emulated/0/Download/Nearby/20200312_151044!002.mp4
07-12 19:24:37.223  5154  5154 V VideoManager: videoFromCursor
07-12 19:24:37.229  5154  5154 V ProcessingVideosEventHandler: onAdd
07-12 19:24:37.230  5154  5154 V RawFootageEventHandler: onRemove
07-12 19:24:37.241  5154  5154 V NearbyFragment: Transfer to Endpoint{id=21pY, name=Nexus 5 [1825]} complete
07-12 19:24:37.262  5154  7039 V SummariserIntentService: onHandleIntent
07-12 19:24:37.263  5154  7039 D SummariserIntentService: Video{id='139371', data='/storage/emulated/0/Download/Nearby/20200312_151044!002.mp4', name='20200312_151044!002.mp4', size=16939075, visible=true, mimeType='video/mp4'}
07-12 19:24:37.264  5154  7039 D SummariserIntentService: /storage/emulated/0/Movies/segment-sum/20200312_151044/20200312_151044!002.mp4
07-12 19:24:37.267  5154  7039 I FfmpegTools: Running ffmpeg with:
07-12 19:24:37.267  5154  7039 I FfmpegTools:   -y -i /storage/emulated/0/Download/Nearby/20200312_151044!002.mp4 -vf freezedetect=n=-45.000000dB:d=1.000000,metadata=mode=print:file=/storage/emulated/0/Movies/raw/20200312_151044!002.txt -f null -
07-12 19:24:37.426  5154  6522 W mobile-ffmpeg: [graph 0 input from stream 0:0 @ 0x720812a780] sws_param option is deprecated and ignored
07-12 19:24:39.482  5154  7039 W Summariser: No activity detected
07-12 19:24:39.483  5154  7039 V FfmpegTools: Retrieving duration of /storage/emulated/0/Download/Nearby/20200312_151044!002.mp4
07-12 19:24:39.523  5154  7039 W Summariser: Summarisation completed
07-12 19:24:39.523  5154  7039 W Summariser:   filename: 20200312_151044!002.mp4
07-12 19:24:39.523  5154  7039 W Summariser:   active sections: 0
07-12 19:24:39.523  5154  7039 W Summariser:   time: 02.218s
07-12 19:24:39.523  5154  7039 W Summariser:   original duration: 16.01
07-12 19:24:39.523  5154  7039 W Summariser:   summarised duration: -1.00
07-12 19:24:39.523  5154  7039 W Summariser:   noise tolerance: 45.00
07-12 19:24:39.523  5154  7039 W Summariser:   quality: 23
07-12 19:24:39.523  5154  7039 W Summariser:   speed: medium
07-12 19:24:39.523  5154  7039 W Summariser:   freeze duration: 1.00
07-12 19:24:39.524  5154  7039 V ProcessingVideosEventHandler: onRemove
07-12 19:24:39.536  5154  5154 V NearbyFragment: Transfer to Endpoint{id=21pY, name=Nexus 5 [1825]} complete
07-12 19:24:39.589  5154  5173 D SummariserIntentService: Scanned /storage/emulated/0/Movies/summarised
07-12 19:24:39.589  5154  5173 D SummariserIntentService:   -> uri=content://media/external/file/139217
07-12 19:24:51.321  5154  5154 D NearbyFragment: onPayloadReceived(endpointId=21pY, payload=com.google.android.gms.nearby.connection.Payload@3d562f7)
07-12 19:24:51.325  5154  5154 V NearbyFragment: Started downloading SUMMARISE_SEGMENT:-9113069912396935470:20200312_193528!000.mp4:45.0_1.0_23_medium from Endpoint{id=21pY, name=Nexus 5 [1825]}
07-12 19:24:51.351  5154  5154 D NearbyFragment: onPayloadReceived(endpointId=21pY, payload=com.google.android.gms.nearby.connection.Payload@80c9564)
07-12 19:24:51.354  5154  5154 V NearbyFragment: Transfer to Endpoint{id=21pY, name=Nexus 5 [1825]} complete
07-12 19:24:55.372  5154  5154 V NearbyFragment: Transfer to Endpoint{id=21pY, name=Nexus 5 [1825]} complete
07-12 19:24:55.374  5154  5154 W NearbyFragment: Completed downloading 20200312_193528!000.mp4 from Endpoint{id=21pY, name=Nexus 5 [1825]} in 04.045s
07-12 19:24:55.385  5154  5154 V FileManager: External storage is readable
07-12 19:24:55.389  5154  5154 V FileManager: Created new directory: /storage/emulated/0/Movies/segment-sum/20200312_193528
07-12 19:24:55.391  5154  5154 D NearbyFragment: Summarising 20200312_193528!000.mp4
07-12 19:24:55.392  5154  5154 V VideoManager: Retrieving video from /storage/emulated/0/Download/Nearby/20200312_193528!000.mp4
07-12 19:24:55.413  5154  5154 V VideoManager: videoFromCursor
07-12 19:24:55.419  5154  5154 V ProcessingVideosEventHandler: onAdd
07-12 19:24:55.420  5154  5154 V RawFootageEventHandler: onRemove
07-12 19:24:55.429  5154  5154 V NearbyFragment: Transfer to Endpoint{id=21pY, name=Nexus 5 [1825]} complete
07-12 19:24:55.445  5154  7077 V SummariserIntentService: onHandleIntent
07-12 19:24:55.447  5154  7077 D SummariserIntentService: Video{id='139372', data='/storage/emulated/0/Download/Nearby/20200312_193528!000.mp4', name='20200312_193528!000.mp4', size=16832420, visible=true, mimeType='video/mp4'}
07-12 19:24:55.447  5154  7077 D SummariserIntentService: /storage/emulated/0/Movies/segment-sum/20200312_193528/20200312_193528!000.mp4
07-12 19:24:55.453  5154  7077 I FfmpegTools: Running ffmpeg with:
07-12 19:24:55.453  5154  7077 I FfmpegTools:   -y -i /storage/emulated/0/Download/Nearby/20200312_193528!000.mp4 -vf freezedetect=n=-45.000000dB:d=1.000000,metadata=mode=print:file=/storage/emulated/0/Movies/raw/20200312_193528!000.txt -f null -
07-12 19:24:55.588  5154  6522 W mobile-ffmpeg: [graph 0 input from stream 0:0 @ 0x720812a780] sws_param option is deprecated and ignored
07-12 19:24:57.726  5154  7077 W Summariser: No activity detected
07-12 19:24:57.726  5154  7077 V FfmpegTools: Retrieving duration of /storage/emulated/0/Download/Nearby/20200312_193528!000.mp4
07-12 19:24:57.754  5154  7077 W Summariser: Summarisation completed
07-12 19:24:57.754  5154  7077 W Summariser:   filename: 20200312_193528!000.mp4
07-12 19:24:57.754  5154  7077 W Summariser:   active sections: 0
07-12 19:24:57.754  5154  7077 W Summariser:   time: 02.275s
07-12 19:24:57.754  5154  7077 W Summariser:   original duration: 16.06
07-12 19:24:57.754  5154  7077 W Summariser:   summarised duration: -1.00
07-12 19:24:57.754  5154  7077 W Summariser:   noise tolerance: 45.00
07-12 19:24:57.754  5154  7077 W Summariser:   quality: 23
07-12 19:24:57.754  5154  7077 W Summariser:   speed: medium
07-12 19:24:57.754  5154  7077 W Summariser:   freeze duration: 1.00
07-12 19:24:57.755  5154  7077 V ProcessingVideosEventHandler: onRemove
07-12 19:24:57.772  5154  5154 V NearbyFragment: Transfer to Endpoint{id=21pY, name=Nexus 5 [1825]} complete
07-12 19:24:57.794  5154  5154 D NearbyFragment: onPayloadReceived(endpointId=21pY, payload=com.google.android.gms.nearby.connection.Payload@16121da)
07-12 19:24:57.795  5154  5154 V NearbyFragment: Started downloading SUMMARISE_SEGMENT:-6662779364509416225:20200312_193528!002.mp4:45.0_1.0_23_medium from Endpoint{id=21pY, name=Nexus 5 [1825]}
07-12 19:24:57.818  5154  6787 D SummariserIntentService: Scanned /storage/emulated/0/Movies/summarised
07-12 19:24:57.818  5154  6787 D SummariserIntentService:   -> uri=content://media/external/file/139217
07-12 19:24:57.887  5154  5154 V NearbyFragment: Transfer to Endpoint{id=21pY, name=Nexus 5 [1825]} complete
07-12 19:25:02.707  5154  5154 D NearbyFragment: onPayloadReceived(endpointId=21pY, payload=com.google.android.gms.nearby.connection.Payload@748060b)
07-12 19:25:07.723  5154  5154 V NearbyFragment: Transfer to Endpoint{id=21pY, name=Nexus 5 [1825]} complete
07-12 19:25:07.725  5154  5154 W NearbyFragment: Completed downloading 20200312_193528!002.mp4 from Endpoint{id=21pY, name=Nexus 5 [1825]} in 09.929s
07-12 19:25:07.734  5154  5154 V FileManager: External storage is readable
07-12 19:25:07.735  5154  5154 V FileManager: Directory already exists: /storage/emulated/0/Movies/segment-sum/20200312_193528
07-12 19:25:07.736  5154  5154 D NearbyFragment: Summarising 20200312_193528!002.mp4
07-12 19:25:07.737  5154  5154 V VideoManager: Retrieving video from /storage/emulated/0/Download/Nearby/20200312_193528!002.mp4
07-12 19:25:07.757  5154  5154 V VideoManager: videoFromCursor
07-12 19:25:07.763  5154  5154 V ProcessingVideosEventHandler: onAdd
07-12 19:25:07.763  5154  5154 V RawFootageEventHandler: onRemove
07-12 19:25:07.770  5154  5154 V NearbyFragment: Transfer to Endpoint{id=21pY, name=Nexus 5 [1825]} complete
07-12 19:25:07.784  5154  7113 V SummariserIntentService: onHandleIntent
07-12 19:25:07.785  5154  7113 D SummariserIntentService: Video{id='139373', data='/storage/emulated/0/Download/Nearby/20200312_193528!002.mp4', name='20200312_193528!002.mp4', size=16948481, visible=true, mimeType='video/mp4'}
07-12 19:25:07.786  5154  7113 D SummariserIntentService: /storage/emulated/0/Movies/segment-sum/20200312_193528/20200312_193528!002.mp4
07-12 19:25:07.789  5154  7113 I FfmpegTools: Running ffmpeg with:
07-12 19:25:07.789  5154  7113 I FfmpegTools:   -y -i /storage/emulated/0/Download/Nearby/20200312_193528!002.mp4 -vf freezedetect=n=-45.000000dB:d=1.000000,metadata=mode=print:file=/storage/emulated/0/Movies/raw/20200312_193528!002.txt -f null -
07-12 19:25:07.923  5154  6522 W mobile-ffmpeg: [graph 0 input from stream 0:0 @ 0x720812a780] sws_param option is deprecated and ignored
07-12 19:25:10.077  5154  7113 W Summariser: No activity detected
07-12 19:25:10.078  5154  7113 V FfmpegTools: Retrieving duration of /storage/emulated/0/Download/Nearby/20200312_193528!002.mp4
07-12 19:25:10.106  5154  7113 W Summariser: Summarisation completed
07-12 19:25:10.106  5154  7113 W Summariser:   filename: 20200312_193528!002.mp4
07-12 19:25:10.106  5154  7113 W Summariser:   active sections: 0
07-12 19:25:10.106  5154  7113 W Summariser:   time: 02.290s
07-12 19:25:10.106  5154  7113 W Summariser:   original duration: 16.06
07-12 19:25:10.106  5154  7113 W Summariser:   summarised duration: -1.00
07-12 19:25:10.106  5154  7113 W Summariser:   noise tolerance: 45.00
07-12 19:25:10.106  5154  7113 W Summariser:   quality: 23
07-12 19:25:10.106  5154  7113 W Summariser:   speed: medium
07-12 19:25:10.106  5154  7113 W Summariser:   freeze duration: 1.00
07-12 19:25:10.106  5154  7113 V ProcessingVideosEventHandler: onRemove
07-12 19:25:10.125  5154  5154 V NearbyFragment: Transfer to Endpoint{id=21pY, name=Nexus 5 [1825]} complete
07-12 19:25:10.165  5154  6787 D SummariserIntentService: Scanned /storage/emulated/0/Movies/summarised
07-12 19:25:10.165  5154  6787 D SummariserIntentService:   -> uri=content://media/external/file/139217
07-12 19:25:21.122  5154  5154 D NearbyFragment: onPayloadReceived(endpointId=21pY, payload=com.google.android.gms.nearby.connection.Payload@21ba100)
07-12 19:25:21.127  5154  5154 V NearbyFragment: Started downloading SUMMARISE_SEGMENT:-7074133932729151594:20200312_193628!000.mp4:45.0_1.0_23_medium from Endpoint{id=21pY, name=Nexus 5 [1825]}
07-12 19:25:21.136  5154  5154 V NearbyFragment: Transfer to Endpoint{id=21pY, name=Nexus 5 [1825]} complete
07-12 19:25:21.171  5154  5154 D NearbyFragment: onPayloadReceived(endpointId=21pY, payload=com.google.android.gms.nearby.connection.Payload@6d1bd39)
07-12 19:25:25.383  5154  5154 V NearbyFragment: Transfer to Endpoint{id=21pY, name=Nexus 5 [1825]} complete
07-12 19:25:25.386  5154  5154 W NearbyFragment: Completed downloading 20200312_193628!000.mp4 from Endpoint{id=21pY, name=Nexus 5 [1825]} in 04.256s
07-12 19:25:25.395  5154  5154 V FileManager: External storage is readable
07-12 19:25:25.400  5154  5154 V FileManager: Created new directory: /storage/emulated/0/Movies/segment-sum/20200312_193628
07-12 19:25:25.401  5154  5154 D NearbyFragment: Summarising 20200312_193628!000.mp4
07-12 19:25:25.402  5154  5154 V VideoManager: Retrieving video from /storage/emulated/0/Download/Nearby/20200312_193628!000.mp4
07-12 19:25:25.424  5154  5154 V VideoManager: videoFromCursor
07-12 19:25:25.429  5154  5154 V ProcessingVideosEventHandler: onAdd
07-12 19:25:25.430  5154  5154 V RawFootageEventHandler: onRemove
07-12 19:25:25.438  5154  5154 V NearbyFragment: Transfer to Endpoint{id=21pY, name=Nexus 5 [1825]} complete
07-12 19:25:25.451  5154  7178 V SummariserIntentService: onHandleIntent
07-12 19:25:25.453  5154  7178 D SummariserIntentService: Video{id='139374', data='/storage/emulated/0/Download/Nearby/20200312_193628!000.mp4', name='20200312_193628!000.mp4', size=16939247, visible=true, mimeType='video/mp4'}
07-12 19:25:25.453  5154  7178 D SummariserIntentService: /storage/emulated/0/Movies/segment-sum/20200312_193628/20200312_193628!000.mp4
07-12 19:25:25.456  5154  7178 I FfmpegTools: Running ffmpeg with:
07-12 19:25:25.456  5154  7178 I FfmpegTools:   -y -i /storage/emulated/0/Download/Nearby/20200312_193628!000.mp4 -vf freezedetect=n=-45.000000dB:d=1.000000,metadata=mode=print:file=/storage/emulated/0/Movies/raw/20200312_193628!000.txt -f null -
07-12 19:25:25.623  5154  6522 W mobile-ffmpeg: [graph 0 input from stream 0:0 @ 0x720812a780] sws_param option is deprecated and ignored
07-12 19:25:27.837  5154  7178 W Summariser: No activity detected
07-12 19:25:27.838  5154  7178 V FfmpegTools: Retrieving duration of /storage/emulated/0/Download/Nearby/20200312_193628!000.mp4
07-12 19:25:27.863  5154  7178 W Summariser: Summarisation completed
07-12 19:25:27.863  5154  7178 W Summariser:   filename: 20200312_193628!000.mp4
07-12 19:25:27.863  5154  7178 W Summariser:   active sections: 0
07-12 19:25:27.863  5154  7178 W Summariser:   time: 02.384s
07-12 19:25:27.863  5154  7178 W Summariser:   original duration: 16.07
07-12 19:25:27.863  5154  7178 W Summariser:   summarised duration: -1.00
07-12 19:25:27.863  5154  7178 W Summariser:   noise tolerance: 45.00
07-12 19:25:27.863  5154  7178 W Summariser:   quality: 23
07-12 19:25:27.863  5154  7178 W Summariser:   speed: medium
07-12 19:25:27.863  5154  7178 W Summariser:   freeze duration: 1.00
07-12 19:25:27.864  5154  7178 V ProcessingVideosEventHandler: onRemove
07-12 19:25:27.875  5154  5154 V NearbyFragment: Transfer to Endpoint{id=21pY, name=Nexus 5 [1825]} complete
07-12 19:25:27.919  5154  5173 D SummariserIntentService: Scanned /storage/emulated/0/Movies/summarised
07-12 19:25:27.919  5154  5173 D SummariserIntentService:   -> uri=content://media/external/file/139217
07-12 19:25:28.139  5154  5154 D NearbyFragment: onPayloadReceived(endpointId=21pY, payload=com.google.android.gms.nearby.connection.Payload@2c1a056)
07-12 19:25:28.140  5154  5154 V NearbyFragment: Started downloading SUMMARISE_SEGMENT:-8969956820719767880:20200312_193628!002.mp4:45.0_1.0_23_medium from Endpoint{id=21pY, name=Nexus 5 [1825]}
07-12 19:25:28.156  5154  5154 V NearbyFragment: Transfer to Endpoint{id=21pY, name=Nexus 5 [1825]} complete
07-12 19:25:31.935  5154  5154 D NearbyFragment: onPayloadReceived(endpointId=21pY, payload=com.google.android.gms.nearby.connection.Payload@3cfa8d7)
07-12 19:25:37.880  5154  5154 V NearbyFragment: Transfer to Endpoint{id=21pY, name=Nexus 5 [1825]} complete
07-12 19:25:37.883  5154  5154 W NearbyFragment: Completed downloading 20200312_193628!002.mp4 from Endpoint{id=21pY, name=Nexus 5 [1825]} in 09.740s
07-12 19:25:37.892  5154  5154 V FileManager: External storage is readable
07-12 19:25:37.893  5154  5154 V FileManager: Directory already exists: /storage/emulated/0/Movies/segment-sum/20200312_193628
07-12 19:25:37.895  5154  5154 D NearbyFragment: Summarising 20200312_193628!002.mp4
07-12 19:25:37.895  5154  5154 V VideoManager: Retrieving video from /storage/emulated/0/Download/Nearby/20200312_193628!002.mp4
07-12 19:25:37.918  5154  5154 V VideoManager: videoFromCursor
07-12 19:25:37.924  5154  5154 V ProcessingVideosEventHandler: onAdd
07-12 19:25:37.925  5154  5154 V RawFootageEventHandler: onRemove
07-12 19:25:37.934  5154  5154 V NearbyFragment: Transfer to Endpoint{id=21pY, name=Nexus 5 [1825]} complete
07-12 19:25:37.952  5154  7217 V SummariserIntentService: onHandleIntent
07-12 19:25:37.953  5154  7217 D SummariserIntentService: Video{id='139375', data='/storage/emulated/0/Download/Nearby/20200312_193628!002.mp4', name='20200312_193628!002.mp4', size=16861166, visible=true, mimeType='video/mp4'}
07-12 19:25:37.953  5154  7217 D SummariserIntentService: /storage/emulated/0/Movies/segment-sum/20200312_193628/20200312_193628!002.mp4
07-12 19:25:37.955  5154  7217 I FfmpegTools: Running ffmpeg with:
07-12 19:25:37.955  5154  7217 I FfmpegTools:   -y -i /storage/emulated/0/Download/Nearby/20200312_193628!002.mp4 -vf freezedetect=n=-45.000000dB:d=1.000000,metadata=mode=print:file=/storage/emulated/0/Movies/raw/20200312_193628!002.txt -f null -
07-12 19:25:38.098  5154  6522 W mobile-ffmpeg: [graph 0 input from stream 0:0 @ 0x720812a780] sws_param option is deprecated and ignored
07-12 19:25:40.255  5154  7217 W Summariser: No activity detected
07-12 19:25:40.256  5154  7217 V FfmpegTools: Retrieving duration of /storage/emulated/0/Download/Nearby/20200312_193628!002.mp4
07-12 19:25:40.293  5154  7217 W Summariser: Summarisation completed
07-12 19:25:40.293  5154  7217 W Summariser:   filename: 20200312_193628!002.mp4
07-12 19:25:40.293  5154  7217 W Summariser:   active sections: 0
07-12 19:25:40.293  5154  7217 W Summariser:   time: 02.301s
07-12 19:25:40.293  5154  7217 W Summariser:   original duration: 16.02
07-12 19:25:40.293  5154  7217 W Summariser:   summarised duration: -1.00
07-12 19:25:40.293  5154  7217 W Summariser:   noise tolerance: 45.00
07-12 19:25:40.293  5154  7217 W Summariser:   quality: 23
07-12 19:25:40.293  5154  7217 W Summariser:   speed: medium
07-12 19:25:40.293  5154  7217 W Summariser:   freeze duration: 1.00
07-12 19:25:40.294  5154  7217 V ProcessingVideosEventHandler: onRemove
07-12 19:25:40.313  5154  5154 V NearbyFragment: Transfer to Endpoint{id=21pY, name=Nexus 5 [1825]} complete
07-12 19:25:40.367  5154  5173 D SummariserIntentService: Scanned /storage/emulated/0/Movies/summarised
07-12 19:25:40.367  5154  5173 D SummariserIntentService:   -> uri=content://media/external/file/139217
07-12 19:26:03.304  5154  5154 D NearbyFragment: onPayloadReceived(endpointId=21pY, payload=com.google.android.gms.nearby.connection.Payload@6c0d95c)
07-12 19:26:03.307  5154  5154 V NearbyFragment: Started downloading SUMMARISE_SEGMENT:-4898831525283182276:20200312_193728!000.mp4:45.0_1.0_23_medium from Endpoint{id=21pY, name=Nexus 5 [1825]}
07-12 19:26:03.312  5154  5154 V NearbyFragment: Transfer to Endpoint{id=21pY, name=Nexus 5 [1825]} complete
07-12 19:26:03.335  5154  5154 D NearbyFragment: onPayloadReceived(endpointId=21pY, payload=com.google.android.gms.nearby.connection.Payload@b7ec465)
07-12 19:26:07.850  5154  5154 V NearbyFragment: Transfer to Endpoint{id=21pY, name=Nexus 5 [1825]} complete
07-12 19:26:07.852  5154  5154 W NearbyFragment: Completed downloading 20200312_193728!000.mp4 from Endpoint{id=21pY, name=Nexus 5 [1825]} in 04.541s
07-12 19:26:07.862  5154  5154 V FileManager: External storage is readable
07-12 19:26:07.866  5154  5154 V FileManager: Created new directory: /storage/emulated/0/Movies/segment-sum/20200312_193728
07-12 19:26:07.868  5154  5154 D NearbyFragment: Summarising 20200312_193728!000.mp4
07-12 19:26:07.868  5154  5154 V VideoManager: Retrieving video from /storage/emulated/0/Download/Nearby/20200312_193728!000.mp4
07-12 19:26:07.894  5154  5154 V VideoManager: videoFromCursor
07-12 19:26:07.900  5154  5154 V ProcessingVideosEventHandler: onAdd
07-12 19:26:07.901  5154  5154 V RawFootageEventHandler: onRemove
07-12 19:26:07.910  5154  5154 V NearbyFragment: Transfer to Endpoint{id=21pY, name=Nexus 5 [1825]} complete
07-12 19:26:07.925  5154  7258 V SummariserIntentService: onHandleIntent
07-12 19:26:07.928  5154  7258 D SummariserIntentService: Video{id='139376', data='/storage/emulated/0/Download/Nearby/20200312_193728!000.mp4', name='20200312_193728!000.mp4', size=16857642, visible=true, mimeType='video/mp4'}
07-12 19:26:07.928  5154  7258 D SummariserIntentService: /storage/emulated/0/Movies/segment-sum/20200312_193728/20200312_193728!000.mp4
07-12 19:26:07.932  5154  7258 I FfmpegTools: Running ffmpeg with:
07-12 19:26:07.932  5154  7258 I FfmpegTools:   -y -i /storage/emulated/0/Download/Nearby/20200312_193728!000.mp4 -vf freezedetect=n=-45.000000dB:d=1.000000,metadata=mode=print:file=/storage/emulated/0/Movies/raw/20200312_193728!000.txt -f null -
07-12 19:26:08.044  5154  6522 W mobile-ffmpeg: [graph 0 input from stream 0:0 @ 0x720812a780] sws_param option is deprecated and ignored
07-12 19:26:10.298  5154  7258 D Summariser: No freeze file
07-12 19:26:10.298  5154  7258 W Summariser: Whole video is active
07-12 19:26:10.686  5154  7258 V FfmpegTools: Retrieving duration of /storage/emulated/0/Download/Nearby/20200312_193728!000.mp4
07-12 19:26:10.713  5154  7258 V FfmpegTools: Retrieving duration of /storage/emulated/0/Movies/segment-sum/20200312_193728/20200312_193728!000.mp4
07-12 19:26:10.739  5154  7258 W Summariser: Summarisation completed
07-12 19:26:10.739  5154  7258 W Summariser:   filename: 20200312_193728!000.mp4
07-12 19:26:10.739  5154  7258 W Summariser:   active sections: -1
07-12 19:26:10.739  5154  7258 W Summariser:   time: 02.756s
07-12 19:26:10.739  5154  7258 W Summariser:   original duration: 16.06
07-12 19:26:10.739  5154  7258 W Summariser:   summarised duration: 16.06
07-12 19:26:10.739  5154  7258 W Summariser:   noise tolerance: 45.00
07-12 19:26:10.739  5154  7258 W Summariser:   quality: 23
07-12 19:26:10.739  5154  7258 W Summariser:   speed: medium
07-12 19:26:10.739  5154  7258 W Summariser:   freeze duration: 1.00
07-12 19:26:10.739  5154  7258 V VideoManager: Retrieving video from /storage/emulated/0/Movies/segment-sum/20200312_193728/20200312_193728!000.mp4
07-12 19:26:10.768  5154  7258 V VideoManager: videoFromCursor
07-12 19:26:10.772  5154  7258 W NearbyFragment: Sending 20200312_193728!000.mp4 to Nexus 5 [1825]
07-12 19:26:10.773  5154  7258 V ProcessingVideosEventHandler: onRemove
07-12 19:26:10.793  5154  5154 V NearbyFragment: Transfer to Endpoint{id=21pY, name=Nexus 5 [1825]} complete
07-12 19:26:10.849  5154  5154 D NearbyFragment: onPayloadReceived(endpointId=21pY, payload=com.google.android.gms.nearby.connection.Payload@aab9f60)
07-12 19:26:10.850  5154  5154 V NearbyFragment: Started downloading SUMMARISE_SEGMENT:-7132209029385358353:20200312_193728!002.mp4:45.0_1.0_23_medium from Endpoint{id=21pY, name=Nexus 5 [1825]}
07-12 19:26:10.857  5154  5154 V NearbyFragment: Transfer to Endpoint{id=21pY, name=Nexus 5 [1825]} complete
07-12 19:26:10.918  5154  6787 D SummariserIntentService: Scanned /storage/emulated/0/Movies/summarised
07-12 19:26:10.918  5154  6787 D SummariserIntentService:   -> uri=content://media/external/file/139217
07-12 19:26:16.366  5154  5154 V NearbyFragment: Transfer to Endpoint{id=21pY, name=Nexus 5 [1825]} complete
07-12 19:26:17.933  5154  5154 D NearbyFragment: onPayloadReceived(endpointId=21pY, payload=com.google.android.gms.nearby.connection.Payload@9e24c19)
07-12 19:26:26.918  5154  5154 V NearbyFragment: Transfer to Endpoint{id=21pY, name=Nexus 5 [1825]} complete
07-12 19:26:26.922  5154  5154 W NearbyFragment: Completed downloading 20200312_193728!002.mp4 from Endpoint{id=21pY, name=Nexus 5 [1825]} in 16.068s
07-12 19:26:26.935  5154  5154 V FileManager: External storage is readable
07-12 19:26:26.936  5154  5154 V FileManager: Directory already exists: /storage/emulated/0/Movies/segment-sum/20200312_193728
07-12 19:26:26.938  5154  5154 D NearbyFragment: Summarising 20200312_193728!002.mp4
07-12 19:26:26.938  5154  5154 V VideoManager: Retrieving video from /storage/emulated/0/Download/Nearby/20200312_193728!002.mp4
07-12 19:26:26.963  5154  5154 V VideoManager: videoFromCursor
07-12 19:26:26.971  5154  5154 V ProcessingVideosEventHandler: onAdd
07-12 19:26:26.971  5154  5154 V RawFootageEventHandler: onRemove
07-12 19:26:26.978  5154  5154 V NearbyFragment: Transfer to Endpoint{id=21pY, name=Nexus 5 [1825]} complete
07-12 19:26:26.995  5154  7331 V SummariserIntentService: onHandleIntent
07-12 19:26:26.996  5154  7331 D SummariserIntentService: Video{id='139379', data='/storage/emulated/0/Download/Nearby/20200312_193728!002.mp4', name='20200312_193728!002.mp4', size=16928276, visible=true, mimeType='video/mp4'}
07-12 19:26:26.996  5154  7331 D SummariserIntentService: /storage/emulated/0/Movies/segment-sum/20200312_193728/20200312_193728!002.mp4
07-12 19:26:27.000  5154  7331 I FfmpegTools: Running ffmpeg with:
07-12 19:26:27.000  5154  7331 I FfmpegTools:   -y -i /storage/emulated/0/Download/Nearby/20200312_193728!002.mp4 -vf freezedetect=n=-45.000000dB:d=1.000000,metadata=mode=print:file=/storage/emulated/0/Movies/raw/20200312_193728!002.txt -f null -
07-12 19:26:27.159  5154  6522 W mobile-ffmpeg: [graph 0 input from stream 0:0 @ 0x71f55ffd00] sws_param option is deprecated and ignored
07-12 19:26:29.362  5154  7331 D Summariser: No freeze file
07-12 19:26:29.362  5154  7331 W Summariser: Whole video is active
07-12 19:26:29.756  5154  7331 V FfmpegTools: Retrieving duration of /storage/emulated/0/Download/Nearby/20200312_193728!002.mp4
07-12 19:26:29.794  5154  7331 V FfmpegTools: Retrieving duration of /storage/emulated/0/Movies/segment-sum/20200312_193728/20200312_193728!002.mp4
07-12 19:26:29.831  5154  7331 W Summariser: Summarisation completed
07-12 19:26:29.831  5154  7331 W Summariser:   filename: 20200312_193728!002.mp4
07-12 19:26:29.831  5154  7331 W Summariser:   active sections: -1
07-12 19:26:29.831  5154  7331 W Summariser:   time: 02.758s
07-12 19:26:29.831  5154  7331 W Summariser:   original duration: 16.01
07-12 19:26:29.831  5154  7331 W Summariser:   summarised duration: 16.01
07-12 19:26:29.831  5154  7331 W Summariser:   noise tolerance: 45.00
07-12 19:26:29.831  5154  7331 W Summariser:   quality: 23
07-12 19:26:29.831  5154  7331 W Summariser:   speed: medium
07-12 19:26:29.831  5154  7331 W Summariser:   freeze duration: 1.00
07-12 19:26:29.831  5154  7331 V VideoManager: Retrieving video from /storage/emulated/0/Movies/segment-sum/20200312_193728/20200312_193728!002.mp4
07-12 19:26:29.857  5154  7331 V VideoManager: videoFromCursor
07-12 19:26:29.862  5154  7331 W NearbyFragment: Sending 20200312_193728!002.mp4 to Nexus 5 [1825]
07-12 19:26:29.863  5154  7331 V ProcessingVideosEventHandler: onRemove
07-12 19:26:29.897  5154  5154 V NearbyFragment: Transfer to Endpoint{id=21pY, name=Nexus 5 [1825]} complete
07-12 19:26:30.014  5154  7312 D SummariserIntentService: Scanned /storage/emulated/0/Movies/summarised
07-12 19:26:30.014  5154  7312 D SummariserIntentService:   -> uri=content://media/external/file/139217
07-12 19:26:34.280  5154  5154 V NearbyFragment: Transfer to Endpoint{id=21pY, name=Nexus 5 [1825]} complete
07-12 19:26:47.747  5154  5154 D NearbyFragment: onPayloadReceived(endpointId=21pY, payload=com.google.android.gms.nearby.connection.Payload@ca25eb7)
07-12 19:26:47.750  5154  5154 V NearbyFragment: Started downloading SUMMARISE_SEGMENT:-6803543886562826659:20200312_193828!000.mp4:45.0_1.0_23_medium from Endpoint{id=21pY, name=Nexus 5 [1825]}
07-12 19:26:47.758  5154  5154 V NearbyFragment: Transfer to Endpoint{id=21pY, name=Nexus 5 [1825]} complete
07-12 19:26:47.788  5154  5154 D NearbyFragment: onPayloadReceived(endpointId=21pY, payload=com.google.android.gms.nearby.connection.Payload@2884624)
07-12 19:26:52.256  5154  5154 V NearbyFragment: Transfer to Endpoint{id=21pY, name=Nexus 5 [1825]} complete
07-12 19:26:52.258  5154  5154 W NearbyFragment: Completed downloading 20200312_193828!000.mp4 from Endpoint{id=21pY, name=Nexus 5 [1825]} in 04.504s
07-12 19:26:52.268  5154  5154 V FileManager: External storage is readable
07-12 19:26:52.272  5154  5154 V FileManager: Created new directory: /storage/emulated/0/Movies/segment-sum/20200312_193828
07-12 19:26:52.274  5154  5154 D NearbyFragment: Summarising 20200312_193828!000.mp4
07-12 19:26:52.275  5154  5154 V VideoManager: Retrieving video from /storage/emulated/0/Download/Nearby/20200312_193828!000.mp4
07-12 19:26:52.297  5154  5154 V VideoManager: videoFromCursor
07-12 19:26:52.303  5154  5154 V ProcessingVideosEventHandler: onAdd
07-12 19:26:52.304  5154  5154 V RawFootageEventHandler: onRemove
07-12 19:26:52.316  5154  5154 V NearbyFragment: Transfer to Endpoint{id=21pY, name=Nexus 5 [1825]} complete
07-12 19:26:52.332  5154  7370 V SummariserIntentService: onHandleIntent
07-12 19:26:52.333  5154  7370 D SummariserIntentService: Video{id='139381', data='/storage/emulated/0/Download/Nearby/20200312_193828!000.mp4', name='20200312_193828!000.mp4', size=16933030, visible=true, mimeType='video/mp4'}
07-12 19:26:52.333  5154  7370 D SummariserIntentService: /storage/emulated/0/Movies/segment-sum/20200312_193828/20200312_193828!000.mp4
07-12 19:26:52.337  5154  7370 I FfmpegTools: Running ffmpeg with:
07-12 19:26:52.337  5154  7370 I FfmpegTools:   -y -i /storage/emulated/0/Download/Nearby/20200312_193828!000.mp4 -vf freezedetect=n=-45.000000dB:d=1.000000,metadata=mode=print:file=/storage/emulated/0/Movies/raw/20200312_193828!000.txt -f null -
07-12 19:26:52.460  5154  6522 W mobile-ffmpeg: [graph 0 input from stream 0:0 @ 0x71f55ffd00] sws_param option is deprecated and ignored
07-12 19:26:54.677  5154  7370 W Summariser: 1 active sections found
07-12 19:26:54.677  5154  7370 I FfmpegTools: Running ffmpeg with:
07-12 19:26:54.677  5154  7370 I FfmpegTools:   -y -i /storage/emulated/0/Download/Nearby/20200312_193828!000.mp4 -filter_complex [0:v]trim=0.000000:14.212000,setpts=PTS-STARTPTS[v0];[0:a]atrim=0.000000:14.212000,asetpts=PTS-STARTPTS[a0];[v0][a0]concat=n=1:v=1:a=1[outv][outa] -map [outv] -map [outa] -crf 23 -preset medium /storage/emulated/0/Movies/segment-sum/20200312_193828/20200312_193828!000.mp4
07-12 19:26:54.722  5154  6522 W mobile-ffmpeg: [graph 0 input from stream 0:0 @ 0x71f55ffc40] sws_param option is deprecated and ignored
07-12 19:27:08.539  5154  7370 V FfmpegTools: Retrieving duration of /storage/emulated/0/Download/Nearby/20200312_193828!000.mp4
07-12 19:27:08.595  5154  7370 V FfmpegTools: Retrieving duration of /storage/emulated/0/Movies/segment-sum/20200312_193828/20200312_193828!000.mp4
07-12 19:27:08.623  5154  7370 W Summariser: Summarisation completed
07-12 19:27:08.623  5154  7370 W Summariser:   filename: 20200312_193828!000.mp4
07-12 19:27:08.623  5154  7370 W Summariser:   active sections: 1
07-12 19:27:08.623  5154  7370 W Summariser:   time: 16.203s
07-12 19:27:08.623  5154  7370 W Summariser:   original duration: 16.06
07-12 19:27:08.623  5154  7370 W Summariser:   summarised duration: 14.28
07-12 19:27:08.623  5154  7370 W Summariser:   noise tolerance: 45.00
07-12 19:27:08.623  5154  7370 W Summariser:   quality: 23
07-12 19:27:08.623  5154  7370 W Summariser:   speed: medium
07-12 19:27:08.623  5154  7370 W Summariser:   freeze duration: 1.00
07-12 19:27:08.623  5154  7370 V VideoManager: Retrieving video from /storage/emulated/0/Movies/segment-sum/20200312_193828/20200312_193828!000.mp4
07-12 19:27:08.646  5154  7370 V VideoManager: videoFromCursor
07-12 19:27:08.653  5154  7370 W NearbyFragment: Sending 20200312_193828!000.mp4 to Nexus 5 [1825]
07-12 19:27:08.655  5154  7370 V ProcessingVideosEventHandler: onRemove
07-12 19:27:08.685  5154  5154 V NearbyFragment: Transfer to Endpoint{id=21pY, name=Nexus 5 [1825]} complete
07-12 19:27:08.779  5154  7312 D SummariserIntentService: Scanned /storage/emulated/0/Movies/summarised
07-12 19:27:08.779  5154  7312 D SummariserIntentService:   -> uri=content://media/external/file/139217
07-12 19:27:09.144  5154  5154 V NearbyFragment: Transfer to Endpoint{id=21pY, name=Nexus 5 [1825]} complete
07-12 19:27:21.970  5154  5154 D NearbyFragment: onPayloadReceived(endpointId=21pY, payload=com.google.android.gms.nearby.connection.Payload@d79389a)
07-12 19:27:21.995  5154  5154 D NearbyFragment: onPayloadReceived(endpointId=21pY, payload=com.google.android.gms.nearby.connection.Payload@cf835cb)
07-12 19:27:21.995  5154  5154 V NearbyFragment: Started downloading SUMMARISE_SEGMENT:-5789972157532573361:20200312_193928!000.mp4:45.0_1.0_23_medium from Endpoint{id=21pY, name=Nexus 5 [1825]}
07-12 19:27:22.058  5154  5154 V NearbyFragment: Transfer to Endpoint{id=21pY, name=Nexus 5 [1825]} complete
07-12 19:27:26.591  5154  5154 V NearbyFragment: Transfer to Endpoint{id=21pY, name=Nexus 5 [1825]} complete
07-12 19:27:26.593  5154  5154 W NearbyFragment: Completed downloading 20200312_193928!000.mp4 from Endpoint{id=21pY, name=Nexus 5 [1825]} in 04.596s
07-12 19:27:26.601  5154  5154 V FileManager: External storage is readable
07-12 19:27:26.605  5154  5154 V FileManager: Created new directory: /storage/emulated/0/Movies/segment-sum/20200312_193928
