07-05 18:10:08.753 12138 12138 V NearbyFragment: Transfer to Endpoint{id=f_1a, name=Galaxy S8 [2802]} complete
07-05 18:10:09.550 12138 12549 D Summariser: No freeze file
07-05 18:10:09.551 12138 12549 W Summariser: Whole video is active
07-05 18:10:10.108 12138 12549 V FfmpegTools: Retrieving duration of /storage/emulated/0/Download/Nearby/20200312_150844!002.mp4
07-05 18:10:10.188 12138 12549 V FfmpegTools: Retrieving duration of /storage/emulated/0/Movies/segment-sum/20200312_150844/20200312_150844!002.mp4
07-05 18:10:10.253 12138 12549 W Summariser: Summarisation completed
07-05 18:10:10.253 12138 12549 W Summariser:   filename: 20200312_150844!002.mp4
07-05 18:10:10.253 12138 12549 W Summariser:   active sections: -1
07-05 18:10:10.253 12138 12549 W Summariser:   time: 04.738s
07-05 18:10:10.253 12138 12549 W Summariser:   original duration: 16.01
07-05 18:10:10.253 12138 12549 W Summariser:   summarised duration: 16.01
07-05 18:10:10.253 12138 12549 W Summariser:   noise tolerance: 45.00
07-05 18:10:10.253 12138 12549 W Summariser:   quality: 23
07-05 18:10:10.253 12138 12549 W Summariser:   speed: medium
07-05 18:10:10.253 12138 12549 W Summariser:   freeze duration: 1.00
07-05 18:10:10.254 12138 12549 V VideoManager: Retrieving video from /storage/emulated/0/Movies/segment-sum/20200312_150844/20200312_150844!002.mp4
07-05 18:10:10.262 12138 12549 V VideoManager: videoFromCursor
07-05 18:10:10.266 12138 12549 W NearbyFragment: Sending 20200312_150844!002.mp4 to Galaxy S8 [2802]
07-05 18:10:10.269 12138 12549 V ProcessingVideosEventHandler: onRemove
07-05 18:10:10.299 12138 12138 V NearbyFragment: Transfer to Endpoint{id=f_1a, name=Galaxy S8 [2802]} complete
07-05 18:10:10.338 12138 12156 D SummariserIntentService: Scanned /storage/emulated/0/Movies/summarised
07-05 18:10:10.338 12138 12156 D SummariserIntentService:   -> uri=content://media/external/file/8045
07-05 18:10:17.546 12138 12138 V NearbyFragment: Transfer to Endpoint{id=f_1a, name=Galaxy S8 [2802]} complete
07-05 18:10:21.322 12138 12138 D NearbyFragment: onPayloadReceived(endpointId=f_1a, payload=com.google.android.gms.nearby.connection.Payload@4e10582)
07-05 18:10:21.326 12138 12138 V NearbyFragment: Started downloading SUMMARISE_SEGMENT:-8997626073022946752:20200312_150944!000.mp4:45.0_1.0_23_medium from Endpoint{id=f_1a, name=Galaxy S8 [2802]}
07-05 18:10:21.376 12138 12138 D NearbyFragment: onPayloadReceived(endpointId=f_1a, payload=com.google.android.gms.nearby.connection.Payload@8092493)
07-05 18:10:21.387 12138 12138 V NearbyFragment: Transfer to Endpoint{id=f_1a, name=Galaxy S8 [2802]} complete
07-05 18:10:27.050 12138 12138 V NearbyFragment: Transfer to Endpoint{id=f_1a, name=Galaxy S8 [2802]} complete
07-05 18:10:27.052 12138 12138 W NearbyFragment: Completed downloading 20200312_150944!000.mp4 from Endpoint{id=f_1a, name=Galaxy S8 [2802]} in 05.723s
07-05 18:10:27.065 12138 12138 V FileManager: External storage is readable
07-05 18:10:27.067 12138 12138 V FileManager: Created new directory: /storage/emulated/0/Movies/segment-sum/20200312_150944
07-05 18:10:27.068 12138 12138 D NearbyFragment: Summarising 20200312_150944!000.mp4
07-05 18:10:27.069 12138 12138 V VideoManager: Retrieving video from /storage/emulated/0/Download/Nearby/20200312_150944!000.mp4
07-05 18:10:27.081 12138 12138 V VideoManager: videoFromCursor
07-05 18:10:27.085 12138 12138 V ProcessingVideosEventHandler: onAdd
07-05 18:10:27.085 12138 12138 V RawFootageEventHandler: onRemove
07-05 18:10:27.090 12138 12138 V NearbyFragment: Transfer to Endpoint{id=f_1a, name=Galaxy S8 [2802]} complete
07-05 18:10:27.099 12138 12581 V SummariserIntentService: onHandleIntent
07-05 18:10:27.100 12138 12581 D SummariserIntentService: Video{id='8095', data='/storage/emulated/0/Download/Nearby/20200312_150944!000.mp4', name='20200312_150944!000.mp4', size=16983218, visible=true, mimeType='video/mp4'}
07-05 18:10:27.100 12138 12581 D SummariserIntentService: /storage/emulated/0/Movies/segment-sum/20200312_150944/20200312_150944!000.mp4
07-05 18:10:27.103 12138 12581 I FfmpegTools: Running ffmpeg with:
07-05 18:10:27.103 12138 12581 I FfmpegTools:   -y -i /storage/emulated/0/Download/Nearby/20200312_150944!000.mp4 -vf freezedetect=n=-45.000000dB:d=1.000000,metadata=mode=print:file=/storage/emulated/0/Movies/raw/20200312_150944!000.txt -f null -
07-05 18:10:27.215 12138 12393 W mobile-ffmpeg: [graph 0 input from stream 0:0 @ 0x78e1f1c440] sws_param option is deprecated and ignored
07-05 18:10:32.427 12138 12581 W Summariser: 1 active sections found
07-05 18:10:32.427 12138 12581 I FfmpegTools: Running ffmpeg with:
07-05 18:10:32.427 12138 12581 I FfmpegTools:   -y -i /storage/emulated/0/Download/Nearby/20200312_150944!000.mp4 -filter_complex [0:v]trim=0.000000:7.006000,setpts=PTS-STARTPTS[v0];[0:a]atrim=0.000000:7.006000,asetpts=PTS-STARTPTS[a0];[v0][a0]concat=n=1:v=1:a=1[outv][outa] -map [outv] -map [outa] -crf 23 -preset medium /storage/emulated/0/Movies/segment-sum/20200312_150944/20200312_150944!000.mp4
07-05 18:10:32.555 12138 12393 W mobile-ffmpeg: [graph 0 input from stream 0:0 @ 0x78e1f1bfc0] sws_param option is deprecated and ignored
07-05 18:10:51.441 12138 12581 V FfmpegTools: Retrieving duration of /storage/emulated/0/Download/Nearby/20200312_150944!000.mp4
07-05 18:10:51.511 12138 12581 V FfmpegTools: Retrieving duration of /storage/emulated/0/Movies/segment-sum/20200312_150944/20200312_150944!000.mp4
07-05 18:10:51.567 12138 12581 W Summariser: Summarisation completed
07-05 18:10:51.567 12138 12581 W Summariser:   filename: 20200312_150944!000.mp4
07-05 18:10:51.567 12138 12581 W Summariser:   active sections: 1
07-05 18:10:51.567 12138 12581 W Summariser:   time: 24.339s
07-05 18:10:51.567 12138 12581 W Summariser:   original duration: 16.06
07-05 18:10:51.567 12138 12581 W Summariser:   summarised duration: 7.07
07-05 18:10:51.567 12138 12581 W Summariser:   noise tolerance: 45.00
07-05 18:10:51.567 12138 12581 W Summariser:   quality: 23
07-05 18:10:51.567 12138 12581 W Summariser:   speed: medium
07-05 18:10:51.567 12138 12581 W Summariser:   freeze duration: 1.00
07-05 18:10:51.568 12138 12581 V VideoManager: Retrieving video from /storage/emulated/0/Movies/segment-sum/20200312_150944/20200312_150944!000.mp4
07-05 18:10:51.583 12138 12581 V VideoManager: videoFromCursor
07-05 18:10:51.589 12138 12581 W NearbyFragment: Sending 20200312_150944!000.mp4 to Galaxy S8 [2802]
07-05 18:10:51.593 12138 12581 V ProcessingVideosEventHandler: onRemove
07-05 18:10:51.623 12138 12138 V NearbyFragment: Transfer to Endpoint{id=f_1a, name=Galaxy S8 [2802]} complete
07-05 18:10:51.663 12138 12138 V NearbyFragment: Transfer to Endpoint{id=f_1a, name=Galaxy S8 [2802]} complete
07-05 18:10:51.663 12138 12151 D SummariserIntentService: Scanned /storage/emulated/0/Movies/summarised
07-05 18:10:51.663 12138 12151 D SummariserIntentService:   -> uri=content://media/external/file/8045
07-05 18:10:51.784 12138 12138 D NearbyFragment: onPayloadReceived(endpointId=f_1a, payload=com.google.android.gms.nearby.connection.Payload@6410401)
07-05 18:10:51.785 12138 12138 V NearbyFragment: Started downloading SUMMARISE_SEGMENT:-5777831659002688239:20200312_150944!003.mp4:45.0_1.0_23_medium from Endpoint{id=f_1a, name=Galaxy S8 [2802]}
07-05 18:10:51.786 12138 12138 V NearbyFragment: Transfer to Endpoint{id=f_1a, name=Galaxy S8 [2802]} complete
07-05 18:10:51.818 12138 12138 D NearbyFragment: onPayloadReceived(endpointId=f_1a, payload=com.google.android.gms.nearby.connection.Payload@2ad32a6)
07-05 18:10:54.293 12138 12138 V NearbyFragment: Transfer to Endpoint{id=f_1a, name=Galaxy S8 [2802]} complete
07-05 18:10:54.294 12138 12138 W NearbyFragment: Completed downloading 20200312_150944!003.mp4 from Endpoint{id=f_1a, name=Galaxy S8 [2802]} in 02.508s
07-05 18:10:54.301 12138 12138 V FileManager: External storage is readable
07-05 18:10:54.301 12138 12138 V FileManager: Directory already exists: /storage/emulated/0/Movies/segment-sum/20200312_150944
07-05 18:10:54.302 12138 12138 D NearbyFragment: Summarising 20200312_150944!003.mp4
07-05 18:10:54.303 12138 12138 V VideoManager: Retrieving video from /storage/emulated/0/Download/Nearby/20200312_150944!003.mp4
07-05 18:10:54.314 12138 12138 V VideoManager: videoFromCursor
07-05 18:10:54.317 12138 12138 V ProcessingVideosEventHandler: onAdd
07-05 18:10:54.317 12138 12138 V RawFootageEventHandler: onRemove
07-05 18:10:54.322 12138 12138 V NearbyFragment: Transfer to Endpoint{id=f_1a, name=Galaxy S8 [2802]} complete
07-05 18:10:54.329 12138 12626 V SummariserIntentService: onHandleIntent
07-05 18:10:54.330 12138 12626 D SummariserIntentService: Video{id='8101', data='/storage/emulated/0/Download/Nearby/20200312_150944!003.mp4', name='20200312_150944!003.mp4', size=12751346, visible=true, mimeType='video/mp4'}
07-05 18:10:54.331 12138 12626 D SummariserIntentService: /storage/emulated/0/Movies/segment-sum/20200312_150944/20200312_150944!003.mp4
07-05 18:10:54.336 12138 12626 I FfmpegTools: Running ffmpeg with:
07-05 18:10:54.336 12138 12626 I FfmpegTools:   -y -i /storage/emulated/0/Download/Nearby/20200312_150944!003.mp4 -vf freezedetect=n=-45.000000dB:d=1.000000,metadata=mode=print:file=/storage/emulated/0/Movies/raw/20200312_150944!003.txt -f null -
07-05 18:10:54.339 12138 12143 I zygote64: Do full code cache collection, code=250KB, data=171KB
07-05 18:10:54.341 12138 12143 I zygote64: After code cache collection, code=179KB, data=103KB
07-05 18:10:54.530 12138 12393 W mobile-ffmpeg: [graph 0 input from stream 0:0 @ 0x78e1f1c440] sws_param option is deprecated and ignored
07-05 18:10:58.593 12138 12626 W Summariser: No activity detected
07-05 18:10:58.596 12138 12626 V FfmpegTools: Retrieving duration of /storage/emulated/0/Download/Nearby/20200312_150944!003.mp4
07-05 18:10:58.675 12138 12626 W Summariser: Summarisation completed
07-05 18:10:58.675 12138 12626 W Summariser:   filename: 20200312_150944!003.mp4
07-05 18:10:58.675 12138 12626 W Summariser:   active sections: 0
07-05 18:10:58.675 12138 12626 W Summariser:   time: 04.262s
07-05 18:10:58.675 12138 12626 W Summariser:   original duration: 12.01
07-05 18:10:58.675 12138 12626 W Summariser:   summarised duration: -1.00
07-05 18:10:58.675 12138 12626 W Summariser:   noise tolerance: 45.00
07-05 18:10:58.675 12138 12626 W Summariser:   quality: 23
07-05 18:10:58.675 12138 12626 W Summariser:   speed: medium
07-05 18:10:58.675 12138 12626 W Summariser:   freeze duration: 1.00
07-05 18:10:58.680 12138 12626 V ProcessingVideosEventHandler: onRemove
07-05 18:10:58.708 12138 12138 V NearbyFragment: Transfer to Endpoint{id=f_1a, name=Galaxy S8 [2802]} complete
07-05 18:10:58.739 12138 12151 D SummariserIntentService: Scanned /storage/emulated/0/Movies/summarised
07-05 18:10:58.739 12138 12151 D SummariserIntentService:   -> uri=content://media/external/file/8045
07-05 18:10:58.945 12138 12138 D NearbyFragment: onPayloadReceived(endpointId=f_1a, payload=com.google.android.gms.nearby.connection.Payload@839f9df)
07-05 18:10:58.947 12138 12138 V NearbyFragment: Started downloading SUMMARISE_SEGMENT:-8130773412197911479:20200312_151044!001.mp4:45.0_1.0_23_medium from Endpoint{id=f_1a, name=Galaxy S8 [2802]}
07-05 18:10:58.954 12138 12138 V NearbyFragment: Transfer to Endpoint{id=f_1a, name=Galaxy S8 [2802]} complete
07-05 18:10:59.117 12138 12138 D NearbyFragment: onPayloadReceived(endpointId=f_1a, payload=com.google.android.gms.nearby.connection.Payload@c4b862c)
07-05 18:11:02.849 12138 12138 V NearbyFragment: Transfer to Endpoint{id=f_1a, name=Galaxy S8 [2802]} complete
07-05 18:11:02.850 12138 12138 W NearbyFragment: Completed downloading 20200312_151044!001.mp4 from Endpoint{id=f_1a, name=Galaxy S8 [2802]} in 03.900s
07-05 18:11:02.857 12138 12138 V FileManager: External storage is readable
07-05 18:11:02.858 12138 12138 V FileManager: Created new directory: /storage/emulated/0/Movies/segment-sum/20200312_151044
07-05 18:11:02.859 12138 12138 D NearbyFragment: Summarising 20200312_151044!001.mp4
07-05 18:11:02.859 12138 12138 V VideoManager: Retrieving video from /storage/emulated/0/Download/Nearby/20200312_151044!001.mp4
07-05 18:11:02.869 12138 12138 V VideoManager: videoFromCursor
07-05 18:11:02.872 12138 12138 V ProcessingVideosEventHandler: onAdd
07-05 18:11:02.873 12138 12138 V RawFootageEventHandler: onRemove
07-05 18:11:02.878 12138 12138 V NearbyFragment: Transfer to Endpoint{id=f_1a, name=Galaxy S8 [2802]} complete
07-05 18:11:02.887 12138 12644 V SummariserIntentService: onHandleIntent
07-05 18:11:02.888 12138 12644 D SummariserIntentService: Video{id='8105', data='/storage/emulated/0/Download/Nearby/20200312_151044!001.mp4', name='20200312_151044!001.mp4', size=16835637, visible=true, mimeType='video/mp4'}
07-05 18:11:02.888 12138 12644 D SummariserIntentService: /storage/emulated/0/Movies/segment-sum/20200312_151044/20200312_151044!001.mp4
07-05 18:11:02.891 12138 12644 I FfmpegTools: Running ffmpeg with:
07-05 18:11:02.891 12138 12644 I FfmpegTools:   -y -i /storage/emulated/0/Download/Nearby/20200312_151044!001.mp4 -vf freezedetect=n=-45.000000dB:d=1.000000,metadata=mode=print:file=/storage/emulated/0/Movies/raw/20200312_151044!001.txt -f null -
07-05 18:11:03.042 12138 12393 W mobile-ffmpeg: [graph 0 input from stream 0:0 @ 0x78e1f1c440] sws_param option is deprecated and ignored
07-05 18:11:08.487 12138 12644 W Summariser: No activity detected
07-05 18:11:08.489 12138 12644 V FfmpegTools: Retrieving duration of /storage/emulated/0/Download/Nearby/20200312_151044!001.mp4
07-05 18:11:08.597 12138 12644 W Summariser: Summarisation completed
07-05 18:11:08.597 12138 12644 W Summariser:   filename: 20200312_151044!001.mp4
07-05 18:11:08.597 12138 12644 W Summariser:   active sections: 0
07-05 18:11:08.597 12138 12644 W Summariser:   time: 05.599s
07-05 18:11:08.597 12138 12644 W Summariser:   original duration: 16.02
07-05 18:11:08.597 12138 12644 W Summariser:   summarised duration: -1.00
07-05 18:11:08.597 12138 12644 W Summariser:   noise tolerance: 45.00
07-05 18:11:08.597 12138 12644 W Summariser:   quality: 23
07-05 18:11:08.597 12138 12644 W Summariser:   speed: medium
07-05 18:11:08.597 12138 12644 W Summariser:   freeze duration: 1.00
07-05 18:11:08.601 12138 12644 V ProcessingVideosEventHandler: onRemove
07-05 18:11:08.624 12138 12138 V NearbyFragment: Transfer to Endpoint{id=f_1a, name=Galaxy S8 [2802]} complete
07-05 18:11:08.653 12138 12151 D SummariserIntentService: Scanned /storage/emulated/0/Movies/summarised
07-05 18:11:08.653 12138 12151 D SummariserIntentService:   -> uri=content://media/external/file/8045
07-05 18:11:08.754 12138 12138 D NearbyFragment: onPayloadReceived(endpointId=f_1a, payload=com.google.android.gms.nearby.connection.Payload@1596ce2)
07-05 18:11:08.755 12138 12138 V NearbyFragment: Started downloading SUMMARISE_SEGMENT:-4711233678500061370:20200312_193528!000.mp4:45.0_1.0_23_medium from Endpoint{id=f_1a, name=Galaxy S8 [2802]}
07-05 18:11:08.772 12138 12138 V NearbyFragment: Transfer to Endpoint{id=f_1a, name=Galaxy S8 [2802]} complete
07-05 18:11:08.873 12138 12138 D NearbyFragment: onPayloadReceived(endpointId=f_1a, payload=com.google.android.gms.nearby.connection.Payload@b0c6873)
07-05 18:11:16.540 12138 12138 V NearbyFragment: Transfer to Endpoint{id=f_1a, name=Galaxy S8 [2802]} complete
07-05 18:11:16.542 12138 12138 W NearbyFragment: Completed downloading 20200312_193528!000.mp4 from Endpoint{id=f_1a, name=Galaxy S8 [2802]} in 07.785s
07-05 18:11:16.549 12138 12138 V FileManager: External storage is readable
07-05 18:11:16.550 12138 12138 V FileManager: Created new directory: /storage/emulated/0/Movies/segment-sum/20200312_193528
07-05 18:11:16.551 12138 12138 D NearbyFragment: Summarising 20200312_193528!000.mp4
07-05 18:11:16.551 12138 12138 V VideoManager: Retrieving video from /storage/emulated/0/Download/Nearby/20200312_193528!000.mp4
07-05 18:11:16.563 12138 12138 V VideoManager: videoFromCursor
07-05 18:11:16.567 12138 12138 V ProcessingVideosEventHandler: onAdd
07-05 18:11:16.567 12138 12138 V RawFootageEventHandler: onRemove
07-05 18:11:16.572 12138 12138 V NearbyFragment: Transfer to Endpoint{id=f_1a, name=Galaxy S8 [2802]} complete
07-05 18:11:16.580 12138 12662 V SummariserIntentService: onHandleIntent
07-05 18:11:16.582 12138 12662 D SummariserIntentService: Video{id='8108', data='/storage/emulated/0/Download/Nearby/20200312_193528!000.mp4', name='20200312_193528!000.mp4', size=16832420, visible=true, mimeType='video/mp4'}
07-05 18:11:16.582 12138 12662 D SummariserIntentService: /storage/emulated/0/Movies/segment-sum/20200312_193528/20200312_193528!000.mp4
07-05 18:11:16.585 12138 12662 I FfmpegTools: Running ffmpeg with:
07-05 18:11:16.585 12138 12662 I FfmpegTools:   -y -i /storage/emulated/0/Download/Nearby/20200312_193528!000.mp4 -vf freezedetect=n=-45.000000dB:d=1.000000,metadata=mode=print:file=/storage/emulated/0/Movies/raw/20200312_193528!000.txt -f null -
07-05 18:11:16.707 12138 12393 W mobile-ffmpeg: [graph 0 input from stream 0:0 @ 0x78e1f1c440] sws_param option is deprecated and ignored
07-05 18:11:22.145 12138 12662 W Summariser: No activity detected
07-05 18:11:22.146 12138 12662 V FfmpegTools: Retrieving duration of /storage/emulated/0/Download/Nearby/20200312_193528!000.mp4
07-05 18:11:22.220 12138 12662 W Summariser: Summarisation completed
07-05 18:11:22.220 12138 12662 W Summariser:   filename: 20200312_193528!000.mp4
07-05 18:11:22.220 12138 12662 W Summariser:   active sections: 0
07-05 18:11:22.220 12138 12662 W Summariser:   time: 05.563s
07-05 18:11:22.220 12138 12662 W Summariser:   original duration: 16.06
07-05 18:11:22.220 12138 12662 W Summariser:   summarised duration: -1.00
07-05 18:11:22.220 12138 12662 W Summariser:   noise tolerance: 45.00
07-05 18:11:22.220 12138 12662 W Summariser:   quality: 23
07-05 18:11:22.220 12138 12662 W Summariser:   speed: medium
07-05 18:11:22.220 12138 12662 W Summariser:   freeze duration: 1.00
07-05 18:11:22.223 12138 12662 V ProcessingVideosEventHandler: onRemove
07-05 18:11:22.260 12138 12138 V NearbyFragment: Transfer to Endpoint{id=f_1a, name=Galaxy S8 [2802]} complete
07-05 18:11:22.282 12138 12151 D SummariserIntentService: Scanned /storage/emulated/0/Movies/summarised
07-05 18:11:22.282 12138 12151 D SummariserIntentService:   -> uri=content://media/external/file/8045
07-05 18:11:22.363 12138 12138 D NearbyFragment: onPayloadReceived(endpointId=f_1a, payload=com.google.android.gms.nearby.connection.Payload@668b848)
07-05 18:11:22.364 12138 12138 V NearbyFragment: Started downloading SUMMARISE_SEGMENT:-8696273513730478950:20200312_193528!002.mp4:45.0_1.0_23_medium from Endpoint{id=f_1a, name=Galaxy S8 [2802]}
07-05 18:11:22.381 12138 12138 V NearbyFragment: Transfer to Endpoint{id=f_1a, name=Galaxy S8 [2802]} complete
07-05 18:11:22.560 12138 12138 D NearbyFragment: onPayloadReceived(endpointId=f_1a, payload=com.google.android.gms.nearby.connection.Payload@26c96e1)
07-05 18:11:29.779 12138 12138 V NearbyFragment: Transfer to Endpoint{id=f_1a, name=Galaxy S8 [2802]} complete
07-05 18:11:29.780 12138 12138 W NearbyFragment: Completed downloading 20200312_193528!002.mp4 from Endpoint{id=f_1a, name=Galaxy S8 [2802]} in 07.414s
07-05 18:11:29.788 12138 12138 V FileManager: External storage is readable
07-05 18:11:29.789 12138 12138 V FileManager: Directory already exists: /storage/emulated/0/Movies/segment-sum/20200312_193528
07-05 18:11:29.790 12138 12138 D NearbyFragment: Summarising 20200312_193528!002.mp4
07-05 18:11:29.790 12138 12138 V VideoManager: Retrieving video from /storage/emulated/0/Download/Nearby/20200312_193528!002.mp4
07-05 18:11:29.801 12138 12138 V VideoManager: videoFromCursor
07-05 18:11:29.804 12138 12138 V ProcessingVideosEventHandler: onAdd
07-05 18:11:29.805 12138 12138 V RawFootageEventHandler: onRemove
07-05 18:11:29.810 12138 12138 V NearbyFragment: Transfer to Endpoint{id=f_1a, name=Galaxy S8 [2802]} complete
07-05 18:11:29.819 12138 12681 V SummariserIntentService: onHandleIntent
07-05 18:11:29.820 12138 12681 D SummariserIntentService: Video{id='8110', data='/storage/emulated/0/Download/Nearby/20200312_193528!002.mp4', name='20200312_193528!002.mp4', size=16948481, visible=true, mimeType='video/mp4'}
07-05 18:11:29.820 12138 12681 D SummariserIntentService: /storage/emulated/0/Movies/segment-sum/20200312_193528/20200312_193528!002.mp4
07-05 18:11:29.823 12138 12681 I FfmpegTools: Running ffmpeg with:
07-05 18:11:29.823 12138 12681 I FfmpegTools:   -y -i /storage/emulated/0/Download/Nearby/20200312_193528!002.mp4 -vf freezedetect=n=-45.000000dB:d=1.000000,metadata=mode=print:file=/storage/emulated/0/Movies/raw/20200312_193528!002.txt -f null -
07-05 18:11:29.943 12138 12393 W mobile-ffmpeg: [graph 0 input from stream 0:0 @ 0x78e1f1c440] sws_param option is deprecated and ignored
07-05 18:11:35.436 12138 12681 W Summariser: No activity detected
07-05 18:11:35.439 12138 12681 V FfmpegTools: Retrieving duration of /storage/emulated/0/Download/Nearby/20200312_193528!002.mp4
07-05 18:11:35.512 12138 12681 W Summariser: Summarisation completed
07-05 18:11:35.512 12138 12681 W Summariser:   filename: 20200312_193528!002.mp4
07-05 18:11:35.512 12138 12681 W Summariser:   active sections: 0
07-05 18:11:35.512 12138 12681 W Summariser:   time: 05.616s
07-05 18:11:35.512 12138 12681 W Summariser:   original duration: 16.06
07-05 18:11:35.512 12138 12681 W Summariser:   summarised duration: -1.00
07-05 18:11:35.512 12138 12681 W Summariser:   noise tolerance: 45.00
07-05 18:11:35.512 12138 12681 W Summariser:   quality: 23
07-05 18:11:35.512 12138 12681 W Summariser:   speed: medium
07-05 18:11:35.512 12138 12681 W Summariser:   freeze duration: 1.00
07-05 18:11:35.514 12138 12681 V ProcessingVideosEventHandler: onRemove
07-05 18:11:35.537 12138 12138 V NearbyFragment: Transfer to Endpoint{id=f_1a, name=Galaxy S8 [2802]} complete
07-05 18:11:35.562 12138 12156 D SummariserIntentService: Scanned /storage/emulated/0/Movies/summarised
07-05 18:11:35.562 12138 12156 D SummariserIntentService:   -> uri=content://media/external/file/8045
07-05 18:11:35.674 12138 12138 D NearbyFragment: onPayloadReceived(endpointId=f_1a, payload=com.google.android.gms.nearby.connection.Payload@26f85de)
07-05 18:11:35.675 12138 12138 V NearbyFragment: Started downloading SUMMARISE_SEGMENT:-7699027323715096577:20200312_193628!001.mp4:45.0_1.0_23_medium from Endpoint{id=f_1a, name=Galaxy S8 [2802]}
07-05 18:11:35.682 12138 12138 V NearbyFragment: Transfer to Endpoint{id=f_1a, name=Galaxy S8 [2802]} complete
07-05 18:11:35.765 12138 12138 D NearbyFragment: onPayloadReceived(endpointId=f_1a, payload=com.google.android.gms.nearby.connection.Payload@bf9d3bf)
07-05 18:11:40.622 12138 12138 V NearbyFragment: Transfer to Endpoint{id=f_1a, name=Galaxy S8 [2802]} complete
07-05 18:11:40.623 12138 12138 W NearbyFragment: Completed downloading 20200312_193628!001.mp4 from Endpoint{id=f_1a, name=Galaxy S8 [2802]} in 04.947s
07-05 18:11:40.632 12138 12138 V FileManager: External storage is readable
07-05 18:11:40.633 12138 12138 V FileManager: Created new directory: /storage/emulated/0/Movies/segment-sum/20200312_193628
07-05 18:11:40.633 12138 12138 D NearbyFragment: Summarising 20200312_193628!001.mp4
07-05 18:11:40.634 12138 12138 V VideoManager: Retrieving video from /storage/emulated/0/Download/Nearby/20200312_193628!001.mp4
07-05 18:11:40.644 12138 12138 V VideoManager: videoFromCursor
07-05 18:11:40.646 12138 12138 V ProcessingVideosEventHandler: onAdd
07-05 18:11:40.647 12138 12138 V RawFootageEventHandler: onRemove
07-05 18:11:40.651 12138 12138 V NearbyFragment: Transfer to Endpoint{id=f_1a, name=Galaxy S8 [2802]} complete
07-05 18:11:40.658 12138 12698 V SummariserIntentService: onHandleIntent
07-05 18:11:40.659 12138 12698 D SummariserIntentService: Video{id='8115', data='/storage/emulated/0/Download/Nearby/20200312_193628!001.mp4', name='20200312_193628!001.mp4', size=16831997, visible=true, mimeType='video/mp4'}
07-05 18:11:40.660 12138 12698 D SummariserIntentService: /storage/emulated/0/Movies/segment-sum/20200312_193628/20200312_193628!001.mp4
07-05 18:11:40.662 12138 12698 I FfmpegTools: Running ffmpeg with:
07-05 18:11:40.662 12138 12698 I FfmpegTools:   -y -i /storage/emulated/0/Download/Nearby/20200312_193628!001.mp4 -vf freezedetect=n=-45.000000dB:d=1.000000,metadata=mode=print:file=/storage/emulated/0/Movies/raw/20200312_193628!001.txt -f null -
07-05 18:11:40.802 12138 12393 W mobile-ffmpeg: [graph 0 input from stream 0:0 @ 0x78e1f1c440] sws_param option is deprecated and ignored
07-05 18:11:46.262 12138 12698 W Summariser: No activity detected
07-05 18:11:46.264 12138 12698 V FfmpegTools: Retrieving duration of /storage/emulated/0/Download/Nearby/20200312_193628!001.mp4
07-05 18:11:46.373 12138 12698 W Summariser: Summarisation completed
07-05 18:11:46.373 12138 12698 W Summariser:   filename: 20200312_193628!001.mp4
07-05 18:11:46.373 12138 12698 W Summariser:   active sections: 0
07-05 18:11:46.373 12138 12698 W Summariser:   time: 05.602s
07-05 18:11:46.373 12138 12698 W Summariser:   original duration: 16.01
07-05 18:11:46.373 12138 12698 W Summariser:   summarised duration: -1.00
07-05 18:11:46.373 12138 12698 W Summariser:   noise tolerance: 45.00
07-05 18:11:46.373 12138 12698 W Summariser:   quality: 23
07-05 18:11:46.373 12138 12698 W Summariser:   speed: medium
07-05 18:11:46.373 12138 12698 W Summariser:   freeze duration: 1.00
07-05 18:11:46.376 12138 12698 V ProcessingVideosEventHandler: onRemove
07-05 18:11:46.404 12138 12138 V NearbyFragment: Transfer to Endpoint{id=f_1a, name=Galaxy S8 [2802]} complete
07-05 18:11:46.433 12138 12151 D SummariserIntentService: Scanned /storage/emulated/0/Movies/summarised
07-05 18:11:46.433 12138 12151 D SummariserIntentService:   -> uri=content://media/external/file/8045
07-05 18:11:46.444 12138 12138 D NearbyFragment: onPayloadReceived(endpointId=f_1a, payload=com.google.android.gms.nearby.connection.Payload@7f89f24)
07-05 18:11:46.445 12138 12138 V NearbyFragment: Started downloading SUMMARISE_SEGMENT:-7014663384209136899:20200312_193628!003.mp4:45.0_1.0_23_medium from Endpoint{id=f_1a, name=Galaxy S8 [2802]}
07-05 18:11:46.448 12138 12138 V NearbyFragment: Transfer to Endpoint{id=f_1a, name=Galaxy S8 [2802]} complete
07-05 18:11:46.504 12138 12138 D NearbyFragment: onPayloadReceived(endpointId=f_1a, payload=com.google.android.gms.nearby.connection.Payload@f30ea8d)
07-05 18:11:51.254 12138 12138 V NearbyFragment: Transfer to Endpoint{id=f_1a, name=Galaxy S8 [2802]} complete
07-05 18:11:51.255 12138 12138 W NearbyFragment: Completed downloading 20200312_193628!003.mp4 from Endpoint{id=f_1a, name=Galaxy S8 [2802]} in 04.808s
07-05 18:11:51.265 12138 12138 V FileManager: External storage is readable
07-05 18:11:51.265 12138 12138 V FileManager: Directory already exists: /storage/emulated/0/Movies/segment-sum/20200312_193628
07-05 18:11:51.266 12138 12138 D NearbyFragment: Summarising 20200312_193628!003.mp4
07-05 18:11:51.266 12138 12138 V VideoManager: Retrieving video from /storage/emulated/0/Download/Nearby/20200312_193628!003.mp4
07-05 18:11:51.279 12138 12138 V VideoManager: videoFromCursor
07-05 18:11:51.282 12138 12138 V ProcessingVideosEventHandler: onAdd
07-05 18:11:51.283 12138 12138 V RawFootageEventHandler: onRemove
07-05 18:11:51.288 12138 12138 V NearbyFragment: Transfer to Endpoint{id=f_1a, name=Galaxy S8 [2802]} complete
07-05 18:11:51.297 12138 12716 V SummariserIntentService: onHandleIntent
07-05 18:11:51.298 12138 12716 D SummariserIntentService: Video{id='8117', data='/storage/emulated/0/Download/Nearby/20200312_193628!003.mp4', name='20200312_193628!003.mp4', size=12749496, visible=true, mimeType='video/mp4'}
07-05 18:11:51.298 12138 12716 D SummariserIntentService: /storage/emulated/0/Movies/segment-sum/20200312_193628/20200312_193628!003.mp4
07-05 18:11:51.300 12138 12716 I FfmpegTools: Running ffmpeg with:
07-05 18:11:51.300 12138 12716 I FfmpegTools:   -y -i /storage/emulated/0/Download/Nearby/20200312_193628!003.mp4 -vf freezedetect=n=-45.000000dB:d=1.000000,metadata=mode=print:file=/storage/emulated/0/Movies/raw/20200312_193628!003.txt -f null -
07-05 18:11:51.424 12138 12393 W mobile-ffmpeg: [graph 0 input from stream 0:0 @ 0x78e1f1c440] sws_param option is deprecated and ignored
07-05 18:11:55.668 12138 12716 V FfmpegTools: Retrieving duration of /storage/emulated/0/Download/Nearby/20200312_193628!003.mp4
07-05 18:11:55.740 12138 12716 W Summariser: 1 active sections found
07-05 18:11:55.741 12138 12716 I FfmpegTools: Running ffmpeg with:
07-05 18:11:55.741 12138 12716 I FfmpegTools:   -y -i /storage/emulated/0/Download/Nearby/20200312_193628!003.mp4 -filter_complex [0:v]trim=5.938000:12.030000,setpts=PTS-STARTPTS[v0];[0:a]atrim=5.938000:12.030000,asetpts=PTS-STARTPTS[a0];[v0][a0]concat=n=1:v=1:a=1[outv][outa] -map [outv] -map [outa] -crf 23 -preset medium /storage/emulated/0/Movies/segment-sum/20200312_193628/20200312_193628!003.mp4
07-05 18:11:55.871 12138 12393 W mobile-ffmpeg: [graph 0 input from stream 0:0 @ 0x78e1f1bfc0] sws_param option is deprecated and ignored
07-05 18:12:22.217 12138 12716 V FfmpegTools: Retrieving duration of /storage/emulated/0/Download/Nearby/20200312_193628!003.mp4
07-05 18:12:22.292 12138 12716 V FfmpegTools: Retrieving duration of /storage/emulated/0/Movies/segment-sum/20200312_193628/20200312_193628!003.mp4
07-05 18:12:22.349 12138 12716 W Summariser: Summarisation completed
07-05 18:12:22.349 12138 12716 W Summariser:   filename: 20200312_193628!003.mp4
07-05 18:12:22.349 12138 12716 W Summariser:   active sections: 1
07-05 18:12:22.349 12138 12716 W Summariser:   time: 30.917s
07-05 18:12:22.349 12138 12716 W Summariser:   original duration: 12.03
07-05 18:12:22.349 12138 12716 W Summariser:   summarised duration: 6.16
07-05 18:12:22.349 12138 12716 W Summariser:   noise tolerance: 45.00
07-05 18:12:22.349 12138 12716 W Summariser:   quality: 23
07-05 18:12:22.349 12138 12716 W Summariser:   speed: medium
07-05 18:12:22.349 12138 12716 W Summariser:   freeze duration: 1.00
07-05 18:12:22.349 12138 12716 V VideoManager: Retrieving video from /storage/emulated/0/Movies/segment-sum/20200312_193628/20200312_193628!003.mp4
07-05 18:12:22.363 12138 12716 V VideoManager: videoFromCursor
07-05 18:12:22.369 12138 12716 W NearbyFragment: Sending 20200312_193628!003.mp4 to Galaxy S8 [2802]
07-05 18:12:22.373 12138 12716 V ProcessingVideosEventHandler: onRemove
07-05 18:12:22.398 12138 12138 V NearbyFragment: Transfer to Endpoint{id=f_1a, name=Galaxy S8 [2802]} complete
07-05 18:12:22.436 12138 12150 D SummariserIntentService: Scanned /storage/emulated/0/Movies/summarised
07-05 18:12:22.436 12138 12150 D SummariserIntentService:   -> uri=content://media/external/file/8045
07-05 18:12:22.466 12138 12138 V NearbyFragment: Transfer to Endpoint{id=f_1a, name=Galaxy S8 [2802]} complete
07-05 18:12:22.524 12138 12138 D NearbyFragment: onPayloadReceived(endpointId=f_1a, payload=com.google.android.gms.nearby.connection.Payload@293c2cb)
07-05 18:12:22.525 12138 12138 V NearbyFragment: Started downloading SUMMARISE_SEGMENT:-7981994943127494525:20200312_193728!002.mp4:45.0_1.0_23_medium from Endpoint{id=f_1a, name=Galaxy S8 [2802]}
07-05 18:12:22.526 12138 12138 V NearbyFragment: Transfer to Endpoint{id=f_1a, name=Galaxy S8 [2802]} complete
07-05 18:12:22.919 12138 12138 D NearbyFragment: onPayloadReceived(endpointId=f_1a, payload=com.google.android.gms.nearby.connection.Payload@245faa8)
07-05 18:12:27.180 12138 12138 V NearbyFragment: Transfer to Endpoint{id=f_1a, name=Galaxy S8 [2802]} complete
07-05 18:12:27.182 12138 12138 W NearbyFragment: Completed downloading 20200312_193728!002.mp4 from Endpoint{id=f_1a, name=Galaxy S8 [2802]} in 04.655s
07-05 18:12:27.191 12138 12138 V FileManager: External storage is readable
07-05 18:12:27.192 12138 12138 V FileManager: Created new directory: /storage/emulated/0/Movies/segment-sum/20200312_193728
07-05 18:12:27.193 12138 12138 D NearbyFragment: Summarising 20200312_193728!002.mp4
07-05 18:12:27.193 12138 12138 V VideoManager: Retrieving video from /storage/emulated/0/Download/Nearby/20200312_193728!002.mp4
07-05 18:12:27.202 12138 12138 V VideoManager: videoFromCursor
07-05 18:12:27.205 12138 12138 V ProcessingVideosEventHandler: onAdd
07-05 18:12:27.205 12138 12138 V RawFootageEventHandler: onRemove
07-05 18:12:27.210 12138 12138 V NearbyFragment: Transfer to Endpoint{id=f_1a, name=Galaxy S8 [2802]} complete
07-05 18:12:27.217 12138 12764 V SummariserIntentService: onHandleIntent
07-05 18:12:27.218 12138 12764 D SummariserIntentService: Video{id='8120', data='/storage/emulated/0/Download/Nearby/20200312_193728!002.mp4', name='20200312_193728!002.mp4', size=16928276, visible=true, mimeType='video/mp4'}
07-05 18:12:27.218 12138 12764 D SummariserIntentService: /storage/emulated/0/Movies/segment-sum/20200312_193728/20200312_193728!002.mp4
07-05 18:12:27.220 12138 12764 I FfmpegTools: Running ffmpeg with:
07-05 18:12:27.220 12138 12764 I FfmpegTools:   -y -i /storage/emulated/0/Download/Nearby/20200312_193728!002.mp4 -vf freezedetect=n=-45.000000dB:d=1.000000,metadata=mode=print:file=/storage/emulated/0/Movies/raw/20200312_193728!002.txt -f null -
07-05 18:12:27.431 12138 12393 W mobile-ffmpeg: [graph 0 input from stream 0:0 @ 0x78e1f1c440] sws_param option is deprecated and ignored
07-05 18:12:33.037 12138 12764 D Summariser: No freeze file
07-05 18:12:33.037 12138 12764 W Summariser: Whole video is active
07-05 18:12:33.792 12138 12764 V FfmpegTools: Retrieving duration of /storage/emulated/0/Download/Nearby/20200312_193728!002.mp4
07-05 18:12:33.900 12138 12764 V FfmpegTools: Retrieving duration of /storage/emulated/0/Movies/segment-sum/20200312_193728/20200312_193728!002.mp4
07-05 18:12:34.014 12138 12764 W Summariser: Summarisation completed
07-05 18:12:34.014 12138 12764 W Summariser:   filename: 20200312_193728!002.mp4
07-05 18:12:34.014 12138 12764 W Summariser:   active sections: -1
07-05 18:12:34.014 12138 12764 W Summariser:   time: 06.572s
07-05 18:12:34.014 12138 12764 W Summariser:   original duration: 16.01
07-05 18:12:34.014 12138 12764 W Summariser:   summarised duration: 16.01
07-05 18:12:34.014 12138 12764 W Summariser:   noise tolerance: 45.00
07-05 18:12:34.014 12138 12764 W Summariser:   quality: 23
07-05 18:12:34.014 12138 12764 W Summariser:   speed: medium
07-05 18:12:34.014 12138 12764 W Summariser:   freeze duration: 1.00
07-05 18:12:34.014 12138 12764 V VideoManager: Retrieving video from /storage/emulated/0/Movies/segment-sum/20200312_193728/20200312_193728!002.mp4
07-05 18:12:34.030 12138 12764 V VideoManager: videoFromCursor
07-05 18:12:34.038 12138 12764 W NearbyFragment: Sending 20200312_193728!002.mp4 to Galaxy S8 [2802]
07-05 18:12:34.043 12138 12764 V ProcessingVideosEventHandler: onRemove
07-05 18:12:34.077 12138 12138 V NearbyFragment: Transfer to Endpoint{id=f_1a, name=Galaxy S8 [2802]} complete
07-05 18:12:34.103 12138 12156 D SummariserIntentService: Scanned /storage/emulated/0/Movies/summarised
07-05 18:12:34.103 12138 12156 D SummariserIntentService:   -> uri=content://media/external/file/8045
07-05 18:12:34.138 12138 12138 D NearbyFragment: onPayloadReceived(endpointId=f_1a, payload=com.google.android.gms.nearby.connection.Payload@cb74b3e)
07-05 18:12:34.139 12138 12138 V NearbyFragment: Started downloading SUMMARISE_SEGMENT:-5377745428038703592:20200312_193828!001.mp4:45.0_1.0_23_medium from Endpoint{id=f_1a, name=Galaxy S8 [2802]}
07-05 18:12:34.150 12138 12138 V NearbyFragment: Transfer to Endpoint{id=f_1a, name=Galaxy S8 [2802]} complete
07-05 18:12:34.209 12138 12138 D NearbyFragment: onPayloadReceived(endpointId=f_1a, payload=com.google.android.gms.nearby.connection.Payload@2ec1d9f)
07-05 18:12:38.431 12138 12138 V NearbyFragment: Transfer to Endpoint{id=f_1a, name=Galaxy S8 [2802]} complete
07-05 18:12:38.432 12138 12138 W NearbyFragment: Completed downloading 20200312_193828!001.mp4 from Endpoint{id=f_1a, name=Galaxy S8 [2802]} in 04.291s
07-05 18:12:38.438 12138 12138 V FileManager: External storage is readable
07-05 18:12:38.530 12138 12138 V FileManager: Created new directory: /storage/emulated/0/Movies/segment-sum/20200312_193828
07-05 18:12:38.530 12138 12138 D NearbyFragment: Summarising 20200312_193828!001.mp4
07-05 18:12:38.530 12138 12138 V VideoManager: Retrieving video from /storage/emulated/0/Download/Nearby/20200312_193828!001.mp4
07-05 18:12:38.542 12138 12138 V VideoManager: videoFromCursor
07-05 18:12:38.546 12138 12138 V ProcessingVideosEventHandler: onAdd
07-05 18:12:38.546 12138 12138 V RawFootageEventHandler: onRemove
07-05 18:12:38.560 12138 12787 V SummariserIntentService: onHandleIntent
07-05 18:12:38.562 12138 12787 D SummariserIntentService: Video{id='8123', data='/storage/emulated/0/Download/Nearby/20200312_193828!001.mp4', name='20200312_193828!001.mp4', size=16808370, visible=true, mimeType='video/mp4'}
07-05 18:12:38.562 12138 12787 D SummariserIntentService: /storage/emulated/0/Movies/segment-sum/20200312_193828/20200312_193828!001.mp4
07-05 18:12:38.565 12138 12787 I FfmpegTools: Running ffmpeg with:
07-05 18:12:38.565 12138 12787 I FfmpegTools:   -y -i /storage/emulated/0/Download/Nearby/20200312_193828!001.mp4 -vf freezedetect=n=-45.000000dB:d=1.000000,metadata=mode=print:file=/storage/emulated/0/Movies/raw/20200312_193828!001.txt -f null -
07-05 18:12:38.706 12138 12393 W mobile-ffmpeg: [graph 0 input from stream 0:0 @ 0x78e1f1c440] sws_param option is deprecated and ignored
07-05 18:12:38.995 12138 12138 V NearbyFragment: Transfer to Endpoint{id=f_1a, name=Galaxy S8 [2802]} complete
07-05 18:12:40.539 12138 12138 V NearbyFragment: Transfer to Endpoint{id=f_1a, name=Galaxy S8 [2802]} complete
07-05 18:12:44.512 12138 12787 W Summariser: No activity detected
07-05 18:12:44.514 12138 12787 V FfmpegTools: Retrieving duration of /storage/emulated/0/Download/Nearby/20200312_193828!001.mp4
07-05 18:12:44.626 12138 12787 W Summariser: Summarisation completed
07-05 18:12:44.626 12138 12787 W Summariser:   filename: 20200312_193828!001.mp4
07-05 18:12:44.626 12138 12787 W Summariser:   active sections: 0
07-05 18:12:44.626 12138 12787 W Summariser:   time: 05.950s
07-05 18:12:44.626 12138 12787 W Summariser:   original duration: 16.01
07-05 18:12:44.626 12138 12787 W Summariser:   summarised duration: -1.00
07-05 18:12:44.626 12138 12787 W Summariser:   noise tolerance: 45.00
07-05 18:12:44.626 12138 12787 W Summariser:   quality: 23
07-05 18:12:44.626 12138 12787 W Summariser:   speed: medium
07-05 18:12:44.626 12138 12787 W Summariser:   freeze duration: 1.00
07-05 18:12:44.628 12138 12787 V ProcessingVideosEventHandler: onRemove
07-05 18:12:44.652 12138 12138 V NearbyFragment: Transfer to Endpoint{id=f_1a, name=Galaxy S8 [2802]} complete
07-05 18:12:44.682 12138 12156 D SummariserIntentService: Scanned /storage/emulated/0/Movies/summarised
07-05 18:12:44.682 12138 12156 D SummariserIntentService:   -> uri=content://media/external/file/8045
07-05 18:12:44.698 12138 12138 D NearbyFragment: onPayloadReceived(endpointId=f_1a, payload=com.google.android.gms.nearby.connection.Payload@95a7f84)
07-05 18:12:44.699 12138 12138 V NearbyFragment: Started downloading SUMMARISE_SEGMENT:-5495410157465610582:20200312_193828!003.mp4:45.0_1.0_23_medium from Endpoint{id=f_1a, name=Galaxy S8 [2802]}
07-05 18:12:44.712 12138 12138 V NearbyFragment: Transfer to Endpoint{id=f_1a, name=Galaxy S8 [2802]} complete
07-05 18:12:44.786 12138 12138 D NearbyFragment: onPayloadReceived(endpointId=f_1a, payload=com.google.android.gms.nearby.connection.Payload@27ab36d)
07-05 18:12:46.854 12138 12138 V NearbyFragment: Transfer to Endpoint{id=f_1a, name=Galaxy S8 [2802]} complete
07-05 18:12:46.855 12138 12138 W NearbyFragment: Completed downloading 20200312_193828!003.mp4 from Endpoint{id=f_1a, name=Galaxy S8 [2802]} in 02.155s
07-05 18:12:46.862 12138 12138 V FileManager: External storage is readable
07-05 18:12:46.863 12138 12138 V FileManager: Directory already exists: /storage/emulated/0/Movies/segment-sum/20200312_193828
07-05 18:12:46.863 12138 12138 D NearbyFragment: Summarising 20200312_193828!003.mp4
07-05 18:12:46.863 12138 12138 V VideoManager: Retrieving video from /storage/emulated/0/Download/Nearby/20200312_193828!003.mp4
07-05 18:12:46.873 12138 12138 V VideoManager: videoFromCursor
07-05 18:12:46.876 12138 12138 V ProcessingVideosEventHandler: onAdd
07-05 18:12:46.877 12138 12138 V RawFootageEventHandler: onRemove
07-05 18:12:46.881 12138 12138 V NearbyFragment: Transfer to Endpoint{id=f_1a, name=Galaxy S8 [2802]} complete
07-05 18:12:46.887 12138 12803 V SummariserIntentService: onHandleIntent
07-05 18:12:46.888 12138 12803 D SummariserIntentService: Video{id='8125', data='/storage/emulated/0/Download/Nearby/20200312_193828!003.mp4', name='20200312_193828!003.mp4', size=12614741, visible=true, mimeType='video/mp4'}
07-05 18:12:46.888 12138 12803 D SummariserIntentService: /storage/emulated/0/Movies/segment-sum/20200312_193828/20200312_193828!003.mp4
07-05 18:12:46.890 12138 12803 I FfmpegTools: Running ffmpeg with:
07-05 18:12:46.890 12138 12803 I FfmpegTools:   -y -i /storage/emulated/0/Download/Nearby/20200312_193828!003.mp4 -vf freezedetect=n=-45.000000dB:d=1.000000,metadata=mode=print:file=/storage/emulated/0/Movies/raw/20200312_193828!003.txt -f null -
07-05 18:12:47.002 12138 12393 W mobile-ffmpeg: [graph 0 input from stream 0:0 @ 0x78e1f1c440] sws_param option is deprecated and ignored
07-05 18:12:51.088 12138 12803 W Summariser: No activity detected
07-05 18:12:51.091 12138 12803 V FfmpegTools: Retrieving duration of /storage/emulated/0/Download/Nearby/20200312_193828!003.mp4
07-05 18:12:51.164 12138 12803 W Summariser: Summarisation completed
07-05 18:12:51.164 12138 12803 W Summariser:   filename: 20200312_193828!003.mp4
07-05 18:12:51.164 12138 12803 W Summariser:   active sections: 0
07-05 18:12:51.164 12138 12803 W Summariser:   time: 04.200s
07-05 18:12:51.164 12138 12803 W Summariser:   original duration: 12.01
07-05 18:12:51.164 12138 12803 W Summariser:   summarised duration: -1.00
07-05 18:12:51.164 12138 12803 W Summariser:   noise tolerance: 45.00
07-05 18:12:51.164 12138 12803 W Summariser:   quality: 23
07-05 18:12:51.164 12138 12803 W Summariser:   speed: medium
07-05 18:12:51.164 12138 12803 W Summariser:   freeze duration: 1.00
07-05 18:12:51.167 12138 12803 V ProcessingVideosEventHandler: onRemove
07-05 18:12:51.184 12138 12138 V NearbyFragment: Transfer to Endpoint{id=f_1a, name=Galaxy S8 [2802]} complete
07-05 18:12:51.218 12138 12156 D SummariserIntentService: Scanned /storage/emulated/0/Movies/summarised
07-05 18:12:51.218 12138 12156 D SummariserIntentService:   -> uri=content://media/external/file/8045
07-05 18:12:51.295 12138 12138 D NearbyFragment: onPayloadReceived(endpointId=f_1a, payload=com.google.android.gms.nearby.connection.Payload@b8b2cfa)
07-05 18:12:51.295 12138 12138 V NearbyFragment: Started downloading SUMMARISE_SEGMENT:-8450982263382627181:20200312_193928!001.mp4:45.0_1.0_23_medium from Endpoint{id=f_1a, name=Galaxy S8 [2802]}
07-05 18:12:51.311 12138 12138 V NearbyFragment: Transfer to Endpoint{id=f_1a, name=Galaxy S8 [2802]} complete
07-05 18:12:51.343 12138 12138 D NearbyFragment: onPayloadReceived(endpointId=f_1a, payload=com.google.android.gms.nearby.connection.Payload@55282ab)
07-05 18:12:55.824 12138 12138 V NearbyFragment: Transfer to Endpoint{id=f_1a, name=Galaxy S8 [2802]} complete
07-05 18:12:55.826 12138 12138 W NearbyFragment: Completed downloading 20200312_193928!001.mp4 from Endpoint{id=f_1a, name=Galaxy S8 [2802]} in 04.529s
07-05 18:12:55.844 12138 12138 V FileManager: External storage is readable
07-05 18:12:55.846 12138 12138 V FileManager: Created new directory: /storage/emulated/0/Movies/segment-sum/20200312_193928
07-05 18:12:55.846 12138 12138 D NearbyFragment: Summarising 20200312_193928!001.mp4
07-05 18:12:55.847 12138 12138 V VideoManager: Retrieving video from /storage/emulated/0/Download/Nearby/20200312_193928!001.mp4
07-05 18:12:55.858 12138 12138 V VideoManager: videoFromCursor
07-05 18:12:55.861 12138 12138 V ProcessingVideosEventHandler: onAdd
07-05 18:12:55.862 12138 12138 V RawFootageEventHandler: onRemove
07-05 18:12:55.867 12138 12138 V NearbyFragment: Transfer to Endpoint{id=f_1a, name=Galaxy S8 [2802]} complete
07-05 18:12:55.876 12138 12823 V SummariserIntentService: onHandleIntent
07-05 18:12:55.877 12138 12823 D SummariserIntentService: Video{id='8127', data='/storage/emulated/0/Download/Nearby/20200312_193928!001.mp4', name='20200312_193928!001.mp4', size=16838735, visible=true, mimeType='video/mp4'}
07-05 18:12:55.877 12138 12823 D SummariserIntentService: /storage/emulated/0/Movies/segment-sum/20200312_193928/20200312_193928!001.mp4
07-05 18:12:55.879 12138 12823 I FfmpegTools: Running ffmpeg with:
07-05 18:12:55.879 12138 12823 I FfmpegTools:   -y -i /storage/emulated/0/Download/Nearby/20200312_193928!001.mp4 -vf freezedetect=n=-45.000000dB:d=1.000000,metadata=mode=print:file=/storage/emulated/0/Movies/raw/20200312_193928!001.txt -f null -
07-05 18:12:56.048 12138 12393 W mobile-ffmpeg: [graph 0 input from stream 0:0 @ 0x78e1f1c440] sws_param option is deprecated and ignored
07-05 18:13:01.491 12138 12823 W Summariser: No activity detected
07-05 18:13:01.493 12138 12823 V FfmpegTools: Retrieving duration of /storage/emulated/0/Download/Nearby/20200312_193928!001.mp4
07-05 18:13:01.610 12138 12823 W Summariser: Summarisation completed
07-05 18:13:01.610 12138 12823 W Summariser:   filename: 20200312_193928!001.mp4
07-05 18:13:01.610 12138 12823 W Summariser:   active sections: 0
07-05 18:13:01.610 12138 12823 W Summariser:   time: 05.614s
07-05 18:13:01.610 12138 12823 W Summariser:   original duration: 16.05
07-05 18:13:01.610 12138 12823 W Summariser:   summarised duration: -1.00
07-05 18:13:01.610 12138 12823 W Summariser:   noise tolerance: 45.00
07-05 18:13:01.610 12138 12823 W Summariser:   quality: 23
07-05 18:13:01.610 12138 12823 W Summariser:   speed: medium
07-05 18:13:01.610 12138 12823 W Summariser:   freeze duration: 1.00
07-05 18:13:01.612 12138 12823 V ProcessingVideosEventHandler: onRemove
07-05 18:13:01.634 12138 12138 V NearbyFragment: Transfer to Endpoint{id=f_1a, name=Galaxy S8 [2802]} complete
07-05 18:13:01.660 12138 12138 D NearbyFragment: onPayloadReceived(endpointId=f_1a, payload=com.google.android.gms.nearby.connection.Payload@a315520)
07-05 18:13:01.661 12138 12138 V NearbyFragment: Started downloading SUMMARISE_SEGMENT:-5789679087249270703:20200312_194129!000.mp4:45.0_1.0_23_medium from Endpoint{id=f_1a, name=Galaxy S8 [2802]}
07-05 18:13:01.661 12138 12156 D SummariserIntentService: Scanned /storage/emulated/0/Movies/summarised
07-05 18:13:01.661 12138 12156 D SummariserIntentService:   -> uri=content://media/external/file/8045
07-05 18:13:01.668 12138 12138 V NearbyFragment: Transfer to Endpoint{id=f_1a, name=Galaxy S8 [2802]} complete
07-05 18:13:01.702 12138 12138 D NearbyFragment: onPayloadReceived(endpointId=f_1a, payload=com.google.android.gms.nearby.connection.Payload@5b12ed9)
07-05 18:13:06.392 12138 12138 V NearbyFragment: Transfer to Endpoint{id=f_1a, name=Galaxy S8 [2802]} complete
07-05 18:13:06.393 12138 12138 W NearbyFragment: Completed downloading 20200312_194129!000.mp4 from Endpoint{id=f_1a, name=Galaxy S8 [2802]} in 04.731s
07-05 18:13:06.403 12138 12138 V FileManager: External storage is readable
07-05 18:13:06.405 12138 12138 V FileManager: Created new directory: /storage/emulated/0/Movies/segment-sum/20200312_194129
07-05 18:13:06.405 12138 12138 D NearbyFragment: Summarising 20200312_194129!000.mp4
07-05 18:13:06.405 12138 12138 V VideoManager: Retrieving video from /storage/emulated/0/Download/Nearby/20200312_194129!000.mp4
07-05 18:13:06.416 12138 12138 V VideoManager: videoFromCursor
07-05 18:13:06.419 12138 12138 V ProcessingVideosEventHandler: onAdd
07-05 18:13:06.420 12138 12138 V RawFootageEventHandler: onRemove
07-05 18:13:06.426 12138 12138 V NearbyFragment: Transfer to Endpoint{id=f_1a, name=Galaxy S8 [2802]} complete
07-05 18:13:06.427 12138 12143 I zygote64: Do partial code cache collection, code=248KB, data=156KB
07-05 18:13:06.427 12138 12143 I zygote64: After code cache collection, code=248KB, data=156KB
07-05 18:13:06.428 12138 12143 I zygote64: Increasing code cache capacity to 1024KB
07-05 18:13:06.435 12138 12842 V SummariserIntentService: onHandleIntent
07-05 18:13:06.436 12138 12842 D SummariserIntentService: Video{id='8130', data='/storage/emulated/0/Download/Nearby/20200312_194129!000.mp4', name='20200312_194129!000.mp4', size=16878473, visible=true, mimeType='video/mp4'}
07-05 18:13:06.436 12138 12842 D SummariserIntentService: /storage/emulated/0/Movies/segment-sum/20200312_194129/20200312_194129!000.mp4
07-05 18:13:06.438 12138 12842 I FfmpegTools: Running ffmpeg with:
07-05 18:13:06.438 12138 12842 I FfmpegTools:   -y -i /storage/emulated/0/Download/Nearby/20200312_194129!000.mp4 -vf freezedetect=n=-45.000000dB:d=1.000000,metadata=mode=print:file=/storage/emulated/0/Movies/raw/20200312_194129!000.txt -f null -
07-05 18:13:06.553 12138 12393 W mobile-ffmpeg: [graph 0 input from stream 0:0 @ 0x78e1f1c440] sws_param option is deprecated and ignored
07-05 18:13:12.043 12138 12842 W Summariser: No activity detected
07-05 18:13:12.046 12138 12842 V FfmpegTools: Retrieving duration of /storage/emulated/0/Download/Nearby/20200312_194129!000.mp4
07-05 18:13:12.115 12138 12842 W Summariser: Summarisation completed
07-05 18:13:12.115 12138 12842 W Summariser:   filename: 20200312_194129!000.mp4
07-05 18:13:12.115 12138 12842 W Summariser:   active sections: 0
07-05 18:13:12.115 12138 12842 W Summariser:   time: 05.607s
07-05 18:13:12.115 12138 12842 W Summariser:   original duration: 16.07
07-05 18:13:12.115 12138 12842 W Summariser:   summarised duration: -1.00
