07-04 23:18:14.046  2204  4151 V SummariserIntentService: onHandleIntent
07-04 23:18:14.047  2204  4151 D SummariserIntentService: Video{id='138048', data='/storage/emulated/0/Download/Nearby/20200312_193928.mp4', name='20200312_193928.mp4', size=69990400, visible=true, mimeType='video/mp4'}
07-04 23:18:14.047  2204  4151 D SummariserIntentService: /storage/emulated/0/Movies/summarised/20200312_193928.mp4
07-04 23:18:14.056  2204  3265 W mobile-ffmpeg: [mov,mp4,m4a,3gp,3g2,mj2 @ 0x7a5348dc00] Found duplicated MOOV Atom. Skipped it
07-04 23:18:14.156  2204  3265 W mobile-ffmpeg: [graph 0 input from stream 0:0 @ 0x7a68c2f040] sws_param option is deprecated and ignored
07-04 23:18:20.833  2204  4151 W Summariser: No activity detected
07-04 23:18:20.834  2204  4151 V FfmpegTools: Retrieving duration of /storage/emulated/0/Download/Nearby/20200312_193928.mp4
07-04 23:18:20.836  2204  3265 W mobile-ffmpeg: [mov,mp4,m4a,3gp,3g2,mj2 @ 0x7a5348dc00] Found duplicated MOOV Atom. Skipped it
07-04 23:18:20.863  2204  4151 W Summariser: Summarisation completed
07-04 23:18:20.863  2204  4151 W Summariser:   filename: 20200312_193928.mp4
07-04 23:18:20.863  2204  4151 W Summariser:   active sections: 0
07-04 23:18:20.863  2204  4151 W Summariser:   time: 06.785s
07-04 23:18:20.863  2204  4151 W Summariser:   original duration: 60.89
07-04 23:18:20.863  2204  4151 W Summariser:   summarised duration: -1.00
07-04 23:18:20.863  2204  4151 W Summariser:   noise tolerance: 45.00
07-04 23:18:20.863  2204  4151 W Summariser:   quality: 23
07-04 23:18:20.863  2204  4151 W Summariser:   speed: medium
07-04 23:18:20.863  2204  4151 W Summariser:   freeze duration: 1.00
07-04 23:18:20.864  2204  4151 V ProcessingVideosEventHandler: onRemove
07-04 23:18:20.881  2204  2204 V NearbyFragment: Transfer to Endpoint{id=MGMd, name=Nexus 5X [34d8]} complete
07-04 23:18:20.948  2204  2220 D SummariserIntentService: Scanned /storage/emulated/0/Movies/summarised
07-04 23:18:20.948  2204  2220 D SummariserIntentService:   -> uri=content://media/external/file/137797
07-04 23:18:27.615  2204  2204 D NearbyFragment: onPayloadReceived(endpointId=MGMd, payload=com.google.android.gms.nearby.connection.Payload@29e5f1b)
07-04 23:18:27.619  2204  2204 V NearbyFragment: Started downloading SUMMARISE:-7250168476868341512:20200312_194129.mp4:45.0_1.0_23_medium from Endpoint{id=MGMd, name=Nexus 5X [34d8]}
07-04 23:18:27.626  2204  2204 V NearbyFragment: Transfer to Endpoint{id=MGMd, name=Nexus 5X [34d8]} complete
07-04 23:18:27.645  2204  2204 D NearbyFragment: onPayloadReceived(endpointId=MGMd, payload=com.google.android.gms.nearby.connection.Payload@84ae8b8)
07-04 23:18:35.936  2204  2204 V NearbyFragment: Transfer to Endpoint{id=MGMd, name=Nexus 5X [34d8]} complete
07-04 23:18:35.939  2204  2204 W NearbyFragment: Completed downloading 20200312_194129.mp4 from Endpoint{id=MGMd, name=Nexus 5X [34d8]} in 08.316s
07-04 23:18:35.943  2204  2204 D NearbyFragment: Summarising 20200312_194129.mp4
07-04 23:18:35.943  2204  2204 V VideoManager: Retrieving video from /storage/emulated/0/Download/Nearby/20200312_194129.mp4
07-04 23:18:35.959  2204  2204 V VideoManager: videoFromCursor
07-04 23:18:35.962  2204  2204 V ProcessingVideosEventHandler: onAdd
07-04 23:18:35.963  2204  2204 V RawFootageEventHandler: onRemove
07-04 23:18:35.968  2204  2204 V NearbyFragment: Transfer to Endpoint{id=MGMd, name=Nexus 5X [34d8]} complete
07-04 23:18:35.979  2204  4224 V SummariserIntentService: onHandleIntent
07-04 23:18:35.980  2204  4224 D SummariserIntentService: Video{id='137809', data='/storage/emulated/0/Download/Nearby/20200312_194129.mp4', name='20200312_194129.mp4', size=69990400, visible=true, mimeType='video/mp4'}
07-04 23:18:35.980  2204  4224 D SummariserIntentService: /storage/emulated/0/Movies/summarised/20200312_194129.mp4
07-04 23:18:35.984  2204  3265 W mobile-ffmpeg: [mov,mp4,m4a,3gp,3g2,mj2 @ 0x7a5348dc00] Found duplicated MOOV Atom. Skipped it
07-04 23:18:36.033  2204  3265 W mobile-ffmpeg: [graph 0 input from stream 0:0 @ 0x7a68c2f040] sws_param option is deprecated and ignored
07-04 23:18:42.933  2204  4224 W Summariser: 2 active sections found
07-04 23:18:42.933  2204  4224 I FfmpegTools: Running ffmpeg with:
07-04 23:18:42.933  2204  4224 I FfmpegTools:   -y -i /storage/emulated/0/Download/Nearby/20200312_194129.mp4 -filter_complex [0:v]trim=29.127000:39.369000,setpts=PTS-STARTPTS[v0];[0:a]atrim=29.127000:39.369000,asetpts=PTS-STARTPTS[a0];[0:v]trim=49.345000:49.812000,setpts=PTS-STARTPTS[v1];[0:a]atrim=49.345000:49.812000,asetpts=PTS-STARTPTS[a1];[v0][a0][v1][a1]concat=n=2:v=1:a=1[outv][outa] -map [outv] -map [outa] -crf 23 -preset medium /storage/emulated/0/Movies/summarised/20200312_194129.mp4
07-04 23:18:42.938  2204  3265 W mobile-ffmpeg: [mov,mp4,m4a,3gp,3g2,mj2 @ 0x7a5348dc00] Found duplicated MOOV Atom. Skipped it
07-04 23:18:42.982  2204  3265 W mobile-ffmpeg: [graph 0 input from stream 0:0 @ 0x7a68c2eec0] sws_param option is deprecated and ignored
07-04 23:18:42.982  2204  3265 W mobile-ffmpeg: [graph 0 input from stream 0:0 @ 0x7a68c2f400] sws_param option is deprecated and ignored
07-04 23:18:56.764  2204  4224 V FfmpegTools: Retrieving duration of /storage/emulated/0/Download/Nearby/20200312_194129.mp4
07-04 23:18:56.766  2204  3265 W mobile-ffmpeg: [mov,mp4,m4a,3gp,3g2,mj2 @ 0x7a5348dc00] Found duplicated MOOV Atom. Skipped it
07-04 23:18:56.792  2204  4224 V FfmpegTools: Retrieving duration of /storage/emulated/0/Movies/summarised/20200312_194129.mp4
07-04 23:18:56.812  2204  4224 W Summariser: Summarisation completed
07-04 23:18:56.812  2204  4224 W Summariser:   filename: 20200312_194129.mp4
07-04 23:18:56.812  2204  4224 W Summariser:   active sections: 2
07-04 23:18:56.812  2204  4224 W Summariser:   time: 20.784s
07-04 23:18:56.812  2204  4224 W Summariser:   original duration: 60.02
07-04 23:18:56.812  2204  4224 W Summariser:   summarised duration: 10.77
07-04 23:18:56.812  2204  4224 W Summariser:   noise tolerance: 45.00
07-04 23:18:56.812  2204  4224 W Summariser:   quality: 23
07-04 23:18:56.812  2204  4224 W Summariser:   speed: medium
07-04 23:18:56.812  2204  4224 W Summariser:   freeze duration: 1.00
07-04 23:18:56.812  2204  4224 V VideoManager: Retrieving video from /storage/emulated/0/Movies/summarised/20200312_194129.mp4
07-04 23:18:56.839  2204  4224 D VideoManager: videoCursor is null
07-04 23:18:56.914  2204  4224 V VideoManager: videoFromCursor
07-04 23:18:56.919  2204  4224 V SummarisedVideosEventHandler: onAdd
07-04 23:18:56.923  2204  4224 W NearbyFragment: Sending 20200312_194129.mp4 to Nexus 5X [34d8]
07-04 23:18:56.927  2204  4224 V ProcessingVideosEventHandler: onRemove
07-04 23:18:56.971  2204  2204 V NearbyFragment: Transfer to Endpoint{id=MGMd, name=Nexus 5X [34d8]} complete
07-04 23:18:57.012  2204  2220 D SummariserIntentService: Scanned /storage/emulated/0/Movies/summarised
07-04 23:18:57.012  2204  2220 D SummariserIntentService:   -> uri=content://media/external/file/137797
07-04 23:18:57.408  2204  2204 V NearbyFragment: Transfer to Endpoint{id=MGMd, name=Nexus 5X [34d8]} complete
07-04 23:19:16.268  2204  2204 D NearbyFragment: onPayloadReceived(endpointId=MGMd, payload=com.google.android.gms.nearby.connection.Payload@63308ef)
07-04 23:19:16.272  2204  2204 V NearbyFragment: Started downloading SUMMARISE:-6819059281833696409:20200312_194330.mp4:45.0_1.0_23_medium from Endpoint{id=MGMd, name=Nexus 5X [34d8]}
07-04 23:19:16.278  2204  2204 V NearbyFragment: Transfer to Endpoint{id=MGMd, name=Nexus 5X [34d8]} complete
07-04 23:19:16.307  2204  2204 D NearbyFragment: onPayloadReceived(endpointId=MGMd, payload=com.google.android.gms.nearby.connection.Payload@84dcffc)
07-04 23:19:25.675  2204  2204 V NearbyFragment: Transfer to Endpoint{id=MGMd, name=Nexus 5X [34d8]} complete
07-04 23:19:25.677  2204  2204 W NearbyFragment: Completed downloading 20200312_194330.mp4 from Endpoint{id=MGMd, name=Nexus 5X [34d8]} in 09.401s
07-04 23:19:25.684  2204  2204 D NearbyFragment: Summarising 20200312_194330.mp4
07-04 23:19:25.686  2204  2204 V VideoManager: Retrieving video from /storage/emulated/0/Download/Nearby/20200312_194330.mp4
07-04 23:19:25.742  2204  2204 V VideoManager: videoFromCursor
07-04 23:19:25.748  2204  2204 V ProcessingVideosEventHandler: onAdd
07-04 23:19:25.748  2204  2204 V RawFootageEventHandler: onRemove
07-04 23:19:25.755  2204  2204 V NearbyFragment: Transfer to Endpoint{id=MGMd, name=Nexus 5X [34d8]} complete
07-04 23:19:25.780  2204  4309 V SummariserIntentService: onHandleIntent
07-04 23:19:25.781  2204  4309 D SummariserIntentService: Video{id='137811', data='/storage/emulated/0/Download/Nearby/20200312_194330.mp4', name='20200312_194330.mp4', size=69990400, visible=true, mimeType='video/mp4'}
07-04 23:19:25.781  2204  4309 D SummariserIntentService: /storage/emulated/0/Movies/summarised/20200312_194330.mp4
07-04 23:19:25.788  2204  3265 W mobile-ffmpeg: [mov,mp4,m4a,3gp,3g2,mj2 @ 0x7a5348dc00] Found duplicated MOOV Atom. Skipped it
07-04 23:19:25.881  2204  3265 W mobile-ffmpeg: [graph 0 input from stream 0:0 @ 0x7a68c2f040] sws_param option is deprecated and ignored
07-04 23:19:32.586  2204  4309 W Summariser: No activity detected
07-04 23:19:32.587  2204  4309 V FfmpegTools: Retrieving duration of /storage/emulated/0/Download/Nearby/20200312_194330.mp4
07-04 23:19:32.589  2204  3265 W mobile-ffmpeg: [mov,mp4,m4a,3gp,3g2,mj2 @ 0x7a5348dc00] Found duplicated MOOV Atom. Skipped it
07-04 23:19:32.614  2204  4309 W Summariser: Summarisation completed
07-04 23:19:32.614  2204  4309 W Summariser:   filename: 20200312_194330.mp4
07-04 23:19:32.614  2204  4309 W Summariser:   active sections: 0
07-04 23:19:32.614  2204  4309 W Summariser:   time: 06.804s
07-04 23:19:32.614  2204  4309 W Summariser:   original duration: 60.02
07-04 23:19:32.614  2204  4309 W Summariser:   summarised duration: -1.00
07-04 23:19:32.614  2204  4309 W Summariser:   noise tolerance: 45.00
07-04 23:19:32.614  2204  4309 W Summariser:   quality: 23
07-04 23:19:32.614  2204  4309 W Summariser:   speed: medium
07-04 23:19:32.614  2204  4309 W Summariser:   freeze duration: 1.00
07-04 23:19:32.615  2204  4309 V ProcessingVideosEventHandler: onRemove
07-04 23:19:32.639  2204  2204 V NearbyFragment: Transfer to Endpoint{id=MGMd, name=Nexus 5X [34d8]} complete
07-04 23:19:32.720  2204  2219 D SummariserIntentService: Scanned /storage/emulated/0/Movies/summarised
07-04 23:19:32.720  2204  2219 D SummariserIntentService:   -> uri=content://media/external/file/137797
07-04 23:19:38.260  2204  2204 D NearbyFragment: onPayloadReceived(endpointId=MGMd, payload=com.google.android.gms.nearby.connection.Payload@a96013d)
07-04 23:19:38.264  2204  2204 V NearbyFragment: Started downloading SUMMARISE:-7286113857889340017:20200312_194730.mp4:45.0_1.0_23_medium from Endpoint{id=MGMd, name=Nexus 5X [34d8]}
07-04 23:19:38.270  2204  2204 V NearbyFragment: Transfer to Endpoint{id=MGMd, name=Nexus 5X [34d8]} complete
07-04 23:19:38.294  2204  2204 D NearbyFragment: onPayloadReceived(endpointId=MGMd, payload=com.google.android.gms.nearby.connection.Payload@86d4d32)
07-04 23:19:48.356  2204  2204 V NearbyFragment: Transfer to Endpoint{id=MGMd, name=Nexus 5X [34d8]} complete
07-04 23:19:48.361  2204  2204 W NearbyFragment: Completed downloading 20200312_194730.mp4 from Endpoint{id=MGMd, name=Nexus 5X [34d8]} in 10.091s
07-04 23:19:48.371  2204  2204 D NearbyFragment: Summarising 20200312_194730.mp4
07-04 23:19:48.373  2204  2204 V VideoManager: Retrieving video from /storage/emulated/0/Download/Nearby/20200312_194730.mp4
07-04 23:19:48.391  2204  2204 V VideoManager: videoFromCursor
07-04 23:19:48.397  2204  2204 V ProcessingVideosEventHandler: onAdd
07-04 23:19:48.398  2204  2204 V RawFootageEventHandler: onRemove
07-04 23:19:48.408  2204  2204 V NearbyFragment: Transfer to Endpoint{id=MGMd, name=Nexus 5X [34d8]} complete
07-04 23:19:48.418  2204  4371 V SummariserIntentService: onHandleIntent
07-04 23:19:48.420  2204  4371 D SummariserIntentService: Video{id='137812', data='/storage/emulated/0/Download/Nearby/20200312_194730.mp4', name='20200312_194730.mp4', size=69990400, visible=true, mimeType='video/mp4'}
07-04 23:19:48.420  2204  4371 D SummariserIntentService: /storage/emulated/0/Movies/summarised/20200312_194730.mp4
07-04 23:19:48.435  2204  3265 W mobile-ffmpeg: [mov,mp4,m4a,3gp,3g2,mj2 @ 0x7a5348dc00] Found duplicated MOOV Atom. Skipped it
07-04 23:19:48.555  2204  3265 W mobile-ffmpeg: [graph 0 input from stream 0:0 @ 0x7a68c2f040] sws_param option is deprecated and ignored
07-04 23:19:55.624  2204  4371 W Summariser: No activity detected
07-04 23:19:55.625  2204  4371 V FfmpegTools: Retrieving duration of /storage/emulated/0/Download/Nearby/20200312_194730.mp4
07-04 23:19:55.627  2204  3265 W mobile-ffmpeg: [mov,mp4,m4a,3gp,3g2,mj2 @ 0x7a5348dc00] Found duplicated MOOV Atom. Skipped it
07-04 23:19:55.653  2204  4371 W Summariser: Summarisation completed
07-04 23:19:55.653  2204  4371 W Summariser:   filename: 20200312_194730.mp4
07-04 23:19:55.653  2204  4371 W Summariser:   active sections: 0
07-04 23:19:55.653  2204  4371 W Summariser:   time: 07.203s
07-04 23:19:55.653  2204  4371 W Summariser:   original duration: 60.02
07-04 23:19:55.653  2204  4371 W Summariser:   summarised duration: -1.00
07-04 23:19:55.653  2204  4371 W Summariser:   noise tolerance: 45.00
07-04 23:19:55.653  2204  4371 W Summariser:   quality: 23
07-04 23:19:55.653  2204  4371 W Summariser:   speed: medium
07-04 23:19:55.653  2204  4371 W Summariser:   freeze duration: 1.00
07-04 23:19:55.653  2204  4371 V ProcessingVideosEventHandler: onRemove
07-04 23:19:55.681  2204  2204 V NearbyFragment: Transfer to Endpoint{id=MGMd, name=Nexus 5X [34d8]} complete
07-04 23:19:55.736  2204  4303 D SummariserIntentService: Scanned /storage/emulated/0/Movies/summarised
07-04 23:19:55.736  2204  4303 D SummariserIntentService:   -> uri=content://media/external/file/137797
07-04 23:20:04.793  2204  2204 D NearbyFragment: onPayloadReceived(endpointId=MGMd, payload=com.google.android.gms.nearby.connection.Payload@54186fb)
07-04 23:20:04.798  2204  2204 V NearbyFragment: Started downloading SUMMARISE:-4890475030057723464:20200312_194830.mp4:45.0_1.0_23_medium from Endpoint{id=MGMd, name=Nexus 5X [34d8]}
07-04 23:20:04.803  2204  2204 V NearbyFragment: Transfer to Endpoint{id=MGMd, name=Nexus 5X [34d8]} complete
07-04 23:20:04.832  2204  2204 D NearbyFragment: onPayloadReceived(endpointId=MGMd, payload=com.google.android.gms.nearby.connection.Payload@5292318)
07-04 23:20:11.564  2204  2219 W example.edgesu: JNI critical lock held for 17.277ms on Thread[11,tid=2219,Runnable,Thread*=0x7a6ad00800,peer=0x134806f8,"Binder:2204_3"]
07-04 23:20:14.237  2204  2204 V NearbyFragment: Transfer to Endpoint{id=MGMd, name=Nexus 5X [34d8]} complete
07-04 23:20:14.238  2204  2204 W NearbyFragment: Completed downloading 20200312_194830.mp4 from Endpoint{id=MGMd, name=Nexus 5X [34d8]} in 09.438s
07-04 23:20:14.242  2204  2204 D NearbyFragment: Summarising 20200312_194830.mp4
07-04 23:20:14.243  2204  2204 V VideoManager: Retrieving video from /storage/emulated/0/Download/Nearby/20200312_194830.mp4
07-04 23:20:14.254  2204  2204 V VideoManager: videoFromCursor
07-04 23:20:14.258  2204  2204 V ProcessingVideosEventHandler: onAdd
07-04 23:20:14.259  2204  2204 V RawFootageEventHandler: onRemove
07-04 23:20:14.266  2204  2204 V NearbyFragment: Transfer to Endpoint{id=MGMd, name=Nexus 5X [34d8]} complete
07-04 23:20:14.273  2204  4457 V SummariserIntentService: onHandleIntent
07-04 23:20:14.279  2204  4457 D SummariserIntentService: Video{id='137813', data='/storage/emulated/0/Download/Nearby/20200312_194830.mp4', name='20200312_194830.mp4', size=69990400, visible=true, mimeType='video/mp4'}
07-04 23:20:14.279  2204  4457 D SummariserIntentService: /storage/emulated/0/Movies/summarised/20200312_194830.mp4
07-04 23:20:14.290  2204  3265 W mobile-ffmpeg: [mov,mp4,m4a,3gp,3g2,mj2 @ 0x7a5348dc00] Found duplicated MOOV Atom. Skipped it
07-04 23:20:14.418  2204  3265 W mobile-ffmpeg: [graph 0 input from stream 0:0 @ 0x7a68c2f040] sws_param option is deprecated and ignored
07-04 23:20:21.532  2204  4457 W Summariser: 4 active sections found
07-04 23:20:21.532  2204  4457 I FfmpegTools: Running ffmpeg with:
07-04 23:20:21.532  2204  4457 I FfmpegTools:   -y -i /storage/emulated/0/Download/Nearby/20200312_194830.mp4 -filter_complex [0:v]trim=6.839000:10.742000,setpts=PTS-STARTPTS[v0];[0:a]atrim=6.839000:10.742000,asetpts=PTS-STARTPTS[a0];[0:v]trim=16.781000:22.419000,setpts=PTS-STARTPTS[v1];[0:a]atrim=16.781000:22.419000,asetpts=PTS-STARTPTS[a1];[0:v]trim=30.393000:35.731000,setpts=PTS-STARTPTS[v2];[0:a]atrim=30.393000:35.731000,asetpts=PTS-STARTPTS[a2];[0:v]trim=42.971000:47.041000,setpts=PTS-STARTPTS[v3];[0:a]atrim=42.971000:47.041000,asetpts=PTS-STARTPTS[a3];[v0][a0][v1][a1][v2][a2][v3][a3]concat=n=4:v=1:a=1[outv][outa] -map [outv] -map [outa] -crf 23 -preset medium /storage/emulated/0/Movies/summarised/20200312_194830.mp4
07-04 23:20:21.536  2204  3265 W mobile-ffmpeg: [mov,mp4,m4a,3gp,3g2,mj2 @ 0x7a5348dc00] Found duplicated MOOV Atom. Skipped it
07-04 23:20:21.595  2204  3265 W mobile-ffmpeg: [graph 0 input from stream 0:0 @ 0x7a68c2f340] sws_param option is deprecated and ignored
07-04 23:20:21.595  2204  3265 W mobile-ffmpeg: [graph 0 input from stream 0:0 @ 0x7a68c2fb80] sws_param option is deprecated and ignored
07-04 23:20:21.595  2204  3265 W mobile-ffmpeg: [graph 0 input from stream 0:0 @ 0x7a68c2fd00] sws_param option is deprecated and ignored
07-04 23:20:21.595  2204  3265 W mobile-ffmpeg: [graph 0 input from stream 0:0 @ 0x7a68c2fe80] sws_param option is deprecated and ignored
07-04 23:20:43.583  2204  4457 V FfmpegTools: Retrieving duration of /storage/emulated/0/Download/Nearby/20200312_194830.mp4
07-04 23:20:43.585  2204  3265 W mobile-ffmpeg: [mov,mp4,m4a,3gp,3g2,mj2 @ 0x7a5348dc00] Found duplicated MOOV Atom. Skipped it
07-04 23:20:43.627  2204  4457 V FfmpegTools: Retrieving duration of /storage/emulated/0/Movies/summarised/20200312_194830.mp4
07-04 23:20:43.646  2204  4457 W Summariser: Summarisation completed
07-04 23:20:43.646  2204  4457 W Summariser:   filename: 20200312_194830.mp4
07-04 23:20:43.646  2204  4457 W Summariser:   active sections: 4
07-04 23:20:43.646  2204  4457 W Summariser:   time: 29.302s
07-04 23:20:43.646  2204  4457 W Summariser:   original duration: 60.02
07-04 23:20:43.646  2204  4457 W Summariser:   summarised duration: 19.02
07-04 23:20:43.646  2204  4457 W Summariser:   noise tolerance: 45.00
07-04 23:20:43.646  2204  4457 W Summariser:   quality: 23
07-04 23:20:43.646  2204  4457 W Summariser:   speed: medium
07-04 23:20:43.646  2204  4457 W Summariser:   freeze duration: 1.00
07-04 23:20:43.646  2204  4457 V VideoManager: Retrieving video from /storage/emulated/0/Movies/summarised/20200312_194830.mp4
07-04 23:20:43.663  2204  4457 D VideoManager: videoCursor is null
07-04 23:20:43.749  2204  4457 V VideoManager: videoFromCursor
07-04 23:20:43.758  2204  4457 V SummarisedVideosEventHandler: onAdd
07-04 23:20:43.762  2204  4457 W NearbyFragment: Sending 20200312_194830.mp4 to Nexus 5X [34d8]
07-04 23:20:43.767  2204  4457 V ProcessingVideosEventHandler: onRemove
07-04 23:20:43.798  2204  2204 V NearbyFragment: Transfer to Endpoint{id=MGMd, name=Nexus 5X [34d8]} complete
07-04 23:20:43.859  2204  2219 D SummariserIntentService: Scanned /storage/emulated/0/Movies/summarised
07-04 23:20:43.859  2204  2219 D SummariserIntentService:   -> uri=content://media/external/file/137797
07-04 23:20:44.056  2204  2204 V NearbyFragment: Transfer to Endpoint{id=MGMd, name=Nexus 5X [34d8]} complete
07-04 23:20:58.143  2204  2204 D NearbyFragment: onPayloadReceived(endpointId=MGMd, payload=com.google.android.gms.nearby.connection.Payload@87aacf)
07-04 23:20:58.148  2204  2204 V NearbyFragment: Started downloading SUMMARISE:-8408543815756731215:20200312_195230.mp4:45.0_1.0_23_medium from Endpoint{id=MGMd, name=Nexus 5X [34d8]}
07-04 23:20:58.152  2204  2204 V NearbyFragment: Transfer to Endpoint{id=MGMd, name=Nexus 5X [34d8]} complete
07-04 23:20:58.184  2204  2204 D NearbyFragment: onPayloadReceived(endpointId=MGMd, payload=com.google.android.gms.nearby.connection.Payload@ae8fc5c)
07-04 23:21:06.896  2204  2204 V NearbyFragment: Transfer to Endpoint{id=MGMd, name=Nexus 5X [34d8]} complete
07-04 23:21:06.898  2204  2204 W NearbyFragment: Completed downloading 20200312_195230.mp4 from Endpoint{id=MGMd, name=Nexus 5X [34d8]} in 08.747s
07-04 23:21:06.902  2204  2204 D NearbyFragment: Summarising 20200312_195230.mp4
07-04 23:21:06.910  2204  2204 V VideoManager: Retrieving video from /storage/emulated/0/Download/Nearby/20200312_195230.mp4
07-04 23:21:06.925  2204  2204 V VideoManager: videoFromCursor
07-04 23:21:06.930  2204  2204 V ProcessingVideosEventHandler: onAdd
07-04 23:21:06.931  2204  2204 V RawFootageEventHandler: onRemove
07-04 23:21:06.939  2204  2204 V NearbyFragment: Transfer to Endpoint{id=MGMd, name=Nexus 5X [34d8]} complete
07-04 23:21:06.947  2204  4639 V SummariserIntentService: onHandleIntent
07-04 23:21:06.949  2204  4639 D SummariserIntentService: Video{id='137815', data='/storage/emulated/0/Download/Nearby/20200312_195230.mp4', name='20200312_195230.mp4', size=69990400, visible=true, mimeType='video/mp4'}
07-04 23:21:06.949  2204  4639 D SummariserIntentService: /storage/emulated/0/Movies/summarised/20200312_195230.mp4
07-04 23:21:06.958  2204  3265 W mobile-ffmpeg: [mov,mp4,m4a,3gp,3g2,mj2 @ 0x7a5348dc00] Found duplicated MOOV Atom. Skipped it
07-04 23:21:07.092  2204  3265 W mobile-ffmpeg: [graph 0 input from stream 0:0 @ 0x7a68c2f040] sws_param option is deprecated and ignored
07-04 23:21:14.153  2204  4639 W Summariser: 1 active sections found
07-04 23:21:14.154  2204  4639 I FfmpegTools: Running ffmpeg with:
07-04 23:21:14.154  2204  4639 I FfmpegTools:   -y -i /storage/emulated/0/Download/Nearby/20200312_195230.mp4 -filter_complex [0:v]trim=22.020000:28.926000,setpts=PTS-STARTPTS[v0];[0:a]atrim=22.020000:28.926000,asetpts=PTS-STARTPTS[a0];[v0][a0]concat=n=1:v=1:a=1[outv][outa] -map [outv] -map [outa] -crf 23 -preset medium /storage/emulated/0/Movies/summarised/20200312_195230.mp4
07-04 23:21:14.158  2204  3265 W mobile-ffmpeg: [mov,mp4,m4a,3gp,3g2,mj2 @ 0x7a5348dc00] Found duplicated MOOV Atom. Skipped it
07-04 23:21:14.200  2204  3265 W mobile-ffmpeg: [graph 0 input from stream 0:0 @ 0x7a6ae95c40] sws_param option is deprecated and ignored
07-04 23:21:23.507  2204  4639 V FfmpegTools: Retrieving duration of /storage/emulated/0/Download/Nearby/20200312_195230.mp4
07-04 23:21:23.509  2204  3265 W mobile-ffmpeg: [mov,mp4,m4a,3gp,3g2,mj2 @ 0x7a5348dc00] Found duplicated MOOV Atom. Skipped it
07-04 23:21:23.534  2204  4639 V FfmpegTools: Retrieving duration of /storage/emulated/0/Movies/summarised/20200312_195230.mp4
07-04 23:21:23.553  2204  4639 W Summariser: Summarisation completed
07-04 23:21:23.553  2204  4639 W Summariser:   filename: 20200312_195230.mp4
07-04 23:21:23.553  2204  4639 W Summariser:   active sections: 1
07-04 23:21:23.553  2204  4639 W Summariser:   time: 16.557s
07-04 23:21:23.553  2204  4639 W Summariser:   original duration: 60.02
07-04 23:21:23.553  2204  4639 W Summariser:   summarised duration: 6.97
07-04 23:21:23.553  2204  4639 W Summariser:   noise tolerance: 45.00
07-04 23:21:23.553  2204  4639 W Summariser:   quality: 23
07-04 23:21:23.553  2204  4639 W Summariser:   speed: medium
07-04 23:21:23.553  2204  4639 W Summariser:   freeze duration: 1.00
07-04 23:21:23.554  2204  4639 V VideoManager: Retrieving video from /storage/emulated/0/Movies/summarised/20200312_195230.mp4
07-04 23:21:23.567  2204  4639 D VideoManager: videoCursor is null
07-04 23:21:23.651  2204  4639 V VideoManager: videoFromCursor
07-04 23:21:23.655  2204  4639 V SummarisedVideosEventHandler: onAdd
07-04 23:21:23.658  2204  4639 W NearbyFragment: Sending 20200312_195230.mp4 to Nexus 5X [34d8]
07-04 23:21:23.661  2204  4639 V ProcessingVideosEventHandler: onRemove
07-04 23:21:23.698  2204  2204 V NearbyFragment: Transfer to Endpoint{id=MGMd, name=Nexus 5X [34d8]} complete
07-04 23:21:23.762  2204  2218 D SummariserIntentService: Scanned /storage/emulated/0/Movies/summarised
07-04 23:21:23.762  2204  2218 D SummariserIntentService:   -> uri=content://media/external/file/137797
07-04 23:21:23.769  2204  2204 V NearbyFragment: Transfer to Endpoint{id=MGMd, name=Nexus 5X [34d8]} complete
07-04 23:21:53.894  2204  2204 D NearbyFragment: onPayloadReceived(endpointId=MGMd, payload=com.google.android.gms.nearby.connection.Payload@2e84663)
07-04 23:21:53.898  2204  2204 V NearbyFragment: Started downloading SUMMARISE:-8757871573249130225:20200312_195430.mp4:45.0_1.0_23_medium from Endpoint{id=MGMd, name=Nexus 5X [34d8]}
07-04 23:21:53.908  2204  2204 V NearbyFragment: Transfer to Endpoint{id=MGMd, name=Nexus 5X [34d8]} complete
07-04 23:21:53.931  2204  2204 D NearbyFragment: onPayloadReceived(endpointId=MGMd, payload=com.google.android.gms.nearby.connection.Payload@5ea5260)
07-04 23:22:02.114  2204  2204 V NearbyFragment: Transfer to Endpoint{id=MGMd, name=Nexus 5X [34d8]} complete
07-04 23:22:02.117  2204  2204 W NearbyFragment: Completed downloading 20200312_195430.mp4 from Endpoint{id=MGMd, name=Nexus 5X [34d8]} in 08.215s
07-04 23:22:02.121  2204  2204 D NearbyFragment: Summarising 20200312_195430.mp4
07-04 23:22:02.123  2204  2204 V VideoManager: Retrieving video from /storage/emulated/0/Download/Nearby/20200312_195430.mp4
07-04 23:22:02.137  2204  2204 V VideoManager: videoFromCursor
07-04 23:22:02.142  2204  2204 V ProcessingVideosEventHandler: onAdd
07-04 23:22:02.143  2204  2204 V RawFootageEventHandler: onRemove
07-04 23:22:02.152  2204  2204 V NearbyFragment: Transfer to Endpoint{id=MGMd, name=Nexus 5X [34d8]} complete
07-04 23:22:02.161  2204  4767 V SummariserIntentService: onHandleIntent
07-04 23:22:02.163  2204  4767 D SummariserIntentService: Video{id='137817', data='/storage/emulated/0/Download/Nearby/20200312_195430.mp4', name='20200312_195430.mp4', size=69990400, visible=true, mimeType='video/mp4'}
07-04 23:22:02.163  2204  4767 D SummariserIntentService: /storage/emulated/0/Movies/summarised/20200312_195430.mp4
07-04 23:22:02.175  2204  3265 W mobile-ffmpeg: [mov,mp4,m4a,3gp,3g2,mj2 @ 0x7a5348dc00] Found duplicated MOOV Atom. Skipped it
07-04 23:22:02.355  2204  3265 W mobile-ffmpeg: [graph 0 input from stream 0:0 @ 0x7a68c2ef80] sws_param option is deprecated and ignored
07-04 23:22:09.471  2204  4767 W Summariser: 5 active sections found
07-04 23:22:09.471  2204  4767 I FfmpegTools: Running ffmpeg with:
07-04 23:22:09.471  2204  4767 I FfmpegTools:   -y -i /storage/emulated/0/Download/Nearby/20200312_195430.mp4 -filter_complex [0:v]trim=6.739000:12.010000,setpts=PTS-STARTPTS[v0];[0:a]atrim=6.739000:12.010000,asetpts=PTS-STARTPTS[a0];[0:v]trim=19.450000:23.354000,setpts=PTS-STARTPTS[v1];[0:a]atrim=19.450000:23.354000,asetpts=PTS-STARTPTS[a1];[0:v]trim=30.093000:34.263000,setpts=PTS-STARTPTS[v2];[0:a]atrim=30.093000:34.263000,asetpts=PTS-STARTPTS[a2];[0:v]trim=38.801000:42.671000,setpts=PTS-STARTPTS[v3];[0:a]atrim=38.801000:42.671000,asetpts=PTS-STARTPTS[a3];[0:v]trim=50.244000:54.882000,setpts=PTS-STARTPTS[v4];[0:a]atrim=50.244000:54.882000,asetpts=PTS-STARTPTS[a4];[v0][a0][v1][a1][v2][a2][v3][a3][v4][a4]concat=n=5:v=1:a=1[outv][outa] -map [outv] -map [outa] -crf 23 -preset medium /storage/emulated/0/Movies/summarised/20200312_195430.mp4
07-04 23:22:09.475  2204  3265 W mobile-ffmpeg: [mov,mp4,m4a,3gp,3g2,mj2 @ 0x7a5348dc00] Found duplicated MOOV Atom. Skipped it
07-04 23:22:09.531  2204  3265 W mobile-ffmpeg: [graph 0 input from stream 0:0 @ 0x7a68c2f580] sws_param option is deprecated and ignored
07-04 23:22:09.531  2204  3265 W mobile-ffmpeg: [graph 0 input from stream 0:0 @ 0x7a68c2fdc0] sws_param option is deprecated and ignored
07-04 23:22:09.531  2204  3265 W mobile-ffmpeg: [graph 0 input from stream 0:0 @ 0x7a68c2fac0] sws_param option is deprecated and ignored
07-04 23:22:09.532  2204  3265 W mobile-ffmpeg: [graph 0 input from stream 0:0 @ 0x7a68c2ff40] sws_param option is deprecated and ignored
07-04 23:22:09.532  2204  3265 W mobile-ffmpeg: [graph 0 input from stream 0:0 @ 0x7a4426c0c0] sws_param option is deprecated and ignored
07-04 23:22:30.397  2204  4767 V FfmpegTools: Retrieving duration of /storage/emulated/0/Download/Nearby/20200312_195430.mp4
07-04 23:22:30.399  2204  3265 W mobile-ffmpeg: [mov,mp4,m4a,3gp,3g2,mj2 @ 0x7a5348dc00] Found duplicated MOOV Atom. Skipped it
07-04 23:22:30.435  2204  4767 V FfmpegTools: Retrieving duration of /storage/emulated/0/Movies/summarised/20200312_195430.mp4
07-04 23:22:30.454  2204  4767 W Summariser: Summarisation completed
07-04 23:22:30.454  2204  4767 W Summariser:   filename: 20200312_195430.mp4
07-04 23:22:30.454  2204  4767 W Summariser:   active sections: 5
07-04 23:22:30.454  2204  4767 W Summariser:   time: 28.232s
07-04 23:22:30.454  2204  4767 W Summariser:   original duration: 60.02
07-04 23:22:30.454  2204  4767 W Summariser:   summarised duration: 21.92
07-04 23:22:30.454  2204  4767 W Summariser:   noise tolerance: 45.00
07-04 23:22:30.454  2204  4767 W Summariser:   quality: 23
07-04 23:22:30.454  2204  4767 W Summariser:   speed: medium
07-04 23:22:30.454  2204  4767 W Summariser:   freeze duration: 1.00
07-04 23:22:30.454  2204  4767 V VideoManager: Retrieving video from /storage/emulated/0/Movies/summarised/20200312_195430.mp4
07-04 23:22:30.467  2204  4767 D VideoManager: videoCursor is null
07-04 23:22:30.565  2204  4767 V VideoManager: videoFromCursor
07-04 23:22:30.570  2204  4767 V SummarisedVideosEventHandler: onAdd
07-04 23:22:30.574  2204  4767 W NearbyFragment: Sending 20200312_195430.mp4 to Nexus 5X [34d8]
07-04 23:22:30.578  2204  4767 V ProcessingVideosEventHandler: onRemove
07-04 23:22:30.608  2204  2204 V NearbyFragment: Transfer to Endpoint{id=MGMd, name=Nexus 5X [34d8]} complete
07-04 23:22:30.677  2204  2217 D SummariserIntentService: Scanned /storage/emulated/0/Movies/summarised
07-04 23:22:30.677  2204  2217 D SummariserIntentService:   -> uri=content://media/external/file/137797
07-04 23:22:30.864  2204  2204 V NearbyFragment: Transfer to Endpoint{id=MGMd, name=Nexus 5X [34d8]} complete
