--------- beginning of main
07-04 23:11:09.886  2204  2204 E Zygote  : isWhitelistProcess - Process is Whitelisted
07-04 23:11:09.886  2204  2204 E Zygote  : accessInfo : 1
07-04 23:11:09.895  2204  2204 I example.edgesu: Late-enabling -Xcheck:jni
07-04 23:11:11.486  2204  2204 I TransferService: Starting Transfer Service to listen for network connectivity changes.
07-04 23:11:11.492  2204  2204 W LogFactory: Truncating log tag length as it exceed 23, the limit imposed by Android on certain API Levels
07-04 23:11:11.587  2204  2204 I TransferService: Registering the network receiver
07-04 23:11:11.592  2204  2204 I TransferService: Moving the service out of the Foreground state.
07-04 23:11:11.594  2204  2204 I TransferService: De-registering the network receiver.
07-04 23:11:42.895  2204  2204 W ActivityThread: handleWindowVisibility: no activity for token android.os.BinderProxy@b65dd65
07-04 23:11:42.906  2204  2230 D vndksupport: Loading /vendor/lib64/egl/libGLES_mali.so from current namespace instead of sphal namespace.
07-04 23:11:42.927  2204  2230 D libEGL  : loaded /vendor/lib64/egl/libGLES_mali.so
07-04 23:11:42.976  2204  2204 W example.edgesu: Accessing hidden method Landroid/graphics/drawable/Drawable;->getOpticalInsets()Landroid/graphics/Insets; (light greylist, linking)
07-04 23:11:42.977  2204  2204 W example.edgesu: Accessing hidden field Landroid/graphics/Insets;->left:I (light greylist, linking)
07-04 23:11:42.977  2204  2204 W example.edgesu: Accessing hidden field Landroid/graphics/Insets;->right:I (light greylist, linking)
07-04 23:11:42.977  2204  2204 W example.edgesu: Accessing hidden field Landroid/graphics/Insets;->top:I (light greylist, linking)
07-04 23:11:42.977  2204  2204 W example.edgesu: Accessing hidden field Landroid/graphics/Insets;->bottom:I (light greylist, linking)
07-04 23:11:42.994  2204  2204 I DecorView: createDecorCaptionView >> DecorView@82c9de[], isFloating: false, isApplication: true, hasWindowDecorCaption: false, hasWindowControllerCallback: true
07-04 23:11:43.024  2204  2204 W example.edgesu: Accessing hidden method Landroid/view/View;->computeFitSystemWindows(Landroid/graphics/Rect;Landroid/graphics/Rect;)Z (light greylist, reflection)
07-04 23:11:43.024  2204  2204 W example.edgesu: Accessing hidden method Landroid/view/ViewGroup;->makeOptionalFitsSystemWindows()V (light greylist, reflection)
07-04 23:11:43.128  2204  2204 W example.edgesu: Accessing hidden method Landroid/widget/TextView;->getTextDirectionHeuristic()Landroid/text/TextDirectionHeuristic; (light greylist, linking)
07-04 23:11:43.138  2204  2204 W example.edgesu: Accessing hidden field Landroid/view/View;->mAccessibilityDelegate:Landroid/view/View$AccessibilityDelegate; (light greylist, reflection)
07-04 23:11:43.203  2204  2204 V Repo    : /storage/emulated/0/Movies/raw
07-04 23:11:43.203  2204  2204 V Repo    : /storage/emulated/0/Movies/summarised
07-04 23:11:43.227  2204  2204 V FileManager: External storage is readable
07-04 23:11:43.229  2204  2204 V FileManager: Created new directory: /storage/emulated/0/Movies/raw
07-04 23:11:43.230  2204  2204 V FileManager: External storage is readable
07-04 23:11:43.231  2204  2204 V FileManager: Created new directory: /storage/emulated/0/Movies/summarised
07-04 23:11:43.233  2204  2204 V FileManager: External storage is readable
07-04 23:11:43.235  2204  2204 V FileManager: Created new directory: /storage/emulated/0/Download/nearby
07-04 23:11:43.236  2204  2204 V FileManager: External storage is readable
07-04 23:11:43.237  2204  2204 V FileManager: Created new directory: /storage/emulated/0/Movies/segment
07-04 23:11:43.238  2204  2204 V FileManager: External storage is readable
07-04 23:11:43.239  2204  2204 V FileManager: Created new directory: /storage/emulated/0/Movies/segment-sum
07-04 23:11:43.373  2204  2204 V VideoManager: getAllVideoFromExternalStorageFolder
07-04 23:11:43.375  2204  2204 D VideoManager: /storage/emulated/0/Movies/summarised
07-04 23:11:43.391  2204  2204 D VideoManager: 0 videos return
07-04 23:11:43.420  2204  2204 V VideoManager: getAllVideoFromExternalStorageFolder
07-04 23:11:43.421  2204  2204 D VideoManager: /storage/emulated/0/Movies/raw
07-04 23:11:43.427  2204  2204 D VideoManager: 0 videos return
07-04 23:11:43.451  2204  2204 D OpenGLRenderer: Skia GL Pipeline
07-04 23:11:43.454  2204  2204 D EmergencyMode: [EmergencyManager] android createPackageContext successful
07-04 23:11:43.468  2204  2204 D InputTransport: Input channel constructed: fd=64
07-04 23:11:43.469  2204  2204 D ViewRootImpl@11db412[MainActivity]: setView = DecorView@82c9de[MainActivity] TM=true MM=false
07-04 23:11:43.473  2204  2204 I TransferService: Starting Transfer Service to listen for network connectivity changes.
07-04 23:11:43.473  2204  2204 I TransferService: Registering the network receiver
07-04 23:11:43.475  2204  2204 E TransferService: No notification is passed in the intent. Unable to transition to foreground.
07-04 23:11:43.511  2204  2204 D ViewRootImpl@11db412[MainActivity]: dispatchAttachedToWindow
07-04 23:11:43.514  2204  2217 D MainActivity: Scanned /storage/emulated/0/Movies/raw
07-04 23:11:43.514  2204  2217 D MainActivity:   -> uri=content://media/external/file/137796
07-04 23:11:43.529  2204  2204 W StaticLayout: maxLineHeight should not be -1.  maxLines:1 lineCount:1
07-04 23:11:43.535  2204  2217 D MainActivity: Scanned /storage/emulated/0/Movies/summarised
07-04 23:11:43.535  2204  2217 D MainActivity:   -> uri=content://media/external/file/137797
07-04 23:11:43.539  2204  2204 W StaticLayout: maxLineHeight should not be -1.  maxLines:1 lineCount:1
07-04 23:11:43.543  2204  2204 W StaticLayout: maxLineHeight should not be -1.  maxLines:1 lineCount:1
07-04 23:11:43.547  2204  2204 W StaticLayout: maxLineHeight should not be -1.  maxLines:1 lineCount:1
07-04 23:11:43.557  2204  2204 D ViewRootImpl@11db412[MainActivity]: Relayout returned: old=[0,0][720,1480] new=[0,0][720,1480] result=0x7 surface={valid=true 525889224704} changed=true
07-04 23:11:43.564  2204  2204 W StaticLayout: maxLineHeight should not be -1.  maxLines:1 lineCount:1
07-04 23:11:43.564  2204  2235 I ConfigStore: android::hardware::configstore::V1_0::ISurfaceFlingerConfigs::hasWideColorDisplay retrieved: 0
07-04 23:11:43.565  2204  2235 I ConfigStore: android::hardware::configstore::V1_0::ISurfaceFlingerConfigs::hasHDRDisplay retrieved: 0
07-04 23:11:43.565  2204  2235 I OpenGLRenderer: Initialized EGL, version 1.4
07-04 23:11:43.565  2204  2235 D OpenGLRenderer: Swap behavior 2
07-04 23:11:43.568  2204  2204 W StaticLayout: maxLineHeight should not be -1.  maxLines:1 lineCount:1
07-04 23:11:43.574  2204  2235 D mali_winsys: EGLint new_window_surface(egl_winsys_display *, void *, EGLSurface, EGLConfig, egl_winsys_surface **, EGLBoolean) returns 0x3000
07-04 23:11:43.574  2204  2235 D OpenGLRenderer: eglCreateWindowSurface = 0x7a68c7cb80, 0x7a7170c010
07-04 23:11:43.577  2204  2204 I TransferNetworkLossHand: Network connectivity changed detected.
07-04 23:11:43.578  2204  2204 I TransferNetworkLossHand: Network connected: false
07-04 23:11:43.651  2204  2235 D vndksupport: Loading /vendor/lib64/hw/android.hardware.graphics.mapper@2.0-impl.so from current namespace instead of sphal namespace.
07-04 23:11:43.669  2204  2204 D ViewRootImpl@11db412[MainActivity]: setWindowStopped(false) old=false
07-04 23:11:43.677  2204  2204 D ViewRootImpl@11db412[MainActivity]: MSG_RESIZED: frame=Rect(0, 0 - 720, 1480) ci=Rect(0, 48 - 0, 96) vi=Rect(0, 48 - 0, 96) or=1
07-04 23:11:43.677  2204  2204 D ViewRootImpl@11db412[MainActivity]: MSG_WINDOW_FOCUS_CHANGED 1 1
07-04 23:11:43.677  2204  2204 D InputMethodManager: prepareNavigationBarInfo() DecorView@82c9de[MainActivity]
07-04 23:11:43.678  2204  2204 D InputMethodManager: getNavigationBarColor() -855310
07-04 23:11:43.683  2204  2204 D InputMethodManager: prepareNavigationBarInfo() DecorView@82c9de[MainActivity]
07-04 23:11:43.683  2204  2204 D InputMethodManager: getNavigationBarColor() -855310
07-04 23:11:43.683  2204  2204 V InputMethodManager: Starting input: tba=com.example.edgesum ic=null mNaviBarColor -855310 mIsGetNaviBarColorSuccess true , NavVisible : true , NavTrans : false
07-04 23:11:43.683  2204  2204 D InputMethodManager: startInputInner - Id : 0
07-04 23:11:43.683  2204  2204 I InputMethodManager: startInputInner - mService.startInputOrWindowGainedFocus
07-04 23:11:43.687  2204  2217 D InputTransport: Input channel constructed: fd=74
07-04 23:11:43.718  2204  2204 D InputMethodManager: prepareNavigationBarInfo() DecorView@82c9de[MainActivity]
07-04 23:11:43.719  2204  2204 D InputMethodManager: getNavigationBarColor() -855310
07-04 23:11:43.719  2204  2204 V InputMethodManager: Starting input: tba=com.example.edgesum ic=null mNaviBarColor -855310 mIsGetNaviBarColorSuccess true , NavVisible : true , NavTrans : false
07-04 23:11:43.719  2204  2204 D InputMethodManager: startInputInner - Id : 0
07-04 23:12:01.885  2204  2204 D ViewRootImpl@11db412[MainActivity]: ViewPostIme pointer 0
07-04 23:12:01.966  2204  2204 D ViewRootImpl@11db412[MainActivity]: ViewPostIme pointer 1
07-04 23:12:01.983  2204  2204 V MainActivity: Connect button clicked
07-04 23:12:03.802  2204  2204 D ViewRootImpl@11db412[MainActivity]: ViewPostIme pointer 0
07-04 23:12:03.900  2204  2204 D ViewRootImpl@11db412[MainActivity]: ViewPostIme pointer 1
07-04 23:12:03.909  2204  2204 V ConnectionFragment: Discovery switch checked
07-04 23:12:05.040  2204  2204 D NearbyFragment: Started discovering
07-04 23:12:06.806  2204  2204 D NearbyFragment: Found endpoint MGMd: Nexus 5X [34d8]
07-04 23:12:06.855  2204  2204 W example.edgesu: Accessing hidden method Landroid/graphics/FontFamily;-><init>()V (light greylist, reflection)
07-04 23:12:06.855  2204  2204 W example.edgesu: Accessing hidden method Landroid/graphics/FontFamily;->addFontFromAssetManager(Landroid/content/res/AssetManager;Ljava/lang/String;IZIII[Landroid/graphics/fonts/FontVariationAxis;)Z (light greylist, reflection)
07-04 23:12:06.855  2204  2204 W example.edgesu: Accessing hidden method Landroid/graphics/FontFamily;->addFontFromBuffer(Ljava/nio/ByteBuffer;I[Landroid/graphics/fonts/FontVariationAxis;II)Z (light greylist, reflection)
07-04 23:12:06.856  2204  2204 W example.edgesu: Accessing hidden method Landroid/graphics/FontFamily;->freeze()Z (light greylist, reflection)
07-04 23:12:06.856  2204  2204 W example.edgesu: Accessing hidden method Landroid/graphics/FontFamily;->abortCreation()V (light greylist, reflection)
07-04 23:12:06.856  2204  2204 W example.edgesu: Accessing hidden method Landroid/graphics/Typeface;->createFromFamiliesWithDefault([Landroid/graphics/FontFamily;Ljava/lang/String;II)Landroid/graphics/Typeface; (light greylist, reflection)
07-04 23:12:12.026  2204  2204 D ViewRootImpl@11db412[MainActivity]: ViewPostIme pointer 0
07-04 23:12:12.117  2204  2204 D ViewRootImpl@11db412[MainActivity]: ViewPostIme pointer 1
07-04 23:12:12.156  2204  2204 D NearbyFragment: Selected 'Endpoint{id=MGMd, name=Nexus 5X [34d8]}'
07-04 23:12:12.183  2204  2204 D InputTransport: Input channel constructed: fd=76
07-04 23:12:12.186  2204  2204 D ViewRootImpl@68a14d8[Toast]: setView = android.widget.LinearLayout{234e031 V.E...... ......I. 0,0-0,0} TM=true MM=false
07-04 23:12:12.186  2204  2204 V Toast   : Text: Donn in android.widget.Toast$TN@3b89316
07-04 23:12:12.190  2204  2204 D ViewRootImpl@68a14d8[Toast]: dispatchAttachedToWindow
07-04 23:12:12.210  2204  2204 D ViewRootImpl@68a14d8[Toast]: Relayout returned: old=[0,48][720,1384] new=[118,1168][602,1256] result=0x7 surface={valid=true 525476782080} changed=true
07-04 23:12:12.214  2204  2235 D mali_winsys: EGLint new_window_surface(egl_winsys_display *, void *, EGLSurface, EGLConfig, egl_winsys_surface **, EGLBoolean) returns 0x3000
07-04 23:12:12.214  2204  2235 D OpenGLRenderer: eglCreateWindowSurface = 0x7a58ecb500, 0x7a58db6010
07-04 23:12:12.220  2204  2204 D ViewRootImpl@68a14d8[Toast]: MSG_RESIZED: frame=Rect(118, 1168 - 602, 1256) ci=Rect(0, 0 - 0, 0) vi=Rect(0, 0 - 0, 0) or=1
07-04 23:12:15.667  2204  2235 W libEGL  : EGLNativeWindowType 0x7a58db6010 disconnect failed
07-04 23:12:15.668  2204  2235 D OpenGLRenderer: eglDestroySurface = 0x7a58ecb500, 0x7a58db6000
07-04 23:12:15.668  2204  2204 D ViewRootImpl@68a14d8[Toast]: dispatchDetachedFromWindow
07-04 23:12:15.670  2204  2204 D ViewRootImpl@68a14d8[Toast]: Surface release. android.view.ViewRootImpl.doDie:7979 android.view.ViewRootImpl.die:7947 android.view.WindowManagerGlobal.removeViewLocked:497 android.view.WindowManagerGlobal.removeView:435 android.view.WindowManagerImpl.removeViewImmediate:124 android.widget.Toast$TN.handleHide:1110 android.widget.Toast$TN$1.handleMessage:898 android.os.Handler.dispatchMessage:106 
07-04 23:12:15.690  2204  2204 D InputTransport: Input channel destroyed: fd=76
07-04 23:12:17.430  2204  2204 D NearbyFragment: Initiated connection with MGMd: Nexus 5X [34d8]
07-04 23:12:17.446  2204  2204 D Dialog  : mIsSamsungBasicInteraction = false
07-04 23:12:17.446  2204  2204 D Dialog  : mIsSamsungBasicInteraction = false, isMetaDataInActivity = false
07-04 23:12:17.489  2204  2204 I DecorView: createDecorCaptionView >> DecorView@406eeee[], isFloating: true, isApplication: true, hasWindowDecorCaption: false, hasWindowControllerCallback: false
07-04 23:12:17.561  2204  2204 D ScrollView: initGoToTop
07-04 23:12:17.611  2204  2204 D InputTransport: Input channel constructed: fd=76
07-04 23:12:17.613  2204  2204 D ViewRootImpl@32a67aa[MainActivity]: setView = DecorView@406eeee[MainActivity] TM=true MM=false
07-04 23:12:17.615  2204  2204 D NearbyFragment: Requested connection with Endpoint{id=MGMd, name=Nexus 5X [34d8]}
07-04 23:12:17.626  2204  2204 D ViewRootImpl@32a67aa[MainActivity]: dispatchAttachedToWindow
07-04 23:12:17.686  2204  2204 D ViewRootImpl@32a67aa[MainActivity]: Relayout returned: old=[0,48][720,1384] new=[18,508][702,923] result=0x7 surface={valid=true 525476782080} changed=true
07-04 23:12:17.690  2204  2235 D mali_winsys: EGLint new_window_surface(egl_winsys_display *, void *, EGLSurface, EGLConfig, egl_winsys_surface **, EGLBoolean) returns 0x3000
07-04 23:12:17.691  2204  2235 D OpenGLRenderer: eglCreateWindowSurface = 0x7a58dc0380, 0x7a58db6010
07-04 23:12:17.702  2204  2204 D ScrollView:  onsize change changed 
07-04 23:12:17.704  2204  2204 D ViewRootImpl@32a67aa[MainActivity]: MSG_WINDOW_FOCUS_CHANGED 1 1
07-04 23:12:17.733  2204  2204 D ViewRootImpl@32a67aa[MainActivity]: MSG_RESIZED: frame=Rect(18, 508 - 702, 923) ci=Rect(0, 0 - 0, 0) vi=Rect(0, 0 - 0, 0) or=1
07-04 23:12:17.783  2204  2204 D ViewRootImpl@11db412[MainActivity]: MSG_WINDOW_FOCUS_CHANGED 0 1
07-04 23:12:17.783  2204  2204 D InputMethodManager: prepareNavigationBarInfo() DecorView@82c9de[MainActivity]
07-04 23:12:17.784  2204  2204 D InputMethodManager: getNavigationBarColor() -855310
07-04 23:12:18.962  2204  2204 D ViewRootImpl@32a67aa[MainActivity]: ViewPostIme pointer 0
07-04 23:12:19.098  2204  2204 D ViewRootImpl@32a67aa[MainActivity]: ViewPostIme pointer 1
07-04 23:12:19.126  2204  2235 W libEGL  : EGLNativeWindowType 0x7a58db6010 disconnect failed
07-04 23:12:19.126  2204  2235 D OpenGLRenderer: eglDestroySurface = 0x7a58dc0380, 0x7a58db6000
07-04 23:12:19.126  2204  2235 D OpenGLRenderer: endAllActiveAnimators on 0x7a58f8e500 (RippleDrawable) with handle 0x7a58e79a00
07-04 23:12:19.126  2204  2204 D ViewRootImpl@32a67aa[MainActivity]: dispatchDetachedFromWindow
07-04 23:12:19.127  2204  2204 D ViewRootImpl@32a67aa[MainActivity]: Surface release. android.view.ViewRootImpl.doDie:7979 android.view.ViewRootImpl.die:7947 android.view.WindowManagerGlobal.removeViewLocked:497 android.view.WindowManagerGlobal.removeView:435 android.view.WindowManagerImpl.removeViewImmediate:124 android.app.Dialog.dismissDialog:518 android.app.Dialog.dismiss:501 androidx.appcompat.app.AlertController$ButtonHandler.handleMessage:171 
07-04 23:12:19.139  2204  2204 D InputTransport: Input channel destroyed: fd=76
07-04 23:12:19.143  2204  2204 I NearbyFragment: Connected to Endpoint{id=MGMd, name=Nexus 5X [34d8]}
07-04 23:12:19.216  2204  2204 E ViewRootImpl: sendUserActionEvent() returned.
07-04 23:12:19.216  2204  2204 D ViewRootImpl@11db412[MainActivity]: MSG_WINDOW_FOCUS_CHANGED 1 1
07-04 23:12:19.217  2204  2204 D InputMethodManager: prepareNavigationBarInfo() DecorView@82c9de[MainActivity]
07-04 23:12:19.217  2204  2204 D InputMethodManager: getNavigationBarColor() -855310
07-04 23:12:19.927  2204  2204 D ViewRootImpl@11db412[MainActivity]: ViewPostIme pointer 0
07-04 23:12:20.020  2204  2204 D ViewRootImpl@11db412[MainActivity]: ViewPostIme pointer 1
07-04 23:12:20.026  2204  2204 V ConnectionFragment: Discovery switch unchecked
07-04 23:12:20.026  2204  2204 D NearbyFragment: Stopped discovering
07-04 23:12:23.094  2204  2204 I TransferNetworkLossHand: Network connectivity changed detected.
07-04 23:12:23.102  2204  2204 I TransferNetworkLossHand: Network connected: true
07-04 23:12:23.119  2204  3056 D TransferNetworkLossHand: Loading transfers from database...
07-04 23:12:23.130  2204  3056 D TransferNetworkLossHand: Closing the cursor for resumeAllTransfers
07-04 23:12:23.131  2204  3056 D TransferNetworkLossHand: 0 transfers are loaded from database.
07-04 23:14:02.008  2204  2204 D NearbyFragment: onPayloadReceived(endpointId=MGMd, payload=com.google.android.gms.nearby.connection.Payload@15ea5f1)
07-04 23:14:02.016  2204  2204 V NearbyFragment: Started downloading SUMMARISE:-8663180625152029559:20200312_150643.mp4:45.0_1.0_23_medium from Endpoint{id=MGMd, name=Nexus 5X [34d8]}
07-04 23:14:02.032  2204  2204 D NearbyFragment: onPayloadReceived(endpointId=MGMd, payload=com.google.android.gms.nearby.connection.Payload@7797744)
07-04 23:14:02.039  2204  2204 V NearbyFragment: Transfer to Endpoint{id=MGMd, name=Nexus 5X [34d8]} complete
07-04 23:14:11.011  2204  2204 V NearbyFragment: Transfer to Endpoint{id=MGMd, name=Nexus 5X [34d8]} complete
07-04 23:14:11.048  2204  2204 W NearbyFragment: Completed downloading 20200312_150643.mp4 from Endpoint{id=MGMd, name=Nexus 5X [34d8]} in 08.992s
07-04 23:14:11.053  2204  2204 D NearbyFragment: Summarising 20200312_150643.mp4
07-04 23:14:11.054  2204  2204 V VideoManager: Retrieving video from /storage/emulated/0/Download/Nearby/20200312_150643.mp4
07-04 23:14:11.101  2204  2204 V VideoManager: videoFromCursor
07-04 23:14:11.110  2204  2204 V ProcessingVideosEventHandler: onAdd
07-04 23:14:11.111  2204  2204 V RawFootageEventHandler: onRemove
07-04 23:14:11.122  2204  2204 V NearbyFragment: Transfer to Endpoint{id=MGMd, name=Nexus 5X [34d8]} complete
07-04 23:14:11.136  2204  3264 V SummariserIntentService: onHandleIntent
07-04 23:14:11.139  2204  3264 D SummariserIntentService: Video{id='137799', data='/storage/emulated/0/Download/Nearby/20200312_150643.mp4', name='20200312_150643.mp4', size=69990400, visible=true, mimeType='video/mp4'}
07-04 23:14:11.139  2204  3264 D SummariserIntentService: /storage/emulated/0/Movies/summarised/20200312_150643.mp4
07-04 23:14:11.155  2204  3264 I mobile-ffmpeg: Loading mobile-ffmpeg.
07-04 23:14:11.228  2204  3264 I mobile-ffmpeg: Loaded mobile-ffmpeg-full-gpl-arm64-v8a-4.3.2-20200415.
07-04 23:14:11.229  2204  3265 D mobile-ffmpeg: Callback thread started.
07-04 23:14:11.260  2204  3265 W mobile-ffmpeg: [mov,mp4,m4a,3gp,3g2,mj2 @ 0x7a5348d600] Found duplicated MOOV Atom. Skipped it
07-04 23:14:11.374  2204  3265 W mobile-ffmpeg: [graph 0 input from stream 0:0 @ 0x7a68c2f340] sws_param option is deprecated and ignored
07-04 23:14:18.200  2204  3264 W Summariser: No activity detected
07-04 23:14:18.202  2204  3264 V FfmpegTools: Retrieving duration of /storage/emulated/0/Download/Nearby/20200312_150643.mp4
07-04 23:14:18.204  2204  3265 W mobile-ffmpeg: [mov,mp4,m4a,3gp,3g2,mj2 @ 0x7a5348d600] Found duplicated MOOV Atom. Skipped it
07-04 23:14:18.251  2204  3264 W Summariser: Summarisation completed
07-04 23:14:18.251  2204  3264 W Summariser:   filename: 20200312_150643.mp4
07-04 23:14:18.251  2204  3264 W Summariser:   active sections: 0
07-04 23:14:18.251  2204  3264 W Summariser:   time: 07.052s
07-04 23:14:18.251  2204  3264 W Summariser:   original duration: 60.02
07-04 23:14:18.251  2204  3264 W Summariser:   summarised duration: -1.00
07-04 23:14:18.251  2204  3264 W Summariser:   noise tolerance: 45.00
07-04 23:14:18.251  2204  3264 W Summariser:   quality: 23
07-04 23:14:18.251  2204  3264 W Summariser:   speed: medium
07-04 23:14:18.251  2204  3264 W Summariser:   freeze duration: 1.00
07-04 23:14:18.252  2204  3264 V ProcessingVideosEventHandler: onRemove
07-04 23:14:18.273  2204  2204 V NearbyFragment: Transfer to Endpoint{id=MGMd, name=Nexus 5X [34d8]} complete
07-04 23:14:18.352  2204  2220 D SummariserIntentService: Scanned /storage/emulated/0/Movies/summarised
07-04 23:14:18.352  2204  2220 D SummariserIntentService:   -> uri=content://media/external/file/137797
07-04 23:14:28.306  2204  2204 D NearbyFragment: onPayloadReceived(endpointId=MGMd, payload=com.google.android.gms.nearby.connection.Payload@e93ed61)
07-04 23:14:28.310  2204  2204 V NearbyFragment: Started downloading SUMMARISE:-8087877878140404574:20200312_150744.mp4:45.0_1.0_23_medium from Endpoint{id=MGMd, name=Nexus 5X [34d8]}
07-04 23:14:28.315  2204  2204 V NearbyFragment: Transfer to Endpoint{id=MGMd, name=Nexus 5X [34d8]} complete
07-04 23:14:28.332  2204  2204 D NearbyFragment: onPayloadReceived(endpointId=MGMd, payload=com.google.android.gms.nearby.connection.Payload@155d086)
07-04 23:14:39.275  2204  2204 V NearbyFragment: Transfer to Endpoint{id=MGMd, name=Nexus 5X [34d8]} complete
07-04 23:14:39.283  2204  2204 W NearbyFragment: Completed downloading 20200312_150744.mp4 from Endpoint{id=MGMd, name=Nexus 5X [34d8]} in 10.965s
07-04 23:14:39.291  2204  2204 D NearbyFragment: Summarising 20200312_150744.mp4
07-04 23:14:39.293  2204  2204 V VideoManager: Retrieving video from /storage/emulated/0/Download/Nearby/20200312_150744.mp4
07-04 23:14:39.322  2204  2204 V VideoManager: videoFromCursor
07-04 23:14:39.328  2204  2204 V ProcessingVideosEventHandler: onAdd
07-04 23:14:39.329  2204  2204 V RawFootageEventHandler: onRemove
07-04 23:14:39.341  2204  2204 V NearbyFragment: Transfer to Endpoint{id=MGMd, name=Nexus 5X [34d8]} complete
07-04 23:14:39.360  2204  3393 V SummariserIntentService: onHandleIntent
07-04 23:14:39.362  2204  3393 D SummariserIntentService: Video{id='137800', data='/storage/emulated/0/Download/Nearby/20200312_150744.mp4', name='20200312_150744.mp4', size=69990400, visible=true, mimeType='video/mp4'}
07-04 23:14:39.363  2204  3393 D SummariserIntentService: /storage/emulated/0/Movies/summarised/20200312_150744.mp4
07-04 23:14:39.376  2204  3265 W mobile-ffmpeg: [mov,mp4,m4a,3gp,3g2,mj2 @ 0x7a5348d600] Found duplicated MOOV Atom. Skipped it
07-04 23:14:39.488  2204  3265 W mobile-ffmpeg: [graph 0 input from stream 0:0 @ 0x7a68c2f340] sws_param option is deprecated and ignored
07-04 23:14:46.380  2204  3393 V FfmpegTools: Retrieving duration of /storage/emulated/0/Download/Nearby/20200312_150744.mp4
07-04 23:14:46.382  2204  3265 W mobile-ffmpeg: [mov,mp4,m4a,3gp,3g2,mj2 @ 0x7a5348d600] Found duplicated MOOV Atom. Skipped it
07-04 23:14:46.412  2204  3393 W Summariser: 1 active sections found
07-04 23:14:46.412  2204  3393 I FfmpegTools: Running ffmpeg with:
07-04 23:14:46.412  2204  3393 I FfmpegTools:   -y -i /storage/emulated/0/Download/Nearby/20200312_150744.mp4 -filter_complex [0:v]trim=55.250000:60.020000,setpts=PTS-STARTPTS[v0];[0:a]atrim=55.250000:60.020000,asetpts=PTS-STARTPTS[a0];[v0][a0]concat=n=1:v=1:a=1[outv][outa] -map [outv] -map [outa] -crf 23 -preset medium /storage/emulated/0/Movies/summarised/20200312_150744.mp4
07-04 23:14:46.416  2204  3265 W mobile-ffmpeg: [mov,mp4,m4a,3gp,3g2,mj2 @ 0x7a5348d600] Found duplicated MOOV Atom. Skipped it
07-04 23:14:46.497  2204  3265 W mobile-ffmpeg: [graph 0 input from stream 0:0 @ 0x7a68c2ee00] sws_param option is deprecated and ignored
07-04 23:14:56.864  2204  3393 V FfmpegTools: Retrieving duration of /storage/emulated/0/Download/Nearby/20200312_150744.mp4
07-04 23:14:56.866  2204  3265 W mobile-ffmpeg: [mov,mp4,m4a,3gp,3g2,mj2 @ 0x7a5348d600] Found duplicated MOOV Atom. Skipped it
07-04 23:14:56.895  2204  3393 V FfmpegTools: Retrieving duration of /storage/emulated/0/Movies/summarised/20200312_150744.mp4
07-04 23:14:56.917  2204  3393 W Summariser: Summarisation completed
07-04 23:14:56.917  2204  3393 W Summariser:   filename: 20200312_150744.mp4
07-04 23:14:56.917  2204  3393 W Summariser:   active sections: 1
07-04 23:14:56.917  2204  3393 W Summariser:   time: 17.499s
07-04 23:14:56.917  2204  3393 W Summariser:   original duration: 60.02
07-04 23:14:56.917  2204  3393 W Summariser:   summarised duration: 4.83
07-04 23:14:56.917  2204  3393 W Summariser:   noise tolerance: 45.00
07-04 23:14:56.917  2204  3393 W Summariser:   quality: 23
07-04 23:14:56.917  2204  3393 W Summariser:   speed: medium
07-04 23:14:56.917  2204  3393 W Summariser:   freeze duration: 1.00
07-04 23:14:56.917  2204  3393 V VideoManager: Retrieving video from /storage/emulated/0/Movies/summarised/20200312_150744.mp4
07-04 23:14:56.928  2204  3393 D VideoManager: videoCursor is null
07-04 23:14:56.985  2204  3393 V VideoManager: videoFromCursor
07-04 23:14:56.987  2204  3393 V SummarisedVideosEventHandler: onAdd
07-04 23:14:56.988  2204  3393 W NearbyFragment: Sending 20200312_150744.mp4 to Nexus 5X [34d8]
07-04 23:14:56.989  2204  3393 V ProcessingVideosEventHandler: onRemove
07-04 23:14:57.013  2204  2204 V NearbyFragment: Transfer to Endpoint{id=MGMd, name=Nexus 5X [34d8]} complete
07-04 23:14:57.058  2204  2220 D SummariserIntentService: Scanned /storage/emulated/0/Movies/summarised
07-04 23:14:57.058  2204  2220 D SummariserIntentService:   -> uri=content://media/external/file/137797
07-04 23:14:57.349  2204  2204 V NearbyFragment: Transfer to Endpoint{id=MGMd, name=Nexus 5X [34d8]} complete
07-04 23:15:23.313  2204  2204 D NearbyFragment: onPayloadReceived(endpointId=MGMd, payload=com.google.android.gms.nearby.connection.Payload@2d26455)
07-04 23:15:23.319  2204  2204 V NearbyFragment: Started downloading SUMMARISE:-8172663373322503436:20200312_150944.mp4:45.0_1.0_23_medium from Endpoint{id=MGMd, name=Nexus 5X [34d8]}
07-04 23:15:23.505  2204  2204 V NearbyFragment: Transfer to Endpoint{id=MGMd, name=Nexus 5X [34d8]} complete
07-04 23:15:23.540  2204  2204 D NearbyFragment: onPayloadReceived(endpointId=MGMd, payload=com.google.android.gms.nearby.connection.Payload@ce4ce6a)
07-04 23:15:33.365  2204  2204 V NearbyFragment: Transfer to Endpoint{id=MGMd, name=Nexus 5X [34d8]} complete
07-04 23:15:33.371  2204  2204 W NearbyFragment: Completed downloading 20200312_150944.mp4 from Endpoint{id=MGMd, name=Nexus 5X [34d8]} in 10.045s
07-04 23:15:33.382  2204  2204 D NearbyFragment: Summarising 20200312_150944.mp4
07-04 23:15:33.385  2204  2204 V VideoManager: Retrieving video from /storage/emulated/0/Download/Nearby/20200312_150944.mp4
07-04 23:15:33.402  2204  2204 V VideoManager: videoFromCursor
07-04 23:15:33.408  2204  2204 V ProcessingVideosEventHandler: onAdd
07-04 23:15:33.409  2204  2204 V RawFootageEventHandler: onRemove
07-04 23:15:33.420  2204  2204 V NearbyFragment: Transfer to Endpoint{id=MGMd, name=Nexus 5X [34d8]} complete
07-04 23:15:33.431  2204  3578 V SummariserIntentService: onHandleIntent
07-04 23:15:33.434  2204  3578 D SummariserIntentService: Video{id='137802', data='/storage/emulated/0/Download/Nearby/20200312_150944.mp4', name='20200312_150944.mp4', size=69990400, visible=true, mimeType='video/mp4'}
07-04 23:15:33.434  2204  3578 D SummariserIntentService: /storage/emulated/0/Movies/summarised/20200312_150944.mp4
07-04 23:15:33.451  2204  3265 W mobile-ffmpeg: [mov,mp4,m4a,3gp,3g2,mj2 @ 0x7a5348dc00] Found duplicated MOOV Atom. Skipped it
07-04 23:15:33.645  2204  3265 W mobile-ffmpeg: [graph 0 input from stream 0:0 @ 0x7a68c2f340] sws_param option is deprecated and ignored
07-04 23:15:40.451  2204  3578 W Summariser: 1 active sections found
07-04 23:15:40.452  2204  3578 I FfmpegTools: Running ffmpeg with:
07-04 23:15:40.452  2204  3578 I FfmpegTools:   -y -i /storage/emulated/0/Download/Nearby/20200312_150944.mp4 -filter_complex [0:v]trim=0.000000:7.006000,setpts=PTS-STARTPTS[v0];[0:a]atrim=0.000000:7.006000,asetpts=PTS-STARTPTS[a0];[v0][a0]concat=n=1:v=1:a=1[outv][outa] -map [outv] -map [outa] -crf 23 -preset medium /storage/emulated/0/Movies/summarised/20200312_150944.mp4
07-04 23:15:40.456  2204  3265 W mobile-ffmpeg: [mov,mp4,m4a,3gp,3g2,mj2 @ 0x7a5348dc00] Found duplicated MOOV Atom. Skipped it
07-04 23:15:40.515  2204  3265 W mobile-ffmpeg: [graph 0 input from stream 0:0 @ 0x7a68c2ee00] sws_param option is deprecated and ignored
07-04 23:15:47.428  2204  3578 V FfmpegTools: Retrieving duration of /storage/emulated/0/Download/Nearby/20200312_150944.mp4
07-04 23:15:47.431  2204  3265 W mobile-ffmpeg: [mov,mp4,m4a,3gp,3g2,mj2 @ 0x7a5348dc00] Found duplicated MOOV Atom. Skipped it
07-04 23:15:47.471  2204  3578 V FfmpegTools: Retrieving duration of /storage/emulated/0/Movies/summarised/20200312_150944.mp4
07-04 23:15:47.493  2204  3578 W Summariser: Summarisation completed
07-04 23:15:47.493  2204  3578 W Summariser:   filename: 20200312_150944.mp4
07-04 23:15:47.493  2204  3578 W Summariser:   active sections: 1
07-04 23:15:47.493  2204  3578 W Summariser:   time: 13.992s
07-04 23:15:47.493  2204  3578 W Summariser:   original duration: 60.02
07-04 23:15:47.493  2204  3578 W Summariser:   summarised duration: 7.07
07-04 23:15:47.493  2204  3578 W Summariser:   noise tolerance: 45.00
07-04 23:15:47.493  2204  3578 W Summariser:   quality: 23
07-04 23:15:47.493  2204  3578 W Summariser:   speed: medium
07-04 23:15:47.493  2204  3578 W Summariser:   freeze duration: 1.00
07-04 23:15:47.493  2204  3578 V VideoManager: Retrieving video from /storage/emulated/0/Movies/summarised/20200312_150944.mp4
07-04 23:15:47.501  2204  3578 D VideoManager: videoCursor is null
07-04 23:15:47.559  2204  3578 V VideoManager: videoFromCursor
07-04 23:15:47.562  2204  3578 V SummarisedVideosEventHandler: onAdd
07-04 23:15:47.565  2204  3578 W NearbyFragment: Sending 20200312_150944.mp4 to Nexus 5X [34d8]
07-04 23:15:47.568  2204  3578 V ProcessingVideosEventHandler: onRemove
07-04 23:15:47.591  2204  2204 V NearbyFragment: Transfer to Endpoint{id=MGMd, name=Nexus 5X [34d8]} complete
07-04 23:15:47.651  2204  2220 D SummariserIntentService: Scanned /storage/emulated/0/Movies/summarised
07-04 23:15:47.651  2204  2220 D SummariserIntentService:   -> uri=content://media/external/file/137797
07-04 23:15:48.066  2204  2204 V NearbyFragment: Transfer to Endpoint{id=MGMd, name=Nexus 5X [34d8]} complete
07-04 23:15:58.681  2204  2204 D NearbyFragment: onPayloadReceived(endpointId=MGMd, payload=com.google.android.gms.nearby.connection.Payload@bb0e909)
07-04 23:15:58.687  2204  2204 V NearbyFragment: Started downloading SUMMARISE:-6712535088084539857:20200312_151044.mp4:45.0_1.0_23_medium from Endpoint{id=MGMd, name=Nexus 5X [34d8]}
07-04 23:15:58.695  2204  2204 V NearbyFragment: Transfer to Endpoint{id=MGMd, name=Nexus 5X [34d8]} complete
07-04 23:15:58.714  2204  2204 D NearbyFragment: onPayloadReceived(endpointId=MGMd, payload=com.google.android.gms.nearby.connection.Payload@74a270e)
07-04 23:16:07.902  2204  2204 V NearbyFragment: Transfer to Endpoint{id=MGMd, name=Nexus 5X [34d8]} complete
07-04 23:16:07.906  2204  2204 W NearbyFragment: Completed downloading 20200312_151044.mp4 from Endpoint{id=MGMd, name=Nexus 5X [34d8]} in 09.214s
07-04 23:16:07.912  2204  2204 D NearbyFragment: Summarising 20200312_151044.mp4
07-04 23:16:07.913  2204  2204 V VideoManager: Retrieving video from /storage/emulated/0/Download/Nearby/20200312_151044.mp4
07-04 23:16:07.932  2204  2204 V VideoManager: videoFromCursor
07-04 23:16:07.939  2204  2204 V ProcessingVideosEventHandler: onAdd
07-04 23:16:07.940  2204  2204 V RawFootageEventHandler: onRemove
07-04 23:16:07.966  2204  2204 V NearbyFragment: Transfer to Endpoint{id=MGMd, name=Nexus 5X [34d8]} complete
07-04 23:16:07.969  2204  3712 V SummariserIntentService: onHandleIntent
07-04 23:16:07.970  2204  3712 D SummariserIntentService: Video{id='138043', data='/storage/emulated/0/Download/Nearby/20200312_151044.mp4', name='20200312_151044.mp4', size=69990400, visible=true, mimeType='video/mp4'}
07-04 23:16:07.970  2204  3712 D SummariserIntentService: /storage/emulated/0/Movies/summarised/20200312_151044.mp4
07-04 23:16:07.975  2204  3265 W mobile-ffmpeg: [mov,mp4,m4a,3gp,3g2,mj2 @ 0x7a5348dc00] Found duplicated MOOV Atom. Skipped it
07-04 23:16:08.100  2204  3265 W mobile-ffmpeg: [graph 0 input from stream 0:0 @ 0x7a68c2f340] sws_param option is deprecated and ignored
07-04 23:16:14.860  2204  3712 W Summariser: No activity detected
07-04 23:16:14.861  2204  3712 V FfmpegTools: Retrieving duration of /storage/emulated/0/Download/Nearby/20200312_151044.mp4
07-04 23:16:14.863  2204  3265 W mobile-ffmpeg: [mov,mp4,m4a,3gp,3g2,mj2 @ 0x7a5348dc00] Found duplicated MOOV Atom. Skipped it
07-04 23:16:14.893  2204  3712 W Summariser: Summarisation completed
07-04 23:16:14.893  2204  3712 W Summariser:   filename: 20200312_151044.mp4
07-04 23:16:14.893  2204  3712 W Summariser:   active sections: 0
07-04 23:16:14.893  2204  3712 W Summariser:   time: 06.889s
07-04 23:16:14.893  2204  3712 W Summariser:   original duration: 60.02
07-04 23:16:14.893  2204  3712 W Summariser:   summarised duration: -1.00
07-04 23:16:14.893  2204  3712 W Summariser:   noise tolerance: 45.00
07-04 23:16:14.893  2204  3712 W Summariser:   quality: 23
07-04 23:16:14.893  2204  3712 W Summariser:   speed: medium
07-04 23:16:14.893  2204  3712 W Summariser:   freeze duration: 1.00
07-04 23:16:14.894  2204  3712 V ProcessingVideosEventHandler: onRemove
07-04 23:16:14.922  2204  2204 V NearbyFragment: Transfer to Endpoint{id=MGMd, name=Nexus 5X [34d8]} complete
07-04 23:16:14.977  2204  2219 D SummariserIntentService: Scanned /storage/emulated/0/Movies/summarised
07-04 23:16:14.977  2204  2219 D SummariserIntentService:   -> uri=content://media/external/file/137797
07-04 23:16:19.922  2204  2204 D NearbyFragment: onPayloadReceived(endpointId=MGMd, payload=com.google.android.gms.nearby.connection.Payload@c147b27)
07-04 23:16:19.928  2204  2204 V NearbyFragment: Started downloading SUMMARISE:-6008851304939513322:20200312_193528.mp4:45.0_1.0_23_medium from Endpoint{id=MGMd, name=Nexus 5X [34d8]}
07-04 23:16:19.936  2204  2204 V NearbyFragment: Transfer to Endpoint{id=MGMd, name=Nexus 5X [34d8]} complete
07-04 23:16:19.947  2204  2204 D NearbyFragment: onPayloadReceived(endpointId=MGMd, payload=com.google.android.gms.nearby.connection.Payload@96881d4)
07-04 23:16:30.159  2204  2204 V NearbyFragment: Transfer to Endpoint{id=MGMd, name=Nexus 5X [34d8]} complete
07-04 23:16:30.161  2204  2204 W NearbyFragment: Completed downloading 20200312_193528.mp4 from Endpoint{id=MGMd, name=Nexus 5X [34d8]} in 10.226s
07-04 23:16:30.166  2204  2204 D NearbyFragment: Summarising 20200312_193528.mp4
07-04 23:16:30.167  2204  2204 V VideoManager: Retrieving video from /storage/emulated/0/Download/Nearby/20200312_193528.mp4
07-04 23:16:30.179  2204  2204 V VideoManager: videoFromCursor
07-04 23:16:30.182  2204  2204 V ProcessingVideosEventHandler: onAdd
07-04 23:16:30.183  2204  2204 V RawFootageEventHandler: onRemove
07-04 23:16:30.192  2204  2204 V NearbyFragment: Transfer to Endpoint{id=MGMd, name=Nexus 5X [34d8]} complete
07-04 23:16:30.200  2204  3752 V SummariserIntentService: onHandleIntent
07-04 23:16:30.201  2204  3752 D SummariserIntentService: Video{id='137804', data='/storage/emulated/0/Download/Nearby/20200312_193528.mp4', name='20200312_193528.mp4', size=69990400, visible=true, mimeType='video/mp4'}
07-04 23:16:30.201  2204  3752 D SummariserIntentService: /storage/emulated/0/Movies/summarised/20200312_193528.mp4
07-04 23:16:30.212  2204  3265 W mobile-ffmpeg: [mov,mp4,m4a,3gp,3g2,mj2 @ 0x7a5348dc00] Found duplicated MOOV Atom. Skipped it
07-04 23:16:30.328  2204  3265 W mobile-ffmpeg: [graph 0 input from stream 0:0 @ 0x7a68c2f100] sws_param option is deprecated and ignored
07-04 23:16:37.525  2204  3752 W Summariser: No activity detected
07-04 23:16:37.525  2204  3752 V FfmpegTools: Retrieving duration of /storage/emulated/0/Download/Nearby/20200312_193528.mp4
07-04 23:16:37.528  2204  3265 W mobile-ffmpeg: [mov,mp4,m4a,3gp,3g2,mj2 @ 0x7a5348dc00] Found duplicated MOOV Atom. Skipped it
07-04 23:16:37.555  2204  3752 W Summariser: Summarisation completed
07-04 23:16:37.555  2204  3752 W Summariser:   filename: 20200312_193528.mp4
07-04 23:16:37.555  2204  3752 W Summariser:   active sections: 0
07-04 23:16:37.555  2204  3752 W Summariser:   time: 07.323s
07-04 23:16:37.555  2204  3752 W Summariser:   original duration: 60.05
07-04 23:16:37.555  2204  3752 W Summariser:   summarised duration: -1.00
07-04 23:16:37.555  2204  3752 W Summariser:   noise tolerance: 45.00
07-04 23:16:37.555  2204  3752 W Summariser:   quality: 23
07-04 23:16:37.555  2204  3752 W Summariser:   speed: medium
07-04 23:16:37.555  2204  3752 W Summariser:   freeze duration: 1.00
07-04 23:16:37.556  2204  3752 V ProcessingVideosEventHandler: onRemove
07-04 23:16:37.575  2204  2204 V NearbyFragment: Transfer to Endpoint{id=MGMd, name=Nexus 5X [34d8]} complete
07-04 23:16:37.645  2204  2217 D SummariserIntentService: Scanned /storage/emulated/0/Movies/summarised
07-04 23:16:37.645  2204  2217 D SummariserIntentService:   -> uri=content://media/external/file/137797
07-04 23:16:41.527  2204  2204 D NearbyFragment: onPayloadReceived(endpointId=MGMd, payload=com.google.android.gms.nearby.connection.Payload@e4cb135)
07-04 23:16:41.533  2204  2204 V NearbyFragment: Started downloading SUMMARISE:-5908715263267084071:20200312_193628.mp4:45.0_1.0_23_medium from Endpoint{id=MGMd, name=Nexus 5X [34d8]}
07-04 23:16:41.536  2204  2204 V NearbyFragment: Transfer to Endpoint{id=MGMd, name=Nexus 5X [34d8]} complete
07-04 23:16:41.550  2204  2204 D NearbyFragment: onPayloadReceived(endpointId=MGMd, payload=com.google.android.gms.nearby.connection.Payload@8a3c9ca)
07-04 23:16:51.059  2204  2204 V NearbyFragment: Transfer to Endpoint{id=MGMd, name=Nexus 5X [34d8]} complete
07-04 23:16:51.060  2204  2204 W NearbyFragment: Completed downloading 20200312_193628.mp4 from Endpoint{id=MGMd, name=Nexus 5X [34d8]} in 09.526s
07-04 23:16:51.062  2204  2204 D NearbyFragment: Summarising 20200312_193628.mp4
07-04 23:16:51.062  2204  2204 V VideoManager: Retrieving video from /storage/emulated/0/Download/Nearby/20200312_193628.mp4
07-04 23:16:51.074  2204  2204 V VideoManager: videoFromCursor
07-04 23:16:51.077  2204  2204 V ProcessingVideosEventHandler: onAdd
07-04 23:16:51.077  2204  2204 V RawFootageEventHandler: onRemove
07-04 23:16:51.083  2204  2204 V NearbyFragment: Transfer to Endpoint{id=MGMd, name=Nexus 5X [34d8]} complete
07-04 23:16:51.086  2204  3812 V SummariserIntentService: onHandleIntent
07-04 23:16:51.087  2204  3812 D SummariserIntentService: Video{id='137805', data='/storage/emulated/0/Download/Nearby/20200312_193628.mp4', name='20200312_193628.mp4', size=69990400, visible=true, mimeType='video/mp4'}
07-04 23:16:51.087  2204  3812 D SummariserIntentService: /storage/emulated/0/Movies/summarised/20200312_193628.mp4
07-04 23:16:51.091  2204  3265 W mobile-ffmpeg: [mov,mp4,m4a,3gp,3g2,mj2 @ 0x7a5348dc00] Found duplicated MOOV Atom. Skipped it
07-04 23:16:51.164  2204  3265 W mobile-ffmpeg: [graph 0 input from stream 0:0 @ 0x7a68c2f100] sws_param option is deprecated and ignored
07-04 23:16:58.264  2204  3812 V FfmpegTools: Retrieving duration of /storage/emulated/0/Download/Nearby/20200312_193628.mp4
07-04 23:16:58.266  2204  3265 W mobile-ffmpeg: [mov,mp4,m4a,3gp,3g2,mj2 @ 0x7a5348dc00] Found duplicated MOOV Atom. Skipped it
07-04 23:16:58.304  2204  3812 W Summariser: 1 active sections found
07-04 23:16:58.304  2204  3812 I FfmpegTools: Running ffmpeg with:
07-04 23:16:58.304  2204  3812 I FfmpegTools:   -y -i /storage/emulated/0/Download/Nearby/20200312_193628.mp4 -filter_complex [0:v]trim=54.016000:60.020000,setpts=PTS-STARTPTS[v0];[0:a]atrim=54.016000:60.020000,asetpts=PTS-STARTPTS[a0];[v0][a0]concat=n=1:v=1:a=1[outv][outa] -map [outv] -map [outa] -crf 23 -preset medium /storage/emulated/0/Movies/summarised/20200312_193628.mp4
07-04 23:16:58.308  2204  3265 W mobile-ffmpeg: [mov,mp4,m4a,3gp,3g2,mj2 @ 0x7a5348dc00] Found duplicated MOOV Atom. Skipped it
07-04 23:16:58.364  2204  3265 W mobile-ffmpeg: [graph 0 input from stream 0:0 @ 0x7a6ae95d00] sws_param option is deprecated and ignored
07-04 23:17:10.081  2204  3812 V FfmpegTools: Retrieving duration of /storage/emulated/0/Download/Nearby/20200312_193628.mp4
07-04 23:17:10.083  2204  3265 W mobile-ffmpeg: [mov,mp4,m4a,3gp,3g2,mj2 @ 0x7a5348dc00] Found duplicated MOOV Atom. Skipped it
07-04 23:17:10.119  2204  3812 V FfmpegTools: Retrieving duration of /storage/emulated/0/Movies/summarised/20200312_193628.mp4
07-04 23:17:10.138  2204  3812 W Summariser: Summarisation completed
07-04 23:17:10.138  2204  3812 W Summariser:   filename: 20200312_193628.mp4
07-04 23:17:10.138  2204  3812 W Summariser:   active sections: 1
07-04 23:17:10.138  2204  3812 W Summariser:   time: 18.993s
07-04 23:17:10.138  2204  3812 W Summariser:   original duration: 60.02
07-04 23:17:10.138  2204  3812 W Summariser:   summarised duration: 6.07
07-04 23:17:10.138  2204  3812 W Summariser:   noise tolerance: 45.00
07-04 23:17:10.138  2204  3812 W Summariser:   quality: 23
07-04 23:17:10.138  2204  3812 W Summariser:   speed: medium
07-04 23:17:10.138  2204  3812 W Summariser:   freeze duration: 1.00
07-04 23:17:10.138  2204  3812 V VideoManager: Retrieving video from /storage/emulated/0/Movies/summarised/20200312_193628.mp4
07-04 23:17:10.151  2204  3812 D VideoManager: videoCursor is null
07-04 23:17:10.251  2204  3812 V VideoManager: videoFromCursor
07-04 23:17:10.256  2204  3812 V SummarisedVideosEventHandler: onAdd
07-04 23:17:10.260  2204  3812 W NearbyFragment: Sending 20200312_193628.mp4 to Nexus 5X [34d8]
07-04 23:17:10.263  2204  3812 V ProcessingVideosEventHandler: onRemove
07-04 23:17:10.286  2204  2204 V NearbyFragment: Transfer to Endpoint{id=MGMd, name=Nexus 5X [34d8]} complete
07-04 23:17:10.369  2204  2219 D SummariserIntentService: Scanned /storage/emulated/0/Movies/summarised
07-04 23:17:10.369  2204  2219 D SummariserIntentService:   -> uri=content://media/external/file/137797
07-04 23:17:11.605  2204  2204 V NearbyFragment: Transfer to Endpoint{id=MGMd, name=Nexus 5X [34d8]} complete
07-04 23:17:32.523  2204  2204 D NearbyFragment: onPayloadReceived(endpointId=MGMd, payload=com.google.android.gms.nearby.connection.Payload@d239fe9)
07-04 23:17:32.527  2204  2204 V NearbyFragment: Started downloading SUMMARISE:-6499323418417003485:20200312_193828.mp4:45.0_1.0_23_medium from Endpoint{id=MGMd, name=Nexus 5X [34d8]}
07-04 23:17:32.550  2204  2204 D NearbyFragment: onPayloadReceived(endpointId=MGMd, payload=com.google.android.gms.nearby.connection.Payload@a1a446e)
07-04 23:17:32.553  2204  2204 V NearbyFragment: Transfer to Endpoint{id=MGMd, name=Nexus 5X [34d8]} complete
07-04 23:17:40.781  2204  2204 V NearbyFragment: Transfer to Endpoint{id=MGMd, name=Nexus 5X [34d8]} complete
07-04 23:17:40.785  2204  2204 W NearbyFragment: Completed downloading 20200312_193828.mp4 from Endpoint{id=MGMd, name=Nexus 5X [34d8]} in 08.254s
07-04 23:17:40.793  2204  2204 D NearbyFragment: Summarising 20200312_193828.mp4
07-04 23:17:40.795  2204  2204 V VideoManager: Retrieving video from /storage/emulated/0/Download/Nearby/20200312_193828.mp4
07-04 23:17:40.815  2204  2204 V VideoManager: videoFromCursor
07-04 23:17:40.820  2204  2204 V ProcessingVideosEventHandler: onAdd
07-04 23:17:40.821  2204  2204 V RawFootageEventHandler: onRemove
07-04 23:17:40.831  2204  2204 V NearbyFragment: Transfer to Endpoint{id=MGMd, name=Nexus 5X [34d8]} complete
07-04 23:17:40.841  2204  3980 V SummariserIntentService: onHandleIntent
07-04 23:17:40.843  2204  3980 D SummariserIntentService: Video{id='137807', data='/storage/emulated/0/Download/Nearby/20200312_193828.mp4', name='20200312_193828.mp4', size=69990400, visible=true, mimeType='video/mp4'}
07-04 23:17:40.843  2204  3980 D SummariserIntentService: /storage/emulated/0/Movies/summarised/20200312_193828.mp4
07-04 23:17:40.858  2204  3265 W mobile-ffmpeg: [mov,mp4,m4a,3gp,3g2,mj2 @ 0x7a5348dc00] Found duplicated MOOV Atom. Skipped it
07-04 23:17:41.044  2204  3265 W mobile-ffmpeg: [graph 0 input from stream 0:0 @ 0x7a68c2f100] sws_param option is deprecated and ignored
07-04 23:17:48.151  2204  3980 W Summariser: 1 active sections found
07-04 23:17:48.152  2204  3980 I FfmpegTools: Running ffmpeg with:
07-04 23:17:48.152  2204  3980 I FfmpegTools:   -y -i /storage/emulated/0/Download/Nearby/20200312_193828.mp4 -filter_complex [0:v]trim=0.000000:14.212000,setpts=PTS-STARTPTS[v0];[0:a]atrim=0.000000:14.212000,asetpts=PTS-STARTPTS[a0];[v0][a0]concat=n=1:v=1:a=1[outv][outa] -map [outv] -map [outa] -crf 23 -preset medium /storage/emulated/0/Movies/summarised/20200312_193828.mp4
07-04 23:17:48.156  2204  3265 W mobile-ffmpeg: [mov,mp4,m4a,3gp,3g2,mj2 @ 0x7a5348dc00] Found duplicated MOOV Atom. Skipped it
07-04 23:17:48.212  2204  3265 W mobile-ffmpeg: [graph 0 input from stream 0:0 @ 0x7a6ae95d00] sws_param option is deprecated and ignored
07-04 23:18:01.767  2204  3980 V FfmpegTools: Retrieving duration of /storage/emulated/0/Download/Nearby/20200312_193828.mp4
07-04 23:18:01.770  2204  3265 W mobile-ffmpeg: [mov,mp4,m4a,3gp,3g2,mj2 @ 0x7a5348dc00] Found duplicated MOOV Atom. Skipped it
07-04 23:18:01.808  2204  3980 V FfmpegTools: Retrieving duration of /storage/emulated/0/Movies/summarised/20200312_193828.mp4
07-04 23:18:01.828  2204  3980 W Summariser: Summarisation completed
07-04 23:18:01.828  2204  3980 W Summariser:   filename: 20200312_193828.mp4
07-04 23:18:01.828  2204  3980 W Summariser:   active sections: 1
07-04 23:18:01.828  2204  3980 W Summariser:   time: 20.922s
07-04 23:18:01.828  2204  3980 W Summariser:   original duration: 60.02
07-04 23:18:01.828  2204  3980 W Summariser:   summarised duration: 14.28
07-04 23:18:01.828  2204  3980 W Summariser:   noise tolerance: 45.00
07-04 23:18:01.828  2204  3980 W Summariser:   quality: 23
07-04 23:18:01.828  2204  3980 W Summariser:   speed: medium
07-04 23:18:01.828  2204  3980 W Summariser:   freeze duration: 1.00
07-04 23:18:01.828  2204  3980 V VideoManager: Retrieving video from /storage/emulated/0/Movies/summarised/20200312_193828.mp4
07-04 23:18:01.843  2204  3980 D VideoManager: videoCursor is null
07-04 23:18:01.939  2204  3980 V VideoManager: videoFromCursor
07-04 23:18:01.944  2204  3980 V SummarisedVideosEventHandler: onAdd
07-04 23:18:01.948  2204  3980 W NearbyFragment: Sending 20200312_193828.mp4 to Nexus 5X [34d8]
07-04 23:18:01.952  2204  3980 V ProcessingVideosEventHandler: onRemove
07-04 23:18:01.981  2204  2204 V NearbyFragment: Transfer to Endpoint{id=MGMd, name=Nexus 5X [34d8]} complete
07-04 23:18:02.033  2204  2220 D SummariserIntentService: Scanned /storage/emulated/0/Movies/summarised
07-04 23:18:02.033  2204  2220 D SummariserIntentService:   -> uri=content://media/external/file/137797
07-04 23:18:02.903  2204  2204 V NearbyFragment: Transfer to Endpoint{id=MGMd, name=Nexus 5X [34d8]} complete
07-04 23:18:05.624  2204  2204 D NearbyFragment: onPayloadReceived(endpointId=MGMd, payload=com.google.android.gms.nearby.connection.Payload@ee5105d)
07-04 23:18:05.627  2204  2204 V NearbyFragment: Started downloading SUMMARISE:-6185402762608818373:20200312_193928.mp4:45.0_1.0_23_medium from Endpoint{id=MGMd, name=Nexus 5X [34d8]}
07-04 23:18:05.631  2204  2204 V NearbyFragment: Transfer to Endpoint{id=MGMd, name=Nexus 5X [34d8]} complete
07-04 23:18:05.879  2204  2204 D NearbyFragment: onPayloadReceived(endpointId=MGMd, payload=com.google.android.gms.nearby.connection.Payload@7727dd2)
07-04 23:18:08.970  2204  2214 W System  : A resource failed to call close. 
07-04 23:18:08.970  2204  2214 W System  : A resource failed to call close. 
07-04 23:18:08.971  2204  2214 W System  : A resource failed to call close. 
07-04 23:18:08.971  2204  2214 W System  : A resource failed to call close. 
07-04 23:18:08.973  2204  2214 I chatty  : uid=10568(com.example.edgesum) FinalizerDaemon identical 6 lines
07-04 23:18:08.973  2204  2214 W System  : A resource failed to call close. 
07-04 23:18:08.976  2204  2214 W System  : A resource failed to call close. 
07-04 23:18:08.980  2204  2214 I chatty  : uid=10568(com.example.edgesum) FinalizerDaemon identical 14 lines
07-04 23:18:08.980  2204  2214 W System  : A resource failed to call close. 
07-04 23:18:08.988  2204  2214 W System  : A resource failed to call close. 
07-04 23:18:08.988  2204  2214 I chatty  : uid=10568(com.example.edgesum) FinalizerDaemon identical 1 line
07-04 23:18:08.988  2204  2214 W System  : A resource failed to call close. 
07-04 23:18:14.008  2204  2204 V NearbyFragment: Transfer to Endpoint{id=MGMd, name=Nexus 5X [34d8]} complete
07-04 23:18:14.009  2204  2204 W NearbyFragment: Completed downloading 20200312_193928.mp4 from Endpoint{id=MGMd, name=Nexus 5X [34d8]} in 08.380s
07-04 23:18:14.010  2204  2204 D NearbyFragment: Summarising 20200312_193928.mp4
07-04 23:18:14.011  2204  2204 V VideoManager: Retrieving video from /storage/emulated/0/Download/Nearby/20200312_193928.mp4
07-04 23:18:14.026  2204  2204 V VideoManager: videoFromCursor
07-04 23:18:14.029  2204  2204 V ProcessingVideosEventHandler: onAdd
07-04 23:18:14.029  2204  2204 V RawFootageEventHandler: onRemove
07-04 23:18:14.036  2204  2204 V NearbyFragment: Transfer to Endpoint{id=MGMd, name=Nexus 5X [34d8]} complete
