--------- beginning of main
06-28 22:56:06.477 12342 12342 I zygote  : Late-enabling -Xcheck:jni
--------- beginning of system
06-28 22:56:06.592 12342 12342 I ActivityThread: handleStopService: token=android.os.BinderProxy@4b96e9f not found.
06-28 22:56:06.596 12342 12342 I TransferService: Starting Transfer Service to listen for network connectivity changes.
06-28 22:56:06.597 12342 12342 W LogFactory: Truncating log tag length as it exceed 23, the limit imposed by Android on certain API Levels
06-28 22:56:06.620 12342 12342 I TransferService: Registering the network receiver
06-28 22:56:06.623 12342 12342 I TransferService: Moving the service out of the Foreground state.
06-28 22:56:06.624 12342 12342 I TransferService: De-registering the network receiver.
06-28 22:56:11.575 12342 12356 I zygote  : Waiting for a blocking GC ProfileSaver
06-28 22:56:11.586 12342 12356 I zygote  : WaitForGcToComplete blocked ProfileSaver on HeapTrim for 10.927ms
06-28 22:56:13.133 12342 12342 I zygote  : Rejecting re-init on previously-failed class java.lang.Class<androidx.core.view.ViewCompat$2>: java.lang.NoClassDefFoundError: Failed resolution of: Landroid/view/View$OnUnhandledKeyEventListener;
06-28 22:56:13.133 12342 12342 I zygote  :   at void androidx.core.view.ViewCompat.setOnApplyWindowInsetsListener(android.view.View, androidx.core.view.OnApplyWindowInsetsListener) (ViewCompat.java:2421)
06-28 22:56:13.133 12342 12342 I zygote  :   at android.view.ViewGroup androidx.appcompat.app.AppCompatDelegateImpl.createSubDecor() (AppCompatDelegateImpl.java:779)
06-28 22:56:13.133 12342 12342 I zygote  :   at void androidx.appcompat.app.AppCompatDelegateImpl.ensureSubDecor() (AppCompatDelegateImpl.java:659)
06-28 22:56:13.133 12342 12342 I zygote  :   at void androidx.appcompat.app.AppCompatDelegateImpl.setContentView(int) (AppCompatDelegateImpl.java:552)
06-28 22:56:13.133 12342 12342 I zygote  :   at void androidx.appcompat.app.AppCompatActivity.setContentView(int) (AppCompatActivity.java:161)
06-28 22:56:13.133 12342 12342 I zygote  :   at void com.example.edgesum.page.main.MainActivity.onCreate(android.os.Bundle) (MainActivity.java:95)
06-28 22:56:13.133 12342 12342 I zygote  :   at void android.app.Activity.performCreate(android.os.Bundle, android.os.PersistableBundle) (Activity.java:7009)
06-28 22:56:13.133 12342 12342 I zygote  :   at void android.app.Activity.performCreate(android.os.Bundle) (Activity.java:7000)
06-28 22:56:13.133 12342 12342 I zygote  :   at void android.app.Instrumentation.callActivityOnCreate(android.app.Activity, android.os.Bundle) (Instrumentation.java:1214)
06-28 22:56:13.133 12342 12342 I zygote  :   at android.app.Activity android.app.ActivityThread.performLaunchActivity(android.app.ActivityThread$ActivityClientRecord, android.content.Intent) (ActivityThread.java:2731)
06-28 22:56:13.133 12342 12342 I zygote  :   at void android.app.ActivityThread.handleLaunchActivity(android.app.ActivityThread$ActivityClientRecord, android.content.Intent, java.lang.String) (ActivityThread.java:2856)
06-28 22:56:13.133 12342 12342 I zygote  :   at void android.app.ActivityThread.-wrap11(android.app.ActivityThread, android.app.ActivityThread$ActivityClientRecord, android.content.Intent, java.lang.String) (ActivityThread.java:-1)
06-28 22:56:13.133 12342 12342 I zygote  :   at void android.app.ActivityThread$H.handleMessage(android.os.Message) (ActivityThread.java:1589)
06-28 22:56:13.133 12342 12342 I zygote  :   at void android.os.Handler.dispatchMessage(android.os.Message) (Handler.java:106)
06-28 22:56:13.133 12342 12342 I zygote  :   at void android.os.Looper.loop() (Looper.java:164)
06-28 22:56:13.133 12342 12342 I zygote  :   at void android.app.ActivityThread.main(java.lang.String[]) (ActivityThread.java:6494)
06-28 22:56:13.133 12342 12342 I zygote  :   at java.lang.Object java.lang.reflect.Method.invoke(java.lang.Object, java.lang.Object[]) (Method.java:-2)
06-28 22:56:13.133 12342 12342 I zygote  :   at void com.android.internal.os.RuntimeInit$MethodAndArgsCaller.run() (RuntimeInit.java:438)
06-28 22:56:13.133 12342 12342 I zygote  :   at void com.android.internal.os.ZygoteInit.main(java.lang.String[]) (ZygoteInit.java:807)
06-28 22:56:13.133 12342 12342 I zygote  : Caused by: java.lang.ClassNotFoundException: Didn't find class "android.view.View$OnUnhandledKeyEventListener" on path: DexPathList[[zip file "/data/app/com.example.edgesum-XZulbL2Uky1WPZydDzZa6Q==/base.apk"],nativeLibraryDirectories=[/data/app/com.example.edgesum-XZulbL2Uky1WPZydDzZa6Q==/lib/arm, /data/app/com.example.edgesum-XZulbL2Uky1WPZydDzZa6Q==/base.apk!/lib/armeabi-v7a, /system/lib, /system/vendor/lib]]
06-28 22:56:13.133 12342 12342 I zygote  :   at java.lang.Class dalvik.system.BaseDexClassLoader.findClass(java.lang.String) (BaseDexClassLoader.java:125)
06-28 22:56:13.133 12342 12342 I zygote  :   at java.lang.Class java.lang.ClassLoader.loadClass(java.lang.String, boolean) (ClassLoader.java:379)
06-28 22:56:13.133 12342 12342 I zygote  :   at java.lang.Class java.lang.ClassLoader.loadClass(java.lang.String) (ClassLoader.java:312)
06-28 22:56:13.133 12342 12342 I zygote  :   at void androidx.core.view.ViewCompat.setOnApplyWindowInsetsListener(android.view.View, androidx.core.view.OnApplyWindowInsetsListener) (ViewCompat.java:2421)
06-28 22:56:13.133 12342 12342 I zygote  :   at android.view.ViewGroup androidx.appcompat.app.AppCompatDelegateImpl.createSubDecor() (AppCompatDelegateImpl.java:779)
06-28 22:56:13.133 12342 12342 I zygote  :   at void androidx.appcompat.app.AppCompatDelegateImpl.ensureSubDecor() (AppCompatDelegateImpl.java:659)
06-28 22:56:13.133 12342 12342 I zygote  :   at void androidx.appcompat.app.AppCompatDelegateImpl.setContentView(int) (AppCompatDelegateImpl.java:552)
06-28 22:56:13.133 12342 12342 I zygote  :   at void androidx.appcompat.app.AppCompatActivity.setContentView(int) (AppCompatActivity.java:161)
06-28 22:56:13.133 12342 12342 I zygote  :   at void com.example.edgesum.page.main.MainActivity.onCreate(android.os.Bundle) (MainActivity.java:95)
06-28 22:56:13.133 12342 12342 I zygote  :   at void android.app.Activity.performCreate(android.os.Bundle, android.os.PersistableBundle) (Activity.java:7009)
06-28 22:56:13.133 12342 12342 I zygote  :   at void android.app.Activity.performCreate(android.os.Bundle) (Activity.java:7000)
06-28 22:56:13.133 12342 12342 I zygote  :   at void android.app.Instrumentation.callActivityOnCreate(android.app.Activity, android.os.Bundle) (Instrumentation.java:1214)
06-28 22:56:13.133 12342 12342 I zygote  :   at android.app.Activity android.app.ActivityThread.performLaunchActivity(android.app.ActivityThread$ActivityClientRecord, android.content.Intent) (ActivityThread.java:2731)
06-28 22:56:13.133 12342 12342 I zygote  :   at void android.app.ActivityThread.handleLaunchActivity(android.app.ActivityThread$ActivityClientRecord, android.content.Intent, java.lang.String) (ActivityThread.java:2856)
06-28 22:56:13.133 12342 12342 I zygote  :   at void android.app.ActivityThread.-wrap11(android.app.ActivityThread, android.app.ActivityThread$ActivityClientRecord, android.content.Intent, java.lang.String) (ActivityThread.java:-1)
06-28 22:56:13.133 12342 12342 I zygote  :   at void android.app.ActivityThread$H.handleMessage(android.os.Message) (ActivityThread.java:1589)
06-28 22:56:13.133 12342 12342 I zygote  :   at void android.os.Handler.dispatchMessage(android.os.Message) (Handler.java:106)
06-28 22:56:13.133 12342 12342 I zygote  :   at void android.os.Looper.loop() (Looper.java:164)
06-28 22:56:13.133 12342 12342 I zygote  :   at void android.app.ActivityThread.main(java.lang.String[]) (ActivityThread.java:6494)
06-28 22:56:13.133 12342 12342 I zygote  :   at java.lang.Object java.lang.reflect.Method.invoke(java.lang.Object, java.lang.Object[]) (Method.java:-2)
06-28 22:56:13.133 12342 12342 I zygote  :   at void com.android.internal.os.RuntimeInit$MethodAndArgsCaller.run() (RuntimeInit.java:438)
06-28 22:56:13.133 12342 12342 I zygote  :   at void com.android.internal.os.ZygoteInit.main(java.lang.String[]) (ZygoteInit.java:807)
06-28 22:56:13.133 12342 12342 I zygote  : 
06-28 22:56:13.134 12342 12342 I zygote  : Rejecting re-init on previously-failed class java.lang.Class<androidx.core.view.ViewCompat$2>: java.lang.NoClassDefFoundError: Failed resolution of: Landroid/view/View$OnUnhandledKeyEventListener;
06-28 22:56:13.134 12342 12342 I zygote  :   at void androidx.core.view.ViewCompat.setOnApplyWindowInsetsListener(android.view.View, androidx.core.view.OnApplyWindowInsetsListener) (ViewCompat.java:2421)
06-28 22:56:13.134 12342 12342 I zygote  :   at android.view.ViewGroup androidx.appcompat.app.AppCompatDelegateImpl.createSubDecor() (AppCompatDelegateImpl.java:779)
06-28 22:56:13.134 12342 12342 I zygote  :   at void androidx.appcompat.app.AppCompatDelegateImpl.ensureSubDecor() (AppCompatDelegateImpl.java:659)
06-28 22:56:13.134 12342 12342 I zygote  :   at void androidx.appcompat.app.AppCompatDelegateImpl.setContentView(int) (AppCompatDelegateImpl.java:552)
06-28 22:56:13.134 12342 12342 I zygote  :   at void androidx.appcompat.app.AppCompatActivity.setContentView(int) (AppCompatActivity.java:161)
06-28 22:56:13.134 12342 12342 I zygote  :   at void com.example.edgesum.page.main.MainActivity.onCreate(android.os.Bundle) (MainActivity.java:95)
06-28 22:56:13.134 12342 12342 I zygote  :   at void android.app.Activity.performCreate(android.os.Bundle, android.os.PersistableBundle) (Activity.java:7009)
06-28 22:56:13.134 12342 12342 I zygote  :   at void android.app.Activity.performCreate(android.os.Bundle) (Activity.java:7000)
06-28 22:56:13.134 12342 12342 I zygote  :   at void android.app.Instrumentation.callActivityOnCreate(android.app.Activity, android.os.Bundle) (Instrumentation.java:1214)
06-28 22:56:13.134 12342 12342 I zygote  :   at android.app.Activity android.app.ActivityThread.performLaunchActivity(android.app.ActivityThread$ActivityClientRecord, android.content.Intent) (ActivityThread.java:2731)
06-28 22:56:13.134 12342 12342 I zygote  :   at void android.app.ActivityThread.handleLaunchActivity(android.app.ActivityThread$ActivityClientRecord, android.content.Intent, java.lang.String) (ActivityThread.java:2856)
06-28 22:56:13.134 12342 12342 I zygote  :   at void android.app.ActivityThread.-wrap11(android.app.ActivityThread, android.app.ActivityThread$ActivityClientRecord, android.content.Intent, java.lang.String) (ActivityThread.java:-1)
06-28 22:56:13.134 12342 12342 I zygote  :   at void android.app.ActivityThread$H.handleMessage(android.os.Message) (ActivityThread.java:1589)
06-28 22:56:13.134 12342 12342 I zygote  :   at void android.os.Handler.dispatchMessage(android.os.Message) (Handler.java:106)
06-28 22:56:13.134 12342 12342 I zygote  :   at void android.os.Looper.loop() (Looper.java:164)
06-28 22:56:13.134 12342 12342 I zygote  :   at void android.app.ActivityThread.main(java.lang.String[]) (ActivityThread.java:6494)
06-28 22:56:13.134 12342 12342 I zygote  :   at java.lang.Object java.lang.reflect.Method.invoke(java.lang.Object, java.lang.Object[]) (Method.java:-2)
06-28 22:56:13.134 12342 12342 I zygote  :   at void com.android.internal.os.RuntimeInit$MethodAndArgsCaller.run() (RuntimeInit.java:438)
06-28 22:56:13.134 12342 12342 I zygote  :   at void com.android.internal.os.ZygoteInit.main(java.lang.String[]) (ZygoteInit.java:807)
06-28 22:56:13.134 12342 12342 I zygote  : Caused by: java.lang.ClassNotFoundException: Didn't find class "android.view.View$OnUnhandledKeyEventListener" on path: DexPathList[[zip file "/data/app/com.example.edgesum-XZulbL2Uky1WPZydDzZa6Q==/base.apk"],nativeLibraryDirectories=[/data/app/com.example.edgesum-XZulbL2Uky1WPZydDzZa6Q==/lib/arm, /data/app/com.example.edgesum-XZulbL2Uky1WPZydDzZa6Q==/base.apk!/lib/armeabi-v7a, /system/lib, /system/vendor/lib]]
06-28 22:56:13.134 12342 12342 I zygote  :   at java.lang.Class dalvik.system.BaseDexClassLoader.findClass(java.lang.String) (BaseDexClassLoader.java:125)
06-28 22:56:13.134 12342 12342 I zygote  :   at java.lang.Class java.lang.ClassLoader.loadClass(java.lang.String, boolean) (ClassLoader.java:379)
06-28 22:56:13.134 12342 12342 I zygote  :   at java.lang.Class java.lang.ClassLoader.loadClass(java.lang.String) (ClassLoader.java:312)
06-28 22:56:13.134 12342 12342 I zygote  :   at void androidx.core.view.ViewCompat.setOnApplyWindowInsetsListener(android.view.View, androidx.core.view.OnApplyWindowInsetsListener) (ViewCompat.java:2421)
06-28 22:56:13.134 12342 12342 I zygote  :   at android.view.ViewGroup androidx.appcompat.app.AppCompatDelegateImpl.createSubDecor() (AppCompatDelegateImpl.java:779)
06-28 22:56:13.134 12342 12342 I zygote  :   at void androidx.appcompat.app.AppCompatDelegateImpl.ensureSubDecor() (AppCompatDelegateImpl.java:659)
06-28 22:56:13.134 12342 12342 I zygote  :   at void androidx.appcompat.app.AppCompatDelegateImpl.setContentView(int) (AppCompatDelegateImpl.java:552)
06-28 22:56:13.134 12342 12342 I zygote  :   at void androidx.appcompat.app.AppCompatActivity.setContentView(int) (AppCompatActivity.java:161)
06-28 22:56:13.134 12342 12342 I zygote  :   at void com.example.edgesum.page.main.MainActivity.onCreate(android.os.Bundle) (MainActivity.java:95)
06-28 22:56:13.134 12342 12342 I zygote  :   at void android.app.Activity.performCreate(android.os.Bundle, android.os.PersistableBundle) (Activity.java:7009)
06-28 22:56:13.134 12342 12342 I zygote  :   at void android.app.Activity.performCreate(android.os.Bundle) (Activity.java:7000)
06-28 22:56:13.134 12342 12342 I zygote  :   at void android.app.Instrumentation.callActivityOnCreate(android.app.Activity, android.os.Bundle) (Instrumentation.java:1214)
06-28 22:56:13.134 12342 12342 I zygote  :   at android.app.Activity android.app.ActivityThread.performLaunchActivity(android.app.ActivityThread$ActivityClientRecord, android.content.Intent) (ActivityThread.java:2731)
06-28 22:56:13.134 12342 12342 I zygote  :   at void android.app.ActivityThread.handleLaunchActivity(android.app.ActivityThread$ActivityClientRecord, android.content.Intent, java.lang.String) (ActivityThread.java:2856)
06-28 22:56:13.134 12342 12342 I zygote  :   at void android.app.ActivityThread.-wrap11(android.app.ActivityThread, android.app.ActivityThread$ActivityClientRecord, android.content.Intent, java.lang.String) (ActivityThread.java:-1)
06-28 22:56:13.134 12342 12342 I zygote  :   at void android.app.ActivityThread$H.handleMessage(android.os.Message) (ActivityThread.java:1589)
06-28 22:56:13.134 12342 12342 I zygote  :   at void android.os.Handler.dispatchMessage(android.os.Message) (Handler.java:106)
06-28 22:56:13.134 12342 12342 I zygote  :   at void android.os.Looper.loop() (Looper.java:164)
06-28 22:56:13.134 12342 12342 I zygote  :   at void android.app.ActivityThread.main(java.lang.String[]) (ActivityThread.java:6494)
06-28 22:56:13.134 12342 12342 I zygote  :   at java.lang.Object java.lang.reflect.Method.invoke(java.lang.Object, java.lang.Object[]) (Method.java:-2)
06-28 22:56:13.134 12342 12342 I zygote  :   at void com.android.internal.os.RuntimeInit$MethodAndArgsCaller.run() (RuntimeInit.java:438)
06-28 22:56:13.134 12342 12342 I zygote  :   at void com.android.internal.os.ZygoteInit.main(java.lang.String[]) (ZygoteInit.java:807)
06-28 22:56:13.134 12342 12342 I zygote  : 
06-28 22:56:13.135 12342 12342 I zygote  : Rejecting re-init on previously-failed class java.lang.Class<androidx.core.view.ViewCompat$2>: java.lang.NoClassDefFoundError: Failed resolution of: Landroid/view/View$OnUnhandledKeyEventListener;
06-28 22:56:13.135 12342 12342 I zygote  :   at void androidx.core.view.ViewCompat.setOnApplyWindowInsetsListener(android.view.View, androidx.core.view.OnApplyWindowInsetsListener) (ViewCompat.java:2421)
06-28 22:56:13.135 12342 12342 I zygote  :   at android.view.ViewGroup androidx.appcompat.app.AppCompatDelegateImpl.createSubDecor() (AppCompatDelegateImpl.java:779)
06-28 22:56:13.135 12342 12342 I zygote  :   at void androidx.appcompat.app.AppCompatDelegateImpl.ensureSubDecor() (AppCompatDelegateImpl.java:659)
06-28 22:56:13.135 12342 12342 I zygote  :   at void androidx.appcompat.app.AppCompatDelegateImpl.setContentView(int) (AppCompatDelegateImpl.java:552)
06-28 22:56:13.135 12342 12342 I zygote  :   at void androidx.appcompat.app.AppCompatActivity.setContentView(int) (AppCompatActivity.java:161)
06-28 22:56:13.135 12342 12342 I zygote  :   at void com.example.edgesum.page.main.MainActivity.onCreate(android.os.Bundle) (MainActivity.java:95)
06-28 22:56:13.135 12342 12342 I zygote  :   at void android.app.Activity.performCreate(android.os.Bundle, android.os.PersistableBundle) (Activity.java:7009)
06-28 22:56:13.135 12342 12342 I zygote  :   at void android.app.Activity.performCreate(android.os.Bundle) (Activity.java:7000)
06-28 22:56:13.135 12342 12342 I zygote  :   at void android.app.Instrumentation.callActivityOnCreate(android.app.Activity, android.os.Bundle) (Instrumentation.java:1214)
06-28 22:56:13.135 12342 12342 I zygote  :   at android.app.Activity android.app.ActivityThread.performLaunchActivity(android.app.ActivityThread$ActivityClientRecord, android.content.Intent) (ActivityThread.java:2731)
06-28 22:56:13.135 12342 12342 I zygote  :   at void android.app.ActivityThread.handleLaunchActivity(android.app.ActivityThread$ActivityClientRecord, android.content.Intent, java.lang.String) (ActivityThread.java:2856)
06-28 22:56:13.135 12342 12342 I zygote  :   at void android.app.ActivityThread.-wrap11(android.app.ActivityThread, android.app.ActivityThread$ActivityClientRecord, android.content.Intent, java.lang.String) (ActivityThread.java:-1)
06-28 22:56:13.135 12342 12342 I zygote  :   at void android.app.ActivityThread$H.handleMessage(android.os.Message) (ActivityThread.java:1589)
06-28 22:56:13.135 12342 12342 I zygote  :   at void android.os.Handler.dispatchMessage(android.os.Message) (Handler.java:106)
06-28 22:56:13.135 12342 12342 I zygote  :   at void android.os.Looper.loop() (Looper.java:164)
06-28 22:56:13.135 12342 12342 I zygote  :   at void android.app.ActivityThread.main(java.lang.String[]) (ActivityThread.java:6494)
06-28 22:56:13.135 12342 12342 I zygote  :   at java.lang.Object java.lang.reflect.Method.invoke(java.lang.Object, java.lang.Object[]) (Method.java:-2)
06-28 22:56:13.135 12342 12342 I zygote  :   at void com.android.internal.os.RuntimeInit$MethodAndArgsCaller.run() (RuntimeInit.java:438)
06-28 22:56:13.135 12342 12342 I zygote  :   at void com.android.internal.os.ZygoteInit.main(java.lang.String[]) (ZygoteInit.java:807)
06-28 22:56:13.135 12342 12342 I zygote  : Caused by: java.lang.ClassNotFoundException: Didn't find class "android.view.View$OnUnhandledKeyEventListener" on path: DexPathList[[zip file "/data/app/com.example.edgesum-XZulbL2Uky1WPZydDzZa6Q==/base.apk"],nativeLibraryDirectories=[/data/app/com.example.edgesum-XZulbL2Uky1WPZydDzZa6Q==/lib/arm, /data/app/com.example.edgesum-XZulbL2Uky1WPZydDzZa6Q==/base.apk!/lib/armeabi-v7a, /system/lib, /system/vendor/lib]]
06-28 22:56:13.135 12342 12342 I zygote  :   at java.lang.Class dalvik.system.BaseDexClassLoader.findClass(java.lang.String) (BaseDexClassLoader.java:125)
06-28 22:56:13.135 12342 12342 I zygote  :   at java.lang.Class java.lang.ClassLoader.loadClass(java.lang.String, boolean) (ClassLoader.java:379)
06-28 22:56:13.135 12342 12342 I zygote  :   at java.lang.Class java.lang.ClassLoader.loadClass(java.lang.String) (ClassLoader.java:312)
06-28 22:56:13.135 12342 12342 I zygote  :   at void androidx.core.view.ViewCompat.setOnApplyWindowInsetsListener(android.view.View, androidx.core.view.OnApplyWindowInsetsListener) (ViewCompat.java:2421)
06-28 22:56:13.135 12342 12342 I zygote  :   at android.view.ViewGroup androidx.appcompat.app.AppCompatDelegateImpl.createSubDecor() (AppCompatDelegateImpl.java:779)
06-28 22:56:13.135 12342 12342 I zygote  :   at void androidx.appcompat.app.AppCompatDelegateImpl.ensureSubDecor() (AppCompatDelegateImpl.java:659)
06-28 22:56:13.135 12342 12342 I zygote  :   at void androidx.appcompat.app.AppCompatDelegateImpl.setContentView(int) (AppCompatDelegateImpl.java:552)
06-28 22:56:13.135 12342 12342 I zygote  :   at void androidx.appcompat.app.AppCompatActivity.setContentView(int) (AppCompatActivity.java:161)
06-28 22:56:13.135 12342 12342 I zygote  :   at void com.example.edgesum.page.main.MainActivity.onCreate(android.os.Bundle) (MainActivity.java:95)
06-28 22:56:13.135 12342 12342 I zygote  :   at void android.app.Activity.performCreate(android.os.Bundle, android.os.PersistableBundle) (Activity.java:7009)
06-28 22:56:13.135 12342 12342 I zygote  :   at void android.app.Activity.performCreate(android.os.Bundle) (Activity.java:7000)
06-28 22:56:13.135 12342 12342 I zygote  :   at void android.app.Instrumentation.callActivityOnCreate(android.app.Activity, android.os.Bundle) (Instrumentation.java:1214)
06-28 22:56:13.135 12342 12342 I zygote  :   at android.app.Activity android.app.ActivityThread.performLaunchActivity(android.app.ActivityThread$ActivityClientRecord, android.content.Intent) (ActivityThread.java:2731)
06-28 22:56:13.135 12342 12342 I zygote  :   at void android.app.ActivityThread.handleLaunchActivity(android.app.ActivityThread$ActivityClientRecord, android.content.Intent, java.lang.String) (ActivityThread.java:2856)
06-28 22:56:13.135 12342 12342 I zygote  :   at void android.app.ActivityThread.-wrap11(android.app.ActivityThread, android.app.ActivityThread$ActivityClientRecord, android.content.Intent, java.lang.String) (ActivityThread.java:-1)
06-28 22:56:13.135 12342 12342 I zygote  :   at void android.app.ActivityThread$H.handleMessage(android.os.Message) (ActivityThread.java:1589)
06-28 22:56:13.135 12342 12342 I zygote  :   at void android.os.Handler.dispatchMessage(android.os.Message) (Handler.java:106)
06-28 22:56:13.135 12342 12342 I zygote  :   at void android.os.Looper.loop() (Looper.java:164)
06-28 22:56:13.135 12342 12342 I zygote  :   at void android.app.ActivityThread.main(java.lang.String[]) (ActivityThread.java:6494)
06-28 22:56:13.135 12342 12342 I zygote  :   at java.lang.Object java.lang.reflect.Method.invoke(java.lang.Object, java.lang.Object[]) (Method.java:-2)
06-28 22:56:13.135 12342 12342 I zygote  :   at void com.android.internal.os.RuntimeInit$MethodAndArgsCaller.run() (RuntimeInit.java:438)
06-28 22:56:13.135 12342 12342 I zygote  :   at void com.android.internal.os.ZygoteInit.main(java.lang.String[]) (ZygoteInit.java:807)
06-28 22:56:13.135 12342 12342 I zygote  : 
06-28 22:56:13.399 12342 12342 V Repo    : /storage/emulated/0/Movies/raw
06-28 22:56:13.400 12342 12342 V Repo    : /storage/emulated/0/Movies/summarised
06-28 22:56:13.419 12342 12342 V FileManager: External storage is readable
06-28 22:56:13.420 12342 12342 V FileManager: Directory already exists: /storage/emulated/0/Movies/raw
06-28 22:56:13.422 12342 12342 V FileManager: External storage is readable
06-28 22:56:13.423 12342 12342 V FileManager: Directory already exists: /storage/emulated/0/Movies/summarised
06-28 22:56:13.425 12342 12342 V FileManager: External storage is readable
06-28 22:56:13.426 12342 12342 V FileManager: Directory already exists: /storage/emulated/0/Download/nearby
06-28 22:56:13.431 12342 12342 V FileManager: External storage is readable
06-28 22:56:13.432 12342 12342 V FileManager: Directory already exists: /storage/emulated/0/Movies/segment
06-28 22:56:13.436 12342 12342 V FileManager: External storage is readable
06-28 22:56:13.436 12342 12342 V FileManager: Directory already exists: /storage/emulated/0/Movies/segment-sum
06-28 22:56:13.639 12342 12342 V VideoManager: getAllVideoFromExternalStorageFolder
06-28 22:56:13.642 12342 12342 D VideoManager: /storage/emulated/0/Movies/summarised
06-28 22:56:13.655 12342 12342 D VideoManager: 0 videos return
06-28 22:56:13.704 12342 12342 V VideoManager: getAllVideoFromExternalStorageFolder
06-28 22:56:13.707 12342 12342 D VideoManager: /storage/emulated/0/Movies/raw
06-28 22:56:13.716 12342 12342 D VideoManager: 0 videos return
06-28 22:56:13.727 12342 12347 I zygote  : Do partial code cache collection, code=10KB, data=19KB
06-28 22:56:13.728 12342 12347 I zygote  : After code cache collection, code=10KB, data=19KB
06-28 22:56:13.728 12342 12347 I zygote  : Increasing code cache capacity to 128KB
06-28 22:56:13.732 12342 12347 I zygote  : Do partial code cache collection, code=10KB, data=37KB
06-28 22:56:13.732 12342 12347 I zygote  : After code cache collection, code=10KB, data=37KB
06-28 22:56:13.732 12342 12347 I zygote  : Increasing code cache capacity to 256KB
06-28 22:56:13.733 12342 12347 I zygote  : Compiler allocated 4MB to compile void android.widget.TextView.<init>(android.content.Context, android.util.AttributeSet, int, int)
06-28 22:56:13.786 12342 12390 D OpenGLRenderer: HWUI GL Pipeline
06-28 22:56:13.796 12342 12342 I TransferService: Starting Transfer Service to listen for network connectivity changes.
06-28 22:56:13.797 12342 12342 I TransferService: Registering the network receiver
06-28 22:56:13.802 12342 12342 E TransferService: No notification is passed in the intent. Unable to transition to foreground.
06-28 22:56:13.933 12342 12342 W StaticLayout: maxLineHeight should not be -1.  maxLines:1 lineCount:1
06-28 22:56:13.934 12342 12355 D MainActivity: Scanned /storage/emulated/0/Movies/summarised
06-28 22:56:13.934 12342 12355 D MainActivity:   -> uri=content://media/external/file/931
06-28 22:56:13.948 12342 12342 W StaticLayout: maxLineHeight should not be -1.  maxLines:1 lineCount:1
06-28 22:56:13.959 12342 12342 W StaticLayout: maxLineHeight should not be -1.  maxLines:1 lineCount:1
06-28 22:56:13.969 12342 12354 D MainActivity: Scanned /storage/emulated/0/Movies/raw
06-28 22:56:13.969 12342 12354 D MainActivity:   -> uri=content://media/external/file/932
06-28 22:56:13.972 12342 12342 W StaticLayout: maxLineHeight should not be -1.  maxLines:1 lineCount:1
06-28 22:56:13.991 12342 12390 I Adreno-EGL: <qeglDrvAPI_eglInitialize:379>: QUALCOMM Build: 06/17/16, f19e6a9, I9e7a63e7c4
06-28 22:56:13.996 12342 12390 I zygote  : android::hardware::configstore::V1_0::ISurfaceFlingerConfigs::hasWideColorDisplay retrieved: 0
06-28 22:56:13.996 12342 12390 I OpenGLRenderer: Initialized EGL, version 1.4
06-28 22:56:13.996 12342 12390 D OpenGLRenderer: Swap behavior 1
06-28 22:56:14.003 12342 12390 W Adreno-EGL: <qeglDrvAPI_eglGetConfigAttrib:607>: EGL_BAD_ATTRIBUTE
06-28 22:56:14.005 12342 12390 W Adreno-EGL: <qeglDrvAPI_eglGetConfigAttrib:607>: EGL_BAD_ATTRIBUTE
06-28 22:56:14.010 12342 12390 D vndksupport: Loading /vendor/lib/hw/gralloc.msm8974.so from current namespace instead of sphal namespace.
06-28 22:56:14.024 12342 12342 W StaticLayout: maxLineHeight should not be -1.  maxLines:1 lineCount:1
06-28 22:56:14.035 12342 12342 W StaticLayout: maxLineHeight should not be -1.  maxLines:1 lineCount:1
06-28 22:56:14.050 12342 12342 I TransferNetworkLossHand: Network connectivity changed detected.
06-28 22:56:14.051 12342 12342 I TransferNetworkLossHand: Network connected: false
06-28 22:56:14.192 12342 12390 D vndksupport: Loading /vendor/lib/hw/android.hardware.graphics.mapper@2.0-impl.so from current namespace instead of sphal namespace.
06-28 22:56:14.193 12342 12390 D vndksupport: Loading /vendor/lib/hw/gralloc.msm8974.so from current namespace instead of sphal namespace.
06-28 22:56:23.324 12342 12342 V MainActivity: Connect button clicked
06-28 22:56:28.630 12342 12342 V ConnectionFragment: Discovery switch checked
06-28 22:56:28.757 12342 12342 D NearbyFragment: Started discovering
06-28 22:56:29.673 12342 12342 D NearbyFragment: Found endpoint gTTg: Nexus 5X [34d8]
06-28 22:58:24.135 12342 12347 I zygote  : Do full code cache collection, code=126KB, data=89KB
06-28 22:58:24.136 12342 12347 I zygote  : After code cache collection, code=126KB, data=66KB
06-28 22:58:24.635 12342 12342 D NearbyFragment: Selected 'Endpoint{id=gTTg, name=Nexus 5X [34d8]}'
06-28 22:58:24.660 12342 12390 W Adreno-EGL: <qeglDrvAPI_eglGetConfigAttrib:607>: EGL_BAD_ATTRIBUTE
06-28 22:58:24.663 12342 12390 D vndksupport: Loading /vendor/lib/hw/gralloc.msm8974.so from current namespace instead of sphal namespace.
06-28 22:58:32.071 12342 12342 D NearbyFragment: Initiated connection with Endpoint{id=gTTg, name=Nexus 5X [34d8]}: Nexus 5X [34d8]
06-28 22:58:32.167 12342 12347 I zygote  : Do partial code cache collection, code=126KB, data=73KB
06-28 22:58:32.192 12342 12347 I zygote  : After code cache collection, code=126KB, data=76KB
06-28 22:58:32.192 12342 12347 I zygote  : Increasing code cache capacity to 512KB
06-28 22:58:32.194 12342 12342 D NearbyFragment: Requested connection with Endpoint{id=gTTg, name=Nexus 5X [34d8]}
06-28 22:58:32.270 12342 12390 W Adreno-EGL: <qeglDrvAPI_eglGetConfigAttrib:607>: EGL_BAD_ATTRIBUTE
06-28 22:58:32.276 12342 12390 D vndksupport: Loading /vendor/lib/hw/gralloc.msm8974.so from current namespace instead of sphal namespace.
06-28 22:58:34.498 12342 12342 I NearbyFragment: Connected to Endpoint{id=gTTg, name=Nexus 5X [34d8]}
06-28 22:58:35.351 12342 12342 V ConnectionFragment: Discovery switch unchecked
06-28 22:58:35.351 12342 12342 D NearbyFragment: Stopped discovering
06-28 22:58:39.179 12342 12342 I TransferNetworkLossHand: Network connectivity changed detected.
06-28 22:58:39.184 12342 12342 I TransferNetworkLossHand: Network connected: true
06-28 22:58:45.672 12342 12342 I TransferNetworkLossHand: Network connectivity changed detected.
06-28 22:58:45.677 12342 12342 I TransferNetworkLossHand: Network connected: false
06-28 22:58:55.099 12342 12342 I TransferNetworkLossHand: Network connectivity changed detected.
06-28 22:58:55.103 12342 12342 I TransferNetworkLossHand: Network connected: true
06-28 22:59:01.910 12342 12342 I TransferNetworkLossHand: Network connectivity changed detected.
06-28 22:59:01.918 12342 12342 I TransferNetworkLossHand: Network connected: false
06-28 22:59:11.277 12342 12342 I TransferNetworkLossHand: Network connectivity changed detected.
06-28 22:59:11.278 12342 12342 I TransferNetworkLossHand: Network connected: true
06-28 23:01:06.796 12342 12342 D NearbyFragment: onPayloadReceived(endpointId=gTTg, payload=com.google.android.gms.nearby.connection.Payload@f2e4803)
06-28 23:01:06.804 12342 12342 V NearbyFragment: Started downloading SUMMARISE:-6088636578443003266:20200312_150844.mp4:45.0_1.0_23_medium from Endpoint{id=gTTg, name=Nexus 5X [34d8]}
06-28 23:01:06.811 12342 12342 V NearbyFragment: Transfer to gTTg: 100%
06-28 23:01:06.828 12342 12342 D NearbyFragment: onPayloadReceived(endpointId=gTTg, payload=com.google.android.gms.nearby.connection.Payload@91645fe)
06-28 23:01:06.835 12342 12342 V NearbyFragment: Transfer to gTTg: 0%
06-28 23:01:06.839 12342 12342 V NearbyFragment: Transfer to gTTg: 100%
06-28 23:01:06.852 12342 12342 V NearbyFragment: Transfer to gTTg: 0%
06-28 23:01:06.863 12342 12342 V NearbyFragment: Transfer to gTTg: 0%
06-28 23:01:06.874 12342 12342 V NearbyFragment: Transfer to gTTg: 0%
06-28 23:01:06.886 12342 12342 V NearbyFragment: Transfer to gTTg: 0%
06-28 23:01:06.896 12342 12342 V NearbyFragment: Transfer to gTTg: 0%
06-28 23:01:06.930 12342 12342 V NearbyFragment: Transfer to gTTg: 0%
06-28 23:01:06.955 12342 12342 V NearbyFragment: Transfer to gTTg: 0%
06-28 23:01:06.968 12342 12342 V NearbyFragment: Transfer to gTTg: 0%
06-28 23:01:06.980 12342 12342 V NearbyFragment: Transfer to gTTg: 0%
06-28 23:01:06.992 12342 12342 V NearbyFragment: Transfer to gTTg: 1%
06-28 23:01:07.005 12342 12342 V NearbyFragment: Transfer to gTTg: 1%
06-28 23:01:07.026 12342 12342 V NearbyFragment: Transfer to gTTg: 1%
06-28 23:01:07.038 12342 12342 V NearbyFragment: Transfer to gTTg: 1%
06-28 23:01:07.048 12342 12342 V NearbyFragment: Transfer to gTTg: 1%
06-28 23:01:07.061 12342 12342 V NearbyFragment: Transfer to gTTg: 1%
06-28 23:01:07.067 12342 12342 V NearbyFragment: Transfer to gTTg: 1%
06-28 23:01:07.071 12342 12342 V NearbyFragment: Transfer to gTTg: 1%
06-28 23:01:07.079 12342 12342 V NearbyFragment: Transfer to gTTg: 1%
06-28 23:01:07.090 12342 12342 V NearbyFragment: Transfer to gTTg: 1%
06-28 23:01:07.097 12342 12342 V NearbyFragment: Transfer to gTTg: 1%
06-28 23:01:07.100 12342 12342 V NearbyFragment: Transfer to gTTg: 2%
06-28 23:01:07.110 12342 12342 V NearbyFragment: Transfer to gTTg: 2%
06-28 23:01:07.116 12342 12342 V NearbyFragment: Transfer to gTTg: 2%
06-28 23:01:07.119 12342 12342 V NearbyFragment: Transfer to gTTg: 2%
06-28 23:01:07.129 12342 12342 V NearbyFragment: Transfer to gTTg: 2%
06-28 23:01:07.136 12342 12342 V NearbyFragment: Transfer to gTTg: 2%
06-28 23:01:07.147 12342 12342 V NearbyFragment: Transfer to gTTg: 2%
06-28 23:01:07.156 12342 12342 V NearbyFragment: Transfer to gTTg: 2%
06-28 23:01:07.166 12342 12342 V NearbyFragment: Transfer to gTTg: 2%
06-28 23:01:07.173 12342 12342 V NearbyFragment: Transfer to gTTg: 2%
06-28 23:01:07.183 12342 12342 V NearbyFragment: Transfer to gTTg: 2%
06-28 23:01:07.192 12342 12342 V NearbyFragment: Transfer to gTTg: 3%
06-28 23:01:07.207 12342 12342 V NearbyFragment: Transfer to gTTg: 3%
06-28 23:01:07.210 12342 12342 V NearbyFragment: Transfer to gTTg: 3%
06-28 23:01:07.220 12342 12342 V NearbyFragment: Transfer to gTTg: 3%
06-28 23:01:07.225 12342 12342 V NearbyFragment: Transfer to gTTg: 3%
06-28 23:01:07.227 12342 12342 V NearbyFragment: Transfer to gTTg: 3%
06-28 23:01:07.234 12342 12342 V NearbyFragment: Transfer to gTTg: 3%
06-28 23:01:07.242 12342 12342 V NearbyFragment: Transfer to gTTg: 3%
06-28 23:01:07.251 12342 12342 V NearbyFragment: Transfer to gTTg: 3%
06-28 23:01:07.261 12342 12342 V NearbyFragment: Transfer to gTTg: 3%
06-28 23:01:07.281 12342 12342 V NearbyFragment: Transfer to gTTg: 4%
06-28 23:01:07.289 12342 12342 V NearbyFragment: Transfer to gTTg: 4%
06-28 23:01:07.296 12342 12342 V NearbyFragment: Transfer to gTTg: 4%
06-28 23:01:07.304 12342 12342 V NearbyFragment: Transfer to gTTg: 4%
06-28 23:01:07.311 12342 12342 V NearbyFragment: Transfer to gTTg: 4%
06-28 23:01:07.319 12342 12342 V NearbyFragment: Transfer to gTTg: 4%
06-28 23:01:07.325 12342 12342 V NearbyFragment: Transfer to gTTg: 4%
06-28 23:01:07.338 12342 12342 V NearbyFragment: Transfer to gTTg: 4%
06-28 23:01:07.347 12342 12342 V NearbyFragment: Transfer to gTTg: 4%
06-28 23:01:07.357 12342 12342 V NearbyFragment: Transfer to gTTg: 4%
06-28 23:01:07.365 12342 12342 V NearbyFragment: Transfer to gTTg: 4%
06-28 23:01:07.383 12342 12342 V NearbyFragment: Transfer to gTTg: 5%
06-28 23:01:07.389 12342 12342 V NearbyFragment: Transfer to gTTg: 5%
06-28 23:01:07.398 12342 12342 V NearbyFragment: Transfer to gTTg: 5%
06-28 23:01:07.444 12342 12342 V NearbyFragment: Transfer to gTTg: 5%
06-28 23:01:07.447 12342 12342 V NearbyFragment: Transfer to gTTg: 5%
06-28 23:01:07.459 12342 12342 V NearbyFragment: Transfer to gTTg: 5%
06-28 23:01:07.473 12342 12342 V NearbyFragment: Transfer to gTTg: 5%
06-28 23:01:07.479 12342 12342 V NearbyFragment: Transfer to gTTg: 5%
06-28 23:01:07.489 12342 12342 V NearbyFragment: Transfer to gTTg: 5%
06-28 23:01:07.496 12342 12342 V NearbyFragment: Transfer to gTTg: 5%
06-28 23:01:07.528 12342 12342 V NearbyFragment: Transfer to gTTg: 5%
06-28 23:01:07.538 12342 12342 V NearbyFragment: Transfer to gTTg: 6%
06-28 23:01:07.548 12342 12342 V NearbyFragment: Transfer to gTTg: 6%
06-28 23:01:07.551 12342 12342 V NearbyFragment: Transfer to gTTg: 6%
06-28 23:01:07.559 12342 12342 V NearbyFragment: Transfer to gTTg: 6%
06-28 23:01:07.563 12342 12342 V NearbyFragment: Transfer to gTTg: 6%
06-28 23:01:07.568 12342 12342 V NearbyFragment: Transfer to gTTg: 6%
06-28 23:01:07.575 12342 12342 V NearbyFragment: Transfer to gTTg: 6%
06-28 23:01:07.583 12342 12342 V NearbyFragment: Transfer to gTTg: 6%
06-28 23:01:07.592 12342 12342 V NearbyFragment: Transfer to gTTg: 6%
06-28 23:01:07.603 12342 12342 V NearbyFragment: Transfer to gTTg: 6%
06-28 23:01:07.610 12342 12342 V NearbyFragment: Transfer to gTTg: 7%
06-28 23:01:07.621 12342 12342 V NearbyFragment: Transfer to gTTg: 7%
06-28 23:01:07.629 12342 12342 V NearbyFragment: Transfer to gTTg: 7%
06-28 23:01:07.637 12342 12342 V NearbyFragment: Transfer to gTTg: 7%
06-28 23:01:07.650 12342 12342 V NearbyFragment: Transfer to gTTg: 7%
06-28 23:01:07.677 12342 12342 V NearbyFragment: Transfer to gTTg: 7%
06-28 23:01:07.681 12342 12342 V NearbyFragment: Transfer to gTTg: 7%
06-28 23:01:07.690 12342 12342 V NearbyFragment: Transfer to gTTg: 7%
06-28 23:01:07.698 12342 12342 V NearbyFragment: Transfer to gTTg: 7%
06-28 23:01:07.701 12342 12342 V NearbyFragment: Transfer to gTTg: 7%
06-28 23:01:07.710 12342 12342 V NearbyFragment: Transfer to gTTg: 7%
06-28 23:01:07.715 12342 12342 V NearbyFragment: Transfer to gTTg: 8%
06-28 23:01:07.724 12342 12342 V NearbyFragment: Transfer to gTTg: 8%
06-28 23:01:07.734 12342 12342 V NearbyFragment: Transfer to gTTg: 8%
06-28 23:01:07.741 12342 12342 V NearbyFragment: Transfer to gTTg: 8%
06-28 23:01:07.753 12342 12342 V NearbyFragment: Transfer to gTTg: 8%
06-28 23:01:07.765 12342 12342 V NearbyFragment: Transfer to gTTg: 8%
06-28 23:01:07.780 12342 12342 V NearbyFragment: Transfer to gTTg: 8%
06-28 23:01:07.786 12342 12342 V NearbyFragment: Transfer to gTTg: 8%
06-28 23:01:07.795 12342 12342 V NearbyFragment: Transfer to gTTg: 8%
06-28 23:01:07.808 12342 12342 V NearbyFragment: Transfer to gTTg: 8%
06-28 23:01:07.815 12342 12342 V NearbyFragment: Transfer to gTTg: 8%
06-28 23:01:07.830 12342 12342 V NearbyFragment: Transfer to gTTg: 9%
06-28 23:01:07.842 12342 12342 V NearbyFragment: Transfer to gTTg: 9%
06-28 23:01:07.861 12342 12342 V NearbyFragment: Transfer to gTTg: 9%
06-28 23:01:07.866 12342 12342 V NearbyFragment: Transfer to gTTg: 9%
06-28 23:01:07.913 12342 12342 V NearbyFragment: Transfer to gTTg: 9%
06-28 23:01:07.919 12342 12342 V NearbyFragment: Transfer to gTTg: 9%
06-28 23:01:07.935 12342 12342 V NearbyFragment: Transfer to gTTg: 9%
06-28 23:01:07.949 12342 12342 V NearbyFragment: Transfer to gTTg: 9%
06-28 23:01:07.964 12342 12342 V NearbyFragment: Transfer to gTTg: 9%
06-28 23:01:07.984 12342 12342 V NearbyFragment: Transfer to gTTg: 9%
06-28 23:01:07.989 12342 12342 V NearbyFragment: Transfer to gTTg: 10%
06-28 23:01:07.998 12342 12342 V NearbyFragment: Transfer to gTTg: 10%
06-28 23:01:08.008 12342 12342 V NearbyFragment: Transfer to gTTg: 10%
06-28 23:01:08.015 12342 12342 V NearbyFragment: Transfer to gTTg: 10%
06-28 23:01:08.023 12342 12342 V NearbyFragment: Transfer to gTTg: 10%
06-28 23:01:08.037 12342 12342 V NearbyFragment: Transfer to gTTg: 10%
06-28 23:01:08.051 12342 12342 V NearbyFragment: Transfer to gTTg: 10%
06-28 23:01:08.058 12342 12342 V NearbyFragment: Transfer to gTTg: 10%
06-28 23:01:08.066 12342 12342 V NearbyFragment: Transfer to gTTg: 10%
06-28 23:01:08.079 12342 12342 V NearbyFragment: Transfer to gTTg: 10%
06-28 23:01:08.089 12342 12342 V NearbyFragment: Transfer to gTTg: 10%
06-28 23:01:08.094 12342 12342 V NearbyFragment: Transfer to gTTg: 11%
06-28 23:01:08.102 12342 12342 V NearbyFragment: Transfer to gTTg: 11%
06-28 23:01:08.143 12342 12342 V NearbyFragment: Transfer to gTTg: 11%
06-28 23:01:08.163 12342 12342 V NearbyFragment: Transfer to gTTg: 11%
06-28 23:01:08.171 12342 12342 V NearbyFragment: Transfer to gTTg: 11%
06-28 23:01:08.181 12342 12342 V NearbyFragment: Transfer to gTTg: 11%
06-28 23:01:08.188 12342 12342 V NearbyFragment: Transfer to gTTg: 11%
06-28 23:01:08.222 12342 12342 V NearbyFragment: Transfer to gTTg: 11%
06-28 23:01:08.237 12342 12342 V NearbyFragment: Transfer to gTTg: 11%
06-28 23:01:08.269 12342 12342 V NearbyFragment: Transfer to gTTg: 11%
06-28 23:01:08.273 12342 12342 V NearbyFragment: Transfer to gTTg: 11%
06-28 23:01:08.285 12342 12342 V NearbyFragment: Transfer to gTTg: 12%
06-28 23:01:08.287 12342 12342 V NearbyFragment: Transfer to gTTg: 12%
06-28 23:01:08.311 12342 12342 V NearbyFragment: Transfer to gTTg: 12%
06-28 23:01:08.321 12342 12342 V NearbyFragment: Transfer to gTTg: 12%
06-28 23:01:08.331 12342 12342 V NearbyFragment: Transfer to gTTg: 12%
06-28 23:01:08.340 12342 12342 V NearbyFragment: Transfer to gTTg: 12%
06-28 23:01:08.349 12342 12342 V NearbyFragment: Transfer to gTTg: 12%
06-28 23:01:08.358 12342 12342 V NearbyFragment: Transfer to gTTg: 12%
06-28 23:01:08.365 12342 12342 V NearbyFragment: Transfer to gTTg: 12%
06-28 23:01:08.407 12342 12342 V NearbyFragment: Transfer to gTTg: 12%
06-28 23:01:08.415 12342 12342 V NearbyFragment: Transfer to gTTg: 13%
06-28 23:01:08.428 12342 12342 V NearbyFragment: Transfer to gTTg: 13%
06-28 23:01:08.447 12342 12342 V NearbyFragment: Transfer to gTTg: 13%
06-28 23:01:08.455 12342 12342 V NearbyFragment: Transfer to gTTg: 13%
06-28 23:01:08.496 12342 12342 V NearbyFragment: Transfer to gTTg: 13%
06-28 23:01:08.511 12342 12342 V NearbyFragment: Transfer to gTTg: 13%
06-28 23:01:08.521 12342 12342 V NearbyFragment: Transfer to gTTg: 13%
06-28 23:01:08.529 12342 12342 V NearbyFragment: Transfer to gTTg: 13%
06-28 23:01:08.539 12342 12342 V NearbyFragment: Transfer to gTTg: 13%
06-28 23:01:08.547 12342 12342 V NearbyFragment: Transfer to gTTg: 13%
06-28 23:01:08.554 12342 12342 V NearbyFragment: Transfer to gTTg: 13%
06-28 23:01:08.594 12342 12342 V NearbyFragment: Transfer to gTTg: 14%
06-28 23:01:08.614 12342 12342 V NearbyFragment: Transfer to gTTg: 14%
06-28 23:01:08.630 12342 12342 V NearbyFragment: Transfer to gTTg: 14%
06-28 23:01:08.640 12342 12342 V NearbyFragment: Transfer to gTTg: 14%
06-28 23:01:08.641 12342 12342 V NearbyFragment: Transfer to gTTg: 14%
06-28 23:01:08.650 12342 12342 V NearbyFragment: Transfer to gTTg: 14%
06-28 23:01:08.655 12342 12342 V NearbyFragment: Transfer to gTTg: 14%
06-28 23:01:08.663 12342 12342 V NearbyFragment: Transfer to gTTg: 14%
06-28 23:01:08.673 12342 12342 V NearbyFragment: Transfer to gTTg: 14%
06-28 23:01:08.680 12342 12342 V NearbyFragment: Transfer to gTTg: 14%
06-28 23:01:08.685 12342 12342 V NearbyFragment: Transfer to gTTg: 14%
06-28 23:01:08.690 12342 12342 V NearbyFragment: Transfer to gTTg: 15%
06-28 23:01:08.708 12342 12342 V NearbyFragment: Transfer to gTTg: 15%
06-28 23:01:08.718 12342 12342 V NearbyFragment: Transfer to gTTg: 15%
06-28 23:01:08.732 12342 12342 V NearbyFragment: Transfer to gTTg: 15%
06-28 23:01:08.744 12342 12342 V NearbyFragment: Transfer to gTTg: 15%
06-28 23:01:08.754 12342 12342 V NearbyFragment: Transfer to gTTg: 15%
06-28 23:01:08.766 12342 12342 V NearbyFragment: Transfer to gTTg: 15%
06-28 23:01:08.778 12342 12342 V NearbyFragment: Transfer to gTTg: 15%
06-28 23:01:08.796 12342 12342 V NearbyFragment: Transfer to gTTg: 15%
06-28 23:01:08.807 12342 12342 V NearbyFragment: Transfer to gTTg: 15%
06-28 23:01:08.827 12342 12342 V NearbyFragment: Transfer to gTTg: 16%
06-28 23:01:08.838 12342 12342 V NearbyFragment: Transfer to gTTg: 16%
06-28 23:01:08.845 12342 12342 V NearbyFragment: Transfer to gTTg: 16%
06-28 23:01:08.855 12342 12342 V NearbyFragment: Transfer to gTTg: 16%
06-28 23:01:08.865 12342 12342 V NearbyFragment: Transfer to gTTg: 16%
06-28 23:01:08.889 12342 12342 V NearbyFragment: Transfer to gTTg: 16%
06-28 23:01:08.900 12342 12342 V NearbyFragment: Transfer to gTTg: 16%
06-28 23:01:08.907 12342 12342 V NearbyFragment: Transfer to gTTg: 16%
06-28 23:01:08.911 12342 12342 V NearbyFragment: Transfer to gTTg: 16%
06-28 23:01:08.920 12342 12342 V NearbyFragment: Transfer to gTTg: 16%
06-28 23:01:08.928 12342 12342 V NearbyFragment: Transfer to gTTg: 16%
06-28 23:01:08.934 12342 12342 V NearbyFragment: Transfer to gTTg: 17%
06-28 23:01:08.940 12342 12342 V NearbyFragment: Transfer to gTTg: 17%
06-28 23:01:08.947 12342 12342 V NearbyFragment: Transfer to gTTg: 17%
06-28 23:01:08.950 12342 12342 V NearbyFragment: Transfer to gTTg: 17%
06-28 23:01:08.958 12342 12342 V NearbyFragment: Transfer to gTTg: 17%
06-28 23:01:08.961 12342 12342 V NearbyFragment: Transfer to gTTg: 17%
06-28 23:01:08.967 12342 12342 V NearbyFragment: Transfer to gTTg: 17%
06-28 23:01:08.976 12342 12342 V NearbyFragment: Transfer to gTTg: 17%
06-28 23:01:08.984 12342 12342 V NearbyFragment: Transfer to gTTg: 17%
06-28 23:01:08.992 12342 12342 V NearbyFragment: Transfer to gTTg: 17%
06-28 23:01:09.008 12342 12342 V NearbyFragment: Transfer to gTTg: 17%
06-28 23:01:09.029 12342 12342 V NearbyFragment: Transfer to gTTg: 18%
06-28 23:01:09.038 12342 12342 V NearbyFragment: Transfer to gTTg: 18%
06-28 23:01:09.045 12342 12342 V NearbyFragment: Transfer to gTTg: 18%
06-28 23:01:09.061 12342 12342 V NearbyFragment: Transfer to gTTg: 18%
06-28 23:01:09.072 12342 12342 V NearbyFragment: Transfer to gTTg: 18%
06-28 23:01:09.095 12342 12342 V NearbyFragment: Transfer to gTTg: 18%
06-28 23:01:09.121 12342 12342 V NearbyFragment: Transfer to gTTg: 18%
06-28 23:01:09.136 12342 12342 V NearbyFragment: Transfer to gTTg: 18%
06-28 23:01:09.145 12342 12342 V NearbyFragment: Transfer to gTTg: 18%
06-28 23:01:09.147 12342 12342 V NearbyFragment: Transfer to gTTg: 18%
06-28 23:01:09.157 12342 12342 V NearbyFragment: Transfer to gTTg: 19%
06-28 23:01:09.159 12342 12342 V NearbyFragment: Transfer to gTTg: 19%
06-28 23:01:09.165 12342 12342 V NearbyFragment: Transfer to gTTg: 19%
06-28 23:01:09.200 12342 12342 V NearbyFragment: Transfer to gTTg: 19%
06-28 23:01:09.213 12342 12342 V NearbyFragment: Transfer to gTTg: 19%
06-28 23:01:09.223 12342 12342 V NearbyFragment: Transfer to gTTg: 19%
06-28 23:01:09.231 12342 12342 V NearbyFragment: Transfer to gTTg: 19%
06-28 23:01:09.243 12342 12342 V NearbyFragment: Transfer to gTTg: 19%
06-28 23:01:09.251 12342 12342 V NearbyFragment: Transfer to gTTg: 19%
06-28 23:01:09.265 12342 12342 V NearbyFragment: Transfer to gTTg: 19%
06-28 23:01:09.274 12342 12342 V NearbyFragment: Transfer to gTTg: 19%
06-28 23:01:09.286 12342 12342 V NearbyFragment: Transfer to gTTg: 20%
06-28 23:01:09.301 12342 12342 V NearbyFragment: Transfer to gTTg: 20%
06-28 23:01:09.318 12342 12342 V NearbyFragment: Transfer to gTTg: 20%
06-28 23:01:09.335 12342 12342 V NearbyFragment: Transfer to gTTg: 20%
06-28 23:01:09.348 12342 12342 V NearbyFragment: Transfer to gTTg: 20%
06-28 23:01:09.352 12342 12342 V NearbyFragment: Transfer to gTTg: 20%
06-28 23:01:09.362 12342 12342 V NearbyFragment: Transfer to gTTg: 20%
06-28 23:01:09.369 12342 12342 V NearbyFragment: Transfer to gTTg: 20%
06-28 23:01:09.372 12342 12342 V NearbyFragment: Transfer to gTTg: 20%
06-28 23:01:09.379 12342 12342 V NearbyFragment: Transfer to gTTg: 20%
06-28 23:01:09.389 12342 12342 V NearbyFragment: Transfer to gTTg: 20%
06-28 23:01:09.395 12342 12342 V NearbyFragment: Transfer to gTTg: 21%
06-28 23:01:09.408 12342 12342 V NearbyFragment: Transfer to gTTg: 21%
06-28 23:01:09.415 12342 12342 V NearbyFragment: Transfer to gTTg: 21%
06-28 23:01:09.422 12342 12342 V NearbyFragment: Transfer to gTTg: 21%
06-28 23:01:09.444 12342 12342 V NearbyFragment: Transfer to gTTg: 21%
06-28 23:01:09.466 12342 12342 V NearbyFragment: Transfer to gTTg: 21%
06-28 23:01:09.483 12342 12342 V NearbyFragment: Transfer to gTTg: 21%
06-28 23:01:09.495 12342 12342 V NearbyFragment: Transfer to gTTg: 21%
06-28 23:01:09.496 12342 12342 V NearbyFragment: Transfer to gTTg: 21%
06-28 23:01:09.506 12342 12342 V NearbyFragment: Transfer to gTTg: 21%
06-28 23:01:09.510 12342 12342 V NearbyFragment: Transfer to gTTg: 22%
06-28 23:01:09.513 12342 12342 V NearbyFragment: Transfer to gTTg: 22%
06-28 23:01:09.519 12342 12342 V NearbyFragment: Transfer to gTTg: 22%
06-28 23:01:09.525 12342 12342 V NearbyFragment: Transfer to gTTg: 22%
06-28 23:01:09.537 12342 12342 V NearbyFragment: Transfer to gTTg: 22%
06-28 23:01:09.543 12342 12342 V NearbyFragment: Transfer to gTTg: 22%
06-28 23:01:09.550 12342 12342 V NearbyFragment: Transfer to gTTg: 22%
06-28 23:01:09.567 12342 12342 V NearbyFragment: Transfer to gTTg: 22%
06-28 23:01:09.576 12342 12342 V NearbyFragment: Transfer to gTTg: 22%
06-28 23:01:09.585 12342 12342 V NearbyFragment: Transfer to gTTg: 22%
06-28 23:01:09.593 12342 12342 V NearbyFragment: Transfer to gTTg: 22%
06-28 23:01:09.599 12342 12342 V NearbyFragment: Transfer to gTTg: 23%
06-28 23:01:09.614 12342 12342 V NearbyFragment: Transfer to gTTg: 23%
06-28 23:01:09.624 12342 12342 V NearbyFragment: Transfer to gTTg: 23%
06-28 23:01:09.632 12342 12342 V NearbyFragment: Transfer to gTTg: 23%
06-28 23:01:09.641 12342 12342 V NearbyFragment: Transfer to gTTg: 23%
06-28 23:01:09.651 12342 12342 V NearbyFragment: Transfer to gTTg: 23%
06-28 23:01:09.658 12342 12342 V NearbyFragment: Transfer to gTTg: 23%
06-28 23:01:09.673 12342 12342 V NearbyFragment: Transfer to gTTg: 23%
06-28 23:01:09.692 12342 12342 V NearbyFragment: Transfer to gTTg: 23%
06-28 23:01:09.700 12342 12342 V NearbyFragment: Transfer to gTTg: 23%
06-28 23:01:09.707 12342 12342 V NearbyFragment: Transfer to gTTg: 23%
06-28 23:01:09.715 12342 12342 V NearbyFragment: Transfer to gTTg: 24%
06-28 23:01:09.724 12342 12342 V NearbyFragment: Transfer to gTTg: 24%
06-28 23:01:09.732 12342 12342 V NearbyFragment: Transfer to gTTg: 24%
06-28 23:01:09.739 12342 12342 V NearbyFragment: Transfer to gTTg: 24%
06-28 23:01:09.754 12342 12342 V NearbyFragment: Transfer to gTTg: 24%
06-28 23:01:09.761 12342 12342 V NearbyFragment: Transfer to gTTg: 24%
06-28 23:01:09.772 12342 12342 V NearbyFragment: Transfer to gTTg: 24%
06-28 23:01:09.787 12342 12342 V NearbyFragment: Transfer to gTTg: 24%
06-28 23:01:09.819 12342 12342 V NearbyFragment: Transfer to gTTg: 24%
06-28 23:01:09.837 12342 12342 V NearbyFragment: Transfer to gTTg: 24%
06-28 23:01:09.845 12342 12342 V NearbyFragment: Transfer to gTTg: 25%
06-28 23:01:09.850 12342 12342 V NearbyFragment: Transfer to gTTg: 25%
06-28 23:01:09.857 12342 12342 V NearbyFragment: Transfer to gTTg: 25%
06-28 23:01:09.863 12342 12342 V NearbyFragment: Transfer to gTTg: 25%
06-28 23:01:09.865 12342 12342 V NearbyFragment: Transfer to gTTg: 25%
06-28 23:01:09.875 12342 12342 V NearbyFragment: Transfer to gTTg: 25%
