--------- beginning of main
06-28 22:56:10.366  7148  7148 E Zygote  : isWhitelistProcess - Process is Whitelisted
06-28 22:56:10.369  7148  7148 E Zygote  : accessInfo : 1
06-28 22:56:10.385  7148  7148 I example.edgesu: Late-enabling -Xcheck:jni
--------- beginning of system
06-28 22:56:11.860  7148  7148 I ActivityThread: handleStopService: token=android.os.BinderProxy@2adf422 not found.
06-28 22:56:11.870  7148  7148 I TransferService: Starting Transfer Service to listen for network connectivity changes.
06-28 22:56:11.875  7148  7148 W LogFactory: Truncating log tag length as it exceed 23, the limit imposed by Android on certain API Levels
06-28 22:56:11.997  7148  7148 I TransferService: Registering the network receiver
06-28 22:56:12.011  7148  7148 I TransferService: Moving the service out of the Foreground state.
06-28 22:56:12.022  7148  7148 I TransferService: De-registering the network receiver.
06-28 22:56:12.024  7148  7148 W ActivityThread: handleWindowVisibility: no activity for token android.os.BinderProxy@ab2112b
06-28 22:56:12.034  7148  7167 D vndksupport: Loading /vendor/lib64/egl/libGLES_mali.so from current namespace instead of sphal namespace.
06-28 22:56:12.056  7148  7167 D libEGL  : loaded /vendor/lib64/egl/libGLES_mali.so
06-28 22:56:12.093  7148  7148 W example.edgesu: Accessing hidden method Landroid/graphics/drawable/Drawable;->getOpticalInsets()Landroid/graphics/Insets; (light greylist, linking)
06-28 22:56:12.093  7148  7148 W example.edgesu: Accessing hidden field Landroid/graphics/Insets;->left:I (light greylist, linking)
06-28 22:56:12.093  7148  7148 W example.edgesu: Accessing hidden field Landroid/graphics/Insets;->right:I (light greylist, linking)
06-28 22:56:12.093  7148  7148 W example.edgesu: Accessing hidden field Landroid/graphics/Insets;->top:I (light greylist, linking)
06-28 22:56:12.093  7148  7148 W example.edgesu: Accessing hidden field Landroid/graphics/Insets;->bottom:I (light greylist, linking)
06-28 22:56:12.111  7148  7148 I DecorView: createDecorCaptionView >> DecorView@c99a7cc[], isFloating: false, isApplication: true, hasWindowDecorCaption: false, hasWindowControllerCallback: true
06-28 22:56:12.140  7148  7148 W example.edgesu: Accessing hidden method Landroid/view/View;->computeFitSystemWindows(Landroid/graphics/Rect;Landroid/graphics/Rect;)Z (light greylist, reflection)
06-28 22:56:12.141  7148  7148 W example.edgesu: Accessing hidden method Landroid/view/ViewGroup;->makeOptionalFitsSystemWindows()V (light greylist, reflection)
06-28 22:56:12.243  7148  7148 W example.edgesu: Accessing hidden method Landroid/widget/TextView;->getTextDirectionHeuristic()Landroid/text/TextDirectionHeuristic; (light greylist, linking)
06-28 22:56:12.253  7148  7148 W example.edgesu: Accessing hidden field Landroid/view/View;->mAccessibilityDelegate:Landroid/view/View$AccessibilityDelegate; (light greylist, reflection)
06-28 22:56:12.314  7148  7148 V Repo    : /storage/emulated/0/Movies/raw
06-28 22:56:12.314  7148  7148 V Repo    : /storage/emulated/0/Movies/summarised
06-28 22:56:12.337  7148  7148 V FileManager: External storage is readable
06-28 22:56:12.337  7148  7148 V FileManager: Directory already exists: /storage/emulated/0/Movies/raw
06-28 22:56:12.338  7148  7148 V FileManager: External storage is readable
06-28 22:56:12.339  7148  7148 V FileManager: Directory already exists: /storage/emulated/0/Movies/summarised
06-28 22:56:12.339  7148  7148 V FileManager: External storage is readable
06-28 22:56:12.340  7148  7148 V FileManager: Directory already exists: /storage/emulated/0/Download/nearby
06-28 22:56:12.341  7148  7148 V FileManager: External storage is readable
06-28 22:56:12.341  7148  7148 V FileManager: Directory already exists: /storage/emulated/0/Movies/segment
06-28 22:56:12.342  7148  7148 V FileManager: External storage is readable
06-28 22:56:12.342  7148  7148 V FileManager: Directory already exists: /storage/emulated/0/Movies/segment-sum
06-28 22:56:12.482  7148  7148 V VideoManager: getAllVideoFromExternalStorageFolder
06-28 22:56:12.483  7148  7148 D VideoManager: /storage/emulated/0/Movies/summarised
06-28 22:56:12.490  7148  7148 D VideoManager: 0 videos return
06-28 22:56:12.519  7148  7148 V VideoManager: getAllVideoFromExternalStorageFolder
06-28 22:56:12.521  7148  7148 D VideoManager: /storage/emulated/0/Movies/raw
06-28 22:56:12.525  7148  7148 D VideoManager: 0 videos return
06-28 22:56:12.549  7148  7148 D OpenGLRenderer: Skia GL Pipeline
06-28 22:56:12.552  7148  7148 D EmergencyMode: [EmergencyManager] android createPackageContext successful
06-28 22:56:12.567  7148  7148 D InputTransport: Input channel constructed: fd=64
06-28 22:56:12.568  7148  7148 D ViewRootImpl@cc06b20[MainActivity]: setView = DecorView@c99a7cc[MainActivity] TM=true MM=false
06-28 22:56:12.569  7148  7148 I TransferService: Starting Transfer Service to listen for network connectivity changes.
06-28 22:56:12.569  7148  7148 I TransferService: Registering the network receiver
06-28 22:56:12.572  7148  7148 E TransferService: No notification is passed in the intent. Unable to transition to foreground.
06-28 22:56:12.605  7148  7169 D MainActivity: Scanned /storage/emulated/0/Movies/summarised
06-28 22:56:12.605  7148  7169 D MainActivity:   -> uri=content://media/external/file/136063
06-28 22:56:12.607  7148  7148 D ViewRootImpl@cc06b20[MainActivity]: dispatchAttachedToWindow
06-28 22:56:12.623  7148  7148 W StaticLayout: maxLineHeight should not be -1.  maxLines:1 lineCount:1
06-28 22:56:12.627  7148  7169 D MainActivity: Scanned /storage/emulated/0/Movies/raw
06-28 22:56:12.627  7148  7169 D MainActivity:   -> uri=content://media/external/file/136064
06-28 22:56:12.632  7148  7148 W StaticLayout: maxLineHeight should not be -1.  maxLines:1 lineCount:1
06-28 22:56:12.636  7148  7148 W StaticLayout: maxLineHeight should not be -1.  maxLines:1 lineCount:1
06-28 22:56:12.640  7148  7148 W StaticLayout: maxLineHeight should not be -1.  maxLines:1 lineCount:1
06-28 22:56:12.650  7148  7148 D ViewRootImpl@cc06b20[MainActivity]: Relayout returned: old=[0,0][720,1480] new=[0,0][720,1480] result=0x7 surface={valid=true 513910321152} changed=true
06-28 22:56:12.655  7148  7148 W StaticLayout: maxLineHeight should not be -1.  maxLines:1 lineCount:1
06-28 22:56:12.659  7148  7148 W StaticLayout: maxLineHeight should not be -1.  maxLines:1 lineCount:1
06-28 22:56:12.660  7148  7172 I ConfigStore: android::hardware::configstore::V1_0::ISurfaceFlingerConfigs::hasWideColorDisplay retrieved: 0
06-28 22:56:12.660  7148  7172 I ConfigStore: android::hardware::configstore::V1_0::ISurfaceFlingerConfigs::hasHDRDisplay retrieved: 0
06-28 22:56:12.660  7148  7172 I OpenGLRenderer: Initialized EGL, version 1.4
06-28 22:56:12.660  7148  7172 D OpenGLRenderer: Swap behavior 2
06-28 22:56:12.671  7148  7148 I TransferNetworkLossHand: Network connectivity changed detected.
06-28 22:56:12.671  7148  7172 D mali_winsys: EGLint new_window_surface(egl_winsys_display *, void *, EGLSurface, EGLConfig, egl_winsys_surface **, EGLBoolean) returns 0x3000
06-28 22:56:12.671  7148  7172 D OpenGLRenderer: eglCreateWindowSurface = 0x779eaf6b00, 0x77a7713010
06-28 22:56:12.672  7148  7148 I TransferNetworkLossHand: Network connected: false
06-28 22:56:12.744  7148  7172 D vndksupport: Loading /vendor/lib64/hw/android.hardware.graphics.mapper@2.0-impl.so from current namespace instead of sphal namespace.
06-28 22:56:12.764  7148  7148 D ViewRootImpl@cc06b20[MainActivity]: MSG_RESIZED: frame=Rect(0, 0 - 720, 1480) ci=Rect(0, 48 - 0, 96) vi=Rect(0, 48 - 0, 96) or=1
06-28 22:56:12.764  7148  7148 D ViewRootImpl@cc06b20[MainActivity]: MSG_WINDOW_FOCUS_CHANGED 1 1
06-28 22:56:12.767  7148  7148 D InputMethodManager: prepareNavigationBarInfo() DecorView@c99a7cc[MainActivity]
06-28 22:56:12.767  7148  7148 D InputMethodManager: getNavigationBarColor() -855310
06-28 22:56:12.772  7148  7148 D InputMethodManager: prepareNavigationBarInfo() DecorView@c99a7cc[MainActivity]
06-28 22:56:12.772  7148  7148 D InputMethodManager: getNavigationBarColor() -855310
06-28 22:56:12.772  7148  7148 V InputMethodManager: Starting input: tba=com.example.edgesum ic=null mNaviBarColor -855310 mIsGetNaviBarColorSuccess true , NavVisible : true , NavTrans : false
06-28 22:56:12.772  7148  7148 D InputMethodManager: startInputInner - Id : 0
06-28 22:56:12.772  7148  7148 I InputMethodManager: startInputInner - mService.startInputOrWindowGainedFocus
06-28 22:56:12.776  7148  7148 D ViewRootImpl@cc06b20[MainActivity]: setWindowStopped(false) old=false
06-28 22:56:12.777  7148  7169 D InputTransport: Input channel constructed: fd=74
06-28 22:56:12.819  7148  7148 D ViewRootImpl@cc06b20[MainActivity]: Relayout returned: old=[0,0][720,1480] new=[0,0][720,1480] result=0x1 surface={valid=true 513910321152} changed=false
06-28 22:56:12.822  7148  7148 D InputMethodManager: prepareNavigationBarInfo() DecorView@c99a7cc[MainActivity]
06-28 22:56:12.822  7148  7148 D InputMethodManager: getNavigationBarColor() -855310
06-28 22:56:12.822  7148  7148 V InputMethodManager: Starting input: tba=com.example.edgesum ic=null mNaviBarColor -855310 mIsGetNaviBarColorSuccess true , NavVisible : true , NavTrans : false
06-28 22:56:12.822  7148  7148 D InputMethodManager: startInputInner - Id : 0
06-28 22:56:20.930  7148  7148 D ViewRootImpl@cc06b20[MainActivity]: ViewPostIme pointer 0
06-28 22:56:21.002  7148  7148 D ViewRootImpl@cc06b20[MainActivity]: ViewPostIme pointer 1
06-28 22:56:21.018  7148  7148 V MainActivity: Connect button clicked
06-28 22:56:25.681  7148  7148 D ViewRootImpl@cc06b20[MainActivity]: ViewPostIme pointer 0
06-28 22:56:25.747  7148  7148 D ViewRootImpl@cc06b20[MainActivity]: ViewPostIme pointer 1
06-28 22:56:25.757  7148  7148 V ConnectionFragment: Discovery switch checked
06-28 22:56:26.723  7148  7148 D NearbyFragment: Started discovering
06-28 22:56:29.422  7148  7148 D NearbyFragment: Found endpoint gTTg: Nexus 5X [34d8]
06-28 22:56:29.475  7148  7148 W example.edgesu: Accessing hidden method Landroid/graphics/FontFamily;-><init>()V (light greylist, reflection)
06-28 22:56:29.476  7148  7148 W example.edgesu: Accessing hidden method Landroid/graphics/FontFamily;->addFontFromAssetManager(Landroid/content/res/AssetManager;Ljava/lang/String;IZIII[Landroid/graphics/fonts/FontVariationAxis;)Z (light greylist, reflection)
06-28 22:56:29.476  7148  7148 W example.edgesu: Accessing hidden method Landroid/graphics/FontFamily;->addFontFromBuffer(Ljava/nio/ByteBuffer;I[Landroid/graphics/fonts/FontVariationAxis;II)Z (light greylist, reflection)
06-28 22:56:29.476  7148  7148 W example.edgesu: Accessing hidden method Landroid/graphics/FontFamily;->freeze()Z (light greylist, reflection)
06-28 22:56:29.476  7148  7148 W example.edgesu: Accessing hidden method Landroid/graphics/FontFamily;->abortCreation()V (light greylist, reflection)
06-28 22:56:29.477  7148  7148 W example.edgesu: Accessing hidden method Landroid/graphics/Typeface;->createFromFamiliesWithDefault([Landroid/graphics/FontFamily;Ljava/lang/String;II)Landroid/graphics/Typeface; (light greylist, reflection)
06-28 22:58:14.734  7148  7148 D ViewRootImpl@cc06b20[MainActivity]: ViewPostIme pointer 0
06-28 22:58:14.825  7148  7148 D ViewRootImpl@cc06b20[MainActivity]: ViewPostIme pointer 1
06-28 22:58:14.866  7148  7148 D NearbyFragment: Selected 'Endpoint{id=gTTg, name=Nexus 5X [34d8]}'
06-28 22:58:14.886  7148  7148 D InputTransport: Input channel constructed: fd=76
06-28 22:58:14.888  7148  7148 D ViewRootImpl@b97a256[Toast]: setView = android.widget.LinearLayout{78a82d7 V.E...... ......I. 0,0-0,0} TM=true MM=false
06-28 22:58:14.889  7148  7148 V Toast   : Text: Donn in android.widget.Toast$TN@32167c4
06-28 22:58:14.898  7148  7148 D ViewRootImpl@b97a256[Toast]: dispatchAttachedToWindow
06-28 22:58:14.923  7148  7148 D ViewRootImpl@b97a256[Toast]: Relayout returned: old=[0,48][720,1384] new=[118,1168][602,1256] result=0x7 surface={valid=true 513498759168} changed=true
06-28 22:58:14.927  7148  7172 D mali_winsys: EGLint new_window_surface(egl_winsys_display *, void *, EGLSurface, EGLConfig, egl_winsys_surface **, EGLBoolean) returns 0x3000
06-28 22:58:14.927  7148  7172 D OpenGLRenderer: eglCreateWindowSurface = 0x778ee4be80, 0x778ee94010
06-28 22:58:14.933  7148  7148 D ViewRootImpl@b97a256[Toast]: MSG_RESIZED: frame=Rect(118, 1168 - 602, 1256) ci=Rect(0, 0 - 0, 0) vi=Rect(0, 0 - 0, 0) or=1
06-28 22:58:18.380  7148  7172 W libEGL  : EGLNativeWindowType 0x778ee94010 disconnect failed
06-28 22:58:18.380  7148  7172 D OpenGLRenderer: eglDestroySurface = 0x778ee4be80, 0x778ee94000
06-28 22:58:18.381  7148  7148 D ViewRootImpl@b97a256[Toast]: dispatchDetachedFromWindow
06-28 22:58:18.383  7148  7148 D ViewRootImpl@b97a256[Toast]: Surface release. android.view.ViewRootImpl.doDie:7979 android.view.ViewRootImpl.die:7947 android.view.WindowManagerGlobal.removeViewLocked:497 android.view.WindowManagerGlobal.removeView:435 android.view.WindowManagerImpl.removeViewImmediate:124 android.widget.Toast$TN.handleHide:1110 android.widget.Toast$TN$1.handleMessage:898 android.os.Handler.dispatchMessage:106 
06-28 22:58:18.415  7148  7148 D InputTransport: Input channel destroyed: fd=76
06-28 22:58:19.977  7148  7148 D NearbyFragment: Initiated connection with Endpoint{id=gTTg, name=Nexus 5X [34d8]}: Nexus 5X [34d8]
06-28 22:58:19.994  7148  7148 D Dialog  : mIsSamsungBasicInteraction = false
06-28 22:58:19.995  7148  7148 D Dialog  : mIsSamsungBasicInteraction = false, isMetaDataInActivity = false
06-28 22:58:20.035  7148  7148 I DecorView: createDecorCaptionView >> DecorView@e03eb5c[], isFloating: true, isApplication: true, hasWindowDecorCaption: false, hasWindowControllerCallback: false
06-28 22:58:20.102  7148  7148 D ScrollView: initGoToTop
06-28 22:58:20.157  7148  7148 D InputTransport: Input channel constructed: fd=76
06-28 22:58:20.160  7148  7148 D ViewRootImpl@e44ac78[MainActivity]: setView = DecorView@e03eb5c[MainActivity] TM=true MM=false
06-28 22:58:20.162  7148  7148 D NearbyFragment: Requested connection with Endpoint{id=gTTg, name=Nexus 5X [34d8]}
06-28 22:58:20.173  7148  7148 D ViewRootImpl@e44ac78[MainActivity]: dispatchAttachedToWindow
06-28 22:58:20.239  7148  7148 D ViewRootImpl@e44ac78[MainActivity]: Relayout returned: old=[0,48][720,1384] new=[18,508][702,923] result=0x7 surface={valid=true 513498759168} changed=true
06-28 22:58:20.246  7148  7172 D mali_winsys: EGLint new_window_surface(egl_winsys_display *, void *, EGLSurface, EGLConfig, egl_winsys_surface **, EGLBoolean) returns 0x3000
06-28 22:58:20.246  7148  7172 D OpenGLRenderer: eglCreateWindowSurface = 0x778ee4b500, 0x778ee94010
06-28 22:58:20.275  7148  7148 D ScrollView:  onsize change changed 
06-28 22:58:20.277  7148  7148 D ViewRootImpl@e44ac78[MainActivity]: MSG_WINDOW_FOCUS_CHANGED 1 1
06-28 22:58:20.314  7148  7148 D ViewRootImpl@e44ac78[MainActivity]: MSG_RESIZED: frame=Rect(18, 508 - 702, 923) ci=Rect(0, 0 - 0, 0) vi=Rect(0, 0 - 0, 0) or=1
06-28 22:58:20.335  7148  7148 D ViewRootImpl@cc06b20[MainActivity]: MSG_WINDOW_FOCUS_CHANGED 0 1
06-28 22:58:20.335  7148  7148 D InputMethodManager: prepareNavigationBarInfo() DecorView@c99a7cc[MainActivity]
06-28 22:58:20.335  7148  7148 D InputMethodManager: getNavigationBarColor() -855310
06-28 22:58:21.990  7148  7148 D ViewRootImpl@e44ac78[MainActivity]: ViewPostIme pointer 0
06-28 22:58:22.062  7148  7148 D ViewRootImpl@e44ac78[MainActivity]: ViewPostIme pointer 1
06-28 22:58:22.096  7148  7172 W libEGL  : EGLNativeWindowType 0x778ee94010 disconnect failed
06-28 22:58:22.096  7148  7172 D OpenGLRenderer: eglDestroySurface = 0x778ee4b500, 0x778ee94000
06-28 22:58:22.096  7148  7172 D OpenGLRenderer: endAllActiveAnimators on 0x778ef0f500 (RippleDrawable) with handle 0x778a543760
06-28 22:58:22.096  7148  7148 D ViewRootImpl@e44ac78[MainActivity]: dispatchDetachedFromWindow
06-28 22:58:22.097  7148  7148 D ViewRootImpl@e44ac78[MainActivity]: Surface release. android.view.ViewRootImpl.doDie:7979 android.view.ViewRootImpl.die:7947 android.view.WindowManagerGlobal.removeViewLocked:497 android.view.WindowManagerGlobal.removeView:435 android.view.WindowManagerImpl.removeViewImmediate:124 android.app.Dialog.dismissDialog:518 android.app.Dialog.dismiss:501 androidx.appcompat.app.AlertController$ButtonHandler.handleMessage:171 
06-28 22:58:22.110  7148  7148 D InputTransport: Input channel destroyed: fd=76
06-28 22:58:22.113  7148  7148 I NearbyFragment: Connected to Endpoint{id=gTTg, name=Nexus 5X [34d8]}
06-28 22:58:22.174  7148  7148 D ViewRootImpl@cc06b20[MainActivity]: MSG_WINDOW_FOCUS_CHANGED 1 1
06-28 22:58:22.175  7148  7148 D InputMethodManager: prepareNavigationBarInfo() DecorView@c99a7cc[MainActivity]
06-28 22:58:22.175  7148  7148 D InputMethodManager: getNavigationBarColor() -855310
06-28 22:58:22.185  7148  7148 E ViewRootImpl: sendUserActionEvent() returned.
06-28 22:58:22.689  7148  7148 D ViewRootImpl@cc06b20[MainActivity]: ViewPostIme pointer 0
06-28 22:58:22.781  7148  7148 D ViewRootImpl@cc06b20[MainActivity]: ViewPostIme pointer 1
06-28 22:58:22.787  7148  7148 V ConnectionFragment: Discovery switch unchecked
06-28 22:58:22.787  7148  7148 D NearbyFragment: Stopped discovering
06-28 22:58:27.639  7148  7148 I TransferNetworkLossHand: Network connectivity changed detected.
06-28 22:58:27.706  7148  7148 I TransferNetworkLossHand: Network connected: true
06-28 22:58:27.712  7148  7798 D TransferNetworkLossHand: Loading transfers from database...
06-28 22:58:27.721  7148  7798 D TransferNetworkLossHand: Closing the cursor for resumeAllTransfers
06-28 22:58:27.722  7148  7798 D TransferNetworkLossHand: 0 transfers are loaded from database.
06-28 23:00:20.366  7148  7148 D NearbyFragment: onPayloadReceived(endpointId=gTTg, payload=com.google.android.gms.nearby.connection.Payload@16aeca2)
06-28 23:00:20.373  7148  7148 V NearbyFragment: Started downloading SUMMARISE:-7756239688457057106:20200312_150643.mp4:45.0_1.0_23_medium from Endpoint{id=gTTg, name=Nexus 5X [34d8]}
06-28 23:00:20.380  7148  7148 V NearbyFragment: Transfer to gTTg: 100%
06-28 23:00:20.382  7148  7148 V NearbyFragment: Transfer to gTTg: 100%
06-28 23:00:20.385  7148  7148 D NearbyFragment: onPayloadReceived(endpointId=gTTg, payload=com.google.android.gms.nearby.connection.Payload@87e6e69)
06-28 23:00:20.387  7148  7148 V NearbyFragment: Transfer to gTTg: 0%
06-28 23:00:20.389  7148  7148 V NearbyFragment: Transfer to gTTg: 0%
06-28 23:00:20.397  7148  7148 V NearbyFragment: Transfer to gTTg: 0%
06-28 23:00:20.407  7148  7148 V NearbyFragment: Transfer to gTTg: 0%
06-28 23:00:20.419  7148  7148 V NearbyFragment: Transfer to gTTg: 0%
06-28 23:00:20.424  7148  7148 V NearbyFragment: Transfer to gTTg: 0%
06-28 23:00:20.433  7148  7148 V NearbyFragment: Transfer to gTTg: 0%
06-28 23:00:20.439  7148  7148 V NearbyFragment: Transfer to gTTg: 0%
06-28 23:00:20.447  7148  7148 V NearbyFragment: Transfer to gTTg: 0%
06-28 23:00:20.454  7148  7148 V NearbyFragment: Transfer to gTTg: 0%
06-28 23:00:20.457  7148  7148 V NearbyFragment: Transfer to gTTg: 1%
06-28 23:00:20.472  7148  7148 V NearbyFragment: Transfer to gTTg: 1%
06-28 23:00:20.477  7148  7148 V NearbyFragment: Transfer to gTTg: 1%
06-28 23:00:20.485  7148  7148 V NearbyFragment: Transfer to gTTg: 1%
06-28 23:00:20.489  7148  7148 V NearbyFragment: Transfer to gTTg: 1%
06-28 23:00:20.501  7148  7148 V NearbyFragment: Transfer to gTTg: 1%
06-28 23:00:20.510  7148  7148 V NearbyFragment: Transfer to gTTg: 1%
06-28 23:00:20.514  7148  7148 V NearbyFragment: Transfer to gTTg: 1%
06-28 23:00:20.542  7148  7148 V NearbyFragment: Transfer to gTTg: 1%
06-28 23:00:20.550  7148  7148 V NearbyFragment: Transfer to gTTg: 1%
06-28 23:00:20.555  7148  7148 V NearbyFragment: Transfer to gTTg: 1%
06-28 23:00:20.561  7148  7148 V NearbyFragment: Transfer to gTTg: 2%
06-28 23:00:20.572  7148  7148 V NearbyFragment: Transfer to gTTg: 2%
06-28 23:00:20.578  7148  7148 V NearbyFragment: Transfer to gTTg: 2%
06-28 23:00:20.583  7148  7148 V NearbyFragment: Transfer to gTTg: 2%
06-28 23:00:20.589  7148  7148 V NearbyFragment: Transfer to gTTg: 2%
06-28 23:00:20.593  7148  7148 V NearbyFragment: Transfer to gTTg: 2%
06-28 23:00:20.602  7148  7148 V NearbyFragment: Transfer to gTTg: 2%
06-28 23:00:20.607  7148  7148 V NearbyFragment: Transfer to gTTg: 2%
06-28 23:00:20.616  7148  7148 V NearbyFragment: Transfer to gTTg: 2%
06-28 23:00:20.622  7148  7148 V NearbyFragment: Transfer to gTTg: 2%
06-28 23:00:20.630  7148  7148 V NearbyFragment: Transfer to gTTg: 2%
06-28 23:00:20.635  7148  7148 V NearbyFragment: Transfer to gTTg: 3%
06-28 23:00:20.639  7148  7148 V NearbyFragment: Transfer to gTTg: 3%
06-28 23:00:20.651  7148  7148 V NearbyFragment: Transfer to gTTg: 3%
06-28 23:00:20.661  7148  7148 V NearbyFragment: Transfer to gTTg: 3%
06-28 23:00:20.665  7148  7148 V NearbyFragment: Transfer to gTTg: 3%
06-28 23:00:20.669  7148  7148 V NearbyFragment: Transfer to gTTg: 3%
06-28 23:00:20.672  7148  7148 V NearbyFragment: Transfer to gTTg: 3%
06-28 23:00:20.846  7148  7148 V NearbyFragment: Transfer to gTTg: 3%
06-28 23:00:20.859  7148  7148 V NearbyFragment: Transfer to gTTg: 3%
06-28 23:00:20.865  7148  7148 V NearbyFragment: Transfer to gTTg: 3%
06-28 23:00:20.874  7148  7148 V NearbyFragment: Transfer to gTTg: 4%
06-28 23:00:20.881  7148  7148 V NearbyFragment: Transfer to gTTg: 4%
06-28 23:00:20.887  7148  7148 V NearbyFragment: Transfer to gTTg: 4%
06-28 23:00:20.891  7148  7148 V NearbyFragment: Transfer to gTTg: 4%
06-28 23:00:20.897  7148  7148 V NearbyFragment: Transfer to gTTg: 4%
06-28 23:00:20.903  7148  7148 V NearbyFragment: Transfer to gTTg: 4%
06-28 23:00:20.909  7148  7148 V NearbyFragment: Transfer to gTTg: 4%
06-28 23:00:20.914  7148  7148 V NearbyFragment: Transfer to gTTg: 4%
06-28 23:00:20.919  7148  7148 V NearbyFragment: Transfer to gTTg: 4%
06-28 23:00:20.923  7148  7148 V NearbyFragment: Transfer to gTTg: 4%
06-28 23:00:20.927  7148  7148 V NearbyFragment: Transfer to gTTg: 4%
06-28 23:00:20.932  7148  7148 V NearbyFragment: Transfer to gTTg: 5%
06-28 23:00:20.937  7148  7148 V NearbyFragment: Transfer to gTTg: 5%
06-28 23:00:20.941  7148  7148 V NearbyFragment: Transfer to gTTg: 5%
06-28 23:00:20.945  7148  7148 V NearbyFragment: Transfer to gTTg: 5%
06-28 23:00:20.949  7148  7148 V NearbyFragment: Transfer to gTTg: 5%
06-28 23:00:20.953  7148  7148 V NearbyFragment: Transfer to gTTg: 5%
06-28 23:00:20.956  7148  7148 V NearbyFragment: Transfer to gTTg: 5%
06-28 23:00:20.959  7148  7148 V NearbyFragment: Transfer to gTTg: 5%
06-28 23:00:20.964  7148  7148 V NearbyFragment: Transfer to gTTg: 5%
06-28 23:00:20.966  7148  7148 V NearbyFragment: Transfer to gTTg: 5%
06-28 23:00:20.971  7148  7148 V NearbyFragment: Transfer to gTTg: 5%
06-28 23:00:20.978  7148  7148 V NearbyFragment: Transfer to gTTg: 6%
06-28 23:00:20.981  7148  7148 V NearbyFragment: Transfer to gTTg: 6%
06-28 23:00:20.986  7148  7148 V NearbyFragment: Transfer to gTTg: 6%
06-28 23:00:20.990  7148  7148 V NearbyFragment: Transfer to gTTg: 6%
06-28 23:00:20.994  7148  7148 V NearbyFragment: Transfer to gTTg: 6%
06-28 23:00:21.001  7148  7148 V NearbyFragment: Transfer to gTTg: 6%
06-28 23:00:21.006  7148  7148 V NearbyFragment: Transfer to gTTg: 6%
06-28 23:00:21.010  7148  7148 V NearbyFragment: Transfer to gTTg: 6%
06-28 23:00:21.016  7148  7148 V NearbyFragment: Transfer to gTTg: 6%
06-28 23:00:21.026  7148  7148 V NearbyFragment: Transfer to gTTg: 6%
06-28 23:00:21.031  7148  7148 V NearbyFragment: Transfer to gTTg: 7%
06-28 23:00:21.036  7148  7148 V NearbyFragment: Transfer to gTTg: 7%
06-28 23:00:21.041  7148  7148 V NearbyFragment: Transfer to gTTg: 7%
06-28 23:00:21.046  7148  7148 V NearbyFragment: Transfer to gTTg: 7%
06-28 23:00:21.049  7148  7148 V NearbyFragment: Transfer to gTTg: 7%
06-28 23:00:21.057  7148  7148 V NearbyFragment: Transfer to gTTg: 7%
06-28 23:00:21.061  7148  7148 V NearbyFragment: Transfer to gTTg: 7%
06-28 23:00:21.064  7148  7148 V NearbyFragment: Transfer to gTTg: 7%
06-28 23:00:21.068  7148  7148 V NearbyFragment: Transfer to gTTg: 7%
06-28 23:00:21.124  7148  7148 V NearbyFragment: Transfer to gTTg: 7%
06-28 23:00:21.127  7148  7148 V NearbyFragment: Transfer to gTTg: 7%
06-28 23:00:21.135  7148  7148 V NearbyFragment: Transfer to gTTg: 8%
06-28 23:00:21.138  7148  7148 V NearbyFragment: Transfer to gTTg: 8%
06-28 23:00:21.145  7148  7148 V NearbyFragment: Transfer to gTTg: 8%
06-28 23:00:21.153  7148  7148 V NearbyFragment: Transfer to gTTg: 8%
06-28 23:00:21.157  7148  7148 V NearbyFragment: Transfer to gTTg: 8%
06-28 23:00:21.161  7148  7148 V NearbyFragment: Transfer to gTTg: 8%
06-28 23:00:21.167  7148  7148 V NearbyFragment: Transfer to gTTg: 8%
06-28 23:00:21.172  7148  7148 V NearbyFragment: Transfer to gTTg: 8%
06-28 23:00:21.176  7148  7148 V NearbyFragment: Transfer to gTTg: 8%
06-28 23:00:21.180  7148  7148 V NearbyFragment: Transfer to gTTg: 8%
06-28 23:00:21.184  7148  7148 V NearbyFragment: Transfer to gTTg: 8%
06-28 23:00:21.188  7148  7148 V NearbyFragment: Transfer to gTTg: 9%
06-28 23:00:21.191  7148  7148 V NearbyFragment: Transfer to gTTg: 9%
06-28 23:00:21.196  7148  7148 V NearbyFragment: Transfer to gTTg: 9%
06-28 23:00:21.198  7148  7148 V NearbyFragment: Transfer to gTTg: 9%
06-28 23:00:21.202  7148  7148 V NearbyFragment: Transfer to gTTg: 9%
06-28 23:00:21.206  7148  7148 V NearbyFragment: Transfer to gTTg: 9%
06-28 23:00:21.210  7148  7148 V NearbyFragment: Transfer to gTTg: 9%
06-28 23:00:21.214  7148  7148 V NearbyFragment: Transfer to gTTg: 9%
06-28 23:00:21.216  7148  7148 V NearbyFragment: Transfer to gTTg: 9%
06-28 23:00:21.220  7148  7148 V NearbyFragment: Transfer to gTTg: 9%
06-28 23:00:21.227  7148  7148 V NearbyFragment: Transfer to gTTg: 10%
06-28 23:00:21.230  7148  7148 V NearbyFragment: Transfer to gTTg: 10%
06-28 23:00:21.233  7148  7148 V NearbyFragment: Transfer to gTTg: 10%
06-28 23:00:21.238  7148  7148 V NearbyFragment: Transfer to gTTg: 10%
06-28 23:00:21.241  7148  7148 V NearbyFragment: Transfer to gTTg: 10%
06-28 23:00:21.252  7148  7148 V NearbyFragment: Transfer to gTTg: 10%
06-28 23:00:21.262  7148  7148 V NearbyFragment: Transfer to gTTg: 10%
06-28 23:00:21.269  7148  7148 V NearbyFragment: Transfer to gTTg: 10%
06-28 23:00:21.275  7148  7148 V NearbyFragment: Transfer to gTTg: 10%
06-28 23:00:21.278  7148  7148 V NearbyFragment: Transfer to gTTg: 10%
06-28 23:00:21.286  7148  7148 V NearbyFragment: Transfer to gTTg: 10%
06-28 23:00:21.292  7148  7148 V NearbyFragment: Transfer to gTTg: 11%
06-28 23:00:21.295  7148  7148 V NearbyFragment: Transfer to gTTg: 11%
06-28 23:00:21.305  7148  7148 V NearbyFragment: Transfer to gTTg: 11%
06-28 23:00:21.312  7148  7148 V NearbyFragment: Transfer to gTTg: 11%
06-28 23:00:21.320  7148  7148 V NearbyFragment: Transfer to gTTg: 11%
06-28 23:00:21.323  7148  7148 V NearbyFragment: Transfer to gTTg: 11%
06-28 23:00:21.326  7148  7148 V NearbyFragment: Transfer to gTTg: 11%
06-28 23:00:21.334  7148  7148 V NearbyFragment: Transfer to gTTg: 11%
06-28 23:00:21.340  7148  7148 V NearbyFragment: Transfer to gTTg: 11%
06-28 23:00:21.345  7148  7148 V NearbyFragment: Transfer to gTTg: 11%
06-28 23:00:21.353  7148  7148 V NearbyFragment: Transfer to gTTg: 11%
06-28 23:00:21.371  7148  7148 V NearbyFragment: Transfer to gTTg: 12%
06-28 23:00:21.378  7148  7148 V NearbyFragment: Transfer to gTTg: 12%
06-28 23:00:21.385  7148  7148 V NearbyFragment: Transfer to gTTg: 12%
06-28 23:00:21.389  7148  7148 V NearbyFragment: Transfer to gTTg: 12%
06-28 23:00:21.396  7148  7148 V NearbyFragment: Transfer to gTTg: 12%
06-28 23:00:21.400  7148  7148 V NearbyFragment: Transfer to gTTg: 12%
06-28 23:00:21.404  7148  7148 V NearbyFragment: Transfer to gTTg: 12%
06-28 23:00:21.406  7148  7148 V NearbyFragment: Transfer to gTTg: 12%
06-28 23:00:21.410  7148  7148 V NearbyFragment: Transfer to gTTg: 12%
06-28 23:00:21.415  7148  7148 V NearbyFragment: Transfer to gTTg: 12%
06-28 23:00:21.418  7148  7148 V NearbyFragment: Transfer to gTTg: 13%
06-28 23:00:21.422  7148  7148 V NearbyFragment: Transfer to gTTg: 13%
06-28 23:00:21.426  7148  7148 V NearbyFragment: Transfer to gTTg: 13%
06-28 23:00:21.430  7148  7148 V NearbyFragment: Transfer to gTTg: 13%
06-28 23:00:21.433  7148  7148 V NearbyFragment: Transfer to gTTg: 13%
06-28 23:00:21.436  7148  7148 V NearbyFragment: Transfer to gTTg: 13%
06-28 23:00:21.440  7148  7148 V NearbyFragment: Transfer to gTTg: 13%
06-28 23:00:21.443  7148  7148 V NearbyFragment: Transfer to gTTg: 13%
06-28 23:00:21.446  7148  7148 V NearbyFragment: Transfer to gTTg: 13%
06-28 23:00:21.449  7148  7148 V NearbyFragment: Transfer to gTTg: 13%
06-28 23:00:21.451  7148  7148 V NearbyFragment: Transfer to gTTg: 13%
06-28 23:00:21.455  7148  7148 V NearbyFragment: Transfer to gTTg: 14%
06-28 23:00:21.457  7148  7148 V NearbyFragment: Transfer to gTTg: 14%
06-28 23:00:21.461  7148  7148 V NearbyFragment: Transfer to gTTg: 14%
06-28 23:00:21.464  7148  7148 V NearbyFragment: Transfer to gTTg: 14%
06-28 23:00:21.467  7148  7148 V NearbyFragment: Transfer to gTTg: 14%
06-28 23:00:21.471  7148  7148 V NearbyFragment: Transfer to gTTg: 14%
06-28 23:00:21.474  7148  7148 V NearbyFragment: Transfer to gTTg: 14%
06-28 23:00:21.476  7148  7148 V NearbyFragment: Transfer to gTTg: 14%
06-28 23:00:21.479  7148  7148 V NearbyFragment: Transfer to gTTg: 14%
06-28 23:00:21.482  7148  7148 V NearbyFragment: Transfer to gTTg: 14%
06-28 23:00:21.697  7148  7148 V NearbyFragment: Transfer to gTTg: 14%
06-28 23:00:21.704  7148  7148 V NearbyFragment: Transfer to gTTg: 15%
06-28 23:00:21.710  7148  7148 V NearbyFragment: Transfer to gTTg: 15%
06-28 23:00:21.718  7148  7148 V NearbyFragment: Transfer to gTTg: 15%
06-28 23:00:21.725  7148  7148 V NearbyFragment: Transfer to gTTg: 15%
06-28 23:00:21.731  7148  7148 V NearbyFragment: Transfer to gTTg: 15%
06-28 23:00:21.737  7148  7148 V NearbyFragment: Transfer to gTTg: 15%
06-28 23:00:21.743  7148  7148 V NearbyFragment: Transfer to gTTg: 15%
06-28 23:00:21.746  7148  7148 V NearbyFragment: Transfer to gTTg: 15%
06-28 23:00:21.752  7148  7148 V NearbyFragment: Transfer to gTTg: 15%
06-28 23:00:21.757  7148  7148 V NearbyFragment: Transfer to gTTg: 15%
06-28 23:00:21.761  7148  7148 V NearbyFragment: Transfer to gTTg: 16%
06-28 23:00:21.767  7148  7148 V NearbyFragment: Transfer to gTTg: 16%
06-28 23:00:21.771  7148  7148 V NearbyFragment: Transfer to gTTg: 16%
06-28 23:00:21.777  7148  7148 V NearbyFragment: Transfer to gTTg: 16%
06-28 23:00:21.781  7148  7148 V NearbyFragment: Transfer to gTTg: 16%
06-28 23:00:21.785  7148  7148 V NearbyFragment: Transfer to gTTg: 16%
06-28 23:00:21.788  7148  7148 V NearbyFragment: Transfer to gTTg: 16%
06-28 23:00:21.795  7148  7148 V NearbyFragment: Transfer to gTTg: 16%
06-28 23:00:21.798  7148  7148 V NearbyFragment: Transfer to gTTg: 16%
06-28 23:00:21.826  7148  7148 V NearbyFragment: Transfer to gTTg: 16%
06-28 23:00:21.830  7148  7148 V NearbyFragment: Transfer to gTTg: 16%
06-28 23:00:21.834  7148  7148 V NearbyFragment: Transfer to gTTg: 17%
06-28 23:00:21.845  7148  7148 V NearbyFragment: Transfer to gTTg: 17%
06-28 23:00:21.849  7148  7148 V NearbyFragment: Transfer to gTTg: 17%
06-28 23:00:21.859  7148  7148 V NearbyFragment: Transfer to gTTg: 17%
06-28 23:00:21.868  7148  7148 V NearbyFragment: Transfer to gTTg: 17%
06-28 23:00:21.872  7148  7148 V NearbyFragment: Transfer to gTTg: 17%
06-28 23:00:21.879  7148  7148 V NearbyFragment: Transfer to gTTg: 17%
06-28 23:00:21.894  7148  7148 V NearbyFragment: Transfer to gTTg: 17%
06-28 23:00:21.898  7148  7148 V NearbyFragment: Transfer to gTTg: 17%
06-28 23:00:21.902  7148  7148 V NearbyFragment: Transfer to gTTg: 17%
06-28 23:00:21.905  7148  7148 V NearbyFragment: Transfer to gTTg: 17%
06-28 23:00:21.910  7148  7148 V NearbyFragment: Transfer to gTTg: 18%
06-28 23:00:21.913  7148  7148 V NearbyFragment: Transfer to gTTg: 18%
06-28 23:00:21.925  7148  7148 V NearbyFragment: Transfer to gTTg: 18%
06-28 23:00:21.931  7148  7148 V NearbyFragment: Transfer to gTTg: 18%
06-28 23:00:21.940  7148  7148 V NearbyFragment: Transfer to gTTg: 18%
06-28 23:00:21.952  7148  7148 V NearbyFragment: Transfer to gTTg: 18%
06-28 23:00:21.956  7148  7148 V NearbyFragment: Transfer to gTTg: 18%
06-28 23:00:21.961  7148  7148 V NearbyFragment: Transfer to gTTg: 18%
06-28 23:00:21.970  7148  7148 V NearbyFragment: Transfer to gTTg: 18%
06-28 23:00:21.976  7148  7148 V NearbyFragment: Transfer to gTTg: 18%
06-28 23:00:21.981  7148  7148 V NearbyFragment: Transfer to gTTg: 19%
06-28 23:00:21.985  7148  7148 V NearbyFragment: Transfer to gTTg: 19%
06-28 23:00:21.989  7148  7148 V NearbyFragment: Transfer to gTTg: 19%
06-28 23:00:22.006  7148  7148 V NearbyFragment: Transfer to gTTg: 19%
06-28 23:00:22.012  7148  7148 V NearbyFragment: Transfer to gTTg: 19%
06-28 23:00:22.028  7148  7148 V NearbyFragment: Transfer to gTTg: 19%
06-28 23:00:22.034  7148  7148 V NearbyFragment: Transfer to gTTg: 19%
06-28 23:00:22.038  7148  7148 V NearbyFragment: Transfer to gTTg: 19%
06-28 23:00:22.050  7148  7148 V NearbyFragment: Transfer to gTTg: 19%
06-28 23:00:22.055  7148  7148 V NearbyFragment: Transfer to gTTg: 19%
06-28 23:00:22.058  7148  7148 V NearbyFragment: Transfer to gTTg: 19%
06-28 23:00:22.067  7148  7148 V NearbyFragment: Transfer to gTTg: 20%
06-28 23:00:22.075  7148  7148 V NearbyFragment: Transfer to gTTg: 20%
06-28 23:00:22.077  7148  7148 V NearbyFragment: Transfer to gTTg: 20%
06-28 23:00:22.085  7148  7148 V NearbyFragment: Transfer to gTTg: 20%
06-28 23:00:22.093  7148  7148 V NearbyFragment: Transfer to gTTg: 20%
06-28 23:00:22.098  7148  7148 V NearbyFragment: Transfer to gTTg: 20%
06-28 23:00:22.102  7148  7148 V NearbyFragment: Transfer to gTTg: 20%
06-28 23:00:22.109  7148  7148 V NearbyFragment: Transfer to gTTg: 20%
06-28 23:00:22.119  7148  7148 V NearbyFragment: Transfer to gTTg: 20%
06-28 23:00:22.124  7148  7148 V NearbyFragment: Transfer to gTTg: 20%
06-28 23:00:22.130  7148  7148 V NearbyFragment: Transfer to gTTg: 20%
06-28 23:00:22.133  7148  7148 V NearbyFragment: Transfer to gTTg: 21%
06-28 23:00:22.148  7148  7148 V NearbyFragment: Transfer to gTTg: 21%
06-28 23:00:22.152  7148  7148 V NearbyFragment: Transfer to gTTg: 21%
06-28 23:00:22.157  7148  7148 V NearbyFragment: Transfer to gTTg: 21%
06-28 23:00:22.162  7148  7148 V NearbyFragment: Transfer to gTTg: 21%
06-28 23:00:22.172  7148  7148 V NearbyFragment: Transfer to gTTg: 21%
06-28 23:00:22.187  7148  7148 V NearbyFragment: Transfer to gTTg: 21%
06-28 23:00:22.195  7148  7148 V NearbyFragment: Transfer to gTTg: 21%
06-28 23:00:22.202  7148  7148 V NearbyFragment: Transfer to gTTg: 21%
06-28 23:00:22.207  7148  7148 V NearbyFragment: Transfer to gTTg: 21%
06-28 23:00:22.215  7148  7148 V NearbyFragment: Transfer to gTTg: 22%
06-28 23:00:22.234  7148  7148 V NearbyFragment: Transfer to gTTg: 22%
06-28 23:00:22.238  7148  7148 V NearbyFragment: Transfer to gTTg: 22%
06-28 23:00:22.242  7148  7148 V NearbyFragment: Transfer to gTTg: 22%
06-28 23:00:22.249  7148  7148 V NearbyFragment: Transfer to gTTg: 22%
06-28 23:00:22.253  7148  7148 V NearbyFragment: Transfer to gTTg: 22%
06-28 23:00:22.257  7148  7148 V NearbyFragment: Transfer to gTTg: 22%
06-28 23:00:22.267  7148  7148 V NearbyFragment: Transfer to gTTg: 22%
06-28 23:00:22.271  7148  7148 V NearbyFragment: Transfer to gTTg: 22%
06-28 23:00:22.273  7148  7148 V NearbyFragment: Transfer to gTTg: 22%
06-28 23:00:22.455  7148  7148 V NearbyFragment: Transfer to gTTg: 22%
06-28 23:00:22.468  7148  7148 V NearbyFragment: Transfer to gTTg: 23%
06-28 23:00:22.473  7148  7148 V NearbyFragment: Transfer to gTTg: 23%
06-28 23:00:22.481  7148  7148 V NearbyFragment: Transfer to gTTg: 23%
06-28 23:00:22.492  7148  7148 V NearbyFragment: Transfer to gTTg: 23%
06-28 23:00:22.496  7148  7148 V NearbyFragment: Transfer to gTTg: 23%
06-28 23:00:22.502  7148  7148 V NearbyFragment: Transfer to gTTg: 23%
06-28 23:00:22.507  7148  7148 V NearbyFragment: Transfer to gTTg: 23%
06-28 23:00:22.509  7148  7148 V NearbyFragment: Transfer to gTTg: 23%
06-28 23:00:22.513  7148  7148 V NearbyFragment: Transfer to gTTg: 23%
06-28 23:00:22.517  7148  7148 V NearbyFragment: Transfer to gTTg: 23%
06-28 23:00:22.523  7148  7148 V NearbyFragment: Transfer to gTTg: 23%
06-28 23:00:22.531  7148  7148 V NearbyFragment: Transfer to gTTg: 24%
06-28 23:00:22.539  7148  7148 V NearbyFragment: Transfer to gTTg: 24%
06-28 23:00:22.546  7148  7148 V NearbyFragment: Transfer to gTTg: 24%
06-28 23:00:22.554  7148  7148 V NearbyFragment: Transfer to gTTg: 24%
06-28 23:00:22.559  7148  7148 V NearbyFragment: Transfer to gTTg: 24%
06-28 23:00:22.564  7148  7148 V NearbyFragment: Transfer to gTTg: 24%
06-28 23:00:22.582  7148  7148 V NearbyFragment: Transfer to gTTg: 24%
06-28 23:00:22.588  7148  7148 V NearbyFragment: Transfer to gTTg: 24%
06-28 23:00:22.595  7148  7148 V NearbyFragment: Transfer to gTTg: 24%
06-28 23:00:22.603  7148  7148 V NearbyFragment: Transfer to gTTg: 24%
06-28 23:00:22.609  7148  7148 V NearbyFragment: Transfer to gTTg: 25%
06-28 23:00:22.618  7148  7148 V NearbyFragment: Transfer to gTTg: 25%
06-28 23:00:22.623  7148  7148 V NearbyFragment: Transfer to gTTg: 25%
06-28 23:00:22.635  7148  7148 V NearbyFragment: Transfer to gTTg: 25%
06-28 23:00:22.642  7148  7148 V NearbyFragment: Transfer to gTTg: 25%
06-28 23:00:22.650  7148  7148 V NearbyFragment: Transfer to gTTg: 25%
06-28 23:00:22.655  7148  7148 V NearbyFragment: Transfer to gTTg: 25%
06-28 23:00:22.659  7148  7148 V NearbyFragment: Transfer to gTTg: 25%
06-28 23:00:22.665  7148  7148 V NearbyFragment: Transfer to gTTg: 25%
06-28 23:00:22.669  7148  7148 V NearbyFragment: Transfer to gTTg: 25%
06-28 23:00:22.691  7148  7148 V NearbyFragment: Transfer to gTTg: 25%
06-28 23:00:22.695  7148  7148 V NearbyFragment: Transfer to gTTg: 26%
06-28 23:00:22.699  7148  7148 V NearbyFragment: Transfer to gTTg: 26%
06-28 23:00:22.709  7148  7148 V NearbyFragment: Transfer to gTTg: 26%
06-28 23:00:22.713  7148  7148 V NearbyFragment: Transfer to gTTg: 26%
06-28 23:00:22.741  7148  7148 V NearbyFragment: Transfer to gTTg: 26%
06-28 23:00:22.747  7148  7148 V NearbyFragment: Transfer to gTTg: 26%
06-28 23:00:22.751  7148  7148 V NearbyFragment: Transfer to gTTg: 26%
06-28 23:00:22.758  7148  7148 V NearbyFragment: Transfer to gTTg: 26%
06-28 23:00:22.762  7148  7148 V NearbyFragment: Transfer to gTTg: 26%
06-28 23:00:22.766  7148  7148 V NearbyFragment: Transfer to gTTg: 26%
06-28 23:00:22.770  7148  7148 V NearbyFragment: Transfer to gTTg: 26%
06-28 23:00:22.774  7148  7148 V NearbyFragment: Transfer to gTTg: 27%
06-28 23:00:22.775  7148  7148 V NearbyFragment: Transfer to gTTg: 27%
06-28 23:00:22.778  7148  7148 V NearbyFragment: Transfer to gTTg: 27%
06-28 23:00:22.785  7148  7148 V NearbyFragment: Transfer to gTTg: 27%
06-28 23:00:22.797  7148  7148 V NearbyFragment: Transfer to gTTg: 27%
06-28 23:00:22.803  7148  7148 V NearbyFragment: Transfer to gTTg: 27%
06-28 23:00:22.809  7148  7148 V NearbyFragment: Transfer to gTTg: 27%
06-28 23:00:22.815  7148  7148 V NearbyFragment: Transfer to gTTg: 27%
06-28 23:00:22.819  7148  7148 V NearbyFragment: Transfer to gTTg: 27%
06-28 23:00:22.828  7148  7148 V NearbyFragment: Transfer to gTTg: 27%
06-28 23:00:22.837  7148  7148 V NearbyFragment: Transfer to gTTg: 27%
06-28 23:00:22.844  7148  7148 V NearbyFragment: Transfer to gTTg: 28%
06-28 23:00:22.849  7148  7148 V NearbyFragment: Transfer to gTTg: 28%
06-28 23:00:22.852  7148  7148 V NearbyFragment: Transfer to gTTg: 28%
06-28 23:00:22.857  7148  7148 V NearbyFragment: Transfer to gTTg: 28%
06-28 23:00:22.858  7148  7148 V NearbyFragment: Transfer to gTTg: 28%
06-28 23:00:22.860  7148  7148 V NearbyFragment: Transfer to gTTg: 28%
06-28 23:00:22.890  7148  7148 V NearbyFragment: Transfer to gTTg: 28%
06-28 23:00:22.897  7148  7148 V NearbyFragment: Transfer to gTTg: 28%
06-28 23:00:22.902  7148  7148 V NearbyFragment: Transfer to gTTg: 28%
06-28 23:00:22.911  7148  7148 V NearbyFragment: Transfer to gTTg: 28%
06-28 23:00:22.917  7148  7148 V NearbyFragment: Transfer to gTTg: 29%
06-28 23:00:22.920  7148  7148 V NearbyFragment: Transfer to gTTg: 29%
06-28 23:00:22.927  7148  7148 V NearbyFragment: Transfer to gTTg: 29%
06-28 23:00:22.933  7148  7148 V NearbyFragment: Transfer to gTTg: 29%
06-28 23:00:22.934  7148  7148 V NearbyFragment: Transfer to gTTg: 29%
06-28 23:00:22.937  7148  7148 V NearbyFragment: Transfer to gTTg: 29%
06-28 23:00:22.974  7148  7148 V NearbyFragment: Transfer to gTTg: 29%
06-28 23:00:22.983  7148  7148 V NearbyFragment: Transfer to gTTg: 29%
06-28 23:00:22.988  7148  7148 V NearbyFragment: Transfer to gTTg: 29%
06-28 23:00:22.996  7148  7148 V NearbyFragment: Transfer to gTTg: 29%
06-28 23:00:23.000  7148  7148 V NearbyFragment: Transfer to gTTg: 29%
06-28 23:00:23.008  7148  7148 V NearbyFragment: Transfer to gTTg: 30%
06-28 23:00:23.013  7148  7148 V NearbyFragment: Transfer to gTTg: 30%
06-28 23:00:23.016  7148  7148 V NearbyFragment: Transfer to gTTg: 30%
06-28 23:00:23.070  7148  7148 V NearbyFragment: Transfer to gTTg: 30%
06-28 23:00:23.176  7148  7148 V NearbyFragment: Transfer to gTTg: 30%
06-28 23:00:23.184  7148  7148 V NearbyFragment: Transfer to gTTg: 30%
06-28 23:00:23.277  7148  7148 V NearbyFragment: Transfer to gTTg: 30%
06-28 23:00:23.287  7148  7148 V NearbyFragment: Transfer to gTTg: 30%
06-28 23:00:23.293  7148  7148 V NearbyFragment: Transfer to gTTg: 30%
06-28 23:00:23.300  7148  7148 V NearbyFragment: Transfer to gTTg: 30%
06-28 23:00:23.306  7148  7148 V NearbyFragment: Transfer to gTTg: 30%
06-28 23:00:23.340  7148  7148 V NearbyFragment: Transfer to gTTg: 31%
06-28 23:00:23.348  7148  7148 V NearbyFragment: Transfer to gTTg: 31%
06-28 23:00:23.355  7148  7148 V NearbyFragment: Transfer to gTTg: 31%
06-28 23:00:23.359  7148  7148 V NearbyFragment: Transfer to gTTg: 31%
06-28 23:00:23.368  7148  7148 V NearbyFragment: Transfer to gTTg: 31%
06-28 23:00:23.375  7148  7148 V NearbyFragment: Transfer to gTTg: 31%
06-28 23:00:23.385  7148  7148 V NearbyFragment: Transfer to gTTg: 31%
06-28 23:00:23.392  7148  7148 V NearbyFragment: Transfer to gTTg: 31%
06-28 23:00:23.395  7148  7148 V NearbyFragment: Transfer to gTTg: 31%
06-28 23:00:23.402  7148  7148 V NearbyFragment: Transfer to gTTg: 31%
06-28 23:00:23.411  7148  7148 V NearbyFragment: Transfer to gTTg: 32%
06-28 23:00:23.417  7148  7148 V NearbyFragment: Transfer to gTTg: 32%
06-28 23:00:23.425  7148  7148 V NearbyFragment: Transfer to gTTg: 32%
06-28 23:00:23.437  7148  7148 V NearbyFragment: Transfer to gTTg: 32%
06-28 23:00:23.441  7148  7148 V NearbyFragment: Transfer to gTTg: 32%
06-28 23:00:23.448  7148  7148 V NearbyFragment: Transfer to gTTg: 32%
06-28 23:00:23.455  7148  7148 V NearbyFragment: Transfer to gTTg: 32%
06-28 23:00:23.459  7148  7148 V NearbyFragment: Transfer to gTTg: 32%
06-28 23:00:23.464  7148  7148 V NearbyFragment: Transfer to gTTg: 32%
06-28 23:00:23.471  7148  7148 V NearbyFragment: Transfer to gTTg: 32%
06-28 23:00:23.477  7148  7148 V NearbyFragment: Transfer to gTTg: 32%
06-28 23:00:23.483  7148  7148 V NearbyFragment: Transfer to gTTg: 33%
06-28 23:00:23.489  7148  7148 V NearbyFragment: Transfer to gTTg: 33%
06-28 23:00:23.491  7148  7148 V NearbyFragment: Transfer to gTTg: 33%
06-28 23:00:23.495  7148  7148 V NearbyFragment: Transfer to gTTg: 33%
06-28 23:00:23.499  7148  7148 V NearbyFragment: Transfer to gTTg: 33%
06-28 23:00:23.502  7148  7148 V NearbyFragment: Transfer to gTTg: 33%
06-28 23:00:23.506  7148  7148 V NearbyFragment: Transfer to gTTg: 33%
06-28 23:00:23.509  7148  7148 V NearbyFragment: Transfer to gTTg: 33%
06-28 23:00:23.513  7148  7148 V NearbyFragment: Transfer to gTTg: 33%
06-28 23:00:23.517  7148  7148 V NearbyFragment: Transfer to gTTg: 33%
06-28 23:00:23.522  7148  7148 V NearbyFragment: Transfer to gTTg: 33%
06-28 23:00:23.525  7148  7148 V NearbyFragment: Transfer to gTTg: 34%
06-28 23:00:23.528  7148  7148 V NearbyFragment: Transfer to gTTg: 34%
06-28 23:00:23.531  7148  7148 V NearbyFragment: Transfer to gTTg: 34%
06-28 23:00:23.539  7148  7148 V NearbyFragment: Transfer to gTTg: 34%
06-28 23:00:23.546  7148  7148 V NearbyFragment: Transfer to gTTg: 34%
06-28 23:00:23.562  7148  7148 V NearbyFragment: Transfer to gTTg: 34%
06-28 23:00:23.566  7148  7148 V NearbyFragment: Transfer to gTTg: 34%
06-28 23:00:23.569  7148  7148 V NearbyFragment: Transfer to gTTg: 34%
06-28 23:00:23.579  7148  7148 V NearbyFragment: Transfer to gTTg: 34%
06-28 23:00:23.582  7148  7148 V NearbyFragment: Transfer to gTTg: 34%
06-28 23:00:23.596  7148  7148 V NearbyFragment: Transfer to gTTg: 35%
06-28 23:00:23.601  7148  7148 V NearbyFragment: Transfer to gTTg: 35%
06-28 23:00:23.612  7148  7148 V NearbyFragment: Transfer to gTTg: 35%
06-28 23:00:23.614  7148  7148 V NearbyFragment: Transfer to gTTg: 35%
06-28 23:00:23.623  7148  7148 V NearbyFragment: Transfer to gTTg: 35%
06-28 23:00:23.625  7148  7148 V NearbyFragment: Transfer to gTTg: 35%
06-28 23:00:23.665  7148  7148 V NearbyFragment: Transfer to gTTg: 35%
06-28 23:00:23.671  7148  7148 V NearbyFragment: Transfer to gTTg: 35%
06-28 23:00:23.691  7148  7148 V NearbyFragment: Transfer to gTTg: 35%
06-28 23:00:23.703  7148  7148 V NearbyFragment: Transfer to gTTg: 35%
06-28 23:00:23.710  7148  7148 V NearbyFragment: Transfer to gTTg: 35%
06-28 23:00:23.720  7148  7148 V NearbyFragment: Transfer to gTTg: 36%
06-28 23:00:23.723  7148  7148 V NearbyFragment: Transfer to gTTg: 36%
06-28 23:00:23.733  7148  7148 V NearbyFragment: Transfer to gTTg: 36%
06-28 23:00:23.737  7148  7148 V NearbyFragment: Transfer to gTTg: 36%
06-28 23:00:23.740  7148  7148 V NearbyFragment: Transfer to gTTg: 36%
06-28 23:00:23.747  7148  7148 V NearbyFragment: Transfer to gTTg: 36%
06-28 23:00:23.757  7148  7148 V NearbyFragment: Transfer to gTTg: 36%
06-28 23:00:23.764  7148  7148 V NearbyFragment: Transfer to gTTg: 36%
06-28 23:00:23.770  7148  7148 V NearbyFragment: Transfer to gTTg: 36%
06-28 23:00:23.778  7148  7148 V NearbyFragment: Transfer to gTTg: 36%
06-28 23:00:23.781  7148  7148 V NearbyFragment: Transfer to gTTg: 36%
06-28 23:00:23.790  7148  7148 V NearbyFragment: Transfer to gTTg: 37%
06-28 23:00:23.795  7148  7148 V NearbyFragment: Transfer to gTTg: 37%
06-28 23:00:23.804  7148  7148 V NearbyFragment: Transfer to gTTg: 37%
06-28 23:00:23.808  7148  7148 V NearbyFragment: Transfer to gTTg: 37%
06-28 23:00:23.819  7148  7148 V NearbyFragment: Transfer to gTTg: 37%
06-28 23:00:23.822  7148  7148 V NearbyFragment: Transfer to gTTg: 37%
06-28 23:00:23.827  7148  7148 V NearbyFragment: Transfer to gTTg: 37%
06-28 23:00:23.830  7148  7148 V NearbyFragment: Transfer to gTTg: 37%
06-28 23:00:23.840  7148  7148 V NearbyFragment: Transfer to gTTg: 37%
06-28 23:00:23.847  7148  7148 V NearbyFragment: Transfer to gTTg: 37%
06-28 23:00:23.852  7148  7148 V NearbyFragment: Transfer to gTTg: 38%
06-28 23:00:23.856  7148  7148 V NearbyFragment: Transfer to gTTg: 38%
06-28 23:00:23.861  7148  7148 V NearbyFragment: Transfer to gTTg: 38%
06-28 23:00:23.867  7148  7148 V NearbyFragment: Transfer to gTTg: 38%
06-28 23:00:23.870  7148  7148 V NearbyFragment: Transfer to gTTg: 38%
06-28 23:00:23.874  7148  7148 V NearbyFragment: Transfer to gTTg: 38%
06-28 23:00:23.876  7148  7148 V NearbyFragment: Transfer to gTTg: 38%
06-28 23:00:24.053  7148  7148 V NearbyFragment: Transfer to gTTg: 38%
06-28 23:00:24.062  7148  7148 V NearbyFragment: Transfer to gTTg: 38%
06-28 23:00:24.067  7148  7148 V NearbyFragment: Transfer to gTTg: 38%
06-28 23:00:24.086  7148  7148 V NearbyFragment: Transfer to gTTg: 38%
06-28 23:00:24.096  7148  7148 V NearbyFragment: Transfer to gTTg: 39%
06-28 23:00:24.101  7148  7148 V NearbyFragment: Transfer to gTTg: 39%
06-28 23:00:24.109  7148  7148 V NearbyFragment: Transfer to gTTg: 39%
06-28 23:00:24.123  7148  7148 V NearbyFragment: Transfer to gTTg: 39%
06-28 23:00:24.129  7148  7148 V NearbyFragment: Transfer to gTTg: 39%
06-28 23:00:24.143  7148  7148 V NearbyFragment: Transfer to gTTg: 39%
06-28 23:00:24.151  7148  7148 V NearbyFragment: Transfer to gTTg: 39%
06-28 23:00:24.159  7148  7148 V NearbyFragment: Transfer to gTTg: 39%
06-28 23:00:24.173  7148  7148 V NearbyFragment: Transfer to gTTg: 39%
06-28 23:00:24.176  7148  7148 V NearbyFragment: Transfer to gTTg: 39%
06-28 23:00:24.180  7148  7148 V NearbyFragment: Transfer to gTTg: 39%
06-28 23:00:24.185  7148  7148 V NearbyFragment: Transfer to gTTg: 40%
06-28 23:00:24.189  7148  7148 V NearbyFragment: Transfer to gTTg: 40%
06-28 23:00:24.193  7148  7148 V NearbyFragment: Transfer to gTTg: 40%
06-28 23:00:24.199  7148  7148 V NearbyFragment: Transfer to gTTg: 40%
06-28 23:00:24.202  7148  7148 V NearbyFragment: Transfer to gTTg: 40%
06-28 23:00:24.205  7148  7148 V NearbyFragment: Transfer to gTTg: 40%
06-28 23:00:24.213  7148  7148 V NearbyFragment: Transfer to gTTg: 40%
06-28 23:00:24.223  7148  7148 V NearbyFragment: Transfer to gTTg: 40%
06-28 23:00:24.227  7148  7148 V NearbyFragment: Transfer to gTTg: 40%
06-28 23:00:24.241  7148  7148 V NearbyFragment: Transfer to gTTg: 40%
06-28 23:00:24.245  7148  7148 V NearbyFragment: Transfer to gTTg: 41%
06-28 23:00:24.253  7148  7148 V NearbyFragment: Transfer to gTTg: 41%
06-28 23:00:24.261  7148  7148 V NearbyFragment: Transfer to gTTg: 41%
06-28 23:00:24.267  7148  7148 V NearbyFragment: Transfer to gTTg: 41%
06-28 23:00:24.271  7148  7148 V NearbyFragment: Transfer to gTTg: 41%
06-28 23:00:24.286  7148  7148 V NearbyFragment: Transfer to gTTg: 41%
06-28 23:00:24.290  7148  7148 V NearbyFragment: Transfer to gTTg: 41%
06-28 23:00:24.305  7148  7148 V NearbyFragment: Transfer to gTTg: 41%
06-28 23:00:24.309  7148  7148 V NearbyFragment: Transfer to gTTg: 41%
06-28 23:00:24.315  7148  7148 V NearbyFragment: Transfer to gTTg: 41%
