--------- beginning of main
--------- beginning of system
07-06 01:08:52.706 11335 11335 W LogFactory: Truncating log tag length as it exceed 23, the limit imposed by Android on certain API Levels
07-06 01:09:07.749 11335 11335 E TransferService: No notification is passed in the intent. Unable to transition to foreground.
07-06 01:11:16.692 11335 11335 W NearbyFragment: Completed downloading 20200312_150643!003.mp4 from Endpoint{id=vMbk, name=Galaxy S8 [2802]} in 08.995s
07-06 01:11:16.945 11335 11765 W mobile-ffmpeg: [graph 0 input from stream 0:0 @ 0x7559b57040] sws_param option is deprecated and ignored
07-06 01:11:19.069 11335 11764 W Summariser: No activity detected
07-06 01:11:19.121 11335 11764 W Summariser: Summarisation completed
07-06 01:11:19.121 11335 11764 W Summariser:   filename: 20200312_150643!003.mp4
07-06 01:11:19.121 11335 11764 W Summariser:   active sections: 0
07-06 01:11:19.121 11335 11764 W Summariser:   time: 02.295s
07-06 01:11:19.121 11335 11764 W Summariser:   original duration: 12.01
07-06 01:11:19.121 11335 11764 W Summariser:   summarised duration: -1.00
07-06 01:11:19.121 11335 11764 W Summariser:   noise tolerance: 45.00
07-06 01:11:19.121 11335 11764 W Summariser:   quality: 23
07-06 01:11:19.121 11335 11764 W Summariser:   speed: medium
07-06 01:11:19.121 11335 11764 W Summariser:   freeze duration: 1.00
07-06 01:11:44.492 11335 11335 W NearbyFragment: Completed downloading 20200312_150744!003.mp4 from Endpoint{id=vMbk, name=Galaxy S8 [2802]} in 06.822s
07-06 01:11:44.633 11335 11765 W mobile-ffmpeg: [graph 0 input from stream 0:0 @ 0x7559b57040] sws_param option is deprecated and ignored
07-06 01:11:46.757 11335 11801 W Summariser: 1 active sections found
07-06 01:11:46.829 11335 11765 W mobile-ffmpeg: [graph 0 input from stream 0:0 @ 0x7559b56f80] sws_param option is deprecated and ignored
07-06 01:11:57.967 11335 11801 W Summariser: Summarisation completed
07-06 01:11:57.967 11335 11801 W Summariser:   filename: 20200312_150744!003.mp4
07-06 01:11:57.967 11335 11801 W Summariser:   active sections: 1
07-06 01:11:57.967 11335 11801 W Summariser:   time: 13.344s
07-06 01:11:57.967 11335 11801 W Summariser:   original duration: 12.03
07-06 01:11:57.967 11335 11801 W Summariser:   summarised duration: 4.89
07-06 01:11:57.967 11335 11801 W Summariser:   noise tolerance: 45.00
07-06 01:11:57.967 11335 11801 W Summariser:   quality: 23
07-06 01:11:57.967 11335 11801 W Summariser:   speed: medium
07-06 01:11:57.967 11335 11801 W Summariser:   freeze duration: 1.00
07-06 01:11:57.977 11335 11801 W NearbyFragment: Sending 20200312_150744!003.mp4 to Galaxy S8 [2802]
07-06 01:12:08.520 11335 11335 W NearbyFragment: Completed downloading 20200312_150844!002.mp4 from Endpoint{id=vMbk, name=Galaxy S8 [2802]} in 07.325s
07-06 01:12:08.736 11335 11765 W mobile-ffmpeg: [graph 0 input from stream 0:0 @ 0x7559b57040] sws_param option is deprecated and ignored
07-06 01:12:11.851 11335 11854 W Summariser: Whole video is active
07-06 01:12:12.571 11335 11854 W Summariser: Summarisation completed
07-06 01:12:12.571 11335 11854 W Summariser:   filename: 20200312_150844!002.mp4
07-06 01:12:12.571 11335 11854 W Summariser:   active sections: -1
07-06 01:12:12.571 11335 11854 W Summariser:   time: 03.854s
07-06 01:12:12.571 11335 11854 W Summariser:   original duration: 16.01
07-06 01:12:12.571 11335 11854 W Summariser:   summarised duration: 16.01
07-06 01:12:12.571 11335 11854 W Summariser:   noise tolerance: 45.00
07-06 01:12:12.571 11335 11854 W Summariser:   quality: 23
07-06 01:12:12.571 11335 11854 W Summariser:   speed: medium
07-06 01:12:12.571 11335 11854 W Summariser:   freeze duration: 1.00
07-06 01:12:12.583 11335 11854 W NearbyFragment: Sending 20200312_150844!002.mp4 to Galaxy S8 [2802]
07-06 01:12:59.968 11335 11335 W NearbyFragment: Completed downloading 20200312_150944!002.mp4 from Endpoint{id=vMbk, name=Galaxy S8 [2802]} in 04.074s
07-06 01:13:00.136 11335 11765 W mobile-ffmpeg: [graph 0 input from stream 0:0 @ 0x7559b57040] sws_param option is deprecated and ignored
07-06 01:13:03.090 11335 11906 W Summariser: No activity detected
07-06 01:13:03.156 11335 11906 W Summariser: Summarisation completed
07-06 01:13:03.156 11335 11906 W Summariser:   filename: 20200312_150944!002.mp4
07-06 01:13:03.156 11335 11906 W Summariser:   active sections: 0
07-06 01:13:03.156 11335 11906 W Summariser:   time: 03.059s
07-06 01:13:03.156 11335 11906 W Summariser:   original duration: 16.01
07-06 01:13:03.156 11335 11906 W Summariser:   summarised duration: -1.00
07-06 01:13:03.156 11335 11906 W Summariser:   noise tolerance: 45.00
07-06 01:13:03.156 11335 11906 W Summariser:   quality: 23
07-06 01:13:03.156 11335 11906 W Summariser:   speed: medium
07-06 01:13:03.156 11335 11906 W Summariser:   freeze duration: 1.00
07-06 01:13:21.176 11335 11335 W NearbyFragment: Completed downloading 20200312_151044!001.mp4 from Endpoint{id=vMbk, name=Galaxy S8 [2802]} in 06.476s
07-06 01:13:21.310 11335 11765 W mobile-ffmpeg: [graph 0 input from stream 0:0 @ 0x7559b57040] sws_param option is deprecated and ignored
07-06 01:13:24.274 11335 11929 W Summariser: No activity detected
07-06 01:13:24.341 11335 11929 W Summariser: Summarisation completed
07-06 01:13:24.341 11335 11929 W Summariser:   filename: 20200312_151044!001.mp4
07-06 01:13:24.341 11335 11929 W Summariser:   active sections: 0
07-06 01:13:24.341 11335 11929 W Summariser:   time: 03.061s
07-06 01:13:24.341 11335 11929 W Summariser:   original duration: 16.02
07-06 01:13:24.341 11335 11929 W Summariser:   summarised duration: -1.00
07-06 01:13:24.341 11335 11929 W Summariser:   noise tolerance: 45.00
07-06 01:13:24.341 11335 11929 W Summariser:   quality: 23
07-06 01:13:24.341 11335 11929 W Summariser:   speed: medium
07-06 01:13:24.341 11335 11929 W Summariser:   freeze duration: 1.00
07-06 01:13:55.075 11335 11335 W NearbyFragment: Completed downloading 20200312_193528!002.mp4 from Endpoint{id=vMbk, name=Galaxy S8 [2802]} in 08.375s
07-06 01:13:55.284 11335 11765 W mobile-ffmpeg: [graph 0 input from stream 0:0 @ 0x7559b57040] sws_param option is deprecated and ignored
07-06 01:13:58.179 11335 11965 W Summariser: No activity detected
07-06 01:13:58.242 11335 11965 W Summariser: Summarisation completed
07-06 01:13:58.242 11335 11965 W Summariser:   filename: 20200312_193528!002.mp4
07-06 01:13:58.242 11335 11965 W Summariser:   active sections: 0
07-06 01:13:58.242 11335 11965 W Summariser:   time: 03.019s
07-06 01:13:58.242 11335 11965 W Summariser:   original duration: 16.06
07-06 01:13:58.242 11335 11965 W Summariser:   summarised duration: -1.00
07-06 01:13:58.242 11335 11965 W Summariser:   noise tolerance: 45.00
07-06 01:13:58.242 11335 11965 W Summariser:   quality: 23
07-06 01:13:58.242 11335 11965 W Summariser:   speed: medium
07-06 01:13:58.242 11335 11965 W Summariser:   freeze duration: 1.00
07-06 01:14:24.798 11335 11335 W NearbyFragment: Completed downloading 20200312_193628!002.mp4 from Endpoint{id=vMbk, name=Galaxy S8 [2802]} in 04.749s
07-06 01:14:24.994 11335 11765 W mobile-ffmpeg: [graph 0 input from stream 0:0 @ 0x7559b57040] sws_param option is deprecated and ignored
07-06 01:14:27.850 11335 12011 W Summariser: No activity detected
07-06 01:14:27.906 11335 12011 W Summariser: Summarisation completed
07-06 01:14:27.906 11335 12011 W Summariser:   filename: 20200312_193628!002.mp4
07-06 01:14:27.906 11335 12011 W Summariser:   active sections: 0
07-06 01:14:27.906 11335 12011 W Summariser:   time: 02.980s
07-06 01:14:27.906 11335 12011 W Summariser:   original duration: 16.02
07-06 01:14:27.906 11335 12011 W Summariser:   summarised duration: -1.00
07-06 01:14:27.906 11335 12011 W Summariser:   noise tolerance: 45.00
07-06 01:14:27.906 11335 12011 W Summariser:   quality: 23
07-06 01:14:27.906 11335 12011 W Summariser:   speed: medium
07-06 01:14:27.906 11335 12011 W Summariser:   freeze duration: 1.00
07-06 01:14:50.255 11335 11335 W NearbyFragment: Completed downloading 20200312_193728!001.mp4 from Endpoint{id=vMbk, name=Galaxy S8 [2802]} in 05.008s
07-06 01:14:50.420 11335 11765 W mobile-ffmpeg: [graph 0 input from stream 0:0 @ 0x7559b57040] sws_param option is deprecated and ignored
07-06 01:14:53.420 11335 12045 W Summariser: Whole video is active
07-06 01:14:54.041 11335 12045 W Summariser: Summarisation completed
07-06 01:14:54.041 11335 12045 W Summariser:   filename: 20200312_193728!001.mp4
07-06 01:14:54.041 11335 12045 W Summariser:   active sections: -1
07-06 01:14:54.041 11335 12045 W Summariser:   time: 03.620s
07-06 01:14:54.041 11335 12045 W Summariser:   original duration: 16.01
07-06 01:14:54.041 11335 12045 W Summariser:   summarised duration: 16.01
07-06 01:14:54.041 11335 12045 W Summariser:   noise tolerance: 45.00
07-06 01:14:54.041 11335 12045 W Summariser:   quality: 23
07-06 01:14:54.041 11335 12045 W Summariser:   speed: medium
07-06 01:14:54.041 11335 12045 W Summariser:   freeze duration: 1.00
07-06 01:14:54.049 11335 12045 W NearbyFragment: Sending 20200312_193728!001.mp4 to Galaxy S8 [2802]
07-06 01:15:42.299 11335 11335 W NearbyFragment: Completed downloading 20200312_193828!002.mp4 from Endpoint{id=vMbk, name=Galaxy S8 [2802]} in 05.947s
07-06 01:15:42.493 11335 11765 W mobile-ffmpeg: [graph 0 input from stream 0:0 @ 0x7559b57040] sws_param option is deprecated and ignored
07-06 01:15:45.341 11335 12088 W Summariser: No activity detected
07-06 01:15:45.398 11335 12088 W Summariser: Summarisation completed
07-06 01:15:45.398 11335 12088 W Summariser:   filename: 20200312_193828!002.mp4
07-06 01:15:45.398 11335 12088 W Summariser:   active sections: 0
07-06 01:15:45.398 11335 12088 W Summariser:   time: 02.980s
07-06 01:15:45.398 11335 12088 W Summariser:   original duration: 16.01
07-06 01:15:45.398 11335 12088 W Summariser:   summarised duration: -1.00
07-06 01:15:45.398 11335 12088 W Summariser:   noise tolerance: 45.00
07-06 01:15:45.398 11335 12088 W Summariser:   quality: 23
07-06 01:15:45.398 11335 12088 W Summariser:   speed: medium
07-06 01:15:45.398 11335 12088 W Summariser:   freeze duration: 1.00
07-06 01:16:07.521 11335 11335 W NearbyFragment: Completed downloading 20200312_193928!001.mp4 from Endpoint{id=vMbk, name=Galaxy S8 [2802]} in 05.235s
07-06 01:16:07.868 11335 11765 W mobile-ffmpeg: [graph 0 input from stream 0:0 @ 0x7559b57040] sws_param option is deprecated and ignored
07-06 01:16:10.649 11335 12111 W Summariser: No activity detected
07-06 01:16:10.718 11335 12111 W Summariser: Summarisation completed
07-06 01:16:10.718 11335 12111 W Summariser:   filename: 20200312_193928!001.mp4
07-06 01:16:10.718 11335 12111 W Summariser:   active sections: 0
07-06 01:16:10.718 11335 12111 W Summariser:   time: 02.920s
07-06 01:16:10.718 11335 12111 W Summariser:   original duration: 16.05
07-06 01:16:10.718 11335 12111 W Summariser:   summarised duration: -1.00
07-06 01:16:10.718 11335 12111 W Summariser:   noise tolerance: 45.00
07-06 01:16:10.718 11335 12111 W Summariser:   quality: 23
07-06 01:16:10.718 11335 12111 W Summariser:   speed: medium
07-06 01:16:10.718 11335 12111 W Summariser:   freeze duration: 1.00
07-06 01:16:35.817 11335 11335 W NearbyFragment: Completed downloading 20200312_194129!001.mp4 from Endpoint{id=vMbk, name=Galaxy S8 [2802]} in 06.573s
07-06 01:16:36.019 11335 11765 W mobile-ffmpeg: [graph 0 input from stream 0:0 @ 0x7559b57040] sws_param option is deprecated and ignored
07-06 01:16:39.027 11335 12143 W Summariser: 1 active sections found
07-06 01:16:39.122 11335 11765 W mobile-ffmpeg: [graph 0 input from stream 0:0 @ 0x7559b56f80] sws_param option is deprecated and ignored
07-06 01:16:47.167 11335 12143 W Summariser: Summarisation completed
07-06 01:16:47.167 11335 12143 W Summariser:   filename: 20200312_194129!001.mp4
07-06 01:16:47.167 11335 12143 W Summariser:   active sections: 1
07-06 01:16:47.167 11335 12143 W Summariser:   time: 11.186s
07-06 01:16:47.167 11335 12143 W Summariser:   original duration: 16.02
07-06 01:16:47.167 11335 12143 W Summariser:   summarised duration: 2.97
07-06 01:16:47.167 11335 12143 W Summariser:   noise tolerance: 45.00
07-06 01:16:47.167 11335 12143 W Summariser:   quality: 23
07-06 01:16:47.167 11335 12143 W Summariser:   speed: medium
07-06 01:16:47.167 11335 12143 W Summariser:   freeze duration: 1.00
07-06 01:16:47.176 11335 12143 W NearbyFragment: Sending 20200312_194129!001.mp4 to Galaxy S8 [2802]
07-06 01:17:04.799 11335 11335 W NearbyFragment: Completed downloading 20200312_194229!001.mp4 from Endpoint{id=vMbk, name=Galaxy S8 [2802]} in 04.710s
07-06 01:17:04.992 11335 11765 W mobile-ffmpeg: [graph 0 input from stream 0:0 @ 0x7559b57040] sws_param option is deprecated and ignored
07-06 01:17:08.170 11335 12194 W Summariser: 2 active sections found
07-06 01:17:08.270 11335 11765 W mobile-ffmpeg: [graph 0 input from stream 0:0 @ 0x7559b57280] sws_param option is deprecated and ignored
07-06 01:17:08.270 11335 11765 W mobile-ffmpeg: [graph 0 input from stream 0:0 @ 0x7559b57400] sws_param option is deprecated and ignored
07-06 01:17:27.606 11335 12194 W Summariser: Summarisation completed
07-06 01:17:27.606 11335 12194 W Summariser:   filename: 20200312_194229!001.mp4
07-06 01:17:27.606 11335 12194 W Summariser:   active sections: 2
07-06 01:17:27.606 11335 12194 W Summariser:   time: 22.623s
07-06 01:17:27.606 11335 12194 W Summariser:   original duration: 16.01
07-06 01:17:27.606 11335 12194 W Summariser:   summarised duration: 8.74
07-06 01:17:27.606 11335 12194 W Summariser:   noise tolerance: 45.00
07-06 01:17:27.606 11335 12194 W Summariser:   quality: 23
07-06 01:17:27.606 11335 12194 W Summariser:   speed: medium
07-06 01:17:27.606 11335 12194 W Summariser:   freeze duration: 1.00
07-06 01:17:27.615 11335 12194 W NearbyFragment: Sending 20200312_194229!001.mp4 to Galaxy S8 [2802]
07-06 01:17:39.158 11335 11335 W NearbyFragment: Completed downloading 20200312_194330!003.mp4 from Endpoint{id=vMbk, name=Galaxy S8 [2802]} in 12.747s
07-06 01:17:39.406 11335 11765 W mobile-ffmpeg: [graph 0 input from stream 0:0 @ 0x7559b57040] sws_param option is deprecated and ignored
07-06 01:17:43.553 11335 12245 W Summariser: No activity detected
07-06 01:17:43.630 11335 12245 W Summariser: Summarisation completed
07-06 01:17:43.630 11335 12245 W Summariser:   filename: 20200312_194330!003.mp4
07-06 01:17:43.630 11335 12245 W Summariser:   active sections: 0
07-06 01:17:43.630 11335 12245 W Summariser:   time: 04.330s
07-06 01:17:43.630 11335 12245 W Summariser:   original duration: 12.01
07-06 01:17:43.630 11335 12245 W Summariser:   summarised duration: -1.00
07-06 01:17:43.630 11335 12245 W Summariser:   noise tolerance: 45.00
07-06 01:17:43.630 11335 12245 W Summariser:   quality: 23
07-06 01:17:43.630 11335 12245 W Summariser:   speed: medium
07-06 01:17:43.630 11335 12245 W Summariser:   freeze duration: 1.00
07-06 01:18:08.251 11335 11335 W NearbyFragment: Completed downloading 20200312_194730!003.mp4 from Endpoint{id=vMbk, name=Galaxy S8 [2802]} in 05.837s
07-06 01:18:08.478 11335 11765 W mobile-ffmpeg: [graph 0 input from stream 0:0 @ 0x7559b57040] sws_param option is deprecated and ignored
07-06 01:18:10.712 11335 12274 W Summariser: No activity detected
07-06 01:18:10.755 11335 12274 W Summariser: Summarisation completed
07-06 01:18:10.755 11335 12274 W Summariser:   filename: 20200312_194730!003.mp4
07-06 01:18:10.755 11335 12274 W Summariser:   active sections: 0
07-06 01:18:10.755 11335 12274 W Summariser:   time: 02.369s
07-06 01:18:10.755 11335 12274 W Summariser:   original duration: 12.03
07-06 01:18:10.755 11335 12274 W Summariser:   summarised duration: -1.00
07-06 01:18:10.755 11335 12274 W Summariser:   noise tolerance: 45.00
07-06 01:18:10.755 11335 12274 W Summariser:   quality: 23
07-06 01:18:10.755 11335 12274 W Summariser:   speed: medium
07-06 01:18:10.755 11335 12274 W Summariser:   freeze duration: 1.00
07-06 01:18:31.618 11335 11335 W NearbyFragment: Completed downloading 20200312_194830!002.mp4 from Endpoint{id=vMbk, name=Galaxy S8 [2802]} in 04.128s
07-06 01:18:31.810 11335 11765 W mobile-ffmpeg: [graph 0 input from stream 0:0 @ 0x7559b57040] sws_param option is deprecated and ignored
07-06 01:18:34.881 11335 12298 W Summariser: 2 active sections found
07-06 01:18:34.986 11335 11765 W mobile-ffmpeg: [graph 0 input from stream 0:0 @ 0x7559b57040] sws_param option is deprecated and ignored
07-06 01:18:34.986 11335 11765 W mobile-ffmpeg: [graph 0 input from stream 0:0 @ 0x7559b57400] sws_param option is deprecated and ignored
07-06 01:18:57.742 11335 12298 W Summariser: Summarisation completed
07-06 01:18:57.742 11335 12298 W Summariser:   filename: 20200312_194830!002.mp4
07-06 01:18:57.742 11335 12298 W Summariser:   active sections: 2
07-06 01:18:57.742 11335 12298 W Summariser:   time: 25.904s
07-06 01:18:57.742 11335 12298 W Summariser:   original duration: 16.01
07-06 01:18:57.742 11335 12298 W Summariser:   summarised duration: 8.84
07-06 01:18:57.742 11335 12298 W Summariser:   noise tolerance: 45.00
07-06 01:18:57.742 11335 12298 W Summariser:   quality: 23
07-06 01:18:57.742 11335 12298 W Summariser:   speed: medium
07-06 01:18:57.742 11335 12298 W Summariser:   freeze duration: 1.00
07-06 01:18:57.790 11335 12298 W NearbyFragment: Sending 20200312_194830!002.mp4 to Galaxy S8 [2802]
07-06 01:19:06.057 11335 11335 W NearbyFragment: Completed downloading 20200312_194930!003.mp4 from Endpoint{id=vMbk, name=Galaxy S8 [2802]} in 14.877s
07-06 01:19:06.304 11335 11765 W mobile-ffmpeg: [graph 0 input from stream 0:0 @ 0x7559b57040] sws_param option is deprecated and ignored
07-06 01:19:10.621 11335 12352 W Summariser: 1 active sections found
07-06 01:19:10.750 11335 11765 W mobile-ffmpeg: [graph 0 input from stream 0:0 @ 0x7559b56f80] sws_param option is deprecated and ignored
07-06 01:19:36.193 11335 11335 W NearbyFragment: Completed downloading 20200312_195230!003.mp4 from Endpoint{id=vMbk, name=Galaxy S8 [2802]} in 08.251s
07-06 01:19:52.665 11335 12352 W Summariser: Summarisation completed
07-06 01:19:52.665 11335 12352 W Summariser:   filename: 20200312_194930!003.mp4
07-06 01:19:52.665 11335 12352 W Summariser:   active sections: 1
07-06 01:19:52.665 11335 12352 W Summariser:   time: 46.431s
07-06 01:19:52.665 11335 12352 W Summariser:   original duration: 12.01
07-06 01:19:52.665 11335 12352 W Summariser:   summarised duration: 10.95
07-06 01:19:52.665 11335 12352 W Summariser:   noise tolerance: 45.00
07-06 01:19:52.665 11335 12352 W Summariser:   quality: 23
07-06 01:19:52.665 11335 12352 W Summariser:   speed: medium
07-06 01:19:52.665 11335 12352 W Summariser:   freeze duration: 1.00
07-06 01:19:52.700 11335 12352 W NearbyFragment: Sending 20200312_194930!003.mp4 to Galaxy S8 [2802]
07-06 01:19:52.852 11335 11765 W mobile-ffmpeg: [graph 0 input from stream 0:0 @ 0x7559b57100] sws_param option is deprecated and ignored
07-06 01:19:57.092 11335 12352 W Summariser: No activity detected
07-06 01:19:57.159 11335 12352 W Summariser: Summarisation completed
07-06 01:19:57.159 11335 12352 W Summariser:   filename: 20200312_195230!003.mp4
07-06 01:19:57.159 11335 12352 W Summariser:   active sections: 0
07-06 01:19:57.159 11335 12352 W Summariser:   time: 04.380s
07-06 01:19:57.159 11335 12352 W Summariser:   original duration: 12.01
07-06 01:19:57.159 11335 12352 W Summariser:   summarised duration: -1.00
07-06 01:19:57.159 11335 12352 W Summariser:   noise tolerance: 45.00
07-06 01:19:57.159 11335 12352 W Summariser:   quality: 23
07-06 01:19:57.159 11335 12352 W Summariser:   speed: medium
07-06 01:19:57.159 11335 12352 W Summariser:   freeze duration: 1.00
07-06 01:20:06.909 11335 11335 W NearbyFragment: Completed downloading 20200312_195330!003.mp4 from Endpoint{id=vMbk, name=Galaxy S8 [2802]} in 13.108s
07-06 01:20:07.100 11335 11765 W mobile-ffmpeg: [graph 0 input from stream 0:0 @ 0x7559b57040] sws_param option is deprecated and ignored
07-06 01:20:11.170 11335 12416 W Summariser: 1 active sections found
07-06 01:20:11.295 11335 11765 W mobile-ffmpeg: [graph 0 input from stream 0:0 @ 0x7559b56f80] sws_param option is deprecated and ignored
07-06 01:20:23.096 11335 11335 W NearbyFragment: Completed downloading 20200312_195430!001.mp4 from Endpoint{id=vMbk, name=Galaxy S8 [2802]} in 03.066s
07-06 01:20:25.016 11335 12416 W Summariser: Summarisation completed
07-06 01:20:25.016 11335 12416 W Summariser:   filename: 20200312_195330!003.mp4
07-06 01:20:25.016 11335 12416 W Summariser:   active sections: 1
07-06 01:20:25.016 11335 12416 W Summariser:   time: 17.909s
07-06 01:20:25.016 11335 12416 W Summariser:   original duration: 12.03
07-06 01:20:25.016 11335 12416 W Summariser:   summarised duration: 3.53
07-06 01:20:25.016 11335 12416 W Summariser:   noise tolerance: 45.00
07-06 01:20:25.016 11335 12416 W Summariser:   quality: 23
07-06 01:20:25.016 11335 12416 W Summariser:   speed: medium
07-06 01:20:25.016 11335 12416 W Summariser:   freeze duration: 1.00
07-06 01:20:25.065 11335 12416 W NearbyFragment: Sending 20200312_195330!003.mp4 to Galaxy S8 [2802]
07-06 01:20:25.232 11335 11765 W mobile-ffmpeg: [graph 0 input from stream 0:0 @ 0x7559b57100] sws_param option is deprecated and ignored
07-06 01:20:30.866 11335 12416 W Summariser: 2 active sections found
07-06 01:20:31.037 11335 11765 W mobile-ffmpeg: [graph 0 input from stream 0:0 @ 0x7559b57040] sws_param option is deprecated and ignored
07-06 01:20:31.037 11335 11765 W mobile-ffmpeg: [graph 0 input from stream 0:0 @ 0x7559b57400] sws_param option is deprecated and ignored
07-06 01:20:51.998 11335 12416 W Summariser: Summarisation completed
07-06 01:20:51.998 11335 12416 W Summariser:   filename: 20200312_195430!001.mp4
07-06 01:20:51.998 11335 12416 W Summariser:   active sections: 2
07-06 01:20:51.998 11335 12416 W Summariser:   time: 26.760s
07-06 01:20:51.998 11335 12416 W Summariser:   original duration: 16.01
07-06 01:20:51.998 11335 12416 W Summariser:   summarised duration: 5.90
07-06 01:20:51.998 11335 12416 W Summariser:   noise tolerance: 45.00
07-06 01:20:51.998 11335 12416 W Summariser:   quality: 23
07-06 01:20:51.998 11335 12416 W Summariser:   speed: medium
07-06 01:20:51.998 11335 12416 W Summariser:   freeze duration: 1.00
07-06 01:20:52.048 11335 12416 W NearbyFragment: Sending 20200312_195430!001.mp4 to Galaxy S8 [2802]
