--------- beginning of main
--------- beginning of system
07-06 01:09:02.840  3162  3162 W LogFactory: Truncating log tag length as it exceed 23, the limit imposed by Android on certain API Levels
07-06 01:09:14.904  3162  3162 E TransferService: No notification is passed in the intent. Unable to transition to foreground.
07-06 01:09:15.030  3162  3162 W StaticLayout: maxLineHeight should not be -1.  maxLines:1 lineCount:1
07-06 01:09:15.044  3162  3162 W StaticLayout: maxLineHeight should not be -1.  maxLines:1 lineCount:1
07-06 01:09:15.065  3162  3162 W StaticLayout: maxLineHeight should not be -1.  maxLines:1 lineCount:1
07-06 01:09:15.104  3162  3206 W Adreno-EGL: <qeglDrvAPI_eglGetConfigAttrib:607>: EGL_BAD_ATTRIBUTE
07-06 01:09:15.106  3162  3206 W Adreno-EGL: <qeglDrvAPI_eglGetConfigAttrib:607>: EGL_BAD_ATTRIBUTE
07-06 01:09:15.115  3162  3162 W StaticLayout: maxLineHeight should not be -1.  maxLines:1 lineCount:1
07-06 01:09:15.125  3162  3162 W StaticLayout: maxLineHeight should not be -1.  maxLines:1 lineCount:1
07-06 01:09:43.790  3162  3206 W Adreno-EGL: <qeglDrvAPI_eglGetConfigAttrib:607>: EGL_BAD_ATTRIBUTE
07-06 01:09:57.516  3162  3206 W Adreno-EGL: <qeglDrvAPI_eglGetConfigAttrib:607>: EGL_BAD_ATTRIBUTE
07-06 01:11:12.870  3162  3162 W NearbyFragment: Completed downloading 20200312_150643!001.mp4 from Endpoint{id=vMbk, name=Galaxy S8 [2802]} in 05.846s
07-06 01:11:13.120  3162  3571 W mobile-ffmpeg: [graph 0 input from stream 0:0 @ 0xa53b6e80] sws_param option is deprecated and ignored
07-06 01:11:19.062  3162  3570 W Summariser: No activity detected
07-06 01:11:19.158  3162  3570 W Summariser: Summarisation completed
07-06 01:11:19.158  3162  3570 W Summariser:   filename: 20200312_150643!001.mp4
07-06 01:11:19.158  3162  3570 W Summariser:   active sections: 0
07-06 01:11:19.158  3162  3570 W Summariser:   time: 06.146s
07-06 01:11:19.158  3162  3570 W Summariser:   original duration: 16.01
07-06 01:11:19.158  3162  3570 W Summariser:   summarised duration: -1.00
07-06 01:11:19.158  3162  3570 W Summariser:   noise tolerance: 45.00
07-06 01:11:19.158  3162  3570 W Summariser:   quality: 23
07-06 01:11:19.158  3162  3570 W Summariser:   speed: medium
07-06 01:11:19.158  3162  3570 W Summariser:   freeze duration: 1.00
07-06 01:11:43.144  3162  3162 W NearbyFragment: Completed downloading 20200312_150744!001.mp4 from Endpoint{id=vMbk, name=Galaxy S8 [2802]} in 05.838s
07-06 01:11:43.326  3162  3571 W mobile-ffmpeg: [graph 0 input from stream 0:0 @ 0x93a0b040] sws_param option is deprecated and ignored
07-06 01:11:49.250  3162  3642 W Summariser: No activity detected
07-06 01:11:49.340  3162  3642 W Summariser: Summarisation completed
07-06 01:11:49.340  3162  3642 W Summariser:   filename: 20200312_150744!001.mp4
07-06 01:11:49.340  3162  3642 W Summariser:   active sections: 0
07-06 01:11:49.340  3162  3642 W Summariser:   time: 06.075s
07-06 01:11:49.340  3162  3642 W Summariser:   original duration: 16.02
07-06 01:11:49.340  3162  3642 W Summariser:   summarised duration: -1.00
07-06 01:11:49.340  3162  3642 W Summariser:   noise tolerance: 45.00
07-06 01:11:49.340  3162  3642 W Summariser:   quality: 23
07-06 01:11:49.340  3162  3642 W Summariser:   speed: medium
07-06 01:11:49.340  3162  3642 W Summariser:   freeze duration: 1.00
07-06 01:12:10.125  3162  3162 W NearbyFragment: Completed downloading 20200312_150844!001.mp4 from Endpoint{id=vMbk, name=Galaxy S8 [2802]} in 06.129s
07-06 01:12:10.273  3162  3571 W mobile-ffmpeg: [graph 0 input from stream 0:0 @ 0x8cf7d500] sws_param option is deprecated and ignored
07-06 01:12:16.058  3162  3705 W Summariser: Whole video is active
07-06 01:12:17.500  3162  3705 W Summariser: Summarisation completed
07-06 01:12:17.500  3162  3705 W Summariser:   filename: 20200312_150844!001.mp4
07-06 01:12:17.500  3162  3705 W Summariser:   active sections: -1
07-06 01:12:17.500  3162  3705 W Summariser:   time: 07.177s
07-06 01:12:17.500  3162  3705 W Summariser:   original duration: 16.01
07-06 01:12:17.500  3162  3705 W Summariser:   summarised duration: 16.01
07-06 01:12:17.500  3162  3705 W Summariser:   noise tolerance: 45.00
07-06 01:12:17.500  3162  3705 W Summariser:   quality: 23
07-06 01:12:17.500  3162  3705 W Summariser:   speed: medium
07-06 01:12:17.500  3162  3705 W Summariser:   freeze duration: 1.00
07-06 01:12:17.512  3162  3705 W NearbyFragment: Sending 20200312_150844!001.mp4 to Galaxy S8 [2802]
07-06 01:13:00.356  3162  3162 W NearbyFragment: Completed downloading 20200312_150944!001.mp4 from Endpoint{id=vMbk, name=Galaxy S8 [2802]} in 07.179s
07-06 01:13:00.570  3162  3571 W mobile-ffmpeg: [graph 0 input from stream 0:0 @ 0x8cf7d500] sws_param option is deprecated and ignored
07-06 01:13:06.508  3162  3850 W Summariser: No activity detected
07-06 01:13:06.590  3162  3850 W Summariser: Summarisation completed
07-06 01:13:06.590  3162  3850 W Summariser:   filename: 20200312_150944!001.mp4
07-06 01:13:06.590  3162  3850 W Summariser:   active sections: 0
07-06 01:13:06.590  3162  3850 W Summariser:   time: 06.109s
07-06 01:13:06.590  3162  3850 W Summariser:   original duration: 16.01
07-06 01:13:06.590  3162  3850 W Summariser:   summarised duration: -1.00
07-06 01:13:06.590  3162  3850 W Summariser:   noise tolerance: 45.00
07-06 01:13:06.590  3162  3850 W Summariser:   quality: 23
07-06 01:13:06.590  3162  3850 W Summariser:   speed: medium
07-06 01:13:06.590  3162  3850 W Summariser:   freeze duration: 1.00
07-06 01:13:22.036  3162  3162 W NearbyFragment: Completed downloading 20200312_151044!000.mp4 from Endpoint{id=vMbk, name=Galaxy S8 [2802]} in 04.920s
07-06 01:13:22.200  3162  3571 W mobile-ffmpeg: [graph 0 input from stream 0:0 @ 0x8d2f8900] sws_param option is deprecated and ignored
07-06 01:13:28.119  3162  3909 W Summariser: No activity detected
07-06 01:13:28.181  3162  3909 W Summariser: Summarisation completed
07-06 01:13:28.181  3162  3909 W Summariser:   filename: 20200312_151044!000.mp4
07-06 01:13:28.181  3162  3909 W Summariser:   active sections: 0
07-06 01:13:28.181  3162  3909 W Summariser:   time: 06.043s
07-06 01:13:28.181  3162  3909 W Summariser:   original duration: 16.07
07-06 01:13:28.181  3162  3909 W Summariser:   summarised duration: -1.00
07-06 01:13:28.181  3162  3909 W Summariser:   noise tolerance: 45.00
07-06 01:13:28.181  3162  3909 W Summariser:   quality: 23
07-06 01:13:28.181  3162  3909 W Summariser:   speed: medium
07-06 01:13:28.181  3162  3909 W Summariser:   freeze duration: 1.00
07-06 01:13:51.986  3162  3162 W NearbyFragment: Completed downloading 20200312_193528!000.mp4 from Endpoint{id=vMbk, name=Galaxy S8 [2802]} in 05.133s
07-06 01:13:52.142  3162  3571 W mobile-ffmpeg: [graph 0 input from stream 0:0 @ 0x8d2fac40] sws_param option is deprecated and ignored
07-06 01:13:58.099  3162  3972 W Summariser: No activity detected
07-06 01:13:58.157  3162  3972 W Summariser: Summarisation completed
07-06 01:13:58.157  3162  3972 W Summariser:   filename: 20200312_193528!000.mp4
07-06 01:13:58.157  3162  3972 W Summariser:   active sections: 0
07-06 01:13:58.157  3162  3972 W Summariser:   time: 06.081s
07-06 01:13:58.157  3162  3972 W Summariser:   original duration: 16.06
07-06 01:13:58.157  3162  3972 W Summariser:   summarised duration: -1.00
07-06 01:13:58.157  3162  3972 W Summariser:   noise tolerance: 45.00
07-06 01:13:58.157  3162  3972 W Summariser:   quality: 23
07-06 01:13:58.157  3162  3972 W Summariser:   speed: medium
07-06 01:13:58.157  3162  3972 W Summariser:   freeze duration: 1.00
07-06 01:14:25.448  3162  3162 W NearbyFragment: Completed downloading 20200312_193628!001.mp4 from Endpoint{id=vMbk, name=Galaxy S8 [2802]} in 05.486s
07-06 01:14:25.585  3162  3571 W mobile-ffmpeg: [graph 0 input from stream 0:0 @ 0xa53b6d00] sws_param option is deprecated and ignored
07-06 01:14:30.988  3162  4027 W Summariser: No activity detected
07-06 01:14:31.065  3162  4027 W Summariser: Summarisation completed
07-06 01:14:31.065  3162  4027 W Summariser:   filename: 20200312_193628!001.mp4
07-06 01:14:31.065  3162  4027 W Summariser:   active sections: 0
07-06 01:14:31.065  3162  4027 W Summariser:   time: 05.512s
07-06 01:14:31.065  3162  4027 W Summariser:   original duration: 16.01
07-06 01:14:31.065  3162  4027 W Summariser:   summarised duration: -1.00
07-06 01:14:31.065  3162  4027 W Summariser:   noise tolerance: 45.00
07-06 01:14:31.065  3162  4027 W Summariser:   quality: 23
07-06 01:14:31.065  3162  4027 W Summariser:   speed: medium
07-06 01:14:31.065  3162  4027 W Summariser:   freeze duration: 1.00
07-06 01:14:50.461  3162  3162 W NearbyFragment: Completed downloading 20200312_193728!000.mp4 from Endpoint{id=vMbk, name=Galaxy S8 [2802]} in 05.283s
07-06 01:14:50.712  3162  3571 W mobile-ffmpeg: [graph 0 input from stream 0:0 @ 0x93a0b160] sws_param option is deprecated and ignored
07-06 01:14:56.763  3162  4088 W Summariser: Whole video is active
07-06 01:14:57.978  3162  4088 W Summariser: Summarisation completed
07-06 01:14:57.978  3162  4088 W Summariser:   filename: 20200312_193728!000.mp4
07-06 01:14:57.978  3162  4088 W Summariser:   active sections: -1
07-06 01:14:57.978  3162  4088 W Summariser:   time: 07.274s
07-06 01:14:57.978  3162  4088 W Summariser:   original duration: 16.06
07-06 01:14:57.978  3162  4088 W Summariser:   summarised duration: 16.06
07-06 01:14:57.978  3162  4088 W Summariser:   noise tolerance: 45.00
07-06 01:14:57.978  3162  4088 W Summariser:   quality: 23
07-06 01:14:57.978  3162  4088 W Summariser:   speed: medium
07-06 01:14:57.978  3162  4088 W Summariser:   freeze duration: 1.00
07-06 01:14:57.989  3162  4088 W NearbyFragment: Sending 20200312_193728!000.mp4 to Galaxy S8 [2802]
07-06 01:15:12.670  3162  3162 W NearbyFragment: Completed downloading 20200312_193728!003.mp4 from Endpoint{id=vMbk, name=Galaxy S8 [2802]} in 14.597s
07-06 01:15:12.822  3162  3571 W mobile-ffmpeg: [graph 0 input from stream 0:0 @ 0x93a0b340] sws_param option is deprecated and ignored
07-06 01:15:16.611  3162  4230 W Summariser: Whole video is active
07-06 01:15:17.563  3162  4230 W Summariser: Summarisation completed
07-06 01:15:17.563  3162  4230 W Summariser:   filename: 20200312_193728!003.mp4
07-06 01:15:17.563  3162  4230 W Summariser:   active sections: -1
07-06 01:15:17.563  3162  4230 W Summariser:   time: 04.742s
07-06 01:15:17.563  3162  4230 W Summariser:   original duration: 11.98
07-06 01:15:17.563  3162  4230 W Summariser:   summarised duration: 11.98
07-06 01:15:17.563  3162  4230 W Summariser:   noise tolerance: 45.00
07-06 01:15:17.563  3162  4230 W Summariser:   quality: 23
07-06 01:15:17.563  3162  4230 W Summariser:   speed: medium
07-06 01:15:17.563  3162  4230 W Summariser:   freeze duration: 1.00
07-06 01:15:17.579  3162  4230 W NearbyFragment: Sending 20200312_193728!003.mp4 to Galaxy S8 [2802]
07-06 01:15:41.645  3162  3162 W NearbyFragment: Completed downloading 20200312_193828!001.mp4 from Endpoint{id=vMbk, name=Galaxy S8 [2802]} in 06.589s
07-06 01:15:41.794  3162  3571 W mobile-ffmpeg: [graph 0 input from stream 0:0 @ 0x93a0b280] sws_param option is deprecated and ignored
07-06 01:15:47.544  3162  4346 W Summariser: No activity detected
07-06 01:15:47.619  3162  4346 W Summariser: Summarisation completed
07-06 01:15:47.619  3162  4346 W Summariser:   filename: 20200312_193828!001.mp4
07-06 01:15:47.619  3162  4346 W Summariser:   active sections: 0
07-06 01:15:47.619  3162  4346 W Summariser:   time: 05.873s
07-06 01:15:47.619  3162  4346 W Summariser:   original duration: 16.01
07-06 01:15:47.619  3162  4346 W Summariser:   summarised duration: -1.00
07-06 01:15:47.619  3162  4346 W Summariser:   noise tolerance: 45.00
07-06 01:15:47.619  3162  4346 W Summariser:   quality: 23
07-06 01:15:47.619  3162  4346 W Summariser:   speed: medium
07-06 01:15:47.619  3162  4346 W Summariser:   freeze duration: 1.00
07-06 01:15:52.747  3162  3162 W NearbyFragment: Completed downloading 20200312_193828!003.mp4 from Endpoint{id=vMbk, name=Galaxy S8 [2802]} in 04.971s
07-06 01:15:52.915  3162  3571 W mobile-ffmpeg: [graph 0 input from stream 0:0 @ 0x8d2f9680] sws_param option is deprecated and ignored
07-06 01:15:57.249  3162  4408 W Summariser: No activity detected
07-06 01:15:57.302  3162  4408 W Summariser: Summarisation completed
07-06 01:15:57.302  3162  4408 W Summariser:   filename: 20200312_193828!003.mp4
07-06 01:15:57.302  3162  4408 W Summariser:   active sections: 0
07-06 01:15:57.302  3162  4408 W Summariser:   time: 04.475s
07-06 01:15:57.302  3162  4408 W Summariser:   original duration: 12.01
07-06 01:15:57.302  3162  4408 W Summariser:   summarised duration: -1.00
07-06 01:15:57.302  3162  4408 W Summariser:   noise tolerance: 45.00
07-06 01:15:57.302  3162  4408 W Summariser:   quality: 23
07-06 01:15:57.302  3162  4408 W Summariser:   speed: medium
07-06 01:15:57.302  3162  4408 W Summariser:   freeze duration: 1.00
07-06 01:16:07.821  3162  3162 W NearbyFragment: Completed downloading 20200312_193928!000.mp4 from Endpoint{id=vMbk, name=Galaxy S8 [2802]} in 06.654s
07-06 01:16:07.965  3162  3571 W mobile-ffmpeg: [graph 0 input from stream 0:0 @ 0x8cf7ca20] sws_param option is deprecated and ignored
07-06 01:16:13.508  3162  4458 W Summariser: No activity detected
07-06 01:16:13.568  3162  4458 W Summariser: Summarisation completed
07-06 01:16:13.568  3162  4458 W Summariser:   filename: 20200312_193928!000.mp4
07-06 01:16:13.568  3162  4458 W Summariser:   active sections: 0
07-06 01:16:13.568  3162  4458 W Summariser:   time: 05.661s
07-06 01:16:13.568  3162  4458 W Summariser:   original duration: 16.90
07-06 01:16:13.568  3162  4458 W Summariser:   summarised duration: -1.00
07-06 01:16:13.568  3162  4458 W Summariser:   noise tolerance: 45.00
07-06 01:16:13.568  3162  4458 W Summariser:   quality: 23
07-06 01:16:13.568  3162  4458 W Summariser:   speed: medium
07-06 01:16:13.568  3162  4458 W Summariser:   freeze duration: 1.00
07-06 01:16:22.025  3162  3162 W NearbyFragment: Completed downloading 20200312_193928!003.mp4 from Endpoint{id=vMbk, name=Galaxy S8 [2802]} in 08.410s
07-06 01:16:22.199  3162  3571 W mobile-ffmpeg: [graph 0 input from stream 0:0 @ 0x8cf7ee80] sws_param option is deprecated and ignored
07-06 01:16:26.738  3162  4519 W Summariser: No activity detected
07-06 01:16:26.813  3162  4519 W Summariser: Summarisation completed
07-06 01:16:26.813  3162  4519 W Summariser:   filename: 20200312_193928!003.mp4
07-06 01:16:26.813  3162  4519 W Summariser:   active sections: 0
07-06 01:16:26.813  3162  4519 W Summariser:   time: 04.679s
07-06 01:16:26.813  3162  4519 W Summariser:   original duration: 12.01
07-06 01:16:26.813  3162  4519 W Summariser:   summarised duration: -1.00
07-06 01:16:26.813  3162  4519 W Summariser:   noise tolerance: 45.00
07-06 01:16:26.813  3162  4519 W Summariser:   quality: 23
07-06 01:16:26.813  3162  4519 W Summariser:   speed: medium
07-06 01:16:26.813  3162  4519 W Summariser:   freeze duration: 1.00
07-06 01:16:35.730  3162  3162 W NearbyFragment: Completed downloading 20200312_194129!000.mp4 from Endpoint{id=vMbk, name=Galaxy S8 [2802]} in 05.737s
07-06 01:16:35.890  3162  3571 W mobile-ffmpeg: [graph 0 input from stream 0:0 @ 0x9248d0a0] sws_param option is deprecated and ignored
07-06 01:16:41.608  3162  4557 W Summariser: No activity detected
07-06 01:16:41.665  3162  4557 W Summariser: Summarisation completed
07-06 01:16:41.665  3162  4557 W Summariser:   filename: 20200312_194129!000.mp4
07-06 01:16:41.665  3162  4557 W Summariser:   active sections: 0
07-06 01:16:41.665  3162  4557 W Summariser:   time: 05.849s
07-06 01:16:41.665  3162  4557 W Summariser:   original duration: 16.07
07-06 01:16:41.665  3162  4557 W Summariser:   summarised duration: -1.00
07-06 01:16:41.665  3162  4557 W Summariser:   noise tolerance: 45.00
07-06 01:16:41.665  3162  4557 W Summariser:   quality: 23
07-06 01:16:41.665  3162  4557 W Summariser:   speed: medium
07-06 01:16:41.665  3162  4557 W Summariser:   freeze duration: 1.00
07-06 01:17:05.547  3162  3162 W NearbyFragment: Completed downloading 20200312_194229!000.mp4 from Endpoint{id=vMbk, name=Galaxy S8 [2802]} in 06.921s
07-06 01:17:05.670  3162  3571 W mobile-ffmpeg: [graph 0 input from stream 0:0 @ 0x93a09060] sws_param option is deprecated and ignored
07-06 01:17:11.916  3162  4627 W Summariser: 1 active sections found
07-06 01:17:12.030  3162  3571 W mobile-ffmpeg: [graph 0 input from stream 0:0 @ 0x93a0b520] sws_param option is deprecated and ignored
07-06 01:17:17.685  3162  3162 W NearbyFragment: Completed downloading 20200312_194229!002.mp4 from Endpoint{id=vMbk, name=Galaxy S8 [2802]} in 07.037s
07-06 01:17:29.349  3162  4627 W Summariser: Summarisation completed
07-06 01:17:29.349  3162  4627 W Summariser:   filename: 20200312_194229!000.mp4
07-06 01:17:29.349  3162  4627 W Summariser:   active sections: 1
07-06 01:17:29.349  3162  4627 W Summariser:   time: 23.625s
07-06 01:17:29.349  3162  4627 W Summariser:   original duration: 16.06
07-06 01:17:29.349  3162  4627 W Summariser:   summarised duration: 5.62
07-06 01:17:29.349  3162  4627 W Summariser:   noise tolerance: 45.00
07-06 01:17:29.349  3162  4627 W Summariser:   quality: 23
07-06 01:17:29.349  3162  4627 W Summariser:   speed: medium
07-06 01:17:29.349  3162  4627 W Summariser:   freeze duration: 1.00
07-06 01:17:29.360  3162  4627 W NearbyFragment: Sending 20200312_194229!000.mp4 to Galaxy S8 [2802]
07-06 01:17:29.541  3162  3571 W mobile-ffmpeg: [graph 0 input from stream 0:0 @ 0x93a0b460] sws_param option is deprecated and ignored
07-06 01:17:37.540  3162  4627 W Summariser: No activity detected
07-06 01:17:37.644  3162  4627 W Summariser: Summarisation completed
07-06 01:17:37.644  3162  4627 W Summariser:   filename: 20200312_194229!002.mp4
07-06 01:17:37.644  3162  4627 W Summariser:   active sections: 0
07-06 01:17:37.644  3162  4627 W Summariser:   time: 08.162s
07-06 01:17:37.644  3162  4627 W Summariser:   original duration: 16.01
07-06 01:17:37.644  3162  4627 W Summariser:   summarised duration: -1.00
07-06 01:17:37.644  3162  4627 W Summariser:   noise tolerance: 45.00
07-06 01:17:37.644  3162  4627 W Summariser:   quality: 23
07-06 01:17:37.644  3162  4627 W Summariser:   speed: medium
07-06 01:17:37.644  3162  4627 W Summariser:   freeze duration: 1.00
07-06 01:17:38.146  3162  3162 W NearbyFragment: Completed downloading 20200312_194330!001.mp4 from Endpoint{id=vMbk, name=Galaxy S8 [2802]} in 08.190s
07-06 01:17:38.341  3162  3571 W mobile-ffmpeg: [graph 0 input from stream 0:0 @ 0x925cb3a0] sws_param option is deprecated and ignored
07-06 01:17:46.143  3162  4752 W Summariser: No activity detected
07-06 01:17:46.246  3162  4752 W Summariser: Summarisation completed
07-06 01:17:46.246  3162  4752 W Summariser:   filename: 20200312_194330!001.mp4
07-06 01:17:46.246  3162  4752 W Summariser:   active sections: 0
07-06 01:17:46.246  3162  4752 W Summariser:   time: 07.942s
07-06 01:17:46.246  3162  4752 W Summariser:   original duration: 16.01
07-06 01:17:46.246  3162  4752 W Summariser:   summarised duration: -1.00
07-06 01:17:46.246  3162  4752 W Summariser:   noise tolerance: 45.00
07-06 01:17:46.246  3162  4752 W Summariser:   quality: 23
07-06 01:17:46.246  3162  4752 W Summariser:   speed: medium
07-06 01:17:46.246  3162  4752 W Summariser:   freeze duration: 1.00
07-06 01:18:07.895  3162  3162 W NearbyFragment: Completed downloading 20200312_194730!001.mp4 from Endpoint{id=vMbk, name=Galaxy S8 [2802]} in 08.240s
07-06 01:18:08.071  3162  3571 W mobile-ffmpeg: [graph 0 input from stream 0:0 @ 0x9248c6e0] sws_param option is deprecated and ignored
07-06 01:18:14.917  3162  4798 W Summariser: No activity detected
07-06 01:18:14.998  3162  4798 W Summariser: Summarisation completed
07-06 01:18:14.998  3162  4798 W Summariser:   filename: 20200312_194730!001.mp4
07-06 01:18:14.998  3162  4798 W Summariser:   active sections: 0
07-06 01:18:14.998  3162  4798 W Summariser:   time: 06.978s
07-06 01:18:14.998  3162  4798 W Summariser:   original duration: 16.02
07-06 01:18:14.998  3162  4798 W Summariser:   summarised duration: -1.00
07-06 01:18:14.998  3162  4798 W Summariser:   noise tolerance: 45.00
07-06 01:18:14.998  3162  4798 W Summariser:   quality: 23
07-06 01:18:14.998  3162  4798 W Summariser:   speed: medium
07-06 01:18:14.998  3162  4798 W Summariser:   freeze duration: 1.00
07-06 01:18:32.825  3162  3162 W NearbyFragment: Completed downloading 20200312_194830!001.mp4 from Endpoint{id=vMbk, name=Galaxy S8 [2802]} in 06.507s
07-06 01:18:33.031  3162  3571 W mobile-ffmpeg: [graph 0 input from stream 0:0 @ 0x8cf7dda0] sws_param option is deprecated and ignored
07-06 01:18:39.720  3162  4838 W Summariser: 2 active sections found
07-06 01:18:39.850  3162  3571 W mobile-ffmpeg: [graph 0 input from stream 0:0 @ 0x8e167200] sws_param option is deprecated and ignored
07-06 01:18:39.851  3162  3571 W mobile-ffmpeg: [graph 0 input from stream 0:0 @ 0x8e167320] sws_param option is deprecated and ignored
07-06 01:18:56.462  3162  3162 W NearbyFragment: Completed downloading 20200312_194930!000.mp4 from Endpoint{id=vMbk, name=Galaxy S8 [2802]} in 05.726s
07-06 01:19:05.484  3162  4838 W Summariser: Summarisation completed
07-06 01:19:05.484  3162  4838 W Summariser:   filename: 20200312_194830!001.mp4
07-06 01:19:05.484  3162  4838 W Summariser:   active sections: 2
07-06 01:19:05.484  3162  4838 W Summariser:   time: 32.396s
07-06 01:19:05.484  3162  4838 W Summariser:   original duration: 16.01
07-06 01:19:05.484  3162  4838 W Summariser:   summarised duration: 8.10
07-06 01:19:05.484  3162  4838 W Summariser:   noise tolerance: 45.00
07-06 01:19:05.484  3162  4838 W Summariser:   quality: 23
07-06 01:19:05.484  3162  4838 W Summariser:   speed: medium
07-06 01:19:05.484  3162  4838 W Summariser:   freeze duration: 1.00
07-06 01:19:05.521  3162  4838 W NearbyFragment: Sending 20200312_194830!001.mp4 to Galaxy S8 [2802]
07-06 01:19:05.672  3162  3571 W mobile-ffmpeg: [graph 0 input from stream 0:0 @ 0x8e167200] sws_param option is deprecated and ignored
07-06 01:19:13.433  3162  4838 W Summariser: 1 active sections found
07-06 01:19:13.596  3162  3571 W mobile-ffmpeg: [graph 0 input from stream 0:0 @ 0xa53b6820] sws_param option is deprecated and ignored
07-06 01:19:37.438  3162  3162 W NearbyFragment: Completed downloading 20200312_195230!002.mp4 from Endpoint{id=vMbk, name=Galaxy S8 [2802]} in 09.385s
07-06 01:19:48.849  3162  4838 W Summariser: Summarisation completed
07-06 01:19:48.849  3162  4838 W Summariser:   filename: 20200312_194930!000.mp4
07-06 01:19:48.849  3162  4838 W Summariser:   active sections: 1
07-06 01:19:48.849  3162  4838 W Summariser:   time: 43.140s
07-06 01:19:48.849  3162  4838 W Summariser:   original duration: 16.07
07-06 01:19:48.849  3162  4838 W Summariser:   summarised duration: 9.36
07-06 01:19:48.849  3162  4838 W Summariser:   noise tolerance: 45.00
07-06 01:19:48.849  3162  4838 W Summariser:   quality: 23
07-06 01:19:48.849  3162  4838 W Summariser:   speed: medium
07-06 01:19:48.849  3162  4838 W Summariser:   freeze duration: 1.00
07-06 01:19:48.863  3162  4838 W NearbyFragment: Sending 20200312_194930!000.mp4 to Galaxy S8 [2802]
07-06 01:19:49.121  3162  3571 W mobile-ffmpeg: [graph 0 input from stream 0:0 @ 0xa53b6940] sws_param option is deprecated and ignored
07-06 01:19:58.184  3162  4838 W Summariser: No activity detected
07-06 01:19:58.321  3162  4838 W Summariser: Summarisation completed
07-06 01:19:58.321  3162  4838 W Summariser:   filename: 20200312_195230!002.mp4
07-06 01:19:58.321  3162  4838 W Summariser:   active sections: 0
07-06 01:19:58.321  3162  4838 W Summariser:   time: 09.299s
07-06 01:19:58.321  3162  4838 W Summariser:   original duration: 16.01
07-06 01:19:58.321  3162  4838 W Summariser:   summarised duration: -1.00
07-06 01:19:58.321  3162  4838 W Summariser:   noise tolerance: 45.00
07-06 01:19:58.321  3162  4838 W Summariser:   quality: 23
07-06 01:19:58.321  3162  4838 W Summariser:   speed: medium
07-06 01:19:58.321  3162  4838 W Summariser:   freeze duration: 1.00
07-06 01:20:02.465  3162  3162 W NearbyFragment: Completed downloading 20200312_195330!001.mp4 from Endpoint{id=vMbk, name=Galaxy S8 [2802]} in 07.934s
07-06 01:20:02.836  3162  3571 W mobile-ffmpeg: [graph 0 input from stream 0:0 @ 0x93a0b0a0] sws_param option is deprecated and ignored
07-06 01:20:08.728  3162  3162 W NearbyFragment: Completed downloading 20200312_195330!002.mp4 from Endpoint{id=vMbk, name=Galaxy S8 [2802]} in 08.230s
07-06 01:20:13.771  3162  5066 W Summariser: 2 active sections found
07-06 01:20:13.980  3162  3571 W mobile-ffmpeg: [graph 0 input from stream 0:0 @ 0x8e167500] sws_param option is deprecated and ignored
07-06 01:20:13.981  3162  3571 W mobile-ffmpeg: [graph 0 input from stream 0:0 @ 0x8e167680] sws_param option is deprecated and ignored
07-06 01:20:52.682  3162  5066 W Summariser: Summarisation completed
07-06 01:20:52.682  3162  5066 W Summariser:   filename: 20200312_195330!001.mp4
07-06 01:20:52.682  3162  5066 W Summariser:   active sections: 2
07-06 01:20:52.682  3162  5066 W Summariser:   time: 49.941s
07-06 01:20:52.682  3162  5066 W Summariser:   original duration: 16.02
07-06 01:20:52.682  3162  5066 W Summariser:   summarised duration: 10.91
07-06 01:20:52.682  3162  5066 W Summariser:   noise tolerance: 45.00
07-06 01:20:52.682  3162  5066 W Summariser:   quality: 23
07-06 01:20:52.682  3162  5066 W Summariser:   speed: medium
07-06 01:20:52.682  3162  5066 W Summariser:   freeze duration: 1.00
07-06 01:20:52.712  3162  5066 W NearbyFragment: Sending 20200312_195330!001.mp4 to Galaxy S8 [2802]
07-06 01:20:52.974  3162  3571 W mobile-ffmpeg: [graph 0 input from stream 0:0 @ 0x8e167440] sws_param option is deprecated and ignored
07-06 01:21:03.660  3162  5066 W Summariser: 2 active sections found
07-06 01:21:03.890  3162  3571 W mobile-ffmpeg: [graph 0 input from stream 0:0 @ 0x8cf7ca80] sws_param option is deprecated and ignored
07-06 01:21:03.891  3162  3571 W mobile-ffmpeg: [graph 0 input from stream 0:0 @ 0x8cf7cba0] sws_param option is deprecated and ignored
07-06 01:21:39.229  3162  5066 W Summariser: Summarisation completed
07-06 01:21:39.229  3162  5066 W Summariser:   filename: 20200312_195330!002.mp4
07-06 01:21:39.229  3162  5066 W Summariser:   active sections: 2
07-06 01:21:39.229  3162  5066 W Summariser:   time: 46.293s
07-06 01:21:39.229  3162  5066 W Summariser:   original duration: 16.01
07-06 01:21:39.229  3162  5066 W Summariser:   summarised duration: 9.07
07-06 01:21:39.229  3162  5066 W Summariser:   noise tolerance: 45.00
07-06 01:21:39.229  3162  5066 W Summariser:   quality: 23
07-06 01:21:39.229  3162  5066 W Summariser:   speed: medium
07-06 01:21:39.229  3162  5066 W Summariser:   freeze duration: 1.00
07-06 01:21:39.254  3162  5066 W NearbyFragment: Sending 20200312_195330!002.mp4 to Galaxy S8 [2802]
