--------- beginning of main
07-10 04:04:02.127 32742 32742 E Zygote  : isWhitelistProcess - Process is Whitelisted
07-10 04:04:02.130 32742 32742 E Zygote  : accessInfo : 1
07-10 04:04:02.145 32742 32742 I example.edgesu: Late-enabling -Xcheck:jni
--------- beginning of system
07-10 04:04:03.870 32742 32742 I ActivityThread: handleStopService: token=android.os.BinderProxy@3bb8d8a not found.
07-10 04:04:03.881 32742 32742 I TransferService: Starting Transfer Service to listen for network connectivity changes.
07-10 04:04:03.887 32742 32742 W LogFactory: Truncating log tag length as it exceed 23, the limit imposed by Android on certain API Levels
07-10 04:04:03.999 32742 32742 I TransferService: Registering the network receiver
07-10 04:04:04.004 32742 32742 I TransferService: Moving the service out of the Foreground state.
07-10 04:04:04.008 32742 32742 I TransferService: De-registering the network receiver.
07-10 04:05:12.177 32742 32742 W ActivityThread: handleWindowVisibility: no activity for token android.os.BinderProxy@beff373
07-10 04:05:12.190 32742   397 D vndksupport: Loading /vendor/lib64/egl/libGLES_mali.so from current namespace instead of sphal namespace.
07-10 04:05:12.221 32742   397 D libEGL  : loaded /vendor/lib64/egl/libGLES_mali.so
07-10 04:05:12.270 32742 32742 W example.edgesu: Accessing hidden method Landroid/graphics/drawable/Drawable;->getOpticalInsets()Landroid/graphics/Insets; (light greylist, linking)
07-10 04:05:12.270 32742 32742 W example.edgesu: Accessing hidden field Landroid/graphics/Insets;->left:I (light greylist, linking)
07-10 04:05:12.270 32742 32742 W example.edgesu: Accessing hidden field Landroid/graphics/Insets;->right:I (light greylist, linking)
07-10 04:05:12.270 32742 32742 W example.edgesu: Accessing hidden field Landroid/graphics/Insets;->top:I (light greylist, linking)
07-10 04:05:12.270 32742 32742 W example.edgesu: Accessing hidden field Landroid/graphics/Insets;->bottom:I (light greylist, linking)
07-10 04:05:12.293 32742 32742 I DecorView: createDecorCaptionView >> DecorView@ca0ff4[], isFloating: false, isApplication: true, hasWindowDecorCaption: false, hasWindowControllerCallback: true
07-10 04:05:12.380 32742 32742 W example.edgesu: Accessing hidden method Landroid/view/View;->computeFitSystemWindows(Landroid/graphics/Rect;Landroid/graphics/Rect;)Z (light greylist, reflection)
07-10 04:05:12.381 32742 32742 W example.edgesu: Accessing hidden method Landroid/view/ViewGroup;->makeOptionalFitsSystemWindows()V (light greylist, reflection)
07-10 04:05:12.402 32742 32742 W example.edgesu: Accessing hidden method Landroid/widget/TextView;->getTextDirectionHeuristic()Landroid/text/TextDirectionHeuristic; (light greylist, linking)
07-10 04:05:12.495 32742   399 I AWSKeyValueStore: Detected Android API Level = 28
07-10 04:05:12.495 32742   399 I AWSKeyValueStore: Creating the AWSKeyValueStore with key for sharedPreferencesForData = com.amazonaws.mobile.client
07-10 04:05:12.499 32742 32742 D OpenGLRenderer: Skia GL Pipeline
07-10 04:05:12.502 32742   399 I AWSKeyValueStore: Detected Android API Level = 28
07-10 04:05:12.502 32742   399 I AWSKeyValueStore: Creating the AWSKeyValueStore with key for sharedPreferencesForData = com.amazonaws.android.auth
07-10 04:05:12.505 32742 32742 D EmergencyMode: [EmergencyManager] android createPackageContext successful
07-10 04:05:12.524 32742 32742 D InputTransport: Input channel constructed: fd=62
07-10 04:05:12.525 32742 32742 D ViewRootImpl@1aa4dbc[AuthenticationActivity]: setView = DecorView@ca0ff4[AuthenticationActivity] TM=true MM=false
07-10 04:05:12.538 32742 32742 D ViewRootImpl@1aa4dbc[AuthenticationActivity]: dispatchAttachedToWindow
07-10 04:05:12.561 32742 32742 D ViewRootImpl@1aa4dbc[AuthenticationActivity]: Relayout returned: old=[0,0][1080,2220] new=[0,0][1080,2220] result=0x7 surface={valid=true 541831655424} changed=true
07-10 04:05:12.570 32742   404 I ConfigStore: android::hardware::configstore::V1_0::ISurfaceFlingerConfigs::hasWideColorDisplay retrieved: 0
07-10 04:05:12.570 32742   404 I ConfigStore: android::hardware::configstore::V1_0::ISurfaceFlingerConfigs::hasHDRDisplay retrieved: 0
07-10 04:05:12.570 32742   404 I OpenGLRenderer: Initialized EGL, version 1.4
07-10 04:05:12.570 32742   404 D OpenGLRenderer: Swap behavior 2
07-10 04:05:12.573 32742   399 W LogFactory: Truncating log tag length as it exceed 23, the limit imposed by Android on certain API Levels
07-10 04:05:12.574 32742   399 W LogFactory: Truncating log tag length as it exceed 23, the limit imposed by Android on certain API Levels
07-10 04:05:12.580 32742   404 D mali_winsys: EGLint new_window_surface(egl_winsys_display *, void *, EGLSurface, EGLConfig, egl_winsys_surface **, EGLBoolean) returns 0x3000
07-10 04:05:12.580 32742   404 D OpenGLRenderer: eglCreateWindowSurface = 0x7e0f102400, 0x7e27aef010
07-10 04:05:12.588 32742   399 I AWSKeyValueStore: Detected Android API Level = 28
07-10 04:05:12.588 32742   399 I AWSKeyValueStore: Creating the AWSKeyValueStore with key for sharedPreferencesForData = com.amazonaws.android.auth
07-10 04:05:12.591 32742   399 D KeyProvider23: AndroidKeyStore contains keyAlias com.amazonaws.android.auth.aesKeyStoreAlias
07-10 04:05:12.591 32742   399 D KeyProvider23: Loading the encryption key from Android KeyStore.
07-10 04:05:12.607 32742   399 D CognitoCachingCredentia: Loading credentials from SharedPreferences
07-10 04:05:12.608 32742 32742 D ViewRootImpl@1aa4dbc[AuthenticationActivity]: MSG_RESIZED: frame=Rect(0, 0 - 1080, 2220) ci=Rect(0, 72 - 0, 144) vi=Rect(0, 72 - 0, 144) or=1
07-10 04:05:12.608 32742 32742 D ViewRootImpl@1aa4dbc[AuthenticationActivity]: MSG_WINDOW_FOCUS_CHANGED 1 1
07-10 04:05:12.608 32742   399 D KeyProvider23: AndroidKeyStore contains keyAlias com.amazonaws.android.auth.aesKeyStoreAlias
07-10 04:05:12.608 32742   399 D KeyProvider23: Loading the encryption key from Android KeyStore.
07-10 04:05:12.608 32742 32742 D InputMethodManager: prepareNavigationBarInfo() DecorView@ca0ff4[AuthenticationActivity]
07-10 04:05:12.608 32742 32742 D InputMethodManager: getNavigationBarColor() -855310
07-10 04:05:12.610 32742 32742 D InputMethodManager: prepareNavigationBarInfo() DecorView@ca0ff4[AuthenticationActivity]
07-10 04:05:12.610 32742 32742 D InputMethodManager: getNavigationBarColor() -855310
07-10 04:05:12.610 32742 32742 V InputMethodManager: Starting input: tba=com.example.edgesum ic=null mNaviBarColor -855310 mIsGetNaviBarColorSuccess true , NavVisible : true , NavTrans : false
07-10 04:05:12.610 32742 32742 D InputMethodManager: startInputInner - Id : 0
07-10 04:05:12.610 32742 32742 I InputMethodManager: startInputInner - mService.startInputOrWindowGainedFocus
07-10 04:05:12.622 32742 32754 D InputTransport: Input channel constructed: fd=72
07-10 04:05:12.623 32742   399 D CognitoCachingCredentia: No valid credentials found in SharedPreferences
07-10 04:05:12.624 32742   399 D KeyProvider23: AndroidKeyStore contains keyAlias com.amazonaws.android.auth.aesKeyStoreAlias
07-10 04:05:12.624 32742   399 D KeyProvider23: Loading the encryption key from Android KeyStore.
07-10 04:05:12.632 32742   404 D vndksupport: Loading /vendor/lib64/hw/android.hardware.graphics.mapper@2.0-impl.so from current namespace instead of sphal namespace.
07-10 04:05:12.637 32742   399 D KeyProvider23: AndroidKeyStore contains keyAlias com.amazonaws.android.auth.aesKeyStoreAlias
07-10 04:05:12.637 32742   399 D KeyProvider23: Loading the encryption key from Android KeyStore.
07-10 04:05:12.649 32742   399 D KeyProvider23: AndroidKeyStore contains keyAlias com.amazonaws.android.auth.aesKeyStoreAlias
07-10 04:05:12.649 32742   399 D KeyProvider23: Loading the encryption key from Android KeyStore.
07-10 04:05:12.649 32742 32742 D InputMethodManager: prepareNavigationBarInfo() DecorView@ca0ff4[AuthenticationActivity]
07-10 04:05:12.649 32742 32742 D InputMethodManager: getNavigationBarColor() -855310
07-10 04:05:12.649 32742 32742 V InputMethodManager: Starting input: tba=com.example.edgesum ic=null mNaviBarColor -855310 mIsGetNaviBarColorSuccess true , NavVisible : true , NavTrans : false
07-10 04:05:12.650 32742 32742 D InputMethodManager: startInputInner - Id : 0
07-10 04:05:12.664 32742   399 W LogFactory: Truncating log tag length as it exceed 23, the limit imposed by Android on certain API Levels
07-10 04:05:12.711 32742   399 I AWSKeyValueStore: Detected Android API Level = 28
07-10 04:05:12.711 32742   399 I AWSKeyValueStore: Creating the AWSKeyValueStore with key for sharedPreferencesForData = CognitoIdentityProviderCache
07-10 04:05:12.725 32742   399 D KeyProvider23: AndroidKeyStore contains keyAlias com.amazonaws.mobile.client.aesKeyStoreAlias
07-10 04:05:12.725 32742   399 D KeyProvider23: Loading the encryption key from Android KeyStore.
07-10 04:05:12.736 32742   399 D KeyProvider23: AndroidKeyStore contains keyAlias com.amazonaws.mobile.client.aesKeyStoreAlias
07-10 04:05:12.736 32742   399 D KeyProvider23: Loading the encryption key from Android KeyStore.
07-10 04:05:12.747 32742   399 D KeyProvider23: AndroidKeyStore contains keyAlias com.amazonaws.mobile.client.aesKeyStoreAlias
07-10 04:05:12.747 32742   399 D KeyProvider23: Loading the encryption key from Android KeyStore.
07-10 04:05:12.757 32742   399 D KeyProvider23: AndroidKeyStore contains keyAlias com.amazonaws.mobile.client.aesKeyStoreAlias
07-10 04:05:12.757 32742   399 D KeyProvider23: Loading the encryption key from Android KeyStore.
07-10 04:05:12.767 32742   399 D AWSMobileClient: Inspecting user state details
07-10 04:05:12.768 32742   399 I AuthenticationActivity: SIGNED_IN
07-10 04:05:12.787 32742 32742 W ActivityThread: handleWindowVisibility: no activity for token android.os.BinderProxy@ccd866d
07-10 04:05:12.805 32742 32742 I DecorView: createDecorCaptionView >> DecorView@5eeefa1[], isFloating: false, isApplication: true, hasWindowDecorCaption: false, hasWindowControllerCallback: true
07-10 04:05:12.883 32742 32742 W example.edgesu: Accessing hidden field Landroid/view/View;->mAccessibilityDelegate:Landroid/view/View$AccessibilityDelegate; (light greylist, reflection)
07-10 04:05:12.939 32742 32742 V Repo    : /storage/emulated/0/Movies/raw
07-10 04:05:12.939 32742 32742 V Repo    : /storage/emulated/0/Movies/summarised
07-10 04:05:12.963 32742 32742 V FileManager: External storage is readable
07-10 04:05:12.963 32742 32742 V FileManager: Directory already exists: /storage/emulated/0/Movies/raw
07-10 04:05:12.965 32742 32742 V FileManager: External storage is readable
07-10 04:05:12.965 32742 32742 V FileManager: Directory already exists: /storage/emulated/0/Movies/summarised
07-10 04:05:12.966 32742 32742 V FileManager: External storage is readable
07-10 04:05:12.966 32742 32742 V FileManager: Directory already exists: /storage/emulated/0/Download/nearby
07-10 04:05:12.967 32742 32742 V FileManager: External storage is readable
07-10 04:05:12.968 32742 32742 V FileManager: Directory already exists: /storage/emulated/0/Movies/segment
07-10 04:05:12.968 32742 32742 V FileManager: External storage is readable
07-10 04:05:12.969 32742 32742 V FileManager: Directory already exists: /storage/emulated/0/Movies/segment-sum
07-10 04:05:12.999 32742 32742 W example.edgesu: Accessing hidden method Landroid/app/ActivityThread;->currentApplication()Landroid/app/Application; (light greylist, reflection)
07-10 04:05:13.002 32742 32742 W System.err: org.json.JSONException: No value for manufacturer
07-10 04:05:13.004 32742 32742 W System.err: 	at org.json.JSONObject.get(JSONObject.java:392)
07-10 04:05:13.005 32742 32742 W System.err: 	at org.json.JSONObject.getString(JSONObject.java:553)
07-10 04:05:13.005 32742 32742 W System.err: 	at com.jaredrummler.android.device.DeviceName$DeviceInfo.<init>(DeviceName.java:374)
07-10 04:05:13.005 32742 32742 W System.err: 	at com.jaredrummler.android.device.DeviceName$DeviceInfo.<init>(DeviceName.java:347)
07-10 04:05:13.005 32742 32742 W System.err: 	at com.jaredrummler.android.device.DeviceName.getDeviceInfo(DeviceName.java:186)
07-10 04:05:13.005 32742 32742 W System.err: 	at com.jaredrummler.android.device.DeviceName.getDeviceName(DeviceName.java:138)
07-10 04:05:13.005 32742 32742 W System.err: 	at com.jaredrummler.android.device.DeviceName.getDeviceName(DeviceName.java:111)
07-10 04:05:13.005 32742 32742 W System.err: 	at com.example.edgesum.util.nearby.NearbyFragment.setLocalName(NearbyFragment.java:118)
07-10 04:05:13.005 32742 32742 W System.err: 	at com.example.edgesum.util.nearby.NearbyFragment.onCreate(NearbyFragment.java:110)
07-10 04:05:13.005 32742 32742 W System.err: 	at com.example.edgesum.page.main.ConnectionFragment.onCreate(ConnectionFragment.java:30)
07-10 04:05:13.005 32742 32742 W System.err: 	at androidx.fragment.app.Fragment.performCreate(Fragment.java:2684)
07-10 04:05:13.005 32742 32742 W System.err: 	at androidx.fragment.app.FragmentStateManager.create(FragmentStateManager.java:280)
07-10 04:05:13.005 32742 32742 W System.err: 	at androidx.fragment.app.FragmentManager.moveToState(FragmentManager.java:1175)
07-10 04:05:13.005 32742 32742 W System.err: 	at androidx.fragment.app.FragmentTransition.addToFirstInLastOut(FragmentTransition.java:1255)
07-10 04:05:13.005 32742 32742 W System.err: 	at androidx.fragment.app.FragmentTransition.calculateFragments(FragmentTransition.java:1138)
07-10 04:05:13.005 32742 32742 W System.err: 	at androidx.fragment.app.FragmentTransition.startTransitions(FragmentTransition.java:136)
07-10 04:05:13.006 32742 32742 W System.err: 	at androidx.fragment.app.FragmentManager.executeOpsTogether(FragmentManager.java:1989)
07-10 04:05:13.006 32742 32742 W System.err: 	at androidx.fragment.app.FragmentManager.removeRedundantOperationsAndExecute(FragmentManager.java:1947)
07-10 04:05:13.006 32742 32742 W System.err: 	at androidx.fragment.app.FragmentManager.execPendingActions(FragmentManager.java:1849)
07-10 04:05:13.006 32742 32742 W System.err: 	at androidx.fragment.app.FragmentManager.dispatchStateChange(FragmentManager.java:2629)
07-10 04:05:13.006 32742 32742 W System.err: 	at androidx.fragment.app.FragmentManager.dispatchActivityCreated(FragmentManager.java:2577)
07-10 04:05:13.006 32742 32742 W System.err: 	at androidx.fragment.app.FragmentController.dispatchActivityCreated(FragmentController.java:247)
07-10 04:05:13.006 32742 32742 W System.err: 	at androidx.fragment.app.FragmentActivity.onStart(FragmentActivity.java:541)
07-10 04:05:13.006 32742 32742 W System.err: 	at androidx.appcompat.app.AppCompatActivity.onStart(AppCompatActivity.java:201)
07-10 04:05:13.006 32742 32742 W System.err: 	at com.example.edgesum.page.main.MainActivity.onStart(MainActivity.java:88)
07-10 04:05:13.006 32742 32742 W System.err: 	at android.app.Instrumentation.callActivityOnStart(Instrumentation.java:1391)
07-10 04:05:13.006 32742 32742 W System.err: 	at android.app.Activity.performStart(Activity.java:7348)
07-10 04:05:13.006 32742 32742 W System.err: 	at android.app.ActivityThread.handleStartActivity(ActivityThread.java:3138)
07-10 04:05:13.006 32742 32742 W System.err: 	at android.app.servertransaction.TransactionExecutor.performLifecycleSequence(TransactionExecutor.java:180)
07-10 04:05:13.006 32742 32742 W System.err: 	at android.app.servertransaction.TransactionExecutor.cycleToPath(TransactionExecutor.java:165)
07-10 04:05:13.006 32742 32742 W System.err: 	at android.app.servertransaction.TransactionExecutor.executeLifecycleState(TransactionExecutor.java:142)
07-10 04:05:13.006 32742 32742 W System.err: 	at android.app.servertransaction.TransactionExecutor.execute(TransactionExecutor.java:70)
07-10 04:05:13.006 32742 32742 W System.err: 	at android.app.ActivityThread$H.handleMessage(ActivityThread.java:1948)
07-10 04:05:13.006 32742 32742 W System.err: 	at android.os.Handler.dispatchMessage(Handler.java:106)
07-10 04:05:13.006 32742 32742 W System.err: 	at android.os.Looper.loop(Looper.java:214)
07-10 04:05:13.007 32742 32742 W System.err: 	at android.app.ActivityThread.main(ActivityThread.java:7050)
07-10 04:05:13.007 32742 32742 W System.err: 	at java.lang.reflect.Method.invoke(Native Method)
07-10 04:05:13.007 32742 32742 W System.err: 	at com.android.internal.os.RuntimeInit$MethodAndArgsCaller.run(RuntimeInit.java:493)
07-10 04:05:13.007 32742 32742 W System.err: 	at com.android.internal.os.ZygoteInit.main(ZygoteInit.java:965)
07-10 04:05:13.117 32742 32742 V VideoManager: getAllVideoFromExternalStorageFolder
07-10 04:05:13.119 32742 32742 D VideoManager: /storage/emulated/0/Movies/summarised
07-10 04:05:13.126 32742 32742 V VideoManager: videoFromCursor
07-10 04:05:13.127 32742 32742 D VideoManager: Video{id='139275', data='/storage/emulated/0/Movies/summarised/20200312_150744.mp4', name='20200312_150744.mp4', size=860619, visible=true, mimeType='video/mp4'}
07-10 04:05:13.127 32742 32742 V VideoManager: videoFromCursor
07-10 04:05:13.127 32742 32742 D VideoManager: Video{id='139276', data='/storage/emulated/0/Movies/summarised/20200312_150844.mp4', name='20200312_150844.mp4', size=69990400, visible=true, mimeType='video/mp4'}
07-10 04:05:13.127 32742 32742 V VideoManager: videoFromCursor
07-10 04:05:13.127 32742 32742 D VideoManager: Video{id='139277', data='/storage/emulated/0/Movies/summarised/20200312_150944.mp4', name='20200312_150944.mp4', size=1190756, visible=true, mimeType='video/mp4'}
07-10 04:05:13.127 32742 32742 V VideoManager: videoFromCursor
07-10 04:05:13.127 32742 32742 D VideoManager: Video{id='139278', data='/storage/emulated/0/Movies/summarised/20200312_193628.mp4', name='20200312_193628.mp4', size=1034156, visible=true, mimeType='video/mp4'}
07-10 04:05:13.128 32742 32742 V VideoManager: videoFromCursor
07-10 04:05:13.128 32742 32742 D VideoManager: Video{id='139266', data='/storage/emulated/0/Movies/summarised/20200312_193728.mp4', name='20200312_193728.mp4', size=69990400, visible=true, mimeType='video/mp4'}
07-10 04:05:13.128 32742 32742 V VideoManager: videoFromCursor
07-10 04:05:13.128 32742 32742 D VideoManager: Video{id='139267', data='/storage/emulated/0/Movies/summarised/20200312_193828.mp4', name='20200312_193828.mp4', size=2445416, visible=true, mimeType='video/mp4'}
07-10 04:05:13.128 32742 32742 V VideoManager: videoFromCursor
07-10 04:05:13.128 32742 32742 D VideoManager: Video{id='139268', data='/storage/emulated/0/Movies/summarised/20200312_194129.mp4', name='20200312_194129.mp4', size=1552585, visible=true, mimeType='video/mp4'}
07-10 04:05:13.128 32742 32742 V VideoManager: videoFromCursor
07-10 04:05:13.128 32742 32742 D VideoManager: Video{id='139269', data='/storage/emulated/0/Movies/summarised/20200312_194229.mp4', name='20200312_194229.mp4', size=2270224, visible=true, mimeType='video/mp4'}
07-10 04:05:13.128 32742 32742 V VideoManager: videoFromCursor
07-10 04:05:13.128 32742 32742 D VideoManager: Video{id='139270', data='/storage/emulated/0/Movies/summarised/20200312_194830.mp4', name='20200312_194830.mp4', size=3071457, visible=true, mimeType='video/mp4'}
07-10 04:05:13.128 32742 32742 V VideoManager: videoFromCursor
07-10 04:05:13.129 32742 32742 D VideoManager: Video{id='139271', data='/storage/emulated/0/Movies/summarised/20200312_194930.mp4', name='20200312_194930.mp4', size=3556135, visible=true, mimeType='video/mp4'}
07-10 04:05:13.129 32742 32742 V VideoManager: videoFromCursor
07-10 04:05:13.129 32742 32742 D VideoManager: Video{id='139272', data='/storage/emulated/0/Movies/summarised/20200312_195230.mp4', name='20200312_195230.mp4', size=1151641, visible=true, mimeType='video/mp4'}
07-10 04:05:13.129 32742 32742 V VideoManager: videoFromCursor
07-10 04:05:13.129 32742 32742 D VideoManager: Video{id='139273', data='/storage/emulated/0/Movies/summarised/20200312_195330.mp4', name='20200312_195330.mp4', size=3327115, visible=true, mimeType='video/mp4'}
07-10 04:05:13.129 32742 32742 V VideoManager: videoFromCursor
07-10 04:05:13.129 32742 32742 D VideoManager: Video{id='139274', data='/storage/emulated/0/Movies/summarised/20200312_195430.mp4', name='20200312_195430.mp4', size=2682713, visible=true, mimeType='video/mp4'}
07-10 04:05:13.131 32742 32742 D VideoManager: 13 videos return
07-10 04:05:13.161 32742 32742 V VideoManager: getAllVideoFromExternalStorageFolder
07-10 04:05:13.163 32742 32742 D VideoManager: /storage/emulated/0/Movies/raw
07-10 04:05:13.167 32742 32742 D VideoManager: 0 videos return
07-10 04:05:13.199 32742 32742 D InputTransport: Input channel constructed: fd=77
07-10 04:05:13.200 32742 32742 D ViewRootImpl@cb6cd2b[MainActivity]: setView = DecorView@5eeefa1[MainActivity] TM=true MM=false
07-10 04:05:13.201 32742 32742 D ViewRootImpl@1aa4dbc[AuthenticationActivity]: MSG_WINDOW_FOCUS_CHANGED 0 1
07-10 04:05:13.201 32742 32742 D InputMethodManager: prepareNavigationBarInfo() DecorView@ca0ff4[AuthenticationActivity]
07-10 04:05:13.201 32742 32742 D InputMethodManager: getNavigationBarColor() -855310
07-10 04:05:13.209 32742 32742 I TransferService: Starting Transfer Service to listen for network connectivity changes.
07-10 04:05:13.209 32742 32742 I TransferService: Registering the network receiver
07-10 04:05:13.211 32742 32742 E TransferService: No notification is passed in the intent. Unable to transition to foreground.
07-10 04:05:13.245 32742 32754 D MainActivity: Scanned /storage/emulated/0/Movies/summarised
07-10 04:05:13.245 32742 32754 D MainActivity:   -> uri=content://media/external/file/139217
07-10 04:05:13.251 32742 32742 D ViewRootImpl@cb6cd2b[MainActivity]: dispatchAttachedToWindow
07-10 04:05:13.267 32742 32742 W StaticLayout: maxLineHeight should not be -1.  maxLines:1 lineCount:1
07-10 04:05:13.267 32742 32754 D MainActivity: Scanned /storage/emulated/0/Movies/raw
07-10 04:05:13.267 32742 32754 D MainActivity:   -> uri=content://media/external/file/139216
07-10 04:05:13.276 32742 32742 W StaticLayout: maxLineHeight should not be -1.  maxLines:1 lineCount:1
07-10 04:05:13.280 32742 32742 I chatty  : uid=10568(com.example.edgesum) identical 1 line
07-10 04:05:13.284 32742 32742 W StaticLayout: maxLineHeight should not be -1.  maxLines:1 lineCount:1
07-10 04:05:13.295 32742 32742 D ViewRootImpl@cb6cd2b[MainActivity]: Relayout returned: old=[0,0][1080,2220] new=[0,0][1080,2220] result=0x7 surface={valid=true 541407547392} changed=true
07-10 04:05:13.303 32742   404 D mali_winsys: EGLint new_window_surface(egl_winsys_display *, void *, EGLSurface, EGLConfig, egl_winsys_surface **, EGLBoolean) returns 0x3000
07-10 04:05:13.303 32742   404 D OpenGLRenderer: eglCreateWindowSurface = 0x7e0f102900, 0x7e0e679010
07-10 04:05:13.306 32742 32742 W StaticLayout: maxLineHeight should not be -1.  maxLines:1 lineCount:1
07-10 04:05:13.310 32742 32742 W StaticLayout: maxLineHeight should not be -1.  maxLines:1 lineCount:1
07-10 04:05:13.319 32742 32742 I TransferNetworkLossHand: Network connectivity changed detected.
07-10 04:05:13.319 32742 32742 I TransferNetworkLossHand: Network connected: true
07-10 04:05:13.321 32742   432 D TransferNetworkLossHand: Loading transfers from database...
07-10 04:05:13.336 32742   432 W LogFactory: Truncating log tag length as it exceed 23, the limit imposed by Android on certain API Levels
07-10 04:05:13.342 32742   432 D TransferNetworkLossHand: Closing the cursor for resumeAllTransfers
07-10 04:05:13.342 32742   432 D TransferNetworkLossHand: 2 transfers are loaded from database.
07-10 04:05:13.392 32742 32742 D ViewRootImpl@cb6cd2b[MainActivity]: MSG_RESIZED: frame=Rect(0, 0 - 1080, 2220) ci=Rect(0, 72 - 0, 144) vi=Rect(0, 72 - 0, 144) or=1
07-10 04:05:13.393 32742 32742 D ViewRootImpl@cb6cd2b[MainActivity]: setWindowStopped(false) old=false
07-10 04:05:13.403 32742 32742 D ViewRootImpl@cb6cd2b[MainActivity]: MSG_WINDOW_FOCUS_CHANGED 1 1
07-10 04:05:13.404 32742 32742 D InputMethodManager: prepareNavigationBarInfo() DecorView@5eeefa1[MainActivity]
07-10 04:05:13.404 32742 32742 D InputMethodManager: getNavigationBarColor() -855310
07-10 04:05:13.409 32742 32742 D InputMethodManager: prepareNavigationBarInfo() DecorView@5eeefa1[MainActivity]
07-10 04:05:13.409 32742 32742 D InputMethodManager: getNavigationBarColor() -855310
07-10 04:05:13.409 32742 32742 V InputMethodManager: Starting input: tba=com.example.edgesum ic=null mNaviBarColor -855310 mIsGetNaviBarColorSuccess true , NavVisible : true , NavTrans : false
07-10 04:05:13.409 32742 32742 D InputMethodManager: startInputInner - Id : 0
07-10 04:05:13.409 32742 32742 I InputMethodManager: startInputInner - mService.startInputOrWindowGainedFocus
07-10 04:05:13.411 32742 32742 D InputTransport: Input channel constructed: fd=79
07-10 04:05:13.411 32742 32742 D InputTransport: Input channel destroyed: fd=72
07-10 04:05:13.720 32742   404 W libEGL  : EGLNativeWindowType 0x7e27aef010 disconnect failed
07-10 04:05:13.720 32742   404 D OpenGLRenderer: eglDestroySurface = 0x7e0f102400, 0x7e27aef000
07-10 04:05:13.729 32742 32742 D ViewRootImpl@1aa4dbc[AuthenticationActivity]: Relayout returned: old=[0,0][1080,2220] new=[0,0][1080,2220] result=0x5 surface={valid=false 0} changed=true
07-10 04:05:26.082 32742 32742 D ViewRootImpl@cb6cd2b[MainActivity]: ViewPostIme pointer 0
07-10 04:05:26.151 32742 32742 D ViewRootImpl@cb6cd2b[MainActivity]: ViewPostIme pointer 1
07-10 04:05:26.165 32742 32742 V MainActivity: Navigation summarised button clicked
07-10 04:05:26.171 32742 32742 W example.edgesu: Accessing hidden method Landroid/view/View;->getTransitionAlpha()F (light greylist, linking)
07-10 04:05:26.172 32742 32742 W example.edgesu: Accessing hidden method Landroid/view/View;->setTransitionAlpha(F)V (light greylist, linking)
07-10 04:05:26.172 32742 32742 W example.edgesu: Accessing hidden method Landroid/view/View;->setAnimationMatrix(Landroid/graphics/Matrix;)V (light greylist, linking)
07-10 04:05:26.172 32742 32742 W example.edgesu: Accessing hidden method Landroid/view/View;->transformMatrixToGlobal(Landroid/graphics/Matrix;)V (light greylist, linking)
07-10 04:05:26.172 32742 32742 W example.edgesu: Accessing hidden method Landroid/view/View;->transformMatrixToLocal(Landroid/graphics/Matrix;)V (light greylist, linking)
07-10 04:05:26.172 32742 32742 W example.edgesu: Accessing hidden method Landroid/view/View;->setLeftTopRightBottom(IIII)V (light greylist, linking)
07-10 04:05:26.173 32742 32742 W example.edgesu: Accessing hidden method Landroid/view/View;->setTransitionVisibility(I)V (dark greylist, linking)
07-10 04:05:26.213 32742 32742 W StaticLayout: maxLineHeight should not be -1.  maxLines:1 lineCount:1
07-10 04:05:26.220 32742 32742 W StaticLayout: maxLineHeight should not be -1.  maxLines:1 lineCount:1
07-10 04:05:28.970 32742 32742 W example.edgesu: Accessing hidden field Landroid/view/View;->mViewFlags:I (light greylist, reflection)
07-10 04:05:28.974 32742 32742 W example.edgesu: Accessing hidden method Landroid/view/ViewGroup;->suppressLayout(Z)V (light greylist, linking)
07-10 04:05:28.980 32742 32742 D skia    : approximate: numPoints=2, lengths[0]=0.000000, totalLength=6.000000, segmentPoints[0]=[144.000000,24.000000]
07-10 04:05:28.980 32742 32742 D skia    : approximate: approximation[0]=0.000000, approximation[1]=144.000000, approximation[2]=24.000000
07-10 04:05:28.980 32742 32742 D skia    : approximate: numPoints=2, lengths[1]=6.000000, totalLength=6.000000, segmentPoints[1]=[144.000000,18.000000]
07-10 04:05:28.980 32742 32742 D skia    : approximate: approximation[3]=1.000000, approximation[4]=144.000000, approximation[5]=18.000000
07-10 04:05:28.982 32742 32742 D skia    : approximate: numPoints=2, lengths[0]=0.000000, totalLength=6.000000, segmentPoints[0]=[144.000000,18.000000]
07-10 04:05:28.982 32742 32742 D skia    : approximate: approximation[0]=0.000000, approximation[1]=144.000000, approximation[2]=18.000000
07-10 04:05:28.982 32742 32742 D skia    : approximate: numPoints=2, lengths[1]=6.000000, totalLength=6.000000, segmentPoints[1]=[144.000000,24.000000]
07-10 04:05:28.982 32742 32742 D skia    : approximate: approximation[3]=1.000000, approximation[4]=144.000000, approximation[5]=24.000000
07-10 04:05:29.053 32742 32742 I Choreographer: Skipped 158 frames!  The application may be doing too much work on its main thread.
07-10 04:05:29.079 32742   404 I OpenGLRenderer: Davey! duration=2894ms; Flags=0, IntendedVsync=28594198888058, Vsync=28594215554724, OldestInputEvent=9223372036854775807, NewestInputEvent=0, HandleInputStart=28594219909163, AnimationStart=28594219999509, PerformTraversalsStart=28594220069586, DrawStart=28597012653122, SyncQueued=28597063254238, SyncStart=28597063821314, IssueDrawCommandsStart=28597064749045, SwapBuffers=28597091281391, FrameCompleted=28597094383276, DequeueBufferDuration=373000, QueueBufferDuration=1289000, 
07-10 04:05:30.233 32742 32742 D ViewRootImpl@cb6cd2b[MainActivity]: ViewPostIme pointer 0
07-10 04:05:31.431 32742 32742 D ViewRootImpl@cb6cd2b[MainActivity]: ViewPostIme pointer 1
07-10 04:05:32.417 32742 32742 D ViewRootImpl@cb6cd2b[MainActivity]: ViewPostIme pointer 0
07-10 04:05:32.467 32742 32742 D ViewRootImpl@cb6cd2b[MainActivity]: ViewPostIme pointer 1
07-10 04:05:32.473 32742 32742 W EventsRelays: Item change notification received for unknown item: 11
07-10 04:05:32.473 32742 32742 W EventsRelays: Item change notification received for unknown item: 12
07-10 04:05:32.475 32742 32742 W EventsRelays: Item change notification received for unknown item: 11
07-10 04:05:32.475 32742 32742 W EventsRelays: Item change notification received for unknown item: 12
07-10 04:05:33.308 32742 32742 D ViewRootImpl@cb6cd2b[MainActivity]: ViewPostIme pointer 0
07-10 04:05:35.319 32742 32742 D ViewRootImpl@cb6cd2b[MainActivity]: ViewPostIme pointer 1
07-10 04:05:36.292 32742 32742 D ViewRootImpl@cb6cd2b[MainActivity]: ViewPostIme pointer 0
07-10 04:05:36.357 32742 32742 D ViewRootImpl@cb6cd2b[MainActivity]: ViewPostIme pointer 1
07-10 04:05:36.360 32742 32742 V VideoRecyclerViewAdapter: List size: 13
07-10 04:05:36.418 32742 32742 W LogFactory: Truncating log tag length as it exceed 23, the limit imposed by Android on certain API Levels
07-10 04:05:36.445 32742 32742 D TransferService: Initializing the thread pool of size: 18
07-10 04:05:36.450 32742 32742 D KeyProvider23: AndroidKeyStore contains keyAlias com.amazonaws.android.auth.aesKeyStoreAlias
07-10 04:05:36.450 32742 32742 D KeyProvider23: Loading the encryption key from Android KeyStore.
07-10 04:05:36.537 32742 32742 D TransferService: Initializing the thread pool of size: 18
07-10 04:05:36.540 32742 32742 D UploadToS3: Bytes Transferred: 0
07-10 04:05:36.540 32742 32742 D UploadToS3: Bytes Total: 860619
07-10 04:05:36.559 32742   442 I TransferStatusUpdater: Creating a new progress listener for transfer: 742
07-10 04:05:36.560 32742 32742 D TransferService: Initializing the thread pool of size: 18
07-10 04:05:36.564 32742 32742 D KeyProvider23: AndroidKeyStore contains keyAlias com.amazonaws.android.auth.aesKeyStoreAlias
07-10 04:05:36.564 32742 32742 D KeyProvider23: Loading the encryption key from Android KeyStore.
07-10 04:05:36.583 32742   442 D AmazonS3Client: Using virtual style addressing. Endpoint = https://s3.ap-southeast-2.amazonaws.com
07-10 04:05:36.584 32742   442 D AmazonS3Client: Key: private/ap-southeast-2:d252a5d6-97a3-4c55-96b0-3ab381ebe068/20200312_150744.mp4; Request: PUT https://edgesum82ff980659b24efe89e186aaba0fa3aa213655-dev.s3.ap-southeast-2.amazonaws.com /private/ap-southeast-2:d252a5d6-97a3-4c55-96b0-3ab381ebe068/20200312_150744.mp4 
07-10 04:05:36.591 32742   442 D KeyProvider23: AndroidKeyStore contains keyAlias com.amazonaws.mobile.client.aesKeyStoreAlias
07-10 04:05:36.591 32742   442 D KeyProvider23: Loading the encryption key from Android KeyStore.
07-10 04:05:36.615 32742   442 D KeyProvider23: AndroidKeyStore contains keyAlias com.amazonaws.mobile.client.aesKeyStoreAlias
07-10 04:05:36.615 32742   442 D KeyProvider23: Loading the encryption key from Android KeyStore.
07-10 04:05:36.636 32742 32742 D TransferService: Initializing the thread pool of size: 18
07-10 04:05:36.637 32742 32742 D UploadToS3: Bytes Transferred: 0
07-10 04:05:36.637 32742 32742 D UploadToS3: Bytes Total: 69990400
07-10 04:05:36.643 32742   442 D KeyProvider23: AndroidKeyStore contains keyAlias com.amazonaws.mobile.client.aesKeyStoreAlias
07-10 04:05:36.643 32742   442 D KeyProvider23: Loading the encryption key from Android KeyStore.
07-10 04:05:36.644 32742   444 D AmazonS3Client: Using virtual style addressing. Endpoint = https://s3.ap-southeast-2.amazonaws.com
07-10 04:05:36.645 32742   444 D AmazonS3Client: Key: private/ap-southeast-2:d252a5d6-97a3-4c55-96b0-3ab381ebe068/20200312_150844.mp4; Request: POST https://edgesum82ff980659b24efe89e186aaba0fa3aa213655-dev.s3.ap-southeast-2.amazonaws.com /private/ap-southeast-2:d252a5d6-97a3-4c55-96b0-3ab381ebe068/20200312_150844.mp4 
07-10 04:05:36.648 32742 32742 D TransferService: Initializing the thread pool of size: 18
07-10 04:05:36.651 32742 32742 D KeyProvider23: AndroidKeyStore contains keyAlias com.amazonaws.android.auth.aesKeyStoreAlias
07-10 04:05:36.651 32742 32742 D KeyProvider23: Loading the encryption key from Android KeyStore.
07-10 04:05:36.675 32742   442 D KeyProvider23: AndroidKeyStore contains keyAlias com.amazonaws.mobile.client.aesKeyStoreAlias
07-10 04:05:36.675 32742   442 D KeyProvider23: Loading the encryption key from Android KeyStore.
07-10 04:05:36.696 32742   442 D AWSMobileClient: Inspecting user state details
07-10 04:05:36.701 32742   442 D KeyProvider23: AndroidKeyStore contains keyAlias com.amazonaws.mobile.client.aesKeyStoreAlias
07-10 04:05:36.701 32742   442 D KeyProvider23: Loading the encryption key from Android KeyStore.
07-10 04:05:36.708 32742 32742 D TransferService: Initializing the thread pool of size: 18
07-10 04:05:36.709 32742 32742 D UploadToS3: Bytes Transferred: 0
07-10 04:05:36.709 32742 32742 D UploadToS3: Bytes Total: 1190756
07-10 04:05:36.718 32742   446 I TransferStatusUpdater: Creating a new progress listener for transfer: 758
07-10 04:05:36.722 32742 32742 D TransferService: Initializing the thread pool of size: 18
07-10 04:05:36.725 32742 32742 D KeyProvider23: AndroidKeyStore contains keyAlias com.amazonaws.android.auth.aesKeyStoreAlias
07-10 04:05:36.725 32742 32742 D KeyProvider23: Loading the encryption key from Android KeyStore.
07-10 04:05:36.732 32742   442 D KeyProvider23: AndroidKeyStore contains keyAlias com.amazonaws.mobile.client.aesKeyStoreAlias
07-10 04:05:36.732 32742   442 D KeyProvider23: Loading the encryption key from Android KeyStore.
07-10 04:05:36.733 32742   446 D AmazonS3Client: Using virtual style addressing. Endpoint = https://s3.ap-southeast-2.amazonaws.com
07-10 04:05:36.736 32742   446 D AmazonS3Client: Key: private/ap-southeast-2:d252a5d6-97a3-4c55-96b0-3ab381ebe068/20200312_150944.mp4; Request: PUT https://edgesum82ff980659b24efe89e186aaba0fa3aa213655-dev.s3.ap-southeast-2.amazonaws.com /private/ap-southeast-2:d252a5d6-97a3-4c55-96b0-3ab381ebe068/20200312_150944.mp4 
07-10 04:05:36.758 32742   442 D KeyProvider23: AndroidKeyStore contains keyAlias com.amazonaws.mobile.client.aesKeyStoreAlias
07-10 04:05:36.758 32742   442 D KeyProvider23: Loading the encryption key from Android KeyStore.
07-10 04:05:36.784 32742 32742 D TransferService: Initializing the thread pool of size: 18
07-10 04:05:36.784 32742 32742 D UploadToS3: Bytes Transferred: 0
07-10 04:05:36.784 32742 32742 D UploadToS3: Bytes Total: 1034156
07-10 04:05:36.786 32742   442 D KeyProvider23: AndroidKeyStore contains keyAlias com.amazonaws.mobile.client.aesKeyStoreAlias
07-10 04:05:36.786 32742   442 D KeyProvider23: Loading the encryption key from Android KeyStore.
07-10 04:05:36.791 32742   447 I TransferStatusUpdater: Creating a new progress listener for transfer: 759
07-10 04:05:36.793 32742 32742 D TransferService: Initializing the thread pool of size: 18
07-10 04:05:36.795 32742   442 D KeyProvider23: AndroidKeyStore contains keyAlias com.amazonaws.mobile.client.aesKeyStoreAlias
07-10 04:05:36.796 32742   442 D KeyProvider23: Loading the encryption key from Android KeyStore.
07-10 04:05:36.796 32742 32742 D KeyProvider23: AndroidKeyStore contains keyAlias com.amazonaws.android.auth.aesKeyStoreAlias
07-10 04:05:36.796 32742 32742 D KeyProvider23: Loading the encryption key from Android KeyStore.
07-10 04:05:36.804 32742   447 D AmazonS3Client: Using virtual style addressing. Endpoint = https://s3.ap-southeast-2.amazonaws.com
07-10 04:05:36.804 32742   447 D AmazonS3Client: Key: private/ap-southeast-2:d252a5d6-97a3-4c55-96b0-3ab381ebe068/20200312_193628.mp4; Request: PUT https://edgesum82ff980659b24efe89e186aaba0fa3aa213655-dev.s3.ap-southeast-2.amazonaws.com /private/ap-southeast-2:d252a5d6-97a3-4c55-96b0-3ab381ebe068/20200312_193628.mp4 
07-10 04:05:36.806 32742   442 D KeyProvider23: AndroidKeyStore contains keyAlias CognitoIdentityProviderCache.aesKeyStoreAlias
07-10 04:05:36.806 32742   442 D KeyProvider23: Loading the encryption key from Android KeyStore.
07-10 04:05:36.850 32742   442 D KeyProvider23: AndroidKeyStore contains keyAlias CognitoIdentityProviderCache.aesKeyStoreAlias
07-10 04:05:36.850 32742   442 D KeyProvider23: Loading the encryption key from Android KeyStore.
07-10 04:05:36.868 32742 32742 D TransferService: Initializing the thread pool of size: 18
07-10 04:05:36.869 32742 32742 D UploadToS3: Bytes Transferred: 0
07-10 04:05:36.869 32742 32742 D UploadToS3: Bytes Total: 69990400
07-10 04:05:36.875 32742 32742 D TransferService: Initializing the thread pool of size: 18
07-10 04:05:36.876 32742   448 D AmazonS3Client: Using virtual style addressing. Endpoint = https://s3.ap-southeast-2.amazonaws.com
07-10 04:05:36.877 32742   448 D AmazonS3Client: Key: private/ap-southeast-2:d252a5d6-97a3-4c55-96b0-3ab381ebe068/20200312_193728.mp4; Request: POST https://edgesum82ff980659b24efe89e186aaba0fa3aa213655-dev.s3.ap-southeast-2.amazonaws.com /private/ap-southeast-2:d252a5d6-97a3-4c55-96b0-3ab381ebe068/20200312_193728.mp4 
07-10 04:05:36.879 32742 32742 D KeyProvider23: AndroidKeyStore contains keyAlias com.amazonaws.android.auth.aesKeyStoreAlias
07-10 04:05:36.879 32742 32742 D KeyProvider23: Loading the encryption key from Android KeyStore.
07-10 04:05:36.885 32742   442 D KeyProvider23: AndroidKeyStore contains keyAlias CognitoIdentityProviderCache.aesKeyStoreAlias
07-10 04:05:36.885 32742   442 D KeyProvider23: Loading the encryption key from Android KeyStore.
07-10 04:05:36.930 32742   442 D KeyProvider23: AndroidKeyStore contains keyAlias CognitoIdentityProviderCache.aesKeyStoreAlias
07-10 04:05:36.930 32742   442 D KeyProvider23: Loading the encryption key from Android KeyStore.
07-10 04:05:36.946 32742 32742 D TransferService: Initializing the thread pool of size: 18
07-10 04:05:36.947 32742 32742 D UploadToS3: Bytes Transferred: 0
07-10 04:05:36.947 32742 32742 D UploadToS3: Bytes Total: 2445416
07-10 04:05:36.952 32742 32742 D TransferService: Initializing the thread pool of size: 18
07-10 04:05:36.953 32742   449 I TransferStatusUpdater: Creating a new progress listener for transfer: 775
07-10 04:05:36.955 32742 32742 D KeyProvider23: AndroidKeyStore contains keyAlias com.amazonaws.android.auth.aesKeyStoreAlias
07-10 04:05:36.955 32742 32742 D KeyProvider23: Loading the encryption key from Android KeyStore.
07-10 04:05:36.963 32742   442 D AWSMobileClient: hasFederatedToken: false provider: cognito-idp.ap-southeast-2.amazonaws.com/ap-southeast-2_RQ4XVNX6r
07-10 04:05:36.963 32742   442 D AWSMobileClient: hasFederatedToken: false provider: cognito-idp.ap-southeast-2.amazonaws.com/ap-southeast-2_RQ4XVNX6r
07-10 04:05:36.968 32742   442 D KeyProvider23: AndroidKeyStore contains keyAlias com.amazonaws.mobile.client.aesKeyStoreAlias
07-10 04:05:36.968 32742   442 D KeyProvider23: Loading the encryption key from Android KeyStore.
07-10 04:05:36.977 32742   449 D AmazonS3Client: Using virtual style addressing. Endpoint = https://s3.ap-southeast-2.amazonaws.com
07-10 04:05:36.977 32742   449 D AmazonS3Client: Key: private/ap-southeast-2:d252a5d6-97a3-4c55-96b0-3ab381ebe068/20200312_193828.mp4; Request: PUT https://edgesum82ff980659b24efe89e186aaba0fa3aa213655-dev.s3.ap-southeast-2.amazonaws.com /private/ap-southeast-2:d252a5d6-97a3-4c55-96b0-3ab381ebe068/20200312_193828.mp4 
07-10 04:05:36.989 32742   442 D CognitoCachingCredentia: Clearing credentials from SharedPreferences
07-10 04:05:36.994 32742   442 D CognitoCachingCredentia: Clearing credentials from SharedPreferences
07-10 04:05:37.000 32742   442 D KeyProvider23: AndroidKeyStore contains keyAlias com.amazonaws.android.auth.aesKeyStoreAlias
07-10 04:05:37.000 32742   442 D KeyProvider23: Loading the encryption key from Android KeyStore.
07-10 04:05:37.020 32742 32742 D TransferService: Initializing the thread pool of size: 18
07-10 04:05:37.020 32742 32742 D UploadToS3: Bytes Transferred: 0
07-10 04:05:37.020 32742 32742 D UploadToS3: Bytes Total: 1552585
07-10 04:05:37.026 32742 32742 D TransferService: Initializing the thread pool of size: 18
07-10 04:05:37.033 32742   450 I TransferStatusUpdater: Creating a new progress listener for transfer: 776
07-10 04:05:37.035 32742 32742 D KeyProvider23: AndroidKeyStore contains keyAlias com.amazonaws.android.auth.aesKeyStoreAlias
07-10 04:05:37.035 32742 32742 D KeyProvider23: Loading the encryption key from Android KeyStore.
07-10 04:05:37.050 32742   450 D AmazonS3Client: Using virtual style addressing. Endpoint = https://s3.ap-southeast-2.amazonaws.com
07-10 04:05:37.050 32742   450 D AmazonS3Client: Key: private/ap-southeast-2:d252a5d6-97a3-4c55-96b0-3ab381ebe068/20200312_194129.mp4; Request: PUT https://edgesum82ff980659b24efe89e186aaba0fa3aa213655-dev.s3.ap-southeast-2.amazonaws.com /private/ap-southeast-2:d252a5d6-97a3-4c55-96b0-3ab381ebe068/20200312_194129.mp4 
07-10 04:05:37.059 32742   442 D NetworkSecurityConfig: No Network Security Config specified, using platform default
07-10 04:05:37.076 32742   442 I System.out: (HTTPLog)-Static: isSBSettingEnabled false
07-10 04:05:37.076 32742   442 I System.out: (HTTPLog)-Static: isSBSettingEnabled false
07-10 04:05:37.114 32742   442 D TcpOptimizer: TcpOptimizer-ON
07-10 04:05:37.114 32742 32742 D TransferService: Initializing the thread pool of size: 18
07-10 04:05:37.116 32742 32742 D UploadToS3: Bytes Transferred: 0
07-10 04:05:37.116 32742 32742 D UploadToS3: Bytes Total: 2270224
07-10 04:05:37.132 32742 32742 D TransferService: Initializing the thread pool of size: 18
07-10 04:05:37.136 32742 32742 D KeyProvider23: AndroidKeyStore contains keyAlias com.amazonaws.android.auth.aesKeyStoreAlias
07-10 04:05:37.136 32742 32742 D KeyProvider23: Loading the encryption key from Android KeyStore.
07-10 04:05:37.149 32742   455 I TransferStatusUpdater: Creating a new progress listener for transfer: 777
07-10 04:05:37.189 32742   455 D AmazonS3Client: Using virtual style addressing. Endpoint = https://s3.ap-southeast-2.amazonaws.com
07-10 04:05:37.190 32742   455 D AmazonS3Client: Key: private/ap-southeast-2:d252a5d6-97a3-4c55-96b0-3ab381ebe068/20200312_194229.mp4; Request: PUT https://edgesum82ff980659b24efe89e186aaba0fa3aa213655-dev.s3.ap-southeast-2.amazonaws.com /private/ap-southeast-2:d252a5d6-97a3-4c55-96b0-3ab381ebe068/20200312_194229.mp4 
07-10 04:05:37.201 32742 32742 D TransferService: Initializing the thread pool of size: 18
07-10 04:05:37.203 32742 32742 D UploadToS3: Bytes Transferred: 0
07-10 04:05:37.204 32742 32742 D UploadToS3: Bytes Total: 3071457
07-10 04:05:37.213 32742   456 I TransferStatusUpdater: Creating a new progress listener for transfer: 778
07-10 04:05:37.213 32742 32742 D TransferService: Initializing the thread pool of size: 18
07-10 04:05:37.216 32742 32742 D KeyProvider23: AndroidKeyStore contains keyAlias com.amazonaws.android.auth.aesKeyStoreAlias
07-10 04:05:37.217 32742 32742 D KeyProvider23: Loading the encryption key from Android KeyStore.
07-10 04:05:37.260 32742   456 D AmazonS3Client: Using virtual style addressing. Endpoint = https://s3.ap-southeast-2.amazonaws.com
07-10 04:05:37.261 32742   456 D AmazonS3Client: Key: private/ap-southeast-2:d252a5d6-97a3-4c55-96b0-3ab381ebe068/20200312_194830.mp4; Request: PUT https://edgesum82ff980659b24efe89e186aaba0fa3aa213655-dev.s3.ap-southeast-2.amazonaws.com /private/ap-southeast-2:d252a5d6-97a3-4c55-96b0-3ab381ebe068/20200312_194830.mp4 
07-10 04:05:37.266 32742 32742 D TransferService: Initializing the thread pool of size: 18
07-10 04:05:37.266 32742 32742 D UploadToS3: Bytes Transferred: 0
07-10 04:05:37.266 32742 32742 D UploadToS3: Bytes Total: 3556135
07-10 04:05:37.272 32742 32742 D TransferService: Initializing the thread pool of size: 18
07-10 04:05:37.274 32742 32742 D KeyProvider23: AndroidKeyStore contains keyAlias com.amazonaws.android.auth.aesKeyStoreAlias
07-10 04:05:37.274 32742 32742 D KeyProvider23: Loading the encryption key from Android KeyStore.
07-10 04:05:37.314 32742 32742 D TransferService: Initializing the thread pool of size: 18
07-10 04:05:37.314 32742 32742 D UploadToS3: Bytes Transferred: 0
07-10 04:05:37.314 32742 32742 D UploadToS3: Bytes Total: 1151641
07-10 04:05:37.319 32742 32742 D TransferService: Initializing the thread pool of size: 18
07-10 04:05:37.322 32742 32742 D KeyProvider23: AndroidKeyStore contains keyAlias com.amazonaws.android.auth.aesKeyStoreAlias
07-10 04:05:37.322 32742 32742 D KeyProvider23: Loading the encryption key from Android KeyStore.
07-10 04:05:37.365 32742 32742 D TransferService: Initializing the thread pool of size: 18
07-10 04:05:37.365 32742 32742 D UploadToS3: Bytes Transferred: 0
07-10 04:05:37.365 32742 32742 D UploadToS3: Bytes Total: 3327115
07-10 04:05:37.371 32742 32742 D TransferService: Initializing the thread pool of size: 18
07-10 04:05:37.373 32742 32742 D KeyProvider23: AndroidKeyStore contains keyAlias com.amazonaws.android.auth.aesKeyStoreAlias
07-10 04:05:37.373 32742 32742 D KeyProvider23: Loading the encryption key from Android KeyStore.
07-10 04:05:37.416 32742 32742 D TransferService: Initializing the thread pool of size: 18
07-10 04:05:37.416 32742 32742 D UploadToS3: Bytes Transferred: 0
07-10 04:05:37.416 32742 32742 D UploadToS3: Bytes Total: 2682713
07-10 04:05:37.419 32742 32742 W EventsRelays: Item change notification received for unknown item: 11
07-10 04:05:37.419 32742 32742 W EventsRelays: Item change notification received for unknown item: 12
07-10 04:05:37.422 32742 32742 I Choreographer: Skipped 63 frames!  The application may be doing too much work on its main thread.
07-10 04:05:37.470 32742   442 V com.amazonaws.request: Parsing service response JSON
07-10 04:05:37.470 32742   442 D com.amazonaws.request: CRC32Checksum = null
07-10 04:05:37.470 32742   442 D com.amazonaws.request: content encoding = null
07-10 04:05:37.592 32742   442 V com.amazonaws.request: Done parsing service response
07-10 04:05:37.598 32742   442 D KeyProvider23: AndroidKeyStore contains keyAlias com.amazonaws.android.auth.aesKeyStoreAlias
07-10 04:05:37.598 32742   442 D KeyProvider23: Loading the encryption key from Android KeyStore.
07-10 04:05:37.639 32742   442 D CognitoCachingCredentia: Saving credentials to SharedPreferences
07-10 04:05:37.640 32742   404 I OpenGLRenderer: Davey! duration=1271ms; Flags=0, IntendedVsync=28604384111618, Vsync=28605434111576, OldestInputEvent=9223372036854775807, NewestInputEvent=0, HandleInputStart=28605437573616, AnimationStart=28605437747616, PerformTraversalsStart=28605438742116, DrawStart=28605598399270, SyncQueued=28605614501847, SyncStart=28605614641770, IssueDrawCommandsStart=28605615771885, SwapBuffers=28605651697462, FrameCompleted=28605655309116, DequeueBufferDuration=628000, QueueBufferDuration=1502000, 
07-10 04:05:37.644 32742   442 D KeyProvider23: AndroidKeyStore contains keyAlias com.amazonaws.android.auth.aesKeyStoreAlias
07-10 04:05:37.645 32742   442 D KeyProvider23: Loading the encryption key from Android KeyStore.
07-10 04:05:37.686 32742   442 D KeyProvider23: AndroidKeyStore contains keyAlias com.amazonaws.android.auth.aesKeyStoreAlias
07-10 04:05:37.686 32742   442 D KeyProvider23: Loading the encryption key from Android KeyStore.
07-10 04:05:37.719 32742   442 D KeyProvider23: AndroidKeyStore contains keyAlias com.amazonaws.android.auth.aesKeyStoreAlias
07-10 04:05:37.719 32742   442 D KeyProvider23: Loading the encryption key from Android KeyStore.
07-10 04:05:37.747 32742   442 D KeyProvider23: AndroidKeyStore contains keyAlias com.amazonaws.android.auth.aesKeyStoreAlias
07-10 04:05:37.748 32742   442 D KeyProvider23: Loading the encryption key from Android KeyStore.
07-10 04:05:37.772 32742   442 D CognitoCachingCredentia: Saving identity id to SharedPreferences
07-10 04:05:37.776 32742   442 D KeyProvider23: AndroidKeyStore contains keyAlias com.amazonaws.android.auth.aesKeyStoreAlias
07-10 04:05:37.776 32742   442 D KeyProvider23: Loading the encryption key from Android KeyStore.
07-10 04:05:37.810 32742   442 D KeyProvider23: AndroidKeyStore contains keyAlias com.amazonaws.android.auth.aesKeyStoreAlias
07-10 04:05:37.810 32742   442 D KeyProvider23: Loading the encryption key from Android KeyStore.
07-10 04:05:37.846 32742   442 I System.out: (HTTPLog)-Static: isSBSettingEnabled false
07-10 04:05:37.849 32742   442 I System.out: (HTTPLog)-Static: isSBSettingEnabled false
07-10 04:05:37.912 32742   442 V com.amazonaws.request: Parsing service response JSON
07-10 04:05:37.912 32742   442 D com.amazonaws.request: CRC32Checksum = null
07-10 04:05:37.913 32742   442 D com.amazonaws.request: content encoding = null
07-10 04:05:37.921 32742   442 V com.amazonaws.request: Done parsing service response
07-10 04:05:37.926 32742   442 D KeyProvider23: AndroidKeyStore contains keyAlias com.amazonaws.android.auth.aesKeyStoreAlias
07-10 04:05:37.927 32742   442 D KeyProvider23: Loading the encryption key from Android KeyStore.
