--------- beginning of main
--------- beginning of system
07-04 23:28:34.949 11766 11766 W LogFactory: Truncating log tag length as it exceed 23, the limit imposed by Android on certain API Levels
07-04 23:28:40.375 11766 11766 E TransferService: No notification is passed in the intent. Unable to transition to foreground.
07-04 23:30:49.083 11766 11766 W NearbyFragment: Preferences:
07-04 23:30:49.083 11766 11766 W NearbyFragment:   Auto download: true
07-04 23:30:49.083 11766 11766 W NearbyFragment:   Algorithm: best_or_local
07-04 23:30:49.083 11766 11766 W NearbyFragment:   Fast scheduling: false
07-04 23:30:49.083 11766 11766 W NearbyFragment:   Segmentation: true
07-04 23:30:49.083 11766 11766 W NearbyFragment:   Auto segmentation: false
07-04 23:30:49.083 11766 11766 W NearbyFragment:   Segment number: 4
07-04 23:30:49.083 11766 11766 W NearbyFragment:   Noise tolerance: 45.00
07-04 23:30:49.083 11766 11766 W NearbyFragment:   Quality: 23
07-04 23:30:49.083 11766 11766 W NearbyFragment:   Speed: medium
07-04 23:30:49.083 11766 11766 W NearbyFragment:   Freeze duration: 1.00
07-04 23:30:49.083 11766 11766 W NearbyFragment: Download delay: 1s
07-04 23:30:49.083 11766 11766 W NearbyFragment: Started downloading from dashcam
07-04 23:31:04.045 11766 11988 W DashDownloadManager: Successfully downloaded 20200312_150643.mp4 in 14.891s
07-04 23:31:04.196 11766 11998 W mobile-ffmpeg: [mov,mp4,m4a,3gp,3g2,mj2 @ 0x7383d33000] Found duplicated MOOV Atom. Skipped it
07-04 23:31:04.352 11766 11998 W mobile-ffmpeg: [mov,mp4,m4a,3gp,3g2,mj2 @ 0x7383d33000] Found duplicated MOOV Atom. Skipped it
07-04 23:31:04.766 11766 11988 W NearbyFragment: Sending 20200312_150643!000.mp4 to Galaxy S8 [2802]
07-04 23:31:09.677 11766 11766 W NearbyFragment: Sending 20200312_150643!001.mp4 to Galaxy S8 [2802]
07-04 23:31:14.338 11766 11766 W NearbyFragment: Sending 20200312_150643!002.mp4 to Galaxy S8 [2802]
07-04 23:31:19.967 11766 11766 W NearbyFragment: Sending 20200312_150643!003.mp4 to Galaxy S8 [2802]
07-04 23:31:26.926 11766 11988 W DashDownloadManager: Successfully downloaded 20200312_150744.mp4 in 21.105s
07-04 23:31:26.937 11766 11998 W mobile-ffmpeg: [mov,mp4,m4a,3gp,3g2,mj2 @ 0x7383d33000] Found duplicated MOOV Atom. Skipped it
07-04 23:31:27.046 11766 11998 W mobile-ffmpeg: [mov,mp4,m4a,3gp,3g2,mj2 @ 0x7383d33000] Found duplicated MOOV Atom. Skipped it
07-04 23:31:27.694 11766 11988 W NearbyFragment: Sending 20200312_150744!000.mp4 to Galaxy S8 [2802]
07-04 23:31:32.486 11766 11766 W NearbyFragment: Sending 20200312_150744!001.mp4 to Galaxy S8 [2802]
07-04 23:31:37.177 11766 11766 W NearbyFragment: Sending 20200312_150744!002.mp4 to Galaxy S8 [2802]
07-04 23:31:42.066 11766 11766 W NearbyFragment: Sending 20200312_150744!003.mp4 to Galaxy S8 [2802]
07-04 23:31:49.846 11766 11988 W DashDownloadManager: Successfully downloaded 20200312_150844.mp4 in 21.095s
07-04 23:31:49.869 11766 11998 W mobile-ffmpeg: [mov,mp4,m4a,3gp,3g2,mj2 @ 0x7383d33000] Found duplicated MOOV Atom. Skipped it
07-04 23:31:49.994 11766 11998 W mobile-ffmpeg: [mov,mp4,m4a,3gp,3g2,mj2 @ 0x7383d33000] Found duplicated MOOV Atom. Skipped it
07-04 23:31:50.690 11766 11988 W NearbyFragment: Sending 20200312_150844!000.mp4 to Nexus 5 [1825]
07-04 23:31:51.168 11766 11766 W NearbyFragment: Sending 20200312_150844!001.mp4 to Galaxy S8 [2802]
07-04 23:31:51.722 11766 11766 W NearbyFragment: Completed downloading 20200312_150744!003.mp4 from Endpoint{id=d-d8, name=Galaxy S8 [2802]} in 00.557s
07-04 23:31:51.880 11766 11766 W FfmpegTools: Single segment returned, duration of 20200312_150744: 4.89
07-04 23:31:59.857 11766 11766 W NearbyFragment: Sending 20200312_150844!002.mp4 to Galaxy S8 [2802]
07-04 23:32:02.056 11766 11766 W NearbyFragment: Sending 20200312_150844!003.mp4 to Nexus 5 [1825]
07-04 23:32:02.985 11766 11766 W NearbyFragment: Completed downloading 20200312_150844!001.mp4 from Endpoint{id=d-d8, name=Galaxy S8 [2802]} in 03.133s
07-04 23:32:06.738 11766 11766 W NearbyFragment: Completed downloading 20200312_150844!000.mp4 from Endpoint{id=S3t6, name=Nexus 5 [1825]} in 04.688s
07-04 23:32:11.714 11766 11766 W NearbyFragment: Completed downloading 20200312_150844!002.mp4 from Endpoint{id=d-d8, name=Galaxy S8 [2802]} in 02.140s
07-04 23:32:17.832 11766 11766 W NearbyFragment: Completed downloading 20200312_150844!003.mp4 from Endpoint{id=S3t6, name=Nexus 5 [1825]} in 03.018s
07-04 23:32:19.583 11766 11766 W FfmpegTools: Merged duration of 20200312_150844: 60.08
07-04 23:32:23.630 11766 11988 W DashDownloadManager: Successfully downloaded 20200312_150944.mp4 in 31.864s
07-04 23:32:23.640 11766 11998 W mobile-ffmpeg: [mov,mp4,m4a,3gp,3g2,mj2 @ 0x7395441000] Found duplicated MOOV Atom. Skipped it
07-04 23:32:23.768 11766 11998 W mobile-ffmpeg: [mov,mp4,m4a,3gp,3g2,mj2 @ 0x7395441000] Found duplicated MOOV Atom. Skipped it
07-04 23:32:24.491 11766 11988 W NearbyFragment: Sending 20200312_150944!000.mp4 to Galaxy S8 [2802]
07-04 23:32:35.744 11766 11766 W NearbyFragment: Sending 20200312_150944!001.mp4 to Galaxy S8 [2802]
07-04 23:32:35.954 11766 11766 W NearbyFragment: Completed downloading 20200312_150944!000.mp4 from Endpoint{id=d-d8, name=Galaxy S8 [2802]} in 00.217s
07-04 23:32:40.248 11766 11766 W NearbyFragment: Sending 20200312_150944!002.mp4 to Galaxy S8 [2802]
07-04 23:32:43.648 11766 11988 W DashDownloadManager: Successfully downloaded 20200312_151044.mp4 in 18.065s
07-04 23:32:43.662 11766 11998 W mobile-ffmpeg: [mov,mp4,m4a,3gp,3g2,mj2 @ 0x7395441000] Found duplicated MOOV Atom. Skipped it
07-04 23:32:43.777 11766 11998 W mobile-ffmpeg: [mov,mp4,m4a,3gp,3g2,mj2 @ 0x7395441000] Found duplicated MOOV Atom. Skipped it
07-04 23:32:44.471 11766 11988 W NearbyFragment: Sending 20200312_150944!003.mp4 to Nexus 5 [1825]
07-04 23:32:47.410 11766 11766 W NearbyFragment: Sending 20200312_151044!000.mp4 to Galaxy S8 [2802]
07-04 23:32:52.968 11766 11766 W FfmpegTools: Single segment returned, duration of 20200312_150944: 7.07
07-04 23:32:53.061 11766 11766 W NearbyFragment: Sending 20200312_151044!001.mp4 to Nexus 5 [1825]
07-04 23:32:53.598 11766 11766 W NearbyFragment: Sending 20200312_151044!002.mp4 to Galaxy S8 [2802]
07-04 23:33:02.181 11766 11766 W NearbyFragment: Sending 20200312_151044!003.mp4 to Galaxy S8 [2802]
07-04 23:33:13.379 11766 11988 W DashDownloadManager: Successfully downloaded 20200312_193528.mp4 in 27.839s
07-04 23:33:13.390 11766 11998 W mobile-ffmpeg: [mov,mp4,m4a,3gp,3g2,mj2 @ 0x7395441000] Found duplicated MOOV Atom. Skipped it
07-04 23:33:13.480 11766 11998 W mobile-ffmpeg: [mov,mp4,m4a,3gp,3g2,mj2 @ 0x7395441000] Found duplicated MOOV Atom. Skipped it
07-04 23:33:14.120 11766 11988 W NearbyFragment: Sending 20200312_193528!000.mp4 to Galaxy S8 [2802]
07-04 23:33:18.864 11766 11766 W NearbyFragment: Sending 20200312_193528!001.mp4 to Galaxy S8 [2802]
07-04 23:33:23.666 11766 11766 W NearbyFragment: Sending 20200312_193528!002.mp4 to Galaxy S8 [2802]
07-04 23:33:28.370 11766 11766 W NearbyFragment: Sending 20200312_193528!003.mp4 to Galaxy S8 [2802]
07-04 23:33:39.688 11766 11988 W DashDownloadManager: Successfully downloaded 20200312_193628.mp4 in 24.502s
07-04 23:33:39.702 11766 11998 W mobile-ffmpeg: [mov,mp4,m4a,3gp,3g2,mj2 @ 0x7395441000] Found duplicated MOOV Atom. Skipped it
07-04 23:33:39.824 11766 11998 W mobile-ffmpeg: [mov,mp4,m4a,3gp,3g2,mj2 @ 0x7395441000] Found duplicated MOOV Atom. Skipped it
07-04 23:33:40.490 11766 11988 W NearbyFragment: Sending 20200312_193628!000.mp4 to Galaxy S8 [2802]
07-04 23:33:44.450 11766 11766 W NearbyFragment: Sending 20200312_193628!001.mp4 to Galaxy S8 [2802]
07-04 23:33:48.783 11766 11766 W NearbyFragment: Sending 20200312_193628!002.mp4 to Galaxy S8 [2802]
07-04 23:33:54.044 11766 11766 W NearbyFragment: Sending 20200312_193628!003.mp4 to Galaxy S8 [2802]
07-04 23:34:03.159 11766 11988 W DashDownloadManager: Successfully downloaded 20200312_193728.mp4 in 21.617s
07-04 23:34:03.173 11766 11998 W mobile-ffmpeg: [mov,mp4,m4a,3gp,3g2,mj2 @ 0x7395441600] Found duplicated MOOV Atom. Skipped it
07-04 23:34:03.298 11766 11998 W mobile-ffmpeg: [mov,mp4,m4a,3gp,3g2,mj2 @ 0x7395441600] Found duplicated MOOV Atom. Skipped it
07-04 23:34:04.758 11766 11988 W NearbyFragment: Sending 20200312_193728!000.mp4 to Galaxy S8 [2802]
07-04 23:34:04.785 11766 11766 W NearbyFragment: Completed downloading 20200312_193628!003.mp4 from Endpoint{id=d-d8, name=Galaxy S8 [2802]} in 00.375s
07-04 23:34:04.907 11766 11766 W FfmpegTools: Single segment returned, duration of 20200312_193628: 6.16
07-04 23:34:09.800 11766 11766 W NearbyFragment: Sending 20200312_193728!001.mp4 to Galaxy S8 [2802]
07-04 23:34:12.648 11766 11766 W NearbyFragment: Completed downloading 20200312_193728!000.mp4 from Endpoint{id=d-d8, name=Galaxy S8 [2802]} in 02.853s
07-04 23:34:16.736 11766 11766 W NearbyFragment: Sending 20200312_193728!002.mp4 to Galaxy S8 [2802]
07-04 23:34:19.200 11766 11766 W NearbyFragment: Completed downloading 20200312_193728!001.mp4 from Endpoint{id=d-d8, name=Galaxy S8 [2802]} in 02.470s
07-04 23:34:23.661 11766 11766 W NearbyFragment: Sending 20200312_193728!003.mp4 to Galaxy S8 [2802]
07-04 23:34:25.765 11766 11766 W NearbyFragment: Completed downloading 20200312_193728!002.mp4 from Endpoint{id=d-d8, name=Galaxy S8 [2802]} in 02.111s
07-04 23:34:30.822 11766 11766 W NearbyFragment: Completed downloading 20200312_193728!003.mp4 from Endpoint{id=d-d8, name=Galaxy S8 [2802]} in 01.617s
07-04 23:34:33.003 11766 11766 W FfmpegTools: Merged duration of 20200312_193728: 60.07
07-04 23:34:33.415 11766 11988 W DashDownloadManager: Successfully downloaded 20200312_193828.mp4 in 27.575s
07-04 23:34:33.426 11766 11998 W mobile-ffmpeg: [mov,mp4,m4a,3gp,3g2,mj2 @ 0x7395441600] Found duplicated MOOV Atom. Skipped it
07-04 23:34:33.555 11766 11998 W mobile-ffmpeg: [mov,mp4,m4a,3gp,3g2,mj2 @ 0x7395441600] Found duplicated MOOV Atom. Skipped it
07-04 23:34:34.250 11766 11988 W NearbyFragment: Sending 20200312_193828!000.mp4 to Galaxy S8 [2802]
07-04 23:34:52.224 11766 11766 W NearbyFragment: Sending 20200312_193828!001.mp4 to Galaxy S8 [2802]
07-04 23:34:52.591 11766 11766 W NearbyFragment: Completed downloading 20200312_193828!000.mp4 from Endpoint{id=d-d8, name=Galaxy S8 [2802]} in 00.371s
07-04 23:34:56.805 11766 11766 W NearbyFragment: Sending 20200312_193828!002.mp4 to Galaxy S8 [2802]
07-04 23:34:59.796 11766 11988 W DashDownloadManager: Successfully downloaded 20200312_193928.mp4 in 24.494s
07-04 23:34:59.806 11766 11998 W mobile-ffmpeg: [mov,mp4,m4a,3gp,3g2,mj2 @ 0x7395441600] Found duplicated MOOV Atom. Skipped it
07-04 23:34:59.899 11766 11998 W mobile-ffmpeg: [mov,mp4,m4a,3gp,3g2,mj2 @ 0x7395441600] Found duplicated MOOV Atom. Skipped it
07-04 23:35:01.661 11766 11766 W NearbyFragment: Sending 20200312_193828!003.mp4 to Galaxy S8 [2802]
07-04 23:35:02.332 11766 11988 W NearbyFragment: Sending 20200312_193928!000.mp4 to Nexus 5 [1825]
07-04 23:35:04.920 11766 11766 W FfmpegTools: Single segment returned, duration of 20200312_193828: 14.28
07-04 23:35:05.072 11766 11766 W NearbyFragment: Sending 20200312_193928!001.mp4 to Galaxy S8 [2802]
07-04 23:35:11.914 11766 11766 W NearbyFragment: Sending 20200312_193928!002.mp4 to Galaxy S8 [2802]
07-04 23:35:13.969 11766 11766 W NearbyFragment: Sending 20200312_193928!003.mp4 to Nexus 5 [1825]
07-04 23:35:29.833 11766 11988 W DashDownloadManager: Successfully downloaded 20200312_194129.mp4 in 26.444s
07-04 23:35:29.844 11766 11998 W mobile-ffmpeg: [mov,mp4,m4a,3gp,3g2,mj2 @ 0x7395441600] Found duplicated MOOV Atom. Skipped it
07-04 23:35:29.936 11766 11998 W mobile-ffmpeg: [mov,mp4,m4a,3gp,3g2,mj2 @ 0x7395441600] Found duplicated MOOV Atom. Skipped it
07-04 23:35:31.063 11766 11988 W NearbyFragment: Sending 20200312_194129!000.mp4 to Galaxy S8 [2802]
07-04 23:35:35.136 11766 11766 W NearbyFragment: Sending 20200312_194129!001.mp4 to Galaxy S8 [2802]
07-04 23:35:44.132 11766 11766 W NearbyFragment: Sending 20200312_194129!002.mp4 to Galaxy S8 [2802]
07-04 23:35:44.257 11766 11766 W NearbyFragment: Completed downloading 20200312_194129!001.mp4 from Endpoint{id=d-d8, name=Galaxy S8 [2802]} in 00.132s
07-04 23:35:52.839 11766 11988 W DashDownloadManager: Successfully downloaded 20200312_194229.mp4 in 20.718s
07-04 23:35:52.856 11766 11998 W mobile-ffmpeg: [mov,mp4,m4a,3gp,3g2,mj2 @ 0x7395441600] Found duplicated MOOV Atom. Skipped it
07-04 23:35:53.029 11766 11998 W mobile-ffmpeg: [mov,mp4,m4a,3gp,3g2,mj2 @ 0x7395441600] Found duplicated MOOV Atom. Skipped it
07-04 23:35:53.982 11766 11988 W NearbyFragment: Sending 20200312_194129!003.mp4 to Nexus 5 [1825]
07-04 23:35:56.085 11766 11766 W NearbyFragment: Sending 20200312_194229!000.mp4 to Galaxy S8 [2802]
07-04 23:35:56.264 11766 11766 W NearbyFragment: Completed downloading 20200312_194129!002.mp4 from Endpoint{id=d-d8, name=Galaxy S8 [2802]} in 00.184s
07-04 23:36:04.203 11766 11766 W NearbyFragment: Sending 20200312_194229!001.mp4 to Nexus 5 [1825]
07-04 23:36:04.255 11766 11766 W NearbyFragment: Completed downloading 20200312_194129!003.mp4 from Endpoint{id=S3t6, name=Nexus 5 [1825]} in 00.059s
07-04 23:36:04.685 11766 11766 W FfmpegTools: Merged duration of 20200312_194129: 11.04
07-04 23:36:08.731 11766 11766 W NearbyFragment: Sending 20200312_194229!002.mp4 to Galaxy S8 [2802]
07-04 23:36:08.976 11766 11766 W NearbyFragment: Completed downloading 20200312_194229!000.mp4 from Endpoint{id=d-d8, name=Galaxy S8 [2802]} in 00.254s
07-04 23:36:13.655 11766 11766 W NearbyFragment: Sending 20200312_194229!003.mp4 to Galaxy S8 [2802]
07-04 23:36:19.098 11766 11988 W DashDownloadManager: Successfully downloaded 20200312_194330.mp4 in 24.049s
07-04 23:36:19.114 11766 11998 W mobile-ffmpeg: [mov,mp4,m4a,3gp,3g2,mj2 @ 0x7395441600] Found duplicated MOOV Atom. Skipped it
07-04 23:36:19.232 11766 11998 W mobile-ffmpeg: [mov,mp4,m4a,3gp,3g2,mj2 @ 0x7395441600] Found duplicated MOOV Atom. Skipped it
07-04 23:36:20.516 11766 11988 W NearbyFragment: Sending 20200312_194330!000.mp4 to Galaxy S8 [2802]
07-04 23:36:24.719 11766 11766 W NearbyFragment: Sending 20200312_194330!001.mp4 to Galaxy S8 [2802]
07-04 23:36:30.072 11766 11766 W NearbyFragment: Sending 20200312_194330!002.mp4 to Galaxy S8 [2802]
07-04 23:36:34.384 11766 11766 W NearbyFragment: Sending 20200312_194330!003.mp4 to Galaxy S8 [2802]
07-04 23:36:37.197 11766 11766 W NearbyFragment: Completed downloading 20200312_194229!001.mp4 from Endpoint{id=S3t6, name=Nexus 5 [1825]} in 00.337s
07-04 23:36:37.696 11766 11766 W FfmpegTools: Merged duration of 20200312_194229: 14.35
07-04 23:36:41.783 11766 11988 W DashDownloadManager: Successfully downloaded 20200312_194730.mp4 in 20.199s
07-04 23:36:41.798 11766 11998 W mobile-ffmpeg: [mov,mp4,m4a,3gp,3g2,mj2 @ 0x7395441600] Found duplicated MOOV Atom. Skipped it
07-04 23:36:41.919 11766 11998 W mobile-ffmpeg: [mov,mp4,m4a,3gp,3g2,mj2 @ 0x7395441600] Found duplicated MOOV Atom. Skipped it
07-04 23:36:42.795 11766 11988 W NearbyFragment: Sending 20200312_194730!000.mp4 to Galaxy S8 [2802]
07-04 23:36:47.590 11766 11766 W NearbyFragment: Sending 20200312_194730!001.mp4 to Galaxy S8 [2802]
07-04 23:36:51.828 11766 11766 W NearbyFragment: Sending 20200312_194730!002.mp4 to Galaxy S8 [2802]
07-04 23:36:56.442 11766 11766 W NearbyFragment: Sending 20200312_194730!003.mp4 to Galaxy S8 [2802]
07-04 23:37:04.013 11766 11988 W DashDownloadManager: Successfully downloaded 20200312_194830.mp4 in 20.163s
07-04 23:37:04.027 11766 11998 W mobile-ffmpeg: [mov,mp4,m4a,3gp,3g2,mj2 @ 0x7395441600] Found duplicated MOOV Atom. Skipped it
07-04 23:37:04.213 11766 11998 W mobile-ffmpeg: [mov,mp4,m4a,3gp,3g2,mj2 @ 0x7395441600] Found duplicated MOOV Atom. Skipped it
07-04 23:37:05.203 11766 11988 W NearbyFragment: Sending 20200312_194830!000.mp4 to Galaxy S8 [2802]
07-04 23:37:14.375 11766 11766 W NearbyFragment: Sending 20200312_194830!001.mp4 to Galaxy S8 [2802]
07-04 23:37:14.500 11766 11766 W NearbyFragment: Completed downloading 20200312_194830!000.mp4 from Endpoint{id=d-d8, name=Galaxy S8 [2802]} in 00.129s
07-04 23:37:23.863 11766 11988 W DashDownloadManager: Successfully downloaded 20200312_194930.mp4 in 17.602s
07-04 23:37:23.880 11766 11998 W mobile-ffmpeg: [mov,mp4,m4a,3gp,3g2,mj2 @ 0x7395441600] Found duplicated MOOV Atom. Skipped it
07-04 23:37:24.059 11766 11998 W mobile-ffmpeg: [mov,mp4,m4a,3gp,3g2,mj2 @ 0x7395441600] Found duplicated MOOV Atom. Skipped it
07-04 23:37:25.737 11766 11988 W NearbyFragment: Sending 20200312_194830!002.mp4 to Nexus 5 [1825]
07-04 23:37:27.676 11766 11766 W NearbyFragment: Sending 20200312_194830!003.mp4 to Galaxy S8 [2802]
07-04 23:37:28.054 11766 11766 W NearbyFragment: Completed downloading 20200312_194830!001.mp4 from Endpoint{id=d-d8, name=Galaxy S8 [2802]} in 00.381s
07-04 23:37:32.313 11766 11766 W NearbyFragment: Sending 20200312_194930!000.mp4 to Galaxy S8 [2802]
07-04 23:37:46.214 11766 11766 W NearbyFragment: Sending 20200312_194930!001.mp4 to Galaxy S8 [2802]
07-04 23:37:46.472 11766 11766 W NearbyFragment: Completed downloading 20200312_194930!000.mp4 from Endpoint{id=d-d8, name=Galaxy S8 [2802]} in 00.265s
07-04 23:37:49.273 11766 11988 W DashDownloadManager: Successfully downloaded 20200312_195230.mp4 in 22.483s
07-04 23:37:49.289 11766 11998 W mobile-ffmpeg: [mov,mp4,m4a,3gp,3g2,mj2 @ 0x7395441600] Found duplicated MOOV Atom. Skipped it
07-04 23:37:49.406 11766 11998 W mobile-ffmpeg: [mov,mp4,m4a,3gp,3g2,mj2 @ 0x7395441600] Found duplicated MOOV Atom. Skipped it
07-04 23:37:50.325 11766 11988 W NearbyFragment: Sending 20200312_194930!002.mp4 to Nexus 5X [9c8f]
07-04 23:37:52.708 11766 11766 W NearbyFragment: Sending 20200312_194930!003.mp4 to Galaxy S8 [2802]
07-04 23:37:52.798 11766 11766 W NearbyFragment: Completed downloading 20200312_194930!001.mp4 from Endpoint{id=d-d8, name=Galaxy S8 [2802]} in 00.099s
07-04 23:37:58.866 11766 11766 W NearbyFragment: Sending 20200312_195230!000.mp4 to Nexus 5X [9c8f]
07-04 23:38:00.767 11766 11766 W NearbyFragment: Sending 20200312_195230!001.mp4 to Nexus 5 [1825]
07-04 23:38:01.220 11766 11766 W NearbyFragment: Completed downloading 20200312_194830!002.mp4 from Endpoint{id=S3t6, name=Nexus 5 [1825]} in 00.455s
07-04 23:38:01.769 11766 11766 W FfmpegTools: Merged duration of 20200312_194830: 20.90
07-04 23:38:05.179 11766 11766 W NearbyFragment: Sending 20200312_195230!002.mp4 to Nexus 5X [9c8f]
07-04 23:38:09.262 11766 11766 W NearbyFragment: Sending 20200312_195230!003.mp4 to Galaxy S8 [2802]
07-04 23:38:09.533 11766 11766 W NearbyFragment: Completed downloading 20200312_194930!003.mp4 from Endpoint{id=d-d8, name=Galaxy S8 [2802]} in 00.282s
07-04 23:38:10.107 11766 11766 W FfmpegTools: Merged duration of 20200312_194930: 22.33
07-04 23:38:19.231 11766 11988 W DashDownloadManager: Successfully downloaded 20200312_195330.mp4 in 27.792s
07-04 23:38:19.246 11766 11998 W mobile-ffmpeg: [mov,mp4,m4a,3gp,3g2,mj2 @ 0x7395441600] Found duplicated MOOV Atom. Skipped it
07-04 23:38:19.371 11766 11998 W mobile-ffmpeg: [mov,mp4,m4a,3gp,3g2,mj2 @ 0x7395441600] Found duplicated MOOV Atom. Skipped it
07-04 23:38:20.942 11766 11988 W NearbyFragment: Sending 20200312_195330!000.mp4 to Galaxy S8 [2802]
07-04 23:38:27.921 11766 11766 W NearbyFragment: Sending 20200312_195330!001.mp4 to Galaxy S8 [2802]
07-04 23:38:28.003 11766 11766 W NearbyFragment: Completed downloading 20200312_195330!000.mp4 from Endpoint{id=d-d8, name=Galaxy S8 [2802]} in 00.087s
07-04 23:38:38.062 11766 11766 W NearbyFragment: Sending 20200312_195330!002.mp4 to Nexus 5 [1825]
07-04 23:38:38.483 11766 11766 W NearbyFragment: Completed downloading 20200312_195230!001.mp4 from Endpoint{id=S3t6, name=Nexus 5 [1825]} in 00.426s
07-04 23:38:38.649 11766 11766 W FfmpegTools: Single segment returned, duration of 20200312_195230: 6.97
07-04 23:38:43.343 11766 11766 W NearbyFragment: Sending 20200312_195330!003.mp4 to Galaxy S8 [2802]
07-04 23:38:43.735 11766 11766 W NearbyFragment: Completed downloading 20200312_195330!001.mp4 from Endpoint{id=d-d8, name=Galaxy S8 [2802]} in 00.398s
07-04 23:38:47.431 11766 11988 W DashDownloadManager: Successfully downloaded 20200312_195430.mp4 in 25.438s
07-04 23:38:47.445 11766 11998 W mobile-ffmpeg: [mov,mp4,m4a,3gp,3g2,mj2 @ 0x7395441600] Found duplicated MOOV Atom. Skipped it
07-04 23:38:47.622 11766 11998 W mobile-ffmpeg: [mov,mp4,m4a,3gp,3g2,mj2 @ 0x7395441600] Found duplicated MOOV Atom. Skipped it
07-04 23:38:49.569 11766 11988 W NearbyFragment: Sending 20200312_195430!000.mp4 to Nexus 5X [9c8f]
07-04 23:38:50.575 11766 11988 W NearbyFragment: Stopped downloading from dashcam
07-04 23:38:51.048 11766 11766 W NearbyFragment: Sending 20200312_195430!001.mp4 to Galaxy S8 [2802]
07-04 23:38:51.130 11766 11766 W NearbyFragment: Completed downloading 20200312_195330!003.mp4 from Endpoint{id=d-d8, name=Galaxy S8 [2802]} in 00.085s
07-04 23:39:01.860 11766 11766 W NearbyFragment: Sending 20200312_195430!002.mp4 to Galaxy S8 [2802]
07-04 23:39:02.135 11766 11766 W NearbyFragment: Completed downloading 20200312_195430!001.mp4 from Endpoint{id=d-d8, name=Galaxy S8 [2802]} in 00.281s
07-04 23:39:05.839 11766 11766 W NearbyFragment: Sending 20200312_195430!003.mp4 to Nexus 5X [9c8f]
07-04 23:39:05.936 11766 11766 W NearbyFragment: Completed downloading 20200312_195430!000.mp4 from Endpoint{id=Mia8, name=Nexus 5X [9c8f]} in 00.108s
07-04 23:39:11.767 11766 11766 W NearbyFragment: Completed downloading 20200312_195430!002.mp4 from Endpoint{id=d-d8, name=Galaxy S8 [2802]} in 00.078s
07-04 23:39:20.395 11766 11766 W NearbyFragment: Completed downloading 20200312_195430!003.mp4 from Endpoint{id=Mia8, name=Nexus 5X [9c8f]} in 00.163s
07-04 23:39:20.919 11766 11766 W FfmpegTools: Merged duration of 20200312_195430: 21.94
07-04 23:39:21.527 11766 11766 W NearbyFragment: Completed downloading 20200312_195330!002.mp4 from Endpoint{id=S3t6, name=Nexus 5 [1825]} in 00.004s
07-04 23:39:22.133 11766 11766 W FfmpegTools: Merged duration of 20200312_195330: 24.63
