07-04 23:36:31.586  5223  8170 W Summariser: No activity detected
07-04 23:36:31.623  5223  8170 W Summariser: Summarisation completed
07-04 23:36:31.623  5223  8170 W Summariser:   filename: 20200312_194330!001.mp4
07-04 23:36:31.623  5223  8170 W Summariser:   active sections: 0
07-04 23:36:31.623  5223  8170 W Summariser:   time: 02.059s
07-04 23:36:31.623  5223  8170 W Summariser:   original duration: 16.01
07-04 23:36:31.623  5223  8170 W Summariser:   summarised duration: -1.00
07-04 23:36:31.623  5223  8170 W Summariser:   noise tolerance: 45.00
07-04 23:36:31.623  5223  8170 W Summariser:   quality: 23
07-04 23:36:31.623  5223  8170 W Summariser:   speed: medium
07-04 23:36:31.623  5223  8170 W Summariser:   freeze duration: 1.00
07-04 23:36:33.985  5223  5223 W NearbyFragment: Completed downloading 20200312_194330!002.mp4 from Endpoint{id=h5xw, name=Nexus 5X [34d8]} in 02.164s
07-04 23:36:34.161  5223  6452 W mobile-ffmpeg: [graph 0 input from stream 0:0 @ 0x7a5881adc0] sws_param option is deprecated and ignored
07-04 23:36:35.997  5223  8197 W Summariser: No activity detected
07-04 23:36:36.035  5223  8197 W Summariser: Summarisation completed
07-04 23:36:36.035  5223  8197 W Summariser:   filename: 20200312_194330!002.mp4
07-04 23:36:36.035  5223  8197 W Summariser:   active sections: 0
07-04 23:36:36.035  5223  8197 W Summariser:   time: 01.962s
07-04 23:36:36.035  5223  8197 W Summariser:   original duration: 16.01
07-04 23:36:36.035  5223  8197 W Summariser:   summarised duration: -1.00
07-04 23:36:36.035  5223  8197 W Summariser:   noise tolerance: 45.00
07-04 23:36:36.035  5223  8197 W Summariser:   quality: 23
07-04 23:36:36.035  5223  8197 W Summariser:   speed: medium
07-04 23:36:36.035  5223  8197 W Summariser:   freeze duration: 1.00
07-04 23:36:38.345  5223  5223 W NearbyFragment: Completed downloading 20200312_194330!003.mp4 from Endpoint{id=h5xw, name=Nexus 5X [34d8]} in 02.224s
07-04 23:36:38.563  5223  6452 W mobile-ffmpeg: [graph 0 input from stream 0:0 @ 0x7a5881adc0] sws_param option is deprecated and ignored
07-04 23:36:39.949  5223  8225 W Summariser: No activity detected
07-04 23:36:39.976  5223  8225 W Summariser: Summarisation completed
07-04 23:36:39.976  5223  8225 W Summariser:   filename: 20200312_194330!003.mp4
07-04 23:36:39.976  5223  8225 W Summariser:   active sections: 0
07-04 23:36:39.976  5223  8225 W Summariser:   time: 01.521s
07-04 23:36:39.976  5223  8225 W Summariser:   original duration: 12.01
07-04 23:36:39.976  5223  8225 W Summariser:   summarised duration: -1.00
07-04 23:36:39.976  5223  8225 W Summariser:   noise tolerance: 45.00
07-04 23:36:39.976  5223  8225 W Summariser:   quality: 23
07-04 23:36:39.976  5223  8225 W Summariser:   speed: medium
07-04 23:36:39.976  5223  8225 W Summariser:   freeze duration: 1.00
07-04 23:36:47.047  5223  5223 W NearbyFragment: Completed downloading 20200312_194730!000.mp4 from Endpoint{id=h5xw, name=Nexus 5X [34d8]} in 02.308s
07-04 23:36:47.224  5223  6452 W mobile-ffmpeg: [graph 0 input from stream 0:0 @ 0x7a5881adc0] sws_param option is deprecated and ignored
07-04 23:36:49.206  5223  8278 W Summariser: No activity detected
07-04 23:36:49.232  5223  8278 W Summariser: Summarisation completed
07-04 23:36:49.232  5223  8278 W Summariser:   filename: 20200312_194730!000.mp4
07-04 23:36:49.232  5223  8278 W Summariser:   active sections: 0
07-04 23:36:49.232  5223  8278 W Summariser:   time: 02.092s
07-04 23:36:49.232  5223  8278 W Summariser:   original duration: 16.07
07-04 23:36:49.232  5223  8278 W Summariser:   summarised duration: -1.00
07-04 23:36:49.232  5223  8278 W Summariser:   noise tolerance: 45.00
07-04 23:36:49.232  5223  8278 W Summariser:   quality: 23
07-04 23:36:49.232  5223  8278 W Summariser:   speed: medium
07-04 23:36:49.232  5223  8278 W Summariser:   freeze duration: 1.00
07-04 23:36:51.308  5223  5223 W NearbyFragment: Completed downloading 20200312_194730!001.mp4 from Endpoint{id=h5xw, name=Nexus 5X [34d8]} in 01.980s
07-04 23:36:51.523  5223  6452 W mobile-ffmpeg: [graph 0 input from stream 0:0 @ 0x7a5881adc0] sws_param option is deprecated and ignored
07-04 23:36:53.460  5223  8306 W Summariser: No activity detected
07-04 23:36:53.496  5223  8306 W Summariser: Summarisation completed
07-04 23:36:53.496  5223  8306 W Summariser:   filename: 20200312_194730!001.mp4
07-04 23:36:53.496  5223  8306 W Summariser:   active sections: 0
07-04 23:36:53.496  5223  8306 W Summariser:   time: 02.074s
07-04 23:36:53.496  5223  8306 W Summariser:   original duration: 16.02
07-04 23:36:53.496  5223  8306 W Summariser:   summarised duration: -1.00
07-04 23:36:53.496  5223  8306 W Summariser:   noise tolerance: 45.00
07-04 23:36:53.496  5223  8306 W Summariser:   quality: 23
07-04 23:36:53.496  5223  8306 W Summariser:   speed: medium
07-04 23:36:53.496  5223  8306 W Summariser:   freeze duration: 1.00
07-04 23:36:55.916  5223  5223 W NearbyFragment: Completed downloading 20200312_194730!002.mp4 from Endpoint{id=h5xw, name=Nexus 5X [34d8]} in 02.362s
07-04 23:36:56.076  5223  6452 W mobile-ffmpeg: [graph 0 input from stream 0:0 @ 0x7a5881adc0] sws_param option is deprecated and ignored
07-04 23:36:58.037  5223  8333 W Summariser: No activity detected
07-04 23:36:58.073  5223  8333 W Summariser: Summarisation completed
07-04 23:36:58.073  5223  8333 W Summariser:   filename: 20200312_194730!002.mp4
07-04 23:36:58.073  5223  8333 W Summariser:   active sections: 0
07-04 23:36:58.073  5223  8333 W Summariser:   time: 02.073s
07-04 23:36:58.073  5223  8333 W Summariser:   original duration: 16.01
07-04 23:36:58.073  5223  8333 W Summariser:   summarised duration: -1.00
07-04 23:36:58.073  5223  8333 W Summariser:   noise tolerance: 45.00
07-04 23:36:58.073  5223  8333 W Summariser:   quality: 23
07-04 23:36:58.073  5223  8333 W Summariser:   speed: medium
07-04 23:36:58.073  5223  8333 W Summariser:   freeze duration: 1.00
07-04 23:37:00.050  5223  5223 W NearbyFragment: Completed downloading 20200312_194730!003.mp4 from Endpoint{id=h5xw, name=Nexus 5X [34d8]} in 01.871s
07-04 23:37:00.196  5223  6452 W mobile-ffmpeg: [graph 0 input from stream 0:0 @ 0x7a5881adc0] sws_param option is deprecated and ignored
07-04 23:37:01.662  5223  8364 W Summariser: No activity detected
07-04 23:37:01.687  5223  8364 W Summariser: Summarisation completed
07-04 23:37:01.687  5223  8364 W Summariser:   filename: 20200312_194730!003.mp4
07-04 23:37:01.687  5223  8364 W Summariser:   active sections: 0
07-04 23:37:01.687  5223  8364 W Summariser:   time: 01.567s
07-04 23:37:01.687  5223  8364 W Summariser:   original duration: 12.03
07-04 23:37:01.687  5223  8364 W Summariser:   summarised duration: -1.00
07-04 23:37:01.687  5223  8364 W Summariser:   noise tolerance: 45.00
07-04 23:37:01.687  5223  8364 W Summariser:   quality: 23
07-04 23:37:01.687  5223  8364 W Summariser:   speed: medium
07-04 23:37:01.687  5223  8364 W Summariser:   freeze duration: 1.00
07-04 23:37:08.886  5223  5223 W NearbyFragment: Completed downloading 20200312_194830!000.mp4 from Endpoint{id=h5xw, name=Nexus 5X [34d8]} in 01.905s
07-04 23:37:09.066  5223  6452 W mobile-ffmpeg: [graph 0 input from stream 0:0 @ 0x7a5881adc0] sws_param option is deprecated and ignored
07-04 23:37:11.018  5223  8391 W Summariser: 1 active sections found
07-04 23:37:11.097  5223  6452 W mobile-ffmpeg: [graph 0 input from stream 0:0 @ 0x7a5881aa00] sws_param option is deprecated and ignored
07-04 23:37:16.038  5223  8391 W Summariser: Summarisation completed
07-04 23:37:16.038  5223  8391 W Summariser:   filename: 20200312_194830!000.mp4
07-04 23:37:16.038  5223  8391 W Summariser:   active sections: 1
07-04 23:37:16.038  5223  8391 W Summariser:   time: 07.035s
07-04 23:37:16.038  5223  8391 W Summariser:   original duration: 16.06
07-04 23:37:16.038  5223  8391 W Summariser:   summarised duration: 3.97
07-04 23:37:16.038  5223  8391 W Summariser:   noise tolerance: 45.00
07-04 23:37:16.038  5223  8391 W Summariser:   quality: 23
07-04 23:37:16.038  5223  8391 W Summariser:   speed: medium
07-04 23:37:16.038  5223  8391 W Summariser:   freeze duration: 1.00
07-04 23:37:16.054  5223  8391 W NearbyFragment: Sending 20200312_194830!000.mp4 to Nexus 5X [34d8]
07-04 23:37:18.672  5223  5223 W NearbyFragment: Completed downloading 20200312_194830!001.mp4 from Endpoint{id=h5xw, name=Nexus 5X [34d8]} in 02.552s
07-04 23:37:18.929  5223  6452 W mobile-ffmpeg: [graph 0 input from stream 0:0 @ 0x7a5881adc0] sws_param option is deprecated and ignored
07-04 23:37:21.052  5223  8456 W Summariser: 2 active sections found
07-04 23:37:21.111  5223  6452 W mobile-ffmpeg: [graph 0 input from stream 0:0 @ 0x7a5881adc0] sws_param option is deprecated and ignored
07-04 23:37:21.112  5223  6452 W mobile-ffmpeg: [graph 0 input from stream 0:0 @ 0x7a3a1e6180] sws_param option is deprecated and ignored
07-04 23:37:29.317  5223  8456 W Summariser: Summarisation completed
07-04 23:37:29.317  5223  8456 W Summariser:   filename: 20200312_194830!001.mp4
07-04 23:37:29.317  5223  8456 W Summariser:   active sections: 2
07-04 23:37:29.317  5223  8456 W Summariser:   time: 10.518s
07-04 23:37:29.317  5223  8456 W Summariser:   original duration: 16.01
07-04 23:37:29.317  5223  8456 W Summariser:   summarised duration: 8.10
07-04 23:37:29.317  5223  8456 W Summariser:   noise tolerance: 45.00
07-04 23:37:29.317  5223  8456 W Summariser:   quality: 23
07-04 23:37:29.317  5223  8456 W Summariser:   speed: medium
07-04 23:37:29.317  5223  8456 W Summariser:   freeze duration: 1.00
07-04 23:37:29.348  5223  8456 W NearbyFragment: Sending 20200312_194830!001.mp4 to Nexus 5X [34d8]
07-04 23:37:32.363  5223  5223 W NearbyFragment: Completed downloading 20200312_194830!003.mp4 from Endpoint{id=h5xw, name=Nexus 5X [34d8]} in 02.954s
07-04 23:37:32.581  5223  6452 W mobile-ffmpeg: [graph 0 input from stream 0:0 @ 0x7a5881a580] sws_param option is deprecated and ignored
07-04 23:37:33.944  5223  8521 W Summariser: No activity detected
07-04 23:37:33.970  5223  8521 W Summariser: Summarisation completed
07-04 23:37:33.970  5223  8521 W Summariser:   filename: 20200312_194830!003.mp4
07-04 23:37:33.970  5223  8521 W Summariser:   active sections: 0
07-04 23:37:33.970  5223  8521 W Summariser:   time: 01.525s
07-04 23:37:33.970  5223  8521 W Summariser:   original duration: 11.98
07-04 23:37:33.970  5223  8521 W Summariser:   summarised duration: -1.00
07-04 23:37:33.970  5223  8521 W Summariser:   noise tolerance: 45.00
07-04 23:37:33.970  5223  8521 W Summariser:   quality: 23
07-04 23:37:33.970  5223  8521 W Summariser:   speed: medium
07-04 23:37:33.970  5223  8521 W Summariser:   freeze duration: 1.00
07-04 23:37:36.267  5223  5223 W NearbyFragment: Completed downloading 20200312_194930!000.mp4 from Endpoint{id=h5xw, name=Nexus 5X [34d8]} in 02.174s
07-04 23:37:36.461  5223  6452 W mobile-ffmpeg: [graph 0 input from stream 0:0 @ 0x7a5881a580] sws_param option is deprecated and ignored
07-04 23:37:38.454  5223  8548 W Summariser: 1 active sections found
07-04 23:37:38.501  5223  6452 W mobile-ffmpeg: [graph 0 input from stream 0:0 @ 0x7a5881a4c0] sws_param option is deprecated and ignored
07-04 23:37:47.865  5223  8548 W Summariser: Summarisation completed
07-04 23:37:47.865  5223  8548 W Summariser:   filename: 20200312_194930!000.mp4
07-04 23:37:47.865  5223  8548 W Summariser:   active sections: 1
07-04 23:37:47.865  5223  8548 W Summariser:   time: 11.474s
07-04 23:37:47.865  5223  8548 W Summariser:   original duration: 16.07
07-04 23:37:47.865  5223  8548 W Summariser:   summarised duration: 9.36
07-04 23:37:47.865  5223  8548 W Summariser:   noise tolerance: 45.00
07-04 23:37:47.865  5223  8548 W Summariser:   quality: 23
07-04 23:37:47.865  5223  8548 W Summariser:   speed: medium
07-04 23:37:47.865  5223  8548 W Summariser:   freeze duration: 1.00
07-04 23:37:47.879  5223  8548 W NearbyFragment: Sending 20200312_194930!000.mp4 to Nexus 5X [34d8]
07-04 23:37:50.206  5223  5223 W NearbyFragment: Completed downloading 20200312_194930!001.mp4 from Endpoint{id=h5xw, name=Nexus 5X [34d8]} in 02.248s
07-04 23:37:50.480  5223  6452 W mobile-ffmpeg: [graph 0 input from stream 0:0 @ 0x7a5881a580] sws_param option is deprecated and ignored
07-04 23:37:52.353  5223  8614 W Summariser: 1 active sections found
07-04 23:37:52.414  5223  6452 W mobile-ffmpeg: [graph 0 input from stream 0:0 @ 0x7a5881a4c0] sws_param option is deprecated and ignored
07-04 23:37:54.355  5223  8614 W Summariser: Summarisation completed
07-04 23:37:54.355  5223  8614 W Summariser:   filename: 20200312_194930!001.mp4
07-04 23:37:54.355  5223  8614 W Summariser:   active sections: 1
07-04 23:37:54.355  5223  8614 W Summariser:   time: 04.025s
07-04 23:37:54.355  5223  8614 W Summariser:   original duration: 16.01
07-04 23:37:54.355  5223  8614 W Summariser:   summarised duration: 2.02
07-04 23:37:54.355  5223  8614 W Summariser:   noise tolerance: 45.00
07-04 23:37:54.355  5223  8614 W Summariser:   quality: 23
07-04 23:37:54.355  5223  8614 W Summariser:   speed: medium
07-04 23:37:54.355  5223  8614 W Summariser:   freeze duration: 1.00
07-04 23:37:54.369  5223  8614 W NearbyFragment: Sending 20200312_194930!001.mp4 to Nexus 5X [34d8]
07-04 23:37:58.329  5223  5223 W NearbyFragment: Completed downloading 20200312_194930!003.mp4 from Endpoint{id=h5xw, name=Nexus 5X [34d8]} in 03.885s
07-04 23:37:58.581  5223  6452 W mobile-ffmpeg: [graph 0 input from stream 0:0 @ 0x7a5881a580] sws_param option is deprecated and ignored
07-04 23:38:00.101  5223  8681 W Summariser: 1 active sections found
07-04 23:38:00.145  5223  6452 W mobile-ffmpeg: [graph 0 input from stream 0:0 @ 0x7a5881a4c0] sws_param option is deprecated and ignored
07-04 23:38:10.746  5223  8681 W Summariser: Summarisation completed
07-04 23:38:10.746  5223  8681 W Summariser:   filename: 20200312_194930!003.mp4
07-04 23:38:10.746  5223  8681 W Summariser:   active sections: 1
07-04 23:38:10.746  5223  8681 W Summariser:   time: 12.303s
07-04 23:38:10.746  5223  8681 W Summariser:   original duration: 12.01
07-04 23:38:10.746  5223  8681 W Summariser:   summarised duration: 10.95
07-04 23:38:10.746  5223  8681 W Summariser:   noise tolerance: 45.00
07-04 23:38:10.746  5223  8681 W Summariser:   quality: 23
07-04 23:38:10.746  5223  8681 W Summariser:   speed: medium
07-04 23:38:10.746  5223  8681 W Summariser:   freeze duration: 1.00
07-04 23:38:10.772  5223  8681 W NearbyFragment: Sending 20200312_194930!003.mp4 to Nexus 5X [34d8]
07-04 23:38:13.036  5223  5223 W NearbyFragment: Completed downloading 20200312_195230!003.mp4 from Endpoint{id=h5xw, name=Nexus 5X [34d8]} in 02.039s
07-04 23:38:13.146  5223  6452 W mobile-ffmpeg: [graph 0 input from stream 0:0 @ 0x7a5881a580] sws_param option is deprecated and ignored
07-04 23:38:14.619  5223  8750 W Summariser: No activity detected
07-04 23:38:14.644  5223  8750 W Summariser: Summarisation completed
07-04 23:38:14.644  5223  8750 W Summariser:   filename: 20200312_195230!003.mp4
07-04 23:38:14.644  5223  8750 W Summariser:   active sections: 0
07-04 23:38:14.644  5223  8750 W Summariser:   time: 01.556s
07-04 23:38:14.644  5223  8750 W Summariser:   original duration: 12.01
07-04 23:38:14.644  5223  8750 W Summariser:   summarised duration: -1.00
07-04 23:38:14.644  5223  8750 W Summariser:   noise tolerance: 45.00
07-04 23:38:14.644  5223  8750 W Summariser:   quality: 23
07-04 23:38:14.644  5223  8750 W Summariser:   speed: medium
07-04 23:38:14.644  5223  8750 W Summariser:   freeze duration: 1.00
07-04 23:38:24.809  5223  5223 W NearbyFragment: Completed downloading 20200312_195330!000.mp4 from Endpoint{id=h5xw, name=Nexus 5X [34d8]} in 02.072s
07-04 23:38:25.000  5223  6452 W mobile-ffmpeg: [graph 0 input from stream 0:0 @ 0x7a5881a580] sws_param option is deprecated and ignored
07-04 23:38:26.915  5223  8781 W Summariser: 1 active sections found
07-04 23:38:26.981  5223  6452 W mobile-ffmpeg: [graph 0 input from stream 0:0 @ 0x7a5881a4c0] sws_param option is deprecated and ignored
07-04 23:38:29.575  5223  8781 W Summariser: Summarisation completed
07-04 23:38:29.575  5223  8781 W Summariser:   filename: 20200312_195330!000.mp4
07-04 23:38:29.575  5223  8781 W Summariser:   active sections: 1
07-04 23:38:29.575  5223  8781 W Summariser:   time: 04.662s
07-04 23:38:29.575  5223  8781 W Summariser:   original duration: 16.07
07-04 23:38:29.575  5223  8781 W Summariser:   summarised duration: 1.11
07-04 23:38:29.575  5223  8781 W Summariser:   noise tolerance: 45.00
07-04 23:38:29.575  5223  8781 W Summariser:   quality: 23
07-04 23:38:29.575  5223  8781 W Summariser:   speed: medium
07-04 23:38:29.575  5223  8781 W Summariser:   freeze duration: 1.00
07-04 23:38:29.589  5223  8781 W NearbyFragment: Sending 20200312_195330!000.mp4 to Nexus 5X [34d8]
07-04 23:38:32.300  5223  5223 W NearbyFragment: Completed downloading 20200312_195330!001.mp4 from Endpoint{id=h5xw, name=Nexus 5X [34d8]} in 02.636s
07-04 23:38:32.534  5223  6452 W mobile-ffmpeg: [graph 0 input from stream 0:0 @ 0x7a5881a580] sws_param option is deprecated and ignored
07-04 23:38:34.494  5223  8844 W Summariser: 2 active sections found
07-04 23:38:34.554  5223  6452 W mobile-ffmpeg: [graph 0 input from stream 0:0 @ 0x7a5881adc0] sws_param option is deprecated and ignored
07-04 23:38:34.554  5223  6452 W mobile-ffmpeg: [graph 0 input from stream 0:0 @ 0x7a5881af40] sws_param option is deprecated and ignored
07-04 23:38:44.989  5223  8844 W Summariser: Summarisation completed
07-04 23:38:44.989  5223  8844 W Summariser:   filename: 20200312_195330!001.mp4
07-04 23:38:44.989  5223  8844 W Summariser:   active sections: 2
07-04 23:38:44.989  5223  8844 W Summariser:   time: 12.571s
07-04 23:38:44.989  5223  8844 W Summariser:   original duration: 16.02
07-04 23:38:44.989  5223  8844 W Summariser:   summarised duration: 10.91
07-04 23:38:44.989  5223  8844 W Summariser:   noise tolerance: 45.00
07-04 23:38:44.989  5223  8844 W Summariser:   quality: 23
07-04 23:38:44.989  5223  8844 W Summariser:   speed: medium
07-04 23:38:44.989  5223  8844 W Summariser:   freeze duration: 1.00
07-04 23:38:45.016  5223  8844 W NearbyFragment: Sending 20200312_195330!001.mp4 to Nexus 5X [34d8]
07-04 23:38:47.177  5223  5223 W NearbyFragment: Completed downloading 20200312_195330!003.mp4 from Endpoint{id=h5xw, name=Nexus 5X [34d8]} in 02.101s
07-04 23:38:47.439  5223  6452 W mobile-ffmpeg: [graph 0 input from stream 0:0 @ 0x7a5881a580] sws_param option is deprecated and ignored
07-04 23:38:48.874  5223  8910 W Summariser: 1 active sections found
07-04 23:38:48.923  5223  6452 W mobile-ffmpeg: [graph 0 input from stream 0:0 @ 0x7a5881a4c0] sws_param option is deprecated and ignored
07-04 23:38:52.554  5223  8910 W Summariser: Summarisation completed
07-04 23:38:52.554  5223  8910 W Summariser:   filename: 20200312_195330!003.mp4
07-04 23:38:52.554  5223  8910 W Summariser:   active sections: 1
07-04 23:38:52.554  5223  8910 W Summariser:   time: 05.257s
07-04 23:38:52.554  5223  8910 W Summariser:   original duration: 12.03
07-04 23:38:52.554  5223  8910 W Summariser:   summarised duration: 3.53
07-04 23:38:52.554  5223  8910 W Summariser:   noise tolerance: 45.00
07-04 23:38:52.554  5223  8910 W Summariser:   quality: 23
07-04 23:38:52.554  5223  8910 W Summariser:   speed: medium
07-04 23:38:52.554  5223  8910 W Summariser:   freeze duration: 1.00
07-04 23:38:52.568  5223  8910 W NearbyFragment: Sending 20200312_195330!003.mp4 to Nexus 5X [34d8]
07-04 23:38:55.303  5223  5223 W NearbyFragment: Completed downloading 20200312_195430!001.mp4 from Endpoint{id=h5xw, name=Nexus 5X [34d8]} in 02.524s
07-04 23:38:55.577  5223  6452 W mobile-ffmpeg: [graph 0 input from stream 0:0 @ 0x7a5881a580] sws_param option is deprecated and ignored
07-04 23:38:57.476  5223  8977 W Summariser: 2 active sections found
07-04 23:38:57.521  5223  5249 W System  : A resource failed to call close. 
07-04 23:38:57.536  5223  5249 W System  : A resource failed to call close. 
07-04 23:38:57.537  5223  6452 W mobile-ffmpeg: [graph 0 input from stream 0:0 @ 0x7a5881a580] sws_param option is deprecated and ignored
07-04 23:38:57.537  5223  6452 W mobile-ffmpeg: [graph 0 input from stream 0:0 @ 0x7a5881af40] sws_param option is deprecated and ignored
07-04 23:38:57.537  5223  5249 W System  : A resource failed to call close. 
07-04 23:38:57.560  5223  5249 W System  : A resource failed to call close. 
07-04 23:39:03.488  5223  8977 W Summariser: Summarisation completed
07-04 23:39:03.488  5223  8977 W Summariser:   filename: 20200312_195430!001.mp4
07-04 23:39:03.488  5223  8977 W Summariser:   active sections: 2
07-04 23:39:03.488  5223  8977 W Summariser:   time: 08.051s
07-04 23:39:03.488  5223  8977 W Summariser:   original duration: 16.01
07-04 23:39:03.488  5223  8977 W Summariser:   summarised duration: 5.90
07-04 23:39:03.488  5223  8977 W Summariser:   noise tolerance: 45.00
07-04 23:39:03.488  5223  8977 W Summariser:   quality: 23
07-04 23:39:03.488  5223  8977 W Summariser:   speed: medium
07-04 23:39:03.488  5223  8977 W Summariser:   freeze duration: 1.00
07-04 23:39:03.520  5223  8977 W NearbyFragment: Sending 20200312_195430!001.mp4 to Nexus 5X [34d8]
07-04 23:39:05.486  5223  5223 W NearbyFragment: Completed downloading 20200312_195430!002.mp4 from Endpoint{id=h5xw, name=Nexus 5X [34d8]} in 01.753s
07-04 23:39:05.763  5223  6452 W mobile-ffmpeg: [graph 0 input from stream 0:0 @ 0x7a5881a580] sws_param option is deprecated and ignored
07-04 23:39:07.693  5223  9091 W Summariser: 2 active sections found
07-04 23:39:07.751  5223  6452 W mobile-ffmpeg: [graph 0 input from stream 0:0 @ 0x7a5881adc0] sws_param option is deprecated and ignored
07-04 23:39:07.751  5223  6452 W mobile-ffmpeg: [graph 0 input from stream 0:0 @ 0x7a5881af40] sws_param option is deprecated and ignored
07-04 23:39:13.346  5223  9091 W Summariser: Summarisation completed
07-04 23:39:13.346  5223  9091 W Summariser:   filename: 20200312_195430!002.mp4
07-04 23:39:13.346  5223  9091 W Summariser:   active sections: 2
07-04 23:39:13.346  5223  9091 W Summariser:   time: 07.692s
07-04 23:39:13.346  5223  9091 W Summariser:   original duration: 16.01
07-04 23:39:13.346  5223  9091 W Summariser:   summarised duration: 6.17
07-04 23:39:13.346  5223  9091 W Summariser:   noise tolerance: 45.00
07-04 23:39:13.346  5223  9091 W Summariser:   quality: 23
07-04 23:39:13.346  5223  9091 W Summariser:   speed: medium
07-04 23:39:13.346  5223  9091 W Summariser:   freeze duration: 1.00
07-04 23:39:13.362  5223  9091 W NearbyFragment: Sending 20200312_195430!002.mp4 to Nexus 5X [34d8]
