07-05 22:21:29.114 18867 18867 V FileManager: Created new directory: /storage/emulated/0/Movies/segment-sum/20200312_194930
07-05 22:21:29.115 18867 18867 D NearbyFragment: Summarising 20200312_194930!002.mp4
07-05 22:21:29.115 18867 18867 V VideoManager: Retrieving video from /storage/emulated/0/Download/Nearby/20200312_194930!002.mp4
07-05 22:21:29.125 18867 18867 V VideoManager: videoFromCursor
07-05 22:21:29.128 18867 18867 V ProcessingVideosEventHandler: onAdd
07-05 22:21:29.128 18867 18867 V RawFootageEventHandler: onRemove
07-05 22:21:29.132 18867 18867 V NearbyFragment: Transfer to Endpoint{id=njPJ, name=Galaxy S8 [2802]} complete
07-05 22:21:33.178 18867 18867 D NearbyFragment: onPayloadReceived(endpointId=njPJ, payload=com.google.android.gms.nearby.connection.Payload@9e14b38)
07-05 22:21:33.179 18867 18867 V NearbyFragment: Started downloading SUMMARISE_SEGMENT:-5709976072288881894:20200312_195230!001.mp4:45.0_1.0_23_medium from Endpoint{id=njPJ, name=Galaxy S8 [2802]}
07-05 22:21:33.182 18867 18867 V NearbyFragment: Transfer to Endpoint{id=njPJ, name=Galaxy S8 [2802]} complete
07-05 22:21:34.128 18867 20375 V FfmpegTools: Retrieving duration of /storage/emulated/0/Download/Nearby/20200312_194830!000.mp4
07-05 22:21:34.217 18867 20375 V FfmpegTools: Retrieving duration of /storage/emulated/0/Movies/segment-sum/20200312_194830/20200312_194830!000.mp4
07-05 22:21:34.292 18867 20375 W Summariser: Summarisation completed
07-05 22:21:34.292 18867 20375 W Summariser:   filename: 20200312_194830!000.mp4
07-05 22:21:34.292 18867 20375 W Summariser:   active sections: 1
07-05 22:21:34.292 18867 20375 W Summariser:   time: 33.066s
07-05 22:21:34.292 18867 20375 W Summariser:   original duration: 16.06
07-05 22:21:34.292 18867 20375 W Summariser:   summarised duration: 3.97
07-05 22:21:34.292 18867 20375 W Summariser:   noise tolerance: 45.00
07-05 22:21:34.292 18867 20375 W Summariser:   quality: 23
07-05 22:21:34.292 18867 20375 W Summariser:   speed: medium
07-05 22:21:34.292 18867 20375 W Summariser:   freeze duration: 1.00
07-05 22:21:34.292 18867 20375 V VideoManager: Retrieving video from /storage/emulated/0/Movies/segment-sum/20200312_194830/20200312_194830!000.mp4
07-05 22:21:34.303 18867 20375 V VideoManager: videoFromCursor
07-05 22:21:34.315 18867 20375 W NearbyFragment: Sending 20200312_194830!000.mp4 to Galaxy S8 [2802]
07-05 22:21:34.321 18867 20375 V ProcessingVideosEventHandler: onRemove
07-05 22:21:34.333 18867 20375 V SummariserIntentService: onHandleIntent
07-05 22:21:34.334 18867 20375 D SummariserIntentService: Video{id='1649', data='/storage/emulated/0/Download/Nearby/20200312_194830!002.mp4', name='20200312_194830!002.mp4', size=16791932, visible=true, mimeType='video/mp4'}
07-05 22:21:34.334 18867 20375 D SummariserIntentService: /storage/emulated/0/Movies/segment-sum/20200312_194830/20200312_194830!002.mp4
07-05 22:21:34.345 18867 20375 I FfmpegTools: Running ffmpeg with:
07-05 22:21:34.345 18867 20375 I FfmpegTools:   -y -i /storage/emulated/0/Download/Nearby/20200312_194830!002.mp4 -vf freezedetect=n=-45.000000dB:d=1.000000,metadata=mode=print:file=/storage/emulated/0/Movies/raw/20200312_194830!002.txt -f null -
07-05 22:21:34.349 18867 18867 V NearbyFragment: Transfer to Endpoint{id=njPJ, name=Galaxy S8 [2802]} complete
07-05 22:21:34.455 18867 18867 V NearbyFragment: Transfer to Endpoint{id=njPJ, name=Galaxy S8 [2802]} complete
07-05 22:21:34.470 18867 18896 D SummariserIntentService: Scanned /storage/emulated/0/Movies/summarised
07-05 22:21:34.470 18867 18896 D SummariserIntentService:   -> uri=content://media/external/file/1527
07-05 22:21:34.581 18867 18867 D NearbyFragment: onPayloadReceived(endpointId=njPJ, payload=com.google.android.gms.nearby.connection.Payload@bb9434d)
07-05 22:21:34.581 18867 18867 V NearbyFragment: Started downloading SUMMARISE_SEGMENT:-8266351860619385853:20200312_195230!002.mp4:45.0_1.0_23_medium from Endpoint{id=njPJ, name=Galaxy S8 [2802]}
07-05 22:21:34.594 18867 18867 V NearbyFragment: Transfer to Endpoint{id=njPJ, name=Galaxy S8 [2802]} complete
07-05 22:21:34.632 18867 19248 W mobile-ffmpeg: [graph 0 input from stream 0:0 @ 0xa39a7be0] sws_param option is deprecated and ignored
07-05 22:21:39.897 18867 18867 D NearbyFragment: onPayloadReceived(endpointId=njPJ, payload=com.google.android.gms.nearby.connection.Payload@af14e02)
07-05 22:21:45.685 18867 18867 V NearbyFragment: Transfer to Endpoint{id=njPJ, name=Galaxy S8 [2802]} complete
07-05 22:21:45.686 18867 18867 W NearbyFragment: Completed downloading 20200312_195230!001.mp4 from Endpoint{id=njPJ, name=Galaxy S8 [2802]} in 12.506s
07-05 22:21:45.695 18867 18867 V FileManager: External storage is readable
07-05 22:21:45.696 18867 18867 V FileManager: Created new directory: /storage/emulated/0/Movies/segment-sum/20200312_195230
07-05 22:21:45.696 18867 18867 D NearbyFragment: Summarising 20200312_195230!001.mp4
07-05 22:21:45.696 18867 18867 V VideoManager: Retrieving video from /storage/emulated/0/Download/Nearby/20200312_195230!001.mp4
07-05 22:21:45.708 18867 18867 D VideoManager: videoCursor is null
07-05 22:21:45.732 18867 18867 V VideoManager: videoFromCursor
07-05 22:21:45.735 18867 18867 V ProcessingVideosEventHandler: onAdd
07-05 22:21:45.735 18867 18867 V RawFootageEventHandler: onRemove
07-05 22:21:45.740 18867 18867 V NearbyFragment: Transfer to Endpoint{id=njPJ, name=Galaxy S8 [2802]} complete
07-05 22:21:45.775 18867 18867 D NearbyFragment: onPayloadReceived(endpointId=njPJ, payload=com.google.android.gms.nearby.connection.Payload@62a484e)
07-05 22:21:45.952 18867 20375 V FfmpegTools: Retrieving duration of /storage/emulated/0/Download/Nearby/20200312_194830!002.mp4
07-05 22:21:46.095 18867 20375 W Summariser: 2 active sections found
07-05 22:21:46.096 18867 20375 I FfmpegTools: Running ffmpeg with:
07-05 22:21:46.096 18867 20375 I FfmpegTools:   -y -i /storage/emulated/0/Download/Nearby/20200312_194830!002.mp4 -filter_complex [0:v]trim=0.000000:3.703000,setpts=PTS-STARTPTS[v0];[0:a]atrim=0.000000:3.703000,asetpts=PTS-STARTPTS[a0];[0:v]trim=10.943000:16.010000,setpts=PTS-STARTPTS[v1];[0:a]atrim=10.943000:16.010000,asetpts=PTS-STARTPTS[a1];[v0][a0][v1][a1]concat=n=2:v=1:a=1[outv][outa] -map [outv] -map [outa] -crf 23 -preset medium /storage/emulated/0/Movies/segment-sum/20200312_194830/20200312_194830!002.mp4
07-05 22:21:46.330 18867 19248 W mobile-ffmpeg: [graph 0 input from stream 0:0 @ 0x9397f400] sws_param option is deprecated and ignored
07-05 22:21:46.331 18867 19248 W mobile-ffmpeg: [graph 0 input from stream 0:0 @ 0x9397f520] sws_param option is deprecated and ignored
07-05 22:21:50.817 18867 18867 V NearbyFragment: Transfer to Endpoint{id=njPJ, name=Galaxy S8 [2802]} complete
07-05 22:21:50.817 18867 18867 W NearbyFragment: Completed downloading 20200312_195230!002.mp4 from Endpoint{id=njPJ, name=Galaxy S8 [2802]} in 16.235s
07-05 22:21:50.830 18867 18867 V FileManager: External storage is readable
07-05 22:21:50.830 18867 18867 V FileManager: Directory already exists: /storage/emulated/0/Movies/segment-sum/20200312_195230
07-05 22:21:50.831 18867 18867 D NearbyFragment: Summarising 20200312_195230!002.mp4
07-05 22:21:50.831 18867 18867 V VideoManager: Retrieving video from /storage/emulated/0/Download/Nearby/20200312_195230!002.mp4
07-05 22:21:50.839 18867 18867 V VideoManager: videoFromCursor
07-05 22:21:50.842 18867 18867 V ProcessingVideosEventHandler: onAdd
07-05 22:21:50.843 18867 18867 V RawFootageEventHandler: onRemove
07-05 22:21:50.850 18867 18867 V NearbyFragment: Transfer to Endpoint{id=njPJ, name=Galaxy S8 [2802]} complete
07-05 22:22:03.022 18867 18867 D NearbyFragment: onPayloadReceived(endpointId=njPJ, payload=com.google.android.gms.nearby.connection.Payload@ee69b5a)
07-05 22:22:03.022 18867 18867 V NearbyFragment: Started downloading SUMMARISE_SEGMENT:-8206781574011948681:20200312_195330!001.mp4:45.0_1.0_23_medium from Endpoint{id=njPJ, name=Galaxy S8 [2802]}
07-05 22:22:03.024 18867 18867 V NearbyFragment: Transfer to Endpoint{id=njPJ, name=Galaxy S8 [2802]} complete
07-05 22:22:08.780 18867 18867 D NearbyFragment: onPayloadReceived(endpointId=njPJ, payload=com.google.android.gms.nearby.connection.Payload@d21c18b)
07-05 22:22:14.741 18867 18867 V NearbyFragment: Transfer to Endpoint{id=njPJ, name=Galaxy S8 [2802]} complete
07-05 22:22:14.742 18867 18867 W NearbyFragment: Completed downloading 20200312_195330!001.mp4 from Endpoint{id=njPJ, name=Galaxy S8 [2802]} in 11.720s
07-05 22:22:14.752 18867 18867 V FileManager: External storage is readable
07-05 22:22:14.753 18867 18867 V FileManager: Created new directory: /storage/emulated/0/Movies/segment-sum/20200312_195330
07-05 22:22:14.753 18867 18867 D NearbyFragment: Summarising 20200312_195330!001.mp4
07-05 22:22:14.753 18867 18867 V VideoManager: Retrieving video from /storage/emulated/0/Download/Nearby/20200312_195330!001.mp4
07-05 22:22:14.760 18867 18867 D VideoManager: videoCursor is null
07-05 22:22:14.795 18867 18867 V VideoManager: videoFromCursor
07-05 22:22:14.799 18867 18867 V ProcessingVideosEventHandler: onAdd
07-05 22:22:14.799 18867 18867 V RawFootageEventHandler: onRemove
07-05 22:22:14.803 18867 18867 V NearbyFragment: Transfer to Endpoint{id=njPJ, name=Galaxy S8 [2802]} complete
07-05 22:22:14.892 18867 18867 D NearbyFragment: onPayloadReceived(endpointId=njPJ, payload=com.google.android.gms.nearby.connection.Payload@7e8eb67)
07-05 22:22:14.892 18867 18867 V NearbyFragment: Started downloading SUMMARISE_SEGMENT:-4932357684035960771:20200312_195330!003.mp4:45.0_1.0_23_medium from Endpoint{id=njPJ, name=Galaxy S8 [2802]}
07-05 22:22:14.894 18867 18867 V NearbyFragment: Transfer to Endpoint{id=njPJ, name=Galaxy S8 [2802]} complete
07-05 22:22:19.094 18867 18867 D NearbyFragment: onPayloadReceived(endpointId=njPJ, payload=com.google.android.gms.nearby.connection.Payload@e8fcd14)
07-05 22:22:23.727 18867 18867 V NearbyFragment: Transfer to Endpoint{id=njPJ, name=Galaxy S8 [2802]} complete
07-05 22:22:23.728 18867 18867 W NearbyFragment: Completed downloading 20200312_195330!003.mp4 from Endpoint{id=njPJ, name=Galaxy S8 [2802]} in 08.835s
07-05 22:22:23.736 18867 18867 V FileManager: External storage is readable
07-05 22:22:23.736 18867 18867 V FileManager: Directory already exists: /storage/emulated/0/Movies/segment-sum/20200312_195330
07-05 22:22:23.737 18867 18867 D NearbyFragment: Summarising 20200312_195330!003.mp4
07-05 22:22:23.737 18867 18867 V VideoManager: Retrieving video from /storage/emulated/0/Download/Nearby/20200312_195330!003.mp4
07-05 22:22:23.744 18867 18867 D VideoManager: videoCursor is null
07-05 22:22:23.796 18867 18867 V VideoManager: videoFromCursor
07-05 22:22:23.799 18867 18867 V ProcessingVideosEventHandler: onAdd
07-05 22:22:23.799 18867 18867 V RawFootageEventHandler: onRemove
07-05 22:22:23.803 18867 18867 V NearbyFragment: Transfer to Endpoint{id=njPJ, name=Galaxy S8 [2802]} complete
07-05 22:22:29.636 18867 20375 V FfmpegTools: Retrieving duration of /storage/emulated/0/Download/Nearby/20200312_194830!002.mp4
07-05 22:22:29.765 18867 20375 V FfmpegTools: Retrieving duration of /storage/emulated/0/Movies/segment-sum/20200312_194830/20200312_194830!002.mp4
07-05 22:22:29.840 18867 20375 W Summariser: Summarisation completed
07-05 22:22:29.840 18867 20375 W Summariser:   filename: 20200312_194830!002.mp4
07-05 22:22:29.840 18867 20375 W Summariser:   active sections: 2
07-05 22:22:29.840 18867 20375 W Summariser:   time: 55.298s
07-05 22:22:29.840 18867 20375 W Summariser:   original duration: 16.01
07-05 22:22:29.840 18867 20375 W Summariser:   summarised duration: 8.84
07-05 22:22:29.840 18867 20375 W Summariser:   noise tolerance: 45.00
07-05 22:22:29.840 18867 20375 W Summariser:   quality: 23
07-05 22:22:29.840 18867 20375 W Summariser:   speed: medium
07-05 22:22:29.840 18867 20375 W Summariser:   freeze duration: 1.00
07-05 22:22:29.840 18867 20375 V VideoManager: Retrieving video from /storage/emulated/0/Movies/segment-sum/20200312_194830/20200312_194830!002.mp4
07-05 22:22:29.848 18867 20375 V VideoManager: videoFromCursor
07-05 22:22:29.852 18867 20375 W NearbyFragment: Sending 20200312_194830!002.mp4 to Galaxy S8 [2802]
07-05 22:22:29.856 18867 20375 V ProcessingVideosEventHandler: onRemove
07-05 22:22:29.877 18867 20375 V SummariserIntentService: onHandleIntent
07-05 22:22:29.878 18867 20375 D SummariserIntentService: Video{id='1667', data='/storage/emulated/0/Download/Nearby/20200312_194830!003.mp4', name='20200312_194830!003.mp4', size=12647949, visible=true, mimeType='video/mp4'}
07-05 22:22:29.878 18867 20375 D SummariserIntentService: /storage/emulated/0/Movies/segment-sum/20200312_194830/20200312_194830!003.mp4
07-05 22:22:29.881 18867 20375 I FfmpegTools: Running ffmpeg with:
07-05 22:22:29.881 18867 20375 I FfmpegTools:   -y -i /storage/emulated/0/Download/Nearby/20200312_194830!003.mp4 -vf freezedetect=n=-45.000000dB:d=1.000000,metadata=mode=print:file=/storage/emulated/0/Movies/raw/20200312_194830!003.txt -f null -
07-05 22:22:29.894 18867 18867 V NearbyFragment: Transfer to Endpoint{id=njPJ, name=Galaxy S8 [2802]} complete
07-05 22:22:30.055 18867 19248 W mobile-ffmpeg: [graph 0 input from stream 0:0 @ 0x9397f220] sws_param option is deprecated and ignored
07-05 22:22:30.095 18867 20901 D SummariserIntentService: Scanned /storage/emulated/0/Movies/summarised
07-05 22:22:30.095 18867 20901 D SummariserIntentService:   -> uri=content://media/external/file/1527
07-05 22:22:30.562 18867 18867 V NearbyFragment: Transfer to Endpoint{id=njPJ, name=Galaxy S8 [2802]} complete
07-05 22:22:31.551 18867 18867 D NearbyFragment: onPayloadReceived(endpointId=njPJ, payload=com.google.android.gms.nearby.connection.Payload@78faaac)
07-05 22:22:31.552 18867 18867 V NearbyFragment: Started downloading SUMMARISE_SEGMENT:-8769195860337181603:20200312_195430!000.mp4:45.0_1.0_23_medium from Endpoint{id=njPJ, name=Galaxy S8 [2802]}
07-05 22:22:31.558 18867 18867 V NearbyFragment: Transfer to Endpoint{id=njPJ, name=Galaxy S8 [2802]} complete
07-05 22:22:31.585 18867 18867 D NearbyFragment: onPayloadReceived(endpointId=njPJ, payload=com.google.android.gms.nearby.connection.Payload@b344375)
07-05 22:22:38.389 18867 18867 V NearbyFragment: Transfer to Endpoint{id=njPJ, name=Galaxy S8 [2802]} complete
07-05 22:22:38.390 18867 18867 W NearbyFragment: Completed downloading 20200312_195430!000.mp4 from Endpoint{id=njPJ, name=Galaxy S8 [2802]} in 06.836s
07-05 22:22:38.397 18867 18867 V FileManager: External storage is readable
07-05 22:22:38.398 18867 18867 V FileManager: Created new directory: /storage/emulated/0/Movies/segment-sum/20200312_195430
07-05 22:22:38.398 18867 18867 D NearbyFragment: Summarising 20200312_195430!000.mp4
07-05 22:22:38.398 18867 18867 V VideoManager: Retrieving video from /storage/emulated/0/Download/Nearby/20200312_195430!000.mp4
07-05 22:22:38.405 18867 18867 V VideoManager: videoFromCursor
07-05 22:22:38.407 18867 18867 V ProcessingVideosEventHandler: onAdd
07-05 22:22:38.408 18867 18867 V RawFootageEventHandler: onRemove
07-05 22:22:38.414 18867 18867 V NearbyFragment: Transfer to Endpoint{id=njPJ, name=Galaxy S8 [2802]} complete
07-05 22:22:38.452 18867 20375 W Summariser: No activity detected
07-05 22:22:38.453 18867 20375 V FfmpegTools: Retrieving duration of /storage/emulated/0/Download/Nearby/20200312_194830!003.mp4
07-05 22:22:38.543 18867 20375 W Summariser: Summarisation completed
07-05 22:22:38.543 18867 20375 W Summariser:   filename: 20200312_194830!003.mp4
07-05 22:22:38.543 18867 20375 W Summariser:   active sections: 0
07-05 22:22:38.543 18867 20375 W Summariser:   time: 08.574s
07-05 22:22:38.543 18867 20375 W Summariser:   original duration: 11.98
07-05 22:22:38.543 18867 20375 W Summariser:   summarised duration: -1.00
07-05 22:22:38.543 18867 20375 W Summariser:   noise tolerance: 45.00
07-05 22:22:38.543 18867 20375 W Summariser:   quality: 23
07-05 22:22:38.543 18867 20375 W Summariser:   speed: medium
07-05 22:22:38.543 18867 20375 W Summariser:   freeze duration: 1.00
07-05 22:22:38.545 18867 20375 V ProcessingVideosEventHandler: onRemove
07-05 22:22:38.551 18867 20375 V SummariserIntentService: onHandleIntent
07-05 22:22:38.553 18867 20375 D SummariserIntentService: Video{id='1651', data='/storage/emulated/0/Download/Nearby/20200312_194930!002.mp4', name='20200312_194930!002.mp4', size=16865486, visible=true, mimeType='video/mp4'}
07-05 22:22:38.553 18867 20375 D SummariserIntentService: /storage/emulated/0/Movies/segment-sum/20200312_194930/20200312_194930!002.mp4
07-05 22:22:38.555 18867 18867 V NearbyFragment: Transfer to Endpoint{id=njPJ, name=Galaxy S8 [2802]} complete
07-05 22:22:38.556 18867 20375 I FfmpegTools: Running ffmpeg with:
07-05 22:22:38.556 18867 20375 I FfmpegTools:   -y -i /storage/emulated/0/Download/Nearby/20200312_194930!002.mp4 -vf freezedetect=n=-45.000000dB:d=1.000000,metadata=mode=print:file=/storage/emulated/0/Movies/raw/20200312_194930!002.txt -f null -
07-05 22:22:38.577 18867 18880 D SummariserIntentService: Scanned /storage/emulated/0/Movies/summarised
07-05 22:22:38.577 18867 18880 D SummariserIntentService:   -> uri=content://media/external/file/1527
07-05 22:22:38.741 18867 19248 W mobile-ffmpeg: [graph 0 input from stream 0:0 @ 0x93519e20] sws_param option is deprecated and ignored
07-05 22:22:38.892 18867 18867 D NearbyFragment: onPayloadReceived(endpointId=njPJ, payload=com.google.android.gms.nearby.connection.Payload@6caa344)
07-05 22:22:38.893 18867 18867 V NearbyFragment: Started downloading SUMMARISE_SEGMENT:-5463868502737833257:20200312_195430!002.mp4:45.0_1.0_23_medium from Endpoint{id=njPJ, name=Galaxy S8 [2802]}
07-05 22:22:38.896 18867 18867 V NearbyFragment: Transfer to Endpoint{id=njPJ, name=Galaxy S8 [2802]} complete
07-05 22:22:43.679 18867 18867 D NearbyFragment: onPayloadReceived(endpointId=njPJ, payload=com.google.android.gms.nearby.connection.Payload@c9e6c2d)
07-05 22:22:45.530 18867 18867 D NearbyFragment: onPayloadReceived(endpointId=njPJ, payload=com.google.android.gms.nearby.connection.Payload@c37f562)
07-05 22:22:45.531 18867 18867 V NearbyFragment: Started downloading SUMMARISE_SEGMENT:-6752153171264958802:20200312_195430!003.mp4:45.0_1.0_23_medium from Endpoint{id=njPJ, name=Galaxy S8 [2802]}
07-05 22:22:45.571 18867 18867 V NearbyFragment: Transfer to Endpoint{id=njPJ, name=Galaxy S8 [2802]} complete
07-05 22:22:47.283 18867 20375 W Summariser: No activity detected
07-05 22:22:47.284 18867 20375 V FfmpegTools: Retrieving duration of /storage/emulated/0/Download/Nearby/20200312_194930!002.mp4
07-05 22:22:47.415 18867 20375 W Summariser: Summarisation completed
07-05 22:22:47.415 18867 20375 W Summariser:   filename: 20200312_194930!002.mp4
07-05 22:22:47.415 18867 20375 W Summariser:   active sections: 0
07-05 22:22:47.415 18867 20375 W Summariser:   time: 08.729s
07-05 22:22:47.415 18867 20375 W Summariser:   original duration: 16.01
07-05 22:22:47.415 18867 20375 W Summariser:   summarised duration: -1.00
07-05 22:22:47.415 18867 20375 W Summariser:   noise tolerance: 45.00
07-05 22:22:47.415 18867 20375 W Summariser:   quality: 23
07-05 22:22:47.415 18867 20375 W Summariser:   speed: medium
07-05 22:22:47.415 18867 20375 W Summariser:   freeze duration: 1.00
07-05 22:22:47.417 18867 20375 V ProcessingVideosEventHandler: onRemove
07-05 22:22:47.428 18867 20375 V SummariserIntentService: onHandleIntent
07-05 22:22:47.429 18867 20375 D SummariserIntentService: Video{id='1668', data='/storage/emulated/0/Download/Nearby/20200312_195230!001.mp4', name='20200312_195230!001.mp4', size=16800000, visible=true, mimeType='video/mp4'}
07-05 22:22:47.429 18867 20375 D SummariserIntentService: /storage/emulated/0/Movies/segment-sum/20200312_195230/20200312_195230!001.mp4
07-05 22:22:47.432 18867 20375 I FfmpegTools: Running ffmpeg with:
07-05 22:22:47.432 18867 20375 I FfmpegTools:   -y -i /storage/emulated/0/Download/Nearby/20200312_195230!001.mp4 -vf freezedetect=n=-45.000000dB:d=1.000000,metadata=mode=print:file=/storage/emulated/0/Movies/raw/20200312_195230!001.txt -f null -
07-05 22:22:47.438 18867 18867 V NearbyFragment: Transfer to Endpoint{id=njPJ, name=Galaxy S8 [2802]} complete
07-05 22:22:47.471 18867 18880 D SummariserIntentService: Scanned /storage/emulated/0/Movies/summarised
07-05 22:22:47.471 18867 18880 D SummariserIntentService:   -> uri=content://media/external/file/1527
07-05 22:22:47.693 18867 19248 W mobile-ffmpeg: [graph 0 input from stream 0:0 @ 0x8e0755c0] sws_param option is deprecated and ignored
07-05 22:22:50.968 18867 18867 V NearbyFragment: Transfer to Endpoint{id=njPJ, name=Galaxy S8 [2802]} complete
07-05 22:22:50.969 18867 18867 W NearbyFragment: Completed downloading 20200312_195430!002.mp4 from Endpoint{id=njPJ, name=Galaxy S8 [2802]} in 12.076s
07-05 22:22:50.981 18867 18867 V FileManager: External storage is readable
07-05 22:22:50.981 18867 18867 V FileManager: Directory already exists: /storage/emulated/0/Movies/segment-sum/20200312_195430
07-05 22:22:50.982 18867 18867 D NearbyFragment: Summarising 20200312_195430!002.mp4
07-05 22:22:50.982 18867 18867 V VideoManager: Retrieving video from /storage/emulated/0/Download/Nearby/20200312_195430!002.mp4
07-05 22:22:50.989 18867 18867 V VideoManager: videoFromCursor
07-05 22:22:50.992 18867 18867 V ProcessingVideosEventHandler: onAdd
07-05 22:22:50.992 18867 18867 V RawFootageEventHandler: onRemove
07-05 22:22:50.997 18867 18867 V NearbyFragment: Transfer to Endpoint{id=njPJ, name=Galaxy S8 [2802]} complete
07-05 22:22:51.015 18867 18867 D NearbyFragment: onPayloadReceived(endpointId=njPJ, payload=com.google.android.gms.nearby.connection.Payload@39df3e5)
07-05 22:22:57.034 18867 20375 W Summariser: 1 active sections found
07-05 22:22:57.035 18867 20375 I FfmpegTools: Running ffmpeg with:
07-05 22:22:57.035 18867 20375 I FfmpegTools:   -y -i /storage/emulated/0/Download/Nearby/20200312_195230!001.mp4 -filter_complex [0:v]trim=6.005000:12.911000,setpts=PTS-STARTPTS[v0];[0:a]atrim=6.005000:12.911000,asetpts=PTS-STARTPTS[a0];[v0][a0]concat=n=1:v=1:a=1[outv][outa] -map [outv] -map [outa] -crf 23 -preset medium /storage/emulated/0/Movies/segment-sum/20200312_195230/20200312_195230!001.mp4
07-05 22:22:57.241 18867 19248 W mobile-ffmpeg: [graph 0 input from stream 0:0 @ 0x8defdc60] sws_param option is deprecated and ignored
07-05 22:22:58.232 18867 18867 V NearbyFragment: Transfer to Endpoint{id=njPJ, name=Galaxy S8 [2802]} complete
07-05 22:22:58.233 18867 18867 W NearbyFragment: Completed downloading 20200312_195430!003.mp4 from Endpoint{id=njPJ, name=Galaxy S8 [2802]} in 12.702s
07-05 22:22:58.254 18867 18867 V FileManager: External storage is readable
07-05 22:22:58.254 18867 18867 V FileManager: Directory already exists: /storage/emulated/0/Movies/segment-sum/20200312_195430
07-05 22:22:58.255 18867 18867 D NearbyFragment: Summarising 20200312_195430!003.mp4
07-05 22:22:58.255 18867 18867 V VideoManager: Retrieving video from /storage/emulated/0/Download/Nearby/20200312_195430!003.mp4
07-05 22:22:58.264 18867 18867 D VideoManager: videoCursor is null
07-05 22:22:58.302 18867 18867 V VideoManager: videoFromCursor
07-05 22:22:58.304 18867 18867 V ProcessingVideosEventHandler: onAdd
07-05 22:22:58.305 18867 18867 V RawFootageEventHandler: onRemove
07-05 22:22:58.310 18867 18867 V NearbyFragment: Transfer to Endpoint{id=njPJ, name=Galaxy S8 [2802]} complete
07-05 22:23:30.572 18867 20375 V FfmpegTools: Retrieving duration of /storage/emulated/0/Download/Nearby/20200312_195230!001.mp4
07-05 22:23:30.716 18867 20375 V FfmpegTools: Retrieving duration of /storage/emulated/0/Movies/segment-sum/20200312_195230/20200312_195230!001.mp4
07-05 22:23:30.792 18867 20375 W Summariser: Summarisation completed
07-05 22:23:30.792 18867 20375 W Summariser:   filename: 20200312_195230!001.mp4
07-05 22:23:30.792 18867 20375 W Summariser:   active sections: 1
07-05 22:23:30.792 18867 20375 W Summariser:   time: 43.141s
07-05 22:23:30.792 18867 20375 W Summariser:   original duration: 16.01
07-05 22:23:30.792 18867 20375 W Summariser:   summarised duration: 6.97
07-05 22:23:30.792 18867 20375 W Summariser:   noise tolerance: 45.00
07-05 22:23:30.792 18867 20375 W Summariser:   quality: 23
07-05 22:23:30.792 18867 20375 W Summariser:   speed: medium
07-05 22:23:30.792 18867 20375 W Summariser:   freeze duration: 1.00
07-05 22:23:30.792 18867 20375 V VideoManager: Retrieving video from /storage/emulated/0/Movies/segment-sum/20200312_195230/20200312_195230!001.mp4
07-05 22:23:30.812 18867 20375 D VideoManager: videoCursor is null
07-05 22:23:30.887 18867 20375 V VideoManager: videoFromCursor
07-05 22:23:30.893 18867 20375 W NearbyFragment: Sending 20200312_195230!001.mp4 to Galaxy S8 [2802]
07-05 22:23:30.897 18867 20375 V ProcessingVideosEventHandler: onRemove
07-05 22:23:30.913 18867 20375 V SummariserIntentService: onHandleIntent
07-05 22:23:30.915 18867 20375 D SummariserIntentService: Video{id='1614', data='/storage/emulated/0/Download/Nearby/20200312_195230!002.mp4', name='20200312_195230!002.mp4', size=16981034, visible=true, mimeType='video/mp4'}
07-05 22:23:30.915 18867 20375 D SummariserIntentService: /storage/emulated/0/Movies/segment-sum/20200312_195230/20200312_195230!002.mp4
07-05 22:23:30.918 18867 20375 I FfmpegTools: Running ffmpeg with:
07-05 22:23:30.918 18867 20375 I FfmpegTools:   -y -i /storage/emulated/0/Download/Nearby/20200312_195230!002.mp4 -vf freezedetect=n=-45.000000dB:d=1.000000,metadata=mode=print:file=/storage/emulated/0/Movies/raw/20200312_195230!002.txt -f null -
07-05 22:23:30.941 18867 18867 V NearbyFragment: Transfer to Endpoint{id=njPJ, name=Galaxy S8 [2802]} complete
07-05 22:23:30.992 18867 18880 D SummariserIntentService: Scanned /storage/emulated/0/Movies/summarised
07-05 22:23:30.992 18867 18880 D SummariserIntentService:   -> uri=content://media/external/file/1527
07-05 22:23:31.230 18867 19248 W mobile-ffmpeg: [graph 0 input from stream 0:0 @ 0x8defdb40] sws_param option is deprecated and ignored
07-05 22:23:31.645 18867 18867 V NearbyFragment: Transfer to Endpoint{id=njPJ, name=Galaxy S8 [2802]} complete
07-05 22:23:39.449 18867 20375 W Summariser: No activity detected
07-05 22:23:39.450 18867 20375 V FfmpegTools: Retrieving duration of /storage/emulated/0/Download/Nearby/20200312_195230!002.mp4
07-05 22:23:39.581 18867 20375 W Summariser: Summarisation completed
07-05 22:23:39.581 18867 20375 W Summariser:   filename: 20200312_195230!002.mp4
07-05 22:23:39.581 18867 20375 W Summariser:   active sections: 0
07-05 22:23:39.581 18867 20375 W Summariser:   time: 08.535s
07-05 22:23:39.581 18867 20375 W Summariser:   original duration: 16.01
07-05 22:23:39.581 18867 20375 W Summariser:   summarised duration: -1.00
07-05 22:23:39.581 18867 20375 W Summariser:   noise tolerance: 45.00
07-05 22:23:39.581 18867 20375 W Summariser:   quality: 23
07-05 22:23:39.581 18867 20375 W Summariser:   speed: medium
07-05 22:23:39.581 18867 20375 W Summariser:   freeze duration: 1.00
07-05 22:23:39.583 18867 20375 V ProcessingVideosEventHandler: onRemove
07-05 22:23:39.594 18867 20375 V SummariserIntentService: onHandleIntent
07-05 22:23:39.596 18867 20375 D SummariserIntentService: Video{id='1669', data='/storage/emulated/0/Download/Nearby/20200312_195330!001.mp4', name='20200312_195330!001.mp4', size=16792709, visible=true, mimeType='video/mp4'}
07-05 22:23:39.596 18867 20375 D SummariserIntentService: /storage/emulated/0/Movies/segment-sum/20200312_195330/20200312_195330!001.mp4
07-05 22:23:39.602 18867 20375 I FfmpegTools: Running ffmpeg with:
07-05 22:23:39.602 18867 20375 I FfmpegTools:   -y -i /storage/emulated/0/Download/Nearby/20200312_195330!001.mp4 -vf freezedetect=n=-45.000000dB:d=1.000000,metadata=mode=print:file=/storage/emulated/0/Movies/raw/20200312_195330!001.txt -f null -
07-05 22:23:39.612 18867 18867 V NearbyFragment: Transfer to Endpoint{id=njPJ, name=Galaxy S8 [2802]} complete
07-05 22:23:39.767 18867 20901 D SummariserIntentService: Scanned /storage/emulated/0/Movies/summarised
07-05 22:23:39.767 18867 20901 D SummariserIntentService:   -> uri=content://media/external/file/1527
07-05 22:23:39.838 18867 19248 W mobile-ffmpeg: [graph 0 input from stream 0:0 @ 0x8defff40] sws_param option is deprecated and ignored
07-05 22:23:50.166 18867 20375 W Summariser: 2 active sections found
07-05 22:23:50.166 18867 20375 I FfmpegTools: Running ffmpeg with:
07-05 22:23:50.166 18867 20375 I FfmpegTools:   -y -i /storage/emulated/0/Download/Nearby/20200312_195330!001.mp4 -filter_complex [0:v]trim=0.000000:7.040000,setpts=PTS-STARTPTS[v0];[0:a]atrim=0.000000:7.040000,asetpts=PTS-STARTPTS[a0];[0:v]trim=8.741000:12.545000,setpts=PTS-STARTPTS[v1];[0:a]atrim=8.741000:12.545000,asetpts=PTS-STARTPTS[a1];[v0][a0][v1][a1]concat=n=2:v=1:a=1[outv][outa] -map [outv] -map [outa] -crf 23 -preset medium /storage/emulated/0/Movies/segment-sum/20200312_195330/20200312_195330!001.mp4
07-05 22:23:50.370 18867 19248 W mobile-ffmpeg: [graph 0 input from stream 0:0 @ 0x8cc46340] sws_param option is deprecated and ignored
07-05 22:23:50.371 18867 19248 W mobile-ffmpeg: [graph 0 input from stream 0:0 @ 0x8cc464c0] sws_param option is deprecated and ignored
07-05 22:24:36.388 18867 20375 V FfmpegTools: Retrieving duration of /storage/emulated/0/Download/Nearby/20200312_195330!001.mp4
07-05 22:24:36.524 18867 20375 V FfmpegTools: Retrieving duration of /storage/emulated/0/Movies/segment-sum/20200312_195330/20200312_195330!001.mp4
07-05 22:24:36.597 18867 20375 W Summariser: Summarisation completed
07-05 22:24:36.597 18867 20375 W Summariser:   filename: 20200312_195330!001.mp4
07-05 22:24:36.597 18867 20375 W Summariser:   active sections: 2
07-05 22:24:36.597 18867 20375 W Summariser:   time: 56.790s
07-05 22:24:36.597 18867 20375 W Summariser:   original duration: 16.02
07-05 22:24:36.597 18867 20375 W Summariser:   summarised duration: 10.91
07-05 22:24:36.597 18867 20375 W Summariser:   noise tolerance: 45.00
07-05 22:24:36.597 18867 20375 W Summariser:   quality: 23
07-05 22:24:36.597 18867 20375 W Summariser:   speed: medium
07-05 22:24:36.597 18867 20375 W Summariser:   freeze duration: 1.00
07-05 22:24:36.597 18867 20375 V VideoManager: Retrieving video from /storage/emulated/0/Movies/segment-sum/20200312_195330/20200312_195330!001.mp4
07-05 22:24:36.613 18867 20375 D VideoManager: videoCursor is null
07-05 22:24:36.668 18867 20375 V VideoManager: videoFromCursor
07-05 22:24:36.672 18867 20375 W NearbyFragment: Sending 20200312_195330!001.mp4 to Galaxy S8 [2802]
07-05 22:24:36.676 18867 20375 V ProcessingVideosEventHandler: onRemove
07-05 22:24:36.691 18867 18867 V NearbyFragment: Transfer to Endpoint{id=njPJ, name=Galaxy S8 [2802]} complete
07-05 22:24:36.693 18867 20375 V SummariserIntentService: onHandleIntent
07-05 22:24:36.694 18867 20375 D SummariserIntentService: Video{id='1670', data='/storage/emulated/0/Download/Nearby/20200312_195330!003.mp4', name='20200312_195330!003.mp4', size=12639806, visible=true, mimeType='video/mp4'}
07-05 22:24:36.694 18867 20375 D SummariserIntentService: /storage/emulated/0/Movies/segment-sum/20200312_195330/20200312_195330!003.mp4
07-05 22:24:36.699 18867 20375 I FfmpegTools: Running ffmpeg with:
07-05 22:24:36.699 18867 20375 I FfmpegTools:   -y -i /storage/emulated/0/Download/Nearby/20200312_195330!003.mp4 -vf freezedetect=n=-45.000000dB:d=1.000000,metadata=mode=print:file=/storage/emulated/0/Movies/raw/20200312_195330!003.txt -f null -
07-05 22:24:36.810 18867 20901 D SummariserIntentService: Scanned /storage/emulated/0/Movies/summarised
07-05 22:24:36.810 18867 20901 D SummariserIntentService:   -> uri=content://media/external/file/1527
07-05 22:24:36.878 18867 19248 W mobile-ffmpeg: [graph 0 input from stream 0:0 @ 0x8cc46100] sws_param option is deprecated and ignored
07-05 22:24:37.371 18867 18867 V NearbyFragment: Transfer to Endpoint{id=njPJ, name=Galaxy S8 [2802]} complete
07-05 22:24:44.516 18867 20375 W Summariser: 1 active sections found
07-05 22:24:44.516 18867 20375 I FfmpegTools: Running ffmpeg with:
07-05 22:24:44.516 18867 20375 I FfmpegTools:   -y -i /storage/emulated/0/Download/Nearby/20200312_195330!003.mp4 -filter_complex [0:v]trim=4.304000:7.773000,setpts=PTS-STARTPTS[v0];[0:a]atrim=4.304000:7.773000,asetpts=PTS-STARTPTS[a0];[v0][a0]concat=n=1:v=1:a=1[outv][outa] -map [outv] -map [outa] -crf 23 -preset medium /storage/emulated/0/Movies/segment-sum/20200312_195330/20200312_195330!003.mp4
07-05 22:24:44.670 18867 19248 W mobile-ffmpeg: [graph 0 input from stream 0:0 @ 0x9232f440] sws_param option is deprecated and ignored
07-05 22:24:59.775 18867 20375 V FfmpegTools: Retrieving duration of /storage/emulated/0/Download/Nearby/20200312_195330!003.mp4
07-05 22:24:59.860 18867 20375 V FfmpegTools: Retrieving duration of /storage/emulated/0/Movies/segment-sum/20200312_195330/20200312_195330!003.mp4
07-05 22:24:59.944 18867 20375 W Summariser: Summarisation completed
07-05 22:24:59.944 18867 20375 W Summariser:   filename: 20200312_195330!003.mp4
07-05 22:24:59.944 18867 20375 W Summariser:   active sections: 1
07-05 22:24:59.944 18867 20375 W Summariser:   time: 23.079s
07-05 22:24:59.944 18867 20375 W Summariser:   original duration: 12.03
07-05 22:24:59.944 18867 20375 W Summariser:   summarised duration: 3.53
07-05 22:24:59.944 18867 20375 W Summariser:   noise tolerance: 45.00
07-05 22:24:59.944 18867 20375 W Summariser:   quality: 23
07-05 22:24:59.944 18867 20375 W Summariser:   speed: medium
07-05 22:24:59.944 18867 20375 W Summariser:   freeze duration: 1.00
07-05 22:24:59.950 18867 20375 V VideoManager: Retrieving video from /storage/emulated/0/Movies/segment-sum/20200312_195330/20200312_195330!003.mp4
07-05 22:24:59.958 18867 20375 D VideoManager: videoCursor is null
07-05 22:24:59.981 18867 18881 I zygote  : Waiting for a blocking GC ProfileSaver
07-05 22:24:59.993 18867 20375 V VideoManager: videoFromCursor
07-05 22:24:59.997 18867 20375 W NearbyFragment: Sending 20200312_195330!003.mp4 to Galaxy S8 [2802]
07-05 22:25:00.008 18867 20375 V ProcessingVideosEventHandler: onRemove
07-05 22:25:00.033 18867 20375 V SummariserIntentService: onHandleIntent
07-05 22:25:00.034 18867 20375 D SummariserIntentService: Video{id='1618', data='/storage/emulated/0/Download/Nearby/20200312_195430!000.mp4', name='20200312_195430!000.mp4', size=16942161, visible=true, mimeType='video/mp4'}
07-05 22:25:00.034 18867 20375 D SummariserIntentService: /storage/emulated/0/Movies/segment-sum/20200312_195430/20200312_195430!000.mp4
07-05 22:25:00.046 18867 20375 I FfmpegTools: Running ffmpeg with:
07-05 22:25:00.046 18867 20375 I FfmpegTools:   -y -i /storage/emulated/0/Download/Nearby/20200312_195430!000.mp4 -vf freezedetect=n=-45.000000dB:d=1.000000,metadata=mode=print:file=/storage/emulated/0/Movies/raw/20200312_195430!000.txt -f null -
07-05 22:25:00.068 18867 18878 I zygote  : Background concurrent copying GC freed 48431(2025KB) AllocSpace objects, 0(0B) LOS objects, 49% free, 2MB/4MB, paused 156us total 143.355ms
07-05 22:25:00.069 18867 18881 I zygote  : WaitForGcToComplete blocked ProfileSaver on ProfileSaver for 87.641ms
07-05 22:25:00.086 18867 18867 V NearbyFragment: Transfer to Endpoint{id=njPJ, name=Galaxy S8 [2802]} complete
07-05 22:25:00.206 18867 18880 D SummariserIntentService: Scanned /storage/emulated/0/Movies/summarised
07-05 22:25:00.206 18867 18880 D SummariserIntentService:   -> uri=content://media/external/file/1527
07-05 22:25:00.260 18867 19248 W mobile-ffmpeg: [graph 0 input from stream 0:0 @ 0xa39a6aa0] sws_param option is deprecated and ignored
07-05 22:25:00.369 18867 18867 V NearbyFragment: Transfer to Endpoint{id=njPJ, name=Galaxy S8 [2802]} complete
07-05 22:25:08.425 18867 20375 W Summariser: 1 active sections found
07-05 22:25:08.426 18867 20375 I FfmpegTools: Running ffmpeg with:
07-05 22:25:08.426 18867 20375 I FfmpegTools:   -y -i /storage/emulated/0/Download/Nearby/20200312_195430!000.mp4 -filter_complex [0:v]trim=6.739000:12.010000,setpts=PTS-STARTPTS[v0];[0:a]atrim=6.739000:12.010000,asetpts=PTS-STARTPTS[a0];[v0][a0]concat=n=1:v=1:a=1[outv][outa] -map [outv] -map [outa] -crf 23 -preset medium /storage/emulated/0/Movies/segment-sum/20200312_195430/20200312_195430!000.mp4
07-05 22:25:08.593 18867 19248 W mobile-ffmpeg: [graph 0 input from stream 0:0 @ 0x9397f400] sws_param option is deprecated and ignored
07-05 22:25:30.854 18867 20375 V FfmpegTools: Retrieving duration of /storage/emulated/0/Download/Nearby/20200312_195430!000.mp4
07-05 22:25:30.936 18867 20375 V FfmpegTools: Retrieving duration of /storage/emulated/0/Movies/segment-sum/20200312_195430/20200312_195430!000.mp4
07-05 22:25:31.010 18867 20375 W Summariser: Summarisation completed
07-05 22:25:31.010 18867 20375 W Summariser:   filename: 20200312_195430!000.mp4
07-05 22:25:31.010 18867 20375 W Summariser:   active sections: 1
07-05 22:25:31.010 18867 20375 W Summariser:   time: 30.817s
07-05 22:25:31.010 18867 20375 W Summariser:   original duration: 16.06
07-05 22:25:31.010 18867 20375 W Summariser:   summarised duration: 5.34
07-05 22:25:31.010 18867 20375 W Summariser:   noise tolerance: 45.00
07-05 22:25:31.010 18867 20375 W Summariser:   quality: 23
07-05 22:25:31.010 18867 20375 W Summariser:   speed: medium
07-05 22:25:31.010 18867 20375 W Summariser:   freeze duration: 1.00
07-05 22:25:31.010 18867 20375 V VideoManager: Retrieving video from /storage/emulated/0/Movies/segment-sum/20200312_195430/20200312_195430!000.mp4
07-05 22:25:31.025 18867 20375 V VideoManager: videoFromCursor
07-05 22:25:31.029 18867 20375 W NearbyFragment: Sending 20200312_195430!000.mp4 to Galaxy S8 [2802]
07-05 22:25:31.034 18867 20375 V ProcessingVideosEventHandler: onRemove
07-05 22:25:31.049 18867 20375 V SummariserIntentService: onHandleIntent
07-05 22:25:31.050 18867 20375 D SummariserIntentService: Video{id='1657', data='/storage/emulated/0/Download/Nearby/20200312_195430!002.mp4', name='20200312_195430!002.mp4', size=16840890, visible=true, mimeType='video/mp4'}
07-05 22:25:31.050 18867 20375 D SummariserIntentService: /storage/emulated/0/Movies/segment-sum/20200312_195430/20200312_195430!002.mp4
07-05 22:25:31.054 18867 20375 I FfmpegTools: Running ffmpeg with:
07-05 22:25:31.054 18867 20375 I FfmpegTools:   -y -i /storage/emulated/0/Download/Nearby/20200312_195430!002.mp4 -vf freezedetect=n=-45.000000dB:d=1.000000,metadata=mode=print:file=/storage/emulated/0/Movies/raw/20200312_195430!002.txt -f null -
07-05 22:25:31.067 18867 18867 V NearbyFragment: Transfer to Endpoint{id=njPJ, name=Galaxy S8 [2802]} complete
07-05 22:25:31.173 18867 20901 D SummariserIntentService: Scanned /storage/emulated/0/Movies/summarised
07-05 22:25:31.173 18867 20901 D SummariserIntentService:   -> uri=content://media/external/file/1527
07-05 22:25:31.311 18867 19248 W mobile-ffmpeg: [graph 0 input from stream 0:0 @ 0x9397f520] sws_param option is deprecated and ignored
07-05 22:25:31.329 18867 18867 V NearbyFragment: Transfer to Endpoint{id=njPJ, name=Galaxy S8 [2802]} complete
07-05 22:25:39.831 18867 20375 W Summariser: 2 active sections found
07-05 22:25:39.832 18867 20375 I FfmpegTools: Running ffmpeg with:
07-05 22:25:39.832 18867 20375 I FfmpegTools:   -y -i /storage/emulated/0/Download/Nearby/20200312_195430!002.mp4 -filter_complex [0:v]trim=0.000000:2.235000,setpts=PTS-STARTPTS[v0];[0:a]atrim=0.000000:2.235000,asetpts=PTS-STARTPTS[a0];[0:v]trim=6.773000:10.643000,setpts=PTS-STARTPTS[v1];[0:a]atrim=6.773000:10.643000,asetpts=PTS-STARTPTS[a1];[v0][a0][v1][a1]concat=n=2:v=1:a=1[outv][outa] -map [outv] -map [outa] -crf 23 -preset medium /storage/emulated/0/Movies/segment-sum/20200312_195430/20200312_195430!002.mp4
07-05 22:25:40.058 18867 19248 W mobile-ffmpeg: [graph 0 input from stream 0:0 @ 0x93519fa0] sws_param option is deprecated and ignored
07-05 22:25:40.058 18867 19248 W mobile-ffmpeg: [graph 0 input from stream 0:0 @ 0x934e0780] sws_param option is deprecated and ignored
07-05 22:26:04.138 18867 20375 V FfmpegTools: Retrieving duration of /storage/emulated/0/Download/Nearby/20200312_195430!002.mp4
07-05 22:26:04.272 18867 20375 V FfmpegTools: Retrieving duration of /storage/emulated/0/Movies/segment-sum/20200312_195430/20200312_195430!002.mp4
07-05 22:26:04.347 18867 20375 W Summariser: Summarisation completed
07-05 22:26:04.347 18867 20375 W Summariser:   filename: 20200312_195430!002.mp4
07-05 22:26:04.347 18867 20375 W Summariser:   active sections: 2
07-05 22:26:04.347 18867 20375 W Summariser:   time: 33.086s
07-05 22:26:04.347 18867 20375 W Summariser:   original duration: 16.01
07-05 22:26:04.347 18867 20375 W Summariser:   summarised duration: 6.17
07-05 22:26:04.347 18867 20375 W Summariser:   noise tolerance: 45.00
07-05 22:26:04.347 18867 20375 W Summariser:   quality: 23
07-05 22:26:04.347 18867 20375 W Summariser:   speed: medium
07-05 22:26:04.347 18867 20375 W Summariser:   freeze duration: 1.00
07-05 22:26:04.347 18867 20375 V VideoManager: Retrieving video from /storage/emulated/0/Movies/segment-sum/20200312_195430/20200312_195430!002.mp4
07-05 22:26:04.356 18867 20375 V VideoManager: videoFromCursor
07-05 22:26:04.361 18867 20375 W NearbyFragment: Sending 20200312_195430!002.mp4 to Galaxy S8 [2802]
07-05 22:26:04.365 18867 20375 V ProcessingVideosEventHandler: onRemove
07-05 22:26:04.379 18867 20375 V SummariserIntentService: onHandleIntent
07-05 22:26:04.380 18867 20375 D SummariserIntentService: Video{id='1671', data='/storage/emulated/0/Download/Nearby/20200312_195430!003.mp4', name='20200312_195430!003.mp4', size=12643428, visible=true, mimeType='video/mp4'}
07-05 22:26:04.380 18867 20375 D SummariserIntentService: /storage/emulated/0/Movies/segment-sum/20200312_195430/20200312_195430!003.mp4
07-05 22:26:04.382 18867 20375 I FfmpegTools: Running ffmpeg with:
07-05 22:26:04.382 18867 20375 I FfmpegTools:   -y -i /storage/emulated/0/Download/Nearby/20200312_195430!003.mp4 -vf freezedetect=n=-45.000000dB:d=1.000000,metadata=mode=print:file=/storage/emulated/0/Movies/raw/20200312_195430!003.txt -f null -
07-05 22:26:04.395 18867 18867 V NearbyFragment: Transfer to Endpoint{id=njPJ, name=Galaxy S8 [2802]} complete
07-05 22:26:04.461 18867 18880 D SummariserIntentService: Scanned /storage/emulated/0/Movies/summarised
07-05 22:26:04.461 18867 18880 D SummariserIntentService:   -> uri=content://media/external/file/1527
07-05 22:26:04.675 18867 19248 W mobile-ffmpeg: [graph 0 input from stream 0:0 @ 0x93519ee0] sws_param option is deprecated and ignored
07-05 22:26:05.006 18867 18867 V NearbyFragment: Transfer to Endpoint{id=njPJ, name=Galaxy S8 [2802]} complete
07-05 22:26:12.289 18867 20375 W Summariser: 1 active sections found
07-05 22:26:12.290 18867 20375 I FfmpegTools: Running ffmpeg with:
07-05 22:26:12.290 18867 20375 I FfmpegTools:   -y -i /storage/emulated/0/Download/Nearby/20200312_195430!003.mp4 -filter_complex [0:v]trim=2.369000:6.840000,setpts=PTS-STARTPTS[v0];[0:a]atrim=2.369000:6.840000,asetpts=PTS-STARTPTS[a0];[v0][a0]concat=n=1:v=1:a=1[outv][outa] -map [outv] -map [outa] -crf 23 -preset medium /storage/emulated/0/Movies/segment-sum/20200312_195430/20200312_195430!003.mp4
07-05 22:26:12.477 18867 19248 W mobile-ffmpeg: [graph 0 input from stream 0:0 @ 0x9232f740] sws_param option is deprecated and ignored
07-05 22:26:29.647 18867 20375 V FfmpegTools: Retrieving duration of /storage/emulated/0/Download/Nearby/20200312_195430!003.mp4
07-05 22:26:29.741 18867 20375 V FfmpegTools: Retrieving duration of /storage/emulated/0/Movies/segment-sum/20200312_195430/20200312_195430!003.mp4
07-05 22:26:29.820 18867 20375 W Summariser: Summarisation completed
07-05 22:26:29.820 18867 20375 W Summariser:   filename: 20200312_195430!003.mp4
07-05 22:26:29.820 18867 20375 W Summariser:   active sections: 1
07-05 22:26:29.820 18867 20375 W Summariser:   time: 25.265s
07-05 22:26:29.820 18867 20375 W Summariser:   original duration: 11.98
07-05 22:26:29.820 18867 20375 W Summariser:   summarised duration: 4.54
07-05 22:26:29.820 18867 20375 W Summariser:   noise tolerance: 45.00
07-05 22:26:29.820 18867 20375 W Summariser:   quality: 23
07-05 22:26:29.820 18867 20375 W Summariser:   speed: medium
07-05 22:26:29.820 18867 20375 W Summariser:   freeze duration: 1.00
07-05 22:26:29.821 18867 20375 V VideoManager: Retrieving video from /storage/emulated/0/Movies/segment-sum/20200312_195430/20200312_195430!003.mp4
07-05 22:26:29.827 18867 20375 D VideoManager: videoCursor is null
07-05 22:26:29.860 18867 20375 V VideoManager: videoFromCursor
07-05 22:26:29.864 18867 20375 W NearbyFragment: Sending 20200312_195430!003.mp4 to Galaxy S8 [2802]
07-05 22:26:29.868 18867 20375 V ProcessingVideosEventHandler: onRemove
07-05 22:26:29.912 18867 18867 V NearbyFragment: Transfer to Endpoint{id=njPJ, name=Galaxy S8 [2802]} complete
07-05 22:26:29.991 18867 20901 D SummariserIntentService: Scanned /storage/emulated/0/Movies/summarised
07-05 22:26:29.991 18867 20901 D SummariserIntentService:   -> uri=content://media/external/file/1527
07-05 22:26:30.103 18867 18867 V NearbyFragment: Transfer to Endpoint{id=njPJ, name=Galaxy S8 [2802]} complete
