--------- beginning of main
07-05 22:11:14.843 18867 18867 I zygote  : Late-enabling -Xcheck:jni
--------- beginning of system
07-05 22:11:14.963 18867 18867 I ActivityThread: handleStopService: token=android.os.BinderProxy@12f5aad not found.
07-05 22:11:14.969 18867 18867 I TransferService: Starting Transfer Service to listen for network connectivity changes.
07-05 22:11:14.971 18867 18867 W LogFactory: Truncating log tag length as it exceed 23, the limit imposed by Android on certain API Levels
07-05 22:11:15.001 18867 18867 I TransferService: Registering the network receiver
07-05 22:11:15.004 18867 18867 I TransferService: Moving the service out of the Foreground state.
07-05 22:11:15.005 18867 18867 I TransferService: De-registering the network receiver.
07-05 22:11:19.119 18867 18867 I zygote  : Rejecting re-init on previously-failed class java.lang.Class<androidx.core.view.ViewCompat$2>: java.lang.NoClassDefFoundError: Failed resolution of: Landroid/view/View$OnUnhandledKeyEventListener;
07-05 22:11:19.120 18867 18867 I zygote  :   at void androidx.core.view.ViewCompat.setOnApplyWindowInsetsListener(android.view.View, androidx.core.view.OnApplyWindowInsetsListener) (ViewCompat.java:2421)
07-05 22:11:19.120 18867 18867 I zygote  :   at android.view.ViewGroup androidx.appcompat.app.AppCompatDelegateImpl.createSubDecor() (AppCompatDelegateImpl.java:779)
07-05 22:11:19.120 18867 18867 I zygote  :   at void androidx.appcompat.app.AppCompatDelegateImpl.ensureSubDecor() (AppCompatDelegateImpl.java:659)
07-05 22:11:19.120 18867 18867 I zygote  :   at void androidx.appcompat.app.AppCompatDelegateImpl.setContentView(int) (AppCompatDelegateImpl.java:552)
07-05 22:11:19.120 18867 18867 I zygote  :   at void androidx.appcompat.app.AppCompatActivity.setContentView(int) (AppCompatActivity.java:161)
07-05 22:11:19.120 18867 18867 I zygote  :   at void com.example.edgesum.page.main.MainActivity.onCreate(android.os.Bundle) (MainActivity.java:95)
07-05 22:11:19.120 18867 18867 I zygote  :   at void android.app.Activity.performCreate(android.os.Bundle, android.os.PersistableBundle) (Activity.java:7009)
07-05 22:11:19.120 18867 18867 I zygote  :   at void android.app.Activity.performCreate(android.os.Bundle) (Activity.java:7000)
07-05 22:11:19.120 18867 18867 I zygote  :   at void android.app.Instrumentation.callActivityOnCreate(android.app.Activity, android.os.Bundle) (Instrumentation.java:1214)
07-05 22:11:19.120 18867 18867 I zygote  :   at android.app.Activity android.app.ActivityThread.performLaunchActivity(android.app.ActivityThread$ActivityClientRecord, android.content.Intent) (ActivityThread.java:2731)
07-05 22:11:19.120 18867 18867 I zygote  :   at void android.app.ActivityThread.handleLaunchActivity(android.app.ActivityThread$ActivityClientRecord, android.content.Intent, java.lang.String) (ActivityThread.java:2856)
07-05 22:11:19.120 18867 18867 I zygote  :   at void android.app.ActivityThread.-wrap11(android.app.ActivityThread, android.app.ActivityThread$ActivityClientRecord, android.content.Intent, java.lang.String) (ActivityThread.java:-1)
07-05 22:11:19.120 18867 18867 I zygote  :   at void android.app.ActivityThread$H.handleMessage(android.os.Message) (ActivityThread.java:1589)
07-05 22:11:19.120 18867 18867 I zygote  :   at void android.os.Handler.dispatchMessage(android.os.Message) (Handler.java:106)
07-05 22:11:19.120 18867 18867 I zygote  :   at void android.os.Looper.loop() (Looper.java:164)
07-05 22:11:19.120 18867 18867 I zygote  :   at void android.app.ActivityThread.main(java.lang.String[]) (ActivityThread.java:6494)
07-05 22:11:19.120 18867 18867 I zygote  :   at java.lang.Object java.lang.reflect.Method.invoke(java.lang.Object, java.lang.Object[]) (Method.java:-2)
07-05 22:11:19.120 18867 18867 I zygote  :   at void com.android.internal.os.RuntimeInit$MethodAndArgsCaller.run() (RuntimeInit.java:438)
07-05 22:11:19.120 18867 18867 I zygote  :   at void com.android.internal.os.ZygoteInit.main(java.lang.String[]) (ZygoteInit.java:807)
07-05 22:11:19.120 18867 18867 I zygote  : Caused by: java.lang.ClassNotFoundException: Didn't find class "android.view.View$OnUnhandledKeyEventListener" on path: DexPathList[[zip file "/data/app/com.example.edgesum-YzI1NIeHkS8kN2Z2Ls5RAg==/base.apk"],nativeLibraryDirectories=[/data/app/com.example.edgesum-YzI1NIeHkS8kN2Z2Ls5RAg==/lib/arm, /data/app/com.example.edgesum-YzI1NIeHkS8kN2Z2Ls5RAg==/base.apk!/lib/armeabi-v7a, /system/lib, /system/vendor/lib]]
07-05 22:11:19.120 18867 18867 I zygote  :   at java.lang.Class dalvik.system.BaseDexClassLoader.findClass(java.lang.String) (BaseDexClassLoader.java:125)
07-05 22:11:19.120 18867 18867 I zygote  :   at java.lang.Class java.lang.ClassLoader.loadClass(java.lang.String, boolean) (ClassLoader.java:379)
07-05 22:11:19.120 18867 18867 I zygote  :   at java.lang.Class java.lang.ClassLoader.loadClass(java.lang.String) (ClassLoader.java:312)
07-05 22:11:19.120 18867 18867 I zygote  :   at void androidx.core.view.ViewCompat.setOnApplyWindowInsetsListener(android.view.View, androidx.core.view.OnApplyWindowInsetsListener) (ViewCompat.java:2421)
07-05 22:11:19.120 18867 18867 I zygote  :   at android.view.ViewGroup androidx.appcompat.app.AppCompatDelegateImpl.createSubDecor() (AppCompatDelegateImpl.java:779)
07-05 22:11:19.120 18867 18867 I zygote  :   at void androidx.appcompat.app.AppCompatDelegateImpl.ensureSubDecor() (AppCompatDelegateImpl.java:659)
07-05 22:11:19.120 18867 18867 I zygote  :   at void androidx.appcompat.app.AppCompatDelegateImpl.setContentView(int) (AppCompatDelegateImpl.java:552)
07-05 22:11:19.120 18867 18867 I zygote  :   at void androidx.appcompat.app.AppCompatActivity.setContentView(int) (AppCompatActivity.java:161)
07-05 22:11:19.120 18867 18867 I zygote  :   at void com.example.edgesum.page.main.MainActivity.onCreate(android.os.Bundle) (MainActivity.java:95)
07-05 22:11:19.120 18867 18867 I zygote  :   at void android.app.Activity.performCreate(android.os.Bundle, android.os.PersistableBundle) (Activity.java:7009)
07-05 22:11:19.120 18867 18867 I zygote  :   at void android.app.Activity.performCreate(android.os.Bundle) (Activity.java:7000)
07-05 22:11:19.120 18867 18867 I zygote  :   at void android.app.Instrumentation.callActivityOnCreate(android.app.Activity, android.os.Bundle) (Instrumentation.java:1214)
07-05 22:11:19.120 18867 18867 I zygote  :   at android.app.Activity android.app.ActivityThread.performLaunchActivity(android.app.ActivityThread$ActivityClientRecord, android.content.Intent) (ActivityThread.java:2731)
07-05 22:11:19.120 18867 18867 I zygote  :   at void android.app.ActivityThread.handleLaunchActivity(android.app.ActivityThread$ActivityClientRecord, android.content.Intent, java.lang.String) (ActivityThread.java:2856)
07-05 22:11:19.120 18867 18867 I zygote  :   at void android.app.ActivityThread.-wrap11(android.app.ActivityThread, android.app.ActivityThread$ActivityClientRecord, android.content.Intent, java.lang.String) (ActivityThread.java:-1)
07-05 22:11:19.120 18867 18867 I zygote  :   at void android.app.ActivityThread$H.handleMessage(android.os.Message) (ActivityThread.java:1589)
07-05 22:11:19.120 18867 18867 I zygote  :   at void android.os.Handler.dispatchMessage(android.os.Message) (Handler.java:106)
07-05 22:11:19.120 18867 18867 I zygote  :   at void android.os.Looper.loop() (Looper.java:164)
07-05 22:11:19.120 18867 18867 I zygote  :   at void android.app.ActivityThread.main(java.lang.String[]) (ActivityThread.java:6494)
07-05 22:11:19.120 18867 18867 I zygote  :   at java.lang.Object java.lang.reflect.Method.invoke(java.lang.Object, java.lang.Object[]) (Method.java:-2)
07-05 22:11:19.120 18867 18867 I zygote  :   at void com.android.internal.os.RuntimeInit$MethodAndArgsCaller.run() (RuntimeInit.java:438)
07-05 22:11:19.120 18867 18867 I zygote  :   at void com.android.internal.os.ZygoteInit.main(java.lang.String[]) (ZygoteInit.java:807)
07-05 22:11:19.120 18867 18867 I zygote  : 
07-05 22:11:19.121 18867 18867 I zygote  : Rejecting re-init on previously-failed class java.lang.Class<androidx.core.view.ViewCompat$2>: java.lang.NoClassDefFoundError: Failed resolution of: Landroid/view/View$OnUnhandledKeyEventListener;
07-05 22:11:19.121 18867 18867 I zygote  :   at void androidx.core.view.ViewCompat.setOnApplyWindowInsetsListener(android.view.View, androidx.core.view.OnApplyWindowInsetsListener) (ViewCompat.java:2421)
07-05 22:11:19.121 18867 18867 I zygote  :   at android.view.ViewGroup androidx.appcompat.app.AppCompatDelegateImpl.createSubDecor() (AppCompatDelegateImpl.java:779)
07-05 22:11:19.121 18867 18867 I zygote  :   at void androidx.appcompat.app.AppCompatDelegateImpl.ensureSubDecor() (AppCompatDelegateImpl.java:659)
07-05 22:11:19.121 18867 18867 I zygote  :   at void androidx.appcompat.app.AppCompatDelegateImpl.setContentView(int) (AppCompatDelegateImpl.java:552)
07-05 22:11:19.121 18867 18867 I zygote  :   at void androidx.appcompat.app.AppCompatActivity.setContentView(int) (AppCompatActivity.java:161)
07-05 22:11:19.121 18867 18867 I zygote  :   at void com.example.edgesum.page.main.MainActivity.onCreate(android.os.Bundle) (MainActivity.java:95)
07-05 22:11:19.121 18867 18867 I zygote  :   at void android.app.Activity.performCreate(android.os.Bundle, android.os.PersistableBundle) (Activity.java:7009)
07-05 22:11:19.121 18867 18867 I zygote  :   at void android.app.Activity.performCreate(android.os.Bundle) (Activity.java:7000)
07-05 22:11:19.121 18867 18867 I zygote  :   at void android.app.Instrumentation.callActivityOnCreate(android.app.Activity, android.os.Bundle) (Instrumentation.java:1214)
07-05 22:11:19.121 18867 18867 I zygote  :   at android.app.Activity android.app.ActivityThread.performLaunchActivity(android.app.ActivityThread$ActivityClientRecord, android.content.Intent) (ActivityThread.java:2731)
07-05 22:11:19.121 18867 18867 I zygote  :   at void android.app.ActivityThread.handleLaunchActivity(android.app.ActivityThread$ActivityClientRecord, android.content.Intent, java.lang.String) (ActivityThread.java:2856)
07-05 22:11:19.121 18867 18867 I zygote  :   at void android.app.ActivityThread.-wrap11(android.app.ActivityThread, android.app.ActivityThread$ActivityClientRecord, android.content.Intent, java.lang.String) (ActivityThread.java:-1)
07-05 22:11:19.121 18867 18867 I zygote  :   at void android.app.ActivityThread$H.handleMessage(android.os.Message) (ActivityThread.java:1589)
07-05 22:11:19.121 18867 18867 I zygote  :   at void android.os.Handler.dispatchMessage(android.os.Message) (Handler.java:106)
07-05 22:11:19.121 18867 18867 I zygote  :   at void android.os.Looper.loop() (Looper.java:164)
07-05 22:11:19.121 18867 18867 I zygote  :   at void android.app.ActivityThread.main(java.lang.String[]) (ActivityThread.java:6494)
07-05 22:11:19.121 18867 18867 I zygote  :   at java.lang.Object java.lang.reflect.Method.invoke(java.lang.Object, java.lang.Object[]) (Method.java:-2)
07-05 22:11:19.121 18867 18867 I zygote  :   at void com.android.internal.os.RuntimeInit$MethodAndArgsCaller.run() (RuntimeInit.java:438)
07-05 22:11:19.121 18867 18867 I zygote  :   at void com.android.internal.os.ZygoteInit.main(java.lang.String[]) (ZygoteInit.java:807)
07-05 22:11:19.121 18867 18867 I zygote  : Caused by: java.lang.ClassNotFoundException: Didn't find class "android.view.View$OnUnhandledKeyEventListener" on path: DexPathList[[zip file "/data/app/com.example.edgesum-YzI1NIeHkS8kN2Z2Ls5RAg==/base.apk"],nativeLibraryDirectories=[/data/app/com.example.edgesum-YzI1NIeHkS8kN2Z2Ls5RAg==/lib/arm, /data/app/com.example.edgesum-YzI1NIeHkS8kN2Z2Ls5RAg==/base.apk!/lib/armeabi-v7a, /system/lib, /system/vendor/lib]]
07-05 22:11:19.121 18867 18867 I zygote  :   at java.lang.Class dalvik.system.BaseDexClassLoader.findClass(java.lang.String) (BaseDexClassLoader.java:125)
07-05 22:11:19.121 18867 18867 I zygote  :   at java.lang.Class java.lang.ClassLoader.loadClass(java.lang.String, boolean) (ClassLoader.java:379)
07-05 22:11:19.121 18867 18867 I zygote  :   at java.lang.Class java.lang.ClassLoader.loadClass(java.lang.String) (ClassLoader.java:312)
07-05 22:11:19.121 18867 18867 I zygote  :   at void androidx.core.view.ViewCompat.setOnApplyWindowInsetsListener(android.view.View, androidx.core.view.OnApplyWindowInsetsListener) (ViewCompat.java:2421)
07-05 22:11:19.121 18867 18867 I zygote  :   at android.view.ViewGroup androidx.appcompat.app.AppCompatDelegateImpl.createSubDecor() (AppCompatDelegateImpl.java:779)
07-05 22:11:19.121 18867 18867 I zygote  :   at void androidx.appcompat.app.AppCompatDelegateImpl.ensureSubDecor() (AppCompatDelegateImpl.java:659)
07-05 22:11:19.121 18867 18867 I zygote  :   at void androidx.appcompat.app.AppCompatDelegateImpl.setContentView(int) (AppCompatDelegateImpl.java:552)
07-05 22:11:19.121 18867 18867 I zygote  :   at void androidx.appcompat.app.AppCompatActivity.setContentView(int) (AppCompatActivity.java:161)
07-05 22:11:19.121 18867 18867 I zygote  :   at void com.example.edgesum.page.main.MainActivity.onCreate(android.os.Bundle) (MainActivity.java:95)
07-05 22:11:19.121 18867 18867 I zygote  :   at void android.app.Activity.performCreate(android.os.Bundle, android.os.PersistableBundle) (Activity.java:7009)
07-05 22:11:19.121 18867 18867 I zygote  :   at void android.app.Activity.performCreate(android.os.Bundle) (Activity.java:7000)
07-05 22:11:19.121 18867 18867 I zygote  :   at void android.app.Instrumentation.callActivityOnCreate(android.app.Activity, android.os.Bundle) (Instrumentation.java:1214)
07-05 22:11:19.121 18867 18867 I zygote  :   at android.app.Activity android.app.ActivityThread.performLaunchActivity(android.app.ActivityThread$ActivityClientRecord, android.content.Intent) (ActivityThread.java:2731)
07-05 22:11:19.121 18867 18867 I zygote  :   at void android.app.ActivityThread.handleLaunchActivity(android.app.ActivityThread$ActivityClientRecord, android.content.Intent, java.lang.String) (ActivityThread.java:2856)
07-05 22:11:19.121 18867 18867 I zygote  :   at void android.app.ActivityThread.-wrap11(android.app.ActivityThread, android.app.ActivityThread$ActivityClientRecord, android.content.Intent, java.lang.String) (ActivityThread.java:-1)
07-05 22:11:19.121 18867 18867 I zygote  :   at void android.app.ActivityThread$H.handleMessage(android.os.Message) (ActivityThread.java:1589)
07-05 22:11:19.121 18867 18867 I zygote  :   at void android.os.Handler.dispatchMessage(android.os.Message) (Handler.java:106)
07-05 22:11:19.121 18867 18867 I zygote  :   at void android.os.Looper.loop() (Looper.java:164)
07-05 22:11:19.121 18867 18867 I zygote  :   at void android.app.ActivityThread.main(java.lang.String[]) (ActivityThread.java:6494)
07-05 22:11:19.121 18867 18867 I zygote  :   at java.lang.Object java.lang.reflect.Method.invoke(java.lang.Object, java.lang.Object[]) (Method.java:-2)
07-05 22:11:19.121 18867 18867 I zygote  :   at void com.android.internal.os.RuntimeInit$MethodAndArgsCaller.run() (RuntimeInit.java:438)
07-05 22:11:19.121 18867 18867 I zygote  :   at void com.android.internal.os.ZygoteInit.main(java.lang.String[]) (ZygoteInit.java:807)
07-05 22:11:19.121 18867 18867 I zygote  : 
07-05 22:11:19.122 18867 18867 I zygote  : Rejecting re-init on previously-failed class java.lang.Class<androidx.core.view.ViewCompat$2>: java.lang.NoClassDefFoundError: Failed resolution of: Landroid/view/View$OnUnhandledKeyEventListener;
07-05 22:11:19.122 18867 18867 I zygote  :   at void androidx.core.view.ViewCompat.setOnApplyWindowInsetsListener(android.view.View, androidx.core.view.OnApplyWindowInsetsListener) (ViewCompat.java:2421)
07-05 22:11:19.122 18867 18867 I zygote  :   at android.view.ViewGroup androidx.appcompat.app.AppCompatDelegateImpl.createSubDecor() (AppCompatDelegateImpl.java:779)
07-05 22:11:19.122 18867 18867 I zygote  :   at void androidx.appcompat.app.AppCompatDelegateImpl.ensureSubDecor() (AppCompatDelegateImpl.java:659)
07-05 22:11:19.122 18867 18867 I zygote  :   at void androidx.appcompat.app.AppCompatDelegateImpl.setContentView(int) (AppCompatDelegateImpl.java:552)
07-05 22:11:19.122 18867 18867 I zygote  :   at void androidx.appcompat.app.AppCompatActivity.setContentView(int) (AppCompatActivity.java:161)
07-05 22:11:19.122 18867 18867 I zygote  :   at void com.example.edgesum.page.main.MainActivity.onCreate(android.os.Bundle) (MainActivity.java:95)
07-05 22:11:19.122 18867 18867 I zygote  :   at void android.app.Activity.performCreate(android.os.Bundle, android.os.PersistableBundle) (Activity.java:7009)
07-05 22:11:19.122 18867 18867 I zygote  :   at void android.app.Activity.performCreate(android.os.Bundle) (Activity.java:7000)
07-05 22:11:19.122 18867 18867 I zygote  :   at void android.app.Instrumentation.callActivityOnCreate(android.app.Activity, android.os.Bundle) (Instrumentation.java:1214)
07-05 22:11:19.122 18867 18867 I zygote  :   at android.app.Activity android.app.ActivityThread.performLaunchActivity(android.app.ActivityThread$ActivityClientRecord, android.content.Intent) (ActivityThread.java:2731)
07-05 22:11:19.122 18867 18867 I zygote  :   at void android.app.ActivityThread.handleLaunchActivity(android.app.ActivityThread$ActivityClientRecord, android.content.Intent, java.lang.String) (ActivityThread.java:2856)
07-05 22:11:19.122 18867 18867 I zygote  :   at void android.app.ActivityThread.-wrap11(android.app.ActivityThread, android.app.ActivityThread$ActivityClientRecord, android.content.Intent, java.lang.String) (ActivityThread.java:-1)
07-05 22:11:19.122 18867 18867 I zygote  :   at void android.app.ActivityThread$H.handleMessage(android.os.Message) (ActivityThread.java:1589)
07-05 22:11:19.122 18867 18867 I zygote  :   at void android.os.Handler.dispatchMessage(android.os.Message) (Handler.java:106)
07-05 22:11:19.122 18867 18867 I zygote  :   at void android.os.Looper.loop() (Looper.java:164)
07-05 22:11:19.122 18867 18867 I zygote  :   at void android.app.ActivityThread.main(java.lang.String[]) (ActivityThread.java:6494)
07-05 22:11:19.122 18867 18867 I zygote  :   at java.lang.Object java.lang.reflect.Method.invoke(java.lang.Object, java.lang.Object[]) (Method.java:-2)
07-05 22:11:19.122 18867 18867 I zygote  :   at void com.android.internal.os.RuntimeInit$MethodAndArgsCaller.run() (RuntimeInit.java:438)
07-05 22:11:19.122 18867 18867 I zygote  :   at void com.android.internal.os.ZygoteInit.main(java.lang.String[]) (ZygoteInit.java:807)
07-05 22:11:19.122 18867 18867 I zygote  : Caused by: java.lang.ClassNotFoundException: Didn't find class "android.view.View$OnUnhandledKeyEventListener" on path: DexPathList[[zip file "/data/app/com.example.edgesum-YzI1NIeHkS8kN2Z2Ls5RAg==/base.apk"],nativeLibraryDirectories=[/data/app/com.example.edgesum-YzI1NIeHkS8kN2Z2Ls5RAg==/lib/arm, /data/app/com.example.edgesum-YzI1NIeHkS8kN2Z2Ls5RAg==/base.apk!/lib/armeabi-v7a, /system/lib, /system/vendor/lib]]
07-05 22:11:19.122 18867 18867 I zygote  :   at java.lang.Class dalvik.system.BaseDexClassLoader.findClass(java.lang.String) (BaseDexClassLoader.java:125)
07-05 22:11:19.122 18867 18867 I zygote  :   at java.lang.Class java.lang.ClassLoader.loadClass(java.lang.String, boolean) (ClassLoader.java:379)
07-05 22:11:19.122 18867 18867 I zygote  :   at java.lang.Class java.lang.ClassLoader.loadClass(java.lang.String) (ClassLoader.java:312)
07-05 22:11:19.122 18867 18867 I zygote  :   at void androidx.core.view.ViewCompat.setOnApplyWindowInsetsListener(android.view.View, androidx.core.view.OnApplyWindowInsetsListener) (ViewCompat.java:2421)
07-05 22:11:19.122 18867 18867 I zygote  :   at android.view.ViewGroup androidx.appcompat.app.AppCompatDelegateImpl.createSubDecor() (AppCompatDelegateImpl.java:779)
07-05 22:11:19.122 18867 18867 I zygote  :   at void androidx.appcompat.app.AppCompatDelegateImpl.ensureSubDecor() (AppCompatDelegateImpl.java:659)
07-05 22:11:19.122 18867 18867 I zygote  :   at void androidx.appcompat.app.AppCompatDelegateImpl.setContentView(int) (AppCompatDelegateImpl.java:552)
07-05 22:11:19.122 18867 18867 I zygote  :   at void androidx.appcompat.app.AppCompatActivity.setContentView(int) (AppCompatActivity.java:161)
07-05 22:11:19.122 18867 18867 I zygote  :   at void com.example.edgesum.page.main.MainActivity.onCreate(android.os.Bundle) (MainActivity.java:95)
07-05 22:11:19.122 18867 18867 I zygote  :   at void android.app.Activity.performCreate(android.os.Bundle, android.os.PersistableBundle) (Activity.java:7009)
07-05 22:11:19.122 18867 18867 I zygote  :   at void android.app.Activity.performCreate(android.os.Bundle) (Activity.java:7000)
07-05 22:11:19.122 18867 18867 I zygote  :   at void android.app.Instrumentation.callActivityOnCreate(android.app.Activity, android.os.Bundle) (Instrumentation.java:1214)
07-05 22:11:19.122 18867 18867 I zygote  :   at android.app.Activity android.app.ActivityThread.performLaunchActivity(android.app.ActivityThread$ActivityClientRecord, android.content.Intent) (ActivityThread.java:2731)
07-05 22:11:19.122 18867 18867 I zygote  :   at void android.app.ActivityThread.handleLaunchActivity(android.app.ActivityThread$ActivityClientRecord, android.content.Intent, java.lang.String) (ActivityThread.java:2856)
07-05 22:11:19.122 18867 18867 I zygote  :   at void android.app.ActivityThread.-wrap11(android.app.ActivityThread, android.app.ActivityThread$ActivityClientRecord, android.content.Intent, java.lang.String) (ActivityThread.java:-1)
07-05 22:11:19.122 18867 18867 I zygote  :   at void android.app.ActivityThread$H.handleMessage(android.os.Message) (ActivityThread.java:1589)
07-05 22:11:19.122 18867 18867 I zygote  :   at void android.os.Handler.dispatchMessage(android.os.Message) (Handler.java:106)
07-05 22:11:19.122 18867 18867 I zygote  :   at void android.os.Looper.loop() (Looper.java:164)
07-05 22:11:19.122 18867 18867 I zygote  :   at void android.app.ActivityThread.main(java.lang.String[]) (ActivityThread.java:6494)
07-05 22:11:19.122 18867 18867 I zygote  :   at java.lang.Object java.lang.reflect.Method.invoke(java.lang.Object, java.lang.Object[]) (Method.java:-2)
07-05 22:11:19.122 18867 18867 I zygote  :   at void com.android.internal.os.RuntimeInit$MethodAndArgsCaller.run() (RuntimeInit.java:438)
07-05 22:11:19.122 18867 18867 I zygote  :   at void com.android.internal.os.ZygoteInit.main(java.lang.String[]) (ZygoteInit.java:807)
07-05 22:11:19.122 18867 18867 I zygote  : 
07-05 22:11:19.368 18867 18867 V Repo    : /storage/emulated/0/Movies/raw
07-05 22:11:19.368 18867 18867 V Repo    : /storage/emulated/0/Movies/summarised
07-05 22:11:19.384 18867 18867 V FileManager: External storage is readable
07-05 22:11:19.386 18867 18867 V FileManager: Created new directory: /storage/emulated/0/Movies/raw
07-05 22:11:19.389 18867 18867 V FileManager: External storage is readable
07-05 22:11:19.390 18867 18867 V FileManager: Created new directory: /storage/emulated/0/Movies/summarised
07-05 22:11:19.393 18867 18867 V FileManager: External storage is readable
07-05 22:11:19.393 18867 18867 V FileManager: Created new directory: /storage/emulated/0/Download/nearby
07-05 22:11:19.396 18867 18867 V FileManager: External storage is readable
07-05 22:11:19.397 18867 18867 V FileManager: Created new directory: /storage/emulated/0/Movies/segment
07-05 22:11:19.402 18867 18867 V FileManager: External storage is readable
07-05 22:11:19.403 18867 18867 V FileManager: Created new directory: /storage/emulated/0/Movies/segment-sum
07-05 22:11:19.617 18867 18867 V VideoManager: getAllVideoFromExternalStorageFolder
07-05 22:11:19.623 18867 18867 D VideoManager: /storage/emulated/0/Movies/summarised
07-05 22:11:19.641 18867 18867 D VideoManager: 0 videos return
07-05 22:11:19.680 18867 18872 I zygote  : Do partial code cache collection, code=10KB, data=19KB
07-05 22:11:19.682 18867 18872 I zygote  : After code cache collection, code=10KB, data=19KB
07-05 22:11:19.682 18867 18872 I zygote  : Increasing code cache capacity to 128KB
07-05 22:11:19.684 18867 18872 I zygote  : Do partial code cache collection, code=10KB, data=37KB
07-05 22:11:19.688 18867 18872 I zygote  : After code cache collection, code=10KB, data=37KB
07-05 22:11:19.688 18867 18872 I zygote  : Increasing code cache capacity to 256KB
07-05 22:11:19.689 18867 18872 I zygote  : Compiler allocated 4MB to compile void android.widget.TextView.<init>(android.content.Context, android.util.AttributeSet, int, int)
07-05 22:11:19.698 18867 18867 V VideoManager: getAllVideoFromExternalStorageFolder
07-05 22:11:19.705 18867 18867 D VideoManager: /storage/emulated/0/Movies/raw
07-05 22:11:19.712 18867 18867 D VideoManager: 0 videos return
07-05 22:11:19.780 18867 18898 D OpenGLRenderer: HWUI GL Pipeline
07-05 22:11:19.792 18867 18867 I TransferService: Starting Transfer Service to listen for network connectivity changes.
07-05 22:11:19.792 18867 18867 I TransferService: Registering the network receiver
07-05 22:11:19.799 18867 18867 E TransferService: No notification is passed in the intent. Unable to transition to foreground.
07-05 22:11:19.891 18867 18896 D MainActivity: Scanned /storage/emulated/0/Movies/summarised
07-05 22:11:19.891 18867 18896 D MainActivity:   -> uri=content://media/external/file/1527
07-05 22:11:19.930 18867 18867 W StaticLayout: maxLineHeight should not be -1.  maxLines:1 lineCount:1
07-05 22:11:19.930 18867 18880 D MainActivity: Scanned /storage/emulated/0/Movies/raw
07-05 22:11:19.930 18867 18880 D MainActivity:   -> uri=content://media/external/file/1526
07-05 22:11:19.948 18867 18867 W StaticLayout: maxLineHeight should not be -1.  maxLines:1 lineCount:1
07-05 22:11:19.956 18867 18867 I chatty  : uid=10086(com.example.edgesum) identical 1 line
07-05 22:11:19.965 18867 18867 W StaticLayout: maxLineHeight should not be -1.  maxLines:1 lineCount:1
07-05 22:11:20.006 18867 18898 I Adreno-EGL: <qeglDrvAPI_eglInitialize:379>: QUALCOMM Build: 06/17/16, f19e6a9, I9e7a63e7c4
07-05 22:11:20.012 18867 18898 I zygote  : android::hardware::configstore::V1_0::ISurfaceFlingerConfigs::hasWideColorDisplay retrieved: 0
07-05 22:11:20.012 18867 18898 I OpenGLRenderer: Initialized EGL, version 1.4
07-05 22:11:20.012 18867 18898 D OpenGLRenderer: Swap behavior 1
07-05 22:11:20.017 18867 18898 W Adreno-EGL: <qeglDrvAPI_eglGetConfigAttrib:607>: EGL_BAD_ATTRIBUTE
07-05 22:11:20.023 18867 18898 W Adreno-EGL: <qeglDrvAPI_eglGetConfigAttrib:607>: EGL_BAD_ATTRIBUTE
07-05 22:11:20.024 18867 18898 D vndksupport: Loading /vendor/lib/hw/gralloc.msm8974.so from current namespace instead of sphal namespace.
07-05 22:11:20.026 18867 18867 W StaticLayout: maxLineHeight should not be -1.  maxLines:1 lineCount:1
07-05 22:11:20.036 18867 18867 W StaticLayout: maxLineHeight should not be -1.  maxLines:1 lineCount:1
07-05 22:11:20.051 18867 18867 I TransferNetworkLossHand: Network connectivity changed detected.
07-05 22:11:20.052 18867 18867 I TransferNetworkLossHand: Network connected: false
07-05 22:11:20.094 18867 18898 D vndksupport: Loading /vendor/lib/hw/android.hardware.graphics.mapper@2.0-impl.so from current namespace instead of sphal namespace.
07-05 22:11:20.095 18867 18898 D vndksupport: Loading /vendor/lib/hw/gralloc.msm8974.so from current namespace instead of sphal namespace.
07-05 22:11:23.193 18867 18867 V MainActivity: Connect button clicked
07-05 22:11:25.966 18867 18867 V ConnectionFragment: Discovery switch checked
07-05 22:11:27.861 18867 18867 D NearbyFragment: Started discovering
07-05 22:11:29.206 18867 18867 D NearbyFragment: Found endpoint njPJ: Galaxy S8 [2802]
07-05 22:11:44.101 18867 18867 D NearbyFragment: Selected 'Endpoint{id=njPJ, name=Galaxy S8 [2802]}'
07-05 22:11:44.140 18867 18898 W Adreno-EGL: <qeglDrvAPI_eglGetConfigAttrib:607>: EGL_BAD_ATTRIBUTE
07-05 22:11:44.144 18867 18898 D vndksupport: Loading /vendor/lib/hw/gralloc.msm8974.so from current namespace instead of sphal namespace.
07-05 22:11:44.184 18867 18872 I zygote  : Do full code cache collection, code=125KB, data=89KB
07-05 22:11:44.187 18867 18872 I zygote  : After code cache collection, code=123KB, data=62KB
07-05 22:11:50.522 18867 18867 D NearbyFragment: Initiated connection with njPJ: Galaxy S8 [2802]
07-05 22:11:50.657 18867 18867 D NearbyFragment: Requested connection with Endpoint{id=njPJ, name=Galaxy S8 [2802]}
07-05 22:11:50.711 18867 18872 I zygote  : Do partial code cache collection, code=126KB, data=72KB
07-05 22:11:50.713 18867 18872 I zygote  : After code cache collection, code=126KB, data=72KB
07-05 22:11:50.713 18867 18872 I zygote  : Increasing code cache capacity to 512KB
07-05 22:11:50.734 18867 18898 W Adreno-EGL: <qeglDrvAPI_eglGetConfigAttrib:607>: EGL_BAD_ATTRIBUTE
07-05 22:11:50.745 18867 18898 D vndksupport: Loading /vendor/lib/hw/gralloc.msm8974.so from current namespace instead of sphal namespace.
07-05 22:11:52.038 18867 18867 I NearbyFragment: Connected to Endpoint{id=njPJ, name=Galaxy S8 [2802]}
07-05 22:11:52.548 18867 18867 V ConnectionFragment: Discovery switch unchecked
07-05 22:11:52.548 18867 18867 D NearbyFragment: Stopped discovering
07-05 22:11:56.836 18867 18867 I TransferNetworkLossHand: Network connectivity changed detected.
07-05 22:11:56.837 18867 18867 I TransferNetworkLossHand: Network connected: true
07-05 22:13:17.942 18867 18867 D NearbyFragment: onPayloadReceived(endpointId=njPJ, payload=com.google.android.gms.nearby.connection.Payload@3ed32b5)
07-05 22:13:17.946 18867 18867 V NearbyFragment: Started downloading SUMMARISE_SEGMENT:-7928125983089033846:20200312_150643!001.mp4:45.0_1.0_23_medium from Endpoint{id=njPJ, name=Galaxy S8 [2802]}
07-05 22:13:17.970 18867 18867 V NearbyFragment: Transfer to Endpoint{id=njPJ, name=Galaxy S8 [2802]} complete
07-05 22:13:17.993 18867 18867 D NearbyFragment: onPayloadReceived(endpointId=njPJ, payload=com.google.android.gms.nearby.connection.Payload@156edd8)
07-05 22:13:24.668 18867 18867 V NearbyFragment: Transfer to Endpoint{id=njPJ, name=Galaxy S8 [2802]} complete
07-05 22:13:24.674 18867 18867 W NearbyFragment: Completed downloading 20200312_150643!001.mp4 from Endpoint{id=njPJ, name=Galaxy S8 [2802]} in 06.712s
07-05 22:13:24.685 18867 18867 V FileManager: External storage is readable
07-05 22:13:24.686 18867 18867 V FileManager: Created new directory: /storage/emulated/0/Movies/segment-sum/20200312_150643
07-05 22:13:24.687 18867 18867 D NearbyFragment: Summarising 20200312_150643!001.mp4
07-05 22:13:24.688 18867 18867 V VideoManager: Retrieving video from /storage/emulated/0/Download/Nearby/20200312_150643!001.mp4
07-05 22:13:24.704 18867 18867 V VideoManager: videoFromCursor
07-05 22:13:24.708 18867 18867 V ProcessingVideosEventHandler: onAdd
07-05 22:13:24.709 18867 18867 V RawFootageEventHandler: onRemove
07-05 22:13:24.720 18867 18867 V NearbyFragment: Transfer to Endpoint{id=njPJ, name=Galaxy S8 [2802]} complete
07-05 22:13:24.732 18867 19247 V SummariserIntentService: onHandleIntent
07-05 22:13:24.734 18867 19247 D SummariserIntentService: Video{id='1584', data='/storage/emulated/0/Download/Nearby/20200312_150643!001.mp4', name='20200312_150643!001.mp4', size=16853523, visible=true, mimeType='video/mp4'}
07-05 22:13:24.734 18867 19247 D SummariserIntentService: /storage/emulated/0/Movies/segment-sum/20200312_150643/20200312_150643!001.mp4
07-05 22:13:24.738 18867 19247 I mobile-ffmpeg: Loading mobile-ffmpeg.
07-05 22:13:24.798 18867 19247 I mobile-ffmpeg: Loaded mobile-ffmpeg-full-gpl-arm-v7a-neon-4.3.2-20200415.
07-05 22:13:24.799 18867 19248 D mobile-ffmpeg: Callback thread started.
07-05 22:13:24.817 18867 19247 I FfmpegTools: Running ffmpeg with:
07-05 22:13:24.817 18867 19247 I FfmpegTools:   -y -i /storage/emulated/0/Download/Nearby/20200312_150643!001.mp4 -vf freezedetect=n=-45.000000dB:d=1.000000,metadata=mode=print:file=/storage/emulated/0/Movies/raw/20200312_150643!001.txt -f null -
07-05 22:13:24.933 18867 19248 W mobile-ffmpeg: [graph 0 input from stream 0:0 @ 0x93519a60] sws_param option is deprecated and ignored
07-05 22:13:30.704 18867 19247 W Summariser: No activity detected
07-05 22:13:30.707 18867 19247 V FfmpegTools: Retrieving duration of /storage/emulated/0/Download/Nearby/20200312_150643!001.mp4
07-05 22:13:30.800 18867 19247 W Summariser: Summarisation completed
07-05 22:13:30.800 18867 19247 W Summariser:   filename: 20200312_150643!001.mp4
07-05 22:13:30.800 18867 19247 W Summariser:   active sections: 0
07-05 22:13:30.800 18867 19247 W Summariser:   time: 05.969s
07-05 22:13:30.800 18867 19247 W Summariser:   original duration: 16.01
07-05 22:13:30.800 18867 19247 W Summariser:   summarised duration: -1.00
07-05 22:13:30.800 18867 19247 W Summariser:   noise tolerance: 45.00
07-05 22:13:30.800 18867 19247 W Summariser:   quality: 23
07-05 22:13:30.800 18867 19247 W Summariser:   speed: medium
07-05 22:13:30.800 18867 19247 W Summariser:   freeze duration: 1.00
07-05 22:13:30.802 18867 19247 V ProcessingVideosEventHandler: onRemove
07-05 22:13:30.831 18867 18867 V NearbyFragment: Transfer to Endpoint{id=njPJ, name=Galaxy S8 [2802]} complete
07-05 22:13:30.863 18867 18879 D SummariserIntentService: Scanned /storage/emulated/0/Movies/summarised
07-05 22:13:30.863 18867 18879 D SummariserIntentService:   -> uri=content://media/external/file/1527
07-05 22:13:45.020 18867 18867 D NearbyFragment: onPayloadReceived(endpointId=njPJ, payload=com.google.android.gms.nearby.connection.Payload@1852ab)
07-05 22:13:45.021 18867 18867 V NearbyFragment: Started downloading SUMMARISE_SEGMENT:-7037612605870638411:20200312_150744!001.mp4:45.0_1.0_23_medium from Endpoint{id=njPJ, name=Galaxy S8 [2802]}
07-05 22:13:45.028 18867 18867 V NearbyFragment: Transfer to Endpoint{id=njPJ, name=Galaxy S8 [2802]} complete
07-05 22:13:45.059 18867 18867 D NearbyFragment: onPayloadReceived(endpointId=njPJ, payload=com.google.android.gms.nearby.connection.Payload@ecd7d08)
07-05 22:13:50.004 18867 18867 V NearbyFragment: Transfer to Endpoint{id=njPJ, name=Galaxy S8 [2802]} complete
07-05 22:13:50.005 18867 18867 W NearbyFragment: Completed downloading 20200312_150744!001.mp4 from Endpoint{id=njPJ, name=Galaxy S8 [2802]} in 04.982s
07-05 22:13:50.015 18867 18867 V FileManager: External storage is readable
07-05 22:13:50.016 18867 18867 V FileManager: Created new directory: /storage/emulated/0/Movies/segment-sum/20200312_150744
07-05 22:13:50.017 18867 18867 D NearbyFragment: Summarising 20200312_150744!001.mp4
07-05 22:13:50.017 18867 18867 V VideoManager: Retrieving video from /storage/emulated/0/Download/Nearby/20200312_150744!001.mp4
07-05 22:13:50.025 18867 18867 V VideoManager: videoFromCursor
07-05 22:13:50.027 18867 18867 V ProcessingVideosEventHandler: onAdd
07-05 22:13:50.028 18867 18867 V RawFootageEventHandler: onRemove
07-05 22:13:50.033 18867 18867 V NearbyFragment: Transfer to Endpoint{id=njPJ, name=Galaxy S8 [2802]} complete
07-05 22:13:50.042 18867 19286 V SummariserIntentService: onHandleIntent
07-05 22:13:50.043 18867 19286 D SummariserIntentService: Video{id='1585', data='/storage/emulated/0/Download/Nearby/20200312_150744!001.mp4', name='20200312_150744!001.mp4', size=16915850, visible=true, mimeType='video/mp4'}
07-05 22:13:50.043 18867 19286 D SummariserIntentService: /storage/emulated/0/Movies/segment-sum/20200312_150744/20200312_150744!001.mp4
07-05 22:13:50.047 18867 19286 I FfmpegTools: Running ffmpeg with:
07-05 22:13:50.047 18867 19286 I FfmpegTools:   -y -i /storage/emulated/0/Download/Nearby/20200312_150744!001.mp4 -vf freezedetect=n=-45.000000dB:d=1.000000,metadata=mode=print:file=/storage/emulated/0/Movies/raw/20200312_150744!001.txt -f null -
07-05 22:13:50.179 18867 19248 W mobile-ffmpeg: [graph 0 input from stream 0:0 @ 0x8defd2c0] sws_param option is deprecated and ignored
07-05 22:13:56.082 18867 19286 W Summariser: No activity detected
07-05 22:13:56.085 18867 19286 V FfmpegTools: Retrieving duration of /storage/emulated/0/Download/Nearby/20200312_150744!001.mp4
07-05 22:13:56.175 18867 19286 W Summariser: Summarisation completed
07-05 22:13:56.175 18867 19286 W Summariser:   filename: 20200312_150744!001.mp4
07-05 22:13:56.175 18867 19286 W Summariser:   active sections: 0
07-05 22:13:56.175 18867 19286 W Summariser:   time: 06.039s
07-05 22:13:56.175 18867 19286 W Summariser:   original duration: 16.02
07-05 22:13:56.175 18867 19286 W Summariser:   summarised duration: -1.00
07-05 22:13:56.175 18867 19286 W Summariser:   noise tolerance: 45.00
07-05 22:13:56.175 18867 19286 W Summariser:   quality: 23
07-05 22:13:56.175 18867 19286 W Summariser:   speed: medium
07-05 22:13:56.175 18867 19286 W Summariser:   freeze duration: 1.00
07-05 22:13:56.177 18867 19286 V ProcessingVideosEventHandler: onRemove
07-05 22:13:56.200 18867 18867 V NearbyFragment: Transfer to Endpoint{id=njPJ, name=Galaxy S8 [2802]} complete
07-05 22:13:56.214 18867 18880 D SummariserIntentService: Scanned /storage/emulated/0/Movies/summarised
07-05 22:13:56.214 18867 18880 D SummariserIntentService:   -> uri=content://media/external/file/1527
07-05 22:14:09.947 18867 18867 D NearbyFragment: onPayloadReceived(endpointId=njPJ, payload=com.google.android.gms.nearby.connection.Payload@bed7ed9)
07-05 22:14:09.949 18867 18867 V NearbyFragment: Started downloading SUMMARISE_SEGMENT:-6758294172123015590:20200312_150844!000.mp4:45.0_1.0_23_medium from Endpoint{id=njPJ, name=Galaxy S8 [2802]}
07-05 22:14:10.003 18867 18867 D NearbyFragment: onPayloadReceived(endpointId=njPJ, payload=com.google.android.gms.nearby.connection.Payload@59b509e)
07-05 22:14:10.011 18867 18867 V NearbyFragment: Transfer to Endpoint{id=njPJ, name=Galaxy S8 [2802]} complete
07-05 22:14:15.170 18867 18867 V NearbyFragment: Transfer to Endpoint{id=njPJ, name=Galaxy S8 [2802]} complete
07-05 22:14:15.171 18867 18867 W NearbyFragment: Completed downloading 20200312_150844!000.mp4 from Endpoint{id=njPJ, name=Galaxy S8 [2802]} in 05.221s
07-05 22:14:15.339 18867 18867 V FileManager: External storage is readable
07-05 22:14:15.340 18867 18867 V FileManager: Created new directory: /storage/emulated/0/Movies/segment-sum/20200312_150844
07-05 22:14:15.341 18867 18867 D NearbyFragment: Summarising 20200312_150844!000.mp4
07-05 22:14:15.341 18867 18867 V VideoManager: Retrieving video from /storage/emulated/0/Download/Nearby/20200312_150844!000.mp4
07-05 22:14:15.349 18867 18867 V VideoManager: videoFromCursor
07-05 22:14:15.351 18867 18867 V ProcessingVideosEventHandler: onAdd
07-05 22:14:15.352 18867 18867 V RawFootageEventHandler: onRemove
07-05 22:14:15.357 18867 18867 V NearbyFragment: Transfer to Endpoint{id=njPJ, name=Galaxy S8 [2802]} complete
07-05 22:14:15.364 18867 19363 V SummariserIntentService: onHandleIntent
07-05 22:14:15.364 18867 19363 D SummariserIntentService: Video{id='1586', data='/storage/emulated/0/Download/Nearby/20200312_150844!000.mp4', name='20200312_150844!000.mp4', size=16852835, visible=true, mimeType='video/mp4'}
07-05 22:14:15.364 18867 19363 D SummariserIntentService: /storage/emulated/0/Movies/segment-sum/20200312_150844/20200312_150844!000.mp4
07-05 22:14:15.367 18867 19363 I FfmpegTools: Running ffmpeg with:
07-05 22:14:15.367 18867 19363 I FfmpegTools:   -y -i /storage/emulated/0/Download/Nearby/20200312_150844!000.mp4 -vf freezedetect=n=-45.000000dB:d=1.000000,metadata=mode=print:file=/storage/emulated/0/Movies/raw/20200312_150844!000.txt -f null -
07-05 22:14:15.472 18867 19248 W mobile-ffmpeg: [graph 0 input from stream 0:0 @ 0x910c1600] sws_param option is deprecated and ignored
07-05 22:14:21.259 18867 19363 D Summariser: No freeze file
07-05 22:14:21.259 18867 19363 W Summariser: Whole video is active
07-05 22:14:22.512 18867 19363 V FfmpegTools: Retrieving duration of /storage/emulated/0/Download/Nearby/20200312_150844!000.mp4
07-05 22:14:22.572 18867 19363 V FfmpegTools: Retrieving duration of /storage/emulated/0/Movies/segment-sum/20200312_150844/20200312_150844!000.mp4
07-05 22:14:22.630 18867 19363 W Summariser: Summarisation completed
07-05 22:14:22.630 18867 19363 W Summariser:   filename: 20200312_150844!000.mp4
07-05 22:14:22.630 18867 19363 W Summariser:   active sections: -1
07-05 22:14:22.630 18867 19363 W Summariser:   time: 07.146s
07-05 22:14:22.630 18867 19363 W Summariser:   original duration: 16.06
07-05 22:14:22.630 18867 19363 W Summariser:   summarised duration: 16.06
07-05 22:14:22.630 18867 19363 W Summariser:   noise tolerance: 45.00
07-05 22:14:22.630 18867 19363 W Summariser:   quality: 23
07-05 22:14:22.630 18867 19363 W Summariser:   speed: medium
07-05 22:14:22.630 18867 19363 W Summariser:   freeze duration: 1.00
07-05 22:14:22.630 18867 19363 V VideoManager: Retrieving video from /storage/emulated/0/Movies/segment-sum/20200312_150844/20200312_150844!000.mp4
07-05 22:14:22.637 18867 19363 V VideoManager: videoFromCursor
07-05 22:14:22.641 18867 19363 W NearbyFragment: Sending 20200312_150844!000.mp4 to Galaxy S8 [2802]
07-05 22:14:22.645 18867 19363 V ProcessingVideosEventHandler: onRemove
07-05 22:14:22.678 18867 18867 V NearbyFragment: Transfer to Endpoint{id=njPJ, name=Galaxy S8 [2802]} complete
07-05 22:14:22.694 18867 18896 D SummariserIntentService: Scanned /storage/emulated/0/Movies/summarised
07-05 22:14:22.694 18867 18896 D SummariserIntentService:   -> uri=content://media/external/file/1527
07-05 22:14:23.551 18867 18867 D NearbyFragment: onPayloadReceived(endpointId=njPJ, payload=com.google.android.gms.nearby.connection.Payload@bda9fe4)
07-05 22:14:23.552 18867 18867 V NearbyFragment: Started downloading SUMMARISE_SEGMENT:-5150263249980312727:20200312_150844!002.mp4:45.0_1.0_23_medium from Endpoint{id=njPJ, name=Galaxy S8 [2802]}
07-05 22:14:23.899 18867 18867 V NearbyFragment: Transfer to Endpoint{id=njPJ, name=Galaxy S8 [2802]} complete
07-05 22:14:26.122 18867 18867 D NearbyFragment: onPayloadReceived(endpointId=njPJ, payload=com.google.android.gms.nearby.connection.Payload@725bc4d)
07-05 22:14:33.488 18867 18867 V NearbyFragment: Transfer to Endpoint{id=njPJ, name=Galaxy S8 [2802]} complete
07-05 22:14:33.489 18867 18867 W NearbyFragment: Completed downloading 20200312_150844!002.mp4 from Endpoint{id=njPJ, name=Galaxy S8 [2802]} in 09.936s
07-05 22:14:33.500 18867 18867 V FileManager: External storage is readable
07-05 22:14:33.500 18867 18867 V FileManager: Directory already exists: /storage/emulated/0/Movies/segment-sum/20200312_150844
07-05 22:14:33.501 18867 18867 D NearbyFragment: Summarising 20200312_150844!002.mp4
07-05 22:14:33.501 18867 18867 V VideoManager: Retrieving video from /storage/emulated/0/Download/Nearby/20200312_150844!002.mp4
07-05 22:14:33.509 18867 18867 V VideoManager: videoFromCursor
07-05 22:14:33.511 18867 18867 V ProcessingVideosEventHandler: onAdd
07-05 22:14:33.511 18867 18867 V RawFootageEventHandler: onRemove
07-05 22:14:33.528 18867 19444 V SummariserIntentService: onHandleIntent
07-05 22:14:33.529 18867 19444 D SummariserIntentService: Video{id='1590', data='/storage/emulated/0/Download/Nearby/20200312_150844!002.mp4', name='20200312_150844!002.mp4', size=16805379, visible=true, mimeType='video/mp4'}
07-05 22:14:33.529 18867 19444 D SummariserIntentService: /storage/emulated/0/Movies/segment-sum/20200312_150844/20200312_150844!002.mp4
07-05 22:14:33.531 18867 19444 I FfmpegTools: Running ffmpeg with:
07-05 22:14:33.531 18867 19444 I FfmpegTools:   -y -i /storage/emulated/0/Download/Nearby/20200312_150844!002.mp4 -vf freezedetect=n=-45.000000dB:d=1.000000,metadata=mode=print:file=/storage/emulated/0/Movies/raw/20200312_150844!002.txt -f null -
07-05 22:14:33.544 18867 18867 V NearbyFragment: Transfer to Endpoint{id=njPJ, name=Galaxy S8 [2802]} complete
07-05 22:14:33.663 18867 19248 W mobile-ffmpeg: [graph 0 input from stream 0:0 @ 0x910c17e0] sws_param option is deprecated and ignored
07-05 22:14:38.947 18867 19444 D Summariser: No freeze file
07-05 22:14:38.947 18867 19444 W Summariser: Whole video is active
07-05 22:14:39.822 18867 18867 V NearbyFragment: Transfer to Endpoint{id=njPJ, name=Galaxy S8 [2802]} complete
07-05 22:14:40.135 18867 19444 V FfmpegTools: Retrieving duration of /storage/emulated/0/Download/Nearby/20200312_150844!002.mp4
07-05 22:14:40.219 18867 19444 V FfmpegTools: Retrieving duration of /storage/emulated/0/Movies/segment-sum/20200312_150844/20200312_150844!002.mp4
07-05 22:14:40.295 18867 19444 W Summariser: Summarisation completed
07-05 22:14:40.295 18867 19444 W Summariser:   filename: 20200312_150844!002.mp4
07-05 22:14:40.295 18867 19444 W Summariser:   active sections: -1
07-05 22:14:40.295 18867 19444 W Summariser:   time: 06.605s
07-05 22:14:40.295 18867 19444 W Summariser:   original duration: 16.01
07-05 22:14:40.295 18867 19444 W Summariser:   summarised duration: 16.01
07-05 22:14:40.295 18867 19444 W Summariser:   noise tolerance: 45.00
07-05 22:14:40.295 18867 19444 W Summariser:   quality: 23
07-05 22:14:40.295 18867 19444 W Summariser:   speed: medium
07-05 22:14:40.295 18867 19444 W Summariser:   freeze duration: 1.00
07-05 22:14:40.296 18867 19444 V VideoManager: Retrieving video from /storage/emulated/0/Movies/segment-sum/20200312_150844/20200312_150844!002.mp4
07-05 22:14:40.302 18867 19444 V VideoManager: videoFromCursor
07-05 22:14:40.311 18867 19444 W NearbyFragment: Sending 20200312_150844!002.mp4 to Galaxy S8 [2802]
07-05 22:14:40.314 18867 19444 V ProcessingVideosEventHandler: onRemove
07-05 22:14:40.347 18867 18867 V NearbyFragment: Transfer to Endpoint{id=njPJ, name=Galaxy S8 [2802]} complete
07-05 22:14:40.377 18867 18896 D SummariserIntentService: Scanned /storage/emulated/0/Movies/summarised
07-05 22:14:40.377 18867 18896 D SummariserIntentService:   -> uri=content://media/external/file/1527
07-05 22:14:45.569 18867 18867 V NearbyFragment: Transfer to Endpoint{id=njPJ, name=Galaxy S8 [2802]} complete
07-05 22:15:10.003 18867 18867 D NearbyFragment: onPayloadReceived(endpointId=njPJ, payload=com.google.android.gms.nearby.connection.Payload@a9c828b)
07-05 22:15:10.004 18867 18867 V NearbyFragment: Started downloading SUMMARISE_SEGMENT:-4854087851702133961:20200312_150944!001.mp4:45.0_1.0_23_medium from Endpoint{id=njPJ, name=Galaxy S8 [2802]}
07-05 22:15:10.007 18867 18867 V NearbyFragment: Transfer to Endpoint{id=njPJ, name=Galaxy S8 [2802]} complete
07-05 22:15:10.055 18867 18867 D NearbyFragment: onPayloadReceived(endpointId=njPJ, payload=com.google.android.gms.nearby.connection.Payload@6ec1f68)
07-05 22:15:15.164 18867 18867 V NearbyFragment: Transfer to Endpoint{id=njPJ, name=Galaxy S8 [2802]} complete
07-05 22:15:15.165 18867 18867 W NearbyFragment: Completed downloading 20200312_150944!001.mp4 from Endpoint{id=njPJ, name=Galaxy S8 [2802]} in 05.160s
07-05 22:15:15.374 18867 18867 V FileManager: External storage is readable
07-05 22:15:15.374 18867 18867 V FileManager: Created new directory: /storage/emulated/0/Movies/segment-sum/20200312_150944
07-05 22:15:15.375 18867 18867 D NearbyFragment: Summarising 20200312_150944!001.mp4
07-05 22:15:15.375 18867 18867 V VideoManager: Retrieving video from /storage/emulated/0/Download/Nearby/20200312_150944!001.mp4
07-05 22:15:15.381 18867 18867 V VideoManager: videoFromCursor
07-05 22:15:15.385 18867 18867 V ProcessingVideosEventHandler: onAdd
07-05 22:15:15.386 18867 18867 V RawFootageEventHandler: onRemove
07-05 22:15:15.390 18867 18867 V NearbyFragment: Transfer to Endpoint{id=njPJ, name=Galaxy S8 [2802]} complete
07-05 22:15:15.403 18867 19533 V SummariserIntentService: onHandleIntent
07-05 22:15:15.403 18867 19533 D SummariserIntentService: Video{id='1592', data='/storage/emulated/0/Download/Nearby/20200312_150944!001.mp4', name='20200312_150944!001.mp4', size=16812180, visible=true, mimeType='video/mp4'}
07-05 22:15:15.403 18867 19533 D SummariserIntentService: /storage/emulated/0/Movies/segment-sum/20200312_150944/20200312_150944!001.mp4
07-05 22:15:15.405 18867 19533 I FfmpegTools: Running ffmpeg with:
07-05 22:15:15.405 18867 19533 I FfmpegTools:   -y -i /storage/emulated/0/Download/Nearby/20200312_150944!001.mp4 -vf freezedetect=n=-45.000000dB:d=1.000000,metadata=mode=print:file=/storage/emulated/0/Movies/raw/20200312_150944!001.txt -f null -
07-05 22:15:15.521 18867 19248 W mobile-ffmpeg: [graph 0 input from stream 0:0 @ 0x910c17e0] sws_param option is deprecated and ignored
07-05 22:15:18.606 18867 18867 D NearbyFragment: onPayloadReceived(endpointId=njPJ, payload=com.google.android.gms.nearby.connection.Payload@52b52bd)
07-05 22:15:18.607 18867 18867 V NearbyFragment: Started downloading SUMMARISE_SEGMENT:-8712346262099132530:20200312_150944!003.mp4:45.0_1.0_23_medium from Endpoint{id=njPJ, name=Galaxy S8 [2802]}
07-05 22:15:18.608 18867 18867 V NearbyFragment: Transfer to Endpoint{id=njPJ, name=Galaxy S8 [2802]} complete
07-05 22:15:21.658 18867 19533 W Summariser: No activity detected
07-05 22:15:21.659 18867 19533 V FfmpegTools: Retrieving duration of /storage/emulated/0/Download/Nearby/20200312_150944!001.mp4
07-05 22:15:21.742 18867 19533 W Summariser: Summarisation completed
07-05 22:15:21.742 18867 19533 W Summariser:   filename: 20200312_150944!001.mp4
07-05 22:15:21.742 18867 19533 W Summariser:   active sections: 0
07-05 22:15:21.742 18867 19533 W Summariser:   time: 06.255s
07-05 22:15:21.742 18867 19533 W Summariser:   original duration: 16.01
07-05 22:15:21.742 18867 19533 W Summariser:   summarised duration: -1.00
07-05 22:15:21.742 18867 19533 W Summariser:   noise tolerance: 45.00
07-05 22:15:21.742 18867 19533 W Summariser:   quality: 23
07-05 22:15:21.742 18867 19533 W Summariser:   speed: medium
07-05 22:15:21.742 18867 19533 W Summariser:   freeze duration: 1.00
07-05 22:15:21.744 18867 19533 V ProcessingVideosEventHandler: onRemove
07-05 22:15:21.763 18867 18867 V NearbyFragment: Transfer to Endpoint{id=njPJ, name=Galaxy S8 [2802]} complete
07-05 22:15:21.796 18867 18880 D SummariserIntentService: Scanned /storage/emulated/0/Movies/summarised
07-05 22:15:21.796 18867 18880 D SummariserIntentService:   -> uri=content://media/external/file/1527
