--------- beginning of main
06-29 20:09:57.657  9868  9868 I zygote64: Late-enabling -Xcheck:jni
--------- beginning of system
06-29 20:09:57.779  9868  9868 I ActivityThread: handleStopService: token=android.os.BinderProxy@feb3d70 not found.
06-29 20:09:57.785  9868  9868 I TransferService: Starting Transfer Service to listen for network connectivity changes.
06-29 20:09:57.786  9868  9868 W LogFactory: Truncating log tag length as it exceed 23, the limit imposed by Android on certain API Levels
06-29 20:09:57.810  9868  9868 I TransferService: Registering the network receiver
06-29 20:09:57.815  9868  9868 I TransferService: Moving the service out of the Foreground state.
06-29 20:09:57.816  9868  9868 I TransferService: De-registering the network receiver.
06-29 20:09:59.269  9868  9868 I zygote64: Rejecting re-init on previously-failed class java.lang.Class<androidx.core.view.ViewCompat$2>: java.lang.NoClassDefFoundError: Failed resolution of: Landroid/view/View$OnUnhandledKeyEventListener;
06-29 20:09:59.269  9868  9868 I zygote64:   at void androidx.core.view.ViewCompat.setOnApplyWindowInsetsListener(android.view.View, androidx.core.view.OnApplyWindowInsetsListener) (ViewCompat.java:2421)
06-29 20:09:59.269  9868  9868 I zygote64:   at android.view.ViewGroup androidx.appcompat.app.AppCompatDelegateImpl.createSubDecor() (AppCompatDelegateImpl.java:779)
06-29 20:09:59.269  9868  9868 I zygote64:   at void androidx.appcompat.app.AppCompatDelegateImpl.ensureSubDecor() (AppCompatDelegateImpl.java:659)
06-29 20:09:59.269  9868  9868 I zygote64:   at void androidx.appcompat.app.AppCompatDelegateImpl.setContentView(int) (AppCompatDelegateImpl.java:552)
06-29 20:09:59.269  9868  9868 I zygote64:   at void androidx.appcompat.app.AppCompatActivity.setContentView(int) (AppCompatActivity.java:161)
06-29 20:09:59.269  9868  9868 I zygote64:   at void com.example.edgesum.page.main.MainActivity.onCreate(android.os.Bundle) (MainActivity.java:95)
06-29 20:09:59.269  9868  9868 I zygote64:   at void android.app.Activity.performCreate(android.os.Bundle, android.os.PersistableBundle) (Activity.java:7009)
06-29 20:09:59.269  9868  9868 I zygote64:   at void android.app.Activity.performCreate(android.os.Bundle) (Activity.java:7000)
06-29 20:09:59.269  9868  9868 I zygote64:   at void android.app.Instrumentation.callActivityOnCreate(android.app.Activity, android.os.Bundle) (Instrumentation.java:1214)
06-29 20:09:59.269  9868  9868 I zygote64:   at android.app.Activity android.app.ActivityThread.performLaunchActivity(android.app.ActivityThread$ActivityClientRecord, android.content.Intent) (ActivityThread.java:2731)
06-29 20:09:59.269  9868  9868 I zygote64:   at void android.app.ActivityThread.handleLaunchActivity(android.app.ActivityThread$ActivityClientRecord, android.content.Intent, java.lang.String) (ActivityThread.java:2856)
06-29 20:09:59.269  9868  9868 I zygote64:   at void android.app.ActivityThread.-wrap11(android.app.ActivityThread, android.app.ActivityThread$ActivityClientRecord, android.content.Intent, java.lang.String) (ActivityThread.java:-1)
06-29 20:09:59.269  9868  9868 I zygote64:   at void android.app.ActivityThread$H.handleMessage(android.os.Message) (ActivityThread.java:1589)
06-29 20:09:59.269  9868  9868 I zygote64:   at void android.os.Handler.dispatchMessage(android.os.Message) (Handler.java:106)
06-29 20:09:59.269  9868  9868 I zygote64:   at void android.os.Looper.loop() (Looper.java:164)
06-29 20:09:59.269  9868  9868 I zygote64:   at void android.app.ActivityThread.main(java.lang.String[]) (ActivityThread.java:6494)
06-29 20:09:59.269  9868  9868 I zygote64:   at java.lang.Object java.lang.reflect.Method.invoke(java.lang.Object, java.lang.Object[]) (Method.java:-2)
06-29 20:09:59.269  9868  9868 I zygote64:   at void com.android.internal.os.RuntimeInit$MethodAndArgsCaller.run() (RuntimeInit.java:438)
06-29 20:09:59.269  9868  9868 I zygote64:   at void com.android.internal.os.ZygoteInit.main(java.lang.String[]) (ZygoteInit.java:807)
06-29 20:09:59.269  9868  9868 I zygote64: Caused by: java.lang.ClassNotFoundException: Didn't find class "android.view.View$OnUnhandledKeyEventListener" on path: DexPathList[[zip file "/data/app/com.example.edgesum-xo3L3oHCK05qKs3PdMmOEQ==/base.apk"],nativeLibraryDirectories=[/data/app/com.example.edgesum-xo3L3oHCK05qKs3PdMmOEQ==/lib/arm64, /data/app/com.example.edgesum-xo3L3oHCK05qKs3PdMmOEQ==/base.apk!/lib/arm64-v8a, /system/lib64, /vendor/lib64]]
06-29 20:09:59.269  9868  9868 I zygote64:   at java.lang.Class dalvik.system.BaseDexClassLoader.findClass(java.lang.String) (BaseDexClassLoader.java:125)
06-29 20:09:59.269  9868  9868 I zygote64:   at java.lang.Class java.lang.ClassLoader.loadClass(java.lang.String, boolean) (ClassLoader.java:379)
06-29 20:09:59.269  9868  9868 I zygote64:   at java.lang.Class java.lang.ClassLoader.loadClass(java.lang.String) (ClassLoader.java:312)
06-29 20:09:59.269  9868  9868 I zygote64:   at void androidx.core.view.ViewCompat.setOnApplyWindowInsetsListener(android.view.View, androidx.core.view.OnApplyWindowInsetsListener) (ViewCompat.java:2421)
06-29 20:09:59.269  9868  9868 I zygote64:   at android.view.ViewGroup androidx.appcompat.app.AppCompatDelegateImpl.createSubDecor() (AppCompatDelegateImpl.java:779)
06-29 20:09:59.269  9868  9868 I zygote64:   at void androidx.appcompat.app.AppCompatDelegateImpl.ensureSubDecor() (AppCompatDelegateImpl.java:659)
06-29 20:09:59.269  9868  9868 I zygote64:   at void androidx.appcompat.app.AppCompatDelegateImpl.setContentView(int) (AppCompatDelegateImpl.java:552)
06-29 20:09:59.269  9868  9868 I zygote64:   at void androidx.appcompat.app.AppCompatActivity.setContentView(int) (AppCompatActivity.java:161)
06-29 20:09:59.269  9868  9868 I zygote64:   at void com.example.edgesum.page.main.MainActivity.onCreate(android.os.Bundle) (MainActivity.java:95)
06-29 20:09:59.269  9868  9868 I zygote64:   at void android.app.Activity.performCreate(android.os.Bundle, android.os.PersistableBundle) (Activity.java:7009)
06-29 20:09:59.269  9868  9868 I zygote64:   at void android.app.Activity.performCreate(android.os.Bundle) (Activity.java:7000)
06-29 20:09:59.269  9868  9868 I zygote64:   at void android.app.Instrumentation.callActivityOnCreate(android.app.Activity, android.os.Bundle) (Instrumentation.java:1214)
06-29 20:09:59.269  9868  9868 I zygote64:   at android.app.Activity android.app.ActivityThread.performLaunchActivity(android.app.ActivityThread$ActivityClientRecord, android.content.Intent) (ActivityThread.java:2731)
06-29 20:09:59.269  9868  9868 I zygote64:   at void android.app.ActivityThread.handleLaunchActivity(android.app.ActivityThread$ActivityClientRecord, android.content.Intent, java.lang.String) (ActivityThread.java:2856)
06-29 20:09:59.269  9868  9868 I zygote64:   at void android.app.ActivityThread.-wrap11(android.app.ActivityThread, android.app.ActivityThread$ActivityClientRecord, android.content.Intent, java.lang.String) (ActivityThread.java:-1)
06-29 20:09:59.269  9868  9868 I zygote64:   at void android.app.ActivityThread$H.handleMessage(android.os.Message) (ActivityThread.java:1589)
06-29 20:09:59.269  9868  9868 I zygote64:   at void android.os.Handler.dispatchMessage(android.os.Message) (Handler.java:106)
06-29 20:09:59.269  9868  9868 I zygote64:   at void android.os.Looper.loop() (Looper.java:164)
06-29 20:09:59.269  9868  9868 I zygote64:   at void android.app.ActivityThread.main(java.lang.String[]) (ActivityThread.java:6494)
06-29 20:09:59.269  9868  9868 I zygote64:   at java.lang.Object java.lang.reflect.Method.invoke(java.lang.Object, java.lang.Object[]) (Method.java:-2)
06-29 20:09:59.269  9868  9868 I zygote64:   at void com.android.internal.os.RuntimeInit$MethodAndArgsCaller.run() (RuntimeInit.java:438)
06-29 20:09:59.269  9868  9868 I zygote64:   at void com.android.internal.os.ZygoteInit.main(java.lang.String[]) (ZygoteInit.java:807)
06-29 20:09:59.269  9868  9868 I zygote64: 
06-29 20:09:59.270  9868  9868 I zygote64: Rejecting re-init on previously-failed class java.lang.Class<androidx.core.view.ViewCompat$2>: java.lang.NoClassDefFoundError: Failed resolution of: Landroid/view/View$OnUnhandledKeyEventListener;
06-29 20:09:59.270  9868  9868 I zygote64:   at void androidx.core.view.ViewCompat.setOnApplyWindowInsetsListener(android.view.View, androidx.core.view.OnApplyWindowInsetsListener) (ViewCompat.java:2421)
06-29 20:09:59.270  9868  9868 I zygote64:   at android.view.ViewGroup androidx.appcompat.app.AppCompatDelegateImpl.createSubDecor() (AppCompatDelegateImpl.java:779)
06-29 20:09:59.270  9868  9868 I zygote64:   at void androidx.appcompat.app.AppCompatDelegateImpl.ensureSubDecor() (AppCompatDelegateImpl.java:659)
06-29 20:09:59.270  9868  9868 I zygote64:   at void androidx.appcompat.app.AppCompatDelegateImpl.setContentView(int) (AppCompatDelegateImpl.java:552)
06-29 20:09:59.270  9868  9868 I zygote64:   at void androidx.appcompat.app.AppCompatActivity.setContentView(int) (AppCompatActivity.java:161)
06-29 20:09:59.270  9868  9868 I zygote64:   at void com.example.edgesum.page.main.MainActivity.onCreate(android.os.Bundle) (MainActivity.java:95)
06-29 20:09:59.270  9868  9868 I zygote64:   at void android.app.Activity.performCreate(android.os.Bundle, android.os.PersistableBundle) (Activity.java:7009)
06-29 20:09:59.270  9868  9868 I zygote64:   at void android.app.Activity.performCreate(android.os.Bundle) (Activity.java:7000)
06-29 20:09:59.270  9868  9868 I zygote64:   at void android.app.Instrumentation.callActivityOnCreate(android.app.Activity, android.os.Bundle) (Instrumentation.java:1214)
06-29 20:09:59.270  9868  9868 I zygote64:   at android.app.Activity android.app.ActivityThread.performLaunchActivity(android.app.ActivityThread$ActivityClientRecord, android.content.Intent) (ActivityThread.java:2731)
06-29 20:09:59.270  9868  9868 I zygote64:   at void android.app.ActivityThread.handleLaunchActivity(android.app.ActivityThread$ActivityClientRecord, android.content.Intent, java.lang.String) (ActivityThread.java:2856)
06-29 20:09:59.270  9868  9868 I zygote64:   at void android.app.ActivityThread.-wrap11(android.app.ActivityThread, android.app.ActivityThread$ActivityClientRecord, android.content.Intent, java.lang.String) (ActivityThread.java:-1)
06-29 20:09:59.270  9868  9868 I zygote64:   at void android.app.ActivityThread$H.handleMessage(android.os.Message) (ActivityThread.java:1589)
06-29 20:09:59.270  9868  9868 I zygote64:   at void android.os.Handler.dispatchMessage(android.os.Message) (Handler.java:106)
06-29 20:09:59.270  9868  9868 I zygote64:   at void android.os.Looper.loop() (Looper.java:164)
06-29 20:09:59.270  9868  9868 I zygote64:   at void android.app.ActivityThread.main(java.lang.String[]) (ActivityThread.java:6494)
06-29 20:09:59.270  9868  9868 I zygote64:   at java.lang.Object java.lang.reflect.Method.invoke(java.lang.Object, java.lang.Object[]) (Method.java:-2)
06-29 20:09:59.270  9868  9868 I zygote64:   at void com.android.internal.os.RuntimeInit$MethodAndArgsCaller.run() (RuntimeInit.java:438)
06-29 20:09:59.270  9868  9868 I zygote64:   at void com.android.internal.os.ZygoteInit.main(java.lang.String[]) (ZygoteInit.java:807)
06-29 20:09:59.270  9868  9868 I zygote64: Caused by: java.lang.ClassNotFoundException: Didn't find class "android.view.View$OnUnhandledKeyEventListener" on path: DexPathList[[zip file "/data/app/com.example.edgesum-xo3L3oHCK05qKs3PdMmOEQ==/base.apk"],nativeLibraryDirectories=[/data/app/com.example.edgesum-xo3L3oHCK05qKs3PdMmOEQ==/lib/arm64, /data/app/com.example.edgesum-xo3L3oHCK05qKs3PdMmOEQ==/base.apk!/lib/arm64-v8a, /system/lib64, /vendor/lib64]]
06-29 20:09:59.270  9868  9868 I zygote64:   at java.lang.Class dalvik.system.BaseDexClassLoader.findClass(java.lang.String) (BaseDexClassLoader.java:125)
06-29 20:09:59.270  9868  9868 I zygote64:   at java.lang.Class java.lang.ClassLoader.loadClass(java.lang.String, boolean) (ClassLoader.java:379)
06-29 20:09:59.270  9868  9868 I zygote64:   at java.lang.Class java.lang.ClassLoader.loadClass(java.lang.String) (ClassLoader.java:312)
06-29 20:09:59.270  9868  9868 I zygote64:   at void androidx.core.view.ViewCompat.setOnApplyWindowInsetsListener(android.view.View, androidx.core.view.OnApplyWindowInsetsListener) (ViewCompat.java:2421)
06-29 20:09:59.270  9868  9868 I zygote64:   at android.view.ViewGroup androidx.appcompat.app.AppCompatDelegateImpl.createSubDecor() (AppCompatDelegateImpl.java:779)
06-29 20:09:59.270  9868  9868 I zygote64:   at void androidx.appcompat.app.AppCompatDelegateImpl.ensureSubDecor() (AppCompatDelegateImpl.java:659)
06-29 20:09:59.270  9868  9868 I zygote64:   at void androidx.appcompat.app.AppCompatDelegateImpl.setContentView(int) (AppCompatDelegateImpl.java:552)
06-29 20:09:59.270  9868  9868 I zygote64:   at void androidx.appcompat.app.AppCompatActivity.setContentView(int) (AppCompatActivity.java:161)
06-29 20:09:59.270  9868  9868 I zygote64:   at void com.example.edgesum.page.main.MainActivity.onCreate(android.os.Bundle) (MainActivity.java:95)
06-29 20:09:59.270  9868  9868 I zygote64:   at void android.app.Activity.performCreate(android.os.Bundle, android.os.PersistableBundle) (Activity.java:7009)
06-29 20:09:59.270  9868  9868 I zygote64:   at void android.app.Activity.performCreate(android.os.Bundle) (Activity.java:7000)
06-29 20:09:59.270  9868  9868 I zygote64:   at void android.app.Instrumentation.callActivityOnCreate(android.app.Activity, android.os.Bundle) (Instrumentation.java:1214)
06-29 20:09:59.270  9868  9868 I zygote64:   at android.app.Activity android.app.ActivityThread.performLaunchActivity(android.app.ActivityThread$ActivityClientRecord, android.content.Intent) (ActivityThread.java:2731)
06-29 20:09:59.270  9868  9868 I zygote64:   at void android.app.ActivityThread.handleLaunchActivity(android.app.ActivityThread$ActivityClientRecord, android.content.Intent, java.lang.String) (ActivityThread.java:2856)
06-29 20:09:59.270  9868  9868 I zygote64:   at void android.app.ActivityThread.-wrap11(android.app.ActivityThread, android.app.ActivityThread$ActivityClientRecord, android.content.Intent, java.lang.String) (ActivityThread.java:-1)
06-29 20:09:59.270  9868  9868 I zygote64:   at void android.app.ActivityThread$H.handleMessage(android.os.Message) (ActivityThread.java:1589)
06-29 20:09:59.270  9868  9868 I zygote64:   at void android.os.Handler.dispatchMessage(android.os.Message) (Handler.java:106)
06-29 20:09:59.270  9868  9868 I zygote64:   at void android.os.Looper.loop() (Looper.java:164)
06-29 20:09:59.270  9868  9868 I zygote64:   at void android.app.ActivityThread.main(java.lang.String[]) (ActivityThread.java:6494)
06-29 20:09:59.270  9868  9868 I zygote64:   at java.lang.Object java.lang.reflect.Method.invoke(java.lang.Object, java.lang.Object[]) (Method.java:-2)
06-29 20:09:59.270  9868  9868 I zygote64:   at void com.android.internal.os.RuntimeInit$MethodAndArgsCaller.run() (RuntimeInit.java:438)
06-29 20:09:59.270  9868  9868 I zygote64:   at void com.android.internal.os.ZygoteInit.main(java.lang.String[]) (ZygoteInit.java:807)
06-29 20:09:59.270  9868  9868 I zygote64: 
06-29 20:09:59.271  9868  9868 I zygote64: Rejecting re-init on previously-failed class java.lang.Class<androidx.core.view.ViewCompat$2>: java.lang.NoClassDefFoundError: Failed resolution of: Landroid/view/View$OnUnhandledKeyEventListener;
06-29 20:09:59.271  9868  9868 I zygote64:   at void androidx.core.view.ViewCompat.setOnApplyWindowInsetsListener(android.view.View, androidx.core.view.OnApplyWindowInsetsListener) (ViewCompat.java:2421)
06-29 20:09:59.271  9868  9868 I zygote64:   at android.view.ViewGroup androidx.appcompat.app.AppCompatDelegateImpl.createSubDecor() (AppCompatDelegateImpl.java:779)
06-29 20:09:59.271  9868  9868 I zygote64:   at void androidx.appcompat.app.AppCompatDelegateImpl.ensureSubDecor() (AppCompatDelegateImpl.java:659)
06-29 20:09:59.271  9868  9868 I zygote64:   at void androidx.appcompat.app.AppCompatDelegateImpl.setContentView(int) (AppCompatDelegateImpl.java:552)
06-29 20:09:59.271  9868  9868 I zygote64:   at void androidx.appcompat.app.AppCompatActivity.setContentView(int) (AppCompatActivity.java:161)
06-29 20:09:59.271  9868  9868 I zygote64:   at void com.example.edgesum.page.main.MainActivity.onCreate(android.os.Bundle) (MainActivity.java:95)
06-29 20:09:59.271  9868  9868 I zygote64:   at void android.app.Activity.performCreate(android.os.Bundle, android.os.PersistableBundle) (Activity.java:7009)
06-29 20:09:59.271  9868  9868 I zygote64:   at void android.app.Activity.performCreate(android.os.Bundle) (Activity.java:7000)
06-29 20:09:59.271  9868  9868 I zygote64:   at void android.app.Instrumentation.callActivityOnCreate(android.app.Activity, android.os.Bundle) (Instrumentation.java:1214)
06-29 20:09:59.271  9868  9868 I zygote64:   at android.app.Activity android.app.ActivityThread.performLaunchActivity(android.app.ActivityThread$ActivityClientRecord, android.content.Intent) (ActivityThread.java:2731)
06-29 20:09:59.271  9868  9868 I zygote64:   at void android.app.ActivityThread.handleLaunchActivity(android.app.ActivityThread$ActivityClientRecord, android.content.Intent, java.lang.String) (ActivityThread.java:2856)
06-29 20:09:59.271  9868  9868 I zygote64:   at void android.app.ActivityThread.-wrap11(android.app.ActivityThread, android.app.ActivityThread$ActivityClientRecord, android.content.Intent, java.lang.String) (ActivityThread.java:-1)
06-29 20:09:59.271  9868  9868 I zygote64:   at void android.app.ActivityThread$H.handleMessage(android.os.Message) (ActivityThread.java:1589)
06-29 20:09:59.271  9868  9868 I zygote64:   at void android.os.Handler.dispatchMessage(android.os.Message) (Handler.java:106)
06-29 20:09:59.271  9868  9868 I zygote64:   at void android.os.Looper.loop() (Looper.java:164)
06-29 20:09:59.271  9868  9868 I zygote64:   at void android.app.ActivityThread.main(java.lang.String[]) (ActivityThread.java:6494)
06-29 20:09:59.271  9868  9868 I zygote64:   at java.lang.Object java.lang.reflect.Method.invoke(java.lang.Object, java.lang.Object[]) (Method.java:-2)
06-29 20:09:59.271  9868  9868 I zygote64:   at void com.android.internal.os.RuntimeInit$MethodAndArgsCaller.run() (RuntimeInit.java:438)
06-29 20:09:59.271  9868  9868 I zygote64:   at void com.android.internal.os.ZygoteInit.main(java.lang.String[]) (ZygoteInit.java:807)
06-29 20:09:59.271  9868  9868 I zygote64: Caused by: java.lang.ClassNotFoundException: Didn't find class "android.view.View$OnUnhandledKeyEventListener" on path: DexPathList[[zip file "/data/app/com.example.edgesum-xo3L3oHCK05qKs3PdMmOEQ==/base.apk"],nativeLibraryDirectories=[/data/app/com.example.edgesum-xo3L3oHCK05qKs3PdMmOEQ==/lib/arm64, /data/app/com.example.edgesum-xo3L3oHCK05qKs3PdMmOEQ==/base.apk!/lib/arm64-v8a, /system/lib64, /vendor/lib64]]
06-29 20:09:59.271  9868  9868 I zygote64:   at java.lang.Class dalvik.system.BaseDexClassLoader.findClass(java.lang.String) (BaseDexClassLoader.java:125)
06-29 20:09:59.271  9868  9868 I zygote64:   at java.lang.Class java.lang.ClassLoader.loadClass(java.lang.String, boolean) (ClassLoader.java:379)
06-29 20:09:59.271  9868  9868 I zygote64:   at java.lang.Class java.lang.ClassLoader.loadClass(java.lang.String) (ClassLoader.java:312)
06-29 20:09:59.271  9868  9868 I zygote64:   at void androidx.core.view.ViewCompat.setOnApplyWindowInsetsListener(android.view.View, androidx.core.view.OnApplyWindowInsetsListener) (ViewCompat.java:2421)
06-29 20:09:59.271  9868  9868 I zygote64:   at android.view.ViewGroup androidx.appcompat.app.AppCompatDelegateImpl.createSubDecor() (AppCompatDelegateImpl.java:779)
06-29 20:09:59.271  9868  9868 I zygote64:   at void androidx.appcompat.app.AppCompatDelegateImpl.ensureSubDecor() (AppCompatDelegateImpl.java:659)
06-29 20:09:59.271  9868  9868 I zygote64:   at void androidx.appcompat.app.AppCompatDelegateImpl.setContentView(int) (AppCompatDelegateImpl.java:552)
06-29 20:09:59.271  9868  9868 I zygote64:   at void androidx.appcompat.app.AppCompatActivity.setContentView(int) (AppCompatActivity.java:161)
06-29 20:09:59.271  9868  9868 I zygote64:   at void com.example.edgesum.page.main.MainActivity.onCreate(android.os.Bundle) (MainActivity.java:95)
06-29 20:09:59.271  9868  9868 I zygote64:   at void android.app.Activity.performCreate(android.os.Bundle, android.os.PersistableBundle) (Activity.java:7009)
06-29 20:09:59.271  9868  9868 I zygote64:   at void android.app.Activity.performCreate(android.os.Bundle) (Activity.java:7000)
06-29 20:09:59.271  9868  9868 I zygote64:   at void android.app.Instrumentation.callActivityOnCreate(android.app.Activity, android.os.Bundle) (Instrumentation.java:1214)
06-29 20:09:59.271  9868  9868 I zygote64:   at android.app.Activity android.app.ActivityThread.performLaunchActivity(android.app.ActivityThread$ActivityClientRecord, android.content.Intent) (ActivityThread.java:2731)
06-29 20:09:59.271  9868  9868 I zygote64:   at void android.app.ActivityThread.handleLaunchActivity(android.app.ActivityThread$ActivityClientRecord, android.content.Intent, java.lang.String) (ActivityThread.java:2856)
06-29 20:09:59.271  9868  9868 I zygote64:   at void android.app.ActivityThread.-wrap11(android.app.ActivityThread, android.app.ActivityThread$ActivityClientRecord, android.content.Intent, java.lang.String) (ActivityThread.java:-1)
06-29 20:09:59.271  9868  9868 I zygote64:   at void android.app.ActivityThread$H.handleMessage(android.os.Message) (ActivityThread.java:1589)
06-29 20:09:59.271  9868  9868 I zygote64:   at void android.os.Handler.dispatchMessage(android.os.Message) (Handler.java:106)
06-29 20:09:59.271  9868  9868 I zygote64:   at void android.os.Looper.loop() (Looper.java:164)
06-29 20:09:59.271  9868  9868 I zygote64:   at void android.app.ActivityThread.main(java.lang.String[]) (ActivityThread.java:6494)
06-29 20:09:59.271  9868  9868 I zygote64:   at java.lang.Object java.lang.reflect.Method.invoke(java.lang.Object, java.lang.Object[]) (Method.java:-2)
06-29 20:09:59.271  9868  9868 I zygote64:   at void com.android.internal.os.RuntimeInit$MethodAndArgsCaller.run() (RuntimeInit.java:438)
06-29 20:09:59.271  9868  9868 I zygote64:   at void com.android.internal.os.ZygoteInit.main(java.lang.String[]) (ZygoteInit.java:807)
06-29 20:09:59.271  9868  9868 I zygote64: 
06-29 20:09:59.462  9868  9868 V Repo    : /storage/emulated/0/Movies/raw
06-29 20:09:59.462  9868  9868 V Repo    : /storage/emulated/0/Movies/summarised
06-29 20:09:59.477  9868  9868 V FileManager: External storage is readable
06-29 20:09:59.481  9868  9868 V FileManager: Directory already exists: /storage/emulated/0/Movies/raw
06-29 20:09:59.488  9868  9868 V FileManager: External storage is readable
06-29 20:09:59.488  9868  9868 V FileManager: Directory already exists: /storage/emulated/0/Movies/summarised
06-29 20:09:59.494  9868  9868 V FileManager: External storage is readable
06-29 20:09:59.494  9868  9868 V FileManager: Directory already exists: /storage/emulated/0/Download/nearby
06-29 20:09:59.502  9868  9868 V FileManager: External storage is readable
06-29 20:09:59.503  9868  9868 V FileManager: Directory already exists: /storage/emulated/0/Movies/segment
06-29 20:09:59.514  9868  9868 V FileManager: External storage is readable
06-29 20:09:59.516  9868  9868 V FileManager: Directory already exists: /storage/emulated/0/Movies/segment-sum
06-29 20:09:59.655  9868  9868 V VideoManager: getAllVideoFromExternalStorageFolder
06-29 20:09:59.662  9868  9868 D VideoManager: /storage/emulated/0/Movies/summarised
06-29 20:09:59.675  9868  9868 D VideoManager: 0 videos return
06-29 20:09:59.704  9868  9868 V VideoManager: getAllVideoFromExternalStorageFolder
06-29 20:09:59.712  9868  9868 D VideoManager: /storage/emulated/0/Movies/raw
06-29 20:09:59.718  9868  9868 D VideoManager: 0 videos return
06-29 20:09:59.764  9868  9898 D OpenGLRenderer: HWUI GL Pipeline
06-29 20:09:59.775  9868  9868 I TransferService: Starting Transfer Service to listen for network connectivity changes.
06-29 20:09:59.775  9868  9868 I TransferService: Registering the network receiver
06-29 20:09:59.779  9868  9868 E TransferService: No notification is passed in the intent. Unable to transition to foreground.
06-29 20:09:59.829  9868  9881 D MainActivity: Scanned /storage/emulated/0/Movies/summarised
06-29 20:09:59.829  9868  9881 D MainActivity:   -> uri=content://media/external/file/5961
06-29 20:09:59.865  9868  9880 D MainActivity: Scanned /storage/emulated/0/Movies/raw
06-29 20:09:59.865  9868  9880 D MainActivity:   -> uri=content://media/external/file/5962
06-29 20:09:59.889  9868  9898 I Adreno  : QUALCOMM build                   : 8e59954, I0be83d0d26
06-29 20:09:59.889  9868  9898 I Adreno  : Build Date                       : 09/22/17
06-29 20:09:59.889  9868  9898 I Adreno  : OpenGL ES Shader Compiler Version: EV031.21.02.00
06-29 20:09:59.889  9868  9898 I Adreno  : Local Branch                     : O17A
06-29 20:09:59.889  9868  9898 I Adreno  : Remote Branch                    : 
06-29 20:09:59.889  9868  9898 I Adreno  : Remote Branch                    : 
06-29 20:09:59.889  9868  9898 I Adreno  : Reconstruct Branch               : 
06-29 20:09:59.889  9868  9898 D vndksupport: Loading /vendor/lib64/hw/gralloc.msm8992.so from current namespace instead of sphal namespace.
06-29 20:09:59.901  9868  9898 I Adreno  : PFP: 0x00000000, ME: 0x00000000
06-29 20:09:59.910  9868  9898 I zygote64: android::hardware::configstore::V1_0::ISurfaceFlingerConfigs::hasWideColorDisplay retrieved: 0
06-29 20:09:59.911  9868  9868 I TransferNetworkLossHand: Network connectivity changed detected.
06-29 20:09:59.912  9868  9873 I zygote64: Do partial code cache collection, code=23KB, data=29KB
06-29 20:09:59.912  9868  9898 I OpenGLRenderer: Initialized EGL, version 1.4
06-29 20:09:59.912  9868  9898 D OpenGLRenderer: Swap behavior 2
06-29 20:09:59.915  9868  9873 I zygote64: After code cache collection, code=23KB, data=29KB
06-29 20:09:59.915  9868  9873 I zygote64: Increasing code cache capacity to 128KB
06-29 20:09:59.917  9868  9868 I TransferNetworkLossHand: Network connected: true
06-29 20:09:59.997  9868  9898 D vndksupport: Loading /vendor/lib64/hw/android.hardware.graphics.mapper@2.0-impl.so from current namespace instead of sphal namespace.
06-29 20:09:59.998  9868  9898 D vndksupport: Loading /vendor/lib64/hw/gralloc.msm8992.so from current namespace instead of sphal namespace.
06-29 20:10:04.193  9868  9868 V MainActivity: Connect button clicked
06-29 20:10:06.139  9868  9868 V ConnectionFragment: Advertisement switch checked
06-29 20:10:08.464  9868  9868 D NearbyFragment: Started advertising
06-29 20:10:21.638  9868  9868 D NearbyFragment: Initiated connection with null: Galaxy S8 [2802]
06-29 20:10:21.779  9868  9873 I zygote64: Do partial code cache collection, code=51KB, data=59KB
06-29 20:10:21.779  9868  9873 I zygote64: After code cache collection, code=51KB, data=59KB
06-29 20:10:21.779  9868  9873 I zygote64: Increasing code cache capacity to 256KB
06-29 20:10:21.780  9868  9873 I zygote64: Compiler allocated 4MB to compile void android.view.View.<init>(android.content.Context, android.util.AttributeSet, int, int)
06-29 20:10:22.996  9868  9873 I zygote64: Do full code cache collection, code=125KB, data=103KB
06-29 20:10:22.997  9868  9873 I zygote64: After code cache collection, code=123KB, data=64KB
06-29 20:10:23.532  9868  9868 I NearbyFragment: Connected to Endpoint{id=5hyr, name=Galaxy S8 [2802]}
06-29 20:10:23.603  9868  9873 I zygote64: Do partial code cache collection, code=124KB, data=71KB
06-29 20:10:23.603  9868  9873 I zygote64: After code cache collection, code=124KB, data=71KB
06-29 20:10:23.603  9868  9873 I zygote64: Increasing code cache capacity to 512KB
06-29 20:10:31.179  9868  9868 D NearbyFragment: Initiated connection with null: Nexus 5 [1825]
06-29 20:10:33.463  9868  9868 I NearbyFragment: Connected to Endpoint{id=B7DV, name=Nexus 5 [1825]}
06-29 20:10:41.629  9868  9868 D NearbyFragment: Initiated connection with null: Nexus 5X [9c8f]
06-29 20:10:42.618  9868  9868 I NearbyFragment: Connected to Endpoint{id=iI5r, name=Nexus 5X [9c8f]}
06-29 20:10:44.556  9868  9868 V ConnectionFragment: Advertisement switch unchecked
06-29 20:10:44.557  9868  9868 D NearbyFragment: Stopped advertising
06-29 20:10:44.792  9868  9873 I zygote64: Do full code cache collection, code=251KB, data=183KB
06-29 20:10:44.793  9868  9873 I zygote64: After code cache collection, code=251KB, data=141KB
06-29 20:11:04.274  9868  9868 V ConnectionFragment: Auto-send switch checked
06-29 20:11:04.477  9868  9868 W NearbyFragment: Preferences:
06-29 20:11:04.477  9868  9868 W NearbyFragment:   Auto download: true
06-29 20:11:04.477  9868  9868 W NearbyFragment:   Algorithm: least_busy
06-29 20:11:04.477  9868  9868 W NearbyFragment:   Fast scheduling: true
06-29 20:11:04.477  9868  9868 W NearbyFragment:   Segmentation: false
06-29 20:11:04.477  9868  9868 W NearbyFragment:   Auto segmentation: false
06-29 20:11:04.477  9868  9868 W NearbyFragment:   Segment number: 4
06-29 20:11:04.477  9868  9868 W NearbyFragment:   Noise tolerance: 45.00
06-29 20:11:04.477  9868  9868 W NearbyFragment:   Quality: 23
06-29 20:11:04.477  9868  9868 W NearbyFragment:   Speed: medium
06-29 20:11:04.477  9868  9868 W NearbyFragment:   Freeze duration: 1.00
06-29 20:11:04.478  9868  9868 W NearbyFragment: Download delay: 1s
06-29 20:11:04.478  9868  9868 W NearbyFragment: Started downloading from dashcam
06-29 20:11:04.481  9868 10082 V DownloadTestVideosTask: Starting DownloadTestVideosTask
06-29 20:11:04.493  9868 10082 V DashDownloadManager: Started downloading: 20200312_150643.mp4
06-29 20:11:23.528  9868  9868 V VideoManager: videoFromCursor
06-29 20:11:23.541  9868  9868 V RawFootageEventHandler: onAdd
06-29 20:11:23.544  9868  9868 V NearbyFragment: nextTransfer with selected algorithm: least_busy
06-29 20:11:23.551  9868  9868 W NearbyFragment: Sending 20200312_150643.mp4 to Galaxy S8 [2802]
06-29 20:11:23.566  9868  9868 W DashDownloadManager: Successfully downloaded 20200312_150643.mp4 in 19.013s
06-29 20:11:23.571  9868  9868 V NearbyFragment: Transfer to 5hyr: 100%
06-29 20:11:23.573  9868  9868 V NearbyFragment: Transfer to 5hyr: 100%
06-29 20:11:23.586  9868  9868 V NearbyFragment: Transfer to 5hyr: 0%
06-29 20:11:23.587  9868  9868 V NearbyFragment: Transfer to 5hyr: 0%
06-29 20:11:23.589  9868  9868 V NearbyFragment: Transfer to 5hyr: 0%
06-29 20:11:23.591  9868  9868 V NearbyFragment: Transfer to 5hyr: 0%
06-29 20:11:23.594  9868  9868 V NearbyFragment: Transfer to 5hyr: 0%
06-29 20:11:23.596  9868  9868 I chatty  : uid=10100(com.example.edgesum) identical 2 lines
06-29 20:11:23.597  9868  9868 V NearbyFragment: Transfer to 5hyr: 0%
06-29 20:11:23.597  9868  9873 I zygote64: Do partial code cache collection, code=251KB, data=147KB
06-29 20:11:23.603  9868  9873 I zygote64: After code cache collection, code=251KB, data=147KB
06-29 20:11:23.603  9868  9873 I zygote64: Increasing code cache capacity to 1024KB
06-29 20:11:23.604  9868  9868 V NearbyFragment: Transfer to 5hyr: 0%
06-29 20:11:23.605  9868  9868 V NearbyFragment: Transfer to 5hyr: 0%
06-29 20:11:23.606  9868  9868 V NearbyFragment: Transfer to 5hyr: 1%
06-29 20:11:23.607  9868  9868 V NearbyFragment: Transfer to 5hyr: 1%
06-29 20:11:23.611  9868  9868 V NearbyFragment: Transfer to 5hyr: 1%
06-29 20:11:23.613  9868  9868 V NearbyFragment: Transfer to 5hyr: 1%
06-29 20:11:23.616  9868  9868 V NearbyFragment: Transfer to 5hyr: 1%
06-29 20:11:23.618  9868  9868 V NearbyFragment: Transfer to 5hyr: 1%
06-29 20:11:23.620  9868  9868 V NearbyFragment: Transfer to 5hyr: 1%
06-29 20:11:23.625  9868  9868 V NearbyFragment: Transfer to 5hyr: 1%
06-29 20:11:23.626  9868  9868 V NearbyFragment: Transfer to 5hyr: 1%
06-29 20:11:23.630  9868  9868 V NearbyFragment: Transfer to 5hyr: 1%
06-29 20:11:23.634  9868  9868 V NearbyFragment: Transfer to 5hyr: 1%
06-29 20:11:23.637  9868  9868 V NearbyFragment: Transfer to 5hyr: 2%
06-29 20:11:23.639  9868  9868 V NearbyFragment: Transfer to 5hyr: 2%
06-29 20:11:23.642  9868  9868 V NearbyFragment: Transfer to 5hyr: 2%
06-29 20:11:23.646  9868  9868 V NearbyFragment: Transfer to 5hyr: 2%
06-29 20:11:23.648  9868  9868 V NearbyFragment: Transfer to 5hyr: 2%
06-29 20:11:23.649  9868  9868 V NearbyFragment: Transfer to 5hyr: 2%
06-29 20:11:23.651  9868  9868 V NearbyFragment: Transfer to 5hyr: 2%
06-29 20:11:23.654  9868  9868 V NearbyFragment: Transfer to 5hyr: 2%
06-29 20:11:23.656  9868  9868 V NearbyFragment: Transfer to 5hyr: 2%
06-29 20:11:23.657  9868  9868 V NearbyFragment: Transfer to 5hyr: 2%
06-29 20:11:23.659  9868  9868 V NearbyFragment: Transfer to 5hyr: 2%
06-29 20:11:23.660  9868  9868 V NearbyFragment: Transfer to 5hyr: 3%
06-29 20:11:23.662  9868  9868 V NearbyFragment: Transfer to 5hyr: 3%
06-29 20:11:23.664  9868  9868 V NearbyFragment: Transfer to 5hyr: 3%
06-29 20:11:23.665  9868  9868 V NearbyFragment: Transfer to 5hyr: 3%
06-29 20:11:23.667  9868  9868 V NearbyFragment: Transfer to 5hyr: 3%
06-29 20:11:23.671  9868  9868 V NearbyFragment: Transfer to 5hyr: 3%
06-29 20:11:23.672  9868  9868 V NearbyFragment: Transfer to 5hyr: 3%
06-29 20:11:23.674  9868  9868 V NearbyFragment: Transfer to 5hyr: 3%
06-29 20:11:23.675  9868  9868 V NearbyFragment: Transfer to 5hyr: 3%
06-29 20:11:23.678  9868  9868 V NearbyFragment: Transfer to 5hyr: 3%
06-29 20:11:23.682  9868  9868 V NearbyFragment: Transfer to 5hyr: 4%
06-29 20:11:23.682  9868  9868 V NearbyFragment: Transfer to 5hyr: 4%
06-29 20:11:23.683  9868  9868 I chatty  : uid=10100(com.example.edgesum) identical 1 line
06-29 20:11:23.684  9868  9868 V NearbyFragment: Transfer to 5hyr: 4%
06-29 20:11:23.686  9868  9868 V NearbyFragment: Transfer to 5hyr: 4%
06-29 20:11:23.691  9868  9868 V NearbyFragment: Transfer to 5hyr: 4%
06-29 20:11:23.692  9868  9868 V NearbyFragment: Transfer to 5hyr: 4%
06-29 20:11:23.694  9868  9868 V NearbyFragment: Transfer to 5hyr: 4%
06-29 20:11:23.695  9868  9868 V NearbyFragment: Transfer to 5hyr: 4%
06-29 20:11:23.698  9868  9868 V NearbyFragment: Transfer to 5hyr: 4%
06-29 20:11:23.700  9868  9868 V NearbyFragment: Transfer to 5hyr: 4%
06-29 20:11:23.702  9868  9868 V NearbyFragment: Transfer to 5hyr: 5%
06-29 20:11:23.705  9868  9868 V NearbyFragment: Transfer to 5hyr: 5%
06-29 20:11:23.708  9868  9868 V NearbyFragment: Transfer to 5hyr: 5%
06-29 20:11:23.709  9868  9868 V NearbyFragment: Transfer to 5hyr: 5%
06-29 20:11:23.712  9868  9868 V NearbyFragment: Transfer to 5hyr: 5%
06-29 20:11:23.715  9868  9868 V NearbyFragment: Transfer to 5hyr: 5%
06-29 20:11:23.719  9868  9868 V NearbyFragment: Transfer to 5hyr: 5%
06-29 20:11:23.720  9868  9868 V NearbyFragment: Transfer to 5hyr: 5%
06-29 20:11:23.720  9868  9868 V NearbyFragment: Transfer to 5hyr: 5%
06-29 20:11:23.721  9868  9868 I chatty  : uid=10100(com.example.edgesum) identical 1 line
06-29 20:11:23.722  9868  9868 V NearbyFragment: Transfer to 5hyr: 5%
06-29 20:11:23.723  9868  9868 V NearbyFragment: Transfer to 5hyr: 6%
06-29 20:11:23.727  9868  9868 V NearbyFragment: Transfer to 5hyr: 6%
06-29 20:11:23.728  9868  9868 V NearbyFragment: Transfer to 5hyr: 6%
06-29 20:11:23.731  9868  9868 V NearbyFragment: Transfer to 5hyr: 6%
06-29 20:11:23.864  9868  9868 V NearbyFragment: Transfer to 5hyr: 6%
06-29 20:11:23.868  9868  9868 V NearbyFragment: Transfer to 5hyr: 6%
06-29 20:11:23.872  9868  9868 V NearbyFragment: Transfer to 5hyr: 6%
06-29 20:11:23.878  9868  9868 V NearbyFragment: Transfer to 5hyr: 6%
06-29 20:11:23.879  9868  9868 V NearbyFragment: Transfer to 5hyr: 6%
06-29 20:11:23.883  9868  9868 V NearbyFragment: Transfer to 5hyr: 6%
06-29 20:11:23.888  9868  9868 V NearbyFragment: Transfer to 5hyr: 7%
06-29 20:11:23.890  9868  9868 V NearbyFragment: Transfer to 5hyr: 7%
06-29 20:11:23.893  9868  9868 V NearbyFragment: Transfer to 5hyr: 7%
06-29 20:11:23.895  9868  9868 V NearbyFragment: Transfer to 5hyr: 7%
06-29 20:11:23.898  9868  9868 V NearbyFragment: Transfer to 5hyr: 7%
06-29 20:11:23.902  9868  9868 V NearbyFragment: Transfer to 5hyr: 7%
06-29 20:11:23.906  9868  9868 V NearbyFragment: Transfer to 5hyr: 7%
06-29 20:11:23.908  9868  9868 V NearbyFragment: Transfer to 5hyr: 7%
06-29 20:11:23.912  9868  9868 V NearbyFragment: Transfer to 5hyr: 7%
06-29 20:11:23.913  9868  9868 V NearbyFragment: Transfer to 5hyr: 7%
06-29 20:11:23.915  9868  9868 V NearbyFragment: Transfer to 5hyr: 7%
06-29 20:11:23.918  9868  9868 V NearbyFragment: Transfer to 5hyr: 8%
06-29 20:11:23.919  9868  9868 V NearbyFragment: Transfer to 5hyr: 8%
06-29 20:11:23.922  9868  9868 V NearbyFragment: Transfer to 5hyr: 8%
06-29 20:11:23.923  9868  9868 V NearbyFragment: Transfer to 5hyr: 8%
06-29 20:11:23.925  9868  9868 V NearbyFragment: Transfer to 5hyr: 8%
06-29 20:11:23.927  9868  9868 V NearbyFragment: Transfer to 5hyr: 8%
06-29 20:11:23.930  9868  9868 V NearbyFragment: Transfer to 5hyr: 8%
06-29 20:11:23.932  9868  9868 V NearbyFragment: Transfer to 5hyr: 8%
06-29 20:11:23.934  9868  9868 V NearbyFragment: Transfer to 5hyr: 8%
06-29 20:11:23.935  9868  9868 V NearbyFragment: Transfer to 5hyr: 8%
06-29 20:11:23.937  9868  9868 V NearbyFragment: Transfer to 5hyr: 8%
06-29 20:11:23.939  9868  9868 V NearbyFragment: Transfer to 5hyr: 9%
06-29 20:11:24.441  9868  9868 V NearbyFragment: Transfer to 5hyr: 9%
06-29 20:11:24.451  9868  9868 V NearbyFragment: Transfer to 5hyr: 9%
06-29 20:11:24.456  9868  9868 V NearbyFragment: Transfer to 5hyr: 9%
06-29 20:11:24.459  9868  9868 V NearbyFragment: Transfer to 5hyr: 9%
06-29 20:11:24.462  9868  9868 V NearbyFragment: Transfer to 5hyr: 9%
06-29 20:11:24.468  9868  9868 V NearbyFragment: Transfer to 5hyr: 9%
06-29 20:11:24.471  9868  9868 V NearbyFragment: Transfer to 5hyr: 9%
06-29 20:11:24.478  9868  9868 V NearbyFragment: Transfer to 5hyr: 9%
06-29 20:11:24.479  9868  9868 V NearbyFragment: Transfer to 5hyr: 9%
06-29 20:11:24.481  9868  9868 V NearbyFragment: Transfer to 5hyr: 10%
06-29 20:11:24.483  9868  9868 V NearbyFragment: Transfer to 5hyr: 10%
06-29 20:11:24.485  9868  9868 V NearbyFragment: Transfer to 5hyr: 10%
06-29 20:11:24.486  9868  9868 V NearbyFragment: Transfer to 5hyr: 10%
06-29 20:11:24.489  9868  9868 I chatty  : uid=10100(com.example.edgesum) identical 2 lines
06-29 20:11:24.490  9868  9868 V NearbyFragment: Transfer to 5hyr: 10%
06-29 20:11:24.495  9868  9868 V NearbyFragment: Transfer to 5hyr: 10%
06-29 20:11:24.496  9868  9868 V NearbyFragment: Transfer to 5hyr: 10%
06-29 20:11:24.500  9868  9868 V NearbyFragment: Transfer to 5hyr: 10%
06-29 20:11:24.501  9868  9868 V NearbyFragment: Transfer to 5hyr: 10%
06-29 20:11:24.502  9868  9868 V NearbyFragment: Transfer to 5hyr: 11%
06-29 20:11:24.504  9868  9868 V NearbyFragment: Transfer to 5hyr: 11%
06-29 20:11:24.507  9868  9868 V NearbyFragment: Transfer to 5hyr: 11%
06-29 20:11:24.508  9868  9868 V NearbyFragment: Transfer to 5hyr: 11%
06-29 20:11:24.510  9868  9868 V NearbyFragment: Transfer to 5hyr: 11%
06-29 20:11:24.512  9868  9868 V NearbyFragment: Transfer to 5hyr: 11%
06-29 20:11:24.516  9868  9868 V NearbyFragment: Transfer to 5hyr: 11%
06-29 20:11:24.518  9868  9868 V NearbyFragment: Transfer to 5hyr: 11%
06-29 20:11:24.520  9868  9868 V NearbyFragment: Transfer to 5hyr: 11%
06-29 20:11:24.522  9868  9868 V NearbyFragment: Transfer to 5hyr: 11%
06-29 20:11:24.524  9868  9868 V NearbyFragment: Transfer to 5hyr: 11%
06-29 20:11:24.527  9868  9868 V NearbyFragment: Transfer to 5hyr: 12%
06-29 20:11:24.528  9868  9868 V NearbyFragment: Transfer to 5hyr: 12%
06-29 20:11:24.532  9868  9868 V NearbyFragment: Transfer to 5hyr: 12%
06-29 20:11:24.534  9868  9868 V NearbyFragment: Transfer to 5hyr: 12%
06-29 20:11:24.536  9868  9868 V NearbyFragment: Transfer to 5hyr: 12%
06-29 20:11:24.540  9868  9868 V NearbyFragment: Transfer to 5hyr: 12%
06-29 20:11:24.542  9868  9868 V NearbyFragment: Transfer to 5hyr: 12%
06-29 20:11:24.559  9868 10082 V DownloadTestVideosTask: Starting DownloadTestVideosTask
06-29 20:11:24.561  9868 10082 V DashDownloadManager: Started downloading: 20200312_150744.mp4
06-29 20:11:24.663  9868  9868 V NearbyFragment: Transfer to 5hyr: 12%
06-29 20:11:24.665  9868  9868 V NearbyFragment: Transfer to 5hyr: 12%
06-29 20:11:24.667  9868  9868 V NearbyFragment: Transfer to 5hyr: 12%
06-29 20:11:24.669  9868  9868 V NearbyFragment: Transfer to 5hyr: 13%
06-29 20:11:24.671  9868  9868 V NearbyFragment: Transfer to 5hyr: 13%
06-29 20:11:24.672  9868  9868 V NearbyFragment: Transfer to 5hyr: 13%
06-29 20:11:24.674  9868  9868 V NearbyFragment: Transfer to 5hyr: 13%
06-29 20:11:24.676  9868  9868 V NearbyFragment: Transfer to 5hyr: 13%
06-29 20:11:24.678  9868  9868 V NearbyFragment: Transfer to 5hyr: 13%
06-29 20:11:24.682  9868  9868 V NearbyFragment: Transfer to 5hyr: 13%
06-29 20:11:24.683  9868  9868 V NearbyFragment: Transfer to 5hyr: 13%
06-29 20:11:24.688  9868  9868 V NearbyFragment: Transfer to 5hyr: 13%
06-29 20:11:24.690  9868  9868 V NearbyFragment: Transfer to 5hyr: 13%
06-29 20:11:24.692  9868  9868 V NearbyFragment: Transfer to 5hyr: 13%
06-29 20:11:24.694  9868  9868 V NearbyFragment: Transfer to 5hyr: 14%
06-29 20:11:24.696  9868  9868 V NearbyFragment: Transfer to 5hyr: 14%
06-29 20:11:24.698  9868  9868 V NearbyFragment: Transfer to 5hyr: 14%
06-29 20:11:24.699  9868  9868 V NearbyFragment: Transfer to 5hyr: 14%
06-29 20:11:24.701  9868  9868 V NearbyFragment: Transfer to 5hyr: 14%
06-29 20:11:24.702  9868  9868 I chatty  : uid=10100(com.example.edgesum) identical 1 line
06-29 20:11:24.703  9868  9868 V NearbyFragment: Transfer to 5hyr: 14%
06-29 20:11:24.896  9868  9868 V NearbyFragment: Transfer to 5hyr: 14%
06-29 20:11:24.900  9868  9868 V NearbyFragment: Transfer to 5hyr: 14%
06-29 20:11:24.904  9868  9868 V NearbyFragment: Transfer to 5hyr: 14%
06-29 20:11:24.909  9868  9868 V NearbyFragment: Transfer to 5hyr: 14%
06-29 20:11:24.912  9868  9868 V NearbyFragment: Transfer to 5hyr: 15%
06-29 20:11:24.915  9868  9868 V NearbyFragment: Transfer to 5hyr: 15%
06-29 20:11:24.917  9868  9868 V NearbyFragment: Transfer to 5hyr: 15%
06-29 20:11:24.920  9868  9868 V NearbyFragment: Transfer to 5hyr: 15%
06-29 20:11:24.924  9868  9868 V NearbyFragment: Transfer to 5hyr: 15%
06-29 20:11:24.928  9868  9868 V NearbyFragment: Transfer to 5hyr: 15%
06-29 20:11:24.930  9868  9868 V NearbyFragment: Transfer to 5hyr: 15%
06-29 20:11:24.932  9868  9868 V NearbyFragment: Transfer to 5hyr: 15%
06-29 20:11:24.935  9868  9868 V NearbyFragment: Transfer to 5hyr: 15%
06-29 20:11:24.937  9868  9868 V NearbyFragment: Transfer to 5hyr: 15%
06-29 20:11:24.940  9868  9868 V NearbyFragment: Transfer to 5hyr: 16%
06-29 20:11:24.942  9868  9868 V NearbyFragment: Transfer to 5hyr: 16%
06-29 20:11:24.945  9868  9868 V NearbyFragment: Transfer to 5hyr: 16%
06-29 20:11:24.946  9868  9868 V NearbyFragment: Transfer to 5hyr: 16%
06-29 20:11:24.951  9868  9868 V NearbyFragment: Transfer to 5hyr: 16%
06-29 20:11:24.953  9868  9868 V NearbyFragment: Transfer to 5hyr: 16%
06-29 20:11:24.955  9868  9868 V NearbyFragment: Transfer to 5hyr: 16%
06-29 20:11:24.957  9868  9868 V NearbyFragment: Transfer to 5hyr: 16%
06-29 20:11:24.963  9868  9868 V NearbyFragment: Transfer to 5hyr: 16%
06-29 20:11:24.964  9868  9868 V NearbyFragment: Transfer to 5hyr: 16%
06-29 20:11:24.966  9868  9868 V NearbyFragment: Transfer to 5hyr: 16%
06-29 20:11:24.968  9868  9868 V NearbyFragment: Transfer to 5hyr: 17%
06-29 20:11:24.972  9868  9868 V NearbyFragment: Transfer to 5hyr: 17%
06-29 20:11:24.973  9868  9868 V NearbyFragment: Transfer to 5hyr: 17%
06-29 20:11:24.975  9868  9868 V NearbyFragment: Transfer to 5hyr: 17%
06-29 20:11:24.978  9868  9868 V NearbyFragment: Transfer to 5hyr: 17%
06-29 20:11:24.978  9868  9868 V NearbyFragment: Transfer to 5hyr: 17%
06-29 20:11:24.981  9868  9868 V NearbyFragment: Transfer to 5hyr: 17%
06-29 20:11:24.982  9868  9868 V NearbyFragment: Transfer to 5hyr: 17%
06-29 20:11:24.984  9868  9868 V NearbyFragment: Transfer to 5hyr: 17%
06-29 20:11:24.986  9868  9868 V NearbyFragment: Transfer to 5hyr: 17%
06-29 20:11:24.988  9868  9868 V NearbyFragment: Transfer to 5hyr: 17%
06-29 20:11:24.989  9868  9868 V NearbyFragment: Transfer to 5hyr: 18%
06-29 20:11:25.288  9868  9868 V NearbyFragment: Transfer to 5hyr: 18%
06-29 20:11:25.291  9868  9868 V NearbyFragment: Transfer to 5hyr: 18%
06-29 20:11:25.297  9868  9868 V NearbyFragment: Transfer to 5hyr: 18%
06-29 20:11:25.302  9868  9868 V NearbyFragment: Transfer to 5hyr: 18%
06-29 20:11:25.303  9868  9868 V NearbyFragment: Transfer to 5hyr: 18%
06-29 20:11:25.306  9868  9868 V NearbyFragment: Transfer to 5hyr: 18%
06-29 20:11:25.309  9868  9868 V NearbyFragment: Transfer to 5hyr: 18%
06-29 20:11:25.311  9868  9868 V NearbyFragment: Transfer to 5hyr: 18%
06-29 20:11:25.314  9868  9868 V NearbyFragment: Transfer to 5hyr: 18%
06-29 20:11:25.316  9868  9868 V NearbyFragment: Transfer to 5hyr: 19%
06-29 20:11:25.320  9868  9868 V NearbyFragment: Transfer to 5hyr: 19%
06-29 20:11:25.327  9868  9868 V NearbyFragment: Transfer to 5hyr: 19%
06-29 20:11:25.330  9868  9868 V NearbyFragment: Transfer to 5hyr: 19%
06-29 20:11:25.332  9868  9868 V NearbyFragment: Transfer to 5hyr: 19%
06-29 20:11:25.333  9868  9868 V NearbyFragment: Transfer to 5hyr: 19%
06-29 20:11:25.336  9868  9868 V NearbyFragment: Transfer to 5hyr: 19%
06-29 20:11:25.339  9868  9868 V NearbyFragment: Transfer to 5hyr: 19%
06-29 20:11:25.340  9868  9868 V NearbyFragment: Transfer to 5hyr: 19%
06-29 20:11:25.342  9868  9868 V NearbyFragment: Transfer to 5hyr: 19%
06-29 20:11:25.344  9868  9868 V NearbyFragment: Transfer to 5hyr: 19%
06-29 20:11:25.346  9868  9868 V NearbyFragment: Transfer to 5hyr: 20%
06-29 20:11:25.348  9868  9868 V NearbyFragment: Transfer to 5hyr: 20%
06-29 20:11:25.351  9868  9868 V NearbyFragment: Transfer to 5hyr: 20%
06-29 20:11:25.352  9868  9868 V NearbyFragment: Transfer to 5hyr: 20%
06-29 20:11:25.355  9868  9868 V NearbyFragment: Transfer to 5hyr: 20%
06-29 20:11:25.358  9868  9868 V NearbyFragment: Transfer to 5hyr: 20%
06-29 20:11:25.358  9868  9868 V NearbyFragment: Transfer to 5hyr: 20%
06-29 20:11:25.360  9868  9868 V NearbyFragment: Transfer to 5hyr: 20%
06-29 20:11:25.361  9868  9868 V NearbyFragment: Transfer to 5hyr: 20%
06-29 20:11:25.362  9868  9868 V NearbyFragment: Transfer to 5hyr: 20%
06-29 20:11:25.364  9868  9868 V NearbyFragment: Transfer to 5hyr: 20%
06-29 20:11:25.365  9868  9868 V NearbyFragment: Transfer to 5hyr: 21%
06-29 20:11:25.367  9868  9868 V NearbyFragment: Transfer to 5hyr: 21%
06-29 20:11:25.505  9868  9868 V NearbyFragment: Transfer to 5hyr: 21%
06-29 20:11:25.513  9868  9868 V NearbyFragment: Transfer to 5hyr: 21%
06-29 20:11:25.522  9868  9868 V NearbyFragment: Transfer to 5hyr: 21%
06-29 20:11:25.529  9868  9868 V NearbyFragment: Transfer to 5hyr: 21%
06-29 20:11:25.535  9868  9868 V NearbyFragment: Transfer to 5hyr: 21%
06-29 20:11:25.540  9868  9868 V NearbyFragment: Transfer to 5hyr: 21%
06-29 20:11:25.544  9868  9868 V NearbyFragment: Transfer to 5hyr: 21%
06-29 20:11:25.545  9868  9868 V NearbyFragment: Transfer to 5hyr: 21%
06-29 20:11:25.548  9868  9868 V NearbyFragment: Transfer to 5hyr: 22%
06-29 20:11:25.552  9868  9868 V NearbyFragment: Transfer to 5hyr: 22%
06-29 20:11:25.553  9868  9868 V NearbyFragment: Transfer to 5hyr: 22%
06-29 20:11:25.554  9868  9868 I chatty  : uid=10100(com.example.edgesum) identical 1 line
06-29 20:11:25.556  9868  9868 V NearbyFragment: Transfer to 5hyr: 22%
06-29 20:11:25.558  9868  9868 V NearbyFragment: Transfer to 5hyr: 22%
06-29 20:11:25.560  9868  9868 V NearbyFragment: Transfer to 5hyr: 22%
06-29 20:11:25.562  9868  9868 V NearbyFragment: Transfer to 5hyr: 22%
06-29 20:11:25.564  9868  9868 V NearbyFragment: Transfer to 5hyr: 22%
06-29 20:11:25.568  9868  9868 V NearbyFragment: Transfer to 5hyr: 22%
06-29 20:11:25.571  9868  9868 V NearbyFragment: Transfer to 5hyr: 22%
06-29 20:11:25.572  9868  9868 V NearbyFragment: Transfer to 5hyr: 23%
06-29 20:11:25.574  9868  9868 V NearbyFragment: Transfer to 5hyr: 23%
06-29 20:11:25.577  9868  9868 V NearbyFragment: Transfer to 5hyr: 23%
06-29 20:11:25.580  9868  9868 V NearbyFragment: Transfer to 5hyr: 23%
06-29 20:11:25.581  9868  9868 V NearbyFragment: Transfer to 5hyr: 23%
06-29 20:11:25.583  9868  9868 V NearbyFragment: Transfer to 5hyr: 23%
06-29 20:11:25.585  9868  9868 V NearbyFragment: Transfer to 5hyr: 23%
06-29 20:11:25.587  9868  9868 V NearbyFragment: Transfer to 5hyr: 23%
06-29 20:11:25.589  9868  9868 V NearbyFragment: Transfer to 5hyr: 23%
06-29 20:11:25.591  9868  9868 V NearbyFragment: Transfer to 5hyr: 23%
06-29 20:11:25.593  9868  9868 V NearbyFragment: Transfer to 5hyr: 23%
06-29 20:11:25.605  9868  9868 V NearbyFragment: Transfer to 5hyr: 24%
06-29 20:11:25.606  9868  9868 V NearbyFragment: Transfer to 5hyr: 24%
06-29 20:11:25.609  9868  9868 V NearbyFragment: Transfer to 5hyr: 24%
06-29 20:11:25.611  9868  9868 V NearbyFragment: Transfer to 5hyr: 24%
06-29 20:11:25.612  9868  9868 V NearbyFragment: Transfer to 5hyr: 24%
06-29 20:11:25.614  9868  9868 V NearbyFragment: Transfer to 5hyr: 24%
06-29 20:11:25.616  9868  9868 V NearbyFragment: Transfer to 5hyr: 24%
06-29 20:11:25.617  9868  9868 V NearbyFragment: Transfer to 5hyr: 24%
06-29 20:11:25.619  9868  9868 V NearbyFragment: Transfer to 5hyr: 24%
06-29 20:11:25.622  9868  9868 V NearbyFragment: Transfer to 5hyr: 24%
06-29 20:11:25.625  9868  9868 V NearbyFragment: Transfer to 5hyr: 25%
06-29 20:11:25.628  9868  9868 V NearbyFragment: Transfer to 5hyr: 25%
06-29 20:11:25.629  9868  9868 V NearbyFragment: Transfer to 5hyr: 25%
06-29 20:11:25.631  9868  9868 V NearbyFragment: Transfer to 5hyr: 25%
06-29 20:11:25.633  9868  9868 V NearbyFragment: Transfer to 5hyr: 25%
06-29 20:11:25.635  9868  9868 V NearbyFragment: Transfer to 5hyr: 25%
