--------- beginning of main
06-28 23:13:54.030  9349  9349 E Zygote  : isWhitelistProcess - Process is Whitelisted
06-28 23:13:54.033  9349  9349 E Zygote  : accessInfo : 1
06-28 23:13:54.044  9349  9349 I example.edgesu: Late-enabling -Xcheck:jni
06-28 23:13:56.281  9349  9349 I TransferService: Starting Transfer Service to listen for network connectivity changes.
06-28 23:13:56.288  9349  9349 W LogFactory: Truncating log tag length as it exceed 23, the limit imposed by Android on certain API Levels
06-28 23:13:56.393  9349  9349 I TransferService: Registering the network receiver
06-28 23:13:56.402  9349  9349 I TransferService: Moving the service out of the Foreground state.
06-28 23:13:56.405  9349  9349 I TransferService: De-registering the network receiver.
06-28 23:14:00.237  9349  9349 W ActivityThread: handleWindowVisibility: no activity for token android.os.BinderProxy@14e9988
06-28 23:14:00.250  9349  9486 D vndksupport: Loading /vendor/lib64/egl/libGLES_mali.so from current namespace instead of sphal namespace.
06-28 23:14:00.287  9349  9486 D libEGL  : loaded /vendor/lib64/egl/libGLES_mali.so
06-28 23:14:00.314  9349  9349 W example.edgesu: Accessing hidden method Landroid/graphics/drawable/Drawable;->getOpticalInsets()Landroid/graphics/Insets; (light greylist, linking)
06-28 23:14:00.314  9349  9349 W example.edgesu: Accessing hidden field Landroid/graphics/Insets;->left:I (light greylist, linking)
06-28 23:14:00.314  9349  9349 W example.edgesu: Accessing hidden field Landroid/graphics/Insets;->right:I (light greylist, linking)
06-28 23:14:00.314  9349  9349 W example.edgesu: Accessing hidden field Landroid/graphics/Insets;->top:I (light greylist, linking)
06-28 23:14:00.314  9349  9349 W example.edgesu: Accessing hidden field Landroid/graphics/Insets;->bottom:I (light greylist, linking)
06-28 23:14:00.333  9349  9349 I DecorView: createDecorCaptionView >> DecorView@254ca15[], isFloating: false, isApplication: true, hasWindowDecorCaption: false, hasWindowControllerCallback: true
06-28 23:14:00.362  9349  9349 W example.edgesu: Accessing hidden method Landroid/view/View;->computeFitSystemWindows(Landroid/graphics/Rect;Landroid/graphics/Rect;)Z (light greylist, reflection)
06-28 23:14:00.363  9349  9349 W example.edgesu: Accessing hidden method Landroid/view/ViewGroup;->makeOptionalFitsSystemWindows()V (light greylist, reflection)
06-28 23:14:00.468  9349  9349 W example.edgesu: Accessing hidden method Landroid/widget/TextView;->getTextDirectionHeuristic()Landroid/text/TextDirectionHeuristic; (light greylist, linking)
06-28 23:14:00.477  9349  9349 W example.edgesu: Accessing hidden field Landroid/view/View;->mAccessibilityDelegate:Landroid/view/View$AccessibilityDelegate; (light greylist, reflection)
06-28 23:14:00.542  9349  9349 V Repo    : /storage/emulated/0/Movies/raw
06-28 23:14:00.542  9349  9349 V Repo    : /storage/emulated/0/Movies/summarised
06-28 23:14:00.569  9349  9349 V FileManager: External storage is readable
06-28 23:14:00.569  9349  9349 V FileManager: Directory already exists: /storage/emulated/0/Movies/raw
06-28 23:14:00.570  9349  9349 V FileManager: External storage is readable
06-28 23:14:00.571  9349  9349 V FileManager: Directory already exists: /storage/emulated/0/Movies/summarised
06-28 23:14:00.572  9349  9349 V FileManager: External storage is readable
06-28 23:14:00.573  9349  9349 V FileManager: Directory already exists: /storage/emulated/0/Download/nearby
06-28 23:14:00.574  9349  9349 V FileManager: External storage is readable
06-28 23:14:00.575  9349  9349 V FileManager: Directory already exists: /storage/emulated/0/Movies/segment
06-28 23:14:00.576  9349  9349 V FileManager: External storage is readable
06-28 23:14:00.577  9349  9349 V FileManager: Directory already exists: /storage/emulated/0/Movies/segment-sum
06-28 23:14:00.715  9349  9349 V VideoManager: getAllVideoFromExternalStorageFolder
06-28 23:14:00.716  9349  9349 D VideoManager: /storage/emulated/0/Movies/summarised
06-28 23:14:00.723  9349  9349 D VideoManager: 0 videos return
06-28 23:14:00.753  9349  9349 V VideoManager: getAllVideoFromExternalStorageFolder
06-28 23:14:00.754  9349  9349 D VideoManager: /storage/emulated/0/Movies/raw
06-28 23:14:00.759  9349  9349 D VideoManager: 0 videos return
06-28 23:14:00.783  9349  9349 D OpenGLRenderer: Skia GL Pipeline
06-28 23:14:00.786  9349  9349 D EmergencyMode: [EmergencyManager] android createPackageContext successful
06-28 23:14:00.801  9349  9349 D InputTransport: Input channel constructed: fd=64
06-28 23:14:00.802  9349  9349 D ViewRootImpl@9518cd9[MainActivity]: setView = DecorView@254ca15[MainActivity] TM=true MM=false
06-28 23:14:00.807  9349  9349 I TransferService: Starting Transfer Service to listen for network connectivity changes.
06-28 23:14:00.807  9349  9349 I TransferService: Registering the network receiver
06-28 23:14:00.809  9349  9349 E TransferService: No notification is passed in the intent. Unable to transition to foreground.
06-28 23:14:00.835  9349  9489 D MainActivity: Scanned /storage/emulated/0/Movies/raw
06-28 23:14:00.835  9349  9489 D MainActivity:   -> uri=content://media/external/file/136064
06-28 23:14:00.836  9349  9349 D ViewRootImpl@9518cd9[MainActivity]: dispatchAttachedToWindow
06-28 23:14:00.856  9349  9349 W StaticLayout: maxLineHeight should not be -1.  maxLines:1 lineCount:1
06-28 23:14:00.865  9349  9349 W StaticLayout: maxLineHeight should not be -1.  maxLines:1 lineCount:1
06-28 23:14:00.866  9349  9489 D MainActivity: Scanned /storage/emulated/0/Movies/summarised
06-28 23:14:00.866  9349  9489 D MainActivity:   -> uri=content://media/external/file/136063
06-28 23:14:00.869  9349  9349 W StaticLayout: maxLineHeight should not be -1.  maxLines:1 lineCount:1
06-28 23:14:00.874  9349  9349 W StaticLayout: maxLineHeight should not be -1.  maxLines:1 lineCount:1
06-28 23:14:00.885  9349  9349 D ViewRootImpl@9518cd9[MainActivity]: Relayout returned: old=[0,0][720,1480] new=[0,0][720,1480] result=0x7 surface={valid=true 513910321152} changed=true
06-28 23:14:00.891  9349  9349 W StaticLayout: maxLineHeight should not be -1.  maxLines:1 lineCount:1
06-28 23:14:00.892  9349  9492 I ConfigStore: android::hardware::configstore::V1_0::ISurfaceFlingerConfigs::hasWideColorDisplay retrieved: 0
06-28 23:14:00.892  9349  9492 I ConfigStore: android::hardware::configstore::V1_0::ISurfaceFlingerConfigs::hasHDRDisplay retrieved: 0
06-28 23:14:00.892  9349  9492 I OpenGLRenderer: Initialized EGL, version 1.4
06-28 23:14:00.892  9349  9492 D OpenGLRenderer: Swap behavior 2
06-28 23:14:00.896  9349  9349 W StaticLayout: maxLineHeight should not be -1.  maxLines:1 lineCount:1
06-28 23:14:00.902  9349  9492 D mali_winsys: EGLint new_window_surface(egl_winsys_display *, void *, EGLSurface, EGLConfig, egl_winsys_surface **, EGLBoolean) returns 0x3000
06-28 23:14:00.902  9349  9492 D OpenGLRenderer: eglCreateWindowSurface = 0x779eb12b00, 0x77a7713010
06-28 23:14:00.905  9349  9349 I TransferNetworkLossHand: Network connectivity changed detected.
06-28 23:14:00.906  9349  9349 I TransferNetworkLossHand: Network connected: false
06-28 23:14:00.988  9349  9492 D vndksupport: Loading /vendor/lib64/hw/android.hardware.graphics.mapper@2.0-impl.so from current namespace instead of sphal namespace.
06-28 23:14:01.010  9349  9349 D ViewRootImpl@9518cd9[MainActivity]: MSG_RESIZED: frame=Rect(0, 0 - 720, 1480) ci=Rect(0, 48 - 0, 96) vi=Rect(0, 48 - 0, 96) or=1
06-28 23:14:01.014  9349  9349 D ViewRootImpl@9518cd9[MainActivity]: setWindowStopped(false) old=false
06-28 23:14:01.019  9349  9349 D ViewRootImpl@9518cd9[MainActivity]: MSG_WINDOW_FOCUS_CHANGED 1 1
06-28 23:14:01.019  9349  9349 D InputMethodManager: prepareNavigationBarInfo() DecorView@254ca15[MainActivity]
06-28 23:14:01.019  9349  9349 D InputMethodManager: getNavigationBarColor() -855310
06-28 23:14:01.024  9349  9349 D InputMethodManager: prepareNavigationBarInfo() DecorView@254ca15[MainActivity]
06-28 23:14:01.024  9349  9349 D InputMethodManager: getNavigationBarColor() -855310
06-28 23:14:01.024  9349  9349 V InputMethodManager: Starting input: tba=com.example.edgesum ic=null mNaviBarColor -855310 mIsGetNaviBarColorSuccess true , NavVisible : true , NavTrans : false
06-28 23:14:01.024  9349  9349 D InputMethodManager: startInputInner - Id : 0
06-28 23:14:01.024  9349  9349 I InputMethodManager: startInputInner - mService.startInputOrWindowGainedFocus
06-28 23:14:01.029  9349  9364 D InputTransport: Input channel constructed: fd=74
06-28 23:14:01.059  9349  9349 D InputMethodManager: prepareNavigationBarInfo() DecorView@254ca15[MainActivity]
06-28 23:14:01.059  9349  9349 D InputMethodManager: getNavigationBarColor() -855310
06-28 23:14:01.059  9349  9349 V InputMethodManager: Starting input: tba=com.example.edgesum ic=null mNaviBarColor -855310 mIsGetNaviBarColorSuccess true , NavVisible : true , NavTrans : false
06-28 23:14:01.059  9349  9349 D InputMethodManager: startInputInner - Id : 0
06-28 23:14:24.237  9349  9349 D ViewRootImpl@9518cd9[MainActivity]: ViewPostIme pointer 0
06-28 23:14:24.313  9349  9349 D ViewRootImpl@9518cd9[MainActivity]: ViewPostIme pointer 1
06-28 23:14:24.341  9349  9349 V MainActivity: Connect button clicked
06-28 23:14:29.934  9349  9349 D ViewRootImpl@9518cd9[MainActivity]: ViewPostIme pointer 0
06-28 23:14:30.058  9349  9349 D ViewRootImpl@9518cd9[MainActivity]: ViewPostIme pointer 1
06-28 23:14:32.216  9349  9349 D ViewRootImpl@9518cd9[MainActivity]: ViewPostIme pointer 0
06-28 23:14:32.324  9349  9349 D ViewRootImpl@9518cd9[MainActivity]: ViewPostIme pointer 1
06-28 23:14:32.330  9349  9349 V ConnectionFragment: Discovery switch checked
06-28 23:14:33.361  9349  9349 D NearbyFragment: Started discovering
06-28 23:14:35.198  9349  9349 D NearbyFragment: Found endpoint jKt9: Nexus 5X [34d8]
06-28 23:14:35.250  9349  9349 W example.edgesu: Accessing hidden method Landroid/graphics/FontFamily;-><init>()V (light greylist, reflection)
06-28 23:14:35.250  9349  9349 W example.edgesu: Accessing hidden method Landroid/graphics/FontFamily;->addFontFromAssetManager(Landroid/content/res/AssetManager;Ljava/lang/String;IZIII[Landroid/graphics/fonts/FontVariationAxis;)Z (light greylist, reflection)
06-28 23:14:35.250  9349  9349 W example.edgesu: Accessing hidden method Landroid/graphics/FontFamily;->addFontFromBuffer(Ljava/nio/ByteBuffer;I[Landroid/graphics/fonts/FontVariationAxis;II)Z (light greylist, reflection)
06-28 23:14:35.251  9349  9349 W example.edgesu: Accessing hidden method Landroid/graphics/FontFamily;->freeze()Z (light greylist, reflection)
06-28 23:14:35.251  9349  9349 W example.edgesu: Accessing hidden method Landroid/graphics/FontFamily;->abortCreation()V (light greylist, reflection)
06-28 23:14:35.251  9349  9349 W example.edgesu: Accessing hidden method Landroid/graphics/Typeface;->createFromFamiliesWithDefault([Landroid/graphics/FontFamily;Ljava/lang/String;II)Landroid/graphics/Typeface; (light greylist, reflection)
06-28 23:14:50.083  9349  9349 D ViewRootImpl@9518cd9[MainActivity]: ViewPostIme pointer 0
06-28 23:14:50.201  9349  9349 D ViewRootImpl@9518cd9[MainActivity]: ViewPostIme pointer 1
06-28 23:14:51.184  9349  9349 D ViewRootImpl@9518cd9[MainActivity]: ViewPostIme pointer 0
06-28 23:14:51.250  9349  9349 D ViewRootImpl@9518cd9[MainActivity]: ViewPostIme pointer 1
06-28 23:14:51.294  9349  9349 D NearbyFragment: Selected 'Endpoint{id=jKt9, name=Nexus 5X [34d8]}'
06-28 23:14:51.316  9349  9349 D InputTransport: Input channel constructed: fd=77
06-28 23:14:51.318  9349  9349 D ViewRootImpl@4af3c30[Toast]: setView = android.widget.LinearLayout{1370a9 V.E...... ......I. 0,0-0,0} TM=true MM=false
06-28 23:14:51.319  9349  9349 V Toast   : Text: Donn in android.widget.Toast$TN@50a62e
06-28 23:14:51.323  9349  9349 D ViewRootImpl@4af3c30[Toast]: dispatchAttachedToWindow
06-28 23:14:51.347  9349  9349 D ViewRootImpl@4af3c30[Toast]: Relayout returned: old=[0,48][720,1384] new=[118,1168][602,1256] result=0x7 surface={valid=true 513498767360} changed=true
06-28 23:14:51.351  9349  9492 D mali_winsys: EGLint new_window_surface(egl_winsys_display *, void *, EGLSurface, EGLConfig, egl_winsys_surface **, EGLBoolean) returns 0x3000
06-28 23:14:51.351  9349  9492 D OpenGLRenderer: eglCreateWindowSurface = 0x778ee4ff00, 0x778ee96010
06-28 23:14:51.356  9349  9349 D ViewRootImpl@4af3c30[Toast]: MSG_RESIZED: frame=Rect(118, 1168 - 602, 1256) ci=Rect(0, 0 - 0, 0) vi=Rect(0, 0 - 0, 0) or=1
06-28 23:14:54.800  9349  9492 W libEGL  : EGLNativeWindowType 0x778ee96010 disconnect failed
06-28 23:14:54.801  9349  9492 D OpenGLRenderer: eglDestroySurface = 0x778ee4ff00, 0x778ee96000
06-28 23:14:54.803  9349  9349 D ViewRootImpl@4af3c30[Toast]: dispatchDetachedFromWindow
06-28 23:14:54.805  9349  9349 D ViewRootImpl@4af3c30[Toast]: Surface release. android.view.ViewRootImpl.doDie:7979 android.view.ViewRootImpl.die:7947 android.view.WindowManagerGlobal.removeViewLocked:497 android.view.WindowManagerGlobal.removeView:435 android.view.WindowManagerImpl.removeViewImmediate:124 android.widget.Toast$TN.handleHide:1110 android.widget.Toast$TN$1.handleMessage:898 android.os.Handler.dispatchMessage:106 
06-28 23:14:54.811  9349  9349 D InputTransport: Input channel destroyed: fd=77
06-28 23:14:55.649  9349  9349 D NearbyFragment: Requested connection with Endpoint{id=jKt9, name=Nexus 5X [34d8]}
06-28 23:14:55.652  9349  9349 D NearbyFragment: Initiated connection with Endpoint{id=jKt9, name=Nexus 5X [34d8]}: Nexus 5X [34d8]
06-28 23:14:55.667  9349  9349 D Dialog  : mIsSamsungBasicInteraction = false
06-28 23:14:55.668  9349  9349 D Dialog  : mIsSamsungBasicInteraction = false, isMetaDataInActivity = false
06-28 23:14:55.700  9349  9349 I DecorView: createDecorCaptionView >> DecorView@ffb4d06[], isFloating: true, isApplication: true, hasWindowDecorCaption: false, hasWindowControllerCallback: false
06-28 23:14:55.744  9349  9349 D ScrollView: initGoToTop
06-28 23:14:55.777  9349  9349 D InputTransport: Input channel constructed: fd=77
06-28 23:14:55.778  9349  9349 D ViewRootImpl@8a7a542[MainActivity]: setView = DecorView@ffb4d06[MainActivity] TM=true MM=false
06-28 23:14:55.790  9349  9349 D ViewRootImpl@8a7a542[MainActivity]: dispatchAttachedToWindow
06-28 23:14:55.844  9349  9349 D ViewRootImpl@8a7a542[MainActivity]: Relayout returned: old=[0,48][720,1384] new=[18,508][702,923] result=0x7 surface={valid=true 513498767360} changed=true
06-28 23:14:55.854  9349  9492 D mali_winsys: EGLint new_window_surface(egl_winsys_display *, void *, EGLSurface, EGLConfig, egl_winsys_surface **, EGLBoolean) returns 0x3000
06-28 23:14:55.854  9349  9492 D OpenGLRenderer: eglCreateWindowSurface = 0x778ee9f500, 0x778ee96010
06-28 23:14:55.871  9349  9349 D ScrollView:  onsize change changed 
06-28 23:14:55.874  9349  9349 D ViewRootImpl@8a7a542[MainActivity]: MSG_WINDOW_FOCUS_CHANGED 1 1
06-28 23:14:55.911  9349  9349 D ViewRootImpl@8a7a542[MainActivity]: MSG_RESIZED: frame=Rect(18, 508 - 702, 923) ci=Rect(0, 0 - 0, 0) vi=Rect(0, 0 - 0, 0) or=1
06-28 23:14:55.940  9349  9349 D ViewRootImpl@9518cd9[MainActivity]: MSG_WINDOW_FOCUS_CHANGED 0 1
06-28 23:14:55.940  9349  9349 D InputMethodManager: prepareNavigationBarInfo() DecorView@254ca15[MainActivity]
06-28 23:14:55.941  9349  9349 D InputMethodManager: getNavigationBarColor() -855310
06-28 23:14:57.788  9349  9349 D ViewRootImpl@8a7a542[MainActivity]: ViewPostIme pointer 0
06-28 23:14:57.887  9349  9349 D ViewRootImpl@8a7a542[MainActivity]: ViewPostIme pointer 1
06-28 23:14:57.918  9349  9492 W libEGL  : EGLNativeWindowType 0x778ee96010 disconnect failed
06-28 23:14:57.918  9349  9492 D OpenGLRenderer: eglDestroySurface = 0x778ee9f500, 0x778ee96000
06-28 23:14:57.918  9349  9492 D OpenGLRenderer: endAllActiveAnimators on 0x778ef16500 (RippleDrawable) with handle 0x778928a100
06-28 23:14:57.918  9349  9349 D ViewRootImpl@8a7a542[MainActivity]: dispatchDetachedFromWindow
06-28 23:14:57.919  9349  9349 D ViewRootImpl@8a7a542[MainActivity]: Surface release. android.view.ViewRootImpl.doDie:7979 android.view.ViewRootImpl.die:7947 android.view.WindowManagerGlobal.removeViewLocked:497 android.view.WindowManagerGlobal.removeView:435 android.view.WindowManagerImpl.removeViewImmediate:124 android.app.Dialog.dismissDialog:518 android.app.Dialog.dismiss:501 androidx.appcompat.app.AlertController$ButtonHandler.handleMessage:171 
06-28 23:14:57.942  9349  9349 D InputTransport: Input channel destroyed: fd=77
06-28 23:14:57.944  9349  9349 I NearbyFragment: Connected to Endpoint{id=jKt9, name=Nexus 5X [34d8]}
06-28 23:14:57.946  9349  9349 E ViewRootImpl: sendUserActionEvent() returned.
06-28 23:14:57.946  9349  9349 D ViewRootImpl@9518cd9[MainActivity]: MSG_WINDOW_FOCUS_CHANGED 1 1
06-28 23:14:57.947  9349  9349 D InputMethodManager: prepareNavigationBarInfo() DecorView@254ca15[MainActivity]
06-28 23:14:57.947  9349  9349 D InputMethodManager: getNavigationBarColor() -855310
06-28 23:15:00.445  9349  9349 D ViewRootImpl@9518cd9[MainActivity]: ViewPostIme pointer 0
06-28 23:15:00.528  9349  9349 D ViewRootImpl@9518cd9[MainActivity]: ViewPostIme pointer 1
06-28 23:15:00.533  9349  9349 V ConnectionFragment: Discovery switch unchecked
06-28 23:15:00.533  9349  9349 D NearbyFragment: Stopped discovering
06-28 23:15:03.533  9349  9349 I TransferNetworkLossHand: Network connectivity changed detected.
06-28 23:15:03.547  9349  9349 I TransferNetworkLossHand: Network connected: true
06-28 23:15:03.554  9349 10381 D TransferNetworkLossHand: Loading transfers from database...
06-28 23:15:03.564  9349 10381 D TransferNetworkLossHand: Closing the cursor for resumeAllTransfers
06-28 23:15:03.565  9349 10381 D TransferNetworkLossHand: 0 transfers are loaded from database.
06-28 23:17:35.853  9349  9349 D NearbyFragment: onPayloadReceived(endpointId=jKt9, payload=com.google.android.gms.nearby.connection.Payload@87e6e69)
06-28 23:17:35.860  9349  9349 V NearbyFragment: Started downloading SUMMARISE:-7922437746433153643:20200312_150643.mp4:45.0_1.0_23_medium from Endpoint{id=jKt9, name=Nexus 5X [34d8]}
06-28 23:17:35.867  9349  9349 V NearbyFragment: Transfer to jKt9: 100%
06-28 23:17:35.870  9349  9349 V NearbyFragment: Transfer to jKt9: 100%
06-28 23:17:35.874  9349  9349 D NearbyFragment: onPayloadReceived(endpointId=jKt9, payload=com.google.android.gms.nearby.connection.Payload@ac2541c)
06-28 23:17:35.876  9349  9349 V NearbyFragment: Transfer to jKt9: 0%
06-28 23:17:35.878  9349  9349 V NearbyFragment: Transfer to jKt9: 0%
06-28 23:17:35.881  9349  9349 V NearbyFragment: Transfer to jKt9: 0%
06-28 23:17:35.885  9349  9349 V NearbyFragment: Transfer to jKt9: 0%
06-28 23:17:35.891  9349  9349 V NearbyFragment: Transfer to jKt9: 0%
06-28 23:17:35.896  9349  9349 V NearbyFragment: Transfer to jKt9: 0%
06-28 23:17:35.901  9349  9349 V NearbyFragment: Transfer to jKt9: 0%
06-28 23:17:35.906  9349  9349 V NearbyFragment: Transfer to jKt9: 0%
06-28 23:17:35.912  9349  9349 V NearbyFragment: Transfer to jKt9: 0%
06-28 23:17:35.918  9349  9349 V NearbyFragment: Transfer to jKt9: 0%
06-28 23:17:35.921  9349  9349 V NearbyFragment: Transfer to jKt9: 1%
06-28 23:17:35.926  9349  9349 V NearbyFragment: Transfer to jKt9: 1%
06-28 23:17:35.933  9349  9349 V NearbyFragment: Transfer to jKt9: 1%
06-28 23:17:35.940  9349  9349 V NearbyFragment: Transfer to jKt9: 1%
06-28 23:17:35.942  9349  9349 V NearbyFragment: Transfer to jKt9: 1%
06-28 23:17:35.949  9349  9349 V NearbyFragment: Transfer to jKt9: 1%
06-28 23:17:35.954  9349  9349 V NearbyFragment: Transfer to jKt9: 1%
06-28 23:17:35.961  9349  9349 V NearbyFragment: Transfer to jKt9: 1%
06-28 23:17:35.969  9349  9349 V NearbyFragment: Transfer to jKt9: 1%
06-28 23:17:35.974  9349  9349 V NearbyFragment: Transfer to jKt9: 1%
06-28 23:17:35.978  9349  9349 V NearbyFragment: Transfer to jKt9: 1%
06-28 23:17:35.984  9349  9349 V NearbyFragment: Transfer to jKt9: 2%
06-28 23:17:35.989  9349  9349 V NearbyFragment: Transfer to jKt9: 2%
06-28 23:17:35.997  9349  9349 V NearbyFragment: Transfer to jKt9: 2%
06-28 23:17:36.003  9349  9349 V NearbyFragment: Transfer to jKt9: 2%
06-28 23:17:36.010  9349  9349 V NearbyFragment: Transfer to jKt9: 2%
06-28 23:17:36.021  9349  9349 V NearbyFragment: Transfer to jKt9: 2%
06-28 23:17:36.029  9349  9349 V NearbyFragment: Transfer to jKt9: 2%
06-28 23:17:36.033  9349  9349 V NearbyFragment: Transfer to jKt9: 2%
06-28 23:17:36.041  9349  9349 V NearbyFragment: Transfer to jKt9: 2%
06-28 23:17:36.045  9349  9349 V NearbyFragment: Transfer to jKt9: 2%
06-28 23:17:36.052  9349  9349 V NearbyFragment: Transfer to jKt9: 2%
06-28 23:17:36.056  9349  9349 V NearbyFragment: Transfer to jKt9: 3%
06-28 23:17:36.064  9349  9349 V NearbyFragment: Transfer to jKt9: 3%
06-28 23:17:36.076  9349  9349 V NearbyFragment: Transfer to jKt9: 3%
06-28 23:17:36.082  9349  9349 V NearbyFragment: Transfer to jKt9: 3%
06-28 23:17:36.088  9349  9349 V NearbyFragment: Transfer to jKt9: 3%
06-28 23:17:36.093  9349  9349 V NearbyFragment: Transfer to jKt9: 3%
06-28 23:17:36.103  9349  9349 V NearbyFragment: Transfer to jKt9: 3%
06-28 23:17:36.110  9349  9349 V NearbyFragment: Transfer to jKt9: 3%
06-28 23:17:36.113  9349  9349 V NearbyFragment: Transfer to jKt9: 3%
06-28 23:17:36.117  9349  9349 V NearbyFragment: Transfer to jKt9: 3%
06-28 23:17:36.124  9349  9349 V NearbyFragment: Transfer to jKt9: 4%
06-28 23:17:36.126  9349  9349 V NearbyFragment: Transfer to jKt9: 4%
06-28 23:17:36.129  9349  9349 V NearbyFragment: Transfer to jKt9: 4%
06-28 23:17:36.134  9349  9349 V NearbyFragment: Transfer to jKt9: 4%
06-28 23:17:36.140  9349  9349 V NearbyFragment: Transfer to jKt9: 4%
06-28 23:17:36.146  9349  9349 V NearbyFragment: Transfer to jKt9: 4%
06-28 23:17:36.151  9349  9349 V NearbyFragment: Transfer to jKt9: 4%
06-28 23:17:36.154  9349  9349 V NearbyFragment: Transfer to jKt9: 4%
06-28 23:17:36.158  9349  9349 V NearbyFragment: Transfer to jKt9: 4%
06-28 23:17:36.162  9349  9349 V NearbyFragment: Transfer to jKt9: 4%
06-28 23:17:36.165  9349  9349 V NearbyFragment: Transfer to jKt9: 4%
06-28 23:17:36.169  9349  9349 V NearbyFragment: Transfer to jKt9: 5%
06-28 23:17:36.172  9349  9349 V NearbyFragment: Transfer to jKt9: 5%
06-28 23:17:36.176  9349  9349 V NearbyFragment: Transfer to jKt9: 5%
06-28 23:17:36.179  9349  9349 V NearbyFragment: Transfer to jKt9: 5%
06-28 23:17:36.183  9349  9349 V NearbyFragment: Transfer to jKt9: 5%
06-28 23:17:36.185  9349  9349 V NearbyFragment: Transfer to jKt9: 5%
06-28 23:17:36.189  9349  9349 V NearbyFragment: Transfer to jKt9: 5%
06-28 23:17:36.192  9349  9349 V NearbyFragment: Transfer to jKt9: 5%
06-28 23:17:36.194  9349  9349 V NearbyFragment: Transfer to jKt9: 5%
06-28 23:17:36.202  9349  9349 V NearbyFragment: Transfer to jKt9: 5%
06-28 23:17:36.207  9349  9349 V NearbyFragment: Transfer to jKt9: 5%
06-28 23:17:36.220  9349  9349 V NearbyFragment: Transfer to jKt9: 6%
06-28 23:17:36.228  9349  9349 V NearbyFragment: Transfer to jKt9: 6%
06-28 23:17:36.234  9349  9349 V NearbyFragment: Transfer to jKt9: 6%
06-28 23:17:36.242  9349  9349 V NearbyFragment: Transfer to jKt9: 6%
06-28 23:17:36.247  9349  9349 V NearbyFragment: Transfer to jKt9: 6%
06-28 23:17:36.254  9349  9349 V NearbyFragment: Transfer to jKt9: 6%
06-28 23:17:36.259  9349  9349 V NearbyFragment: Transfer to jKt9: 6%
06-28 23:17:36.265  9349  9349 V NearbyFragment: Transfer to jKt9: 6%
06-28 23:17:36.268  9349  9349 V NearbyFragment: Transfer to jKt9: 6%
06-28 23:17:36.271  9349  9349 V NearbyFragment: Transfer to jKt9: 6%
06-28 23:17:36.276  9349  9349 V NearbyFragment: Transfer to jKt9: 7%
06-28 23:17:36.290  9349  9349 V NearbyFragment: Transfer to jKt9: 7%
06-28 23:17:36.293  9349  9349 V NearbyFragment: Transfer to jKt9: 7%
06-28 23:17:36.296  9349  9349 V NearbyFragment: Transfer to jKt9: 7%
06-28 23:17:36.301  9349  9349 V NearbyFragment: Transfer to jKt9: 7%
06-28 23:17:36.321  9349  9349 V NearbyFragment: Transfer to jKt9: 7%
06-28 23:17:36.325  9349  9349 V NearbyFragment: Transfer to jKt9: 7%
06-28 23:17:36.328  9349  9349 V NearbyFragment: Transfer to jKt9: 7%
06-28 23:17:36.331  9349  9349 V NearbyFragment: Transfer to jKt9: 7%
06-28 23:17:36.333  9349  9349 V NearbyFragment: Transfer to jKt9: 7%
06-28 23:17:36.335  9349  9349 V NearbyFragment: Transfer to jKt9: 7%
06-28 23:17:36.337  9349  9349 V NearbyFragment: Transfer to jKt9: 8%
06-28 23:17:36.346  9349  9349 V NearbyFragment: Transfer to jKt9: 8%
06-28 23:17:36.349  9349  9349 V NearbyFragment: Transfer to jKt9: 8%
06-28 23:17:36.356  9349  9349 V NearbyFragment: Transfer to jKt9: 8%
06-28 23:17:36.359  9349  9349 V NearbyFragment: Transfer to jKt9: 8%
06-28 23:17:36.362  9349  9349 V NearbyFragment: Transfer to jKt9: 8%
06-28 23:17:36.367  9349  9349 V NearbyFragment: Transfer to jKt9: 8%
06-28 23:17:36.371  9349  9349 V NearbyFragment: Transfer to jKt9: 8%
06-28 23:17:36.381  9349  9349 V NearbyFragment: Transfer to jKt9: 8%
06-28 23:17:36.386  9349  9349 V NearbyFragment: Transfer to jKt9: 8%
06-28 23:17:36.389  9349  9349 V NearbyFragment: Transfer to jKt9: 8%
06-28 23:17:36.397  9349  9349 V NearbyFragment: Transfer to jKt9: 9%
06-28 23:17:36.402  9349  9349 V NearbyFragment: Transfer to jKt9: 9%
06-28 23:17:36.406  9349  9349 V NearbyFragment: Transfer to jKt9: 9%
06-28 23:17:36.412  9349  9349 V NearbyFragment: Transfer to jKt9: 9%
06-28 23:17:36.416  9349  9349 V NearbyFragment: Transfer to jKt9: 9%
06-28 23:17:36.428  9349  9349 V NearbyFragment: Transfer to jKt9: 9%
06-28 23:17:36.434  9349  9349 V NearbyFragment: Transfer to jKt9: 9%
06-28 23:17:36.439  9349  9349 V NearbyFragment: Transfer to jKt9: 9%
06-28 23:17:36.687  9349  9349 V NearbyFragment: Transfer to jKt9: 9%
06-28 23:17:36.694  9349  9349 V NearbyFragment: Transfer to jKt9: 9%
06-28 23:17:36.697  9349  9349 V NearbyFragment: Transfer to jKt9: 10%
06-28 23:17:36.702  9349  9349 V NearbyFragment: Transfer to jKt9: 10%
06-28 23:17:36.708  9349  9349 V NearbyFragment: Transfer to jKt9: 10%
06-28 23:17:36.717  9349  9349 V NearbyFragment: Transfer to jKt9: 10%
06-28 23:17:36.725  9349  9349 V NearbyFragment: Transfer to jKt9: 10%
06-28 23:17:36.734  9349  9349 V NearbyFragment: Transfer to jKt9: 10%
06-28 23:17:36.738  9349  9349 V NearbyFragment: Transfer to jKt9: 10%
06-28 23:17:36.745  9349  9349 V NearbyFragment: Transfer to jKt9: 10%
06-28 23:17:36.755  9349  9349 V NearbyFragment: Transfer to jKt9: 10%
06-28 23:17:36.760  9349  9349 V NearbyFragment: Transfer to jKt9: 10%
06-28 23:17:36.769  9349  9349 V NearbyFragment: Transfer to jKt9: 10%
06-28 23:17:36.772  9349  9349 V NearbyFragment: Transfer to jKt9: 11%
06-28 23:17:36.778  9349  9349 V NearbyFragment: Transfer to jKt9: 11%
06-28 23:17:36.788  9349  9349 V NearbyFragment: Transfer to jKt9: 11%
06-28 23:17:36.795  9349  9349 V NearbyFragment: Transfer to jKt9: 11%
06-28 23:17:36.797  9349  9349 V NearbyFragment: Transfer to jKt9: 11%
06-28 23:17:36.803  9349  9349 V NearbyFragment: Transfer to jKt9: 11%
06-28 23:17:36.807  9349  9349 V NearbyFragment: Transfer to jKt9: 11%
06-28 23:17:36.814  9349  9349 V NearbyFragment: Transfer to jKt9: 11%
06-28 23:17:36.826  9349  9349 V NearbyFragment: Transfer to jKt9: 11%
06-28 23:17:36.835  9349  9349 V NearbyFragment: Transfer to jKt9: 11%
06-28 23:17:36.839  9349  9349 V NearbyFragment: Transfer to jKt9: 11%
06-28 23:17:36.843  9349  9349 V NearbyFragment: Transfer to jKt9: 12%
06-28 23:17:36.846  9349  9349 V NearbyFragment: Transfer to jKt9: 12%
06-28 23:17:36.849  9349  9349 V NearbyFragment: Transfer to jKt9: 12%
06-28 23:17:36.851  9349  9349 V NearbyFragment: Transfer to jKt9: 12%
06-28 23:17:36.855  9349  9349 V NearbyFragment: Transfer to jKt9: 12%
06-28 23:17:36.858  9349  9349 V NearbyFragment: Transfer to jKt9: 12%
06-28 23:17:36.862  9349  9349 V NearbyFragment: Transfer to jKt9: 12%
06-28 23:17:36.867  9349  9349 V NearbyFragment: Transfer to jKt9: 12%
06-28 23:17:36.873  9349  9349 V NearbyFragment: Transfer to jKt9: 12%
06-28 23:17:36.878  9349  9349 V NearbyFragment: Transfer to jKt9: 12%
06-28 23:17:36.883  9349  9349 V NearbyFragment: Transfer to jKt9: 13%
06-28 23:17:36.890  9349  9349 V NearbyFragment: Transfer to jKt9: 13%
06-28 23:17:36.893  9349  9349 V NearbyFragment: Transfer to jKt9: 13%
06-28 23:17:36.897  9349  9349 V NearbyFragment: Transfer to jKt9: 13%
06-28 23:17:36.900  9349  9349 V NearbyFragment: Transfer to jKt9: 13%
06-28 23:17:36.905  9349  9349 V NearbyFragment: Transfer to jKt9: 13%
06-28 23:17:36.907  9349  9349 V NearbyFragment: Transfer to jKt9: 13%
06-28 23:17:36.913  9349  9349 V NearbyFragment: Transfer to jKt9: 13%
06-28 23:17:36.915  9349  9349 V NearbyFragment: Transfer to jKt9: 13%
06-28 23:17:36.917  9349  9349 V NearbyFragment: Transfer to jKt9: 13%
06-28 23:17:36.958  9349  9349 V NearbyFragment: Transfer to jKt9: 13%
06-28 23:17:36.963  9349  9349 V NearbyFragment: Transfer to jKt9: 14%
06-28 23:17:36.965  9349  9349 V NearbyFragment: Transfer to jKt9: 14%
06-28 23:17:36.972  9349  9349 V NearbyFragment: Transfer to jKt9: 14%
06-28 23:17:36.978  9349  9349 V NearbyFragment: Transfer to jKt9: 14%
06-28 23:17:36.982  9349  9349 V NearbyFragment: Transfer to jKt9: 14%
06-28 23:17:36.985  9349  9349 V NearbyFragment: Transfer to jKt9: 14%
06-28 23:17:36.993  9349  9349 V NearbyFragment: Transfer to jKt9: 14%
06-28 23:17:36.999  9349  9349 V NearbyFragment: Transfer to jKt9: 14%
06-28 23:17:37.001  9349  9349 V NearbyFragment: Transfer to jKt9: 14%
06-28 23:17:37.007  9349  9349 V NearbyFragment: Transfer to jKt9: 14%
06-28 23:17:37.044  9349  9349 V NearbyFragment: Transfer to jKt9: 14%
06-28 23:17:37.059  9349  9349 V NearbyFragment: Transfer to jKt9: 15%
06-28 23:17:37.067  9349  9349 V NearbyFragment: Transfer to jKt9: 15%
06-28 23:17:37.074  9349  9349 V NearbyFragment: Transfer to jKt9: 15%
06-28 23:17:37.085  9349  9349 V NearbyFragment: Transfer to jKt9: 15%
06-28 23:17:37.087  9349  9349 V NearbyFragment: Transfer to jKt9: 15%
06-28 23:17:37.093  9349  9349 V NearbyFragment: Transfer to jKt9: 15%
06-28 23:17:37.096  9349  9349 V NearbyFragment: Transfer to jKt9: 15%
06-28 23:17:37.100  9349  9349 V NearbyFragment: Transfer to jKt9: 15%
06-28 23:17:37.104  9349  9349 V NearbyFragment: Transfer to jKt9: 15%
06-28 23:17:37.133  9349  9349 V NearbyFragment: Transfer to jKt9: 15%
06-28 23:17:37.136  9349  9349 V NearbyFragment: Transfer to jKt9: 16%
06-28 23:17:37.149  9349  9349 V NearbyFragment: Transfer to jKt9: 16%
06-28 23:17:37.154  9349  9349 V NearbyFragment: Transfer to jKt9: 16%
06-28 23:17:37.160  9349  9349 V NearbyFragment: Transfer to jKt9: 16%
06-28 23:17:37.169  9349  9349 V NearbyFragment: Transfer to jKt9: 16%
06-28 23:17:37.175  9349  9349 V NearbyFragment: Transfer to jKt9: 16%
06-28 23:17:37.183  9349  9349 V NearbyFragment: Transfer to jKt9: 16%
06-28 23:17:37.188  9349  9349 V NearbyFragment: Transfer to jKt9: 16%
06-28 23:17:37.191  9349  9349 V NearbyFragment: Transfer to jKt9: 16%
06-28 23:17:37.194  9349  9349 V NearbyFragment: Transfer to jKt9: 16%
06-28 23:17:37.232  9349  9349 V NearbyFragment: Transfer to jKt9: 16%
06-28 23:17:37.242  9349  9349 V NearbyFragment: Transfer to jKt9: 17%
06-28 23:17:37.250  9349  9349 V NearbyFragment: Transfer to jKt9: 17%
06-28 23:17:37.256  9349  9349 V NearbyFragment: Transfer to jKt9: 17%
06-28 23:17:37.259  9349  9349 V NearbyFragment: Transfer to jKt9: 17%
06-28 23:17:37.264  9349  9349 V NearbyFragment: Transfer to jKt9: 17%
06-28 23:17:37.430  9349  9349 V NearbyFragment: Transfer to jKt9: 17%
06-28 23:17:37.436  9349  9349 V NearbyFragment: Transfer to jKt9: 17%
06-28 23:17:37.442  9349  9349 V NearbyFragment: Transfer to jKt9: 17%
06-28 23:17:37.451  9349  9349 V NearbyFragment: Transfer to jKt9: 17%
06-28 23:17:37.457  9349  9349 V NearbyFragment: Transfer to jKt9: 17%
06-28 23:17:37.462  9349  9349 V NearbyFragment: Transfer to jKt9: 17%
06-28 23:17:37.469  9349  9349 V NearbyFragment: Transfer to jKt9: 18%
06-28 23:17:37.475  9349  9349 V NearbyFragment: Transfer to jKt9: 18%
06-28 23:17:37.481  9349  9349 V NearbyFragment: Transfer to jKt9: 18%
06-28 23:17:37.485  9349  9349 V NearbyFragment: Transfer to jKt9: 18%
06-28 23:17:37.490  9349  9349 V NearbyFragment: Transfer to jKt9: 18%
06-28 23:17:37.495  9349  9349 V NearbyFragment: Transfer to jKt9: 18%
06-28 23:17:37.502  9349  9349 V NearbyFragment: Transfer to jKt9: 18%
06-28 23:17:37.507  9349  9349 V NearbyFragment: Transfer to jKt9: 18%
06-28 23:17:37.511  9349  9349 V NearbyFragment: Transfer to jKt9: 18%
06-28 23:17:37.524  9349  9349 V NearbyFragment: Transfer to jKt9: 18%
06-28 23:17:37.529  9349  9349 V NearbyFragment: Transfer to jKt9: 19%
06-28 23:17:37.534  9349  9349 V NearbyFragment: Transfer to jKt9: 19%
06-28 23:17:37.543  9349  9349 V NearbyFragment: Transfer to jKt9: 19%
06-28 23:17:37.548  9349  9349 V NearbyFragment: Transfer to jKt9: 19%
06-28 23:17:37.553  9349  9349 V NearbyFragment: Transfer to jKt9: 19%
06-28 23:17:37.564  9349  9349 V NearbyFragment: Transfer to jKt9: 19%
06-28 23:17:37.579  9349  9349 V NearbyFragment: Transfer to jKt9: 19%
06-28 23:17:37.585  9349  9349 V NearbyFragment: Transfer to jKt9: 19%
06-28 23:17:37.589  9349  9349 V NearbyFragment: Transfer to jKt9: 19%
06-28 23:17:37.601  9349  9349 V NearbyFragment: Transfer to jKt9: 19%
06-28 23:17:37.604  9349  9349 V NearbyFragment: Transfer to jKt9: 19%
06-28 23:17:37.617  9349  9349 V NearbyFragment: Transfer to jKt9: 20%
06-28 23:17:37.634  9349  9349 V NearbyFragment: Transfer to jKt9: 20%
06-28 23:17:37.640  9349  9349 V NearbyFragment: Transfer to jKt9: 20%
06-28 23:17:37.648  9349  9349 V NearbyFragment: Transfer to jKt9: 20%
06-28 23:17:37.651  9349  9349 V NearbyFragment: Transfer to jKt9: 20%
06-28 23:17:37.665  9349  9349 V NearbyFragment: Transfer to jKt9: 20%
06-28 23:17:37.671  9349  9349 V NearbyFragment: Transfer to jKt9: 20%
06-28 23:17:37.678  9349  9349 V NearbyFragment: Transfer to jKt9: 20%
06-28 23:17:37.682  9349  9349 V NearbyFragment: Transfer to jKt9: 20%
06-28 23:17:37.689  9349  9349 V NearbyFragment: Transfer to jKt9: 20%
06-28 23:17:37.696  9349  9349 V NearbyFragment: Transfer to jKt9: 20%
06-28 23:17:37.700  9349  9349 V NearbyFragment: Transfer to jKt9: 21%
06-28 23:17:37.712  9349  9349 V NearbyFragment: Transfer to jKt9: 21%
06-28 23:17:37.739  9349  9349 V NearbyFragment: Transfer to jKt9: 21%
06-28 23:17:37.751  9349  9349 V NearbyFragment: Transfer to jKt9: 21%
06-28 23:17:37.758  9349  9349 V NearbyFragment: Transfer to jKt9: 21%
06-28 23:17:37.762  9349  9349 V NearbyFragment: Transfer to jKt9: 21%
06-28 23:17:37.815  9349  9349 V NearbyFragment: Transfer to jKt9: 21%
06-28 23:17:37.834  9349  9349 V NearbyFragment: Transfer to jKt9: 21%
06-28 23:17:37.842  9349  9349 V NearbyFragment: Transfer to jKt9: 21%
06-28 23:17:37.852  9349  9349 V NearbyFragment: Transfer to jKt9: 21%
06-28 23:17:37.860  9349  9349 V NearbyFragment: Transfer to jKt9: 22%
06-28 23:17:37.865  9349  9349 V NearbyFragment: Transfer to jKt9: 22%
06-28 23:17:37.872  9349  9349 V NearbyFragment: Transfer to jKt9: 22%
06-28 23:17:37.875  9349  9349 V NearbyFragment: Transfer to jKt9: 22%
06-28 23:17:37.883  9349  9349 V NearbyFragment: Transfer to jKt9: 22%
06-28 23:17:37.893  9349  9349 V NearbyFragment: Transfer to jKt9: 22%
06-28 23:17:37.895  9349  9349 V NearbyFragment: Transfer to jKt9: 22%
06-28 23:17:37.902  9349  9349 V NearbyFragment: Transfer to jKt9: 22%
06-28 23:17:37.904  9349  9349 V NearbyFragment: Transfer to jKt9: 22%
06-28 23:17:37.908  9349  9349 V NearbyFragment: Transfer to jKt9: 22%
06-28 23:17:37.914  9349  9349 V NearbyFragment: Transfer to jKt9: 22%
06-28 23:17:37.920  9349  9349 V NearbyFragment: Transfer to jKt9: 23%
06-28 23:17:37.925  9349  9349 V NearbyFragment: Transfer to jKt9: 23%
06-28 23:17:37.928  9349  9349 V NearbyFragment: Transfer to jKt9: 23%
06-28 23:17:37.933  9349  9349 V NearbyFragment: Transfer to jKt9: 23%
06-28 23:17:37.936  9349  9349 V NearbyFragment: Transfer to jKt9: 23%
06-28 23:17:37.942  9349  9349 V NearbyFragment: Transfer to jKt9: 23%
06-28 23:17:37.947  9349  9349 V NearbyFragment: Transfer to jKt9: 23%
06-28 23:17:37.952  9349  9349 V NearbyFragment: Transfer to jKt9: 23%
06-28 23:17:37.957  9349  9349 V NearbyFragment: Transfer to jKt9: 23%
06-28 23:17:37.961  9349  9349 V NearbyFragment: Transfer to jKt9: 23%
06-28 23:17:37.970  9349  9349 V NearbyFragment: Transfer to jKt9: 23%
06-28 23:17:37.973  9349  9349 V NearbyFragment: Transfer to jKt9: 24%
06-28 23:17:37.994  9349  9349 V NearbyFragment: Transfer to jKt9: 24%
06-28 23:17:37.997  9349  9349 V NearbyFragment: Transfer to jKt9: 24%
06-28 23:17:38.008  9349  9349 V NearbyFragment: Transfer to jKt9: 24%
06-28 23:17:38.012  9349  9349 V NearbyFragment: Transfer to jKt9: 24%
06-28 23:17:38.020  9349  9349 V NearbyFragment: Transfer to jKt9: 24%
06-28 23:17:38.023  9349  9349 V NearbyFragment: Transfer to jKt9: 24%
06-28 23:17:38.031  9349  9349 V NearbyFragment: Transfer to jKt9: 24%
06-28 23:17:38.037  9349  9349 V NearbyFragment: Transfer to jKt9: 24%
06-28 23:17:38.047  9349  9349 V NearbyFragment: Transfer to jKt9: 24%
06-28 23:17:38.062  9349  9349 V NearbyFragment: Transfer to jKt9: 25%
06-28 23:17:38.065  9349  9349 V NearbyFragment: Transfer to jKt9: 25%
06-28 23:17:38.205  9349  9349 V NearbyFragment: Transfer to jKt9: 25%
06-28 23:17:38.212  9349  9349 V NearbyFragment: Transfer to jKt9: 25%
06-28 23:17:38.255  9349  9349 V NearbyFragment: Transfer to jKt9: 25%
06-28 23:17:38.263  9349  9349 V NearbyFragment: Transfer to jKt9: 25%
06-28 23:17:38.278  9349  9349 V NearbyFragment: Transfer to jKt9: 25%
06-28 23:17:38.287  9349  9349 V NearbyFragment: Transfer to jKt9: 25%
06-28 23:17:38.302  9349  9349 V NearbyFragment: Transfer to jKt9: 25%
06-28 23:17:38.312  9349  9349 V NearbyFragment: Transfer to jKt9: 25%
06-28 23:17:38.315  9349  9349 V NearbyFragment: Transfer to jKt9: 25%
06-28 23:17:38.329  9349  9349 V NearbyFragment: Transfer to jKt9: 26%
06-28 23:17:38.337  9349  9349 V NearbyFragment: Transfer to jKt9: 26%
06-28 23:17:38.345  9349  9349 V NearbyFragment: Transfer to jKt9: 26%
06-28 23:17:38.354  9349  9349 V NearbyFragment: Transfer to jKt9: 26%
06-28 23:17:38.359  9349  9349 V NearbyFragment: Transfer to jKt9: 26%
06-28 23:17:38.364  9349  9349 V NearbyFragment: Transfer to jKt9: 26%
06-28 23:17:38.369  9349  9349 V NearbyFragment: Transfer to jKt9: 26%
06-28 23:17:38.372  9349  9349 V NearbyFragment: Transfer to jKt9: 26%
06-28 23:17:38.377  9349  9349 V NearbyFragment: Transfer to jKt9: 26%
06-28 23:17:38.382  9349  9349 V NearbyFragment: Transfer to jKt9: 26%
06-28 23:17:38.389  9349  9349 V NearbyFragment: Transfer to jKt9: 26%
06-28 23:17:38.394  9349  9349 V NearbyFragment: Transfer to jKt9: 27%
06-28 23:17:38.400  9349  9349 V NearbyFragment: Transfer to jKt9: 27%
06-28 23:17:38.402  9349  9349 V NearbyFragment: Transfer to jKt9: 27%
06-28 23:17:38.407  9349  9349 V NearbyFragment: Transfer to jKt9: 27%
06-28 23:17:38.409  9349  9349 V NearbyFragment: Transfer to jKt9: 27%
06-28 23:17:38.413  9349  9349 V NearbyFragment: Transfer to jKt9: 27%
06-28 23:17:38.415  9349  9349 V NearbyFragment: Transfer to jKt9: 27%
06-28 23:17:38.422  9349  9349 V NearbyFragment: Transfer to jKt9: 27%
06-28 23:17:38.428  9349  9349 V NearbyFragment: Transfer to jKt9: 27%
06-28 23:17:38.433  9349  9349 V NearbyFragment: Transfer to jKt9: 27%
06-28 23:17:38.435  9349  9349 V NearbyFragment: Transfer to jKt9: 27%
06-28 23:17:38.444  9349  9349 V NearbyFragment: Transfer to jKt9: 28%
06-28 23:17:38.445  9349  9349 V NearbyFragment: Transfer to jKt9: 28%
06-28 23:17:38.449  9349  9349 V NearbyFragment: Transfer to jKt9: 28%
06-28 23:17:38.452  9349  9349 V NearbyFragment: Transfer to jKt9: 28%
06-28 23:17:38.456  9349  9349 V NearbyFragment: Transfer to jKt9: 28%
06-28 23:17:38.459  9349  9349 V NearbyFragment: Transfer to jKt9: 28%
06-28 23:17:38.462  9349  9349 V NearbyFragment: Transfer to jKt9: 28%
06-28 23:17:38.469  9349  9349 V NearbyFragment: Transfer to jKt9: 28%
06-28 23:17:38.480  9349  9349 V NearbyFragment: Transfer to jKt9: 28%
06-28 23:17:38.482  9349  9349 V NearbyFragment: Transfer to jKt9: 28%
06-28 23:17:38.489  9349  9349 V NearbyFragment: Transfer to jKt9: 29%
06-28 23:17:38.496  9349  9349 V NearbyFragment: Transfer to jKt9: 29%
06-28 23:17:38.505  9349  9349 V NearbyFragment: Transfer to jKt9: 29%
06-28 23:17:38.511  9349  9349 V NearbyFragment: Transfer to jKt9: 29%
06-28 23:17:38.519  9349  9349 V NearbyFragment: Transfer to jKt9: 29%
06-28 23:17:38.523  9349  9349 V NearbyFragment: Transfer to jKt9: 29%
06-28 23:17:38.536  9349  9349 V NearbyFragment: Transfer to jKt9: 29%
06-28 23:17:38.547  9349  9349 V NearbyFragment: Transfer to jKt9: 29%
06-28 23:17:38.556  9349  9349 V NearbyFragment: Transfer to jKt9: 29%
06-28 23:17:38.559  9349  9349 V NearbyFragment: Transfer to jKt9: 29%
06-28 23:17:38.566  9349  9349 V NearbyFragment: Transfer to jKt9: 29%
06-28 23:17:38.571  9349  9349 V NearbyFragment: Transfer to jKt9: 30%
06-28 23:17:38.574  9349  9349 V NearbyFragment: Transfer to jKt9: 30%
06-28 23:17:38.584  9349  9349 V NearbyFragment: Transfer to jKt9: 30%
06-28 23:17:38.586  9349  9349 V NearbyFragment: Transfer to jKt9: 30%
06-28 23:17:38.593  9349  9349 V NearbyFragment: Transfer to jKt9: 30%
06-28 23:17:38.603  9349  9349 V NearbyFragment: Transfer to jKt9: 30%
06-28 23:17:38.607  9349  9349 V NearbyFragment: Transfer to jKt9: 30%
06-28 23:17:38.614  9349  9349 V NearbyFragment: Transfer to jKt9: 30%
06-28 23:17:38.620  9349  9349 V NearbyFragment: Transfer to jKt9: 30%
06-28 23:17:38.623  9349  9349 V NearbyFragment: Transfer to jKt9: 30%
06-28 23:17:38.631  9349  9349 V NearbyFragment: Transfer to jKt9: 30%
06-28 23:17:38.635  9349  9349 V NearbyFragment: Transfer to jKt9: 31%
06-28 23:17:38.640  9349  9349 V NearbyFragment: Transfer to jKt9: 31%
06-28 23:17:38.646  9349  9349 V NearbyFragment: Transfer to jKt9: 31%
06-28 23:17:38.649  9349  9349 V NearbyFragment: Transfer to jKt9: 31%
06-28 23:17:38.656  9349  9349 V NearbyFragment: Transfer to jKt9: 31%
06-28 23:17:38.664  9349  9349 V NearbyFragment: Transfer to jKt9: 31%
06-28 23:17:38.666  9349  9349 V NearbyFragment: Transfer to jKt9: 31%
06-28 23:17:38.673  9349  9349 V NearbyFragment: Transfer to jKt9: 31%
06-28 23:17:38.675  9349  9349 V NearbyFragment: Transfer to jKt9: 31%
06-28 23:17:38.684  9349  9349 V NearbyFragment: Transfer to jKt9: 31%
06-28 23:17:38.692  9349  9349 V NearbyFragment: Transfer to jKt9: 32%
06-28 23:17:38.694  9349  9349 V NearbyFragment: Transfer to jKt9: 32%
06-28 23:17:38.708  9349  9349 V NearbyFragment: Transfer to jKt9: 32%
06-28 23:17:38.711  9349  9349 V NearbyFragment: Transfer to jKt9: 32%
06-28 23:17:38.718  9349  9349 V NearbyFragment: Transfer to jKt9: 32%
06-28 23:17:38.729  9349  9349 V NearbyFragment: Transfer to jKt9: 32%
06-28 23:17:38.738  9349  9349 V NearbyFragment: Transfer to jKt9: 32%
06-28 23:17:38.744  9349  9349 V NearbyFragment: Transfer to jKt9: 32%
06-28 23:17:38.747  9349  9349 V NearbyFragment: Transfer to jKt9: 32%
06-28 23:17:38.770  9349  9349 V NearbyFragment: Transfer to jKt9: 32%
06-28 23:17:38.773  9349  9349 V NearbyFragment: Transfer to jKt9: 32%
06-28 23:17:38.779  9349  9349 V NearbyFragment: Transfer to jKt9: 33%
06-28 23:17:38.791  9349  9349 V NearbyFragment: Transfer to jKt9: 33%
06-28 23:17:38.797  9349  9349 V NearbyFragment: Transfer to jKt9: 33%
06-28 23:17:38.802  9349  9349 V NearbyFragment: Transfer to jKt9: 33%
06-28 23:17:38.810  9349  9349 V NearbyFragment: Transfer to jKt9: 33%
06-28 23:17:38.818  9349  9349 V NearbyFragment: Transfer to jKt9: 33%
06-28 23:17:38.829  9349  9349 V NearbyFragment: Transfer to jKt9: 33%
06-28 23:17:38.833  9349  9349 V NearbyFragment: Transfer to jKt9: 33%
06-28 23:17:38.842  9349  9349 V NearbyFragment: Transfer to jKt9: 33%
06-28 23:17:38.846  9349  9349 V NearbyFragment: Transfer to jKt9: 33%
06-28 23:17:38.863  9349  9349 V NearbyFragment: Transfer to jKt9: 33%
06-28 23:17:39.056  9349  9349 V NearbyFragment: Transfer to jKt9: 34%
06-28 23:17:39.070  9349  9349 V NearbyFragment: Transfer to jKt9: 34%
06-28 23:17:39.078  9349  9349 V NearbyFragment: Transfer to jKt9: 34%
06-28 23:17:39.086  9349  9349 V NearbyFragment: Transfer to jKt9: 34%
06-28 23:17:39.094  9349  9349 V NearbyFragment: Transfer to jKt9: 34%
06-28 23:17:39.099  9349  9349 V NearbyFragment: Transfer to jKt9: 34%
06-28 23:17:39.104  9349  9349 V NearbyFragment: Transfer to jKt9: 34%
06-28 23:17:39.109  9349  9349 V NearbyFragment: Transfer to jKt9: 34%
06-28 23:17:39.114  9349  9349 V NearbyFragment: Transfer to jKt9: 34%
06-28 23:17:39.119  9349  9349 V NearbyFragment: Transfer to jKt9: 34%
06-28 23:17:39.123  9349  9349 V NearbyFragment: Transfer to jKt9: 35%
06-28 23:17:39.127  9349  9349 V NearbyFragment: Transfer to jKt9: 35%
06-28 23:17:39.130  9349  9349 V NearbyFragment: Transfer to jKt9: 35%
06-28 23:17:39.133  9349  9349 V NearbyFragment: Transfer to jKt9: 35%
06-28 23:17:39.137  9349  9349 V NearbyFragment: Transfer to jKt9: 35%
06-28 23:17:39.140  9349  9349 V NearbyFragment: Transfer to jKt9: 35%
06-28 23:17:39.151  9349  9349 V NearbyFragment: Transfer to jKt9: 35%
06-28 23:17:39.165  9349  9349 V NearbyFragment: Transfer to jKt9: 35%
06-28 23:17:39.170  9349  9349 V NearbyFragment: Transfer to jKt9: 35%
06-28 23:17:39.174  9349  9349 V NearbyFragment: Transfer to jKt9: 35%
06-28 23:17:39.221  9349  9349 V NearbyFragment: Transfer to jKt9: 35%
06-28 23:17:39.233  9349  9349 V NearbyFragment: Transfer to jKt9: 36%
06-28 23:17:39.239  9349  9349 V NearbyFragment: Transfer to jKt9: 36%
06-28 23:17:39.247  9349  9349 V NearbyFragment: Transfer to jKt9: 36%
06-28 23:17:39.255  9349  9349 V NearbyFragment: Transfer to jKt9: 36%
06-28 23:17:39.261  9349  9349 V NearbyFragment: Transfer to jKt9: 36%
06-28 23:17:39.267  9349  9349 V NearbyFragment: Transfer to jKt9: 36%
06-28 23:17:39.274  9349  9349 V NearbyFragment: Transfer to jKt9: 36%
06-28 23:17:39.280  9349  9349 V NearbyFragment: Transfer to jKt9: 36%
06-28 23:17:39.287  9349  9349 V NearbyFragment: Transfer to jKt9: 36%
06-28 23:17:39.293  9349  9349 V NearbyFragment: Transfer to jKt9: 36%
06-28 23:17:39.299  9349  9349 V NearbyFragment: Transfer to jKt9: 36%
06-28 23:17:39.302  9349  9349 V NearbyFragment: Transfer to jKt9: 37%
06-28 23:17:39.308  9349  9349 V NearbyFragment: Transfer to jKt9: 37%
06-28 23:17:39.312  9349  9349 V NearbyFragment: Transfer to jKt9: 37%
06-28 23:17:39.316  9349  9349 V NearbyFragment: Transfer to jKt9: 37%
06-28 23:17:39.329  9349  9349 V NearbyFragment: Transfer to jKt9: 37%
06-28 23:17:39.336  9349  9349 V NearbyFragment: Transfer to jKt9: 37%
06-28 23:17:39.347  9349  9349 V NearbyFragment: Transfer to jKt9: 37%
06-28 23:17:39.351  9349  9349 V NearbyFragment: Transfer to jKt9: 37%
06-28 23:17:39.357  9349  9349 V NearbyFragment: Transfer to jKt9: 37%
06-28 23:17:39.361  9349  9349 V NearbyFragment: Transfer to jKt9: 37%
06-28 23:17:39.365  9349  9349 V NearbyFragment: Transfer to jKt9: 38%
06-28 23:17:39.371  9349  9349 V NearbyFragment: Transfer to jKt9: 38%
06-28 23:17:39.383  9349  9349 V NearbyFragment: Transfer to jKt9: 38%
06-28 23:17:39.386  9349  9349 V NearbyFragment: Transfer to jKt9: 38%
06-28 23:17:39.395  9349  9349 V NearbyFragment: Transfer to jKt9: 38%
06-28 23:17:39.398  9349  9349 V NearbyFragment: Transfer to jKt9: 38%
06-28 23:17:39.405  9349  9349 V NearbyFragment: Transfer to jKt9: 38%
06-28 23:17:39.411  9349  9349 V NearbyFragment: Transfer to jKt9: 38%
06-28 23:17:39.434  9349  9349 V NearbyFragment: Transfer to jKt9: 38%
06-28 23:17:39.437  9349  9349 V NearbyFragment: Transfer to jKt9: 38%
06-28 23:17:39.441  9349  9349 V NearbyFragment: Transfer to jKt9: 38%
06-28 23:17:39.443  9349  9349 V NearbyFragment: Transfer to jKt9: 39%
06-28 23:17:39.447  9349  9349 V NearbyFragment: Transfer to jKt9: 39%
06-28 23:17:39.449  9349  9349 V NearbyFragment: Transfer to jKt9: 39%
06-28 23:17:39.452  9349  9349 V NearbyFragment: Transfer to jKt9: 39%
06-28 23:17:39.456  9349  9349 V NearbyFragment: Transfer to jKt9: 39%
06-28 23:17:39.477  9349  9349 V NearbyFragment: Transfer to jKt9: 39%
06-28 23:17:39.482  9349  9349 V NearbyFragment: Transfer to jKt9: 39%
06-28 23:17:39.486  9349  9349 V NearbyFragment: Transfer to jKt9: 39%
06-28 23:17:39.491  9349  9349 V NearbyFragment: Transfer to jKt9: 39%
06-28 23:17:39.494  9349  9349 V NearbyFragment: Transfer to jKt9: 39%
06-28 23:17:39.504  9349  9349 V NearbyFragment: Transfer to jKt9: 39%
06-28 23:17:39.507  9349  9349 V NearbyFragment: Transfer to jKt9: 40%
06-28 23:17:39.517  9349  9349 V NearbyFragment: Transfer to jKt9: 40%
06-28 23:17:39.524  9349  9349 V NearbyFragment: Transfer to jKt9: 40%
06-28 23:17:39.542  9349  9349 V NearbyFragment: Transfer to jKt9: 40%
06-28 23:17:39.546  9349  9349 V NearbyFragment: Transfer to jKt9: 40%
06-28 23:17:39.561  9349  9349 V NearbyFragment: Transfer to jKt9: 40%
06-28 23:17:39.566  9349  9349 V NearbyFragment: Transfer to jKt9: 40%
06-28 23:17:39.573  9349  9349 V NearbyFragment: Transfer to jKt9: 40%
06-28 23:17:39.576  9349  9349 V NearbyFragment: Transfer to jKt9: 40%
06-28 23:17:39.590  9349  9349 V NearbyFragment: Transfer to jKt9: 40%
06-28 23:17:39.594  9349  9349 V NearbyFragment: Transfer to jKt9: 41%
06-28 23:17:39.598  9349  9349 V NearbyFragment: Transfer to jKt9: 41%
06-28 23:17:39.608  9349  9349 V NearbyFragment: Transfer to jKt9: 41%
06-28 23:17:39.616  9349  9349 V NearbyFragment: Transfer to jKt9: 41%
06-28 23:17:39.618  9349  9349 V NearbyFragment: Transfer to jKt9: 41%
06-28 23:17:39.633  9349  9349 V NearbyFragment: Transfer to jKt9: 41%
06-28 23:17:39.638  9349  9349 V NearbyFragment: Transfer to jKt9: 41%
06-28 23:17:39.643  9349  9349 V NearbyFragment: Transfer to jKt9: 41%
06-28 23:17:39.649  9349  9349 V NearbyFragment: Transfer to jKt9: 41%
