07-05 22:36:39.277 17082 17811 V FfmpegTools: Retrieving duration of /storage/emulated/0/Download/Nearby/20200312_193828!003.mp4
07-05 22:36:39.344 17082 17811 W Summariser: Summarisation completed
07-05 22:36:39.344 17082 17811 W Summariser:   filename: 20200312_193828!003.mp4
07-05 22:36:39.344 17082 17811 W Summariser:   active sections: 0
07-05 22:36:39.344 17082 17811 W Summariser:   time: 04.236s
07-05 22:36:39.344 17082 17811 W Summariser:   original duration: 12.01
07-05 22:36:39.344 17082 17811 W Summariser:   summarised duration: -1.00
07-05 22:36:39.344 17082 17811 W Summariser:   noise tolerance: 45.00
07-05 22:36:39.344 17082 17811 W Summariser:   quality: 23
07-05 22:36:39.344 17082 17811 W Summariser:   speed: medium
07-05 22:36:39.344 17082 17811 W Summariser:   freeze duration: 1.00
07-05 22:36:39.347 17082 17811 V ProcessingVideosEventHandler: onRemove
07-05 22:36:39.363 17082 17082 V NearbyFragment: Transfer to Endpoint{id=njPJ, name=Galaxy S8 [2802]} complete
07-05 22:36:39.392 17082 17094 D SummariserIntentService: Scanned /storage/emulated/0/Movies/summarised
07-05 22:36:39.392 17082 17094 D SummariserIntentService:   -> uri=content://media/external/file/8207
07-05 22:36:46.716 17082 17082 D NearbyFragment: onPayloadReceived(endpointId=njPJ, payload=com.google.android.gms.nearby.connection.Payload@7b83455)
07-05 22:36:46.718 17082 17082 V NearbyFragment: Started downloading SUMMARISE_SEGMENT:-8724217137885483072:20200312_193928!000.mp4:45.0_1.0_23_medium from Endpoint{id=njPJ, name=Galaxy S8 [2802]}
07-05 22:36:46.912 17082 17082 D NearbyFragment: onPayloadReceived(endpointId=njPJ, payload=com.google.android.gms.nearby.connection.Payload@81e5e6a)
07-05 22:36:46.920 17082 17082 V NearbyFragment: Transfer to Endpoint{id=njPJ, name=Galaxy S8 [2802]} complete
07-05 22:36:51.087 17082 17082 V NearbyFragment: Transfer to Endpoint{id=njPJ, name=Galaxy S8 [2802]} complete
07-05 22:36:51.088 17082 17082 W NearbyFragment: Completed downloading 20200312_193928!000.mp4 from Endpoint{id=njPJ, name=Galaxy S8 [2802]} in 04.369s
07-05 22:36:51.098 17082 17082 V FileManager: External storage is readable
07-05 22:36:51.099 17082 17082 V FileManager: Created new directory: /storage/emulated/0/Movies/segment-sum/20200312_193928
07-05 22:36:51.099 17082 17082 D NearbyFragment: Summarising 20200312_193928!000.mp4
07-05 22:36:51.099 17082 17082 V VideoManager: Retrieving video from /storage/emulated/0/Download/Nearby/20200312_193928!000.mp4
07-05 22:36:51.109 17082 17082 V VideoManager: videoFromCursor
07-05 22:36:51.113 17082 17082 V ProcessingVideosEventHandler: onAdd
07-05 22:36:51.113 17082 17082 V RawFootageEventHandler: onRemove
07-05 22:36:51.119 17082 17082 V NearbyFragment: Transfer to Endpoint{id=njPJ, name=Galaxy S8 [2802]} complete
07-05 22:36:51.127 17082 17830 V SummariserIntentService: onHandleIntent
07-05 22:36:51.127 17082 17830 D SummariserIntentService: Video{id='8301', data='/storage/emulated/0/Download/Nearby/20200312_193928!000.mp4', name='20200312_193928!000.mp4', size=17599188, visible=true, mimeType='video/mp4'}
07-05 22:36:51.127 17082 17830 D SummariserIntentService: /storage/emulated/0/Movies/segment-sum/20200312_193928/20200312_193928!000.mp4
07-05 22:36:51.129 17082 17830 I FfmpegTools: Running ffmpeg with:
07-05 22:36:51.129 17082 17830 I FfmpegTools:   -y -i /storage/emulated/0/Download/Nearby/20200312_193928!000.mp4 -vf freezedetect=n=-45.000000dB:d=1.000000,metadata=mode=print:file=/storage/emulated/0/Movies/raw/20200312_193928!000.txt -f null -
07-05 22:36:51.141 17082 17082 D NearbyFragment: onPayloadReceived(endpointId=njPJ, payload=com.google.android.gms.nearby.connection.Payload@61ee637)
07-05 22:36:51.141 17082 17082 V NearbyFragment: Started downloading SUMMARISE_SEGMENT:-6378003712049047362:20200312_193928!001.mp4:45.0_1.0_23_medium from Endpoint{id=njPJ, name=Galaxy S8 [2802]}
07-05 22:36:51.143 17082 17082 V NearbyFragment: Transfer to Endpoint{id=njPJ, name=Galaxy S8 [2802]} complete
07-05 22:36:51.155 17082 17082 D NearbyFragment: onPayloadReceived(endpointId=njPJ, payload=com.google.android.gms.nearby.connection.Payload@ad6f7a4)
07-05 22:36:51.265 17082 17349 W mobile-ffmpeg: [graph 0 input from stream 0:0 @ 0x7a20e2c200] sws_param option is deprecated and ignored
07-05 22:36:56.038 17082 17082 V NearbyFragment: Transfer to Endpoint{id=njPJ, name=Galaxy S8 [2802]} complete
07-05 22:36:56.038 17082 17082 W NearbyFragment: Completed downloading 20200312_193928!001.mp4 from Endpoint{id=njPJ, name=Galaxy S8 [2802]} in 04.896s
07-05 22:36:56.049 17082 17082 V FileManager: External storage is readable
07-05 22:36:56.049 17082 17082 V FileManager: Directory already exists: /storage/emulated/0/Movies/segment-sum/20200312_193928
07-05 22:36:56.050 17082 17082 D NearbyFragment: Summarising 20200312_193928!001.mp4
07-05 22:36:56.050 17082 17082 V VideoManager: Retrieving video from /storage/emulated/0/Download/Nearby/20200312_193928!001.mp4
07-05 22:36:56.062 17082 17082 V VideoManager: videoFromCursor
07-05 22:36:56.066 17082 17082 V ProcessingVideosEventHandler: onAdd
07-05 22:36:56.066 17082 17082 V RawFootageEventHandler: onRemove
07-05 22:36:56.107 17082 17082 V NearbyFragment: Transfer to Endpoint{id=njPJ, name=Galaxy S8 [2802]} complete
07-05 22:36:56.115 17082 17082 D NearbyFragment: onPayloadReceived(endpointId=njPJ, payload=com.google.android.gms.nearby.connection.Payload@95dea10)
07-05 22:36:56.116 17082 17082 V NearbyFragment: Started downloading SUMMARISE_SEGMENT:-5047184419899095298:20200312_193928!002.mp4:45.0_1.0_23_medium from Endpoint{id=njPJ, name=Galaxy S8 [2802]}
07-05 22:36:56.131 17082 17082 V NearbyFragment: Transfer to Endpoint{id=njPJ, name=Galaxy S8 [2802]} complete
07-05 22:36:56.205 17082 17082 D NearbyFragment: onPayloadReceived(endpointId=njPJ, payload=com.google.android.gms.nearby.connection.Payload@2adb909)
07-05 22:36:57.519 17082 17830 W Summariser: No activity detected
07-05 22:36:57.521 17082 17830 V FfmpegTools: Retrieving duration of /storage/emulated/0/Download/Nearby/20200312_193928!000.mp4
07-05 22:36:57.595 17082 17830 W Summariser: Summarisation completed
07-05 22:36:57.595 17082 17830 W Summariser:   filename: 20200312_193928!000.mp4
07-05 22:36:57.595 17082 17830 W Summariser:   active sections: 0
07-05 22:36:57.595 17082 17830 W Summariser:   time: 06.392s
07-05 22:36:57.595 17082 17830 W Summariser:   original duration: 16.90
07-05 22:36:57.595 17082 17830 W Summariser:   summarised duration: -1.00
07-05 22:36:57.595 17082 17830 W Summariser:   noise tolerance: 45.00
07-05 22:36:57.595 17082 17830 W Summariser:   quality: 23
07-05 22:36:57.595 17082 17830 W Summariser:   speed: medium
07-05 22:36:57.595 17082 17830 W Summariser:   freeze duration: 1.00
07-05 22:36:57.597 17082 17830 V ProcessingVideosEventHandler: onRemove
07-05 22:36:57.603 17082 17830 V SummariserIntentService: onHandleIntent
07-05 22:36:57.604 17082 17830 D SummariserIntentService: Video{id='8302', data='/storage/emulated/0/Download/Nearby/20200312_193928!001.mp4', name='20200312_193928!001.mp4', size=16838735, visible=true, mimeType='video/mp4'}
07-05 22:36:57.604 17082 17830 D SummariserIntentService: /storage/emulated/0/Movies/segment-sum/20200312_193928/20200312_193928!001.mp4
07-05 22:36:57.606 17082 17830 I FfmpegTools: Running ffmpeg with:
07-05 22:36:57.606 17082 17830 I FfmpegTools:   -y -i /storage/emulated/0/Download/Nearby/20200312_193928!001.mp4 -vf freezedetect=n=-45.000000dB:d=1.000000,metadata=mode=print:file=/storage/emulated/0/Movies/raw/20200312_193928!001.txt -f null -
07-05 22:36:57.618 17082 17082 V NearbyFragment: Transfer to Endpoint{id=njPJ, name=Galaxy S8 [2802]} complete
07-05 22:36:57.643 17082 17094 D SummariserIntentService: Scanned /storage/emulated/0/Movies/summarised
07-05 22:36:57.643 17082 17094 D SummariserIntentService:   -> uri=content://media/external/file/8207
07-05 22:36:57.794 17082 17349 W mobile-ffmpeg: [graph 0 input from stream 0:0 @ 0x7a20e2bb40] sws_param option is deprecated and ignored
07-05 22:36:58.000 17082 17082 D NearbyFragment: onPayloadReceived(endpointId=njPJ, payload=com.google.android.gms.nearby.connection.Payload@6efdcc5)
07-05 22:36:58.001 17082 17082 V NearbyFragment: Started downloading SUMMARISE_SEGMENT:-6592550491740714869:20200312_193928!003.mp4:45.0_1.0_23_medium from Endpoint{id=njPJ, name=Galaxy S8 [2802]}
07-05 22:36:58.003 17082 17082 V NearbyFragment: Transfer to Endpoint{id=njPJ, name=Galaxy S8 [2802]} complete
07-05 22:37:01.010 17082 17082 V NearbyFragment: Transfer to Endpoint{id=njPJ, name=Galaxy S8 [2802]} complete
07-05 22:37:01.011 17082 17082 W NearbyFragment: Completed downloading 20200312_193928!002.mp4 from Endpoint{id=njPJ, name=Galaxy S8 [2802]} in 04.894s
07-05 22:37:01.020 17082 17082 V FileManager: External storage is readable
07-05 22:37:01.020 17082 17082 V FileManager: Directory already exists: /storage/emulated/0/Movies/segment-sum/20200312_193928
07-05 22:37:01.020 17082 17082 D NearbyFragment: Summarising 20200312_193928!002.mp4
07-05 22:37:01.021 17082 17082 V VideoManager: Retrieving video from /storage/emulated/0/Download/Nearby/20200312_193928!002.mp4
07-05 22:37:01.038 17082 17082 V VideoManager: videoFromCursor
07-05 22:37:01.044 17082 17082 V ProcessingVideosEventHandler: onAdd
07-05 22:37:01.044 17082 17082 V RawFootageEventHandler: onRemove
07-05 22:37:01.064 17082 17082 D NearbyFragment: onPayloadReceived(endpointId=njPJ, payload=com.google.android.gms.nearby.connection.Payload@d768041)
07-05 22:37:01.082 17082 17082 V NearbyFragment: Transfer to Endpoint{id=njPJ, name=Galaxy S8 [2802]} complete
07-05 22:37:04.194 17082 17830 W Summariser: No activity detected
07-05 22:37:04.196 17082 17830 V FfmpegTools: Retrieving duration of /storage/emulated/0/Download/Nearby/20200312_193928!001.mp4
07-05 22:37:04.229 17082 17082 V NearbyFragment: Transfer to Endpoint{id=njPJ, name=Galaxy S8 [2802]} complete
07-05 22:37:04.230 17082 17082 W NearbyFragment: Completed downloading 20200312_193928!003.mp4 from Endpoint{id=njPJ, name=Galaxy S8 [2802]} in 06.228s
07-05 22:37:04.236 17082 17082 V FileManager: External storage is readable
07-05 22:37:04.237 17082 17082 V FileManager: Directory already exists: /storage/emulated/0/Movies/segment-sum/20200312_193928
07-05 22:37:04.237 17082 17082 D NearbyFragment: Summarising 20200312_193928!003.mp4
07-05 22:37:04.237 17082 17082 V VideoManager: Retrieving video from /storage/emulated/0/Download/Nearby/20200312_193928!003.mp4
07-05 22:37:04.246 17082 17082 V VideoManager: videoFromCursor
07-05 22:37:04.249 17082 17082 V ProcessingVideosEventHandler: onAdd
07-05 22:37:04.250 17082 17082 V RawFootageEventHandler: onRemove
07-05 22:37:04.270 17082 17082 V NearbyFragment: Transfer to Endpoint{id=njPJ, name=Galaxy S8 [2802]} complete
07-05 22:37:04.311 17082 17830 W Summariser: Summarisation completed
07-05 22:37:04.311 17082 17830 W Summariser:   filename: 20200312_193928!001.mp4
07-05 22:37:04.311 17082 17830 W Summariser:   active sections: 0
07-05 22:37:04.311 17082 17830 W Summariser:   time: 06.590s
07-05 22:37:04.311 17082 17830 W Summariser:   original duration: 16.05
07-05 22:37:04.311 17082 17830 W Summariser:   summarised duration: -1.00
07-05 22:37:04.311 17082 17830 W Summariser:   noise tolerance: 45.00
07-05 22:37:04.311 17082 17830 W Summariser:   quality: 23
07-05 22:37:04.311 17082 17830 W Summariser:   speed: medium
07-05 22:37:04.311 17082 17830 W Summariser:   freeze duration: 1.00
07-05 22:37:04.312 17082 17830 V ProcessingVideosEventHandler: onRemove
07-05 22:37:04.320 17082 17830 V SummariserIntentService: onHandleIntent
07-05 22:37:04.321 17082 17830 D SummariserIntentService: Video{id='8303', data='/storage/emulated/0/Download/Nearby/20200312_193928!002.mp4', name='20200312_193928!002.mp4', size=16869633, visible=true, mimeType='video/mp4'}
07-05 22:37:04.321 17082 17830 D SummariserIntentService: /storage/emulated/0/Movies/segment-sum/20200312_193928/20200312_193928!002.mp4
07-05 22:37:04.323 17082 17830 I FfmpegTools: Running ffmpeg with:
07-05 22:37:04.323 17082 17830 I FfmpegTools:   -y -i /storage/emulated/0/Download/Nearby/20200312_193928!002.mp4 -vf freezedetect=n=-45.000000dB:d=1.000000,metadata=mode=print:file=/storage/emulated/0/Movies/raw/20200312_193928!002.txt -f null -
07-05 22:37:04.337 17082 17082 V NearbyFragment: Transfer to Endpoint{id=njPJ, name=Galaxy S8 [2802]} complete
07-05 22:37:04.361 17082 17095 D SummariserIntentService: Scanned /storage/emulated/0/Movies/summarised
07-05 22:37:04.361 17082 17095 D SummariserIntentService:   -> uri=content://media/external/file/8207
07-05 22:37:04.438 17082 17349 W mobile-ffmpeg: [graph 0 input from stream 0:0 @ 0x7a20e2bb40] sws_param option is deprecated and ignored
07-05 22:37:09.946 17082 17830 W Summariser: No activity detected
07-05 22:37:09.947 17082 17830 V FfmpegTools: Retrieving duration of /storage/emulated/0/Download/Nearby/20200312_193928!002.mp4
07-05 22:37:10.014 17082 17830 W Summariser: Summarisation completed
07-05 22:37:10.014 17082 17830 W Summariser:   filename: 20200312_193928!002.mp4
07-05 22:37:10.014 17082 17830 W Summariser:   active sections: 0
07-05 22:37:10.014 17082 17830 W Summariser:   time: 05.626s
07-05 22:37:10.014 17082 17830 W Summariser:   original duration: 16.06
07-05 22:37:10.014 17082 17830 W Summariser:   summarised duration: -1.00
07-05 22:37:10.014 17082 17830 W Summariser:   noise tolerance: 45.00
07-05 22:37:10.014 17082 17830 W Summariser:   quality: 23
07-05 22:37:10.014 17082 17830 W Summariser:   speed: medium
07-05 22:37:10.014 17082 17830 W Summariser:   freeze duration: 1.00
07-05 22:37:10.016 17082 17830 V ProcessingVideosEventHandler: onRemove
07-05 22:37:10.024 17082 17830 V SummariserIntentService: onHandleIntent
07-05 22:37:10.025 17082 17830 D SummariserIntentService: Video{id='8304', data='/storage/emulated/0/Download/Nearby/20200312_193928!003.mp4', name='20200312_193928!003.mp4', size=12686780, visible=true, mimeType='video/mp4'}
07-05 22:37:10.025 17082 17830 D SummariserIntentService: /storage/emulated/0/Movies/segment-sum/20200312_193928/20200312_193928!003.mp4
07-05 22:37:10.031 17082 17830 I FfmpegTools: Running ffmpeg with:
07-05 22:37:10.031 17082 17830 I FfmpegTools:   -y -i /storage/emulated/0/Download/Nearby/20200312_193928!003.mp4 -vf freezedetect=n=-45.000000dB:d=1.000000,metadata=mode=print:file=/storage/emulated/0/Movies/raw/20200312_193928!003.txt -f null -
07-05 22:37:10.035 17082 17082 V NearbyFragment: Transfer to Endpoint{id=njPJ, name=Galaxy S8 [2802]} complete
07-05 22:37:10.059 17082 17105 D SummariserIntentService: Scanned /storage/emulated/0/Movies/summarised
07-05 22:37:10.059 17082 17105 D SummariserIntentService:   -> uri=content://media/external/file/8207
07-05 22:37:10.175 17082 17349 W mobile-ffmpeg: [graph 0 input from stream 0:0 @ 0x7a20e2bb40] sws_param option is deprecated and ignored
07-05 22:37:13.620 17082 17082 D NearbyFragment: onPayloadReceived(endpointId=njPJ, payload=com.google.android.gms.nearby.connection.Payload@e78f81f)
07-05 22:37:13.620 17082 17082 V NearbyFragment: Started downloading SUMMARISE_SEGMENT:-9209796755176943211:20200312_194129!000.mp4:45.0_1.0_23_medium from Endpoint{id=njPJ, name=Galaxy S8 [2802]}
07-05 22:37:13.625 17082 17082 V NearbyFragment: Transfer to Endpoint{id=njPJ, name=Galaxy S8 [2802]} complete
07-05 22:37:13.701 17082 17082 D NearbyFragment: onPayloadReceived(endpointId=njPJ, payload=com.google.android.gms.nearby.connection.Payload@c15476c)
07-05 22:37:14.401 17082 17830 W Summariser: No activity detected
07-05 22:37:14.403 17082 17830 V FfmpegTools: Retrieving duration of /storage/emulated/0/Download/Nearby/20200312_193928!003.mp4
07-05 22:37:14.523 17082 17830 W Summariser: Summarisation completed
07-05 22:37:14.523 17082 17830 W Summariser:   filename: 20200312_193928!003.mp4
07-05 22:37:14.523 17082 17830 W Summariser:   active sections: 0
07-05 22:37:14.523 17082 17830 W Summariser:   time: 04.377s
07-05 22:37:14.523 17082 17830 W Summariser:   original duration: 12.01
07-05 22:37:14.523 17082 17830 W Summariser:   summarised duration: -1.00
07-05 22:37:14.523 17082 17830 W Summariser:   noise tolerance: 45.00
07-05 22:37:14.523 17082 17830 W Summariser:   quality: 23
07-05 22:37:14.523 17082 17830 W Summariser:   speed: medium
07-05 22:37:14.523 17082 17830 W Summariser:   freeze duration: 1.00
07-05 22:37:14.524 17082 17830 V ProcessingVideosEventHandler: onRemove
07-05 22:37:14.551 17082 17082 V NearbyFragment: Transfer to Endpoint{id=njPJ, name=Galaxy S8 [2802]} complete
07-05 22:37:14.577 17082 17094 D SummariserIntentService: Scanned /storage/emulated/0/Movies/summarised
07-05 22:37:14.577 17082 17094 D SummariserIntentService:   -> uri=content://media/external/file/8207
07-05 22:37:14.977 17082 17082 D NearbyFragment: onPayloadReceived(endpointId=njPJ, payload=com.google.android.gms.nearby.connection.Payload@9befbb1)
07-05 22:37:14.977 17082 17082 V NearbyFragment: Started downloading SUMMARISE_SEGMENT:-7625756837863630686:20200312_194129!001.mp4:45.0_1.0_23_medium from Endpoint{id=njPJ, name=Galaxy S8 [2802]}
07-05 22:37:14.979 17082 17082 V NearbyFragment: Transfer to Endpoint{id=njPJ, name=Galaxy S8 [2802]} complete
07-05 22:37:16.973 17082 17082 V NearbyFragment: Transfer to Endpoint{id=njPJ, name=Galaxy S8 [2802]} complete
07-05 22:37:16.974 17082 17082 W NearbyFragment: Completed downloading 20200312_194129!000.mp4 from Endpoint{id=njPJ, name=Galaxy S8 [2802]} in 03.352s
07-05 22:37:16.982 17082 17082 V FileManager: External storage is readable
07-05 22:37:16.983 17082 17082 V FileManager: Created new directory: /storage/emulated/0/Movies/segment-sum/20200312_194129
07-05 22:37:16.983 17082 17082 D NearbyFragment: Summarising 20200312_194129!000.mp4
07-05 22:37:16.983 17082 17082 V VideoManager: Retrieving video from /storage/emulated/0/Download/Nearby/20200312_194129!000.mp4
07-05 22:37:16.995 17082 17082 V VideoManager: videoFromCursor
07-05 22:37:16.998 17082 17082 V ProcessingVideosEventHandler: onAdd
07-05 22:37:16.999 17082 17082 V RawFootageEventHandler: onRemove
07-05 22:37:17.007 17082 17082 D NearbyFragment: onPayloadReceived(endpointId=njPJ, payload=com.google.android.gms.nearby.connection.Payload@14f1804)
07-05 22:37:17.015 17082 17896 V SummariserIntentService: onHandleIntent
07-05 22:37:17.016 17082 17896 D SummariserIntentService: Video{id='8305', data='/storage/emulated/0/Download/Nearby/20200312_194129!000.mp4', name='20200312_194129!000.mp4', size=16878473, visible=true, mimeType='video/mp4'}
07-05 22:37:17.016 17082 17896 D SummariserIntentService: /storage/emulated/0/Movies/segment-sum/20200312_194129/20200312_194129!000.mp4
07-05 22:37:17.017 17082 17082 V NearbyFragment: Transfer to Endpoint{id=njPJ, name=Galaxy S8 [2802]} complete
07-05 22:37:17.018 17082 17896 I FfmpegTools: Running ffmpeg with:
07-05 22:37:17.018 17082 17896 I FfmpegTools:   -y -i /storage/emulated/0/Download/Nearby/20200312_194129!000.mp4 -vf freezedetect=n=-45.000000dB:d=1.000000,metadata=mode=print:file=/storage/emulated/0/Movies/raw/20200312_194129!000.txt -f null -
07-05 22:37:17.122 17082 17349 W mobile-ffmpeg: [graph 0 input from stream 0:0 @ 0x7a20e2bfc0] sws_param option is deprecated and ignored
07-05 22:37:17.614 17082 17082 D NearbyFragment: onPayloadReceived(endpointId=njPJ, payload=com.google.android.gms.nearby.connection.Payload@1a7b070)
07-05 22:37:17.615 17082 17082 V NearbyFragment: Started downloading SUMMARISE_SEGMENT:-8823048056779780668:20200312_194129!002.mp4:45.0_1.0_23_medium from Endpoint{id=njPJ, name=Galaxy S8 [2802]}
07-05 22:37:17.653 17082 17082 V NearbyFragment: Transfer to Endpoint{id=njPJ, name=Galaxy S8 [2802]} complete
07-05 22:37:22.905 17082 17082 V NearbyFragment: Transfer to Endpoint{id=njPJ, name=Galaxy S8 [2802]} complete
07-05 22:37:22.906 17082 17082 W NearbyFragment: Completed downloading 20200312_194129!001.mp4 from Endpoint{id=njPJ, name=Galaxy S8 [2802]} in 07.927s
07-05 22:37:22.916 17082 17082 V FileManager: External storage is readable
07-05 22:37:22.916 17082 17082 V FileManager: Directory already exists: /storage/emulated/0/Movies/segment-sum/20200312_194129
07-05 22:37:22.916 17082 17082 D NearbyFragment: Summarising 20200312_194129!001.mp4
07-05 22:37:22.917 17082 17082 V VideoManager: Retrieving video from /storage/emulated/0/Download/Nearby/20200312_194129!001.mp4
07-05 22:37:22.927 17082 17082 V VideoManager: videoFromCursor
07-05 22:37:22.931 17082 17082 V ProcessingVideosEventHandler: onAdd
07-05 22:37:22.931 17082 17082 V RawFootageEventHandler: onRemove
07-05 22:37:22.935 17082 17082 V NearbyFragment: Transfer to Endpoint{id=njPJ, name=Galaxy S8 [2802]} complete
07-05 22:37:22.953 17082 17082 D NearbyFragment: onPayloadReceived(endpointId=njPJ, payload=com.google.android.gms.nearby.connection.Payload@5af639c)
07-05 22:37:23.560 17082 17896 W Summariser: No activity detected
07-05 22:37:23.561 17082 17896 V FfmpegTools: Retrieving duration of /storage/emulated/0/Download/Nearby/20200312_194129!000.mp4
07-05 22:37:23.628 17082 17896 W Summariser: Summarisation completed
07-05 22:37:23.628 17082 17896 W Summariser:   filename: 20200312_194129!000.mp4
07-05 22:37:23.628 17082 17896 W Summariser:   active sections: 0
07-05 22:37:23.628 17082 17896 W Summariser:   time: 06.544s
07-05 22:37:23.628 17082 17896 W Summariser:   original duration: 16.07
07-05 22:37:23.628 17082 17896 W Summariser:   summarised duration: -1.00
07-05 22:37:23.628 17082 17896 W Summariser:   noise tolerance: 45.00
07-05 22:37:23.628 17082 17896 W Summariser:   quality: 23
07-05 22:37:23.628 17082 17896 W Summariser:   speed: medium
07-05 22:37:23.628 17082 17896 W Summariser:   freeze duration: 1.00
07-05 22:37:23.630 17082 17896 V ProcessingVideosEventHandler: onRemove
07-05 22:37:23.643 17082 17896 V SummariserIntentService: onHandleIntent
07-05 22:37:23.644 17082 17896 D SummariserIntentService: Video{id='8306', data='/storage/emulated/0/Download/Nearby/20200312_194129!001.mp4', name='20200312_194129!001.mp4', size=16870868, visible=true, mimeType='video/mp4'}
07-05 22:37:23.644 17082 17896 D SummariserIntentService: /storage/emulated/0/Movies/segment-sum/20200312_194129/20200312_194129!001.mp4
07-05 22:37:23.647 17082 17896 I FfmpegTools: Running ffmpeg with:
07-05 22:37:23.647 17082 17896 I FfmpegTools:   -y -i /storage/emulated/0/Download/Nearby/20200312_194129!001.mp4 -vf freezedetect=n=-45.000000dB:d=1.000000,metadata=mode=print:file=/storage/emulated/0/Movies/raw/20200312_194129!001.txt -f null -
07-05 22:37:23.653 17082 17082 V NearbyFragment: Transfer to Endpoint{id=njPJ, name=Galaxy S8 [2802]} complete
07-05 22:37:23.816 17082 17349 W mobile-ffmpeg: [graph 0 input from stream 0:0 @ 0x7a20e2b840] sws_param option is deprecated and ignored
07-05 22:37:23.824 17082 17094 D SummariserIntentService: Scanned /storage/emulated/0/Movies/summarised
07-05 22:37:23.824 17082 17094 D SummariserIntentService:   -> uri=content://media/external/file/8207
07-05 22:37:27.031 17082 17082 V NearbyFragment: Transfer to Endpoint{id=njPJ, name=Galaxy S8 [2802]} complete
07-05 22:37:27.031 17082 17082 W NearbyFragment: Completed downloading 20200312_194129!002.mp4 from Endpoint{id=njPJ, name=Galaxy S8 [2802]} in 09.416s
07-05 22:37:27.039 17082 17082 V FileManager: External storage is readable
07-05 22:37:27.040 17082 17082 V FileManager: Directory already exists: /storage/emulated/0/Movies/segment-sum/20200312_194129
07-05 22:37:27.040 17082 17082 D NearbyFragment: Summarising 20200312_194129!002.mp4
07-05 22:37:27.040 17082 17082 V VideoManager: Retrieving video from /storage/emulated/0/Download/Nearby/20200312_194129!002.mp4
07-05 22:37:27.054 17082 17082 V VideoManager: videoFromCursor
07-05 22:37:27.063 17082 17082 V ProcessingVideosEventHandler: onAdd
07-05 22:37:27.063 17082 17082 V RawFootageEventHandler: onRemove
07-05 22:37:27.068 17082 17082 V NearbyFragment: Transfer to Endpoint{id=njPJ, name=Galaxy S8 [2802]} complete
07-05 22:37:29.847 17082 17896 V FfmpegTools: Retrieving duration of /storage/emulated/0/Download/Nearby/20200312_194129!001.mp4
07-05 22:37:29.954 17082 17896 W Summariser: 1 active sections found
07-05 22:37:29.955 17082 17896 I FfmpegTools: Running ffmpeg with:
07-05 22:37:29.955 17082 17896 I FfmpegTools:   -y -i /storage/emulated/0/Download/Nearby/20200312_194129!001.mp4 -filter_complex [0:v]trim=13.112000:16.020000,setpts=PTS-STARTPTS[v0];[0:a]atrim=13.112000:16.020000,asetpts=PTS-STARTPTS[a0];[v0][a0]concat=n=1:v=1:a=1[outv][outa] -map [outv] -map [outa] -crf 23 -preset medium /storage/emulated/0/Movies/segment-sum/20200312_194129/20200312_194129!001.mp4
07-05 22:37:30.121 17082 17349 W mobile-ffmpeg: [graph 0 input from stream 0:0 @ 0x7a20e2b780] sws_param option is deprecated and ignored
07-05 22:37:40.759 17082 17082 D NearbyFragment: onPayloadReceived(endpointId=njPJ, payload=com.google.android.gms.nearby.connection.Payload@bb1e907)
07-05 22:37:40.760 17082 17082 V NearbyFragment: Started downloading SUMMARISE_SEGMENT:-5165615564982273957:20200312_194229!000.mp4:45.0_1.0_23_medium from Endpoint{id=njPJ, name=Galaxy S8 [2802]}
07-05 22:37:40.769 17082 17082 V NearbyFragment: Transfer to Endpoint{id=njPJ, name=Galaxy S8 [2802]} complete
07-05 22:37:40.800 17082 17082 D NearbyFragment: onPayloadReceived(endpointId=njPJ, payload=com.google.android.gms.nearby.connection.Payload@22a8a34)
07-05 22:37:43.908 17082 17082 V NearbyFragment: Transfer to Endpoint{id=njPJ, name=Galaxy S8 [2802]} complete
07-05 22:37:43.908 17082 17082 W NearbyFragment: Completed downloading 20200312_194229!000.mp4 from Endpoint{id=njPJ, name=Galaxy S8 [2802]} in 03.148s
07-05 22:37:43.921 17082 17082 V FileManager: External storage is readable
07-05 22:37:43.923 17082 17082 V FileManager: Created new directory: /storage/emulated/0/Movies/segment-sum/20200312_194229
07-05 22:37:43.924 17082 17082 D NearbyFragment: Summarising 20200312_194229!000.mp4
07-05 22:37:43.924 17082 17082 V VideoManager: Retrieving video from /storage/emulated/0/Download/Nearby/20200312_194229!000.mp4
07-05 22:37:43.935 17082 17082 V VideoManager: videoFromCursor
07-05 22:37:43.938 17082 17082 V ProcessingVideosEventHandler: onAdd
07-05 22:37:43.938 17082 17082 V RawFootageEventHandler: onRemove
07-05 22:37:43.949 17082 17082 V NearbyFragment: Transfer to Endpoint{id=njPJ, name=Galaxy S8 [2802]} complete
07-05 22:37:45.028 17082 17896 V FfmpegTools: Retrieving duration of /storage/emulated/0/Download/Nearby/20200312_194129!001.mp4
07-05 22:37:45.140 17082 17896 V FfmpegTools: Retrieving duration of /storage/emulated/0/Movies/segment-sum/20200312_194129/20200312_194129!001.mp4
07-05 22:37:45.200 17082 17896 W Summariser: Summarisation completed
07-05 22:37:45.200 17082 17896 W Summariser:   filename: 20200312_194129!001.mp4
07-05 22:37:45.200 17082 17896 W Summariser:   active sections: 1
07-05 22:37:45.200 17082 17896 W Summariser:   time: 21.382s
07-05 22:37:45.200 17082 17896 W Summariser:   original duration: 16.02
07-05 22:37:45.200 17082 17896 W Summariser:   summarised duration: 2.97
07-05 22:37:45.200 17082 17896 W Summariser:   noise tolerance: 45.00
07-05 22:37:45.200 17082 17896 W Summariser:   quality: 23
07-05 22:37:45.200 17082 17896 W Summariser:   speed: medium
07-05 22:37:45.200 17082 17896 W Summariser:   freeze duration: 1.00
07-05 22:37:45.201 17082 17896 V VideoManager: Retrieving video from /storage/emulated/0/Movies/segment-sum/20200312_194129/20200312_194129!001.mp4
07-05 22:37:45.213 17082 17896 V VideoManager: videoFromCursor
07-05 22:37:45.219 17082 17896 W NearbyFragment: Sending 20200312_194129!001.mp4 to Galaxy S8 [2802]
07-05 22:37:45.223 17082 17896 V ProcessingVideosEventHandler: onRemove
07-05 22:37:45.231 17082 17896 V SummariserIntentService: onHandleIntent
07-05 22:37:45.233 17082 17896 D SummariserIntentService: Video{id='8307', data='/storage/emulated/0/Download/Nearby/20200312_194129!002.mp4', name='20200312_194129!002.mp4', size=16799769, visible=true, mimeType='video/mp4'}
07-05 22:37:45.233 17082 17896 D SummariserIntentService: /storage/emulated/0/Movies/segment-sum/20200312_194129/20200312_194129!002.mp4
07-05 22:37:45.235 17082 17896 I FfmpegTools: Running ffmpeg with:
07-05 22:37:45.235 17082 17896 I FfmpegTools:   -y -i /storage/emulated/0/Download/Nearby/20200312_194129!002.mp4 -vf freezedetect=n=-45.000000dB:d=1.000000,metadata=mode=print:file=/storage/emulated/0/Movies/raw/20200312_194129!002.txt -f null -
07-05 22:37:45.251 17082 17082 V NearbyFragment: Transfer to Endpoint{id=njPJ, name=Galaxy S8 [2802]} complete
07-05 22:37:45.276 17082 17082 V NearbyFragment: Transfer to Endpoint{id=njPJ, name=Galaxy S8 [2802]} complete
07-05 22:37:45.281 17082 17105 D SummariserIntentService: Scanned /storage/emulated/0/Movies/summarised
07-05 22:37:45.281 17082 17105 D SummariserIntentService:   -> uri=content://media/external/file/8207
07-05 22:37:45.429 17082 17349 W mobile-ffmpeg: [graph 0 input from stream 0:0 @ 0x7a20e2be40] sws_param option is deprecated and ignored
07-05 22:37:50.142 17082 17082 D NearbyFragment: onPayloadReceived(endpointId=njPJ, payload=com.google.android.gms.nearby.connection.Payload@de0ebcc)
07-05 22:37:50.143 17082 17082 V NearbyFragment: Started downloading SUMMARISE_SEGMENT:-8157407221738470250:20200312_194229!003.mp4:45.0_1.0_23_medium from Endpoint{id=njPJ, name=Galaxy S8 [2802]}
07-05 22:37:50.151 17082 17082 V NearbyFragment: Transfer to Endpoint{id=njPJ, name=Galaxy S8 [2802]} complete
07-05 22:37:51.214 17082 17896 W Summariser: 1 active sections found
07-05 22:37:51.215 17082 17896 I FfmpegTools: Running ffmpeg with:
07-05 22:37:51.215 17082 17896 I FfmpegTools:   -y -i /storage/emulated/0/Download/Nearby/20200312_194129!002.mp4 -filter_complex [0:v]trim=0.000000:7.339000,setpts=PTS-STARTPTS[v0];[0:a]atrim=0.000000:7.339000,asetpts=PTS-STARTPTS[a0];[v0][a0]concat=n=1:v=1:a=1[outv][outa] -map [outv] -map [outa] -crf 23 -preset medium /storage/emulated/0/Movies/segment-sum/20200312_194129/20200312_194129!002.mp4
07-05 22:37:51.374 17082 17349 W mobile-ffmpeg: [graph 0 input from stream 0:0 @ 0x7a20e2b840] sws_param option is deprecated and ignored
07-05 22:37:58.026 17082 17082 D NearbyFragment: onPayloadReceived(endpointId=njPJ, payload=com.google.android.gms.nearby.connection.Payload@c64be15)
07-05 22:38:01.241 17082 17082 V NearbyFragment: Transfer to Endpoint{id=njPJ, name=Galaxy S8 [2802]} complete
07-05 22:38:01.242 17082 17082 W NearbyFragment: Completed downloading 20200312_194229!003.mp4 from Endpoint{id=njPJ, name=Galaxy S8 [2802]} in 11.098s
07-05 22:38:01.248 17082 17082 V FileManager: External storage is readable
07-05 22:38:01.249 17082 17082 V FileManager: Directory already exists: /storage/emulated/0/Movies/segment-sum/20200312_194229
07-05 22:38:01.249 17082 17082 D NearbyFragment: Summarising 20200312_194229!003.mp4
07-05 22:38:01.249 17082 17082 V VideoManager: Retrieving video from /storage/emulated/0/Download/Nearby/20200312_194229!003.mp4
07-05 22:38:01.265 17082 17082 V VideoManager: videoFromCursor
07-05 22:38:01.268 17082 17082 V ProcessingVideosEventHandler: onAdd
07-05 22:38:01.268 17082 17082 V RawFootageEventHandler: onRemove
07-05 22:38:01.280 17082 17082 V NearbyFragment: Transfer to Endpoint{id=njPJ, name=Galaxy S8 [2802]} complete
07-05 22:38:15.971 17082 17082 D NearbyFragment: onPayloadReceived(endpointId=njPJ, payload=com.google.android.gms.nearby.connection.Payload@de02691)
07-05 22:38:15.972 17082 17082 V NearbyFragment: Started downloading SUMMARISE_SEGMENT:-7970098731499806667:20200312_194330!001.mp4:45.0_1.0_23_medium from Endpoint{id=njPJ, name=Galaxy S8 [2802]}
07-05 22:38:15.993 17082 17082 V NearbyFragment: Transfer to Endpoint{id=njPJ, name=Galaxy S8 [2802]} complete
07-05 22:38:16.129 17082 17082 D NearbyFragment: onPayloadReceived(endpointId=njPJ, payload=com.google.android.gms.nearby.connection.Payload@956c9f6)
07-05 22:38:17.658 17082 17896 V FfmpegTools: Retrieving duration of /storage/emulated/0/Download/Nearby/20200312_194129!002.mp4
07-05 22:38:17.761 17082 17896 V FfmpegTools: Retrieving duration of /storage/emulated/0/Movies/segment-sum/20200312_194129/20200312_194129!002.mp4
07-05 22:38:17.811 17082 17896 W Summariser: Summarisation completed
07-05 22:38:17.811 17082 17896 W Summariser:   filename: 20200312_194129!002.mp4
07-05 22:38:17.811 17082 17896 W Summariser:   active sections: 1
07-05 22:38:17.811 17082 17896 W Summariser:   time: 32.424s
07-05 22:38:17.811 17082 17896 W Summariser:   original duration: 16.01
07-05 22:38:17.811 17082 17896 W Summariser:   summarised duration: 7.37
07-05 22:38:17.811 17082 17896 W Summariser:   noise tolerance: 45.00
07-05 22:38:17.811 17082 17896 W Summariser:   quality: 23
07-05 22:38:17.811 17082 17896 W Summariser:   speed: medium
07-05 22:38:17.811 17082 17896 W Summariser:   freeze duration: 1.00
07-05 22:38:17.811 17082 17896 V VideoManager: Retrieving video from /storage/emulated/0/Movies/segment-sum/20200312_194129/20200312_194129!002.mp4
07-05 22:38:17.820 17082 17896 V VideoManager: videoFromCursor
07-05 22:38:17.824 17082 17896 W NearbyFragment: Sending 20200312_194129!002.mp4 to Galaxy S8 [2802]
07-05 22:38:17.827 17082 17896 V ProcessingVideosEventHandler: onRemove
07-05 22:38:17.837 17082 17896 V SummariserIntentService: onHandleIntent
07-05 22:38:17.838 17082 17896 D SummariserIntentService: Video{id='8372', data='/storage/emulated/0/Download/Nearby/20200312_194229!000.mp4', name='20200312_194229!000.mp4', size=16971954, visible=true, mimeType='video/mp4'}
07-05 22:38:17.838 17082 17896 D SummariserIntentService: /storage/emulated/0/Movies/segment-sum/20200312_194229/20200312_194229!000.mp4
07-05 22:38:17.840 17082 17896 I FfmpegTools: Running ffmpeg with:
07-05 22:38:17.840 17082 17896 I FfmpegTools:   -y -i /storage/emulated/0/Download/Nearby/20200312_194229!000.mp4 -vf freezedetect=n=-45.000000dB:d=1.000000,metadata=mode=print:file=/storage/emulated/0/Movies/raw/20200312_194229!000.txt -f null -
07-05 22:38:17.843 17082 17082 V NearbyFragment: Transfer to Endpoint{id=njPJ, name=Galaxy S8 [2802]} complete
07-05 22:38:17.925 17082 17082 V NearbyFragment: Transfer to Endpoint{id=njPJ, name=Galaxy S8 [2802]} complete
07-05 22:38:17.925 17082 17094 D SummariserIntentService: Scanned /storage/emulated/0/Movies/summarised
07-05 22:38:17.925 17082 17094 D SummariserIntentService:   -> uri=content://media/external/file/8207
07-05 22:38:18.009 17082 17349 W mobile-ffmpeg: [graph 0 input from stream 0:0 @ 0x7a20e2be40] sws_param option is deprecated and ignored
07-05 22:38:18.393 17082 17082 D NearbyFragment: onPayloadReceived(endpointId=njPJ, payload=com.google.android.gms.nearby.connection.Payload@5dbe693)
07-05 22:38:18.394 17082 17082 V NearbyFragment: Started downloading SUMMARISE_SEGMENT:-7098242627800518915:20200312_194330!002.mp4:45.0_1.0_23_medium from Endpoint{id=njPJ, name=Galaxy S8 [2802]}
07-05 22:38:18.406 17082 17082 V NearbyFragment: Transfer to Endpoint{id=njPJ, name=Galaxy S8 [2802]} complete
07-05 22:38:24.408 17082 17896 V FfmpegTools: Retrieving duration of /storage/emulated/0/Download/Nearby/20200312_194229!000.mp4
07-05 22:38:24.487 17082 17896 W Summariser: 1 active sections found
07-05 22:38:24.488 17082 17896 I FfmpegTools: Running ffmpeg with:
07-05 22:38:24.488 17082 17896 I FfmpegTools:   -y -i /storage/emulated/0/Download/Nearby/20200312_194229!000.mp4 -filter_complex [0:v]trim=10.509000:16.060000,setpts=PTS-STARTPTS[v0];[0:a]atrim=10.509000:16.060000,asetpts=PTS-STARTPTS[a0];[v0][a0]concat=n=1:v=1:a=1[outv][outa] -map [outv] -map [outa] -crf 23 -preset medium /storage/emulated/0/Movies/segment-sum/20200312_194229/20200312_194229!000.mp4
07-05 22:38:24.637 17082 17349 W mobile-ffmpeg: [graph 0 input from stream 0:0 @ 0x7a20e2ba80] sws_param option is deprecated and ignored
07-05 22:38:25.264 17082 17082 V NearbyFragment: Transfer to Endpoint{id=njPJ, name=Galaxy S8 [2802]} complete
07-05 22:38:25.265 17082 17082 W NearbyFragment: Completed downloading 20200312_194330!001.mp4 from Endpoint{id=njPJ, name=Galaxy S8 [2802]} in 09.292s
07-05 22:38:25.271 17082 17082 V FileManager: External storage is readable
07-05 22:38:25.272 17082 17082 V FileManager: Created new directory: /storage/emulated/0/Movies/segment-sum/20200312_194330
07-05 22:38:25.272 17082 17082 D NearbyFragment: Summarising 20200312_194330!001.mp4
07-05 22:38:25.273 17082 17082 V VideoManager: Retrieving video from /storage/emulated/0/Download/Nearby/20200312_194330!001.mp4
07-05 22:38:25.285 17082 17082 V VideoManager: videoFromCursor
07-05 22:38:25.290 17082 17082 V ProcessingVideosEventHandler: onAdd
07-05 22:38:25.290 17082 17082 V RawFootageEventHandler: onRemove
07-05 22:38:25.321 17082 17082 D NearbyFragment: onPayloadReceived(endpointId=njPJ, payload=com.google.android.gms.nearby.connection.Payload@2d458ef)
07-05 22:38:25.330 17082 17082 V NearbyFragment: Transfer to Endpoint{id=njPJ, name=Galaxy S8 [2802]} complete
07-05 22:38:29.304 17082 17082 V NearbyFragment: Transfer to Endpoint{id=njPJ, name=Galaxy S8 [2802]} complete
07-05 22:38:29.305 17082 17082 W NearbyFragment: Completed downloading 20200312_194330!002.mp4 from Endpoint{id=njPJ, name=Galaxy S8 [2802]} in 10.910s
07-05 22:38:29.311 17082 17082 V FileManager: External storage is readable
07-05 22:38:29.311 17082 17082 V FileManager: Directory already exists: /storage/emulated/0/Movies/segment-sum/20200312_194330
07-05 22:38:29.312 17082 17082 D NearbyFragment: Summarising 20200312_194330!002.mp4
07-05 22:38:29.312 17082 17082 V VideoManager: Retrieving video from /storage/emulated/0/Download/Nearby/20200312_194330!002.mp4
07-05 22:38:29.323 17082 17082 V VideoManager: videoFromCursor
07-05 22:38:29.326 17082 17082 V ProcessingVideosEventHandler: onAdd
07-05 22:38:29.326 17082 17082 V RawFootageEventHandler: onRemove
07-05 22:38:29.329 17082 17082 V NearbyFragment: Transfer to Endpoint{id=njPJ, name=Galaxy S8 [2802]} complete
07-05 22:38:38.409 17082 17082 D NearbyFragment: onPayloadReceived(endpointId=njPJ, payload=com.google.android.gms.nearby.connection.Payload@637950b)
07-05 22:38:38.410 17082 17082 V NearbyFragment: Started downloading SUMMARISE_SEGMENT:-8114402726859116640:20200312_194730!000.mp4:45.0_1.0_23_medium from Endpoint{id=njPJ, name=Galaxy S8 [2802]}
07-05 22:38:38.420 17082 17082 V NearbyFragment: Transfer to Endpoint{id=njPJ, name=Galaxy S8 [2802]} complete
07-05 22:38:38.438 17082 17082 D NearbyFragment: onPayloadReceived(endpointId=njPJ, payload=com.google.android.gms.nearby.connection.Payload@695ffe8)
07-05 22:38:42.201 17082 17082 V NearbyFragment: Transfer to Endpoint{id=njPJ, name=Galaxy S8 [2802]} complete
07-05 22:38:42.202 17082 17082 W NearbyFragment: Completed downloading 20200312_194730!000.mp4 from Endpoint{id=njPJ, name=Galaxy S8 [2802]} in 03.791s
07-05 22:38:42.213 17082 17082 V FileManager: External storage is readable
07-05 22:38:42.214 17082 17082 V FileManager: Created new directory: /storage/emulated/0/Movies/segment-sum/20200312_194730
07-05 22:38:42.215 17082 17082 D NearbyFragment: Summarising 20200312_194730!000.mp4
07-05 22:38:42.215 17082 17082 V VideoManager: Retrieving video from /storage/emulated/0/Download/Nearby/20200312_194730!000.mp4
07-05 22:38:42.230 17082 17082 V VideoManager: videoFromCursor
07-05 22:38:42.235 17082 17082 V ProcessingVideosEventHandler: onAdd
07-05 22:38:42.235 17082 17082 V RawFootageEventHandler: onRemove
07-05 22:38:42.240 17082 17082 V NearbyFragment: Transfer to Endpoint{id=njPJ, name=Galaxy S8 [2802]} complete
07-05 22:38:48.984 17082 17082 D NearbyFragment: onPayloadReceived(endpointId=njPJ, payload=com.google.android.gms.nearby.connection.Payload@fbf3294)
07-05 22:38:48.984 17082 17082 V NearbyFragment: Started downloading SUMMARISE_SEGMENT:-7839036203819862323:20200312_194730!003.mp4:45.0_1.0_23_medium from Endpoint{id=njPJ, name=Galaxy S8 [2802]}
07-05 22:38:48.986 17082 17082 V NearbyFragment: Transfer to Endpoint{id=njPJ, name=Galaxy S8 [2802]} complete
07-05 22:38:51.110 17082 17896 V FfmpegTools: Retrieving duration of /storage/emulated/0/Download/Nearby/20200312_194229!000.mp4
07-05 22:38:51.192 17082 17896 V FfmpegTools: Retrieving duration of /storage/emulated/0/Movies/segment-sum/20200312_194229/20200312_194229!000.mp4
07-05 22:38:51.251 17082 17896 W Summariser: Summarisation completed
07-05 22:38:51.251 17082 17896 W Summariser:   filename: 20200312_194229!000.mp4
07-05 22:38:51.251 17082 17896 W Summariser:   active sections: 1
07-05 22:38:51.251 17082 17896 W Summariser:   time: 33.270s
07-05 22:38:51.251 17082 17896 W Summariser:   original duration: 16.06
07-05 22:38:51.251 17082 17896 W Summariser:   summarised duration: 5.62
07-05 22:38:51.251 17082 17896 W Summariser:   noise tolerance: 45.00
07-05 22:38:51.251 17082 17896 W Summariser:   quality: 23
07-05 22:38:51.251 17082 17896 W Summariser:   speed: medium
07-05 22:38:51.251 17082 17896 W Summariser:   freeze duration: 1.00
07-05 22:38:51.252 17082 17896 V VideoManager: Retrieving video from /storage/emulated/0/Movies/segment-sum/20200312_194229/20200312_194229!000.mp4
07-05 22:38:51.268 17082 17896 V VideoManager: videoFromCursor
07-05 22:38:51.276 17082 17896 W NearbyFragment: Sending 20200312_194229!000.mp4 to Galaxy S8 [2802]
07-05 22:38:51.280 17082 17896 V ProcessingVideosEventHandler: onRemove
07-05 22:38:51.293 17082 17896 V SummariserIntentService: onHandleIntent
07-05 22:38:51.294 17082 17896 D SummariserIntentService: Video{id='8311', data='/storage/emulated/0/Download/Nearby/20200312_194229!003.mp4', name='20200312_194229!003.mp4', size=12720702, visible=true, mimeType='video/mp4'}
07-05 22:38:51.294 17082 17896 D SummariserIntentService: /storage/emulated/0/Movies/segment-sum/20200312_194229/20200312_194229!003.mp4
07-05 22:38:51.297 17082 17896 I FfmpegTools: Running ffmpeg with:
07-05 22:38:51.297 17082 17896 I FfmpegTools:   -y -i /storage/emulated/0/Download/Nearby/20200312_194229!003.mp4 -vf freezedetect=n=-45.000000dB:d=1.000000,metadata=mode=print:file=/storage/emulated/0/Movies/raw/20200312_194229!003.txt -f null -
07-05 22:38:51.305 17082 17082 V NearbyFragment: Transfer to Endpoint{id=njPJ, name=Galaxy S8 [2802]} complete
07-05 22:38:51.360 17082 17094 D SummariserIntentService: Scanned /storage/emulated/0/Movies/summarised
07-05 22:38:51.360 17082 17094 D SummariserIntentService:   -> uri=content://media/external/file/8207
07-05 22:38:51.362 17082 17082 V NearbyFragment: Transfer to Endpoint{id=njPJ, name=Galaxy S8 [2802]} complete
07-05 22:38:51.456 17082 17349 W mobile-ffmpeg: [graph 0 input from stream 0:0 @ 0x7a20e2be40] sws_param option is deprecated and ignored
07-05 22:38:55.412 17082 17082 D NearbyFragment: onPayloadReceived(endpointId=njPJ, payload=com.google.android.gms.nearby.connection.Payload@f874439)
07-05 22:38:56.257 17082 17896 W Summariser: No activity detected
07-05 22:38:56.259 17082 17896 V FfmpegTools: Retrieving duration of /storage/emulated/0/Download/Nearby/20200312_194229!003.mp4
07-05 22:38:56.340 17082 17896 W Summariser: Summarisation completed
07-05 22:38:56.340 17082 17896 W Summariser:   filename: 20200312_194229!003.mp4
07-05 22:38:56.340 17082 17896 W Summariser:   active sections: 0
07-05 22:38:56.340 17082 17896 W Summariser:   time: 04.963s
07-05 22:38:56.340 17082 17896 W Summariser:   original duration: 11.98
07-05 22:38:56.340 17082 17896 W Summariser:   summarised duration: -1.00
07-05 22:38:56.340 17082 17896 W Summariser:   noise tolerance: 45.00
07-05 22:38:56.340 17082 17896 W Summariser:   quality: 23
07-05 22:38:56.340 17082 17896 W Summariser:   speed: medium
07-05 22:38:56.340 17082 17896 W Summariser:   freeze duration: 1.00
07-05 22:38:56.343 17082 17896 V ProcessingVideosEventHandler: onRemove
07-05 22:38:56.353 17082 17896 V SummariserIntentService: onHandleIntent
07-05 22:38:56.355 17082 17896 D SummariserIntentService: Video{id='8315', data='/storage/emulated/0/Download/Nearby/20200312_194330!001.mp4', name='20200312_194330!001.mp4', size=16898970, visible=true, mimeType='video/mp4'}
07-05 22:38:56.355 17082 17896 D SummariserIntentService: /storage/emulated/0/Movies/segment-sum/20200312_194330/20200312_194330!001.mp4
07-05 22:38:56.358 17082 17896 I FfmpegTools: Running ffmpeg with:
07-05 22:38:56.358 17082 17896 I FfmpegTools:   -y -i /storage/emulated/0/Download/Nearby/20200312_194330!001.mp4 -vf freezedetect=n=-45.000000dB:d=1.000000,metadata=mode=print:file=/storage/emulated/0/Movies/raw/20200312_194330!001.txt -f null -
07-05 22:38:56.362 17082 17082 V NearbyFragment: Transfer to Endpoint{id=njPJ, name=Galaxy S8 [2802]} complete
07-05 22:38:56.401 17082 17094 D SummariserIntentService: Scanned /storage/emulated/0/Movies/summarised
07-05 22:38:56.401 17082 17094 D SummariserIntentService:   -> uri=content://media/external/file/8207
07-05 22:38:56.538 17082 17349 W mobile-ffmpeg: [graph 0 input from stream 0:0 @ 0x7a20e2bd80] sws_param option is deprecated and ignored
07-05 22:39:01.627 17082 17082 V NearbyFragment: Transfer to Endpoint{id=njPJ, name=Galaxy S8 [2802]} complete
07-05 22:39:01.628 17082 17082 W NearbyFragment: Completed downloading 20200312_194730!003.mp4 from Endpoint{id=njPJ, name=Galaxy S8 [2802]} in 12.642s
07-05 22:39:01.635 17082 17082 V FileManager: External storage is readable
07-05 22:39:01.635 17082 17082 V FileManager: Directory already exists: /storage/emulated/0/Movies/segment-sum/20200312_194730
07-05 22:39:01.636 17082 17082 D NearbyFragment: Summarising 20200312_194730!003.mp4
07-05 22:39:01.636 17082 17082 V VideoManager: Retrieving video from /storage/emulated/0/Download/Nearby/20200312_194730!003.mp4
07-05 22:39:01.649 17082 17082 V VideoManager: videoFromCursor
07-05 22:39:01.653 17082 17082 V ProcessingVideosEventHandler: onAdd
07-05 22:39:01.653 17082 17082 V RawFootageEventHandler: onRemove
07-05 22:39:01.678 17082 17082 V NearbyFragment: Transfer to Endpoint{id=njPJ, name=Galaxy S8 [2802]} complete
07-05 22:39:04.840 17082 17896 W Summariser: No activity detected
07-05 22:39:04.843 17082 17896 V FfmpegTools: Retrieving duration of /storage/emulated/0/Download/Nearby/20200312_194330!001.mp4
07-05 22:39:04.997 17082 17896 W Summariser: Summarisation completed
07-05 22:39:04.997 17082 17896 W Summariser:   filename: 20200312_194330!001.mp4
07-05 22:39:04.997 17082 17896 W Summariser:   active sections: 0
07-05 22:39:04.997 17082 17896 W Summariser:   time: 08.486s
07-05 22:39:04.997 17082 17896 W Summariser:   original duration: 16.01
07-05 22:39:04.997 17082 17896 W Summariser:   summarised duration: -1.00
07-05 22:39:04.997 17082 17896 W Summariser:   noise tolerance: 45.00
07-05 22:39:04.997 17082 17896 W Summariser:   quality: 23
07-05 22:39:04.997 17082 17896 W Summariser:   speed: medium
07-05 22:39:04.997 17082 17896 W Summariser:   freeze duration: 1.00
07-05 22:39:05.003 17082 17896 V ProcessingVideosEventHandler: onRemove
07-05 22:39:05.022 17082 17896 V SummariserIntentService: onHandleIntent
07-05 22:39:05.024 17082 17896 D SummariserIntentService: Video{id='8316', data='/storage/emulated/0/Download/Nearby/20200312_194330!002.mp4', name='20200312_194330!002.mp4', size=16896472, visible=true, mimeType='video/mp4'}
07-05 22:39:05.024 17082 17896 D SummariserIntentService: /storage/emulated/0/Movies/segment-sum/20200312_194330/20200312_194330!002.mp4
07-05 22:39:05.028 17082 17896 I FfmpegTools: Running ffmpeg with:
07-05 22:39:05.028 17082 17896 I FfmpegTools:   -y -i /storage/emulated/0/Download/Nearby/20200312_194330!002.mp4 -vf freezedetect=n=-45.000000dB:d=1.000000,metadata=mode=print:file=/storage/emulated/0/Movies/raw/20200312_194330!002.txt -f null -
07-05 22:39:05.033 17082 17082 V NearbyFragment: Transfer to Endpoint{id=njPJ, name=Galaxy S8 [2802]} complete
07-05 22:39:05.065 17082 17095 D SummariserIntentService: Scanned /storage/emulated/0/Movies/summarised
07-05 22:39:05.065 17082 17095 D SummariserIntentService:   -> uri=content://media/external/file/8207
07-05 22:39:05.244 17082 17349 W mobile-ffmpeg: [graph 0 input from stream 0:0 @ 0x7a20e2bd80] sws_param option is deprecated and ignored
07-05 22:39:13.270 17082 17896 W Summariser: No activity detected
07-05 22:39:13.274 17082 17896 V FfmpegTools: Retrieving duration of /storage/emulated/0/Download/Nearby/20200312_194330!002.mp4
07-05 22:39:13.431 17082 17896 W Summariser: Summarisation completed
07-05 22:39:13.431 17082 17896 W Summariser:   filename: 20200312_194330!002.mp4
07-05 22:39:13.431 17082 17896 W Summariser:   active sections: 0
07-05 22:39:13.431 17082 17896 W Summariser:   time: 08.247s
07-05 22:39:13.431 17082 17896 W Summariser:   original duration: 16.01
07-05 22:39:13.431 17082 17896 W Summariser:   summarised duration: -1.00
07-05 22:39:13.431 17082 17896 W Summariser:   noise tolerance: 45.00
07-05 22:39:13.431 17082 17896 W Summariser:   quality: 23
07-05 22:39:13.431 17082 17896 W Summariser:   speed: medium
07-05 22:39:13.431 17082 17896 W Summariser:   freeze duration: 1.00
07-05 22:39:13.435 17082 17896 V ProcessingVideosEventHandler: onRemove
07-05 22:39:13.448 17082 17896 V SummariserIntentService: onHandleIntent
07-05 22:39:13.450 17082 17896 D SummariserIntentService: Video{id='8317', data='/storage/emulated/0/Download/Nearby/20200312_194730!000.mp4', name='20200312_194730!000.mp4', size=16870028, visible=true, mimeType='video/mp4'}
07-05 22:39:13.450 17082 17896 D SummariserIntentService: /storage/emulated/0/Movies/segment-sum/20200312_194730/20200312_194730!000.mp4
07-05 22:39:13.455 17082 17896 I FfmpegTools: Running ffmpeg with:
07-05 22:39:13.455 17082 17896 I FfmpegTools:   -y -i /storage/emulated/0/Download/Nearby/20200312_194730!000.mp4 -vf freezedetect=n=-45.000000dB:d=1.000000,metadata=mode=print:file=/storage/emulated/0/Movies/raw/20200312_194730!000.txt -f null -
07-05 22:39:13.460 17082 17082 V NearbyFragment: Transfer to Endpoint{id=njPJ, name=Galaxy S8 [2802]} complete
