07-05 22:37:25.465 21672 23220 V FfmpegTools: Retrieving duration of /storage/emulated/0/Movies/segment-sum/20200312_193828/20200312_193828!000.mp4
07-05 22:37:25.545 21672 23220 W Summariser: Summarisation completed
07-05 22:37:25.545 21672 23220 W Summariser:   filename: 20200312_193828!000.mp4
07-05 22:37:25.545 21672 23220 W Summariser:   active sections: 1
07-05 22:37:25.545 21672 23220 W Summariser:   time: 63.781s
07-05 22:37:25.545 21672 23220 W Summariser:   original duration: 16.06
07-05 22:37:25.545 21672 23220 W Summariser:   summarised duration: 14.28
07-05 22:37:25.545 21672 23220 W Summariser:   noise tolerance: 45.00
07-05 22:37:25.545 21672 23220 W Summariser:   quality: 23
07-05 22:37:25.545 21672 23220 W Summariser:   speed: medium
07-05 22:37:25.545 21672 23220 W Summariser:   freeze duration: 1.00
07-05 22:37:25.546 21672 23220 V VideoManager: Retrieving video from /storage/emulated/0/Movies/segment-sum/20200312_193828/20200312_193828!000.mp4
07-05 22:37:25.563 21672 23220 V VideoManager: videoFromCursor
07-05 22:37:25.567 21672 23220 W NearbyFragment: Sending 20200312_193828!000.mp4 to Galaxy S8 [2802]
07-05 22:37:25.572 21672 23220 V ProcessingVideosEventHandler: onRemove
07-05 22:37:25.585 21672 21672 V NearbyFragment: Transfer to Endpoint{id=njPJ, name=Galaxy S8 [2802]} complete
07-05 22:37:25.589 21672 23220 V SummariserIntentService: onHandleIntent
07-05 22:37:25.593 21672 23220 D SummariserIntentService: Video{id='1683', data='/storage/emulated/0/Download/Nearby/20200312_193828!002.mp4', name='20200312_193828!002.mp4', size=16949349, visible=true, mimeType='video/mp4'}
07-05 22:37:25.593 21672 23220 D SummariserIntentService: /storage/emulated/0/Movies/segment-sum/20200312_193828/20200312_193828!002.mp4
07-05 22:37:25.596 21672 23220 I FfmpegTools: Running ffmpeg with:
07-05 22:37:25.596 21672 23220 I FfmpegTools:   -y -i /storage/emulated/0/Download/Nearby/20200312_193828!002.mp4 -vf freezedetect=n=-45.000000dB:d=1.000000,metadata=mode=print:file=/storage/emulated/0/Movies/raw/20200312_193828!002.txt -f null -
07-05 22:37:25.768 21672 21684 D SummariserIntentService: Scanned /storage/emulated/0/Movies/summarised
07-05 22:37:25.768 21672 21684 D SummariserIntentService:   -> uri=content://media/external/file/1527
07-05 22:37:25.808 21672 22189 W mobile-ffmpeg: [graph 0 input from stream 0:0 @ 0x90fc5f60] sws_param option is deprecated and ignored
07-05 22:37:26.198 21672 21672 D NearbyFragment: onPayloadReceived(endpointId=njPJ, payload=com.google.android.gms.nearby.connection.Payload@cdd88e8)
07-05 22:37:31.601 21672 21672 V NearbyFragment: Transfer to Endpoint{id=njPJ, name=Galaxy S8 [2802]} complete
07-05 22:37:31.602 21672 21672 W NearbyFragment: Completed downloading 20200312_194129!003.mp4 from Endpoint{id=njPJ, name=Galaxy S8 [2802]} in 08.578s
07-05 22:37:31.641 21672 21672 V FileManager: External storage is readable
07-05 22:37:31.642 21672 21672 V FileManager: Created new directory: /storage/emulated/0/Movies/segment-sum/20200312_194129
07-05 22:37:31.642 21672 21672 D NearbyFragment: Summarising 20200312_194129!003.mp4
07-05 22:37:31.643 21672 21672 V VideoManager: Retrieving video from /storage/emulated/0/Download/Nearby/20200312_194129!003.mp4
07-05 22:37:31.654 21672 21672 V VideoManager: videoFromCursor
07-05 22:37:31.657 21672 21672 V ProcessingVideosEventHandler: onAdd
07-05 22:37:31.658 21672 21672 V RawFootageEventHandler: onRemove
07-05 22:37:31.662 21672 21672 V NearbyFragment: Transfer to Endpoint{id=njPJ, name=Galaxy S8 [2802]} complete
07-05 22:37:31.663 21672 21672 V NearbyFragment: Transfer to Endpoint{id=njPJ, name=Galaxy S8 [2802]} complete
07-05 22:37:36.751 21672 23220 W Summariser: No activity detected
07-05 22:37:36.752 21672 23220 V FfmpegTools: Retrieving duration of /storage/emulated/0/Download/Nearby/20200312_193828!002.mp4
07-05 22:37:36.889 21672 23220 W Summariser: Summarisation completed
07-05 22:37:36.889 21672 23220 W Summariser:   filename: 20200312_193828!002.mp4
07-05 22:37:36.889 21672 23220 W Summariser:   active sections: 0
07-05 22:37:36.889 21672 23220 W Summariser:   time: 11.158s
07-05 22:37:36.889 21672 23220 W Summariser:   original duration: 16.01
07-05 22:37:36.889 21672 23220 W Summariser:   summarised duration: -1.00
07-05 22:37:36.889 21672 23220 W Summariser:   noise tolerance: 45.00
07-05 22:37:36.889 21672 23220 W Summariser:   quality: 23
07-05 22:37:36.889 21672 23220 W Summariser:   speed: medium
07-05 22:37:36.889 21672 23220 W Summariser:   freeze duration: 1.00
07-05 22:37:36.891 21672 23220 V ProcessingVideosEventHandler: onRemove
07-05 22:37:36.914 21672 23220 V SummariserIntentService: onHandleIntent
07-05 22:37:36.915 21672 23220 D SummariserIntentService: Video{id='1662', data='/storage/emulated/0/Download/Nearby/20200312_194129!003.mp4', name='20200312_194129!003.mp4', size=12644882, visible=true, mimeType='video/mp4'}
07-05 22:37:36.915 21672 23220 D SummariserIntentService: /storage/emulated/0/Movies/segment-sum/20200312_194129/20200312_194129!003.mp4
07-05 22:37:36.917 21672 23220 I FfmpegTools: Running ffmpeg with:
07-05 22:37:36.917 21672 23220 I FfmpegTools:   -y -i /storage/emulated/0/Download/Nearby/20200312_194129!003.mp4 -vf freezedetect=n=-45.000000dB:d=1.000000,metadata=mode=print:file=/storage/emulated/0/Movies/raw/20200312_194129!003.txt -f null -
07-05 22:37:36.932 21672 21672 V NearbyFragment: Transfer to Endpoint{id=njPJ, name=Galaxy S8 [2802]} complete
07-05 22:37:37.083 21672 21685 D SummariserIntentService: Scanned /storage/emulated/0/Movies/summarised
07-05 22:37:37.083 21672 21685 D SummariserIntentService:   -> uri=content://media/external/file/1527
07-05 22:37:37.105 21672 22189 W mobile-ffmpeg: [graph 0 input from stream 0:0 @ 0x8ca6d300] sws_param option is deprecated and ignored
07-05 22:37:44.003 21672 21672 D NearbyFragment: onPayloadReceived(endpointId=njPJ, payload=com.google.android.gms.nearby.connection.Payload@26c4783)
07-05 22:37:44.004 21672 21672 V NearbyFragment: Started downloading SUMMARISE_SEGMENT:-5296480266920212079:20200312_194229!001.mp4:45.0_1.0_23_medium from Endpoint{id=njPJ, name=Galaxy S8 [2802]}
07-05 22:37:44.014 21672 21672 V NearbyFragment: Transfer to Endpoint{id=njPJ, name=Galaxy S8 [2802]} complete
07-05 22:37:44.083 21672 21672 D NearbyFragment: onPayloadReceived(endpointId=njPJ, payload=com.google.android.gms.nearby.connection.Payload@8368d00)
07-05 22:37:45.017 21672 23220 W Summariser: 1 active sections found
07-05 22:37:45.018 21672 23220 I FfmpegTools: Running ffmpeg with:
07-05 22:37:45.018 21672 23220 I FfmpegTools:   -y -i /storage/emulated/0/Download/Nearby/20200312_194129!003.mp4 -filter_complex [0:v]trim=1.868000:2.502000,setpts=PTS-STARTPTS[v0];[0:a]atrim=1.868000:2.502000,asetpts=PTS-STARTPTS[a0];[v0][a0]concat=n=1:v=1:a=1[outv][outa] -map [outv] -map [outa] -crf 23 -preset medium /storage/emulated/0/Movies/segment-sum/20200312_194129/20200312_194129!003.mp4
07-05 22:37:45.220 21672 22189 W mobile-ffmpeg: [graph 0 input from stream 0:0 @ 0x8ca6f640] sws_param option is deprecated and ignored
07-05 22:37:46.030 21672 21672 D NearbyFragment: onPayloadReceived(endpointId=njPJ, payload=com.google.android.gms.nearby.connection.Payload@c303939)
07-05 22:37:46.031 21672 21672 V NearbyFragment: Started downloading SUMMARISE_SEGMENT:-5611494200879790963:20200312_194229!002.mp4:45.0_1.0_23_medium from Endpoint{id=njPJ, name=Galaxy S8 [2802]}
07-05 22:37:46.048 21672 21672 V NearbyFragment: Transfer to Endpoint{id=njPJ, name=Galaxy S8 [2802]} complete
07-05 22:37:49.408 21672 23220 V FfmpegTools: Retrieving duration of /storage/emulated/0/Download/Nearby/20200312_194129!003.mp4
07-05 22:37:49.505 21672 23220 V FfmpegTools: Retrieving duration of /storage/emulated/0/Movies/segment-sum/20200312_194129/20200312_194129!003.mp4
07-05 22:37:49.586 21672 23220 W Summariser: Summarisation completed
07-05 22:37:49.586 21672 23220 W Summariser:   filename: 20200312_194129!003.mp4
07-05 22:37:49.586 21672 23220 W Summariser:   active sections: 1
07-05 22:37:49.586 21672 23220 W Summariser:   time: 12.492s
07-05 22:37:49.586 21672 23220 W Summariser:   original duration: 12.03
07-05 22:37:49.586 21672 23220 W Summariser:   summarised duration: 0.70
07-05 22:37:49.586 21672 23220 W Summariser:   noise tolerance: 45.00
07-05 22:37:49.586 21672 23220 W Summariser:   quality: 23
07-05 22:37:49.586 21672 23220 W Summariser:   speed: medium
07-05 22:37:49.586 21672 23220 W Summariser:   freeze duration: 1.00
07-05 22:37:49.587 21672 23220 V VideoManager: Retrieving video from /storage/emulated/0/Movies/segment-sum/20200312_194129/20200312_194129!003.mp4
07-05 22:37:49.595 21672 23220 V VideoManager: videoFromCursor
07-05 22:37:49.599 21672 23220 W NearbyFragment: Sending 20200312_194129!003.mp4 to Galaxy S8 [2802]
07-05 22:37:49.604 21672 23220 V ProcessingVideosEventHandler: onRemove
07-05 22:37:49.629 21672 21672 V NearbyFragment: Transfer to Endpoint{id=njPJ, name=Galaxy S8 [2802]} complete
07-05 22:37:49.661 21672 21685 D SummariserIntentService: Scanned /storage/emulated/0/Movies/summarised
07-05 22:37:49.661 21672 21685 D SummariserIntentService:   -> uri=content://media/external/file/1527
07-05 22:37:49.663 21672 21672 V NearbyFragment: Transfer to Endpoint{id=njPJ, name=Galaxy S8 [2802]} complete
07-05 22:37:50.449 21672 21672 V NearbyFragment: Transfer to Endpoint{id=njPJ, name=Galaxy S8 [2802]} complete
07-05 22:37:50.450 21672 21672 W NearbyFragment: Completed downloading 20200312_194229!001.mp4 from Endpoint{id=njPJ, name=Galaxy S8 [2802]} in 06.445s
07-05 22:37:50.457 21672 21672 V FileManager: External storage is readable
07-05 22:37:50.458 21672 21672 V FileManager: Created new directory: /storage/emulated/0/Movies/segment-sum/20200312_194229
07-05 22:37:50.458 21672 21672 D NearbyFragment: Summarising 20200312_194229!001.mp4
07-05 22:37:50.459 21672 21672 V VideoManager: Retrieving video from /storage/emulated/0/Download/Nearby/20200312_194229!001.mp4
07-05 22:37:50.479 21672 21672 V VideoManager: videoFromCursor
07-05 22:37:50.482 21672 21672 V ProcessingVideosEventHandler: onAdd
07-05 22:37:50.483 21672 21672 V RawFootageEventHandler: onRemove
07-05 22:37:50.489 21672 21672 V NearbyFragment: Transfer to Endpoint{id=njPJ, name=Galaxy S8 [2802]} complete
07-05 22:37:50.489 21672 21672 D NearbyFragment: onPayloadReceived(endpointId=njPJ, payload=com.google.android.gms.nearby.connection.Payload@9f8fc18)
07-05 22:37:50.496 21672 23398 V SummariserIntentService: onHandleIntent
07-05 22:37:50.498 21672 23398 D SummariserIntentService: Video{id='1663', data='/storage/emulated/0/Download/Nearby/20200312_194229!001.mp4', name='20200312_194229!001.mp4', size=16870064, visible=true, mimeType='video/mp4'}
07-05 22:37:50.498 21672 23398 D SummariserIntentService: /storage/emulated/0/Movies/segment-sum/20200312_194229/20200312_194229!001.mp4
07-05 22:37:50.501 21672 23398 I FfmpegTools: Running ffmpeg with:
07-05 22:37:50.501 21672 23398 I FfmpegTools:   -y -i /storage/emulated/0/Download/Nearby/20200312_194229!001.mp4 -vf freezedetect=n=-45.000000dB:d=1.000000,metadata=mode=print:file=/storage/emulated/0/Movies/raw/20200312_194229!001.txt -f null -
07-05 22:37:50.739 21672 22189 W mobile-ffmpeg: [graph 0 input from stream 0:0 @ 0x8ca6f580] sws_param option is deprecated and ignored
07-05 22:37:57.852 21672 21672 V NearbyFragment: Transfer to Endpoint{id=njPJ, name=Galaxy S8 [2802]} complete
07-05 22:37:57.853 21672 21672 W NearbyFragment: Completed downloading 20200312_194229!002.mp4 from Endpoint{id=njPJ, name=Galaxy S8 [2802]} in 11.821s
07-05 22:37:57.873 21672 21672 V FileManager: External storage is readable
07-05 22:37:57.873 21672 21672 V FileManager: Directory already exists: /storage/emulated/0/Movies/segment-sum/20200312_194229
07-05 22:37:57.873 21672 21672 D NearbyFragment: Summarising 20200312_194229!002.mp4
07-05 22:37:57.874 21672 21672 V VideoManager: Retrieving video from /storage/emulated/0/Download/Nearby/20200312_194229!002.mp4
07-05 22:37:57.904 21672 21672 V VideoManager: videoFromCursor
07-05 22:37:57.907 21672 21672 V ProcessingVideosEventHandler: onAdd
07-05 22:37:57.908 21672 21672 V RawFootageEventHandler: onRemove
07-05 22:37:57.912 21672 21672 V NearbyFragment: Transfer to Endpoint{id=njPJ, name=Galaxy S8 [2802]} complete
07-05 22:38:00.398 21672 23398 W Summariser: 2 active sections found
07-05 22:38:00.399 21672 23398 I FfmpegTools: Running ffmpeg with:
07-05 22:38:00.399 21672 23398 I FfmpegTools:   -y -i /storage/emulated/0/Download/Nearby/20200312_194229!001.mp4 -filter_complex [0:v]trim=0.000000:3.503000,setpts=PTS-STARTPTS[v0];[0:a]atrim=0.000000:3.503000,asetpts=PTS-STARTPTS[a0];[0:v]trim=8.074000:13.245000,setpts=PTS-STARTPTS[v1];[0:a]atrim=8.074000:13.245000,asetpts=PTS-STARTPTS[a1];[v0][a0][v1][a1]concat=n=2:v=1:a=1[outv][outa] -map [outv] -map [outa] -crf 23 -preset medium /storage/emulated/0/Movies/segment-sum/20200312_194229/20200312_194229!001.mp4
07-05 22:38:00.621 21672 22189 W mobile-ffmpeg: [graph 0 input from stream 0:0 @ 0x9376d9e0] sws_param option is deprecated and ignored
07-05 22:38:00.621 21672 22189 W mobile-ffmpeg: [graph 0 input from stream 0:0 @ 0x9376db60] sws_param option is deprecated and ignored
07-05 22:38:09.304 21672 21672 D NearbyFragment: onPayloadReceived(endpointId=njPJ, payload=com.google.android.gms.nearby.connection.Payload@33e1773)
07-05 22:38:09.305 21672 21672 V NearbyFragment: Started downloading SUMMARISE_SEGMENT:-7672594237691041916:20200312_194330!000.mp4:45.0_1.0_23_medium from Endpoint{id=njPJ, name=Galaxy S8 [2802]}
07-05 22:38:09.315 21672 21672 V NearbyFragment: Transfer to Endpoint{id=njPJ, name=Galaxy S8 [2802]} complete
07-05 22:38:09.340 21672 21672 D NearbyFragment: onPayloadReceived(endpointId=njPJ, payload=com.google.android.gms.nearby.connection.Payload@2873630)
07-05 22:38:15.729 21672 21672 V NearbyFragment: Transfer to Endpoint{id=njPJ, name=Galaxy S8 [2802]} complete
07-05 22:38:15.730 21672 21672 W NearbyFragment: Completed downloading 20200312_194330!000.mp4 from Endpoint{id=njPJ, name=Galaxy S8 [2802]} in 06.423s
07-05 22:38:15.741 21672 21672 V FileManager: External storage is readable
07-05 22:38:15.743 21672 21672 V FileManager: Created new directory: /storage/emulated/0/Movies/segment-sum/20200312_194330
07-05 22:38:15.743 21672 21672 D NearbyFragment: Summarising 20200312_194330!000.mp4
07-05 22:38:15.743 21672 21672 V VideoManager: Retrieving video from /storage/emulated/0/Download/Nearby/20200312_194330!000.mp4
07-05 22:38:15.751 21672 21672 V VideoManager: videoFromCursor
07-05 22:38:15.754 21672 21672 V ProcessingVideosEventHandler: onAdd
07-05 22:38:15.754 21672 21672 V RawFootageEventHandler: onRemove
07-05 22:38:15.759 21672 21672 V NearbyFragment: Transfer to Endpoint{id=njPJ, name=Galaxy S8 [2802]} complete
07-05 22:38:25.465 21672 21672 D NearbyFragment: onPayloadReceived(endpointId=njPJ, payload=com.google.android.gms.nearby.connection.Payload@a61855c)
07-05 22:38:25.465 21672 21672 V NearbyFragment: Started downloading SUMMARISE_SEGMENT:-8569957206145069663:20200312_194330!003.mp4:45.0_1.0_23_medium from Endpoint{id=njPJ, name=Galaxy S8 [2802]}
07-05 22:38:25.471 21672 21672 V NearbyFragment: Transfer to Endpoint{id=njPJ, name=Galaxy S8 [2802]} complete
07-05 22:38:29.363 21672 21672 D NearbyFragment: onPayloadReceived(endpointId=njPJ, payload=com.google.android.gms.nearby.connection.Payload@3500065)
07-05 22:38:34.070 21672 21672 V NearbyFragment: Transfer to Endpoint{id=njPJ, name=Galaxy S8 [2802]} complete
07-05 22:38:34.070 21672 21672 W NearbyFragment: Completed downloading 20200312_194330!003.mp4 from Endpoint{id=njPJ, name=Galaxy S8 [2802]} in 08.604s
07-05 22:38:34.083 21672 21672 V FileManager: External storage is readable
07-05 22:38:34.084 21672 21672 V FileManager: Directory already exists: /storage/emulated/0/Movies/segment-sum/20200312_194330
07-05 22:38:34.084 21672 21672 D NearbyFragment: Summarising 20200312_194330!003.mp4
07-05 22:38:34.084 21672 21672 V VideoManager: Retrieving video from /storage/emulated/0/Download/Nearby/20200312_194330!003.mp4
07-05 22:38:34.091 21672 21672 V VideoManager: videoFromCursor
07-05 22:38:34.094 21672 21672 V ProcessingVideosEventHandler: onAdd
07-05 22:38:34.095 21672 21672 V RawFootageEventHandler: onRemove
07-05 22:38:34.099 21672 21672 V NearbyFragment: Transfer to Endpoint{id=njPJ, name=Galaxy S8 [2802]} complete
07-05 22:38:40.323 21672 23398 V FfmpegTools: Retrieving duration of /storage/emulated/0/Download/Nearby/20200312_194229!001.mp4
07-05 22:38:40.462 21672 23398 V FfmpegTools: Retrieving duration of /storage/emulated/0/Movies/segment-sum/20200312_194229/20200312_194229!001.mp4
07-05 22:38:40.547 21672 23398 W Summariser: Summarisation completed
07-05 22:38:40.547 21672 23398 W Summariser:   filename: 20200312_194229!001.mp4
07-05 22:38:40.547 21672 23398 W Summariser:   active sections: 2
07-05 22:38:40.547 21672 23398 W Summariser:   time: 49.824s
07-05 22:38:40.547 21672 23398 W Summariser:   original duration: 16.01
07-05 22:38:40.547 21672 23398 W Summariser:   summarised duration: 8.74
07-05 22:38:40.547 21672 23398 W Summariser:   noise tolerance: 45.00
07-05 22:38:40.547 21672 23398 W Summariser:   quality: 23
07-05 22:38:40.547 21672 23398 W Summariser:   speed: medium
07-05 22:38:40.547 21672 23398 W Summariser:   freeze duration: 1.00
07-05 22:38:40.548 21672 23398 V VideoManager: Retrieving video from /storage/emulated/0/Movies/segment-sum/20200312_194229/20200312_194229!001.mp4
07-05 22:38:40.555 21672 23398 V VideoManager: videoFromCursor
07-05 22:38:40.559 21672 23398 W NearbyFragment: Sending 20200312_194229!001.mp4 to Galaxy S8 [2802]
07-05 22:38:40.565 21672 23398 V ProcessingVideosEventHandler: onRemove
07-05 22:38:40.576 21672 23398 V SummariserIntentService: onHandleIntent
07-05 22:38:40.579 21672 23398 D SummariserIntentService: Video{id='1644', data='/storage/emulated/0/Download/Nearby/20200312_194229!002.mp4', name='20200312_194229!002.mp4', size=16848151, visible=true, mimeType='video/mp4'}
07-05 22:38:40.580 21672 23398 D SummariserIntentService: /storage/emulated/0/Movies/segment-sum/20200312_194229/20200312_194229!002.mp4
07-05 22:38:40.583 21672 23398 I FfmpegTools: Running ffmpeg with:
07-05 22:38:40.583 21672 23398 I FfmpegTools:   -y -i /storage/emulated/0/Download/Nearby/20200312_194229!002.mp4 -vf freezedetect=n=-45.000000dB:d=1.000000,metadata=mode=print:file=/storage/emulated/0/Movies/raw/20200312_194229!002.txt -f null -
07-05 22:38:40.593 21672 21672 V NearbyFragment: Transfer to Endpoint{id=njPJ, name=Galaxy S8 [2802]} complete
07-05 22:38:40.754 21672 21684 D SummariserIntentService: Scanned /storage/emulated/0/Movies/summarised
07-05 22:38:40.754 21672 21684 D SummariserIntentService:   -> uri=content://media/external/file/1527
07-05 22:38:40.814 21672 22189 W mobile-ffmpeg: [graph 0 input from stream 0:0 @ 0x9376d920] sws_param option is deprecated and ignored
07-05 22:38:40.913 21672 21672 D NearbyFragment: onPayloadReceived(endpointId=njPJ, payload=com.google.android.gms.nearby.connection.Payload@cf6d71d)
07-05 22:38:40.913 21672 21672 V NearbyFragment: Started downloading SUMMARISE_SEGMENT:-5435232700886318374:20200312_194730!001.mp4:45.0_1.0_23_medium from Endpoint{id=njPJ, name=Galaxy S8 [2802]}
07-05 22:38:40.919 21672 21672 V NearbyFragment: Transfer to Endpoint{id=njPJ, name=Galaxy S8 [2802]} complete
07-05 22:38:41.667 21672 21672 D NearbyFragment: onPayloadReceived(endpointId=njPJ, payload=com.google.android.gms.nearby.connection.Payload@8129d92)
07-05 22:38:43.042 21672 21672 D NearbyFragment: onPayloadReceived(endpointId=njPJ, payload=com.google.android.gms.nearby.connection.Payload@cdbc363)
07-05 22:38:43.042 21672 21672 V NearbyFragment: Started downloading SUMMARISE_SEGMENT:-9009967347929511078:20200312_194730!002.mp4:45.0_1.0_23_medium from Endpoint{id=njPJ, name=Galaxy S8 [2802]}
07-05 22:38:43.106 21672 21672 V NearbyFragment: Transfer to Endpoint{id=njPJ, name=Galaxy S8 [2802]} complete
07-05 22:38:43.629 21672 21672 V NearbyFragment: Transfer to Endpoint{id=njPJ, name=Galaxy S8 [2802]} complete
07-05 22:38:48.806 21672 21672 V NearbyFragment: Transfer to Endpoint{id=njPJ, name=Galaxy S8 [2802]} complete
07-05 22:38:48.807 21672 21672 W NearbyFragment: Completed downloading 20200312_194730!001.mp4 from Endpoint{id=njPJ, name=Galaxy S8 [2802]} in 07.893s
07-05 22:38:48.813 21672 21672 V FileManager: External storage is readable
07-05 22:38:48.814 21672 21672 V FileManager: Created new directory: /storage/emulated/0/Movies/segment-sum/20200312_194730
07-05 22:38:48.815 21672 21672 D NearbyFragment: Summarising 20200312_194730!001.mp4
07-05 22:38:48.815 21672 21672 V VideoManager: Retrieving video from /storage/emulated/0/Download/Nearby/20200312_194730!001.mp4
07-05 22:38:48.834 21672 21672 V VideoManager: videoFromCursor
07-05 22:38:48.841 21672 21672 V ProcessingVideosEventHandler: onAdd
07-05 22:38:48.842 21672 21672 V RawFootageEventHandler: onRemove
07-05 22:38:48.846 21672 21672 V NearbyFragment: Transfer to Endpoint{id=njPJ, name=Galaxy S8 [2802]} complete
07-05 22:38:48.861 21672 21672 D NearbyFragment: onPayloadReceived(endpointId=njPJ, payload=com.google.android.gms.nearby.connection.Payload@53d32bf)
07-05 22:38:50.746 21672 23398 W Summariser: No activity detected
07-05 22:38:50.748 21672 23398 V FfmpegTools: Retrieving duration of /storage/emulated/0/Download/Nearby/20200312_194229!002.mp4
07-05 22:38:50.881 21672 23398 W Summariser: Summarisation completed
07-05 22:38:50.881 21672 23398 W Summariser:   filename: 20200312_194229!002.mp4
07-05 22:38:50.881 21672 23398 W Summariser:   active sections: 0
07-05 22:38:50.881 21672 23398 W Summariser:   time: 10.166s
07-05 22:38:50.881 21672 23398 W Summariser:   original duration: 16.01
07-05 22:38:50.881 21672 23398 W Summariser:   summarised duration: -1.00
07-05 22:38:50.881 21672 23398 W Summariser:   noise tolerance: 45.00
07-05 22:38:50.881 21672 23398 W Summariser:   quality: 23
07-05 22:38:50.881 21672 23398 W Summariser:   speed: medium
07-05 22:38:50.881 21672 23398 W Summariser:   freeze duration: 1.00
07-05 22:38:50.886 21672 23398 V ProcessingVideosEventHandler: onRemove
07-05 22:38:50.892 21672 23398 V SummariserIntentService: onHandleIntent
07-05 22:38:50.894 21672 23398 D SummariserIntentService: Video{id='1665', data='/storage/emulated/0/Download/Nearby/20200312_194330!000.mp4', name='20200312_194330!000.mp4', size=16853664, visible=true, mimeType='video/mp4'}
07-05 22:38:50.894 21672 23398 D SummariserIntentService: /storage/emulated/0/Movies/segment-sum/20200312_194330/20200312_194330!000.mp4
07-05 22:38:50.896 21672 23398 I FfmpegTools: Running ffmpeg with:
07-05 22:38:50.896 21672 23398 I FfmpegTools:   -y -i /storage/emulated/0/Download/Nearby/20200312_194330!000.mp4 -vf freezedetect=n=-45.000000dB:d=1.000000,metadata=mode=print:file=/storage/emulated/0/Movies/raw/20200312_194330!000.txt -f null -
07-05 22:38:50.909 21672 21672 V NearbyFragment: Transfer to Endpoint{id=njPJ, name=Galaxy S8 [2802]} complete
07-05 22:38:50.951 21672 21704 D SummariserIntentService: Scanned /storage/emulated/0/Movies/summarised
07-05 22:38:50.951 21672 21704 D SummariserIntentService:   -> uri=content://media/external/file/1527
07-05 22:38:51.095 21672 22189 W mobile-ffmpeg: [graph 0 input from stream 0:0 @ 0x90346ba0] sws_param option is deprecated and ignored
07-05 22:38:55.357 21672 21672 V NearbyFragment: Transfer to Endpoint{id=njPJ, name=Galaxy S8 [2802]} complete
07-05 22:38:55.358 21672 21672 W NearbyFragment: Completed downloading 20200312_194730!002.mp4 from Endpoint{id=njPJ, name=Galaxy S8 [2802]} in 12.315s
07-05 22:38:55.365 21672 21672 V FileManager: External storage is readable
07-05 22:38:55.366 21672 21672 V FileManager: Directory already exists: /storage/emulated/0/Movies/segment-sum/20200312_194730
07-05 22:38:55.366 21672 21672 D NearbyFragment: Summarising 20200312_194730!002.mp4
07-05 22:38:55.366 21672 21672 V VideoManager: Retrieving video from /storage/emulated/0/Download/Nearby/20200312_194730!002.mp4
07-05 22:38:55.379 21672 21672 V VideoManager: videoFromCursor
07-05 22:38:55.382 21672 21672 V ProcessingVideosEventHandler: onAdd
07-05 22:38:55.383 21672 21672 V RawFootageEventHandler: onRemove
07-05 22:38:55.392 21672 21672 V NearbyFragment: Transfer to Endpoint{id=njPJ, name=Galaxy S8 [2802]} complete
07-05 22:39:00.170 21672 23398 W Summariser: No activity detected
07-05 22:39:00.171 21672 23398 V FfmpegTools: Retrieving duration of /storage/emulated/0/Download/Nearby/20200312_194330!000.mp4
07-05 22:39:00.259 21672 23398 W Summariser: Summarisation completed
07-05 22:39:00.259 21672 23398 W Summariser:   filename: 20200312_194330!000.mp4
07-05 22:39:00.259 21672 23398 W Summariser:   active sections: 0
07-05 22:39:00.259 21672 23398 W Summariser:   time: 09.277s
07-05 22:39:00.259 21672 23398 W Summariser:   original duration: 16.07
07-05 22:39:00.259 21672 23398 W Summariser:   summarised duration: -1.00
07-05 22:39:00.259 21672 23398 W Summariser:   noise tolerance: 45.00
07-05 22:39:00.259 21672 23398 W Summariser:   quality: 23
07-05 22:39:00.259 21672 23398 W Summariser:   speed: medium
07-05 22:39:00.259 21672 23398 W Summariser:   freeze duration: 1.00
07-05 22:39:00.261 21672 23398 V ProcessingVideosEventHandler: onRemove
07-05 22:39:00.269 21672 23398 V SummariserIntentService: onHandleIntent
07-05 22:39:00.272 21672 23398 D SummariserIntentService: Video{id='1606', data='/storage/emulated/0/Download/Nearby/20200312_194330!003.mp4', name='20200312_194330!003.mp4', size=12624666, visible=true, mimeType='video/mp4'}
07-05 22:39:00.272 21672 23398 D SummariserIntentService: /storage/emulated/0/Movies/segment-sum/20200312_194330/20200312_194330!003.mp4
07-05 22:39:00.275 21672 23398 I FfmpegTools: Running ffmpeg with:
07-05 22:39:00.275 21672 23398 I FfmpegTools:   -y -i /storage/emulated/0/Download/Nearby/20200312_194330!003.mp4 -vf freezedetect=n=-45.000000dB:d=1.000000,metadata=mode=print:file=/storage/emulated/0/Movies/raw/20200312_194330!003.txt -f null -
07-05 22:39:00.278 21672 21672 V NearbyFragment: Transfer to Endpoint{id=njPJ, name=Galaxy S8 [2802]} complete
07-05 22:39:00.304 21672 21684 D SummariserIntentService: Scanned /storage/emulated/0/Movies/summarised
07-05 22:39:00.304 21672 21684 D SummariserIntentService:   -> uri=content://media/external/file/1527
07-05 22:39:00.434 21672 22189 W mobile-ffmpeg: [graph 0 input from stream 0:0 @ 0x9376c8a0] sws_param option is deprecated and ignored
07-05 22:39:06.496 21672 23398 W Summariser: No activity detected
07-05 22:39:06.498 21672 23398 V FfmpegTools: Retrieving duration of /storage/emulated/0/Download/Nearby/20200312_194330!003.mp4
07-05 22:39:06.601 21672 23398 W Summariser: Summarisation completed
07-05 22:39:06.601 21672 23398 W Summariser:   filename: 20200312_194330!003.mp4
07-05 22:39:06.601 21672 23398 W Summariser:   active sections: 0
07-05 22:39:06.601 21672 23398 W Summariser:   time: 06.224s
07-05 22:39:06.601 21672 23398 W Summariser:   original duration: 12.01
07-05 22:39:06.601 21672 23398 W Summariser:   summarised duration: -1.00
07-05 22:39:06.601 21672 23398 W Summariser:   noise tolerance: 45.00
07-05 22:39:06.601 21672 23398 W Summariser:   quality: 23
07-05 22:39:06.601 21672 23398 W Summariser:   speed: medium
07-05 22:39:06.601 21672 23398 W Summariser:   freeze duration: 1.00
07-05 22:39:06.603 21672 23398 V ProcessingVideosEventHandler: onRemove
07-05 22:39:06.615 21672 23398 V SummariserIntentService: onHandleIntent
07-05 22:39:06.619 21672 23398 D SummariserIntentService: Video{id='1607', data='/storage/emulated/0/Download/Nearby/20200312_194730!001.mp4', name='20200312_194730!001.mp4', size=16934031, visible=true, mimeType='video/mp4'}
07-05 22:39:06.619 21672 23398 D SummariserIntentService: /storage/emulated/0/Movies/segment-sum/20200312_194730/20200312_194730!001.mp4
07-05 22:39:06.622 21672 23398 I FfmpegTools: Running ffmpeg with:
07-05 22:39:06.622 21672 23398 I FfmpegTools:   -y -i /storage/emulated/0/Download/Nearby/20200312_194730!001.mp4 -vf freezedetect=n=-45.000000dB:d=1.000000,metadata=mode=print:file=/storage/emulated/0/Movies/raw/20200312_194730!001.txt -f null -
07-05 22:39:06.624 21672 21672 V NearbyFragment: Transfer to Endpoint{id=njPJ, name=Galaxy S8 [2802]} complete
07-05 22:39:06.663 21672 21704 D SummariserIntentService: Scanned /storage/emulated/0/Movies/summarised
07-05 22:39:06.663 21672 21704 D SummariserIntentService:   -> uri=content://media/external/file/1527
07-05 22:39:06.832 21672 22189 W mobile-ffmpeg: [graph 0 input from stream 0:0 @ 0x9376ed60] sws_param option is deprecated and ignored
07-05 22:39:07.053 21672 21672 D NearbyFragment: onPayloadReceived(endpointId=njPJ, payload=com.google.android.gms.nearby.connection.Payload@7298c90)
07-05 22:39:07.054 21672 21672 V NearbyFragment: Started downloading SUMMARISE_SEGMENT:-7770241132918957934:20200312_194830!000.mp4:45.0_1.0_23_medium from Endpoint{id=njPJ, name=Galaxy S8 [2802]}
07-05 22:39:07.072 21672 21672 V NearbyFragment: Transfer to Endpoint{id=njPJ, name=Galaxy S8 [2802]} complete
07-05 22:39:07.286 21672 21672 D NearbyFragment: onPayloadReceived(endpointId=njPJ, payload=com.google.android.gms.nearby.connection.Payload@ce4e989)
07-05 22:39:14.454 21672 21672 V NearbyFragment: Transfer to Endpoint{id=njPJ, name=Galaxy S8 [2802]} complete
07-05 22:39:14.455 21672 21672 W NearbyFragment: Completed downloading 20200312_194830!000.mp4 from Endpoint{id=njPJ, name=Galaxy S8 [2802]} in 07.400s
07-05 22:39:14.467 21672 21672 V FileManager: External storage is readable
07-05 22:39:14.468 21672 21672 V FileManager: Created new directory: /storage/emulated/0/Movies/segment-sum/20200312_194830
07-05 22:39:14.468 21672 21672 D NearbyFragment: Summarising 20200312_194830!000.mp4
07-05 22:39:14.469 21672 21672 V VideoManager: Retrieving video from /storage/emulated/0/Download/Nearby/20200312_194830!000.mp4
07-05 22:39:14.480 21672 21672 V VideoManager: videoFromCursor
07-05 22:39:14.483 21672 21672 V ProcessingVideosEventHandler: onAdd
07-05 22:39:14.484 21672 21672 V RawFootageEventHandler: onRemove
07-05 22:39:14.497 21672 21672 V NearbyFragment: Transfer to Endpoint{id=njPJ, name=Galaxy S8 [2802]} complete
07-05 22:39:16.522 21672 23398 W Summariser: No activity detected
07-05 22:39:16.523 21672 23398 V FfmpegTools: Retrieving duration of /storage/emulated/0/Download/Nearby/20200312_194730!001.mp4
07-05 22:39:16.657 21672 23398 W Summariser: Summarisation completed
07-05 22:39:16.657 21672 23398 W Summariser:   filename: 20200312_194730!001.mp4
07-05 22:39:16.657 21672 23398 W Summariser:   active sections: 0
07-05 22:39:16.657 21672 23398 W Summariser:   time: 09.903s
07-05 22:39:16.657 21672 23398 W Summariser:   original duration: 16.02
07-05 22:39:16.657 21672 23398 W Summariser:   summarised duration: -1.00
07-05 22:39:16.657 21672 23398 W Summariser:   noise tolerance: 45.00
07-05 22:39:16.657 21672 23398 W Summariser:   quality: 23
07-05 22:39:16.657 21672 23398 W Summariser:   speed: medium
07-05 22:39:16.657 21672 23398 W Summariser:   freeze duration: 1.00
07-05 22:39:16.659 21672 23398 V ProcessingVideosEventHandler: onRemove
07-05 22:39:16.674 21672 23398 V SummariserIntentService: onHandleIntent
07-05 22:39:16.677 21672 23398 D SummariserIntentService: Video{id='1647', data='/storage/emulated/0/Download/Nearby/20200312_194730!002.mp4', name='20200312_194730!002.mp4', size=16862320, visible=true, mimeType='video/mp4'}
07-05 22:39:16.677 21672 23398 D SummariserIntentService: /storage/emulated/0/Movies/segment-sum/20200312_194730/20200312_194730!002.mp4
07-05 22:39:16.680 21672 23398 I FfmpegTools: Running ffmpeg with:
07-05 22:39:16.680 21672 23398 I FfmpegTools:   -y -i /storage/emulated/0/Download/Nearby/20200312_194730!002.mp4 -vf freezedetect=n=-45.000000dB:d=1.000000,metadata=mode=print:file=/storage/emulated/0/Movies/raw/20200312_194730!002.txt -f null -
07-05 22:39:16.699 21672 21672 V NearbyFragment: Transfer to Endpoint{id=njPJ, name=Galaxy S8 [2802]} complete
07-05 22:39:16.710 21672 21684 D SummariserIntentService: Scanned /storage/emulated/0/Movies/summarised
07-05 22:39:16.710 21672 21684 D SummariserIntentService:   -> uri=content://media/external/file/1527
07-05 22:39:16.718 21672 21672 D NearbyFragment: onPayloadReceived(endpointId=njPJ, payload=com.google.android.gms.nearby.connection.Payload@33a5da8)
07-05 22:39:16.718 21672 21672 V NearbyFragment: Started downloading SUMMARISE_SEGMENT:-5503549552938562802:20200312_194830!003.mp4:45.0_1.0_23_medium from Endpoint{id=njPJ, name=Galaxy S8 [2802]}
07-05 22:39:16.759 21672 21672 V NearbyFragment: Transfer to Endpoint{id=njPJ, name=Galaxy S8 [2802]} complete
07-05 22:39:16.880 21672 22189 W mobile-ffmpeg: [graph 0 input from stream 0:0 @ 0x903485e0] sws_param option is deprecated and ignored
07-05 22:39:27.554 21672 23398 W Summariser: No activity detected
07-05 22:39:27.556 21672 23398 V FfmpegTools: Retrieving duration of /storage/emulated/0/Download/Nearby/20200312_194730!002.mp4
07-05 22:39:27.693 21672 23398 W Summariser: Summarisation completed
07-05 22:39:27.693 21672 23398 W Summariser:   filename: 20200312_194730!002.mp4
07-05 22:39:27.693 21672 23398 W Summariser:   active sections: 0
07-05 22:39:27.693 21672 23398 W Summariser:   time: 10.877s
07-05 22:39:27.693 21672 23398 W Summariser:   original duration: 16.01
07-05 22:39:27.693 21672 23398 W Summariser:   summarised duration: -1.00
07-05 22:39:27.693 21672 23398 W Summariser:   noise tolerance: 45.00
07-05 22:39:27.693 21672 23398 W Summariser:   quality: 23
07-05 22:39:27.693 21672 23398 W Summariser:   speed: medium
07-05 22:39:27.693 21672 23398 W Summariser:   freeze duration: 1.00
07-05 22:39:27.695 21672 23398 V ProcessingVideosEventHandler: onRemove
07-05 22:39:27.713 21672 23398 V SummariserIntentService: onHandleIntent
07-05 22:39:27.714 21672 23398 D SummariserIntentService: Video{id='1608', data='/storage/emulated/0/Download/Nearby/20200312_194830!000.mp4', name='20200312_194830!000.mp4', size=16910623, visible=true, mimeType='video/mp4'}
07-05 22:39:27.714 21672 23398 D SummariserIntentService: /storage/emulated/0/Movies/segment-sum/20200312_194830/20200312_194830!000.mp4
07-05 22:39:27.717 21672 23398 I FfmpegTools: Running ffmpeg with:
07-05 22:39:27.717 21672 23398 I FfmpegTools:   -y -i /storage/emulated/0/Download/Nearby/20200312_194830!000.mp4 -vf freezedetect=n=-45.000000dB:d=1.000000,metadata=mode=print:file=/storage/emulated/0/Movies/raw/20200312_194830!000.txt -f null -
07-05 22:39:27.723 21672 21672 V NearbyFragment: Transfer to Endpoint{id=njPJ, name=Galaxy S8 [2802]} complete
07-05 22:39:27.855 21672 21684 D SummariserIntentService: Scanned /storage/emulated/0/Movies/summarised
07-05 22:39:27.855 21672 21684 D SummariserIntentService:   -> uri=content://media/external/file/1527
07-05 22:39:27.901 21672 22189 W mobile-ffmpeg: [graph 0 input from stream 0:0 @ 0x90fc6860] sws_param option is deprecated and ignored
07-05 22:39:28.183 21672 21672 D NearbyFragment: onPayloadReceived(endpointId=njPJ, payload=com.google.android.gms.nearby.connection.Payload@3abac54)
07-05 22:39:31.967 21672 21672 V NearbyFragment: Transfer to Endpoint{id=njPJ, name=Galaxy S8 [2802]} complete
07-05 22:39:31.968 21672 21672 W NearbyFragment: Completed downloading 20200312_194830!003.mp4 from Endpoint{id=njPJ, name=Galaxy S8 [2802]} in 15.248s
07-05 22:39:31.983 21672 21672 V FileManager: External storage is readable
07-05 22:39:31.983 21672 21672 V FileManager: Directory already exists: /storage/emulated/0/Movies/segment-sum/20200312_194830
07-05 22:39:31.983 21672 21672 D NearbyFragment: Summarising 20200312_194830!003.mp4
07-05 22:39:31.984 21672 21672 V VideoManager: Retrieving video from /storage/emulated/0/Download/Nearby/20200312_194830!003.mp4
07-05 22:39:31.994 21672 21672 V VideoManager: videoFromCursor
07-05 22:39:31.999 21672 21672 V ProcessingVideosEventHandler: onAdd
07-05 22:39:32.000 21672 21672 V RawFootageEventHandler: onRemove
07-05 22:39:32.010 21672 21672 V NearbyFragment: Transfer to Endpoint{id=njPJ, name=Galaxy S8 [2802]} complete
07-05 22:39:38.889 21672 23398 W Summariser: 1 active sections found
07-05 22:39:38.890 21672 23398 I FfmpegTools: Running ffmpeg with:
07-05 22:39:38.890 21672 23398 I FfmpegTools:   -y -i /storage/emulated/0/Download/Nearby/20200312_194830!000.mp4 -filter_complex [0:v]trim=6.839000:10.742000,setpts=PTS-STARTPTS[v0];[0:a]atrim=6.839000:10.742000,asetpts=PTS-STARTPTS[a0];[v0][a0]concat=n=1:v=1:a=1[outv][outa] -map [outv] -map [outa] -crf 23 -preset medium /storage/emulated/0/Movies/segment-sum/20200312_194830/20200312_194830!000.mp4
07-05 22:39:39.086 21672 22189 W mobile-ffmpeg: [graph 0 input from stream 0:0 @ 0x8d964ae0] sws_param option is deprecated and ignored
07-05 22:39:41.471 21672 21672 D NearbyFragment: onPayloadReceived(endpointId=njPJ, payload=com.google.android.gms.nearby.connection.Payload@14139c0)
07-05 22:39:41.471 21672 21672 V NearbyFragment: Started downloading SUMMARISE_SEGMENT:-4801580172923457670:20200312_194930!001.mp4:45.0_1.0_23_medium from Endpoint{id=njPJ, name=Galaxy S8 [2802]}
07-05 22:39:41.478 21672 21672 V NearbyFragment: Transfer to Endpoint{id=njPJ, name=Galaxy S8 [2802]} complete
07-05 22:39:41.535 21672 21672 D NearbyFragment: onPayloadReceived(endpointId=njPJ, payload=com.google.android.gms.nearby.connection.Payload@2de46f9)
07-05 22:39:47.001 21672 21672 V NearbyFragment: Transfer to Endpoint{id=njPJ, name=Galaxy S8 [2802]} complete
07-05 22:39:47.002 21672 21672 W NearbyFragment: Completed downloading 20200312_194930!001.mp4 from Endpoint{id=njPJ, name=Galaxy S8 [2802]} in 05.529s
07-05 22:39:47.009 21672 21672 V FileManager: External storage is readable
07-05 22:39:47.011 21672 21672 V FileManager: Created new directory: /storage/emulated/0/Movies/segment-sum/20200312_194930
07-05 22:39:47.011 21672 21672 D NearbyFragment: Summarising 20200312_194930!001.mp4
07-05 22:39:47.011 21672 21672 V VideoManager: Retrieving video from /storage/emulated/0/Download/Nearby/20200312_194930!001.mp4
07-05 22:39:47.034 21672 21672 V VideoManager: videoFromCursor
07-05 22:39:47.037 21672 21672 V ProcessingVideosEventHandler: onAdd
07-05 22:39:47.037 21672 21672 V RawFootageEventHandler: onRemove
07-05 22:39:47.043 21672 21672 V NearbyFragment: Transfer to Endpoint{id=njPJ, name=Galaxy S8 [2802]} complete
07-05 22:39:53.251 21672 21672 D NearbyFragment: onPayloadReceived(endpointId=njPJ, payload=com.google.android.gms.nearby.connection.Payload@43359b5)
07-05 22:39:53.252 21672 21672 V NearbyFragment: Started downloading SUMMARISE_SEGMENT:-7023013621708987847:20200312_194930!003.mp4:45.0_1.0_23_medium from Endpoint{id=njPJ, name=Galaxy S8 [2802]}
07-05 22:39:53.254 21672 21672 V NearbyFragment: Transfer to Endpoint{id=njPJ, name=Galaxy S8 [2802]} complete
07-05 22:39:53.286 21672 21672 D NearbyFragment: onPayloadReceived(endpointId=njPJ, payload=com.google.android.gms.nearby.connection.Payload@630884a)
07-05 22:39:57.356 21672 21672 V NearbyFragment: Transfer to Endpoint{id=njPJ, name=Galaxy S8 [2802]} complete
07-05 22:39:57.357 21672 21672 W NearbyFragment: Completed downloading 20200312_194930!003.mp4 from Endpoint{id=njPJ, name=Galaxy S8 [2802]} in 04.104s
07-05 22:39:57.363 21672 21672 V FileManager: External storage is readable
07-05 22:39:57.363 21672 21672 V FileManager: Directory already exists: /storage/emulated/0/Movies/segment-sum/20200312_194930
07-05 22:39:57.364 21672 21672 D NearbyFragment: Summarising 20200312_194930!003.mp4
07-05 22:39:57.364 21672 21672 V VideoManager: Retrieving video from /storage/emulated/0/Download/Nearby/20200312_194930!003.mp4
07-05 22:39:57.376 21672 21672 D VideoManager: videoCursor is null
07-05 22:39:57.409 21672 21672 V VideoManager: videoFromCursor
07-05 22:39:57.412 21672 21672 V ProcessingVideosEventHandler: onAdd
07-05 22:39:57.413 21672 21672 V RawFootageEventHandler: onRemove
07-05 22:39:57.418 21672 21672 V NearbyFragment: Transfer to Endpoint{id=njPJ, name=Galaxy S8 [2802]} complete
07-05 22:40:03.320 21672 23398 V FfmpegTools: Retrieving duration of /storage/emulated/0/Download/Nearby/20200312_194830!000.mp4
07-05 22:40:03.414 21672 23398 V FfmpegTools: Retrieving duration of /storage/emulated/0/Movies/segment-sum/20200312_194830/20200312_194830!000.mp4
07-05 22:40:03.503 21672 23398 W Summariser: Summarisation completed
07-05 22:40:03.503 21672 23398 W Summariser:   filename: 20200312_194830!000.mp4
07-05 22:40:03.503 21672 23398 W Summariser:   active sections: 1
07-05 22:40:03.503 21672 23398 W Summariser:   time: 35.605s
07-05 22:40:03.503 21672 23398 W Summariser:   original duration: 16.06
07-05 22:40:03.503 21672 23398 W Summariser:   summarised duration: 3.97
07-05 22:40:03.503 21672 23398 W Summariser:   noise tolerance: 45.00
07-05 22:40:03.503 21672 23398 W Summariser:   quality: 23
07-05 22:40:03.503 21672 23398 W Summariser:   speed: medium
07-05 22:40:03.503 21672 23398 W Summariser:   freeze duration: 1.00
07-05 22:40:03.504 21672 23398 V VideoManager: Retrieving video from /storage/emulated/0/Movies/segment-sum/20200312_194830/20200312_194830!000.mp4
07-05 22:40:03.512 21672 23398 V VideoManager: videoFromCursor
07-05 22:40:03.516 21672 23398 W NearbyFragment: Sending 20200312_194830!000.mp4 to Galaxy S8 [2802]
07-05 22:40:03.521 21672 23398 V ProcessingVideosEventHandler: onRemove
07-05 22:40:03.544 21672 23398 V SummariserIntentService: onHandleIntent
07-05 22:40:03.546 21672 23398 D SummariserIntentService: Video{id='1667', data='/storage/emulated/0/Download/Nearby/20200312_194830!003.mp4', name='20200312_194830!003.mp4', size=12647949, visible=true, mimeType='video/mp4'}
07-05 22:40:03.546 21672 23398 D SummariserIntentService: /storage/emulated/0/Movies/segment-sum/20200312_194830/20200312_194830!003.mp4
07-05 22:40:03.553 21672 23398 I FfmpegTools: Running ffmpeg with:
07-05 22:40:03.553 21672 23398 I FfmpegTools:   -y -i /storage/emulated/0/Download/Nearby/20200312_194830!003.mp4 -vf freezedetect=n=-45.000000dB:d=1.000000,metadata=mode=print:file=/storage/emulated/0/Movies/raw/20200312_194830!003.txt -f null -
07-05 22:40:03.569 21672 21672 V NearbyFragment: Transfer to Endpoint{id=njPJ, name=Galaxy S8 [2802]} complete
07-05 22:40:03.603 21672 21704 D SummariserIntentService: Scanned /storage/emulated/0/Movies/summarised
07-05 22:40:03.603 21672 21704 D SummariserIntentService:   -> uri=content://media/external/file/1527
07-05 22:40:03.786 21672 21672 V NearbyFragment: Transfer to Endpoint{id=njPJ, name=Galaxy S8 [2802]} complete
07-05 22:40:03.865 21672 22189 W mobile-ffmpeg: [graph 0 input from stream 0:0 @ 0x8d964c00] sws_param option is deprecated and ignored
07-05 22:40:11.428 21672 23398 W Summariser: No activity detected
07-05 22:40:11.430 21672 23398 V FfmpegTools: Retrieving duration of /storage/emulated/0/Download/Nearby/20200312_194830!003.mp4
07-05 22:40:11.518 21672 23398 W Summariser: Summarisation completed
07-05 22:40:11.518 21672 23398 W Summariser:   filename: 20200312_194830!003.mp4
07-05 22:40:11.518 21672 23398 W Summariser:   active sections: 0
07-05 22:40:11.518 21672 23398 W Summariser:   time: 07.883s
07-05 22:40:11.518 21672 23398 W Summariser:   original duration: 11.98
07-05 22:40:11.518 21672 23398 W Summariser:   summarised duration: -1.00
07-05 22:40:11.518 21672 23398 W Summariser:   noise tolerance: 45.00
07-05 22:40:11.518 21672 23398 W Summariser:   quality: 23
07-05 22:40:11.518 21672 23398 W Summariser:   speed: medium
07-05 22:40:11.518 21672 23398 W Summariser:   freeze duration: 1.00
07-05 22:40:11.520 21672 23398 V ProcessingVideosEventHandler: onRemove
07-05 22:40:11.532 21672 23398 V SummariserIntentService: onHandleIntent
07-05 22:40:11.533 21672 23398 D SummariserIntentService: Video{id='1611', data='/storage/emulated/0/Download/Nearby/20200312_194930!001.mp4', name='20200312_194930!001.mp4', size=16827995, visible=true, mimeType='video/mp4'}
07-05 22:40:11.533 21672 23398 D SummariserIntentService: /storage/emulated/0/Movies/segment-sum/20200312_194930/20200312_194930!001.mp4
07-05 22:40:11.537 21672 23398 I FfmpegTools: Running ffmpeg with:
07-05 22:40:11.537 21672 23398 I FfmpegTools:   -y -i /storage/emulated/0/Download/Nearby/20200312_194930!001.mp4 -vf freezedetect=n=-45.000000dB:d=1.000000,metadata=mode=print:file=/storage/emulated/0/Movies/raw/20200312_194930!001.txt -f null -
07-05 22:40:11.539 21672 21672 V NearbyFragment: Transfer to Endpoint{id=njPJ, name=Galaxy S8 [2802]} complete
07-05 22:40:11.695 21672 21685 D SummariserIntentService: Scanned /storage/emulated/0/Movies/summarised
07-05 22:40:11.695 21672 21685 D SummariserIntentService:   -> uri=content://media/external/file/1527
07-05 22:40:11.718 21672 21672 D NearbyFragment: onPayloadReceived(endpointId=njPJ, payload=com.google.android.gms.nearby.connection.Payload@f61e069)
07-05 22:40:11.719 21672 21672 V NearbyFragment: Started downloading SUMMARISE_SEGMENT:-8713235855451793802:20200312_195230!001.mp4:45.0_1.0_23_medium from Endpoint{id=njPJ, name=Galaxy S8 [2802]}
07-05 22:40:11.743 21672 22189 W mobile-ffmpeg: [graph 0 input from stream 0:0 @ 0x8d966f40] sws_param option is deprecated and ignored
07-05 22:40:11.757 21672 21672 V NearbyFragment: Transfer to Endpoint{id=njPJ, name=Galaxy S8 [2802]} complete
07-05 22:40:12.642 21672 21672 D NearbyFragment: onPayloadReceived(endpointId=njPJ, payload=com.google.android.gms.nearby.connection.Payload@942baee)
07-05 22:40:19.683 21672 21672 V NearbyFragment: Transfer to Endpoint{id=njPJ, name=Galaxy S8 [2802]} complete
07-05 22:40:19.684 21672 21672 W NearbyFragment: Completed downloading 20200312_195230!001.mp4 from Endpoint{id=njPJ, name=Galaxy S8 [2802]} in 07.964s
07-05 22:40:19.690 21672 21672 V FileManager: External storage is readable
07-05 22:40:19.691 21672 21672 V FileManager: Created new directory: /storage/emulated/0/Movies/segment-sum/20200312_195230
07-05 22:40:19.691 21672 21672 D NearbyFragment: Summarising 20200312_195230!001.mp4
07-05 22:40:19.691 21672 21672 V VideoManager: Retrieving video from /storage/emulated/0/Download/Nearby/20200312_195230!001.mp4
07-05 22:40:19.698 21672 21672 V VideoManager: videoFromCursor
07-05 22:40:19.701 21672 21672 V ProcessingVideosEventHandler: onAdd
07-05 22:40:19.701 21672 21672 V RawFootageEventHandler: onRemove
07-05 22:40:19.722 21672 21672 V NearbyFragment: Transfer to Endpoint{id=njPJ, name=Galaxy S8 [2802]} complete
07-05 22:40:19.797 21672 21672 D NearbyFragment: onPayloadReceived(endpointId=njPJ, payload=com.google.android.gms.nearby.connection.Payload@42397fa)
07-05 22:40:19.797 21672 21672 V NearbyFragment: Started downloading SUMMARISE_SEGMENT:-6070434663711198585:20200312_195230!003.mp4:45.0_1.0_23_medium from Endpoint{id=njPJ, name=Galaxy S8 [2802]}
07-05 22:40:19.880 21672 21672 V NearbyFragment: Transfer to Endpoint{id=njPJ, name=Galaxy S8 [2802]} complete
07-05 22:40:21.171 21672 23398 W Summariser: 1 active sections found
07-05 22:40:21.172 21672 23398 I FfmpegTools: Running ffmpeg with:
07-05 22:40:21.172 21672 23398 I FfmpegTools:   -y -i /storage/emulated/0/Download/Nearby/20200312_194930!001.mp4 -filter_complex [0:v]trim=0.000000:2.002000,setpts=PTS-STARTPTS[v0];[0:a]atrim=0.000000:2.002000,asetpts=PTS-STARTPTS[a0];[v0][a0]concat=n=1:v=1:a=1[outv][outa] -map [outv] -map [outa] -crf 23 -preset medium /storage/emulated/0/Movies/segment-sum/20200312_194930/20200312_194930!001.mp4
07-05 22:40:21.390 21672 22189 W mobile-ffmpeg: [graph 0 input from stream 0:0 @ 0x8797e040] sws_param option is deprecated and ignored
07-05 22:40:22.894 21672 21672 D NearbyFragment: onPayloadReceived(endpointId=njPJ, payload=com.google.android.gms.nearby.connection.Payload@d211ab)
07-05 22:40:26.999 21672 21672 V NearbyFragment: Transfer to Endpoint{id=njPJ, name=Galaxy S8 [2802]} complete
07-05 22:40:27.000 21672 21672 W NearbyFragment: Completed downloading 20200312_195230!003.mp4 from Endpoint{id=njPJ, name=Galaxy S8 [2802]} in 07.202s
07-05 22:40:27.011 21672 21672 V FileManager: External storage is readable
07-05 22:40:27.011 21672 21672 V FileManager: Directory already exists: /storage/emulated/0/Movies/segment-sum/20200312_195230
07-05 22:40:27.011 21672 21672 D NearbyFragment: Summarising 20200312_195230!003.mp4
07-05 22:40:27.011 21672 21672 V VideoManager: Retrieving video from /storage/emulated/0/Download/Nearby/20200312_195230!003.mp4
07-05 22:40:27.018 21672 21672 V VideoManager: videoFromCursor
07-05 22:40:27.021 21672 21672 V ProcessingVideosEventHandler: onAdd
07-05 22:40:27.021 21672 21672 V RawFootageEventHandler: onRemove
07-05 22:40:27.028 21672 21672 V NearbyFragment: Transfer to Endpoint{id=njPJ, name=Galaxy S8 [2802]} complete
07-05 22:40:30.602 21672 23398 V FfmpegTools: Retrieving duration of /storage/emulated/0/Download/Nearby/20200312_194930!001.mp4
07-05 22:40:30.733 21672 23398 V FfmpegTools: Retrieving duration of /storage/emulated/0/Movies/segment-sum/20200312_194930/20200312_194930!001.mp4
07-05 22:40:30.806 21672 23398 W Summariser: Summarisation completed
07-05 22:40:30.806 21672 23398 W Summariser:   filename: 20200312_194930!001.mp4
07-05 22:40:30.806 21672 23398 W Summariser:   active sections: 1
07-05 22:40:30.806 21672 23398 W Summariser:   time: 19.068s
07-05 22:40:30.806 21672 23398 W Summariser:   original duration: 16.01
07-05 22:40:30.806 21672 23398 W Summariser:   summarised duration: 2.02
07-05 22:40:30.806 21672 23398 W Summariser:   noise tolerance: 45.00
07-05 22:40:30.806 21672 23398 W Summariser:   quality: 23
07-05 22:40:30.806 21672 23398 W Summariser:   speed: medium
07-05 22:40:30.806 21672 23398 W Summariser:   freeze duration: 1.00
07-05 22:40:30.806 21672 23398 V VideoManager: Retrieving video from /storage/emulated/0/Movies/segment-sum/20200312_194930/20200312_194930!001.mp4
