--------- beginning of main
07-05 22:30:34.808  4273  4273 E Zygote  : isWhitelistProcess - Process is Whitelisted
07-05 22:30:34.810  4273  4273 E Zygote  : accessInfo : 1
07-05 22:30:34.826  4273  4273 I example.edgesu: Late-enabling -Xcheck:jni
--------- beginning of system
07-05 22:30:36.330  4273  4273 I ActivityThread: handleStopService: token=android.os.BinderProxy@2ba744a not found.
07-05 22:30:36.340  4273  4273 I TransferService: Starting Transfer Service to listen for network connectivity changes.
07-05 22:30:36.345  4273  4273 W LogFactory: Truncating log tag length as it exceed 23, the limit imposed by Android on certain API Levels
07-05 22:30:36.438  4273  4273 I TransferService: Registering the network receiver
07-05 22:30:36.443  4273  4273 I TransferService: Moving the service out of the Foreground state.
07-05 22:30:36.445  4273  4273 I TransferService: De-registering the network receiver.
07-05 22:30:36.654  4273  4273 W ActivityThread: handleWindowVisibility: no activity for token android.os.BinderProxy@b6ddef0
07-05 22:30:36.663  4273  4292 D vndksupport: Loading /vendor/lib64/egl/libGLES_mali.so from current namespace instead of sphal namespace.
07-05 22:30:36.691  4273  4292 D libEGL  : loaded /vendor/lib64/egl/libGLES_mali.so
07-05 22:30:36.727  4273  4273 W example.edgesu: Accessing hidden method Landroid/graphics/drawable/Drawable;->getOpticalInsets()Landroid/graphics/Insets; (light greylist, linking)
07-05 22:30:36.727  4273  4273 W example.edgesu: Accessing hidden field Landroid/graphics/Insets;->left:I (light greylist, linking)
07-05 22:30:36.727  4273  4273 W example.edgesu: Accessing hidden field Landroid/graphics/Insets;->right:I (light greylist, linking)
07-05 22:30:36.727  4273  4273 W example.edgesu: Accessing hidden field Landroid/graphics/Insets;->top:I (light greylist, linking)
07-05 22:30:36.727  4273  4273 W example.edgesu: Accessing hidden field Landroid/graphics/Insets;->bottom:I (light greylist, linking)
07-05 22:30:36.746  4273  4273 I DecorView: createDecorCaptionView >> DecorView@b3c04dd[], isFloating: false, isApplication: true, hasWindowDecorCaption: false, hasWindowControllerCallback: true
07-05 22:30:36.774  4273  4273 W example.edgesu: Accessing hidden method Landroid/view/View;->computeFitSystemWindows(Landroid/graphics/Rect;Landroid/graphics/Rect;)Z (light greylist, reflection)
07-05 22:30:36.775  4273  4273 W example.edgesu: Accessing hidden method Landroid/view/ViewGroup;->makeOptionalFitsSystemWindows()V (light greylist, reflection)
07-05 22:30:36.881  4273  4273 W example.edgesu: Accessing hidden method Landroid/widget/TextView;->getTextDirectionHeuristic()Landroid/text/TextDirectionHeuristic; (light greylist, linking)
07-05 22:30:36.890  4273  4273 W example.edgesu: Accessing hidden field Landroid/view/View;->mAccessibilityDelegate:Landroid/view/View$AccessibilityDelegate; (light greylist, reflection)
07-05 22:30:36.953  4273  4273 V Repo    : /storage/emulated/0/Movies/raw
07-05 22:30:36.954  4273  4273 V Repo    : /storage/emulated/0/Movies/summarised
07-05 22:30:36.976  4273  4273 V FileManager: External storage is readable
07-05 22:30:36.977  4273  4273 V FileManager: Directory already exists: /storage/emulated/0/Movies/raw
07-05 22:30:36.978  4273  4273 V FileManager: External storage is readable
07-05 22:30:36.978  4273  4273 V FileManager: Directory already exists: /storage/emulated/0/Movies/summarised
07-05 22:30:36.980  4273  4273 V FileManager: External storage is readable
07-05 22:30:36.981  4273  4273 V FileManager: Directory already exists: /storage/emulated/0/Download/nearby
07-05 22:30:36.982  4273  4273 V FileManager: External storage is readable
07-05 22:30:36.983  4273  4273 V FileManager: Directory already exists: /storage/emulated/0/Movies/segment
07-05 22:30:36.984  4273  4273 V FileManager: External storage is readable
07-05 22:30:36.984  4273  4273 V FileManager: Directory already exists: /storage/emulated/0/Movies/segment-sum
07-05 22:30:37.122  4273  4273 V VideoManager: getAllVideoFromExternalStorageFolder
07-05 22:30:37.123  4273  4273 D VideoManager: /storage/emulated/0/Movies/summarised
07-05 22:30:37.131  4273  4273 D VideoManager: 0 videos return
07-05 22:30:37.160  4273  4273 V VideoManager: getAllVideoFromExternalStorageFolder
07-05 22:30:37.162  4273  4273 D VideoManager: /storage/emulated/0/Movies/raw
07-05 22:30:37.166  4273  4273 D VideoManager: 0 videos return
07-05 22:30:37.190  4273  4273 D OpenGLRenderer: Skia GL Pipeline
07-05 22:30:37.193  4273  4273 D EmergencyMode: [EmergencyManager] android createPackageContext successful
07-05 22:30:37.206  4273  4273 D InputTransport: Input channel constructed: fd=64
07-05 22:30:37.207  4273  4273 D ViewRootImpl@f774588[MainActivity]: setView = DecorView@b3c04dd[MainActivity] TM=true MM=false
07-05 22:30:37.211  4273  4273 I TransferService: Starting Transfer Service to listen for network connectivity changes.
07-05 22:30:37.211  4273  4273 I TransferService: Registering the network receiver
07-05 22:30:37.213  4273  4273 E TransferService: No notification is passed in the intent. Unable to transition to foreground.
07-05 22:30:37.237  4273  4286 D MainActivity: Scanned /storage/emulated/0/Movies/raw
07-05 22:30:37.237  4273  4286 D MainActivity:   -> uri=content://media/external/file/138419
07-05 22:30:37.251  4273  4273 D ViewRootImpl@f774588[MainActivity]: dispatchAttachedToWindow
07-05 22:30:37.266  4273  4273 W StaticLayout: maxLineHeight should not be -1.  maxLines:1 lineCount:1
07-05 22:30:37.271  4273  4286 D MainActivity: Scanned /storage/emulated/0/Movies/summarised
07-05 22:30:37.271  4273  4286 D MainActivity:   -> uri=content://media/external/file/138420
07-05 22:30:37.276  4273  4273 W StaticLayout: maxLineHeight should not be -1.  maxLines:1 lineCount:1
07-05 22:30:37.280  4273  4273 W StaticLayout: maxLineHeight should not be -1.  maxLines:1 lineCount:1
07-05 22:30:37.285  4273  4273 W StaticLayout: maxLineHeight should not be -1.  maxLines:1 lineCount:1
07-05 22:30:37.297  4273  4273 D ViewRootImpl@f774588[MainActivity]: Relayout returned: old=[0,0][720,1480] new=[0,0][720,1480] result=0x7 surface={valid=true 519406923776} changed=true
07-05 22:30:37.303  4273  4297 I ConfigStore: android::hardware::configstore::V1_0::ISurfaceFlingerConfigs::hasWideColorDisplay retrieved: 0
07-05 22:30:37.303  4273  4273 W StaticLayout: maxLineHeight should not be -1.  maxLines:1 lineCount:1
07-05 22:30:37.304  4273  4297 I ConfigStore: android::hardware::configstore::V1_0::ISurfaceFlingerConfigs::hasHDRDisplay retrieved: 0
07-05 22:30:37.304  4273  4297 I OpenGLRenderer: Initialized EGL, version 1.4
07-05 22:30:37.304  4273  4297 D OpenGLRenderer: Swap behavior 2
07-05 22:30:37.310  4273  4273 W StaticLayout: maxLineHeight should not be -1.  maxLines:1 lineCount:1
07-05 22:30:37.312  4273  4297 D mali_winsys: EGLint new_window_surface(egl_winsys_display *, void *, EGLSurface, EGLConfig, egl_winsys_surface **, EGLBoolean) returns 0x3000
07-05 22:30:37.312  4273  4297 D OpenGLRenderer: eglCreateWindowSurface = 0x78e85df500, 0x78ef10b010
07-05 22:30:37.320  4273  4273 I TransferNetworkLossHand: Network connectivity changed detected.
07-05 22:30:37.321  4273  4273 I TransferNetworkLossHand: Network connected: true
07-05 22:30:37.323  4273  4313 D TransferNetworkLossHand: Loading transfers from database...
07-05 22:30:37.325  4273  4313 D TransferNetworkLossHand: Closing the cursor for resumeAllTransfers
07-05 22:30:37.326  4273  4313 D TransferNetworkLossHand: 0 transfers are loaded from database.
07-05 22:30:37.400  4273  4297 D vndksupport: Loading /vendor/lib64/hw/android.hardware.graphics.mapper@2.0-impl.so from current namespace instead of sphal namespace.
07-05 22:30:37.420  4273  4273 D ViewRootImpl@f774588[MainActivity]: MSG_RESIZED: frame=Rect(0, 0 - 720, 1480) ci=Rect(0, 48 - 0, 96) vi=Rect(0, 48 - 0, 96) or=1
07-05 22:30:37.422  4273  4273 D ViewRootImpl@f774588[MainActivity]: setWindowStopped(false) old=false
07-05 22:30:37.427  4273  4273 D ViewRootImpl@f774588[MainActivity]: MSG_WINDOW_FOCUS_CHANGED 1 1
07-05 22:30:37.429  4273  4273 D InputMethodManager: prepareNavigationBarInfo() DecorView@b3c04dd[MainActivity]
07-05 22:30:37.429  4273  4273 D InputMethodManager: getNavigationBarColor() -855310
07-05 22:30:37.434  4273  4273 D InputMethodManager: prepareNavigationBarInfo() DecorView@b3c04dd[MainActivity]
07-05 22:30:37.434  4273  4273 D InputMethodManager: getNavigationBarColor() -855310
07-05 22:30:37.434  4273  4273 V InputMethodManager: Starting input: tba=com.example.edgesum ic=null mNaviBarColor -855310 mIsGetNaviBarColorSuccess true , NavVisible : true , NavTrans : false
07-05 22:30:37.434  4273  4273 D InputMethodManager: startInputInner - Id : 0
07-05 22:30:37.434  4273  4273 I InputMethodManager: startInputInner - mService.startInputOrWindowGainedFocus
07-05 22:30:37.438  4273  4286 D InputTransport: Input channel constructed: fd=74
07-05 22:30:37.470  4273  4273 D InputMethodManager: prepareNavigationBarInfo() DecorView@b3c04dd[MainActivity]
07-05 22:30:37.470  4273  4273 D InputMethodManager: getNavigationBarColor() -855310
07-05 22:30:37.470  4273  4273 V InputMethodManager: Starting input: tba=com.example.edgesum ic=null mNaviBarColor -855310 mIsGetNaviBarColorSuccess true , NavVisible : true , NavTrans : false
07-05 22:30:37.470  4273  4273 D InputMethodManager: startInputInner - Id : 0
07-05 22:30:43.540  4273  4273 D ViewRootImpl@f774588[MainActivity]: ViewPostIme pointer 0
07-05 22:30:43.605  4273  4273 D ViewRootImpl@f774588[MainActivity]: ViewPostIme pointer 1
07-05 22:30:43.620  4273  4273 V MainActivity: Connect button clicked
07-05 22:30:44.857  4273  4273 D ViewRootImpl@f774588[MainActivity]: ViewPostIme pointer 0
07-05 22:30:44.894  4273  4273 D ViewRootImpl@f774588[MainActivity]: ViewPostIme pointer 1
07-05 22:30:44.902  4273  4273 V ConnectionFragment: Advertisement switch checked
07-05 22:30:46.467  4273  4273 D NearbyFragment: Started advertising
07-05 22:30:56.570  4273  4273 D NearbyFragment: Initiated connection with Qd2N: Nexus 5X [34d8]
07-05 22:30:56.591  4273  4273 D Dialog  : mIsSamsungBasicInteraction = false
07-05 22:30:56.591  4273  4273 D Dialog  : mIsSamsungBasicInteraction = false, isMetaDataInActivity = false
07-05 22:30:56.630  4273  4273 I DecorView: createDecorCaptionView >> DecorView@8a02a38[], isFloating: true, isApplication: true, hasWindowDecorCaption: false, hasWindowControllerCallback: false
07-05 22:30:56.717  4273  4273 D ScrollView: initGoToTop
07-05 22:30:56.768  4273  4273 D InputTransport: Input channel constructed: fd=76
07-05 22:30:56.771  4273  4273 D ViewRootImpl@66f5c14[MainActivity]: setView = DecorView@8a02a38[MainActivity] TM=true MM=false
07-05 22:30:56.784  4273  4273 W example.edgesu: Accessing hidden method Landroid/graphics/FontFamily;-><init>()V (light greylist, reflection)
07-05 22:30:56.784  4273  4273 W example.edgesu: Accessing hidden method Landroid/graphics/FontFamily;->addFontFromAssetManager(Landroid/content/res/AssetManager;Ljava/lang/String;IZIII[Landroid/graphics/fonts/FontVariationAxis;)Z (light greylist, reflection)
07-05 22:30:56.784  4273  4273 W example.edgesu: Accessing hidden method Landroid/graphics/FontFamily;->addFontFromBuffer(Ljava/nio/ByteBuffer;I[Landroid/graphics/fonts/FontVariationAxis;II)Z (light greylist, reflection)
07-05 22:30:56.784  4273  4273 W example.edgesu: Accessing hidden method Landroid/graphics/FontFamily;->freeze()Z (light greylist, reflection)
07-05 22:30:56.784  4273  4273 W example.edgesu: Accessing hidden method Landroid/graphics/FontFamily;->abortCreation()V (light greylist, reflection)
07-05 22:30:56.785  4273  4273 W example.edgesu: Accessing hidden method Landroid/graphics/Typeface;->createFromFamiliesWithDefault([Landroid/graphics/FontFamily;Ljava/lang/String;II)Landroid/graphics/Typeface; (light greylist, reflection)
07-05 22:30:56.844  4273  4273 D ViewRootImpl@66f5c14[MainActivity]: dispatchAttachedToWindow
07-05 22:30:56.899  4273  4273 D ViewRootImpl@66f5c14[MainActivity]: Relayout returned: old=[0,48][720,1384] new=[18,508][702,923] result=0x7 surface={valid=true 518996639744} changed=true
07-05 22:30:56.904  4273  4297 D mali_winsys: EGLint new_window_surface(egl_winsys_display *, void *, EGLSurface, EGLConfig, egl_winsys_surface **, EGLBoolean) returns 0x3000
07-05 22:30:56.904  4273  4297 D OpenGLRenderer: eglCreateWindowSurface = 0x78d63e9700, 0x78d69c4010
07-05 22:30:56.924  4273  4273 D ScrollView:  onsize change changed 
07-05 22:30:56.935  4273  4273 D ViewRootImpl@66f5c14[MainActivity]: MSG_WINDOW_FOCUS_CHANGED 1 1
07-05 22:30:56.976  4273  4273 D ViewRootImpl@66f5c14[MainActivity]: MSG_RESIZED: frame=Rect(18, 508 - 702, 923) ci=Rect(0, 0 - 0, 0) vi=Rect(0, 0 - 0, 0) or=1
07-05 22:30:57.006  4273  4273 D ViewRootImpl@f774588[MainActivity]: MSG_WINDOW_FOCUS_CHANGED 0 1
07-05 22:30:57.006  4273  4273 D InputMethodManager: prepareNavigationBarInfo() DecorView@b3c04dd[MainActivity]
07-05 22:30:57.006  4273  4273 D InputMethodManager: getNavigationBarColor() -855310
07-05 22:30:58.106  4273  4273 D ViewRootImpl@66f5c14[MainActivity]: ViewPostIme pointer 0
07-05 22:30:58.166  4273  4273 D ViewRootImpl@66f5c14[MainActivity]: ViewPostIme pointer 1
07-05 22:30:58.194  4273  4297 W libEGL  : EGLNativeWindowType 0x78d69c4010 disconnect failed
07-05 22:30:58.195  4273  4297 D OpenGLRenderer: eglDestroySurface = 0x78d63e9700, 0x78d69c4000
07-05 22:30:58.195  4273  4297 D OpenGLRenderer: endAllActiveAnimators on 0x78d5f98900 (RippleDrawable) with handle 0x78d68db680
07-05 22:30:58.195  4273  4273 D ViewRootImpl@66f5c14[MainActivity]: dispatchDetachedFromWindow
07-05 22:30:58.196  4273  4273 D ViewRootImpl@66f5c14[MainActivity]: Surface release. android.view.ViewRootImpl.doDie:7979 android.view.ViewRootImpl.die:7947 android.view.WindowManagerGlobal.removeViewLocked:497 android.view.WindowManagerGlobal.removeView:435 android.view.WindowManagerImpl.removeViewImmediate:124 android.app.Dialog.dismissDialog:518 android.app.Dialog.dismiss:501 androidx.appcompat.app.AlertController$ButtonHandler.handleMessage:171 
07-05 22:30:58.216  4273  4273 D InputTransport: Input channel destroyed: fd=76
07-05 22:30:58.224  4273  4273 D ViewRootImpl@f774588[MainActivity]: MSG_WINDOW_FOCUS_CHANGED 1 1
07-05 22:30:58.225  4273  4273 D InputMethodManager: prepareNavigationBarInfo() DecorView@b3c04dd[MainActivity]
07-05 22:30:58.225  4273  4273 D InputMethodManager: getNavigationBarColor() -855310
07-05 22:30:58.236  4273  4273 E ViewRootImpl: sendUserActionEvent() returned.
07-05 22:30:58.883  4273  4273 I NearbyFragment: Connected to Endpoint{id=Qd2N, name=Nexus 5X [34d8]}
07-05 22:31:17.008  4273  4273 D NearbyFragment: Initiated connection with w2Lc: Nexus 5 [1825]
07-05 22:31:17.016  4273  4273 D Dialog  : mIsSamsungBasicInteraction = false
07-05 22:31:17.016  4273  4273 D Dialog  : mIsSamsungBasicInteraction = false, isMetaDataInActivity = false
07-05 22:31:17.035  4273  4273 I DecorView: createDecorCaptionView >> DecorView@ba42c4b[], isFloating: true, isApplication: true, hasWindowDecorCaption: false, hasWindowControllerCallback: false
07-05 22:31:17.092  4273  4273 D ScrollView: initGoToTop
07-05 22:31:17.148  4273  4273 D InputTransport: Input channel constructed: fd=76
07-05 22:31:17.151  4273  4273 D ViewRootImpl@25752be[MainActivity]: setView = DecorView@ba42c4b[MainActivity] TM=true MM=false
07-05 22:31:17.206  4273  4273 D ViewRootImpl@25752be[MainActivity]: dispatchAttachedToWindow
07-05 22:31:17.235  4273  4278 I example.edgesu: Compiler allocated 4MB to compile void android.widget.TextView.<init>(android.content.Context, android.util.AttributeSet, int, int)
07-05 22:31:17.272  4273  4273 D ViewRootImpl@25752be[MainActivity]: Relayout returned: old=[0,48][720,1384] new=[18,508][702,923] result=0x7 surface={valid=true 518992277504} changed=true
07-05 22:31:17.277  4273  4297 D mali_winsys: EGLint new_window_surface(egl_winsys_display *, void *, EGLSurface, EGLConfig, egl_winsys_surface **, EGLBoolean) returns 0x3000
07-05 22:31:17.277  4273  4297 D OpenGLRenderer: eglCreateWindowSurface = 0x78d5f9cf00, 0x78d659b010
07-05 22:31:17.289  4273  4273 D ScrollView:  onsize change changed 
07-05 22:31:17.300  4273  4273 D ViewRootImpl@25752be[MainActivity]: MSG_WINDOW_FOCUS_CHANGED 1 1
07-05 22:31:17.331  4273  4273 D ViewRootImpl@25752be[MainActivity]: MSG_RESIZED: frame=Rect(18, 508 - 702, 923) ci=Rect(0, 0 - 0, 0) vi=Rect(0, 0 - 0, 0) or=1
07-05 22:31:17.371  4273  4273 D ViewRootImpl@f774588[MainActivity]: MSG_WINDOW_FOCUS_CHANGED 0 1
07-05 22:31:17.372  4273  4273 D InputMethodManager: prepareNavigationBarInfo() DecorView@b3c04dd[MainActivity]
07-05 22:31:17.372  4273  4273 D InputMethodManager: getNavigationBarColor() -855310
07-05 22:31:18.511  4273  4273 D ViewRootImpl@25752be[MainActivity]: ViewPostIme pointer 0
07-05 22:31:18.559  4273  4273 D ViewRootImpl@25752be[MainActivity]: ViewPostIme pointer 1
07-05 22:31:18.590  4273  4297 W libEGL  : EGLNativeWindowType 0x78d659b010 disconnect failed
07-05 22:31:18.590  4273  4297 D OpenGLRenderer: eglDestroySurface = 0x78d5f9cf00, 0x78d659b000
07-05 22:31:18.590  4273  4297 D OpenGLRenderer: endAllActiveAnimators on 0x78d143e000 (RippleDrawable) with handle 0x78d63b08a0
07-05 22:31:18.590  4273  4273 D ViewRootImpl@25752be[MainActivity]: dispatchDetachedFromWindow
07-05 22:31:18.591  4273  4273 D ViewRootImpl@25752be[MainActivity]: Surface release. android.view.ViewRootImpl.doDie:7979 android.view.ViewRootImpl.die:7947 android.view.WindowManagerGlobal.removeViewLocked:497 android.view.WindowManagerGlobal.removeView:435 android.view.WindowManagerImpl.removeViewImmediate:124 android.app.Dialog.dismissDialog:518 android.app.Dialog.dismiss:501 androidx.appcompat.app.AlertController$ButtonHandler.handleMessage:171 
07-05 22:31:18.615  4273  4273 D InputTransport: Input channel destroyed: fd=76
07-05 22:31:18.621  4273  4273 D ViewRootImpl@f774588[MainActivity]: MSG_WINDOW_FOCUS_CHANGED 1 1
07-05 22:31:18.621  4273  4273 D InputMethodManager: prepareNavigationBarInfo() DecorView@b3c04dd[MainActivity]
07-05 22:31:18.622  4273  4273 D InputMethodManager: getNavigationBarColor() -855310
07-05 22:31:18.631  4273  4273 E ViewRootImpl: sendUserActionEvent() returned.
07-05 22:31:19.716  4273  4273 I NearbyFragment: Connected to Endpoint{id=w2Lc, name=Nexus 5 [1825]}
07-05 22:31:22.303  4273  4273 D ViewRootImpl@f774588[MainActivity]: ViewPostIme pointer 0
07-05 22:31:22.350  4273  4273 D ViewRootImpl@f774588[MainActivity]: ViewPostIme pointer 1
07-05 22:31:22.357  4273  4273 V ConnectionFragment: Advertisement switch unchecked
07-05 22:31:22.357  4273  4273 D NearbyFragment: Stopped advertising
07-05 22:31:33.062  4273  4273 D ViewRootImpl@f774588[MainActivity]: ViewPostIme pointer 0
07-05 22:31:33.111  4273  4273 D ViewRootImpl@f774588[MainActivity]: ViewPostIme pointer 1
07-05 22:31:33.116  4273  4273 V ConnectionFragment: Auto-send switch checked
07-05 22:31:33.178  4273  4273 W NearbyFragment: Preferences:
07-05 22:31:33.178  4273  4273 W NearbyFragment:   Auto download: true
07-05 22:31:33.178  4273  4273 W NearbyFragment:   Algorithm: ordered
07-05 22:31:33.178  4273  4273 W NearbyFragment:   Fast scheduling: true
07-05 22:31:33.178  4273  4273 W NearbyFragment:   Segmentation: true
07-05 22:31:33.178  4273  4273 W NearbyFragment:   Auto segmentation: false
07-05 22:31:33.178  4273  4273 W NearbyFragment:   Segment number: 4
07-05 22:31:33.178  4273  4273 W NearbyFragment:   Noise tolerance: 45.00
07-05 22:31:33.178  4273  4273 W NearbyFragment:   Quality: 23
07-05 22:31:33.178  4273  4273 W NearbyFragment:   Speed: medium
07-05 22:31:33.178  4273  4273 W NearbyFragment:   Freeze duration: 1.00
07-05 22:31:33.179  4273  4273 W NearbyFragment: Download delay: 1s
07-05 22:31:33.179  4273  4273 W NearbyFragment: Started downloading from dashcam
07-05 22:31:33.183  4273  4777 V DownloadTestVideosTask: Starting DownloadTestVideosTask
07-05 22:31:33.195  4273  4777 V DashDownloadManager: Started downloading: 20200312_150643.mp4
07-05 22:31:33.213  4273  4777 D NetworkSecurityConfig: No Network Security Config specified, using platform default
07-05 22:31:33.217  4273  4777 I System.out: (HTTPLog)-Static: isSBSettingEnabled false
07-05 22:31:33.218  4273  4777 I System.out: (HTTPLog)-Static: isSBSettingEnabled false
07-05 22:31:33.224  4273  4777 D TcpOptimizer: TcpOptimizer-ON
07-05 22:31:33.236  4273  4777 I System.out: (HTTPLog)-Thread-2461-62081836: getTransferStream : ContentLength=69990400, method=GET, HTTPVersion=http/1.1
07-05 22:31:50.729  4273  4777 V VideoManager: Retrieving video from /storage/emulated/0/Movies/raw/20200312_150643.mp4
07-05 22:31:50.776  4273  4777 D VideoManager: videoCursor is null
07-05 22:31:50.862  4273  4777 V VideoManager: videoFromCursor
07-05 22:31:50.869  4273  4777 W DashDownloadManager: Successfully downloaded 20200312_150643.mp4 in 17.510s
07-05 22:31:50.871  4273  4777 V DownloadTestVideosTask: Entering callback for download completion of 20200312_150643.mp4
07-05 22:31:50.874  4273  4777 V RawFootageEventHandler: onAdd
07-05 22:31:50.881  4273  4777 V FfmpegTools: Retrieving duration of /storage/emulated/0/Movies/raw/20200312_150643.mp4
07-05 22:31:50.887  4273  4777 I mobile-ffmpeg: Loading mobile-ffmpeg.
07-05 22:31:50.977  4273  4777 I mobile-ffmpeg: Loaded mobile-ffmpeg-full-gpl-arm64-v8a-4.3.2-20200415.
07-05 22:31:50.982  4273  4789 D mobile-ffmpeg: Callback thread started.
07-05 22:31:50.988  4273  4789 W mobile-ffmpeg: [mov,mp4,m4a,3gp,3g2,mj2 @ 0x78ef0ba400] Found duplicated MOOV Atom. Skipped it
07-05 22:31:51.070  4273  4789 I mobile-ffmpeg: Input #0, mov,mp4,m4a,3gp,3g2,mj2, from '/storage/emulated/0/Movies/raw/20200312_150643.mp4':
07-05 22:31:51.070  4273  4789 I mobile-ffmpeg:   Metadata:
07-05 22:31:51.070  4273  4789 I mobile-ffmpeg:     creation_time   : 
07-05 22:31:51.070  4273  4789 I mobile-ffmpeg: 2020-03-12T04:07:43.000000Z
07-05 22:31:51.070  4273  4789 I mobile-ffmpeg: 
07-05 22:31:51.070  4273  4789 I mobile-ffmpeg:     major_brand     : 
07-05 22:31:51.070  4273  4789 I mobile-ffmpeg: mp42
07-05 22:31:51.070  4273  4789 I mobile-ffmpeg: 
07-05 22:31:51.070  4273  4789 I mobile-ffmpeg:     minor_version   : 
07-05 22:31:51.070  4273  4789 I mobile-ffmpeg: 1
07-05 22:31:51.070  4273  4789 I mobile-ffmpeg: 
07-05 22:31:51.070  4273  4789 I mobile-ffmpeg:     compatible_brands: 
07-05 22:31:51.070  4273  4789 I mobile-ffmpeg: mp42mp42
07-05 22:31:51.070  4273  4789 I mobile-ffmpeg: 
07-05 22:31:51.071  4273  4789 I mobile-ffmpeg:   Duration: 
07-05 22:31:51.071  4273  4789 I mobile-ffmpeg: 00:01:00.02
07-05 22:31:51.071  4273  4789 I mobile-ffmpeg: , start: 
07-05 22:31:51.071  4273  4789 I mobile-ffmpeg: 0.000000
07-05 22:31:51.071  4273  4789 I mobile-ffmpeg: , bitrate: 
07-05 22:31:51.071  4273  4789 I mobile-ffmpeg: 9328 kb/s
07-05 22:31:51.071  4273  4789 I mobile-ffmpeg: 
07-05 22:31:51.071  4273  4789 I mobile-ffmpeg:     Stream #0:0
07-05 22:31:51.071  4273  4789 I mobile-ffmpeg: (eng)
07-05 22:31:51.071  4273  4789 I mobile-ffmpeg: : Video: h264 (avc1 / 0x31637661), yuvj420p(pc, bt709), 1280x720, 8381 kb/s
07-05 22:31:51.071  4273  4789 I mobile-ffmpeg: , 
07-05 22:31:51.071  4273  4789 I mobile-ffmpeg: 29.97 fps, 
07-05 22:31:51.071  4273  4789 I mobile-ffmpeg: 29.97 tbr, 
07-05 22:31:51.071  4273  4789 I mobile-ffmpeg: 1k tbn, 
07-05 22:31:51.071  4273  4789 I mobile-ffmpeg: 2k tbc
07-05 22:31:51.071  4273  4789 I mobile-ffmpeg:  (default)
07-05 22:31:51.071  4273  4789 I mobile-ffmpeg: 
07-05 22:31:51.071  4273  4789 I mobile-ffmpeg:     Metadata:
07-05 22:31:51.071  4273  4789 I mobile-ffmpeg:       creation_time   : 
07-05 22:31:51.071  4273  4789 I mobile-ffmpeg: 2020-03-12T04:07:43.000000Z
07-05 22:31:51.072  4273  4789 I mobile-ffmpeg: 
07-05 22:31:51.072  4273  4789 I mobile-ffmpeg:       handler_name    : 
07-05 22:31:51.072  4273  4789 I mobile-ffmpeg: PittaSoft Video Media Handler
07-05 22:31:51.072  4273  4789 I mobile-ffmpeg: 
07-05 22:31:51.072  4273  4789 I mobile-ffmpeg:     Stream #0:1
07-05 22:31:51.072  4273  4789 I mobile-ffmpeg: (eng)
07-05 22:31:51.072  4273  4789 I mobile-ffmpeg: : Audio: aac (mp4a / 0x6134706D), 16000 Hz, stereo, fltp, 47 kb/s
07-05 22:31:51.072  4273  4789 I mobile-ffmpeg:  (default)
07-05 22:31:51.072  4273  4789 I mobile-ffmpeg: 
07-05 22:31:51.072  4273  4789 I mobile-ffmpeg:     Metadata:
07-05 22:31:51.072  4273  4789 I mobile-ffmpeg:       creation_time   : 
07-05 22:31:51.072  4273  4789 I mobile-ffmpeg: 2020-03-12T04:07:43.000000Z
07-05 22:31:51.072  4273  4789 I mobile-ffmpeg: 
07-05 22:31:51.072  4273  4789 I mobile-ffmpeg:       handler_name    : 
07-05 22:31:51.072  4273  4789 I mobile-ffmpeg: PittaSoft Sound Media Handler
07-05 22:31:51.072  4273  4789 I mobile-ffmpeg: 
07-05 22:31:51.101  4273  4777 V FileManager: External storage is readable
07-05 22:31:51.103  4273  4777 V FileManager: Created new directory: /storage/emulated/0/Movies/segment/20200312_150643
07-05 22:31:51.103  4273  4777 V FfmpegTools: Splitting /storage/emulated/0/Movies/raw/20200312_150643.mp4 with 16s long segments
07-05 22:31:51.105  4273  4777 I FfmpegTools: Running ffmpeg with:
07-05 22:31:51.105  4273  4777 I FfmpegTools:   -y -i /storage/emulated/0/Movies/raw/20200312_150643.mp4 -map 0 -c copy -f segment -reset_timestamps 1 -segment_time 16 /storage/emulated/0/Movies/segment/20200312_150643/20200312_150643!%03d.mp4
07-05 22:31:51.115  4273  4789 W mobile-ffmpeg: [mov,mp4,m4a,3gp,3g2,mj2 @ 0x78ef0ba400] Found duplicated MOOV Atom. Skipped it
07-05 22:31:51.178  4273  4789 I mobile-ffmpeg: Input #0, mov,mp4,m4a,3gp,3g2,mj2, from '/storage/emulated/0/Movies/raw/20200312_150643.mp4':
07-05 22:31:51.178  4273  4789 I mobile-ffmpeg:   Metadata:
07-05 22:31:51.178  4273  4789 I mobile-ffmpeg:     creation_time   : 
07-05 22:31:51.178  4273  4789 I mobile-ffmpeg: 2020-03-12T04:07:43.000000Z
07-05 22:31:51.178  4273  4789 I mobile-ffmpeg: 
07-05 22:31:51.179  4273  4789 I mobile-ffmpeg:     major_brand     : 
07-05 22:31:51.179  4273  4789 I mobile-ffmpeg: mp42
07-05 22:31:51.179  4273  4789 I mobile-ffmpeg: 
07-05 22:31:51.179  4273  4789 I mobile-ffmpeg:     minor_version   : 
07-05 22:31:51.179  4273  4789 I mobile-ffmpeg: 1
07-05 22:31:51.179  4273  4789 I mobile-ffmpeg: 
07-05 22:31:51.179  4273  4789 I mobile-ffmpeg:     compatible_brands: 
07-05 22:31:51.179  4273  4789 I mobile-ffmpeg: mp42mp42
07-05 22:31:51.179  4273  4789 I mobile-ffmpeg: 
07-05 22:31:51.179  4273  4789 I mobile-ffmpeg:   Duration: 
07-05 22:31:51.179  4273  4789 I mobile-ffmpeg: 00:01:00.02
07-05 22:31:51.179  4273  4789 I mobile-ffmpeg: , start: 
07-05 22:31:51.179  4273  4789 I mobile-ffmpeg: 0.000000
07-05 22:31:51.179  4273  4789 I mobile-ffmpeg: , bitrate: 
07-05 22:31:51.179  4273  4789 I mobile-ffmpeg: 9328 kb/s
07-05 22:31:51.179  4273  4789 I mobile-ffmpeg: 
07-05 22:31:51.180  4273  4789 I mobile-ffmpeg:     Stream #0:0
07-05 22:31:51.180  4273  4789 I mobile-ffmpeg: (eng)
07-05 22:31:51.180  4273  4789 I mobile-ffmpeg: : Video: h264 (avc1 / 0x31637661), yuvj420p(pc, bt709), 1280x720, 8381 kb/s
07-05 22:31:51.180  4273  4789 I mobile-ffmpeg: , 
07-05 22:31:51.180  4273  4789 I mobile-ffmpeg: 29.97 fps, 
07-05 22:31:51.180  4273  4789 I mobile-ffmpeg: 29.97 tbr, 
07-05 22:31:51.180  4273  4789 I mobile-ffmpeg: 1k tbn, 
07-05 22:31:51.180  4273  4789 I mobile-ffmpeg: 2k tbc
07-05 22:31:51.180  4273  4789 I mobile-ffmpeg:  (default)
07-05 22:31:51.180  4273  4789 I mobile-ffmpeg: 
07-05 22:31:51.180  4273  4789 I mobile-ffmpeg:     Metadata:
07-05 22:31:51.180  4273  4789 I mobile-ffmpeg:       creation_time   : 
07-05 22:31:51.180  4273  4789 I mobile-ffmpeg: 2020-03-12T04:07:43.000000Z
07-05 22:31:51.180  4273  4789 I mobile-ffmpeg: 
07-05 22:31:51.180  4273  4789 I mobile-ffmpeg:       handler_name    : 
07-05 22:31:51.181  4273  4789 I mobile-ffmpeg: PittaSoft Video Media Handler
07-05 22:31:51.181  4273  4789 I mobile-ffmpeg: 
07-05 22:31:51.181  4273  4789 I mobile-ffmpeg:     Stream #0:1
07-05 22:31:51.181  4273  4789 I mobile-ffmpeg: (eng)
07-05 22:31:51.181  4273  4789 I mobile-ffmpeg: : Audio: aac (mp4a / 0x6134706D), 16000 Hz, stereo, fltp, 47 kb/s
07-05 22:31:51.181  4273  4789 I mobile-ffmpeg:  (default)
07-05 22:31:51.181  4273  4789 I mobile-ffmpeg: 
07-05 22:31:51.181  4273  4789 I mobile-ffmpeg:     Metadata:
07-05 22:31:51.181  4273  4789 I mobile-ffmpeg:       creation_time   : 
07-05 22:31:51.181  4273  4789 I mobile-ffmpeg: 2020-03-12T04:07:43.000000Z
07-05 22:31:51.181  4273  4789 I mobile-ffmpeg: 
07-05 22:31:51.181  4273  4789 I mobile-ffmpeg:       handler_name    : 
07-05 22:31:51.181  4273  4789 I mobile-ffmpeg: PittaSoft Sound Media Handler
07-05 22:31:51.181  4273  4789 I mobile-ffmpeg: 
07-05 22:31:51.182  4273  4789 I mobile-ffmpeg: [segment @ 0x78d60e5400] Opening '/storage/emulated/0/Movies/segment/20200312_150643/20200312_150643!000.mp4' for writing
07-05 22:31:51.182  4273  4789 I mobile-ffmpeg: Output #0, segment, to '/storage/emulated/0/Movies/segment/20200312_150643/20200312_150643!%03d.mp4':
07-05 22:31:51.182  4273  4789 I mobile-ffmpeg:   Metadata:
07-05 22:31:51.182  4273  4789 I mobile-ffmpeg:     compatible_brands: 
07-05 22:31:51.182  4273  4789 I mobile-ffmpeg: mp42mp42
07-05 22:31:51.182  4273  4789 I mobile-ffmpeg: 
07-05 22:31:51.182  4273  4789 I mobile-ffmpeg:     major_brand     : 
07-05 22:31:51.182  4273  4789 I mobile-ffmpeg: mp42
07-05 22:31:51.182  4273  4789 I mobile-ffmpeg: 
07-05 22:31:51.182  4273  4789 I mobile-ffmpeg:     minor_version   : 
07-05 22:31:51.182  4273  4789 I mobile-ffmpeg: 1
07-05 22:31:51.182  4273  4789 I mobile-ffmpeg: 
07-05 22:31:51.182  4273  4789 I mobile-ffmpeg:     encoder         : 
07-05 22:31:51.182  4273  4789 I mobile-ffmpeg: Lavf58.42.100
07-05 22:31:51.182  4273  4789 I mobile-ffmpeg: 
07-05 22:31:51.183  4273  4789 I mobile-ffmpeg:     Stream #0:0
07-05 22:31:51.183  4273  4789 I mobile-ffmpeg: (eng)
07-05 22:31:51.183  4273  4789 I mobile-ffmpeg: : Video: h264 (avc1 / 0x31637661), yuvj420p(pc, bt709), 1280x720, q=2-31, 8381 kb/s
07-05 22:31:51.183  4273  4789 I mobile-ffmpeg: , 
07-05 22:31:51.183  4273  4789 I mobile-ffmpeg: 29.97 fps, 
07-05 22:31:51.183  4273  4789 I mobile-ffmpeg: 29.97 tbr, 
07-05 22:31:51.183  4273  4789 I mobile-ffmpeg: 16k tbn, 
07-05 22:31:51.183  4273  4789 I mobile-ffmpeg: 1k tbc
07-05 22:31:51.183  4273  4789 I mobile-ffmpeg:  (default)
07-05 22:31:51.183  4273  4789 I mobile-ffmpeg: 
07-05 22:31:51.183  4273  4789 I mobile-ffmpeg:     Metadata:
07-05 22:31:51.183  4273  4789 I mobile-ffmpeg:       creation_time   : 
07-05 22:31:51.183  4273  4789 I mobile-ffmpeg: 2020-03-12T04:07:43.000000Z
07-05 22:31:51.183  4273  4789 I mobile-ffmpeg: 
07-05 22:31:51.183  4273  4789 I mobile-ffmpeg:       handler_name    : 
07-05 22:31:51.183  4273  4789 I mobile-ffmpeg: PittaSoft Video Media Handler
07-05 22:31:51.183  4273  4789 I mobile-ffmpeg: 
07-05 22:31:51.184  4273  4789 I mobile-ffmpeg:     Stream #0:1
07-05 22:31:51.184  4273  4789 I mobile-ffmpeg: (eng)
07-05 22:31:51.184  4273  4789 I mobile-ffmpeg: : Audio: aac (mp4a / 0x6134706D), 16000 Hz, stereo, fltp, 47 kb/s
07-05 22:31:51.184  4273  4789 I mobile-ffmpeg:  (default)
07-05 22:31:51.184  4273  4789 I mobile-ffmpeg: 
07-05 22:31:51.184  4273  4789 I mobile-ffmpeg:     Metadata:
07-05 22:31:51.184  4273  4789 I mobile-ffmpeg:       creation_time   : 
07-05 22:31:51.184  4273  4789 I mobile-ffmpeg: 2020-03-12T04:07:43.000000Z
07-05 22:31:51.184  4273  4789 I mobile-ffmpeg: 
07-05 22:31:51.184  4273  4789 I mobile-ffmpeg:       handler_name    : 
07-05 22:31:51.184  4273  4789 I mobile-ffmpeg: PittaSoft Sound Media Handler
07-05 22:31:51.184  4273  4789 I mobile-ffmpeg: 
07-05 22:31:51.184  4273  4789 I mobile-ffmpeg: Stream mapping:
07-05 22:31:51.184  4273  4789 I mobile-ffmpeg:   Stream #0:0 -> #0:0
07-05 22:31:51.184  4273  4789 I mobile-ffmpeg:  (copy)
07-05 22:31:51.184  4273  4789 I mobile-ffmpeg: 
07-05 22:31:51.184  4273  4789 I mobile-ffmpeg:   Stream #0:1 -> #0:1
07-05 22:31:51.185  4273  4789 I mobile-ffmpeg:  (copy)
07-05 22:31:51.185  4273  4789 I mobile-ffmpeg: 
07-05 22:31:51.185  4273  4789 I mobile-ffmpeg: Press [q] to stop, [?] for help
07-05 22:31:51.265  4273  4789 I mobile-ffmpeg: [segment @ 0x78d60e5400] Opening '/storage/emulated/0/Movies/segment/20200312_150643/20200312_150643!001.mp4' for writing
07-05 22:31:51.328  4273  4789 I mobile-ffmpeg: [segment @ 0x78d60e5400] Opening '/storage/emulated/0/Movies/segment/20200312_150643/20200312_150643!002.mp4' for writing
07-05 22:31:51.380  4273  4789 I mobile-ffmpeg: [segment @ 0x78d60e5400] Opening '/storage/emulated/0/Movies/segment/20200312_150643/20200312_150643!003.mp4' for writing
07-05 22:31:51.418  4273  4789 I mobile-ffmpeg: frame= 1800 fps=0.0 q=-1.0 Lsize=N/A time=00:01:00.02 bitrate=N/A speed= 252x    
07-05 22:31:51.418  4273  4789 I mobile-ffmpeg: video:61407kB audio:345kB subtitle:0kB other streams:0kB global headers:0kB muxing overhead: 
07-05 22:31:51.418  4273  4789 I mobile-ffmpeg: unknown
07-05 22:31:51.418  4273  4789 I mobile-ffmpeg: 
07-05 22:31:51.421  4273  4777 V FileManager: External storage is readable
07-05 22:31:51.422  4273  4777 V FileManager: Directory already exists: /storage/emulated/0/Movies/segment/20200312_150643
07-05 22:31:51.422  4273  4777 V VideoManager: Retrieving videos from /storage/emulated/0/Movies/segment/20200312_150643
07-05 22:31:51.423  4273  4777 V VideoManager: Retrieving video from /storage/emulated/0/Movies/segment/20200312_150643/20200312_150643!000.mp4
07-05 22:31:51.434  4273  4777 V VideoManager: videoFromCursor
07-05 22:31:51.437  4273  4777 V VideoManager: Retrieving video from /storage/emulated/0/Movies/segment/20200312_150643/20200312_150643!001.mp4
07-05 22:31:51.446  4273  4777 V VideoManager: videoFromCursor
07-05 22:31:51.448  4273  4777 V VideoManager: Retrieving video from /storage/emulated/0/Movies/segment/20200312_150643/20200312_150643!002.mp4
07-05 22:31:51.456  4273  4777 V VideoManager: videoFromCursor
07-05 22:31:51.458  4273  4777 V VideoManager: Retrieving video from /storage/emulated/0/Movies/segment/20200312_150643/20200312_150643!003.mp4
07-05 22:31:51.467  4273  4777 V VideoManager: videoFromCursor
07-05 22:31:51.471  4273  4777 V NearbyFragment: nextTransfer with selected algorithm: ordered
07-05 22:31:51.472  4273  4777 W NearbyFragment: Sending 20200312_150643!000.mp4 to Nexus 5X [34d8]
07-05 22:31:51.475  4273  4777 W NearbyFragment: Sending 20200312_150643!001.mp4 to Nexus 5 [1825]
07-05 22:31:51.499  4273  4273 V NearbyFragment: Transfer to Endpoint{id=Qd2N, name=Nexus 5X [34d8]} complete
07-05 22:31:51.518  4273  4273 V NearbyFragment: Transfer to Endpoint{id=w2Lc, name=Nexus 5 [1825]} complete
07-05 22:31:52.477  4273  4777 V DownloadTestVideosTask: Starting DownloadTestVideosTask
07-05 22:31:52.479  4273  4777 V DashDownloadManager: Started downloading: 20200312_150744.mp4
07-05 22:31:52.482  4273  4777 I System.out: (HTTPLog)-Static: isSBSettingEnabled false
07-05 22:31:52.482  4273  4777 I System.out: (HTTPLog)-Static: isSBSettingEnabled false
07-05 22:31:52.489  4273  4777 I System.out: (HTTPLog)-Thread-2461-24579400: getTransferStream : ContentLength=69990400, method=GET, HTTPVersion=http/1.1
07-05 22:32:01.978  4273  4273 V NearbyFragment: Transfer to Endpoint{id=Qd2N, name=Nexus 5X [34d8]} complete
07-05 22:32:02.654  4273  4273 D NearbyFragment: onPayloadReceived(endpointId=Qd2N, payload=com.google.android.gms.nearby.connection.Payload@36cc7e1)
07-05 22:32:02.656  4273  4273 D NearbyFragment: Endpoint{id=Qd2N, name=Nexus 5X [34d8]} has finished downloading 20200312_150643!000.mp4
07-05 22:32:02.658  4273  4273 V NearbyFragment: nextTransfer with selected algorithm: ordered
07-05 22:32:02.659  4273  4273 I NearbyFragment: Endpoint queue is empty
07-05 22:32:02.662  4273  4273 W NearbyFragment: Sending 20200312_150643!002.mp4 to Nexus 5X [34d8]
07-05 22:32:02.682  4273  4273 V NearbyFragment: Transfer to Endpoint{id=Qd2N, name=Nexus 5X [34d8]} complete
07-05 22:32:02.702  4273  4273 V NearbyFragment: Transfer to Endpoint{id=Qd2N, name=Nexus 5X [34d8]} complete
07-05 22:32:06.088  4273  4273 D NearbyFragment: onPayloadReceived(endpointId=Qd2N, payload=com.google.android.gms.nearby.connection.Payload@50d011d)
07-05 22:32:06.089  4273  4273 D NearbyFragment: 20200312_150643!000.mp4 from Endpoint{id=Qd2N, name=Nexus 5X [34d8]} contained no activity
07-05 22:32:06.089  4273  4273 V NearbyFragment: Received a segment of 20200312_150643
07-05 22:32:06.090  4273  4273 V NearbyFragment: nextTransfer with selected algorithm: ordered
07-05 22:32:06.091  4273  4273 W NearbyFragment: Sending 20200312_150643!003.mp4 to Nexus 5X [34d8]
07-05 22:32:06.108  4273  4273 V NearbyFragment: Transfer to Endpoint{id=Qd2N, name=Nexus 5X [34d8]} complete
07-05 22:32:06.375  4273  4273 V NearbyFragment: Transfer to Endpoint{id=Qd2N, name=Nexus 5X [34d8]} complete
07-05 22:32:09.721  4273  4273 V NearbyFragment: Transfer to Endpoint{id=w2Lc, name=Nexus 5 [1825]} complete
07-05 22:32:10.105  4273  4273 D NearbyFragment: onPayloadReceived(endpointId=w2Lc, payload=com.google.android.gms.nearby.connection.Payload@c7d9219)
07-05 22:32:10.107  4273  4273 D NearbyFragment: Endpoint{id=w2Lc, name=Nexus 5 [1825]} has finished downloading 20200312_150643!001.mp4
07-05 22:32:10.108  4273  4273 I NearbyFragment: Transfer queue is empty
07-05 22:32:10.285  4273  4273 V NearbyFragment: Transfer to Endpoint{id=w2Lc, name=Nexus 5 [1825]} complete
07-05 22:32:15.685  4273  4273 V NearbyFragment: Transfer to Endpoint{id=Qd2N, name=Nexus 5X [34d8]} complete
07-05 22:32:16.264  4273  4273 D NearbyFragment: onPayloadReceived(endpointId=w2Lc, payload=com.google.android.gms.nearby.connection.Payload@c5102de)
07-05 22:32:16.266  4273  4273 D NearbyFragment: 20200312_150643!001.mp4 from Endpoint{id=w2Lc, name=Nexus 5 [1825]} contained no activity
07-05 22:32:16.266  4273  4273 V NearbyFragment: Received a segment of 20200312_150643
07-05 22:32:16.267  4273  4273 I NearbyFragment: Transfer queue is empty
07-05 22:32:16.436  4273  4273 V NearbyFragment: Transfer to Endpoint{id=w2Lc, name=Nexus 5 [1825]} complete
07-05 22:32:16.901  4273  4273 D NearbyFragment: onPayloadReceived(endpointId=Qd2N, payload=com.google.android.gms.nearby.connection.Payload@3120cbf)
07-05 22:32:16.904  4273  4273 D NearbyFragment: Endpoint{id=Qd2N, name=Nexus 5X [34d8]} has finished downloading 20200312_150643!002.mp4
07-05 22:32:16.905  4273  4273 I NearbyFragment: Transfer queue is empty
07-05 22:32:17.021  4273  4273 V NearbyFragment: Transfer to Endpoint{id=Qd2N, name=Nexus 5X [34d8]} complete
07-05 22:32:19.566  4273  4273 V NearbyFragment: Transfer to Endpoint{id=Qd2N, name=Nexus 5X [34d8]} complete
07-05 22:32:20.027  4273  4273 D NearbyFragment: onPayloadReceived(endpointId=Qd2N, payload=com.google.android.gms.nearby.connection.Payload@94bcf8c)
07-05 22:32:20.028  4273  4273 D NearbyFragment: Endpoint{id=Qd2N, name=Nexus 5X [34d8]} has finished downloading 20200312_150643!003.mp4
07-05 22:32:20.028  4273  4273 I NearbyFragment: Transfer queue is empty
07-05 22:32:20.076  4273  4273 V NearbyFragment: Transfer to Endpoint{id=Qd2N, name=Nexus 5X [34d8]} complete
07-05 22:32:20.886  4273  4273 D NearbyFragment: onPayloadReceived(endpointId=Qd2N, payload=com.google.android.gms.nearby.connection.Payload@cc36d5)
07-05 22:32:20.889  4273  4273 D NearbyFragment: 20200312_150643!002.mp4 from Endpoint{id=Qd2N, name=Nexus 5X [34d8]} contained no activity
07-05 22:32:20.891  4273  4273 V NearbyFragment: Received a segment of 20200312_150643
07-05 22:32:20.892  4273  4273 I NearbyFragment: Transfer queue is empty
07-05 22:32:20.901  4273  4273 V NearbyFragment: Transfer to Endpoint{id=Qd2N, name=Nexus 5X [34d8]} complete
07-05 22:32:21.128  4273  4777 V VideoManager: Retrieving video from /storage/emulated/0/Movies/raw/20200312_150744.mp4
07-05 22:32:21.139  4273  4777 D VideoManager: videoCursor is null
07-05 22:32:21.204  4273  4777 V VideoManager: videoFromCursor
07-05 22:32:21.209  4273  4777 W DashDownloadManager: Successfully downloaded 20200312_150744.mp4 in 28.648s
07-05 22:32:21.210  4273  4777 V DownloadTestVideosTask: Entering callback for download completion of 20200312_150744.mp4
07-05 22:32:21.211  4273  4777 V RawFootageEventHandler: onAdd
07-05 22:32:21.213  4273  4777 V FfmpegTools: Retrieving duration of /storage/emulated/0/Movies/raw/20200312_150744.mp4
07-05 22:32:21.219  4273  4789 W mobile-ffmpeg: [mov,mp4,m4a,3gp,3g2,mj2 @ 0x78d60e4800] Found duplicated MOOV Atom. Skipped it
07-05 22:32:21.273  4273  4789 I mobile-ffmpeg: Input #0, mov,mp4,m4a,3gp,3g2,mj2, from '/storage/emulated/0/Movies/raw/20200312_150744.mp4':
07-05 22:32:21.273  4273  4789 I mobile-ffmpeg:   Metadata:
07-05 22:32:21.273  4273  4789 I mobile-ffmpeg:     creation_time   : 
07-05 22:32:21.274  4273  4789 I mobile-ffmpeg: 2020-03-12T04:08:43.000000Z
07-05 22:32:21.274  4273  4789 I mobile-ffmpeg: 
07-05 22:32:21.274  4273  4789 I mobile-ffmpeg:     major_brand     : 
07-05 22:32:21.274  4273  4789 I mobile-ffmpeg: mp42
07-05 22:32:21.274  4273  4789 I mobile-ffmpeg: 
07-05 22:32:21.274  4273  4789 I mobile-ffmpeg:     minor_version   : 
07-05 22:32:21.274  4273  4789 I mobile-ffmpeg: 1
07-05 22:32:21.274  4273  4789 I mobile-ffmpeg: 
07-05 22:32:21.274  4273  4789 I mobile-ffmpeg:     compatible_brands: 
07-05 22:32:21.274  4273  4789 I mobile-ffmpeg: mp42mp42
07-05 22:32:21.274  4273  4789 I mobile-ffmpeg: 
07-05 22:32:21.274  4273  4789 I mobile-ffmpeg:   Duration: 
07-05 22:32:21.274  4273  4789 I mobile-ffmpeg: 00:01:00.02
07-05 22:32:21.274  4273  4789 I mobile-ffmpeg: , start: 
07-05 22:32:21.274  4273  4789 I mobile-ffmpeg: 0.000000
07-05 22:32:21.274  4273  4789 I mobile-ffmpeg: , bitrate: 
07-05 22:32:21.274  4273  4789 I mobile-ffmpeg: 9328 kb/s
07-05 22:32:21.275  4273  4789 I mobile-ffmpeg: 
07-05 22:32:21.275  4273  4789 I mobile-ffmpeg:     Stream #0:0
07-05 22:32:21.275  4273  4789 I mobile-ffmpeg: (eng)
07-05 22:32:21.275  4273  4789 I mobile-ffmpeg: : Video: h264 (avc1 / 0x31637661), yuvj420p(pc, bt709), 1280x720, 8381 kb/s
07-05 22:32:21.275  4273  4789 I mobile-ffmpeg: , 
07-05 22:32:21.275  4273  4789 I mobile-ffmpeg: 29.97 fps, 
07-05 22:32:21.275  4273  4789 I mobile-ffmpeg: 29.97 tbr, 
07-05 22:32:21.275  4273  4789 I mobile-ffmpeg: 1k tbn, 
07-05 22:32:21.275  4273  4789 I mobile-ffmpeg: 2k tbc
07-05 22:32:21.275  4273  4789 I mobile-ffmpeg:  (default)
07-05 22:32:21.275  4273  4789 I mobile-ffmpeg: 
07-05 22:32:21.275  4273  4789 I mobile-ffmpeg:     Metadata:
07-05 22:32:21.275  4273  4789 I mobile-ffmpeg:       creation_time   : 
07-05 22:32:21.275  4273  4789 I mobile-ffmpeg: 2020-03-12T04:08:43.000000Z
07-05 22:32:21.275  4273  4789 I mobile-ffmpeg: 
07-05 22:32:21.275  4273  4789 I mobile-ffmpeg:       handler_name    : 
07-05 22:32:21.275  4273  4789 I mobile-ffmpeg: PittaSoft Video Media Handler
07-05 22:32:21.276  4273  4789 I mobile-ffmpeg: 
07-05 22:32:21.276  4273  4789 I mobile-ffmpeg:     Stream #0:1
07-05 22:32:21.276  4273  4789 I mobile-ffmpeg: (eng)
07-05 22:32:21.276  4273  4789 I mobile-ffmpeg: : Audio: aac (mp4a / 0x6134706D), 16000 Hz, stereo, fltp, 47 kb/s
07-05 22:32:21.276  4273  4789 I mobile-ffmpeg:  (default)
07-05 22:32:21.276  4273  4789 I mobile-ffmpeg: 
07-05 22:32:21.276  4273  4789 I mobile-ffmpeg:     Metadata:
07-05 22:32:21.276  4273  4789 I mobile-ffmpeg:       creation_time   : 
07-05 22:32:21.276  4273  4789 I mobile-ffmpeg: 2020-03-12T04:08:43.000000Z
07-05 22:32:21.276  4273  4789 I mobile-ffmpeg: 
07-05 22:32:21.276  4273  4789 I mobile-ffmpeg:       handler_name    : 
07-05 22:32:21.276  4273  4789 I mobile-ffmpeg: PittaSoft Sound Media Handler
07-05 22:32:21.276  4273  4789 I mobile-ffmpeg: 
07-05 22:32:21.293  4273  4777 V FileManager: External storage is readable
07-05 22:32:21.295  4273  4777 V FileManager: Created new directory: /storage/emulated/0/Movies/segment/20200312_150744
07-05 22:32:21.295  4273  4777 V FfmpegTools: Splitting /storage/emulated/0/Movies/raw/20200312_150744.mp4 with 16s long segments
07-05 22:32:21.296  4273  4777 I FfmpegTools: Running ffmpeg with:
07-05 22:32:21.296  4273  4777 I FfmpegTools:   -y -i /storage/emulated/0/Movies/raw/20200312_150744.mp4 -map 0 -c copy -f segment -reset_timestamps 1 -segment_time 16 /storage/emulated/0/Movies/segment/20200312_150744/20200312_150744!%03d.mp4
07-05 22:32:21.306  4273  4789 W mobile-ffmpeg: [mov,mp4,m4a,3gp,3g2,mj2 @ 0x78d60e4800] Found duplicated MOOV Atom. Skipped it
07-05 22:32:21.344  4273  4789 I mobile-ffmpeg: Input #0, mov,mp4,m4a,3gp,3g2,mj2, from '/storage/emulated/0/Movies/raw/20200312_150744.mp4':
07-05 22:32:21.344  4273  4789 I mobile-ffmpeg:   Metadata:
07-05 22:32:21.344  4273  4789 I mobile-ffmpeg:     creation_time   : 
07-05 22:32:21.344  4273  4789 I mobile-ffmpeg: 2020-03-12T04:08:43.000000Z
07-05 22:32:21.344  4273  4789 I mobile-ffmpeg: 
07-05 22:32:21.344  4273  4789 I mobile-ffmpeg:     major_brand     : 
07-05 22:32:21.345  4273  4789 I mobile-ffmpeg: mp42
07-05 22:32:21.345  4273  4789 I mobile-ffmpeg: 
07-05 22:32:21.345  4273  4789 I mobile-ffmpeg:     minor_version   : 
07-05 22:32:21.345  4273  4789 I mobile-ffmpeg: 1
07-05 22:32:21.345  4273  4789 I mobile-ffmpeg: 
07-05 22:32:21.345  4273  4789 I mobile-ffmpeg:     compatible_brands: 
07-05 22:32:21.345  4273  4789 I mobile-ffmpeg: mp42mp42
07-05 22:32:21.345  4273  4789 I mobile-ffmpeg: 
07-05 22:32:21.345  4273  4789 I mobile-ffmpeg:   Duration: 
07-05 22:32:21.345  4273  4789 I mobile-ffmpeg: 00:01:00.02
07-05 22:32:21.345  4273  4789 I mobile-ffmpeg: , start: 
07-05 22:32:21.345  4273  4789 I mobile-ffmpeg: 0.000000
07-05 22:32:21.345  4273  4789 I mobile-ffmpeg: , bitrate: 
07-05 22:32:21.345  4273  4789 I mobile-ffmpeg: 9328 kb/s
07-05 22:32:21.345  4273  4789 I mobile-ffmpeg: 
07-05 22:32:21.345  4273  4789 I mobile-ffmpeg:     Stream #0:0
07-05 22:32:21.346  4273  4789 I mobile-ffmpeg: (eng)
07-05 22:32:21.346  4273  4789 I mobile-ffmpeg: : Video: h264 (avc1 / 0x31637661), yuvj420p(pc, bt709), 1280x720, 8381 kb/s
07-05 22:32:21.346  4273  4789 I mobile-ffmpeg: , 
07-05 22:32:21.346  4273  4789 I mobile-ffmpeg: 29.97 fps, 
07-05 22:32:21.346  4273  4789 I mobile-ffmpeg: 29.97 tbr, 
07-05 22:32:21.346  4273  4789 I mobile-ffmpeg: 1k tbn, 
07-05 22:32:21.346  4273  4789 I mobile-ffmpeg: 2k tbc
07-05 22:32:21.346  4273  4789 I mobile-ffmpeg:  (default)
07-05 22:32:21.346  4273  4789 I mobile-ffmpeg: 
07-05 22:32:21.346  4273  4789 I mobile-ffmpeg:     Metadata:
07-05 22:32:21.346  4273  4789 I mobile-ffmpeg:       creation_time   : 
07-05 22:32:21.346  4273  4789 I mobile-ffmpeg: 2020-03-12T04:08:43.000000Z
07-05 22:32:21.346  4273  4789 I mobile-ffmpeg: 
07-05 22:32:21.346  4273  4789 I mobile-ffmpeg:       handler_name    : 
07-05 22:32:21.346  4273  4789 I mobile-ffmpeg: PittaSoft Video Media Handler
07-05 22:32:21.346  4273  4789 I mobile-ffmpeg: 
07-05 22:32:21.346  4273  4789 I mobile-ffmpeg:     Stream #0:1
07-05 22:32:21.347  4273  4789 I mobile-ffmpeg: (eng)
07-05 22:32:21.347  4273  4789 I mobile-ffmpeg: : Audio: aac (mp4a / 0x6134706D), 16000 Hz, stereo, fltp, 47 kb/s
07-05 22:32:21.347  4273  4789 I mobile-ffmpeg:  (default)
07-05 22:32:21.347  4273  4789 I mobile-ffmpeg: 
07-05 22:32:21.347  4273  4789 I mobile-ffmpeg:     Metadata:
07-05 22:32:21.347  4273  4789 I mobile-ffmpeg:       creation_time   : 
07-05 22:32:21.347  4273  4789 I mobile-ffmpeg: 2020-03-12T04:08:43.000000Z
07-05 22:32:21.347  4273  4789 I mobile-ffmpeg: 
07-05 22:32:21.347  4273  4789 I mobile-ffmpeg:       handler_name    : 
07-05 22:32:21.347  4273  4789 I mobile-ffmpeg: PittaSoft Sound Media Handler
07-05 22:32:21.347  4273  4789 I mobile-ffmpeg: 
07-05 22:32:21.347  4273  4789 I mobile-ffmpeg: [segment @ 0x78d61a4600] Opening '/storage/emulated/0/Movies/segment/20200312_150744/20200312_150744!000.mp4' for writing
07-05 22:32:21.347  4273  4789 I mobile-ffmpeg: Output #0, segment, to '/storage/emulated/0/Movies/segment/20200312_150744/20200312_150744!%03d.mp4':
07-05 22:32:21.347  4273  4789 I mobile-ffmpeg:   Metadata:
07-05 22:32:21.347  4273  4789 I mobile-ffmpeg:     compatible_brands: 
07-05 22:32:21.347  4273  4789 I mobile-ffmpeg: mp42mp42
07-05 22:32:21.348  4273  4789 I mobile-ffmpeg: 
07-05 22:32:21.348  4273  4789 I mobile-ffmpeg:     major_brand     : 
07-05 22:32:21.348  4273  4789 I mobile-ffmpeg: mp42
07-05 22:32:21.348  4273  4789 I mobile-ffmpeg: 
07-05 22:32:21.348  4273  4789 I mobile-ffmpeg:     minor_version   : 
07-05 22:32:21.348  4273  4789 I mobile-ffmpeg: 1
07-05 22:32:21.348  4273  4789 I mobile-ffmpeg: 
07-05 22:32:21.348  4273  4789 I mobile-ffmpeg:     encoder         : 
07-05 22:32:21.348  4273  4789 I mobile-ffmpeg: Lavf58.42.100
07-05 22:32:21.348  4273  4789 I mobile-ffmpeg: 
07-05 22:32:21.348  4273  4789 I mobile-ffmpeg:     Stream #0:0
07-05 22:32:21.348  4273  4789 I mobile-ffmpeg: (eng)
07-05 22:32:21.348  4273  4789 I mobile-ffmpeg: : Video: h264 (avc1 / 0x31637661), yuvj420p(pc, bt709), 1280x720, q=2-31, 8381 kb/s
07-05 22:32:21.348  4273  4789 I mobile-ffmpeg: , 
07-05 22:32:21.348  4273  4789 I mobile-ffmpeg: 29.97 fps, 
07-05 22:32:21.348  4273  4789 I mobile-ffmpeg: 29.97 tbr, 
07-05 22:32:21.349  4273  4789 I mobile-ffmpeg: 16k tbn, 
07-05 22:32:21.349  4273  4789 I mobile-ffmpeg: 1k tbc
07-05 22:32:21.349  4273  4789 I mobile-ffmpeg:  (default)
07-05 22:32:21.349  4273  4789 I mobile-ffmpeg: 
07-05 22:32:21.349  4273  4789 I mobile-ffmpeg:     Metadata:
07-05 22:32:21.349  4273  4789 I mobile-ffmpeg:       creation_time   : 
07-05 22:32:21.349  4273  4789 I mobile-ffmpeg: 2020-03-12T04:08:43.000000Z
07-05 22:32:21.349  4273  4789 I mobile-ffmpeg: 
07-05 22:32:21.349  4273  4789 I mobile-ffmpeg:       handler_name    : 
