07-05 22:33:29.740  4273  4273 V VideoManager: videoFromCursor
07-05 22:33:29.742  4273  4273 V SummarisedVideosEventHandler: onAdd
07-05 22:33:29.743  4273  4273 V RawFootageEventHandler: removeByName
07-05 22:33:29.743  4273  4273 V ProcessingVideosEventHandler: removeByName
07-05 22:33:29.743  4273  4273 V NearbyFragment: Removing video segment map for 20200312_150844
07-05 22:33:37.936  4273  4777 V VideoManager: Retrieving video from /storage/emulated/0/Movies/raw/20200312_150944.mp4
07-05 22:33:37.946  4273  4777 D VideoManager: videoCursor is null
07-05 22:33:38.010  4273  4777 V VideoManager: videoFromCursor
07-05 22:33:38.013  4273  4777 W DashDownloadManager: Successfully downloaded 20200312_150944.mp4 in 43.633s
07-05 22:33:38.014  4273  4777 V DownloadTestVideosTask: Entering callback for download completion of 20200312_150944.mp4
07-05 22:33:38.015  4273  4777 V RawFootageEventHandler: onAdd
07-05 22:33:38.016  4273  4777 V FfmpegTools: Retrieving duration of /storage/emulated/0/Movies/raw/20200312_150944.mp4
07-05 22:33:38.023  4273  4789 W mobile-ffmpeg: [mov,mp4,m4a,3gp,3g2,mj2 @ 0x78d61a5e00] Found duplicated MOOV Atom. Skipped it
07-05 22:33:38.092  4273  4789 I mobile-ffmpeg: Input #0, mov,mp4,m4a,3gp,3g2,mj2, from '/storage/emulated/0/Movies/raw/20200312_150944.mp4':
07-05 22:33:38.092  4273  4789 I mobile-ffmpeg:   Metadata:
07-05 22:33:38.092  4273  4789 I mobile-ffmpeg:     creation_time   : 
07-05 22:33:38.092  4273  4789 I mobile-ffmpeg: 2020-03-12T04:10:43.000000Z
07-05 22:33:38.092  4273  4789 I mobile-ffmpeg: 
07-05 22:33:38.092  4273  4789 I mobile-ffmpeg:     major_brand     : 
07-05 22:33:38.092  4273  4789 I mobile-ffmpeg: mp42
07-05 22:33:38.092  4273  4789 I mobile-ffmpeg: 
07-05 22:33:38.092  4273  4789 I mobile-ffmpeg:     minor_version   : 
07-05 22:33:38.092  4273  4789 I mobile-ffmpeg: 1
07-05 22:33:38.092  4273  4789 I mobile-ffmpeg: 
07-05 22:33:38.092  4273  4789 I mobile-ffmpeg:     compatible_brands: 
07-05 22:33:38.092  4273  4789 I mobile-ffmpeg: mp42mp42
07-05 22:33:38.093  4273  4789 I mobile-ffmpeg: 
07-05 22:33:38.093  4273  4789 I mobile-ffmpeg:   Duration: 
07-05 22:33:38.093  4273  4789 I mobile-ffmpeg: 00:01:00.02
07-05 22:33:38.093  4273  4789 I mobile-ffmpeg: , start: 
07-05 22:33:38.093  4273  4789 I mobile-ffmpeg: 0.000000
07-05 22:33:38.093  4273  4789 I mobile-ffmpeg: , bitrate: 
07-05 22:33:38.093  4273  4789 I mobile-ffmpeg: 9328 kb/s
07-05 22:33:38.093  4273  4789 I mobile-ffmpeg: 
07-05 22:33:38.093  4273  4789 I mobile-ffmpeg:     Stream #0:0
07-05 22:33:38.093  4273  4789 I mobile-ffmpeg: (eng)
07-05 22:33:38.093  4273  4789 I mobile-ffmpeg: : Video: h264 (avc1 / 0x31637661), yuvj420p(pc, bt709), 1280x720, 8398 kb/s
07-05 22:33:38.093  4273  4789 I mobile-ffmpeg: , 
07-05 22:33:38.093  4273  4789 I mobile-ffmpeg: 29.97 fps, 
07-05 22:33:38.093  4273  4789 I mobile-ffmpeg: 29.97 tbr, 
07-05 22:33:38.093  4273  4789 I mobile-ffmpeg: 1k tbn, 
07-05 22:33:38.093  4273  4789 I mobile-ffmpeg: 2k tbc
07-05 22:33:38.093  4273  4789 I mobile-ffmpeg:  (default)
07-05 22:33:38.093  4273  4789 I mobile-ffmpeg: 
07-05 22:33:38.093  4273  4789 I mobile-ffmpeg:     Metadata:
07-05 22:33:38.094  4273  4789 I mobile-ffmpeg:       creation_time   : 
07-05 22:33:38.094  4273  4789 I mobile-ffmpeg: 2020-03-12T04:10:43.000000Z
07-05 22:33:38.094  4273  4789 I mobile-ffmpeg: 
07-05 22:33:38.094  4273  4789 I mobile-ffmpeg:       handler_name    : 
07-05 22:33:38.094  4273  4789 I mobile-ffmpeg: PittaSoft Video Media Handler
07-05 22:33:38.094  4273  4789 I mobile-ffmpeg: 
07-05 22:33:38.094  4273  4789 I mobile-ffmpeg:     Stream #0:1
07-05 22:33:38.094  4273  4789 I mobile-ffmpeg: (eng)
07-05 22:33:38.094  4273  4789 I mobile-ffmpeg: : Audio: aac (mp4a / 0x6134706D), 16000 Hz, stereo, fltp, 47 kb/s
07-05 22:33:38.094  4273  4789 I mobile-ffmpeg:  (default)
07-05 22:33:38.094  4273  4789 I mobile-ffmpeg: 
07-05 22:33:38.094  4273  4789 I mobile-ffmpeg:     Metadata:
07-05 22:33:38.094  4273  4789 I mobile-ffmpeg:       creation_time   : 
07-05 22:33:38.094  4273  4789 I mobile-ffmpeg: 2020-03-12T04:10:43.000000Z
07-05 22:33:38.094  4273  4789 I mobile-ffmpeg: 
07-05 22:33:38.094  4273  4789 I mobile-ffmpeg:       handler_name    : 
07-05 22:33:38.094  4273  4789 I mobile-ffmpeg: PittaSoft Sound Media Handler
07-05 22:33:38.095  4273  4789 I mobile-ffmpeg: 
07-05 22:33:38.106  4273  4777 V FileManager: External storage is readable
07-05 22:33:38.107  4273  4777 V FileManager: Created new directory: /storage/emulated/0/Movies/segment/20200312_150944
07-05 22:33:38.108  4273  4777 V FfmpegTools: Splitting /storage/emulated/0/Movies/raw/20200312_150944.mp4 with 16s long segments
07-05 22:33:38.108  4273  4777 I FfmpegTools: Running ffmpeg with:
07-05 22:33:38.108  4273  4777 I FfmpegTools:   -y -i /storage/emulated/0/Movies/raw/20200312_150944.mp4 -map 0 -c copy -f segment -reset_timestamps 1 -segment_time 16 /storage/emulated/0/Movies/segment/20200312_150944/20200312_150944!%03d.mp4
07-05 22:33:38.117  4273  4789 W mobile-ffmpeg: [mov,mp4,m4a,3gp,3g2,mj2 @ 0x78d61a5e00] Found duplicated MOOV Atom. Skipped it
07-05 22:33:38.171  4273  4789 I mobile-ffmpeg: Input #0, mov,mp4,m4a,3gp,3g2,mj2, from '/storage/emulated/0/Movies/raw/20200312_150944.mp4':
07-05 22:33:38.172  4273  4789 I mobile-ffmpeg:   Metadata:
07-05 22:33:38.172  4273  4789 I mobile-ffmpeg:     creation_time   : 
07-05 22:33:38.172  4273  4789 I mobile-ffmpeg: 2020-03-12T04:10:43.000000Z
07-05 22:33:38.172  4273  4789 I mobile-ffmpeg: 
07-05 22:33:38.172  4273  4789 I mobile-ffmpeg:     major_brand     : 
07-05 22:33:38.172  4273  4789 I mobile-ffmpeg: mp42
07-05 22:33:38.172  4273  4789 I mobile-ffmpeg: 
07-05 22:33:38.172  4273  4789 I mobile-ffmpeg:     minor_version   : 
07-05 22:33:38.172  4273  4789 I mobile-ffmpeg: 1
07-05 22:33:38.172  4273  4789 I mobile-ffmpeg: 
07-05 22:33:38.172  4273  4789 I mobile-ffmpeg:     compatible_brands: 
07-05 22:33:38.172  4273  4789 I mobile-ffmpeg: mp42mp42
07-05 22:33:38.172  4273  4789 I mobile-ffmpeg: 
07-05 22:33:38.172  4273  4789 I mobile-ffmpeg:   Duration: 
07-05 22:33:38.172  4273  4789 I mobile-ffmpeg: 00:01:00.02
07-05 22:33:38.172  4273  4789 I mobile-ffmpeg: , start: 
07-05 22:33:38.172  4273  4789 I mobile-ffmpeg: 0.000000
07-05 22:33:38.172  4273  4789 I mobile-ffmpeg: , bitrate: 
07-05 22:33:38.172  4273  4789 I mobile-ffmpeg: 9328 kb/s
07-05 22:33:38.172  4273  4789 I mobile-ffmpeg: 
07-05 22:33:38.173  4273  4789 I mobile-ffmpeg:     Stream #0:0
07-05 22:33:38.173  4273  4789 I mobile-ffmpeg: (eng)
07-05 22:33:38.173  4273  4789 I mobile-ffmpeg: : Video: h264 (avc1 / 0x31637661), yuvj420p(pc, bt709), 1280x720, 8398 kb/s
07-05 22:33:38.173  4273  4789 I mobile-ffmpeg: , 
07-05 22:33:38.173  4273  4789 I mobile-ffmpeg: 29.97 fps, 
07-05 22:33:38.173  4273  4789 I mobile-ffmpeg: 29.97 tbr, 
07-05 22:33:38.173  4273  4789 I mobile-ffmpeg: 1k tbn, 
07-05 22:33:38.173  4273  4789 I mobile-ffmpeg: 2k tbc
07-05 22:33:38.173  4273  4789 I mobile-ffmpeg:  (default)
07-05 22:33:38.173  4273  4789 I mobile-ffmpeg: 
07-05 22:33:38.173  4273  4789 I mobile-ffmpeg:     Metadata:
07-05 22:33:38.173  4273  4789 I mobile-ffmpeg:       creation_time   : 
07-05 22:33:38.173  4273  4789 I mobile-ffmpeg: 2020-03-12T04:10:43.000000Z
07-05 22:33:38.173  4273  4789 I mobile-ffmpeg: 
07-05 22:33:38.173  4273  4789 I mobile-ffmpeg:       handler_name    : 
07-05 22:33:38.173  4273  4789 I mobile-ffmpeg: PittaSoft Video Media Handler
07-05 22:33:38.173  4273  4789 I mobile-ffmpeg: 
07-05 22:33:38.173  4273  4789 I mobile-ffmpeg:     Stream #0:1
07-05 22:33:38.173  4273  4789 I mobile-ffmpeg: (eng)
07-05 22:33:38.174  4273  4789 I mobile-ffmpeg: : Audio: aac (mp4a / 0x6134706D), 16000 Hz, stereo, fltp, 47 kb/s
07-05 22:33:38.174  4273  4789 I mobile-ffmpeg:  (default)
07-05 22:33:38.174  4273  4789 I mobile-ffmpeg: 
07-05 22:33:38.174  4273  4789 I mobile-ffmpeg:     Metadata:
07-05 22:33:38.174  4273  4789 I mobile-ffmpeg:       creation_time   : 
07-05 22:33:38.174  4273  4789 I mobile-ffmpeg: 2020-03-12T04:10:43.000000Z
07-05 22:33:38.174  4273  4789 I mobile-ffmpeg: 
07-05 22:33:38.174  4273  4789 I mobile-ffmpeg:       handler_name    : 
07-05 22:33:38.174  4273  4789 I mobile-ffmpeg: PittaSoft Sound Media Handler
07-05 22:33:38.174  4273  4789 I mobile-ffmpeg: 
07-05 22:33:38.174  4273  4789 I mobile-ffmpeg: [segment @ 0x78d1530000] Opening '/storage/emulated/0/Movies/segment/20200312_150944/20200312_150944!000.mp4' for writing
07-05 22:33:38.174  4273  4789 I mobile-ffmpeg: Output #0, segment, to '/storage/emulated/0/Movies/segment/20200312_150944/20200312_150944!%03d.mp4':
07-05 22:33:38.174  4273  4789 I mobile-ffmpeg:   Metadata:
07-05 22:33:38.174  4273  4789 I mobile-ffmpeg:     compatible_brands: 
07-05 22:33:38.174  4273  4789 I mobile-ffmpeg: mp42mp42
07-05 22:33:38.174  4273  4789 I mobile-ffmpeg: 
07-05 22:33:38.174  4273  4789 I mobile-ffmpeg:     major_brand     : 
07-05 22:33:38.174  4273  4789 I mobile-ffmpeg: mp42
07-05 22:33:38.174  4273  4789 I mobile-ffmpeg: 
07-05 22:33:38.175  4273  4789 I mobile-ffmpeg:     minor_version   : 
07-05 22:33:38.175  4273  4789 I mobile-ffmpeg: 1
07-05 22:33:38.175  4273  4789 I mobile-ffmpeg: 
07-05 22:33:38.175  4273  4789 I mobile-ffmpeg:     encoder         : 
07-05 22:33:38.175  4273  4789 I mobile-ffmpeg: Lavf58.42.100
07-05 22:33:38.175  4273  4789 I mobile-ffmpeg: 
07-05 22:33:38.175  4273  4789 I mobile-ffmpeg:     Stream #0:0
07-05 22:33:38.175  4273  4789 I mobile-ffmpeg: (eng)
07-05 22:33:38.175  4273  4789 I mobile-ffmpeg: : Video: h264 (avc1 / 0x31637661), yuvj420p(pc, bt709), 1280x720, q=2-31, 8398 kb/s
07-05 22:33:38.175  4273  4789 I mobile-ffmpeg: , 
07-05 22:33:38.175  4273  4789 I mobile-ffmpeg: 29.97 fps, 
07-05 22:33:38.175  4273  4789 I mobile-ffmpeg: 29.97 tbr, 
07-05 22:33:38.175  4273  4789 I mobile-ffmpeg: 16k tbn, 
07-05 22:33:38.175  4273  4789 I mobile-ffmpeg: 1k tbc
07-05 22:33:38.175  4273  4789 I mobile-ffmpeg:  (default)
07-05 22:33:38.175  4273  4789 I mobile-ffmpeg: 
07-05 22:33:38.175  4273  4789 I mobile-ffmpeg:     Metadata:
07-05 22:33:38.175  4273  4789 I mobile-ffmpeg:       creation_time   : 
07-05 22:33:38.176  4273  4789 I mobile-ffmpeg: 2020-03-12T04:10:43.000000Z
07-05 22:33:38.176  4273  4789 I mobile-ffmpeg: 
07-05 22:33:38.176  4273  4789 I mobile-ffmpeg:       handler_name    : 
07-05 22:33:38.176  4273  4789 I mobile-ffmpeg: PittaSoft Video Media Handler
07-05 22:33:38.176  4273  4789 I mobile-ffmpeg: 
07-05 22:33:38.176  4273  4789 I mobile-ffmpeg:     Stream #0:1
07-05 22:33:38.176  4273  4789 I mobile-ffmpeg: (eng)
07-05 22:33:38.176  4273  4789 I mobile-ffmpeg: : Audio: aac (mp4a / 0x6134706D), 16000 Hz, stereo, fltp, 47 kb/s
07-05 22:33:38.176  4273  4789 I mobile-ffmpeg:  (default)
07-05 22:33:38.176  4273  4789 I mobile-ffmpeg: 
07-05 22:33:38.176  4273  4789 I mobile-ffmpeg:     Metadata:
07-05 22:33:38.176  4273  4789 I mobile-ffmpeg:       creation_time   : 
07-05 22:33:38.176  4273  4789 I mobile-ffmpeg: 2020-03-12T04:10:43.000000Z
07-05 22:33:38.176  4273  4789 I mobile-ffmpeg: 
07-05 22:33:38.176  4273  4789 I mobile-ffmpeg:       handler_name    : 
07-05 22:33:38.177  4273  4789 I mobile-ffmpeg: PittaSoft Sound Media Handler
07-05 22:33:38.177  4273  4789 I mobile-ffmpeg: 
07-05 22:33:38.177  4273  4789 I mobile-ffmpeg: Stream mapping:
07-05 22:33:38.177  4273  4789 I mobile-ffmpeg:   Stream #0:0 -> #0:0
07-05 22:33:38.177  4273  4789 I mobile-ffmpeg:  (copy)
07-05 22:33:38.177  4273  4789 I mobile-ffmpeg: 
07-05 22:33:38.177  4273  4789 I mobile-ffmpeg:   Stream #0:1 -> #0:1
07-05 22:33:38.177  4273  4789 I mobile-ffmpeg:  (copy)
07-05 22:33:38.177  4273  4789 I mobile-ffmpeg: 
07-05 22:33:38.177  4273  4789 I mobile-ffmpeg: Press [q] to stop, [?] for help
07-05 22:33:38.177  4273  4789 I mobile-ffmpeg: frame=    1 fps=0.0 q=-1.0 size=N/A time=00:00:00.00 bitrate=N/A speed=31.5x    
07-05 22:33:38.244  4273  4789 I mobile-ffmpeg: [segment @ 0x78d1530000] Opening '/storage/emulated/0/Movies/segment/20200312_150944/20200312_150944!001.mp4' for writing
07-05 22:33:38.297  4273  4789 I mobile-ffmpeg: [segment @ 0x78d1530000] Opening '/storage/emulated/0/Movies/segment/20200312_150944/20200312_150944!002.mp4' for writing
07-05 22:33:38.348  4273  4789 I mobile-ffmpeg: [segment @ 0x78d1530000] Opening '/storage/emulated/0/Movies/segment/20200312_150944/20200312_150944!003.mp4' for writing
07-05 22:33:38.385  4273  4789 I mobile-ffmpeg: frame= 1800 fps=0.0 q=-1.0 Lsize=N/A time=00:01:00.02 bitrate=N/A speed= 283x    
07-05 22:33:38.385  4273  4789 I mobile-ffmpeg: video:61532kB audio:345kB subtitle:0kB other streams:0kB global headers:0kB muxing overhead: 
07-05 22:33:38.385  4273  4789 I mobile-ffmpeg: unknown
07-05 22:33:38.385  4273  4789 I mobile-ffmpeg: 
07-05 22:33:38.389  4273  4777 V FileManager: External storage is readable
07-05 22:33:38.389  4273  4777 V FileManager: Directory already exists: /storage/emulated/0/Movies/segment/20200312_150944
07-05 22:33:38.389  4273  4777 V VideoManager: Retrieving videos from /storage/emulated/0/Movies/segment/20200312_150944
07-05 22:33:38.390  4273  4777 V VideoManager: Retrieving video from /storage/emulated/0/Movies/segment/20200312_150944/20200312_150944!000.mp4
07-05 22:33:38.398  4273  4777 V VideoManager: videoFromCursor
07-05 22:33:38.400  4273  4777 V VideoManager: Retrieving video from /storage/emulated/0/Movies/segment/20200312_150944/20200312_150944!001.mp4
07-05 22:33:38.408  4273  4777 V VideoManager: videoFromCursor
07-05 22:33:38.410  4273  4777 V VideoManager: Retrieving video from /storage/emulated/0/Movies/segment/20200312_150944/20200312_150944!002.mp4
07-05 22:33:38.421  4273  4777 V VideoManager: videoFromCursor
07-05 22:33:38.423  4273  4777 V VideoManager: Retrieving video from /storage/emulated/0/Movies/segment/20200312_150944/20200312_150944!003.mp4
07-05 22:33:38.432  4273  4777 V VideoManager: videoFromCursor
07-05 22:33:38.439  4273  4777 V NearbyFragment: nextTransfer with selected algorithm: ordered
07-05 22:33:38.441  4273  4777 W NearbyFragment: Sending 20200312_150944!000.mp4 to Nexus 5X [34d8]
07-05 22:33:38.457  4273  4273 V NearbyFragment: Transfer to Endpoint{id=Qd2N, name=Nexus 5X [34d8]} complete
07-05 22:33:39.444  4273  4777 V DownloadTestVideosTask: Starting DownloadTestVideosTask
07-05 22:33:39.445  4273  4777 V DashDownloadManager: Started downloading: 20200312_151044.mp4
07-05 22:33:39.447  4273  4777 I System.out: (HTTPLog)-Static: isSBSettingEnabled false
07-05 22:33:39.447  4273  4777 I System.out: (HTTPLog)-Static: isSBSettingEnabled false
07-05 22:33:39.491  4273  4777 I System.out: (HTTPLog)-Thread-2461-132930834: getTransferStream : ContentLength=69990400, method=GET, HTTPVersion=http/1.1
07-05 22:33:42.487  4273  4273 V NearbyFragment: Transfer to Endpoint{id=Qd2N, name=Nexus 5X [34d8]} complete
07-05 22:33:42.575  4273  4273 D NearbyFragment: onPayloadReceived(endpointId=Qd2N, payload=com.google.android.gms.nearby.connection.Payload@1eb4ce3)
07-05 22:33:42.576  4273  4273 D NearbyFragment: Endpoint{id=Qd2N, name=Nexus 5X [34d8]} has finished downloading 20200312_150944!000.mp4
07-05 22:33:42.578  4273  4273 V NearbyFragment: nextTransfer with selected algorithm: ordered
07-05 22:33:42.581  4273  4273 W NearbyFragment: Sending 20200312_150944!001.mp4 to Nexus 5X [34d8]
07-05 22:33:42.587  4273  4273 V NearbyFragment: Transfer to Endpoint{id=Qd2N, name=Nexus 5X [34d8]} complete
07-05 22:33:42.596  4273  4273 V NearbyFragment: Transfer to Endpoint{id=Qd2N, name=Nexus 5X [34d8]} complete
07-05 22:33:46.882  4273  4273 V NearbyFragment: Transfer to Endpoint{id=Qd2N, name=Nexus 5X [34d8]} complete
07-05 22:33:47.226  4273  4273 D NearbyFragment: onPayloadReceived(endpointId=Qd2N, payload=com.google.android.gms.nearby.connection.Payload@9af385e)
07-05 22:33:47.227  4273  4273 D NearbyFragment: Endpoint{id=Qd2N, name=Nexus 5X [34d8]} has finished downloading 20200312_150944!001.mp4
07-05 22:33:47.229  4273  4273 V NearbyFragment: nextTransfer with selected algorithm: ordered
07-05 22:33:47.232  4273  4273 W NearbyFragment: Sending 20200312_150944!002.mp4 to Nexus 5 [1825]
07-05 22:33:47.250  4273  4273 V NearbyFragment: Transfer to Endpoint{id=w2Lc, name=Nexus 5 [1825]} complete
07-05 22:33:47.276  4273  4273 V NearbyFragment: Transfer to Endpoint{id=Qd2N, name=Nexus 5X [34d8]} complete
07-05 22:33:53.061  4273  4273 V NearbyFragment: Transfer to Endpoint{id=w2Lc, name=Nexus 5 [1825]} complete
07-05 22:33:53.484  4273  4273 D NearbyFragment: onPayloadReceived(endpointId=w2Lc, payload=com.google.android.gms.nearby.connection.Payload@3320a55)
07-05 22:33:53.486  4273  4273 D NearbyFragment: Endpoint{id=w2Lc, name=Nexus 5 [1825]} has finished downloading 20200312_150944!002.mp4
07-05 22:33:53.488  4273  4273 V NearbyFragment: nextTransfer with selected algorithm: ordered
07-05 22:33:53.491  4273  4273 W NearbyFragment: Sending 20200312_150944!003.mp4 to Nexus 5 [1825]
07-05 22:33:53.518  4273  4273 V NearbyFragment: Transfer to Endpoint{id=w2Lc, name=Nexus 5 [1825]} complete
07-05 22:33:53.540  4273  4273 V NearbyFragment: Transfer to Endpoint{id=w2Lc, name=Nexus 5 [1825]} complete
07-05 22:33:58.662  4273  4273 V NearbyFragment: Transfer to Endpoint{id=w2Lc, name=Nexus 5 [1825]} complete
07-05 22:33:59.178  4273  4273 D NearbyFragment: onPayloadReceived(endpointId=w2Lc, payload=com.google.android.gms.nearby.connection.Payload@47ce1f8)
07-05 22:33:59.179  4273  4273 D NearbyFragment: Endpoint{id=w2Lc, name=Nexus 5 [1825]} has finished downloading 20200312_150944!003.mp4
07-05 22:33:59.180  4273  4273 I NearbyFragment: Transfer queue is empty
07-05 22:33:59.199  4273  4273 V NearbyFragment: Transfer to Endpoint{id=w2Lc, name=Nexus 5 [1825]} complete
07-05 22:34:00.708  4273  4273 D NearbyFragment: onPayloadReceived(endpointId=w2Lc, payload=com.google.android.gms.nearby.connection.Payload@3d5f6d1)
07-05 22:34:00.710  4273  4273 D NearbyFragment: 20200312_150944!002.mp4 from Endpoint{id=w2Lc, name=Nexus 5 [1825]} contained no activity
07-05 22:34:00.711  4273  4273 V NearbyFragment: Received a segment of 20200312_150944
07-05 22:34:00.712  4273  4273 I NearbyFragment: Transfer queue is empty
07-05 22:34:00.715  4273  4273 V NearbyFragment: Transfer to Endpoint{id=w2Lc, name=Nexus 5 [1825]} complete
07-05 22:34:05.205  4273  4273 D NearbyFragment: onPayloadReceived(endpointId=w2Lc, payload=com.google.android.gms.nearby.connection.Payload@9f3f536)
07-05 22:34:05.206  4273  4273 D NearbyFragment: 20200312_150944!003.mp4 from Endpoint{id=w2Lc, name=Nexus 5 [1825]} contained no activity
07-05 22:34:05.206  4273  4273 V NearbyFragment: Received a segment of 20200312_150944
07-05 22:34:05.206  4273  4273 I NearbyFragment: Transfer queue is empty
07-05 22:34:05.209  4273  4273 V NearbyFragment: Transfer to Endpoint{id=w2Lc, name=Nexus 5 [1825]} complete
07-05 22:34:07.111  4273  4777 V VideoManager: Retrieving video from /storage/emulated/0/Movies/raw/20200312_151044.mp4
07-05 22:34:07.137  4273  4777 D VideoManager: videoCursor is null
07-05 22:34:07.223  4273  4777 V VideoManager: videoFromCursor
07-05 22:34:07.228  4273  4777 W DashDownloadManager: Successfully downloaded 20200312_151044.mp4 in 27.665s
07-05 22:34:07.229  4273  4777 V DownloadTestVideosTask: Entering callback for download completion of 20200312_151044.mp4
07-05 22:34:07.230  4273  4777 V RawFootageEventHandler: onAdd
07-05 22:34:07.232  4273  4777 V FfmpegTools: Retrieving duration of /storage/emulated/0/Movies/raw/20200312_151044.mp4
07-05 22:34:07.243  4273  4789 W mobile-ffmpeg: [mov,mp4,m4a,3gp,3g2,mj2 @ 0x78d61a5e00] Found duplicated MOOV Atom. Skipped it
07-05 22:34:07.309  4273  4789 I mobile-ffmpeg: Input #0, mov,mp4,m4a,3gp,3g2,mj2, from '/storage/emulated/0/Movies/raw/20200312_151044.mp4':
07-05 22:34:07.309  4273  4789 I mobile-ffmpeg:   Metadata:
07-05 22:34:07.310  4273  4789 I mobile-ffmpeg:     creation_time   : 
07-05 22:34:07.310  4273  4789 I mobile-ffmpeg: 2020-03-12T04:11:43.000000Z
07-05 22:34:07.310  4273  4789 I mobile-ffmpeg: 
07-05 22:34:07.310  4273  4789 I mobile-ffmpeg:     major_brand     : 
07-05 22:34:07.310  4273  4789 I mobile-ffmpeg: mp42
07-05 22:34:07.310  4273  4789 I mobile-ffmpeg: 
07-05 22:34:07.310  4273  4789 I mobile-ffmpeg:     minor_version   : 
07-05 22:34:07.310  4273  4789 I mobile-ffmpeg: 1
07-05 22:34:07.310  4273  4789 I mobile-ffmpeg: 
07-05 22:34:07.310  4273  4789 I mobile-ffmpeg:     compatible_brands: 
07-05 22:34:07.310  4273  4789 I mobile-ffmpeg: mp42mp42
07-05 22:34:07.310  4273  4789 I mobile-ffmpeg: 
07-05 22:34:07.310  4273  4789 I mobile-ffmpeg:   Duration: 
07-05 22:34:07.310  4273  4789 I mobile-ffmpeg: 00:01:00.02
07-05 22:34:07.310  4273  4789 I mobile-ffmpeg: , start: 
07-05 22:34:07.310  4273  4789 I mobile-ffmpeg: 0.000000
07-05 22:34:07.310  4273  4789 I mobile-ffmpeg: , bitrate: 
07-05 22:34:07.310  4273  4789 I mobile-ffmpeg: 9328 kb/s
07-05 22:34:07.310  4273  4789 I mobile-ffmpeg: 
07-05 22:34:07.311  4273  4789 I mobile-ffmpeg:     Stream #0:0
07-05 22:34:07.311  4273  4789 I mobile-ffmpeg: (eng)
07-05 22:34:07.311  4273  4789 I mobile-ffmpeg: : Video: h264 (avc1 / 0x31637661), yuvj420p(pc, bt709), 1280x720, 8383 kb/s
07-05 22:34:07.311  4273  4789 I mobile-ffmpeg: , 
07-05 22:34:07.311  4273  4789 I mobile-ffmpeg: 29.97 fps, 
07-05 22:34:07.311  4273  4789 I mobile-ffmpeg: 29.97 tbr, 
07-05 22:34:07.311  4273  4789 I mobile-ffmpeg: 1k tbn, 
07-05 22:34:07.311  4273  4789 I mobile-ffmpeg: 2k tbc
07-05 22:34:07.311  4273  4789 I mobile-ffmpeg:  (default)
07-05 22:34:07.311  4273  4789 I mobile-ffmpeg: 
07-05 22:34:07.311  4273  4789 I mobile-ffmpeg:     Metadata:
07-05 22:34:07.311  4273  4789 I mobile-ffmpeg:       creation_time   : 
07-05 22:34:07.311  4273  4789 I mobile-ffmpeg: 2020-03-12T04:11:43.000000Z
07-05 22:34:07.311  4273  4789 I mobile-ffmpeg: 
07-05 22:34:07.311  4273  4789 I mobile-ffmpeg:       handler_name    : 
07-05 22:34:07.311  4273  4789 I mobile-ffmpeg: PittaSoft Video Media Handler
07-05 22:34:07.312  4273  4789 I mobile-ffmpeg: 
07-05 22:34:07.312  4273  4789 I mobile-ffmpeg:     Stream #0:1
07-05 22:34:07.312  4273  4789 I mobile-ffmpeg: (eng)
07-05 22:34:07.312  4273  4789 I mobile-ffmpeg: : Audio: aac (mp4a / 0x6134706D), 16000 Hz, stereo, fltp, 47 kb/s
07-05 22:34:07.312  4273  4789 I mobile-ffmpeg:  (default)
07-05 22:34:07.312  4273  4789 I mobile-ffmpeg: 
07-05 22:34:07.312  4273  4789 I mobile-ffmpeg:     Metadata:
07-05 22:34:07.312  4273  4789 I mobile-ffmpeg:       creation_time   : 
07-05 22:34:07.312  4273  4789 I mobile-ffmpeg: 2020-03-12T04:11:43.000000Z
07-05 22:34:07.312  4273  4789 I mobile-ffmpeg: 
07-05 22:34:07.312  4273  4789 I mobile-ffmpeg:       handler_name    : 
07-05 22:34:07.312  4273  4789 I mobile-ffmpeg: PittaSoft Sound Media Handler
07-05 22:34:07.312  4273  4789 I mobile-ffmpeg: 
07-05 22:34:07.327  4273  4777 V FileManager: External storage is readable
07-05 22:34:07.328  4273  4777 V FileManager: Created new directory: /storage/emulated/0/Movies/segment/20200312_151044
07-05 22:34:07.328  4273  4777 V FfmpegTools: Splitting /storage/emulated/0/Movies/raw/20200312_151044.mp4 with 16s long segments
07-05 22:34:07.329  4273  4777 I FfmpegTools: Running ffmpeg with:
07-05 22:34:07.329  4273  4777 I FfmpegTools:   -y -i /storage/emulated/0/Movies/raw/20200312_151044.mp4 -map 0 -c copy -f segment -reset_timestamps 1 -segment_time 16 /storage/emulated/0/Movies/segment/20200312_151044/20200312_151044!%03d.mp4
07-05 22:34:07.338  4273  4789 W mobile-ffmpeg: [mov,mp4,m4a,3gp,3g2,mj2 @ 0x78d61a5e00] Found duplicated MOOV Atom. Skipped it
07-05 22:34:07.381  4273  4789 I mobile-ffmpeg: Input #0, mov,mp4,m4a,3gp,3g2,mj2, from '/storage/emulated/0/Movies/raw/20200312_151044.mp4':
07-05 22:34:07.381  4273  4789 I mobile-ffmpeg:   Metadata:
07-05 22:34:07.381  4273  4789 I mobile-ffmpeg:     creation_time   : 
07-05 22:34:07.381  4273  4789 I mobile-ffmpeg: 2020-03-12T04:11:43.000000Z
07-05 22:34:07.381  4273  4789 I mobile-ffmpeg: 
07-05 22:34:07.381  4273  4789 I mobile-ffmpeg:     major_brand     : 
07-05 22:34:07.381  4273  4789 I mobile-ffmpeg: mp42
07-05 22:34:07.381  4273  4789 I mobile-ffmpeg: 
07-05 22:34:07.381  4273  4789 I mobile-ffmpeg:     minor_version   : 
07-05 22:34:07.381  4273  4789 I mobile-ffmpeg: 1
07-05 22:34:07.381  4273  4789 I mobile-ffmpeg: 
07-05 22:34:07.381  4273  4789 I mobile-ffmpeg:     compatible_brands: 
07-05 22:34:07.381  4273  4789 I mobile-ffmpeg: mp42mp42
07-05 22:34:07.381  4273  4789 I mobile-ffmpeg: 
07-05 22:34:07.381  4273  4789 I mobile-ffmpeg:   Duration: 
07-05 22:34:07.381  4273  4789 I mobile-ffmpeg: 00:01:00.02
07-05 22:34:07.381  4273  4789 I mobile-ffmpeg: , start: 
07-05 22:34:07.381  4273  4789 I mobile-ffmpeg: 0.000000
07-05 22:34:07.381  4273  4789 I mobile-ffmpeg: , bitrate: 
07-05 22:34:07.381  4273  4789 I mobile-ffmpeg: 9328 kb/s
07-05 22:34:07.382  4273  4789 I mobile-ffmpeg: 
07-05 22:34:07.382  4273  4789 I mobile-ffmpeg:     Stream #0:0
07-05 22:34:07.382  4273  4789 I mobile-ffmpeg: (eng)
07-05 22:34:07.382  4273  4789 I mobile-ffmpeg: : Video: h264 (avc1 / 0x31637661), yuvj420p(pc, bt709), 1280x720, 8383 kb/s
07-05 22:34:07.382  4273  4789 I mobile-ffmpeg: , 
07-05 22:34:07.382  4273  4789 I mobile-ffmpeg: 29.97 fps, 
07-05 22:34:07.382  4273  4789 I mobile-ffmpeg: 29.97 tbr, 
07-05 22:34:07.382  4273  4789 I mobile-ffmpeg: 1k tbn, 
07-05 22:34:07.382  4273  4789 I mobile-ffmpeg: 2k tbc
07-05 22:34:07.382  4273  4789 I mobile-ffmpeg:  (default)
07-05 22:34:07.382  4273  4789 I mobile-ffmpeg: 
07-05 22:34:07.382  4273  4789 I mobile-ffmpeg:     Metadata:
07-05 22:34:07.382  4273  4789 I mobile-ffmpeg:       creation_time   : 
07-05 22:34:07.382  4273  4789 I mobile-ffmpeg: 2020-03-12T04:11:43.000000Z
07-05 22:34:07.382  4273  4789 I mobile-ffmpeg: 
07-05 22:34:07.382  4273  4789 I mobile-ffmpeg:       handler_name    : 
07-05 22:34:07.382  4273  4789 I mobile-ffmpeg: PittaSoft Video Media Handler
07-05 22:34:07.382  4273  4789 I mobile-ffmpeg: 
07-05 22:34:07.382  4273  4789 I mobile-ffmpeg:     Stream #0:1
07-05 22:34:07.382  4273  4789 I mobile-ffmpeg: (eng)
07-05 22:34:07.383  4273  4789 I mobile-ffmpeg: : Audio: aac (mp4a / 0x6134706D), 16000 Hz, stereo, fltp, 47 kb/s
07-05 22:34:07.383  4273  4789 I mobile-ffmpeg:  (default)
07-05 22:34:07.383  4273  4789 I mobile-ffmpeg: 
07-05 22:34:07.383  4273  4789 I mobile-ffmpeg:     Metadata:
07-05 22:34:07.383  4273  4789 I mobile-ffmpeg:       creation_time   : 
07-05 22:34:07.383  4273  4789 I mobile-ffmpeg: 2020-03-12T04:11:43.000000Z
07-05 22:34:07.383  4273  4789 I mobile-ffmpeg: 
07-05 22:34:07.383  4273  4789 I mobile-ffmpeg:       handler_name    : 
07-05 22:34:07.383  4273  4789 I mobile-ffmpeg: PittaSoft Sound Media Handler
07-05 22:34:07.383  4273  4789 I mobile-ffmpeg: 
07-05 22:34:07.383  4273  4789 I mobile-ffmpeg: [segment @ 0x78d64b8000] Opening '/storage/emulated/0/Movies/segment/20200312_151044/20200312_151044!000.mp4' for writing
07-05 22:34:07.383  4273  4789 I mobile-ffmpeg: Output #0, segment, to '/storage/emulated/0/Movies/segment/20200312_151044/20200312_151044!%03d.mp4':
07-05 22:34:07.383  4273  4789 I mobile-ffmpeg:   Metadata:
07-05 22:34:07.383  4273  4789 I mobile-ffmpeg:     compatible_brands: 
07-05 22:34:07.383  4273  4789 I mobile-ffmpeg: mp42mp42
07-05 22:34:07.383  4273  4789 I mobile-ffmpeg: 
07-05 22:34:07.383  4273  4789 I mobile-ffmpeg:     major_brand     : 
07-05 22:34:07.383  4273  4789 I mobile-ffmpeg: mp42
07-05 22:34:07.383  4273  4789 I mobile-ffmpeg: 
07-05 22:34:07.383  4273  4789 I mobile-ffmpeg:     minor_version   : 
07-05 22:34:07.383  4273  4789 I mobile-ffmpeg: 1
07-05 22:34:07.384  4273  4789 I mobile-ffmpeg: 
07-05 22:34:07.384  4273  4789 I mobile-ffmpeg:     encoder         : 
07-05 22:34:07.384  4273  4789 I mobile-ffmpeg: Lavf58.42.100
07-05 22:34:07.384  4273  4789 I mobile-ffmpeg: 
07-05 22:34:07.384  4273  4789 I mobile-ffmpeg:     Stream #0:0
07-05 22:34:07.384  4273  4789 I mobile-ffmpeg: (eng)
07-05 22:34:07.384  4273  4789 I mobile-ffmpeg: : Video: h264 (avc1 / 0x31637661), yuvj420p(pc, bt709), 1280x720, q=2-31, 8383 kb/s
07-05 22:34:07.384  4273  4789 I mobile-ffmpeg: , 
07-05 22:34:07.384  4273  4789 I mobile-ffmpeg: 29.97 fps, 
07-05 22:34:07.384  4273  4789 I mobile-ffmpeg: 29.97 tbr, 
07-05 22:34:07.384  4273  4789 I mobile-ffmpeg: 16k tbn, 
07-05 22:34:07.384  4273  4789 I mobile-ffmpeg: 1k tbc
07-05 22:34:07.384  4273  4789 I mobile-ffmpeg:  (default)
07-05 22:34:07.384  4273  4789 I mobile-ffmpeg: 
07-05 22:34:07.384  4273  4789 I mobile-ffmpeg:     Metadata:
07-05 22:34:07.384  4273  4789 I mobile-ffmpeg:       creation_time   : 
07-05 22:34:07.384  4273  4789 I mobile-ffmpeg: 2020-03-12T04:11:43.000000Z
07-05 22:34:07.384  4273  4789 I mobile-ffmpeg: 
07-05 22:34:07.384  4273  4789 I mobile-ffmpeg:       handler_name    : 
07-05 22:34:07.385  4273  4789 I mobile-ffmpeg: PittaSoft Video Media Handler
07-05 22:34:07.385  4273  4789 I mobile-ffmpeg: 
07-05 22:34:07.385  4273  4789 I mobile-ffmpeg:     Stream #0:1
07-05 22:34:07.385  4273  4789 I mobile-ffmpeg: (eng)
07-05 22:34:07.385  4273  4789 I mobile-ffmpeg: : Audio: aac (mp4a / 0x6134706D), 16000 Hz, stereo, fltp, 47 kb/s
07-05 22:34:07.385  4273  4789 I mobile-ffmpeg:  (default)
07-05 22:34:07.385  4273  4789 I mobile-ffmpeg: 
07-05 22:34:07.385  4273  4789 I mobile-ffmpeg:     Metadata:
07-05 22:34:07.385  4273  4789 I mobile-ffmpeg:       creation_time   : 
07-05 22:34:07.385  4273  4789 I mobile-ffmpeg: 2020-03-12T04:11:43.000000Z
07-05 22:34:07.385  4273  4789 I mobile-ffmpeg: 
07-05 22:34:07.385  4273  4789 I mobile-ffmpeg:       handler_name    : 
07-05 22:34:07.385  4273  4789 I mobile-ffmpeg: PittaSoft Sound Media Handler
07-05 22:34:07.385  4273  4789 I mobile-ffmpeg: 
07-05 22:34:07.385  4273  4789 I mobile-ffmpeg: Stream mapping:
07-05 22:34:07.385  4273  4789 I mobile-ffmpeg:   Stream #0:0 -> #0:0
07-05 22:34:07.385  4273  4789 I mobile-ffmpeg:  (copy)
07-05 22:34:07.385  4273  4789 I mobile-ffmpeg: 
07-05 22:34:07.385  4273  4789 I mobile-ffmpeg:   Stream #0:1 -> #0:1
07-05 22:34:07.385  4273  4789 I mobile-ffmpeg:  (copy)
07-05 22:34:07.386  4273  4789 I mobile-ffmpeg: 
07-05 22:34:07.386  4273  4789 I mobile-ffmpeg: Press [q] to stop, [?] for help
07-05 22:34:07.386  4273  4789 I mobile-ffmpeg: frame=    1 fps=0.0 q=-1.0 size=N/A time=00:00:00.00 bitrate=N/A speed=  63x    
07-05 22:34:07.465  4273  4789 I mobile-ffmpeg: [segment @ 0x78d64b8000] Opening '/storage/emulated/0/Movies/segment/20200312_151044/20200312_151044!001.mp4' for writing
07-05 22:34:07.524  4273  4789 I mobile-ffmpeg: [segment @ 0x78d64b8000] Opening '/storage/emulated/0/Movies/segment/20200312_151044/20200312_151044!002.mp4' for writing
07-05 22:34:07.575  4273  4789 I mobile-ffmpeg: [segment @ 0x78d64b8000] Opening '/storage/emulated/0/Movies/segment/20200312_151044/20200312_151044!003.mp4' for writing
07-05 22:34:07.613  4273  4789 I mobile-ffmpeg: frame= 1800 fps=0.0 q=-1.0 Lsize=N/A time=00:01:00.03 bitrate=N/A speed= 261x    
07-05 22:34:07.613  4273  4789 I mobile-ffmpeg: video:61424kB audio:346kB subtitle:0kB other streams:0kB global headers:0kB muxing overhead: 
07-05 22:34:07.613  4273  4789 I mobile-ffmpeg: unknown
07-05 22:34:07.613  4273  4789 I mobile-ffmpeg: 
07-05 22:34:07.616  4273  4777 V FileManager: External storage is readable
07-05 22:34:07.616  4273  4777 V FileManager: Directory already exists: /storage/emulated/0/Movies/segment/20200312_151044
07-05 22:34:07.616  4273  4777 V VideoManager: Retrieving videos from /storage/emulated/0/Movies/segment/20200312_151044
07-05 22:34:07.617  4273  4777 V VideoManager: Retrieving video from /storage/emulated/0/Movies/segment/20200312_151044/20200312_151044!000.mp4
07-05 22:34:07.626  4273  4777 V VideoManager: videoFromCursor
07-05 22:34:07.628  4273  4777 V VideoManager: Retrieving video from /storage/emulated/0/Movies/segment/20200312_151044/20200312_151044!001.mp4
07-05 22:34:07.637  4273  4777 V VideoManager: videoFromCursor
07-05 22:34:07.640  4273  4777 V VideoManager: Retrieving video from /storage/emulated/0/Movies/segment/20200312_151044/20200312_151044!002.mp4
07-05 22:34:07.647  4273  4777 V VideoManager: videoFromCursor
07-05 22:34:07.650  4273  4777 V VideoManager: Retrieving video from /storage/emulated/0/Movies/segment/20200312_151044/20200312_151044!003.mp4
07-05 22:34:07.658  4273  4777 V VideoManager: videoFromCursor
07-05 22:34:07.660  4273  4777 V NearbyFragment: nextTransfer with selected algorithm: ordered
07-05 22:34:07.661  4273  4777 W NearbyFragment: Sending 20200312_151044!000.mp4 to Nexus 5 [1825]
07-05 22:34:07.682  4273  4273 V NearbyFragment: Transfer to Endpoint{id=w2Lc, name=Nexus 5 [1825]} complete
07-05 22:34:08.662  4273  4777 V DownloadTestVideosTask: Starting DownloadTestVideosTask
07-05 22:34:08.664  4273  4777 V DashDownloadManager: Started downloading: 20200312_193528.mp4
07-05 22:34:08.666  4273  4777 I System.out: (HTTPLog)-Static: isSBSettingEnabled false
07-05 22:34:08.667  4273  4777 I System.out: (HTTPLog)-Static: isSBSettingEnabled false
07-05 22:34:08.712  4273  4777 I System.out: (HTTPLog)-Thread-2461-159526594: getTransferStream : ContentLength=69990400, method=GET, HTTPVersion=http/1.1
07-05 22:34:10.423  4273  4273 D NearbyFragment: onPayloadReceived(endpointId=Qd2N, payload=com.google.android.gms.nearby.connection.Payload@2b934d3)
07-05 22:34:10.423  4273  4273 V NearbyFragment: Started downloading 20200312_150944!000.mp4 from Endpoint{id=Qd2N, name=Nexus 5X [34d8]}
07-05 22:34:10.424  4273  4273 V NearbyFragment: nextTransfer with selected algorithm: ordered
07-05 22:34:10.426  4273  4273 W NearbyFragment: Sending 20200312_151044!001.mp4 to Nexus 5 [1825]
07-05 22:34:10.428  4273  4273 V NearbyFragment: Transfer to Endpoint{id=Qd2N, name=Nexus 5X [34d8]} complete
07-05 22:34:10.604  4273  4273 D NearbyFragment: onPayloadReceived(endpointId=Qd2N, payload=com.google.android.gms.nearby.connection.Payload@1c8750e)
07-05 22:34:10.625  4273  4273 V NearbyFragment: Transfer to Endpoint{id=w2Lc, name=Nexus 5 [1825]} complete
07-05 22:34:12.044  4273  4273 V NearbyFragment: Transfer to Endpoint{id=Qd2N, name=Nexus 5X [34d8]} complete
07-05 22:34:12.045  4273  4273 W NearbyFragment: Completed downloading 20200312_150944!000.mp4 from Endpoint{id=Qd2N, name=Nexus 5X [34d8]} in 01.621s
07-05 22:34:12.052  4273  4273 V FileManager: External storage is readable
07-05 22:34:12.053  4273  4273 V FileManager: Created new directory: /storage/emulated/0/Movies/segment-sum/20200312_150944
07-05 22:34:12.113  4273  4273 V NearbyFragment: Received a segment of 20200312_150944
07-05 22:34:13.802  4273  4273 V NearbyFragment: Transfer to Endpoint{id=w2Lc, name=Nexus 5 [1825]} complete
07-05 22:34:14.714  4273  4273 D NearbyFragment: onPayloadReceived(endpointId=w2Lc, payload=com.google.android.gms.nearby.connection.Payload@cd84b2f)
07-05 22:34:14.715  4273  4273 D NearbyFragment: Endpoint{id=w2Lc, name=Nexus 5 [1825]} has finished downloading 20200312_151044!000.mp4
07-05 22:34:14.716  4273  4273 V NearbyFragment: nextTransfer with selected algorithm: ordered
07-05 22:34:14.719  4273  4273 W NearbyFragment: Sending 20200312_151044!002.mp4 to Nexus 5X [34d8]
07-05 22:34:14.741  4273  4273 V NearbyFragment: Transfer to Endpoint{id=Qd2N, name=Nexus 5X [34d8]} complete
07-05 22:34:15.122  4273  4273 V NearbyFragment: Transfer to Endpoint{id=w2Lc, name=Nexus 5 [1825]} complete
07-05 22:34:15.945  4273  4273 D NearbyFragment: onPayloadReceived(endpointId=Qd2N, payload=com.google.android.gms.nearby.connection.Payload@91ad41a)
07-05 22:34:15.946  4273  4273 D NearbyFragment: 20200312_150944!001.mp4 from Endpoint{id=Qd2N, name=Nexus 5X [34d8]} contained no activity
07-05 22:34:15.947  4273  4273 D NearbyFragment: Received all summarised video segments of 20200312_150944
07-05 22:34:15.955  4273  4273 V FileManager: External storage is readable
07-05 22:34:15.956  4273  4273 V FileManager: Directory already exists: /storage/emulated/0/Movies/segment-sum/20200312_150944
07-05 22:34:15.957  4273  4273 D FfmpegTools: Merging /storage/emulated/0/Movies/summarised/20200312_150944.mp4
07-05 22:34:15.957  4273  4273 V FfmpegTools: Retrieving duration of /storage/emulated/0/Movies/segment-sum/20200312_150944/20200312_150944!000.mp4
07-05 22:34:15.994  4273  4789 I mobile-ffmpeg: Input #0, mov,mp4,m4a,3gp,3g2,mj2, from '/storage/emulated/0/Movies/segment-sum/20200312_150944/20200312_150944!000.mp4':
07-05 22:34:15.994  4273  4789 I mobile-ffmpeg:   Metadata:
07-05 22:34:15.994  4273  4789 I mobile-ffmpeg:     major_brand     : 
07-05 22:34:15.994  4273  4789 I mobile-ffmpeg: isom
07-05 22:34:15.994  4273  4789 I mobile-ffmpeg: 
07-05 22:34:15.994  4273  4789 I mobile-ffmpeg:     minor_version   : 
07-05 22:34:15.994  4273  4789 I mobile-ffmpeg: 512
07-05 22:34:15.994  4273  4789 I mobile-ffmpeg: 
07-05 22:34:15.994  4273  4789 I mobile-ffmpeg:     compatible_brands: 
07-05 22:34:15.994  4273  4789 I mobile-ffmpeg: isomiso2avc1mp41
07-05 22:34:15.994  4273  4789 I mobile-ffmpeg: 
07-05 22:34:15.995  4273  4789 I mobile-ffmpeg:     encoder         : 
07-05 22:34:15.995  4273  4789 I mobile-ffmpeg: Lavf58.42.100
07-05 22:34:15.995  4273  4789 I mobile-ffmpeg: 
07-05 22:34:15.995  4273  4789 I mobile-ffmpeg:   Duration: 
07-05 22:34:15.995  4273  4789 I mobile-ffmpeg: 00:00:07.07
07-05 22:34:15.995  4273  4789 I mobile-ffmpeg: , start: 
07-05 22:34:15.995  4273  4789 I mobile-ffmpeg: 0.000000
07-05 22:34:15.995  4273  4789 I mobile-ffmpeg: , bitrate: 
07-05 22:34:15.995  4273  4789 I mobile-ffmpeg: 1347 kb/s
07-05 22:34:15.995  4273  4789 I mobile-ffmpeg: 
07-05 22:34:15.995  4273  4789 I mobile-ffmpeg:     Stream #0:0
07-05 22:34:15.995  4273  4789 I mobile-ffmpeg: (und)
07-05 22:34:15.995  4273  4789 I mobile-ffmpeg: : Video: h264 (avc1 / 0x31637661), yuvj420p(pc), 1280x720, 1275 kb/s
07-05 22:34:15.995  4273  4789 I mobile-ffmpeg: , 
07-05 22:34:15.995  4273  4789 I mobile-ffmpeg: 29.97 fps, 
07-05 22:34:15.995  4273  4789 I mobile-ffmpeg: 29.97 tbr, 
07-05 22:34:15.995  4273  4789 I mobile-ffmpeg: 30k tbn, 
07-05 22:34:15.996  4273  4789 I mobile-ffmpeg: 59.94 tbc
07-05 22:34:15.996  4273  4789 I mobile-ffmpeg:  (default)
07-05 22:34:15.996  4273  4789 I mobile-ffmpeg: 
07-05 22:34:15.996  4273  4789 I mobile-ffmpeg:     Metadata:
07-05 22:34:15.996  4273  4789 I mobile-ffmpeg:       handler_name    : 
07-05 22:34:15.996  4273  4789 I mobile-ffmpeg: VideoHandler
07-05 22:34:15.996  4273  4789 I mobile-ffmpeg: 
07-05 22:34:15.996  4273  4789 I mobile-ffmpeg:     Stream #0:1
07-05 22:34:15.996  4273  4789 I mobile-ffmpeg: (und)
07-05 22:34:15.997  4273  4789 I mobile-ffmpeg: : Audio: aac (mp4a / 0x6134706D), 16000 Hz, stereo, fltp, 78 kb/s
07-05 22:34:15.997  4273  4789 I mobile-ffmpeg:  (default)
07-05 22:34:15.997  4273  4789 I mobile-ffmpeg: 
07-05 22:34:15.997  4273  4789 I mobile-ffmpeg:     Metadata:
07-05 22:34:15.997  4273  4789 I mobile-ffmpeg:       handler_name    : 
07-05 22:34:15.997  4273  4789 I mobile-ffmpeg: SoundHandler
07-05 22:34:15.997  4273  4789 I mobile-ffmpeg: 
07-05 22:34:16.005  4273  4273 W FfmpegTools: Single segment returned, duration of 20200312_150944: 7.07
07-05 22:34:16.101  4273  4273 V VideoManager: Retrieving video from /storage/emulated/0/Movies/summarised/20200312_150944.mp4
07-05 22:34:16.113  4273  4273 V VideoManager: videoFromCursor
07-05 22:34:16.116  4273  4273 V SummarisedVideosEventHandler: onAdd
07-05 22:34:16.117  4273  4273 V RawFootageEventHandler: removeByName
07-05 22:34:16.117  4273  4273 V ProcessingVideosEventHandler: removeByName
07-05 22:34:16.118  4273  4273 V NearbyFragment: Removing video segment map for 20200312_150944
07-05 22:34:16.118  4273  4273 V NearbyFragment: nextTransfer with selected algorithm: ordered
07-05 22:34:16.119  4273  4273 W NearbyFragment: Sending 20200312_151044!003.mp4 to Nexus 5X [34d8]
07-05 22:34:16.121  4273  4273 V NearbyFragment: Transfer to Endpoint{id=Qd2N, name=Nexus 5X [34d8]} complete
07-05 22:34:16.483  4273  4273 V NearbyFragment: Transfer to Endpoint{id=Qd2N, name=Nexus 5X [34d8]} complete
07-05 22:34:20.387  4273  4273 V NearbyFragment: Transfer to Endpoint{id=w2Lc, name=Nexus 5 [1825]} complete
07-05 22:34:21.051  4273  4273 D NearbyFragment: onPayloadReceived(endpointId=w2Lc, payload=com.google.android.gms.nearby.connection.Payload@3837ed)
07-05 22:34:21.052  4273  4273 D NearbyFragment: Endpoint{id=w2Lc, name=Nexus 5 [1825]} has finished downloading 20200312_151044!001.mp4
07-05 22:34:21.053  4273  4273 I NearbyFragment: Transfer queue is empty
07-05 22:34:21.108  4273  4273 V NearbyFragment: Transfer to Endpoint{id=w2Lc, name=Nexus 5 [1825]} complete
07-05 22:34:22.522  4273  4273 D NearbyFragment: onPayloadReceived(endpointId=w2Lc, payload=com.google.android.gms.nearby.connection.Payload@7483622)
07-05 22:34:22.523  4273  4273 D NearbyFragment: 20200312_151044!000.mp4 from Endpoint{id=w2Lc, name=Nexus 5 [1825]} contained no activity
07-05 22:34:22.524  4273  4273 V NearbyFragment: Received a segment of 20200312_151044
07-05 22:34:22.525  4273  4273 I NearbyFragment: Transfer queue is empty
07-05 22:34:22.572  4273  4273 V NearbyFragment: Transfer to Endpoint{id=w2Lc, name=Nexus 5 [1825]} complete
07-05 22:34:28.415  4273  4273 V NearbyFragment: Transfer to Endpoint{id=Qd2N, name=Nexus 5X [34d8]} complete
07-05 22:34:28.910  4273  4273 D NearbyFragment: onPayloadReceived(endpointId=Qd2N, payload=com.google.android.gms.nearby.connection.Payload@a8998b3)
07-05 22:34:28.911  4273  4273 D NearbyFragment: Endpoint{id=Qd2N, name=Nexus 5X [34d8]} has finished downloading 20200312_151044!002.mp4
07-05 22:34:28.912  4273  4273 I NearbyFragment: Transfer queue is empty
07-05 22:34:29.100  4273  4273 V NearbyFragment: Transfer to Endpoint{id=Qd2N, name=Nexus 5X [34d8]} complete
07-05 22:34:29.872  4273  4273 D NearbyFragment: onPayloadReceived(endpointId=w2Lc, payload=com.google.android.gms.nearby.connection.Payload@68ebe70)
07-05 22:34:29.874  4273  4273 D NearbyFragment: 20200312_151044!001.mp4 from Endpoint{id=w2Lc, name=Nexus 5 [1825]} contained no activity
07-05 22:34:29.876  4273  4273 V NearbyFragment: Received a segment of 20200312_151044
07-05 22:34:29.878  4273  4273 I NearbyFragment: Transfer queue is empty
07-05 22:34:29.900  4273  4273 V NearbyFragment: Transfer to Endpoint{id=w2Lc, name=Nexus 5 [1825]} complete
07-05 22:34:35.117  4273  4273 V NearbyFragment: Transfer to Endpoint{id=Qd2N, name=Nexus 5X [34d8]} complete
07-05 22:34:35.183  4273  4273 D NearbyFragment: onPayloadReceived(endpointId=Qd2N, payload=com.google.android.gms.nearby.connection.Payload@36d65e9)
07-05 22:34:35.184  4273  4273 D NearbyFragment: 20200312_151044!002.mp4 from Endpoint{id=Qd2N, name=Nexus 5X [34d8]} contained no activity
07-05 22:34:35.185  4273  4273 V NearbyFragment: Received a segment of 20200312_151044
07-05 22:34:35.186  4273  4273 I NearbyFragment: Transfer queue is empty
07-05 22:34:35.293  4273  4273 V NearbyFragment: Transfer to Endpoint{id=Qd2N, name=Nexus 5X [34d8]} complete
07-05 22:34:35.307  4273  4273 D NearbyFragment: onPayloadReceived(endpointId=Qd2N, payload=com.google.android.gms.nearby.connection.Payload@5d7926e)
07-05 22:34:35.308  4273  4273 D NearbyFragment: Endpoint{id=Qd2N, name=Nexus 5X [34d8]} has finished downloading 20200312_151044!003.mp4
07-05 22:34:35.310  4273  4273 I NearbyFragment: Transfer queue is empty
07-05 22:34:35.314  4273  4273 V NearbyFragment: Transfer to Endpoint{id=Qd2N, name=Nexus 5X [34d8]} complete
07-05 22:34:37.841  4273  4777 V VideoManager: Retrieving video from /storage/emulated/0/Movies/raw/20200312_193528.mp4
07-05 22:34:37.864  4273  4777 D VideoManager: videoCursor is null
07-05 22:34:37.944  4273  4777 V VideoManager: videoFromCursor
07-05 22:34:37.947  4273  4777 W DashDownloadManager: Successfully downloaded 20200312_193528.mp4 in 29.176s
07-05 22:34:37.947  4273  4777 V DownloadTestVideosTask: Entering callback for download completion of 20200312_193528.mp4
07-05 22:34:37.948  4273  4777 V RawFootageEventHandler: onAdd
07-05 22:34:37.948  4273  4777 V FfmpegTools: Retrieving duration of /storage/emulated/0/Movies/raw/20200312_193528.mp4
07-05 22:34:37.953  4273  4789 W mobile-ffmpeg: [mov,mp4,m4a,3gp,3g2,mj2 @ 0x78d60e4e00] Found duplicated MOOV Atom. Skipped it
07-05 22:34:37.995  4273  4789 I mobile-ffmpeg: Input #0, mov,mp4,m4a,3gp,3g2,mj2, from '/storage/emulated/0/Movies/raw/20200312_193528.mp4':
07-05 22:34:37.996  4273  4789 I mobile-ffmpeg:   Metadata:
07-05 22:34:37.996  4273  4789 I mobile-ffmpeg:     creation_time   : 
07-05 22:34:37.996  4273  4789 I mobile-ffmpeg: 2020-03-12T08:36:28.000000Z
07-05 22:34:37.996  4273  4789 I mobile-ffmpeg: 
07-05 22:34:37.996  4273  4789 I mobile-ffmpeg:     major_brand     : 
07-05 22:34:37.996  4273  4789 I mobile-ffmpeg: mp42
07-05 22:34:37.996  4273  4789 I mobile-ffmpeg: 
07-05 22:34:37.996  4273  4789 I mobile-ffmpeg:     minor_version   : 
07-05 22:34:37.996  4273  4789 I mobile-ffmpeg: 1
07-05 22:34:37.996  4273  4789 I mobile-ffmpeg: 
07-05 22:34:37.996  4273  4789 I mobile-ffmpeg:     compatible_brands: 
07-05 22:34:37.996  4273  4789 I mobile-ffmpeg: mp42mp42
07-05 22:34:37.996  4273  4789 I mobile-ffmpeg: 
07-05 22:34:37.996  4273  4789 I mobile-ffmpeg:   Duration: 
07-05 22:34:37.996  4273  4789 I mobile-ffmpeg: 00:01:00.05
07-05 22:34:37.996  4273  4789 I mobile-ffmpeg: , start: 
07-05 22:34:37.996  4273  4789 I mobile-ffmpeg: 0.000000
07-05 22:34:37.996  4273  4789 I mobile-ffmpeg: , bitrate: 
07-05 22:34:37.997  4273  4789 I mobile-ffmpeg: 9323 kb/s
07-05 22:34:37.997  4273  4789 I mobile-ffmpeg: 
07-05 22:34:37.997  4273  4789 I mobile-ffmpeg:     Stream #0:0
07-05 22:34:37.997  4273  4789 I mobile-ffmpeg: (eng)
07-05 22:34:37.997  4273  4789 I mobile-ffmpeg: : Video: h264 (avc1 / 0x31637661), yuvj420p(pc, bt709), 1280x720, 8373 kb/s
07-05 22:34:37.997  4273  4789 I mobile-ffmpeg: , 
07-05 22:34:37.997  4273  4789 I mobile-ffmpeg: 29.96 fps, 
07-05 22:34:37.997  4273  4789 I mobile-ffmpeg: 29.97 tbr, 
07-05 22:34:37.997  4273  4789 I mobile-ffmpeg: 1k tbn, 
07-05 22:34:37.997  4273  4789 I mobile-ffmpeg: 2k tbc
07-05 22:34:37.997  4273  4789 I mobile-ffmpeg:  (default)
07-05 22:34:37.997  4273  4789 I mobile-ffmpeg: 
07-05 22:34:37.997  4273  4789 I mobile-ffmpeg:     Metadata:
07-05 22:34:37.997  4273  4789 I mobile-ffmpeg:       creation_time   : 
07-05 22:34:37.997  4273  4789 I mobile-ffmpeg: 2020-03-12T08:36:28.000000Z
07-05 22:34:37.997  4273  4789 I mobile-ffmpeg: 
07-05 22:34:37.997  4273  4789 I mobile-ffmpeg:       handler_name    : 
07-05 22:34:37.997  4273  4789 I mobile-ffmpeg: PittaSoft Video Media Handler
07-05 22:34:37.998  4273  4789 I mobile-ffmpeg: 
07-05 22:34:37.998  4273  4789 I mobile-ffmpeg:     Stream #0:1
07-05 22:34:37.998  4273  4789 I mobile-ffmpeg: (eng)
07-05 22:34:37.998  4273  4789 I mobile-ffmpeg: : Audio: aac (mp4a / 0x6134706D), 16000 Hz, stereo, fltp, 47 kb/s
07-05 22:34:37.998  4273  4789 I mobile-ffmpeg:  (default)
07-05 22:34:37.998  4273  4789 I mobile-ffmpeg: 
07-05 22:34:37.998  4273  4789 I mobile-ffmpeg:     Metadata:
07-05 22:34:37.998  4273  4789 I mobile-ffmpeg:       creation_time   : 
07-05 22:34:37.998  4273  4789 I mobile-ffmpeg: 2020-03-12T08:36:28.000000Z
07-05 22:34:37.998  4273  4789 I mobile-ffmpeg: 
07-05 22:34:37.998  4273  4789 I mobile-ffmpeg:       handler_name    : 
07-05 22:34:37.998  4273  4789 I mobile-ffmpeg: PittaSoft Sound Media Handler
07-05 22:34:37.998  4273  4789 I mobile-ffmpeg: 
07-05 22:34:38.009  4273  4777 V FileManager: External storage is readable
07-05 22:34:38.010  4273  4777 V FileManager: Created new directory: /storage/emulated/0/Movies/segment/20200312_193528
07-05 22:34:38.011  4273  4777 V FfmpegTools: Splitting /storage/emulated/0/Movies/raw/20200312_193528.mp4 with 16s long segments
07-05 22:34:38.011  4273  4777 I FfmpegTools: Running ffmpeg with:
07-05 22:34:38.011  4273  4777 I FfmpegTools:   -y -i /storage/emulated/0/Movies/raw/20200312_193528.mp4 -map 0 -c copy -f segment -reset_timestamps 1 -segment_time 16 /storage/emulated/0/Movies/segment/20200312_193528/20200312_193528!%03d.mp4
07-05 22:34:38.019  4273  4789 W mobile-ffmpeg: [mov,mp4,m4a,3gp,3g2,mj2 @ 0x78d60e4e00] Found duplicated MOOV Atom. Skipped it
07-05 22:34:38.055  4273  4789 I mobile-ffmpeg: Input #0, mov,mp4,m4a,3gp,3g2,mj2, from '/storage/emulated/0/Movies/raw/20200312_193528.mp4':
07-05 22:34:38.055  4273  4789 I mobile-ffmpeg:   Metadata:
07-05 22:34:38.055  4273  4789 I mobile-ffmpeg:     creation_time   : 
07-05 22:34:38.055  4273  4789 I mobile-ffmpeg: 2020-03-12T08:36:28.000000Z
07-05 22:34:38.055  4273  4789 I mobile-ffmpeg: 
07-05 22:34:38.055  4273  4789 I mobile-ffmpeg:     major_brand     : 
07-05 22:34:38.055  4273  4789 I mobile-ffmpeg: mp42
07-05 22:34:38.055  4273  4789 I mobile-ffmpeg: 
07-05 22:34:38.055  4273  4789 I mobile-ffmpeg:     minor_version   : 
07-05 22:34:38.055  4273  4789 I mobile-ffmpeg: 1
07-05 22:34:38.055  4273  4789 I mobile-ffmpeg: 
07-05 22:34:38.055  4273  4789 I mobile-ffmpeg:     compatible_brands: 
07-05 22:34:38.055  4273  4789 I mobile-ffmpeg: mp42mp42
07-05 22:34:38.055  4273  4789 I mobile-ffmpeg: 
07-05 22:34:38.055  4273  4789 I mobile-ffmpeg:   Duration: 
07-05 22:34:38.055  4273  4789 I mobile-ffmpeg: 00:01:00.05
07-05 22:34:38.055  4273  4789 I mobile-ffmpeg: , start: 
07-05 22:34:38.055  4273  4789 I mobile-ffmpeg: 0.000000
07-05 22:34:38.055  4273  4789 I mobile-ffmpeg: , bitrate: 
07-05 22:34:38.055  4273  4789 I mobile-ffmpeg: 9323 kb/s
07-05 22:34:38.055  4273  4789 I mobile-ffmpeg: 
07-05 22:34:38.056  4273  4789 I mobile-ffmpeg:     Stream #0:0
07-05 22:34:38.056  4273  4789 I mobile-ffmpeg: (eng)
