07-05 22:37:47.205  4273  4273 W NearbyFragment: Sending 20200312_194229!002.mp4 to Nexus 5 [1825]
07-05 22:37:47.208  4273  4273 V NearbyFragment: Transfer to Endpoint{id=Qd2N, name=Nexus 5X [34d8]} complete
07-05 22:37:47.304  4273  4273 V NearbyFragment: Transfer to Endpoint{id=w2Lc, name=Nexus 5 [1825]} complete
07-05 22:37:47.368  4273  4273 D NearbyFragment: onPayloadReceived(endpointId=Qd2N, payload=com.google.android.gms.nearby.connection.Payload@ae032ae)
07-05 22:37:47.682  4273  4273 V NearbyFragment: Transfer to Endpoint{id=Qd2N, name=Nexus 5X [34d8]} complete
07-05 22:37:47.684  4273  4273 W NearbyFragment: Completed downloading 20200312_194129!001.mp4 from Endpoint{id=Qd2N, name=Nexus 5X [34d8]} in 00.482s
07-05 22:37:47.694  4273  4273 V FileManager: External storage is readable
07-05 22:37:47.697  4273  4273 V FileManager: Created new directory: /storage/emulated/0/Movies/segment-sum/20200312_194129
07-05 22:37:47.735  4273  4273 V NearbyFragment: Received a segment of 20200312_194129
07-05 22:37:51.535  4273  4273 D NearbyFragment: onPayloadReceived(endpointId=w2Lc, payload=com.google.android.gms.nearby.connection.Payload@17ac84f)
07-05 22:37:51.536  4273  4273 V NearbyFragment: Started downloading 20200312_194129!003.mp4 from Endpoint{id=w2Lc, name=Nexus 5 [1825]}
07-05 22:37:51.537  4273  4273 V NearbyFragment: nextTransfer with selected algorithm: ordered
07-05 22:37:51.540  4273  4273 W NearbyFragment: Sending 20200312_194229!003.mp4 to Nexus 5X [34d8]
07-05 22:37:51.556  4273  4273 V NearbyFragment: Transfer to Endpoint{id=Qd2N, name=Nexus 5X [34d8]} complete
07-05 22:37:51.570  4273  4273 V NearbyFragment: Transfer to Endpoint{id=w2Lc, name=Nexus 5 [1825]} complete
07-05 22:37:52.049  4273  4273 V NearbyFragment: Transfer to Endpoint{id=w2Lc, name=Nexus 5 [1825]} complete
07-05 22:37:53.105  4273  4273 D NearbyFragment: onPayloadReceived(endpointId=w2Lc, payload=com.google.android.gms.nearby.connection.Payload@c80cbba)
07-05 22:37:53.196  4273  4273 V NearbyFragment: Transfer to Endpoint{id=w2Lc, name=Nexus 5 [1825]} complete
07-05 22:37:53.197  4273  4273 W NearbyFragment: Completed downloading 20200312_194129!003.mp4 from Endpoint{id=w2Lc, name=Nexus 5 [1825]} in 01.660s
07-05 22:37:53.207  4273  4273 V FileManager: External storage is readable
07-05 22:37:53.208  4273  4273 V FileManager: Directory already exists: /storage/emulated/0/Movies/segment-sum/20200312_194129
07-05 22:37:53.216  4273  4273 V NearbyFragment: Received a segment of 20200312_194129
07-05 22:37:53.216  4273  4273 D NearbyFragment: onPayloadReceived(endpointId=w2Lc, payload=com.google.android.gms.nearby.connection.Payload@cc59a6b)
07-05 22:37:53.216  4273  4273 D NearbyFragment: Endpoint{id=w2Lc, name=Nexus 5 [1825]} has finished downloading 20200312_194229!001.mp4
07-05 22:37:53.217  4273  4273 I NearbyFragment: Transfer queue is empty
07-05 22:37:53.217  4273  4273 V NearbyFragment: Transfer to Endpoint{id=w2Lc, name=Nexus 5 [1825]} complete
07-05 22:37:58.765  4273  4273 V NearbyFragment: Transfer to Endpoint{id=w2Lc, name=Nexus 5 [1825]} complete
07-05 22:37:59.859  4273  4273 D NearbyFragment: onPayloadReceived(endpointId=w2Lc, payload=com.google.android.gms.nearby.connection.Payload@ef189c8)
07-05 22:37:59.861  4273  4273 D NearbyFragment: Endpoint{id=w2Lc, name=Nexus 5 [1825]} has finished downloading 20200312_194229!002.mp4
07-05 22:37:59.864  4273  4273 I NearbyFragment: Transfer queue is empty
07-05 22:37:59.967  4273  4273 V NearbyFragment: Transfer to Endpoint{id=w2Lc, name=Nexus 5 [1825]} complete
07-05 22:38:02.733  4273  4273 V NearbyFragment: Transfer to Endpoint{id=Qd2N, name=Nexus 5X [34d8]} complete
07-05 22:38:03.148  4273  4273 D NearbyFragment: onPayloadReceived(endpointId=Qd2N, payload=com.google.android.gms.nearby.connection.Payload@d82ca61)
07-05 22:38:03.149  4273  4273 D NearbyFragment: Endpoint{id=Qd2N, name=Nexus 5X [34d8]} has finished downloading 20200312_194229!003.mp4
07-05 22:38:03.150  4273  4273 I NearbyFragment: Transfer queue is empty
07-05 22:38:03.161  4273  4273 V NearbyFragment: Transfer to Endpoint{id=Qd2N, name=Nexus 5X [34d8]} complete
07-05 22:38:10.572  4273  4777 V VideoManager: Retrieving video from /storage/emulated/0/Movies/raw/20200312_194330.mp4
07-05 22:38:10.590  4273  4777 D VideoManager: videoCursor is null
07-05 22:38:10.674  4273  4777 V VideoManager: videoFromCursor
07-05 22:38:10.679  4273  4777 W DashDownloadManager: Successfully downloaded 20200312_194330.mp4 in 26.970s
07-05 22:38:10.680  4273  4777 V DownloadTestVideosTask: Entering callback for download completion of 20200312_194330.mp4
07-05 22:38:10.681  4273  4777 V RawFootageEventHandler: onAdd
07-05 22:38:10.683  4273  4777 V FfmpegTools: Retrieving duration of /storage/emulated/0/Movies/raw/20200312_194330.mp4
07-05 22:38:10.692  4273  4789 W mobile-ffmpeg: [mov,mp4,m4a,3gp,3g2,mj2 @ 0x78ef0baa00] Found duplicated MOOV Atom. Skipped it
07-05 22:38:10.744  4273  4789 I mobile-ffmpeg: Input #0, mov,mp4,m4a,3gp,3g2,mj2, from '/storage/emulated/0/Movies/raw/20200312_194330.mp4':
07-05 22:38:10.745  4273  4789 I mobile-ffmpeg:   Metadata:
07-05 22:38:10.745  4273  4789 I mobile-ffmpeg:     creation_time   : 
07-05 22:38:10.745  4273  4789 I mobile-ffmpeg: 2020-03-12T08:44:29.000000Z
07-05 22:38:10.745  4273  4789 I mobile-ffmpeg: 
07-05 22:38:10.745  4273  4789 I mobile-ffmpeg:     major_brand     : 
07-05 22:38:10.745  4273  4789 I mobile-ffmpeg: mp42
07-05 22:38:10.745  4273  4789 I mobile-ffmpeg: 
07-05 22:38:10.745  4273  4789 I mobile-ffmpeg:     minor_version   : 
07-05 22:38:10.745  4273  4789 I mobile-ffmpeg: 1
07-05 22:38:10.745  4273  4789 I mobile-ffmpeg: 
07-05 22:38:10.745  4273  4789 I mobile-ffmpeg:     compatible_brands: 
07-05 22:38:10.745  4273  4789 I mobile-ffmpeg: mp42mp42
07-05 22:38:10.745  4273  4789 I mobile-ffmpeg: 
07-05 22:38:10.745  4273  4789 I mobile-ffmpeg:   Duration: 
07-05 22:38:10.745  4273  4789 I mobile-ffmpeg: 00:01:00.02
07-05 22:38:10.745  4273  4789 I mobile-ffmpeg: , start: 
07-05 22:38:10.745  4273  4789 I mobile-ffmpeg: 0.000000
07-05 22:38:10.745  4273  4789 I mobile-ffmpeg: , bitrate: 
07-05 22:38:10.745  4273  4789 I mobile-ffmpeg: 9328 kb/s
07-05 22:38:10.745  4273  4789 I mobile-ffmpeg: 
07-05 22:38:10.745  4273  4789 I mobile-ffmpeg:     Stream #0:0
07-05 22:38:10.745  4273  4789 I mobile-ffmpeg: (eng)
07-05 22:38:10.745  4273  4789 I mobile-ffmpeg: : Video: h264 (avc1 / 0x31637661), yuvj420p(pc, bt709), 1280x720, 8381 kb/s
07-05 22:38:10.745  4273  4789 I mobile-ffmpeg: , 
07-05 22:38:10.745  4273  4789 I mobile-ffmpeg: 29.97 fps, 
07-05 22:38:10.745  4273  4789 I mobile-ffmpeg: 29.97 tbr, 
07-05 22:38:10.745  4273  4789 I mobile-ffmpeg: 1k tbn, 
07-05 22:38:10.746  4273  4789 I mobile-ffmpeg: 2k tbc
07-05 22:38:10.746  4273  4789 I mobile-ffmpeg:  (default)
07-05 22:38:10.746  4273  4789 I mobile-ffmpeg: 
07-05 22:38:10.746  4273  4789 I mobile-ffmpeg:     Metadata:
07-05 22:38:10.746  4273  4789 I mobile-ffmpeg:       creation_time   : 
07-05 22:38:10.746  4273  4789 I mobile-ffmpeg: 2020-03-12T08:44:29.000000Z
07-05 22:38:10.746  4273  4789 I mobile-ffmpeg: 
07-05 22:38:10.746  4273  4789 I mobile-ffmpeg:       handler_name    : 
07-05 22:38:10.746  4273  4789 I mobile-ffmpeg: PittaSoft Video Media Handler
07-05 22:38:10.746  4273  4789 I mobile-ffmpeg: 
07-05 22:38:10.746  4273  4789 I mobile-ffmpeg:     Stream #0:1
07-05 22:38:10.746  4273  4789 I mobile-ffmpeg: (eng)
07-05 22:38:10.746  4273  4789 I mobile-ffmpeg: : Audio: aac (mp4a / 0x6134706D), 16000 Hz, stereo, fltp, 47 kb/s
07-05 22:38:10.746  4273  4789 I mobile-ffmpeg:  (default)
07-05 22:38:10.746  4273  4789 I mobile-ffmpeg: 
07-05 22:38:10.746  4273  4789 I mobile-ffmpeg:     Metadata:
07-05 22:38:10.746  4273  4789 I mobile-ffmpeg:       creation_time   : 
07-05 22:38:10.746  4273  4789 I mobile-ffmpeg: 2020-03-12T08:44:29.000000Z
07-05 22:38:10.746  4273  4789 I mobile-ffmpeg: 
07-05 22:38:10.746  4273  4789 I mobile-ffmpeg:       handler_name    : 
07-05 22:38:10.746  4273  4789 I mobile-ffmpeg: PittaSoft Sound Media Handler
07-05 22:38:10.746  4273  4789 I mobile-ffmpeg: 
07-05 22:38:10.759  4273  4777 V FileManager: External storage is readable
07-05 22:38:10.760  4273  4777 V FileManager: Created new directory: /storage/emulated/0/Movies/segment/20200312_194330
07-05 22:38:10.761  4273  4777 V FfmpegTools: Splitting /storage/emulated/0/Movies/raw/20200312_194330.mp4 with 16s long segments
07-05 22:38:10.761  4273  4777 I FfmpegTools: Running ffmpeg with:
07-05 22:38:10.761  4273  4777 I FfmpegTools:   -y -i /storage/emulated/0/Movies/raw/20200312_194330.mp4 -map 0 -c copy -f segment -reset_timestamps 1 -segment_time 16 /storage/emulated/0/Movies/segment/20200312_194330/20200312_194330!%03d.mp4
07-05 22:38:10.770  4273  4789 W mobile-ffmpeg: [mov,mp4,m4a,3gp,3g2,mj2 @ 0x78ef0baa00] Found duplicated MOOV Atom. Skipped it
07-05 22:38:10.807  4273  4789 I mobile-ffmpeg: Input #0, mov,mp4,m4a,3gp,3g2,mj2, from '/storage/emulated/0/Movies/raw/20200312_194330.mp4':
07-05 22:38:10.807  4273  4789 I mobile-ffmpeg:   Metadata:
07-05 22:38:10.807  4273  4789 I mobile-ffmpeg:     creation_time   : 
07-05 22:38:10.807  4273  4789 I mobile-ffmpeg: 2020-03-12T08:44:29.000000Z
07-05 22:38:10.807  4273  4789 I mobile-ffmpeg: 
07-05 22:38:10.807  4273  4789 I mobile-ffmpeg:     major_brand     : 
07-05 22:38:10.807  4273  4789 I mobile-ffmpeg: mp42
07-05 22:38:10.807  4273  4789 I mobile-ffmpeg: 
07-05 22:38:10.807  4273  4789 I mobile-ffmpeg:     minor_version   : 
07-05 22:38:10.807  4273  4789 I mobile-ffmpeg: 1
07-05 22:38:10.807  4273  4789 I mobile-ffmpeg: 
07-05 22:38:10.807  4273  4789 I mobile-ffmpeg:     compatible_brands: 
07-05 22:38:10.807  4273  4789 I mobile-ffmpeg: mp42mp42
07-05 22:38:10.808  4273  4789 I mobile-ffmpeg: 
07-05 22:38:10.808  4273  4789 I mobile-ffmpeg:   Duration: 
07-05 22:38:10.808  4273  4789 I mobile-ffmpeg: 00:01:00.02
07-05 22:38:10.808  4273  4789 I mobile-ffmpeg: , start: 
07-05 22:38:10.808  4273  4789 I mobile-ffmpeg: 0.000000
07-05 22:38:10.808  4273  4789 I mobile-ffmpeg: , bitrate: 
07-05 22:38:10.808  4273  4789 I mobile-ffmpeg: 9328 kb/s
07-05 22:38:10.808  4273  4789 I mobile-ffmpeg: 
07-05 22:38:10.808  4273  4789 I mobile-ffmpeg:     Stream #0:0
07-05 22:38:10.808  4273  4789 I mobile-ffmpeg: (eng)
07-05 22:38:10.808  4273  4789 I mobile-ffmpeg: : Video: h264 (avc1 / 0x31637661), yuvj420p(pc, bt709), 1280x720, 8381 kb/s
07-05 22:38:10.808  4273  4789 I mobile-ffmpeg: , 
07-05 22:38:10.808  4273  4789 I mobile-ffmpeg: 29.97 fps, 
07-05 22:38:10.808  4273  4789 I mobile-ffmpeg: 29.97 tbr, 
07-05 22:38:10.808  4273  4789 I mobile-ffmpeg: 1k tbn, 
07-05 22:38:10.808  4273  4789 I mobile-ffmpeg: 2k tbc
07-05 22:38:10.808  4273  4789 I mobile-ffmpeg:  (default)
07-05 22:38:10.808  4273  4789 I mobile-ffmpeg: 
07-05 22:38:10.808  4273  4789 I mobile-ffmpeg:     Metadata:
07-05 22:38:10.808  4273  4789 I mobile-ffmpeg:       creation_time   : 
07-05 22:38:10.808  4273  4789 I mobile-ffmpeg: 2020-03-12T08:44:29.000000Z
07-05 22:38:10.808  4273  4789 I mobile-ffmpeg: 
07-05 22:38:10.808  4273  4789 I mobile-ffmpeg:       handler_name    : 
07-05 22:38:10.808  4273  4789 I mobile-ffmpeg: PittaSoft Video Media Handler
07-05 22:38:10.809  4273  4789 I mobile-ffmpeg: 
07-05 22:38:10.809  4273  4789 I mobile-ffmpeg:     Stream #0:1
07-05 22:38:10.809  4273  4789 I mobile-ffmpeg: (eng)
07-05 22:38:10.809  4273  4789 I mobile-ffmpeg: : Audio: aac (mp4a / 0x6134706D), 16000 Hz, stereo, fltp, 47 kb/s
07-05 22:38:10.809  4273  4789 I mobile-ffmpeg:  (default)
07-05 22:38:10.809  4273  4789 I mobile-ffmpeg: 
07-05 22:38:10.809  4273  4789 I mobile-ffmpeg:     Metadata:
07-05 22:38:10.809  4273  4789 I mobile-ffmpeg:       creation_time   : 
07-05 22:38:10.809  4273  4789 I mobile-ffmpeg: 2020-03-12T08:44:29.000000Z
07-05 22:38:10.809  4273  4789 I mobile-ffmpeg: 
07-05 22:38:10.809  4273  4789 I mobile-ffmpeg:       handler_name    : 
07-05 22:38:10.809  4273  4789 I mobile-ffmpeg: PittaSoft Sound Media Handler
07-05 22:38:10.809  4273  4789 I mobile-ffmpeg: 
07-05 22:38:10.809  4273  4789 I mobile-ffmpeg: [segment @ 0x78d60e4e00] Opening '/storage/emulated/0/Movies/segment/20200312_194330/20200312_194330!000.mp4' for writing
07-05 22:38:10.809  4273  4789 I mobile-ffmpeg: Output #0, segment, to '/storage/emulated/0/Movies/segment/20200312_194330/20200312_194330!%03d.mp4':
07-05 22:38:10.809  4273  4789 I mobile-ffmpeg:   Metadata:
07-05 22:38:10.809  4273  4789 I mobile-ffmpeg:     compatible_brands: 
07-05 22:38:10.809  4273  4789 I mobile-ffmpeg: mp42mp42
07-05 22:38:10.809  4273  4789 I mobile-ffmpeg: 
07-05 22:38:10.809  4273  4789 I mobile-ffmpeg:     major_brand     : 
07-05 22:38:10.809  4273  4789 I mobile-ffmpeg: mp42
07-05 22:38:10.809  4273  4789 I mobile-ffmpeg: 
07-05 22:38:10.809  4273  4789 I mobile-ffmpeg:     minor_version   : 
07-05 22:38:10.809  4273  4789 I mobile-ffmpeg: 1
07-05 22:38:10.810  4273  4789 I mobile-ffmpeg: 
07-05 22:38:10.810  4273  4789 I mobile-ffmpeg:     encoder         : 
07-05 22:38:10.810  4273  4789 I mobile-ffmpeg: Lavf58.42.100
07-05 22:38:10.810  4273  4789 I mobile-ffmpeg: 
07-05 22:38:10.810  4273  4789 I mobile-ffmpeg:     Stream #0:0
07-05 22:38:10.810  4273  4789 I mobile-ffmpeg: (eng)
07-05 22:38:10.810  4273  4789 I mobile-ffmpeg: : Video: h264 (avc1 / 0x31637661), yuvj420p(pc, bt709), 1280x720, q=2-31, 8381 kb/s
07-05 22:38:10.810  4273  4789 I mobile-ffmpeg: , 
07-05 22:38:10.810  4273  4789 I mobile-ffmpeg: 29.97 fps, 
07-05 22:38:10.810  4273  4789 I mobile-ffmpeg: 29.97 tbr, 
07-05 22:38:10.810  4273  4789 I mobile-ffmpeg: 16k tbn, 
07-05 22:38:10.810  4273  4789 I mobile-ffmpeg: 1k tbc
07-05 22:38:10.810  4273  4789 I mobile-ffmpeg:  (default)
07-05 22:38:10.810  4273  4789 I mobile-ffmpeg: 
07-05 22:38:10.810  4273  4789 I mobile-ffmpeg:     Metadata:
07-05 22:38:10.810  4273  4789 I mobile-ffmpeg:       creation_time   : 
07-05 22:38:10.810  4273  4789 I mobile-ffmpeg: 2020-03-12T08:44:29.000000Z
07-05 22:38:10.810  4273  4789 I mobile-ffmpeg: 
07-05 22:38:10.810  4273  4789 I mobile-ffmpeg:       handler_name    : 
07-05 22:38:10.810  4273  4789 I mobile-ffmpeg: PittaSoft Video Media Handler
07-05 22:38:10.810  4273  4789 I mobile-ffmpeg: 
07-05 22:38:10.810  4273  4789 I mobile-ffmpeg:     Stream #0:1
07-05 22:38:10.810  4273  4789 I mobile-ffmpeg: (eng)
07-05 22:38:10.810  4273  4789 I mobile-ffmpeg: : Audio: aac (mp4a / 0x6134706D), 16000 Hz, stereo, fltp, 47 kb/s
07-05 22:38:10.810  4273  4789 I mobile-ffmpeg:  (default)
07-05 22:38:10.810  4273  4789 I mobile-ffmpeg: 
07-05 22:38:10.810  4273  4789 I mobile-ffmpeg:     Metadata:
07-05 22:38:10.811  4273  4789 I mobile-ffmpeg:       creation_time   : 
07-05 22:38:10.811  4273  4789 I mobile-ffmpeg: 2020-03-12T08:44:29.000000Z
07-05 22:38:10.811  4273  4789 I mobile-ffmpeg: 
07-05 22:38:10.811  4273  4789 I mobile-ffmpeg:       handler_name    : 
07-05 22:38:10.811  4273  4789 I mobile-ffmpeg: PittaSoft Sound Media Handler
07-05 22:38:10.811  4273  4789 I mobile-ffmpeg: 
07-05 22:38:10.811  4273  4789 I mobile-ffmpeg: Stream mapping:
07-05 22:38:10.811  4273  4789 I mobile-ffmpeg:   Stream #0:0 -> #0:0
07-05 22:38:10.811  4273  4789 I mobile-ffmpeg:  (copy)
07-05 22:38:10.811  4273  4789 I mobile-ffmpeg: 
07-05 22:38:10.811  4273  4789 I mobile-ffmpeg:   Stream #0:1 -> #0:1
07-05 22:38:10.811  4273  4789 I mobile-ffmpeg:  (copy)
07-05 22:38:10.811  4273  4789 I mobile-ffmpeg: 
07-05 22:38:10.811  4273  4789 I mobile-ffmpeg: Press [q] to stop, [?] for help
07-05 22:38:10.811  4273  4789 I mobile-ffmpeg: frame=    1 fps=0.0 q=-1.0 size=N/A time=00:00:00.00 bitrate=N/A speed=  63x    
07-05 22:38:10.900  4273  4789 I mobile-ffmpeg: [segment @ 0x78d60e4e00] Opening '/storage/emulated/0/Movies/segment/20200312_194330/20200312_194330!001.mp4' for writing
07-05 22:38:10.970  4273  4789 I mobile-ffmpeg: [segment @ 0x78d60e4e00] Opening '/storage/emulated/0/Movies/segment/20200312_194330/20200312_194330!002.mp4' for writing
07-05 22:38:11.026  4273  4789 I mobile-ffmpeg: [segment @ 0x78d60e4e00] Opening '/storage/emulated/0/Movies/segment/20200312_194330/20200312_194330!003.mp4' for writing
07-05 22:38:11.065  4273  4789 I mobile-ffmpeg: frame= 1800 fps=0.0 q=-1.0 Lsize=N/A time=00:01:00.02 bitrate=N/A speed= 235x    
07-05 22:38:11.065  4273  4789 I mobile-ffmpeg: video:61408kB audio:345kB subtitle:0kB other streams:0kB global headers:0kB muxing overhead: 
07-05 22:38:11.065  4273  4789 I mobile-ffmpeg: unknown
07-05 22:38:11.065  4273  4789 I mobile-ffmpeg: 
07-05 22:38:11.070  4273  4777 V FileManager: External storage is readable
07-05 22:38:11.070  4273  4777 V FileManager: Directory already exists: /storage/emulated/0/Movies/segment/20200312_194330
07-05 22:38:11.071  4273  4777 V VideoManager: Retrieving videos from /storage/emulated/0/Movies/segment/20200312_194330
07-05 22:38:11.071  4273  4777 V VideoManager: Retrieving video from /storage/emulated/0/Movies/segment/20200312_194330/20200312_194330!000.mp4
07-05 22:38:11.084  4273  4777 V VideoManager: videoFromCursor
07-05 22:38:11.089  4273  4777 V VideoManager: Retrieving video from /storage/emulated/0/Movies/segment/20200312_194330/20200312_194330!001.mp4
07-05 22:38:11.101  4273  4777 V VideoManager: videoFromCursor
07-05 22:38:11.104  4273  4777 V VideoManager: Retrieving video from /storage/emulated/0/Movies/segment/20200312_194330/20200312_194330!002.mp4
07-05 22:38:11.112  4273  4777 V VideoManager: videoFromCursor
07-05 22:38:11.115  4273  4777 V VideoManager: Retrieving video from /storage/emulated/0/Movies/segment/20200312_194330/20200312_194330!003.mp4
07-05 22:38:11.124  4273  4777 V VideoManager: videoFromCursor
07-05 22:38:11.127  4273  4777 V NearbyFragment: nextTransfer with selected algorithm: ordered
07-05 22:38:11.128  4273  4777 W NearbyFragment: Sending 20200312_194330!000.mp4 to Nexus 5 [1825]
07-05 22:38:11.137  4273  4273 V NearbyFragment: Transfer to Endpoint{id=w2Lc, name=Nexus 5 [1825]} complete
07-05 22:38:12.129  4273  4777 V DownloadTestVideosTask: Starting DownloadTestVideosTask
07-05 22:38:12.130  4273  4777 V DashDownloadManager: Started downloading: 20200312_194730.mp4
07-05 22:38:12.133  4273  4777 I System.out: (HTTPLog)-Static: isSBSettingEnabled false
07-05 22:38:12.133  4273  4777 I System.out: (HTTPLog)-Static: isSBSettingEnabled false
07-05 22:38:12.140  4273  4777 I System.out: (HTTPLog)-Thread-2461-180399005: getTransferStream : ContentLength=69990400, method=GET, HTTPVersion=http/1.1
07-05 22:38:16.973  4273  4273 V NearbyFragment: Transfer to Endpoint{id=w2Lc, name=Nexus 5 [1825]} complete
07-05 22:38:17.663  4273  4273 D NearbyFragment: onPayloadReceived(endpointId=w2Lc, payload=com.google.android.gms.nearby.connection.Payload@c11812)
07-05 22:38:17.664  4273  4273 D NearbyFragment: Endpoint{id=w2Lc, name=Nexus 5 [1825]} has finished downloading 20200312_194330!000.mp4
07-05 22:38:17.665  4273  4273 V NearbyFragment: nextTransfer with selected algorithm: ordered
07-05 22:38:17.666  4273  4273 I NearbyFragment: Endpoint queue is empty
07-05 22:38:17.668  4273  4273 W NearbyFragment: Sending 20200312_194330!001.mp4 to Nexus 5X [34d8]
07-05 22:38:17.686  4273  4273 V NearbyFragment: Transfer to Endpoint{id=Qd2N, name=Nexus 5X [34d8]} complete
07-05 22:38:17.788  4273  4273 V NearbyFragment: Transfer to Endpoint{id=w2Lc, name=Nexus 5 [1825]} complete
07-05 22:38:19.742  4273  4273 D NearbyFragment: onPayloadReceived(endpointId=Qd2N, payload=com.google.android.gms.nearby.connection.Payload@e016499)
07-05 22:38:19.743  4273  4273 V NearbyFragment: Started downloading 20200312_194129!002.mp4 from Endpoint{id=Qd2N, name=Nexus 5X [34d8]}
07-05 22:38:19.745  4273  4273 V NearbyFragment: nextTransfer with selected algorithm: ordered
07-05 22:38:19.747  4273  4273 W NearbyFragment: Sending 20200312_194330!002.mp4 to Nexus 5X [34d8]
07-05 22:38:19.751  4273  4273 V NearbyFragment: Transfer to Endpoint{id=Qd2N, name=Nexus 5X [34d8]} complete
07-05 22:38:19.931  4273  4273 V NearbyFragment: Transfer to Endpoint{id=Qd2N, name=Nexus 5X [34d8]} complete
07-05 22:38:20.058  4273  4273 D NearbyFragment: onPayloadReceived(endpointId=Qd2N, payload=com.google.android.gms.nearby.connection.Payload@efab155)
07-05 22:38:20.943  4273  4273 V NearbyFragment: Transfer to Endpoint{id=Qd2N, name=Nexus 5X [34d8]} complete
07-05 22:38:20.944  4273  4273 W NearbyFragment: Completed downloading 20200312_194129!002.mp4 from Endpoint{id=Qd2N, name=Nexus 5X [34d8]} in 01.200s
07-05 22:38:20.950  4273  4273 V FileManager: External storage is readable
07-05 22:38:20.950  4273  4273 V FileManager: Directory already exists: /storage/emulated/0/Movies/segment-sum/20200312_194129
07-05 22:38:21.000  4273  4273 D NearbyFragment: Received all summarised video segments of 20200312_194129
07-05 22:38:21.004  4273  4273 V FileManager: External storage is readable
07-05 22:38:21.005  4273  4273 V FileManager: Directory already exists: /storage/emulated/0/Movies/segment-sum/20200312_194129
07-05 22:38:21.006  4273  4273 D FfmpegTools: Merging /storage/emulated/0/Movies/summarised/20200312_194129.mp4
07-05 22:38:21.009  4273  4273 V FileManager: External storage is readable
07-05 22:38:21.009  4273  4273 V FileManager: Directory already exists: /storage/emulated/0/Movies/segment/20200312_194129
07-05 22:38:21.013  4273  4273 I FfmpegTools: Running ffmpeg with:
07-05 22:38:21.013  4273  4273 I FfmpegTools:   -y -f concat -safe 0 -i /storage/emulated/0/Movies/segment/20200312_194129/paths.txt -c copy /storage/emulated/0/Movies/summarised/20200312_194129.mp4
07-05 22:38:21.044  4273  4789 I mobile-ffmpeg: [mov,mp4,m4a,3gp,3g2,mj2 @ 0x78d60e4e00] Auto-inserting h264_mp4toannexb bitstream filter
07-05 22:38:21.069  4273  4789 I mobile-ffmpeg: Input #0, concat, from '/storage/emulated/0/Movies/segment/20200312_194129/paths.txt':
07-05 22:38:21.069  4273  4789 I mobile-ffmpeg:   Duration: 
07-05 22:38:21.069  4273  4789 I mobile-ffmpeg: N/A
07-05 22:38:21.069  4273  4789 I mobile-ffmpeg: , start: 
07-05 22:38:21.069  4273  4789 I mobile-ffmpeg: -0.064000
07-05 22:38:21.069  4273  4789 I mobile-ffmpeg: , bitrate: 
07-05 22:38:21.069  4273  4789 I mobile-ffmpeg: 1145 kb/s
07-05 22:38:21.069  4273  4789 I mobile-ffmpeg: 
07-05 22:38:21.069  4273  4789 I mobile-ffmpeg:     Stream #0:0
07-05 22:38:21.069  4273  4789 I mobile-ffmpeg: (und)
07-05 22:38:21.069  4273  4789 I mobile-ffmpeg: : Video: h264 (avc1 / 0x31637661), yuvj420p(pc), 1280x720, 1059 kb/s
07-05 22:38:21.069  4273  4789 I mobile-ffmpeg: , 
07-05 22:38:21.069  4273  4789 I mobile-ffmpeg: 29.97 fps, 
07-05 22:38:21.069  4273  4789 I mobile-ffmpeg: 29.97 tbr, 
07-05 22:38:21.069  4273  4789 I mobile-ffmpeg: 30k tbn, 
07-05 22:38:21.069  4273  4789 I mobile-ffmpeg: 59.94 tbc
07-05 22:38:21.069  4273  4789 I mobile-ffmpeg: 
07-05 22:38:21.070  4273  4789 I mobile-ffmpeg:     Metadata:
07-05 22:38:21.070  4273  4789 I mobile-ffmpeg:       handler_name    : 
07-05 22:38:21.070  4273  4789 I mobile-ffmpeg: VideoHandler
07-05 22:38:21.070  4273  4789 I mobile-ffmpeg: 
07-05 22:38:21.070  4273  4789 I mobile-ffmpeg:     Stream #0:1
07-05 22:38:21.070  4273  4789 I mobile-ffmpeg: (und)
07-05 22:38:21.070  4273  4789 I mobile-ffmpeg: : Audio: aac (mp4a / 0x6134706D), 16000 Hz, stereo, fltp, 86 kb/s
07-05 22:38:21.070  4273  4789 I mobile-ffmpeg: 
07-05 22:38:21.070  4273  4789 I mobile-ffmpeg:     Metadata:
07-05 22:38:21.070  4273  4789 I mobile-ffmpeg:       handler_name    : 
07-05 22:38:21.070  4273  4789 I mobile-ffmpeg: SoundHandler
07-05 22:38:21.070  4273  4789 I mobile-ffmpeg: 
07-05 22:38:21.070  4273  4789 I mobile-ffmpeg: Output #0, mp4, to '/storage/emulated/0/Movies/summarised/20200312_194129.mp4':
07-05 22:38:21.070  4273  4789 I mobile-ffmpeg:   Metadata:
07-05 22:38:21.070  4273  4789 I mobile-ffmpeg:     encoder         : 
07-05 22:38:21.070  4273  4789 I mobile-ffmpeg: Lavf58.42.100
07-05 22:38:21.070  4273  4789 I mobile-ffmpeg: 
07-05 22:38:21.070  4273  4789 I mobile-ffmpeg:     Stream #0:0
07-05 22:38:21.070  4273  4789 I mobile-ffmpeg: (und)
07-05 22:38:21.070  4273  4789 I mobile-ffmpeg: : Video: h264 (avc1 / 0x31637661), yuvj420p(pc), 1280x720, q=2-31, 1059 kb/s
07-05 22:38:21.070  4273  4789 I mobile-ffmpeg: , 
07-05 22:38:21.070  4273  4789 I mobile-ffmpeg: 29.97 fps, 
07-05 22:38:21.070  4273  4789 I mobile-ffmpeg: 29.97 tbr, 
07-05 22:38:21.071  4273  4789 I mobile-ffmpeg: 30k tbn, 
07-05 22:38:21.071  4273  4789 I mobile-ffmpeg: 30k tbc
07-05 22:38:21.071  4273  4789 I mobile-ffmpeg: 
07-05 22:38:21.071  4273  4789 I mobile-ffmpeg:     Metadata:
07-05 22:38:21.071  4273  4789 I mobile-ffmpeg:       handler_name    : 
07-05 22:38:21.071  4273  4789 I mobile-ffmpeg: VideoHandler
07-05 22:38:21.071  4273  4789 I mobile-ffmpeg: 
07-05 22:38:21.071  4273  4789 I mobile-ffmpeg:     Stream #0:1
07-05 22:38:21.071  4273  4789 I mobile-ffmpeg: (und)
07-05 22:38:21.071  4273  4789 I mobile-ffmpeg: : Audio: aac (mp4a / 0x6134706D), 16000 Hz, stereo, fltp, 86 kb/s
07-05 22:38:21.071  4273  4789 I mobile-ffmpeg: 
07-05 22:38:21.071  4273  4789 I mobile-ffmpeg:     Metadata:
07-05 22:38:21.071  4273  4789 I mobile-ffmpeg:       handler_name    : 
07-05 22:38:21.071  4273  4789 I mobile-ffmpeg: SoundHandler
07-05 22:38:21.071  4273  4789 I mobile-ffmpeg: 
07-05 22:38:21.071  4273  4789 I mobile-ffmpeg: Stream mapping:
07-05 22:38:21.071  4273  4789 I mobile-ffmpeg:   Stream #0:0 -> #0:0
07-05 22:38:21.071  4273  4789 I mobile-ffmpeg:  (copy)
07-05 22:38:21.071  4273  4789 I mobile-ffmpeg: 
07-05 22:38:21.071  4273  4789 I mobile-ffmpeg:   Stream #0:1 -> #0:1
07-05 22:38:21.071  4273  4789 I mobile-ffmpeg:  (copy)
07-05 22:38:21.071  4273  4789 I mobile-ffmpeg: 
07-05 22:38:21.071  4273  4789 I mobile-ffmpeg: Press [q] to stop, [?] for help
07-05 22:38:21.071  4273  4789 I mobile-ffmpeg: frame=    1 fps=0.0 q=-1.0 size=       0kB time=00:00:00.00 bitrate=N/A speed=   0x    
07-05 22:38:21.102  4273  4789 I mobile-ffmpeg: [mov,mp4,m4a,3gp,3g2,mj2 @ 0x78d60e4e00] Auto-inserting h264_mp4toannexb bitstream filter
07-05 22:38:21.142  4273  4789 I mobile-ffmpeg: [mov,mp4,m4a,3gp,3g2,mj2 @ 0x78d60e4e00] Auto-inserting h264_mp4toannexb bitstream filter
07-05 22:38:21.144  4273  4789 I mobile-ffmpeg: frame=  326 fps=0.0 q=-1.0 Lsize=    1496kB time=00:00:10.98 bitrate=1115.8kbits/s speed= 151x    
07-05 22:38:21.144  4273  4789 I mobile-ffmpeg: video:1375kB audio:115kB subtitle:0kB other streams:0kB global headers:0kB muxing overhead: 
07-05 22:38:21.144  4273  4789 I mobile-ffmpeg: 0.413369%
07-05 22:38:21.144  4273  4789 I mobile-ffmpeg: 
07-05 22:38:21.144  4273  4273 V FfmpegTools: Retrieving duration of /storage/emulated/0/Movies/summarised/20200312_194129.mp4
07-05 22:38:21.163  4273  4789 I mobile-ffmpeg: Input #0, mov,mp4,m4a,3gp,3g2,mj2, from '/storage/emulated/0/Movies/summarised/20200312_194129.mp4':
07-05 22:38:21.163  4273  4789 I mobile-ffmpeg:   Metadata:
07-05 22:38:21.163  4273  4789 I mobile-ffmpeg:     major_brand     : 
07-05 22:38:21.163  4273  4789 I mobile-ffmpeg: isom
07-05 22:38:21.163  4273  4789 I mobile-ffmpeg: 
07-05 22:38:21.163  4273  4789 I mobile-ffmpeg:     minor_version   : 
07-05 22:38:21.163  4273  4789 I mobile-ffmpeg: 512
07-05 22:38:21.163  4273  4789 I mobile-ffmpeg: 
07-05 22:38:21.164  4273  4789 I mobile-ffmpeg:     compatible_brands: 
07-05 22:38:21.164  4273  4789 I mobile-ffmpeg: isomiso2avc1mp41
07-05 22:38:21.164  4273  4789 I mobile-ffmpeg: 
07-05 22:38:21.164  4273  4789 I mobile-ffmpeg:     encoder         : 
07-05 22:38:21.164  4273  4789 I mobile-ffmpeg: Lavf58.42.100
07-05 22:38:21.164  4273  4789 I mobile-ffmpeg: 
07-05 22:38:21.164  4273  4789 I mobile-ffmpeg:   Duration: 
07-05 22:38:21.164  4273  4789 I mobile-ffmpeg: 00:00:11.04
07-05 22:38:21.164  4273  4789 I mobile-ffmpeg: , start: 
07-05 22:38:21.164  4273  4789 I mobile-ffmpeg: 0.000000
07-05 22:38:21.164  4273  4789 I mobile-ffmpeg: , bitrate: 
07-05 22:38:21.164  4273  4789 I mobile-ffmpeg: 1109 kb/s
07-05 22:38:21.164  4273  4789 I mobile-ffmpeg: 
07-05 22:38:21.164  4273  4789 I mobile-ffmpeg:     Stream #0:0
07-05 22:38:21.164  4273  4789 I mobile-ffmpeg: (und)
07-05 22:38:21.164  4273  4789 I mobile-ffmpeg: : Video: h264 (avc1 / 0x31637661), yuvj420p(pc), 1280x720, 1026 kb/s
07-05 22:38:21.165  4273  4789 I mobile-ffmpeg: , 
07-05 22:38:21.165  4273  4789 I mobile-ffmpeg: 29.70 fps, 
07-05 22:38:21.165  4273  4789 I mobile-ffmpeg: 29.97 tbr, 
07-05 22:38:21.165  4273  4789 I mobile-ffmpeg: 30k tbn, 
07-05 22:38:21.165  4273  4789 I mobile-ffmpeg: 59.94 tbc
07-05 22:38:21.165  4273  4789 I mobile-ffmpeg:  (default)
07-05 22:38:21.165  4273  4789 I mobile-ffmpeg: 
07-05 22:38:21.165  4273  4789 I mobile-ffmpeg:     Metadata:
07-05 22:38:21.165  4273  4789 I mobile-ffmpeg:       handler_name    : 
07-05 22:38:21.165  4273  4789 I mobile-ffmpeg: VideoHandler
07-05 22:38:21.165  4273  4789 I mobile-ffmpeg: 
07-05 22:38:21.165  4273  4789 I mobile-ffmpeg:     Stream #0:1
07-05 22:38:21.165  4273  4789 I mobile-ffmpeg: (und)
07-05 22:38:21.165  4273  4789 I mobile-ffmpeg: : Audio: aac (mp4a / 0x6134706D), 16000 Hz, stereo, fltp, 85 kb/s
07-05 22:38:21.166  4273  4789 I mobile-ffmpeg:  (default)
07-05 22:38:21.166  4273  4789 I mobile-ffmpeg: 
07-05 22:38:21.166  4273  4789 I mobile-ffmpeg:     Metadata:
07-05 22:38:21.166  4273  4789 I mobile-ffmpeg:       handler_name    : 
07-05 22:38:21.166  4273  4789 I mobile-ffmpeg: SoundHandler
07-05 22:38:21.166  4273  4789 I mobile-ffmpeg: 
07-05 22:38:21.169  4273  4273 W FfmpegTools: Merged duration of 20200312_194129: 11.04
07-05 22:38:21.210  4273  4273 V VideoManager: Retrieving video from /storage/emulated/0/Movies/summarised/20200312_194129.mp4
07-05 22:38:21.222  4273  4273 V VideoManager: videoFromCursor
07-05 22:38:21.226  4273  4273 V SummarisedVideosEventHandler: onAdd
07-05 22:38:21.226  4273  4273 V RawFootageEventHandler: removeByName
07-05 22:38:21.227  4273  4273 V ProcessingVideosEventHandler: removeByName
07-05 22:38:21.227  4273  4273 V NearbyFragment: Removing video segment map for 20200312_194129
07-05 22:38:26.161  4273  4273 V NearbyFragment: Transfer to Endpoint{id=Qd2N, name=Nexus 5X [34d8]} complete
07-05 22:38:27.201  4273  4273 D NearbyFragment: onPayloadReceived(endpointId=Qd2N, payload=com.google.android.gms.nearby.connection.Payload@cd2a2e6)
07-05 22:38:27.201  4273  4273 D NearbyFragment: Endpoint{id=Qd2N, name=Nexus 5X [34d8]} has finished downloading 20200312_194330!001.mp4
07-05 22:38:27.202  4273  4273 V NearbyFragment: nextTransfer with selected algorithm: ordered
07-05 22:38:27.205  4273  4273 I NearbyFragment: Endpoint queue is empty
07-05 22:38:27.207  4273  4273 W NearbyFragment: Sending 20200312_194330!003.mp4 to Nexus 5 [1825]
07-05 22:38:27.230  4273  4273 V NearbyFragment: Transfer to Endpoint{id=w2Lc, name=Nexus 5 [1825]} complete
07-05 22:38:27.327  4273  4273 V NearbyFragment: Transfer to Endpoint{id=Qd2N, name=Nexus 5X [34d8]} complete
07-05 22:38:30.830  4273  4273 V NearbyFragment: Transfer to Endpoint{id=Qd2N, name=Nexus 5X [34d8]} complete
07-05 22:38:31.205  4273  4273 D NearbyFragment: onPayloadReceived(endpointId=Qd2N, payload=com.google.android.gms.nearby.connection.Payload@1e03c7d)
07-05 22:38:31.206  4273  4273 D NearbyFragment: Endpoint{id=Qd2N, name=Nexus 5X [34d8]} has finished downloading 20200312_194330!002.mp4
07-05 22:38:31.207  4273  4273 I NearbyFragment: Transfer queue is empty
07-05 22:38:31.248  4273  4273 V NearbyFragment: Transfer to Endpoint{id=Qd2N, name=Nexus 5X [34d8]} complete
07-05 22:38:35.376  4273  4273 V NearbyFragment: Transfer to Endpoint{id=w2Lc, name=Nexus 5 [1825]} complete
07-05 22:38:36.006  4273  4273 D NearbyFragment: onPayloadReceived(endpointId=w2Lc, payload=com.google.android.gms.nearby.connection.Payload@4960772)
07-05 22:38:36.006  4273  4273 D NearbyFragment: Endpoint{id=w2Lc, name=Nexus 5 [1825]} has finished downloading 20200312_194330!003.mp4
07-05 22:38:36.007  4273  4273 I NearbyFragment: Transfer queue is empty
07-05 22:38:36.060  4273  4273 V NearbyFragment: Transfer to Endpoint{id=w2Lc, name=Nexus 5 [1825]} complete
07-05 22:38:39.681  4273  4777 V VideoManager: Retrieving video from /storage/emulated/0/Movies/raw/20200312_194730.mp4
07-05 22:38:39.708  4273  4777 D VideoManager: videoCursor is null
07-05 22:38:39.788  4273  4777 V VideoManager: videoFromCursor
07-05 22:38:39.795  4273  4777 W DashDownloadManager: Successfully downloaded 20200312_194730.mp4 in 27.550s
07-05 22:38:39.795  4273  4777 V DownloadTestVideosTask: Entering callback for download completion of 20200312_194730.mp4
07-05 22:38:39.796  4273  4777 V RawFootageEventHandler: onAdd
07-05 22:38:39.798  4273  4777 V FfmpegTools: Retrieving duration of /storage/emulated/0/Movies/raw/20200312_194730.mp4
07-05 22:38:39.808  4273  4789 W mobile-ffmpeg: [mov,mp4,m4a,3gp,3g2,mj2 @ 0x78ef0baa00] Found duplicated MOOV Atom. Skipped it
07-05 22:38:39.861  4273  4789 I mobile-ffmpeg: Input #0, mov,mp4,m4a,3gp,3g2,mj2, from '/storage/emulated/0/Movies/raw/20200312_194730.mp4':
07-05 22:38:39.861  4273  4789 I mobile-ffmpeg:   Metadata:
07-05 22:38:39.861  4273  4789 I mobile-ffmpeg:     creation_time   : 
07-05 22:38:39.861  4273  4789 I mobile-ffmpeg: 2020-03-12T08:48:29.000000Z
07-05 22:38:39.862  4273  4789 I mobile-ffmpeg: 
07-05 22:38:39.862  4273  4789 I mobile-ffmpeg:     major_brand     : 
07-05 22:38:39.862  4273  4789 I mobile-ffmpeg: mp42
07-05 22:38:39.862  4273  4789 I mobile-ffmpeg: 
07-05 22:38:39.862  4273  4789 I mobile-ffmpeg:     minor_version   : 
07-05 22:38:39.862  4273  4789 I mobile-ffmpeg: 1
07-05 22:38:39.862  4273  4789 I mobile-ffmpeg: 
07-05 22:38:39.862  4273  4789 I mobile-ffmpeg:     compatible_brands: 
07-05 22:38:39.862  4273  4789 I mobile-ffmpeg: mp42mp42
07-05 22:38:39.862  4273  4789 I mobile-ffmpeg: 
07-05 22:38:39.862  4273  4789 I mobile-ffmpeg:   Duration: 
07-05 22:38:39.862  4273  4789 I mobile-ffmpeg: 00:01:00.02
07-05 22:38:39.862  4273  4789 I mobile-ffmpeg: , start: 
07-05 22:38:39.862  4273  4789 I mobile-ffmpeg: 0.000000
07-05 22:38:39.862  4273  4789 I mobile-ffmpeg: , bitrate: 
07-05 22:38:39.862  4273  4789 I mobile-ffmpeg: 9328 kb/s
07-05 22:38:39.862  4273  4789 I mobile-ffmpeg: 
07-05 22:38:39.862  4273  4789 I mobile-ffmpeg:     Stream #0:0
07-05 22:38:39.862  4273  4789 I mobile-ffmpeg: (eng)
07-05 22:38:39.862  4273  4789 I mobile-ffmpeg: : Video: h264 (avc1 / 0x31637661), yuvj420p(pc, bt709), 1280x720, 8385 kb/s
07-05 22:38:39.862  4273  4789 I mobile-ffmpeg: , 
07-05 22:38:39.862  4273  4789 I mobile-ffmpeg: 29.97 fps, 
07-05 22:38:39.862  4273  4789 I mobile-ffmpeg: 29.97 tbr, 
07-05 22:38:39.862  4273  4789 I mobile-ffmpeg: 1k tbn, 
07-05 22:38:39.862  4273  4789 I mobile-ffmpeg: 2k tbc
07-05 22:38:39.862  4273  4789 I mobile-ffmpeg:  (default)
07-05 22:38:39.862  4273  4789 I mobile-ffmpeg: 
07-05 22:38:39.862  4273  4789 I mobile-ffmpeg:     Metadata:
07-05 22:38:39.862  4273  4789 I mobile-ffmpeg:       creation_time   : 
07-05 22:38:39.863  4273  4789 I mobile-ffmpeg: 2020-03-12T08:48:29.000000Z
07-05 22:38:39.863  4273  4789 I mobile-ffmpeg: 
07-05 22:38:39.863  4273  4789 I mobile-ffmpeg:       handler_name    : 
07-05 22:38:39.863  4273  4789 I mobile-ffmpeg: PittaSoft Video Media Handler
07-05 22:38:39.863  4273  4789 I mobile-ffmpeg: 
07-05 22:38:39.863  4273  4789 I mobile-ffmpeg:     Stream #0:1
07-05 22:38:39.863  4273  4789 I mobile-ffmpeg: (eng)
07-05 22:38:39.863  4273  4789 I mobile-ffmpeg: : Audio: aac (mp4a / 0x6134706D), 16000 Hz, stereo, fltp, 47 kb/s
07-05 22:38:39.863  4273  4789 I mobile-ffmpeg:  (default)
07-05 22:38:39.863  4273  4789 I mobile-ffmpeg: 
07-05 22:38:39.863  4273  4789 I mobile-ffmpeg:     Metadata:
07-05 22:38:39.863  4273  4789 I mobile-ffmpeg:       creation_time   : 
07-05 22:38:39.863  4273  4789 I mobile-ffmpeg: 2020-03-12T08:48:29.000000Z
07-05 22:38:39.863  4273  4789 I mobile-ffmpeg: 
07-05 22:38:39.863  4273  4789 I mobile-ffmpeg:       handler_name    : 
07-05 22:38:39.863  4273  4789 I mobile-ffmpeg: PittaSoft Sound Media Handler
07-05 22:38:39.863  4273  4789 I mobile-ffmpeg: 
07-05 22:38:39.873  4273  4777 V FileManager: External storage is readable
07-05 22:38:39.874  4273  4777 V FileManager: Created new directory: /storage/emulated/0/Movies/segment/20200312_194730
07-05 22:38:39.874  4273  4777 V FfmpegTools: Splitting /storage/emulated/0/Movies/raw/20200312_194730.mp4 with 16s long segments
07-05 22:38:39.875  4273  4777 I FfmpegTools: Running ffmpeg with:
07-05 22:38:39.875  4273  4777 I FfmpegTools:   -y -i /storage/emulated/0/Movies/raw/20200312_194730.mp4 -map 0 -c copy -f segment -reset_timestamps 1 -segment_time 16 /storage/emulated/0/Movies/segment/20200312_194730/20200312_194730!%03d.mp4
07-05 22:38:39.884  4273  4789 W mobile-ffmpeg: [mov,mp4,m4a,3gp,3g2,mj2 @ 0x78ef0baa00] Found duplicated MOOV Atom. Skipped it
07-05 22:38:39.920  4273  4789 I mobile-ffmpeg: Input #0, mov,mp4,m4a,3gp,3g2,mj2, from '/storage/emulated/0/Movies/raw/20200312_194730.mp4':
07-05 22:38:39.920  4273  4789 I mobile-ffmpeg:   Metadata:
07-05 22:38:39.920  4273  4789 I mobile-ffmpeg:     creation_time   : 
07-05 22:38:39.921  4273  4789 I mobile-ffmpeg: 2020-03-12T08:48:29.000000Z
07-05 22:38:39.921  4273  4789 I mobile-ffmpeg: 
07-05 22:38:39.921  4273  4789 I mobile-ffmpeg:     major_brand     : 
07-05 22:38:39.921  4273  4789 I mobile-ffmpeg: mp42
07-05 22:38:39.921  4273  4789 I mobile-ffmpeg: 
07-05 22:38:39.921  4273  4789 I mobile-ffmpeg:     minor_version   : 
07-05 22:38:39.921  4273  4789 I mobile-ffmpeg: 1
07-05 22:38:39.921  4273  4789 I mobile-ffmpeg: 
07-05 22:38:39.921  4273  4789 I mobile-ffmpeg:     compatible_brands: 
07-05 22:38:39.921  4273  4789 I mobile-ffmpeg: mp42mp42
07-05 22:38:39.921  4273  4789 I mobile-ffmpeg: 
07-05 22:38:39.921  4273  4789 I mobile-ffmpeg:   Duration: 
07-05 22:38:39.921  4273  4789 I mobile-ffmpeg: 00:01:00.02
07-05 22:38:39.921  4273  4789 I mobile-ffmpeg: , start: 
07-05 22:38:39.921  4273  4789 I mobile-ffmpeg: 0.000000
07-05 22:38:39.921  4273  4789 I mobile-ffmpeg: , bitrate: 
07-05 22:38:39.921  4273  4789 I mobile-ffmpeg: 9328 kb/s
07-05 22:38:39.921  4273  4789 I mobile-ffmpeg: 
07-05 22:38:39.921  4273  4789 I mobile-ffmpeg:     Stream #0:0
07-05 22:38:39.921  4273  4789 I mobile-ffmpeg: (eng)
07-05 22:38:39.921  4273  4789 I mobile-ffmpeg: : Video: h264 (avc1 / 0x31637661), yuvj420p(pc, bt709), 1280x720, 8385 kb/s
07-05 22:38:39.921  4273  4789 I mobile-ffmpeg: , 
07-05 22:38:39.921  4273  4789 I mobile-ffmpeg: 29.97 fps, 
07-05 22:38:39.921  4273  4789 I mobile-ffmpeg: 29.97 tbr, 
07-05 22:38:39.921  4273  4789 I mobile-ffmpeg: 1k tbn, 
07-05 22:38:39.921  4273  4789 I mobile-ffmpeg: 2k tbc
07-05 22:38:39.921  4273  4789 I mobile-ffmpeg:  (default)
07-05 22:38:39.921  4273  4789 I mobile-ffmpeg: 
07-05 22:38:39.922  4273  4789 I mobile-ffmpeg:     Metadata:
07-05 22:38:39.922  4273  4789 I mobile-ffmpeg:       creation_time   : 
07-05 22:38:39.922  4273  4789 I mobile-ffmpeg: 2020-03-12T08:48:29.000000Z
07-05 22:38:39.922  4273  4789 I mobile-ffmpeg: 
07-05 22:38:39.922  4273  4789 I mobile-ffmpeg:       handler_name    : 
07-05 22:38:39.922  4273  4789 I mobile-ffmpeg: PittaSoft Video Media Handler
07-05 22:38:39.922  4273  4789 I mobile-ffmpeg: 
07-05 22:38:39.922  4273  4789 I mobile-ffmpeg:     Stream #0:1
07-05 22:38:39.922  4273  4789 I mobile-ffmpeg: (eng)
07-05 22:38:39.922  4273  4789 I mobile-ffmpeg: : Audio: aac (mp4a / 0x6134706D), 16000 Hz, stereo, fltp, 47 kb/s
07-05 22:38:39.922  4273  4789 I mobile-ffmpeg:  (default)
07-05 22:38:39.922  4273  4789 I mobile-ffmpeg: 
07-05 22:38:39.922  4273  4789 I mobile-ffmpeg:     Metadata:
07-05 22:38:39.922  4273  4789 I mobile-ffmpeg:       creation_time   : 
07-05 22:38:39.922  4273  4789 I mobile-ffmpeg: 2020-03-12T08:48:29.000000Z
07-05 22:38:39.922  4273  4789 I mobile-ffmpeg: 
07-05 22:38:39.922  4273  4789 I mobile-ffmpeg:       handler_name    : 
07-05 22:38:39.922  4273  4789 I mobile-ffmpeg: PittaSoft Sound Media Handler
07-05 22:38:39.922  4273  4789 I mobile-ffmpeg: 
07-05 22:38:39.922  4273  4789 I mobile-ffmpeg: [segment @ 0x78bb485600] Opening '/storage/emulated/0/Movies/segment/20200312_194730/20200312_194730!000.mp4' for writing
07-05 22:38:39.922  4273  4789 I mobile-ffmpeg: Output #0, segment, to '/storage/emulated/0/Movies/segment/20200312_194730/20200312_194730!%03d.mp4':
07-05 22:38:39.922  4273  4789 I mobile-ffmpeg:   Metadata:
07-05 22:38:39.922  4273  4789 I mobile-ffmpeg:     compatible_brands: 
07-05 22:38:39.922  4273  4789 I mobile-ffmpeg: mp42mp42
07-05 22:38:39.922  4273  4789 I mobile-ffmpeg: 
07-05 22:38:39.923  4273  4789 I mobile-ffmpeg:     major_brand     : 
07-05 22:38:39.923  4273  4789 I mobile-ffmpeg: mp42
07-05 22:38:39.923  4273  4789 I mobile-ffmpeg: 
07-05 22:38:39.923  4273  4789 I mobile-ffmpeg:     minor_version   : 
07-05 22:38:39.923  4273  4789 I mobile-ffmpeg: 1
07-05 22:38:39.923  4273  4789 I mobile-ffmpeg: 
07-05 22:38:39.923  4273  4789 I mobile-ffmpeg:     encoder         : 
07-05 22:38:39.923  4273  4789 I mobile-ffmpeg: Lavf58.42.100
07-05 22:38:39.923  4273  4789 I mobile-ffmpeg: 
07-05 22:38:39.923  4273  4789 I mobile-ffmpeg:     Stream #0:0
07-05 22:38:39.923  4273  4789 I mobile-ffmpeg: (eng)
07-05 22:38:39.923  4273  4789 I mobile-ffmpeg: : Video: h264 (avc1 / 0x31637661), yuvj420p(pc, bt709), 1280x720, q=2-31, 8385 kb/s
07-05 22:38:39.923  4273  4789 I mobile-ffmpeg: , 
07-05 22:38:39.923  4273  4789 I mobile-ffmpeg: 29.97 fps, 
07-05 22:38:39.923  4273  4789 I mobile-ffmpeg: 29.97 tbr, 
07-05 22:38:39.923  4273  4789 I mobile-ffmpeg: 16k tbn, 
07-05 22:38:39.923  4273  4789 I mobile-ffmpeg: 1k tbc
07-05 22:38:39.923  4273  4789 I mobile-ffmpeg:  (default)
07-05 22:38:39.923  4273  4789 I mobile-ffmpeg: 
07-05 22:38:39.923  4273  4789 I mobile-ffmpeg:     Metadata:
07-05 22:38:39.923  4273  4789 I mobile-ffmpeg:       creation_time   : 
07-05 22:38:39.923  4273  4789 I mobile-ffmpeg: 2020-03-12T08:48:29.000000Z
07-05 22:38:39.923  4273  4789 I mobile-ffmpeg: 
07-05 22:38:39.923  4273  4789 I mobile-ffmpeg:       handler_name    : 
07-05 22:38:39.923  4273  4789 I mobile-ffmpeg: PittaSoft Video Media Handler
07-05 22:38:39.924  4273  4789 I mobile-ffmpeg: 
07-05 22:38:39.924  4273  4789 I mobile-ffmpeg:     Stream #0:1
07-05 22:38:39.924  4273  4789 I mobile-ffmpeg: (eng)
07-05 22:38:39.924  4273  4789 I mobile-ffmpeg: : Audio: aac (mp4a / 0x6134706D), 16000 Hz, stereo, fltp, 47 kb/s
07-05 22:38:39.924  4273  4789 I mobile-ffmpeg:  (default)
07-05 22:38:39.924  4273  4789 I mobile-ffmpeg: 
07-05 22:38:39.924  4273  4789 I mobile-ffmpeg:     Metadata:
07-05 22:38:39.924  4273  4789 I mobile-ffmpeg:       creation_time   : 
07-05 22:38:39.924  4273  4789 I mobile-ffmpeg: 2020-03-12T08:48:29.000000Z
07-05 22:38:39.924  4273  4789 I mobile-ffmpeg: 
07-05 22:38:39.924  4273  4789 I mobile-ffmpeg:       handler_name    : 
07-05 22:38:39.924  4273  4789 I mobile-ffmpeg: PittaSoft Sound Media Handler
07-05 22:38:39.924  4273  4789 I mobile-ffmpeg: 
07-05 22:38:39.924  4273  4789 I mobile-ffmpeg: Stream mapping:
07-05 22:38:39.924  4273  4789 I mobile-ffmpeg:   Stream #0:0 -> #0:0
07-05 22:38:39.924  4273  4789 I mobile-ffmpeg:  (copy)
07-05 22:38:39.924  4273  4789 I mobile-ffmpeg: 
07-05 22:38:39.924  4273  4789 I mobile-ffmpeg:   Stream #0:1 -> #0:1
07-05 22:38:39.924  4273  4789 I mobile-ffmpeg:  (copy)
07-05 22:38:39.924  4273  4789 I mobile-ffmpeg: 
07-05 22:38:39.924  4273  4789 I mobile-ffmpeg: Press [q] to stop, [?] for help
07-05 22:38:39.924  4273  4789 I mobile-ffmpeg: frame=    1 fps=0.0 q=-1.0 size=N/A time=00:00:00.00 bitrate=N/A speed=31.5x    
07-05 22:38:40.016  4273  4789 I mobile-ffmpeg: [segment @ 0x78bb485600] Opening '/storage/emulated/0/Movies/segment/20200312_194730/20200312_194730!001.mp4' for writing
07-05 22:38:40.080  4273  4789 I mobile-ffmpeg: [segment @ 0x78bb485600] Opening '/storage/emulated/0/Movies/segment/20200312_194730/20200312_194730!002.mp4' for writing
07-05 22:38:40.135  4273  4789 I mobile-ffmpeg: [segment @ 0x78bb485600] Opening '/storage/emulated/0/Movies/segment/20200312_194730/20200312_194730!003.mp4' for writing
07-05 22:38:40.176  4273  4789 I mobile-ffmpeg: frame= 1800 fps=0.0 q=-1.0 Lsize=N/A time=00:01:00.03 bitrate=N/A speed= 237x    
07-05 22:38:40.176  4273  4789 I mobile-ffmpeg: video:61435kB audio:346kB subtitle:0kB other streams:0kB global headers:0kB muxing overhead: 
07-05 22:38:40.176  4273  4789 I mobile-ffmpeg: unknown
07-05 22:38:40.176  4273  4789 I mobile-ffmpeg: 
07-05 22:38:40.180  4273  4777 V FileManager: External storage is readable
07-05 22:38:40.180  4273  4777 V FileManager: Directory already exists: /storage/emulated/0/Movies/segment/20200312_194730
07-05 22:38:40.180  4273  4777 V VideoManager: Retrieving videos from /storage/emulated/0/Movies/segment/20200312_194730
07-05 22:38:40.180  4273  4777 V VideoManager: Retrieving video from /storage/emulated/0/Movies/segment/20200312_194730/20200312_194730!000.mp4
07-05 22:38:40.194  4273  4777 V VideoManager: videoFromCursor
07-05 22:38:40.198  4273  4777 V VideoManager: Retrieving video from /storage/emulated/0/Movies/segment/20200312_194730/20200312_194730!001.mp4
07-05 22:38:40.207  4273  4777 V VideoManager: videoFromCursor
07-05 22:38:40.211  4273  4777 V VideoManager: Retrieving video from /storage/emulated/0/Movies/segment/20200312_194730/20200312_194730!002.mp4
07-05 22:38:40.221  4273  4777 V VideoManager: videoFromCursor
07-05 22:38:40.224  4273  4777 V VideoManager: Retrieving video from /storage/emulated/0/Movies/segment/20200312_194730/20200312_194730!003.mp4
07-05 22:38:40.237  4273  4777 V VideoManager: videoFromCursor
07-05 22:38:40.243  4273  4777 V NearbyFragment: nextTransfer with selected algorithm: ordered
07-05 22:38:40.244  4273  4777 I NearbyFragment: Endpoint queue is empty
07-05 22:38:40.245  4273  4777 W NearbyFragment: Sending 20200312_194730!000.mp4 to Nexus 5X [34d8]
07-05 22:38:40.255  4273  4273 V NearbyFragment: Transfer to Endpoint{id=Qd2N, name=Nexus 5X [34d8]} complete
07-05 22:38:41.248  4273  4777 V DownloadTestVideosTask: Starting DownloadTestVideosTask
07-05 22:38:41.250  4273  4777 V DashDownloadManager: Started downloading: 20200312_194830.mp4
07-05 22:38:41.252  4273  4777 I System.out: (HTTPLog)-Static: isSBSettingEnabled false
07-05 22:38:41.252  4273  4777 I System.out: (HTTPLog)-Static: isSBSettingEnabled false
07-05 22:38:41.497  4273  4777 I System.out: (HTTPLog)-Thread-2461-179906750: getTransferStream : ContentLength=69990400, method=GET, HTTPVersion=http/1.1
07-05 22:38:42.510  4273  4273 D NearbyFragment: onPayloadReceived(endpointId=w2Lc, payload=com.google.android.gms.nearby.connection.Payload@c346d1f)
07-05 22:38:42.511  4273  4273 V NearbyFragment: Started downloading 20200312_194229!001.mp4 from Endpoint{id=w2Lc, name=Nexus 5 [1825]}
07-05 22:38:42.513  4273  4273 V NearbyFragment: nextTransfer with selected algorithm: ordered
07-05 22:38:42.516  4273  4273 W NearbyFragment: Sending 20200312_194730!001.mp4 to Nexus 5 [1825]
07-05 22:38:42.540  4273  4273 V NearbyFragment: Transfer to Endpoint{id=w2Lc, name=Nexus 5 [1825]} complete
07-05 22:38:42.543  4273  4273 V NearbyFragment: Transfer to Endpoint{id=w2Lc, name=Nexus 5 [1825]} complete
07-05 22:38:43.281  4273  4273 V NearbyFragment: Transfer to Endpoint{id=Qd2N, name=Nexus 5X [34d8]} complete
07-05 22:38:43.508  4273  4273 D NearbyFragment: onPayloadReceived(endpointId=w2Lc, payload=com.google.android.gms.nearby.connection.Payload@5b12ca)
07-05 22:38:44.121  4273  4273 D NearbyFragment: onPayloadReceived(endpointId=Qd2N, payload=com.google.android.gms.nearby.connection.Payload@8bcbc3b)
07-05 22:38:44.122  4273  4273 D NearbyFragment: Endpoint{id=Qd2N, name=Nexus 5X [34d8]} has finished downloading 20200312_194730!000.mp4
07-05 22:38:44.124  4273  4273 V NearbyFragment: nextTransfer with selected algorithm: ordered
07-05 22:38:44.125  4273  4273 I NearbyFragment: Endpoint queue is empty
07-05 22:38:44.128  4273  4273 W NearbyFragment: Sending 20200312_194730!002.mp4 to Nexus 5 [1825]
07-05 22:38:44.152  4273  4273 V NearbyFragment: Transfer to Endpoint{id=w2Lc, name=Nexus 5 [1825]} complete
07-05 22:38:44.604  4273  4273 V NearbyFragment: Transfer to Endpoint{id=Qd2N, name=Nexus 5X [34d8]} complete
07-05 22:38:45.735  4273  4273 V NearbyFragment: Transfer to Endpoint{id=w2Lc, name=Nexus 5 [1825]} complete
07-05 22:38:45.737  4273  4273 W NearbyFragment: Completed downloading 20200312_194229!001.mp4 from Endpoint{id=w2Lc, name=Nexus 5 [1825]} in 03.225s
07-05 22:38:45.746  4273  4273 V FileManager: External storage is readable
07-05 22:38:45.749  4273  4273 V FileManager: Created new directory: /storage/emulated/0/Movies/segment-sum/20200312_194229
07-05 22:38:45.821  4273  4273 V NearbyFragment: Received a segment of 20200312_194229
07-05 22:38:50.047  4273  4273 V NearbyFragment: Transfer to Endpoint{id=w2Lc, name=Nexus 5 [1825]} complete
07-05 22:38:50.749  4273  4273 D NearbyFragment: onPayloadReceived(endpointId=w2Lc, payload=com.google.android.gms.nearby.connection.Payload@77f9196)
07-05 22:38:50.749  4273  4273 D NearbyFragment: Endpoint{id=w2Lc, name=Nexus 5 [1825]} has finished downloading 20200312_194730!001.mp4
07-05 22:38:50.751  4273  4273 V NearbyFragment: nextTransfer with selected algorithm: ordered
07-05 22:38:50.752  4273  4273 I NearbyFragment: Endpoint queue is empty
07-05 22:38:50.755  4273  4273 W NearbyFragment: Sending 20200312_194730!003.mp4 to Nexus 5X [34d8]
07-05 22:38:50.778  4273  4273 V NearbyFragment: Transfer to Endpoint{id=Qd2N, name=Nexus 5X [34d8]} complete
07-05 22:38:50.792  4273  4273 V NearbyFragment: Transfer to Endpoint{id=w2Lc, name=Nexus 5 [1825]} complete
