--------- beginning of main
07-06 01:09:02.693  3162  3162 I zygote  : Late-enabling -Xcheck:jni
--------- beginning of system
07-06 01:09:02.835  3162  3162 I ActivityThread: handleStopService: token=android.os.BinderProxy@12f5aad not found.
07-06 01:09:02.839  3162  3162 I TransferService: Starting Transfer Service to listen for network connectivity changes.
07-06 01:09:02.840  3162  3162 W LogFactory: Truncating log tag length as it exceed 23, the limit imposed by Android on certain API Levels
07-06 01:09:02.862  3162  3162 I TransferService: Registering the network receiver
07-06 01:09:02.866  3162  3162 I TransferService: Moving the service out of the Foreground state.
07-06 01:09:02.866  3162  3162 I TransferService: De-registering the network receiver.
07-06 01:09:14.216  3162  3162 I zygote  : Rejecting re-init on previously-failed class java.lang.Class<androidx.core.view.ViewCompat$2>: java.lang.NoClassDefFoundError: Failed resolution of: Landroid/view/View$OnUnhandledKeyEventListener;
07-06 01:09:14.216  3162  3162 I zygote  :   at void androidx.core.view.ViewCompat.setOnApplyWindowInsetsListener(android.view.View, androidx.core.view.OnApplyWindowInsetsListener) (ViewCompat.java:2421)
07-06 01:09:14.216  3162  3162 I zygote  :   at android.view.ViewGroup androidx.appcompat.app.AppCompatDelegateImpl.createSubDecor() (AppCompatDelegateImpl.java:779)
07-06 01:09:14.216  3162  3162 I zygote  :   at void androidx.appcompat.app.AppCompatDelegateImpl.ensureSubDecor() (AppCompatDelegateImpl.java:659)
07-06 01:09:14.216  3162  3162 I zygote  :   at void androidx.appcompat.app.AppCompatDelegateImpl.setContentView(int) (AppCompatDelegateImpl.java:552)
07-06 01:09:14.216  3162  3162 I zygote  :   at void androidx.appcompat.app.AppCompatActivity.setContentView(int) (AppCompatActivity.java:161)
07-06 01:09:14.217  3162  3162 I zygote  :   at void com.example.edgesum.page.main.MainActivity.onCreate(android.os.Bundle) (MainActivity.java:95)
07-06 01:09:14.217  3162  3162 I zygote  :   at void android.app.Activity.performCreate(android.os.Bundle, android.os.PersistableBundle) (Activity.java:7009)
07-06 01:09:14.217  3162  3162 I zygote  :   at void android.app.Activity.performCreate(android.os.Bundle) (Activity.java:7000)
07-06 01:09:14.217  3162  3162 I zygote  :   at void android.app.Instrumentation.callActivityOnCreate(android.app.Activity, android.os.Bundle) (Instrumentation.java:1214)
07-06 01:09:14.217  3162  3162 I zygote  :   at android.app.Activity android.app.ActivityThread.performLaunchActivity(android.app.ActivityThread$ActivityClientRecord, android.content.Intent) (ActivityThread.java:2731)
07-06 01:09:14.217  3162  3162 I zygote  :   at void android.app.ActivityThread.handleLaunchActivity(android.app.ActivityThread$ActivityClientRecord, android.content.Intent, java.lang.String) (ActivityThread.java:2856)
07-06 01:09:14.217  3162  3162 I zygote  :   at void android.app.ActivityThread.-wrap11(android.app.ActivityThread, android.app.ActivityThread$ActivityClientRecord, android.content.Intent, java.lang.String) (ActivityThread.java:-1)
07-06 01:09:14.217  3162  3162 I zygote  :   at void android.app.ActivityThread$H.handleMessage(android.os.Message) (ActivityThread.java:1589)
07-06 01:09:14.217  3162  3162 I zygote  :   at void android.os.Handler.dispatchMessage(android.os.Message) (Handler.java:106)
07-06 01:09:14.217  3162  3162 I zygote  :   at void android.os.Looper.loop() (Looper.java:164)
07-06 01:09:14.217  3162  3162 I zygote  :   at void android.app.ActivityThread.main(java.lang.String[]) (ActivityThread.java:6494)
07-06 01:09:14.217  3162  3162 I zygote  :   at java.lang.Object java.lang.reflect.Method.invoke(java.lang.Object, java.lang.Object[]) (Method.java:-2)
07-06 01:09:14.217  3162  3162 I zygote  :   at void com.android.internal.os.RuntimeInit$MethodAndArgsCaller.run() (RuntimeInit.java:438)
07-06 01:09:14.217  3162  3162 I zygote  :   at void com.android.internal.os.ZygoteInit.main(java.lang.String[]) (ZygoteInit.java:807)
07-06 01:09:14.217  3162  3162 I zygote  : Caused by: java.lang.ClassNotFoundException: Didn't find class "android.view.View$OnUnhandledKeyEventListener" on path: DexPathList[[zip file "/data/app/com.example.edgesum-YzI1NIeHkS8kN2Z2Ls5RAg==/base.apk"],nativeLibraryDirectories=[/data/app/com.example.edgesum-YzI1NIeHkS8kN2Z2Ls5RAg==/lib/arm, /data/app/com.example.edgesum-YzI1NIeHkS8kN2Z2Ls5RAg==/base.apk!/lib/armeabi-v7a, /system/lib, /system/vendor/lib]]
07-06 01:09:14.217  3162  3162 I zygote  :   at java.lang.Class dalvik.system.BaseDexClassLoader.findClass(java.lang.String) (BaseDexClassLoader.java:125)
07-06 01:09:14.217  3162  3162 I zygote  :   at java.lang.Class java.lang.ClassLoader.loadClass(java.lang.String, boolean) (ClassLoader.java:379)
07-06 01:09:14.217  3162  3162 I zygote  :   at java.lang.Class java.lang.ClassLoader.loadClass(java.lang.String) (ClassLoader.java:312)
07-06 01:09:14.217  3162  3162 I zygote  :   at void androidx.core.view.ViewCompat.setOnApplyWindowInsetsListener(android.view.View, androidx.core.view.OnApplyWindowInsetsListener) (ViewCompat.java:2421)
07-06 01:09:14.217  3162  3162 I zygote  :   at android.view.ViewGroup androidx.appcompat.app.AppCompatDelegateImpl.createSubDecor() (AppCompatDelegateImpl.java:779)
07-06 01:09:14.217  3162  3162 I zygote  :   at void androidx.appcompat.app.AppCompatDelegateImpl.ensureSubDecor() (AppCompatDelegateImpl.java:659)
07-06 01:09:14.217  3162  3162 I zygote  :   at void androidx.appcompat.app.AppCompatDelegateImpl.setContentView(int) (AppCompatDelegateImpl.java:552)
07-06 01:09:14.217  3162  3162 I zygote  :   at void androidx.appcompat.app.AppCompatActivity.setContentView(int) (AppCompatActivity.java:161)
07-06 01:09:14.217  3162  3162 I zygote  :   at void com.example.edgesum.page.main.MainActivity.onCreate(android.os.Bundle) (MainActivity.java:95)
07-06 01:09:14.217  3162  3162 I zygote  :   at void android.app.Activity.performCreate(android.os.Bundle, android.os.PersistableBundle) (Activity.java:7009)
07-06 01:09:14.217  3162  3162 I zygote  :   at void android.app.Activity.performCreate(android.os.Bundle) (Activity.java:7000)
07-06 01:09:14.217  3162  3162 I zygote  :   at void android.app.Instrumentation.callActivityOnCreate(android.app.Activity, android.os.Bundle) (Instrumentation.java:1214)
07-06 01:09:14.217  3162  3162 I zygote  :   at android.app.Activity android.app.ActivityThread.performLaunchActivity(android.app.ActivityThread$ActivityClientRecord, android.content.Intent) (ActivityThread.java:2731)
07-06 01:09:14.219  3162  3162 I zygote  :   at void android.app.ActivityThread.handleLaunchActivity(android.app.ActivityThread$ActivityClientRecord, android.content.Intent, java.lang.String) (ActivityThread.java:2856)
07-06 01:09:14.219  3162  3162 I zygote  :   at void android.app.ActivityThread.-wrap11(android.app.ActivityThread, android.app.ActivityThread$ActivityClientRecord, android.content.Intent, java.lang.String) (ActivityThread.java:-1)
07-06 01:09:14.219  3162  3162 I zygote  :   at void android.app.ActivityThread$H.handleMessage(android.os.Message) (ActivityThread.java:1589)
07-06 01:09:14.219  3162  3162 I zygote  :   at void android.os.Handler.dispatchMessage(android.os.Message) (Handler.java:106)
07-06 01:09:14.219  3162  3162 I zygote  :   at void android.os.Looper.loop() (Looper.java:164)
07-06 01:09:14.219  3162  3162 I zygote  :   at void android.app.ActivityThread.main(java.lang.String[]) (ActivityThread.java:6494)
07-06 01:09:14.219  3162  3162 I zygote  :   at java.lang.Object java.lang.reflect.Method.invoke(java.lang.Object, java.lang.Object[]) (Method.java:-2)
07-06 01:09:14.219  3162  3162 I zygote  :   at void com.android.internal.os.RuntimeInit$MethodAndArgsCaller.run() (RuntimeInit.java:438)
07-06 01:09:14.219  3162  3162 I zygote  :   at void com.android.internal.os.ZygoteInit.main(java.lang.String[]) (ZygoteInit.java:807)
07-06 01:09:14.219  3162  3162 I zygote  : 
07-06 01:09:14.220  3162  3162 I zygote  : Rejecting re-init on previously-failed class java.lang.Class<androidx.core.view.ViewCompat$2>: java.lang.NoClassDefFoundError: Failed resolution of: Landroid/view/View$OnUnhandledKeyEventListener;
07-06 01:09:14.220  3162  3162 I zygote  :   at void androidx.core.view.ViewCompat.setOnApplyWindowInsetsListener(android.view.View, androidx.core.view.OnApplyWindowInsetsListener) (ViewCompat.java:2421)
07-06 01:09:14.220  3162  3162 I zygote  :   at android.view.ViewGroup androidx.appcompat.app.AppCompatDelegateImpl.createSubDecor() (AppCompatDelegateImpl.java:779)
07-06 01:09:14.220  3162  3162 I zygote  :   at void androidx.appcompat.app.AppCompatDelegateImpl.ensureSubDecor() (AppCompatDelegateImpl.java:659)
07-06 01:09:14.220  3162  3162 I zygote  :   at void androidx.appcompat.app.AppCompatDelegateImpl.setContentView(int) (AppCompatDelegateImpl.java:552)
07-06 01:09:14.220  3162  3162 I zygote  :   at void androidx.appcompat.app.AppCompatActivity.setContentView(int) (AppCompatActivity.java:161)
07-06 01:09:14.220  3162  3162 I zygote  :   at void com.example.edgesum.page.main.MainActivity.onCreate(android.os.Bundle) (MainActivity.java:95)
07-06 01:09:14.220  3162  3162 I zygote  :   at void android.app.Activity.performCreate(android.os.Bundle, android.os.PersistableBundle) (Activity.java:7009)
07-06 01:09:14.220  3162  3162 I zygote  :   at void android.app.Activity.performCreate(android.os.Bundle) (Activity.java:7000)
07-06 01:09:14.220  3162  3162 I zygote  :   at void android.app.Instrumentation.callActivityOnCreate(android.app.Activity, android.os.Bundle) (Instrumentation.java:1214)
07-06 01:09:14.220  3162  3162 I zygote  :   at android.app.Activity android.app.ActivityThread.performLaunchActivity(android.app.ActivityThread$ActivityClientRecord, android.content.Intent) (ActivityThread.java:2731)
07-06 01:09:14.220  3162  3162 I zygote  :   at void android.app.ActivityThread.handleLaunchActivity(android.app.ActivityThread$ActivityClientRecord, android.content.Intent, java.lang.String) (ActivityThread.java:2856)
07-06 01:09:14.220  3162  3162 I zygote  :   at void android.app.ActivityThread.-wrap11(android.app.ActivityThread, android.app.ActivityThread$ActivityClientRecord, android.content.Intent, java.lang.String) (ActivityThread.java:-1)
07-06 01:09:14.220  3162  3162 I zygote  :   at void android.app.ActivityThread$H.handleMessage(android.os.Message) (ActivityThread.java:1589)
07-06 01:09:14.220  3162  3162 I zygote  :   at void android.os.Handler.dispatchMessage(android.os.Message) (Handler.java:106)
07-06 01:09:14.220  3162  3162 I zygote  :   at void android.os.Looper.loop() (Looper.java:164)
07-06 01:09:14.220  3162  3162 I zygote  :   at void android.app.ActivityThread.main(java.lang.String[]) (ActivityThread.java:6494)
07-06 01:09:14.220  3162  3162 I zygote  :   at java.lang.Object java.lang.reflect.Method.invoke(java.lang.Object, java.lang.Object[]) (Method.java:-2)
07-06 01:09:14.220  3162  3162 I zygote  :   at void com.android.internal.os.RuntimeInit$MethodAndArgsCaller.run() (RuntimeInit.java:438)
07-06 01:09:14.220  3162  3162 I zygote  :   at void com.android.internal.os.ZygoteInit.main(java.lang.String[]) (ZygoteInit.java:807)
07-06 01:09:14.220  3162  3162 I zygote  : Caused by: java.lang.ClassNotFoundException: Didn't find class "android.view.View$OnUnhandledKeyEventListener" on path: DexPathList[[zip file "/data/app/com.example.edgesum-YzI1NIeHkS8kN2Z2Ls5RAg==/base.apk"],nativeLibraryDirectories=[/data/app/com.example.edgesum-YzI1NIeHkS8kN2Z2Ls5RAg==/lib/arm, /data/app/com.example.edgesum-YzI1NIeHkS8kN2Z2Ls5RAg==/base.apk!/lib/armeabi-v7a, /system/lib, /system/vendor/lib]]
07-06 01:09:14.220  3162  3162 I zygote  :   at java.lang.Class dalvik.system.BaseDexClassLoader.findClass(java.lang.String) (BaseDexClassLoader.java:125)
07-06 01:09:14.220  3162  3162 I zygote  :   at java.lang.Class java.lang.ClassLoader.loadClass(java.lang.String, boolean) (ClassLoader.java:379)
07-06 01:09:14.220  3162  3162 I zygote  :   at java.lang.Class java.lang.ClassLoader.loadClass(java.lang.String) (ClassLoader.java:312)
07-06 01:09:14.220  3162  3162 I zygote  :   at void androidx.core.view.ViewCompat.setOnApplyWindowInsetsListener(android.view.View, androidx.core.view.OnApplyWindowInsetsListener) (ViewCompat.java:2421)
07-06 01:09:14.220  3162  3162 I zygote  :   at android.view.ViewGroup androidx.appcompat.app.AppCompatDelegateImpl.createSubDecor() (AppCompatDelegateImpl.java:779)
07-06 01:09:14.220  3162  3162 I zygote  :   at void androidx.appcompat.app.AppCompatDelegateImpl.ensureSubDecor() (AppCompatDelegateImpl.java:659)
07-06 01:09:14.220  3162  3162 I zygote  :   at void androidx.appcompat.app.AppCompatDelegateImpl.setContentView(int) (AppCompatDelegateImpl.java:552)
07-06 01:09:14.220  3162  3162 I zygote  :   at void androidx.appcompat.app.AppCompatActivity.setContentView(int) (AppCompatActivity.java:161)
07-06 01:09:14.220  3162  3162 I zygote  :   at void com.example.edgesum.page.main.MainActivity.onCreate(android.os.Bundle) (MainActivity.java:95)
07-06 01:09:14.220  3162  3162 I zygote  :   at void android.app.Activity.performCreate(android.os.Bundle, android.os.PersistableBundle) (Activity.java:7009)
07-06 01:09:14.220  3162  3162 I zygote  :   at void android.app.Activity.performCreate(android.os.Bundle) (Activity.java:7000)
07-06 01:09:14.220  3162  3162 I zygote  :   at void android.app.Instrumentation.callActivityOnCreate(android.app.Activity, android.os.Bundle) (Instrumentation.java:1214)
07-06 01:09:14.220  3162  3162 I zygote  :   at android.app.Activity android.app.ActivityThread.performLaunchActivity(android.app.ActivityThread$ActivityClientRecord, android.content.Intent) (ActivityThread.java:2731)
07-06 01:09:14.220  3162  3162 I zygote  :   at void android.app.ActivityThread.handleLaunchActivity(android.app.ActivityThread$ActivityClientRecord, android.content.Intent, java.lang.String) (ActivityThread.java:2856)
07-06 01:09:14.220  3162  3162 I zygote  :   at void android.app.ActivityThread.-wrap11(android.app.ActivityThread, android.app.ActivityThread$ActivityClientRecord, android.content.Intent, java.lang.String) (ActivityThread.java:-1)
07-06 01:09:14.220  3162  3162 I zygote  :   at void android.app.ActivityThread$H.handleMessage(android.os.Message) (ActivityThread.java:1589)
07-06 01:09:14.220  3162  3162 I zygote  :   at void android.os.Handler.dispatchMessage(android.os.Message) (Handler.java:106)
07-06 01:09:14.220  3162  3162 I zygote  :   at void android.os.Looper.loop() (Looper.java:164)
07-06 01:09:14.220  3162  3162 I zygote  :   at void android.app.ActivityThread.main(java.lang.String[]) (ActivityThread.java:6494)
07-06 01:09:14.220  3162  3162 I zygote  :   at java.lang.Object java.lang.reflect.Method.invoke(java.lang.Object, java.lang.Object[]) (Method.java:-2)
07-06 01:09:14.220  3162  3162 I zygote  :   at void com.android.internal.os.RuntimeInit$MethodAndArgsCaller.run() (RuntimeInit.java:438)
07-06 01:09:14.220  3162  3162 I zygote  :   at void com.android.internal.os.ZygoteInit.main(java.lang.String[]) (ZygoteInit.java:807)
07-06 01:09:14.220  3162  3162 I zygote  : 
07-06 01:09:14.221  3162  3162 I zygote  : Rejecting re-init on previously-failed class java.lang.Class<androidx.core.view.ViewCompat$2>: java.lang.NoClassDefFoundError: Failed resolution of: Landroid/view/View$OnUnhandledKeyEventListener;
07-06 01:09:14.221  3162  3162 I zygote  :   at void androidx.core.view.ViewCompat.setOnApplyWindowInsetsListener(android.view.View, androidx.core.view.OnApplyWindowInsetsListener) (ViewCompat.java:2421)
07-06 01:09:14.221  3162  3162 I zygote  :   at android.view.ViewGroup androidx.appcompat.app.AppCompatDelegateImpl.createSubDecor() (AppCompatDelegateImpl.java:779)
07-06 01:09:14.221  3162  3162 I zygote  :   at void androidx.appcompat.app.AppCompatDelegateImpl.ensureSubDecor() (AppCompatDelegateImpl.java:659)
07-06 01:09:14.221  3162  3162 I zygote  :   at void androidx.appcompat.app.AppCompatDelegateImpl.setContentView(int) (AppCompatDelegateImpl.java:552)
07-06 01:09:14.221  3162  3162 I zygote  :   at void androidx.appcompat.app.AppCompatActivity.setContentView(int) (AppCompatActivity.java:161)
07-06 01:09:14.221  3162  3162 I zygote  :   at void com.example.edgesum.page.main.MainActivity.onCreate(android.os.Bundle) (MainActivity.java:95)
07-06 01:09:14.221  3162  3162 I zygote  :   at void android.app.Activity.performCreate(android.os.Bundle, android.os.PersistableBundle) (Activity.java:7009)
07-06 01:09:14.221  3162  3162 I zygote  :   at void android.app.Activity.performCreate(android.os.Bundle) (Activity.java:7000)
07-06 01:09:14.221  3162  3162 I zygote  :   at void android.app.Instrumentation.callActivityOnCreate(android.app.Activity, android.os.Bundle) (Instrumentation.java:1214)
07-06 01:09:14.221  3162  3162 I zygote  :   at android.app.Activity android.app.ActivityThread.performLaunchActivity(android.app.ActivityThread$ActivityClientRecord, android.content.Intent) (ActivityThread.java:2731)
07-06 01:09:14.221  3162  3162 I zygote  :   at void android.app.ActivityThread.handleLaunchActivity(android.app.ActivityThread$ActivityClientRecord, android.content.Intent, java.lang.String) (ActivityThread.java:2856)
07-06 01:09:14.221  3162  3162 I zygote  :   at void android.app.ActivityThread.-wrap11(android.app.ActivityThread, android.app.ActivityThread$ActivityClientRecord, android.content.Intent, java.lang.String) (ActivityThread.java:-1)
07-06 01:09:14.221  3162  3162 I zygote  :   at void android.app.ActivityThread$H.handleMessage(android.os.Message) (ActivityThread.java:1589)
07-06 01:09:14.221  3162  3162 I zygote  :   at void android.os.Handler.dispatchMessage(android.os.Message) (Handler.java:106)
07-06 01:09:14.221  3162  3162 I zygote  :   at void android.os.Looper.loop() (Looper.java:164)
07-06 01:09:14.221  3162  3162 I zygote  :   at void android.app.ActivityThread.main(java.lang.String[]) (ActivityThread.java:6494)
07-06 01:09:14.221  3162  3162 I zygote  :   at java.lang.Object java.lang.reflect.Method.invoke(java.lang.Object, java.lang.Object[]) (Method.java:-2)
07-06 01:09:14.221  3162  3162 I zygote  :   at void com.android.internal.os.RuntimeInit$MethodAndArgsCaller.run() (RuntimeInit.java:438)
07-06 01:09:14.221  3162  3162 I zygote  :   at void com.android.internal.os.ZygoteInit.main(java.lang.String[]) (ZygoteInit.java:807)
07-06 01:09:14.221  3162  3162 I zygote  : Caused by: java.lang.ClassNotFoundException: Didn't find class "android.view.View$OnUnhandledKeyEventListener" on path: DexPathList[[zip file "/data/app/com.example.edgesum-YzI1NIeHkS8kN2Z2Ls5RAg==/base.apk"],nativeLibraryDirectories=[/data/app/com.example.edgesum-YzI1NIeHkS8kN2Z2Ls5RAg==/lib/arm, /data/app/com.example.edgesum-YzI1NIeHkS8kN2Z2Ls5RAg==/base.apk!/lib/armeabi-v7a, /system/lib, /system/vendor/lib]]
07-06 01:09:14.221  3162  3162 I zygote  :   at java.lang.Class dalvik.system.BaseDexClassLoader.findClass(java.lang.String) (BaseDexClassLoader.java:125)
07-06 01:09:14.221  3162  3162 I zygote  :   at java.lang.Class java.lang.ClassLoader.loadClass(java.lang.String, boolean) (ClassLoader.java:379)
07-06 01:09:14.221  3162  3162 I zygote  :   at java.lang.Class java.lang.ClassLoader.loadClass(java.lang.String) (ClassLoader.java:312)
07-06 01:09:14.221  3162  3162 I zygote  :   at void androidx.core.view.ViewCompat.setOnApplyWindowInsetsListener(android.view.View, androidx.core.view.OnApplyWindowInsetsListener) (ViewCompat.java:2421)
07-06 01:09:14.221  3162  3162 I zygote  :   at android.view.ViewGroup androidx.appcompat.app.AppCompatDelegateImpl.createSubDecor() (AppCompatDelegateImpl.java:779)
07-06 01:09:14.221  3162  3162 I zygote  :   at void androidx.appcompat.app.AppCompatDelegateImpl.ensureSubDecor() (AppCompatDelegateImpl.java:659)
07-06 01:09:14.221  3162  3162 I zygote  :   at void androidx.appcompat.app.AppCompatDelegateImpl.setContentView(int) (AppCompatDelegateImpl.java:552)
07-06 01:09:14.221  3162  3162 I zygote  :   at void androidx.appcompat.app.AppCompatActivity.setContentView(int) (AppCompatActivity.java:161)
07-06 01:09:14.221  3162  3162 I zygote  :   at void com.example.edgesum.page.main.MainActivity.onCreate(android.os.Bundle) (MainActivity.java:95)
07-06 01:09:14.221  3162  3162 I zygote  :   at void android.app.Activity.performCreate(android.os.Bundle, android.os.PersistableBundle) (Activity.java:7009)
07-06 01:09:14.221  3162  3162 I zygote  :   at void android.app.Activity.performCreate(android.os.Bundle) (Activity.java:7000)
07-06 01:09:14.221  3162  3162 I zygote  :   at void android.app.Instrumentation.callActivityOnCreate(android.app.Activity, android.os.Bundle) (Instrumentation.java:1214)
07-06 01:09:14.221  3162  3162 I zygote  :   at android.app.Activity android.app.ActivityThread.performLaunchActivity(android.app.ActivityThread$ActivityClientRecord, android.content.Intent) (ActivityThread.java:2731)
07-06 01:09:14.221  3162  3162 I zygote  :   at void android.app.ActivityThread.handleLaunchActivity(android.app.ActivityThread$ActivityClientRecord, android.content.Intent, java.lang.String) (ActivityThread.java:2856)
07-06 01:09:14.221  3162  3162 I zygote  :   at void android.app.ActivityThread.-wrap11(android.app.ActivityThread, android.app.ActivityThread$ActivityClientRecord, android.content.Intent, java.lang.String) (ActivityThread.java:-1)
07-06 01:09:14.221  3162  3162 I zygote  :   at void android.app.ActivityThread$H.handleMessage(android.os.Message) (ActivityThread.java:1589)
07-06 01:09:14.221  3162  3162 I zygote  :   at void android.os.Handler.dispatchMessage(android.os.Message) (Handler.java:106)
07-06 01:09:14.221  3162  3162 I zygote  :   at void android.os.Looper.loop() (Looper.java:164)
07-06 01:09:14.221  3162  3162 I zygote  :   at void android.app.ActivityThread.main(java.lang.String[]) (ActivityThread.java:6494)
07-06 01:09:14.221  3162  3162 I zygote  :   at java.lang.Object java.lang.reflect.Method.invoke(java.lang.Object, java.lang.Object[]) (Method.java:-2)
07-06 01:09:14.221  3162  3162 I zygote  :   at void com.android.internal.os.RuntimeInit$MethodAndArgsCaller.run() (RuntimeInit.java:438)
07-06 01:09:14.221  3162  3162 I zygote  :   at void com.android.internal.os.ZygoteInit.main(java.lang.String[]) (ZygoteInit.java:807)
07-06 01:09:14.221  3162  3162 I zygote  : 
07-06 01:09:14.478  3162  3162 V Repo    : /storage/emulated/0/Movies/raw
07-06 01:09:14.478  3162  3162 V Repo    : /storage/emulated/0/Movies/summarised
07-06 01:09:14.494  3162  3162 V FileManager: External storage is readable
07-06 01:09:14.495  3162  3162 V FileManager: Created new directory: /storage/emulated/0/Movies/raw
07-06 01:09:14.498  3162  3162 V FileManager: External storage is readable
07-06 01:09:14.499  3162  3162 V FileManager: Created new directory: /storage/emulated/0/Movies/summarised
07-06 01:09:14.506  3162  3162 V FileManager: External storage is readable
07-06 01:09:14.507  3162  3162 V FileManager: Created new directory: /storage/emulated/0/Download/nearby
07-06 01:09:14.510  3162  3162 V FileManager: External storage is readable
07-06 01:09:14.511  3162  3162 V FileManager: Created new directory: /storage/emulated/0/Movies/segment
07-06 01:09:14.514  3162  3162 V FileManager: External storage is readable
07-06 01:09:14.514  3162  3162 V FileManager: Created new directory: /storage/emulated/0/Movies/segment-sum
07-06 01:09:14.727  3162  3162 V VideoManager: getAllVideoFromExternalStorageFolder
07-06 01:09:14.730  3162  3162 D VideoManager: /storage/emulated/0/Movies/summarised
07-06 01:09:14.749  3162  3162 D VideoManager: 0 videos return
07-06 01:09:14.780  3162  3167 I zygote  : Do partial code cache collection, code=10KB, data=19KB
07-06 01:09:14.781  3162  3167 I zygote  : After code cache collection, code=10KB, data=19KB
07-06 01:09:14.781  3162  3167 I zygote  : Increasing code cache capacity to 128KB
07-06 01:09:14.783  3162  3167 I zygote  : Do partial code cache collection, code=10KB, data=37KB
07-06 01:09:14.788  3162  3167 I zygote  : After code cache collection, code=10KB, data=37KB
07-06 01:09:14.788  3162  3167 I zygote  : Increasing code cache capacity to 256KB
07-06 01:09:14.788  3162  3167 I zygote  : Compiler allocated 4MB to compile void android.widget.TextView.<init>(android.content.Context, android.util.AttributeSet, int, int)
07-06 01:09:14.810  3162  3162 V VideoManager: getAllVideoFromExternalStorageFolder
07-06 01:09:14.813  3162  3162 D VideoManager: /storage/emulated/0/Movies/raw
07-06 01:09:14.821  3162  3162 D VideoManager: 0 videos return
07-06 01:09:14.888  3162  3206 D OpenGLRenderer: HWUI GL Pipeline
07-06 01:09:14.898  3162  3162 I TransferService: Starting Transfer Service to listen for network connectivity changes.
07-06 01:09:14.898  3162  3162 I TransferService: Registering the network receiver
07-06 01:09:14.904  3162  3162 E TransferService: No notification is passed in the intent. Unable to transition to foreground.
07-06 01:09:15.030  3162  3162 W StaticLayout: maxLineHeight should not be -1.  maxLines:1 lineCount:1
07-06 01:09:15.040  3162  3175 D MainActivity: Scanned /storage/emulated/0/Movies/summarised
07-06 01:09:15.040  3162  3175 D MainActivity:   -> uri=content://media/external/file/1527
07-06 01:09:15.044  3162  3162 W StaticLayout: maxLineHeight should not be -1.  maxLines:1 lineCount:1
07-06 01:09:15.054  3162  3162 I chatty  : uid=10086(com.example.edgesum) identical 1 line
07-06 01:09:15.065  3162  3162 W StaticLayout: maxLineHeight should not be -1.  maxLines:1 lineCount:1
07-06 01:09:15.069  3162  3174 D MainActivity: Scanned /storage/emulated/0/Movies/raw
07-06 01:09:15.069  3162  3174 D MainActivity:   -> uri=content://media/external/file/1526
07-06 01:09:15.091  3162  3206 I Adreno-EGL: <qeglDrvAPI_eglInitialize:379>: QUALCOMM Build: 06/17/16, f19e6a9, I9e7a63e7c4
07-06 01:09:15.096  3162  3206 I zygote  : android::hardware::configstore::V1_0::ISurfaceFlingerConfigs::hasWideColorDisplay retrieved: 0
07-06 01:09:15.096  3162  3206 I OpenGLRenderer: Initialized EGL, version 1.4
07-06 01:09:15.096  3162  3206 D OpenGLRenderer: Swap behavior 1
07-06 01:09:15.104  3162  3206 W Adreno-EGL: <qeglDrvAPI_eglGetConfigAttrib:607>: EGL_BAD_ATTRIBUTE
07-06 01:09:15.106  3162  3206 W Adreno-EGL: <qeglDrvAPI_eglGetConfigAttrib:607>: EGL_BAD_ATTRIBUTE
07-06 01:09:15.107  3162  3206 D vndksupport: Loading /vendor/lib/hw/gralloc.msm8974.so from current namespace instead of sphal namespace.
07-06 01:09:15.115  3162  3162 W StaticLayout: maxLineHeight should not be -1.  maxLines:1 lineCount:1
07-06 01:09:15.125  3162  3162 W StaticLayout: maxLineHeight should not be -1.  maxLines:1 lineCount:1
07-06 01:09:15.139  3162  3162 I TransferNetworkLossHand: Network connectivity changed detected.
07-06 01:09:15.140  3162  3162 I TransferNetworkLossHand: Network connected: false
07-06 01:09:15.180  3162  3206 D vndksupport: Loading /vendor/lib/hw/android.hardware.graphics.mapper@2.0-impl.so from current namespace instead of sphal namespace.
07-06 01:09:15.181  3162  3206 D vndksupport: Loading /vendor/lib/hw/gralloc.msm8974.so from current namespace instead of sphal namespace.
07-06 01:09:25.344  3162  3162 V MainActivity: Connect button clicked
07-06 01:09:29.598  3162  3162 V ConnectionFragment: Discovery switch checked
07-06 01:09:29.728  3162  3162 D NearbyFragment: Started discovering
07-06 01:09:30.984  3162  3162 D NearbyFragment: Found endpoint vMbk: Galaxy S8 [2802]
07-06 01:09:43.741  3162  3167 I zygote  : Do full code cache collection, code=123KB, data=88KB
07-06 01:09:43.744  3162  3167 I zygote  : After code cache collection, code=123KB, data=65KB
07-06 01:09:43.753  3162  3162 D NearbyFragment: Selected 'Endpoint{id=vMbk, name=Galaxy S8 [2802]}'
07-06 01:09:43.790  3162  3206 W Adreno-EGL: <qeglDrvAPI_eglGetConfigAttrib:607>: EGL_BAD_ATTRIBUTE
07-06 01:09:43.791  3162  3206 D vndksupport: Loading /vendor/lib/hw/gralloc.msm8974.so from current namespace instead of sphal namespace.
07-06 01:09:57.288  3162  3162 D NearbyFragment: Initiated connection with vMbk: Galaxy S8 [2802]
07-06 01:09:57.441  3162  3162 D NearbyFragment: Requested connection with Endpoint{id=vMbk, name=Galaxy S8 [2802]}
07-06 01:09:57.516  3162  3206 W Adreno-EGL: <qeglDrvAPI_eglGetConfigAttrib:607>: EGL_BAD_ATTRIBUTE
07-06 01:09:57.526  3162  3167 I zygote  : Do partial code cache collection, code=126KB, data=79KB
07-06 01:09:57.526  3162  3206 D vndksupport: Loading /vendor/lib/hw/gralloc.msm8974.so from current namespace instead of sphal namespace.
07-06 01:09:57.529  3162  3167 I zygote  : After code cache collection, code=126KB, data=79KB
07-06 01:09:57.529  3162  3167 I zygote  : Increasing code cache capacity to 512KB
07-06 01:10:00.048  3162  3162 I NearbyFragment: Connected to Endpoint{id=vMbk, name=Galaxy S8 [2802]}
07-06 01:10:00.544  3162  3162 V ConnectionFragment: Discovery switch unchecked
07-06 01:10:00.544  3162  3162 D NearbyFragment: Stopped discovering
07-06 01:10:04.879  3162  3162 I TransferNetworkLossHand: Network connectivity changed detected.
07-06 01:10:04.881  3162  3162 I TransferNetworkLossHand: Network connected: true
07-06 01:11:07.010  3162  3162 D NearbyFragment: onPayloadReceived(endpointId=vMbk, payload=com.google.android.gms.nearby.connection.Payload@3ed32b5)
07-06 01:11:07.014  3162  3162 V NearbyFragment: Started downloading SUMMARISE_SEGMENT:-8836679571344712014:20200312_150643!001.mp4:45.0_1.0_23_medium from Endpoint{id=vMbk, name=Galaxy S8 [2802]}
07-06 01:11:07.044  3162  3162 V NearbyFragment: Transfer to Endpoint{id=vMbk, name=Galaxy S8 [2802]} complete
07-06 01:11:07.073  3162  3162 D NearbyFragment: onPayloadReceived(endpointId=vMbk, payload=com.google.android.gms.nearby.connection.Payload@156edd8)
07-06 01:11:12.866  3162  3162 V NearbyFragment: Transfer to Endpoint{id=vMbk, name=Galaxy S8 [2802]} complete
07-06 01:11:12.870  3162  3162 W NearbyFragment: Completed downloading 20200312_150643!001.mp4 from Endpoint{id=vMbk, name=Galaxy S8 [2802]} in 05.846s
07-06 01:11:12.879  3162  3162 V FileManager: External storage is readable
07-06 01:11:12.880  3162  3162 V FileManager: Created new directory: /storage/emulated/0/Movies/segment-sum/20200312_150643
07-06 01:11:12.881  3162  3162 D NearbyFragment: Summarising 20200312_150643!001.mp4
07-06 01:11:12.882  3162  3162 V VideoManager: Retrieving video from /storage/emulated/0/Download/Nearby/20200312_150643!001.mp4
07-06 01:11:12.895  3162  3162 V VideoManager: videoFromCursor
07-06 01:11:12.898  3162  3162 V ProcessingVideosEventHandler: onAdd
07-06 01:11:12.899  3162  3162 V RawFootageEventHandler: onRemove
07-06 01:11:12.908  3162  3162 V NearbyFragment: Transfer to Endpoint{id=vMbk, name=Galaxy S8 [2802]} complete
07-06 01:11:12.914  3162  3570 V SummariserIntentService: onHandleIntent
07-06 01:11:12.916  3162  3570 D SummariserIntentService: Video{id='1584', data='/storage/emulated/0/Download/Nearby/20200312_150643!001.mp4', name='20200312_150643!001.mp4', size=16853523, visible=true, mimeType='video/mp4'}
07-06 01:11:12.916  3162  3570 D SummariserIntentService: /storage/emulated/0/Movies/segment-sum/20200312_150643/20200312_150643!001.mp4
07-06 01:11:12.918  3162  3570 I mobile-ffmpeg: Loading mobile-ffmpeg.
07-06 01:11:12.962  3162  3570 I mobile-ffmpeg: Loaded mobile-ffmpeg-full-gpl-arm-v7a-neon-4.3.2-20200415.
07-06 01:11:12.963  3162  3571 D mobile-ffmpeg: Callback thread started.
07-06 01:11:12.977  3162  3570 I FfmpegTools: Running ffmpeg with:
07-06 01:11:12.977  3162  3570 I FfmpegTools:   -y -i /storage/emulated/0/Download/Nearby/20200312_150643!001.mp4 -vf freezedetect=n=-45.000000dB:d=1.000000,metadata=mode=print:file=/storage/emulated/0/Movies/raw/20200312_150643!001.txt -f null -
07-06 01:11:13.120  3162  3571 W mobile-ffmpeg: [graph 0 input from stream 0:0 @ 0xa53b6e80] sws_param option is deprecated and ignored
07-06 01:11:19.062  3162  3570 W Summariser: No activity detected
07-06 01:11:19.065  3162  3570 V FfmpegTools: Retrieving duration of /storage/emulated/0/Download/Nearby/20200312_150643!001.mp4
07-06 01:11:19.158  3162  3570 W Summariser: Summarisation completed
07-06 01:11:19.158  3162  3570 W Summariser:   filename: 20200312_150643!001.mp4
07-06 01:11:19.158  3162  3570 W Summariser:   active sections: 0
07-06 01:11:19.158  3162  3570 W Summariser:   time: 06.146s
07-06 01:11:19.158  3162  3570 W Summariser:   original duration: 16.01
07-06 01:11:19.158  3162  3570 W Summariser:   summarised duration: -1.00
07-06 01:11:19.158  3162  3570 W Summariser:   noise tolerance: 45.00
07-06 01:11:19.158  3162  3570 W Summariser:   quality: 23
07-06 01:11:19.158  3162  3570 W Summariser:   speed: medium
07-06 01:11:19.158  3162  3570 W Summariser:   freeze duration: 1.00
07-06 01:11:19.161  3162  3570 V ProcessingVideosEventHandler: onRemove
07-06 01:11:19.185  3162  3162 V NearbyFragment: Transfer to Endpoint{id=vMbk, name=Galaxy S8 [2802]} complete
07-06 01:11:19.226  3162  3174 D SummariserIntentService: Scanned /storage/emulated/0/Movies/summarised
07-06 01:11:19.226  3162  3174 D SummariserIntentService:   -> uri=content://media/external/file/1527
07-06 01:11:37.300  3162  3162 D NearbyFragment: onPayloadReceived(endpointId=vMbk, payload=com.google.android.gms.nearby.connection.Payload@1852ab)
07-06 01:11:37.303  3162  3162 V NearbyFragment: Started downloading SUMMARISE_SEGMENT:-6535188447317415154:20200312_150744!001.mp4:45.0_1.0_23_medium from Endpoint{id=vMbk, name=Galaxy S8 [2802]}
07-06 01:11:37.318  3162  3162 V NearbyFragment: Transfer to Endpoint{id=vMbk, name=Galaxy S8 [2802]} complete
07-06 01:11:37.348  3162  3162 D NearbyFragment: onPayloadReceived(endpointId=vMbk, payload=com.google.android.gms.nearby.connection.Payload@ecd7d08)
07-06 01:11:43.142  3162  3162 V NearbyFragment: Transfer to Endpoint{id=vMbk, name=Galaxy S8 [2802]} complete
07-06 01:11:43.144  3162  3162 W NearbyFragment: Completed downloading 20200312_150744!001.mp4 from Endpoint{id=vMbk, name=Galaxy S8 [2802]} in 05.838s
07-06 01:11:43.151  3162  3162 V FileManager: External storage is readable
07-06 01:11:43.151  3162  3162 V FileManager: Created new directory: /storage/emulated/0/Movies/segment-sum/20200312_150744
07-06 01:11:43.152  3162  3162 D NearbyFragment: Summarising 20200312_150744!001.mp4
07-06 01:11:43.153  3162  3162 V VideoManager: Retrieving video from /storage/emulated/0/Download/Nearby/20200312_150744!001.mp4
07-06 01:11:43.160  3162  3162 V VideoManager: videoFromCursor
07-06 01:11:43.163  3162  3162 V ProcessingVideosEventHandler: onAdd
07-06 01:11:43.163  3162  3162 V RawFootageEventHandler: onRemove
07-06 01:11:43.168  3162  3162 V NearbyFragment: Transfer to Endpoint{id=vMbk, name=Galaxy S8 [2802]} complete
07-06 01:11:43.175  3162  3642 V SummariserIntentService: onHandleIntent
07-06 01:11:43.176  3162  3642 D SummariserIntentService: Video{id='1585', data='/storage/emulated/0/Download/Nearby/20200312_150744!001.mp4', name='20200312_150744!001.mp4', size=16915850, visible=true, mimeType='video/mp4'}
07-06 01:11:43.176  3162  3642 D SummariserIntentService: /storage/emulated/0/Movies/segment-sum/20200312_150744/20200312_150744!001.mp4
07-06 01:11:43.179  3162  3642 I FfmpegTools: Running ffmpeg with:
07-06 01:11:43.179  3162  3642 I FfmpegTools:   -y -i /storage/emulated/0/Download/Nearby/20200312_150744!001.mp4 -vf freezedetect=n=-45.000000dB:d=1.000000,metadata=mode=print:file=/storage/emulated/0/Movies/raw/20200312_150744!001.txt -f null -
07-06 01:11:43.326  3162  3571 W mobile-ffmpeg: [graph 0 input from stream 0:0 @ 0x93a0b040] sws_param option is deprecated and ignored
07-06 01:11:49.250  3162  3642 W Summariser: No activity detected
07-06 01:11:49.252  3162  3642 V FfmpegTools: Retrieving duration of /storage/emulated/0/Download/Nearby/20200312_150744!001.mp4
07-06 01:11:49.340  3162  3642 W Summariser: Summarisation completed
07-06 01:11:49.340  3162  3642 W Summariser:   filename: 20200312_150744!001.mp4
07-06 01:11:49.340  3162  3642 W Summariser:   active sections: 0
07-06 01:11:49.340  3162  3642 W Summariser:   time: 06.075s
07-06 01:11:49.340  3162  3642 W Summariser:   original duration: 16.02
07-06 01:11:49.340  3162  3642 W Summariser:   summarised duration: -1.00
07-06 01:11:49.340  3162  3642 W Summariser:   noise tolerance: 45.00
07-06 01:11:49.340  3162  3642 W Summariser:   quality: 23
07-06 01:11:49.340  3162  3642 W Summariser:   speed: medium
07-06 01:11:49.340  3162  3642 W Summariser:   freeze duration: 1.00
07-06 01:11:49.343  3162  3642 V ProcessingVideosEventHandler: onRemove
07-06 01:11:49.362  3162  3162 V NearbyFragment: Transfer to Endpoint{id=vMbk, name=Galaxy S8 [2802]} complete
07-06 01:11:49.396  3162  3600 D SummariserIntentService: Scanned /storage/emulated/0/Movies/summarised
07-06 01:11:49.396  3162  3600 D SummariserIntentService:   -> uri=content://media/external/file/1527
07-06 01:12:03.992  3162  3162 D NearbyFragment: onPayloadReceived(endpointId=vMbk, payload=com.google.android.gms.nearby.connection.Payload@bed7ed9)
07-06 01:12:03.993  3162  3162 V NearbyFragment: Started downloading SUMMARISE_SEGMENT:-6216668337209035942:20200312_150844!001.mp4:45.0_1.0_23_medium from Endpoint{id=vMbk, name=Galaxy S8 [2802]}
07-06 01:12:04.550  3162  3162 V NearbyFragment: Transfer to Endpoint{id=vMbk, name=Galaxy S8 [2802]} complete
07-06 01:12:04.642  3162  3162 D NearbyFragment: onPayloadReceived(endpointId=vMbk, payload=com.google.android.gms.nearby.connection.Payload@59b509e)
07-06 01:12:10.123  3162  3162 V NearbyFragment: Transfer to Endpoint{id=vMbk, name=Galaxy S8 [2802]} complete
07-06 01:12:10.125  3162  3162 W NearbyFragment: Completed downloading 20200312_150844!001.mp4 from Endpoint{id=vMbk, name=Galaxy S8 [2802]} in 06.129s
07-06 01:12:10.132  3162  3162 V FileManager: External storage is readable
07-06 01:12:10.133  3162  3162 V FileManager: Created new directory: /storage/emulated/0/Movies/segment-sum/20200312_150844
07-06 01:12:10.134  3162  3162 D NearbyFragment: Summarising 20200312_150844!001.mp4
07-06 01:12:10.134  3162  3162 V VideoManager: Retrieving video from /storage/emulated/0/Download/Nearby/20200312_150844!001.mp4
07-06 01:12:10.140  3162  3162 V VideoManager: videoFromCursor
07-06 01:12:10.142  3162  3162 V ProcessingVideosEventHandler: onAdd
07-06 01:12:10.143  3162  3162 V RawFootageEventHandler: onRemove
07-06 01:12:10.148  3162  3162 V NearbyFragment: Transfer to Endpoint{id=vMbk, name=Galaxy S8 [2802]} complete
07-06 01:12:10.155  3162  3705 V SummariserIntentService: onHandleIntent
07-06 01:12:10.156  3162  3705 D SummariserIntentService: Video{id='1688', data='/storage/emulated/0/Download/Nearby/20200312_150844!001.mp4', name='20200312_150844!001.mp4', size=17002010, visible=true, mimeType='video/mp4'}
07-06 01:12:10.156  3162  3705 D SummariserIntentService: /storage/emulated/0/Movies/segment-sum/20200312_150844/20200312_150844!001.mp4
07-06 01:12:10.159  3162  3705 I FfmpegTools: Running ffmpeg with:
07-06 01:12:10.159  3162  3705 I FfmpegTools:   -y -i /storage/emulated/0/Download/Nearby/20200312_150844!001.mp4 -vf freezedetect=n=-45.000000dB:d=1.000000,metadata=mode=print:file=/storage/emulated/0/Movies/raw/20200312_150844!001.txt -f null -
07-06 01:12:10.273  3162  3571 W mobile-ffmpeg: [graph 0 input from stream 0:0 @ 0x8cf7d500] sws_param option is deprecated and ignored
07-06 01:12:16.058  3162  3705 D Summariser: No freeze file
07-06 01:12:16.058  3162  3705 W Summariser: Whole video is active
07-06 01:12:17.335  3162  3705 V FfmpegTools: Retrieving duration of /storage/emulated/0/Download/Nearby/20200312_150844!001.mp4
07-06 01:12:17.421  3162  3705 V FfmpegTools: Retrieving duration of /storage/emulated/0/Movies/segment-sum/20200312_150844/20200312_150844!001.mp4
07-06 01:12:17.500  3162  3705 W Summariser: Summarisation completed
07-06 01:12:17.500  3162  3705 W Summariser:   filename: 20200312_150844!001.mp4
07-06 01:12:17.500  3162  3705 W Summariser:   active sections: -1
07-06 01:12:17.500  3162  3705 W Summariser:   time: 07.177s
07-06 01:12:17.500  3162  3705 W Summariser:   original duration: 16.01
07-06 01:12:17.500  3162  3705 W Summariser:   summarised duration: 16.01
07-06 01:12:17.500  3162  3705 W Summariser:   noise tolerance: 45.00
07-06 01:12:17.500  3162  3705 W Summariser:   quality: 23
07-06 01:12:17.500  3162  3705 W Summariser:   speed: medium
07-06 01:12:17.500  3162  3705 W Summariser:   freeze duration: 1.00
07-06 01:12:17.501  3162  3705 V VideoManager: Retrieving video from /storage/emulated/0/Movies/segment-sum/20200312_150844/20200312_150844!001.mp4
07-06 01:12:17.508  3162  3705 V VideoManager: videoFromCursor
07-06 01:12:17.512  3162  3705 W NearbyFragment: Sending 20200312_150844!001.mp4 to Galaxy S8 [2802]
07-06 01:12:17.515  3162  3705 V ProcessingVideosEventHandler: onRemove
07-06 01:12:17.546  3162  3162 V NearbyFragment: Transfer to Endpoint{id=vMbk, name=Galaxy S8 [2802]} complete
07-06 01:12:17.592  3162  3600 D SummariserIntentService: Scanned /storage/emulated/0/Movies/summarised
07-06 01:12:17.592  3162  3600 D SummariserIntentService:   -> uri=content://media/external/file/1527
07-06 01:12:27.946  3162  3162 V NearbyFragment: Transfer to Endpoint{id=vMbk, name=Galaxy S8 [2802]} complete
07-06 01:12:53.172  3162  3162 D NearbyFragment: onPayloadReceived(endpointId=vMbk, payload=com.google.android.gms.nearby.connection.Payload@bda9fe4)
07-06 01:12:53.174  3162  3162 V NearbyFragment: Started downloading SUMMARISE_SEGMENT:-4959064141146426635:20200312_150944!001.mp4:45.0_1.0_23_medium from Endpoint{id=vMbk, name=Galaxy S8 [2802]}
07-06 01:12:53.252  3162  3162 D NearbyFragment: onPayloadReceived(endpointId=vMbk, payload=com.google.android.gms.nearby.connection.Payload@725bc4d)
07-06 01:12:53.270  3162  3162 V NearbyFragment: Transfer to Endpoint{id=vMbk, name=Galaxy S8 [2802]} complete
07-06 01:13:00.353  3162  3162 V NearbyFragment: Transfer to Endpoint{id=vMbk, name=Galaxy S8 [2802]} complete
07-06 01:13:00.356  3162  3162 W NearbyFragment: Completed downloading 20200312_150944!001.mp4 from Endpoint{id=vMbk, name=Galaxy S8 [2802]} in 07.179s
07-06 01:13:00.364  3162  3162 V FileManager: External storage is readable
07-06 01:13:00.365  3162  3162 V FileManager: Created new directory: /storage/emulated/0/Movies/segment-sum/20200312_150944
07-06 01:13:00.366  3162  3162 D NearbyFragment: Summarising 20200312_150944!001.mp4
07-06 01:13:00.366  3162  3162 V VideoManager: Retrieving video from /storage/emulated/0/Download/Nearby/20200312_150944!001.mp4
07-06 01:13:00.380  3162  3162 V VideoManager: videoFromCursor
07-06 01:13:00.382  3162  3162 V ProcessingVideosEventHandler: onAdd
07-06 01:13:00.383  3162  3162 V RawFootageEventHandler: onRemove
07-06 01:13:00.387  3162  3162 V NearbyFragment: Transfer to Endpoint{id=vMbk, name=Galaxy S8 [2802]} complete
07-06 01:13:00.397  3162  3850 V SummariserIntentService: onHandleIntent
07-06 01:13:00.398  3162  3850 D SummariserIntentService: Video{id='1592', data='/storage/emulated/0/Download/Nearby/20200312_150944!001.mp4', name='20200312_150944!001.mp4', size=16812180, visible=true, mimeType='video/mp4'}
07-06 01:13:00.398  3162  3850 D SummariserIntentService: /storage/emulated/0/Movies/segment-sum/20200312_150944/20200312_150944!001.mp4
07-06 01:13:00.410  3162  3850 I FfmpegTools: Running ffmpeg with:
07-06 01:13:00.410  3162  3850 I FfmpegTools:   -y -i /storage/emulated/0/Download/Nearby/20200312_150944!001.mp4 -vf freezedetect=n=-45.000000dB:d=1.000000,metadata=mode=print:file=/storage/emulated/0/Movies/raw/20200312_150944!001.txt -f null -
07-06 01:13:00.570  3162  3571 W mobile-ffmpeg: [graph 0 input from stream 0:0 @ 0x8cf7d500] sws_param option is deprecated and ignored
07-06 01:13:06.508  3162  3850 W Summariser: No activity detected
07-06 01:13:06.509  3162  3850 V FfmpegTools: Retrieving duration of /storage/emulated/0/Download/Nearby/20200312_150944!001.mp4
07-06 01:13:06.590  3162  3850 W Summariser: Summarisation completed
07-06 01:13:06.590  3162  3850 W Summariser:   filename: 20200312_150944!001.mp4
07-06 01:13:06.590  3162  3850 W Summariser:   active sections: 0
07-06 01:13:06.590  3162  3850 W Summariser:   time: 06.109s
07-06 01:13:06.590  3162  3850 W Summariser:   original duration: 16.01
07-06 01:13:06.590  3162  3850 W Summariser:   summarised duration: -1.00
07-06 01:13:06.590  3162  3850 W Summariser:   noise tolerance: 45.00
07-06 01:13:06.590  3162  3850 W Summariser:   quality: 23
07-06 01:13:06.590  3162  3850 W Summariser:   speed: medium
07-06 01:13:06.590  3162  3850 W Summariser:   freeze duration: 1.00
07-06 01:13:06.591  3162  3850 V ProcessingVideosEventHandler: onRemove
07-06 01:13:06.613  3162  3162 V NearbyFragment: Transfer to Endpoint{id=vMbk, name=Galaxy S8 [2802]} complete
07-06 01:13:06.673  3162  3174 D SummariserIntentService: Scanned /storage/emulated/0/Movies/summarised
07-06 01:13:06.673  3162  3174 D SummariserIntentService:   -> uri=content://media/external/file/1527
07-06 01:13:17.114  3162  3162 D NearbyFragment: onPayloadReceived(endpointId=vMbk, payload=com.google.android.gms.nearby.connection.Payload@87fc05a)
07-06 01:13:17.115  3162  3162 V NearbyFragment: Started downloading SUMMARISE_SEGMENT:-8193053835031124526:20200312_151044!000.mp4:45.0_1.0_23_medium from Endpoint{id=vMbk, name=Galaxy S8 [2802]}
07-06 01:13:17.121  3162  3162 V NearbyFragment: Transfer to Endpoint{id=vMbk, name=Galaxy S8 [2802]} complete
07-06 01:13:17.138  3162  3162 D NearbyFragment: onPayloadReceived(endpointId=vMbk, payload=com.google.android.gms.nearby.connection.Payload@a9c828b)
07-06 01:13:22.035  3162  3162 V NearbyFragment: Transfer to Endpoint{id=vMbk, name=Galaxy S8 [2802]} complete
07-06 01:13:22.036  3162  3162 W NearbyFragment: Completed downloading 20200312_151044!000.mp4 from Endpoint{id=vMbk, name=Galaxy S8 [2802]} in 04.920s
07-06 01:13:22.042  3162  3162 V FileManager: External storage is readable
07-06 01:13:22.043  3162  3162 V FileManager: Created new directory: /storage/emulated/0/Movies/segment-sum/20200312_151044
07-06 01:13:22.044  3162  3162 D NearbyFragment: Summarising 20200312_151044!000.mp4
07-06 01:13:22.044  3162  3162 V VideoManager: Retrieving video from /storage/emulated/0/Download/Nearby/20200312_151044!000.mp4
07-06 01:13:22.055  3162  3162 V VideoManager: videoFromCursor
07-06 01:13:22.058  3162  3162 V ProcessingVideosEventHandler: onAdd
07-06 01:13:22.058  3162  3162 V RawFootageEventHandler: onRemove
07-06 01:13:22.062  3162  3162 V NearbyFragment: Transfer to Endpoint{id=vMbk, name=Galaxy S8 [2802]} complete
07-06 01:13:22.077  3162  3909 V SummariserIntentService: onHandleIntent
07-06 01:13:22.078  3162  3909 D SummariserIntentService: Video{id='1594', data='/storage/emulated/0/Download/Nearby/20200312_151044!000.mp4', name='20200312_151044!000.mp4', size=16831892, visible=true, mimeType='video/mp4'}
07-06 01:13:22.078  3162  3909 D SummariserIntentService: /storage/emulated/0/Movies/segment-sum/20200312_151044/20200312_151044!000.mp4
07-06 01:13:22.080  3162  3909 I FfmpegTools: Running ffmpeg with:
07-06 01:13:22.080  3162  3909 I FfmpegTools:   -y -i /storage/emulated/0/Download/Nearby/20200312_151044!000.mp4 -vf freezedetect=n=-45.000000dB:d=1.000000,metadata=mode=print:file=/storage/emulated/0/Movies/raw/20200312_151044!000.txt -f null -
07-06 01:13:22.200  3162  3571 W mobile-ffmpeg: [graph 0 input from stream 0:0 @ 0x8d2f8900] sws_param option is deprecated and ignored
07-06 01:13:28.119  3162  3909 W Summariser: No activity detected
07-06 01:13:28.122  3162  3909 V FfmpegTools: Retrieving duration of /storage/emulated/0/Download/Nearby/20200312_151044!000.mp4
07-06 01:13:28.181  3162  3909 W Summariser: Summarisation completed
07-06 01:13:28.181  3162  3909 W Summariser:   filename: 20200312_151044!000.mp4
07-06 01:13:28.181  3162  3909 W Summariser:   active sections: 0
07-06 01:13:28.181  3162  3909 W Summariser:   time: 06.043s
07-06 01:13:28.181  3162  3909 W Summariser:   original duration: 16.07
07-06 01:13:28.181  3162  3909 W Summariser:   summarised duration: -1.00
07-06 01:13:28.181  3162  3909 W Summariser:   noise tolerance: 45.00
07-06 01:13:28.181  3162  3909 W Summariser:   quality: 23
07-06 01:13:28.181  3162  3909 W Summariser:   speed: medium
07-06 01:13:28.181  3162  3909 W Summariser:   freeze duration: 1.00
07-06 01:13:28.182  3162  3909 V ProcessingVideosEventHandler: onRemove
07-06 01:13:28.201  3162  3162 V NearbyFragment: Transfer to Endpoint{id=vMbk, name=Galaxy S8 [2802]} complete
07-06 01:13:28.219  3162  3174 D SummariserIntentService: Scanned /storage/emulated/0/Movies/summarised
07-06 01:13:28.219  3162  3174 D SummariserIntentService:   -> uri=content://media/external/file/1527
07-06 01:13:46.850  3162  3162 D NearbyFragment: onPayloadReceived(endpointId=vMbk, payload=com.google.android.gms.nearby.connection.Payload@5b17380)
07-06 01:13:46.852  3162  3162 V NearbyFragment: Started downloading SUMMARISE_SEGMENT:-5519834181375275392:20200312_193528!000.mp4:45.0_1.0_23_medium from Endpoint{id=vMbk, name=Galaxy S8 [2802]}
07-06 01:13:46.860  3162  3162 V NearbyFragment: Transfer to Endpoint{id=vMbk, name=Galaxy S8 [2802]} complete
07-06 01:13:46.892  3162  3162 D NearbyFragment: onPayloadReceived(endpointId=vMbk, payload=com.google.android.gms.nearby.connection.Payload@2bf5db9)
07-06 01:13:51.985  3162  3162 V NearbyFragment: Transfer to Endpoint{id=vMbk, name=Galaxy S8 [2802]} complete
07-06 01:13:51.986  3162  3162 W NearbyFragment: Completed downloading 20200312_193528!000.mp4 from Endpoint{id=vMbk, name=Galaxy S8 [2802]} in 05.133s
07-06 01:13:51.994  3162  3162 V FileManager: External storage is readable
07-06 01:13:51.994  3162  3162 V FileManager: Created new directory: /storage/emulated/0/Movies/segment-sum/20200312_193528
07-06 01:13:51.995  3162  3162 D NearbyFragment: Summarising 20200312_193528!000.mp4
