07-06 01:11:31.238 21625 22296 I mobile-ffmpeg: , 
07-06 01:11:31.238 21625 22296 I mobile-ffmpeg: 29.97 fps, 
07-06 01:11:31.238 21625 22296 I mobile-ffmpeg: 29.97 tbr, 
07-06 01:11:31.238 21625 22296 I mobile-ffmpeg: 1k tbn, 
07-06 01:11:31.239 21625 22296 I mobile-ffmpeg: 2k tbc
07-06 01:11:31.239 21625 22296 I mobile-ffmpeg:  (default)
07-06 01:11:31.239 21625 22296 I mobile-ffmpeg: 
07-06 01:11:31.239 21625 22296 I mobile-ffmpeg:     Metadata:
07-06 01:11:31.239 21625 22296 I mobile-ffmpeg:       creation_time   : 
07-06 01:11:31.239 21625 22296 I mobile-ffmpeg: 2020-03-12T04:08:43.000000Z
07-06 01:11:31.239 21625 22296 I mobile-ffmpeg: 
07-06 01:11:31.239 21625 22296 I mobile-ffmpeg:       handler_name    : 
07-06 01:11:31.239 21625 22296 I mobile-ffmpeg: PittaSoft Video Media Handler
07-06 01:11:31.239 21625 22296 I mobile-ffmpeg: 
07-06 01:11:31.239 21625 22296 I mobile-ffmpeg:     Stream #0:1
07-06 01:11:31.239 21625 22296 I mobile-ffmpeg: (eng)
07-06 01:11:31.239 21625 22296 I mobile-ffmpeg: : Audio: aac (mp4a / 0x6134706D), 16000 Hz, stereo, fltp, 47 kb/s
07-06 01:11:31.239 21625 22296 I mobile-ffmpeg:  (default)
07-06 01:11:31.239 21625 22296 I mobile-ffmpeg: 
07-06 01:11:31.239 21625 22296 I mobile-ffmpeg:     Metadata:
07-06 01:11:31.239 21625 22296 I mobile-ffmpeg:       creation_time   : 
07-06 01:11:31.240 21625 22296 I mobile-ffmpeg: 2020-03-12T04:08:43.000000Z
07-06 01:11:31.240 21625 22296 I mobile-ffmpeg: 
07-06 01:11:31.240 21625 22296 I mobile-ffmpeg:       handler_name    : 
07-06 01:11:31.240 21625 22296 I mobile-ffmpeg: PittaSoft Sound Media Handler
07-06 01:11:31.240 21625 22296 I mobile-ffmpeg: 
07-06 01:11:31.259 21625 22256 V FileManager: External storage is readable
07-06 01:11:31.260 21625 22256 V FileManager: Created new directory: /storage/emulated/0/Movies/segment/20200312_150744
07-06 01:11:31.261 21625 22256 V FfmpegTools: Splitting /storage/emulated/0/Movies/raw/20200312_150744.mp4 with 16s long segments
07-06 01:11:31.262 21625 22256 I FfmpegTools: Running ffmpeg with:
07-06 01:11:31.262 21625 22256 I FfmpegTools:   -y -i /storage/emulated/0/Movies/raw/20200312_150744.mp4 -map 0 -c copy -f segment -reset_timestamps 1 -segment_time 16 /storage/emulated/0/Movies/segment/20200312_150744/20200312_150744!%03d.mp4
07-06 01:11:31.272 21625 22296 W mobile-ffmpeg: [mov,mp4,m4a,3gp,3g2,mj2 @ 0x78d618f000] Found duplicated MOOV Atom. Skipped it
07-06 01:11:31.314 21625 22296 I mobile-ffmpeg: Input #0, mov,mp4,m4a,3gp,3g2,mj2, from '/storage/emulated/0/Movies/raw/20200312_150744.mp4':
07-06 01:11:31.314 21625 22296 I mobile-ffmpeg:   Metadata:
07-06 01:11:31.314 21625 22296 I mobile-ffmpeg:     creation_time   : 
07-06 01:11:31.314 21625 22296 I mobile-ffmpeg: 2020-03-12T04:08:43.000000Z
07-06 01:11:31.314 21625 22296 I mobile-ffmpeg: 
07-06 01:11:31.314 21625 22296 I mobile-ffmpeg:     major_brand     : 
07-06 01:11:31.314 21625 22296 I mobile-ffmpeg: mp42
07-06 01:11:31.315 21625 22296 I mobile-ffmpeg: 
07-06 01:11:31.315 21625 22296 I mobile-ffmpeg:     minor_version   : 
07-06 01:11:31.315 21625 22296 I mobile-ffmpeg: 1
07-06 01:11:31.315 21625 22296 I mobile-ffmpeg: 
07-06 01:11:31.315 21625 22296 I mobile-ffmpeg:     compatible_brands: 
07-06 01:11:31.315 21625 22296 I mobile-ffmpeg: mp42mp42
07-06 01:11:31.315 21625 22296 I mobile-ffmpeg: 
07-06 01:11:31.315 21625 22296 I mobile-ffmpeg:   Duration: 
07-06 01:11:31.315 21625 22296 I mobile-ffmpeg: 00:01:00.02
07-06 01:11:31.315 21625 22296 I mobile-ffmpeg: , start: 
07-06 01:11:31.315 21625 22296 I mobile-ffmpeg: 0.000000
07-06 01:11:31.315 21625 22296 I mobile-ffmpeg: , bitrate: 
07-06 01:11:31.315 21625 22296 I mobile-ffmpeg: 9328 kb/s
07-06 01:11:31.315 21625 22296 I mobile-ffmpeg: 
07-06 01:11:31.315 21625 22296 I mobile-ffmpeg:     Stream #0:0
07-06 01:11:31.315 21625 22296 I mobile-ffmpeg: (eng)
07-06 01:11:31.316 21625 22296 I mobile-ffmpeg: : Video: h264 (avc1 / 0x31637661), yuvj420p(pc, bt709), 1280x720, 8381 kb/s
07-06 01:11:31.316 21625 22296 I mobile-ffmpeg: , 
07-06 01:11:31.316 21625 22296 I mobile-ffmpeg: 29.97 fps, 
07-06 01:11:31.316 21625 22296 I mobile-ffmpeg: 29.97 tbr, 
07-06 01:11:31.316 21625 22296 I mobile-ffmpeg: 1k tbn, 
07-06 01:11:31.316 21625 22296 I mobile-ffmpeg: 2k tbc
07-06 01:11:31.316 21625 22296 I mobile-ffmpeg:  (default)
07-06 01:11:31.316 21625 22296 I mobile-ffmpeg: 
07-06 01:11:31.316 21625 22296 I mobile-ffmpeg:     Metadata:
07-06 01:11:31.316 21625 22296 I mobile-ffmpeg:       creation_time   : 
07-06 01:11:31.316 21625 22296 I mobile-ffmpeg: 2020-03-12T04:08:43.000000Z
07-06 01:11:31.316 21625 22296 I mobile-ffmpeg: 
07-06 01:11:31.316 21625 22296 I mobile-ffmpeg:       handler_name    : 
07-06 01:11:31.316 21625 22296 I mobile-ffmpeg: PittaSoft Video Media Handler
07-06 01:11:31.317 21625 22296 I mobile-ffmpeg: 
07-06 01:11:31.317 21625 22296 I mobile-ffmpeg:     Stream #0:1
07-06 01:11:31.317 21625 22296 I mobile-ffmpeg: (eng)
07-06 01:11:31.317 21625 22296 I mobile-ffmpeg: : Audio: aac (mp4a / 0x6134706D), 16000 Hz, stereo, fltp, 47 kb/s
07-06 01:11:31.317 21625 22296 I mobile-ffmpeg:  (default)
07-06 01:11:31.317 21625 22296 I mobile-ffmpeg: 
07-06 01:11:31.317 21625 22296 I mobile-ffmpeg:     Metadata:
07-06 01:11:31.317 21625 22296 I mobile-ffmpeg:       creation_time   : 
07-06 01:11:31.317 21625 22296 I mobile-ffmpeg: 2020-03-12T04:08:43.000000Z
07-06 01:11:31.317 21625 22296 I mobile-ffmpeg: 
07-06 01:11:31.317 21625 22296 I mobile-ffmpeg:       handler_name    : 
07-06 01:11:31.317 21625 22296 I mobile-ffmpeg: PittaSoft Sound Media Handler
07-06 01:11:31.317 21625 22296 I mobile-ffmpeg: 
07-06 01:11:31.318 21625 22296 I mobile-ffmpeg: [segment @ 0x78d6190200] Opening '/storage/emulated/0/Movies/segment/20200312_150744/20200312_150744!000.mp4' for writing
07-06 01:11:31.318 21625 22296 I mobile-ffmpeg: Output #0, segment, to '/storage/emulated/0/Movies/segment/20200312_150744/20200312_150744!%03d.mp4':
07-06 01:11:31.318 21625 22296 I mobile-ffmpeg:   Metadata:
07-06 01:11:31.318 21625 22296 I mobile-ffmpeg:     compatible_brands: 
07-06 01:11:31.318 21625 22296 I mobile-ffmpeg: mp42mp42
07-06 01:11:31.318 21625 22296 I mobile-ffmpeg: 
07-06 01:11:31.318 21625 22296 I mobile-ffmpeg:     major_brand     : 
07-06 01:11:31.318 21625 22296 I mobile-ffmpeg: mp42
07-06 01:11:31.318 21625 22296 I mobile-ffmpeg: 
07-06 01:11:31.318 21625 22296 I mobile-ffmpeg:     minor_version   : 
07-06 01:11:31.318 21625 22296 I mobile-ffmpeg: 1
07-06 01:11:31.318 21625 22296 I mobile-ffmpeg: 
07-06 01:11:31.318 21625 22296 I mobile-ffmpeg:     encoder         : 
07-06 01:11:31.318 21625 22296 I mobile-ffmpeg: Lavf58.42.100
07-06 01:11:31.318 21625 22296 I mobile-ffmpeg: 
07-06 01:11:31.318 21625 22296 I mobile-ffmpeg:     Stream #0:0
07-06 01:11:31.319 21625 22296 I mobile-ffmpeg: (eng)
07-06 01:11:31.319 21625 22296 I mobile-ffmpeg: : Video: h264 (avc1 / 0x31637661), yuvj420p(pc, bt709), 1280x720, q=2-31, 8381 kb/s
07-06 01:11:31.319 21625 22296 I mobile-ffmpeg: , 
07-06 01:11:31.319 21625 22296 I mobile-ffmpeg: 29.97 fps, 
07-06 01:11:31.319 21625 22296 I mobile-ffmpeg: 29.97 tbr, 
07-06 01:11:31.319 21625 22296 I mobile-ffmpeg: 16k tbn, 
07-06 01:11:31.319 21625 22296 I mobile-ffmpeg: 1k tbc
07-06 01:11:31.319 21625 22296 I mobile-ffmpeg:  (default)
07-06 01:11:31.319 21625 22296 I mobile-ffmpeg: 
07-06 01:11:31.319 21625 22296 I mobile-ffmpeg:     Metadata:
07-06 01:11:31.319 21625 22296 I mobile-ffmpeg:       creation_time   : 
07-06 01:11:31.319 21625 22296 I mobile-ffmpeg: 2020-03-12T04:08:43.000000Z
07-06 01:11:31.319 21625 22296 I mobile-ffmpeg: 
07-06 01:11:31.319 21625 22296 I mobile-ffmpeg:       handler_name    : 
07-06 01:11:31.319 21625 22296 I mobile-ffmpeg: PittaSoft Video Media Handler
07-06 01:11:31.320 21625 22296 I mobile-ffmpeg: 
07-06 01:11:31.320 21625 22296 I mobile-ffmpeg:     Stream #0:1
07-06 01:11:31.320 21625 22296 I mobile-ffmpeg: (eng)
07-06 01:11:31.320 21625 22296 I mobile-ffmpeg: : Audio: aac (mp4a / 0x6134706D), 16000 Hz, stereo, fltp, 47 kb/s
07-06 01:11:31.320 21625 22296 I mobile-ffmpeg:  (default)
07-06 01:11:31.320 21625 22296 I mobile-ffmpeg: 
07-06 01:11:31.320 21625 22296 I mobile-ffmpeg:     Metadata:
07-06 01:11:31.320 21625 22296 I mobile-ffmpeg:       creation_time   : 
07-06 01:11:31.320 21625 22296 I mobile-ffmpeg: 2020-03-12T04:08:43.000000Z
07-06 01:11:31.320 21625 22296 I mobile-ffmpeg: 
07-06 01:11:31.320 21625 22296 I mobile-ffmpeg:       handler_name    : 
07-06 01:11:31.320 21625 22296 I mobile-ffmpeg: PittaSoft Sound Media Handler
07-06 01:11:31.320 21625 22296 I mobile-ffmpeg: 
07-06 01:11:31.320 21625 22296 I mobile-ffmpeg: Stream mapping:
07-06 01:11:31.320 21625 22296 I mobile-ffmpeg:   Stream #0:0 -> #0:0
07-06 01:11:31.321 21625 22296 I mobile-ffmpeg:  (copy)
07-06 01:11:31.321 21625 22296 I mobile-ffmpeg: 
07-06 01:11:31.321 21625 22296 I mobile-ffmpeg:   Stream #0:1 -> #0:1
07-06 01:11:31.321 21625 22296 I mobile-ffmpeg:  (copy)
07-06 01:11:31.321 21625 22296 I mobile-ffmpeg: 
07-06 01:11:31.321 21625 22296 I mobile-ffmpeg: Press [q] to stop, [?] for help
07-06 01:11:31.321 21625 22296 I mobile-ffmpeg: frame=    1 fps=0.0 q=-1.0 size=N/A time=00:00:00.00 bitrate=N/A speed=  63x    
07-06 01:11:31.409 21625 22296 I mobile-ffmpeg: [segment @ 0x78d6190200] Opening '/storage/emulated/0/Movies/segment/20200312_150744/20200312_150744!001.mp4' for writing
07-06 01:11:31.485 21625 22296 I mobile-ffmpeg: [segment @ 0x78d6190200] Opening '/storage/emulated/0/Movies/segment/20200312_150744/20200312_150744!002.mp4' for writing
07-06 01:11:31.539 21625 22296 I mobile-ffmpeg: [segment @ 0x78d6190200] Opening '/storage/emulated/0/Movies/segment/20200312_150744/20200312_150744!003.mp4' for writing
07-06 01:11:31.578 21625 22296 I mobile-ffmpeg: frame= 1800 fps=0.0 q=-1.0 Lsize=N/A time=00:01:00.03 bitrate=N/A speed= 229x    
07-06 01:11:31.578 21625 22296 I mobile-ffmpeg: video:61410kB audio:346kB subtitle:0kB other streams:0kB global headers:0kB muxing overhead: 
07-06 01:11:31.578 21625 22296 I mobile-ffmpeg: unknown
07-06 01:11:31.578 21625 22296 I mobile-ffmpeg: 
07-06 01:11:31.582 21625 22256 V FileManager: External storage is readable
07-06 01:11:31.582 21625 22256 V FileManager: Directory already exists: /storage/emulated/0/Movies/segment/20200312_150744
07-06 01:11:31.582 21625 22256 V VideoManager: Retrieving videos from /storage/emulated/0/Movies/segment/20200312_150744
07-06 01:11:31.583 21625 22256 V VideoManager: Retrieving video from /storage/emulated/0/Movies/segment/20200312_150744/20200312_150744!000.mp4
07-06 01:11:31.593 21625 22256 V VideoManager: videoFromCursor
07-06 01:11:31.596 21625 22256 V VideoManager: Retrieving video from /storage/emulated/0/Movies/segment/20200312_150744/20200312_150744!001.mp4
07-06 01:11:31.604 21625 22256 V VideoManager: videoFromCursor
07-06 01:11:31.606 21625 22256 V VideoManager: Retrieving video from /storage/emulated/0/Movies/segment/20200312_150744/20200312_150744!002.mp4
07-06 01:11:31.613 21625 22256 V VideoManager: videoFromCursor
07-06 01:11:31.615 21625 22256 V VideoManager: Retrieving video from /storage/emulated/0/Movies/segment/20200312_150744/20200312_150744!003.mp4
07-06 01:11:31.625 21625 22256 V VideoManager: videoFromCursor
07-06 01:11:31.632 21625 22256 V NearbyFragment: nextTransfer with selected algorithm: fastest
07-06 01:11:31.634 21625 22256 W NearbyFragment: Sending 20200312_150744!000.mp4 to Nexus 5X [34d8]
07-06 01:11:31.649 21625 21625 V NearbyFragment: Transfer to Endpoint{id=Qd2N, name=Nexus 5X [34d8]} complete
07-06 01:11:32.638 21625 22256 V DownloadTestVideosTask: Starting DownloadTestVideosTask
07-06 01:11:32.642 21625 22256 V DashDownloadManager: Started downloading: 20200312_150844.mp4
07-06 01:11:32.646 21625 22256 I System.out: (HTTPLog)-Static: isSBSettingEnabled false
07-06 01:11:32.647 21625 22256 I System.out: (HTTPLog)-Static: isSBSettingEnabled false
07-06 01:11:32.689 21625 22256 I System.out: (HTTPLog)-Thread-3349-159671400: getTransferStream : ContentLength=69990400, method=GET, HTTPVersion=http/1.1
07-06 01:11:38.850 21625 21625 V NearbyFragment: Transfer to Endpoint{id=Qd2N, name=Nexus 5X [34d8]} complete
07-06 01:11:39.162 21625 21625 D NearbyFragment: onPayloadReceived(endpointId=Qd2N, payload=com.google.android.gms.nearby.connection.Payload@466a081)
07-06 01:11:39.165 21625 21625 D NearbyFragment: Endpoint{id=Qd2N, name=Nexus 5X [34d8]} has finished downloading 20200312_150744!000.mp4
07-06 01:11:39.169 21625 21625 V NearbyFragment: nextTransfer with selected algorithm: fastest
07-06 01:11:39.173 21625 21625 W NearbyFragment: Sending 20200312_150744!001.mp4 to Nexus 5 [1825]
07-06 01:11:39.189 21625 21625 V NearbyFragment: Transfer to Endpoint{id=w2Lc, name=Nexus 5 [1825]} complete
07-06 01:11:39.241 21625 21625 V NearbyFragment: Transfer to Endpoint{id=Qd2N, name=Nexus 5X [34d8]} complete
07-06 01:11:42.615 21625 21625 D NearbyFragment: onPayloadReceived(endpointId=Qd2N, payload=com.google.android.gms.nearby.connection.Payload@6f5f14)
07-06 01:11:42.617 21625 21625 D NearbyFragment: 20200312_150744!000.mp4 from Endpoint{id=Qd2N, name=Nexus 5X [34d8]} contained no activity
07-06 01:11:42.619 21625 21625 V NearbyFragment: Received a segment of 20200312_150744
07-06 01:11:42.621 21625 21625 V NearbyFragment: nextTransfer with selected algorithm: fastest
07-06 01:11:42.625 21625 21625 W NearbyFragment: Sending 20200312_150744!002.mp4 to Nexus 5X [34d8]
07-06 01:11:42.652 21625 21625 V NearbyFragment: Transfer to Endpoint{id=Qd2N, name=Nexus 5X [34d8]} complete
07-06 01:11:42.705 21625 21625 V NearbyFragment: Transfer to Endpoint{id=Qd2N, name=Nexus 5X [34d8]} complete
07-06 01:11:44.808 21625 21625 V NearbyFragment: Transfer to Endpoint{id=w2Lc, name=Nexus 5 [1825]} complete
07-06 01:11:45.123 21625 21625 D NearbyFragment: onPayloadReceived(endpointId=w2Lc, payload=com.google.android.gms.nearby.connection.Payload@c591103)
07-06 01:11:45.124 21625 21625 D NearbyFragment: Endpoint{id=w2Lc, name=Nexus 5 [1825]} has finished downloading 20200312_150744!001.mp4
07-06 01:11:45.125 21625 21625 V NearbyFragment: nextTransfer with selected algorithm: fastest
07-06 01:11:45.128 21625 21625 W NearbyFragment: Sending 20200312_150744!003.mp4 to Nexus 5X [9c8f]
07-06 01:11:45.144 21625 21625 V NearbyFragment: Transfer to Endpoint{id=jKhx, name=Nexus 5X [9c8f]} complete
07-06 01:11:45.178 21625 21625 V NearbyFragment: Transfer to Endpoint{id=w2Lc, name=Nexus 5 [1825]} complete
07-06 01:11:45.202 21625 21634 W System  : A resource failed to call close. 
07-06 01:11:45.208 21625 21634 I chatty  : uid=10568(com.example.edgesum) FinalizerDaemon identical 7 lines
07-06 01:11:45.208 21625 21634 W System  : A resource failed to call close. 
07-06 01:11:48.332 21625 21625 V NearbyFragment: Transfer to Endpoint{id=Qd2N, name=Nexus 5X [34d8]} complete
07-06 01:11:48.819 21625 21625 D NearbyFragment: onPayloadReceived(endpointId=Qd2N, payload=com.google.android.gms.nearby.connection.Payload@8f262fe)
07-06 01:11:48.821 21625 21625 D NearbyFragment: Endpoint{id=Qd2N, name=Nexus 5X [34d8]} has finished downloading 20200312_150744!002.mp4
07-06 01:11:48.823 21625 21625 I NearbyFragment: Transfer queue is empty
07-06 01:11:48.925 21625 21625 V NearbyFragment: Transfer to Endpoint{id=Qd2N, name=Nexus 5X [34d8]} complete
07-06 01:11:51.430 21625 21625 D NearbyFragment: onPayloadReceived(endpointId=w2Lc, payload=com.google.android.gms.nearby.connection.Payload@7d1ba5f)
07-06 01:11:51.434 21625 21625 D NearbyFragment: 20200312_150744!001.mp4 from Endpoint{id=w2Lc, name=Nexus 5 [1825]} contained no activity
07-06 01:11:51.436 21625 21625 V NearbyFragment: Received a segment of 20200312_150744
07-06 01:11:51.437 21625 21625 I NearbyFragment: Transfer queue is empty
07-06 01:11:51.454 21625 21625 V NearbyFragment: Transfer to Endpoint{id=w2Lc, name=Nexus 5 [1825]} complete
07-06 01:11:51.965 21625 21625 V NearbyFragment: Transfer to Endpoint{id=jKhx, name=Nexus 5X [9c8f]} complete
07-06 01:11:52.130 21625 21625 D NearbyFragment: onPayloadReceived(endpointId=jKhx, payload=com.google.android.gms.nearby.connection.Payload@f8f7cac)
07-06 01:11:52.132 21625 21625 D NearbyFragment: Endpoint{id=jKhx, name=Nexus 5X [9c8f]} has finished downloading 20200312_150744!003.mp4
07-06 01:11:52.134 21625 21625 I NearbyFragment: Transfer queue is empty
07-06 01:11:52.140 21625 21625 V NearbyFragment: Transfer to Endpoint{id=jKhx, name=Nexus 5X [9c8f]} complete
07-06 01:11:52.262 21625 21625 D NearbyFragment: onPayloadReceived(endpointId=Qd2N, payload=com.google.android.gms.nearby.connection.Payload@11cad75)
07-06 01:11:52.263 21625 21625 D NearbyFragment: 20200312_150744!002.mp4 from Endpoint{id=Qd2N, name=Nexus 5X [34d8]} contained no activity
07-06 01:11:52.263 21625 21625 V NearbyFragment: Received a segment of 20200312_150744
07-06 01:11:52.264 21625 21625 I NearbyFragment: Transfer queue is empty
07-06 01:11:52.279 21625 21625 V NearbyFragment: Transfer to Endpoint{id=Qd2N, name=Nexus 5X [34d8]} complete
07-06 01:12:01.153 21625 22256 V VideoManager: Retrieving video from /storage/emulated/0/Movies/raw/20200312_150844.mp4
07-06 01:12:01.191 21625 22256 D VideoManager: videoCursor is null
07-06 01:12:01.289 21625 22256 V VideoManager: videoFromCursor
07-06 01:12:01.298 21625 22256 W DashDownloadManager: Successfully downloaded 20200312_150844.mp4 in 28.509s
07-06 01:12:01.299 21625 22256 V DownloadTestVideosTask: Entering callback for download completion of 20200312_150844.mp4
07-06 01:12:01.300 21625 22256 V RawFootageEventHandler: onAdd
07-06 01:12:01.302 21625 22256 V FfmpegTools: Retrieving duration of /storage/emulated/0/Movies/raw/20200312_150844.mp4
07-06 01:12:01.313 21625 22296 W mobile-ffmpeg: [mov,mp4,m4a,3gp,3g2,mj2 @ 0x78d61f7000] Found duplicated MOOV Atom. Skipped it
07-06 01:12:01.399 21625 22296 I mobile-ffmpeg: Input #0, mov,mp4,m4a,3gp,3g2,mj2, from '/storage/emulated/0/Movies/raw/20200312_150844.mp4':
07-06 01:12:01.399 21625 22296 I mobile-ffmpeg:   Metadata:
07-06 01:12:01.399 21625 22296 I mobile-ffmpeg:     creation_time   : 
07-06 01:12:01.399 21625 22296 I mobile-ffmpeg: 2020-03-12T04:09:43.000000Z
07-06 01:12:01.399 21625 22296 I mobile-ffmpeg: 
07-06 01:12:01.399 21625 22296 I mobile-ffmpeg:     major_brand     : 
07-06 01:12:01.399 21625 22296 I mobile-ffmpeg: mp42
07-06 01:12:01.399 21625 22296 I mobile-ffmpeg: 
07-06 01:12:01.400 21625 22296 I mobile-ffmpeg:     minor_version   : 
07-06 01:12:01.400 21625 22296 I mobile-ffmpeg: 1
07-06 01:12:01.400 21625 22296 I mobile-ffmpeg: 
07-06 01:12:01.400 21625 22296 I mobile-ffmpeg:     compatible_brands: 
07-06 01:12:01.400 21625 22296 I mobile-ffmpeg: mp42mp42
07-06 01:12:01.400 21625 22296 I mobile-ffmpeg: 
07-06 01:12:01.400 21625 22296 I mobile-ffmpeg:   Duration: 
07-06 01:12:01.400 21625 22296 I mobile-ffmpeg: 00:01:00.02
07-06 01:12:01.400 21625 22296 I mobile-ffmpeg: , start: 
07-06 01:12:01.400 21625 22296 I mobile-ffmpeg: 0.000000
07-06 01:12:01.400 21625 22296 I mobile-ffmpeg: , bitrate: 
07-06 01:12:01.400 21625 22296 I mobile-ffmpeg: 9328 kb/s
07-06 01:12:01.400 21625 22296 I mobile-ffmpeg: 
07-06 01:12:01.400 21625 22296 I mobile-ffmpeg:     Stream #0:0
07-06 01:12:01.400 21625 22296 I mobile-ffmpeg: (eng)
07-06 01:12:01.401 21625 22296 I mobile-ffmpeg: : Video: h264 (avc1 / 0x31637661), yuvj420p(pc, bt709), 1280x720, 8383 kb/s
07-06 01:12:01.401 21625 22296 I mobile-ffmpeg: , 
07-06 01:12:01.401 21625 22296 I mobile-ffmpeg: 29.97 fps, 
07-06 01:12:01.401 21625 22296 I mobile-ffmpeg: 29.97 tbr, 
07-06 01:12:01.401 21625 22296 I mobile-ffmpeg: 1k tbn, 
07-06 01:12:01.401 21625 22296 I mobile-ffmpeg: 2k tbc
07-06 01:12:01.401 21625 22296 I mobile-ffmpeg:  (default)
07-06 01:12:01.401 21625 22296 I mobile-ffmpeg: 
07-06 01:12:01.401 21625 22296 I mobile-ffmpeg:     Metadata:
07-06 01:12:01.401 21625 22296 I mobile-ffmpeg:       creation_time   : 
07-06 01:12:01.401 21625 22296 I mobile-ffmpeg: 2020-03-12T04:09:43.000000Z
07-06 01:12:01.401 21625 22296 I mobile-ffmpeg: 
07-06 01:12:01.401 21625 22296 I mobile-ffmpeg:       handler_name    : 
07-06 01:12:01.401 21625 22296 I mobile-ffmpeg: PittaSoft Video Media Handler
07-06 01:12:01.401 21625 22296 I mobile-ffmpeg: 
07-06 01:12:01.401 21625 22296 I mobile-ffmpeg:     Stream #0:1
07-06 01:12:01.401 21625 22296 I mobile-ffmpeg: (eng)
07-06 01:12:01.402 21625 22296 I mobile-ffmpeg: : Audio: aac (mp4a / 0x6134706D), 16000 Hz, stereo, fltp, 47 kb/s
07-06 01:12:01.402 21625 22296 I mobile-ffmpeg:  (default)
07-06 01:12:01.402 21625 22296 I mobile-ffmpeg: 
07-06 01:12:01.402 21625 22296 I mobile-ffmpeg:     Metadata:
07-06 01:12:01.402 21625 22296 I mobile-ffmpeg:       creation_time   : 
07-06 01:12:01.402 21625 22296 I mobile-ffmpeg: 2020-03-12T04:09:43.000000Z
07-06 01:12:01.402 21625 22296 I mobile-ffmpeg: 
07-06 01:12:01.402 21625 22296 I mobile-ffmpeg:       handler_name    : 
07-06 01:12:01.402 21625 22296 I mobile-ffmpeg: PittaSoft Sound Media Handler
07-06 01:12:01.402 21625 22296 I mobile-ffmpeg: 
07-06 01:12:01.424 21625 22256 V FileManager: External storage is readable
07-06 01:12:01.426 21625 22256 V FileManager: Created new directory: /storage/emulated/0/Movies/segment/20200312_150844
07-06 01:12:01.426 21625 22256 V FfmpegTools: Splitting /storage/emulated/0/Movies/raw/20200312_150844.mp4 with 16s long segments
07-06 01:12:01.427 21625 22256 I FfmpegTools: Running ffmpeg with:
07-06 01:12:01.427 21625 22256 I FfmpegTools:   -y -i /storage/emulated/0/Movies/raw/20200312_150844.mp4 -map 0 -c copy -f segment -reset_timestamps 1 -segment_time 16 /storage/emulated/0/Movies/segment/20200312_150844/20200312_150844!%03d.mp4
07-06 01:12:01.437 21625 22296 W mobile-ffmpeg: [mov,mp4,m4a,3gp,3g2,mj2 @ 0x78d61f7000] Found duplicated MOOV Atom. Skipped it
07-06 01:12:01.503 21625 22296 I mobile-ffmpeg: Input #0, mov,mp4,m4a,3gp,3g2,mj2, from '/storage/emulated/0/Movies/raw/20200312_150844.mp4':
07-06 01:12:01.504 21625 22296 I mobile-ffmpeg:   Metadata:
07-06 01:12:01.504 21625 22296 I mobile-ffmpeg:     creation_time   : 
07-06 01:12:01.504 21625 22296 I mobile-ffmpeg: 2020-03-12T04:09:43.000000Z
07-06 01:12:01.504 21625 22296 I mobile-ffmpeg: 
07-06 01:12:01.504 21625 22296 I mobile-ffmpeg:     major_brand     : 
07-06 01:12:01.504 21625 22296 I mobile-ffmpeg: mp42
07-06 01:12:01.504 21625 22296 I mobile-ffmpeg: 
07-06 01:12:01.504 21625 22296 I mobile-ffmpeg:     minor_version   : 
07-06 01:12:01.504 21625 22296 I mobile-ffmpeg: 1
07-06 01:12:01.504 21625 22296 I mobile-ffmpeg: 
07-06 01:12:01.504 21625 22296 I mobile-ffmpeg:     compatible_brands: 
07-06 01:12:01.505 21625 22296 I mobile-ffmpeg: mp42mp42
07-06 01:12:01.505 21625 22296 I mobile-ffmpeg: 
07-06 01:12:01.505 21625 22296 I mobile-ffmpeg:   Duration: 
07-06 01:12:01.505 21625 22296 I mobile-ffmpeg: 00:01:00.02
07-06 01:12:01.505 21625 22296 I mobile-ffmpeg: , start: 
07-06 01:12:01.505 21625 22296 I mobile-ffmpeg: 0.000000
07-06 01:12:01.505 21625 22296 I mobile-ffmpeg: , bitrate: 
07-06 01:12:01.505 21625 22296 I mobile-ffmpeg: 9328 kb/s
07-06 01:12:01.505 21625 22296 I mobile-ffmpeg: 
07-06 01:12:01.505 21625 22296 I mobile-ffmpeg:     Stream #0:0
07-06 01:12:01.505 21625 22296 I mobile-ffmpeg: (eng)
07-06 01:12:01.505 21625 22296 I mobile-ffmpeg: : Video: h264 (avc1 / 0x31637661), yuvj420p(pc, bt709), 1280x720, 8383 kb/s
07-06 01:12:01.505 21625 22296 I mobile-ffmpeg: , 
07-06 01:12:01.505 21625 22296 I mobile-ffmpeg: 29.97 fps, 
07-06 01:12:01.506 21625 22296 I mobile-ffmpeg: 29.97 tbr, 
07-06 01:12:01.506 21625 22296 I mobile-ffmpeg: 1k tbn, 
07-06 01:12:01.506 21625 22296 I mobile-ffmpeg: 2k tbc
07-06 01:12:01.506 21625 22296 I mobile-ffmpeg:  (default)
07-06 01:12:01.506 21625 22296 I mobile-ffmpeg: 
07-06 01:12:01.506 21625 22296 I mobile-ffmpeg:     Metadata:
07-06 01:12:01.506 21625 22296 I mobile-ffmpeg:       creation_time   : 
07-06 01:12:01.506 21625 22296 I mobile-ffmpeg: 2020-03-12T04:09:43.000000Z
07-06 01:12:01.506 21625 22296 I mobile-ffmpeg: 
07-06 01:12:01.506 21625 22296 I mobile-ffmpeg:       handler_name    : 
07-06 01:12:01.506 21625 22296 I mobile-ffmpeg: PittaSoft Video Media Handler
07-06 01:12:01.506 21625 22296 I mobile-ffmpeg: 
07-06 01:12:01.506 21625 22296 I mobile-ffmpeg:     Stream #0:1
07-06 01:12:01.506 21625 22296 I mobile-ffmpeg: (eng)
07-06 01:12:01.506 21625 22296 I mobile-ffmpeg: : Audio: aac (mp4a / 0x6134706D), 16000 Hz, stereo, fltp, 47 kb/s
07-06 01:12:01.506 21625 22296 I mobile-ffmpeg:  (default)
07-06 01:12:01.506 21625 22296 I mobile-ffmpeg: 
07-06 01:12:01.507 21625 22296 I mobile-ffmpeg:     Metadata:
07-06 01:12:01.507 21625 22296 I mobile-ffmpeg:       creation_time   : 
07-06 01:12:01.507 21625 22296 I mobile-ffmpeg: 2020-03-12T04:09:43.000000Z
07-06 01:12:01.507 21625 22296 I mobile-ffmpeg: 
07-06 01:12:01.507 21625 22296 I mobile-ffmpeg:       handler_name    : 
07-06 01:12:01.507 21625 22296 I mobile-ffmpeg: PittaSoft Sound Media Handler
07-06 01:12:01.507 21625 22296 I mobile-ffmpeg: 
07-06 01:12:01.507 21625 22296 I mobile-ffmpeg: [segment @ 0x78d61f8200] Opening '/storage/emulated/0/Movies/segment/20200312_150844/20200312_150844!000.mp4' for writing
07-06 01:12:01.507 21625 22296 I mobile-ffmpeg: Output #0, segment, to '/storage/emulated/0/Movies/segment/20200312_150844/20200312_150844!%03d.mp4':
07-06 01:12:01.507 21625 22296 I mobile-ffmpeg:   Metadata:
07-06 01:12:01.507 21625 22296 I mobile-ffmpeg:     compatible_brands: 
07-06 01:12:01.507 21625 22296 I mobile-ffmpeg: mp42mp42
07-06 01:12:01.507 21625 22296 I mobile-ffmpeg: 
07-06 01:12:01.507 21625 22296 I mobile-ffmpeg:     major_brand     : 
07-06 01:12:01.507 21625 22296 I mobile-ffmpeg: mp42
07-06 01:12:01.507 21625 22296 I mobile-ffmpeg: 
07-06 01:12:01.507 21625 22296 I mobile-ffmpeg:     minor_version   : 
07-06 01:12:01.507 21625 22296 I mobile-ffmpeg: 1
07-06 01:12:01.508 21625 22296 I mobile-ffmpeg: 
07-06 01:12:01.508 21625 22296 I mobile-ffmpeg:     encoder         : 
07-06 01:12:01.508 21625 22296 I mobile-ffmpeg: Lavf58.42.100
07-06 01:12:01.508 21625 22296 I mobile-ffmpeg: 
07-06 01:12:01.508 21625 22296 I mobile-ffmpeg:     Stream #0:0
07-06 01:12:01.508 21625 22296 I mobile-ffmpeg: (eng)
07-06 01:12:01.508 21625 22296 I mobile-ffmpeg: : Video: h264 (avc1 / 0x31637661), yuvj420p(pc, bt709), 1280x720, q=2-31, 8383 kb/s
07-06 01:12:01.508 21625 22296 I mobile-ffmpeg: , 
07-06 01:12:01.508 21625 22296 I mobile-ffmpeg: 29.97 fps, 
07-06 01:12:01.508 21625 22296 I mobile-ffmpeg: 29.97 tbr, 
07-06 01:12:01.508 21625 22296 I mobile-ffmpeg: 16k tbn, 
07-06 01:12:01.508 21625 22296 I mobile-ffmpeg: 1k tbc
07-06 01:12:01.508 21625 22296 I mobile-ffmpeg:  (default)
07-06 01:12:01.508 21625 22296 I mobile-ffmpeg: 
07-06 01:12:01.508 21625 22296 I mobile-ffmpeg:     Metadata:
07-06 01:12:01.508 21625 22296 I mobile-ffmpeg:       creation_time   : 
07-06 01:12:01.509 21625 22296 I mobile-ffmpeg: 2020-03-12T04:09:43.000000Z
07-06 01:12:01.509 21625 22296 I mobile-ffmpeg: 
07-06 01:12:01.509 21625 22296 I mobile-ffmpeg:       handler_name    : 
07-06 01:12:01.509 21625 22296 I mobile-ffmpeg: PittaSoft Video Media Handler
07-06 01:12:01.509 21625 22296 I mobile-ffmpeg: 
07-06 01:12:01.509 21625 22296 I mobile-ffmpeg:     Stream #0:1
07-06 01:12:01.509 21625 22296 I mobile-ffmpeg: (eng)
07-06 01:12:01.509 21625 22296 I mobile-ffmpeg: : Audio: aac (mp4a / 0x6134706D), 16000 Hz, stereo, fltp, 47 kb/s
07-06 01:12:01.509 21625 22296 I mobile-ffmpeg:  (default)
07-06 01:12:01.509 21625 22296 I mobile-ffmpeg: 
07-06 01:12:01.509 21625 22296 I mobile-ffmpeg:     Metadata:
07-06 01:12:01.509 21625 22296 I mobile-ffmpeg:       creation_time   : 
07-06 01:12:01.509 21625 22296 I mobile-ffmpeg: 2020-03-12T04:09:43.000000Z
07-06 01:12:01.509 21625 22296 I mobile-ffmpeg: 
07-06 01:12:01.509 21625 22296 I mobile-ffmpeg:       handler_name    : 
07-06 01:12:01.509 21625 22296 I mobile-ffmpeg: PittaSoft Sound Media Handler
07-06 01:12:01.510 21625 22296 I mobile-ffmpeg: 
07-06 01:12:01.510 21625 22296 I mobile-ffmpeg: Stream mapping:
07-06 01:12:01.510 21625 22296 I mobile-ffmpeg:   Stream #0:0 -> #0:0
07-06 01:12:01.510 21625 22296 I mobile-ffmpeg:  (copy)
07-06 01:12:01.510 21625 22296 I mobile-ffmpeg: 
07-06 01:12:01.510 21625 22296 I mobile-ffmpeg:   Stream #0:1 -> #0:1
07-06 01:12:01.510 21625 22296 I mobile-ffmpeg:  (copy)
07-06 01:12:01.510 21625 22296 I mobile-ffmpeg: 
07-06 01:12:01.510 21625 22296 I mobile-ffmpeg: Press [q] to stop, [?] for help
07-06 01:12:01.510 21625 22296 I mobile-ffmpeg: frame=    1 fps=0.0 q=-1.0 size=N/A time=00:00:00.00 bitrate=N/A speed=  63x    
07-06 01:12:01.595 21625 22296 I mobile-ffmpeg: [segment @ 0x78d61f8200] Opening '/storage/emulated/0/Movies/segment/20200312_150844/20200312_150844!001.mp4' for writing
07-06 01:12:01.663 21625 22296 I mobile-ffmpeg: [segment @ 0x78d61f8200] Opening '/storage/emulated/0/Movies/segment/20200312_150844/20200312_150844!002.mp4' for writing
07-06 01:12:01.719 21625 22296 I mobile-ffmpeg: [segment @ 0x78d61f8200] Opening '/storage/emulated/0/Movies/segment/20200312_150844/20200312_150844!003.mp4' for writing
07-06 01:12:01.758 21625 22296 I mobile-ffmpeg: frame= 1800 fps=0.0 q=-1.0 Lsize=N/A time=00:01:00.01 bitrate=N/A speed= 238x    
07-06 01:12:01.758 21625 22296 I mobile-ffmpeg: video:61424kB audio:345kB subtitle:0kB other streams:0kB global headers:0kB muxing overhead: 
07-06 01:12:01.758 21625 22296 I mobile-ffmpeg: unknown
07-06 01:12:01.758 21625 22296 I mobile-ffmpeg: 
07-06 01:12:01.761 21625 22256 V FileManager: External storage is readable
07-06 01:12:01.761 21625 22256 V FileManager: Directory already exists: /storage/emulated/0/Movies/segment/20200312_150844
07-06 01:12:01.762 21625 22256 V VideoManager: Retrieving videos from /storage/emulated/0/Movies/segment/20200312_150844
07-06 01:12:01.762 21625 22256 V VideoManager: Retrieving video from /storage/emulated/0/Movies/segment/20200312_150844/20200312_150844!000.mp4
07-06 01:12:01.775 21625 22256 V VideoManager: videoFromCursor
07-06 01:12:01.779 21625 22256 V VideoManager: Retrieving video from /storage/emulated/0/Movies/segment/20200312_150844/20200312_150844!001.mp4
07-06 01:12:01.786 21625 22256 V VideoManager: videoFromCursor
07-06 01:12:01.789 21625 22256 V VideoManager: Retrieving video from /storage/emulated/0/Movies/segment/20200312_150844/20200312_150844!002.mp4
07-06 01:12:01.796 21625 22256 V VideoManager: videoFromCursor
07-06 01:12:01.799 21625 22256 V VideoManager: Retrieving video from /storage/emulated/0/Movies/segment/20200312_150844/20200312_150844!003.mp4
07-06 01:12:01.807 21625 22256 V VideoManager: videoFromCursor
07-06 01:12:01.812 21625 22256 V NearbyFragment: nextTransfer with selected algorithm: fastest
07-06 01:12:01.814 21625 22256 W NearbyFragment: Sending 20200312_150844!000.mp4 to Nexus 5X [34d8]
07-06 01:12:01.834 21625 21625 V NearbyFragment: Transfer to Endpoint{id=Qd2N, name=Nexus 5X [34d8]} complete
07-06 01:12:02.818 21625 22256 V DownloadTestVideosTask: Starting DownloadTestVideosTask
07-06 01:12:02.822 21625 22256 V DashDownloadManager: Started downloading: 20200312_150944.mp4
07-06 01:12:02.826 21625 22256 I System.out: (HTTPLog)-Static: isSBSettingEnabled false
07-06 01:12:02.826 21625 22256 I System.out: (HTTPLog)-Static: isSBSettingEnabled false
07-06 01:12:02.851 21625 22256 I System.out: (HTTPLog)-Thread-3349-169323505: getTransferStream : ContentLength=69990400, method=GET, HTTPVersion=http/1.1
07-06 01:12:05.718 21625 21625 D NearbyFragment: onPayloadReceived(endpointId=jKhx, payload=com.google.android.gms.nearby.connection.Payload@fddd3d6)
07-06 01:12:05.720 21625 21625 V NearbyFragment: Started downloading 20200312_150744!003.mp4 from Endpoint{id=jKhx, name=Nexus 5X [9c8f]}
07-06 01:12:05.723 21625 21625 V NearbyFragment: nextTransfer with selected algorithm: fastest
07-06 01:12:05.727 21625 21625 W NearbyFragment: Sending 20200312_150844!001.mp4 to Nexus 5 [1825]
07-06 01:12:05.735 21625 21625 V NearbyFragment: Transfer to Endpoint{id=jKhx, name=Nexus 5X [9c8f]} complete
07-06 01:12:05.765 21625 21625 V NearbyFragment: Transfer to Endpoint{id=w2Lc, name=Nexus 5 [1825]} complete
07-06 01:12:06.036 21625 21625 V NearbyFragment: Transfer to Endpoint{id=Qd2N, name=Nexus 5X [34d8]} complete
07-06 01:12:06.487 21625 21625 D NearbyFragment: onPayloadReceived(endpointId=jKhx, payload=com.google.android.gms.nearby.connection.Payload@5ea162d)
07-06 01:12:08.242 21625 21625 D NearbyFragment: onPayloadReceived(endpointId=Qd2N, payload=com.google.android.gms.nearby.connection.Payload@b3b5762)
07-06 01:12:08.246 21625 21625 D NearbyFragment: Endpoint{id=Qd2N, name=Nexus 5X [34d8]} has finished downloading 20200312_150844!000.mp4
07-06 01:12:08.250 21625 21625 V NearbyFragment: nextTransfer with selected algorithm: fastest
07-06 01:12:08.255 21625 21625 W NearbyFragment: Sending 20200312_150844!002.mp4 to Nexus 5X [9c8f]
07-06 01:12:08.281 21625 21625 V NearbyFragment: Transfer to Endpoint{id=jKhx, name=Nexus 5X [9c8f]} complete
07-06 01:12:08.340 21625 21625 V NearbyFragment: Transfer to Endpoint{id=Qd2N, name=Nexus 5X [34d8]} complete
07-06 01:12:09.736 21625 21625 V NearbyFragment: Transfer to Endpoint{id=jKhx, name=Nexus 5X [9c8f]} complete
07-06 01:12:09.739 21625 21625 W NearbyFragment: Completed downloading 20200312_150744!003.mp4 from Endpoint{id=jKhx, name=Nexus 5X [9c8f]} in 04.016s
07-06 01:12:09.749 21625 21625 V FileManager: External storage is readable
07-06 01:12:09.753 21625 21625 V FileManager: Created new directory: /storage/emulated/0/Movies/segment-sum/20200312_150744
07-06 01:12:09.816 21625 21625 D NearbyFragment: Received all summarised video segments of 20200312_150744
07-06 01:12:09.820 21625 21625 V FileManager: External storage is readable
07-06 01:12:09.821 21625 21625 V FileManager: Directory already exists: /storage/emulated/0/Movies/segment-sum/20200312_150744
07-06 01:12:09.822 21625 21625 D FfmpegTools: Merging /storage/emulated/0/Movies/summarised/20200312_150744.mp4
07-06 01:12:09.822 21625 21625 V FfmpegTools: Retrieving duration of /storage/emulated/0/Movies/segment-sum/20200312_150744/20200312_150744!003.mp4
07-06 01:12:09.854 21625 22296 I mobile-ffmpeg: Input #0, mov,mp4,m4a,3gp,3g2,mj2, from '/storage/emulated/0/Movies/segment-sum/20200312_150744/20200312_150744!003.mp4':
07-06 01:12:09.854 21625 22296 I mobile-ffmpeg:   Metadata:
07-06 01:12:09.854 21625 22296 I mobile-ffmpeg:     major_brand     : 
07-06 01:12:09.855 21625 22296 I mobile-ffmpeg: isom
07-06 01:12:09.855 21625 22296 I mobile-ffmpeg: 
07-06 01:12:09.855 21625 22296 I mobile-ffmpeg:     minor_version   : 
07-06 01:12:09.855 21625 22296 I mobile-ffmpeg: 512
07-06 01:12:09.855 21625 22296 I mobile-ffmpeg: 
07-06 01:12:09.855 21625 22296 I mobile-ffmpeg:     compatible_brands: 
07-06 01:12:09.856 21625 22296 I mobile-ffmpeg: isomiso2avc1mp41
07-06 01:12:09.856 21625 22296 I mobile-ffmpeg: 
07-06 01:12:09.856 21625 22296 I mobile-ffmpeg:     encoder         : 
07-06 01:12:09.856 21625 22296 I mobile-ffmpeg: Lavf58.42.100
07-06 01:12:09.856 21625 22296 I mobile-ffmpeg: 
07-06 01:12:09.858 21625 22296 I mobile-ffmpeg:   Duration: 
07-06 01:12:09.858 21625 22296 I mobile-ffmpeg: 00:00:04.89
07-06 01:12:09.858 21625 22296 I mobile-ffmpeg: , start: 
07-06 01:12:09.858 21625 22296 I mobile-ffmpeg: 0.000000
07-06 01:12:09.858 21625 22296 I mobile-ffmpeg: , bitrate: 
07-06 01:12:09.859 21625 22296 I mobile-ffmpeg: 1421 kb/s
07-06 01:12:09.859 21625 22296 I mobile-ffmpeg: 
07-06 01:12:09.859 21625 22296 I mobile-ffmpeg:     Stream #0:0
07-06 01:12:09.859 21625 22296 I mobile-ffmpeg: (und)
07-06 01:12:09.859 21625 22296 I mobile-ffmpeg: : Video: h264 (avc1 / 0x31637661), yuvj420p(pc), 1280x720, 1361 kb/s
07-06 01:12:09.859 21625 22296 I mobile-ffmpeg: , 
07-06 01:12:09.859 21625 22296 I mobile-ffmpeg: 29.97 fps, 
07-06 01:12:09.859 21625 22296 I mobile-ffmpeg: 29.97 tbr, 
07-06 01:12:09.860 21625 22296 I mobile-ffmpeg: 30k tbn, 
07-06 01:12:09.860 21625 22296 I mobile-ffmpeg: 59.94 tbc
07-06 01:12:09.860 21625 22296 I mobile-ffmpeg:  (default)
07-06 01:12:09.860 21625 22296 I mobile-ffmpeg: 
07-06 01:12:09.861 21625 22296 I mobile-ffmpeg:     Metadata:
07-06 01:12:09.861 21625 22296 I mobile-ffmpeg:       handler_name    : 
07-06 01:12:09.861 21625 22296 I mobile-ffmpeg: VideoHandler
07-06 01:12:09.862 21625 22296 I mobile-ffmpeg: 
07-06 01:12:09.862 21625 22296 I mobile-ffmpeg:     Stream #0:1
07-06 01:12:09.862 21625 22296 I mobile-ffmpeg: (und)
07-06 01:12:09.862 21625 22296 I mobile-ffmpeg: : Audio: aac (mp4a / 0x6134706D), 16000 Hz, stereo, fltp, 78 kb/s
07-06 01:12:09.862 21625 22296 I mobile-ffmpeg:  (default)
07-06 01:12:09.862 21625 22296 I mobile-ffmpeg: 
07-06 01:12:09.863 21625 22296 I mobile-ffmpeg:     Metadata:
07-06 01:12:09.863 21625 22296 I mobile-ffmpeg:       handler_name    : 
07-06 01:12:09.863 21625 22296 I mobile-ffmpeg: SoundHandler
07-06 01:12:09.863 21625 22296 I mobile-ffmpeg: 
07-06 01:12:09.868 21625 21625 W FfmpegTools: Single segment returned, duration of 20200312_150744: 4.89
07-06 01:12:09.962 21625 21625 V VideoManager: Retrieving video from /storage/emulated/0/Movies/summarised/20200312_150744.mp4
07-06 01:12:09.977 21625 21625 V VideoManager: videoFromCursor
07-06 01:12:09.980 21625 21625 V SummarisedVideosEventHandler: onAdd
07-06 01:12:09.980 21625 21625 V RawFootageEventHandler: removeByName
07-06 01:12:09.981 21625 21625 V ProcessingVideosEventHandler: removeByName
07-06 01:12:09.982 21625 21625 V NearbyFragment: Removing video segment map for 20200312_150744
07-06 01:12:10.813 21625 21625 V NearbyFragment: Transfer to Endpoint{id=w2Lc, name=Nexus 5 [1825]} complete
07-06 01:12:12.101 21625 21625 D NearbyFragment: onPayloadReceived(endpointId=w2Lc, payload=com.google.android.gms.nearby.connection.Payload@7107127)
07-06 01:12:12.103 21625 21625 D NearbyFragment: Endpoint{id=w2Lc, name=Nexus 5 [1825]} has finished downloading 20200312_150844!001.mp4
07-06 01:12:12.104 21625 21625 V NearbyFragment: nextTransfer with selected algorithm: fastest
07-06 01:12:12.110 21625 21625 W NearbyFragment: Sending 20200312_150844!003.mp4 to Nexus 5X [34d8]
07-06 01:12:12.140 21625 21625 V NearbyFragment: Transfer to Endpoint{id=Qd2N, name=Nexus 5X [34d8]} complete
07-06 01:12:12.142 21625 21625 V NearbyFragment: Transfer to Endpoint{id=w2Lc, name=Nexus 5 [1825]} complete
07-06 01:12:13.783 21625 21625 D NearbyFragment: onPayloadReceived(endpointId=Qd2N, payload=com.google.android.gms.nearby.connection.Payload@f88f8c3)
07-06 01:12:13.785 21625 21625 V NearbyFragment: Started downloading 20200312_150844!000.mp4 from Endpoint{id=Qd2N, name=Nexus 5X [34d8]}
07-06 01:12:13.786 21625 21625 I NearbyFragment: Transfer queue is empty
07-06 01:12:13.797 21625 21625 V NearbyFragment: Transfer to Endpoint{id=Qd2N, name=Nexus 5X [34d8]} complete
07-06 01:12:13.870 21625 21625 D NearbyFragment: onPayloadReceived(endpointId=Qd2N, payload=com.google.android.gms.nearby.connection.Payload@2ef8540)
07-06 01:12:15.596 21625 21625 V NearbyFragment: Transfer to Endpoint{id=jKhx, name=Nexus 5X [9c8f]} complete
07-06 01:12:16.196 21625 21625 D NearbyFragment: onPayloadReceived(endpointId=jKhx, payload=com.google.android.gms.nearby.connection.Payload@a156c79)
07-06 01:12:16.197 21625 21625 D NearbyFragment: Endpoint{id=jKhx, name=Nexus 5X [9c8f]} has finished downloading 20200312_150844!002.mp4
07-06 01:12:16.198 21625 21625 I NearbyFragment: Transfer queue is empty
07-06 01:12:16.229 21625 21625 V NearbyFragment: Transfer to Endpoint{id=jKhx, name=Nexus 5X [9c8f]} complete
07-06 01:12:17.749 21625 21625 V NearbyFragment: Transfer to Endpoint{id=Qd2N, name=Nexus 5X [34d8]} complete
07-06 01:12:19.232 21625 21625 D NearbyFragment: onPayloadReceived(endpointId=Qd2N, payload=com.google.android.gms.nearby.connection.Payload@c23dbe)
07-06 01:12:19.235 21625 21625 D NearbyFragment: Endpoint{id=Qd2N, name=Nexus 5X [34d8]} has finished downloading 20200312_150844!003.mp4
07-06 01:12:19.238 21625 21625 I NearbyFragment: Transfer queue is empty
07-06 01:12:19.243 21625 21625 V NearbyFragment: Transfer to Endpoint{id=Qd2N, name=Nexus 5X [34d8]} complete
07-06 01:12:19.499 21625 21625 D NearbyFragment: onPayloadReceived(endpointId=w2Lc, payload=com.google.android.gms.nearby.connection.Payload@785e1f)
07-06 01:12:19.501 21625 21625 V NearbyFragment: Started downloading 20200312_150844!001.mp4 from Endpoint{id=w2Lc, name=Nexus 5 [1825]}
07-06 01:12:19.502 21625 21625 I NearbyFragment: Transfer queue is empty
07-06 01:12:19.505 21625 21625 V NearbyFragment: Transfer to Endpoint{id=w2Lc, name=Nexus 5 [1825]} complete
07-06 01:12:19.568 21625 21625 D NearbyFragment: onPayloadReceived(endpointId=w2Lc, payload=com.google.android.gms.nearby.connection.Payload@ae7b56c)
07-06 01:12:20.314 21625 21625 D NearbyFragment: onPayloadReceived(endpointId=jKhx, payload=com.google.android.gms.nearby.connection.Payload@b775735)
07-06 01:12:20.316 21625 21625 V NearbyFragment: Started downloading 20200312_150844!002.mp4 from Endpoint{id=jKhx, name=Nexus 5X [9c8f]}
07-06 01:12:20.317 21625 21625 I NearbyFragment: Transfer queue is empty
07-06 01:12:20.319 21625 21625 V NearbyFragment: Transfer to Endpoint{id=jKhx, name=Nexus 5X [9c8f]} complete
07-06 01:12:21.042 21625 21625 D NearbyFragment: onPayloadReceived(endpointId=jKhx, payload=com.google.android.gms.nearby.connection.Payload@66077ca)
07-06 01:12:21.803 21625 21625 V NearbyFragment: Transfer to Endpoint{id=Qd2N, name=Nexus 5X [34d8]} complete
07-06 01:12:21.806 21625 21625 W NearbyFragment: Completed downloading 20200312_150844!000.mp4 from Endpoint{id=Qd2N, name=Nexus 5X [34d8]} in 08.019s
07-06 01:12:21.817 21625 21625 V FileManager: External storage is readable
07-06 01:12:21.821 21625 21625 V FileManager: Created new directory: /storage/emulated/0/Movies/segment-sum/20200312_150844
07-06 01:12:22.311 21625 21625 V NearbyFragment: Received a segment of 20200312_150844
07-06 01:12:23.783 21625 21625 D NearbyFragment: onPayloadReceived(endpointId=Qd2N, payload=com.google.android.gms.nearby.connection.Payload@bcebd3b)
07-06 01:12:23.785 21625 21625 V NearbyFragment: Started downloading 20200312_150844!003.mp4 from Endpoint{id=Qd2N, name=Nexus 5X [34d8]}
07-06 01:12:23.787 21625 21625 I NearbyFragment: Transfer queue is empty
07-06 01:12:23.793 21625 21625 V NearbyFragment: Transfer to Endpoint{id=Qd2N, name=Nexus 5X [34d8]} complete
07-06 01:12:23.891 21625 21625 D NearbyFragment: onPayloadReceived(endpointId=Qd2N, payload=com.google.android.gms.nearby.connection.Payload@b50bc58)
07-06 01:12:29.960 21625 21625 V NearbyFragment: Transfer to Endpoint{id=w2Lc, name=Nexus 5 [1825]} complete
07-06 01:12:29.960 21625 21625 W NearbyFragment: Completed downloading 20200312_150844!001.mp4 from Endpoint{id=w2Lc, name=Nexus 5 [1825]} in 10.459s
07-06 01:12:29.966 21625 21625 V FileManager: External storage is readable
07-06 01:12:29.966 21625 21625 V FileManager: Directory already exists: /storage/emulated/0/Movies/segment-sum/20200312_150844
07-06 01:12:30.498 21625 21625 V NearbyFragment: Received a segment of 20200312_150844
07-06 01:12:32.378 21625 21625 V NearbyFragment: Transfer to Endpoint{id=jKhx, name=Nexus 5X [9c8f]} complete
07-06 01:12:32.380 21625 21625 W NearbyFragment: Completed downloading 20200312_150844!002.mp4 from Endpoint{id=jKhx, name=Nexus 5X [9c8f]} in 12.062s
07-06 01:12:32.389 21625 21625 V FileManager: External storage is readable
07-06 01:12:32.390 21625 21625 V FileManager: Directory already exists: /storage/emulated/0/Movies/segment-sum/20200312_150844
07-06 01:12:32.829 21625 21625 V NearbyFragment: Received a segment of 20200312_150844
07-06 01:12:33.882 21625 21625 V NearbyFragment: Transfer to Endpoint{id=Qd2N, name=Nexus 5X [34d8]} complete
07-06 01:12:33.883 21625 21625 W NearbyFragment: Completed downloading 20200312_150844!003.mp4 from Endpoint{id=Qd2N, name=Nexus 5X [34d8]} in 10.096s
07-06 01:12:33.892 21625 21625 V FileManager: External storage is readable
07-06 01:12:33.893 21625 21625 V FileManager: Directory already exists: /storage/emulated/0/Movies/segment-sum/20200312_150844
07-06 01:12:34.298 21625 21625 D NearbyFragment: Received all summarised video segments of 20200312_150844
07-06 01:12:34.304 21625 21625 V FileManager: External storage is readable
07-06 01:12:34.304 21625 21625 V FileManager: Directory already exists: /storage/emulated/0/Movies/segment-sum/20200312_150844
07-06 01:12:34.305 21625 21625 D FfmpegTools: Merging /storage/emulated/0/Movies/summarised/20200312_150844.mp4
07-06 01:12:34.310 21625 21625 V FileManager: External storage is readable
07-06 01:12:34.310 21625 21625 V FileManager: Directory already exists: /storage/emulated/0/Movies/segment/20200312_150844
07-06 01:12:34.312 21625 21625 I FfmpegTools: Running ffmpeg with:
07-06 01:12:34.312 21625 21625 I FfmpegTools:   -y -f concat -safe 0 -i /storage/emulated/0/Movies/segment/20200312_150844/paths.txt -c copy /storage/emulated/0/Movies/summarised/20200312_150844.mp4
07-06 01:12:34.337 21625 22296 I mobile-ffmpeg: [mov,mp4,m4a,3gp,3g2,mj2 @ 0x78d1466000] Auto-inserting h264_mp4toannexb bitstream filter
07-06 01:12:34.357 21625 22296 I mobile-ffmpeg: Input #0, concat, from '/storage/emulated/0/Movies/segment/20200312_150844/paths.txt':
07-06 01:12:34.357 21625 22296 I mobile-ffmpeg:   Duration: 
07-06 01:12:34.357 21625 22296 I mobile-ffmpeg: N/A
07-06 01:12:34.357 21625 22296 I mobile-ffmpeg: , start: 
07-06 01:12:34.357 21625 22296 I mobile-ffmpeg: 0.000000
07-06 01:12:34.358 21625 22296 I mobile-ffmpeg: , bitrate: 
07-06 01:12:34.358 21625 22296 I mobile-ffmpeg: 8413 kb/s
07-06 01:12:34.358 21625 22296 I mobile-ffmpeg: 
07-06 01:12:34.358 21625 22296 I mobile-ffmpeg:     Stream #0:0
07-06 01:12:34.358 21625 22296 I mobile-ffmpeg: (eng)
07-06 01:12:34.359 21625 22296 I mobile-ffmpeg: : Video: h264 (avc1 / 0x31637661), yuvj420p(pc, bt709), 1280x720, 8366 kb/s
07-06 01:12:34.359 21625 22296 I mobile-ffmpeg: , 
07-06 01:12:34.359 21625 22296 I mobile-ffmpeg: 29.97 fps, 
07-06 01:12:34.359 21625 22296 I mobile-ffmpeg: 29.97 tbr, 
07-06 01:12:34.359 21625 22296 I mobile-ffmpeg: 16k tbn, 
07-06 01:12:34.359 21625 22296 I mobile-ffmpeg: 32k tbc
07-06 01:12:34.360 21625 22296 I mobile-ffmpeg: 
07-06 01:12:34.360 21625 22296 I mobile-ffmpeg:     Metadata:
07-06 01:12:34.360 21625 22296 I mobile-ffmpeg:       handler_name    : 
07-06 01:12:34.360 21625 22296 I mobile-ffmpeg: PittaSoft Video Media Handler
07-06 01:12:34.361 21625 22296 I mobile-ffmpeg: 
07-06 01:12:34.361 21625 22296 I mobile-ffmpeg:     Stream #0:1
07-06 01:12:34.361 21625 22296 I mobile-ffmpeg: (eng)
07-06 01:12:34.361 21625 22296 I mobile-ffmpeg: : Audio: aac (mp4a / 0x6134706D), 16000 Hz, stereo, fltp, 47 kb/s
07-06 01:12:34.361 21625 22296 I mobile-ffmpeg: 
07-06 01:12:34.362 21625 22296 I mobile-ffmpeg:     Metadata:
07-06 01:12:34.362 21625 22296 I mobile-ffmpeg:       handler_name    : 
07-06 01:12:34.362 21625 22296 I mobile-ffmpeg: PittaSoft Sound Media Handler
07-06 01:12:34.362 21625 22296 I mobile-ffmpeg: 
07-06 01:12:34.362 21625 22296 I mobile-ffmpeg: Output #0, mp4, to '/storage/emulated/0/Movies/summarised/20200312_150844.mp4':
07-06 01:12:34.362 21625 22296 I mobile-ffmpeg:   Metadata:
07-06 01:12:34.363 21625 22296 I mobile-ffmpeg:     encoder         : 
07-06 01:12:34.363 21625 22296 I mobile-ffmpeg: Lavf58.42.100
07-06 01:12:34.363 21625 22296 I mobile-ffmpeg: 
07-06 01:12:34.363 21625 22296 I mobile-ffmpeg:     Stream #0:0
07-06 01:12:34.363 21625 22296 I mobile-ffmpeg: (eng)
07-06 01:12:34.363 21625 22296 I mobile-ffmpeg: : Video: h264 (avc1 / 0x31637661), yuvj420p(pc, bt709), 1280x720, q=2-31, 8366 kb/s
07-06 01:12:34.363 21625 22296 I mobile-ffmpeg: , 
07-06 01:12:34.364 21625 22296 I mobile-ffmpeg: 29.97 fps, 
07-06 01:12:34.364 21625 22296 I mobile-ffmpeg: 29.97 tbr, 
07-06 01:12:34.364 21625 22296 I mobile-ffmpeg: 16k tbn, 
07-06 01:12:34.364 21625 22296 I mobile-ffmpeg: 16k tbc
07-06 01:12:34.365 21625 22296 I mobile-ffmpeg: 
07-06 01:12:34.365 21625 22296 I mobile-ffmpeg:     Metadata:
07-06 01:12:34.365 21625 22296 I mobile-ffmpeg:       handler_name    : 
07-06 01:12:34.365 21625 22296 I mobile-ffmpeg: PittaSoft Video Media Handler
07-06 01:12:34.365 21625 22296 I mobile-ffmpeg: 
07-06 01:12:34.365 21625 22296 I mobile-ffmpeg:     Stream #0:1
07-06 01:12:34.366 21625 22296 I mobile-ffmpeg: (eng)
07-06 01:12:34.366 21625 22296 I mobile-ffmpeg: : Audio: aac (mp4a / 0x6134706D), 16000 Hz, stereo, fltp, 47 kb/s
07-06 01:12:34.366 21625 22296 I mobile-ffmpeg: 
07-06 01:12:34.366 21625 22296 I mobile-ffmpeg:     Metadata:
07-06 01:12:34.366 21625 22296 I mobile-ffmpeg:       handler_name    : 
07-06 01:12:34.367 21625 22296 I mobile-ffmpeg: PittaSoft Sound Media Handler
07-06 01:12:34.367 21625 22296 I mobile-ffmpeg: 
07-06 01:12:34.367 21625 22296 I mobile-ffmpeg: Stream mapping:
07-06 01:12:34.367 21625 22296 I mobile-ffmpeg:   Stream #0:0 -> #0:0
07-06 01:12:34.368 21625 22296 I mobile-ffmpeg:  (copy)
07-06 01:12:34.368 21625 22296 I mobile-ffmpeg: 
07-06 01:12:34.368 21625 22296 I mobile-ffmpeg:   Stream #0:1 -> #0:1
07-06 01:12:34.368 21625 22296 I mobile-ffmpeg:  (copy)
07-06 01:12:34.368 21625 22296 I mobile-ffmpeg: 
07-06 01:12:34.368 21625 22296 I mobile-ffmpeg: Press [q] to stop, [?] for help
07-06 01:12:34.369 21625 22296 I mobile-ffmpeg: frame=    1 fps=0.0 q=-1.0 size=       0kB time=00:00:00.00 bitrate=6095.2kbits/s speed=N/A    
07-06 01:12:34.458 21625 22296 I mobile-ffmpeg: [mov,mp4,m4a,3gp,3g2,mj2 @ 0x78d1466000] Auto-inserting h264_mp4toannexb bitstream filter
07-06 01:12:34.562 21625 22296 I chatty  : uid=10568(com.example.edgesum) Thread-7 identical 1 line
07-06 01:12:34.651 21625 22296 I mobile-ffmpeg: [mov,mp4,m4a,3gp,3g2,mj2 @ 0x78d1466000] Auto-inserting h264_mp4toannexb bitstream filter
07-06 01:12:34.705 21625 21625 V FfmpegTools: Retrieving duration of /storage/emulated/0/Movies/summarised/20200312_150844.mp4
