--------- beginning of main
07-06 01:09:13.593 21625 21625 E Zygote  : isWhitelistProcess - Process is Whitelisted
07-06 01:09:13.596 21625 21625 E Zygote  : accessInfo : 1
07-06 01:09:13.610 21625 21625 I example.edgesu: Late-enabling -Xcheck:jni
--------- beginning of system
07-06 01:09:15.083 21625 21625 I ActivityThread: handleStopService: token=android.os.BinderProxy@2ba744a not found.
07-06 01:09:15.095 21625 21625 I TransferService: Starting Transfer Service to listen for network connectivity changes.
07-06 01:09:15.102 21625 21625 W LogFactory: Truncating log tag length as it exceed 23, the limit imposed by Android on certain API Levels
07-06 01:09:15.192 21625 21625 I TransferService: Registering the network receiver
07-06 01:09:15.194 21625 21625 I TransferService: Moving the service out of the Foreground state.
07-06 01:09:15.194 21625 21625 I TransferService: De-registering the network receiver.
07-06 01:09:15.196 21625 21625 W ActivityThread: handleWindowVisibility: no activity for token android.os.BinderProxy@5e6eb33
07-06 01:09:15.205 21625 21643 D vndksupport: Loading /vendor/lib64/egl/libGLES_mali.so from current namespace instead of sphal namespace.
07-06 01:09:15.227 21625 21643 D libEGL  : loaded /vendor/lib64/egl/libGLES_mali.so
07-06 01:09:15.264 21625 21625 W example.edgesu: Accessing hidden method Landroid/graphics/drawable/Drawable;->getOpticalInsets()Landroid/graphics/Insets; (light greylist, linking)
07-06 01:09:15.264 21625 21625 W example.edgesu: Accessing hidden field Landroid/graphics/Insets;->left:I (light greylist, linking)
07-06 01:09:15.264 21625 21625 W example.edgesu: Accessing hidden field Landroid/graphics/Insets;->right:I (light greylist, linking)
07-06 01:09:15.264 21625 21625 W example.edgesu: Accessing hidden field Landroid/graphics/Insets;->top:I (light greylist, linking)
07-06 01:09:15.264 21625 21625 W example.edgesu: Accessing hidden field Landroid/graphics/Insets;->bottom:I (light greylist, linking)
07-06 01:09:15.282 21625 21625 I DecorView: createDecorCaptionView >> DecorView@d5170b4[], isFloating: false, isApplication: true, hasWindowDecorCaption: false, hasWindowControllerCallback: true
07-06 01:09:15.311 21625 21625 W example.edgesu: Accessing hidden method Landroid/view/View;->computeFitSystemWindows(Landroid/graphics/Rect;Landroid/graphics/Rect;)Z (light greylist, reflection)
07-06 01:09:15.312 21625 21625 W example.edgesu: Accessing hidden method Landroid/view/ViewGroup;->makeOptionalFitsSystemWindows()V (light greylist, reflection)
07-06 01:09:15.414 21625 21625 W example.edgesu: Accessing hidden method Landroid/widget/TextView;->getTextDirectionHeuristic()Landroid/text/TextDirectionHeuristic; (light greylist, linking)
07-06 01:09:15.423 21625 21625 W example.edgesu: Accessing hidden field Landroid/view/View;->mAccessibilityDelegate:Landroid/view/View$AccessibilityDelegate; (light greylist, reflection)
07-06 01:09:15.487 21625 21625 V Repo    : /storage/emulated/0/Movies/raw
07-06 01:09:15.487 21625 21625 V Repo    : /storage/emulated/0/Movies/summarised
07-06 01:09:15.510 21625 21625 V FileManager: External storage is readable
07-06 01:09:15.511 21625 21625 V FileManager: Created new directory: /storage/emulated/0/Movies/raw
07-06 01:09:15.513 21625 21625 V FileManager: External storage is readable
07-06 01:09:15.513 21625 21625 V FileManager: Created new directory: /storage/emulated/0/Movies/summarised
07-06 01:09:15.514 21625 21625 V FileManager: External storage is readable
07-06 01:09:15.516 21625 21625 V FileManager: Created new directory: /storage/emulated/0/Download/nearby
07-06 01:09:15.519 21625 21625 V FileManager: External storage is readable
07-06 01:09:15.520 21625 21625 V FileManager: Created new directory: /storage/emulated/0/Movies/segment
07-06 01:09:15.521 21625 21625 V FileManager: External storage is readable
07-06 01:09:15.522 21625 21625 V FileManager: Created new directory: /storage/emulated/0/Movies/segment-sum
07-06 01:09:15.655 21625 21625 V VideoManager: getAllVideoFromExternalStorageFolder
07-06 01:09:15.657 21625 21625 D VideoManager: /storage/emulated/0/Movies/summarised
07-06 01:09:15.671 21625 21625 D VideoManager: 0 videos return
07-06 01:09:15.700 21625 21625 V VideoManager: getAllVideoFromExternalStorageFolder
07-06 01:09:15.702 21625 21625 D VideoManager: /storage/emulated/0/Movies/raw
07-06 01:09:15.707 21625 21625 D VideoManager: 0 videos return
07-06 01:09:15.730 21625 21625 D OpenGLRenderer: Skia GL Pipeline
07-06 01:09:15.733 21625 21625 D EmergencyMode: [EmergencyManager] android createPackageContext successful
07-06 01:09:15.747 21625 21625 D InputTransport: Input channel constructed: fd=64
07-06 01:09:15.748 21625 21625 D ViewRootImpl@2a1ed2b[MainActivity]: setView = DecorView@d5170b4[MainActivity] TM=true MM=false
07-06 01:09:15.752 21625 21625 I TransferService: Starting Transfer Service to listen for network connectivity changes.
07-06 01:09:15.753 21625 21625 I TransferService: Registering the network receiver
07-06 01:09:15.754 21625 21625 E TransferService: No notification is passed in the intent. Unable to transition to foreground.
07-06 01:09:15.788 21625 21625 D ViewRootImpl@2a1ed2b[MainActivity]: dispatchAttachedToWindow
07-06 01:09:15.794 21625 21638 D MainActivity: Scanned /storage/emulated/0/Movies/summarised
07-06 01:09:15.794 21625 21638 D MainActivity:   -> uri=content://media/external/file/138420
07-06 01:09:15.803 21625 21625 W StaticLayout: maxLineHeight should not be -1.  maxLines:1 lineCount:1
07-06 01:09:15.813 21625 21625 W StaticLayout: maxLineHeight should not be -1.  maxLines:1 lineCount:1
07-06 01:09:15.816 21625 21638 D MainActivity: Scanned /storage/emulated/0/Movies/raw
07-06 01:09:15.816 21625 21638 D MainActivity:   -> uri=content://media/external/file/138419
07-06 01:09:15.818 21625 21625 W StaticLayout: maxLineHeight should not be -1.  maxLines:1 lineCount:1
07-06 01:09:15.822 21625 21625 W StaticLayout: maxLineHeight should not be -1.  maxLines:1 lineCount:1
07-06 01:09:15.832 21625 21625 D ViewRootImpl@2a1ed2b[MainActivity]: Relayout returned: old=[0,0][720,1480] new=[0,0][720,1480] result=0x7 surface={valid=true 519406931968} changed=true
07-06 01:09:15.840 21625 21625 W StaticLayout: maxLineHeight should not be -1.  maxLines:1 lineCount:1
07-06 01:09:15.841 21625 21647 I ConfigStore: android::hardware::configstore::V1_0::ISurfaceFlingerConfigs::hasWideColorDisplay retrieved: 0
07-06 01:09:15.841 21625 21647 I ConfigStore: android::hardware::configstore::V1_0::ISurfaceFlingerConfigs::hasHDRDisplay retrieved: 0
07-06 01:09:15.841 21625 21647 I OpenGLRenderer: Initialized EGL, version 1.4
07-06 01:09:15.841 21625 21647 D OpenGLRenderer: Swap behavior 2
07-06 01:09:15.845 21625 21625 W StaticLayout: maxLineHeight should not be -1.  maxLines:1 lineCount:1
07-06 01:09:15.850 21625 21647 D mali_winsys: EGLint new_window_surface(egl_winsys_display *, void *, EGLSurface, EGLConfig, egl_winsys_surface **, EGLBoolean) returns 0x3000
07-06 01:09:15.850 21625 21647 D OpenGLRenderer: eglCreateWindowSurface = 0x78e85c6980, 0x78ef10d010
07-06 01:09:15.854 21625 21625 I TransferNetworkLossHand: Network connectivity changed detected.
07-06 01:09:15.855 21625 21625 I TransferNetworkLossHand: Network connected: true
07-06 01:09:15.857 21625 21661 D TransferNetworkLossHand: Loading transfers from database...
07-06 01:09:15.859 21625 21661 D TransferNetworkLossHand: Closing the cursor for resumeAllTransfers
07-06 01:09:15.859 21625 21661 D TransferNetworkLossHand: 0 transfers are loaded from database.
07-06 01:09:15.930 21625 21647 D vndksupport: Loading /vendor/lib64/hw/android.hardware.graphics.mapper@2.0-impl.so from current namespace instead of sphal namespace.
07-06 01:09:15.950 21625 21625 D ViewRootImpl@2a1ed2b[MainActivity]: MSG_RESIZED: frame=Rect(0, 0 - 720, 1480) ci=Rect(0, 48 - 0, 96) vi=Rect(0, 48 - 0, 96) or=1
07-06 01:09:15.952 21625 21625 D ViewRootImpl@2a1ed2b[MainActivity]: setWindowStopped(false) old=false
07-06 01:09:15.957 21625 21625 D ViewRootImpl@2a1ed2b[MainActivity]: MSG_WINDOW_FOCUS_CHANGED 1 1
07-06 01:09:15.958 21625 21625 D InputMethodManager: prepareNavigationBarInfo() DecorView@d5170b4[MainActivity]
07-06 01:09:15.958 21625 21625 D InputMethodManager: getNavigationBarColor() -855310
07-06 01:09:15.963 21625 21625 D InputMethodManager: prepareNavigationBarInfo() DecorView@d5170b4[MainActivity]
07-06 01:09:15.963 21625 21625 D InputMethodManager: getNavigationBarColor() -855310
07-06 01:09:15.963 21625 21625 V InputMethodManager: Starting input: tba=com.example.edgesum ic=null mNaviBarColor -855310 mIsGetNaviBarColorSuccess true , NavVisible : true , NavTrans : false
07-06 01:09:15.963 21625 21625 D InputMethodManager: startInputInner - Id : 0
07-06 01:09:15.963 21625 21625 I InputMethodManager: startInputInner - mService.startInputOrWindowGainedFocus
07-06 01:09:15.967 21625 21638 D InputTransport: Input channel constructed: fd=74
07-06 01:09:15.999 21625 21625 D InputMethodManager: prepareNavigationBarInfo() DecorView@d5170b4[MainActivity]
07-06 01:09:15.999 21625 21625 D InputMethodManager: getNavigationBarColor() -855310
07-06 01:09:15.999 21625 21625 V InputMethodManager: Starting input: tba=com.example.edgesum ic=null mNaviBarColor -855310 mIsGetNaviBarColorSuccess true , NavVisible : true , NavTrans : false
07-06 01:09:15.999 21625 21625 D InputMethodManager: startInputInner - Id : 0
07-06 01:09:24.151 21625 21625 D ViewRootImpl@2a1ed2b[MainActivity]: ViewPostIme pointer 0
07-06 01:09:24.234 21625 21625 D ViewRootImpl@2a1ed2b[MainActivity]: ViewPostIme pointer 1
07-06 01:09:24.248 21625 21625 V MainActivity: Connect button clicked
07-06 01:09:28.342 21625 21625 D ViewRootImpl@2a1ed2b[MainActivity]: ViewPostIme pointer 0
07-06 01:09:28.416 21625 21625 D ViewRootImpl@2a1ed2b[MainActivity]: ViewPostIme pointer 1
07-06 01:09:28.425 21625 21625 V ConnectionFragment: Advertisement switch checked
07-06 01:09:30.001 21625 21625 D NearbyFragment: Started advertising
07-06 01:09:43.158 21625 21625 D NearbyFragment: Initiated connection with Qd2N: Nexus 5X [34d8]
07-06 01:09:43.176 21625 21625 D Dialog  : mIsSamsungBasicInteraction = false
07-06 01:09:43.176 21625 21625 D Dialog  : mIsSamsungBasicInteraction = false, isMetaDataInActivity = false
07-06 01:09:43.214 21625 21625 I DecorView: createDecorCaptionView >> DecorView@ce1b69b[], isFloating: true, isApplication: true, hasWindowDecorCaption: false, hasWindowControllerCallback: false
07-06 01:09:43.287 21625 21625 D ScrollView: initGoToTop
07-06 01:09:43.334 21625 21625 D InputTransport: Input channel constructed: fd=76
07-06 01:09:43.336 21625 21625 D ViewRootImpl@2615667[MainActivity]: setView = DecorView@ce1b69b[MainActivity] TM=true MM=false
07-06 01:09:43.350 21625 21625 W example.edgesu: Accessing hidden method Landroid/graphics/FontFamily;-><init>()V (light greylist, reflection)
07-06 01:09:43.350 21625 21625 W example.edgesu: Accessing hidden method Landroid/graphics/FontFamily;->addFontFromAssetManager(Landroid/content/res/AssetManager;Ljava/lang/String;IZIII[Landroid/graphics/fonts/FontVariationAxis;)Z (light greylist, reflection)
07-06 01:09:43.350 21625 21625 W example.edgesu: Accessing hidden method Landroid/graphics/FontFamily;->addFontFromBuffer(Ljava/nio/ByteBuffer;I[Landroid/graphics/fonts/FontVariationAxis;II)Z (light greylist, reflection)
07-06 01:09:43.350 21625 21625 W example.edgesu: Accessing hidden method Landroid/graphics/FontFamily;->freeze()Z (light greylist, reflection)
07-06 01:09:43.350 21625 21625 W example.edgesu: Accessing hidden method Landroid/graphics/FontFamily;->abortCreation()V (light greylist, reflection)
07-06 01:09:43.350 21625 21625 W example.edgesu: Accessing hidden method Landroid/graphics/Typeface;->createFromFamiliesWithDefault([Landroid/graphics/FontFamily;Ljava/lang/String;II)Landroid/graphics/Typeface; (light greylist, reflection)
07-06 01:09:43.407 21625 21625 D ViewRootImpl@2615667[MainActivity]: dispatchAttachedToWindow
07-06 01:09:43.469 21625 21625 D ViewRootImpl@2615667[MainActivity]: Relayout returned: old=[0,48][720,1384] new=[18,508][702,923] result=0x7 surface={valid=true 518994206720} changed=true
07-06 01:09:43.473 21625 21647 D mali_winsys: EGLint new_window_surface(egl_winsys_display *, void *, EGLSurface, EGLConfig, egl_winsys_surface **, EGLBoolean) returns 0x3000
07-06 01:09:43.473 21625 21647 D OpenGLRenderer: eglCreateWindowSurface = 0x78d6184380, 0x78d6772010
07-06 01:09:43.489 21625 21625 D ScrollView:  onsize change changed 
07-06 01:09:43.503 21625 21625 D ViewRootImpl@2615667[MainActivity]: MSG_WINDOW_FOCUS_CHANGED 1 1
07-06 01:09:43.544 21625 21625 D ViewRootImpl@2615667[MainActivity]: MSG_RESIZED: frame=Rect(18, 508 - 702, 923) ci=Rect(0, 0 - 0, 0) vi=Rect(0, 0 - 0, 0) or=1
07-06 01:09:43.575 21625 21625 D ViewRootImpl@2a1ed2b[MainActivity]: MSG_WINDOW_FOCUS_CHANGED 0 1
07-06 01:09:43.575 21625 21625 D InputMethodManager: prepareNavigationBarInfo() DecorView@d5170b4[MainActivity]
07-06 01:09:43.575 21625 21625 D InputMethodManager: getNavigationBarColor() -855310
07-06 01:09:44.371 21625 21625 D ViewRootImpl@2615667[MainActivity]: ViewPostIme pointer 0
07-06 01:09:44.404 21625 21625 D ViewRootImpl@2615667[MainActivity]: ViewPostIme pointer 1
07-06 01:09:44.435 21625 21647 W libEGL  : EGLNativeWindowType 0x78d6772010 disconnect failed
07-06 01:09:44.435 21625 21647 D OpenGLRenderer: eglDestroySurface = 0x78d6184380, 0x78d6772000
07-06 01:09:44.435 21625 21647 D OpenGLRenderer: endAllActiveAnimators on 0x78d619d900 (RippleDrawable) with handle 0x78d63822e0
07-06 01:09:44.436 21625 21625 D ViewRootImpl@2615667[MainActivity]: dispatchDetachedFromWindow
07-06 01:09:44.439 21625 21625 D ViewRootImpl@2615667[MainActivity]: Surface release. android.view.ViewRootImpl.doDie:7979 android.view.ViewRootImpl.die:7947 android.view.WindowManagerGlobal.removeViewLocked:497 android.view.WindowManagerGlobal.removeView:435 android.view.WindowManagerImpl.removeViewImmediate:124 android.app.Dialog.dismissDialog:518 android.app.Dialog.dismiss:501 androidx.appcompat.app.AlertController$ButtonHandler.handleMessage:171 
07-06 01:09:44.450 21625 21625 D InputTransport: Input channel destroyed: fd=76
07-06 01:09:44.455 21625 21625 D ViewRootImpl@2a1ed2b[MainActivity]: MSG_WINDOW_FOCUS_CHANGED 1 1
07-06 01:09:44.457 21625 21625 D InputMethodManager: prepareNavigationBarInfo() DecorView@d5170b4[MainActivity]
07-06 01:09:44.457 21625 21625 D InputMethodManager: getNavigationBarColor() -855310
07-06 01:09:44.467 21625 21625 E ViewRootImpl: sendUserActionEvent() returned.
07-06 01:09:44.894 21625 21625 I NearbyFragment: Connected to Endpoint{id=Qd2N, name=Nexus 5X [34d8]}
07-06 01:09:59.307 21625 21625 D NearbyFragment: Initiated connection with w2Lc: Nexus 5 [1825]
07-06 01:09:59.313 21625 21625 D Dialog  : mIsSamsungBasicInteraction = false
07-06 01:09:59.313 21625 21625 D Dialog  : mIsSamsungBasicInteraction = false, isMetaDataInActivity = false
07-06 01:09:59.326 21625 21625 I DecorView: createDecorCaptionView >> DecorView@ba42c4b[], isFloating: true, isApplication: true, hasWindowDecorCaption: false, hasWindowControllerCallback: false
07-06 01:09:59.390 21625 21625 D ScrollView: initGoToTop
07-06 01:09:59.444 21625 21625 D InputTransport: Input channel constructed: fd=76
07-06 01:09:59.447 21625 21625 D ViewRootImpl@25752be[MainActivity]: setView = DecorView@ba42c4b[MainActivity] TM=true MM=false
07-06 01:09:59.504 21625 21625 D ViewRootImpl@25752be[MainActivity]: dispatchAttachedToWindow
07-06 01:09:59.531 21625 21630 I example.edgesu: Compiler allocated 4MB to compile void android.widget.TextView.<init>(android.content.Context, android.util.AttributeSet, int, int)
07-06 01:09:59.564 21625 21625 D ViewRootImpl@25752be[MainActivity]: Relayout returned: old=[0,48][720,1384] new=[18,508][702,923] result=0x7 surface={valid=true 518990270464} changed=true
07-06 01:09:59.572 21625 21647 D mali_winsys: EGLint new_window_surface(egl_winsys_display *, void *, EGLSurface, EGLConfig, egl_winsys_surface **, EGLBoolean) returns 0x3000
07-06 01:09:59.572 21625 21647 D OpenGLRenderer: eglCreateWindowSurface = 0x78d5f9b800, 0x78d63b1010
07-06 01:09:59.586 21625 21625 D ScrollView:  onsize change changed 
07-06 01:09:59.599 21625 21625 D ViewRootImpl@25752be[MainActivity]: MSG_WINDOW_FOCUS_CHANGED 1 1
07-06 01:09:59.635 21625 21625 D ViewRootImpl@25752be[MainActivity]: MSG_RESIZED: frame=Rect(18, 508 - 702, 923) ci=Rect(0, 0 - 0, 0) vi=Rect(0, 0 - 0, 0) or=1
07-06 01:09:59.702 21625 21625 D ViewRootImpl@2a1ed2b[MainActivity]: MSG_WINDOW_FOCUS_CHANGED 0 1
07-06 01:09:59.702 21625 21625 D InputMethodManager: prepareNavigationBarInfo() DecorView@d5170b4[MainActivity]
07-06 01:09:59.702 21625 21625 D InputMethodManager: getNavigationBarColor() -855310
07-06 01:10:01.864 21625 21625 D ViewRootImpl@25752be[MainActivity]: ViewPostIme pointer 0
07-06 01:10:01.955 21625 21625 D ViewRootImpl@25752be[MainActivity]: ViewPostIme pointer 1
07-06 01:10:01.978 21625 21647 W libEGL  : EGLNativeWindowType 0x78d63b1010 disconnect failed
07-06 01:10:01.978 21625 21647 D OpenGLRenderer: eglDestroySurface = 0x78d5f9b800, 0x78d63b1000
07-06 01:10:01.978 21625 21647 D OpenGLRenderer: endAllActiveAnimators on 0x78d14cc000 (RippleDrawable) with handle 0x78d6382460
07-06 01:10:01.979 21625 21625 D ViewRootImpl@25752be[MainActivity]: dispatchDetachedFromWindow
07-06 01:10:01.979 21625 21625 D ViewRootImpl@25752be[MainActivity]: Surface release. android.view.ViewRootImpl.doDie:7979 android.view.ViewRootImpl.die:7947 android.view.WindowManagerGlobal.removeViewLocked:497 android.view.WindowManagerGlobal.removeView:435 android.view.WindowManagerImpl.removeViewImmediate:124 android.app.Dialog.dismissDialog:518 android.app.Dialog.dismiss:501 androidx.appcompat.app.AlertController$ButtonHandler.handleMessage:171 
07-06 01:10:01.993 21625 21625 D InputTransport: Input channel destroyed: fd=76
07-06 01:10:01.996 21625 21625 I NearbyFragment: Connected to Endpoint{id=w2Lc, name=Nexus 5 [1825]}
07-06 01:10:02.072 21625 21625 E ViewRootImpl: sendUserActionEvent() returned.
07-06 01:10:02.072 21625 21625 D ViewRootImpl@2a1ed2b[MainActivity]: MSG_WINDOW_FOCUS_CHANGED 1 1
07-06 01:10:02.076 21625 21625 D InputMethodManager: prepareNavigationBarInfo() DecorView@d5170b4[MainActivity]
07-06 01:10:02.077 21625 21625 D InputMethodManager: getNavigationBarColor() -855310
07-06 01:10:08.063 21625 21625 D NearbyFragment: Initiated connection with jKhx: Nexus 5X [9c8f]
07-06 01:10:08.069 21625 21625 D Dialog  : mIsSamsungBasicInteraction = false
07-06 01:10:08.070 21625 21625 D Dialog  : mIsSamsungBasicInteraction = false, isMetaDataInActivity = false
07-06 01:10:08.086 21625 21625 I DecorView: createDecorCaptionView >> DecorView@e03fae8[], isFloating: true, isApplication: true, hasWindowDecorCaption: false, hasWindowControllerCallback: false
07-06 01:10:08.144 21625 21625 D ScrollView: initGoToTop
07-06 01:10:08.207 21625 21625 D InputTransport: Input channel constructed: fd=76
07-06 01:10:08.210 21625 21625 D ViewRootImpl@301b2df[MainActivity]: setView = DecorView@e03fae8[MainActivity] TM=true MM=false
07-06 01:10:08.264 21625 21625 D ViewRootImpl@301b2df[MainActivity]: dispatchAttachedToWindow
07-06 01:10:08.330 21625 21625 D ViewRootImpl@301b2df[MainActivity]: Relayout returned: old=[0,48][720,1384] new=[18,508][702,923] result=0x7 surface={valid=true 518907764736} changed=true
07-06 01:10:08.337 21625 21647 D mali_winsys: EGLint new_window_surface(egl_winsys_display *, void *, EGLSurface, EGLConfig, egl_winsys_surface **, EGLBoolean) returns 0x3000
07-06 01:10:08.337 21625 21647 D OpenGLRenderer: eglCreateWindowSurface = 0x78d144d500, 0x78d1502010
07-06 01:10:08.359 21625 21625 D ScrollView:  onsize change changed 
07-06 01:10:08.379 21625 21625 D ViewRootImpl@301b2df[MainActivity]: MSG_WINDOW_FOCUS_CHANGED 1 1
07-06 01:10:08.422 21625 21625 D ViewRootImpl@301b2df[MainActivity]: MSG_RESIZED: frame=Rect(18, 508 - 702, 923) ci=Rect(0, 0 - 0, 0) vi=Rect(0, 0 - 0, 0) or=1
07-06 01:10:08.494 21625 21625 D ViewRootImpl@2a1ed2b[MainActivity]: MSG_WINDOW_FOCUS_CHANGED 0 1
07-06 01:10:08.495 21625 21625 D InputMethodManager: prepareNavigationBarInfo() DecorView@d5170b4[MainActivity]
07-06 01:10:08.495 21625 21625 D InputMethodManager: getNavigationBarColor() -855310
07-06 01:10:09.553 21625 21625 D ViewRootImpl@301b2df[MainActivity]: ViewPostIme pointer 0
07-06 01:10:09.652 21625 21625 D ViewRootImpl@301b2df[MainActivity]: ViewPostIme pointer 1
07-06 01:10:09.675 21625 21647 W libEGL  : EGLNativeWindowType 0x78d1502010 disconnect failed
07-06 01:10:09.675 21625 21647 D OpenGLRenderer: eglDestroySurface = 0x78d144d500, 0x78d1502000
07-06 01:10:09.675 21625 21647 D OpenGLRenderer: endAllActiveAnimators on 0x78d152f100 (RippleDrawable) with handle 0x78d148c920
07-06 01:10:09.676 21625 21625 D ViewRootImpl@301b2df[MainActivity]: dispatchDetachedFromWindow
07-06 01:10:09.677 21625 21625 D ViewRootImpl@301b2df[MainActivity]: Surface release. android.view.ViewRootImpl.doDie:7979 android.view.ViewRootImpl.die:7947 android.view.WindowManagerGlobal.removeViewLocked:497 android.view.WindowManagerGlobal.removeView:435 android.view.WindowManagerImpl.removeViewImmediate:124 android.app.Dialog.dismissDialog:518 android.app.Dialog.dismiss:501 androidx.appcompat.app.AlertController$ButtonHandler.handleMessage:171 
07-06 01:10:09.691 21625 21625 D InputTransport: Input channel destroyed: fd=76
07-06 01:10:09.694 21625 21625 I NearbyFragment: Connected to Endpoint{id=jKhx, name=Nexus 5X [9c8f]}
07-06 01:10:09.779 21625 21625 E ViewRootImpl: sendUserActionEvent() returned.
07-06 01:10:09.779 21625 21625 D ViewRootImpl@2a1ed2b[MainActivity]: MSG_WINDOW_FOCUS_CHANGED 1 1
07-06 01:10:09.780 21625 21625 D InputMethodManager: prepareNavigationBarInfo() DecorView@d5170b4[MainActivity]
07-06 01:10:09.780 21625 21625 D InputMethodManager: getNavigationBarColor() -855310
07-06 01:10:12.209 21625 21625 D ViewRootImpl@2a1ed2b[MainActivity]: ViewPostIme pointer 0
07-06 01:10:12.316 21625 21625 D ViewRootImpl@2a1ed2b[MainActivity]: ViewPostIme pointer 1
07-06 01:10:12.322 21625 21625 V ConnectionFragment: Advertisement switch unchecked
07-06 01:10:12.322 21625 21625 D NearbyFragment: Stopped advertising
07-06 01:10:43.809 21625 21625 D ViewRootImpl@2a1ed2b[MainActivity]: ViewPostIme pointer 0
07-06 01:10:43.916 21625 21625 D ViewRootImpl@2a1ed2b[MainActivity]: ViewPostIme pointer 1
07-06 01:10:43.922 21625 21625 V ConnectionFragment: Auto-send switch checked
07-06 01:10:43.991 21625 21625 W NearbyFragment: Preferences:
07-06 01:10:43.991 21625 21625 W NearbyFragment:   Auto download: true
07-06 01:10:43.991 21625 21625 W NearbyFragment:   Algorithm: fastest
07-06 01:10:43.991 21625 21625 W NearbyFragment:   Fast scheduling: true
07-06 01:10:43.991 21625 21625 W NearbyFragment:   Segmentation: true
07-06 01:10:43.991 21625 21625 W NearbyFragment:   Auto segmentation: false
07-06 01:10:43.991 21625 21625 W NearbyFragment:   Segment number: 4
07-06 01:10:43.991 21625 21625 W NearbyFragment:   Noise tolerance: 45.00
07-06 01:10:43.991 21625 21625 W NearbyFragment:   Quality: 23
07-06 01:10:43.991 21625 21625 W NearbyFragment:   Speed: medium
07-06 01:10:43.991 21625 21625 W NearbyFragment:   Freeze duration: 1.00
07-06 01:10:43.992 21625 21625 W NearbyFragment: Download delay: 1s
07-06 01:10:43.992 21625 21625 W NearbyFragment: Started downloading from dashcam
07-06 01:10:43.996 21625 22256 V DownloadTestVideosTask: Starting DownloadTestVideosTask
07-06 01:10:44.012 21625 22256 V DashDownloadManager: Started downloading: 20200312_150643.mp4
07-06 01:10:44.033 21625 22256 D NetworkSecurityConfig: No Network Security Config specified, using platform default
07-06 01:10:44.038 21625 22256 I System.out: (HTTPLog)-Static: isSBSettingEnabled false
07-06 01:10:44.038 21625 22256 I System.out: (HTTPLog)-Static: isSBSettingEnabled false
07-06 01:10:44.044 21625 22256 D TcpOptimizer: TcpOptimizer-ON
07-06 01:10:44.066 21625 22256 I System.out: (HTTPLog)-Thread-3349-10601397: getTransferStream : ContentLength=69990400, method=GET, HTTPVersion=http/1.1
07-06 01:11:01.540 21625 22256 V VideoManager: Retrieving video from /storage/emulated/0/Movies/raw/20200312_150643.mp4
07-06 01:11:01.594 21625 22256 D VideoManager: videoCursor is null
07-06 01:11:01.690 21625 22256 V VideoManager: videoFromCursor
07-06 01:11:01.700 21625 22256 W DashDownloadManager: Successfully downloaded 20200312_150643.mp4 in 17.499s
07-06 01:11:01.701 21625 22256 V DownloadTestVideosTask: Entering callback for download completion of 20200312_150643.mp4
07-06 01:11:01.705 21625 22256 V RawFootageEventHandler: onAdd
07-06 01:11:01.711 21625 22256 V FfmpegTools: Retrieving duration of /storage/emulated/0/Movies/raw/20200312_150643.mp4
07-06 01:11:01.717 21625 22256 I mobile-ffmpeg: Loading mobile-ffmpeg.
07-06 01:11:01.802 21625 22256 I mobile-ffmpeg: Loaded mobile-ffmpeg-full-gpl-arm64-v8a-4.3.2-20200415.
07-06 01:11:01.807 21625 22296 D mobile-ffmpeg: Callback thread started.
07-06 01:11:01.812 21625 22296 W mobile-ffmpeg: [mov,mp4,m4a,3gp,3g2,mj2 @ 0x78ef0b9e00] Found duplicated MOOV Atom. Skipped it
07-06 01:11:01.893 21625 22296 I mobile-ffmpeg: Input #0, mov,mp4,m4a,3gp,3g2,mj2, from '/storage/emulated/0/Movies/raw/20200312_150643.mp4':
07-06 01:11:01.893 21625 22296 I mobile-ffmpeg:   Metadata:
07-06 01:11:01.893 21625 22296 I mobile-ffmpeg:     creation_time   : 
07-06 01:11:01.893 21625 22296 I mobile-ffmpeg: 2020-03-12T04:07:43.000000Z
07-06 01:11:01.893 21625 22296 I mobile-ffmpeg: 
07-06 01:11:01.893 21625 22296 I mobile-ffmpeg:     major_brand     : 
07-06 01:11:01.893 21625 22296 I mobile-ffmpeg: mp42
07-06 01:11:01.893 21625 22296 I mobile-ffmpeg: 
07-06 01:11:01.893 21625 22296 I mobile-ffmpeg:     minor_version   : 
07-06 01:11:01.893 21625 22296 I mobile-ffmpeg: 1
07-06 01:11:01.893 21625 22296 I mobile-ffmpeg: 
07-06 01:11:01.894 21625 22296 I mobile-ffmpeg:     compatible_brands: 
07-06 01:11:01.894 21625 22296 I mobile-ffmpeg: mp42mp42
07-06 01:11:01.894 21625 22296 I mobile-ffmpeg: 
07-06 01:11:01.894 21625 22296 I mobile-ffmpeg:   Duration: 
07-06 01:11:01.894 21625 22296 I mobile-ffmpeg: 00:01:00.02
07-06 01:11:01.894 21625 22296 I mobile-ffmpeg: , start: 
07-06 01:11:01.894 21625 22296 I mobile-ffmpeg: 0.000000
07-06 01:11:01.894 21625 22296 I mobile-ffmpeg: , bitrate: 
07-06 01:11:01.894 21625 22296 I mobile-ffmpeg: 9328 kb/s
07-06 01:11:01.894 21625 22296 I mobile-ffmpeg: 
07-06 01:11:01.894 21625 22296 I mobile-ffmpeg:     Stream #0:0
07-06 01:11:01.894 21625 22296 I mobile-ffmpeg: (eng)
07-06 01:11:01.894 21625 22296 I mobile-ffmpeg: : Video: h264 (avc1 / 0x31637661), yuvj420p(pc, bt709), 1280x720, 8381 kb/s
07-06 01:11:01.894 21625 22296 I mobile-ffmpeg: , 
07-06 01:11:01.894 21625 22296 I mobile-ffmpeg: 29.97 fps, 
07-06 01:11:01.894 21625 22296 I mobile-ffmpeg: 29.97 tbr, 
07-06 01:11:01.894 21625 22296 I mobile-ffmpeg: 1k tbn, 
07-06 01:11:01.894 21625 22296 I mobile-ffmpeg: 2k tbc
07-06 01:11:01.894 21625 22296 I mobile-ffmpeg:  (default)
07-06 01:11:01.894 21625 22296 I mobile-ffmpeg: 
07-06 01:11:01.895 21625 22296 I mobile-ffmpeg:     Metadata:
07-06 01:11:01.895 21625 22296 I mobile-ffmpeg:       creation_time   : 
07-06 01:11:01.895 21625 22296 I mobile-ffmpeg: 2020-03-12T04:07:43.000000Z
07-06 01:11:01.895 21625 22296 I mobile-ffmpeg: 
07-06 01:11:01.895 21625 22296 I mobile-ffmpeg:       handler_name    : 
07-06 01:11:01.895 21625 22296 I mobile-ffmpeg: PittaSoft Video Media Handler
07-06 01:11:01.895 21625 22296 I mobile-ffmpeg: 
07-06 01:11:01.895 21625 22296 I mobile-ffmpeg:     Stream #0:1
07-06 01:11:01.895 21625 22296 I mobile-ffmpeg: (eng)
07-06 01:11:01.895 21625 22296 I mobile-ffmpeg: : Audio: aac (mp4a / 0x6134706D), 16000 Hz, stereo, fltp, 47 kb/s
07-06 01:11:01.895 21625 22296 I mobile-ffmpeg:  (default)
07-06 01:11:01.895 21625 22296 I mobile-ffmpeg: 
07-06 01:11:01.895 21625 22296 I mobile-ffmpeg:     Metadata:
07-06 01:11:01.895 21625 22296 I mobile-ffmpeg:       creation_time   : 
07-06 01:11:01.895 21625 22296 I mobile-ffmpeg: 2020-03-12T04:07:43.000000Z
07-06 01:11:01.895 21625 22296 I mobile-ffmpeg: 
07-06 01:11:01.895 21625 22296 I mobile-ffmpeg:       handler_name    : 
07-06 01:11:01.895 21625 22296 I mobile-ffmpeg: PittaSoft Sound Media Handler
07-06 01:11:01.895 21625 22296 I mobile-ffmpeg: 
07-06 01:11:01.926 21625 22256 V FileManager: External storage is readable
07-06 01:11:01.928 21625 22256 V FileManager: Created new directory: /storage/emulated/0/Movies/segment/20200312_150643
07-06 01:11:01.929 21625 22256 V FfmpegTools: Splitting /storage/emulated/0/Movies/raw/20200312_150643.mp4 with 16s long segments
07-06 01:11:01.930 21625 22256 I FfmpegTools: Running ffmpeg with:
07-06 01:11:01.930 21625 22256 I FfmpegTools:   -y -i /storage/emulated/0/Movies/raw/20200312_150643.mp4 -map 0 -c copy -f segment -reset_timestamps 1 -segment_time 16 /storage/emulated/0/Movies/segment/20200312_150643/20200312_150643!%03d.mp4
07-06 01:11:01.938 21625 22296 W mobile-ffmpeg: [mov,mp4,m4a,3gp,3g2,mj2 @ 0x78ef0b9e00] Found duplicated MOOV Atom. Skipped it
07-06 01:11:01.982 21625 22296 I mobile-ffmpeg: Input #0, mov,mp4,m4a,3gp,3g2,mj2, from '/storage/emulated/0/Movies/raw/20200312_150643.mp4':
07-06 01:11:01.982 21625 22296 I mobile-ffmpeg:   Metadata:
07-06 01:11:01.982 21625 22296 I mobile-ffmpeg:     creation_time   : 
07-06 01:11:01.982 21625 22296 I mobile-ffmpeg: 2020-03-12T04:07:43.000000Z
07-06 01:11:01.982 21625 22296 I mobile-ffmpeg: 
07-06 01:11:01.982 21625 22296 I mobile-ffmpeg:     major_brand     : 
07-06 01:11:01.982 21625 22296 I mobile-ffmpeg: mp42
07-06 01:11:01.982 21625 22296 I mobile-ffmpeg: 
07-06 01:11:01.982 21625 22296 I mobile-ffmpeg:     minor_version   : 
07-06 01:11:01.983 21625 22296 I mobile-ffmpeg: 1
07-06 01:11:01.983 21625 22296 I mobile-ffmpeg: 
07-06 01:11:01.983 21625 22296 I mobile-ffmpeg:     compatible_brands: 
07-06 01:11:01.983 21625 22296 I mobile-ffmpeg: mp42mp42
07-06 01:11:01.983 21625 22296 I mobile-ffmpeg: 
07-06 01:11:01.983 21625 22296 I mobile-ffmpeg:   Duration: 
07-06 01:11:01.983 21625 22296 I mobile-ffmpeg: 00:01:00.02
07-06 01:11:01.983 21625 22296 I mobile-ffmpeg: , start: 
07-06 01:11:01.983 21625 22296 I mobile-ffmpeg: 0.000000
07-06 01:11:01.983 21625 22296 I mobile-ffmpeg: , bitrate: 
07-06 01:11:01.983 21625 22296 I mobile-ffmpeg: 9328 kb/s
07-06 01:11:01.983 21625 22296 I mobile-ffmpeg: 
07-06 01:11:01.983 21625 22296 I mobile-ffmpeg:     Stream #0:0
07-06 01:11:01.983 21625 22296 I mobile-ffmpeg: (eng)
07-06 01:11:01.983 21625 22296 I mobile-ffmpeg: : Video: h264 (avc1 / 0x31637661), yuvj420p(pc, bt709), 1280x720, 8381 kb/s
07-06 01:11:01.983 21625 22296 I mobile-ffmpeg: , 
07-06 01:11:01.983 21625 22296 I mobile-ffmpeg: 29.97 fps, 
07-06 01:11:01.983 21625 22296 I mobile-ffmpeg: 29.97 tbr, 
07-06 01:11:01.983 21625 22296 I mobile-ffmpeg: 1k tbn, 
07-06 01:11:01.983 21625 22296 I mobile-ffmpeg: 2k tbc
07-06 01:11:01.983 21625 22296 I mobile-ffmpeg:  (default)
07-06 01:11:01.983 21625 22296 I mobile-ffmpeg: 
07-06 01:11:01.983 21625 22296 I mobile-ffmpeg:     Metadata:
07-06 01:11:01.983 21625 22296 I mobile-ffmpeg:       creation_time   : 
07-06 01:11:01.983 21625 22296 I mobile-ffmpeg: 2020-03-12T04:07:43.000000Z
07-06 01:11:01.983 21625 22296 I mobile-ffmpeg: 
07-06 01:11:01.984 21625 22296 I mobile-ffmpeg:       handler_name    : 
07-06 01:11:01.984 21625 22296 I mobile-ffmpeg: PittaSoft Video Media Handler
07-06 01:11:01.984 21625 22296 I mobile-ffmpeg: 
07-06 01:11:01.984 21625 22296 I mobile-ffmpeg:     Stream #0:1
07-06 01:11:01.984 21625 22296 I mobile-ffmpeg: (eng)
07-06 01:11:01.984 21625 22296 I mobile-ffmpeg: : Audio: aac (mp4a / 0x6134706D), 16000 Hz, stereo, fltp, 47 kb/s
07-06 01:11:01.984 21625 22296 I mobile-ffmpeg:  (default)
07-06 01:11:01.984 21625 22296 I mobile-ffmpeg: 
07-06 01:11:01.984 21625 22296 I mobile-ffmpeg:     Metadata:
07-06 01:11:01.984 21625 22296 I mobile-ffmpeg:       creation_time   : 
07-06 01:11:01.984 21625 22296 I mobile-ffmpeg: 2020-03-12T04:07:43.000000Z
07-06 01:11:01.984 21625 22296 I mobile-ffmpeg: 
07-06 01:11:01.984 21625 22296 I mobile-ffmpeg:       handler_name    : 
07-06 01:11:01.984 21625 22296 I mobile-ffmpeg: PittaSoft Sound Media Handler
07-06 01:11:01.984 21625 22296 I mobile-ffmpeg: 
07-06 01:11:01.984 21625 22296 I mobile-ffmpeg: [segment @ 0x78be030e00] Opening '/storage/emulated/0/Movies/segment/20200312_150643/20200312_150643!000.mp4' for writing
07-06 01:11:01.984 21625 22296 I mobile-ffmpeg: Output #0, segment, to '/storage/emulated/0/Movies/segment/20200312_150643/20200312_150643!%03d.mp4':
07-06 01:11:01.984 21625 22296 I mobile-ffmpeg:   Metadata:
07-06 01:11:01.984 21625 22296 I mobile-ffmpeg:     compatible_brands: 
07-06 01:11:01.984 21625 22296 I mobile-ffmpeg: mp42mp42
07-06 01:11:01.984 21625 22296 I mobile-ffmpeg: 
07-06 01:11:01.984 21625 22296 I mobile-ffmpeg:     major_brand     : 
07-06 01:11:01.984 21625 22296 I mobile-ffmpeg: mp42
07-06 01:11:01.985 21625 22296 I mobile-ffmpeg: 
07-06 01:11:01.985 21625 22296 I mobile-ffmpeg:     minor_version   : 
07-06 01:11:01.985 21625 22296 I mobile-ffmpeg: 1
07-06 01:11:01.985 21625 22296 I mobile-ffmpeg: 
07-06 01:11:01.985 21625 22296 I mobile-ffmpeg:     encoder         : 
07-06 01:11:01.985 21625 22296 I mobile-ffmpeg: Lavf58.42.100
07-06 01:11:01.985 21625 22296 I mobile-ffmpeg: 
07-06 01:11:01.985 21625 22296 I mobile-ffmpeg:     Stream #0:0
07-06 01:11:01.985 21625 22296 I mobile-ffmpeg: (eng)
07-06 01:11:01.985 21625 22296 I mobile-ffmpeg: : Video: h264 (avc1 / 0x31637661), yuvj420p(pc, bt709), 1280x720, q=2-31, 8381 kb/s
07-06 01:11:01.985 21625 22296 I mobile-ffmpeg: , 
07-06 01:11:01.985 21625 22296 I mobile-ffmpeg: 29.97 fps, 
07-06 01:11:01.985 21625 22296 I mobile-ffmpeg: 29.97 tbr, 
07-06 01:11:01.985 21625 22296 I mobile-ffmpeg: 16k tbn, 
07-06 01:11:01.985 21625 22296 I mobile-ffmpeg: 1k tbc
07-06 01:11:01.985 21625 22296 I mobile-ffmpeg:  (default)
07-06 01:11:01.985 21625 22296 I mobile-ffmpeg: 
07-06 01:11:01.985 21625 22296 I mobile-ffmpeg:     Metadata:
07-06 01:11:01.985 21625 22296 I mobile-ffmpeg:       creation_time   : 
07-06 01:11:01.985 21625 22296 I mobile-ffmpeg: 2020-03-12T04:07:43.000000Z
07-06 01:11:01.985 21625 22296 I mobile-ffmpeg: 
07-06 01:11:01.985 21625 22296 I mobile-ffmpeg:       handler_name    : 
07-06 01:11:01.985 21625 22296 I mobile-ffmpeg: PittaSoft Video Media Handler
07-06 01:11:01.985 21625 22296 I mobile-ffmpeg: 
07-06 01:11:01.986 21625 22296 I mobile-ffmpeg:     Stream #0:1
07-06 01:11:01.986 21625 22296 I mobile-ffmpeg: (eng)
07-06 01:11:01.986 21625 22296 I mobile-ffmpeg: : Audio: aac (mp4a / 0x6134706D), 16000 Hz, stereo, fltp, 47 kb/s
07-06 01:11:01.986 21625 22296 I mobile-ffmpeg:  (default)
07-06 01:11:01.986 21625 22296 I mobile-ffmpeg: 
07-06 01:11:01.986 21625 22296 I mobile-ffmpeg:     Metadata:
07-06 01:11:01.986 21625 22296 I mobile-ffmpeg:       creation_time   : 
07-06 01:11:01.986 21625 22296 I mobile-ffmpeg: 2020-03-12T04:07:43.000000Z
07-06 01:11:01.986 21625 22296 I mobile-ffmpeg: 
07-06 01:11:01.986 21625 22296 I mobile-ffmpeg:       handler_name    : 
07-06 01:11:01.986 21625 22296 I mobile-ffmpeg: PittaSoft Sound Media Handler
07-06 01:11:01.986 21625 22296 I mobile-ffmpeg: 
07-06 01:11:01.986 21625 22296 I mobile-ffmpeg: Stream mapping:
07-06 01:11:01.986 21625 22296 I mobile-ffmpeg:   Stream #0:0 -> #0:0
07-06 01:11:01.986 21625 22296 I mobile-ffmpeg:  (copy)
07-06 01:11:01.986 21625 22296 I mobile-ffmpeg: 
07-06 01:11:01.986 21625 22296 I mobile-ffmpeg:   Stream #0:1 -> #0:1
07-06 01:11:01.986 21625 22296 I mobile-ffmpeg:  (copy)
07-06 01:11:01.986 21625 22296 I mobile-ffmpeg: 
07-06 01:11:01.986 21625 22296 I mobile-ffmpeg: Press [q] to stop, [?] for help
07-06 01:11:02.041 21625 22296 I mobile-ffmpeg: [segment @ 0x78be030e00] Opening '/storage/emulated/0/Movies/segment/20200312_150643/20200312_150643!001.mp4' for writing
07-06 01:11:02.095 21625 22296 I mobile-ffmpeg: [segment @ 0x78be030e00] Opening '/storage/emulated/0/Movies/segment/20200312_150643/20200312_150643!002.mp4' for writing
07-06 01:11:02.149 21625 22296 I mobile-ffmpeg: [segment @ 0x78be030e00] Opening '/storage/emulated/0/Movies/segment/20200312_150643/20200312_150643!003.mp4' for writing
07-06 01:11:02.188 21625 22296 I mobile-ffmpeg: frame= 1800 fps=0.0 q=-1.0 Lsize=N/A time=00:01:00.02 bitrate=N/A speed= 294x    
07-06 01:11:02.188 21625 22296 I mobile-ffmpeg: video:61407kB audio:345kB subtitle:0kB other streams:0kB global headers:0kB muxing overhead: 
07-06 01:11:02.188 21625 22296 I mobile-ffmpeg: unknown
07-06 01:11:02.189 21625 22296 I mobile-ffmpeg: 
07-06 01:11:02.198 21625 22256 V FileManager: External storage is readable
07-06 01:11:02.198 21625 22256 V FileManager: Directory already exists: /storage/emulated/0/Movies/segment/20200312_150643
07-06 01:11:02.198 21625 22256 V VideoManager: Retrieving videos from /storage/emulated/0/Movies/segment/20200312_150643
07-06 01:11:02.199 21625 22256 V VideoManager: Retrieving video from /storage/emulated/0/Movies/segment/20200312_150643/20200312_150643!000.mp4
07-06 01:11:02.229 21625 22256 V VideoManager: videoFromCursor
07-06 01:11:02.232 21625 22256 V VideoManager: Retrieving video from /storage/emulated/0/Movies/segment/20200312_150643/20200312_150643!001.mp4
07-06 01:11:02.252 21625 22256 V VideoManager: videoFromCursor
07-06 01:11:02.260 21625 22256 V VideoManager: Retrieving video from /storage/emulated/0/Movies/segment/20200312_150643/20200312_150643!002.mp4
07-06 01:11:02.279 21625 22256 V VideoManager: videoFromCursor
07-06 01:11:02.287 21625 22256 V VideoManager: Retrieving video from /storage/emulated/0/Movies/segment/20200312_150643/20200312_150643!003.mp4
07-06 01:11:02.305 21625 22256 V VideoManager: videoFromCursor
07-06 01:11:02.314 21625 22256 V NearbyFragment: nextTransfer with selected algorithm: fastest
07-06 01:11:02.318 21625 22256 W NearbyFragment: Sending 20200312_150643!000.mp4 to Nexus 5X [34d8]
07-06 01:11:02.359 21625 21625 V NearbyFragment: Transfer to Endpoint{id=Qd2N, name=Nexus 5X [34d8]} complete
07-06 01:11:03.326 21625 22256 V DownloadTestVideosTask: Starting DownloadTestVideosTask
07-06 01:11:03.329 21625 22256 V DashDownloadManager: Started downloading: 20200312_150744.mp4
07-06 01:11:03.331 21625 22256 I System.out: (HTTPLog)-Static: isSBSettingEnabled false
07-06 01:11:03.332 21625 22256 I System.out: (HTTPLog)-Static: isSBSettingEnabled false
07-06 01:11:03.421 21625 22256 I System.out: (HTTPLog)-Thread-3349-221383595: getTransferStream : ContentLength=69990400, method=GET, HTTPVersion=http/1.1
07-06 01:11:08.358 21625 21625 V NearbyFragment: Transfer to Endpoint{id=Qd2N, name=Nexus 5X [34d8]} complete
07-06 01:11:08.804 21625 21625 D NearbyFragment: onPayloadReceived(endpointId=Qd2N, payload=com.google.android.gms.nearby.connection.Payload@f1f4208)
07-06 01:11:08.808 21625 21625 D NearbyFragment: Endpoint{id=Qd2N, name=Nexus 5X [34d8]} has finished downloading 20200312_150643!000.mp4
07-06 01:11:08.811 21625 21625 V NearbyFragment: nextTransfer with selected algorithm: fastest
07-06 01:11:08.816 21625 21625 W NearbyFragment: Sending 20200312_150643!001.mp4 to Nexus 5 [1825]
07-06 01:11:08.836 21625 21625 V NearbyFragment: Transfer to Endpoint{id=w2Lc, name=Nexus 5 [1825]} complete
07-06 01:11:08.844 21625 21625 V NearbyFragment: Transfer to Endpoint{id=Qd2N, name=Nexus 5X [34d8]} complete
07-06 01:11:12.147 21625 21625 D NearbyFragment: onPayloadReceived(endpointId=Qd2N, payload=com.google.android.gms.nearby.connection.Payload@1b792dd)
07-06 01:11:12.149 21625 21625 D NearbyFragment: 20200312_150643!000.mp4 from Endpoint{id=Qd2N, name=Nexus 5X [34d8]} contained no activity
07-06 01:11:12.150 21625 21625 V NearbyFragment: Received a segment of 20200312_150643
07-06 01:11:12.152 21625 21625 V NearbyFragment: nextTransfer with selected algorithm: fastest
07-06 01:11:12.155 21625 21625 W NearbyFragment: Sending 20200312_150643!002.mp4 to Nexus 5X [34d8]
07-06 01:11:12.175 21625 21625 V NearbyFragment: Transfer to Endpoint{id=Qd2N, name=Nexus 5X [34d8]} complete
07-06 01:11:12.183 21625 21625 V NearbyFragment: Transfer to Endpoint{id=Qd2N, name=Nexus 5X [34d8]} complete
07-06 01:11:14.632 21625 21625 V NearbyFragment: Transfer to Endpoint{id=w2Lc, name=Nexus 5 [1825]} complete
07-06 01:11:15.091 21625 21625 D NearbyFragment: onPayloadReceived(endpointId=w2Lc, payload=com.google.android.gms.nearby.connection.Payload@3924a20)
07-06 01:11:15.091 21625 21625 D NearbyFragment: Endpoint{id=w2Lc, name=Nexus 5 [1825]} has finished downloading 20200312_150643!001.mp4
07-06 01:11:15.093 21625 21625 V NearbyFragment: nextTransfer with selected algorithm: fastest
07-06 01:11:15.094 21625 21625 W NearbyFragment: Sending 20200312_150643!003.mp4 to Nexus 5X [9c8f]
07-06 01:11:15.114 21625 21625 V NearbyFragment: Transfer to Endpoint{id=jKhx, name=Nexus 5X [9c8f]} complete
07-06 01:11:15.187 21625 21625 V NearbyFragment: Transfer to Endpoint{id=w2Lc, name=Nexus 5 [1825]} complete
07-06 01:11:20.211 21625 21625 V NearbyFragment: Transfer to Endpoint{id=Qd2N, name=Nexus 5X [34d8]} complete
07-06 01:11:20.493 21625 21625 D NearbyFragment: onPayloadReceived(endpointId=Qd2N, payload=com.google.android.gms.nearby.connection.Payload@d82107f)
07-06 01:11:20.495 21625 21625 D NearbyFragment: Endpoint{id=Qd2N, name=Nexus 5X [34d8]} has finished downloading 20200312_150643!002.mp4
07-06 01:11:20.496 21625 21625 I NearbyFragment: Transfer queue is empty
07-06 01:11:20.666 21625 21625 V NearbyFragment: Transfer to Endpoint{id=Qd2N, name=Nexus 5X [34d8]} complete
07-06 01:11:21.012 21625 21625 D ViewRootImpl@2a1ed2b[MainActivity]: ViewPostIme pointer 0
07-06 01:11:21.086 21625 21625 D ViewRootImpl@2a1ed2b[MainActivity]: ViewPostIme pointer 1
07-06 01:11:21.101 21625 21625 V MainActivity: Navigation summarised button clicked
07-06 01:11:21.105 21625 21625 W example.edgesu: Accessing hidden method Landroid/view/View;->getTransitionAlpha()F (light greylist, linking)
07-06 01:11:21.105 21625 21625 W example.edgesu: Accessing hidden method Landroid/view/View;->setTransitionAlpha(F)V (light greylist, linking)
07-06 01:11:21.106 21625 21625 W example.edgesu: Accessing hidden method Landroid/view/View;->setAnimationMatrix(Landroid/graphics/Matrix;)V (light greylist, linking)
07-06 01:11:21.106 21625 21625 W example.edgesu: Accessing hidden method Landroid/view/View;->transformMatrixToGlobal(Landroid/graphics/Matrix;)V (light greylist, linking)
07-06 01:11:21.106 21625 21625 W example.edgesu: Accessing hidden method Landroid/view/View;->transformMatrixToLocal(Landroid/graphics/Matrix;)V (light greylist, linking)
07-06 01:11:21.106 21625 21625 W example.edgesu: Accessing hidden method Landroid/view/View;->setLeftTopRightBottom(IIII)V (light greylist, linking)
07-06 01:11:21.106 21625 21625 W example.edgesu: Accessing hidden method Landroid/view/View;->setTransitionVisibility(I)V (dark greylist, linking)
07-06 01:11:21.137 21625 21625 W StaticLayout: maxLineHeight should not be -1.  maxLines:1 lineCount:1
07-06 01:11:21.142 21625 21625 W StaticLayout: maxLineHeight should not be -1.  maxLines:1 lineCount:1
07-06 01:11:21.155 21625 21625 W example.edgesu: Accessing hidden field Landroid/view/View;->mViewFlags:I (light greylist, reflection)
07-06 01:11:21.157 21625 21625 W example.edgesu: Accessing hidden method Landroid/view/ViewGroup;->suppressLayout(Z)V (light greylist, linking)
07-06 01:11:21.160 21625 21625 D skia    : approximate: numPoints=2, lengths[0]=0.000000, totalLength=4.000000, segmentPoints[0]=[96.000000,16.000000]
07-06 01:11:21.160 21625 21625 D skia    : approximate: approximation[0]=0.000000, approximation[1]=96.000000, approximation[2]=16.000000
07-06 01:11:21.160 21625 21625 D skia    : approximate: numPoints=2, lengths[1]=4.000000, totalLength=4.000000, segmentPoints[1]=[96.000000,12.000000]
07-06 01:11:21.160 21625 21625 D skia    : approximate: approximation[3]=1.000000, approximation[4]=96.000000, approximation[5]=12.000000
07-06 01:11:21.161 21625 21625 D skia    : approximate: numPoints=2, lengths[0]=0.000000, totalLength=4.000000, segmentPoints[0]=[96.000000,12.000000]
07-06 01:11:21.161 21625 21625 D skia    : approximate: approximation[0]=0.000000, approximation[1]=96.000000, approximation[2]=12.000000
07-06 01:11:21.161 21625 21625 D skia    : approximate: numPoints=2, lengths[1]=4.000000, totalLength=4.000000, segmentPoints[1]=[96.000000,16.000000]
07-06 01:11:21.161 21625 21625 D skia    : approximate: approximation[3]=1.000000, approximation[4]=96.000000, approximation[5]=16.000000
07-06 01:11:21.178 21625 21625 D NearbyFragment: onPayloadReceived(endpointId=w2Lc, payload=com.google.android.gms.nearby.connection.Payload@3f6bd13)
07-06 01:11:21.179 21625 21625 D NearbyFragment: 20200312_150643!001.mp4 from Endpoint{id=w2Lc, name=Nexus 5 [1825]} contained no activity
07-06 01:11:21.180 21625 21625 V NearbyFragment: Received a segment of 20200312_150643
07-06 01:11:21.181 21625 21625 I NearbyFragment: Transfer queue is empty
07-06 01:11:21.189 21625 21625 V NearbyFragment: Transfer to Endpoint{id=w2Lc, name=Nexus 5 [1825]} complete
07-06 01:11:24.036 21625 21625 D NearbyFragment: onPayloadReceived(endpointId=Qd2N, payload=com.google.android.gms.nearby.connection.Payload@d5c7b50)
07-06 01:11:24.038 21625 21625 D NearbyFragment: 20200312_150643!002.mp4 from Endpoint{id=Qd2N, name=Nexus 5X [34d8]} contained no activity
07-06 01:11:24.039 21625 21625 V NearbyFragment: Received a segment of 20200312_150643
07-06 01:11:24.039 21625 21625 I NearbyFragment: Transfer queue is empty
07-06 01:11:24.070 21625 21625 V NearbyFragment: Transfer to Endpoint{id=Qd2N, name=Nexus 5X [34d8]} complete
07-06 01:11:24.189 21625 21625 V NearbyFragment: Transfer to Endpoint{id=jKhx, name=Nexus 5X [9c8f]} complete
07-06 01:11:24.347 21625 21625 D NearbyFragment: onPayloadReceived(endpointId=jKhx, payload=com.google.android.gms.nearby.connection.Payload@dd31149)
07-06 01:11:24.350 21625 21625 D NearbyFragment: Endpoint{id=jKhx, name=Nexus 5X [9c8f]} has finished downloading 20200312_150643!003.mp4
07-06 01:11:24.351 21625 21625 I NearbyFragment: Transfer queue is empty
07-06 01:11:24.405 21625 21625 V NearbyFragment: Transfer to Endpoint{id=jKhx, name=Nexus 5X [9c8f]} complete
07-06 01:11:26.761 21625 21625 D NearbyFragment: onPayloadReceived(endpointId=jKhx, payload=com.google.android.gms.nearby.connection.Payload@998ca4e)
07-06 01:11:26.763 21625 21625 D NearbyFragment: 20200312_150643!003.mp4 from Endpoint{id=jKhx, name=Nexus 5X [9c8f]} contained no activity
07-06 01:11:26.764 21625 21625 D NearbyFragment: Received all summarised video segments of 20200312_150643
07-06 01:11:26.771 21625 21625 V FileManager: External storage is readable
07-06 01:11:26.773 21625 21625 V FileManager: Created new directory: /storage/emulated/0/Movies/segment-sum/20200312_150643
07-06 01:11:26.777 21625 21625 D FfmpegTools: Merging /storage/emulated/0/Movies/summarised/20200312_150643.mp4
07-06 01:11:26.777 21625 21625 D FfmpegTools: No split videos to merge
07-06 01:11:26.777 21625 21625 V RawFootageEventHandler: removeByName
07-06 01:11:26.779 21625 21625 V ProcessingVideosEventHandler: removeByName
07-06 01:11:26.781 21625 21625 V NearbyFragment: Removing video segment map for 20200312_150643
07-06 01:11:26.782 21625 21625 I NearbyFragment: Transfer queue is empty
07-06 01:11:26.783 21625 21625 V NearbyFragment: Transfer to Endpoint{id=jKhx, name=Nexus 5X [9c8f]} complete
07-06 01:11:31.053 21625 22256 V VideoManager: Retrieving video from /storage/emulated/0/Movies/raw/20200312_150744.mp4
07-06 01:11:31.079 21625 22256 D VideoManager: videoCursor is null
07-06 01:11:31.159 21625 22256 V VideoManager: videoFromCursor
07-06 01:11:31.164 21625 22256 W DashDownloadManager: Successfully downloaded 20200312_150744.mp4 in 27.723s
07-06 01:11:31.165 21625 22256 V DownloadTestVideosTask: Entering callback for download completion of 20200312_150744.mp4
07-06 01:11:31.166 21625 22256 V RawFootageEventHandler: onAdd
07-06 01:11:31.169 21625 22256 V FfmpegTools: Retrieving duration of /storage/emulated/0/Movies/raw/20200312_150744.mp4
07-06 01:11:31.178 21625 22296 W mobile-ffmpeg: [mov,mp4,m4a,3gp,3g2,mj2 @ 0x78d618f000] Found duplicated MOOV Atom. Skipped it
07-06 01:11:31.237 21625 22296 I mobile-ffmpeg: Input #0, mov,mp4,m4a,3gp,3g2,mj2, from '/storage/emulated/0/Movies/raw/20200312_150744.mp4':
07-06 01:11:31.237 21625 22296 I mobile-ffmpeg:   Metadata:
07-06 01:11:31.237 21625 22296 I mobile-ffmpeg:     creation_time   : 
07-06 01:11:31.237 21625 22296 I mobile-ffmpeg: 2020-03-12T04:08:43.000000Z
07-06 01:11:31.237 21625 22296 I mobile-ffmpeg: 
07-06 01:11:31.237 21625 22296 I mobile-ffmpeg:     major_brand     : 
07-06 01:11:31.237 21625 22296 I mobile-ffmpeg: mp42
07-06 01:11:31.237 21625 22296 I mobile-ffmpeg: 
07-06 01:11:31.237 21625 22296 I mobile-ffmpeg:     minor_version   : 
07-06 01:11:31.237 21625 22296 I mobile-ffmpeg: 1
07-06 01:11:31.237 21625 22296 I mobile-ffmpeg: 
07-06 01:11:31.238 21625 22296 I mobile-ffmpeg:     compatible_brands: 
07-06 01:11:31.238 21625 22296 I mobile-ffmpeg: mp42mp42
07-06 01:11:31.238 21625 22296 I mobile-ffmpeg: 
07-06 01:11:31.238 21625 22296 I mobile-ffmpeg:   Duration: 
07-06 01:11:31.238 21625 22296 I mobile-ffmpeg: 00:01:00.02
07-06 01:11:31.238 21625 22296 I mobile-ffmpeg: , start: 
07-06 01:11:31.238 21625 22296 I mobile-ffmpeg: 0.000000
07-06 01:11:31.238 21625 22296 I mobile-ffmpeg: , bitrate: 
07-06 01:11:31.238 21625 22296 I mobile-ffmpeg: 9328 kb/s
07-06 01:11:31.238 21625 22296 I mobile-ffmpeg: 
07-06 01:11:31.238 21625 22296 I mobile-ffmpeg:     Stream #0:0
07-06 01:11:31.238 21625 22296 I mobile-ffmpeg: (eng)
07-06 01:11:31.238 21625 22296 I mobile-ffmpeg: : Video: h264 (avc1 / 0x31637661), yuvj420p(pc, bt709), 1280x720, 8381 kb/s
