--------- beginning of main
06-29 22:02:08.641 30753 30753 E Zygote  : isWhitelistProcess - Process is Whitelisted
06-29 22:02:08.645 30753 30753 E Zygote  : accessInfo : 1
06-29 22:02:08.669 30753 30753 I example.edgesu: Late-enabling -Xcheck:jni
06-29 22:02:13.773 30753 30753 I TransferService: Starting Transfer Service to listen for network connectivity changes.
06-29 22:02:13.781 30753 30753 W LogFactory: Truncating log tag length as it exceed 23, the limit imposed by Android on certain API Levels
06-29 22:02:14.137 30753 30753 I TransferService: Registering the network receiver
06-29 22:02:14.150 30753 30753 I TransferService: Moving the service out of the Foreground state.
06-29 22:02:14.152 30753 30753 I TransferService: De-registering the network receiver.
06-29 22:02:23.933 30753 30753 W ActivityThread: handleWindowVisibility: no activity for token android.os.BinderProxy@32de078
06-29 22:02:23.946 30753 30988 D vndksupport: Loading /vendor/lib64/egl/libGLES_mali.so from current namespace instead of sphal namespace.
06-29 22:02:23.972 30753 30988 D libEGL  : loaded /vendor/lib64/egl/libGLES_mali.so
06-29 22:02:24.012 30753 30753 W example.edgesu: Accessing hidden method Landroid/graphics/drawable/Drawable;->getOpticalInsets()Landroid/graphics/Insets; (light greylist, linking)
06-29 22:02:24.012 30753 30753 W example.edgesu: Accessing hidden field Landroid/graphics/Insets;->left:I (light greylist, linking)
06-29 22:02:24.012 30753 30753 W example.edgesu: Accessing hidden field Landroid/graphics/Insets;->right:I (light greylist, linking)
06-29 22:02:24.012 30753 30753 W example.edgesu: Accessing hidden field Landroid/graphics/Insets;->top:I (light greylist, linking)
06-29 22:02:24.012 30753 30753 W example.edgesu: Accessing hidden field Landroid/graphics/Insets;->bottom:I (light greylist, linking)
06-29 22:02:24.032 30753 30753 I DecorView: createDecorCaptionView >> DecorView@7abe745[], isFloating: false, isApplication: true, hasWindowDecorCaption: false, hasWindowControllerCallback: true
06-29 22:02:24.061 30753 30753 W example.edgesu: Accessing hidden method Landroid/view/View;->computeFitSystemWindows(Landroid/graphics/Rect;Landroid/graphics/Rect;)Z (light greylist, reflection)
06-29 22:02:24.062 30753 30753 W example.edgesu: Accessing hidden method Landroid/view/ViewGroup;->makeOptionalFitsSystemWindows()V (light greylist, reflection)
06-29 22:02:24.166 30753 30753 W example.edgesu: Accessing hidden method Landroid/widget/TextView;->getTextDirectionHeuristic()Landroid/text/TextDirectionHeuristic; (light greylist, linking)
06-29 22:02:24.175 30753 30753 W example.edgesu: Accessing hidden field Landroid/view/View;->mAccessibilityDelegate:Landroid/view/View$AccessibilityDelegate; (light greylist, reflection)
06-29 22:02:24.241 30753 30753 V Repo    : /storage/emulated/0/Movies/raw
06-29 22:02:24.241 30753 30753 V Repo    : /storage/emulated/0/Movies/summarised
06-29 22:02:24.268 30753 30753 V FileManager: External storage is readable
06-29 22:02:24.269 30753 30753 V FileManager: Directory already exists: /storage/emulated/0/Movies/raw
06-29 22:02:24.270 30753 30753 V FileManager: External storage is readable
06-29 22:02:24.270 30753 30753 V FileManager: Directory already exists: /storage/emulated/0/Movies/summarised
06-29 22:02:24.271 30753 30753 V FileManager: External storage is readable
06-29 22:02:24.271 30753 30753 V FileManager: Directory already exists: /storage/emulated/0/Download/nearby
06-29 22:02:24.272 30753 30753 V FileManager: External storage is readable
06-29 22:02:24.272 30753 30753 V FileManager: Directory already exists: /storage/emulated/0/Movies/segment
06-29 22:02:24.274 30753 30753 V FileManager: External storage is readable
06-29 22:02:24.274 30753 30753 V FileManager: Directory already exists: /storage/emulated/0/Movies/segment-sum
06-29 22:02:24.406 30753 30753 V VideoManager: getAllVideoFromExternalStorageFolder
06-29 22:02:24.408 30753 30753 D VideoManager: /storage/emulated/0/Movies/summarised
06-29 22:02:24.423 30753 30753 D VideoManager: 0 videos return
06-29 22:02:24.452 30753 30753 V VideoManager: getAllVideoFromExternalStorageFolder
06-29 22:02:24.454 30753 30753 D VideoManager: /storage/emulated/0/Movies/raw
06-29 22:02:24.459 30753 30753 D VideoManager: 0 videos return
06-29 22:02:24.482 30753 30753 D OpenGLRenderer: Skia GL Pipeline
06-29 22:02:24.485 30753 30753 D EmergencyMode: [EmergencyManager] android createPackageContext successful
06-29 22:02:24.499 30753 30753 D InputTransport: Input channel constructed: fd=64
06-29 22:02:24.500 30753 30753 D ViewRootImpl@1fb9709[MainActivity]: setView = DecorView@7abe745[MainActivity] TM=true MM=false
06-29 22:02:24.504 30753 30753 I TransferService: Starting Transfer Service to listen for network connectivity changes.
06-29 22:02:24.504 30753 30753 I TransferService: Registering the network receiver
06-29 22:02:24.505 30753 30753 E TransferService: No notification is passed in the intent. Unable to transition to foreground.
06-29 22:02:24.534 30753 30753 D ViewRootImpl@1fb9709[MainActivity]: dispatchAttachedToWindow
06-29 22:02:24.552 30753 30753 W StaticLayout: maxLineHeight should not be -1.  maxLines:1 lineCount:1
06-29 22:02:24.564 30753 30753 W StaticLayout: maxLineHeight should not be -1.  maxLines:1 lineCount:1
06-29 22:02:24.568 30753 30753 W StaticLayout: maxLineHeight should not be -1.  maxLines:1 lineCount:1
06-29 22:02:24.572 30753 30753 W StaticLayout: maxLineHeight should not be -1.  maxLines:1 lineCount:1
06-29 22:02:24.584 30753 30753 D ViewRootImpl@1fb9709[MainActivity]: Relayout returned: old=[0,0][720,1480] new=[0,0][720,1480] result=0x7 surface={valid=true 483297492992} changed=true
06-29 22:02:24.591 30753 30753 W StaticLayout: maxLineHeight should not be -1.  maxLines:1 lineCount:1
06-29 22:02:24.594 30753 30994 I ConfigStore: android::hardware::configstore::V1_0::ISurfaceFlingerConfigs::hasWideColorDisplay retrieved: 0
06-29 22:02:24.594 30753 30994 I ConfigStore: android::hardware::configstore::V1_0::ISurfaceFlingerConfigs::hasHDRDisplay retrieved: 0
06-29 22:02:24.594 30753 30994 I OpenGLRenderer: Initialized EGL, version 1.4
06-29 22:02:24.595 30753 30994 D OpenGLRenderer: Swap behavior 2
06-29 22:02:24.595 30753 30753 W StaticLayout: maxLineHeight should not be -1.  maxLines:1 lineCount:1
06-29 22:02:24.605 30753 30753 I TransferNetworkLossHand: Network connectivity changed detected.
06-29 22:02:24.607 30753 30994 D mali_winsys: EGLint new_window_surface(egl_winsys_display *, void *, EGLSurface, EGLConfig, egl_winsys_surface **, EGLBoolean) returns 0x3000
06-29 22:02:24.607 30753 30753 I TransferNetworkLossHand: Network connected: false
06-29 22:02:24.607 30753 30994 D OpenGLRenderer: eglCreateWindowSurface = 0x7084ee7b00, 0x7086c68010
06-29 22:02:24.696 30753 30994 D vndksupport: Loading /vendor/lib64/hw/android.hardware.graphics.mapper@2.0-impl.so from current namespace instead of sphal namespace.
06-29 22:02:24.718 30753 30773 D MainActivity: Scanned /storage/emulated/0/Movies/summarised
06-29 22:02:24.718 30753 30773 D MainActivity:   -> uri=content://media/external/file/136897
06-29 22:02:24.718 30753 30753 D ViewRootImpl@1fb9709[MainActivity]: MSG_RESIZED: frame=Rect(0, 0 - 720, 1480) ci=Rect(0, 48 - 0, 96) vi=Rect(0, 48 - 0, 96) or=1
06-29 22:02:24.723 30753 30753 D ViewRootImpl@1fb9709[MainActivity]: setWindowStopped(false) old=false
06-29 22:02:24.730 30753 30753 D ViewRootImpl@1fb9709[MainActivity]: MSG_WINDOW_FOCUS_CHANGED 1 1
06-29 22:02:24.731 30753 30753 D InputMethodManager: prepareNavigationBarInfo() DecorView@7abe745[MainActivity]
06-29 22:02:24.731 30753 30753 D InputMethodManager: getNavigationBarColor() -855310
06-29 22:02:24.738 30753 30753 D InputMethodManager: prepareNavigationBarInfo() DecorView@7abe745[MainActivity]
06-29 22:02:24.739 30753 30753 D InputMethodManager: getNavigationBarColor() -855310
06-29 22:02:24.739 30753 30753 V InputMethodManager: Starting input: tba=com.example.edgesum ic=null mNaviBarColor -855310 mIsGetNaviBarColorSuccess true , NavVisible : true , NavTrans : false
06-29 22:02:24.739 30753 30753 D InputMethodManager: startInputInner - Id : 0
06-29 22:02:24.739 30753 30753 I InputMethodManager: startInputInner - mService.startInputOrWindowGainedFocus
06-29 22:02:24.744 30753 30773 D InputTransport: Input channel constructed: fd=74
06-29 22:02:24.749 30753 30773 D MainActivity: Scanned /storage/emulated/0/Movies/raw
06-29 22:02:24.749 30753 30773 D MainActivity:   -> uri=content://media/external/file/136896
06-29 22:02:24.774 30753 30753 D InputMethodManager: prepareNavigationBarInfo() DecorView@7abe745[MainActivity]
06-29 22:02:24.775 30753 30753 D InputMethodManager: getNavigationBarColor() -855310
06-29 22:02:24.775 30753 30753 V InputMethodManager: Starting input: tba=com.example.edgesum ic=null mNaviBarColor -855310 mIsGetNaviBarColorSuccess true , NavVisible : true , NavTrans : false
06-29 22:02:24.775 30753 30753 D InputMethodManager: startInputInner - Id : 0
06-29 22:02:27.972 30753 30753 D ViewRootImpl@1fb9709[MainActivity]: ViewPostIme pointer 0
06-29 22:02:28.059 30753 30753 D ViewRootImpl@1fb9709[MainActivity]: ViewPostIme pointer 1
06-29 22:02:28.072 30753 30753 V MainActivity: Connect button clicked
06-29 22:02:31.328 30753 30753 D ViewRootImpl@1fb9709[MainActivity]: ViewPostIme pointer 0
06-29 22:02:31.411 30753 30753 D ViewRootImpl@1fb9709[MainActivity]: ViewPostIme pointer 1
06-29 22:02:31.421 30753 30753 V ConnectionFragment: Discovery switch checked
06-29 22:02:32.396 30753 30753 D NearbyFragment: Started discovering
06-29 22:02:34.420 30753 30753 D NearbyFragment: Found endpoint MHNk: Nexus 5X [34d8]
06-29 22:02:34.467 30753 30753 W example.edgesu: Accessing hidden method Landroid/graphics/FontFamily;-><init>()V (light greylist, reflection)
06-29 22:02:34.468 30753 30753 W example.edgesu: Accessing hidden method Landroid/graphics/FontFamily;->addFontFromAssetManager(Landroid/content/res/AssetManager;Ljava/lang/String;IZIII[Landroid/graphics/fonts/FontVariationAxis;)Z (light greylist, reflection)
06-29 22:02:34.468 30753 30753 W example.edgesu: Accessing hidden method Landroid/graphics/FontFamily;->addFontFromBuffer(Ljava/nio/ByteBuffer;I[Landroid/graphics/fonts/FontVariationAxis;II)Z (light greylist, reflection)
06-29 22:02:34.468 30753 30753 W example.edgesu: Accessing hidden method Landroid/graphics/FontFamily;->freeze()Z (light greylist, reflection)
06-29 22:02:34.468 30753 30753 W example.edgesu: Accessing hidden method Landroid/graphics/FontFamily;->abortCreation()V (light greylist, reflection)
06-29 22:02:34.469 30753 30753 W example.edgesu: Accessing hidden method Landroid/graphics/Typeface;->createFromFamiliesWithDefault([Landroid/graphics/FontFamily;Ljava/lang/String;II)Landroid/graphics/Typeface; (light greylist, reflection)
06-29 22:02:36.779 30753 30753 D ViewRootImpl@1fb9709[MainActivity]: ViewPostIme pointer 0
06-29 22:02:36.852 30753 30753 D ViewRootImpl@1fb9709[MainActivity]: ViewPostIme pointer 1
06-29 22:02:36.889 30753 30753 D NearbyFragment: Selected 'Endpoint{id=MHNk, name=Nexus 5X [34d8]}'
06-29 22:02:36.912 30753 30753 D InputTransport: Input channel constructed: fd=77
06-29 22:02:36.914 30753 30753 D ViewRootImpl@8c18e87[Toast]: setView = android.widget.LinearLayout{74101b4 V.E...... ......I. 0,0-0,0} TM=true MM=false
06-29 22:02:36.915 30753 30753 V Toast   : Text: Donn in android.widget.Toast$TN@a6ac1dd
06-29 22:02:36.918 30753 30753 D ViewRootImpl@8c18e87[Toast]: dispatchAttachedToWindow
06-29 22:02:36.944 30753 30753 D ViewRootImpl@8c18e87[Toast]: Relayout returned: old=[0,48][720,1384] new=[118,1168][602,1256] result=0x7 surface={valid=true 483000197120} changed=true
06-29 22:02:36.948 30753 30994 D mali_winsys: EGLint new_window_surface(egl_winsys_display *, void *, EGLSurface, EGLConfig, egl_winsys_surface **, EGLBoolean) returns 0x3000
06-29 22:02:36.948 30753 30994 D OpenGLRenderer: eglCreateWindowSurface = 0x70709ee780, 0x70750e2010
06-29 22:02:36.955 30753 30753 D ViewRootImpl@8c18e87[Toast]: MSG_RESIZED: frame=Rect(118, 1168 - 602, 1256) ci=Rect(0, 0 - 0, 0) vi=Rect(0, 0 - 0, 0) or=1
06-29 22:02:40.394 30753 30994 W libEGL  : EGLNativeWindowType 0x70750e2010 disconnect failed
06-29 22:02:40.395 30753 30994 D OpenGLRenderer: eglDestroySurface = 0x70709ee780, 0x70750e2000
06-29 22:02:40.395 30753 30753 D ViewRootImpl@8c18e87[Toast]: dispatchDetachedFromWindow
06-29 22:02:40.397 30753 30753 D ViewRootImpl@8c18e87[Toast]: Surface release. android.view.ViewRootImpl.doDie:7979 android.view.ViewRootImpl.die:7947 android.view.WindowManagerGlobal.removeViewLocked:497 android.view.WindowManagerGlobal.removeView:435 android.view.WindowManagerImpl.removeViewImmediate:124 android.widget.Toast$TN.handleHide:1110 android.widget.Toast$TN$1.handleMessage:898 android.os.Handler.dispatchMessage:106 
06-29 22:02:40.438 30753 30753 D InputTransport: Input channel destroyed: fd=77
06-29 22:02:41.264 30753 30753 D NearbyFragment: Initiated connection with Endpoint{id=MHNk, name=Nexus 5X [34d8]}: Nexus 5X [34d8]
06-29 22:02:41.283 30753 30753 D Dialog  : mIsSamsungBasicInteraction = false
06-29 22:02:41.283 30753 30753 D Dialog  : mIsSamsungBasicInteraction = false, isMetaDataInActivity = false
06-29 22:02:41.326 30753 30753 I DecorView: createDecorCaptionView >> DecorView@2894f95[], isFloating: true, isApplication: true, hasWindowDecorCaption: false, hasWindowControllerCallback: false
06-29 22:02:41.417 30753 30753 D ScrollView: initGoToTop
06-29 22:02:41.473 30753 30753 D InputTransport: Input channel constructed: fd=77
06-29 22:02:41.477 30753 30753 D ViewRootImpl@f005f81[MainActivity]: setView = DecorView@2894f95[MainActivity] TM=true MM=false
06-29 22:02:41.479 30753 30753 D NearbyFragment: Requested connection with Endpoint{id=MHNk, name=Nexus 5X [34d8]}
06-29 22:02:41.494 30753 30753 D ViewRootImpl@f005f81[MainActivity]: dispatchAttachedToWindow
06-29 22:02:41.561 30753 30753 D ViewRootImpl@f005f81[MainActivity]: Relayout returned: old=[0,48][720,1384] new=[18,508][702,923] result=0x7 surface={valid=true 483000197120} changed=true
06-29 22:02:41.570 30753 30994 D mali_winsys: EGLint new_window_surface(egl_winsys_display *, void *, EGLSurface, EGLConfig, egl_winsys_surface **, EGLBoolean) returns 0x3000
06-29 22:02:41.570 30753 30994 D OpenGLRenderer: eglCreateWindowSurface = 0x7075105200, 0x70750e2010
06-29 22:02:41.600 30753 30753 D ScrollView:  onsize change changed 
06-29 22:02:41.605 30753 30753 D ViewRootImpl@f005f81[MainActivity]: MSG_WINDOW_FOCUS_CHANGED 1 1
06-29 22:02:41.654 30753 30753 D ViewRootImpl@f005f81[MainActivity]: MSG_RESIZED: frame=Rect(18, 508 - 702, 923) ci=Rect(0, 0 - 0, 0) vi=Rect(0, 0 - 0, 0) or=1
06-29 22:02:41.718 30753 30753 D ViewRootImpl@1fb9709[MainActivity]: MSG_WINDOW_FOCUS_CHANGED 0 1
06-29 22:02:41.718 30753 30753 D InputMethodManager: prepareNavigationBarInfo() DecorView@7abe745[MainActivity]
06-29 22:02:41.718 30753 30753 D InputMethodManager: getNavigationBarColor() -855310
06-29 22:02:42.561 30753 30753 D ViewRootImpl@f005f81[MainActivity]: ViewPostIme pointer 0
06-29 22:02:42.636 30753 30753 D ViewRootImpl@f005f81[MainActivity]: ViewPostIme pointer 1
06-29 22:02:42.664 30753 30994 W libEGL  : EGLNativeWindowType 0x70750e2010 disconnect failed
06-29 22:02:42.664 30753 30994 D OpenGLRenderer: eglDestroySurface = 0x7075105200, 0x70750e2000
06-29 22:02:42.664 30753 30994 D OpenGLRenderer: endAllActiveAnimators on 0x707513e500 (RippleDrawable) with handle 0x7074fdee00
06-29 22:02:42.665 30753 30753 D ViewRootImpl@f005f81[MainActivity]: dispatchDetachedFromWindow
06-29 22:02:42.665 30753 30753 D ViewRootImpl@f005f81[MainActivity]: Surface release. android.view.ViewRootImpl.doDie:7979 android.view.ViewRootImpl.die:7947 android.view.WindowManagerGlobal.removeViewLocked:497 android.view.WindowManagerGlobal.removeView:435 android.view.WindowManagerImpl.removeViewImmediate:124 android.app.Dialog.dismissDialog:518 android.app.Dialog.dismiss:501 androidx.appcompat.app.AlertController$ButtonHandler.handleMessage:171 
06-29 22:02:42.675 30753 30753 D InputTransport: Input channel destroyed: fd=77
06-29 22:02:42.678 30753 30753 I NearbyFragment: Connected to Endpoint{id=MHNk, name=Nexus 5X [34d8]}
06-29 22:02:42.734 30753 30753 D ViewRootImpl@1fb9709[MainActivity]: MSG_WINDOW_FOCUS_CHANGED 1 1
06-29 22:02:42.735 30753 30753 D InputMethodManager: prepareNavigationBarInfo() DecorView@7abe745[MainActivity]
06-29 22:02:42.735 30753 30753 D InputMethodManager: getNavigationBarColor() -855310
06-29 22:02:42.747 30753 30753 E ViewRootImpl: sendUserActionEvent() returned.
06-29 22:02:44.123 30753 30753 D ViewRootImpl@1fb9709[MainActivity]: ViewPostIme pointer 0
06-29 22:02:44.213 30753 30753 D ViewRootImpl@1fb9709[MainActivity]: ViewPostIme pointer 1
06-29 22:02:44.220 30753 30753 V ConnectionFragment: Discovery switch unchecked
06-29 22:02:44.221 30753 30753 D NearbyFragment: Stopped discovering
06-29 22:02:48.422 30753 30753 I TransferNetworkLossHand: Network connectivity changed detected.
06-29 22:02:48.516 30753 30753 I TransferNetworkLossHand: Network connected: true
06-29 22:02:48.521 30753 31325 D TransferNetworkLossHand: Loading transfers from database...
06-29 22:02:48.531 30753 31325 D TransferNetworkLossHand: Closing the cursor for resumeAllTransfers
06-29 22:02:48.532 30753 31325 D TransferNetworkLossHand: 0 transfers are loaded from database.
06-29 22:04:23.584 30753 30753 D NearbyFragment: onPayloadReceived(endpointId=MHNk, payload=com.google.android.gms.nearby.connection.Payload@f6c9a47)
06-29 22:04:23.588 30753 30753 V NearbyFragment: Started downloading SUMMARISE_SEGMENT:-6842901218440321006:20200312_150643!000.mp4:45.0_1.0_23_medium from Endpoint{id=MHNk, name=Nexus 5X [34d8]}
06-29 22:04:23.596 30753 30753 V NearbyFragment: Transfer to MHNk: 100%
06-29 22:04:23.599 30753 30753 V NearbyFragment: Transfer to MHNk: 100%
06-29 22:04:23.615 30753 30753 D NearbyFragment: onPayloadReceived(endpointId=MHNk, payload=com.google.android.gms.nearby.connection.Payload@4c46012)
06-29 22:04:23.619 30753 30753 V NearbyFragment: Transfer to MHNk: 0%
06-29 22:04:23.624 30753 30753 V NearbyFragment: Transfer to MHNk: 0%
06-29 22:04:23.631 30753 30753 V NearbyFragment: Transfer to MHNk: 1%
06-29 22:04:23.641 30753 30753 V NearbyFragment: Transfer to MHNk: 1%
06-29 22:04:23.644 30753 30753 V NearbyFragment: Transfer to MHNk: 1%
06-29 22:04:23.657 30753 30753 V NearbyFragment: Transfer to MHNk: 2%
06-29 22:04:23.669 30753 30753 V NearbyFragment: Transfer to MHNk: 2%
06-29 22:04:23.682 30753 30753 V NearbyFragment: Transfer to MHNk: 3%
06-29 22:04:23.687 30753 30753 V NearbyFragment: Transfer to MHNk: 3%
06-29 22:04:23.697 30753 30753 V NearbyFragment: Transfer to MHNk: 3%
06-29 22:04:23.704 30753 30753 V NearbyFragment: Transfer to MHNk: 4%
06-29 22:04:23.730 30753 30753 V NearbyFragment: Transfer to MHNk: 4%
06-29 22:04:23.741 30753 30753 V NearbyFragment: Transfer to MHNk: 5%
06-29 22:04:23.746 30753 30753 V NearbyFragment: Transfer to MHNk: 5%
06-29 22:04:23.752 30753 30753 V NearbyFragment: Transfer to MHNk: 5%
06-29 22:04:23.765 30753 30753 V NearbyFragment: Transfer to MHNk: 6%
06-29 22:04:23.767 30753 30753 V NearbyFragment: Transfer to MHNk: 6%
06-29 22:04:23.773 30753 30753 V NearbyFragment: Transfer to MHNk: 7%
06-29 22:04:23.782 30753 30753 V NearbyFragment: Transfer to MHNk: 7%
06-29 22:04:23.787 30753 30753 V NearbyFragment: Transfer to MHNk: 7%
06-29 22:04:23.792 30753 30753 V NearbyFragment: Transfer to MHNk: 8%
06-29 22:04:23.798 30753 30753 V NearbyFragment: Transfer to MHNk: 8%
06-29 22:04:23.803 30753 30753 V NearbyFragment: Transfer to MHNk: 8%
06-29 22:04:23.808 30753 30753 V NearbyFragment: Transfer to MHNk: 9%
06-29 22:04:23.813 30753 30753 V NearbyFragment: Transfer to MHNk: 9%
06-29 22:04:23.816 30753 30753 V NearbyFragment: Transfer to MHNk: 10%
06-29 22:04:23.824 30753 30753 V NearbyFragment: Transfer to MHNk: 10%
06-29 22:04:23.826 30753 30753 V NearbyFragment: Transfer to MHNk: 10%
06-29 22:04:23.833 30753 30753 V NearbyFragment: Transfer to MHNk: 11%
06-29 22:04:23.836 30753 30753 V NearbyFragment: Transfer to MHNk: 11%
06-29 22:04:23.843 30753 30753 V NearbyFragment: Transfer to MHNk: 12%
06-29 22:04:24.004 30753 30753 V NearbyFragment: Transfer to MHNk: 12%
06-29 22:04:24.014 30753 30753 V NearbyFragment: Transfer to MHNk: 12%
06-29 22:04:24.021 30753 30753 V NearbyFragment: Transfer to MHNk: 13%
06-29 22:04:24.039 30753 30753 V NearbyFragment: Transfer to MHNk: 13%
06-29 22:04:24.044 30753 30753 V NearbyFragment: Transfer to MHNk: 14%
06-29 22:04:24.049 30753 30753 V NearbyFragment: Transfer to MHNk: 14%
06-29 22:04:24.054 30753 30753 V NearbyFragment: Transfer to MHNk: 14%
06-29 22:04:24.058 30753 30753 V NearbyFragment: Transfer to MHNk: 15%
06-29 22:04:24.064 30753 30753 V NearbyFragment: Transfer to MHNk: 15%
06-29 22:04:24.068 30753 30753 V NearbyFragment: Transfer to MHNk: 15%
06-29 22:04:24.082 30753 30753 V NearbyFragment: Transfer to MHNk: 16%
06-29 22:04:24.084 30753 30753 V NearbyFragment: Transfer to MHNk: 16%
06-29 22:04:24.094 30753 30753 V NearbyFragment: Transfer to MHNk: 17%
06-29 22:04:24.110 30753 30753 V NearbyFragment: Transfer to MHNk: 17%
06-29 22:04:24.112 30753 30753 V NearbyFragment: Transfer to MHNk: 17%
06-29 22:04:24.126 30753 30753 V NearbyFragment: Transfer to MHNk: 18%
06-29 22:04:24.128 30753 30753 V NearbyFragment: Transfer to MHNk: 18%
06-29 22:04:24.129 30753 30753 V NearbyFragment: Transfer to MHNk: 19%
06-29 22:04:24.132 30753 30753 V NearbyFragment: Transfer to MHNk: 19%
06-29 22:04:24.133 30753 30753 V NearbyFragment: Transfer to MHNk: 19%
06-29 22:04:24.162 30753 30753 V NearbyFragment: Transfer to MHNk: 20%
06-29 22:04:24.163 30753 30753 V NearbyFragment: Transfer to MHNk: 20%
06-29 22:04:24.165 30753 30753 V NearbyFragment: Transfer to MHNk: 21%
06-29 22:04:24.166 30753 30753 V NearbyFragment: Transfer to MHNk: 21%
06-29 22:04:24.168 30753 30753 V NearbyFragment: Transfer to MHNk: 21%
06-29 22:04:24.170 30753 30753 V NearbyFragment: Transfer to MHNk: 22%
06-29 22:04:24.171 30753 30753 V NearbyFragment: Transfer to MHNk: 22%
06-29 22:04:24.173 30753 30753 V NearbyFragment: Transfer to MHNk: 22%
06-29 22:04:24.174 30753 30753 V NearbyFragment: Transfer to MHNk: 23%
06-29 22:04:24.178 30753 30753 V NearbyFragment: Transfer to MHNk: 23%
06-29 22:04:24.182 30753 30753 V NearbyFragment: Transfer to MHNk: 24%
06-29 22:04:24.185 30753 30753 V NearbyFragment: Transfer to MHNk: 24%
06-29 22:04:24.189 30753 30753 V NearbyFragment: Transfer to MHNk: 24%
06-29 22:04:24.194 30753 30753 V NearbyFragment: Transfer to MHNk: 25%
06-29 22:04:24.198 30753 30753 V NearbyFragment: Transfer to MHNk: 25%
06-29 22:04:24.202 30753 30753 V NearbyFragment: Transfer to MHNk: 26%
06-29 22:04:24.206 30753 30753 V NearbyFragment: Transfer to MHNk: 26%
06-29 22:04:24.210 30753 30753 V NearbyFragment: Transfer to MHNk: 26%
06-29 22:04:24.214 30753 30753 V NearbyFragment: Transfer to MHNk: 27%
06-29 22:04:24.219 30753 30753 V NearbyFragment: Transfer to MHNk: 27%
06-29 22:04:24.223 30753 30753 V NearbyFragment: Transfer to MHNk: 28%
06-29 22:04:24.227 30753 30753 V NearbyFragment: Transfer to MHNk: 28%
06-29 22:04:24.230 30753 30753 V NearbyFragment: Transfer to MHNk: 28%
06-29 22:04:24.235 30753 30753 V NearbyFragment: Transfer to MHNk: 29%
06-29 22:04:24.238 30753 30753 V NearbyFragment: Transfer to MHNk: 29%
06-29 22:04:24.244 30753 30753 V NearbyFragment: Transfer to MHNk: 29%
06-29 22:04:24.248 30753 30753 V NearbyFragment: Transfer to MHNk: 30%
06-29 22:04:24.253 30753 30753 V NearbyFragment: Transfer to MHNk: 30%
06-29 22:04:24.257 30753 30753 V NearbyFragment: Transfer to MHNk: 31%
06-29 22:04:24.261 30753 30753 V NearbyFragment: Transfer to MHNk: 31%
06-29 22:04:24.265 30753 30753 V NearbyFragment: Transfer to MHNk: 31%
06-29 22:04:24.272 30753 30753 V NearbyFragment: Transfer to MHNk: 32%
06-29 22:04:24.275 30753 30753 V NearbyFragment: Transfer to MHNk: 32%
06-29 22:04:24.278 30753 30753 V NearbyFragment: Transfer to MHNk: 33%
06-29 22:04:24.286 30753 30753 V NearbyFragment: Transfer to MHNk: 33%
06-29 22:04:24.289 30753 30753 V NearbyFragment: Transfer to MHNk: 33%
06-29 22:04:24.296 30753 30753 V NearbyFragment: Transfer to MHNk: 34%
06-29 22:04:24.304 30753 30753 V NearbyFragment: Transfer to MHNk: 34%
06-29 22:04:24.306 30753 30753 V NearbyFragment: Transfer to MHNk: 35%
06-29 22:04:24.313 30753 30753 V NearbyFragment: Transfer to MHNk: 35%
06-29 22:04:24.316 30753 30753 V NearbyFragment: Transfer to MHNk: 35%
06-29 22:04:24.322 30753 30753 V NearbyFragment: Transfer to MHNk: 36%
06-29 22:04:24.327 30753 30753 V NearbyFragment: Transfer to MHNk: 36%
06-29 22:04:24.335 30753 30753 V NearbyFragment: Transfer to MHNk: 36%
06-29 22:04:24.357 30753 30753 V NearbyFragment: Transfer to MHNk: 37%
06-29 22:04:24.367 30753 30753 V NearbyFragment: Transfer to MHNk: 37%
06-29 22:04:24.376 30753 30753 V NearbyFragment: Transfer to MHNk: 38%
06-29 22:04:24.380 30753 30753 V NearbyFragment: Transfer to MHNk: 38%
06-29 22:04:24.388 30753 30753 V NearbyFragment: Transfer to MHNk: 38%
06-29 22:04:24.392 30753 30753 V NearbyFragment: Transfer to MHNk: 39%
06-29 22:04:24.399 30753 30753 V NearbyFragment: Transfer to MHNk: 39%
06-29 22:04:24.408 30753 30753 V NearbyFragment: Transfer to MHNk: 40%
06-29 22:04:24.411 30753 30753 V NearbyFragment: Transfer to MHNk: 40%
06-29 22:04:24.416 30753 30753 V NearbyFragment: Transfer to MHNk: 40%
06-29 22:04:24.421 30753 30753 V NearbyFragment: Transfer to MHNk: 41%
06-29 22:04:24.442 30753 30753 V NearbyFragment: Transfer to MHNk: 41%
06-29 22:04:24.444 30753 30753 V NearbyFragment: Transfer to MHNk: 42%
06-29 22:04:24.448 30753 30753 V NearbyFragment: Transfer to MHNk: 42%
06-29 22:04:24.453 30753 30753 V NearbyFragment: Transfer to MHNk: 42%
06-29 22:04:24.457 30753 30753 V NearbyFragment: Transfer to MHNk: 43%
06-29 22:04:24.462 30753 30753 V NearbyFragment: Transfer to MHNk: 43%
06-29 22:04:24.464 30753 30753 V NearbyFragment: Transfer to MHNk: 43%
06-29 22:04:24.469 30753 30753 V NearbyFragment: Transfer to MHNk: 44%
06-29 22:04:24.470 30753 30753 V NearbyFragment: Transfer to MHNk: 44%
06-29 22:04:24.475 30753 30753 V NearbyFragment: Transfer to MHNk: 45%
06-29 22:04:24.478 30753 30753 V NearbyFragment: Transfer to MHNk: 45%
06-29 22:04:24.481 30753 30753 V NearbyFragment: Transfer to MHNk: 45%
06-29 22:04:24.485 30753 30753 V NearbyFragment: Transfer to MHNk: 46%
06-29 22:04:24.489 30753 30753 V NearbyFragment: Transfer to MHNk: 46%
06-29 22:04:24.493 30753 30753 V NearbyFragment: Transfer to MHNk: 47%
06-29 22:04:24.498 30753 30753 V NearbyFragment: Transfer to MHNk: 47%
06-29 22:04:24.502 30753 30753 V NearbyFragment: Transfer to MHNk: 47%
06-29 22:04:24.507 30753 30753 V NearbyFragment: Transfer to MHNk: 48%
06-29 22:04:24.511 30753 30753 V NearbyFragment: Transfer to MHNk: 48%
06-29 22:04:24.517 30753 30753 V NearbyFragment: Transfer to MHNk: 49%
06-29 22:04:24.521 30753 30753 V NearbyFragment: Transfer to MHNk: 49%
06-29 22:04:24.526 30753 30753 V NearbyFragment: Transfer to MHNk: 49%
06-29 22:04:24.529 30753 30753 V NearbyFragment: Transfer to MHNk: 50%
06-29 22:04:24.533 30753 30753 V NearbyFragment: Transfer to MHNk: 50%
06-29 22:04:24.537 30753 30753 V NearbyFragment: Transfer to MHNk: 50%
06-29 22:04:24.540 30753 30753 V NearbyFragment: Transfer to MHNk: 51%
06-29 22:04:24.545 30753 30753 V NearbyFragment: Transfer to MHNk: 51%
06-29 22:04:24.550 30753 30753 V NearbyFragment: Transfer to MHNk: 52%
06-29 22:04:24.555 30753 30753 V NearbyFragment: Transfer to MHNk: 52%
06-29 22:04:24.559 30753 30753 V NearbyFragment: Transfer to MHNk: 52%
06-29 22:04:24.565 30753 30753 V NearbyFragment: Transfer to MHNk: 53%
06-29 22:04:24.569 30753 30753 V NearbyFragment: Transfer to MHNk: 53%
06-29 22:04:24.574 30753 30753 V NearbyFragment: Transfer to MHNk: 54%
06-29 22:04:24.578 30753 30753 V NearbyFragment: Transfer to MHNk: 54%
06-29 22:04:24.582 30753 30753 V NearbyFragment: Transfer to MHNk: 54%
06-29 22:04:24.583 30753 30753 V NearbyFragment: Transfer to MHNk: 55%
06-29 22:04:24.587 30753 30753 V NearbyFragment: Transfer to MHNk: 55%
06-29 22:04:24.591 30753 30753 V NearbyFragment: Transfer to MHNk: 56%
06-29 22:04:24.595 30753 30753 V NearbyFragment: Transfer to MHNk: 56%
06-29 22:04:24.600 30753 30753 V NearbyFragment: Transfer to MHNk: 56%
06-29 22:04:24.604 30753 30753 V NearbyFragment: Transfer to MHNk: 57%
06-29 22:04:24.609 30753 30753 V NearbyFragment: Transfer to MHNk: 57%
06-29 22:04:24.612 30753 30753 V NearbyFragment: Transfer to MHNk: 57%
06-29 22:04:24.616 30753 30753 V NearbyFragment: Transfer to MHNk: 58%
06-29 22:04:24.622 30753 30753 V NearbyFragment: Transfer to MHNk: 58%
06-29 22:04:24.626 30753 30753 V NearbyFragment: Transfer to MHNk: 59%
06-29 22:04:24.629 30753 30753 V NearbyFragment: Transfer to MHNk: 59%
06-29 22:04:24.632 30753 30753 V NearbyFragment: Transfer to MHNk: 59%
06-29 22:04:24.637 30753 30753 V NearbyFragment: Transfer to MHNk: 60%
06-29 22:04:24.650 30753 30753 V NearbyFragment: Transfer to MHNk: 60%
06-29 22:04:24.653 30753 30753 V NearbyFragment: Transfer to MHNk: 61%
06-29 22:04:24.661 30753 30753 V NearbyFragment: Transfer to MHNk: 61%
06-29 22:04:24.825 30753 30753 V NearbyFragment: Transfer to MHNk: 61%
06-29 22:04:24.830 30753 30753 V NearbyFragment: Transfer to MHNk: 62%
06-29 22:04:24.841 30753 30753 V NearbyFragment: Transfer to MHNk: 62%
06-29 22:04:24.873 30753 30753 V NearbyFragment: Transfer to MHNk: 63%
06-29 22:04:24.882 30753 30753 V NearbyFragment: Transfer to MHNk: 63%
06-29 22:04:24.897 30753 30753 V NearbyFragment: Transfer to MHNk: 63%
06-29 22:04:24.901 30753 30753 V NearbyFragment: Transfer to MHNk: 64%
06-29 22:04:24.913 30753 30753 V NearbyFragment: Transfer to MHNk: 64%
06-29 22:04:24.920 30753 30753 V NearbyFragment: Transfer to MHNk: 64%
06-29 22:04:24.926 30753 30753 V NearbyFragment: Transfer to MHNk: 65%
06-29 22:04:24.941 30753 30753 V NearbyFragment: Transfer to MHNk: 65%
06-29 22:04:24.956 30753 30753 V NearbyFragment: Transfer to MHNk: 66%
06-29 22:04:24.965 30753 30753 V NearbyFragment: Transfer to MHNk: 66%
06-29 22:04:24.975 30753 30753 V NearbyFragment: Transfer to MHNk: 66%
06-29 22:04:24.980 30753 30753 V NearbyFragment: Transfer to MHNk: 67%
06-29 22:04:24.990 30753 30753 V NearbyFragment: Transfer to MHNk: 67%
06-29 22:04:24.999 30753 30753 V NearbyFragment: Transfer to MHNk: 68%
06-29 22:04:25.004 30753 30753 V NearbyFragment: Transfer to MHNk: 68%
06-29 22:04:25.012 30753 30753 V NearbyFragment: Transfer to MHNk: 68%
06-29 22:04:25.017 30753 30753 V NearbyFragment: Transfer to MHNk: 69%
06-29 22:04:25.025 30753 30753 V NearbyFragment: Transfer to MHNk: 69%
06-29 22:04:25.033 30753 30753 V NearbyFragment: Transfer to MHNk: 70%
06-29 22:04:25.039 30753 30753 V NearbyFragment: Transfer to MHNk: 70%
06-29 22:04:25.044 30753 30753 V NearbyFragment: Transfer to MHNk: 70%
06-29 22:04:25.049 30753 30753 V NearbyFragment: Transfer to MHNk: 71%
06-29 22:04:25.053 30753 30753 V NearbyFragment: Transfer to MHNk: 71%
06-29 22:04:25.057 30753 30753 V NearbyFragment: Transfer to MHNk: 71%
06-29 22:04:25.061 30753 30753 V NearbyFragment: Transfer to MHNk: 72%
06-29 22:04:25.067 30753 30753 V NearbyFragment: Transfer to MHNk: 72%
06-29 22:04:25.072 30753 30753 V NearbyFragment: Transfer to MHNk: 73%
06-29 22:04:25.076 30753 30753 V NearbyFragment: Transfer to MHNk: 73%
06-29 22:04:25.081 30753 30753 V NearbyFragment: Transfer to MHNk: 73%
06-29 22:04:25.085 30753 30753 V NearbyFragment: Transfer to MHNk: 74%
06-29 22:04:25.091 30753 30753 V NearbyFragment: Transfer to MHNk: 74%
06-29 22:04:25.095 30753 30753 V NearbyFragment: Transfer to MHNk: 75%
06-29 22:04:25.100 30753 30753 V NearbyFragment: Transfer to MHNk: 75%
06-29 22:04:25.104 30753 30753 V NearbyFragment: Transfer to MHNk: 75%
06-29 22:04:25.114 30753 30753 V NearbyFragment: Transfer to MHNk: 76%
06-29 22:04:25.118 30753 30753 V NearbyFragment: Transfer to MHNk: 76%
06-29 22:04:25.124 30753 30753 V NearbyFragment: Transfer to MHNk: 77%
06-29 22:04:25.128 30753 30753 V NearbyFragment: Transfer to MHNk: 77%
06-29 22:04:25.132 30753 30753 V NearbyFragment: Transfer to MHNk: 77%
06-29 22:04:25.136 30753 30753 V NearbyFragment: Transfer to MHNk: 78%
06-29 22:04:25.140 30753 30753 V NearbyFragment: Transfer to MHNk: 78%
06-29 22:04:25.157 30753 30753 V NearbyFragment: Transfer to MHNk: 78%
06-29 22:04:25.158 30753 30753 V NearbyFragment: Transfer to MHNk: 79%
06-29 22:04:25.164 30753 30753 V NearbyFragment: Transfer to MHNk: 79%
06-29 22:04:25.169 30753 30753 V NearbyFragment: Transfer to MHNk: 80%
06-29 22:04:25.171 30753 30753 V NearbyFragment: Transfer to MHNk: 80%
06-29 22:04:25.175 30753 30753 V NearbyFragment: Transfer to MHNk: 80%
06-29 22:04:25.181 30753 30753 V NearbyFragment: Transfer to MHNk: 81%
06-29 22:04:25.190 30753 30753 V NearbyFragment: Transfer to MHNk: 81%
06-29 22:04:25.196 30753 30753 V NearbyFragment: Transfer to MHNk: 82%
06-29 22:04:25.213 30753 30753 V NearbyFragment: Transfer to MHNk: 82%
06-29 22:04:25.228 30753 30753 V NearbyFragment: Transfer to MHNk: 82%
06-29 22:04:25.238 30753 30753 V NearbyFragment: Transfer to MHNk: 83%
06-29 22:04:25.243 30753 30753 V NearbyFragment: Transfer to MHNk: 83%
06-29 22:04:25.248 30753 30753 V NearbyFragment: Transfer to MHNk: 84%
06-29 22:04:25.252 30753 30753 V NearbyFragment: Transfer to MHNk: 84%
06-29 22:04:25.259 30753 30753 V NearbyFragment: Transfer to MHNk: 84%
06-29 22:04:25.266 30753 30753 V NearbyFragment: Transfer to MHNk: 85%
06-29 22:04:25.272 30753 30753 V NearbyFragment: Transfer to MHNk: 85%
06-29 22:04:25.276 30753 30753 V NearbyFragment: Transfer to MHNk: 85%
06-29 22:04:25.279 30753 30753 V NearbyFragment: Transfer to MHNk: 86%
06-29 22:04:25.285 30753 30753 V NearbyFragment: Transfer to MHNk: 86%
06-29 22:04:25.290 30753 30753 V NearbyFragment: Transfer to MHNk: 87%
06-29 22:04:25.295 30753 30753 V NearbyFragment: Transfer to MHNk: 87%
06-29 22:04:25.299 30753 30753 V NearbyFragment: Transfer to MHNk: 87%
06-29 22:04:25.304 30753 30753 V NearbyFragment: Transfer to MHNk: 88%
06-29 22:04:25.307 30753 30753 V NearbyFragment: Transfer to MHNk: 88%
06-29 22:04:25.309 30753 30753 V NearbyFragment: Transfer to MHNk: 89%
06-29 22:04:25.312 30753 30753 V NearbyFragment: Transfer to MHNk: 89%
06-29 22:04:25.317 30753 30753 V NearbyFragment: Transfer to MHNk: 89%
06-29 22:04:25.319 30753 30753 V NearbyFragment: Transfer to MHNk: 90%
06-29 22:04:25.322 30753 30753 V NearbyFragment: Transfer to MHNk: 90%
06-29 22:04:25.325 30753 30753 V NearbyFragment: Transfer to MHNk: 91%
06-29 22:04:25.328 30753 30753 V NearbyFragment: Transfer to MHNk: 91%
06-29 22:04:25.331 30753 30753 V NearbyFragment: Transfer to MHNk: 91%
06-29 22:04:25.339 30753 30753 V NearbyFragment: Transfer to MHNk: 92%
06-29 22:04:25.347 30753 30753 V NearbyFragment: Transfer to MHNk: 92%
06-29 22:04:25.360 30753 30753 V NearbyFragment: Transfer to MHNk: 92%
06-29 22:04:25.368 30753 30753 V NearbyFragment: Transfer to MHNk: 93%
06-29 22:04:25.373 30753 30753 V NearbyFragment: Transfer to MHNk: 93%
06-29 22:04:25.379 30753 30753 V NearbyFragment: Transfer to MHNk: 94%
06-29 22:04:25.392 30753 30753 V NearbyFragment: Transfer to MHNk: 94%
06-29 22:04:25.400 30753 30753 V NearbyFragment: Transfer to MHNk: 94%
06-29 22:04:25.410 30753 30753 V NearbyFragment: Transfer to MHNk: 95%
06-29 22:04:25.416 30753 30753 V NearbyFragment: Transfer to MHNk: 95%
06-29 22:04:25.423 30753 30753 V NearbyFragment: Transfer to MHNk: 96%
06-29 22:04:25.429 30753 30753 V NearbyFragment: Transfer to MHNk: 96%
06-29 22:04:25.439 30753 30753 V NearbyFragment: Transfer to MHNk: 96%
06-29 22:04:25.442 30753 30753 V NearbyFragment: Transfer to MHNk: 97%
06-29 22:04:25.445 30753 30753 V NearbyFragment: Transfer to MHNk: 97%
06-29 22:04:25.451 30753 30753 V NearbyFragment: Transfer to MHNk: 98%
06-29 22:04:25.453 30753 30753 V NearbyFragment: Transfer to MHNk: 98%
06-29 22:04:25.460 30753 30753 V NearbyFragment: Transfer to MHNk: 98%
06-29 22:04:25.462 30753 30753 V NearbyFragment: Transfer to MHNk: 99%
06-29 22:04:25.608 30753 30753 V NearbyFragment: Transfer to MHNk: 99%
06-29 22:04:25.613 30753 30753 V NearbyFragment: Transfer to MHNk: 99%
06-29 22:04:25.616 30753 30753 V NearbyFragment: Transfer to MHNk: 100%
06-29 22:04:25.619 30753 30753 V NearbyFragment: Transfer to MHNk: 100%
06-29 22:04:25.644 30753 30753 W NearbyFragment: Completed downloading 20200312_150643!000.mp4 from Endpoint{id=MHNk, name=Nexus 5X [34d8]} in 02.029s
06-29 22:04:25.648 30753 30753 D NearbyFragment: Summarising 20200312_150643!000.mp4
06-29 22:04:25.726 30753 30753 V VideoManager: videoFromCursor
06-29 22:04:25.734 30753 30753 V ProcessingVideosEventHandler: onAdd
06-29 22:04:25.735 30753 30753 V RawFootageEventHandler: onRemove
06-29 22:04:25.744 30753 30753 V NearbyFragment: Transfer to MHNk: 100%
06-29 22:04:25.745 30753 30753 V NearbyFragment: Transfer to MHNk: 100%
06-29 22:04:25.761 30753 31565 V SummariserIntentService: onHandleIntent
06-29 22:04:25.762 30753 31565 D SummariserIntentService: Video{id='136827', data='/storage/emulated/0/Download/Nearby/20200312_150643!000.mp4', name='20200312_150643!000.mp4', size=16843851, visible=true, mimeType='video/mp4'}
06-29 22:04:25.762 30753 31565 D SummariserIntentService: /storage/emulated/0/Movies/segment-sum/20200312_150643!000.mp4
06-29 22:04:25.791 30753 31565 I mobile-ffmpeg: Loading mobile-ffmpeg.
06-29 22:04:25.863 30753 31565 I mobile-ffmpeg: Loaded mobile-ffmpeg-full-gpl-arm64-v8a-4.2.2-20190703.
06-29 22:04:25.866 30753 31566 D mobile-ffmpeg: Callback thread started.
06-29 22:04:25.867 30753 31566 I mobile-ffmpeg: 
06-29 22:04:25.868 30753 31566 I chatty  : uid=10568(com.example.edgesum) Thread-8 identical 1 line
06-29 22:04:25.868 30753 31566 I mobile-ffmpeg: 
06-29 22:04:25.868 30753 31566 I mobile-ffmpeg: ffmpeg version v4.2-dev-1824
06-29 22:04:25.868 30753 31566 I mobile-ffmpeg: 
06-29 22:04:25.868 30753 31566 I chatty  : uid=10568(com.example.edgesum) Thread-8 identical 1 line
06-29 22:04:25.868 30753 31566 I mobile-ffmpeg: 
06-29 22:04:25.868 30753 31566 I mobile-ffmpeg:  Copyright (c) 2000-2019 the FFmpeg developers
06-29 22:04:25.868 30753 31566 I mobile-ffmpeg: 
06-29 22:04:25.868 30753 31566 I chatty  : uid=10568(com.example.edgesum) Thread-8 identical 1 line
06-29 22:04:25.868 30753 31566 I mobile-ffmpeg: 
06-29 22:04:25.869 30753 31566 I mobile-ffmpeg: 
06-29 22:04:25.869 30753 31566 I mobile-ffmpeg: 
06-29 22:04:25.869 30753 31566 I chatty  : uid=10568(com.example.edgesum) Thread-8 identical 1 line
06-29 22:04:25.869 30753 31566 I mobile-ffmpeg: 
06-29 22:04:25.869 30753 31566 I mobile-ffmpeg:   built with Android (5220042 based on r346389c) clang version 8.0.7 (https://android.googlesource.com/toolchain/clang b55f2d4ebfd35bf643d27dbca1bb228957008617) (https://android.googlesource.com/toolchain/llvm 3c393fe7a7e13b0fba4ac75a01aa683d7a5b11cd) (based on LLVM 8.0.7svn)
06-29 22:04:25.869 30753 31566 I mobile-ffmpeg: 
06-29 22:04:25.870 30753 31566 I chatty  : uid=10568(com.example.edgesum) Thread-8 identical 1 line
06-29 22:04:25.870 30753 31566 I mobile-ffmpeg: 
06-29 22:04:25.870 30753 31566 I mobile-ffmpeg:   configuration: --cross-prefix=aarch64-linux-android- --sysroot=/files/android-sdk/ndk-bundle/toolchains/llvm/prebuilt/linux-x86_64/sysroot --prefix=/home/taner/Projects/mobile-ffmpeg/prebuilt/android-arm64/ffmpeg --pkg-config=/usr/bin/pkg-config --enable-version3 --arch=aarch64 --cpu=armv8-a --cc=aarch64-linux-android24-clang --cxx=aarch64-linux-android24-clang++ --target-os=android --enable-neon --enable-asm --enable-inline-asm --enable-cross-compile --enable-pic --enable-jni --enable-optimizations --enable-swscale --enable-shared --disable-v4l2-m2m --disable-outdev=v4l2 --disable-outdev=fbdev --disable-indev=v4l2 --disable-indev=fbdev --enable-small --disable-openssl --disable-xmm-clobber-test --disable-debug --enable-lto --disable-neon-clobber-test --disable-programs --disable-postproc --disable-doc --disable-htmlpages --disable-manpages --disable-podpages --disable-txtpages --disable-static --disable-sndio --disable-schannel --disable-securetransport --disable-xlib --disable-cuda --disable-cuvid --disable-nvenc --disable-vaapi --disable-vdpau --disable-videotoolbox --disable-audiotoolbox --disable-appkit --disable-alsa --disable-cuda --disable-cuvid --disable-nvenc --disable-vaapi --disable-vdpau --enable-libfontconfig --enable-libfreetype --enable-libfribidi --enable-gmp --enable-gnutls --enable-libmp3lame --enable-libass --enable-iconv --enable-libtheora --enable-libvorbis --enable-libvpx --enable-libwebp --enable-libxml2 --enable-libopencore-amrnb --enable-libopencore-amrwb --enable-libshine --enable-libspeex --enable-libwavpack --enable-libkvazaar --enable-libx264 --enable-gpl --enable-libxvid --enable-gpl --enable-libx265 --enable-gpl --enable-libvidstab --enable-gpl --enable-libilbc --enable-libopus --enable-libsnappy --enable-libsoxr --enable-libaom --enable-libtwolame --disable-sdl2 --enable-zlib --enable-mediacodec
06-29 22:04:25.870 30753 31566 I mobile-ffmpeg: 
06-29 22:04:25.870 30753 31566 I chatty  : uid=10568(com.example.edgesum) Thread-8 identical 1 line
06-29 22:04:25.870 30753 31566 I mobile-ffmpeg: 
06-29 22:04:25.871 30753 31566 I mobile-ffmpeg:   libavutil      56. 30.100 / 56. 30.100
06-29 22:04:25.871 30753 31566 I mobile-ffmpeg: 
06-29 22:04:25.871 30753 31566 I chatty  : uid=10568(com.example.edgesum) Thread-8 identical 1 line
06-29 22:04:25.871 30753 31566 I mobile-ffmpeg: 
06-29 22:04:25.871 30753 31566 I mobile-ffmpeg:   libavcodec     58. 53.101 / 58. 53.101
06-29 22:04:25.872 30753 31566 I mobile-ffmpeg: 
06-29 22:04:25.872 30753 31566 I chatty  : uid=10568(com.example.edgesum) Thread-8 identical 1 line
06-29 22:04:25.872 30753 31566 I mobile-ffmpeg: 
06-29 22:04:25.872 30753 31566 I mobile-ffmpeg:   libavformat    58. 28.101 / 58. 28.101
06-29 22:04:25.872 30753 31566 I mobile-ffmpeg: 
06-29 22:04:25.872 30753 31566 I chatty  : uid=10568(com.example.edgesum) Thread-8 identical 1 line
06-29 22:04:25.872 30753 31566 I mobile-ffmpeg: 
06-29 22:04:25.872 30753 31566 I mobile-ffmpeg:   libavdevice    58.  7.100 / 58.  7.100
06-29 22:04:25.873 30753 31566 I mobile-ffmpeg: 
06-29 22:04:25.873 30753 31566 I chatty  : uid=10568(com.example.edgesum) Thread-8 identical 1 line
06-29 22:04:25.873 30753 31566 I mobile-ffmpeg: 
06-29 22:04:25.873 30753 31566 I mobile-ffmpeg:   libavfilter     7. 55.100 /  7. 55.100
06-29 22:04:25.873 30753 31566 I mobile-ffmpeg: 
06-29 22:04:25.873 30753 31566 I chatty  : uid=10568(com.example.edgesum) Thread-8 identical 1 line
06-29 22:04:25.873 30753 31566 I mobile-ffmpeg: 
06-29 22:04:25.873 30753 31566 I mobile-ffmpeg:   libswscale      5.  4.101 /  5.  4.101
06-29 22:04:25.874 30753 31566 I mobile-ffmpeg: 
06-29 22:04:25.874 30753 31566 I chatty  : uid=10568(com.example.edgesum) Thread-8 identical 1 line
06-29 22:04:25.874 30753 31566 I mobile-ffmpeg: 
06-29 22:04:25.874 30753 31566 I mobile-ffmpeg:   libswresample   3.  4.100 /  3.  4.100
06-29 22:04:25.934 30753 31566 I mobile-ffmpeg: 
06-29 22:04:25.934 30753 31566 I chatty  : uid=10568(com.example.edgesum) Thread-8 identical 1 line
06-29 22:04:25.934 30753 31566 I mobile-ffmpeg: 
06-29 22:04:25.934 30753 31566 I mobile-ffmpeg: Input #0, mov,mp4,m4a,3gp,3g2,mj2, from '/storage/emulated/0/Download/Nearby/20200312_150643!000.mp4':
06-29 22:04:25.934 30753 31566 I mobile-ffmpeg: 
06-29 22:04:25.934 30753 31566 I chatty  : uid=10568(com.example.edgesum) Thread-8 identical 1 line
06-29 22:04:25.934 30753 31566 I mobile-ffmpeg: 
06-29 22:04:25.934 30753 31566 I mobile-ffmpeg:   Metadata:
06-29 22:04:25.934 30753 31566 I mobile-ffmpeg: 
06-29 22:04:25.934 30753 31566 I chatty  : uid=10568(com.example.edgesum) Thread-8 identical 1 line
06-29 22:04:25.934 30753 31566 I mobile-ffmpeg: 
06-29 22:04:25.934 30753 31566 I mobile-ffmpeg:     major_brand     : 
06-29 22:04:25.934 30753 31566 I mobile-ffmpeg: 
06-29 22:04:25.934 30753 31566 I chatty  : uid=10568(com.example.edgesum) Thread-8 identical 1 line
06-29 22:04:25.934 30753 31566 I mobile-ffmpeg: 
06-29 22:04:25.935 30753 31566 I mobile-ffmpeg: isom
06-29 22:04:25.935 30753 31566 I mobile-ffmpeg: 
06-29 22:04:25.935 30753 31566 I chatty  : uid=10568(com.example.edgesum) Thread-8 identical 1 line
06-29 22:04:25.935 30753 31566 I mobile-ffmpeg: 
06-29 22:04:25.935 30753 31566 I mobile-ffmpeg: 
06-29 22:04:25.935 30753 31566 I mobile-ffmpeg: 
06-29 22:04:25.935 30753 31566 I chatty  : uid=10568(com.example.edgesum) Thread-8 identical 1 line
06-29 22:04:25.935 30753 31566 I mobile-ffmpeg: 
06-29 22:04:25.935 30753 31566 I mobile-ffmpeg:     minor_version   : 
06-29 22:04:25.935 30753 31566 I mobile-ffmpeg: 
06-29 22:04:25.935 30753 31566 I chatty  : uid=10568(com.example.edgesum) Thread-8 identical 1 line
06-29 22:04:25.935 30753 31566 I mobile-ffmpeg: 
06-29 22:04:25.935 30753 31566 I mobile-ffmpeg: 512
06-29 22:04:25.935 30753 31566 I mobile-ffmpeg: 
06-29 22:04:25.935 30753 31566 I chatty  : uid=10568(com.example.edgesum) Thread-8 identical 1 line
06-29 22:04:25.936 30753 31566 I mobile-ffmpeg: 
06-29 22:04:25.936 30753 31566 I mobile-ffmpeg: 
06-29 22:04:25.936 30753 31566 I mobile-ffmpeg: 
06-29 22:04:25.936 30753 31566 I chatty  : uid=10568(com.example.edgesum) Thread-8 identical 1 line
06-29 22:04:25.936 30753 31566 I mobile-ffmpeg: 
06-29 22:04:25.936 30753 31566 I mobile-ffmpeg:     compatible_brands: 
06-29 22:04:25.936 30753 31566 I mobile-ffmpeg: 
06-29 22:04:25.936 30753 31566 I chatty  : uid=10568(com.example.edgesum) Thread-8 identical 1 line
06-29 22:04:25.936 30753 31566 I mobile-ffmpeg: 
06-29 22:04:25.936 30753 31566 I mobile-ffmpeg: isomiso2avc1mp41
06-29 22:04:25.936 30753 31566 I mobile-ffmpeg: 
06-29 22:04:25.936 30753 31566 I chatty  : uid=10568(com.example.edgesum) Thread-8 identical 1 line
06-29 22:04:25.936 30753 31566 I mobile-ffmpeg: 
06-29 22:04:25.936 30753 31566 I mobile-ffmpeg: 
06-29 22:04:25.936 30753 31566 I mobile-ffmpeg: 
06-29 22:04:25.936 30753 31566 I chatty  : uid=10568(com.example.edgesum) Thread-8 identical 1 line
06-29 22:04:25.936 30753 31566 I mobile-ffmpeg: 
06-29 22:04:25.936 30753 31566 I mobile-ffmpeg:     encoder         : 
06-29 22:04:25.937 30753 31566 I mobile-ffmpeg: 
06-29 22:04:25.937 30753 31566 I chatty  : uid=10568(com.example.edgesum) Thread-8 identical 1 line
06-29 22:04:25.937 30753 31566 I mobile-ffmpeg: 
06-29 22:04:25.937 30753 31566 I mobile-ffmpeg: Lavf58.28.101
06-29 22:04:25.937 30753 31566 I mobile-ffmpeg: 
06-29 22:04:25.937 30753 31566 I chatty  : uid=10568(com.example.edgesum) Thread-8 identical 1 line
06-29 22:04:25.937 30753 31566 I mobile-ffmpeg: 
06-29 22:04:25.937 30753 31566 I mobile-ffmpeg: 
06-29 22:04:25.937 30753 31566 I mobile-ffmpeg: 
06-29 22:04:25.937 30753 31566 I chatty  : uid=10568(com.example.edgesum) Thread-8 identical 1 line
06-29 22:04:25.938 30753 31566 I mobile-ffmpeg: 
06-29 22:04:25.938 30753 31566 I mobile-ffmpeg:   Duration: 
06-29 22:04:25.938 30753 31566 I mobile-ffmpeg: 
06-29 22:04:25.938 30753 31566 I chatty  : uid=10568(com.example.edgesum) Thread-8 identical 1 line
06-29 22:04:25.938 30753 31566 I mobile-ffmpeg: 
06-29 22:04:25.938 30753 31566 I mobile-ffmpeg: 00:00:16.07
06-29 22:04:25.938 30753 31566 I mobile-ffmpeg: 
06-29 22:04:25.938 30753 31566 I chatty  : uid=10568(com.example.edgesum) Thread-8 identical 1 line
06-29 22:04:25.938 30753 31566 I mobile-ffmpeg: 
06-29 22:04:25.938 30753 31566 I mobile-ffmpeg: , start: 
06-29 22:04:25.938 30753 31566 I mobile-ffmpeg: 
06-29 22:04:25.938 30753 31566 I chatty  : uid=10568(com.example.edgesum) Thread-8 identical 1 line
06-29 22:04:25.939 30753 31566 I mobile-ffmpeg: 
06-29 22:04:25.939 30753 31566 I mobile-ffmpeg: 0.000000
06-29 22:04:25.939 30753 31566 I mobile-ffmpeg: 
06-29 22:04:25.939 30753 31566 I chatty  : uid=10568(com.example.edgesum) Thread-8 identical 1 line
06-29 22:04:25.939 30753 31566 I mobile-ffmpeg: 
06-29 22:04:25.939 30753 31566 I mobile-ffmpeg: , bitrate: 
06-29 22:04:25.939 30753 31566 I mobile-ffmpeg: 
06-29 22:04:25.939 30753 31566 I chatty  : uid=10568(com.example.edgesum) Thread-8 identical 1 line
06-29 22:04:25.939 30753 31566 I mobile-ffmpeg: 
06-29 22:04:25.939 30753 31566 I mobile-ffmpeg: 8387 kb/s
06-29 22:04:25.939 30753 31566 I mobile-ffmpeg: 
06-29 22:04:25.939 30753 31566 I chatty  : uid=10568(com.example.edgesum) Thread-8 identical 1 line
06-29 22:04:25.939 30753 31566 I mobile-ffmpeg: 
06-29 22:04:25.939 30753 31566 I mobile-ffmpeg: 
06-29 22:04:25.939 30753 31566 I mobile-ffmpeg: 
06-29 22:04:25.939 30753 31566 I chatty  : uid=10568(com.example.edgesum) Thread-8 identical 1 line
06-29 22:04:25.939 30753 31566 I mobile-ffmpeg: 
06-29 22:04:25.940 30753 31566 I mobile-ffmpeg:     Stream #0:0
06-29 22:04:25.940 30753 31566 I mobile-ffmpeg: 
06-29 22:04:25.940 30753 31566 I chatty  : uid=10568(com.example.edgesum) Thread-8 identical 1 line
06-29 22:04:25.940 30753 31566 I mobile-ffmpeg: 
06-29 22:04:25.940 30753 31566 I mobile-ffmpeg: (eng)
06-29 22:04:25.940 30753 31566 I mobile-ffmpeg: 
06-29 22:04:25.940 30753 31566 I chatty  : uid=10568(com.example.edgesum) Thread-8 identical 1 line
06-29 22:04:25.940 30753 31566 I mobile-ffmpeg: 
06-29 22:04:25.940 30753 31566 I mobile-ffmpeg: : Video: h264 (avc1 / 0x31637661), yuvj420p(pc, bt709), 1280x720, 8362 kb/s
06-29 22:04:25.940 30753 31566 I mobile-ffmpeg: 
06-29 22:04:25.940 30753 31566 I chatty  : uid=10568(com.example.edgesum) Thread-8 identical 1 line
06-29 22:04:25.940 30753 31566 I mobile-ffmpeg: 
06-29 22:04:25.940 30753 31566 I mobile-ffmpeg: , 
06-29 22:04:25.940 30753 31566 I mobile-ffmpeg: 
06-29 22:04:25.940 30753 31566 I chatty  : uid=10568(com.example.edgesum) Thread-8 identical 1 line
06-29 22:04:25.940 30753 31566 I mobile-ffmpeg: 
06-29 22:04:25.940 30753 31566 I mobile-ffmpeg: 29.97 fps, 
06-29 22:04:25.941 30753 31566 I mobile-ffmpeg: 
