07-03 00:46:38.312 19800 20147 I mobile-ffmpeg: 
07-03 00:46:38.312 19800 20147 I mobile-ffmpeg:     Metadata:
07-03 00:46:38.312 19800 20147 I mobile-ffmpeg:       handler_name    : 
07-03 00:46:38.312 19800 20147 I mobile-ffmpeg: PittaSoft Sound Media Handler
07-03 00:46:38.312 19800 20147 I mobile-ffmpeg: 
07-03 00:46:38.330 19800 20210 W Summariser: Summarisation completed
07-03 00:46:38.330 19800 20210 W Summariser:   filename: 20200312_150944!001.mp4
07-03 00:46:38.330 19800 20210 W Summariser:   active sections: 0
07-03 00:46:38.330 19800 20210 W Summariser:   time: 07.465s
07-03 00:46:38.330 19800 20210 W Summariser:   original duration: 16.01
07-03 00:46:38.330 19800 20210 W Summariser:   summarised duration: -1.00
07-03 00:46:38.330 19800 20210 W Summariser:   noise tolerance: 45.00
07-03 00:46:38.330 19800 20210 W Summariser:   quality: 23
07-03 00:46:38.330 19800 20210 W Summariser:   speed: medium
07-03 00:46:38.330 19800 20210 W Summariser:   freeze duration: 1.00
07-03 00:46:38.331 19800 20210 V NearbyFragment: Received a segment of 20200312_150944
07-03 00:46:38.331 19800 20210 V ProcessingVideosEventHandler: onRemove
07-03 00:46:38.369 19800 19812 D SummariserIntentService: Scanned /storage/emulated/0/Movies/summarised
07-03 00:46:38.369 19800 19812 D SummariserIntentService:   -> uri=content://media/external/file/7148
07-03 00:46:39.531 19800 19800 D NearbyFragment: onPayloadReceived(endpointId=ib9b, payload=com.google.android.gms.nearby.connection.Payload@f7b831f)
07-03 00:46:39.532 19800 19800 V NearbyFragment: Started downloading 20200312_150944!000.mp4 from Endpoint{id=ib9b, name=Galaxy S8 [2802]}
07-03 00:46:39.540 19800 19800 V NearbyFragment: nextTransfer with selected algorithm: best_or_local
07-03 00:46:39.549 19800 19800 W NearbyFragment: Sending 20200312_150944!002.mp4 to Galaxy S8 [2802]
07-03 00:46:39.559 19800 19800 V NearbyFragment: Transfer to ib9b: 100%
07-03 00:46:39.560 19800 19800 V NearbyFragment: Transfer to ib9b: 100%
07-03 00:46:39.574 19800 19800 V NearbyFragment: Transfer to ib9b: 100%
07-03 00:46:39.575 19800 19800 V NearbyFragment: Transfer to ib9b: 100%
07-03 00:46:39.584 19800 19800 D NearbyFragment: onPayloadReceived(endpointId=ib9b, payload=com.google.android.gms.nearby.connection.Payload@3c5a0ca)
07-03 00:46:39.584 19800 19800 V NearbyFragment: Transfer to ib9b: 5%
07-03 00:46:39.586 19800 19800 V NearbyFragment: Transfer to ib9b: 0%
07-03 00:46:39.592 19800 19800 V NearbyFragment: Transfer to ib9b: 11%
07-03 00:46:39.593 19800 19800 V NearbyFragment: Transfer to ib9b: 0%
07-03 00:46:39.595 19800 19800 V NearbyFragment: Transfer to ib9b: 1%
07-03 00:46:39.598 19800 19800 V NearbyFragment: Transfer to ib9b: 16%
07-03 00:46:39.603 19800 19800 V NearbyFragment: Transfer to ib9b: 1%
07-03 00:46:39.607 19800 19800 V NearbyFragment: Transfer to ib9b: 1%
07-03 00:46:39.610 19800 19800 V NearbyFragment: Transfer to ib9b: 2%
07-03 00:46:39.614 19800 19800 V NearbyFragment: Transfer to ib9b: 22%
07-03 00:46:39.616 19800 19800 V NearbyFragment: Transfer to ib9b: 2%
07-03 00:46:39.620 19800 19800 V NearbyFragment: Transfer to ib9b: 27%
07-03 00:46:39.623 19800 19800 V NearbyFragment: Transfer to ib9b: 3%
07-03 00:46:39.625 19800 19800 V NearbyFragment: Transfer to ib9b: 3%
07-03 00:46:39.628 19800 19800 V NearbyFragment: Transfer to ib9b: 3%
07-03 00:46:39.633 19800 19800 V NearbyFragment: Transfer to ib9b: 4%
07-03 00:46:39.640 19800 19800 V NearbyFragment: Transfer to ib9b: 4%
07-03 00:46:39.648 19800 19800 V NearbyFragment: Transfer to ib9b: 5%
07-03 00:46:39.654 19800 19800 V NearbyFragment: Transfer to ib9b: 5%
07-03 00:46:39.658 19800 19800 V NearbyFragment: Transfer to ib9b: 5%
07-03 00:46:39.667 19800 19800 V NearbyFragment: Transfer to ib9b: 6%
07-03 00:46:39.668 19800 19800 V NearbyFragment: Transfer to ib9b: 33%
07-03 00:46:39.672 19800 19800 V NearbyFragment: Transfer to ib9b: 6%
07-03 00:46:39.681 19800 19800 V NearbyFragment: Transfer to ib9b: 6%
07-03 00:46:39.684 19800 19800 V NearbyFragment: Transfer to ib9b: 38%
07-03 00:46:39.686 19800 19800 V NearbyFragment: Transfer to ib9b: 7%
07-03 00:46:39.692 19800 19800 V NearbyFragment: Transfer to ib9b: 7%
07-03 00:46:39.698 19800 19800 V NearbyFragment: Transfer to ib9b: 8%
07-03 00:46:39.699 19800 19800 V NearbyFragment: Transfer to ib9b: 8%
07-03 00:46:39.712 19800 19800 V NearbyFragment: Transfer to ib9b: 8%
07-03 00:46:39.716 19800 19800 V NearbyFragment: Transfer to ib9b: 44%
07-03 00:46:39.721 19800 19800 V NearbyFragment: Transfer to ib9b: 9%
07-03 00:46:39.726 19800 19800 V NearbyFragment: Transfer to ib9b: 49%
07-03 00:46:39.727 19800 19800 V NearbyFragment: Transfer to ib9b: 9%
07-03 00:46:39.733 19800 19800 V NearbyFragment: Transfer to ib9b: 55%
07-03 00:46:39.734 19800 19800 V NearbyFragment: Transfer to ib9b: 10%
07-03 00:46:39.738 19800 19800 V NearbyFragment: Transfer to ib9b: 10%
07-03 00:46:39.745 19800 19800 V NearbyFragment: Transfer to ib9b: 60%
07-03 00:46:39.746 19800 19800 V NearbyFragment: Transfer to ib9b: 10%
07-03 00:46:39.752 19800 19800 V NearbyFragment: Transfer to ib9b: 11%
07-03 00:46:39.753 19800 19800 V NearbyFragment: Transfer to ib9b: 66%
07-03 00:46:39.761 19800 19800 V NearbyFragment: Transfer to ib9b: 11%
07-03 00:46:39.762 19800 19800 V NearbyFragment: Transfer to ib9b: 71%
07-03 00:46:39.763 19800 19800 V NearbyFragment: Transfer to ib9b: 12%
07-03 00:46:39.769 19800 19800 V NearbyFragment: Transfer to ib9b: 12%
07-03 00:46:39.774 19800 19800 V NearbyFragment: Transfer to ib9b: 77%
07-03 00:46:39.775 19800 19800 V NearbyFragment: Transfer to ib9b: 12%
07-03 00:46:39.779 19800 19800 V NearbyFragment: Transfer to ib9b: 13%
07-03 00:46:39.785 19800 19800 V NearbyFragment: Transfer to ib9b: 82%
07-03 00:46:39.787 19800 19800 V NearbyFragment: Transfer to ib9b: 88%
07-03 00:46:39.791 19800 19800 V NearbyFragment: Transfer to ib9b: 93%
07-03 00:46:39.793 19800 19800 V NearbyFragment: Transfer to ib9b: 13%
07-03 00:46:39.798 19800 19800 V NearbyFragment: Transfer to ib9b: 13%
07-03 00:46:39.801 19800 19800 V NearbyFragment: Transfer to ib9b: 14%
07-03 00:46:39.802 19800 19800 V NearbyFragment: Transfer to ib9b: 99%
07-03 00:46:39.805 19800 19800 V NearbyFragment: Transfer to ib9b: 100%
07-03 00:46:39.807 19800 19800 V NearbyFragment: Transfer to ib9b: 14%
07-03 00:46:39.808 19800 19800 V NearbyFragment: Transfer to ib9b: 100%
07-03 00:46:39.809 19800 19800 W NearbyFragment: Completed downloading 20200312_150944!000.mp4 from Endpoint{id=ib9b, name=Galaxy S8 [2802]} in 00.275s
07-03 00:46:39.817 19800 19800 V FileManager: External storage is readable
07-03 00:46:39.817 19800 19800 V FileManager: Directory already exists: /storage/emulated/0/Movies/segment-sum/20200312_150944
07-03 00:46:39.877 19800 19800 V NearbyFragment: Received a segment of 20200312_150944
07-03 00:46:39.877 19800 19800 V NearbyFragment: Transfer to ib9b: 15%
07-03 00:46:39.878 19800 19800 V NearbyFragment: Transfer to ib9b: 15%
07-03 00:46:39.878 19800 19800 V NearbyFragment: Transfer to ib9b: 15%
07-03 00:46:39.878 19800 19800 V NearbyFragment: Transfer to ib9b: 16%
07-03 00:46:39.879 19800 19800 V NearbyFragment: Transfer to ib9b: 16%
07-03 00:46:39.879 19800 19800 V NearbyFragment: Transfer to ib9b: 17%
07-03 00:46:39.879 19800 19800 I chatty  : uid=10100(com.example.edgesum) identical 1 line
07-03 00:46:39.880 19800 19800 V NearbyFragment: Transfer to ib9b: 17%
07-03 00:46:39.880 19800 19800 V NearbyFragment: Transfer to ib9b: 18%
07-03 00:46:39.880 19800 19800 V NearbyFragment: Transfer to ib9b: 18%
07-03 00:46:39.881 19800 19800 V NearbyFragment: Transfer to ib9b: 19%
07-03 00:46:39.881 19800 19800 I chatty  : uid=10100(com.example.edgesum) identical 1 line
07-03 00:46:39.881 19800 19800 V NearbyFragment: Transfer to ib9b: 19%
07-03 00:46:39.881 19800 19800 V NearbyFragment: Transfer to ib9b: 20%
07-03 00:46:39.882 19800 19800 I chatty  : uid=10100(com.example.edgesum) identical 1 line
07-03 00:46:39.882 19800 19800 V NearbyFragment: Transfer to ib9b: 20%
07-03 00:46:39.882 19800 19800 V NearbyFragment: Transfer to ib9b: 21%
07-03 00:46:39.882 19800 19800 V NearbyFragment: Transfer to ib9b: 21%
07-03 00:46:39.882 19800 19800 V NearbyFragment: Transfer to ib9b: 22%
07-03 00:46:39.883 19800 19800 I chatty  : uid=10100(com.example.edgesum) identical 1 line
07-03 00:46:39.883 19800 19800 V NearbyFragment: Transfer to ib9b: 22%
07-03 00:46:39.883 19800 19800 V NearbyFragment: Transfer to ib9b: 23%
07-03 00:46:39.883 19800 19800 V NearbyFragment: Transfer to ib9b: 23%
07-03 00:46:39.883 19800 19800 V NearbyFragment: Transfer to ib9b: 24%
07-03 00:46:41.257 19800 19800 V NearbyFragment: Transfer to ib9b: 24%
07-03 00:46:41.263 19800 19800 V NearbyFragment: Transfer to ib9b: 24%
07-03 00:46:41.266 19800 19800 V NearbyFragment: Transfer to ib9b: 25%
07-03 00:46:41.271 19800 19800 V NearbyFragment: Transfer to ib9b: 25%
07-03 00:46:41.279 19800 19800 V NearbyFragment: Transfer to ib9b: 26%
07-03 00:46:41.287 19800 19800 V NearbyFragment: Transfer to ib9b: 26%
07-03 00:46:41.290 19800 19800 V NearbyFragment: Transfer to ib9b: 26%
07-03 00:46:41.293 19800 19800 V NearbyFragment: Transfer to ib9b: 27%
07-03 00:46:41.301 19800 19800 V NearbyFragment: Transfer to ib9b: 27%
07-03 00:46:41.303 19800 19800 V NearbyFragment: Transfer to ib9b: 27%
07-03 00:46:41.308 19800 19800 V NearbyFragment: Transfer to ib9b: 28%
07-03 00:46:41.312 19800 19800 V NearbyFragment: Transfer to ib9b: 28%
07-03 00:46:41.314 19800 19800 V NearbyFragment: Transfer to ib9b: 29%
07-03 00:46:41.318 19800 19800 V NearbyFragment: Transfer to ib9b: 29%
07-03 00:46:41.322 19800 19800 V NearbyFragment: Transfer to ib9b: 29%
07-03 00:46:41.325 19800 19800 V NearbyFragment: Transfer to ib9b: 30%
07-03 00:46:41.337 19800 19800 V NearbyFragment: Transfer to ib9b: 30%
07-03 00:46:41.337 19800 19800 V NearbyFragment: Transfer to ib9b: 31%
07-03 00:46:41.338 19800 19800 I chatty  : uid=10100(com.example.edgesum) identical 1 line
07-03 00:46:41.339 19800 19800 V NearbyFragment: Transfer to ib9b: 31%
07-03 00:46:41.341 19800 19800 V NearbyFragment: Transfer to ib9b: 32%
07-03 00:46:41.346 19800 19800 V NearbyFragment: Transfer to ib9b: 32%
07-03 00:46:41.353 19800 19800 V NearbyFragment: Transfer to ib9b: 33%
07-03 00:46:42.227 19800 19800 V NearbyFragment: Transfer to ib9b: 33%
07-03 00:46:42.241 19800 19800 V NearbyFragment: Transfer to ib9b: 33%
07-03 00:46:42.248 19800 19800 V NearbyFragment: Transfer to ib9b: 34%
07-03 00:46:42.253 19800 19800 V NearbyFragment: Transfer to ib9b: 34%
07-03 00:46:42.256 19800 19800 V NearbyFragment: Transfer to ib9b: 34%
07-03 00:46:42.262 19800 19800 V NearbyFragment: Transfer to ib9b: 35%
07-03 00:46:42.266 19800 19800 V NearbyFragment: Transfer to ib9b: 35%
07-03 00:46:42.269 19800 19800 V NearbyFragment: Transfer to ib9b: 36%
07-03 00:46:42.273 19800 19800 V NearbyFragment: Transfer to ib9b: 36%
07-03 00:46:42.277 19800 19800 V NearbyFragment: Transfer to ib9b: 36%
07-03 00:46:42.280 19800 19800 V NearbyFragment: Transfer to ib9b: 37%
07-03 00:46:42.285 19800 19800 V NearbyFragment: Transfer to ib9b: 37%
07-03 00:46:42.288 19800 19800 V NearbyFragment: Transfer to ib9b: 38%
07-03 00:46:42.291 19800 19800 V NearbyFragment: Transfer to ib9b: 38%
07-03 00:46:42.295 19800 19800 V NearbyFragment: Transfer to ib9b: 38%
07-03 00:46:42.297 19800 19800 V NearbyFragment: Transfer to ib9b: 39%
07-03 00:46:42.301 19800 19800 V NearbyFragment: Transfer to ib9b: 39%
07-03 00:46:42.304 19800 19800 V NearbyFragment: Transfer to ib9b: 40%
07-03 00:46:42.307 19800 19800 V NearbyFragment: Transfer to ib9b: 40%
07-03 00:46:42.310 19800 19800 V NearbyFragment: Transfer to ib9b: 40%
07-03 00:46:42.988 19800 19800 V NearbyFragment: Transfer to ib9b: 41%
07-03 00:46:42.996 19800 19800 V NearbyFragment: Transfer to ib9b: 41%
07-03 00:46:43.003 19800 19800 V NearbyFragment: Transfer to ib9b: 41%
07-03 00:46:43.012 19800 19800 V NearbyFragment: Transfer to ib9b: 42%
07-03 00:46:43.016 19800 19800 V NearbyFragment: Transfer to ib9b: 42%
07-03 00:46:43.020 19800 19800 V NearbyFragment: Transfer to ib9b: 43%
07-03 00:46:43.022 19800 19800 V NearbyFragment: Transfer to ib9b: 43%
07-03 00:46:43.026 19800 19800 V NearbyFragment: Transfer to ib9b: 43%
07-03 00:46:43.029 19800 19800 V NearbyFragment: Transfer to ib9b: 44%
07-03 00:46:43.033 19800 19800 V NearbyFragment: Transfer to ib9b: 44%
07-03 00:46:43.036 19800 19800 V NearbyFragment: Transfer to ib9b: 45%
07-03 00:46:43.040 19800 19800 V NearbyFragment: Transfer to ib9b: 45%
07-03 00:46:43.043 19800 19800 V NearbyFragment: Transfer to ib9b: 45%
07-03 00:46:43.046 19800 19800 V NearbyFragment: Transfer to ib9b: 46%
07-03 00:46:43.050 19800 19800 V NearbyFragment: Transfer to ib9b: 46%
07-03 00:46:43.054 19800 19800 V NearbyFragment: Transfer to ib9b: 47%
07-03 00:46:43.058 19800 19800 V NearbyFragment: Transfer to ib9b: 47%
07-03 00:46:43.062 19800 19800 V NearbyFragment: Transfer to ib9b: 47%
07-03 00:46:43.065 19800 19800 V NearbyFragment: Transfer to ib9b: 48%
07-03 00:46:43.068 19800 19800 V NearbyFragment: Transfer to ib9b: 48%
07-03 00:46:43.071 19800 19800 V NearbyFragment: Transfer to ib9b: 48%
07-03 00:46:43.078 19800 19800 V NearbyFragment: Transfer to ib9b: 49%
07-03 00:46:43.081 19800 19800 V NearbyFragment: Transfer to ib9b: 49%
07-03 00:46:43.087 19800 19800 V NearbyFragment: Transfer to ib9b: 50%
07-03 00:46:43.091 19800 19800 V NearbyFragment: Transfer to ib9b: 50%
07-03 00:46:43.095 19800 19800 V NearbyFragment: Transfer to ib9b: 50%
07-03 00:46:43.099 19800 19800 V NearbyFragment: Transfer to ib9b: 51%
07-03 00:46:43.718 19800 19800 V NearbyFragment: Transfer to ib9b: 51%
07-03 00:46:43.736 19800 19800 V NearbyFragment: Transfer to ib9b: 52%
07-03 00:46:43.746 19800 19800 V NearbyFragment: Transfer to ib9b: 52%
07-03 00:46:43.752 19800 19800 V NearbyFragment: Transfer to ib9b: 52%
07-03 00:46:43.756 19800 19800 V NearbyFragment: Transfer to ib9b: 53%
07-03 00:46:43.761 19800 19800 V NearbyFragment: Transfer to ib9b: 53%
07-03 00:46:43.765 19800 19800 V NearbyFragment: Transfer to ib9b: 54%
07-03 00:46:43.771 19800 19800 V NearbyFragment: Transfer to ib9b: 54%
07-03 00:46:43.774 19800 19800 V NearbyFragment: Transfer to ib9b: 54%
07-03 00:46:43.777 19800 19800 V NearbyFragment: Transfer to ib9b: 55%
07-03 00:46:43.781 19800 19800 V NearbyFragment: Transfer to ib9b: 55%
07-03 00:46:43.785 19800 19800 V NearbyFragment: Transfer to ib9b: 55%
07-03 00:46:43.788 19800 19800 V NearbyFragment: Transfer to ib9b: 56%
07-03 00:46:43.791 19800 19800 V NearbyFragment: Transfer to ib9b: 56%
07-03 00:46:43.795 19800 19800 V NearbyFragment: Transfer to ib9b: 57%
07-03 00:46:43.799 19800 19800 V NearbyFragment: Transfer to ib9b: 57%
07-03 00:46:43.801 19800 19800 V NearbyFragment: Transfer to ib9b: 57%
07-03 00:46:43.805 19800 19800 V NearbyFragment: Transfer to ib9b: 58%
07-03 00:46:43.807 19800 19800 V NearbyFragment: Transfer to ib9b: 58%
07-03 00:46:43.812 19800 19800 V NearbyFragment: Transfer to ib9b: 59%
07-03 00:46:43.814 19800 19800 V NearbyFragment: Transfer to ib9b: 59%
07-03 00:46:43.817 19800 19800 V NearbyFragment: Transfer to ib9b: 59%
07-03 00:46:43.820 19800 19800 V NearbyFragment: Transfer to ib9b: 60%
07-03 00:46:43.825 19800 19800 V NearbyFragment: Transfer to ib9b: 60%
07-03 00:46:43.826 19800 19800 V NearbyFragment: Transfer to ib9b: 61%
07-03 00:46:43.830 19800 19800 V NearbyFragment: Transfer to ib9b: 61%
07-03 00:46:43.833 19800 19800 V NearbyFragment: Transfer to ib9b: 61%
07-03 00:46:43.836 19800 19800 V NearbyFragment: Transfer to ib9b: 62%
07-03 00:46:43.839 19800 19800 V NearbyFragment: Transfer to ib9b: 62%
07-03 00:46:43.843 19800 19800 V NearbyFragment: Transfer to ib9b: 62%
07-03 00:46:43.866 19800 19800 V NearbyFragment: Transfer to ib9b: 63%
07-03 00:46:43.869 19800 19800 V NearbyFragment: Transfer to ib9b: 63%
07-03 00:46:43.873 19800 19800 V NearbyFragment: Transfer to ib9b: 64%
07-03 00:46:43.878 19800 19800 V NearbyFragment: Transfer to ib9b: 64%
07-03 00:46:44.289 19800 19800 V NearbyFragment: Transfer to ib9b: 64%
07-03 00:46:44.305 19800 19800 V NearbyFragment: Transfer to ib9b: 65%
07-03 00:46:44.314 19800 19800 V NearbyFragment: Transfer to ib9b: 65%
07-03 00:46:44.320 19800 19800 V NearbyFragment: Transfer to ib9b: 66%
07-03 00:46:44.324 19800 19800 V NearbyFragment: Transfer to ib9b: 66%
07-03 00:46:44.328 19800 19800 V NearbyFragment: Transfer to ib9b: 66%
07-03 00:46:44.333 19800 19800 V NearbyFragment: Transfer to ib9b: 67%
07-03 00:46:44.338 19800 19800 V NearbyFragment: Transfer to ib9b: 67%
07-03 00:46:44.343 19800 19800 V NearbyFragment: Transfer to ib9b: 68%
07-03 00:46:44.358 19800 19800 V NearbyFragment: Transfer to ib9b: 68%
07-03 00:46:44.363 19800 19800 V NearbyFragment: Transfer to ib9b: 68%
07-03 00:46:44.365 19800 19800 V NearbyFragment: Transfer to ib9b: 69%
07-03 00:46:44.367 19800 19800 V NearbyFragment: Transfer to ib9b: 69%
07-03 00:46:44.371 19800 19800 V NearbyFragment: Transfer to ib9b: 69%
07-03 00:46:44.374 19800 19800 V NearbyFragment: Transfer to ib9b: 70%
07-03 00:46:44.379 19800 19800 V NearbyFragment: Transfer to ib9b: 70%
07-03 00:46:44.384 19800 19800 V NearbyFragment: Transfer to ib9b: 71%
07-03 00:46:44.389 19800 19800 V NearbyFragment: Transfer to ib9b: 71%
07-03 00:46:44.392 19800 19800 V NearbyFragment: Transfer to ib9b: 71%
07-03 00:46:44.398 19800 19800 V NearbyFragment: Transfer to ib9b: 72%
07-03 00:46:44.408 19800 19800 V NearbyFragment: Transfer to ib9b: 72%
07-03 00:46:44.409 19800 19800 V NearbyFragment: Transfer to ib9b: 73%
07-03 00:46:44.412 19800 19800 V NearbyFragment: Transfer to ib9b: 73%
07-03 00:46:44.417 19800 19800 V NearbyFragment: Transfer to ib9b: 73%
07-03 00:46:44.421 19800 19800 V NearbyFragment: Transfer to ib9b: 74%
07-03 00:46:44.427 19800 19800 V NearbyFragment: Transfer to ib9b: 74%
07-03 00:46:44.430 19800 19800 V NearbyFragment: Transfer to ib9b: 75%
07-03 00:46:44.433 19800 19800 V NearbyFragment: Transfer to ib9b: 75%
07-03 00:46:44.435 19800 19800 V NearbyFragment: Transfer to ib9b: 75%
07-03 00:46:44.440 19800 19800 V NearbyFragment: Transfer to ib9b: 76%
07-03 00:46:44.444 19800 19800 V NearbyFragment: Transfer to ib9b: 76%
07-03 00:46:44.446 19800 19800 V NearbyFragment: Transfer to ib9b: 76%
07-03 00:46:44.449 19800 19800 V NearbyFragment: Transfer to ib9b: 77%
07-03 00:46:44.453 19800 19800 V NearbyFragment: Transfer to ib9b: 77%
07-03 00:46:44.461 19800 19800 V NearbyFragment: Transfer to ib9b: 78%
07-03 00:46:44.854 19800 19800 V NearbyFragment: Transfer to ib9b: 78%
07-03 00:46:44.878 19800 19800 V NearbyFragment: Transfer to ib9b: 78%
07-03 00:46:44.891 19800 19800 V NearbyFragment: Transfer to ib9b: 79%
07-03 00:46:44.897 19800 19800 V NearbyFragment: Transfer to ib9b: 79%
07-03 00:46:44.898 19800 19800 V NearbyFragment: Transfer to ib9b: 80%
07-03 00:46:44.906 19800 19800 V NearbyFragment: Transfer to ib9b: 80%
07-03 00:46:44.909 19800 19800 V NearbyFragment: Transfer to ib9b: 80%
07-03 00:46:44.916 19800 19800 V NearbyFragment: Transfer to ib9b: 81%
07-03 00:46:44.922 19800 19800 V NearbyFragment: Transfer to ib9b: 81%
07-03 00:46:44.923 19800 19800 V NearbyFragment: Transfer to ib9b: 82%
07-03 00:46:44.929 19800 19800 V NearbyFragment: Transfer to ib9b: 82%
07-03 00:46:44.931 19800 19800 V NearbyFragment: Transfer to ib9b: 82%
07-03 00:46:44.934 19800 19800 V NearbyFragment: Transfer to ib9b: 83%
07-03 00:46:44.939 19800 19800 V NearbyFragment: Transfer to ib9b: 83%
07-03 00:46:44.945 19800 19800 V NearbyFragment: Transfer to ib9b: 83%
07-03 00:46:44.945 19800 19800 V NearbyFragment: Transfer to ib9b: 84%
07-03 00:46:44.947 19800 19800 V NearbyFragment: Transfer to ib9b: 84%
07-03 00:46:44.950 19800 19800 V NearbyFragment: Transfer to ib9b: 85%
07-03 00:46:44.953 19800 19800 V NearbyFragment: Transfer to ib9b: 85%
07-03 00:46:44.956 19800 19800 V NearbyFragment: Transfer to ib9b: 85%
07-03 00:46:44.960 19800 19800 V NearbyFragment: Transfer to ib9b: 86%
07-03 00:46:44.963 19800 19800 V NearbyFragment: Transfer to ib9b: 86%
07-03 00:46:45.283 19800 19800 V NearbyFragment: Transfer to ib9b: 87%
07-03 00:46:45.289 19800 19800 V NearbyFragment: Transfer to ib9b: 87%
07-03 00:46:45.296 19800 19800 V NearbyFragment: Transfer to ib9b: 87%
07-03 00:46:45.301 19800 19800 V NearbyFragment: Transfer to ib9b: 88%
07-03 00:46:45.303 19800 19800 V NearbyFragment: Transfer to ib9b: 88%
07-03 00:46:45.312 19800 19800 V NearbyFragment: Transfer to ib9b: 89%
07-03 00:46:45.316 19800 19800 V NearbyFragment: Transfer to ib9b: 89%
07-03 00:46:45.327 19800 19800 V NearbyFragment: Transfer to ib9b: 89%
07-03 00:46:45.329 19800 19800 V NearbyFragment: Transfer to ib9b: 90%
07-03 00:46:45.334 19800 19800 V NearbyFragment: Transfer to ib9b: 90%
07-03 00:46:45.335 19800 19800 V NearbyFragment: Transfer to ib9b: 90%
07-03 00:46:45.340 19800 19800 V NearbyFragment: Transfer to ib9b: 91%
07-03 00:46:45.342 19800 19800 V NearbyFragment: Transfer to ib9b: 91%
07-03 00:46:45.348 19800 19800 V NearbyFragment: Transfer to ib9b: 92%
07-03 00:46:45.349 19800 19800 V NearbyFragment: Transfer to ib9b: 92%
07-03 00:46:45.353 19800 19800 V NearbyFragment: Transfer to ib9b: 92%
07-03 00:46:45.356 19800 19800 V NearbyFragment: Transfer to ib9b: 93%
07-03 00:46:45.359 19800 19800 V NearbyFragment: Transfer to ib9b: 93%
07-03 00:46:45.363 19800 19800 V NearbyFragment: Transfer to ib9b: 94%
07-03 00:46:45.366 19800 19800 V NearbyFragment: Transfer to ib9b: 94%
07-03 00:46:45.369 19800 19800 V NearbyFragment: Transfer to ib9b: 94%
07-03 00:46:45.373 19800 19800 V NearbyFragment: Transfer to ib9b: 95%
07-03 00:46:45.378 19800 19800 V NearbyFragment: Transfer to ib9b: 95%
07-03 00:46:45.380 19800 19800 V NearbyFragment: Transfer to ib9b: 96%
07-03 00:46:45.382 19800 19800 V NearbyFragment: Transfer to ib9b: 96%
07-03 00:46:45.386 19800 19800 V NearbyFragment: Transfer to ib9b: 96%
07-03 00:46:45.391 19800 19800 V NearbyFragment: Transfer to ib9b: 97%
07-03 00:46:45.393 19800 19800 V NearbyFragment: Transfer to ib9b: 97%
07-03 00:46:45.397 19800 19800 V NearbyFragment: Transfer to ib9b: 97%
07-03 00:46:45.401 19800 19800 V NearbyFragment: Transfer to ib9b: 98%
07-03 00:46:45.404 19800 19800 V NearbyFragment: Transfer to ib9b: 98%
07-03 00:46:45.408 19800 19800 V NearbyFragment: Transfer to ib9b: 99%
07-03 00:46:45.411 19800 19800 V NearbyFragment: Transfer to ib9b: 99%
07-03 00:46:45.415 19800 19800 V NearbyFragment: Transfer to ib9b: 99%
07-03 00:46:45.417 19800 19800 V NearbyFragment: Transfer to ib9b: 100%
07-03 00:46:45.419 19800 19800 V NearbyFragment: Transfer to ib9b: 100%
07-03 00:46:46.136 19800 19800 D NearbyFragment: onPayloadReceived(endpointId=ib9b, payload=com.google.android.gms.nearby.connection.Payload@85f323b)
07-03 00:46:46.137 19800 19800 D NearbyFragment: Endpoint{id=ib9b, name=Galaxy S8 [2802]} has finished downloading 20200312_150944!002.mp4
07-03 00:46:46.140 19800 19800 V NearbyFragment: nextTransfer with selected algorithm: best_or_local
07-03 00:46:46.150 19800 19800 V FileManager: External storage is readable
07-03 00:46:46.150 19800 19800 V FileManager: Directory already exists: /storage/emulated/0/Movies/segment-sum/20200312_150944
07-03 00:46:46.152 19800 19800 D NearbyFragment: Summarising 20200312_150944!003.mp4
07-03 00:46:46.152 19800 19800 V VideoManager: Retrieving video from /storage/emulated/0/Movies/segment/20200312_150944/20200312_150944!003.mp4
07-03 00:46:46.166 19800 19800 V VideoManager: videoFromCursor
07-03 00:46:46.170 19800 19800 V ProcessingVideosEventHandler: onAdd
07-03 00:46:46.171 19800 19800 V RawFootageEventHandler: onRemove
07-03 00:46:46.179 19800 19800 V NearbyFragment: Transfer to ib9b: 100%
07-03 00:46:46.190 19800 20372 V SummariserIntentService: onHandleIntent
07-03 00:46:46.191 19800 20372 D SummariserIntentService: Video{id='7257', data='/storage/emulated/0/Movies/segment/20200312_150944/20200312_150944!003.mp4', name='20200312_150944!003.mp4', size=12751346, visible=true, mimeType='video/mp4'}
07-03 00:46:46.191 19800 20372 D SummariserIntentService: /storage/emulated/0/Movies/segment-sum/20200312_150944/20200312_150944!003.mp4
07-03 00:46:46.196 19800 20147 I mobile-ffmpeg: ffmpeg version v4.3-dev-2955
07-03 00:46:46.196 19800 20147 I mobile-ffmpeg:  Copyright (c) 2000-2020 the FFmpeg developers
07-03 00:46:46.196 19800 20147 I mobile-ffmpeg: 
07-03 00:46:46.196 19800 20147 I mobile-ffmpeg:   built with Android (5900059 based on r365631c) clang version 9.0.8 (https://android.googlesource.com/toolchain/llvm-project 207d7abc1a2abf3ef8d4301736d6a7ebc224a290) (based on LLVM 9.0.8svn)
07-03 00:46:46.196 19800 20147 I mobile-ffmpeg:   configuration: --cross-prefix=aarch64-linux-android- --sysroot=/files/android-sdk/ndk-bundle/toolchains/llvm/prebuilt/linux-x86_64/sysroot --prefix=/home/taner/Projects/mobile-ffmpeg/prebuilt/android-arm64/ffmpeg --pkg-config=/usr/bin/pkg-config --enable-version3 --arch=aarch64 --cpu=armv8-a --cc=aarch64-linux-android24-clang --cxx=aarch64-linux-android24-clang++ --target-os=android --enable-neon --enable-asm --enable-inline-asm --enable-cross-compile --enable-pic --enable-jni --enable-optimizations --enable-swscale --enable-shared --enable-v4l2-m2m --disable-outdev=fbdev --disable-indev=fbdev --enable-small --disable-openssl --disable-xmm-clobber-test --disable-debug --enable-lto --disable-neon-clobber-test --disable-programs --disable-postproc --disable-doc --disable-htmlpages --disable-manpages --disable-podpages --disable-txtpages --disable-static --disable-sndio --disable-schannel --disable-securetransport --disable-xlib --disable-cuda --disable-cuvid --disable-nvenc --disable-vaapi --disable-vdpau --
07-03 00:46:46.197 19800 20147 I mobile-ffmpeg:   libavutil      56. 42.102 / 56. 42.102
07-03 00:46:46.197 19800 20147 I mobile-ffmpeg:   libavcodec     58. 78.102 / 58. 78.102
07-03 00:46:46.197 19800 20147 I mobile-ffmpeg:   libavformat    58. 42.100 / 58. 42.100
07-03 00:46:46.197 19800 20147 I mobile-ffmpeg:   libavdevice    58.  9.103 / 58.  9.103
07-03 00:46:46.197 19800 20147 I mobile-ffmpeg:   libavfilter     7. 77.101 /  7. 77.101
07-03 00:46:46.197 19800 20147 I mobile-ffmpeg:   libswscale      5.  6.101 /  5.  6.101
07-03 00:46:46.197 19800 20147 I mobile-ffmpeg:   libswresample   3.  6.100 /  3.  6.100
07-03 00:46:46.200 19800 19800 V NearbyFragment: Transfer to ib9b: 100%
07-03 00:46:46.260 19800 20147 I mobile-ffmpeg: Input #0, mov,mp4,m4a,3gp,3g2,mj2, from '/storage/emulated/0/Movies/segment/20200312_150944/20200312_150944!003.mp4':
07-03 00:46:46.260 19800 20147 I mobile-ffmpeg:   Metadata:
07-03 00:46:46.260 19800 20147 I mobile-ffmpeg:     major_brand     : 
07-03 00:46:46.260 19800 20147 I mobile-ffmpeg: isom
07-03 00:46:46.261 19800 20147 I mobile-ffmpeg: 
07-03 00:46:46.261 19800 20147 I mobile-ffmpeg:     minor_version   : 
07-03 00:46:46.261 19800 20147 I mobile-ffmpeg: 512
07-03 00:46:46.261 19800 20147 I mobile-ffmpeg: 
07-03 00:46:46.261 19800 20147 I mobile-ffmpeg:     compatible_brands: 
07-03 00:46:46.261 19800 20147 I mobile-ffmpeg: isomiso2avc1mp41
07-03 00:46:46.261 19800 20147 I mobile-ffmpeg: 
07-03 00:46:46.261 19800 20147 I mobile-ffmpeg:     encoder         : 
07-03 00:46:46.261 19800 20147 I mobile-ffmpeg: Lavf58.42.100
07-03 00:46:46.261 19800 20147 I mobile-ffmpeg: 
07-03 00:46:46.261 19800 20147 I mobile-ffmpeg:   Duration: 
07-03 00:46:46.261 19800 20147 I mobile-ffmpeg: 00:00:12.01
07-03 00:46:46.261 19800 20147 I mobile-ffmpeg: , start: 
07-03 00:46:46.261 19800 20147 I mobile-ffmpeg: 0.000000
07-03 00:46:46.261 19800 20147 I mobile-ffmpeg: , bitrate: 
07-03 00:46:46.261 19800 20147 I mobile-ffmpeg: 8493 kb/s
07-03 00:46:46.261 19800 20147 I mobile-ffmpeg: 
07-03 00:46:46.261 19800 20147 I mobile-ffmpeg:     Stream #0:0
07-03 00:46:46.261 19800 20147 I mobile-ffmpeg: (eng)
07-03 00:46:46.261 19800 20147 I mobile-ffmpeg: : Video: h264 (avc1 / 0x31637661), yuvj420p(pc, bt709), 1280x720, 8440 kb/s
07-03 00:46:46.261 19800 20147 I mobile-ffmpeg: , 
07-03 00:46:46.261 19800 20147 I mobile-ffmpeg: 29.97 fps, 
07-03 00:46:46.261 19800 20147 I mobile-ffmpeg: 29.97 tbr, 
07-03 00:46:46.261 19800 20147 I mobile-ffmpeg: 16k tbn, 
07-03 00:46:46.262 19800 20147 I mobile-ffmpeg: 32k tbc
07-03 00:46:46.262 19800 20147 I mobile-ffmpeg:  (default)
07-03 00:46:46.262 19800 20147 I mobile-ffmpeg: 
07-03 00:46:46.262 19800 20147 I mobile-ffmpeg:     Metadata:
07-03 00:46:46.262 19800 20147 I mobile-ffmpeg:       handler_name    : 
07-03 00:46:46.262 19800 20147 I mobile-ffmpeg: PittaSoft Video Media Handler
07-03 00:46:46.262 19800 20147 I mobile-ffmpeg: 
07-03 00:46:46.262 19800 20147 I mobile-ffmpeg:     Stream #0:1
07-03 00:46:46.262 19800 20147 I mobile-ffmpeg: (eng)
07-03 00:46:46.262 19800 20147 I mobile-ffmpeg: : Audio: aac (mp4a / 0x6134706D), 16000 Hz, stereo, fltp, 47 kb/s
07-03 00:46:46.262 19800 20147 I mobile-ffmpeg:  (default)
07-03 00:46:46.262 19800 20147 I mobile-ffmpeg: 
07-03 00:46:46.262 19800 20147 I mobile-ffmpeg:     Metadata:
07-03 00:46:46.262 19800 20147 I mobile-ffmpeg:       handler_name    : 
07-03 00:46:46.262 19800 20147 I mobile-ffmpeg: PittaSoft Sound Media Handler
07-03 00:46:46.262 19800 20147 I mobile-ffmpeg: 
07-03 00:46:46.267 19800 20147 I mobile-ffmpeg: Stream mapping:
07-03 00:46:46.267 19800 20147 I mobile-ffmpeg:   Stream #0:0 -> #0:0
07-03 00:46:46.267 19800 20147 I mobile-ffmpeg:  (h264 (native) -> wrapped_avframe (native))
07-03 00:46:46.267 19800 20147 I mobile-ffmpeg: 
07-03 00:46:46.268 19800 20147 I mobile-ffmpeg:   Stream #0:1 -> #0:1
07-03 00:46:46.268 19800 20147 I mobile-ffmpeg:  (aac (native) -> pcm_s16le (native))
07-03 00:46:46.268 19800 20147 I mobile-ffmpeg: 
07-03 00:46:46.268 19800 20147 I mobile-ffmpeg: Press [q] to stop, [?] for help
07-03 00:46:46.268 19800 20147 I mobile-ffmpeg: frame=    0 fps=0.0 q=0.0 size=N/A time=-577014:32:22.77 bitrate=N/A speed=N/A    
07-03 00:46:46.362 19800 20147 W mobile-ffmpeg: [graph 0 input from stream 0:0 @ 0x7c5a4b7440] sws_param option is deprecated and ignored
07-03 00:46:46.363 19800 20147 I mobile-ffmpeg: Output #0, null, to 'pipe:':
07-03 00:46:46.363 19800 20147 I mobile-ffmpeg:   Metadata:
07-03 00:46:46.363 19800 20147 I mobile-ffmpeg:     major_brand     : 
07-03 00:46:46.363 19800 20147 I mobile-ffmpeg: isom
07-03 00:46:46.363 19800 20147 I mobile-ffmpeg: 
07-03 00:46:46.363 19800 20147 I mobile-ffmpeg:     minor_version   : 
07-03 00:46:46.363 19800 20147 I mobile-ffmpeg: 512
07-03 00:46:46.363 19800 20147 I mobile-ffmpeg: 
07-03 00:46:46.363 19800 20147 I mobile-ffmpeg:     compatible_brands: 
07-03 00:46:46.363 19800 20147 I mobile-ffmpeg: isomiso2avc1mp41
07-03 00:46:46.363 19800 20147 I mobile-ffmpeg: 
07-03 00:46:46.363 19800 20147 I mobile-ffmpeg:     encoder         : 
07-03 00:46:46.363 19800 20147 I mobile-ffmpeg: Lavf58.42.100
07-03 00:46:46.363 19800 20147 I mobile-ffmpeg: 
07-03 00:46:46.363 19800 20147 I mobile-ffmpeg:     Stream #0:0
07-03 00:46:46.364 19800 20147 I mobile-ffmpeg: (eng)
07-03 00:46:46.364 19800 20147 I mobile-ffmpeg: : Video: wrapped_avframe, yuvj420p, 1280x720, q=2-31, 200 kb/s
07-03 00:46:46.364 19800 20147 I mobile-ffmpeg: , 
07-03 00:46:46.364 19800 20147 I mobile-ffmpeg: 29.97 fps, 
07-03 00:46:46.364 19800 20147 I mobile-ffmpeg: 29.97 tbn, 
07-03 00:46:46.364 19800 20147 I mobile-ffmpeg: 29.97 tbc
07-03 00:46:46.364 19800 20147 I mobile-ffmpeg:  (default)
07-03 00:46:46.364 19800 20147 I mobile-ffmpeg: 
07-03 00:46:46.364 19800 20147 I mobile-ffmpeg:     Metadata:
07-03 00:46:46.364 19800 20147 I mobile-ffmpeg:       handler_name    : 
07-03 00:46:46.364 19800 20147 I mobile-ffmpeg: PittaSoft Video Media Handler
07-03 00:46:46.364 19800 20147 I mobile-ffmpeg: 
07-03 00:46:46.364 19800 20147 I mobile-ffmpeg:       encoder         : 
07-03 00:46:46.364 19800 20147 I mobile-ffmpeg: Lavc58.78.102 wrapped_avframe
07-03 00:46:46.364 19800 20147 I mobile-ffmpeg: 
07-03 00:46:46.364 19800 20147 I mobile-ffmpeg:     Stream #0:1
07-03 00:46:46.364 19800 20147 I mobile-ffmpeg: (eng)
07-03 00:46:46.364 19800 20147 I mobile-ffmpeg: : Audio: pcm_s16le, 16000 Hz, stereo, s16, 512 kb/s
07-03 00:46:46.364 19800 20147 I mobile-ffmpeg:  (default)
07-03 00:46:46.364 19800 20147 I mobile-ffmpeg: 
07-03 00:46:46.364 19800 20147 I mobile-ffmpeg:     Metadata:
07-03 00:46:46.364 19800 20147 I mobile-ffmpeg:       handler_name    : 
07-03 00:46:46.364 19800 20147 I mobile-ffmpeg: PittaSoft Sound Media Handler
07-03 00:46:46.364 19800 20147 I mobile-ffmpeg: 
07-03 00:46:46.364 19800 20147 I mobile-ffmpeg:       encoder         : 
07-03 00:46:46.364 19800 20147 I mobile-ffmpeg: Lavc58.78.102 pcm_s16le
07-03 00:46:46.365 19800 20147 I mobile-ffmpeg: 
07-03 00:46:46.787 19800 20147 I mobile-ffmpeg: [freezedetect @ 0x7c594fe200] lavfi.freezedetect.freeze_start: 0
07-03 00:46:46.796 19800 20147 I mobile-ffmpeg: frame=   32 fps=0.0 q=-0.0 size=N/A time=00:00:01.17 bitrate=N/A speed=2.25x    
07-03 00:46:47.292 19800 20147 I mobile-ffmpeg: frame=   70 fps= 68 q=-0.0 size=N/A time=00:00:02.51 bitrate=N/A speed=2.46x    
07-03 00:46:47.351 19800 20135 V VideoManager: Retrieving video from /storage/emulated/0/Movies/raw/20200312_151044.mp4
07-03 00:46:47.359 19800 20135 D VideoManager: videoCursor is null
07-03 00:46:47.380 19800 20135 V VideoManager: videoFromCursor
07-03 00:46:47.383 19800 20135 W DashDownloadManager: Successfully downloaded 20200312_151044.mp4 in 18.736s
07-03 00:46:47.383 19800 20135 V DownloadTestVideosTask: Entering callback for download completion of 20200312_151044.mp4
07-03 00:46:47.383 19800 20135 V RawFootageEventHandler: onAdd
07-03 00:46:47.396 19800 20147 W mobile-ffmpeg: [mov,mp4,m4a,3gp,3g2,mj2 @ 0x7c565fe400] Found duplicated MOOV Atom. Skipped it
07-03 00:46:47.482 19800 20147 I mobile-ffmpeg: Input #0, mov,mp4,m4a,3gp,3g2,mj2, from '/storage/emulated/0/Movies/raw/20200312_151044.mp4':
07-03 00:46:47.483 19800 20147 I mobile-ffmpeg:   Metadata:
07-03 00:46:47.483 19800 20147 I mobile-ffmpeg:     creation_time   : 
07-03 00:46:47.483 19800 20147 I mobile-ffmpeg: 2020-03-12T04:11:43.000000Z
07-03 00:46:47.483 19800 20147 I mobile-ffmpeg: 
07-03 00:46:47.483 19800 20147 I mobile-ffmpeg:     major_brand     : 
07-03 00:46:47.483 19800 20147 I mobile-ffmpeg: mp42
07-03 00:46:47.483 19800 20147 I mobile-ffmpeg: 
07-03 00:46:47.483 19800 20147 I mobile-ffmpeg:     minor_version   : 
07-03 00:46:47.483 19800 20147 I mobile-ffmpeg: 1
07-03 00:46:47.483 19800 20147 I mobile-ffmpeg: 
07-03 00:46:47.483 19800 20147 I mobile-ffmpeg:     compatible_brands: 
07-03 00:46:47.483 19800 20147 I mobile-ffmpeg: mp42mp42
07-03 00:46:47.483 19800 20147 I mobile-ffmpeg: 
07-03 00:46:47.483 19800 20147 I mobile-ffmpeg:   Duration: 
07-03 00:46:47.483 19800 20147 I mobile-ffmpeg: 00:01:00.02
07-03 00:46:47.483 19800 20147 I mobile-ffmpeg: , start: 
07-03 00:46:47.483 19800 20147 I mobile-ffmpeg: 0.000000
07-03 00:46:47.483 19800 20147 I mobile-ffmpeg: , bitrate: 
07-03 00:46:47.483 19800 20147 I mobile-ffmpeg: 9328 kb/s
07-03 00:46:47.483 19800 20147 I mobile-ffmpeg: 
07-03 00:46:47.483 19800 20147 I mobile-ffmpeg:     Stream #0:0
07-03 00:46:47.483 19800 20147 I mobile-ffmpeg: (eng)
07-03 00:46:47.483 19800 20147 I mobile-ffmpeg: : Video: h264 (avc1 / 0x31637661), yuvj420p(pc, bt709), 1280x720, 8383 kb/s
07-03 00:46:47.483 19800 20147 I mobile-ffmpeg: , 
07-03 00:46:47.483 19800 20147 I mobile-ffmpeg: 29.97 fps, 
07-03 00:46:47.483 19800 20147 I mobile-ffmpeg: 29.97 tbr, 
07-03 00:46:47.484 19800 20147 I mobile-ffmpeg: 1k tbn, 
07-03 00:46:47.484 19800 20147 I mobile-ffmpeg: 2k tbc
07-03 00:46:47.484 19800 20147 I mobile-ffmpeg:  (default)
07-03 00:46:47.484 19800 20147 I mobile-ffmpeg: 
07-03 00:46:47.484 19800 20147 I mobile-ffmpeg:     Metadata:
07-03 00:46:47.484 19800 20147 I mobile-ffmpeg:       creation_time   : 
07-03 00:46:47.484 19800 20147 I mobile-ffmpeg: 2020-03-12T04:11:43.000000Z
07-03 00:46:47.484 19800 20147 I mobile-ffmpeg: 
07-03 00:46:47.484 19800 20147 I mobile-ffmpeg:       handler_name    : 
07-03 00:46:47.484 19800 20147 I mobile-ffmpeg: PittaSoft Video Media Handler
07-03 00:46:47.484 19800 20147 I mobile-ffmpeg: 
07-03 00:46:47.484 19800 20147 I mobile-ffmpeg:     Stream #0:1
07-03 00:46:47.484 19800 20147 I mobile-ffmpeg: (eng)
07-03 00:46:47.484 19800 20147 I mobile-ffmpeg: : Audio: aac (mp4a / 0x6134706D), 16000 Hz, stereo, fltp, 47 kb/s
07-03 00:46:47.484 19800 20147 I mobile-ffmpeg:  (default)
07-03 00:46:47.484 19800 20147 I mobile-ffmpeg: 
07-03 00:46:47.484 19800 20147 I mobile-ffmpeg:     Metadata:
07-03 00:46:47.484 19800 20147 I mobile-ffmpeg:       creation_time   : 
07-03 00:46:47.484 19800 20147 I mobile-ffmpeg: 2020-03-12T04:11:43.000000Z
07-03 00:46:47.484 19800 20147 I mobile-ffmpeg: 
07-03 00:46:47.484 19800 20147 I mobile-ffmpeg:       handler_name    : 
07-03 00:46:47.484 19800 20147 I mobile-ffmpeg: PittaSoft Sound Media Handler
07-03 00:46:47.484 19800 20147 I mobile-ffmpeg: 
07-03 00:46:47.521 19800 20135 V FileManager: External storage is readable
07-03 00:46:47.522 19800 20135 V FileManager: Created new directory: /storage/emulated/0/Movies/segment/20200312_151044
07-03 00:46:47.522 19800 20135 V FfmpegTools: Splitting /storage/emulated/0/Movies/raw/20200312_151044.mp4 with 16s long segments
07-03 00:46:47.523 19800 20135 I FfmpegTools: Running ffmpeg with:
07-03 00:46:47.523 19800 20135 I FfmpegTools:   -y -i /storage/emulated/0/Movies/raw/20200312_151044.mp4 -map 0 -c copy -f segment -reset_timestamps 1 -segment_time 16 /storage/emulated/0/Movies/segment/20200312_151044/20200312_151044!%03d.mp4
07-03 00:46:47.537 19800 20147 W mobile-ffmpeg: [mov,mp4,m4a,3gp,3g2,mj2 @ 0x7c565fe400] Found duplicated MOOV Atom. Skipped it
07-03 00:46:47.610 19800 20147 I mobile-ffmpeg: Input #0, mov,mp4,m4a,3gp,3g2,mj2, from '/storage/emulated/0/Movies/raw/20200312_151044.mp4':
07-03 00:46:47.610 19800 20147 I mobile-ffmpeg:   Metadata:
07-03 00:46:47.610 19800 20147 I mobile-ffmpeg:     creation_time   : 
07-03 00:46:47.610 19800 20147 I mobile-ffmpeg: 2020-03-12T04:11:43.000000Z
07-03 00:46:47.610 19800 20147 I mobile-ffmpeg: 
07-03 00:46:47.610 19800 20147 I mobile-ffmpeg:     major_brand     : 
07-03 00:46:47.610 19800 20147 I mobile-ffmpeg: mp42
07-03 00:46:47.610 19800 20147 I mobile-ffmpeg: 
07-03 00:46:47.611 19800 20147 I mobile-ffmpeg:     minor_version   : 
07-03 00:46:47.611 19800 20147 I mobile-ffmpeg: 1
07-03 00:46:47.611 19800 20147 I mobile-ffmpeg: 
07-03 00:46:47.611 19800 20147 I mobile-ffmpeg:     compatible_brands: 
07-03 00:46:47.611 19800 20147 I mobile-ffmpeg: mp42mp42
07-03 00:46:47.611 19800 20147 I mobile-ffmpeg: 
07-03 00:46:47.611 19800 20147 I mobile-ffmpeg:   Duration: 
07-03 00:46:47.611 19800 20147 I mobile-ffmpeg: 00:01:00.02
07-03 00:46:47.611 19800 20147 I mobile-ffmpeg: , start: 
07-03 00:46:47.611 19800 20147 I mobile-ffmpeg: 0.000000
07-03 00:46:47.611 19800 20147 I mobile-ffmpeg: , bitrate: 
07-03 00:46:47.611 19800 20147 I mobile-ffmpeg: 9328 kb/s
07-03 00:46:47.611 19800 20147 I mobile-ffmpeg: 
07-03 00:46:47.611 19800 20147 I mobile-ffmpeg:     Stream #0:0
07-03 00:46:47.611 19800 20147 I mobile-ffmpeg: (eng)
07-03 00:46:47.611 19800 20147 I mobile-ffmpeg: : Video: h264 (avc1 / 0x31637661), yuvj420p(pc, bt709), 1280x720, 8383 kb/s
07-03 00:46:47.611 19800 20147 I mobile-ffmpeg: , 
07-03 00:46:47.611 19800 20147 I mobile-ffmpeg: 29.97 fps, 
07-03 00:46:47.611 19800 20147 I mobile-ffmpeg: 29.97 tbr, 
07-03 00:46:47.611 19800 20147 I mobile-ffmpeg: 1k tbn, 
07-03 00:46:47.611 19800 20147 I mobile-ffmpeg: 2k tbc
07-03 00:46:47.611 19800 20147 I mobile-ffmpeg:  (default)
07-03 00:46:47.611 19800 20147 I mobile-ffmpeg: 
07-03 00:46:47.611 19800 20147 I mobile-ffmpeg:     Metadata:
07-03 00:46:47.611 19800 20147 I mobile-ffmpeg:       creation_time   : 
07-03 00:46:47.611 19800 20147 I mobile-ffmpeg: 2020-03-12T04:11:43.000000Z
07-03 00:46:47.611 19800 20147 I mobile-ffmpeg: 
07-03 00:46:47.611 19800 20147 I mobile-ffmpeg:       handler_name    : 
07-03 00:46:47.611 19800 20147 I mobile-ffmpeg: PittaSoft Video Media Handler
07-03 00:46:47.611 19800 20147 I mobile-ffmpeg: 
07-03 00:46:47.612 19800 20147 I mobile-ffmpeg:     Stream #0:1
07-03 00:46:47.612 19800 20147 I mobile-ffmpeg: (eng)
07-03 00:46:47.612 19800 20147 I mobile-ffmpeg: : Audio: aac (mp4a / 0x6134706D), 16000 Hz, stereo, fltp, 47 kb/s
07-03 00:46:47.612 19800 20147 I mobile-ffmpeg:  (default)
07-03 00:46:47.612 19800 20147 I mobile-ffmpeg: 
07-03 00:46:47.612 19800 20147 I mobile-ffmpeg:     Metadata:
07-03 00:46:47.612 19800 20147 I mobile-ffmpeg:       creation_time   : 
07-03 00:46:47.612 19800 20147 I mobile-ffmpeg: 2020-03-12T04:11:43.000000Z
07-03 00:46:47.612 19800 20147 I mobile-ffmpeg: 
07-03 00:46:47.612 19800 20147 I mobile-ffmpeg:       handler_name    : 
07-03 00:46:47.612 19800 20147 I mobile-ffmpeg: PittaSoft Sound Media Handler
07-03 00:46:47.612 19800 20147 I mobile-ffmpeg: 
07-03 00:46:47.612 19800 20147 I mobile-ffmpeg: [segment @ 0x7c6c9f2600] Opening '/storage/emulated/0/Movies/segment/20200312_151044/20200312_151044!000.mp4' for writing
07-03 00:46:47.612 19800 20147 I mobile-ffmpeg: Output #0, segment, to '/storage/emulated/0/Movies/segment/20200312_151044/20200312_151044!%03d.mp4':
07-03 00:46:47.612 19800 20147 I mobile-ffmpeg:   Metadata:
07-03 00:46:47.612 19800 20147 I mobile-ffmpeg:     compatible_brands: 
07-03 00:46:47.612 19800 20147 I mobile-ffmpeg: mp42mp42
07-03 00:46:47.612 19800 20147 I mobile-ffmpeg: 
07-03 00:46:47.612 19800 20147 I mobile-ffmpeg:     major_brand     : 
07-03 00:46:47.612 19800 20147 I mobile-ffmpeg: mp42
07-03 00:46:47.612 19800 20147 I mobile-ffmpeg: 
07-03 00:46:47.613 19800 20147 I mobile-ffmpeg:     minor_version   : 
07-03 00:46:47.613 19800 20147 I mobile-ffmpeg: 1
07-03 00:46:47.613 19800 20147 I mobile-ffmpeg: 
07-03 00:46:47.613 19800 20147 I mobile-ffmpeg:     encoder         : 
07-03 00:46:47.613 19800 20147 I mobile-ffmpeg: Lavf58.42.100
07-03 00:46:47.613 19800 20147 I mobile-ffmpeg: 
07-03 00:46:47.613 19800 20147 I mobile-ffmpeg:     Stream #0:0
07-03 00:46:47.613 19800 20147 I mobile-ffmpeg: (eng)
07-03 00:46:47.613 19800 20147 I mobile-ffmpeg: : Video: h264 (avc1 / 0x31637661), yuvj420p(pc, bt709), 1280x720, q=2-31, 8383 kb/s
07-03 00:46:47.613 19800 20147 I mobile-ffmpeg: , 
07-03 00:46:47.613 19800 20147 I mobile-ffmpeg: 29.97 fps, 
07-03 00:46:47.613 19800 20147 I mobile-ffmpeg: 29.97 tbr, 
07-03 00:46:47.613 19800 20147 I mobile-ffmpeg: 16k tbn, 
07-03 00:46:47.613 19800 20147 I mobile-ffmpeg: 1k tbc
07-03 00:46:47.613 19800 20147 I mobile-ffmpeg:  (default)
07-03 00:46:47.613 19800 20147 I mobile-ffmpeg: 
07-03 00:46:47.613 19800 20147 I mobile-ffmpeg:     Metadata:
07-03 00:46:47.613 19800 20147 I mobile-ffmpeg:       creation_time   : 
07-03 00:46:47.613 19800 20147 I mobile-ffmpeg: 2020-03-12T04:11:43.000000Z
07-03 00:46:47.613 19800 20147 I mobile-ffmpeg: 
07-03 00:46:47.613 19800 20147 I mobile-ffmpeg:       handler_name    : 
07-03 00:46:47.613 19800 20147 I mobile-ffmpeg: PittaSoft Video Media Handler
07-03 00:46:47.613 19800 20147 I mobile-ffmpeg: 
07-03 00:46:47.613 19800 20147 I mobile-ffmpeg:     Stream #0:1
07-03 00:46:47.613 19800 20147 I mobile-ffmpeg: (eng)
07-03 00:46:47.613 19800 20147 I mobile-ffmpeg: : Audio: aac (mp4a / 0x6134706D), 16000 Hz, stereo, fltp, 47 kb/s
07-03 00:46:47.613 19800 20147 I mobile-ffmpeg:  (default)
07-03 00:46:47.613 19800 20147 I mobile-ffmpeg: 
07-03 00:46:47.613 19800 20147 I mobile-ffmpeg:     Metadata:
07-03 00:46:47.613 19800 20147 I mobile-ffmpeg:       creation_time   : 
07-03 00:46:47.614 19800 20147 I mobile-ffmpeg: 2020-03-12T04:11:43.000000Z
07-03 00:46:47.614 19800 20147 I mobile-ffmpeg: 
07-03 00:46:47.614 19800 20147 I mobile-ffmpeg:       handler_name    : 
07-03 00:46:47.614 19800 20147 I mobile-ffmpeg: PittaSoft Sound Media Handler
07-03 00:46:47.614 19800 20147 I mobile-ffmpeg: 
07-03 00:46:47.614 19800 20147 I mobile-ffmpeg: Stream mapping:
07-03 00:46:47.614 19800 20147 I mobile-ffmpeg:   Stream #0:0 -> #0:0
07-03 00:46:47.614 19800 20147 I mobile-ffmpeg:  (copy)
07-03 00:46:47.614 19800 20147 I mobile-ffmpeg: 
07-03 00:46:47.614 19800 20147 I mobile-ffmpeg:   Stream #0:1 -> #0:1
07-03 00:46:47.614 19800 20147 I mobile-ffmpeg:  (copy)
07-03 00:46:47.614 19800 20147 I mobile-ffmpeg: 
07-03 00:46:47.614 19800 20147 I mobile-ffmpeg: Press [q] to stop, [?] for help
07-03 00:46:47.791 19800 20147 I mobile-ffmpeg: frame=  379 fps=0.0 q=-1.0 size=N/A time=00:00:12.61 bitrate=N/A speed=70.8x    
07-03 00:46:47.835 19800 20147 I mobile-ffmpeg: [segment @ 0x7c6c9f2600] Opening '/storage/emulated/0/Movies/segment/20200312_151044/20200312_151044!001.mp4' for writing
07-03 00:46:48.070 19800 20147 I mobile-ffmpeg: [segment @ 0x7c6c9f2600] Opening '/storage/emulated/0/Movies/segment/20200312_151044/20200312_151044!002.mp4' for writing
07-03 00:46:48.292 19800 20147 I mobile-ffmpeg: frame= 1409 fps=0.0 q=-1.0 size=N/A time=00:00:46.97 bitrate=N/A speed=69.2x    
07-03 00:46:48.314 19800 20147 I mobile-ffmpeg: [segment @ 0x7c6c9f2600] Opening '/storage/emulated/0/Movies/segment/20200312_151044/20200312_151044!003.mp4' for writing
07-03 00:46:48.383 19800 19800 D NearbyFragment: onPayloadReceived(endpointId=ib9b, payload=com.google.android.gms.nearby.connection.Payload@2952704)
07-03 00:46:48.384 19800 19800 D NearbyFragment: 20200312_150944!002.mp4 from Endpoint{id=ib9b, name=Galaxy S8 [2802]} contained no activity
07-03 00:46:48.384 19800 19800 V NearbyFragment: Received a segment of 20200312_150944
07-03 00:46:48.385 19800 19800 I NearbyFragment: Transfer queue is empty
07-03 00:46:48.387 19800 19800 V NearbyFragment: Transfer to ib9b: 100%
07-03 00:46:48.442 19800 20147 I mobile-ffmpeg: frame= 1800 fps=0.0 q=-1.0 Lsize=N/A time=00:01:00.03 bitrate=N/A speed=72.4x    
07-03 00:46:48.442 19800 20147 I mobile-ffmpeg: video:61424kB audio:346kB subtitle:0kB other streams:0kB global headers:0kB muxing overhead: 
07-03 00:46:48.442 19800 20147 I mobile-ffmpeg: unknown
07-03 00:46:48.442 19800 20147 I mobile-ffmpeg: 
07-03 00:46:48.447 19800 20135 V FileManager: External storage is readable
07-03 00:46:48.448 19800 20135 V FileManager: Directory already exists: /storage/emulated/0/Movies/segment/20200312_151044
07-03 00:46:48.448 19800 20135 V VideoManager: Retrieving videos from /storage/emulated/0/Movies/segment/20200312_151044
07-03 00:46:48.449 19800 20135 V VideoManager: Retrieving video from /storage/emulated/0/Movies/segment/20200312_151044/20200312_151044!000.mp4
07-03 00:46:48.456 19800 19800 V NearbyFragment: Transfer to ib9b: 100%
07-03 00:46:48.471 19800 20135 D VideoManager: videoCursor is null
07-03 00:46:48.808 19800 20147 I mobile-ffmpeg: frame=  174 fps= 69 q=-0.0 size=N/A time=00:00:05.90 bitrate=N/A speed=2.34x    
07-03 00:46:49.068 19800 20135 V VideoManager: videoFromCursor
07-03 00:46:49.071 19800 20135 V VideoManager: Retrieving video from /storage/emulated/0/Movies/segment/20200312_151044/20200312_151044!001.mp4
07-03 00:46:49.079 19800 20135 D VideoManager: videoCursor is null
07-03 00:46:49.106 19800 20135 V VideoManager: videoFromCursor
07-03 00:46:49.109 19800 20135 V VideoManager: Retrieving video from /storage/emulated/0/Movies/segment/20200312_151044/20200312_151044!002.mp4
07-03 00:46:49.117 19800 20135 D VideoManager: videoCursor is null
07-03 00:46:49.140 19800 20135 V VideoManager: videoFromCursor
07-03 00:46:49.143 19800 20135 V VideoManager: Retrieving video from /storage/emulated/0/Movies/segment/20200312_151044/20200312_151044!003.mp4
07-03 00:46:49.152 19800 20135 D VideoManager: videoCursor is null
07-03 00:46:49.170 19800 20135 V VideoManager: videoFromCursor
07-03 00:46:49.174 19800 20135 V NearbyFragment: nextTransfer with selected algorithm: best_or_local
07-03 00:46:49.177 19800 20135 W NearbyFragment: Sending 20200312_151044!000.mp4 to Galaxy S8 [2802]
07-03 00:46:49.201 19800 19800 V NearbyFragment: Transfer to ib9b: 100%
07-03 00:46:49.202 19800 19800 V NearbyFragment: Transfer to ib9b: 100%
07-03 00:46:49.231 19800 19800 V NearbyFragment: Transfer to ib9b: 0%
07-03 00:46:49.232 19800 19800 V NearbyFragment: Transfer to ib9b: 0%
07-03 00:46:49.232 19800 19800 V NearbyFragment: Transfer to ib9b: 1%
07-03 00:46:49.245 19800 19800 V NearbyFragment: Transfer to ib9b: 1%
07-03 00:46:49.262 19800 19800 V NearbyFragment: Transfer to ib9b: 1%
07-03 00:46:49.264 19800 19800 V NearbyFragment: Transfer to ib9b: 2%
07-03 00:46:49.265 19800 19800 V NearbyFragment: Transfer to ib9b: 2%
07-03 00:46:49.281 19800 19800 V NearbyFragment: Transfer to ib9b: 3%
07-03 00:46:49.301 19800 19800 V NearbyFragment: Transfer to ib9b: 3%
07-03 00:46:49.305 19800 19800 V NearbyFragment: Transfer to ib9b: 3%
07-03 00:46:49.309 19800 20147 I mobile-ffmpeg: frame=  212 fps= 70 q=-0.0 size=N/A time=00:00:07.18 bitrate=N/A speed=2.37x    
07-03 00:46:49.321 19800 19800 V NearbyFragment: Transfer to ib9b: 4%
07-03 00:46:49.328 19800 19800 V NearbyFragment: Transfer to ib9b: 4%
07-03 00:46:49.328 19800 19800 V NearbyFragment: Transfer to ib9b: 5%
07-03 00:46:49.351 19800 19800 V NearbyFragment: Transfer to ib9b: 5%
07-03 00:46:49.368 19800 19800 V NearbyFragment: Transfer to ib9b: 5%
07-03 00:46:49.370 19800 19800 V NearbyFragment: Transfer to ib9b: 6%
07-03 00:46:49.377 19800 19800 V NearbyFragment: Transfer to ib9b: 6%
07-03 00:46:49.379 19800 19800 V NearbyFragment: Transfer to ib9b: 7%
07-03 00:46:49.401 19800 19800 V NearbyFragment: Transfer to ib9b: 7%
07-03 00:46:49.435 19800 19800 V NearbyFragment: Transfer to ib9b: 7%
07-03 00:46:49.463 19800 19800 V NearbyFragment: Transfer to ib9b: 8%
07-03 00:46:49.474 19800 19800 V NearbyFragment: Transfer to ib9b: 8%
07-03 00:46:49.525 19800 19800 V NearbyFragment: Transfer to ib9b: 8%
07-03 00:46:49.525 19800 19800 V NearbyFragment: Transfer to ib9b: 9%
07-03 00:46:49.541 19800 19800 V NearbyFragment: Transfer to ib9b: 9%
