07-03 00:45:32.836 19800 20147 I mobile-ffmpeg:   configuration: --cross-prefix=aarch64-linux-android- --sysroot=/files/android-sdk/ndk-bundle/toolchains/llvm/prebuilt/linux-x86_64/sysroot --prefix=/home/taner/Projects/mobile-ffmpeg/prebuilt/android-arm64/ffmpeg --pkg-config=/usr/bin/pkg-config --enable-version3 --arch=aarch64 --cpu=armv8-a --cc=aarch64-linux-android24-clang --cxx=aarch64-linux-android24-clang++ --target-os=android --enable-neon --enable-asm --enable-inline-asm --enable-cross-compile --enable-pic --enable-jni --enable-optimizations --enable-swscale --enable-shared --enable-v4l2-m2m --disable-outdev=fbdev --disable-indev=fbdev --enable-small --disable-openssl --disable-xmm-clobber-test --disable-debug --enable-lto --disable-neon-clobber-test --disable-programs --disable-postproc --disable-doc --disable-htmlpages --disable-manpages --disable-podpages --disable-txtpages --disable-static --disable-sndio --disable-schannel --disable-securetransport --disable-xlib --disable-cuda --disable-cuvid --disable-nvenc --disable-vaapi --disable-vdpau --
07-03 00:45:32.836 19800 20147 I mobile-ffmpeg:   libavutil      56. 42.102 / 56. 42.102
07-03 00:45:32.836 19800 20147 I mobile-ffmpeg:   libavcodec     58. 78.102 / 58. 78.102
07-03 00:45:32.837 19800 20147 I mobile-ffmpeg:   libavformat    58. 42.100 / 58. 42.100
07-03 00:45:32.837 19800 20147 I mobile-ffmpeg:   libavdevice    58.  9.103 / 58.  9.103
07-03 00:45:32.837 19800 20147 I mobile-ffmpeg:   libavfilter     7. 77.101 /  7. 77.101
07-03 00:45:32.837 19800 20147 I mobile-ffmpeg:   libswscale      5.  6.101 /  5.  6.101
07-03 00:45:32.837 19800 20147 I mobile-ffmpeg:   libswresample   3.  6.100 /  3.  6.100
07-03 00:45:32.902 19800 20147 I mobile-ffmpeg: Input #0, mov,mp4,m4a,3gp,3g2,mj2, from '/storage/emulated/0/Movies/segment/20200312_150643/20200312_150643!003.mp4':
07-03 00:45:32.902 19800 20147 I mobile-ffmpeg:   Metadata:
07-03 00:45:32.902 19800 20147 I mobile-ffmpeg:     major_brand     : 
07-03 00:45:32.902 19800 20147 I mobile-ffmpeg: isom
07-03 00:45:32.902 19800 20147 I mobile-ffmpeg: 
07-03 00:45:32.902 19800 20147 I mobile-ffmpeg:     minor_version   : 
07-03 00:45:32.902 19800 20147 I mobile-ffmpeg: 512
07-03 00:45:32.902 19800 20147 I mobile-ffmpeg: 
07-03 00:45:32.902 19800 20147 I mobile-ffmpeg:     compatible_brands: 
07-03 00:45:32.902 19800 20147 I mobile-ffmpeg: isomiso2avc1mp41
07-03 00:45:32.902 19800 20147 I mobile-ffmpeg: 
07-03 00:45:32.902 19800 20147 I mobile-ffmpeg:     encoder         : 
07-03 00:45:32.902 19800 20147 I mobile-ffmpeg: Lavf58.42.100
07-03 00:45:32.902 19800 20147 I mobile-ffmpeg: 
07-03 00:45:32.902 19800 20147 I mobile-ffmpeg:   Duration: 
07-03 00:45:32.903 19800 20147 I mobile-ffmpeg: 00:00:12.01
07-03 00:45:32.903 19800 20147 I mobile-ffmpeg: , start: 
07-03 00:45:32.903 19800 20147 I mobile-ffmpeg: 0.000000
07-03 00:45:32.903 19800 20147 I mobile-ffmpeg: , bitrate: 
07-03 00:45:32.904 19800 20147 I mobile-ffmpeg: 8394 kb/s
07-03 00:45:32.904 19800 20147 I mobile-ffmpeg: 
07-03 00:45:32.904 19800 20147 I mobile-ffmpeg:     Stream #0:0
07-03 00:45:32.904 19800 20147 I mobile-ffmpeg: (eng)
07-03 00:45:32.904 19800 20147 I mobile-ffmpeg: : Video: h264 (avc1 / 0x31637661), yuvj420p(pc, bt709), 1280x720, 8342 kb/s
07-03 00:45:32.904 19800 20147 I mobile-ffmpeg: , 
07-03 00:45:32.904 19800 20147 I mobile-ffmpeg: 29.97 fps, 
07-03 00:45:32.904 19800 20147 I mobile-ffmpeg: 29.97 tbr, 
07-03 00:45:32.904 19800 20147 I mobile-ffmpeg: 16k tbn, 
07-03 00:45:32.904 19800 20147 I mobile-ffmpeg: 32k tbc
07-03 00:45:32.904 19800 20147 I mobile-ffmpeg:  (default)
07-03 00:45:32.904 19800 20147 I mobile-ffmpeg: 
07-03 00:45:32.905 19800 20147 I mobile-ffmpeg:     Metadata:
07-03 00:45:32.905 19800 20147 I mobile-ffmpeg:       handler_name    : 
07-03 00:45:32.905 19800 20147 I mobile-ffmpeg: PittaSoft Video Media Handler
07-03 00:45:32.905 19800 20147 I mobile-ffmpeg: 
07-03 00:45:32.905 19800 20147 I mobile-ffmpeg:     Stream #0:1
07-03 00:45:32.905 19800 20147 I mobile-ffmpeg: (eng)
07-03 00:45:32.905 19800 20147 I mobile-ffmpeg: : Audio: aac (mp4a / 0x6134706D), 16000 Hz, stereo, fltp, 47 kb/s
07-03 00:45:32.905 19800 20147 I mobile-ffmpeg:  (default)
07-03 00:45:32.905 19800 20147 I mobile-ffmpeg: 
07-03 00:45:32.905 19800 20147 I mobile-ffmpeg:     Metadata:
07-03 00:45:32.905 19800 20147 I mobile-ffmpeg:       handler_name    : 
07-03 00:45:32.905 19800 20147 I mobile-ffmpeg: PittaSoft Sound Media Handler
07-03 00:45:32.905 19800 20147 I mobile-ffmpeg: 
07-03 00:45:32.907 19800 20147 I mobile-ffmpeg: Stream mapping:
07-03 00:45:32.907 19800 20147 I mobile-ffmpeg:   Stream #0:0 -> #0:0
07-03 00:45:32.907 19800 20147 I mobile-ffmpeg:  (h264 (native) -> wrapped_avframe (native))
07-03 00:45:32.907 19800 20147 I mobile-ffmpeg: 
07-03 00:45:32.908 19800 20147 I mobile-ffmpeg:   Stream #0:1 -> #0:1
07-03 00:45:32.908 19800 20147 I mobile-ffmpeg:  (aac (native) -> pcm_s16le (native))
07-03 00:45:32.908 19800 20147 I mobile-ffmpeg: 
07-03 00:45:32.908 19800 20147 I mobile-ffmpeg: Press [q] to stop, [?] for help
07-03 00:45:32.908 19800 20147 I mobile-ffmpeg: frame=    0 fps=0.0 q=0.0 size=N/A time=-577014:32:22.77 bitrate=N/A speed=N/A    
07-03 00:45:32.954 19800 20147 W mobile-ffmpeg: [graph 0 input from stream 0:0 @ 0x7c5a4b7680] sws_param option is deprecated and ignored
07-03 00:45:32.954 19800 20147 I mobile-ffmpeg: Output #0, null, to 'pipe:':
07-03 00:45:32.954 19800 20147 I mobile-ffmpeg:   Metadata:
07-03 00:45:32.954 19800 20147 I mobile-ffmpeg:     major_brand     : 
07-03 00:45:32.954 19800 20147 I mobile-ffmpeg: isom
07-03 00:45:32.955 19800 20147 I mobile-ffmpeg: 
07-03 00:45:32.955 19800 20147 I mobile-ffmpeg:     minor_version   : 
07-03 00:45:32.955 19800 20147 I mobile-ffmpeg: 512
07-03 00:45:32.955 19800 20147 I mobile-ffmpeg: 
07-03 00:45:32.955 19800 20147 I mobile-ffmpeg:     compatible_brands: 
07-03 00:45:32.955 19800 20147 I mobile-ffmpeg: isomiso2avc1mp41
07-03 00:45:32.955 19800 20147 I mobile-ffmpeg: 
07-03 00:45:32.955 19800 20147 I mobile-ffmpeg:     encoder         : 
07-03 00:45:32.955 19800 20147 I mobile-ffmpeg: Lavf58.42.100
07-03 00:45:32.955 19800 20147 I mobile-ffmpeg: 
07-03 00:45:32.955 19800 20147 I mobile-ffmpeg:     Stream #0:0
07-03 00:45:32.955 19800 20147 I mobile-ffmpeg: (eng)
07-03 00:45:32.955 19800 20147 I mobile-ffmpeg: : Video: wrapped_avframe, yuvj420p, 1280x720, q=2-31, 200 kb/s
07-03 00:45:32.955 19800 20147 I mobile-ffmpeg: , 
07-03 00:45:32.955 19800 20147 I mobile-ffmpeg: 29.97 fps, 
07-03 00:45:32.955 19800 20147 I mobile-ffmpeg: 29.97 tbn, 
07-03 00:45:32.955 19800 20147 I mobile-ffmpeg: 29.97 tbc
07-03 00:45:32.955 19800 20147 I mobile-ffmpeg:  (default)
07-03 00:45:32.955 19800 20147 I mobile-ffmpeg: 
07-03 00:45:32.955 19800 20147 I mobile-ffmpeg:     Metadata:
07-03 00:45:32.955 19800 20147 I mobile-ffmpeg:       handler_name    : 
07-03 00:45:32.956 19800 20147 I mobile-ffmpeg: PittaSoft Video Media Handler
07-03 00:45:32.956 19800 20147 I mobile-ffmpeg: 
07-03 00:45:32.956 19800 20147 I mobile-ffmpeg:       encoder         : 
07-03 00:45:32.956 19800 20147 I mobile-ffmpeg: Lavc58.78.102 wrapped_avframe
07-03 00:45:32.956 19800 20147 I mobile-ffmpeg: 
07-03 00:45:32.956 19800 20147 I mobile-ffmpeg:     Stream #0:1
07-03 00:45:32.956 19800 20147 I mobile-ffmpeg: (eng)
07-03 00:45:32.956 19800 20147 I mobile-ffmpeg: : Audio: pcm_s16le, 16000 Hz, stereo, s16, 512 kb/s
07-03 00:45:32.956 19800 20147 I mobile-ffmpeg:  (default)
07-03 00:45:32.956 19800 20147 I mobile-ffmpeg: 
07-03 00:45:32.956 19800 20147 I mobile-ffmpeg:     Metadata:
07-03 00:45:32.956 19800 20147 I mobile-ffmpeg:       handler_name    : 
07-03 00:45:32.956 19800 20147 I mobile-ffmpeg: PittaSoft Sound Media Handler
07-03 00:45:32.956 19800 20147 I mobile-ffmpeg: 
07-03 00:45:32.956 19800 20147 I mobile-ffmpeg:       encoder         : 
07-03 00:45:32.956 19800 20147 I mobile-ffmpeg: Lavc58.78.102 pcm_s16le
07-03 00:45:32.956 19800 20147 I mobile-ffmpeg: 
07-03 00:45:33.187 19800 20147 I mobile-ffmpeg: [freezedetect @ 0x7c5a5cf1c0] lavfi.freezedetect.freeze_start: 0
07-03 00:45:33.415 19800 20147 I mobile-ffmpeg: frame=   64 fps=0.0 q=-0.0 size=N/A time=00:00:02.39 bitrate=N/A speed=4.71x    
07-03 00:45:33.932 19800 20147 I mobile-ffmpeg: frame=  128 fps=126 q=-0.0 size=N/A time=00:00:04.43 bitrate=N/A speed=4.38x    
07-03 00:45:34.434 19800 20147 I mobile-ffmpeg: frame=  185 fps=122 q=-0.0 size=N/A time=00:00:06.35 bitrate=N/A speed= 4.2x    
07-03 00:45:34.936 19800 20147 I mobile-ffmpeg: frame=  239 fps=118 q=-0.0 size=N/A time=00:00:08.15 bitrate=N/A speed=4.02x    
07-03 00:45:34.954 19800 19800 D NearbyFragment: onPayloadReceived(endpointId=ib9b, payload=com.google.android.gms.nearby.connection.Payload@b9f9fdd)
07-03 00:45:34.955 19800 19800 D NearbyFragment: 20200312_150643!002.mp4 from Endpoint{id=ib9b, name=Galaxy S8 [2802]} contained no activity
07-03 00:45:34.955 19800 19800 V NearbyFragment: Received a segment of 20200312_150643
07-03 00:45:34.956 19800 19800 I NearbyFragment: Transfer queue is empty
07-03 00:45:34.958 19800 19800 V NearbyFragment: Transfer to ib9b: 100%
07-03 00:45:34.965 19800 19800 V NearbyFragment: Transfer to ib9b: 100%
07-03 00:45:35.442 19800 20147 I mobile-ffmpeg: frame=  306 fps=121 q=-0.0 size=N/A time=00:00:10.39 bitrate=N/A speed=4.11x    
07-03 00:45:35.929 19800 20147 I mobile-ffmpeg: frame=  360 fps=119 q=-0.0 Lsize=N/A time=00:00:12.01 bitrate=N/A speed=3.97x    
07-03 00:45:35.929 19800 20147 I mobile-ffmpeg: video:188kB audio:748kB subtitle:0kB other streams:0kB global headers:0kB muxing overhead: 
07-03 00:45:35.929 19800 20147 I mobile-ffmpeg: unknown
07-03 00:45:35.929 19800 20147 I mobile-ffmpeg: 
07-03 00:45:35.982 19800 20179 W Summariser: No activity detected
07-03 00:45:36.045 19800 20147 I mobile-ffmpeg: Input #0, mov,mp4,m4a,3gp,3g2,mj2, from '/storage/emulated/0/Movies/segment/20200312_150643/20200312_150643!003.mp4':
07-03 00:45:36.046 19800 20147 I mobile-ffmpeg:   Metadata:
07-03 00:45:36.046 19800 20147 I mobile-ffmpeg:     major_brand     : 
07-03 00:45:36.046 19800 20147 I mobile-ffmpeg: isom
07-03 00:45:36.046 19800 20147 I mobile-ffmpeg: 
07-03 00:45:36.046 19800 20147 I mobile-ffmpeg:     minor_version   : 
07-03 00:45:36.046 19800 20147 I mobile-ffmpeg: 512
07-03 00:45:36.046 19800 20147 I mobile-ffmpeg: 
07-03 00:45:36.046 19800 20147 I mobile-ffmpeg:     compatible_brands: 
07-03 00:45:36.046 19800 20147 I mobile-ffmpeg: isomiso2avc1mp41
07-03 00:45:36.047 19800 20147 I mobile-ffmpeg: 
07-03 00:45:36.047 19800 20147 I mobile-ffmpeg:     encoder         : 
07-03 00:45:36.047 19800 20147 I mobile-ffmpeg: Lavf58.42.100
07-03 00:45:36.047 19800 20147 I mobile-ffmpeg: 
07-03 00:45:36.047 19800 20147 I mobile-ffmpeg:   Duration: 
07-03 00:45:36.047 19800 20147 I mobile-ffmpeg: 00:00:12.01
07-03 00:45:36.047 19800 20147 I mobile-ffmpeg: , start: 
07-03 00:45:36.047 19800 20147 I mobile-ffmpeg: 0.000000
07-03 00:45:36.047 19800 20147 I mobile-ffmpeg: , bitrate: 
07-03 00:45:36.047 19800 20147 I mobile-ffmpeg: 8394 kb/s
07-03 00:45:36.048 19800 20147 I mobile-ffmpeg: 
07-03 00:45:36.048 19800 20147 I mobile-ffmpeg:     Stream #0:0
07-03 00:45:36.048 19800 20147 I mobile-ffmpeg: (eng)
07-03 00:45:36.048 19800 20147 I mobile-ffmpeg: : Video: h264 (avc1 / 0x31637661), yuvj420p(pc, bt709), 1280x720, 8342 kb/s
07-03 00:45:36.048 19800 20147 I mobile-ffmpeg: , 
07-03 00:45:36.048 19800 20147 I mobile-ffmpeg: 29.97 fps, 
07-03 00:45:36.048 19800 20147 I mobile-ffmpeg: 29.97 tbr, 
07-03 00:45:36.048 19800 20147 I mobile-ffmpeg: 16k tbn, 
07-03 00:45:36.048 19800 20147 I mobile-ffmpeg: 32k tbc
07-03 00:45:36.048 19800 20147 I mobile-ffmpeg:  (default)
07-03 00:45:36.049 19800 20147 I mobile-ffmpeg: 
07-03 00:45:36.049 19800 20147 I mobile-ffmpeg:     Metadata:
07-03 00:45:36.049 19800 20147 I mobile-ffmpeg:       handler_name    : 
07-03 00:45:36.049 19800 20147 I mobile-ffmpeg: PittaSoft Video Media Handler
07-03 00:45:36.049 19800 20147 I mobile-ffmpeg: 
07-03 00:45:36.049 19800 20147 I mobile-ffmpeg:     Stream #0:1
07-03 00:45:36.049 19800 20147 I mobile-ffmpeg: (eng)
07-03 00:45:36.049 19800 20147 I mobile-ffmpeg: : Audio: aac (mp4a / 0x6134706D), 16000 Hz, stereo, fltp, 47 kb/s
07-03 00:45:36.049 19800 20147 I mobile-ffmpeg:  (default)
07-03 00:45:36.049 19800 20147 I mobile-ffmpeg: 
07-03 00:45:36.049 19800 20147 I mobile-ffmpeg:     Metadata:
07-03 00:45:36.050 19800 20147 I mobile-ffmpeg:       handler_name    : 
07-03 00:45:36.050 19800 20147 I mobile-ffmpeg: PittaSoft Sound Media Handler
07-03 00:45:36.050 19800 20147 I mobile-ffmpeg: 
07-03 00:45:36.066 19800 20179 W Summariser: Summarisation completed
07-03 00:45:36.066 19800 20179 W Summariser:   filename: 20200312_150643!003.mp4
07-03 00:45:36.066 19800 20179 W Summariser:   active sections: 0
07-03 00:45:36.066 19800 20179 W Summariser:   time: 03.149s
07-03 00:45:36.066 19800 20179 W Summariser:   original duration: 12.01
07-03 00:45:36.066 19800 20179 W Summariser:   summarised duration: -1.00
07-03 00:45:36.066 19800 20179 W Summariser:   noise tolerance: 45.00
07-03 00:45:36.066 19800 20179 W Summariser:   quality: 23
07-03 00:45:36.066 19800 20179 W Summariser:   speed: medium
07-03 00:45:36.066 19800 20179 W Summariser:   freeze duration: 1.00
07-03 00:45:36.066 19800 20179 D NearbyFragment: Received all summarised video segments of 20200312_150643
07-03 00:45:36.071 19800 20179 V FileManager: External storage is readable
07-03 00:45:36.072 19800 20179 V FileManager: Directory already exists: /storage/emulated/0/Movies/segment-sum/20200312_150643
07-03 00:45:36.075 19800 20179 D FfmpegTools: Merging /storage/emulated/0/Movies/summarised/20200312_150643.mp4
07-03 00:45:36.075 19800 20179 D FfmpegTools: No split videos to merge
07-03 00:45:36.075 19800 20179 V RawFootageEventHandler: removeByName
07-03 00:45:36.076 19800 20179 V ProcessingVideosEventHandler: removeByName
07-03 00:45:36.077 19800 20179 V NearbyFragment: Removing video segment map for 20200312_150643
07-03 00:45:36.077 19800 20179 V ProcessingVideosEventHandler: onRemove
07-03 00:45:36.124 19800 20149 D SummariserIntentService: Scanned /storage/emulated/0/Movies/summarised
07-03 00:45:36.124 19800 20149 D SummariserIntentService:   -> uri=content://media/external/file/7148
07-03 00:45:41.715 19800 20135 V VideoManager: Retrieving video from /storage/emulated/0/Movies/raw/20200312_150744.mp4
07-03 00:45:41.736 19800 20135 D VideoManager: videoCursor is null
07-03 00:45:41.770 19800 20135 V VideoManager: videoFromCursor
07-03 00:45:41.774 19800 20135 W DashDownloadManager: Successfully downloaded 20200312_150744.mp4 in 19.948s
07-03 00:45:41.774 19800 20135 V DownloadTestVideosTask: Entering callback for download completion of 20200312_150744.mp4
07-03 00:45:41.775 19800 20135 V RawFootageEventHandler: onAdd
07-03 00:45:41.786 19800 20147 W mobile-ffmpeg: [mov,mp4,m4a,3gp,3g2,mj2 @ 0x7c6c8a2800] Found duplicated MOOV Atom. Skipped it
07-03 00:45:41.846 19800 20147 I mobile-ffmpeg: Input #0, mov,mp4,m4a,3gp,3g2,mj2, from '/storage/emulated/0/Movies/raw/20200312_150744.mp4':
07-03 00:45:41.847 19800 20147 I mobile-ffmpeg:   Metadata:
07-03 00:45:41.847 19800 20147 I mobile-ffmpeg:     creation_time   : 
07-03 00:45:41.847 19800 20147 I mobile-ffmpeg: 2020-03-12T04:08:43.000000Z
07-03 00:45:41.848 19800 20147 I mobile-ffmpeg: 
07-03 00:45:41.848 19800 20147 I mobile-ffmpeg:     major_brand     : 
07-03 00:45:41.848 19800 20147 I mobile-ffmpeg: mp42
07-03 00:45:41.848 19800 20147 I mobile-ffmpeg: 
07-03 00:45:41.848 19800 20147 I mobile-ffmpeg:     minor_version   : 
07-03 00:45:41.848 19800 20147 I mobile-ffmpeg: 1
07-03 00:45:41.849 19800 20147 I mobile-ffmpeg: 
07-03 00:45:41.849 19800 20147 I mobile-ffmpeg:     compatible_brands: 
07-03 00:45:41.849 19800 20147 I mobile-ffmpeg: mp42mp42
07-03 00:45:41.849 19800 20147 I mobile-ffmpeg: 
07-03 00:45:41.849 19800 20147 I mobile-ffmpeg:   Duration: 
07-03 00:45:41.849 19800 20147 I mobile-ffmpeg: 00:01:00.02
07-03 00:45:41.849 19800 20147 I mobile-ffmpeg: , start: 
07-03 00:45:41.849 19800 20147 I mobile-ffmpeg: 0.000000
07-03 00:45:41.849 19800 20147 I mobile-ffmpeg: , bitrate: 
07-03 00:45:41.849 19800 20147 I mobile-ffmpeg: 9328 kb/s
07-03 00:45:41.849 19800 20147 I mobile-ffmpeg: 
07-03 00:45:41.850 19800 20147 I mobile-ffmpeg:     Stream #0:0
07-03 00:45:41.850 19800 20147 I mobile-ffmpeg: (eng)
07-03 00:45:41.850 19800 20147 I mobile-ffmpeg: : Video: h264 (avc1 / 0x31637661), yuvj420p(pc, bt709), 1280x720, 8381 kb/s
07-03 00:45:41.850 19800 20147 I mobile-ffmpeg: , 
07-03 00:45:41.850 19800 20147 I mobile-ffmpeg: 29.97 fps, 
07-03 00:45:41.850 19800 20147 I mobile-ffmpeg: 29.97 tbr, 
07-03 00:45:41.850 19800 20147 I mobile-ffmpeg: 1k tbn, 
07-03 00:45:41.850 19800 20147 I mobile-ffmpeg: 2k tbc
07-03 00:45:41.850 19800 20147 I mobile-ffmpeg:  (default)
07-03 00:45:41.850 19800 20147 I mobile-ffmpeg: 
07-03 00:45:41.850 19800 20147 I mobile-ffmpeg:     Metadata:
07-03 00:45:41.852 19800 20147 I mobile-ffmpeg:       creation_time   : 
07-03 00:45:41.852 19800 20147 I mobile-ffmpeg: 2020-03-12T04:08:43.000000Z
07-03 00:45:41.852 19800 20147 I mobile-ffmpeg: 
07-03 00:45:41.852 19800 20147 I mobile-ffmpeg:       handler_name    : 
07-03 00:45:41.852 19800 20147 I mobile-ffmpeg: PittaSoft Video Media Handler
07-03 00:45:41.852 19800 20147 I mobile-ffmpeg: 
07-03 00:45:41.852 19800 20147 I mobile-ffmpeg:     Stream #0:1
07-03 00:45:41.852 19800 20147 I mobile-ffmpeg: (eng)
07-03 00:45:41.853 19800 20147 I mobile-ffmpeg: : Audio: aac (mp4a / 0x6134706D), 16000 Hz, stereo, fltp, 47 kb/s
07-03 00:45:41.853 19800 20147 I mobile-ffmpeg:  (default)
07-03 00:45:41.853 19800 20147 I mobile-ffmpeg: 
07-03 00:45:41.853 19800 20147 I mobile-ffmpeg:     Metadata:
07-03 00:45:41.853 19800 20147 I mobile-ffmpeg:       creation_time   : 
07-03 00:45:41.853 19800 20147 I mobile-ffmpeg: 2020-03-12T04:08:43.000000Z
07-03 00:45:41.853 19800 20147 I mobile-ffmpeg: 
07-03 00:45:41.853 19800 20147 I mobile-ffmpeg:       handler_name    : 
07-03 00:45:41.853 19800 20147 I mobile-ffmpeg: PittaSoft Sound Media Handler
07-03 00:45:41.853 19800 20147 I mobile-ffmpeg: 
07-03 00:45:41.865 19800 20135 V FileManager: External storage is readable
07-03 00:45:41.867 19800 20135 V FileManager: Created new directory: /storage/emulated/0/Movies/segment/20200312_150744
07-03 00:45:41.867 19800 20135 V FfmpegTools: Splitting /storage/emulated/0/Movies/raw/20200312_150744.mp4 with 16s long segments
07-03 00:45:41.868 19800 20135 I FfmpegTools: Running ffmpeg with:
07-03 00:45:41.868 19800 20135 I FfmpegTools:   -y -i /storage/emulated/0/Movies/raw/20200312_150744.mp4 -map 0 -c copy -f segment -reset_timestamps 1 -segment_time 16 /storage/emulated/0/Movies/segment/20200312_150744/20200312_150744!%03d.mp4
07-03 00:45:41.877 19800 20147 W mobile-ffmpeg: [mov,mp4,m4a,3gp,3g2,mj2 @ 0x7c6c8a2800] Found duplicated MOOV Atom. Skipped it
07-03 00:45:41.908 19800 20147 I mobile-ffmpeg: Input #0, mov,mp4,m4a,3gp,3g2,mj2, from '/storage/emulated/0/Movies/raw/20200312_150744.mp4':
07-03 00:45:41.908 19800 20147 I mobile-ffmpeg:   Metadata:
07-03 00:45:41.908 19800 20147 I mobile-ffmpeg:     creation_time   : 
07-03 00:45:41.908 19800 20147 I mobile-ffmpeg: 2020-03-12T04:08:43.000000Z
07-03 00:45:41.909 19800 20147 I mobile-ffmpeg: 
07-03 00:45:41.909 19800 20147 I mobile-ffmpeg:     major_brand     : 
07-03 00:45:41.909 19800 20147 I mobile-ffmpeg: mp42
07-03 00:45:41.909 19800 20147 I mobile-ffmpeg: 
07-03 00:45:41.909 19800 20147 I mobile-ffmpeg:     minor_version   : 
07-03 00:45:41.910 19800 20147 I mobile-ffmpeg: 1
07-03 00:45:41.910 19800 20147 I mobile-ffmpeg: 
07-03 00:45:41.910 19800 20147 I mobile-ffmpeg:     compatible_brands: 
07-03 00:45:41.910 19800 20147 I mobile-ffmpeg: mp42mp42
07-03 00:45:41.910 19800 20147 I mobile-ffmpeg: 
07-03 00:45:41.911 19800 20147 I mobile-ffmpeg:   Duration: 
07-03 00:45:41.911 19800 20147 I mobile-ffmpeg: 00:01:00.02
07-03 00:45:41.911 19800 20147 I mobile-ffmpeg: , start: 
07-03 00:45:41.911 19800 20147 I mobile-ffmpeg: 0.000000
07-03 00:45:41.911 19800 20147 I mobile-ffmpeg: , bitrate: 
07-03 00:45:41.912 19800 20147 I mobile-ffmpeg: 9328 kb/s
07-03 00:45:41.912 19800 20147 I mobile-ffmpeg: 
07-03 00:45:41.912 19800 20147 I mobile-ffmpeg:     Stream #0:0
07-03 00:45:41.912 19800 20147 I mobile-ffmpeg: (eng)
07-03 00:45:41.912 19800 20147 I mobile-ffmpeg: : Video: h264 (avc1 / 0x31637661), yuvj420p(pc, bt709), 1280x720, 8381 kb/s
07-03 00:45:41.913 19800 20147 I mobile-ffmpeg: , 
07-03 00:45:41.913 19800 20147 I mobile-ffmpeg: 29.97 fps, 
07-03 00:45:41.913 19800 20147 I mobile-ffmpeg: 29.97 tbr, 
07-03 00:45:41.913 19800 20147 I mobile-ffmpeg: 1k tbn, 
07-03 00:45:41.913 19800 20147 I mobile-ffmpeg: 2k tbc
07-03 00:45:41.914 19800 20147 I mobile-ffmpeg:  (default)
07-03 00:45:41.915 19800 20147 I mobile-ffmpeg: 
07-03 00:45:41.915 19800 20147 I mobile-ffmpeg:     Metadata:
07-03 00:45:41.915 19800 20147 I mobile-ffmpeg:       creation_time   : 
07-03 00:45:41.916 19800 20147 I mobile-ffmpeg: 2020-03-12T04:08:43.000000Z
07-03 00:45:41.916 19800 20147 I mobile-ffmpeg: 
07-03 00:45:41.916 19800 20147 I mobile-ffmpeg:       handler_name    : 
07-03 00:45:41.916 19800 20147 I mobile-ffmpeg: PittaSoft Video Media Handler
07-03 00:45:41.917 19800 20147 I mobile-ffmpeg: 
07-03 00:45:41.917 19800 20147 I mobile-ffmpeg:     Stream #0:1
07-03 00:45:41.917 19800 20147 I mobile-ffmpeg: (eng)
07-03 00:45:41.917 19800 20147 I mobile-ffmpeg: : Audio: aac (mp4a / 0x6134706D), 16000 Hz, stereo, fltp, 47 kb/s
07-03 00:45:41.918 19800 20147 I mobile-ffmpeg:  (default)
07-03 00:45:41.918 19800 20147 I mobile-ffmpeg: 
07-03 00:45:41.918 19800 20147 I mobile-ffmpeg:     Metadata:
07-03 00:45:41.918 19800 20147 I mobile-ffmpeg:       creation_time   : 
07-03 00:45:41.918 19800 20147 I mobile-ffmpeg: 2020-03-12T04:08:43.000000Z
07-03 00:45:41.919 19800 20147 I mobile-ffmpeg: 
07-03 00:45:41.919 19800 20147 I mobile-ffmpeg:       handler_name    : 
07-03 00:45:41.919 19800 20147 I mobile-ffmpeg: PittaSoft Sound Media Handler
07-03 00:45:41.919 19800 20147 I mobile-ffmpeg: 
07-03 00:45:41.919 19800 20147 I mobile-ffmpeg: [segment @ 0x7c6c8a3a00] Opening '/storage/emulated/0/Movies/segment/20200312_150744/20200312_150744!000.mp4' for writing
07-03 00:45:41.920 19800 20147 I mobile-ffmpeg: Output #0, segment, to '/storage/emulated/0/Movies/segment/20200312_150744/20200312_150744!%03d.mp4':
07-03 00:45:41.920 19800 20147 I mobile-ffmpeg:   Metadata:
07-03 00:45:41.920 19800 20147 I mobile-ffmpeg:     compatible_brands: 
07-03 00:45:41.920 19800 20147 I mobile-ffmpeg: mp42mp42
07-03 00:45:41.920 19800 20147 I mobile-ffmpeg: 
07-03 00:45:41.921 19800 20147 I mobile-ffmpeg:     major_brand     : 
07-03 00:45:41.921 19800 20147 I mobile-ffmpeg: mp42
07-03 00:45:41.921 19800 20147 I mobile-ffmpeg: 
07-03 00:45:41.921 19800 20147 I mobile-ffmpeg:     minor_version   : 
07-03 00:45:41.921 19800 20147 I mobile-ffmpeg: 1
07-03 00:45:41.922 19800 20147 I mobile-ffmpeg: 
07-03 00:45:41.922 19800 20147 I mobile-ffmpeg:     encoder         : 
07-03 00:45:41.922 19800 20147 I mobile-ffmpeg: Lavf58.42.100
07-03 00:45:41.922 19800 20147 I mobile-ffmpeg: 
07-03 00:45:41.922 19800 20147 I mobile-ffmpeg:     Stream #0:0
07-03 00:45:41.923 19800 20147 I mobile-ffmpeg: (eng)
07-03 00:45:41.923 19800 20147 I mobile-ffmpeg: : Video: h264 (avc1 / 0x31637661), yuvj420p(pc, bt709), 1280x720, q=2-31, 8381 kb/s
07-03 00:45:41.923 19800 20147 I mobile-ffmpeg: , 
07-03 00:45:41.923 19800 20147 I mobile-ffmpeg: 29.97 fps, 
07-03 00:45:41.923 19800 20147 I mobile-ffmpeg: 29.97 tbr, 
07-03 00:45:41.924 19800 20147 I mobile-ffmpeg: 16k tbn, 
07-03 00:45:41.924 19800 20147 I mobile-ffmpeg: 1k tbc
07-03 00:45:41.924 19800 20147 I mobile-ffmpeg:  (default)
07-03 00:45:41.924 19800 20147 I mobile-ffmpeg: 
07-03 00:45:41.925 19800 20147 I mobile-ffmpeg:     Metadata:
07-03 00:45:41.925 19800 20147 I mobile-ffmpeg:       creation_time   : 
07-03 00:45:41.925 19800 20147 I mobile-ffmpeg: 2020-03-12T04:08:43.000000Z
07-03 00:45:41.925 19800 20147 I mobile-ffmpeg: 
07-03 00:45:41.925 19800 20147 I mobile-ffmpeg:       handler_name    : 
07-03 00:45:41.926 19800 20147 I mobile-ffmpeg: PittaSoft Video Media Handler
07-03 00:45:41.926 19800 20147 I mobile-ffmpeg: 
07-03 00:45:41.926 19800 20147 I mobile-ffmpeg:     Stream #0:1
07-03 00:45:41.926 19800 20147 I mobile-ffmpeg: (eng)
07-03 00:45:41.926 19800 20147 I mobile-ffmpeg: : Audio: aac (mp4a / 0x6134706D), 16000 Hz, stereo, fltp, 47 kb/s
07-03 00:45:41.927 19800 20147 I mobile-ffmpeg:  (default)
07-03 00:45:41.927 19800 20147 I mobile-ffmpeg: 
07-03 00:45:41.927 19800 20147 I mobile-ffmpeg:     Metadata:
07-03 00:45:41.927 19800 20147 I mobile-ffmpeg:       creation_time   : 
07-03 00:45:41.927 19800 20147 I mobile-ffmpeg: 2020-03-12T04:08:43.000000Z
07-03 00:45:41.928 19800 20147 I mobile-ffmpeg: 
07-03 00:45:41.928 19800 20147 I mobile-ffmpeg:       handler_name    : 
07-03 00:45:41.928 19800 20147 I mobile-ffmpeg: PittaSoft Sound Media Handler
07-03 00:45:41.928 19800 20147 I mobile-ffmpeg: 
07-03 00:45:41.928 19800 20147 I mobile-ffmpeg: Stream mapping:
07-03 00:45:41.929 19800 20147 I mobile-ffmpeg:   Stream #0:0 -> #0:0
07-03 00:45:41.929 19800 20147 I mobile-ffmpeg:  (copy)
07-03 00:45:41.929 19800 20147 I mobile-ffmpeg: 
07-03 00:45:41.929 19800 20147 I mobile-ffmpeg:   Stream #0:1 -> #0:1
07-03 00:45:41.929 19800 20147 I mobile-ffmpeg:  (copy)
07-03 00:45:41.930 19800 20147 I mobile-ffmpeg: 
07-03 00:45:41.930 19800 20147 I mobile-ffmpeg: Press [q] to stop, [?] for help
07-03 00:45:41.931 19800 20147 I mobile-ffmpeg: frame=    1 fps=0.0 q=-1.0 size=N/A time=00:00:00.00 bitrate=N/A speed=  63x    
07-03 00:45:41.998 19800 20147 I mobile-ffmpeg: [segment @ 0x7c6c8a3a00] Opening '/storage/emulated/0/Movies/segment/20200312_150744/20200312_150744!001.mp4' for writing
07-03 00:45:42.090 19800 20147 I mobile-ffmpeg: [segment @ 0x7c6c8a3a00] Opening '/storage/emulated/0/Movies/segment/20200312_150744/20200312_150744!002.mp4' for writing
07-03 00:45:42.190 19800 20147 I mobile-ffmpeg: [segment @ 0x7c6c8a3a00] Opening '/storage/emulated/0/Movies/segment/20200312_150744/20200312_150744!003.mp4' for writing
07-03 00:45:42.258 19800 20147 I mobile-ffmpeg: frame= 1800 fps=0.0 q=-1.0 Lsize=N/A time=00:01:00.03 bitrate=N/A speed= 172x    
07-03 00:45:42.258 19800 20147 I mobile-ffmpeg: video:61410kB audio:346kB subtitle:0kB other streams:0kB global headers:0kB muxing overhead: 
07-03 00:45:42.258 19800 20147 I mobile-ffmpeg: unknown
07-03 00:45:42.258 19800 20147 I mobile-ffmpeg: 
07-03 00:45:42.262 19800 20135 V FileManager: External storage is readable
07-03 00:45:42.262 19800 20135 V FileManager: Directory already exists: /storage/emulated/0/Movies/segment/20200312_150744
07-03 00:45:42.263 19800 20135 V VideoManager: Retrieving videos from /storage/emulated/0/Movies/segment/20200312_150744
07-03 00:45:42.264 19800 20135 V VideoManager: Retrieving video from /storage/emulated/0/Movies/segment/20200312_150744/20200312_150744!000.mp4
07-03 00:45:42.268 19800 20135 D VideoManager: videoCursor is null
07-03 00:45:43.229 19800 20135 V VideoManager: videoFromCursor
07-03 00:45:43.232 19800 20135 V VideoManager: Retrieving video from /storage/emulated/0/Movies/segment/20200312_150744/20200312_150744!001.mp4
07-03 00:45:43.241 19800 20135 D VideoManager: videoCursor is null
07-03 00:45:43.262 19800 20135 V VideoManager: videoFromCursor
07-03 00:45:43.265 19800 20135 V VideoManager: Retrieving video from /storage/emulated/0/Movies/segment/20200312_150744/20200312_150744!002.mp4
07-03 00:45:43.271 19800 20135 D VideoManager: videoCursor is null
07-03 00:45:43.291 19800 20135 V VideoManager: videoFromCursor
07-03 00:45:43.293 19800 20135 V VideoManager: Retrieving video from /storage/emulated/0/Movies/segment/20200312_150744/20200312_150744!003.mp4
07-03 00:45:43.301 19800 20135 D VideoManager: videoCursor is null
07-03 00:45:43.318 19800 20135 V VideoManager: videoFromCursor
07-03 00:45:43.321 19800 20135 V NearbyFragment: nextTransfer with selected algorithm: best_or_local
07-03 00:45:43.323 19800 20135 W NearbyFragment: Sending 20200312_150744!000.mp4 to Galaxy S8 [2802]
07-03 00:45:43.334 19800 19800 V NearbyFragment: Transfer to ib9b: 100%
07-03 00:45:43.343 19800 19800 V NearbyFragment: Transfer to ib9b: 0%
07-03 00:45:43.344 19800 19800 V NearbyFragment: Transfer to ib9b: 100%
07-03 00:45:43.345 19800 19800 V NearbyFragment: Transfer to ib9b: 0%
07-03 00:45:43.347 19800 19800 V NearbyFragment: Transfer to ib9b: 1%
07-03 00:45:43.351 19800 19800 V NearbyFragment: Transfer to ib9b: 1%
07-03 00:45:43.355 19800 19800 V NearbyFragment: Transfer to ib9b: 1%
07-03 00:45:43.360 19800 19800 V NearbyFragment: Transfer to ib9b: 2%
07-03 00:45:43.364 19800 19800 V NearbyFragment: Transfer to ib9b: 2%
07-03 00:45:43.367 19800 19800 V NearbyFragment: Transfer to ib9b: 3%
07-03 00:45:43.371 19800 19800 V NearbyFragment: Transfer to ib9b: 3%
07-03 00:45:43.374 19800 19800 V NearbyFragment: Transfer to ib9b: 3%
07-03 00:45:43.378 19800 19800 V NearbyFragment: Transfer to ib9b: 4%
07-03 00:45:43.380 19800 19800 V NearbyFragment: Transfer to ib9b: 4%
07-03 00:45:43.382 19800 19800 V NearbyFragment: Transfer to ib9b: 5%
07-03 00:45:43.384 19800 19800 V NearbyFragment: Transfer to ib9b: 5%
07-03 00:45:43.386 19800 19800 V NearbyFragment: Transfer to ib9b: 5%
07-03 00:45:43.388 19800 19800 V NearbyFragment: Transfer to ib9b: 6%
07-03 00:45:43.390 19800 19800 V NearbyFragment: Transfer to ib9b: 6%
07-03 00:45:43.392 19800 19800 V NearbyFragment: Transfer to ib9b: 6%
07-03 00:45:43.394 19800 19800 V NearbyFragment: Transfer to ib9b: 7%
07-03 00:45:43.396 19800 19800 V NearbyFragment: Transfer to ib9b: 7%
07-03 00:45:43.399 19800 19800 V NearbyFragment: Transfer to ib9b: 8%
07-03 00:45:43.401 19800 19800 V NearbyFragment: Transfer to ib9b: 8%
07-03 00:45:43.402 19800 19800 V NearbyFragment: Transfer to ib9b: 8%
07-03 00:45:43.404 19800 19800 V NearbyFragment: Transfer to ib9b: 9%
07-03 00:45:43.406 19800 19800 V NearbyFragment: Transfer to ib9b: 9%
07-03 00:45:43.408 19800 19800 V NearbyFragment: Transfer to ib9b: 10%
07-03 00:45:43.410 19800 19800 V NearbyFragment: Transfer to ib9b: 10%
07-03 00:45:43.411 19800 19800 V NearbyFragment: Transfer to ib9b: 10%
07-03 00:45:43.413 19800 19800 V NearbyFragment: Transfer to ib9b: 11%
07-03 00:45:43.415 19800 19800 V NearbyFragment: Transfer to ib9b: 11%
07-03 00:45:43.417 19800 19800 V NearbyFragment: Transfer to ib9b: 12%
07-03 00:45:43.419 19800 19800 V NearbyFragment: Transfer to ib9b: 12%
07-03 00:45:43.420 19800 19800 V NearbyFragment: Transfer to ib9b: 12%
07-03 00:45:43.422 19800 19800 V NearbyFragment: Transfer to ib9b: 13%
07-03 00:45:43.426 19800 19800 V NearbyFragment: Transfer to ib9b: 13%
07-03 00:45:43.427 19800 19800 V NearbyFragment: Transfer to ib9b: 13%
07-03 00:45:43.429 19800 19800 V NearbyFragment: Transfer to ib9b: 14%
07-03 00:45:43.431 19800 19800 V NearbyFragment: Transfer to ib9b: 14%
07-03 00:45:43.433 19800 19800 V NearbyFragment: Transfer to ib9b: 15%
07-03 00:45:43.435 19800 19800 V NearbyFragment: Transfer to ib9b: 15%
07-03 00:45:43.437 19800 19800 V NearbyFragment: Transfer to ib9b: 15%
07-03 00:45:43.439 19800 19800 V NearbyFragment: Transfer to ib9b: 16%
07-03 00:45:43.441 19800 19800 V NearbyFragment: Transfer to ib9b: 16%
07-03 00:45:43.443 19800 19800 V NearbyFragment: Transfer to ib9b: 17%
07-03 00:45:43.445 19800 19800 V NearbyFragment: Transfer to ib9b: 17%
07-03 00:45:43.447 19800 19800 V NearbyFragment: Transfer to ib9b: 17%
07-03 00:45:43.450 19800 19800 V NearbyFragment: Transfer to ib9b: 18%
07-03 00:45:43.450 19800 19800 V NearbyFragment: Transfer to ib9b: 18%
07-03 00:45:43.453 19800 19800 V NearbyFragment: Transfer to ib9b: 19%
07-03 00:45:43.454 19800 19800 V NearbyFragment: Transfer to ib9b: 19%
07-03 00:45:43.456 19800 19800 V NearbyFragment: Transfer to ib9b: 19%
07-03 00:45:43.459 19800 19800 V NearbyFragment: Transfer to ib9b: 20%
07-03 00:45:43.460 19800 19800 V NearbyFragment: Transfer to ib9b: 20%
07-03 00:45:43.462 19800 19800 V NearbyFragment: Transfer to ib9b: 20%
07-03 00:45:43.464 19800 19800 V NearbyFragment: Transfer to ib9b: 21%
07-03 00:45:43.466 19800 19800 V NearbyFragment: Transfer to ib9b: 21%
07-03 00:45:43.468 19800 19800 V NearbyFragment: Transfer to ib9b: 22%
07-03 00:45:43.471 19800 19800 V NearbyFragment: Transfer to ib9b: 22%
07-03 00:45:43.472 19800 19800 V NearbyFragment: Transfer to ib9b: 22%
07-03 00:45:43.475 19800 19800 V NearbyFragment: Transfer to ib9b: 23%
07-03 00:45:43.674 19800 19800 V NearbyFragment: Transfer to ib9b: 23%
07-03 00:45:43.679 19800 19800 V NearbyFragment: Transfer to ib9b: 24%
07-03 00:45:43.684 19800 19800 V NearbyFragment: Transfer to ib9b: 24%
07-03 00:45:43.688 19800 19800 V NearbyFragment: Transfer to ib9b: 24%
07-03 00:45:43.691 19800 19800 V NearbyFragment: Transfer to ib9b: 25%
07-03 00:45:43.692 19800 19800 V NearbyFragment: Transfer to ib9b: 25%
07-03 00:45:43.696 19800 19800 V NearbyFragment: Transfer to ib9b: 26%
07-03 00:45:43.699 19800 19800 V NearbyFragment: Transfer to ib9b: 26%
07-03 00:45:43.701 19800 19800 V NearbyFragment: Transfer to ib9b: 26%
07-03 00:45:43.703 19800 19800 V NearbyFragment: Transfer to ib9b: 27%
07-03 00:45:43.705 19800 19800 V NearbyFragment: Transfer to ib9b: 27%
07-03 00:45:43.709 19800 19800 V NearbyFragment: Transfer to ib9b: 27%
07-03 00:45:43.716 19800 19800 V NearbyFragment: Transfer to ib9b: 28%
07-03 00:45:43.716 19800 19800 V NearbyFragment: Transfer to ib9b: 28%
07-03 00:45:43.716 19800 19800 V NearbyFragment: Transfer to ib9b: 29%
07-03 00:45:43.719 19800 19800 V NearbyFragment: Transfer to ib9b: 29%
07-03 00:45:43.721 19800 19800 V NearbyFragment: Transfer to ib9b: 29%
07-03 00:45:43.724 19800 19800 V NearbyFragment: Transfer to ib9b: 30%
07-03 00:45:43.725 19800 19800 V NearbyFragment: Transfer to ib9b: 30%
07-03 00:45:43.727 19800 19800 V NearbyFragment: Transfer to ib9b: 31%
07-03 00:45:43.729 19800 19800 V NearbyFragment: Transfer to ib9b: 31%
07-03 00:45:43.730 19800 19800 V NearbyFragment: Transfer to ib9b: 31%
07-03 00:45:43.732 19800 19800 V NearbyFragment: Transfer to ib9b: 32%
07-03 00:45:43.734 19800 19800 V NearbyFragment: Transfer to ib9b: 32%
07-03 00:45:43.736 19800 19800 V NearbyFragment: Transfer to ib9b: 32%
07-03 00:45:43.738 19800 19800 V NearbyFragment: Transfer to ib9b: 33%
07-03 00:45:43.741 19800 19800 V NearbyFragment: Transfer to ib9b: 33%
07-03 00:45:43.743 19800 19800 V NearbyFragment: Transfer to ib9b: 34%
07-03 00:45:43.744 19800 19800 V NearbyFragment: Transfer to ib9b: 34%
07-03 00:45:43.746 19800 19800 V NearbyFragment: Transfer to ib9b: 34%
07-03 00:45:43.748 19800 19800 V NearbyFragment: Transfer to ib9b: 35%
07-03 00:45:43.753 19800 19800 V NearbyFragment: Transfer to ib9b: 35%
07-03 00:45:43.755 19800 19800 V NearbyFragment: Transfer to ib9b: 36%
07-03 00:45:43.756 19800 19800 V NearbyFragment: Transfer to ib9b: 36%
07-03 00:45:43.758 19800 19800 V NearbyFragment: Transfer to ib9b: 36%
07-03 00:45:43.760 19800 19800 V NearbyFragment: Transfer to ib9b: 37%
07-03 00:45:43.870 19800 19800 V NearbyFragment: Transfer to ib9b: 37%
07-03 00:45:43.875 19800 19800 V NearbyFragment: Transfer to ib9b: 38%
07-03 00:45:43.878 19800 19800 V NearbyFragment: Transfer to ib9b: 38%
07-03 00:45:43.883 19800 19800 V NearbyFragment: Transfer to ib9b: 38%
07-03 00:45:43.888 19800 19800 V NearbyFragment: Transfer to ib9b: 39%
07-03 00:45:43.895 19800 19800 V NearbyFragment: Transfer to ib9b: 39%
07-03 00:45:43.900 19800 19800 V NearbyFragment: Transfer to ib9b: 39%
07-03 00:45:43.901 19800 19800 V NearbyFragment: Transfer to ib9b: 40%
07-03 00:45:43.905 19800 19800 V NearbyFragment: Transfer to ib9b: 40%
07-03 00:45:43.909 19800 19800 V NearbyFragment: Transfer to ib9b: 41%
07-03 00:45:43.911 19800 19800 V NearbyFragment: Transfer to ib9b: 41%
07-03 00:45:43.912 19800 19800 V NearbyFragment: Transfer to ib9b: 41%
07-03 00:45:43.914 19800 19800 V NearbyFragment: Transfer to ib9b: 42%
07-03 00:45:43.916 19800 19800 V NearbyFragment: Transfer to ib9b: 42%
07-03 00:45:43.922 19800 19800 V NearbyFragment: Transfer to ib9b: 43%
07-03 00:45:43.925 19800 19800 V NearbyFragment: Transfer to ib9b: 43%
07-03 00:45:43.927 19800 19800 V NearbyFragment: Transfer to ib9b: 43%
07-03 00:45:43.930 19800 19800 V NearbyFragment: Transfer to ib9b: 44%
07-03 00:45:43.932 19800 19800 V NearbyFragment: Transfer to ib9b: 44%
07-03 00:45:43.935 19800 19800 V NearbyFragment: Transfer to ib9b: 45%
07-03 00:45:43.935 19800 19800 V NearbyFragment: Transfer to ib9b: 45%
07-03 00:45:43.938 19800 19800 V NearbyFragment: Transfer to ib9b: 45%
07-03 00:45:43.940 19800 19800 V NearbyFragment: Transfer to ib9b: 46%
07-03 00:45:43.945 19800 19800 V NearbyFragment: Transfer to ib9b: 46%
07-03 00:45:43.948 19800 19800 V NearbyFragment: Transfer to ib9b: 46%
07-03 00:45:43.961 19800 19800 V NearbyFragment: Transfer to ib9b: 47%
07-03 00:45:43.963 19800 19800 V NearbyFragment: Transfer to ib9b: 47%
07-03 00:45:43.967 19800 19800 V NearbyFragment: Transfer to ib9b: 48%
07-03 00:45:43.968 19800 19800 V NearbyFragment: Transfer to ib9b: 48%
07-03 00:45:43.970 19800 19800 V NearbyFragment: Transfer to ib9b: 48%
07-03 00:45:43.972 19800 19800 V NearbyFragment: Transfer to ib9b: 49%
07-03 00:45:43.973 19800 19800 V NearbyFragment: Transfer to ib9b: 49%
07-03 00:45:43.975 19800 19800 V NearbyFragment: Transfer to ib9b: 50%
07-03 00:45:43.977 19800 19800 V NearbyFragment: Transfer to ib9b: 50%
07-03 00:45:43.979 19800 19800 V NearbyFragment: Transfer to ib9b: 50%
07-03 00:45:43.980 19800 19800 V NearbyFragment: Transfer to ib9b: 51%
07-03 00:45:43.987 19800 19800 V NearbyFragment: Transfer to ib9b: 51%
07-03 00:45:43.989 19800 19800 V NearbyFragment: Transfer to ib9b: 52%
07-03 00:45:43.991 19800 19800 V NearbyFragment: Transfer to ib9b: 52%
07-03 00:45:43.992 19800 19800 V NearbyFragment: Transfer to ib9b: 52%
07-03 00:45:43.994 19800 19800 V NearbyFragment: Transfer to ib9b: 53%
07-03 00:45:43.996 19800 19800 V NearbyFragment: Transfer to ib9b: 53%
07-03 00:45:43.998 19800 19800 V NearbyFragment: Transfer to ib9b: 53%
07-03 00:45:43.999 19800 19800 V NearbyFragment: Transfer to ib9b: 54%
07-03 00:45:44.003 19800 19800 V NearbyFragment: Transfer to ib9b: 54%
07-03 00:45:44.005 19800 19800 V NearbyFragment: Transfer to ib9b: 55%
07-03 00:45:44.006 19800 19800 V NearbyFragment: Transfer to ib9b: 55%
07-03 00:45:44.008 19800 19800 V NearbyFragment: Transfer to ib9b: 55%
07-03 00:45:44.011 19800 19800 V NearbyFragment: Transfer to ib9b: 56%
07-03 00:45:44.012 19800 19800 V NearbyFragment: Transfer to ib9b: 56%
07-03 00:45:44.014 19800 19800 V NearbyFragment: Transfer to ib9b: 57%
07-03 00:45:44.016 19800 19800 V NearbyFragment: Transfer to ib9b: 57%
07-03 00:45:44.283 19800 19800 V NearbyFragment: Transfer to ib9b: 57%
07-03 00:45:44.288 19800 19800 V NearbyFragment: Transfer to ib9b: 58%
07-03 00:45:44.293 19800 19800 V NearbyFragment: Transfer to ib9b: 58%
07-03 00:45:44.298 19800 19800 V NearbyFragment: Transfer to ib9b: 59%
07-03 00:45:44.299 19800 19800 V NearbyFragment: Transfer to ib9b: 59%
07-03 00:45:44.301 19800 19800 V NearbyFragment: Transfer to ib9b: 59%
07-03 00:45:44.303 19800 19800 V NearbyFragment: Transfer to ib9b: 60%
07-03 00:45:44.310 19800 19800 V NearbyFragment: Transfer to ib9b: 60%
07-03 00:45:44.311 19800 19800 V NearbyFragment: Transfer to ib9b: 60%
07-03 00:45:44.313 19800 19800 V NearbyFragment: Transfer to ib9b: 61%
07-03 00:45:44.315 19800 19800 V NearbyFragment: Transfer to ib9b: 61%
07-03 00:45:44.317 19800 19800 V NearbyFragment: Transfer to ib9b: 62%
07-03 00:45:44.320 19800 19800 V NearbyFragment: Transfer to ib9b: 62%
07-03 00:45:44.322 19800 19800 V NearbyFragment: Transfer to ib9b: 62%
07-03 00:45:44.324 19800 19800 V NearbyFragment: Transfer to ib9b: 63%
07-03 00:45:44.326 19800 19800 V NearbyFragment: Transfer to ib9b: 63%
07-03 00:45:44.328 19800 20135 V DownloadTestVideosTask: Starting DownloadTestVideosTask
07-03 00:45:44.328 19800 19800 V NearbyFragment: Transfer to ib9b: 64%
07-03 00:45:44.330 19800 19800 V NearbyFragment: Transfer to ib9b: 64%
07-03 00:45:44.332 19800 20135 V DashDownloadManager: Started downloading: 20200312_150844.mp4
07-03 00:45:44.332 19800 19800 V NearbyFragment: Transfer to ib9b: 64%
07-03 00:45:44.336 19800 19800 V NearbyFragment: Transfer to ib9b: 65%
07-03 00:45:44.337 19800 19800 V NearbyFragment: Transfer to ib9b: 65%
07-03 00:45:44.340 19800 19800 V NearbyFragment: Transfer to ib9b: 65%
07-03 00:45:44.341 19800 19800 V NearbyFragment: Transfer to ib9b: 66%
07-03 00:45:44.343 19800 19800 V NearbyFragment: Transfer to ib9b: 66%
07-03 00:45:44.348 19800 19800 V NearbyFragment: Transfer to ib9b: 67%
07-03 00:45:44.352 19800 19800 V NearbyFragment: Transfer to ib9b: 67%
07-03 00:45:44.354 19800 19800 V NearbyFragment: Transfer to ib9b: 67%
07-03 00:45:44.355 19800 19800 V NearbyFragment: Transfer to ib9b: 68%
07-03 00:45:44.357 19800 19800 V NearbyFragment: Transfer to ib9b: 68%
07-03 00:45:44.359 19800 19800 V NearbyFragment: Transfer to ib9b: 69%
07-03 00:45:44.361 19800 19800 V NearbyFragment: Transfer to ib9b: 69%
07-03 00:45:44.363 19800 19800 V NearbyFragment: Transfer to ib9b: 69%
07-03 00:45:44.366 19800 19800 V NearbyFragment: Transfer to ib9b: 70%
07-03 00:45:44.368 19800 19800 V NearbyFragment: Transfer to ib9b: 70%
07-03 00:45:44.370 19800 19800 V NearbyFragment: Transfer to ib9b: 71%
07-03 00:45:44.381 19800 19800 V NearbyFragment: Transfer to ib9b: 71%
07-03 00:45:44.501 19800 19800 V NearbyFragment: Transfer to ib9b: 71%
07-03 00:45:44.504 19800 19800 V NearbyFragment: Transfer to ib9b: 72%
07-03 00:45:44.508 19800 19800 V NearbyFragment: Transfer to ib9b: 72%
07-03 00:45:44.513 19800 19800 V NearbyFragment: Transfer to ib9b: 72%
07-03 00:45:44.516 19800 19800 V NearbyFragment: Transfer to ib9b: 73%
07-03 00:45:44.520 19800 19800 V NearbyFragment: Transfer to ib9b: 73%
07-03 00:45:44.523 19800 19800 V NearbyFragment: Transfer to ib9b: 74%
07-03 00:45:44.527 19800 19800 V NearbyFragment: Transfer to ib9b: 74%
07-03 00:45:44.541 19800 19800 V NearbyFragment: Transfer to ib9b: 74%
07-03 00:45:44.543 19800 19800 V NearbyFragment: Transfer to ib9b: 75%
07-03 00:45:44.545 19800 19800 V NearbyFragment: Transfer to ib9b: 75%
07-03 00:45:44.547 19800 19800 V NearbyFragment: Transfer to ib9b: 76%
07-03 00:45:44.550 19800 19800 V NearbyFragment: Transfer to ib9b: 76%
07-03 00:45:44.552 19800 19800 V NearbyFragment: Transfer to ib9b: 76%
07-03 00:45:44.554 19800 19800 V NearbyFragment: Transfer to ib9b: 77%
07-03 00:45:44.556 19800 19800 V NearbyFragment: Transfer to ib9b: 77%
07-03 00:45:44.558 19800 19800 V NearbyFragment: Transfer to ib9b: 78%
07-03 00:45:44.561 19800 19800 V NearbyFragment: Transfer to ib9b: 78%
07-03 00:45:44.563 19800 19800 V NearbyFragment: Transfer to ib9b: 78%
07-03 00:45:44.565 19800 19800 V NearbyFragment: Transfer to ib9b: 79%
07-03 00:45:44.577 19800 19800 V NearbyFragment: Transfer to ib9b: 79%
07-03 00:45:44.580 19800 19800 V NearbyFragment: Transfer to ib9b: 79%
07-03 00:45:44.581 19800 19800 V NearbyFragment: Transfer to ib9b: 80%
07-03 00:45:44.583 19800 19800 V NearbyFragment: Transfer to ib9b: 80%
07-03 00:45:44.585 19800 19800 V NearbyFragment: Transfer to ib9b: 81%
07-03 00:45:44.587 19800 19800 V NearbyFragment: Transfer to ib9b: 81%
07-03 00:45:44.589 19800 19800 V NearbyFragment: Transfer to ib9b: 81%
07-03 00:45:44.591 19800 19800 V NearbyFragment: Transfer to ib9b: 82%
07-03 00:45:44.593 19800 19800 V NearbyFragment: Transfer to ib9b: 82%
07-03 00:45:44.595 19800 19800 V NearbyFragment: Transfer to ib9b: 83%
07-03 00:45:44.596 19800 19800 V NearbyFragment: Transfer to ib9b: 83%
07-03 00:45:44.600 19800 19800 V NearbyFragment: Transfer to ib9b: 83%
07-03 00:45:44.601 19800 19800 V NearbyFragment: Transfer to ib9b: 84%
07-03 00:45:44.602 19800 19800 V NearbyFragment: Transfer to ib9b: 84%
07-03 00:45:44.604 19800 19800 V NearbyFragment: Transfer to ib9b: 85%
07-03 00:45:44.606 19800 19800 V NearbyFragment: Transfer to ib9b: 85%
07-03 00:45:44.607 19800 19800 V NearbyFragment: Transfer to ib9b: 85%
07-03 00:45:44.610 19800 19800 V NearbyFragment: Transfer to ib9b: 86%
07-03 00:45:44.612 19800 19800 V NearbyFragment: Transfer to ib9b: 86%
07-03 00:45:44.614 19800 19800 V NearbyFragment: Transfer to ib9b: 86%
07-03 00:45:44.616 19800 19800 V NearbyFragment: Transfer to ib9b: 87%
07-03 00:45:44.619 19800 19800 V NearbyFragment: Transfer to ib9b: 87%
07-03 00:45:44.622 19800 19800 V NearbyFragment: Transfer to ib9b: 88%
07-03 00:45:44.623 19800 19800 V NearbyFragment: Transfer to ib9b: 88%
07-03 00:45:44.625 19800 19800 V NearbyFragment: Transfer to ib9b: 88%
07-03 00:45:44.627 19800 19800 V NearbyFragment: Transfer to ib9b: 89%
07-03 00:45:44.629 19800 19800 V NearbyFragment: Transfer to ib9b: 89%
07-03 00:45:44.631 19800 19800 V NearbyFragment: Transfer to ib9b: 90%
07-03 00:45:44.737 19800 19800 V NearbyFragment: Transfer to ib9b: 90%
07-03 00:45:44.739 19800 19800 V NearbyFragment: Transfer to ib9b: 90%
07-03 00:45:44.741 19800 19800 V NearbyFragment: Transfer to ib9b: 91%
07-03 00:45:44.745 19800 19800 V NearbyFragment: Transfer to ib9b: 91%
07-03 00:45:44.747 19800 19800 V NearbyFragment: Transfer to ib9b: 92%
07-03 00:45:44.749 19800 19800 V NearbyFragment: Transfer to ib9b: 92%
07-03 00:45:44.751 19800 19800 V NearbyFragment: Transfer to ib9b: 92%
07-03 00:45:44.753 19800 19800 V NearbyFragment: Transfer to ib9b: 93%
07-03 00:45:44.756 19800 19800 V NearbyFragment: Transfer to ib9b: 93%
07-03 00:45:44.760 19800 19800 V NearbyFragment: Transfer to ib9b: 93%
07-03 00:45:44.763 19800 19800 V NearbyFragment: Transfer to ib9b: 94%
07-03 00:45:44.767 19800 19800 V NearbyFragment: Transfer to ib9b: 94%
07-03 00:45:44.771 19800 19800 V NearbyFragment: Transfer to ib9b: 95%
07-03 00:45:44.773 19800 19800 V NearbyFragment: Transfer to ib9b: 95%
07-03 00:45:44.775 19800 19800 V NearbyFragment: Transfer to ib9b: 95%
07-03 00:45:44.781 19800 19800 V NearbyFragment: Transfer to ib9b: 96%
07-03 00:45:44.785 19800 19800 V NearbyFragment: Transfer to ib9b: 96%
07-03 00:45:44.789 19800 19800 V NearbyFragment: Transfer to ib9b: 97%
07-03 00:45:44.792 19800 19800 V NearbyFragment: Transfer to ib9b: 97%
07-03 00:45:44.798 19800 19800 V NearbyFragment: Transfer to ib9b: 97%
07-03 00:45:44.800 19800 19800 V NearbyFragment: Transfer to ib9b: 98%
07-03 00:45:44.802 19800 19800 V NearbyFragment: Transfer to ib9b: 98%
07-03 00:45:44.805 19800 19800 V NearbyFragment: Transfer to ib9b: 98%
07-03 00:45:44.806 19800 19800 V NearbyFragment: Transfer to ib9b: 99%
07-03 00:45:44.809 19800 19800 V NearbyFragment: Transfer to ib9b: 99%
07-03 00:45:44.810 19800 19800 V NearbyFragment: Transfer to ib9b: 100%
07-03 00:45:44.811 19800 19800 V NearbyFragment: Transfer to ib9b: 100%
07-03 00:45:45.263 19800 19800 D NearbyFragment: onPayloadReceived(endpointId=ib9b, payload=com.google.android.gms.nearby.connection.Payload@1a5beaa)
07-03 00:45:45.265 19800 19800 D NearbyFragment: Endpoint{id=ib9b, name=Galaxy S8 [2802]} has finished downloading 20200312_150744!000.mp4
07-03 00:45:45.269 19800 19800 V NearbyFragment: nextTransfer with selected algorithm: best_or_local
07-03 00:45:45.284 19800 19800 V FileManager: External storage is readable
07-03 00:45:45.286 19800 19800 V FileManager: Created new directory: /storage/emulated/0/Movies/segment-sum/20200312_150744
07-03 00:45:45.287 19800 19800 D NearbyFragment: Summarising 20200312_150744!001.mp4
07-03 00:45:45.288 19800 19800 V VideoManager: Retrieving video from /storage/emulated/0/Movies/segment/20200312_150744/20200312_150744!001.mp4
07-03 00:45:45.301 19800 19800 V VideoManager: videoFromCursor
07-03 00:45:45.304 19800 19800 V ProcessingVideosEventHandler: onAdd
07-03 00:45:45.305 19800 19800 V RawFootageEventHandler: onRemove
07-03 00:45:45.313 19800 19800 V NearbyFragment: Transfer to ib9b: 100%
07-03 00:45:45.313 19800 19800 V NearbyFragment: Transfer to ib9b: 100%
07-03 00:45:45.321 19800 20210 V SummariserIntentService: onHandleIntent
07-03 00:45:45.322 19800 20210 D SummariserIntentService: Video{id='7240', data='/storage/emulated/0/Movies/segment/20200312_150744/20200312_150744!001.mp4', name='20200312_150744!001.mp4', size=16915850, visible=true, mimeType='video/mp4'}
07-03 00:45:45.323 19800 20210 D SummariserIntentService: /storage/emulated/0/Movies/segment-sum/20200312_150744/20200312_150744!001.mp4
07-03 00:45:45.326 19800 20147 I mobile-ffmpeg: ffmpeg version v4.3-dev-2955
07-03 00:45:45.327 19800 20147 I mobile-ffmpeg:  Copyright (c) 2000-2020 the FFmpeg developers
07-03 00:45:45.327 19800 20147 I mobile-ffmpeg: 
07-03 00:45:45.327 19800 20147 I mobile-ffmpeg:   built with Android (5900059 based on r365631c) clang version 9.0.8 (https://android.googlesource.com/toolchain/llvm-project 207d7abc1a2abf3ef8d4301736d6a7ebc224a290) (based on LLVM 9.0.8svn)
