07-03 00:46:11.596 19800 19800 V NearbyFragment: Transfer to ib9b: 26%
07-03 00:46:11.612 19800 19800 V NearbyFragment: Transfer to ib9b: 22%
07-03 00:46:11.616 19800 19800 V NearbyFragment: Transfer to ib9b: 27%
07-03 00:46:11.622 19800 19800 V NearbyFragment: Transfer to ib9b: 23%
07-03 00:46:11.624 19800 19800 V NearbyFragment: Transfer to ib9b: 27%
07-03 00:46:11.638 19800 19800 V NearbyFragment: Transfer to ib9b: 28%
07-03 00:46:11.645 19800 19800 V NearbyFragment: Transfer to ib9b: 23%
07-03 00:46:11.646 19800 19800 V NearbyFragment: Transfer to ib9b: 24%
07-03 00:46:11.648 19800 19800 V NearbyFragment: Transfer to ib9b: 28%
07-03 00:46:11.655 19800 19800 V NearbyFragment: Transfer to ib9b: 28%
07-03 00:46:11.657 19800 19800 V NearbyFragment: Transfer to ib9b: 24%
07-03 00:46:11.663 19800 19800 V NearbyFragment: Transfer to ib9b: 29%
07-03 00:46:11.667 19800 19800 V NearbyFragment: Transfer to ib9b: 29%
07-03 00:46:11.672 19800 19800 V NearbyFragment: Transfer to ib9b: 24%
07-03 00:46:11.708 19800 19800 V NearbyFragment: Transfer to ib9b: 25%
07-03 00:46:11.713 19800 19800 V NearbyFragment: Transfer to ib9b: 30%
07-03 00:46:11.714 19800 19800 V NearbyFragment: Transfer to ib9b: 25%
07-03 00:46:11.719 19800 19800 V NearbyFragment: Transfer to ib9b: 30%
07-03 00:46:11.728 19800 19800 V NearbyFragment: Transfer to ib9b: 26%
07-03 00:46:11.728 19800 19800 V NearbyFragment: Transfer to ib9b: 30%
07-03 00:46:11.732 19800 19800 V NearbyFragment: Transfer to ib9b: 26%
07-03 00:46:11.739 19800 19800 V NearbyFragment: Transfer to ib9b: 31%
07-03 00:46:11.746 19800 19800 V NearbyFragment: Transfer to ib9b: 26%
07-03 00:46:11.760 19800 19800 V NearbyFragment: Transfer to ib9b: 31%
07-03 00:46:11.767 19800 19800 V NearbyFragment: Transfer to ib9b: 31%
07-03 00:46:11.771 19800 19800 V NearbyFragment: Transfer to ib9b: 27%
07-03 00:46:11.785 19800 19800 V NearbyFragment: Transfer to ib9b: 32%
07-03 00:46:11.787 19800 19800 V NearbyFragment: Transfer to ib9b: 27%
07-03 00:46:11.792 19800 19800 V NearbyFragment: Transfer to ib9b: 27%
07-03 00:46:11.793 19800 19800 V NearbyFragment: Transfer to ib9b: 28%
07-03 00:46:11.798 19800 19800 V NearbyFragment: Transfer to ib9b: 32%
07-03 00:46:11.800 19800 19800 V NearbyFragment: Transfer to ib9b: 28%
07-03 00:46:11.805 19800 19800 V NearbyFragment: Transfer to ib9b: 33%
07-03 00:46:11.806 19800 19800 V NearbyFragment: Transfer to ib9b: 29%
07-03 00:46:11.807 19800 19800 V NearbyFragment: Transfer to ib9b: 29%
07-03 00:46:11.815 19800 19800 V NearbyFragment: Transfer to ib9b: 33%
07-03 00:46:11.818 19800 19800 V NearbyFragment: Transfer to ib9b: 29%
07-03 00:46:11.825 19800 19800 V NearbyFragment: Transfer to ib9b: 33%
07-03 00:46:11.831 19800 19800 V NearbyFragment: Transfer to ib9b: 30%
07-03 00:46:11.838 19800 19800 V NearbyFragment: Transfer to ib9b: 34%
07-03 00:46:11.848 19800 19800 V NearbyFragment: Transfer to ib9b: 30%
07-03 00:46:11.851 19800 19800 V NearbyFragment: Transfer to ib9b: 34%
07-03 00:46:11.858 19800 19800 V NearbyFragment: Transfer to ib9b: 35%
07-03 00:46:11.864 19800 19800 V NearbyFragment: Transfer to ib9b: 31%
07-03 00:46:11.865 19800 19800 V NearbyFragment: Transfer to ib9b: 35%
07-03 00:46:11.867 19800 19800 V NearbyFragment: Transfer to ib9b: 35%
07-03 00:46:11.878 19800 19800 V NearbyFragment: Transfer to ib9b: 36%
07-03 00:46:11.879 19800 19800 V NearbyFragment: Transfer to ib9b: 31%
07-03 00:46:11.884 19800 19800 V NearbyFragment: Transfer to ib9b: 36%
07-03 00:46:11.886 19800 19800 V NearbyFragment: Transfer to ib9b: 31%
07-03 00:46:11.891 19800 19800 V NearbyFragment: Transfer to ib9b: 37%
07-03 00:46:11.892 19800 19800 V NearbyFragment: Transfer to ib9b: 37%
07-03 00:46:11.900 19800 19800 V NearbyFragment: Transfer to ib9b: 32%
07-03 00:46:11.905 19800 19800 V NearbyFragment: Transfer to ib9b: 37%
07-03 00:46:11.905 19800 19800 V NearbyFragment: Transfer to ib9b: 38%
07-03 00:46:11.915 19800 19800 V NearbyFragment: Transfer to ib9b: 32%
07-03 00:46:11.932 19800 19800 V NearbyFragment: Transfer to ib9b: 38%
07-03 00:46:11.938 19800 19800 V NearbyFragment: Transfer to ib9b: 33%
07-03 00:46:11.947 19800 19800 V NearbyFragment: Transfer to ib9b: 33%
07-03 00:46:11.960 19800 19800 V NearbyFragment: Transfer to ib9b: 33%
07-03 00:46:11.975 19800 19800 V NearbyFragment: Transfer to ib9b: 38%
07-03 00:46:11.982 19800 19800 V NearbyFragment: Transfer to ib9b: 39%
07-03 00:46:11.988 19800 19800 V NearbyFragment: Transfer to ib9b: 34%
07-03 00:46:11.998 19800 19800 V NearbyFragment: Transfer to ib9b: 34%
07-03 00:46:12.001 19800 19800 V NearbyFragment: Transfer to ib9b: 39%
07-03 00:46:12.016 19800 19800 V NearbyFragment: Transfer to ib9b: 40%
07-03 00:46:12.018 19800 19800 V NearbyFragment: Transfer to ib9b: 40%
07-03 00:46:12.027 19800 19800 V NearbyFragment: Transfer to ib9b: 40%
07-03 00:46:12.031 19800 19800 V NearbyFragment: Transfer to ib9b: 41%
07-03 00:46:12.032 19800 19800 V NearbyFragment: Transfer to ib9b: 41%
07-03 00:46:12.035 19800 19800 V NearbyFragment: Transfer to ib9b: 42%
07-03 00:46:12.037 19800 19800 V NearbyFragment: Transfer to ib9b: 34%
07-03 00:46:12.073 19800 19800 V NearbyFragment: Transfer to ib9b: 42%
07-03 00:46:12.084 19800 19800 V NearbyFragment: Transfer to ib9b: 42%
07-03 00:46:12.095 19800 19800 V NearbyFragment: Transfer to ib9b: 35%
07-03 00:46:12.105 19800 19800 V NearbyFragment: Transfer to ib9b: 43%
07-03 00:46:12.111 19800 19800 V NearbyFragment: Transfer to ib9b: 35%
07-03 00:46:12.113 19800 19800 V NearbyFragment: Transfer to ib9b: 36%
07-03 00:46:12.121 19800 19800 V NearbyFragment: Transfer to ib9b: 43%
07-03 00:46:12.124 19800 19800 V NearbyFragment: Transfer to ib9b: 36%
07-03 00:46:12.135 19800 19800 V NearbyFragment: Transfer to ib9b: 36%
07-03 00:46:12.135 19800 19800 V NearbyFragment: Transfer to ib9b: 44%
07-03 00:46:12.141 19800 19800 V NearbyFragment: Transfer to ib9b: 44%
07-03 00:46:12.146 19800 19800 V NearbyFragment: Transfer to ib9b: 37%
07-03 00:46:12.152 19800 19800 V NearbyFragment: Transfer to ib9b: 44%
07-03 00:46:12.159 19800 19800 V NearbyFragment: Transfer to ib9b: 45%
07-03 00:46:12.162 19800 19800 V NearbyFragment: Transfer to ib9b: 37%
07-03 00:46:12.166 19800 19800 V NearbyFragment: Transfer to ib9b: 38%
07-03 00:46:12.172 19800 19800 V NearbyFragment: Transfer to ib9b: 45%
07-03 00:46:12.179 19800 19800 V NearbyFragment: Transfer to ib9b: 38%
07-03 00:46:12.194 19800 19800 V NearbyFragment: Transfer to ib9b: 46%
07-03 00:46:12.194 19800 19800 V NearbyFragment: Transfer to ib9b: 46%
07-03 00:46:12.198 19800 19800 V NearbyFragment: Transfer to ib9b: 38%
07-03 00:46:12.200 19800 19800 V NearbyFragment: Transfer to ib9b: 46%
07-03 00:46:12.204 19800 19800 V NearbyFragment: Transfer to ib9b: 47%
07-03 00:46:12.212 19800 19800 V NearbyFragment: Transfer to ib9b: 47%
07-03 00:46:12.212 19800 19800 V NearbyFragment: Transfer to ib9b: 39%
07-03 00:46:12.219 19800 19800 V NearbyFragment: Transfer to ib9b: 39%
07-03 00:46:12.228 19800 19800 V NearbyFragment: Transfer to ib9b: 40%
07-03 00:46:12.237 19800 19800 V NearbyFragment: Transfer to ib9b: 47%
07-03 00:46:12.240 19800 19800 V NearbyFragment: Transfer to ib9b: 48%
07-03 00:46:12.248 19800 19800 V NearbyFragment: Transfer to ib9b: 40%
07-03 00:46:12.266 19800 19800 V NearbyFragment: Transfer to ib9b: 48%
07-03 00:46:12.269 19800 19800 V NearbyFragment: Transfer to ib9b: 40%
07-03 00:46:12.273 19800 19800 V NearbyFragment: Transfer to ib9b: 49%
07-03 00:46:12.277 19800 19800 V NearbyFragment: Transfer to ib9b: 49%
07-03 00:46:12.279 19800 19800 V NearbyFragment: Transfer to ib9b: 41%
07-03 00:46:12.292 19800 19800 V NearbyFragment: Transfer to ib9b: 41%
07-03 00:46:12.296 19800 19800 V NearbyFragment: Transfer to ib9b: 49%
07-03 00:46:12.440 19800 19800 V NearbyFragment: Transfer to ib9b: 50%
07-03 00:46:12.441 19800 19800 V NearbyFragment: Transfer to ib9b: 50%
07-03 00:46:12.442 19800 19800 V NearbyFragment: Transfer to ib9b: 51%
07-03 00:46:12.443 19800 19800 V NearbyFragment: Transfer to ib9b: 51%
07-03 00:46:12.444 19800 19800 V NearbyFragment: Transfer to ib9b: 51%
07-03 00:46:12.447 19800 19800 V NearbyFragment: Transfer to ib9b: 52%
07-03 00:46:12.448 19800 19800 V NearbyFragment: Transfer to ib9b: 52%
07-03 00:46:12.450 19800 19800 V NearbyFragment: Transfer to ib9b: 53%
07-03 00:46:12.450 19800 19800 I chatty  : uid=10100(com.example.edgesum) identical 1 line
07-03 00:46:12.451 19800 19800 V NearbyFragment: Transfer to ib9b: 53%
07-03 00:46:12.451 19800 19800 V NearbyFragment: Transfer to ib9b: 54%
07-03 00:46:12.451 19800 19800 I chatty  : uid=10100(com.example.edgesum) identical 1 line
07-03 00:46:12.452 19800 19800 V NearbyFragment: Transfer to ib9b: 54%
07-03 00:46:12.452 19800 19800 V NearbyFragment: Transfer to ib9b: 55%
07-03 00:46:12.452 19800 19800 V NearbyFragment: Transfer to ib9b: 55%
07-03 00:46:12.453 19800 19800 V NearbyFragment: Transfer to ib9b: 56%
07-03 00:46:12.453 19800 19800 V NearbyFragment: Transfer to ib9b: 41%
07-03 00:46:12.456 19800 19800 V NearbyFragment: Transfer to ib9b: 56%
07-03 00:46:12.459 19800 19800 V NearbyFragment: Transfer to ib9b: 42%
07-03 00:46:12.462 19800 19800 V NearbyFragment: Transfer to ib9b: 56%
07-03 00:46:12.464 19800 19800 V NearbyFragment: Transfer to ib9b: 57%
07-03 00:46:12.472 19800 19800 V NearbyFragment: Transfer to ib9b: 57%
07-03 00:46:12.478 19800 19800 V NearbyFragment: Transfer to ib9b: 42%
07-03 00:46:12.482 19800 19800 V NearbyFragment: Transfer to ib9b: 58%
07-03 00:46:12.485 19800 19800 V NearbyFragment: Transfer to ib9b: 58%
07-03 00:46:12.487 19800 19800 V NearbyFragment: Transfer to ib9b: 43%
07-03 00:46:12.498 19800 19800 V NearbyFragment: Transfer to ib9b: 43%
07-03 00:46:12.511 19800 19800 V NearbyFragment: Transfer to ib9b: 58%
07-03 00:46:12.518 19800 19800 V NearbyFragment: Transfer to ib9b: 43%
07-03 00:46:12.522 19800 19800 V NearbyFragment: Transfer to ib9b: 59%
07-03 00:46:12.523 19800 19800 V NearbyFragment: Transfer to ib9b: 59%
07-03 00:46:12.538 19800 19800 V NearbyFragment: Transfer to ib9b: 60%
07-03 00:46:12.544 19800 19800 V NearbyFragment: Transfer to ib9b: 60%
07-03 00:46:12.549 19800 19800 V NearbyFragment: Transfer to ib9b: 60%
07-03 00:46:12.551 19800 19800 V NearbyFragment: Transfer to ib9b: 44%
07-03 00:46:12.565 19800 19800 V NearbyFragment: Transfer to ib9b: 44%
07-03 00:46:12.569 19800 19800 V NearbyFragment: Transfer to ib9b: 45%
07-03 00:46:12.581 19800 19800 V NearbyFragment: Transfer to ib9b: 61%
07-03 00:46:12.594 19800 19800 V NearbyFragment: Transfer to ib9b: 61%
07-03 00:46:12.598 19800 19800 V NearbyFragment: Transfer to ib9b: 62%
07-03 00:46:12.600 19800 19800 V NearbyFragment: Transfer to ib9b: 62%
07-03 00:46:12.603 19800 19800 V NearbyFragment: Transfer to ib9b: 45%
07-03 00:46:12.605 19800 19800 V NearbyFragment: Transfer to ib9b: 62%
07-03 00:46:12.606 19800 19800 V NearbyFragment: Transfer to ib9b: 63%
07-03 00:46:12.608 19800 19800 V NearbyFragment: Transfer to ib9b: 63%
07-03 00:46:12.625 19800 19800 V NearbyFragment: Transfer to ib9b: 63%
07-03 00:46:12.625 19800 19800 V NearbyFragment: Transfer to ib9b: 45%
07-03 00:46:12.637 19800 19800 V NearbyFragment: Transfer to ib9b: 64%
07-03 00:46:12.648 19800 19800 V NearbyFragment: Transfer to ib9b: 64%
07-03 00:46:12.656 19800 19800 V NearbyFragment: Transfer to ib9b: 46%
07-03 00:46:12.668 19800 19800 V NearbyFragment: Transfer to ib9b: 65%
07-03 00:46:12.669 19800 19800 V NearbyFragment: Transfer to ib9b: 46%
07-03 00:46:12.678 19800 19800 V NearbyFragment: Transfer to ib9b: 65%
07-03 00:46:12.680 19800 19800 V NearbyFragment: Transfer to ib9b: 47%
07-03 00:46:12.683 19800 19800 V NearbyFragment: Transfer to ib9b: 65%
07-03 00:46:12.690 19800 19800 V NearbyFragment: Transfer to ib9b: 47%
07-03 00:46:12.695 19800 19800 V NearbyFragment: Transfer to ib9b: 66%
07-03 00:46:12.697 19800 19800 V NearbyFragment: Transfer to ib9b: 47%
07-03 00:46:12.705 19800 19800 V NearbyFragment: Transfer to ib9b: 48%
07-03 00:46:12.706 19800 19800 V NearbyFragment: Transfer to ib9b: 66%
07-03 00:46:12.715 19800 19800 V NearbyFragment: Transfer to ib9b: 67%
07-03 00:46:12.717 19800 19800 V NearbyFragment: Transfer to ib9b: 48%
07-03 00:46:12.725 19800 19800 V NearbyFragment: Transfer to ib9b: 67%
07-03 00:46:12.731 19800 19800 V NearbyFragment: Transfer to ib9b: 67%
07-03 00:46:12.735 19800 19800 V NearbyFragment: Transfer to ib9b: 48%
07-03 00:46:12.736 19800 19800 V NearbyFragment: Transfer to ib9b: 68%
07-03 00:46:12.742 19800 19800 V NearbyFragment: Transfer to ib9b: 68%
07-03 00:46:12.743 19800 19800 V NearbyFragment: Transfer to ib9b: 49%
07-03 00:46:12.744 19800 19800 V NearbyFragment: Transfer to ib9b: 69%
07-03 00:46:12.745 19800 19800 V NearbyFragment: Transfer to ib9b: 49%
07-03 00:46:12.749 19800 19800 V NearbyFragment: Transfer to ib9b: 50%
07-03 00:46:12.755 19800 19800 V NearbyFragment: Transfer to ib9b: 69%
07-03 00:46:12.758 19800 19800 V NearbyFragment: Transfer to ib9b: 50%
07-03 00:46:12.761 19800 19800 V NearbyFragment: Transfer to ib9b: 69%
07-03 00:46:12.763 19800 19800 V NearbyFragment: Transfer to ib9b: 50%
07-03 00:46:12.769 19800 19800 V NearbyFragment: Transfer to ib9b: 70%
07-03 00:46:12.769 19800 19800 V NearbyFragment: Transfer to ib9b: 51%
07-03 00:46:12.777 19800 19800 V NearbyFragment: Transfer to ib9b: 51%
07-03 00:46:12.781 19800 19800 V NearbyFragment: Transfer to ib9b: 70%
07-03 00:46:12.781 19800 19800 V NearbyFragment: Transfer to ib9b: 52%
07-03 00:46:12.785 19800 19800 V NearbyFragment: Transfer to ib9b: 52%
07-03 00:46:12.801 19800 19800 V NearbyFragment: Transfer to ib9b: 52%
07-03 00:46:12.802 19800 19800 V NearbyFragment: Transfer to ib9b: 70%
07-03 00:46:12.804 19800 19800 V NearbyFragment: Transfer to ib9b: 53%
07-03 00:46:12.806 19800 19800 V NearbyFragment: Transfer to ib9b: 71%
07-03 00:46:12.809 19800 19800 V NearbyFragment: Transfer to ib9b: 71%
07-03 00:46:12.811 19800 19800 V NearbyFragment: Transfer to ib9b: 72%
07-03 00:46:12.818 19800 19800 V NearbyFragment: Transfer to ib9b: 72%
07-03 00:46:12.824 19800 19800 V NearbyFragment: Transfer to ib9b: 53%
07-03 00:46:12.827 19800 19800 V NearbyFragment: Transfer to ib9b: 72%
07-03 00:46:12.839 19800 19800 V NearbyFragment: Transfer to ib9b: 73%
07-03 00:46:12.845 19800 19800 V NearbyFragment: Transfer to ib9b: 54%
07-03 00:46:12.855 19800 19800 V NearbyFragment: Transfer to ib9b: 73%
07-03 00:46:12.855 19800 19800 V NearbyFragment: Transfer to ib9b: 54%
07-03 00:46:12.858 19800 19800 V NearbyFragment: Transfer to ib9b: 74%
07-03 00:46:12.862 19800 19800 V NearbyFragment: Transfer to ib9b: 74%
07-03 00:46:12.866 19800 19800 V NearbyFragment: Transfer to ib9b: 74%
07-03 00:46:12.867 19800 19800 V NearbyFragment: Transfer to ib9b: 54%
07-03 00:46:12.878 19800 19800 V NearbyFragment: Transfer to ib9b: 75%
07-03 00:46:12.895 19800 19800 V NearbyFragment: Transfer to ib9b: 55%
07-03 00:46:12.917 19800 19800 V NearbyFragment: Transfer to ib9b: 75%
07-03 00:46:12.921 19800 19800 V NearbyFragment: Transfer to ib9b: 76%
07-03 00:46:12.928 19800 19800 V NearbyFragment: Transfer to ib9b: 76%
07-03 00:46:12.938 19800 19800 V NearbyFragment: Transfer to ib9b: 55%
07-03 00:46:12.945 19800 19800 V NearbyFragment: Transfer to ib9b: 76%
07-03 00:46:12.946 19800 19800 V NearbyFragment: Transfer to ib9b: 77%
07-03 00:46:12.951 19800 19800 V NearbyFragment: Transfer to ib9b: 55%
07-03 00:46:12.973 19800 19800 V NearbyFragment: Transfer to ib9b: 77%
07-03 00:46:12.978 19800 19800 V NearbyFragment: Transfer to ib9b: 56%
07-03 00:46:12.981 19800 19800 V NearbyFragment: Transfer to ib9b: 77%
07-03 00:46:12.989 19800 19800 V NearbyFragment: Transfer to ib9b: 56%
07-03 00:46:13.025 19800 19800 V NearbyFragment: Transfer to ib9b: 57%
07-03 00:46:13.031 19800 19800 V NearbyFragment: Transfer to ib9b: 57%
07-03 00:46:13.038 19800 19800 V NearbyFragment: Transfer to ib9b: 57%
07-03 00:46:13.047 19800 19800 V NearbyFragment: Transfer to ib9b: 58%
07-03 00:46:13.054 19800 19800 V NearbyFragment: Transfer to ib9b: 58%
07-03 00:46:13.059 19800 19800 V NearbyFragment: Transfer to ib9b: 59%
07-03 00:46:13.065 19800 19800 V NearbyFragment: Transfer to ib9b: 78%
07-03 00:46:13.066 19800 19800 V NearbyFragment: Transfer to ib9b: 59%
07-03 00:46:13.071 19800 19800 V NearbyFragment: Transfer to ib9b: 78%
07-03 00:46:13.072 19800 19800 V NearbyFragment: Transfer to ib9b: 59%
07-03 00:46:13.079 19800 19800 V NearbyFragment: Transfer to ib9b: 60%
07-03 00:46:13.079 19800 19800 V NearbyFragment: Transfer to ib9b: 79%
07-03 00:46:13.081 19800 19800 V NearbyFragment: Transfer to ib9b: 60%
07-03 00:46:13.084 19800 19800 V NearbyFragment: Transfer to ib9b: 61%
07-03 00:46:13.090 19800 19800 V NearbyFragment: Transfer to ib9b: 61%
07-03 00:46:13.093 19800 19800 V NearbyFragment: Transfer to ib9b: 61%
07-03 00:46:13.096 19800 19800 V NearbyFragment: Transfer to ib9b: 62%
07-03 00:46:13.100 19800 19800 V NearbyFragment: Transfer to ib9b: 62%
07-03 00:46:13.103 19800 19800 V NearbyFragment: Transfer to ib9b: 62%
07-03 00:46:13.107 19800 19800 V NearbyFragment: Transfer to ib9b: 79%
07-03 00:46:13.111 19800 19800 V NearbyFragment: Transfer to ib9b: 63%
07-03 00:46:13.113 19800 19800 V NearbyFragment: Transfer to ib9b: 79%
07-03 00:46:13.114 19800 19800 V NearbyFragment: Transfer to ib9b: 63%
07-03 00:46:13.119 19800 19800 V NearbyFragment: Transfer to ib9b: 64%
07-03 00:46:13.123 19800 19800 V NearbyFragment: Transfer to ib9b: 64%
07-03 00:46:13.126 19800 19800 V NearbyFragment: Transfer to ib9b: 64%
07-03 00:46:13.132 19800 19800 V NearbyFragment: Transfer to ib9b: 65%
07-03 00:46:13.133 19800 19800 V NearbyFragment: Transfer to ib9b: 80%
07-03 00:46:13.138 19800 19800 V NearbyFragment: Transfer to ib9b: 65%
07-03 00:46:13.139 19800 19800 V NearbyFragment: Transfer to ib9b: 80%
07-03 00:46:13.141 19800 19800 V NearbyFragment: Transfer to ib9b: 81%
07-03 00:46:13.141 19800 20147 I mobile-ffmpeg: frame=  144 fps=7.4 q=-1.0 Lsize=     848kB time=00:00:04.86 bitrate=1428.8kbits/s speed=0.249x    
07-03 00:46:13.141 19800 20147 I mobile-ffmpeg: video:798kB audio:47kB subtitle:0kB other streams:0kB global headers:0kB muxing overhead: 
07-03 00:46:13.141 19800 20147 I mobile-ffmpeg: 0.402564%
07-03 00:46:13.141 19800 20147 I mobile-ffmpeg: 
07-03 00:46:13.145 19800 19800 V NearbyFragment: Transfer to ib9b: 66%
07-03 00:46:13.155 19800 20147 I mobile-ffmpeg: [libx264 @ 0x7c59456400] frame I:1     Avg QP:21.44  size: 30965
07-03 00:46:13.155 19800 20147 I mobile-ffmpeg: [libx264 @ 0x7c59456400] frame P:123   Avg QP:21.52  size:  5984
07-03 00:46:13.155 19800 20147 I mobile-ffmpeg: [libx264 @ 0x7c59456400] frame B:20    Avg QP:24.38  size:  2488
07-03 00:46:13.155 19800 20147 I mobile-ffmpeg: [libx264 @ 0x7c59456400] consecutive B-frames: 79.2%  4.2%  8.3%  8.3%
07-03 00:46:13.158 19800 19800 V NearbyFragment: Transfer to ib9b: 66%
07-03 00:46:13.158 19800 20147 I mobile-ffmpeg: [libx264 @ 0x7c59456400] mb I  I16..4: 23.9% 61.8% 14.3%
07-03 00:46:13.158 19800 20147 I mobile-ffmpeg: [libx264 @ 0x7c59456400] mb P  I16..4:  2.0%  2.1%  0.2%  P16..4: 36.6%  2.6%  4.3%  0.0%  0.0%    skip:52.2%
07-03 00:46:13.158 19800 20147 I mobile-ffmpeg: [libx264 @ 0x7c59456400] mb B  I16..4:  0.4%  0.3%  0.0%  B16..8: 28.7%  1.2%  0.2%  direct: 1.1%  skip:68.1%  L0:40.5% L1:58.3% BI: 1.2%
07-03 00:46:13.158 19800 20147 I mobile-ffmpeg: [libx264 @ 0x7c59456400] 8x8 transform intra:51.5% inter:87.5%
07-03 00:46:13.158 19800 20147 I mobile-ffmpeg: [libx264 @ 0x7c59456400] coded y,uvDC,uvAC intra: 31.1% 75.1% 33.1% inter: 8.9% 27.5% 0.3%
07-03 00:46:13.159 19800 20147 I mobile-ffmpeg: [libx264 @ 0x7c59456400] i16 v,h,dc,p: 36% 18% 19% 27%
07-03 00:46:13.159 19800 20147 I mobile-ffmpeg: [libx264 @ 0x7c59456400] i8 v,h,dc,ddl,ddr,vr,hd,vl,hu: 21%  8% 52%  4%  3%  3%  2%  6%  2%
07-03 00:46:13.159 19800 20147 I mobile-ffmpeg: [libx264 @ 0x7c59456400] i4 v,h,dc,ddl,ddr,vr,hd,vl,hu: 33% 11% 21%  6%  7%  4%  6%  8%  3%
07-03 00:46:13.159 19800 20147 I mobile-ffmpeg: [libx264 @ 0x7c59456400] i8c dc,h,v,p: 64% 15% 19%  2%
07-03 00:46:13.159 19800 20147 I mobile-ffmpeg: [libx264 @ 0x7c59456400] Weighted P-Frames: Y:0.0% UV:0.0%
07-03 00:46:13.159 19800 20147 I mobile-ffmpeg: [libx264 @ 0x7c59456400] ref P L0: 77.6%  3.8% 13.1%  5.5%
07-03 00:46:13.159 19800 20147 I mobile-ffmpeg: [libx264 @ 0x7c59456400] ref B L0: 92.8%  5.7%  1.5%
07-03 00:46:13.159 19800 20147 I mobile-ffmpeg: [libx264 @ 0x7c59456400] ref B L1: 98.6%  1.4%
07-03 00:46:13.159 19800 20147 I mobile-ffmpeg: [libx264 @ 0x7c59456400] kb/s:1359.97
07-03 00:46:13.159 19800 20147 I mobile-ffmpeg: [aac @ 0x7c59457800] Qavg: 62576.793
07-03 00:46:13.169 19800 19800 V NearbyFragment: Transfer to ib9b: 81%
07-03 00:46:13.189 19800 19800 V NearbyFragment: Transfer to ib9b: 66%
07-03 00:46:13.199 19800 19800 V NearbyFragment: Transfer to ib9b: 81%
07-03 00:46:13.199 19800 19800 V NearbyFragment: Transfer to ib9b: 67%
07-03 00:46:13.199 19800 19800 V NearbyFragment: Transfer to ib9b: 82%
07-03 00:46:13.201 19800 19800 V NearbyFragment: Transfer to ib9b: 67%
07-03 00:46:13.210 19800 19800 V NearbyFragment: Transfer to ib9b: 68%
07-03 00:46:13.218 19800 19800 V NearbyFragment: Transfer to ib9b: 82%
07-03 00:46:13.219 19800 19800 V NearbyFragment: Transfer to ib9b: 83%
07-03 00:46:13.220 19800 20147 I mobile-ffmpeg: Input #0, mov,mp4,m4a,3gp,3g2,mj2, from '/storage/emulated/0/Movies/segment/20200312_150744/20200312_150744!003.mp4':
07-03 00:46:13.220 19800 20147 I mobile-ffmpeg:   Metadata:
07-03 00:46:13.220 19800 20147 I mobile-ffmpeg:     major_brand     : 
07-03 00:46:13.220 19800 20147 I mobile-ffmpeg: isom
07-03 00:46:13.220 19800 20147 I mobile-ffmpeg: 
07-03 00:46:13.221 19800 20147 I mobile-ffmpeg:     minor_version   : 
07-03 00:46:13.221 19800 20147 I mobile-ffmpeg: 512
07-03 00:46:13.221 19800 20147 I mobile-ffmpeg: 
07-03 00:46:13.221 19800 20147 I mobile-ffmpeg:     compatible_brands: 
07-03 00:46:13.221 19800 20147 I mobile-ffmpeg: isomiso2avc1mp41
07-03 00:46:13.221 19800 20147 I mobile-ffmpeg: 
07-03 00:46:13.221 19800 20147 I mobile-ffmpeg:     encoder         : 
07-03 00:46:13.221 19800 20147 I mobile-ffmpeg: Lavf58.42.100
07-03 00:46:13.221 19800 20147 I mobile-ffmpeg: 
07-03 00:46:13.221 19800 20147 I mobile-ffmpeg:   Duration: 
07-03 00:46:13.221 19800 20147 I mobile-ffmpeg: 00:00:12.03
07-03 00:46:13.221 19800 20147 I mobile-ffmpeg: , start: 
07-03 00:46:13.221 19800 20147 I mobile-ffmpeg: 0.000000
07-03 00:46:13.221 19800 20147 I mobile-ffmpeg: , bitrate: 
07-03 00:46:13.221 19800 20147 I mobile-ffmpeg: 8403 kb/s
07-03 00:46:13.221 19800 20147 I mobile-ffmpeg: 
07-03 00:46:13.221 19800 20147 I mobile-ffmpeg:     Stream #0:0
07-03 00:46:13.221 19800 20147 I mobile-ffmpeg: (eng)
07-03 00:46:13.221 19800 20147 I mobile-ffmpeg: : Video: h264 (avc1 / 0x31637661), yuvj420p(pc, bt709), 1280x720, 8366 kb/s
07-03 00:46:13.221 19800 20147 I mobile-ffmpeg: , 
07-03 00:46:13.221 19800 20147 I mobile-ffmpeg: 29.98 fps, 
07-03 00:46:13.221 19800 20147 I mobile-ffmpeg: 29.97 tbr, 
07-03 00:46:13.222 19800 20147 I mobile-ffmpeg: 16k tbn, 
07-03 00:46:13.222 19800 20147 I mobile-ffmpeg: 32k tbc
07-03 00:46:13.222 19800 20147 I mobile-ffmpeg:  (default)
07-03 00:46:13.222 19800 20147 I mobile-ffmpeg: 
07-03 00:46:13.222 19800 20147 I mobile-ffmpeg:     Metadata:
07-03 00:46:13.222 19800 20147 I mobile-ffmpeg:       handler_name    : 
07-03 00:46:13.222 19800 20147 I mobile-ffmpeg: PittaSoft Video Media Handler
07-03 00:46:13.222 19800 20147 I mobile-ffmpeg: 
07-03 00:46:13.222 19800 20147 I mobile-ffmpeg:     Stream #0:1
07-03 00:46:13.222 19800 20147 I mobile-ffmpeg: (eng)
07-03 00:46:13.222 19800 20147 I mobile-ffmpeg: : Audio: aac (mp4a / 0x6134706D), 16000 Hz, stereo, fltp, 47 kb/s
07-03 00:46:13.222 19800 20147 I mobile-ffmpeg:  (default)
07-03 00:46:13.222 19800 20147 I mobile-ffmpeg: 
07-03 00:46:13.222 19800 20147 I mobile-ffmpeg:     Metadata:
07-03 00:46:13.222 19800 20147 I mobile-ffmpeg:       handler_name    : 
07-03 00:46:13.222 19800 20147 I mobile-ffmpeg: PittaSoft Sound Media Handler
07-03 00:46:13.222 19800 20147 I mobile-ffmpeg: 
07-03 00:46:13.226 19800 19800 V NearbyFragment: Transfer to ib9b: 68%
07-03 00:46:13.233 19800 19800 V NearbyFragment: Transfer to ib9b: 83%
07-03 00:46:13.245 19800 19800 V NearbyFragment: Transfer to ib9b: 83%
07-03 00:46:13.251 19800 19800 V NearbyFragment: Transfer to ib9b: 68%
07-03 00:46:13.254 19800 19800 V NearbyFragment: Transfer to ib9b: 84%
07-03 00:46:13.264 19800 19800 V NearbyFragment: Transfer to ib9b: 69%
07-03 00:46:13.265 19800 19800 V NearbyFragment: Transfer to ib9b: 84%
07-03 00:46:13.272 19800 19800 V NearbyFragment: Transfer to ib9b: 85%
07-03 00:46:13.279 19800 19800 V NearbyFragment: Transfer to ib9b: 69%
07-03 00:46:13.282 19800 19800 V NearbyFragment: Transfer to ib9b: 85%
07-03 00:46:13.293 19800 19800 V NearbyFragment: Transfer to ib9b: 69%
07-03 00:46:13.296 19800 20147 I mobile-ffmpeg: Input #0, mov,mp4,m4a,3gp,3g2,mj2, from '/storage/emulated/0/Movies/segment-sum/20200312_150744/20200312_150744!003.mp4':
07-03 00:46:13.296 19800 20147 I mobile-ffmpeg:   Metadata:
07-03 00:46:13.296 19800 20147 I mobile-ffmpeg:     major_brand     : 
07-03 00:46:13.296 19800 20147 I mobile-ffmpeg: isom
07-03 00:46:13.296 19800 20147 I mobile-ffmpeg: 
07-03 00:46:13.296 19800 20147 I mobile-ffmpeg:     minor_version   : 
07-03 00:46:13.296 19800 20147 I mobile-ffmpeg: 512
07-03 00:46:13.296 19800 20147 I mobile-ffmpeg: 
07-03 00:46:13.297 19800 20147 I mobile-ffmpeg:     compatible_brands: 
07-03 00:46:13.297 19800 20147 I mobile-ffmpeg: isomiso2avc1mp41
07-03 00:46:13.297 19800 20147 I mobile-ffmpeg: 
07-03 00:46:13.297 19800 20147 I mobile-ffmpeg:     encoder         : 
07-03 00:46:13.297 19800 20147 I mobile-ffmpeg: Lavf58.42.100
07-03 00:46:13.297 19800 20147 I mobile-ffmpeg: 
07-03 00:46:13.297 19800 20147 I mobile-ffmpeg:   Duration: 
07-03 00:46:13.297 19800 20147 I mobile-ffmpeg: 00:00:04.89
07-03 00:46:13.297 19800 20147 I mobile-ffmpeg: , start: 
07-03 00:46:13.297 19800 20147 I mobile-ffmpeg: 0.000000
07-03 00:46:13.297 19800 20147 I mobile-ffmpeg: , bitrate: 
07-03 00:46:13.297 19800 20147 I mobile-ffmpeg: 1421 kb/s
07-03 00:46:13.297 19800 20147 I mobile-ffmpeg: 
07-03 00:46:13.297 19800 20147 I mobile-ffmpeg:     Stream #0:0
07-03 00:46:13.297 19800 20147 I mobile-ffmpeg: (und)
07-03 00:46:13.297 19800 20147 I mobile-ffmpeg: : Video: h264 (avc1 / 0x31637661), yuvj420p(pc), 1280x720, 1361 kb/s
07-03 00:46:13.297 19800 20147 I mobile-ffmpeg: , 
07-03 00:46:13.297 19800 20147 I mobile-ffmpeg: 29.97 fps, 
07-03 00:46:13.297 19800 20147 I mobile-ffmpeg: 29.97 tbr, 
07-03 00:46:13.297 19800 20147 I mobile-ffmpeg: 30k tbn, 
07-03 00:46:13.297 19800 20147 I mobile-ffmpeg: 59.94 tbc
07-03 00:46:13.297 19800 20147 I mobile-ffmpeg:  (default)
07-03 00:46:13.298 19800 20147 I mobile-ffmpeg: 
07-03 00:46:13.298 19800 20147 I mobile-ffmpeg:     Metadata:
07-03 00:46:13.298 19800 20147 I mobile-ffmpeg:       handler_name    : 
07-03 00:46:13.298 19800 20147 I mobile-ffmpeg: VideoHandler
07-03 00:46:13.298 19800 20147 I mobile-ffmpeg: 
07-03 00:46:13.298 19800 20147 I mobile-ffmpeg:     Stream #0:1
07-03 00:46:13.298 19800 20147 I mobile-ffmpeg: (und)
07-03 00:46:13.298 19800 20147 I mobile-ffmpeg: : Audio: aac (mp4a / 0x6134706D), 16000 Hz, stereo, fltp, 78 kb/s
07-03 00:46:13.298 19800 20147 I mobile-ffmpeg:  (default)
07-03 00:46:13.298 19800 20147 I mobile-ffmpeg: 
07-03 00:46:13.298 19800 20147 I mobile-ffmpeg:     Metadata:
07-03 00:46:13.298 19800 20147 I mobile-ffmpeg:       handler_name    : 
07-03 00:46:13.298 19800 20147 I mobile-ffmpeg: SoundHandler
07-03 00:46:13.298 19800 20147 I mobile-ffmpeg: 
07-03 00:46:13.299 19800 19800 V NearbyFragment: Transfer to ib9b: 70%
07-03 00:46:13.301 19800 19800 V NearbyFragment: Transfer to ib9b: 85%
07-03 00:46:13.305 19800 19800 V NearbyFragment: Transfer to ib9b: 70%
07-03 00:46:13.308 19800 19800 V NearbyFragment: Transfer to ib9b: 86%
07-03 00:46:13.312 19800 19800 V NearbyFragment: Transfer to ib9b: 71%
07-03 00:46:13.314 19800 19800 V NearbyFragment: Transfer to ib9b: 86%
07-03 00:46:13.316 19800 19800 V NearbyFragment: Transfer to ib9b: 86%
07-03 00:46:13.317 19800 19800 V NearbyFragment: Transfer to ib9b: 71%
07-03 00:46:13.319 19800 19800 V NearbyFragment: Transfer to ib9b: 71%
07-03 00:46:13.322 19800 19800 V NearbyFragment: Transfer to ib9b: 72%
07-03 00:46:13.322 19800 20210 W Summariser: Summarisation completed
07-03 00:46:13.322 19800 20210 W Summariser:   filename: 20200312_150744!003.mp4
07-03 00:46:13.322 19800 20210 W Summariser:   active sections: 1
07-03 00:46:13.322 19800 20210 W Summariser:   time: 23.060s
07-03 00:46:13.322 19800 20210 W Summariser:   original duration: 12.03
07-03 00:46:13.322 19800 20210 W Summariser:   summarised duration: 4.89
07-03 00:46:13.322 19800 20210 W Summariser:   noise tolerance: 45.00
07-03 00:46:13.322 19800 20210 W Summariser:   quality: 23
07-03 00:46:13.322 19800 20210 W Summariser:   speed: medium
07-03 00:46:13.322 19800 20210 W Summariser:   freeze duration: 1.00
07-03 00:46:13.322 19800 20210 V VideoManager: Retrieving video from /storage/emulated/0/Movies/segment-sum/20200312_150744/20200312_150744!003.mp4
07-03 00:46:13.328 19800 19800 V NearbyFragment: Transfer to ib9b: 87%
07-03 00:46:13.331 19800 19800 V NearbyFragment: Transfer to ib9b: 87%
07-03 00:46:13.332 19800 20210 D VideoManager: videoCursor is null
07-03 00:46:13.333 19800 19800 V NearbyFragment: Transfer to ib9b: 72%
07-03 00:46:13.337 19800 19800 V NearbyFragment: Transfer to ib9b: 88%
07-03 00:46:13.341 19800 19800 V NearbyFragment: Transfer to ib9b: 88%
07-03 00:46:13.341 19800 19800 V NearbyFragment: Transfer to ib9b: 73%
07-03 00:46:13.344 19800 19800 V NearbyFragment: Transfer to ib9b: 73%
07-03 00:46:13.348 19800 19800 V NearbyFragment: Transfer to ib9b: 88%
07-03 00:46:13.354 19800 19800 V NearbyFragment: Transfer to ib9b: 73%
07-03 00:46:13.354 19800 20210 V VideoManager: videoFromCursor
07-03 00:46:13.357 19800 19800 V NearbyFragment: Transfer to ib9b: 74%
07-03 00:46:13.357 19800 20210 D NearbyFragment: Received all summarised video segments of 20200312_150744
07-03 00:46:13.363 19800 19800 V NearbyFragment: Transfer to ib9b: 74%
07-03 00:46:13.364 19800 20210 V FileManager: External storage is readable
07-03 00:46:13.365 19800 20210 V FileManager: Directory already exists: /storage/emulated/0/Movies/segment-sum/20200312_150744
07-03 00:46:13.366 19800 20210 D FfmpegTools: Merging /storage/emulated/0/Movies/summarised/20200312_150744.mp4
07-03 00:46:13.372 19800 19800 V NearbyFragment: Transfer to ib9b: 75%
07-03 00:46:13.380 19800 19800 V NearbyFragment: Transfer to ib9b: 75%
07-03 00:46:13.384 19800 19800 V NearbyFragment: Transfer to ib9b: 89%
07-03 00:46:13.388 19800 19800 V NearbyFragment: Transfer to ib9b: 75%
07-03 00:46:13.391 19800 19800 V NearbyFragment: Transfer to ib9b: 89%
07-03 00:46:13.396 19800 19800 V NearbyFragment: Transfer to ib9b: 76%
07-03 00:46:13.397 19800 19800 V NearbyFragment: Transfer to ib9b: 90%
07-03 00:46:13.403 19800 19800 V NearbyFragment: Transfer to ib9b: 76%
07-03 00:46:13.403 19800 19800 V NearbyFragment: Transfer to ib9b: 90%
07-03 00:46:13.405 19800 19800 V NearbyFragment: Transfer to ib9b: 90%
07-03 00:46:13.411 19800 19800 V NearbyFragment: Transfer to ib9b: 76%
07-03 00:46:13.411 19800 19800 V NearbyFragment: Transfer to ib9b: 91%
07-03 00:46:13.413 19800 20147 I mobile-ffmpeg: Input #0, mov,mp4,m4a,3gp,3g2,mj2, from '/storage/emulated/0/Movies/segment-sum/20200312_150744/20200312_150744!003.mp4':
07-03 00:46:13.413 19800 20147 I mobile-ffmpeg:   Metadata:
07-03 00:46:13.413 19800 20147 I mobile-ffmpeg:     major_brand     : 
07-03 00:46:13.413 19800 20147 I mobile-ffmpeg: isom
07-03 00:46:13.413 19800 20147 I mobile-ffmpeg: 
07-03 00:46:13.413 19800 20147 I mobile-ffmpeg:     minor_version   : 
07-03 00:46:13.413 19800 20147 I mobile-ffmpeg: 512
07-03 00:46:13.413 19800 20147 I mobile-ffmpeg: 
07-03 00:46:13.413 19800 20147 I mobile-ffmpeg:     compatible_brands: 
07-03 00:46:13.413 19800 20147 I mobile-ffmpeg: isomiso2avc1mp41
07-03 00:46:13.413 19800 20147 I mobile-ffmpeg: 
07-03 00:46:13.413 19800 20147 I mobile-ffmpeg:     encoder         : 
07-03 00:46:13.413 19800 20147 I mobile-ffmpeg: Lavf58.42.100
07-03 00:46:13.414 19800 20147 I mobile-ffmpeg: 
07-03 00:46:13.414 19800 20147 I mobile-ffmpeg:   Duration: 
07-03 00:46:13.414 19800 20147 I mobile-ffmpeg: 00:00:04.89
07-03 00:46:13.414 19800 20147 I mobile-ffmpeg: , start: 
07-03 00:46:13.414 19800 20147 I mobile-ffmpeg: 0.000000
07-03 00:46:13.414 19800 20147 I mobile-ffmpeg: , bitrate: 
07-03 00:46:13.414 19800 20147 I mobile-ffmpeg: 1421 kb/s
07-03 00:46:13.414 19800 20147 I mobile-ffmpeg: 
07-03 00:46:13.414 19800 20147 I mobile-ffmpeg:     Stream #0:0
07-03 00:46:13.414 19800 20147 I mobile-ffmpeg: (und)
07-03 00:46:13.414 19800 20147 I mobile-ffmpeg: : Video: h264 (avc1 / 0x31637661), yuvj420p(pc), 1280x720, 1361 kb/s
07-03 00:46:13.414 19800 20147 I mobile-ffmpeg: , 
07-03 00:46:13.414 19800 20147 I mobile-ffmpeg: 29.97 fps, 
07-03 00:46:13.414 19800 20147 I mobile-ffmpeg: 29.97 tbr, 
07-03 00:46:13.414 19800 20147 I mobile-ffmpeg: 30k tbn, 
07-03 00:46:13.414 19800 20147 I mobile-ffmpeg: 59.94 tbc
07-03 00:46:13.414 19800 20147 I mobile-ffmpeg:  (default)
07-03 00:46:13.414 19800 20147 I mobile-ffmpeg: 
07-03 00:46:13.414 19800 20147 I mobile-ffmpeg:     Metadata:
07-03 00:46:13.414 19800 20147 I mobile-ffmpeg:       handler_name    : 
07-03 00:46:13.414 19800 20147 I mobile-ffmpeg: VideoHandler
07-03 00:46:13.414 19800 20147 I mobile-ffmpeg: 
07-03 00:46:13.414 19800 20147 I mobile-ffmpeg:     Stream #0:1
07-03 00:46:13.414 19800 20147 I mobile-ffmpeg: (und)
07-03 00:46:13.414 19800 20147 I mobile-ffmpeg: : Audio: aac (mp4a / 0x6134706D), 16000 Hz, stereo, fltp, 78 kb/s
07-03 00:46:13.415 19800 20147 I mobile-ffmpeg:  (default)
07-03 00:46:13.415 19800 20147 I mobile-ffmpeg: 
07-03 00:46:13.415 19800 20147 I mobile-ffmpeg:     Metadata:
07-03 00:46:13.415 19800 20147 I mobile-ffmpeg:       handler_name    : 
07-03 00:46:13.415 19800 20147 I mobile-ffmpeg: SoundHandler
07-03 00:46:13.415 19800 20147 I mobile-ffmpeg: 
07-03 00:46:13.419 19800 19800 V NearbyFragment: Transfer to ib9b: 77%
07-03 00:46:13.423 19800 19800 V NearbyFragment: Transfer to ib9b: 77%
07-03 00:46:13.431 19800 19800 V NearbyFragment: Transfer to ib9b: 78%
07-03 00:46:13.432 19800 19800 V NearbyFragment: Transfer to ib9b: 91%
07-03 00:46:13.438 19800 19800 V NearbyFragment: Transfer to ib9b: 78%
07-03 00:46:13.440 19800 20210 W FfmpegTools: Single segment returned, duration of 20200312_150744: 4.89
07-03 00:46:13.443 19800 19800 V NearbyFragment: Transfer to ib9b: 78%
07-03 00:46:13.450 19800 19800 V NearbyFragment: Transfer to ib9b: 79%
07-03 00:46:13.453 19800 19800 V NearbyFragment: Transfer to ib9b: 92%
07-03 00:46:13.457 19800 19800 V NearbyFragment: Transfer to ib9b: 79%
07-03 00:46:13.461 19800 19800 V NearbyFragment: Transfer to ib9b: 80%
07-03 00:46:13.466 19800 19800 V NearbyFragment: Transfer to ib9b: 92%
07-03 00:46:13.467 19800 19800 V NearbyFragment: Transfer to ib9b: 80%
07-03 00:46:13.471 19800 19800 V NearbyFragment: Transfer to ib9b: 92%
07-03 00:46:13.472 19800 19800 V NearbyFragment: Transfer to ib9b: 80%
07-03 00:46:13.478 19800 19800 V NearbyFragment: Transfer to ib9b: 93%
07-03 00:46:13.482 19800 19800 V NearbyFragment: Transfer to ib9b: 81%
07-03 00:46:13.489 19800 19800 V NearbyFragment: Transfer to ib9b: 93%
07-03 00:46:13.495 19800 19800 V NearbyFragment: Transfer to ib9b: 93%
07-03 00:46:13.502 19800 19800 V NearbyFragment: Transfer to ib9b: 94%
07-03 00:46:13.502 19800 19800 V NearbyFragment: Transfer to ib9b: 94%
07-03 00:46:13.512 19800 19800 V NearbyFragment: Transfer to ib9b: 95%
07-03 00:46:13.516 19800 19800 V NearbyFragment: Transfer to ib9b: 81%
07-03 00:46:13.519 19800 19800 V NearbyFragment: Transfer to ib9b: 95%
07-03 00:46:13.521 19800 19800 V NearbyFragment: Transfer to ib9b: 95%
07-03 00:46:13.523 19800 19800 V NearbyFragment: Transfer to ib9b: 82%
07-03 00:46:13.525 19800 19800 V NearbyFragment: Transfer to ib9b: 96%
07-03 00:46:13.526 19800 19800 V NearbyFragment: Transfer to ib9b: 82%
07-03 00:46:13.535 19800 20210 V VideoManager: Retrieving video from /storage/emulated/0/Movies/summarised/20200312_150744.mp4
07-03 00:46:13.536 19800 19800 V NearbyFragment: Transfer to ib9b: 82%
07-03 00:46:13.543 19800 20210 V VideoManager: videoFromCursor
07-03 00:46:13.545 19800 20210 V SummarisedVideosEventHandler: onAdd
07-03 00:46:13.546 19800 20210 V RawFootageEventHandler: removeByName
07-03 00:46:13.552 19800 20210 V ProcessingVideosEventHandler: removeByName
07-03 00:46:13.555 19800 20210 V NearbyFragment: Removing video segment map for 20200312_150744
07-03 00:46:13.555 19800 20210 V ProcessingVideosEventHandler: onRemove
07-03 00:46:13.561 19800 20210 V SummariserIntentService: onHandleIntent
07-03 00:46:13.562 19800 20210 D SummariserIntentService: Video{id='7246', data='/storage/emulated/0/Movies/segment/20200312_150844/20200312_150844!001.mp4', name='20200312_150844!001.mp4', size=17002010, visible=true, mimeType='video/mp4'}
07-03 00:46:13.562 19800 20210 D SummariserIntentService: /storage/emulated/0/Movies/segment-sum/20200312_150844/20200312_150844!001.mp4
07-03 00:46:13.658 19800 20147 I mobile-ffmpeg: Input #0, mov,mp4,m4a,3gp,3g2,mj2, from '/storage/emulated/0/Movies/segment/20200312_150844/20200312_150844!001.mp4':
07-03 00:46:13.658 19800 20147 I mobile-ffmpeg:   Metadata:
07-03 00:46:13.658 19800 20147 I mobile-ffmpeg:     major_brand     : 
07-03 00:46:13.658 19800 20147 I mobile-ffmpeg: isom
07-03 00:46:13.658 19800 20147 I mobile-ffmpeg: 
07-03 00:46:13.659 19800 20147 I mobile-ffmpeg:     minor_version   : 
07-03 00:46:13.659 19800 20147 I mobile-ffmpeg: 512
07-03 00:46:13.659 19800 20147 I mobile-ffmpeg: 
07-03 00:46:13.659 19800 20147 I mobile-ffmpeg:     compatible_brands: 
07-03 00:46:13.659 19800 20147 I mobile-ffmpeg: isomiso2avc1mp41
07-03 00:46:13.659 19800 20147 I mobile-ffmpeg: 
07-03 00:46:13.659 19800 20147 I mobile-ffmpeg:     encoder         : 
07-03 00:46:13.659 19800 20147 I mobile-ffmpeg: Lavf58.42.100
07-03 00:46:13.659 19800 20147 I mobile-ffmpeg: 
07-03 00:46:13.659 19800 20147 I mobile-ffmpeg:   Duration: 
07-03 00:46:13.659 19800 20147 I mobile-ffmpeg: 00:00:16.01
07-03 00:46:13.659 19800 20147 I mobile-ffmpeg: , start: 
07-03 00:46:13.659 19800 20147 I mobile-ffmpeg: 0.000000
07-03 00:46:13.659 19800 20147 I mobile-ffmpeg: , bitrate: 
07-03 00:46:13.659 19800 20147 I mobile-ffmpeg: 8493 kb/s
07-03 00:46:13.659 19800 20147 I mobile-ffmpeg: 
07-03 00:46:13.659 19800 20147 I mobile-ffmpeg:     Stream #0:0
07-03 00:46:13.659 19800 20147 I mobile-ffmpeg: (eng)
07-03 00:46:13.659 19800 20147 I mobile-ffmpeg: : Video: h264 (avc1 / 0x31637661), yuvj420p(pc, bt709), 1280x720, 8441 kb/s
07-03 00:46:13.659 19800 20147 I mobile-ffmpeg: , 
07-03 00:46:13.659 19800 20147 I mobile-ffmpeg: 29.97 fps, 
07-03 00:46:13.659 19800 20147 I mobile-ffmpeg: 29.97 tbr, 
07-03 00:46:13.659 19800 20147 I mobile-ffmpeg: 16k tbn, 
07-03 00:46:13.659 19800 20147 I mobile-ffmpeg: 32k tbc
07-03 00:46:13.659 19800 20147 I mobile-ffmpeg:  (default)
07-03 00:46:13.659 19800 20147 I mobile-ffmpeg: 
07-03 00:46:13.659 19800 20147 I mobile-ffmpeg:     Metadata:
07-03 00:46:13.660 19800 20147 I mobile-ffmpeg:       handler_name    : 
07-03 00:46:13.660 19800 20147 I mobile-ffmpeg: PittaSoft Video Media Handler
07-03 00:46:13.660 19800 20147 I mobile-ffmpeg: 
07-03 00:46:13.660 19800 20147 I mobile-ffmpeg:     Stream #0:1
07-03 00:46:13.660 19800 20147 I mobile-ffmpeg: (eng)
07-03 00:46:13.660 19800 20147 I mobile-ffmpeg: : Audio: aac (mp4a / 0x6134706D), 16000 Hz, stereo, fltp, 47 kb/s
07-03 00:46:13.660 19800 20147 I mobile-ffmpeg:  (default)
07-03 00:46:13.660 19800 20147 I mobile-ffmpeg: 
07-03 00:46:13.660 19800 20147 I mobile-ffmpeg:     Metadata:
07-03 00:46:13.660 19800 20147 I mobile-ffmpeg:       handler_name    : 
07-03 00:46:13.660 19800 20147 I mobile-ffmpeg: PittaSoft Sound Media Handler
07-03 00:46:13.660 19800 20147 I mobile-ffmpeg: 
07-03 00:46:13.662 19800 20147 I mobile-ffmpeg: Stream mapping:
07-03 00:46:13.662 19800 20147 I mobile-ffmpeg:   Stream #0:0 -> #0:0
07-03 00:46:13.662 19800 20147 I mobile-ffmpeg:  (h264 (native) -> wrapped_avframe (native))
07-03 00:46:13.662 19800 20147 I mobile-ffmpeg: 
07-03 00:46:13.662 19800 20147 I mobile-ffmpeg:   Stream #0:1 -> #0:1
07-03 00:46:13.662 19800 20147 I mobile-ffmpeg:  (aac (native) -> pcm_s16le (native))
07-03 00:46:13.662 19800 20147 I mobile-ffmpeg: 
07-03 00:46:13.662 19800 20147 I mobile-ffmpeg: Press [q] to stop, [?] for help
07-03 00:46:13.662 19800 20147 I mobile-ffmpeg: frame=    0 fps=0.0 q=0.0 size=N/A time=-577014:32:22.77 bitrate=N/A speed=N/A    
07-03 00:46:13.730 19800 20147 W mobile-ffmpeg: [graph 0 input from stream 0:0 @ 0x7c5a4b75c0] sws_param option is deprecated and ignored
07-03 00:46:13.731 19800 20147 I mobile-ffmpeg: Output #0, null, to 'pipe:':
07-03 00:46:13.731 19800 20147 I mobile-ffmpeg:   Metadata:
07-03 00:46:13.731 19800 20147 I mobile-ffmpeg:     major_brand     : 
07-03 00:46:13.731 19800 20147 I mobile-ffmpeg: isom
07-03 00:46:13.731 19800 20147 I mobile-ffmpeg: 
07-03 00:46:13.731 19800 20147 I mobile-ffmpeg:     minor_version   : 
07-03 00:46:13.731 19800 20147 I mobile-ffmpeg: 512
07-03 00:46:13.731 19800 20147 I mobile-ffmpeg: 
07-03 00:46:13.731 19800 20147 I mobile-ffmpeg:     compatible_brands: 
07-03 00:46:13.731 19800 20147 I mobile-ffmpeg: isomiso2avc1mp41
07-03 00:46:13.731 19800 20147 I mobile-ffmpeg: 
07-03 00:46:13.731 19800 20147 I mobile-ffmpeg:     encoder         : 
07-03 00:46:13.731 19800 20147 I mobile-ffmpeg: Lavf58.42.100
07-03 00:46:13.731 19800 20147 I mobile-ffmpeg: 
07-03 00:46:13.731 19800 20147 I mobile-ffmpeg:     Stream #0:0
07-03 00:46:13.731 19800 20147 I mobile-ffmpeg: (eng)
07-03 00:46:13.731 19800 20147 I mobile-ffmpeg: : Video: wrapped_avframe, yuvj420p, 1280x720, q=2-31, 200 kb/s
07-03 00:46:13.732 19800 20147 I mobile-ffmpeg: , 
07-03 00:46:13.732 19800 20147 I mobile-ffmpeg: 29.97 fps, 
07-03 00:46:13.732 19800 20147 I mobile-ffmpeg: 29.97 tbn, 
07-03 00:46:13.732 19800 20147 I mobile-ffmpeg: 29.97 tbc
07-03 00:46:13.732 19800 20147 I mobile-ffmpeg:  (default)
07-03 00:46:13.732 19800 20147 I mobile-ffmpeg: 
07-03 00:46:13.732 19800 20147 I mobile-ffmpeg:     Metadata:
07-03 00:46:13.732 19800 20147 I mobile-ffmpeg:       handler_name    : 
07-03 00:46:13.732 19800 20147 I mobile-ffmpeg: PittaSoft Video Media Handler
07-03 00:46:13.732 19800 20147 I mobile-ffmpeg: 
07-03 00:46:13.732 19800 20147 I mobile-ffmpeg:       encoder         : 
07-03 00:46:13.732 19800 20147 I mobile-ffmpeg: Lavc58.78.102 wrapped_avframe
07-03 00:46:13.732 19800 20147 I mobile-ffmpeg: 
07-03 00:46:13.732 19800 20147 I mobile-ffmpeg:     Stream #0:1
07-03 00:46:13.732 19800 20147 I mobile-ffmpeg: (eng)
07-03 00:46:13.732 19800 20147 I mobile-ffmpeg: : Audio: pcm_s16le, 16000 Hz, stereo, s16, 512 kb/s
07-03 00:46:13.732 19800 20147 I mobile-ffmpeg:  (default)
07-03 00:46:13.732 19800 20147 I mobile-ffmpeg: 
07-03 00:46:13.732 19800 20147 I mobile-ffmpeg:     Metadata:
07-03 00:46:13.732 19800 20147 I mobile-ffmpeg:       handler_name    : 
07-03 00:46:13.732 19800 20147 I mobile-ffmpeg: PittaSoft Sound Media Handler
07-03 00:46:13.732 19800 20147 I mobile-ffmpeg: 
07-03 00:46:13.732 19800 20147 I mobile-ffmpeg:       encoder         : 
07-03 00:46:13.732 19800 20147 I mobile-ffmpeg: Lavc58.78.102 pcm_s16le
07-03 00:46:13.732 19800 20147 I mobile-ffmpeg: 
07-03 00:46:14.172 19800 20147 I mobile-ffmpeg: frame=   21 fps=0.0 q=-0.0 size=N/A time=00:00:00.87 bitrate=N/A speed=1.73x    
07-03 00:46:14.414 19800 19800 V NearbyFragment: Transfer to ib9b: 83%
07-03 00:46:14.415 19800 19800 V NearbyFragment: Transfer to ib9b: 96%
07-03 00:46:14.417 19800 19800 V NearbyFragment: Transfer to ib9b: 97%
07-03 00:46:14.418 19800 19800 V NearbyFragment: Transfer to ib9b: 97%
07-03 00:46:14.419 19800 19800 V NearbyFragment: Transfer to ib9b: 83%
07-03 00:46:14.427 19800 19800 V NearbyFragment: Transfer to ib9b: 97%
07-03 00:46:14.428 19800 19800 V NearbyFragment: Transfer to ib9b: 83%
07-03 00:46:14.428 19800 19800 V NearbyFragment: Transfer to ib9b: 84%
07-03 00:46:14.428 19800 19800 V NearbyFragment: Transfer to ib9b: 98%
07-03 00:46:14.428 19800 19800 V NearbyFragment: Transfer to ib9b: 98%
07-03 00:46:14.428 19800 19800 V NearbyFragment: Transfer to ib9b: 84%
07-03 00:46:14.429 19800 19800 V NearbyFragment: Transfer to ib9b: 99%
07-03 00:46:14.429 19800 19800 I chatty  : uid=10100(com.example.edgesum) identical 1 line
07-03 00:46:14.429 19800 19800 V NearbyFragment: Transfer to ib9b: 99%
07-03 00:46:14.429 19800 19800 V NearbyFragment: Transfer to ib9b: 100%
07-03 00:46:14.429 19800 19800 V NearbyFragment: Transfer to ib9b: 100%
07-03 00:46:14.429 19800 19800 V NearbyFragment: Transfer to ib9b: 85%
07-03 00:46:14.430 19800 19800 I chatty  : uid=10100(com.example.edgesum) identical 1 line
07-03 00:46:14.430 19800 19800 V NearbyFragment: Transfer to ib9b: 85%
07-03 00:46:14.430 19800 19800 V NearbyFragment: Transfer to ib9b: 86%
07-03 00:46:14.430 19800 19800 V NearbyFragment: Transfer to ib9b: 86%
07-03 00:46:14.431 19800 19800 V NearbyFragment: Transfer to ib9b: 87%
07-03 00:46:14.431 19800 19800 I chatty  : uid=10100(com.example.edgesum) identical 1 line
07-03 00:46:14.431 19800 19800 V NearbyFragment: Transfer to ib9b: 87%
07-03 00:46:14.431 19800 19800 V NearbyFragment: Transfer to ib9b: 88%
07-03 00:46:14.432 19800 19800 V NearbyFragment: Transfer to ib9b: 88%
07-03 00:46:14.432 19800 19800 V NearbyFragment: Transfer to ib9b: 89%
07-03 00:46:14.432 19800 19800 I chatty  : uid=10100(com.example.edgesum) identical 1 line
07-03 00:46:14.432 19800 19800 V NearbyFragment: Transfer to ib9b: 89%
07-03 00:46:14.433 19800 19800 V NearbyFragment: Transfer to ib9b: 90%
07-03 00:46:14.433 19800 19800 I chatty  : uid=10100(com.example.edgesum) identical 1 line
07-03 00:46:14.433 19800 19800 V NearbyFragment: Transfer to ib9b: 90%
07-03 00:46:14.433 19800 19800 V NearbyFragment: Transfer to ib9b: 91%
07-03 00:46:14.433 19800 19800 V NearbyFragment: Transfer to ib9b: 91%
07-03 00:46:14.433 19800 19800 V NearbyFragment: Transfer to ib9b: 92%
07-03 00:46:14.434 19800 19800 I chatty  : uid=10100(com.example.edgesum) identical 1 line
07-03 00:46:14.434 19800 19800 V NearbyFragment: Transfer to ib9b: 92%
07-03 00:46:14.434 19800 19800 V NearbyFragment: Transfer to ib9b: 93%
07-03 00:46:14.434 19800 19800 V NearbyFragment: Transfer to ib9b: 93%
07-03 00:46:14.434 19800 19800 V NearbyFragment: Transfer to ib9b: 94%
07-03 00:46:14.434 19800 19800 I chatty  : uid=10100(com.example.edgesum) identical 1 line
07-03 00:46:14.435 19800 19800 V NearbyFragment: Transfer to ib9b: 94%
07-03 00:46:14.435 19800 19800 V NearbyFragment: Transfer to ib9b: 95%
07-03 00:46:14.436 19800 19800 V NearbyFragment: Transfer to ib9b: 95%
07-03 00:46:14.436 19800 19800 V NearbyFragment: Transfer to ib9b: 96%
07-03 00:46:14.436 19800 19800 I chatty  : uid=10100(com.example.edgesum) identical 1 line
07-03 00:46:14.436 19800 19800 V NearbyFragment: Transfer to ib9b: 96%
07-03 00:46:14.436 19800 19800 V NearbyFragment: Transfer to ib9b: 97%
07-03 00:46:14.436 19800 19800 I chatty  : uid=10100(com.example.edgesum) identical 1 line
07-03 00:46:14.437 19800 19800 V NearbyFragment: Transfer to ib9b: 97%
07-03 00:46:14.437 19800 19800 V NearbyFragment: Transfer to ib9b: 98%
07-03 00:46:14.437 19800 19800 V NearbyFragment: Transfer to ib9b: 98%
07-03 00:46:14.437 19800 19800 V NearbyFragment: Transfer to ib9b: 99%
07-03 00:46:14.437 19800 19800 I chatty  : uid=10100(com.example.edgesum) identical 1 line
07-03 00:46:14.437 19800 19800 V NearbyFragment: Transfer to ib9b: 99%
07-03 00:46:14.437 19800 19800 V NearbyFragment: Transfer to ib9b: 100%
07-03 00:46:14.438 19800 19800 V NearbyFragment: Transfer to ib9b: 100%
07-03 00:46:14.439 19800 19800 W NearbyFragment: Completed downloading 20200312_150844!000.mp4 from Endpoint{id=ib9b, name=Galaxy S8 [2802]} in 03.770s
07-03 00:46:14.446 19800 19800 V FileManager: External storage is readable
07-03 00:46:14.447 19800 19800 V FileManager: Directory already exists: /storage/emulated/0/Movies/segment-sum/20200312_150844
07-03 00:46:14.606 19800 20149 D SummariserIntentService: Scanned /storage/emulated/0/Movies/summarised
07-03 00:46:14.606 19800 20149 D SummariserIntentService:   -> uri=content://media/external/file/7148
07-03 00:46:14.696 19800 20147 I mobile-ffmpeg: frame=   46 fps= 45 q=-0.0 size=N/A time=00:00:01.71 bitrate=N/A speed=1.66x    
07-03 00:46:15.210 19800 19800 V NearbyFragment: Received a segment of 20200312_150844
07-03 00:46:15.211 19800 19800 D NearbyFragment: onPayloadReceived(endpointId=ib9b, payload=com.google.android.gms.nearby.connection.Payload@be3515e)
07-03 00:46:15.211 19800 19800 D NearbyFragment: Endpoint{id=ib9b, name=Galaxy S8 [2802]} has finished downloading 20200312_150844!002.mp4
07-03 00:46:15.213 19800 19800 V NearbyFragment: nextTransfer with selected algorithm: best_or_local
07-03 00:46:15.223 19800 19800 V FileManager: External storage is readable
07-03 00:46:15.223 19800 19800 V FileManager: Directory already exists: /storage/emulated/0/Movies/segment-sum/20200312_150844
07-03 00:46:15.224 19800 19800 D NearbyFragment: Summarising 20200312_150844!003.mp4
07-03 00:46:15.225 19800 19800 V VideoManager: Retrieving video from /storage/emulated/0/Movies/segment/20200312_150844/20200312_150844!003.mp4
07-03 00:46:15.232 19800 20147 I mobile-ffmpeg: frame=   71 fps= 46 q=-0.0 size=N/A time=00:00:02.47 bitrate=N/A speed=1.61x    
07-03 00:46:15.238 19800 19800 V VideoManager: videoFromCursor
07-03 00:46:15.244 19800 19800 V ProcessingVideosEventHandler: onAdd
07-03 00:46:15.245 19800 19800 V RawFootageEventHandler: onRemove
