07-03 00:46:27.542 19800 20135 D VideoManager: videoCursor is null
07-03 00:46:27.562 19800 20135 V VideoManager: videoFromCursor
07-03 00:46:27.566 19800 20135 V VideoManager: Retrieving video from /storage/emulated/0/Movies/segment/20200312_150944/20200312_150944!003.mp4
07-03 00:46:27.576 19800 20135 D VideoManager: videoCursor is null
07-03 00:46:27.602 19800 20135 V VideoManager: videoFromCursor
07-03 00:46:27.606 19800 20135 V NearbyFragment: nextTransfer with selected algorithm: best_or_local
07-03 00:46:27.608 19800 20135 W NearbyFragment: Sending 20200312_150944!000.mp4 to Galaxy S8 [2802]
07-03 00:46:27.634 19800 19800 V NearbyFragment: Transfer to ib9b: 100%
07-03 00:46:27.635 19800 19800 V NearbyFragment: Transfer to ib9b: 100%
07-03 00:46:27.637 19800 19800 V NearbyFragment: Transfer to ib9b: 0%
07-03 00:46:27.639 19800 19800 V NearbyFragment: Transfer to ib9b: 0%
07-03 00:46:27.665 19800 19800 V NearbyFragment: Transfer to ib9b: 1%
07-03 00:46:27.666 19800 19800 V NearbyFragment: Transfer to ib9b: 1%
07-03 00:46:27.668 19800 19800 V NearbyFragment: Transfer to ib9b: 1%
07-03 00:46:27.669 19800 19800 V NearbyFragment: Transfer to ib9b: 2%
07-03 00:46:27.671 19800 19800 V NearbyFragment: Transfer to ib9b: 2%
07-03 00:46:27.678 19800 19800 V NearbyFragment: Transfer to ib9b: 3%
07-03 00:46:27.679 19800 19800 V NearbyFragment: Transfer to ib9b: 3%
07-03 00:46:27.695 19800 19800 V NearbyFragment: Transfer to ib9b: 3%
07-03 00:46:27.696 19800 19800 V NearbyFragment: Transfer to ib9b: 4%
07-03 00:46:27.721 19800 19800 V NearbyFragment: Transfer to ib9b: 4%
07-03 00:46:27.746 19800 19800 V NearbyFragment: Transfer to ib9b: 5%
07-03 00:46:27.746 19800 19800 V NearbyFragment: Transfer to ib9b: 5%
07-03 00:46:27.771 19800 19800 V NearbyFragment: Transfer to ib9b: 5%
07-03 00:46:27.818 19800 19800 V NearbyFragment: Transfer to ib9b: 6%
07-03 00:46:27.823 19800 19800 V NearbyFragment: Transfer to ib9b: 6%
07-03 00:46:27.835 19800 19800 V NearbyFragment: Transfer to ib9b: 6%
07-03 00:46:27.841 19800 19800 V NearbyFragment: Transfer to ib9b: 7%
07-03 00:46:27.852 19800 20147 I mobile-ffmpeg: frame=  304 fps= 66 q=-0.0 size=N/A time=00:00:10.25 bitrate=N/A speed=2.24x    
07-03 00:46:27.856 19800 19800 V NearbyFragment: Transfer to ib9b: 7%
07-03 00:46:27.862 19800 19800 V NearbyFragment: Transfer to ib9b: 8%
07-03 00:46:27.864 19800 19800 V NearbyFragment: Transfer to ib9b: 8%
07-03 00:46:27.888 19800 19800 V NearbyFragment: Transfer to ib9b: 8%
07-03 00:46:27.961 19800 19800 V NearbyFragment: Transfer to ib9b: 9%
07-03 00:46:27.995 19800 19800 V NearbyFragment: Transfer to ib9b: 9%
07-03 00:46:28.025 19800 19800 V NearbyFragment: Transfer to ib9b: 10%
07-03 00:46:28.058 19800 19800 V NearbyFragment: Transfer to ib9b: 10%
07-03 00:46:28.065 19800 19800 V NearbyFragment: Transfer to ib9b: 10%
07-03 00:46:28.101 19800 19800 V NearbyFragment: Transfer to ib9b: 11%
07-03 00:46:28.118 19800 19800 V NearbyFragment: Transfer to ib9b: 11%
07-03 00:46:28.154 19800 19800 V NearbyFragment: Transfer to ib9b: 11%
07-03 00:46:28.165 19800 19800 V NearbyFragment: Transfer to ib9b: 12%
07-03 00:46:28.166 19800 19800 V NearbyFragment: Transfer to ib9b: 12%
07-03 00:46:28.225 19800 19800 V NearbyFragment: Transfer to ib9b: 13%
07-03 00:46:28.247 19800 19800 V NearbyFragment: Transfer to ib9b: 13%
07-03 00:46:28.248 19800 19800 V NearbyFragment: Transfer to ib9b: 13%
07-03 00:46:28.254 19800 19800 V NearbyFragment: Transfer to ib9b: 14%
07-03 00:46:28.268 19800 19800 V NearbyFragment: Transfer to ib9b: 14%
07-03 00:46:28.269 19800 19800 V NearbyFragment: Transfer to ib9b: 15%
07-03 00:46:28.292 19800 19800 V NearbyFragment: Transfer to ib9b: 15%
07-03 00:46:28.299 19800 19800 V NearbyFragment: Transfer to ib9b: 15%
07-03 00:46:28.300 19800 19800 V NearbyFragment: Transfer to ib9b: 16%
07-03 00:46:28.328 19800 19800 V NearbyFragment: Transfer to ib9b: 16%
07-03 00:46:28.342 19800 19800 V NearbyFragment: Transfer to ib9b: 16%
07-03 00:46:28.354 19800 20147 I mobile-ffmpeg: frame=  342 fps= 67 q=-0.0 size=N/A time=00:00:11.60 bitrate=N/A speed=2.28x    
07-03 00:46:28.375 19800 19800 V NearbyFragment: Transfer to ib9b: 17%
07-03 00:46:28.376 19800 19800 V NearbyFragment: Transfer to ib9b: 17%
07-03 00:46:28.382 19800 19800 V NearbyFragment: Transfer to ib9b: 18%
07-03 00:46:28.386 19800 19800 V NearbyFragment: Transfer to ib9b: 18%
07-03 00:46:28.398 19800 19800 V NearbyFragment: Transfer to ib9b: 18%
07-03 00:46:28.414 19800 19800 V NearbyFragment: Transfer to ib9b: 19%
07-03 00:46:28.426 19800 19800 V NearbyFragment: Transfer to ib9b: 19%
07-03 00:46:28.442 19800 19800 V NearbyFragment: Transfer to ib9b: 20%
07-03 00:46:28.451 19800 19800 V NearbyFragment: Transfer to ib9b: 20%
07-03 00:46:28.511 19800 19800 V NearbyFragment: Transfer to ib9b: 20%
07-03 00:46:28.519 19800 19800 V NearbyFragment: Transfer to ib9b: 21%
07-03 00:46:28.545 19800 19800 V NearbyFragment: Transfer to ib9b: 21%
07-03 00:46:28.557 19800 19800 V NearbyFragment: Transfer to ib9b: 21%
07-03 00:46:28.561 19800 19800 V NearbyFragment: Transfer to ib9b: 22%
07-03 00:46:28.564 19800 19800 V NearbyFragment: Transfer to ib9b: 22%
07-03 00:46:28.575 19800 19800 V NearbyFragment: Transfer to ib9b: 23%
07-03 00:46:28.577 19800 19800 V NearbyFragment: Transfer to ib9b: 23%
07-03 00:46:28.582 19800 19800 V NearbyFragment: Transfer to ib9b: 23%
07-03 00:46:28.591 19800 19800 V NearbyFragment: Transfer to ib9b: 24%
07-03 00:46:28.591 19800 20147 I mobile-ffmpeg: frame=  360 fps= 67 q=-0.0 Lsize=N/A time=00:00:12.01 bitrate=N/A speed=2.25x    
07-03 00:46:28.591 19800 20147 I mobile-ffmpeg: video:188kB audio:748kB subtitle:0kB other streams:0kB global headers:0kB muxing overhead: 
07-03 00:46:28.591 19800 20147 I mobile-ffmpeg: unknown
07-03 00:46:28.591 19800 20147 I mobile-ffmpeg: 
07-03 00:46:28.595 19800 19800 V NearbyFragment: Transfer to ib9b: 24%
07-03 00:46:28.596 19800 20210 D Summariser: No freeze file
07-03 00:46:28.596 19800 20210 W Summariser: Whole video is active
07-03 00:46:28.600 19800 19800 V NearbyFragment: Transfer to ib9b: 25%
07-03 00:46:28.606 19800 19800 V NearbyFragment: Transfer to ib9b: 25%
07-03 00:46:28.611 19800 19800 V NearbyFragment: Transfer to ib9b: 25%
07-03 00:46:28.612 19800 20135 V DownloadTestVideosTask: Starting DownloadTestVideosTask
07-03 00:46:28.615 19800 20135 V DashDownloadManager: Started downloading: 20200312_151044.mp4
07-03 00:46:28.623 19800 19800 V NearbyFragment: Transfer to ib9b: 26%
07-03 00:46:28.624 19800 19800 V NearbyFragment: Transfer to ib9b: 26%
07-03 00:46:28.629 19800 19800 V NearbyFragment: Transfer to ib9b: 27%
07-03 00:46:28.633 19800 19800 V NearbyFragment: Transfer to ib9b: 27%
07-03 00:46:28.642 19800 19800 V NearbyFragment: Transfer to ib9b: 27%
07-03 00:46:28.646 19800 19800 V NearbyFragment: Transfer to ib9b: 28%
07-03 00:46:28.650 19800 19800 V NearbyFragment: Transfer to ib9b: 28%
07-03 00:46:28.656 19800 19800 V NearbyFragment: Transfer to ib9b: 28%
07-03 00:46:28.659 19800 19800 V NearbyFragment: Transfer to ib9b: 29%
07-03 00:46:28.662 19800 19800 V NearbyFragment: Transfer to ib9b: 29%
07-03 00:46:28.665 19800 19800 V NearbyFragment: Transfer to ib9b: 30%
07-03 00:46:28.669 19800 19800 V NearbyFragment: Transfer to ib9b: 30%
07-03 00:46:28.672 19800 19800 V NearbyFragment: Transfer to ib9b: 30%
07-03 00:46:28.677 19800 19800 V NearbyFragment: Transfer to ib9b: 31%
07-03 00:46:28.681 19800 19800 V NearbyFragment: Transfer to ib9b: 31%
07-03 00:46:28.683 19800 19800 V NearbyFragment: Transfer to ib9b: 32%
07-03 00:46:28.687 19800 19800 V NearbyFragment: Transfer to ib9b: 32%
07-03 00:46:28.692 19800 19800 V NearbyFragment: Transfer to ib9b: 32%
07-03 00:46:28.696 19800 19800 V NearbyFragment: Transfer to ib9b: 33%
07-03 00:46:28.705 19800 19800 V NearbyFragment: Transfer to ib9b: 33%
07-03 00:46:28.709 19800 19800 V NearbyFragment: Transfer to ib9b: 33%
07-03 00:46:28.713 19800 19800 V NearbyFragment: Transfer to ib9b: 34%
07-03 00:46:28.716 19800 19800 V NearbyFragment: Transfer to ib9b: 34%
07-03 00:46:28.721 19800 19800 V NearbyFragment: Transfer to ib9b: 35%
07-03 00:46:28.724 19800 19800 V NearbyFragment: Transfer to ib9b: 35%
07-03 00:46:28.726 19800 19800 V NearbyFragment: Transfer to ib9b: 35%
07-03 00:46:28.729 19800 19800 V NearbyFragment: Transfer to ib9b: 36%
07-03 00:46:28.732 19800 19800 V NearbyFragment: Transfer to ib9b: 36%
07-03 00:46:28.736 19800 19800 V NearbyFragment: Transfer to ib9b: 37%
07-03 00:46:28.739 19800 19800 V NearbyFragment: Transfer to ib9b: 37%
07-03 00:46:28.742 19800 19800 V NearbyFragment: Transfer to ib9b: 37%
07-03 00:46:28.746 19800 19800 V NearbyFragment: Transfer to ib9b: 38%
07-03 00:46:28.749 19800 19800 V NearbyFragment: Transfer to ib9b: 38%
07-03 00:46:28.751 19800 19800 V NearbyFragment: Transfer to ib9b: 38%
07-03 00:46:28.755 19800 19800 V NearbyFragment: Transfer to ib9b: 39%
07-03 00:46:28.759 19800 19800 V NearbyFragment: Transfer to ib9b: 39%
07-03 00:46:28.762 19800 19800 V NearbyFragment: Transfer to ib9b: 40%
07-03 00:46:28.765 19800 19800 V NearbyFragment: Transfer to ib9b: 40%
07-03 00:46:28.768 19800 19800 V NearbyFragment: Transfer to ib9b: 40%
07-03 00:46:28.772 19800 19800 V NearbyFragment: Transfer to ib9b: 41%
07-03 00:46:28.775 19800 19800 V NearbyFragment: Transfer to ib9b: 41%
07-03 00:46:28.778 19800 19800 V NearbyFragment: Transfer to ib9b: 42%
07-03 00:46:28.782 19800 19800 V NearbyFragment: Transfer to ib9b: 42%
07-03 00:46:28.784 19800 19800 V NearbyFragment: Transfer to ib9b: 42%
07-03 00:46:28.789 19800 19800 V NearbyFragment: Transfer to ib9b: 43%
07-03 00:46:28.790 19800 19800 V NearbyFragment: Transfer to ib9b: 43%
07-03 00:46:28.793 19800 19800 V NearbyFragment: Transfer to ib9b: 43%
07-03 00:46:28.797 19800 19800 V NearbyFragment: Transfer to ib9b: 44%
07-03 00:46:28.799 19800 19800 V NearbyFragment: Transfer to ib9b: 44%
07-03 00:46:28.804 19800 19800 V NearbyFragment: Transfer to ib9b: 45%
07-03 00:46:28.809 19800 19800 V NearbyFragment: Transfer to ib9b: 45%
07-03 00:46:28.810 19800 19800 V NearbyFragment: Transfer to ib9b: 45%
07-03 00:46:28.813 19800 19800 V NearbyFragment: Transfer to ib9b: 46%
07-03 00:46:28.818 19800 19800 V NearbyFragment: Transfer to ib9b: 46%
07-03 00:46:28.821 19800 19800 V NearbyFragment: Transfer to ib9b: 47%
07-03 00:46:28.824 19800 19800 V NearbyFragment: Transfer to ib9b: 47%
07-03 00:46:28.828 19800 19800 V NearbyFragment: Transfer to ib9b: 47%
07-03 00:46:28.831 19800 19800 V NearbyFragment: Transfer to ib9b: 48%
07-03 00:46:28.835 19800 19800 V NearbyFragment: Transfer to ib9b: 48%
07-03 00:46:28.840 19800 19800 V NearbyFragment: Transfer to ib9b: 49%
07-03 00:46:28.843 19800 19800 V NearbyFragment: Transfer to ib9b: 49%
07-03 00:46:28.847 19800 19800 V NearbyFragment: Transfer to ib9b: 49%
07-03 00:46:28.852 19800 19800 V NearbyFragment: Transfer to ib9b: 50%
07-03 00:46:28.860 19800 19800 V NearbyFragment: Transfer to ib9b: 50%
07-03 00:46:28.864 19800 19800 V NearbyFragment: Transfer to ib9b: 50%
07-03 00:46:28.868 19800 19800 V NearbyFragment: Transfer to ib9b: 51%
07-03 00:46:28.872 19800 19800 V NearbyFragment: Transfer to ib9b: 51%
07-03 00:46:28.876 19800 19800 V NearbyFragment: Transfer to ib9b: 52%
07-03 00:46:28.880 19800 19800 V NearbyFragment: Transfer to ib9b: 52%
07-03 00:46:28.884 19800 19800 V NearbyFragment: Transfer to ib9b: 52%
07-03 00:46:28.888 19800 19800 V NearbyFragment: Transfer to ib9b: 53%
07-03 00:46:28.893 19800 19800 V NearbyFragment: Transfer to ib9b: 53%
07-03 00:46:28.898 19800 19800 V NearbyFragment: Transfer to ib9b: 54%
07-03 00:46:28.903 19800 19800 V NearbyFragment: Transfer to ib9b: 54%
07-03 00:46:28.908 19800 19800 V NearbyFragment: Transfer to ib9b: 54%
07-03 00:46:28.911 19800 19800 V NearbyFragment: Transfer to ib9b: 55%
07-03 00:46:28.914 19800 19800 V NearbyFragment: Transfer to ib9b: 55%
07-03 00:46:28.918 19800 19800 V NearbyFragment: Transfer to ib9b: 55%
07-03 00:46:28.922 19800 19800 V NearbyFragment: Transfer to ib9b: 56%
07-03 00:46:28.927 19800 19800 V NearbyFragment: Transfer to ib9b: 56%
07-03 00:46:28.932 19800 19800 V NearbyFragment: Transfer to ib9b: 57%
07-03 00:46:28.935 19800 19800 V NearbyFragment: Transfer to ib9b: 57%
07-03 00:46:28.940 19800 19800 V NearbyFragment: Transfer to ib9b: 57%
07-03 00:46:28.944 19800 19800 V NearbyFragment: Transfer to ib9b: 58%
07-03 00:46:28.948 19800 19800 V NearbyFragment: Transfer to ib9b: 58%
07-03 00:46:28.953 19800 19800 V NearbyFragment: Transfer to ib9b: 59%
07-03 00:46:28.956 19800 19800 V NearbyFragment: Transfer to ib9b: 59%
07-03 00:46:28.969 19800 19800 V NearbyFragment: Transfer to ib9b: 59%
07-03 00:46:28.974 19800 19800 V NearbyFragment: Transfer to ib9b: 60%
07-03 00:46:28.979 19800 19800 V NearbyFragment: Transfer to ib9b: 60%
07-03 00:46:28.983 19800 19800 V NearbyFragment: Transfer to ib9b: 60%
07-03 00:46:28.988 19800 19800 V NearbyFragment: Transfer to ib9b: 61%
07-03 00:46:28.989 19800 19800 V NearbyFragment: Transfer to ib9b: 61%
07-03 00:46:28.992 19800 19800 V NearbyFragment: Transfer to ib9b: 62%
07-03 00:46:28.995 19800 19800 V NearbyFragment: Transfer to ib9b: 62%
07-03 00:46:28.999 19800 19800 V NearbyFragment: Transfer to ib9b: 62%
07-03 00:46:29.001 19800 19800 V NearbyFragment: Transfer to ib9b: 63%
07-03 00:46:29.220 19800 20147 I mobile-ffmpeg: Input #0, mov,mp4,m4a,3gp,3g2,mj2, from '/storage/emulated/0/Movies/segment/20200312_150844/20200312_150844!003.mp4':
07-03 00:46:29.220 19800 20147 I mobile-ffmpeg:   Metadata:
07-03 00:46:29.220 19800 20147 I mobile-ffmpeg:     major_brand     : 
07-03 00:46:29.220 19800 20147 I mobile-ffmpeg: isom
07-03 00:46:29.220 19800 20147 I mobile-ffmpeg: 
07-03 00:46:29.220 19800 20147 I mobile-ffmpeg:     minor_version   : 
07-03 00:46:29.220 19800 20147 I mobile-ffmpeg: 512
07-03 00:46:29.220 19800 20147 I mobile-ffmpeg: 
07-03 00:46:29.220 19800 20147 I mobile-ffmpeg:     compatible_brands: 
07-03 00:46:29.220 19800 20147 I mobile-ffmpeg: isomiso2avc1mp41
07-03 00:46:29.220 19800 20147 I mobile-ffmpeg: 
07-03 00:46:29.220 19800 20147 I mobile-ffmpeg:     encoder         : 
07-03 00:46:29.220 19800 20147 I mobile-ffmpeg: Lavf58.42.100
07-03 00:46:29.221 19800 20147 I mobile-ffmpeg: 
07-03 00:46:29.221 19800 20147 I mobile-ffmpeg:   Duration: 
07-03 00:46:29.221 19800 20147 I mobile-ffmpeg: 00:00:11.98
07-03 00:46:29.221 19800 20147 I mobile-ffmpeg: , start: 
07-03 00:46:29.221 19800 20147 I mobile-ffmpeg: 0.000000
07-03 00:46:29.221 19800 20147 I mobile-ffmpeg: , bitrate: 
07-03 00:46:29.221 19800 20147 I mobile-ffmpeg: 8435 kb/s
07-03 00:46:29.221 19800 20147 I mobile-ffmpeg: 
07-03 00:46:29.221 19800 20147 I mobile-ffmpeg:     Stream #0:0
07-03 00:46:29.221 19800 20147 I mobile-ffmpeg: (eng)
07-03 00:46:29.221 19800 20147 I mobile-ffmpeg: : Video: h264 (avc1 / 0x31637661), yuvj420p(pc, bt709), 1280x720, 8382 kb/s
07-03 00:46:29.221 19800 20147 I mobile-ffmpeg: , 
07-03 00:46:29.221 19800 20147 I mobile-ffmpeg: 30.06 fps, 
07-03 00:46:29.221 19800 20147 I mobile-ffmpeg: 29.97 tbr, 
07-03 00:46:29.221 19800 20147 I mobile-ffmpeg: 16k tbn, 
07-03 00:46:29.221 19800 20147 I mobile-ffmpeg: 32k tbc
07-03 00:46:29.221 19800 20147 I mobile-ffmpeg:  (default)
07-03 00:46:29.221 19800 20147 I mobile-ffmpeg: 
07-03 00:46:29.221 19800 20147 I mobile-ffmpeg:     Metadata:
07-03 00:46:29.221 19800 20147 I mobile-ffmpeg:       handler_name    : 
07-03 00:46:29.221 19800 20147 I mobile-ffmpeg: PittaSoft Video Media Handler
07-03 00:46:29.221 19800 20147 I mobile-ffmpeg: 
07-03 00:46:29.221 19800 20147 I mobile-ffmpeg:     Stream #0:1
07-03 00:46:29.221 19800 20147 I mobile-ffmpeg: (eng)
07-03 00:46:29.221 19800 20147 I mobile-ffmpeg: : Audio: aac (mp4a / 0x6134706D), 16000 Hz, stereo, fltp, 47 kb/s
07-03 00:46:29.221 19800 20147 I mobile-ffmpeg:  (default)
07-03 00:46:29.221 19800 20147 I mobile-ffmpeg: 
07-03 00:46:29.221 19800 20147 I mobile-ffmpeg:     Metadata:
07-03 00:46:29.222 19800 20147 I mobile-ffmpeg:       handler_name    : 
07-03 00:46:29.222 19800 20147 I mobile-ffmpeg: PittaSoft Sound Media Handler
07-03 00:46:29.222 19800 20147 I mobile-ffmpeg: 
07-03 00:46:29.242 19800 19805 I zygote64: Do partial code cache collection, code=249KB, data=161KB
07-03 00:46:29.243 19800 19805 I zygote64: After code cache collection, code=249KB, data=161KB
07-03 00:46:29.243 19800 19805 I zygote64: Increasing code cache capacity to 1024KB
07-03 00:46:29.250 19800 19800 V NearbyFragment: Transfer to ib9b: 63%
07-03 00:46:29.255 19800 19800 V NearbyFragment: Transfer to ib9b: 64%
07-03 00:46:29.258 19800 19800 V NearbyFragment: Transfer to ib9b: 64%
07-03 00:46:29.265 19800 19800 V NearbyFragment: Transfer to ib9b: 64%
07-03 00:46:29.268 19800 19800 V NearbyFragment: Transfer to ib9b: 65%
07-03 00:46:29.271 19800 19800 V NearbyFragment: Transfer to ib9b: 65%
07-03 00:46:29.274 19800 19800 V NearbyFragment: Transfer to ib9b: 65%
07-03 00:46:29.278 19800 19800 V NearbyFragment: Transfer to ib9b: 66%
07-03 00:46:29.280 19800 19800 V NearbyFragment: Transfer to ib9b: 66%
07-03 00:46:29.283 19800 19800 V NearbyFragment: Transfer to ib9b: 67%
07-03 00:46:29.286 19800 19800 V NearbyFragment: Transfer to ib9b: 67%
07-03 00:46:29.289 19800 19800 V NearbyFragment: Transfer to ib9b: 67%
07-03 00:46:29.295 19800 19800 V NearbyFragment: Transfer to ib9b: 68%
07-03 00:46:29.298 19800 19800 V NearbyFragment: Transfer to ib9b: 68%
07-03 00:46:29.299 19800 19800 V NearbyFragment: Transfer to ib9b: 69%
07-03 00:46:29.303 19800 19800 V NearbyFragment: Transfer to ib9b: 69%
07-03 00:46:29.306 19800 20147 I mobile-ffmpeg: Input #0, mov,mp4,m4a,3gp,3g2,mj2, from '/storage/emulated/0/Movies/segment-sum/20200312_150844/20200312_150844!003.mp4':
07-03 00:46:29.306 19800 20147 I mobile-ffmpeg:   Metadata:
07-03 00:46:29.306 19800 20147 I mobile-ffmpeg:     major_brand     : 
07-03 00:46:29.306 19800 20147 I mobile-ffmpeg: isom
07-03 00:46:29.306 19800 20147 I mobile-ffmpeg: 
07-03 00:46:29.306 19800 20147 I mobile-ffmpeg:     minor_version   : 
07-03 00:46:29.306 19800 20147 I mobile-ffmpeg: 512
07-03 00:46:29.306 19800 20147 I mobile-ffmpeg: 
07-03 00:46:29.306 19800 20147 I mobile-ffmpeg:     compatible_brands: 
07-03 00:46:29.306 19800 20147 I mobile-ffmpeg: isomiso2avc1mp41
07-03 00:46:29.306 19800 20147 I mobile-ffmpeg: 
07-03 00:46:29.306 19800 20147 I mobile-ffmpeg:     encoder         : 
07-03 00:46:29.306 19800 20147 I mobile-ffmpeg: Lavf58.42.100
07-03 00:46:29.306 19800 20147 I mobile-ffmpeg: 
07-03 00:46:29.306 19800 20147 I mobile-ffmpeg:   Duration: 
07-03 00:46:29.306 19800 20147 I mobile-ffmpeg: 00:00:11.98
07-03 00:46:29.307 19800 20147 I mobile-ffmpeg: , start: 
07-03 00:46:29.307 19800 20147 I mobile-ffmpeg: 0.000000
07-03 00:46:29.307 19800 20147 I mobile-ffmpeg: , bitrate: 
07-03 00:46:29.307 19800 20147 I mobile-ffmpeg: 8435 kb/s
07-03 00:46:29.307 19800 20147 I mobile-ffmpeg: 
07-03 00:46:29.307 19800 20147 I mobile-ffmpeg:     Stream #0:0
07-03 00:46:29.307 19800 20147 I mobile-ffmpeg: (eng)
07-03 00:46:29.307 19800 20147 I mobile-ffmpeg: : Video: h264 (avc1 / 0x31637661), yuvj420p(pc, bt709), 1280x720, 8382 kb/s
07-03 00:46:29.307 19800 20147 I mobile-ffmpeg: , 
07-03 00:46:29.307 19800 20147 I mobile-ffmpeg: 30.06 fps, 
07-03 00:46:29.307 19800 20147 I mobile-ffmpeg: 29.97 tbr, 
07-03 00:46:29.307 19800 20147 I mobile-ffmpeg: 16k tbn, 
07-03 00:46:29.307 19800 20147 I mobile-ffmpeg: 32k tbc
07-03 00:46:29.307 19800 19800 V NearbyFragment: Transfer to ib9b: 69%
07-03 00:46:29.308 19800 20147 I mobile-ffmpeg:  (default)
07-03 00:46:29.308 19800 20147 I mobile-ffmpeg: 
07-03 00:46:29.308 19800 20147 I mobile-ffmpeg:     Metadata:
07-03 00:46:29.308 19800 20147 I mobile-ffmpeg:       handler_name    : 
07-03 00:46:29.308 19800 20147 I mobile-ffmpeg: PittaSoft Video Media Handler
07-03 00:46:29.308 19800 20147 I mobile-ffmpeg: 
07-03 00:46:29.308 19800 20147 I mobile-ffmpeg:     Stream #0:1
07-03 00:46:29.308 19800 20147 I mobile-ffmpeg: (eng)
07-03 00:46:29.308 19800 20147 I mobile-ffmpeg: : Audio: aac (mp4a / 0x6134706D), 16000 Hz, stereo, fltp, 47 kb/s
07-03 00:46:29.308 19800 20147 I mobile-ffmpeg:  (default)
07-03 00:46:29.308 19800 20147 I mobile-ffmpeg: 
07-03 00:46:29.308 19800 20147 I mobile-ffmpeg:     Metadata:
07-03 00:46:29.308 19800 20147 I mobile-ffmpeg:       handler_name    : 
07-03 00:46:29.308 19800 20147 I mobile-ffmpeg: PittaSoft Sound Media Handler
07-03 00:46:29.308 19800 20147 I mobile-ffmpeg: 
07-03 00:46:29.312 19800 19800 V NearbyFragment: Transfer to ib9b: 70%
07-03 00:46:29.314 19800 19800 V NearbyFragment: Transfer to ib9b: 70%
07-03 00:46:29.319 19800 19800 V NearbyFragment: Transfer to ib9b: 71%
07-03 00:46:29.322 19800 19800 V NearbyFragment: Transfer to ib9b: 71%
07-03 00:46:29.325 19800 20210 W Summariser: Summarisation completed
07-03 00:46:29.325 19800 20210 W Summariser:   filename: 20200312_150844!003.mp4
07-03 00:46:29.325 19800 20210 W Summariser:   active sections: -1
07-03 00:46:29.325 19800 20210 W Summariser:   time: 05.977s
07-03 00:46:29.325 19800 20210 W Summariser:   original duration: 11.98
07-03 00:46:29.325 19800 20210 W Summariser:   summarised duration: 11.98
07-03 00:46:29.325 19800 20210 W Summariser:   noise tolerance: 45.00
07-03 00:46:29.325 19800 20210 W Summariser:   quality: 23
07-03 00:46:29.325 19800 20210 W Summariser:   speed: medium
07-03 00:46:29.325 19800 20210 W Summariser:   freeze duration: 1.00
07-03 00:46:29.325 19800 20210 V VideoManager: Retrieving video from /storage/emulated/0/Movies/segment-sum/20200312_150844/20200312_150844!003.mp4
07-03 00:46:29.328 19800 19800 V NearbyFragment: Transfer to ib9b: 71%
07-03 00:46:29.330 19800 19800 V NearbyFragment: Transfer to ib9b: 72%
07-03 00:46:29.335 19800 20210 D VideoManager: videoCursor is null
07-03 00:46:29.341 19800 19800 V NearbyFragment: Transfer to ib9b: 72%
07-03 00:46:29.346 19800 19800 V NearbyFragment: Transfer to ib9b: 72%
07-03 00:46:29.350 19800 19800 V NearbyFragment: Transfer to ib9b: 73%
07-03 00:46:29.355 19800 19800 V NearbyFragment: Transfer to ib9b: 73%
07-03 00:46:29.357 19800 20210 V VideoManager: videoFromCursor
07-03 00:46:29.359 19800 19800 V NearbyFragment: Transfer to ib9b: 74%
07-03 00:46:29.360 19800 20210 D NearbyFragment: Received all summarised video segments of 20200312_150844
07-03 00:46:29.363 19800 19800 V NearbyFragment: Transfer to ib9b: 74%
07-03 00:46:29.365 19800 19800 V NearbyFragment: Transfer to ib9b: 74%
07-03 00:46:29.366 19800 20210 V FileManager: External storage is readable
07-03 00:46:29.366 19800 20210 V FileManager: Directory already exists: /storage/emulated/0/Movies/segment-sum/20200312_150844
07-03 00:46:29.368 19800 20210 D FfmpegTools: Merging /storage/emulated/0/Movies/summarised/20200312_150844.mp4
07-03 00:46:29.373 19800 20210 V FileManager: External storage is readable
07-03 00:46:29.374 19800 20210 V FileManager: Directory already exists: /storage/emulated/0/Movies/segment/20200312_150844
07-03 00:46:29.376 19800 19800 V NearbyFragment: Transfer to ib9b: 75%
07-03 00:46:29.379 19800 20210 I FfmpegTools: Running ffmpeg with:
07-03 00:46:29.379 19800 20210 I FfmpegTools:   -y -f concat -safe 0 -i /storage/emulated/0/Movies/segment/20200312_150844/paths.txt -c copy /storage/emulated/0/Movies/summarised/20200312_150844.mp4
07-03 00:46:29.379 19800 19800 V NearbyFragment: Transfer to ib9b: 75%
07-03 00:46:29.451 19800 20147 I mobile-ffmpeg: [mov,mp4,m4a,3gp,3g2,mj2 @ 0x7c5bdd8c00] Auto-inserting h264_mp4toannexb bitstream filter
07-03 00:46:29.515 19800 20147 I mobile-ffmpeg: Input #0, concat, from '/storage/emulated/0/Movies/segment/20200312_150844/paths.txt':
07-03 00:46:29.515 19800 20147 I mobile-ffmpeg:   Duration: 
07-03 00:46:29.515 19800 20147 I mobile-ffmpeg: N/A
07-03 00:46:29.515 19800 20147 I mobile-ffmpeg: , start: 
07-03 00:46:29.515 19800 20147 I mobile-ffmpeg: 0.000000
07-03 00:46:29.515 19800 20147 I mobile-ffmpeg: , bitrate: 
07-03 00:46:29.516 19800 20147 I mobile-ffmpeg: 8413 kb/s
07-03 00:46:29.516 19800 20147 I mobile-ffmpeg: 
07-03 00:46:29.516 19800 20147 I mobile-ffmpeg:     Stream #0:0
07-03 00:46:29.516 19800 20147 I mobile-ffmpeg: (eng)
07-03 00:46:29.516 19800 20147 I mobile-ffmpeg: : Video: h264 (avc1 / 0x31637661), yuvj420p(pc, bt709), 1280x720, 8366 kb/s
07-03 00:46:29.516 19800 20147 I mobile-ffmpeg: , 
07-03 00:46:29.516 19800 20147 I mobile-ffmpeg: 29.97 fps, 
07-03 00:46:29.516 19800 20147 I mobile-ffmpeg: 29.97 tbr, 
07-03 00:46:29.516 19800 20147 I mobile-ffmpeg: 16k tbn, 
07-03 00:46:29.516 19800 20147 I mobile-ffmpeg: 32k tbc
07-03 00:46:29.516 19800 20147 I mobile-ffmpeg: 
07-03 00:46:29.516 19800 20147 I mobile-ffmpeg:     Metadata:
07-03 00:46:29.516 19800 20147 I mobile-ffmpeg:       handler_name    : 
07-03 00:46:29.516 19800 20147 I mobile-ffmpeg: PittaSoft Video Media Handler
07-03 00:46:29.516 19800 20147 I mobile-ffmpeg: 
07-03 00:46:29.516 19800 20147 I mobile-ffmpeg:     Stream #0:1
07-03 00:46:29.516 19800 20147 I mobile-ffmpeg: (eng)
07-03 00:46:29.516 19800 20147 I mobile-ffmpeg: : Audio: aac (mp4a / 0x6134706D), 16000 Hz, stereo, fltp, 47 kb/s
07-03 00:46:29.516 19800 20147 I mobile-ffmpeg: 
07-03 00:46:29.516 19800 20147 I mobile-ffmpeg:     Metadata:
07-03 00:46:29.516 19800 20147 I mobile-ffmpeg:       handler_name    : 
07-03 00:46:29.516 19800 20147 I mobile-ffmpeg: PittaSoft Sound Media Handler
07-03 00:46:29.516 19800 20147 I mobile-ffmpeg: 
07-03 00:46:29.520 19800 20147 I mobile-ffmpeg: Output #0, mp4, to '/storage/emulated/0/Movies/summarised/20200312_150844.mp4':
07-03 00:46:29.520 19800 20147 I mobile-ffmpeg:   Metadata:
07-03 00:46:29.520 19800 20147 I mobile-ffmpeg:     encoder         : 
07-03 00:46:29.520 19800 20147 I mobile-ffmpeg: Lavf58.42.100
07-03 00:46:29.520 19800 20147 I mobile-ffmpeg: 
07-03 00:46:29.520 19800 20147 I mobile-ffmpeg:     Stream #0:0
07-03 00:46:29.520 19800 20147 I mobile-ffmpeg: (eng)
07-03 00:46:29.520 19800 20147 I mobile-ffmpeg: : Video: h264 (avc1 / 0x31637661), yuvj420p(pc, bt709), 1280x720, q=2-31, 8366 kb/s
07-03 00:46:29.520 19800 20147 I mobile-ffmpeg: , 
07-03 00:46:29.520 19800 20147 I mobile-ffmpeg: 29.97 fps, 
07-03 00:46:29.520 19800 20147 I mobile-ffmpeg: 29.97 tbr, 
07-03 00:46:29.520 19800 20147 I mobile-ffmpeg: 16k tbn, 
07-03 00:46:29.520 19800 20147 I mobile-ffmpeg: 16k tbc
07-03 00:46:29.520 19800 20147 I mobile-ffmpeg: 
07-03 00:46:29.520 19800 20147 I mobile-ffmpeg:     Metadata:
07-03 00:46:29.520 19800 20147 I mobile-ffmpeg:       handler_name    : 
07-03 00:46:29.520 19800 20147 I mobile-ffmpeg: PittaSoft Video Media Handler
07-03 00:46:29.521 19800 20147 I mobile-ffmpeg: 
07-03 00:46:29.521 19800 20147 I mobile-ffmpeg:     Stream #0:1
07-03 00:46:29.521 19800 20147 I mobile-ffmpeg: (eng)
07-03 00:46:29.521 19800 20147 I mobile-ffmpeg: : Audio: aac (mp4a / 0x6134706D), 16000 Hz, stereo, fltp, 47 kb/s
07-03 00:46:29.521 19800 20147 I mobile-ffmpeg: 
07-03 00:46:29.521 19800 20147 I mobile-ffmpeg:     Metadata:
07-03 00:46:29.521 19800 20147 I mobile-ffmpeg:       handler_name    : 
07-03 00:46:29.521 19800 20147 I mobile-ffmpeg: PittaSoft Sound Media Handler
07-03 00:46:29.521 19800 20147 I mobile-ffmpeg: 
07-03 00:46:29.521 19800 20147 I mobile-ffmpeg: Stream mapping:
07-03 00:46:29.521 19800 20147 I mobile-ffmpeg:   Stream #0:0 -> #0:0
07-03 00:46:29.521 19800 20147 I mobile-ffmpeg:  (copy)
07-03 00:46:29.521 19800 20147 I mobile-ffmpeg: 
07-03 00:46:29.521 19800 20147 I mobile-ffmpeg:   Stream #0:1 -> #0:1
07-03 00:46:29.521 19800 20147 I mobile-ffmpeg:  (copy)
07-03 00:46:29.521 19800 20147 I mobile-ffmpeg: 
07-03 00:46:29.521 19800 20147 I mobile-ffmpeg: Press [q] to stop, [?] for help
07-03 00:46:29.521 19800 20147 I mobile-ffmpeg: frame=    1 fps=0.0 q=-1.0 size=       0kB time=00:00:00.00 bitrate=6095.2kbits/s speed=31.5x    
07-03 00:46:29.595 19800 19800 V NearbyFragment: Transfer to ib9b: 76%
07-03 00:46:29.600 19800 19800 V NearbyFragment: Transfer to ib9b: 76%
07-03 00:46:29.603 19800 19800 V NearbyFragment: Transfer to ib9b: 76%
07-03 00:46:29.607 19800 19800 V NearbyFragment: Transfer to ib9b: 77%
07-03 00:46:29.610 19800 19800 V NearbyFragment: Transfer to ib9b: 77%
07-03 00:46:29.614 19800 19800 V NearbyFragment: Transfer to ib9b: 77%
07-03 00:46:29.620 19800 19800 V NearbyFragment: Transfer to ib9b: 78%
07-03 00:46:29.626 19800 19800 V NearbyFragment: Transfer to ib9b: 78%
07-03 00:46:29.632 19800 19800 V NearbyFragment: Transfer to ib9b: 79%
07-03 00:46:29.637 19800 19800 V NearbyFragment: Transfer to ib9b: 79%
07-03 00:46:29.643 19800 19800 V NearbyFragment: Transfer to ib9b: 79%
07-03 00:46:29.648 19800 19800 V NearbyFragment: Transfer to ib9b: 80%
07-03 00:46:29.651 19800 19800 V NearbyFragment: Transfer to ib9b: 80%
07-03 00:46:29.654 19800 19800 V NearbyFragment: Transfer to ib9b: 81%
07-03 00:46:29.660 19800 19800 V NearbyFragment: Transfer to ib9b: 81%
07-03 00:46:29.665 19800 19800 V NearbyFragment: Transfer to ib9b: 81%
07-03 00:46:29.669 19800 19800 V NearbyFragment: Transfer to ib9b: 82%
07-03 00:46:29.671 19800 19800 V NearbyFragment: Transfer to ib9b: 82%
07-03 00:46:29.674 19800 19800 V NearbyFragment: Transfer to ib9b: 82%
07-03 00:46:29.685 19800 19800 V NearbyFragment: Transfer to ib9b: 83%
07-03 00:46:29.689 19800 19800 V NearbyFragment: Transfer to ib9b: 83%
07-03 00:46:29.698 19800 19800 V NearbyFragment: Transfer to ib9b: 84%
07-03 00:46:29.699 19800 19800 V NearbyFragment: Transfer to ib9b: 84%
07-03 00:46:29.705 19800 19800 V NearbyFragment: Transfer to ib9b: 84%
07-03 00:46:29.711 19800 19800 V NearbyFragment: Transfer to ib9b: 85%
07-03 00:46:29.718 19800 19800 V NearbyFragment: Transfer to ib9b: 85%
07-03 00:46:29.725 19800 19800 V NearbyFragment: Transfer to ib9b: 86%
07-03 00:46:29.731 19800 19800 V NearbyFragment: Transfer to ib9b: 86%
07-03 00:46:29.738 19800 19800 V NearbyFragment: Transfer to ib9b: 86%
07-03 00:46:29.846 19800 20147 I mobile-ffmpeg: [mov,mp4,m4a,3gp,3g2,mj2 @ 0x7c5bdd8c00] Auto-inserting h264_mp4toannexb bitstream filter
07-03 00:46:29.989 19800 19800 V NearbyFragment: Transfer to ib9b: 87%
07-03 00:46:29.996 19800 19800 V NearbyFragment: Transfer to ib9b: 87%
07-03 00:46:30.008 19800 19800 V NearbyFragment: Transfer to ib9b: 87%
07-03 00:46:30.019 19800 19800 V NearbyFragment: Transfer to ib9b: 88%
07-03 00:46:30.023 19800 20147 I mobile-ffmpeg: frame=  948 fps=0.0 q=-1.0 size=   32512kB time=00:00:31.64 bitrate=8417.0kbits/s speed=63.1x    
07-03 00:46:30.027 19800 19800 V NearbyFragment: Transfer to ib9b: 88%
07-03 00:46:30.030 19800 19800 V NearbyFragment: Transfer to ib9b: 89%
07-03 00:46:30.032 19800 19800 V NearbyFragment: Transfer to ib9b: 89%
07-03 00:46:30.038 19800 19800 V NearbyFragment: Transfer to ib9b: 89%
07-03 00:46:30.039 19800 19800 V NearbyFragment: Transfer to ib9b: 90%
07-03 00:46:30.042 19800 19800 V NearbyFragment: Transfer to ib9b: 90%
07-03 00:46:30.059 19800 19800 V NearbyFragment: Transfer to ib9b: 91%
07-03 00:46:30.060 19800 19800 V NearbyFragment: Transfer to ib9b: 91%
07-03 00:46:30.060 19800 19800 V NearbyFragment: Transfer to ib9b: 91%
07-03 00:46:30.064 19800 19800 V NearbyFragment: Transfer to ib9b: 92%
07-03 00:46:30.073 19800 19800 V NearbyFragment: Transfer to ib9b: 92%
07-03 00:46:30.073 19800 19800 V NearbyFragment: Transfer to ib9b: 92%
07-03 00:46:30.073 19800 19800 V NearbyFragment: Transfer to ib9b: 93%
07-03 00:46:30.078 19800 19800 V NearbyFragment: Transfer to ib9b: 93%
07-03 00:46:30.086 19800 19800 V NearbyFragment: Transfer to ib9b: 94%
07-03 00:46:30.087 19800 19800 V NearbyFragment: Transfer to ib9b: 94%
07-03 00:46:30.098 19800 19800 V NearbyFragment: Transfer to ib9b: 94%
07-03 00:46:30.099 19800 19800 V NearbyFragment: Transfer to ib9b: 95%
07-03 00:46:30.099 19800 19800 V NearbyFragment: Transfer to ib9b: 95%
07-03 00:46:30.100 19800 19800 V NearbyFragment: Transfer to ib9b: 96%
07-03 00:46:30.104 19800 19800 V NearbyFragment: Transfer to ib9b: 96%
07-03 00:46:30.108 19800 19800 V NearbyFragment: Transfer to ib9b: 96%
07-03 00:46:30.112 19800 19800 V NearbyFragment: Transfer to ib9b: 97%
07-03 00:46:30.121 19800 19800 V NearbyFragment: Transfer to ib9b: 97%
07-03 00:46:30.128 19800 19800 V NearbyFragment: Transfer to ib9b: 98%
07-03 00:46:30.132 19800 19800 V NearbyFragment: Transfer to ib9b: 98%
07-03 00:46:30.138 19800 19800 V NearbyFragment: Transfer to ib9b: 98%
07-03 00:46:30.142 19800 19800 V NearbyFragment: Transfer to ib9b: 99%
07-03 00:46:30.148 19800 19800 V NearbyFragment: Transfer to ib9b: 99%
07-03 00:46:30.151 19800 19800 V NearbyFragment: Transfer to ib9b: 99%
07-03 00:46:30.156 19800 19800 V NearbyFragment: Transfer to ib9b: 100%
07-03 00:46:30.157 19800 19800 V NearbyFragment: Transfer to ib9b: 100%
07-03 00:46:30.162 19800 20147 I mobile-ffmpeg: [mov,mp4,m4a,3gp,3g2,mj2 @ 0x7c5bdd8c00] Auto-inserting h264_mp4toannexb bitstream filter
07-03 00:46:30.388 19800 20147 I mobile-ffmpeg: [mov,mp4,m4a,3gp,3g2,mj2 @ 0x7c5bdd8c00] Auto-inserting h264_mp4toannexb bitstream filter
07-03 00:46:30.523 19800 20147 I mobile-ffmpeg: frame= 1793 fps=1789 q=-1.0 size=   61440kB time=00:00:59.83 bitrate=8411.7kbits/s speed=59.7x    
07-03 00:46:30.528 19800 20147 I mobile-ffmpeg: frame= 1800 fps=1787 q=-1.0 Lsize=   61804kB time=00:01:00.06 bitrate=8428.8kbits/s speed=59.6x    
07-03 00:46:30.528 19800 20147 I mobile-ffmpeg: video:61425kB audio:345kB subtitle:0kB other streams:0kB global headers:0kB muxing overhead: 
07-03 00:46:30.528 19800 20147 I mobile-ffmpeg: 0.053992%
07-03 00:46:30.528 19800 20147 I mobile-ffmpeg: 
07-03 00:46:30.595 19800 20147 I mobile-ffmpeg: Input #0, mov,mp4,m4a,3gp,3g2,mj2, from '/storage/emulated/0/Movies/summarised/20200312_150844.mp4':
07-03 00:46:30.595 19800 20147 I mobile-ffmpeg:   Metadata:
07-03 00:46:30.595 19800 20147 I mobile-ffmpeg:     major_brand     : 
07-03 00:46:30.595 19800 20147 I mobile-ffmpeg: isom
07-03 00:46:30.595 19800 20147 I mobile-ffmpeg: 
07-03 00:46:30.595 19800 20147 I mobile-ffmpeg:     minor_version   : 
07-03 00:46:30.595 19800 20147 I mobile-ffmpeg: 512
07-03 00:46:30.595 19800 20147 I mobile-ffmpeg: 
07-03 00:46:30.595 19800 20147 I mobile-ffmpeg:     compatible_brands: 
07-03 00:46:30.595 19800 20147 I mobile-ffmpeg: isomiso2avc1mp41
07-03 00:46:30.595 19800 20147 I mobile-ffmpeg: 
07-03 00:46:30.595 19800 20147 I mobile-ffmpeg:     encoder         : 
07-03 00:46:30.595 19800 20147 I mobile-ffmpeg: Lavf58.42.100
07-03 00:46:30.596 19800 20147 I mobile-ffmpeg: 
07-03 00:46:30.596 19800 20147 I mobile-ffmpeg:   Duration: 
07-03 00:46:30.596 19800 20147 I mobile-ffmpeg: 00:01:00.08
07-03 00:46:30.596 19800 20147 I mobile-ffmpeg: , start: 
07-03 00:46:30.596 19800 20147 I mobile-ffmpeg: 0.000000
07-03 00:46:30.596 19800 20147 I mobile-ffmpeg: , bitrate: 
07-03 00:46:30.596 19800 20147 I mobile-ffmpeg: 8427 kb/s
07-03 00:46:30.596 19800 20147 I mobile-ffmpeg: 
07-03 00:46:30.596 19800 20147 I mobile-ffmpeg:     Stream #0:0
07-03 00:46:30.596 19800 20147 I mobile-ffmpeg: (eng)
07-03 00:46:30.596 19800 20147 I mobile-ffmpeg: : Video: h264 (avc1 / 0x31637661), yuvj420p(pc, bt709), 1280x720, 8377 kb/s
07-03 00:46:30.596 19800 20147 I mobile-ffmpeg: , 
07-03 00:46:30.596 19800 20147 I mobile-ffmpeg: 29.97 fps, 
07-03 00:46:30.596 19800 20147 I mobile-ffmpeg: 29.97 tbr, 
07-03 00:46:30.596 19800 20147 I mobile-ffmpeg: 16k tbn, 
07-03 00:46:30.596 19800 20147 I mobile-ffmpeg: 32k tbc
07-03 00:46:30.596 19800 20147 I mobile-ffmpeg:  (default)
07-03 00:46:30.596 19800 20147 I mobile-ffmpeg: 
07-03 00:46:30.596 19800 20147 I mobile-ffmpeg:     Metadata:
07-03 00:46:30.596 19800 20147 I mobile-ffmpeg:       handler_name    : 
07-03 00:46:30.596 19800 20147 I mobile-ffmpeg: PittaSoft Video Media Handler
07-03 00:46:30.596 19800 20147 I mobile-ffmpeg: 
07-03 00:46:30.596 19800 20147 I mobile-ffmpeg:     Stream #0:1
07-03 00:46:30.596 19800 20147 I mobile-ffmpeg: (eng)
07-03 00:46:30.596 19800 20147 I mobile-ffmpeg: : Audio: aac (mp4a / 0x6134706D), 16000 Hz, stereo, fltp, 47 kb/s
07-03 00:46:30.596 19800 20147 I mobile-ffmpeg:  (default)
07-03 00:46:30.596 19800 20147 I mobile-ffmpeg: 
07-03 00:46:30.596 19800 20147 I mobile-ffmpeg:     Metadata:
07-03 00:46:30.596 19800 20147 I mobile-ffmpeg:       handler_name    : 
07-03 00:46:30.596 19800 20147 I mobile-ffmpeg: PittaSoft Sound Media Handler
07-03 00:46:30.597 19800 20147 I mobile-ffmpeg: 
07-03 00:46:30.616 19800 20210 W FfmpegTools: Merged duration of 20200312_150844: 60.08
07-03 00:46:30.709 19800 19800 D NearbyFragment: onPayloadReceived(endpointId=ib9b, payload=com.google.android.gms.nearby.connection.Payload@52af7c2)
07-03 00:46:30.710 19800 19800 D NearbyFragment: Endpoint{id=ib9b, name=Galaxy S8 [2802]} has finished downloading 20200312_150944!000.mp4
07-03 00:46:30.713 19800 19800 V NearbyFragment: nextTransfer with selected algorithm: best_or_local
07-03 00:46:30.721 19800 19800 V FileManager: External storage is readable
07-03 00:46:30.722 19800 19800 V FileManager: Created new directory: /storage/emulated/0/Movies/segment-sum/20200312_150944
07-03 00:46:30.723 19800 19800 D NearbyFragment: Summarising 20200312_150944!001.mp4
07-03 00:46:30.723 19800 19800 V VideoManager: Retrieving video from /storage/emulated/0/Movies/segment/20200312_150944/20200312_150944!001.mp4
07-03 00:46:30.729 19800 20210 V VideoManager: Retrieving video from /storage/emulated/0/Movies/summarised/20200312_150844.mp4
07-03 00:46:30.735 19800 19800 V VideoManager: videoFromCursor
07-03 00:46:30.738 19800 20210 V VideoManager: videoFromCursor
07-03 00:46:30.738 19800 19800 V ProcessingVideosEventHandler: onAdd
07-03 00:46:30.739 19800 19800 V RawFootageEventHandler: onRemove
07-03 00:46:30.740 19800 20210 V SummarisedVideosEventHandler: onAdd
07-03 00:46:30.741 19800 20210 V RawFootageEventHandler: removeByName
07-03 00:46:30.742 19800 20210 V ProcessingVideosEventHandler: removeByName
07-03 00:46:30.742 19800 19800 V NearbyFragment: Transfer to ib9b: 100%
07-03 00:46:30.742 19800 19800 V NearbyFragment: Transfer to ib9b: 100%
07-03 00:46:30.743 19800 20210 V NearbyFragment: Removing video segment map for 20200312_150844
07-03 00:46:30.743 19800 20210 V ProcessingVideosEventHandler: onRemove
07-03 00:46:30.751 19800 20210 V SummariserIntentService: onHandleIntent
07-03 00:46:30.751 19800 20210 D SummariserIntentService: Video{id='7255', data='/storage/emulated/0/Movies/segment/20200312_150944/20200312_150944!001.mp4', name='20200312_150944!001.mp4', size=16812180, visible=true, mimeType='video/mp4'}
07-03 00:46:30.752 19800 20210 D SummariserIntentService: /storage/emulated/0/Movies/segment-sum/20200312_150944/20200312_150944!001.mp4
07-03 00:46:30.848 19800 20147 I mobile-ffmpeg: Input #0, mov,mp4,m4a,3gp,3g2,mj2, from '/storage/emulated/0/Movies/segment/20200312_150944/20200312_150944!001.mp4':
07-03 00:46:30.848 19800 20147 I mobile-ffmpeg:   Metadata:
07-03 00:46:30.848 19800 20147 I mobile-ffmpeg:     major_brand     : 
07-03 00:46:30.848 19800 20147 I mobile-ffmpeg: isom
07-03 00:46:30.848 19800 20147 I mobile-ffmpeg: 
07-03 00:46:30.848 19800 20147 I mobile-ffmpeg:     minor_version   : 
07-03 00:46:30.848 19800 20147 I mobile-ffmpeg: 512
07-03 00:46:30.848 19800 20147 I mobile-ffmpeg: 
07-03 00:46:30.848 19800 20147 I mobile-ffmpeg:     compatible_brands: 
07-03 00:46:30.848 19800 20147 I mobile-ffmpeg: isomiso2avc1mp41
07-03 00:46:30.848 19800 20147 I mobile-ffmpeg: 
07-03 00:46:30.848 19800 20147 I mobile-ffmpeg:     encoder         : 
07-03 00:46:30.848 19800 20147 I mobile-ffmpeg: Lavf58.42.100
07-03 00:46:30.848 19800 20147 I mobile-ffmpeg: 
07-03 00:46:30.848 19800 20147 I mobile-ffmpeg:   Duration: 
07-03 00:46:30.848 19800 20147 I mobile-ffmpeg: 00:00:16.01
07-03 00:46:30.848 19800 20147 I mobile-ffmpeg: , start: 
07-03 00:46:30.848 19800 20147 I mobile-ffmpeg: 0.000000
07-03 00:46:30.848 19800 20147 I mobile-ffmpeg: , bitrate: 
07-03 00:46:30.848 19800 20147 I mobile-ffmpeg: 8398 kb/s
07-03 00:46:30.849 19800 20147 I mobile-ffmpeg: 
07-03 00:46:30.849 19800 20147 I mobile-ffmpeg:     Stream #0:0
07-03 00:46:30.849 19800 20147 I mobile-ffmpeg: (eng)
07-03 00:46:30.849 19800 20147 I mobile-ffmpeg: : Video: h264 (avc1 / 0x31637661), yuvj420p(pc, bt709), 1280x720, 8346 kb/s
07-03 00:46:30.849 19800 20147 I mobile-ffmpeg: , 
07-03 00:46:30.849 19800 20147 I mobile-ffmpeg: 29.97 fps, 
07-03 00:46:30.849 19800 20147 I mobile-ffmpeg: 29.97 tbr, 
07-03 00:46:30.849 19800 20147 I mobile-ffmpeg: 16k tbn, 
07-03 00:46:30.849 19800 20147 I mobile-ffmpeg: 32k tbc
07-03 00:46:30.849 19800 20147 I mobile-ffmpeg:  (default)
07-03 00:46:30.849 19800 20147 I mobile-ffmpeg: 
07-03 00:46:30.849 19800 20147 I mobile-ffmpeg:     Metadata:
07-03 00:46:30.849 19800 20147 I mobile-ffmpeg:       handler_name    : 
07-03 00:46:30.849 19800 20147 I mobile-ffmpeg: PittaSoft Video Media Handler
07-03 00:46:30.849 19800 20147 I mobile-ffmpeg: 
07-03 00:46:30.849 19800 20147 I mobile-ffmpeg:     Stream #0:1
07-03 00:46:30.849 19800 20147 I mobile-ffmpeg: (eng)
07-03 00:46:30.849 19800 20147 I mobile-ffmpeg: : Audio: aac (mp4a / 0x6134706D), 16000 Hz, stereo, fltp, 47 kb/s
07-03 00:46:30.849 19800 20147 I mobile-ffmpeg:  (default)
07-03 00:46:30.849 19800 20147 I mobile-ffmpeg: 
07-03 00:46:30.849 19800 20147 I mobile-ffmpeg:     Metadata:
07-03 00:46:30.849 19800 20147 I mobile-ffmpeg:       handler_name    : 
07-03 00:46:30.849 19800 20147 I mobile-ffmpeg: PittaSoft Sound Media Handler
07-03 00:46:30.849 19800 20147 I mobile-ffmpeg: 
07-03 00:46:30.853 19800 20147 I mobile-ffmpeg: Stream mapping:
07-03 00:46:30.853 19800 20147 I mobile-ffmpeg:   Stream #0:0 -> #0:0
07-03 00:46:30.853 19800 20147 I mobile-ffmpeg:  (h264 (native) -> wrapped_avframe (native))
07-03 00:46:30.853 19800 20147 I mobile-ffmpeg: 
07-03 00:46:30.853 19800 20147 I mobile-ffmpeg:   Stream #0:1 -> #0:1
07-03 00:46:30.853 19800 20147 I mobile-ffmpeg:  (aac (native) -> pcm_s16le (native))
07-03 00:46:30.854 19800 20147 I mobile-ffmpeg: 
07-03 00:46:30.854 19800 20147 I mobile-ffmpeg: Press [q] to stop, [?] for help
07-03 00:46:30.939 19800 20147 W mobile-ffmpeg: [graph 0 input from stream 0:0 @ 0x7c5a4b7440] sws_param option is deprecated and ignored
07-03 00:46:30.940 19800 20147 I mobile-ffmpeg: Output #0, null, to 'pipe:':
07-03 00:46:30.940 19800 20147 I mobile-ffmpeg:   Metadata:
07-03 00:46:30.940 19800 20147 I mobile-ffmpeg:     major_brand     : 
07-03 00:46:30.940 19800 20147 I mobile-ffmpeg: isom
07-03 00:46:30.941 19800 20147 I mobile-ffmpeg: 
07-03 00:46:30.941 19800 20147 I mobile-ffmpeg:     minor_version   : 
07-03 00:46:30.941 19800 20147 I mobile-ffmpeg: 512
07-03 00:46:30.941 19800 20147 I mobile-ffmpeg: 
07-03 00:46:30.941 19800 20147 I mobile-ffmpeg:     compatible_brands: 
07-03 00:46:30.941 19800 20147 I mobile-ffmpeg: isomiso2avc1mp41
07-03 00:46:30.941 19800 20147 I mobile-ffmpeg: 
07-03 00:46:30.941 19800 20147 I mobile-ffmpeg:     encoder         : 
07-03 00:46:30.941 19800 20147 I mobile-ffmpeg: Lavf58.42.100
07-03 00:46:30.941 19800 20147 I mobile-ffmpeg: 
07-03 00:46:30.941 19800 20147 I mobile-ffmpeg:     Stream #0:0
07-03 00:46:30.941 19800 20147 I mobile-ffmpeg: (eng)
07-03 00:46:30.941 19800 20147 I mobile-ffmpeg: : Video: wrapped_avframe, yuvj420p, 1280x720, q=2-31, 200 kb/s
07-03 00:46:30.941 19800 20147 I mobile-ffmpeg: , 
07-03 00:46:30.941 19800 20147 I mobile-ffmpeg: 29.97 fps, 
07-03 00:46:30.941 19800 20147 I mobile-ffmpeg: 29.97 tbn, 
07-03 00:46:30.941 19800 20147 I mobile-ffmpeg: 29.97 tbc
07-03 00:46:30.941 19800 20147 I mobile-ffmpeg:  (default)
07-03 00:46:30.941 19800 20147 I mobile-ffmpeg: 
07-03 00:46:30.941 19800 20147 I mobile-ffmpeg:     Metadata:
07-03 00:46:30.941 19800 20147 I mobile-ffmpeg:       handler_name    : 
07-03 00:46:30.941 19800 20147 I mobile-ffmpeg: PittaSoft Video Media Handler
07-03 00:46:30.941 19800 20147 I mobile-ffmpeg: 
07-03 00:46:30.941 19800 20147 I mobile-ffmpeg:       encoder         : 
07-03 00:46:30.941 19800 20147 I mobile-ffmpeg: Lavc58.78.102 wrapped_avframe
07-03 00:46:30.941 19800 20147 I mobile-ffmpeg: 
07-03 00:46:30.941 19800 20147 I mobile-ffmpeg:     Stream #0:1
07-03 00:46:30.941 19800 20147 I mobile-ffmpeg: (eng)
07-03 00:46:30.941 19800 20147 I mobile-ffmpeg: : Audio: pcm_s16le, 16000 Hz, stereo, s16, 512 kb/s
07-03 00:46:30.942 19800 20147 I mobile-ffmpeg:  (default)
07-03 00:46:30.942 19800 20147 I mobile-ffmpeg: 
07-03 00:46:30.942 19800 20147 I mobile-ffmpeg:     Metadata:
07-03 00:46:30.942 19800 20147 I mobile-ffmpeg:       handler_name    : 
07-03 00:46:30.942 19800 20147 I mobile-ffmpeg: PittaSoft Sound Media Handler
07-03 00:46:30.942 19800 20147 I mobile-ffmpeg: 
07-03 00:46:30.942 19800 20147 I mobile-ffmpeg:       encoder         : 
07-03 00:46:30.942 19800 20147 I mobile-ffmpeg: Lavc58.78.102 pcm_s16le
07-03 00:46:30.942 19800 20147 I mobile-ffmpeg: 
07-03 00:46:31.031 19800 20147 I mobile-ffmpeg: frame=    6 fps=0.0 q=-0.0 size=N/A time=00:00:00.36 bitrate=N/A speed=2.08x    
07-03 00:46:31.276 19800 19813 D SummariserIntentService: Scanned /storage/emulated/0/Movies/summarised
07-03 00:46:31.276 19800 19813 D SummariserIntentService:   -> uri=content://media/external/file/7148
07-03 00:46:31.522 19800 20147 I mobile-ffmpeg: [freezedetect @ 0x7c55aca6c0] lavfi.freezedetect.freeze_start: 0
07-03 00:46:31.531 19800 20147 I mobile-ffmpeg: frame=   32 fps=0.0 q=-0.0 size=N/A time=00:00:01.26 bitrate=N/A speed=1.86x    
07-03 00:46:32.060 19800 20147 I mobile-ffmpeg: frame=   67 fps= 56 q=-0.0 size=N/A time=00:00:02.35 bitrate=N/A speed=1.96x    
07-03 00:46:32.562 19800 20147 I mobile-ffmpeg: frame=  105 fps= 62 q=-0.0 size=N/A time=00:00:03.63 bitrate=N/A speed=2.14x    
07-03 00:46:33.057 19800 20147 I mobile-ffmpeg: frame=  138 fps= 63 q=-0.0 size=N/A time=00:00:04.78 bitrate=N/A speed=2.17x    
07-03 00:46:33.569 19800 20147 I mobile-ffmpeg: frame=  173 fps= 64 q=-0.0 size=N/A time=00:00:05.93 bitrate=N/A speed=2.19x    
07-03 00:46:34.104 19800 20147 I mobile-ffmpeg: frame=  205 fps= 63 q=-0.0 size=N/A time=00:00:07.02 bitrate=N/A speed=2.16x    
07-03 00:46:34.607 19800 20147 I mobile-ffmpeg: frame=  240 fps= 64 q=-0.0 size=N/A time=00:00:08.17 bitrate=N/A speed=2.18x    
07-03 00:46:35.107 19800 20147 I mobile-ffmpeg: frame=  272 fps= 64 q=-0.0 size=N/A time=00:00:09.26 bitrate=N/A speed=2.18x    
07-03 00:46:35.637 19800 20147 I mobile-ffmpeg: frame=  307 fps= 64 q=-0.0 size=N/A time=00:00:10.35 bitrate=N/A speed=2.17x    
07-03 00:46:36.143 19800 20147 I mobile-ffmpeg: frame=  339 fps= 64 q=-0.0 size=N/A time=00:00:11.50 bitrate=N/A speed=2.18x    
07-03 00:46:36.661 19800 20147 I mobile-ffmpeg: frame=  374 fps= 64 q=-0.0 size=N/A time=00:00:12.65 bitrate=N/A speed=2.18x    
07-03 00:46:37.176 19800 20147 I mobile-ffmpeg: frame=  408 fps= 65 q=-0.0 size=N/A time=00:00:13.80 bitrate=N/A speed=2.18x    
07-03 00:46:37.713 19800 20147 I mobile-ffmpeg: frame=  449 fps= 66 q=-0.0 size=N/A time=00:00:15.08 bitrate=N/A speed= 2.2x    
07-03 00:46:38.165 19800 20147 I mobile-ffmpeg: frame=  480 fps= 66 q=-0.0 Lsize=N/A time=00:00:16.04 bitrate=N/A speed=2.19x    
07-03 00:46:38.165 19800 20147 I mobile-ffmpeg: video:251kB audio:1000kB subtitle:0kB other streams:0kB global headers:0kB muxing overhead: 
07-03 00:46:38.165 19800 20147 I mobile-ffmpeg: unknown
07-03 00:46:38.165 19800 20147 I mobile-ffmpeg: 
07-03 00:46:38.217 19800 20210 W Summariser: No activity detected
07-03 00:46:38.310 19800 20147 I mobile-ffmpeg: Input #0, mov,mp4,m4a,3gp,3g2,mj2, from '/storage/emulated/0/Movies/segment/20200312_150944/20200312_150944!001.mp4':
07-03 00:46:38.310 19800 20147 I mobile-ffmpeg:   Metadata:
07-03 00:46:38.310 19800 20147 I mobile-ffmpeg:     major_brand     : 
07-03 00:46:38.310 19800 20147 I mobile-ffmpeg: isom
07-03 00:46:38.310 19800 20147 I mobile-ffmpeg: 
07-03 00:46:38.310 19800 20147 I mobile-ffmpeg:     minor_version   : 
07-03 00:46:38.310 19800 20147 I mobile-ffmpeg: 512
07-03 00:46:38.310 19800 20147 I mobile-ffmpeg: 
07-03 00:46:38.310 19800 20147 I mobile-ffmpeg:     compatible_brands: 
07-03 00:46:38.310 19800 20147 I mobile-ffmpeg: isomiso2avc1mp41
07-03 00:46:38.310 19800 20147 I mobile-ffmpeg: 
07-03 00:46:38.310 19800 20147 I mobile-ffmpeg:     encoder         : 
07-03 00:46:38.310 19800 20147 I mobile-ffmpeg: Lavf58.42.100
07-03 00:46:38.311 19800 20147 I mobile-ffmpeg: 
07-03 00:46:38.311 19800 20147 I mobile-ffmpeg:   Duration: 
07-03 00:46:38.311 19800 20147 I mobile-ffmpeg: 00:00:16.01
07-03 00:46:38.311 19800 20147 I mobile-ffmpeg: , start: 
07-03 00:46:38.311 19800 20147 I mobile-ffmpeg: 0.000000
07-03 00:46:38.311 19800 20147 I mobile-ffmpeg: , bitrate: 
07-03 00:46:38.311 19800 20147 I mobile-ffmpeg: 8398 kb/s
07-03 00:46:38.311 19800 20147 I mobile-ffmpeg: 
07-03 00:46:38.311 19800 20147 I mobile-ffmpeg:     Stream #0:0
07-03 00:46:38.311 19800 20147 I mobile-ffmpeg: (eng)
07-03 00:46:38.311 19800 20147 I mobile-ffmpeg: : Video: h264 (avc1 / 0x31637661), yuvj420p(pc, bt709), 1280x720, 8346 kb/s
07-03 00:46:38.311 19800 20147 I mobile-ffmpeg: , 
07-03 00:46:38.311 19800 20147 I mobile-ffmpeg: 29.97 fps, 
07-03 00:46:38.311 19800 20147 I mobile-ffmpeg: 29.97 tbr, 
07-03 00:46:38.311 19800 20147 I mobile-ffmpeg: 16k tbn, 
07-03 00:46:38.311 19800 20147 I mobile-ffmpeg: 32k tbc
07-03 00:46:38.311 19800 20147 I mobile-ffmpeg:  (default)
07-03 00:46:38.311 19800 20147 I mobile-ffmpeg: 
07-03 00:46:38.311 19800 20147 I mobile-ffmpeg:     Metadata:
07-03 00:46:38.311 19800 20147 I mobile-ffmpeg:       handler_name    : 
07-03 00:46:38.311 19800 20147 I mobile-ffmpeg: PittaSoft Video Media Handler
07-03 00:46:38.311 19800 20147 I mobile-ffmpeg: 
07-03 00:46:38.311 19800 20147 I mobile-ffmpeg:     Stream #0:1
07-03 00:46:38.311 19800 20147 I mobile-ffmpeg: (eng)
07-03 00:46:38.311 19800 20147 I mobile-ffmpeg: : Audio: aac (mp4a / 0x6134706D), 16000 Hz, stereo, fltp, 47 kb/s
07-03 00:46:38.311 19800 20147 I mobile-ffmpeg:  (default)
