06-28 22:02:28.980 26651 29762 W Summariser: Summarisation completed
06-28 22:02:28.980 26651 29762 W Summariser:   filename: 20200312_194830!000.mp4
06-28 22:02:28.980 26651 29762 W Summariser:   active sections: 1
06-28 22:02:28.980 26651 29762 W Summariser:   time: 07.003s
06-28 22:02:28.980 26651 29762 W Summariser:   original duration: 16.06
06-28 22:02:28.980 26651 29762 W Summariser:   summarised duration: 3.97
06-28 22:02:28.980 26651 29762 W Summariser:   noise tolerance: 45.00
06-28 22:02:28.980 26651 29762 W Summariser:   quality: 23
06-28 22:02:28.980 26651 29762 W Summariser:   speed: medium
06-28 22:02:28.980 26651 29762 W Summariser:   freeze duration: 1.00
06-28 22:02:29.034 26651 29762 W NearbyFragment: Sending 20200312_194830!000.mp4 to Nexus 5X [34d8]
06-28 22:02:31.424 26651 26651 W NearbyFragment: Completed downloading 20200312_194830!001.mp4 from Endpoint{id=WHRz, name=Nexus 5X [34d8]} in 02.287s
06-28 22:02:33.537 26651 29823 W Summariser: 2 active sections found
06-28 22:02:41.914 26651 29823 W Summariser: Summarisation completed
06-28 22:02:41.914 26651 29823 W Summariser:   filename: 20200312_194830!001.mp4
06-28 22:02:41.914 26651 29823 W Summariser:   active sections: 2
06-28 22:02:41.914 26651 29823 W Summariser:   time: 10.322s
06-28 22:02:41.914 26651 29823 W Summariser:   original duration: 16.01
06-28 22:02:41.914 26651 29823 W Summariser:   summarised duration: 8.10
06-28 22:02:41.914 26651 29823 W Summariser:   noise tolerance: 45.00
06-28 22:02:41.914 26651 29823 W Summariser:   quality: 23
06-28 22:02:41.914 26651 29823 W Summariser:   speed: medium
06-28 22:02:41.914 26651 29823 W Summariser:   freeze duration: 1.00
06-28 22:02:41.979 26651 29823 W NearbyFragment: Sending 20200312_194830!001.mp4 to Nexus 5X [34d8]
06-28 22:02:45.053 26651 26651 W NearbyFragment: Completed downloading 20200312_194830!003.mp4 from Endpoint{id=WHRz, name=Nexus 5X [34d8]} in 02.962s
06-28 22:02:46.464 26651 29889 W Summariser: No activity detected
06-28 22:02:46.509 26651 29889 W Summariser: Summarisation completed
06-28 22:02:46.509 26651 29889 W Summariser:   filename: 20200312_194830!003.mp4
06-28 22:02:46.509 26651 29889 W Summariser:   active sections: 0
06-28 22:02:46.509 26651 29889 W Summariser:   time: 01.377s
06-28 22:02:46.509 26651 29889 W Summariser:   original duration: 11.98
06-28 22:02:46.509 26651 29889 W Summariser:   noise tolerance: 45.00
06-28 22:02:46.509 26651 29889 W Summariser:   quality: 23
06-28 22:02:46.509 26651 29889 W Summariser:   speed: medium
06-28 22:02:46.509 26651 29889 W Summariser:   freeze duration: 1.00
06-28 22:02:48.331 26651 26651 W NearbyFragment: Completed downloading 20200312_194930!000.mp4 from Endpoint{id=WHRz, name=Nexus 5X [34d8]} in 01.719s
06-28 22:02:50.370 26651 29916 W Summariser: 1 active sections found
06-28 22:02:59.894 26651 29916 W Summariser: Summarisation completed
06-28 22:02:59.894 26651 29916 W Summariser:   filename: 20200312_194930!000.mp4
06-28 22:02:59.894 26651 29916 W Summariser:   active sections: 1
06-28 22:02:59.894 26651 29916 W Summariser:   time: 11.407s
06-28 22:02:59.894 26651 29916 W Summariser:   original duration: 16.07
06-28 22:02:59.894 26651 29916 W Summariser:   summarised duration: 9.36
06-28 22:02:59.894 26651 29916 W Summariser:   noise tolerance: 45.00
06-28 22:02:59.894 26651 29916 W Summariser:   quality: 23
06-28 22:02:59.894 26651 29916 W Summariser:   speed: medium
06-28 22:02:59.894 26651 29916 W Summariser:   freeze duration: 1.00
06-28 22:02:59.953 26651 29916 W NearbyFragment: Sending 20200312_194930!000.mp4 to Nexus 5X [34d8]
06-28 22:03:02.031 26651 26651 W NearbyFragment: Completed downloading 20200312_194930!001.mp4 from Endpoint{id=WHRz, name=Nexus 5X [34d8]} in 01.980s
06-28 22:03:03.995 26651 29980 W Summariser: 1 active sections found
06-28 22:03:05.249 26651 26651 W NearbyFragment: Completed downloading 20200312_194930!002.mp4 from Endpoint{id=WHRz, name=Nexus 5X [34d8]} in 01.823s
06-28 22:03:06.289 26651 29980 W Summariser: Summarisation completed
06-28 22:03:06.289 26651 29980 W Summariser:   filename: 20200312_194930!001.mp4
06-28 22:03:06.289 26651 29980 W Summariser:   active sections: 1
06-28 22:03:06.289 26651 29980 W Summariser:   time: 04.143s
06-28 22:03:06.289 26651 29980 W Summariser:   original duration: 16.01
06-28 22:03:06.289 26651 29980 W Summariser:   summarised duration: 2.02
06-28 22:03:06.289 26651 29980 W Summariser:   noise tolerance: 45.00
06-28 22:03:06.289 26651 29980 W Summariser:   quality: 23
06-28 22:03:06.289 26651 29980 W Summariser:   speed: medium
06-28 22:03:06.289 26651 29980 W Summariser:   freeze duration: 1.00
06-28 22:03:06.339 26651 29980 W NearbyFragment: Sending 20200312_194930!001.mp4 to Nexus 5X [34d8]
06-28 22:03:07.441 26651 26662 W System  : A resource failed to call close. 
06-28 22:03:07.441 26651 26662 W System  : A resource failed to call close. 
06-28 22:03:07.441 26651 26662 W System  : A resource failed to call close. 
06-28 22:03:07.443 26651 26662 W System  : A resource failed to call close. 
06-28 22:03:08.053 26651 26651 W NearbyFragment: Completed downloading 20200312_194930!003.mp4 from Endpoint{id=WHRz, name=Nexus 5X [34d8]} in 01.652s
06-28 22:03:08.484 26651 29980 W Summariser: No activity detected
06-28 22:03:08.539 26651 29980 W Summariser: Summarisation completed
06-28 22:03:08.539 26651 29980 W Summariser:   filename: 20200312_194930!002.mp4
06-28 22:03:08.539 26651 29980 W Summariser:   active sections: 0
06-28 22:03:08.539 26651 29980 W Summariser:   time: 02.127s
06-28 22:03:08.539 26651 29980 W Summariser:   original duration: 16.01
06-28 22:03:08.539 26651 29980 W Summariser:   noise tolerance: 45.00
06-28 22:03:08.539 26651 29980 W Summariser:   quality: 23
06-28 22:03:08.539 26651 29980 W Summariser:   speed: medium
06-28 22:03:08.539 26651 29980 W Summariser:   freeze duration: 1.00
06-28 22:03:10.288 26651 29980 W Summariser: 1 active sections found
06-28 22:03:10.784 26651 26651 W NearbyFragment: Completed downloading 20200312_195230!000.mp4 from Endpoint{id=WHRz, name=Nexus 5X [34d8]} in 02.101s
06-28 22:03:21.655 26651 29980 W Summariser: Summarisation completed
06-28 22:03:21.655 26651 29980 W Summariser:   filename: 20200312_194930!003.mp4
06-28 22:03:21.655 26651 29980 W Summariser:   active sections: 1
06-28 22:03:21.655 26651 29980 W Summariser:   time: 13.018s
06-28 22:03:21.655 26651 29980 W Summariser:   original duration: 12.01
06-28 22:03:21.655 26651 29980 W Summariser:   summarised duration: 10.95
06-28 22:03:21.655 26651 29980 W Summariser:   noise tolerance: 45.00
06-28 22:03:21.655 26651 29980 W Summariser:   quality: 23
06-28 22:03:21.655 26651 29980 W Summariser:   speed: medium
06-28 22:03:21.655 26651 29980 W Summariser:   freeze duration: 1.00
06-28 22:03:21.733 26651 29980 W NearbyFragment: Sending 20200312_194930!003.mp4 to Nexus 5X [34d8]
06-28 22:03:24.075 26651 29980 W Summariser: No activity detected
06-28 22:03:24.105 26651 29980 W Summariser: Summarisation completed
06-28 22:03:24.105 26651 29980 W Summariser:   filename: 20200312_195230!000.mp4
06-28 22:03:24.105 26651 29980 W Summariser:   active sections: 0
06-28 22:03:24.105 26651 29980 W Summariser:   time: 02.306s
06-28 22:03:24.105 26651 29980 W Summariser:   original duration: 16.07
06-28 22:03:24.105 26651 29980 W Summariser:   noise tolerance: 45.00
06-28 22:03:24.105 26651 29980 W Summariser:   quality: 23
06-28 22:03:24.105 26651 29980 W Summariser:   speed: medium
06-28 22:03:24.105 26651 29980 W Summariser:   freeze duration: 1.00
06-28 22:03:24.237 26651 26651 W NearbyFragment: Completed downloading 20200312_195230!002.mp4 from Endpoint{id=WHRz, name=Nexus 5X [34d8]} in 02.326s
06-28 22:03:25.957 26651 26651 W NearbyFragment: Completed downloading 20200312_195230!003.mp4 from Endpoint{id=WHRz, name=Nexus 5X [34d8]} in 01.682s
06-28 22:03:26.431 26651 30159 W Summariser: No activity detected
06-28 22:03:26.487 26651 30159 W Summariser: Summarisation completed
06-28 22:03:26.487 26651 30159 W Summariser:   filename: 20200312_195230!002.mp4
06-28 22:03:26.487 26651 30159 W Summariser:   active sections: 0
06-28 22:03:26.487 26651 30159 W Summariser:   time: 02.125s
06-28 22:03:26.487 26651 30159 W Summariser:   original duration: 16.01
06-28 22:03:26.487 26651 30159 W Summariser:   noise tolerance: 45.00
06-28 22:03:26.487 26651 30159 W Summariser:   quality: 23
06-28 22:03:26.487 26651 30159 W Summariser:   speed: medium
06-28 22:03:26.487 26651 30159 W Summariser:   freeze duration: 1.00
06-28 22:03:27.862 26651 30159 W Summariser: No activity detected
06-28 22:03:27.907 26651 30159 W Summariser: Summarisation completed
06-28 22:03:27.907 26651 30159 W Summariser:   filename: 20200312_195230!003.mp4
06-28 22:03:27.907 26651 30159 W Summariser:   active sections: 0
06-28 22:03:27.907 26651 30159 W Summariser:   time: 01.362s
06-28 22:03:27.907 26651 30159 W Summariser:   original duration: 12.01
06-28 22:03:27.907 26651 30159 W Summariser:   noise tolerance: 45.00
06-28 22:03:27.907 26651 30159 W Summariser:   quality: 23
06-28 22:03:27.907 26651 30159 W Summariser:   speed: medium
06-28 22:03:27.907 26651 30159 W Summariser:   freeze duration: 1.00
06-28 22:03:32.077 26651 26651 W NearbyFragment: Completed downloading 20200312_195330!000.mp4 from Endpoint{id=WHRz, name=Nexus 5X [34d8]} in 02.024s
06-28 22:03:33.996 26651 30215 W Summariser: 1 active sections found
06-28 22:03:36.711 26651 30215 W Summariser: Summarisation completed
06-28 22:03:36.711 26651 30215 W Summariser:   filename: 20200312_195330!000.mp4
06-28 22:03:36.711 26651 30215 W Summariser:   active sections: 1
06-28 22:03:36.711 26651 30215 W Summariser:   time: 04.516s
06-28 22:03:36.711 26651 30215 W Summariser:   original duration: 16.07
06-28 22:03:36.711 26651 30215 W Summariser:   summarised duration: 1.11
06-28 22:03:36.711 26651 30215 W Summariser:   noise tolerance: 45.00
06-28 22:03:36.711 26651 30215 W Summariser:   quality: 23
06-28 22:03:36.711 26651 30215 W Summariser:   speed: medium
06-28 22:03:36.711 26651 30215 W Summariser:   freeze duration: 1.00
06-28 22:03:36.789 26651 30215 W NearbyFragment: Sending 20200312_195330!000.mp4 to Nexus 5X [34d8]
06-28 22:03:38.867 26651 26651 W NearbyFragment: Completed downloading 20200312_195330!001.mp4 from Endpoint{id=WHRz, name=Nexus 5X [34d8]} in 01.989s
06-28 22:03:40.827 26651 30277 W Summariser: 2 active sections found
06-28 22:03:51.642 26651 30277 W Summariser: Summarisation completed
06-28 22:03:51.642 26651 30277 W Summariser:   filename: 20200312_195330!001.mp4
06-28 22:03:51.642 26651 30277 W Summariser:   active sections: 2
06-28 22:03:51.642 26651 30277 W Summariser:   time: 12.615s
06-28 22:03:51.642 26651 30277 W Summariser:   original duration: 16.02
06-28 22:03:51.642 26651 30277 W Summariser:   summarised duration: 10.91
06-28 22:03:51.642 26651 30277 W Summariser:   noise tolerance: 45.00
06-28 22:03:51.642 26651 30277 W Summariser:   quality: 23
06-28 22:03:51.642 26651 30277 W Summariser:   speed: medium
06-28 22:03:51.642 26651 30277 W Summariser:   freeze duration: 1.00
06-28 22:03:51.709 26651 30277 W NearbyFragment: Sending 20200312_195330!001.mp4 to Nexus 5X [34d8]
06-28 22:03:53.811 26651 26651 W NearbyFragment: Completed downloading 20200312_195330!002.mp4 from Endpoint{id=WHRz, name=Nexus 5X [34d8]} in 02.519s
06-28 22:03:55.255 26651 26651 W NearbyFragment: Completed downloading 20200312_195330!003.mp4 from Endpoint{id=WHRz, name=Nexus 5X [34d8]} in 02.900s
06-28 22:03:55.968 26651 30345 W Summariser: 2 active sections found
06-28 22:03:55.993 26651 26662 W System  : A resource failed to call close. 
06-28 22:03:55.996 26651 26662 W System  : A resource failed to call close. 
06-28 22:04:04.493 26651 30345 W Summariser: Summarisation completed
06-28 22:04:04.493 26651 30345 W Summariser:   filename: 20200312_195330!002.mp4
06-28 22:04:04.493 26651 30345 W Summariser:   active sections: 2
06-28 22:04:04.493 26651 30345 W Summariser:   time: 10.529s
06-28 22:04:04.493 26651 30345 W Summariser:   original duration: 16.01
06-28 22:04:04.493 26651 30345 W Summariser:   summarised duration: 9.07
06-28 22:04:04.493 26651 30345 W Summariser:   noise tolerance: 45.00
06-28 22:04:04.493 26651 30345 W Summariser:   quality: 23
06-28 22:04:04.493 26651 30345 W Summariser:   speed: medium
06-28 22:04:04.493 26651 30345 W Summariser:   freeze duration: 1.00
06-28 22:04:04.541 26651 30345 W NearbyFragment: Sending 20200312_195330!002.mp4 to Nexus 5X [34d8]
06-28 22:04:06.258 26651 30345 W Summariser: 1 active sections found
06-28 22:04:06.902 26651 26651 W NearbyFragment: Completed downloading 20200312_195430!001.mp4 from Endpoint{id=WHRz, name=Nexus 5X [34d8]} in 02.210s
06-28 22:04:10.228 26651 30345 W Summariser: Summarisation completed
06-28 22:04:10.228 26651 30345 W Summariser:   filename: 20200312_195330!003.mp4
06-28 22:04:10.228 26651 30345 W Summariser:   active sections: 1
06-28 22:04:10.228 26651 30345 W Summariser:   time: 05.582s
06-28 22:04:10.228 26651 30345 W Summariser:   original duration: 12.03
06-28 22:04:10.228 26651 30345 W Summariser:   summarised duration: 3.53
06-28 22:04:10.228 26651 30345 W Summariser:   noise tolerance: 45.00
06-28 22:04:10.228 26651 30345 W Summariser:   quality: 23
06-28 22:04:10.228 26651 30345 W Summariser:   speed: medium
06-28 22:04:10.228 26651 30345 W Summariser:   freeze duration: 1.00
06-28 22:04:10.256 26651 30345 W NearbyFragment: Sending 20200312_195330!003.mp4 to Nexus 5X [34d8]
06-28 22:04:12.487 26651 26651 W NearbyFragment: Completed downloading 20200312_195430!002.mp4 from Endpoint{id=WHRz, name=Nexus 5X [34d8]} in 02.113s
06-28 22:04:12.562 26651 30345 W Summariser: 2 active sections found
06-28 22:04:18.855 26651 30345 W Summariser: Summarisation completed
06-28 22:04:18.855 26651 30345 W Summariser:   filename: 20200312_195430!001.mp4
06-28 22:04:18.855 26651 30345 W Summariser:   active sections: 2
06-28 22:04:18.855 26651 30345 W Summariser:   time: 08.509s
06-28 22:04:18.855 26651 30345 W Summariser:   original duration: 16.01
06-28 22:04:18.855 26651 30345 W Summariser:   summarised duration: 5.90
06-28 22:04:18.855 26651 30345 W Summariser:   noise tolerance: 45.00
06-28 22:04:18.855 26651 30345 W Summariser:   quality: 23
06-28 22:04:18.855 26651 30345 W Summariser:   speed: medium
06-28 22:04:18.855 26651 30345 W Summariser:   freeze duration: 1.00
06-28 22:04:18.902 26651 30345 W NearbyFragment: Sending 20200312_195430!001.mp4 to Nexus 5X [34d8]
06-28 22:04:20.722 26651 26651 W NearbyFragment: Completed downloading 20200312_195430!003.mp4 from Endpoint{id=WHRz, name=Nexus 5X [34d8]} in 01.660s
06-28 22:04:21.152 26651 30345 W Summariser: 2 active sections found
06-28 22:04:27.021 26651 30345 W Summariser: Summarisation completed
06-28 22:04:27.021 26651 30345 W Summariser:   filename: 20200312_195430!002.mp4
06-28 22:04:27.021 26651 30345 W Summariser:   active sections: 2
06-28 22:04:27.021 26651 30345 W Summariser:   time: 08.011s
06-28 22:04:27.021 26651 30345 W Summariser:   original duration: 16.01
06-28 22:04:27.021 26651 30345 W Summariser:   summarised duration: 6.17
06-28 22:04:27.021 26651 30345 W Summariser:   noise tolerance: 45.00
06-28 22:04:27.021 26651 30345 W Summariser:   quality: 23
06-28 22:04:27.021 26651 30345 W Summariser:   speed: medium
06-28 22:04:27.021 26651 30345 W Summariser:   freeze duration: 1.00
06-28 22:04:27.068 26651 30345 W NearbyFragment: Sending 20200312_195430!002.mp4 to Nexus 5X [34d8]
06-28 22:04:28.675 26651 30345 W Summariser: 1 active sections found
06-28 22:04:32.891 26651 30345 W Summariser: Summarisation completed
06-28 22:04:32.891 26651 30345 W Summariser:   filename: 20200312_195430!003.mp4
06-28 22:04:32.891 26651 30345 W Summariser:   active sections: 1
06-28 22:04:32.891 26651 30345 W Summariser:   time: 05.693s
06-28 22:04:32.891 26651 30345 W Summariser:   original duration: 11.98
06-28 22:04:32.891 26651 30345 W Summariser:   summarised duration: 4.54
06-28 22:04:32.891 26651 30345 W Summariser:   noise tolerance: 45.00
06-28 22:04:32.891 26651 30345 W Summariser:   quality: 23
06-28 22:04:32.891 26651 30345 W Summariser:   speed: medium
06-28 22:04:32.891 26651 30345 W Summariser:   freeze duration: 1.00
06-28 22:04:32.963 26651 30345 W NearbyFragment: Sending 20200312_195430!003.mp4 to Nexus 5X [34d8]
