--------- beginning of main
07-05 22:30:21.317 17082 17082 W LogFactory: Truncating log tag length as it exceed 23, the limit imposed by Android on certain API Levels
07-05 22:30:33.608 17082 17082 E TransferService: No notification is passed in the intent. Unable to transition to foreground.
07-05 22:32:00.749 17082 17082 W NearbyFragment: Completed downloading 20200312_150643!000.mp4 from Endpoint{id=njPJ, name=Galaxy S8 [2802]} in 10.986s
07-05 22:32:01.130 17082 17349 W mobile-ffmpeg: [graph 0 input from stream 0:0 @ 0x7a20e2c200] sws_param option is deprecated and ignored
07-05 22:32:04.125 17082 17348 W Summariser: No activity detected
07-05 22:32:04.185 17082 17348 W Summariser: Summarisation completed
07-05 22:32:04.185 17082 17348 W Summariser:   filename: 20200312_150643!000.mp4
07-05 22:32:04.185 17082 17348 W Summariser:   active sections: 0
07-05 22:32:04.185 17082 17348 W Summariser:   time: 03.299s
07-05 22:32:04.185 17082 17348 W Summariser:   original duration: 16.07
07-05 22:32:04.185 17082 17348 W Summariser:   summarised duration: -1.00
07-05 22:32:04.185 17082 17348 W Summariser:   noise tolerance: 45.00
07-05 22:32:04.185 17082 17348 W Summariser:   quality: 23
07-05 22:32:04.185 17082 17348 W Summariser:   speed: medium
07-05 22:32:04.185 17082 17348 W Summariser:   freeze duration: 1.00
07-05 22:32:14.977 17082 17082 W NearbyFragment: Completed downloading 20200312_150643!002.mp4 from Endpoint{id=njPJ, name=Galaxy S8 [2802]} in 14.132s
07-05 22:32:15.395 17082 17349 W mobile-ffmpeg: [graph 0 input from stream 0:0 @ 0x7a20e2c200] sws_param option is deprecated and ignored
07-05 22:32:18.125 17082 17082 W NearbyFragment: Completed downloading 20200312_150643!003.mp4 from Endpoint{id=njPJ, name=Galaxy S8 [2802]} in 13.589s
07-05 22:32:18.919 17082 17374 W Summariser: No activity detected
07-05 22:32:18.988 17082 17374 W Summariser: Summarisation completed
07-05 22:32:18.988 17082 17374 W Summariser:   filename: 20200312_150643!002.mp4
07-05 22:32:18.988 17082 17374 W Summariser:   active sections: 0
07-05 22:32:18.988 17082 17374 W Summariser:   time: 03.632s
07-05 22:32:18.988 17082 17374 W Summariser:   original duration: 16.01
07-05 22:32:18.988 17082 17374 W Summariser:   summarised duration: -1.00
07-05 22:32:18.988 17082 17374 W Summariser:   noise tolerance: 45.00
07-05 22:32:18.988 17082 17374 W Summariser:   quality: 23
07-05 22:32:18.988 17082 17374 W Summariser:   speed: medium
07-05 22:32:18.988 17082 17374 W Summariser:   freeze duration: 1.00
07-05 22:32:19.085 17082 17349 W mobile-ffmpeg: [graph 0 input from stream 0:0 @ 0x7a20e2c200] sws_param option is deprecated and ignored
07-05 22:32:21.934 17082 17374 W Summariser: No activity detected
07-05 22:32:22.014 17082 17374 W Summariser: Summarisation completed
07-05 22:32:22.014 17082 17374 W Summariser:   filename: 20200312_150643!003.mp4
07-05 22:32:22.014 17082 17374 W Summariser:   active sections: 0
07-05 22:32:22.014 17082 17374 W Summariser:   time: 02.938s
07-05 22:32:22.014 17082 17374 W Summariser:   original duration: 12.01
07-05 22:32:22.014 17082 17374 W Summariser:   summarised duration: -1.00
07-05 22:32:22.014 17082 17374 W Summariser:   noise tolerance: 45.00
07-05 22:32:22.014 17082 17374 W Summariser:   quality: 23
07-05 22:32:22.014 17082 17374 W Summariser:   speed: medium
07-05 22:32:22.014 17082 17374 W Summariser:   freeze duration: 1.00
07-05 22:32:32.707 17082 17082 W NearbyFragment: Completed downloading 20200312_150744!001.mp4 from Endpoint{id=njPJ, name=Galaxy S8 [2802]} in 10.444s
07-05 22:32:32.888 17082 17349 W mobile-ffmpeg: [graph 0 input from stream 0:0 @ 0x7a20e2c200] sws_param option is deprecated and ignored
07-05 22:32:36.262 17082 17436 W Summariser: No activity detected
07-05 22:32:36.360 17082 17436 W Summariser: Summarisation completed
07-05 22:32:36.360 17082 17436 W Summariser:   filename: 20200312_150744!001.mp4
07-05 22:32:36.360 17082 17436 W Summariser:   active sections: 0
07-05 22:32:36.360 17082 17436 W Summariser:   time: 03.512s
07-05 22:32:36.360 17082 17436 W Summariser:   original duration: 16.02
07-05 22:32:36.360 17082 17436 W Summariser:   summarised duration: -1.00
07-05 22:32:36.360 17082 17436 W Summariser:   noise tolerance: 45.00
07-05 22:32:36.360 17082 17436 W Summariser:   quality: 23
07-05 22:32:36.360 17082 17436 W Summariser:   speed: medium
07-05 22:32:36.360 17082 17436 W Summariser:   freeze duration: 1.00
07-05 22:32:39.139 17082 17082 W NearbyFragment: Completed downloading 20200312_150744!002.mp4 from Endpoint{id=njPJ, name=Galaxy S8 [2802]} in 13.018s
07-05 22:32:39.332 17082 17349 W mobile-ffmpeg: [graph 0 input from stream 0:0 @ 0x7a20e2c200] sws_param option is deprecated and ignored
07-05 22:32:44.711 17082 17460 W Summariser: No activity detected
07-05 22:32:44.829 17082 17460 W Summariser: Summarisation completed
07-05 22:32:44.829 17082 17460 W Summariser:   filename: 20200312_150744!002.mp4
07-05 22:32:44.829 17082 17460 W Summariser:   active sections: 0
07-05 22:32:44.829 17082 17460 W Summariser:   time: 05.535s
07-05 22:32:44.829 17082 17460 W Summariser:   original duration: 16.01
07-05 22:32:44.829 17082 17460 W Summariser:   summarised duration: -1.00
07-05 22:32:44.829 17082 17460 W Summariser:   noise tolerance: 45.00
07-05 22:32:44.829 17082 17460 W Summariser:   quality: 23
07-05 22:32:44.829 17082 17460 W Summariser:   speed: medium
07-05 22:32:44.829 17082 17460 W Summariser:   freeze duration: 1.00
07-05 22:32:55.679 17082 17082 W NearbyFragment: Completed downloading 20200312_150844!000.mp4 from Endpoint{id=njPJ, name=Galaxy S8 [2802]} in 03.880s
07-05 22:32:55.875 17082 17349 W mobile-ffmpeg: [graph 0 input from stream 0:0 @ 0x7a20e2c200] sws_param option is deprecated and ignored
07-05 22:33:00.950 17082 17082 W NearbyFragment: Completed downloading 20200312_150844!001.mp4 from Endpoint{id=njPJ, name=Galaxy S8 [2802]} in 05.215s
07-05 22:33:02.152 17082 17490 W Summariser: Whole video is active
07-05 22:33:03.196 17082 17490 W Summariser: Summarisation completed
07-05 22:33:03.196 17082 17490 W Summariser:   filename: 20200312_150844!000.mp4
07-05 22:33:03.196 17082 17490 W Summariser:   active sections: -1
07-05 22:33:03.196 17082 17490 W Summariser:   time: 07.313s
07-05 22:33:03.196 17082 17490 W Summariser:   original duration: 16.06
07-05 22:33:03.196 17082 17490 W Summariser:   summarised duration: 16.06
07-05 22:33:03.196 17082 17490 W Summariser:   noise tolerance: 45.00
07-05 22:33:03.196 17082 17490 W Summariser:   quality: 23
07-05 22:33:03.196 17082 17490 W Summariser:   speed: medium
07-05 22:33:03.196 17082 17490 W Summariser:   freeze duration: 1.00
07-05 22:33:03.211 17082 17490 W NearbyFragment: Sending 20200312_150844!000.mp4 to Galaxy S8 [2802]
07-05 22:33:03.392 17082 17349 W mobile-ffmpeg: [graph 0 input from stream 0:0 @ 0x7a20e2c200] sws_param option is deprecated and ignored
07-05 22:33:09.281 17082 17490 W Summariser: Whole video is active
07-05 22:33:10.251 17082 17490 W Summariser: Summarisation completed
07-05 22:33:10.251 17082 17490 W Summariser:   filename: 20200312_150844!001.mp4
07-05 22:33:10.251 17082 17490 W Summariser:   active sections: -1
07-05 22:33:10.251 17082 17490 W Summariser:   time: 06.806s
07-05 22:33:10.251 17082 17490 W Summariser:   original duration: 16.01
07-05 22:33:10.251 17082 17490 W Summariser:   summarised duration: 16.01
07-05 22:33:10.251 17082 17490 W Summariser:   noise tolerance: 45.00
07-05 22:33:10.251 17082 17490 W Summariser:   quality: 23
07-05 22:33:10.251 17082 17490 W Summariser:   speed: medium
07-05 22:33:10.251 17082 17490 W Summariser:   freeze duration: 1.00
07-05 22:33:10.271 17082 17490 W NearbyFragment: Sending 20200312_150844!001.mp4 to Galaxy S8 [2802]
07-05 22:33:40.668 17082 17082 W NearbyFragment: Completed downloading 20200312_150944!000.mp4 from Endpoint{id=njPJ, name=Galaxy S8 [2802]} in 03.938s
07-05 22:33:40.844 17082 17349 W mobile-ffmpeg: [graph 0 input from stream 0:0 @ 0x7a20e2c200] sws_param option is deprecated and ignored
07-05 22:33:45.334 17082 17082 W NearbyFragment: Completed downloading 20200312_150944!001.mp4 from Endpoint{id=njPJ, name=Galaxy S8 [2802]} in 04.604s
07-05 22:33:45.595 17082 17544 W Summariser: 1 active sections found
07-05 22:33:45.724 17082 17349 W mobile-ffmpeg: [graph 0 input from stream 0:0 @ 0x7a20e2c140] sws_param option is deprecated and ignored
07-05 22:34:08.230 17082 17544 W Summariser: Summarisation completed
07-05 22:34:08.230 17082 17544 W Summariser:   filename: 20200312_150944!000.mp4
07-05 22:34:08.230 17082 17544 W Summariser:   active sections: 1
07-05 22:34:08.230 17082 17544 W Summariser:   time: 27.389s
07-05 22:34:08.230 17082 17544 W Summariser:   original duration: 16.06
07-05 22:34:08.230 17082 17544 W Summariser:   summarised duration: 7.07
07-05 22:34:08.230 17082 17544 W Summariser:   noise tolerance: 45.00
07-05 22:34:08.230 17082 17544 W Summariser:   quality: 23
07-05 22:34:08.230 17082 17544 W Summariser:   speed: medium
07-05 22:34:08.230 17082 17544 W Summariser:   freeze duration: 1.00
07-05 22:34:08.246 17082 17544 W NearbyFragment: Sending 20200312_150944!000.mp4 to Galaxy S8 [2802]
07-05 22:34:08.451 17082 17349 W mobile-ffmpeg: [graph 0 input from stream 0:0 @ 0x7a20e2c2c0] sws_param option is deprecated and ignored
07-05 22:34:13.924 17082 17544 W Summariser: No activity detected
07-05 22:34:14.042 17082 17544 W Summariser: Summarisation completed
07-05 22:34:14.042 17082 17544 W Summariser:   filename: 20200312_150944!001.mp4
07-05 22:34:14.042 17082 17544 W Summariser:   active sections: 0
07-05 22:34:14.042 17082 17544 W Summariser:   time: 05.660s
07-05 22:34:14.042 17082 17544 W Summariser:   original duration: 16.01
07-05 22:34:14.042 17082 17544 W Summariser:   summarised duration: -1.00
07-05 22:34:14.042 17082 17544 W Summariser:   noise tolerance: 45.00
07-05 22:34:14.042 17082 17544 W Summariser:   quality: 23
07-05 22:34:14.042 17082 17544 W Summariser:   speed: medium
07-05 22:34:14.042 17082 17544 W Summariser:   freeze duration: 1.00
07-05 22:34:26.997 17082 17082 W NearbyFragment: Completed downloading 20200312_151044!002.mp4 from Endpoint{id=njPJ, name=Galaxy S8 [2802]} in 13.916s
07-05 22:34:27.219 17082 17349 W mobile-ffmpeg: [graph 0 input from stream 0:0 @ 0x7a20e2c200] sws_param option is deprecated and ignored
07-05 22:34:33.167 17082 17627 W Summariser: No activity detected
07-05 22:34:33.281 17082 17627 W Summariser: Summarisation completed
07-05 22:34:33.281 17082 17627 W Summariser:   filename: 20200312_151044!002.mp4
07-05 22:34:33.281 17082 17627 W Summariser:   active sections: 0
07-05 22:34:33.281 17082 17627 W Summariser:   time: 06.127s
07-05 22:34:33.281 17082 17627 W Summariser:   original duration: 16.01
07-05 22:34:33.281 17082 17627 W Summariser:   summarised duration: -1.00
07-05 22:34:33.281 17082 17627 W Summariser:   noise tolerance: 45.00
07-05 22:34:33.281 17082 17627 W Summariser:   quality: 23
07-05 22:34:33.281 17082 17627 W Summariser:   speed: medium
07-05 22:34:33.281 17082 17627 W Summariser:   freeze duration: 1.00
07-05 22:34:33.412 17082 17082 W NearbyFragment: Completed downloading 20200312_151044!003.mp4 from Endpoint{id=njPJ, name=Galaxy S8 [2802]} in 18.468s
07-05 22:34:33.562 17082 17349 W mobile-ffmpeg: [graph 0 input from stream 0:0 @ 0x7a20e2c200] sws_param option is deprecated and ignored
07-05 22:34:37.675 17082 17642 W Summariser: No activity detected
07-05 22:34:37.761 17082 17642 W Summariser: Summarisation completed
07-05 22:34:37.761 17082 17642 W Summariser:   filename: 20200312_151044!003.mp4
07-05 22:34:37.761 17082 17642 W Summariser:   active sections: 0
07-05 22:34:37.761 17082 17642 W Summariser:   time: 04.238s
07-05 22:34:37.761 17082 17642 W Summariser:   original duration: 12.03
07-05 22:34:37.761 17082 17642 W Summariser:   summarised duration: -1.00
07-05 22:34:37.761 17082 17642 W Summariser:   noise tolerance: 45.00
07-05 22:34:37.761 17082 17642 W Summariser:   quality: 23
07-05 22:34:37.761 17082 17642 W Summariser:   speed: medium
07-05 22:34:37.761 17082 17642 W Summariser:   freeze duration: 1.00
07-05 22:34:55.640 17082 17082 W NearbyFragment: Completed downloading 20200312_193528!002.mp4 from Endpoint{id=njPJ, name=Galaxy S8 [2802]} in 12.344s
07-05 22:34:55.844 17082 17349 W mobile-ffmpeg: [graph 0 input from stream 0:0 @ 0x7a20e2c200] sws_param option is deprecated and ignored
07-05 22:34:59.506 17082 17082 W NearbyFragment: Completed downloading 20200312_193528!003.mp4 from Endpoint{id=njPJ, name=Galaxy S8 [2802]} in 08.532s
07-05 22:35:01.963 17082 17661 W Summariser: No activity detected
07-05 22:35:02.039 17082 17661 W Summariser: Summarisation completed
07-05 22:35:02.039 17082 17661 W Summariser:   filename: 20200312_193528!002.mp4
07-05 22:35:02.039 17082 17661 W Summariser:   active sections: 0
07-05 22:35:02.039 17082 17661 W Summariser:   time: 06.278s
07-05 22:35:02.039 17082 17661 W Summariser:   original duration: 16.06
07-05 22:35:02.039 17082 17661 W Summariser:   summarised duration: -1.00
07-05 22:35:02.039 17082 17661 W Summariser:   noise tolerance: 45.00
07-05 22:35:02.039 17082 17661 W Summariser:   quality: 23
07-05 22:35:02.039 17082 17661 W Summariser:   speed: medium
07-05 22:35:02.039 17082 17661 W Summariser:   freeze duration: 1.00
07-05 22:35:02.213 17082 17349 W mobile-ffmpeg: [graph 0 input from stream 0:0 @ 0x7a20e2c200] sws_param option is deprecated and ignored
07-05 22:35:06.338 17082 17661 W Summariser: No activity detected
07-05 22:35:06.455 17082 17661 W Summariser: Summarisation completed
07-05 22:35:06.455 17082 17661 W Summariser:   filename: 20200312_193528!003.mp4
07-05 22:35:06.455 17082 17661 W Summariser:   active sections: 0
07-05 22:35:06.455 17082 17661 W Summariser:   time: 04.281s
07-05 22:35:06.455 17082 17661 W Summariser:   original duration: 12.01
07-05 22:35:06.455 17082 17661 W Summariser:   summarised duration: -1.00
07-05 22:35:06.455 17082 17661 W Summariser:   noise tolerance: 45.00
07-05 22:35:06.455 17082 17661 W Summariser:   quality: 23
07-05 22:35:06.455 17082 17661 W Summariser:   speed: medium
07-05 22:35:06.455 17082 17661 W Summariser:   freeze duration: 1.00
07-05 22:35:24.027 17082 17082 W NearbyFragment: Completed downloading 20200312_193628!002.mp4 from Endpoint{id=njPJ, name=Galaxy S8 [2802]} in 12.910s
07-05 22:35:24.247 17082 17349 W mobile-ffmpeg: [graph 0 input from stream 0:0 @ 0x7a20e2c200] sws_param option is deprecated and ignored
07-05 22:35:27.695 17082 17082 W NearbyFragment: Completed downloading 20200312_193628!003.mp4 from Endpoint{id=njPJ, name=Galaxy S8 [2802]} in 08.782s
07-05 22:35:30.272 17082 17701 W Summariser: No activity detected
07-05 22:35:30.390 17082 17701 W Summariser: Summarisation completed
07-05 22:35:30.390 17082 17701 W Summariser:   filename: 20200312_193628!002.mp4
07-05 22:35:30.390 17082 17701 W Summariser:   active sections: 0
07-05 22:35:30.390 17082 17701 W Summariser:   time: 06.197s
07-05 22:35:30.390 17082 17701 W Summariser:   original duration: 16.02
07-05 22:35:30.390 17082 17701 W Summariser:   summarised duration: -1.00
07-05 22:35:30.390 17082 17701 W Summariser:   noise tolerance: 45.00
07-05 22:35:30.390 17082 17701 W Summariser:   quality: 23
07-05 22:35:30.390 17082 17701 W Summariser:   speed: medium
07-05 22:35:30.390 17082 17701 W Summariser:   freeze duration: 1.00
07-05 22:35:30.527 17082 17349 W mobile-ffmpeg: [graph 0 input from stream 0:0 @ 0x7a20e2c200] sws_param option is deprecated and ignored
07-05 22:35:34.839 17082 17701 W Summariser: 1 active sections found
07-05 22:35:34.975 17082 17349 W mobile-ffmpeg: [graph 0 input from stream 0:0 @ 0x7a20e2c140] sws_param option is deprecated and ignored
07-05 22:35:54.026 17082 17082 W NearbyFragment: Completed downloading 20200312_193728!002.mp4 from Endpoint{id=njPJ, name=Galaxy S8 [2802]} in 07.022s
07-05 22:36:02.680 17082 17701 W Summariser: Summarisation completed
07-05 22:36:02.680 17082 17701 W Summariser:   filename: 20200312_193628!003.mp4
07-05 22:36:02.680 17082 17701 W Summariser:   active sections: 1
07-05 22:36:02.680 17082 17701 W Summariser:   time: 32.149s
07-05 22:36:02.680 17082 17701 W Summariser:   original duration: 12.03
07-05 22:36:02.680 17082 17701 W Summariser:   summarised duration: 6.16
07-05 22:36:02.680 17082 17701 W Summariser:   noise tolerance: 45.00
07-05 22:36:02.680 17082 17701 W Summariser:   quality: 23
07-05 22:36:02.680 17082 17701 W Summariser:   speed: medium
07-05 22:36:02.680 17082 17701 W Summariser:   freeze duration: 1.00
07-05 22:36:02.698 17082 17701 W NearbyFragment: Sending 20200312_193628!003.mp4 to Galaxy S8 [2802]
07-05 22:36:02.866 17082 17349 W mobile-ffmpeg: [graph 0 input from stream 0:0 @ 0x7a20e2c2c0] sws_param option is deprecated and ignored
07-05 22:36:08.525 17082 17701 W Summariser: Whole video is active
07-05 22:36:09.496 17082 17701 W Summariser: Summarisation completed
07-05 22:36:09.496 17082 17701 W Summariser:   filename: 20200312_193728!002.mp4
07-05 22:36:09.496 17082 17701 W Summariser:   active sections: -1
07-05 22:36:09.496 17082 17701 W Summariser:   time: 06.564s
07-05 22:36:09.496 17082 17701 W Summariser:   original duration: 16.01
07-05 22:36:09.496 17082 17701 W Summariser:   summarised duration: 16.01
07-05 22:36:09.496 17082 17701 W Summariser:   noise tolerance: 45.00
07-05 22:36:09.496 17082 17701 W Summariser:   quality: 23
07-05 22:36:09.496 17082 17701 W Summariser:   speed: medium
07-05 22:36:09.496 17082 17701 W Summariser:   freeze duration: 1.00
07-05 22:36:09.516 17082 17701 W NearbyFragment: Sending 20200312_193728!002.mp4 to Galaxy S8 [2802]
07-05 22:36:26.930 17082 17082 W NearbyFragment: Completed downloading 20200312_193828!001.mp4 from Endpoint{id=njPJ, name=Galaxy S8 [2802]} in 05.236s
07-05 22:36:27.120 17082 17349 W mobile-ffmpeg: [graph 0 input from stream 0:0 @ 0x7a20e2c200] sws_param option is deprecated and ignored
07-05 22:36:32.639 17082 17792 W Summariser: No activity detected
07-05 22:36:32.750 17082 17792 W Summariser: Summarisation completed
07-05 22:36:32.750 17082 17792 W Summariser:   filename: 20200312_193828!001.mp4
07-05 22:36:32.750 17082 17792 W Summariser:   active sections: 0
07-05 22:36:32.750 17082 17792 W Summariser:   time: 05.671s
07-05 22:36:32.750 17082 17792 W Summariser:   original duration: 16.01
07-05 22:36:32.750 17082 17792 W Summariser:   summarised duration: -1.00
07-05 22:36:32.750 17082 17792 W Summariser:   noise tolerance: 45.00
07-05 22:36:32.750 17082 17792 W Summariser:   quality: 23
07-05 22:36:32.750 17082 17792 W Summariser:   speed: medium
07-05 22:36:32.750 17082 17792 W Summariser:   freeze duration: 1.00
07-05 22:36:34.993 17082 17082 W NearbyFragment: Completed downloading 20200312_193828!003.mp4 from Endpoint{id=njPJ, name=Galaxy S8 [2802]} in 02.959s
07-05 22:36:35.160 17082 17349 W mobile-ffmpeg: [graph 0 input from stream 0:0 @ 0x7a20e2c200] sws_param option is deprecated and ignored
07-05 22:36:39.275 17082 17811 W Summariser: No activity detected
07-05 22:36:39.344 17082 17811 W Summariser: Summarisation completed
07-05 22:36:39.344 17082 17811 W Summariser:   filename: 20200312_193828!003.mp4
07-05 22:36:39.344 17082 17811 W Summariser:   active sections: 0
07-05 22:36:39.344 17082 17811 W Summariser:   time: 04.236s
07-05 22:36:39.344 17082 17811 W Summariser:   original duration: 12.01
07-05 22:36:39.344 17082 17811 W Summariser:   summarised duration: -1.00
07-05 22:36:39.344 17082 17811 W Summariser:   noise tolerance: 45.00
07-05 22:36:39.344 17082 17811 W Summariser:   quality: 23
07-05 22:36:39.344 17082 17811 W Summariser:   speed: medium
07-05 22:36:39.344 17082 17811 W Summariser:   freeze duration: 1.00
07-05 22:36:51.088 17082 17082 W NearbyFragment: Completed downloading 20200312_193928!000.mp4 from Endpoint{id=njPJ, name=Galaxy S8 [2802]} in 04.369s
07-05 22:36:51.265 17082 17349 W mobile-ffmpeg: [graph 0 input from stream 0:0 @ 0x7a20e2c200] sws_param option is deprecated and ignored
07-05 22:36:56.038 17082 17082 W NearbyFragment: Completed downloading 20200312_193928!001.mp4 from Endpoint{id=njPJ, name=Galaxy S8 [2802]} in 04.896s
07-05 22:36:57.519 17082 17830 W Summariser: No activity detected
07-05 22:36:57.595 17082 17830 W Summariser: Summarisation completed
07-05 22:36:57.595 17082 17830 W Summariser:   filename: 20200312_193928!000.mp4
07-05 22:36:57.595 17082 17830 W Summariser:   active sections: 0
07-05 22:36:57.595 17082 17830 W Summariser:   time: 06.392s
07-05 22:36:57.595 17082 17830 W Summariser:   original duration: 16.90
07-05 22:36:57.595 17082 17830 W Summariser:   summarised duration: -1.00
07-05 22:36:57.595 17082 17830 W Summariser:   noise tolerance: 45.00
07-05 22:36:57.595 17082 17830 W Summariser:   quality: 23
07-05 22:36:57.595 17082 17830 W Summariser:   speed: medium
07-05 22:36:57.595 17082 17830 W Summariser:   freeze duration: 1.00
07-05 22:36:57.794 17082 17349 W mobile-ffmpeg: [graph 0 input from stream 0:0 @ 0x7a20e2bb40] sws_param option is deprecated and ignored
07-05 22:37:01.011 17082 17082 W NearbyFragment: Completed downloading 20200312_193928!002.mp4 from Endpoint{id=njPJ, name=Galaxy S8 [2802]} in 04.894s
07-05 22:37:04.194 17082 17830 W Summariser: No activity detected
07-05 22:37:04.230 17082 17082 W NearbyFragment: Completed downloading 20200312_193928!003.mp4 from Endpoint{id=njPJ, name=Galaxy S8 [2802]} in 06.228s
07-05 22:37:04.311 17082 17830 W Summariser: Summarisation completed
07-05 22:37:04.311 17082 17830 W Summariser:   filename: 20200312_193928!001.mp4
07-05 22:37:04.311 17082 17830 W Summariser:   active sections: 0
07-05 22:37:04.311 17082 17830 W Summariser:   time: 06.590s
07-05 22:37:04.311 17082 17830 W Summariser:   original duration: 16.05
07-05 22:37:04.311 17082 17830 W Summariser:   summarised duration: -1.00
07-05 22:37:04.311 17082 17830 W Summariser:   noise tolerance: 45.00
07-05 22:37:04.311 17082 17830 W Summariser:   quality: 23
07-05 22:37:04.311 17082 17830 W Summariser:   speed: medium
07-05 22:37:04.311 17082 17830 W Summariser:   freeze duration: 1.00
07-05 22:37:04.438 17082 17349 W mobile-ffmpeg: [graph 0 input from stream 0:0 @ 0x7a20e2bb40] sws_param option is deprecated and ignored
07-05 22:37:09.946 17082 17830 W Summariser: No activity detected
07-05 22:37:10.014 17082 17830 W Summariser: Summarisation completed
07-05 22:37:10.014 17082 17830 W Summariser:   filename: 20200312_193928!002.mp4
07-05 22:37:10.014 17082 17830 W Summariser:   active sections: 0
07-05 22:37:10.014 17082 17830 W Summariser:   time: 05.626s
07-05 22:37:10.014 17082 17830 W Summariser:   original duration: 16.06
07-05 22:37:10.014 17082 17830 W Summariser:   summarised duration: -1.00
07-05 22:37:10.014 17082 17830 W Summariser:   noise tolerance: 45.00
07-05 22:37:10.014 17082 17830 W Summariser:   quality: 23
07-05 22:37:10.014 17082 17830 W Summariser:   speed: medium
07-05 22:37:10.014 17082 17830 W Summariser:   freeze duration: 1.00
07-05 22:37:10.175 17082 17349 W mobile-ffmpeg: [graph 0 input from stream 0:0 @ 0x7a20e2bb40] sws_param option is deprecated and ignored
07-05 22:37:14.401 17082 17830 W Summariser: No activity detected
07-05 22:37:14.523 17082 17830 W Summariser: Summarisation completed
07-05 22:37:14.523 17082 17830 W Summariser:   filename: 20200312_193928!003.mp4
07-05 22:37:14.523 17082 17830 W Summariser:   active sections: 0
07-05 22:37:14.523 17082 17830 W Summariser:   time: 04.377s
07-05 22:37:14.523 17082 17830 W Summariser:   original duration: 12.01
07-05 22:37:14.523 17082 17830 W Summariser:   summarised duration: -1.00
07-05 22:37:14.523 17082 17830 W Summariser:   noise tolerance: 45.00
07-05 22:37:14.523 17082 17830 W Summariser:   quality: 23
07-05 22:37:14.523 17082 17830 W Summariser:   speed: medium
07-05 22:37:14.523 17082 17830 W Summariser:   freeze duration: 1.00
07-05 22:37:16.974 17082 17082 W NearbyFragment: Completed downloading 20200312_194129!000.mp4 from Endpoint{id=njPJ, name=Galaxy S8 [2802]} in 03.352s
07-05 22:37:17.122 17082 17349 W mobile-ffmpeg: [graph 0 input from stream 0:0 @ 0x7a20e2bfc0] sws_param option is deprecated and ignored
07-05 22:37:22.906 17082 17082 W NearbyFragment: Completed downloading 20200312_194129!001.mp4 from Endpoint{id=njPJ, name=Galaxy S8 [2802]} in 07.927s
07-05 22:37:23.560 17082 17896 W Summariser: No activity detected
07-05 22:37:23.628 17082 17896 W Summariser: Summarisation completed
07-05 22:37:23.628 17082 17896 W Summariser:   filename: 20200312_194129!000.mp4
07-05 22:37:23.628 17082 17896 W Summariser:   active sections: 0
07-05 22:37:23.628 17082 17896 W Summariser:   time: 06.544s
07-05 22:37:23.628 17082 17896 W Summariser:   original duration: 16.07
07-05 22:37:23.628 17082 17896 W Summariser:   summarised duration: -1.00
07-05 22:37:23.628 17082 17896 W Summariser:   noise tolerance: 45.00
07-05 22:37:23.628 17082 17896 W Summariser:   quality: 23
07-05 22:37:23.628 17082 17896 W Summariser:   speed: medium
07-05 22:37:23.628 17082 17896 W Summariser:   freeze duration: 1.00
07-05 22:37:23.816 17082 17349 W mobile-ffmpeg: [graph 0 input from stream 0:0 @ 0x7a20e2b840] sws_param option is deprecated and ignored
07-05 22:37:27.031 17082 17082 W NearbyFragment: Completed downloading 20200312_194129!002.mp4 from Endpoint{id=njPJ, name=Galaxy S8 [2802]} in 09.416s
07-05 22:37:29.954 17082 17896 W Summariser: 1 active sections found
07-05 22:37:30.121 17082 17349 W mobile-ffmpeg: [graph 0 input from stream 0:0 @ 0x7a20e2b780] sws_param option is deprecated and ignored
07-05 22:37:43.908 17082 17082 W NearbyFragment: Completed downloading 20200312_194229!000.mp4 from Endpoint{id=njPJ, name=Galaxy S8 [2802]} in 03.148s
07-05 22:37:45.200 17082 17896 W Summariser: Summarisation completed
07-05 22:37:45.200 17082 17896 W Summariser:   filename: 20200312_194129!001.mp4
07-05 22:37:45.200 17082 17896 W Summariser:   active sections: 1
07-05 22:37:45.200 17082 17896 W Summariser:   time: 21.382s
07-05 22:37:45.200 17082 17896 W Summariser:   original duration: 16.02
07-05 22:37:45.200 17082 17896 W Summariser:   summarised duration: 2.97
07-05 22:37:45.200 17082 17896 W Summariser:   noise tolerance: 45.00
07-05 22:37:45.200 17082 17896 W Summariser:   quality: 23
07-05 22:37:45.200 17082 17896 W Summariser:   speed: medium
07-05 22:37:45.200 17082 17896 W Summariser:   freeze duration: 1.00
07-05 22:37:45.219 17082 17896 W NearbyFragment: Sending 20200312_194129!001.mp4 to Galaxy S8 [2802]
07-05 22:37:45.429 17082 17349 W mobile-ffmpeg: [graph 0 input from stream 0:0 @ 0x7a20e2be40] sws_param option is deprecated and ignored
07-05 22:37:51.214 17082 17896 W Summariser: 1 active sections found
07-05 22:37:51.374 17082 17349 W mobile-ffmpeg: [graph 0 input from stream 0:0 @ 0x7a20e2b840] sws_param option is deprecated and ignored
07-05 22:38:01.242 17082 17082 W NearbyFragment: Completed downloading 20200312_194229!003.mp4 from Endpoint{id=njPJ, name=Galaxy S8 [2802]} in 11.098s
07-05 22:38:17.811 17082 17896 W Summariser: Summarisation completed
07-05 22:38:17.811 17082 17896 W Summariser:   filename: 20200312_194129!002.mp4
07-05 22:38:17.811 17082 17896 W Summariser:   active sections: 1
07-05 22:38:17.811 17082 17896 W Summariser:   time: 32.424s
07-05 22:38:17.811 17082 17896 W Summariser:   original duration: 16.01
07-05 22:38:17.811 17082 17896 W Summariser:   summarised duration: 7.37
07-05 22:38:17.811 17082 17896 W Summariser:   noise tolerance: 45.00
07-05 22:38:17.811 17082 17896 W Summariser:   quality: 23
07-05 22:38:17.811 17082 17896 W Summariser:   speed: medium
07-05 22:38:17.811 17082 17896 W Summariser:   freeze duration: 1.00
07-05 22:38:17.824 17082 17896 W NearbyFragment: Sending 20200312_194129!002.mp4 to Galaxy S8 [2802]
07-05 22:38:18.009 17082 17349 W mobile-ffmpeg: [graph 0 input from stream 0:0 @ 0x7a20e2be40] sws_param option is deprecated and ignored
07-05 22:38:24.487 17082 17896 W Summariser: 1 active sections found
07-05 22:38:24.637 17082 17349 W mobile-ffmpeg: [graph 0 input from stream 0:0 @ 0x7a20e2ba80] sws_param option is deprecated and ignored
07-05 22:38:25.265 17082 17082 W NearbyFragment: Completed downloading 20200312_194330!001.mp4 from Endpoint{id=njPJ, name=Galaxy S8 [2802]} in 09.292s
07-05 22:38:29.305 17082 17082 W NearbyFragment: Completed downloading 20200312_194330!002.mp4 from Endpoint{id=njPJ, name=Galaxy S8 [2802]} in 10.910s
07-05 22:38:42.202 17082 17082 W NearbyFragment: Completed downloading 20200312_194730!000.mp4 from Endpoint{id=njPJ, name=Galaxy S8 [2802]} in 03.791s
07-05 22:38:51.251 17082 17896 W Summariser: Summarisation completed
07-05 22:38:51.251 17082 17896 W Summariser:   filename: 20200312_194229!000.mp4
07-05 22:38:51.251 17082 17896 W Summariser:   active sections: 1
07-05 22:38:51.251 17082 17896 W Summariser:   time: 33.270s
07-05 22:38:51.251 17082 17896 W Summariser:   original duration: 16.06
07-05 22:38:51.251 17082 17896 W Summariser:   summarised duration: 5.62
07-05 22:38:51.251 17082 17896 W Summariser:   noise tolerance: 45.00
07-05 22:38:51.251 17082 17896 W Summariser:   quality: 23
07-05 22:38:51.251 17082 17896 W Summariser:   speed: medium
07-05 22:38:51.251 17082 17896 W Summariser:   freeze duration: 1.00
07-05 22:38:51.276 17082 17896 W NearbyFragment: Sending 20200312_194229!000.mp4 to Galaxy S8 [2802]
07-05 22:38:51.456 17082 17349 W mobile-ffmpeg: [graph 0 input from stream 0:0 @ 0x7a20e2be40] sws_param option is deprecated and ignored
07-05 22:38:56.257 17082 17896 W Summariser: No activity detected
07-05 22:38:56.340 17082 17896 W Summariser: Summarisation completed
07-05 22:38:56.340 17082 17896 W Summariser:   filename: 20200312_194229!003.mp4
07-05 22:38:56.340 17082 17896 W Summariser:   active sections: 0
07-05 22:38:56.340 17082 17896 W Summariser:   time: 04.963s
07-05 22:38:56.340 17082 17896 W Summariser:   original duration: 11.98
07-05 22:38:56.340 17082 17896 W Summariser:   summarised duration: -1.00
07-05 22:38:56.340 17082 17896 W Summariser:   noise tolerance: 45.00
07-05 22:38:56.340 17082 17896 W Summariser:   quality: 23
07-05 22:38:56.340 17082 17896 W Summariser:   speed: medium
07-05 22:38:56.340 17082 17896 W Summariser:   freeze duration: 1.00
07-05 22:38:56.538 17082 17349 W mobile-ffmpeg: [graph 0 input from stream 0:0 @ 0x7a20e2bd80] sws_param option is deprecated and ignored
07-05 22:39:01.628 17082 17082 W NearbyFragment: Completed downloading 20200312_194730!003.mp4 from Endpoint{id=njPJ, name=Galaxy S8 [2802]} in 12.642s
07-05 22:39:04.840 17082 17896 W Summariser: No activity detected
07-05 22:39:04.997 17082 17896 W Summariser: Summarisation completed
07-05 22:39:04.997 17082 17896 W Summariser:   filename: 20200312_194330!001.mp4
07-05 22:39:04.997 17082 17896 W Summariser:   active sections: 0
07-05 22:39:04.997 17082 17896 W Summariser:   time: 08.486s
07-05 22:39:04.997 17082 17896 W Summariser:   original duration: 16.01
07-05 22:39:04.997 17082 17896 W Summariser:   summarised duration: -1.00
07-05 22:39:04.997 17082 17896 W Summariser:   noise tolerance: 45.00
07-05 22:39:04.997 17082 17896 W Summariser:   quality: 23
07-05 22:39:04.997 17082 17896 W Summariser:   speed: medium
07-05 22:39:04.997 17082 17896 W Summariser:   freeze duration: 1.00
07-05 22:39:05.244 17082 17349 W mobile-ffmpeg: [graph 0 input from stream 0:0 @ 0x7a20e2bd80] sws_param option is deprecated and ignored
07-05 22:39:13.270 17082 17896 W Summariser: No activity detected
07-05 22:39:13.431 17082 17896 W Summariser: Summarisation completed
07-05 22:39:13.431 17082 17896 W Summariser:   filename: 20200312_194330!002.mp4
07-05 22:39:13.431 17082 17896 W Summariser:   active sections: 0
07-05 22:39:13.431 17082 17896 W Summariser:   time: 08.247s
07-05 22:39:13.431 17082 17896 W Summariser:   original duration: 16.01
07-05 22:39:13.431 17082 17896 W Summariser:   summarised duration: -1.00
07-05 22:39:13.431 17082 17896 W Summariser:   noise tolerance: 45.00
07-05 22:39:13.431 17082 17896 W Summariser:   quality: 23
07-05 22:39:13.431 17082 17896 W Summariser:   speed: medium
07-05 22:39:13.431 17082 17896 W Summariser:   freeze duration: 1.00
07-05 22:39:13.624 17082 17349 W mobile-ffmpeg: [graph 0 input from stream 0:0 @ 0x7a20e2bd80] sws_param option is deprecated and ignored
07-05 22:39:22.629 17082 17082 W NearbyFragment: Completed downloading 20200312_194830!001.mp4 from Endpoint{id=njPJ, name=Galaxy S8 [2802]} in 09.120s
07-05 22:39:22.830 17082 17896 W Summariser: No activity detected
07-05 22:39:22.926 17082 17896 W Summariser: Summarisation completed
07-05 22:39:22.926 17082 17896 W Summariser:   filename: 20200312_194730!000.mp4
07-05 22:39:22.926 17082 17896 W Summariser:   active sections: 0
07-05 22:39:22.926 17082 17896 W Summariser:   time: 09.380s
07-05 22:39:22.926 17082 17896 W Summariser:   original duration: 16.07
07-05 22:39:22.926 17082 17896 W Summariser:   summarised duration: -1.00
07-05 22:39:22.926 17082 17896 W Summariser:   noise tolerance: 45.00
07-05 22:39:22.926 17082 17896 W Summariser:   quality: 23
07-05 22:39:22.926 17082 17896 W Summariser:   speed: medium
07-05 22:39:22.926 17082 17896 W Summariser:   freeze duration: 1.00
07-05 22:39:23.131 17082 17349 W mobile-ffmpeg: [graph 0 input from stream 0:0 @ 0x7a20e2bd80] sws_param option is deprecated and ignored
07-05 22:39:29.472 17082 17082 W NearbyFragment: Completed downloading 20200312_194830!002.mp4 from Endpoint{id=njPJ, name=Galaxy S8 [2802]} in 13.346s
07-05 22:39:30.171 17082 17896 W Summariser: No activity detected
07-05 22:39:30.273 17082 17896 W Summariser: Summarisation completed
07-05 22:39:30.273 17082 17896 W Summariser:   filename: 20200312_194730!003.mp4
07-05 22:39:30.273 17082 17896 W Summariser:   active sections: 0
07-05 22:39:30.273 17082 17896 W Summariser:   time: 07.222s
07-05 22:39:30.273 17082 17896 W Summariser:   original duration: 12.03
07-05 22:39:30.273 17082 17896 W Summariser:   summarised duration: -1.00
07-05 22:39:30.273 17082 17896 W Summariser:   noise tolerance: 45.00
07-05 22:39:30.273 17082 17896 W Summariser:   quality: 23
07-05 22:39:30.273 17082 17896 W Summariser:   speed: medium
07-05 22:39:30.273 17082 17896 W Summariser:   freeze duration: 1.00
07-05 22:39:30.516 17082 17349 W mobile-ffmpeg: [graph 0 input from stream 0:0 @ 0x7a20e2bd80] sws_param option is deprecated and ignored
07-05 22:39:39.109 17082 17896 W Summariser: 2 active sections found
07-05 22:39:39.342 17082 17349 W mobile-ffmpeg: [graph 0 input from stream 0:0 @ 0x7a20e2bd80] sws_param option is deprecated and ignored
07-05 22:39:39.342 17082 17349 W mobile-ffmpeg: [graph 0 input from stream 0:0 @ 0x7a20e2c140] sws_param option is deprecated and ignored
07-05 22:39:41.339 17082 17082 W NearbyFragment: Completed downloading 20200312_194930!000.mp4 from Endpoint{id=njPJ, name=Galaxy S8 [2802]} in 03.228s
07-05 22:39:52.986 17082 17082 W NearbyFragment: Completed downloading 20200312_194930!002.mp4 from Endpoint{id=njPJ, name=Galaxy S8 [2802]} in 04.750s
07-05 22:40:13.074 17082 17082 W NearbyFragment: Completed downloading 20200312_195230!000.mp4 from Endpoint{id=njPJ, name=Galaxy S8 [2802]} in 06.495s
07-05 22:40:23.231 17082 17082 W NearbyFragment: Completed downloading 20200312_195230!002.mp4 from Endpoint{id=njPJ, name=Galaxy S8 [2802]} in 10.046s
07-05 22:40:27.466 17082 17896 W Summariser: Summarisation completed
07-05 22:40:27.466 17082 17896 W Summariser:   filename: 20200312_194830!001.mp4
07-05 22:40:27.466 17082 17896 W Summariser:   active sections: 2
07-05 22:40:27.466 17082 17896 W Summariser:   time: 56.935s
07-05 22:40:27.466 17082 17896 W Summariser:   original duration: 16.01
07-05 22:40:27.466 17082 17896 W Summariser:   summarised duration: 8.10
07-05 22:40:27.466 17082 17896 W Summariser:   noise tolerance: 45.00
07-05 22:40:27.466 17082 17896 W Summariser:   quality: 23
07-05 22:40:27.466 17082 17896 W Summariser:   speed: medium
07-05 22:40:27.466 17082 17896 W Summariser:   freeze duration: 1.00
07-05 22:40:27.483 17082 17896 W NearbyFragment: Sending 20200312_194830!001.mp4 to Galaxy S8 [2802]
07-05 22:40:27.765 17082 17349 W mobile-ffmpeg: [graph 0 input from stream 0:0 @ 0x7a20e2b9c0] sws_param option is deprecated and ignored
07-05 22:40:36.345 17082 17896 W Summariser: 2 active sections found
07-05 22:40:36.588 17082 17349 W mobile-ffmpeg: [graph 0 input from stream 0:0 @ 0x7a20e2b9c0] sws_param option is deprecated and ignored
07-05 22:40:36.588 17082 17349 W mobile-ffmpeg: [graph 0 input from stream 0:0 @ 0x7a20e2c140] sws_param option is deprecated and ignored
07-05 22:40:47.352 17082 17082 W NearbyFragment: Completed downloading 20200312_195330!001.mp4 from Endpoint{id=njPJ, name=Galaxy S8 [2802]} in 04.984s
07-05 22:41:08.163 17082 17082 W NearbyFragment: Completed downloading 20200312_195430!000.mp4 from Endpoint{id=njPJ, name=Galaxy S8 [2802]} in 03.324s
07-05 22:41:18.041 17082 17082 W NearbyFragment: Completed downloading 20200312_195430!002.mp4 from Endpoint{id=njPJ, name=Galaxy S8 [2802]} in 03.096s
07-05 22:41:23.644 17082 17896 W Summariser: Summarisation completed
07-05 22:41:23.644 17082 17896 W Summariser:   filename: 20200312_194830!002.mp4
07-05 22:41:23.644 17082 17896 W Summariser:   active sections: 2
07-05 22:41:23.644 17082 17896 W Summariser:   time: 55.968s
07-05 22:41:23.644 17082 17896 W Summariser:   original duration: 16.01
07-05 22:41:23.644 17082 17896 W Summariser:   summarised duration: 8.84
07-05 22:41:23.644 17082 17896 W Summariser:   noise tolerance: 45.00
07-05 22:41:23.644 17082 17896 W Summariser:   quality: 23
07-05 22:41:23.644 17082 17896 W Summariser:   speed: medium
07-05 22:41:23.644 17082 17896 W Summariser:   freeze duration: 1.00
07-05 22:41:23.662 17082 17896 W NearbyFragment: Sending 20200312_194830!002.mp4 to Galaxy S8 [2802]
07-05 22:41:23.850 17082 17349 W mobile-ffmpeg: [graph 0 input from stream 0:0 @ 0x7a20e2b9c0] sws_param option is deprecated and ignored
07-05 22:41:29.561 17082 17896 W Summariser: 1 active sections found
07-05 22:41:29.686 17082 17349 W mobile-ffmpeg: [graph 0 input from stream 0:0 @ 0x7a20e2b9c0] sws_param option is deprecated and ignored
07-05 22:42:04.392 17082 17896 W Summariser: Summarisation completed
07-05 22:42:04.392 17082 17896 W Summariser:   filename: 20200312_194930!000.mp4
07-05 22:42:04.392 17082 17896 W Summariser:   active sections: 1
07-05 22:42:04.392 17082 17896 W Summariser:   time: 40.592s
07-05 22:42:04.392 17082 17896 W Summariser:   original duration: 16.07
07-05 22:42:04.392 17082 17896 W Summariser:   summarised duration: 9.36
07-05 22:42:04.392 17082 17896 W Summariser:   noise tolerance: 45.00
07-05 22:42:04.392 17082 17896 W Summariser:   quality: 23
07-05 22:42:04.392 17082 17896 W Summariser:   speed: medium
07-05 22:42:04.392 17082 17896 W Summariser:   freeze duration: 1.00
07-05 22:42:04.410 17082 17896 W NearbyFragment: Sending 20200312_194930!000.mp4 to Galaxy S8 [2802]
07-05 22:42:04.585 17082 17349 W mobile-ffmpeg: [graph 0 input from stream 0:0 @ 0x7a20e2bb40] sws_param option is deprecated and ignored
07-05 22:42:10.039 17082 17896 W Summariser: No activity detected
07-05 22:42:10.138 17082 17896 W Summariser: Summarisation completed
07-05 22:42:10.138 17082 17896 W Summariser:   filename: 20200312_194930!002.mp4
07-05 22:42:10.138 17082 17896 W Summariser:   active sections: 0
07-05 22:42:10.138 17082 17896 W Summariser:   time: 05.613s
07-05 22:42:10.138 17082 17896 W Summariser:   original duration: 16.01
07-05 22:42:10.138 17082 17896 W Summariser:   summarised duration: -1.00
07-05 22:42:10.138 17082 17896 W Summariser:   noise tolerance: 45.00
07-05 22:42:10.138 17082 17896 W Summariser:   quality: 23
07-05 22:42:10.138 17082 17896 W Summariser:   speed: medium
07-05 22:42:10.138 17082 17896 W Summariser:   freeze duration: 1.00
07-05 22:42:10.283 17082 17349 W mobile-ffmpeg: [graph 0 input from stream 0:0 @ 0x7a20e2bb40] sws_param option is deprecated and ignored
07-05 22:42:15.686 17082 17896 W Summariser: No activity detected
07-05 22:42:15.749 17082 17896 W Summariser: Summarisation completed
07-05 22:42:15.749 17082 17896 W Summariser:   filename: 20200312_195230!000.mp4
07-05 22:42:15.749 17082 17896 W Summariser:   active sections: 0
07-05 22:42:15.749 17082 17896 W Summariser:   time: 05.531s
07-05 22:42:15.749 17082 17896 W Summariser:   original duration: 16.07
07-05 22:42:15.749 17082 17896 W Summariser:   summarised duration: -1.00
07-05 22:42:15.749 17082 17896 W Summariser:   noise tolerance: 45.00
07-05 22:42:15.749 17082 17896 W Summariser:   quality: 23
07-05 22:42:15.749 17082 17896 W Summariser:   speed: medium
07-05 22:42:15.749 17082 17896 W Summariser:   freeze duration: 1.00
07-05 22:42:15.910 17082 17349 W mobile-ffmpeg: [graph 0 input from stream 0:0 @ 0x7a20e2bb40] sws_param option is deprecated and ignored
07-05 22:42:21.424 17082 17896 W Summariser: No activity detected
07-05 22:42:21.530 17082 17896 W Summariser: Summarisation completed
07-05 22:42:21.530 17082 17896 W Summariser:   filename: 20200312_195230!002.mp4
07-05 22:42:21.530 17082 17896 W Summariser:   active sections: 0
07-05 22:42:21.530 17082 17896 W Summariser:   time: 05.654s
07-05 22:42:21.530 17082 17896 W Summariser:   original duration: 16.01
07-05 22:42:21.530 17082 17896 W Summariser:   summarised duration: -1.00
07-05 22:42:21.530 17082 17896 W Summariser:   noise tolerance: 45.00
07-05 22:42:21.530 17082 17896 W Summariser:   quality: 23
07-05 22:42:21.530 17082 17896 W Summariser:   speed: medium
07-05 22:42:21.530 17082 17896 W Summariser:   freeze duration: 1.00
07-05 22:42:21.697 17082 17349 W mobile-ffmpeg: [graph 0 input from stream 0:0 @ 0x7a20e2bb40] sws_param option is deprecated and ignored
07-05 22:42:27.271 17082 17896 W Summariser: 2 active sections found
07-05 22:42:27.427 17082 17349 W mobile-ffmpeg: [graph 0 input from stream 0:0 @ 0x7a20e2bf00] sws_param option is deprecated and ignored
07-05 22:42:27.428 17082 17349 W mobile-ffmpeg: [graph 0 input from stream 0:0 @ 0x7a20e2c080] sws_param option is deprecated and ignored
07-05 22:43:12.842 17082 17896 W Summariser: Summarisation completed
07-05 22:43:12.842 17082 17896 W Summariser:   filename: 20200312_195330!001.mp4
07-05 22:43:12.842 17082 17896 W Summariser:   active sections: 2
07-05 22:43:12.842 17082 17896 W Summariser:   time: 51.062s
07-05 22:43:12.842 17082 17896 W Summariser:   original duration: 16.02
07-05 22:43:12.842 17082 17896 W Summariser:   summarised duration: 10.91
07-05 22:43:12.842 17082 17896 W Summariser:   noise tolerance: 45.00
07-05 22:43:12.842 17082 17896 W Summariser:   quality: 23
07-05 22:43:12.842 17082 17896 W Summariser:   speed: medium
07-05 22:43:12.842 17082 17896 W Summariser:   freeze duration: 1.00
07-05 22:43:12.879 17082 17896 W NearbyFragment: Sending 20200312_195330!001.mp4 to Galaxy S8 [2802]
07-05 22:43:13.107 17082 17349 W mobile-ffmpeg: [graph 0 input from stream 0:0 @ 0x7a20e2b6c0] sws_param option is deprecated and ignored
07-05 22:43:21.292 17082 17896 W Summariser: 1 active sections found
07-05 22:43:21.484 17082 17349 W mobile-ffmpeg: [graph 0 input from stream 0:0 @ 0x7a20e2b780] sws_param option is deprecated and ignored
07-05 22:43:48.915 17082 17896 W Summariser: Summarisation completed
07-05 22:43:48.915 17082 17896 W Summariser:   filename: 20200312_195430!000.mp4
07-05 22:43:48.915 17082 17896 W Summariser:   active sections: 1
07-05 22:43:48.915 17082 17896 W Summariser:   time: 35.843s
07-05 22:43:48.915 17082 17896 W Summariser:   original duration: 16.06
07-05 22:43:48.915 17082 17896 W Summariser:   summarised duration: 5.34
07-05 22:43:48.915 17082 17896 W Summariser:   noise tolerance: 45.00
07-05 22:43:48.915 17082 17896 W Summariser:   quality: 23
07-05 22:43:48.915 17082 17896 W Summariser:   speed: medium
07-05 22:43:48.915 17082 17896 W Summariser:   freeze duration: 1.00
07-05 22:43:48.987 17082 17896 W NearbyFragment: Sending 20200312_195430!000.mp4 to Galaxy S8 [2802]
07-05 22:43:49.243 17082 17349 W mobile-ffmpeg: [graph 0 input from stream 0:0 @ 0x7a20e2bcc0] sws_param option is deprecated and ignored
07-05 22:43:56.558 17082 17896 W Summariser: 2 active sections found
07-05 22:43:56.741 17082 17349 W mobile-ffmpeg: [graph 0 input from stream 0:0 @ 0x7a20e2be40] sws_param option is deprecated and ignored
07-05 22:43:56.741 17082 17349 W mobile-ffmpeg: [graph 0 input from stream 0:0 @ 0x7a20e2bfc0] sws_param option is deprecated and ignored
07-05 22:44:19.440 17082 17896 W Summariser: Summarisation completed
07-05 22:44:19.440 17082 17896 W Summariser:   filename: 20200312_195430!002.mp4
07-05 22:44:19.440 17082 17896 W Summariser:   active sections: 2
07-05 22:44:19.440 17082 17896 W Summariser:   time: 30.262s
07-05 22:44:19.440 17082 17896 W Summariser:   original duration: 16.01
07-05 22:44:19.440 17082 17896 W Summariser:   summarised duration: 6.17
07-05 22:44:19.440 17082 17896 W Summariser:   noise tolerance: 45.00
07-05 22:44:19.440 17082 17896 W Summariser:   quality: 23
07-05 22:44:19.440 17082 17896 W Summariser:   speed: medium
07-05 22:44:19.440 17082 17896 W Summariser:   freeze duration: 1.00
07-05 22:44:19.461 17082 17896 W NearbyFragment: Sending 20200312_195430!002.mp4 to Galaxy S8 [2802]
