--------- beginning of main
--------- beginning of system
06-28 19:28:42.464  8082  8082 W LogFactory: Truncating log tag length as it exceed 23, the limit imposed by Android on certain API Levels
06-28 19:28:46.165  8082  8082 E TransferService: No notification is passed in the intent. Unable to transition to foreground.
06-28 19:29:36.124  8082  8082 W NearbyFragment: Preferences:
06-28 19:29:36.124  8082  8082 W NearbyFragment:   Auto download: true
06-28 19:29:36.124  8082  8082 W NearbyFragment:   Algorithm: best
06-28 19:29:36.124  8082  8082 W NearbyFragment:   Fast scheduling: false
06-28 19:29:36.124  8082  8082 W NearbyFragment:   Segmentation: true
06-28 19:29:36.124  8082  8082 W NearbyFragment:   Auto segmentation: false
06-28 19:29:36.124  8082  8082 W NearbyFragment:   Segment number: 4
06-28 19:29:36.124  8082  8082 W NearbyFragment:   Noise tolerance: 45.00
06-28 19:29:36.124  8082  8082 W NearbyFragment:   Quality: 23
06-28 19:29:36.124  8082  8082 W NearbyFragment:   Speed: medium
06-28 19:29:36.124  8082  8082 W NearbyFragment:   Freeze duration: 1.00
06-28 19:29:36.124  8082  8082 W NearbyFragment: Download delay: 1s
06-28 19:29:36.124  8082  8082 W NearbyFragment: Started downloading from dashcam
06-28 19:30:01.384  8082  8298 W mobile-ffmpeg:
06-28 19:30:01.384  8082  8298 W mobile-ffmpeg: [mov,mp4,m4a,3gp,3g2,mj2 @ 0x788ffdca00]
06-28 19:30:01.384  8082  8298 W mobile-ffmpeg:
06-28 19:30:01.384  8082  8298 W mobile-ffmpeg: Found duplicated MOOV Atom. Skipped it
06-28 19:30:02.714  8082  8082 W NearbyFragment: Sending 20200312_150643!000.mp4 to Galaxy S8 [2802]
06-28 19:30:02.729  8082  8082 W DashDownloadManager: Successfully downloaded 20200312_150643.mp4 in 26.541s
06-28 19:30:07.213  8082  8082 W NearbyFragment: Sending 20200312_150643!001.mp4 to Galaxy S8 [2802]
06-28 19:30:11.522  8082  8082 W NearbyFragment: Sending 20200312_150643!002.mp4 to Galaxy S8 [2802]
06-28 19:30:15.612  8082  8082 W NearbyFragment: Sending 20200312_150643!003.mp4 to Galaxy S8 [2802]
06-28 19:30:30.016  8082  8298 W mobile-ffmpeg:
06-28 19:30:30.017  8082  8298 W mobile-ffmpeg: [mov,mp4,m4a,3gp,3g2,mj2 @ 0x788ffdca00]
06-28 19:30:30.017  8082  8298 W mobile-ffmpeg:
06-28 19:30:30.017  8082  8298 W mobile-ffmpeg: Found duplicated MOOV Atom. Skipped it
06-28 19:30:31.391  8082  8082 W NearbyFragment: Sending 20200312_150744!000.mp4 to Galaxy S8 [2802]
06-28 19:30:31.395  8082  8082 W DashDownloadManager: Successfully downloaded 20200312_150744.mp4 in 27.610s
06-28 19:30:35.435  8082  8082 W NearbyFragment: Sending 20200312_150744!001.mp4 to Galaxy S8 [2802]
06-28 19:30:39.417  8082  8082 W NearbyFragment: Sending 20200312_150744!002.mp4 to Galaxy S8 [2802]
06-28 19:30:43.728  8082  8082 W NearbyFragment: Sending 20200312_150744!003.mp4 to Galaxy S8 [2802]
06-28 19:30:52.961  8082  8082 W NearbyFragment: Completed downloading 20200312_150744!003.mp4 from Endpoint{id=as84, name=Galaxy S8 [2802]} in 00.225s
06-28 19:30:53.130  8082  8082 W FfmpegTools: Single segment returned, duration of 20200312_150744: 4.89
06-28 19:30:59.367  8082  8298 W mobile-ffmpeg:
06-28 19:30:59.367  8082  8298 W mobile-ffmpeg: [mov,mp4,m4a,3gp,3g2,mj2 @ 0x789e0d8200]
06-28 19:30:59.367  8082  8298 W mobile-ffmpeg:
06-28 19:30:59.367  8082  8298 W mobile-ffmpeg: Found duplicated MOOV Atom. Skipped it
06-28 19:31:00.886  8082  8082 W NearbyFragment: Sending 20200312_150844!000.mp4 to Galaxy S8 [2802]
06-28 19:31:00.890  8082  8082 W DashDownloadManager: Successfully downloaded 20200312_150844.mp4 in 28.410s
06-28 19:31:05.507  8082  8082 W NearbyFragment: Sending 20200312_150844!001.mp4 to Galaxy S8 [2802]
06-28 19:31:07.633  8082  8082 W NearbyFragment: Completed downloading 20200312_150844!000.mp4 from Endpoint{id=as84, name=Galaxy S8 [2802]} in 02.138s
06-28 19:31:11.941  8082  8082 W NearbyFragment: Sending 20200312_150844!002.mp4 to Galaxy S8 [2802]
06-28 19:31:14.427  8082  8082 W NearbyFragment: Completed downloading 20200312_150844!001.mp4 from Endpoint{id=as84, name=Galaxy S8 [2802]} in 02.493s
06-28 19:31:18.077  8082  8082 W NearbyFragment: Sending 20200312_150844!003.mp4 to Galaxy S8 [2802]
06-28 19:31:20.750  8082  8082 W NearbyFragment: Completed downloading 20200312_150844!002.mp4 from Endpoint{id=as84, name=Galaxy S8 [2802]} in 02.678s
06-28 19:31:25.046  8082  8082 W NearbyFragment: Completed downloading 20200312_150844!003.mp4 from Endpoint{id=as84, name=Galaxy S8 [2802]} in 01.666s
06-28 19:31:26.882  8082  8082 W FfmpegTools: Merged duration of 20200312_150844: 60.08
06-28 19:31:34.229  8082  8298 W mobile-ffmpeg:
06-28 19:31:34.229  8082  8298 W mobile-ffmpeg: [mov,mp4,m4a,3gp,3g2,mj2 @ 0x789e0d8200]
06-28 19:31:34.229  8082  8298 W mobile-ffmpeg:
06-28 19:31:34.229  8082  8298 W mobile-ffmpeg: Found duplicated MOOV Atom. Skipped it
06-28 19:31:35.868  8082  8082 W NearbyFragment: Sending 20200312_150944!000.mp4 to Galaxy S8 [2802]
06-28 19:31:35.872  8082  8082 W DashDownloadManager: Successfully downloaded 20200312_150944.mp4 in 33.904s
06-28 19:31:47.207  8082  8082 W NearbyFragment: Sending 20200312_150944!001.mp4 to Galaxy S8 [2802]
06-28 19:31:47.439  8082  8082 W NearbyFragment: Completed downloading 20200312_150944!000.mp4 from Endpoint{id=as84, name=Galaxy S8 [2802]} in 00.237s
06-28 19:31:51.402  8082  8082 W NearbyFragment: Sending 20200312_150944!002.mp4 to Galaxy S8 [2802]
06-28 19:31:55.480  8082  8082 W NearbyFragment: Sending 20200312_150944!003.mp4 to Galaxy S8 [2802]
06-28 19:31:58.770  8082  8082 W FfmpegTools: Single segment returned, duration of 20200312_150944: 7.07
06-28 19:31:59.019  8082  8298 W mobile-ffmpeg:
06-28 19:31:59.020  8082  8298 W mobile-ffmpeg: [mov,mp4,m4a,3gp,3g2,mj2 @ 0x789e0d8200]
06-28 19:31:59.020  8082  8298 W mobile-ffmpeg:
06-28 19:31:59.020  8082  8298 W mobile-ffmpeg: Found duplicated MOOV Atom. Skipped it
06-28 19:32:00.434  8082  8082 W NearbyFragment: Sending 20200312_151044!000.mp4 to Galaxy S8 [2802]
06-28 19:32:00.437  8082  8082 W DashDownloadManager: Successfully downloaded 20200312_151044.mp4 in 23.468s
06-28 19:32:04.253  8082  8082 W NearbyFragment: Sending 20200312_151044!001.mp4 to Galaxy S8 [2802]
06-28 19:32:09.744  8082  8082 W NearbyFragment: Sending 20200312_151044!002.mp4 to Galaxy S8 [2802]
06-28 19:32:18.458  8082  8082 W NearbyFragment: Sending 20200312_151044!003.mp4 to Galaxy S8 [2802]
06-28 19:32:23.288  8082  8298 W mobile-ffmpeg:
06-28 19:32:23.288  8082  8298 W mobile-ffmpeg: [mov,mp4,m4a,3gp,3g2,mj2 @ 0x789e0d8200]
06-28 19:32:23.288  8082  8298 W mobile-ffmpeg:
06-28 19:32:23.288  8082  8298 W mobile-ffmpeg: Found duplicated MOOV Atom. Skipped it
06-28 19:32:24.789  8082  8082 W NearbyFragment: Sending 20200312_193528!000.mp4 to Galaxy S8 [2802]
06-28 19:32:24.793  8082  8082 W DashDownloadManager: Successfully downloaded 20200312_193528.mp4 in 23.304s
06-28 19:32:28.769  8082  8082 W NearbyFragment: Sending 20200312_193528!001.mp4 to Galaxy S8 [2802]
06-28 19:32:32.846  8082  8082 W NearbyFragment: Sending 20200312_193528!002.mp4 to Galaxy S8 [2802]
06-28 19:32:36.908  8082  8082 W NearbyFragment: Sending 20200312_193528!003.mp4 to Galaxy S8 [2802]
06-28 19:32:51.680  8082  8298 W mobile-ffmpeg:
06-28 19:32:51.680  8082  8298 W mobile-ffmpeg: [mov,mp4,m4a,3gp,3g2,mj2 @ 0x789e0d8200]
06-28 19:32:51.681  8082  8298 W mobile-ffmpeg:
06-28 19:32:51.681  8082  8298 W mobile-ffmpeg: Found duplicated MOOV Atom. Skipped it
06-28 19:32:52.665  8082  8082 W NearbyFragment: Sending 20200312_193628!000.mp4 to Galaxy S8 [2802]
06-28 19:32:52.669  8082  8082 W DashDownloadManager: Successfully downloaded 20200312_193628.mp4 in 26.808s
06-28 19:32:56.730  8082  8082 W NearbyFragment: Sending 20200312_193628!001.mp4 to Galaxy S8 [2802]
06-28 19:33:00.692  8082  8082 W NearbyFragment: Sending 20200312_193628!002.mp4 to Galaxy S8 [2802]
06-28 19:33:04.723  8082  8082 W NearbyFragment: Sending 20200312_193628!003.mp4 to Galaxy S8 [2802]
06-28 19:33:16.063  8082  8082 W NearbyFragment: Completed downloading 20200312_193628!003.mp4 from Endpoint{id=as84, name=Galaxy S8 [2802]} in 00.220s
06-28 19:33:16.196  8082  8082 W FfmpegTools: Single segment returned, duration of 20200312_193628: 6.16
06-28 19:33:19.169  8082  8298 W mobile-ffmpeg:
06-28 19:33:19.169  8082  8298 W mobile-ffmpeg: [mov,mp4,m4a,3gp,3g2,mj2 @ 0x789e0d8200]
06-28 19:33:19.170  8082  8298 W mobile-ffmpeg:
06-28 19:33:19.170  8082  8298 W mobile-ffmpeg: Found duplicated MOOV Atom. Skipped it
06-28 19:33:20.775  8082  8082 W NearbyFragment: Sending 20200312_193728!000.mp4 to Galaxy S8 [2802]
06-28 19:33:20.778  8082  8082 W DashDownloadManager: Successfully downloaded 20200312_193728.mp4 in 27.046s
06-28 19:33:25.519  8082  8082 W NearbyFragment: Sending 20200312_193728!001.mp4 to Galaxy S8 [2802]
06-28 19:33:27.961  8082  8082 W NearbyFragment: Completed downloading 20200312_193728!000.mp4 from Endpoint{id=as84, name=Galaxy S8 [2802]} in 02.449s
06-28 19:33:31.750  8082  8082 W NearbyFragment: Sending 20200312_193728!002.mp4 to Galaxy S8 [2802]
06-28 19:33:34.122  8082  8082 W NearbyFragment: Completed downloading 20200312_193728!001.mp4 from Endpoint{id=as84, name=Galaxy S8 [2802]} in 02.380s
06-28 19:33:38.328  8082  8082 W NearbyFragment: Sending 20200312_193728!003.mp4 to Galaxy S8 [2802]
06-28 19:33:40.845  8082  8082 W NearbyFragment: Completed downloading 20200312_193728!002.mp4 from Endpoint{id=as84, name=Galaxy S8 [2802]} in 02.522s
06-28 19:33:45.542  8082  8082 W NearbyFragment: Completed downloading 20200312_193728!003.mp4 from Endpoint{id=as84, name=Galaxy S8 [2802]} in 01.663s
06-28 19:33:48.019  8082  8082 W FfmpegTools: Merged duration of 20200312_193728: 60.07
06-28 19:33:53.470  8082  8298 W mobile-ffmpeg:
06-28 19:33:53.470  8082  8298 W mobile-ffmpeg: [mov,mp4,m4a,3gp,3g2,mj2 @ 0x789e0d8200]
06-28 19:33:53.470  8082  8298 W mobile-ffmpeg:
06-28 19:33:53.471  8082  8298 W mobile-ffmpeg: Found duplicated MOOV Atom. Skipped it
06-28 19:33:54.755  8082  8082 W NearbyFragment: Sending 20200312_193828!000.mp4 to Galaxy S8 [2802]
06-28 19:33:54.758  8082  8082 W DashDownloadManager: Successfully downloaded 20200312_193828.mp4 in 32.905s
06-28 19:34:12.726  8082  8082 W NearbyFragment: Sending 20200312_193828!001.mp4 to Galaxy S8 [2802]
06-28 19:34:13.146  8082  8082 W NearbyFragment: Completed downloading 20200312_193828!000.mp4 from Endpoint{id=as84, name=Galaxy S8 [2802]} in 00.422s
06-28 19:34:17.433  8082  8298 W mobile-ffmpeg:
06-28 19:34:17.433  8082  8298 W mobile-ffmpeg: [mov,mp4,m4a,3gp,3g2,mj2 @ 0x789e0d8200]
06-28 19:34:17.433  8082  8298 W mobile-ffmpeg:
06-28 19:34:17.433  8082  8298 W mobile-ffmpeg: Found duplicated MOOV Atom. Skipped it
06-28 19:34:18.957  8082  8082 W NearbyFragment: Sending 20200312_193828!002.mp4 to Galaxy S8 [2802]
06-28 19:34:18.960  8082  8082 W DashDownloadManager: Successfully downloaded 20200312_193928.mp4 in 23.140s
06-28 19:34:18.967  8082  8082 W NearbyFragment: Sending 20200312_193828!003.mp4 to Galaxy S8 [2802]
06-28 19:34:23.210  8082  8082 W NearbyFragment: Sending 20200312_193928!000.mp4 to Galaxy S8 [2802]
06-28 19:34:24.900  8082  8082 W FfmpegTools: Single segment returned, duration of 20200312_193828: 14.28
06-28 19:34:25.048  8082  8082 W NearbyFragment: Sending 20200312_193928!001.mp4 to Galaxy S8 [2802]
06-28 19:34:27.921  8082  8082 W NearbyFragment: Sending 20200312_193928!002.mp4 to Galaxy S8 [2802]
06-28 19:34:30.079  8082  8082 W NearbyFragment: Sending 20200312_193928!003.mp4 to Galaxy S8 [2802]
06-28 19:34:46.059  8082  8298 W mobile-ffmpeg:
06-28 19:34:46.059  8082  8298 W mobile-ffmpeg: [mov,mp4,m4a,3gp,3g2,mj2 @ 0x789e0d8200]
06-28 19:34:46.059  8082  8298 W mobile-ffmpeg:
06-28 19:34:46.060  8082  8298 W mobile-ffmpeg: Found duplicated MOOV Atom. Skipped it
06-28 19:34:47.635  8082  8082 W NearbyFragment: Sending 20200312_194129!000.mp4 to Galaxy S8 [2802]
06-28 19:34:47.638  8082  8082 W DashDownloadManager: Successfully downloaded 20200312_194129.mp4 in 27.617s
06-28 19:34:51.907  8082  8082 W NearbyFragment: Sending 20200312_194129!001.mp4 to Galaxy S8 [2802]
06-28 19:35:00.098  8082  8082 W NearbyFragment: Sending 20200312_194129!002.mp4 to Galaxy S8 [2802]
06-28 19:35:00.287  8082  8082 W NearbyFragment: Completed downloading 20200312_194129!001.mp4 from Endpoint{id=as84, name=Galaxy S8 [2802]} in 00.193s
06-28 19:35:10.884  8082  8298 W mobile-ffmpeg:
06-28 19:35:10.884  8082  8298 W mobile-ffmpeg: [mov,mp4,m4a,3gp,3g2,mj2 @ 0x789e0d8200]
06-28 19:35:10.884  8082  8298 W mobile-ffmpeg:
06-28 19:35:10.884  8082  8298 W mobile-ffmpeg: Found duplicated MOOV Atom. Skipped it
06-28 19:35:12.446  8082  8082 W NearbyFragment: Sending 20200312_194129!003.mp4 to Galaxy S8 [2802]
06-28 19:35:12.450  8082  8082 W DashDownloadManager: Successfully downloaded 20200312_194229.mp4 in 23.769s
06-28 19:35:12.457  8082  8082 W NearbyFragment: Sending 20200312_194229!000.mp4 to Galaxy S8 [2802]
06-28 19:35:12.471  8082  8082 W NearbyFragment: Completed downloading 20200312_194129!002.mp4 from Endpoint{id=as84, name=Galaxy S8 [2802]} in 00.016s
06-28 19:35:16.938  8082  8082 W NearbyFragment: Sending 20200312_194229!001.mp4 to Galaxy S8 [2802]
06-28 19:35:17.001  8082  8082 W NearbyFragment: Completed downloading 20200312_194129!003.mp4 from Endpoint{id=as84, name=Galaxy S8 [2802]} in 00.071s
06-28 19:35:17.317  8082  8082 W FfmpegTools: Merged duration of 20200312_194129: 11.04
06-28 19:35:25.820  8082  8082 W NearbyFragment: Sending 20200312_194229!002.mp4 to Galaxy S8 [2802]
06-28 19:35:26.025  8082  8082 W NearbyFragment: Completed downloading 20200312_194229!000.mp4 from Endpoint{id=as84, name=Galaxy S8 [2802]} in 00.212s
06-28 19:35:36.841  8082  8082 W NearbyFragment: Sending 20200312_194229!003.mp4 to Galaxy S8 [2802]
06-28 19:35:37.101  8082  8082 W NearbyFragment: Completed downloading 20200312_194229!001.mp4 from Endpoint{id=as84, name=Galaxy S8 [2802]} in 00.265s
06-28 19:35:41.072  8082  8298 W mobile-ffmpeg:
06-28 19:35:41.072  8082  8298 W mobile-ffmpeg: [mov,mp4,m4a,3gp,3g2,mj2 @ 0x789e0d8200]
06-28 19:35:41.072  8082  8298 W mobile-ffmpeg:
06-28 19:35:41.072  8082  8298 W mobile-ffmpeg: Found duplicated MOOV Atom. Skipped it
06-28 19:35:42.376  8082  8082 W NearbyFragment: Sending 20200312_194330!000.mp4 to Galaxy S8 [2802]
06-28 19:35:42.378  8082  8082 W DashDownloadManager: Successfully downloaded 20200312_194330.mp4 in 28.875s
06-28 19:35:42.671  8082  8082 W FfmpegTools: Merged duration of 20200312_194229: 14.35
06-28 19:35:42.718  8082  8082 W NearbyFragment: Sending 20200312_194330!001.mp4 to Galaxy S8 [2802]
06-28 19:35:46.612  8082  8082 W NearbyFragment: Sending 20200312_194330!002.mp4 to Galaxy S8 [2802]
06-28 19:35:48.750  8082  8082 W NearbyFragment: Sending 20200312_194330!003.mp4 to Galaxy S8 [2802]
06-28 19:36:08.488  8082  8298 W mobile-ffmpeg:
06-28 19:36:08.488  8082  8298 W mobile-ffmpeg: [mov,mp4,m4a,3gp,3g2,mj2 @ 0x789e0d8200]
06-28 19:36:08.488  8082  8298 W mobile-ffmpeg:
06-28 19:36:08.488  8082  8298 W mobile-ffmpeg: Found duplicated MOOV Atom. Skipped it
06-28 19:36:09.443  8082  8082 W NearbyFragment: Sending 20200312_194730!000.mp4 to Galaxy S8 [2802]
06-28 19:36:09.447  8082  8082 W DashDownloadManager: Successfully downloaded 20200312_194730.mp4 in 25.999s
06-28 19:36:13.631  8082  8082 W NearbyFragment: Sending 20200312_194730!001.mp4 to Galaxy S8 [2802]
06-28 19:36:18.313  8082  8082 W NearbyFragment: Sending 20200312_194730!002.mp4 to Galaxy S8 [2802]
06-28 19:36:22.448  8082  8082 W NearbyFragment: Sending 20200312_194730!003.mp4 to Galaxy S8 [2802]
06-28 19:36:33.798  8082  8298 W mobile-ffmpeg:
06-28 19:36:33.798  8082  8298 W mobile-ffmpeg: [mov,mp4,m4a,3gp,3g2,mj2 @ 0x789e0d8200]
06-28 19:36:33.798  8082  8298 W mobile-ffmpeg:
06-28 19:36:33.798  8082  8298 W mobile-ffmpeg: Found duplicated MOOV Atom. Skipped it
06-28 19:36:35.377  8082  8082 W NearbyFragment: Sending 20200312_194830!000.mp4 to Galaxy S8 [2802]
06-28 19:36:35.381  8082  8082 W DashDownloadManager: Successfully downloaded 20200312_194830.mp4 in 24.854s
06-28 19:36:44.988  8082  8082 W NearbyFragment: Sending 20200312_194830!001.mp4 to Galaxy S8 [2802]
06-28 19:36:45.233  8082  8082 W NearbyFragment: Completed downloading 20200312_194830!000.mp4 from Endpoint{id=as84, name=Galaxy S8 [2802]} in 00.249s
06-28 19:36:56.029  8082  8298 W mobile-ffmpeg:
06-28 19:36:56.029  8082  8298 W mobile-ffmpeg: [mov,mp4,m4a,3gp,3g2,mj2 @ 0x789e0d8200]
06-28 19:36:56.029  8082  8298 W mobile-ffmpeg:
06-28 19:36:56.029  8082  8298 W mobile-ffmpeg: Found duplicated MOOV Atom. Skipped it
06-28 19:36:57.669  8082  8082 W NearbyFragment: Sending 20200312_194830!002.mp4 to Galaxy S8 [2802]
06-28 19:36:57.671  8082  8082 W DashDownloadManager: Successfully downloaded 20200312_194930.mp4 in 21.239s
06-28 19:36:57.919  8082  8082 W NearbyFragment: Sending 20200312_194830!003.mp4 to Galaxy S8 [2802]
06-28 19:36:58.041  8082  8082 W NearbyFragment: Completed downloading 20200312_194830!001.mp4 from Endpoint{id=as84, name=Galaxy S8 [2802]} in 00.127s
06-28 19:37:11.388  8082  8082 W NearbyFragment: Sending 20200312_194930!000.mp4 to Galaxy S8 [2802]
06-28 19:37:11.685  8082  8082 W NearbyFragment: Completed downloading 20200312_194830!002.mp4 from Endpoint{id=as84, name=Galaxy S8 [2802]} in 00.303s
06-28 19:37:13.602  8082  8082 W FfmpegTools: Merged duration of 20200312_194830: 20.90
06-28 19:37:13.644  8082  8082 W NearbyFragment: Sending 20200312_194930!001.mp4 to Galaxy S8 [2802]
06-28 19:37:21.600  8082  8298 W mobile-ffmpeg:
06-28 19:37:21.600  8082  8298 W mobile-ffmpeg: [mov,mp4,m4a,3gp,3g2,mj2 @ 0x789e0d8200]
06-28 19:37:21.600  8082  8298 W mobile-ffmpeg:
06-28 19:37:21.600  8082  8298 W mobile-ffmpeg: Found duplicated MOOV Atom. Skipped it
06-28 19:37:23.215  8082  8082 W NearbyFragment: Sending 20200312_194930!002.mp4 to Galaxy S8 [2802]
06-28 19:37:23.217  8082  8082 W DashDownloadManager: Successfully downloaded 20200312_195230.mp4 in 24.490s
06-28 19:37:26.358  8082  8082 W NearbyFragment: Sending 20200312_194930!003.mp4 to Galaxy S8 [2802]
06-28 19:37:26.716  8082  8082 W NearbyFragment: Completed downloading 20200312_194930!000.mp4 from Endpoint{id=as84, name=Galaxy S8 [2802]} in 00.362s
06-28 19:37:30.910  8082  8082 W NearbyFragment: Sending 20200312_195230!000.mp4 to Galaxy S8 [2802]
06-28 19:37:31.226  8082  8082 W NearbyFragment: Completed downloading 20200312_194930!001.mp4 from Endpoint{id=as84, name=Galaxy S8 [2802]} in 00.319s
06-28 19:37:33.311  8082  8082 W NearbyFragment: Sending 20200312_195230!001.mp4 to Galaxy S8 [2802]
06-28 19:37:45.000  8082  8298 W mobile-ffmpeg:
06-28 19:37:45.000  8082  8298 W mobile-ffmpeg: [mov,mp4,m4a,3gp,3g2,mj2 @ 0x789e0d8200]
06-28 19:37:45.000  8082  8298 W mobile-ffmpeg:
06-28 19:37:45.000  8082  8298 W mobile-ffmpeg: Found duplicated MOOV Atom. Skipped it
06-28 19:37:46.583  8082  8082 W NearbyFragment: Sending 20200312_195230!002.mp4 to Galaxy S8 [2802]
06-28 19:37:46.586  8082  8082 W DashDownloadManager: Successfully downloaded 20200312_195330.mp4 in 22.295s
06-28 19:37:46.597  8082  8082 W NearbyFragment: Sending 20200312_195230!003.mp4 to Galaxy S8 [2802]
06-28 19:37:46.859  8082  8082 W NearbyFragment: Completed downloading 20200312_194930!003.mp4 from Endpoint{id=as84, name=Galaxy S8 [2802]} in 00.265s
06-28 19:37:47.305  8082  8082 W FfmpegTools: Merged duration of 20200312_194930: 22.33
06-28 19:37:48.827  8082  8082 W NearbyFragment: Sending 20200312_195330!000.mp4 to Galaxy S8 [2802]
06-28 19:37:59.444  8082  8082 W NearbyFragment: Sending 20200312_195330!001.mp4 to Galaxy S8 [2802]
06-28 19:37:59.740  8082  8082 W NearbyFragment: Completed downloading 20200312_195230!001.mp4 from Endpoint{id=as84, name=Galaxy S8 [2802]} in 00.301s
06-28 19:38:01.854  8082  8082 W NearbyFragment: Sending 20200312_195330!002.mp4 to Galaxy S8 [2802]
06-28 19:38:03.673  8082  8082 W FfmpegTools: Single segment returned, duration of 20200312_195230: 6.97
06-28 19:38:03.779  8082  8082 W NearbyFragment: Sending 20200312_195330!003.mp4 to Galaxy S8 [2802]
06-28 19:38:08.891  8082  8082 W NearbyFragment: Completed downloading 20200312_195330!000.mp4 from Endpoint{id=as84, name=Galaxy S8 [2802]} in 00.145s
06-28 19:38:10.845  8082  8298 W mobile-ffmpeg:
06-28 19:38:10.846  8082  8298 W mobile-ffmpeg: [mov,mp4,m4a,3gp,3g2,mj2 @ 0x789e0d8200]
06-28 19:38:10.846  8082  8298 W mobile-ffmpeg:
06-28 19:38:10.846  8082  8298 W mobile-ffmpeg: Found duplicated MOOV Atom. Skipped it
06-28 19:38:12.457  8082  8082 W NearbyFragment: Sending 20200312_195430!000.mp4 to Galaxy S8 [2802]
06-28 19:38:12.461  8082  8082 W DashDownloadManager: Successfully downloaded 20200312_195430.mp4 in 24.814s
06-28 19:38:13.468  8082  8275 W NearbyFragment: Stopped downloading from dashcam
06-28 19:38:22.491  8082  8082 W NearbyFragment: Sending 20200312_195430!001.mp4 to Galaxy S8 [2802]
06-28 19:38:22.803  8082  8082 W NearbyFragment: Completed downloading 20200312_195330!001.mp4 from Endpoint{id=as84, name=Galaxy S8 [2802]} in 00.318s
06-28 19:38:33.605  8082  8082 W NearbyFragment: Sending 20200312_195430!002.mp4 to Galaxy S8 [2802]
06-28 19:38:33.785  8082  8082 W NearbyFragment: Completed downloading 20200312_195330!002.mp4 from Endpoint{id=as84, name=Galaxy S8 [2802]} in 00.187s
06-28 19:38:39.425  8082  8082 W NearbyFragment: Sending 20200312_195430!003.mp4 to Galaxy S8 [2802]
06-28 19:38:39.485  8082  8082 W NearbyFragment: Completed downloading 20200312_195330!003.mp4 from Endpoint{id=as84, name=Galaxy S8 [2802]} in 00.067s
06-28 19:38:39.961  8082  8082 W FfmpegTools: Merged duration of 20200312_195330: 24.63
06-28 19:38:47.642  8082  8082 W NearbyFragment: Completed downloading 20200312_195430!000.mp4 from Endpoint{id=as84, name=Galaxy S8 [2802]} in 00.126s
06-28 19:38:56.075  8082  8082 W NearbyFragment: Completed downloading 20200312_195430!001.mp4 from Endpoint{id=as84, name=Galaxy S8 [2802]} in 00.088s
06-28 19:39:04.243  8082  8082 W NearbyFragment: Completed downloading 20200312_195430!002.mp4 from Endpoint{id=as84, name=Galaxy S8 [2802]} in 00.123s
06-28 19:39:10.366  8082  8082 W NearbyFragment: Completed downloading 20200312_195430!003.mp4 from Endpoint{id=as84, name=Galaxy S8 [2802]} in 00.293s
06-28 19:39:10.753  8082  8082 W FfmpegTools: Merged duration of 20200312_195430: 21.94
