07-05 21:08:00.716 11625 11649 D SummariserIntentService: Scanned /storage/emulated/0/Movies/summarised
07-05 21:08:00.716 11625 11649 D SummariserIntentService:   -> uri=content://media/external/file/8207
07-05 21:08:00.820 11625 11887 W mobile-ffmpeg: [graph 0 input from stream 0:0 @ 0x7a20e2c200] sws_param option is deprecated and ignored
07-05 21:08:04.901 11625 11996 V FfmpegTools: Retrieving duration of /storage/emulated/0/Download/Nearby/20200312_150744!003.mp4
07-05 21:08:04.977 11625 11996 W Summariser: 1 active sections found
07-05 21:08:04.978 11625 11996 I FfmpegTools: Running ffmpeg with:
07-05 21:08:04.978 11625 11996 I FfmpegTools:   -y -i /storage/emulated/0/Download/Nearby/20200312_150744!003.mp4 -filter_complex [0:v]trim=7.206000:12.030000,setpts=PTS-STARTPTS[v0];[0:a]atrim=7.206000:12.030000,asetpts=PTS-STARTPTS[a0];[v0][a0]concat=n=1:v=1:a=1[outv][outa] -map [outv] -map [outa] -crf 23 -preset medium /storage/emulated/0/Movies/segment-sum/20200312_150744/20200312_150744!003.mp4
07-05 21:08:05.112 11625 11887 W mobile-ffmpeg: [graph 0 input from stream 0:0 @ 0x7a20e2c140] sws_param option is deprecated and ignored
07-05 21:08:13.683 11625 11625 D NearbyFragment: onPayloadReceived(endpointId=njPJ, payload=com.google.android.gms.nearby.connection.Payload@ed891b6)
07-05 21:08:13.684 11625 11625 V NearbyFragment: Started downloading SUMMARISE_SEGMENT:-8260580944156881222:20200312_150844!001.mp4:45.0_1.0_23_medium from Endpoint{id=njPJ, name=Galaxy S8 [2802]}
07-05 21:08:13.701 11625 11625 V NearbyFragment: Transfer to Endpoint{id=njPJ, name=Galaxy S8 [2802]} complete
07-05 21:08:14.028 11625 11625 D NearbyFragment: onPayloadReceived(endpointId=njPJ, payload=com.google.android.gms.nearby.connection.Payload@75faeb7)
07-05 21:08:26.419 11625 11996 V FfmpegTools: Retrieving duration of /storage/emulated/0/Download/Nearby/20200312_150744!003.mp4
07-05 21:08:26.493 11625 11996 V FfmpegTools: Retrieving duration of /storage/emulated/0/Movies/segment-sum/20200312_150744/20200312_150744!003.mp4
07-05 21:08:26.552 11625 11996 W Summariser: Summarisation completed
07-05 21:08:26.552 11625 11996 W Summariser:   filename: 20200312_150744!003.mp4
07-05 21:08:26.552 11625 11996 W Summariser:   active sections: 1
07-05 21:08:26.552 11625 11996 W Summariser:   time: 25.735s
07-05 21:08:26.552 11625 11996 W Summariser:   original duration: 12.03
07-05 21:08:26.552 11625 11996 W Summariser:   summarised duration: 4.89
07-05 21:08:26.552 11625 11996 W Summariser:   noise tolerance: 45.00
07-05 21:08:26.552 11625 11996 W Summariser:   quality: 23
07-05 21:08:26.552 11625 11996 W Summariser:   speed: medium
07-05 21:08:26.552 11625 11996 W Summariser:   freeze duration: 1.00
07-05 21:08:26.552 11625 11996 V VideoManager: Retrieving video from /storage/emulated/0/Movies/segment-sum/20200312_150744/20200312_150744!003.mp4
07-05 21:08:26.561 11625 11996 D VideoManager: videoCursor is null
07-05 21:08:26.622 11625 11996 V VideoManager: videoFromCursor
07-05 21:08:26.628 11625 11996 W NearbyFragment: Sending 20200312_150744!003.mp4 to Galaxy S8 [2802]
07-05 21:08:26.631 11625 11996 V ProcessingVideosEventHandler: onRemove
07-05 21:08:26.657 11625 11625 V NearbyFragment: Transfer to Endpoint{id=njPJ, name=Galaxy S8 [2802]} complete
07-05 21:08:26.683 11625 11939 D SummariserIntentService: Scanned /storage/emulated/0/Movies/summarised
07-05 21:08:26.683 11625 11939 D SummariserIntentService:   -> uri=content://media/external/file/8207
07-05 21:08:26.701 11625 11625 V NearbyFragment: Transfer to Endpoint{id=njPJ, name=Galaxy S8 [2802]} complete
07-05 21:08:28.388 11625 11625 D NearbyFragment: onPayloadReceived(endpointId=njPJ, payload=com.google.android.gms.nearby.connection.Payload@cd43d89)
07-05 21:08:28.390 11625 11625 V NearbyFragment: Started downloading SUMMARISE_SEGMENT:-7949236440553601596:20200312_150844!003.mp4:45.0_1.0_23_medium from Endpoint{id=njPJ, name=Galaxy S8 [2802]}
07-05 21:08:28.481 11625 11625 V NearbyFragment: Transfer to Endpoint{id=njPJ, name=Galaxy S8 [2802]} complete
07-05 21:08:28.809 11625 11625 V NearbyFragment: Transfer to Endpoint{id=njPJ, name=Galaxy S8 [2802]} complete
07-05 21:08:28.812 11625 11625 W NearbyFragment: Completed downloading 20200312_150844!001.mp4 from Endpoint{id=njPJ, name=Galaxy S8 [2802]} in 15.126s
07-05 21:08:28.825 11625 11625 V FileManager: External storage is readable
07-05 21:08:28.828 11625 11625 V FileManager: Created new directory: /storage/emulated/0/Movies/segment-sum/20200312_150844
07-05 21:08:28.830 11625 11625 D NearbyFragment: Summarising 20200312_150844!001.mp4
07-05 21:08:28.830 11625 11625 V VideoManager: Retrieving video from /storage/emulated/0/Download/Nearby/20200312_150844!001.mp4
07-05 21:08:28.839 11625 11625 D VideoManager: videoCursor is null
07-05 21:08:28.912 11625 11625 V VideoManager: videoFromCursor
07-05 21:08:28.915 11625 11625 V ProcessingVideosEventHandler: onAdd
07-05 21:08:28.916 11625 11625 V RawFootageEventHandler: onRemove
07-05 21:08:28.922 11625 11625 V NearbyFragment: Transfer to Endpoint{id=njPJ, name=Galaxy S8 [2802]} complete
07-05 21:08:28.932 11625 12063 V SummariserIntentService: onHandleIntent
07-05 21:08:28.934 11625 12063 D SummariserIntentService: Video{id='8272', data='/storage/emulated/0/Download/Nearby/20200312_150844!001.mp4', name='20200312_150844!001.mp4', size=17002010, visible=true, mimeType='video/mp4'}
07-05 21:08:28.934 11625 12063 D SummariserIntentService: /storage/emulated/0/Movies/segment-sum/20200312_150844/20200312_150844!001.mp4
07-05 21:08:28.937 11625 12063 I FfmpegTools: Running ffmpeg with:
07-05 21:08:28.937 11625 12063 I FfmpegTools:   -y -i /storage/emulated/0/Download/Nearby/20200312_150844!001.mp4 -vf freezedetect=n=-45.000000dB:d=1.000000,metadata=mode=print:file=/storage/emulated/0/Movies/raw/20200312_150844!001.txt -f null -
07-05 21:08:29.089 11625 11887 W mobile-ffmpeg: [graph 0 input from stream 0:0 @ 0x7a20e2c200] sws_param option is deprecated and ignored
07-05 21:08:34.473 11625 12063 D Summariser: No freeze file
07-05 21:08:34.473 11625 12063 W Summariser: Whole video is active
07-05 21:08:34.670 11625 11630 I zygote64: Do full code cache collection, code=250KB, data=172KB
07-05 21:08:34.672 11625 11630 I zygote64: After code cache collection, code=184KB, data=108KB
07-05 21:08:35.358 11625 12063 V FfmpegTools: Retrieving duration of /storage/emulated/0/Download/Nearby/20200312_150844!001.mp4
07-05 21:08:35.479 11625 12063 V FfmpegTools: Retrieving duration of /storage/emulated/0/Movies/segment-sum/20200312_150844/20200312_150844!001.mp4
07-05 21:08:35.590 11625 12063 W Summariser: Summarisation completed
07-05 21:08:35.590 11625 12063 W Summariser:   filename: 20200312_150844!001.mp4
07-05 21:08:35.590 11625 12063 W Summariser:   active sections: -1
07-05 21:08:35.590 11625 12063 W Summariser:   time: 06.423s
07-05 21:08:35.590 11625 12063 W Summariser:   original duration: 16.01
07-05 21:08:35.590 11625 12063 W Summariser:   summarised duration: 16.01
07-05 21:08:35.590 11625 12063 W Summariser:   noise tolerance: 45.00
07-05 21:08:35.590 11625 12063 W Summariser:   quality: 23
07-05 21:08:35.590 11625 12063 W Summariser:   speed: medium
07-05 21:08:35.590 11625 12063 W Summariser:   freeze duration: 1.00
07-05 21:08:35.591 11625 12063 V VideoManager: Retrieving video from /storage/emulated/0/Movies/segment-sum/20200312_150844/20200312_150844!001.mp4
07-05 21:08:35.602 11625 12063 D VideoManager: videoCursor is null
07-05 21:08:35.696 11625 12063 V VideoManager: videoFromCursor
07-05 21:08:35.703 11625 12063 W NearbyFragment: Sending 20200312_150844!001.mp4 to Galaxy S8 [2802]
07-05 21:08:35.708 11625 12063 V ProcessingVideosEventHandler: onRemove
07-05 21:08:35.735 11625 11625 V NearbyFragment: Transfer to Endpoint{id=njPJ, name=Galaxy S8 [2802]} complete
07-05 21:08:35.769 11625 12060 D SummariserIntentService: Scanned /storage/emulated/0/Movies/summarised
07-05 21:08:35.769 11625 12060 D SummariserIntentService:   -> uri=content://media/external/file/8207
07-05 21:08:36.828 11625 11625 D NearbyFragment: onPayloadReceived(endpointId=njPJ, payload=com.google.android.gms.nearby.connection.Payload@f03b3a7)
07-05 21:08:39.859 11625 11625 V NearbyFragment: Transfer to Endpoint{id=njPJ, name=Galaxy S8 [2802]} complete
07-05 21:08:39.860 11625 11625 W NearbyFragment: Completed downloading 20200312_150844!003.mp4 from Endpoint{id=njPJ, name=Galaxy S8 [2802]} in 11.468s
07-05 21:08:40.108 11625 11625 V FileManager: External storage is readable
07-05 21:08:40.109 11625 11625 V FileManager: Directory already exists: /storage/emulated/0/Movies/segment-sum/20200312_150844
07-05 21:08:40.110 11625 11625 D NearbyFragment: Summarising 20200312_150844!003.mp4
07-05 21:08:40.110 11625 11625 V VideoManager: Retrieving video from /storage/emulated/0/Download/Nearby/20200312_150844!003.mp4
07-05 21:08:40.120 11625 11625 D VideoManager: videoCursor is null
07-05 21:08:40.138 11625 11625 V VideoManager: videoFromCursor
07-05 21:08:40.141 11625 11625 V ProcessingVideosEventHandler: onAdd
07-05 21:08:40.141 11625 11625 V RawFootageEventHandler: onRemove
07-05 21:08:40.151 11625 12085 V SummariserIntentService: onHandleIntent
07-05 21:08:40.152 11625 12085 D SummariserIntentService: Video{id='8275', data='/storage/emulated/0/Download/Nearby/20200312_150844!003.mp4', name='20200312_150844!003.mp4', size=12629721, visible=true, mimeType='video/mp4'}
07-05 21:08:40.152 11625 12085 D SummariserIntentService: /storage/emulated/0/Movies/segment-sum/20200312_150844/20200312_150844!003.mp4
07-05 21:08:40.155 11625 12085 I FfmpegTools: Running ffmpeg with:
07-05 21:08:40.155 11625 12085 I FfmpegTools:   -y -i /storage/emulated/0/Download/Nearby/20200312_150844!003.mp4 -vf freezedetect=n=-45.000000dB:d=1.000000,metadata=mode=print:file=/storage/emulated/0/Movies/raw/20200312_150844!003.txt -f null -
07-05 21:08:40.301 11625 11887 W mobile-ffmpeg: [graph 0 input from stream 0:0 @ 0x7a20e2c200] sws_param option is deprecated and ignored
07-05 21:08:40.338 11625 11625 V NearbyFragment: Transfer to Endpoint{id=njPJ, name=Galaxy S8 [2802]} complete
07-05 21:08:42.508 11625 11625 V NearbyFragment: Transfer to Endpoint{id=njPJ, name=Galaxy S8 [2802]} complete
07-05 21:08:44.799 11625 12085 D Summariser: No freeze file
07-05 21:08:44.799 11625 12085 W Summariser: Whole video is active
07-05 21:08:45.370 11625 12085 V FfmpegTools: Retrieving duration of /storage/emulated/0/Download/Nearby/20200312_150844!003.mp4
07-05 21:08:45.455 11625 12085 V FfmpegTools: Retrieving duration of /storage/emulated/0/Movies/segment-sum/20200312_150844/20200312_150844!003.mp4
07-05 21:08:45.531 11625 12085 W Summariser: Summarisation completed
07-05 21:08:45.531 11625 12085 W Summariser:   filename: 20200312_150844!003.mp4
07-05 21:08:45.531 11625 12085 W Summariser:   active sections: -1
07-05 21:08:45.531 11625 12085 W Summariser:   time: 05.215s
07-05 21:08:45.531 11625 12085 W Summariser:   original duration: 11.98
07-05 21:08:45.531 11625 12085 W Summariser:   summarised duration: 11.98
07-05 21:08:45.531 11625 12085 W Summariser:   noise tolerance: 45.00
07-05 21:08:45.531 11625 12085 W Summariser:   quality: 23
07-05 21:08:45.531 11625 12085 W Summariser:   speed: medium
07-05 21:08:45.531 11625 12085 W Summariser:   freeze duration: 1.00
07-05 21:08:45.531 11625 12085 V VideoManager: Retrieving video from /storage/emulated/0/Movies/segment-sum/20200312_150844/20200312_150844!003.mp4
07-05 21:08:45.539 11625 12085 D VideoManager: videoCursor is null
07-05 21:08:45.559 11625 12085 V VideoManager: videoFromCursor
07-05 21:08:45.563 11625 12085 W NearbyFragment: Sending 20200312_150844!003.mp4 to Galaxy S8 [2802]
07-05 21:08:45.567 11625 12085 V ProcessingVideosEventHandler: onRemove
07-05 21:08:45.588 11625 11625 V NearbyFragment: Transfer to Endpoint{id=njPJ, name=Galaxy S8 [2802]} complete
07-05 21:08:45.607 11625 11649 D SummariserIntentService: Scanned /storage/emulated/0/Movies/summarised
07-05 21:08:45.607 11625 11649 D SummariserIntentService:   -> uri=content://media/external/file/8207
07-05 21:08:49.617 11625 11625 V NearbyFragment: Transfer to Endpoint{id=njPJ, name=Galaxy S8 [2802]} complete
07-05 21:08:51.803 11625 11625 D NearbyFragment: onPayloadReceived(endpointId=njPJ, payload=com.google.android.gms.nearby.connection.Payload@510edb5)
07-05 21:08:51.807 11625 11625 V NearbyFragment: Started downloading SUMMARISE_SEGMENT:-9145267382849488256:20200312_150944!000.mp4:45.0_1.0_23_medium from Endpoint{id=njPJ, name=Galaxy S8 [2802]}
07-05 21:08:51.821 11625 11625 V NearbyFragment: Transfer to Endpoint{id=njPJ, name=Galaxy S8 [2802]} complete
07-05 21:08:51.840 11625 11625 D NearbyFragment: onPayloadReceived(endpointId=njPJ, payload=com.google.android.gms.nearby.connection.Payload@fa08c4a)
07-05 21:08:54.354 11625 11625 V NearbyFragment: Transfer to Endpoint{id=njPJ, name=Galaxy S8 [2802]} complete
07-05 21:08:54.355 11625 11625 W NearbyFragment: Completed downloading 20200312_150944!000.mp4 from Endpoint{id=njPJ, name=Galaxy S8 [2802]} in 02.543s
07-05 21:08:54.362 11625 11625 V FileManager: External storage is readable
07-05 21:08:54.363 11625 11625 V FileManager: Created new directory: /storage/emulated/0/Movies/segment-sum/20200312_150944
07-05 21:08:54.364 11625 11625 D NearbyFragment: Summarising 20200312_150944!000.mp4
07-05 21:08:54.364 11625 11625 V VideoManager: Retrieving video from /storage/emulated/0/Download/Nearby/20200312_150944!000.mp4
07-05 21:08:54.371 11625 11625 D VideoManager: videoCursor is null
07-05 21:08:54.389 11625 11625 V VideoManager: videoFromCursor
07-05 21:08:54.391 11625 11625 V ProcessingVideosEventHandler: onAdd
07-05 21:08:54.392 11625 11625 V RawFootageEventHandler: onRemove
07-05 21:08:54.396 11625 11625 V NearbyFragment: Transfer to Endpoint{id=njPJ, name=Galaxy S8 [2802]} complete
07-05 21:08:54.401 11625 12104 V SummariserIntentService: onHandleIntent
07-05 21:08:54.402 11625 12104 D SummariserIntentService: Video{id='8277', data='/storage/emulated/0/Download/Nearby/20200312_150944!000.mp4', name='20200312_150944!000.mp4', size=16983218, visible=true, mimeType='video/mp4'}
07-05 21:08:54.402 11625 12104 D SummariserIntentService: /storage/emulated/0/Movies/segment-sum/20200312_150944/20200312_150944!000.mp4
07-05 21:08:54.404 11625 12104 I FfmpegTools: Running ffmpeg with:
07-05 21:08:54.404 11625 12104 I FfmpegTools:   -y -i /storage/emulated/0/Download/Nearby/20200312_150944!000.mp4 -vf freezedetect=n=-45.000000dB:d=1.000000,metadata=mode=print:file=/storage/emulated/0/Movies/raw/20200312_150944!000.txt -f null -
07-05 21:08:54.516 11625 11887 W mobile-ffmpeg: [graph 0 input from stream 0:0 @ 0x7a20e2c200] sws_param option is deprecated and ignored
07-05 21:08:59.969 11625 12104 W Summariser: 1 active sections found
07-05 21:08:59.970 11625 12104 I FfmpegTools: Running ffmpeg with:
07-05 21:08:59.970 11625 12104 I FfmpegTools:   -y -i /storage/emulated/0/Download/Nearby/20200312_150944!000.mp4 -filter_complex [0:v]trim=0.000000:7.006000,setpts=PTS-STARTPTS[v0];[0:a]atrim=0.000000:7.006000,asetpts=PTS-STARTPTS[a0];[v0][a0]concat=n=1:v=1:a=1[outv][outa] -map [outv] -map [outa] -crf 23 -preset medium /storage/emulated/0/Movies/segment-sum/20200312_150944/20200312_150944!000.mp4
07-05 21:09:00.093 11625 11887 W mobile-ffmpeg: [graph 0 input from stream 0:0 @ 0x7a20e2c140] sws_param option is deprecated and ignored
07-05 21:09:00.110 11625 11625 D NearbyFragment: onPayloadReceived(endpointId=njPJ, payload=com.google.android.gms.nearby.connection.Payload@6ead497)
07-05 21:09:00.112 11625 11625 V NearbyFragment: Started downloading SUMMARISE_SEGMENT:-5156088826447676742:20200312_150944!002.mp4:45.0_1.0_23_medium from Endpoint{id=njPJ, name=Galaxy S8 [2802]}
07-05 21:09:00.196 11625 11625 V NearbyFragment: Transfer to Endpoint{id=njPJ, name=Galaxy S8 [2802]} complete
07-05 21:09:00.293 11625 11625 D NearbyFragment: onPayloadReceived(endpointId=njPJ, payload=com.google.android.gms.nearby.connection.Payload@28cb684)
07-05 21:09:07.718 11625 11625 V NearbyFragment: Transfer to Endpoint{id=njPJ, name=Galaxy S8 [2802]} complete
07-05 21:09:07.720 11625 11625 W NearbyFragment: Completed downloading 20200312_150944!002.mp4 from Endpoint{id=njPJ, name=Galaxy S8 [2802]} in 07.606s
07-05 21:09:07.728 11625 11625 V FileManager: External storage is readable
07-05 21:09:07.728 11625 11625 V FileManager: Directory already exists: /storage/emulated/0/Movies/segment-sum/20200312_150944
07-05 21:09:07.729 11625 11625 D NearbyFragment: Summarising 20200312_150944!002.mp4
07-05 21:09:07.730 11625 11625 V VideoManager: Retrieving video from /storage/emulated/0/Download/Nearby/20200312_150944!002.mp4
07-05 21:09:07.738 11625 11625 D VideoManager: videoCursor is null
07-05 21:09:07.763 11625 11625 V VideoManager: videoFromCursor
07-05 21:09:07.766 11625 11625 V ProcessingVideosEventHandler: onAdd
07-05 21:09:07.766 11625 11625 V RawFootageEventHandler: onRemove
07-05 21:09:07.770 11625 11625 V NearbyFragment: Transfer to Endpoint{id=njPJ, name=Galaxy S8 [2802]} complete
07-05 21:09:26.282 11625 12104 V FfmpegTools: Retrieving duration of /storage/emulated/0/Download/Nearby/20200312_150944!000.mp4
07-05 21:09:26.357 11625 12104 V FfmpegTools: Retrieving duration of /storage/emulated/0/Movies/segment-sum/20200312_150944/20200312_150944!000.mp4
07-05 21:09:26.420 11625 12104 W Summariser: Summarisation completed
07-05 21:09:26.420 11625 12104 W Summariser:   filename: 20200312_150944!000.mp4
07-05 21:09:26.420 11625 12104 W Summariser:   active sections: 1
07-05 21:09:26.420 11625 12104 W Summariser:   time: 31.876s
07-05 21:09:26.420 11625 12104 W Summariser:   original duration: 16.06
07-05 21:09:26.420 11625 12104 W Summariser:   summarised duration: 7.07
07-05 21:09:26.420 11625 12104 W Summariser:   noise tolerance: 45.00
07-05 21:09:26.420 11625 12104 W Summariser:   quality: 23
07-05 21:09:26.420 11625 12104 W Summariser:   speed: medium
07-05 21:09:26.420 11625 12104 W Summariser:   freeze duration: 1.00
07-05 21:09:26.420 11625 12104 V VideoManager: Retrieving video from /storage/emulated/0/Movies/segment-sum/20200312_150944/20200312_150944!000.mp4
07-05 21:09:26.431 11625 12104 D VideoManager: videoCursor is null
07-05 21:09:26.460 11625 12104 V VideoManager: videoFromCursor
07-05 21:09:26.464 11625 12104 W NearbyFragment: Sending 20200312_150944!000.mp4 to Galaxy S8 [2802]
07-05 21:09:26.469 11625 12104 V ProcessingVideosEventHandler: onRemove
07-05 21:09:26.478 11625 12104 V SummariserIntentService: onHandleIntent
07-05 21:09:26.480 11625 12104 D SummariserIntentService: Video{id='8278', data='/storage/emulated/0/Download/Nearby/20200312_150944!002.mp4', name='20200312_150944!002.mp4', size=16854256, visible=true, mimeType='video/mp4'}
07-05 21:09:26.480 11625 12104 D SummariserIntentService: /storage/emulated/0/Movies/segment-sum/20200312_150944/20200312_150944!002.mp4
07-05 21:09:26.483 11625 12104 I FfmpegTools: Running ffmpeg with:
07-05 21:09:26.483 11625 12104 I FfmpegTools:   -y -i /storage/emulated/0/Download/Nearby/20200312_150944!002.mp4 -vf freezedetect=n=-45.000000dB:d=1.000000,metadata=mode=print:file=/storage/emulated/0/Movies/raw/20200312_150944!002.txt -f null -
07-05 21:09:26.511 11625 11625 V NearbyFragment: Transfer to Endpoint{id=njPJ, name=Galaxy S8 [2802]} complete
07-05 21:09:26.522 11625 12079 D SummariserIntentService: Scanned /storage/emulated/0/Movies/summarised
07-05 21:09:26.522 11625 12079 D SummariserIntentService:   -> uri=content://media/external/file/8207
07-05 21:09:26.644 11625 11625 V NearbyFragment: Transfer to Endpoint{id=njPJ, name=Galaxy S8 [2802]} complete
07-05 21:09:26.665 11625 11887 W mobile-ffmpeg: [graph 0 input from stream 0:0 @ 0x7a20e2c2c0] sws_param option is deprecated and ignored
07-05 21:09:27.659 11625 11625 D NearbyFragment: onPayloadReceived(endpointId=njPJ, payload=com.google.android.gms.nearby.connection.Payload@32521c)
07-05 21:09:27.660 11625 11625 V NearbyFragment: Started downloading SUMMARISE_SEGMENT:-6038877282355585678:20200312_151044!001.mp4:45.0_1.0_23_medium from Endpoint{id=njPJ, name=Galaxy S8 [2802]}
07-05 21:09:27.665 11625 11625 V NearbyFragment: Transfer to Endpoint{id=njPJ, name=Galaxy S8 [2802]} complete
07-05 21:09:27.731 11625 11625 D NearbyFragment: onPayloadReceived(endpointId=njPJ, payload=com.google.android.gms.nearby.connection.Payload@819ae25)
07-05 21:09:28.308 11625 11625 D NearbyFragment: onPayloadReceived(endpointId=njPJ, payload=com.google.android.gms.nearby.connection.Payload@b9c9bfa)
07-05 21:09:28.310 11625 11625 V NearbyFragment: Started downloading SUMMARISE_SEGMENT:-5614033444147868493:20200312_151044!002.mp4:45.0_1.0_23_medium from Endpoint{id=njPJ, name=Galaxy S8 [2802]}
07-05 21:09:28.324 11625 11625 V NearbyFragment: Transfer to Endpoint{id=njPJ, name=Galaxy S8 [2802]} complete
07-05 21:09:32.515 11625 11625 V NearbyFragment: Transfer to Endpoint{id=njPJ, name=Galaxy S8 [2802]} complete
07-05 21:09:32.516 11625 11625 W NearbyFragment: Completed downloading 20200312_151044!001.mp4 from Endpoint{id=njPJ, name=Galaxy S8 [2802]} in 04.855s
07-05 21:09:32.526 11625 11625 V FileManager: External storage is readable
07-05 21:09:32.527 11625 11625 V FileManager: Created new directory: /storage/emulated/0/Movies/segment-sum/20200312_151044
07-05 21:09:32.528 11625 11625 D NearbyFragment: Summarising 20200312_151044!001.mp4
07-05 21:09:32.528 11625 11625 V VideoManager: Retrieving video from /storage/emulated/0/Download/Nearby/20200312_151044!001.mp4
07-05 21:09:32.538 11625 11625 D VideoManager: videoCursor is null
07-05 21:09:32.567 11625 11625 V VideoManager: videoFromCursor
07-05 21:09:32.570 11625 11625 V ProcessingVideosEventHandler: onAdd
07-05 21:09:32.571 11625 11625 V RawFootageEventHandler: onRemove
07-05 21:09:32.584 11625 11625 D NearbyFragment: onPayloadReceived(endpointId=njPJ, payload=com.google.android.gms.nearby.connection.Payload@1087dc6)
07-05 21:09:32.602 11625 11625 V NearbyFragment: Transfer to Endpoint{id=njPJ, name=Galaxy S8 [2802]} complete
07-05 21:09:33.159 11625 11625 D NearbyFragment: onPayloadReceived(endpointId=njPJ, payload=com.google.android.gms.nearby.connection.Payload@4141187)
07-05 21:09:33.160 11625 11625 V NearbyFragment: Started downloading SUMMARISE_SEGMENT:-8835357323312595526:20200312_151044!003.mp4:45.0_1.0_23_medium from Endpoint{id=njPJ, name=Galaxy S8 [2802]}
07-05 21:09:33.162 11625 11625 V NearbyFragment: Transfer to Endpoint{id=njPJ, name=Galaxy S8 [2802]} complete
07-05 21:09:33.168 11625 12104 W Summariser: No activity detected
07-05 21:09:33.171 11625 12104 V FfmpegTools: Retrieving duration of /storage/emulated/0/Download/Nearby/20200312_150944!002.mp4
07-05 21:09:33.285 11625 12104 W Summariser: Summarisation completed
07-05 21:09:33.285 11625 12104 W Summariser:   filename: 20200312_150944!002.mp4
07-05 21:09:33.285 11625 12104 W Summariser:   active sections: 0
07-05 21:09:33.285 11625 12104 W Summariser:   time: 06.689s
07-05 21:09:33.285 11625 12104 W Summariser:   original duration: 16.01
07-05 21:09:33.285 11625 12104 W Summariser:   summarised duration: -1.00
07-05 21:09:33.285 11625 12104 W Summariser:   noise tolerance: 45.00
07-05 21:09:33.285 11625 12104 W Summariser:   quality: 23
07-05 21:09:33.285 11625 12104 W Summariser:   speed: medium
07-05 21:09:33.285 11625 12104 W Summariser:   freeze duration: 1.00
07-05 21:09:33.287 11625 12104 V ProcessingVideosEventHandler: onRemove
07-05 21:09:33.293 11625 12104 V SummariserIntentService: onHandleIntent
07-05 21:09:33.294 11625 12104 D SummariserIntentService: Video{id='8281', data='/storage/emulated/0/Download/Nearby/20200312_151044!001.mp4', name='20200312_151044!001.mp4', size=16835637, visible=true, mimeType='video/mp4'}
07-05 21:09:33.294 11625 12104 D SummariserIntentService: /storage/emulated/0/Movies/segment-sum/20200312_151044/20200312_151044!001.mp4
07-05 21:09:33.298 11625 12104 I FfmpegTools: Running ffmpeg with:
07-05 21:09:33.298 11625 12104 I FfmpegTools:   -y -i /storage/emulated/0/Download/Nearby/20200312_151044!001.mp4 -vf freezedetect=n=-45.000000dB:d=1.000000,metadata=mode=print:file=/storage/emulated/0/Movies/raw/20200312_151044!001.txt -f null -
07-05 21:09:33.320 11625 11625 V NearbyFragment: Transfer to Endpoint{id=njPJ, name=Galaxy S8 [2802]} complete
07-05 21:09:33.344 11625 11649 D SummariserIntentService: Scanned /storage/emulated/0/Movies/summarised
07-05 21:09:33.344 11625 11649 D SummariserIntentService:   -> uri=content://media/external/file/8207
07-05 21:09:33.474 11625 11887 W mobile-ffmpeg: [graph 0 input from stream 0:0 @ 0x7a20e2c200] sws_param option is deprecated and ignored
07-05 21:09:36.935 11625 11625 V NearbyFragment: Transfer to Endpoint{id=njPJ, name=Galaxy S8 [2802]} complete
07-05 21:09:36.936 11625 11625 W NearbyFragment: Completed downloading 20200312_151044!002.mp4 from Endpoint{id=njPJ, name=Galaxy S8 [2802]} in 08.625s
07-05 21:09:36.942 11625 11625 V FileManager: External storage is readable
07-05 21:09:36.944 11625 11625 V FileManager: Directory already exists: /storage/emulated/0/Movies/segment-sum/20200312_151044
07-05 21:09:36.951 11625 11625 D NearbyFragment: Summarising 20200312_151044!002.mp4
07-05 21:09:36.951 11625 11625 V VideoManager: Retrieving video from /storage/emulated/0/Download/Nearby/20200312_151044!002.mp4
07-05 21:09:36.960 11625 11625 D VideoManager: videoCursor is null
07-05 21:09:36.981 11625 11625 V VideoManager: videoFromCursor
07-05 21:09:36.983 11625 11625 V ProcessingVideosEventHandler: onAdd
07-05 21:09:36.984 11625 11625 V RawFootageEventHandler: onRemove
07-05 21:09:36.994 11625 11625 D NearbyFragment: onPayloadReceived(endpointId=njPJ, payload=com.google.android.gms.nearby.connection.Payload@2b37f9e)
07-05 21:09:37.029 11625 11625 V NearbyFragment: Transfer to Endpoint{id=njPJ, name=Galaxy S8 [2802]} complete
07-05 21:09:39.883 11625 12104 W Summariser: No activity detected
07-05 21:09:39.885 11625 12104 V FfmpegTools: Retrieving duration of /storage/emulated/0/Download/Nearby/20200312_151044!001.mp4
07-05 21:09:39.977 11625 11625 V NearbyFragment: Transfer to Endpoint{id=njPJ, name=Galaxy S8 [2802]} complete
07-05 21:09:39.978 11625 11625 W NearbyFragment: Completed downloading 20200312_151044!003.mp4 from Endpoint{id=njPJ, name=Galaxy S8 [2802]} in 06.817s
07-05 21:09:39.984 11625 11625 V FileManager: External storage is readable
07-05 21:09:39.985 11625 11625 V FileManager: Directory already exists: /storage/emulated/0/Movies/segment-sum/20200312_151044
07-05 21:09:39.985 11625 11625 D NearbyFragment: Summarising 20200312_151044!003.mp4
07-05 21:09:39.985 11625 11625 V VideoManager: Retrieving video from /storage/emulated/0/Download/Nearby/20200312_151044!003.mp4
07-05 21:09:39.993 11625 12104 W Summariser: Summarisation completed
07-05 21:09:39.993 11625 12104 W Summariser:   filename: 20200312_151044!001.mp4
07-05 21:09:39.993 11625 12104 W Summariser:   active sections: 0
07-05 21:09:39.993 11625 12104 W Summariser:   time: 06.588s
07-05 21:09:39.993 11625 12104 W Summariser:   original duration: 16.02
07-05 21:09:39.993 11625 12104 W Summariser:   summarised duration: -1.00
07-05 21:09:39.993 11625 12104 W Summariser:   noise tolerance: 45.00
07-05 21:09:39.993 11625 12104 W Summariser:   quality: 23
07-05 21:09:39.993 11625 12104 W Summariser:   speed: medium
07-05 21:09:39.993 11625 12104 W Summariser:   freeze duration: 1.00
07-05 21:09:39.995 11625 12104 V ProcessingVideosEventHandler: onRemove
07-05 21:09:40.000 11625 11625 D VideoManager: videoCursor is null
07-05 21:09:40.004 11625 12104 V SummariserIntentService: onHandleIntent
07-05 21:09:40.005 11625 12104 D SummariserIntentService: Video{id='8282', data='/storage/emulated/0/Download/Nearby/20200312_151044!002.mp4', name='20200312_151044!002.mp4', size=16939075, visible=true, mimeType='video/mp4'}
07-05 21:09:40.005 11625 12104 D SummariserIntentService: /storage/emulated/0/Movies/segment-sum/20200312_151044/20200312_151044!002.mp4
07-05 21:09:40.007 11625 12104 I FfmpegTools: Running ffmpeg with:
07-05 21:09:40.007 11625 12104 I FfmpegTools:   -y -i /storage/emulated/0/Download/Nearby/20200312_151044!002.mp4 -vf freezedetect=n=-45.000000dB:d=1.000000,metadata=mode=print:file=/storage/emulated/0/Movies/raw/20200312_151044!002.txt -f null -
07-05 21:09:40.019 11625 11625 V VideoManager: videoFromCursor
07-05 21:09:40.022 11625 11625 V ProcessingVideosEventHandler: onAdd
07-05 21:09:40.022 11625 11625 V RawFootageEventHandler: onRemove
07-05 21:09:40.031 11625 11625 V NearbyFragment: Transfer to Endpoint{id=njPJ, name=Galaxy S8 [2802]} complete
07-05 21:09:40.031 11625 11625 V NearbyFragment: Transfer to Endpoint{id=njPJ, name=Galaxy S8 [2802]} complete
07-05 21:09:40.051 11625 11638 D SummariserIntentService: Scanned /storage/emulated/0/Movies/summarised
07-05 21:09:40.051 11625 11638 D SummariserIntentService:   -> uri=content://media/external/file/8207
07-05 21:09:40.168 11625 11887 W mobile-ffmpeg: [graph 0 input from stream 0:0 @ 0x7a20e2c200] sws_param option is deprecated and ignored
07-05 21:09:45.634 11625 12104 W Summariser: No activity detected
07-05 21:09:45.635 11625 12104 V FfmpegTools: Retrieving duration of /storage/emulated/0/Download/Nearby/20200312_151044!002.mp4
07-05 21:09:45.744 11625 12104 W Summariser: Summarisation completed
07-05 21:09:45.744 11625 12104 W Summariser:   filename: 20200312_151044!002.mp4
07-05 21:09:45.744 11625 12104 W Summariser:   active sections: 0
07-05 21:09:45.744 11625 12104 W Summariser:   time: 05.628s
07-05 21:09:45.744 11625 12104 W Summariser:   original duration: 16.01
07-05 21:09:45.744 11625 12104 W Summariser:   summarised duration: -1.00
07-05 21:09:45.744 11625 12104 W Summariser:   noise tolerance: 45.00
07-05 21:09:45.744 11625 12104 W Summariser:   quality: 23
07-05 21:09:45.744 11625 12104 W Summariser:   speed: medium
07-05 21:09:45.744 11625 12104 W Summariser:   freeze duration: 1.00
07-05 21:09:45.746 11625 12104 V ProcessingVideosEventHandler: onRemove
07-05 21:09:45.758 11625 12104 V SummariserIntentService: onHandleIntent
07-05 21:09:45.760 11625 12104 D SummariserIntentService: Video{id='8283', data='/storage/emulated/0/Download/Nearby/20200312_151044!003.mp4', name='20200312_151044!003.mp4', size=12683996, visible=true, mimeType='video/mp4'}
07-05 21:09:45.760 11625 12104 D SummariserIntentService: /storage/emulated/0/Movies/segment-sum/20200312_151044/20200312_151044!003.mp4
07-05 21:09:45.762 11625 12104 I FfmpegTools: Running ffmpeg with:
07-05 21:09:45.762 11625 12104 I FfmpegTools:   -y -i /storage/emulated/0/Download/Nearby/20200312_151044!003.mp4 -vf freezedetect=n=-45.000000dB:d=1.000000,metadata=mode=print:file=/storage/emulated/0/Movies/raw/20200312_151044!003.txt -f null -
07-05 21:09:45.768 11625 11625 V NearbyFragment: Transfer to Endpoint{id=njPJ, name=Galaxy S8 [2802]} complete
07-05 21:09:45.794 11625 11638 D SummariserIntentService: Scanned /storage/emulated/0/Movies/summarised
07-05 21:09:45.794 11625 11638 D SummariserIntentService:   -> uri=content://media/external/file/8207
07-05 21:09:45.899 11625 11887 W mobile-ffmpeg: [graph 0 input from stream 0:0 @ 0x7a20e2c200] sws_param option is deprecated and ignored
07-05 21:09:49.982 11625 12104 W Summariser: No activity detected
07-05 21:09:49.984 11625 12104 V FfmpegTools: Retrieving duration of /storage/emulated/0/Download/Nearby/20200312_151044!003.mp4
07-05 21:09:50.061 11625 12104 W Summariser: Summarisation completed
07-05 21:09:50.061 11625 12104 W Summariser:   filename: 20200312_151044!003.mp4
07-05 21:09:50.061 11625 12104 W Summariser:   active sections: 0
07-05 21:09:50.061 11625 12104 W Summariser:   time: 04.223s
07-05 21:09:50.061 11625 12104 W Summariser:   original duration: 12.03
07-05 21:09:50.061 11625 12104 W Summariser:   summarised duration: -1.00
07-05 21:09:50.061 11625 12104 W Summariser:   noise tolerance: 45.00
07-05 21:09:50.061 11625 12104 W Summariser:   quality: 23
07-05 21:09:50.061 11625 12104 W Summariser:   speed: medium
07-05 21:09:50.061 11625 12104 W Summariser:   freeze duration: 1.00
07-05 21:09:50.063 11625 12104 V ProcessingVideosEventHandler: onRemove
07-05 21:09:50.084 11625 11625 V NearbyFragment: Transfer to Endpoint{id=njPJ, name=Galaxy S8 [2802]} complete
07-05 21:09:50.111 11625 11939 D SummariserIntentService: Scanned /storage/emulated/0/Movies/summarised
07-05 21:09:50.111 11625 11939 D SummariserIntentService:   -> uri=content://media/external/file/8207
07-05 21:09:50.406 11625 11625 D NearbyFragment: onPayloadReceived(endpointId=njPJ, payload=com.google.android.gms.nearby.connection.Payload@b253713)
07-05 21:09:50.409 11625 11625 V NearbyFragment: Started downloading SUMMARISE_SEGMENT:-9040056149198974545:20200312_193528!001.mp4:45.0_1.0_23_medium from Endpoint{id=njPJ, name=Galaxy S8 [2802]}
07-05 21:09:50.414 11625 11625 V NearbyFragment: Transfer to Endpoint{id=njPJ, name=Galaxy S8 [2802]} complete
07-05 21:09:53.495 11625 11625 D NearbyFragment: onPayloadReceived(endpointId=njPJ, payload=com.google.android.gms.nearby.connection.Payload@1526d50)
07-05 21:09:53.722 11625 11625 D NearbyFragment: onPayloadReceived(endpointId=njPJ, payload=com.google.android.gms.nearby.connection.Payload@9471b49)
07-05 21:09:53.723 11625 11625 V NearbyFragment: Started downloading SUMMARISE_SEGMENT:-5370686760967405350:20200312_193528!002.mp4:45.0_1.0_23_medium from Endpoint{id=njPJ, name=Galaxy S8 [2802]}
07-05 21:09:53.724 11625 11625 V NearbyFragment: Transfer to Endpoint{id=njPJ, name=Galaxy S8 [2802]} complete
07-05 21:09:59.199 11625 11625 V NearbyFragment: Transfer to Endpoint{id=njPJ, name=Galaxy S8 [2802]} complete
07-05 21:09:59.201 11625 11625 W NearbyFragment: Completed downloading 20200312_193528!001.mp4 from Endpoint{id=njPJ, name=Galaxy S8 [2802]} in 08.788s
07-05 21:09:59.209 11625 11625 V FileManager: External storage is readable
07-05 21:09:59.210 11625 11625 V FileManager: Created new directory: /storage/emulated/0/Movies/segment-sum/20200312_193528
07-05 21:09:59.211 11625 11625 D NearbyFragment: Summarising 20200312_193528!001.mp4
07-05 21:09:59.211 11625 11625 V VideoManager: Retrieving video from /storage/emulated/0/Download/Nearby/20200312_193528!001.mp4
07-05 21:09:59.218 11625 11625 D VideoManager: videoCursor is null
07-05 21:09:59.237 11625 11625 V VideoManager: videoFromCursor
07-05 21:09:59.239 11625 11625 V ProcessingVideosEventHandler: onAdd
07-05 21:09:59.240 11625 11625 V RawFootageEventHandler: onRemove
07-05 21:09:59.245 11625 11625 V NearbyFragment: Transfer to Endpoint{id=njPJ, name=Galaxy S8 [2802]} complete
07-05 21:09:59.246 11625 11625 D NearbyFragment: onPayloadReceived(endpointId=njPJ, payload=com.google.android.gms.nearby.connection.Payload@ea2316f)
07-05 21:09:59.253 11625 12211 V SummariserIntentService: onHandleIntent
07-05 21:09:59.254 11625 12211 D SummariserIntentService: Video{id='8284', data='/storage/emulated/0/Download/Nearby/20200312_193528!001.mp4', name='20200312_193528!001.mp4', size=16834944, visible=true, mimeType='video/mp4'}
07-05 21:09:59.254 11625 12211 D SummariserIntentService: /storage/emulated/0/Movies/segment-sum/20200312_193528/20200312_193528!001.mp4
07-05 21:09:59.257 11625 12211 I FfmpegTools: Running ffmpeg with:
07-05 21:09:59.257 11625 12211 I FfmpegTools:   -y -i /storage/emulated/0/Download/Nearby/20200312_193528!001.mp4 -vf freezedetect=n=-45.000000dB:d=1.000000,metadata=mode=print:file=/storage/emulated/0/Movies/raw/20200312_193528!001.txt -f null -
07-05 21:09:59.382 11625 11887 W mobile-ffmpeg: [graph 0 input from stream 0:0 @ 0x7a20e2c200] sws_param option is deprecated and ignored
07-05 21:09:59.704 11625 11625 D NearbyFragment: onPayloadReceived(endpointId=njPJ, payload=com.google.android.gms.nearby.connection.Payload@4a758b)
07-05 21:09:59.705 11625 11625 V NearbyFragment: Started downloading SUMMARISE_SEGMENT:-6436922949316319253:20200312_193528!003.mp4:45.0_1.0_23_medium from Endpoint{id=njPJ, name=Galaxy S8 [2802]}
07-05 21:09:59.757 11625 11625 V NearbyFragment: Transfer to Endpoint{id=njPJ, name=Galaxy S8 [2802]} complete
07-05 21:10:05.551 11625 12211 W Summariser: No activity detected
07-05 21:10:05.553 11625 12211 V FfmpegTools: Retrieving duration of /storage/emulated/0/Download/Nearby/20200312_193528!001.mp4
07-05 21:10:05.628 11625 12211 W Summariser: Summarisation completed
07-05 21:10:05.628 11625 12211 W Summariser:   filename: 20200312_193528!001.mp4
07-05 21:10:05.628 11625 12211 W Summariser:   active sections: 0
07-05 21:10:05.628 11625 12211 W Summariser:   time: 06.297s
07-05 21:10:05.628 11625 12211 W Summariser:   original duration: 16.01
07-05 21:10:05.628 11625 12211 W Summariser:   summarised duration: -1.00
07-05 21:10:05.628 11625 12211 W Summariser:   noise tolerance: 45.00
07-05 21:10:05.628 11625 12211 W Summariser:   quality: 23
07-05 21:10:05.628 11625 12211 W Summariser:   speed: medium
07-05 21:10:05.628 11625 12211 W Summariser:   freeze duration: 1.00
07-05 21:10:05.630 11625 12211 V ProcessingVideosEventHandler: onRemove
07-05 21:10:05.650 11625 11625 V NearbyFragment: Transfer to Endpoint{id=njPJ, name=Galaxy S8 [2802]} complete
07-05 21:10:05.675 11625 11637 D SummariserIntentService: Scanned /storage/emulated/0/Movies/summarised
07-05 21:10:05.675 11625 11637 D SummariserIntentService:   -> uri=content://media/external/file/8207
07-05 21:10:06.110 11625 11625 V NearbyFragment: Transfer to Endpoint{id=njPJ, name=Galaxy S8 [2802]} complete
07-05 21:10:06.112 11625 11625 W NearbyFragment: Completed downloading 20200312_193528!002.mp4 from Endpoint{id=njPJ, name=Galaxy S8 [2802]} in 12.388s
07-05 21:10:06.119 11625 11625 V FileManager: External storage is readable
07-05 21:10:06.119 11625 11625 V FileManager: Directory already exists: /storage/emulated/0/Movies/segment-sum/20200312_193528
07-05 21:10:06.120 11625 11625 D NearbyFragment: Summarising 20200312_193528!002.mp4
07-05 21:10:06.120 11625 11625 V VideoManager: Retrieving video from /storage/emulated/0/Download/Nearby/20200312_193528!002.mp4
07-05 21:10:06.130 11625 11625 D VideoManager: videoCursor is null
07-05 21:10:06.150 11625 11625 V VideoManager: videoFromCursor
07-05 21:10:06.153 11625 11625 V ProcessingVideosEventHandler: onAdd
07-05 21:10:06.153 11625 11625 V RawFootageEventHandler: onRemove
07-05 21:10:06.159 11625 11625 D NearbyFragment: onPayloadReceived(endpointId=njPJ, payload=com.google.android.gms.nearby.connection.Payload@cf1adbd)
07-05 21:10:06.160 11625 11625 V NearbyFragment: Transfer to Endpoint{id=njPJ, name=Galaxy S8 [2802]} complete
07-05 21:10:06.170 11625 12227 V SummariserIntentService: onHandleIntent
07-05 21:10:06.171 11625 12227 D SummariserIntentService: Video{id='8285', data='/storage/emulated/0/Download/Nearby/20200312_193528!002.mp4', name='20200312_193528!002.mp4', size=16948481, visible=true, mimeType='video/mp4'}
07-05 21:10:06.171 11625 12227 D SummariserIntentService: /storage/emulated/0/Movies/segment-sum/20200312_193528/20200312_193528!002.mp4
07-05 21:10:06.174 11625 12227 I FfmpegTools: Running ffmpeg with:
07-05 21:10:06.174 11625 12227 I FfmpegTools:   -y -i /storage/emulated/0/Download/Nearby/20200312_193528!002.mp4 -vf freezedetect=n=-45.000000dB:d=1.000000,metadata=mode=print:file=/storage/emulated/0/Movies/raw/20200312_193528!002.txt -f null -
07-05 21:10:06.302 11625 11887 W mobile-ffmpeg: [graph 0 input from stream 0:0 @ 0x7a20e2c200] sws_param option is deprecated and ignored
07-05 21:10:09.424 11625 11625 V NearbyFragment: Transfer to Endpoint{id=njPJ, name=Galaxy S8 [2802]} complete
07-05 21:10:09.425 11625 11625 W NearbyFragment: Completed downloading 20200312_193528!003.mp4 from Endpoint{id=njPJ, name=Galaxy S8 [2802]} in 09.719s
07-05 21:10:09.434 11625 11625 V FileManager: External storage is readable
07-05 21:10:09.435 11625 11625 V FileManager: Directory already exists: /storage/emulated/0/Movies/segment-sum/20200312_193528
07-05 21:10:09.435 11625 11625 D NearbyFragment: Summarising 20200312_193528!003.mp4
07-05 21:10:09.435 11625 11625 V VideoManager: Retrieving video from /storage/emulated/0/Download/Nearby/20200312_193528!003.mp4
07-05 21:10:09.444 11625 11625 D VideoManager: videoCursor is null
07-05 21:10:09.467 11625 11625 V VideoManager: videoFromCursor
07-05 21:10:09.470 11625 11625 V ProcessingVideosEventHandler: onAdd
07-05 21:10:09.471 11625 11625 V RawFootageEventHandler: onRemove
07-05 21:10:09.477 11625 11625 V NearbyFragment: Transfer to Endpoint{id=njPJ, name=Galaxy S8 [2802]} complete
07-05 21:10:12.250 11625 12227 W Summariser: No activity detected
07-05 21:10:12.252 11625 12227 V FfmpegTools: Retrieving duration of /storage/emulated/0/Download/Nearby/20200312_193528!002.mp4
07-05 21:10:12.332 11625 12227 W Summariser: Summarisation completed
07-05 21:10:12.332 11625 12227 W Summariser:   filename: 20200312_193528!002.mp4
07-05 21:10:12.332 11625 12227 W Summariser:   active sections: 0
07-05 21:10:12.332 11625 12227 W Summariser:   time: 06.080s
07-05 21:10:12.332 11625 12227 W Summariser:   original duration: 16.06
07-05 21:10:12.332 11625 12227 W Summariser:   summarised duration: -1.00
07-05 21:10:12.332 11625 12227 W Summariser:   noise tolerance: 45.00
07-05 21:10:12.332 11625 12227 W Summariser:   quality: 23
07-05 21:10:12.332 11625 12227 W Summariser:   speed: medium
07-05 21:10:12.332 11625 12227 W Summariser:   freeze duration: 1.00
07-05 21:10:12.335 11625 12227 V ProcessingVideosEventHandler: onRemove
07-05 21:10:12.348 11625 12227 V SummariserIntentService: onHandleIntent
07-05 21:10:12.350 11625 12227 D SummariserIntentService: Video{id='8286', data='/storage/emulated/0/Download/Nearby/20200312_193528!003.mp4', name='20200312_193528!003.mp4', size=12631917, visible=true, mimeType='video/mp4'}
07-05 21:10:12.350 11625 12227 D SummariserIntentService: /storage/emulated/0/Movies/segment-sum/20200312_193528/20200312_193528!003.mp4
07-05 21:10:12.352 11625 12227 I FfmpegTools: Running ffmpeg with:
07-05 21:10:12.352 11625 12227 I FfmpegTools:   -y -i /storage/emulated/0/Download/Nearby/20200312_193528!003.mp4 -vf freezedetect=n=-45.000000dB:d=1.000000,metadata=mode=print:file=/storage/emulated/0/Movies/raw/20200312_193528!003.txt -f null -
07-05 21:10:12.363 11625 11625 V NearbyFragment: Transfer to Endpoint{id=njPJ, name=Galaxy S8 [2802]} complete
07-05 21:10:12.398 11625 11939 D SummariserIntentService: Scanned /storage/emulated/0/Movies/summarised
07-05 21:10:12.398 11625 11939 D SummariserIntentService:   -> uri=content://media/external/file/8207
07-05 21:10:12.507 11625 11887 W mobile-ffmpeg: [graph 0 input from stream 0:0 @ 0x7a20e2c200] sws_param option is deprecated and ignored
07-05 21:10:16.668 11625 12227 W Summariser: No activity detected
07-05 21:10:16.669 11625 12227 V FfmpegTools: Retrieving duration of /storage/emulated/0/Download/Nearby/20200312_193528!003.mp4
07-05 21:10:16.791 11625 12227 W Summariser: Summarisation completed
07-05 21:10:16.791 11625 12227 W Summariser:   filename: 20200312_193528!003.mp4
07-05 21:10:16.791 11625 12227 W Summariser:   active sections: 0
07-05 21:10:16.791 11625 12227 W Summariser:   time: 04.318s
07-05 21:10:16.791 11625 12227 W Summariser:   original duration: 12.01
07-05 21:10:16.791 11625 12227 W Summariser:   summarised duration: -1.00
07-05 21:10:16.791 11625 12227 W Summariser:   noise tolerance: 45.00
07-05 21:10:16.791 11625 12227 W Summariser:   quality: 23
07-05 21:10:16.791 11625 12227 W Summariser:   speed: medium
07-05 21:10:16.791 11625 12227 W Summariser:   freeze duration: 1.00
07-05 21:10:16.793 11625 12227 V ProcessingVideosEventHandler: onRemove
07-05 21:10:16.817 11625 11625 V NearbyFragment: Transfer to Endpoint{id=njPJ, name=Galaxy S8 [2802]} complete
07-05 21:10:16.846 11625 11939 D SummariserIntentService: Scanned /storage/emulated/0/Movies/summarised
07-05 21:10:16.846 11625 11939 D SummariserIntentService:   -> uri=content://media/external/file/8207
07-05 21:10:17.079 11625 11625 D NearbyFragment: onPayloadReceived(endpointId=njPJ, payload=com.google.android.gms.nearby.connection.Payload@b527057)
07-05 21:10:17.080 11625 11625 V NearbyFragment: Started downloading SUMMARISE_SEGMENT:-6701671461173678548:20200312_193628!001.mp4:45.0_1.0_23_medium from Endpoint{id=njPJ, name=Galaxy S8 [2802]}
07-05 21:10:17.143 11625 11625 V NearbyFragment: Transfer to Endpoint{id=njPJ, name=Galaxy S8 [2802]} complete
07-05 21:10:22.981 11625 11625 D NearbyFragment: onPayloadReceived(endpointId=njPJ, payload=com.google.android.gms.nearby.connection.Payload@a9e8744)
07-05 21:10:24.002 11625 11625 D NearbyFragment: onPayloadReceived(endpointId=njPJ, payload=com.google.android.gms.nearby.connection.Payload@54e802d)
07-05 21:10:24.003 11625 11625 V NearbyFragment: Started downloading SUMMARISE_SEGMENT:-5274972175055789061:20200312_193628!002.mp4:45.0_1.0_23_medium from Endpoint{id=njPJ, name=Galaxy S8 [2802]}
07-05 21:10:24.008 11625 11625 V NearbyFragment: Transfer to Endpoint{id=njPJ, name=Galaxy S8 [2802]} complete
07-05 21:10:30.237 11625 11625 V NearbyFragment: Transfer to Endpoint{id=njPJ, name=Galaxy S8 [2802]} complete
07-05 21:10:30.239 11625 11625 W NearbyFragment: Completed downloading 20200312_193628!001.mp4 from Endpoint{id=njPJ, name=Galaxy S8 [2802]} in 13.156s
07-05 21:10:30.249 11625 11625 V FileManager: External storage is readable
07-05 21:10:30.250 11625 11625 V FileManager: Created new directory: /storage/emulated/0/Movies/segment-sum/20200312_193628
07-05 21:10:30.251 11625 11625 D NearbyFragment: Summarising 20200312_193628!001.mp4
07-05 21:10:30.251 11625 11625 V VideoManager: Retrieving video from /storage/emulated/0/Download/Nearby/20200312_193628!001.mp4
07-05 21:10:30.260 11625 11625 D VideoManager: videoCursor is null
07-05 21:10:30.284 11625 11625 V VideoManager: videoFromCursor
07-05 21:10:30.286 11625 11625 V ProcessingVideosEventHandler: onAdd
07-05 21:10:30.286 11625 11625 V RawFootageEventHandler: onRemove
07-05 21:10:30.291 11625 11625 V NearbyFragment: Transfer to Endpoint{id=njPJ, name=Galaxy S8 [2802]} complete
07-05 21:10:30.291 11625 11625 D NearbyFragment: onPayloadReceived(endpointId=njPJ, payload=com.google.android.gms.nearby.connection.Payload@a3baf3)
07-05 21:10:30.297 11625 12260 V SummariserIntentService: onHandleIntent
07-05 21:10:30.298 11625 12260 D SummariserIntentService: Video{id='8287', data='/storage/emulated/0/Download/Nearby/20200312_193628!001.mp4', name='20200312_193628!001.mp4', size=16831997, visible=true, mimeType='video/mp4'}
07-05 21:10:30.298 11625 12260 D SummariserIntentService: /storage/emulated/0/Movies/segment-sum/20200312_193628/20200312_193628!001.mp4
07-05 21:10:30.300 11625 12260 I FfmpegTools: Running ffmpeg with:
07-05 21:10:30.300 11625 12260 I FfmpegTools:   -y -i /storage/emulated/0/Download/Nearby/20200312_193628!001.mp4 -vf freezedetect=n=-45.000000dB:d=1.000000,metadata=mode=print:file=/storage/emulated/0/Movies/raw/20200312_193628!001.txt -f null -
07-05 21:10:30.484 11625 11887 W mobile-ffmpeg: [graph 0 input from stream 0:0 @ 0x7a20e2c200] sws_param option is deprecated and ignored
07-05 21:10:35.661 11625 11625 V NearbyFragment: Transfer to Endpoint{id=njPJ, name=Galaxy S8 [2802]} complete
07-05 21:10:35.662 11625 11625 W NearbyFragment: Completed downloading 20200312_193628!002.mp4 from Endpoint{id=njPJ, name=Galaxy S8 [2802]} in 11.658s
07-05 21:10:35.674 11625 11625 V FileManager: External storage is readable
07-05 21:10:35.674 11625 11625 V FileManager: Directory already exists: /storage/emulated/0/Movies/segment-sum/20200312_193628
07-05 21:10:35.675 11625 11625 D NearbyFragment: Summarising 20200312_193628!002.mp4
07-05 21:10:35.675 11625 11625 V VideoManager: Retrieving video from /storage/emulated/0/Download/Nearby/20200312_193628!002.mp4
07-05 21:10:35.683 11625 11625 D VideoManager: videoCursor is null
07-05 21:10:35.709 11625 11625 V VideoManager: videoFromCursor
07-05 21:10:35.711 11625 11625 V ProcessingVideosEventHandler: onAdd
07-05 21:10:35.712 11625 11625 V RawFootageEventHandler: onRemove
07-05 21:10:35.716 11625 11625 V NearbyFragment: Transfer to Endpoint{id=njPJ, name=Galaxy S8 [2802]} complete
07-05 21:10:35.733 11625 11630 I zygote64: Do partial code cache collection, code=250KB, data=165KB
07-05 21:10:35.733 11625 11630 I zygote64: After code cache collection, code=249KB, data=165KB
07-05 21:10:35.733 11625 11630 I zygote64: Increasing code cache capacity to 1024KB
07-05 21:10:37.446 11625 12260 W Summariser: No activity detected
07-05 21:10:37.449 11625 12260 V FfmpegTools: Retrieving duration of /storage/emulated/0/Download/Nearby/20200312_193628!001.mp4
07-05 21:10:37.568 11625 12260 W Summariser: Summarisation completed
07-05 21:10:37.568 11625 12260 W Summariser:   filename: 20200312_193628!001.mp4
07-05 21:10:37.568 11625 12260 W Summariser:   active sections: 0
07-05 21:10:37.568 11625 12260 W Summariser:   time: 07.150s
07-05 21:10:37.568 11625 12260 W Summariser:   original duration: 16.01
07-05 21:10:37.568 11625 12260 W Summariser:   summarised duration: -1.00
07-05 21:10:37.568 11625 12260 W Summariser:   noise tolerance: 45.00
07-05 21:10:37.568 11625 12260 W Summariser:   quality: 23
07-05 21:10:37.568 11625 12260 W Summariser:   speed: medium
07-05 21:10:37.568 11625 12260 W Summariser:   freeze duration: 1.00
07-05 21:10:37.571 11625 12260 V ProcessingVideosEventHandler: onRemove
07-05 21:10:37.586 11625 12260 V SummariserIntentService: onHandleIntent
07-05 21:10:37.587 11625 12260 D SummariserIntentService: Video{id='8288', data='/storage/emulated/0/Download/Nearby/20200312_193628!002.mp4', name='20200312_193628!002.mp4', size=16861166, visible=true, mimeType='video/mp4'}
07-05 21:10:37.587 11625 12260 D SummariserIntentService: /storage/emulated/0/Movies/segment-sum/20200312_193628/20200312_193628!002.mp4
07-05 21:10:37.589 11625 12260 I FfmpegTools: Running ffmpeg with:
