07-05 21:12:34.823 11625 12427 W Summariser: No activity detected
07-05 21:12:34.825 11625 12427 V FfmpegTools: Retrieving duration of /storage/emulated/0/Download/Nearby/20200312_193928!003.mp4
07-05 21:12:34.966 11625 12427 W Summariser: Summarisation completed
07-05 21:12:34.966 11625 12427 W Summariser:   filename: 20200312_193928!003.mp4
07-05 21:12:34.966 11625 12427 W Summariser:   active sections: 0
07-05 21:12:34.966 11625 12427 W Summariser:   time: 07.345s
07-05 21:12:34.966 11625 12427 W Summariser:   original duration: 12.01
07-05 21:12:34.966 11625 12427 W Summariser:   summarised duration: -1.00
07-05 21:12:34.966 11625 12427 W Summariser:   noise tolerance: 45.00
07-05 21:12:34.966 11625 12427 W Summariser:   quality: 23
07-05 21:12:34.966 11625 12427 W Summariser:   speed: medium
07-05 21:12:34.966 11625 12427 W Summariser:   freeze duration: 1.00
07-05 21:12:34.968 11625 12427 V ProcessingVideosEventHandler: onRemove
07-05 21:12:34.985 11625 12427 V SummariserIntentService: onHandleIntent
07-05 21:12:34.986 11625 12427 D SummariserIntentService: Video{id='8305', data='/storage/emulated/0/Download/Nearby/20200312_194129!000.mp4', name='20200312_194129!000.mp4', size=16878473, visible=true, mimeType='video/mp4'}
07-05 21:12:34.986 11625 12427 D SummariserIntentService: /storage/emulated/0/Movies/segment-sum/20200312_194129/20200312_194129!000.mp4
07-05 21:12:34.988 11625 11625 V NearbyFragment: Transfer to Endpoint{id=njPJ, name=Galaxy S8 [2802]} complete
07-05 21:12:34.988 11625 12427 I FfmpegTools: Running ffmpeg with:
07-05 21:12:34.988 11625 12427 I FfmpegTools:   -y -i /storage/emulated/0/Download/Nearby/20200312_194129!000.mp4 -vf freezedetect=n=-45.000000dB:d=1.000000,metadata=mode=print:file=/storage/emulated/0/Movies/raw/20200312_194129!000.txt -f null -
07-05 21:12:35.026 11625 12331 D SummariserIntentService: Scanned /storage/emulated/0/Movies/summarised
07-05 21:12:35.026 11625 12331 D SummariserIntentService:   -> uri=content://media/external/file/8207
07-05 21:12:35.179 11625 11887 W mobile-ffmpeg: [graph 0 input from stream 0:0 @ 0x7a20e2bfc0] sws_param option is deprecated and ignored
07-05 21:12:38.484 11625 11625 V NearbyFragment: Transfer to Endpoint{id=njPJ, name=Galaxy S8 [2802]} complete
07-05 21:12:38.485 11625 11625 W NearbyFragment: Completed downloading 20200312_194129!002.mp4 from Endpoint{id=njPJ, name=Galaxy S8 [2802]} in 17.479s
07-05 21:12:38.494 11625 11625 V FileManager: External storage is readable
07-05 21:12:38.495 11625 11625 V FileManager: Directory already exists: /storage/emulated/0/Movies/segment-sum/20200312_194129
07-05 21:12:38.495 11625 11625 D NearbyFragment: Summarising 20200312_194129!002.mp4
07-05 21:12:38.495 11625 11625 V VideoManager: Retrieving video from /storage/emulated/0/Download/Nearby/20200312_194129!002.mp4
07-05 21:12:38.506 11625 11625 D VideoManager: videoCursor is null
07-05 21:12:38.531 11625 11625 V VideoManager: videoFromCursor
07-05 21:12:38.534 11625 11625 V ProcessingVideosEventHandler: onAdd
07-05 21:12:38.534 11625 11625 V RawFootageEventHandler: onRemove
07-05 21:12:38.539 11625 11625 V NearbyFragment: Transfer to Endpoint{id=njPJ, name=Galaxy S8 [2802]} complete
07-05 21:12:38.561 11625 11625 D NearbyFragment: onPayloadReceived(endpointId=njPJ, payload=com.google.android.gms.nearby.connection.Payload@4a2f6e2)
07-05 21:12:43.938 11625 11625 V NearbyFragment: Transfer to Endpoint{id=njPJ, name=Galaxy S8 [2802]} complete
07-05 21:12:43.939 11625 11625 W NearbyFragment: Completed downloading 20200312_194129!003.mp4 from Endpoint{id=njPJ, name=Galaxy S8 [2802]} in 16.318s
07-05 21:12:43.949 11625 11625 V FileManager: External storage is readable
07-05 21:12:43.949 11625 11625 V FileManager: Directory already exists: /storage/emulated/0/Movies/segment-sum/20200312_194129
07-05 21:12:43.950 11625 11625 D NearbyFragment: Summarising 20200312_194129!003.mp4
07-05 21:12:43.950 11625 11625 V VideoManager: Retrieving video from /storage/emulated/0/Download/Nearby/20200312_194129!003.mp4
07-05 21:12:43.960 11625 11625 D VideoManager: videoCursor is null
07-05 21:12:43.985 11625 11625 V VideoManager: videoFromCursor
07-05 21:12:43.988 11625 11625 V ProcessingVideosEventHandler: onAdd
07-05 21:12:43.989 11625 11625 V RawFootageEventHandler: onRemove
07-05 21:12:43.993 11625 11625 V NearbyFragment: Transfer to Endpoint{id=njPJ, name=Galaxy S8 [2802]} complete
07-05 21:12:44.408 11625 12427 W Summariser: No activity detected
07-05 21:12:44.410 11625 12427 V FfmpegTools: Retrieving duration of /storage/emulated/0/Download/Nearby/20200312_194129!000.mp4
07-05 21:12:44.507 11625 12427 W Summariser: Summarisation completed
07-05 21:12:44.507 11625 12427 W Summariser:   filename: 20200312_194129!000.mp4
07-05 21:12:44.507 11625 12427 W Summariser:   active sections: 0
07-05 21:12:44.507 11625 12427 W Summariser:   time: 09.422s
07-05 21:12:44.507 11625 12427 W Summariser:   original duration: 16.07
07-05 21:12:44.507 11625 12427 W Summariser:   summarised duration: -1.00
07-05 21:12:44.507 11625 12427 W Summariser:   noise tolerance: 45.00
07-05 21:12:44.507 11625 12427 W Summariser:   quality: 23
07-05 21:12:44.507 11625 12427 W Summariser:   speed: medium
07-05 21:12:44.507 11625 12427 W Summariser:   freeze duration: 1.00
07-05 21:12:44.510 11625 12427 V ProcessingVideosEventHandler: onRemove
07-05 21:12:44.524 11625 12427 V SummariserIntentService: onHandleIntent
07-05 21:12:44.525 11625 12427 D SummariserIntentService: Video{id='8306', data='/storage/emulated/0/Download/Nearby/20200312_194129!001.mp4', name='20200312_194129!001.mp4', size=16870868, visible=true, mimeType='video/mp4'}
07-05 21:12:44.525 11625 12427 D SummariserIntentService: /storage/emulated/0/Movies/segment-sum/20200312_194129/20200312_194129!001.mp4
07-05 21:12:44.528 11625 12427 I FfmpegTools: Running ffmpeg with:
07-05 21:12:44.528 11625 12427 I FfmpegTools:   -y -i /storage/emulated/0/Download/Nearby/20200312_194129!001.mp4 -vf freezedetect=n=-45.000000dB:d=1.000000,metadata=mode=print:file=/storage/emulated/0/Movies/raw/20200312_194129!001.txt -f null -
07-05 21:12:44.537 11625 11625 V NearbyFragment: Transfer to Endpoint{id=njPJ, name=Galaxy S8 [2802]} complete
07-05 21:12:44.674 11625 11637 D SummariserIntentService: Scanned /storage/emulated/0/Movies/summarised
07-05 21:12:44.674 11625 11637 D SummariserIntentService:   -> uri=content://media/external/file/8207
07-05 21:12:44.756 11625 11887 W mobile-ffmpeg: [graph 0 input from stream 0:0 @ 0x7a20e2bfc0] sws_param option is deprecated and ignored
07-05 21:12:50.004 11625 11625 D NearbyFragment: onPayloadReceived(endpointId=njPJ, payload=com.google.android.gms.nearby.connection.Payload@eb17b65)
07-05 21:12:50.005 11625 11625 V NearbyFragment: Started downloading SUMMARISE_SEGMENT:-6402337361752020541:20200312_194229!001.mp4:45.0_1.0_23_medium from Endpoint{id=njPJ, name=Galaxy S8 [2802]}
07-05 21:12:50.013 11625 11625 V NearbyFragment: Transfer to Endpoint{id=njPJ, name=Galaxy S8 [2802]} complete
07-05 21:12:50.148 11625 11625 D NearbyFragment: onPayloadReceived(endpointId=njPJ, payload=com.google.android.gms.nearby.connection.Payload@a48803a)
07-05 21:12:53.165 11625 12427 V FfmpegTools: Retrieving duration of /storage/emulated/0/Download/Nearby/20200312_194129!001.mp4
07-05 21:12:53.316 11625 12427 W Summariser: 1 active sections found
07-05 21:12:53.317 11625 12427 I FfmpegTools: Running ffmpeg with:
07-05 21:12:53.317 11625 12427 I FfmpegTools:   -y -i /storage/emulated/0/Download/Nearby/20200312_194129!001.mp4 -filter_complex [0:v]trim=13.112000:16.020000,setpts=PTS-STARTPTS[v0];[0:a]atrim=13.112000:16.020000,asetpts=PTS-STARTPTS[a0];[v0][a0]concat=n=1:v=1:a=1[outv][outa] -map [outv] -map [outa] -crf 23 -preset medium /storage/emulated/0/Movies/segment-sum/20200312_194129/20200312_194129!001.mp4
07-05 21:12:53.569 11625 11887 W mobile-ffmpeg: [graph 0 input from stream 0:0 @ 0x7a20e2bf00] sws_param option is deprecated and ignored
07-05 21:12:54.593 11625 11636 I zygote64: Background concurrent copying GC freed 67638(2MB) AllocSpace objects, 0(0B) LOS objects, 50% free, 2MB/4MB, paused 80us total 116.945ms
07-05 21:12:56.991 11625 11625 V NearbyFragment: Transfer to Endpoint{id=njPJ, name=Galaxy S8 [2802]} complete
07-05 21:12:56.992 11625 11625 W NearbyFragment: Completed downloading 20200312_194229!001.mp4 from Endpoint{id=njPJ, name=Galaxy S8 [2802]} in 06.986s
07-05 21:12:57.003 11625 11625 V FileManager: External storage is readable
07-05 21:12:57.004 11625 11625 V FileManager: Created new directory: /storage/emulated/0/Movies/segment-sum/20200312_194229
07-05 21:12:57.005 11625 11625 D NearbyFragment: Summarising 20200312_194229!001.mp4
07-05 21:12:57.005 11625 11625 V VideoManager: Retrieving video from /storage/emulated/0/Download/Nearby/20200312_194229!001.mp4
07-05 21:12:57.021 11625 11625 D VideoManager: videoCursor is null
07-05 21:12:57.049 11625 11625 V VideoManager: videoFromCursor
07-05 21:12:57.052 11625 11625 V ProcessingVideosEventHandler: onAdd
07-05 21:12:57.053 11625 11625 V RawFootageEventHandler: onRemove
07-05 21:12:57.057 11625 11625 V NearbyFragment: Transfer to Endpoint{id=njPJ, name=Galaxy S8 [2802]} complete
07-05 21:12:57.181 11625 11625 D NearbyFragment: onPayloadReceived(endpointId=njPJ, payload=com.google.android.gms.nearby.connection.Payload@a2e6606)
07-05 21:12:57.182 11625 11625 V NearbyFragment: Started downloading SUMMARISE_SEGMENT:-4926200307739346085:20200312_194229!002.mp4:45.0_1.0_23_medium from Endpoint{id=njPJ, name=Galaxy S8 [2802]}
07-05 21:12:57.194 11625 11625 V NearbyFragment: Transfer to Endpoint{id=njPJ, name=Galaxy S8 [2802]} complete
07-05 21:12:57.222 11625 11625 D NearbyFragment: onPayloadReceived(endpointId=njPJ, payload=com.google.android.gms.nearby.connection.Payload@77b74c7)
07-05 21:13:04.827 11625 11625 V NearbyFragment: Transfer to Endpoint{id=njPJ, name=Galaxy S8 [2802]} complete
07-05 21:13:04.830 11625 11625 W NearbyFragment: Completed downloading 20200312_194229!002.mp4 from Endpoint{id=njPJ, name=Galaxy S8 [2802]} in 07.646s
07-05 21:13:04.838 11625 11625 V FileManager: External storage is readable
07-05 21:13:04.838 11625 11625 V FileManager: Directory already exists: /storage/emulated/0/Movies/segment-sum/20200312_194229
07-05 21:13:04.839 11625 11625 D NearbyFragment: Summarising 20200312_194229!002.mp4
07-05 21:13:04.839 11625 11625 V VideoManager: Retrieving video from /storage/emulated/0/Download/Nearby/20200312_194229!002.mp4
07-05 21:13:04.850 11625 11625 D VideoManager: videoCursor is null
07-05 21:13:04.874 11625 11625 V VideoManager: videoFromCursor
07-05 21:13:04.877 11625 11625 V ProcessingVideosEventHandler: onAdd
07-05 21:13:04.878 11625 11625 V RawFootageEventHandler: onRemove
07-05 21:13:04.883 11625 11625 V NearbyFragment: Transfer to Endpoint{id=njPJ, name=Galaxy S8 [2802]} complete
07-05 21:13:04.904 11625 11625 D NearbyFragment: onPayloadReceived(endpointId=njPJ, payload=com.google.android.gms.nearby.connection.Payload@3309663)
07-05 21:13:04.904 11625 11625 V NearbyFragment: Started downloading SUMMARISE_SEGMENT:-8979937892480239113:20200312_194229!003.mp4:45.0_1.0_23_medium from Endpoint{id=njPJ, name=Galaxy S8 [2802]}
07-05 21:13:05.125 11625 11625 V NearbyFragment: Transfer to Endpoint{id=njPJ, name=Galaxy S8 [2802]} complete
07-05 21:13:05.155 11625 11625 D NearbyFragment: onPayloadReceived(endpointId=njPJ, payload=com.google.android.gms.nearby.connection.Payload@d146260)
07-05 21:13:10.255 11625 11625 V NearbyFragment: Transfer to Endpoint{id=njPJ, name=Galaxy S8 [2802]} complete
07-05 21:13:10.256 11625 11625 W NearbyFragment: Completed downloading 20200312_194229!003.mp4 from Endpoint{id=njPJ, name=Galaxy S8 [2802]} in 05.350s
07-05 21:13:10.272 11625 11625 V FileManager: External storage is readable
07-05 21:13:10.272 11625 11625 V FileManager: Directory already exists: /storage/emulated/0/Movies/segment-sum/20200312_194229
07-05 21:13:10.272 11625 11625 D NearbyFragment: Summarising 20200312_194229!003.mp4
07-05 21:13:10.273 11625 11625 V VideoManager: Retrieving video from /storage/emulated/0/Download/Nearby/20200312_194229!003.mp4
07-05 21:13:10.284 11625 11625 D VideoManager: videoCursor is null
07-05 21:13:10.317 11625 11625 V VideoManager: videoFromCursor
07-05 21:13:10.321 11625 11625 V ProcessingVideosEventHandler: onAdd
07-05 21:13:10.322 11625 11625 V RawFootageEventHandler: onRemove
07-05 21:13:10.327 11625 11625 V NearbyFragment: Transfer to Endpoint{id=njPJ, name=Galaxy S8 [2802]} complete
07-05 21:13:13.651 11625 11625 D NearbyFragment: onPayloadReceived(endpointId=njPJ, payload=com.google.android.gms.nearby.connection.Payload@fcd448c)
07-05 21:13:13.652 11625 11625 V NearbyFragment: Started downloading SUMMARISE_SEGMENT:-5913150604439883227:20200312_194330!000.mp4:45.0_1.0_23_medium from Endpoint{id=njPJ, name=Galaxy S8 [2802]}
07-05 21:13:13.658 11625 11625 V NearbyFragment: Transfer to Endpoint{id=njPJ, name=Galaxy S8 [2802]} complete
07-05 21:13:13.692 11625 11625 D NearbyFragment: onPayloadReceived(endpointId=njPJ, payload=com.google.android.gms.nearby.connection.Payload@59107d5)
07-05 21:13:16.848 11625 12427 V FfmpegTools: Retrieving duration of /storage/emulated/0/Download/Nearby/20200312_194129!001.mp4
07-05 21:13:17.006 11625 12427 V FfmpegTools: Retrieving duration of /storage/emulated/0/Movies/segment-sum/20200312_194129/20200312_194129!001.mp4
07-05 21:13:17.090 11625 12427 W Summariser: Summarisation completed
07-05 21:13:17.090 11625 12427 W Summariser:   filename: 20200312_194129!001.mp4
07-05 21:13:17.090 11625 12427 W Summariser:   active sections: 1
07-05 21:13:17.090 11625 12427 W Summariser:   time: 32.321s
07-05 21:13:17.090 11625 12427 W Summariser:   original duration: 16.02
07-05 21:13:17.090 11625 12427 W Summariser:   summarised duration: 2.97
07-05 21:13:17.090 11625 12427 W Summariser:   noise tolerance: 45.00
07-05 21:13:17.090 11625 12427 W Summariser:   quality: 23
07-05 21:13:17.090 11625 12427 W Summariser:   speed: medium
07-05 21:13:17.090 11625 12427 W Summariser:   freeze duration: 1.00
07-05 21:13:17.092 11625 12427 V VideoManager: Retrieving video from /storage/emulated/0/Movies/segment-sum/20200312_194129/20200312_194129!001.mp4
07-05 21:13:17.102 11625 12427 D VideoManager: videoCursor is null
07-05 21:13:17.138 11625 12427 V VideoManager: videoFromCursor
07-05 21:13:17.163 11625 12427 W NearbyFragment: Sending 20200312_194129!001.mp4 to Galaxy S8 [2802]
07-05 21:13:17.167 11625 12427 V ProcessingVideosEventHandler: onRemove
07-05 21:13:17.175 11625 12427 V SummariserIntentService: onHandleIntent
07-05 21:13:17.178 11625 12427 D SummariserIntentService: Video{id='8307', data='/storage/emulated/0/Download/Nearby/20200312_194129!002.mp4', name='20200312_194129!002.mp4', size=16799769, visible=true, mimeType='video/mp4'}
07-05 21:13:17.178 11625 12427 D SummariserIntentService: /storage/emulated/0/Movies/segment-sum/20200312_194129/20200312_194129!002.mp4
07-05 21:13:17.180 11625 12427 I FfmpegTools: Running ffmpeg with:
07-05 21:13:17.180 11625 12427 I FfmpegTools:   -y -i /storage/emulated/0/Download/Nearby/20200312_194129!002.mp4 -vf freezedetect=n=-45.000000dB:d=1.000000,metadata=mode=print:file=/storage/emulated/0/Movies/raw/20200312_194129!002.txt -f null -
07-05 21:13:17.201 11625 11625 V NearbyFragment: Transfer to Endpoint{id=njPJ, name=Galaxy S8 [2802]} complete
07-05 21:13:17.222 11625 11939 D SummariserIntentService: Scanned /storage/emulated/0/Movies/summarised
07-05 21:13:17.222 11625 11939 D SummariserIntentService:   -> uri=content://media/external/file/8207
07-05 21:13:17.246 11625 11625 V NearbyFragment: Transfer to Endpoint{id=njPJ, name=Galaxy S8 [2802]} complete
07-05 21:13:17.494 11625 11887 W mobile-ffmpeg: [graph 0 input from stream 0:0 @ 0x7a20e2c080] sws_param option is deprecated and ignored
07-05 21:13:18.201 11625 11625 D NearbyFragment: onPayloadReceived(endpointId=njPJ, payload=com.google.android.gms.nearby.connection.Payload@f625cb6)
07-05 21:13:18.201 11625 11625 V NearbyFragment: Started downloading SUMMARISE_SEGMENT:-5486253622305303929:20200312_194330!001.mp4:45.0_1.0_23_medium from Endpoint{id=njPJ, name=Galaxy S8 [2802]}
07-05 21:13:18.301 11625 11625 V NearbyFragment: Transfer to Endpoint{id=njPJ, name=Galaxy S8 [2802]} complete
07-05 21:13:19.347 11625 11625 V NearbyFragment: Transfer to Endpoint{id=njPJ, name=Galaxy S8 [2802]} complete
07-05 21:13:19.348 11625 11625 W NearbyFragment: Completed downloading 20200312_194330!000.mp4 from Endpoint{id=njPJ, name=Galaxy S8 [2802]} in 05.695s
07-05 21:13:19.355 11625 11625 V FileManager: External storage is readable
07-05 21:13:19.356 11625 11625 V FileManager: Created new directory: /storage/emulated/0/Movies/segment-sum/20200312_194330
07-05 21:13:19.357 11625 11625 D NearbyFragment: Summarising 20200312_194330!000.mp4
07-05 21:13:19.357 11625 11625 V VideoManager: Retrieving video from /storage/emulated/0/Download/Nearby/20200312_194330!000.mp4
07-05 21:13:19.366 11625 11625 D VideoManager: videoCursor is null
07-05 21:13:19.389 11625 11625 V VideoManager: videoFromCursor
07-05 21:13:19.392 11625 11625 V ProcessingVideosEventHandler: onAdd
07-05 21:13:19.392 11625 11625 V RawFootageEventHandler: onRemove
07-05 21:13:19.409 11625 11625 D NearbyFragment: onPayloadReceived(endpointId=njPJ, payload=com.google.android.gms.nearby.connection.Payload@82f8e42)
07-05 21:13:19.410 11625 11625 V NearbyFragment: Transfer to Endpoint{id=njPJ, name=Galaxy S8 [2802]} complete
07-05 21:13:21.344 11625 11625 D NearbyFragment: onPayloadReceived(endpointId=njPJ, payload=com.google.android.gms.nearby.connection.Payload@2a3de53)
07-05 21:13:21.345 11625 11625 V NearbyFragment: Started downloading SUMMARISE_SEGMENT:-6070347888055456031:20200312_194330!002.mp4:45.0_1.0_23_medium from Endpoint{id=njPJ, name=Galaxy S8 [2802]}
07-05 21:13:21.407 11625 11625 V NearbyFragment: Transfer to Endpoint{id=njPJ, name=Galaxy S8 [2802]} complete
07-05 21:13:26.181 11625 11625 V NearbyFragment: Transfer to Endpoint{id=njPJ, name=Galaxy S8 [2802]} complete
07-05 21:13:26.182 11625 11625 W NearbyFragment: Completed downloading 20200312_194330!001.mp4 from Endpoint{id=njPJ, name=Galaxy S8 [2802]} in 07.980s
07-05 21:13:26.196 11625 11625 V FileManager: External storage is readable
07-05 21:13:26.196 11625 11625 V FileManager: Directory already exists: /storage/emulated/0/Movies/segment-sum/20200312_194330
07-05 21:13:26.197 11625 11625 D NearbyFragment: Summarising 20200312_194330!001.mp4
07-05 21:13:26.197 11625 11625 V VideoManager: Retrieving video from /storage/emulated/0/Download/Nearby/20200312_194330!001.mp4
07-05 21:13:26.205 11625 11625 D VideoManager: videoCursor is null
07-05 21:13:26.230 11625 11625 V VideoManager: videoFromCursor
07-05 21:13:26.233 11625 11625 V ProcessingVideosEventHandler: onAdd
07-05 21:13:26.233 11625 11625 V RawFootageEventHandler: onRemove
07-05 21:13:26.238 11625 11625 V NearbyFragment: Transfer to Endpoint{id=njPJ, name=Galaxy S8 [2802]} complete
07-05 21:13:26.271 11625 11625 D NearbyFragment: onPayloadReceived(endpointId=njPJ, payload=com.google.android.gms.nearby.connection.Payload@e840caf)
07-05 21:13:27.261 11625 12427 W Summariser: 1 active sections found
07-05 21:13:27.261 11625 12427 I FfmpegTools: Running ffmpeg with:
07-05 21:13:27.261 11625 12427 I FfmpegTools:   -y -i /storage/emulated/0/Download/Nearby/20200312_194129!002.mp4 -filter_complex [0:v]trim=0.000000:7.339000,setpts=PTS-STARTPTS[v0];[0:a]atrim=0.000000:7.339000,asetpts=PTS-STARTPTS[a0];[v0][a0]concat=n=1:v=1:a=1[outv][outa] -map [outv] -map [outa] -crf 23 -preset medium /storage/emulated/0/Movies/segment-sum/20200312_194129/20200312_194129!002.mp4
07-05 21:13:27.489 11625 11887 W mobile-ffmpeg: [graph 0 input from stream 0:0 @ 0x7a20e2bf00] sws_param option is deprecated and ignored
07-05 21:13:29.931 11625 11625 V NearbyFragment: Transfer to Endpoint{id=njPJ, name=Galaxy S8 [2802]} complete
07-05 21:13:29.932 11625 11625 W NearbyFragment: Completed downloading 20200312_194330!002.mp4 from Endpoint{id=njPJ, name=Galaxy S8 [2802]} in 08.586s
07-05 21:13:29.941 11625 11625 V FileManager: External storage is readable
07-05 21:13:29.941 11625 11625 V FileManager: Directory already exists: /storage/emulated/0/Movies/segment-sum/20200312_194330
07-05 21:13:29.942 11625 11625 D NearbyFragment: Summarising 20200312_194330!002.mp4
07-05 21:13:29.942 11625 11625 V VideoManager: Retrieving video from /storage/emulated/0/Download/Nearby/20200312_194330!002.mp4
07-05 21:13:29.953 11625 11625 D VideoManager: videoCursor is null
07-05 21:13:29.978 11625 11625 V VideoManager: videoFromCursor
07-05 21:13:29.981 11625 11625 V ProcessingVideosEventHandler: onAdd
07-05 21:13:29.981 11625 11625 V RawFootageEventHandler: onRemove
07-05 21:13:29.986 11625 11625 V NearbyFragment: Transfer to Endpoint{id=njPJ, name=Galaxy S8 [2802]} complete
07-05 21:13:43.335 11625 11625 D NearbyFragment: onPayloadReceived(endpointId=njPJ, payload=com.google.android.gms.nearby.connection.Payload@d8ec4cb)
07-05 21:13:43.336 11625 11625 V NearbyFragment: Started downloading SUMMARISE_SEGMENT:-5396798793893133423:20200312_194730!000.mp4:45.0_1.0_23_medium from Endpoint{id=njPJ, name=Galaxy S8 [2802]}
07-05 21:13:43.507 11625 11625 V NearbyFragment: Transfer to Endpoint{id=njPJ, name=Galaxy S8 [2802]} complete
07-05 21:13:43.661 11625 11625 D NearbyFragment: onPayloadReceived(endpointId=njPJ, payload=com.google.android.gms.nearby.connection.Payload@5c1d4a8)
07-05 21:13:48.317 11625 11625 V NearbyFragment: Transfer to Endpoint{id=njPJ, name=Galaxy S8 [2802]} complete
07-05 21:13:48.319 11625 11625 W NearbyFragment: Completed downloading 20200312_194730!000.mp4 from Endpoint{id=njPJ, name=Galaxy S8 [2802]} in 04.981s
07-05 21:13:48.332 11625 11625 V FileManager: External storage is readable
07-05 21:13:48.334 11625 11625 V FileManager: Created new directory: /storage/emulated/0/Movies/segment-sum/20200312_194730
07-05 21:13:48.334 11625 11625 D NearbyFragment: Summarising 20200312_194730!000.mp4
07-05 21:13:48.334 11625 11625 V VideoManager: Retrieving video from /storage/emulated/0/Download/Nearby/20200312_194730!000.mp4
07-05 21:13:48.343 11625 11625 D VideoManager: videoCursor is null
07-05 21:13:48.370 11625 11625 V VideoManager: videoFromCursor
07-05 21:13:48.373 11625 11625 V ProcessingVideosEventHandler: onAdd
07-05 21:13:48.374 11625 11625 V RawFootageEventHandler: onRemove
07-05 21:13:48.378 11625 11625 V NearbyFragment: Transfer to Endpoint{id=njPJ, name=Galaxy S8 [2802]} complete
07-05 21:13:48.392 11625 11625 D NearbyFragment: onPayloadReceived(endpointId=njPJ, payload=com.google.android.gms.nearby.connection.Payload@cb39354)
07-05 21:13:48.393 11625 11625 V NearbyFragment: Started downloading SUMMARISE_SEGMENT:-5285031514310187623:20200312_194730!002.mp4:45.0_1.0_23_medium from Endpoint{id=njPJ, name=Galaxy S8 [2802]}
07-05 21:13:48.514 11625 11625 V NearbyFragment: Transfer to Endpoint{id=njPJ, name=Galaxy S8 [2802]} complete
07-05 21:13:54.899 11625 11625 D NearbyFragment: onPayloadReceived(endpointId=njPJ, payload=com.google.android.gms.nearby.connection.Payload@65182fd)
07-05 21:13:55.199 11625 11625 D NearbyFragment: onPayloadReceived(endpointId=njPJ, payload=com.google.android.gms.nearby.connection.Payload@34c0bf2)
07-05 21:13:55.200 11625 11625 V NearbyFragment: Started downloading SUMMARISE_SEGMENT:-6040914574021730678:20200312_194730!003.mp4:45.0_1.0_23_medium from Endpoint{id=njPJ, name=Galaxy S8 [2802]}
07-05 21:13:55.211 11625 11625 V NearbyFragment: Transfer to Endpoint{id=njPJ, name=Galaxy S8 [2802]} complete
07-05 21:14:02.059 11625 11625 V NearbyFragment: Transfer to Endpoint{id=njPJ, name=Galaxy S8 [2802]} complete
07-05 21:14:02.060 11625 11625 W NearbyFragment: Completed downloading 20200312_194730!002.mp4 from Endpoint{id=njPJ, name=Galaxy S8 [2802]} in 13.665s
07-05 21:14:02.073 11625 11625 V FileManager: External storage is readable
07-05 21:14:02.074 11625 11625 V FileManager: Directory already exists: /storage/emulated/0/Movies/segment-sum/20200312_194730
07-05 21:14:02.074 11625 11625 D NearbyFragment: Summarising 20200312_194730!002.mp4
07-05 21:14:02.075 11625 11625 V VideoManager: Retrieving video from /storage/emulated/0/Download/Nearby/20200312_194730!002.mp4
07-05 21:14:02.087 11625 11625 D VideoManager: videoCursor is null
07-05 21:14:02.115 11625 11625 V VideoManager: videoFromCursor
07-05 21:14:02.119 11625 11625 V ProcessingVideosEventHandler: onAdd
07-05 21:14:02.119 11625 11625 V RawFootageEventHandler: onRemove
07-05 21:14:02.124 11625 11625 V NearbyFragment: Transfer to Endpoint{id=njPJ, name=Galaxy S8 [2802]} complete
07-05 21:14:02.124 11625 11625 D NearbyFragment: onPayloadReceived(endpointId=njPJ, payload=com.google.android.gms.nearby.connection.Payload@6090c0)
07-05 21:14:04.844 11625 11625 V NearbyFragment: Transfer to Endpoint{id=njPJ, name=Galaxy S8 [2802]} complete
07-05 21:14:04.845 11625 11625 W NearbyFragment: Completed downloading 20200312_194730!003.mp4 from Endpoint{id=njPJ, name=Galaxy S8 [2802]} in 09.643s
07-05 21:14:04.885 11625 11625 V FileManager: External storage is readable
07-05 21:14:04.885 11625 11625 V FileManager: Directory already exists: /storage/emulated/0/Movies/segment-sum/20200312_194730
07-05 21:14:04.886 11625 11625 D NearbyFragment: Summarising 20200312_194730!003.mp4
07-05 21:14:04.886 11625 11625 V VideoManager: Retrieving video from /storage/emulated/0/Download/Nearby/20200312_194730!003.mp4
07-05 21:14:04.896 11625 11625 D VideoManager: videoCursor is null
07-05 21:14:05.186 11625 11625 V VideoManager: videoFromCursor
07-05 21:14:05.190 11625 11625 V ProcessingVideosEventHandler: onAdd
07-05 21:14:05.190 11625 11625 V RawFootageEventHandler: onRemove
07-05 21:14:05.195 11625 11625 V NearbyFragment: Transfer to Endpoint{id=njPJ, name=Galaxy S8 [2802]} complete
07-05 21:14:07.365 11625 12427 V FfmpegTools: Retrieving duration of /storage/emulated/0/Download/Nearby/20200312_194129!002.mp4
07-05 21:14:07.528 11625 12427 V FfmpegTools: Retrieving duration of /storage/emulated/0/Movies/segment-sum/20200312_194129/20200312_194129!002.mp4
07-05 21:14:07.609 11625 12427 W Summariser: Summarisation completed
07-05 21:14:07.609 11625 12427 W Summariser:   filename: 20200312_194129!002.mp4
07-05 21:14:07.609 11625 12427 W Summariser:   active sections: 1
07-05 21:14:07.609 11625 12427 W Summariser:   time: 50.185s
07-05 21:14:07.609 11625 12427 W Summariser:   original duration: 16.01
07-05 21:14:07.609 11625 12427 W Summariser:   summarised duration: 7.37
07-05 21:14:07.609 11625 12427 W Summariser:   noise tolerance: 45.00
07-05 21:14:07.609 11625 12427 W Summariser:   quality: 23
07-05 21:14:07.609 11625 12427 W Summariser:   speed: medium
07-05 21:14:07.609 11625 12427 W Summariser:   freeze duration: 1.00
07-05 21:14:07.610 11625 12427 V VideoManager: Retrieving video from /storage/emulated/0/Movies/segment-sum/20200312_194129/20200312_194129!002.mp4
07-05 21:14:07.622 11625 12427 D VideoManager: videoCursor is null
07-05 21:14:07.650 11625 12427 V VideoManager: videoFromCursor
07-05 21:14:07.657 11625 12427 W NearbyFragment: Sending 20200312_194129!002.mp4 to Galaxy S8 [2802]
07-05 21:14:07.663 11625 12427 V ProcessingVideosEventHandler: onRemove
07-05 21:14:07.671 11625 12427 V SummariserIntentService: onHandleIntent
07-05 21:14:07.673 11625 12427 D SummariserIntentService: Video{id='8308', data='/storage/emulated/0/Download/Nearby/20200312_194129!003.mp4', name='20200312_194129!003.mp4', size=12644882, visible=true, mimeType='video/mp4'}
07-05 21:14:07.673 11625 12427 D SummariserIntentService: /storage/emulated/0/Movies/segment-sum/20200312_194129/20200312_194129!003.mp4
07-05 21:14:07.676 11625 12427 I FfmpegTools: Running ffmpeg with:
07-05 21:14:07.676 11625 12427 I FfmpegTools:   -y -i /storage/emulated/0/Download/Nearby/20200312_194129!003.mp4 -vf freezedetect=n=-45.000000dB:d=1.000000,metadata=mode=print:file=/storage/emulated/0/Movies/raw/20200312_194129!003.txt -f null -
07-05 21:14:07.686 11625 11625 V NearbyFragment: Transfer to Endpoint{id=njPJ, name=Galaxy S8 [2802]} complete
07-05 21:14:07.710 11625 11637 D SummariserIntentService: Scanned /storage/emulated/0/Movies/summarised
07-05 21:14:07.710 11625 11637 D SummariserIntentService:   -> uri=content://media/external/file/8207
07-05 21:14:07.764 11625 11625 V NearbyFragment: Transfer to Endpoint{id=njPJ, name=Galaxy S8 [2802]} complete
07-05 21:14:07.884 11625 11887 W mobile-ffmpeg: [graph 0 input from stream 0:0 @ 0x7a20e2c080] sws_param option is deprecated and ignored
07-05 21:14:13.939 11625 12427 W Summariser: 1 active sections found
07-05 21:14:13.941 11625 12427 I FfmpegTools: Running ffmpeg with:
07-05 21:14:13.941 11625 12427 I FfmpegTools:   -y -i /storage/emulated/0/Download/Nearby/20200312_194129!003.mp4 -filter_complex [0:v]trim=1.868000:2.502000,setpts=PTS-STARTPTS[v0];[0:a]atrim=1.868000:2.502000,asetpts=PTS-STARTPTS[a0];[v0][a0]concat=n=1:v=1:a=1[outv][outa] -map [outv] -map [outa] -crf 23 -preset medium /storage/emulated/0/Movies/segment-sum/20200312_194129/20200312_194129!003.mp4
07-05 21:14:14.129 11625 11887 W mobile-ffmpeg: [graph 0 input from stream 0:0 @ 0x7a20e2b9c0] sws_param option is deprecated and ignored
07-05 21:14:16.098 11625 11625 D NearbyFragment: onPayloadReceived(endpointId=njPJ, payload=com.google.android.gms.nearby.connection.Payload@eae6e16)
07-05 21:14:16.099 11625 11625 V NearbyFragment: Started downloading SUMMARISE_SEGMENT:-8105502114309044039:20200312_194830!001.mp4:45.0_1.0_23_medium from Endpoint{id=njPJ, name=Galaxy S8 [2802]}
07-05 21:14:16.103 11625 11625 V NearbyFragment: Transfer to Endpoint{id=njPJ, name=Galaxy S8 [2802]} complete
07-05 21:14:16.379 11625 11625 D NearbyFragment: onPayloadReceived(endpointId=njPJ, payload=com.google.android.gms.nearby.connection.Payload@d3c397)
07-05 21:14:18.712 11625 12427 V FfmpegTools: Retrieving duration of /storage/emulated/0/Download/Nearby/20200312_194129!003.mp4
07-05 21:14:18.805 11625 12427 V FfmpegTools: Retrieving duration of /storage/emulated/0/Movies/segment-sum/20200312_194129/20200312_194129!003.mp4
07-05 21:14:18.887 11625 12427 W Summariser: Summarisation completed
07-05 21:14:18.887 11625 12427 W Summariser:   filename: 20200312_194129!003.mp4
07-05 21:14:18.887 11625 12427 W Summariser:   active sections: 1
07-05 21:14:18.887 11625 12427 W Summariser:   time: 11.036s
07-05 21:14:18.887 11625 12427 W Summariser:   original duration: 12.03
07-05 21:14:18.887 11625 12427 W Summariser:   summarised duration: 0.70
07-05 21:14:18.887 11625 12427 W Summariser:   noise tolerance: 45.00
07-05 21:14:18.887 11625 12427 W Summariser:   quality: 23
07-05 21:14:18.887 11625 12427 W Summariser:   speed: medium
07-05 21:14:18.887 11625 12427 W Summariser:   freeze duration: 1.00
07-05 21:14:18.887 11625 12427 V VideoManager: Retrieving video from /storage/emulated/0/Movies/segment-sum/20200312_194129/20200312_194129!003.mp4
07-05 21:14:18.897 11625 12427 D VideoManager: videoCursor is null
07-05 21:14:18.923 11625 12427 V VideoManager: videoFromCursor
07-05 21:14:18.928 11625 12427 W NearbyFragment: Sending 20200312_194129!003.mp4 to Galaxy S8 [2802]
07-05 21:14:18.932 11625 12427 V ProcessingVideosEventHandler: onRemove
07-05 21:14:18.944 11625 12427 V SummariserIntentService: onHandleIntent
07-05 21:14:18.945 11625 12427 D SummariserIntentService: Video{id='8309', data='/storage/emulated/0/Download/Nearby/20200312_194229!001.mp4', name='20200312_194229!001.mp4', size=16870064, visible=true, mimeType='video/mp4'}
07-05 21:14:18.945 11625 12427 D SummariserIntentService: /storage/emulated/0/Movies/segment-sum/20200312_194229/20200312_194229!001.mp4
07-05 21:14:18.948 11625 12427 I FfmpegTools: Running ffmpeg with:
07-05 21:14:18.948 11625 12427 I FfmpegTools:   -y -i /storage/emulated/0/Download/Nearby/20200312_194229!001.mp4 -vf freezedetect=n=-45.000000dB:d=1.000000,metadata=mode=print:file=/storage/emulated/0/Movies/raw/20200312_194229!001.txt -f null -
07-05 21:14:18.957 11625 11625 V NearbyFragment: Transfer to Endpoint{id=njPJ, name=Galaxy S8 [2802]} complete
07-05 21:14:18.974 11625 11625 V NearbyFragment: Transfer to Endpoint{id=njPJ, name=Galaxy S8 [2802]} complete
07-05 21:14:18.988 11625 11649 D SummariserIntentService: Scanned /storage/emulated/0/Movies/summarised
07-05 21:14:18.988 11625 11649 D SummariserIntentService:   -> uri=content://media/external/file/8207
07-05 21:14:19.166 11625 11887 W mobile-ffmpeg: [graph 0 input from stream 0:0 @ 0x7a20e2bb40] sws_param option is deprecated and ignored
07-05 21:14:20.558 11625 11625 D NearbyFragment: onPayloadReceived(endpointId=njPJ, payload=com.google.android.gms.nearby.connection.Payload@e19a9f0)
07-05 21:14:20.558 11625 11625 V NearbyFragment: Started downloading SUMMARISE_SEGMENT:-8344500217855839631:20200312_194830!002.mp4:45.0_1.0_23_medium from Endpoint{id=njPJ, name=Galaxy S8 [2802]}
07-05 21:14:20.607 11625 11625 V NearbyFragment: Transfer to Endpoint{id=njPJ, name=Galaxy S8 [2802]} complete
07-05 21:14:22.754 11625 11625 V NearbyFragment: Transfer to Endpoint{id=njPJ, name=Galaxy S8 [2802]} complete
07-05 21:14:22.756 11625 11625 W NearbyFragment: Completed downloading 20200312_194830!001.mp4 from Endpoint{id=njPJ, name=Galaxy S8 [2802]} in 06.656s
07-05 21:14:22.766 11625 11625 V FileManager: External storage is readable
07-05 21:14:22.768 11625 11625 V FileManager: Created new directory: /storage/emulated/0/Movies/segment-sum/20200312_194830
07-05 21:14:22.769 11625 11625 D NearbyFragment: Summarising 20200312_194830!001.mp4
07-05 21:14:22.769 11625 11625 V VideoManager: Retrieving video from /storage/emulated/0/Download/Nearby/20200312_194830!001.mp4
07-05 21:14:22.784 11625 11625 D VideoManager: videoCursor is null
07-05 21:14:22.809 11625 11625 V VideoManager: videoFromCursor
07-05 21:14:22.812 11625 11625 V ProcessingVideosEventHandler: onAdd
07-05 21:14:22.812 11625 11625 V RawFootageEventHandler: onRemove
07-05 21:14:22.817 11625 11625 V NearbyFragment: Transfer to Endpoint{id=njPJ, name=Galaxy S8 [2802]} complete
07-05 21:14:22.840 11625 11625 D NearbyFragment: onPayloadReceived(endpointId=njPJ, payload=com.google.android.gms.nearby.connection.Payload@d07751c)
07-05 21:14:23.731 11625 11625 D NearbyFragment: onPayloadReceived(endpointId=njPJ, payload=com.google.android.gms.nearby.connection.Payload@1839525)
07-05 21:14:23.732 11625 11625 V NearbyFragment: Started downloading SUMMARISE_SEGMENT:-8002538401831982496:20200312_194830!003.mp4:45.0_1.0_23_medium from Endpoint{id=njPJ, name=Galaxy S8 [2802]}
07-05 21:14:23.758 11625 11625 V NearbyFragment: Transfer to Endpoint{id=njPJ, name=Galaxy S8 [2802]} complete
07-05 21:14:28.934 11625 12427 W Summariser: 2 active sections found
07-05 21:14:28.935 11625 12427 I FfmpegTools: Running ffmpeg with:
07-05 21:14:28.935 11625 12427 I FfmpegTools:   -y -i /storage/emulated/0/Download/Nearby/20200312_194229!001.mp4 -filter_complex [0:v]trim=0.000000:3.503000,setpts=PTS-STARTPTS[v0];[0:a]atrim=0.000000:3.503000,asetpts=PTS-STARTPTS[a0];[0:v]trim=8.074000:13.245000,setpts=PTS-STARTPTS[v1];[0:a]atrim=8.074000:13.245000,asetpts=PTS-STARTPTS[a1];[v0][a0][v1][a1]concat=n=2:v=1:a=1[outv][outa] -map [outv] -map [outa] -crf 23 -preset medium /storage/emulated/0/Movies/segment-sum/20200312_194229/20200312_194229!001.mp4
07-05 21:14:29.041 11625 11625 V NearbyFragment: Transfer to Endpoint{id=njPJ, name=Galaxy S8 [2802]} complete
07-05 21:14:29.042 11625 11625 W NearbyFragment: Completed downloading 20200312_194830!002.mp4 from Endpoint{id=njPJ, name=Galaxy S8 [2802]} in 08.483s
07-05 21:14:29.052 11625 11625 V FileManager: External storage is readable
07-05 21:14:29.053 11625 11625 V FileManager: Directory already exists: /storage/emulated/0/Movies/segment-sum/20200312_194830
07-05 21:14:29.053 11625 11625 D NearbyFragment: Summarising 20200312_194830!002.mp4
07-05 21:14:29.053 11625 11625 V VideoManager: Retrieving video from /storage/emulated/0/Download/Nearby/20200312_194830!002.mp4
07-05 21:14:29.061 11625 11625 D VideoManager: videoCursor is null
07-05 21:14:29.097 11625 11625 V VideoManager: videoFromCursor
07-05 21:14:29.100 11625 11625 V ProcessingVideosEventHandler: onAdd
07-05 21:14:29.100 11625 11625 V RawFootageEventHandler: onRemove
07-05 21:14:29.104 11625 11625 V NearbyFragment: Transfer to Endpoint{id=njPJ, name=Galaxy S8 [2802]} complete
07-05 21:14:29.104 11625 11625 D NearbyFragment: onPayloadReceived(endpointId=njPJ, payload=com.google.android.gms.nearby.connection.Payload@5f684ab)
07-05 21:14:29.178 11625 11887 W mobile-ffmpeg: [graph 0 input from stream 0:0 @ 0x7a20e2bfc0] sws_param option is deprecated and ignored
07-05 21:14:29.178 11625 11887 W mobile-ffmpeg: [graph 0 input from stream 0:0 @ 0x7a20e2c140] sws_param option is deprecated and ignored
07-05 21:14:31.608 11625 11625 V NearbyFragment: Transfer to Endpoint{id=njPJ, name=Galaxy S8 [2802]} complete
07-05 21:14:31.609 11625 11625 W NearbyFragment: Completed downloading 20200312_194830!003.mp4 from Endpoint{id=njPJ, name=Galaxy S8 [2802]} in 07.876s
07-05 21:14:31.616 11625 11625 V FileManager: External storage is readable
07-05 21:14:31.616 11625 11625 V FileManager: Directory already exists: /storage/emulated/0/Movies/segment-sum/20200312_194830
07-05 21:14:31.617 11625 11625 D NearbyFragment: Summarising 20200312_194830!003.mp4
07-05 21:14:31.617 11625 11625 V VideoManager: Retrieving video from /storage/emulated/0/Download/Nearby/20200312_194830!003.mp4
07-05 21:14:31.624 11625 11625 D VideoManager: videoCursor is null
07-05 21:14:31.658 11625 11625 V VideoManager: videoFromCursor
07-05 21:14:31.661 11625 11625 V ProcessingVideosEventHandler: onAdd
07-05 21:14:31.661 11625 11625 V RawFootageEventHandler: onRemove
07-05 21:14:31.665 11625 11625 V NearbyFragment: Transfer to Endpoint{id=njPJ, name=Galaxy S8 [2802]} complete
07-05 21:14:40.367 11625 11625 D NearbyFragment: onPayloadReceived(endpointId=njPJ, payload=com.google.android.gms.nearby.connection.Payload@9f043dd)
07-05 21:14:40.368 11625 11625 V NearbyFragment: Started downloading SUMMARISE_SEGMENT:-7922039863038297744:20200312_194930!000.mp4:45.0_1.0_23_medium from Endpoint{id=njPJ, name=Galaxy S8 [2802]}
07-05 21:14:40.374 11625 11625 V NearbyFragment: Transfer to Endpoint{id=njPJ, name=Galaxy S8 [2802]} complete
07-05 21:14:40.402 11625 11625 D NearbyFragment: onPayloadReceived(endpointId=njPJ, payload=com.google.android.gms.nearby.connection.Payload@9e86b52)
07-05 21:14:45.768 11625 11625 V NearbyFragment: Transfer to Endpoint{id=njPJ, name=Galaxy S8 [2802]} complete
07-05 21:14:45.769 11625 11625 W NearbyFragment: Completed downloading 20200312_194930!000.mp4 from Endpoint{id=njPJ, name=Galaxy S8 [2802]} in 05.399s
07-05 21:14:45.779 11625 11625 V FileManager: External storage is readable
07-05 21:14:45.781 11625 11625 V FileManager: Created new directory: /storage/emulated/0/Movies/segment-sum/20200312_194930
07-05 21:14:45.781 11625 11625 D NearbyFragment: Summarising 20200312_194930!000.mp4
07-05 21:14:45.781 11625 11625 V VideoManager: Retrieving video from /storage/emulated/0/Download/Nearby/20200312_194930!000.mp4
07-05 21:14:45.790 11625 11625 D VideoManager: videoCursor is null
07-05 21:14:45.815 11625 11625 V VideoManager: videoFromCursor
07-05 21:14:45.818 11625 11625 V ProcessingVideosEventHandler: onAdd
07-05 21:14:45.818 11625 11625 V RawFootageEventHandler: onRemove
07-05 21:14:45.822 11625 11625 V NearbyFragment: Transfer to Endpoint{id=njPJ, name=Galaxy S8 [2802]} complete
07-05 21:14:45.911 11625 11625 D NearbyFragment: onPayloadReceived(endpointId=njPJ, payload=com.google.android.gms.nearby.connection.Payload@bfdea9e)
07-05 21:14:45.912 11625 11625 V NearbyFragment: Started downloading SUMMARISE_SEGMENT:-5770310529420230555:20200312_194930!002.mp4:45.0_1.0_23_medium from Endpoint{id=njPJ, name=Galaxy S8 [2802]}
07-05 21:14:45.964 11625 11625 V NearbyFragment: Transfer to Endpoint{id=njPJ, name=Galaxy S8 [2802]} complete
07-05 21:14:51.571 11625 11625 D NearbyFragment: onPayloadReceived(endpointId=njPJ, payload=com.google.android.gms.nearby.connection.Payload@ccd397f)
07-05 21:14:51.977 11625 11625 D NearbyFragment: onPayloadReceived(endpointId=njPJ, payload=com.google.android.gms.nearby.connection.Payload@2205d4c)
07-05 21:14:51.978 11625 11625 V NearbyFragment: Started downloading SUMMARISE_SEGMENT:-7461826433363375628:20200312_194930!003.mp4:45.0_1.0_23_medium from Endpoint{id=njPJ, name=Galaxy S8 [2802]}
07-05 21:14:52.046 11625 11625 V NearbyFragment: Transfer to Endpoint{id=njPJ, name=Galaxy S8 [2802]} complete
07-05 21:14:55.684 11625 11625 V NearbyFragment: Transfer to Endpoint{id=njPJ, name=Galaxy S8 [2802]} complete
07-05 21:14:55.685 11625 11625 W NearbyFragment: Completed downloading 20200312_194930!002.mp4 from Endpoint{id=njPJ, name=Galaxy S8 [2802]} in 09.772s
07-05 21:14:55.696 11625 11625 V FileManager: External storage is readable
07-05 21:14:55.696 11625 11625 V FileManager: Directory already exists: /storage/emulated/0/Movies/segment-sum/20200312_194930
07-05 21:14:55.697 11625 11625 D NearbyFragment: Summarising 20200312_194930!002.mp4
07-05 21:14:55.697 11625 11625 V VideoManager: Retrieving video from /storage/emulated/0/Download/Nearby/20200312_194930!002.mp4
07-05 21:14:55.710 11625 11625 D VideoManager: videoCursor is null
07-05 21:14:55.753 11625 11625 V VideoManager: videoFromCursor
07-05 21:14:55.757 11625 11625 V ProcessingVideosEventHandler: onAdd
07-05 21:14:55.759 11625 11625 V RawFootageEventHandler: onRemove
07-05 21:14:55.767 11625 11625 D NearbyFragment: onPayloadReceived(endpointId=njPJ, payload=com.google.android.gms.nearby.connection.Payload@d5a12aa)
07-05 21:14:55.767 11625 11625 V NearbyFragment: Transfer to Endpoint{id=njPJ, name=Galaxy S8 [2802]} complete
07-05 21:14:58.500 11625 11625 V NearbyFragment: Transfer to Endpoint{id=njPJ, name=Galaxy S8 [2802]} complete
07-05 21:14:58.501 11625 11625 W NearbyFragment: Completed downloading 20200312_194930!003.mp4 from Endpoint{id=njPJ, name=Galaxy S8 [2802]} in 06.521s
07-05 21:14:58.510 11625 11625 V FileManager: External storage is readable
07-05 21:14:58.511 11625 11625 V FileManager: Directory already exists: /storage/emulated/0/Movies/segment-sum/20200312_194930
07-05 21:14:58.511 11625 11625 D NearbyFragment: Summarising 20200312_194930!003.mp4
07-05 21:14:58.512 11625 11625 V VideoManager: Retrieving video from /storage/emulated/0/Download/Nearby/20200312_194930!003.mp4
07-05 21:14:58.521 11625 11625 D VideoManager: videoCursor is null
07-05 21:14:58.552 11625 11625 V VideoManager: videoFromCursor
07-05 21:14:58.556 11625 11625 V ProcessingVideosEventHandler: onAdd
07-05 21:14:58.556 11625 11625 V RawFootageEventHandler: onRemove
07-05 21:14:58.561 11625 11625 V NearbyFragment: Transfer to Endpoint{id=njPJ, name=Galaxy S8 [2802]} complete
07-05 21:15:07.586 11625 11625 D NearbyFragment: onPayloadReceived(endpointId=njPJ, payload=com.google.android.gms.nearby.connection.Payload@32b09e4)
07-05 21:15:07.587 11625 11625 V NearbyFragment: Started downloading SUMMARISE_SEGMENT:-6441139909502195476:20200312_195230!000.mp4:45.0_1.0_23_medium from Endpoint{id=njPJ, name=Galaxy S8 [2802]}
07-05 21:15:07.588 11625 11625 V NearbyFragment: Transfer to Endpoint{id=njPJ, name=Galaxy S8 [2802]} complete
07-05 21:15:07.652 11625 11625 D NearbyFragment: onPayloadReceived(endpointId=njPJ, payload=com.google.android.gms.nearby.connection.Payload@aede4d)
07-05 21:15:11.311 11625 11625 V NearbyFragment: Transfer to Endpoint{id=njPJ, name=Galaxy S8 [2802]} complete
07-05 21:15:11.311 11625 11625 W NearbyFragment: Completed downloading 20200312_195230!000.mp4 from Endpoint{id=njPJ, name=Galaxy S8 [2802]} in 03.723s
07-05 21:15:11.320 11625 11625 V FileManager: External storage is readable
07-05 21:15:11.321 11625 11625 V FileManager: Created new directory: /storage/emulated/0/Movies/segment-sum/20200312_195230
07-05 21:15:11.321 11625 11625 D NearbyFragment: Summarising 20200312_195230!000.mp4
07-05 21:15:11.321 11625 11625 V VideoManager: Retrieving video from /storage/emulated/0/Download/Nearby/20200312_195230!000.mp4
07-05 21:15:11.330 11625 11625 D VideoManager: videoCursor is null
07-05 21:15:11.355 11625 11625 V VideoManager: videoFromCursor
07-05 21:15:11.358 11625 11625 V ProcessingVideosEventHandler: onAdd
07-05 21:15:11.359 11625 11625 V RawFootageEventHandler: onRemove
07-05 21:15:11.363 11625 11625 V NearbyFragment: Transfer to Endpoint{id=njPJ, name=Galaxy S8 [2802]} complete
07-05 21:15:11.499 11625 11625 D NearbyFragment: onPayloadReceived(endpointId=njPJ, payload=com.google.android.gms.nearby.connection.Payload@e181249)
07-05 21:15:11.501 11625 11625 V NearbyFragment: Started downloading SUMMARISE_SEGMENT:-7735079064680926149:20200312_195230!001.mp4:45.0_1.0_23_medium from Endpoint{id=njPJ, name=Galaxy S8 [2802]}
07-05 21:15:11.507 11625 11625 V NearbyFragment: Transfer to Endpoint{id=njPJ, name=Galaxy S8 [2802]} complete
07-05 21:15:11.538 11625 11625 D NearbyFragment: onPayloadReceived(endpointId=njPJ, payload=com.google.android.gms.nearby.connection.Payload@348374e)
07-05 21:15:18.268 11625 11625 V NearbyFragment: Transfer to Endpoint{id=njPJ, name=Galaxy S8 [2802]} complete
07-05 21:15:18.269 11625 11625 W NearbyFragment: Completed downloading 20200312_195230!001.mp4 from Endpoint{id=njPJ, name=Galaxy S8 [2802]} in 06.768s
07-05 21:15:18.278 11625 11625 V FileManager: External storage is readable
07-05 21:15:18.279 11625 11625 V FileManager: Directory already exists: /storage/emulated/0/Movies/segment-sum/20200312_195230
07-05 21:15:18.279 11625 11625 D NearbyFragment: Summarising 20200312_195230!001.mp4
07-05 21:15:18.280 11625 11625 V VideoManager: Retrieving video from /storage/emulated/0/Download/Nearby/20200312_195230!001.mp4
07-05 21:15:18.290 11625 11625 D VideoManager: videoCursor is null
07-05 21:15:18.317 11625 11625 V VideoManager: videoFromCursor
07-05 21:15:18.320 11625 11625 V ProcessingVideosEventHandler: onAdd
07-05 21:15:18.320 11625 11625 V RawFootageEventHandler: onRemove
07-05 21:15:18.325 11625 11625 V NearbyFragment: Transfer to Endpoint{id=njPJ, name=Galaxy S8 [2802]} complete
07-05 21:15:18.342 11625 11625 D NearbyFragment: onPayloadReceived(endpointId=njPJ, payload=com.google.android.gms.nearby.connection.Payload@1747a5a)
07-05 21:15:18.343 11625 11625 V NearbyFragment: Started downloading SUMMARISE_SEGMENT:-7637330467478620428:20200312_195230!003.mp4:45.0_1.0_23_medium from Endpoint{id=njPJ, name=Galaxy S8 [2802]}
07-05 21:15:18.344 11625 11625 V NearbyFragment: Transfer to Endpoint{id=njPJ, name=Galaxy S8 [2802]} complete
07-05 21:15:19.848 11625 12427 V FfmpegTools: Retrieving duration of /storage/emulated/0/Download/Nearby/20200312_194229!001.mp4
07-05 21:15:20.003 11625 12427 V FfmpegTools: Retrieving duration of /storage/emulated/0/Movies/segment-sum/20200312_194229/20200312_194229!001.mp4
07-05 21:15:20.079 11625 12427 W Summariser: Summarisation completed
07-05 21:15:20.079 11625 12427 W Summariser:   filename: 20200312_194229!001.mp4
07-05 21:15:20.079 11625 12427 W Summariser:   active sections: 2
07-05 21:15:20.079 11625 12427 W Summariser:   time: 60.902s
07-05 21:15:20.079 11625 12427 W Summariser:   original duration: 16.01
07-05 21:15:20.079 11625 12427 W Summariser:   summarised duration: 8.74
07-05 21:15:20.079 11625 12427 W Summariser:   noise tolerance: 45.00
07-05 21:15:20.079 11625 12427 W Summariser:   quality: 23
07-05 21:15:20.079 11625 12427 W Summariser:   speed: medium
07-05 21:15:20.079 11625 12427 W Summariser:   freeze duration: 1.00
07-05 21:15:20.079 11625 12427 V VideoManager: Retrieving video from /storage/emulated/0/Movies/segment-sum/20200312_194229/20200312_194229!001.mp4
07-05 21:15:20.092 11625 12427 D VideoManager: videoCursor is null
07-05 21:15:20.144 11625 12427 V VideoManager: videoFromCursor
07-05 21:15:20.150 11625 12427 W NearbyFragment: Sending 20200312_194229!001.mp4 to Galaxy S8 [2802]
07-05 21:15:20.156 11625 12427 V ProcessingVideosEventHandler: onRemove
07-05 21:15:20.174 11625 12427 V SummariserIntentService: onHandleIntent
07-05 21:15:20.175 11625 12427 D SummariserIntentService: Video{id='8310', data='/storage/emulated/0/Download/Nearby/20200312_194229!002.mp4', name='20200312_194229!002.mp4', size=16848151, visible=true, mimeType='video/mp4'}
07-05 21:15:20.175 11625 12427 D SummariserIntentService: /storage/emulated/0/Movies/segment-sum/20200312_194229/20200312_194229!002.mp4
07-05 21:15:20.178 11625 12427 I FfmpegTools: Running ffmpeg with:
07-05 21:15:20.178 11625 12427 I FfmpegTools:   -y -i /storage/emulated/0/Download/Nearby/20200312_194229!002.mp4 -vf freezedetect=n=-45.000000dB:d=1.000000,metadata=mode=print:file=/storage/emulated/0/Movies/raw/20200312_194229!002.txt -f null -
07-05 21:15:20.188 11625 11625 V NearbyFragment: Transfer to Endpoint{id=njPJ, name=Galaxy S8 [2802]} complete
07-05 21:15:20.222 11625 12060 D SummariserIntentService: Scanned /storage/emulated/0/Movies/summarised
07-05 21:15:20.222 11625 12060 D SummariserIntentService:   -> uri=content://media/external/file/8207
07-05 21:15:20.315 11625 11625 V NearbyFragment: Transfer to Endpoint{id=njPJ, name=Galaxy S8 [2802]} complete
07-05 21:15:20.413 11625 11887 W mobile-ffmpeg: [graph 0 input from stream 0:0 @ 0x7a20e2b6c0] sws_param option is deprecated and ignored
07-05 21:15:23.191 11625 11625 D NearbyFragment: onPayloadReceived(endpointId=njPJ, payload=com.google.android.gms.nearby.connection.Payload@96f0e67)
07-05 21:15:28.902 11625 11625 V NearbyFragment: Transfer to Endpoint{id=njPJ, name=Galaxy S8 [2802]} complete
07-05 21:15:28.903 11625 11625 W NearbyFragment: Completed downloading 20200312_195230!003.mp4 from Endpoint{id=njPJ, name=Galaxy S8 [2802]} in 10.559s
07-05 21:15:28.912 11625 11625 V FileManager: External storage is readable
