07-05 21:09:07.708 13911 13911 D NearbyFragment: onPayloadReceived(endpointId=njPJ, payload=com.google.android.gms.nearby.connection.Payload@47a47ac)
07-05 21:09:07.709 13911 13911 V NearbyFragment: Started downloading SUMMARISE_SEGMENT:-7422152265288125312:20200312_150944!003.mp4:45.0_1.0_23_medium from Endpoint{id=njPJ, name=Galaxy S8 [2802]}
07-05 21:09:07.742 13911 13911 V NearbyFragment: Transfer to Endpoint{id=njPJ, name=Galaxy S8 [2802]} complete
07-05 21:09:07.855 13911 13911 D NearbyFragment: onPayloadReceived(endpointId=njPJ, payload=com.google.android.gms.nearby.connection.Payload@4ef1c75)
07-05 21:09:12.302 13911 13911 V NearbyFragment: Transfer to Endpoint{id=njPJ, name=Galaxy S8 [2802]} complete
07-05 21:09:12.304 13911 13911 W NearbyFragment: Completed downloading 20200312_150944!003.mp4 from Endpoint{id=njPJ, name=Galaxy S8 [2802]} in 04.592s
07-05 21:09:12.312 13911 13911 V FileManager: External storage is readable
07-05 21:09:12.312 13911 13911 V FileManager: Directory already exists: /storage/emulated/0/Movies/segment-sum/20200312_150944
07-05 21:09:12.313 13911 13911 D NearbyFragment: Summarising 20200312_150944!003.mp4
07-05 21:09:12.313 13911 13911 V VideoManager: Retrieving video from /storage/emulated/0/Download/Nearby/20200312_150944!003.mp4
07-05 21:09:12.321 13911 13911 D VideoManager: videoCursor is null
07-05 21:09:12.341 13911 13911 V VideoManager: videoFromCursor
07-05 21:09:12.343 13911 13911 V ProcessingVideosEventHandler: onAdd
07-05 21:09:12.343 13911 13911 V RawFootageEventHandler: onRemove
07-05 21:09:12.347 13911 13911 V NearbyFragment: Transfer to Endpoint{id=njPJ, name=Galaxy S8 [2802]} complete
07-05 21:09:12.352 13911 14493 V SummariserIntentService: onHandleIntent
07-05 21:09:12.353 13911 14493 D SummariserIntentService: Video{id='1593', data='/storage/emulated/0/Download/Nearby/20200312_150944!003.mp4', name='20200312_150944!003.mp4', size=12751346, visible=true, mimeType='video/mp4'}
07-05 21:09:12.353 13911 14493 D SummariserIntentService: /storage/emulated/0/Movies/segment-sum/20200312_150944/20200312_150944!003.mp4
07-05 21:09:12.355 13911 14493 I FfmpegTools: Running ffmpeg with:
07-05 21:09:12.355 13911 14493 I FfmpegTools:   -y -i /storage/emulated/0/Download/Nearby/20200312_150944!003.mp4 -vf freezedetect=n=-45.000000dB:d=1.000000,metadata=mode=print:file=/storage/emulated/0/Movies/raw/20200312_150944!003.txt -f null -
07-05 21:09:12.490 13911 14163 W mobile-ffmpeg: [graph 0 input from stream 0:0 @ 0x8daf68e0] sws_param option is deprecated and ignored
07-05 21:09:17.297 13911 14493 W Summariser: No activity detected
07-05 21:09:17.298 13911 14493 V FfmpegTools: Retrieving duration of /storage/emulated/0/Download/Nearby/20200312_150944!003.mp4
07-05 21:09:17.367 13911 14493 W Summariser: Summarisation completed
07-05 21:09:17.367 13911 14493 W Summariser:   filename: 20200312_150944!003.mp4
07-05 21:09:17.367 13911 14493 W Summariser:   active sections: 0
07-05 21:09:17.367 13911 14493 W Summariser:   time: 04.945s
07-05 21:09:17.367 13911 14493 W Summariser:   original duration: 12.01
07-05 21:09:17.367 13911 14493 W Summariser:   summarised duration: -1.00
07-05 21:09:17.367 13911 14493 W Summariser:   noise tolerance: 45.00
07-05 21:09:17.367 13911 14493 W Summariser:   quality: 23
07-05 21:09:17.367 13911 14493 W Summariser:   speed: medium
07-05 21:09:17.367 13911 14493 W Summariser:   freeze duration: 1.00
07-05 21:09:17.369 13911 14493 V ProcessingVideosEventHandler: onRemove
07-05 21:09:17.394 13911 13911 V NearbyFragment: Transfer to Endpoint{id=njPJ, name=Galaxy S8 [2802]} complete
07-05 21:09:17.429 13911 13923 D SummariserIntentService: Scanned /storage/emulated/0/Movies/summarised
07-05 21:09:17.429 13911 13923 D SummariserIntentService:   -> uri=content://media/external/file/1527
07-05 21:09:20.869 13911 13911 D NearbyFragment: onPayloadReceived(endpointId=njPJ, payload=com.google.android.gms.nearby.connection.Payload@76bfa62)
07-05 21:09:20.870 13911 13911 V NearbyFragment: Started downloading SUMMARISE_SEGMENT:-8037495161394382100:20200312_151044!000.mp4:45.0_1.0_23_medium from Endpoint{id=njPJ, name=Galaxy S8 [2802]}
07-05 21:09:20.884 13911 13911 V NearbyFragment: Transfer to Endpoint{id=njPJ, name=Galaxy S8 [2802]} complete
07-05 21:09:20.933 13911 13911 D NearbyFragment: onPayloadReceived(endpointId=njPJ, payload=com.google.android.gms.nearby.connection.Payload@90fa7f3)
07-05 21:09:26.270 13911 13911 V NearbyFragment: Transfer to Endpoint{id=njPJ, name=Galaxy S8 [2802]} complete
07-05 21:09:26.272 13911 13911 W NearbyFragment: Completed downloading 20200312_151044!000.mp4 from Endpoint{id=njPJ, name=Galaxy S8 [2802]} in 05.401s
07-05 21:09:26.277 13911 13911 V FileManager: External storage is readable
07-05 21:09:26.278 13911 13911 V FileManager: Created new directory: /storage/emulated/0/Movies/segment-sum/20200312_151044
07-05 21:09:26.278 13911 13911 D NearbyFragment: Summarising 20200312_151044!000.mp4
07-05 21:09:26.278 13911 13911 V VideoManager: Retrieving video from /storage/emulated/0/Download/Nearby/20200312_151044!000.mp4
07-05 21:09:26.286 13911 13911 D VideoManager: videoCursor is null
07-05 21:09:26.307 13911 13911 V VideoManager: videoFromCursor
07-05 21:09:26.308 13911 13911 V ProcessingVideosEventHandler: onAdd
07-05 21:09:26.309 13911 13911 V RawFootageEventHandler: onRemove
07-05 21:09:26.313 13911 13911 V NearbyFragment: Transfer to Endpoint{id=njPJ, name=Galaxy S8 [2802]} complete
07-05 21:09:26.317 13911 14532 V SummariserIntentService: onHandleIntent
07-05 21:09:26.319 13911 14532 D SummariserIntentService: Video{id='1594', data='/storage/emulated/0/Download/Nearby/20200312_151044!000.mp4', name='20200312_151044!000.mp4', size=16831892, visible=true, mimeType='video/mp4'}
07-05 21:09:26.319 13911 14532 D SummariserIntentService: /storage/emulated/0/Movies/segment-sum/20200312_151044/20200312_151044!000.mp4
07-05 21:09:26.322 13911 14532 I FfmpegTools: Running ffmpeg with:
07-05 21:09:26.322 13911 14532 I FfmpegTools:   -y -i /storage/emulated/0/Download/Nearby/20200312_151044!000.mp4 -vf freezedetect=n=-45.000000dB:d=1.000000,metadata=mode=print:file=/storage/emulated/0/Movies/raw/20200312_151044!000.txt -f null -
07-05 21:09:26.456 13911 14163 W mobile-ffmpeg: [graph 0 input from stream 0:0 @ 0x924398c0] sws_param option is deprecated and ignored
07-05 21:09:33.046 13911 14532 W Summariser: No activity detected
07-05 21:09:33.047 13911 14532 V FfmpegTools: Retrieving duration of /storage/emulated/0/Download/Nearby/20200312_151044!000.mp4
07-05 21:09:33.115 13911 14532 W Summariser: Summarisation completed
07-05 21:09:33.115 13911 14532 W Summariser:   filename: 20200312_151044!000.mp4
07-05 21:09:33.115 13911 14532 W Summariser:   active sections: 0
07-05 21:09:33.115 13911 14532 W Summariser:   time: 06.727s
07-05 21:09:33.115 13911 14532 W Summariser:   original duration: 16.07
07-05 21:09:33.115 13911 14532 W Summariser:   summarised duration: -1.00
07-05 21:09:33.115 13911 14532 W Summariser:   noise tolerance: 45.00
07-05 21:09:33.115 13911 14532 W Summariser:   quality: 23
07-05 21:09:33.115 13911 14532 W Summariser:   speed: medium
07-05 21:09:33.115 13911 14532 W Summariser:   freeze duration: 1.00
07-05 21:09:33.116 13911 14532 V ProcessingVideosEventHandler: onRemove
07-05 21:09:33.144 13911 13911 V NearbyFragment: Transfer to Endpoint{id=njPJ, name=Galaxy S8 [2802]} complete
07-05 21:09:33.158 13911 13924 D SummariserIntentService: Scanned /storage/emulated/0/Movies/summarised
07-05 21:09:33.158 13911 13924 D SummariserIntentService:   -> uri=content://media/external/file/1527
07-05 21:09:48.331 13911 13911 D NearbyFragment: onPayloadReceived(endpointId=njPJ, payload=com.google.android.gms.nearby.connection.Payload@4b71c8)
07-05 21:09:48.333 13911 13911 V NearbyFragment: Started downloading SUMMARISE_SEGMENT:-4823931436512802053:20200312_193528!000.mp4:45.0_1.0_23_medium from Endpoint{id=njPJ, name=Galaxy S8 [2802]}
07-05 21:09:48.356 13911 13911 V NearbyFragment: Transfer to Endpoint{id=njPJ, name=Galaxy S8 [2802]} complete
07-05 21:09:48.384 13911 13911 D NearbyFragment: onPayloadReceived(endpointId=njPJ, payload=com.google.android.gms.nearby.connection.Payload@57a9261)
07-05 21:09:53.446 13911 13911 V NearbyFragment: Transfer to Endpoint{id=njPJ, name=Galaxy S8 [2802]} complete
07-05 21:09:53.448 13911 13911 W NearbyFragment: Completed downloading 20200312_193528!000.mp4 from Endpoint{id=njPJ, name=Galaxy S8 [2802]} in 05.112s
07-05 21:09:53.735 13911 13911 V FileManager: External storage is readable
07-05 21:09:53.736 13911 13911 V FileManager: Created new directory: /storage/emulated/0/Movies/segment-sum/20200312_193528
07-05 21:09:53.736 13911 13911 D NearbyFragment: Summarising 20200312_193528!000.mp4
07-05 21:09:53.736 13911 13911 V VideoManager: Retrieving video from /storage/emulated/0/Download/Nearby/20200312_193528!000.mp4
07-05 21:09:53.741 13911 13911 D VideoManager: videoCursor is null
07-05 21:09:53.758 13911 13911 V VideoManager: videoFromCursor
07-05 21:09:53.760 13911 13911 V ProcessingVideosEventHandler: onAdd
07-05 21:09:53.760 13911 13911 V RawFootageEventHandler: onRemove
07-05 21:09:53.765 13911 13911 V NearbyFragment: Transfer to Endpoint{id=njPJ, name=Galaxy S8 [2802]} complete
07-05 21:09:53.772 13911 14574 V SummariserIntentService: onHandleIntent
07-05 21:09:53.772 13911 14574 D SummariserIntentService: Video{id='1595', data='/storage/emulated/0/Download/Nearby/20200312_193528!000.mp4', name='20200312_193528!000.mp4', size=16832420, visible=true, mimeType='video/mp4'}
07-05 21:09:53.772 13911 14574 D SummariserIntentService: /storage/emulated/0/Movies/segment-sum/20200312_193528/20200312_193528!000.mp4
07-05 21:09:53.775 13911 14574 I FfmpegTools: Running ffmpeg with:
07-05 21:09:53.775 13911 14574 I FfmpegTools:   -y -i /storage/emulated/0/Download/Nearby/20200312_193528!000.mp4 -vf freezedetect=n=-45.000000dB:d=1.000000,metadata=mode=print:file=/storage/emulated/0/Movies/raw/20200312_193528!000.txt -f null -
07-05 21:09:53.901 13911 14163 W mobile-ffmpeg: [graph 0 input from stream 0:0 @ 0x8de7cc60] sws_param option is deprecated and ignored
07-05 21:10:00.369 13911 14574 W Summariser: No activity detected
07-05 21:10:00.370 13911 14574 V FfmpegTools: Retrieving duration of /storage/emulated/0/Download/Nearby/20200312_193528!000.mp4
07-05 21:10:00.437 13911 14574 W Summariser: Summarisation completed
07-05 21:10:00.437 13911 14574 W Summariser:   filename: 20200312_193528!000.mp4
07-05 21:10:00.437 13911 14574 W Summariser:   active sections: 0
07-05 21:10:00.437 13911 14574 W Summariser:   time: 06.597s
07-05 21:10:00.437 13911 14574 W Summariser:   original duration: 16.06
07-05 21:10:00.437 13911 14574 W Summariser:   summarised duration: -1.00
07-05 21:10:00.437 13911 14574 W Summariser:   noise tolerance: 45.00
07-05 21:10:00.437 13911 14574 W Summariser:   quality: 23
07-05 21:10:00.437 13911 14574 W Summariser:   speed: medium
07-05 21:10:00.437 13911 14574 W Summariser:   freeze duration: 1.00
07-05 21:10:00.439 13911 14574 V ProcessingVideosEventHandler: onRemove
07-05 21:10:00.459 13911 13911 V NearbyFragment: Transfer to Endpoint{id=njPJ, name=Galaxy S8 [2802]} complete
07-05 21:10:00.477 13911 13923 D SummariserIntentService: Scanned /storage/emulated/0/Movies/summarised
07-05 21:10:00.477 13911 13923 D SummariserIntentService:   -> uri=content://media/external/file/1527
07-05 21:10:16.270 13911 13911 D NearbyFragment: onPayloadReceived(endpointId=njPJ, payload=com.google.android.gms.nearby.connection.Payload@6e1cb5e)
07-05 21:10:16.270 13911 13911 V NearbyFragment: Started downloading SUMMARISE_SEGMENT:-5194481430924434385:20200312_193628!000.mp4:45.0_1.0_23_medium from Endpoint{id=njPJ, name=Galaxy S8 [2802]}
07-05 21:10:16.281 13911 13911 V NearbyFragment: Transfer to Endpoint{id=njPJ, name=Galaxy S8 [2802]} complete
07-05 21:10:16.322 13911 13911 D NearbyFragment: onPayloadReceived(endpointId=njPJ, payload=com.google.android.gms.nearby.connection.Payload@2ce6b3f)
07-05 21:10:20.185 13911 13916 I zygote  : Do full code cache collection, code=253KB, data=191KB
07-05 21:10:20.187 13911 13916 I zygote  : After code cache collection, code=175KB, data=121KB
07-05 21:10:21.182 13911 13911 V NearbyFragment: Transfer to Endpoint{id=njPJ, name=Galaxy S8 [2802]} complete
07-05 21:10:21.182 13911 13911 W NearbyFragment: Completed downloading 20200312_193628!000.mp4 from Endpoint{id=njPJ, name=Galaxy S8 [2802]} in 04.911s
07-05 21:10:21.195 13911 13911 V FileManager: External storage is readable
07-05 21:10:21.196 13911 13911 V FileManager: Created new directory: /storage/emulated/0/Movies/segment-sum/20200312_193628
07-05 21:10:21.196 13911 13911 D NearbyFragment: Summarising 20200312_193628!000.mp4
07-05 21:10:21.196 13911 13911 V VideoManager: Retrieving video from /storage/emulated/0/Download/Nearby/20200312_193628!000.mp4
07-05 21:10:21.201 13911 13911 D VideoManager: videoCursor is null
07-05 21:10:21.239 13911 13911 V VideoManager: videoFromCursor
07-05 21:10:21.240 13911 13911 V ProcessingVideosEventHandler: onAdd
07-05 21:10:21.241 13911 13911 V RawFootageEventHandler: onRemove
07-05 21:10:21.245 13911 13911 V NearbyFragment: Transfer to Endpoint{id=njPJ, name=Galaxy S8 [2802]} complete
07-05 21:10:21.249 13911 14614 V SummariserIntentService: onHandleIntent
07-05 21:10:21.250 13911 14614 D SummariserIntentService: Video{id='1596', data='/storage/emulated/0/Download/Nearby/20200312_193628!000.mp4', name='20200312_193628!000.mp4', size=16939247, visible=true, mimeType='video/mp4'}
07-05 21:10:21.250 13911 14614 D SummariserIntentService: /storage/emulated/0/Movies/segment-sum/20200312_193628/20200312_193628!000.mp4
07-05 21:10:21.253 13911 14614 I FfmpegTools: Running ffmpeg with:
07-05 21:10:21.253 13911 14614 I FfmpegTools:   -y -i /storage/emulated/0/Download/Nearby/20200312_193628!000.mp4 -vf freezedetect=n=-45.000000dB:d=1.000000,metadata=mode=print:file=/storage/emulated/0/Movies/raw/20200312_193628!000.txt -f null -
07-05 21:10:21.699 13911 14163 W mobile-ffmpeg: [graph 0 input from stream 0:0 @ 0x8daf4000] sws_param option is deprecated and ignored
07-05 21:10:28.170 13911 14614 W Summariser: No activity detected
07-05 21:10:28.172 13911 14614 V FfmpegTools: Retrieving duration of /storage/emulated/0/Download/Nearby/20200312_193628!000.mp4
07-05 21:10:28.229 13911 14614 W Summariser: Summarisation completed
07-05 21:10:28.229 13911 14614 W Summariser:   filename: 20200312_193628!000.mp4
07-05 21:10:28.229 13911 14614 W Summariser:   active sections: 0
07-05 21:10:28.229 13911 14614 W Summariser:   time: 06.921s
07-05 21:10:28.229 13911 14614 W Summariser:   original duration: 16.07
07-05 21:10:28.229 13911 14614 W Summariser:   summarised duration: -1.00
07-05 21:10:28.229 13911 14614 W Summariser:   noise tolerance: 45.00
07-05 21:10:28.229 13911 14614 W Summariser:   quality: 23
07-05 21:10:28.229 13911 14614 W Summariser:   speed: medium
07-05 21:10:28.229 13911 14614 W Summariser:   freeze duration: 1.00
07-05 21:10:28.231 13911 14614 V ProcessingVideosEventHandler: onRemove
07-05 21:10:28.241 13911 13911 V NearbyFragment: Transfer to Endpoint{id=njPJ, name=Galaxy S8 [2802]} complete
07-05 21:10:28.257 13911 13924 D SummariserIntentService: Scanned /storage/emulated/0/Movies/summarised
07-05 21:10:28.257 13911 13924 D SummariserIntentService:   -> uri=content://media/external/file/1527
07-05 21:10:28.467 13911 13911 D NearbyFragment: onPayloadReceived(endpointId=njPJ, payload=com.google.android.gms.nearby.connection.Payload@8a4d0a4)
07-05 21:10:28.467 13911 13911 V NearbyFragment: Started downloading SUMMARISE_SEGMENT:-9027718111162568874:20200312_193628!003.mp4:45.0_1.0_23_medium from Endpoint{id=njPJ, name=Galaxy S8 [2802]}
07-05 21:10:29.294 13911 13911 V NearbyFragment: Transfer to Endpoint{id=njPJ, name=Galaxy S8 [2802]} complete
07-05 21:10:34.941 13911 13911 D NearbyFragment: onPayloadReceived(endpointId=njPJ, payload=com.google.android.gms.nearby.connection.Payload@896fe0d)
07-05 21:10:39.551 13911 13911 V NearbyFragment: Transfer to Endpoint{id=njPJ, name=Galaxy S8 [2802]} complete
07-05 21:10:39.552 13911 13911 W NearbyFragment: Completed downloading 20200312_193628!003.mp4 from Endpoint{id=njPJ, name=Galaxy S8 [2802]} in 11.083s
07-05 21:10:39.556 13911 13911 V FileManager: External storage is readable
07-05 21:10:39.556 13911 13911 V FileManager: Directory already exists: /storage/emulated/0/Movies/segment-sum/20200312_193628
07-05 21:10:39.556 13911 13911 D NearbyFragment: Summarising 20200312_193628!003.mp4
07-05 21:10:39.556 13911 13911 V VideoManager: Retrieving video from /storage/emulated/0/Download/Nearby/20200312_193628!003.mp4
07-05 21:10:39.562 13911 13911 D VideoManager: videoCursor is null
07-05 21:10:39.582 13911 13911 V VideoManager: videoFromCursor
07-05 21:10:39.584 13911 13911 V ProcessingVideosEventHandler: onAdd
07-05 21:10:39.585 13911 13911 V RawFootageEventHandler: onRemove
07-05 21:10:39.590 13911 13911 V NearbyFragment: Transfer to Endpoint{id=njPJ, name=Galaxy S8 [2802]} complete
07-05 21:10:39.597 13911 14674 V SummariserIntentService: onHandleIntent
07-05 21:10:39.598 13911 14674 D SummariserIntentService: Video{id='1597', data='/storage/emulated/0/Download/Nearby/20200312_193628!003.mp4', name='20200312_193628!003.mp4', size=12749496, visible=true, mimeType='video/mp4'}
07-05 21:10:39.598 13911 14674 D SummariserIntentService: /storage/emulated/0/Movies/segment-sum/20200312_193628/20200312_193628!003.mp4
07-05 21:10:39.601 13911 14674 I FfmpegTools: Running ffmpeg with:
07-05 21:10:39.601 13911 14674 I FfmpegTools:   -y -i /storage/emulated/0/Download/Nearby/20200312_193628!003.mp4 -vf freezedetect=n=-45.000000dB:d=1.000000,metadata=mode=print:file=/storage/emulated/0/Movies/raw/20200312_193628!003.txt -f null -
07-05 21:10:39.723 13911 14163 W mobile-ffmpeg: [graph 0 input from stream 0:0 @ 0x8daf61c0] sws_param option is deprecated and ignored
07-05 21:10:44.880 13911 14674 V FfmpegTools: Retrieving duration of /storage/emulated/0/Download/Nearby/20200312_193628!003.mp4
07-05 21:10:44.939 13911 14674 W Summariser: 1 active sections found
07-05 21:10:44.940 13911 14674 I FfmpegTools: Running ffmpeg with:
07-05 21:10:44.940 13911 14674 I FfmpegTools:   -y -i /storage/emulated/0/Download/Nearby/20200312_193628!003.mp4 -filter_complex [0:v]trim=5.938000:12.030000,setpts=PTS-STARTPTS[v0];[0:a]atrim=5.938000:12.030000,asetpts=PTS-STARTPTS[a0];[v0][a0]concat=n=1:v=1:a=1[outv][outa] -map [outv] -map [outa] -crf 23 -preset medium /storage/emulated/0/Movies/segment-sum/20200312_193628/20200312_193628!003.mp4
07-05 21:10:45.037 13911 14163 W mobile-ffmpeg: [graph 0 input from stream 0:0 @ 0x911684a0] sws_param option is deprecated and ignored
07-05 21:11:04.953 13911 14674 V FfmpegTools: Retrieving duration of /storage/emulated/0/Download/Nearby/20200312_193628!003.mp4
07-05 21:11:05.024 13911 14674 V FfmpegTools: Retrieving duration of /storage/emulated/0/Movies/segment-sum/20200312_193628/20200312_193628!003.mp4
07-05 21:11:05.083 13911 14674 W Summariser: Summarisation completed
07-05 21:11:05.083 13911 14674 W Summariser:   filename: 20200312_193628!003.mp4
07-05 21:11:05.083 13911 14674 W Summariser:   active sections: 1
07-05 21:11:05.083 13911 14674 W Summariser:   time: 25.353s
07-05 21:11:05.083 13911 14674 W Summariser:   original duration: 12.03
07-05 21:11:05.083 13911 14674 W Summariser:   summarised duration: 6.16
07-05 21:11:05.083 13911 14674 W Summariser:   noise tolerance: 45.00
07-05 21:11:05.083 13911 14674 W Summariser:   quality: 23
07-05 21:11:05.083 13911 14674 W Summariser:   speed: medium
07-05 21:11:05.083 13911 14674 W Summariser:   freeze duration: 1.00
07-05 21:11:05.083 13911 14674 V VideoManager: Retrieving video from /storage/emulated/0/Movies/segment-sum/20200312_193628/20200312_193628!003.mp4
07-05 21:11:05.089 13911 14674 D VideoManager: videoCursor is null
07-05 21:11:05.124 13911 14674 V VideoManager: videoFromCursor
07-05 21:11:05.128 13911 14674 W NearbyFragment: Sending 20200312_193628!003.mp4 to Galaxy S8 [2802]
07-05 21:11:05.132 13911 14674 V ProcessingVideosEventHandler: onRemove
07-05 21:11:05.161 13911 13911 V NearbyFragment: Transfer to Endpoint{id=njPJ, name=Galaxy S8 [2802]} complete
07-05 21:11:05.173 13911 13924 D SummariserIntentService: Scanned /storage/emulated/0/Movies/summarised
07-05 21:11:05.173 13911 13924 D SummariserIntentService:   -> uri=content://media/external/file/1527
07-05 21:11:06.841 13911 13911 V NearbyFragment: Transfer to Endpoint{id=njPJ, name=Galaxy S8 [2802]} complete
07-05 21:11:20.599 13911 13911 D NearbyFragment: onPayloadReceived(endpointId=njPJ, payload=com.google.android.gms.nearby.connection.Payload@75d324b)
07-05 21:11:20.625 13911 13911 D NearbyFragment: onPayloadReceived(endpointId=njPJ, payload=com.google.android.gms.nearby.connection.Payload@9037428)
07-05 21:11:20.626 13911 13911 V NearbyFragment: Started downloading SUMMARISE_SEGMENT:-8316742811535049890:20200312_193828!000.mp4:45.0_1.0_23_medium from Endpoint{id=njPJ, name=Galaxy S8 [2802]}
07-05 21:11:20.650 13911 13911 V NearbyFragment: Transfer to Endpoint{id=njPJ, name=Galaxy S8 [2802]} complete
07-05 21:11:26.812 13911 13911 V NearbyFragment: Transfer to Endpoint{id=njPJ, name=Galaxy S8 [2802]} complete
07-05 21:11:26.814 13911 13911 W NearbyFragment: Completed downloading 20200312_193828!000.mp4 from Endpoint{id=njPJ, name=Galaxy S8 [2802]} in 06.187s
07-05 21:11:26.820 13911 13911 V FileManager: External storage is readable
07-05 21:11:26.821 13911 13911 V FileManager: Created new directory: /storage/emulated/0/Movies/segment-sum/20200312_193828
07-05 21:11:26.822 13911 13911 D NearbyFragment: Summarising 20200312_193828!000.mp4
07-05 21:11:26.822 13911 13911 V VideoManager: Retrieving video from /storage/emulated/0/Download/Nearby/20200312_193828!000.mp4
07-05 21:11:26.833 13911 13911 D VideoManager: videoCursor is null
07-05 21:11:26.858 13911 13911 V VideoManager: videoFromCursor
07-05 21:11:26.860 13911 13911 V ProcessingVideosEventHandler: onAdd
07-05 21:11:26.861 13911 13911 V RawFootageEventHandler: onRemove
07-05 21:11:26.867 13911 13911 V NearbyFragment: Transfer to Endpoint{id=njPJ, name=Galaxy S8 [2802]} complete
07-05 21:11:26.874 13911 14780 V SummariserIntentService: onHandleIntent
07-05 21:11:26.875 13911 14780 D SummariserIntentService: Video{id='1600', data='/storage/emulated/0/Download/Nearby/20200312_193828!000.mp4', name='20200312_193828!000.mp4', size=16933030, visible=true, mimeType='video/mp4'}
07-05 21:11:26.875 13911 14780 D SummariserIntentService: /storage/emulated/0/Movies/segment-sum/20200312_193828/20200312_193828!000.mp4
07-05 21:11:26.878 13911 14780 I FfmpegTools: Running ffmpeg with:
07-05 21:11:26.878 13911 14780 I FfmpegTools:   -y -i /storage/emulated/0/Download/Nearby/20200312_193828!000.mp4 -vf freezedetect=n=-45.000000dB:d=1.000000,metadata=mode=print:file=/storage/emulated/0/Movies/raw/20200312_193828!000.txt -f null -
07-05 21:11:27.021 13911 14163 W mobile-ffmpeg: [graph 0 input from stream 0:0 @ 0x91168620] sws_param option is deprecated and ignored
07-05 21:11:34.574 13911 14780 W Summariser: 1 active sections found
07-05 21:11:34.575 13911 14780 I FfmpegTools: Running ffmpeg with:
07-05 21:11:34.575 13911 14780 I FfmpegTools:   -y -i /storage/emulated/0/Download/Nearby/20200312_193828!000.mp4 -filter_complex [0:v]trim=0.000000:14.212000,setpts=PTS-STARTPTS[v0];[0:a]atrim=0.000000:14.212000,asetpts=PTS-STARTPTS[a0];[v0][a0]concat=n=1:v=1:a=1[outv][outa] -map [outv] -map [outa] -crf 23 -preset medium /storage/emulated/0/Movies/segment-sum/20200312_193828/20200312_193828!000.mp4
07-05 21:11:34.689 13911 14163 W mobile-ffmpeg: [graph 0 input from stream 0:0 @ 0x90a1b7e0] sws_param option is deprecated and ignored
07-05 21:12:27.329 13911 14780 V FfmpegTools: Retrieving duration of /storage/emulated/0/Download/Nearby/20200312_193828!000.mp4
07-05 21:12:27.420 13911 14780 V FfmpegTools: Retrieving duration of /storage/emulated/0/Movies/segment-sum/20200312_193828/20200312_193828!000.mp4
07-05 21:12:27.521 13911 14780 W Summariser: Summarisation completed
07-05 21:12:27.521 13911 14780 W Summariser:   filename: 20200312_193828!000.mp4
07-05 21:12:27.521 13911 14780 W Summariser:   active sections: 1
07-05 21:12:27.521 13911 14780 W Summariser:   time: 60.453s
07-05 21:12:27.521 13911 14780 W Summariser:   original duration: 16.06
07-05 21:12:27.521 13911 14780 W Summariser:   summarised duration: 14.28
07-05 21:12:27.521 13911 14780 W Summariser:   noise tolerance: 45.00
07-05 21:12:27.521 13911 14780 W Summariser:   quality: 23
07-05 21:12:27.521 13911 14780 W Summariser:   speed: medium
07-05 21:12:27.521 13911 14780 W Summariser:   freeze duration: 1.00
07-05 21:12:27.521 13911 14780 V VideoManager: Retrieving video from /storage/emulated/0/Movies/segment-sum/20200312_193828/20200312_193828!000.mp4
07-05 21:12:27.536 13911 14780 D VideoManager: videoCursor is null
07-05 21:12:27.624 13911 14780 V VideoManager: videoFromCursor
07-05 21:12:27.629 13911 14780 W NearbyFragment: Sending 20200312_193828!000.mp4 to Galaxy S8 [2802]
07-05 21:12:27.634 13911 14780 V ProcessingVideosEventHandler: onRemove
07-05 21:12:27.669 13911 13911 V NearbyFragment: Transfer to Endpoint{id=njPJ, name=Galaxy S8 [2802]} complete
07-05 21:12:27.690 13911 14845 D SummariserIntentService: Scanned /storage/emulated/0/Movies/summarised
07-05 21:12:27.690 13911 14845 D SummariserIntentService:   -> uri=content://media/external/file/1527
07-05 21:12:31.984 13911 13911 V NearbyFragment: Transfer to Endpoint{id=njPJ, name=Galaxy S8 [2802]} complete
07-05 21:12:45.293 13911 13911 D NearbyFragment: onPayloadReceived(endpointId=njPJ, payload=com.google.android.gms.nearby.connection.Payload@4ba50be)
07-05 21:12:45.293 13911 13911 V NearbyFragment: Started downloading SUMMARISE_SEGMENT:-7888126614794819419:20200312_194229!000.mp4:45.0_1.0_23_medium from Endpoint{id=njPJ, name=Galaxy S8 [2802]}
07-05 21:12:45.300 13911 13911 V NearbyFragment: Transfer to Endpoint{id=njPJ, name=Galaxy S8 [2802]} complete
07-05 21:12:45.329 13911 13911 D NearbyFragment: onPayloadReceived(endpointId=njPJ, payload=com.google.android.gms.nearby.connection.Payload@8e2751f)
07-05 21:12:49.854 13911 13911 V NearbyFragment: Transfer to Endpoint{id=njPJ, name=Galaxy S8 [2802]} complete
07-05 21:12:49.855 13911 13911 W NearbyFragment: Completed downloading 20200312_194229!000.mp4 from Endpoint{id=njPJ, name=Galaxy S8 [2802]} in 04.560s
07-05 21:12:49.863 13911 13911 V FileManager: External storage is readable
07-05 21:12:49.864 13911 13911 V FileManager: Created new directory: /storage/emulated/0/Movies/segment-sum/20200312_194229
07-05 21:12:49.865 13911 13911 D NearbyFragment: Summarising 20200312_194229!000.mp4
07-05 21:12:49.865 13911 13911 V VideoManager: Retrieving video from /storage/emulated/0/Download/Nearby/20200312_194229!000.mp4
07-05 21:12:49.874 13911 13911 D VideoManager: videoCursor is null
07-05 21:12:49.925 13911 13911 V VideoManager: videoFromCursor
07-05 21:12:49.928 13911 13911 V ProcessingVideosEventHandler: onAdd
07-05 21:12:49.928 13911 13911 V RawFootageEventHandler: onRemove
07-05 21:12:49.949 13911 13911 V NearbyFragment: Transfer to Endpoint{id=njPJ, name=Galaxy S8 [2802]} complete
07-05 21:12:49.964 13911 14891 V SummariserIntentService: onHandleIntent
07-05 21:12:49.965 13911 14891 D SummariserIntentService: Video{id='1603', data='/storage/emulated/0/Download/Nearby/20200312_194229!000.mp4', name='20200312_194229!000.mp4', size=16971954, visible=true, mimeType='video/mp4'}
07-05 21:12:49.965 13911 14891 D SummariserIntentService: /storage/emulated/0/Movies/segment-sum/20200312_194229/20200312_194229!000.mp4
07-05 21:12:49.969 13911 14891 I FfmpegTools: Running ffmpeg with:
07-05 21:12:49.969 13911 14891 I FfmpegTools:   -y -i /storage/emulated/0/Download/Nearby/20200312_194229!000.mp4 -vf freezedetect=n=-45.000000dB:d=1.000000,metadata=mode=print:file=/storage/emulated/0/Movies/raw/20200312_194229!000.txt -f null -
07-05 21:12:50.121 13911 14163 W mobile-ffmpeg: [graph 0 input from stream 0:0 @ 0xa53b4a80] sws_param option is deprecated and ignored
07-05 21:12:58.141 13911 14891 V FfmpegTools: Retrieving duration of /storage/emulated/0/Download/Nearby/20200312_194229!000.mp4
07-05 21:12:58.223 13911 14891 W Summariser: 1 active sections found
07-05 21:12:58.223 13911 14891 I FfmpegTools: Running ffmpeg with:
07-05 21:12:58.223 13911 14891 I FfmpegTools:   -y -i /storage/emulated/0/Download/Nearby/20200312_194229!000.mp4 -filter_complex [0:v]trim=10.509000:16.060000,setpts=PTS-STARTPTS[v0];[0:a]atrim=10.509000:16.060000,asetpts=PTS-STARTPTS[a0];[v0][a0]concat=n=1:v=1:a=1[outv][outa] -map [outv] -map [outa] -crf 23 -preset medium /storage/emulated/0/Movies/segment-sum/20200312_194229/20200312_194229!000.mp4
07-05 21:12:58.360 13911 14163 W mobile-ffmpeg: [graph 0 input from stream 0:0 @ 0xa53b6d00] sws_param option is deprecated and ignored
07-05 21:13:20.642 13911 14891 V FfmpegTools: Retrieving duration of /storage/emulated/0/Download/Nearby/20200312_194229!000.mp4
07-05 21:13:20.737 13911 14891 V FfmpegTools: Retrieving duration of /storage/emulated/0/Movies/segment-sum/20200312_194229/20200312_194229!000.mp4
07-05 21:13:20.819 13911 14891 W Summariser: Summarisation completed
07-05 21:13:20.819 13911 14891 W Summariser:   filename: 20200312_194229!000.mp4
07-05 21:13:20.819 13911 14891 W Summariser:   active sections: 1
07-05 21:13:20.819 13911 14891 W Summariser:   time: 30.675s
07-05 21:13:20.819 13911 14891 W Summariser:   original duration: 16.06
07-05 21:13:20.819 13911 14891 W Summariser:   summarised duration: 5.62
07-05 21:13:20.819 13911 14891 W Summariser:   noise tolerance: 45.00
07-05 21:13:20.819 13911 14891 W Summariser:   quality: 23
07-05 21:13:20.819 13911 14891 W Summariser:   speed: medium
07-05 21:13:20.819 13911 14891 W Summariser:   freeze duration: 1.00
07-05 21:13:20.820 13911 14891 V VideoManager: Retrieving video from /storage/emulated/0/Movies/segment-sum/20200312_194229/20200312_194229!000.mp4
07-05 21:13:20.827 13911 14891 D VideoManager: videoCursor is null
07-05 21:13:20.894 13911 14891 V VideoManager: videoFromCursor
07-05 21:13:20.899 13911 14891 W NearbyFragment: Sending 20200312_194229!000.mp4 to Galaxy S8 [2802]
07-05 21:13:20.904 13911 14891 V ProcessingVideosEventHandler: onRemove
07-05 21:13:20.954 13911 13911 V NearbyFragment: Transfer to Endpoint{id=njPJ, name=Galaxy S8 [2802]} complete
07-05 21:13:21.069 13911 14890 D SummariserIntentService: Scanned /storage/emulated/0/Movies/summarised
07-05 21:13:21.069 13911 14890 D SummariserIntentService:   -> uri=content://media/external/file/1527
07-05 21:13:21.584 13911 13911 D NearbyFragment: onPayloadReceived(endpointId=njPJ, payload=com.google.android.gms.nearby.connection.Payload@97086ed)
07-05 21:13:21.585 13911 13911 V NearbyFragment: Started downloading SUMMARISE_SEGMENT:-7148363287855815541:20200312_194330!003.mp4:45.0_1.0_23_medium from Endpoint{id=njPJ, name=Galaxy S8 [2802]}
07-05 21:13:22.195 13911 13911 V NearbyFragment: Transfer to Endpoint{id=njPJ, name=Galaxy S8 [2802]} complete
07-05 21:13:23.648 13911 13911 V NearbyFragment: Transfer to Endpoint{id=njPJ, name=Galaxy S8 [2802]} complete
07-05 21:13:30.008 13911 13911 D NearbyFragment: onPayloadReceived(endpointId=njPJ, payload=com.google.android.gms.nearby.connection.Payload@653d922)
07-05 21:13:33.373 13911 13911 V NearbyFragment: Transfer to Endpoint{id=njPJ, name=Galaxy S8 [2802]} complete
07-05 21:13:33.374 13911 13911 W NearbyFragment: Completed downloading 20200312_194330!003.mp4 from Endpoint{id=njPJ, name=Galaxy S8 [2802]} in 11.788s
07-05 21:13:33.382 13911 13911 V FileManager: External storage is readable
07-05 21:13:33.384 13911 13911 V FileManager: Created new directory: /storage/emulated/0/Movies/segment-sum/20200312_194330
07-05 21:13:33.384 13911 13911 D NearbyFragment: Summarising 20200312_194330!003.mp4
07-05 21:13:33.384 13911 13911 V VideoManager: Retrieving video from /storage/emulated/0/Download/Nearby/20200312_194330!003.mp4
07-05 21:13:33.392 13911 13911 D VideoManager: videoCursor is null
07-05 21:13:33.460 13911 13911 V VideoManager: videoFromCursor
07-05 21:13:33.473 13911 13911 V ProcessingVideosEventHandler: onAdd
07-05 21:13:33.473 13911 13911 V RawFootageEventHandler: onRemove
07-05 21:13:33.479 13911 13911 V NearbyFragment: Transfer to Endpoint{id=njPJ, name=Galaxy S8 [2802]} complete
07-05 21:13:33.485 13911 15002 V SummariserIntentService: onHandleIntent
07-05 21:13:33.487 13911 15002 D SummariserIntentService: Video{id='1606', data='/storage/emulated/0/Download/Nearby/20200312_194330!003.mp4', name='20200312_194330!003.mp4', size=12624666, visible=true, mimeType='video/mp4'}
07-05 21:13:33.487 13911 15002 D SummariserIntentService: /storage/emulated/0/Movies/segment-sum/20200312_194330/20200312_194330!003.mp4
07-05 21:13:33.489 13911 15002 I FfmpegTools: Running ffmpeg with:
07-05 21:13:33.489 13911 15002 I FfmpegTools:   -y -i /storage/emulated/0/Download/Nearby/20200312_194330!003.mp4 -vf freezedetect=n=-45.000000dB:d=1.000000,metadata=mode=print:file=/storage/emulated/0/Movies/raw/20200312_194330!003.txt -f null -
07-05 21:13:33.672 13911 14163 W mobile-ffmpeg: [graph 0 input from stream 0:0 @ 0xa53b6e20] sws_param option is deprecated and ignored
07-05 21:13:41.619 13911 15002 W Summariser: No activity detected
07-05 21:13:41.622 13911 15002 V FfmpegTools: Retrieving duration of /storage/emulated/0/Download/Nearby/20200312_194330!003.mp4
07-05 21:13:41.728 13911 15002 W Summariser: Summarisation completed
07-05 21:13:41.728 13911 15002 W Summariser:   filename: 20200312_194330!003.mp4
07-05 21:13:41.728 13911 15002 W Summariser:   active sections: 0
07-05 21:13:41.728 13911 15002 W Summariser:   time: 08.134s
07-05 21:13:41.728 13911 15002 W Summariser:   original duration: 12.01
07-05 21:13:41.728 13911 15002 W Summariser:   summarised duration: -1.00
07-05 21:13:41.728 13911 15002 W Summariser:   noise tolerance: 45.00
07-05 21:13:41.728 13911 15002 W Summariser:   quality: 23
07-05 21:13:41.728 13911 15002 W Summariser:   speed: medium
07-05 21:13:41.728 13911 15002 W Summariser:   freeze duration: 1.00
07-05 21:13:41.731 13911 15002 V ProcessingVideosEventHandler: onRemove
07-05 21:13:41.766 13911 13911 V NearbyFragment: Transfer to Endpoint{id=njPJ, name=Galaxy S8 [2802]} complete
07-05 21:13:41.796 13911 14845 D SummariserIntentService: Scanned /storage/emulated/0/Movies/summarised
07-05 21:13:41.796 13911 14845 D SummariserIntentService:   -> uri=content://media/external/file/1527
07-05 21:13:41.844 13911 13911 D NearbyFragment: onPayloadReceived(endpointId=njPJ, payload=com.google.android.gms.nearby.connection.Payload@489b22b)
07-05 21:13:41.844 13911 13911 V NearbyFragment: Started downloading SUMMARISE_SEGMENT:-5863136186185292240:20200312_194730!001.mp4:45.0_1.0_23_medium from Endpoint{id=njPJ, name=Galaxy S8 [2802]}
07-05 21:13:41.852 13911 13911 V NearbyFragment: Transfer to Endpoint{id=njPJ, name=Galaxy S8 [2802]} complete
07-05 21:13:48.047 13911 13911 D NearbyFragment: onPayloadReceived(endpointId=njPJ, payload=com.google.android.gms.nearby.connection.Payload@b2c2688)
07-05 21:13:54.783 13911 13911 V NearbyFragment: Transfer to Endpoint{id=njPJ, name=Galaxy S8 [2802]} complete
07-05 21:13:54.783 13911 13911 W NearbyFragment: Completed downloading 20200312_194730!001.mp4 from Endpoint{id=njPJ, name=Galaxy S8 [2802]} in 12.938s
07-05 21:13:54.794 13911 13911 V FileManager: External storage is readable
07-05 21:13:54.795 13911 13911 V FileManager: Created new directory: /storage/emulated/0/Movies/segment-sum/20200312_194730
07-05 21:13:54.795 13911 13911 D NearbyFragment: Summarising 20200312_194730!001.mp4
07-05 21:13:54.795 13911 13911 V VideoManager: Retrieving video from /storage/emulated/0/Download/Nearby/20200312_194730!001.mp4
07-05 21:13:54.814 13911 13911 D VideoManager: videoCursor is null
07-05 21:13:54.854 13911 13911 V VideoManager: videoFromCursor
07-05 21:13:54.858 13911 13911 V ProcessingVideosEventHandler: onAdd
07-05 21:13:54.859 13911 13911 V RawFootageEventHandler: onRemove
07-05 21:13:54.866 13911 13911 V NearbyFragment: Transfer to Endpoint{id=njPJ, name=Galaxy S8 [2802]} complete
07-05 21:13:54.874 13911 15116 V SummariserIntentService: onHandleIntent
07-05 21:13:54.875 13911 15116 D SummariserIntentService: Video{id='1607', data='/storage/emulated/0/Download/Nearby/20200312_194730!001.mp4', name='20200312_194730!001.mp4', size=16934031, visible=true, mimeType='video/mp4'}
07-05 21:13:54.875 13911 15116 D SummariserIntentService: /storage/emulated/0/Movies/segment-sum/20200312_194730/20200312_194730!001.mp4
07-05 21:13:54.880 13911 15116 I FfmpegTools: Running ffmpeg with:
07-05 21:13:54.880 13911 15116 I FfmpegTools:   -y -i /storage/emulated/0/Download/Nearby/20200312_194730!001.mp4 -vf freezedetect=n=-45.000000dB:d=1.000000,metadata=mode=print:file=/storage/emulated/0/Movies/raw/20200312_194730!001.txt -f null -
07-05 21:13:55.106 13911 14163 W mobile-ffmpeg: [graph 0 input from stream 0:0 @ 0xa53b4a80] sws_param option is deprecated and ignored
07-05 21:14:03.204 13911 15116 W Summariser: No activity detected
07-05 21:14:03.206 13911 15116 V FfmpegTools: Retrieving duration of /storage/emulated/0/Download/Nearby/20200312_194730!001.mp4
07-05 21:14:03.305 13911 15116 W Summariser: Summarisation completed
07-05 21:14:03.305 13911 15116 W Summariser:   filename: 20200312_194730!001.mp4
07-05 21:14:03.305 13911 15116 W Summariser:   active sections: 0
07-05 21:14:03.305 13911 15116 W Summariser:   time: 08.329s
07-05 21:14:03.305 13911 15116 W Summariser:   original duration: 16.02
07-05 21:14:03.305 13911 15116 W Summariser:   summarised duration: -1.00
07-05 21:14:03.305 13911 15116 W Summariser:   noise tolerance: 45.00
07-05 21:14:03.305 13911 15116 W Summariser:   quality: 23
07-05 21:14:03.305 13911 15116 W Summariser:   speed: medium
07-05 21:14:03.305 13911 15116 W Summariser:   freeze duration: 1.00
07-05 21:14:03.307 13911 15116 V ProcessingVideosEventHandler: onRemove
07-05 21:14:03.326 13911 13911 V NearbyFragment: Transfer to Endpoint{id=njPJ, name=Galaxy S8 [2802]} complete
07-05 21:14:03.344 13911 14845 D SummariserIntentService: Scanned /storage/emulated/0/Movies/summarised
07-05 21:14:03.344 13911 14845 D SummariserIntentService:   -> uri=content://media/external/file/1527
07-05 21:14:10.677 13911 13911 D NearbyFragment: onPayloadReceived(endpointId=njPJ, payload=com.google.android.gms.nearby.connection.Payload@faa9a59)
07-05 21:14:10.677 13911 13911 V NearbyFragment: Started downloading SUMMARISE_SEGMENT:-4871033263263952833:20200312_194830!000.mp4:45.0_1.0_23_medium from Endpoint{id=njPJ, name=Galaxy S8 [2802]}
07-05 21:14:10.694 13911 13911 V NearbyFragment: Transfer to Endpoint{id=njPJ, name=Galaxy S8 [2802]} complete
07-05 21:14:10.728 13911 13911 D NearbyFragment: onPayloadReceived(endpointId=njPJ, payload=com.google.android.gms.nearby.connection.Payload@81061e)
07-05 21:14:15.767 13911 13911 V NearbyFragment: Transfer to Endpoint{id=njPJ, name=Galaxy S8 [2802]} complete
07-05 21:14:15.768 13911 13911 W NearbyFragment: Completed downloading 20200312_194830!000.mp4 from Endpoint{id=njPJ, name=Galaxy S8 [2802]} in 05.089s
07-05 21:14:15.786 13911 13911 V FileManager: External storage is readable
07-05 21:14:16.123 13911 13911 V FileManager: Created new directory: /storage/emulated/0/Movies/segment-sum/20200312_194830
07-05 21:14:16.123 13911 13911 D NearbyFragment: Summarising 20200312_194830!000.mp4
07-05 21:14:16.123 13911 13911 V VideoManager: Retrieving video from /storage/emulated/0/Download/Nearby/20200312_194830!000.mp4
07-05 21:14:16.129 13911 13911 D VideoManager: videoCursor is null
07-05 21:14:16.146 13911 13911 V VideoManager: videoFromCursor
07-05 21:14:16.148 13911 13911 V ProcessingVideosEventHandler: onAdd
07-05 21:14:16.149 13911 13911 V RawFootageEventHandler: onRemove
07-05 21:14:16.153 13911 13911 V NearbyFragment: Transfer to Endpoint{id=njPJ, name=Galaxy S8 [2802]} complete
07-05 21:14:16.158 13911 15177 V SummariserIntentService: onHandleIntent
07-05 21:14:16.159 13911 15177 D SummariserIntentService: Video{id='1608', data='/storage/emulated/0/Download/Nearby/20200312_194830!000.mp4', name='20200312_194830!000.mp4', size=16910623, visible=true, mimeType='video/mp4'}
07-05 21:14:16.159 13911 15177 D SummariserIntentService: /storage/emulated/0/Movies/segment-sum/20200312_194830/20200312_194830!000.mp4
07-05 21:14:16.162 13911 15177 I FfmpegTools: Running ffmpeg with:
07-05 21:14:16.162 13911 15177 I FfmpegTools:   -y -i /storage/emulated/0/Download/Nearby/20200312_194830!000.mp4 -vf freezedetect=n=-45.000000dB:d=1.000000,metadata=mode=print:file=/storage/emulated/0/Movies/raw/20200312_194830!000.txt -f null -
07-05 21:14:16.293 13911 14163 W mobile-ffmpeg: [graph 0 input from stream 0:0 @ 0x8c56c2e0] sws_param option is deprecated and ignored
07-05 21:14:23.982 13911 15177 W Summariser: 1 active sections found
07-05 21:14:23.982 13911 15177 I FfmpegTools: Running ffmpeg with:
07-05 21:14:23.982 13911 15177 I FfmpegTools:   -y -i /storage/emulated/0/Download/Nearby/20200312_194830!000.mp4 -filter_complex [0:v]trim=6.839000:10.742000,setpts=PTS-STARTPTS[v0];[0:a]atrim=6.839000:10.742000,asetpts=PTS-STARTPTS[a0];[v0][a0]concat=n=1:v=1:a=1[outv][outa] -map [outv] -map [outa] -crf 23 -preset medium /storage/emulated/0/Movies/segment-sum/20200312_194830/20200312_194830!000.mp4
07-05 21:14:24.132 13911 14163 W mobile-ffmpeg: [graph 0 input from stream 0:0 @ 0x8d166560] sws_param option is deprecated and ignored
07-05 21:14:40.372 13911 15177 V FfmpegTools: Retrieving duration of /storage/emulated/0/Download/Nearby/20200312_194830!000.mp4
07-05 21:14:40.442 13911 15177 V FfmpegTools: Retrieving duration of /storage/emulated/0/Movies/segment-sum/20200312_194830/20200312_194830!000.mp4
07-05 21:14:40.503 13911 15177 W Summariser: Summarisation completed
07-05 21:14:40.503 13911 15177 W Summariser:   filename: 20200312_194830!000.mp4
07-05 21:14:40.503 13911 15177 W Summariser:   active sections: 1
07-05 21:14:40.503 13911 15177 W Summariser:   time: 24.211s
07-05 21:14:40.503 13911 15177 W Summariser:   original duration: 16.06
07-05 21:14:40.503 13911 15177 W Summariser:   summarised duration: 3.97
07-05 21:14:40.503 13911 15177 W Summariser:   noise tolerance: 45.00
07-05 21:14:40.503 13911 15177 W Summariser:   quality: 23
07-05 21:14:40.503 13911 15177 W Summariser:   speed: medium
07-05 21:14:40.503 13911 15177 W Summariser:   freeze duration: 1.00
07-05 21:14:40.503 13911 15177 V VideoManager: Retrieving video from /storage/emulated/0/Movies/segment-sum/20200312_194830/20200312_194830!000.mp4
07-05 21:14:40.508 13911 15177 D VideoManager: videoCursor is null
07-05 21:14:40.545 13911 15177 V VideoManager: videoFromCursor
07-05 21:14:40.549 13911 15177 W NearbyFragment: Sending 20200312_194830!000.mp4 to Galaxy S8 [2802]
07-05 21:14:40.553 13911 15177 V ProcessingVideosEventHandler: onRemove
07-05 21:14:40.574 13911 13911 V NearbyFragment: Transfer to Endpoint{id=njPJ, name=Galaxy S8 [2802]} complete
07-05 21:14:40.597 13911 13924 D SummariserIntentService: Scanned /storage/emulated/0/Movies/summarised
07-05 21:14:40.597 13911 13924 D SummariserIntentService:   -> uri=content://media/external/file/1527
07-05 21:14:40.598 13911 13911 D NearbyFragment: onPayloadReceived(endpointId=njPJ, payload=com.google.android.gms.nearby.connection.Payload@36dc164)
07-05 21:14:40.598 13911 13911 V NearbyFragment: Started downloading SUMMARISE_SEGMENT:-8682224481172620336:20200312_194930!001.mp4:45.0_1.0_23_medium from Endpoint{id=njPJ, name=Galaxy S8 [2802]}
07-05 21:14:40.610 13911 13911 V NearbyFragment: Transfer to Endpoint{id=njPJ, name=Galaxy S8 [2802]} complete
07-05 21:14:40.697 13911 13911 V NearbyFragment: Transfer to Endpoint{id=njPJ, name=Galaxy S8 [2802]} complete
07-05 21:14:45.340 13911 13911 D NearbyFragment: onPayloadReceived(endpointId=njPJ, payload=com.google.android.gms.nearby.connection.Payload@dffffcd)
07-05 21:14:51.447 13911 13911 V NearbyFragment: Transfer to Endpoint{id=njPJ, name=Galaxy S8 [2802]} complete
07-05 21:14:51.448 13911 13911 W NearbyFragment: Completed downloading 20200312_194930!001.mp4 from Endpoint{id=njPJ, name=Galaxy S8 [2802]} in 10.848s
07-05 21:14:51.459 13911 13911 V FileManager: External storage is readable
07-05 21:14:51.460 13911 13911 V FileManager: Created new directory: /storage/emulated/0/Movies/segment-sum/20200312_194930
07-05 21:14:51.461 13911 13911 D NearbyFragment: Summarising 20200312_194930!001.mp4
07-05 21:14:51.461 13911 13911 V VideoManager: Retrieving video from /storage/emulated/0/Download/Nearby/20200312_194930!001.mp4
07-05 21:14:51.468 13911 13911 D VideoManager: videoCursor is null
07-05 21:14:51.491 13911 13911 V VideoManager: videoFromCursor
07-05 21:14:51.495 13911 13911 V ProcessingVideosEventHandler: onAdd
07-05 21:14:51.495 13911 13911 V RawFootageEventHandler: onRemove
07-05 21:14:51.501 13911 13911 V NearbyFragment: Transfer to Endpoint{id=njPJ, name=Galaxy S8 [2802]} complete
07-05 21:14:51.509 13911 15304 V SummariserIntentService: onHandleIntent
07-05 21:14:51.511 13911 15304 D SummariserIntentService: Video{id='1611', data='/storage/emulated/0/Download/Nearby/20200312_194930!001.mp4', name='20200312_194930!001.mp4', size=16827995, visible=true, mimeType='video/mp4'}
07-05 21:14:51.511 13911 15304 D SummariserIntentService: /storage/emulated/0/Movies/segment-sum/20200312_194930/20200312_194930!001.mp4
07-05 21:14:51.514 13911 15304 I FfmpegTools: Running ffmpeg with:
07-05 21:14:51.514 13911 15304 I FfmpegTools:   -y -i /storage/emulated/0/Download/Nearby/20200312_194930!001.mp4 -vf freezedetect=n=-45.000000dB:d=1.000000,metadata=mode=print:file=/storage/emulated/0/Movies/raw/20200312_194930!001.txt -f null -
07-05 21:14:51.777 13911 14163 W mobile-ffmpeg: [graph 0 input from stream 0:0 @ 0x8d166620] sws_param option is deprecated and ignored
07-05 21:15:02.154 13911 15304 W Summariser: 1 active sections found
07-05 21:15:02.155 13911 15304 I FfmpegTools: Running ffmpeg with:
07-05 21:15:02.155 13911 15304 I FfmpegTools:   -y -i /storage/emulated/0/Download/Nearby/20200312_194930!001.mp4 -filter_complex [0:v]trim=0.000000:2.002000,setpts=PTS-STARTPTS[v0];[0:a]atrim=0.000000:2.002000,asetpts=PTS-STARTPTS[a0];[v0][a0]concat=n=1:v=1:a=1[outv][outa] -map [outv] -map [outa] -crf 23 -preset medium /storage/emulated/0/Movies/segment-sum/20200312_194930/20200312_194930!001.mp4
07-05 21:15:02.360 13911 14163 W mobile-ffmpeg: [graph 0 input from stream 0:0 @ 0x8d13a780] sws_param option is deprecated and ignored
07-05 21:15:11.054 13911 15304 V FfmpegTools: Retrieving duration of /storage/emulated/0/Download/Nearby/20200312_194930!001.mp4
07-05 21:15:11.194 13911 15304 V FfmpegTools: Retrieving duration of /storage/emulated/0/Movies/segment-sum/20200312_194930/20200312_194930!001.mp4
07-05 21:15:11.269 13911 15304 W Summariser: Summarisation completed
07-05 21:15:11.269 13911 15304 W Summariser:   filename: 20200312_194930!001.mp4
07-05 21:15:11.269 13911 15304 W Summariser:   active sections: 1
07-05 21:15:11.269 13911 15304 W Summariser:   time: 19.541s
07-05 21:15:11.269 13911 15304 W Summariser:   original duration: 16.01
07-05 21:15:11.269 13911 15304 W Summariser:   summarised duration: 2.02
07-05 21:15:11.269 13911 15304 W Summariser:   noise tolerance: 45.00
07-05 21:15:11.269 13911 15304 W Summariser:   quality: 23
07-05 21:15:11.269 13911 15304 W Summariser:   speed: medium
07-05 21:15:11.269 13911 15304 W Summariser:   freeze duration: 1.00
07-05 21:15:11.269 13911 15304 V VideoManager: Retrieving video from /storage/emulated/0/Movies/segment-sum/20200312_194930/20200312_194930!001.mp4
07-05 21:15:11.276 13911 15304 D VideoManager: videoCursor is null
07-05 21:15:11.335 13911 15304 V VideoManager: videoFromCursor
07-05 21:15:11.339 13911 15304 W NearbyFragment: Sending 20200312_194930!001.mp4 to Galaxy S8 [2802]
07-05 21:15:11.344 13911 15304 V ProcessingVideosEventHandler: onRemove
07-05 21:15:11.379 13911 13911 V NearbyFragment: Transfer to Endpoint{id=njPJ, name=Galaxy S8 [2802]} complete
07-05 21:15:11.390 13911 13939 D SummariserIntentService: Scanned /storage/emulated/0/Movies/summarised
07-05 21:15:11.390 13911 13939 D SummariserIntentService:   -> uri=content://media/external/file/1527
07-05 21:15:11.428 13911 13911 V NearbyFragment: Transfer to Endpoint{id=njPJ, name=Galaxy S8 [2802]} complete
07-05 21:15:11.445 13911 13911 D NearbyFragment: onPayloadReceived(endpointId=njPJ, payload=com.google.android.gms.nearby.connection.Payload@c33a20b)
07-05 21:15:11.445 13911 13911 V NearbyFragment: Started downloading SUMMARISE_SEGMENT:-7283246246650534428:20200312_195230!002.mp4:45.0_1.0_23_medium from Endpoint{id=njPJ, name=Galaxy S8 [2802]}
07-05 21:15:11.453 13911 13911 V NearbyFragment: Transfer to Endpoint{id=njPJ, name=Galaxy S8 [2802]} complete
07-05 21:15:18.336 13911 13911 D NearbyFragment: onPayloadReceived(endpointId=njPJ, payload=com.google.android.gms.nearby.connection.Payload@cdd88e8)
07-05 21:15:23.183 13911 13911 V NearbyFragment: Transfer to Endpoint{id=njPJ, name=Galaxy S8 [2802]} complete
07-05 21:15:23.184 13911 13911 W NearbyFragment: Completed downloading 20200312_195230!002.mp4 from Endpoint{id=njPJ, name=Galaxy S8 [2802]} in 11.738s
07-05 21:15:23.193 13911 13911 V FileManager: External storage is readable
07-05 21:15:23.194 13911 13911 V FileManager: Created new directory: /storage/emulated/0/Movies/segment-sum/20200312_195230
07-05 21:15:23.194 13911 13911 D NearbyFragment: Summarising 20200312_195230!002.mp4
07-05 21:15:23.194 13911 13911 V VideoManager: Retrieving video from /storage/emulated/0/Download/Nearby/20200312_195230!002.mp4
07-05 21:15:23.205 13911 13911 D VideoManager: videoCursor is null
