--------- beginning of main
07-05 21:05:23.971 13911 13911 I zygote  : Late-enabling -Xcheck:jni
--------- beginning of system
07-05 21:05:24.084 13911 13911 I ActivityThread: handleStopService: token=android.os.BinderProxy@12f5aad not found.
07-05 21:05:24.088 13911 13911 I TransferService: Starting Transfer Service to listen for network connectivity changes.
07-05 21:05:24.090 13911 13911 W LogFactory: Truncating log tag length as it exceed 23, the limit imposed by Android on certain API Levels
07-05 21:05:24.112 13911 13911 I TransferService: Registering the network receiver
07-05 21:05:24.116 13911 13911 I TransferService: Moving the service out of the Foreground state.
07-05 21:05:24.116 13911 13911 I TransferService: De-registering the network receiver.
07-05 21:05:29.071 13911 13925 I zygote  : Waiting for a blocking GC ProfileSaver
07-05 21:05:29.081 13911 13925 I zygote  : WaitForGcToComplete blocked ProfileSaver on HeapTrim for 9.593ms
07-05 21:05:30.439 13911 13911 I zygote  : Rejecting re-init on previously-failed class java.lang.Class<androidx.core.view.ViewCompat$2>: java.lang.NoClassDefFoundError: Failed resolution of: Landroid/view/View$OnUnhandledKeyEventListener;
07-05 21:05:30.439 13911 13911 I zygote  :   at void androidx.core.view.ViewCompat.setOnApplyWindowInsetsListener(android.view.View, androidx.core.view.OnApplyWindowInsetsListener) (ViewCompat.java:2421)
07-05 21:05:30.439 13911 13911 I zygote  :   at android.view.ViewGroup androidx.appcompat.app.AppCompatDelegateImpl.createSubDecor() (AppCompatDelegateImpl.java:779)
07-05 21:05:30.439 13911 13911 I zygote  :   at void androidx.appcompat.app.AppCompatDelegateImpl.ensureSubDecor() (AppCompatDelegateImpl.java:659)
07-05 21:05:30.439 13911 13911 I zygote  :   at void androidx.appcompat.app.AppCompatDelegateImpl.setContentView(int) (AppCompatDelegateImpl.java:552)
07-05 21:05:30.439 13911 13911 I zygote  :   at void androidx.appcompat.app.AppCompatActivity.setContentView(int) (AppCompatActivity.java:161)
07-05 21:05:30.440 13911 13911 I zygote  :   at void com.example.edgesum.page.main.MainActivity.onCreate(android.os.Bundle) (MainActivity.java:95)
07-05 21:05:30.440 13911 13911 I zygote  :   at void android.app.Activity.performCreate(android.os.Bundle, android.os.PersistableBundle) (Activity.java:7009)
07-05 21:05:30.440 13911 13911 I zygote  :   at void android.app.Activity.performCreate(android.os.Bundle) (Activity.java:7000)
07-05 21:05:30.440 13911 13911 I zygote  :   at void android.app.Instrumentation.callActivityOnCreate(android.app.Activity, android.os.Bundle) (Instrumentation.java:1214)
07-05 21:05:30.440 13911 13911 I zygote  :   at android.app.Activity android.app.ActivityThread.performLaunchActivity(android.app.ActivityThread$ActivityClientRecord, android.content.Intent) (ActivityThread.java:2731)
07-05 21:05:30.440 13911 13911 I zygote  :   at void android.app.ActivityThread.handleLaunchActivity(android.app.ActivityThread$ActivityClientRecord, android.content.Intent, java.lang.String) (ActivityThread.java:2856)
07-05 21:05:30.440 13911 13911 I zygote  :   at void android.app.ActivityThread.-wrap11(android.app.ActivityThread, android.app.ActivityThread$ActivityClientRecord, android.content.Intent, java.lang.String) (ActivityThread.java:-1)
07-05 21:05:30.440 13911 13911 I zygote  :   at void android.app.ActivityThread$H.handleMessage(android.os.Message) (ActivityThread.java:1589)
07-05 21:05:30.440 13911 13911 I zygote  :   at void android.os.Handler.dispatchMessage(android.os.Message) (Handler.java:106)
07-05 21:05:30.440 13911 13911 I zygote  :   at void android.os.Looper.loop() (Looper.java:164)
07-05 21:05:30.440 13911 13911 I zygote  :   at void android.app.ActivityThread.main(java.lang.String[]) (ActivityThread.java:6494)
07-05 21:05:30.440 13911 13911 I zygote  :   at java.lang.Object java.lang.reflect.Method.invoke(java.lang.Object, java.lang.Object[]) (Method.java:-2)
07-05 21:05:30.440 13911 13911 I zygote  :   at void com.android.internal.os.RuntimeInit$MethodAndArgsCaller.run() (RuntimeInit.java:438)
07-05 21:05:30.440 13911 13911 I zygote  :   at void com.android.internal.os.ZygoteInit.main(java.lang.String[]) (ZygoteInit.java:807)
07-05 21:05:30.440 13911 13911 I zygote  : Caused by: java.lang.ClassNotFoundException: Didn't find class "android.view.View$OnUnhandledKeyEventListener" on path: DexPathList[[zip file "/data/app/com.example.edgesum-YzI1NIeHkS8kN2Z2Ls5RAg==/base.apk"],nativeLibraryDirectories=[/data/app/com.example.edgesum-YzI1NIeHkS8kN2Z2Ls5RAg==/lib/arm, /data/app/com.example.edgesum-YzI1NIeHkS8kN2Z2Ls5RAg==/base.apk!/lib/armeabi-v7a, /system/lib, /system/vendor/lib]]
07-05 21:05:30.440 13911 13911 I zygote  :   at java.lang.Class dalvik.system.BaseDexClassLoader.findClass(java.lang.String) (BaseDexClassLoader.java:125)
07-05 21:05:30.440 13911 13911 I zygote  :   at java.lang.Class java.lang.ClassLoader.loadClass(java.lang.String, boolean) (ClassLoader.java:379)
07-05 21:05:30.440 13911 13911 I zygote  :   at java.lang.Class java.lang.ClassLoader.loadClass(java.lang.String) (ClassLoader.java:312)
07-05 21:05:30.440 13911 13911 I zygote  :   at void androidx.core.view.ViewCompat.setOnApplyWindowInsetsListener(android.view.View, androidx.core.view.OnApplyWindowInsetsListener) (ViewCompat.java:2421)
07-05 21:05:30.440 13911 13911 I zygote  :   at android.view.ViewGroup androidx.appcompat.app.AppCompatDelegateImpl.createSubDecor() (AppCompatDelegateImpl.java:779)
07-05 21:05:30.440 13911 13911 I zygote  :   at void androidx.appcompat.app.AppCompatDelegateImpl.ensureSubDecor() (AppCompatDelegateImpl.java:659)
07-05 21:05:30.440 13911 13911 I zygote  :   at void androidx.appcompat.app.AppCompatDelegateImpl.setContentView(int) (AppCompatDelegateImpl.java:552)
07-05 21:05:30.440 13911 13911 I zygote  :   at void androidx.appcompat.app.AppCompatActivity.setContentView(int) (AppCompatActivity.java:161)
07-05 21:05:30.440 13911 13911 I zygote  :   at void com.example.edgesum.page.main.MainActivity.onCreate(android.os.Bundle) (MainActivity.java:95)
07-05 21:05:30.440 13911 13911 I zygote  :   at void android.app.Activity.performCreate(android.os.Bundle, android.os.PersistableBundle) (Activity.java:7009)
07-05 21:05:30.440 13911 13911 I zygote  :   at void android.app.Activity.performCreate(android.os.Bundle) (Activity.java:7000)
07-05 21:05:30.440 13911 13911 I zygote  :   at void android.app.Instrumentation.callActivityOnCreate(android.app.Activity, android.os.Bundle) (Instrumentation.java:1214)
07-05 21:05:30.440 13911 13911 I zygote  :   at android.app.Activity android.app.ActivityThread.performLaunchActivity(android.app.ActivityThread$ActivityClientRecord, android.content.Intent) (ActivityThread.java:2731)
07-05 21:05:30.440 13911 13911 I zygote  :   at void android.app.ActivityThread.handleLaunchActivity(android.app.ActivityThread$ActivityClientRecord, android.content.Intent, java.lang.String) (ActivityThread.java:2856)
07-05 21:05:30.440 13911 13911 I zygote  :   at void android.app.ActivityThread.-wrap11(android.app.ActivityThread, android.app.ActivityThread$ActivityClientRecord, android.content.Intent, java.lang.String) (ActivityThread.java:-1)
07-05 21:05:30.440 13911 13911 I zygote  :   at void android.app.ActivityThread$H.handleMessage(android.os.Message) (ActivityThread.java:1589)
07-05 21:05:30.440 13911 13911 I zygote  :   at void android.os.Handler.dispatchMessage(android.os.Message) (Handler.java:106)
07-05 21:05:30.440 13911 13911 I zygote  :   at void android.os.Looper.loop() (Looper.java:164)
07-05 21:05:30.440 13911 13911 I zygote  :   at void android.app.ActivityThread.main(java.lang.String[]) (ActivityThread.java:6494)
07-05 21:05:30.440 13911 13911 I zygote  :   at java.lang.Object java.lang.reflect.Method.invoke(java.lang.Object, java.lang.Object[]) (Method.java:-2)
07-05 21:05:30.440 13911 13911 I zygote  :   at void com.android.internal.os.RuntimeInit$MethodAndArgsCaller.run() (RuntimeInit.java:438)
07-05 21:05:30.440 13911 13911 I zygote  :   at void com.android.internal.os.ZygoteInit.main(java.lang.String[]) (ZygoteInit.java:807)
07-05 21:05:30.440 13911 13911 I zygote  : 
07-05 21:05:30.441 13911 13911 I zygote  : Rejecting re-init on previously-failed class java.lang.Class<androidx.core.view.ViewCompat$2>: java.lang.NoClassDefFoundError: Failed resolution of: Landroid/view/View$OnUnhandledKeyEventListener;
07-05 21:05:30.441 13911 13911 I zygote  :   at void androidx.core.view.ViewCompat.setOnApplyWindowInsetsListener(android.view.View, androidx.core.view.OnApplyWindowInsetsListener) (ViewCompat.java:2421)
07-05 21:05:30.441 13911 13911 I zygote  :   at android.view.ViewGroup androidx.appcompat.app.AppCompatDelegateImpl.createSubDecor() (AppCompatDelegateImpl.java:779)
07-05 21:05:30.441 13911 13911 I zygote  :   at void androidx.appcompat.app.AppCompatDelegateImpl.ensureSubDecor() (AppCompatDelegateImpl.java:659)
07-05 21:05:30.441 13911 13911 I zygote  :   at void androidx.appcompat.app.AppCompatDelegateImpl.setContentView(int) (AppCompatDelegateImpl.java:552)
07-05 21:05:30.441 13911 13911 I zygote  :   at void androidx.appcompat.app.AppCompatActivity.setContentView(int) (AppCompatActivity.java:161)
07-05 21:05:30.441 13911 13911 I zygote  :   at void com.example.edgesum.page.main.MainActivity.onCreate(android.os.Bundle) (MainActivity.java:95)
07-05 21:05:30.441 13911 13911 I zygote  :   at void android.app.Activity.performCreate(android.os.Bundle, android.os.PersistableBundle) (Activity.java:7009)
07-05 21:05:30.441 13911 13911 I zygote  :   at void android.app.Activity.performCreate(android.os.Bundle) (Activity.java:7000)
07-05 21:05:30.441 13911 13911 I zygote  :   at void android.app.Instrumentation.callActivityOnCreate(android.app.Activity, android.os.Bundle) (Instrumentation.java:1214)
07-05 21:05:30.441 13911 13911 I zygote  :   at android.app.Activity android.app.ActivityThread.performLaunchActivity(android.app.ActivityThread$ActivityClientRecord, android.content.Intent) (ActivityThread.java:2731)
07-05 21:05:30.441 13911 13911 I zygote  :   at void android.app.ActivityThread.handleLaunchActivity(android.app.ActivityThread$ActivityClientRecord, android.content.Intent, java.lang.String) (ActivityThread.java:2856)
07-05 21:05:30.441 13911 13911 I zygote  :   at void android.app.ActivityThread.-wrap11(android.app.ActivityThread, android.app.ActivityThread$ActivityClientRecord, android.content.Intent, java.lang.String) (ActivityThread.java:-1)
07-05 21:05:30.441 13911 13911 I zygote  :   at void android.app.ActivityThread$H.handleMessage(android.os.Message) (ActivityThread.java:1589)
07-05 21:05:30.441 13911 13911 I zygote  :   at void android.os.Handler.dispatchMessage(android.os.Message) (Handler.java:106)
07-05 21:05:30.441 13911 13911 I zygote  :   at void android.os.Looper.loop() (Looper.java:164)
07-05 21:05:30.441 13911 13911 I zygote  :   at void android.app.ActivityThread.main(java.lang.String[]) (ActivityThread.java:6494)
07-05 21:05:30.441 13911 13911 I zygote  :   at java.lang.Object java.lang.reflect.Method.invoke(java.lang.Object, java.lang.Object[]) (Method.java:-2)
07-05 21:05:30.441 13911 13911 I zygote  :   at void com.android.internal.os.RuntimeInit$MethodAndArgsCaller.run() (RuntimeInit.java:438)
07-05 21:05:30.441 13911 13911 I zygote  :   at void com.android.internal.os.ZygoteInit.main(java.lang.String[]) (ZygoteInit.java:807)
07-05 21:05:30.441 13911 13911 I zygote  : Caused by: java.lang.ClassNotFoundException: Didn't find class "android.view.View$OnUnhandledKeyEventListener" on path: DexPathList[[zip file "/data/app/com.example.edgesum-YzI1NIeHkS8kN2Z2Ls5RAg==/base.apk"],nativeLibraryDirectories=[/data/app/com.example.edgesum-YzI1NIeHkS8kN2Z2Ls5RAg==/lib/arm, /data/app/com.example.edgesum-YzI1NIeHkS8kN2Z2Ls5RAg==/base.apk!/lib/armeabi-v7a, /system/lib, /system/vendor/lib]]
07-05 21:05:30.441 13911 13911 I zygote  :   at java.lang.Class dalvik.system.BaseDexClassLoader.findClass(java.lang.String) (BaseDexClassLoader.java:125)
07-05 21:05:30.441 13911 13911 I zygote  :   at java.lang.Class java.lang.ClassLoader.loadClass(java.lang.String, boolean) (ClassLoader.java:379)
07-05 21:05:30.441 13911 13911 I zygote  :   at java.lang.Class java.lang.ClassLoader.loadClass(java.lang.String) (ClassLoader.java:312)
07-05 21:05:30.441 13911 13911 I zygote  :   at void androidx.core.view.ViewCompat.setOnApplyWindowInsetsListener(android.view.View, androidx.core.view.OnApplyWindowInsetsListener) (ViewCompat.java:2421)
07-05 21:05:30.441 13911 13911 I zygote  :   at android.view.ViewGroup androidx.appcompat.app.AppCompatDelegateImpl.createSubDecor() (AppCompatDelegateImpl.java:779)
07-05 21:05:30.441 13911 13911 I zygote  :   at void androidx.appcompat.app.AppCompatDelegateImpl.ensureSubDecor() (AppCompatDelegateImpl.java:659)
07-05 21:05:30.441 13911 13911 I zygote  :   at void androidx.appcompat.app.AppCompatDelegateImpl.setContentView(int) (AppCompatDelegateImpl.java:552)
07-05 21:05:30.441 13911 13911 I zygote  :   at void androidx.appcompat.app.AppCompatActivity.setContentView(int) (AppCompatActivity.java:161)
07-05 21:05:30.441 13911 13911 I zygote  :   at void com.example.edgesum.page.main.MainActivity.onCreate(android.os.Bundle) (MainActivity.java:95)
07-05 21:05:30.441 13911 13911 I zygote  :   at void android.app.Activity.performCreate(android.os.Bundle, android.os.PersistableBundle) (Activity.java:7009)
07-05 21:05:30.441 13911 13911 I zygote  :   at void android.app.Activity.performCreate(android.os.Bundle) (Activity.java:7000)
07-05 21:05:30.441 13911 13911 I zygote  :   at void android.app.Instrumentation.callActivityOnCreate(android.app.Activity, android.os.Bundle) (Instrumentation.java:1214)
07-05 21:05:30.441 13911 13911 I zygote  :   at android.app.Activity android.app.ActivityThread.performLaunchActivity(android.app.ActivityThread$ActivityClientRecord, android.content.Intent) (ActivityThread.java:2731)
07-05 21:05:30.441 13911 13911 I zygote  :   at void android.app.ActivityThread.handleLaunchActivity(android.app.ActivityThread$ActivityClientRecord, android.content.Intent, java.lang.String) (ActivityThread.java:2856)
07-05 21:05:30.441 13911 13911 I zygote  :   at void android.app.ActivityThread.-wrap11(android.app.ActivityThread, android.app.ActivityThread$ActivityClientRecord, android.content.Intent, java.lang.String) (ActivityThread.java:-1)
07-05 21:05:30.441 13911 13911 I zygote  :   at void android.app.ActivityThread$H.handleMessage(android.os.Message) (ActivityThread.java:1589)
07-05 21:05:30.441 13911 13911 I zygote  :   at void android.os.Handler.dispatchMessage(android.os.Message) (Handler.java:106)
07-05 21:05:30.441 13911 13911 I zygote  :   at void android.os.Looper.loop() (Looper.java:164)
07-05 21:05:30.441 13911 13911 I zygote  :   at void android.app.ActivityThread.main(java.lang.String[]) (ActivityThread.java:6494)
07-05 21:05:30.441 13911 13911 I zygote  :   at java.lang.Object java.lang.reflect.Method.invoke(java.lang.Object, java.lang.Object[]) (Method.java:-2)
07-05 21:05:30.441 13911 13911 I zygote  :   at void com.android.internal.os.RuntimeInit$MethodAndArgsCaller.run() (RuntimeInit.java:438)
07-05 21:05:30.441 13911 13911 I zygote  :   at void com.android.internal.os.ZygoteInit.main(java.lang.String[]) (ZygoteInit.java:807)
07-05 21:05:30.441 13911 13911 I zygote  : 
07-05 21:05:30.443 13911 13911 I zygote  : Rejecting re-init on previously-failed class java.lang.Class<androidx.core.view.ViewCompat$2>: java.lang.NoClassDefFoundError: Failed resolution of: Landroid/view/View$OnUnhandledKeyEventListener;
07-05 21:05:30.443 13911 13911 I zygote  :   at void androidx.core.view.ViewCompat.setOnApplyWindowInsetsListener(android.view.View, androidx.core.view.OnApplyWindowInsetsListener) (ViewCompat.java:2421)
07-05 21:05:30.443 13911 13911 I zygote  :   at android.view.ViewGroup androidx.appcompat.app.AppCompatDelegateImpl.createSubDecor() (AppCompatDelegateImpl.java:779)
07-05 21:05:30.443 13911 13911 I zygote  :   at void androidx.appcompat.app.AppCompatDelegateImpl.ensureSubDecor() (AppCompatDelegateImpl.java:659)
07-05 21:05:30.443 13911 13911 I zygote  :   at void androidx.appcompat.app.AppCompatDelegateImpl.setContentView(int) (AppCompatDelegateImpl.java:552)
07-05 21:05:30.443 13911 13911 I zygote  :   at void androidx.appcompat.app.AppCompatActivity.setContentView(int) (AppCompatActivity.java:161)
07-05 21:05:30.443 13911 13911 I zygote  :   at void com.example.edgesum.page.main.MainActivity.onCreate(android.os.Bundle) (MainActivity.java:95)
07-05 21:05:30.443 13911 13911 I zygote  :   at void android.app.Activity.performCreate(android.os.Bundle, android.os.PersistableBundle) (Activity.java:7009)
07-05 21:05:30.443 13911 13911 I zygote  :   at void android.app.Activity.performCreate(android.os.Bundle) (Activity.java:7000)
07-05 21:05:30.443 13911 13911 I zygote  :   at void android.app.Instrumentation.callActivityOnCreate(android.app.Activity, android.os.Bundle) (Instrumentation.java:1214)
07-05 21:05:30.443 13911 13911 I zygote  :   at android.app.Activity android.app.ActivityThread.performLaunchActivity(android.app.ActivityThread$ActivityClientRecord, android.content.Intent) (ActivityThread.java:2731)
07-05 21:05:30.443 13911 13911 I zygote  :   at void android.app.ActivityThread.handleLaunchActivity(android.app.ActivityThread$ActivityClientRecord, android.content.Intent, java.lang.String) (ActivityThread.java:2856)
07-05 21:05:30.443 13911 13911 I zygote  :   at void android.app.ActivityThread.-wrap11(android.app.ActivityThread, android.app.ActivityThread$ActivityClientRecord, android.content.Intent, java.lang.String) (ActivityThread.java:-1)
07-05 21:05:30.443 13911 13911 I zygote  :   at void android.app.ActivityThread$H.handleMessage(android.os.Message) (ActivityThread.java:1589)
07-05 21:05:30.443 13911 13911 I zygote  :   at void android.os.Handler.dispatchMessage(android.os.Message) (Handler.java:106)
07-05 21:05:30.443 13911 13911 I zygote  :   at void android.os.Looper.loop() (Looper.java:164)
07-05 21:05:30.443 13911 13911 I zygote  :   at void android.app.ActivityThread.main(java.lang.String[]) (ActivityThread.java:6494)
07-05 21:05:30.443 13911 13911 I zygote  :   at java.lang.Object java.lang.reflect.Method.invoke(java.lang.Object, java.lang.Object[]) (Method.java:-2)
07-05 21:05:30.443 13911 13911 I zygote  :   at void com.android.internal.os.RuntimeInit$MethodAndArgsCaller.run() (RuntimeInit.java:438)
07-05 21:05:30.443 13911 13911 I zygote  :   at void com.android.internal.os.ZygoteInit.main(java.lang.String[]) (ZygoteInit.java:807)
07-05 21:05:30.443 13911 13911 I zygote  : Caused by: java.lang.ClassNotFoundException: Didn't find class "android.view.View$OnUnhandledKeyEventListener" on path: DexPathList[[zip file "/data/app/com.example.edgesum-YzI1NIeHkS8kN2Z2Ls5RAg==/base.apk"],nativeLibraryDirectories=[/data/app/com.example.edgesum-YzI1NIeHkS8kN2Z2Ls5RAg==/lib/arm, /data/app/com.example.edgesum-YzI1NIeHkS8kN2Z2Ls5RAg==/base.apk!/lib/armeabi-v7a, /system/lib, /system/vendor/lib]]
07-05 21:05:30.443 13911 13911 I zygote  :   at java.lang.Class dalvik.system.BaseDexClassLoader.findClass(java.lang.String) (BaseDexClassLoader.java:125)
07-05 21:05:30.443 13911 13911 I zygote  :   at java.lang.Class java.lang.ClassLoader.loadClass(java.lang.String, boolean) (ClassLoader.java:379)
07-05 21:05:30.443 13911 13911 I zygote  :   at java.lang.Class java.lang.ClassLoader.loadClass(java.lang.String) (ClassLoader.java:312)
07-05 21:05:30.443 13911 13911 I zygote  :   at void androidx.core.view.ViewCompat.setOnApplyWindowInsetsListener(android.view.View, androidx.core.view.OnApplyWindowInsetsListener) (ViewCompat.java:2421)
07-05 21:05:30.443 13911 13911 I zygote  :   at android.view.ViewGroup androidx.appcompat.app.AppCompatDelegateImpl.createSubDecor() (AppCompatDelegateImpl.java:779)
07-05 21:05:30.443 13911 13911 I zygote  :   at void androidx.appcompat.app.AppCompatDelegateImpl.ensureSubDecor() (AppCompatDelegateImpl.java:659)
07-05 21:05:30.443 13911 13911 I zygote  :   at void androidx.appcompat.app.AppCompatDelegateImpl.setContentView(int) (AppCompatDelegateImpl.java:552)
07-05 21:05:30.443 13911 13911 I zygote  :   at void androidx.appcompat.app.AppCompatActivity.setContentView(int) (AppCompatActivity.java:161)
07-05 21:05:30.443 13911 13911 I zygote  :   at void com.example.edgesum.page.main.MainActivity.onCreate(android.os.Bundle) (MainActivity.java:95)
07-05 21:05:30.443 13911 13911 I zygote  :   at void android.app.Activity.performCreate(android.os.Bundle, android.os.PersistableBundle) (Activity.java:7009)
07-05 21:05:30.443 13911 13911 I zygote  :   at void android.app.Activity.performCreate(android.os.Bundle) (Activity.java:7000)
07-05 21:05:30.443 13911 13911 I zygote  :   at void android.app.Instrumentation.callActivityOnCreate(android.app.Activity, android.os.Bundle) (Instrumentation.java:1214)
07-05 21:05:30.443 13911 13911 I zygote  :   at android.app.Activity android.app.ActivityThread.performLaunchActivity(android.app.ActivityThread$ActivityClientRecord, android.content.Intent) (ActivityThread.java:2731)
07-05 21:05:30.443 13911 13911 I zygote  :   at void android.app.ActivityThread.handleLaunchActivity(android.app.ActivityThread$ActivityClientRecord, android.content.Intent, java.lang.String) (ActivityThread.java:2856)
07-05 21:05:30.443 13911 13911 I zygote  :   at void android.app.ActivityThread.-wrap11(android.app.ActivityThread, android.app.ActivityThread$ActivityClientRecord, android.content.Intent, java.lang.String) (ActivityThread.java:-1)
07-05 21:05:30.443 13911 13911 I zygote  :   at void android.app.ActivityThread$H.handleMessage(android.os.Message) (ActivityThread.java:1589)
07-05 21:05:30.443 13911 13911 I zygote  :   at void android.os.Handler.dispatchMessage(android.os.Message) (Handler.java:106)
07-05 21:05:30.443 13911 13911 I zygote  :   at void android.os.Looper.loop() (Looper.java:164)
07-05 21:05:30.443 13911 13911 I zygote  :   at void android.app.ActivityThread.main(java.lang.String[]) (ActivityThread.java:6494)
07-05 21:05:30.443 13911 13911 I zygote  :   at java.lang.Object java.lang.reflect.Method.invoke(java.lang.Object, java.lang.Object[]) (Method.java:-2)
07-05 21:05:30.443 13911 13911 I zygote  :   at void com.android.internal.os.RuntimeInit$MethodAndArgsCaller.run() (RuntimeInit.java:438)
07-05 21:05:30.443 13911 13911 I zygote  :   at void com.android.internal.os.ZygoteInit.main(java.lang.String[]) (ZygoteInit.java:807)
07-05 21:05:30.444 13911 13911 I zygote  : 
07-05 21:05:30.705 13911 13911 V Repo    : /storage/emulated/0/Movies/raw
07-05 21:05:30.706 13911 13911 V Repo    : /storage/emulated/0/Movies/summarised
07-05 21:05:30.723 13911 13911 V FileManager: External storage is readable
07-05 21:05:30.724 13911 13911 V FileManager: Created new directory: /storage/emulated/0/Movies/raw
07-05 21:05:30.727 13911 13911 V FileManager: External storage is readable
07-05 21:05:30.727 13911 13911 V FileManager: Created new directory: /storage/emulated/0/Movies/summarised
07-05 21:05:30.733 13911 13911 V FileManager: External storage is readable
07-05 21:05:30.734 13911 13911 V FileManager: Created new directory: /storage/emulated/0/Download/nearby
07-05 21:05:30.740 13911 13911 V FileManager: External storage is readable
07-05 21:05:30.741 13911 13911 V FileManager: Created new directory: /storage/emulated/0/Movies/segment
07-05 21:05:30.744 13911 13911 V FileManager: External storage is readable
07-05 21:05:30.745 13911 13911 V FileManager: Created new directory: /storage/emulated/0/Movies/segment-sum
07-05 21:05:30.953 13911 13911 V VideoManager: getAllVideoFromExternalStorageFolder
07-05 21:05:30.957 13911 13911 D VideoManager: /storage/emulated/0/Movies/summarised
07-05 21:05:30.976 13911 13911 D VideoManager: 0 videos return
07-05 21:05:31.026 13911 13911 V VideoManager: getAllVideoFromExternalStorageFolder
07-05 21:05:31.027 13911 13916 I zygote  : Do partial code cache collection, code=10KB, data=19KB
07-05 21:05:31.029 13911 13916 I zygote  : After code cache collection, code=10KB, data=19KB
07-05 21:05:31.029 13911 13916 I zygote  : Increasing code cache capacity to 128KB
07-05 21:05:31.030 13911 13916 I zygote  : Do partial code cache collection, code=10KB, data=37KB
07-05 21:05:31.030 13911 13916 I zygote  : After code cache collection, code=10KB, data=37KB
07-05 21:05:31.030 13911 13916 I zygote  : Increasing code cache capacity to 256KB
07-05 21:05:31.031 13911 13916 I zygote  : Compiler allocated 4MB to compile void android.widget.TextView.<init>(android.content.Context, android.util.AttributeSet, int, int)
07-05 21:05:31.031 13911 13911 D VideoManager: /storage/emulated/0/Movies/raw
07-05 21:05:31.043 13911 13911 D VideoManager: 0 videos return
07-05 21:05:31.110 13911 13941 D OpenGLRenderer: HWUI GL Pipeline
07-05 21:05:31.123 13911 13911 I TransferService: Starting Transfer Service to listen for network connectivity changes.
07-05 21:05:31.124 13911 13911 I TransferService: Registering the network receiver
07-05 21:05:31.131 13911 13911 E TransferService: No notification is passed in the intent. Unable to transition to foreground.
07-05 21:05:31.211 13911 13924 D MainActivity: Scanned /storage/emulated/0/Movies/raw
07-05 21:05:31.211 13911 13924 D MainActivity:   -> uri=content://media/external/file/1526
07-05 21:05:31.258 13911 13923 D MainActivity: Scanned /storage/emulated/0/Movies/summarised
07-05 21:05:31.258 13911 13923 D MainActivity:   -> uri=content://media/external/file/1527
07-05 21:05:31.277 13911 13911 W StaticLayout: maxLineHeight should not be -1.  maxLines:1 lineCount:1
07-05 21:05:31.299 13911 13911 I chatty  : uid=10086(com.example.edgesum) identical 2 lines
07-05 21:05:31.311 13911 13911 W StaticLayout: maxLineHeight should not be -1.  maxLines:1 lineCount:1
07-05 21:05:31.348 13911 13941 I Adreno-EGL: <qeglDrvAPI_eglInitialize:379>: QUALCOMM Build: 06/17/16, f19e6a9, I9e7a63e7c4
07-05 21:05:31.353 13911 13941 I zygote  : android::hardware::configstore::V1_0::ISurfaceFlingerConfigs::hasWideColorDisplay retrieved: 0
07-05 21:05:31.353 13911 13941 I OpenGLRenderer: Initialized EGL, version 1.4
07-05 21:05:31.353 13911 13941 D OpenGLRenderer: Swap behavior 1
07-05 21:05:31.359 13911 13941 W Adreno-EGL: <qeglDrvAPI_eglGetConfigAttrib:607>: EGL_BAD_ATTRIBUTE
07-05 21:05:31.363 13911 13941 W Adreno-EGL: <qeglDrvAPI_eglGetConfigAttrib:607>: EGL_BAD_ATTRIBUTE
07-05 21:05:31.364 13911 13941 D vndksupport: Loading /vendor/lib/hw/gralloc.msm8974.so from current namespace instead of sphal namespace.
07-05 21:05:31.367 13911 13911 W StaticLayout: maxLineHeight should not be -1.  maxLines:1 lineCount:1
07-05 21:05:31.379 13911 13911 W StaticLayout: maxLineHeight should not be -1.  maxLines:1 lineCount:1
07-05 21:05:31.396 13911 13911 I TransferNetworkLossHand: Network connectivity changed detected.
07-05 21:05:31.397 13911 13911 I TransferNetworkLossHand: Network connected: false
07-05 21:05:31.450 13911 13941 D vndksupport: Loading /vendor/lib/hw/android.hardware.graphics.mapper@2.0-impl.so from current namespace instead of sphal namespace.
07-05 21:05:31.451 13911 13941 D vndksupport: Loading /vendor/lib/hw/gralloc.msm8974.so from current namespace instead of sphal namespace.
07-05 21:05:37.262 13911 13911 V MainActivity: Connect button clicked
07-05 21:05:38.337 13911 13911 V ConnectionFragment: Discovery switch checked
07-05 21:05:38.441 13911 13911 D NearbyFragment: Started discovering
07-05 21:05:38.978 13911 13911 D NearbyFragment: Found endpoint njPJ: Galaxy S8 [2802]
07-05 21:05:39.081 13911 13916 I zygote  : Do full code cache collection, code=125KB, data=86KB
07-05 21:05:39.082 13911 13916 I zygote  : After code cache collection, code=124KB, data=63KB
07-05 21:05:56.509 13911 13911 D NearbyFragment: Selected 'Endpoint{id=njPJ, name=Galaxy S8 [2802]}'
07-05 21:05:56.556 13911 13941 W Adreno-EGL: <qeglDrvAPI_eglGetConfigAttrib:607>: EGL_BAD_ATTRIBUTE
07-05 21:05:56.557 13911 13941 D vndksupport: Loading /vendor/lib/hw/gralloc.msm8974.so from current namespace instead of sphal namespace.
07-05 21:06:00.079 13911 13911 D NearbyFragment: Initiated connection with njPJ: Galaxy S8 [2802]
07-05 21:06:00.184 13911 13916 I zygote  : Do partial code cache collection, code=126KB, data=72KB
07-05 21:06:00.191 13911 13916 I zygote  : After code cache collection, code=126KB, data=72KB
07-05 21:06:00.191 13911 13916 I zygote  : Increasing code cache capacity to 512KB
07-05 21:06:00.214 13911 13911 D NearbyFragment: Requested connection with Endpoint{id=njPJ, name=Galaxy S8 [2802]}
07-05 21:06:00.287 13911 13941 W Adreno-EGL: <qeglDrvAPI_eglGetConfigAttrib:607>: EGL_BAD_ATTRIBUTE
07-05 21:06:00.288 13911 13941 D vndksupport: Loading /vendor/lib/hw/gralloc.msm8974.so from current namespace instead of sphal namespace.
07-05 21:06:02.013 13911 13911 I NearbyFragment: Connected to Endpoint{id=njPJ, name=Galaxy S8 [2802]}
07-05 21:06:02.532 13911 13911 V ConnectionFragment: Discovery switch unchecked
07-05 21:06:02.532 13911 13911 D NearbyFragment: Stopped discovering
07-05 21:06:06.663 13911 13911 I TransferNetworkLossHand: Network connectivity changed detected.
07-05 21:06:06.668 13911 13911 I TransferNetworkLossHand: Network connected: true
07-05 21:07:17.318 13911 13911 D NearbyFragment: onPayloadReceived(endpointId=njPJ, payload=com.google.android.gms.nearby.connection.Payload@156edd8)
07-05 21:07:17.320 13911 13911 V NearbyFragment: Started downloading SUMMARISE_SEGMENT:-8772365598679566848:20200312_150643!001.mp4:45.0_1.0_23_medium from Endpoint{id=njPJ, name=Galaxy S8 [2802]}
07-05 21:07:17.335 13911 13911 V NearbyFragment: Transfer to Endpoint{id=njPJ, name=Galaxy S8 [2802]} complete
07-05 21:07:17.371 13911 13911 D NearbyFragment: onPayloadReceived(endpointId=njPJ, payload=com.google.android.gms.nearby.connection.Payload@29cf197)
07-05 21:07:22.445 13911 13911 V NearbyFragment: Transfer to Endpoint{id=njPJ, name=Galaxy S8 [2802]} complete
07-05 21:07:22.449 13911 13911 W NearbyFragment: Completed downloading 20200312_150643!001.mp4 from Endpoint{id=njPJ, name=Galaxy S8 [2802]} in 05.122s
07-05 21:07:22.718 13911 13911 V FileManager: External storage is readable
07-05 21:07:22.718 13911 13911 V FileManager: Created new directory: /storage/emulated/0/Movies/segment-sum/20200312_150643
07-05 21:07:22.719 13911 13911 D NearbyFragment: Summarising 20200312_150643!001.mp4
07-05 21:07:22.720 13911 13911 V VideoManager: Retrieving video from /storage/emulated/0/Download/Nearby/20200312_150643!001.mp4
07-05 21:07:22.732 13911 13911 D VideoManager: videoCursor is null
07-05 21:07:22.772 13911 13911 V VideoManager: videoFromCursor
07-05 21:07:22.774 13911 13911 V ProcessingVideosEventHandler: onAdd
07-05 21:07:22.775 13911 13911 V RawFootageEventHandler: onRemove
07-05 21:07:22.785 13911 13911 V NearbyFragment: Transfer to Endpoint{id=njPJ, name=Galaxy S8 [2802]} complete
07-05 21:07:22.789 13911 14162 V SummariserIntentService: onHandleIntent
07-05 21:07:22.791 13911 14162 D SummariserIntentService: Video{id='1584', data='/storage/emulated/0/Download/Nearby/20200312_150643!001.mp4', name='20200312_150643!001.mp4', size=16853523, visible=true, mimeType='video/mp4'}
07-05 21:07:22.792 13911 14162 D SummariserIntentService: /storage/emulated/0/Movies/segment-sum/20200312_150643/20200312_150643!001.mp4
07-05 21:07:22.794 13911 14162 I mobile-ffmpeg: Loading mobile-ffmpeg.
07-05 21:07:22.836 13911 14162 I mobile-ffmpeg: Loaded mobile-ffmpeg-full-gpl-arm-v7a-neon-4.3.2-20200415.
07-05 21:07:22.837 13911 14163 D mobile-ffmpeg: Callback thread started.
07-05 21:07:22.850 13911 14162 I FfmpegTools: Running ffmpeg with:
07-05 21:07:22.850 13911 14162 I FfmpegTools:   -y -i /storage/emulated/0/Download/Nearby/20200312_150643!001.mp4 -vf freezedetect=n=-45.000000dB:d=1.000000,metadata=mode=print:file=/storage/emulated/0/Movies/raw/20200312_150643!001.txt -f null -
07-05 21:07:23.020 13911 14163 W mobile-ffmpeg: [graph 0 input from stream 0:0 @ 0x92439e60] sws_param option is deprecated and ignored
07-05 21:07:29.121 13911 14162 W Summariser: No activity detected
07-05 21:07:29.124 13911 14162 V FfmpegTools: Retrieving duration of /storage/emulated/0/Download/Nearby/20200312_150643!001.mp4
07-05 21:07:29.216 13911 14162 W Summariser: Summarisation completed
07-05 21:07:29.216 13911 14162 W Summariser:   filename: 20200312_150643!001.mp4
07-05 21:07:29.216 13911 14162 W Summariser:   active sections: 0
07-05 21:07:29.216 13911 14162 W Summariser:   time: 06.330s
07-05 21:07:29.216 13911 14162 W Summariser:   original duration: 16.01
07-05 21:07:29.216 13911 14162 W Summariser:   summarised duration: -1.00
07-05 21:07:29.216 13911 14162 W Summariser:   noise tolerance: 45.00
07-05 21:07:29.216 13911 14162 W Summariser:   quality: 23
07-05 21:07:29.216 13911 14162 W Summariser:   speed: medium
07-05 21:07:29.216 13911 14162 W Summariser:   freeze duration: 1.00
07-05 21:07:29.218 13911 14162 V ProcessingVideosEventHandler: onRemove
07-05 21:07:29.246 13911 13911 V NearbyFragment: Transfer to Endpoint{id=njPJ, name=Galaxy S8 [2802]} complete
07-05 21:07:29.267 13911 13939 D SummariserIntentService: Scanned /storage/emulated/0/Movies/summarised
07-05 21:07:29.267 13911 13939 D SummariserIntentService:   -> uri=content://media/external/file/1527
07-05 21:07:43.617 13911 13911 D NearbyFragment: onPayloadReceived(endpointId=njPJ, payload=com.google.android.gms.nearby.connection.Payload@26b2ec6)
07-05 21:07:43.620 13911 13911 V NearbyFragment: Started downloading SUMMARISE_SEGMENT:-5307766309201911723:20200312_150744!001.mp4:45.0_1.0_23_medium from Endpoint{id=njPJ, name=Galaxy S8 [2802]}
07-05 21:07:43.634 13911 13911 V NearbyFragment: Transfer to Endpoint{id=njPJ, name=Galaxy S8 [2802]} complete
07-05 21:07:43.687 13911 13911 D NearbyFragment: onPayloadReceived(endpointId=njPJ, payload=com.google.android.gms.nearby.connection.Payload@3076e87)
07-05 21:07:49.171 13911 13911 V NearbyFragment: Transfer to Endpoint{id=njPJ, name=Galaxy S8 [2802]} complete
07-05 21:07:49.173 13911 13911 W NearbyFragment: Completed downloading 20200312_150744!001.mp4 from Endpoint{id=njPJ, name=Galaxy S8 [2802]} in 05.551s
07-05 21:07:49.180 13911 13911 V FileManager: External storage is readable
07-05 21:07:49.181 13911 13911 V FileManager: Created new directory: /storage/emulated/0/Movies/segment-sum/20200312_150744
07-05 21:07:49.182 13911 13911 D NearbyFragment: Summarising 20200312_150744!001.mp4
07-05 21:07:49.182 13911 13911 V VideoManager: Retrieving video from /storage/emulated/0/Download/Nearby/20200312_150744!001.mp4
07-05 21:07:49.190 13911 13911 D VideoManager: videoCursor is null
07-05 21:07:49.216 13911 13911 V VideoManager: videoFromCursor
07-05 21:07:49.218 13911 13911 V ProcessingVideosEventHandler: onAdd
07-05 21:07:49.218 13911 13911 V RawFootageEventHandler: onRemove
07-05 21:07:49.223 13911 13911 V NearbyFragment: Transfer to Endpoint{id=njPJ, name=Galaxy S8 [2802]} complete
07-05 21:07:49.232 13911 14214 V SummariserIntentService: onHandleIntent
07-05 21:07:49.233 13911 14214 D SummariserIntentService: Video{id='1585', data='/storage/emulated/0/Download/Nearby/20200312_150744!001.mp4', name='20200312_150744!001.mp4', size=16915850, visible=true, mimeType='video/mp4'}
07-05 21:07:49.233 13911 14214 D SummariserIntentService: /storage/emulated/0/Movies/segment-sum/20200312_150744/20200312_150744!001.mp4
07-05 21:07:49.237 13911 14214 I FfmpegTools: Running ffmpeg with:
07-05 21:07:49.237 13911 14214 I FfmpegTools:   -y -i /storage/emulated/0/Download/Nearby/20200312_150744!001.mp4 -vf freezedetect=n=-45.000000dB:d=1.000000,metadata=mode=print:file=/storage/emulated/0/Movies/raw/20200312_150744!001.txt -f null -
07-05 21:07:49.390 13911 14163 W mobile-ffmpeg: [graph 0 input from stream 0:0 @ 0x8de7d1a0] sws_param option is deprecated and ignored
07-05 21:07:55.332 13911 14214 W Summariser: No activity detected
07-05 21:07:55.334 13911 14214 V FfmpegTools: Retrieving duration of /storage/emulated/0/Download/Nearby/20200312_150744!001.mp4
07-05 21:07:55.423 13911 14214 W Summariser: Summarisation completed
07-05 21:07:55.423 13911 14214 W Summariser:   filename: 20200312_150744!001.mp4
07-05 21:07:55.423 13911 14214 W Summariser:   active sections: 0
07-05 21:07:55.423 13911 14214 W Summariser:   time: 06.099s
07-05 21:07:55.423 13911 14214 W Summariser:   original duration: 16.02
07-05 21:07:55.423 13911 14214 W Summariser:   summarised duration: -1.00
07-05 21:07:55.423 13911 14214 W Summariser:   noise tolerance: 45.00
07-05 21:07:55.423 13911 14214 W Summariser:   quality: 23
07-05 21:07:55.423 13911 14214 W Summariser:   speed: medium
07-05 21:07:55.423 13911 14214 W Summariser:   freeze duration: 1.00
07-05 21:07:55.424 13911 14214 V ProcessingVideosEventHandler: onRemove
07-05 21:07:55.448 13911 13911 V NearbyFragment: Transfer to Endpoint{id=njPJ, name=Galaxy S8 [2802]} complete
07-05 21:07:55.465 13911 13924 D SummariserIntentService: Scanned /storage/emulated/0/Movies/summarised
07-05 21:07:55.465 13911 13924 D SummariserIntentService:   -> uri=content://media/external/file/1527
07-05 21:08:09.078 13911 13911 D NearbyFragment: onPayloadReceived(endpointId=njPJ, payload=com.google.android.gms.nearby.connection.Payload@f0b334c)
07-05 21:08:09.080 13911 13911 V NearbyFragment: Started downloading SUMMARISE_SEGMENT:-7854124337346835699:20200312_150844!000.mp4:45.0_1.0_23_medium from Endpoint{id=njPJ, name=Galaxy S8 [2802]}
07-05 21:08:09.088 13911 13911 V NearbyFragment: Transfer to Endpoint{id=njPJ, name=Galaxy S8 [2802]} complete
07-05 21:08:09.105 13911 13911 D NearbyFragment: onPayloadReceived(endpointId=njPJ, payload=com.google.android.gms.nearby.connection.Payload@a2e2f95)
07-05 21:08:13.471 13911 13911 V NearbyFragment: Transfer to Endpoint{id=njPJ, name=Galaxy S8 [2802]} complete
07-05 21:08:13.475 13911 13911 W NearbyFragment: Completed downloading 20200312_150844!000.mp4 from Endpoint{id=njPJ, name=Galaxy S8 [2802]} in 04.392s
07-05 21:08:13.482 13911 13911 V FileManager: External storage is readable
07-05 21:08:13.483 13911 13911 V FileManager: Created new directory: /storage/emulated/0/Movies/segment-sum/20200312_150844
07-05 21:08:13.483 13911 13911 D NearbyFragment: Summarising 20200312_150844!000.mp4
07-05 21:08:13.484 13911 13911 V VideoManager: Retrieving video from /storage/emulated/0/Download/Nearby/20200312_150844!000.mp4
07-05 21:08:13.489 13911 13911 D VideoManager: videoCursor is null
07-05 21:08:13.519 13911 13911 V VideoManager: videoFromCursor
07-05 21:08:13.520 13911 13911 V ProcessingVideosEventHandler: onAdd
07-05 21:08:13.521 13911 13911 V RawFootageEventHandler: onRemove
07-05 21:08:13.531 13911 13911 V NearbyFragment: Transfer to Endpoint{id=njPJ, name=Galaxy S8 [2802]} complete
07-05 21:08:13.536 13911 14256 V SummariserIntentService: onHandleIntent
07-05 21:08:13.537 13911 14256 D SummariserIntentService: Video{id='1586', data='/storage/emulated/0/Download/Nearby/20200312_150844!000.mp4', name='20200312_150844!000.mp4', size=16852835, visible=true, mimeType='video/mp4'}
07-05 21:08:13.537 13911 14256 D SummariserIntentService: /storage/emulated/0/Movies/segment-sum/20200312_150844/20200312_150844!000.mp4
07-05 21:08:13.540 13911 14256 I FfmpegTools: Running ffmpeg with:
07-05 21:08:13.540 13911 14256 I FfmpegTools:   -y -i /storage/emulated/0/Download/Nearby/20200312_150844!000.mp4 -vf freezedetect=n=-45.000000dB:d=1.000000,metadata=mode=print:file=/storage/emulated/0/Movies/raw/20200312_150844!000.txt -f null -
07-05 21:08:13.637 13911 14163 W mobile-ffmpeg: [graph 0 input from stream 0:0 @ 0x8daf44e0] sws_param option is deprecated and ignored
07-05 21:08:19.465 13911 14256 D Summariser: No freeze file
07-05 21:08:19.465 13911 14256 W Summariser: Whole video is active
07-05 21:08:20.703 13911 14256 V FfmpegTools: Retrieving duration of /storage/emulated/0/Download/Nearby/20200312_150844!000.mp4
07-05 21:08:20.765 13911 14256 V FfmpegTools: Retrieving duration of /storage/emulated/0/Movies/segment-sum/20200312_150844/20200312_150844!000.mp4
07-05 21:08:20.822 13911 14256 W Summariser: Summarisation completed
07-05 21:08:20.822 13911 14256 W Summariser:   filename: 20200312_150844!000.mp4
07-05 21:08:20.822 13911 14256 W Summariser:   active sections: -1
07-05 21:08:20.822 13911 14256 W Summariser:   time: 07.164s
07-05 21:08:20.822 13911 14256 W Summariser:   original duration: 16.06
07-05 21:08:20.822 13911 14256 W Summariser:   summarised duration: 16.06
07-05 21:08:20.822 13911 14256 W Summariser:   noise tolerance: 45.00
07-05 21:08:20.822 13911 14256 W Summariser:   quality: 23
07-05 21:08:20.822 13911 14256 W Summariser:   speed: medium
07-05 21:08:20.822 13911 14256 W Summariser:   freeze duration: 1.00
07-05 21:08:20.823 13911 14256 V VideoManager: Retrieving video from /storage/emulated/0/Movies/segment-sum/20200312_150844/20200312_150844!000.mp4
07-05 21:08:20.827 13911 14256 D VideoManager: videoCursor is null
07-05 21:08:20.892 13911 14256 V VideoManager: videoFromCursor
07-05 21:08:20.895 13911 14256 W NearbyFragment: Sending 20200312_150844!000.mp4 to Galaxy S8 [2802]
07-05 21:08:20.899 13911 14256 V ProcessingVideosEventHandler: onRemove
07-05 21:08:21.041 13911 13924 D SummariserIntentService: Scanned /storage/emulated/0/Movies/summarised
07-05 21:08:21.041 13911 13924 D SummariserIntentService:   -> uri=content://media/external/file/1527
07-05 21:08:21.280 13911 13911 D NearbyFragment: onPayloadReceived(endpointId=njPJ, payload=com.google.android.gms.nearby.connection.Payload@856a413)
07-05 21:08:21.282 13911 13911 V NearbyFragment: Started downloading SUMMARISE_SEGMENT:-8532508675168285202:20200312_150844!002.mp4:45.0_1.0_23_medium from Endpoint{id=njPJ, name=Galaxy S8 [2802]}
07-05 21:08:21.284 13911 13911 V NearbyFragment: Transfer to Endpoint{id=njPJ, name=Galaxy S8 [2802]} complete
07-05 21:08:22.257 13911 13911 V NearbyFragment: Transfer to Endpoint{id=njPJ, name=Galaxy S8 [2802]} complete
07-05 21:08:29.075 13911 13911 D NearbyFragment: onPayloadReceived(endpointId=njPJ, payload=com.google.android.gms.nearby.connection.Payload@c93d650)
07-05 21:08:36.032 13911 13911 V NearbyFragment: Transfer to Endpoint{id=njPJ, name=Galaxy S8 [2802]} complete
07-05 21:08:36.035 13911 13911 W NearbyFragment: Completed downloading 20200312_150844!002.mp4 from Endpoint{id=njPJ, name=Galaxy S8 [2802]} in 14.750s
07-05 21:08:36.046 13911 13911 V FileManager: External storage is readable
07-05 21:08:36.046 13911 13911 V FileManager: Directory already exists: /storage/emulated/0/Movies/segment-sum/20200312_150844
07-05 21:08:36.047 13911 13911 D NearbyFragment: Summarising 20200312_150844!002.mp4
07-05 21:08:36.047 13911 13911 V VideoManager: Retrieving video from /storage/emulated/0/Download/Nearby/20200312_150844!002.mp4
07-05 21:08:36.053 13911 13911 D VideoManager: videoCursor is null
07-05 21:08:36.086 13911 13911 V VideoManager: videoFromCursor
07-05 21:08:36.088 13911 13911 V ProcessingVideosEventHandler: onAdd
07-05 21:08:36.088 13911 13911 V RawFootageEventHandler: onRemove
07-05 21:08:36.092 13911 13911 V NearbyFragment: Transfer to Endpoint{id=njPJ, name=Galaxy S8 [2802]} complete
07-05 21:08:36.098 13911 14391 V SummariserIntentService: onHandleIntent
07-05 21:08:36.099 13911 14391 D SummariserIntentService: Video{id='1590', data='/storage/emulated/0/Download/Nearby/20200312_150844!002.mp4', name='20200312_150844!002.mp4', size=16805379, visible=true, mimeType='video/mp4'}
07-05 21:08:36.099 13911 14391 D SummariserIntentService: /storage/emulated/0/Movies/segment-sum/20200312_150844/20200312_150844!002.mp4
07-05 21:08:36.102 13911 14391 I FfmpegTools: Running ffmpeg with:
07-05 21:08:36.102 13911 14391 I FfmpegTools:   -y -i /storage/emulated/0/Download/Nearby/20200312_150844!002.mp4 -vf freezedetect=n=-45.000000dB:d=1.000000,metadata=mode=print:file=/storage/emulated/0/Movies/raw/20200312_150844!002.txt -f null -
07-05 21:08:36.239 13911 14163 W mobile-ffmpeg: [graph 0 input from stream 0:0 @ 0x8daf44e0] sws_param option is deprecated and ignored
07-05 21:08:36.374 13911 13911 V NearbyFragment: Transfer to Endpoint{id=njPJ, name=Galaxy S8 [2802]} complete
07-05 21:08:42.602 13911 14391 D Summariser: No freeze file
07-05 21:08:42.603 13911 14391 W Summariser: Whole video is active
07-05 21:08:43.810 13911 14391 V FfmpegTools: Retrieving duration of /storage/emulated/0/Download/Nearby/20200312_150844!002.mp4
07-05 21:08:43.900 13911 14391 V FfmpegTools: Retrieving duration of /storage/emulated/0/Movies/segment-sum/20200312_150844/20200312_150844!002.mp4
07-05 21:08:43.985 13911 14391 W Summariser: Summarisation completed
07-05 21:08:43.985 13911 14391 W Summariser:   filename: 20200312_150844!002.mp4
07-05 21:08:43.985 13911 14391 W Summariser:   active sections: -1
07-05 21:08:43.985 13911 14391 W Summariser:   time: 07.709s
07-05 21:08:43.985 13911 14391 W Summariser:   original duration: 16.01
07-05 21:08:43.985 13911 14391 W Summariser:   summarised duration: 16.01
07-05 21:08:43.985 13911 14391 W Summariser:   noise tolerance: 45.00
07-05 21:08:43.985 13911 14391 W Summariser:   quality: 23
07-05 21:08:43.985 13911 14391 W Summariser:   speed: medium
07-05 21:08:43.985 13911 14391 W Summariser:   freeze duration: 1.00
07-05 21:08:43.986 13911 14391 V VideoManager: Retrieving video from /storage/emulated/0/Movies/segment-sum/20200312_150844/20200312_150844!002.mp4
07-05 21:08:43.994 13911 14391 D VideoManager: videoCursor is null
07-05 21:08:44.016 13911 14391 V VideoManager: videoFromCursor
07-05 21:08:44.020 13911 14391 W NearbyFragment: Sending 20200312_150844!002.mp4 to Galaxy S8 [2802]
07-05 21:08:44.024 13911 14391 V ProcessingVideosEventHandler: onRemove
07-05 21:08:44.046 13911 13911 V NearbyFragment: Transfer to Endpoint{id=njPJ, name=Galaxy S8 [2802]} complete
07-05 21:08:44.078 13911 13939 D SummariserIntentService: Scanned /storage/emulated/0/Movies/summarised
07-05 21:08:44.078 13911 13939 D SummariserIntentService:   -> uri=content://media/external/file/1527
07-05 21:08:48.831 13911 13911 V NearbyFragment: Transfer to Endpoint{id=njPJ, name=Galaxy S8 [2802]} complete
07-05 21:08:54.486 13911 13911 D NearbyFragment: onPayloadReceived(endpointId=njPJ, payload=com.google.android.gms.nearby.connection.Payload@5698826)
07-05 21:08:54.490 13911 13911 V NearbyFragment: Started downloading SUMMARISE_SEGMENT:-6620676882109769243:20200312_150944!001.mp4:45.0_1.0_23_medium from Endpoint{id=njPJ, name=Galaxy S8 [2802]}
07-05 21:08:54.503 13911 13911 V NearbyFragment: Transfer to Endpoint{id=njPJ, name=Galaxy S8 [2802]} complete
07-05 21:08:54.735 13911 13911 D NearbyFragment: onPayloadReceived(endpointId=njPJ, payload=com.google.android.gms.nearby.connection.Payload@8cebc67)
07-05 21:09:00.016 13911 13911 V NearbyFragment: Transfer to Endpoint{id=njPJ, name=Galaxy S8 [2802]} complete
07-05 21:09:00.017 13911 13911 W NearbyFragment: Completed downloading 20200312_150944!001.mp4 from Endpoint{id=njPJ, name=Galaxy S8 [2802]} in 05.524s
07-05 21:09:00.025 13911 13911 V FileManager: External storage is readable
07-05 21:09:00.026 13911 13911 V FileManager: Created new directory: /storage/emulated/0/Movies/segment-sum/20200312_150944
07-05 21:09:00.027 13911 13911 D NearbyFragment: Summarising 20200312_150944!001.mp4
07-05 21:09:00.027 13911 13911 V VideoManager: Retrieving video from /storage/emulated/0/Download/Nearby/20200312_150944!001.mp4
07-05 21:09:00.037 13911 13911 D VideoManager: videoCursor is null
07-05 21:09:00.059 13911 13911 V VideoManager: videoFromCursor
07-05 21:09:00.061 13911 13911 V ProcessingVideosEventHandler: onAdd
07-05 21:09:00.061 13911 13911 V RawFootageEventHandler: onRemove
07-05 21:09:00.067 13911 13911 V NearbyFragment: Transfer to Endpoint{id=njPJ, name=Galaxy S8 [2802]} complete
07-05 21:09:00.072 13911 14454 V SummariserIntentService: onHandleIntent
07-05 21:09:00.073 13911 14454 D SummariserIntentService: Video{id='1592', data='/storage/emulated/0/Download/Nearby/20200312_150944!001.mp4', name='20200312_150944!001.mp4', size=16812180, visible=true, mimeType='video/mp4'}
07-05 21:09:00.073 13911 14454 D SummariserIntentService: /storage/emulated/0/Movies/segment-sum/20200312_150944/20200312_150944!001.mp4
07-05 21:09:00.075 13911 14454 I FfmpegTools: Running ffmpeg with:
07-05 21:09:00.075 13911 14454 I FfmpegTools:   -y -i /storage/emulated/0/Download/Nearby/20200312_150944!001.mp4 -vf freezedetect=n=-45.000000dB:d=1.000000,metadata=mode=print:file=/storage/emulated/0/Movies/raw/20200312_150944!001.txt -f null -
07-05 21:09:00.220 13911 14163 W mobile-ffmpeg: [graph 0 input from stream 0:0 @ 0x8daf44e0] sws_param option is deprecated and ignored
07-05 21:09:06.853 13911 14454 W Summariser: No activity detected
07-05 21:09:06.854 13911 14454 V FfmpegTools: Retrieving duration of /storage/emulated/0/Download/Nearby/20200312_150944!001.mp4
07-05 21:09:06.944 13911 14454 W Summariser: Summarisation completed
07-05 21:09:06.944 13911 14454 W Summariser:   filename: 20200312_150944!001.mp4
07-05 21:09:06.944 13911 14454 W Summariser:   active sections: 0
07-05 21:09:06.944 13911 14454 W Summariser:   time: 06.780s
07-05 21:09:06.944 13911 14454 W Summariser:   original duration: 16.01
07-05 21:09:06.944 13911 14454 W Summariser:   summarised duration: -1.00
07-05 21:09:06.944 13911 14454 W Summariser:   noise tolerance: 45.00
07-05 21:09:06.944 13911 14454 W Summariser:   quality: 23
07-05 21:09:06.944 13911 14454 W Summariser:   speed: medium
07-05 21:09:06.944 13911 14454 W Summariser:   freeze duration: 1.00
07-05 21:09:06.946 13911 14454 V ProcessingVideosEventHandler: onRemove
07-05 21:09:06.976 13911 13911 V NearbyFragment: Transfer to Endpoint{id=njPJ, name=Galaxy S8 [2802]} complete
07-05 21:09:07.003 13911 13939 D SummariserIntentService: Scanned /storage/emulated/0/Movies/summarised
07-05 21:09:07.003 13911 13939 D SummariserIntentService:   -> uri=content://media/external/file/1527
