07-05 21:14:11.434 30889 31566 I mobile-ffmpeg:       creation_time   : 
07-05 21:14:11.434 30889 31566 I mobile-ffmpeg: 2020-03-12T08:49:30.000000Z
07-05 21:14:11.434 30889 31566 I mobile-ffmpeg: 
07-05 21:14:11.434 30889 31566 I mobile-ffmpeg:       handler_name    : 
07-05 21:14:11.434 30889 31566 I mobile-ffmpeg: PittaSoft Video Media Handler
07-05 21:14:11.434 30889 31566 I mobile-ffmpeg: 
07-05 21:14:11.434 30889 31566 I mobile-ffmpeg:     Stream #0:1
07-05 21:14:11.435 30889 31566 I mobile-ffmpeg: (eng)
07-05 21:14:11.435 30889 31566 I mobile-ffmpeg: : Audio: aac (mp4a / 0x6134706D), 16000 Hz, stereo, fltp, 47 kb/s
07-05 21:14:11.435 30889 31566 I mobile-ffmpeg:  (default)
07-05 21:14:11.435 30889 31566 I mobile-ffmpeg: 
07-05 21:14:11.435 30889 31566 I mobile-ffmpeg:     Metadata:
07-05 21:14:11.435 30889 31566 I mobile-ffmpeg:       creation_time   : 
07-05 21:14:11.435 30889 31566 I mobile-ffmpeg: 2020-03-12T08:49:30.000000Z
07-05 21:14:11.435 30889 31566 I mobile-ffmpeg: 
07-05 21:14:11.435 30889 31566 I mobile-ffmpeg:       handler_name    : 
07-05 21:14:11.435 30889 31566 I mobile-ffmpeg: PittaSoft Sound Media Handler
07-05 21:14:11.435 30889 31566 I mobile-ffmpeg: 
07-05 21:14:11.447 30889 31547 V FileManager: External storage is readable
07-05 21:14:11.448 30889 31547 V FileManager: Created new directory: /storage/emulated/0/Movies/segment/20200312_194830
07-05 21:14:11.449 30889 31547 V FfmpegTools: Splitting /storage/emulated/0/Movies/raw/20200312_194830.mp4 with 16s long segments
07-05 21:14:11.449 30889 31547 I FfmpegTools: Running ffmpeg with:
07-05 21:14:11.449 30889 31547 I FfmpegTools:   -y -i /storage/emulated/0/Movies/raw/20200312_194830.mp4 -map 0 -c copy -f segment -reset_timestamps 1 -segment_time 16 /storage/emulated/0/Movies/segment/20200312_194830/20200312_194830!%03d.mp4
07-05 21:14:11.459 30889 31566 W mobile-ffmpeg: [mov,mp4,m4a,3gp,3g2,mj2 @ 0x78e66f7800] Found duplicated MOOV Atom. Skipped it
07-05 21:14:11.511 30889 31566 I mobile-ffmpeg: Input #0, mov,mp4,m4a,3gp,3g2,mj2, from '/storage/emulated/0/Movies/raw/20200312_194830.mp4':
07-05 21:14:11.511 30889 31566 I mobile-ffmpeg:   Metadata:
07-05 21:14:11.511 30889 31566 I mobile-ffmpeg:     creation_time   : 
07-05 21:14:11.511 30889 31566 I mobile-ffmpeg: 2020-03-12T08:49:30.000000Z
07-05 21:14:11.511 30889 31566 I mobile-ffmpeg: 
07-05 21:14:11.511 30889 31566 I mobile-ffmpeg:     major_brand     : 
07-05 21:14:11.512 30889 31566 I mobile-ffmpeg: mp42
07-05 21:14:11.512 30889 31566 I mobile-ffmpeg: 
07-05 21:14:11.512 30889 31566 I mobile-ffmpeg:     minor_version   : 
07-05 21:14:11.512 30889 31566 I mobile-ffmpeg: 1
07-05 21:14:11.512 30889 31566 I mobile-ffmpeg: 
07-05 21:14:11.512 30889 31566 I mobile-ffmpeg:     compatible_brands: 
07-05 21:14:11.512 30889 31566 I mobile-ffmpeg: mp42mp42
07-05 21:14:11.512 30889 31566 I mobile-ffmpeg: 
07-05 21:14:11.512 30889 31566 I mobile-ffmpeg:   Duration: 
07-05 21:14:11.512 30889 31566 I mobile-ffmpeg: 00:01:00.02
07-05 21:14:11.512 30889 31566 I mobile-ffmpeg: , start: 
07-05 21:14:11.512 30889 31566 I mobile-ffmpeg: 0.000000
07-05 21:14:11.512 30889 31566 I mobile-ffmpeg: , bitrate: 
07-05 21:14:11.512 30889 31566 I mobile-ffmpeg: 9328 kb/s
07-05 21:14:11.512 30889 31566 I mobile-ffmpeg: 
07-05 21:14:11.512 30889 31566 I mobile-ffmpeg:     Stream #0:0
07-05 21:14:11.512 30889 31566 I mobile-ffmpeg: (eng)
07-05 21:14:11.512 30889 31566 I mobile-ffmpeg: : Video: h264 (avc1 / 0x31637661), yuvj420p(pc, bt709), 1280x720, 8389 kb/s
07-05 21:14:11.512 30889 31566 I mobile-ffmpeg: , 
07-05 21:14:11.512 30889 31566 I mobile-ffmpeg: 29.97 fps, 
07-05 21:14:11.512 30889 31566 I mobile-ffmpeg: 29.97 tbr, 
07-05 21:14:11.512 30889 31566 I mobile-ffmpeg: 1k tbn, 
07-05 21:14:11.512 30889 31566 I mobile-ffmpeg: 2k tbc
07-05 21:14:11.512 30889 31566 I mobile-ffmpeg:  (default)
07-05 21:14:11.512 30889 31566 I mobile-ffmpeg: 
07-05 21:14:11.512 30889 31566 I mobile-ffmpeg:     Metadata:
07-05 21:14:11.512 30889 31566 I mobile-ffmpeg:       creation_time   : 
07-05 21:14:11.512 30889 31566 I mobile-ffmpeg: 2020-03-12T08:49:30.000000Z
07-05 21:14:11.513 30889 31566 I mobile-ffmpeg: 
07-05 21:14:11.513 30889 31566 I mobile-ffmpeg:       handler_name    : 
07-05 21:14:11.513 30889 31566 I mobile-ffmpeg: PittaSoft Video Media Handler
07-05 21:14:11.513 30889 31566 I mobile-ffmpeg: 
07-05 21:14:11.513 30889 31566 I mobile-ffmpeg:     Stream #0:1
07-05 21:14:11.513 30889 31566 I mobile-ffmpeg: (eng)
07-05 21:14:11.513 30889 31566 I mobile-ffmpeg: : Audio: aac (mp4a / 0x6134706D), 16000 Hz, stereo, fltp, 47 kb/s
07-05 21:14:11.513 30889 31566 I mobile-ffmpeg:  (default)
07-05 21:14:11.513 30889 31566 I mobile-ffmpeg: 
07-05 21:14:11.513 30889 31566 I mobile-ffmpeg:     Metadata:
07-05 21:14:11.513 30889 31566 I mobile-ffmpeg:       creation_time   : 
07-05 21:14:11.513 30889 31566 I mobile-ffmpeg: 2020-03-12T08:49:30.000000Z
07-05 21:14:11.513 30889 31566 I mobile-ffmpeg: 
07-05 21:14:11.513 30889 31566 I mobile-ffmpeg:       handler_name    : 
07-05 21:14:11.513 30889 31566 I mobile-ffmpeg: PittaSoft Sound Media Handler
07-05 21:14:11.513 30889 31566 I mobile-ffmpeg: 
07-05 21:14:11.513 30889 31566 I mobile-ffmpeg: [segment @ 0x78e66f8a00] Opening '/storage/emulated/0/Movies/segment/20200312_194830/20200312_194830!000.mp4' for writing
07-05 21:14:11.513 30889 31566 I mobile-ffmpeg: Output #0, segment, to '/storage/emulated/0/Movies/segment/20200312_194830/20200312_194830!%03d.mp4':
07-05 21:14:11.513 30889 31566 I mobile-ffmpeg:   Metadata:
07-05 21:14:11.513 30889 31566 I mobile-ffmpeg:     compatible_brands: 
07-05 21:14:11.513 30889 31566 I mobile-ffmpeg: mp42mp42
07-05 21:14:11.513 30889 31566 I mobile-ffmpeg: 
07-05 21:14:11.513 30889 31566 I mobile-ffmpeg:     major_brand     : 
07-05 21:14:11.513 30889 31566 I mobile-ffmpeg: mp42
07-05 21:14:11.513 30889 31566 I mobile-ffmpeg: 
07-05 21:14:11.513 30889 31566 I mobile-ffmpeg:     minor_version   : 
07-05 21:14:11.513 30889 31566 I mobile-ffmpeg: 1
07-05 21:14:11.513 30889 31566 I mobile-ffmpeg: 
07-05 21:14:11.513 30889 31566 I mobile-ffmpeg:     encoder         : 
07-05 21:14:11.513 30889 31566 I mobile-ffmpeg: Lavf58.42.100
07-05 21:14:11.514 30889 31566 I mobile-ffmpeg: 
07-05 21:14:11.514 30889 31566 I mobile-ffmpeg:     Stream #0:0
07-05 21:14:11.514 30889 31566 I mobile-ffmpeg: (eng)
07-05 21:14:11.514 30889 31566 I mobile-ffmpeg: : Video: h264 (avc1 / 0x31637661), yuvj420p(pc, bt709), 1280x720, q=2-31, 8389 kb/s
07-05 21:14:11.514 30889 31566 I mobile-ffmpeg: , 
07-05 21:14:11.514 30889 31566 I mobile-ffmpeg: 29.97 fps, 
07-05 21:14:11.514 30889 31566 I mobile-ffmpeg: 29.97 tbr, 
07-05 21:14:11.514 30889 31566 I mobile-ffmpeg: 16k tbn, 
07-05 21:14:11.514 30889 31566 I mobile-ffmpeg: 1k tbc
07-05 21:14:11.514 30889 31566 I mobile-ffmpeg:  (default)
07-05 21:14:11.514 30889 31566 I mobile-ffmpeg: 
07-05 21:14:11.514 30889 31566 I mobile-ffmpeg:     Metadata:
07-05 21:14:11.514 30889 31566 I mobile-ffmpeg:       creation_time   : 
07-05 21:14:11.514 30889 31566 I mobile-ffmpeg: 2020-03-12T08:49:30.000000Z
07-05 21:14:11.514 30889 31566 I mobile-ffmpeg: 
07-05 21:14:11.514 30889 31566 I mobile-ffmpeg:       handler_name    : 
07-05 21:14:11.514 30889 31566 I mobile-ffmpeg: PittaSoft Video Media Handler
07-05 21:14:11.514 30889 31566 I mobile-ffmpeg: 
07-05 21:14:11.514 30889 31566 I mobile-ffmpeg:     Stream #0:1
07-05 21:14:11.514 30889 31566 I mobile-ffmpeg: (eng)
07-05 21:14:11.514 30889 31566 I mobile-ffmpeg: : Audio: aac (mp4a / 0x6134706D), 16000 Hz, stereo, fltp, 47 kb/s
07-05 21:14:11.514 30889 31566 I mobile-ffmpeg:  (default)
07-05 21:14:11.514 30889 31566 I mobile-ffmpeg: 
07-05 21:14:11.514 30889 31566 I mobile-ffmpeg:     Metadata:
07-05 21:14:11.514 30889 31566 I mobile-ffmpeg:       creation_time   : 
07-05 21:14:11.514 30889 31566 I mobile-ffmpeg: 2020-03-12T08:49:30.000000Z
07-05 21:14:11.514 30889 31566 I mobile-ffmpeg: 
07-05 21:14:11.515 30889 31566 I mobile-ffmpeg:       handler_name    : 
07-05 21:14:11.515 30889 31566 I mobile-ffmpeg: PittaSoft Sound Media Handler
07-05 21:14:11.515 30889 31566 I mobile-ffmpeg: 
07-05 21:14:11.515 30889 31566 I mobile-ffmpeg: Stream mapping:
07-05 21:14:11.515 30889 31566 I mobile-ffmpeg:   Stream #0:0 -> #0:0
07-05 21:14:11.515 30889 31566 I mobile-ffmpeg:  (copy)
07-05 21:14:11.515 30889 31566 I mobile-ffmpeg: 
07-05 21:14:11.515 30889 31566 I mobile-ffmpeg:   Stream #0:1 -> #0:1
07-05 21:14:11.515 30889 31566 I mobile-ffmpeg:  (copy)
07-05 21:14:11.515 30889 31566 I mobile-ffmpeg: 
07-05 21:14:11.515 30889 31566 I mobile-ffmpeg: Press [q] to stop, [?] for help
07-05 21:14:11.515 30889 31566 I mobile-ffmpeg: frame=    1 fps=0.0 q=-1.0 size=N/A time=00:00:00.00 bitrate=N/A speed=  63x    
07-05 21:14:11.592 30889 31566 I mobile-ffmpeg: [segment @ 0x78e66f8a00] Opening '/storage/emulated/0/Movies/segment/20200312_194830/20200312_194830!001.mp4' for writing
07-05 21:14:11.650 30889 31566 I mobile-ffmpeg: [segment @ 0x78e66f8a00] Opening '/storage/emulated/0/Movies/segment/20200312_194830/20200312_194830!002.mp4' for writing
07-05 21:14:11.705 30889 31566 I mobile-ffmpeg: [segment @ 0x78e66f8a00] Opening '/storage/emulated/0/Movies/segment/20200312_194830/20200312_194830!003.mp4' for writing
07-05 21:14:11.746 30889 31566 I mobile-ffmpeg: frame= 1800 fps=0.0 q=-1.0 Lsize=N/A time=00:01:00.01 bitrate=N/A speed= 258x    
07-05 21:14:11.746 30889 31566 I mobile-ffmpeg: video:61471kB audio:345kB subtitle:0kB other streams:0kB global headers:0kB muxing overhead: 
07-05 21:14:11.746 30889 31566 I mobile-ffmpeg: unknown
07-05 21:14:11.746 30889 31566 I mobile-ffmpeg: 
07-05 21:14:11.750 30889 31547 V FileManager: External storage is readable
07-05 21:14:11.750 30889 31547 V FileManager: Directory already exists: /storage/emulated/0/Movies/segment/20200312_194830
07-05 21:14:11.750 30889 31547 V VideoManager: Retrieving videos from /storage/emulated/0/Movies/segment/20200312_194830
07-05 21:14:11.751 30889 31547 V VideoManager: Retrieving video from /storage/emulated/0/Movies/segment/20200312_194830/20200312_194830!000.mp4
07-05 21:14:11.759 30889 31547 D VideoManager: videoCursor is null
07-05 21:14:11.793 30889 31547 V VideoManager: videoFromCursor
07-05 21:14:11.796 30889 31547 V VideoManager: Retrieving video from /storage/emulated/0/Movies/segment/20200312_194830/20200312_194830!001.mp4
07-05 21:14:11.807 30889 31547 D VideoManager: videoCursor is null
07-05 21:14:12.109 30889 31547 V VideoManager: videoFromCursor
07-05 21:14:12.113 30889 31547 V VideoManager: Retrieving video from /storage/emulated/0/Movies/segment/20200312_194830/20200312_194830!002.mp4
07-05 21:14:12.131 30889 31547 D VideoManager: videoCursor is null
07-05 21:14:12.251 30889 31547 V VideoManager: videoFromCursor
07-05 21:14:12.254 30889 31547 V VideoManager: Retrieving video from /storage/emulated/0/Movies/segment/20200312_194830/20200312_194830!003.mp4
07-05 21:14:12.281 30889 31547 D VideoManager: videoCursor is null
07-05 21:14:12.317 30889 31547 V VideoManager: videoFromCursor
07-05 21:14:12.321 30889 31547 V NearbyFragment: nextTransfer with selected algorithm: best
07-05 21:14:12.323 30889 31547 W NearbyFragment: Sending 20200312_194830!000.mp4 to Nexus 5 [1825]
07-05 21:14:12.337 30889 30889 V NearbyFragment: Transfer to Endpoint{id=w2Lc, name=Nexus 5 [1825]} complete
07-05 21:14:13.327 30889 31547 V DownloadTestVideosTask: Starting DownloadTestVideosTask
07-05 21:14:13.330 30889 31547 V DashDownloadManager: Started downloading: 20200312_194930.mp4
07-05 21:14:13.335 30889 31547 I System.out: (HTTPLog)-Static: isSBSettingEnabled false
07-05 21:14:13.336 30889 31547 I System.out: (HTTPLog)-Static: isSBSettingEnabled false
07-05 21:14:13.423 30889 31547 I System.out: (HTTPLog)-Thread-2174-87630713: getTransferStream : ContentLength=69990400, method=GET, HTTPVersion=http/1.1
07-05 21:14:17.251 30889 30898 W System  : A resource failed to call close. 
07-05 21:14:17.287 30889 30898 I chatty  : uid=10568(com.example.edgesum) FinalizerDaemon identical 22 lines
07-05 21:14:17.287 30889 30898 W System  : A resource failed to call close. 
07-05 21:14:17.287 30889 30898 W System  : A resource failed to call close. 
07-05 21:14:17.288 30889 30898 I chatty  : uid=10568(com.example.edgesum) FinalizerDaemon identical 10 lines
07-05 21:14:17.292 30889 30898 W System  : A resource failed to call close. 
07-05 21:14:17.295 30889 30898 W System  : A resource failed to call close. 
07-05 21:14:17.298 30889 30898 W System  : A resource failed to call close. 
07-05 21:14:17.304 30889 30898 W System  : A resource failed to call close. 
07-05 21:14:17.358 30889 30898 I chatty  : uid=10568(com.example.edgesum) FinalizerDaemon identical 38 lines
07-05 21:14:17.362 30889 30898 W System  : A resource failed to call close. 
07-05 21:14:17.367 30889 30898 W System  : A resource failed to call close. 
07-05 21:14:17.376 30889 30898 W System  : A resource failed to call close. 
07-05 21:14:17.407 30889 30898 I chatty  : uid=10568(com.example.edgesum) FinalizerDaemon identical 24 lines
07-05 21:14:17.408 30889 30898 W System  : A resource failed to call close. 
07-05 21:14:17.457 30889 30889 V NearbyFragment: Transfer to Endpoint{id=w2Lc, name=Nexus 5 [1825]} complete
07-05 21:14:17.673 30889 30889 D NearbyFragment: onPayloadReceived(endpointId=w2Lc, payload=com.google.android.gms.nearby.connection.Payload@ab928be)
07-05 21:14:17.673 30889 30889 D NearbyFragment: Endpoint{id=w2Lc, name=Nexus 5 [1825]} has finished downloading 20200312_194830!000.mp4
07-05 21:14:17.674 30889 30889 V NearbyFragment: nextTransfer with selected algorithm: best
07-05 21:14:17.676 30889 30889 W NearbyFragment: Sending 20200312_194830!001.mp4 to Nexus 5X [34d8]
07-05 21:14:17.679 30889 30889 V NearbyFragment: Transfer to Endpoint{id=w2Lc, name=Nexus 5 [1825]} complete
07-05 21:14:17.688 30889 30889 V NearbyFragment: Transfer to Endpoint{id=Qd2N, name=Nexus 5X [34d8]} complete
07-05 21:14:21.837 30889 30889 D NearbyFragment: onPayloadReceived(endpointId=Qd2N, payload=com.google.android.gms.nearby.connection.Payload@a9f7e35)
07-05 21:14:21.837 30889 30889 V NearbyFragment: Started downloading 20200312_194129!003.mp4 from Endpoint{id=Qd2N, name=Nexus 5X [34d8]}
07-05 21:14:21.839 30889 30889 V NearbyFragment: nextTransfer with selected algorithm: best
07-05 21:14:21.841 30889 30889 W NearbyFragment: Sending 20200312_194830!002.mp4 to Nexus 5X [34d8]
07-05 21:14:21.874 30889 30889 V NearbyFragment: Transfer to Endpoint{id=Qd2N, name=Nexus 5X [34d8]} complete
07-05 21:14:21.885 30889 30889 V NearbyFragment: Transfer to Endpoint{id=Qd2N, name=Nexus 5X [34d8]} complete
07-05 21:14:22.140 30889 30889 D NearbyFragment: onPayloadReceived(endpointId=Qd2N, payload=com.google.android.gms.nearby.connection.Payload@a584f58)
07-05 21:14:22.206 30889 30889 V NearbyFragment: Transfer to Endpoint{id=Qd2N, name=Nexus 5X [34d8]} complete
07-05 21:14:22.208 30889 30889 W NearbyFragment: Completed downloading 20200312_194129!003.mp4 from Endpoint{id=Qd2N, name=Nexus 5X [34d8]} in 00.370s
07-05 21:14:22.216 30889 30889 V FileManager: External storage is readable
07-05 21:14:22.217 30889 30889 V FileManager: Directory already exists: /storage/emulated/0/Movies/segment-sum/20200312_194129
07-05 21:14:22.227 30889 30889 D NearbyFragment: Received all summarised video segments of 20200312_194129
07-05 21:14:22.233 30889 30889 V FileManager: External storage is readable
07-05 21:14:22.234 30889 30889 V FileManager: Directory already exists: /storage/emulated/0/Movies/segment-sum/20200312_194129
07-05 21:14:22.236 30889 30889 D FfmpegTools: Merging /storage/emulated/0/Movies/summarised/20200312_194129.mp4
07-05 21:14:22.243 30889 30889 V FileManager: External storage is readable
07-05 21:14:22.243 30889 30889 V FileManager: Directory already exists: /storage/emulated/0/Movies/segment/20200312_194129
07-05 21:14:22.251 30889 30889 I FfmpegTools: Running ffmpeg with:
07-05 21:14:22.251 30889 30889 I FfmpegTools:   -y -f concat -safe 0 -i /storage/emulated/0/Movies/segment/20200312_194129/paths.txt -c copy /storage/emulated/0/Movies/summarised/20200312_194129.mp4
07-05 21:14:22.289 30889 31566 I mobile-ffmpeg: [mov,mp4,m4a,3gp,3g2,mj2 @ 0x78d5eece00] Auto-inserting h264_mp4toannexb bitstream filter
07-05 21:14:22.313 30889 31566 I mobile-ffmpeg: Input #0, concat, from '/storage/emulated/0/Movies/segment/20200312_194129/paths.txt':
07-05 21:14:22.314 30889 31566 I mobile-ffmpeg:   Duration: 
07-05 21:14:22.314 30889 31566 I mobile-ffmpeg: N/A
07-05 21:14:22.314 30889 31566 I mobile-ffmpeg: , start: 
07-05 21:14:22.314 30889 31566 I mobile-ffmpeg: -0.064000
07-05 21:14:22.314 30889 31566 I mobile-ffmpeg: , bitrate: 
07-05 21:14:22.314 30889 31566 I mobile-ffmpeg: 1145 kb/s
07-05 21:14:22.314 30889 31566 I mobile-ffmpeg: 
07-05 21:14:22.314 30889 31566 I mobile-ffmpeg:     Stream #0:0
07-05 21:14:22.314 30889 31566 I mobile-ffmpeg: (und)
07-05 21:14:22.314 30889 31566 I mobile-ffmpeg: : Video: h264 (avc1 / 0x31637661), yuvj420p(pc), 1280x720, 1059 kb/s
07-05 21:14:22.314 30889 31566 I mobile-ffmpeg: , 
07-05 21:14:22.314 30889 31566 I mobile-ffmpeg: 29.97 fps, 
07-05 21:14:22.314 30889 31566 I mobile-ffmpeg: 29.97 tbr, 
07-05 21:14:22.314 30889 31566 I mobile-ffmpeg: 30k tbn, 
07-05 21:14:22.314 30889 31566 I mobile-ffmpeg: 59.94 tbc
07-05 21:14:22.314 30889 31566 I mobile-ffmpeg: 
07-05 21:14:22.314 30889 31566 I mobile-ffmpeg:     Metadata:
07-05 21:14:22.314 30889 31566 I mobile-ffmpeg:       handler_name    : 
07-05 21:14:22.314 30889 31566 I mobile-ffmpeg: VideoHandler
07-05 21:14:22.314 30889 31566 I mobile-ffmpeg: 
07-05 21:14:22.314 30889 31566 I mobile-ffmpeg:     Stream #0:1
07-05 21:14:22.314 30889 31566 I mobile-ffmpeg: (und)
07-05 21:14:22.315 30889 31566 I mobile-ffmpeg: : Audio: aac (mp4a / 0x6134706D), 16000 Hz, stereo, fltp, 86 kb/s
07-05 21:14:22.315 30889 31566 I mobile-ffmpeg: 
07-05 21:14:22.315 30889 31566 I mobile-ffmpeg:     Metadata:
07-05 21:14:22.315 30889 31566 I mobile-ffmpeg:       handler_name    : 
07-05 21:14:22.315 30889 31566 I mobile-ffmpeg: SoundHandler
07-05 21:14:22.315 30889 31566 I mobile-ffmpeg: 
07-05 21:14:22.315 30889 31566 I mobile-ffmpeg: Output #0, mp4, to '/storage/emulated/0/Movies/summarised/20200312_194129.mp4':
07-05 21:14:22.315 30889 31566 I mobile-ffmpeg:   Metadata:
07-05 21:14:22.315 30889 31566 I mobile-ffmpeg:     encoder         : 
07-05 21:14:22.315 30889 31566 I mobile-ffmpeg: Lavf58.42.100
07-05 21:14:22.315 30889 31566 I mobile-ffmpeg: 
07-05 21:14:22.315 30889 31566 I mobile-ffmpeg:     Stream #0:0
07-05 21:14:22.315 30889 31566 I mobile-ffmpeg: (und)
07-05 21:14:22.315 30889 31566 I mobile-ffmpeg: : Video: h264 (avc1 / 0x31637661), yuvj420p(pc), 1280x720, q=2-31, 1059 kb/s
07-05 21:14:22.315 30889 31566 I mobile-ffmpeg: , 
07-05 21:14:22.315 30889 31566 I mobile-ffmpeg: 29.97 fps, 
07-05 21:14:22.315 30889 31566 I mobile-ffmpeg: 29.97 tbr, 
07-05 21:14:22.315 30889 31566 I mobile-ffmpeg: 30k tbn, 
07-05 21:14:22.315 30889 31566 I mobile-ffmpeg: 30k tbc
07-05 21:14:22.315 30889 31566 I mobile-ffmpeg: 
07-05 21:14:22.315 30889 31566 I mobile-ffmpeg:     Metadata:
07-05 21:14:22.315 30889 31566 I mobile-ffmpeg:       handler_name    : 
07-05 21:14:22.315 30889 31566 I mobile-ffmpeg: VideoHandler
07-05 21:14:22.315 30889 31566 I mobile-ffmpeg: 
07-05 21:14:22.315 30889 31566 I mobile-ffmpeg:     Stream #0:1
07-05 21:14:22.316 30889 31566 I mobile-ffmpeg: (und)
07-05 21:14:22.316 30889 31566 I mobile-ffmpeg: : Audio: aac (mp4a / 0x6134706D), 16000 Hz, stereo, fltp, 86 kb/s
07-05 21:14:22.316 30889 31566 I mobile-ffmpeg: 
07-05 21:14:22.316 30889 31566 I mobile-ffmpeg:     Metadata:
07-05 21:14:22.316 30889 31566 I mobile-ffmpeg:       handler_name    : 
07-05 21:14:22.316 30889 31566 I mobile-ffmpeg: SoundHandler
07-05 21:14:22.316 30889 31566 I mobile-ffmpeg: 
07-05 21:14:22.316 30889 31566 I mobile-ffmpeg: Stream mapping:
07-05 21:14:22.316 30889 31566 I mobile-ffmpeg:   Stream #0:0 -> #0:0
07-05 21:14:22.316 30889 31566 I mobile-ffmpeg:  (copy)
07-05 21:14:22.316 30889 31566 I mobile-ffmpeg: 
07-05 21:14:22.316 30889 31566 I mobile-ffmpeg:   Stream #0:1 -> #0:1
07-05 21:14:22.316 30889 31566 I mobile-ffmpeg:  (copy)
07-05 21:14:22.316 30889 31566 I mobile-ffmpeg: 
07-05 21:14:22.316 30889 31566 I mobile-ffmpeg: Press [q] to stop, [?] for help
07-05 21:14:22.317 30889 31566 I mobile-ffmpeg: frame=    1 fps=0.0 q=-1.0 size=       0kB time=00:00:00.00 bitrate=N/A speed=   0x    
07-05 21:14:22.353 30889 31566 I mobile-ffmpeg: [mov,mp4,m4a,3gp,3g2,mj2 @ 0x78d5eece00] Auto-inserting h264_mp4toannexb bitstream filter
07-05 21:14:22.389 30889 31566 I mobile-ffmpeg: [mov,mp4,m4a,3gp,3g2,mj2 @ 0x78d5eece00] Auto-inserting h264_mp4toannexb bitstream filter
07-05 21:14:22.392 30889 31566 I mobile-ffmpeg: frame=  326 fps=0.0 q=-1.0 Lsize=    1496kB time=00:00:10.98 bitrate=1115.9kbits/s speed= 143x    
07-05 21:14:22.392 30889 31566 I mobile-ffmpeg: video:1375kB audio:115kB subtitle:0kB other streams:0kB global headers:0kB muxing overhead: 
07-05 21:14:22.392 30889 30889 V FfmpegTools: Retrieving duration of /storage/emulated/0/Movies/summarised/20200312_194129.mp4
07-05 21:14:22.392 30889 31566 I mobile-ffmpeg: 0.413323%
07-05 21:14:22.392 30889 31566 I mobile-ffmpeg: 
07-05 21:14:22.416 30889 31566 I mobile-ffmpeg: Input #0, mov,mp4,m4a,3gp,3g2,mj2, from '/storage/emulated/0/Movies/summarised/20200312_194129.mp4':
07-05 21:14:22.416 30889 31566 I mobile-ffmpeg:   Metadata:
07-05 21:14:22.416 30889 31566 I mobile-ffmpeg:     major_brand     : 
07-05 21:14:22.416 30889 31566 I mobile-ffmpeg: isom
07-05 21:14:22.416 30889 31566 I mobile-ffmpeg: 
07-05 21:14:22.416 30889 31566 I mobile-ffmpeg:     minor_version   : 
07-05 21:14:22.416 30889 31566 I mobile-ffmpeg: 512
07-05 21:14:22.416 30889 31566 I mobile-ffmpeg: 
07-05 21:14:22.416 30889 31566 I mobile-ffmpeg:     compatible_brands: 
07-05 21:14:22.417 30889 31566 I mobile-ffmpeg: isomiso2avc1mp41
07-05 21:14:22.417 30889 31566 I mobile-ffmpeg: 
07-05 21:14:22.417 30889 31566 I mobile-ffmpeg:     encoder         : 
07-05 21:14:22.417 30889 31566 I mobile-ffmpeg: Lavf58.42.100
07-05 21:14:22.417 30889 31566 I mobile-ffmpeg: 
07-05 21:14:22.417 30889 31566 I mobile-ffmpeg:   Duration: 
07-05 21:14:22.417 30889 31566 I mobile-ffmpeg: 00:00:11.04
07-05 21:14:22.417 30889 31566 I mobile-ffmpeg: , start: 
07-05 21:14:22.417 30889 31566 I mobile-ffmpeg: 0.000000
07-05 21:14:22.417 30889 31566 I mobile-ffmpeg: , bitrate: 
07-05 21:14:22.417 30889 31566 I mobile-ffmpeg: 1110 kb/s
07-05 21:14:22.417 30889 31566 I mobile-ffmpeg: 
07-05 21:14:22.417 30889 31566 I mobile-ffmpeg:     Stream #0:0
07-05 21:14:22.417 30889 31566 I mobile-ffmpeg: (und)
07-05 21:14:22.417 30889 31566 I mobile-ffmpeg: : Video: h264 (avc1 / 0x31637661), yuvj420p(pc), 1280x720, 1026 kb/s
07-05 21:14:22.417 30889 31566 I mobile-ffmpeg: , 
07-05 21:14:22.417 30889 31566 I mobile-ffmpeg: 29.70 fps, 
07-05 21:14:22.417 30889 31566 I mobile-ffmpeg: 29.97 tbr, 
07-05 21:14:22.417 30889 31566 I mobile-ffmpeg: 30k tbn, 
07-05 21:14:22.417 30889 31566 I mobile-ffmpeg: 59.94 tbc
07-05 21:14:22.417 30889 31566 I mobile-ffmpeg:  (default)
07-05 21:14:22.417 30889 31566 I mobile-ffmpeg: 
07-05 21:14:22.417 30889 31566 I mobile-ffmpeg:     Metadata:
07-05 21:14:22.417 30889 31566 I mobile-ffmpeg:       handler_name    : 
07-05 21:14:22.417 30889 31566 I mobile-ffmpeg: VideoHandler
07-05 21:14:22.417 30889 31566 I mobile-ffmpeg: 
07-05 21:14:22.417 30889 31566 I mobile-ffmpeg:     Stream #0:1
07-05 21:14:22.417 30889 31566 I mobile-ffmpeg: (und)
07-05 21:14:22.417 30889 31566 I mobile-ffmpeg: : Audio: aac (mp4a / 0x6134706D), 16000 Hz, stereo, fltp, 85 kb/s
07-05 21:14:22.417 30889 31566 I mobile-ffmpeg:  (default)
07-05 21:14:22.417 30889 31566 I mobile-ffmpeg: 
07-05 21:14:22.417 30889 31566 I mobile-ffmpeg:     Metadata:
07-05 21:14:22.418 30889 31566 I mobile-ffmpeg:       handler_name    : 
07-05 21:14:22.418 30889 31566 I mobile-ffmpeg: SoundHandler
07-05 21:14:22.418 30889 31566 I mobile-ffmpeg: 
07-05 21:14:22.424 30889 30889 W FfmpegTools: Merged duration of 20200312_194129: 11.04
07-05 21:14:22.474 30889 30889 V VideoManager: Retrieving video from /storage/emulated/0/Movies/summarised/20200312_194129.mp4
07-05 21:14:22.483 30889 30889 V VideoManager: videoFromCursor
07-05 21:14:22.486 30889 30889 V SummarisedVideosEventHandler: onAdd
07-05 21:14:22.486 30889 30889 V RawFootageEventHandler: removeByName
07-05 21:14:22.487 30889 30889 V ProcessingVideosEventHandler: removeByName
07-05 21:14:22.487 30889 30889 V NearbyFragment: Removing video segment map for 20200312_194129
07-05 21:14:23.475 30889 30889 V NearbyFragment: Transfer to Endpoint{id=Qd2N, name=Nexus 5X [34d8]} complete
07-05 21:14:24.654 30889 30889 D NearbyFragment: onPayloadReceived(endpointId=Qd2N, payload=com.google.android.gms.nearby.connection.Payload@859bd5d)
07-05 21:14:24.656 30889 30889 D NearbyFragment: Endpoint{id=Qd2N, name=Nexus 5X [34d8]} has finished downloading 20200312_194830!001.mp4
07-05 21:14:24.661 30889 30889 V NearbyFragment: nextTransfer with selected algorithm: best
07-05 21:14:24.667 30889 30889 W NearbyFragment: Sending 20200312_194830!003.mp4 to Nexus 5X [34d8]
07-05 21:14:24.695 30889 30889 V NearbyFragment: Transfer to Endpoint{id=Qd2N, name=Nexus 5X [34d8]} complete
07-05 21:14:24.908 30889 30889 V NearbyFragment: Transfer to Endpoint{id=Qd2N, name=Nexus 5X [34d8]} complete
07-05 21:14:29.606 30889 30889 V NearbyFragment: Transfer to Endpoint{id=Qd2N, name=Nexus 5X [34d8]} complete
07-05 21:14:30.926 30889 30889 D NearbyFragment: onPayloadReceived(endpointId=Qd2N, payload=com.google.android.gms.nearby.connection.Payload@bf056a0)
07-05 21:14:30.927 30889 30889 D NearbyFragment: Endpoint{id=Qd2N, name=Nexus 5X [34d8]} has finished downloading 20200312_194830!002.mp4
07-05 21:14:30.930 30889 30889 I NearbyFragment: Transfer queue is empty
07-05 21:14:30.967 30889 30889 V NearbyFragment: Transfer to Endpoint{id=Qd2N, name=Nexus 5X [34d8]} complete
07-05 21:14:33.161 30889 30889 V NearbyFragment: Transfer to Endpoint{id=Qd2N, name=Nexus 5X [34d8]} complete
07-05 21:14:33.503 30889 30889 D NearbyFragment: onPayloadReceived(endpointId=Qd2N, payload=com.google.android.gms.nearby.connection.Payload@f79d259)
07-05 21:14:33.504 30889 30889 D NearbyFragment: Endpoint{id=Qd2N, name=Nexus 5X [34d8]} has finished downloading 20200312_194830!003.mp4
07-05 21:14:33.505 30889 30889 I NearbyFragment: Transfer queue is empty
07-05 21:14:33.545 30889 30889 V NearbyFragment: Transfer to Endpoint{id=Qd2N, name=Nexus 5X [34d8]} complete
07-05 21:14:39.456 30889 31547 V VideoManager: Retrieving video from /storage/emulated/0/Movies/raw/20200312_194930.mp4
07-05 21:14:39.496 30889 31547 D VideoManager: videoCursor is null
07-05 21:14:39.585 30889 31547 V VideoManager: videoFromCursor
07-05 21:14:39.590 30889 31547 W DashDownloadManager: Successfully downloaded 20200312_194930.mp4 in 26.125s
07-05 21:14:39.590 30889 31547 V DownloadTestVideosTask: Entering callback for download completion of 20200312_194930.mp4
07-05 21:14:39.591 30889 31547 V RawFootageEventHandler: onAdd
07-05 21:14:39.593 30889 31547 V FfmpegTools: Retrieving duration of /storage/emulated/0/Movies/raw/20200312_194930.mp4
07-05 21:14:39.603 30889 31566 W mobile-ffmpeg: [mov,mp4,m4a,3gp,3g2,mj2 @ 0x78e66f7800] Found duplicated MOOV Atom. Skipped it
07-05 21:14:39.681 30889 31566 I mobile-ffmpeg: Input #0, mov,mp4,m4a,3gp,3g2,mj2, from '/storage/emulated/0/Movies/raw/20200312_194930.mp4':
07-05 21:14:39.681 30889 31566 I mobile-ffmpeg:   Metadata:
07-05 21:14:39.681 30889 31566 I mobile-ffmpeg:     creation_time   : 
07-05 21:14:39.681 30889 31566 I mobile-ffmpeg: 2020-03-12T08:50:30.000000Z
07-05 21:14:39.681 30889 31566 I mobile-ffmpeg: 
07-05 21:14:39.681 30889 31566 I mobile-ffmpeg:     major_brand     : 
07-05 21:14:39.681 30889 31566 I mobile-ffmpeg: mp42
07-05 21:14:39.681 30889 31566 I mobile-ffmpeg: 
07-05 21:14:39.681 30889 31566 I mobile-ffmpeg:     minor_version   : 
07-05 21:14:39.681 30889 31566 I mobile-ffmpeg: 1
07-05 21:14:39.681 30889 31566 I mobile-ffmpeg: 
07-05 21:14:39.681 30889 31566 I mobile-ffmpeg:     compatible_brands: 
07-05 21:14:39.681 30889 31566 I mobile-ffmpeg: mp42mp42
07-05 21:14:39.681 30889 31566 I mobile-ffmpeg: 
07-05 21:14:39.681 30889 31566 I mobile-ffmpeg:   Duration: 
07-05 21:14:39.682 30889 31566 I mobile-ffmpeg: 00:01:00.02
07-05 21:14:39.682 30889 31566 I mobile-ffmpeg: , start: 
07-05 21:14:39.682 30889 31566 I mobile-ffmpeg: 0.000000
07-05 21:14:39.682 30889 31566 I mobile-ffmpeg: , bitrate: 
07-05 21:14:39.682 30889 31566 I mobile-ffmpeg: 9328 kb/s
07-05 21:14:39.682 30889 31566 I mobile-ffmpeg: 
07-05 21:14:39.682 30889 31566 I mobile-ffmpeg:     Stream #0:0
07-05 21:14:39.682 30889 31566 I mobile-ffmpeg: (eng)
07-05 21:14:39.682 30889 31566 I mobile-ffmpeg: : Video: h264 (avc1 / 0x31637661), yuvj420p(pc, bt709), 1280x720, 8383 kb/s
07-05 21:14:39.682 30889 31566 I mobile-ffmpeg: , 
07-05 21:14:39.682 30889 31566 I mobile-ffmpeg: 29.97 fps, 
07-05 21:14:39.682 30889 31566 I mobile-ffmpeg: 29.97 tbr, 
07-05 21:14:39.682 30889 31566 I mobile-ffmpeg: 1k tbn, 
07-05 21:14:39.682 30889 31566 I mobile-ffmpeg: 2k tbc
07-05 21:14:39.682 30889 31566 I mobile-ffmpeg:  (default)
07-05 21:14:39.682 30889 31566 I mobile-ffmpeg: 
07-05 21:14:39.682 30889 31566 I mobile-ffmpeg:     Metadata:
07-05 21:14:39.682 30889 31566 I mobile-ffmpeg:       creation_time   : 
07-05 21:14:39.682 30889 31566 I mobile-ffmpeg: 2020-03-12T08:50:30.000000Z
07-05 21:14:39.682 30889 31566 I mobile-ffmpeg: 
07-05 21:14:39.682 30889 31566 I mobile-ffmpeg:       handler_name    : 
07-05 21:14:39.682 30889 31566 I mobile-ffmpeg: PittaSoft Video Media Handler
07-05 21:14:39.682 30889 31566 I mobile-ffmpeg: 
07-05 21:14:39.682 30889 31566 I mobile-ffmpeg:     Stream #0:1
07-05 21:14:39.682 30889 31566 I mobile-ffmpeg: (eng)
07-05 21:14:39.682 30889 31566 I mobile-ffmpeg: : Audio: aac (mp4a / 0x6134706D), 16000 Hz, stereo, fltp, 47 kb/s
07-05 21:14:39.682 30889 31566 I mobile-ffmpeg:  (default)
07-05 21:14:39.682 30889 31566 I mobile-ffmpeg: 
07-05 21:14:39.682 30889 31566 I mobile-ffmpeg:     Metadata:
07-05 21:14:39.682 30889 31566 I mobile-ffmpeg:       creation_time   : 
07-05 21:14:39.682 30889 31566 I mobile-ffmpeg: 2020-03-12T08:50:30.000000Z
07-05 21:14:39.683 30889 31566 I mobile-ffmpeg: 
07-05 21:14:39.683 30889 31566 I mobile-ffmpeg:       handler_name    : 
07-05 21:14:39.683 30889 31566 I mobile-ffmpeg: PittaSoft Sound Media Handler
07-05 21:14:39.683 30889 31566 I mobile-ffmpeg: 
07-05 21:14:39.695 30889 31547 V FileManager: External storage is readable
07-05 21:14:39.697 30889 31547 V FileManager: Created new directory: /storage/emulated/0/Movies/segment/20200312_194930
07-05 21:14:39.697 30889 31547 V FfmpegTools: Splitting /storage/emulated/0/Movies/raw/20200312_194930.mp4 with 16s long segments
07-05 21:14:39.698 30889 31547 I FfmpegTools: Running ffmpeg with:
07-05 21:14:39.698 30889 31547 I FfmpegTools:   -y -i /storage/emulated/0/Movies/raw/20200312_194930.mp4 -map 0 -c copy -f segment -reset_timestamps 1 -segment_time 16 /storage/emulated/0/Movies/segment/20200312_194930/20200312_194930!%03d.mp4
07-05 21:14:39.707 30889 31566 W mobile-ffmpeg: [mov,mp4,m4a,3gp,3g2,mj2 @ 0x78e66f7800] Found duplicated MOOV Atom. Skipped it
07-05 21:14:39.762 30889 31566 I mobile-ffmpeg: Input #0, mov,mp4,m4a,3gp,3g2,mj2, from '/storage/emulated/0/Movies/raw/20200312_194930.mp4':
07-05 21:14:39.762 30889 31566 I mobile-ffmpeg:   Metadata:
07-05 21:14:39.762 30889 31566 I mobile-ffmpeg:     creation_time   : 
07-05 21:14:39.762 30889 31566 I mobile-ffmpeg: 2020-03-12T08:50:30.000000Z
07-05 21:14:39.762 30889 31566 I mobile-ffmpeg: 
07-05 21:14:39.762 30889 31566 I mobile-ffmpeg:     major_brand     : 
07-05 21:14:39.762 30889 31566 I mobile-ffmpeg: mp42
07-05 21:14:39.762 30889 31566 I mobile-ffmpeg: 
07-05 21:14:39.762 30889 31566 I mobile-ffmpeg:     minor_version   : 
07-05 21:14:39.762 30889 31566 I mobile-ffmpeg: 1
07-05 21:14:39.762 30889 31566 I mobile-ffmpeg: 
07-05 21:14:39.762 30889 31566 I mobile-ffmpeg:     compatible_brands: 
07-05 21:14:39.762 30889 31566 I mobile-ffmpeg: mp42mp42
07-05 21:14:39.762 30889 31566 I mobile-ffmpeg: 
07-05 21:14:39.762 30889 31566 I mobile-ffmpeg:   Duration: 
07-05 21:14:39.762 30889 31566 I mobile-ffmpeg: 00:01:00.02
07-05 21:14:39.762 30889 31566 I mobile-ffmpeg: , start: 
07-05 21:14:39.762 30889 31566 I mobile-ffmpeg: 0.000000
07-05 21:14:39.762 30889 31566 I mobile-ffmpeg: , bitrate: 
07-05 21:14:39.762 30889 31566 I mobile-ffmpeg: 9328 kb/s
07-05 21:14:39.762 30889 31566 I mobile-ffmpeg: 
07-05 21:14:39.762 30889 31566 I mobile-ffmpeg:     Stream #0:0
07-05 21:14:39.762 30889 31566 I mobile-ffmpeg: (eng)
07-05 21:14:39.762 30889 31566 I mobile-ffmpeg: : Video: h264 (avc1 / 0x31637661), yuvj420p(pc, bt709), 1280x720, 8383 kb/s
07-05 21:14:39.762 30889 31566 I mobile-ffmpeg: , 
07-05 21:14:39.762 30889 31566 I mobile-ffmpeg: 29.97 fps, 
07-05 21:14:39.762 30889 31566 I mobile-ffmpeg: 29.97 tbr, 
07-05 21:14:39.762 30889 31566 I mobile-ffmpeg: 1k tbn, 
07-05 21:14:39.762 30889 31566 I mobile-ffmpeg: 2k tbc
07-05 21:14:39.762 30889 31566 I mobile-ffmpeg:  (default)
07-05 21:14:39.762 30889 31566 I mobile-ffmpeg: 
07-05 21:14:39.762 30889 31566 I mobile-ffmpeg:     Metadata:
07-05 21:14:39.762 30889 31566 I mobile-ffmpeg:       creation_time   : 
07-05 21:14:39.762 30889 31566 I mobile-ffmpeg: 2020-03-12T08:50:30.000000Z
07-05 21:14:39.763 30889 31566 I mobile-ffmpeg: 
07-05 21:14:39.763 30889 31566 I mobile-ffmpeg:       handler_name    : 
07-05 21:14:39.763 30889 31566 I mobile-ffmpeg: PittaSoft Video Media Handler
07-05 21:14:39.763 30889 31566 I mobile-ffmpeg: 
07-05 21:14:39.763 30889 31566 I mobile-ffmpeg:     Stream #0:1
07-05 21:14:39.763 30889 31566 I mobile-ffmpeg: (eng)
07-05 21:14:39.763 30889 31566 I mobile-ffmpeg: : Audio: aac (mp4a / 0x6134706D), 16000 Hz, stereo, fltp, 47 kb/s
07-05 21:14:39.763 30889 31566 I mobile-ffmpeg:  (default)
07-05 21:14:39.763 30889 31566 I mobile-ffmpeg: 
07-05 21:14:39.763 30889 31566 I mobile-ffmpeg:     Metadata:
07-05 21:14:39.763 30889 31566 I mobile-ffmpeg:       creation_time   : 
07-05 21:14:39.763 30889 31566 I mobile-ffmpeg: 2020-03-12T08:50:30.000000Z
07-05 21:14:39.763 30889 31566 I mobile-ffmpeg: 
07-05 21:14:39.763 30889 31566 I mobile-ffmpeg:       handler_name    : 
07-05 21:14:39.763 30889 31566 I mobile-ffmpeg: PittaSoft Sound Media Handler
07-05 21:14:39.763 30889 31566 I mobile-ffmpeg: 
07-05 21:14:39.763 30889 31566 I mobile-ffmpeg: [segment @ 0x78e66f8a00] Opening '/storage/emulated/0/Movies/segment/20200312_194930/20200312_194930!000.mp4' for writing
07-05 21:14:39.764 30889 31566 I mobile-ffmpeg: Output #0, segment, to '/storage/emulated/0/Movies/segment/20200312_194930/20200312_194930!%03d.mp4':
07-05 21:14:39.764 30889 31566 I mobile-ffmpeg:   Metadata:
07-05 21:14:39.764 30889 31566 I mobile-ffmpeg:     compatible_brands: 
07-05 21:14:39.764 30889 31566 I mobile-ffmpeg: mp42mp42
07-05 21:14:39.764 30889 31566 I mobile-ffmpeg: 
07-05 21:14:39.764 30889 31566 I mobile-ffmpeg:     major_brand     : 
07-05 21:14:39.764 30889 31566 I mobile-ffmpeg: mp42
07-05 21:14:39.764 30889 31566 I mobile-ffmpeg: 
07-05 21:14:39.764 30889 31566 I mobile-ffmpeg:     minor_version   : 
07-05 21:14:39.764 30889 31566 I mobile-ffmpeg: 1
07-05 21:14:39.764 30889 31566 I mobile-ffmpeg: 
07-05 21:14:39.764 30889 31566 I mobile-ffmpeg:     encoder         : 
07-05 21:14:39.764 30889 31566 I mobile-ffmpeg: Lavf58.42.100
07-05 21:14:39.764 30889 31566 I mobile-ffmpeg: 
07-05 21:14:39.764 30889 31566 I mobile-ffmpeg:     Stream #0:0
07-05 21:14:39.764 30889 31566 I mobile-ffmpeg: (eng)
07-05 21:14:39.764 30889 31566 I mobile-ffmpeg: : Video: h264 (avc1 / 0x31637661), yuvj420p(pc, bt709), 1280x720, q=2-31, 8383 kb/s
07-05 21:14:39.764 30889 31566 I mobile-ffmpeg: , 
07-05 21:14:39.764 30889 31566 I mobile-ffmpeg: 29.97 fps, 
07-05 21:14:39.764 30889 31566 I mobile-ffmpeg: 29.97 tbr, 
07-05 21:14:39.764 30889 31566 I mobile-ffmpeg: 16k tbn, 
07-05 21:14:39.764 30889 31566 I mobile-ffmpeg: 1k tbc
07-05 21:14:39.765 30889 31566 I mobile-ffmpeg:  (default)
07-05 21:14:39.765 30889 31566 I mobile-ffmpeg: 
07-05 21:14:39.765 30889 31566 I mobile-ffmpeg:     Metadata:
07-05 21:14:39.765 30889 31566 I mobile-ffmpeg:       creation_time   : 
07-05 21:14:39.765 30889 31566 I mobile-ffmpeg: 2020-03-12T08:50:30.000000Z
07-05 21:14:39.765 30889 31566 I mobile-ffmpeg: 
07-05 21:14:39.765 30889 31566 I mobile-ffmpeg:       handler_name    : 
07-05 21:14:39.765 30889 31566 I mobile-ffmpeg: PittaSoft Video Media Handler
07-05 21:14:39.765 30889 31566 I mobile-ffmpeg: 
07-05 21:14:39.765 30889 31566 I mobile-ffmpeg:     Stream #0:1
07-05 21:14:39.765 30889 31566 I mobile-ffmpeg: (eng)
07-05 21:14:39.765 30889 31566 I mobile-ffmpeg: : Audio: aac (mp4a / 0x6134706D), 16000 Hz, stereo, fltp, 47 kb/s
07-05 21:14:39.765 30889 31566 I mobile-ffmpeg:  (default)
07-05 21:14:39.765 30889 31566 I mobile-ffmpeg: 
07-05 21:14:39.765 30889 31566 I mobile-ffmpeg:     Metadata:
07-05 21:14:39.765 30889 31566 I mobile-ffmpeg:       creation_time   : 
07-05 21:14:39.765 30889 31566 I mobile-ffmpeg: 2020-03-12T08:50:30.000000Z
07-05 21:14:39.765 30889 31566 I mobile-ffmpeg: 
07-05 21:14:39.765 30889 31566 I mobile-ffmpeg:       handler_name    : 
07-05 21:14:39.765 30889 31566 I mobile-ffmpeg: PittaSoft Sound Media Handler
07-05 21:14:39.765 30889 31566 I mobile-ffmpeg: 
07-05 21:14:39.765 30889 31566 I mobile-ffmpeg: Stream mapping:
07-05 21:14:39.765 30889 31566 I mobile-ffmpeg:   Stream #0:0 -> #0:0
07-05 21:14:39.765 30889 31566 I mobile-ffmpeg:  (copy)
07-05 21:14:39.765 30889 31566 I mobile-ffmpeg: 
07-05 21:14:39.765 30889 31566 I mobile-ffmpeg:   Stream #0:1 -> #0:1
07-05 21:14:39.765 30889 31566 I mobile-ffmpeg:  (copy)
07-05 21:14:39.765 30889 31566 I mobile-ffmpeg: 
07-05 21:14:39.765 30889 31566 I mobile-ffmpeg: Press [q] to stop, [?] for help
07-05 21:14:39.765 30889 31566 I mobile-ffmpeg: frame=    1 fps=0.0 q=-1.0 size=N/A time=00:00:00.00 bitrate=N/A speed=  63x    
07-05 21:14:39.844 30889 31566 I mobile-ffmpeg: [segment @ 0x78e66f8a00] Opening '/storage/emulated/0/Movies/segment/20200312_194930/20200312_194930!001.mp4' for writing
07-05 21:14:39.901 30889 31566 I mobile-ffmpeg: [segment @ 0x78e66f8a00] Opening '/storage/emulated/0/Movies/segment/20200312_194930/20200312_194930!002.mp4' for writing
07-05 21:14:39.961 30889 31566 I mobile-ffmpeg: [segment @ 0x78e66f8a00] Opening '/storage/emulated/0/Movies/segment/20200312_194930/20200312_194930!003.mp4' for writing
07-05 21:14:40.006 30889 31566 I mobile-ffmpeg: frame= 1800 fps=0.0 q=-1.0 Lsize=N/A time=00:01:00.02 bitrate=N/A speed= 249x    
07-05 21:14:40.006 30889 31566 I mobile-ffmpeg: video:61424kB audio:345kB subtitle:0kB other streams:0kB global headers:0kB muxing overhead: 
07-05 21:14:40.006 30889 31566 I mobile-ffmpeg: unknown
07-05 21:14:40.006 30889 31566 I mobile-ffmpeg: 
07-05 21:14:40.010 30889 31547 V FileManager: External storage is readable
07-05 21:14:40.010 30889 31547 V FileManager: Directory already exists: /storage/emulated/0/Movies/segment/20200312_194930
07-05 21:14:40.010 30889 31547 V VideoManager: Retrieving videos from /storage/emulated/0/Movies/segment/20200312_194930
07-05 21:14:40.011 30889 31547 V VideoManager: Retrieving video from /storage/emulated/0/Movies/segment/20200312_194930/20200312_194930!000.mp4
07-05 21:14:40.021 30889 31547 D VideoManager: videoCursor is null
07-05 21:14:40.062 30889 31547 V VideoManager: videoFromCursor
07-05 21:14:40.064 30889 31547 V VideoManager: Retrieving video from /storage/emulated/0/Movies/segment/20200312_194930/20200312_194930!001.mp4
07-05 21:14:40.075 30889 31547 D VideoManager: videoCursor is null
07-05 21:14:41.938 30889 31547 V VideoManager: videoFromCursor
07-05 21:14:41.942 30889 31547 V VideoManager: Retrieving video from /storage/emulated/0/Movies/segment/20200312_194930/20200312_194930!002.mp4
07-05 21:14:41.951 30889 31547 D VideoManager: videoCursor is null
07-05 21:14:41.979 30889 31547 V VideoManager: videoFromCursor
07-05 21:14:41.983 30889 31547 V VideoManager: Retrieving video from /storage/emulated/0/Movies/segment/20200312_194930/20200312_194930!003.mp4
07-05 21:14:41.990 30889 31547 D VideoManager: videoCursor is null
07-05 21:14:42.017 30889 31547 V VideoManager: videoFromCursor
07-05 21:14:42.021 30889 31547 V NearbyFragment: nextTransfer with selected algorithm: best
07-05 21:14:42.023 30889 31547 W NearbyFragment: Sending 20200312_194930!000.mp4 to Nexus 5X [34d8]
07-05 21:14:42.036 30889 30889 V NearbyFragment: Transfer to Endpoint{id=Qd2N, name=Nexus 5X [34d8]} complete
07-05 21:14:42.458 30889 30889 D NearbyFragment: onPayloadReceived(endpointId=w2Lc, payload=com.google.android.gms.nearby.connection.Payload@8ec3b15)
07-05 21:14:42.459 30889 30889 V NearbyFragment: Started downloading 20200312_194830!000.mp4 from Endpoint{id=w2Lc, name=Nexus 5 [1825]}
07-05 21:14:42.460 30889 30889 V NearbyFragment: nextTransfer with selected algorithm: best
07-05 21:14:42.462 30889 30889 W NearbyFragment: Sending 20200312_194930!001.mp4 to Nexus 5 [1825]
07-05 21:14:42.468 30889 30889 V NearbyFragment: Transfer to Endpoint{id=w2Lc, name=Nexus 5 [1825]} complete
07-05 21:14:42.478 30889 30889 V NearbyFragment: Transfer to Endpoint{id=w2Lc, name=Nexus 5 [1825]} complete
07-05 21:14:42.486 30889 30889 D NearbyFragment: onPayloadReceived(endpointId=w2Lc, payload=com.google.android.gms.nearby.connection.Payload@aae59b8)
07-05 21:14:42.683 30889 30889 V NearbyFragment: Transfer to Endpoint{id=w2Lc, name=Nexus 5 [1825]} complete
07-05 21:14:42.684 30889 30889 W NearbyFragment: Completed downloading 20200312_194830!000.mp4 from Endpoint{id=w2Lc, name=Nexus 5 [1825]} in 00.225s
07-05 21:14:42.690 30889 30889 V FileManager: External storage is readable
07-05 21:14:42.693 30889 30889 V FileManager: Created new directory: /storage/emulated/0/Movies/segment-sum/20200312_194830
07-05 21:14:42.725 30889 30889 V NearbyFragment: Received a segment of 20200312_194830
07-05 21:14:43.026 30889 31547 V DownloadTestVideosTask: Starting DownloadTestVideosTask
07-05 21:14:43.027 30889 31547 V DashDownloadManager: Started downloading: 20200312_195230.mp4
07-05 21:14:43.032 30889 31547 I System.out: (HTTPLog)-Static: isSBSettingEnabled false
07-05 21:14:43.032 30889 31547 I System.out: (HTTPLog)-Static: isSBSettingEnabled false
07-05 21:14:43.072 30889 31547 I System.out: (HTTPLog)-Thread-2174-132281233: getTransferStream : ContentLength=69990400, method=GET, HTTPVersion=http/1.1
07-05 21:14:46.738 30889 30889 V NearbyFragment: Transfer to Endpoint{id=Qd2N, name=Nexus 5X [34d8]} complete
07-05 21:14:47.699 30889 30889 D NearbyFragment: onPayloadReceived(endpointId=Qd2N, payload=com.google.android.gms.nearby.connection.Payload@dc792f6)
07-05 21:14:47.701 30889 30889 D NearbyFragment: Endpoint{id=Qd2N, name=Nexus 5X [34d8]} has finished downloading 20200312_194930!000.mp4
07-05 21:14:47.705 30889 30889 V NearbyFragment: nextTransfer with selected algorithm: best
07-05 21:14:47.712 30889 30889 W NearbyFragment: Sending 20200312_194930!002.mp4 to Nexus 5X [34d8]
07-05 21:14:47.734 30889 30889 V NearbyFragment: Transfer to Endpoint{id=Qd2N, name=Nexus 5X [34d8]} complete
07-05 21:14:47.783 30889 30889 V NearbyFragment: Transfer to Endpoint{id=Qd2N, name=Nexus 5X [34d8]} complete
07-05 21:14:52.917 30889 30889 V NearbyFragment: Transfer to Endpoint{id=w2Lc, name=Nexus 5 [1825]} complete
07-05 21:14:53.353 30889 30889 D NearbyFragment: onPayloadReceived(endpointId=w2Lc, payload=com.google.android.gms.nearby.connection.Payload@729b7cd)
07-05 21:14:53.354 30889 30889 D NearbyFragment: Endpoint{id=w2Lc, name=Nexus 5 [1825]} has finished downloading 20200312_194930!001.mp4
07-05 21:14:53.355 30889 30889 V NearbyFragment: nextTransfer with selected algorithm: best
07-05 21:14:53.356 30889 30889 W NearbyFragment: Sending 20200312_194930!003.mp4 to Nexus 5X [34d8]
07-05 21:14:53.413 30889 30889 V NearbyFragment: Transfer to Endpoint{id=w2Lc, name=Nexus 5 [1825]} complete
07-05 21:14:53.526 30889 30889 V NearbyFragment: Transfer to Endpoint{id=Qd2N, name=Nexus 5X [34d8]} complete
07-05 21:14:56.640 30889 30889 V NearbyFragment: Transfer to Endpoint{id=Qd2N, name=Nexus 5X [34d8]} complete
07-05 21:14:57.600 30889 30889 D NearbyFragment: onPayloadReceived(endpointId=Qd2N, payload=com.google.android.gms.nearby.connection.Payload@996a7d0)
07-05 21:14:57.601 30889 30889 D NearbyFragment: Endpoint{id=Qd2N, name=Nexus 5X [34d8]} has finished downloading 20200312_194930!002.mp4
07-05 21:14:57.601 30889 30889 I NearbyFragment: Transfer queue is empty
07-05 21:14:57.730 30889 30889 V NearbyFragment: Transfer to Endpoint{id=Qd2N, name=Nexus 5X [34d8]} complete
07-05 21:14:59.809 30889 30889 V NearbyFragment: Transfer to Endpoint{id=Qd2N, name=Nexus 5X [34d8]} complete
07-05 21:15:00.424 30889 30889 D NearbyFragment: onPayloadReceived(endpointId=Qd2N, payload=com.google.android.gms.nearby.connection.Payload@72703c9)
07-05 21:15:00.424 30889 30889 D NearbyFragment: Endpoint{id=Qd2N, name=Nexus 5X [34d8]} has finished downloading 20200312_194930!003.mp4
07-05 21:15:00.425 30889 30889 I NearbyFragment: Transfer queue is empty
07-05 21:15:00.579 30889 30889 V NearbyFragment: Transfer to Endpoint{id=Qd2N, name=Nexus 5X [34d8]} complete
07-05 21:15:08.276 30889 31547 V VideoManager: Retrieving video from /storage/emulated/0/Movies/raw/20200312_195230.mp4
07-05 21:15:08.298 30889 31547 D VideoManager: videoCursor is null
07-05 21:15:08.380 30889 31547 V VideoManager: videoFromCursor
07-05 21:15:08.385 30889 31547 W DashDownloadManager: Successfully downloaded 20200312_195230.mp4 in 25.248s
07-05 21:15:08.385 30889 31547 V DownloadTestVideosTask: Entering callback for download completion of 20200312_195230.mp4
07-05 21:15:08.386 30889 31547 V RawFootageEventHandler: onAdd
07-05 21:15:08.388 30889 31547 V FfmpegTools: Retrieving duration of /storage/emulated/0/Movies/raw/20200312_195230.mp4
07-05 21:15:08.398 30889 31566 W mobile-ffmpeg: [mov,mp4,m4a,3gp,3g2,mj2 @ 0x78e66f7800] Found duplicated MOOV Atom. Skipped it
07-05 21:15:08.453 30889 31566 I mobile-ffmpeg: Input #0, mov,mp4,m4a,3gp,3g2,mj2, from '/storage/emulated/0/Movies/raw/20200312_195230.mp4':
07-05 21:15:08.453 30889 31566 I mobile-ffmpeg:   Metadata:
07-05 21:15:08.453 30889 31566 I mobile-ffmpeg:     creation_time   : 
07-05 21:15:08.453 30889 31566 I mobile-ffmpeg: 2020-03-12T08:53:30.000000Z
07-05 21:15:08.453 30889 31566 I mobile-ffmpeg: 
07-05 21:15:08.453 30889 31566 I mobile-ffmpeg:     major_brand     : 
07-05 21:15:08.453 30889 31566 I mobile-ffmpeg: mp42
07-05 21:15:08.453 30889 31566 I mobile-ffmpeg: 
07-05 21:15:08.453 30889 31566 I mobile-ffmpeg:     minor_version   : 
07-05 21:15:08.453 30889 31566 I mobile-ffmpeg: 1
07-05 21:15:08.453 30889 31566 I mobile-ffmpeg: 
07-05 21:15:08.453 30889 31566 I mobile-ffmpeg:     compatible_brands: 
07-05 21:15:08.453 30889 31566 I mobile-ffmpeg: mp42mp42
07-05 21:15:08.453 30889 31566 I mobile-ffmpeg: 
07-05 21:15:08.453 30889 31566 I mobile-ffmpeg:   Duration: 
07-05 21:15:08.453 30889 31566 I mobile-ffmpeg: 00:01:00.02
07-05 21:15:08.453 30889 31566 I mobile-ffmpeg: , start: 
07-05 21:15:08.453 30889 31566 I mobile-ffmpeg: 0.000000
07-05 21:15:08.453 30889 31566 I mobile-ffmpeg: , bitrate: 
07-05 21:15:08.453 30889 31566 I mobile-ffmpeg: 9328 kb/s
07-05 21:15:08.453 30889 31566 I mobile-ffmpeg: 
07-05 21:15:08.453 30889 31566 I mobile-ffmpeg:     Stream #0:0
07-05 21:15:08.453 30889 31566 I mobile-ffmpeg: (eng)
07-05 21:15:08.453 30889 31566 I mobile-ffmpeg: : Video: h264 (avc1 / 0x31637661), yuvj420p(pc, bt709), 1280x720, 8390 kb/s
07-05 21:15:08.453 30889 31566 I mobile-ffmpeg: , 
07-05 21:15:08.453 30889 31566 I mobile-ffmpeg: 29.97 fps, 
07-05 21:15:08.453 30889 31566 I mobile-ffmpeg: 29.97 tbr, 
07-05 21:15:08.453 30889 31566 I mobile-ffmpeg: 1k tbn, 
07-05 21:15:08.454 30889 31566 I mobile-ffmpeg: 2k tbc
07-05 21:15:08.454 30889 31566 I mobile-ffmpeg:  (default)
07-05 21:15:08.454 30889 31566 I mobile-ffmpeg: 
07-05 21:15:08.454 30889 31566 I mobile-ffmpeg:     Metadata:
07-05 21:15:08.454 30889 31566 I mobile-ffmpeg:       creation_time   : 
07-05 21:15:08.454 30889 31566 I mobile-ffmpeg: 2020-03-12T08:53:30.000000Z
07-05 21:15:08.454 30889 31566 I mobile-ffmpeg: 
07-05 21:15:08.454 30889 31566 I mobile-ffmpeg:       handler_name    : 
07-05 21:15:08.454 30889 31566 I mobile-ffmpeg: PittaSoft Video Media Handler
07-05 21:15:08.454 30889 31566 I mobile-ffmpeg: 
07-05 21:15:08.454 30889 31566 I mobile-ffmpeg:     Stream #0:1
07-05 21:15:08.454 30889 31566 I mobile-ffmpeg: (eng)
07-05 21:15:08.454 30889 31566 I mobile-ffmpeg: : Audio: aac (mp4a / 0x6134706D), 16000 Hz, stereo, fltp, 47 kb/s
07-05 21:15:08.454 30889 31566 I mobile-ffmpeg:  (default)
07-05 21:15:08.454 30889 31566 I mobile-ffmpeg: 
07-05 21:15:08.454 30889 31566 I mobile-ffmpeg:     Metadata:
07-05 21:15:08.454 30889 31566 I mobile-ffmpeg:       creation_time   : 
07-05 21:15:08.454 30889 31566 I mobile-ffmpeg: 2020-03-12T08:53:30.000000Z
07-05 21:15:08.454 30889 31566 I mobile-ffmpeg: 
07-05 21:15:08.454 30889 31566 I mobile-ffmpeg:       handler_name    : 
07-05 21:15:08.454 30889 31566 I mobile-ffmpeg: PittaSoft Sound Media Handler
07-05 21:15:08.454 30889 31566 I mobile-ffmpeg: 
07-05 21:15:08.468 30889 31547 V FileManager: External storage is readable
07-05 21:15:08.470 30889 31547 V FileManager: Created new directory: /storage/emulated/0/Movies/segment/20200312_195230
07-05 21:15:08.470 30889 31547 V FfmpegTools: Splitting /storage/emulated/0/Movies/raw/20200312_195230.mp4 with 16s long segments
07-05 21:15:08.470 30889 31547 I FfmpegTools: Running ffmpeg with:
