07-05 20:14:06.718  9818  9818 V VideoManager: Retrieving video from /storage/emulated/0/Download/Nearby/20200312_194330.mp4
07-05 20:14:06.754  9818  9818 V VideoManager: videoFromCursor
07-05 20:14:06.758  9818  9818 V ProcessingVideosEventHandler: onAdd
07-05 20:14:06.758  9818  9818 V RawFootageEventHandler: onRemove
07-05 20:14:06.764  9818  9818 V NearbyFragment: Transfer to Endpoint{id=njPJ, name=Galaxy S8 [2802]} complete
07-05 20:14:10.261  9818 10834 V FfmpegTools: Retrieving duration of /storage/emulated/0/Download/Nearby/20200312_194229.mp4
07-05 20:14:10.272  9818 10083 W mobile-ffmpeg: [mov,mp4,m4a,3gp,3g2,mj2 @ 0x8e0bf400] Found duplicated MOOV Atom. Skipped it
07-05 20:14:10.431  9818 10834 W Summariser: 5 active sections found
07-05 20:14:10.433  9818 10834 I FfmpegTools: Running ffmpeg with:
07-05 20:14:10.433  9818 10834 I FfmpegTools:   -y -i /storage/emulated/0/Download/Nearby/20200312_194229.mp4 -filter_complex [0:v]trim=10.509000:19.517000,setpts=PTS-STARTPTS[v0];[0:a]atrim=10.509000:19.517000,asetpts=PTS-STARTPTS[a0];[0:v]trim=24.088000:29.259000,setpts=PTS-STARTPTS[v1];[0:a]atrim=24.088000:29.259000,asetpts=PTS-STARTPTS[a1];[0:v]trim=39.935000:40.269000,setpts=PTS-STARTPTS[v2];[0:a]atrim=39.935000:40.269000,asetpts=PTS-STARTPTS[a2];[0:v]trim=54.314000:54.615000,setpts=PTS-STARTPTS[v3];[0:a]atrim=54.314000:54.615000,asetpts=PTS-STARTPTS[a3];[0:v]trim=59.386000:60.020000,setpts=PTS-STARTPTS[v4];[0:a]atrim=59.386000:60.020000,asetpts=PTS-STARTPTS[a4];[v0][a0][v1][a1][v2][a2][v3][a3][v4][a4]concat=n=5:v=1:a=1[outv][outa] -map [outv] -map [outa] -crf 23 -preset medium /storage/emulated/0/Movies/summarised/20200312_194229.mp4
07-05 20:14:10.453  9818 10083 W mobile-ffmpeg: [mov,mp4,m4a,3gp,3g2,mj2 @ 0x8c8fc600] Found duplicated MOOV Atom. Skipped it
07-05 20:14:10.641  9818 10083 W mobile-ffmpeg: [graph 0 input from stream 0:0 @ 0x8d1e7720] sws_param option is deprecated and ignored
07-05 20:14:10.642  9818 10083 W mobile-ffmpeg: [graph 0 input from stream 0:0 @ 0x8d1e7840] sws_param option is deprecated and ignored
07-05 20:14:10.643  9818 10083 W mobile-ffmpeg: [graph 0 input from stream 0:0 @ 0x8d1e7600] sws_param option is deprecated and ignored
07-05 20:14:10.643  9818 10083 W mobile-ffmpeg: [graph 0 input from stream 0:0 @ 0x8e172140] sws_param option is deprecated and ignored
07-05 20:14:10.644  9818 10083 W mobile-ffmpeg: [graph 0 input from stream 0:0 @ 0x8d1e7ae0] sws_param option is deprecated and ignored
07-05 20:15:01.907  9818  9818 D NearbyFragment: onPayloadReceived(endpointId=njPJ, payload=com.google.android.gms.nearby.connection.Payload@4e98d57)
07-05 20:15:01.908  9818  9818 V NearbyFragment: Started downloading SUMMARISE:-6498423471872070566:20200312_194930.mp4:45.0_1.0_23_medium from Endpoint{id=njPJ, name=Galaxy S8 [2802]}
07-05 20:15:01.922  9818  9818 V NearbyFragment: Transfer to Endpoint{id=njPJ, name=Galaxy S8 [2802]} complete
07-05 20:15:31.912  9818 10834 V FfmpegTools: Retrieving duration of /storage/emulated/0/Download/Nearby/20200312_194229.mp4
07-05 20:15:31.922  9818 10083 W mobile-ffmpeg: [mov,mp4,m4a,3gp,3g2,mj2 @ 0x8c8fc600] Found duplicated MOOV Atom. Skipped it
07-05 20:15:32.062  9818 10834 V FfmpegTools: Retrieving duration of /storage/emulated/0/Movies/summarised/20200312_194229.mp4
07-05 20:15:32.149  9818 10834 W Summariser: Summarisation completed
07-05 20:15:32.149  9818 10834 W Summariser:   filename: 20200312_194229.mp4
07-05 20:15:32.149  9818 10834 W Summariser:   active sections: 5
07-05 20:15:32.149  9818 10834 W Summariser:   time: 116.706s
07-05 20:15:32.149  9818 10834 W Summariser:   original duration: 60.02
07-05 20:15:32.149  9818 10834 W Summariser:   summarised duration: 15.51
07-05 20:15:32.149  9818 10834 W Summariser:   noise tolerance: 45.00
07-05 20:15:32.149  9818 10834 W Summariser:   quality: 23
07-05 20:15:32.149  9818 10834 W Summariser:   speed: medium
07-05 20:15:32.149  9818 10834 W Summariser:   freeze duration: 1.00
07-05 20:15:32.150  9818 10834 V VideoManager: Retrieving video from /storage/emulated/0/Movies/summarised/20200312_194229.mp4
07-05 20:15:32.171  9818 10834 D VideoManager: videoCursor is null
07-05 20:15:32.298  9818 10834 V VideoManager: videoFromCursor
07-05 20:15:32.301  9818 10834 V SummarisedVideosEventHandler: onAdd
07-05 20:15:32.304  9818 10834 W NearbyFragment: Sending 20200312_194229.mp4 to Galaxy S8 [2802]
07-05 20:15:32.309  9818 10834 V ProcessingVideosEventHandler: onRemove
07-05 20:15:32.316  9818 10834 V SummariserIntentService: onHandleIntent
07-05 20:15:32.319  9818 10834 D SummariserIntentService: Video{id='1546', data='/storage/emulated/0/Download/Nearby/20200312_194330.mp4', name='20200312_194330.mp4', size=69990400, visible=true, mimeType='video/mp4'}
07-05 20:15:32.319  9818 10834 D SummariserIntentService: /storage/emulated/0/Movies/summarised/20200312_194330.mp4
07-05 20:15:32.325  9818 10834 I FfmpegTools: Running ffmpeg with:
07-05 20:15:32.325  9818 10834 I FfmpegTools:   -y -i /storage/emulated/0/Download/Nearby/20200312_194330.mp4 -vf freezedetect=n=-45.000000dB:d=1.000000,metadata=mode=print:file=/storage/emulated/0/Movies/raw/20200312_194330.txt -f null -
07-05 20:15:32.340  9818 10083 W mobile-ffmpeg: [mov,mp4,m4a,3gp,3g2,mj2 @ 0x8cd0ba00] Found duplicated MOOV Atom. Skipped it
07-05 20:15:32.361  9818  9818 V NearbyFragment: Transfer to Endpoint{id=njPJ, name=Galaxy S8 [2802]} complete
07-05 20:15:32.502  9818  9831 D SummariserIntentService: Scanned /storage/emulated/0/Movies/summarised
07-05 20:15:32.502  9818  9831 D SummariserIntentService:   -> uri=content://media/external/file/1527
07-05 20:15:32.506  9818 10083 W mobile-ffmpeg: [graph 0 input from stream 0:0 @ 0x8d1e7300] sws_param option is deprecated and ignored
07-05 20:15:33.320  9818  9818 V NearbyFragment: Transfer to Endpoint{id=njPJ, name=Galaxy S8 [2802]} complete
07-05 20:15:48.045  9818  9818 D NearbyFragment: onPayloadReceived(endpointId=njPJ, payload=com.google.android.gms.nearby.connection.Payload@4162729)
07-05 20:15:48.047  9818  9818 V NearbyFragment: Started downloading SUMMARISE:-8978964152007892934:20200312_195330.mp4:45.0_1.0_23_medium from Endpoint{id=njPJ, name=Galaxy S8 [2802]}
07-05 20:15:48.056  9818  9818 V NearbyFragment: Transfer to Endpoint{id=njPJ, name=Galaxy S8 [2802]} complete
07-05 20:16:11.057  9818 10834 W Summariser: No activity detected
07-05 20:16:11.059  9818 10834 V FfmpegTools: Retrieving duration of /storage/emulated/0/Download/Nearby/20200312_194330.mp4
07-05 20:16:11.069  9818 10083 W mobile-ffmpeg: [mov,mp4,m4a,3gp,3g2,mj2 @ 0x8bcf7200] Found duplicated MOOV Atom. Skipped it
07-05 20:16:11.156  9818 10834 W Summariser: Summarisation completed
07-05 20:16:11.156  9818 10834 W Summariser:   filename: 20200312_194330.mp4
07-05 20:16:11.156  9818 10834 W Summariser:   active sections: 0
07-05 20:16:11.156  9818 10834 W Summariser:   time: 38.736s
07-05 20:16:11.156  9818 10834 W Summariser:   original duration: 60.02
07-05 20:16:11.156  9818 10834 W Summariser:   summarised duration: -1.00
07-05 20:16:11.156  9818 10834 W Summariser:   noise tolerance: 45.00
07-05 20:16:11.156  9818 10834 W Summariser:   quality: 23
07-05 20:16:11.156  9818 10834 W Summariser:   speed: medium
07-05 20:16:11.156  9818 10834 W Summariser:   freeze duration: 1.00
07-05 20:16:11.158  9818 10834 V ProcessingVideosEventHandler: onRemove
07-05 20:16:11.193  9818  9818 V NearbyFragment: Transfer to Endpoint{id=njPJ, name=Galaxy S8 [2802]} complete
07-05 20:16:11.252  9818  9831 D SummariserIntentService: Scanned /storage/emulated/0/Movies/summarised
07-05 20:16:11.252  9818  9831 D SummariserIntentService:   -> uri=content://media/external/file/1527
07-05 20:16:13.804  9818  9818 D NearbyFragment: onPayloadReceived(endpointId=njPJ, payload=com.google.android.gms.nearby.connection.Payload@5be73ba)
07-05 20:16:28.832  9818  9818 V NearbyFragment: Transfer to Endpoint{id=njPJ, name=Galaxy S8 [2802]} complete
07-05 20:16:28.833  9818  9818 W NearbyFragment: Completed downloading 20200312_194930.mp4 from Endpoint{id=njPJ, name=Galaxy S8 [2802]} in 86.923s
07-05 20:16:28.835  9818  9818 D NearbyFragment: Summarising 20200312_194930.mp4
07-05 20:16:28.835  9818  9818 V VideoManager: Retrieving video from /storage/emulated/0/Download/Nearby/20200312_194930.mp4
07-05 20:16:28.853  9818  9818 V VideoManager: videoFromCursor
07-05 20:16:28.856  9818  9818 V ProcessingVideosEventHandler: onAdd
07-05 20:16:28.856  9818  9818 V RawFootageEventHandler: onRemove
07-05 20:16:28.863  9818  9818 V NearbyFragment: Transfer to Endpoint{id=njPJ, name=Galaxy S8 [2802]} complete
07-05 20:16:28.870  9818 11085 V SummariserIntentService: onHandleIntent
07-05 20:16:28.873  9818 11085 D SummariserIntentService: Video{id='1550', data='/storage/emulated/0/Download/Nearby/20200312_194930.mp4', name='20200312_194930.mp4', size=69990400, visible=true, mimeType='video/mp4'}
07-05 20:16:28.873  9818 11085 D SummariserIntentService: /storage/emulated/0/Movies/summarised/20200312_194930.mp4
07-05 20:16:28.876  9818 11085 I FfmpegTools: Running ffmpeg with:
07-05 20:16:28.876  9818 11085 I FfmpegTools:   -y -i /storage/emulated/0/Download/Nearby/20200312_194930.mp4 -vf freezedetect=n=-45.000000dB:d=1.000000,metadata=mode=print:file=/storage/emulated/0/Movies/raw/20200312_194930.txt -f null -
07-05 20:16:28.893  9818 10083 W mobile-ffmpeg: [mov,mp4,m4a,3gp,3g2,mj2 @ 0x93861600] Found duplicated MOOV Atom. Skipped it
07-05 20:16:29.140  9818 10083 W mobile-ffmpeg: [graph 0 input from stream 0:0 @ 0x8d1e9760] sws_param option is deprecated and ignored
07-05 20:16:55.942  9818  9818 D NearbyFragment: onPayloadReceived(endpointId=njPJ, payload=com.google.android.gms.nearby.connection.Payload@2927a47)
07-05 20:17:10.431  9818 11085 V FfmpegTools: Retrieving duration of /storage/emulated/0/Download/Nearby/20200312_194930.mp4
07-05 20:17:10.443  9818 10083 W mobile-ffmpeg: [mov,mp4,m4a,3gp,3g2,mj2 @ 0x8d5f4e00] Found duplicated MOOV Atom. Skipped it
07-05 20:17:10.597  9818 11085 W Summariser: 2 active sections found
07-05 20:17:10.598  9818 11085 I FfmpegTools: Running ffmpeg with:
07-05 20:17:10.598  9818 11085 I FfmpegTools:   -y -i /storage/emulated/0/Download/Nearby/20200312_194930.mp4 -filter_complex [0:v]trim=6.773000:18.017000,setpts=PTS-STARTPTS[v0];[0:a]atrim=6.773000:18.017000,asetpts=PTS-STARTPTS[a0];[0:v]trim=49.078000:60.020000,setpts=PTS-STARTPTS[v1];[0:a]atrim=49.078000:60.020000,asetpts=PTS-STARTPTS[a1];[v0][a0][v1][a1]concat=n=2:v=1:a=1[outv][outa] -map [outv] -map [outa] -crf 23 -preset medium /storage/emulated/0/Movies/summarised/20200312_194930.mp4
07-05 20:17:10.620  9818 10083 W mobile-ffmpeg: [mov,mp4,m4a,3gp,3g2,mj2 @ 0x8d5f4200] Found duplicated MOOV Atom. Skipped it
07-05 20:17:10.818  9818 10083 W mobile-ffmpeg: [graph 0 input from stream 0:0 @ 0xa39a78e0] sws_param option is deprecated and ignored
07-05 20:17:10.818  9818 10083 W mobile-ffmpeg: [graph 0 input from stream 0:0 @ 0xa39a7be0] sws_param option is deprecated and ignored
07-05 20:17:19.068  9818  9818 V NearbyFragment: Transfer to Endpoint{id=njPJ, name=Galaxy S8 [2802]} complete
07-05 20:17:19.070  9818  9818 W NearbyFragment: Completed downloading 20200312_195330.mp4 from Endpoint{id=njPJ, name=Galaxy S8 [2802]} in 91.022s
07-05 20:17:19.072  9818  9818 D NearbyFragment: Summarising 20200312_195330.mp4
07-05 20:17:19.072  9818  9818 V VideoManager: Retrieving video from /storage/emulated/0/Download/Nearby/20200312_195330.mp4
07-05 20:17:19.100  9818  9818 V VideoManager: videoFromCursor
07-05 20:17:19.112  9818  9818 V ProcessingVideosEventHandler: onAdd
07-05 20:17:19.113  9818  9818 V RawFootageEventHandler: onRemove
07-05 20:17:19.118  9818  9818 V NearbyFragment: Transfer to Endpoint{id=njPJ, name=Galaxy S8 [2802]} complete
07-05 20:18:58.302  9818 11085 V FfmpegTools: Retrieving duration of /storage/emulated/0/Download/Nearby/20200312_194930.mp4
07-05 20:18:58.313  9818 10083 W mobile-ffmpeg: [mov,mp4,m4a,3gp,3g2,mj2 @ 0x8d5f4200] Found duplicated MOOV Atom. Skipped it
07-05 20:18:58.443  9818 11085 V FfmpegTools: Retrieving duration of /storage/emulated/0/Movies/summarised/20200312_194930.mp4
07-05 20:18:58.522  9818  9823 I zygote  : Do full code cache collection, code=253KB, data=193KB
07-05 20:18:58.532  9818  9823 I zygote  : After code cache collection, code=173KB, data=119KB
07-05 20:18:58.540  9818 11085 W Summariser: Summarisation completed
07-05 20:18:58.540  9818 11085 W Summariser:   filename: 20200312_194930.mp4
07-05 20:18:58.540  9818 11085 W Summariser:   active sections: 2
07-05 20:18:58.540  9818 11085 W Summariser:   time: 149.428s
07-05 20:18:58.540  9818 11085 W Summariser:   original duration: 60.02
07-05 20:18:58.540  9818 11085 W Summariser:   summarised duration: 22.25
07-05 20:18:58.540  9818 11085 W Summariser:   noise tolerance: 45.00
07-05 20:18:58.540  9818 11085 W Summariser:   quality: 23
07-05 20:18:58.540  9818 11085 W Summariser:   speed: medium
07-05 20:18:58.540  9818 11085 W Summariser:   freeze duration: 1.00
07-05 20:18:58.541  9818 11085 V VideoManager: Retrieving video from /storage/emulated/0/Movies/summarised/20200312_194930.mp4
07-05 20:18:58.562  9818 11085 D VideoManager: videoCursor is null
07-05 20:18:58.622  9818 11085 V VideoManager: videoFromCursor
07-05 20:18:58.625  9818 11085 V SummarisedVideosEventHandler: onAdd
07-05 20:18:58.630  9818 11085 W NearbyFragment: Sending 20200312_194930.mp4 to Galaxy S8 [2802]
07-05 20:18:58.636  9818 11085 V ProcessingVideosEventHandler: onRemove
07-05 20:18:58.649  9818 11085 V SummariserIntentService: onHandleIntent
07-05 20:18:58.661  9818 11085 D SummariserIntentService: Video{id='1552', data='/storage/emulated/0/Download/Nearby/20200312_195330.mp4', name='20200312_195330.mp4', size=69990400, visible=true, mimeType='video/mp4'}
07-05 20:18:58.661  9818 11085 D SummariserIntentService: /storage/emulated/0/Movies/summarised/20200312_195330.mp4
07-05 20:18:58.663  9818  9818 V NearbyFragment: Transfer to Endpoint{id=njPJ, name=Galaxy S8 [2802]} complete
07-05 20:18:58.670  9818 11085 I FfmpegTools: Running ffmpeg with:
07-05 20:18:58.670  9818 11085 I FfmpegTools:   -y -i /storage/emulated/0/Download/Nearby/20200312_195330.mp4 -vf freezedetect=n=-45.000000dB:d=1.000000,metadata=mode=print:file=/storage/emulated/0/Movies/raw/20200312_195330.txt -f null -
07-05 20:18:58.682  9818 10083 W mobile-ffmpeg: [mov,mp4,m4a,3gp,3g2,mj2 @ 0x8cee4400] Found duplicated MOOV Atom. Skipped it
07-05 20:18:58.860  9818 10083 W mobile-ffmpeg: [graph 0 input from stream 0:0 @ 0xa39a7be0] sws_param option is deprecated and ignored
07-05 20:18:58.903  9818  9831 D SummariserIntentService: Scanned /storage/emulated/0/Movies/summarised
07-05 20:18:58.903  9818  9831 D SummariserIntentService:   -> uri=content://media/external/file/1527
07-05 20:18:59.944  9818  9818 V NearbyFragment: Transfer to Endpoint{id=njPJ, name=Galaxy S8 [2802]} complete
07-05 20:19:37.429  9818 11085 W Summariser: 5 active sections found
07-05 20:19:37.430  9818 11085 I FfmpegTools: Running ffmpeg with:
07-05 20:19:37.430  9818 11085 I FfmpegTools:   -y -i /storage/emulated/0/Download/Nearby/20200312_195330.mp4 -filter_complex [0:v]trim=15.014000:23.055000,setpts=PTS-STARTPTS[v0];[0:a]atrim=15.014000:23.055000,asetpts=PTS-STARTPTS[a0];[0:v]trim=24.756000:28.560000,setpts=PTS-STARTPTS[v1];[0:a]atrim=24.756000:28.560000,asetpts=PTS-STARTPTS[a1];[0:v]trim=35.766000:39.970000,setpts=PTS-STARTPTS[v2];[0:a]atrim=35.766000:39.970000,asetpts=PTS-STARTPTS[a2];[0:v]trim=43.306000:47.176000,setpts=PTS-STARTPTS[v3];[0:a]atrim=43.306000:47.176000,asetpts=PTS-STARTPTS[a3];[0:v]trim=52.381000:55.817000,setpts=PTS-STARTPTS[v4];[0:a]atrim=52.381000:55.817000,asetpts=PTS-STARTPTS[a4];[v0][a0][v1][a1][v2][a2][v3][a3][v4][a4]concat=n=5:v=1:a=1[outv][outa] -map [outv] -map [outa] -crf 23 -preset medium /storage/emulated/0/Movies/summarised/20200312_195330.mp4
07-05 20:19:37.455  9818 10083 W mobile-ffmpeg: [mov,mp4,m4a,3gp,3g2,mj2 @ 0x9104b200] Found duplicated MOOV Atom. Skipped it
07-05 20:19:37.595  9818 10083 W mobile-ffmpeg: [graph 0 input from stream 0:0 @ 0x9387e5e0] sws_param option is deprecated and ignored
07-05 20:19:37.596  9818 10083 W mobile-ffmpeg: [graph 0 input from stream 0:0 @ 0x9387e700] sws_param option is deprecated and ignored
07-05 20:19:37.597  9818 10083 W mobile-ffmpeg: [graph 0 input from stream 0:0 @ 0x9387e4c0] sws_param option is deprecated and ignored
07-05 20:19:37.599  9818 10083 W mobile-ffmpeg: [graph 0 input from stream 0:0 @ 0x93842cc0] sws_param option is deprecated and ignored
07-05 20:19:37.600  9818 10083 W mobile-ffmpeg: [graph 0 input from stream 0:0 @ 0x9387e880] sws_param option is deprecated and ignored
07-05 20:21:20.623  9818 11085 V FfmpegTools: Retrieving duration of /storage/emulated/0/Download/Nearby/20200312_195330.mp4
07-05 20:21:20.636  9818 10083 W mobile-ffmpeg: [mov,mp4,m4a,3gp,3g2,mj2 @ 0x9104b200] Found duplicated MOOV Atom. Skipped it
07-05 20:21:20.718  9818 11085 V FfmpegTools: Retrieving duration of /storage/emulated/0/Movies/summarised/20200312_195330.mp4
07-05 20:21:20.803  9818 11085 W Summariser: Summarisation completed
07-05 20:21:20.803  9818 11085 W Summariser:   filename: 20200312_195330.mp4
07-05 20:21:20.803  9818 11085 W Summariser:   active sections: 5
07-05 20:21:20.803  9818 11085 W Summariser:   time: 141.955s
07-05 20:21:20.803  9818 11085 W Summariser:   original duration: 60.02
07-05 20:21:20.803  9818 11085 W Summariser:   summarised duration: 23.42
07-05 20:21:20.803  9818 11085 W Summariser:   noise tolerance: 45.00
07-05 20:21:20.803  9818 11085 W Summariser:   quality: 23
07-05 20:21:20.803  9818 11085 W Summariser:   speed: medium
07-05 20:21:20.803  9818 11085 W Summariser:   freeze duration: 1.00
07-05 20:21:20.804  9818 11085 V VideoManager: Retrieving video from /storage/emulated/0/Movies/summarised/20200312_195330.mp4
07-05 20:21:20.821  9818 11085 D VideoManager: videoCursor is null
07-05 20:21:20.890  9818 11085 V VideoManager: videoFromCursor
07-05 20:21:20.893  9818 11085 V SummarisedVideosEventHandler: onAdd
07-05 20:21:20.899  9818 11085 W NearbyFragment: Sending 20200312_195330.mp4 to Galaxy S8 [2802]
07-05 20:21:20.913  9818 11085 V ProcessingVideosEventHandler: onRemove
07-05 20:21:20.972  9818  9818 V NearbyFragment: Transfer to Endpoint{id=njPJ, name=Galaxy S8 [2802]} complete
07-05 20:21:20.998  9818  9830 D SummariserIntentService: Scanned /storage/emulated/0/Movies/summarised
07-05 20:21:20.998  9818  9830 D SummariserIntentService:   -> uri=content://media/external/file/1527
07-05 20:21:21.740  9818  9818 V NearbyFragment: Transfer to Endpoint{id=njPJ, name=Galaxy S8 [2802]} complete
