--------- beginning of main
07-05 20:06:15.152  9818  9818 I zygote  : Late-enabling -Xcheck:jni
--------- beginning of system
07-05 20:06:15.257  9818  9818 I ActivityThread: handleStopService: token=android.os.BinderProxy@12f5aad not found.
07-05 20:06:15.261  9818  9818 I TransferService: Starting Transfer Service to listen for network connectivity changes.
07-05 20:06:15.262  9818  9818 W LogFactory: Truncating log tag length as it exceed 23, the limit imposed by Android on certain API Levels
07-05 20:06:15.286  9818  9818 I TransferService: Registering the network receiver
07-05 20:06:15.289  9818  9818 I TransferService: Moving the service out of the Foreground state.
07-05 20:06:15.290  9818  9818 I TransferService: De-registering the network receiver.
07-05 20:06:19.885  9818  9818 I zygote  : Rejecting re-init on previously-failed class java.lang.Class<androidx.core.view.ViewCompat$2>: java.lang.NoClassDefFoundError: Failed resolution of: Landroid/view/View$OnUnhandledKeyEventListener;
07-05 20:06:19.885  9818  9818 I zygote  :   at void androidx.core.view.ViewCompat.setOnApplyWindowInsetsListener(android.view.View, androidx.core.view.OnApplyWindowInsetsListener) (ViewCompat.java:2421)
07-05 20:06:19.885  9818  9818 I zygote  :   at android.view.ViewGroup androidx.appcompat.app.AppCompatDelegateImpl.createSubDecor() (AppCompatDelegateImpl.java:779)
07-05 20:06:19.885  9818  9818 I zygote  :   at void androidx.appcompat.app.AppCompatDelegateImpl.ensureSubDecor() (AppCompatDelegateImpl.java:659)
07-05 20:06:19.885  9818  9818 I zygote  :   at void androidx.appcompat.app.AppCompatDelegateImpl.setContentView(int) (AppCompatDelegateImpl.java:552)
07-05 20:06:19.885  9818  9818 I zygote  :   at void androidx.appcompat.app.AppCompatActivity.setContentView(int) (AppCompatActivity.java:161)
07-05 20:06:19.885  9818  9818 I zygote  :   at void com.example.edgesum.page.main.MainActivity.onCreate(android.os.Bundle) (MainActivity.java:95)
07-05 20:06:19.885  9818  9818 I zygote  :   at void android.app.Activity.performCreate(android.os.Bundle, android.os.PersistableBundle) (Activity.java:7009)
07-05 20:06:19.885  9818  9818 I zygote  :   at void android.app.Activity.performCreate(android.os.Bundle) (Activity.java:7000)
07-05 20:06:19.885  9818  9818 I zygote  :   at void android.app.Instrumentation.callActivityOnCreate(android.app.Activity, android.os.Bundle) (Instrumentation.java:1214)
07-05 20:06:19.885  9818  9818 I zygote  :   at android.app.Activity android.app.ActivityThread.performLaunchActivity(android.app.ActivityThread$ActivityClientRecord, android.content.Intent) (ActivityThread.java:2731)
07-05 20:06:19.885  9818  9818 I zygote  :   at void android.app.ActivityThread.handleLaunchActivity(android.app.ActivityThread$ActivityClientRecord, android.content.Intent, java.lang.String) (ActivityThread.java:2856)
07-05 20:06:19.885  9818  9818 I zygote  :   at void android.app.ActivityThread.-wrap11(android.app.ActivityThread, android.app.ActivityThread$ActivityClientRecord, android.content.Intent, java.lang.String) (ActivityThread.java:-1)
07-05 20:06:19.885  9818  9818 I zygote  :   at void android.app.ActivityThread$H.handleMessage(android.os.Message) (ActivityThread.java:1589)
07-05 20:06:19.885  9818  9818 I zygote  :   at void android.os.Handler.dispatchMessage(android.os.Message) (Handler.java:106)
07-05 20:06:19.885  9818  9818 I zygote  :   at void android.os.Looper.loop() (Looper.java:164)
07-05 20:06:19.885  9818  9818 I zygote  :   at void android.app.ActivityThread.main(java.lang.String[]) (ActivityThread.java:6494)
07-05 20:06:19.885  9818  9818 I zygote  :   at java.lang.Object java.lang.reflect.Method.invoke(java.lang.Object, java.lang.Object[]) (Method.java:-2)
07-05 20:06:19.885  9818  9818 I zygote  :   at void com.android.internal.os.RuntimeInit$MethodAndArgsCaller.run() (RuntimeInit.java:438)
07-05 20:06:19.885  9818  9818 I zygote  :   at void com.android.internal.os.ZygoteInit.main(java.lang.String[]) (ZygoteInit.java:807)
07-05 20:06:19.885  9818  9818 I zygote  : Caused by: java.lang.ClassNotFoundException: Didn't find class "android.view.View$OnUnhandledKeyEventListener" on path: DexPathList[[zip file "/data/app/com.example.edgesum-YzI1NIeHkS8kN2Z2Ls5RAg==/base.apk"],nativeLibraryDirectories=[/data/app/com.example.edgesum-YzI1NIeHkS8kN2Z2Ls5RAg==/lib/arm, /data/app/com.example.edgesum-YzI1NIeHkS8kN2Z2Ls5RAg==/base.apk!/lib/armeabi-v7a, /system/lib, /system/vendor/lib]]
07-05 20:06:19.885  9818  9818 I zygote  :   at java.lang.Class dalvik.system.BaseDexClassLoader.findClass(java.lang.String) (BaseDexClassLoader.java:125)
07-05 20:06:19.886  9818  9818 I zygote  :   at java.lang.Class java.lang.ClassLoader.loadClass(java.lang.String, boolean) (ClassLoader.java:379)
07-05 20:06:19.886  9818  9818 I zygote  :   at java.lang.Class java.lang.ClassLoader.loadClass(java.lang.String) (ClassLoader.java:312)
07-05 20:06:19.886  9818  9818 I zygote  :   at void androidx.core.view.ViewCompat.setOnApplyWindowInsetsListener(android.view.View, androidx.core.view.OnApplyWindowInsetsListener) (ViewCompat.java:2421)
07-05 20:06:19.886  9818  9818 I zygote  :   at android.view.ViewGroup androidx.appcompat.app.AppCompatDelegateImpl.createSubDecor() (AppCompatDelegateImpl.java:779)
07-05 20:06:19.886  9818  9818 I zygote  :   at void androidx.appcompat.app.AppCompatDelegateImpl.ensureSubDecor() (AppCompatDelegateImpl.java:659)
07-05 20:06:19.886  9818  9818 I zygote  :   at void androidx.appcompat.app.AppCompatDelegateImpl.setContentView(int) (AppCompatDelegateImpl.java:552)
07-05 20:06:19.886  9818  9818 I zygote  :   at void androidx.appcompat.app.AppCompatActivity.setContentView(int) (AppCompatActivity.java:161)
07-05 20:06:19.886  9818  9818 I zygote  :   at void com.example.edgesum.page.main.MainActivity.onCreate(android.os.Bundle) (MainActivity.java:95)
07-05 20:06:19.886  9818  9818 I zygote  :   at void android.app.Activity.performCreate(android.os.Bundle, android.os.PersistableBundle) (Activity.java:7009)
07-05 20:06:19.886  9818  9818 I zygote  :   at void android.app.Activity.performCreate(android.os.Bundle) (Activity.java:7000)
07-05 20:06:19.886  9818  9818 I zygote  :   at void android.app.Instrumentation.callActivityOnCreate(android.app.Activity, android.os.Bundle) (Instrumentation.java:1214)
07-05 20:06:19.886  9818  9818 I zygote  :   at android.app.Activity android.app.ActivityThread.performLaunchActivity(android.app.ActivityThread$ActivityClientRecord, android.content.Intent) (ActivityThread.java:2731)
07-05 20:06:19.886  9818  9818 I zygote  :   at void android.app.ActivityThread.handleLaunchActivity(android.app.ActivityThread$ActivityClientRecord, android.content.Intent, java.lang.String) (ActivityThread.java:2856)
07-05 20:06:19.886  9818  9818 I zygote  :   at void android.app.ActivityThread.-wrap11(android.app.ActivityThread, android.app.ActivityThread$ActivityClientRecord, android.content.Intent, java.lang.String) (ActivityThread.java:-1)
07-05 20:06:19.886  9818  9818 I zygote  :   at void android.app.ActivityThread$H.handleMessage(android.os.Message) (ActivityThread.java:1589)
07-05 20:06:19.886  9818  9818 I zygote  :   at void android.os.Handler.dispatchMessage(android.os.Message) (Handler.java:106)
07-05 20:06:19.886  9818  9818 I zygote  :   at void android.os.Looper.loop() (Looper.java:164)
07-05 20:06:19.886  9818  9818 I zygote  :   at void android.app.ActivityThread.main(java.lang.String[]) (ActivityThread.java:6494)
07-05 20:06:19.886  9818  9818 I zygote  :   at java.lang.Object java.lang.reflect.Method.invoke(java.lang.Object, java.lang.Object[]) (Method.java:-2)
07-05 20:06:19.886  9818  9818 I zygote  :   at void com.android.internal.os.RuntimeInit$MethodAndArgsCaller.run() (RuntimeInit.java:438)
07-05 20:06:19.886  9818  9818 I zygote  :   at void com.android.internal.os.ZygoteInit.main(java.lang.String[]) (ZygoteInit.java:807)
07-05 20:06:19.886  9818  9818 I zygote  : 
07-05 20:06:19.886  9818  9818 I zygote  : Rejecting re-init on previously-failed class java.lang.Class<androidx.core.view.ViewCompat$2>: java.lang.NoClassDefFoundError: Failed resolution of: Landroid/view/View$OnUnhandledKeyEventListener;
07-05 20:06:19.886  9818  9818 I zygote  :   at void androidx.core.view.ViewCompat.setOnApplyWindowInsetsListener(android.view.View, androidx.core.view.OnApplyWindowInsetsListener) (ViewCompat.java:2421)
07-05 20:06:19.886  9818  9818 I zygote  :   at android.view.ViewGroup androidx.appcompat.app.AppCompatDelegateImpl.createSubDecor() (AppCompatDelegateImpl.java:779)
07-05 20:06:19.887  9818  9818 I zygote  :   at void androidx.appcompat.app.AppCompatDelegateImpl.ensureSubDecor() (AppCompatDelegateImpl.java:659)
07-05 20:06:19.887  9818  9818 I zygote  :   at void androidx.appcompat.app.AppCompatDelegateImpl.setContentView(int) (AppCompatDelegateImpl.java:552)
07-05 20:06:19.887  9818  9818 I zygote  :   at void androidx.appcompat.app.AppCompatActivity.setContentView(int) (AppCompatActivity.java:161)
07-05 20:06:19.887  9818  9818 I zygote  :   at void com.example.edgesum.page.main.MainActivity.onCreate(android.os.Bundle) (MainActivity.java:95)
07-05 20:06:19.887  9818  9818 I zygote  :   at void android.app.Activity.performCreate(android.os.Bundle, android.os.PersistableBundle) (Activity.java:7009)
07-05 20:06:19.887  9818  9818 I zygote  :   at void android.app.Activity.performCreate(android.os.Bundle) (Activity.java:7000)
07-05 20:06:19.887  9818  9818 I zygote  :   at void android.app.Instrumentation.callActivityOnCreate(android.app.Activity, android.os.Bundle) (Instrumentation.java:1214)
07-05 20:06:19.887  9818  9818 I zygote  :   at android.app.Activity android.app.ActivityThread.performLaunchActivity(android.app.ActivityThread$ActivityClientRecord, android.content.Intent) (ActivityThread.java:2731)
07-05 20:06:19.887  9818  9818 I zygote  :   at void android.app.ActivityThread.handleLaunchActivity(android.app.ActivityThread$ActivityClientRecord, android.content.Intent, java.lang.String) (ActivityThread.java:2856)
07-05 20:06:19.887  9818  9818 I zygote  :   at void android.app.ActivityThread.-wrap11(android.app.ActivityThread, android.app.ActivityThread$ActivityClientRecord, android.content.Intent, java.lang.String) (ActivityThread.java:-1)
07-05 20:06:19.887  9818  9818 I zygote  :   at void android.app.ActivityThread$H.handleMessage(android.os.Message) (ActivityThread.java:1589)
07-05 20:06:19.887  9818  9818 I zygote  :   at void android.os.Handler.dispatchMessage(android.os.Message) (Handler.java:106)
07-05 20:06:19.887  9818  9818 I zygote  :   at void android.os.Looper.loop() (Looper.java:164)
07-05 20:06:19.887  9818  9818 I zygote  :   at void android.app.ActivityThread.main(java.lang.String[]) (ActivityThread.java:6494)
07-05 20:06:19.887  9818  9818 I zygote  :   at java.lang.Object java.lang.reflect.Method.invoke(java.lang.Object, java.lang.Object[]) (Method.java:-2)
07-05 20:06:19.887  9818  9818 I zygote  :   at void com.android.internal.os.RuntimeInit$MethodAndArgsCaller.run() (RuntimeInit.java:438)
07-05 20:06:19.887  9818  9818 I zygote  :   at void com.android.internal.os.ZygoteInit.main(java.lang.String[]) (ZygoteInit.java:807)
07-05 20:06:19.887  9818  9818 I zygote  : Caused by: java.lang.ClassNotFoundException: Didn't find class "android.view.View$OnUnhandledKeyEventListener" on path: DexPathList[[zip file "/data/app/com.example.edgesum-YzI1NIeHkS8kN2Z2Ls5RAg==/base.apk"],nativeLibraryDirectories=[/data/app/com.example.edgesum-YzI1NIeHkS8kN2Z2Ls5RAg==/lib/arm, /data/app/com.example.edgesum-YzI1NIeHkS8kN2Z2Ls5RAg==/base.apk!/lib/armeabi-v7a, /system/lib, /system/vendor/lib]]
07-05 20:06:19.887  9818  9818 I zygote  :   at java.lang.Class dalvik.system.BaseDexClassLoader.findClass(java.lang.String) (BaseDexClassLoader.java:125)
07-05 20:06:19.887  9818  9818 I zygote  :   at java.lang.Class java.lang.ClassLoader.loadClass(java.lang.String, boolean) (ClassLoader.java:379)
07-05 20:06:19.887  9818  9818 I zygote  :   at java.lang.Class java.lang.ClassLoader.loadClass(java.lang.String) (ClassLoader.java:312)
07-05 20:06:19.887  9818  9818 I zygote  :   at void androidx.core.view.ViewCompat.setOnApplyWindowInsetsListener(android.view.View, androidx.core.view.OnApplyWindowInsetsListener) (ViewCompat.java:2421)
07-05 20:06:19.887  9818  9818 I zygote  :   at android.view.ViewGroup androidx.appcompat.app.AppCompatDelegateImpl.createSubDecor() (AppCompatDelegateImpl.java:779)
07-05 20:06:19.887  9818  9818 I zygote  :   at void androidx.appcompat.app.AppCompatDelegateImpl.ensureSubDecor() (AppCompatDelegateImpl.java:659)
07-05 20:06:19.887  9818  9818 I zygote  :   at void androidx.appcompat.app.AppCompatDelegateImpl.setContentView(int) (AppCompatDelegateImpl.java:552)
07-05 20:06:19.887  9818  9818 I zygote  :   at void androidx.appcompat.app.AppCompatActivity.setContentView(int) (AppCompatActivity.java:161)
07-05 20:06:19.887  9818  9818 I zygote  :   at void com.example.edgesum.page.main.MainActivity.onCreate(android.os.Bundle) (MainActivity.java:95)
07-05 20:06:19.887  9818  9818 I zygote  :   at void android.app.Activity.performCreate(android.os.Bundle, android.os.PersistableBundle) (Activity.java:7009)
07-05 20:06:19.887  9818  9818 I zygote  :   at void android.app.Activity.performCreate(android.os.Bundle) (Activity.java:7000)
07-05 20:06:19.887  9818  9818 I zygote  :   at void android.app.Instrumentation.callActivityOnCreate(android.app.Activity, android.os.Bundle) (Instrumentation.java:1214)
07-05 20:06:19.887  9818  9818 I zygote  :   at android.app.Activity android.app.ActivityThread.performLaunchActivity(android.app.ActivityThread$ActivityClientRecord, android.content.Intent) (ActivityThread.java:2731)
07-05 20:06:19.887  9818  9818 I zygote  :   at void android.app.ActivityThread.handleLaunchActivity(android.app.ActivityThread$ActivityClientRecord, android.content.Intent, java.lang.String) (ActivityThread.java:2856)
07-05 20:06:19.887  9818  9818 I zygote  :   at void android.app.ActivityThread.-wrap11(android.app.ActivityThread, android.app.ActivityThread$ActivityClientRecord, android.content.Intent, java.lang.String) (ActivityThread.java:-1)
07-05 20:06:19.887  9818  9818 I zygote  :   at void android.app.ActivityThread$H.handleMessage(android.os.Message) (ActivityThread.java:1589)
07-05 20:06:19.887  9818  9818 I zygote  :   at void android.os.Handler.dispatchMessage(android.os.Message) (Handler.java:106)
07-05 20:06:19.887  9818  9818 I zygote  :   at void android.os.Looper.loop() (Looper.java:164)
07-05 20:06:19.887  9818  9818 I zygote  :   at void android.app.ActivityThread.main(java.lang.String[]) (ActivityThread.java:6494)
07-05 20:06:19.887  9818  9818 I zygote  :   at java.lang.Object java.lang.reflect.Method.invoke(java.lang.Object, java.lang.Object[]) (Method.java:-2)
07-05 20:06:19.887  9818  9818 I zygote  :   at void com.android.internal.os.RuntimeInit$MethodAndArgsCaller.run() (RuntimeInit.java:438)
07-05 20:06:19.887  9818  9818 I zygote  :   at void com.android.internal.os.ZygoteInit.main(java.lang.String[]) (ZygoteInit.java:807)
07-05 20:06:19.887  9818  9818 I zygote  : 
07-05 20:06:19.888  9818  9818 I zygote  : Rejecting re-init on previously-failed class java.lang.Class<androidx.core.view.ViewCompat$2>: java.lang.NoClassDefFoundError: Failed resolution of: Landroid/view/View$OnUnhandledKeyEventListener;
07-05 20:06:19.888  9818  9818 I zygote  :   at void androidx.core.view.ViewCompat.setOnApplyWindowInsetsListener(android.view.View, androidx.core.view.OnApplyWindowInsetsListener) (ViewCompat.java:2421)
07-05 20:06:19.888  9818  9818 I zygote  :   at android.view.ViewGroup androidx.appcompat.app.AppCompatDelegateImpl.createSubDecor() (AppCompatDelegateImpl.java:779)
07-05 20:06:19.888  9818  9818 I zygote  :   at void androidx.appcompat.app.AppCompatDelegateImpl.ensureSubDecor() (AppCompatDelegateImpl.java:659)
07-05 20:06:19.888  9818  9818 I zygote  :   at void androidx.appcompat.app.AppCompatDelegateImpl.setContentView(int) (AppCompatDelegateImpl.java:552)
07-05 20:06:19.888  9818  9818 I zygote  :   at void androidx.appcompat.app.AppCompatActivity.setContentView(int) (AppCompatActivity.java:161)
07-05 20:06:19.888  9818  9818 I zygote  :   at void com.example.edgesum.page.main.MainActivity.onCreate(android.os.Bundle) (MainActivity.java:95)
07-05 20:06:19.888  9818  9818 I zygote  :   at void android.app.Activity.performCreate(android.os.Bundle, android.os.PersistableBundle) (Activity.java:7009)
07-05 20:06:19.888  9818  9818 I zygote  :   at void android.app.Activity.performCreate(android.os.Bundle) (Activity.java:7000)
07-05 20:06:19.888  9818  9818 I zygote  :   at void android.app.Instrumentation.callActivityOnCreate(android.app.Activity, android.os.Bundle) (Instrumentation.java:1214)
07-05 20:06:19.888  9818  9818 I zygote  :   at android.app.Activity android.app.ActivityThread.performLaunchActivity(android.app.ActivityThread$ActivityClientRecord, android.content.Intent) (ActivityThread.java:2731)
07-05 20:06:19.888  9818  9818 I zygote  :   at void android.app.ActivityThread.handleLaunchActivity(android.app.ActivityThread$ActivityClientRecord, android.content.Intent, java.lang.String) (ActivityThread.java:2856)
07-05 20:06:19.888  9818  9818 I zygote  :   at void android.app.ActivityThread.-wrap11(android.app.ActivityThread, android.app.ActivityThread$ActivityClientRecord, android.content.Intent, java.lang.String) (ActivityThread.java:-1)
07-05 20:06:19.888  9818  9818 I zygote  :   at void android.app.ActivityThread$H.handleMessage(android.os.Message) (ActivityThread.java:1589)
07-05 20:06:19.888  9818  9818 I zygote  :   at void android.os.Handler.dispatchMessage(android.os.Message) (Handler.java:106)
07-05 20:06:19.888  9818  9818 I zygote  :   at void android.os.Looper.loop() (Looper.java:164)
07-05 20:06:19.888  9818  9818 I zygote  :   at void android.app.ActivityThread.main(java.lang.String[]) (ActivityThread.java:6494)
07-05 20:06:19.888  9818  9818 I zygote  :   at java.lang.Object java.lang.reflect.Method.invoke(java.lang.Object, java.lang.Object[]) (Method.java:-2)
07-05 20:06:19.888  9818  9818 I zygote  :   at void com.android.internal.os.RuntimeInit$MethodAndArgsCaller.run() (RuntimeInit.java:438)
07-05 20:06:19.888  9818  9818 I zygote  :   at void com.android.internal.os.ZygoteInit.main(java.lang.String[]) (ZygoteInit.java:807)
07-05 20:06:19.888  9818  9818 I zygote  : Caused by: java.lang.ClassNotFoundException: Didn't find class "android.view.View$OnUnhandledKeyEventListener" on path: DexPathList[[zip file "/data/app/com.example.edgesum-YzI1NIeHkS8kN2Z2Ls5RAg==/base.apk"],nativeLibraryDirectories=[/data/app/com.example.edgesum-YzI1NIeHkS8kN2Z2Ls5RAg==/lib/arm, /data/app/com.example.edgesum-YzI1NIeHkS8kN2Z2Ls5RAg==/base.apk!/lib/armeabi-v7a, /system/lib, /system/vendor/lib]]
07-05 20:06:19.888  9818  9818 I zygote  :   at java.lang.Class dalvik.system.BaseDexClassLoader.findClass(java.lang.String) (BaseDexClassLoader.java:125)
07-05 20:06:19.888  9818  9818 I zygote  :   at java.lang.Class java.lang.ClassLoader.loadClass(java.lang.String, boolean) (ClassLoader.java:379)
07-05 20:06:19.888  9818  9818 I zygote  :   at java.lang.Class java.lang.ClassLoader.loadClass(java.lang.String) (ClassLoader.java:312)
07-05 20:06:19.888  9818  9818 I zygote  :   at void androidx.core.view.ViewCompat.setOnApplyWindowInsetsListener(android.view.View, androidx.core.view.OnApplyWindowInsetsListener) (ViewCompat.java:2421)
07-05 20:06:19.888  9818  9818 I zygote  :   at android.view.ViewGroup androidx.appcompat.app.AppCompatDelegateImpl.createSubDecor() (AppCompatDelegateImpl.java:779)
07-05 20:06:19.888  9818  9818 I zygote  :   at void androidx.appcompat.app.AppCompatDelegateImpl.ensureSubDecor() (AppCompatDelegateImpl.java:659)
07-05 20:06:19.888  9818  9818 I zygote  :   at void androidx.appcompat.app.AppCompatDelegateImpl.setContentView(int) (AppCompatDelegateImpl.java:552)
07-05 20:06:19.888  9818  9818 I zygote  :   at void androidx.appcompat.app.AppCompatActivity.setContentView(int) (AppCompatActivity.java:161)
07-05 20:06:19.888  9818  9818 I zygote  :   at void com.example.edgesum.page.main.MainActivity.onCreate(android.os.Bundle) (MainActivity.java:95)
07-05 20:06:19.888  9818  9818 I zygote  :   at void android.app.Activity.performCreate(android.os.Bundle, android.os.PersistableBundle) (Activity.java:7009)
07-05 20:06:19.888  9818  9818 I zygote  :   at void android.app.Activity.performCreate(android.os.Bundle) (Activity.java:7000)
07-05 20:06:19.888  9818  9818 I zygote  :   at void android.app.Instrumentation.callActivityOnCreate(android.app.Activity, android.os.Bundle) (Instrumentation.java:1214)
07-05 20:06:19.888  9818  9818 I zygote  :   at android.app.Activity android.app.ActivityThread.performLaunchActivity(android.app.ActivityThread$ActivityClientRecord, android.content.Intent) (ActivityThread.java:2731)
07-05 20:06:19.888  9818  9818 I zygote  :   at void android.app.ActivityThread.handleLaunchActivity(android.app.ActivityThread$ActivityClientRecord, android.content.Intent, java.lang.String) (ActivityThread.java:2856)
07-05 20:06:19.888  9818  9818 I zygote  :   at void android.app.ActivityThread.-wrap11(android.app.ActivityThread, android.app.ActivityThread$ActivityClientRecord, android.content.Intent, java.lang.String) (ActivityThread.java:-1)
07-05 20:06:19.888  9818  9818 I zygote  :   at void android.app.ActivityThread$H.handleMessage(android.os.Message) (ActivityThread.java:1589)
07-05 20:06:19.888  9818  9818 I zygote  :   at void android.os.Handler.dispatchMessage(android.os.Message) (Handler.java:106)
07-05 20:06:19.888  9818  9818 I zygote  :   at void android.os.Looper.loop() (Looper.java:164)
07-05 20:06:19.888  9818  9818 I zygote  :   at void android.app.ActivityThread.main(java.lang.String[]) (ActivityThread.java:6494)
07-05 20:06:19.888  9818  9818 I zygote  :   at java.lang.Object java.lang.reflect.Method.invoke(java.lang.Object, java.lang.Object[]) (Method.java:-2)
07-05 20:06:19.888  9818  9818 I zygote  :   at void com.android.internal.os.RuntimeInit$MethodAndArgsCaller.run() (RuntimeInit.java:438)
07-05 20:06:19.888  9818  9818 I zygote  :   at void com.android.internal.os.ZygoteInit.main(java.lang.String[]) (ZygoteInit.java:807)
07-05 20:06:19.888  9818  9818 I zygote  : 
07-05 20:06:20.172  9818  9818 V Repo    : /storage/emulated/0/Movies/raw
07-05 20:06:20.172  9818  9818 V Repo    : /storage/emulated/0/Movies/summarised
07-05 20:06:20.192  9818  9818 V FileManager: External storage is readable
07-05 20:06:20.193  9818  9818 V FileManager: Created new directory: /storage/emulated/0/Movies/raw
07-05 20:06:20.198  9818  9818 V FileManager: External storage is readable
07-05 20:06:20.199  9818  9818 V FileManager: Created new directory: /storage/emulated/0/Movies/summarised
07-05 20:06:20.204  9818  9818 V FileManager: External storage is readable
07-05 20:06:20.205  9818  9818 V FileManager: Created new directory: /storage/emulated/0/Download/nearby
07-05 20:06:20.208  9818  9818 V FileManager: External storage is readable
07-05 20:06:20.209  9818  9818 V FileManager: Created new directory: /storage/emulated/0/Movies/segment
07-05 20:06:20.212  9818  9818 V FileManager: External storage is readable
07-05 20:06:20.213  9818  9818 V FileManager: Created new directory: /storage/emulated/0/Movies/segment-sum
07-05 20:06:20.437  9818  9818 V VideoManager: getAllVideoFromExternalStorageFolder
07-05 20:06:20.441  9818  9818 D VideoManager: /storage/emulated/0/Movies/summarised
07-05 20:06:20.454  9818  9818 D VideoManager: 0 videos return
07-05 20:06:20.496  9818  9823 I zygote  : Do partial code cache collection, code=10KB, data=19KB
07-05 20:06:20.498  9818  9823 I zygote  : After code cache collection, code=10KB, data=19KB
07-05 20:06:20.498  9818  9823 I zygote  : Increasing code cache capacity to 128KB
07-05 20:06:20.504  9818  9823 I zygote  : Do partial code cache collection, code=10KB, data=37KB
07-05 20:06:20.505  9818  9823 I zygote  : After code cache collection, code=10KB, data=37KB
07-05 20:06:20.505  9818  9823 I zygote  : Increasing code cache capacity to 256KB
07-05 20:06:20.505  9818  9823 I zygote  : Compiler allocated 4MB to compile void android.widget.TextView.<init>(android.content.Context, android.util.AttributeSet, int, int)
07-05 20:06:20.514  9818  9818 V VideoManager: getAllVideoFromExternalStorageFolder
07-05 20:06:20.522  9818  9818 D VideoManager: /storage/emulated/0/Movies/raw
07-05 20:06:20.528  9818  9818 D VideoManager: 0 videos return
07-05 20:06:20.598  9818  9848 D OpenGLRenderer: HWUI GL Pipeline
07-05 20:06:20.613  9818  9818 I TransferService: Starting Transfer Service to listen for network connectivity changes.
07-05 20:06:20.614  9818  9818 I TransferService: Registering the network receiver
07-05 20:06:20.619  9818  9818 E TransferService: No notification is passed in the intent. Unable to transition to foreground.
07-05 20:06:20.676  9818  9830 D MainActivity: Scanned /storage/emulated/0/Movies/raw
07-05 20:06:20.676  9818  9830 D MainActivity:   -> uri=content://media/external/file/1526
07-05 20:06:20.727  9818  9831 D MainActivity: Scanned /storage/emulated/0/Movies/summarised
07-05 20:06:20.727  9818  9831 D MainActivity:   -> uri=content://media/external/file/1527
07-05 20:06:20.777  9818  9818 W StaticLayout: maxLineHeight should not be -1.  maxLines:1 lineCount:1
07-05 20:06:20.800  9818  9818 I chatty  : uid=10086(com.example.edgesum) identical 2 lines
07-05 20:06:20.811  9818  9818 W StaticLayout: maxLineHeight should not be -1.  maxLines:1 lineCount:1
07-05 20:06:20.842  9818  9848 I Adreno-EGL: <qeglDrvAPI_eglInitialize:379>: QUALCOMM Build: 06/17/16, f19e6a9, I9e7a63e7c4
07-05 20:06:20.846  9818  9848 I zygote  : android::hardware::configstore::V1_0::ISurfaceFlingerConfigs::hasWideColorDisplay retrieved: 0
07-05 20:06:20.846  9818  9848 I OpenGLRenderer: Initialized EGL, version 1.4
07-05 20:06:20.846  9818  9848 D OpenGLRenderer: Swap behavior 1
07-05 20:06:20.853  9818  9848 W Adreno-EGL: <qeglDrvAPI_eglGetConfigAttrib:607>: EGL_BAD_ATTRIBUTE
07-05 20:06:20.856  9818  9848 W Adreno-EGL: <qeglDrvAPI_eglGetConfigAttrib:607>: EGL_BAD_ATTRIBUTE
07-05 20:06:20.859  9818  9848 D vndksupport: Loading /vendor/lib/hw/gralloc.msm8974.so from current namespace instead of sphal namespace.
07-05 20:06:20.868  9818  9818 W StaticLayout: maxLineHeight should not be -1.  maxLines:1 lineCount:1
07-05 20:06:20.880  9818  9818 W StaticLayout: maxLineHeight should not be -1.  maxLines:1 lineCount:1
07-05 20:06:20.896  9818  9818 I TransferNetworkLossHand: Network connectivity changed detected.
07-05 20:06:20.897  9818  9818 I TransferNetworkLossHand: Network connected: false
07-05 20:06:20.942  9818  9848 D vndksupport: Loading /vendor/lib/hw/android.hardware.graphics.mapper@2.0-impl.so from current namespace instead of sphal namespace.
07-05 20:06:20.943  9818  9848 D vndksupport: Loading /vendor/lib/hw/gralloc.msm8974.so from current namespace instead of sphal namespace.
07-05 20:06:28.145  9818  9818 V MainActivity: Connect button clicked
07-05 20:06:33.084  9818  9818 V ConnectionFragment: Discovery switch checked
07-05 20:06:33.208  9818  9818 D NearbyFragment: Started discovering
07-05 20:06:33.710  9818  9818 D NearbyFragment: Found endpoint njPJ: Galaxy S8 [2802]
07-05 20:06:33.812  9818  9823 I zygote  : Do full code cache collection, code=125KB, data=86KB
07-05 20:06:33.834  9818  9823 I zygote  : After code cache collection, code=124KB, data=63KB
07-05 20:06:46.455  9818  9818 D NearbyFragment: Selected 'Endpoint{id=njPJ, name=Galaxy S8 [2802]}'
07-05 20:06:46.496  9818  9848 W Adreno-EGL: <qeglDrvAPI_eglGetConfigAttrib:607>: EGL_BAD_ATTRIBUTE
07-05 20:06:46.497  9818  9848 D vndksupport: Loading /vendor/lib/hw/gralloc.msm8974.so from current namespace instead of sphal namespace.
07-05 20:06:51.224  9818  9818 D NearbyFragment: Initiated connection with njPJ: Galaxy S8 [2802]
07-05 20:06:51.332  9818  9823 I zygote  : Do partial code cache collection, code=126KB, data=74KB
07-05 20:06:51.334  9818  9823 I zygote  : After code cache collection, code=126KB, data=74KB
07-05 20:06:51.335  9818  9823 I zygote  : Increasing code cache capacity to 512KB
07-05 20:06:51.350  9818  9818 D NearbyFragment: Requested connection with Endpoint{id=njPJ, name=Galaxy S8 [2802]}
07-05 20:06:51.430  9818  9848 W Adreno-EGL: <qeglDrvAPI_eglGetConfigAttrib:607>: EGL_BAD_ATTRIBUTE
07-05 20:06:51.432  9818  9848 D vndksupport: Loading /vendor/lib/hw/gralloc.msm8974.so from current namespace instead of sphal namespace.
07-05 20:06:53.017  9818  9818 I NearbyFragment: Connected to Endpoint{id=njPJ, name=Galaxy S8 [2802]}
07-05 20:06:53.678  9818  9818 V ConnectionFragment: Discovery switch unchecked
07-05 20:06:53.679  9818  9818 D NearbyFragment: Stopped discovering
07-05 20:06:57.736  9818  9818 I TransferNetworkLossHand: Network connectivity changed detected.
07-05 20:06:57.737  9818  9818 I TransferNetworkLossHand: Network connected: true
07-05 20:07:55.454  9818  9818 D NearbyFragment: onPayloadReceived(endpointId=njPJ, payload=com.google.android.gms.nearby.connection.Payload@390f84)
07-05 20:07:55.464  9818  9818 V NearbyFragment: Started downloading SUMMARISE:-5494599042715306224:20200312_150744.mp4:45.0_1.0_23_medium from Endpoint{id=njPJ, name=Galaxy S8 [2802]}
07-05 20:07:55.499  9818  9818 V NearbyFragment: Transfer to Endpoint{id=njPJ, name=Galaxy S8 [2802]} complete
07-05 20:07:55.545  9818  9818 D NearbyFragment: onPayloadReceived(endpointId=njPJ, payload=com.google.android.gms.nearby.connection.Payload@a351033)
07-05 20:08:21.648  9818  9818 V NearbyFragment: Transfer to Endpoint{id=njPJ, name=Galaxy S8 [2802]} complete
07-05 20:08:21.653  9818  9818 W NearbyFragment: Completed downloading 20200312_150744.mp4 from Endpoint{id=njPJ, name=Galaxy S8 [2802]} in 26.175s
07-05 20:08:21.656  9818  9818 D NearbyFragment: Summarising 20200312_150744.mp4
07-05 20:08:21.656  9818  9818 V VideoManager: Retrieving video from /storage/emulated/0/Download/Nearby/20200312_150744.mp4
07-05 20:08:21.670  9818  9818 V VideoManager: videoFromCursor
07-05 20:08:21.673  9818  9818 V ProcessingVideosEventHandler: onAdd
07-05 20:08:21.674  9818  9818 V RawFootageEventHandler: onRemove
07-05 20:08:21.683  9818  9818 V NearbyFragment: Transfer to Endpoint{id=njPJ, name=Galaxy S8 [2802]} complete
07-05 20:08:21.689  9818 10082 V SummariserIntentService: onHandleIntent
07-05 20:08:21.691  9818 10082 D SummariserIntentService: Video{id='1530', data='/storage/emulated/0/Download/Nearby/20200312_150744.mp4', name='20200312_150744.mp4', size=69990400, visible=true, mimeType='video/mp4'}
07-05 20:08:21.691  9818 10082 D SummariserIntentService: /storage/emulated/0/Movies/summarised/20200312_150744.mp4
07-05 20:08:21.694  9818 10082 I mobile-ffmpeg: Loading mobile-ffmpeg.
07-05 20:08:21.739  9818 10082 I mobile-ffmpeg: Loaded mobile-ffmpeg-full-gpl-arm-v7a-neon-4.3.2-20200415.
07-05 20:08:21.740  9818 10083 D mobile-ffmpeg: Callback thread started.
07-05 20:08:21.754  9818 10082 I FfmpegTools: Running ffmpeg with:
07-05 20:08:21.754  9818 10082 I FfmpegTools:   -y -i /storage/emulated/0/Download/Nearby/20200312_150744.mp4 -vf freezedetect=n=-45.000000dB:d=1.000000,metadata=mode=print:file=/storage/emulated/0/Movies/raw/20200312_150744.txt -f null -
07-05 20:08:21.762  9818 10083 W mobile-ffmpeg: [mov,mp4,m4a,3gp,3g2,mj2 @ 0x90f75000] Found duplicated MOOV Atom. Skipped it
07-05 20:08:21.851  9818 10083 W mobile-ffmpeg: [graph 0 input from stream 0:0 @ 0x93842a80] sws_param option is deprecated and ignored
07-05 20:08:44.634  9818 10082 V FfmpegTools: Retrieving duration of /storage/emulated/0/Download/Nearby/20200312_150744.mp4
07-05 20:08:44.643  9818 10083 W mobile-ffmpeg: [mov,mp4,m4a,3gp,3g2,mj2 @ 0x90f79200] Found duplicated MOOV Atom. Skipped it
07-05 20:08:44.738  9818 10082 W Summariser: 1 active sections found
07-05 20:08:44.739  9818 10082 I FfmpegTools: Running ffmpeg with:
07-05 20:08:44.739  9818 10082 I FfmpegTools:   -y -i /storage/emulated/0/Download/Nearby/20200312_150744.mp4 -filter_complex [0:v]trim=55.250000:60.020000,setpts=PTS-STARTPTS[v0];[0:a]atrim=55.250000:60.020000,asetpts=PTS-STARTPTS[a0];[v0][a0]concat=n=1:v=1:a=1[outv][outa] -map [outv] -map [outa] -crf 23 -preset medium /storage/emulated/0/Movies/summarised/20200312_150744.mp4
07-05 20:08:44.755  9818 10083 W mobile-ffmpeg: [mov,mp4,m4a,3gp,3g2,mj2 @ 0x8dbfb400] Found duplicated MOOV Atom. Skipped it
07-05 20:08:44.860  9818 10083 W mobile-ffmpeg: [graph 0 input from stream 0:0 @ 0x8d1e8b00] sws_param option is deprecated and ignored
07-05 20:09:26.235  9818 10082 V FfmpegTools: Retrieving duration of /storage/emulated/0/Download/Nearby/20200312_150744.mp4
07-05 20:09:26.245  9818 10083 W mobile-ffmpeg: [mov,mp4,m4a,3gp,3g2,mj2 @ 0x8dbfb400] Found duplicated MOOV Atom. Skipped it
07-05 20:09:26.353  9818 10082 V FfmpegTools: Retrieving duration of /storage/emulated/0/Movies/summarised/20200312_150744.mp4
07-05 20:09:26.457  9818 10082 W Summariser: Summarisation completed
07-05 20:09:26.457  9818 10082 W Summariser:   filename: 20200312_150744.mp4
07-05 20:09:26.457  9818 10082 W Summariser:   active sections: 1
07-05 20:09:26.457  9818 10082 W Summariser:   time: 64.540s
07-05 20:09:26.457  9818 10082 W Summariser:   original duration: 60.02
07-05 20:09:26.457  9818 10082 W Summariser:   summarised duration: 4.83
07-05 20:09:26.457  9818 10082 W Summariser:   noise tolerance: 45.00
07-05 20:09:26.457  9818 10082 W Summariser:   quality: 23
07-05 20:09:26.457  9818 10082 W Summariser:   speed: medium
07-05 20:09:26.457  9818 10082 W Summariser:   freeze duration: 1.00
07-05 20:09:26.458  9818 10082 V VideoManager: Retrieving video from /storage/emulated/0/Movies/summarised/20200312_150744.mp4
07-05 20:09:26.478  9818 10082 D VideoManager: videoCursor is null
07-05 20:09:26.554  9818 10082 V VideoManager: videoFromCursor
07-05 20:09:26.559  9818 10082 V SummarisedVideosEventHandler: onAdd
07-05 20:09:26.568  9818 10082 W NearbyFragment: Sending 20200312_150744.mp4 to Galaxy S8 [2802]
07-05 20:09:26.578  9818 10082 V ProcessingVideosEventHandler: onRemove
07-05 20:09:26.625  9818  9818 V NearbyFragment: Transfer to Endpoint{id=njPJ, name=Galaxy S8 [2802]} complete
07-05 20:09:26.650  9818  9831 D SummariserIntentService: Scanned /storage/emulated/0/Movies/summarised
07-05 20:09:26.650  9818  9831 D SummariserIntentService:   -> uri=content://media/external/file/1527
07-05 20:09:28.769  9818  9818 V NearbyFragment: Transfer to Endpoint{id=njPJ, name=Galaxy S8 [2802]} complete
07-05 20:10:04.640  9818  9818 D NearbyFragment: onPayloadReceived(endpointId=njPJ, payload=com.google.android.gms.nearby.connection.Payload@d6ce520)
07-05 20:10:04.642  9818  9818 V NearbyFragment: Started downloading SUMMARISE:-4825826417327703568:20200312_193528.mp4:45.0_1.0_23_medium from Endpoint{id=njPJ, name=Galaxy S8 [2802]}
07-05 20:10:04.694  9818  9818 V NearbyFragment: Transfer to Endpoint{id=njPJ, name=Galaxy S8 [2802]} complete
07-05 20:10:04.710  9818  9818 D NearbyFragment: onPayloadReceived(endpointId=njPJ, payload=com.google.android.gms.nearby.connection.Payload@bed7ed9)
07-05 20:10:28.338  9818  9818 V NearbyFragment: Transfer to Endpoint{id=njPJ, name=Galaxy S8 [2802]} complete
07-05 20:10:28.341  9818  9818 W NearbyFragment: Completed downloading 20200312_193528.mp4 from Endpoint{id=njPJ, name=Galaxy S8 [2802]} in 23.696s
07-05 20:10:28.344  9818  9818 D NearbyFragment: Summarising 20200312_193528.mp4
07-05 20:10:28.345  9818  9818 V VideoManager: Retrieving video from /storage/emulated/0/Download/Nearby/20200312_193528.mp4
07-05 20:10:28.359  9818  9818 V VideoManager: videoFromCursor
07-05 20:10:28.361  9818  9818 V ProcessingVideosEventHandler: onAdd
07-05 20:10:28.361  9818  9818 V RawFootageEventHandler: onRemove
07-05 20:10:28.366  9818  9818 V NearbyFragment: Transfer to Endpoint{id=njPJ, name=Galaxy S8 [2802]} complete
07-05 20:10:28.374  9818 10259 V SummariserIntentService: onHandleIntent
07-05 20:10:28.375  9818 10259 D SummariserIntentService: Video{id='1536', data='/storage/emulated/0/Download/Nearby/20200312_193528.mp4', name='20200312_193528.mp4', size=69990400, visible=true, mimeType='video/mp4'}
07-05 20:10:28.375  9818 10259 D SummariserIntentService: /storage/emulated/0/Movies/summarised/20200312_193528.mp4
07-05 20:10:28.379  9818 10259 I FfmpegTools: Running ffmpeg with:
07-05 20:10:28.379  9818 10259 I FfmpegTools:   -y -i /storage/emulated/0/Download/Nearby/20200312_193528.mp4 -vf freezedetect=n=-45.000000dB:d=1.000000,metadata=mode=print:file=/storage/emulated/0/Movies/raw/20200312_193528.txt -f null -
07-05 20:10:28.389  9818 10083 W mobile-ffmpeg: [mov,mp4,m4a,3gp,3g2,mj2 @ 0x90f59e00] Found duplicated MOOV Atom. Skipped it
07-05 20:10:28.502  9818 10083 W mobile-ffmpeg: [graph 0 input from stream 0:0 @ 0x8d1e8c20] sws_param option is deprecated and ignored
07-05 20:10:54.553  9818 10259 W Summariser: No activity detected
07-05 20:10:54.556  9818 10259 V FfmpegTools: Retrieving duration of /storage/emulated/0/Download/Nearby/20200312_193528.mp4
07-05 20:10:54.563  9818 10083 W mobile-ffmpeg: [mov,mp4,m4a,3gp,3g2,mj2 @ 0x8e14fe00] Found duplicated MOOV Atom. Skipped it
07-05 20:10:54.643  9818 10259 W Summariser: Summarisation completed
07-05 20:10:54.643  9818 10259 W Summariser:   filename: 20200312_193528.mp4
07-05 20:10:54.643  9818 10259 W Summariser:   active sections: 0
07-05 20:10:54.643  9818 10259 W Summariser:   time: 26.179s
07-05 20:10:54.643  9818 10259 W Summariser:   original duration: 60.05
07-05 20:10:54.643  9818 10259 W Summariser:   summarised duration: -1.00
07-05 20:10:54.643  9818 10259 W Summariser:   noise tolerance: 45.00
07-05 20:10:54.643  9818 10259 W Summariser:   quality: 23
07-05 20:10:54.643  9818 10259 W Summariser:   speed: medium
07-05 20:10:54.643  9818 10259 W Summariser:   freeze duration: 1.00
07-05 20:10:54.646  9818 10259 V ProcessingVideosEventHandler: onRemove
07-05 20:10:54.667  9818  9818 V NearbyFragment: Transfer to Endpoint{id=njPJ, name=Galaxy S8 [2802]} complete
07-05 20:10:54.775  9818  9831 D SummariserIntentService: Scanned /storage/emulated/0/Movies/summarised
07-05 20:10:54.775  9818  9831 D SummariserIntentService:   -> uri=content://media/external/file/1527
07-05 20:11:00.142  9818  9818 D NearbyFragment: onPayloadReceived(endpointId=njPJ, payload=com.google.android.gms.nearby.connection.Payload@bc2d576)
07-05 20:11:00.144  9818  9818 V NearbyFragment: Started downloading SUMMARISE:-7167105284658364906:20200312_193728.mp4:45.0_1.0_23_medium from Endpoint{id=njPJ, name=Galaxy S8 [2802]}
07-05 20:11:00.157  9818  9818 V NearbyFragment: Transfer to Endpoint{id=njPJ, name=Galaxy S8 [2802]} complete
07-05 20:11:00.187  9818  9818 D NearbyFragment: onPayloadReceived(endpointId=njPJ, payload=com.google.android.gms.nearby.connection.Payload@e430777)
07-05 20:11:21.663  9818  9818 V NearbyFragment: Transfer to Endpoint{id=njPJ, name=Galaxy S8 [2802]} complete
07-05 20:11:21.664  9818  9818 W NearbyFragment: Completed downloading 20200312_193728.mp4 from Endpoint{id=njPJ, name=Galaxy S8 [2802]} in 21.519s
07-05 20:11:21.667  9818  9818 D NearbyFragment: Summarising 20200312_193728.mp4
07-05 20:11:21.667  9818  9818 V VideoManager: Retrieving video from /storage/emulated/0/Download/Nearby/20200312_193728.mp4
07-05 20:11:21.674  9818  9818 V VideoManager: videoFromCursor
07-05 20:11:21.676  9818  9818 V ProcessingVideosEventHandler: onAdd
07-05 20:11:21.677  9818  9818 V RawFootageEventHandler: onRemove
07-05 20:11:21.700  9818 10383 V SummariserIntentService: onHandleIntent
07-05 20:11:21.702  9818 10383 D SummariserIntentService: Video{id='1539', data='/storage/emulated/0/Download/Nearby/20200312_193728.mp4', name='20200312_193728.mp4', size=69990400, visible=true, mimeType='video/mp4'}
07-05 20:11:21.703  9818 10383 D SummariserIntentService: /storage/emulated/0/Movies/summarised/20200312_193728.mp4
07-05 20:11:21.707  9818 10383 I FfmpegTools: Running ffmpeg with:
07-05 20:11:21.707  9818 10383 I FfmpegTools:   -y -i /storage/emulated/0/Download/Nearby/20200312_193728.mp4 -vf freezedetect=n=-45.000000dB:d=1.000000,metadata=mode=print:file=/storage/emulated/0/Movies/raw/20200312_193728.txt -f null -
07-05 20:11:21.711  9818  9818 V NearbyFragment: Transfer to Endpoint{id=njPJ, name=Galaxy S8 [2802]} complete
07-05 20:11:21.719  9818 10083 W mobile-ffmpeg: [mov,mp4,m4a,3gp,3g2,mj2 @ 0x93809400] Found duplicated MOOV Atom. Skipped it
07-05 20:11:21.864  9818 10083 W mobile-ffmpeg: [graph 0 input from stream 0:0 @ 0x8e1720e0] sws_param option is deprecated and ignored
07-05 20:11:51.553  9818 10383 D Summariser: No freeze file
07-05 20:11:51.553  9818 10383 W Summariser: Whole video is active
07-05 20:11:57.512  9818  9818 D NearbyFragment: onPayloadReceived(endpointId=njPJ, payload=com.google.android.gms.nearby.connection.Payload@c93d650)
07-05 20:11:57.515  9818  9818 V NearbyFragment: Started downloading SUMMARISE:-8291997949418625736:20200312_193928.mp4:45.0_1.0_23_medium from Endpoint{id=njPJ, name=Galaxy S8 [2802]}
07-05 20:11:57.543  9818  9818 V NearbyFragment: Transfer to Endpoint{id=njPJ, name=Galaxy S8 [2802]} complete
07-05 20:11:58.557  9818  9818 D NearbyFragment: onPayloadReceived(endpointId=njPJ, payload=com.google.android.gms.nearby.connection.Payload@81ed049)
07-05 20:11:59.387  9818 10383 V FfmpegTools: Retrieving duration of /storage/emulated/0/Download/Nearby/20200312_193728.mp4
07-05 20:11:59.398  9818 10083 W mobile-ffmpeg: [mov,mp4,m4a,3gp,3g2,mj2 @ 0x93809400] Found duplicated MOOV Atom. Skipped it
07-05 20:11:59.577  9818 10383 V FfmpegTools: Retrieving duration of /storage/emulated/0/Movies/summarised/20200312_193728.mp4
07-05 20:11:59.588  9818 10083 W mobile-ffmpeg: [mov,mp4,m4a,3gp,3g2,mj2 @ 0x8dc75200] Found duplicated MOOV Atom. Skipped it
07-05 20:11:59.733  9818 10383 W Summariser: Summarisation completed
07-05 20:11:59.733  9818 10383 W Summariser:   filename: 20200312_193728.mp4
07-05 20:11:59.733  9818 10383 W Summariser:   active sections: -1
07-05 20:11:59.733  9818 10383 W Summariser:   time: 37.682s
07-05 20:11:59.733  9818 10383 W Summariser:   original duration: 60.02
07-05 20:11:59.733  9818 10383 W Summariser:   summarised duration: 60.02
07-05 20:11:59.733  9818 10383 W Summariser:   noise tolerance: 45.00
07-05 20:11:59.733  9818 10383 W Summariser:   quality: 23
07-05 20:11:59.733  9818 10383 W Summariser:   speed: medium
07-05 20:11:59.733  9818 10383 W Summariser:   freeze duration: 1.00
07-05 20:11:59.734  9818 10383 V VideoManager: Retrieving video from /storage/emulated/0/Movies/summarised/20200312_193728.mp4
07-05 20:11:59.750  9818 10383 D VideoManager: videoCursor is null
07-05 20:11:59.804  9818 10383 V VideoManager: videoFromCursor
07-05 20:11:59.808  9818 10383 V SummarisedVideosEventHandler: onAdd
07-05 20:11:59.812  9818 10383 W NearbyFragment: Sending 20200312_193728.mp4 to Galaxy S8 [2802]
07-05 20:11:59.817  9818 10383 V ProcessingVideosEventHandler: onRemove
07-05 20:11:59.855  9818  9818 V NearbyFragment: Transfer to Endpoint{id=njPJ, name=Galaxy S8 [2802]} complete
07-05 20:11:59.863  9818  9831 D SummariserIntentService: Scanned /storage/emulated/0/Movies/summarised
07-05 20:11:59.863  9818  9831 D SummariserIntentService:   -> uri=content://media/external/file/1527
07-05 20:12:27.966  9818  9818 V NearbyFragment: Transfer to Endpoint{id=njPJ, name=Galaxy S8 [2802]} complete
07-05 20:12:27.968  9818  9818 W NearbyFragment: Completed downloading 20200312_193928.mp4 from Endpoint{id=njPJ, name=Galaxy S8 [2802]} in 30.451s
07-05 20:12:27.970  9818  9818 D NearbyFragment: Summarising 20200312_193928.mp4
07-05 20:12:27.970  9818  9818 V VideoManager: Retrieving video from /storage/emulated/0/Download/Nearby/20200312_193928.mp4
07-05 20:12:27.990  9818  9818 V VideoManager: videoFromCursor
07-05 20:12:27.993  9818  9818 V ProcessingVideosEventHandler: onAdd
07-05 20:12:27.994  9818  9818 V RawFootageEventHandler: onRemove
07-05 20:12:28.008  9818 10726 V SummariserIntentService: onHandleIntent
07-05 20:12:28.011  9818 10726 D SummariserIntentService: Video{id='1541', data='/storage/emulated/0/Download/Nearby/20200312_193928.mp4', name='20200312_193928.mp4', size=69990400, visible=true, mimeType='video/mp4'}
07-05 20:12:28.011  9818 10726 D SummariserIntentService: /storage/emulated/0/Movies/summarised/20200312_193928.mp4
07-05 20:12:28.018  9818 10726 I FfmpegTools: Running ffmpeg with:
07-05 20:12:28.018  9818 10726 I FfmpegTools:   -y -i /storage/emulated/0/Download/Nearby/20200312_193928.mp4 -vf freezedetect=n=-45.000000dB:d=1.000000,metadata=mode=print:file=/storage/emulated/0/Movies/raw/20200312_193928.txt -f null -
07-05 20:12:28.028  9818 10083 W mobile-ffmpeg: [mov,mp4,m4a,3gp,3g2,mj2 @ 0x8e05d400] Found duplicated MOOV Atom. Skipped it
07-05 20:12:28.056  9818  9818 V NearbyFragment: Transfer to Endpoint{id=njPJ, name=Galaxy S8 [2802]} complete
07-05 20:12:28.158  9818 10083 W mobile-ffmpeg: [graph 0 input from stream 0:0 @ 0x8e1721a0] sws_param option is deprecated and ignored
07-05 20:12:47.982  9818  9818 V NearbyFragment: Transfer to Endpoint{id=njPJ, name=Galaxy S8 [2802]} complete
07-05 20:12:56.204  9818 10726 W Summariser: No activity detected
07-05 20:12:56.206  9818 10726 V FfmpegTools: Retrieving duration of /storage/emulated/0/Download/Nearby/20200312_193928.mp4
07-05 20:12:56.217  9818 10083 W mobile-ffmpeg: [mov,mp4,m4a,3gp,3g2,mj2 @ 0x8e174c00] Found duplicated MOOV Atom. Skipped it
07-05 20:12:56.319  9818 10726 W Summariser: Summarisation completed
07-05 20:12:56.319  9818 10726 W Summariser:   filename: 20200312_193928.mp4
07-05 20:12:56.319  9818 10726 W Summariser:   active sections: 0
07-05 20:12:56.319  9818 10726 W Summariser:   time: 28.193s
07-05 20:12:56.319  9818 10726 W Summariser:   original duration: 60.89
07-05 20:12:56.319  9818 10726 W Summariser:   summarised duration: -1.00
07-05 20:12:56.319  9818 10726 W Summariser:   noise tolerance: 45.00
07-05 20:12:56.319  9818 10726 W Summariser:   quality: 23
07-05 20:12:56.319  9818 10726 W Summariser:   speed: medium
07-05 20:12:56.319  9818 10726 W Summariser:   freeze duration: 1.00
07-05 20:12:56.322  9818 10726 V ProcessingVideosEventHandler: onRemove
07-05 20:12:56.355  9818  9818 V NearbyFragment: Transfer to Endpoint{id=njPJ, name=Galaxy S8 [2802]} complete
07-05 20:12:56.553  9818  9871 D SummariserIntentService: Scanned /storage/emulated/0/Movies/summarised
07-05 20:12:56.553  9818  9871 D SummariserIntentService:   -> uri=content://media/external/file/1527
07-05 20:13:14.608  9818  9818 D NearbyFragment: onPayloadReceived(endpointId=njPJ, payload=com.google.android.gms.nearby.connection.Payload@5b17380)
07-05 20:13:14.611  9818  9818 V NearbyFragment: Started downloading SUMMARISE:-4948198456539911522:20200312_194229.mp4:45.0_1.0_23_medium from Endpoint{id=njPJ, name=Galaxy S8 [2802]}
07-05 20:13:14.643  9818  9818 D NearbyFragment: onPayloadReceived(endpointId=njPJ, payload=com.google.android.gms.nearby.connection.Payload@2bf5db9)
07-05 20:13:14.654  9818  9818 V NearbyFragment: Transfer to Endpoint{id=njPJ, name=Galaxy S8 [2802]} complete
07-05 20:13:35.167  9818  9818 V NearbyFragment: Transfer to Endpoint{id=njPJ, name=Galaxy S8 [2802]} complete
07-05 20:13:35.169  9818  9818 W NearbyFragment: Completed downloading 20200312_194229.mp4 from Endpoint{id=njPJ, name=Galaxy S8 [2802]} in 20.557s
07-05 20:13:35.171  9818  9818 D NearbyFragment: Summarising 20200312_194229.mp4
07-05 20:13:35.171  9818  9818 V VideoManager: Retrieving video from /storage/emulated/0/Download/Nearby/20200312_194229.mp4
07-05 20:13:35.185  9818  9818 V VideoManager: videoFromCursor
07-05 20:13:35.187  9818  9818 V ProcessingVideosEventHandler: onAdd
07-05 20:13:35.188  9818  9818 V RawFootageEventHandler: onRemove
07-05 20:13:35.203  9818 10834 V SummariserIntentService: onHandleIntent
07-05 20:13:35.204  9818 10834 D SummariserIntentService: Video{id='1544', data='/storage/emulated/0/Download/Nearby/20200312_194229.mp4', name='20200312_194229.mp4', size=69990400, visible=true, mimeType='video/mp4'}
07-05 20:13:35.204  9818 10834 D SummariserIntentService: /storage/emulated/0/Movies/summarised/20200312_194229.mp4
07-05 20:13:35.206  9818 10834 I FfmpegTools: Running ffmpeg with:
07-05 20:13:35.206  9818 10834 I FfmpegTools:   -y -i /storage/emulated/0/Download/Nearby/20200312_194229.mp4 -vf freezedetect=n=-45.000000dB:d=1.000000,metadata=mode=print:file=/storage/emulated/0/Movies/raw/20200312_194229.txt -f null -
07-05 20:13:35.213  9818  9818 V NearbyFragment: Transfer to Endpoint{id=njPJ, name=Galaxy S8 [2802]} complete
07-05 20:13:35.231  9818 10083 W mobile-ffmpeg: [mov,mp4,m4a,3gp,3g2,mj2 @ 0xa3992000] Found duplicated MOOV Atom. Skipped it
07-05 20:13:35.389  9818 10083 W mobile-ffmpeg: [graph 0 input from stream 0:0 @ 0x8e171d20] sws_param option is deprecated and ignored
07-05 20:13:45.723  9818  9818 D NearbyFragment: onPayloadReceived(endpointId=njPJ, payload=com.google.android.gms.nearby.connection.Payload@bf8f40a)
07-05 20:13:45.724  9818  9818 V NearbyFragment: Started downloading SUMMARISE:-8997789002224666166:20200312_194330.mp4:45.0_1.0_23_medium from Endpoint{id=njPJ, name=Galaxy S8 [2802]}
07-05 20:13:45.731  9818  9818 V NearbyFragment: Transfer to Endpoint{id=njPJ, name=Galaxy S8 [2802]} complete
07-05 20:13:45.791  9818  9818 D NearbyFragment: onPayloadReceived(endpointId=njPJ, payload=com.google.android.gms.nearby.connection.Payload@d17247b)
07-05 20:14:06.711  9818  9818 V NearbyFragment: Transfer to Endpoint{id=njPJ, name=Galaxy S8 [2802]} complete
07-05 20:14:06.713  9818  9818 W NearbyFragment: Completed downloading 20200312_194330.mp4 from Endpoint{id=njPJ, name=Galaxy S8 [2802]} in 20.987s
07-05 20:14:06.717  9818  9818 D NearbyFragment: Summarising 20200312_194330.mp4
