--------- beginning of main
--------- beginning of system
06-30 03:19:33.935  7519  7519 W LogFactory: Truncating log tag length as it exceed 23, the limit imposed by Android on certain API Levels
06-30 03:19:46.870  7519  7519 E TransferService: No notification is passed in the intent. Unable to transition to foreground.
06-30 03:19:46.983  7519  7519 W StaticLayout: maxLineHeight should not be -1.  maxLines:1 lineCount:1
06-30 03:19:46.998  7519  7519 W StaticLayout: maxLineHeight should not be -1.  maxLines:1 lineCount:1
06-30 03:19:47.017  7519  7519 W StaticLayout: maxLineHeight should not be -1.  maxLines:1 lineCount:1
06-30 03:19:47.064  7519  7572 W Adreno-EGL: <qeglDrvAPI_eglGetConfigAttrib:607>: EGL_BAD_ATTRIBUTE
06-30 03:19:47.066  7519  7572 W Adreno-EGL: <qeglDrvAPI_eglGetConfigAttrib:607>: EGL_BAD_ATTRIBUTE
06-30 03:19:47.071  7519  7519 W StaticLayout: maxLineHeight should not be -1.  maxLines:1 lineCount:1
06-30 03:19:47.083  7519  7519 W StaticLayout: maxLineHeight should not be -1.  maxLines:1 lineCount:1
06-30 03:20:13.414  7519  7572 W Adreno-EGL: <qeglDrvAPI_eglGetConfigAttrib:607>: EGL_BAD_ATTRIBUTE
06-30 03:20:30.082  7519  7572 W Adreno-EGL: <qeglDrvAPI_eglGetConfigAttrib:607>: EGL_BAD_ATTRIBUTE
06-30 03:28:41.753  7519  7519 W NearbyFragment: Completed downloading 20200312_194229!000.mp4 from Endpoint{id=diT4, name=Nexus 5X [34d8]} in 06.275s
06-30 03:28:47.131  7519  7939 W Summariser: 1 active sections found
06-30 03:29:04.010  7519  7939 W Summariser: Summarisation completed
06-30 03:29:04.010  7519  7939 W Summariser:   filename: 20200312_194229!000.mp4
06-30 03:29:04.010  7519  7939 W Summariser:   active sections: 1
06-30 03:29:04.010  7519  7939 W Summariser:   time: 22.019s
06-30 03:29:04.010  7519  7939 W Summariser:   original duration: 16.06
06-30 03:29:04.010  7519  7939 W Summariser:   summarised duration: 5.62
06-30 03:29:04.010  7519  7939 W Summariser:   noise tolerance: 45.00
06-30 03:29:04.010  7519  7939 W Summariser:   quality: 23
06-30 03:29:04.010  7519  7939 W Summariser:   speed: medium
06-30 03:29:04.010  7519  7939 W Summariser:   freeze duration: 1.00
06-30 03:29:04.049  7519  7939 W NearbyFragment: Sending 20200312_194229!000.mp4 to Nexus 5X [34d8]
06-30 03:29:08.494  7519  7519 W NearbyFragment: Completed downloading 20200312_194229!003.mp4 from Endpoint{id=diT4, name=Nexus 5X [34d8]} in 04.363s
06-30 03:29:13.076  7519  8066 W Summariser: No activity detected
06-30 03:29:13.150  7519  8066 W Summariser: Summarisation completed
06-30 03:29:13.150  7519  8066 W Summariser:   filename: 20200312_194229!003.mp4
06-30 03:29:13.150  7519  8066 W Summariser:   active sections: 0
06-30 03:29:13.150  7519  8066 W Summariser:   time: 04.422s
06-30 03:29:13.150  7519  8066 W Summariser:   original duration: 11.98
06-30 03:29:13.150  7519  8066 W Summariser:   summarised duration: -1.00
06-30 03:29:13.150  7519  8066 W Summariser:   noise tolerance: 45.00
06-30 03:29:13.150  7519  8066 W Summariser:   quality: 23
06-30 03:29:13.150  7519  8066 W Summariser:   speed: medium
06-30 03:29:13.150  7519  8066 W Summariser:   freeze duration: 1.00
06-30 03:31:06.792  7519  7519 W NearbyFragment: Completed downloading 20200312_194830!003.mp4 from Endpoint{id=diT4, name=Nexus 5X [34d8]} in 03.245s
06-30 03:31:10.852  7519  8233 W Summariser: No activity detected
06-30 03:31:10.928  7519  8233 W Summariser: Summarisation completed
06-30 03:31:10.928  7519  8233 W Summariser:   filename: 20200312_194830!003.mp4
06-30 03:31:10.928  7519  8233 W Summariser:   active sections: 0
06-30 03:31:10.928  7519  8233 W Summariser:   time: 03.986s
06-30 03:31:10.928  7519  8233 W Summariser:   original duration: 11.98
06-30 03:31:10.928  7519  8233 W Summariser:   summarised duration: -1.00
06-30 03:31:10.928  7519  8233 W Summariser:   noise tolerance: 45.00
06-30 03:31:10.928  7519  8233 W Summariser:   quality: 23
06-30 03:31:10.928  7519  8233 W Summariser:   speed: medium
06-30 03:31:10.928  7519  8233 W Summariser:   freeze duration: 1.00
06-30 03:31:17.822  7519  7519 W NearbyFragment: Completed downloading 20200312_194930!001.mp4 from Endpoint{id=diT4, name=Nexus 5X [34d8]} in 05.153s
06-30 03:31:23.926  7519  8316 W Summariser: 1 active sections found
06-30 03:31:29.040  7519  8316 W Summariser: Summarisation completed
06-30 03:31:29.040  7519  8316 W Summariser:   filename: 20200312_194930!001.mp4
06-30 03:31:29.040  7519  8316 W Summariser:   active sections: 1
06-30 03:31:29.040  7519  8316 W Summariser:   time: 11.005s
06-30 03:31:29.040  7519  8316 W Summariser:   original duration: 16.01
06-30 03:31:29.040  7519  8316 W Summariser:   summarised duration: 2.02
06-30 03:31:29.040  7519  8316 W Summariser:   noise tolerance: 45.00
06-30 03:31:29.040  7519  8316 W Summariser:   quality: 23
06-30 03:31:29.040  7519  8316 W Summariser:   speed: medium
06-30 03:31:29.040  7519  8316 W Summariser:   freeze duration: 1.00
06-30 03:31:29.077  7519  8316 W NearbyFragment: Sending 20200312_194930!001.mp4 to Nexus 5X [34d8]
06-30 03:31:33.101  7519  7519 W NearbyFragment: Completed downloading 20200312_194930!003.mp4 from Endpoint{id=diT4, name=Nexus 5X [34d8]} in 03.918s
06-30 03:31:38.002  7519  8399 W Summariser: 1 active sections found
06-30 03:32:05.999  7519  8399 W Summariser: Summarisation completed
06-30 03:32:05.999  7519  8399 W Summariser:   filename: 20200312_194930!003.mp4
06-30 03:32:05.999  7519  8399 W Summariser:   active sections: 1
06-30 03:32:05.999  7519  8399 W Summariser:   time: 32.711s
06-30 03:32:05.999  7519  8399 W Summariser:   original duration: 12.01
06-30 03:32:05.999  7519  8399 W Summariser:   summarised duration: 10.95
06-30 03:32:05.999  7519  8399 W Summariser:   noise tolerance: 45.00
06-30 03:32:05.999  7519  8399 W Summariser:   quality: 23
06-30 03:32:05.999  7519  8399 W Summariser:   speed: medium
06-30 03:32:05.999  7519  8399 W Summariser:   freeze duration: 1.00
06-30 03:32:06.045  7519  8399 W NearbyFragment: Sending 20200312_194930!003.mp4 to Nexus 5X [34d8]
06-30 03:32:11.058  7519  7519 W NearbyFragment: Completed downloading 20200312_195230!003.mp4 from Endpoint{id=diT4, name=Nexus 5X [34d8]} in 04.946s
06-30 03:32:15.670  7519  8494 W Summariser: No activity detected
06-30 03:32:15.743  7519  8494 W Summariser: Summarisation completed
06-30 03:32:15.743  7519  8494 W Summariser:   filename: 20200312_195230!003.mp4
06-30 03:32:15.743  7519  8494 W Summariser:   active sections: 0
06-30 03:32:15.743  7519  8494 W Summariser:   time: 04.552s
06-30 03:32:15.743  7519  8494 W Summariser:   original duration: 12.01
06-30 03:32:15.743  7519  8494 W Summariser:   summarised duration: -1.00
06-30 03:32:15.743  7519  8494 W Summariser:   noise tolerance: 45.00
06-30 03:32:15.743  7519  8494 W Summariser:   quality: 23
06-30 03:32:15.743  7519  8494 W Summariser:   speed: medium
06-30 03:32:15.743  7519  8494 W Summariser:   freeze duration: 1.00
06-30 03:33:00.439  7519  7519 W NearbyFragment: Completed downloading 20200312_195330!003.mp4 from Endpoint{id=diT4, name=Nexus 5X [34d8]} in 02.545s
06-30 03:33:04.896  7519  8523 W Summariser: 1 active sections found
06-30 03:33:13.880  7519  8523 W Summariser: Summarisation completed
06-30 03:33:13.880  7519  8523 W Summariser:   filename: 20200312_195330!003.mp4
06-30 03:33:13.880  7519  8523 W Summariser:   active sections: 1
06-30 03:33:13.880  7519  8523 W Summariser:   time: 13.193s
06-30 03:33:13.880  7519  8523 W Summariser:   original duration: 12.03
06-30 03:33:13.880  7519  8523 W Summariser:   summarised duration: 3.53
06-30 03:33:13.880  7519  8523 W Summariser:   noise tolerance: 45.00
06-30 03:33:13.880  7519  8523 W Summariser:   quality: 23
06-30 03:33:13.880  7519  8523 W Summariser:   speed: medium
06-30 03:33:13.880  7519  8523 W Summariser:   freeze duration: 1.00
06-30 03:33:13.912  7519  8523 W NearbyFragment: Sending 20200312_195330!003.mp4 to Nexus 5X [34d8]
06-30 03:33:18.447  7519  7519 W NearbyFragment: Completed downloading 20200312_195430!001.mp4 from Endpoint{id=diT4, name=Nexus 5X [34d8]} in 04.470s
06-30 03:33:24.029  7519  8615 W Summariser: 2 active sections found
06-30 03:33:39.419  7519  8615 W Summariser: Summarisation completed
06-30 03:33:39.419  7519  8615 W Summariser:   filename: 20200312_195430!001.mp4
06-30 03:33:39.419  7519  8615 W Summariser:   active sections: 2
06-30 03:33:39.419  7519  8615 W Summariser:   time: 20.775s
06-30 03:33:39.419  7519  8615 W Summariser:   original duration: 16.01
06-30 03:33:39.419  7519  8615 W Summariser:   summarised duration: 5.90
06-30 03:33:39.419  7519  8615 W Summariser:   noise tolerance: 45.00
06-30 03:33:39.419  7519  8615 W Summariser:   quality: 23
06-30 03:33:39.419  7519  8615 W Summariser:   speed: medium
06-30 03:33:39.419  7519  8615 W Summariser:   freeze duration: 1.00
06-30 03:33:39.449  7519  8615 W NearbyFragment: Sending 20200312_195430!001.mp4 to Nexus 5X [34d8]
