07-04 22:29:43.329  8343  8524 I mobile-ffmpeg: 
07-04 22:29:43.329  8343  8524 I mobile-ffmpeg: Stream mapping:
07-04 22:29:43.329  8343  8524 I mobile-ffmpeg:   Stream #0:0 -> #0:0
07-04 22:29:43.329  8343  8524 I mobile-ffmpeg:  (copy)
07-04 22:29:43.329  8343  8524 I mobile-ffmpeg: 
07-04 22:29:43.329  8343  8524 I mobile-ffmpeg:   Stream #0:1 -> #0:1
07-04 22:29:43.330  8343  8524 I mobile-ffmpeg:  (copy)
07-04 22:29:43.330  8343  8524 I mobile-ffmpeg: 
07-04 22:29:43.330  8343  8524 I mobile-ffmpeg: Press [q] to stop, [?] for help
07-04 22:29:43.330  8343  8524 I mobile-ffmpeg: frame=    1 fps=0.0 q=-1.0 size=N/A time=00:00:00.00 bitrate=N/A speed=  21x    
07-04 22:29:43.478  8343  8524 I mobile-ffmpeg: [segment @ 0x737f812000] Opening '/storage/emulated/0/Movies/segment/20200312_193728/20200312_193728!001.mp4' for writing
07-04 22:29:43.618  8343  8524 I mobile-ffmpeg: [segment @ 0x737f812000] Opening '/storage/emulated/0/Movies/segment/20200312_193728/20200312_193728!002.mp4' for writing
07-04 22:29:43.779  8343  8524 I mobile-ffmpeg: [segment @ 0x737f812000] Opening '/storage/emulated/0/Movies/segment/20200312_193728/20200312_193728!003.mp4' for writing
07-04 22:29:43.825  8343  8524 I mobile-ffmpeg: frame= 1518 fps=0.0 q=-1.0 size=N/A time=00:00:50.61 bitrate=N/A speed= 101x    
07-04 22:29:43.913  8343  8524 I mobile-ffmpeg: frame= 1800 fps=0.0 q=-1.0 Lsize=N/A time=00:01:00.01 bitrate=N/A speed= 102x    
07-04 22:29:43.913  8343  8524 I mobile-ffmpeg: video:61391kB audio:345kB subtitle:0kB other streams:0kB global headers:0kB muxing overhead: 
07-04 22:29:43.913  8343  8524 I mobile-ffmpeg: unknown
07-04 22:29:43.913  8343  8524 I mobile-ffmpeg: 
07-04 22:29:43.917  8343  8516 V FileManager: External storage is readable
07-04 22:29:43.918  8343  8516 V FileManager: Directory already exists: /storage/emulated/0/Movies/segment/20200312_193728
07-04 22:29:43.918  8343  8516 V VideoManager: Retrieving videos from /storage/emulated/0/Movies/segment/20200312_193728
07-04 22:29:43.919  8343  8516 V VideoManager: Retrieving video from /storage/emulated/0/Movies/segment/20200312_193728/20200312_193728!000.mp4
07-04 22:29:43.925  8343  8516 D VideoManager: videoCursor is null
07-04 22:29:44.069  8343  8343 D NearbyFragment: onPayloadReceived(endpointId=yOfc, payload=com.google.android.gms.nearby.connection.Payload@af4313c)
07-04 22:29:44.070  8343  8343 V NearbyFragment: Started downloading 20200312_193628!003.mp4 from Endpoint{id=yOfc, name=Galaxy S8 [2802]}
07-04 22:29:44.072  8343  8343 I NearbyFragment: Transfer queue is empty
07-04 22:29:44.073  8343  8343 V NearbyFragment: Transfer to Endpoint{id=yOfc, name=Galaxy S8 [2802]} complete
07-04 22:29:44.823  8343  8343 D NearbyFragment: onPayloadReceived(endpointId=yOfc, payload=com.google.android.gms.nearby.connection.Payload@1616ec5)
07-04 22:29:44.837  8343  8516 V VideoManager: videoFromCursor
07-04 22:29:44.841  8343  8516 V VideoManager: Retrieving video from /storage/emulated/0/Movies/segment/20200312_193728/20200312_193728!001.mp4
07-04 22:29:44.851  8343  8516 D VideoManager: videoCursor is null
07-04 22:29:44.879  8343  8516 V VideoManager: videoFromCursor
07-04 22:29:44.882  8343  8516 V VideoManager: Retrieving video from /storage/emulated/0/Movies/segment/20200312_193728/20200312_193728!002.mp4
07-04 22:29:44.891  8343  8516 D VideoManager: videoCursor is null
07-04 22:29:44.893  8343  8343 V NearbyFragment: Transfer to Endpoint{id=yOfc, name=Galaxy S8 [2802]} complete
07-04 22:29:44.894  8343  8343 W NearbyFragment: Completed downloading 20200312_193628!003.mp4 from Endpoint{id=yOfc, name=Galaxy S8 [2802]} in 00.823s
07-04 22:29:44.900  8343  8343 V FileManager: External storage is readable
07-04 22:29:44.901  8343  8343 V FileManager: Created new directory: /storage/emulated/0/Movies/segment-sum/20200312_193628
07-04 22:29:44.919  8343  8516 V VideoManager: videoFromCursor
07-04 22:29:44.922  8343  8516 V VideoManager: Retrieving video from /storage/emulated/0/Movies/segment/20200312_193728/20200312_193728!003.mp4
07-04 22:29:44.929  8343  8516 D VideoManager: videoCursor is null
07-04 22:29:44.947  8343  8343 D NearbyFragment: Received all summarised video segments of 20200312_193628
07-04 22:29:44.951  8343  8516 V VideoManager: videoFromCursor
07-04 22:29:44.952  8343  8343 V FileManager: External storage is readable
07-04 22:29:44.952  8343  8343 V FileManager: Directory already exists: /storage/emulated/0/Movies/segment-sum/20200312_193628
07-04 22:29:44.953  8343  8343 D FfmpegTools: Merging /storage/emulated/0/Movies/summarised/20200312_193628.mp4
07-04 22:29:44.954  8343  8343 V FfmpegTools: Retrieving duration of /storage/emulated/0/Movies/segment-sum/20200312_193628/20200312_193628!003.mp4
07-04 22:29:44.957  8343  8516 V NearbyFragment: nextTransfer with selected algorithm: best_or_local
07-04 22:29:44.960  8343  8516 W NearbyFragment: Sending 20200312_193728!000.mp4 to Galaxy S8 [2802]
07-04 22:29:44.990  8343  8524 I mobile-ffmpeg: Input #0, mov,mp4,m4a,3gp,3g2,mj2, from '/storage/emulated/0/Movies/segment-sum/20200312_193628/20200312_193628!003.mp4':
07-04 22:29:44.990  8343  8524 I mobile-ffmpeg:   Metadata:
07-04 22:29:44.990  8343  8524 I mobile-ffmpeg:     major_brand     : 
07-04 22:29:44.990  8343  8524 I mobile-ffmpeg: isom
07-04 22:29:44.990  8343  8524 I mobile-ffmpeg: 
07-04 22:29:44.990  8343  8524 I mobile-ffmpeg:     minor_version   : 
07-04 22:29:44.990  8343  8524 I mobile-ffmpeg: 512
07-04 22:29:44.990  8343  8524 I mobile-ffmpeg: 
07-04 22:29:44.990  8343  8524 I mobile-ffmpeg:     compatible_brands: 
07-04 22:29:44.990  8343  8524 I mobile-ffmpeg: isomiso2avc1mp41
07-04 22:29:44.990  8343  8524 I mobile-ffmpeg: 
07-04 22:29:44.990  8343  8524 I mobile-ffmpeg:     encoder         : 
07-04 22:29:44.990  8343  8524 I mobile-ffmpeg: Lavf58.42.100
07-04 22:29:44.990  8343  8524 I mobile-ffmpeg: 
07-04 22:29:44.990  8343  8524 I mobile-ffmpeg:   Duration: 
07-04 22:29:44.991  8343  8524 I mobile-ffmpeg: 00:00:06.16
07-04 22:29:44.991  8343  8524 I mobile-ffmpeg: , start: 
07-04 22:29:44.991  8343  8524 I mobile-ffmpeg: 0.000000
07-04 22:29:44.991  8343  8524 I mobile-ffmpeg: , bitrate: 
07-04 22:29:44.991  8343  8524 I mobile-ffmpeg: 1338 kb/s
07-04 22:29:44.991  8343  8524 I mobile-ffmpeg: 
07-04 22:29:44.991  8343  8524 I mobile-ffmpeg:     Stream #0:0
07-04 22:29:44.991  8343  8524 I mobile-ffmpeg: (und)
07-04 22:29:44.991  8343  8524 I mobile-ffmpeg: : Video: h264 (avc1 / 0x31637661), yuvj420p(pc), 1280x720, 1264 kb/s
07-04 22:29:44.991  8343  8524 I mobile-ffmpeg: , 
07-04 22:29:44.991  8343  8524 I mobile-ffmpeg: 29.97 fps, 
07-04 22:29:44.991  8343  8524 I mobile-ffmpeg: 29.97 tbr, 
07-04 22:29:44.991  8343  8524 I mobile-ffmpeg: 30k tbn, 
07-04 22:29:44.991  8343  8524 I mobile-ffmpeg: 59.94 tbc
07-04 22:29:44.991  8343  8524 I mobile-ffmpeg:  (default)
07-04 22:29:44.991  8343  8524 I mobile-ffmpeg: 
07-04 22:29:44.991  8343  8524 I mobile-ffmpeg:     Metadata:
07-04 22:29:44.991  8343  8524 I mobile-ffmpeg:       handler_name    : 
07-04 22:29:44.992  8343  8524 I mobile-ffmpeg: VideoHandler
07-04 22:29:44.992  8343  8524 I mobile-ffmpeg: 
07-04 22:29:44.992  8343  8524 I mobile-ffmpeg:     Stream #0:1
07-04 22:29:44.992  8343  8524 I mobile-ffmpeg: (und)
07-04 22:29:44.992  8343  8524 I mobile-ffmpeg: : Audio: aac (mp4a / 0x6134706D), 16000 Hz, stereo, fltp, 85 kb/s
07-04 22:29:44.992  8343  8524 I mobile-ffmpeg:  (default)
07-04 22:29:44.992  8343  8524 I mobile-ffmpeg: 
07-04 22:29:44.992  8343  8524 I mobile-ffmpeg:     Metadata:
07-04 22:29:44.992  8343  8524 I mobile-ffmpeg:       handler_name    : 
07-04 22:29:44.992  8343  8524 I mobile-ffmpeg: SoundHandler
07-04 22:29:44.992  8343  8524 I mobile-ffmpeg: 
07-04 22:29:45.007  8343  8343 W FfmpegTools: Single segment returned, duration of 20200312_193628: 6.16
07-04 22:29:45.065  8343  8343 V VideoManager: Retrieving video from /storage/emulated/0/Movies/summarised/20200312_193628.mp4
07-04 22:29:45.073  8343  8343 V VideoManager: videoFromCursor
07-04 22:29:45.078  8343  8343 V SummarisedVideosEventHandler: onAdd
07-04 22:29:45.079  8343  8343 V RawFootageEventHandler: removeByName
07-04 22:29:45.081  8343  8343 V ProcessingVideosEventHandler: removeByName
07-04 22:29:45.082  8343  8343 V NearbyFragment: Removing video segment map for 20200312_193628
07-04 22:29:45.083  8343  8343 V NearbyFragment: Transfer to Endpoint{id=yOfc, name=Galaxy S8 [2802]} complete
07-04 22:29:45.966  8343  8516 V DownloadTestVideosTask: Starting DownloadTestVideosTask
07-04 22:29:45.968  8343  8516 V DashDownloadManager: Started downloading: 20200312_193828.mp4
07-04 22:29:46.951  8343  8343 V NearbyFragment: Transfer to Endpoint{id=yOfc, name=Galaxy S8 [2802]} complete
07-04 22:29:47.371  8343  8343 D NearbyFragment: onPayloadReceived(endpointId=yOfc, payload=com.google.android.gms.nearby.connection.Payload@5a4593b)
07-04 22:29:47.375  8343  8343 D NearbyFragment: Endpoint{id=yOfc, name=Galaxy S8 [2802]} has finished downloading 20200312_193728!000.mp4
07-04 22:29:47.379  8343  8343 V NearbyFragment: Transfer to Endpoint{id=yOfc, name=Galaxy S8 [2802]} complete
07-04 22:29:50.373  8343  8343 D NearbyFragment: onPayloadReceived(endpointId=yOfc, payload=com.google.android.gms.nearby.connection.Payload@8cc2858)
07-04 22:29:50.393  8343  8343 D NearbyFragment: onPayloadReceived(endpointId=yOfc, payload=com.google.android.gms.nearby.connection.Payload@f482db1)
07-04 22:29:50.393  8343  8343 V NearbyFragment: Started downloading 20200312_193728!000.mp4 from Endpoint{id=yOfc, name=Galaxy S8 [2802]}
07-04 22:29:50.396  8343  8343 V NearbyFragment: nextTransfer with selected algorithm: best_or_local
07-04 22:29:50.399  8343  8343 W NearbyFragment: Sending 20200312_193728!001.mp4 to Galaxy S8 [2802]
07-04 22:29:50.406  8343  8343 V NearbyFragment: Transfer to Endpoint{id=yOfc, name=Galaxy S8 [2802]} complete
07-04 22:29:50.415  8343  8343 V NearbyFragment: Transfer to Endpoint{id=yOfc, name=Galaxy S8 [2802]} complete
07-04 22:29:52.251  8343  8343 V NearbyFragment: Transfer to Endpoint{id=yOfc, name=Galaxy S8 [2802]} complete
07-04 22:29:52.252  8343  8343 W NearbyFragment: Completed downloading 20200312_193728!000.mp4 from Endpoint{id=yOfc, name=Galaxy S8 [2802]} in 01.857s
07-04 22:29:52.258  8343  8343 V FileManager: External storage is readable
07-04 22:29:52.259  8343  8343 V FileManager: Created new directory: /storage/emulated/0/Movies/segment-sum/20200312_193728
07-04 22:29:53.032  8343  8343 V NearbyFragment: Received a segment of 20200312_193728
07-04 22:29:53.753  8343  8343 V NearbyFragment: Transfer to Endpoint{id=yOfc, name=Galaxy S8 [2802]} complete
07-04 22:29:54.435  8343  8343 D NearbyFragment: onPayloadReceived(endpointId=yOfc, payload=com.google.android.gms.nearby.connection.Payload@6077204)
07-04 22:29:54.437  8343  8343 D NearbyFragment: Endpoint{id=yOfc, name=Galaxy S8 [2802]} has finished downloading 20200312_193728!001.mp4
07-04 22:29:54.489  8343  8343 V NearbyFragment: Transfer to Endpoint{id=yOfc, name=Galaxy S8 [2802]} complete
07-04 22:29:57.086  8343  8343 D NearbyFragment: onPayloadReceived(endpointId=yOfc, payload=com.google.android.gms.nearby.connection.Payload@900f3ed)
07-04 22:29:57.087  8343  8343 V NearbyFragment: Started downloading 20200312_193728!001.mp4 from Endpoint{id=yOfc, name=Galaxy S8 [2802]}
07-04 22:29:57.091  8343  8343 V NearbyFragment: nextTransfer with selected algorithm: best_or_local
07-04 22:29:57.093  8343  8343 W NearbyFragment: Sending 20200312_193728!002.mp4 to Galaxy S8 [2802]
07-04 22:29:57.098  8343  8343 V NearbyFragment: Transfer to Endpoint{id=yOfc, name=Galaxy S8 [2802]} complete
07-04 22:29:57.109  8343  8343 V NearbyFragment: Transfer to Endpoint{id=yOfc, name=Galaxy S8 [2802]} complete
07-04 22:29:57.141  8343  8343 D NearbyFragment: onPayloadReceived(endpointId=yOfc, payload=com.google.android.gms.nearby.connection.Payload@28baa70)
07-04 22:29:58.829  8343  8343 V NearbyFragment: Transfer to Endpoint{id=yOfc, name=Galaxy S8 [2802]} complete
07-04 22:29:58.830  8343  8343 W NearbyFragment: Completed downloading 20200312_193728!001.mp4 from Endpoint{id=yOfc, name=Galaxy S8 [2802]} in 01.742s
07-04 22:29:58.835  8343  8343 V FileManager: External storage is readable
07-04 22:29:58.835  8343  8343 V FileManager: Directory already exists: /storage/emulated/0/Movies/segment-sum/20200312_193728
07-04 22:30:00.420  8343  8343 V NearbyFragment: Received a segment of 20200312_193728
07-04 22:30:02.059  8343  8343 V NearbyFragment: Transfer to Endpoint{id=yOfc, name=Galaxy S8 [2802]} complete
07-04 22:30:02.760  8343  8343 D NearbyFragment: onPayloadReceived(endpointId=yOfc, payload=com.google.android.gms.nearby.connection.Payload@605e1e9)
07-04 22:30:02.762  8343  8343 D NearbyFragment: Endpoint{id=yOfc, name=Galaxy S8 [2802]} has finished downloading 20200312_193728!002.mp4
07-04 22:30:02.805  8343  8343 V NearbyFragment: Transfer to Endpoint{id=yOfc, name=Galaxy S8 [2802]} complete
07-04 22:30:05.336  8343  8343 D NearbyFragment: onPayloadReceived(endpointId=yOfc, payload=com.google.android.gms.nearby.connection.Payload@e8c5e6e)
07-04 22:30:05.337  8343  8343 V NearbyFragment: Started downloading 20200312_193728!002.mp4 from Endpoint{id=yOfc, name=Galaxy S8 [2802]}
07-04 22:30:05.340  8343  8343 V NearbyFragment: nextTransfer with selected algorithm: best_or_local
07-04 22:30:05.345  8343  8343 W NearbyFragment: Sending 20200312_193728!003.mp4 to Galaxy S8 [2802]
07-04 22:30:05.352  8343  8343 V NearbyFragment: Transfer to Endpoint{id=yOfc, name=Galaxy S8 [2802]} complete
07-04 22:30:05.366  8343  8343 V NearbyFragment: Transfer to Endpoint{id=yOfc, name=Galaxy S8 [2802]} complete
07-04 22:30:05.615  8343  8343 D NearbyFragment: onPayloadReceived(endpointId=yOfc, payload=com.google.android.gms.nearby.connection.Payload@151b3a5)
07-04 22:30:07.494  8343  8343 V NearbyFragment: Transfer to Endpoint{id=yOfc, name=Galaxy S8 [2802]} complete
07-04 22:30:07.497  8343  8343 W NearbyFragment: Completed downloading 20200312_193728!002.mp4 from Endpoint{id=yOfc, name=Galaxy S8 [2802]} in 02.157s
07-04 22:30:07.502  8343  8343 V FileManager: External storage is readable
07-04 22:30:07.503  8343  8343 V FileManager: Directory already exists: /storage/emulated/0/Movies/segment-sum/20200312_193728
07-04 22:30:08.259  8343  8343 V NearbyFragment: Received a segment of 20200312_193728
07-04 22:30:08.260  8343  8343 V NearbyFragment: Transfer to Endpoint{id=yOfc, name=Galaxy S8 [2802]} complete
07-04 22:30:08.487  8343  8343 D NearbyFragment: onPayloadReceived(endpointId=yOfc, payload=com.google.android.gms.nearby.connection.Payload@b23f37a)
07-04 22:30:08.488  8343  8343 D NearbyFragment: Endpoint{id=yOfc, name=Galaxy S8 [2802]} has finished downloading 20200312_193728!003.mp4
07-04 22:30:08.490  8343  8343 V NearbyFragment: Transfer to Endpoint{id=yOfc, name=Galaxy S8 [2802]} complete
07-04 22:30:10.580  8343  8343 D NearbyFragment: onPayloadReceived(endpointId=yOfc, payload=com.google.android.gms.nearby.connection.Payload@cda072b)
07-04 22:30:10.582  8343  8343 V NearbyFragment: Started downloading 20200312_193728!003.mp4 from Endpoint{id=yOfc, name=Galaxy S8 [2802]}
07-04 22:30:10.583  8343  8343 I NearbyFragment: Transfer queue is empty
07-04 22:30:10.605  8343  8343 V NearbyFragment: Transfer to Endpoint{id=yOfc, name=Galaxy S8 [2802]} complete
07-04 22:30:10.664  8343  8343 D NearbyFragment: onPayloadReceived(endpointId=yOfc, payload=com.google.android.gms.nearby.connection.Payload@d465788)
07-04 22:30:11.733  8343  8343 V NearbyFragment: Transfer to Endpoint{id=yOfc, name=Galaxy S8 [2802]} complete
07-04 22:30:11.733  8343  8343 W NearbyFragment: Completed downloading 20200312_193728!003.mp4 from Endpoint{id=yOfc, name=Galaxy S8 [2802]} in 01.151s
07-04 22:30:11.739  8343  8343 V FileManager: External storage is readable
07-04 22:30:11.739  8343  8343 V FileManager: Directory already exists: /storage/emulated/0/Movies/segment-sum/20200312_193728
07-04 22:30:12.090  8343  8516 V VideoManager: Retrieving video from /storage/emulated/0/Movies/raw/20200312_193828.mp4
07-04 22:30:12.102  8343  8516 D VideoManager: videoCursor is null
07-04 22:30:12.375  8343  8343 D NearbyFragment: Received all summarised video segments of 20200312_193728
07-04 22:30:12.383  8343  8343 V FileManager: External storage is readable
07-04 22:30:12.384  8343  8343 V FileManager: Directory already exists: /storage/emulated/0/Movies/segment-sum/20200312_193728
07-04 22:30:12.387  8343  8343 D FfmpegTools: Merging /storage/emulated/0/Movies/summarised/20200312_193728.mp4
07-04 22:30:12.394  8343  8343 V FileManager: External storage is readable
07-04 22:30:12.395  8343  8343 V FileManager: Directory already exists: /storage/emulated/0/Movies/segment/20200312_193728
07-04 22:30:12.400  8343  8343 I FfmpegTools: Running ffmpeg with:
07-04 22:30:12.400  8343  8343 I FfmpegTools:   -y -f concat -safe 0 -i /storage/emulated/0/Movies/segment/20200312_193728/paths.txt -c copy /storage/emulated/0/Movies/summarised/20200312_193728.mp4
07-04 22:30:12.449  8343  8516 V VideoManager: videoFromCursor
07-04 22:30:12.452  8343  8516 W DashDownloadManager: Successfully downloaded 20200312_193828.mp4 in 26.120s
07-04 22:30:12.452  8343  8516 V DownloadTestVideosTask: Entering callback for download completion of 20200312_193828.mp4
07-04 22:30:12.453  8343  8516 V RawFootageEventHandler: onAdd
07-04 22:30:12.454  8343  8516 V FfmpegTools: Retrieving duration of /storage/emulated/0/Movies/raw/20200312_193828.mp4
07-04 22:30:12.461  8343  8524 W mobile-ffmpeg: [mov,mp4,m4a,3gp,3g2,mj2 @ 0x73954b7e00] Found duplicated MOOV Atom. Skipped it
07-04 22:30:12.462  8343  8524 I mobile-ffmpeg: [mov,mp4,m4a,3gp,3g2,mj2 @ 0x73929efe00] Auto-inserting h264_mp4toannexb bitstream filter
07-04 22:30:12.510  8343  8524 I mobile-ffmpeg: Input #0, concat, from '/storage/emulated/0/Movies/segment/20200312_193728/paths.txt':
07-04 22:30:12.510  8343  8524 I mobile-ffmpeg:   Duration: 
07-04 22:30:12.510  8343  8524 I mobile-ffmpeg: N/A
07-04 22:30:12.510  8343  8524 I mobile-ffmpeg: , start: 
07-04 22:30:12.510  8343  8524 I mobile-ffmpeg: 0.000000
07-04 22:30:12.510  8343  8524 I mobile-ffmpeg: , bitrate: 
07-04 22:30:12.510  8343  8524 I mobile-ffmpeg: 8416 kb/s
07-04 22:30:12.510  8343  8524 I mobile-ffmpeg: 
07-04 22:30:12.510  8343  8524 I mobile-ffmpeg:     Stream #0:0
07-04 22:30:12.510  8343  8524 I mobile-ffmpeg: (eng)
07-04 22:30:12.511  8343  8524 I mobile-ffmpeg: : Video: h264 (avc1 / 0x31637661), yuvj420p(pc, bt709), 1280x720, 8369 kb/s
07-04 22:30:12.511  8343  8524 I mobile-ffmpeg: , 
07-04 22:30:12.511  8343  8524 I mobile-ffmpeg: 29.97 fps, 
07-04 22:30:12.511  8343  8524 I mobile-ffmpeg: 29.97 tbr, 
07-04 22:30:12.511  8343  8524 I mobile-ffmpeg: 16k tbn, 
07-04 22:30:12.511  8343  8524 I mobile-ffmpeg: 32k tbc
07-04 22:30:12.511  8343  8524 I mobile-ffmpeg: 
07-04 22:30:12.511  8343  8524 I mobile-ffmpeg:     Metadata:
07-04 22:30:12.511  8343  8524 I mobile-ffmpeg:       handler_name    : 
07-04 22:30:12.511  8343  8524 I mobile-ffmpeg: PittaSoft Video Media Handler
07-04 22:30:12.511  8343  8524 I mobile-ffmpeg: 
07-04 22:30:12.511  8343  8524 I mobile-ffmpeg:     Stream #0:1
07-04 22:30:12.511  8343  8524 I mobile-ffmpeg: (eng)
07-04 22:30:12.511  8343  8524 I mobile-ffmpeg: : Audio: aac (mp4a / 0x6134706D), 16000 Hz, stereo, fltp, 47 kb/s
07-04 22:30:12.511  8343  8524 I mobile-ffmpeg: 
07-04 22:30:12.511  8343  8524 I mobile-ffmpeg:     Metadata:
07-04 22:30:12.511  8343  8524 I mobile-ffmpeg:       handler_name    : 
07-04 22:30:12.511  8343  8524 I mobile-ffmpeg: PittaSoft Sound Media Handler
07-04 22:30:12.512  8343  8524 I mobile-ffmpeg: 
07-04 22:30:12.512  8343  8524 I mobile-ffmpeg: Output #0, mp4, to '/storage/emulated/0/Movies/summarised/20200312_193728.mp4':
07-04 22:30:12.512  8343  8524 I mobile-ffmpeg:   Metadata:
07-04 22:30:12.512  8343  8524 I mobile-ffmpeg:     encoder         : 
07-04 22:30:12.512  8343  8524 I mobile-ffmpeg: Lavf58.42.100
07-04 22:30:12.513  8343  8524 I mobile-ffmpeg: 
07-04 22:30:12.513  8343  8524 I mobile-ffmpeg:     Stream #0:0
07-04 22:30:12.513  8343  8524 I mobile-ffmpeg: (eng)
07-04 22:30:12.513  8343  8524 I mobile-ffmpeg: : Video: h264 (avc1 / 0x31637661), yuvj420p(pc, bt709), 1280x720, q=2-31, 8369 kb/s
07-04 22:30:12.513  8343  8524 I mobile-ffmpeg: , 
07-04 22:30:12.513  8343  8524 I mobile-ffmpeg: 29.97 fps, 
07-04 22:30:12.513  8343  8524 I mobile-ffmpeg: 29.97 tbr, 
07-04 22:30:12.513  8343  8524 I mobile-ffmpeg: 16k tbn, 
07-04 22:30:12.513  8343  8524 I mobile-ffmpeg: 16k tbc
07-04 22:30:12.513  8343  8524 I mobile-ffmpeg: 
07-04 22:30:12.513  8343  8524 I mobile-ffmpeg:     Metadata:
07-04 22:30:12.513  8343  8524 I mobile-ffmpeg:       handler_name    : 
07-04 22:30:12.513  8343  8524 I mobile-ffmpeg: PittaSoft Video Media Handler
07-04 22:30:12.513  8343  8524 I mobile-ffmpeg: 
07-04 22:30:12.513  8343  8524 I mobile-ffmpeg:     Stream #0:1
07-04 22:30:12.513  8343  8524 I mobile-ffmpeg: (eng)
07-04 22:30:12.513  8343  8524 I mobile-ffmpeg: : Audio: aac (mp4a / 0x6134706D), 16000 Hz, stereo, fltp, 47 kb/s
07-04 22:30:12.513  8343  8524 I mobile-ffmpeg: 
07-04 22:30:12.513  8343  8524 I mobile-ffmpeg:     Metadata:
07-04 22:30:12.513  8343  8524 I mobile-ffmpeg:       handler_name    : 
07-04 22:30:12.513  8343  8524 I mobile-ffmpeg: PittaSoft Sound Media Handler
07-04 22:30:12.513  8343  8524 I mobile-ffmpeg: 
07-04 22:30:12.513  8343  8524 I mobile-ffmpeg: Stream mapping:
07-04 22:30:12.513  8343  8524 I mobile-ffmpeg:   Stream #0:0 -> #0:0
07-04 22:30:12.513  8343  8524 I mobile-ffmpeg:  (copy)
07-04 22:30:12.513  8343  8524 I mobile-ffmpeg: 
07-04 22:30:12.514  8343  8524 I mobile-ffmpeg:   Stream #0:1 -> #0:1
07-04 22:30:12.514  8343  8524 I mobile-ffmpeg:  (copy)
07-04 22:30:12.514  8343  8524 I mobile-ffmpeg: 
07-04 22:30:12.514  8343  8524 I mobile-ffmpeg: Press [q] to stop, [?] for help
07-04 22:30:12.514  8343  8524 I mobile-ffmpeg: frame=    1 fps=0.0 q=-1.0 size=       0kB time=00:00:00.00 bitrate=6095.2kbits/s speed=31.5x    
07-04 22:30:12.555  8343  8524 I mobile-ffmpeg: Input #0, mov,mp4,m4a,3gp,3g2,mj2, from '/storage/emulated/0/Movies/raw/20200312_193828.mp4':
07-04 22:30:12.555  8343  8524 I mobile-ffmpeg:   Metadata:
07-04 22:30:12.555  8343  8524 I mobile-ffmpeg:     creation_time   : 
07-04 22:30:12.555  8343  8524 I mobile-ffmpeg: 2020-03-12T08:39:28.000000Z
07-04 22:30:12.555  8343  8524 I mobile-ffmpeg: 
07-04 22:30:12.555  8343  8524 I mobile-ffmpeg:     major_brand     : 
07-04 22:30:12.555  8343  8524 I mobile-ffmpeg: mp42
07-04 22:30:12.555  8343  8524 I mobile-ffmpeg: 
07-04 22:30:12.555  8343  8524 I mobile-ffmpeg:     minor_version   : 
07-04 22:30:12.555  8343  8524 I mobile-ffmpeg: 1
07-04 22:30:12.555  8343  8524 I mobile-ffmpeg: 
07-04 22:30:12.555  8343  8524 I mobile-ffmpeg:     compatible_brands: 
07-04 22:30:12.555  8343  8524 I mobile-ffmpeg: mp42mp42
07-04 22:30:12.556  8343  8524 I mobile-ffmpeg: 
07-04 22:30:12.556  8343  8524 I mobile-ffmpeg:   Duration: 
07-04 22:30:12.556  8343  8524 I mobile-ffmpeg: 00:01:00.02
07-04 22:30:12.556  8343  8524 I mobile-ffmpeg: , start: 
07-04 22:30:12.556  8343  8524 I mobile-ffmpeg: 0.000000
07-04 22:30:12.556  8343  8524 I mobile-ffmpeg: , bitrate: 
07-04 22:30:12.556  8343  8524 I mobile-ffmpeg: 9328 kb/s
07-04 22:30:12.556  8343  8524 I mobile-ffmpeg: 
07-04 22:30:12.556  8343  8524 I mobile-ffmpeg:     Stream #0:0
07-04 22:30:12.556  8343  8524 I mobile-ffmpeg: (eng)
07-04 22:30:12.556  8343  8524 I mobile-ffmpeg: : Video: h264 (avc1 / 0x31637661), yuvj420p(pc, bt709), 1280x720, 8385 kb/s
07-04 22:30:12.556  8343  8524 I mobile-ffmpeg: , 
07-04 22:30:12.556  8343  8524 I mobile-ffmpeg: 29.97 fps, 
07-04 22:30:12.556  8343  8524 I mobile-ffmpeg: 29.97 tbr, 
07-04 22:30:12.556  8343  8524 I mobile-ffmpeg: 1k tbn, 
07-04 22:30:12.556  8343  8524 I mobile-ffmpeg: 2k tbc
07-04 22:30:12.556  8343  8524 I mobile-ffmpeg:  (default)
07-04 22:30:12.556  8343  8524 I mobile-ffmpeg: 
07-04 22:30:12.556  8343  8524 I mobile-ffmpeg:     Metadata:
07-04 22:30:12.556  8343  8524 I mobile-ffmpeg:       creation_time   : 
07-04 22:30:12.556  8343  8524 I mobile-ffmpeg: 2020-03-12T08:39:28.000000Z
07-04 22:30:12.556  8343  8524 I mobile-ffmpeg: 
07-04 22:30:12.556  8343  8524 I mobile-ffmpeg:       handler_name    : 
07-04 22:30:12.556  8343  8524 I mobile-ffmpeg: PittaSoft Video Media Handler
07-04 22:30:12.556  8343  8524 I mobile-ffmpeg: 
07-04 22:30:12.556  8343  8524 I mobile-ffmpeg:     Stream #0:1
07-04 22:30:12.557  8343  8524 I mobile-ffmpeg: (eng)
07-04 22:30:12.557  8343  8524 I mobile-ffmpeg: : Audio: aac (mp4a / 0x6134706D), 16000 Hz, stereo, fltp, 47 kb/s
07-04 22:30:12.557  8343  8524 I mobile-ffmpeg:  (default)
07-04 22:30:12.557  8343  8524 I mobile-ffmpeg: 
07-04 22:30:12.557  8343  8524 I mobile-ffmpeg:     Metadata:
07-04 22:30:12.557  8343  8524 I mobile-ffmpeg:       creation_time   : 
07-04 22:30:12.557  8343  8524 I mobile-ffmpeg: 2020-03-12T08:39:28.000000Z
07-04 22:30:12.557  8343  8524 I mobile-ffmpeg: 
07-04 22:30:12.557  8343  8524 I mobile-ffmpeg:       handler_name    : 
07-04 22:30:12.557  8343  8524 I mobile-ffmpeg: PittaSoft Sound Media Handler
07-04 22:30:12.557  8343  8524 I mobile-ffmpeg: 
07-04 22:30:12.765  8343  8524 I mobile-ffmpeg: [mov,mp4,m4a,3gp,3g2,mj2 @ 0x73929efe00] Auto-inserting h264_mp4toannexb bitstream filter
07-04 22:30:12.962  8343  8516 E FfmpegTools: ffmpeg-mobile error, could not retrieve duration of /storage/emulated/0/Movies/raw/20200312_193828.mp4
07-04 22:30:12.966  8343  8516 V FileManager: External storage is readable
07-04 22:30:12.967  8343  8516 V FileManager: Created new directory: /storage/emulated/0/Movies/segment/20200312_193828
07-04 22:30:12.968  8343  8516 V FfmpegTools: Splitting /storage/emulated/0/Movies/raw/20200312_193828.mp4 with 0s long segments
07-04 22:30:12.968  8343  8516 I FfmpegTools: Running ffmpeg with:
07-04 22:30:12.968  8343  8516 I FfmpegTools:   -y -i /storage/emulated/0/Movies/raw/20200312_193828.mp4 -map 0 -c copy -f segment -reset_timestamps 1 -segment_time 0 /storage/emulated/0/Movies/segment/20200312_193828/20200312_193828!%03d.mp4
07-04 22:30:12.983  8343  8524 W mobile-ffmpeg: [mov,mp4,m4a,3gp,3g2,mj2 @ 0x73954b7e00] Found duplicated MOOV Atom. Skipped it
07-04 22:30:13.024  8343  8524 I mobile-ffmpeg: [mov,mp4,m4a,3gp,3g2,mj2 @ 0x73929efe00] Auto-inserting h264_mp4toannexb bitstream filter
07-04 22:30:13.024  8343  8524 I mobile-ffmpeg: frame=  962 fps=0.0 q=-1.0 size=   32768kB time=00:00:32.11 bitrate=8359.6kbits/s speed=62.9x    
07-04 22:30:13.073  8343  8524 I mobile-ffmpeg: Input #0, mov,mp4,m4a,3gp,3g2,mj2, from '/storage/emulated/0/Movies/raw/20200312_193828.mp4':
07-04 22:30:13.073  8343  8524 I mobile-ffmpeg:   Metadata:
07-04 22:30:13.073  8343  8524 I mobile-ffmpeg:     creation_time   : 
07-04 22:30:13.073  8343  8524 I mobile-ffmpeg: 2020-03-12T08:39:28.000000Z
07-04 22:30:13.074  8343  8524 I mobile-ffmpeg: 
07-04 22:30:13.074  8343  8524 I mobile-ffmpeg:     major_brand     : 
07-04 22:30:13.074  8343  8524 I mobile-ffmpeg: mp42
07-04 22:30:13.074  8343  8524 I mobile-ffmpeg: 
07-04 22:30:13.074  8343  8524 I mobile-ffmpeg:     minor_version   : 
07-04 22:30:13.074  8343  8524 I mobile-ffmpeg: 1
07-04 22:30:13.074  8343  8524 I mobile-ffmpeg: 
07-04 22:30:13.074  8343  8524 I mobile-ffmpeg:     compatible_brands: 
07-04 22:30:13.074  8343  8524 I mobile-ffmpeg: mp42mp42
07-04 22:30:13.074  8343  8524 I mobile-ffmpeg: 
07-04 22:30:13.074  8343  8524 I mobile-ffmpeg:   Duration: 
07-04 22:30:13.074  8343  8524 I mobile-ffmpeg: 00:01:00.02
07-04 22:30:13.074  8343  8524 I mobile-ffmpeg: , start: 
07-04 22:30:13.074  8343  8524 I mobile-ffmpeg: 0.000000
07-04 22:30:13.074  8343  8524 I mobile-ffmpeg: , bitrate: 
07-04 22:30:13.074  8343  8524 I mobile-ffmpeg: 9328 kb/s
07-04 22:30:13.074  8343  8524 I mobile-ffmpeg: 
07-04 22:30:13.074  8343  8524 I mobile-ffmpeg:     Stream #0:0
07-04 22:30:13.074  8343  8524 I mobile-ffmpeg: (eng)
07-04 22:30:13.074  8343  8524 I mobile-ffmpeg: : Video: h264 (avc1 / 0x31637661), yuvj420p(pc, bt709), 1280x720, 8385 kb/s
07-04 22:30:13.074  8343  8524 I mobile-ffmpeg: , 
07-04 22:30:13.074  8343  8524 I mobile-ffmpeg: 29.97 fps, 
07-04 22:30:13.074  8343  8524 I mobile-ffmpeg: 29.97 tbr, 
07-04 22:30:13.075  8343  8524 I mobile-ffmpeg: 1k tbn, 
07-04 22:30:13.075  8343  8524 I mobile-ffmpeg: 2k tbc
07-04 22:30:13.075  8343  8524 I mobile-ffmpeg:  (default)
07-04 22:30:13.075  8343  8524 I mobile-ffmpeg: 
07-04 22:30:13.075  8343  8524 I mobile-ffmpeg:     Metadata:
07-04 22:30:13.075  8343  8524 I mobile-ffmpeg:       creation_time   : 
07-04 22:30:13.075  8343  8524 I mobile-ffmpeg: 2020-03-12T08:39:28.000000Z
07-04 22:30:13.075  8343  8524 I mobile-ffmpeg: 
07-04 22:30:13.075  8343  8524 I mobile-ffmpeg:       handler_name    : 
07-04 22:30:13.075  8343  8524 I mobile-ffmpeg: PittaSoft Video Media Handler
07-04 22:30:13.075  8343  8524 I mobile-ffmpeg: 
07-04 22:30:13.075  8343  8524 I mobile-ffmpeg:     Stream #0:1
07-04 22:30:13.075  8343  8524 I mobile-ffmpeg: (eng)
07-04 22:30:13.075  8343  8524 I mobile-ffmpeg: : Audio: aac (mp4a / 0x6134706D), 16000 Hz, stereo, fltp, 47 kb/s
07-04 22:30:13.075  8343  8524 I mobile-ffmpeg:  (default)
07-04 22:30:13.075  8343  8524 I mobile-ffmpeg: 
07-04 22:30:13.075  8343  8524 I mobile-ffmpeg:     Metadata:
07-04 22:30:13.075  8343  8524 I mobile-ffmpeg:       creation_time   : 
07-04 22:30:13.075  8343  8524 I mobile-ffmpeg: 2020-03-12T08:39:28.000000Z
07-04 22:30:13.075  8343  8524 I mobile-ffmpeg: 
07-04 22:30:13.075  8343  8524 I mobile-ffmpeg:       handler_name    : 
07-04 22:30:13.075  8343  8524 I mobile-ffmpeg: PittaSoft Sound Media Handler
07-04 22:30:13.075  8343  8524 I mobile-ffmpeg: 
07-04 22:30:13.075  8343  8524 I mobile-ffmpeg: [segment @ 0x737f5e3000] Opening '/storage/emulated/0/Movies/segment/20200312_193828/20200312_193828!000.mp4' for writing
07-04 22:30:13.076  8343  8524 I mobile-ffmpeg: Output #0, segment, to '/storage/emulated/0/Movies/segment/20200312_193828/20200312_193828!%03d.mp4':
07-04 22:30:13.077  8343  8524 I mobile-ffmpeg:   Metadata:
07-04 22:30:13.077  8343  8524 I mobile-ffmpeg:     compatible_brands: 
07-04 22:30:13.077  8343  8524 I mobile-ffmpeg: mp42mp42
07-04 22:30:13.077  8343  8524 I mobile-ffmpeg: 
07-04 22:30:13.077  8343  8524 I mobile-ffmpeg:     major_brand     : 
07-04 22:30:13.077  8343  8524 I mobile-ffmpeg: mp42
07-04 22:30:13.077  8343  8524 I mobile-ffmpeg: 
07-04 22:30:13.077  8343  8524 I mobile-ffmpeg:     minor_version   : 
07-04 22:30:13.077  8343  8524 I mobile-ffmpeg: 1
07-04 22:30:13.077  8343  8524 I mobile-ffmpeg: 
07-04 22:30:13.077  8343  8524 I mobile-ffmpeg:     encoder         : 
07-04 22:30:13.077  8343  8524 I mobile-ffmpeg: Lavf58.42.100
07-04 22:30:13.077  8343  8524 I mobile-ffmpeg: 
07-04 22:30:13.077  8343  8524 I mobile-ffmpeg:     Stream #0:0
07-04 22:30:13.077  8343  8524 I mobile-ffmpeg: (eng)
07-04 22:30:13.077  8343  8524 I mobile-ffmpeg: : Video: h264 (avc1 / 0x31637661), yuvj420p(pc, bt709), 1280x720, q=2-31, 8385 kb/s
07-04 22:30:13.077  8343  8524 I mobile-ffmpeg: , 
07-04 22:30:13.077  8343  8524 I mobile-ffmpeg: 29.97 fps, 
07-04 22:30:13.077  8343  8524 I mobile-ffmpeg: 29.97 tbr, 
07-04 22:30:13.077  8343  8524 I mobile-ffmpeg: 16k tbn, 
07-04 22:30:13.077  8343  8524 I mobile-ffmpeg: 1k tbc
07-04 22:30:13.077  8343  8524 I mobile-ffmpeg:  (default)
07-04 22:30:13.078  8343  8524 I mobile-ffmpeg: 
07-04 22:30:13.078  8343  8524 I mobile-ffmpeg:     Metadata:
07-04 22:30:13.078  8343  8524 I mobile-ffmpeg:       creation_time   : 
07-04 22:30:13.078  8343  8524 I mobile-ffmpeg: 2020-03-12T08:39:28.000000Z
07-04 22:30:13.078  8343  8524 I mobile-ffmpeg: 
07-04 22:30:13.078  8343  8524 I mobile-ffmpeg:       handler_name    : 
07-04 22:30:13.078  8343  8524 I mobile-ffmpeg: PittaSoft Video Media Handler
07-04 22:30:13.079  8343  8524 I mobile-ffmpeg: 
07-04 22:30:13.079  8343  8524 I mobile-ffmpeg:     Stream #0:1
07-04 22:30:13.079  8343  8524 I mobile-ffmpeg: (eng)
07-04 22:30:13.079  8343  8524 I mobile-ffmpeg: : Audio: aac (mp4a / 0x6134706D), 16000 Hz, stereo, fltp, 47 kb/s
07-04 22:30:13.079  8343  8524 I mobile-ffmpeg:  (default)
07-04 22:30:13.079  8343  8524 I mobile-ffmpeg: 
07-04 22:30:13.079  8343  8524 I mobile-ffmpeg:     Metadata:
07-04 22:30:13.079  8343  8524 I mobile-ffmpeg:       creation_time   : 
07-04 22:30:13.079  8343  8524 I mobile-ffmpeg: 2020-03-12T08:39:28.000000Z
07-04 22:30:13.079  8343  8524 I mobile-ffmpeg: 
07-04 22:30:13.079  8343  8524 I mobile-ffmpeg:       handler_name    : 
07-04 22:30:13.079  8343  8524 I mobile-ffmpeg: PittaSoft Sound Media Handler
07-04 22:30:13.079  8343  8524 I mobile-ffmpeg: 
07-04 22:30:13.079  8343  8524 I mobile-ffmpeg: Stream mapping:
07-04 22:30:13.079  8343  8524 I mobile-ffmpeg:   Stream #0:0 -> #0:0
07-04 22:30:13.079  8343  8524 I mobile-ffmpeg:  (copy)
07-04 22:30:13.079  8343  8524 I mobile-ffmpeg: 
07-04 22:30:13.080  8343  8524 I mobile-ffmpeg:   Stream #0:1 -> #0:1
07-04 22:30:13.080  8343  8524 I mobile-ffmpeg:  (copy)
07-04 22:30:13.080  8343  8524 I mobile-ffmpeg: 
07-04 22:30:13.080  8343  8524 I mobile-ffmpeg: Press [q] to stop, [?] for help
07-04 22:30:13.090  8343  8524 I mobile-ffmpeg: [segment @ 0x737f5e3000] Opening '/storage/emulated/0/Movies/segment/20200312_193828/20200312_193828!001.mp4' for writing
07-04 22:30:13.102  8343  8524 I mobile-ffmpeg: [segment @ 0x737f5e3000] Opening '/storage/emulated/0/Movies/segment/20200312_193828/20200312_193828!002.mp4' for writing
07-04 22:30:13.121  8343  8524 I mobile-ffmpeg: [segment @ 0x737f5e3000] Opening '/storage/emulated/0/Movies/segment/20200312_193828/20200312_193828!003.mp4' for writing
07-04 22:30:13.130  8343  8524 I mobile-ffmpeg: [segment @ 0x737f5e3000] Opening '/storage/emulated/0/Movies/segment/20200312_193828/20200312_193828!004.mp4' for writing
07-04 22:30:13.145  8343  8524 I mobile-ffmpeg: [segment @ 0x737f5e3000] Opening '/storage/emulated/0/Movies/segment/20200312_193828/20200312_193828!005.mp4' for writing
07-04 22:30:13.158  8343  8524 I mobile-ffmpeg: [segment @ 0x737f5e3000] Opening '/storage/emulated/0/Movies/segment/20200312_193828/20200312_193828!006.mp4' for writing
07-04 22:30:13.183  8343  8524 I mobile-ffmpeg: [segment @ 0x737f5e3000] Opening '/storage/emulated/0/Movies/segment/20200312_193828/20200312_193828!007.mp4' for writing
07-04 22:30:13.194  8343  8524 I mobile-ffmpeg: [segment @ 0x737f5e3000] Opening '/storage/emulated/0/Movies/segment/20200312_193828/20200312_193828!008.mp4' for writing
07-04 22:30:13.204  8343  8524 I mobile-ffmpeg: [segment @ 0x737f5e3000] Opening '/storage/emulated/0/Movies/segment/20200312_193828/20200312_193828!009.mp4' for writing
07-04 22:30:13.215  8343  8524 I mobile-ffmpeg: [segment @ 0x737f5e3000] Opening '/storage/emulated/0/Movies/segment/20200312_193828/20200312_193828!010.mp4' for writing
07-04 22:30:13.226  8343  8524 I mobile-ffmpeg: [segment @ 0x737f5e3000] Opening '/storage/emulated/0/Movies/segment/20200312_193828/20200312_193828!011.mp4' for writing
07-04 22:30:13.236  8343  8524 I mobile-ffmpeg: [segment @ 0x737f5e3000] Opening '/storage/emulated/0/Movies/segment/20200312_193828/20200312_193828!012.mp4' for writing
07-04 22:30:13.247  8343  8524 I mobile-ffmpeg: [segment @ 0x737f5e3000] Opening '/storage/emulated/0/Movies/segment/20200312_193828/20200312_193828!013.mp4' for writing
07-04 22:30:13.257  8343  8524 I mobile-ffmpeg: [segment @ 0x737f5e3000] Opening '/storage/emulated/0/Movies/segment/20200312_193828/20200312_193828!014.mp4' for writing
07-04 22:30:13.268  8343  8524 I mobile-ffmpeg: [segment @ 0x737f5e3000] Opening '/storage/emulated/0/Movies/segment/20200312_193828/20200312_193828!015.mp4' for writing
07-04 22:30:13.278  8343  8524 I mobile-ffmpeg: [segment @ 0x737f5e3000] Opening '/storage/emulated/0/Movies/segment/20200312_193828/20200312_193828!016.mp4' for writing
07-04 22:30:13.281  8343  8524 I mobile-ffmpeg: [mov,mp4,m4a,3gp,3g2,mj2 @ 0x73929efe00] Auto-inserting h264_mp4toannexb bitstream filter
07-04 22:30:13.288  8343  8524 I mobile-ffmpeg: [segment @ 0x737f5e3000] Opening '/storage/emulated/0/Movies/segment/20200312_193828/20200312_193828!017.mp4' for writing
07-04 22:30:13.299  8343  8524 I mobile-ffmpeg: [segment @ 0x737f5e3000] Opening '/storage/emulated/0/Movies/segment/20200312_193828/20200312_193828!018.mp4' for writing
07-04 22:30:13.313  8343  8524 I mobile-ffmpeg: [segment @ 0x737f5e3000] Opening '/storage/emulated/0/Movies/segment/20200312_193828/20200312_193828!019.mp4' for writing
07-04 22:30:13.323  8343  8524 I mobile-ffmpeg: [segment @ 0x737f5e3000] Opening '/storage/emulated/0/Movies/segment/20200312_193828/20200312_193828!020.mp4' for writing
07-04 22:30:13.340  8343  8524 I mobile-ffmpeg: [segment @ 0x737f5e3000] Opening '/storage/emulated/0/Movies/segment/20200312_193828/20200312_193828!021.mp4' for writing
07-04 22:30:13.361  8343  8524 I mobile-ffmpeg: [segment @ 0x737f5e3000] Opening '/storage/emulated/0/Movies/segment/20200312_193828/20200312_193828!022.mp4' for writing
07-04 22:30:13.375  8343  8524 I mobile-ffmpeg: [segment @ 0x737f5e3000] Opening '/storage/emulated/0/Movies/segment/20200312_193828/20200312_193828!023.mp4' for writing
07-04 22:30:13.387  8343  8524 I mobile-ffmpeg: [segment @ 0x737f5e3000] Opening '/storage/emulated/0/Movies/segment/20200312_193828/20200312_193828!024.mp4' for writing
07-04 22:30:13.410  8343  8524 I mobile-ffmpeg: [segment @ 0x737f5e3000] Opening '/storage/emulated/0/Movies/segment/20200312_193828/20200312_193828!025.mp4' for writing
07-04 22:30:13.421  8343  8524 I mobile-ffmpeg: [segment @ 0x737f5e3000] Opening '/storage/emulated/0/Movies/segment/20200312_193828/20200312_193828!026.mp4' for writing
07-04 22:30:13.432  8343  8524 I mobile-ffmpeg: [segment @ 0x737f5e3000] Opening '/storage/emulated/0/Movies/segment/20200312_193828/20200312_193828!027.mp4' for writing
07-04 22:30:13.441  8343  8524 I mobile-ffmpeg: frame= 1800 fps=0.0 q=-1.0 Lsize=   61771kB time=00:01:00.06 bitrate=8424.1kbits/s speed=64.7x    
07-04 22:30:13.441  8343  8524 I mobile-ffmpeg: video:61392kB audio:345kB subtitle:0kB other streams:0kB global headers:0kB muxing overhead: 
07-04 22:30:13.441  8343  8524 I mobile-ffmpeg: 0.053654%
07-04 22:30:13.442  8343  8524 I mobile-ffmpeg: 
07-04 22:30:13.442  8343  8524 I mobile-ffmpeg: [segment @ 0x737f5e3000] Opening '/storage/emulated/0/Movies/segment/20200312_193828/20200312_193828!028.mp4' for writing
07-04 22:30:13.442  8343  8343 V FfmpegTools: Retrieving duration of /storage/emulated/0/Movies/summarised/20200312_193728.mp4
07-04 22:30:13.452  8343  8524 I mobile-ffmpeg: [segment @ 0x737f5e3000] Opening '/storage/emulated/0/Movies/segment/20200312_193828/20200312_193828!029.mp4' for writing
07-04 22:30:13.462  8343  8524 I mobile-ffmpeg: [segment @ 0x737f5e3000] Opening '/storage/emulated/0/Movies/segment/20200312_193828/20200312_193828!030.mp4' for writing
07-04 22:30:13.472  8343  8524 I mobile-ffmpeg: [segment @ 0x737f5e3000] Opening '/storage/emulated/0/Movies/segment/20200312_193828/20200312_193828!031.mp4' for writing
07-04 22:30:13.482  8343  8524 I mobile-ffmpeg: [segment @ 0x737f5e3000] Opening '/storage/emulated/0/Movies/segment/20200312_193828/20200312_193828!032.mp4' for writing
07-04 22:30:13.492  8343  8524 I mobile-ffmpeg: [segment @ 0x737f5e3000] Opening '/storage/emulated/0/Movies/segment/20200312_193828/20200312_193828!033.mp4' for writing
07-04 22:30:13.495  8343  8524 I mobile-ffmpeg: Input #0, mov,mp4,m4a,3gp,3g2,mj2, from '/storage/emulated/0/Movies/summarised/20200312_193728.mp4':
07-04 22:30:13.495  8343  8524 I mobile-ffmpeg:   Metadata:
07-04 22:30:13.495  8343  8524 I mobile-ffmpeg:     major_brand     : 
07-04 22:30:13.495  8343  8524 I mobile-ffmpeg: isom
07-04 22:30:13.495  8343  8524 I mobile-ffmpeg: 
07-04 22:30:13.496  8343  8524 I mobile-ffmpeg:     minor_version   : 
07-04 22:30:13.496  8343  8524 I mobile-ffmpeg: 512
07-04 22:30:13.496  8343  8524 I mobile-ffmpeg: 
07-04 22:30:13.496  8343  8524 I mobile-ffmpeg:     compatible_brands: 
07-04 22:30:13.496  8343  8524 I mobile-ffmpeg: isomiso2avc1mp41
07-04 22:30:13.496  8343  8524 I mobile-ffmpeg: 
07-04 22:30:13.496  8343  8524 I mobile-ffmpeg:     encoder         : 
07-04 22:30:13.496  8343  8524 I mobile-ffmpeg: Lavf58.42.100
07-04 22:30:13.496  8343  8524 I mobile-ffmpeg: 
07-04 22:30:13.496  8343  8524 I mobile-ffmpeg:   Duration: 
07-04 22:30:13.496  8343  8524 I mobile-ffmpeg: 00:01:00.07
07-04 22:30:13.496  8343  8524 I mobile-ffmpeg: , start: 
07-04 22:30:13.496  8343  8524 I mobile-ffmpeg: 0.000000
07-04 22:30:13.496  8343  8524 I mobile-ffmpeg: , bitrate: 
07-04 22:30:13.496  8343  8524 I mobile-ffmpeg: 8423 kb/s
07-04 22:30:13.496  8343  8524 I mobile-ffmpeg: 
07-04 22:30:13.496  8343  8524 I mobile-ffmpeg:     Stream #0:0
07-04 22:30:13.496  8343  8524 I mobile-ffmpeg: (eng)
07-04 22:30:13.496  8343  8524 I mobile-ffmpeg: : Video: h264 (avc1 / 0x31637661), yuvj420p(pc, bt709), 1280x720, 8372 kb/s
07-04 22:30:13.496  8343  8524 I mobile-ffmpeg: , 
07-04 22:30:13.496  8343  8524 I mobile-ffmpeg: 29.97 fps, 
07-04 22:30:13.496  8343  8524 I mobile-ffmpeg: 29.97 tbr, 
07-04 22:30:13.496  8343  8524 I mobile-ffmpeg: 16k tbn, 
07-04 22:30:13.496  8343  8524 I mobile-ffmpeg: 32k tbc
07-04 22:30:13.496  8343  8524 I mobile-ffmpeg:  (default)
07-04 22:30:13.497  8343  8524 I mobile-ffmpeg: 
07-04 22:30:13.497  8343  8524 I mobile-ffmpeg:     Metadata:
07-04 22:30:13.497  8343  8524 I mobile-ffmpeg:       handler_name    : 
07-04 22:30:13.497  8343  8524 I mobile-ffmpeg: PittaSoft Video Media Handler
07-04 22:30:13.497  8343  8524 I mobile-ffmpeg: 
07-04 22:30:13.497  8343  8524 I mobile-ffmpeg:     Stream #0:1
07-04 22:30:13.497  8343  8524 I mobile-ffmpeg: (eng)
07-04 22:30:13.497  8343  8524 I mobile-ffmpeg: : Audio: aac (mp4a / 0x6134706D), 16000 Hz, stereo, fltp, 47 kb/s
07-04 22:30:13.497  8343  8524 I mobile-ffmpeg:  (default)
07-04 22:30:13.497  8343  8524 I mobile-ffmpeg: 
07-04 22:30:13.497  8343  8524 I mobile-ffmpeg:     Metadata:
07-04 22:30:13.497  8343  8524 I mobile-ffmpeg:       handler_name    : 
07-04 22:30:13.497  8343  8524 I mobile-ffmpeg: PittaSoft Sound Media Handler
07-04 22:30:13.497  8343  8524 I mobile-ffmpeg: 
07-04 22:30:13.502  8343  8524 I mobile-ffmpeg: [segment @ 0x737f5e3000] Opening '/storage/emulated/0/Movies/segment/20200312_193828/20200312_193828!034.mp4' for writing
07-04 22:30:13.512  8343  8524 I mobile-ffmpeg: [segment @ 0x737f5e3000] Opening '/storage/emulated/0/Movies/segment/20200312_193828/20200312_193828!035.mp4' for writing
07-04 22:30:13.522  8343  8524 I mobile-ffmpeg: [segment @ 0x737f5e3000] Opening '/storage/emulated/0/Movies/segment/20200312_193828/20200312_193828!036.mp4' for writing
07-04 22:30:13.525  8343  8524 I mobile-ffmpeg: frame= 1091 fps=0.0 q=-1.0 size=N/A time=00:00:36.36 bitrate=N/A speed=81.3x    
07-04 22:30:13.532  8343  8524 I mobile-ffmpeg: [segment @ 0x737f5e3000] Opening '/storage/emulated/0/Movies/segment/20200312_193828/20200312_193828!037.mp4' for writing
07-04 22:30:13.542  8343  8524 I mobile-ffmpeg: [segment @ 0x737f5e3000] Opening '/storage/emulated/0/Movies/segment/20200312_193828/20200312_193828!038.mp4' for writing
07-04 22:30:13.551  8343  8524 I mobile-ffmpeg: [segment @ 0x737f5e3000] Opening '/storage/emulated/0/Movies/segment/20200312_193828/20200312_193828!039.mp4' for writing
07-04 22:30:13.561  8343  8524 I mobile-ffmpeg: [segment @ 0x737f5e3000] Opening '/storage/emulated/0/Movies/segment/20200312_193828/20200312_193828!040.mp4' for writing
07-04 22:30:13.571  8343  8524 I mobile-ffmpeg: [segment @ 0x737f5e3000] Opening '/storage/emulated/0/Movies/segment/20200312_193828/20200312_193828!041.mp4' for writing
07-04 22:30:13.580  8343  8524 I mobile-ffmpeg: [segment @ 0x737f5e3000] Opening '/storage/emulated/0/Movies/segment/20200312_193828/20200312_193828!042.mp4' for writing
07-04 22:30:13.590  8343  8524 I mobile-ffmpeg: [segment @ 0x737f5e3000] Opening '/storage/emulated/0/Movies/segment/20200312_193828/20200312_193828!043.mp4' for writing
07-04 22:30:13.600  8343  8524 I mobile-ffmpeg: [segment @ 0x737f5e3000] Opening '/storage/emulated/0/Movies/segment/20200312_193828/20200312_193828!044.mp4' for writing
07-04 22:30:13.610  8343  8524 I mobile-ffmpeg: [segment @ 0x737f5e3000] Opening '/storage/emulated/0/Movies/segment/20200312_193828/20200312_193828!045.mp4' for writing
07-04 22:30:13.620  8343  8524 I mobile-ffmpeg: [segment @ 0x737f5e3000] Opening '/storage/emulated/0/Movies/segment/20200312_193828/20200312_193828!046.mp4' for writing
07-04 22:30:13.629  8343  8524 I mobile-ffmpeg: [segment @ 0x737f5e3000] Opening '/storage/emulated/0/Movies/segment/20200312_193828/20200312_193828!047.mp4' for writing
07-04 22:30:13.641  8343  8524 I mobile-ffmpeg: [segment @ 0x737f5e3000] Opening '/storage/emulated/0/Movies/segment/20200312_193828/20200312_193828!048.mp4' for writing
07-04 22:30:13.650  8343  8524 I mobile-ffmpeg: [segment @ 0x737f5e3000] Opening '/storage/emulated/0/Movies/segment/20200312_193828/20200312_193828!049.mp4' for writing
07-04 22:30:13.660  8343  8524 I mobile-ffmpeg: [segment @ 0x737f5e3000] Opening '/storage/emulated/0/Movies/segment/20200312_193828/20200312_193828!050.mp4' for writing
07-04 22:30:13.670  8343  8524 I mobile-ffmpeg: [segment @ 0x737f5e3000] Opening '/storage/emulated/0/Movies/segment/20200312_193828/20200312_193828!051.mp4' for writing
07-04 22:30:13.679  8343  8524 I mobile-ffmpeg: [segment @ 0x737f5e3000] Opening '/storage/emulated/0/Movies/segment/20200312_193828/20200312_193828!052.mp4' for writing
07-04 22:30:13.689  8343  8524 I mobile-ffmpeg: [segment @ 0x737f5e3000] Opening '/storage/emulated/0/Movies/segment/20200312_193828/20200312_193828!053.mp4' for writing
07-04 22:30:13.699  8343  8524 I mobile-ffmpeg: [segment @ 0x737f5e3000] Opening '/storage/emulated/0/Movies/segment/20200312_193828/20200312_193828!054.mp4' for writing
07-04 22:30:13.709  8343  8524 I mobile-ffmpeg: [segment @ 0x737f5e3000] Opening '/storage/emulated/0/Movies/segment/20200312_193828/20200312_193828!055.mp4' for writing
07-04 22:30:13.718  8343  8524 I mobile-ffmpeg: [segment @ 0x737f5e3000] Opening '/storage/emulated/0/Movies/segment/20200312_193828/20200312_193828!056.mp4' for writing
07-04 22:30:13.728  8343  8524 I mobile-ffmpeg: [segment @ 0x737f5e3000] Opening '/storage/emulated/0/Movies/segment/20200312_193828/20200312_193828!057.mp4' for writing
07-04 22:30:13.754  8343  8524 I mobile-ffmpeg: [segment @ 0x737f5e3000] Opening '/storage/emulated/0/Movies/segment/20200312_193828/20200312_193828!058.mp4' for writing
07-04 22:30:13.778  8343  8524 I mobile-ffmpeg: [segment @ 0x737f5e3000] Opening '/storage/emulated/0/Movies/segment/20200312_193828/20200312_193828!059.mp4' for writing
07-04 22:30:13.794  8343  8524 I mobile-ffmpeg: frame= 1800 fps=0.0 q=-1.0 Lsize=N/A time=00:01:00.02 bitrate=N/A speed=83.9x    
07-04 22:30:13.802  8343  8524 I mobile-ffmpeg: video:61439kB audio:345kB subtitle:0kB other streams:0kB global headers:0kB muxing overhead: 
07-04 22:30:13.802  8343  8524 I mobile-ffmpeg: unknown
07-04 22:30:13.802  8343  8524 I mobile-ffmpeg: 
07-04 22:30:13.802  8343  8516 V FileManager: External storage is readable
07-04 22:30:13.802  8343  8516 V FileManager: Directory already exists: /storage/emulated/0/Movies/segment/20200312_193828
07-04 22:30:13.803  8343  8516 V VideoManager: Retrieving videos from /storage/emulated/0/Movies/segment/20200312_193828
07-04 22:30:13.807  8343  8516 V VideoManager: Retrieving video from /storage/emulated/0/Movies/segment/20200312_193828/20200312_193828!000.mp4
07-04 22:30:13.814  8343  8516 D VideoManager: videoCursor is null
07-04 22:30:14.520  8343  8343 W FfmpegTools: Merged duration of 20200312_193728: 60.07
07-04 22:30:15.664  8343  8516 V VideoManager: videoFromCursor
07-04 22:30:15.664  8343  8343 V VideoManager: Retrieving video from /storage/emulated/0/Movies/summarised/20200312_193728.mp4
07-04 22:30:15.667  8343  8516 V VideoManager: Retrieving video from /storage/emulated/0/Movies/segment/20200312_193828/20200312_193828!001.mp4
07-04 22:30:15.732  8343  8343 V VideoManager: videoFromCursor
07-04 22:30:15.733  8343  8516 D VideoManager: videoCursor is null
07-04 22:30:15.736  8343  8343 V SummarisedVideosEventHandler: onAdd
07-04 22:30:15.741  8343  8343 V RawFootageEventHandler: removeByName
07-04 22:30:15.743  8343  8343 V ProcessingVideosEventHandler: removeByName
07-04 22:30:15.745  8343  8343 V NearbyFragment: Removing video segment map for 20200312_193728
07-04 22:30:15.772  8343  8516 V VideoManager: videoFromCursor
07-04 22:30:15.775  8343  8516 V VideoManager: Retrieving video from /storage/emulated/0/Movies/segment/20200312_193828/20200312_193828!002.mp4
07-04 22:30:15.783  8343  8516 D VideoManager: videoCursor is null
07-04 22:30:15.809  8343  8516 V VideoManager: videoFromCursor
07-04 22:30:15.812  8343  8516 V VideoManager: Retrieving video from /storage/emulated/0/Movies/segment/20200312_193828/20200312_193828!003.mp4
07-04 22:30:15.818  8343  8516 D VideoManager: videoCursor is null
07-04 22:30:15.839  8343  8516 V VideoManager: videoFromCursor
07-04 22:30:15.841  8343  8516 V VideoManager: Retrieving video from /storage/emulated/0/Movies/segment/20200312_193828/20200312_193828!004.mp4
07-04 22:30:15.848  8343  8516 D VideoManager: videoCursor is null
07-04 22:30:15.865  8343  8516 V VideoManager: videoFromCursor
07-04 22:30:15.867  8343  8516 V VideoManager: Retrieving video from /storage/emulated/0/Movies/segment/20200312_193828/20200312_193828!005.mp4
07-04 22:30:15.873  8343  8516 D VideoManager: videoCursor is null
07-04 22:30:15.889  8343  8516 V VideoManager: videoFromCursor
