07-04 22:30:37.314  8343  8524 I mobile-ffmpeg: 
07-04 22:30:37.314  8343  8524 I mobile-ffmpeg:     minor_version   : 
07-04 22:30:37.314  8343  8524 I mobile-ffmpeg: 1
07-04 22:30:37.314  8343  8524 I mobile-ffmpeg: 
07-04 22:30:37.314  8343  8524 I mobile-ffmpeg:     compatible_brands: 
07-04 22:30:37.314  8343  8524 I mobile-ffmpeg: mp42mp42
07-04 22:30:37.315  8343  8524 I mobile-ffmpeg: 
07-04 22:30:37.315  8343  8524 I mobile-ffmpeg:   Duration: 
07-04 22:30:37.315  8343  8524 I mobile-ffmpeg: 00:01:00.89
07-04 22:30:37.315  8343  8524 I mobile-ffmpeg: , start: 
07-04 22:30:37.315  8343  8524 I mobile-ffmpeg: 0.000000
07-04 22:30:37.315  8343  8524 I mobile-ffmpeg: , bitrate: 
07-04 22:30:37.315  8343  8524 I mobile-ffmpeg: 9195 kb/s
07-04 22:30:37.315  8343  8524 I mobile-ffmpeg: 
07-04 22:30:37.315  8343  8524 I mobile-ffmpeg:     Stream #0:0
07-04 22:30:37.315  8343  8524 I mobile-ffmpeg: (eng)
07-04 22:30:37.315  8343  8524 I mobile-ffmpeg: : Video: h264 (avc1 / 0x31637661), yuvj420p(pc, bt709), 1280x720, 8355 kb/s
07-04 22:30:37.315  8343  8524 I mobile-ffmpeg: , 
07-04 22:30:37.315  8343  8524 I mobile-ffmpeg: 28.73 fps, 
07-04 22:30:37.315  8343  8524 I mobile-ffmpeg: 29.97 tbr, 
07-04 22:30:37.315  8343  8524 I mobile-ffmpeg: 1k tbn, 
07-04 22:30:37.315  8343  8524 I mobile-ffmpeg: 2k tbc
07-04 22:30:37.315  8343  8524 I mobile-ffmpeg:  (default)
07-04 22:30:37.315  8343  8524 I mobile-ffmpeg: 
07-04 22:30:37.315  8343  8524 I mobile-ffmpeg:     Metadata:
07-04 22:30:37.315  8343  8524 I mobile-ffmpeg:       creation_time   : 
07-04 22:30:37.315  8343  8524 I mobile-ffmpeg: 2020-03-12T08:40:29.000000Z
07-04 22:30:37.315  8343  8524 I mobile-ffmpeg: 
07-04 22:30:37.315  8343  8524 I mobile-ffmpeg:       handler_name    : 
07-04 22:30:37.315  8343  8524 I mobile-ffmpeg: PittaSoft Video Media Handler
07-04 22:30:37.315  8343  8524 I mobile-ffmpeg: 
07-04 22:30:37.315  8343  8524 I mobile-ffmpeg:     Stream #0:1
07-04 22:30:37.315  8343  8524 I mobile-ffmpeg: (eng)
07-04 22:30:37.316  8343  8524 I mobile-ffmpeg: : Audio: aac (mp4a / 0x6134706D), 16000 Hz, stereo, fltp, 47 kb/s
07-04 22:30:37.316  8343  8524 I mobile-ffmpeg:  (default)
07-04 22:30:37.316  8343  8524 I mobile-ffmpeg: 
07-04 22:30:37.316  8343  8524 I mobile-ffmpeg:     Metadata:
07-04 22:30:37.316  8343  8524 I mobile-ffmpeg:       creation_time   : 
07-04 22:30:37.316  8343  8524 I mobile-ffmpeg: 2020-03-12T08:40:29.000000Z
07-04 22:30:37.316  8343  8524 I mobile-ffmpeg: 
07-04 22:30:37.316  8343  8524 I mobile-ffmpeg:       handler_name    : 
07-04 22:30:37.316  8343  8524 I mobile-ffmpeg: PittaSoft Sound Media Handler
07-04 22:30:37.316  8343  8524 I mobile-ffmpeg: 
07-04 22:30:37.332  8343  8516 V FileManager: External storage is readable
07-04 22:30:37.335  8343  8516 V FileManager: Created new directory: /storage/emulated/0/Movies/segment/20200312_193928
07-04 22:30:37.336  8343  8516 V FfmpegTools: Splitting /storage/emulated/0/Movies/raw/20200312_193928.mp4 with 16s long segments
07-04 22:30:37.337  8343  8516 I FfmpegTools: Running ffmpeg with:
07-04 22:30:37.337  8343  8516 I FfmpegTools:   -y -i /storage/emulated/0/Movies/raw/20200312_193928.mp4 -map 0 -c copy -f segment -reset_timestamps 1 -segment_time 16 /storage/emulated/0/Movies/segment/20200312_193928/20200312_193928!%03d.mp4
07-04 22:30:37.351  8343  8524 W mobile-ffmpeg: [mov,mp4,m4a,3gp,3g2,mj2 @ 0x73954b7800] Found duplicated MOOV Atom. Skipped it
07-04 22:30:37.402  8343  8524 I mobile-ffmpeg: Input #0, mov,mp4,m4a,3gp,3g2,mj2, from '/storage/emulated/0/Movies/raw/20200312_193928.mp4':
07-04 22:30:37.402  8343  8524 I mobile-ffmpeg:   Metadata:
07-04 22:30:37.402  8343  8524 I mobile-ffmpeg:     creation_time   : 
07-04 22:30:37.402  8343  8524 I mobile-ffmpeg: 2020-03-12T08:40:29.000000Z
07-04 22:30:37.402  8343  8524 I mobile-ffmpeg: 
07-04 22:30:37.402  8343  8524 I mobile-ffmpeg:     major_brand     : 
07-04 22:30:37.402  8343  8524 I mobile-ffmpeg: mp42
07-04 22:30:37.402  8343  8524 I mobile-ffmpeg: 
07-04 22:30:37.402  8343  8524 I mobile-ffmpeg:     minor_version   : 
07-04 22:30:37.402  8343  8524 I mobile-ffmpeg: 1
07-04 22:30:37.403  8343  8524 I mobile-ffmpeg: 
07-04 22:30:37.403  8343  8524 I mobile-ffmpeg:     compatible_brands: 
07-04 22:30:37.403  8343  8524 I mobile-ffmpeg: mp42mp42
07-04 22:30:37.403  8343  8524 I mobile-ffmpeg: 
07-04 22:30:37.403  8343  8524 I mobile-ffmpeg:   Duration: 
07-04 22:30:37.403  8343  8524 I mobile-ffmpeg: 00:01:00.89
07-04 22:30:37.403  8343  8524 I mobile-ffmpeg: , start: 
07-04 22:30:37.403  8343  8524 I mobile-ffmpeg: 0.000000
07-04 22:30:37.403  8343  8524 I mobile-ffmpeg: , bitrate: 
07-04 22:30:37.403  8343  8524 I mobile-ffmpeg: 9195 kb/s
07-04 22:30:37.403  8343  8524 I mobile-ffmpeg: 
07-04 22:30:37.403  8343  8524 I mobile-ffmpeg:     Stream #0:0
07-04 22:30:37.403  8343  8524 I mobile-ffmpeg: (eng)
07-04 22:30:37.403  8343  8524 I mobile-ffmpeg: : Video: h264 (avc1 / 0x31637661), yuvj420p(pc, bt709), 1280x720, 8355 kb/s
07-04 22:30:37.403  8343  8524 I mobile-ffmpeg: , 
07-04 22:30:37.403  8343  8524 I mobile-ffmpeg: 28.73 fps, 
07-04 22:30:37.403  8343  8524 I mobile-ffmpeg: 29.97 tbr, 
07-04 22:30:37.403  8343  8524 I mobile-ffmpeg: 1k tbn, 
07-04 22:30:37.403  8343  8524 I mobile-ffmpeg: 2k tbc
07-04 22:30:37.403  8343  8524 I mobile-ffmpeg:  (default)
07-04 22:30:37.403  8343  8524 I mobile-ffmpeg: 
07-04 22:30:37.403  8343  8524 I mobile-ffmpeg:     Metadata:
07-04 22:30:37.403  8343  8524 I mobile-ffmpeg:       creation_time   : 
07-04 22:30:37.403  8343  8524 I mobile-ffmpeg: 2020-03-12T08:40:29.000000Z
07-04 22:30:37.403  8343  8524 I mobile-ffmpeg: 
07-04 22:30:37.403  8343  8524 I mobile-ffmpeg:       handler_name    : 
07-04 22:30:37.403  8343  8524 I mobile-ffmpeg: PittaSoft Video Media Handler
07-04 22:30:37.403  8343  8524 I mobile-ffmpeg: 
07-04 22:30:37.403  8343  8524 I mobile-ffmpeg:     Stream #0:1
07-04 22:30:37.403  8343  8524 I mobile-ffmpeg: (eng)
07-04 22:30:37.404  8343  8524 I mobile-ffmpeg: : Audio: aac (mp4a / 0x6134706D), 16000 Hz, stereo, fltp, 47 kb/s
07-04 22:30:37.404  8343  8524 I mobile-ffmpeg:  (default)
07-04 22:30:37.404  8343  8524 I mobile-ffmpeg: 
07-04 22:30:37.404  8343  8524 I mobile-ffmpeg:     Metadata:
07-04 22:30:37.404  8343  8524 I mobile-ffmpeg:       creation_time   : 
07-04 22:30:37.404  8343  8524 I mobile-ffmpeg: 2020-03-12T08:40:29.000000Z
07-04 22:30:37.404  8343  8524 I mobile-ffmpeg: 
07-04 22:30:37.404  8343  8524 I mobile-ffmpeg:       handler_name    : 
07-04 22:30:37.404  8343  8524 I mobile-ffmpeg: PittaSoft Sound Media Handler
07-04 22:30:37.404  8343  8524 I mobile-ffmpeg: 
07-04 22:30:37.404  8343  8524 I mobile-ffmpeg: [segment @ 0x737f5e4200] Opening '/storage/emulated/0/Movies/segment/20200312_193928/20200312_193928!000.mp4' for writing
07-04 22:30:37.404  8343  8524 I mobile-ffmpeg: Output #0, segment, to '/storage/emulated/0/Movies/segment/20200312_193928/20200312_193928!%03d.mp4':
07-04 22:30:37.404  8343  8524 I mobile-ffmpeg:   Metadata:
07-04 22:30:37.405  8343  8524 I mobile-ffmpeg:     compatible_brands: 
07-04 22:30:37.405  8343  8524 I mobile-ffmpeg: mp42mp42
07-04 22:30:37.405  8343  8524 I mobile-ffmpeg: 
07-04 22:30:37.405  8343  8524 I mobile-ffmpeg:     major_brand     : 
07-04 22:30:37.405  8343  8524 I mobile-ffmpeg: mp42
07-04 22:30:37.405  8343  8524 I mobile-ffmpeg: 
07-04 22:30:37.405  8343  8524 I mobile-ffmpeg:     minor_version   : 
07-04 22:30:37.405  8343  8524 I mobile-ffmpeg: 1
07-04 22:30:37.405  8343  8524 I mobile-ffmpeg: 
07-04 22:30:37.405  8343  8524 I mobile-ffmpeg:     encoder         : 
07-04 22:30:37.405  8343  8524 I mobile-ffmpeg: Lavf58.42.100
07-04 22:30:37.405  8343  8524 I mobile-ffmpeg: 
07-04 22:30:37.405  8343  8524 I mobile-ffmpeg:     Stream #0:0
07-04 22:30:37.405  8343  8524 I mobile-ffmpeg: (eng)
07-04 22:30:37.405  8343  8524 I mobile-ffmpeg: : Video: h264 (avc1 / 0x31637661), yuvj420p(pc, bt709), 1280x720, q=2-31, 8355 kb/s
07-04 22:30:37.405  8343  8524 I mobile-ffmpeg: , 
07-04 22:30:37.405  8343  8524 I mobile-ffmpeg: 28.73 fps, 
07-04 22:30:37.405  8343  8524 I mobile-ffmpeg: 29.97 tbr, 
07-04 22:30:37.405  8343  8524 I mobile-ffmpeg: 16k tbn, 
07-04 22:30:37.405  8343  8524 I mobile-ffmpeg: 1k tbc
07-04 22:30:37.405  8343  8524 I mobile-ffmpeg:  (default)
07-04 22:30:37.405  8343  8524 I mobile-ffmpeg: 
07-04 22:30:37.405  8343  8524 I mobile-ffmpeg:     Metadata:
07-04 22:30:37.405  8343  8524 I mobile-ffmpeg:       creation_time   : 
07-04 22:30:37.405  8343  8524 I mobile-ffmpeg: 2020-03-12T08:40:29.000000Z
07-04 22:30:37.405  8343  8524 I mobile-ffmpeg: 
07-04 22:30:37.405  8343  8524 I mobile-ffmpeg:       handler_name    : 
07-04 22:30:37.405  8343  8524 I mobile-ffmpeg: PittaSoft Video Media Handler
07-04 22:30:37.405  8343  8524 I mobile-ffmpeg: 
07-04 22:30:37.406  8343  8524 I mobile-ffmpeg:     Stream #0:1
07-04 22:30:37.406  8343  8524 I mobile-ffmpeg: (eng)
07-04 22:30:37.406  8343  8524 I mobile-ffmpeg: : Audio: aac (mp4a / 0x6134706D), 16000 Hz, stereo, fltp, 47 kb/s
07-04 22:30:37.406  8343  8524 I mobile-ffmpeg:  (default)
07-04 22:30:37.406  8343  8524 I mobile-ffmpeg: 
07-04 22:30:37.406  8343  8524 I mobile-ffmpeg:     Metadata:
07-04 22:30:37.406  8343  8524 I mobile-ffmpeg:       creation_time   : 
07-04 22:30:37.406  8343  8524 I mobile-ffmpeg: 2020-03-12T08:40:29.000000Z
07-04 22:30:37.406  8343  8524 I mobile-ffmpeg: 
07-04 22:30:37.406  8343  8524 I mobile-ffmpeg:       handler_name    : 
07-04 22:30:37.406  8343  8524 I mobile-ffmpeg: PittaSoft Sound Media Handler
07-04 22:30:37.406  8343  8524 I mobile-ffmpeg: 
07-04 22:30:37.406  8343  8524 I mobile-ffmpeg: Stream mapping:
07-04 22:30:37.406  8343  8524 I mobile-ffmpeg:   Stream #0:0 -> #0:0
07-04 22:30:37.406  8343  8524 I mobile-ffmpeg:  (copy)
07-04 22:30:37.406  8343  8524 I mobile-ffmpeg: 
07-04 22:30:37.406  8343  8524 I mobile-ffmpeg:   Stream #0:1 -> #0:1
07-04 22:30:37.406  8343  8524 I mobile-ffmpeg:  (copy)
07-04 22:30:37.406  8343  8524 I mobile-ffmpeg: 
07-04 22:30:37.406  8343  8524 I mobile-ffmpeg: Press [q] to stop, [?] for help
07-04 22:30:37.406  8343  8524 I mobile-ffmpeg: frame=    1 fps=0.0 q=-1.0 size=N/A time=00:00:00.00 bitrate=N/A speed=31.5x    
07-04 22:30:37.551  8343  8524 I mobile-ffmpeg: [segment @ 0x737f5e4200] Opening '/storage/emulated/0/Movies/segment/20200312_193928/20200312_193928!001.mp4' for writing
07-04 22:30:37.729  8343  8524 I mobile-ffmpeg: [segment @ 0x737f5e4200] Opening '/storage/emulated/0/Movies/segment/20200312_193928/20200312_193928!002.mp4' for writing
07-04 22:30:37.822  8343  8343 D NearbyFragment: onPayloadReceived(endpointId=yOfc, payload=com.google.android.gms.nearby.connection.Payload@b5943f9)
07-04 22:30:37.823  8343  8343 V NearbyFragment: Started downloading 20200312_193828!017.mp4 from Endpoint{id=yOfc, name=Galaxy S8 [2802]}
07-04 22:30:37.824  8343  8343 V NearbyFragment: nextTransfer with selected algorithm: best_or_local
07-04 22:30:37.826  8343  8343 W NearbyFragment: Sending 20200312_193828!018.mp4 to Galaxy S8 [2802]
07-04 22:30:37.837  8343  8343 V NearbyFragment: Transfer to Endpoint{id=yOfc, name=Galaxy S8 [2802]} complete
07-04 22:30:37.875  8343  8524 I mobile-ffmpeg: [segment @ 0x737f5e4200] Opening '/storage/emulated/0/Movies/segment/20200312_193928/20200312_193928!003.mp4' for writing
07-04 22:30:37.906  8343  8524 I mobile-ffmpeg: frame= 1488 fps=0.0 q=-1.0 size=N/A time=00:00:52.14 bitrate=N/A speed= 104x    
07-04 22:30:37.980  8343  8524 I mobile-ffmpeg: frame= 1750 fps=0.0 q=-1.0 Lsize=N/A time=00:01:00.88 bitrate=N/A speed= 106x    
07-04 22:30:37.980  8343  8524 I mobile-ffmpeg: video:62106kB audio:350kB subtitle:0kB other streams:0kB global headers:0kB muxing overhead: 
07-04 22:30:37.980  8343  8524 I mobile-ffmpeg: unknown
07-04 22:30:37.980  8343  8524 I mobile-ffmpeg: 
07-04 22:30:37.984  8343  8516 V FileManager: External storage is readable
07-04 22:30:37.984  8343  8516 V FileManager: Directory already exists: /storage/emulated/0/Movies/segment/20200312_193928
07-04 22:30:37.985  8343  8516 V VideoManager: Retrieving videos from /storage/emulated/0/Movies/segment/20200312_193928
07-04 22:30:37.986  8343  8516 V VideoManager: Retrieving video from /storage/emulated/0/Movies/segment/20200312_193928/20200312_193928!000.mp4
07-04 22:30:37.991  8343  8516 D VideoManager: videoCursor is null
07-04 22:30:38.653  8343  8343 D NearbyFragment: onPayloadReceived(endpointId=yOfc, payload=com.google.android.gms.nearby.connection.Payload@ba112ec)
07-04 22:30:38.670  8343  8343 V NearbyFragment: Transfer to Endpoint{id=yOfc, name=Galaxy S8 [2802]} complete
07-04 22:30:38.684  8343  8516 V VideoManager: videoFromCursor
07-04 22:30:38.687  8343  8516 V VideoManager: Retrieving video from /storage/emulated/0/Movies/segment/20200312_193928/20200312_193928!001.mp4
07-04 22:30:38.694  8343  8516 D VideoManager: videoCursor is null
07-04 22:30:38.715  8343  8516 V VideoManager: videoFromCursor
07-04 22:30:38.718  8343  8516 V VideoManager: Retrieving video from /storage/emulated/0/Movies/segment/20200312_193928/20200312_193928!002.mp4
07-04 22:30:38.729  8343  8516 D VideoManager: videoCursor is null
07-04 22:30:38.744  8343  8343 V NearbyFragment: Transfer to Endpoint{id=yOfc, name=Galaxy S8 [2802]} complete
07-04 22:30:38.750  8343  8516 V VideoManager: videoFromCursor
07-04 22:30:38.751  8343  8343 V NearbyFragment: Transfer to Endpoint{id=yOfc, name=Galaxy S8 [2802]} complete
07-04 22:30:38.752  8343  8343 W NearbyFragment: Completed downloading 20200312_193828!017.mp4 from Endpoint{id=yOfc, name=Galaxy S8 [2802]} in 00.928s
07-04 22:30:38.752  8343  8516 V VideoManager: Retrieving video from /storage/emulated/0/Movies/segment/20200312_193928/20200312_193928!003.mp4
07-04 22:30:38.757  8343  8343 V FileManager: External storage is readable
07-04 22:30:38.757  8343  8343 V FileManager: Directory already exists: /storage/emulated/0/Movies/segment-sum/20200312_193828
07-04 22:30:38.758  8343  8516 D VideoManager: videoCursor is null
07-04 22:30:38.776  8343  8516 V VideoManager: videoFromCursor
07-04 22:30:38.779  8343  8516 V NearbyFragment: nextTransfer with selected algorithm: best_or_local
07-04 22:30:38.783  8343  8516 V FileManager: External storage is readable
07-04 22:30:38.784  8343  8516 V FileManager: Directory already exists: /storage/emulated/0/Movies/segment-sum/20200312_193828
07-04 22:30:38.784  8343  8516 D NearbyFragment: Summarising 20200312_193828!019.mp4
07-04 22:30:38.784  8343  8516 V VideoManager: Retrieving video from /storage/emulated/0/Movies/segment/20200312_193828/20200312_193828!019.mp4
07-04 22:30:38.791  8343  8516 V VideoManager: videoFromCursor
07-04 22:30:38.793  8343  8516 V ProcessingVideosEventHandler: onAdd
07-04 22:30:38.797  8343  8516 V RawFootageEventHandler: onRemove
07-04 22:30:38.817  8343  8343 V NearbyFragment: Received a segment of 20200312_193828
07-04 22:30:38.831  8343  8620 V SummariserIntentService: onHandleIntent
07-04 22:30:38.842  8343  8620 D SummariserIntentService: Video{id='7794', data='/storage/emulated/0/Movies/segment/20200312_193828/20200312_193828!019.mp4', name='20200312_193828!019.mp4', size=1047982, visible=true, mimeType='video/mp4'}
07-04 22:30:38.842  8343  8620 D SummariserIntentService: /storage/emulated/0/Movies/segment-sum/20200312_193828/20200312_193828!019.mp4
07-04 22:30:38.899  8343  8343 D NearbyFragment: onPayloadReceived(endpointId=yOfc, payload=com.google.android.gms.nearby.connection.Payload@e0271d8)
07-04 22:30:38.899  8343  8343 D NearbyFragment: Endpoint{id=yOfc, name=Galaxy S8 [2802]} has finished downloading 20200312_193828!018.mp4
07-04 22:30:38.905  8343  8343 V NearbyFragment: Transfer to Endpoint{id=yOfc, name=Galaxy S8 [2802]} complete
07-04 22:30:39.019  8343  8524 W mobile-ffmpeg: [graph 0 input from stream 0:0 @ 0x7395454fc0] sws_param option is deprecated and ignored
07-04 22:30:39.334  8343  8620 D Summariser: No freeze file
07-04 22:30:39.334  8343  8620 W Summariser: Whole video is active
07-04 22:30:39.384  8343  8620 V FfmpegTools: Retrieving duration of /storage/emulated/0/Movies/segment/20200312_193828/20200312_193828!019.mp4
07-04 22:30:39.486  8343  8620 V FfmpegTools: Retrieving duration of /storage/emulated/0/Movies/segment-sum/20200312_193828/20200312_193828!019.mp4
07-04 22:30:39.569  8343  8343 D NearbyFragment: onPayloadReceived(endpointId=yOfc, payload=com.google.android.gms.nearby.connection.Payload@aca7931)
07-04 22:30:39.570  8343  8343 V NearbyFragment: Started downloading 20200312_193828!018.mp4 from Endpoint{id=yOfc, name=Galaxy S8 [2802]}
07-04 22:30:39.572  8343  8343 V NearbyFragment: nextTransfer with selected algorithm: best_or_local
07-04 22:30:39.578  8343  8343 W NearbyFragment: Sending 20200312_193828!020.mp4 to Galaxy S8 [2802]
07-04 22:30:39.581  8343  8343 V NearbyFragment: Transfer to Endpoint{id=yOfc, name=Galaxy S8 [2802]} complete
07-04 22:30:39.597  8343  8343 V NearbyFragment: Transfer to Endpoint{id=yOfc, name=Galaxy S8 [2802]} complete
07-04 22:30:39.600  8343  8620 W Summariser: Summarisation completed
07-04 22:30:39.600  8343  8620 W Summariser:   filename: 20200312_193828!019.mp4
07-04 22:30:39.600  8343  8620 W Summariser:   active sections: -1
07-04 22:30:39.600  8343  8620 W Summariser:   time: 00.540s
07-04 22:30:39.600  8343  8620 W Summariser:   original duration: 1.00
07-04 22:30:39.600  8343  8620 W Summariser:   summarised duration: 1.00
07-04 22:30:39.600  8343  8620 W Summariser:   noise tolerance: 45.00
07-04 22:30:39.600  8343  8620 W Summariser:   quality: 23
07-04 22:30:39.600  8343  8620 W Summariser:   speed: medium
07-04 22:30:39.600  8343  8620 W Summariser:   freeze duration: 1.00
07-04 22:30:39.601  8343  8620 V VideoManager: Retrieving video from /storage/emulated/0/Movies/segment-sum/20200312_193828/20200312_193828!019.mp4
07-04 22:30:39.609  8343  8620 D VideoManager: videoCursor is null
07-04 22:30:39.615  8343  8343 D NearbyFragment: onPayloadReceived(endpointId=yOfc, payload=com.google.android.gms.nearby.connection.Payload@618d384)
07-04 22:30:39.653  8343  8620 V VideoManager: videoFromCursor
07-04 22:30:39.656  8343  8620 V NearbyFragment: Received a segment of 20200312_193828
07-04 22:30:39.656  8343  8620 V ProcessingVideosEventHandler: onRemove
07-04 22:30:39.733  8343  8343 V NearbyFragment: Transfer to Endpoint{id=yOfc, name=Galaxy S8 [2802]} complete
07-04 22:30:39.767  8343  8343 V NearbyFragment: Transfer to Endpoint{id=yOfc, name=Galaxy S8 [2802]} complete
07-04 22:30:39.768  8343  8343 W NearbyFragment: Completed downloading 20200312_193828!018.mp4 from Endpoint{id=yOfc, name=Galaxy S8 [2802]} in 00.197s
07-04 22:30:39.773  8343  8343 V FileManager: External storage is readable
07-04 22:30:39.774  8343  8343 V FileManager: Directory already exists: /storage/emulated/0/Movies/segment-sum/20200312_193828
07-04 22:30:39.779  8343  8365 D SummariserIntentService: Scanned /storage/emulated/0/Movies/summarised
07-04 22:30:39.779  8343  8365 D SummariserIntentService:   -> uri=content://media/external/file/7686
07-04 22:30:39.810  8343  8516 V DownloadTestVideosTask: Starting DownloadTestVideosTask
07-04 22:30:39.814  8343  8516 V DashDownloadManager: Started downloading: 20200312_194129.mp4
07-04 22:30:39.821  8343  8343 V NearbyFragment: Received a segment of 20200312_193828
07-04 22:30:40.081  8343  8343 D NearbyFragment: onPayloadReceived(endpointId=yOfc, payload=com.google.android.gms.nearby.connection.Payload@c11a3f0)
07-04 22:30:40.082  8343  8343 D NearbyFragment: Endpoint{id=yOfc, name=Galaxy S8 [2802]} has finished downloading 20200312_193828!020.mp4
07-04 22:30:40.154  8343  8343 V NearbyFragment: Transfer to Endpoint{id=yOfc, name=Galaxy S8 [2802]} complete
07-04 22:30:40.754  8343  8343 D NearbyFragment: onPayloadReceived(endpointId=yOfc, payload=com.google.android.gms.nearby.connection.Payload@f161d69)
07-04 22:30:40.755  8343  8343 V NearbyFragment: Started downloading 20200312_193828!020.mp4 from Endpoint{id=yOfc, name=Galaxy S8 [2802]}
07-04 22:30:40.756  8343  8343 V NearbyFragment: nextTransfer with selected algorithm: best_or_local
07-04 22:30:40.758  8343  8343 W NearbyFragment: Sending 20200312_193828!021.mp4 to Galaxy S8 [2802]
07-04 22:30:40.762  8343  8343 V NearbyFragment: Transfer to Endpoint{id=yOfc, name=Galaxy S8 [2802]} complete
07-04 22:30:40.774  8343  8343 V NearbyFragment: Transfer to Endpoint{id=yOfc, name=Galaxy S8 [2802]} complete
07-04 22:30:40.780  8343  8343 D NearbyFragment: onPayloadReceived(endpointId=yOfc, payload=com.google.android.gms.nearby.connection.Payload@b850f1c)
07-04 22:30:40.905  8343  8343 V NearbyFragment: Transfer to Endpoint{id=yOfc, name=Galaxy S8 [2802]} complete
07-04 22:30:40.961  8343  8343 V NearbyFragment: Transfer to Endpoint{id=yOfc, name=Galaxy S8 [2802]} complete
07-04 22:30:40.962  8343  8343 W NearbyFragment: Completed downloading 20200312_193828!020.mp4 from Endpoint{id=yOfc, name=Galaxy S8 [2802]} in 00.207s
07-04 22:30:40.967  8343  8343 V FileManager: External storage is readable
07-04 22:30:40.968  8343  8343 V FileManager: Directory already exists: /storage/emulated/0/Movies/segment-sum/20200312_193828
07-04 22:30:41.026  8343  8343 V NearbyFragment: Received a segment of 20200312_193828
07-04 22:30:41.026  8343  8343 D NearbyFragment: onPayloadReceived(endpointId=yOfc, payload=com.google.android.gms.nearby.connection.Payload@dea2725)
07-04 22:30:41.027  8343  8343 D NearbyFragment: Endpoint{id=yOfc, name=Galaxy S8 [2802]} has finished downloading 20200312_193828!021.mp4
07-04 22:30:41.049  8343  8343 V NearbyFragment: Transfer to Endpoint{id=yOfc, name=Galaxy S8 [2802]} complete
07-04 22:30:41.577  8343  8343 D NearbyFragment: onPayloadReceived(endpointId=yOfc, payload=com.google.android.gms.nearby.connection.Payload@3e20fa)
07-04 22:30:41.578  8343  8343 V NearbyFragment: Started downloading 20200312_193828!021.mp4 from Endpoint{id=yOfc, name=Galaxy S8 [2802]}
07-04 22:30:41.580  8343  8343 V NearbyFragment: nextTransfer with selected algorithm: best_or_local
07-04 22:30:41.582  8343  8343 W NearbyFragment: Sending 20200312_193828!022.mp4 to Galaxy S8 [2802]
07-04 22:30:41.594  8343  8343 V NearbyFragment: Transfer to Endpoint{id=yOfc, name=Galaxy S8 [2802]} complete
07-04 22:30:41.606  8343  8343 D NearbyFragment: onPayloadReceived(endpointId=yOfc, payload=com.google.android.gms.nearby.connection.Payload@d3b10a1)
07-04 22:30:41.608  8343  8343 V NearbyFragment: Transfer to Endpoint{id=yOfc, name=Galaxy S8 [2802]} complete
07-04 22:30:41.661  8343  8343 V NearbyFragment: Transfer to Endpoint{id=yOfc, name=Galaxy S8 [2802]} complete
07-04 22:30:41.758  8343  8343 V NearbyFragment: Transfer to Endpoint{id=yOfc, name=Galaxy S8 [2802]} complete
07-04 22:30:41.759  8343  8343 W NearbyFragment: Completed downloading 20200312_193828!021.mp4 from Endpoint{id=yOfc, name=Galaxy S8 [2802]} in 00.180s
07-04 22:30:41.764  8343  8343 V FileManager: External storage is readable
07-04 22:30:41.764  8343  8343 V FileManager: Directory already exists: /storage/emulated/0/Movies/segment-sum/20200312_193828
07-04 22:30:41.813  8343  8343 V NearbyFragment: Received a segment of 20200312_193828
07-04 22:30:41.916  8343  8343 D NearbyFragment: onPayloadReceived(endpointId=yOfc, payload=com.google.android.gms.nearby.connection.Payload@ebd52c6)
07-04 22:30:41.917  8343  8343 D NearbyFragment: Endpoint{id=yOfc, name=Galaxy S8 [2802]} has finished downloading 20200312_193828!022.mp4
07-04 22:30:41.964  8343  8343 V NearbyFragment: Transfer to Endpoint{id=yOfc, name=Galaxy S8 [2802]} complete
07-04 22:30:42.600  8343  8343 D NearbyFragment: onPayloadReceived(endpointId=yOfc, payload=com.google.android.gms.nearby.connection.Payload@f8c287)
07-04 22:30:42.601  8343  8343 V NearbyFragment: Started downloading 20200312_193828!022.mp4 from Endpoint{id=yOfc, name=Galaxy S8 [2802]}
07-04 22:30:42.602  8343  8343 V NearbyFragment: nextTransfer with selected algorithm: best_or_local
07-04 22:30:42.604  8343  8343 W NearbyFragment: Sending 20200312_193828!023.mp4 to Galaxy S8 [2802]
07-04 22:30:42.607  8343  8343 V NearbyFragment: Transfer to Endpoint{id=yOfc, name=Galaxy S8 [2802]} complete
07-04 22:30:42.616  8343  8343 V NearbyFragment: Transfer to Endpoint{id=yOfc, name=Galaxy S8 [2802]} complete
07-04 22:30:42.668  8343  8343 V NearbyFragment: Transfer to Endpoint{id=yOfc, name=Galaxy S8 [2802]} complete
07-04 22:30:42.919  8343  8343 D NearbyFragment: onPayloadReceived(endpointId=yOfc, payload=com.google.android.gms.nearby.connection.Payload@1abd552)
07-04 22:30:42.998  8343  8343 V NearbyFragment: Transfer to Endpoint{id=yOfc, name=Galaxy S8 [2802]} complete
07-04 22:30:42.999  8343  8343 W NearbyFragment: Completed downloading 20200312_193828!022.mp4 from Endpoint{id=yOfc, name=Galaxy S8 [2802]} in 00.397s
07-04 22:30:43.008  8343  8343 V FileManager: External storage is readable
07-04 22:30:43.008  8343  8343 V FileManager: Directory already exists: /storage/emulated/0/Movies/segment-sum/20200312_193828
07-04 22:30:43.062  8343  8343 V NearbyFragment: Received a segment of 20200312_193828
07-04 22:30:43.062  8343  8343 D NearbyFragment: onPayloadReceived(endpointId=yOfc, payload=com.google.android.gms.nearby.connection.Payload@950023)
07-04 22:30:43.062  8343  8343 D NearbyFragment: Endpoint{id=yOfc, name=Galaxy S8 [2802]} has finished downloading 20200312_193828!023.mp4
07-04 22:30:43.063  8343  8343 V NearbyFragment: Transfer to Endpoint{id=yOfc, name=Galaxy S8 [2802]} complete
07-04 22:30:43.445  8343  8343 D NearbyFragment: onPayloadReceived(endpointId=yOfc, payload=com.google.android.gms.nearby.connection.Payload@38de920)
07-04 22:30:43.447  8343  8343 V NearbyFragment: Started downloading 20200312_193828!023.mp4 from Endpoint{id=yOfc, name=Galaxy S8 [2802]}
07-04 22:30:43.451  8343  8343 V NearbyFragment: nextTransfer with selected algorithm: best_or_local
07-04 22:30:43.457  8343  8343 W NearbyFragment: Sending 20200312_193828!024.mp4 to Galaxy S8 [2802]
07-04 22:30:43.471  8343  8343 D NearbyFragment: onPayloadReceived(endpointId=yOfc, payload=com.google.android.gms.nearby.connection.Payload@62d7b7f)
07-04 22:30:43.482  8343  8343 V NearbyFragment: Transfer to Endpoint{id=yOfc, name=Galaxy S8 [2802]} complete
07-04 22:30:43.484  8343  8343 V NearbyFragment: Transfer to Endpoint{id=yOfc, name=Galaxy S8 [2802]} complete
07-04 22:30:43.556  8343  8343 V NearbyFragment: Transfer to Endpoint{id=yOfc, name=Galaxy S8 [2802]} complete
07-04 22:30:43.565  8343  8343 V NearbyFragment: Transfer to Endpoint{id=yOfc, name=Galaxy S8 [2802]} complete
07-04 22:30:43.566  8343  8343 W NearbyFragment: Completed downloading 20200312_193828!023.mp4 from Endpoint{id=yOfc, name=Galaxy S8 [2802]} in 00.117s
07-04 22:30:43.571  8343  8343 V FileManager: External storage is readable
07-04 22:30:43.571  8343  8343 V FileManager: Directory already exists: /storage/emulated/0/Movies/segment-sum/20200312_193828
07-04 22:30:43.619  8343  8343 V NearbyFragment: Received a segment of 20200312_193828
07-04 22:30:43.734  8343  8343 D NearbyFragment: onPayloadReceived(endpointId=yOfc, payload=com.google.android.gms.nearby.connection.Payload@38774c)
07-04 22:30:43.735  8343  8343 D NearbyFragment: Endpoint{id=yOfc, name=Galaxy S8 [2802]} has finished downloading 20200312_193828!024.mp4
07-04 22:30:43.983  8343  8343 V NearbyFragment: Transfer to Endpoint{id=yOfc, name=Galaxy S8 [2802]} complete
07-04 22:30:44.364  8343  8343 D NearbyFragment: onPayloadReceived(endpointId=yOfc, payload=com.google.android.gms.nearby.connection.Payload@d2c2395)
07-04 22:30:44.366  8343  8343 V NearbyFragment: Started downloading 20200312_193828!024.mp4 from Endpoint{id=yOfc, name=Galaxy S8 [2802]}
07-04 22:30:44.369  8343  8343 V NearbyFragment: nextTransfer with selected algorithm: best_or_local
07-04 22:30:44.373  8343  8343 W NearbyFragment: Sending 20200312_193828!025.mp4 to Galaxy S8 [2802]
07-04 22:30:44.377  8343  8343 V NearbyFragment: Transfer to Endpoint{id=yOfc, name=Galaxy S8 [2802]} complete
07-04 22:30:44.377  8343  8343 D NearbyFragment: onPayloadReceived(endpointId=yOfc, payload=com.google.android.gms.nearby.connection.Payload@6a8509b)
07-04 22:30:44.386  8343  8343 V NearbyFragment: Transfer to Endpoint{id=yOfc, name=Galaxy S8 [2802]} complete
07-04 22:30:44.447  8343  8343 V NearbyFragment: Transfer to Endpoint{id=yOfc, name=Galaxy S8 [2802]} complete
07-04 22:30:44.477  8343  8343 V NearbyFragment: Transfer to Endpoint{id=yOfc, name=Galaxy S8 [2802]} complete
07-04 22:30:44.478  8343  8343 W NearbyFragment: Completed downloading 20200312_193828!024.mp4 from Endpoint{id=yOfc, name=Galaxy S8 [2802]} in 00.111s
07-04 22:30:44.483  8343  8343 V FileManager: External storage is readable
07-04 22:30:44.483  8343  8343 V FileManager: Directory already exists: /storage/emulated/0/Movies/segment-sum/20200312_193828
07-04 22:30:44.530  8343  8343 V NearbyFragment: Received a segment of 20200312_193828
07-04 22:30:45.275  8343  8343 D NearbyFragment: onPayloadReceived(endpointId=yOfc, payload=com.google.android.gms.nearby.connection.Payload@7786411)
07-04 22:30:45.276  8343  8343 D NearbyFragment: Endpoint{id=yOfc, name=Galaxy S8 [2802]} has finished downloading 20200312_193828!025.mp4
07-04 22:30:45.313  8343  8343 V NearbyFragment: Transfer to Endpoint{id=yOfc, name=Galaxy S8 [2802]} complete
07-04 22:30:45.719  8343  8343 D NearbyFragment: onPayloadReceived(endpointId=yOfc, payload=com.google.android.gms.nearby.connection.Payload@2e5f976)
07-04 22:30:45.720  8343  8343 V NearbyFragment: Started downloading 20200312_193828!025.mp4 from Endpoint{id=yOfc, name=Galaxy S8 [2802]}
07-04 22:30:45.723  8343  8343 V NearbyFragment: nextTransfer with selected algorithm: best_or_local
07-04 22:30:45.728  8343  8343 W NearbyFragment: Sending 20200312_193828!026.mp4 to Galaxy S8 [2802]
07-04 22:30:45.736  8343  8343 V NearbyFragment: Transfer to Endpoint{id=yOfc, name=Galaxy S8 [2802]} complete
07-04 22:30:45.746  8343  8343 D NearbyFragment: onPayloadReceived(endpointId=yOfc, payload=com.google.android.gms.nearby.connection.Payload@56e304d)
07-04 22:30:45.752  8343  8343 V NearbyFragment: Transfer to Endpoint{id=yOfc, name=Galaxy S8 [2802]} complete
07-04 22:30:45.816  8343  8343 V NearbyFragment: Transfer to Endpoint{id=yOfc, name=Galaxy S8 [2802]} complete
07-04 22:30:45.850  8343  8343 V NearbyFragment: Transfer to Endpoint{id=yOfc, name=Galaxy S8 [2802]} complete
07-04 22:30:45.850  8343  8343 W NearbyFragment: Completed downloading 20200312_193828!025.mp4 from Endpoint{id=yOfc, name=Galaxy S8 [2802]} in 00.129s
07-04 22:30:45.855  8343  8343 V FileManager: External storage is readable
07-04 22:30:45.856  8343  8343 V FileManager: Directory already exists: /storage/emulated/0/Movies/segment-sum/20200312_193828
07-04 22:30:45.907  8343  8343 V NearbyFragment: Received a segment of 20200312_193828
07-04 22:30:46.380  8343  8343 D NearbyFragment: onPayloadReceived(endpointId=yOfc, payload=com.google.android.gms.nearby.connection.Payload@b303702)
07-04 22:30:46.382  8343  8343 D NearbyFragment: Endpoint{id=yOfc, name=Galaxy S8 [2802]} has finished downloading 20200312_193828!026.mp4
07-04 22:30:46.420  8343  8343 V NearbyFragment: Transfer to Endpoint{id=yOfc, name=Galaxy S8 [2802]} complete
07-04 22:30:46.796  8343  8343 D NearbyFragment: onPayloadReceived(endpointId=yOfc, payload=com.google.android.gms.nearby.connection.Payload@1d63813)
07-04 22:30:46.798  8343  8343 V NearbyFragment: Started downloading 20200312_193828!026.mp4 from Endpoint{id=yOfc, name=Galaxy S8 [2802]}
07-04 22:30:46.804  8343  8343 V NearbyFragment: nextTransfer with selected algorithm: best_or_local
07-04 22:30:46.810  8343  8343 W NearbyFragment: Sending 20200312_193828!027.mp4 to Galaxy S8 [2802]
07-04 22:30:46.822  8343  8343 V NearbyFragment: Transfer to Endpoint{id=yOfc, name=Galaxy S8 [2802]} complete
07-04 22:30:46.839  8343  8343 D NearbyFragment: onPayloadReceived(endpointId=yOfc, payload=com.google.android.gms.nearby.connection.Payload@5eec14e)
07-04 22:30:46.843  8343  8343 V NearbyFragment: Transfer to Endpoint{id=yOfc, name=Galaxy S8 [2802]} complete
07-04 22:30:46.894  8343  8343 V NearbyFragment: Transfer to Endpoint{id=yOfc, name=Galaxy S8 [2802]} complete
07-04 22:30:46.931  8343  8343 V NearbyFragment: Transfer to Endpoint{id=yOfc, name=Galaxy S8 [2802]} complete
07-04 22:30:46.931  8343  8343 W NearbyFragment: Completed downloading 20200312_193828!026.mp4 from Endpoint{id=yOfc, name=Galaxy S8 [2802]} in 00.132s
07-04 22:30:46.940  8343  8343 V FileManager: External storage is readable
07-04 22:30:46.940  8343  8343 V FileManager: Directory already exists: /storage/emulated/0/Movies/segment-sum/20200312_193828
07-04 22:30:46.988  8343  8343 V NearbyFragment: Received a segment of 20200312_193828
07-04 22:30:47.347  8343  8343 D NearbyFragment: onPayloadReceived(endpointId=yOfc, payload=com.google.android.gms.nearby.connection.Payload@5e2426f)
07-04 22:30:47.349  8343  8343 D NearbyFragment: Endpoint{id=yOfc, name=Galaxy S8 [2802]} has finished downloading 20200312_193828!027.mp4
07-04 22:30:47.404  8343  8343 V NearbyFragment: Transfer to Endpoint{id=yOfc, name=Galaxy S8 [2802]} complete
07-04 22:30:47.962  8343  8343 D NearbyFragment: onPayloadReceived(endpointId=yOfc, payload=com.google.android.gms.nearby.connection.Payload@26e4b7c)
07-04 22:30:47.962  8343  8343 V NearbyFragment: Started downloading 20200312_193828!027.mp4 from Endpoint{id=yOfc, name=Galaxy S8 [2802]}
07-04 22:30:47.964  8343  8343 V NearbyFragment: nextTransfer with selected algorithm: best_or_local
07-04 22:30:47.972  8343  8343 W NearbyFragment: Sending 20200312_193828!028.mp4 to Galaxy S8 [2802]
07-04 22:30:47.977  8343  8343 V NearbyFragment: Transfer to Endpoint{id=yOfc, name=Galaxy S8 [2802]} complete
07-04 22:30:48.002  8343  8343 D NearbyFragment: onPayloadReceived(endpointId=yOfc, payload=com.google.android.gms.nearby.connection.Payload@9fa968b)
07-04 22:30:48.003  8343  8343 V NearbyFragment: Transfer to Endpoint{id=yOfc, name=Galaxy S8 [2802]} complete
07-04 22:30:48.069  8343  8343 V NearbyFragment: Transfer to Endpoint{id=yOfc, name=Galaxy S8 [2802]} complete
07-04 22:30:48.078  8343  8343 V NearbyFragment: Transfer to Endpoint{id=yOfc, name=Galaxy S8 [2802]} complete
07-04 22:30:48.079  8343  8343 W NearbyFragment: Completed downloading 20200312_193828!027.mp4 from Endpoint{id=yOfc, name=Galaxy S8 [2802]} in 00.115s
07-04 22:30:48.084  8343  8343 V FileManager: External storage is readable
07-04 22:30:48.084  8343  8343 V FileManager: Directory already exists: /storage/emulated/0/Movies/segment-sum/20200312_193828
07-04 22:30:48.132  8343  8343 V NearbyFragment: Received a segment of 20200312_193828
07-04 22:30:48.408  8343  8343 D NearbyFragment: onPayloadReceived(endpointId=yOfc, payload=com.google.android.gms.nearby.connection.Payload@412a368)
07-04 22:30:48.409  8343  8343 D NearbyFragment: Endpoint{id=yOfc, name=Galaxy S8 [2802]} has finished downloading 20200312_193828!028.mp4
07-04 22:30:48.461  8343  8343 V NearbyFragment: Transfer to Endpoint{id=yOfc, name=Galaxy S8 [2802]} complete
07-04 22:30:49.030  8343  8343 D NearbyFragment: onPayloadReceived(endpointId=yOfc, payload=com.google.android.gms.nearby.connection.Payload@4297381)
07-04 22:30:49.031  8343  8343 V NearbyFragment: Started downloading 20200312_193828!028.mp4 from Endpoint{id=yOfc, name=Galaxy S8 [2802]}
07-04 22:30:49.034  8343  8343 V NearbyFragment: nextTransfer with selected algorithm: best_or_local
07-04 22:30:49.039  8343  8343 W NearbyFragment: Sending 20200312_193828!029.mp4 to Galaxy S8 [2802]
07-04 22:30:49.048  8343  8343 V NearbyFragment: Transfer to Endpoint{id=yOfc, name=Galaxy S8 [2802]} complete
07-04 22:30:49.057  8343  8343 D NearbyFragment: onPayloadReceived(endpointId=yOfc, payload=com.google.android.gms.nearby.connection.Payload@f228e14)
07-04 22:30:49.059  8343  8343 V NearbyFragment: Transfer to Endpoint{id=yOfc, name=Galaxy S8 [2802]} complete
07-04 22:30:49.111  8343  8343 V NearbyFragment: Transfer to Endpoint{id=yOfc, name=Galaxy S8 [2802]} complete
07-04 22:30:49.147  8343  8343 V NearbyFragment: Transfer to Endpoint{id=yOfc, name=Galaxy S8 [2802]} complete
07-04 22:30:49.148  8343  8343 W NearbyFragment: Completed downloading 20200312_193828!028.mp4 from Endpoint{id=yOfc, name=Galaxy S8 [2802]} in 00.115s
07-04 22:30:49.152  8343  8343 V FileManager: External storage is readable
07-04 22:30:49.153  8343  8343 V FileManager: Directory already exists: /storage/emulated/0/Movies/segment-sum/20200312_193828
07-04 22:30:49.203  8343  8343 V NearbyFragment: Received a segment of 20200312_193828
07-04 22:30:49.337  8343  8343 D NearbyFragment: onPayloadReceived(endpointId=yOfc, payload=com.google.android.gms.nearby.connection.Payload@78c6bd)
07-04 22:30:49.337  8343  8343 D NearbyFragment: Endpoint{id=yOfc, name=Galaxy S8 [2802]} has finished downloading 20200312_193828!029.mp4
07-04 22:30:49.544  8343  8343 V NearbyFragment: Transfer to Endpoint{id=yOfc, name=Galaxy S8 [2802]} complete
07-04 22:30:49.964  8343  8343 D NearbyFragment: onPayloadReceived(endpointId=yOfc, payload=com.google.android.gms.nearby.connection.Payload@32864b2)
07-04 22:30:49.965  8343  8343 V NearbyFragment: Started downloading 20200312_193828!029.mp4 from Endpoint{id=yOfc, name=Galaxy S8 [2802]}
07-04 22:30:49.967  8343  8343 V NearbyFragment: nextTransfer with selected algorithm: best_or_local
07-04 22:30:49.971  8343  8343 W NearbyFragment: Sending 20200312_193828!030.mp4 to Galaxy S8 [2802]
07-04 22:30:49.980  8343  8343 V NearbyFragment: Transfer to Endpoint{id=yOfc, name=Galaxy S8 [2802]} complete
07-04 22:30:49.988  8343  8343 V NearbyFragment: Transfer to Endpoint{id=yOfc, name=Galaxy S8 [2802]} complete
07-04 22:30:50.004  8343  8343 D NearbyFragment: onPayloadReceived(endpointId=yOfc, payload=com.google.android.gms.nearby.connection.Payload@77011b9)
07-04 22:30:50.048  8343  8343 V NearbyFragment: Transfer to Endpoint{id=yOfc, name=Galaxy S8 [2802]} complete
07-04 22:30:50.122  8343  8343 V NearbyFragment: Transfer to Endpoint{id=yOfc, name=Galaxy S8 [2802]} complete
07-04 22:30:50.123  8343  8343 W NearbyFragment: Completed downloading 20200312_193828!029.mp4 from Endpoint{id=yOfc, name=Galaxy S8 [2802]} in 00.157s
07-04 22:30:50.128  8343  8343 V FileManager: External storage is readable
07-04 22:30:50.128  8343  8343 V FileManager: Directory already exists: /storage/emulated/0/Movies/segment-sum/20200312_193828
07-04 22:30:50.174  8343  8343 V NearbyFragment: Received a segment of 20200312_193828
07-04 22:30:50.658  8343  8343 D NearbyFragment: onPayloadReceived(endpointId=yOfc, payload=com.google.android.gms.nearby.connection.Payload@e3419fe)
07-04 22:30:50.661  8343  8343 D NearbyFragment: Endpoint{id=yOfc, name=Galaxy S8 [2802]} has finished downloading 20200312_193828!030.mp4
07-04 22:30:50.704  8343  8343 V NearbyFragment: Transfer to Endpoint{id=yOfc, name=Galaxy S8 [2802]} complete
07-04 22:30:51.227  8343  8343 D NearbyFragment: onPayloadReceived(endpointId=yOfc, payload=com.google.android.gms.nearby.connection.Payload@48ea55f)
07-04 22:30:51.229  8343  8343 V NearbyFragment: Started downloading 20200312_193828!030.mp4 from Endpoint{id=yOfc, name=Galaxy S8 [2802]}
07-04 22:30:51.234  8343  8343 V NearbyFragment: nextTransfer with selected algorithm: best_or_local
07-04 22:30:51.243  8343  8343 W NearbyFragment: Sending 20200312_193828!031.mp4 to Galaxy S8 [2802]
07-04 22:30:51.250  8343  8343 V NearbyFragment: Transfer to Endpoint{id=yOfc, name=Galaxy S8 [2802]} complete
07-04 22:30:51.256  8343  8343 D NearbyFragment: onPayloadReceived(endpointId=yOfc, payload=com.google.android.gms.nearby.connection.Payload@b3d80a)
07-04 22:30:51.265  8343  8343 V NearbyFragment: Transfer to Endpoint{id=yOfc, name=Galaxy S8 [2802]} complete
07-04 22:30:51.326  8343  8343 V NearbyFragment: Transfer to Endpoint{id=yOfc, name=Galaxy S8 [2802]} complete
07-04 22:30:51.327  8343  8343 V NearbyFragment: Transfer to Endpoint{id=yOfc, name=Galaxy S8 [2802]} complete
07-04 22:30:51.327  8343  8343 W NearbyFragment: Completed downloading 20200312_193828!030.mp4 from Endpoint{id=yOfc, name=Galaxy S8 [2802]} in 00.096s
07-04 22:30:51.332  8343  8343 V FileManager: External storage is readable
07-04 22:30:51.332  8343  8343 V FileManager: Directory already exists: /storage/emulated/0/Movies/segment-sum/20200312_193828
07-04 22:30:51.379  8343  8343 V NearbyFragment: Received a segment of 20200312_193828
07-04 22:30:51.695  8343  8343 D NearbyFragment: onPayloadReceived(endpointId=yOfc, payload=com.google.android.gms.nearby.connection.Payload@a22387b)
07-04 22:30:51.696  8343  8343 D NearbyFragment: Endpoint{id=yOfc, name=Galaxy S8 [2802]} has finished downloading 20200312_193828!031.mp4
07-04 22:30:51.749  8343  8343 V NearbyFragment: Transfer to Endpoint{id=yOfc, name=Galaxy S8 [2802]} complete
07-04 22:30:52.318  8343  8343 D NearbyFragment: onPayloadReceived(endpointId=yOfc, payload=com.google.android.gms.nearby.connection.Payload@7e9b698)
07-04 22:30:52.318  8343  8343 V NearbyFragment: Started downloading 20200312_193828!031.mp4 from Endpoint{id=yOfc, name=Galaxy S8 [2802]}
07-04 22:30:52.319  8343  8343 V NearbyFragment: nextTransfer with selected algorithm: best_or_local
07-04 22:30:52.322  8343  8343 W NearbyFragment: Sending 20200312_193828!032.mp4 to Galaxy S8 [2802]
07-04 22:30:52.333  8343  8343 V NearbyFragment: Transfer to Endpoint{id=yOfc, name=Galaxy S8 [2802]} complete
07-04 22:30:52.343  8343  8343 V NearbyFragment: Transfer to Endpoint{id=yOfc, name=Galaxy S8 [2802]} complete
07-04 22:30:52.352  8343  8343 D NearbyFragment: onPayloadReceived(endpointId=yOfc, payload=com.google.android.gms.nearby.connection.Payload@991e157)
07-04 22:30:52.418  8343  8343 V NearbyFragment: Transfer to Endpoint{id=yOfc, name=Galaxy S8 [2802]} complete
07-04 22:30:52.464  8343  8343 V NearbyFragment: Transfer to Endpoint{id=yOfc, name=Galaxy S8 [2802]} complete
07-04 22:30:52.464  8343  8343 W NearbyFragment: Completed downloading 20200312_193828!031.mp4 from Endpoint{id=yOfc, name=Galaxy S8 [2802]} in 00.145s
07-04 22:30:52.469  8343  8343 V FileManager: External storage is readable
07-04 22:30:52.470  8343  8343 V FileManager: Directory already exists: /storage/emulated/0/Movies/segment-sum/20200312_193828
07-04 22:30:52.517  8343  8343 V NearbyFragment: Received a segment of 20200312_193828
07-04 22:30:52.663  8343  8343 D NearbyFragment: onPayloadReceived(endpointId=yOfc, payload=com.google.android.gms.nearby.connection.Payload@60fa444)
07-04 22:30:52.664  8343  8343 D NearbyFragment: Endpoint{id=yOfc, name=Galaxy S8 [2802]} has finished downloading 20200312_193828!032.mp4
07-04 22:30:52.799  8343  8343 V NearbyFragment: Transfer to Endpoint{id=yOfc, name=Galaxy S8 [2802]} complete
07-04 22:30:53.128  8343  8343 D NearbyFragment: onPayloadReceived(endpointId=yOfc, payload=com.google.android.gms.nearby.connection.Payload@94dd92d)
07-04 22:30:53.128  8343  8343 V NearbyFragment: Started downloading 20200312_193828!032.mp4 from Endpoint{id=yOfc, name=Galaxy S8 [2802]}
07-04 22:30:53.130  8343  8343 V NearbyFragment: nextTransfer with selected algorithm: best_or_local
07-04 22:30:53.132  8343  8343 W NearbyFragment: Sending 20200312_193828!033.mp4 to Galaxy S8 [2802]
07-04 22:30:53.134  8343  8343 V NearbyFragment: Transfer to Endpoint{id=yOfc, name=Galaxy S8 [2802]} complete
07-04 22:30:53.140  8343  8343 V NearbyFragment: Transfer to Endpoint{id=yOfc, name=Galaxy S8 [2802]} complete
07-04 22:30:53.400  8343  8343 D NearbyFragment: onPayloadReceived(endpointId=yOfc, payload=com.google.android.gms.nearby.connection.Payload@184c0b0)
07-04 22:30:53.470  8343  8343 V NearbyFragment: Transfer to Endpoint{id=yOfc, name=Galaxy S8 [2802]} complete
07-04 22:30:53.471  8343  8343 W NearbyFragment: Completed downloading 20200312_193828!032.mp4 from Endpoint{id=yOfc, name=Galaxy S8 [2802]} in 00.342s
07-04 22:30:53.475  8343  8343 V FileManager: External storage is readable
07-04 22:30:53.476  8343  8343 V FileManager: Directory already exists: /storage/emulated/0/Movies/segment-sum/20200312_193828
07-04 22:30:53.600  8343  8343 V NearbyFragment: Received a segment of 20200312_193828
07-04 22:30:53.600  8343  8343 V NearbyFragment: Transfer to Endpoint{id=yOfc, name=Galaxy S8 [2802]} complete
07-04 22:30:54.567  8343  8343 D NearbyFragment: onPayloadReceived(endpointId=yOfc, payload=com.google.android.gms.nearby.connection.Payload@5bdb29)
07-04 22:30:54.568  8343  8343 D NearbyFragment: Endpoint{id=yOfc, name=Galaxy S8 [2802]} has finished downloading 20200312_193828!033.mp4
07-04 22:30:54.622  8343  8343 V NearbyFragment: Transfer to Endpoint{id=yOfc, name=Galaxy S8 [2802]} complete
07-04 22:30:55.158  8343  8343 D NearbyFragment: onPayloadReceived(endpointId=yOfc, payload=com.google.android.gms.nearby.connection.Payload@e98feae)
07-04 22:30:55.159  8343  8343 V NearbyFragment: Started downloading 20200312_193828!033.mp4 from Endpoint{id=yOfc, name=Galaxy S8 [2802]}
07-04 22:30:55.164  8343  8343 V NearbyFragment: nextTransfer with selected algorithm: best_or_local
07-04 22:30:55.172  8343  8343 W NearbyFragment: Sending 20200312_193828!034.mp4 to Galaxy S8 [2802]
07-04 22:30:55.175  8343  8343 V NearbyFragment: Transfer to Endpoint{id=yOfc, name=Galaxy S8 [2802]} complete
07-04 22:30:55.185  8343  8343 V NearbyFragment: Transfer to Endpoint{id=yOfc, name=Galaxy S8 [2802]} complete
07-04 22:30:55.201  8343  8343 D NearbyFragment: onPayloadReceived(endpointId=yOfc, payload=com.google.android.gms.nearby.connection.Payload@f2e00e5)
07-04 22:30:55.242  8343  8343 V NearbyFragment: Transfer to Endpoint{id=yOfc, name=Galaxy S8 [2802]} complete
07-04 22:30:55.381  8343  8343 V NearbyFragment: Transfer to Endpoint{id=yOfc, name=Galaxy S8 [2802]} complete
07-04 22:30:55.382  8343  8343 W NearbyFragment: Completed downloading 20200312_193828!033.mp4 from Endpoint{id=yOfc, name=Galaxy S8 [2802]} in 00.221s
07-04 22:30:55.386  8343  8343 V FileManager: External storage is readable
07-04 22:30:55.387  8343  8343 V FileManager: Directory already exists: /storage/emulated/0/Movies/segment-sum/20200312_193828
07-04 22:30:55.433  8343  8343 V NearbyFragment: Received a segment of 20200312_193828
07-04 22:30:56.139  8343  8343 D NearbyFragment: onPayloadReceived(endpointId=yOfc, payload=com.google.android.gms.nearby.connection.Payload@fa57ba)
07-04 22:30:56.141  8343  8343 D NearbyFragment: Endpoint{id=yOfc, name=Galaxy S8 [2802]} has finished downloading 20200312_193828!034.mp4
07-04 22:30:56.191  8343  8343 V NearbyFragment: Transfer to Endpoint{id=yOfc, name=Galaxy S8 [2802]} complete
07-04 22:30:56.799  8343  8343 D NearbyFragment: onPayloadReceived(endpointId=yOfc, payload=com.google.android.gms.nearby.connection.Payload@52e366b)
07-04 22:30:56.801  8343  8343 V NearbyFragment: Started downloading 20200312_193828!034.mp4 from Endpoint{id=yOfc, name=Galaxy S8 [2802]}
07-04 22:30:56.804  8343  8343 V NearbyFragment: nextTransfer with selected algorithm: best_or_local
07-04 22:30:56.806  8343  8343 W NearbyFragment: Sending 20200312_193828!035.mp4 to Galaxy S8 [2802]
07-04 22:30:56.812  8343  8343 V NearbyFragment: Transfer to Endpoint{id=yOfc, name=Galaxy S8 [2802]} complete
07-04 22:30:56.825  8343  8343 D NearbyFragment: onPayloadReceived(endpointId=yOfc, payload=com.google.android.gms.nearby.connection.Payload@2e63586)
07-04 22:30:56.825  8343  8343 V NearbyFragment: Transfer to Endpoint{id=yOfc, name=Galaxy S8 [2802]} complete
07-04 22:30:56.894  8343  8343 V NearbyFragment: Transfer to Endpoint{id=yOfc, name=Galaxy S8 [2802]} complete
07-04 22:30:56.918  8343  8343 V NearbyFragment: Transfer to Endpoint{id=yOfc, name=Galaxy S8 [2802]} complete
07-04 22:30:56.919  8343  8343 W NearbyFragment: Completed downloading 20200312_193828!034.mp4 from Endpoint{id=yOfc, name=Galaxy S8 [2802]} in 00.117s
07-04 22:30:56.924  8343  8343 V FileManager: External storage is readable
07-04 22:30:56.924  8343  8343 V FileManager: Directory already exists: /storage/emulated/0/Movies/segment-sum/20200312_193828
07-04 22:30:56.971  8343  8343 V NearbyFragment: Received a segment of 20200312_193828
07-04 22:30:57.587  8343  8343 D NearbyFragment: onPayloadReceived(endpointId=yOfc, payload=com.google.android.gms.nearby.connection.Payload@bf7ce47)
07-04 22:30:57.589  8343  8343 D NearbyFragment: Endpoint{id=yOfc, name=Galaxy S8 [2802]} has finished downloading 20200312_193828!035.mp4
07-04 22:30:57.630  8343  8343 V NearbyFragment: Transfer to Endpoint{id=yOfc, name=Galaxy S8 [2802]} complete
07-04 22:30:58.314  8343  8343 D NearbyFragment: onPayloadReceived(endpointId=yOfc, payload=com.google.android.gms.nearby.connection.Payload@b46a674)
07-04 22:30:58.316  8343  8343 V NearbyFragment: Started downloading 20200312_193828!035.mp4 from Endpoint{id=yOfc, name=Galaxy S8 [2802]}
07-04 22:30:58.323  8343  8343 V NearbyFragment: nextTransfer with selected algorithm: best_or_local
07-04 22:30:58.331  8343  8343 W NearbyFragment: Sending 20200312_193828!036.mp4 to Galaxy S8 [2802]
07-04 22:30:58.334  8343  8343 V NearbyFragment: Transfer to Endpoint{id=yOfc, name=Galaxy S8 [2802]} complete
07-04 22:30:58.348  8343  8343 V NearbyFragment: Transfer to Endpoint{id=yOfc, name=Galaxy S8 [2802]} complete
07-04 22:30:58.355  8343  8343 D NearbyFragment: onPayloadReceived(endpointId=yOfc, payload=com.google.android.gms.nearby.connection.Payload@8d907e3)
07-04 22:30:58.410  8343  8343 V NearbyFragment: Transfer to Endpoint{id=yOfc, name=Galaxy S8 [2802]} complete
07-04 22:30:58.546  8343  8343 V NearbyFragment: Transfer to Endpoint{id=yOfc, name=Galaxy S8 [2802]} complete
07-04 22:30:58.546  8343  8343 W NearbyFragment: Completed downloading 20200312_193828!035.mp4 from Endpoint{id=yOfc, name=Galaxy S8 [2802]} in 00.229s
