07-04 22:31:23.954  8343  8343 V NearbyFragment: Transfer to Endpoint{id=yOfc, name=Galaxy S8 [2802]} complete
07-04 22:31:23.970  8343  8343 D NearbyFragment: onPayloadReceived(endpointId=yOfc, payload=com.google.android.gms.nearby.connection.Payload@6b571e1)
07-04 22:31:23.975  8343  8343 V NearbyFragment: Transfer to Endpoint{id=yOfc, name=Galaxy S8 [2802]} complete
07-04 22:31:24.047  8343  8343 V NearbyFragment: Transfer to Endpoint{id=yOfc, name=Galaxy S8 [2802]} complete
07-04 22:31:24.048  8343  8343 W NearbyFragment: Completed downloading 20200312_193828!059.mp4 from Endpoint{id=yOfc, name=Galaxy S8 [2802]} in 00.107s
07-04 22:31:24.055  8343  8343 V FileManager: External storage is readable
07-04 22:31:24.055  8343  8343 V FileManager: Directory already exists: /storage/emulated/0/Movies/segment-sum/20200312_193828
07-04 22:31:24.107  8343  8343 D NearbyFragment: Received all summarised video segments of 20200312_193828
07-04 22:31:24.113  8343  8343 V FileManager: External storage is readable
07-04 22:31:24.113  8343  8343 V FileManager: Directory already exists: /storage/emulated/0/Movies/segment-sum/20200312_193828
07-04 22:31:24.118  8343  8343 D FfmpegTools: Merging /storage/emulated/0/Movies/summarised/20200312_193828.mp4
07-04 22:31:24.123  8343  8343 V FileManager: External storage is readable
07-04 22:31:24.123  8343  8343 V FileManager: Directory already exists: /storage/emulated/0/Movies/segment/20200312_193828
07-04 22:31:24.165  8343  8343 I FfmpegTools: Running ffmpeg with:
07-04 22:31:24.165  8343  8343 I FfmpegTools:   -y -f concat -safe 0 -i /storage/emulated/0/Movies/segment/20200312_193828/paths.txt -c copy /storage/emulated/0/Movies/summarised/20200312_193828.mp4
07-04 22:31:28.023  8343  8516 V VideoManager: Retrieving video from /storage/emulated/0/Movies/raw/20200312_194229.mp4
07-04 22:31:28.029  8343  8516 D VideoManager: videoCursor is null
07-04 22:31:28.056  8343  8516 V VideoManager: videoFromCursor
07-04 22:31:28.058  8343  8516 W DashDownloadManager: Successfully downloaded 20200312_194229.mp4 in 23.846s
07-04 22:31:28.058  8343  8516 V DownloadTestVideosTask: Entering callback for download completion of 20200312_194229.mp4
07-04 22:31:28.059  8343  8516 V RawFootageEventHandler: onAdd
07-04 22:31:28.060  8343  8516 V FfmpegTools: Retrieving duration of /storage/emulated/0/Movies/raw/20200312_194229.mp4
07-04 22:31:28.066  8343  8524 W mobile-ffmpeg: [mov,mp4,m4a,3gp,3g2,mj2 @ 0x73954b7800] Found duplicated MOOV Atom. Skipped it
07-04 22:31:28.164  8343  8516 V FileManager: External storage is readable
07-04 22:31:28.166  8343  8516 V FileManager: Created new directory: /storage/emulated/0/Movies/segment/20200312_194229
07-04 22:31:28.166  8343  8516 V FfmpegTools: Splitting /storage/emulated/0/Movies/raw/20200312_194229.mp4 with 16s long segments
07-04 22:31:28.167  8343  8516 I FfmpegTools: Running ffmpeg with:
07-04 22:31:28.167  8343  8516 I FfmpegTools:   -y -i /storage/emulated/0/Movies/raw/20200312_194229.mp4 -map 0 -c copy -f segment -reset_timestamps 1 -segment_time 16 /storage/emulated/0/Movies/segment/20200312_194229/20200312_194229!%03d.mp4
07-04 22:31:28.181  8343  8524 W mobile-ffmpeg: [mov,mp4,m4a,3gp,3g2,mj2 @ 0x73954b7800] Found duplicated MOOV Atom. Skipped it
07-04 22:31:28.876  8343  8516 V FileManager: External storage is readable
07-04 22:31:28.877  8343  8516 V FileManager: Directory already exists: /storage/emulated/0/Movies/segment/20200312_194229
07-04 22:31:28.877  8343  8516 V VideoManager: Retrieving videos from /storage/emulated/0/Movies/segment/20200312_194229
07-04 22:31:28.878  8343  8516 V VideoManager: Retrieving video from /storage/emulated/0/Movies/segment/20200312_194229/20200312_194229!000.mp4
07-04 22:31:28.884  8343  8516 D VideoManager: videoCursor is null
07-04 22:31:29.807  8343  8516 V VideoManager: videoFromCursor
07-04 22:31:29.810  8343  8516 V VideoManager: Retrieving video from /storage/emulated/0/Movies/segment/20200312_194229/20200312_194229!001.mp4
07-04 22:31:29.816  8343  8516 D VideoManager: videoCursor is null
07-04 22:31:29.831  8343  8516 V VideoManager: videoFromCursor
07-04 22:31:29.834  8343  8516 V VideoManager: Retrieving video from /storage/emulated/0/Movies/segment/20200312_194229/20200312_194229!002.mp4
07-04 22:31:29.840  8343  8516 D VideoManager: videoCursor is null
07-04 22:31:29.859  8343  8516 V VideoManager: videoFromCursor
07-04 22:31:29.862  8343  8516 V VideoManager: Retrieving video from /storage/emulated/0/Movies/segment/20200312_194229/20200312_194229!003.mp4
07-04 22:31:29.868  8343  8516 D VideoManager: videoCursor is null
07-04 22:31:29.886  8343  8516 V VideoManager: videoFromCursor
07-04 22:31:29.889  8343  8516 V NearbyFragment: nextTransfer with selected algorithm: best_or_local
07-04 22:31:29.896  8343  8516 V FileManager: External storage is readable
07-04 22:31:29.897  8343  8516 V FileManager: Created new directory: /storage/emulated/0/Movies/segment-sum/20200312_193928
07-04 22:31:29.897  8343  8516 D NearbyFragment: Summarising 20200312_193928!001.mp4
07-04 22:31:29.897  8343  8516 V VideoManager: Retrieving video from /storage/emulated/0/Movies/segment/20200312_193928/20200312_193928!001.mp4
07-04 22:31:29.906  8343  8516 V VideoManager: videoFromCursor
07-04 22:31:29.908  8343  8516 V ProcessingVideosEventHandler: onAdd
07-04 22:31:29.909  8343  8516 V RawFootageEventHandler: onRemove
07-04 22:31:30.051  8343  8343 V FfmpegTools: Retrieving duration of /storage/emulated/0/Movies/summarised/20200312_193828.mp4
07-04 22:31:30.353  8343  8343 W FfmpegTools: Merged duration of 20200312_193828: 60.94
07-04 22:31:30.376  8343  8343 V VideoManager: Retrieving video from /storage/emulated/0/Movies/summarised/20200312_193828.mp4
07-04 22:31:30.383  8343  8343 V VideoManager: videoFromCursor
07-04 22:31:30.386  8343  8343 V SummarisedVideosEventHandler: onAdd
07-04 22:31:30.387  8343  8343 V RawFootageEventHandler: removeByName
07-04 22:31:30.388  8343  8343 V ProcessingVideosEventHandler: removeByName
07-04 22:31:30.389  8343  8343 V NearbyFragment: Removing video segment map for 20200312_193828
07-04 22:31:30.392  8343  8343 V NearbyFragment: Transfer to Endpoint{id=yOfc, name=Galaxy S8 [2802]} complete
07-04 22:31:30.392  8343  8343 D NearbyFragment: onPayloadReceived(endpointId=yOfc, payload=com.google.android.gms.nearby.connection.Payload@8fa3b06)
07-04 22:31:30.392  8343  8343 D NearbyFragment: Endpoint{id=yOfc, name=Galaxy S8 [2802]} has finished downloading 20200312_193928!000.mp4
07-04 22:31:30.393  8343  8343 V NearbyFragment: Transfer to Endpoint{id=yOfc, name=Galaxy S8 [2802]} complete
07-04 22:31:30.395  8343  8343 D NearbyFragment: onPayloadReceived(endpointId=yOfc, payload=com.google.android.gms.nearby.connection.Payload@fcbe7f4)
07-04 22:31:30.395  8343  8343 D NearbyFragment: 20200312_193928!000.mp4 from Endpoint{id=yOfc, name=Galaxy S8 [2802]} contained no activity
07-04 22:31:30.395  8343  8343 V NearbyFragment: Received a segment of 20200312_193928
07-04 22:31:30.396  8343  8343 V NearbyFragment: nextTransfer with selected algorithm: best_or_local
07-04 22:31:30.398  8343  8343 W NearbyFragment: Sending 20200312_193928!002.mp4 to Galaxy S8 [2802]
07-04 22:31:30.402  8343  8343 V NearbyFragment: Transfer to Endpoint{id=yOfc, name=Galaxy S8 [2802]} complete
07-04 22:31:30.407  8343  8689 V SummariserIntentService: onHandleIntent
07-04 22:31:30.408  8343  8689 D SummariserIntentService: Video{id='7838', data='/storage/emulated/0/Movies/segment/20200312_193928/20200312_193928!001.mp4', name='20200312_193928!001.mp4', size=16838735, visible=true, mimeType='video/mp4'}
07-04 22:31:30.409  8343  8689 D SummariserIntentService: /storage/emulated/0/Movies/segment-sum/20200312_193928/20200312_193928!001.mp4
07-04 22:31:30.603  8343  8524 W mobile-ffmpeg: [graph 0 input from stream 0:0 @ 0x7395454fc0] sws_param option is deprecated and ignored
07-04 22:31:30.913  8343  8516 V DownloadTestVideosTask: Starting DownloadTestVideosTask
07-04 22:31:30.916  8343  8516 V DashDownloadManager: Started downloading: 20200312_194330.mp4
07-04 22:31:31.058  8343  8343 V NearbyFragment: Transfer to Endpoint{id=yOfc, name=Galaxy S8 [2802]} complete
07-04 22:31:35.599  8343  8343 V NearbyFragment: Transfer to Endpoint{id=yOfc, name=Galaxy S8 [2802]} complete
07-04 22:31:35.646  8343  8343 D NearbyFragment: onPayloadReceived(endpointId=yOfc, payload=com.google.android.gms.nearby.connection.Payload@c36f342)
07-04 22:31:35.647  8343  8343 D NearbyFragment: Endpoint{id=yOfc, name=Galaxy S8 [2802]} has finished downloading 20200312_193928!002.mp4
07-04 22:31:35.696  8343  8343 V NearbyFragment: Transfer to Endpoint{id=yOfc, name=Galaxy S8 [2802]} complete
07-04 22:31:37.783  8343  8343 D NearbyFragment: onPayloadReceived(endpointId=yOfc, payload=com.google.android.gms.nearby.connection.Payload@88fdf53)
07-04 22:31:37.783  8343  8343 D NearbyFragment: 20200312_193928!002.mp4 from Endpoint{id=yOfc, name=Galaxy S8 [2802]} contained no activity
07-04 22:31:37.783  8343  8343 V NearbyFragment: Received a segment of 20200312_193928
07-04 22:31:37.784  8343  8343 V NearbyFragment: nextTransfer with selected algorithm: best_or_local
07-04 22:31:37.786  8343  8343 W NearbyFragment: Sending 20200312_193928!003.mp4 to Galaxy S8 [2802]
07-04 22:31:37.816  8343  8343 V NearbyFragment: Transfer to Endpoint{id=yOfc, name=Galaxy S8 [2802]} complete
07-04 22:31:37.818  8343  8343 V NearbyFragment: Transfer to Endpoint{id=yOfc, name=Galaxy S8 [2802]} complete
07-04 22:31:38.352  8343  8689 W Summariser: No activity detected
07-04 22:31:38.353  8343  8689 V FfmpegTools: Retrieving duration of /storage/emulated/0/Movies/segment/20200312_193928/20200312_193928!001.mp4
07-04 22:31:38.469  8343  8689 W Summariser: Summarisation completed
07-04 22:31:38.469  8343  8689 W Summariser:   filename: 20200312_193928!001.mp4
07-04 22:31:38.469  8343  8689 W Summariser:   active sections: 0
07-04 22:31:38.469  8343  8689 W Summariser:   time: 07.944s
07-04 22:31:38.469  8343  8689 W Summariser:   original duration: 16.05
07-04 22:31:38.469  8343  8689 W Summariser:   summarised duration: -1.00
07-04 22:31:38.469  8343  8689 W Summariser:   noise tolerance: 45.00
07-04 22:31:38.469  8343  8689 W Summariser:   quality: 23
07-04 22:31:38.469  8343  8689 W Summariser:   speed: medium
07-04 22:31:38.469  8343  8689 W Summariser:   freeze duration: 1.00
07-04 22:31:38.469  8343  8689 V NearbyFragment: Received a segment of 20200312_193928
07-04 22:31:38.469  8343  8689 V ProcessingVideosEventHandler: onRemove
07-04 22:31:38.544  8343  8357 D SummariserIntentService: Scanned /storage/emulated/0/Movies/summarised
07-04 22:31:38.544  8343  8357 D SummariserIntentService:   -> uri=content://media/external/file/7686
07-04 22:31:39.686  8343  8343 V NearbyFragment: Transfer to Endpoint{id=yOfc, name=Galaxy S8 [2802]} complete
07-04 22:31:40.264  8343  8343 D NearbyFragment: onPayloadReceived(endpointId=yOfc, payload=com.google.android.gms.nearby.connection.Payload@f488945)
07-04 22:31:40.265  8343  8343 D NearbyFragment: Endpoint{id=yOfc, name=Galaxy S8 [2802]} has finished downloading 20200312_193928!003.mp4
07-04 22:31:40.320  8343  8343 V NearbyFragment: Transfer to Endpoint{id=yOfc, name=Galaxy S8 [2802]} complete
07-04 22:31:41.855  8343  8343 D NearbyFragment: onPayloadReceived(endpointId=yOfc, payload=com.google.android.gms.nearby.connection.Payload@c13a89a)
07-04 22:31:41.861  8343  8343 D NearbyFragment: 20200312_193928!003.mp4 from Endpoint{id=yOfc, name=Galaxy S8 [2802]} contained no activity
07-04 22:31:41.862  8343  8343 D NearbyFragment: Received all summarised video segments of 20200312_193928
07-04 22:31:41.872  8343  8343 V FileManager: External storage is readable
07-04 22:31:41.873  8343  8343 V FileManager: Directory already exists: /storage/emulated/0/Movies/segment-sum/20200312_193928
07-04 22:31:41.875  8343  8343 D FfmpegTools: Merging /storage/emulated/0/Movies/summarised/20200312_193928.mp4
07-04 22:31:41.875  8343  8343 D FfmpegTools: No split videos to merge
07-04 22:31:41.876  8343  8343 V RawFootageEventHandler: removeByName
07-04 22:31:41.878  8343  8343 V ProcessingVideosEventHandler: removeByName
07-04 22:31:41.879  8343  8343 V NearbyFragment: Removing video segment map for 20200312_193928
07-04 22:31:41.880  8343  8343 V NearbyFragment: nextTransfer with selected algorithm: best_or_local
07-04 22:31:41.882  8343  8343 W NearbyFragment: Sending 20200312_194129!000.mp4 to Galaxy S8 [2802]
07-04 22:31:41.884  8343  8343 V NearbyFragment: Transfer to Endpoint{id=yOfc, name=Galaxy S8 [2802]} complete
07-04 22:31:41.911  8343  8343 V NearbyFragment: Transfer to Endpoint{id=yOfc, name=Galaxy S8 [2802]} complete
07-04 22:31:44.228  8343  8343 V NearbyFragment: Transfer to Endpoint{id=yOfc, name=Galaxy S8 [2802]} complete
07-04 22:31:44.880  8343  8343 D NearbyFragment: onPayloadReceived(endpointId=yOfc, payload=com.google.android.gms.nearby.connection.Payload@c9f13a7)
07-04 22:31:44.882  8343  8343 D NearbyFragment: Endpoint{id=yOfc, name=Galaxy S8 [2802]} has finished downloading 20200312_194129!000.mp4
07-04 22:31:44.971  8343  8343 V NearbyFragment: Transfer to Endpoint{id=yOfc, name=Galaxy S8 [2802]} complete
07-04 22:31:47.142  8343  8343 D NearbyFragment: onPayloadReceived(endpointId=yOfc, payload=com.google.android.gms.nearby.connection.Payload@1e27054)
07-04 22:31:47.143  8343  8343 D NearbyFragment: 20200312_194129!000.mp4 from Endpoint{id=yOfc, name=Galaxy S8 [2802]} contained no activity
07-04 22:31:47.145  8343  8343 V NearbyFragment: Received a segment of 20200312_194129
07-04 22:31:47.147  8343  8343 V NearbyFragment: nextTransfer with selected algorithm: best_or_local
07-04 22:31:47.154  8343  8343 W NearbyFragment: Sending 20200312_194129!001.mp4 to Galaxy S8 [2802]
07-04 22:31:47.164  8343  8343 V NearbyFragment: Transfer to Endpoint{id=yOfc, name=Galaxy S8 [2802]} complete
07-04 22:31:47.181  8343  8343 V NearbyFragment: Transfer to Endpoint{id=yOfc, name=Galaxy S8 [2802]} complete
07-04 22:31:49.022  8343  8343 V NearbyFragment: Transfer to Endpoint{id=yOfc, name=Galaxy S8 [2802]} complete
07-04 22:31:49.671  8343  8343 D NearbyFragment: onPayloadReceived(endpointId=yOfc, payload=com.google.android.gms.nearby.connection.Payload@f9f4343)
07-04 22:31:49.672  8343  8343 D NearbyFragment: Endpoint{id=yOfc, name=Galaxy S8 [2802]} has finished downloading 20200312_194129!001.mp4
07-04 22:31:49.677  8343  8343 V NearbyFragment: Transfer to Endpoint{id=yOfc, name=Galaxy S8 [2802]} complete
07-04 22:31:54.006  8343  8516 V VideoManager: Retrieving video from /storage/emulated/0/Movies/raw/20200312_194330.mp4
07-04 22:31:54.016  8343  8516 D VideoManager: videoCursor is null
07-04 22:31:54.039  8343  8516 V VideoManager: videoFromCursor
07-04 22:31:54.043  8343  8516 W DashDownloadManager: Successfully downloaded 20200312_194330.mp4 in 23.090s
07-04 22:31:54.043  8343  8516 V DownloadTestVideosTask: Entering callback for download completion of 20200312_194330.mp4
07-04 22:31:54.044  8343  8516 V RawFootageEventHandler: onAdd
07-04 22:31:54.045  8343  8516 V FfmpegTools: Retrieving duration of /storage/emulated/0/Movies/raw/20200312_194330.mp4
07-04 22:31:54.056  8343  8524 W mobile-ffmpeg: [mov,mp4,m4a,3gp,3g2,mj2 @ 0x73954b7800] Found duplicated MOOV Atom. Skipped it
07-04 22:31:54.119  8343  8516 V FileManager: External storage is readable
07-04 22:31:54.121  8343  8516 V FileManager: Created new directory: /storage/emulated/0/Movies/segment/20200312_194330
07-04 22:31:54.122  8343  8516 V FfmpegTools: Splitting /storage/emulated/0/Movies/raw/20200312_194330.mp4 with 16s long segments
07-04 22:31:54.123  8343  8516 I FfmpegTools: Running ffmpeg with:
07-04 22:31:54.123  8343  8516 I FfmpegTools:   -y -i /storage/emulated/0/Movies/raw/20200312_194330.mp4 -map 0 -c copy -f segment -reset_timestamps 1 -segment_time 16 /storage/emulated/0/Movies/segment/20200312_194330/20200312_194330!%03d.mp4
07-04 22:31:54.138  8343  8524 W mobile-ffmpeg: [mov,mp4,m4a,3gp,3g2,mj2 @ 0x73954b7800] Found duplicated MOOV Atom. Skipped it
07-04 22:31:54.791  8343  8516 V FileManager: External storage is readable
07-04 22:31:54.791  8343  8516 V FileManager: Directory already exists: /storage/emulated/0/Movies/segment/20200312_194330
07-04 22:31:54.792  8343  8516 V VideoManager: Retrieving videos from /storage/emulated/0/Movies/segment/20200312_194330
07-04 22:31:54.793  8343  8516 V VideoManager: Retrieving video from /storage/emulated/0/Movies/segment/20200312_194330/20200312_194330!000.mp4
07-04 22:31:54.799  8343  8516 D VideoManager: videoCursor is null
07-04 22:31:56.031  8343  8516 V VideoManager: videoFromCursor
07-04 22:31:56.036  8343  8516 V VideoManager: Retrieving video from /storage/emulated/0/Movies/segment/20200312_194330/20200312_194330!001.mp4
07-04 22:31:56.045  8343  8516 D VideoManager: videoCursor is null
07-04 22:31:56.069  8343  8516 V VideoManager: videoFromCursor
07-04 22:31:56.072  8343  8516 V VideoManager: Retrieving video from /storage/emulated/0/Movies/segment/20200312_194330/20200312_194330!002.mp4
07-04 22:31:56.079  8343  8516 D VideoManager: videoCursor is null
07-04 22:31:56.097  8343  8516 V VideoManager: videoFromCursor
07-04 22:31:56.100  8343  8516 V VideoManager: Retrieving video from /storage/emulated/0/Movies/segment/20200312_194330/20200312_194330!003.mp4
07-04 22:31:56.108  8343  8516 D VideoManager: videoCursor is null
07-04 22:31:56.142  8343  8516 V VideoManager: videoFromCursor
07-04 22:31:56.146  8343  8516 V NearbyFragment: nextTransfer with selected algorithm: best_or_local
07-04 22:31:56.151  8343  8516 V FileManager: External storage is readable
07-04 22:31:56.152  8343  8516 V FileManager: Created new directory: /storage/emulated/0/Movies/segment-sum/20200312_194129
07-04 22:31:56.153  8343  8516 D NearbyFragment: Summarising 20200312_194129!002.mp4
07-04 22:31:56.153  8343  8516 V VideoManager: Retrieving video from /storage/emulated/0/Movies/segment/20200312_194129/20200312_194129!002.mp4
07-04 22:31:56.161  8343  8516 V VideoManager: videoFromCursor
07-04 22:31:56.164  8343  8516 V ProcessingVideosEventHandler: onAdd
07-04 22:31:56.165  8343  8516 V RawFootageEventHandler: onRemove
07-04 22:31:56.197  8343  8715 V SummariserIntentService: onHandleIntent
07-04 22:31:56.198  8343  8715 D SummariserIntentService: Video{id='7848', data='/storage/emulated/0/Movies/segment/20200312_194129/20200312_194129!002.mp4', name='20200312_194129!002.mp4', size=16799769, visible=true, mimeType='video/mp4'}
07-04 22:31:56.198  8343  8715 D SummariserIntentService: /storage/emulated/0/Movies/segment-sum/20200312_194129/20200312_194129!002.mp4
07-04 22:31:56.260  8343  8343 D NearbyFragment: onPayloadReceived(endpointId=yOfc, payload=com.google.android.gms.nearby.connection.Payload@fab75ec)
07-04 22:31:56.260  8343  8343 V NearbyFragment: Started downloading 20200312_194129!001.mp4 from Endpoint{id=yOfc, name=Galaxy S8 [2802]}
07-04 22:31:56.261  8343  8343 V NearbyFragment: nextTransfer with selected algorithm: best_or_local
07-04 22:31:56.263  8343  8343 W NearbyFragment: Sending 20200312_194129!003.mp4 to Galaxy S8 [2802]
07-04 22:31:56.277  8343  8343 V NearbyFragment: Transfer to Endpoint{id=yOfc, name=Galaxy S8 [2802]} complete
07-04 22:31:56.284  8343  8343 D NearbyFragment: onPayloadReceived(endpointId=yOfc, payload=com.google.android.gms.nearby.connection.Payload@a13d7bb)
07-04 22:31:56.295  8343  8343 V NearbyFragment: Transfer to Endpoint{id=yOfc, name=Galaxy S8 [2802]} complete
07-04 22:31:56.316  8343  8343 V NearbyFragment: Transfer to Endpoint{id=yOfc, name=Galaxy S8 [2802]} complete
07-04 22:31:56.317  8343  8343 W NearbyFragment: Completed downloading 20200312_194129!001.mp4 from Endpoint{id=yOfc, name=Galaxy S8 [2802]} in 00.056s
07-04 22:31:56.324  8343  8343 V FileManager: External storage is readable
07-04 22:31:56.324  8343  8343 V FileManager: Directory already exists: /storage/emulated/0/Movies/segment-sum/20200312_194129
07-04 22:31:56.347  8343  8343 V NearbyFragment: Received a segment of 20200312_194129
07-04 22:31:56.381  8343  8524 W mobile-ffmpeg: [graph 0 input from stream 0:0 @ 0x7395454f00] sws_param option is deprecated and ignored
07-04 22:31:57.173  8343  8516 V DownloadTestVideosTask: Starting DownloadTestVideosTask
07-04 22:31:57.175  8343  8516 V DashDownloadManager: Started downloading: 20200312_194730.mp4
07-04 22:31:59.699  8343  8343 V NearbyFragment: Transfer to Endpoint{id=yOfc, name=Galaxy S8 [2802]} complete
07-04 22:31:59.954  8343  8343 D NearbyFragment: onPayloadReceived(endpointId=yOfc, payload=com.google.android.gms.nearby.connection.Payload@bd004d8)
07-04 22:31:59.954  8343  8343 D NearbyFragment: Endpoint{id=yOfc, name=Galaxy S8 [2802]} has finished downloading 20200312_194129!003.mp4
07-04 22:31:59.978  8343  8343 V NearbyFragment: Transfer to Endpoint{id=yOfc, name=Galaxy S8 [2802]} complete
07-04 22:32:02.536  8343  8343 D NearbyFragment: onPayloadReceived(endpointId=yOfc, payload=com.google.android.gms.nearby.connection.Payload@1c1031)
07-04 22:32:02.536  8343  8343 V NearbyFragment: Started downloading 20200312_194129!003.mp4 from Endpoint{id=yOfc, name=Galaxy S8 [2802]}
07-04 22:32:02.537  8343  8343 V NearbyFragment: nextTransfer with selected algorithm: best_or_local
07-04 22:32:02.539  8343  8343 W NearbyFragment: Sending 20200312_194229!000.mp4 to Galaxy S8 [2802]
07-04 22:32:02.558  8343  8343 V NearbyFragment: Transfer to Endpoint{id=yOfc, name=Galaxy S8 [2802]} complete
07-04 22:32:02.610  8343  8343 D NearbyFragment: onPayloadReceived(endpointId=yOfc, payload=com.google.android.gms.nearby.connection.Payload@eac9684)
07-04 22:32:02.687  8343  8343 V NearbyFragment: Transfer to Endpoint{id=yOfc, name=Galaxy S8 [2802]} complete
07-04 22:32:02.688  8343  8343 W NearbyFragment: Completed downloading 20200312_194129!003.mp4 from Endpoint{id=yOfc, name=Galaxy S8 [2802]} in 00.151s
07-04 22:32:02.696  8343  8343 V FileManager: External storage is readable
07-04 22:32:02.697  8343  8343 V FileManager: Directory already exists: /storage/emulated/0/Movies/segment-sum/20200312_194129
07-04 22:32:02.702  8343  8343 V NearbyFragment: Received a segment of 20200312_194129
07-04 22:32:02.709  8343  8343 V NearbyFragment: Transfer to Endpoint{id=yOfc, name=Galaxy S8 [2802]} complete
07-04 22:32:03.619  8343  8715 W Summariser: 1 active sections found
07-04 22:32:03.619  8343  8715 I FfmpegTools: Running ffmpeg with:
07-04 22:32:03.619  8343  8715 I FfmpegTools:   -y -i /storage/emulated/0/Movies/segment/20200312_194129/20200312_194129!002.mp4 -filter_complex [0:v]trim=0.000000:7.339000,setpts=PTS-STARTPTS[v0];[0:a]atrim=0.000000:7.339000,asetpts=PTS-STARTPTS[a0];[v0][a0]concat=n=1:v=1:a=1[outv][outa] -map [outv] -map [outa] -crf 23 -preset medium /storage/emulated/0/Movies/segment-sum/20200312_194129/20200312_194129!002.mp4
07-04 22:32:03.804  8343  8524 W mobile-ffmpeg: [graph 0 input from stream 0:0 @ 0x7395454e40] sws_param option is deprecated and ignored
07-04 22:32:05.328  8343  8343 V NearbyFragment: Transfer to Endpoint{id=yOfc, name=Galaxy S8 [2802]} complete
07-04 22:32:05.895  8343  8343 D NearbyFragment: onPayloadReceived(endpointId=yOfc, payload=com.google.android.gms.nearby.connection.Payload@3707e6d)
07-04 22:32:05.895  8343  8343 D NearbyFragment: Endpoint{id=yOfc, name=Galaxy S8 [2802]} has finished downloading 20200312_194229!000.mp4
07-04 22:32:05.945  8343  8343 V NearbyFragment: Transfer to Endpoint{id=yOfc, name=Galaxy S8 [2802]} complete
07-04 22:32:14.532  8343  8343 D NearbyFragment: onPayloadReceived(endpointId=yOfc, payload=com.google.android.gms.nearby.connection.Payload@2b93aa2)
07-04 22:32:14.532  8343  8343 V NearbyFragment: Started downloading 20200312_194229!000.mp4 from Endpoint{id=yOfc, name=Galaxy S8 [2802]}
07-04 22:32:14.533  8343  8343 V NearbyFragment: nextTransfer with selected algorithm: best_or_local
07-04 22:32:14.535  8343  8343 W NearbyFragment: Sending 20200312_194229!001.mp4 to Galaxy S8 [2802]
07-04 22:32:14.557  8343  8343 V NearbyFragment: Transfer to Endpoint{id=yOfc, name=Galaxy S8 [2802]} complete
07-04 22:32:14.581  8343  8343 V NearbyFragment: Transfer to Endpoint{id=yOfc, name=Galaxy S8 [2802]} complete
07-04 22:32:14.596  8343  8343 D NearbyFragment: onPayloadReceived(endpointId=yOfc, payload=com.google.android.gms.nearby.connection.Payload@c239469)
07-04 22:32:14.778  8343  8343 V NearbyFragment: Transfer to Endpoint{id=yOfc, name=Galaxy S8 [2802]} complete
07-04 22:32:14.779  8343  8343 W NearbyFragment: Completed downloading 20200312_194229!000.mp4 from Endpoint{id=yOfc, name=Galaxy S8 [2802]} in 00.246s
07-04 22:32:14.789  8343  8343 V FileManager: External storage is readable
07-04 22:32:14.790  8343  8343 V FileManager: Created new directory: /storage/emulated/0/Movies/segment-sum/20200312_194229
07-04 22:32:14.844  8343  8343 V NearbyFragment: Received a segment of 20200312_194229
07-04 22:32:18.200  8343  8343 V NearbyFragment: Transfer to Endpoint{id=yOfc, name=Galaxy S8 [2802]} complete
07-04 22:32:18.424  8343  8343 D NearbyFragment: onPayloadReceived(endpointId=yOfc, payload=com.google.android.gms.nearby.connection.Payload@4945eee)
07-04 22:32:18.425  8343  8343 D NearbyFragment: Endpoint{id=yOfc, name=Galaxy S8 [2802]} has finished downloading 20200312_194229!001.mp4
07-04 22:32:18.469  8343  8343 V NearbyFragment: Transfer to Endpoint{id=yOfc, name=Galaxy S8 [2802]} complete
07-04 22:32:20.426  8343  8516 V VideoManager: Retrieving video from /storage/emulated/0/Movies/raw/20200312_194730.mp4
07-04 22:32:20.435  8343  8516 D VideoManager: videoCursor is null
07-04 22:32:20.456  8343  8516 V VideoManager: videoFromCursor
07-04 22:32:20.459  8343  8516 W DashDownloadManager: Successfully downloaded 20200312_194730.mp4 in 23.251s
07-04 22:32:20.459  8343  8516 V DownloadTestVideosTask: Entering callback for download completion of 20200312_194730.mp4
07-04 22:32:20.460  8343  8516 V RawFootageEventHandler: onAdd
07-04 22:32:20.465  8343  8516 V FfmpegTools: Retrieving duration of /storage/emulated/0/Movies/raw/20200312_194730.mp4
07-04 22:32:20.480  8343  8524 W mobile-ffmpeg: [mov,mp4,m4a,3gp,3g2,mj2 @ 0x73954b7800] Found duplicated MOOV Atom. Skipped it
07-04 22:32:20.562  8343  8516 V FileManager: External storage is readable
07-04 22:32:20.564  8343  8516 V FileManager: Created new directory: /storage/emulated/0/Movies/segment/20200312_194730
07-04 22:32:20.564  8343  8516 V FfmpegTools: Splitting /storage/emulated/0/Movies/raw/20200312_194730.mp4 with 16s long segments
07-04 22:32:20.565  8343  8516 I FfmpegTools: Running ffmpeg with:
07-04 22:32:20.565  8343  8516 I FfmpegTools:   -y -i /storage/emulated/0/Movies/raw/20200312_194730.mp4 -map 0 -c copy -f segment -reset_timestamps 1 -segment_time 16 /storage/emulated/0/Movies/segment/20200312_194730/20200312_194730!%03d.mp4
07-04 22:32:20.582  8343  8524 W mobile-ffmpeg: [mov,mp4,m4a,3gp,3g2,mj2 @ 0x73954b7800] Found duplicated MOOV Atom. Skipped it
07-04 22:32:21.376  8343  8516 V FileManager: External storage is readable
07-04 22:32:21.376  8343  8516 V FileManager: Directory already exists: /storage/emulated/0/Movies/segment/20200312_194730
07-04 22:32:21.376  8343  8516 V VideoManager: Retrieving videos from /storage/emulated/0/Movies/segment/20200312_194730
07-04 22:32:21.627  8343  8516 V VideoManager: Retrieving video from /storage/emulated/0/Movies/segment/20200312_194730/20200312_194730!000.mp4
07-04 22:32:21.641  8343  8516 D VideoManager: videoCursor is null
07-04 22:32:21.670  8343  8516 V VideoManager: videoFromCursor
07-04 22:32:21.674  8343  8516 V VideoManager: Retrieving video from /storage/emulated/0/Movies/segment/20200312_194730/20200312_194730!001.mp4
07-04 22:32:21.683  8343  8516 D VideoManager: videoCursor is null
07-04 22:32:21.712  8343  8516 V VideoManager: videoFromCursor
07-04 22:32:21.714  8343  8516 V VideoManager: Retrieving video from /storage/emulated/0/Movies/segment/20200312_194730/20200312_194730!002.mp4
07-04 22:32:21.725  8343  8516 D VideoManager: videoCursor is null
07-04 22:32:21.746  8343  8516 V VideoManager: videoFromCursor
07-04 22:32:21.752  8343  8516 V VideoManager: Retrieving video from /storage/emulated/0/Movies/segment/20200312_194730/20200312_194730!003.mp4
07-04 22:32:21.760  8343  8516 D VideoManager: videoCursor is null
07-04 22:32:21.783  8343  8516 V VideoManager: videoFromCursor
07-04 22:32:21.787  8343  8516 V NearbyFragment: nextTransfer with selected algorithm: best_or_local
07-04 22:32:21.794  8343  8516 V FileManager: External storage is readable
07-04 22:32:21.795  8343  8516 V FileManager: Directory already exists: /storage/emulated/0/Movies/segment-sum/20200312_194229
07-04 22:32:21.796  8343  8516 D NearbyFragment: Summarising 20200312_194229!002.mp4
07-04 22:32:21.796  8343  8516 V VideoManager: Retrieving video from /storage/emulated/0/Movies/segment/20200312_194229/20200312_194229!002.mp4
07-04 22:32:21.808  8343  8516 V VideoManager: videoFromCursor
07-04 22:32:21.813  8343  8516 V ProcessingVideosEventHandler: onAdd
07-04 22:32:21.816  8343  8516 V RawFootageEventHandler: onRemove
07-04 22:32:22.840  8343  8516 V DownloadTestVideosTask: Starting DownloadTestVideosTask
07-04 22:32:22.842  8343  8516 V DashDownloadManager: Started downloading: 20200312_194830.mp4
07-04 22:32:29.013  8343  8343 D NearbyFragment: onPayloadReceived(endpointId=yOfc, payload=com.google.android.gms.nearby.connection.Payload@ceb7bfa)
07-04 22:32:29.013  8343  8343 V NearbyFragment: Started downloading 20200312_194229!001.mp4 from Endpoint{id=yOfc, name=Galaxy S8 [2802]}
07-04 22:32:29.014  8343  8343 V NearbyFragment: nextTransfer with selected algorithm: best_or_local
07-04 22:32:29.016  8343  8343 W NearbyFragment: Sending 20200312_194229!003.mp4 to Galaxy S8 [2802]
07-04 22:32:29.035  8343  8343 V NearbyFragment: Transfer to Endpoint{id=yOfc, name=Galaxy S8 [2802]} complete
07-04 22:32:29.086  8343  8343 V NearbyFragment: Transfer to Endpoint{id=yOfc, name=Galaxy S8 [2802]} complete
07-04 22:32:29.101  8343  8343 D NearbyFragment: onPayloadReceived(endpointId=yOfc, payload=com.google.android.gms.nearby.connection.Payload@1a067a1)
07-04 22:32:29.381  8343  8343 V NearbyFragment: Transfer to Endpoint{id=yOfc, name=Galaxy S8 [2802]} complete
07-04 22:32:29.382  8343  8343 W NearbyFragment: Completed downloading 20200312_194229!001.mp4 from Endpoint{id=yOfc, name=Galaxy S8 [2802]} in 00.368s
07-04 22:32:29.390  8343  8343 V FileManager: External storage is readable
07-04 22:32:29.391  8343  8343 V FileManager: Directory already exists: /storage/emulated/0/Movies/segment-sum/20200312_194229
07-04 22:32:29.460  8343  8343 V NearbyFragment: Received a segment of 20200312_194229
07-04 22:32:32.520  8343  8343 V NearbyFragment: Transfer to Endpoint{id=yOfc, name=Galaxy S8 [2802]} complete
07-04 22:32:33.339  8343  8343 D NearbyFragment: onPayloadReceived(endpointId=yOfc, payload=com.google.android.gms.nearby.connection.Payload@8655dc6)
07-04 22:32:33.339  8343  8343 D NearbyFragment: Endpoint{id=yOfc, name=Galaxy S8 [2802]} has finished downloading 20200312_194229!003.mp4
07-04 22:32:33.548  8343  8343 V NearbyFragment: Transfer to Endpoint{id=yOfc, name=Galaxy S8 [2802]} complete
07-04 22:32:35.185  8343  8343 D NearbyFragment: onPayloadReceived(endpointId=yOfc, payload=com.google.android.gms.nearby.connection.Payload@2df7187)
07-04 22:32:35.185  8343  8343 D NearbyFragment: 20200312_194229!003.mp4 from Endpoint{id=yOfc, name=Galaxy S8 [2802]} contained no activity
07-04 22:32:35.186  8343  8343 V NearbyFragment: Received a segment of 20200312_194229
07-04 22:32:35.186  8343  8343 V NearbyFragment: nextTransfer with selected algorithm: best_or_local
07-04 22:32:35.188  8343  8343 W NearbyFragment: Sending 20200312_194330!000.mp4 to Galaxy S8 [2802]
07-04 22:32:35.206  8343  8343 V NearbyFragment: Transfer to Endpoint{id=yOfc, name=Galaxy S8 [2802]} complete
07-04 22:32:35.217  8343  8343 V NearbyFragment: Transfer to Endpoint{id=yOfc, name=Galaxy S8 [2802]} complete
07-04 22:32:38.366  8343  8343 V NearbyFragment: Transfer to Endpoint{id=yOfc, name=Galaxy S8 [2802]} complete
07-04 22:32:38.726  8343  8343 D NearbyFragment: onPayloadReceived(endpointId=yOfc, payload=com.google.android.gms.nearby.connection.Payload@5499052)
07-04 22:32:38.727  8343  8343 D NearbyFragment: Endpoint{id=yOfc, name=Galaxy S8 [2802]} has finished downloading 20200312_194330!000.mp4
07-04 22:32:38.784  8343  8343 V NearbyFragment: Transfer to Endpoint{id=yOfc, name=Galaxy S8 [2802]} complete
07-04 22:32:40.971  8343  8343 D NearbyFragment: onPayloadReceived(endpointId=yOfc, payload=com.google.android.gms.nearby.connection.Payload@bb79f23)
07-04 22:32:40.971  8343  8343 D NearbyFragment: 20200312_194330!000.mp4 from Endpoint{id=yOfc, name=Galaxy S8 [2802]} contained no activity
07-04 22:32:40.972  8343  8343 V NearbyFragment: Received a segment of 20200312_194330
07-04 22:32:40.972  8343  8343 V NearbyFragment: nextTransfer with selected algorithm: best_or_local
07-04 22:32:40.974  8343  8343 W NearbyFragment: Sending 20200312_194330!001.mp4 to Galaxy S8 [2802]
07-04 22:32:40.987  8343  8343 V NearbyFragment: Transfer to Endpoint{id=yOfc, name=Galaxy S8 [2802]} complete
07-04 22:32:40.996  8343  8343 V NearbyFragment: Transfer to Endpoint{id=yOfc, name=Galaxy S8 [2802]} complete
07-04 22:32:43.146  8343  8715 V FfmpegTools: Retrieving duration of /storage/emulated/0/Movies/segment/20200312_194129/20200312_194129!002.mp4
07-04 22:32:43.297  8343  8349 I zygote64: Do full code cache collection, code=503KB, data=337KB
07-04 22:32:43.299  8343  8715 V FfmpegTools: Retrieving duration of /storage/emulated/0/Movies/segment-sum/20200312_194129/20200312_194129!002.mp4
07-04 22:32:43.312  8343  8349 I zygote64: After code cache collection, code=485KB, data=276KB
07-04 22:32:43.327  8343  8343 V NearbyFragment: Transfer to Endpoint{id=yOfc, name=Galaxy S8 [2802]} complete
07-04 22:32:43.369  8343  8715 W Summariser: Summarisation completed
07-04 22:32:43.369  8343  8715 W Summariser:   filename: 20200312_194129!002.mp4
07-04 22:32:43.369  8343  8715 W Summariser:   active sections: 1
07-04 22:32:43.369  8343  8715 W Summariser:   time: 46.946s
07-04 22:32:43.369  8343  8715 W Summariser:   original duration: 16.01
07-04 22:32:43.369  8343  8715 W Summariser:   summarised duration: 7.37
07-04 22:32:43.369  8343  8715 W Summariser:   noise tolerance: 45.00
07-04 22:32:43.369  8343  8715 W Summariser:   quality: 23
07-04 22:32:43.369  8343  8715 W Summariser:   speed: medium
07-04 22:32:43.369  8343  8715 W Summariser:   freeze duration: 1.00
07-04 22:32:43.369  8343  8715 V VideoManager: Retrieving video from /storage/emulated/0/Movies/segment-sum/20200312_194129/20200312_194129!002.mp4
07-04 22:32:43.379  8343  8715 D VideoManager: videoCursor is null
07-04 22:32:43.418  8343  8715 V VideoManager: videoFromCursor
07-04 22:32:43.422  8343  8715 D NearbyFragment: Received all summarised video segments of 20200312_194129
07-04 22:32:43.427  8343  8715 V FileManager: External storage is readable
07-04 22:32:43.428  8343  8715 V FileManager: Directory already exists: /storage/emulated/0/Movies/segment-sum/20200312_194129
07-04 22:32:43.430  8343  8715 D FfmpegTools: Merging /storage/emulated/0/Movies/summarised/20200312_194129.mp4
07-04 22:32:43.435  8343  8715 V FileManager: External storage is readable
07-04 22:32:43.436  8343  8715 V FileManager: Directory already exists: /storage/emulated/0/Movies/segment/20200312_194129
07-04 22:32:43.443  8343  8715 I FfmpegTools: Running ffmpeg with:
07-04 22:32:43.443  8343  8715 I FfmpegTools:   -y -f concat -safe 0 -i /storage/emulated/0/Movies/segment/20200312_194129/paths.txt -c copy /storage/emulated/0/Movies/summarised/20200312_194129.mp4
07-04 22:32:43.596  8343  8343 D NearbyFragment: onPayloadReceived(endpointId=yOfc, payload=com.google.android.gms.nearby.connection.Payload@ccc5f9e)
07-04 22:32:43.597  8343  8343 D NearbyFragment: Endpoint{id=yOfc, name=Galaxy S8 [2802]} has finished downloading 20200312_194330!001.mp4
07-04 22:32:43.603  8343  8343 V NearbyFragment: Transfer to Endpoint{id=yOfc, name=Galaxy S8 [2802]} complete
07-04 22:32:43.759  8343  8715 V FfmpegTools: Retrieving duration of /storage/emulated/0/Movies/summarised/20200312_194129.mp4
07-04 22:32:43.834  8343  8715 W FfmpegTools: Merged duration of 20200312_194129: 11.04
07-04 22:32:43.856  8343  8715 V VideoManager: Retrieving video from /storage/emulated/0/Movies/summarised/20200312_194129.mp4
07-04 22:32:43.866  8343  8715 V VideoManager: videoFromCursor
07-04 22:32:43.873  8343  8715 V SummarisedVideosEventHandler: onAdd
07-04 22:32:43.874  8343  8715 V RawFootageEventHandler: removeByName
07-04 22:32:43.875  8343  8715 V ProcessingVideosEventHandler: removeByName
07-04 22:32:43.877  8343  8715 V NearbyFragment: Removing video segment map for 20200312_194129
07-04 22:32:43.877  8343  8715 V ProcessingVideosEventHandler: onRemove
07-04 22:32:43.890  8343  8715 V SummariserIntentService: onHandleIntent
07-04 22:32:43.893  8343  8715 D SummariserIntentService: Video{id='7855', data='/storage/emulated/0/Movies/segment/20200312_194229/20200312_194229!002.mp4', name='20200312_194229!002.mp4', size=16848151, visible=true, mimeType='video/mp4'}
07-04 22:32:43.893  8343  8715 D SummariserIntentService: /storage/emulated/0/Movies/segment-sum/20200312_194229/20200312_194229!002.mp4
07-04 22:32:44.238  8343  8524 W mobile-ffmpeg: [graph 0 input from stream 0:0 @ 0x7395454f00] sws_param option is deprecated and ignored
07-04 22:32:45.132  8343  8365 D SummariserIntentService: Scanned /storage/emulated/0/Movies/summarised
07-04 22:32:45.132  8343  8365 D SummariserIntentService:   -> uri=content://media/external/file/7686
07-04 22:32:45.592  8343  8343 D NearbyFragment: onPayloadReceived(endpointId=yOfc, payload=com.google.android.gms.nearby.connection.Payload@411916f)
07-04 22:32:45.592  8343  8343 D NearbyFragment: 20200312_194330!001.mp4 from Endpoint{id=yOfc, name=Galaxy S8 [2802]} contained no activity
07-04 22:32:45.593  8343  8343 V NearbyFragment: Received a segment of 20200312_194330
07-04 22:32:45.593  8343  8343 V NearbyFragment: nextTransfer with selected algorithm: best_or_local
07-04 22:32:45.595  8343  8343 W NearbyFragment: Sending 20200312_194330!002.mp4 to Galaxy S8 [2802]
07-04 22:32:45.641  8343  8343 V NearbyFragment: Transfer to Endpoint{id=yOfc, name=Galaxy S8 [2802]} complete
07-04 22:32:45.651  8343  8343 V NearbyFragment: Transfer to Endpoint{id=yOfc, name=Galaxy S8 [2802]} complete
07-04 22:32:48.726  8343  8516 V VideoManager: Retrieving video from /storage/emulated/0/Movies/raw/20200312_194830.mp4
07-04 22:32:48.735  8343  8516 D VideoManager: videoCursor is null
07-04 22:32:48.757  8343  8516 V VideoManager: videoFromCursor
07-04 22:32:48.761  8343  8516 W DashDownloadManager: Successfully downloaded 20200312_194830.mp4 in 25.884s
07-04 22:32:48.761  8343  8516 V DownloadTestVideosTask: Entering callback for download completion of 20200312_194830.mp4
07-04 22:32:48.763  8343  8516 V RawFootageEventHandler: onAdd
07-04 22:32:48.768  8343  8516 V FfmpegTools: Retrieving duration of /storage/emulated/0/Movies/raw/20200312_194830.mp4
07-04 22:32:48.782  8343  8524 W mobile-ffmpeg: [mov,mp4,m4a,3gp,3g2,mj2 @ 0x737f813200] Found duplicated MOOV Atom. Skipped it
07-04 22:32:49.019  8343  8516 V FileManager: External storage is readable
07-04 22:32:49.021  8343  8516 V FileManager: Created new directory: /storage/emulated/0/Movies/segment/20200312_194830
07-04 22:32:49.023  8343  8516 V FfmpegTools: Splitting /storage/emulated/0/Movies/raw/20200312_194830.mp4 with 16s long segments
07-04 22:32:49.026  8343  8516 I FfmpegTools: Running ffmpeg with:
07-04 22:32:49.026  8343  8516 I FfmpegTools:   -y -i /storage/emulated/0/Movies/raw/20200312_194830.mp4 -map 0 -c copy -f segment -reset_timestamps 1 -segment_time 16 /storage/emulated/0/Movies/segment/20200312_194830/20200312_194830!%03d.mp4
07-04 22:32:49.064  8343  8524 W mobile-ffmpeg: [mov,mp4,m4a,3gp,3g2,mj2 @ 0x737f813200] Found duplicated MOOV Atom. Skipped it
07-04 22:32:50.283  8343  8516 V FileManager: External storage is readable
07-04 22:32:50.284  8343  8516 V FileManager: Directory already exists: /storage/emulated/0/Movies/segment/20200312_194830
07-04 22:32:50.284  8343  8516 V VideoManager: Retrieving videos from /storage/emulated/0/Movies/segment/20200312_194830
07-04 22:32:50.286  8343  8516 V VideoManager: Retrieving video from /storage/emulated/0/Movies/segment/20200312_194830/20200312_194830!000.mp4
07-04 22:32:50.298  8343  8516 D VideoManager: videoCursor is null
07-04 22:32:50.731  8343  8516 V VideoManager: videoFromCursor
07-04 22:32:50.737  8343  8516 V VideoManager: Retrieving video from /storage/emulated/0/Movies/segment/20200312_194830/20200312_194830!001.mp4
07-04 22:32:50.764  8343  8516 D VideoManager: videoCursor is null
07-04 22:32:50.785  8343  8516 V VideoManager: videoFromCursor
07-04 22:32:50.795  8343  8516 V VideoManager: Retrieving video from /storage/emulated/0/Movies/segment/20200312_194830/20200312_194830!002.mp4
07-04 22:32:50.804  8343  8516 D VideoManager: videoCursor is null
07-04 22:32:50.855  8343  8516 V VideoManager: videoFromCursor
07-04 22:32:50.864  8343  8516 V VideoManager: Retrieving video from /storage/emulated/0/Movies/segment/20200312_194830/20200312_194830!003.mp4
07-04 22:32:50.873  8343  8516 D VideoManager: videoCursor is null
07-04 22:32:50.899  8343  8516 V VideoManager: videoFromCursor
07-04 22:32:50.904  8343  8516 V NearbyFragment: nextTransfer with selected algorithm: best_or_local
07-04 22:32:50.911  8343  8516 V FileManager: External storage is readable
07-04 22:32:50.912  8343  8516 V FileManager: Created new directory: /storage/emulated/0/Movies/segment-sum/20200312_194330
07-04 22:32:50.913  8343  8516 D NearbyFragment: Summarising 20200312_194330!003.mp4
07-04 22:32:50.913  8343  8516 V VideoManager: Retrieving video from /storage/emulated/0/Movies/segment/20200312_194330/20200312_194330!003.mp4
07-04 22:32:50.923  8343  8516 V VideoManager: videoFromCursor
07-04 22:32:50.928  8343  8516 V ProcessingVideosEventHandler: onAdd
07-04 22:32:50.935  8343  8516 V RawFootageEventHandler: onRemove
07-04 22:32:51.942  8343  8516 V DownloadTestVideosTask: Starting DownloadTestVideosTask
07-04 22:32:51.945  8343  8516 V DashDownloadManager: Started downloading: 20200312_194930.mp4
07-04 22:32:53.940  8343  8343 V NearbyFragment: Transfer to Endpoint{id=yOfc, name=Galaxy S8 [2802]} complete
07-04 22:32:54.039  8343  8343 D NearbyFragment: onPayloadReceived(endpointId=yOfc, payload=com.google.android.gms.nearby.connection.Payload@8064a81)
07-04 22:32:54.040  8343  8343 D NearbyFragment: Endpoint{id=yOfc, name=Galaxy S8 [2802]} has finished downloading 20200312_194330!002.mp4
07-04 22:32:54.103  8343  8343 V NearbyFragment: Transfer to Endpoint{id=yOfc, name=Galaxy S8 [2802]} complete
07-04 22:32:55.357  8343  8715 W Summariser: No activity detected
07-04 22:32:55.359  8343  8715 V FfmpegTools: Retrieving duration of /storage/emulated/0/Movies/segment/20200312_194229/20200312_194229!002.mp4
07-04 22:32:55.500  8343  8715 W Summariser: Summarisation completed
07-04 22:32:55.500  8343  8715 W Summariser:   filename: 20200312_194229!002.mp4
07-04 22:32:55.500  8343  8715 W Summariser:   active sections: 0
07-04 22:32:55.500  8343  8715 W Summariser:   time: 11.466s
07-04 22:32:55.500  8343  8715 W Summariser:   original duration: 16.01
07-04 22:32:55.500  8343  8715 W Summariser:   summarised duration: -1.00
07-04 22:32:55.500  8343  8715 W Summariser:   noise tolerance: 45.00
07-04 22:32:55.500  8343  8715 W Summariser:   quality: 23
07-04 22:32:55.500  8343  8715 W Summariser:   speed: medium
07-04 22:32:55.500  8343  8715 W Summariser:   freeze duration: 1.00
07-04 22:32:55.500  8343  8715 D NearbyFragment: Received all summarised video segments of 20200312_194229
07-04 22:32:55.506  8343  8715 V FileManager: External storage is readable
07-04 22:32:55.507  8343  8715 V FileManager: Directory already exists: /storage/emulated/0/Movies/segment-sum/20200312_194229
07-04 22:32:55.509  8343  8715 D FfmpegTools: Merging /storage/emulated/0/Movies/summarised/20200312_194229.mp4
07-04 22:32:55.515  8343  8715 V FileManager: External storage is readable
07-04 22:32:55.516  8343  8715 V FileManager: Directory already exists: /storage/emulated/0/Movies/segment/20200312_194229
07-04 22:32:55.520  8343  8715 I FfmpegTools: Running ffmpeg with:
07-04 22:32:55.520  8343  8715 I FfmpegTools:   -y -f concat -safe 0 -i /storage/emulated/0/Movies/segment/20200312_194229/paths.txt -c copy /storage/emulated/0/Movies/summarised/20200312_194229.mp4
07-04 22:32:55.780  8343  8715 V FfmpegTools: Retrieving duration of /storage/emulated/0/Movies/summarised/20200312_194229.mp4
07-04 22:32:55.846  8343  8715 W FfmpegTools: Merged duration of 20200312_194229: 14.35
07-04 22:32:55.983  8343  8715 V VideoManager: Retrieving video from /storage/emulated/0/Movies/summarised/20200312_194229.mp4
07-04 22:32:56.000  8343  8715 V VideoManager: videoFromCursor
07-04 22:32:56.004  8343  8715 V SummarisedVideosEventHandler: onAdd
07-04 22:32:56.006  8343  8715 V RawFootageEventHandler: removeByName
07-04 22:32:56.007  8343  8715 V ProcessingVideosEventHandler: removeByName
07-04 22:32:56.011  8343  8715 V NearbyFragment: Removing video segment map for 20200312_194229
07-04 22:32:56.012  8343  8715 V ProcessingVideosEventHandler: onRemove
07-04 22:32:56.021  8343  8715 V SummariserIntentService: onHandleIntent
07-04 22:32:56.022  8343  8715 D SummariserIntentService: Video{id='7863', data='/storage/emulated/0/Movies/segment/20200312_194330/20200312_194330!003.mp4', name='20200312_194330!003.mp4', size=12624666, visible=true, mimeType='video/mp4'}
07-04 22:32:56.023  8343  8715 D SummariserIntentService: /storage/emulated/0/Movies/segment-sum/20200312_194330/20200312_194330!003.mp4
07-04 22:32:56.268  8343  8524 W mobile-ffmpeg: [graph 0 input from stream 0:0 @ 0x7395454f00] sws_param option is deprecated and ignored
07-04 22:32:56.277  8343  8355 I zygote64: Background concurrent copying GC freed 75865(2MB) AllocSpace objects, 0(0B) LOS objects, 50% free, 2MB/5MB, paused 221us total 157.951ms
07-04 22:32:56.848  8343  8343 D NearbyFragment: onPayloadReceived(endpointId=yOfc, payload=com.google.android.gms.nearby.connection.Payload@1f5d5f1)
07-04 22:32:56.848  8343  8343 D NearbyFragment: 20200312_194330!002.mp4 from Endpoint{id=yOfc, name=Galaxy S8 [2802]} contained no activity
07-04 22:32:56.849  8343  8343 V NearbyFragment: Received a segment of 20200312_194330
07-04 22:32:56.850  8343  8343 V NearbyFragment: nextTransfer with selected algorithm: best_or_local
07-04 22:32:56.853  8343  8343 W NearbyFragment: Sending 20200312_194730!000.mp4 to Galaxy S8 [2802]
07-04 22:32:56.858  8343  8343 V NearbyFragment: Transfer to Endpoint{id=yOfc, name=Galaxy S8 [2802]} complete
07-04 22:32:56.908  8343  8343 V NearbyFragment: Transfer to Endpoint{id=yOfc, name=Galaxy S8 [2802]} complete
07-04 22:32:56.937  8343  8525 D SummariserIntentService: Scanned /storage/emulated/0/Movies/summarised
07-04 22:32:56.937  8343  8525 D SummariserIntentService:   -> uri=content://media/external/file/7686
07-04 22:33:02.808  8343  8343 V NearbyFragment: Transfer to Endpoint{id=yOfc, name=Galaxy S8 [2802]} complete
07-04 22:33:02.865  8343  8343 D NearbyFragment: onPayloadReceived(endpointId=yOfc, payload=com.google.android.gms.nearby.connection.Payload@fb5962)
07-04 22:33:02.866  8343  8343 D NearbyFragment: Endpoint{id=yOfc, name=Galaxy S8 [2802]} has finished downloading 20200312_194730!000.mp4
07-04 22:33:02.917  8343  8343 V NearbyFragment: Transfer to Endpoint{id=yOfc, name=Galaxy S8 [2802]} complete
07-04 22:33:04.575  8343  8715 W Summariser: No activity detected
07-04 22:33:04.577  8343  8715 V FfmpegTools: Retrieving duration of /storage/emulated/0/Movies/segment/20200312_194330/20200312_194330!003.mp4
07-04 22:33:04.676  8343  8715 W Summariser: Summarisation completed
07-04 22:33:04.676  8343  8715 W Summariser:   filename: 20200312_194330!003.mp4
07-04 22:33:04.676  8343  8715 W Summariser:   active sections: 0
07-04 22:33:04.676  8343  8715 W Summariser:   time: 08.553s
07-04 22:33:04.676  8343  8715 W Summariser:   original duration: 12.01
07-04 22:33:04.676  8343  8715 W Summariser:   summarised duration: -1.00
07-04 22:33:04.676  8343  8715 W Summariser:   noise tolerance: 45.00
07-04 22:33:04.676  8343  8715 W Summariser:   quality: 23
07-04 22:33:04.676  8343  8715 W Summariser:   speed: medium
07-04 22:33:04.676  8343  8715 W Summariser:   freeze duration: 1.00
07-04 22:33:04.676  8343  8715 D NearbyFragment: Received all summarised video segments of 20200312_194330
07-04 22:33:04.683  8343  8715 V FileManager: External storage is readable
07-04 22:33:04.684  8343  8715 V FileManager: Directory already exists: /storage/emulated/0/Movies/segment-sum/20200312_194330
07-04 22:33:04.686  8343  8715 D FfmpegTools: Merging /storage/emulated/0/Movies/summarised/20200312_194330.mp4
07-04 22:33:04.686  8343  8715 D FfmpegTools: No split videos to merge
07-04 22:33:04.687  8343  8715 V RawFootageEventHandler: removeByName
07-04 22:33:04.689  8343  8715 V ProcessingVideosEventHandler: removeByName
07-04 22:33:04.692  8343  8715 V NearbyFragment: Removing video segment map for 20200312_194330
07-04 22:33:04.693  8343  8715 V ProcessingVideosEventHandler: onRemove
07-04 22:33:04.737  8343  8612 D SummariserIntentService: Scanned /storage/emulated/0/Movies/summarised
07-04 22:33:04.737  8343  8612 D SummariserIntentService:   -> uri=content://media/external/file/7686
07-04 22:33:05.044  8343  8343 D NearbyFragment: onPayloadReceived(endpointId=yOfc, payload=com.google.android.gms.nearby.connection.Payload@8315adc)
