07-04 22:29:07.596 21934 21934 V NearbyFragment: Started downloading SUMMARISE_SEGMENT:-8094544095726285778:20200312_193528!002.mp4:45.0_1.0_23_medium from Endpoint{id=hgvm, name=Nexus 5X [34d8]}
07-04 22:29:07.615 21934 21934 V NearbyFragment: Transfer to Endpoint{id=hgvm, name=Nexus 5X [34d8]} complete
07-04 22:29:07.677 21934 21934 D NearbyFragment: onPayloadReceived(endpointId=hgvm, payload=com.google.android.gms.nearby.connection.Payload@513a74e)
07-04 22:29:09.914 21934 21934 V NearbyFragment: Transfer to Endpoint{id=hgvm, name=Nexus 5X [34d8]} complete
07-04 22:29:09.915 21934 21934 W NearbyFragment: Completed downloading 20200312_193528!002.mp4 from Endpoint{id=hgvm, name=Nexus 5X [34d8]} in 02.318s
07-04 22:29:09.924 21934 21934 V FileManager: External storage is readable
07-04 22:29:09.924 21934 21934 V FileManager: Directory already exists: /storage/emulated/0/Movies/segment-sum/20200312_193528
07-04 22:29:09.925 21934 21934 D NearbyFragment: Summarising 20200312_193528!002.mp4
07-04 22:29:09.926 21934 21934 V VideoManager: Retrieving video from /storage/emulated/0/Download/Nearby/20200312_193528!002.mp4
07-04 22:29:09.938 21934 21934 D VideoManager: videoCursor is null
07-04 22:29:09.984 21934 21934 V VideoManager: videoFromCursor
07-04 22:29:09.988 21934 21934 V ProcessingVideosEventHandler: onAdd
07-04 22:29:09.988 21934 21934 V RawFootageEventHandler: onRemove
07-04 22:29:09.995 21934 21934 V NearbyFragment: Transfer to Endpoint{id=hgvm, name=Nexus 5X [34d8]} complete
07-04 22:29:10.000 21934 23633 V SummariserIntentService: onHandleIntent
07-04 22:29:10.001 21934 23633 D SummariserIntentService: Video{id='137851', data='/storage/emulated/0/Download/Nearby/20200312_193528!002.mp4', name='20200312_193528!002.mp4', size=16948481, visible=true, mimeType='video/mp4'}
07-04 22:29:10.001 21934 23633 D SummariserIntentService: /storage/emulated/0/Movies/segment-sum/20200312_193528/20200312_193528!002.mp4
07-04 22:29:10.107 21934 22850 W mobile-ffmpeg: [graph 0 input from stream 0:0 @ 0x7a548e6280] sws_param option is deprecated and ignored
07-04 22:29:11.901 21934 23633 W Summariser: No activity detected
07-04 22:29:11.901 21934 23633 V FfmpegTools: Retrieving duration of /storage/emulated/0/Download/Nearby/20200312_193528!002.mp4
07-04 22:29:11.929 21934 23633 W Summariser: Summarisation completed
07-04 22:29:11.929 21934 23633 W Summariser:   filename: 20200312_193528!002.mp4
07-04 22:29:11.929 21934 23633 W Summariser:   active sections: 0
07-04 22:29:11.929 21934 23633 W Summariser:   time: 01.899s
07-04 22:29:11.929 21934 23633 W Summariser:   original duration: 16.06
07-04 22:29:11.929 21934 23633 W Summariser:   summarised duration: -1.00
07-04 22:29:11.929 21934 23633 W Summariser:   noise tolerance: 45.00
07-04 22:29:11.929 21934 23633 W Summariser:   quality: 23
07-04 22:29:11.929 21934 23633 W Summariser:   speed: medium
07-04 22:29:11.929 21934 23633 W Summariser:   freeze duration: 1.00
07-04 22:29:11.929 21934 23633 V ProcessingVideosEventHandler: onRemove
07-04 22:29:11.943 21934 21934 V NearbyFragment: Transfer to Endpoint{id=hgvm, name=Nexus 5X [34d8]} complete
07-04 22:29:12.011 21934 23246 D SummariserIntentService: Scanned /storage/emulated/0/Movies/summarised
07-04 22:29:12.011 21934 23246 D SummariserIntentService:   -> uri=content://media/external/file/137797
07-04 22:29:12.123 21934 21934 D NearbyFragment: onPayloadReceived(endpointId=hgvm, payload=com.google.android.gms.nearby.connection.Payload@c53be67)
07-04 22:29:12.124 21934 21934 V NearbyFragment: Started downloading SUMMARISE_SEGMENT:-7517730903160928673:20200312_193528!003.mp4:45.0_1.0_23_medium from Endpoint{id=hgvm, name=Nexus 5X [34d8]}
07-04 22:29:12.128 21934 21934 V NearbyFragment: Transfer to Endpoint{id=hgvm, name=Nexus 5X [34d8]} complete
07-04 22:29:12.162 21934 21934 D NearbyFragment: onPayloadReceived(endpointId=hgvm, payload=com.google.android.gms.nearby.connection.Payload@e55a414)
07-04 22:29:13.957 21934 21934 V NearbyFragment: Transfer to Endpoint{id=hgvm, name=Nexus 5X [34d8]} complete
07-04 22:29:13.958 21934 21934 W NearbyFragment: Completed downloading 20200312_193528!003.mp4 from Endpoint{id=hgvm, name=Nexus 5X [34d8]} in 01.832s
07-04 22:29:13.965 21934 21934 V FileManager: External storage is readable
07-04 22:29:13.966 21934 21934 V FileManager: Directory already exists: /storage/emulated/0/Movies/segment-sum/20200312_193528
07-04 22:29:13.967 21934 21934 D NearbyFragment: Summarising 20200312_193528!003.mp4
07-04 22:29:13.967 21934 21934 V VideoManager: Retrieving video from /storage/emulated/0/Download/Nearby/20200312_193528!003.mp4
07-04 22:29:13.980 21934 21934 D VideoManager: videoCursor is null
07-04 22:29:14.011 21934 21934 V VideoManager: videoFromCursor
07-04 22:29:14.015 21934 21934 V ProcessingVideosEventHandler: onAdd
07-04 22:29:14.016 21934 21934 V RawFootageEventHandler: onRemove
07-04 22:29:14.022 21934 21934 V NearbyFragment: Transfer to Endpoint{id=hgvm, name=Nexus 5X [34d8]} complete
07-04 22:29:14.030 21934 23663 V SummariserIntentService: onHandleIntent
07-04 22:29:14.031 21934 23663 D SummariserIntentService: Video{id='137852', data='/storage/emulated/0/Download/Nearby/20200312_193528!003.mp4', name='20200312_193528!003.mp4', size=12631917, visible=true, mimeType='video/mp4'}
07-04 22:29:14.031 21934 23663 D SummariserIntentService: /storage/emulated/0/Movies/segment-sum/20200312_193528/20200312_193528!003.mp4
07-04 22:29:14.153 21934 22850 W mobile-ffmpeg: [graph 0 input from stream 0:0 @ 0x7a548e6280] sws_param option is deprecated and ignored
07-04 22:29:15.557 21934 23663 W Summariser: No activity detected
07-04 22:29:15.558 21934 23663 V FfmpegTools: Retrieving duration of /storage/emulated/0/Download/Nearby/20200312_193528!003.mp4
07-04 22:29:15.596 21934 23663 W Summariser: Summarisation completed
07-04 22:29:15.596 21934 23663 W Summariser:   filename: 20200312_193528!003.mp4
07-04 22:29:15.596 21934 23663 W Summariser:   active sections: 0
07-04 22:29:15.596 21934 23663 W Summariser:   time: 01.525s
07-04 22:29:15.596 21934 23663 W Summariser:   original duration: 12.01
07-04 22:29:15.596 21934 23663 W Summariser:   summarised duration: -1.00
07-04 22:29:15.596 21934 23663 W Summariser:   noise tolerance: 45.00
07-04 22:29:15.596 21934 23663 W Summariser:   quality: 23
07-04 22:29:15.596 21934 23663 W Summariser:   speed: medium
07-04 22:29:15.596 21934 23663 W Summariser:   freeze duration: 1.00
07-04 22:29:15.597 21934 23663 V ProcessingVideosEventHandler: onRemove
07-04 22:29:15.624 21934 21934 V NearbyFragment: Transfer to Endpoint{id=hgvm, name=Nexus 5X [34d8]} complete
07-04 22:29:15.679 21934 21948 D SummariserIntentService: Scanned /storage/emulated/0/Movies/summarised
07-04 22:29:15.679 21934 21948 D SummariserIntentService:   -> uri=content://media/external/file/137797
07-04 22:29:22.162 21934 21934 D NearbyFragment: onPayloadReceived(endpointId=hgvm, payload=com.google.android.gms.nearby.connection.Payload@d1e9e0a)
07-04 22:29:22.165 21934 21934 V NearbyFragment: Started downloading SUMMARISE_SEGMENT:-8151519493094777825:20200312_193628!000.mp4:45.0_1.0_23_medium from Endpoint{id=hgvm, name=Nexus 5X [34d8]}
07-04 22:29:22.197 21934 21934 D NearbyFragment: onPayloadReceived(endpointId=hgvm, payload=com.google.android.gms.nearby.connection.Payload@fec867b)
07-04 22:29:22.202 21934 21934 V NearbyFragment: Transfer to Endpoint{id=hgvm, name=Nexus 5X [34d8]} complete
07-04 22:29:24.604 21934 21934 V NearbyFragment: Transfer to Endpoint{id=hgvm, name=Nexus 5X [34d8]} complete
07-04 22:29:24.605 21934 21934 W NearbyFragment: Completed downloading 20200312_193628!000.mp4 from Endpoint{id=hgvm, name=Nexus 5X [34d8]} in 02.437s
07-04 22:29:24.612 21934 21934 V FileManager: External storage is readable
07-04 22:29:24.615 21934 21934 V FileManager: Created new directory: /storage/emulated/0/Movies/segment-sum/20200312_193628
07-04 22:29:24.616 21934 21934 D NearbyFragment: Summarising 20200312_193628!000.mp4
07-04 22:29:24.617 21934 21934 V VideoManager: Retrieving video from /storage/emulated/0/Download/Nearby/20200312_193628!000.mp4
07-04 22:29:24.628 21934 21934 D VideoManager: videoCursor is null
07-04 22:29:24.673 21934 21934 V VideoManager: videoFromCursor
07-04 22:29:24.677 21934 21934 V ProcessingVideosEventHandler: onAdd
07-04 22:29:24.678 21934 21934 V RawFootageEventHandler: onRemove
07-04 22:29:24.684 21934 21934 V NearbyFragment: Transfer to Endpoint{id=hgvm, name=Nexus 5X [34d8]} complete
07-04 22:29:24.691 21934 23692 V SummariserIntentService: onHandleIntent
07-04 22:29:24.692 21934 23692 D SummariserIntentService: Video{id='137853', data='/storage/emulated/0/Download/Nearby/20200312_193628!000.mp4', name='20200312_193628!000.mp4', size=16939247, visible=true, mimeType='video/mp4'}
07-04 22:29:24.692 21934 23692 D SummariserIntentService: /storage/emulated/0/Movies/segment-sum/20200312_193628/20200312_193628!000.mp4
07-04 22:29:24.832 21934 22850 W mobile-ffmpeg: [graph 0 input from stream 0:0 @ 0x7a548e6280] sws_param option is deprecated and ignored
07-04 22:29:26.702 21934 23692 W Summariser: No activity detected
07-04 22:29:26.702 21934 23692 V FfmpegTools: Retrieving duration of /storage/emulated/0/Download/Nearby/20200312_193628!000.mp4
07-04 22:29:26.727 21934 23692 W Summariser: Summarisation completed
07-04 22:29:26.727 21934 23692 W Summariser:   filename: 20200312_193628!000.mp4
07-04 22:29:26.727 21934 23692 W Summariser:   active sections: 0
07-04 22:29:26.727 21934 23692 W Summariser:   time: 02.009s
07-04 22:29:26.727 21934 23692 W Summariser:   original duration: 16.07
07-04 22:29:26.727 21934 23692 W Summariser:   summarised duration: -1.00
07-04 22:29:26.727 21934 23692 W Summariser:   noise tolerance: 45.00
07-04 22:29:26.727 21934 23692 W Summariser:   quality: 23
07-04 22:29:26.727 21934 23692 W Summariser:   speed: medium
07-04 22:29:26.727 21934 23692 W Summariser:   freeze duration: 1.00
07-04 22:29:26.728 21934 23692 V ProcessingVideosEventHandler: onRemove
07-04 22:29:26.742 21934 21934 V NearbyFragment: Transfer to Endpoint{id=hgvm, name=Nexus 5X [34d8]} complete
07-04 22:29:26.778 21934 21934 D NearbyFragment: onPayloadReceived(endpointId=hgvm, payload=com.google.android.gms.nearby.connection.Payload@35cb6b0)
07-04 22:29:26.779 21934 21934 V NearbyFragment: Started downloading SUMMARISE_SEGMENT:-6513501006147897731:20200312_193628!001.mp4:45.0_1.0_23_medium from Endpoint{id=hgvm, name=Nexus 5X [34d8]}
07-04 22:29:26.804 21934 22843 D SummariserIntentService: Scanned /storage/emulated/0/Movies/summarised
07-04 22:29:26.804 21934 22843 D SummariserIntentService:   -> uri=content://media/external/file/137797
07-04 22:29:26.868 21934 21934 D NearbyFragment: onPayloadReceived(endpointId=hgvm, payload=com.google.android.gms.nearby.connection.Payload@a439929)
07-04 22:29:26.875 21934 21934 V NearbyFragment: Transfer to Endpoint{id=hgvm, name=Nexus 5X [34d8]} complete
07-04 22:29:28.962 21934 21934 V NearbyFragment: Transfer to Endpoint{id=hgvm, name=Nexus 5X [34d8]} complete
07-04 22:29:28.963 21934 21934 W NearbyFragment: Completed downloading 20200312_193628!001.mp4 from Endpoint{id=hgvm, name=Nexus 5X [34d8]} in 02.182s
07-04 22:29:28.970 21934 21934 V FileManager: External storage is readable
07-04 22:29:28.971 21934 21934 V FileManager: Directory already exists: /storage/emulated/0/Movies/segment-sum/20200312_193628
07-04 22:29:28.972 21934 21934 D NearbyFragment: Summarising 20200312_193628!001.mp4
07-04 22:29:28.972 21934 21934 V VideoManager: Retrieving video from /storage/emulated/0/Download/Nearby/20200312_193628!001.mp4
07-04 22:29:28.985 21934 21934 D VideoManager: videoCursor is null
07-04 22:29:29.022 21934 21934 V VideoManager: videoFromCursor
07-04 22:29:29.027 21934 21934 V ProcessingVideosEventHandler: onAdd
07-04 22:29:29.027 21934 21934 V RawFootageEventHandler: onRemove
07-04 22:29:29.034 21934 21934 V NearbyFragment: Transfer to Endpoint{id=hgvm, name=Nexus 5X [34d8]} complete
07-04 22:29:29.040 21934 23728 V SummariserIntentService: onHandleIntent
07-04 22:29:29.040 21934 23728 D SummariserIntentService: Video{id='137854', data='/storage/emulated/0/Download/Nearby/20200312_193628!001.mp4', name='20200312_193628!001.mp4', size=16831997, visible=true, mimeType='video/mp4'}
07-04 22:29:29.040 21934 23728 D SummariserIntentService: /storage/emulated/0/Movies/segment-sum/20200312_193628/20200312_193628!001.mp4
07-04 22:29:29.158 21934 22850 W mobile-ffmpeg: [graph 0 input from stream 0:0 @ 0x7a548e6280] sws_param option is deprecated and ignored
07-04 22:29:30.996 21934 23728 W Summariser: No activity detected
07-04 22:29:30.996 21934 23728 V FfmpegTools: Retrieving duration of /storage/emulated/0/Download/Nearby/20200312_193628!001.mp4
07-04 22:29:31.033 21934 23728 W Summariser: Summarisation completed
07-04 22:29:31.033 21934 23728 W Summariser:   filename: 20200312_193628!001.mp4
07-04 22:29:31.033 21934 23728 W Summariser:   active sections: 0
07-04 22:29:31.033 21934 23728 W Summariser:   time: 01.955s
07-04 22:29:31.033 21934 23728 W Summariser:   original duration: 16.01
07-04 22:29:31.033 21934 23728 W Summariser:   summarised duration: -1.00
07-04 22:29:31.033 21934 23728 W Summariser:   noise tolerance: 45.00
07-04 22:29:31.033 21934 23728 W Summariser:   quality: 23
07-04 22:29:31.033 21934 23728 W Summariser:   speed: medium
07-04 22:29:31.033 21934 23728 W Summariser:   freeze duration: 1.00
07-04 22:29:31.034 21934 23728 V ProcessingVideosEventHandler: onRemove
07-04 22:29:31.042 21934 21934 V NearbyFragment: Transfer to Endpoint{id=hgvm, name=Nexus 5X [34d8]} complete
07-04 22:29:31.091 21934 21949 D SummariserIntentService: Scanned /storage/emulated/0/Movies/summarised
07-04 22:29:31.091 21934 21949 D SummariserIntentService:   -> uri=content://media/external/file/137797
07-04 22:29:31.273 21934 21934 D NearbyFragment: onPayloadReceived(endpointId=hgvm, payload=com.google.android.gms.nearby.connection.Payload@3ccdb86)
07-04 22:29:31.274 21934 21934 V NearbyFragment: Started downloading SUMMARISE_SEGMENT:-7189193054167476488:20200312_193628!002.mp4:45.0_1.0_23_medium from Endpoint{id=hgvm, name=Nexus 5X [34d8]}
07-04 22:29:31.276 21934 21934 V NearbyFragment: Transfer to Endpoint{id=hgvm, name=Nexus 5X [34d8]} complete
07-04 22:29:31.298 21934 21934 D NearbyFragment: onPayloadReceived(endpointId=hgvm, payload=com.google.android.gms.nearby.connection.Payload@8c07c47)
07-04 22:29:33.283 21934 21934 V NearbyFragment: Transfer to Endpoint{id=hgvm, name=Nexus 5X [34d8]} complete
07-04 22:29:33.284 21934 21934 W NearbyFragment: Completed downloading 20200312_193628!002.mp4 from Endpoint{id=hgvm, name=Nexus 5X [34d8]} in 02.009s
07-04 22:29:33.293 21934 21934 V FileManager: External storage is readable
07-04 22:29:33.293 21934 21934 V FileManager: Directory already exists: /storage/emulated/0/Movies/segment-sum/20200312_193628
07-04 22:29:33.294 21934 21934 D NearbyFragment: Summarising 20200312_193628!002.mp4
07-04 22:29:33.294 21934 21934 V VideoManager: Retrieving video from /storage/emulated/0/Download/Nearby/20200312_193628!002.mp4
07-04 22:29:33.305 21934 21934 D VideoManager: videoCursor is null
07-04 22:29:33.338 21934 21934 V VideoManager: videoFromCursor
07-04 22:29:33.341 21934 21934 V ProcessingVideosEventHandler: onAdd
07-04 22:29:33.342 21934 21934 V RawFootageEventHandler: onRemove
07-04 22:29:33.348 21934 21934 V NearbyFragment: Transfer to Endpoint{id=hgvm, name=Nexus 5X [34d8]} complete
07-04 22:29:33.354 21934 23757 V SummariserIntentService: onHandleIntent
07-04 22:29:33.355 21934 23757 D SummariserIntentService: Video{id='137855', data='/storage/emulated/0/Download/Nearby/20200312_193628!002.mp4', name='20200312_193628!002.mp4', size=16861166, visible=true, mimeType='video/mp4'}
07-04 22:29:33.355 21934 23757 D SummariserIntentService: /storage/emulated/0/Movies/segment-sum/20200312_193628/20200312_193628!002.mp4
07-04 22:29:33.492 21934 22850 W mobile-ffmpeg: [graph 0 input from stream 0:0 @ 0x7a548e6280] sws_param option is deprecated and ignored
07-04 22:29:35.291 21934 23757 W Summariser: No activity detected
07-04 22:29:35.291 21934 23757 V FfmpegTools: Retrieving duration of /storage/emulated/0/Download/Nearby/20200312_193628!002.mp4
07-04 22:29:35.328 21934 23757 W Summariser: Summarisation completed
07-04 22:29:35.328 21934 23757 W Summariser:   filename: 20200312_193628!002.mp4
07-04 22:29:35.328 21934 23757 W Summariser:   active sections: 0
07-04 22:29:35.328 21934 23757 W Summariser:   time: 01.934s
07-04 22:29:35.328 21934 23757 W Summariser:   original duration: 16.02
07-04 22:29:35.328 21934 23757 W Summariser:   summarised duration: -1.00
07-04 22:29:35.328 21934 23757 W Summariser:   noise tolerance: 45.00
07-04 22:29:35.328 21934 23757 W Summariser:   quality: 23
07-04 22:29:35.328 21934 23757 W Summariser:   speed: medium
07-04 22:29:35.328 21934 23757 W Summariser:   freeze duration: 1.00
07-04 22:29:35.329 21934 23757 V ProcessingVideosEventHandler: onRemove
07-04 22:29:35.345 21934 21934 V NearbyFragment: Transfer to Endpoint{id=hgvm, name=Nexus 5X [34d8]} complete
07-04 22:29:35.385 21934 21934 D NearbyFragment: onPayloadReceived(endpointId=hgvm, payload=com.google.android.gms.nearby.connection.Payload@ebf260c)
07-04 22:29:35.386 21934 21934 V NearbyFragment: Started downloading SUMMARISE_SEGMENT:-8105173044052652580:20200312_193628!003.mp4:45.0_1.0_23_medium from Endpoint{id=hgvm, name=Nexus 5X [34d8]}
07-04 22:29:35.388 21934 23246 D SummariserIntentService: Scanned /storage/emulated/0/Movies/summarised
07-04 22:29:35.388 21934 23246 D SummariserIntentService:   -> uri=content://media/external/file/137797
07-04 22:29:35.390 21934 21934 V NearbyFragment: Transfer to Endpoint{id=hgvm, name=Nexus 5X [34d8]} complete
07-04 22:29:35.431 21934 21934 D NearbyFragment: onPayloadReceived(endpointId=hgvm, payload=com.google.android.gms.nearby.connection.Payload@e430b55)
07-04 22:29:37.144 21934 21934 V NearbyFragment: Transfer to Endpoint{id=hgvm, name=Nexus 5X [34d8]} complete
07-04 22:29:37.145 21934 21934 W NearbyFragment: Completed downloading 20200312_193628!003.mp4 from Endpoint{id=hgvm, name=Nexus 5X [34d8]} in 01.758s
07-04 22:29:37.155 21934 21934 V FileManager: External storage is readable
07-04 22:29:37.156 21934 21934 V FileManager: Directory already exists: /storage/emulated/0/Movies/segment-sum/20200312_193628
07-04 22:29:37.158 21934 21934 D NearbyFragment: Summarising 20200312_193628!003.mp4
07-04 22:29:37.158 21934 21934 V VideoManager: Retrieving video from /storage/emulated/0/Download/Nearby/20200312_193628!003.mp4
07-04 22:29:37.173 21934 21934 D VideoManager: videoCursor is null
07-04 22:29:37.211 21934 21934 V VideoManager: videoFromCursor
07-04 22:29:37.215 21934 21934 V ProcessingVideosEventHandler: onAdd
07-04 22:29:37.216 21934 21934 V RawFootageEventHandler: onRemove
07-04 22:29:37.226 21934 21934 V NearbyFragment: Transfer to Endpoint{id=hgvm, name=Nexus 5X [34d8]} complete
07-04 22:29:37.234 21934 23785 V SummariserIntentService: onHandleIntent
07-04 22:29:37.236 21934 23785 D SummariserIntentService: Video{id='137856', data='/storage/emulated/0/Download/Nearby/20200312_193628!003.mp4', name='20200312_193628!003.mp4', size=12749496, visible=true, mimeType='video/mp4'}
07-04 22:29:37.236 21934 23785 D SummariserIntentService: /storage/emulated/0/Movies/segment-sum/20200312_193628/20200312_193628!003.mp4
07-04 22:29:37.379 21934 22850 W mobile-ffmpeg: [graph 0 input from stream 0:0 @ 0x7a548e6280] sws_param option is deprecated and ignored
07-04 22:29:37.435 21934 21939 I example.edgesu: Compiler allocated 4MB to compile void android.view.ViewRootImpl.performTraversals()
07-04 22:29:38.782 21934 23785 V FfmpegTools: Retrieving duration of /storage/emulated/0/Download/Nearby/20200312_193628!003.mp4
07-04 22:29:38.807 21934 23785 W Summariser: 1 active sections found
07-04 22:29:38.807 21934 23785 I FfmpegTools: Running ffmpeg with:
07-04 22:29:38.807 21934 23785 I FfmpegTools:   -y -i /storage/emulated/0/Download/Nearby/20200312_193628!003.mp4 -filter_complex [0:v]trim=5.938000:12.030000,setpts=PTS-STARTPTS[v0];[0:a]atrim=5.938000:12.030000,asetpts=PTS-STARTPTS[a0];[v0][a0]concat=n=1:v=1:a=1[outv][outa] -map [outv] -map [outa] -crf 23 -preset medium /storage/emulated/0/Movies/segment-sum/20200312_193628/20200312_193628!003.mp4
07-04 22:29:38.858 21934 22850 W mobile-ffmpeg: [graph 0 input from stream 0:0 @ 0x7a548e61c0] sws_param option is deprecated and ignored
07-04 22:29:45.621 21934 23785 V FfmpegTools: Retrieving duration of /storage/emulated/0/Download/Nearby/20200312_193628!003.mp4
07-04 22:29:45.645 21934 23785 V FfmpegTools: Retrieving duration of /storage/emulated/0/Movies/segment-sum/20200312_193628/20200312_193628!003.mp4
07-04 22:29:45.664 21934 23785 W Summariser: Summarisation completed
07-04 22:29:45.664 21934 23785 W Summariser:   filename: 20200312_193628!003.mp4
07-04 22:29:45.664 21934 23785 W Summariser:   active sections: 1
07-04 22:29:45.664 21934 23785 W Summariser:   time: 08.384s
07-04 22:29:45.664 21934 23785 W Summariser:   original duration: 12.03
07-04 22:29:45.664 21934 23785 W Summariser:   summarised duration: 6.16
07-04 22:29:45.664 21934 23785 W Summariser:   noise tolerance: 45.00
07-04 22:29:45.664 21934 23785 W Summariser:   quality: 23
07-04 22:29:45.664 21934 23785 W Summariser:   speed: medium
07-04 22:29:45.664 21934 23785 W Summariser:   freeze duration: 1.00
07-04 22:29:45.664 21934 23785 V VideoManager: Retrieving video from /storage/emulated/0/Movies/segment-sum/20200312_193628/20200312_193628!003.mp4
07-04 22:29:45.672 21934 23785 D VideoManager: videoCursor is null
07-04 22:29:45.726 21934 23785 V VideoManager: videoFromCursor
07-04 22:29:45.730 21934 23785 W NearbyFragment: Sending 20200312_193628!003.mp4 to Nexus 5X [34d8]
07-04 22:29:45.733 21934 23785 V ProcessingVideosEventHandler: onRemove
07-04 22:29:45.758 21934 21934 V NearbyFragment: Transfer to Endpoint{id=hgvm, name=Nexus 5X [34d8]} complete
07-04 22:29:45.823 21934 23246 D SummariserIntentService: Scanned /storage/emulated/0/Movies/summarised
07-04 22:29:45.823 21934 23246 D SummariserIntentService:   -> uri=content://media/external/file/137797
07-04 22:29:45.865 21934 21934 V NearbyFragment: Transfer to Endpoint{id=hgvm, name=Nexus 5X [34d8]} complete
07-04 22:29:46.852 21934 21934 D NearbyFragment: onPayloadReceived(endpointId=hgvm, payload=com.google.android.gms.nearby.connection.Payload@930bdd3)
07-04 22:29:46.855 21934 21934 V NearbyFragment: Started downloading SUMMARISE_SEGMENT:-7099014626011587479:20200312_193728!000.mp4:45.0_1.0_23_medium from Endpoint{id=hgvm, name=Nexus 5X [34d8]}
07-04 22:29:46.863 21934 21934 V NearbyFragment: Transfer to Endpoint{id=hgvm, name=Nexus 5X [34d8]} complete
07-04 22:29:46.882 21934 21934 D NearbyFragment: onPayloadReceived(endpointId=hgvm, payload=com.google.android.gms.nearby.connection.Payload@7c94d10)
07-04 22:29:49.038 21934 21934 V NearbyFragment: Transfer to Endpoint{id=hgvm, name=Nexus 5X [34d8]} complete
07-04 22:29:49.038 21934 21934 W NearbyFragment: Completed downloading 20200312_193728!000.mp4 from Endpoint{id=hgvm, name=Nexus 5X [34d8]} in 02.181s
07-04 22:29:49.041 21934 21934 V FileManager: External storage is readable
07-04 22:29:49.042 21934 21934 V FileManager: Created new directory: /storage/emulated/0/Movies/segment-sum/20200312_193728
07-04 22:29:49.042 21934 21934 D NearbyFragment: Summarising 20200312_193728!000.mp4
07-04 22:29:49.042 21934 21934 V VideoManager: Retrieving video from /storage/emulated/0/Download/Nearby/20200312_193728!000.mp4
07-04 22:29:49.050 21934 21934 D VideoManager: videoCursor is null
07-04 22:29:49.074 21934 21934 V VideoManager: videoFromCursor
07-04 22:29:49.078 21934 21934 V ProcessingVideosEventHandler: onAdd
07-04 22:29:49.078 21934 21934 V RawFootageEventHandler: onRemove
07-04 22:29:49.082 21934 21934 V NearbyFragment: Transfer to Endpoint{id=hgvm, name=Nexus 5X [34d8]} complete
07-04 22:29:49.084 21934 23853 V SummariserIntentService: onHandleIntent
07-04 22:29:49.085 21934 23853 D SummariserIntentService: Video{id='137859', data='/storage/emulated/0/Download/Nearby/20200312_193728!000.mp4', name='20200312_193728!000.mp4', size=16857642, visible=true, mimeType='video/mp4'}
07-04 22:29:49.085 21934 23853 D SummariserIntentService: /storage/emulated/0/Movies/segment-sum/20200312_193728/20200312_193728!000.mp4
07-04 22:29:49.241 21934 22850 W mobile-ffmpeg: [graph 0 input from stream 0:0 @ 0x7a548e6100] sws_param option is deprecated and ignored
07-04 22:29:51.155 21934 23853 D Summariser: No freeze file
07-04 22:29:51.155 21934 23853 W Summariser: Whole video is active
07-04 22:29:51.538 21934 23853 V FfmpegTools: Retrieving duration of /storage/emulated/0/Download/Nearby/20200312_193728!000.mp4
07-04 22:29:51.564 21934 23853 V FfmpegTools: Retrieving duration of /storage/emulated/0/Movies/segment-sum/20200312_193728/20200312_193728!000.mp4
07-04 22:29:51.589 21934 23853 W Summariser: Summarisation completed
07-04 22:29:51.589 21934 23853 W Summariser:   filename: 20200312_193728!000.mp4
07-04 22:29:51.589 21934 23853 W Summariser:   active sections: -1
07-04 22:29:51.589 21934 23853 W Summariser:   time: 02.453s
07-04 22:29:51.589 21934 23853 W Summariser:   original duration: 16.06
07-04 22:29:51.589 21934 23853 W Summariser:   summarised duration: 16.06
07-04 22:29:51.589 21934 23853 W Summariser:   noise tolerance: 45.00
07-04 22:29:51.589 21934 23853 W Summariser:   quality: 23
07-04 22:29:51.589 21934 23853 W Summariser:   speed: medium
07-04 22:29:51.589 21934 23853 W Summariser:   freeze duration: 1.00
07-04 22:29:51.590 21934 23853 V VideoManager: Retrieving video from /storage/emulated/0/Movies/segment-sum/20200312_193728/20200312_193728!000.mp4
07-04 22:29:51.603 21934 23853 D VideoManager: videoCursor is null
07-04 22:29:51.675 21934 23853 V VideoManager: videoFromCursor
07-04 22:29:51.681 21934 23853 W NearbyFragment: Sending 20200312_193728!000.mp4 to Nexus 5X [34d8]
07-04 22:29:51.684 21934 23853 V ProcessingVideosEventHandler: onRemove
07-04 22:29:51.755 21934 21934 V NearbyFragment: Transfer to Endpoint{id=hgvm, name=Nexus 5X [34d8]} complete
07-04 22:29:51.774 21934 22843 D SummariserIntentService: Scanned /storage/emulated/0/Movies/summarised
07-04 22:29:51.774 21934 22843 D SummariserIntentService:   -> uri=content://media/external/file/137797
07-04 22:29:52.167 21934 21934 D NearbyFragment: onPayloadReceived(endpointId=hgvm, payload=com.google.android.gms.nearby.connection.Payload@3a094e6)
07-04 22:29:52.168 21934 21934 V NearbyFragment: Started downloading SUMMARISE_SEGMENT:-8922852750527709452:20200312_193728!001.mp4:45.0_1.0_23_medium from Endpoint{id=hgvm, name=Nexus 5X [34d8]}
07-04 22:29:52.177 21934 21934 V NearbyFragment: Transfer to Endpoint{id=hgvm, name=Nexus 5X [34d8]} complete
07-04 22:29:52.235 21934 21934 D NearbyFragment: onPayloadReceived(endpointId=hgvm, payload=com.google.android.gms.nearby.connection.Payload@8a1aa27)
07-04 22:29:53.870 21934 21934 V NearbyFragment: Transfer to Endpoint{id=hgvm, name=Nexus 5X [34d8]} complete
07-04 22:29:56.101 21934 21934 V NearbyFragment: Transfer to Endpoint{id=hgvm, name=Nexus 5X [34d8]} complete
07-04 22:29:56.102 21934 21934 W NearbyFragment: Completed downloading 20200312_193728!001.mp4 from Endpoint{id=hgvm, name=Nexus 5X [34d8]} in 03.932s
07-04 22:29:56.111 21934 21934 V FileManager: External storage is readable
07-04 22:29:56.112 21934 21934 V FileManager: Directory already exists: /storage/emulated/0/Movies/segment-sum/20200312_193728
07-04 22:29:56.113 21934 21934 D NearbyFragment: Summarising 20200312_193728!001.mp4
07-04 22:29:56.114 21934 21934 V VideoManager: Retrieving video from /storage/emulated/0/Download/Nearby/20200312_193728!001.mp4
07-04 22:29:56.131 21934 21934 D VideoManager: videoCursor is null
07-04 22:29:56.172 21934 21934 V VideoManager: videoFromCursor
07-04 22:29:56.177 21934 21934 V ProcessingVideosEventHandler: onAdd
07-04 22:29:56.178 21934 21934 V RawFootageEventHandler: onRemove
07-04 22:29:56.186 21934 21934 V NearbyFragment: Transfer to Endpoint{id=hgvm, name=Nexus 5X [34d8]} complete
07-04 22:29:56.194 21934 23882 V SummariserIntentService: onHandleIntent
07-04 22:29:56.196 21934 23882 D SummariserIntentService: Video{id='137862', data='/storage/emulated/0/Download/Nearby/20200312_193728!001.mp4', name='20200312_193728!001.mp4', size=16819256, visible=true, mimeType='video/mp4'}
07-04 22:29:56.196 21934 23882 D SummariserIntentService: /storage/emulated/0/Movies/segment-sum/20200312_193728/20200312_193728!001.mp4
07-04 22:29:56.346 21934 22850 W mobile-ffmpeg: [graph 0 input from stream 0:0 @ 0x7a548e6100] sws_param option is deprecated and ignored
07-04 22:29:58.249 21934 23882 D Summariser: No freeze file
07-04 22:29:58.250 21934 23882 W Summariser: Whole video is active
07-04 22:29:58.630 21934 23882 V FfmpegTools: Retrieving duration of /storage/emulated/0/Download/Nearby/20200312_193728!001.mp4
07-04 22:29:58.666 21934 23882 V FfmpegTools: Retrieving duration of /storage/emulated/0/Movies/segment-sum/20200312_193728/20200312_193728!001.mp4
07-04 22:29:58.701 21934 23882 W Summariser: Summarisation completed
07-04 22:29:58.701 21934 23882 W Summariser:   filename: 20200312_193728!001.mp4
07-04 22:29:58.701 21934 23882 W Summariser:   active sections: -1
07-04 22:29:58.701 21934 23882 W Summariser:   time: 02.431s
07-04 22:29:58.701 21934 23882 W Summariser:   original duration: 16.01
07-04 22:29:58.701 21934 23882 W Summariser:   summarised duration: 16.01
07-04 22:29:58.701 21934 23882 W Summariser:   noise tolerance: 45.00
07-04 22:29:58.701 21934 23882 W Summariser:   quality: 23
07-04 22:29:58.701 21934 23882 W Summariser:   speed: medium
07-04 22:29:58.701 21934 23882 W Summariser:   freeze duration: 1.00
07-04 22:29:58.702 21934 23882 V VideoManager: Retrieving video from /storage/emulated/0/Movies/segment-sum/20200312_193728/20200312_193728!001.mp4
07-04 22:29:58.716 21934 23882 D VideoManager: videoCursor is null
07-04 22:29:58.748 21934 23882 V VideoManager: videoFromCursor
07-04 22:29:58.753 21934 23882 W NearbyFragment: Sending 20200312_193728!001.mp4 to Nexus 5X [34d8]
07-04 22:29:58.756 21934 23882 V ProcessingVideosEventHandler: onRemove
07-04 22:29:58.774 21934 21934 V NearbyFragment: Transfer to Endpoint{id=hgvm, name=Nexus 5X [34d8]} complete
07-04 22:29:58.809 21934 21934 D NearbyFragment: onPayloadReceived(endpointId=hgvm, payload=com.google.android.gms.nearby.connection.Payload@12664ca)
07-04 22:29:58.810 21934 21934 V NearbyFragment: Started downloading SUMMARISE_SEGMENT:-8577395003003954290:20200312_193728!002.mp4:45.0_1.0_23_medium from Endpoint{id=hgvm, name=Nexus 5X [34d8]}
07-04 22:29:58.818 21934 21934 V NearbyFragment: Transfer to Endpoint{id=hgvm, name=Nexus 5X [34d8]} complete
07-04 22:29:58.842 21934 23373 D SummariserIntentService: Scanned /storage/emulated/0/Movies/summarised
07-04 22:29:58.842 21934 23373 D SummariserIntentService:   -> uri=content://media/external/file/137797
07-04 22:29:58.844 21934 21934 D NearbyFragment: onPayloadReceived(endpointId=hgvm, payload=com.google.android.gms.nearby.connection.Payload@e4aa63b)
07-04 22:30:00.498 21934 21934 V NearbyFragment: Transfer to Endpoint{id=hgvm, name=Nexus 5X [34d8]} complete
07-04 22:30:04.429 21934 21934 V NearbyFragment: Transfer to Endpoint{id=hgvm, name=Nexus 5X [34d8]} complete
07-04 22:30:04.430 21934 21934 W NearbyFragment: Completed downloading 20200312_193728!002.mp4 from Endpoint{id=hgvm, name=Nexus 5X [34d8]} in 05.619s
07-04 22:30:04.440 21934 21934 V FileManager: External storage is readable
07-04 22:30:04.440 21934 21934 V FileManager: Directory already exists: /storage/emulated/0/Movies/segment-sum/20200312_193728
07-04 22:30:04.442 21934 21934 D NearbyFragment: Summarising 20200312_193728!002.mp4
07-04 22:30:04.442 21934 21934 V VideoManager: Retrieving video from /storage/emulated/0/Download/Nearby/20200312_193728!002.mp4
07-04 22:30:04.455 21934 21934 D VideoManager: videoCursor is null
07-04 22:30:04.503 21934 21934 V VideoManager: videoFromCursor
07-04 22:30:04.507 21934 21934 V ProcessingVideosEventHandler: onAdd
07-04 22:30:04.508 21934 21934 V RawFootageEventHandler: onRemove
07-04 22:30:04.515 21934 21934 V NearbyFragment: Transfer to Endpoint{id=hgvm, name=Nexus 5X [34d8]} complete
07-04 22:30:04.523 21934 23994 V SummariserIntentService: onHandleIntent
07-04 22:30:04.524 21934 23994 D SummariserIntentService: Video{id='137864', data='/storage/emulated/0/Download/Nearby/20200312_193728!002.mp4', name='20200312_193728!002.mp4', size=16928276, visible=true, mimeType='video/mp4'}
07-04 22:30:04.524 21934 23994 D SummariserIntentService: /storage/emulated/0/Movies/segment-sum/20200312_193728/20200312_193728!002.mp4
07-04 22:30:04.663 21934 22850 W mobile-ffmpeg: [graph 0 input from stream 0:0 @ 0x7a548e6100] sws_param option is deprecated and ignored
07-04 22:30:06.492 21934 23994 D Summariser: No freeze file
07-04 22:30:06.492 21934 23994 W Summariser: Whole video is active
07-04 22:30:06.873 21934 23994 V FfmpegTools: Retrieving duration of /storage/emulated/0/Download/Nearby/20200312_193728!002.mp4
07-04 22:30:06.909 21934 23994 V FfmpegTools: Retrieving duration of /storage/emulated/0/Movies/segment-sum/20200312_193728/20200312_193728!002.mp4
07-04 22:30:06.946 21934 23994 W Summariser: Summarisation completed
07-04 22:30:06.946 21934 23994 W Summariser:   filename: 20200312_193728!002.mp4
07-04 22:30:06.946 21934 23994 W Summariser:   active sections: -1
07-04 22:30:06.946 21934 23994 W Summariser:   time: 02.348s
07-04 22:30:06.946 21934 23994 W Summariser:   original duration: 16.01
07-04 22:30:06.946 21934 23994 W Summariser:   summarised duration: 16.01
07-04 22:30:06.946 21934 23994 W Summariser:   noise tolerance: 45.00
07-04 22:30:06.946 21934 23994 W Summariser:   quality: 23
07-04 22:30:06.946 21934 23994 W Summariser:   speed: medium
07-04 22:30:06.946 21934 23994 W Summariser:   freeze duration: 1.00
07-04 22:30:06.946 21934 23994 V VideoManager: Retrieving video from /storage/emulated/0/Movies/segment-sum/20200312_193728/20200312_193728!002.mp4
07-04 22:30:06.958 21934 23994 D VideoManager: videoCursor is null
07-04 22:30:07.000 21934 23994 V VideoManager: videoFromCursor
07-04 22:30:07.003 21934 23994 W NearbyFragment: Sending 20200312_193728!002.mp4 to Nexus 5X [34d8]
07-04 22:30:07.004 21934 23994 V ProcessingVideosEventHandler: onRemove
07-04 22:30:07.025 21934 21934 V NearbyFragment: Transfer to Endpoint{id=hgvm, name=Nexus 5X [34d8]} complete
07-04 22:30:07.067 21934 21934 D NearbyFragment: onPayloadReceived(endpointId=hgvm, payload=com.google.android.gms.nearby.connection.Payload@34b16e9)
07-04 22:30:07.068 21934 21934 V NearbyFragment: Started downloading SUMMARISE_SEGMENT:-8281013178412679255:20200312_193728!003.mp4:45.0_1.0_23_medium from Endpoint{id=hgvm, name=Nexus 5X [34d8]}
07-04 22:30:07.096 21934 21948 D SummariserIntentService: Scanned /storage/emulated/0/Movies/summarised
07-04 22:30:07.096 21934 21948 D SummariserIntentService:   -> uri=content://media/external/file/137797
07-04 22:30:07.281 21934 21934 V NearbyFragment: Transfer to Endpoint{id=hgvm, name=Nexus 5X [34d8]} complete
07-04 22:30:07.323 21934 21934 D NearbyFragment: onPayloadReceived(endpointId=hgvm, payload=com.google.android.gms.nearby.connection.Payload@929ef6e)
07-04 22:30:09.100 21934 21934 V NearbyFragment: Transfer to Endpoint{id=hgvm, name=Nexus 5X [34d8]} complete
07-04 22:30:10.119 21934 21934 V NearbyFragment: Transfer to Endpoint{id=hgvm, name=Nexus 5X [34d8]} complete
07-04 22:30:10.121 21934 21934 W NearbyFragment: Completed downloading 20200312_193728!003.mp4 from Endpoint{id=hgvm, name=Nexus 5X [34d8]} in 03.052s
07-04 22:30:10.130 21934 21934 V FileManager: External storage is readable
07-04 22:30:10.130 21934 21934 V FileManager: Directory already exists: /storage/emulated/0/Movies/segment-sum/20200312_193728
07-04 22:30:10.131 21934 21934 D NearbyFragment: Summarising 20200312_193728!003.mp4
07-04 22:30:10.132 21934 21934 V VideoManager: Retrieving video from /storage/emulated/0/Download/Nearby/20200312_193728!003.mp4
07-04 22:30:10.143 21934 21934 D VideoManager: videoCursor is null
07-04 22:30:10.184 21934 21934 V VideoManager: videoFromCursor
07-04 22:30:10.187 21934 21934 V ProcessingVideosEventHandler: onAdd
07-04 22:30:10.188 21934 21934 V RawFootageEventHandler: onRemove
07-04 22:30:10.196 21934 21934 V NearbyFragment: Transfer to Endpoint{id=hgvm, name=Nexus 5X [34d8]} complete
07-04 22:30:10.202 21934 24027 V SummariserIntentService: onHandleIntent
07-04 22:30:10.203 21934 24027 D SummariserIntentService: Video{id='137866', data='/storage/emulated/0/Download/Nearby/20200312_193728!003.mp4', name='20200312_193728!003.mp4', size=12650611, visible=true, mimeType='video/mp4'}
07-04 22:30:10.203 21934 24027 D SummariserIntentService: /storage/emulated/0/Movies/segment-sum/20200312_193728/20200312_193728!003.mp4
07-04 22:30:10.333 21934 22850 W mobile-ffmpeg: [graph 0 input from stream 0:0 @ 0x7a548e6100] sws_param option is deprecated and ignored
07-04 22:30:11.831 21934 24027 D Summariser: No freeze file
07-04 22:30:11.831 21934 24027 W Summariser: Whole video is active
07-04 22:30:12.120 21934 24027 V FfmpegTools: Retrieving duration of /storage/emulated/0/Download/Nearby/20200312_193728!003.mp4
07-04 22:30:12.144 21934 24027 V FfmpegTools: Retrieving duration of /storage/emulated/0/Movies/segment-sum/20200312_193728/20200312_193728!003.mp4
07-04 22:30:12.167 21934 24027 W Summariser: Summarisation completed
07-04 22:30:12.167 21934 24027 W Summariser:   filename: 20200312_193728!003.mp4
07-04 22:30:12.167 21934 24027 W Summariser:   active sections: -1
07-04 22:30:12.167 21934 24027 W Summariser:   time: 01.915s
07-04 22:30:12.167 21934 24027 W Summariser:   original duration: 11.98
07-04 22:30:12.167 21934 24027 W Summariser:   summarised duration: 11.98
07-04 22:30:12.167 21934 24027 W Summariser:   noise tolerance: 45.00
07-04 22:30:12.167 21934 24027 W Summariser:   quality: 23
07-04 22:30:12.167 21934 24027 W Summariser:   speed: medium
07-04 22:30:12.167 21934 24027 W Summariser:   freeze duration: 1.00
07-04 22:30:12.167 21934 24027 V VideoManager: Retrieving video from /storage/emulated/0/Movies/segment-sum/20200312_193728/20200312_193728!003.mp4
07-04 22:30:12.179 21934 24027 D VideoManager: videoCursor is null
07-04 22:30:12.232 21934 24027 V VideoManager: videoFromCursor
07-04 22:30:12.236 21934 24027 W NearbyFragment: Sending 20200312_193728!003.mp4 to Nexus 5X [34d8]
07-04 22:30:12.239 21934 24027 V ProcessingVideosEventHandler: onRemove
07-04 22:30:12.279 21934 21934 V NearbyFragment: Transfer to Endpoint{id=hgvm, name=Nexus 5X [34d8]} complete
07-04 22:30:12.346 21934 23478 D SummariserIntentService: Scanned /storage/emulated/0/Movies/summarised
07-04 22:30:12.346 21934 23478 D SummariserIntentService:   -> uri=content://media/external/file/137797
07-04 22:30:13.382 21934 21934 V NearbyFragment: Transfer to Endpoint{id=hgvm, name=Nexus 5X [34d8]} complete
07-04 22:30:19.304 21934 21934 D NearbyFragment: onPayloadReceived(endpointId=hgvm, payload=com.google.android.gms.nearby.connection.Payload@3dfd34)
07-04 22:30:19.307 21934 21934 V NearbyFragment: Started downloading SUMMARISE_SEGMENT:-5544601423857197526:20200312_193828!000.mp4:45.0_1.0_23_medium from Endpoint{id=hgvm, name=Nexus 5X [34d8]}
07-04 22:30:19.310 21934 21934 V NearbyFragment: Transfer to Endpoint{id=hgvm, name=Nexus 5X [34d8]} complete
07-04 22:30:19.342 21934 21934 D NearbyFragment: onPayloadReceived(endpointId=hgvm, payload=com.google.android.gms.nearby.connection.Payload@7c2d75d)
07-04 22:30:19.471 21934 21934 V NearbyFragment: Transfer to Endpoint{id=hgvm, name=Nexus 5X [34d8]} complete
07-04 22:30:19.472 21934 21934 W NearbyFragment: Completed downloading 20200312_193828!000.mp4 from Endpoint{id=hgvm, name=Nexus 5X [34d8]} in 00.163s
07-04 22:30:19.482 21934 21934 V FileManager: External storage is readable
07-04 22:30:19.485 21934 21934 V FileManager: Created new directory: /storage/emulated/0/Movies/segment-sum/20200312_193828
07-04 22:30:19.486 21934 21934 D NearbyFragment: Summarising 20200312_193828!000.mp4
07-04 22:30:19.487 21934 21934 V VideoManager: Retrieving video from /storage/emulated/0/Download/Nearby/20200312_193828!000.mp4
07-04 22:30:19.500 21934 21934 D VideoManager: videoCursor is null
07-04 22:30:19.544 21934 21934 V VideoManager: videoFromCursor
07-04 22:30:19.547 21934 21934 V ProcessingVideosEventHandler: onAdd
07-04 22:30:19.548 21934 21934 V RawFootageEventHandler: onRemove
07-04 22:30:19.556 21934 21934 V NearbyFragment: Transfer to Endpoint{id=hgvm, name=Nexus 5X [34d8]} complete
07-04 22:30:19.563 21934 24117 V SummariserIntentService: onHandleIntent
07-04 22:30:19.564 21934 24117 D SummariserIntentService: Video{id='137868', data='/storage/emulated/0/Download/Nearby/20200312_193828!000.mp4', name='20200312_193828!000.mp4', size=1024559, visible=true, mimeType='video/mp4'}
07-04 22:30:19.564 21934 24117 D SummariserIntentService: /storage/emulated/0/Movies/segment-sum/20200312_193828/20200312_193828!000.mp4
07-04 22:30:19.712 21934 22850 W mobile-ffmpeg: [graph 0 input from stream 0:0 @ 0x7a548e6100] sws_param option is deprecated and ignored
07-04 22:30:19.903 21934 24117 D Summariser: No freeze file
07-04 22:30:19.903 21934 24117 W Summariser: Whole video is active
07-04 22:30:19.944 21934 24117 V FfmpegTools: Retrieving duration of /storage/emulated/0/Download/Nearby/20200312_193828!000.mp4
07-04 22:30:19.980 21934 24117 V FfmpegTools: Retrieving duration of /storage/emulated/0/Movies/segment-sum/20200312_193828/20200312_193828!000.mp4
07-04 22:30:20.010 21934 24117 W Summariser: Summarisation completed
07-04 22:30:20.010 21934 24117 W Summariser:   filename: 20200312_193828!000.mp4
07-04 22:30:20.010 21934 24117 W Summariser:   active sections: -1
07-04 22:30:20.010 21934 24117 W Summariser:   time: 00.379s
07-04 22:30:20.010 21934 24117 W Summariser:   original duration: 1.02
07-04 22:30:20.010 21934 24117 W Summariser:   summarised duration: 1.02
07-04 22:30:20.010 21934 24117 W Summariser:   noise tolerance: 45.00
07-04 22:30:20.010 21934 24117 W Summariser:   quality: 23
07-04 22:30:20.010 21934 24117 W Summariser:   speed: medium
07-04 22:30:20.010 21934 24117 W Summariser:   freeze duration: 1.00
07-04 22:30:20.011 21934 24117 V VideoManager: Retrieving video from /storage/emulated/0/Movies/segment-sum/20200312_193828/20200312_193828!000.mp4
07-04 22:30:20.019 21934 24117 D VideoManager: videoCursor is null
07-04 22:30:20.067 21934 24117 V VideoManager: videoFromCursor
07-04 22:30:20.074 21934 24117 W NearbyFragment: Sending 20200312_193828!000.mp4 to Nexus 5X [34d8]
07-04 22:30:20.076 21934 24117 V ProcessingVideosEventHandler: onRemove
07-04 22:30:20.095 21934 21934 V NearbyFragment: Transfer to Endpoint{id=hgvm, name=Nexus 5X [34d8]} complete
07-04 22:30:20.155 21934 23478 D SummariserIntentService: Scanned /storage/emulated/0/Movies/summarised
07-04 22:30:20.155 21934 23478 D SummariserIntentService:   -> uri=content://media/external/file/137797
07-04 22:30:20.194 21934 21934 V NearbyFragment: Transfer to Endpoint{id=hgvm, name=Nexus 5X [34d8]} complete
07-04 22:30:20.304 21934 21934 D NearbyFragment: onPayloadReceived(endpointId=hgvm, payload=com.google.android.gms.nearby.connection.Payload@45fde1b)
07-04 22:30:20.304 21934 21934 V NearbyFragment: Started downloading SUMMARISE_SEGMENT:-5219076252449720611:20200312_193828!001.mp4:45.0_1.0_23_medium from Endpoint{id=hgvm, name=Nexus 5X [34d8]}
07-04 22:30:20.323 21934 21934 V NearbyFragment: Transfer to Endpoint{id=hgvm, name=Nexus 5X [34d8]} complete
07-04 22:30:20.398 21934 21934 D NearbyFragment: onPayloadReceived(endpointId=hgvm, payload=com.google.android.gms.nearby.connection.Payload@65ffbb8)
07-04 22:30:20.594 21934 21934 V NearbyFragment: Transfer to Endpoint{id=hgvm, name=Nexus 5X [34d8]} complete
07-04 22:30:20.595 21934 21934 W NearbyFragment: Completed downloading 20200312_193828!001.mp4 from Endpoint{id=hgvm, name=Nexus 5X [34d8]} in 00.289s
07-04 22:30:20.603 21934 21934 V FileManager: External storage is readable
07-04 22:30:20.604 21934 21934 V FileManager: Directory already exists: /storage/emulated/0/Movies/segment-sum/20200312_193828
07-04 22:30:20.605 21934 21934 D NearbyFragment: Summarising 20200312_193828!001.mp4
07-04 22:30:20.605 21934 21934 V VideoManager: Retrieving video from /storage/emulated/0/Download/Nearby/20200312_193828!001.mp4
07-04 22:30:20.616 21934 21934 D VideoManager: videoCursor is null
07-04 22:30:20.650 21934 21934 V VideoManager: videoFromCursor
07-04 22:30:20.654 21934 21934 V ProcessingVideosEventHandler: onAdd
07-04 22:30:20.654 21934 21934 V RawFootageEventHandler: onRemove
07-04 22:30:20.662 21934 21934 V NearbyFragment: Transfer to Endpoint{id=hgvm, name=Nexus 5X [34d8]} complete
07-04 22:30:20.671 21934 24146 V SummariserIntentService: onHandleIntent
07-04 22:30:20.672 21934 24146 D SummariserIntentService: Video{id='137871', data='/storage/emulated/0/Download/Nearby/20200312_193828!001.mp4', name='20200312_193828!001.mp4', size=1075727, visible=true, mimeType='video/mp4'}
07-04 22:30:20.672 21934 24146 D SummariserIntentService: /storage/emulated/0/Movies/segment-sum/20200312_193828/20200312_193828!001.mp4
07-04 22:30:20.814 21934 22850 W mobile-ffmpeg: [graph 0 input from stream 0:0 @ 0x7a548e6100] sws_param option is deprecated and ignored
07-04 22:30:21.004 21934 24146 D Summariser: No freeze file
07-04 22:30:21.004 21934 24146 W Summariser: Whole video is active
07-04 22:30:21.041 21934 24146 V FfmpegTools: Retrieving duration of /storage/emulated/0/Download/Nearby/20200312_193828!001.mp4
07-04 22:30:21.069 21934 24146 V FfmpegTools: Retrieving duration of /storage/emulated/0/Movies/segment-sum/20200312_193828/20200312_193828!001.mp4
07-04 22:30:21.093 21934 24146 W Summariser: Summarisation completed
07-04 22:30:21.093 21934 24146 W Summariser:   filename: 20200312_193828!001.mp4
07-04 22:30:21.093 21934 24146 W Summariser:   active sections: -1
07-04 22:30:21.093 21934 24146 W Summariser:   time: 00.368s
07-04 22:30:21.093 21934 24146 W Summariser:   original duration: 1.03
07-04 22:30:21.093 21934 24146 W Summariser:   summarised duration: 1.03
07-04 22:30:21.093 21934 24146 W Summariser:   noise tolerance: 45.00
07-04 22:30:21.093 21934 24146 W Summariser:   quality: 23
07-04 22:30:21.093 21934 24146 W Summariser:   speed: medium
07-04 22:30:21.093 21934 24146 W Summariser:   freeze duration: 1.00
07-04 22:30:21.093 21934 24146 V VideoManager: Retrieving video from /storage/emulated/0/Movies/segment-sum/20200312_193828/20200312_193828!001.mp4
07-04 22:30:21.102 21934 24146 D VideoManager: videoCursor is null
07-04 22:30:21.130 21934 24146 V VideoManager: videoFromCursor
07-04 22:30:21.133 21934 24146 W NearbyFragment: Sending 20200312_193828!001.mp4 to Nexus 5X [34d8]
07-04 22:30:21.135 21934 24146 V ProcessingVideosEventHandler: onRemove
07-04 22:30:21.157 21934 21934 V NearbyFragment: Transfer to Endpoint{id=hgvm, name=Nexus 5X [34d8]} complete
07-04 22:30:21.222 21934 21934 D NearbyFragment: onPayloadReceived(endpointId=hgvm, payload=com.google.android.gms.nearby.connection.Payload@10c57ef)
07-04 22:30:21.223 21934 21934 V NearbyFragment: Started downloading SUMMARISE_SEGMENT:-8959145758185855949:20200312_193828!002.mp4:45.0_1.0_23_medium from Endpoint{id=hgvm, name=Nexus 5X [34d8]}
07-04 22:30:21.230 21934 21934 V NearbyFragment: Transfer to Endpoint{id=hgvm, name=Nexus 5X [34d8]} complete
07-04 22:30:21.231 21934 21934 V NearbyFragment: Transfer to Endpoint{id=hgvm, name=Nexus 5X [34d8]} complete
07-04 22:30:21.239 21934 21948 D SummariserIntentService: Scanned /storage/emulated/0/Movies/summarised
07-04 22:30:21.239 21934 21948 D SummariserIntentService:   -> uri=content://media/external/file/137797
07-04 22:30:21.268 21934 21934 D NearbyFragment: onPayloadReceived(endpointId=hgvm, payload=com.google.android.gms.nearby.connection.Payload@6e672fc)
07-04 22:30:21.416 21934 21934 V NearbyFragment: Transfer to Endpoint{id=hgvm, name=Nexus 5X [34d8]} complete
07-04 22:30:21.418 21934 21934 W NearbyFragment: Completed downloading 20200312_193828!002.mp4 from Endpoint{id=hgvm, name=Nexus 5X [34d8]} in 00.194s
07-04 22:30:21.426 21934 21934 V FileManager: External storage is readable
07-04 22:30:21.426 21934 21934 V FileManager: Directory already exists: /storage/emulated/0/Movies/segment-sum/20200312_193828
07-04 22:30:21.427 21934 21934 D NearbyFragment: Summarising 20200312_193828!002.mp4
07-04 22:30:21.428 21934 21934 V VideoManager: Retrieving video from /storage/emulated/0/Download/Nearby/20200312_193828!002.mp4
07-04 22:30:21.440 21934 21934 D VideoManager: videoCursor is null
07-04 22:30:21.470 21934 21934 V VideoManager: videoFromCursor
07-04 22:30:21.476 21934 21934 V ProcessingVideosEventHandler: onAdd
07-04 22:30:21.476 21934 21934 V RawFootageEventHandler: onRemove
07-04 22:30:21.486 21934 21934 V NearbyFragment: Transfer to Endpoint{id=hgvm, name=Nexus 5X [34d8]} complete
07-04 22:30:21.508 21934 24200 V SummariserIntentService: onHandleIntent
07-04 22:30:21.509 21934 24200 D SummariserIntentService: Video{id='137873', data='/storage/emulated/0/Download/Nearby/20200312_193828!002.mp4', name='20200312_193828!002.mp4', size=1041993, visible=true, mimeType='video/mp4'}
07-04 22:30:21.509 21934 24200 D SummariserIntentService: /storage/emulated/0/Movies/segment-sum/20200312_193828/20200312_193828!002.mp4
07-04 22:30:21.656 21934 22850 W mobile-ffmpeg: [graph 0 input from stream 0:0 @ 0x7a548e6100] sws_param option is deprecated and ignored
07-04 22:30:21.827 21934 24200 D Summariser: No freeze file
07-04 22:30:21.828 21934 24200 W Summariser: Whole video is active
