07-04 22:33:36.204 21934 26565 V FfmpegTools: Retrieving duration of /storage/emulated/0/Movies/segment-sum/20200312_194830/20200312_194830!000.mp4
07-04 22:33:36.221 21934 26565 W Summariser: Summarisation completed
07-04 22:33:36.221 21934 26565 W Summariser:   filename: 20200312_194830!000.mp4
07-04 22:33:36.221 21934 26565 W Summariser:   active sections: 1
07-04 22:33:36.221 21934 26565 W Summariser:   time: 06.871s
07-04 22:33:36.221 21934 26565 W Summariser:   original duration: 16.06
07-04 22:33:36.221 21934 26565 W Summariser:   summarised duration: 3.97
07-04 22:33:36.221 21934 26565 W Summariser:   noise tolerance: 45.00
07-04 22:33:36.221 21934 26565 W Summariser:   quality: 23
07-04 22:33:36.221 21934 26565 W Summariser:   speed: medium
07-04 22:33:36.221 21934 26565 W Summariser:   freeze duration: 1.00
07-04 22:33:36.221 21934 26565 V VideoManager: Retrieving video from /storage/emulated/0/Movies/segment-sum/20200312_194830/20200312_194830!000.mp4
07-04 22:33:36.235 21934 26565 D VideoManager: videoCursor is null
07-04 22:33:36.297 21934 26565 V VideoManager: videoFromCursor
07-04 22:33:36.303 21934 26565 W NearbyFragment: Sending 20200312_194830!000.mp4 to Nexus 5X [34d8]
07-04 22:33:36.308 21934 26565 V ProcessingVideosEventHandler: onRemove
07-04 22:33:36.334 21934 21934 V NearbyFragment: Transfer to Endpoint{id=hgvm, name=Nexus 5X [34d8]} complete
07-04 22:33:36.366 21934 21934 D NearbyFragment: onPayloadReceived(endpointId=hgvm, payload=com.google.android.gms.nearby.connection.Payload@4b247df)
07-04 22:33:36.367 21934 21934 V NearbyFragment: Started downloading SUMMARISE_SEGMENT:-5001632921730517413:20200312_194830!001.mp4:45.0_1.0_23_medium from Endpoint{id=hgvm, name=Nexus 5X [34d8]}
07-04 22:33:36.382 21934 21934 V NearbyFragment: Transfer to Endpoint{id=hgvm, name=Nexus 5X [34d8]} complete
07-04 22:33:36.393 21934 21934 V NearbyFragment: Transfer to Endpoint{id=hgvm, name=Nexus 5X [34d8]} complete
07-04 22:33:36.414 21934 24321 D SummariserIntentService: Scanned /storage/emulated/0/Movies/summarised
07-04 22:33:36.414 21934 24321 D SummariserIntentService:   -> uri=content://media/external/file/137797
07-04 22:33:36.633 21934 21934 D NearbyFragment: onPayloadReceived(endpointId=hgvm, payload=com.google.android.gms.nearby.connection.Payload@748bc2c)
07-04 22:33:38.876 21934 21934 V NearbyFragment: Transfer to Endpoint{id=hgvm, name=Nexus 5X [34d8]} complete
07-04 22:33:38.877 21934 21934 W NearbyFragment: Completed downloading 20200312_194830!001.mp4 from Endpoint{id=hgvm, name=Nexus 5X [34d8]} in 02.509s
07-04 22:33:38.885 21934 21934 V FileManager: External storage is readable
07-04 22:33:38.885 21934 21934 V FileManager: Directory already exists: /storage/emulated/0/Movies/segment-sum/20200312_194830
07-04 22:33:38.886 21934 21934 D NearbyFragment: Summarising 20200312_194830!001.mp4
07-04 22:33:38.886 21934 21934 V VideoManager: Retrieving video from /storage/emulated/0/Download/Nearby/20200312_194830!001.mp4
07-04 22:33:38.895 21934 21934 D VideoManager: videoCursor is null
07-04 22:33:38.925 21934 21934 V VideoManager: videoFromCursor
07-04 22:33:38.928 21934 21934 V ProcessingVideosEventHandler: onAdd
07-04 22:33:38.928 21934 21934 V RawFootageEventHandler: onRemove
07-04 22:33:38.935 21934 21934 V NearbyFragment: Transfer to Endpoint{id=hgvm, name=Nexus 5X [34d8]} complete
07-04 22:33:38.943 21934 26632 V SummariserIntentService: onHandleIntent
07-04 22:33:38.944 21934 26632 D SummariserIntentService: Video{id='138009', data='/storage/emulated/0/Download/Nearby/20200312_194830!001.mp4', name='20200312_194830!001.mp4', size=16986763, visible=true, mimeType='video/mp4'}
07-04 22:33:38.944 21934 26632 D SummariserIntentService: /storage/emulated/0/Movies/segment-sum/20200312_194830/20200312_194830!001.mp4
07-04 22:33:39.138 21934 22850 W mobile-ffmpeg: [graph 0 input from stream 0:0 @ 0x7a58e0f500] sws_param option is deprecated and ignored
07-04 22:33:40.997 21934 26632 V FfmpegTools: Retrieving duration of /storage/emulated/0/Download/Nearby/20200312_194830!001.mp4
07-04 22:33:41.034 21934 26632 W Summariser: 2 active sections found
07-04 22:33:41.034 21934 26632 I FfmpegTools: Running ffmpeg with:
07-04 22:33:41.034 21934 26632 I FfmpegTools:   -y -i /storage/emulated/0/Download/Nearby/20200312_194830!001.mp4 -filter_complex [0:v]trim=0.000000:6.405000,setpts=PTS-STARTPTS[v0];[0:a]atrim=0.000000:6.405000,asetpts=PTS-STARTPTS[a0];[0:v]trim=14.379000:16.010000,setpts=PTS-STARTPTS[v1];[0:a]atrim=14.379000:16.010000,asetpts=PTS-STARTPTS[a1];[v0][a0][v1][a1]concat=n=2:v=1:a=1[outv][outa] -map [outv] -map [outa] -crf 23 -preset medium /storage/emulated/0/Movies/segment-sum/20200312_194830/20200312_194830!001.mp4
07-04 22:33:41.093 21934 22850 W mobile-ffmpeg: [graph 0 input from stream 0:0 @ 0x7a58e0f500] sws_param option is deprecated and ignored
07-04 22:33:41.094 21934 22850 W mobile-ffmpeg: [graph 0 input from stream 0:0 @ 0x7a58e0f8c0] sws_param option is deprecated and ignored
07-04 22:33:49.187 21934 26632 V FfmpegTools: Retrieving duration of /storage/emulated/0/Download/Nearby/20200312_194830!001.mp4
07-04 22:33:49.222 21934 26632 V FfmpegTools: Retrieving duration of /storage/emulated/0/Movies/segment-sum/20200312_194830/20200312_194830!001.mp4
07-04 22:33:49.239 21934 26632 W Summariser: Summarisation completed
07-04 22:33:49.239 21934 26632 W Summariser:   filename: 20200312_194830!001.mp4
07-04 22:33:49.239 21934 26632 W Summariser:   active sections: 2
07-04 22:33:49.239 21934 26632 W Summariser:   time: 10.242s
07-04 22:33:49.239 21934 26632 W Summariser:   original duration: 16.01
07-04 22:33:49.239 21934 26632 W Summariser:   summarised duration: 8.10
07-04 22:33:49.239 21934 26632 W Summariser:   noise tolerance: 45.00
07-04 22:33:49.239 21934 26632 W Summariser:   quality: 23
07-04 22:33:49.239 21934 26632 W Summariser:   speed: medium
07-04 22:33:49.239 21934 26632 W Summariser:   freeze duration: 1.00
07-04 22:33:49.239 21934 26632 V VideoManager: Retrieving video from /storage/emulated/0/Movies/segment-sum/20200312_194830/20200312_194830!001.mp4
07-04 22:33:49.248 21934 26632 D VideoManager: videoCursor is null
07-04 22:33:49.293 21934 26632 V VideoManager: videoFromCursor
07-04 22:33:49.296 21934 26632 W NearbyFragment: Sending 20200312_194830!001.mp4 to Nexus 5X [34d8]
07-04 22:33:49.297 21934 26632 V ProcessingVideosEventHandler: onRemove
07-04 22:33:49.313 21934 21934 V NearbyFragment: Transfer to Endpoint{id=hgvm, name=Nexus 5X [34d8]} complete
07-04 22:33:49.361 21934 21948 D SummariserIntentService: Scanned /storage/emulated/0/Movies/summarised
07-04 22:33:49.361 21934 21948 D SummariserIntentService:   -> uri=content://media/external/file/137797
07-04 22:33:49.386 21934 21934 D NearbyFragment: onPayloadReceived(endpointId=hgvm, payload=com.google.android.gms.nearby.connection.Payload@6b35673)
07-04 22:33:49.387 21934 21934 V NearbyFragment: Started downloading SUMMARISE_SEGMENT:-7440690705753644861:20200312_194830!003.mp4:45.0_1.0_23_medium from Endpoint{id=hgvm, name=Nexus 5X [34d8]}
07-04 22:33:49.389 21934 21934 V NearbyFragment: Transfer to Endpoint{id=hgvm, name=Nexus 5X [34d8]} complete
07-04 22:33:49.454 21934 21934 V NearbyFragment: Transfer to Endpoint{id=hgvm, name=Nexus 5X [34d8]} complete
07-04 22:33:49.897 21934 21934 D NearbyFragment: onPayloadReceived(endpointId=hgvm, payload=com.google.android.gms.nearby.connection.Payload@ea50930)
07-04 22:33:52.489 21934 21934 V NearbyFragment: Transfer to Endpoint{id=hgvm, name=Nexus 5X [34d8]} complete
07-04 22:33:52.491 21934 21934 W NearbyFragment: Completed downloading 20200312_194830!003.mp4 from Endpoint{id=hgvm, name=Nexus 5X [34d8]} in 03.103s
07-04 22:33:52.505 21934 21934 V FileManager: External storage is readable
07-04 22:33:52.506 21934 21934 V FileManager: Directory already exists: /storage/emulated/0/Movies/segment-sum/20200312_194830
07-04 22:33:52.507 21934 21934 D NearbyFragment: Summarising 20200312_194830!003.mp4
07-04 22:33:52.508 21934 21934 V VideoManager: Retrieving video from /storage/emulated/0/Download/Nearby/20200312_194830!003.mp4
07-04 22:33:52.528 21934 21934 D VideoManager: videoCursor is null
07-04 22:33:52.591 21934 21934 V VideoManager: videoFromCursor
07-04 22:33:52.595 21934 21934 V ProcessingVideosEventHandler: onAdd
07-04 22:33:52.595 21934 21934 V RawFootageEventHandler: onRemove
07-04 22:33:52.601 21934 21934 V NearbyFragment: Transfer to Endpoint{id=hgvm, name=Nexus 5X [34d8]} complete
07-04 22:33:52.610 21934 26700 V SummariserIntentService: onHandleIntent
07-04 22:33:52.611 21934 26700 D SummariserIntentService: Video{id='138011', data='/storage/emulated/0/Download/Nearby/20200312_194830!003.mp4', name='20200312_194830!003.mp4', size=12647949, visible=true, mimeType='video/mp4'}
07-04 22:33:52.611 21934 26700 D SummariserIntentService: /storage/emulated/0/Movies/segment-sum/20200312_194830/20200312_194830!003.mp4
07-04 22:33:52.786 21934 22850 W mobile-ffmpeg: [graph 0 input from stream 0:0 @ 0x7a58e0f500] sws_param option is deprecated and ignored
07-04 22:33:54.141 21934 26700 W Summariser: No activity detected
07-04 22:33:54.142 21934 26700 V FfmpegTools: Retrieving duration of /storage/emulated/0/Download/Nearby/20200312_194830!003.mp4
07-04 22:33:54.166 21934 26700 W Summariser: Summarisation completed
07-04 22:33:54.166 21934 26700 W Summariser:   filename: 20200312_194830!003.mp4
07-04 22:33:54.166 21934 26700 W Summariser:   active sections: 0
07-04 22:33:54.166 21934 26700 W Summariser:   time: 01.531s
07-04 22:33:54.166 21934 26700 W Summariser:   original duration: 11.98
07-04 22:33:54.166 21934 26700 W Summariser:   summarised duration: -1.00
07-04 22:33:54.166 21934 26700 W Summariser:   noise tolerance: 45.00
07-04 22:33:54.166 21934 26700 W Summariser:   quality: 23
07-04 22:33:54.166 21934 26700 W Summariser:   speed: medium
07-04 22:33:54.166 21934 26700 W Summariser:   freeze duration: 1.00
07-04 22:33:54.166 21934 26700 V ProcessingVideosEventHandler: onRemove
07-04 22:33:54.181 21934 21934 V NearbyFragment: Transfer to Endpoint{id=hgvm, name=Nexus 5X [34d8]} complete
07-04 22:33:54.216 21934 21934 D NearbyFragment: onPayloadReceived(endpointId=hgvm, payload=com.google.android.gms.nearby.connection.Payload@225f4e1)
07-04 22:33:54.217 21934 21934 V NearbyFragment: Started downloading SUMMARISE_SEGMENT:-6391679261340601574:20200312_194930!000.mp4:45.0_1.0_23_medium from Endpoint{id=hgvm, name=Nexus 5X [34d8]}
07-04 22:33:54.235 21934 21934 V NearbyFragment: Transfer to Endpoint{id=hgvm, name=Nexus 5X [34d8]} complete
07-04 22:33:54.255 21934 24559 D SummariserIntentService: Scanned /storage/emulated/0/Movies/summarised
07-04 22:33:54.255 21934 24559 D SummariserIntentService:   -> uri=content://media/external/file/137797
07-04 22:33:54.580 21934 21934 D NearbyFragment: onPayloadReceived(endpointId=hgvm, payload=com.google.android.gms.nearby.connection.Payload@1cc0206)
07-04 22:33:57.776 21934 21934 V NearbyFragment: Transfer to Endpoint{id=hgvm, name=Nexus 5X [34d8]} complete
07-04 22:33:57.777 21934 21934 W NearbyFragment: Completed downloading 20200312_194930!000.mp4 from Endpoint{id=hgvm, name=Nexus 5X [34d8]} in 03.558s
07-04 22:33:57.784 21934 21934 V FileManager: External storage is readable
07-04 22:33:57.786 21934 21934 V FileManager: Created new directory: /storage/emulated/0/Movies/segment-sum/20200312_194930
07-04 22:33:57.787 21934 21934 D NearbyFragment: Summarising 20200312_194930!000.mp4
07-04 22:33:57.787 21934 21934 V VideoManager: Retrieving video from /storage/emulated/0/Download/Nearby/20200312_194930!000.mp4
07-04 22:33:57.798 21934 21934 D VideoManager: videoCursor is null
07-04 22:33:57.836 21934 21934 V VideoManager: videoFromCursor
07-04 22:33:57.840 21934 21934 V ProcessingVideosEventHandler: onAdd
07-04 22:33:57.840 21934 21934 V RawFootageEventHandler: onRemove
07-04 22:33:57.847 21934 21934 V NearbyFragment: Transfer to Endpoint{id=hgvm, name=Nexus 5X [34d8]} complete
07-04 22:33:57.854 21934 26728 V SummariserIntentService: onHandleIntent
07-04 22:33:57.855 21934 26728 D SummariserIntentService: Video{id='138012', data='/storage/emulated/0/Download/Nearby/20200312_194930!000.mp4', name='20200312_194930!000.mp4', size=16923489, visible=true, mimeType='video/mp4'}
07-04 22:33:57.856 21934 26728 D SummariserIntentService: /storage/emulated/0/Movies/segment-sum/20200312_194930/20200312_194930!000.mp4
07-04 22:33:58.015 21934 22850 W mobile-ffmpeg: [graph 0 input from stream 0:0 @ 0x7a58e0f500] sws_param option is deprecated and ignored
07-04 22:33:59.875 21934 26728 V FfmpegTools: Retrieving duration of /storage/emulated/0/Download/Nearby/20200312_194930!000.mp4
07-04 22:33:59.900 21934 26728 W Summariser: 1 active sections found
07-04 22:33:59.900 21934 26728 I FfmpegTools: Running ffmpeg with:
07-04 22:33:59.900 21934 26728 I FfmpegTools:   -y -i /storage/emulated/0/Download/Nearby/20200312_194930!000.mp4 -filter_complex [0:v]trim=6.773000:16.070000,setpts=PTS-STARTPTS[v0];[0:a]atrim=6.773000:16.070000,asetpts=PTS-STARTPTS[a0];[v0][a0]concat=n=1:v=1:a=1[outv][outa] -map [outv] -map [outa] -crf 23 -preset medium /storage/emulated/0/Movies/segment-sum/20200312_194930/20200312_194930!000.mp4
07-04 22:33:59.944 21934 22850 W mobile-ffmpeg: [graph 0 input from stream 0:0 @ 0x7a58e0f2c0] sws_param option is deprecated and ignored
07-04 22:34:09.242 21934 26728 V FfmpegTools: Retrieving duration of /storage/emulated/0/Download/Nearby/20200312_194930!000.mp4
07-04 22:34:09.265 21934 26728 V FfmpegTools: Retrieving duration of /storage/emulated/0/Movies/segment-sum/20200312_194930/20200312_194930!000.mp4
07-04 22:34:09.282 21934 26728 W Summariser: Summarisation completed
07-04 22:34:09.282 21934 26728 W Summariser:   filename: 20200312_194930!000.mp4
07-04 22:34:09.282 21934 26728 W Summariser:   active sections: 1
07-04 22:34:09.282 21934 26728 W Summariser:   time: 11.386s
07-04 22:34:09.282 21934 26728 W Summariser:   original duration: 16.07
07-04 22:34:09.282 21934 26728 W Summariser:   summarised duration: 9.36
07-04 22:34:09.282 21934 26728 W Summariser:   noise tolerance: 45.00
07-04 22:34:09.282 21934 26728 W Summariser:   quality: 23
07-04 22:34:09.282 21934 26728 W Summariser:   speed: medium
07-04 22:34:09.282 21934 26728 W Summariser:   freeze duration: 1.00
07-04 22:34:09.282 21934 26728 V VideoManager: Retrieving video from /storage/emulated/0/Movies/segment-sum/20200312_194930/20200312_194930!000.mp4
07-04 22:34:09.289 21934 26728 D VideoManager: videoCursor is null
07-04 22:34:09.340 21934 26728 V VideoManager: videoFromCursor
07-04 22:34:09.343 21934 26728 W NearbyFragment: Sending 20200312_194930!000.mp4 to Nexus 5X [34d8]
07-04 22:34:09.343 21934 26728 V ProcessingVideosEventHandler: onRemove
07-04 22:34:09.363 21934 21934 V NearbyFragment: Transfer to Endpoint{id=hgvm, name=Nexus 5X [34d8]} complete
07-04 22:34:09.444 21934 24421 D SummariserIntentService: Scanned /storage/emulated/0/Movies/summarised
07-04 22:34:09.444 21934 24421 D SummariserIntentService:   -> uri=content://media/external/file/137797
07-04 22:34:09.445 21934 21934 D NearbyFragment: onPayloadReceived(endpointId=hgvm, payload=com.google.android.gms.nearby.connection.Payload@26dc08c)
07-04 22:34:09.446 21934 21934 V NearbyFragment: Started downloading SUMMARISE_SEGMENT:-6517926049255375165:20200312_194930!002.mp4:45.0_1.0_23_medium from Endpoint{id=hgvm, name=Nexus 5X [34d8]}
07-04 22:34:09.469 21934 21934 V NearbyFragment: Transfer to Endpoint{id=hgvm, name=Nexus 5X [34d8]} complete
07-04 22:34:09.478 21934 21934 V NearbyFragment: Transfer to Endpoint{id=hgvm, name=Nexus 5X [34d8]} complete
07-04 22:34:09.669 21934 21934 D NearbyFragment: onPayloadReceived(endpointId=hgvm, payload=com.google.android.gms.nearby.connection.Payload@1add3d5)
07-04 22:34:15.744 21934 21934 V NearbyFragment: Transfer to Endpoint{id=hgvm, name=Nexus 5X [34d8]} complete
07-04 22:34:15.747 21934 21934 W NearbyFragment: Completed downloading 20200312_194930!002.mp4 from Endpoint{id=hgvm, name=Nexus 5X [34d8]} in 06.298s
07-04 22:34:15.765 21934 21934 V FileManager: External storage is readable
07-04 22:34:15.766 21934 21934 V FileManager: Directory already exists: /storage/emulated/0/Movies/segment-sum/20200312_194930
07-04 22:34:15.767 21934 21934 D NearbyFragment: Summarising 20200312_194930!002.mp4
07-04 22:34:15.767 21934 21934 V VideoManager: Retrieving video from /storage/emulated/0/Download/Nearby/20200312_194930!002.mp4
07-04 22:34:15.783 21934 21934 D VideoManager: videoCursor is null
07-04 22:34:15.839 21934 21934 V VideoManager: videoFromCursor
07-04 22:34:15.843 21934 21934 V ProcessingVideosEventHandler: onAdd
07-04 22:34:15.844 21934 21934 V RawFootageEventHandler: onRemove
07-04 22:34:15.853 21934 21934 V NearbyFragment: Transfer to Endpoint{id=hgvm, name=Nexus 5X [34d8]} complete
07-04 22:34:15.861 21934 26800 V SummariserIntentService: onHandleIntent
07-04 22:34:15.863 21934 26800 D SummariserIntentService: Video{id='138015', data='/storage/emulated/0/Download/Nearby/20200312_194930!002.mp4', name='20200312_194930!002.mp4', size=16865486, visible=true, mimeType='video/mp4'}
07-04 22:34:15.863 21934 26800 D SummariserIntentService: /storage/emulated/0/Movies/segment-sum/20200312_194930/20200312_194930!002.mp4
07-04 22:34:16.063 21934 22850 W mobile-ffmpeg: [graph 0 input from stream 0:0 @ 0x7a58e0f500] sws_param option is deprecated and ignored
07-04 22:34:17.887 21934 26800 W Summariser: No activity detected
07-04 22:34:17.888 21934 26800 V FfmpegTools: Retrieving duration of /storage/emulated/0/Download/Nearby/20200312_194930!002.mp4
07-04 22:34:17.924 21934 26800 W Summariser: Summarisation completed
07-04 22:34:17.924 21934 26800 W Summariser:   filename: 20200312_194930!002.mp4
07-04 22:34:17.924 21934 26800 W Summariser:   active sections: 0
07-04 22:34:17.924 21934 26800 W Summariser:   time: 02.024s
07-04 22:34:17.924 21934 26800 W Summariser:   original duration: 16.01
07-04 22:34:17.924 21934 26800 W Summariser:   summarised duration: -1.00
07-04 22:34:17.924 21934 26800 W Summariser:   noise tolerance: 45.00
07-04 22:34:17.924 21934 26800 W Summariser:   quality: 23
07-04 22:34:17.924 21934 26800 W Summariser:   speed: medium
07-04 22:34:17.924 21934 26800 W Summariser:   freeze duration: 1.00
07-04 22:34:17.924 21934 26800 V ProcessingVideosEventHandler: onRemove
07-04 22:34:17.950 21934 21934 V NearbyFragment: Transfer to Endpoint{id=hgvm, name=Nexus 5X [34d8]} complete
07-04 22:34:18.006 21934 24421 D SummariserIntentService: Scanned /storage/emulated/0/Movies/summarised
07-04 22:34:18.006 21934 24421 D SummariserIntentService:   -> uri=content://media/external/file/137797
07-04 22:34:18.019 21934 21934 D NearbyFragment: onPayloadReceived(endpointId=hgvm, payload=com.google.android.gms.nearby.connection.Payload@d99ea42)
07-04 22:34:18.019 21934 21934 V NearbyFragment: Started downloading SUMMARISE_SEGMENT:-8809593444217299628:20200312_194930!003.mp4:45.0_1.0_23_medium from Endpoint{id=hgvm, name=Nexus 5X [34d8]}
07-04 22:34:18.032 21934 21934 V NearbyFragment: Transfer to Endpoint{id=hgvm, name=Nexus 5X [34d8]} complete
07-04 22:34:18.076 21934 21934 D NearbyFragment: onPayloadReceived(endpointId=hgvm, payload=com.google.android.gms.nearby.connection.Payload@f50a53)
07-04 22:34:20.568 21934 21934 V NearbyFragment: Transfer to Endpoint{id=hgvm, name=Nexus 5X [34d8]} complete
07-04 22:34:20.575 21934 21934 W NearbyFragment: Completed downloading 20200312_194930!003.mp4 from Endpoint{id=hgvm, name=Nexus 5X [34d8]} in 02.550s
07-04 22:34:20.588 21934 21934 V FileManager: External storage is readable
07-04 22:34:20.589 21934 21934 V FileManager: Directory already exists: /storage/emulated/0/Movies/segment-sum/20200312_194930
07-04 22:34:20.590 21934 21934 D NearbyFragment: Summarising 20200312_194930!003.mp4
07-04 22:34:20.590 21934 21934 V VideoManager: Retrieving video from /storage/emulated/0/Download/Nearby/20200312_194930!003.mp4
07-04 22:34:20.603 21934 21934 D VideoManager: videoCursor is null
07-04 22:34:20.645 21934 21934 V VideoManager: videoFromCursor
07-04 22:34:20.649 21934 21934 V ProcessingVideosEventHandler: onAdd
07-04 22:34:20.650 21934 21934 V RawFootageEventHandler: onRemove
07-04 22:34:20.657 21934 21934 V NearbyFragment: Transfer to Endpoint{id=hgvm, name=Nexus 5X [34d8]} complete
07-04 22:34:20.665 21934 26832 V SummariserIntentService: onHandleIntent
07-04 22:34:20.666 21934 26832 D SummariserIntentService: Video{id='138016', data='/storage/emulated/0/Download/Nearby/20200312_194930!003.mp4', name='20200312_194930!003.mp4', size=12672704, visible=true, mimeType='video/mp4'}
07-04 22:34:20.666 21934 26832 D SummariserIntentService: /storage/emulated/0/Movies/segment-sum/20200312_194930/20200312_194930!003.mp4
07-04 22:34:20.810 21934 22850 W mobile-ffmpeg: [graph 0 input from stream 0:0 @ 0x7a58e0f500] sws_param option is deprecated and ignored
07-04 22:34:22.352 21934 26832 V FfmpegTools: Retrieving duration of /storage/emulated/0/Download/Nearby/20200312_194930!003.mp4
07-04 22:34:22.376 21934 26832 W Summariser: 1 active sections found
07-04 22:34:22.376 21934 26832 I FfmpegTools: Running ffmpeg with:
07-04 22:34:22.376 21934 26832 I FfmpegTools:   -y -i /storage/emulated/0/Download/Nearby/20200312_194930!003.mp4 -filter_complex [0:v]trim=1.101000:12.010000,setpts=PTS-STARTPTS[v0];[0:a]atrim=1.101000:12.010000,asetpts=PTS-STARTPTS[a0];[v0][a0]concat=n=1:v=1:a=1[outv][outa] -map [outv] -map [outa] -crf 23 -preset medium /storage/emulated/0/Movies/segment-sum/20200312_194930/20200312_194930!003.mp4
07-04 22:34:22.421 21934 22850 W mobile-ffmpeg: [graph 0 input from stream 0:0 @ 0x7a58e0f2c0] sws_param option is deprecated and ignored
07-04 22:34:33.113 21934 26832 V FfmpegTools: Retrieving duration of /storage/emulated/0/Download/Nearby/20200312_194930!003.mp4
07-04 22:34:33.136 21934 26832 V FfmpegTools: Retrieving duration of /storage/emulated/0/Movies/segment-sum/20200312_194930/20200312_194930!003.mp4
07-04 22:34:33.154 21934 26832 W Summariser: Summarisation completed
07-04 22:34:33.154 21934 26832 W Summariser:   filename: 20200312_194930!003.mp4
07-04 22:34:33.154 21934 26832 W Summariser:   active sections: 1
07-04 22:34:33.154 21934 26832 W Summariser:   time: 12.446s
07-04 22:34:33.154 21934 26832 W Summariser:   original duration: 12.01
07-04 22:34:33.154 21934 26832 W Summariser:   summarised duration: 10.95
07-04 22:34:33.154 21934 26832 W Summariser:   noise tolerance: 45.00
07-04 22:34:33.154 21934 26832 W Summariser:   quality: 23
07-04 22:34:33.154 21934 26832 W Summariser:   speed: medium
07-04 22:34:33.154 21934 26832 W Summariser:   freeze duration: 1.00
07-04 22:34:33.154 21934 26832 V VideoManager: Retrieving video from /storage/emulated/0/Movies/segment-sum/20200312_194930/20200312_194930!003.mp4
07-04 22:34:33.166 21934 26832 D VideoManager: videoCursor is null
07-04 22:34:33.235 21934 26832 V VideoManager: videoFromCursor
07-04 22:34:33.241 21934 26832 W NearbyFragment: Sending 20200312_194930!003.mp4 to Nexus 5X [34d8]
07-04 22:34:33.244 21934 26832 V ProcessingVideosEventHandler: onRemove
07-04 22:34:33.264 21934 21934 V NearbyFragment: Transfer to Endpoint{id=hgvm, name=Nexus 5X [34d8]} complete
07-04 22:34:33.320 21934 24559 D SummariserIntentService: Scanned /storage/emulated/0/Movies/summarised
07-04 22:34:33.320 21934 24559 D SummariserIntentService:   -> uri=content://media/external/file/137797
07-04 22:34:33.352 21934 21934 D NearbyFragment: onPayloadReceived(endpointId=hgvm, payload=com.google.android.gms.nearby.connection.Payload@bdb77c1)
07-04 22:34:33.353 21934 21934 V NearbyFragment: Started downloading SUMMARISE_SEGMENT:-5254070776146316272:20200312_195230!001.mp4:45.0_1.0_23_medium from Endpoint{id=hgvm, name=Nexus 5X [34d8]}
07-04 22:34:33.368 21934 21934 V NearbyFragment: Transfer to Endpoint{id=hgvm, name=Nexus 5X [34d8]} complete
07-04 22:34:33.404 21934 21934 V NearbyFragment: Transfer to Endpoint{id=hgvm, name=Nexus 5X [34d8]} complete
07-04 22:34:33.461 21934 21934 D NearbyFragment: onPayloadReceived(endpointId=hgvm, payload=com.google.android.gms.nearby.connection.Payload@b34fb66)
07-04 22:34:36.502 21934 21934 V NearbyFragment: Transfer to Endpoint{id=hgvm, name=Nexus 5X [34d8]} complete
07-04 22:34:36.503 21934 21934 W NearbyFragment: Completed downloading 20200312_195230!001.mp4 from Endpoint{id=hgvm, name=Nexus 5X [34d8]} in 03.148s
07-04 22:34:36.511 21934 21934 V FileManager: External storage is readable
07-04 22:34:36.515 21934 21934 V FileManager: Created new directory: /storage/emulated/0/Movies/segment-sum/20200312_195230
07-04 22:34:36.515 21934 21934 D NearbyFragment: Summarising 20200312_195230!001.mp4
07-04 22:34:36.516 21934 21934 V VideoManager: Retrieving video from /storage/emulated/0/Download/Nearby/20200312_195230!001.mp4
07-04 22:34:36.530 21934 21934 D VideoManager: videoCursor is null
07-04 22:34:36.561 21934 21934 V VideoManager: videoFromCursor
07-04 22:34:36.565 21934 21934 V ProcessingVideosEventHandler: onAdd
07-04 22:34:36.565 21934 21934 V RawFootageEventHandler: onRemove
07-04 22:34:36.571 21934 21934 V NearbyFragment: Transfer to Endpoint{id=hgvm, name=Nexus 5X [34d8]} complete
07-04 22:34:36.578 21934 26897 V SummariserIntentService: onHandleIntent
07-04 22:34:36.580 21934 26897 D SummariserIntentService: Video{id='138018', data='/storage/emulated/0/Download/Nearby/20200312_195230!001.mp4', name='20200312_195230!001.mp4', size=16800000, visible=true, mimeType='video/mp4'}
07-04 22:34:36.580 21934 26897 D SummariserIntentService: /storage/emulated/0/Movies/segment-sum/20200312_195230/20200312_195230!001.mp4
07-04 22:34:36.795 21934 22850 W mobile-ffmpeg: [graph 0 input from stream 0:0 @ 0x7a58e0f500] sws_param option is deprecated and ignored
07-04 22:34:38.620 21934 26897 W Summariser: 1 active sections found
07-04 22:34:38.620 21934 26897 I FfmpegTools: Running ffmpeg with:
07-04 22:34:38.620 21934 26897 I FfmpegTools:   -y -i /storage/emulated/0/Download/Nearby/20200312_195230!001.mp4 -filter_complex [0:v]trim=6.005000:12.911000,setpts=PTS-STARTPTS[v0];[0:a]atrim=6.005000:12.911000,asetpts=PTS-STARTPTS[a0];[v0][a0]concat=n=1:v=1:a=1[outv][outa] -map [outv] -map [outa] -crf 23 -preset medium /storage/emulated/0/Movies/segment-sum/20200312_195230/20200312_195230!001.mp4
07-04 22:34:38.679 21934 22850 W mobile-ffmpeg: [graph 0 input from stream 0:0 @ 0x7a58e0f2c0] sws_param option is deprecated and ignored
07-04 22:34:46.278 21934 26897 V FfmpegTools: Retrieving duration of /storage/emulated/0/Download/Nearby/20200312_195230!001.mp4
07-04 22:34:46.316 21934 26897 V FfmpegTools: Retrieving duration of /storage/emulated/0/Movies/segment-sum/20200312_195230/20200312_195230!001.mp4
07-04 22:34:46.333 21934 26897 W Summariser: Summarisation completed
07-04 22:34:46.333 21934 26897 W Summariser:   filename: 20200312_195230!001.mp4
07-04 22:34:46.333 21934 26897 W Summariser:   active sections: 1
07-04 22:34:46.333 21934 26897 W Summariser:   time: 09.697s
07-04 22:34:46.333 21934 26897 W Summariser:   original duration: 16.01
07-04 22:34:46.333 21934 26897 W Summariser:   summarised duration: 6.97
07-04 22:34:46.333 21934 26897 W Summariser:   noise tolerance: 45.00
07-04 22:34:46.333 21934 26897 W Summariser:   quality: 23
07-04 22:34:46.333 21934 26897 W Summariser:   speed: medium
07-04 22:34:46.333 21934 26897 W Summariser:   freeze duration: 1.00
07-04 22:34:46.333 21934 26897 V VideoManager: Retrieving video from /storage/emulated/0/Movies/segment-sum/20200312_195230/20200312_195230!001.mp4
07-04 22:34:46.340 21934 26897 D VideoManager: videoCursor is null
07-04 22:34:46.380 21934 26897 V VideoManager: videoFromCursor
07-04 22:34:46.383 21934 26897 W NearbyFragment: Sending 20200312_195230!001.mp4 to Nexus 5X [34d8]
07-04 22:34:46.384 21934 26897 V ProcessingVideosEventHandler: onRemove
07-04 22:34:46.394 21934 21934 V NearbyFragment: Transfer to Endpoint{id=hgvm, name=Nexus 5X [34d8]} complete
07-04 22:34:46.527 21934 22943 D SummariserIntentService: Scanned /storage/emulated/0/Movies/summarised
07-04 22:34:46.527 21934 22943 D SummariserIntentService:   -> uri=content://media/external/file/137797
07-04 22:34:46.534 21934 21934 V NearbyFragment: Transfer to Endpoint{id=hgvm, name=Nexus 5X [34d8]} complete
07-04 22:34:46.538 21934 21934 D NearbyFragment: onPayloadReceived(endpointId=hgvm, payload=com.google.android.gms.nearby.connection.Payload@dac74ec)
07-04 22:34:46.539 21934 21934 V NearbyFragment: Started downloading SUMMARISE_SEGMENT:-6575164022570045486:20200312_195230!002.mp4:45.0_1.0_23_medium from Endpoint{id=hgvm, name=Nexus 5X [34d8]}
07-04 22:34:46.543 21934 21934 V NearbyFragment: Transfer to Endpoint{id=hgvm, name=Nexus 5X [34d8]} complete
07-04 22:34:46.583 21934 21934 D NearbyFragment: onPayloadReceived(endpointId=hgvm, payload=com.google.android.gms.nearby.connection.Payload@895e0b5)
07-04 22:34:49.692 21934 21934 V NearbyFragment: Transfer to Endpoint{id=hgvm, name=Nexus 5X [34d8]} complete
07-04 22:34:49.693 21934 21934 W NearbyFragment: Completed downloading 20200312_195230!002.mp4 from Endpoint{id=hgvm, name=Nexus 5X [34d8]} in 03.153s
07-04 22:34:49.700 21934 21934 V FileManager: External storage is readable
07-04 22:34:49.701 21934 21934 V FileManager: Directory already exists: /storage/emulated/0/Movies/segment-sum/20200312_195230
07-04 22:34:49.701 21934 21934 D NearbyFragment: Summarising 20200312_195230!002.mp4
07-04 22:34:49.702 21934 21934 V VideoManager: Retrieving video from /storage/emulated/0/Download/Nearby/20200312_195230!002.mp4
07-04 22:34:49.711 21934 21934 D VideoManager: videoCursor is null
07-04 22:34:49.742 21934 21934 V VideoManager: videoFromCursor
07-04 22:34:49.745 21934 21934 V ProcessingVideosEventHandler: onAdd
07-04 22:34:49.745 21934 21934 V RawFootageEventHandler: onRemove
07-04 22:34:49.751 21934 21934 V NearbyFragment: Transfer to Endpoint{id=hgvm, name=Nexus 5X [34d8]} complete
07-04 22:34:49.756 21934 26968 V SummariserIntentService: onHandleIntent
07-04 22:34:49.759 21934 26968 D SummariserIntentService: Video{id='138021', data='/storage/emulated/0/Download/Nearby/20200312_195230!002.mp4', name='20200312_195230!002.mp4', size=16981034, visible=true, mimeType='video/mp4'}
07-04 22:34:49.759 21934 26968 D SummariserIntentService: /storage/emulated/0/Movies/segment-sum/20200312_195230/20200312_195230!002.mp4
07-04 22:34:49.963 21934 22850 W mobile-ffmpeg: [graph 0 input from stream 0:0 @ 0x7a58e0f500] sws_param option is deprecated and ignored
07-04 22:34:51.741 21934 26968 W Summariser: No activity detected
07-04 22:34:51.741 21934 26968 V FfmpegTools: Retrieving duration of /storage/emulated/0/Download/Nearby/20200312_195230!002.mp4
07-04 22:34:51.777 21934 26968 W Summariser: Summarisation completed
07-04 22:34:51.777 21934 26968 W Summariser:   filename: 20200312_195230!002.mp4
07-04 22:34:51.777 21934 26968 W Summariser:   active sections: 0
07-04 22:34:51.777 21934 26968 W Summariser:   time: 01.981s
07-04 22:34:51.777 21934 26968 W Summariser:   original duration: 16.01
07-04 22:34:51.777 21934 26968 W Summariser:   summarised duration: -1.00
07-04 22:34:51.777 21934 26968 W Summariser:   noise tolerance: 45.00
07-04 22:34:51.777 21934 26968 W Summariser:   quality: 23
07-04 22:34:51.777 21934 26968 W Summariser:   speed: medium
07-04 22:34:51.777 21934 26968 W Summariser:   freeze duration: 1.00
07-04 22:34:51.777 21934 26968 V ProcessingVideosEventHandler: onRemove
07-04 22:34:51.792 21934 21934 V NearbyFragment: Transfer to Endpoint{id=hgvm, name=Nexus 5X [34d8]} complete
07-04 22:34:51.834 21934 21934 D NearbyFragment: onPayloadReceived(endpointId=hgvm, payload=com.google.android.gms.nearby.connection.Payload@5e2e33)
07-04 22:34:51.834 21934 21934 V NearbyFragment: Started downloading SUMMARISE_SEGMENT:-8489153022959880890:20200312_195230!003.mp4:45.0_1.0_23_medium from Endpoint{id=hgvm, name=Nexus 5X [34d8]}
07-04 22:34:51.836 21934 21934 V NearbyFragment: Transfer to Endpoint{id=hgvm, name=Nexus 5X [34d8]} complete
07-04 22:34:51.840 21934 24421 D SummariserIntentService: Scanned /storage/emulated/0/Movies/summarised
07-04 22:34:51.840 21934 24421 D SummariserIntentService:   -> uri=content://media/external/file/137797
07-04 22:34:52.036 21934 21934 D NearbyFragment: onPayloadReceived(endpointId=hgvm, payload=com.google.android.gms.nearby.connection.Payload@89f65f0)
07-04 22:34:57.677 21934 21934 V NearbyFragment: Transfer to Endpoint{id=hgvm, name=Nexus 5X [34d8]} complete
07-04 22:34:57.680 21934 21934 W NearbyFragment: Completed downloading 20200312_195230!003.mp4 from Endpoint{id=hgvm, name=Nexus 5X [34d8]} in 05.843s
07-04 22:34:57.698 21934 21934 V FileManager: External storage is readable
07-04 22:34:57.700 21934 21934 V FileManager: Directory already exists: /storage/emulated/0/Movies/segment-sum/20200312_195230
07-04 22:34:57.702 21934 21934 D NearbyFragment: Summarising 20200312_195230!003.mp4
07-04 22:34:57.703 21934 21934 V VideoManager: Retrieving video from /storage/emulated/0/Download/Nearby/20200312_195230!003.mp4
07-04 22:34:57.721 21934 21934 D VideoManager: videoCursor is null
07-04 22:34:57.779 21934 21934 V VideoManager: videoFromCursor
07-04 22:34:57.784 21934 21934 V ProcessingVideosEventHandler: onAdd
07-04 22:34:57.784 21934 21934 V RawFootageEventHandler: onRemove
07-04 22:34:57.794 21934 21934 V NearbyFragment: Transfer to Endpoint{id=hgvm, name=Nexus 5X [34d8]} complete
07-04 22:34:57.802 21934 26997 V SummariserIntentService: onHandleIntent
07-04 22:34:57.803 21934 26997 D SummariserIntentService: Video{id='138022', data='/storage/emulated/0/Download/Nearby/20200312_195230!003.mp4', name='20200312_195230!003.mp4', size=12662984, visible=true, mimeType='video/mp4'}
07-04 22:34:57.803 21934 26997 D SummariserIntentService: /storage/emulated/0/Movies/segment-sum/20200312_195230/20200312_195230!003.mp4
07-04 22:34:57.952 21934 22850 W mobile-ffmpeg: [graph 0 input from stream 0:0 @ 0x7a58e0f500] sws_param option is deprecated and ignored
07-04 22:34:59.382 21934 26997 W Summariser: No activity detected
07-04 22:34:59.383 21934 26997 V FfmpegTools: Retrieving duration of /storage/emulated/0/Download/Nearby/20200312_195230!003.mp4
07-04 22:34:59.406 21934 26997 W Summariser: Summarisation completed
07-04 22:34:59.406 21934 26997 W Summariser:   filename: 20200312_195230!003.mp4
07-04 22:34:59.406 21934 26997 W Summariser:   active sections: 0
07-04 22:34:59.406 21934 26997 W Summariser:   time: 01.578s
07-04 22:34:59.406 21934 26997 W Summariser:   original duration: 12.01
07-04 22:34:59.406 21934 26997 W Summariser:   summarised duration: -1.00
07-04 22:34:59.406 21934 26997 W Summariser:   noise tolerance: 45.00
07-04 22:34:59.406 21934 26997 W Summariser:   quality: 23
07-04 22:34:59.406 21934 26997 W Summariser:   speed: medium
07-04 22:34:59.406 21934 26997 W Summariser:   freeze duration: 1.00
07-04 22:34:59.407 21934 26997 V ProcessingVideosEventHandler: onRemove
07-04 22:34:59.425 21934 21934 V NearbyFragment: Transfer to Endpoint{id=hgvm, name=Nexus 5X [34d8]} complete
07-04 22:34:59.468 21934 24421 D SummariserIntentService: Scanned /storage/emulated/0/Movies/summarised
07-04 22:34:59.468 21934 24421 D SummariserIntentService:   -> uri=content://media/external/file/137797
07-04 22:34:59.480 21934 21934 D NearbyFragment: onPayloadReceived(endpointId=hgvm, payload=com.google.android.gms.nearby.connection.Payload@2cbeaa1)
07-04 22:34:59.480 21934 21934 V NearbyFragment: Started downloading SUMMARISE_SEGMENT:-5515037775907767140:20200312_195330!000.mp4:45.0_1.0_23_medium from Endpoint{id=hgvm, name=Nexus 5X [34d8]}
07-04 22:34:59.491 21934 21934 V NearbyFragment: Transfer to Endpoint{id=hgvm, name=Nexus 5X [34d8]} complete
07-04 22:34:59.558 21934 21934 D NearbyFragment: onPayloadReceived(endpointId=hgvm, payload=com.google.android.gms.nearby.connection.Payload@bd624c6)
07-04 22:35:02.477 21934 21934 V NearbyFragment: Transfer to Endpoint{id=hgvm, name=Nexus 5X [34d8]} complete
07-04 22:35:02.478 21934 21934 W NearbyFragment: Completed downloading 20200312_195330!000.mp4 from Endpoint{id=hgvm, name=Nexus 5X [34d8]} in 02.997s
07-04 22:35:02.487 21934 21934 V FileManager: External storage is readable
07-04 22:35:02.490 21934 21934 V FileManager: Created new directory: /storage/emulated/0/Movies/segment-sum/20200312_195330
07-04 22:35:02.491 21934 21934 D NearbyFragment: Summarising 20200312_195330!000.mp4
07-04 22:35:02.491 21934 21934 V VideoManager: Retrieving video from /storage/emulated/0/Download/Nearby/20200312_195330!000.mp4
07-04 22:35:02.504 21934 21934 D VideoManager: videoCursor is null
07-04 22:35:02.553 21934 21934 V VideoManager: videoFromCursor
07-04 22:35:02.557 21934 21934 V ProcessingVideosEventHandler: onAdd
07-04 22:35:02.558 21934 21934 V RawFootageEventHandler: onRemove
07-04 22:35:02.565 21934 21934 V NearbyFragment: Transfer to Endpoint{id=hgvm, name=Nexus 5X [34d8]} complete
07-04 22:35:02.573 21934 27027 V SummariserIntentService: onHandleIntent
07-04 22:35:02.575 21934 27027 D SummariserIntentService: Video{id='138023', data='/storage/emulated/0/Download/Nearby/20200312_195330!000.mp4', name='20200312_195330!000.mp4', size=16869597, visible=true, mimeType='video/mp4'}
07-04 22:35:02.575 21934 27027 D SummariserIntentService: /storage/emulated/0/Movies/segment-sum/20200312_195330/20200312_195330!000.mp4
07-04 22:35:02.735 21934 22850 W mobile-ffmpeg: [graph 0 input from stream 0:0 @ 0x7a58e0f500] sws_param option is deprecated and ignored
07-04 22:35:04.635 21934 27027 V FfmpegTools: Retrieving duration of /storage/emulated/0/Download/Nearby/20200312_195330!000.mp4
07-04 22:35:04.660 21934 27027 W Summariser: 1 active sections found
07-04 22:35:04.660 21934 27027 I FfmpegTools: Running ffmpeg with:
07-04 22:35:04.660 21934 27027 I FfmpegTools:   -y -i /storage/emulated/0/Download/Nearby/20200312_195330!000.mp4 -filter_complex [0:v]trim=15.014000:16.070000,setpts=PTS-STARTPTS[v0];[0:a]atrim=15.014000:16.070000,asetpts=PTS-STARTPTS[a0];[v0][a0]concat=n=1:v=1:a=1[outv][outa] -map [outv] -map [outa] -crf 23 -preset medium /storage/emulated/0/Movies/segment-sum/20200312_195330/20200312_195330!000.mp4
07-04 22:35:04.664 21934 21944 W System  : A resource failed to call close. 
07-04 22:35:04.706 21934 21944 I chatty  : uid=10568(com.example.edgesum) FinalizerDaemon identical 64 lines
07-04 22:35:04.706 21934 21944 W System  : A resource failed to call close. 
07-04 22:35:04.706 21934 22850 W mobile-ffmpeg: [graph 0 input from stream 0:0 @ 0x7a58e0f2c0] sws_param option is deprecated and ignored
07-04 22:35:04.706 21934 21944 W System  : A resource failed to call close. 
07-04 22:35:04.726 21934 21944 I chatty  : uid=10568(com.example.edgesum) FinalizerDaemon identical 24 lines
07-04 22:35:04.727 21934 21944 W System  : A resource failed to call close. 
07-04 22:35:07.375 21934 27027 V FfmpegTools: Retrieving duration of /storage/emulated/0/Download/Nearby/20200312_195330!000.mp4
07-04 22:35:07.399 21934 27027 V FfmpegTools: Retrieving duration of /storage/emulated/0/Movies/segment-sum/20200312_195330/20200312_195330!000.mp4
07-04 22:35:07.415 21934 27027 W Summariser: Summarisation completed
07-04 22:35:07.415 21934 27027 W Summariser:   filename: 20200312_195330!000.mp4
07-04 22:35:07.415 21934 27027 W Summariser:   active sections: 1
07-04 22:35:07.415 21934 27027 W Summariser:   time: 04.799s
07-04 22:35:07.415 21934 27027 W Summariser:   original duration: 16.07
07-04 22:35:07.415 21934 27027 W Summariser:   summarised duration: 1.11
07-04 22:35:07.415 21934 27027 W Summariser:   noise tolerance: 45.00
07-04 22:35:07.415 21934 27027 W Summariser:   quality: 23
07-04 22:35:07.415 21934 27027 W Summariser:   speed: medium
07-04 22:35:07.415 21934 27027 W Summariser:   freeze duration: 1.00
07-04 22:35:07.416 21934 27027 V VideoManager: Retrieving video from /storage/emulated/0/Movies/segment-sum/20200312_195330/20200312_195330!000.mp4
07-04 22:35:07.426 21934 27027 D VideoManager: videoCursor is null
07-04 22:35:07.454 21934 27027 V VideoManager: videoFromCursor
07-04 22:35:07.457 21934 27027 W NearbyFragment: Sending 20200312_195330!000.mp4 to Nexus 5X [34d8]
07-04 22:35:07.457 21934 27027 V ProcessingVideosEventHandler: onRemove
07-04 22:35:07.479 21934 21934 V NearbyFragment: Transfer to Endpoint{id=hgvm, name=Nexus 5X [34d8]} complete
07-04 22:35:07.492 21934 21934 V NearbyFragment: Transfer to Endpoint{id=hgvm, name=Nexus 5X [34d8]} complete
07-04 22:35:07.506 21934 21934 D NearbyFragment: onPayloadReceived(endpointId=hgvm, payload=com.google.android.gms.nearby.connection.Payload@79cd94c)
07-04 22:35:07.507 21934 21934 V NearbyFragment: Started downloading SUMMARISE_SEGMENT:-8037675306822709535:20200312_195330!001.mp4:45.0_1.0_23_medium from Endpoint{id=hgvm, name=Nexus 5X [34d8]}
07-04 22:35:07.509 21934 21934 V NearbyFragment: Transfer to Endpoint{id=hgvm, name=Nexus 5X [34d8]} complete
07-04 22:35:07.525 21934 23373 D SummariserIntentService: Scanned /storage/emulated/0/Movies/summarised
07-04 22:35:07.525 21934 23373 D SummariserIntentService:   -> uri=content://media/external/file/137797
07-04 22:35:07.539 21934 21934 D NearbyFragment: onPayloadReceived(endpointId=hgvm, payload=com.google.android.gms.nearby.connection.Payload@4c5dd95)
07-04 22:35:10.656 21934 21934 V NearbyFragment: Transfer to Endpoint{id=hgvm, name=Nexus 5X [34d8]} complete
07-04 22:35:10.657 21934 21934 W NearbyFragment: Completed downloading 20200312_195330!001.mp4 from Endpoint{id=hgvm, name=Nexus 5X [34d8]} in 03.149s
07-04 22:35:10.665 21934 21934 V FileManager: External storage is readable
07-04 22:35:10.666 21934 21934 V FileManager: Directory already exists: /storage/emulated/0/Movies/segment-sum/20200312_195330
07-04 22:35:10.667 21934 21934 D NearbyFragment: Summarising 20200312_195330!001.mp4
07-04 22:35:10.667 21934 21934 V VideoManager: Retrieving video from /storage/emulated/0/Download/Nearby/20200312_195330!001.mp4
07-04 22:35:10.678 21934 21934 D VideoManager: videoCursor is null
07-04 22:35:10.715 21934 21934 V VideoManager: videoFromCursor
07-04 22:35:10.718 21934 21934 V ProcessingVideosEventHandler: onAdd
07-04 22:35:10.719 21934 21934 V RawFootageEventHandler: onRemove
07-04 22:35:10.724 21934 21934 V NearbyFragment: Transfer to Endpoint{id=hgvm, name=Nexus 5X [34d8]} complete
07-04 22:35:10.729 21934 27091 V SummariserIntentService: onHandleIntent
07-04 22:35:10.730 21934 27091 D SummariserIntentService: Video{id='138026', data='/storage/emulated/0/Download/Nearby/20200312_195330!001.mp4', name='20200312_195330!001.mp4', size=16792709, visible=true, mimeType='video/mp4'}
07-04 22:35:10.730 21934 27091 D SummariserIntentService: /storage/emulated/0/Movies/segment-sum/20200312_195330/20200312_195330!001.mp4
07-04 22:35:10.908 21934 22850 W mobile-ffmpeg: [graph 0 input from stream 0:0 @ 0x7a58e0f500] sws_param option is deprecated and ignored
07-04 22:35:12.912 21934 27091 W Summariser: 2 active sections found
07-04 22:35:12.912 21934 27091 I FfmpegTools: Running ffmpeg with:
07-04 22:35:12.912 21934 27091 I FfmpegTools:   -y -i /storage/emulated/0/Download/Nearby/20200312_195330!001.mp4 -filter_complex [0:v]trim=0.000000:7.040000,setpts=PTS-STARTPTS[v0];[0:a]atrim=0.000000:7.040000,asetpts=PTS-STARTPTS[a0];[0:v]trim=8.741000:12.545000,setpts=PTS-STARTPTS[v1];[0:a]atrim=8.741000:12.545000,asetpts=PTS-STARTPTS[a1];[v0][a0][v1][a1]concat=n=2:v=1:a=1[outv][outa] -map [outv] -map [outa] -crf 23 -preset medium /storage/emulated/0/Movies/segment-sum/20200312_195330/20200312_195330!001.mp4
07-04 22:35:12.971 21934 22850 W mobile-ffmpeg: [graph 0 input from stream 0:0 @ 0x7a58e0f740] sws_param option is deprecated and ignored
07-04 22:35:12.971 21934 22850 W mobile-ffmpeg: [graph 0 input from stream 0:0 @ 0x7a58e0f8c0] sws_param option is deprecated and ignored
07-04 22:35:23.630 21934 27091 V FfmpegTools: Retrieving duration of /storage/emulated/0/Download/Nearby/20200312_195330!001.mp4
07-04 22:35:23.667 21934 27091 V FfmpegTools: Retrieving duration of /storage/emulated/0/Movies/segment-sum/20200312_195330/20200312_195330!001.mp4
07-04 22:35:23.685 21934 27091 W Summariser: Summarisation completed
07-04 22:35:23.685 21934 27091 W Summariser:   filename: 20200312_195330!001.mp4
07-04 22:35:23.685 21934 27091 W Summariser:   active sections: 2
07-04 22:35:23.685 21934 27091 W Summariser:   time: 12.899s
07-04 22:35:23.685 21934 27091 W Summariser:   original duration: 16.02
07-04 22:35:23.685 21934 27091 W Summariser:   summarised duration: 10.91
07-04 22:35:23.685 21934 27091 W Summariser:   noise tolerance: 45.00
07-04 22:35:23.685 21934 27091 W Summariser:   quality: 23
07-04 22:35:23.685 21934 27091 W Summariser:   speed: medium
07-04 22:35:23.685 21934 27091 W Summariser:   freeze duration: 1.00
07-04 22:35:23.685 21934 27091 V VideoManager: Retrieving video from /storage/emulated/0/Movies/segment-sum/20200312_195330/20200312_195330!001.mp4
07-04 22:35:23.699 21934 27091 D VideoManager: videoCursor is null
07-04 22:35:23.767 21934 27091 V VideoManager: videoFromCursor
07-04 22:35:23.774 21934 27091 W NearbyFragment: Sending 20200312_195330!001.mp4 to Nexus 5X [34d8]
07-04 22:35:23.776 21934 27091 V ProcessingVideosEventHandler: onRemove
07-04 22:35:23.807 21934 21934 V NearbyFragment: Transfer to Endpoint{id=hgvm, name=Nexus 5X [34d8]} complete
07-04 22:35:23.849 21934 21934 D NearbyFragment: onPayloadReceived(endpointId=hgvm, payload=com.google.android.gms.nearby.connection.Payload@d66c213)
07-04 22:35:23.850 21934 21934 V NearbyFragment: Started downloading SUMMARISE_SEGMENT:-6783055153396941367:20200312_195330!002.mp4:45.0_1.0_23_medium from Endpoint{id=hgvm, name=Nexus 5X [34d8]}
07-04 22:35:23.876 21934 24421 D SummariserIntentService: Scanned /storage/emulated/0/Movies/summarised
07-04 22:35:23.876 21934 24421 D SummariserIntentService:   -> uri=content://media/external/file/137797
07-04 22:35:24.025 21934 21934 V NearbyFragment: Transfer to Endpoint{id=hgvm, name=Nexus 5X [34d8]} complete
07-04 22:35:24.065 21934 21934 V NearbyFragment: Transfer to Endpoint{id=hgvm, name=Nexus 5X [34d8]} complete
07-04 22:35:24.069 21934 21934 D NearbyFragment: onPayloadReceived(endpointId=hgvm, payload=com.google.android.gms.nearby.connection.Payload@1949c50)
07-04 22:35:25.881 21934 21934 V NearbyFragment: Transfer to Endpoint{id=hgvm, name=Nexus 5X [34d8]} complete
07-04 22:35:25.882 21934 21934 W NearbyFragment: Completed downloading 20200312_195330!002.mp4 from Endpoint{id=hgvm, name=Nexus 5X [34d8]} in 02.031s
07-04 22:35:25.891 21934 21934 V FileManager: External storage is readable
07-04 22:35:25.892 21934 21934 V FileManager: Directory already exists: /storage/emulated/0/Movies/segment-sum/20200312_195330
07-04 22:35:25.892 21934 21934 D NearbyFragment: Summarising 20200312_195330!002.mp4
07-04 22:35:25.893 21934 21934 V VideoManager: Retrieving video from /storage/emulated/0/Download/Nearby/20200312_195330!002.mp4
07-04 22:35:25.904 21934 21934 D VideoManager: videoCursor is null
07-04 22:35:25.933 21934 21934 V VideoManager: videoFromCursor
07-04 22:35:25.936 21934 21934 V ProcessingVideosEventHandler: onAdd
07-04 22:35:25.937 21934 21934 V RawFootageEventHandler: onRemove
07-04 22:35:25.945 21934 21934 V NearbyFragment: Transfer to Endpoint{id=hgvm, name=Nexus 5X [34d8]} complete
07-04 22:35:25.951 21934 27174 V SummariserIntentService: onHandleIntent
07-04 22:35:25.952 21934 27174 D SummariserIntentService: Video{id='138028', data='/storage/emulated/0/Download/Nearby/20200312_195330!002.mp4', name='20200312_195330!002.mp4', size=16908091, visible=true, mimeType='video/mp4'}
07-04 22:35:25.953 21934 27174 D SummariserIntentService: /storage/emulated/0/Movies/segment-sum/20200312_195330/20200312_195330!002.mp4
07-04 22:35:26.154 21934 22850 W mobile-ffmpeg: [graph 0 input from stream 0:0 @ 0x7a58e0f500] sws_param option is deprecated and ignored
07-04 22:35:28.027 21934 27174 V FfmpegTools: Retrieving duration of /storage/emulated/0/Download/Nearby/20200312_195330!002.mp4
07-04 22:35:28.065 21934 27174 W Summariser: 2 active sections found
07-04 22:35:28.065 21934 27174 I FfmpegTools: Running ffmpeg with:
07-04 22:35:28.065 21934 27174 I FfmpegTools:   -y -i /storage/emulated/0/Download/Nearby/20200312_195330!002.mp4 -filter_complex [0:v]trim=3.670000:7.940000,setpts=PTS-STARTPTS[v0];[0:a]atrim=3.670000:7.940000,asetpts=PTS-STARTPTS[a0];[0:v]trim=11.276000:16.010000,setpts=PTS-STARTPTS[v1];[0:a]atrim=11.276000:16.010000,asetpts=PTS-STARTPTS[a1];[v0][a0][v1][a1]concat=n=2:v=1:a=1[outv][outa] -map [outv] -map [outa] -crf 23 -preset medium /storage/emulated/0/Movies/segment-sum/20200312_195330/20200312_195330!002.mp4
07-04 22:35:28.126 21934 22850 W mobile-ffmpeg: [graph 0 input from stream 0:0 @ 0x7a58e0f500] sws_param option is deprecated and ignored
07-04 22:35:28.126 21934 22850 W mobile-ffmpeg: [graph 0 input from stream 0:0 @ 0x7a58e0f8c0] sws_param option is deprecated and ignored
07-04 22:35:36.454 21934 27174 V FfmpegTools: Retrieving duration of /storage/emulated/0/Download/Nearby/20200312_195330!002.mp4
07-04 22:35:36.491 21934 27174 V FfmpegTools: Retrieving duration of /storage/emulated/0/Movies/segment-sum/20200312_195330/20200312_195330!002.mp4
07-04 22:35:36.508 21934 27174 W Summariser: Summarisation completed
07-04 22:35:36.508 21934 27174 W Summariser:   filename: 20200312_195330!002.mp4
07-04 22:35:36.508 21934 27174 W Summariser:   active sections: 2
07-04 22:35:36.508 21934 27174 W Summariser:   time: 10.500s
07-04 22:35:36.508 21934 27174 W Summariser:   original duration: 16.01
07-04 22:35:36.508 21934 27174 W Summariser:   summarised duration: 9.07
07-04 22:35:36.508 21934 27174 W Summariser:   noise tolerance: 45.00
07-04 22:35:36.508 21934 27174 W Summariser:   quality: 23
07-04 22:35:36.508 21934 27174 W Summariser:   speed: medium
07-04 22:35:36.508 21934 27174 W Summariser:   freeze duration: 1.00
