07-04 22:31:46.523 21934 21934 D NearbyFragment: Summarising 20200312_194129!000.mp4
07-04 22:31:46.523 21934 21934 V VideoManager: Retrieving video from /storage/emulated/0/Download/Nearby/20200312_194129!000.mp4
07-04 22:31:46.537 21934 21934 D VideoManager: videoCursor is null
07-04 22:31:46.618 21934 21934 V VideoManager: videoFromCursor
07-04 22:31:46.623 21934 21934 V ProcessingVideosEventHandler: onAdd
07-04 22:31:46.624 21934 21934 V RawFootageEventHandler: onRemove
07-04 22:31:46.633 21934 21934 V NearbyFragment: Transfer to Endpoint{id=hgvm, name=Nexus 5X [34d8]} complete
07-04 22:31:46.642 21934 26007 V SummariserIntentService: onHandleIntent
07-04 22:31:46.643 21934 26007 D SummariserIntentService: Video{id='137988', data='/storage/emulated/0/Download/Nearby/20200312_194129!000.mp4', name='20200312_194129!000.mp4', size=16878473, visible=true, mimeType='video/mp4'}
07-04 22:31:46.643 21934 26007 D SummariserIntentService: /storage/emulated/0/Movies/segment-sum/20200312_194129/20200312_194129!000.mp4
07-04 22:31:46.816 21934 22850 W mobile-ffmpeg: [graph 0 input from stream 0:0 @ 0x7a58e0f500] sws_param option is deprecated and ignored
07-04 22:31:48.705 21934 26007 W Summariser: No activity detected
07-04 22:31:48.705 21934 26007 V FfmpegTools: Retrieving duration of /storage/emulated/0/Download/Nearby/20200312_194129!000.mp4
07-04 22:31:48.729 21934 26007 W Summariser: Summarisation completed
07-04 22:31:48.729 21934 26007 W Summariser:   filename: 20200312_194129!000.mp4
07-04 22:31:48.729 21934 26007 W Summariser:   active sections: 0
07-04 22:31:48.729 21934 26007 W Summariser:   time: 02.059s
07-04 22:31:48.729 21934 26007 W Summariser:   original duration: 16.07
07-04 22:31:48.729 21934 26007 W Summariser:   summarised duration: -1.00
07-04 22:31:48.729 21934 26007 W Summariser:   noise tolerance: 45.00
07-04 22:31:48.729 21934 26007 W Summariser:   quality: 23
07-04 22:31:48.729 21934 26007 W Summariser:   speed: medium
07-04 22:31:48.729 21934 26007 W Summariser:   freeze duration: 1.00
07-04 22:31:48.730 21934 26007 V ProcessingVideosEventHandler: onRemove
07-04 22:31:48.742 21934 21934 V NearbyFragment: Transfer to Endpoint{id=hgvm, name=Nexus 5X [34d8]} complete
07-04 22:31:48.815 21934 22943 D SummariserIntentService: Scanned /storage/emulated/0/Movies/summarised
07-04 22:31:48.815 21934 22943 D SummariserIntentService:   -> uri=content://media/external/file/137797
07-04 22:31:48.884 21934 21934 D NearbyFragment: onPayloadReceived(endpointId=hgvm, payload=com.google.android.gms.nearby.connection.Payload@734a375)
07-04 22:31:48.885 21934 21934 V NearbyFragment: Started downloading SUMMARISE_SEGMENT:-8810633097610819360:20200312_194129!001.mp4:45.0_1.0_23_medium from Endpoint{id=hgvm, name=Nexus 5X [34d8]}
07-04 22:31:48.888 21934 21934 V NearbyFragment: Transfer to Endpoint{id=hgvm, name=Nexus 5X [34d8]} complete
07-04 22:31:48.933 21934 21934 D NearbyFragment: onPayloadReceived(endpointId=hgvm, payload=com.google.android.gms.nearby.connection.Payload@cb56f0a)
07-04 22:31:51.321 21934 21934 V NearbyFragment: Transfer to Endpoint{id=hgvm, name=Nexus 5X [34d8]} complete
07-04 22:31:51.322 21934 21934 W NearbyFragment: Completed downloading 20200312_194129!001.mp4 from Endpoint{id=hgvm, name=Nexus 5X [34d8]} in 02.436s
07-04 22:31:51.331 21934 21934 V FileManager: External storage is readable
07-04 22:31:51.332 21934 21934 V FileManager: Directory already exists: /storage/emulated/0/Movies/segment-sum/20200312_194129
07-04 22:31:51.332 21934 21934 D NearbyFragment: Summarising 20200312_194129!001.mp4
07-04 22:31:51.333 21934 21934 V VideoManager: Retrieving video from /storage/emulated/0/Download/Nearby/20200312_194129!001.mp4
07-04 22:31:51.347 21934 21934 D VideoManager: videoCursor is null
07-04 22:31:51.389 21934 21934 V VideoManager: videoFromCursor
07-04 22:31:51.394 21934 21934 V ProcessingVideosEventHandler: onAdd
07-04 22:31:51.394 21934 21934 V RawFootageEventHandler: onRemove
07-04 22:31:51.402 21934 21934 V NearbyFragment: Transfer to Endpoint{id=hgvm, name=Nexus 5X [34d8]} complete
07-04 22:31:51.410 21934 26035 V SummariserIntentService: onHandleIntent
07-04 22:31:51.411 21934 26035 D SummariserIntentService: Video{id='137989', data='/storage/emulated/0/Download/Nearby/20200312_194129!001.mp4', name='20200312_194129!001.mp4', size=16870868, visible=true, mimeType='video/mp4'}
07-04 22:31:51.411 21934 26035 D SummariserIntentService: /storage/emulated/0/Movies/segment-sum/20200312_194129/20200312_194129!001.mp4
07-04 22:31:51.562 21934 22850 W mobile-ffmpeg: [graph 0 input from stream 0:0 @ 0x7a58e0f500] sws_param option is deprecated and ignored
07-04 22:31:53.428 21934 26035 V FfmpegTools: Retrieving duration of /storage/emulated/0/Download/Nearby/20200312_194129!001.mp4
07-04 22:31:53.466 21934 26035 W Summariser: 1 active sections found
07-04 22:31:53.466 21934 26035 I FfmpegTools: Running ffmpeg with:
07-04 22:31:53.466 21934 26035 I FfmpegTools:   -y -i /storage/emulated/0/Download/Nearby/20200312_194129!001.mp4 -filter_complex [0:v]trim=13.112000:16.020000,setpts=PTS-STARTPTS[v0];[0:a]atrim=13.112000:16.020000,asetpts=PTS-STARTPTS[a0];[v0][a0]concat=n=1:v=1:a=1[outv][outa] -map [outv] -map [outa] -crf 23 -preset medium /storage/emulated/0/Movies/segment-sum/20200312_194129/20200312_194129!001.mp4
07-04 22:31:53.528 21934 22850 W mobile-ffmpeg: [graph 0 input from stream 0:0 @ 0x7a58e0f2c0] sws_param option is deprecated and ignored
07-04 22:31:57.775 21934 26035 V FfmpegTools: Retrieving duration of /storage/emulated/0/Download/Nearby/20200312_194129!001.mp4
07-04 22:31:57.814 21934 26035 V FfmpegTools: Retrieving duration of /storage/emulated/0/Movies/segment-sum/20200312_194129/20200312_194129!001.mp4
07-04 22:31:57.831 21934 26035 W Summariser: Summarisation completed
07-04 22:31:57.831 21934 26035 W Summariser:   filename: 20200312_194129!001.mp4
07-04 22:31:57.831 21934 26035 W Summariser:   active sections: 1
07-04 22:31:57.831 21934 26035 W Summariser:   time: 06.363s
07-04 22:31:57.831 21934 26035 W Summariser:   original duration: 16.02
07-04 22:31:57.831 21934 26035 W Summariser:   summarised duration: 2.97
07-04 22:31:57.831 21934 26035 W Summariser:   noise tolerance: 45.00
07-04 22:31:57.831 21934 26035 W Summariser:   quality: 23
07-04 22:31:57.831 21934 26035 W Summariser:   speed: medium
07-04 22:31:57.831 21934 26035 W Summariser:   freeze duration: 1.00
07-04 22:31:57.831 21934 26035 V VideoManager: Retrieving video from /storage/emulated/0/Movies/segment-sum/20200312_194129/20200312_194129!001.mp4
07-04 22:31:57.845 21934 26035 D VideoManager: videoCursor is null
07-04 22:31:57.917 21934 26035 V VideoManager: videoFromCursor
07-04 22:31:57.922 21934 26035 W NearbyFragment: Sending 20200312_194129!001.mp4 to Nexus 5X [34d8]
07-04 22:31:57.925 21934 26035 V ProcessingVideosEventHandler: onRemove
07-04 22:31:57.955 21934 21934 V NearbyFragment: Transfer to Endpoint{id=hgvm, name=Nexus 5X [34d8]} complete
07-04 22:31:57.969 21934 21934 D NearbyFragment: onPayloadReceived(endpointId=hgvm, payload=com.google.android.gms.nearby.connection.Payload@7d08fb0)
07-04 22:31:57.970 21934 21934 V NearbyFragment: Started downloading SUMMARISE_SEGMENT:-8934120173907824408:20200312_194129!003.mp4:45.0_1.0_23_medium from Endpoint{id=hgvm, name=Nexus 5X [34d8]}
07-04 22:31:57.979 21934 21934 V NearbyFragment: Transfer to Endpoint{id=hgvm, name=Nexus 5X [34d8]} complete
07-04 22:31:57.992 21934 21934 V NearbyFragment: Transfer to Endpoint{id=hgvm, name=Nexus 5X [34d8]} complete
07-04 22:31:58.016 21934 21934 D NearbyFragment: onPayloadReceived(endpointId=hgvm, payload=com.google.android.gms.nearby.connection.Payload@1b4fe29)
07-04 22:31:58.024 21934 24559 D SummariserIntentService: Scanned /storage/emulated/0/Movies/summarised
07-04 22:31:58.024 21934 24559 D SummariserIntentService:   -> uri=content://media/external/file/137797
07-04 22:32:01.431 21934 21934 V NearbyFragment: Transfer to Endpoint{id=hgvm, name=Nexus 5X [34d8]} complete
07-04 22:32:01.432 21934 21934 W NearbyFragment: Completed downloading 20200312_194129!003.mp4 from Endpoint{id=hgvm, name=Nexus 5X [34d8]} in 03.461s
07-04 22:32:01.442 21934 21934 V FileManager: External storage is readable
07-04 22:32:01.443 21934 21934 V FileManager: Directory already exists: /storage/emulated/0/Movies/segment-sum/20200312_194129
07-04 22:32:01.444 21934 21934 D NearbyFragment: Summarising 20200312_194129!003.mp4
07-04 22:32:01.444 21934 21934 V VideoManager: Retrieving video from /storage/emulated/0/Download/Nearby/20200312_194129!003.mp4
07-04 22:32:01.460 21934 21934 D VideoManager: videoCursor is null
07-04 22:32:01.504 21934 21934 V VideoManager: videoFromCursor
07-04 22:32:01.509 21934 21934 V ProcessingVideosEventHandler: onAdd
07-04 22:32:01.510 21934 21934 V RawFootageEventHandler: onRemove
07-04 22:32:01.518 21934 21934 V NearbyFragment: Transfer to Endpoint{id=hgvm, name=Nexus 5X [34d8]} complete
07-04 22:32:01.526 21934 26104 V SummariserIntentService: onHandleIntent
07-04 22:32:01.527 21934 26104 D SummariserIntentService: Video{id='137992', data='/storage/emulated/0/Download/Nearby/20200312_194129!003.mp4', name='20200312_194129!003.mp4', size=12644882, visible=true, mimeType='video/mp4'}
07-04 22:32:01.528 21934 26104 D SummariserIntentService: /storage/emulated/0/Movies/segment-sum/20200312_194129/20200312_194129!003.mp4
07-04 22:32:01.708 21934 22850 W mobile-ffmpeg: [graph 0 input from stream 0:0 @ 0x7a58e0f500] sws_param option is deprecated and ignored
07-04 22:32:03.094 21934 26104 W Summariser: 1 active sections found
07-04 22:32:03.094 21934 26104 I FfmpegTools: Running ffmpeg with:
07-04 22:32:03.094 21934 26104 I FfmpegTools:   -y -i /storage/emulated/0/Download/Nearby/20200312_194129!003.mp4 -filter_complex [0:v]trim=1.868000:2.502000,setpts=PTS-STARTPTS[v0];[0:a]atrim=1.868000:2.502000,asetpts=PTS-STARTPTS[a0];[v0][a0]concat=n=1:v=1:a=1[outv][outa] -map [outv] -map [outa] -crf 23 -preset medium /storage/emulated/0/Movies/segment-sum/20200312_194129/20200312_194129!003.mp4
07-04 22:32:03.130 21934 21944 W System  : A resource failed to call close. 
07-04 22:32:03.183 21934 21944 I chatty  : uid=10568(com.example.edgesum) FinalizerDaemon identical 49 lines
07-04 22:32:03.183 21934 21944 W System  : A resource failed to call close. 
07-04 22:32:03.184 21934 22850 W mobile-ffmpeg: [graph 0 input from stream 0:0 @ 0x7a58e0f2c0] sws_param option is deprecated and ignored
07-04 22:32:03.186 21934 21944 W System  : A resource failed to call close. 
07-04 22:32:03.264 21934 21944 I chatty  : uid=10568(com.example.edgesum) FinalizerDaemon identical 71 lines
07-04 22:32:03.266 21934 21944 W System  : A resource failed to call close. 
07-04 22:32:04.074 21934 26104 V FfmpegTools: Retrieving duration of /storage/emulated/0/Download/Nearby/20200312_194129!003.mp4
07-04 22:32:04.098 21934 26104 V FfmpegTools: Retrieving duration of /storage/emulated/0/Movies/segment-sum/20200312_194129/20200312_194129!003.mp4
07-04 22:32:04.116 21934 26104 W Summariser: Summarisation completed
07-04 22:32:04.116 21934 26104 W Summariser:   filename: 20200312_194129!003.mp4
07-04 22:32:04.116 21934 26104 W Summariser:   active sections: 1
07-04 22:32:04.116 21934 26104 W Summariser:   time: 02.545s
07-04 22:32:04.116 21934 26104 W Summariser:   original duration: 12.03
07-04 22:32:04.116 21934 26104 W Summariser:   summarised duration: 0.70
07-04 22:32:04.116 21934 26104 W Summariser:   noise tolerance: 45.00
07-04 22:32:04.116 21934 26104 W Summariser:   quality: 23
07-04 22:32:04.116 21934 26104 W Summariser:   speed: medium
07-04 22:32:04.116 21934 26104 W Summariser:   freeze duration: 1.00
07-04 22:32:04.116 21934 26104 V VideoManager: Retrieving video from /storage/emulated/0/Movies/segment-sum/20200312_194129/20200312_194129!003.mp4
07-04 22:32:04.141 21934 26104 D VideoManager: videoCursor is null
07-04 22:32:04.189 21934 26104 V VideoManager: videoFromCursor
07-04 22:32:04.192 21934 26104 W NearbyFragment: Sending 20200312_194129!003.mp4 to Nexus 5X [34d8]
07-04 22:32:04.193 21934 26104 V ProcessingVideosEventHandler: onRemove
07-04 22:32:04.224 21934 21934 V NearbyFragment: Transfer to Endpoint{id=hgvm, name=Nexus 5X [34d8]} complete
07-04 22:32:04.224 21934 21934 V NearbyFragment: Transfer to Endpoint{id=hgvm, name=Nexus 5X [34d8]} complete
07-04 22:32:04.259 21934 21934 D NearbyFragment: onPayloadReceived(endpointId=hgvm, payload=com.google.android.gms.nearby.connection.Payload@3858947)
07-04 22:32:04.260 21934 21934 V NearbyFragment: Started downloading SUMMARISE_SEGMENT:-7069504045927949575:20200312_194229!000.mp4:45.0_1.0_23_medium from Endpoint{id=hgvm, name=Nexus 5X [34d8]}
07-04 22:32:04.287 21934 22943 D SummariserIntentService: Scanned /storage/emulated/0/Movies/summarised
07-04 22:32:04.287 21934 22943 D SummariserIntentService:   -> uri=content://media/external/file/137797
07-04 22:32:04.310 21934 21934 V NearbyFragment: Transfer to Endpoint{id=hgvm, name=Nexus 5X [34d8]} complete
07-04 22:32:04.375 21934 21934 D NearbyFragment: onPayloadReceived(endpointId=hgvm, payload=com.google.android.gms.nearby.connection.Payload@3994574)
07-04 22:32:07.565 21934 21934 V NearbyFragment: Transfer to Endpoint{id=hgvm, name=Nexus 5X [34d8]} complete
07-04 22:32:07.566 21934 21934 W NearbyFragment: Completed downloading 20200312_194229!000.mp4 from Endpoint{id=hgvm, name=Nexus 5X [34d8]} in 03.305s
07-04 22:32:07.572 21934 21934 V FileManager: External storage is readable
07-04 22:32:07.575 21934 21934 V FileManager: Created new directory: /storage/emulated/0/Movies/segment-sum/20200312_194229
07-04 22:32:07.576 21934 21934 D NearbyFragment: Summarising 20200312_194229!000.mp4
07-04 22:32:07.576 21934 21934 V VideoManager: Retrieving video from /storage/emulated/0/Download/Nearby/20200312_194229!000.mp4
07-04 22:32:07.585 21934 21934 D VideoManager: videoCursor is null
07-04 22:32:07.625 21934 21934 V VideoManager: videoFromCursor
07-04 22:32:07.628 21934 21934 V ProcessingVideosEventHandler: onAdd
07-04 22:32:07.629 21934 21934 V RawFootageEventHandler: onRemove
07-04 22:32:07.636 21934 21934 V NearbyFragment: Transfer to Endpoint{id=hgvm, name=Nexus 5X [34d8]} complete
07-04 22:32:07.641 21934 26168 V SummariserIntentService: onHandleIntent
07-04 22:32:07.642 21934 26168 D SummariserIntentService: Video{id='137994', data='/storage/emulated/0/Download/Nearby/20200312_194229!000.mp4', name='20200312_194229!000.mp4', size=16971954, visible=true, mimeType='video/mp4'}
07-04 22:32:07.642 21934 26168 D SummariserIntentService: /storage/emulated/0/Movies/segment-sum/20200312_194229/20200312_194229!000.mp4
07-04 22:32:07.806 21934 22850 W mobile-ffmpeg: [graph 0 input from stream 0:0 @ 0x7a58e0f500] sws_param option is deprecated and ignored
07-04 22:32:09.646 21934 26168 V FfmpegTools: Retrieving duration of /storage/emulated/0/Download/Nearby/20200312_194229!000.mp4
07-04 22:32:09.672 21934 26168 W Summariser: 1 active sections found
07-04 22:32:09.673 21934 26168 I FfmpegTools: Running ffmpeg with:
07-04 22:32:09.673 21934 26168 I FfmpegTools:   -y -i /storage/emulated/0/Download/Nearby/20200312_194229!000.mp4 -filter_complex [0:v]trim=10.509000:16.060000,setpts=PTS-STARTPTS[v0];[0:a]atrim=10.509000:16.060000,asetpts=PTS-STARTPTS[a0];[v0][a0]concat=n=1:v=1:a=1[outv][outa] -map [outv] -map [outa] -crf 23 -preset medium /storage/emulated/0/Movies/segment-sum/20200312_194229/20200312_194229!000.mp4
07-04 22:32:09.721 21934 22850 W mobile-ffmpeg: [graph 0 input from stream 0:0 @ 0x7a58e0f2c0] sws_param option is deprecated and ignored
07-04 22:32:16.077 21934 26168 V FfmpegTools: Retrieving duration of /storage/emulated/0/Download/Nearby/20200312_194229!000.mp4
07-04 22:32:16.102 21934 26168 V FfmpegTools: Retrieving duration of /storage/emulated/0/Movies/segment-sum/20200312_194229/20200312_194229!000.mp4
07-04 22:32:16.120 21934 26168 W Summariser: Summarisation completed
07-04 22:32:16.120 21934 26168 W Summariser:   filename: 20200312_194229!000.mp4
07-04 22:32:16.120 21934 26168 W Summariser:   active sections: 1
07-04 22:32:16.120 21934 26168 W Summariser:   time: 08.434s
07-04 22:32:16.120 21934 26168 W Summariser:   original duration: 16.06
07-04 22:32:16.120 21934 26168 W Summariser:   summarised duration: 5.62
07-04 22:32:16.120 21934 26168 W Summariser:   noise tolerance: 45.00
07-04 22:32:16.120 21934 26168 W Summariser:   quality: 23
07-04 22:32:16.120 21934 26168 W Summariser:   speed: medium
07-04 22:32:16.120 21934 26168 W Summariser:   freeze duration: 1.00
07-04 22:32:16.120 21934 26168 V VideoManager: Retrieving video from /storage/emulated/0/Movies/segment-sum/20200312_194229/20200312_194229!000.mp4
07-04 22:32:16.131 21934 26168 D VideoManager: videoCursor is null
07-04 22:32:16.195 21934 26168 V VideoManager: videoFromCursor
07-04 22:32:16.200 21934 26168 W NearbyFragment: Sending 20200312_194229!000.mp4 to Nexus 5X [34d8]
07-04 22:32:16.203 21934 26168 V ProcessingVideosEventHandler: onRemove
07-04 22:32:16.230 21934 21934 V NearbyFragment: Transfer to Endpoint{id=hgvm, name=Nexus 5X [34d8]} complete
07-04 22:32:16.274 21934 21934 D NearbyFragment: onPayloadReceived(endpointId=hgvm, payload=com.google.android.gms.nearby.connection.Payload@a113a6a)
07-04 22:32:16.274 21934 21934 V NearbyFragment: Started downloading SUMMARISE_SEGMENT:-6131962019137951086:20200312_194229!001.mp4:45.0_1.0_23_medium from Endpoint{id=hgvm, name=Nexus 5X [34d8]}
07-04 22:32:16.285 21934 24493 D SummariserIntentService: Scanned /storage/emulated/0/Movies/summarised
07-04 22:32:16.285 21934 24493 D SummariserIntentService:   -> uri=content://media/external/file/137797
07-04 22:32:16.299 21934 21934 V NearbyFragment: Transfer to Endpoint{id=hgvm, name=Nexus 5X [34d8]} complete
07-04 22:32:16.314 21934 21934 V NearbyFragment: Transfer to Endpoint{id=hgvm, name=Nexus 5X [34d8]} complete
07-04 22:32:16.448 21934 21934 D NearbyFragment: onPayloadReceived(endpointId=hgvm, payload=com.google.android.gms.nearby.connection.Payload@11e5b5b)
07-04 22:32:20.078 21934 21934 V NearbyFragment: Transfer to Endpoint{id=hgvm, name=Nexus 5X [34d8]} complete
07-04 22:32:20.079 21934 21934 W NearbyFragment: Completed downloading 20200312_194229!001.mp4 from Endpoint{id=hgvm, name=Nexus 5X [34d8]} in 03.804s
07-04 22:32:20.088 21934 21934 V FileManager: External storage is readable
07-04 22:32:20.088 21934 21934 V FileManager: Directory already exists: /storage/emulated/0/Movies/segment-sum/20200312_194229
07-04 22:32:20.089 21934 21934 D NearbyFragment: Summarising 20200312_194229!001.mp4
07-04 22:32:20.089 21934 21934 V VideoManager: Retrieving video from /storage/emulated/0/Download/Nearby/20200312_194229!001.mp4
07-04 22:32:20.106 21934 21934 D VideoManager: videoCursor is null
07-04 22:32:20.162 21934 21934 V VideoManager: videoFromCursor
07-04 22:32:20.166 21934 21934 V ProcessingVideosEventHandler: onAdd
07-04 22:32:20.167 21934 21934 V RawFootageEventHandler: onRemove
07-04 22:32:20.176 21934 21934 V NearbyFragment: Transfer to Endpoint{id=hgvm, name=Nexus 5X [34d8]} complete
07-04 22:32:20.184 21934 26235 V SummariserIntentService: onHandleIntent
07-04 22:32:20.185 21934 26235 D SummariserIntentService: Video{id='137997', data='/storage/emulated/0/Download/Nearby/20200312_194229!001.mp4', name='20200312_194229!001.mp4', size=16870064, visible=true, mimeType='video/mp4'}
07-04 22:32:20.185 21934 26235 D SummariserIntentService: /storage/emulated/0/Movies/segment-sum/20200312_194229/20200312_194229!001.mp4
07-04 22:32:20.381 21934 22850 W mobile-ffmpeg: [graph 0 input from stream 0:0 @ 0x7a58e0f500] sws_param option is deprecated and ignored
07-04 22:32:22.330 21934 26235 W Summariser: 2 active sections found
07-04 22:32:22.330 21934 26235 I FfmpegTools: Running ffmpeg with:
07-04 22:32:22.330 21934 26235 I FfmpegTools:   -y -i /storage/emulated/0/Download/Nearby/20200312_194229!001.mp4 -filter_complex [0:v]trim=0.000000:3.503000,setpts=PTS-STARTPTS[v0];[0:a]atrim=0.000000:3.503000,asetpts=PTS-STARTPTS[a0];[0:v]trim=8.074000:13.245000,setpts=PTS-STARTPTS[v1];[0:a]atrim=8.074000:13.245000,asetpts=PTS-STARTPTS[a1];[v0][a0][v1][a1]concat=n=2:v=1:a=1[outv][outa] -map [outv] -map [outa] -crf 23 -preset medium /storage/emulated/0/Movies/segment-sum/20200312_194229/20200312_194229!001.mp4
07-04 22:32:22.390 21934 22850 W mobile-ffmpeg: [graph 0 input from stream 0:0 @ 0x7a58e0f740] sws_param option is deprecated and ignored
07-04 22:32:22.390 21934 22850 W mobile-ffmpeg: [graph 0 input from stream 0:0 @ 0x7a58e0f8c0] sws_param option is deprecated and ignored
07-04 22:32:30.530 21934 26235 V FfmpegTools: Retrieving duration of /storage/emulated/0/Download/Nearby/20200312_194229!001.mp4
07-04 22:32:30.566 21934 26235 V FfmpegTools: Retrieving duration of /storage/emulated/0/Movies/segment-sum/20200312_194229/20200312_194229!001.mp4
07-04 22:32:30.584 21934 26235 W Summariser: Summarisation completed
07-04 22:32:30.584 21934 26235 W Summariser:   filename: 20200312_194229!001.mp4
07-04 22:32:30.584 21934 26235 W Summariser:   active sections: 2
07-04 22:32:30.584 21934 26235 W Summariser:   time: 10.344s
07-04 22:32:30.584 21934 26235 W Summariser:   original duration: 16.01
07-04 22:32:30.584 21934 26235 W Summariser:   summarised duration: 8.74
07-04 22:32:30.584 21934 26235 W Summariser:   noise tolerance: 45.00
07-04 22:32:30.584 21934 26235 W Summariser:   quality: 23
07-04 22:32:30.584 21934 26235 W Summariser:   speed: medium
07-04 22:32:30.584 21934 26235 W Summariser:   freeze duration: 1.00
07-04 22:32:30.584 21934 26235 V VideoManager: Retrieving video from /storage/emulated/0/Movies/segment-sum/20200312_194229/20200312_194229!001.mp4
07-04 22:32:30.597 21934 26235 D VideoManager: videoCursor is null
07-04 22:32:30.676 21934 26235 V VideoManager: videoFromCursor
07-04 22:32:30.683 21934 26235 W NearbyFragment: Sending 20200312_194229!001.mp4 to Nexus 5X [34d8]
07-04 22:32:30.686 21934 26235 V ProcessingVideosEventHandler: onRemove
07-04 22:32:30.718 21934 21934 V NearbyFragment: Transfer to Endpoint{id=hgvm, name=Nexus 5X [34d8]} complete
07-04 22:32:30.758 21934 21934 D NearbyFragment: onPayloadReceived(endpointId=hgvm, payload=com.google.android.gms.nearby.connection.Payload@298c509)
07-04 22:32:30.759 21934 21934 V NearbyFragment: Started downloading SUMMARISE_SEGMENT:-8011466599559364926:20200312_194229!003.mp4:45.0_1.0_23_medium from Endpoint{id=hgvm, name=Nexus 5X [34d8]}
07-04 22:32:30.774 21934 24321 D SummariserIntentService: Scanned /storage/emulated/0/Movies/summarised
07-04 22:32:30.774 21934 24321 D SummariserIntentService:   -> uri=content://media/external/file/137797
07-04 22:32:30.798 21934 21934 V NearbyFragment: Transfer to Endpoint{id=hgvm, name=Nexus 5X [34d8]} complete
07-04 22:32:30.804 21934 21934 V NearbyFragment: Transfer to Endpoint{id=hgvm, name=Nexus 5X [34d8]} complete
07-04 22:32:30.903 21934 21934 D NearbyFragment: onPayloadReceived(endpointId=hgvm, payload=com.google.android.gms.nearby.connection.Payload@50ad30e)
07-04 22:32:35.005 21934 21934 V NearbyFragment: Transfer to Endpoint{id=hgvm, name=Nexus 5X [34d8]} complete
07-04 22:32:35.006 21934 21934 W NearbyFragment: Completed downloading 20200312_194229!003.mp4 from Endpoint{id=hgvm, name=Nexus 5X [34d8]} in 04.245s
07-04 22:32:35.014 21934 21934 V FileManager: External storage is readable
07-04 22:32:35.014 21934 21934 V FileManager: Directory already exists: /storage/emulated/0/Movies/segment-sum/20200312_194229
07-04 22:32:35.015 21934 21934 D NearbyFragment: Summarising 20200312_194229!003.mp4
07-04 22:32:35.015 21934 21934 V VideoManager: Retrieving video from /storage/emulated/0/Download/Nearby/20200312_194229!003.mp4
07-04 22:32:35.027 21934 21934 D VideoManager: videoCursor is null
07-04 22:32:35.062 21934 21934 V VideoManager: videoFromCursor
07-04 22:32:35.067 21934 21934 V ProcessingVideosEventHandler: onAdd
07-04 22:32:35.067 21934 21934 V RawFootageEventHandler: onRemove
07-04 22:32:35.074 21934 21934 V NearbyFragment: Transfer to Endpoint{id=hgvm, name=Nexus 5X [34d8]} complete
07-04 22:32:35.078 21934 26328 V SummariserIntentService: onHandleIntent
07-04 22:32:35.079 21934 26328 D SummariserIntentService: Video{id='137999', data='/storage/emulated/0/Download/Nearby/20200312_194229!003.mp4', name='20200312_194229!003.mp4', size=12720702, visible=true, mimeType='video/mp4'}
07-04 22:32:35.079 21934 26328 D SummariserIntentService: /storage/emulated/0/Movies/segment-sum/20200312_194229/20200312_194229!003.mp4
07-04 22:32:35.236 21934 22850 W mobile-ffmpeg: [graph 0 input from stream 0:0 @ 0x7a58e0f500] sws_param option is deprecated and ignored
07-04 22:32:36.698 21934 26328 W Summariser: No activity detected
07-04 22:32:36.699 21934 26328 V FfmpegTools: Retrieving duration of /storage/emulated/0/Download/Nearby/20200312_194229!003.mp4
07-04 22:32:36.723 21934 26328 W Summariser: Summarisation completed
07-04 22:32:36.723 21934 26328 W Summariser:   filename: 20200312_194229!003.mp4
07-04 22:32:36.723 21934 26328 W Summariser:   active sections: 0
07-04 22:32:36.723 21934 26328 W Summariser:   time: 01.619s
07-04 22:32:36.723 21934 26328 W Summariser:   original duration: 11.98
07-04 22:32:36.723 21934 26328 W Summariser:   summarised duration: -1.00
07-04 22:32:36.723 21934 26328 W Summariser:   noise tolerance: 45.00
07-04 22:32:36.723 21934 26328 W Summariser:   quality: 23
07-04 22:32:36.723 21934 26328 W Summariser:   speed: medium
07-04 22:32:36.723 21934 26328 W Summariser:   freeze duration: 1.00
07-04 22:32:36.724 21934 26328 V ProcessingVideosEventHandler: onRemove
07-04 22:32:36.744 21934 21934 V NearbyFragment: Transfer to Endpoint{id=hgvm, name=Nexus 5X [34d8]} complete
07-04 22:32:36.792 21934 24493 D SummariserIntentService: Scanned /storage/emulated/0/Movies/summarised
07-04 22:32:36.792 21934 24493 D SummariserIntentService:   -> uri=content://media/external/file/137797
07-04 22:32:36.919 21934 21934 D NearbyFragment: onPayloadReceived(endpointId=hgvm, payload=com.google.android.gms.nearby.connection.Payload@f13727)
07-04 22:32:36.920 21934 21934 V NearbyFragment: Started downloading SUMMARISE_SEGMENT:-7104246948430556113:20200312_194330!000.mp4:45.0_1.0_23_medium from Endpoint{id=hgvm, name=Nexus 5X [34d8]}
07-04 22:32:36.922 21934 21934 V NearbyFragment: Transfer to Endpoint{id=hgvm, name=Nexus 5X [34d8]} complete
07-04 22:32:36.943 21934 21934 D NearbyFragment: onPayloadReceived(endpointId=hgvm, payload=com.google.android.gms.nearby.connection.Payload@4ac8dd4)
07-04 22:32:40.383 21934 21934 V NearbyFragment: Transfer to Endpoint{id=hgvm, name=Nexus 5X [34d8]} complete
07-04 22:32:40.384 21934 21934 W NearbyFragment: Completed downloading 20200312_194330!000.mp4 from Endpoint{id=hgvm, name=Nexus 5X [34d8]} in 03.462s
07-04 22:32:40.393 21934 21934 V FileManager: External storage is readable
07-04 22:32:40.397 21934 21934 V FileManager: Created new directory: /storage/emulated/0/Movies/segment-sum/20200312_194330
07-04 22:32:40.397 21934 21934 D NearbyFragment: Summarising 20200312_194330!000.mp4
07-04 22:32:40.398 21934 21934 V VideoManager: Retrieving video from /storage/emulated/0/Download/Nearby/20200312_194330!000.mp4
07-04 22:32:40.410 21934 21934 D VideoManager: videoCursor is null
07-04 22:32:40.474 21934 21934 V VideoManager: videoFromCursor
07-04 22:32:40.479 21934 21934 V ProcessingVideosEventHandler: onAdd
07-04 22:32:40.479 21934 21934 V RawFootageEventHandler: onRemove
07-04 22:32:40.487 21934 21934 V NearbyFragment: Transfer to Endpoint{id=hgvm, name=Nexus 5X [34d8]} complete
07-04 22:32:40.494 21934 26371 V SummariserIntentService: onHandleIntent
07-04 22:32:40.496 21934 26371 D SummariserIntentService: Video{id='138000', data='/storage/emulated/0/Download/Nearby/20200312_194330!000.mp4', name='20200312_194330!000.mp4', size=16853664, visible=true, mimeType='video/mp4'}
07-04 22:32:40.496 21934 26371 D SummariserIntentService: /storage/emulated/0/Movies/segment-sum/20200312_194330/20200312_194330!000.mp4
07-04 22:32:40.645 21934 22850 W mobile-ffmpeg: [graph 0 input from stream 0:0 @ 0x7a58e0f500] sws_param option is deprecated and ignored
07-04 22:32:42.538 21934 26371 W Summariser: No activity detected
07-04 22:32:42.539 21934 26371 V FfmpegTools: Retrieving duration of /storage/emulated/0/Download/Nearby/20200312_194330!000.mp4
07-04 22:32:42.563 21934 26371 W Summariser: Summarisation completed
07-04 22:32:42.563 21934 26371 W Summariser:   filename: 20200312_194330!000.mp4
07-04 22:32:42.563 21934 26371 W Summariser:   active sections: 0
07-04 22:32:42.563 21934 26371 W Summariser:   time: 02.042s
07-04 22:32:42.563 21934 26371 W Summariser:   original duration: 16.07
07-04 22:32:42.563 21934 26371 W Summariser:   summarised duration: -1.00
07-04 22:32:42.563 21934 26371 W Summariser:   noise tolerance: 45.00
07-04 22:32:42.563 21934 26371 W Summariser:   quality: 23
07-04 22:32:42.563 21934 26371 W Summariser:   speed: medium
07-04 22:32:42.563 21934 26371 W Summariser:   freeze duration: 1.00
07-04 22:32:42.563 21934 26371 V ProcessingVideosEventHandler: onRemove
07-04 22:32:42.575 21934 21934 V NearbyFragment: Transfer to Endpoint{id=hgvm, name=Nexus 5X [34d8]} complete
07-04 22:32:42.640 21934 24493 D SummariserIntentService: Scanned /storage/emulated/0/Movies/summarised
07-04 22:32:42.640 21934 24493 D SummariserIntentService:   -> uri=content://media/external/file/137797
07-04 22:32:42.692 21934 21934 D NearbyFragment: onPayloadReceived(endpointId=hgvm, payload=com.google.android.gms.nearby.connection.Payload@5754d35)
07-04 22:32:42.693 21934 21934 V NearbyFragment: Started downloading SUMMARISE_SEGMENT:-5250459364770351383:20200312_194330!001.mp4:45.0_1.0_23_medium from Endpoint{id=hgvm, name=Nexus 5X [34d8]}
07-04 22:32:42.706 21934 21934 V NearbyFragment: Transfer to Endpoint{id=hgvm, name=Nexus 5X [34d8]} complete
07-04 22:32:42.782 21934 21934 D NearbyFragment: onPayloadReceived(endpointId=hgvm, payload=com.google.android.gms.nearby.connection.Payload@c7635ca)
07-04 22:32:45.239 21934 21934 V NearbyFragment: Transfer to Endpoint{id=hgvm, name=Nexus 5X [34d8]} complete
07-04 22:32:45.240 21934 21934 W NearbyFragment: Completed downloading 20200312_194330!001.mp4 from Endpoint{id=hgvm, name=Nexus 5X [34d8]} in 02.546s
07-04 22:32:45.247 21934 21934 V FileManager: External storage is readable
07-04 22:32:45.248 21934 21934 V FileManager: Directory already exists: /storage/emulated/0/Movies/segment-sum/20200312_194330
07-04 22:32:45.248 21934 21934 D NearbyFragment: Summarising 20200312_194330!001.mp4
07-04 22:32:45.249 21934 21934 V VideoManager: Retrieving video from /storage/emulated/0/Download/Nearby/20200312_194330!001.mp4
07-04 22:32:45.258 21934 21934 D VideoManager: videoCursor is null
07-04 22:32:45.284 21934 21934 V VideoManager: videoFromCursor
07-04 22:32:45.287 21934 21934 V ProcessingVideosEventHandler: onAdd
07-04 22:32:45.288 21934 21934 V RawFootageEventHandler: onRemove
07-04 22:32:45.294 21934 21934 V NearbyFragment: Transfer to Endpoint{id=hgvm, name=Nexus 5X [34d8]} complete
07-04 22:32:45.300 21934 26401 V SummariserIntentService: onHandleIntent
07-04 22:32:45.301 21934 26401 D SummariserIntentService: Video{id='138001', data='/storage/emulated/0/Download/Nearby/20200312_194330!001.mp4', name='20200312_194330!001.mp4', size=16898970, visible=true, mimeType='video/mp4'}
07-04 22:32:45.301 21934 26401 D SummariserIntentService: /storage/emulated/0/Movies/segment-sum/20200312_194330/20200312_194330!001.mp4
07-04 22:32:45.440 21934 22850 W mobile-ffmpeg: [graph 0 input from stream 0:0 @ 0x7a58e0f500] sws_param option is deprecated and ignored
07-04 22:32:47.222 21934 26401 W Summariser: No activity detected
07-04 22:32:47.222 21934 26401 V FfmpegTools: Retrieving duration of /storage/emulated/0/Download/Nearby/20200312_194330!001.mp4
07-04 22:32:47.258 21934 26401 W Summariser: Summarisation completed
07-04 22:32:47.258 21934 26401 W Summariser:   filename: 20200312_194330!001.mp4
07-04 22:32:47.258 21934 26401 W Summariser:   active sections: 0
07-04 22:32:47.258 21934 26401 W Summariser:   time: 01.920s
07-04 22:32:47.258 21934 26401 W Summariser:   original duration: 16.01
07-04 22:32:47.258 21934 26401 W Summariser:   summarised duration: -1.00
07-04 22:32:47.258 21934 26401 W Summariser:   noise tolerance: 45.00
07-04 22:32:47.258 21934 26401 W Summariser:   quality: 23
07-04 22:32:47.258 21934 26401 W Summariser:   speed: medium
07-04 22:32:47.258 21934 26401 W Summariser:   freeze duration: 1.00
07-04 22:32:47.258 21934 26401 V ProcessingVideosEventHandler: onRemove
07-04 22:32:47.278 21934 21934 V NearbyFragment: Transfer to Endpoint{id=hgvm, name=Nexus 5X [34d8]} complete
07-04 22:32:47.318 21934 24493 D SummariserIntentService: Scanned /storage/emulated/0/Movies/summarised
07-04 22:32:47.318 21934 24493 D SummariserIntentService:   -> uri=content://media/external/file/137797
07-04 22:32:47.324 21934 21934 D NearbyFragment: onPayloadReceived(endpointId=hgvm, payload=com.google.android.gms.nearby.connection.Payload@bc63eb3)
07-04 22:32:47.324 21934 21934 V NearbyFragment: Started downloading SUMMARISE_SEGMENT:-6336839883910699647:20200312_194330!002.mp4:45.0_1.0_23_medium from Endpoint{id=hgvm, name=Nexus 5X [34d8]}
07-04 22:32:47.335 21934 21934 V NearbyFragment: Transfer to Endpoint{id=hgvm, name=Nexus 5X [34d8]} complete
07-04 22:32:47.409 21934 21934 D NearbyFragment: onPayloadReceived(endpointId=hgvm, payload=com.google.android.gms.nearby.connection.Payload@bf56c70)
07-04 22:32:55.695 21934 21934 V NearbyFragment: Transfer to Endpoint{id=hgvm, name=Nexus 5X [34d8]} complete
07-04 22:32:55.698 21934 21934 W NearbyFragment: Completed downloading 20200312_194330!002.mp4 from Endpoint{id=hgvm, name=Nexus 5X [34d8]} in 08.371s
07-04 22:32:55.716 21934 21934 V FileManager: External storage is readable
07-04 22:32:55.718 21934 21934 V FileManager: Directory already exists: /storage/emulated/0/Movies/segment-sum/20200312_194330
07-04 22:32:55.719 21934 21934 D NearbyFragment: Summarising 20200312_194330!002.mp4
07-04 22:32:55.720 21934 21934 V VideoManager: Retrieving video from /storage/emulated/0/Download/Nearby/20200312_194330!002.mp4
07-04 22:32:55.735 21934 21934 D VideoManager: videoCursor is null
07-04 22:32:55.788 21934 21934 V VideoManager: videoFromCursor
07-04 22:32:55.792 21934 21934 V ProcessingVideosEventHandler: onAdd
07-04 22:32:55.792 21934 21934 V RawFootageEventHandler: onRemove
07-04 22:32:55.801 21934 21934 V NearbyFragment: Transfer to Endpoint{id=hgvm, name=Nexus 5X [34d8]} complete
07-04 22:32:55.810 21934 26433 V SummariserIntentService: onHandleIntent
07-04 22:32:55.812 21934 26433 D SummariserIntentService: Video{id='138002', data='/storage/emulated/0/Download/Nearby/20200312_194330!002.mp4', name='20200312_194330!002.mp4', size=16896472, visible=true, mimeType='video/mp4'}
07-04 22:32:55.812 21934 26433 D SummariserIntentService: /storage/emulated/0/Movies/segment-sum/20200312_194330/20200312_194330!002.mp4
07-04 22:32:55.967 21934 22850 W mobile-ffmpeg: [graph 0 input from stream 0:0 @ 0x7a58e0f500] sws_param option is deprecated and ignored
07-04 22:32:57.820 21934 26433 W Summariser: No activity detected
07-04 22:32:57.820 21934 26433 V FfmpegTools: Retrieving duration of /storage/emulated/0/Download/Nearby/20200312_194330!002.mp4
07-04 22:32:57.858 21934 26433 W Summariser: Summarisation completed
07-04 22:32:57.858 21934 26433 W Summariser:   filename: 20200312_194330!002.mp4
07-04 22:32:57.858 21934 26433 W Summariser:   active sections: 0
07-04 22:32:57.858 21934 26433 W Summariser:   time: 02.007s
07-04 22:32:57.858 21934 26433 W Summariser:   original duration: 16.01
07-04 22:32:57.858 21934 26433 W Summariser:   summarised duration: -1.00
07-04 22:32:57.858 21934 26433 W Summariser:   noise tolerance: 45.00
07-04 22:32:57.858 21934 26433 W Summariser:   quality: 23
07-04 22:32:57.858 21934 26433 W Summariser:   speed: medium
07-04 22:32:57.858 21934 26433 W Summariser:   freeze duration: 1.00
07-04 22:32:57.858 21934 26433 V ProcessingVideosEventHandler: onRemove
07-04 22:32:57.887 21934 21934 V NearbyFragment: Transfer to Endpoint{id=hgvm, name=Nexus 5X [34d8]} complete
07-04 22:32:57.938 21934 22943 D SummariserIntentService: Scanned /storage/emulated/0/Movies/summarised
07-04 22:32:57.938 21934 22943 D SummariserIntentService:   -> uri=content://media/external/file/137797
07-04 22:32:58.632 21934 21934 D NearbyFragment: onPayloadReceived(endpointId=hgvm, payload=com.google.android.gms.nearby.connection.Payload@18bbf21)
07-04 22:32:58.634 21934 21934 V NearbyFragment: Started downloading SUMMARISE_SEGMENT:-5207087598584799818:20200312_194730!000.mp4:45.0_1.0_23_medium from Endpoint{id=hgvm, name=Nexus 5X [34d8]}
07-04 22:32:58.646 21934 21934 V NearbyFragment: Transfer to Endpoint{id=hgvm, name=Nexus 5X [34d8]} complete
07-04 22:32:58.753 21934 21934 D NearbyFragment: onPayloadReceived(endpointId=hgvm, payload=com.google.android.gms.nearby.connection.Payload@1429f46)
07-04 22:33:04.532 21934 21934 V NearbyFragment: Transfer to Endpoint{id=hgvm, name=Nexus 5X [34d8]} complete
07-04 22:33:04.533 21934 21934 W NearbyFragment: Completed downloading 20200312_194730!000.mp4 from Endpoint{id=hgvm, name=Nexus 5X [34d8]} in 05.898s
07-04 22:33:04.540 21934 21934 V FileManager: External storage is readable
07-04 22:33:04.543 21934 21934 V FileManager: Created new directory: /storage/emulated/0/Movies/segment-sum/20200312_194730
07-04 22:33:04.544 21934 21934 D NearbyFragment: Summarising 20200312_194730!000.mp4
07-04 22:33:04.544 21934 21934 V VideoManager: Retrieving video from /storage/emulated/0/Download/Nearby/20200312_194730!000.mp4
07-04 22:33:04.555 21934 21934 D VideoManager: videoCursor is null
07-04 22:33:04.607 21934 21934 V VideoManager: videoFromCursor
07-04 22:33:04.610 21934 21934 V ProcessingVideosEventHandler: onAdd
07-04 22:33:04.611 21934 21934 V RawFootageEventHandler: onRemove
07-04 22:33:04.618 21934 21934 V NearbyFragment: Transfer to Endpoint{id=hgvm, name=Nexus 5X [34d8]} complete
07-04 22:33:04.623 21934 26466 V SummariserIntentService: onHandleIntent
07-04 22:33:04.624 21934 26466 D SummariserIntentService: Video{id='138003', data='/storage/emulated/0/Download/Nearby/20200312_194730!000.mp4', name='20200312_194730!000.mp4', size=16870028, visible=true, mimeType='video/mp4'}
07-04 22:33:04.624 21934 26466 D SummariserIntentService: /storage/emulated/0/Movies/segment-sum/20200312_194730/20200312_194730!000.mp4
07-04 22:33:04.768 21934 22850 W mobile-ffmpeg: [graph 0 input from stream 0:0 @ 0x7a58e0f500] sws_param option is deprecated and ignored
07-04 22:33:06.696 21934 26466 W Summariser: No activity detected
07-04 22:33:06.696 21934 26466 V FfmpegTools: Retrieving duration of /storage/emulated/0/Download/Nearby/20200312_194730!000.mp4
07-04 22:33:06.721 21934 26466 W Summariser: Summarisation completed
07-04 22:33:06.721 21934 26466 W Summariser:   filename: 20200312_194730!000.mp4
07-04 22:33:06.721 21934 26466 W Summariser:   active sections: 0
07-04 22:33:06.721 21934 26466 W Summariser:   time: 02.071s
07-04 22:33:06.721 21934 26466 W Summariser:   original duration: 16.07
07-04 22:33:06.721 21934 26466 W Summariser:   summarised duration: -1.00
07-04 22:33:06.721 21934 26466 W Summariser:   noise tolerance: 45.00
07-04 22:33:06.721 21934 26466 W Summariser:   quality: 23
07-04 22:33:06.721 21934 26466 W Summariser:   speed: medium
07-04 22:33:06.721 21934 26466 W Summariser:   freeze duration: 1.00
07-04 22:33:06.721 21934 26466 V ProcessingVideosEventHandler: onRemove
07-04 22:33:06.741 21934 21934 V NearbyFragment: Transfer to Endpoint{id=hgvm, name=Nexus 5X [34d8]} complete
07-04 22:33:06.764 21934 21934 D NearbyFragment: onPayloadReceived(endpointId=hgvm, payload=com.google.android.gms.nearby.connection.Payload@9a567cc)
07-04 22:33:06.765 21934 21934 V NearbyFragment: Started downloading SUMMARISE_SEGMENT:-7633957615988021899:20200312_194730!001.mp4:45.0_1.0_23_medium from Endpoint{id=hgvm, name=Nexus 5X [34d8]}
07-04 22:33:06.805 21934 24493 D SummariserIntentService: Scanned /storage/emulated/0/Movies/summarised
07-04 22:33:06.805 21934 24493 D SummariserIntentService:   -> uri=content://media/external/file/137797
07-04 22:33:06.843 21934 21934 V NearbyFragment: Transfer to Endpoint{id=hgvm, name=Nexus 5X [34d8]} complete
07-04 22:33:06.974 21934 21934 D NearbyFragment: onPayloadReceived(endpointId=hgvm, payload=com.google.android.gms.nearby.connection.Payload@4d58a15)
07-04 22:33:16.936 21934 21934 V NearbyFragment: Transfer to Endpoint{id=hgvm, name=Nexus 5X [34d8]} complete
07-04 22:33:16.937 21934 21934 W NearbyFragment: Completed downloading 20200312_194730!001.mp4 from Endpoint{id=hgvm, name=Nexus 5X [34d8]} in 10.171s
07-04 22:33:16.945 21934 21934 V FileManager: External storage is readable
07-04 22:33:16.945 21934 21934 V FileManager: Directory already exists: /storage/emulated/0/Movies/segment-sum/20200312_194730
07-04 22:33:16.946 21934 21934 D NearbyFragment: Summarising 20200312_194730!001.mp4
07-04 22:33:16.946 21934 21934 V VideoManager: Retrieving video from /storage/emulated/0/Download/Nearby/20200312_194730!001.mp4
07-04 22:33:16.958 21934 21934 D VideoManager: videoCursor is null
07-04 22:33:17.002 21934 21934 V VideoManager: videoFromCursor
07-04 22:33:17.006 21934 21934 V ProcessingVideosEventHandler: onAdd
07-04 22:33:17.006 21934 21934 V RawFootageEventHandler: onRemove
07-04 22:33:17.013 21934 21934 V NearbyFragment: Transfer to Endpoint{id=hgvm, name=Nexus 5X [34d8]} complete
07-04 22:33:17.018 21934 26501 V SummariserIntentService: onHandleIntent
07-04 22:33:17.018 21934 26501 D SummariserIntentService: Video{id='138004', data='/storage/emulated/0/Download/Nearby/20200312_194730!001.mp4', name='20200312_194730!001.mp4', size=16934031, visible=true, mimeType='video/mp4'}
07-04 22:33:17.018 21934 26501 D SummariserIntentService: /storage/emulated/0/Movies/segment-sum/20200312_194730/20200312_194730!001.mp4
07-04 22:33:17.135 21934 22850 W mobile-ffmpeg: [graph 0 input from stream 0:0 @ 0x7a58e0f500] sws_param option is deprecated and ignored
07-04 22:33:18.960 21934 26501 W Summariser: No activity detected
07-04 22:33:18.961 21934 26501 V FfmpegTools: Retrieving duration of /storage/emulated/0/Download/Nearby/20200312_194730!001.mp4
07-04 22:33:18.997 21934 26501 W Summariser: Summarisation completed
07-04 22:33:18.997 21934 26501 W Summariser:   filename: 20200312_194730!001.mp4
07-04 22:33:18.997 21934 26501 W Summariser:   active sections: 0
07-04 22:33:18.997 21934 26501 W Summariser:   time: 01.942s
07-04 22:33:18.997 21934 26501 W Summariser:   original duration: 16.02
07-04 22:33:18.997 21934 26501 W Summariser:   summarised duration: -1.00
07-04 22:33:18.997 21934 26501 W Summariser:   noise tolerance: 45.00
07-04 22:33:18.997 21934 26501 W Summariser:   quality: 23
07-04 22:33:18.997 21934 26501 W Summariser:   speed: medium
07-04 22:33:18.997 21934 26501 W Summariser:   freeze duration: 1.00
07-04 22:33:18.998 21934 26501 V ProcessingVideosEventHandler: onRemove
07-04 22:33:19.011 21934 21934 V NearbyFragment: Transfer to Endpoint{id=hgvm, name=Nexus 5X [34d8]} complete
07-04 22:33:19.052 21934 22843 D SummariserIntentService: Scanned /storage/emulated/0/Movies/summarised
07-04 22:33:19.052 21934 22843 D SummariserIntentService:   -> uri=content://media/external/file/137797
07-04 22:33:19.267 21934 21934 D NearbyFragment: onPayloadReceived(endpointId=hgvm, payload=com.google.android.gms.nearby.connection.Payload@4cbeb82)
07-04 22:33:19.268 21934 21934 V NearbyFragment: Started downloading SUMMARISE_SEGMENT:-7445117614641019287:20200312_194730!003.mp4:45.0_1.0_23_medium from Endpoint{id=hgvm, name=Nexus 5X [34d8]}
07-04 22:33:19.269 21934 21934 V NearbyFragment: Transfer to Endpoint{id=hgvm, name=Nexus 5X [34d8]} complete
07-04 22:33:19.334 21934 21934 D NearbyFragment: onPayloadReceived(endpointId=hgvm, payload=com.google.android.gms.nearby.connection.Payload@5211293)
07-04 22:33:23.496 21934 21934 V NearbyFragment: Transfer to Endpoint{id=hgvm, name=Nexus 5X [34d8]} complete
07-04 22:33:23.498 21934 21934 W NearbyFragment: Completed downloading 20200312_194730!003.mp4 from Endpoint{id=hgvm, name=Nexus 5X [34d8]} in 04.227s
07-04 22:33:23.514 21934 21934 V FileManager: External storage is readable
07-04 22:33:23.515 21934 21934 V FileManager: Directory already exists: /storage/emulated/0/Movies/segment-sum/20200312_194730
07-04 22:33:23.517 21934 21934 D NearbyFragment: Summarising 20200312_194730!003.mp4
07-04 22:33:23.517 21934 21934 V VideoManager: Retrieving video from /storage/emulated/0/Download/Nearby/20200312_194730!003.mp4
07-04 22:33:23.535 21934 21934 D VideoManager: videoCursor is null
07-04 22:33:23.596 21934 21934 V VideoManager: videoFromCursor
07-04 22:33:23.600 21934 21934 V ProcessingVideosEventHandler: onAdd
07-04 22:33:23.601 21934 21934 V RawFootageEventHandler: onRemove
07-04 22:33:23.611 21934 21934 V NearbyFragment: Transfer to Endpoint{id=hgvm, name=Nexus 5X [34d8]} complete
07-04 22:33:23.619 21934 26535 V SummariserIntentService: onHandleIntent
07-04 22:33:23.620 21934 26535 D SummariserIntentService: Video{id='138005', data='/storage/emulated/0/Download/Nearby/20200312_194730!003.mp4', name='20200312_194730!003.mp4', size=12635242, visible=true, mimeType='video/mp4'}
07-04 22:33:23.621 21934 26535 D SummariserIntentService: /storage/emulated/0/Movies/segment-sum/20200312_194730/20200312_194730!003.mp4
07-04 22:33:23.777 21934 22850 W mobile-ffmpeg: [graph 0 input from stream 0:0 @ 0x7a58e0f500] sws_param option is deprecated and ignored
07-04 22:33:25.190 21934 26535 W Summariser: No activity detected
07-04 22:33:25.190 21934 26535 V FfmpegTools: Retrieving duration of /storage/emulated/0/Download/Nearby/20200312_194730!003.mp4
07-04 22:33:25.215 21934 26535 W Summariser: Summarisation completed
07-04 22:33:25.215 21934 26535 W Summariser:   filename: 20200312_194730!003.mp4
07-04 22:33:25.215 21934 26535 W Summariser:   active sections: 0
07-04 22:33:25.215 21934 26535 W Summariser:   time: 01.568s
07-04 22:33:25.215 21934 26535 W Summariser:   original duration: 12.03
07-04 22:33:25.215 21934 26535 W Summariser:   summarised duration: -1.00
07-04 22:33:25.215 21934 26535 W Summariser:   noise tolerance: 45.00
07-04 22:33:25.215 21934 26535 W Summariser:   quality: 23
07-04 22:33:25.215 21934 26535 W Summariser:   speed: medium
07-04 22:33:25.215 21934 26535 W Summariser:   freeze duration: 1.00
07-04 22:33:25.215 21934 26535 V ProcessingVideosEventHandler: onRemove
07-04 22:33:25.228 21934 21934 V NearbyFragment: Transfer to Endpoint{id=hgvm, name=Nexus 5X [34d8]} complete
07-04 22:33:25.277 21934 24321 D SummariserIntentService: Scanned /storage/emulated/0/Movies/summarised
07-04 22:33:25.277 21934 24321 D SummariserIntentService:   -> uri=content://media/external/file/137797
07-04 22:33:25.308 21934 21934 D NearbyFragment: onPayloadReceived(endpointId=hgvm, payload=com.google.android.gms.nearby.connection.Payload@2ad3be8)
07-04 22:33:25.308 21934 21934 V NearbyFragment: Started downloading SUMMARISE_SEGMENT:-4823750088727325143:20200312_194830!000.mp4:45.0_1.0_23_medium from Endpoint{id=hgvm, name=Nexus 5X [34d8]}
07-04 22:33:25.339 21934 21934 V NearbyFragment: Transfer to Endpoint{id=hgvm, name=Nexus 5X [34d8]} complete
07-04 22:33:25.431 21934 21934 D NearbyFragment: onPayloadReceived(endpointId=hgvm, payload=com.google.android.gms.nearby.connection.Payload@9736201)
07-04 22:33:29.195 21934 21934 V NearbyFragment: Transfer to Endpoint{id=hgvm, name=Nexus 5X [34d8]} complete
07-04 22:33:29.196 21934 21934 W NearbyFragment: Completed downloading 20200312_194830!000.mp4 from Endpoint{id=hgvm, name=Nexus 5X [34d8]} in 03.886s
07-04 22:33:29.205 21934 21934 V FileManager: External storage is readable
07-04 22:33:29.209 21934 21934 V FileManager: Created new directory: /storage/emulated/0/Movies/segment-sum/20200312_194830
07-04 22:33:29.210 21934 21934 D NearbyFragment: Summarising 20200312_194830!000.mp4
07-04 22:33:29.210 21934 21934 V VideoManager: Retrieving video from /storage/emulated/0/Download/Nearby/20200312_194830!000.mp4
07-04 22:33:29.224 21934 21934 D VideoManager: videoCursor is null
07-04 22:33:29.285 21934 21934 V VideoManager: videoFromCursor
07-04 22:33:29.289 21934 21934 V ProcessingVideosEventHandler: onAdd
07-04 22:33:29.289 21934 21934 V RawFootageEventHandler: onRemove
07-04 22:33:29.298 21934 21934 V NearbyFragment: Transfer to Endpoint{id=hgvm, name=Nexus 5X [34d8]} complete
07-04 22:33:29.305 21934 26565 V SummariserIntentService: onHandleIntent
07-04 22:33:29.306 21934 26565 D SummariserIntentService: Video{id='138006', data='/storage/emulated/0/Download/Nearby/20200312_194830!000.mp4', name='20200312_194830!000.mp4', size=16910623, visible=true, mimeType='video/mp4'}
07-04 22:33:29.307 21934 26565 D SummariserIntentService: /storage/emulated/0/Movies/segment-sum/20200312_194830/20200312_194830!000.mp4
07-04 22:33:29.438 21934 22850 W mobile-ffmpeg: [graph 0 input from stream 0:0 @ 0x7a58e0f500] sws_param option is deprecated and ignored
07-04 22:33:31.359 21934 26565 W Summariser: 1 active sections found
07-04 22:33:31.360 21934 26565 I FfmpegTools: Running ffmpeg with:
07-04 22:33:31.360 21934 26565 I FfmpegTools:   -y -i /storage/emulated/0/Download/Nearby/20200312_194830!000.mp4 -filter_complex [0:v]trim=6.839000:10.742000,setpts=PTS-STARTPTS[v0];[0:a]atrim=6.839000:10.742000,asetpts=PTS-STARTPTS[a0];[v0][a0]concat=n=1:v=1:a=1[outv][outa] -map [outv] -map [outa] -crf 23 -preset medium /storage/emulated/0/Movies/segment-sum/20200312_194830/20200312_194830!000.mp4
07-04 22:33:31.409 21934 22850 W mobile-ffmpeg: [graph 0 input from stream 0:0 @ 0x7a58e0f2c0] sws_param option is deprecated and ignored
07-04 22:33:36.178 21934 26565 V FfmpegTools: Retrieving duration of /storage/emulated/0/Download/Nearby/20200312_194830!000.mp4
