--------- beginning of main
06-28 21:20:11.269  3076  3076 I zygote  : Late-enabling -Xcheck:jni
--------- beginning of system
06-28 21:20:11.388  3076  3076 I ActivityThread: handleStopService: token=android.os.BinderProxy@4b96e9f not found.
06-28 21:20:11.392  3076  3076 I TransferService: Starting Transfer Service to listen for network connectivity changes.
06-28 21:20:11.393  3076  3076 W LogFactory: Truncating log tag length as it exceed 23, the limit imposed by Android on certain API Levels
06-28 21:20:11.416  3076  3076 I TransferService: Registering the network receiver
06-28 21:20:11.418  3076  3076 I TransferService: Moving the service out of the Foreground state.
06-28 21:20:11.419  3076  3076 I TransferService: De-registering the network receiver.
06-28 21:20:12.953  3076  3076 I zygote  : Rejecting re-init on previously-failed class java.lang.Class<androidx.core.view.ViewCompat$2>: java.lang.NoClassDefFoundError: Failed resolution of: Landroid/view/View$OnUnhandledKeyEventListener;
06-28 21:20:12.953  3076  3076 I zygote  :   at void androidx.core.view.ViewCompat.setOnApplyWindowInsetsListener(android.view.View, androidx.core.view.OnApplyWindowInsetsListener) (ViewCompat.java:2421)
06-28 21:20:12.953  3076  3076 I zygote  :   at android.view.ViewGroup androidx.appcompat.app.AppCompatDelegateImpl.createSubDecor() (AppCompatDelegateImpl.java:779)
06-28 21:20:12.953  3076  3076 I zygote  :   at void androidx.appcompat.app.AppCompatDelegateImpl.ensureSubDecor() (AppCompatDelegateImpl.java:659)
06-28 21:20:12.953  3076  3076 I zygote  :   at void androidx.appcompat.app.AppCompatDelegateImpl.setContentView(int) (AppCompatDelegateImpl.java:552)
06-28 21:20:12.953  3076  3076 I zygote  :   at void androidx.appcompat.app.AppCompatActivity.setContentView(int) (AppCompatActivity.java:161)
06-28 21:20:12.953  3076  3076 I zygote  :   at void com.example.edgesum.page.main.MainActivity.onCreate(android.os.Bundle) (MainActivity.java:95)
06-28 21:20:12.953  3076  3076 I zygote  :   at void android.app.Activity.performCreate(android.os.Bundle, android.os.PersistableBundle) (Activity.java:7009)
06-28 21:20:12.953  3076  3076 I zygote  :   at void android.app.Activity.performCreate(android.os.Bundle) (Activity.java:7000)
06-28 21:20:12.953  3076  3076 I zygote  :   at void android.app.Instrumentation.callActivityOnCreate(android.app.Activity, android.os.Bundle) (Instrumentation.java:1214)
06-28 21:20:12.953  3076  3076 I zygote  :   at android.app.Activity android.app.ActivityThread.performLaunchActivity(android.app.ActivityThread$ActivityClientRecord, android.content.Intent) (ActivityThread.java:2731)
06-28 21:20:12.953  3076  3076 I zygote  :   at void android.app.ActivityThread.handleLaunchActivity(android.app.ActivityThread$ActivityClientRecord, android.content.Intent, java.lang.String) (ActivityThread.java:2856)
06-28 21:20:12.953  3076  3076 I zygote  :   at void android.app.ActivityThread.-wrap11(android.app.ActivityThread, android.app.ActivityThread$ActivityClientRecord, android.content.Intent, java.lang.String) (ActivityThread.java:-1)
06-28 21:20:12.953  3076  3076 I zygote  :   at void android.app.ActivityThread$H.handleMessage(android.os.Message) (ActivityThread.java:1589)
06-28 21:20:12.953  3076  3076 I zygote  :   at void android.os.Handler.dispatchMessage(android.os.Message) (Handler.java:106)
06-28 21:20:12.953  3076  3076 I zygote  :   at void android.os.Looper.loop() (Looper.java:164)
06-28 21:20:12.953  3076  3076 I zygote  :   at void android.app.ActivityThread.main(java.lang.String[]) (ActivityThread.java:6494)
06-28 21:20:12.953  3076  3076 I zygote  :   at java.lang.Object java.lang.reflect.Method.invoke(java.lang.Object, java.lang.Object[]) (Method.java:-2)
06-28 21:20:12.953  3076  3076 I zygote  :   at void com.android.internal.os.RuntimeInit$MethodAndArgsCaller.run() (RuntimeInit.java:438)
06-28 21:20:12.953  3076  3076 I zygote  :   at void com.android.internal.os.ZygoteInit.main(java.lang.String[]) (ZygoteInit.java:807)
06-28 21:20:12.953  3076  3076 I zygote  : Caused by: java.lang.ClassNotFoundException: Didn't find class "android.view.View$OnUnhandledKeyEventListener" on path: DexPathList[[zip file "/data/app/com.example.edgesum-XZulbL2Uky1WPZydDzZa6Q==/base.apk"],nativeLibraryDirectories=[/data/app/com.example.edgesum-XZulbL2Uky1WPZydDzZa6Q==/lib/arm, /data/app/com.example.edgesum-XZulbL2Uky1WPZydDzZa6Q==/base.apk!/lib/armeabi-v7a, /system/lib, /system/vendor/lib]]
06-28 21:20:12.953  3076  3076 I zygote  :   at java.lang.Class dalvik.system.BaseDexClassLoader.findClass(java.lang.String) (BaseDexClassLoader.java:125)
06-28 21:20:12.953  3076  3076 I zygote  :   at java.lang.Class java.lang.ClassLoader.loadClass(java.lang.String, boolean) (ClassLoader.java:379)
06-28 21:20:12.953  3076  3076 I zygote  :   at java.lang.Class java.lang.ClassLoader.loadClass(java.lang.String) (ClassLoader.java:312)
06-28 21:20:12.953  3076  3076 I zygote  :   at void androidx.core.view.ViewCompat.setOnApplyWindowInsetsListener(android.view.View, androidx.core.view.OnApplyWindowInsetsListener) (ViewCompat.java:2421)
06-28 21:20:12.953  3076  3076 I zygote  :   at android.view.ViewGroup androidx.appcompat.app.AppCompatDelegateImpl.createSubDecor() (AppCompatDelegateImpl.java:779)
06-28 21:20:12.953  3076  3076 I zygote  :   at void androidx.appcompat.app.AppCompatDelegateImpl.ensureSubDecor() (AppCompatDelegateImpl.java:659)
06-28 21:20:12.953  3076  3076 I zygote  :   at void androidx.appcompat.app.AppCompatDelegateImpl.setContentView(int) (AppCompatDelegateImpl.java:552)
06-28 21:20:12.953  3076  3076 I zygote  :   at void androidx.appcompat.app.AppCompatActivity.setContentView(int) (AppCompatActivity.java:161)
06-28 21:20:12.953  3076  3076 I zygote  :   at void com.example.edgesum.page.main.MainActivity.onCreate(android.os.Bundle) (MainActivity.java:95)
06-28 21:20:12.953  3076  3076 I zygote  :   at void android.app.Activity.performCreate(android.os.Bundle, android.os.PersistableBundle) (Activity.java:7009)
06-28 21:20:12.953  3076  3076 I zygote  :   at void android.app.Activity.performCreate(android.os.Bundle) (Activity.java:7000)
06-28 21:20:12.953  3076  3076 I zygote  :   at void android.app.Instrumentation.callActivityOnCreate(android.app.Activity, android.os.Bundle) (Instrumentation.java:1214)
06-28 21:20:12.953  3076  3076 I zygote  :   at android.app.Activity android.app.ActivityThread.performLaunchActivity(android.app.ActivityThread$ActivityClientRecord, android.content.Intent) (ActivityThread.java:2731)
06-28 21:20:12.953  3076  3076 I zygote  :   at void android.app.ActivityThread.handleLaunchActivity(android.app.ActivityThread$ActivityClientRecord, android.content.Intent, java.lang.String) (ActivityThread.java:2856)
06-28 21:20:12.953  3076  3076 I zygote  :   at void android.app.ActivityThread.-wrap11(android.app.ActivityThread, android.app.ActivityThread$ActivityClientRecord, android.content.Intent, java.lang.String) (ActivityThread.java:-1)
06-28 21:20:12.953  3076  3076 I zygote  :   at void android.app.ActivityThread$H.handleMessage(android.os.Message) (ActivityThread.java:1589)
06-28 21:20:12.953  3076  3076 I zygote  :   at void android.os.Handler.dispatchMessage(android.os.Message) (Handler.java:106)
06-28 21:20:12.953  3076  3076 I zygote  :   at void android.os.Looper.loop() (Looper.java:164)
06-28 21:20:12.953  3076  3076 I zygote  :   at void android.app.ActivityThread.main(java.lang.String[]) (ActivityThread.java:6494)
06-28 21:20:12.953  3076  3076 I zygote  :   at java.lang.Object java.lang.reflect.Method.invoke(java.lang.Object, java.lang.Object[]) (Method.java:-2)
06-28 21:20:12.954  3076  3076 I zygote  :   at void com.android.internal.os.RuntimeInit$MethodAndArgsCaller.run() (RuntimeInit.java:438)
06-28 21:20:12.954  3076  3076 I zygote  :   at void com.android.internal.os.ZygoteInit.main(java.lang.String[]) (ZygoteInit.java:807)
06-28 21:20:12.954  3076  3076 I zygote  : 
06-28 21:20:12.954  3076  3076 I zygote  : Rejecting re-init on previously-failed class java.lang.Class<androidx.core.view.ViewCompat$2>: java.lang.NoClassDefFoundError: Failed resolution of: Landroid/view/View$OnUnhandledKeyEventListener;
06-28 21:20:12.954  3076  3076 I zygote  :   at void androidx.core.view.ViewCompat.setOnApplyWindowInsetsListener(android.view.View, androidx.core.view.OnApplyWindowInsetsListener) (ViewCompat.java:2421)
06-28 21:20:12.954  3076  3076 I zygote  :   at android.view.ViewGroup androidx.appcompat.app.AppCompatDelegateImpl.createSubDecor() (AppCompatDelegateImpl.java:779)
06-28 21:20:12.954  3076  3076 I zygote  :   at void androidx.appcompat.app.AppCompatDelegateImpl.ensureSubDecor() (AppCompatDelegateImpl.java:659)
06-28 21:20:12.954  3076  3076 I zygote  :   at void androidx.appcompat.app.AppCompatDelegateImpl.setContentView(int) (AppCompatDelegateImpl.java:552)
06-28 21:20:12.954  3076  3076 I zygote  :   at void androidx.appcompat.app.AppCompatActivity.setContentView(int) (AppCompatActivity.java:161)
06-28 21:20:12.954  3076  3076 I zygote  :   at void com.example.edgesum.page.main.MainActivity.onCreate(android.os.Bundle) (MainActivity.java:95)
06-28 21:20:12.954  3076  3076 I zygote  :   at void android.app.Activity.performCreate(android.os.Bundle, android.os.PersistableBundle) (Activity.java:7009)
06-28 21:20:12.954  3076  3076 I zygote  :   at void android.app.Activity.performCreate(android.os.Bundle) (Activity.java:7000)
06-28 21:20:12.954  3076  3076 I zygote  :   at void android.app.Instrumentation.callActivityOnCreate(android.app.Activity, android.os.Bundle) (Instrumentation.java:1214)
06-28 21:20:12.954  3076  3076 I zygote  :   at android.app.Activity android.app.ActivityThread.performLaunchActivity(android.app.ActivityThread$ActivityClientRecord, android.content.Intent) (ActivityThread.java:2731)
06-28 21:20:12.954  3076  3076 I zygote  :   at void android.app.ActivityThread.handleLaunchActivity(android.app.ActivityThread$ActivityClientRecord, android.content.Intent, java.lang.String) (ActivityThread.java:2856)
06-28 21:20:12.954  3076  3076 I zygote  :   at void android.app.ActivityThread.-wrap11(android.app.ActivityThread, android.app.ActivityThread$ActivityClientRecord, android.content.Intent, java.lang.String) (ActivityThread.java:-1)
06-28 21:20:12.954  3076  3076 I zygote  :   at void android.app.ActivityThread$H.handleMessage(android.os.Message) (ActivityThread.java:1589)
06-28 21:20:12.954  3076  3076 I zygote  :   at void android.os.Handler.dispatchMessage(android.os.Message) (Handler.java:106)
06-28 21:20:12.954  3076  3076 I zygote  :   at void android.os.Looper.loop() (Looper.java:164)
06-28 21:20:12.954  3076  3076 I zygote  :   at void android.app.ActivityThread.main(java.lang.String[]) (ActivityThread.java:6494)
06-28 21:20:12.954  3076  3076 I zygote  :   at java.lang.Object java.lang.reflect.Method.invoke(java.lang.Object, java.lang.Object[]) (Method.java:-2)
06-28 21:20:12.954  3076  3076 I zygote  :   at void com.android.internal.os.RuntimeInit$MethodAndArgsCaller.run() (RuntimeInit.java:438)
06-28 21:20:12.954  3076  3076 I zygote  :   at void com.android.internal.os.ZygoteInit.main(java.lang.String[]) (ZygoteInit.java:807)
06-28 21:20:12.954  3076  3076 I zygote  : Caused by: java.lang.ClassNotFoundException: Didn't find class "android.view.View$OnUnhandledKeyEventListener" on path: DexPathList[[zip file "/data/app/com.example.edgesum-XZulbL2Uky1WPZydDzZa6Q==/base.apk"],nativeLibraryDirectories=[/data/app/com.example.edgesum-XZulbL2Uky1WPZydDzZa6Q==/lib/arm, /data/app/com.example.edgesum-XZulbL2Uky1WPZydDzZa6Q==/base.apk!/lib/armeabi-v7a, /system/lib, /system/vendor/lib]]
06-28 21:20:12.954  3076  3076 I zygote  :   at java.lang.Class dalvik.system.BaseDexClassLoader.findClass(java.lang.String) (BaseDexClassLoader.java:125)
06-28 21:20:12.954  3076  3076 I zygote  :   at java.lang.Class java.lang.ClassLoader.loadClass(java.lang.String, boolean) (ClassLoader.java:379)
06-28 21:20:12.954  3076  3076 I zygote  :   at java.lang.Class java.lang.ClassLoader.loadClass(java.lang.String) (ClassLoader.java:312)
06-28 21:20:12.954  3076  3076 I zygote  :   at void androidx.core.view.ViewCompat.setOnApplyWindowInsetsListener(android.view.View, androidx.core.view.OnApplyWindowInsetsListener) (ViewCompat.java:2421)
06-28 21:20:12.954  3076  3076 I zygote  :   at android.view.ViewGroup androidx.appcompat.app.AppCompatDelegateImpl.createSubDecor() (AppCompatDelegateImpl.java:779)
06-28 21:20:12.954  3076  3076 I zygote  :   at void androidx.appcompat.app.AppCompatDelegateImpl.ensureSubDecor() (AppCompatDelegateImpl.java:659)
06-28 21:20:12.954  3076  3076 I zygote  :   at void androidx.appcompat.app.AppCompatDelegateImpl.setContentView(int) (AppCompatDelegateImpl.java:552)
06-28 21:20:12.954  3076  3076 I zygote  :   at void androidx.appcompat.app.AppCompatActivity.setContentView(int) (AppCompatActivity.java:161)
06-28 21:20:12.954  3076  3076 I zygote  :   at void com.example.edgesum.page.main.MainActivity.onCreate(android.os.Bundle) (MainActivity.java:95)
06-28 21:20:12.954  3076  3076 I zygote  :   at void android.app.Activity.performCreate(android.os.Bundle, android.os.PersistableBundle) (Activity.java:7009)
06-28 21:20:12.954  3076  3076 I zygote  :   at void android.app.Activity.performCreate(android.os.Bundle) (Activity.java:7000)
06-28 21:20:12.955  3076  3076 I zygote  :   at void android.app.Instrumentation.callActivityOnCreate(android.app.Activity, android.os.Bundle) (Instrumentation.java:1214)
06-28 21:20:12.955  3076  3076 I zygote  :   at android.app.Activity android.app.ActivityThread.performLaunchActivity(android.app.ActivityThread$ActivityClientRecord, android.content.Intent) (ActivityThread.java:2731)
06-28 21:20:12.955  3076  3076 I zygote  :   at void android.app.ActivityThread.handleLaunchActivity(android.app.ActivityThread$ActivityClientRecord, android.content.Intent, java.lang.String) (ActivityThread.java:2856)
06-28 21:20:12.955  3076  3076 I zygote  :   at void android.app.ActivityThread.-wrap11(android.app.ActivityThread, android.app.ActivityThread$ActivityClientRecord, android.content.Intent, java.lang.String) (ActivityThread.java:-1)
06-28 21:20:12.955  3076  3076 I zygote  :   at void android.app.ActivityThread$H.handleMessage(android.os.Message) (ActivityThread.java:1589)
06-28 21:20:12.955  3076  3076 I zygote  :   at void android.os.Handler.dispatchMessage(android.os.Message) (Handler.java:106)
06-28 21:20:12.955  3076  3076 I zygote  :   at void android.os.Looper.loop() (Looper.java:164)
06-28 21:20:12.955  3076  3076 I zygote  :   at void android.app.ActivityThread.main(java.lang.String[]) (ActivityThread.java:6494)
06-28 21:20:12.955  3076  3076 I zygote  :   at java.lang.Object java.lang.reflect.Method.invoke(java.lang.Object, java.lang.Object[]) (Method.java:-2)
06-28 21:20:12.955  3076  3076 I zygote  :   at void com.android.internal.os.RuntimeInit$MethodAndArgsCaller.run() (RuntimeInit.java:438)
06-28 21:20:12.955  3076  3076 I zygote  :   at void com.android.internal.os.ZygoteInit.main(java.lang.String[]) (ZygoteInit.java:807)
06-28 21:20:12.955  3076  3076 I zygote  : 
06-28 21:20:12.955  3076  3076 I zygote  : Rejecting re-init on previously-failed class java.lang.Class<androidx.core.view.ViewCompat$2>: java.lang.NoClassDefFoundError: Failed resolution of: Landroid/view/View$OnUnhandledKeyEventListener;
06-28 21:20:12.955  3076  3076 I zygote  :   at void androidx.core.view.ViewCompat.setOnApplyWindowInsetsListener(android.view.View, androidx.core.view.OnApplyWindowInsetsListener) (ViewCompat.java:2421)
06-28 21:20:12.955  3076  3076 I zygote  :   at android.view.ViewGroup androidx.appcompat.app.AppCompatDelegateImpl.createSubDecor() (AppCompatDelegateImpl.java:779)
06-28 21:20:12.955  3076  3076 I zygote  :   at void androidx.appcompat.app.AppCompatDelegateImpl.ensureSubDecor() (AppCompatDelegateImpl.java:659)
06-28 21:20:12.955  3076  3076 I zygote  :   at void androidx.appcompat.app.AppCompatDelegateImpl.setContentView(int) (AppCompatDelegateImpl.java:552)
06-28 21:20:12.955  3076  3076 I zygote  :   at void androidx.appcompat.app.AppCompatActivity.setContentView(int) (AppCompatActivity.java:161)
06-28 21:20:12.955  3076  3076 I zygote  :   at void com.example.edgesum.page.main.MainActivity.onCreate(android.os.Bundle) (MainActivity.java:95)
06-28 21:20:12.955  3076  3076 I zygote  :   at void android.app.Activity.performCreate(android.os.Bundle, android.os.PersistableBundle) (Activity.java:7009)
06-28 21:20:12.955  3076  3076 I zygote  :   at void android.app.Activity.performCreate(android.os.Bundle) (Activity.java:7000)
06-28 21:20:12.955  3076  3076 I zygote  :   at void android.app.Instrumentation.callActivityOnCreate(android.app.Activity, android.os.Bundle) (Instrumentation.java:1214)
06-28 21:20:12.955  3076  3076 I zygote  :   at android.app.Activity android.app.ActivityThread.performLaunchActivity(android.app.ActivityThread$ActivityClientRecord, android.content.Intent) (ActivityThread.java:2731)
06-28 21:20:12.955  3076  3076 I zygote  :   at void android.app.ActivityThread.handleLaunchActivity(android.app.ActivityThread$ActivityClientRecord, android.content.Intent, java.lang.String) (ActivityThread.java:2856)
06-28 21:20:12.955  3076  3076 I zygote  :   at void android.app.ActivityThread.-wrap11(android.app.ActivityThread, android.app.ActivityThread$ActivityClientRecord, android.content.Intent, java.lang.String) (ActivityThread.java:-1)
06-28 21:20:12.955  3076  3076 I zygote  :   at void android.app.ActivityThread$H.handleMessage(android.os.Message) (ActivityThread.java:1589)
06-28 21:20:12.955  3076  3076 I zygote  :   at void android.os.Handler.dispatchMessage(android.os.Message) (Handler.java:106)
06-28 21:20:12.955  3076  3076 I zygote  :   at void android.os.Looper.loop() (Looper.java:164)
06-28 21:20:12.955  3076  3076 I zygote  :   at void android.app.ActivityThread.main(java.lang.String[]) (ActivityThread.java:6494)
06-28 21:20:12.955  3076  3076 I zygote  :   at java.lang.Object java.lang.reflect.Method.invoke(java.lang.Object, java.lang.Object[]) (Method.java:-2)
06-28 21:20:12.955  3076  3076 I zygote  :   at void com.android.internal.os.RuntimeInit$MethodAndArgsCaller.run() (RuntimeInit.java:438)
06-28 21:20:12.955  3076  3076 I zygote  :   at void com.android.internal.os.ZygoteInit.main(java.lang.String[]) (ZygoteInit.java:807)
06-28 21:20:12.955  3076  3076 I zygote  : Caused by: java.lang.ClassNotFoundException: Didn't find class "android.view.View$OnUnhandledKeyEventListener" on path: DexPathList[[zip file "/data/app/com.example.edgesum-XZulbL2Uky1WPZydDzZa6Q==/base.apk"],nativeLibraryDirectories=[/data/app/com.example.edgesum-XZulbL2Uky1WPZydDzZa6Q==/lib/arm, /data/app/com.example.edgesum-XZulbL2Uky1WPZydDzZa6Q==/base.apk!/lib/armeabi-v7a, /system/lib, /system/vendor/lib]]
06-28 21:20:12.955  3076  3076 I zygote  :   at java.lang.Class dalvik.system.BaseDexClassLoader.findClass(java.lang.String) (BaseDexClassLoader.java:125)
06-28 21:20:12.955  3076  3076 I zygote  :   at java.lang.Class java.lang.ClassLoader.loadClass(java.lang.String, boolean) (ClassLoader.java:379)
06-28 21:20:12.955  3076  3076 I zygote  :   at java.lang.Class java.lang.ClassLoader.loadClass(java.lang.String) (ClassLoader.java:312)
06-28 21:20:12.955  3076  3076 I zygote  :   at void androidx.core.view.ViewCompat.setOnApplyWindowInsetsListener(android.view.View, androidx.core.view.OnApplyWindowInsetsListener) (ViewCompat.java:2421)
06-28 21:20:12.955  3076  3076 I zygote  :   at android.view.ViewGroup androidx.appcompat.app.AppCompatDelegateImpl.createSubDecor() (AppCompatDelegateImpl.java:779)
06-28 21:20:12.955  3076  3076 I zygote  :   at void androidx.appcompat.app.AppCompatDelegateImpl.ensureSubDecor() (AppCompatDelegateImpl.java:659)
06-28 21:20:12.955  3076  3076 I zygote  :   at void androidx.appcompat.app.AppCompatDelegateImpl.setContentView(int) (AppCompatDelegateImpl.java:552)
06-28 21:20:12.955  3076  3076 I zygote  :   at void androidx.appcompat.app.AppCompatActivity.setContentView(int) (AppCompatActivity.java:161)
06-28 21:20:12.955  3076  3076 I zygote  :   at void com.example.edgesum.page.main.MainActivity.onCreate(android.os.Bundle) (MainActivity.java:95)
06-28 21:20:12.955  3076  3076 I zygote  :   at void android.app.Activity.performCreate(android.os.Bundle, android.os.PersistableBundle) (Activity.java:7009)
06-28 21:20:12.955  3076  3076 I zygote  :   at void android.app.Activity.performCreate(android.os.Bundle) (Activity.java:7000)
06-28 21:20:12.955  3076  3076 I zygote  :   at void android.app.Instrumentation.callActivityOnCreate(android.app.Activity, android.os.Bundle) (Instrumentation.java:1214)
06-28 21:20:12.955  3076  3076 I zygote  :   at android.app.Activity android.app.ActivityThread.performLaunchActivity(android.app.ActivityThread$ActivityClientRecord, android.content.Intent) (ActivityThread.java:2731)
06-28 21:20:12.956  3076  3076 I zygote  :   at void android.app.ActivityThread.handleLaunchActivity(android.app.ActivityThread$ActivityClientRecord, android.content.Intent, java.lang.String) (ActivityThread.java:2856)
06-28 21:20:12.956  3076  3076 I zygote  :   at void android.app.ActivityThread.-wrap11(android.app.ActivityThread, android.app.ActivityThread$ActivityClientRecord, android.content.Intent, java.lang.String) (ActivityThread.java:-1)
06-28 21:20:12.956  3076  3076 I zygote  :   at void android.app.ActivityThread$H.handleMessage(android.os.Message) (ActivityThread.java:1589)
06-28 21:20:12.956  3076  3076 I zygote  :   at void android.os.Handler.dispatchMessage(android.os.Message) (Handler.java:106)
06-28 21:20:12.956  3076  3076 I zygote  :   at void android.os.Looper.loop() (Looper.java:164)
06-28 21:20:12.956  3076  3076 I zygote  :   at void android.app.ActivityThread.main(java.lang.String[]) (ActivityThread.java:6494)
06-28 21:20:12.956  3076  3076 I zygote  :   at java.lang.Object java.lang.reflect.Method.invoke(java.lang.Object, java.lang.Object[]) (Method.java:-2)
06-28 21:20:12.956  3076  3076 I zygote  :   at void com.android.internal.os.RuntimeInit$MethodAndArgsCaller.run() (RuntimeInit.java:438)
06-28 21:20:12.956  3076  3076 I zygote  :   at void com.android.internal.os.ZygoteInit.main(java.lang.String[]) (ZygoteInit.java:807)
06-28 21:20:12.956  3076  3076 I zygote  : 
06-28 21:20:13.216  3076  3076 V Repo    : /storage/emulated/0/Movies/raw
06-28 21:20:13.216  3076  3076 V Repo    : /storage/emulated/0/Movies/summarised
06-28 21:20:13.234  3076  3076 V FileManager: External storage is readable
06-28 21:20:13.235  3076  3076 V FileManager: Directory already exists: /storage/emulated/0/Movies/raw
06-28 21:20:13.239  3076  3076 V FileManager: External storage is readable
06-28 21:20:13.239  3076  3076 V FileManager: Directory already exists: /storage/emulated/0/Movies/summarised
06-28 21:20:13.242  3076  3076 V FileManager: External storage is readable
06-28 21:20:13.243  3076  3076 V FileManager: Directory already exists: /storage/emulated/0/Download/nearby
06-28 21:20:13.249  3076  3076 V FileManager: External storage is readable
06-28 21:20:13.249  3076  3076 V FileManager: Directory already exists: /storage/emulated/0/Movies/segment
06-28 21:20:13.253  3076  3076 V FileManager: External storage is readable
06-28 21:20:13.253  3076  3076 V FileManager: Directory already exists: /storage/emulated/0/Movies/segment-sum
06-28 21:20:13.501  3076  3076 V VideoManager: getAllVideoFromExternalStorageFolder
06-28 21:20:13.505  3076  3076 D VideoManager: /storage/emulated/0/Movies/summarised
06-28 21:20:13.517  3076  3076 D VideoManager: 0 videos return
06-28 21:20:13.539  3076  3081 I zygote  : Do partial code cache collection, code=10KB, data=19KB
06-28 21:20:13.541  3076  3081 I zygote  : After code cache collection, code=10KB, data=19KB
06-28 21:20:13.541  3076  3081 I zygote  : Increasing code cache capacity to 128KB
06-28 21:20:13.543  3076  3081 I zygote  : Do partial code cache collection, code=10KB, data=36KB
06-28 21:20:13.544  3076  3081 I zygote  : After code cache collection, code=10KB, data=36KB
06-28 21:20:13.544  3076  3081 I zygote  : Increasing code cache capacity to 256KB
06-28 21:20:13.546  3076  3081 I zygote  : Compiler allocated 4MB to compile void android.widget.TextView.<init>(android.content.Context, android.util.AttributeSet, int, int)
06-28 21:20:13.575  3076  3076 V VideoManager: getAllVideoFromExternalStorageFolder
06-28 21:20:13.579  3076  3076 D VideoManager: /storage/emulated/0/Movies/raw
06-28 21:20:13.586  3076  3076 D VideoManager: 0 videos return
06-28 21:20:13.657  3076  3111 D OpenGLRenderer: HWUI GL Pipeline
06-28 21:20:13.666  3076  3076 I TransferService: Starting Transfer Service to listen for network connectivity changes.
06-28 21:20:13.667  3076  3076 I TransferService: Registering the network receiver
06-28 21:20:13.672  3076  3076 E TransferService: No notification is passed in the intent. Unable to transition to foreground.
06-28 21:20:13.802  3076  3089 D MainActivity: Scanned /storage/emulated/0/Movies/raw
06-28 21:20:13.802  3076  3089 D MainActivity:   -> uri=content://media/external/file/932
06-28 21:20:13.843  3076  3076 W StaticLayout: maxLineHeight should not be -1.  maxLines:1 lineCount:1
06-28 21:20:13.848  3076  3116 D MainActivity: Scanned /storage/emulated/0/Movies/summarised
06-28 21:20:13.848  3076  3116 D MainActivity:   -> uri=content://media/external/file/931
06-28 21:20:13.856  3076  3076 W StaticLayout: maxLineHeight should not be -1.  maxLines:1 lineCount:1
06-28 21:20:13.866  3076  3076 I chatty  : uid=10086(com.example.edgesum) identical 1 line
06-28 21:20:13.875  3076  3076 W StaticLayout: maxLineHeight should not be -1.  maxLines:1 lineCount:1
06-28 21:20:13.901  3076  3111 I Adreno-EGL: <qeglDrvAPI_eglInitialize:379>: QUALCOMM Build: 06/17/16, f19e6a9, I9e7a63e7c4
06-28 21:20:13.905  3076  3111 I zygote  : android::hardware::configstore::V1_0::ISurfaceFlingerConfigs::hasWideColorDisplay retrieved: 0
06-28 21:20:13.905  3076  3111 I OpenGLRenderer: Initialized EGL, version 1.4
06-28 21:20:13.906  3076  3111 D OpenGLRenderer: Swap behavior 1
06-28 21:20:13.912  3076  3111 W Adreno-EGL: <qeglDrvAPI_eglGetConfigAttrib:607>: EGL_BAD_ATTRIBUTE
06-28 21:20:13.915  3076  3111 W Adreno-EGL: <qeglDrvAPI_eglGetConfigAttrib:607>: EGL_BAD_ATTRIBUTE
06-28 21:20:13.916  3076  3111 D vndksupport: Loading /vendor/lib/hw/gralloc.msm8974.so from current namespace instead of sphal namespace.
06-28 21:20:13.923  3076  3076 W StaticLayout: maxLineHeight should not be -1.  maxLines:1 lineCount:1
06-28 21:20:13.934  3076  3076 W StaticLayout: maxLineHeight should not be -1.  maxLines:1 lineCount:1
06-28 21:20:13.982  3076  3111 D vndksupport: Loading /vendor/lib/hw/android.hardware.graphics.mapper@2.0-impl.so from current namespace instead of sphal namespace.
06-28 21:20:13.983  3076  3111 D vndksupport: Loading /vendor/lib/hw/gralloc.msm8974.so from current namespace instead of sphal namespace.
06-28 21:20:42.321  3076  3076 V MainActivity: Connect button clicked
06-28 21:20:45.289  3076  3076 V ConnectionFragment: Discovery switch checked
06-28 21:20:45.462  3076  3076 D NearbyFragment: Started discovering
06-28 21:20:54.477  3076  3076 D NearbyFragment: Found endpoint jKt9: Nexus 5X [34d8]
06-28 21:21:05.402  3076  3076 D NearbyFragment: Selected 'Endpoint{id=jKt9, name=Nexus 5X [34d8]}'
06-28 21:21:05.430  3076  3111 W Adreno-EGL: <qeglDrvAPI_eglGetConfigAttrib:607>: EGL_BAD_ATTRIBUTE
06-28 21:21:05.431  3076  3111 D vndksupport: Loading /vendor/lib/hw/gralloc.msm8974.so from current namespace instead of sphal namespace.
06-28 21:21:17.895  3076  3076 D NearbyFragment: Initiated connection with Endpoint{id=jKt9, name=Nexus 5X [34d8]}: Nexus 5X [34d8]
06-28 21:21:18.080  3076  3081 I zygote  : Do full code cache collection, code=126KB, data=93KB
06-28 21:21:18.084  3076  3087 I zygote  : Background concurrent copying GC freed 7778(741KB) AllocSpace objects, 0(0B) LOS objects, 49% free, 1963KB/3MB, paused 135us total 144.930ms
06-28 21:21:18.090  3076  3076 D NearbyFragment: Requested connection with Endpoint{id=jKt9, name=Nexus 5X [34d8]}
06-28 21:21:18.093  3076  3081 I zygote  : After code cache collection, code=124KB, data=61KB
06-28 21:21:18.158  3076  3111 W Adreno-EGL: <qeglDrvAPI_eglGetConfigAttrib:607>: EGL_BAD_ATTRIBUTE
06-28 21:21:18.165  3076  3111 D vndksupport: Loading /vendor/lib/hw/gralloc.msm8974.so from current namespace instead of sphal namespace.
06-28 21:21:18.175  3076  3081 I zygote  : Do partial code cache collection, code=124KB, data=69KB
06-28 21:21:18.179  3076  3081 I zygote  : After code cache collection, code=124KB, data=70KB
06-28 21:21:18.179  3076  3081 I zygote  : Increasing code cache capacity to 512KB
06-28 21:21:20.024  3076  3076 I NearbyFragment: Connected to Endpoint{id=jKt9, name=Nexus 5X [34d8]}
06-28 21:21:21.172  3076  3076 V ConnectionFragment: Discovery switch unchecked
06-28 21:21:21.173  3076  3076 D NearbyFragment: Stopped discovering
06-28 21:21:24.588  3076  3076 I TransferNetworkLossHand: Network connectivity changed detected.
06-28 21:21:24.606  3076  3076 I TransferNetworkLossHand: Network connected: true
06-28 21:23:01.344  3076  3076 D NearbyFragment: onPayloadReceived(endpointId=jKt9, payload=com.google.android.gms.nearby.connection.Payload@5434c67)
06-28 21:23:01.345  3076  3076 V NearbyFragment: Started downloading SUMMARISE_SEGMENT:-5977668250582989149:20200312_150744!000.mp4:45.0_1.0_23_medium from Endpoint{id=jKt9, name=Nexus 5X [34d8]}
06-28 21:23:01.355  3076  3076 V NearbyFragment: Transfer to jKt9: 100%
06-28 21:23:01.359  3076  3076 V NearbyFragment: Transfer to jKt9: 100%
06-28 21:23:01.375  3076  3076 D NearbyFragment: onPayloadReceived(endpointId=jKt9, payload=com.google.android.gms.nearby.connection.Payload@9ffd0b2)
06-28 21:23:01.377  3076  3076 V NearbyFragment: Transfer to jKt9: 0%
06-28 21:23:01.389  3076  3076 V NearbyFragment: Transfer to jKt9: 0%
06-28 21:23:01.395  3076  3076 V NearbyFragment: Transfer to jKt9: 1%
06-28 21:23:01.411  3076  3076 V NearbyFragment: Transfer to jKt9: 1%
06-28 21:23:01.495  3076  3076 V NearbyFragment: Transfer to jKt9: 1%
06-28 21:23:01.512  3076  3076 V NearbyFragment: Transfer to jKt9: 2%
06-28 21:23:01.531  3076  3076 V NearbyFragment: Transfer to jKt9: 2%
06-28 21:23:01.541  3076  3076 V NearbyFragment: Transfer to jKt9: 3%
06-28 21:23:01.555  3076  3076 V NearbyFragment: Transfer to jKt9: 3%
06-28 21:23:01.570  3076  3076 V NearbyFragment: Transfer to jKt9: 3%
06-28 21:23:01.587  3076  3076 V NearbyFragment: Transfer to jKt9: 4%
06-28 21:23:01.600  3076  3076 V NearbyFragment: Transfer to jKt9: 4%
06-28 21:23:01.615  3076  3076 V NearbyFragment: Transfer to jKt9: 5%
06-28 21:23:01.626  3076  3076 V NearbyFragment: Transfer to jKt9: 5%
06-28 21:23:01.651  3076  3076 V NearbyFragment: Transfer to jKt9: 5%
06-28 21:23:01.668  3076  3076 V NearbyFragment: Transfer to jKt9: 6%
06-28 21:23:01.687  3076  3076 V NearbyFragment: Transfer to jKt9: 6%
06-28 21:23:01.691  3076  3076 V NearbyFragment: Transfer to jKt9: 6%
06-28 21:23:01.701  3076  3076 V NearbyFragment: Transfer to jKt9: 7%
06-28 21:23:01.715  3076  3076 V NearbyFragment: Transfer to jKt9: 7%
06-28 21:23:01.726  3076  3076 V NearbyFragment: Transfer to jKt9: 8%
06-28 21:23:01.738  3076  3076 V NearbyFragment: Transfer to jKt9: 8%
06-28 21:23:01.763  3076  3076 V NearbyFragment: Transfer to jKt9: 8%
06-28 21:23:01.774  3076  3076 V NearbyFragment: Transfer to jKt9: 9%
06-28 21:23:01.798  3076  3076 V NearbyFragment: Transfer to jKt9: 9%
06-28 21:23:01.829  3076  3076 V NearbyFragment: Transfer to jKt9: 10%
06-28 21:23:01.839  3076  3076 V NearbyFragment: Transfer to jKt9: 10%
06-28 21:23:01.845  3076  3076 V NearbyFragment: Transfer to jKt9: 10%
06-28 21:23:01.847  3076  3076 V NearbyFragment: Transfer to jKt9: 11%
06-28 21:23:01.863  3076  3076 V NearbyFragment: Transfer to jKt9: 11%
06-28 21:23:01.874  3076  3076 V NearbyFragment: Transfer to jKt9: 12%
06-28 21:23:01.883  3076  3076 V NearbyFragment: Transfer to jKt9: 12%
06-28 21:23:01.893  3076  3076 V NearbyFragment: Transfer to jKt9: 12%
06-28 21:23:01.917  3076  3076 V NearbyFragment: Transfer to jKt9: 13%
06-28 21:23:01.919  3076  3076 V NearbyFragment: Transfer to jKt9: 13%
06-28 21:23:01.937  3076  3076 V NearbyFragment: Transfer to jKt9: 13%
06-28 21:23:01.952  3076  3076 V NearbyFragment: Transfer to jKt9: 14%
06-28 21:23:01.964  3076  3076 V NearbyFragment: Transfer to jKt9: 14%
06-28 21:23:01.978  3076  3076 V NearbyFragment: Transfer to jKt9: 15%
06-28 21:23:01.988  3076  3076 V NearbyFragment: Transfer to jKt9: 15%
06-28 21:23:02.005  3076  3076 V NearbyFragment: Transfer to jKt9: 15%
06-28 21:23:02.018  3076  3076 V NearbyFragment: Transfer to jKt9: 16%
06-28 21:23:02.024  3076  3076 V NearbyFragment: Transfer to jKt9: 16%
06-28 21:23:02.044  3076  3076 V NearbyFragment: Transfer to jKt9: 17%
06-28 21:23:02.053  3076  3076 V NearbyFragment: Transfer to jKt9: 17%
06-28 21:23:02.063  3076  3076 V NearbyFragment: Transfer to jKt9: 17%
06-28 21:23:02.070  3076  3076 V NearbyFragment: Transfer to jKt9: 18%
06-28 21:23:02.082  3076  3076 V NearbyFragment: Transfer to jKt9: 18%
06-28 21:23:02.091  3076  3076 V NearbyFragment: Transfer to jKt9: 19%
06-28 21:23:02.146  3076  3076 V NearbyFragment: Transfer to jKt9: 19%
06-28 21:23:02.160  3076  3076 V NearbyFragment: Transfer to jKt9: 19%
06-28 21:23:02.175  3076  3076 V NearbyFragment: Transfer to jKt9: 20%
06-28 21:23:02.178  3076  3076 V NearbyFragment: Transfer to jKt9: 20%
06-28 21:23:02.184  3076  3076 V NearbyFragment: Transfer to jKt9: 20%
06-28 21:23:02.226  3076  3076 V NearbyFragment: Transfer to jKt9: 21%
06-28 21:23:02.235  3076  3076 V NearbyFragment: Transfer to jKt9: 21%
06-28 21:23:02.243  3076  3076 V NearbyFragment: Transfer to jKt9: 22%
06-28 21:23:02.269  3076  3076 V NearbyFragment: Transfer to jKt9: 22%
06-28 21:23:02.278  3076  3076 V NearbyFragment: Transfer to jKt9: 22%
06-28 21:23:02.284  3076  3076 V NearbyFragment: Transfer to jKt9: 23%
06-28 21:23:02.312  3076  3076 V NearbyFragment: Transfer to jKt9: 23%
06-28 21:23:02.325  3076  3076 V NearbyFragment: Transfer to jKt9: 24%
06-28 21:23:02.348  3076  3076 V NearbyFragment: Transfer to jKt9: 24%
06-28 21:23:02.356  3076  3076 V NearbyFragment: Transfer to jKt9: 24%
06-28 21:23:02.368  3076  3076 V NearbyFragment: Transfer to jKt9: 25%
06-28 21:23:02.371  3076  3076 V NearbyFragment: Transfer to jKt9: 25%
06-28 21:23:02.398  3076  3076 V NearbyFragment: Transfer to jKt9: 26%
06-28 21:23:02.417  3076  3076 V NearbyFragment: Transfer to jKt9: 26%
06-28 21:23:02.430  3076  3076 V NearbyFragment: Transfer to jKt9: 26%
06-28 21:23:02.440  3076  3076 V NearbyFragment: Transfer to jKt9: 27%
06-28 21:23:02.452  3076  3076 V NearbyFragment: Transfer to jKt9: 27%
06-28 21:23:02.559  3076  3076 V NearbyFragment: Transfer to jKt9: 27%
06-28 21:23:02.584  3076  3076 V NearbyFragment: Transfer to jKt9: 28%
06-28 21:23:02.646  3076  3076 V NearbyFragment: Transfer to jKt9: 28%
06-28 21:23:02.710  3076  3076 V NearbyFragment: Transfer to jKt9: 29%
06-28 21:23:03.142  3076  3076 V NearbyFragment: Transfer to jKt9: 29%
06-28 21:23:03.175  3076  3076 V NearbyFragment: Transfer to jKt9: 29%
06-28 21:23:03.204  3076  3076 V NearbyFragment: Transfer to jKt9: 30%
06-28 21:23:03.219  3076  3076 V NearbyFragment: Transfer to jKt9: 30%
06-28 21:23:03.233  3076  3076 V NearbyFragment: Transfer to jKt9: 31%
06-28 21:23:03.248  3076  3076 V NearbyFragment: Transfer to jKt9: 31%
06-28 21:23:03.268  3076  3076 V NearbyFragment: Transfer to jKt9: 31%
06-28 21:23:03.278  3076  3076 V NearbyFragment: Transfer to jKt9: 32%
06-28 21:23:03.285  3076  3076 V NearbyFragment: Transfer to jKt9: 32%
06-28 21:23:03.289  3076  3076 V NearbyFragment: Transfer to jKt9: 32%
06-28 21:23:03.294  3076  3076 V NearbyFragment: Transfer to jKt9: 33%
06-28 21:23:03.304  3076  3076 V NearbyFragment: Transfer to jKt9: 33%
06-28 21:23:03.315  3076  3076 V NearbyFragment: Transfer to jKt9: 34%
06-28 21:23:03.337  3076  3076 V NearbyFragment: Transfer to jKt9: 34%
06-28 21:23:03.348  3076  3076 V NearbyFragment: Transfer to jKt9: 34%
06-28 21:23:03.361  3076  3076 V NearbyFragment: Transfer to jKt9: 35%
06-28 21:23:03.371  3076  3076 V NearbyFragment: Transfer to jKt9: 35%
06-28 21:23:03.383  3076  3076 V NearbyFragment: Transfer to jKt9: 36%
06-28 21:23:03.395  3076  3076 V NearbyFragment: Transfer to jKt9: 36%
06-28 21:23:03.419  3076  3076 V NearbyFragment: Transfer to jKt9: 36%
06-28 21:23:03.430  3076  3076 V NearbyFragment: Transfer to jKt9: 37%
06-28 21:23:03.446  3076  3076 V NearbyFragment: Transfer to jKt9: 37%
06-28 21:23:03.456  3076  3076 V NearbyFragment: Transfer to jKt9: 38%
06-28 21:23:03.478  3076  3076 V NearbyFragment: Transfer to jKt9: 38%
06-28 21:23:03.491  3076  3076 V NearbyFragment: Transfer to jKt9: 38%
06-28 21:23:03.515  3076  3076 V NearbyFragment: Transfer to jKt9: 39%
06-28 21:23:03.526  3076  3076 V NearbyFragment: Transfer to jKt9: 39%
06-28 21:23:03.533  3076  3076 V NearbyFragment: Transfer to jKt9: 39%
06-28 21:23:03.541  3076  3076 V NearbyFragment: Transfer to jKt9: 40%
06-28 21:23:03.551  3076  3076 V NearbyFragment: Transfer to jKt9: 40%
06-28 21:23:03.558  3076  3076 V NearbyFragment: Transfer to jKt9: 41%
06-28 21:23:03.565  3076  3076 V NearbyFragment: Transfer to jKt9: 41%
06-28 21:23:03.573  3076  3076 V NearbyFragment: Transfer to jKt9: 41%
06-28 21:23:03.579  3076  3076 V NearbyFragment: Transfer to jKt9: 42%
06-28 21:23:03.588  3076  3076 V NearbyFragment: Transfer to jKt9: 42%
06-28 21:23:03.603  3076  3076 V NearbyFragment: Transfer to jKt9: 43%
06-28 21:23:03.615  3076  3076 V NearbyFragment: Transfer to jKt9: 43%
06-28 21:23:03.625  3076  3076 V NearbyFragment: Transfer to jKt9: 43%
06-28 21:23:03.643  3076  3076 V NearbyFragment: Transfer to jKt9: 44%
06-28 21:23:03.659  3076  3076 V NearbyFragment: Transfer to jKt9: 44%
06-28 21:23:03.667  3076  3076 V NearbyFragment: Transfer to jKt9: 45%
06-28 21:23:03.680  3076  3076 V NearbyFragment: Transfer to jKt9: 45%
06-28 21:23:03.697  3076  3076 V NearbyFragment: Transfer to jKt9: 45%
06-28 21:23:03.747  3076  3076 V NearbyFragment: Transfer to jKt9: 46%
06-28 21:23:03.768  3076  3076 V NearbyFragment: Transfer to jKt9: 46%
06-28 21:23:03.780  3076  3076 V NearbyFragment: Transfer to jKt9: 46%
06-28 21:23:03.798  3076  3076 V NearbyFragment: Transfer to jKt9: 47%
06-28 21:23:03.804  3076  3076 V NearbyFragment: Transfer to jKt9: 47%
06-28 21:23:03.815  3076  3076 V NearbyFragment: Transfer to jKt9: 48%
06-28 21:23:03.824  3076  3076 V NearbyFragment: Transfer to jKt9: 48%
06-28 21:23:03.832  3076  3076 V NearbyFragment: Transfer to jKt9: 48%
06-28 21:23:03.843  3076  3076 V NearbyFragment: Transfer to jKt9: 49%
06-28 21:23:03.846  3076  3076 V NearbyFragment: Transfer to jKt9: 49%
06-28 21:23:03.856  3076  3076 V NearbyFragment: Transfer to jKt9: 50%
06-28 21:23:03.862  3076  3076 V NearbyFragment: Transfer to jKt9: 50%
06-28 21:23:03.867  3076  3076 V NearbyFragment: Transfer to jKt9: 50%
06-28 21:23:03.890  3076  3076 V NearbyFragment: Transfer to jKt9: 51%
06-28 21:23:03.904  3076  3076 V NearbyFragment: Transfer to jKt9: 51%
06-28 21:23:03.917  3076  3076 V NearbyFragment: Transfer to jKt9: 52%
06-28 21:23:03.928  3076  3076 V NearbyFragment: Transfer to jKt9: 52%
06-28 21:23:03.938  3076  3076 V NearbyFragment: Transfer to jKt9: 52%
06-28 21:23:03.947  3076  3076 V NearbyFragment: Transfer to jKt9: 53%
06-28 21:23:03.955  3076  3076 V NearbyFragment: Transfer to jKt9: 53%
06-28 21:23:03.979  3076  3076 V NearbyFragment: Transfer to jKt9: 53%
06-28 21:23:03.989  3076  3076 V NearbyFragment: Transfer to jKt9: 54%
06-28 21:23:03.994  3076  3076 V NearbyFragment: Transfer to jKt9: 54%
06-28 21:23:03.999  3076  3076 V NearbyFragment: Transfer to jKt9: 55%
06-28 21:23:04.005  3076  3076 V NearbyFragment: Transfer to jKt9: 55%
06-28 21:23:04.016  3076  3076 V NearbyFragment: Transfer to jKt9: 55%
06-28 21:23:04.028  3076  3076 V NearbyFragment: Transfer to jKt9: 56%
06-28 21:23:04.031  3076  3076 V NearbyFragment: Transfer to jKt9: 56%
06-28 21:23:04.037  3076  3076 V NearbyFragment: Transfer to jKt9: 57%
06-28 21:23:04.047  3076  3076 V NearbyFragment: Transfer to jKt9: 57%
06-28 21:23:04.065  3076  3076 V NearbyFragment: Transfer to jKt9: 57%
06-28 21:23:04.073  3076  3076 V NearbyFragment: Transfer to jKt9: 58%
06-28 21:23:04.082  3076  3076 V NearbyFragment: Transfer to jKt9: 58%
06-28 21:23:04.093  3076  3076 V NearbyFragment: Transfer to jKt9: 59%
06-28 21:23:04.107  3076  3076 V NearbyFragment: Transfer to jKt9: 59%
06-28 21:23:04.124  3076  3076 V NearbyFragment: Transfer to jKt9: 59%
06-28 21:23:04.133  3076  3076 V NearbyFragment: Transfer to jKt9: 60%
06-28 21:23:04.143  3076  3076 V NearbyFragment: Transfer to jKt9: 60%
06-28 21:23:04.157  3076  3076 V NearbyFragment: Transfer to jKt9: 60%
06-28 21:23:04.172  3076  3076 V NearbyFragment: Transfer to jKt9: 61%
06-28 21:23:04.181  3076  3076 V NearbyFragment: Transfer to jKt9: 61%
06-28 21:23:04.191  3076  3076 V NearbyFragment: Transfer to jKt9: 62%
06-28 21:23:04.205  3076  3076 V NearbyFragment: Transfer to jKt9: 62%
06-28 21:23:04.230  3076  3076 V NearbyFragment: Transfer to jKt9: 62%
06-28 21:23:04.245  3076  3076 V NearbyFragment: Transfer to jKt9: 63%
06-28 21:23:04.253  3076  3076 V NearbyFragment: Transfer to jKt9: 63%
06-28 21:23:04.261  3076  3076 V NearbyFragment: Transfer to jKt9: 64%
06-28 21:23:04.268  3076  3076 V NearbyFragment: Transfer to jKt9: 64%
06-28 21:23:04.286  3076  3076 V NearbyFragment: Transfer to jKt9: 64%
06-28 21:23:04.293  3076  3076 V NearbyFragment: Transfer to jKt9: 65%
06-28 21:23:04.305  3076  3076 V NearbyFragment: Transfer to jKt9: 65%
06-28 21:23:04.309  3076  3076 V NearbyFragment: Transfer to jKt9: 65%
06-28 21:23:04.330  3076  3076 V NearbyFragment: Transfer to jKt9: 66%
06-28 21:23:04.352  3076  3076 V NearbyFragment: Transfer to jKt9: 66%
06-28 21:23:04.368  3076  3076 V NearbyFragment: Transfer to jKt9: 67%
06-28 21:23:04.378  3076  3076 V NearbyFragment: Transfer to jKt9: 67%
06-28 21:23:04.385  3076  3076 V NearbyFragment: Transfer to jKt9: 67%
06-28 21:23:04.394  3076  3076 V NearbyFragment: Transfer to jKt9: 68%
06-28 21:23:04.452  3076  3076 V NearbyFragment: Transfer to jKt9: 68%
06-28 21:23:04.478  3076  3076 V NearbyFragment: Transfer to jKt9: 69%
06-28 21:23:04.488  3076  3076 V NearbyFragment: Transfer to jKt9: 69%
06-28 21:23:04.499  3076  3076 V NearbyFragment: Transfer to jKt9: 69%
06-28 21:23:04.509  3076  3076 V NearbyFragment: Transfer to jKt9: 70%
06-28 21:23:04.522  3076  3076 V NearbyFragment: Transfer to jKt9: 70%
06-28 21:23:04.530  3076  3076 V NearbyFragment: Transfer to jKt9: 71%
06-28 21:23:04.540  3076  3076 V NearbyFragment: Transfer to jKt9: 71%
06-28 21:23:04.547  3076  3076 V NearbyFragment: Transfer to jKt9: 71%
06-28 21:23:04.559  3076  3076 V NearbyFragment: Transfer to jKt9: 72%
06-28 21:23:04.566  3076  3076 V NearbyFragment: Transfer to jKt9: 72%
06-28 21:23:04.581  3076  3076 V NearbyFragment: Transfer to jKt9: 72%
06-28 21:23:04.608  3076  3076 V NearbyFragment: Transfer to jKt9: 73%
06-28 21:23:04.615  3076  3076 V NearbyFragment: Transfer to jKt9: 73%
06-28 21:23:04.619  3076  3076 V NearbyFragment: Transfer to jKt9: 74%
06-28 21:23:04.626  3076  3076 V NearbyFragment: Transfer to jKt9: 74%
06-28 21:23:04.635  3076  3076 V NearbyFragment: Transfer to jKt9: 74%
06-28 21:23:04.652  3076  3076 V NearbyFragment: Transfer to jKt9: 75%
06-28 21:23:04.660  3076  3076 V NearbyFragment: Transfer to jKt9: 75%
06-28 21:23:04.678  3076  3076 V NearbyFragment: Transfer to jKt9: 76%
06-28 21:23:04.685  3076  3076 V NearbyFragment: Transfer to jKt9: 76%
06-28 21:23:04.696  3076  3076 V NearbyFragment: Transfer to jKt9: 76%
06-28 21:23:04.708  3076  3076 V NearbyFragment: Transfer to jKt9: 77%
06-28 21:23:04.723  3076  3076 V NearbyFragment: Transfer to jKt9: 77%
06-28 21:23:04.741  3076  3076 V NearbyFragment: Transfer to jKt9: 78%
06-28 21:23:04.756  3076  3076 V NearbyFragment: Transfer to jKt9: 78%
06-28 21:23:04.762  3076  3076 V NearbyFragment: Transfer to jKt9: 78%
06-28 21:23:04.766  3076  3076 V NearbyFragment: Transfer to jKt9: 79%
06-28 21:23:04.779  3076  3076 V NearbyFragment: Transfer to jKt9: 79%
06-28 21:23:04.786  3076  3076 V NearbyFragment: Transfer to jKt9: 79%
06-28 21:23:04.812  3076  3076 V NearbyFragment: Transfer to jKt9: 80%
06-28 21:23:04.839  3076  3076 V NearbyFragment: Transfer to jKt9: 80%
06-28 21:23:04.865  3076  3076 V NearbyFragment: Transfer to jKt9: 81%
06-28 21:23:04.876  3076  3076 V NearbyFragment: Transfer to jKt9: 81%
06-28 21:23:04.884  3076  3076 V NearbyFragment: Transfer to jKt9: 81%
06-28 21:23:04.919  3076  3076 V NearbyFragment: Transfer to jKt9: 82%
06-28 21:23:04.932  3076  3076 V NearbyFragment: Transfer to jKt9: 82%
06-28 21:23:04.945  3076  3076 V NearbyFragment: Transfer to jKt9: 83%
06-28 21:23:04.955  3076  3076 V NearbyFragment: Transfer to jKt9: 83%
06-28 21:23:04.966  3076  3076 V NearbyFragment: Transfer to jKt9: 83%
06-28 21:23:04.968  3076  3076 V NearbyFragment: Transfer to jKt9: 84%
06-28 21:23:04.983  3076  3076 V NearbyFragment: Transfer to jKt9: 84%
06-28 21:23:04.992  3076  3076 V NearbyFragment: Transfer to jKt9: 85%
06-28 21:23:04.997  3076  3076 V NearbyFragment: Transfer to jKt9: 85%
06-28 21:23:05.006  3076  3076 V NearbyFragment: Transfer to jKt9: 85%
06-28 21:23:05.010  3076  3076 V NearbyFragment: Transfer to jKt9: 86%
06-28 21:23:05.029  3076  3076 V NearbyFragment: Transfer to jKt9: 86%
06-28 21:23:05.043  3076  3076 V NearbyFragment: Transfer to jKt9: 86%
06-28 21:23:05.051  3076  3076 V NearbyFragment: Transfer to jKt9: 87%
06-28 21:23:05.062  3076  3076 V NearbyFragment: Transfer to jKt9: 87%
06-28 21:23:05.071  3076  3076 V NearbyFragment: Transfer to jKt9: 88%
06-28 21:23:05.088  3076  3076 V NearbyFragment: Transfer to jKt9: 88%
06-28 21:23:05.096  3076  3076 V NearbyFragment: Transfer to jKt9: 88%
06-28 21:23:05.110  3076  3076 V NearbyFragment: Transfer to jKt9: 89%
06-28 21:23:05.138  3076  3076 V NearbyFragment: Transfer to jKt9: 89%
06-28 21:23:05.148  3076  3076 V NearbyFragment: Transfer to jKt9: 90%
06-28 21:23:05.163  3076  3076 V NearbyFragment: Transfer to jKt9: 90%
06-28 21:23:05.165  3076  3076 V NearbyFragment: Transfer to jKt9: 90%
06-28 21:23:05.172  3076  3076 V NearbyFragment: Transfer to jKt9: 91%
06-28 21:23:05.177  3076  3076 V NearbyFragment: Transfer to jKt9: 91%
06-28 21:23:05.185  3076  3076 V NearbyFragment: Transfer to jKt9: 92%
06-28 21:23:05.192  3076  3076 V NearbyFragment: Transfer to jKt9: 92%
06-28 21:23:05.198  3076  3076 V NearbyFragment: Transfer to jKt9: 92%
06-28 21:23:05.204  3076  3076 V NearbyFragment: Transfer to jKt9: 93%
06-28 21:23:05.208  3076  3076 V NearbyFragment: Transfer to jKt9: 93%
06-28 21:23:05.214  3076  3076 V NearbyFragment: Transfer to jKt9: 93%
06-28 21:23:05.224  3076  3076 V NearbyFragment: Transfer to jKt9: 94%
06-28 21:23:05.228  3076  3076 V NearbyFragment: Transfer to jKt9: 94%
06-28 21:23:05.232  3076  3076 V NearbyFragment: Transfer to jKt9: 95%
06-28 21:23:05.263  3076  3076 V NearbyFragment: Transfer to jKt9: 95%
06-28 21:23:05.269  3076  3076 V NearbyFragment: Transfer to jKt9: 95%
06-28 21:23:05.278  3076  3076 V NearbyFragment: Transfer to jKt9: 96%
06-28 21:23:05.296  3076  3076 V NearbyFragment: Transfer to jKt9: 96%
06-28 21:23:05.307  3076  3076 V NearbyFragment: Transfer to jKt9: 97%
06-28 21:23:05.314  3076  3076 V NearbyFragment: Transfer to jKt9: 97%
06-28 21:23:05.323  3076  3076 V NearbyFragment: Transfer to jKt9: 97%
06-28 21:23:05.334  3076  3076 V NearbyFragment: Transfer to jKt9: 98%
06-28 21:23:05.342  3076  3076 V NearbyFragment: Transfer to jKt9: 98%
06-28 21:23:05.350  3076  3076 V NearbyFragment: Transfer to jKt9: 98%
06-28 21:23:05.359  3076  3076 V NearbyFragment: Transfer to jKt9: 99%
06-28 21:23:05.367  3076  3076 V NearbyFragment: Transfer to jKt9: 99%
06-28 21:23:05.374  3076  3076 V NearbyFragment: Transfer to jKt9: 100%
06-28 21:23:05.375  3076  3076 V NearbyFragment: Transfer to jKt9: 100%
06-28 21:23:05.379  3076  3076 W NearbyFragment: Completed downloading 20200312_150744!000.mp4 from Endpoint{id=jKt9, name=Nexus 5X [34d8]} in 04.027s
06-28 21:23:05.381  3076  3076 D NearbyFragment: Summarising 20200312_150744!000.mp4
06-28 21:23:05.431  3076  3076 V VideoManager: videoFromCursor
06-28 21:23:05.434  3076  3076 V ProcessingVideosEventHandler: onAdd
06-28 21:23:05.434  3076  3076 V RawFootageEventHandler: onRemove
06-28 21:23:05.442  3076  3076 V NearbyFragment: Transfer to jKt9: 100%
06-28 21:23:05.442  3076  3076 V NearbyFragment: Transfer to jKt9: 100%
06-28 21:23:05.448  3076  3438 V SummariserIntentService: onHandleIntent
06-28 21:23:05.450  3076  3438 D SummariserIntentService: Video{id='933', data='/storage/emulated/0/Download/Nearby/20200312_150744!000.mp4', name='20200312_150744!000.mp4', size=16882390, visible=true, mimeType='video/mp4'}
06-28 21:23:05.450  3076  3438 D SummariserIntentService: /storage/emulated/0/Movies/segment-sum/20200312_150744!000.mp4
06-28 21:23:05.465  3076  3438 I mobile-ffmpeg: Loading mobile-ffmpeg.
06-28 21:23:05.582  3076  3438 I mobile-ffmpeg: Loaded mobile-ffmpeg-full-gpl-arm-v7a-neon-4.2.2-20190703.
06-28 21:23:05.583  3076  3439 D mobile-ffmpeg: Callback thread started.
06-28 21:23:05.586  3076  3439 I mobile-ffmpeg: 
06-28 21:23:05.586  3076  3439 I chatty  : uid=10086(com.example.edgesum) Thread-3 identical 1 line
06-28 21:23:05.586  3076  3439 I mobile-ffmpeg: 
06-28 21:23:05.587  3076  3439 I mobile-ffmpeg: ffmpeg version v4.2-dev-1824
06-28 21:23:05.587  3076  3439 I mobile-ffmpeg: 
06-28 21:23:05.587  3076  3439 I chatty  : uid=10086(com.example.edgesum) Thread-3 identical 1 line
06-28 21:23:05.587  3076  3439 I mobile-ffmpeg: 
