--------- beginning of main
--------- beginning of system
07-05 19:47:57.312  8481  8481 W LogFactory: Truncating log tag length as it exceed 23, the limit imposed by Android on certain API Levels
07-05 19:50:15.162  8481  8481 E TransferService: No notification is passed in the intent. Unable to transition to foreground.
07-05 19:50:15.303  8481  8481 W StaticLayout: maxLineHeight should not be -1.  maxLines:1 lineCount:1
07-05 19:50:15.318  8481  8481 W StaticLayout: maxLineHeight should not be -1.  maxLines:1 lineCount:1
07-05 19:50:15.339  8481  8481 W StaticLayout: maxLineHeight should not be -1.  maxLines:1 lineCount:1
07-05 19:50:15.374  8481  8520 W Adreno-EGL: <qeglDrvAPI_eglGetConfigAttrib:607>: EGL_BAD_ATTRIBUTE
07-05 19:50:15.387  8481  8481 W StaticLayout: maxLineHeight should not be -1.  maxLines:1 lineCount:1
07-05 19:50:15.394  8481  8520 W Adreno-EGL: <qeglDrvAPI_eglGetConfigAttrib:607>: EGL_BAD_ATTRIBUTE
07-05 19:50:15.398  8481  8481 W StaticLayout: maxLineHeight should not be -1.  maxLines:1 lineCount:1
07-05 19:50:34.351  8481  8520 W Adreno-EGL: <qeglDrvAPI_eglGetConfigAttrib:607>: EGL_BAD_ATTRIBUTE
07-05 19:50:37.975  8481  8520 W Adreno-EGL: <qeglDrvAPI_eglGetConfigAttrib:607>: EGL_BAD_ATTRIBUTE
07-05 19:52:07.668  8481  8481 W NearbyFragment: Completed downloading 20200312_150744.mp4 from Endpoint{id=vMbk, name=Galaxy S8 [2802]} in 20.003s
07-05 19:52:07.774  8481  8759 W mobile-ffmpeg: [mov,mp4,m4a,3gp,3g2,mj2 @ 0x91141e00] Found duplicated MOOV Atom. Skipped it
07-05 19:52:07.861  8481  8759 W mobile-ffmpeg: [graph 0 input from stream 0:0 @ 0x923cdda0] sws_param option is deprecated and ignored
07-05 19:52:30.116  8481  8759 W mobile-ffmpeg: [mov,mp4,m4a,3gp,3g2,mj2 @ 0x8dfae000] Found duplicated MOOV Atom. Skipped it
07-05 19:52:30.190  8481  8758 W Summariser: 1 active sections found
07-05 19:52:30.203  8481  8759 W mobile-ffmpeg: [mov,mp4,m4a,3gp,3g2,mj2 @ 0x8df92200] Found duplicated MOOV Atom. Skipped it
07-05 19:52:30.333  8481  8759 W mobile-ffmpeg: [graph 0 input from stream 0:0 @ 0x8ddfd020] sws_param option is deprecated and ignored
07-05 19:53:00.589  8481  8759 W mobile-ffmpeg: [mov,mp4,m4a,3gp,3g2,mj2 @ 0x8df92200] Found duplicated MOOV Atom. Skipped it
07-05 19:53:00.715  8481  8758 W Summariser: Summarisation completed
07-05 19:53:00.715  8481  8758 W Summariser:   filename: 20200312_150744.mp4
07-05 19:53:00.715  8481  8758 W Summariser:   active sections: 1
07-05 19:53:00.715  8481  8758 W Summariser:   time: 52.873s
07-05 19:53:00.715  8481  8758 W Summariser:   original duration: 60.02
07-05 19:53:00.715  8481  8758 W Summariser:   summarised duration: 4.83
07-05 19:53:00.715  8481  8758 W Summariser:   noise tolerance: 45.00
07-05 19:53:00.715  8481  8758 W Summariser:   quality: 23
07-05 19:53:00.715  8481  8758 W Summariser:   speed: medium
07-05 19:53:00.715  8481  8758 W Summariser:   freeze duration: 1.00
07-05 19:53:00.792  8481  8758 W NearbyFragment: Sending 20200312_150744.mp4 to Galaxy S8 [2802]
07-05 19:53:47.059  8481  8481 W NearbyFragment: Completed downloading 20200312_151044.mp4 from Endpoint{id=vMbk, name=Galaxy S8 [2802]} in 20.047s
07-05 19:53:47.099  8481  8759 W mobile-ffmpeg: [mov,mp4,m4a,3gp,3g2,mj2 @ 0x91117600] Found duplicated MOOV Atom. Skipped it
07-05 19:53:47.186  8481  8759 W mobile-ffmpeg: [graph 0 input from stream 0:0 @ 0x8ddfd200] sws_param option is deprecated and ignored
07-05 19:54:09.455  8481  8878 W Summariser: No activity detected
07-05 19:54:09.464  8481  8759 W mobile-ffmpeg: [mov,mp4,m4a,3gp,3g2,mj2 @ 0x91119400] Found duplicated MOOV Atom. Skipped it
07-05 19:54:09.526  8481  8878 W Summariser: Summarisation completed
07-05 19:54:09.526  8481  8878 W Summariser:   filename: 20200312_151044.mp4
07-05 19:54:09.526  8481  8878 W Summariser:   active sections: 0
07-05 19:54:09.526  8481  8878 W Summariser:   time: 22.374s
07-05 19:54:09.526  8481  8878 W Summariser:   original duration: 60.02
07-05 19:54:09.526  8481  8878 W Summariser:   summarised duration: -1.00
07-05 19:54:09.526  8481  8878 W Summariser:   noise tolerance: 45.00
07-05 19:54:09.526  8481  8878 W Summariser:   quality: 23
07-05 19:54:09.526  8481  8878 W Summariser:   speed: medium
07-05 19:54:09.526  8481  8878 W Summariser:   freeze duration: 1.00
07-05 19:54:43.650  8481  8481 W NearbyFragment: Completed downloading 20200312_193628.mp4 from Endpoint{id=vMbk, name=Galaxy S8 [2802]} in 19.673s
07-05 19:54:43.683  8481  8759 W mobile-ffmpeg: [mov,mp4,m4a,3gp,3g2,mj2 @ 0x90a51000] Found duplicated MOOV Atom. Skipped it
07-05 19:54:43.819  8481  8759 W mobile-ffmpeg: [graph 0 input from stream 0:0 @ 0x8df8a540] sws_param option is deprecated and ignored
07-05 19:55:08.618  8481  8759 W mobile-ffmpeg: [mov,mp4,m4a,3gp,3g2,mj2 @ 0x90a53a00] Found duplicated MOOV Atom. Skipped it
07-05 19:55:08.723  8481  8951 W Summariser: 1 active sections found
07-05 19:55:08.740  8481  8759 W mobile-ffmpeg: [mov,mp4,m4a,3gp,3g2,mj2 @ 0x8dfd0200] Found duplicated MOOV Atom. Skipped it
07-05 19:55:08.880  8481  8759 W mobile-ffmpeg: [graph 0 input from stream 0:0 @ 0x8df8c880] sws_param option is deprecated and ignored
07-05 19:55:49.820  8481  8759 W mobile-ffmpeg: [mov,mp4,m4a,3gp,3g2,mj2 @ 0x8dfd0200] Found duplicated MOOV Atom. Skipped it
07-05 19:55:50.022  8481  8951 W Summariser: Summarisation completed
07-05 19:55:50.022  8481  8951 W Summariser:   filename: 20200312_193628.mp4
07-05 19:55:50.022  8481  8951 W Summariser:   active sections: 1
07-05 19:55:50.022  8481  8951 W Summariser:   time: 66.138s
07-05 19:55:50.022  8481  8951 W Summariser:   original duration: 60.02
07-05 19:55:50.022  8481  8951 W Summariser:   summarised duration: 6.07
07-05 19:55:50.022  8481  8951 W Summariser:   noise tolerance: 45.00
07-05 19:55:50.022  8481  8951 W Summariser:   quality: 23
07-05 19:55:50.022  8481  8951 W Summariser:   speed: medium
07-05 19:55:50.022  8481  8951 W Summariser:   freeze duration: 1.00
07-05 19:55:50.100  8481  8951 W NearbyFragment: Sending 20200312_193628.mp4 to Galaxy S8 [2802]
07-05 19:56:12.419  8481  8481 W NearbyFragment: Completed downloading 20200312_193928.mp4 from Endpoint{id=vMbk, name=Galaxy S8 [2802]} in 20.539s
07-05 19:56:12.474  8481  8759 W mobile-ffmpeg: [mov,mp4,m4a,3gp,3g2,mj2 @ 0xa39aea00] Found duplicated MOOV Atom. Skipped it
07-05 19:56:12.669  8481  8759 W mobile-ffmpeg: [graph 0 input from stream 0:0 @ 0x923cdaa0] sws_param option is deprecated and ignored
07-05 19:56:35.382  8481  9106 W Summariser: No activity detected
07-05 19:56:35.391  8481  8759 W mobile-ffmpeg: [mov,mp4,m4a,3gp,3g2,mj2 @ 0x91118800] Found duplicated MOOV Atom. Skipped it
07-05 19:56:35.461  8481  9106 W Summariser: Summarisation completed
07-05 19:56:35.461  8481  9106 W Summariser:   filename: 20200312_193928.mp4
07-05 19:56:35.461  8481  9106 W Summariser:   active sections: 0
07-05 19:56:35.461  8481  9106 W Summariser:   time: 22.927s
07-05 19:56:35.461  8481  9106 W Summariser:   original duration: 60.89
07-05 19:56:35.461  8481  9106 W Summariser:   summarised duration: -1.00
07-05 19:56:35.461  8481  9106 W Summariser:   noise tolerance: 45.00
07-05 19:56:35.461  8481  9106 W Summariser:   quality: 23
07-05 19:56:35.461  8481  9106 W Summariser:   speed: medium
07-05 19:56:35.461  8481  9106 W Summariser:   freeze duration: 1.00
07-05 19:57:12.077  8481  8481 W NearbyFragment: Completed downloading 20200312_194229.mp4 from Endpoint{id=vMbk, name=Galaxy S8 [2802]} in 20.867s
07-05 19:57:12.148  8481  8759 W mobile-ffmpeg: [mov,mp4,m4a,3gp,3g2,mj2 @ 0x8d77dc00] Found duplicated MOOV Atom. Skipped it
07-05 19:57:12.323  8481  8759 W mobile-ffmpeg: [graph 0 input from stream 0:0 @ 0x8df8ad80] sws_param option is deprecated and ignored
07-05 19:57:36.028  8481  8481 W NearbyFragment: Completed downloading 20200312_194330.mp4 from Endpoint{id=vMbk, name=Galaxy S8 [2802]} in 17.881s
07-05 19:57:42.752  8481  8759 W mobile-ffmpeg: [mov,mp4,m4a,3gp,3g2,mj2 @ 0x8dd70600] Found duplicated MOOV Atom. Skipped it
07-05 19:57:42.864  8481  9226 W Summariser: 5 active sections found
07-05 19:57:42.881  8481  8759 W mobile-ffmpeg: [mov,mp4,m4a,3gp,3g2,mj2 @ 0xa3997800] Found duplicated MOOV Atom. Skipped it
07-05 19:57:43.039  8481  8759 W mobile-ffmpeg: [graph 0 input from stream 0:0 @ 0x8dd8c720] sws_param option is deprecated and ignored
07-05 19:57:43.039  8481  8759 W mobile-ffmpeg: [graph 0 input from stream 0:0 @ 0x8dd8c840] sws_param option is deprecated and ignored
07-05 19:57:43.040  8481  8759 W mobile-ffmpeg: [graph 0 input from stream 0:0 @ 0x8dd8c600] sws_param option is deprecated and ignored
07-05 19:57:43.040  8481  8759 W mobile-ffmpeg: [graph 0 input from stream 0:0 @ 0x8dd8ca20] sws_param option is deprecated and ignored
07-05 19:57:43.041  8481  8759 W mobile-ffmpeg: [graph 0 input from stream 0:0 @ 0x8df8c6a0] sws_param option is deprecated and ignored
07-05 19:58:56.077  8481  8481 W NearbyFragment: Completed downloading 20200312_194930.mp4 from Endpoint{id=vMbk, name=Galaxy S8 [2802]} in 23.796s
07-05 19:59:10.690  8481  8759 W mobile-ffmpeg: [mov,mp4,m4a,3gp,3g2,mj2 @ 0xa3997800] Found duplicated MOOV Atom. Skipped it
07-05 19:59:10.901  8481  9226 W Summariser: Summarisation completed
07-05 19:59:10.901  8481  9226 W Summariser:   filename: 20200312_194229.mp4
07-05 19:59:10.901  8481  9226 W Summariser:   active sections: 5
07-05 19:59:10.901  8481  9226 W Summariser:   time: 118.549s
07-05 19:59:10.901  8481  9226 W Summariser:   original duration: 60.02
07-05 19:59:10.901  8481  9226 W Summariser:   summarised duration: 15.51
07-05 19:59:10.901  8481  9226 W Summariser:   noise tolerance: 45.00
07-05 19:59:10.901  8481  9226 W Summariser:   quality: 23
07-05 19:59:10.901  8481  9226 W Summariser:   speed: medium
07-05 19:59:10.901  8481  9226 W Summariser:   freeze duration: 1.00
07-05 19:59:10.981  8481  9226 W NearbyFragment: Sending 20200312_194229.mp4 to Galaxy S8 [2802]
07-05 19:59:11.053  8481  8759 W mobile-ffmpeg: [mov,mp4,m4a,3gp,3g2,mj2 @ 0x8d0f6200] Found duplicated MOOV Atom. Skipped it
07-05 19:59:11.227  8481  8759 W mobile-ffmpeg: [graph 0 input from stream 0:0 @ 0x8df8cfa0] sws_param option is deprecated and ignored
07-05 19:59:46.175  8481  8481 W NearbyFragment: Completed downloading 20200312_195330.mp4 from Endpoint{id=vMbk, name=Galaxy S8 [2802]} in 25.037s
07-05 19:59:51.249  8481  9226 W Summariser: No activity detected
07-05 19:59:51.262  8481  8759 W mobile-ffmpeg: [mov,mp4,m4a,3gp,3g2,mj2 @ 0x8d0f7a00] Found duplicated MOOV Atom. Skipped it
07-05 19:59:51.347  8481  9226 W Summariser: Summarisation completed
07-05 19:59:51.347  8481  9226 W Summariser:   filename: 20200312_194330.mp4
07-05 19:59:51.347  8481  9226 W Summariser:   active sections: 0
07-05 19:59:51.347  8481  9226 W Summariser:   time: 40.235s
07-05 19:59:51.347  8481  9226 W Summariser:   original duration: 60.02
07-05 19:59:51.347  8481  9226 W Summariser:   summarised duration: -1.00
07-05 19:59:51.347  8481  9226 W Summariser:   noise tolerance: 45.00
07-05 19:59:51.347  8481  9226 W Summariser:   quality: 23
07-05 19:59:51.347  8481  9226 W Summariser:   speed: medium
07-05 19:59:51.347  8481  9226 W Summariser:   freeze duration: 1.00
07-05 19:59:51.375  8481  8759 W mobile-ffmpeg: [mov,mp4,m4a,3gp,3g2,mj2 @ 0x8d27d200] Found duplicated MOOV Atom. Skipped it
07-05 19:59:51.599  8481  8759 W mobile-ffmpeg: [graph 0 input from stream 0:0 @ 0x923cee20] sws_param option is deprecated and ignored
07-05 20:00:22.593  8481  8759 W mobile-ffmpeg: [mov,mp4,m4a,3gp,3g2,mj2 @ 0x91153000] Found duplicated MOOV Atom. Skipped it
07-05 20:00:22.733  8481  9226 W Summariser: 2 active sections found
07-05 20:00:22.754  8481  8759 W mobile-ffmpeg: [mov,mp4,m4a,3gp,3g2,mj2 @ 0x8d32ea00] Found duplicated MOOV Atom. Skipped it
07-05 20:00:22.916  8481  8759 W mobile-ffmpeg: [graph 0 input from stream 0:0 @ 0x8df8c1c0] sws_param option is deprecated and ignored
07-05 20:00:22.916  8481  8759 W mobile-ffmpeg: [graph 0 input from stream 0:0 @ 0x8df8c2e0] sws_param option is deprecated and ignored
07-05 20:02:12.390  8481  8759 W mobile-ffmpeg: [mov,mp4,m4a,3gp,3g2,mj2 @ 0x8d32ea00] Found duplicated MOOV Atom. Skipped it
07-05 20:02:12.610  8481  9226 W Summariser: Summarisation completed
07-05 20:02:12.610  8481  9226 W Summariser:   filename: 20200312_194930.mp4
07-05 20:02:12.610  8481  9226 W Summariser:   active sections: 2
07-05 20:02:12.610  8481  9226 W Summariser:   time: 141.017s
07-05 20:02:12.610  8481  9226 W Summariser:   original duration: 60.02
07-05 20:02:12.610  8481  9226 W Summariser:   summarised duration: 22.25
07-05 20:02:12.610  8481  9226 W Summariser:   noise tolerance: 45.00
07-05 20:02:12.610  8481  9226 W Summariser:   quality: 23
07-05 20:02:12.610  8481  9226 W Summariser:   speed: medium
07-05 20:02:12.610  8481  9226 W Summariser:   freeze duration: 1.00
07-05 20:02:12.709  8481  9226 W NearbyFragment: Sending 20200312_194930.mp4 to Galaxy S8 [2802]
07-05 20:02:12.758  8481  8759 W mobile-ffmpeg: [mov,mp4,m4a,3gp,3g2,mj2 @ 0x8c8f9e00] Found duplicated MOOV Atom. Skipped it
07-05 20:02:12.925  8481  8759 W mobile-ffmpeg: [graph 0 input from stream 0:0 @ 0x8df8c160] sws_param option is deprecated and ignored
07-05 20:02:50.799  8481  9226 W Summariser: 5 active sections found
07-05 20:02:50.821  8481  8759 W mobile-ffmpeg: [mov,mp4,m4a,3gp,3g2,mj2 @ 0xa2765c00] Found duplicated MOOV Atom. Skipped it
07-05 20:02:50.967  8481  8759 W mobile-ffmpeg: [graph 0 input from stream 0:0 @ 0x8dd8de00] sws_param option is deprecated and ignored
07-05 20:02:50.967  8481  8759 W mobile-ffmpeg: [graph 0 input from stream 0:0 @ 0x8dd8df20] sws_param option is deprecated and ignored
07-05 20:02:50.968  8481  8759 W mobile-ffmpeg: [graph 0 input from stream 0:0 @ 0x8dd8dce0] sws_param option is deprecated and ignored
07-05 20:02:50.968  8481  8759 W mobile-ffmpeg: [graph 0 input from stream 0:0 @ 0x923cee80] sws_param option is deprecated and ignored
07-05 20:02:50.969  8481  8759 W mobile-ffmpeg: [graph 0 input from stream 0:0 @ 0x8df8cd00] sws_param option is deprecated and ignored
07-05 20:04:33.878  8481  8759 W mobile-ffmpeg: [mov,mp4,m4a,3gp,3g2,mj2 @ 0xa2765c00] Found duplicated MOOV Atom. Skipped it
07-05 20:04:34.056  8481  9226 W Summariser: Summarisation completed
07-05 20:04:34.056  8481  9226 W Summariser:   filename: 20200312_195330.mp4
07-05 20:04:34.056  8481  9226 W Summariser:   active sections: 5
07-05 20:04:34.056  8481  9226 W Summariser:   time: 141.126s
07-05 20:04:34.056  8481  9226 W Summariser:   original duration: 60.02
07-05 20:04:34.056  8481  9226 W Summariser:   summarised duration: 23.42
07-05 20:04:34.056  8481  9226 W Summariser:   noise tolerance: 45.00
07-05 20:04:34.056  8481  9226 W Summariser:   quality: 23
07-05 20:04:34.056  8481  9226 W Summariser:   speed: medium
07-05 20:04:34.056  8481  9226 W Summariser:   freeze duration: 1.00
07-05 20:04:34.125  8481  9226 W NearbyFragment: Sending 20200312_195330.mp4 to Galaxy S8 [2802]
