--------- beginning of main
06-29 21:41:45.224 26207 26207 E Zygote  : isWhitelistProcess - Process is Whitelisted
06-29 21:41:45.226 26207 26207 E Zygote  : accessInfo : 1
06-29 21:41:45.237 26207 26207 I example.edgesu: Late-enabling -Xcheck:jni
--------- beginning of system
06-29 21:41:46.785 26207 26207 I ActivityThread: handleStopService: token=android.os.BinderProxy@91ca563 not found.
06-29 21:41:46.795 26207 26207 I TransferService: Starting Transfer Service to listen for network connectivity changes.
06-29 21:41:46.800 26207 26207 W LogFactory: Truncating log tag length as it exceed 23, the limit imposed by Android on certain API Levels
06-29 21:41:46.901 26207 26207 I TransferService: Registering the network receiver
06-29 21:41:46.906 26207 26207 I TransferService: Moving the service out of the Foreground state.
06-29 21:41:46.907 26207 26207 I TransferService: De-registering the network receiver.
06-29 21:42:02.360 26207 26207 W ActivityThread: handleWindowVisibility: no activity for token android.os.BinderProxy@32de078
06-29 21:42:02.371 26207 26225 D vndksupport: Loading /vendor/lib64/egl/libGLES_mali.so from current namespace instead of sphal namespace.
06-29 21:42:02.398 26207 26225 D libEGL  : loaded /vendor/lib64/egl/libGLES_mali.so
06-29 21:42:02.440 26207 26207 W example.edgesu: Accessing hidden method Landroid/graphics/drawable/Drawable;->getOpticalInsets()Landroid/graphics/Insets; (light greylist, linking)
06-29 21:42:02.440 26207 26207 W example.edgesu: Accessing hidden field Landroid/graphics/Insets;->left:I (light greylist, linking)
06-29 21:42:02.440 26207 26207 W example.edgesu: Accessing hidden field Landroid/graphics/Insets;->right:I (light greylist, linking)
06-29 21:42:02.441 26207 26207 W example.edgesu: Accessing hidden field Landroid/graphics/Insets;->top:I (light greylist, linking)
06-29 21:42:02.441 26207 26207 W example.edgesu: Accessing hidden field Landroid/graphics/Insets;->bottom:I (light greylist, linking)
06-29 21:42:02.458 26207 26207 I DecorView: createDecorCaptionView >> DecorView@7abe745[], isFloating: false, isApplication: true, hasWindowDecorCaption: false, hasWindowControllerCallback: true
06-29 21:42:02.487 26207 26207 W example.edgesu: Accessing hidden method Landroid/view/View;->computeFitSystemWindows(Landroid/graphics/Rect;Landroid/graphics/Rect;)Z (light greylist, reflection)
06-29 21:42:02.488 26207 26207 W example.edgesu: Accessing hidden method Landroid/view/ViewGroup;->makeOptionalFitsSystemWindows()V (light greylist, reflection)
06-29 21:42:02.591 26207 26207 W example.edgesu: Accessing hidden method Landroid/widget/TextView;->getTextDirectionHeuristic()Landroid/text/TextDirectionHeuristic; (light greylist, linking)
06-29 21:42:02.600 26207 26207 W example.edgesu: Accessing hidden field Landroid/view/View;->mAccessibilityDelegate:Landroid/view/View$AccessibilityDelegate; (light greylist, reflection)
06-29 21:42:02.664 26207 26207 V Repo    : /storage/emulated/0/Movies/raw
06-29 21:42:02.665 26207 26207 V Repo    : /storage/emulated/0/Movies/summarised
06-29 21:42:02.694 26207 26207 V FileManager: External storage is readable
06-29 21:42:02.695 26207 26207 V FileManager: Created new directory: /storage/emulated/0/Movies/raw
06-29 21:42:02.696 26207 26207 V FileManager: External storage is readable
06-29 21:42:02.697 26207 26207 V FileManager: Created new directory: /storage/emulated/0/Movies/summarised
06-29 21:42:02.698 26207 26207 V FileManager: External storage is readable
06-29 21:42:02.699 26207 26207 V FileManager: Created new directory: /storage/emulated/0/Download/nearby
06-29 21:42:02.700 26207 26207 V FileManager: External storage is readable
06-29 21:42:02.701 26207 26207 V FileManager: Created new directory: /storage/emulated/0/Movies/segment
06-29 21:42:02.702 26207 26207 V FileManager: External storage is readable
06-29 21:42:02.702 26207 26207 V FileManager: Created new directory: /storage/emulated/0/Movies/segment-sum
06-29 21:42:02.840 26207 26207 V VideoManager: getAllVideoFromExternalStorageFolder
06-29 21:42:02.842 26207 26207 D VideoManager: /storage/emulated/0/Movies/summarised
06-29 21:42:02.848 26207 26207 D VideoManager: 0 videos return
06-29 21:42:02.878 26207 26207 V VideoManager: getAllVideoFromExternalStorageFolder
06-29 21:42:02.880 26207 26207 D VideoManager: /storage/emulated/0/Movies/raw
06-29 21:42:02.884 26207 26207 D VideoManager: 0 videos return
06-29 21:42:02.907 26207 26207 D OpenGLRenderer: Skia GL Pipeline
06-29 21:42:02.910 26207 26207 D EmergencyMode: [EmergencyManager] android createPackageContext successful
06-29 21:42:02.923 26207 26207 D InputTransport: Input channel constructed: fd=64
06-29 21:42:02.924 26207 26207 D ViewRootImpl@1fb9709[MainActivity]: setView = DecorView@7abe745[MainActivity] TM=true MM=false
06-29 21:42:02.928 26207 26207 I TransferService: Starting Transfer Service to listen for network connectivity changes.
06-29 21:42:02.928 26207 26207 I TransferService: Registering the network receiver
06-29 21:42:02.930 26207 26207 E TransferService: No notification is passed in the intent. Unable to transition to foreground.
06-29 21:42:02.958 26207 26220 D MainActivity: Scanned /storage/emulated/0/Movies/summarised
06-29 21:42:02.958 26207 26220 D MainActivity:   -> uri=content://media/external/file/136887
06-29 21:42:02.964 26207 26207 D ViewRootImpl@1fb9709[MainActivity]: dispatchAttachedToWindow
06-29 21:42:02.978 26207 26220 D MainActivity: Scanned /storage/emulated/0/Movies/raw
06-29 21:42:02.978 26207 26220 D MainActivity:   -> uri=content://media/external/file/136888
06-29 21:42:02.979 26207 26207 W StaticLayout: maxLineHeight should not be -1.  maxLines:1 lineCount:1
06-29 21:42:02.988 26207 26207 W StaticLayout: maxLineHeight should not be -1.  maxLines:1 lineCount:1
06-29 21:42:02.992 26207 26207 W StaticLayout: maxLineHeight should not be -1.  maxLines:1 lineCount:1
06-29 21:42:02.996 26207 26207 W StaticLayout: maxLineHeight should not be -1.  maxLines:1 lineCount:1
06-29 21:42:03.005 26207 26207 D ViewRootImpl@1fb9709[MainActivity]: Relayout returned: old=[0,0][720,1480] new=[0,0][720,1480] result=0x7 surface={valid=true 483411292160} changed=true
06-29 21:42:03.012 26207 26230 I ConfigStore: android::hardware::configstore::V1_0::ISurfaceFlingerConfigs::hasWideColorDisplay retrieved: 0
06-29 21:42:03.012 26207 26230 I ConfigStore: android::hardware::configstore::V1_0::ISurfaceFlingerConfigs::hasHDRDisplay retrieved: 0
06-29 21:42:03.012 26207 26230 I OpenGLRenderer: Initialized EGL, version 1.4
06-29 21:42:03.012 26207 26230 D OpenGLRenderer: Swap behavior 2
06-29 21:42:03.012 26207 26207 W StaticLayout: maxLineHeight should not be -1.  maxLines:1 lineCount:1
06-29 21:42:03.017 26207 26207 W StaticLayout: maxLineHeight should not be -1.  maxLines:1 lineCount:1
06-29 21:42:03.025 26207 26230 D mali_winsys: EGLint new_window_surface(egl_winsys_display *, void *, EGLSurface, EGLConfig, egl_winsys_surface **, EGLBoolean) returns 0x3000
06-29 21:42:03.025 26207 26230 D OpenGLRenderer: eglCreateWindowSurface = 0x7074768200, 0x708d8ef010
06-29 21:42:03.027 26207 26207 I TransferNetworkLossHand: Network connectivity changed detected.
06-29 21:42:03.027 26207 26207 I TransferNetworkLossHand: Network connected: false
06-29 21:42:03.099 26207 26230 D vndksupport: Loading /vendor/lib64/hw/android.hardware.graphics.mapper@2.0-impl.so from current namespace instead of sphal namespace.
06-29 21:42:03.120 26207 26207 D ViewRootImpl@1fb9709[MainActivity]: MSG_RESIZED: frame=Rect(0, 0 - 720, 1480) ci=Rect(0, 48 - 0, 96) vi=Rect(0, 48 - 0, 96) or=1
06-29 21:42:03.121 26207 26207 D ViewRootImpl@1fb9709[MainActivity]: setWindowStopped(false) old=false
06-29 21:42:03.127 26207 26207 D ViewRootImpl@1fb9709[MainActivity]: MSG_WINDOW_FOCUS_CHANGED 1 1
06-29 21:42:03.128 26207 26207 D InputMethodManager: prepareNavigationBarInfo() DecorView@7abe745[MainActivity]
06-29 21:42:03.128 26207 26207 D InputMethodManager: getNavigationBarColor() -855310
06-29 21:42:03.133 26207 26207 D InputMethodManager: prepareNavigationBarInfo() DecorView@7abe745[MainActivity]
06-29 21:42:03.133 26207 26207 D InputMethodManager: getNavigationBarColor() -855310
06-29 21:42:03.133 26207 26207 V InputMethodManager: Starting input: tba=com.example.edgesum ic=null mNaviBarColor -855310 mIsGetNaviBarColorSuccess true , NavVisible : true , NavTrans : false
06-29 21:42:03.133 26207 26207 D InputMethodManager: startInputInner - Id : 0
06-29 21:42:03.133 26207 26207 I InputMethodManager: startInputInner - mService.startInputOrWindowGainedFocus
06-29 21:42:03.137 26207 26220 D InputTransport: Input channel constructed: fd=74
06-29 21:42:03.168 26207 26207 D InputMethodManager: prepareNavigationBarInfo() DecorView@7abe745[MainActivity]
06-29 21:42:03.168 26207 26207 D InputMethodManager: getNavigationBarColor() -855310
06-29 21:42:03.168 26207 26207 V InputMethodManager: Starting input: tba=com.example.edgesum ic=null mNaviBarColor -855310 mIsGetNaviBarColorSuccess true , NavVisible : true , NavTrans : false
06-29 21:42:03.168 26207 26207 D InputMethodManager: startInputInner - Id : 0
06-29 21:42:12.474 26207 26207 D ViewRootImpl@1fb9709[MainActivity]: ViewPostIme pointer 0
06-29 21:42:12.532 26207 26207 D ViewRootImpl@1fb9709[MainActivity]: ViewPostIme pointer 1
06-29 21:42:12.548 26207 26207 V MainActivity: Connect button clicked
06-29 21:42:15.240 26207 26207 D ViewRootImpl@1fb9709[MainActivity]: ViewPostIme pointer 0
06-29 21:42:15.312 26207 26207 D ViewRootImpl@1fb9709[MainActivity]: ViewPostIme pointer 1
06-29 21:42:15.319 26207 26207 V ConnectionFragment: Discovery switch checked
06-29 21:42:16.880 26207 26207 D NearbyFragment: Started discovering
06-29 21:42:19.238 26207 26207 D NearbyFragment: Found endpoint Rz_x: Nexus 5X [34d8]
06-29 21:42:19.289 26207 26207 W example.edgesu: Accessing hidden method Landroid/graphics/FontFamily;-><init>()V (light greylist, reflection)
06-29 21:42:19.289 26207 26207 W example.edgesu: Accessing hidden method Landroid/graphics/FontFamily;->addFontFromAssetManager(Landroid/content/res/AssetManager;Ljava/lang/String;IZIII[Landroid/graphics/fonts/FontVariationAxis;)Z (light greylist, reflection)
06-29 21:42:19.289 26207 26207 W example.edgesu: Accessing hidden method Landroid/graphics/FontFamily;->addFontFromBuffer(Ljava/nio/ByteBuffer;I[Landroid/graphics/fonts/FontVariationAxis;II)Z (light greylist, reflection)
06-29 21:42:19.290 26207 26207 W example.edgesu: Accessing hidden method Landroid/graphics/FontFamily;->freeze()Z (light greylist, reflection)
06-29 21:42:19.290 26207 26207 W example.edgesu: Accessing hidden method Landroid/graphics/FontFamily;->abortCreation()V (light greylist, reflection)
06-29 21:42:19.290 26207 26207 W example.edgesu: Accessing hidden method Landroid/graphics/Typeface;->createFromFamiliesWithDefault([Landroid/graphics/FontFamily;Ljava/lang/String;II)Landroid/graphics/Typeface; (light greylist, reflection)
06-29 21:42:20.186 26207 26207 D ViewRootImpl@1fb9709[MainActivity]: ViewPostIme pointer 0
06-29 21:42:20.244 26207 26207 D ViewRootImpl@1fb9709[MainActivity]: ViewPostIme pointer 1
06-29 21:42:20.284 26207 26207 D NearbyFragment: Selected 'Endpoint{id=Rz_x, name=Nexus 5X [34d8]}'
06-29 21:42:20.301 26207 26207 D InputTransport: Input channel constructed: fd=76
06-29 21:42:20.303 26207 26207 D ViewRootImpl@8c18e87[Toast]: setView = android.widget.LinearLayout{74101b4 V.E...... ......I. 0,0-0,0} TM=true MM=false
06-29 21:42:20.303 26207 26207 V Toast   : Text: Donn in android.widget.Toast$TN@a6ac1dd
06-29 21:42:20.308 26207 26207 D ViewRootImpl@8c18e87[Toast]: dispatchAttachedToWindow
06-29 21:42:20.327 26207 26207 D ViewRootImpl@8c18e87[Toast]: Relayout returned: old=[0,48][720,1384] new=[118,1168][602,1256] result=0x7 surface={valid=true 482992840704} changed=true
06-29 21:42:20.331 26207 26230 D mali_winsys: EGLint new_window_surface(egl_winsys_display *, void *, EGLSurface, EGLConfig, egl_winsys_surface **, EGLBoolean) returns 0x3000
06-29 21:42:20.331 26207 26230 D OpenGLRenderer: eglCreateWindowSurface = 0x7074a3ee00, 0x70749de010
06-29 21:42:20.336 26207 26207 D ViewRootImpl@8c18e87[Toast]: MSG_RESIZED: frame=Rect(118, 1168 - 602, 1256) ci=Rect(0, 0 - 0, 0) vi=Rect(0, 0 - 0, 0) or=1
06-29 21:42:23.792 26207 26230 W libEGL  : EGLNativeWindowType 0x70749de010 disconnect failed
06-29 21:42:23.793 26207 26230 D OpenGLRenderer: eglDestroySurface = 0x7074a3ee00, 0x70749de000
06-29 21:42:23.793 26207 26207 D ViewRootImpl@8c18e87[Toast]: dispatchDetachedFromWindow
06-29 21:42:23.795 26207 26207 D ViewRootImpl@8c18e87[Toast]: Surface release. android.view.ViewRootImpl.doDie:7979 android.view.ViewRootImpl.die:7947 android.view.WindowManagerGlobal.removeViewLocked:497 android.view.WindowManagerGlobal.removeView:435 android.view.WindowManagerImpl.removeViewImmediate:124 android.widget.Toast$TN.handleHide:1110 android.widget.Toast$TN$1.handleMessage:898 android.os.Handler.dispatchMessage:106 
06-29 21:42:23.811 26207 26207 D InputTransport: Input channel destroyed: fd=76
06-29 21:42:24.555 26207 26207 D NearbyFragment: Initiated connection with Endpoint{id=Rz_x, name=Nexus 5X [34d8]}: Nexus 5X [34d8]
06-29 21:42:24.571 26207 26207 D Dialog  : mIsSamsungBasicInteraction = false
06-29 21:42:24.572 26207 26207 D Dialog  : mIsSamsungBasicInteraction = false, isMetaDataInActivity = false
06-29 21:42:24.623 26207 26207 I DecorView: createDecorCaptionView >> DecorView@2894f95[], isFloating: true, isApplication: true, hasWindowDecorCaption: false, hasWindowControllerCallback: false
06-29 21:42:24.699 26207 26207 D ScrollView: initGoToTop
06-29 21:42:24.743 26207 26207 D InputTransport: Input channel constructed: fd=76
06-29 21:42:24.745 26207 26207 D ViewRootImpl@f005f81[MainActivity]: setView = DecorView@2894f95[MainActivity] TM=true MM=false
06-29 21:42:24.747 26207 26207 D NearbyFragment: Requested connection with Endpoint{id=Rz_x, name=Nexus 5X [34d8]}
06-29 21:42:24.756 26207 26207 D ViewRootImpl@f005f81[MainActivity]: dispatchAttachedToWindow
06-29 21:42:24.793 26207 26207 D ViewRootImpl@f005f81[MainActivity]: Relayout returned: old=[0,48][720,1384] new=[18,508][702,923] result=0x7 surface={valid=true 482992840704} changed=true
06-29 21:42:24.798 26207 26230 D mali_winsys: EGLint new_window_surface(egl_winsys_display *, void *, EGLSurface, EGLConfig, egl_winsys_surface **, EGLBoolean) returns 0x3000
06-29 21:42:24.798 26207 26230 D OpenGLRenderer: eglCreateWindowSurface = 0x70749d8480, 0x70749de010
06-29 21:42:24.809 26207 26207 D ScrollView:  onsize change changed 
06-29 21:42:24.811 26207 26207 D ViewRootImpl@f005f81[MainActivity]: MSG_WINDOW_FOCUS_CHANGED 1 1
06-29 21:42:24.838 26207 26207 D ViewRootImpl@f005f81[MainActivity]: MSG_RESIZED: frame=Rect(18, 508 - 702, 923) ci=Rect(0, 0 - 0, 0) vi=Rect(0, 0 - 0, 0) or=1
06-29 21:42:24.864 26207 26207 D ViewRootImpl@1fb9709[MainActivity]: MSG_WINDOW_FOCUS_CHANGED 0 1
06-29 21:42:24.864 26207 26207 D InputMethodManager: prepareNavigationBarInfo() DecorView@7abe745[MainActivity]
06-29 21:42:24.864 26207 26207 D InputMethodManager: getNavigationBarColor() -855310
06-29 21:42:26.419 26207 26207 D ViewRootImpl@f005f81[MainActivity]: ViewPostIme pointer 0
06-29 21:42:26.486 26207 26207 D ViewRootImpl@f005f81[MainActivity]: ViewPostIme pointer 1
06-29 21:42:26.541 26207 26230 W libEGL  : EGLNativeWindowType 0x70749de010 disconnect failed
06-29 21:42:26.541 26207 26230 D OpenGLRenderer: eglDestroySurface = 0x70749d8480, 0x70749de000
06-29 21:42:26.541 26207 26230 D OpenGLRenderer: endAllActiveAnimators on 0x7074c8f600 (RippleDrawable) with handle 0x7074bad3a0
06-29 21:42:26.542 26207 26207 D ViewRootImpl@f005f81[MainActivity]: dispatchDetachedFromWindow
06-29 21:42:26.543 26207 26207 D ViewRootImpl@f005f81[MainActivity]: Surface release. android.view.ViewRootImpl.doDie:7979 android.view.ViewRootImpl.die:7947 android.view.WindowManagerGlobal.removeViewLocked:497 android.view.WindowManagerGlobal.removeView:435 android.view.WindowManagerImpl.removeViewImmediate:124 android.app.Dialog.dismissDialog:518 android.app.Dialog.dismiss:501 androidx.appcompat.app.AlertController$ButtonHandler.handleMessage:171 
06-29 21:42:26.558 26207 26207 D InputTransport: Input channel destroyed: fd=76
06-29 21:42:26.562 26207 26207 I NearbyFragment: Connected to Endpoint{id=Rz_x, name=Nexus 5X [34d8]}
06-29 21:42:26.632 26207 26207 D ViewRootImpl@1fb9709[MainActivity]: MSG_WINDOW_FOCUS_CHANGED 1 1
06-29 21:42:26.633 26207 26207 D InputMethodManager: prepareNavigationBarInfo() DecorView@7abe745[MainActivity]
06-29 21:42:26.633 26207 26207 D InputMethodManager: getNavigationBarColor() -855310
06-29 21:42:26.645 26207 26207 E ViewRootImpl: sendUserActionEvent() returned.
06-29 21:42:32.367 26207 26207 I TransferNetworkLossHand: Network connectivity changed detected.
06-29 21:42:32.370 26207 26207 I TransferNetworkLossHand: Network connected: true
06-29 21:42:32.375 26207 26889 D TransferNetworkLossHand: Loading transfers from database...
06-29 21:42:32.384 26207 26889 D TransferNetworkLossHand: Closing the cursor for resumeAllTransfers
06-29 21:42:32.385 26207 26889 D TransferNetworkLossHand: 0 transfers are loaded from database.
06-29 21:42:39.541 26207 26207 D ViewRootImpl@1fb9709[MainActivity]: ViewPostIme pointer 0
06-29 21:42:39.617 26207 26207 D ViewRootImpl@1fb9709[MainActivity]: ViewPostIme pointer 1
06-29 21:42:39.623 26207 26207 V ConnectionFragment: Discovery switch unchecked
06-29 21:42:39.623 26207 26207 D NearbyFragment: Stopped discovering
06-29 21:43:45.657 26207 26207 D NearbyFragment: onPayloadReceived(endpointId=Rz_x, payload=com.google.android.gms.nearby.connection.Payload@f6c9a47)
06-29 21:43:45.663 26207 26207 V NearbyFragment: Started downloading SUMMARISE_SEGMENT:-5828229650824608198:20200312_150643!000.mp4:45.0_1.0_23_medium from Endpoint{id=Rz_x, name=Nexus 5X [34d8]}
06-29 21:43:45.668 26207 26207 V NearbyFragment: Transfer to Rz_x: 100%
06-29 21:43:45.670 26207 26207 V NearbyFragment: Transfer to Rz_x: 100%
06-29 21:43:45.680 26207 26207 D NearbyFragment: onPayloadReceived(endpointId=Rz_x, payload=com.google.android.gms.nearby.connection.Payload@4c46012)
06-29 21:43:45.682 26207 26207 V NearbyFragment: Transfer to Rz_x: 0%
06-29 21:43:45.686 26207 26207 V NearbyFragment: Transfer to Rz_x: 0%
06-29 21:43:45.690 26207 26207 V NearbyFragment: Transfer to Rz_x: 1%
06-29 21:43:45.696 26207 26207 V NearbyFragment: Transfer to Rz_x: 1%
06-29 21:43:45.702 26207 26207 V NearbyFragment: Transfer to Rz_x: 1%
06-29 21:43:45.710 26207 26207 V NearbyFragment: Transfer to Rz_x: 2%
06-29 21:43:45.717 26207 26207 V NearbyFragment: Transfer to Rz_x: 2%
06-29 21:43:45.726 26207 26207 V NearbyFragment: Transfer to Rz_x: 3%
06-29 21:43:45.733 26207 26207 V NearbyFragment: Transfer to Rz_x: 3%
06-29 21:43:45.738 26207 26207 V NearbyFragment: Transfer to Rz_x: 3%
06-29 21:43:45.745 26207 26207 V NearbyFragment: Transfer to Rz_x: 4%
06-29 21:43:45.752 26207 26207 V NearbyFragment: Transfer to Rz_x: 4%
06-29 21:43:45.758 26207 26207 V NearbyFragment: Transfer to Rz_x: 5%
06-29 21:43:45.763 26207 26207 V NearbyFragment: Transfer to Rz_x: 5%
06-29 21:43:45.767 26207 26207 V NearbyFragment: Transfer to Rz_x: 5%
06-29 21:43:45.773 26207 26207 V NearbyFragment: Transfer to Rz_x: 6%
06-29 21:43:45.779 26207 26207 V NearbyFragment: Transfer to Rz_x: 6%
06-29 21:43:45.783 26207 26207 V NearbyFragment: Transfer to Rz_x: 7%
06-29 21:43:45.963 26207 26207 V NearbyFragment: Transfer to Rz_x: 7%
06-29 21:43:45.972 26207 26207 V NearbyFragment: Transfer to Rz_x: 7%
06-29 21:43:45.977 26207 26207 V NearbyFragment: Transfer to Rz_x: 8%
06-29 21:43:45.985 26207 26207 V NearbyFragment: Transfer to Rz_x: 8%
06-29 21:43:45.991 26207 26207 V NearbyFragment: Transfer to Rz_x: 8%
06-29 21:43:46.000 26207 26207 V NearbyFragment: Transfer to Rz_x: 9%
06-29 21:43:46.006 26207 26207 V NearbyFragment: Transfer to Rz_x: 9%
06-29 21:43:46.010 26207 26207 V NearbyFragment: Transfer to Rz_x: 10%
06-29 21:43:46.020 26207 26207 V NearbyFragment: Transfer to Rz_x: 10%
06-29 21:43:46.027 26207 26207 V NearbyFragment: Transfer to Rz_x: 10%
06-29 21:43:46.036 26207 26207 V NearbyFragment: Transfer to Rz_x: 11%
06-29 21:43:46.044 26207 26207 V NearbyFragment: Transfer to Rz_x: 11%
06-29 21:43:46.052 26207 26207 V NearbyFragment: Transfer to Rz_x: 12%
06-29 21:43:46.059 26207 26207 V NearbyFragment: Transfer to Rz_x: 12%
06-29 21:43:46.065 26207 26207 V NearbyFragment: Transfer to Rz_x: 12%
06-29 21:43:46.070 26207 26207 V NearbyFragment: Transfer to Rz_x: 13%
06-29 21:43:46.077 26207 26207 V NearbyFragment: Transfer to Rz_x: 13%
06-29 21:43:46.080 26207 26207 V NearbyFragment: Transfer to Rz_x: 14%
06-29 21:43:46.092 26207 26207 V NearbyFragment: Transfer to Rz_x: 14%
06-29 21:43:46.097 26207 26207 V NearbyFragment: Transfer to Rz_x: 14%
06-29 21:43:46.103 26207 26207 V NearbyFragment: Transfer to Rz_x: 15%
06-29 21:43:46.108 26207 26207 V NearbyFragment: Transfer to Rz_x: 15%
06-29 21:43:46.116 26207 26207 V NearbyFragment: Transfer to Rz_x: 15%
06-29 21:43:46.121 26207 26207 V NearbyFragment: Transfer to Rz_x: 16%
06-29 21:43:46.127 26207 26207 V NearbyFragment: Transfer to Rz_x: 16%
06-29 21:43:46.133 26207 26207 V NearbyFragment: Transfer to Rz_x: 17%
06-29 21:43:46.137 26207 26207 V NearbyFragment: Transfer to Rz_x: 17%
06-29 21:43:46.142 26207 26207 V NearbyFragment: Transfer to Rz_x: 17%
06-29 21:43:46.148 26207 26207 V NearbyFragment: Transfer to Rz_x: 18%
06-29 21:43:46.152 26207 26207 V NearbyFragment: Transfer to Rz_x: 18%
06-29 21:43:46.157 26207 26207 V NearbyFragment: Transfer to Rz_x: 19%
06-29 21:43:46.162 26207 26207 V NearbyFragment: Transfer to Rz_x: 19%
06-29 21:43:46.165 26207 26207 V NearbyFragment: Transfer to Rz_x: 19%
06-29 21:43:46.167 26207 26207 V NearbyFragment: Transfer to Rz_x: 20%
06-29 21:43:46.171 26207 26207 V NearbyFragment: Transfer to Rz_x: 20%
06-29 21:43:46.173 26207 26207 V NearbyFragment: Transfer to Rz_x: 21%
06-29 21:43:46.176 26207 26207 V NearbyFragment: Transfer to Rz_x: 21%
06-29 21:43:46.180 26207 26207 V NearbyFragment: Transfer to Rz_x: 21%
06-29 21:43:46.182 26207 26207 V NearbyFragment: Transfer to Rz_x: 22%
06-29 21:43:46.185 26207 26207 V NearbyFragment: Transfer to Rz_x: 22%
06-29 21:43:46.187 26207 26207 V NearbyFragment: Transfer to Rz_x: 22%
06-29 21:43:46.190 26207 26207 V NearbyFragment: Transfer to Rz_x: 23%
06-29 21:43:46.193 26207 26207 V NearbyFragment: Transfer to Rz_x: 23%
06-29 21:43:46.201 26207 26207 V NearbyFragment: Transfer to Rz_x: 24%
06-29 21:43:46.204 26207 26207 V NearbyFragment: Transfer to Rz_x: 24%
06-29 21:43:46.206 26207 26207 V NearbyFragment: Transfer to Rz_x: 24%
06-29 21:43:46.208 26207 26207 V NearbyFragment: Transfer to Rz_x: 25%
06-29 21:43:46.223 26207 26207 V NearbyFragment: Transfer to Rz_x: 25%
06-29 21:43:46.225 26207 26207 V NearbyFragment: Transfer to Rz_x: 26%
06-29 21:43:46.234 26207 26207 V NearbyFragment: Transfer to Rz_x: 26%
06-29 21:43:46.236 26207 26207 V NearbyFragment: Transfer to Rz_x: 26%
06-29 21:43:46.244 26207 26207 V NearbyFragment: Transfer to Rz_x: 27%
06-29 21:43:46.248 26207 26207 V NearbyFragment: Transfer to Rz_x: 27%
06-29 21:43:46.253 26207 26207 V NearbyFragment: Transfer to Rz_x: 28%
06-29 21:43:46.260 26207 26207 V NearbyFragment: Transfer to Rz_x: 28%
06-29 21:43:46.265 26207 26207 V NearbyFragment: Transfer to Rz_x: 28%
06-29 21:43:46.268 26207 26207 V NearbyFragment: Transfer to Rz_x: 29%
06-29 21:43:46.275 26207 26207 V NearbyFragment: Transfer to Rz_x: 29%
06-29 21:43:46.279 26207 26207 V NearbyFragment: Transfer to Rz_x: 29%
06-29 21:43:46.286 26207 26207 V NearbyFragment: Transfer to Rz_x: 30%
06-29 21:43:46.289 26207 26207 V NearbyFragment: Transfer to Rz_x: 30%
06-29 21:43:46.295 26207 26207 V NearbyFragment: Transfer to Rz_x: 31%
06-29 21:43:46.299 26207 26207 V NearbyFragment: Transfer to Rz_x: 31%
06-29 21:43:46.308 26207 26207 V NearbyFragment: Transfer to Rz_x: 31%
06-29 21:43:46.314 26207 26207 V NearbyFragment: Transfer to Rz_x: 32%
06-29 21:43:46.318 26207 26207 V NearbyFragment: Transfer to Rz_x: 32%
06-29 21:43:46.329 26207 26207 V NearbyFragment: Transfer to Rz_x: 33%
06-29 21:43:46.333 26207 26207 V NearbyFragment: Transfer to Rz_x: 33%
06-29 21:43:46.337 26207 26207 V NearbyFragment: Transfer to Rz_x: 33%
06-29 21:43:46.347 26207 26207 V NearbyFragment: Transfer to Rz_x: 34%
06-29 21:43:46.353 26207 26207 V NearbyFragment: Transfer to Rz_x: 34%
06-29 21:43:46.357 26207 26207 V NearbyFragment: Transfer to Rz_x: 35%
06-29 21:43:46.361 26207 26207 V NearbyFragment: Transfer to Rz_x: 35%
06-29 21:43:46.368 26207 26207 V NearbyFragment: Transfer to Rz_x: 35%
06-29 21:43:46.375 26207 26207 V NearbyFragment: Transfer to Rz_x: 36%
06-29 21:43:46.382 26207 26207 V NearbyFragment: Transfer to Rz_x: 36%
06-29 21:43:46.388 26207 26207 V NearbyFragment: Transfer to Rz_x: 36%
06-29 21:43:46.393 26207 26207 V NearbyFragment: Transfer to Rz_x: 37%
06-29 21:43:46.397 26207 26207 V NearbyFragment: Transfer to Rz_x: 37%
06-29 21:43:46.405 26207 26207 V NearbyFragment: Transfer to Rz_x: 38%
06-29 21:43:46.411 26207 26207 V NearbyFragment: Transfer to Rz_x: 38%
06-29 21:43:46.415 26207 26207 V NearbyFragment: Transfer to Rz_x: 38%
06-29 21:43:46.418 26207 26207 V NearbyFragment: Transfer to Rz_x: 39%
06-29 21:43:46.422 26207 26207 V NearbyFragment: Transfer to Rz_x: 39%
06-29 21:43:46.425 26207 26207 V NearbyFragment: Transfer to Rz_x: 40%
06-29 21:43:46.429 26207 26207 V NearbyFragment: Transfer to Rz_x: 40%
06-29 21:43:46.433 26207 26207 V NearbyFragment: Transfer to Rz_x: 40%
06-29 21:43:46.437 26207 26207 V NearbyFragment: Transfer to Rz_x: 41%
06-29 21:43:46.440 26207 26207 V NearbyFragment: Transfer to Rz_x: 41%
06-29 21:43:46.444 26207 26207 V NearbyFragment: Transfer to Rz_x: 42%
06-29 21:43:46.446 26207 26207 V NearbyFragment: Transfer to Rz_x: 42%
06-29 21:43:46.450 26207 26207 V NearbyFragment: Transfer to Rz_x: 42%
06-29 21:43:46.453 26207 26207 V NearbyFragment: Transfer to Rz_x: 43%
06-29 21:43:46.457 26207 26207 V NearbyFragment: Transfer to Rz_x: 43%
06-29 21:43:46.460 26207 26207 V NearbyFragment: Transfer to Rz_x: 43%
06-29 21:43:46.464 26207 26207 V NearbyFragment: Transfer to Rz_x: 44%
06-29 21:43:46.477 26207 26207 V NearbyFragment: Transfer to Rz_x: 44%
06-29 21:43:46.484 26207 26207 V NearbyFragment: Transfer to Rz_x: 45%
06-29 21:43:46.489 26207 26207 V NearbyFragment: Transfer to Rz_x: 45%
06-29 21:43:46.494 26207 26207 V NearbyFragment: Transfer to Rz_x: 45%
06-29 21:43:46.497 26207 26207 V NearbyFragment: Transfer to Rz_x: 46%
06-29 21:43:46.499 26207 26207 V NearbyFragment: Transfer to Rz_x: 46%
06-29 21:43:46.502 26207 26207 V NearbyFragment: Transfer to Rz_x: 47%
06-29 21:43:46.503 26207 26207 V NearbyFragment: Transfer to Rz_x: 47%
06-29 21:43:46.505 26207 26207 V NearbyFragment: Transfer to Rz_x: 47%
06-29 21:43:46.511 26207 26207 V NearbyFragment: Transfer to Rz_x: 48%
06-29 21:43:46.513 26207 26207 V NearbyFragment: Transfer to Rz_x: 48%
06-29 21:43:46.517 26207 26207 V NearbyFragment: Transfer to Rz_x: 49%
06-29 21:43:46.529 26207 26207 V NearbyFragment: Transfer to Rz_x: 49%
06-29 21:43:46.532 26207 26207 V NearbyFragment: Transfer to Rz_x: 49%
06-29 21:43:46.536 26207 26207 V NearbyFragment: Transfer to Rz_x: 50%
06-29 21:43:46.540 26207 26207 V NearbyFragment: Transfer to Rz_x: 50%
06-29 21:43:46.545 26207 26207 V NearbyFragment: Transfer to Rz_x: 50%
06-29 21:43:46.549 26207 26207 V NearbyFragment: Transfer to Rz_x: 51%
06-29 21:43:46.553 26207 26207 V NearbyFragment: Transfer to Rz_x: 51%
06-29 21:43:46.567 26207 26207 V NearbyFragment: Transfer to Rz_x: 52%
06-29 21:43:46.572 26207 26207 V NearbyFragment: Transfer to Rz_x: 52%
06-29 21:43:46.574 26207 26207 V NearbyFragment: Transfer to Rz_x: 52%
06-29 21:43:46.580 26207 26207 V NearbyFragment: Transfer to Rz_x: 53%
06-29 21:43:46.583 26207 26207 V NearbyFragment: Transfer to Rz_x: 53%
06-29 21:43:46.766 26207 26207 V NearbyFragment: Transfer to Rz_x: 54%
06-29 21:43:46.777 26207 26207 V NearbyFragment: Transfer to Rz_x: 54%
06-29 21:43:46.788 26207 26207 V NearbyFragment: Transfer to Rz_x: 54%
06-29 21:43:46.796 26207 26207 V NearbyFragment: Transfer to Rz_x: 55%
06-29 21:43:46.806 26207 26207 V NearbyFragment: Transfer to Rz_x: 55%
06-29 21:43:46.811 26207 26207 V NearbyFragment: Transfer to Rz_x: 56%
06-29 21:43:46.818 26207 26207 V NearbyFragment: Transfer to Rz_x: 56%
06-29 21:43:46.826 26207 26207 V NearbyFragment: Transfer to Rz_x: 56%
06-29 21:43:46.832 26207 26207 V NearbyFragment: Transfer to Rz_x: 57%
06-29 21:43:46.846 26207 26207 V NearbyFragment: Transfer to Rz_x: 57%
06-29 21:43:46.854 26207 26207 V NearbyFragment: Transfer to Rz_x: 57%
06-29 21:43:46.857 26207 26207 V NearbyFragment: Transfer to Rz_x: 58%
06-29 21:43:46.868 26207 26207 V NearbyFragment: Transfer to Rz_x: 58%
06-29 21:43:46.874 26207 26207 V NearbyFragment: Transfer to Rz_x: 59%
06-29 21:43:46.882 26207 26207 V NearbyFragment: Transfer to Rz_x: 59%
06-29 21:43:46.888 26207 26207 V NearbyFragment: Transfer to Rz_x: 59%
06-29 21:43:46.894 26207 26207 V NearbyFragment: Transfer to Rz_x: 60%
06-29 21:43:46.899 26207 26207 V NearbyFragment: Transfer to Rz_x: 60%
06-29 21:43:46.904 26207 26207 V NearbyFragment: Transfer to Rz_x: 61%
06-29 21:43:46.908 26207 26207 V NearbyFragment: Transfer to Rz_x: 61%
06-29 21:43:46.914 26207 26207 V NearbyFragment: Transfer to Rz_x: 61%
06-29 21:43:46.918 26207 26207 V NearbyFragment: Transfer to Rz_x: 62%
06-29 21:43:46.922 26207 26207 V NearbyFragment: Transfer to Rz_x: 62%
06-29 21:43:46.927 26207 26207 V NearbyFragment: Transfer to Rz_x: 63%
06-29 21:43:46.932 26207 26207 V NearbyFragment: Transfer to Rz_x: 63%
06-29 21:43:46.936 26207 26207 V NearbyFragment: Transfer to Rz_x: 63%
06-29 21:43:46.940 26207 26207 V NearbyFragment: Transfer to Rz_x: 64%
06-29 21:43:46.945 26207 26207 V NearbyFragment: Transfer to Rz_x: 64%
06-29 21:43:46.948 26207 26207 V NearbyFragment: Transfer to Rz_x: 64%
06-29 21:43:46.953 26207 26207 V NearbyFragment: Transfer to Rz_x: 65%
06-29 21:43:46.955 26207 26207 V NearbyFragment: Transfer to Rz_x: 65%
06-29 21:43:46.958 26207 26207 V NearbyFragment: Transfer to Rz_x: 66%
06-29 21:43:46.962 26207 26207 V NearbyFragment: Transfer to Rz_x: 66%
06-29 21:43:46.965 26207 26207 V NearbyFragment: Transfer to Rz_x: 66%
06-29 21:43:46.969 26207 26207 V NearbyFragment: Transfer to Rz_x: 67%
06-29 21:43:46.972 26207 26207 V NearbyFragment: Transfer to Rz_x: 67%
06-29 21:43:46.976 26207 26207 V NearbyFragment: Transfer to Rz_x: 68%
06-29 21:43:46.979 26207 26207 V NearbyFragment: Transfer to Rz_x: 68%
06-29 21:43:46.982 26207 26207 V NearbyFragment: Transfer to Rz_x: 68%
06-29 21:43:46.985 26207 26207 V NearbyFragment: Transfer to Rz_x: 69%
06-29 21:43:46.988 26207 26207 V NearbyFragment: Transfer to Rz_x: 69%
06-29 21:43:46.992 26207 26207 V NearbyFragment: Transfer to Rz_x: 70%
06-29 21:43:46.995 26207 26207 V NearbyFragment: Transfer to Rz_x: 70%
06-29 21:43:46.998 26207 26207 V NearbyFragment: Transfer to Rz_x: 70%
06-29 21:43:47.003 26207 26207 V NearbyFragment: Transfer to Rz_x: 71%
06-29 21:43:47.010 26207 26207 V NearbyFragment: Transfer to Rz_x: 71%
06-29 21:43:47.016 26207 26207 V NearbyFragment: Transfer to Rz_x: 71%
06-29 21:43:47.029 26207 26207 V NearbyFragment: Transfer to Rz_x: 72%
06-29 21:43:47.036 26207 26207 V NearbyFragment: Transfer to Rz_x: 72%
06-29 21:43:47.046 26207 26207 V NearbyFragment: Transfer to Rz_x: 73%
06-29 21:43:47.053 26207 26207 V NearbyFragment: Transfer to Rz_x: 73%
06-29 21:43:47.057 26207 26207 V NearbyFragment: Transfer to Rz_x: 73%
06-29 21:43:47.060 26207 26207 V NearbyFragment: Transfer to Rz_x: 74%
06-29 21:43:47.062 26207 26207 V NearbyFragment: Transfer to Rz_x: 74%
06-29 21:43:47.066 26207 26207 V NearbyFragment: Transfer to Rz_x: 75%
06-29 21:43:47.072 26207 26207 V NearbyFragment: Transfer to Rz_x: 75%
06-29 21:43:47.074 26207 26207 V NearbyFragment: Transfer to Rz_x: 75%
06-29 21:43:47.075 26207 26207 V NearbyFragment: Transfer to Rz_x: 76%
06-29 21:43:47.080 26207 26207 V NearbyFragment: Transfer to Rz_x: 76%
06-29 21:43:47.082 26207 26207 V NearbyFragment: Transfer to Rz_x: 77%
06-29 21:43:47.085 26207 26207 V NearbyFragment: Transfer to Rz_x: 77%
06-29 21:43:47.087 26207 26207 V NearbyFragment: Transfer to Rz_x: 77%
06-29 21:43:47.090 26207 26207 V NearbyFragment: Transfer to Rz_x: 78%
06-29 21:43:47.093 26207 26207 V NearbyFragment: Transfer to Rz_x: 78%
06-29 21:43:47.096 26207 26207 V NearbyFragment: Transfer to Rz_x: 78%
06-29 21:43:47.099 26207 26207 V NearbyFragment: Transfer to Rz_x: 79%
06-29 21:43:47.102 26207 26207 V NearbyFragment: Transfer to Rz_x: 79%
06-29 21:43:47.105 26207 26207 V NearbyFragment: Transfer to Rz_x: 80%
06-29 21:43:47.108 26207 26207 V NearbyFragment: Transfer to Rz_x: 80%
06-29 21:43:47.112 26207 26207 V NearbyFragment: Transfer to Rz_x: 80%
06-29 21:43:47.114 26207 26207 V NearbyFragment: Transfer to Rz_x: 81%
06-29 21:43:47.116 26207 26207 V NearbyFragment: Transfer to Rz_x: 81%
06-29 21:43:47.121 26207 26207 V NearbyFragment: Transfer to Rz_x: 82%
06-29 21:43:47.124 26207 26207 V NearbyFragment: Transfer to Rz_x: 82%
06-29 21:43:47.127 26207 26207 V NearbyFragment: Transfer to Rz_x: 82%
06-29 21:43:47.132 26207 26207 V NearbyFragment: Transfer to Rz_x: 83%
06-29 21:43:47.133 26207 26207 V NearbyFragment: Transfer to Rz_x: 83%
06-29 21:43:47.136 26207 26207 V NearbyFragment: Transfer to Rz_x: 84%
06-29 21:43:47.138 26207 26207 V NearbyFragment: Transfer to Rz_x: 84%
06-29 21:43:47.141 26207 26207 V NearbyFragment: Transfer to Rz_x: 84%
06-29 21:43:47.145 26207 26207 V NearbyFragment: Transfer to Rz_x: 85%
06-29 21:43:47.149 26207 26207 V NearbyFragment: Transfer to Rz_x: 85%
06-29 21:43:47.151 26207 26207 V NearbyFragment: Transfer to Rz_x: 85%
06-29 21:43:47.155 26207 26207 V NearbyFragment: Transfer to Rz_x: 86%
06-29 21:43:47.165 26207 26207 V NearbyFragment: Transfer to Rz_x: 86%
06-29 21:43:47.168 26207 26207 V NearbyFragment: Transfer to Rz_x: 87%
06-29 21:43:47.173 26207 26207 V NearbyFragment: Transfer to Rz_x: 87%
06-29 21:43:47.178 26207 26207 V NearbyFragment: Transfer to Rz_x: 87%
06-29 21:43:47.182 26207 26207 V NearbyFragment: Transfer to Rz_x: 88%
06-29 21:43:47.187 26207 26207 V NearbyFragment: Transfer to Rz_x: 88%
06-29 21:43:47.191 26207 26207 V NearbyFragment: Transfer to Rz_x: 89%
06-29 21:43:47.195 26207 26207 V NearbyFragment: Transfer to Rz_x: 89%
06-29 21:43:47.200 26207 26207 V NearbyFragment: Transfer to Rz_x: 89%
06-29 21:43:47.205 26207 26207 V NearbyFragment: Transfer to Rz_x: 90%
06-29 21:43:47.210 26207 26207 V NearbyFragment: Transfer to Rz_x: 90%
06-29 21:43:47.213 26207 26207 V NearbyFragment: Transfer to Rz_x: 91%
06-29 21:43:47.224 26207 26207 V NearbyFragment: Transfer to Rz_x: 91%
06-29 21:43:47.230 26207 26207 V NearbyFragment: Transfer to Rz_x: 91%
06-29 21:43:47.236 26207 26207 V NearbyFragment: Transfer to Rz_x: 92%
06-29 21:43:47.239 26207 26207 V NearbyFragment: Transfer to Rz_x: 92%
06-29 21:43:47.242 26207 26207 V NearbyFragment: Transfer to Rz_x: 92%
06-29 21:43:47.261 26207 26207 V NearbyFragment: Transfer to Rz_x: 93%
06-29 21:43:47.275 26207 26207 V NearbyFragment: Transfer to Rz_x: 93%
06-29 21:43:47.282 26207 26207 V NearbyFragment: Transfer to Rz_x: 94%
06-29 21:43:47.290 26207 26207 V NearbyFragment: Transfer to Rz_x: 94%
06-29 21:43:47.295 26207 26207 V NearbyFragment: Transfer to Rz_x: 94%
06-29 21:43:47.301 26207 26207 V NearbyFragment: Transfer to Rz_x: 95%
06-29 21:43:47.307 26207 26207 V NearbyFragment: Transfer to Rz_x: 95%
06-29 21:43:47.315 26207 26207 V NearbyFragment: Transfer to Rz_x: 96%
06-29 21:43:47.318 26207 26207 V NearbyFragment: Transfer to Rz_x: 96%
06-29 21:43:47.321 26207 26207 V NearbyFragment: Transfer to Rz_x: 96%
06-29 21:43:47.322 26207 26207 V NearbyFragment: Transfer to Rz_x: 97%
06-29 21:43:47.324 26207 26207 V NearbyFragment: Transfer to Rz_x: 97%
06-29 21:43:47.326 26207 26207 V NearbyFragment: Transfer to Rz_x: 98%
06-29 21:43:47.330 26207 26207 V NearbyFragment: Transfer to Rz_x: 98%
06-29 21:43:47.331 26207 26207 V NearbyFragment: Transfer to Rz_x: 98%
06-29 21:43:47.333 26207 26207 V NearbyFragment: Transfer to Rz_x: 99%
06-29 21:43:47.340 26207 26207 V NearbyFragment: Transfer to Rz_x: 99%
06-29 21:43:47.345 26207 26207 V NearbyFragment: Transfer to Rz_x: 99%
06-29 21:43:47.345 26207 26207 V NearbyFragment: Transfer to Rz_x: 100%
06-29 21:43:47.346 26207 26207 V NearbyFragment: Transfer to Rz_x: 100%
06-29 21:43:47.367 26207 26207 W NearbyFragment: Completed downloading 20200312_150643!000.mp4 from Endpoint{id=Rz_x, name=Nexus 5X [34d8]} in 01.680s
06-29 21:43:47.371 26207 26207 D NearbyFragment: Summarising 20200312_150643!000.mp4
06-29 21:43:47.442 26207 26207 V VideoManager: videoFromCursor
06-29 21:43:47.451 26207 26207 V ProcessingVideosEventHandler: onAdd
06-29 21:43:47.452 26207 26207 V RawFootageEventHandler: onRemove
06-29 21:43:47.461 26207 26207 V NearbyFragment: Transfer to Rz_x: 100%
06-29 21:43:47.462 26207 26207 V NearbyFragment: Transfer to Rz_x: 100%
06-29 21:43:47.478 26207 27030 V SummariserIntentService: onHandleIntent
06-29 21:43:47.480 26207 27030 D SummariserIntentService: Video{id='136827', data='/storage/emulated/0/Download/Nearby/20200312_150643!000.mp4', name='20200312_150643!000.mp4', size=16843851, visible=true, mimeType='video/mp4'}
06-29 21:43:47.480 26207 27030 D SummariserIntentService: /storage/emulated/0/Movies/segment-sum/20200312_150643!000.mp4
06-29 21:43:47.505 26207 27030 I mobile-ffmpeg: Loading mobile-ffmpeg.
06-29 21:43:47.555 26207 27030 I mobile-ffmpeg: Loaded mobile-ffmpeg-full-gpl-arm64-v8a-4.2.2-20190703.
06-29 21:43:47.559 26207 27031 D mobile-ffmpeg: Callback thread started.
06-29 21:43:47.560 26207 27031 I mobile-ffmpeg: 
06-29 21:43:47.560 26207 27031 I chatty  : uid=10568(com.example.edgesum) Thread-8 identical 1 line
06-29 21:43:47.561 26207 27031 I mobile-ffmpeg: 
06-29 21:43:47.561 26207 27031 I mobile-ffmpeg: ffmpeg version v4.2-dev-1824
06-29 21:43:47.561 26207 27031 I mobile-ffmpeg: 
06-29 21:43:47.561 26207 27031 I chatty  : uid=10568(com.example.edgesum) Thread-8 identical 1 line
06-29 21:43:47.561 26207 27031 I mobile-ffmpeg: 
06-29 21:43:47.561 26207 27031 I mobile-ffmpeg:  Copyright (c) 2000-2019 the FFmpeg developers
06-29 21:43:47.561 26207 27031 I mobile-ffmpeg: 
06-29 21:43:47.562 26207 27031 I chatty  : uid=10568(com.example.edgesum) Thread-8 identical 1 line
06-29 21:43:47.562 26207 27031 I mobile-ffmpeg: 
06-29 21:43:47.562 26207 27031 I mobile-ffmpeg: 
06-29 21:43:47.562 26207 27031 I mobile-ffmpeg: 
06-29 21:43:47.562 26207 27031 I chatty  : uid=10568(com.example.edgesum) Thread-8 identical 1 line
06-29 21:43:47.563 26207 27031 I mobile-ffmpeg: 
06-29 21:43:47.563 26207 27031 I mobile-ffmpeg:   built with Android (5220042 based on r346389c) clang version 8.0.7 (https://android.googlesource.com/toolchain/clang b55f2d4ebfd35bf643d27dbca1bb228957008617) (https://android.googlesource.com/toolchain/llvm 3c393fe7a7e13b0fba4ac75a01aa683d7a5b11cd) (based on LLVM 8.0.7svn)
06-29 21:43:47.563 26207 27031 I mobile-ffmpeg: 
06-29 21:43:47.563 26207 27031 I chatty  : uid=10568(com.example.edgesum) Thread-8 identical 1 line
06-29 21:43:47.563 26207 27031 I mobile-ffmpeg: 
06-29 21:43:47.564 26207 27031 I mobile-ffmpeg:   configuration: --cross-prefix=aarch64-linux-android- --sysroot=/files/android-sdk/ndk-bundle/toolchains/llvm/prebuilt/linux-x86_64/sysroot --prefix=/home/taner/Projects/mobile-ffmpeg/prebuilt/android-arm64/ffmpeg --pkg-config=/usr/bin/pkg-config --enable-version3 --arch=aarch64 --cpu=armv8-a --cc=aarch64-linux-android24-clang --cxx=aarch64-linux-android24-clang++ --target-os=android --enable-neon --enable-asm --enable-inline-asm --enable-cross-compile --enable-pic --enable-jni --enable-optimizations --enable-swscale --enable-shared --disable-v4l2-m2m --disable-outdev=v4l2 --disable-outdev=fbdev --disable-indev=v4l2 --disable-indev=fbdev --enable-small --disable-openssl --disable-xmm-clobber-test --disable-debug --enable-lto --disable-neon-clobber-test --disable-programs --disable-postproc --disable-doc --disable-htmlpages --disable-manpages --disable-podpages --disable-txtpages --disable-static --disable-sndio --disable-schannel --disable-securetransport --disable-xlib --disable-cuda --disable-cuvid --disable-nvenc --disable-vaapi --disable-vdpau --disable-videotoolbox --disable-audiotoolbox --disable-appkit --disable-alsa --disable-cuda --disable-cuvid --disable-nvenc --disable-vaapi --disable-vdpau --enable-libfontconfig --enable-libfreetype --enable-libfribidi --enable-gmp --enable-gnutls --enable-libmp3lame --enable-libass --enable-iconv --enable-libtheora --enable-libvorbis --enable-libvpx --enable-libwebp --enable-libxml2 --enable-libopencore-amrnb --enable-libopencore-amrwb --enable-libshine --enable-libspeex --enable-libwavpack --enable-libkvazaar --enable-libx264 --enable-gpl --enable-libxvid --enable-gpl --enable-libx265 --enable-gpl --enable-libvidstab --enable-gpl --enable-libilbc --enable-libopus --enable-libsnappy --enable-libsoxr --enable-libaom --enable-libtwolame --disable-sdl2 --enable-zlib --enable-mediacodec
06-29 21:43:47.564 26207 27031 I mobile-ffmpeg: 
06-29 21:43:47.564 26207 27031 I chatty  : uid=10568(com.example.edgesum) Thread-8 identical 1 line
06-29 21:43:47.564 26207 27031 I mobile-ffmpeg: 
06-29 21:43:47.564 26207 27031 I mobile-ffmpeg:   libavutil      56. 30.100 / 56. 30.100
06-29 21:43:47.565 26207 27031 I mobile-ffmpeg: 
06-29 21:43:47.565 26207 27031 I chatty  : uid=10568(com.example.edgesum) Thread-8 identical 1 line
06-29 21:43:47.565 26207 27031 I mobile-ffmpeg: 
06-29 21:43:47.565 26207 27031 I mobile-ffmpeg:   libavcodec     58. 53.101 / 58. 53.101
06-29 21:43:47.565 26207 27031 I mobile-ffmpeg: 
06-29 21:43:47.565 26207 27031 I chatty  : uid=10568(com.example.edgesum) Thread-8 identical 1 line
06-29 21:43:47.565 26207 27031 I mobile-ffmpeg: 
06-29 21:43:47.565 26207 27031 I mobile-ffmpeg:   libavformat    58. 28.101 / 58. 28.101
06-29 21:43:47.565 26207 27031 I mobile-ffmpeg: 
06-29 21:43:47.565 26207 27031 I chatty  : uid=10568(com.example.edgesum) Thread-8 identical 1 line
06-29 21:43:47.566 26207 27031 I mobile-ffmpeg: 
06-29 21:43:47.566 26207 27031 I mobile-ffmpeg:   libavdevice    58.  7.100 / 58.  7.100
06-29 21:43:47.566 26207 27031 I mobile-ffmpeg: 
06-29 21:43:47.566 26207 27031 I chatty  : uid=10568(com.example.edgesum) Thread-8 identical 1 line
06-29 21:43:47.566 26207 27031 I mobile-ffmpeg: 
06-29 21:43:47.566 26207 27031 I mobile-ffmpeg:   libavfilter     7. 55.100 /  7. 55.100
06-29 21:43:47.566 26207 27031 I mobile-ffmpeg: 
06-29 21:43:47.566 26207 27031 I chatty  : uid=10568(com.example.edgesum) Thread-8 identical 1 line
06-29 21:43:47.566 26207 27031 I mobile-ffmpeg: 
06-29 21:43:47.566 26207 27031 I mobile-ffmpeg:   libswscale      5.  4.101 /  5.  4.101
06-29 21:43:47.566 26207 27031 I mobile-ffmpeg: 
06-29 21:43:47.566 26207 27031 I chatty  : uid=10568(com.example.edgesum) Thread-8 identical 1 line
06-29 21:43:47.566 26207 27031 I mobile-ffmpeg: 
06-29 21:43:47.567 26207 27031 I mobile-ffmpeg:   libswresample   3.  4.100 /  3.  4.100
06-29 21:43:47.628 26207 27031 I mobile-ffmpeg: 
06-29 21:43:47.629 26207 27031 I chatty  : uid=10568(com.example.edgesum) Thread-8 identical 1 line
06-29 21:43:47.629 26207 27031 I mobile-ffmpeg: 
06-29 21:43:47.629 26207 27031 I mobile-ffmpeg: Input #0, mov,mp4,m4a,3gp,3g2,mj2, from '/storage/emulated/0/Download/Nearby/20200312_150643!000.mp4':
06-29 21:43:47.629 26207 27031 I mobile-ffmpeg: 
06-29 21:43:47.629 26207 27031 I chatty  : uid=10568(com.example.edgesum) Thread-8 identical 1 line
06-29 21:43:47.629 26207 27031 I mobile-ffmpeg: 
06-29 21:43:47.629 26207 27031 I mobile-ffmpeg:   Metadata:
06-29 21:43:47.629 26207 27031 I mobile-ffmpeg: 
06-29 21:43:47.629 26207 27031 I chatty  : uid=10568(com.example.edgesum) Thread-8 identical 1 line
06-29 21:43:47.629 26207 27031 I mobile-ffmpeg: 
06-29 21:43:47.629 26207 27031 I mobile-ffmpeg:     major_brand     : 
06-29 21:43:47.629 26207 27031 I mobile-ffmpeg: 
06-29 21:43:47.629 26207 27031 I chatty  : uid=10568(com.example.edgesum) Thread-8 identical 1 line
06-29 21:43:47.629 26207 27031 I mobile-ffmpeg: 
06-29 21:43:47.629 26207 27031 I mobile-ffmpeg: isom
06-29 21:43:47.629 26207 27031 I mobile-ffmpeg: 
06-29 21:43:47.629 26207 27031 I chatty  : uid=10568(com.example.edgesum) Thread-8 identical 1 line
06-29 21:43:47.630 26207 27031 I mobile-ffmpeg: 
06-29 21:43:47.630 26207 27031 I mobile-ffmpeg: 
06-29 21:43:47.630 26207 27031 I mobile-ffmpeg: 
06-29 21:43:47.630 26207 27031 I chatty  : uid=10568(com.example.edgesum) Thread-8 identical 1 line
06-29 21:43:47.630 26207 27031 I mobile-ffmpeg: 
06-29 21:43:47.630 26207 27031 I mobile-ffmpeg:     minor_version   : 
06-29 21:43:47.630 26207 27031 I mobile-ffmpeg: 
06-29 21:43:47.630 26207 27031 I chatty  : uid=10568(com.example.edgesum) Thread-8 identical 1 line
06-29 21:43:47.630 26207 27031 I mobile-ffmpeg: 
06-29 21:43:47.630 26207 27031 I mobile-ffmpeg: 512
06-29 21:43:47.630 26207 27031 I mobile-ffmpeg: 
06-29 21:43:47.630 26207 27031 I chatty  : uid=10568(com.example.edgesum) Thread-8 identical 1 line
06-29 21:43:47.630 26207 27031 I mobile-ffmpeg: 
06-29 21:43:47.630 26207 27031 I mobile-ffmpeg: 
06-29 21:43:47.630 26207 27031 I mobile-ffmpeg: 
06-29 21:43:47.630 26207 27031 I chatty  : uid=10568(com.example.edgesum) Thread-8 identical 1 line
06-29 21:43:47.630 26207 27031 I mobile-ffmpeg: 
06-29 21:43:47.631 26207 27031 I mobile-ffmpeg:     compatible_brands: 
06-29 21:43:47.631 26207 27031 I mobile-ffmpeg: 
06-29 21:43:47.631 26207 27031 I chatty  : uid=10568(com.example.edgesum) Thread-8 identical 1 line
06-29 21:43:47.631 26207 27031 I mobile-ffmpeg: 
06-29 21:43:47.631 26207 27031 I mobile-ffmpeg: isomiso2avc1mp41
06-29 21:43:47.631 26207 27031 I mobile-ffmpeg: 
06-29 21:43:47.631 26207 27031 I chatty  : uid=10568(com.example.edgesum) Thread-8 identical 1 line
06-29 21:43:47.631 26207 27031 I mobile-ffmpeg: 
06-29 21:43:47.631 26207 27031 I mobile-ffmpeg: 
06-29 21:43:47.631 26207 27031 I mobile-ffmpeg: 
06-29 21:43:47.631 26207 27031 I chatty  : uid=10568(com.example.edgesum) Thread-8 identical 1 line
06-29 21:43:47.631 26207 27031 I mobile-ffmpeg: 
06-29 21:43:47.631 26207 27031 I mobile-ffmpeg:     encoder         : 
06-29 21:43:47.631 26207 27031 I mobile-ffmpeg: 
06-29 21:43:47.631 26207 27031 I chatty  : uid=10568(com.example.edgesum) Thread-8 identical 1 line
06-29 21:43:47.632 26207 27031 I mobile-ffmpeg: 
06-29 21:43:47.632 26207 27031 I mobile-ffmpeg: Lavf58.28.101
06-29 21:43:47.632 26207 27031 I mobile-ffmpeg: 
06-29 21:43:47.632 26207 27031 I chatty  : uid=10568(com.example.edgesum) Thread-8 identical 1 line
06-29 21:43:47.632 26207 27031 I mobile-ffmpeg: 
06-29 21:43:47.632 26207 27031 I mobile-ffmpeg: 
06-29 21:43:47.632 26207 27031 I mobile-ffmpeg: 
06-29 21:43:47.632 26207 27031 I chatty  : uid=10568(com.example.edgesum) Thread-8 identical 1 line
06-29 21:43:47.632 26207 27031 I mobile-ffmpeg: 
06-29 21:43:47.632 26207 27031 I mobile-ffmpeg:   Duration: 
06-29 21:43:47.632 26207 27031 I mobile-ffmpeg: 
06-29 21:43:47.632 26207 27031 I chatty  : uid=10568(com.example.edgesum) Thread-8 identical 1 line
06-29 21:43:47.632 26207 27031 I mobile-ffmpeg: 
06-29 21:43:47.632 26207 27031 I mobile-ffmpeg: 00:00:16.07
06-29 21:43:47.632 26207 27031 I mobile-ffmpeg: 
06-29 21:43:47.632 26207 27031 I chatty  : uid=10568(com.example.edgesum) Thread-8 identical 1 line
06-29 21:43:47.633 26207 27031 I mobile-ffmpeg: 
06-29 21:43:47.633 26207 27031 I mobile-ffmpeg: , start: 
06-29 21:43:47.633 26207 27031 I mobile-ffmpeg: 
06-29 21:43:47.633 26207 27031 I chatty  : uid=10568(com.example.edgesum) Thread-8 identical 1 line
06-29 21:43:47.633 26207 27031 I mobile-ffmpeg: 
06-29 21:43:47.633 26207 27031 I mobile-ffmpeg: 0.000000
06-29 21:43:47.633 26207 27031 I mobile-ffmpeg: 
06-29 21:43:47.633 26207 27031 I chatty  : uid=10568(com.example.edgesum) Thread-8 identical 1 line
06-29 21:43:47.633 26207 27031 I mobile-ffmpeg: 
06-29 21:43:47.633 26207 27031 I mobile-ffmpeg: , bitrate: 
06-29 21:43:47.633 26207 27031 I mobile-ffmpeg: 
06-29 21:43:47.633 26207 27031 I chatty  : uid=10568(com.example.edgesum) Thread-8 identical 1 line
06-29 21:43:47.633 26207 27031 I mobile-ffmpeg: 
06-29 21:43:47.633 26207 27031 I mobile-ffmpeg: 8387 kb/s
06-29 21:43:47.633 26207 27031 I mobile-ffmpeg: 
06-29 21:43:47.633 26207 27031 I chatty  : uid=10568(com.example.edgesum) Thread-8 identical 1 line
06-29 21:43:47.633 26207 27031 I mobile-ffmpeg: 
06-29 21:43:47.633 26207 27031 I mobile-ffmpeg: 
06-29 21:43:47.633 26207 27031 I mobile-ffmpeg: 
06-29 21:43:47.634 26207 27031 I chatty  : uid=10568(com.example.edgesum) Thread-8 identical 1 line
06-29 21:43:47.634 26207 27031 I mobile-ffmpeg: 
06-29 21:43:47.634 26207 27031 I mobile-ffmpeg:     Stream #0:0
06-29 21:43:47.634 26207 27031 I mobile-ffmpeg: 
06-29 21:43:47.634 26207 27031 I chatty  : uid=10568(com.example.edgesum) Thread-8 identical 1 line
06-29 21:43:47.634 26207 27031 I mobile-ffmpeg: 
06-29 21:43:47.634 26207 27031 I mobile-ffmpeg: (eng)
06-29 21:43:47.634 26207 27031 I mobile-ffmpeg: 
06-29 21:43:47.634 26207 27031 I chatty  : uid=10568(com.example.edgesum) Thread-8 identical 1 line
06-29 21:43:47.634 26207 27031 I mobile-ffmpeg: 
06-29 21:43:47.634 26207 27031 I mobile-ffmpeg: : Video: h264 (avc1 / 0x31637661), yuvj420p(pc, bt709), 1280x720, 8362 kb/s
06-29 21:43:47.634 26207 27031 I mobile-ffmpeg: 
06-29 21:43:47.634 26207 27031 I chatty  : uid=10568(com.example.edgesum) Thread-8 identical 1 line
06-29 21:43:47.634 26207 27031 I mobile-ffmpeg: 
06-29 21:43:47.634 26207 27031 I mobile-ffmpeg: , 
06-29 21:43:47.634 26207 27031 I mobile-ffmpeg: 
06-29 21:43:47.634 26207 27031 I chatty  : uid=10568(com.example.edgesum) Thread-8 identical 1 line
