--------- beginning of main
06-28 20:21:48.154  5403  5403 I zygote  : Late-enabling -Xcheck:jni
--------- beginning of system
06-28 20:21:48.251  5403  5403 I ActivityThread: handleStopService: token=android.os.BinderProxy@da74432 not found.
06-28 20:21:48.255  5403  5403 I TransferService: Starting Transfer Service to listen for network connectivity changes.
06-28 20:21:48.256  5403  5403 W LogFactory: Truncating log tag length as it exceed 23, the limit imposed by Android on certain API Levels
06-28 20:21:48.278  5403  5403 I TransferService: Registering the network receiver
06-28 20:21:48.281  5403  5403 I TransferService: Moving the service out of the Foreground state.
06-28 20:21:48.282  5403  5403 I TransferService: De-registering the network receiver.
06-28 20:21:49.542  5403  5403 I zygote  : Rejecting re-init on previously-failed class java.lang.Class<androidx.core.view.ViewCompat$2>: java.lang.NoClassDefFoundError: Failed resolution of: Landroid/view/View$OnUnhandledKeyEventListener;
06-28 20:21:49.542  5403  5403 I zygote  :   at void androidx.core.view.ViewCompat.setOnApplyWindowInsetsListener(android.view.View, androidx.core.view.OnApplyWindowInsetsListener) (ViewCompat.java:2421)
06-28 20:21:49.542  5403  5403 I zygote  :   at android.view.ViewGroup androidx.appcompat.app.AppCompatDelegateImpl.createSubDecor() (AppCompatDelegateImpl.java:779)
06-28 20:21:49.542  5403  5403 I zygote  :   at void androidx.appcompat.app.AppCompatDelegateImpl.ensureSubDecor() (AppCompatDelegateImpl.java:659)
06-28 20:21:49.542  5403  5403 I zygote  :   at void androidx.appcompat.app.AppCompatDelegateImpl.setContentView(int) (AppCompatDelegateImpl.java:552)
06-28 20:21:49.542  5403  5403 I zygote  :   at void androidx.appcompat.app.AppCompatActivity.setContentView(int) (AppCompatActivity.java:161)
06-28 20:21:49.542  5403  5403 I zygote  :   at void com.example.edgesum.page.main.MainActivity.onCreate(android.os.Bundle) (MainActivity.java:95)
06-28 20:21:49.542  5403  5403 I zygote  :   at void android.app.Activity.performCreate(android.os.Bundle, android.os.PersistableBundle) (Activity.java:7009)
06-28 20:21:49.542  5403  5403 I zygote  :   at void android.app.Activity.performCreate(android.os.Bundle) (Activity.java:7000)
06-28 20:21:49.542  5403  5403 I zygote  :   at void android.app.Instrumentation.callActivityOnCreate(android.app.Activity, android.os.Bundle) (Instrumentation.java:1214)
06-28 20:21:49.542  5403  5403 I zygote  :   at android.app.Activity android.app.ActivityThread.performLaunchActivity(android.app.ActivityThread$ActivityClientRecord, android.content.Intent) (ActivityThread.java:2731)
06-28 20:21:49.542  5403  5403 I zygote  :   at void android.app.ActivityThread.handleLaunchActivity(android.app.ActivityThread$ActivityClientRecord, android.content.Intent, java.lang.String) (ActivityThread.java:2856)
06-28 20:21:49.542  5403  5403 I zygote  :   at void android.app.ActivityThread.-wrap11(android.app.ActivityThread, android.app.ActivityThread$ActivityClientRecord, android.content.Intent, java.lang.String) (ActivityThread.java:-1)
06-28 20:21:49.542  5403  5403 I zygote  :   at void android.app.ActivityThread$H.handleMessage(android.os.Message) (ActivityThread.java:1589)
06-28 20:21:49.542  5403  5403 I zygote  :   at void android.os.Handler.dispatchMessage(android.os.Message) (Handler.java:106)
06-28 20:21:49.542  5403  5403 I zygote  :   at void android.os.Looper.loop() (Looper.java:164)
06-28 20:21:49.542  5403  5403 I zygote  :   at void android.app.ActivityThread.main(java.lang.String[]) (ActivityThread.java:6494)
06-28 20:21:49.542  5403  5403 I zygote  :   at java.lang.Object java.lang.reflect.Method.invoke(java.lang.Object, java.lang.Object[]) (Method.java:-2)
06-28 20:21:49.542  5403  5403 I zygote  :   at void com.android.internal.os.RuntimeInit$MethodAndArgsCaller.run() (RuntimeInit.java:438)
06-28 20:21:49.542  5403  5403 I zygote  :   at void com.android.internal.os.ZygoteInit.main(java.lang.String[]) (ZygoteInit.java:807)
06-28 20:21:49.542  5403  5403 I zygote  : Caused by: java.lang.ClassNotFoundException: Didn't find class "android.view.View$OnUnhandledKeyEventListener" on path: DexPathList[[zip file "/data/app/com.example.edgesum-XZulbL2Uky1WPZydDzZa6Q==/base.apk"],nativeLibraryDirectories=[/data/app/com.example.edgesum-XZulbL2Uky1WPZydDzZa6Q==/lib/arm, /data/app/com.example.edgesum-XZulbL2Uky1WPZydDzZa6Q==/base.apk!/lib/armeabi-v7a, /system/lib, /system/vendor/lib]]
06-28 20:21:49.542  5403  5403 I zygote  :   at java.lang.Class dalvik.system.BaseDexClassLoader.findClass(java.lang.String) (BaseDexClassLoader.java:125)
06-28 20:21:49.542  5403  5403 I zygote  :   at java.lang.Class java.lang.ClassLoader.loadClass(java.lang.String, boolean) (ClassLoader.java:379)
06-28 20:21:49.542  5403  5403 I zygote  :   at java.lang.Class java.lang.ClassLoader.loadClass(java.lang.String) (ClassLoader.java:312)
06-28 20:21:49.542  5403  5403 I zygote  :   at void androidx.core.view.ViewCompat.setOnApplyWindowInsetsListener(android.view.View, androidx.core.view.OnApplyWindowInsetsListener) (ViewCompat.java:2421)
06-28 20:21:49.542  5403  5403 I zygote  :   at android.view.ViewGroup androidx.appcompat.app.AppCompatDelegateImpl.createSubDecor() (AppCompatDelegateImpl.java:779)
06-28 20:21:49.542  5403  5403 I zygote  :   at void androidx.appcompat.app.AppCompatDelegateImpl.ensureSubDecor() (AppCompatDelegateImpl.java:659)
06-28 20:21:49.542  5403  5403 I zygote  :   at void androidx.appcompat.app.AppCompatDelegateImpl.setContentView(int) (AppCompatDelegateImpl.java:552)
06-28 20:21:49.542  5403  5403 I zygote  :   at void androidx.appcompat.app.AppCompatActivity.setContentView(int) (AppCompatActivity.java:161)
06-28 20:21:49.542  5403  5403 I zygote  :   at void com.example.edgesum.page.main.MainActivity.onCreate(android.os.Bundle) (MainActivity.java:95)
06-28 20:21:49.542  5403  5403 I zygote  :   at void android.app.Activity.performCreate(android.os.Bundle, android.os.PersistableBundle) (Activity.java:7009)
06-28 20:21:49.542  5403  5403 I zygote  :   at void android.app.Activity.performCreate(android.os.Bundle) (Activity.java:7000)
06-28 20:21:49.542  5403  5403 I zygote  :   at void android.app.Instrumentation.callActivityOnCreate(android.app.Activity, android.os.Bundle) (Instrumentation.java:1214)
06-28 20:21:49.542  5403  5403 I zygote  :   at android.app.Activity android.app.ActivityThread.performLaunchActivity(android.app.ActivityThread$ActivityClientRecord, android.content.Intent) (ActivityThread.java:2731)
06-28 20:21:49.542  5403  5403 I zygote  :   at void android.app.ActivityThread.handleLaunchActivity(android.app.ActivityThread$ActivityClientRecord, android.content.Intent, java.lang.String) (ActivityThread.java:2856)
06-28 20:21:49.542  5403  5403 I zygote  :   at void android.app.ActivityThread.-wrap11(android.app.ActivityThread, android.app.ActivityThread$ActivityClientRecord, android.content.Intent, java.lang.String) (ActivityThread.java:-1)
06-28 20:21:49.542  5403  5403 I zygote  :   at void android.app.ActivityThread$H.handleMessage(android.os.Message) (ActivityThread.java:1589)
06-28 20:21:49.542  5403  5403 I zygote  :   at void android.os.Handler.dispatchMessage(android.os.Message) (Handler.java:106)
06-28 20:21:49.542  5403  5403 I zygote  :   at void android.os.Looper.loop() (Looper.java:164)
06-28 20:21:49.542  5403  5403 I zygote  :   at void android.app.ActivityThread.main(java.lang.String[]) (ActivityThread.java:6494)
06-28 20:21:49.542  5403  5403 I zygote  :   at java.lang.Object java.lang.reflect.Method.invoke(java.lang.Object, java.lang.Object[]) (Method.java:-2)
06-28 20:21:49.542  5403  5403 I zygote  :   at void com.android.internal.os.RuntimeInit$MethodAndArgsCaller.run() (RuntimeInit.java:438)
06-28 20:21:49.542  5403  5403 I zygote  :   at void com.android.internal.os.ZygoteInit.main(java.lang.String[]) (ZygoteInit.java:807)
06-28 20:21:49.542  5403  5403 I zygote  : 
06-28 20:21:49.543  5403  5403 I zygote  : Rejecting re-init on previously-failed class java.lang.Class<androidx.core.view.ViewCompat$2>: java.lang.NoClassDefFoundError: Failed resolution of: Landroid/view/View$OnUnhandledKeyEventListener;
06-28 20:21:49.543  5403  5403 I zygote  :   at void androidx.core.view.ViewCompat.setOnApplyWindowInsetsListener(android.view.View, androidx.core.view.OnApplyWindowInsetsListener) (ViewCompat.java:2421)
06-28 20:21:49.543  5403  5403 I zygote  :   at android.view.ViewGroup androidx.appcompat.app.AppCompatDelegateImpl.createSubDecor() (AppCompatDelegateImpl.java:779)
06-28 20:21:49.543  5403  5403 I zygote  :   at void androidx.appcompat.app.AppCompatDelegateImpl.ensureSubDecor() (AppCompatDelegateImpl.java:659)
06-28 20:21:49.543  5403  5403 I zygote  :   at void androidx.appcompat.app.AppCompatDelegateImpl.setContentView(int) (AppCompatDelegateImpl.java:552)
06-28 20:21:49.543  5403  5403 I zygote  :   at void androidx.appcompat.app.AppCompatActivity.setContentView(int) (AppCompatActivity.java:161)
06-28 20:21:49.543  5403  5403 I zygote  :   at void com.example.edgesum.page.main.MainActivity.onCreate(android.os.Bundle) (MainActivity.java:95)
06-28 20:21:49.543  5403  5403 I zygote  :   at void android.app.Activity.performCreate(android.os.Bundle, android.os.PersistableBundle) (Activity.java:7009)
06-28 20:21:49.543  5403  5403 I zygote  :   at void android.app.Activity.performCreate(android.os.Bundle) (Activity.java:7000)
06-28 20:21:49.543  5403  5403 I zygote  :   at void android.app.Instrumentation.callActivityOnCreate(android.app.Activity, android.os.Bundle) (Instrumentation.java:1214)
06-28 20:21:49.543  5403  5403 I zygote  :   at android.app.Activity android.app.ActivityThread.performLaunchActivity(android.app.ActivityThread$ActivityClientRecord, android.content.Intent) (ActivityThread.java:2731)
06-28 20:21:49.543  5403  5403 I zygote  :   at void android.app.ActivityThread.handleLaunchActivity(android.app.ActivityThread$ActivityClientRecord, android.content.Intent, java.lang.String) (ActivityThread.java:2856)
06-28 20:21:49.543  5403  5403 I zygote  :   at void android.app.ActivityThread.-wrap11(android.app.ActivityThread, android.app.ActivityThread$ActivityClientRecord, android.content.Intent, java.lang.String) (ActivityThread.java:-1)
06-28 20:21:49.543  5403  5403 I zygote  :   at void android.app.ActivityThread$H.handleMessage(android.os.Message) (ActivityThread.java:1589)
06-28 20:21:49.543  5403  5403 I zygote  :   at void android.os.Handler.dispatchMessage(android.os.Message) (Handler.java:106)
06-28 20:21:49.543  5403  5403 I zygote  :   at void android.os.Looper.loop() (Looper.java:164)
06-28 20:21:49.543  5403  5403 I zygote  :   at void android.app.ActivityThread.main(java.lang.String[]) (ActivityThread.java:6494)
06-28 20:21:49.543  5403  5403 I zygote  :   at java.lang.Object java.lang.reflect.Method.invoke(java.lang.Object, java.lang.Object[]) (Method.java:-2)
06-28 20:21:49.543  5403  5403 I zygote  :   at void com.android.internal.os.RuntimeInit$MethodAndArgsCaller.run() (RuntimeInit.java:438)
06-28 20:21:49.543  5403  5403 I zygote  :   at void com.android.internal.os.ZygoteInit.main(java.lang.String[]) (ZygoteInit.java:807)
06-28 20:21:49.543  5403  5403 I zygote  : Caused by: java.lang.ClassNotFoundException: Didn't find class "android.view.View$OnUnhandledKeyEventListener" on path: DexPathList[[zip file "/data/app/com.example.edgesum-XZulbL2Uky1WPZydDzZa6Q==/base.apk"],nativeLibraryDirectories=[/data/app/com.example.edgesum-XZulbL2Uky1WPZydDzZa6Q==/lib/arm, /data/app/com.example.edgesum-XZulbL2Uky1WPZydDzZa6Q==/base.apk!/lib/armeabi-v7a, /system/lib, /system/vendor/lib]]
06-28 20:21:49.543  5403  5403 I zygote  :   at java.lang.Class dalvik.system.BaseDexClassLoader.findClass(java.lang.String) (BaseDexClassLoader.java:125)
06-28 20:21:49.543  5403  5403 I zygote  :   at java.lang.Class java.lang.ClassLoader.loadClass(java.lang.String, boolean) (ClassLoader.java:379)
06-28 20:21:49.543  5403  5403 I zygote  :   at java.lang.Class java.lang.ClassLoader.loadClass(java.lang.String) (ClassLoader.java:312)
06-28 20:21:49.543  5403  5403 I zygote  :   at void androidx.core.view.ViewCompat.setOnApplyWindowInsetsListener(android.view.View, androidx.core.view.OnApplyWindowInsetsListener) (ViewCompat.java:2421)
06-28 20:21:49.543  5403  5403 I zygote  :   at android.view.ViewGroup androidx.appcompat.app.AppCompatDelegateImpl.createSubDecor() (AppCompatDelegateImpl.java:779)
06-28 20:21:49.543  5403  5403 I zygote  :   at void androidx.appcompat.app.AppCompatDelegateImpl.ensureSubDecor() (AppCompatDelegateImpl.java:659)
06-28 20:21:49.543  5403  5403 I zygote  :   at void androidx.appcompat.app.AppCompatDelegateImpl.setContentView(int) (AppCompatDelegateImpl.java:552)
06-28 20:21:49.543  5403  5403 I zygote  :   at void androidx.appcompat.app.AppCompatActivity.setContentView(int) (AppCompatActivity.java:161)
06-28 20:21:49.543  5403  5403 I zygote  :   at void com.example.edgesum.page.main.MainActivity.onCreate(android.os.Bundle) (MainActivity.java:95)
06-28 20:21:49.543  5403  5403 I zygote  :   at void android.app.Activity.performCreate(android.os.Bundle, android.os.PersistableBundle) (Activity.java:7009)
06-28 20:21:49.543  5403  5403 I zygote  :   at void android.app.Activity.performCreate(android.os.Bundle) (Activity.java:7000)
06-28 20:21:49.543  5403  5403 I zygote  :   at void android.app.Instrumentation.callActivityOnCreate(android.app.Activity, android.os.Bundle) (Instrumentation.java:1214)
06-28 20:21:49.543  5403  5403 I zygote  :   at android.app.Activity android.app.ActivityThread.performLaunchActivity(android.app.ActivityThread$ActivityClientRecord, android.content.Intent) (ActivityThread.java:2731)
06-28 20:21:49.543  5403  5403 I zygote  :   at void android.app.ActivityThread.handleLaunchActivity(android.app.ActivityThread$ActivityClientRecord, android.content.Intent, java.lang.String) (ActivityThread.java:2856)
06-28 20:21:49.543  5403  5403 I zygote  :   at void android.app.ActivityThread.-wrap11(android.app.ActivityThread, android.app.ActivityThread$ActivityClientRecord, android.content.Intent, java.lang.String) (ActivityThread.java:-1)
06-28 20:21:49.543  5403  5403 I zygote  :   at void android.app.ActivityThread$H.handleMessage(android.os.Message) (ActivityThread.java:1589)
06-28 20:21:49.543  5403  5403 I zygote  :   at void android.os.Handler.dispatchMessage(android.os.Message) (Handler.java:106)
06-28 20:21:49.543  5403  5403 I zygote  :   at void android.os.Looper.loop() (Looper.java:164)
06-28 20:21:49.543  5403  5403 I zygote  :   at void android.app.ActivityThread.main(java.lang.String[]) (ActivityThread.java:6494)
06-28 20:21:49.543  5403  5403 I zygote  :   at java.lang.Object java.lang.reflect.Method.invoke(java.lang.Object, java.lang.Object[]) (Method.java:-2)
06-28 20:21:49.543  5403  5403 I zygote  :   at void com.android.internal.os.RuntimeInit$MethodAndArgsCaller.run() (RuntimeInit.java:438)
06-28 20:21:49.543  5403  5403 I zygote  :   at void com.android.internal.os.ZygoteInit.main(java.lang.String[]) (ZygoteInit.java:807)
06-28 20:21:49.543  5403  5403 I zygote  : 
06-28 20:21:49.544  5403  5403 I zygote  : Rejecting re-init on previously-failed class java.lang.Class<androidx.core.view.ViewCompat$2>: java.lang.NoClassDefFoundError: Failed resolution of: Landroid/view/View$OnUnhandledKeyEventListener;
06-28 20:21:49.544  5403  5403 I zygote  :   at void androidx.core.view.ViewCompat.setOnApplyWindowInsetsListener(android.view.View, androidx.core.view.OnApplyWindowInsetsListener) (ViewCompat.java:2421)
06-28 20:21:49.544  5403  5403 I zygote  :   at android.view.ViewGroup androidx.appcompat.app.AppCompatDelegateImpl.createSubDecor() (AppCompatDelegateImpl.java:779)
06-28 20:21:49.544  5403  5403 I zygote  :   at void androidx.appcompat.app.AppCompatDelegateImpl.ensureSubDecor() (AppCompatDelegateImpl.java:659)
06-28 20:21:49.544  5403  5403 I zygote  :   at void androidx.appcompat.app.AppCompatDelegateImpl.setContentView(int) (AppCompatDelegateImpl.java:552)
06-28 20:21:49.544  5403  5403 I zygote  :   at void androidx.appcompat.app.AppCompatActivity.setContentView(int) (AppCompatActivity.java:161)
06-28 20:21:49.544  5403  5403 I zygote  :   at void com.example.edgesum.page.main.MainActivity.onCreate(android.os.Bundle) (MainActivity.java:95)
06-28 20:21:49.544  5403  5403 I zygote  :   at void android.app.Activity.performCreate(android.os.Bundle, android.os.PersistableBundle) (Activity.java:7009)
06-28 20:21:49.544  5403  5403 I zygote  :   at void android.app.Activity.performCreate(android.os.Bundle) (Activity.java:7000)
06-28 20:21:49.544  5403  5403 I zygote  :   at void android.app.Instrumentation.callActivityOnCreate(android.app.Activity, android.os.Bundle) (Instrumentation.java:1214)
06-28 20:21:49.544  5403  5403 I zygote  :   at android.app.Activity android.app.ActivityThread.performLaunchActivity(android.app.ActivityThread$ActivityClientRecord, android.content.Intent) (ActivityThread.java:2731)
06-28 20:21:49.544  5403  5403 I zygote  :   at void android.app.ActivityThread.handleLaunchActivity(android.app.ActivityThread$ActivityClientRecord, android.content.Intent, java.lang.String) (ActivityThread.java:2856)
06-28 20:21:49.544  5403  5403 I zygote  :   at void android.app.ActivityThread.-wrap11(android.app.ActivityThread, android.app.ActivityThread$ActivityClientRecord, android.content.Intent, java.lang.String) (ActivityThread.java:-1)
06-28 20:21:49.544  5403  5403 I zygote  :   at void android.app.ActivityThread$H.handleMessage(android.os.Message) (ActivityThread.java:1589)
06-28 20:21:49.544  5403  5403 I zygote  :   at void android.os.Handler.dispatchMessage(android.os.Message) (Handler.java:106)
06-28 20:21:49.544  5403  5403 I zygote  :   at void android.os.Looper.loop() (Looper.java:164)
06-28 20:21:49.544  5403  5403 I zygote  :   at void android.app.ActivityThread.main(java.lang.String[]) (ActivityThread.java:6494)
06-28 20:21:49.544  5403  5403 I zygote  :   at java.lang.Object java.lang.reflect.Method.invoke(java.lang.Object, java.lang.Object[]) (Method.java:-2)
06-28 20:21:49.544  5403  5403 I zygote  :   at void com.android.internal.os.RuntimeInit$MethodAndArgsCaller.run() (RuntimeInit.java:438)
06-28 20:21:49.544  5403  5403 I zygote  :   at void com.android.internal.os.ZygoteInit.main(java.lang.String[]) (ZygoteInit.java:807)
06-28 20:21:49.544  5403  5403 I zygote  : Caused by: java.lang.ClassNotFoundException: Didn't find class "android.view.View$OnUnhandledKeyEventListener" on path: DexPathList[[zip file "/data/app/com.example.edgesum-XZulbL2Uky1WPZydDzZa6Q==/base.apk"],nativeLibraryDirectories=[/data/app/com.example.edgesum-XZulbL2Uky1WPZydDzZa6Q==/lib/arm, /data/app/com.example.edgesum-XZulbL2Uky1WPZydDzZa6Q==/base.apk!/lib/armeabi-v7a, /system/lib, /system/vendor/lib]]
06-28 20:21:49.544  5403  5403 I zygote  :   at java.lang.Class dalvik.system.BaseDexClassLoader.findClass(java.lang.String) (BaseDexClassLoader.java:125)
06-28 20:21:49.544  5403  5403 I zygote  :   at java.lang.Class java.lang.ClassLoader.loadClass(java.lang.String, boolean) (ClassLoader.java:379)
06-28 20:21:49.544  5403  5403 I zygote  :   at java.lang.Class java.lang.ClassLoader.loadClass(java.lang.String) (ClassLoader.java:312)
06-28 20:21:49.544  5403  5403 I zygote  :   at void androidx.core.view.ViewCompat.setOnApplyWindowInsetsListener(android.view.View, androidx.core.view.OnApplyWindowInsetsListener) (ViewCompat.java:2421)
06-28 20:21:49.544  5403  5403 I zygote  :   at android.view.ViewGroup androidx.appcompat.app.AppCompatDelegateImpl.createSubDecor() (AppCompatDelegateImpl.java:779)
06-28 20:21:49.544  5403  5403 I zygote  :   at void androidx.appcompat.app.AppCompatDelegateImpl.ensureSubDecor() (AppCompatDelegateImpl.java:659)
06-28 20:21:49.544  5403  5403 I zygote  :   at void androidx.appcompat.app.AppCompatDelegateImpl.setContentView(int) (AppCompatDelegateImpl.java:552)
06-28 20:21:49.544  5403  5403 I zygote  :   at void androidx.appcompat.app.AppCompatActivity.setContentView(int) (AppCompatActivity.java:161)
06-28 20:21:49.544  5403  5403 I zygote  :   at void com.example.edgesum.page.main.MainActivity.onCreate(android.os.Bundle) (MainActivity.java:95)
06-28 20:21:49.544  5403  5403 I zygote  :   at void android.app.Activity.performCreate(android.os.Bundle, android.os.PersistableBundle) (Activity.java:7009)
06-28 20:21:49.544  5403  5403 I zygote  :   at void android.app.Activity.performCreate(android.os.Bundle) (Activity.java:7000)
06-28 20:21:49.544  5403  5403 I zygote  :   at void android.app.Instrumentation.callActivityOnCreate(android.app.Activity, android.os.Bundle) (Instrumentation.java:1214)
06-28 20:21:49.544  5403  5403 I zygote  :   at android.app.Activity android.app.ActivityThread.performLaunchActivity(android.app.ActivityThread$ActivityClientRecord, android.content.Intent) (ActivityThread.java:2731)
06-28 20:21:49.544  5403  5403 I zygote  :   at void android.app.ActivityThread.handleLaunchActivity(android.app.ActivityThread$ActivityClientRecord, android.content.Intent, java.lang.String) (ActivityThread.java:2856)
06-28 20:21:49.544  5403  5403 I zygote  :   at void android.app.ActivityThread.-wrap11(android.app.ActivityThread, android.app.ActivityThread$ActivityClientRecord, android.content.Intent, java.lang.String) (ActivityThread.java:-1)
06-28 20:21:49.544  5403  5403 I zygote  :   at void android.app.ActivityThread$H.handleMessage(android.os.Message) (ActivityThread.java:1589)
06-28 20:21:49.544  5403  5403 I zygote  :   at void android.os.Handler.dispatchMessage(android.os.Message) (Handler.java:106)
06-28 20:21:49.544  5403  5403 I zygote  :   at void android.os.Looper.loop() (Looper.java:164)
06-28 20:21:49.544  5403  5403 I zygote  :   at void android.app.ActivityThread.main(java.lang.String[]) (ActivityThread.java:6494)
06-28 20:21:49.544  5403  5403 I zygote  :   at java.lang.Object java.lang.reflect.Method.invoke(java.lang.Object, java.lang.Object[]) (Method.java:-2)
06-28 20:21:49.544  5403  5403 I zygote  :   at void com.android.internal.os.RuntimeInit$MethodAndArgsCaller.run() (RuntimeInit.java:438)
06-28 20:21:49.544  5403  5403 I zygote  :   at void com.android.internal.os.ZygoteInit.main(java.lang.String[]) (ZygoteInit.java:807)
06-28 20:21:49.544  5403  5403 I zygote  : 
06-28 20:21:49.806  5403  5403 V Repo    : /storage/emulated/0/Movies/raw
06-28 20:21:49.806  5403  5403 V Repo    : /storage/emulated/0/Movies/summarised
06-28 20:21:49.823  5403  5403 V FileManager: External storage is readable
06-28 20:21:49.823  5403  5403 V FileManager: Directory already exists: /storage/emulated/0/Movies/raw
06-28 20:21:49.828  5403  5403 V FileManager: External storage is readable
06-28 20:21:49.828  5403  5403 V FileManager: Directory already exists: /storage/emulated/0/Movies/summarised
06-28 20:21:49.833  5403  5403 V FileManager: External storage is readable
06-28 20:21:49.834  5403  5403 V FileManager: Directory already exists: /storage/emulated/0/Download/nearby
06-28 20:21:49.836  5403  5403 V FileManager: External storage is readable
06-28 20:21:49.837  5403  5403 V FileManager: Directory already exists: /storage/emulated/0/Movies/segment
06-28 20:21:49.839  5403  5403 V FileManager: External storage is readable
06-28 20:21:49.839  5403  5403 V FileManager: Directory already exists: /storage/emulated/0/Movies/segment-sum
06-28 20:21:50.057  5403  5403 V VideoManager: getAllVideoFromExternalStorageFolder
06-28 20:21:50.065  5403  5403 D VideoManager: /storage/emulated/0/Movies/summarised
06-28 20:21:50.076  5403  5403 D VideoManager: 0 videos return
06-28 20:21:50.129  5403  5403 V VideoManager: getAllVideoFromExternalStorageFolder
06-28 20:21:50.135  5403  5403 D VideoManager: /storage/emulated/0/Movies/raw
06-28 20:21:50.136  5403  5408 I zygote  : Do partial code cache collection, code=10KB, data=19KB
06-28 20:21:50.138  5403  5408 I zygote  : After code cache collection, code=10KB, data=19KB
06-28 20:21:50.138  5403  5408 I zygote  : Increasing code cache capacity to 128KB
06-28 20:21:50.140  5403  5408 I zygote  : Do partial code cache collection, code=10KB, data=37KB
06-28 20:21:50.142  5403  5408 I zygote  : After code cache collection, code=10KB, data=37KB
06-28 20:21:50.142  5403  5408 I zygote  : Increasing code cache capacity to 256KB
06-28 20:21:50.144  5403  5408 I zygote  : Compiler allocated 4MB to compile void android.widget.TextView.<init>(android.content.Context, android.util.AttributeSet, int, int)
06-28 20:21:50.144  5403  5403 D VideoManager: 0 videos return
06-28 20:21:50.213  5403  5423 D OpenGLRenderer: HWUI GL Pipeline
06-28 20:21:50.226  5403  5403 I TransferService: Starting Transfer Service to listen for network connectivity changes.
06-28 20:21:50.226  5403  5403 I TransferService: Registering the network receiver
06-28 20:21:50.249  5403  5403 E TransferService: No notification is passed in the intent. Unable to transition to foreground.
06-28 20:21:50.260  5403  5416 D MainActivity: Scanned /storage/emulated/0/Movies/summarised
06-28 20:21:50.260  5403  5416 D MainActivity:   -> uri=content://media/external/file/807
06-28 20:21:50.392  5403  5403 W StaticLayout: maxLineHeight should not be -1.  maxLines:1 lineCount:1
06-28 20:21:50.394  5403  5421 D MainActivity: Scanned /storage/emulated/0/Movies/raw
06-28 20:21:50.394  5403  5421 D MainActivity:   -> uri=content://media/external/file/806
06-28 20:21:50.426  5403  5403 W StaticLayout: maxLineHeight should not be -1.  maxLines:1 lineCount:1
06-28 20:21:50.440  5403  5403 I chatty  : uid=10086(com.example.edgesum) identical 1 line
06-28 20:21:50.451  5403  5403 W StaticLayout: maxLineHeight should not be -1.  maxLines:1 lineCount:1
06-28 20:21:50.474  5403  5423 I Adreno-EGL: <qeglDrvAPI_eglInitialize:379>: QUALCOMM Build: 06/17/16, f19e6a9, I9e7a63e7c4
06-28 20:21:50.478  5403  5423 I zygote  : android::hardware::configstore::V1_0::ISurfaceFlingerConfigs::hasWideColorDisplay retrieved: 0
06-28 20:21:50.478  5403  5423 I OpenGLRenderer: Initialized EGL, version 1.4
06-28 20:21:50.478  5403  5423 D OpenGLRenderer: Swap behavior 1
06-28 20:21:50.485  5403  5423 W Adreno-EGL: <qeglDrvAPI_eglGetConfigAttrib:607>: EGL_BAD_ATTRIBUTE
06-28 20:21:50.487  5403  5423 W Adreno-EGL: <qeglDrvAPI_eglGetConfigAttrib:607>: EGL_BAD_ATTRIBUTE
06-28 20:21:50.488  5403  5423 D vndksupport: Loading /vendor/lib/hw/gralloc.msm8974.so from current namespace instead of sphal namespace.
06-28 20:21:50.492  5403  5403 W StaticLayout: maxLineHeight should not be -1.  maxLines:1 lineCount:1
06-28 20:21:50.504  5403  5403 W StaticLayout: maxLineHeight should not be -1.  maxLines:1 lineCount:1
06-28 20:21:50.521  5403  5403 I TransferNetworkLossHand: Network connectivity changed detected.
06-28 20:21:50.522  5403  5403 I TransferNetworkLossHand: Network connected: false
06-28 20:21:50.662  5403  5423 D vndksupport: Loading /vendor/lib/hw/android.hardware.graphics.mapper@2.0-impl.so from current namespace instead of sphal namespace.
06-28 20:21:50.663  5403  5423 D vndksupport: Loading /vendor/lib/hw/gralloc.msm8974.so from current namespace instead of sphal namespace.
06-28 20:21:58.043  5403  5403 V MainActivity: Connect button clicked
06-28 20:21:59.319  5403  5403 V ConnectionFragment: Discovery switch checked
06-28 20:22:01.173  5403  5403 D NearbyFragment: Started discovering
06-28 20:22:02.459  5403  5403 D NearbyFragment: Found endpoint aUQD: Nexus 5X [34d8]
06-28 20:22:19.689  5403  5403 D NearbyFragment: Selected 'Endpoint{id=aUQD, name=Nexus 5X [34d8]}'
06-28 20:22:19.709  5403  5408 I zygote  : Do full code cache collection, code=126KB, data=86KB
06-28 20:22:19.710  5403  5408 I zygote  : After code cache collection, code=123KB, data=62KB
06-28 20:22:19.733  5403  5423 W Adreno-EGL: <qeglDrvAPI_eglGetConfigAttrib:607>: EGL_BAD_ATTRIBUTE
06-28 20:22:19.735  5403  5423 D vndksupport: Loading /vendor/lib/hw/gralloc.msm8974.so from current namespace instead of sphal namespace.
06-28 20:22:24.542  5403  5403 D NearbyFragment: Initiated connection with Endpoint{id=aUQD, name=Nexus 5X [34d8]}: Nexus 5X [34d8]
06-28 20:22:24.663  5403  5403 D NearbyFragment: Requested connection with Endpoint{id=aUQD, name=Nexus 5X [34d8]}
06-28 20:22:24.733  5403  5423 W Adreno-EGL: <qeglDrvAPI_eglGetConfigAttrib:607>: EGL_BAD_ATTRIBUTE
06-28 20:22:24.741  5403  5423 D vndksupport: Loading /vendor/lib/hw/gralloc.msm8974.so from current namespace instead of sphal namespace.
06-28 20:22:24.756  5403  5408 I zygote  : Do partial code cache collection, code=126KB, data=78KB
06-28 20:22:24.757  5403  5408 I zygote  : After code cache collection, code=126KB, data=78KB
06-28 20:22:24.757  5403  5408 I zygote  : Increasing code cache capacity to 512KB
06-28 20:22:26.684  5403  5403 I NearbyFragment: Connected to Endpoint{id=aUQD, name=Nexus 5X [34d8]}
06-28 20:22:27.568  5403  5403 V ConnectionFragment: Discovery switch unchecked
06-28 20:22:27.569  5403  5403 D NearbyFragment: Stopped discovering
06-28 20:22:31.172  5403  5403 I TransferNetworkLossHand: Network connectivity changed detected.
06-28 20:22:31.175  5403  5403 I TransferNetworkLossHand: Network connected: true
06-28 20:25:01.369  5403  5403 D NearbyFragment: onPayloadReceived(endpointId=aUQD, payload=com.google.android.gms.nearby.connection.Payload@7ff7ecb)
06-28 20:25:01.371  5403  5403 V NearbyFragment: Started downloading SUMMARISE:-5031493973347914050:20200312_151044.mp4:45.0_1.0_23_medium from Endpoint{id=aUQD, name=Nexus 5X [34d8]}
06-28 20:25:01.381  5403  5403 V NearbyFragment: Transfer to aUQD: 100%
06-28 20:25:01.384  5403  5403 V NearbyFragment: Transfer to aUQD: 100%
06-28 20:25:01.398  5403  5403 D NearbyFragment: onPayloadReceived(endpointId=aUQD, payload=com.google.android.gms.nearby.connection.Payload@8e4e166)
06-28 20:25:01.401  5403  5403 V NearbyFragment: Transfer to aUQD: 0%
06-28 20:25:01.413  5403  5403 V NearbyFragment: Transfer to aUQD: 0%
06-28 20:25:01.424  5403  5403 V NearbyFragment: Transfer to aUQD: 0%
06-28 20:25:01.434  5403  5403 V NearbyFragment: Transfer to aUQD: 0%
06-28 20:25:01.445  5403  5403 V NearbyFragment: Transfer to aUQD: 0%
06-28 20:25:01.456  5403  5403 V NearbyFragment: Transfer to aUQD: 0%
06-28 20:25:01.467  5403  5403 V NearbyFragment: Transfer to aUQD: 0%
06-28 20:25:01.491  5403  5403 V NearbyFragment: Transfer to aUQD: 0%
06-28 20:25:01.512  5403  5403 V NearbyFragment: Transfer to aUQD: 0%
06-28 20:25:01.531  5403  5403 V NearbyFragment: Transfer to aUQD: 0%
06-28 20:25:01.553  5403  5403 V NearbyFragment: Transfer to aUQD: 1%
06-28 20:25:01.588  5403  5403 V NearbyFragment: Transfer to aUQD: 1%
06-28 20:25:01.616  5403  5403 V NearbyFragment: Transfer to aUQD: 1%
06-28 20:25:01.629  5403  5403 V NearbyFragment: Transfer to aUQD: 1%
06-28 20:25:01.637  5403  5403 V NearbyFragment: Transfer to aUQD: 1%
06-28 20:25:01.652  5403  5403 V NearbyFragment: Transfer to aUQD: 1%
06-28 20:25:01.666  5403  5403 V NearbyFragment: Transfer to aUQD: 1%
06-28 20:25:01.673  5403  5403 V NearbyFragment: Transfer to aUQD: 1%
06-28 20:25:01.696  5403  5403 V NearbyFragment: Transfer to aUQD: 1%
06-28 20:25:01.705  5403  5403 V NearbyFragment: Transfer to aUQD: 1%
06-28 20:25:01.714  5403  5403 V NearbyFragment: Transfer to aUQD: 1%
06-28 20:25:01.724  5403  5403 V NearbyFragment: Transfer to aUQD: 2%
06-28 20:25:01.745  5403  5403 V NearbyFragment: Transfer to aUQD: 2%
06-28 20:25:01.753  5403  5403 V NearbyFragment: Transfer to aUQD: 2%
06-28 20:25:01.755  5403  5403 V NearbyFragment: Transfer to aUQD: 2%
06-28 20:25:01.763  5403  5403 V NearbyFragment: Transfer to aUQD: 2%
06-28 20:25:01.778  5403  5403 V NearbyFragment: Transfer to aUQD: 2%
06-28 20:25:01.787  5403  5403 V NearbyFragment: Transfer to aUQD: 2%
06-28 20:25:01.796  5403  5403 V NearbyFragment: Transfer to aUQD: 2%
06-28 20:25:01.807  5403  5403 V NearbyFragment: Transfer to aUQD: 2%
06-28 20:25:01.828  5403  5403 V NearbyFragment: Transfer to aUQD: 2%
06-28 20:25:01.842  5403  5403 V NearbyFragment: Transfer to aUQD: 2%
06-28 20:25:01.852  5403  5403 V NearbyFragment: Transfer to aUQD: 3%
06-28 20:25:01.865  5403  5403 V NearbyFragment: Transfer to aUQD: 3%
06-28 20:25:01.877  5403  5403 V NearbyFragment: Transfer to aUQD: 3%
06-28 20:25:01.900  5403  5403 V NearbyFragment: Transfer to aUQD: 3%
06-28 20:25:01.917  5403  5403 V NearbyFragment: Transfer to aUQD: 3%
06-28 20:25:01.924  5403  5403 V NearbyFragment: Transfer to aUQD: 3%
06-28 20:25:01.932  5403  5403 V NearbyFragment: Transfer to aUQD: 3%
06-28 20:25:01.940  5403  5403 V NearbyFragment: Transfer to aUQD: 3%
06-28 20:25:01.943  5403  5403 V NearbyFragment: Transfer to aUQD: 3%
06-28 20:25:01.951  5403  5403 V NearbyFragment: Transfer to aUQD: 3%
06-28 20:25:01.961  5403  5403 V NearbyFragment: Transfer to aUQD: 4%
06-28 20:25:01.972  5403  5403 V NearbyFragment: Transfer to aUQD: 4%
06-28 20:25:01.996  5403  5403 V NearbyFragment: Transfer to aUQD: 4%
06-28 20:25:02.005  5403  5403 V NearbyFragment: Transfer to aUQD: 4%
06-28 20:25:02.015  5403  5403 V NearbyFragment: Transfer to aUQD: 4%
06-28 20:25:02.039  5403  5403 V NearbyFragment: Transfer to aUQD: 4%
06-28 20:25:02.058  5403  5403 V NearbyFragment: Transfer to aUQD: 4%
06-28 20:25:02.117  5403  5403 V NearbyFragment: Transfer to aUQD: 4%
06-28 20:25:02.131  5403  5403 V NearbyFragment: Transfer to aUQD: 4%
06-28 20:25:02.139  5403  5403 V NearbyFragment: Transfer to aUQD: 4%
06-28 20:25:02.162  5403  5403 V NearbyFragment: Transfer to aUQD: 4%
06-28 20:25:02.171  5403  5403 V NearbyFragment: Transfer to aUQD: 5%
06-28 20:25:02.178  5403  5403 V NearbyFragment: Transfer to aUQD: 5%
06-28 20:25:02.203  5403  5403 V NearbyFragment: Transfer to aUQD: 5%
06-28 20:25:02.220  5403  5403 V NearbyFragment: Transfer to aUQD: 5%
06-28 20:25:02.240  5403  5403 V NearbyFragment: Transfer to aUQD: 5%
06-28 20:25:02.254  5403  5403 V NearbyFragment: Transfer to aUQD: 5%
06-28 20:25:02.269  5403  5403 V NearbyFragment: Transfer to aUQD: 5%
06-28 20:25:02.279  5403  5403 V NearbyFragment: Transfer to aUQD: 5%
06-28 20:25:02.292  5403  5403 V NearbyFragment: Transfer to aUQD: 5%
06-28 20:25:02.304  5403  5403 V NearbyFragment: Transfer to aUQD: 5%
06-28 20:25:02.319  5403  5403 V NearbyFragment: Transfer to aUQD: 5%
06-28 20:25:02.328  5403  5403 V NearbyFragment: Transfer to aUQD: 6%
06-28 20:25:02.341  5403  5403 V NearbyFragment: Transfer to aUQD: 6%
06-28 20:25:02.350  5403  5403 V NearbyFragment: Transfer to aUQD: 6%
06-28 20:25:02.384  5403  5403 V NearbyFragment: Transfer to aUQD: 6%
06-28 20:25:02.397  5403  5403 V NearbyFragment: Transfer to aUQD: 6%
06-28 20:25:02.416  5403  5403 V NearbyFragment: Transfer to aUQD: 6%
06-28 20:25:02.429  5403  5403 V NearbyFragment: Transfer to aUQD: 6%
06-28 20:25:02.439  5403  5403 V NearbyFragment: Transfer to aUQD: 6%
06-28 20:25:02.445  5403  5403 V NearbyFragment: Transfer to aUQD: 6%
06-28 20:25:02.456  5403  5403 V NearbyFragment: Transfer to aUQD: 6%
06-28 20:25:02.460  5403  5403 V NearbyFragment: Transfer to aUQD: 7%
06-28 20:25:02.470  5403  5403 V NearbyFragment: Transfer to aUQD: 7%
06-28 20:25:02.481  5403  5403 V NearbyFragment: Transfer to aUQD: 7%
06-28 20:25:02.489  5403  5403 V NearbyFragment: Transfer to aUQD: 7%
06-28 20:25:02.501  5403  5403 V NearbyFragment: Transfer to aUQD: 7%
06-28 20:25:02.516  5403  5403 V NearbyFragment: Transfer to aUQD: 7%
06-28 20:25:02.524  5403  5403 V NearbyFragment: Transfer to aUQD: 7%
06-28 20:25:02.535  5403  5403 V NearbyFragment: Transfer to aUQD: 7%
06-28 20:25:02.570  5403  5403 V NearbyFragment: Transfer to aUQD: 7%
06-28 20:25:02.590  5403  5403 V NearbyFragment: Transfer to aUQD: 7%
06-28 20:25:02.598  5403  5403 V NearbyFragment: Transfer to aUQD: 7%
06-28 20:25:02.615  5403  5403 V NearbyFragment: Transfer to aUQD: 8%
06-28 20:25:02.626  5403  5403 V NearbyFragment: Transfer to aUQD: 8%
06-28 20:25:02.635  5403  5403 V NearbyFragment: Transfer to aUQD: 8%
06-28 20:25:02.666  5403  5403 V NearbyFragment: Transfer to aUQD: 8%
06-28 20:25:02.688  5403  5403 V NearbyFragment: Transfer to aUQD: 8%
06-28 20:25:02.690  5403  5403 V NearbyFragment: Transfer to aUQD: 8%
06-28 20:25:02.699  5403  5403 V NearbyFragment: Transfer to aUQD: 8%
06-28 20:25:02.708  5403  5403 V NearbyFragment: Transfer to aUQD: 8%
06-28 20:25:02.746  5403  5403 V NearbyFragment: Transfer to aUQD: 8%
06-28 20:25:02.758  5403  5403 V NearbyFragment: Transfer to aUQD: 8%
06-28 20:25:02.765  5403  5403 V NearbyFragment: Transfer to aUQD: 8%
06-28 20:25:02.776  5403  5403 V NearbyFragment: Transfer to aUQD: 9%
06-28 20:25:02.785  5403  5403 V NearbyFragment: Transfer to aUQD: 9%
06-28 20:25:02.795  5403  5403 V NearbyFragment: Transfer to aUQD: 9%
06-28 20:25:02.801  5403  5403 V NearbyFragment: Transfer to aUQD: 9%
06-28 20:25:02.851  5403  5403 V NearbyFragment: Transfer to aUQD: 9%
06-28 20:25:02.870  5403  5403 V NearbyFragment: Transfer to aUQD: 9%
06-28 20:25:02.880  5403  5403 V NearbyFragment: Transfer to aUQD: 9%
06-28 20:25:02.888  5403  5403 V NearbyFragment: Transfer to aUQD: 9%
06-28 20:25:02.899  5403  5403 V NearbyFragment: Transfer to aUQD: 9%
06-28 20:25:02.902  5403  5403 V NearbyFragment: Transfer to aUQD: 9%
06-28 20:25:02.930  5403  5403 V NearbyFragment: Transfer to aUQD: 10%
06-28 20:25:02.941  5403  5403 V NearbyFragment: Transfer to aUQD: 10%
06-28 20:25:02.956  5403  5403 V NearbyFragment: Transfer to aUQD: 10%
06-28 20:25:02.979  5403  5403 V NearbyFragment: Transfer to aUQD: 10%
06-28 20:25:02.982  5403  5403 V NearbyFragment: Transfer to aUQD: 10%
06-28 20:25:03.018  5403  5403 V NearbyFragment: Transfer to aUQD: 10%
06-28 20:25:03.030  5403  5403 V NearbyFragment: Transfer to aUQD: 10%
06-28 20:25:03.041  5403  5403 V NearbyFragment: Transfer to aUQD: 10%
06-28 20:25:03.049  5403  5403 V NearbyFragment: Transfer to aUQD: 10%
06-28 20:25:03.060  5403  5403 V NearbyFragment: Transfer to aUQD: 10%
06-28 20:25:03.069  5403  5403 V NearbyFragment: Transfer to aUQD: 10%
06-28 20:25:03.107  5403  5403 V NearbyFragment: Transfer to aUQD: 11%
06-28 20:25:03.116  5403  5403 V NearbyFragment: Transfer to aUQD: 11%
06-28 20:25:03.125  5403  5403 V NearbyFragment: Transfer to aUQD: 11%
06-28 20:25:03.138  5403  5403 V NearbyFragment: Transfer to aUQD: 11%
06-28 20:25:03.151  5403  5403 V NearbyFragment: Transfer to aUQD: 11%
06-28 20:25:03.159  5403  5403 V NearbyFragment: Transfer to aUQD: 11%
06-28 20:25:03.208  5403  5403 V NearbyFragment: Transfer to aUQD: 11%
06-28 20:25:03.217  5403  5403 V NearbyFragment: Transfer to aUQD: 11%
06-28 20:25:03.223  5403  5403 V NearbyFragment: Transfer to aUQD: 11%
06-28 20:25:03.241  5403  5403 V NearbyFragment: Transfer to aUQD: 11%
06-28 20:25:03.253  5403  5403 V NearbyFragment: Transfer to aUQD: 11%
06-28 20:25:03.265  5403  5403 V NearbyFragment: Transfer to aUQD: 12%
06-28 20:25:03.281  5403  5403 V NearbyFragment: Transfer to aUQD: 12%
06-28 20:25:03.290  5403  5403 V NearbyFragment: Transfer to aUQD: 12%
06-28 20:25:03.297  5403  5403 V NearbyFragment: Transfer to aUQD: 12%
06-28 20:25:03.314  5403  5403 V NearbyFragment: Transfer to aUQD: 12%
06-28 20:25:03.323  5403  5403 V NearbyFragment: Transfer to aUQD: 12%
06-28 20:25:03.337  5403  5403 V NearbyFragment: Transfer to aUQD: 12%
06-28 20:25:03.408  5403  5403 V NearbyFragment: Transfer to aUQD: 12%
06-28 20:25:03.422  5403  5403 V NearbyFragment: Transfer to aUQD: 12%
06-28 20:25:03.431  5403  5403 V NearbyFragment: Transfer to aUQD: 12%
06-28 20:25:03.436  5403  5403 V NearbyFragment: Transfer to aUQD: 13%
06-28 20:25:03.448  5403  5403 V NearbyFragment: Transfer to aUQD: 13%
06-28 20:25:03.455  5403  5403 V NearbyFragment: Transfer to aUQD: 13%
06-28 20:25:03.465  5403  5403 V NearbyFragment: Transfer to aUQD: 13%
06-28 20:25:03.486  5403  5403 V NearbyFragment: Transfer to aUQD: 13%
06-28 20:25:03.503  5403  5403 V NearbyFragment: Transfer to aUQD: 13%
06-28 20:25:03.517  5403  5403 V NearbyFragment: Transfer to aUQD: 13%
06-28 20:25:03.526  5403  5403 V NearbyFragment: Transfer to aUQD: 13%
06-28 20:25:03.542  5403  5403 V NearbyFragment: Transfer to aUQD: 13%
06-28 20:25:03.551  5403  5403 V NearbyFragment: Transfer to aUQD: 13%
06-28 20:25:03.559  5403  5403 V NearbyFragment: Transfer to aUQD: 13%
06-28 20:25:03.567  5403  5403 V NearbyFragment: Transfer to aUQD: 14%
06-28 20:25:03.577  5403  5403 V NearbyFragment: Transfer to aUQD: 14%
06-28 20:25:03.592  5403  5403 V NearbyFragment: Transfer to aUQD: 14%
06-28 20:25:03.605  5403  5403 V NearbyFragment: Transfer to aUQD: 14%
06-28 20:25:03.618  5403  5403 V NearbyFragment: Transfer to aUQD: 14%
06-28 20:25:03.644  5403  5403 V NearbyFragment: Transfer to aUQD: 14%
06-28 20:25:03.669  5403  5403 V NearbyFragment: Transfer to aUQD: 14%
06-28 20:25:03.679  5403  5403 V NearbyFragment: Transfer to aUQD: 14%
06-28 20:25:03.699  5403  5403 V NearbyFragment: Transfer to aUQD: 14%
06-28 20:25:03.706  5403  5403 V NearbyFragment: Transfer to aUQD: 14%
06-28 20:25:03.712  5403  5403 V NearbyFragment: Transfer to aUQD: 14%
06-28 20:25:03.724  5403  5403 V NearbyFragment: Transfer to aUQD: 15%
06-28 20:25:03.729  5403  5403 V NearbyFragment: Transfer to aUQD: 15%
06-28 20:25:03.743  5403  5403 V NearbyFragment: Transfer to aUQD: 15%
06-28 20:25:03.749  5403  5403 V NearbyFragment: Transfer to aUQD: 15%
06-28 20:25:03.752  5403  5403 V NearbyFragment: Transfer to aUQD: 15%
06-28 20:25:03.759  5403  5403 V NearbyFragment: Transfer to aUQD: 15%
06-28 20:25:03.768  5403  5403 V NearbyFragment: Transfer to aUQD: 15%
06-28 20:25:03.770  5403  5403 V NearbyFragment: Transfer to aUQD: 15%
06-28 20:25:03.779  5403  5403 V NearbyFragment: Transfer to aUQD: 15%
06-28 20:25:03.786  5403  5403 V NearbyFragment: Transfer to aUQD: 15%
06-28 20:25:03.789  5403  5403 V NearbyFragment: Transfer to aUQD: 16%
06-28 20:25:03.794  5403  5403 V NearbyFragment: Transfer to aUQD: 16%
06-28 20:25:03.805  5403  5403 V NearbyFragment: Transfer to aUQD: 16%
06-28 20:25:03.819  5403  5403 V NearbyFragment: Transfer to aUQD: 16%
06-28 20:25:03.824  5403  5403 V NearbyFragment: Transfer to aUQD: 16%
06-28 20:25:03.831  5403  5403 V NearbyFragment: Transfer to aUQD: 16%
06-28 20:25:03.847  5403  5403 V NearbyFragment: Transfer to aUQD: 16%
06-28 20:25:03.850  5403  5403 V NearbyFragment: Transfer to aUQD: 16%
06-28 20:25:03.881  5403  5403 V NearbyFragment: Transfer to aUQD: 16%
06-28 20:25:03.890  5403  5403 V NearbyFragment: Transfer to aUQD: 16%
06-28 20:25:03.899  5403  5403 V NearbyFragment: Transfer to aUQD: 16%
06-28 20:25:03.902  5403  5403 V NearbyFragment: Transfer to aUQD: 17%
06-28 20:25:03.973  5403  5403 V NearbyFragment: Transfer to aUQD: 17%
06-28 20:25:03.982  5403  5403 V NearbyFragment: Transfer to aUQD: 17%
06-28 20:25:03.993  5403  5403 V NearbyFragment: Transfer to aUQD: 17%
06-28 20:25:04.003  5403  5403 V NearbyFragment: Transfer to aUQD: 17%
06-28 20:25:04.019  5403  5403 V NearbyFragment: Transfer to aUQD: 17%
06-28 20:25:04.027  5403  5403 V NearbyFragment: Transfer to aUQD: 17%
06-28 20:25:04.043  5403  5403 V NearbyFragment: Transfer to aUQD: 17%
06-28 20:25:04.056  5403  5403 V NearbyFragment: Transfer to aUQD: 17%
06-28 20:25:04.064  5403  5403 V NearbyFragment: Transfer to aUQD: 17%
06-28 20:25:04.072  5403  5403 V NearbyFragment: Transfer to aUQD: 17%
06-28 20:25:04.084  5403  5403 V NearbyFragment: Transfer to aUQD: 18%
06-28 20:25:04.096  5403  5403 V NearbyFragment: Transfer to aUQD: 18%
06-28 20:25:04.111  5403  5403 V NearbyFragment: Transfer to aUQD: 18%
06-28 20:25:04.126  5403  5403 V NearbyFragment: Transfer to aUQD: 18%
06-28 20:25:04.135  5403  5403 V NearbyFragment: Transfer to aUQD: 18%
06-28 20:25:04.143  5403  5403 V NearbyFragment: Transfer to aUQD: 18%
06-28 20:25:04.148  5403  5403 V NearbyFragment: Transfer to aUQD: 18%
06-28 20:25:04.169  5403  5403 V NearbyFragment: Transfer to aUQD: 18%
06-28 20:25:04.184  5403  5403 V NearbyFragment: Transfer to aUQD: 18%
06-28 20:25:04.194  5403  5403 V NearbyFragment: Transfer to aUQD: 18%
06-28 20:25:04.203  5403  5403 V NearbyFragment: Transfer to aUQD: 19%
06-28 20:25:04.216  5403  5403 V NearbyFragment: Transfer to aUQD: 19%
06-28 20:25:04.231  5403  5403 V NearbyFragment: Transfer to aUQD: 19%
06-28 20:25:04.243  5403  5403 V NearbyFragment: Transfer to aUQD: 19%
06-28 20:25:04.251  5403  5403 V NearbyFragment: Transfer to aUQD: 19%
06-28 20:25:04.279  5403  5403 V NearbyFragment: Transfer to aUQD: 19%
06-28 20:25:04.289  5403  5403 V NearbyFragment: Transfer to aUQD: 19%
06-28 20:25:04.298  5403  5403 V NearbyFragment: Transfer to aUQD: 19%
06-28 20:25:04.299  5403  5403 V NearbyFragment: Transfer to aUQD: 19%
06-28 20:25:04.304  5403  5403 V NearbyFragment: Transfer to aUQD: 19%
06-28 20:25:04.315  5403  5403 V NearbyFragment: Transfer to aUQD: 19%
06-28 20:25:04.317  5403  5403 V NearbyFragment: Transfer to aUQD: 20%
06-28 20:25:04.327  5403  5403 V NearbyFragment: Transfer to aUQD: 20%
06-28 20:25:04.329  5403  5403 V NearbyFragment: Transfer to aUQD: 20%
06-28 20:25:04.339  5403  5403 V NearbyFragment: Transfer to aUQD: 20%
06-28 20:25:04.346  5403  5403 V NearbyFragment: Transfer to aUQD: 20%
06-28 20:25:04.349  5403  5403 V NearbyFragment: Transfer to aUQD: 20%
06-28 20:25:04.358  5403  5403 V NearbyFragment: Transfer to aUQD: 20%
06-28 20:25:04.364  5403  5403 V NearbyFragment: Transfer to aUQD: 20%
06-28 20:25:04.369  5403  5403 V NearbyFragment: Transfer to aUQD: 20%
06-28 20:25:04.377  5403  5403 V NearbyFragment: Transfer to aUQD: 20%
06-28 20:25:04.382  5403  5403 V NearbyFragment: Transfer to aUQD: 20%
06-28 20:25:04.404  5403  5403 V NearbyFragment: Transfer to aUQD: 21%
06-28 20:25:04.410  5403  5403 V NearbyFragment: Transfer to aUQD: 21%
06-28 20:25:04.423  5403  5403 V NearbyFragment: Transfer to aUQD: 21%
06-28 20:25:04.434  5403  5403 V NearbyFragment: Transfer to aUQD: 21%
06-28 20:25:04.447  5403  5403 V NearbyFragment: Transfer to aUQD: 21%
06-28 20:25:04.468  5403  5403 V NearbyFragment: Transfer to aUQD: 21%
06-28 20:25:04.491  5403  5403 V NearbyFragment: Transfer to aUQD: 21%
06-28 20:25:04.502  5403  5403 V NearbyFragment: Transfer to aUQD: 21%
06-28 20:25:04.509  5403  5403 V NearbyFragment: Transfer to aUQD: 21%
06-28 20:25:04.515  5403  5403 V NearbyFragment: Transfer to aUQD: 21%
06-28 20:25:04.522  5403  5403 V NearbyFragment: Transfer to aUQD: 22%
06-28 20:25:04.531  5403  5403 V NearbyFragment: Transfer to aUQD: 22%
06-28 20:25:04.544  5403  5403 V NearbyFragment: Transfer to aUQD: 22%
06-28 20:25:04.549  5403  5403 V NearbyFragment: Transfer to aUQD: 22%
06-28 20:25:04.559  5403  5403 V NearbyFragment: Transfer to aUQD: 22%
06-28 20:25:04.564  5403  5403 V NearbyFragment: Transfer to aUQD: 22%
06-28 20:25:04.569  5403  5403 V NearbyFragment: Transfer to aUQD: 22%
06-28 20:25:04.578  5403  5403 V NearbyFragment: Transfer to aUQD: 22%
06-28 20:25:04.584  5403  5403 V NearbyFragment: Transfer to aUQD: 22%
06-28 20:25:04.589  5403  5403 V NearbyFragment: Transfer to aUQD: 22%
06-28 20:25:04.599  5403  5403 V NearbyFragment: Transfer to aUQD: 22%
06-28 20:25:04.608  5403  5403 V NearbyFragment: Transfer to aUQD: 23%
06-28 20:25:04.616  5403  5403 V NearbyFragment: Transfer to aUQD: 23%
06-28 20:25:04.627  5403  5403 V NearbyFragment: Transfer to aUQD: 23%
06-28 20:25:04.634  5403  5403 V NearbyFragment: Transfer to aUQD: 23%
06-28 20:25:04.637  5403  5403 V NearbyFragment: Transfer to aUQD: 23%
06-28 20:25:04.683  5403  5403 V NearbyFragment: Transfer to aUQD: 23%
06-28 20:25:04.710  5403  5403 V NearbyFragment: Transfer to aUQD: 23%
06-28 20:25:04.716  5403  5403 V NearbyFragment: Transfer to aUQD: 23%
06-28 20:25:04.722  5403  5403 V NearbyFragment: Transfer to aUQD: 23%
06-28 20:25:04.730  5403  5403 V NearbyFragment: Transfer to aUQD: 23%
06-28 20:25:04.737  5403  5403 V NearbyFragment: Transfer to aUQD: 23%
06-28 20:25:04.747  5403  5403 V NearbyFragment: Transfer to aUQD: 24%
06-28 20:25:04.755  5403  5403 V NearbyFragment: Transfer to aUQD: 24%
06-28 20:25:04.765  5403  5403 V NearbyFragment: Transfer to aUQD: 24%
06-28 20:25:04.779  5403  5403 V NearbyFragment: Transfer to aUQD: 24%
06-28 20:25:04.789  5403  5403 V NearbyFragment: Transfer to aUQD: 24%
06-28 20:25:04.803  5403  5403 V NearbyFragment: Transfer to aUQD: 24%
06-28 20:25:04.814  5403  5403 V NearbyFragment: Transfer to aUQD: 24%
06-28 20:25:04.830  5403  5403 V NearbyFragment: Transfer to aUQD: 24%
06-28 20:25:04.839  5403  5403 V NearbyFragment: Transfer to aUQD: 24%
06-28 20:25:04.858  5403  5403 V NearbyFragment: Transfer to aUQD: 24%
06-28 20:25:04.866  5403  5403 V NearbyFragment: Transfer to aUQD: 25%
06-28 20:25:04.881  5403  5403 V NearbyFragment: Transfer to aUQD: 25%
06-28 20:25:04.915  5403  5403 V NearbyFragment: Transfer to aUQD: 25%
06-28 20:25:04.944  5403  5403 V NearbyFragment: Transfer to aUQD: 25%
06-28 20:25:04.964  5403  5403 V NearbyFragment: Transfer to aUQD: 25%
06-28 20:25:04.977  5403  5403 V NearbyFragment: Transfer to aUQD: 25%
06-28 20:25:04.989  5403  5403 V NearbyFragment: Transfer to aUQD: 25%
06-28 20:25:05.011  5403  5403 V NearbyFragment: Transfer to aUQD: 25%
06-28 20:25:05.017  5403  5403 V NearbyFragment: Transfer to aUQD: 25%
06-28 20:25:05.025  5403  5403 V NearbyFragment: Transfer to aUQD: 25%
06-28 20:25:05.032  5403  5403 V NearbyFragment: Transfer to aUQD: 25%
06-28 20:25:05.037  5403  5403 V NearbyFragment: Transfer to aUQD: 26%
06-28 20:25:05.042  5403  5403 V NearbyFragment: Transfer to aUQD: 26%
06-28 20:25:05.046  5403  5403 V NearbyFragment: Transfer to aUQD: 26%
06-28 20:25:05.052  5403  5403 V NearbyFragment: Transfer to aUQD: 26%
06-28 20:25:05.058  5403  5403 V NearbyFragment: Transfer to aUQD: 26%
06-28 20:25:05.071  5403  5403 V NearbyFragment: Transfer to aUQD: 26%
06-28 20:25:05.084  5403  5403 V NearbyFragment: Transfer to aUQD: 26%
06-28 20:25:05.097  5403  5403 V NearbyFragment: Transfer to aUQD: 26%
