--------- beginning of main
06-28 20:21:45.114 27877 27877 E Zygote  : isWhitelistProcess - Process is Whitelisted
06-28 20:21:45.117 27877 27877 E Zygote  : accessInfo : 1
06-28 20:21:45.132 27877 27877 I example.edgesu: Late-enabling -Xcheck:jni
--------- beginning of system
06-28 20:21:46.671 27877 27877 I ActivityThread: handleStopService: token=android.os.BinderProxy@5d69a33 not found.
06-28 20:21:46.681 27877 27877 I TransferService: Starting Transfer Service to listen for network connectivity changes.
06-28 20:21:46.687 27877 27877 W LogFactory: Truncating log tag length as it exceed 23, the limit imposed by Android on certain API Levels
06-28 20:21:46.780 27877 27877 I TransferService: Registering the network receiver
06-28 20:21:46.786 27877 27877 I TransferService: Moving the service out of the Foreground state.
06-28 20:21:46.788 27877 27877 I TransferService: De-registering the network receiver.
06-28 20:21:48.850 27877 27877 W ActivityThread: handleWindowVisibility: no activity for token android.os.BinderProxy@7e5b6a1
06-28 20:21:48.862 27877 27895 D vndksupport: Loading /vendor/lib64/egl/libGLES_mali.so from current namespace instead of sphal namespace.
06-28 20:21:48.895 27877 27895 D libEGL  : loaded /vendor/lib64/egl/libGLES_mali.so
06-28 20:21:48.935 27877 27877 W example.edgesu: Accessing hidden method Landroid/graphics/drawable/Drawable;->getOpticalInsets()Landroid/graphics/Insets; (light greylist, linking)
06-28 20:21:48.935 27877 27877 W example.edgesu: Accessing hidden field Landroid/graphics/Insets;->left:I (light greylist, linking)
06-28 20:21:48.935 27877 27877 W example.edgesu: Accessing hidden field Landroid/graphics/Insets;->right:I (light greylist, linking)
06-28 20:21:48.935 27877 27877 W example.edgesu: Accessing hidden field Landroid/graphics/Insets;->top:I (light greylist, linking)
06-28 20:21:48.936 27877 27877 W example.edgesu: Accessing hidden field Landroid/graphics/Insets;->bottom:I (light greylist, linking)
06-28 20:21:48.953 27877 27877 I DecorView: createDecorCaptionView >> DecorView@c1e0aaa[], isFloating: false, isApplication: true, hasWindowDecorCaption: false, hasWindowControllerCallback: true
06-28 20:21:48.983 27877 27877 W example.edgesu: Accessing hidden method Landroid/view/View;->computeFitSystemWindows(Landroid/graphics/Rect;Landroid/graphics/Rect;)Z (light greylist, reflection)
06-28 20:21:48.983 27877 27877 W example.edgesu: Accessing hidden method Landroid/view/ViewGroup;->makeOptionalFitsSystemWindows()V (light greylist, reflection)
06-28 20:21:49.087 27877 27877 W example.edgesu: Accessing hidden method Landroid/widget/TextView;->getTextDirectionHeuristic()Landroid/text/TextDirectionHeuristic; (light greylist, linking)
06-28 20:21:49.097 27877 27877 W example.edgesu: Accessing hidden field Landroid/view/View;->mAccessibilityDelegate:Landroid/view/View$AccessibilityDelegate; (light greylist, reflection)
06-28 20:21:49.159 27877 27877 V Repo    : /storage/emulated/0/Movies/raw
06-28 20:21:49.159 27877 27877 V Repo    : /storage/emulated/0/Movies/summarised
06-28 20:21:49.182 27877 27877 V FileManager: External storage is readable
06-28 20:21:49.182 27877 27877 V FileManager: Directory already exists: /storage/emulated/0/Movies/raw
06-28 20:21:49.183 27877 27877 V FileManager: External storage is readable
06-28 20:21:49.184 27877 27877 V FileManager: Directory already exists: /storage/emulated/0/Movies/summarised
06-28 20:21:49.184 27877 27877 V FileManager: External storage is readable
06-28 20:21:49.185 27877 27877 V FileManager: Directory already exists: /storage/emulated/0/Download/nearby
06-28 20:21:49.186 27877 27877 V FileManager: External storage is readable
06-28 20:21:49.186 27877 27877 V FileManager: Directory already exists: /storage/emulated/0/Movies/segment
06-28 20:21:49.187 27877 27877 V FileManager: External storage is readable
06-28 20:21:49.187 27877 27877 V FileManager: Directory already exists: /storage/emulated/0/Movies/segment-sum
06-28 20:21:49.325 27877 27877 V VideoManager: getAllVideoFromExternalStorageFolder
06-28 20:21:49.327 27877 27877 D VideoManager: /storage/emulated/0/Movies/summarised
06-28 20:21:49.334 27877 27877 D VideoManager: 0 videos return
06-28 20:21:49.363 27877 27877 V VideoManager: getAllVideoFromExternalStorageFolder
06-28 20:21:49.365 27877 27877 D VideoManager: /storage/emulated/0/Movies/raw
06-28 20:21:49.369 27877 27877 D VideoManager: 0 videos return
06-28 20:21:49.393 27877 27877 D OpenGLRenderer: Skia GL Pipeline
06-28 20:21:49.396 27877 27877 D EmergencyMode: [EmergencyManager] android createPackageContext successful
06-28 20:21:49.410 27877 27877 D InputTransport: Input channel constructed: fd=64
06-28 20:21:49.411 27877 27877 D ViewRootImpl@d9c181e[MainActivity]: setView = DecorView@c1e0aaa[MainActivity] TM=true MM=false
06-28 20:21:49.415 27877 27877 I TransferService: Starting Transfer Service to listen for network connectivity changes.
06-28 20:21:49.415 27877 27877 I TransferService: Registering the network receiver
06-28 20:21:49.416 27877 27877 E TransferService: No notification is passed in the intent. Unable to transition to foreground.
06-28 20:21:49.442 27877 27891 D MainActivity: Scanned /storage/emulated/0/Movies/raw
06-28 20:21:49.442 27877 27891 D MainActivity:   -> uri=content://media/external/file/135849
06-28 20:21:49.453 27877 27877 D ViewRootImpl@d9c181e[MainActivity]: dispatchAttachedToWindow
06-28 20:21:49.464 27877 27891 D MainActivity: Scanned /storage/emulated/0/Movies/summarised
06-28 20:21:49.464 27877 27891 D MainActivity:   -> uri=content://media/external/file/135850
06-28 20:21:49.469 27877 27877 W StaticLayout: maxLineHeight should not be -1.  maxLines:1 lineCount:1
06-28 20:21:49.479 27877 27877 I chatty  : uid=10568(com.example.edgesum) identical 1 line
06-28 20:21:49.482 27877 27877 W StaticLayout: maxLineHeight should not be -1.  maxLines:1 lineCount:1
06-28 20:21:49.486 27877 27877 W StaticLayout: maxLineHeight should not be -1.  maxLines:1 lineCount:1
06-28 20:21:49.496 27877 27877 D ViewRootImpl@d9c181e[MainActivity]: Relayout returned: old=[0,0][720,1480] new=[0,0][720,1480] result=0x7 surface={valid=true 537415213056} changed=true
06-28 20:21:49.502 27877 27877 W StaticLayout: maxLineHeight should not be -1.  maxLines:1 lineCount:1
06-28 20:21:49.503 27877 27900 I ConfigStore: android::hardware::configstore::V1_0::ISurfaceFlingerConfigs::hasWideColorDisplay retrieved: 0
06-28 20:21:49.503 27877 27900 I ConfigStore: android::hardware::configstore::V1_0::ISurfaceFlingerConfigs::hasHDRDisplay retrieved: 0
06-28 20:21:49.503 27877 27900 I OpenGLRenderer: Initialized EGL, version 1.4
06-28 20:21:49.504 27877 27900 D OpenGLRenderer: Swap behavior 2
06-28 20:21:49.506 27877 27877 W StaticLayout: maxLineHeight should not be -1.  maxLines:1 lineCount:1
06-28 20:21:49.519 27877 27900 D mali_winsys: EGLint new_window_surface(egl_winsys_display *, void *, EGLSurface, EGLConfig, egl_winsys_surface **, EGLBoolean) returns 0x3000
06-28 20:21:49.519 27877 27900 D OpenGLRenderer: eglCreateWindowSurface = 0x7d0755d180, 0x7d20716010
06-28 20:21:49.522 27877 27877 I TransferNetworkLossHand: Network connectivity changed detected.
06-28 20:21:49.522 27877 27877 I TransferNetworkLossHand: Network connected: false
06-28 20:21:49.595 27877 27900 D vndksupport: Loading /vendor/lib64/hw/android.hardware.graphics.mapper@2.0-impl.so from current namespace instead of sphal namespace.
06-28 20:21:49.614 27877 27877 D ViewRootImpl@d9c181e[MainActivity]: MSG_RESIZED: frame=Rect(0, 0 - 720, 1480) ci=Rect(0, 48 - 0, 96) vi=Rect(0, 48 - 0, 96) or=1
06-28 20:21:49.615 27877 27877 D ViewRootImpl@d9c181e[MainActivity]: setWindowStopped(false) old=false
06-28 20:21:49.621 27877 27877 D ViewRootImpl@d9c181e[MainActivity]: MSG_WINDOW_FOCUS_CHANGED 1 1
06-28 20:21:49.621 27877 27877 D InputMethodManager: prepareNavigationBarInfo() DecorView@c1e0aaa[MainActivity]
06-28 20:21:49.621 27877 27877 D InputMethodManager: getNavigationBarColor() -855310
06-28 20:21:49.626 27877 27877 D InputMethodManager: prepareNavigationBarInfo() DecorView@c1e0aaa[MainActivity]
06-28 20:21:49.626 27877 27877 D InputMethodManager: getNavigationBarColor() -855310
06-28 20:21:49.626 27877 27877 V InputMethodManager: Starting input: tba=com.example.edgesum ic=null mNaviBarColor -855310 mIsGetNaviBarColorSuccess true , NavVisible : true , NavTrans : false
06-28 20:21:49.626 27877 27877 D InputMethodManager: startInputInner - Id : 0
06-28 20:21:49.626 27877 27877 I InputMethodManager: startInputInner - mService.startInputOrWindowGainedFocus
06-28 20:21:49.630 27877 27891 D InputTransport: Input channel constructed: fd=74
06-28 20:21:49.661 27877 27877 D InputMethodManager: prepareNavigationBarInfo() DecorView@c1e0aaa[MainActivity]
06-28 20:21:49.661 27877 27877 D InputMethodManager: getNavigationBarColor() -855310
06-28 20:21:49.661 27877 27877 V InputMethodManager: Starting input: tba=com.example.edgesum ic=null mNaviBarColor -855310 mIsGetNaviBarColorSuccess true , NavVisible : true , NavTrans : false
06-28 20:21:49.662 27877 27877 D InputMethodManager: startInputInner - Id : 0
06-28 20:21:56.013 27877 27877 D ViewRootImpl@d9c181e[MainActivity]: ViewPostIme pointer 0
06-28 20:21:56.108 27877 27877 D ViewRootImpl@d9c181e[MainActivity]: ViewPostIme pointer 1
06-28 20:21:56.123 27877 27877 V MainActivity: Connect button clicked
06-28 20:21:56.990 27877 27877 D ViewRootImpl@d9c181e[MainActivity]: ViewPostIme pointer 0
06-28 20:21:57.060 27877 27877 D ViewRootImpl@d9c181e[MainActivity]: ViewPostIme pointer 1
06-28 20:21:57.069 27877 27877 V ConnectionFragment: Discovery switch checked
06-28 20:21:58.104 27877 27877 D NearbyFragment: Started discovering
06-28 20:22:00.610 27877 27877 D NearbyFragment: Found endpoint aUQD: Nexus 5X [34d8]
06-28 20:22:00.660 27877 27877 W example.edgesu: Accessing hidden method Landroid/graphics/FontFamily;-><init>()V (light greylist, reflection)
06-28 20:22:00.660 27877 27877 W example.edgesu: Accessing hidden method Landroid/graphics/FontFamily;->addFontFromAssetManager(Landroid/content/res/AssetManager;Ljava/lang/String;IZIII[Landroid/graphics/fonts/FontVariationAxis;)Z (light greylist, reflection)
06-28 20:22:00.661 27877 27877 W example.edgesu: Accessing hidden method Landroid/graphics/FontFamily;->addFontFromBuffer(Ljava/nio/ByteBuffer;I[Landroid/graphics/fonts/FontVariationAxis;II)Z (light greylist, reflection)
06-28 20:22:00.661 27877 27877 W example.edgesu: Accessing hidden method Landroid/graphics/FontFamily;->freeze()Z (light greylist, reflection)
06-28 20:22:00.661 27877 27877 W example.edgesu: Accessing hidden method Landroid/graphics/FontFamily;->abortCreation()V (light greylist, reflection)
06-28 20:22:00.662 27877 27877 W example.edgesu: Accessing hidden method Landroid/graphics/Typeface;->createFromFamiliesWithDefault([Landroid/graphics/FontFamily;Ljava/lang/String;II)Landroid/graphics/Typeface; (light greylist, reflection)
06-28 20:22:10.405 27877 27877 D ViewRootImpl@d9c181e[MainActivity]: ViewPostIme pointer 0
06-28 20:22:10.510 27877 27877 D ViewRootImpl@d9c181e[MainActivity]: ViewPostIme pointer 1
06-28 20:22:10.569 27877 27877 D NearbyFragment: Selected 'Endpoint{id=aUQD, name=Nexus 5X [34d8]}'
06-28 20:22:10.595 27877 27877 D InputTransport: Input channel constructed: fd=76
06-28 20:22:10.597 27877 27877 D ViewRootImpl@d1e71b0[Toast]: setView = android.widget.LinearLayout{aba3829 V.E...... ......I. 0,0-0,0} TM=true MM=false
06-28 20:22:10.598 27877 27877 V Toast   : Text: Donn in android.widget.Toast$TN@71c97ae
06-28 20:22:10.603 27877 27877 D ViewRootImpl@d1e71b0[Toast]: dispatchAttachedToWindow
06-28 20:22:10.626 27877 27877 D ViewRootImpl@d1e71b0[Toast]: Relayout returned: old=[0,48][720,1384] new=[118,1168][602,1256] result=0x7 surface={valid=true 536999092224} changed=true
06-28 20:22:10.631 27877 27900 D mali_winsys: EGLint new_window_surface(egl_winsys_display *, void *, EGLSurface, EGLConfig, egl_winsys_surface **, EGLBoolean) returns 0x3000
06-28 20:22:10.631 27877 27900 D OpenGLRenderer: eglCreateWindowSurface = 0x7d07739900, 0x7d07a3e010
06-28 20:22:10.639 27877 27877 D ViewRootImpl@d1e71b0[Toast]: MSG_RESIZED: frame=Rect(118, 1168 - 602, 1256) ci=Rect(0, 0 - 0, 0) vi=Rect(0, 0 - 0, 0) or=1
06-28 20:22:14.082 27877 27900 W libEGL  : EGLNativeWindowType 0x7d07a3e010 disconnect failed
06-28 20:22:14.082 27877 27900 D OpenGLRenderer: eglDestroySurface = 0x7d07739900, 0x7d07a3e000
06-28 20:22:14.082 27877 27877 D ViewRootImpl@d1e71b0[Toast]: dispatchDetachedFromWindow
06-28 20:22:14.084 27877 27877 D ViewRootImpl@d1e71b0[Toast]: Surface release. android.view.ViewRootImpl.doDie:7979 android.view.ViewRootImpl.die:7947 android.view.WindowManagerGlobal.removeViewLocked:497 android.view.WindowManagerGlobal.removeView:435 android.view.WindowManagerImpl.removeViewImmediate:124 android.widget.Toast$TN.handleHide:1110 android.widget.Toast$TN$1.handleMessage:898 android.os.Handler.dispatchMessage:106 
06-28 20:22:14.104 27877 27877 D InputTransport: Input channel destroyed: fd=76
06-28 20:22:16.234 27877 27877 D NearbyFragment: Initiated connection with Endpoint{id=aUQD, name=Nexus 5X [34d8]}: Nexus 5X [34d8]
06-28 20:22:16.255 27877 27877 D Dialog  : mIsSamsungBasicInteraction = false
06-28 20:22:16.255 27877 27877 D Dialog  : mIsSamsungBasicInteraction = false, isMetaDataInActivity = false
06-28 20:22:16.296 27877 27877 I DecorView: createDecorCaptionView >> DecorView@323ee86[], isFloating: true, isApplication: true, hasWindowDecorCaption: false, hasWindowControllerCallback: false
06-28 20:22:16.368 27877 27877 D ScrollView: initGoToTop
06-28 20:22:16.413 27877 27877 D InputTransport: Input channel constructed: fd=76
06-28 20:22:16.415 27877 27877 D ViewRootImpl@fa3ec2[MainActivity]: setView = DecorView@323ee86[MainActivity] TM=true MM=false
06-28 20:22:16.417 27877 27877 D NearbyFragment: Requested connection with Endpoint{id=aUQD, name=Nexus 5X [34d8]}
06-28 20:22:16.431 27877 27877 D ViewRootImpl@fa3ec2[MainActivity]: dispatchAttachedToWindow
06-28 20:22:16.494 27877 27877 D ViewRootImpl@fa3ec2[MainActivity]: Relayout returned: old=[0,48][720,1384] new=[18,508][702,923] result=0x7 surface={valid=true 536999092224} changed=true
06-28 20:22:16.498 27877 27900 D mali_winsys: EGLint new_window_surface(egl_winsys_display *, void *, EGLSurface, EGLConfig, egl_winsys_surface **, EGLBoolean) returns 0x3000
06-28 20:22:16.499 27877 27900 D OpenGLRenderer: eglCreateWindowSurface = 0x7d07739880, 0x7d07a3e010
06-28 20:22:16.512 27877 27877 D ScrollView:  onsize change changed 
06-28 20:22:16.514 27877 27877 D ViewRootImpl@fa3ec2[MainActivity]: MSG_WINDOW_FOCUS_CHANGED 1 1
06-28 20:22:16.544 27877 27877 D ViewRootImpl@fa3ec2[MainActivity]: MSG_RESIZED: frame=Rect(18, 508 - 702, 923) ci=Rect(0, 0 - 0, 0) vi=Rect(0, 0 - 0, 0) or=1
06-28 20:22:16.573 27877 27877 D ViewRootImpl@d9c181e[MainActivity]: MSG_WINDOW_FOCUS_CHANGED 0 1
06-28 20:22:16.573 27877 27877 D InputMethodManager: prepareNavigationBarInfo() DecorView@c1e0aaa[MainActivity]
06-28 20:22:16.573 27877 27877 D InputMethodManager: getNavigationBarColor() -855310
06-28 20:22:18.260 27877 27877 D ViewRootImpl@fa3ec2[MainActivity]: ViewPostIme pointer 0
06-28 20:22:18.371 27877 27877 D ViewRootImpl@fa3ec2[MainActivity]: ViewPostIme pointer 1
06-28 20:22:18.399 27877 27900 W libEGL  : EGLNativeWindowType 0x7d07a3e010 disconnect failed
06-28 20:22:18.399 27877 27900 D OpenGLRenderer: eglDestroySurface = 0x7d07739880, 0x7d07a3e000
06-28 20:22:18.399 27877 27900 D OpenGLRenderer: endAllActiveAnimators on 0x7d07a89700 (RippleDrawable) with handle 0x7d07d639c0
06-28 20:22:18.399 27877 27877 D ViewRootImpl@fa3ec2[MainActivity]: dispatchDetachedFromWindow
06-28 20:22:18.400 27877 27877 D ViewRootImpl@fa3ec2[MainActivity]: Surface release. android.view.ViewRootImpl.doDie:7979 android.view.ViewRootImpl.die:7947 android.view.WindowManagerGlobal.removeViewLocked:497 android.view.WindowManagerGlobal.removeView:435 android.view.WindowManagerImpl.removeViewImmediate:124 android.app.Dialog.dismissDialog:518 android.app.Dialog.dismiss:501 androidx.appcompat.app.AlertController$ButtonHandler.handleMessage:171 
06-28 20:22:18.413 27877 27877 D InputTransport: Input channel destroyed: fd=76
06-28 20:22:18.416 27877 27877 I NearbyFragment: Connected to Endpoint{id=aUQD, name=Nexus 5X [34d8]}
06-28 20:22:18.469 27877 27877 E ViewRootImpl: sendUserActionEvent() returned.
06-28 20:22:18.470 27877 27877 D ViewRootImpl@d9c181e[MainActivity]: MSG_WINDOW_FOCUS_CHANGED 1 1
06-28 20:22:18.471 27877 27877 D InputMethodManager: prepareNavigationBarInfo() DecorView@c1e0aaa[MainActivity]
06-28 20:22:18.471 27877 27877 D InputMethodManager: getNavigationBarColor() -855310
06-28 20:22:21.043 27877 27877 D ViewRootImpl@d9c181e[MainActivity]: ViewPostIme pointer 0
06-28 20:22:21.122 27877 27877 D ViewRootImpl@d9c181e[MainActivity]: ViewPostIme pointer 1
06-28 20:22:21.129 27877 27877 V ConnectionFragment: Discovery switch unchecked
06-28 20:22:21.129 27877 27877 D NearbyFragment: Stopped discovering
06-28 20:22:24.053 27877 27877 I TransferNetworkLossHand: Network connectivity changed detected.
06-28 20:22:24.094 27877 27877 I TransferNetworkLossHand: Network connected: true
06-28 20:22:24.107 27877 28435 D TransferNetworkLossHand: Loading transfers from database...
06-28 20:22:24.117 27877 28435 D TransferNetworkLossHand: Closing the cursor for resumeAllTransfers
06-28 20:22:24.118 27877 28435 D TransferNetworkLossHand: 0 transfers are loaded from database.
06-28 20:23:07.439 27877 27877 D NearbyFragment: onPayloadReceived(endpointId=aUQD, payload=com.google.android.gms.nearby.connection.Payload@af8b5e9)
06-28 20:23:07.446 27877 27877 V NearbyFragment: Started downloading SUMMARISE:-5396679723236230736:20200312_150643.mp4:45.0_1.0_23_medium from Endpoint{id=aUQD, name=Nexus 5X [34d8]}
06-28 20:23:07.453 27877 27877 V NearbyFragment: Transfer to aUQD: 100%
06-28 20:23:07.455 27877 27877 V NearbyFragment: Transfer to aUQD: 100%
06-28 20:23:07.458 27877 27877 D NearbyFragment: onPayloadReceived(endpointId=aUQD, payload=com.google.android.gms.nearby.connection.Payload@138e19c)
06-28 20:23:07.460 27877 27877 V NearbyFragment: Transfer to aUQD: 0%
06-28 20:23:07.462 27877 27877 V NearbyFragment: Transfer to aUQD: 0%
06-28 20:23:07.468 27877 27877 V NearbyFragment: Transfer to aUQD: 0%
06-28 20:23:07.475 27877 27877 V NearbyFragment: Transfer to aUQD: 0%
06-28 20:23:07.482 27877 27877 V NearbyFragment: Transfer to aUQD: 0%
06-28 20:23:07.489 27877 27877 V NearbyFragment: Transfer to aUQD: 0%
06-28 20:23:07.494 27877 27877 V NearbyFragment: Transfer to aUQD: 0%
06-28 20:23:07.498 27877 27877 V NearbyFragment: Transfer to aUQD: 0%
06-28 20:23:07.505 27877 27877 V NearbyFragment: Transfer to aUQD: 0%
06-28 20:23:07.511 27877 27877 V NearbyFragment: Transfer to aUQD: 0%
06-28 20:23:07.516 27877 27877 V NearbyFragment: Transfer to aUQD: 1%
06-28 20:23:07.526 27877 27877 V NearbyFragment: Transfer to aUQD: 1%
06-28 20:23:07.532 27877 27877 V NearbyFragment: Transfer to aUQD: 1%
06-28 20:23:07.555 27877 27877 V NearbyFragment: Transfer to aUQD: 1%
06-28 20:23:07.569 27877 27877 V NearbyFragment: Transfer to aUQD: 1%
06-28 20:23:07.589 27877 27877 V NearbyFragment: Transfer to aUQD: 1%
06-28 20:23:07.594 27877 27877 V NearbyFragment: Transfer to aUQD: 1%
06-28 20:23:07.609 27877 27877 V NearbyFragment: Transfer to aUQD: 1%
06-28 20:23:07.619 27877 27877 V NearbyFragment: Transfer to aUQD: 1%
06-28 20:23:07.626 27877 27877 V NearbyFragment: Transfer to aUQD: 1%
06-28 20:23:07.636 27877 27877 V NearbyFragment: Transfer to aUQD: 1%
06-28 20:23:07.641 27877 27877 V NearbyFragment: Transfer to aUQD: 2%
06-28 20:23:07.650 27877 27877 V NearbyFragment: Transfer to aUQD: 2%
06-28 20:23:07.655 27877 27877 V NearbyFragment: Transfer to aUQD: 2%
06-28 20:23:07.662 27877 27877 V NearbyFragment: Transfer to aUQD: 2%
06-28 20:23:07.669 27877 27877 V NearbyFragment: Transfer to aUQD: 2%
06-28 20:23:07.677 27877 27877 V NearbyFragment: Transfer to aUQD: 2%
06-28 20:23:07.683 27877 27877 V NearbyFragment: Transfer to aUQD: 2%
06-28 20:23:07.691 27877 27877 V NearbyFragment: Transfer to aUQD: 2%
06-28 20:23:07.696 27877 27877 V NearbyFragment: Transfer to aUQD: 2%
06-28 20:23:07.703 27877 27877 V NearbyFragment: Transfer to aUQD: 2%
06-28 20:23:07.719 27877 27877 V NearbyFragment: Transfer to aUQD: 2%
06-28 20:23:07.721 27877 27877 V NearbyFragment: Transfer to aUQD: 3%
06-28 20:23:07.726 27877 27877 V NearbyFragment: Transfer to aUQD: 3%
06-28 20:23:07.728 27877 27877 V NearbyFragment: Transfer to aUQD: 3%
06-28 20:23:07.731 27877 27877 V NearbyFragment: Transfer to aUQD: 3%
06-28 20:23:07.734 27877 27877 V NearbyFragment: Transfer to aUQD: 3%
06-28 20:23:07.741 27877 27877 V NearbyFragment: Transfer to aUQD: 3%
06-28 20:23:07.746 27877 27877 V NearbyFragment: Transfer to aUQD: 3%
06-28 20:23:07.752 27877 27877 V NearbyFragment: Transfer to aUQD: 3%
06-28 20:23:07.755 27877 27877 V NearbyFragment: Transfer to aUQD: 3%
06-28 20:23:07.758 27877 27877 V NearbyFragment: Transfer to aUQD: 3%
06-28 20:23:07.762 27877 27877 V NearbyFragment: Transfer to aUQD: 4%
06-28 20:23:07.769 27877 27877 V NearbyFragment: Transfer to aUQD: 4%
06-28 20:23:07.776 27877 27877 V NearbyFragment: Transfer to aUQD: 4%
06-28 20:23:07.781 27877 27877 V NearbyFragment: Transfer to aUQD: 4%
06-28 20:23:07.787 27877 27877 V NearbyFragment: Transfer to aUQD: 4%
06-28 20:23:07.793 27877 27877 V NearbyFragment: Transfer to aUQD: 4%
06-28 20:23:07.799 27877 27877 V NearbyFragment: Transfer to aUQD: 4%
06-28 20:23:07.802 27877 27877 V NearbyFragment: Transfer to aUQD: 4%
06-28 20:23:07.807 27877 27877 V NearbyFragment: Transfer to aUQD: 4%
06-28 20:23:07.811 27877 27877 V NearbyFragment: Transfer to aUQD: 4%
06-28 20:23:07.815 27877 27877 V NearbyFragment: Transfer to aUQD: 4%
06-28 20:23:07.818 27877 27877 V NearbyFragment: Transfer to aUQD: 5%
06-28 20:23:07.850 27877 27877 V NearbyFragment: Transfer to aUQD: 5%
06-28 20:23:07.858 27877 27877 V NearbyFragment: Transfer to aUQD: 5%
06-28 20:23:07.862 27877 27877 V NearbyFragment: Transfer to aUQD: 5%
06-28 20:23:07.882 27877 27877 V NearbyFragment: Transfer to aUQD: 5%
06-28 20:23:07.890 27877 27877 V NearbyFragment: Transfer to aUQD: 5%
06-28 20:23:07.893 27877 27877 V NearbyFragment: Transfer to aUQD: 5%
06-28 20:23:07.898 27877 27877 V NearbyFragment: Transfer to aUQD: 5%
06-28 20:23:07.979 27877 27877 V NearbyFragment: Transfer to aUQD: 5%
06-28 20:23:08.099 27877 27877 V NearbyFragment: Transfer to aUQD: 5%
06-28 20:23:08.111 27877 27877 V NearbyFragment: Transfer to aUQD: 5%
06-28 20:23:08.122 27877 27877 V NearbyFragment: Transfer to aUQD: 6%
06-28 20:23:08.127 27877 27877 V NearbyFragment: Transfer to aUQD: 6%
06-28 20:23:08.132 27877 27877 V NearbyFragment: Transfer to aUQD: 6%
06-28 20:23:08.138 27877 27877 V NearbyFragment: Transfer to aUQD: 6%
06-28 20:23:08.144 27877 27877 V NearbyFragment: Transfer to aUQD: 6%
06-28 20:23:08.149 27877 27877 V NearbyFragment: Transfer to aUQD: 6%
06-28 20:23:08.154 27877 27877 V NearbyFragment: Transfer to aUQD: 6%
06-28 20:23:08.159 27877 27877 V NearbyFragment: Transfer to aUQD: 6%
06-28 20:23:08.164 27877 27877 V NearbyFragment: Transfer to aUQD: 6%
06-28 20:23:08.169 27877 27877 V NearbyFragment: Transfer to aUQD: 6%
06-28 20:23:08.174 27877 27877 V NearbyFragment: Transfer to aUQD: 7%
06-28 20:23:08.207 27877 27877 V NearbyFragment: Transfer to aUQD: 7%
06-28 20:23:08.213 27877 27877 V NearbyFragment: Transfer to aUQD: 7%
06-28 20:23:08.263 27877 27877 V NearbyFragment: Transfer to aUQD: 7%
06-28 20:23:08.299 27877 27877 V NearbyFragment: Transfer to aUQD: 7%
06-28 20:23:08.307 27877 27877 V NearbyFragment: Transfer to aUQD: 7%
06-28 20:23:08.314 27877 27877 V NearbyFragment: Transfer to aUQD: 7%
06-28 20:23:08.323 27877 27877 V NearbyFragment: Transfer to aUQD: 7%
06-28 20:23:08.330 27877 27877 V NearbyFragment: Transfer to aUQD: 7%
06-28 20:23:08.340 27877 27877 V NearbyFragment: Transfer to aUQD: 7%
06-28 20:23:08.343 27877 27877 V NearbyFragment: Transfer to aUQD: 7%
06-28 20:23:08.349 27877 27877 V NearbyFragment: Transfer to aUQD: 8%
06-28 20:23:08.358 27877 27877 V NearbyFragment: Transfer to aUQD: 8%
06-28 20:23:08.364 27877 27877 V NearbyFragment: Transfer to aUQD: 8%
06-28 20:23:08.369 27877 27877 V NearbyFragment: Transfer to aUQD: 8%
06-28 20:23:08.388 27877 27877 V NearbyFragment: Transfer to aUQD: 8%
06-28 20:23:08.392 27877 27877 V NearbyFragment: Transfer to aUQD: 8%
06-28 20:23:08.400 27877 27877 V NearbyFragment: Transfer to aUQD: 8%
06-28 20:23:08.405 27877 27877 V NearbyFragment: Transfer to aUQD: 8%
06-28 20:23:08.411 27877 27877 V NearbyFragment: Transfer to aUQD: 8%
06-28 20:23:08.414 27877 27877 V NearbyFragment: Transfer to aUQD: 8%
06-28 20:23:08.419 27877 27877 V NearbyFragment: Transfer to aUQD: 8%
06-28 20:23:08.423 27877 27877 V NearbyFragment: Transfer to aUQD: 9%
06-28 20:23:08.431 27877 27877 V NearbyFragment: Transfer to aUQD: 9%
06-28 20:23:08.437 27877 27877 V NearbyFragment: Transfer to aUQD: 9%
06-28 20:23:08.441 27877 27877 V NearbyFragment: Transfer to aUQD: 9%
06-28 20:23:08.478 27877 27877 V NearbyFragment: Transfer to aUQD: 9%
06-28 20:23:08.487 27877 27877 V NearbyFragment: Transfer to aUQD: 9%
06-28 20:23:08.493 27877 27877 V NearbyFragment: Transfer to aUQD: 9%
06-28 20:23:08.499 27877 27877 V NearbyFragment: Transfer to aUQD: 9%
06-28 20:23:08.509 27877 27877 V NearbyFragment: Transfer to aUQD: 9%
06-28 20:23:08.513 27877 27877 V NearbyFragment: Transfer to aUQD: 9%
06-28 20:23:08.517 27877 27877 V NearbyFragment: Transfer to aUQD: 10%
06-28 20:23:08.522 27877 27877 V NearbyFragment: Transfer to aUQD: 10%
06-28 20:23:08.526 27877 27877 V NearbyFragment: Transfer to aUQD: 10%
06-28 20:23:08.531 27877 27877 V NearbyFragment: Transfer to aUQD: 10%
06-28 20:23:08.537 27877 27877 V NearbyFragment: Transfer to aUQD: 10%
06-28 20:23:08.542 27877 27877 V NearbyFragment: Transfer to aUQD: 10%
06-28 20:23:08.568 27877 27877 V NearbyFragment: Transfer to aUQD: 10%
06-28 20:23:08.574 27877 27877 V NearbyFragment: Transfer to aUQD: 10%
06-28 20:23:08.584 27877 27877 V NearbyFragment: Transfer to aUQD: 10%
06-28 20:23:08.591 27877 27877 V NearbyFragment: Transfer to aUQD: 10%
06-28 20:23:08.594 27877 27877 V NearbyFragment: Transfer to aUQD: 10%
06-28 20:23:08.599 27877 27877 V NearbyFragment: Transfer to aUQD: 11%
06-28 20:23:08.605 27877 27877 V NearbyFragment: Transfer to aUQD: 11%
06-28 20:23:08.612 27877 27877 V NearbyFragment: Transfer to aUQD: 11%
06-28 20:23:08.617 27877 27877 V NearbyFragment: Transfer to aUQD: 11%
06-28 20:23:08.620 27877 27877 V NearbyFragment: Transfer to aUQD: 11%
06-28 20:23:08.626 27877 27877 V NearbyFragment: Transfer to aUQD: 11%
06-28 20:23:08.630 27877 27877 V NearbyFragment: Transfer to aUQD: 11%
06-28 20:23:08.633 27877 27877 V NearbyFragment: Transfer to aUQD: 11%
06-28 20:23:08.637 27877 27877 V NearbyFragment: Transfer to aUQD: 11%
06-28 20:23:08.648 27877 27877 V NearbyFragment: Transfer to aUQD: 11%
06-28 20:23:08.662 27877 27877 V NearbyFragment: Transfer to aUQD: 11%
06-28 20:23:08.672 27877 27877 V NearbyFragment: Transfer to aUQD: 12%
06-28 20:23:08.677 27877 27877 V NearbyFragment: Transfer to aUQD: 12%
06-28 20:23:08.681 27877 27877 V NearbyFragment: Transfer to aUQD: 12%
06-28 20:23:08.688 27877 27877 V NearbyFragment: Transfer to aUQD: 12%
06-28 20:23:08.697 27877 27877 V NearbyFragment: Transfer to aUQD: 12%
06-28 20:23:08.700 27877 27877 V NearbyFragment: Transfer to aUQD: 12%
06-28 20:23:08.703 27877 27877 V NearbyFragment: Transfer to aUQD: 12%
06-28 20:23:08.706 27877 27877 V NearbyFragment: Transfer to aUQD: 12%
06-28 20:23:08.709 27877 27877 V NearbyFragment: Transfer to aUQD: 12%
06-28 20:23:08.712 27877 27877 V NearbyFragment: Transfer to aUQD: 12%
06-28 20:23:08.716 27877 27877 V NearbyFragment: Transfer to aUQD: 13%
06-28 20:23:08.886 27877 27877 V NearbyFragment: Transfer to aUQD: 13%
06-28 20:23:08.895 27877 27877 V NearbyFragment: Transfer to aUQD: 13%
06-28 20:23:08.900 27877 27877 V NearbyFragment: Transfer to aUQD: 13%
06-28 20:23:08.903 27877 27877 V NearbyFragment: Transfer to aUQD: 13%
06-28 20:23:08.907 27877 27877 V NearbyFragment: Transfer to aUQD: 13%
06-28 20:23:08.910 27877 27877 V NearbyFragment: Transfer to aUQD: 13%
06-28 20:23:08.915 27877 27877 V NearbyFragment: Transfer to aUQD: 13%
06-28 20:23:08.921 27877 27877 V NearbyFragment: Transfer to aUQD: 13%
06-28 20:23:08.924 27877 27877 V NearbyFragment: Transfer to aUQD: 13%
06-28 20:23:08.928 27877 27877 V NearbyFragment: Transfer to aUQD: 13%
06-28 20:23:08.933 27877 27877 V NearbyFragment: Transfer to aUQD: 14%
06-28 20:23:08.935 27877 27877 V NearbyFragment: Transfer to aUQD: 14%
06-28 20:23:08.940 27877 27877 V NearbyFragment: Transfer to aUQD: 14%
06-28 20:23:08.943 27877 27877 V NearbyFragment: Transfer to aUQD: 14%
06-28 20:23:08.948 27877 27877 V NearbyFragment: Transfer to aUQD: 14%
06-28 20:23:08.952 27877 27877 V NearbyFragment: Transfer to aUQD: 14%
06-28 20:23:08.955 27877 27877 V NearbyFragment: Transfer to aUQD: 14%
06-28 20:23:08.959 27877 27877 V NearbyFragment: Transfer to aUQD: 14%
06-28 20:23:08.962 27877 27877 V NearbyFragment: Transfer to aUQD: 14%
06-28 20:23:08.967 27877 27877 V NearbyFragment: Transfer to aUQD: 14%
06-28 20:23:08.969 27877 27877 V NearbyFragment: Transfer to aUQD: 14%
06-28 20:23:08.974 27877 27877 V NearbyFragment: Transfer to aUQD: 15%
06-28 20:23:08.977 27877 27877 V NearbyFragment: Transfer to aUQD: 15%
06-28 20:23:08.981 27877 27877 V NearbyFragment: Transfer to aUQD: 15%
06-28 20:23:08.984 27877 27877 V NearbyFragment: Transfer to aUQD: 15%
06-28 20:23:08.988 27877 27877 V NearbyFragment: Transfer to aUQD: 15%
06-28 20:23:08.993 27877 27877 V NearbyFragment: Transfer to aUQD: 15%
06-28 20:23:08.999 27877 27877 V NearbyFragment: Transfer to aUQD: 15%
06-28 20:23:09.003 27877 27877 V NearbyFragment: Transfer to aUQD: 15%
06-28 20:23:09.007 27877 27877 V NearbyFragment: Transfer to aUQD: 15%
06-28 20:23:09.011 27877 27877 V NearbyFragment: Transfer to aUQD: 15%
06-28 20:23:09.018 27877 27877 V NearbyFragment: Transfer to aUQD: 16%
06-28 20:23:09.031 27877 27877 V NearbyFragment: Transfer to aUQD: 16%
06-28 20:23:09.034 27877 27877 V NearbyFragment: Transfer to aUQD: 16%
06-28 20:23:09.039 27877 27877 V NearbyFragment: Transfer to aUQD: 16%
06-28 20:23:09.045 27877 27877 V NearbyFragment: Transfer to aUQD: 16%
06-28 20:23:09.053 27877 27877 V NearbyFragment: Transfer to aUQD: 16%
06-28 20:23:09.058 27877 27877 V NearbyFragment: Transfer to aUQD: 16%
06-28 20:23:09.066 27877 27877 V NearbyFragment: Transfer to aUQD: 16%
06-28 20:23:09.075 27877 27877 V NearbyFragment: Transfer to aUQD: 16%
06-28 20:23:09.087 27877 27877 V NearbyFragment: Transfer to aUQD: 16%
06-28 20:23:09.092 27877 27877 V NearbyFragment: Transfer to aUQD: 16%
06-28 20:23:09.095 27877 27877 V NearbyFragment: Transfer to aUQD: 17%
06-28 20:23:09.100 27877 27877 V NearbyFragment: Transfer to aUQD: 17%
06-28 20:23:09.106 27877 27877 V NearbyFragment: Transfer to aUQD: 17%
06-28 20:23:09.113 27877 27877 V NearbyFragment: Transfer to aUQD: 17%
06-28 20:23:09.119 27877 27877 V NearbyFragment: Transfer to aUQD: 17%
06-28 20:23:09.126 27877 27877 V NearbyFragment: Transfer to aUQD: 17%
06-28 20:23:09.131 27877 27877 V NearbyFragment: Transfer to aUQD: 17%
06-28 20:23:09.135 27877 27877 V NearbyFragment: Transfer to aUQD: 17%
06-28 20:23:09.142 27877 27877 V NearbyFragment: Transfer to aUQD: 17%
06-28 20:23:09.147 27877 27877 V NearbyFragment: Transfer to aUQD: 17%
06-28 20:23:09.150 27877 27877 V NearbyFragment: Transfer to aUQD: 17%
06-28 20:23:09.155 27877 27877 V NearbyFragment: Transfer to aUQD: 18%
06-28 20:23:09.159 27877 27877 V NearbyFragment: Transfer to aUQD: 18%
06-28 20:23:09.165 27877 27877 V NearbyFragment: Transfer to aUQD: 18%
06-28 20:23:09.171 27877 27877 V NearbyFragment: Transfer to aUQD: 18%
06-28 20:23:09.175 27877 27877 V NearbyFragment: Transfer to aUQD: 18%
06-28 20:23:09.179 27877 27877 V NearbyFragment: Transfer to aUQD: 18%
06-28 20:23:09.183 27877 27877 V NearbyFragment: Transfer to aUQD: 18%
06-28 20:23:09.187 27877 27877 V NearbyFragment: Transfer to aUQD: 18%
06-28 20:23:09.191 27877 27877 V NearbyFragment: Transfer to aUQD: 18%
06-28 20:23:09.194 27877 27877 V NearbyFragment: Transfer to aUQD: 18%
06-28 20:23:09.196 27877 27877 V NearbyFragment: Transfer to aUQD: 19%
06-28 20:23:09.199 27877 27877 V NearbyFragment: Transfer to aUQD: 19%
06-28 20:23:09.201 27877 27877 V NearbyFragment: Transfer to aUQD: 19%
06-28 20:23:09.204 27877 27877 V NearbyFragment: Transfer to aUQD: 19%
06-28 20:23:09.207 27877 27877 V NearbyFragment: Transfer to aUQD: 19%
06-28 20:23:09.209 27877 27877 V NearbyFragment: Transfer to aUQD: 19%
06-28 20:23:09.214 27877 27877 V NearbyFragment: Transfer to aUQD: 19%
06-28 20:23:09.217 27877 27877 V NearbyFragment: Transfer to aUQD: 19%
06-28 20:23:09.221 27877 27877 V NearbyFragment: Transfer to aUQD: 19%
06-28 20:23:09.225 27877 27877 V NearbyFragment: Transfer to aUQD: 19%
06-28 20:23:09.229 27877 27877 V NearbyFragment: Transfer to aUQD: 19%
06-28 20:23:09.231 27877 27877 V NearbyFragment: Transfer to aUQD: 20%
06-28 20:23:09.234 27877 27877 V NearbyFragment: Transfer to aUQD: 20%
06-28 20:23:09.240 27877 27877 V NearbyFragment: Transfer to aUQD: 20%
06-28 20:23:09.245 27877 27877 V NearbyFragment: Transfer to aUQD: 20%
06-28 20:23:09.249 27877 27877 V NearbyFragment: Transfer to aUQD: 20%
06-28 20:23:09.261 27877 27877 V NearbyFragment: Transfer to aUQD: 20%
06-28 20:23:09.266 27877 27877 V NearbyFragment: Transfer to aUQD: 20%
06-28 20:23:09.270 27877 27877 V NearbyFragment: Transfer to aUQD: 20%
06-28 20:23:09.274 27877 27877 V NearbyFragment: Transfer to aUQD: 20%
06-28 20:23:09.282 27877 27877 V NearbyFragment: Transfer to aUQD: 20%
06-28 20:23:09.286 27877 27877 V NearbyFragment: Transfer to aUQD: 20%
06-28 20:23:09.289 27877 27877 V NearbyFragment: Transfer to aUQD: 21%
06-28 20:23:09.292 27877 27877 V NearbyFragment: Transfer to aUQD: 21%
06-28 20:23:09.298 27877 27877 V NearbyFragment: Transfer to aUQD: 21%
06-28 20:23:09.305 27877 27877 V NearbyFragment: Transfer to aUQD: 21%
06-28 20:23:09.309 27877 27877 V NearbyFragment: Transfer to aUQD: 21%
06-28 20:23:09.313 27877 27877 V NearbyFragment: Transfer to aUQD: 21%
06-28 20:23:09.318 27877 27877 V NearbyFragment: Transfer to aUQD: 21%
06-28 20:23:09.322 27877 27877 V NearbyFragment: Transfer to aUQD: 21%
06-28 20:23:09.326 27877 27877 V NearbyFragment: Transfer to aUQD: 21%
06-28 20:23:09.331 27877 27877 V NearbyFragment: Transfer to aUQD: 21%
06-28 20:23:09.337 27877 27877 V NearbyFragment: Transfer to aUQD: 22%
06-28 20:23:09.342 27877 27877 V NearbyFragment: Transfer to aUQD: 22%
06-28 20:23:09.347 27877 27877 V NearbyFragment: Transfer to aUQD: 22%
06-28 20:23:09.357 27877 27877 V NearbyFragment: Transfer to aUQD: 22%
06-28 20:23:09.367 27877 27877 V NearbyFragment: Transfer to aUQD: 22%
06-28 20:23:09.369 27877 27877 V NearbyFragment: Transfer to aUQD: 22%
06-28 20:23:09.371 27877 27877 V NearbyFragment: Transfer to aUQD: 22%
06-28 20:23:09.374 27877 27877 V NearbyFragment: Transfer to aUQD: 22%
06-28 20:23:09.376 27877 27877 V NearbyFragment: Transfer to aUQD: 22%
06-28 20:23:09.379 27877 27877 V NearbyFragment: Transfer to aUQD: 22%
06-28 20:23:09.385 27877 27877 V NearbyFragment: Transfer to aUQD: 22%
06-28 20:23:09.394 27877 27877 V NearbyFragment: Transfer to aUQD: 23%
06-28 20:23:09.397 27877 27877 V NearbyFragment: Transfer to aUQD: 23%
06-28 20:23:09.403 27877 27877 V NearbyFragment: Transfer to aUQD: 23%
06-28 20:23:09.410 27877 27877 V NearbyFragment: Transfer to aUQD: 23%
06-28 20:23:09.413 27877 27877 V NearbyFragment: Transfer to aUQD: 23%
06-28 20:23:09.417 27877 27877 V NearbyFragment: Transfer to aUQD: 23%
06-28 20:23:09.422 27877 27877 V NearbyFragment: Transfer to aUQD: 23%
06-28 20:23:09.426 27877 27877 V NearbyFragment: Transfer to aUQD: 23%
06-28 20:23:09.436 27877 27877 V NearbyFragment: Transfer to aUQD: 23%
06-28 20:23:09.439 27877 27877 V NearbyFragment: Transfer to aUQD: 23%
06-28 20:23:09.444 27877 27877 V NearbyFragment: Transfer to aUQD: 23%
06-28 20:23:09.446 27877 27877 V NearbyFragment: Transfer to aUQD: 24%
06-28 20:23:09.451 27877 27877 V NearbyFragment: Transfer to aUQD: 24%
06-28 20:23:09.457 27877 27877 V NearbyFragment: Transfer to aUQD: 24%
06-28 20:23:09.463 27877 27877 V NearbyFragment: Transfer to aUQD: 24%
06-28 20:23:09.466 27877 27877 V NearbyFragment: Transfer to aUQD: 24%
06-28 20:23:09.476 27877 27877 V NearbyFragment: Transfer to aUQD: 24%
06-28 20:23:09.479 27877 27877 V NearbyFragment: Transfer to aUQD: 24%
06-28 20:23:09.483 27877 27877 V NearbyFragment: Transfer to aUQD: 24%
06-28 20:23:09.486 27877 27877 V NearbyFragment: Transfer to aUQD: 24%
06-28 20:23:09.495 27877 27877 V NearbyFragment: Transfer to aUQD: 24%
06-28 20:23:09.499 27877 27877 V NearbyFragment: Transfer to aUQD: 25%
06-28 20:23:09.745 27877 27877 V NearbyFragment: Transfer to aUQD: 25%
06-28 20:23:09.752 27877 27877 V NearbyFragment: Transfer to aUQD: 25%
06-28 20:23:09.754 27877 27877 I chatty  : uid=10568(com.example.edgesum) identical 1 line
06-28 20:23:09.763 27877 27877 V NearbyFragment: Transfer to aUQD: 25%
06-28 20:23:09.769 27877 27877 V NearbyFragment: Transfer to aUQD: 25%
06-28 20:23:09.773 27877 27877 V NearbyFragment: Transfer to aUQD: 25%
06-28 20:23:09.779 27877 27877 V NearbyFragment: Transfer to aUQD: 25%
06-28 20:23:09.785 27877 27877 V NearbyFragment: Transfer to aUQD: 25%
06-28 20:23:09.790 27877 27877 V NearbyFragment: Transfer to aUQD: 25%
06-28 20:23:09.794 27877 27877 V NearbyFragment: Transfer to aUQD: 25%
06-28 20:23:09.799 27877 27877 V NearbyFragment: Transfer to aUQD: 26%
06-28 20:23:09.804 27877 27877 V NearbyFragment: Transfer to aUQD: 26%
06-28 20:23:09.809 27877 27877 V NearbyFragment: Transfer to aUQD: 26%
06-28 20:23:09.812 27877 27877 V NearbyFragment: Transfer to aUQD: 26%
06-28 20:23:09.818 27877 27877 V NearbyFragment: Transfer to aUQD: 26%
06-28 20:23:09.822 27877 27877 V NearbyFragment: Transfer to aUQD: 26%
06-28 20:23:09.827 27877 27877 V NearbyFragment: Transfer to aUQD: 26%
06-28 20:23:09.831 27877 27877 V NearbyFragment: Transfer to aUQD: 26%
06-28 20:23:09.835 27877 27877 V NearbyFragment: Transfer to aUQD: 26%
06-28 20:23:09.839 27877 27877 V NearbyFragment: Transfer to aUQD: 26%
06-28 20:23:09.843 27877 27877 V NearbyFragment: Transfer to aUQD: 26%
06-28 20:23:09.846 27877 27877 V NearbyFragment: Transfer to aUQD: 27%
06-28 20:23:09.850 27877 27877 V NearbyFragment: Transfer to aUQD: 27%
06-28 20:23:09.854 27877 27877 V NearbyFragment: Transfer to aUQD: 27%
06-28 20:23:09.863 27877 27877 V NearbyFragment: Transfer to aUQD: 27%
06-28 20:23:09.871 27877 27877 V NearbyFragment: Transfer to aUQD: 27%
06-28 20:23:09.878 27877 27877 V NearbyFragment: Transfer to aUQD: 27%
06-28 20:23:09.886 27877 27877 V NearbyFragment: Transfer to aUQD: 27%
06-28 20:23:09.890 27877 27877 V NearbyFragment: Transfer to aUQD: 27%
06-28 20:23:09.894 27877 27877 V NearbyFragment: Transfer to aUQD: 27%
06-28 20:23:09.896 27877 27877 V NearbyFragment: Transfer to aUQD: 27%
06-28 20:23:09.899 27877 27877 V NearbyFragment: Transfer to aUQD: 27%
06-28 20:23:09.903 27877 27877 V NearbyFragment: Transfer to aUQD: 28%
06-28 20:23:09.905 27877 27877 V NearbyFragment: Transfer to aUQD: 28%
06-28 20:23:09.908 27877 27877 V NearbyFragment: Transfer to aUQD: 28%
06-28 20:23:09.912 27877 27877 V NearbyFragment: Transfer to aUQD: 28%
06-28 20:23:09.915 27877 27877 V NearbyFragment: Transfer to aUQD: 28%
06-28 20:23:09.918 27877 27877 V NearbyFragment: Transfer to aUQD: 28%
06-28 20:23:09.921 27877 27877 V NearbyFragment: Transfer to aUQD: 28%
06-28 20:23:09.924 27877 27877 V NearbyFragment: Transfer to aUQD: 28%
06-28 20:23:09.927 27877 27877 V NearbyFragment: Transfer to aUQD: 28%
06-28 20:23:09.931 27877 27877 V NearbyFragment: Transfer to aUQD: 28%
06-28 20:23:09.934 27877 27877 V NearbyFragment: Transfer to aUQD: 29%
06-28 20:23:09.937 27877 27877 V NearbyFragment: Transfer to aUQD: 29%
06-28 20:23:09.940 27877 27877 V NearbyFragment: Transfer to aUQD: 29%
06-28 20:23:09.943 27877 27877 V NearbyFragment: Transfer to aUQD: 29%
06-28 20:23:09.946 27877 27877 V NearbyFragment: Transfer to aUQD: 29%
06-28 20:23:09.949 27877 27877 V NearbyFragment: Transfer to aUQD: 29%
06-28 20:23:09.952 27877 27877 V NearbyFragment: Transfer to aUQD: 29%
06-28 20:23:09.955 27877 27877 V NearbyFragment: Transfer to aUQD: 29%
06-28 20:23:09.958 27877 27877 V NearbyFragment: Transfer to aUQD: 29%
06-28 20:23:09.961 27877 27877 V NearbyFragment: Transfer to aUQD: 29%
06-28 20:23:09.964 27877 27877 V NearbyFragment: Transfer to aUQD: 29%
06-28 20:23:09.967 27877 27877 V NearbyFragment: Transfer to aUQD: 30%
06-28 20:23:09.975 27877 27877 V NearbyFragment: Transfer to aUQD: 30%
06-28 20:23:09.981 27877 27877 V NearbyFragment: Transfer to aUQD: 30%
06-28 20:23:09.988 27877 27877 V NearbyFragment: Transfer to aUQD: 30%
06-28 20:23:09.995 27877 27877 V NearbyFragment: Transfer to aUQD: 30%
06-28 20:23:09.997 27877 27877 V NearbyFragment: Transfer to aUQD: 30%
06-28 20:23:09.999 27877 27877 V NearbyFragment: Transfer to aUQD: 30%
06-28 20:23:10.003 27877 27877 V NearbyFragment: Transfer to aUQD: 30%
06-28 20:23:10.006 27877 27877 V NearbyFragment: Transfer to aUQD: 30%
06-28 20:23:10.009 27877 27877 V NearbyFragment: Transfer to aUQD: 30%
06-28 20:23:10.011 27877 27877 V NearbyFragment: Transfer to aUQD: 30%
06-28 20:23:10.026 27877 27877 V NearbyFragment: Transfer to aUQD: 31%
06-28 20:23:10.030 27877 27877 V NearbyFragment: Transfer to aUQD: 31%
06-28 20:23:10.035 27877 27877 V NearbyFragment: Transfer to aUQD: 31%
06-28 20:23:10.039 27877 27877 V NearbyFragment: Transfer to aUQD: 31%
06-28 20:23:10.041 27877 27877 V NearbyFragment: Transfer to aUQD: 31%
06-28 20:23:10.067 27877 27877 V NearbyFragment: Transfer to aUQD: 31%
06-28 20:23:10.069 27877 27877 V NearbyFragment: Transfer to aUQD: 31%
06-28 20:23:10.071 27877 27877 V NearbyFragment: Transfer to aUQD: 31%
06-28 20:23:10.074 27877 27877 V NearbyFragment: Transfer to aUQD: 31%
06-28 20:23:10.077 27877 27877 V NearbyFragment: Transfer to aUQD: 31%
06-28 20:23:10.081 27877 27877 V NearbyFragment: Transfer to aUQD: 32%
06-28 20:23:10.083 27877 27877 V NearbyFragment: Transfer to aUQD: 32%
06-28 20:23:10.085 27877 27877 V NearbyFragment: Transfer to aUQD: 32%
06-28 20:23:10.087 27877 27877 V NearbyFragment: Transfer to aUQD: 32%
06-28 20:23:10.088 27877 27877 V NearbyFragment: Transfer to aUQD: 32%
06-28 20:23:10.110 27877 27877 V NearbyFragment: Transfer to aUQD: 32%
06-28 20:23:10.111 27877 27877 V NearbyFragment: Transfer to aUQD: 32%
06-28 20:23:10.134 27877 27877 V NearbyFragment: Transfer to aUQD: 32%
06-28 20:23:10.138 27877 27877 V NearbyFragment: Transfer to aUQD: 32%
06-28 20:23:10.142 27877 27877 V NearbyFragment: Transfer to aUQD: 32%
06-28 20:23:10.146 27877 27877 V NearbyFragment: Transfer to aUQD: 32%
06-28 20:23:10.152 27877 27877 V NearbyFragment: Transfer to aUQD: 33%
06-28 20:23:10.154 27877 27877 V NearbyFragment: Transfer to aUQD: 33%
06-28 20:23:10.179 27877 27877 V NearbyFragment: Transfer to aUQD: 33%
06-28 20:23:10.184 27877 27877 V NearbyFragment: Transfer to aUQD: 33%
06-28 20:23:10.199 27877 27877 V NearbyFragment: Transfer to aUQD: 33%
06-28 20:23:10.204 27877 27877 V NearbyFragment: Transfer to aUQD: 33%
06-28 20:23:10.210 27877 27877 V NearbyFragment: Transfer to aUQD: 33%
06-28 20:23:10.216 27877 27877 V NearbyFragment: Transfer to aUQD: 33%
06-28 20:23:10.222 27877 27877 V NearbyFragment: Transfer to aUQD: 33%
06-28 20:23:10.226 27877 27877 V NearbyFragment: Transfer to aUQD: 33%
06-28 20:23:10.230 27877 27877 V NearbyFragment: Transfer to aUQD: 33%
06-28 20:23:10.236 27877 27877 V NearbyFragment: Transfer to aUQD: 34%
06-28 20:23:10.240 27877 27877 V NearbyFragment: Transfer to aUQD: 34%
06-28 20:23:10.243 27877 27877 V NearbyFragment: Transfer to aUQD: 34%
06-28 20:23:10.249 27877 27877 V NearbyFragment: Transfer to aUQD: 34%
06-28 20:23:10.257 27877 27877 V NearbyFragment: Transfer to aUQD: 34%
06-28 20:23:10.259 27877 27877 V NearbyFragment: Transfer to aUQD: 34%
06-28 20:23:10.264 27877 27877 V NearbyFragment: Transfer to aUQD: 34%
06-28 20:23:10.267 27877 27877 V NearbyFragment: Transfer to aUQD: 34%
06-28 20:23:10.271 27877 27877 V NearbyFragment: Transfer to aUQD: 34%
06-28 20:23:10.280 27877 27877 V NearbyFragment: Transfer to aUQD: 34%
06-28 20:23:10.283 27877 27877 V NearbyFragment: Transfer to aUQD: 35%
06-28 20:23:10.287 27877 27877 V NearbyFragment: Transfer to aUQD: 35%
06-28 20:23:10.291 27877 27877 V NearbyFragment: Transfer to aUQD: 35%
06-28 20:23:10.364 27877 27877 V NearbyFragment: Transfer to aUQD: 35%
06-28 20:23:10.464 27877 27877 V NearbyFragment: Transfer to aUQD: 35%
06-28 20:23:10.475 27877 27877 V NearbyFragment: Transfer to aUQD: 35%
06-28 20:23:10.482 27877 27877 V NearbyFragment: Transfer to aUQD: 35%
06-28 20:23:10.489 27877 27877 V NearbyFragment: Transfer to aUQD: 35%
06-28 20:23:10.496 27877 27877 V NearbyFragment: Transfer to aUQD: 35%
06-28 20:23:10.503 27877 27877 V NearbyFragment: Transfer to aUQD: 35%
06-28 20:23:10.509 27877 27877 V NearbyFragment: Transfer to aUQD: 35%
06-28 20:23:10.514 27877 27877 V NearbyFragment: Transfer to aUQD: 36%
06-28 20:23:10.519 27877 27877 V NearbyFragment: Transfer to aUQD: 36%
06-28 20:23:10.525 27877 27877 V NearbyFragment: Transfer to aUQD: 36%
06-28 20:23:10.529 27877 27877 V NearbyFragment: Transfer to aUQD: 36%
06-28 20:23:10.533 27877 27877 V NearbyFragment: Transfer to aUQD: 36%
06-28 20:23:10.537 27877 27877 V NearbyFragment: Transfer to aUQD: 36%
06-28 20:23:10.541 27877 27877 V NearbyFragment: Transfer to aUQD: 36%
06-28 20:23:10.546 27877 27877 V NearbyFragment: Transfer to aUQD: 36%
06-28 20:23:10.550 27877 27877 V NearbyFragment: Transfer to aUQD: 36%
06-28 20:23:10.555 27877 27877 V NearbyFragment: Transfer to aUQD: 36%
06-28 20:23:10.559 27877 27877 V NearbyFragment: Transfer to aUQD: 36%
06-28 20:23:10.563 27877 27877 V NearbyFragment: Transfer to aUQD: 37%
06-28 20:23:10.568 27877 27877 V NearbyFragment: Transfer to aUQD: 37%
06-28 20:23:10.572 27877 27877 V NearbyFragment: Transfer to aUQD: 37%
06-28 20:23:10.576 27877 27877 V NearbyFragment: Transfer to aUQD: 37%
06-28 20:23:10.580 27877 27877 V NearbyFragment: Transfer to aUQD: 37%
06-28 20:23:10.583 27877 27877 V NearbyFragment: Transfer to aUQD: 37%
06-28 20:23:10.588 27877 27877 V NearbyFragment: Transfer to aUQD: 37%
06-28 20:23:10.592 27877 27877 V NearbyFragment: Transfer to aUQD: 37%
06-28 20:23:10.597 27877 27877 V NearbyFragment: Transfer to aUQD: 37%
06-28 20:23:10.602 27877 27877 V NearbyFragment: Transfer to aUQD: 37%
06-28 20:23:10.605 27877 27877 V NearbyFragment: Transfer to aUQD: 38%
06-28 20:23:10.608 27877 27877 V NearbyFragment: Transfer to aUQD: 38%
06-28 20:23:10.613 27877 27877 V NearbyFragment: Transfer to aUQD: 38%
06-28 20:23:10.617 27877 27877 V NearbyFragment: Transfer to aUQD: 38%
06-28 20:23:10.621 27877 27877 V NearbyFragment: Transfer to aUQD: 38%
06-28 20:23:10.623 27877 27877 V NearbyFragment: Transfer to aUQD: 38%
06-28 20:23:10.627 27877 27877 V NearbyFragment: Transfer to aUQD: 38%
06-28 20:23:10.632 27877 27877 V NearbyFragment: Transfer to aUQD: 38%
06-28 20:23:10.635 27877 27877 V NearbyFragment: Transfer to aUQD: 38%
06-28 20:23:10.639 27877 27877 V NearbyFragment: Transfer to aUQD: 38%
06-28 20:23:10.643 27877 27877 V NearbyFragment: Transfer to aUQD: 38%
06-28 20:23:10.649 27877 27877 V NearbyFragment: Transfer to aUQD: 39%
06-28 20:23:10.653 27877 27877 V NearbyFragment: Transfer to aUQD: 39%
06-28 20:23:10.658 27877 27877 V NearbyFragment: Transfer to aUQD: 39%
06-28 20:23:10.662 27877 27877 V NearbyFragment: Transfer to aUQD: 39%
06-28 20:23:10.667 27877 27877 V NearbyFragment: Transfer to aUQD: 39%
06-28 20:23:10.671 27877 27877 V NearbyFragment: Transfer to aUQD: 39%
06-28 20:23:10.676 27877 27877 V NearbyFragment: Transfer to aUQD: 39%
06-28 20:23:10.683 27877 27877 V NearbyFragment: Transfer to aUQD: 39%
06-28 20:23:10.686 27877 27877 V NearbyFragment: Transfer to aUQD: 39%
06-28 20:23:10.691 27877 27877 V NearbyFragment: Transfer to aUQD: 39%
06-28 20:23:10.695 27877 27877 V NearbyFragment: Transfer to aUQD: 39%
06-28 20:23:10.700 27877 27877 V NearbyFragment: Transfer to aUQD: 40%
06-28 20:23:10.704 27877 27877 V NearbyFragment: Transfer to aUQD: 40%
06-28 20:23:10.707 27877 27877 V NearbyFragment: Transfer to aUQD: 40%
06-28 20:23:10.714 27877 27877 V NearbyFragment: Transfer to aUQD: 40%
06-28 20:23:10.718 27877 27877 V NearbyFragment: Transfer to aUQD: 40%
06-28 20:23:10.722 27877 27877 V NearbyFragment: Transfer to aUQD: 40%
06-28 20:23:10.726 27877 27877 V NearbyFragment: Transfer to aUQD: 40%
06-28 20:23:10.733 27877 27877 V NearbyFragment: Transfer to aUQD: 40%
06-28 20:23:10.739 27877 27877 V NearbyFragment: Transfer to aUQD: 40%
06-28 20:23:10.743 27877 27877 V NearbyFragment: Transfer to aUQD: 40%
06-28 20:23:10.746 27877 27877 V NearbyFragment: Transfer to aUQD: 41%
06-28 20:23:10.751 27877 27877 V NearbyFragment: Transfer to aUQD: 41%
06-28 20:23:10.755 27877 27877 V NearbyFragment: Transfer to aUQD: 41%
06-28 20:23:10.777 27877 27877 V NearbyFragment: Transfer to aUQD: 41%
06-28 20:23:10.782 27877 27877 V NearbyFragment: Transfer to aUQD: 41%
06-28 20:23:10.785 27877 27877 V NearbyFragment: Transfer to aUQD: 41%
06-28 20:23:10.841 27877 27877 V NearbyFragment: Transfer to aUQD: 41%
06-28 20:23:10.853 27877 27877 V NearbyFragment: Transfer to aUQD: 41%
06-28 20:23:10.866 27877 27877 V NearbyFragment: Transfer to aUQD: 41%
06-28 20:23:10.874 27877 27877 V NearbyFragment: Transfer to aUQD: 41%
06-28 20:23:10.879 27877 27877 V NearbyFragment: Transfer to aUQD: 41%
06-28 20:23:10.883 27877 27877 V NearbyFragment: Transfer to aUQD: 42%
