--------- beginning of main
06-30 03:34:43.331 32619 32619 E Zygote  : isWhitelistProcess - Process is Whitelisted
06-30 03:34:43.334 32619 32619 E Zygote  : accessInfo : 1
--------- beginning of system
06-30 03:34:45.848 32619 32619 W LogFactory: Truncating log tag length as it exceed 23, the limit imposed by Android on certain API Levels
06-30 03:36:23.506 32619 32619 W ActivityThread: handleWindowVisibility: no activity for token android.os.BinderProxy@c6be4d5
06-30 03:36:23.599 32619 32619 W example.edgesu: Accessing hidden method Landroid/graphics/drawable/Drawable;->getOpticalInsets()Landroid/graphics/Insets; (light greylist, linking)
06-30 03:36:23.599 32619 32619 W example.edgesu: Accessing hidden field Landroid/graphics/Insets;->left:I (light greylist, linking)
06-30 03:36:23.599 32619 32619 W example.edgesu: Accessing hidden field Landroid/graphics/Insets;->right:I (light greylist, linking)
06-30 03:36:23.599 32619 32619 W example.edgesu: Accessing hidden field Landroid/graphics/Insets;->top:I (light greylist, linking)
06-30 03:36:23.599 32619 32619 W example.edgesu: Accessing hidden field Landroid/graphics/Insets;->bottom:I (light greylist, linking)
06-30 03:36:23.647 32619 32619 W example.edgesu: Accessing hidden method Landroid/view/View;->computeFitSystemWindows(Landroid/graphics/Rect;Landroid/graphics/Rect;)Z (light greylist, reflection)
06-30 03:36:23.647 32619 32619 W example.edgesu: Accessing hidden method Landroid/view/ViewGroup;->makeOptionalFitsSystemWindows()V (light greylist, reflection)
06-30 03:36:23.752 32619 32619 W example.edgesu: Accessing hidden method Landroid/widget/TextView;->getTextDirectionHeuristic()Landroid/text/TextDirectionHeuristic; (light greylist, linking)
06-30 03:36:23.761 32619 32619 W example.edgesu: Accessing hidden field Landroid/view/View;->mAccessibilityDelegate:Landroid/view/View$AccessibilityDelegate; (light greylist, reflection)
06-30 03:36:24.108 32619 32619 E TransferService: No notification is passed in the intent. Unable to transition to foreground.
06-30 03:36:24.154 32619 32619 W StaticLayout: maxLineHeight should not be -1.  maxLines:1 lineCount:1
06-30 03:36:24.164 32619 32619 W StaticLayout: maxLineHeight should not be -1.  maxLines:1 lineCount:1
06-30 03:36:24.168 32619 32619 W StaticLayout: maxLineHeight should not be -1.  maxLines:1 lineCount:1
06-30 03:36:24.172 32619 32619 W StaticLayout: maxLineHeight should not be -1.  maxLines:1 lineCount:1
06-30 03:36:24.188 32619 32619 W StaticLayout: maxLineHeight should not be -1.  maxLines:1 lineCount:1
06-30 03:36:24.192 32619 32619 W StaticLayout: maxLineHeight should not be -1.  maxLines:1 lineCount:1
06-30 03:36:35.398 32619 32619 W example.edgesu: Accessing hidden method Landroid/graphics/FontFamily;-><init>()V (light greylist, reflection)
06-30 03:36:35.399 32619 32619 W example.edgesu: Accessing hidden method Landroid/graphics/FontFamily;->addFontFromAssetManager(Landroid/content/res/AssetManager;Ljava/lang/String;IZIII[Landroid/graphics/fonts/FontVariationAxis;)Z (light greylist, reflection)
06-30 03:36:35.399 32619 32619 W example.edgesu: Accessing hidden method Landroid/graphics/FontFamily;->addFontFromBuffer(Ljava/nio/ByteBuffer;I[Landroid/graphics/fonts/FontVariationAxis;II)Z (light greylist, reflection)
06-30 03:36:35.399 32619 32619 W example.edgesu: Accessing hidden method Landroid/graphics/FontFamily;->freeze()Z (light greylist, reflection)
06-30 03:36:35.399 32619 32619 W example.edgesu: Accessing hidden method Landroid/graphics/FontFamily;->abortCreation()V (light greylist, reflection)
06-30 03:36:35.400 32619 32619 W example.edgesu: Accessing hidden method Landroid/graphics/Typeface;->createFromFamiliesWithDefault([Landroid/graphics/FontFamily;Ljava/lang/String;II)Landroid/graphics/Typeface; (light greylist, reflection)
06-30 03:36:44.970 32619   434 W libEGL  : EGLNativeWindowType 0x72ffb5e010 disconnect failed
06-30 03:36:46.435 32619   434 W libEGL  : EGLNativeWindowType 0x72ffb5e010 disconnect failed
06-30 03:36:46.460 32619 32619 E ViewRootImpl: sendUserActionEvent() returned.
06-30 03:37:52.300 32619 32619 W NearbyFragment: Completed downloading 20200312_150643!000.mp4 from Endpoint{id=jfM6, name=Nexus 5X [34d8]} in 02.598s
06-30 03:37:54.943 32619  2247 W Summariser: No activity detected
06-30 03:37:54.997 32619  2247 W Summariser: Summarisation completed
06-30 03:37:54.997 32619  2247 W Summariser:   filename: 20200312_150643!000.mp4
06-30 03:37:54.997 32619  2247 W Summariser:   active sections: 0
06-30 03:37:54.997 32619  2247 W Summariser:   time: 02.505s
06-30 03:37:54.997 32619  2247 W Summariser:   original duration: 16.07
06-30 03:37:54.997 32619  2247 W Summariser:   summarised duration: -1.00
06-30 03:37:54.997 32619  2247 W Summariser:   noise tolerance: 45.00
06-30 03:37:54.997 32619  2247 W Summariser:   quality: 23
06-30 03:37:54.997 32619  2247 W Summariser:   speed: medium
06-30 03:37:54.997 32619  2247 W Summariser:   freeze duration: 1.00
06-30 03:38:01.548 32619 32619 W NearbyFragment: Completed downloading 20200312_150643!003.mp4 from Endpoint{id=jfM6, name=Nexus 5X [34d8]} in 06.269s
06-30 03:38:03.639 32619  2300 W Summariser: No activity detected
06-30 03:38:03.687 32619  2300 W Summariser: Summarisation completed
06-30 03:38:03.687 32619  2300 W Summariser:   filename: 20200312_150643!003.mp4
06-30 03:38:03.687 32619  2300 W Summariser:   active sections: 0
06-30 03:38:03.687 32619  2300 W Summariser:   time: 01.991s
06-30 03:38:03.687 32619  2300 W Summariser:   original duration: 12.01
06-30 03:38:03.687 32619  2300 W Summariser:   summarised duration: -1.00
06-30 03:38:03.687 32619  2300 W Summariser:   noise tolerance: 45.00
06-30 03:38:03.687 32619  2300 W Summariser:   quality: 23
06-30 03:38:03.687 32619  2300 W Summariser:   speed: medium
06-30 03:38:03.687 32619  2300 W Summariser:   freeze duration: 1.00
06-30 03:38:42.027 32619 32619 W NearbyFragment: Completed downloading 20200312_150744!002.mp4 from Endpoint{id=jfM6, name=Nexus 5X [34d8]} in 07.202s
06-30 03:38:44.370 32619  2352 W Summariser: No activity detected
06-30 03:38:44.431 32619  2352 W Summariser: Summarisation completed
06-30 03:38:44.431 32619  2352 W Summariser:   filename: 20200312_150744!002.mp4
06-30 03:38:44.431 32619  2352 W Summariser:   active sections: 0
06-30 03:38:44.431 32619  2352 W Summariser:   time: 02.218s
06-30 03:38:44.431 32619  2352 W Summariser:   original duration: 16.01
06-30 03:38:44.431 32619  2352 W Summariser:   summarised duration: -1.00
06-30 03:38:44.431 32619  2352 W Summariser:   noise tolerance: 45.00
06-30 03:38:44.431 32619  2352 W Summariser:   quality: 23
06-30 03:38:44.431 32619  2352 W Summariser:   speed: medium
06-30 03:38:44.431 32619  2352 W Summariser:   freeze duration: 1.00
06-30 03:39:09.704 32619 32619 W NearbyFragment: Completed downloading 20200312_150844!001.mp4 from Endpoint{id=jfM6, name=Nexus 5X [34d8]} in 05.472s
06-30 03:39:11.976 32619  2392 W Summariser: Whole video is active
06-30 03:39:12.543 32619  2392 W Summariser: Summarisation completed
06-30 03:39:12.543 32619  2392 W Summariser:   filename: 20200312_150844!001.mp4
06-30 03:39:12.543 32619  2392 W Summariser:   active sections: -1
06-30 03:39:12.543 32619  2392 W Summariser:   time: 02.620s
06-30 03:39:12.543 32619  2392 W Summariser:   original duration: 16.01
06-30 03:39:12.543 32619  2392 W Summariser:   summarised duration: 16.01
06-30 03:39:12.543 32619  2392 W Summariser:   noise tolerance: 45.00
06-30 03:39:12.543 32619  2392 W Summariser:   quality: 23
06-30 03:39:12.543 32619  2392 W Summariser:   speed: medium
06-30 03:39:12.543 32619  2392 W Summariser:   freeze duration: 1.00
06-30 03:39:12.688 32619  2392 W NearbyFragment: Sending 20200312_150844!001.mp4 to Nexus 5X [34d8]
06-30 03:39:36.116 32619 32628 W System  : A resource failed to call close. 
06-30 03:39:36.119 32619 32628 W System  : A resource failed to call close. 
06-30 03:39:37.619 32619 32619 W NearbyFragment: Completed downloading 20200312_150944!000.mp4 from Endpoint{id=jfM6, name=Nexus 5X [34d8]} in 03.495s
06-30 03:39:40.019 32619  2456 W Summariser: 1 active sections found
06-30 03:39:47.277 32619  2456 W Summariser: Summarisation completed
06-30 03:39:47.277 32619  2456 W Summariser:   filename: 20200312_150944!000.mp4
06-30 03:39:47.277 32619  2456 W Summariser:   active sections: 1
06-30 03:39:47.277 32619  2456 W Summariser:   time: 09.430s
06-30 03:39:47.277 32619  2456 W Summariser:   original duration: 16.06
06-30 03:39:47.277 32619  2456 W Summariser:   summarised duration: 7.07
06-30 03:39:47.277 32619  2456 W Summariser:   noise tolerance: 45.00
06-30 03:39:47.277 32619  2456 W Summariser:   quality: 23
06-30 03:39:47.277 32619  2456 W Summariser:   speed: medium
06-30 03:39:47.277 32619  2456 W Summariser:   freeze duration: 1.00
06-30 03:39:47.393 32619  2456 W NearbyFragment: Sending 20200312_150944!000.mp4 to Nexus 5X [34d8]
06-30 03:40:12.122 32619 32619 W NearbyFragment: Completed downloading 20200312_150944!003.mp4 from Endpoint{id=jfM6, name=Nexus 5X [34d8]} in 02.561s
06-30 03:40:13.964 32619  2570 W Summariser: No activity detected
06-30 03:40:14.013 32619  2570 W Summariser: Summarisation completed
06-30 03:40:14.013 32619  2570 W Summariser:   filename: 20200312_150944!003.mp4
06-30 03:40:14.013 32619  2570 W Summariser:   active sections: 0
06-30 03:40:14.013 32619  2570 W Summariser:   time: 01.723s
06-30 03:40:14.013 32619  2570 W Summariser:   original duration: 12.01
06-30 03:40:14.013 32619  2570 W Summariser:   summarised duration: -1.00
06-30 03:40:14.013 32619  2570 W Summariser:   noise tolerance: 45.00
06-30 03:40:14.013 32619  2570 W Summariser:   quality: 23
06-30 03:40:14.013 32619  2570 W Summariser:   speed: medium
06-30 03:40:14.013 32619  2570 W Summariser:   freeze duration: 1.00
06-30 03:40:26.859 32619 32619 W NearbyFragment: Completed downloading 20200312_151044!002.mp4 from Endpoint{id=jfM6, name=Nexus 5X [34d8]} in 02.762s
06-30 03:40:29.138 32619  2608 W Summariser: No activity detected
06-30 03:40:29.199 32619  2608 W Summariser: Summarisation completed
06-30 03:40:29.199 32619  2608 W Summariser:   filename: 20200312_151044!002.mp4
06-30 03:40:29.199 32619  2608 W Summariser:   active sections: 0
06-30 03:40:29.199 32619  2608 W Summariser:   time: 02.189s
06-30 03:40:29.199 32619  2608 W Summariser:   original duration: 16.01
06-30 03:40:29.199 32619  2608 W Summariser:   summarised duration: -1.00
06-30 03:40:29.199 32619  2608 W Summariser:   noise tolerance: 45.00
06-30 03:40:29.199 32619  2608 W Summariser:   quality: 23
06-30 03:40:29.199 32619  2608 W Summariser:   speed: medium
06-30 03:40:29.199 32619  2608 W Summariser:   freeze duration: 1.00
06-30 03:40:55.733 32619 32619 W NearbyFragment: Completed downloading 20200312_193528!001.mp4 from Endpoint{id=jfM6, name=Nexus 5X [34d8]} in 02.769s
06-30 03:40:58.041 32619  2648 W Summariser: No activity detected
06-30 03:40:58.087 32619  2648 W Summariser: Summarisation completed
06-30 03:40:58.087 32619  2648 W Summariser:   filename: 20200312_193528!001.mp4
06-30 03:40:58.087 32619  2648 W Summariser:   active sections: 0
06-30 03:40:58.087 32619  2648 W Summariser:   time: 02.211s
06-30 03:40:58.087 32619  2648 W Summariser:   original duration: 16.01
06-30 03:40:58.087 32619  2648 W Summariser:   summarised duration: -1.00
06-30 03:40:58.087 32619  2648 W Summariser:   noise tolerance: 45.00
06-30 03:40:58.087 32619  2648 W Summariser:   quality: 23
06-30 03:40:58.087 32619  2648 W Summariser:   speed: medium
06-30 03:40:58.087 32619  2648 W Summariser:   freeze duration: 1.00
06-30 03:41:26.704 32619 32619 W NearbyFragment: Completed downloading 20200312_193628!000.mp4 from Endpoint{id=jfM6, name=Nexus 5X [34d8]} in 03.215s
06-30 03:41:29.161 32619  2715 W Summariser: No activity detected
06-30 03:41:29.207 32619  2715 W Summariser: Summarisation completed
06-30 03:41:29.207 32619  2715 W Summariser:   filename: 20200312_193628!000.mp4
06-30 03:41:29.207 32619  2715 W Summariser:   active sections: 0
06-30 03:41:29.207 32619  2715 W Summariser:   time: 02.323s
06-30 03:41:29.207 32619  2715 W Summariser:   original duration: 16.07
06-30 03:41:29.207 32619  2715 W Summariser:   summarised duration: -1.00
06-30 03:41:29.207 32619  2715 W Summariser:   noise tolerance: 45.00
06-30 03:41:29.207 32619  2715 W Summariser:   quality: 23
06-30 03:41:29.207 32619  2715 W Summariser:   speed: medium
06-30 03:41:29.207 32619  2715 W Summariser:   freeze duration: 1.00
06-30 03:41:51.966 32619 32619 W NearbyFragment: Completed downloading 20200312_193628!003.mp4 from Endpoint{id=jfM6, name=Nexus 5X [34d8]} in 02.213s
06-30 03:41:53.821 32619  2755 W Summariser: 1 active sections found
06-30 03:42:00.971 32619  2755 W Summariser: Summarisation completed
06-30 03:42:00.971 32619  2755 W Summariser:   filename: 20200312_193628!003.mp4
06-30 03:42:00.971 32619  2755 W Summariser:   active sections: 1
06-30 03:42:00.971 32619  2755 W Summariser:   time: 08.750s
06-30 03:42:00.971 32619  2755 W Summariser:   original duration: 12.03
06-30 03:42:00.971 32619  2755 W Summariser:   summarised duration: 6.16
06-30 03:42:00.971 32619  2755 W Summariser:   noise tolerance: 45.00
06-30 03:42:00.971 32619  2755 W Summariser:   quality: 23
06-30 03:42:00.971 32619  2755 W Summariser:   speed: medium
06-30 03:42:00.971 32619  2755 W Summariser:   freeze duration: 1.00
06-30 03:42:01.056 32619  2755 W NearbyFragment: Sending 20200312_193628!003.mp4 to Nexus 5X [34d8]
06-30 03:42:19.314 32619 32619 W NearbyFragment: Completed downloading 20200312_193728!002.mp4 from Endpoint{id=jfM6, name=Nexus 5X [34d8]} in 06.961s
06-30 03:42:21.654 32619  2829 W Summariser: Whole video is active
06-30 03:42:22.158 32619  2829 W Summariser: Summarisation completed
06-30 03:42:22.158 32619  2829 W Summariser:   filename: 20200312_193728!002.mp4
06-30 03:42:22.158 32619  2829 W Summariser:   active sections: -1
06-30 03:42:22.158 32619  2829 W Summariser:   time: 02.622s
06-30 03:42:22.158 32619  2829 W Summariser:   original duration: 16.01
06-30 03:42:22.158 32619  2829 W Summariser:   summarised duration: 16.01
06-30 03:42:22.158 32619  2829 W Summariser:   noise tolerance: 45.00
06-30 03:42:22.158 32619  2829 W Summariser:   quality: 23
06-30 03:42:22.158 32619  2829 W Summariser:   speed: medium
06-30 03:42:22.158 32619  2829 W Summariser:   freeze duration: 1.00
06-30 03:42:22.284 32619  2829 W NearbyFragment: Sending 20200312_193728!002.mp4 to Nexus 5X [34d8]
06-30 03:43:25.425 32619 32628 W System  : A resource failed to call close. 
06-30 03:43:25.434 32619 32628 W System  : A resource failed to call close. 
06-30 03:43:26.082 32619 32619 W NearbyFragment: Completed downloading 20200312_193828!001.mp4 from Endpoint{id=jfM6, name=Nexus 5X [34d8]} in 07.291s
06-30 03:43:28.395 32619  2868 W Summariser: No activity detected
06-30 03:43:28.452 32619  2868 W Summariser: Summarisation completed
06-30 03:43:28.452 32619  2868 W Summariser:   filename: 20200312_193828!001.mp4
06-30 03:43:28.452 32619  2868 W Summariser:   active sections: 0
06-30 03:43:28.452 32619  2868 W Summariser:   time: 02.191s
06-30 03:43:28.452 32619  2868 W Summariser:   original duration: 16.01
06-30 03:43:28.452 32619  2868 W Summariser:   summarised duration: -1.00
06-30 03:43:28.452 32619  2868 W Summariser:   noise tolerance: 45.00
06-30 03:43:28.452 32619  2868 W Summariser:   quality: 23
06-30 03:43:28.452 32619  2868 W Summariser:   speed: medium
06-30 03:43:28.452 32619  2868 W Summariser:   freeze duration: 1.00
06-30 03:43:37.707 32619 32619 W NearbyFragment: Completed downloading 20200312_193828!003.mp4 from Endpoint{id=jfM6, name=Nexus 5X [34d8]} in 08.869s
06-30 03:43:39.522 32619  2899 W Summariser: No activity detected
06-30 03:43:39.569 32619  2899 W Summariser: Summarisation completed
06-30 03:43:39.569 32619  2899 W Summariser:   filename: 20200312_193828!003.mp4
06-30 03:43:39.569 32619  2899 W Summariser:   active sections: 0
06-30 03:43:39.569 32619  2899 W Summariser:   time: 01.722s
06-30 03:43:39.569 32619  2899 W Summariser:   original duration: 12.01
06-30 03:43:39.569 32619  2899 W Summariser:   summarised duration: -1.00
06-30 03:43:39.569 32619  2899 W Summariser:   noise tolerance: 45.00
06-30 03:43:39.569 32619  2899 W Summariser:   quality: 23
06-30 03:43:39.569 32619  2899 W Summariser:   speed: medium
06-30 03:43:39.569 32619  2899 W Summariser:   freeze duration: 1.00
06-30 03:43:54.015 32619 32619 W NearbyFragment: Completed downloading 20200312_193928!002.mp4 from Endpoint{id=jfM6, name=Nexus 5X [34d8]} in 03.681s
06-30 03:43:56.377 32619  2935 W Summariser: No activity detected
06-30 03:43:56.423 32619  2935 W Summariser: Summarisation completed
06-30 03:43:56.423 32619  2935 W Summariser:   filename: 20200312_193928!002.mp4
06-30 03:43:56.423 32619  2935 W Summariser:   active sections: 0
06-30 03:43:56.423 32619  2935 W Summariser:   time: 02.252s
06-30 03:43:56.423 32619  2935 W Summariser:   original duration: 16.06
06-30 03:43:56.423 32619  2935 W Summariser:   summarised duration: -1.00
06-30 03:43:56.423 32619  2935 W Summariser:   noise tolerance: 45.00
06-30 03:43:56.423 32619  2935 W Summariser:   quality: 23
06-30 03:43:56.423 32619  2935 W Summariser:   speed: medium
06-30 03:43:56.423 32619  2935 W Summariser:   freeze duration: 1.00
06-30 03:44:08.870 32619 32619 W NearbyFragment: Completed downloading 20200312_194129!000.mp4 from Endpoint{id=jfM6, name=Nexus 5X [34d8]} in 03.348s
06-30 03:44:11.169 32619  2968 W Summariser: No activity detected
06-30 03:44:11.214 32619  2968 W Summariser: Summarisation completed
06-30 03:44:11.214 32619  2968 W Summariser:   filename: 20200312_194129!000.mp4
06-30 03:44:11.214 32619  2968 W Summariser:   active sections: 0
06-30 03:44:11.214 32619  2968 W Summariser:   time: 02.199s
06-30 03:44:11.214 32619  2968 W Summariser:   original duration: 16.07
06-30 03:44:11.214 32619  2968 W Summariser:   summarised duration: -1.00
06-30 03:44:11.214 32619  2968 W Summariser:   noise tolerance: 45.00
06-30 03:44:11.214 32619  2968 W Summariser:   quality: 23
06-30 03:44:11.214 32619  2968 W Summariser:   speed: medium
06-30 03:44:11.214 32619  2968 W Summariser:   freeze duration: 1.00
06-30 03:44:32.126 32619 32619 W NearbyFragment: Completed downloading 20200312_194129!003.mp4 from Endpoint{id=jfM6, name=Nexus 5X [34d8]} in 02.142s
06-30 03:44:33.974 32619  3006 W Summariser: 1 active sections found
06-30 03:44:35.201 32619  3006 W Summariser: Summarisation completed
06-30 03:44:35.201 32619  3006 W Summariser:   filename: 20200312_194129!003.mp4
06-30 03:44:35.201 32619  3006 W Summariser:   active sections: 1
06-30 03:44:35.201 32619  3006 W Summariser:   time: 02.828s
06-30 03:44:35.201 32619  3006 W Summariser:   original duration: 12.03
06-30 03:44:35.201 32619  3006 W Summariser:   summarised duration: 0.70
06-30 03:44:35.201 32619  3006 W Summariser:   noise tolerance: 45.00
06-30 03:44:35.201 32619  3006 W Summariser:   quality: 23
06-30 03:44:35.201 32619  3006 W Summariser:   speed: medium
06-30 03:44:35.201 32619  3006 W Summariser:   freeze duration: 1.00
06-30 03:44:35.287 32619  3006 W NearbyFragment: Sending 20200312_194129!003.mp4 to Nexus 5X [34d8]
06-30 03:45:13.295 32619 32619 W NearbyFragment: Completed downloading 20200312_194229!001.mp4 from Endpoint{id=jfM6, name=Nexus 5X [34d8]} in 03.995s
06-30 03:45:15.701 32619  3090 W Summariser: 2 active sections found
06-30 03:45:24.649 32619  3090 W Summariser: Summarisation completed
06-30 03:45:24.649 32619  3090 W Summariser:   filename: 20200312_194229!001.mp4
06-30 03:45:24.649 32619  3090 W Summariser:   active sections: 2
06-30 03:45:24.649 32619  3090 W Summariser:   time: 11.045s
06-30 03:45:24.649 32619  3090 W Summariser:   original duration: 16.01
06-30 03:45:24.649 32619  3090 W Summariser:   summarised duration: 8.74
06-30 03:45:24.649 32619  3090 W Summariser:   noise tolerance: 45.00
06-30 03:45:24.649 32619  3090 W Summariser:   quality: 23
06-30 03:45:24.649 32619  3090 W Summariser:   speed: medium
06-30 03:45:24.649 32619  3090 W Summariser:   freeze duration: 1.00
06-30 03:45:24.784 32619  3090 W NearbyFragment: Sending 20200312_194229!001.mp4 to Nexus 5X [34d8]
06-30 03:45:36.362 32619 32619 W NearbyFragment: Completed downloading 20200312_194330!001.mp4 from Endpoint{id=jfM6, name=Nexus 5X [34d8]} in 03.220s
06-30 03:45:38.653 32619  3170 W Summariser: No activity detected
06-30 03:45:38.689 32619  3170 W Summariser: Summarisation completed
06-30 03:45:38.689 32619  3170 W Summariser:   filename: 20200312_194330!001.mp4
06-30 03:45:38.689 32619  3170 W Summariser:   active sections: 0
06-30 03:45:38.689 32619  3170 W Summariser:   time: 02.186s
06-30 03:45:38.689 32619  3170 W Summariser:   original duration: 16.01
06-30 03:45:38.689 32619  3170 W Summariser:   summarised duration: -1.00
06-30 03:45:38.689 32619  3170 W Summariser:   noise tolerance: 45.00
06-30 03:45:38.689 32619  3170 W Summariser:   quality: 23
06-30 03:45:38.689 32619  3170 W Summariser:   speed: medium
06-30 03:45:38.689 32619  3170 W Summariser:   freeze duration: 1.00
06-30 03:45:58.864 32619 32619 W NearbyFragment: Completed downloading 20200312_194730!000.mp4 from Endpoint{id=jfM6, name=Nexus 5X [34d8]} in 02.895s
06-30 03:46:01.223 32619  3240 W Summariser: No activity detected
06-30 03:46:01.247 32619  3240 W Summariser: Summarisation completed
06-30 03:46:01.247 32619  3240 W Summariser:   filename: 20200312_194730!000.mp4
06-30 03:46:01.247 32619  3240 W Summariser:   active sections: 0
06-30 03:46:01.247 32619  3240 W Summariser:   time: 02.259s
06-30 03:46:01.247 32619  3240 W Summariser:   original duration: 16.07
06-30 03:46:01.247 32619  3240 W Summariser:   summarised duration: -1.00
06-30 03:46:01.247 32619  3240 W Summariser:   noise tolerance: 45.00
06-30 03:46:01.247 32619  3240 W Summariser:   quality: 23
06-30 03:46:01.247 32619  3240 W Summariser:   speed: medium
06-30 03:46:01.247 32619  3240 W Summariser:   freeze duration: 1.00
06-30 03:46:25.219 32619 32619 W NearbyFragment: Completed downloading 20200312_194730!003.mp4 from Endpoint{id=jfM6, name=Nexus 5X [34d8]} in 02.082s
06-30 03:46:25.304 32619 32628 W System  : A resource failed to call close. 
06-30 03:46:25.307 32619 32628 W System  : A resource failed to call close. 
06-30 03:46:25.322 32619 32628 W System  : A resource failed to call close. 
06-30 03:46:25.330 32619 32628 W System  : A resource failed to call close. 
06-30 03:46:27.010 32619  3310 W Summariser: No activity detected
06-30 03:46:27.056 32619  3310 W Summariser: Summarisation completed
06-30 03:46:27.056 32619  3310 W Summariser:   filename: 20200312_194730!003.mp4
06-30 03:46:27.056 32619  3310 W Summariser:   active sections: 0
06-30 03:46:27.056 32619  3310 W Summariser:   time: 01.697s
06-30 03:46:27.056 32619  3310 W Summariser:   original duration: 12.03
06-30 03:46:27.056 32619  3310 W Summariser:   summarised duration: -1.00
06-30 03:46:27.056 32619  3310 W Summariser:   noise tolerance: 45.00
06-30 03:46:27.056 32619  3310 W Summariser:   quality: 23
06-30 03:46:27.056 32619  3310 W Summariser:   speed: medium
06-30 03:46:27.056 32619  3310 W Summariser:   freeze duration: 1.00
06-30 03:47:10.500 32619 32619 W NearbyFragment: Completed downloading 20200312_194830!002.mp4 from Endpoint{id=jfM6, name=Nexus 5X [34d8]} in 03.043s
06-30 03:47:12.913 32619  3406 W Summariser: 2 active sections found
06-30 03:47:22.313 32619  3406 W Summariser: Summarisation completed
06-30 03:47:22.313 32619  3406 W Summariser:   filename: 20200312_194830!002.mp4
06-30 03:47:22.313 32619  3406 W Summariser:   active sections: 2
06-30 03:47:22.313 32619  3406 W Summariser:   time: 11.526s
06-30 03:47:22.313 32619  3406 W Summariser:   original duration: 16.01
06-30 03:47:22.313 32619  3406 W Summariser:   summarised duration: 8.84
06-30 03:47:22.313 32619  3406 W Summariser:   noise tolerance: 45.00
06-30 03:47:22.313 32619  3406 W Summariser:   quality: 23
06-30 03:47:22.313 32619  3406 W Summariser:   speed: medium
06-30 03:47:22.313 32619  3406 W Summariser:   freeze duration: 1.00
06-30 03:47:22.391 32619  3406 W NearbyFragment: Sending 20200312_194830!002.mp4 to Nexus 5X [34d8]
06-30 03:47:30.553 32619 32619 W NearbyFragment: Completed downloading 20200312_194930!000.mp4 from Endpoint{id=jfM6, name=Nexus 5X [34d8]} in 03.638s
06-30 03:47:32.946 32619  3479 W Summariser: 1 active sections found
06-30 03:47:42.653 32619  3479 W Summariser: Summarisation completed
06-30 03:47:42.653 32619  3479 W Summariser:   filename: 20200312_194930!000.mp4
06-30 03:47:42.653 32619  3479 W Summariser:   active sections: 1
06-30 03:47:42.653 32619  3479 W Summariser:   time: 11.868s
06-30 03:47:42.653 32619  3479 W Summariser:   original duration: 16.07
06-30 03:47:42.653 32619  3479 W Summariser:   summarised duration: 9.36
06-30 03:47:42.653 32619  3479 W Summariser:   noise tolerance: 45.00
06-30 03:47:42.653 32619  3479 W Summariser:   quality: 23
06-30 03:47:42.653 32619  3479 W Summariser:   speed: medium
06-30 03:47:42.653 32619  3479 W Summariser:   freeze duration: 1.00
06-30 03:47:42.744 32619  3479 W NearbyFragment: Sending 20200312_194930!000.mp4 to Nexus 5X [34d8]
06-30 03:47:48.082 32619 32632 W example.edgesu: JNI critical lock held for 67.528ms on Thread[10,tid=32632,Runnable,Thread*=0x7311eb6400,peer=0x13540670,"Binder:32619_2"]
06-30 03:47:48.886 32619 32619 W NearbyFragment: Completed downloading 20200312_194930!003.mp4 from Endpoint{id=jfM6, name=Nexus 5X [34d8]} in 04.131s
06-30 03:47:50.792 32619  3651 W Summariser: 1 active sections found
06-30 03:48:01.664 32619  3651 W Summariser: Summarisation completed
06-30 03:48:01.664 32619  3651 W Summariser:   filename: 20200312_194930!003.mp4
06-30 03:48:01.664 32619  3651 W Summariser:   active sections: 1
06-30 03:48:01.664 32619  3651 W Summariser:   time: 12.549s
06-30 03:48:01.664 32619  3651 W Summariser:   original duration: 12.01
06-30 03:48:01.664 32619  3651 W Summariser:   summarised duration: 10.95
06-30 03:48:01.664 32619  3651 W Summariser:   noise tolerance: 45.00
06-30 03:48:01.664 32619  3651 W Summariser:   quality: 23
06-30 03:48:01.664 32619  3651 W Summariser:   speed: medium
06-30 03:48:01.664 32619  3651 W Summariser:   freeze duration: 1.00
06-30 03:48:01.736 32619  3651 W NearbyFragment: Sending 20200312_194930!003.mp4 to Nexus 5X [34d8]
06-30 03:48:04.461 32619 32619 W NearbyFragment: Completed downloading 20200312_195230!003.mp4 from Endpoint{id=jfM6, name=Nexus 5X [34d8]} in 02.639s
06-30 03:48:06.332 32619  3722 W Summariser: No activity detected
06-30 03:48:06.377 32619  3722 W Summariser: Summarisation completed
06-30 03:48:06.377 32619  3722 W Summariser:   filename: 20200312_195230!003.mp4
06-30 03:48:06.377 32619  3722 W Summariser:   active sections: 0
06-30 03:48:06.377 32619  3722 W Summariser:   time: 01.759s
06-30 03:48:06.377 32619  3722 W Summariser:   original duration: 12.01
06-30 03:48:06.377 32619  3722 W Summariser:   summarised duration: -1.00
06-30 03:48:06.377 32619  3722 W Summariser:   noise tolerance: 45.00
06-30 03:48:06.377 32619  3722 W Summariser:   quality: 23
06-30 03:48:06.377 32619  3722 W Summariser:   speed: medium
06-30 03:48:06.377 32619  3722 W Summariser:   freeze duration: 1.00
06-30 03:48:35.535 32619 32619 W NearbyFragment: Completed downloading 20200312_195330!001.mp4 from Endpoint{id=jfM6, name=Nexus 5X [34d8]} in 09.421s
06-30 03:48:37.837 32619  3760 W Summariser: 2 active sections found
06-30 03:48:48.448 32619  3760 W Summariser: Summarisation completed
06-30 03:48:48.448 32619  3760 W Summariser:   filename: 20200312_195330!001.mp4
06-30 03:48:48.448 32619  3760 W Summariser:   active sections: 2
06-30 03:48:48.448 32619  3760 W Summariser:   time: 12.648s
06-30 03:48:48.448 32619  3760 W Summariser:   original duration: 16.02
06-30 03:48:48.448 32619  3760 W Summariser:   summarised duration: 10.91
06-30 03:48:48.448 32619  3760 W Summariser:   noise tolerance: 45.00
06-30 03:48:48.448 32619  3760 W Summariser:   quality: 23
06-30 03:48:48.448 32619  3760 W Summariser:   speed: medium
06-30 03:48:48.448 32619  3760 W Summariser:   freeze duration: 1.00
06-30 03:48:48.581 32619  3760 W NearbyFragment: Sending 20200312_195330!001.mp4 to Nexus 5X [34d8]
06-30 03:49:05.909 32619 32619 W NearbyFragment: Completed downloading 20200312_195430!000.mp4 from Endpoint{id=jfM6, name=Nexus 5X [34d8]} in 02.540s
06-30 03:49:08.211 32619  3869 W Summariser: 1 active sections found
06-30 03:49:13.900 32619  3869 W Summariser: Summarisation completed
06-30 03:49:13.900 32619  3869 W Summariser:   filename: 20200312_195430!000.mp4
06-30 03:49:13.900 32619  3869 W Summariser:   active sections: 1
06-30 03:49:13.900 32619  3869 W Summariser:   time: 07.757s
06-30 03:49:13.900 32619  3869 W Summariser:   original duration: 16.06
06-30 03:49:13.900 32619  3869 W Summariser:   summarised duration: 5.34
06-30 03:49:13.900 32619  3869 W Summariser:   noise tolerance: 45.00
06-30 03:49:13.900 32619  3869 W Summariser:   quality: 23
06-30 03:49:13.900 32619  3869 W Summariser:   speed: medium
06-30 03:49:13.900 32619  3869 W Summariser:   freeze duration: 1.00
06-30 03:49:13.994 32619  3869 W NearbyFragment: Sending 20200312_195430!000.mp4 to Nexus 5X [34d8]
06-30 03:49:15.727 32619 32628 W System  : A resource failed to call close. 
06-30 03:49:15.731 32619 32628 W System  : A resource failed to call close. 
06-30 03:49:16.810 32619 32619 W NearbyFragment: Completed downloading 20200312_195430!002.mp4 from Endpoint{id=jfM6, name=Nexus 5X [34d8]} in 02.757s
06-30 03:49:19.088 32619  3984 W Summariser: 2 active sections found
06-30 03:49:24.920 32619  3984 W Summariser: Summarisation completed
06-30 03:49:24.920 32619  3984 W Summariser:   filename: 20200312_195430!002.mp4
06-30 03:49:24.920 32619  3984 W Summariser:   active sections: 2
06-30 03:49:24.920 32619  3984 W Summariser:   time: 07.886s
06-30 03:49:24.920 32619  3984 W Summariser:   original duration: 16.01
06-30 03:49:24.920 32619  3984 W Summariser:   summarised duration: 6.17
06-30 03:49:24.920 32619  3984 W Summariser:   noise tolerance: 45.00
06-30 03:49:24.920 32619  3984 W Summariser:   quality: 23
06-30 03:49:24.920 32619  3984 W Summariser:   speed: medium
06-30 03:49:24.920 32619  3984 W Summariser:   freeze duration: 1.00
06-30 03:49:25.001 32619  3984 W NearbyFragment: Sending 20200312_195430!002.mp4 to Nexus 5X [34d8]
