--------- beginning of main
--------- beginning of system
07-06 00:48:45.769 10326 10326 W LogFactory: Truncating log tag length as it exceed 23, the limit imposed by Android on certain API Levels
07-06 00:48:49.153 10326 10326 E TransferService: No notification is passed in the intent. Unable to transition to foreground.
07-06 00:51:36.237 10326 10326 W NearbyFragment: Completed downloading 20200312_150643!003.mp4 from Endpoint{id=vMbk, name=Galaxy S8 [2802]} in 10.004s
07-06 00:51:36.572 10326 10653 W mobile-ffmpeg: [graph 0 input from stream 0:0 @ 0x755ac22640] sws_param option is deprecated and ignored
07-06 00:51:38.640 10326 10652 W Summariser: No activity detected
07-06 00:51:38.691 10326 10652 W Summariser: Summarisation completed
07-06 00:51:38.691 10326 10652 W Summariser:   filename: 20200312_150643!003.mp4
07-06 00:51:38.691 10326 10652 W Summariser:   active sections: 0
07-06 00:51:38.691 10326 10652 W Summariser:   time: 02.295s
07-06 00:51:38.691 10326 10652 W Summariser:   original duration: 12.01
07-06 00:51:38.691 10326 10652 W Summariser:   summarised duration: -1.00
07-06 00:51:38.691 10326 10652 W Summariser:   noise tolerance: 45.00
07-06 00:51:38.691 10326 10652 W Summariser:   quality: 23
07-06 00:51:38.691 10326 10652 W Summariser:   speed: medium
07-06 00:51:38.691 10326 10652 W Summariser:   freeze duration: 1.00
07-06 00:51:59.918 10326 10326 W NearbyFragment: Completed downloading 20200312_150744!003.mp4 from Endpoint{id=vMbk, name=Galaxy S8 [2802]} in 06.321s
07-06 00:52:00.106 10326 10653 W mobile-ffmpeg: [graph 0 input from stream 0:0 @ 0x755ac22640] sws_param option is deprecated and ignored
07-06 00:52:02.219 10326 10685 W Summariser: 1 active sections found
07-06 00:52:02.347 10326 10653 W mobile-ffmpeg: [graph 0 input from stream 0:0 @ 0x755ac22580] sws_param option is deprecated and ignored
07-06 00:52:13.610 10326 10685 W Summariser: Summarisation completed
07-06 00:52:13.610 10326 10685 W Summariser:   filename: 20200312_150744!003.mp4
07-06 00:52:13.610 10326 10685 W Summariser:   active sections: 1
07-06 00:52:13.610 10326 10685 W Summariser:   time: 13.533s
07-06 00:52:13.610 10326 10685 W Summariser:   original duration: 12.03
07-06 00:52:13.610 10326 10685 W Summariser:   summarised duration: 4.89
07-06 00:52:13.610 10326 10685 W Summariser:   noise tolerance: 45.00
07-06 00:52:13.610 10326 10685 W Summariser:   quality: 23
07-06 00:52:13.610 10326 10685 W Summariser:   speed: medium
07-06 00:52:13.610 10326 10685 W Summariser:   freeze duration: 1.00
07-06 00:52:13.664 10326 10685 W NearbyFragment: Sending 20200312_150744!003.mp4 to Galaxy S8 [2802]
07-06 00:52:22.983 10326 10326 W NearbyFragment: Completed downloading 20200312_150844!002.mp4 from Endpoint{id=vMbk, name=Galaxy S8 [2802]} in 08.825s
07-06 00:52:23.403 10326 10653 W mobile-ffmpeg: [graph 0 input from stream 0:0 @ 0x755ac22640] sws_param option is deprecated and ignored
07-06 00:52:26.509 10326 10740 W Summariser: Whole video is active
07-06 00:52:27.234 10326 10740 W Summariser: Summarisation completed
07-06 00:52:27.234 10326 10740 W Summariser:   filename: 20200312_150844!002.mp4
07-06 00:52:27.234 10326 10740 W Summariser:   active sections: -1
07-06 00:52:27.234 10326 10740 W Summariser:   time: 03.840s
07-06 00:52:27.234 10326 10740 W Summariser:   original duration: 16.01
07-06 00:52:27.234 10326 10740 W Summariser:   summarised duration: 16.01
07-06 00:52:27.234 10326 10740 W Summariser:   noise tolerance: 45.00
07-06 00:52:27.234 10326 10740 W Summariser:   quality: 23
07-06 00:52:27.234 10326 10740 W Summariser:   speed: medium
07-06 00:52:27.234 10326 10740 W Summariser:   freeze duration: 1.00
07-06 00:52:27.298 10326 10740 W NearbyFragment: Sending 20200312_150844!002.mp4 to Galaxy S8 [2802]
07-06 00:53:09.394 10326 10326 W NearbyFragment: Completed downloading 20200312_150944!002.mp4 from Endpoint{id=vMbk, name=Galaxy S8 [2802]} in 04.376s
07-06 00:53:09.589 10326 10653 W mobile-ffmpeg: [graph 0 input from stream 0:0 @ 0x755ac22640] sws_param option is deprecated and ignored
07-06 00:53:12.436 10326 10775 W Summariser: No activity detected
07-06 00:53:12.496 10326 10775 W Summariser: Summarisation completed
07-06 00:53:12.496 10326 10775 W Summariser:   filename: 20200312_150944!002.mp4
07-06 00:53:12.496 10326 10775 W Summariser:   active sections: 0
07-06 00:53:12.496 10326 10775 W Summariser:   time: 02.977s
07-06 00:53:12.496 10326 10775 W Summariser:   original duration: 16.01
07-06 00:53:12.496 10326 10775 W Summariser:   summarised duration: -1.00
07-06 00:53:12.496 10326 10775 W Summariser:   noise tolerance: 45.00
07-06 00:53:12.496 10326 10775 W Summariser:   quality: 23
07-06 00:53:12.496 10326 10775 W Summariser:   speed: medium
07-06 00:53:12.496 10326 10775 W Summariser:   freeze duration: 1.00
07-06 00:53:33.680 10326 10326 W NearbyFragment: Completed downloading 20200312_151044!001.mp4 from Endpoint{id=vMbk, name=Galaxy S8 [2802]} in 13.000s
07-06 00:53:33.888 10326 10653 W mobile-ffmpeg: [graph 0 input from stream 0:0 @ 0x755ac22400] sws_param option is deprecated and ignored
07-06 00:53:36.787 10326 10804 W Summariser: No activity detected
07-06 00:53:36.847 10326 10804 W Summariser: Summarisation completed
07-06 00:53:36.847 10326 10804 W Summariser:   filename: 20200312_151044!001.mp4
07-06 00:53:36.847 10326 10804 W Summariser:   active sections: 0
07-06 00:53:36.847 10326 10804 W Summariser:   time: 03.041s
07-06 00:53:36.847 10326 10804 W Summariser:   original duration: 16.02
07-06 00:53:36.847 10326 10804 W Summariser:   summarised duration: -1.00
07-06 00:53:36.847 10326 10804 W Summariser:   noise tolerance: 45.00
07-06 00:53:36.847 10326 10804 W Summariser:   quality: 23
07-06 00:53:36.847 10326 10804 W Summariser:   speed: medium
07-06 00:53:36.847 10326 10804 W Summariser:   freeze duration: 1.00
07-06 00:53:59.785 10326 10326 W NearbyFragment: Completed downloading 20200312_193528!001.mp4 from Endpoint{id=vMbk, name=Galaxy S8 [2802]} in 09.509s
07-06 00:53:59.913 10326 10653 W mobile-ffmpeg: [graph 0 input from stream 0:0 @ 0x755ac22400] sws_param option is deprecated and ignored
07-06 00:54:02.830 10326 10832 W Summariser: No activity detected
07-06 00:54:02.870 10326 10832 W Summariser: Summarisation completed
07-06 00:54:02.870 10326 10832 W Summariser:   filename: 20200312_193528!001.mp4
07-06 00:54:02.870 10326 10832 W Summariser:   active sections: 0
07-06 00:54:02.870 10326 10832 W Summariser:   time: 02.995s
07-06 00:54:02.870 10326 10832 W Summariser:   original duration: 16.01
07-06 00:54:02.870 10326 10832 W Summariser:   summarised duration: -1.00
07-06 00:54:02.870 10326 10832 W Summariser:   noise tolerance: 45.00
07-06 00:54:02.870 10326 10832 W Summariser:   quality: 23
07-06 00:54:02.870 10326 10832 W Summariser:   speed: medium
07-06 00:54:02.870 10326 10832 W Summariser:   freeze duration: 1.00
07-06 00:54:30.403 10326 10326 W NearbyFragment: Completed downloading 20200312_193628!002.mp4 from Endpoint{id=vMbk, name=Galaxy S8 [2802]} in 09.494s
07-06 00:54:30.626 10326 10653 W mobile-ffmpeg: [graph 0 input from stream 0:0 @ 0x755ac22400] sws_param option is deprecated and ignored
07-06 00:54:33.579 10326 10856 W Summariser: No activity detected
07-06 00:54:33.635 10326 10856 W Summariser: Summarisation completed
07-06 00:54:33.635 10326 10856 W Summariser:   filename: 20200312_193628!002.mp4
07-06 00:54:33.635 10326 10856 W Summariser:   active sections: 0
07-06 00:54:33.635 10326 10856 W Summariser:   time: 03.090s
07-06 00:54:33.635 10326 10856 W Summariser:   original duration: 16.02
07-06 00:54:33.635 10326 10856 W Summariser:   summarised duration: -1.00
07-06 00:54:33.635 10326 10856 W Summariser:   noise tolerance: 45.00
07-06 00:54:33.635 10326 10856 W Summariser:   quality: 23
07-06 00:54:33.635 10326 10856 W Summariser:   speed: medium
07-06 00:54:33.635 10326 10856 W Summariser:   freeze duration: 1.00
07-06 00:54:53.363 10326 10326 W NearbyFragment: Completed downloading 20200312_193728!001.mp4 from Endpoint{id=vMbk, name=Galaxy S8 [2802]} in 04.823s
07-06 00:54:53.526 10326 10653 W mobile-ffmpeg: [graph 0 input from stream 0:0 @ 0x755ac22400] sws_param option is deprecated and ignored
07-06 00:54:56.500 10326 10882 W Summariser: Whole video is active
07-06 00:54:57.101 10326 10882 W Summariser: Summarisation completed
07-06 00:54:57.101 10326 10882 W Summariser:   filename: 20200312_193728!001.mp4
07-06 00:54:57.101 10326 10882 W Summariser:   active sections: -1
07-06 00:54:57.101 10326 10882 W Summariser:   time: 03.562s
07-06 00:54:57.101 10326 10882 W Summariser:   original duration: 16.01
07-06 00:54:57.101 10326 10882 W Summariser:   summarised duration: 16.01
07-06 00:54:57.101 10326 10882 W Summariser:   noise tolerance: 45.00
07-06 00:54:57.101 10326 10882 W Summariser:   quality: 23
07-06 00:54:57.101 10326 10882 W Summariser:   speed: medium
07-06 00:54:57.101 10326 10882 W Summariser:   freeze duration: 1.00
07-06 00:54:57.143 10326 10882 W NearbyFragment: Sending 20200312_193728!001.mp4 to Galaxy S8 [2802]
07-06 00:55:50.229 10326 10326 W NearbyFragment: Completed downloading 20200312_193828!002.mp4 from Endpoint{id=vMbk, name=Galaxy S8 [2802]} in 04.344s
07-06 00:55:50.461 10326 10653 W mobile-ffmpeg: [graph 0 input from stream 0:0 @ 0x755ac22400] sws_param option is deprecated and ignored
07-06 00:55:53.307 10326 10922 W Summariser: No activity detected
07-06 00:55:53.364 10326 10922 W Summariser: Summarisation completed
07-06 00:55:53.364 10326 10922 W Summariser:   filename: 20200312_193828!002.mp4
07-06 00:55:53.364 10326 10922 W Summariser:   active sections: 0
07-06 00:55:53.364 10326 10922 W Summariser:   time: 02.984s
07-06 00:55:53.364 10326 10922 W Summariser:   original duration: 16.01
07-06 00:55:53.364 10326 10922 W Summariser:   summarised duration: -1.00
07-06 00:55:53.364 10326 10922 W Summariser:   noise tolerance: 45.00
07-06 00:55:53.364 10326 10922 W Summariser:   quality: 23
07-06 00:55:53.364 10326 10922 W Summariser:   speed: medium
07-06 00:55:53.364 10326 10922 W Summariser:   freeze duration: 1.00
07-06 00:56:08.296 10326 10326 W NearbyFragment: Completed downloading 20200312_193928!001.mp4 from Endpoint{id=vMbk, name=Galaxy S8 [2802]} in 10.773s
07-06 00:56:08.458 10326 10653 W mobile-ffmpeg: [graph 0 input from stream 0:0 @ 0x755ac22400] sws_param option is deprecated and ignored
07-06 00:56:11.383 10326 10947 W Summariser: No activity detected
07-06 00:56:11.463 10326 10947 W Summariser: Summarisation completed
07-06 00:56:11.463 10326 10947 W Summariser:   filename: 20200312_193928!001.mp4
07-06 00:56:11.463 10326 10947 W Summariser:   active sections: 0
07-06 00:56:11.463 10326 10947 W Summariser:   time: 03.038s
07-06 00:56:11.463 10326 10947 W Summariser:   original duration: 16.05
07-06 00:56:11.463 10326 10947 W Summariser:   summarised duration: -1.00
07-06 00:56:11.463 10326 10947 W Summariser:   noise tolerance: 45.00
07-06 00:56:11.463 10326 10947 W Summariser:   quality: 23
07-06 00:56:11.463 10326 10947 W Summariser:   speed: medium
07-06 00:56:11.463 10326 10947 W Summariser:   freeze duration: 1.00
07-06 00:56:35.836 10326 10326 W NearbyFragment: Completed downloading 20200312_194129!001.mp4 from Endpoint{id=vMbk, name=Galaxy S8 [2802]} in 10.918s
07-06 00:56:36.045 10326 10653 W mobile-ffmpeg: [graph 0 input from stream 0:0 @ 0x755ac22400] sws_param option is deprecated and ignored
07-06 00:56:39.080 10326 10973 W Summariser: 1 active sections found
07-06 00:56:39.174 10326 10653 W mobile-ffmpeg: [graph 0 input from stream 0:0 @ 0x755ac22340] sws_param option is deprecated and ignored
07-06 00:56:47.358 10326 10973 W Summariser: Summarisation completed
07-06 00:56:47.358 10326 10973 W Summariser:   filename: 20200312_194129!001.mp4
07-06 00:56:47.358 10326 10973 W Summariser:   active sections: 1
07-06 00:56:47.358 10326 10973 W Summariser:   time: 11.349s
07-06 00:56:47.358 10326 10973 W Summariser:   original duration: 16.02
07-06 00:56:47.358 10326 10973 W Summariser:   summarised duration: 2.97
07-06 00:56:47.358 10326 10973 W Summariser:   noise tolerance: 45.00
07-06 00:56:47.358 10326 10973 W Summariser:   quality: 23
07-06 00:56:47.358 10326 10973 W Summariser:   speed: medium
07-06 00:56:47.358 10326 10973 W Summariser:   freeze duration: 1.00
07-06 00:56:47.397 10326 10973 W NearbyFragment: Sending 20200312_194129!001.mp4 to Galaxy S8 [2802]
07-06 00:57:05.392 10326 10326 W NearbyFragment: Completed downloading 20200312_194229!001.mp4 from Endpoint{id=vMbk, name=Galaxy S8 [2802]} in 14.529s
07-06 00:57:05.615 10326 10653 W mobile-ffmpeg: [graph 0 input from stream 0:0 @ 0x755ac22400] sws_param option is deprecated and ignored
07-06 00:57:08.808 10326 11025 W Summariser: 2 active sections found
07-06 00:57:08.923 10326 10653 W mobile-ffmpeg: [graph 0 input from stream 0:0 @ 0x755ac22640] sws_param option is deprecated and ignored
07-06 00:57:08.923 10326 10653 W mobile-ffmpeg: [graph 0 input from stream 0:0 @ 0x755ac227c0] sws_param option is deprecated and ignored
07-06 00:57:28.870 10326 11025 W Summariser: Summarisation completed
07-06 00:57:28.870 10326 11025 W Summariser:   filename: 20200312_194229!001.mp4
07-06 00:57:28.870 10326 11025 W Summariser:   active sections: 2
07-06 00:57:28.870 10326 11025 W Summariser:   time: 23.264s
07-06 00:57:28.870 10326 11025 W Summariser:   original duration: 16.01
07-06 00:57:28.870 10326 11025 W Summariser:   summarised duration: 8.74
07-06 00:57:28.870 10326 11025 W Summariser:   noise tolerance: 45.00
07-06 00:57:28.870 10326 11025 W Summariser:   quality: 23
07-06 00:57:28.870 10326 11025 W Summariser:   speed: medium
07-06 00:57:28.870 10326 11025 W Summariser:   freeze duration: 1.00
07-06 00:57:28.925 10326 11025 W NearbyFragment: Sending 20200312_194229!001.mp4 to Galaxy S8 [2802]
07-06 00:58:10.351 10326 10326 W NearbyFragment: Completed downloading 20200312_194730!000.mp4 from Endpoint{id=vMbk, name=Galaxy S8 [2802]} in 27.426s
07-06 00:58:10.577 10326 10653 W mobile-ffmpeg: [graph 0 input from stream 0:0 @ 0x755ac22400] sws_param option is deprecated and ignored
07-06 00:58:13.494 10326 11084 W Summariser: No activity detected
07-06 00:58:13.536 10326 11084 W Summariser: Summarisation completed
07-06 00:58:13.536 10326 11084 W Summariser:   filename: 20200312_194730!000.mp4
07-06 00:58:13.536 10326 11084 W Summariser:   active sections: 0
07-06 00:58:13.536 10326 11084 W Summariser:   time: 03.024s
07-06 00:58:13.536 10326 11084 W Summariser:   original duration: 16.07
07-06 00:58:13.536 10326 11084 W Summariser:   summarised duration: -1.00
07-06 00:58:13.536 10326 11084 W Summariser:   noise tolerance: 45.00
07-06 00:58:13.536 10326 11084 W Summariser:   quality: 23
07-06 00:58:13.536 10326 11084 W Summariser:   speed: medium
07-06 00:58:13.536 10326 11084 W Summariser:   freeze duration: 1.00
07-06 00:59:20.054 10326 10326 W NearbyFragment: Completed downloading 20200312_194830!003.mp4 from Endpoint{id=vMbk, name=Galaxy S8 [2802]} in 65.899s
07-06 00:59:20.241 10326 10653 W mobile-ffmpeg: [graph 0 input from stream 0:0 @ 0x755ac22400] sws_param option is deprecated and ignored
07-06 00:59:22.381 10326 11119 W Summariser: No activity detected
07-06 00:59:22.423 10326 11119 W Summariser: Summarisation completed
07-06 00:59:22.423 10326 11119 W Summariser:   filename: 20200312_194830!003.mp4
07-06 00:59:22.423 10326 11119 W Summariser:   active sections: 0
07-06 00:59:22.423 10326 11119 W Summariser:   time: 02.257s
07-06 00:59:22.423 10326 11119 W Summariser:   original duration: 11.98
07-06 00:59:22.423 10326 11119 W Summariser:   summarised duration: -1.00
07-06 00:59:22.423 10326 11119 W Summariser:   noise tolerance: 45.00
07-06 00:59:22.423 10326 11119 W Summariser:   quality: 23
07-06 00:59:22.423 10326 11119 W Summariser:   speed: medium
07-06 00:59:22.423 10326 11119 W Summariser:   freeze duration: 1.00
07-06 01:00:28.265 10326 10326 W NearbyFragment: Completed downloading 20200312_195330!002.mp4 from Endpoint{id=vMbk, name=Galaxy S8 [2802]} in 65.783s
07-06 01:00:28.460 10326 10653 W mobile-ffmpeg: [graph 0 input from stream 0:0 @ 0x755ac22400] sws_param option is deprecated and ignored
07-06 01:00:31.403 10326 11153 W Summariser: 2 active sections found
07-06 01:00:31.505 10326 10653 W mobile-ffmpeg: [graph 0 input from stream 0:0 @ 0x755ac22400] sws_param option is deprecated and ignored
07-06 01:00:31.505 10326 10653 W mobile-ffmpeg: [graph 0 input from stream 0:0 @ 0x755ac227c0] sws_param option is deprecated and ignored
07-06 01:00:49.048 10326 11153 W Summariser: Summarisation completed
07-06 01:00:49.048 10326 11153 W Summariser:   filename: 20200312_195330!002.mp4
07-06 01:00:49.048 10326 11153 W Summariser:   active sections: 2
07-06 01:00:49.048 10326 11153 W Summariser:   time: 20.613s
07-06 01:00:49.048 10326 11153 W Summariser:   original duration: 16.01
07-06 01:00:49.048 10326 11153 W Summariser:   summarised duration: 9.07
07-06 01:00:49.048 10326 11153 W Summariser:   noise tolerance: 45.00
07-06 01:00:49.048 10326 11153 W Summariser:   quality: 23
07-06 01:00:49.048 10326 11153 W Summariser:   speed: medium
07-06 01:00:49.048 10326 11153 W Summariser:   freeze duration: 1.00
07-06 01:00:49.087 10326 11153 W NearbyFragment: Sending 20200312_195330!002.mp4 to Galaxy S8 [2802]
