07-05 23:59:29.806 14538 15709 I System.out: (HTTPLog)-Static: isSBSettingEnabled false
07-05 23:59:29.807 14538 15709 I System.out: (HTTPLog)-Static: isSBSettingEnabled false
07-05 23:59:29.871 14538 15709 I System.out: (HTTPLog)-Thread-2951-18494672: getTransferStream : ContentLength=69990400, method=GET, HTTPVersion=http/1.1
07-05 23:59:33.261 14538 14547 W System  : A resource failed to call close. 
07-05 23:59:33.294 14538 14547 I chatty  : uid=10568(com.example.edgesum) FinalizerDaemon identical 23 lines
07-05 23:59:33.295 14538 14547 W System  : A resource failed to call close. 
07-05 23:59:50.619 14538 14538 V NearbyFragment: Transfer to Endpoint{id=w2Lc, name=Nexus 5 [1825]} complete
07-05 23:59:50.802 14538 14538 D NearbyFragment: onPayloadReceived(endpointId=w2Lc, payload=com.google.android.gms.nearby.connection.Payload@d200cc9)
07-05 23:59:50.805 14538 14538 D NearbyFragment: Endpoint{id=w2Lc, name=Nexus 5 [1825]} has finished downloading 20200312_193728.mp4
07-05 23:59:50.808 14538 14538 V VideoManager: Retrieving video from /storage/emulated/0/Movies/raw/20200312_193728.mp4
07-05 23:59:50.835 14538 14538 V VideoManager: videoFromCursor
07-05 23:59:50.841 14538 14538 V ProcessingVideosEventHandler: onAdd
07-05 23:59:50.842 14538 14538 V RawFootageEventHandler: onRemove
07-05 23:59:50.843 14538 14538 I NearbyFragment: Transfer queue is empty
07-05 23:59:50.856 14538 14538 V NearbyFragment: Transfer to Endpoint{id=w2Lc, name=Nexus 5 [1825]} complete
07-05 23:59:59.166 14538 15709 V VideoManager: Retrieving video from /storage/emulated/0/Movies/raw/20200312_193828.mp4
07-05 23:59:59.203 14538 15709 D VideoManager: videoCursor is null
07-05 23:59:59.305 14538 15709 V VideoManager: videoFromCursor
07-05 23:59:59.310 14538 15709 W DashDownloadManager: Successfully downloaded 20200312_193828.mp4 in 29.371s
07-05 23:59:59.310 14538 15709 V DownloadTestVideosTask: Entering callback for download completion of 20200312_193828.mp4
07-05 23:59:59.311 14538 15709 V RawFootageEventHandler: onAdd
07-05 23:59:59.314 14538 15709 V NearbyFragment: nextTransfer with selected algorithm: least_busy
07-05 23:59:59.318 14538 15709 W NearbyFragment: Sending 20200312_193828.mp4 to Nexus 5X [9c8f]
07-05 23:59:59.333 14538 14538 V NearbyFragment: Transfer to Endpoint{id=weVh, name=Nexus 5X [9c8f]} complete
07-06 00:00:00.323 14538 15709 V DownloadTestVideosTask: Starting DownloadTestVideosTask
07-06 00:00:00.327 14538 15709 V DashDownloadManager: Started downloading: 20200312_193928.mp4
07-06 00:00:00.333 14538 15709 I System.out: (HTTPLog)-Static: isSBSettingEnabled false
07-06 00:00:00.334 14538 15709 I System.out: (HTTPLog)-Static: isSBSettingEnabled false
07-06 00:00:00.387 14538 15709 I System.out: (HTTPLog)-Thread-2951-39836427: getTransferStream : ContentLength=69990400, method=GET, HTTPVersion=http/1.1
07-06 00:00:17.082 14538 14538 V NearbyFragment: Transfer to Endpoint{id=weVh, name=Nexus 5X [9c8f]} complete
07-06 00:00:17.262 14538 14538 D NearbyFragment: onPayloadReceived(endpointId=weVh, payload=com.google.android.gms.nearby.connection.Payload@d0fcde8)
07-06 00:00:17.264 14538 14538 D NearbyFragment: Endpoint{id=weVh, name=Nexus 5X [9c8f]} has finished downloading 20200312_193828.mp4
07-06 00:00:17.266 14538 14538 V VideoManager: Retrieving video from /storage/emulated/0/Movies/raw/20200312_193828.mp4
07-06 00:00:17.285 14538 14538 V VideoManager: videoFromCursor
07-06 00:00:17.290 14538 14538 V ProcessingVideosEventHandler: onAdd
07-06 00:00:17.291 14538 14538 V RawFootageEventHandler: onRemove
07-06 00:00:17.294 14538 14538 I NearbyFragment: Transfer queue is empty
07-06 00:00:17.312 14538 14538 V NearbyFragment: Transfer to Endpoint{id=weVh, name=Nexus 5X [9c8f]} complete
07-06 00:00:18.121 14538 14538 D NearbyFragment: onPayloadReceived(endpointId=Qd2N, payload=com.google.android.gms.nearby.connection.Payload@8af1ce7)
07-06 00:00:18.122 14538 14538 V NearbyFragment: Started downloading 20200312_193628.mp4 from Endpoint{id=Qd2N, name=Nexus 5X [34d8]}
07-06 00:00:18.123 14538 14538 I NearbyFragment: Transfer queue is empty
07-06 00:00:18.156 14538 14538 V NearbyFragment: Transfer to Endpoint{id=Qd2N, name=Nexus 5X [34d8]} complete
07-06 00:00:18.382 14538 14538 D NearbyFragment: onPayloadReceived(endpointId=Qd2N, payload=com.google.android.gms.nearby.connection.Payload@f07e094)
07-06 00:00:18.934 14538 14538 V NearbyFragment: Transfer to Endpoint{id=Qd2N, name=Nexus 5X [34d8]} complete
07-06 00:00:18.940 14538 14538 W NearbyFragment: Completed downloading 20200312_193628.mp4 from Endpoint{id=Qd2N, name=Nexus 5X [34d8]} in 00.813s
07-06 00:00:19.023 14538 14538 V VideoManager: Retrieving video from /storage/emulated/0/Movies/summarised/20200312_193628.mp4
07-06 00:00:19.041 14538 14538 D VideoManager: videoCursor is null
07-06 00:00:19.122 14538 14538 V VideoManager: videoFromCursor
07-06 00:00:19.127 14538 14538 V SummarisedVideosEventHandler: onAdd
07-06 00:00:19.127 14538 14538 V ProcessingVideosEventHandler: removeByName
07-06 00:00:22.554 14538 14538 D NearbyFragment: onPayloadReceived(endpointId=w2Lc, payload=com.google.android.gms.nearby.connection.Payload@16fa3a9)
07-06 00:00:22.555 14538 14538 V NearbyFragment: Started downloading 20200312_193728.mp4 from Endpoint{id=w2Lc, name=Nexus 5 [1825]}
07-06 00:00:22.556 14538 14538 I NearbyFragment: Transfer queue is empty
07-06 00:00:22.557 14538 14538 V NearbyFragment: Transfer to Endpoint{id=w2Lc, name=Nexus 5 [1825]} complete
07-06 00:00:22.579 14538 14538 D NearbyFragment: onPayloadReceived(endpointId=w2Lc, payload=com.google.android.gms.nearby.connection.Payload@e1c5d2e)
07-06 00:00:26.962 14538 15709 V VideoManager: Retrieving video from /storage/emulated/0/Movies/raw/20200312_193928.mp4
07-06 00:00:26.985 14538 15709 D VideoManager: videoCursor is null
07-06 00:00:27.066 14538 15709 V VideoManager: videoFromCursor
07-06 00:00:27.070 14538 15709 W DashDownloadManager: Successfully downloaded 20200312_193928.mp4 in 26.633s
07-06 00:00:27.071 14538 15709 V DownloadTestVideosTask: Entering callback for download completion of 20200312_193928.mp4
07-06 00:00:27.072 14538 15709 V RawFootageEventHandler: onAdd
07-06 00:00:27.076 14538 15709 V NearbyFragment: nextTransfer with selected algorithm: least_busy
07-06 00:00:27.080 14538 15709 W NearbyFragment: Sending 20200312_193928.mp4 to Nexus 5X [34d8]
07-06 00:00:27.101 14538 14538 V NearbyFragment: Transfer to Endpoint{id=Qd2N, name=Nexus 5X [34d8]} complete
07-06 00:00:28.086 14538 15709 V DownloadTestVideosTask: Starting DownloadTestVideosTask
07-06 00:00:28.090 14538 15709 V DashDownloadManager: Started downloading: 20200312_194129.mp4
07-06 00:00:28.094 14538 15709 I System.out: (HTTPLog)-Static: isSBSettingEnabled false
07-06 00:00:28.095 14538 15709 I System.out: (HTTPLog)-Static: isSBSettingEnabled false
07-06 00:00:28.167 14538 15709 I System.out: (HTTPLog)-Thread-2951-194321978: getTransferStream : ContentLength=69990400, method=GET, HTTPVersion=http/1.1
07-06 00:00:45.365 14538 14538 V NearbyFragment: Transfer to Endpoint{id=Qd2N, name=Nexus 5X [34d8]} complete
07-06 00:00:45.555 14538 14538 D NearbyFragment: onPayloadReceived(endpointId=Qd2N, payload=com.google.android.gms.nearby.connection.Payload@88fbaeb)
07-06 00:00:45.558 14538 14538 D NearbyFragment: Endpoint{id=Qd2N, name=Nexus 5X [34d8]} has finished downloading 20200312_193928.mp4
07-06 00:00:45.560 14538 14538 V VideoManager: Retrieving video from /storage/emulated/0/Movies/raw/20200312_193928.mp4
07-06 00:00:45.575 14538 14538 V VideoManager: videoFromCursor
07-06 00:00:45.580 14538 14538 V ProcessingVideosEventHandler: onAdd
07-06 00:00:45.581 14538 14538 V RawFootageEventHandler: onRemove
07-06 00:00:45.583 14538 14538 I NearbyFragment: Transfer queue is empty
07-06 00:00:45.841 14538 14538 V NearbyFragment: Transfer to Endpoint{id=Qd2N, name=Nexus 5X [34d8]} complete
07-06 00:01:02.263 14538 14538 V NearbyFragment: Transfer to Endpoint{id=w2Lc, name=Nexus 5 [1825]} complete
07-06 00:01:02.266 14538 14538 W NearbyFragment: Completed downloading 20200312_193728.mp4 from Endpoint{id=w2Lc, name=Nexus 5 [1825]} in 39.709s
07-06 00:01:04.128 14538 14538 V VideoManager: Retrieving video from /storage/emulated/0/Movies/summarised/20200312_193728.mp4
07-06 00:01:04.138 14538 14538 D VideoManager: videoCursor is null
07-06 00:01:04.240 14538 14538 V VideoManager: videoFromCursor
07-06 00:01:04.246 14538 14538 V SummarisedVideosEventHandler: onAdd
07-06 00:01:04.246 14538 14538 V ProcessingVideosEventHandler: removeByName
07-06 00:01:05.077 14538 14538 D NearbyFragment: onPayloadReceived(endpointId=weVh, payload=com.google.android.gms.nearby.connection.Payload@fadf28d)
07-06 00:01:05.078 14538 14538 V NearbyFragment: Started downloading 20200312_193828.mp4 from Endpoint{id=weVh, name=Nexus 5X [9c8f]}
07-06 00:01:05.079 14538 14538 I NearbyFragment: Transfer queue is empty
07-06 00:01:05.108 14538 14538 V NearbyFragment: Transfer to Endpoint{id=weVh, name=Nexus 5X [9c8f]} complete
07-06 00:01:05.234 14538 14538 D NearbyFragment: onPayloadReceived(endpointId=weVh, payload=com.google.android.gms.nearby.connection.Payload@3056c42)
07-06 00:01:06.069 14538 14538 D NearbyFragment: onPayloadReceived(endpointId=Qd2N, payload=com.google.android.gms.nearby.connection.Payload@d576453)
07-06 00:01:06.070 14538 14538 D NearbyFragment: 20200312_193928.mp4 from Endpoint{id=Qd2N, name=Nexus 5X [34d8]} contained no activity
07-06 00:01:06.071 14538 14538 V VideoManager: Retrieving video from /storage/emulated/0/Movies/raw/20200312_193928.mp4
07-06 00:01:06.096 14538 14538 V VideoManager: videoFromCursor
07-06 00:01:06.102 14538 14538 V ProcessingVideosEventHandler: onRemove
07-06 00:01:06.103 14538 14538 I NearbyFragment: Transfer queue is empty
07-06 00:01:06.130 14538 14538 V NearbyFragment: Transfer to Endpoint{id=Qd2N, name=Nexus 5X [34d8]} complete
07-06 00:01:08.426 14538 14538 V NearbyFragment: Transfer to Endpoint{id=weVh, name=Nexus 5X [9c8f]} complete
07-06 00:01:08.427 14538 14538 W NearbyFragment: Completed downloading 20200312_193828.mp4 from Endpoint{id=weVh, name=Nexus 5X [9c8f]} in 03.348s
07-06 00:01:08.624 14538 14538 V VideoManager: Retrieving video from /storage/emulated/0/Movies/summarised/20200312_193828.mp4
07-06 00:01:08.636 14538 14538 D VideoManager: videoCursor is null
07-06 00:01:08.695 14538 15709 V VideoManager: Retrieving video from /storage/emulated/0/Movies/raw/20200312_194129.mp4
07-06 00:01:08.697 14538 14538 V VideoManager: videoFromCursor
07-06 00:01:08.702 14538 14538 V SummarisedVideosEventHandler: onAdd
07-06 00:01:08.702 14538 14538 V ProcessingVideosEventHandler: removeByName
07-06 00:01:08.711 14538 15709 D VideoManager: videoCursor is null
07-06 00:01:08.752 14538 15709 V VideoManager: videoFromCursor
07-06 00:01:08.758 14538 15709 W DashDownloadManager: Successfully downloaded 20200312_194129.mp4 in 40.604s
07-06 00:01:08.759 14538 15709 V DownloadTestVideosTask: Entering callback for download completion of 20200312_194129.mp4
07-06 00:01:08.760 14538 15709 V RawFootageEventHandler: onAdd
07-06 00:01:08.767 14538 15709 V NearbyFragment: nextTransfer with selected algorithm: least_busy
07-06 00:01:08.775 14538 15709 W NearbyFragment: Sending 20200312_194129.mp4 to Nexus 5X [34d8]
07-06 00:01:09.056 14538 14538 V NearbyFragment: Transfer to Endpoint{id=Qd2N, name=Nexus 5X [34d8]} complete
07-06 00:01:09.786 14538 15709 V DownloadTestVideosTask: Starting DownloadTestVideosTask
07-06 00:01:09.789 14538 15709 V DashDownloadManager: Started downloading: 20200312_194229.mp4
07-06 00:01:09.793 14538 15709 I System.out: (HTTPLog)-Static: isSBSettingEnabled false
07-06 00:01:09.794 14538 15709 I System.out: (HTTPLog)-Static: isSBSettingEnabled false
07-06 00:01:09.803 14538 15709 I System.out: (HTTPLog)-Thread-2951-121257147: getTransferStream : ContentLength=69990400, method=GET, HTTPVersion=http/1.1
07-06 00:01:27.008 14538 14538 V NearbyFragment: Transfer to Endpoint{id=Qd2N, name=Nexus 5X [34d8]} complete
07-06 00:01:27.148 14538 14538 D NearbyFragment: onPayloadReceived(endpointId=Qd2N, payload=com.google.android.gms.nearby.connection.Payload@5ef05d8)
07-06 00:01:27.151 14538 14538 D NearbyFragment: Endpoint{id=Qd2N, name=Nexus 5X [34d8]} has finished downloading 20200312_194129.mp4
07-06 00:01:27.155 14538 14538 V VideoManager: Retrieving video from /storage/emulated/0/Movies/raw/20200312_194129.mp4
07-06 00:01:27.175 14538 14538 V VideoManager: videoFromCursor
07-06 00:01:27.181 14538 14538 V ProcessingVideosEventHandler: onAdd
07-06 00:01:27.181 14538 14538 V RawFootageEventHandler: onRemove
07-06 00:01:27.183 14538 14538 I NearbyFragment: Transfer queue is empty
07-06 00:01:27.416 14538 14538 V NearbyFragment: Transfer to Endpoint{id=Qd2N, name=Nexus 5X [34d8]} complete
07-06 00:01:36.178 14538 15709 V VideoManager: Retrieving video from /storage/emulated/0/Movies/raw/20200312_194229.mp4
07-06 00:01:36.193 14538 15709 D VideoManager: videoCursor is null
07-06 00:01:36.251 14538 15709 V VideoManager: videoFromCursor
07-06 00:01:36.256 14538 15709 W DashDownloadManager: Successfully downloaded 20200312_194229.mp4 in 26.388s
07-06 00:01:36.257 14538 15709 V DownloadTestVideosTask: Entering callback for download completion of 20200312_194229.mp4
07-06 00:01:36.258 14538 15709 V RawFootageEventHandler: onAdd
07-06 00:01:36.260 14538 15709 V NearbyFragment: nextTransfer with selected algorithm: least_busy
07-06 00:01:36.264 14538 15709 W NearbyFragment: Sending 20200312_194229.mp4 to Nexus 5 [1825]
07-06 00:01:36.280 14538 14538 V NearbyFragment: Transfer to Endpoint{id=w2Lc, name=Nexus 5 [1825]} complete
07-06 00:01:37.269 14538 15709 V DownloadTestVideosTask: Starting DownloadTestVideosTask
07-06 00:01:37.279 14538 15709 V DashDownloadManager: Started downloading: 20200312_194330.mp4
07-06 00:01:37.293 14538 15709 I System.out: (HTTPLog)-Static: isSBSettingEnabled false
07-06 00:01:37.294 14538 15709 I System.out: (HTTPLog)-Static: isSBSettingEnabled false
07-06 00:01:37.369 14538 15709 I System.out: (HTTPLog)-Thread-2951-3683234: getTransferStream : ContentLength=69990400, method=GET, HTTPVersion=http/1.1
07-06 00:02:00.445 14538 14538 V NearbyFragment: Transfer to Endpoint{id=w2Lc, name=Nexus 5 [1825]} complete
07-06 00:02:00.765 14538 14538 D NearbyFragment: onPayloadReceived(endpointId=w2Lc, payload=com.google.android.gms.nearby.connection.Payload@8f58833)
07-06 00:02:00.770 14538 14538 D NearbyFragment: Endpoint{id=w2Lc, name=Nexus 5 [1825]} has finished downloading 20200312_194229.mp4
07-06 00:02:00.772 14538 14538 V VideoManager: Retrieving video from /storage/emulated/0/Movies/raw/20200312_194229.mp4
07-06 00:02:00.788 14538 14538 V VideoManager: videoFromCursor
07-06 00:02:00.794 14538 14538 V ProcessingVideosEventHandler: onAdd
07-06 00:02:00.795 14538 14538 V RawFootageEventHandler: onRemove
07-06 00:02:00.797 14538 14538 I NearbyFragment: Transfer queue is empty
07-06 00:02:01.125 14538 14538 V NearbyFragment: Transfer to Endpoint{id=w2Lc, name=Nexus 5 [1825]} complete
07-06 00:02:06.591 14538 15709 V VideoManager: Retrieving video from /storage/emulated/0/Movies/raw/20200312_194330.mp4
07-06 00:02:06.601 14538 15709 D VideoManager: videoCursor is null
07-06 00:02:06.661 14538 15709 V VideoManager: videoFromCursor
07-06 00:02:06.665 14538 15709 W DashDownloadManager: Successfully downloaded 20200312_194330.mp4 in 29.310s
07-06 00:02:06.666 14538 15709 V DownloadTestVideosTask: Entering callback for download completion of 20200312_194330.mp4
07-06 00:02:06.666 14538 15709 V RawFootageEventHandler: onAdd
07-06 00:02:06.668 14538 15709 V NearbyFragment: nextTransfer with selected algorithm: least_busy
07-06 00:02:06.671 14538 15709 W NearbyFragment: Sending 20200312_194330.mp4 to Nexus 5X [9c8f]
07-06 00:02:06.686 14538 14538 V NearbyFragment: Transfer to Endpoint{id=weVh, name=Nexus 5X [9c8f]} complete
07-06 00:02:07.676 14538 15709 V DownloadTestVideosTask: Starting DownloadTestVideosTask
07-06 00:02:07.680 14538 15709 V DashDownloadManager: Started downloading: 20200312_194730.mp4
07-06 00:02:07.685 14538 15709 I System.out: (HTTPLog)-Static: isSBSettingEnabled false
07-06 00:02:07.686 14538 15709 I System.out: (HTTPLog)-Static: isSBSettingEnabled false
07-06 00:02:07.733 14538 15709 I System.out: (HTTPLog)-Thread-2951-252570405: getTransferStream : ContentLength=69990400, method=GET, HTTPVersion=http/1.1
07-06 00:02:23.971 14538 14538 V NearbyFragment: Transfer to Endpoint{id=weVh, name=Nexus 5X [9c8f]} complete
07-06 00:02:24.332 14538 14538 D NearbyFragment: onPayloadReceived(endpointId=weVh, payload=com.google.android.gms.nearby.connection.Payload@a3094fa)
07-06 00:02:24.334 14538 14538 D NearbyFragment: Endpoint{id=weVh, name=Nexus 5X [9c8f]} has finished downloading 20200312_194330.mp4
07-06 00:02:24.335 14538 14538 V VideoManager: Retrieving video from /storage/emulated/0/Movies/raw/20200312_194330.mp4
07-06 00:02:24.350 14538 14538 V VideoManager: videoFromCursor
07-06 00:02:24.354 14538 14538 V ProcessingVideosEventHandler: onAdd
07-06 00:02:24.355 14538 14538 V RawFootageEventHandler: onRemove
07-06 00:02:24.359 14538 14538 I NearbyFragment: Transfer queue is empty
07-06 00:02:24.382 14538 14538 V NearbyFragment: Transfer to Endpoint{id=weVh, name=Nexus 5X [9c8f]} complete
07-06 00:02:34.258 14538 15709 V VideoManager: Retrieving video from /storage/emulated/0/Movies/raw/20200312_194730.mp4
07-06 00:02:34.280 14538 15709 D VideoManager: videoCursor is null
07-06 00:02:34.406 14538 15709 V VideoManager: videoFromCursor
07-06 00:02:34.411 14538 15709 W DashDownloadManager: Successfully downloaded 20200312_194730.mp4 in 26.577s
07-06 00:02:34.412 14538 15709 V DownloadTestVideosTask: Entering callback for download completion of 20200312_194730.mp4
07-06 00:02:34.413 14538 15709 V RawFootageEventHandler: onAdd
07-06 00:02:34.415 14538 15709 V NearbyFragment: nextTransfer with selected algorithm: least_busy
07-06 00:02:34.419 14538 15709 W NearbyFragment: Sending 20200312_194730.mp4 to Nexus 5X [34d8]
07-06 00:02:34.439 14538 14538 V NearbyFragment: Transfer to Endpoint{id=Qd2N, name=Nexus 5X [34d8]} complete
07-06 00:02:34.823 14538 14538 D NearbyFragment: onPayloadReceived(endpointId=Qd2N, payload=com.google.android.gms.nearby.connection.Payload@2d8f9b4)
07-06 00:02:34.827 14538 14538 V NearbyFragment: Started downloading 20200312_194129.mp4 from Endpoint{id=Qd2N, name=Nexus 5X [34d8]}
07-06 00:02:34.830 14538 14538 I NearbyFragment: Transfer queue is empty
07-06 00:02:34.834 14538 14538 V NearbyFragment: Transfer to Endpoint{id=Qd2N, name=Nexus 5X [34d8]} complete
07-06 00:02:34.867 14538 14538 D NearbyFragment: onPayloadReceived(endpointId=Qd2N, payload=com.google.android.gms.nearby.connection.Payload@7af59dd)
07-06 00:02:35.425 14538 15709 V DownloadTestVideosTask: Starting DownloadTestVideosTask
07-06 00:02:35.437 14538 15709 V DashDownloadManager: Started downloading: 20200312_194830.mp4
07-06 00:02:35.453 14538 15709 I System.out: (HTTPLog)-Static: isSBSettingEnabled false
07-06 00:02:35.455 14538 15709 I System.out: (HTTPLog)-Static: isSBSettingEnabled false
07-06 00:02:35.497 14538 15709 I System.out: (HTTPLog)-Thread-2951-16304466: getTransferStream : ContentLength=69990400, method=GET, HTTPVersion=http/1.1
07-06 00:02:35.871 14538 14538 V NearbyFragment: Transfer to Endpoint{id=Qd2N, name=Nexus 5X [34d8]} complete
07-06 00:02:35.873 14538 14538 W NearbyFragment: Completed downloading 20200312_194129.mp4 from Endpoint{id=Qd2N, name=Nexus 5X [34d8]} in 01.043s
07-06 00:02:35.949 14538 14538 V VideoManager: Retrieving video from /storage/emulated/0/Movies/summarised/20200312_194129.mp4
07-06 00:02:35.961 14538 14538 D VideoManager: videoCursor is null
07-06 00:02:35.994 14538 14538 V VideoManager: videoFromCursor
07-06 00:02:35.996 14538 14538 V SummarisedVideosEventHandler: onAdd
07-06 00:02:35.997 14538 14538 V ProcessingVideosEventHandler: removeByName
07-06 00:02:38.037 14538 14538 D NearbyFragment: onPayloadReceived(endpointId=weVh, payload=com.google.android.gms.nearby.connection.Payload@38bf54e)
07-06 00:02:38.039 14538 14538 D NearbyFragment: 20200312_194330.mp4 from Endpoint{id=weVh, name=Nexus 5X [9c8f]} contained no activity
07-06 00:02:38.041 14538 14538 V VideoManager: Retrieving video from /storage/emulated/0/Movies/raw/20200312_194330.mp4
07-06 00:02:38.056 14538 14538 V VideoManager: videoFromCursor
07-06 00:02:38.061 14538 14538 V ProcessingVideosEventHandler: onRemove
07-06 00:02:38.063 14538 14538 I NearbyFragment: Transfer queue is empty
07-06 00:02:38.065 14538 14538 V NearbyFragment: Transfer to Endpoint{id=weVh, name=Nexus 5X [9c8f]} complete
07-06 00:02:47.561 14538 14538 V NearbyFragment: Transfer to Endpoint{id=Qd2N, name=Nexus 5X [34d8]} complete
07-06 00:02:47.699 14538 14538 D NearbyFragment: onPayloadReceived(endpointId=Qd2N, payload=com.google.android.gms.nearby.connection.Payload@1309f7c)
07-06 00:02:47.701 14538 14538 D NearbyFragment: Endpoint{id=Qd2N, name=Nexus 5X [34d8]} has finished downloading 20200312_194730.mp4
07-06 00:02:47.702 14538 14538 V VideoManager: Retrieving video from /storage/emulated/0/Movies/raw/20200312_194730.mp4
07-06 00:02:47.717 14538 14538 V VideoManager: videoFromCursor
07-06 00:02:47.722 14538 14538 V ProcessingVideosEventHandler: onAdd
07-06 00:02:47.722 14538 14538 V RawFootageEventHandler: onRemove
07-06 00:02:47.723 14538 14538 I NearbyFragment: Transfer queue is empty
07-06 00:02:47.724 14538 14538 V NearbyFragment: Transfer to Endpoint{id=Qd2N, name=Nexus 5X [34d8]} complete
07-06 00:03:00.297 14538 15709 V VideoManager: Retrieving video from /storage/emulated/0/Movies/raw/20200312_194830.mp4
07-06 00:03:00.309 14538 15709 D VideoManager: videoCursor is null
07-06 00:03:00.374 14538 15709 V VideoManager: videoFromCursor
07-06 00:03:00.379 14538 15709 W DashDownloadManager: Successfully downloaded 20200312_194830.mp4 in 24.858s
07-06 00:03:00.380 14538 15709 V DownloadTestVideosTask: Entering callback for download completion of 20200312_194830.mp4
07-06 00:03:00.381 14538 15709 V RawFootageEventHandler: onAdd
07-06 00:03:00.383 14538 15709 V NearbyFragment: nextTransfer with selected algorithm: least_busy
07-06 00:03:00.387 14538 15709 W NearbyFragment: Sending 20200312_194830.mp4 to Nexus 5X [9c8f]
07-06 00:03:00.413 14538 14538 V NearbyFragment: Transfer to Endpoint{id=weVh, name=Nexus 5X [9c8f]} complete
07-06 00:03:01.393 14538 15709 V DownloadTestVideosTask: Starting DownloadTestVideosTask
07-06 00:03:01.398 14538 15709 V DashDownloadManager: Started downloading: 20200312_194930.mp4
07-06 00:03:01.408 14538 15709 I System.out: (HTTPLog)-Static: isSBSettingEnabled false
07-06 00:03:01.409 14538 15709 I System.out: (HTTPLog)-Static: isSBSettingEnabled false
07-06 00:03:01.437 14538 15709 I System.out: (HTTPLog)-Thread-2951-53305382: getTransferStream : ContentLength=69990400, method=GET, HTTPVersion=http/1.1
07-06 00:03:08.324 14538 14538 D NearbyFragment: onPayloadReceived(endpointId=Qd2N, payload=com.google.android.gms.nearby.connection.Payload@101b467)
07-06 00:03:08.326 14538 14538 D NearbyFragment: 20200312_194730.mp4 from Endpoint{id=Qd2N, name=Nexus 5X [34d8]} contained no activity
07-06 00:03:08.330 14538 14538 V VideoManager: Retrieving video from /storage/emulated/0/Movies/raw/20200312_194730.mp4
07-06 00:03:08.344 14538 14538 V VideoManager: videoFromCursor
07-06 00:03:08.350 14538 14538 V ProcessingVideosEventHandler: onRemove
07-06 00:03:08.352 14538 14538 I NearbyFragment: Transfer queue is empty
07-06 00:03:08.354 14538 14538 V NearbyFragment: Transfer to Endpoint{id=Qd2N, name=Nexus 5X [34d8]} complete
07-06 00:03:15.609 14538 14538 V NearbyFragment: Transfer to Endpoint{id=weVh, name=Nexus 5X [9c8f]} complete
07-06 00:03:15.853 14538 14538 D NearbyFragment: onPayloadReceived(endpointId=weVh, payload=com.google.android.gms.nearby.connection.Payload@b430abd)
07-06 00:03:15.855 14538 14538 D NearbyFragment: Endpoint{id=weVh, name=Nexus 5X [9c8f]} has finished downloading 20200312_194830.mp4
07-06 00:03:15.856 14538 14538 V VideoManager: Retrieving video from /storage/emulated/0/Movies/raw/20200312_194830.mp4
07-06 00:03:15.871 14538 14538 V VideoManager: videoFromCursor
07-06 00:03:15.876 14538 14538 V ProcessingVideosEventHandler: onAdd
07-06 00:03:15.877 14538 14538 V RawFootageEventHandler: onRemove
07-06 00:03:15.879 14538 14538 I NearbyFragment: Transfer queue is empty
07-06 00:03:15.881 14538 14538 V NearbyFragment: Transfer to Endpoint{id=weVh, name=Nexus 5X [9c8f]} complete
07-06 00:03:26.853 14538 15709 V VideoManager: Retrieving video from /storage/emulated/0/Movies/raw/20200312_194930.mp4
07-06 00:03:26.878 14538 15709 D VideoManager: videoCursor is null
07-06 00:03:26.945 14538 15709 V VideoManager: videoFromCursor
07-06 00:03:26.950 14538 15709 W DashDownloadManager: Successfully downloaded 20200312_194930.mp4 in 25.455s
07-06 00:03:26.951 14538 15709 V DownloadTestVideosTask: Entering callback for download completion of 20200312_194930.mp4
07-06 00:03:26.952 14538 15709 V RawFootageEventHandler: onAdd
07-06 00:03:26.955 14538 15709 V NearbyFragment: nextTransfer with selected algorithm: least_busy
07-06 00:03:26.958 14538 15709 W NearbyFragment: Sending 20200312_194930.mp4 to Nexus 5X [34d8]
07-06 00:03:26.979 14538 14538 V NearbyFragment: Transfer to Endpoint{id=Qd2N, name=Nexus 5X [34d8]} complete
07-06 00:03:27.964 14538 15709 V DownloadTestVideosTask: Starting DownloadTestVideosTask
07-06 00:03:27.966 14538 15709 V DashDownloadManager: Started downloading: 20200312_195230.mp4
07-06 00:03:27.970 14538 15709 I System.out: (HTTPLog)-Static: isSBSettingEnabled false
07-06 00:03:27.971 14538 15709 I System.out: (HTTPLog)-Static: isSBSettingEnabled false
07-06 00:03:28.152 14538 15709 I System.out: (HTTPLog)-Thread-2951-6736223: getTransferStream : ContentLength=69990400, method=GET, HTTPVersion=http/1.1
07-06 00:03:31.871 14538 14538 D NearbyFragment: onPayloadReceived(endpointId=w2Lc, payload=com.google.android.gms.nearby.connection.Payload@b98dfac)
07-06 00:03:31.872 14538 14538 V NearbyFragment: Started downloading 20200312_194229.mp4 from Endpoint{id=w2Lc, name=Nexus 5 [1825]}
07-06 00:03:31.873 14538 14538 I NearbyFragment: Transfer queue is empty
07-06 00:03:31.873 14538 14538 V NearbyFragment: Transfer to Endpoint{id=w2Lc, name=Nexus 5 [1825]} complete
07-06 00:03:32.374 14538 14538 D NearbyFragment: onPayloadReceived(endpointId=w2Lc, payload=com.google.android.gms.nearby.connection.Payload@f45d475)
07-06 00:03:37.980 14538 14538 V NearbyFragment: Transfer to Endpoint{id=w2Lc, name=Nexus 5 [1825]} complete
07-06 00:03:37.981 14538 14538 W NearbyFragment: Completed downloading 20200312_194229.mp4 from Endpoint{id=w2Lc, name=Nexus 5 [1825]} in 06.108s
07-06 00:03:38.069 14538 14538 V VideoManager: Retrieving video from /storage/emulated/0/Movies/summarised/20200312_194229.mp4
07-06 00:03:38.075 14538 14538 D VideoManager: videoCursor is null
07-06 00:03:38.116 14538 14538 V VideoManager: videoFromCursor
07-06 00:03:38.118 14538 14538 V SummarisedVideosEventHandler: onAdd
07-06 00:03:38.119 14538 14538 V ProcessingVideosEventHandler: removeByName
07-06 00:03:44.686 14538 14538 V NearbyFragment: Transfer to Endpoint{id=Qd2N, name=Nexus 5X [34d8]} complete
07-06 00:03:44.765 14538 14538 D NearbyFragment: onPayloadReceived(endpointId=Qd2N, payload=com.google.android.gms.nearby.connection.Payload@d82ca61)
07-06 00:03:44.767 14538 14538 D NearbyFragment: Endpoint{id=Qd2N, name=Nexus 5X [34d8]} has finished downloading 20200312_194930.mp4
07-06 00:03:44.768 14538 14538 V VideoManager: Retrieving video from /storage/emulated/0/Movies/raw/20200312_194930.mp4
07-06 00:03:44.784 14538 14538 V VideoManager: videoFromCursor
07-06 00:03:44.789 14538 14538 V ProcessingVideosEventHandler: onAdd
07-06 00:03:44.790 14538 14538 V RawFootageEventHandler: onRemove
07-06 00:03:44.792 14538 14538 I NearbyFragment: Transfer queue is empty
07-06 00:03:44.953 14538 14538 V NearbyFragment: Transfer to Endpoint{id=Qd2N, name=Nexus 5X [34d8]} complete
07-06 00:03:54.029 14538 15709 V VideoManager: Retrieving video from /storage/emulated/0/Movies/raw/20200312_195230.mp4
07-06 00:03:54.050 14538 15709 D VideoManager: videoCursor is null
07-06 00:03:54.134 14538 15709 V VideoManager: videoFromCursor
07-06 00:03:54.139 14538 15709 W DashDownloadManager: Successfully downloaded 20200312_195230.mp4 in 26.062s
07-06 00:03:54.139 14538 15709 V DownloadTestVideosTask: Entering callback for download completion of 20200312_195230.mp4
07-06 00:03:54.140 14538 15709 V RawFootageEventHandler: onAdd
07-06 00:03:54.143 14538 15709 V NearbyFragment: nextTransfer with selected algorithm: least_busy
07-06 00:03:54.146 14538 15709 W NearbyFragment: Sending 20200312_195230.mp4 to Nexus 5 [1825]
07-06 00:03:54.161 14538 14538 V NearbyFragment: Transfer to Endpoint{id=w2Lc, name=Nexus 5 [1825]} complete
07-06 00:03:55.152 14538 15709 V DownloadTestVideosTask: Starting DownloadTestVideosTask
07-06 00:03:55.161 14538 15709 V DashDownloadManager: Started downloading: 20200312_195330.mp4
07-06 00:03:55.171 14538 15709 I System.out: (HTTPLog)-Static: isSBSettingEnabled false
07-06 00:03:55.172 14538 15709 I System.out: (HTTPLog)-Static: isSBSettingEnabled false
07-06 00:03:55.361 14538 15709 I System.out: (HTTPLog)-Thread-2951-125365219: getTransferStream : ContentLength=69990400, method=GET, HTTPVersion=http/1.1
07-06 00:04:17.334 14538 14538 V NearbyFragment: Transfer to Endpoint{id=w2Lc, name=Nexus 5 [1825]} complete
07-06 00:04:18.008 14538 14538 D NearbyFragment: onPayloadReceived(endpointId=w2Lc, payload=com.google.android.gms.nearby.connection.Payload@aedc9e0)
07-06 00:04:18.009 14538 14538 D NearbyFragment: Endpoint{id=w2Lc, name=Nexus 5 [1825]} has finished downloading 20200312_195230.mp4
07-06 00:04:18.009 14538 14538 V VideoManager: Retrieving video from /storage/emulated/0/Movies/raw/20200312_195230.mp4
07-06 00:04:18.031 14538 14538 V VideoManager: videoFromCursor
07-06 00:04:18.039 14538 14538 V ProcessingVideosEventHandler: onAdd
07-06 00:04:18.040 14538 14538 V RawFootageEventHandler: onRemove
07-06 00:04:18.041 14538 14538 I NearbyFragment: Transfer queue is empty
07-06 00:04:18.068 14538 14538 V NearbyFragment: Transfer to Endpoint{id=w2Lc, name=Nexus 5 [1825]} complete
07-06 00:04:24.623 14538 15709 V VideoManager: Retrieving video from /storage/emulated/0/Movies/raw/20200312_195330.mp4
07-06 00:04:24.645 14538 15709 D VideoManager: videoCursor is null
07-06 00:04:24.744 14538 15709 V VideoManager: videoFromCursor
07-06 00:04:24.750 14538 15709 W DashDownloadManager: Successfully downloaded 20200312_195330.mp4 in 29.460s
07-06 00:04:24.751 14538 15709 V DownloadTestVideosTask: Entering callback for download completion of 20200312_195330.mp4
07-06 00:04:24.752 14538 15709 V RawFootageEventHandler: onAdd
07-06 00:04:24.754 14538 15709 V NearbyFragment: nextTransfer with selected algorithm: least_busy
07-06 00:04:24.758 14538 15709 W NearbyFragment: Sending 20200312_195330.mp4 to Nexus 5X [34d8]
07-06 00:04:24.780 14538 14538 V NearbyFragment: Transfer to Endpoint{id=Qd2N, name=Nexus 5X [34d8]} complete
07-06 00:04:25.763 14538 15709 V DownloadTestVideosTask: Starting DownloadTestVideosTask
07-06 00:04:25.771 14538 15709 V DashDownloadManager: Started downloading: 20200312_195430.mp4
07-06 00:04:25.783 14538 15709 I System.out: (HTTPLog)-Static: isSBSettingEnabled false
07-06 00:04:25.785 14538 15709 I System.out: (HTTPLog)-Static: isSBSettingEnabled false
07-06 00:04:25.799 14538 15709 I System.out: (HTTPLog)-Thread-2951-260282218: getTransferStream : ContentLength=69990400, method=GET, HTTPVersion=http/1.1
07-06 00:04:48.097 14538 14538 D NearbyFragment: onPayloadReceived(endpointId=weVh, payload=com.google.android.gms.nearby.connection.Payload@925f45b)
07-06 00:04:48.098 14538 14538 V NearbyFragment: Started downloading 20200312_194830.mp4 from Endpoint{id=weVh, name=Nexus 5X [9c8f]}
07-06 00:04:48.099 14538 14538 I NearbyFragment: Transfer queue is empty
07-06 00:04:48.101 14538 14538 V NearbyFragment: Transfer to Endpoint{id=weVh, name=Nexus 5X [9c8f]} complete
07-06 00:04:48.364 14538 14538 D NearbyFragment: onPayloadReceived(endpointId=weVh, payload=com.google.android.gms.nearby.connection.Payload@efef4f8)
07-06 00:04:51.883 14538 14538 V NearbyFragment: Transfer to Endpoint{id=Qd2N, name=Nexus 5X [34d8]} complete
07-06 00:04:52.778 14538 14538 D NearbyFragment: onPayloadReceived(endpointId=Qd2N, payload=com.google.android.gms.nearby.connection.Payload@1020dd1)
07-06 00:04:52.780 14538 14538 D NearbyFragment: Endpoint{id=Qd2N, name=Nexus 5X [34d8]} has finished downloading 20200312_195330.mp4
07-06 00:04:52.781 14538 14538 V VideoManager: Retrieving video from /storage/emulated/0/Movies/raw/20200312_195330.mp4
07-06 00:04:52.795 14538 14538 V VideoManager: videoFromCursor
07-06 00:04:52.800 14538 14538 V ProcessingVideosEventHandler: onAdd
07-06 00:04:52.800 14538 14538 V RawFootageEventHandler: onRemove
07-06 00:04:52.802 14538 14538 I NearbyFragment: Transfer queue is empty
07-06 00:04:52.952 14538 14538 V NearbyFragment: Transfer to Endpoint{id=Qd2N, name=Nexus 5X [34d8]} complete
07-06 00:04:52.981 14538 14538 V NearbyFragment: Transfer to Endpoint{id=weVh, name=Nexus 5X [9c8f]} complete
07-06 00:04:52.983 14538 14538 W NearbyFragment: Completed downloading 20200312_194830.mp4 from Endpoint{id=weVh, name=Nexus 5X [9c8f]} in 04.884s
07-06 00:04:53.159 14538 14538 V VideoManager: Retrieving video from /storage/emulated/0/Movies/summarised/20200312_194830.mp4
07-06 00:04:53.170 14538 14538 D VideoManager: videoCursor is null
07-06 00:04:53.224 14538 14538 V VideoManager: videoFromCursor
07-06 00:04:53.228 14538 14538 V SummarisedVideosEventHandler: onAdd
07-06 00:04:53.228 14538 14538 V ProcessingVideosEventHandler: removeByName
07-06 00:04:54.709 14538 15709 V VideoManager: Retrieving video from /storage/emulated/0/Movies/raw/20200312_195430.mp4
07-06 00:04:54.731 14538 15709 D VideoManager: videoCursor is null
07-06 00:04:54.815 14538 15709 V VideoManager: videoFromCursor
07-06 00:04:54.820 14538 15709 W DashDownloadManager: Successfully downloaded 20200312_195430.mp4 in 28.937s
07-06 00:04:54.820 14538 15709 V DownloadTestVideosTask: Entering callback for download completion of 20200312_195430.mp4
07-06 00:04:54.822 14538 15709 V RawFootageEventHandler: onAdd
07-06 00:04:54.825 14538 15709 V NearbyFragment: nextTransfer with selected algorithm: least_busy
07-06 00:04:54.829 14538 15709 W NearbyFragment: Sending 20200312_195430.mp4 to Nexus 5X [9c8f]
07-06 00:04:54.856 14538 14538 V NearbyFragment: Transfer to Endpoint{id=weVh, name=Nexus 5X [9c8f]} complete
07-06 00:04:55.834 14538 15709 V DownloadTestVideosTask: Starting DownloadTestVideosTask
07-06 00:04:55.842 14538 15709 D DownloadTestVideosTask: No new videos
07-06 00:04:55.842 14538 15709 W NearbyFragment: Stopped downloading from dashcam
07-06 00:05:05.991 14538 14538 V NearbyFragment: Transfer to Endpoint{id=weVh, name=Nexus 5X [9c8f]} complete
07-06 00:05:06.080 14538 14538 D NearbyFragment: onPayloadReceived(endpointId=weVh, payload=com.google.android.gms.nearby.connection.Payload@ab928be)
07-06 00:05:06.083 14538 14538 D NearbyFragment: Endpoint{id=weVh, name=Nexus 5X [9c8f]} has finished downloading 20200312_195430.mp4
07-06 00:05:06.085 14538 14538 V VideoManager: Retrieving video from /storage/emulated/0/Movies/raw/20200312_195430.mp4
07-06 00:05:06.117 14538 14538 V VideoManager: videoFromCursor
07-06 00:05:06.127 14538 14538 V ProcessingVideosEventHandler: onAdd
07-06 00:05:06.128 14538 14538 V RawFootageEventHandler: onRemove
07-06 00:05:06.132 14538 14538 I NearbyFragment: Transfer queue is empty
07-06 00:05:06.135 14538 14538 V NearbyFragment: Transfer to Endpoint{id=weVh, name=Nexus 5X [9c8f]} complete
07-06 00:05:19.480 14538 14538 D NearbyFragment: onPayloadReceived(endpointId=w2Lc, payload=com.google.android.gms.nearby.connection.Payload@a9f7e35)
07-06 00:05:19.483 14538 14538 V NearbyFragment: Started downloading 20200312_195230.mp4 from Endpoint{id=w2Lc, name=Nexus 5 [1825]}
07-06 00:05:19.486 14538 14538 I NearbyFragment: Transfer queue is empty
07-06 00:05:19.488 14538 14538 V NearbyFragment: Transfer to Endpoint{id=w2Lc, name=Nexus 5 [1825]} complete
07-06 00:05:19.545 14538 14538 D NearbyFragment: onPayloadReceived(endpointId=w2Lc, payload=com.google.android.gms.nearby.connection.Payload@5b12ca)
07-06 00:05:19.789 14538 14538 V NearbyFragment: Transfer to Endpoint{id=w2Lc, name=Nexus 5 [1825]} complete
07-06 00:05:19.792 14538 14538 W NearbyFragment: Completed downloading 20200312_195230.mp4 from Endpoint{id=w2Lc, name=Nexus 5 [1825]} in 00.306s
07-06 00:05:19.862 14538 14538 V VideoManager: Retrieving video from /storage/emulated/0/Movies/summarised/20200312_195230.mp4
07-06 00:05:19.874 14538 14538 D VideoManager: videoCursor is null
07-06 00:05:19.936 14538 14538 V VideoManager: videoFromCursor
07-06 00:05:19.941 14538 14538 V SummarisedVideosEventHandler: onAdd
07-06 00:05:19.942 14538 14538 V ProcessingVideosEventHandler: removeByName
07-06 00:05:42.704 14538 14538 D NearbyFragment: onPayloadReceived(endpointId=Qd2N, payload=com.google.android.gms.nearby.connection.Payload@65d8c46)
07-06 00:05:42.705 14538 14538 V NearbyFragment: Started downloading 20200312_194930.mp4 from Endpoint{id=Qd2N, name=Nexus 5X [34d8]}
07-06 00:05:42.706 14538 14538 I NearbyFragment: Transfer queue is empty
07-06 00:05:42.706 14538 14538 V NearbyFragment: Transfer to Endpoint{id=Qd2N, name=Nexus 5X [34d8]} complete
07-06 00:05:42.765 14538 14538 D NearbyFragment: onPayloadReceived(endpointId=Qd2N, payload=com.google.android.gms.nearby.connection.Payload@ab63e07)
07-06 00:05:43.895 14538 14538 V NearbyFragment: Transfer to Endpoint{id=Qd2N, name=Nexus 5X [34d8]} complete
07-06 00:05:43.898 14538 14538 W NearbyFragment: Completed downloading 20200312_194930.mp4 from Endpoint{id=Qd2N, name=Nexus 5X [34d8]} in 01.191s
07-06 00:05:44.057 14538 14538 V VideoManager: Retrieving video from /storage/emulated/0/Movies/summarised/20200312_194930.mp4
07-06 00:05:44.072 14538 14538 D VideoManager: videoCursor is null
07-06 00:05:44.145 14538 14538 V VideoManager: videoFromCursor
07-06 00:05:44.149 14538 14538 V SummarisedVideosEventHandler: onAdd
07-06 00:05:44.149 14538 14538 V ProcessingVideosEventHandler: removeByName
07-06 00:06:39.944 14538 14538 D NearbyFragment: onPayloadReceived(endpointId=weVh, payload=com.google.android.gms.nearby.connection.Payload@996a7d0)
07-06 00:06:39.945 14538 14538 V NearbyFragment: Started downloading 20200312_195430.mp4 from Endpoint{id=weVh, name=Nexus 5X [9c8f]}
07-06 00:06:39.946 14538 14538 I NearbyFragment: Transfer queue is empty
07-06 00:06:39.953 14538 14538 V NearbyFragment: Transfer to Endpoint{id=weVh, name=Nexus 5X [9c8f]} complete
07-06 00:06:40.218 14538 14538 D NearbyFragment: onPayloadReceived(endpointId=weVh, payload=com.google.android.gms.nearby.connection.Payload@72703c9)
07-06 00:06:41.099 14538 14538 V NearbyFragment: Transfer to Endpoint{id=weVh, name=Nexus 5X [9c8f]} complete
07-06 00:06:41.102 14538 14538 W NearbyFragment: Completed downloading 20200312_195430.mp4 from Endpoint{id=weVh, name=Nexus 5X [9c8f]} in 01.154s
07-06 00:06:41.272 14538 14538 V VideoManager: Retrieving video from /storage/emulated/0/Movies/summarised/20200312_195430.mp4
07-06 00:06:41.329 14538 14538 D VideoManager: videoCursor is null
07-06 00:06:41.426 14538 14538 V VideoManager: videoFromCursor
07-06 00:06:41.433 14538 14538 V SummarisedVideosEventHandler: onAdd
07-06 00:06:41.433 14538 14538 V ProcessingVideosEventHandler: removeByName
07-06 00:07:41.883 14538 14538 D NearbyFragment: onPayloadReceived(endpointId=Qd2N, payload=com.google.android.gms.nearby.connection.Payload@58670fc)
07-06 00:07:41.883 14538 14538 V NearbyFragment: Started downloading 20200312_195330.mp4 from Endpoint{id=Qd2N, name=Nexus 5X [34d8]}
07-06 00:07:41.884 14538 14538 I NearbyFragment: Transfer queue is empty
07-06 00:07:41.890 14538 14538 V NearbyFragment: Transfer to Endpoint{id=Qd2N, name=Nexus 5X [34d8]} complete
07-06 00:07:41.932 14538 14538 D NearbyFragment: onPayloadReceived(endpointId=Qd2N, payload=com.google.android.gms.nearby.connection.Payload@f931385)
07-06 00:07:43.190 14538 14538 V NearbyFragment: Transfer to Endpoint{id=Qd2N, name=Nexus 5X [34d8]} complete
07-06 00:07:43.191 14538 14538 W NearbyFragment: Completed downloading 20200312_195330.mp4 from Endpoint{id=Qd2N, name=Nexus 5X [34d8]} in 01.307s
07-06 00:07:43.376 14538 14538 V VideoManager: Retrieving video from /storage/emulated/0/Movies/summarised/20200312_195330.mp4
07-06 00:07:43.425 14538 14538 D VideoManager: videoCursor is null
07-06 00:07:43.518 14538 14538 V VideoManager: videoFromCursor
07-06 00:07:43.522 14538 14538 V SummarisedVideosEventHandler: onAdd
07-06 00:07:43.523 14538 14538 V ProcessingVideosEventHandler: removeByName
