--------- beginning of main
--------- beginning of system
06-28 23:13:56.927 13916 13916 W LogFactory: Truncating log tag length as it exceed 23, the limit imposed by Android on certain API Levels
06-28 23:14:02.742 13916 13916 E TransferService: No notification is passed in the intent. Unable to transition to foreground.
06-28 23:14:02.875 13916 13916 W StaticLayout: maxLineHeight should not be -1.  maxLines:1 lineCount:1
06-28 23:14:02.901 13916 13916 W StaticLayout: maxLineHeight should not be -1.  maxLines:1 lineCount:1
06-28 23:14:02.913 13916 13916 W StaticLayout: maxLineHeight should not be -1.  maxLines:1 lineCount:1
06-28 23:14:02.948 13916 13953 W Adreno-EGL: <qeglDrvAPI_eglGetConfigAttrib:607>: EGL_BAD_ATTRIBUTE
06-28 23:14:02.951 13916 13953 W Adreno-EGL: <qeglDrvAPI_eglGetConfigAttrib:607>: EGL_BAD_ATTRIBUTE
06-28 23:14:02.965 13916 13916 W StaticLayout: maxLineHeight should not be -1.  maxLines:1 lineCount:1
06-28 23:14:02.977 13916 13916 W StaticLayout: maxLineHeight should not be -1.  maxLines:1 lineCount:1
06-28 23:14:59.282 13916 13953 W Adreno-EGL: <qeglDrvAPI_eglGetConfigAttrib:607>: EGL_BAD_ATTRIBUTE
06-28 23:15:13.408 13916 13953 W Adreno-EGL: <qeglDrvAPI_eglGetConfigAttrib:607>: EGL_BAD_ATTRIBUTE
06-28 23:18:39.252 13916 13916 W NearbyFragment: Completed downloading 20200312_150844.mp4 from Endpoint{id=jKt9, name=Nexus 5X [34d8]} in 17.064s
06-28 23:18:39.412 13916 14399 W mobile-ffmpeg: 
06-28 23:18:39.412 13916 14399 W mobile-ffmpeg: [mov,mp4,m4a,3gp,3g2,mj2 @ 0x89f4c600] 
06-28 23:18:39.412 13916 14399 W mobile-ffmpeg: 
06-28 23:18:39.412 13916 14399 W mobile-ffmpeg: Found duplicated MOOV Atom. Skipped it
06-28 23:18:58.469 13916 14394 W Summariser: Whole video is active
06-28 23:19:04.025 13916 14394 W Summariser: Summarisation completed
06-28 23:19:04.025 13916 14394 W Summariser:   filename: 20200312_150844.mp4
06-28 23:19:04.025 13916 14394 W Summariser:   active sections: -1
06-28 23:19:04.025 13916 14394 W Summariser:   time: 24.424s
06-28 23:19:04.025 13916 14394 W Summariser:   original duration: 60.02
06-28 23:19:04.025 13916 14394 W Summariser:   summarised duration: 60.02
06-28 23:19:04.025 13916 14394 W Summariser:   noise tolerance: 45.00
06-28 23:19:04.025 13916 14394 W Summariser:   quality: 23
06-28 23:19:04.025 13916 14394 W Summariser:   speed: medium
06-28 23:19:04.025 13916 14394 W Summariser:   freeze duration: 1.00
06-28 23:19:04.102 13916 14394 W NearbyFragment: Sending 20200312_150844.mp4 to Nexus 5X [34d8]
06-28 23:20:52.949 13916 13916 W NearbyFragment: Completed downloading 20200312_193728.mp4 from Endpoint{id=jKt9, name=Nexus 5X [34d8]} in 15.133s
06-28 23:20:53.016 13916 14399 W mobile-ffmpeg: 
06-28 23:20:53.017 13916 14399 W mobile-ffmpeg: [mov,mp4,m4a,3gp,3g2,mj2 @ 0x8c952e00] 
06-28 23:20:53.017 13916 14399 W mobile-ffmpeg: 
06-28 23:20:53.017 13916 14399 W mobile-ffmpeg: Found duplicated MOOV Atom. Skipped it
06-28 23:21:12.096 13916 14668 W Summariser: Whole video is active
06-28 23:21:17.008 13916 14668 W Summariser: Summarisation completed
06-28 23:21:17.008 13916 14668 W Summariser:   filename: 20200312_193728.mp4
06-28 23:21:17.008 13916 14668 W Summariser:   active sections: -1
06-28 23:21:17.008 13916 14668 W Summariser:   time: 23.775s
06-28 23:21:17.008 13916 14668 W Summariser:   original duration: 60.02
06-28 23:21:17.008 13916 14668 W Summariser:   summarised duration: 60.02
06-28 23:21:17.008 13916 14668 W Summariser:   noise tolerance: 45.00
06-28 23:21:17.008 13916 14668 W Summariser:   quality: 23
06-28 23:21:17.008 13916 14668 W Summariser:   speed: medium
06-28 23:21:17.008 13916 14668 W Summariser:   freeze duration: 1.00
06-28 23:21:17.066 13916 14668 W NearbyFragment: Sending 20200312_193728.mp4 to Nexus 5X [34d8]
06-28 23:22:43.572 13916 13916 W NearbyFragment: Completed downloading 20200312_194229.mp4 from Endpoint{id=jKt9, name=Nexus 5X [34d8]} in 15.085s
06-28 23:22:43.614 13916 14399 W mobile-ffmpeg: 
06-28 23:22:43.615 13916 14399 W mobile-ffmpeg: [mov,mp4,m4a,3gp,3g2,mj2 @ 0x8c953a00] 
06-28 23:22:43.616 13916 14399 W mobile-ffmpeg: 
06-28 23:22:43.616 13916 14399 W mobile-ffmpeg: Found duplicated MOOV Atom. Skipped it
06-28 23:23:06.596 13916 14801 W Summariser: 5 active sections found
06-28 23:23:06.609 13916 14399 W mobile-ffmpeg: 
06-28 23:23:06.609 13916 14399 W mobile-ffmpeg: [mov,mp4,m4a,3gp,3g2,mj2 @ 0x85f7c600] 
06-28 23:23:06.609 13916 14399 W mobile-ffmpeg: 
06-28 23:23:06.610 13916 14399 W mobile-ffmpeg: Found duplicated MOOV Atom. Skipped it
06-28 23:24:16.957 13916 14801 W Summariser: Summarisation completed
06-28 23:24:16.957 13916 14801 W Summariser:   filename: 20200312_194229.mp4
06-28 23:24:16.957 13916 14801 W Summariser:   active sections: 5
06-28 23:24:16.957 13916 14801 W Summariser:   time: 93.074s
06-28 23:24:16.957 13916 14801 W Summariser:   original duration: 60.02
06-28 23:24:16.957 13916 14801 W Summariser:   summarised duration: 15.51
06-28 23:24:16.957 13916 14801 W Summariser:   noise tolerance: 45.00
06-28 23:24:16.957 13916 14801 W Summariser:   quality: 23
06-28 23:24:16.957 13916 14801 W Summariser:   speed: medium
06-28 23:24:16.957 13916 14801 W Summariser:   freeze duration: 1.00
06-28 23:24:17.119 13916 14801 W NearbyFragment: Sending 20200312_194229.mp4 to Nexus 5X [34d8]
06-28 23:25:08.149 13916 13916 W NearbyFragment: Completed downloading 20200312_195330.mp4 from Endpoint{id=jKt9, name=Nexus 5X [34d8]} in 16.155s
06-28 23:25:08.197 13916 14399 W mobile-ffmpeg: 
06-28 23:25:08.198 13916 14399 W mobile-ffmpeg: [mov,mp4,m4a,3gp,3g2,mj2 @ 0x9c92de00] 
06-28 23:25:08.198 13916 14399 W mobile-ffmpeg: 
06-28 23:25:08.199 13916 14399 W mobile-ffmpeg: Found duplicated MOOV Atom. Skipped it
06-28 23:25:29.959 13916 15062 W Summariser: 5 active sections found
06-28 23:25:29.975 13916 14399 W mobile-ffmpeg: 
06-28 23:25:29.975 13916 14399 W mobile-ffmpeg: [mov,mp4,m4a,3gp,3g2,mj2 @ 0x86aff400] 
06-28 23:25:29.975 13916 14399 W mobile-ffmpeg: 
06-28 23:25:29.975 13916 14399 W mobile-ffmpeg: Found duplicated MOOV Atom. Skipped it
06-28 23:27:06.488 13916 15062 W Summariser: Summarisation completed
06-28 23:27:06.488 13916 15062 W Summariser:   filename: 20200312_195330.mp4
06-28 23:27:06.488 13916 15062 W Summariser:   active sections: 5
06-28 23:27:06.488 13916 15062 W Summariser:   time: 118.060s
06-28 23:27:06.488 13916 15062 W Summariser:   original duration: 60.02
06-28 23:27:06.488 13916 15062 W Summariser:   summarised duration: 23.42
06-28 23:27:06.488 13916 15062 W Summariser:   noise tolerance: 45.00
06-28 23:27:06.488 13916 15062 W Summariser:   quality: 23
06-28 23:27:06.488 13916 15062 W Summariser:   speed: medium
06-28 23:27:06.488 13916 15062 W Summariser:   freeze duration: 1.00
06-28 23:27:06.581 13916 15062 W NearbyFragment: Sending 20200312_195330.mp4 to Nexus 5X [34d8]
