--------- beginning of main
07-12 19:34:05.557  5169  5186 W LogFactory: Truncating log tag length as it exceed 23, the limit imposed by Android on certain API Levels
07-12 19:34:05.562  5169  5186 W LogFactory: Truncating log tag length as it exceed 23, the limit imposed by Android on certain API Levels
07-12 19:34:05.736  5169  5186 W LogFactory: Truncating log tag length as it exceed 23, the limit imposed by Android on certain API Levels
07-12 19:34:06.217  5169  5169 W System.err: org.json.JSONException: No value for manufacturer
07-12 19:34:06.222  5169  5169 W System.err: 	at org.json.JSONObject.get(JSONObject.java:392)
07-12 19:34:06.222  5169  5169 W System.err: 	at org.json.JSONObject.getString(JSONObject.java:553)
07-12 19:34:06.222  5169  5169 W System.err: 	at com.jaredrummler.android.device.DeviceName$DeviceInfo.<init>(DeviceName.java:374)
07-12 19:34:06.222  5169  5169 W System.err: 	at com.jaredrummler.android.device.DeviceName$DeviceInfo.<init>(DeviceName.java:347)
07-12 19:34:06.222  5169  5169 W System.err: 	at com.jaredrummler.android.device.DeviceName.getDeviceInfo(DeviceName.java:186)
07-12 19:34:06.222  5169  5169 W System.err: 	at com.jaredrummler.android.device.DeviceName.getDeviceName(DeviceName.java:138)
07-12 19:34:06.222  5169  5169 W System.err: 	at com.jaredrummler.android.device.DeviceName.getDeviceName(DeviceName.java:111)
07-12 19:34:06.223  5169  5169 W System.err: 	at com.example.edgesum.util.nearby.NearbyFragment.setLocalName(NearbyFragment.java:118)
07-12 19:34:06.223  5169  5169 W System.err: 	at com.example.edgesum.util.nearby.NearbyFragment.onCreate(NearbyFragment.java:110)
07-12 19:34:06.223  5169  5169 W System.err: 	at com.example.edgesum.page.main.ConnectionFragment.onCreate(ConnectionFragment.java:30)
07-12 19:34:06.223  5169  5169 W System.err: 	at androidx.fragment.app.Fragment.performCreate(Fragment.java:2684)
07-12 19:34:06.223  5169  5169 W System.err: 	at androidx.fragment.app.FragmentStateManager.create(FragmentStateManager.java:280)
07-12 19:34:06.224  5169  5169 W System.err: 	at androidx.fragment.app.FragmentManager.moveToState(FragmentManager.java:1175)
07-12 19:34:06.224  5169  5169 W System.err: 	at androidx.fragment.app.FragmentTransition.addToFirstInLastOut(FragmentTransition.java:1255)
07-12 19:34:06.224  5169  5169 W System.err: 	at androidx.fragment.app.FragmentTransition.calculateFragments(FragmentTransition.java:1138)
07-12 19:34:06.224  5169  5169 W System.err: 	at androidx.fragment.app.FragmentTransition.startTransitions(FragmentTransition.java:136)
07-12 19:34:06.224  5169  5169 W System.err: 	at androidx.fragment.app.FragmentManager.executeOpsTogether(FragmentManager.java:1989)
07-12 19:34:06.224  5169  5169 W System.err: 	at androidx.fragment.app.FragmentManager.removeRedundantOperationsAndExecute(FragmentManager.java:1947)
07-12 19:34:06.224  5169  5169 W System.err: 	at androidx.fragment.app.FragmentManager.execPendingActions(FragmentManager.java:1849)
07-12 19:34:06.225  5169  5169 W System.err: 	at androidx.fragment.app.FragmentManager.dispatchStateChange(FragmentManager.java:2629)
07-12 19:34:06.225  5169  5169 W System.err: 	at androidx.fragment.app.FragmentManager.dispatchActivityCreated(FragmentManager.java:2577)
07-12 19:34:06.225  5169  5169 W System.err: 	at androidx.fragment.app.FragmentController.dispatchActivityCreated(FragmentController.java:247)
07-12 19:34:06.225  5169  5169 W System.err: 	at androidx.fragment.app.FragmentActivity.onStart(FragmentActivity.java:541)
07-12 19:34:06.225  5169  5169 W System.err: 	at androidx.appcompat.app.AppCompatActivity.onStart(AppCompatActivity.java:201)
07-12 19:34:06.225  5169  5169 W System.err: 	at com.example.edgesum.page.main.MainActivity.onStart(MainActivity.java:88)
07-12 19:34:06.225  5169  5169 W System.err: 	at android.app.Instrumentation.callActivityOnStart(Instrumentation.java:1334)
07-12 19:34:06.225  5169  5169 W System.err: 	at android.app.Activity.performStart(Activity.java:7029)
07-12 19:34:06.226  5169  5169 W System.err: 	at android.app.ActivityThread.performLaunchActivity(ActivityThread.java:2741)
07-12 19:34:06.226  5169  5169 W System.err: 	at android.app.ActivityThread.handleLaunchActivity(ActivityThread.java:2856)
07-12 19:34:06.226  5169  5169 W System.err: 	at android.app.ActivityThread.-wrap11(Unknown Source:0)
07-12 19:34:06.226  5169  5169 W System.err: 	at android.app.ActivityThread$H.handleMessage(ActivityThread.java:1589)
07-12 19:34:06.226  5169  5169 W System.err: 	at android.os.Handler.dispatchMessage(Handler.java:106)
07-12 19:34:06.226  5169  5169 W System.err: 	at android.os.Looper.loop(Looper.java:164)
07-12 19:34:06.227  5169  5169 W System.err: 	at android.app.ActivityThread.main(ActivityThread.java:6494)
07-12 19:34:06.227  5169  5169 W System.err: 	at java.lang.reflect.Method.invoke(Native Method)
07-12 19:34:06.227  5169  5169 W System.err: 	at com.android.internal.os.RuntimeInit$MethodAndArgsCaller.run(RuntimeInit.java:438)
07-12 19:34:06.227  5169  5169 W System.err: 	at com.android.internal.os.ZygoteInit.main(ZygoteInit.java:807)
07-12 19:34:06.574  5169  5169 W LogFactory: Truncating log tag length as it exceed 23, the limit imposed by Android on certain API Levels
07-12 19:34:06.590  5169  5169 E TransferService: No notification is passed in the intent. Unable to transition to foreground.
07-12 19:35:51.881  5169  5169 W NearbyFragment: Completed downloading 20200312_150643!003.mp4 from Endpoint{id=y2y7, name=Nexus 5 [1825]} in 09.020s
07-12 19:35:52.606  5169  5827 W mobile-ffmpeg: [graph 0 input from stream 0:0 @ 0x7da5175ec0] sws_param option is deprecated and ignored
07-12 19:35:54.685  5169  5826 W Summariser: No activity detected
07-12 19:35:54.735  5169  5826 W Summariser: Summarisation completed
07-12 19:35:54.735  5169  5826 W Summariser:   filename: 20200312_150643!003.mp4
07-12 19:35:54.735  5169  5826 W Summariser:   active sections: 0
07-12 19:35:54.735  5169  5826 W Summariser:   time: 02.711s
07-12 19:35:54.735  5169  5826 W Summariser:   original duration: 12.01
07-12 19:35:54.735  5169  5826 W Summariser:   summarised duration: -1.00
07-12 19:35:54.735  5169  5826 W Summariser:   noise tolerance: 45.00
07-12 19:35:54.735  5169  5826 W Summariser:   quality: 23
07-12 19:35:54.735  5169  5826 W Summariser:   speed: medium
07-12 19:35:54.735  5169  5826 W Summariser:   freeze duration: 1.00
07-12 19:36:25.021  5169  5169 W NearbyFragment: Completed downloading 20200312_150744!003.mp4 from Endpoint{id=y2y7, name=Nexus 5 [1825]} in 15.696s
07-12 19:36:25.180  5169  5827 W mobile-ffmpeg: [graph 0 input from stream 0:0 @ 0x7da5175ec0] sws_param option is deprecated and ignored
07-12 19:36:27.331  5169  5862 W Summariser: 1 active sections found
07-12 19:36:27.408  5169  5827 W mobile-ffmpeg: [graph 0 input from stream 0:0 @ 0x7da5175e00] sws_param option is deprecated and ignored
07-12 19:36:38.350  5169  5862 W Summariser: Summarisation completed
07-12 19:36:38.350  5169  5862 W Summariser:   filename: 20200312_150744!003.mp4
07-12 19:36:38.350  5169  5862 W Summariser:   active sections: 1
07-12 19:36:38.350  5169  5862 W Summariser:   time: 13.180s
07-12 19:36:38.350  5169  5862 W Summariser:   original duration: 12.03
07-12 19:36:38.350  5169  5862 W Summariser:   summarised duration: 4.89
07-12 19:36:38.350  5169  5862 W Summariser:   noise tolerance: 45.00
07-12 19:36:38.350  5169  5862 W Summariser:   quality: 23
07-12 19:36:38.350  5169  5862 W Summariser:   speed: medium
07-12 19:36:38.350  5169  5862 W Summariser:   freeze duration: 1.00
07-12 19:36:38.414  5169  5862 W NearbyFragment: Sending 20200312_150744!003.mp4 to Nexus 5 [1825]
07-12 19:36:54.366  5169  5169 W NearbyFragment: Completed downloading 20200312_150844!002.mp4 from Endpoint{id=y2y7, name=Nexus 5 [1825]} in 15.017s
07-12 19:36:54.567  5169  5827 W mobile-ffmpeg: [graph 0 input from stream 0:0 @ 0x7da5175ec0] sws_param option is deprecated and ignored
07-12 19:36:57.482  5169  5934 W Summariser: Whole video is active
07-12 19:36:58.182  5169  5934 W Summariser: Summarisation completed
07-12 19:36:58.182  5169  5934 W Summariser:   filename: 20200312_150844!002.mp4
07-12 19:36:58.182  5169  5934 W Summariser:   active sections: -1
07-12 19:36:58.182  5169  5934 W Summariser:   time: 03.625s
07-12 19:36:58.182  5169  5934 W Summariser:   original duration: 16.01
07-12 19:36:58.182  5169  5934 W Summariser:   summarised duration: 16.01
07-12 19:36:58.182  5169  5934 W Summariser:   noise tolerance: 45.00
07-12 19:36:58.182  5169  5934 W Summariser:   quality: 23
07-12 19:36:58.182  5169  5934 W Summariser:   speed: medium
07-12 19:36:58.182  5169  5934 W Summariser:   freeze duration: 1.00
07-12 19:36:58.263  5169  5934 W NearbyFragment: Sending 20200312_150844!002.mp4 to Nexus 5 [1825]
07-12 19:37:35.911  5169  5169 W NearbyFragment: Completed downloading 20200312_150944!002.mp4 from Endpoint{id=y2y7, name=Nexus 5 [1825]} in 07.135s
07-12 19:37:36.106  5169  5827 W mobile-ffmpeg: [graph 0 input from stream 0:0 @ 0x7da5175ec0] sws_param option is deprecated and ignored
07-12 19:37:38.866  5169  5972 W Summariser: No activity detected
07-12 19:37:38.928  5169  5972 W Summariser: Summarisation completed
07-12 19:37:38.928  5169  5972 W Summariser:   filename: 20200312_150944!002.mp4
07-12 19:37:38.928  5169  5972 W Summariser:   active sections: 0
07-12 19:37:38.928  5169  5972 W Summariser:   time: 02.884s
07-12 19:37:38.928  5169  5972 W Summariser:   original duration: 16.01
07-12 19:37:38.928  5169  5972 W Summariser:   summarised duration: -1.00
07-12 19:37:38.928  5169  5972 W Summariser:   noise tolerance: 45.00
07-12 19:37:38.928  5169  5972 W Summariser:   quality: 23
07-12 19:37:38.928  5169  5972 W Summariser:   speed: medium
07-12 19:37:38.928  5169  5972 W Summariser:   freeze duration: 1.00
07-12 19:38:08.584  5169  5169 W NearbyFragment: Completed downloading 20200312_151044!003.mp4 from Endpoint{id=y2y7, name=Nexus 5 [1825]} in 06.311s
07-12 19:38:08.720  5169  5827 W mobile-ffmpeg: [graph 0 input from stream 0:0 @ 0x7da5175ec0] sws_param option is deprecated and ignored
07-12 19:38:10.895  5169  5997 W Summariser: No activity detected
07-12 19:38:10.937  5169  5997 W Summariser: Summarisation completed
07-12 19:38:10.937  5169  5997 W Summariser:   filename: 20200312_151044!003.mp4
07-12 19:38:10.937  5169  5997 W Summariser:   active sections: 0
07-12 19:38:10.937  5169  5997 W Summariser:   time: 02.257s
07-12 19:38:10.937  5169  5997 W Summariser:   original duration: 12.03
07-12 19:38:10.937  5169  5997 W Summariser:   summarised duration: -1.00
07-12 19:38:10.937  5169  5997 W Summariser:   noise tolerance: 45.00
07-12 19:38:10.937  5169  5997 W Summariser:   quality: 23
07-12 19:38:10.937  5169  5997 W Summariser:   speed: medium
07-12 19:38:10.937  5169  5997 W Summariser:   freeze duration: 1.00
07-12 19:38:39.493  5169  5169 W NearbyFragment: Completed downloading 20200312_193528!003.mp4 from Endpoint{id=y2y7, name=Nexus 5 [1825]} in 08.962s
07-12 19:38:39.736  5169  5827 W mobile-ffmpeg: [graph 0 input from stream 0:0 @ 0x7da5175ec0] sws_param option is deprecated and ignored
07-12 19:38:41.806  5169  6035 W Summariser: No activity detected
07-12 19:38:41.865  5169  6035 W Summariser: Summarisation completed
07-12 19:38:41.865  5169  6035 W Summariser:   filename: 20200312_193528!003.mp4
07-12 19:38:41.865  5169  6035 W Summariser:   active sections: 0
07-12 19:38:41.865  5169  6035 W Summariser:   time: 02.245s
07-12 19:38:41.865  5169  6035 W Summariser:   original duration: 12.01
07-12 19:38:41.865  5169  6035 W Summariser:   summarised duration: -1.00
07-12 19:38:41.865  5169  6035 W Summariser:   noise tolerance: 45.00
07-12 19:38:41.865  5169  6035 W Summariser:   quality: 23
07-12 19:38:41.865  5169  6035 W Summariser:   speed: medium
07-12 19:38:41.865  5169  6035 W Summariser:   freeze duration: 1.00
07-12 19:39:12.987  5169  5169 W NearbyFragment: Completed downloading 20200312_193628!003.mp4 from Endpoint{id=y2y7, name=Nexus 5 [1825]} in 08.773s
07-12 19:39:13.182  5169  5827 W mobile-ffmpeg: [graph 0 input from stream 0:0 @ 0x7da62db280] sws_param option is deprecated and ignored
07-12 19:39:15.380  5169  6078 W Summariser: 1 active sections found
07-12 19:39:15.458  5169  5827 W mobile-ffmpeg: [graph 0 input from stream 0:0 @ 0x7da62db1c0] sws_param option is deprecated and ignored
07-12 19:39:29.950  5169  6078 W Summariser: Summarisation completed
07-12 19:39:29.950  5169  6078 W Summariser:   filename: 20200312_193628!003.mp4
07-12 19:39:29.950  5169  6078 W Summariser:   active sections: 1
07-12 19:39:29.950  5169  6078 W Summariser:   time: 16.806s
07-12 19:39:29.950  5169  6078 W Summariser:   original duration: 12.03
07-12 19:39:29.950  5169  6078 W Summariser:   summarised duration: 6.16
07-12 19:39:29.950  5169  6078 W Summariser:   noise tolerance: 45.00
07-12 19:39:29.950  5169  6078 W Summariser:   quality: 23
07-12 19:39:29.950  5169  6078 W Summariser:   speed: medium
07-12 19:39:29.950  5169  6078 W Summariser:   freeze duration: 1.00
07-12 19:39:30.009  5169  6078 W NearbyFragment: Sending 20200312_193628!003.mp4 to Nexus 5 [1825]
07-12 19:39:49.560  5169  5169 W NearbyFragment: Completed downloading 20200312_193728!002.mp4 from Endpoint{id=y2y7, name=Nexus 5 [1825]} in 19.429s
07-12 19:39:49.856  5169  5827 W mobile-ffmpeg: [graph 0 input from stream 0:0 @ 0x7da62db280] sws_param option is deprecated and ignored
07-12 19:39:52.842  5169  6136 W Summariser: Whole video is active
07-12 19:39:53.478  5169  6136 W Summariser: Summarisation completed
07-12 19:39:53.478  5169  6136 W Summariser:   filename: 20200312_193728!002.mp4
07-12 19:39:53.478  5169  6136 W Summariser:   active sections: -1
07-12 19:39:53.478  5169  6136 W Summariser:   time: 03.704s
07-12 19:39:53.478  5169  6136 W Summariser:   original duration: 16.01
07-12 19:39:53.478  5169  6136 W Summariser:   summarised duration: 16.01
07-12 19:39:53.478  5169  6136 W Summariser:   noise tolerance: 45.00
07-12 19:39:53.478  5169  6136 W Summariser:   quality: 23
07-12 19:39:53.478  5169  6136 W Summariser:   speed: medium
07-12 19:39:53.478  5169  6136 W Summariser:   freeze duration: 1.00
07-12 19:39:53.511  5169  6136 W NearbyFragment: Sending 20200312_193728!002.mp4 to Nexus 5 [1825]
07-12 19:40:33.939  5169  5169 W NearbyFragment: Completed downloading 20200312_193828!002.mp4 from Endpoint{id=y2y7, name=Nexus 5 [1825]} in 06.792s
07-12 19:40:34.136  5169  5827 W mobile-ffmpeg: [graph 0 input from stream 0:0 @ 0x7da62db280] sws_param option is deprecated and ignored
07-12 19:40:36.946  5169  6176 W Summariser: No activity detected
07-12 19:40:37.006  5169  6176 W Summariser: Summarisation completed
07-12 19:40:37.006  5169  6176 W Summariser:   filename: 20200312_193828!002.mp4
07-12 19:40:37.006  5169  6176 W Summariser:   active sections: 0
07-12 19:40:37.006  5169  6176 W Summariser:   time: 02.935s
07-12 19:40:37.006  5169  6176 W Summariser:   original duration: 16.01
07-12 19:40:37.006  5169  6176 W Summariser:   summarised duration: -1.00
07-12 19:40:37.006  5169  6176 W Summariser:   noise tolerance: 45.00
07-12 19:40:37.006  5169  6176 W Summariser:   quality: 23
07-12 19:40:37.006  5169  6176 W Summariser:   speed: medium
07-12 19:40:37.006  5169  6176 W Summariser:   freeze duration: 1.00
07-12 19:41:09.607  5169  5169 W NearbyFragment: Completed downloading 20200312_193928!003.mp4 from Endpoint{id=y2y7, name=Nexus 5 [1825]} in 10.179s
07-12 19:41:09.861  5169  5827 W mobile-ffmpeg: [graph 0 input from stream 0:0 @ 0x7da62db280] sws_param option is deprecated and ignored
07-12 19:41:11.987  5169  6202 W Summariser: No activity detected
07-12 19:41:12.045  5169  6202 W Summariser: Summarisation completed
07-12 19:41:12.045  5169  6202 W Summariser:   filename: 20200312_193928!003.mp4
07-12 19:41:12.045  5169  6202 W Summariser:   active sections: 0
07-12 19:41:12.045  5169  6202 W Summariser:   time: 02.293s
07-12 19:41:12.045  5169  6202 W Summariser:   original duration: 12.01
07-12 19:41:12.045  5169  6202 W Summariser:   summarised duration: -1.00
07-12 19:41:12.045  5169  6202 W Summariser:   noise tolerance: 45.00
07-12 19:41:12.045  5169  6202 W Summariser:   quality: 23
07-12 19:41:12.045  5169  6202 W Summariser:   speed: medium
07-12 19:41:12.045  5169  6202 W Summariser:   freeze duration: 1.00
07-12 19:41:40.495  5169  5169 W NearbyFragment: Completed downloading 20200312_194129!003.mp4 from Endpoint{id=y2y7, name=Nexus 5 [1825]} in 07.678s
07-12 19:41:40.688  5169  5827 W mobile-ffmpeg: [graph 0 input from stream 0:0 @ 0x7da62db1c0] sws_param option is deprecated and ignored
07-12 19:41:42.774  5169  6230 W Summariser: 1 active sections found
07-12 19:41:42.842  5169  5827 W mobile-ffmpeg: [graph 0 input from stream 0:0 @ 0x7da62db100] sws_param option is deprecated and ignored
07-12 19:41:44.533  5169  6230 W Summariser: Summarisation completed
07-12 19:41:44.533  5169  6230 W Summariser:   filename: 20200312_194129!003.mp4
07-12 19:41:44.533  5169  6230 W Summariser:   active sections: 1
07-12 19:41:44.533  5169  6230 W Summariser:   time: 03.889s
07-12 19:41:44.533  5169  6230 W Summariser:   original duration: 12.03
07-12 19:41:44.533  5169  6230 W Summariser:   summarised duration: 0.70
07-12 19:41:44.533  5169  6230 W Summariser:   noise tolerance: 45.00
07-12 19:41:44.533  5169  6230 W Summariser:   quality: 23
07-12 19:41:44.533  5169  6230 W Summariser:   speed: medium
07-12 19:41:44.533  5169  6230 W Summariser:   freeze duration: 1.00
07-12 19:41:44.582  5169  6230 W NearbyFragment: Sending 20200312_194129!003.mp4 to Nexus 5 [1825]
07-12 19:42:08.370  5169  5169 W NearbyFragment: Completed downloading 20200312_194229!002.mp4 from Endpoint{id=y2y7, name=Nexus 5 [1825]} in 05.387s
07-12 19:42:08.539  5169  5827 W mobile-ffmpeg: [graph 0 input from stream 0:0 @ 0x7da62db1c0] sws_param option is deprecated and ignored
07-12 19:42:11.377  5169  6280 W Summariser: No activity detected
07-12 19:42:11.435  5169  6280 W Summariser: Summarisation completed
07-12 19:42:11.435  5169  6280 W Summariser:   filename: 20200312_194229!002.mp4
07-12 19:42:11.435  5169  6280 W Summariser:   active sections: 0
07-12 19:42:11.435  5169  6280 W Summariser:   time: 02.957s
07-12 19:42:11.435  5169  6280 W Summariser:   original duration: 16.01
07-12 19:42:11.435  5169  6280 W Summariser:   summarised duration: -1.00
07-12 19:42:11.435  5169  6280 W Summariser:   noise tolerance: 45.00
07-12 19:42:11.435  5169  6280 W Summariser:   quality: 23
07-12 19:42:11.435  5169  6280 W Summariser:   speed: medium
07-12 19:42:11.435  5169  6280 W Summariser:   freeze duration: 1.00
07-12 19:42:39.753  5169  5169 W NearbyFragment: Completed downloading 20200312_194330!002.mp4 from Endpoint{id=y2y7, name=Nexus 5 [1825]} in 08.963s
07-12 19:42:39.945  5169  5827 W mobile-ffmpeg: [graph 0 input from stream 0:0 @ 0x7da62db1c0] sws_param option is deprecated and ignored
07-12 19:42:42.918  5169  6314 W Summariser: No activity detected
07-12 19:42:42.977  5169  6314 W Summariser: Summarisation completed
07-12 19:42:42.977  5169  6314 W Summariser:   filename: 20200312_194330!002.mp4
07-12 19:42:42.977  5169  6314 W Summariser:   active sections: 0
07-12 19:42:42.977  5169  6314 W Summariser:   time: 03.108s
07-12 19:42:42.977  5169  6314 W Summariser:   original duration: 16.01
07-12 19:42:42.977  5169  6314 W Summariser:   summarised duration: -1.00
07-12 19:42:42.977  5169  6314 W Summariser:   noise tolerance: 45.00
07-12 19:42:42.977  5169  6314 W Summariser:   quality: 23
07-12 19:42:42.977  5169  6314 W Summariser:   speed: medium
07-12 19:42:42.977  5169  6314 W Summariser:   freeze duration: 1.00
07-12 19:43:17.178  5169  5169 W NearbyFragment: Completed downloading 20200312_194730!003.mp4 from Endpoint{id=y2y7, name=Nexus 5 [1825]} in 06.570s
07-12 19:43:17.317  5169  5827 W mobile-ffmpeg: [graph 0 input from stream 0:0 @ 0x7da62db1c0] sws_param option is deprecated and ignored
07-12 19:43:19.380  5169  6351 W Summariser: No activity detected
07-12 19:43:19.417  5169  6351 W Summariser: Summarisation completed
07-12 19:43:19.417  5169  6351 W Summariser:   filename: 20200312_194730!003.mp4
07-12 19:43:19.417  5169  6351 W Summariser:   active sections: 0
07-12 19:43:19.417  5169  6351 W Summariser:   time: 02.137s
07-12 19:43:19.417  5169  6351 W Summariser:   original duration: 12.03
07-12 19:43:19.417  5169  6351 W Summariser:   summarised duration: -1.00
07-12 19:43:19.417  5169  6351 W Summariser:   noise tolerance: 45.00
07-12 19:43:19.417  5169  6351 W Summariser:   quality: 23
07-12 19:43:19.417  5169  6351 W Summariser:   speed: medium
07-12 19:43:19.417  5169  6351 W Summariser:   freeze duration: 1.00
07-12 19:43:49.702  5169  5169 W NearbyFragment: Completed downloading 20200312_194830!002.mp4 from Endpoint{id=y2y7, name=Nexus 5 [1825]} in 06.561s
07-12 19:43:49.868  5169  5827 W mobile-ffmpeg: [graph 0 input from stream 0:0 @ 0x7da62db1c0] sws_param option is deprecated and ignored
07-12 19:43:52.830  5169  6379 W Summariser: 2 active sections found
07-12 19:43:52.925  5169  5827 W mobile-ffmpeg: [graph 0 input from stream 0:0 @ 0x7da62db1c0] sws_param option is deprecated and ignored
07-12 19:43:52.925  5169  5827 W mobile-ffmpeg: [graph 0 input from stream 0:0 @ 0x7da62db580] sws_param option is deprecated and ignored
07-12 19:44:13.270  5169  6379 W Summariser: Summarisation completed
07-12 19:44:13.270  5169  6379 W Summariser:   filename: 20200312_194830!002.mp4
07-12 19:44:13.270  5169  6379 W Summariser:   active sections: 2
07-12 19:44:13.270  5169  6379 W Summariser:   time: 23.406s
07-12 19:44:13.270  5169  6379 W Summariser:   original duration: 16.01
07-12 19:44:13.270  5169  6379 W Summariser:   summarised duration: 8.84
07-12 19:44:13.270  5169  6379 W Summariser:   noise tolerance: 45.00
07-12 19:44:13.270  5169  6379 W Summariser:   quality: 23
07-12 19:44:13.270  5169  6379 W Summariser:   speed: medium
07-12 19:44:13.270  5169  6379 W Summariser:   freeze duration: 1.00
07-12 19:44:13.323  5169  6379 W NearbyFragment: Sending 20200312_194830!002.mp4 to Nexus 5 [1825]
07-12 19:44:19.326  5169  5169 W NearbyFragment: Completed downloading 20200312_194930!003.mp4 from Endpoint{id=y2y7, name=Nexus 5 [1825]} in 05.862s
07-12 19:44:19.502  5169  5827 W mobile-ffmpeg: [graph 0 input from stream 0:0 @ 0x7da62db1c0] sws_param option is deprecated and ignored
07-12 19:44:22.392  5169  6431 W Summariser: 1 active sections found
07-12 19:44:22.474  5169  5827 W mobile-ffmpeg: [graph 0 input from stream 0:0 @ 0x7da62db100] sws_param option is deprecated and ignored
07-12 19:44:50.543  5169  6431 W Summariser: Summarisation completed
07-12 19:44:50.543  5169  6431 W Summariser:   filename: 20200312_194930!003.mp4
07-12 19:44:50.543  5169  6431 W Summariser:   active sections: 1
07-12 19:44:50.543  5169  6431 W Summariser:   time: 31.044s
07-12 19:44:50.543  5169  6431 W Summariser:   original duration: 12.01
07-12 19:44:50.543  5169  6431 W Summariser:   summarised duration: 10.95
07-12 19:44:50.543  5169  6431 W Summariser:   noise tolerance: 45.00
07-12 19:44:50.543  5169  6431 W Summariser:   quality: 23
07-12 19:44:50.543  5169  6431 W Summariser:   speed: medium
07-12 19:44:50.543  5169  6431 W Summariser:   freeze duration: 1.00
07-12 19:44:50.594  5169  6431 W NearbyFragment: Sending 20200312_194930!003.mp4 to Nexus 5 [1825]
07-12 19:45:16.559  5169  5169 W NearbyFragment: Completed downloading 20200312_195330!001.mp4 from Endpoint{id=y2y7, name=Nexus 5 [1825]} in 04.827s
07-12 19:45:16.864  5169  5827 W mobile-ffmpeg: [graph 0 input from stream 0:0 @ 0x7da62db1c0] sws_param option is deprecated and ignored
07-12 19:45:20.475  5169  6498 W Summariser: 2 active sections found
07-12 19:45:20.616  5169  5827 W mobile-ffmpeg: [graph 0 input from stream 0:0 @ 0x7da62db400] sws_param option is deprecated and ignored
07-12 19:45:20.616  5169  5827 W mobile-ffmpeg: [graph 0 input from stream 0:0 @ 0x7da62db580] sws_param option is deprecated and ignored
07-12 19:45:48.337  5169  6498 W Summariser: Summarisation completed
07-12 19:45:48.337  5169  6498 W Summariser:   filename: 20200312_195330!001.mp4
07-12 19:45:48.337  5169  6498 W Summariser:   active sections: 2
07-12 19:45:48.337  5169  6498 W Summariser:   time: 31.491s
07-12 19:45:48.337  5169  6498 W Summariser:   original duration: 16.02
07-12 19:45:48.337  5169  6498 W Summariser:   summarised duration: 10.91
07-12 19:45:48.337  5169  6498 W Summariser:   noise tolerance: 45.00
07-12 19:45:48.337  5169  6498 W Summariser:   quality: 23
07-12 19:45:48.337  5169  6498 W Summariser:   speed: medium
07-12 19:45:48.337  5169  6498 W Summariser:   freeze duration: 1.00
07-12 19:45:48.390  5169  6498 W NearbyFragment: Sending 20200312_195330!001.mp4 to Nexus 5 [1825]
07-12 19:45:53.614  5169  5169 W NearbyFragment: Completed downloading 20200312_195430!002.mp4 from Endpoint{id=y2y7, name=Nexus 5 [1825]} in 05.099s
07-12 19:45:53.874  5169  5827 W mobile-ffmpeg: [graph 0 input from stream 0:0 @ 0x7da62db1c0] sws_param option is deprecated and ignored
07-12 19:45:59.266  5169  6549 W Summariser: 2 active sections found
07-12 19:45:59.420  5169  5827 W mobile-ffmpeg: [graph 0 input from stream 0:0 @ 0x7da62db700] sws_param option is deprecated and ignored
07-12 19:45:59.420  5169  5827 W mobile-ffmpeg: [graph 0 input from stream 0:0 @ 0x7da62db880] sws_param option is deprecated and ignored
07-12 19:46:19.315  5169  6549 W Summariser: Summarisation completed
07-12 19:46:19.315  5169  6549 W Summariser:   filename: 20200312_195430!002.mp4
07-12 19:46:19.315  5169  6549 W Summariser:   active sections: 2
07-12 19:46:19.315  5169  6549 W Summariser:   time: 25.486s
07-12 19:46:19.315  5169  6549 W Summariser:   original duration: 16.01
07-12 19:46:19.315  5169  6549 W Summariser:   summarised duration: 6.17
07-12 19:46:19.315  5169  6549 W Summariser:   noise tolerance: 45.00
07-12 19:46:19.315  5169  6549 W Summariser:   quality: 23
07-12 19:46:19.315  5169  6549 W Summariser:   speed: medium
07-12 19:46:19.315  5169  6549 W Summariser:   freeze duration: 1.00
07-12 19:46:19.362  5169  6549 W NearbyFragment: Sending 20200312_195430!002.mp4 to Nexus 5 [1825]
