--------- beginning of main
--------- beginning of system
07-12 19:34:05.102 12363 12363 W LogFactory: Truncating log tag length as it exceed 23, the limit imposed by Android on certain API Levels
07-12 19:34:23.040 12363 12397 W Adreno-EGL: <qeglDrvAPI_eglGetConfigAttrib:607>: EGL_BAD_ATTRIBUTE
07-12 19:34:23.044 12363 12397 W Adreno-EGL: <qeglDrvAPI_eglGetConfigAttrib:607>: EGL_BAD_ATTRIBUTE
07-12 19:34:23.144 12363 12392 W LogFactory: Truncating log tag length as it exceed 23, the limit imposed by Android on certain API Levels
07-12 19:34:23.146 12363 12392 W LogFactory: Truncating log tag length as it exceed 23, the limit imposed by Android on certain API Levels
07-12 19:34:23.257 12363 12392 W LogFactory: Truncating log tag length as it exceed 23, the limit imposed by Android on certain API Levels
07-12 19:34:23.734 12363 12363 W System.err: org.json.JSONException: No value for manufacturer
07-12 19:34:23.734 12363 12363 W System.err: 	at org.json.JSONObject.get(JSONObject.java:392)
07-12 19:34:23.734 12363 12363 W System.err: 	at org.json.JSONObject.getString(JSONObject.java:553)
07-12 19:34:23.734 12363 12363 W System.err: 	at com.jaredrummler.android.device.DeviceName$DeviceInfo.<init>(DeviceName.java:374)
07-12 19:34:23.734 12363 12363 W System.err: 	at com.jaredrummler.android.device.DeviceName$DeviceInfo.<init>(DeviceName.java:347)
07-12 19:34:23.735 12363 12363 W System.err: 	at com.jaredrummler.android.device.DeviceName.getDeviceInfo(DeviceName.java:186)
07-12 19:34:23.735 12363 12363 W System.err: 	at com.jaredrummler.android.device.DeviceName.getDeviceName(DeviceName.java:138)
07-12 19:34:23.735 12363 12363 W System.err: 	at com.jaredrummler.android.device.DeviceName.getDeviceName(DeviceName.java:111)
07-12 19:34:23.735 12363 12363 W System.err: 	at com.example.edgesum.util.nearby.NearbyFragment.setLocalName(NearbyFragment.java:118)
07-12 19:34:23.735 12363 12363 W System.err: 	at com.example.edgesum.util.nearby.NearbyFragment.onCreate(NearbyFragment.java:110)
07-12 19:34:23.735 12363 12363 W System.err: 	at com.example.edgesum.page.main.ConnectionFragment.onCreate(ConnectionFragment.java:30)
07-12 19:34:23.736 12363 12363 W System.err: 	at androidx.fragment.app.Fragment.performCreate(Fragment.java:2684)
07-12 19:34:23.736 12363 12363 W System.err: 	at androidx.fragment.app.FragmentStateManager.create(FragmentStateManager.java:280)
07-12 19:34:23.736 12363 12363 W System.err: 	at androidx.fragment.app.FragmentManager.moveToState(FragmentManager.java:1175)
07-12 19:34:23.736 12363 12363 W System.err: 	at androidx.fragment.app.FragmentTransition.addToFirstInLastOut(FragmentTransition.java:1255)
07-12 19:34:23.736 12363 12363 W System.err: 	at androidx.fragment.app.FragmentTransition.calculateFragments(FragmentTransition.java:1138)
07-12 19:34:23.737 12363 12363 W System.err: 	at androidx.fragment.app.FragmentTransition.startTransitions(FragmentTransition.java:136)
07-12 19:34:23.737 12363 12363 W System.err: 	at androidx.fragment.app.FragmentManager.executeOpsTogether(FragmentManager.java:1989)
07-12 19:34:23.737 12363 12363 W System.err: 	at androidx.fragment.app.FragmentManager.removeRedundantOperationsAndExecute(FragmentManager.java:1947)
07-12 19:34:23.737 12363 12363 W System.err: 	at androidx.fragment.app.FragmentManager.execPendingActions(FragmentManager.java:1849)
07-12 19:34:23.738 12363 12363 W System.err: 	at androidx.fragment.app.FragmentManager.dispatchStateChange(FragmentManager.java:2629)
07-12 19:34:23.738 12363 12363 W System.err: 	at androidx.fragment.app.FragmentManager.dispatchActivityCreated(FragmentManager.java:2577)
07-12 19:34:23.738 12363 12363 W System.err: 	at androidx.fragment.app.FragmentController.dispatchActivityCreated(FragmentController.java:247)
07-12 19:34:23.738 12363 12363 W System.err: 	at androidx.fragment.app.FragmentActivity.onStart(FragmentActivity.java:541)
07-12 19:34:23.738 12363 12363 W System.err: 	at androidx.appcompat.app.AppCompatActivity.onStart(AppCompatActivity.java:201)
07-12 19:34:23.738 12363 12363 W System.err: 	at com.example.edgesum.page.main.MainActivity.onStart(MainActivity.java:88)
07-12 19:34:23.738 12363 12363 W System.err: 	at android.app.Instrumentation.callActivityOnStart(Instrumentation.java:1334)
07-12 19:34:23.739 12363 12363 W System.err: 	at android.app.Activity.performStart(Activity.java:7029)
07-12 19:34:23.739 12363 12363 W System.err: 	at android.app.ActivityThread.performLaunchActivity(ActivityThread.java:2741)
07-12 19:34:23.739 12363 12363 W System.err: 	at android.app.ActivityThread.handleLaunchActivity(ActivityThread.java:2856)
07-12 19:34:23.739 12363 12363 W System.err: 	at android.app.ActivityThread.-wrap11(Unknown Source:0)
07-12 19:34:23.739 12363 12363 W System.err: 	at android.app.ActivityThread$H.handleMessage(ActivityThread.java:1589)
07-12 19:34:23.739 12363 12363 W System.err: 	at android.os.Handler.dispatchMessage(Handler.java:106)
07-12 19:34:23.739 12363 12363 W System.err: 	at android.os.Looper.loop(Looper.java:164)
07-12 19:34:23.740 12363 12363 W System.err: 	at android.app.ActivityThread.main(ActivityThread.java:6494)
07-12 19:34:23.740 12363 12363 W System.err: 	at java.lang.reflect.Method.invoke(Native Method)
07-12 19:34:23.740 12363 12363 W System.err: 	at com.android.internal.os.RuntimeInit$MethodAndArgsCaller.run(RuntimeInit.java:438)
07-12 19:34:23.740 12363 12363 W System.err: 	at com.android.internal.os.ZygoteInit.main(ZygoteInit.java:807)
07-12 19:34:24.126 12363 12363 E TransferService: No notification is passed in the intent. Unable to transition to foreground.
07-12 19:34:24.257 12363 12363 W StaticLayout: maxLineHeight should not be -1.  maxLines:1 lineCount:1
07-12 19:34:24.294 12363 12363 W StaticLayout: maxLineHeight should not be -1.  maxLines:1 lineCount:1
07-12 19:34:24.316 12363 12397 W Adreno-EGL: <qeglDrvAPI_eglGetConfigAttrib:607>: EGL_BAD_ATTRIBUTE
07-12 19:34:24.336 12363 12363 W StaticLayout: maxLineHeight should not be -1.  maxLines:1 lineCount:1
07-12 19:34:24.349 12363 12363 W StaticLayout: maxLineHeight should not be -1.  maxLines:1 lineCount:1
07-12 19:34:48.426 12363 12397 W Adreno-EGL: <qeglDrvAPI_eglGetConfigAttrib:607>: EGL_BAD_ATTRIBUTE
07-12 19:34:55.422 12363 12397 W Adreno-EGL: <qeglDrvAPI_eglGetConfigAttrib:607>: EGL_BAD_ATTRIBUTE
07-12 19:35:02.824 12363 12397 W Adreno-EGL: <qeglDrvAPI_eglGetConfigAttrib:607>: EGL_BAD_ATTRIBUTE
07-12 19:35:22.804 12363 12363 W NearbyFragment: Preferences:
07-12 19:35:22.804 12363 12363 W NearbyFragment:   Auto download: true
07-12 19:35:22.804 12363 12363 W NearbyFragment:   Algorithm: best_or_local
07-12 19:35:22.804 12363 12363 W NearbyFragment:   Fast scheduling: true
07-12 19:35:22.804 12363 12363 W NearbyFragment:   Segmentation: true
07-12 19:35:22.804 12363 12363 W NearbyFragment:   Auto segmentation: false
07-12 19:35:22.804 12363 12363 W NearbyFragment:   Segment number: 4
07-12 19:35:22.804 12363 12363 W NearbyFragment:   Noise tolerance: 45.00
07-12 19:35:22.804 12363 12363 W NearbyFragment:   Quality: 23
07-12 19:35:22.804 12363 12363 W NearbyFragment:   Speed: medium
07-12 19:35:22.804 12363 12363 W NearbyFragment:   Freeze duration: 1.00
07-12 19:35:22.804 12363 12363 W NearbyFragment: Download delay: 1s
07-12 19:35:22.804 12363 12363 W NearbyFragment: Started downloading from dashcam
07-12 19:35:24.455 12363 12363 W StaticLayout: maxLineHeight should not be -1.  maxLines:1 lineCount:1
07-12 19:35:24.462 12363 12363 W StaticLayout: maxLineHeight should not be -1.  maxLines:1 lineCount:1
07-12 19:35:41.850 12363 12654 W DashDownloadManager: Successfully downloaded 20200312_150643.mp4 in 18.909s
07-12 19:35:42.033 12363 12708 W mobile-ffmpeg: [mov,mp4,m4a,3gp,3g2,mj2 @ 0xa43c0800] Found duplicated MOOV Atom. Skipped it
07-12 19:35:42.165 12363 12708 W mobile-ffmpeg: [mov,mp4,m4a,3gp,3g2,mj2 @ 0x8f06fa00] Found duplicated MOOV Atom. Skipped it
07-12 19:35:44.185 12363 12654 W NearbyFragment: Sending 20200312_150643!000.mp4 to Galaxy S8 [2802]
07-12 19:35:52.901 12363 12363 W NearbyFragment: Sending 20200312_150643!001.mp4 to Shark 1S [34d8]
07-12 19:35:55.288 12363 12363 W NearbyFragment: Sending 20200312_150643!002.mp4 to Galaxy S8 [2802]
07-12 19:36:00.278 12363 12363 W NearbyFragment: Sending 20200312_150643!003.mp4 to Shark 1S [9c8f]
07-12 19:36:15.912 12363 12654 W DashDownloadManager: Successfully downloaded 20200312_150744.mp4 in 30.625s
07-12 19:36:15.950 12363 12708 W mobile-ffmpeg: [mov,mp4,m4a,3gp,3g2,mj2 @ 0x8f06fa00] Found duplicated MOOV Atom. Skipped it
07-12 19:36:16.058 12363 12708 W mobile-ffmpeg: [mov,mp4,m4a,3gp,3g2,mj2 @ 0x93f19c00] Found duplicated MOOV Atom. Skipped it
07-12 19:36:16.775 12363 12654 W NearbyFragment: Sending 20200312_150744!000.mp4 to Galaxy S8 [2802]
07-12 19:36:20.956 12363 12363 W NearbyFragment: Sending 20200312_150744!001.mp4 to Shark 1S [34d8]
07-12 19:36:23.383 12363 12363 W NearbyFragment: Sending 20200312_150744!002.mp4 to Galaxy S8 [2802]
07-12 19:36:26.918 12363 12363 W NearbyFragment: Sending 20200312_150744!003.mp4 to Shark 1S [9c8f]
07-12 19:36:50.710 12363 12654 W DashDownloadManager: Successfully downloaded 20200312_150844.mp4 in 32.841s
07-12 19:36:50.740 12363 12708 W mobile-ffmpeg: [mov,mp4,m4a,3gp,3g2,mj2 @ 0xa5618800] Found duplicated MOOV Atom. Skipped it
07-12 19:36:50.883 12363 12708 W mobile-ffmpeg: [mov,mp4,m4a,3gp,3g2,mj2 @ 0x93f3c800] Found duplicated MOOV Atom. Skipped it
07-12 19:36:52.637 12363 12654 W NearbyFragment: Sending 20200312_150844!000.mp4 to Galaxy S8 [2802]
07-12 19:36:56.317 12363 12363 W NearbyFragment: Sending 20200312_150844!001.mp4 to Shark 1S [34d8]
07-12 19:36:57.107 12363 12363 W NearbyFragment: Sending 20200312_150844!002.mp4 to Shark 1S [9c8f]
07-12 19:36:57.710 12363 12363 W NearbyFragment: Completed downloading 20200312_150744!003.mp4 from Endpoint{id=b1P0, name=Shark 1S [9c8f]} in 01.394s
07-12 19:36:57.868 12363 12363 W FfmpegTools: Single segment returned, duration of 20200312_150744: 4.89
07-12 19:36:59.865 12363 12363 W NearbyFragment: Sending 20200312_150844!003.mp4 to Galaxy S8 [2802]
07-12 19:37:05.309 12363 12363 W NearbyFragment: Completed downloading 20200312_150844!000.mp4 from Endpoint{id=Hqzs, name=Galaxy S8 [2802]} in 05.447s
07-12 19:37:10.809 12363 12363 W NearbyFragment: Completed downloading 20200312_150844!001.mp4 from Endpoint{id=a6Kd, name=Shark 1S [34d8]} in 06.076s
07-12 19:37:22.270 12363 12363 W NearbyFragment: Completed downloading 20200312_150844!002.mp4 from Endpoint{id=b1P0, name=Shark 1S [9c8f]} in 06.175s
07-12 19:37:23.916 12363 12363 W NearbyFragment: Completed downloading 20200312_150844!003.mp4 from Endpoint{id=Hqzs, name=Galaxy S8 [2802]} in 05.364s
07-12 19:37:25.965 12363 12363 W FfmpegTools: Merged duration of 20200312_150844: 60.08
07-12 19:37:37.400 12363 12654 W DashDownloadManager: Successfully downloaded 20200312_150944.mp4 in 43.707s
07-12 19:37:37.425 12363 12708 W mobile-ffmpeg: [mov,mp4,m4a,3gp,3g2,mj2 @ 0x93f3c800] Found duplicated MOOV Atom. Skipped it
07-12 19:37:37.559 12363 12708 W mobile-ffmpeg: [mov,mp4,m4a,3gp,3g2,mj2 @ 0x93e85a00] Found duplicated MOOV Atom. Skipped it
07-12 19:37:38.625 12363 12654 W NearbyFragment: Sending 20200312_150944!000.mp4 to Galaxy S8 [2802]
07-12 19:37:42.641 12363 12363 W NearbyFragment: Sending 20200312_150944!001.mp4 to Shark 1S [34d8]
07-12 19:37:46.319 12363 12363 W NearbyFragment: Sending 20200312_150944!002.mp4 to Shark 1S [9c8f]
07-12 19:37:49.553 12363 12363 W NearbyFragment: Sending 20200312_150944!003.mp4 to Shark 1S [34d8]
07-12 19:37:52.569 12363 12363 W NearbyFragment: Completed downloading 20200312_150944!000.mp4 from Endpoint{id=Hqzs, name=Galaxy S8 [2802]} in 00.456s
07-12 19:38:02.798 12363 12363 W FfmpegTools: Single segment returned, duration of 20200312_150944: 7.07
07-12 19:38:08.030 12363 12654 W DashDownloadManager: Successfully downloaded 20200312_151044.mp4 in 28.354s
07-12 19:38:08.040 12363 12708 W mobile-ffmpeg: [mov,mp4,m4a,3gp,3g2,mj2 @ 0x93ee5800] Found duplicated MOOV Atom. Skipped it
07-12 19:38:08.132 12363 12708 W mobile-ffmpeg: [mov,mp4,m4a,3gp,3g2,mj2 @ 0x93f54a00] Found duplicated MOOV Atom. Skipped it
07-12 19:38:09.020 12363 12654 W NearbyFragment: Sending 20200312_151044!000.mp4 to Galaxy S8 [2802]
07-12 19:38:12.882 12363 12363 W NearbyFragment: Sending 20200312_151044!001.mp4 to Shark 1S [34d8]
07-12 19:38:15.317 12363 12363 W NearbyFragment: Sending 20200312_151044!002.mp4 to Galaxy S8 [2802]
07-12 19:38:20.019 12363 12363 W NearbyFragment: Sending 20200312_151044!003.mp4 to Shark 1S [9c8f]
07-12 19:38:38.150 12363 12654 W DashDownloadManager: Successfully downloaded 20200312_193528.mp4 in 28.051s
07-12 19:38:38.158 12363 12708 W mobile-ffmpeg: [mov,mp4,m4a,3gp,3g2,mj2 @ 0x93f54a00] Found duplicated MOOV Atom. Skipped it
07-12 19:38:38.244 12363 12708 W mobile-ffmpeg: [mov,mp4,m4a,3gp,3g2,mj2 @ 0x943cda00] Found duplicated MOOV Atom. Skipped it
07-12 19:38:39.272 12363 12654 W NearbyFragment: Sending 20200312_193528!000.mp4 to Galaxy S8 [2802]
07-12 19:38:42.765 12363 12363 W NearbyFragment: Sending 20200312_193528!001.mp4 to Shark 1S [34d8]
07-12 19:38:45.143 12363 12363 W NearbyFragment: Sending 20200312_193528!002.mp4 to Galaxy S8 [2802]
07-12 19:38:48.287 12363 12363 W NearbyFragment: Sending 20200312_193528!003.mp4 to Shark 1S [9c8f]
07-12 19:39:08.432 12363 12654 W DashDownloadManager: Successfully downloaded 20200312_193628.mp4 in 28.103s
07-12 19:39:08.443 12363 12708 W mobile-ffmpeg: [mov,mp4,m4a,3gp,3g2,mj2 @ 0xa5618800] Found duplicated MOOV Atom. Skipped it
07-12 19:39:08.557 12363 12708 W mobile-ffmpeg: [mov,mp4,m4a,3gp,3g2,mj2 @ 0x93ee5800] Found duplicated MOOV Atom. Skipped it
07-12 19:39:09.787 12363 12654 W NearbyFragment: Sending 20200312_193628!000.mp4 to Galaxy S8 [2802]
07-12 19:39:14.292 12363 12363 W NearbyFragment: Sending 20200312_193628!001.mp4 to Shark 1S [34d8]
07-12 19:39:16.887 12363 12363 W NearbyFragment: Sending 20200312_193628!002.mp4 to Galaxy S8 [2802]
07-12 19:39:21.609 12363 12363 W NearbyFragment: Sending 20200312_193628!003.mp4 to Shark 1S [9c8f]
07-12 19:39:40.908 12363 12654 W DashDownloadManager: Successfully downloaded 20200312_193728.mp4 in 30.022s
07-12 19:39:40.927 12363 12708 W mobile-ffmpeg: [mov,mp4,m4a,3gp,3g2,mj2 @ 0xa43b4000] Found duplicated MOOV Atom. Skipped it
07-12 19:39:41.071 12363 12708 W mobile-ffmpeg: [mov,mp4,m4a,3gp,3g2,mj2 @ 0x93ecec00] Found duplicated MOOV Atom. Skipped it
07-12 19:39:42.758 12363 12654 W NearbyFragment: Sending 20200312_193728!000.mp4 to Galaxy S8 [2802]
07-12 19:39:46.816 12363 12363 W NearbyFragment: Sending 20200312_193728!001.mp4 to Shark 1S [34d8]
07-12 19:39:47.916 12363 12363 W NearbyFragment: Sending 20200312_193728!002.mp4 to Shark 1S [9c8f]
07-12 19:39:48.281 12363 12363 W NearbyFragment: Completed downloading 20200312_193628!003.mp4 from Endpoint{id=b1P0, name=Shark 1S [9c8f]} in 00.366s
07-12 19:39:48.426 12363 12363 W FfmpegTools: Single segment returned, duration of 20200312_193628: 6.16
07-12 19:39:49.719 12363 12363 W NearbyFragment: Sending 20200312_193728!003.mp4 to Galaxy S8 [2802]
07-12 19:39:55.437 12363 12363 W NearbyFragment: Completed downloading 20200312_193728!000.mp4 from Endpoint{id=Hqzs, name=Galaxy S8 [2802]} in 05.721s
07-12 19:40:10.079 12363 12363 W NearbyFragment: Completed downloading 20200312_193728!001.mp4 from Endpoint{id=a6Kd, name=Shark 1S [34d8]} in 09.101s
07-12 19:40:21.193 12363 12363 W NearbyFragment: Completed downloading 20200312_193728!002.mp4 from Endpoint{id=b1P0, name=Shark 1S [9c8f]} in 09.800s
07-12 19:40:22.844 12363 12363 W NearbyFragment: Completed downloading 20200312_193728!003.mp4 from Endpoint{id=Hqzs, name=Galaxy S8 [2802]} in 04.809s
07-12 19:40:25.718 12363 12363 W FfmpegTools: Merged duration of 20200312_193728: 60.07
07-12 19:40:32.857 12363 12654 W DashDownloadManager: Successfully downloaded 20200312_193828.mp4 in 49.042s
07-12 19:40:32.874 12363 12708 W mobile-ffmpeg: [mov,mp4,m4a,3gp,3g2,mj2 @ 0x8f3ed600] Found duplicated MOOV Atom. Skipped it
07-12 19:40:33.029 12363 12708 W mobile-ffmpeg: [mov,mp4,m4a,3gp,3g2,mj2 @ 0x93f69800] Found duplicated MOOV Atom. Skipped it
07-12 19:40:34.462 12363 12654 W NearbyFragment: Sending 20200312_193828!000.mp4 to Galaxy S8 [2802]
07-12 19:40:38.254 12363 12363 W NearbyFragment: Sending 20200312_193828!001.mp4 to Shark 1S [34d8]
07-12 19:40:44.712 12363 12363 W NearbyFragment: Sending 20200312_193828!002.mp4 to Shark 1S [9c8f]
07-12 19:40:47.968 12363 12363 W NearbyFragment: Sending 20200312_193828!003.mp4 to Shark 1S [34d8]
07-12 19:40:55.088 12363 12363 W NearbyFragment: Completed downloading 20200312_193828!000.mp4 from Endpoint{id=Hqzs, name=Galaxy S8 [2802]} in 00.615s
07-12 19:40:57.254 12363 12363 W FfmpegTools: Single segment returned, duration of 20200312_193828: 14.28
07-12 19:41:05.842 12363 12654 W DashDownloadManager: Successfully downloaded 20200312_193928.mp4 in 30.317s
07-12 19:41:05.856 12363 12708 W mobile-ffmpeg: [mov,mp4,m4a,3gp,3g2,mj2 @ 0x93f69800] Found duplicated MOOV Atom. Skipped it
07-12 19:41:06.014 12363 12708 W mobile-ffmpeg: [mov,mp4,m4a,3gp,3g2,mj2 @ 0x8f25a600] Found duplicated MOOV Atom. Skipped it
07-12 19:41:08.050 12363 12654 W NearbyFragment: Sending 20200312_193928!000.mp4 to Galaxy S8 [2802]
07-12 19:41:12.171 12363 12363 W NearbyFragment: Sending 20200312_193928!001.mp4 to Shark 1S [34d8]
07-12 19:41:14.529 12363 12363 W NearbyFragment: Sending 20200312_193928!002.mp4 to Galaxy S8 [2802]
07-12 19:41:17.140 12363 12363 W NearbyFragment: Sending 20200312_193928!003.mp4 to Shark 1S [9c8f]
07-12 19:41:37.621 12363 12654 W DashDownloadManager: Successfully downloaded 20200312_194129.mp4 in 28.507s
07-12 19:41:37.646 12363 12708 W mobile-ffmpeg: [mov,mp4,m4a,3gp,3g2,mj2 @ 0x8f25a600] Found duplicated MOOV Atom. Skipped it
07-12 19:41:37.769 12363 12708 W mobile-ffmpeg: [mov,mp4,m4a,3gp,3g2,mj2 @ 0x93eaa800] Found duplicated MOOV Atom. Skipped it
07-12 19:41:39.319 12363 12654 W NearbyFragment: Sending 20200312_194129!000.mp4 to Galaxy S8 [2802]
07-12 19:41:43.457 12363 12363 W NearbyFragment: Sending 20200312_194129!001.mp4 to Shark 1S [34d8]
07-12 19:41:45.897 12363 12363 W NearbyFragment: Sending 20200312_194129!002.mp4 to Galaxy S8 [2802]
07-12 19:41:49.810 12363 12363 W NearbyFragment: Sending 20200312_194129!003.mp4 to Shark 1S [9c8f]
07-12 19:42:02.476 12363 12363 W NearbyFragment: Completed downloading 20200312_194129!001.mp4 from Endpoint{id=a6Kd, name=Shark 1S [34d8]} in 00.479s
07-12 19:42:02.541 12363 12363 W NearbyFragment: Completed downloading 20200312_194129!003.mp4 from Endpoint{id=b1P0, name=Shark 1S [9c8f]} in 00.011s
07-12 19:42:03.579 12363 12363 W NearbyFragment: Completed downloading 20200312_194129!002.mp4 from Endpoint{id=Hqzs, name=Galaxy S8 [2802]} in 00.318s
07-12 19:42:03.960 12363 12363 W FfmpegTools: Merged duration of 20200312_194129: 11.04
07-12 19:42:10.432 12363 12654 W DashDownloadManager: Successfully downloaded 20200312_194229.mp4 in 30.049s
07-12 19:42:10.445 12363 12708 W mobile-ffmpeg: [mov,mp4,m4a,3gp,3g2,mj2 @ 0x94384800] Found duplicated MOOV Atom. Skipped it
07-12 19:42:10.580 12363 12708 W mobile-ffmpeg: [mov,mp4,m4a,3gp,3g2,mj2 @ 0x93f7ae00] Found duplicated MOOV Atom. Skipped it
07-12 19:42:12.255 12363 12654 W NearbyFragment: Sending 20200312_194229!000.mp4 to Galaxy S8 [2802]
07-12 19:42:16.562 12363 12363 W NearbyFragment: Sending 20200312_194229!001.mp4 to Shark 1S [34d8]
07-12 19:42:20.347 12363 12363 W NearbyFragment: Sending 20200312_194229!002.mp4 to Shark 1S [9c8f]
07-12 19:42:25.717 12363 12363 W NearbyFragment: Sending 20200312_194229!003.mp4 to Galaxy S8 [2802]
07-12 19:42:26.181 12363 12363 W NearbyFragment: Completed downloading 20200312_194229!000.mp4 from Endpoint{id=Hqzs, name=Galaxy S8 [2802]} in 00.466s
07-12 19:42:41.208 12363 12654 W DashDownloadManager: Successfully downloaded 20200312_194330.mp4 in 27.895s
07-12 19:42:41.224 12363 12708 W mobile-ffmpeg: [mov,mp4,m4a,3gp,3g2,mj2 @ 0x93f7ae00] Found duplicated MOOV Atom. Skipped it
07-12 19:42:41.321 12363 12708 W mobile-ffmpeg: [mov,mp4,m4a,3gp,3g2,mj2 @ 0x93eee000] Found duplicated MOOV Atom. Skipped it
07-12 19:42:43.166 12363 12654 W NearbyFragment: Sending 20200312_194330!000.mp4 to Galaxy S8 [2802]
07-12 19:42:44.772 12363 12363 W NearbyFragment: Sending 20200312_194330!001.mp4 to Shark 1S [34d8]
07-12 19:42:46.450 12363 12363 W NearbyFragment: Completed downloading 20200312_194229!001.mp4 from Endpoint{id=a6Kd, name=Shark 1S [34d8]} in 01.679s
07-12 19:42:46.876 12363 12363 W FfmpegTools: Merged duration of 20200312_194229: 14.35
07-12 19:42:48.511 12363 12363 W NearbyFragment: Sending 20200312_194330!002.mp4 to Shark 1S [9c8f]
07-12 19:42:50.942 12363 12363 W NearbyFragment: Sending 20200312_194330!003.mp4 to Galaxy S8 [2802]
07-12 19:43:15.503 12363 12654 W DashDownloadManager: Successfully downloaded 20200312_194730.mp4 in 31.280s
07-12 19:43:15.531 12363 12708 W mobile-ffmpeg: [mov,mp4,m4a,3gp,3g2,mj2 @ 0x94385400] Found duplicated MOOV Atom. Skipped it
07-12 19:43:15.629 12363 12708 W mobile-ffmpeg: [mov,mp4,m4a,3gp,3g2,mj2 @ 0x8f231e00] Found duplicated MOOV Atom. Skipped it
07-12 19:43:16.825 12363 12654 W NearbyFragment: Sending 20200312_194730!000.mp4 to Galaxy S8 [2802]
07-12 19:43:21.077 12363 12363 W NearbyFragment: Sending 20200312_194730!001.mp4 to Shark 1S [34d8]
07-12 19:43:23.277 12363 12363 W NearbyFragment: Sending 20200312_194730!002.mp4 to Galaxy S8 [2802]
07-12 19:43:27.875 12363 12363 W NearbyFragment: Sending 20200312_194730!003.mp4 to Shark 1S [9c8f]
07-12 19:43:47.631 12363 12654 W DashDownloadManager: Successfully downloaded 20200312_194830.mp4 in 29.733s
07-12 19:43:47.644 12363 12708 W mobile-ffmpeg: [mov,mp4,m4a,3gp,3g2,mj2 @ 0x8f231e00] Found duplicated MOOV Atom. Skipped it
07-12 19:43:47.781 12363 12708 W mobile-ffmpeg: [mov,mp4,m4a,3gp,3g2,mj2 @ 0x943aa000] Found duplicated MOOV Atom. Skipped it
07-12 19:43:49.434 12363 12654 W NearbyFragment: Sending 20200312_194830!000.mp4 to Galaxy S8 [2802]
07-12 19:43:54.004 12363 12363 W NearbyFragment: Sending 20200312_194830!001.mp4 to Shark 1S [34d8]
07-12 19:44:00.637 12363 12363 W NearbyFragment: Sending 20200312_194830!002.mp4 to Shark 1S [9c8f]
07-12 19:44:01.822 12363 12363 W NearbyFragment: Sending 20200312_194830!003.mp4 to Galaxy S8 [2802]
07-12 19:44:02.640 12363 12363 W NearbyFragment: Completed downloading 20200312_194830!000.mp4 from Endpoint{id=Hqzs, name=Galaxy S8 [2802]} in 00.819s
07-12 19:44:19.991 12363 12654 W DashDownloadManager: Successfully downloaded 20200312_194930.mp4 in 29.121s
07-12 19:44:20.088 12363 12708 W mobile-ffmpeg: [mov,mp4,m4a,3gp,3g2,mj2 @ 0x8f25e200] Found duplicated MOOV Atom. Skipped it
07-12 19:44:20.143 12363 12708 W mobile-ffmpeg: [mov,mp4,m4a,3gp,3g2,mj2 @ 0x93f1ce00] Found duplicated MOOV Atom. Skipped it
07-12 19:44:21.840 12363 12654 W NearbyFragment: Sending 20200312_194930!000.mp4 to Galaxy S8 [2802]
07-12 19:44:25.027 12363 12363 W NearbyFragment: Sending 20200312_194930!001.mp4 to Shark 1S [34d8]
07-12 19:44:26.401 12363 12363 W NearbyFragment: Completed downloading 20200312_194830!001.mp4 from Endpoint{id=a6Kd, name=Shark 1S [34d8]} in 01.376s
07-12 19:44:27.651 12363 12708 W mobile-ffmpeg: [graph 0 input from stream 0:0 @ 0x93fcd180] sws_param option is deprecated and ignored
07-12 19:44:31.245 12363 12363 W NearbyFragment: Sending 20200312_194930!003.mp4 to Shark 1S [9c8f]
07-12 19:44:33.803 12363 12363 W NearbyFragment: Completed downloading 20200312_194830!002.mp4 from Endpoint{id=b1P0, name=Shark 1S [9c8f]} in 02.560s
07-12 19:44:34.299 12363 12363 W FfmpegTools: Merged duration of 20200312_194830: 20.90
07-12 19:44:35.171 12363 14276 W Summariser: Whole video is active
07-12 19:44:36.849 12363 14276 W Summariser: Summarisation completed
07-12 19:44:36.849 12363 14276 W Summariser:   filename: 20200312_194930!002.mp4
07-12 19:44:36.849 12363 14276 W Summariser:   active sections: -1
07-12 19:44:36.849 12363 14276 W Summariser:   time: 09.274s
07-12 19:44:36.849 12363 14276 W Summariser:   original duration: 16.01
07-12 19:44:36.849 12363 14276 W Summariser:   summarised duration: 16.01
07-12 19:44:36.849 12363 14276 W Summariser:   noise tolerance: 45.00
07-12 19:44:36.849 12363 14276 W Summariser:   quality: 23
07-12 19:44:36.849 12363 14276 W Summariser:   speed: medium
07-12 19:44:36.849 12363 14276 W Summariser:   freeze duration: 1.00
07-12 19:44:39.836 12363 12363 W NearbyFragment: Completed downloading 20200312_194930!000.mp4 from Endpoint{id=Hqzs, name=Galaxy S8 [2802]} in 00.510s
07-12 19:44:47.353 12363 12363 W NearbyFragment: Completed downloading 20200312_194930!001.mp4 from Endpoint{id=a6Kd, name=Shark 1S [34d8]} in 00.150s
07-12 19:44:52.750 12363 12654 W DashDownloadManager: Successfully downloaded 20200312_195230.mp4 in 29.839s
07-12 19:44:52.762 12363 12708 W mobile-ffmpeg: [mov,mp4,m4a,3gp,3g2,mj2 @ 0xa6d48400] Found duplicated MOOV Atom. Skipped it
07-12 19:44:52.851 12363 12708 W mobile-ffmpeg: [mov,mp4,m4a,3gp,3g2,mj2 @ 0x943b5000] Found duplicated MOOV Atom. Skipped it
07-12 19:44:54.011 12363 12654 W NearbyFragment: Sending 20200312_195230!000.mp4 to Galaxy S8 [2802]
07-12 19:44:59.529 12363 12363 W NearbyFragment: Sending 20200312_195230!001.mp4 to Shark 1S [34d8]
07-12 19:45:01.890 12363 12363 W NearbyFragment: Sending 20200312_195230!002.mp4 to Galaxy S8 [2802]
07-12 19:45:03.496 12363 12708 W mobile-ffmpeg: [graph 0 input from stream 0:0 @ 0x93fce200] sws_param option is deprecated and ignored
07-12 19:45:09.636 12363 12363 W NearbyFragment: Completed downloading 20200312_194930!003.mp4 from Endpoint{id=b1P0, name=Shark 1S [9c8f]} in 01.131s
07-12 19:45:09.931 12363 14360 W Summariser: No activity detected
07-12 19:45:10.017 12363 14360 W Summariser: Summarisation completed
07-12 19:45:10.017 12363 14360 W Summariser:   filename: 20200312_195230!003.mp4
07-12 19:45:10.017 12363 14360 W Summariser:   active sections: 0
07-12 19:45:10.017 12363 14360 W Summariser:   time: 06.647s
07-12 19:45:10.017 12363 14360 W Summariser:   original duration: 12.01
07-12 19:45:10.017 12363 14360 W Summariser:   summarised duration: -1.00
07-12 19:45:10.017 12363 14360 W Summariser:   noise tolerance: 45.00
07-12 19:45:10.017 12363 14360 W Summariser:   quality: 23
07-12 19:45:10.017 12363 14360 W Summariser:   speed: medium
07-12 19:45:10.017 12363 14360 W Summariser:   freeze duration: 1.00
07-12 19:45:10.069 12363 12708 W mobile-ffmpeg: [concat @ 0x93ebca00] DTS 181952 < 337737 out of order
07-12 19:45:10.069 12363 12708 W mobile-ffmpeg: [mp4 @ 0x958d0e00] Non-monotonous DTS in output stream 0:0; previous: 339657, current: 183872; 
07-12 19:45:10.069 12363 12708 W mobile-ffmpeg: [mp4 @ 0x958d0e00] changing to 339658. This may result in incorrect timestamps in the output file.
07-12 19:45:10.070 12363 12708 W mobile-ffmpeg: [mp4 @ 0x958d0e00] Non-monotonous DTS in output stream 0:0; previous: 339658, current: 184416; 
07-12 19:45:10.070 12363 12708 W mobile-ffmpeg: [mp4 @ 0x958d0e00] changing to 339659. This may result in incorrect timestamps in the output file.
07-12 19:45:10.070 12363 12708 W mobile-ffmpeg: [mp4 @ 0x958d0e00] Non-monotonous DTS in output stream 0:0; previous: 339659, current: 184944; 
07-12 19:45:10.070 12363 12708 W mobile-ffmpeg: [mp4 @ 0x958d0e00] changing to 339660. This may result in incorrect timestamps in the output file.
07-12 19:45:10.071 12363 12708 W mobile-ffmpeg: [mp4 @ 0x958d0e00] Non-monotonous DTS in output stream 0:0; previous: 339660, current: 185472; 
07-12 19:45:10.071 12363 12708 W mobile-ffmpeg: [mp4 @ 0x958d0e00] changing to 339661. This may result in incorrect timestamps in the output file.
07-12 19:45:10.072 12363 12708 W mobile-ffmpeg: [mp4 @ 0x958d0e00] Non-monotonous DTS in output stream 0:0; previous: 339661, current: 186016; 
07-12 19:45:10.072 12363 12708 W mobile-ffmpeg: [mp4 @ 0x958d0e00] changing to 339662. This may result in incorrect timestamps in the output file.
07-12 19:45:10.072 12363 12708 W mobile-ffmpeg: [mp4 @ 0x958d0e00] Non-monotonous DTS in output stream 0:0; previous: 339662, current: 186544; 
07-12 19:45:10.072 12363 12708 W mobile-ffmpeg: [mp4 @ 0x958d0e00] changing to 339663. This may result in incorrect timestamps in the output file.
07-12 19:45:10.072 12363 12708 W mobile-ffmpeg: [mp4 @ 0x958d0e00] Non-monotonous DTS in output stream 0:0; previous: 339663, current: 187072; 
07-12 19:45:10.072 12363 12708 W mobile-ffmpeg: [mp4 @ 0x958d0e00] changing to 339664. This may result in incorrect timestamps in the output file.
07-12 19:45:10.073 12363 12708 W mobile-ffmpeg: [mp4 @ 0x958d0e00] Non-monotonous DTS in output stream 0:0; previous: 339664, current: 187616; 
07-12 19:45:10.073 12363 12708 W mobile-ffmpeg: [mp4 @ 0x958d0e00] changing to 339665. This may result in incorrect timestamps in the output file.
07-12 19:45:10.073 12363 12708 W mobile-ffmpeg: [mp4 @ 0x958d0e00] Non-monotonous DTS in output stream 0:0; previous: 339665, current: 188144; 
07-12 19:45:10.073 12363 12708 W mobile-ffmpeg: [mp4 @ 0x958d0e00] changing to 339666. This may result in incorrect timestamps in the output file.
07-12 19:45:10.073 12363 12708 W mobile-ffmpeg: [mp4 @ 0x958d0e00] Non-monotonous DTS in output stream 0:0; previous: 339666, current: 188688; 
07-12 19:45:10.073 12363 12708 W mobile-ffmpeg: [mp4 @ 0x958d0e00] changing to 339667. This may result in incorrect timestamps in the output file.
07-12 19:45:10.073 12363 12708 W mobile-ffmpeg: [mp4 @ 0x958d0e00] Non-monotonous DTS in output stream 0:0; previous: 339667, current: 189216; 
07-12 19:45:10.073 12363 12708 W mobile-ffmpeg: [mp4 @ 0x958d0e00] changing to 339668. This may result in incorrect timestamps in the output file.
07-12 19:45:10.075 12363 12708 W mobile-ffmpeg: [mp4 @ 0x958d0e00] Non-monotonous DTS in output stream 0:0; previous: 339668, current: 189744; 
07-12 19:45:10.075 12363 12708 W mobile-ffmpeg: [mp4 @ 0x958d0e00] changing to 339669. This may result in incorrect timestamps in the output file.
07-12 19:45:10.075 12363 12708 W mobile-ffmpeg: [mp4 @ 0x958d0e00] Non-monotonous DTS in output stream 0:0; previous: 339669, current: 190288; 
07-12 19:45:10.075 12363 12708 W mobile-ffmpeg: [mp4 @ 0x958d0e00] changing to 339670. This may result in incorrect timestamps in the output file.
07-12 19:45:10.076 12363 12708 W mobile-ffmpeg: [mp4 @ 0x958d0e00] Non-monotonous DTS in output stream 0:0; previous: 339670, current: 190816; 
07-12 19:45:10.076 12363 12708 W mobile-ffmpeg: [mp4 @ 0x958d0e00] changing to 339671. This may result in incorrect timestamps in the output file.
07-12 19:45:10.076 12363 12708 W mobile-ffmpeg: [mp4 @ 0x958d0e00] Non-monotonous DTS in output stream 0:0; previous: 339671, current: 191344; 
07-12 19:45:10.076 12363 12708 W mobile-ffmpeg: [mp4 @ 0x958d0e00] changing to 339672. This may result in incorrect timestamps in the output file.
07-12 19:45:10.076 12363 12708 W mobile-ffmpeg: [mp4 @ 0x958d0e00] Non-monotonous DTS in output stream 0:0; previous: 339672, current: 191888; 
07-12 19:45:10.077 12363 12708 W mobile-ffmpeg: [mp4 @ 0x958d0e00] changing to 339673. This may result in incorrect timestamps in the output file.
07-12 19:45:10.077 12363 12708 W mobile-ffmpeg: [mp4 @ 0x958d0e00] Non-monotonous DTS in output stream 0:0; previous: 339673, current: 192416; 
07-12 19:45:10.077 12363 12708 W mobile-ffmpeg: [mp4 @ 0x958d0e00] changing to 339674. This may result in incorrect timestamps in the output file.
07-12 19:45:10.077 12363 12708 W mobile-ffmpeg: [mp4 @ 0x958d0e00] Non-monotonous DTS in output stream 0:0; previous: 339674, current: 192944; 
07-12 19:45:10.077 12363 12708 W mobile-ffmpeg: [mp4 @ 0x958d0e00] changing to 339675. This may result in incorrect timestamps in the output file.
07-12 19:45:10.078 12363 12708 W mobile-ffmpeg: [mp4 @ 0x958d0e00] Non-monotonous DTS in output stream 0:0; previous: 339675, current: 193488; 
07-12 19:45:10.078 12363 12708 W mobile-ffmpeg: [mp4 @ 0x958d0e00] changing to 339676. This may result in incorrect timestamps in the output file.
07-12 19:45:10.079 12363 12708 W mobile-ffmpeg: [mp4 @ 0x958d0e00] Non-monotonous DTS in output stream 0:0; previous: 339676, current: 194016; 
07-12 19:45:10.079 12363 12708 W mobile-ffmpeg: [mp4 @ 0x958d0e00] changing to 339677. This may result in incorrect timestamps in the output file.
07-12 19:45:10.079 12363 12708 W mobile-ffmpeg: [mp4 @ 0x958d0e00] Non-monotonous DTS in output stream 0:0; previous: 339677, current: 194544; 
07-12 19:45:10.079 12363 12708 W mobile-ffmpeg: [mp4 @ 0x958d0e00] changing to 339678. This may result in incorrect timestamps in the output file.
07-12 19:45:10.079 12363 12708 W mobile-ffmpeg: [mp4 @ 0x958d0e00] Non-monotonous DTS in output stream 0:0; previous: 339678, current: 195088; 
07-12 19:45:10.079 12363 12708 W mobile-ffmpeg: [mp4 @ 0x958d0e00] changing to 339679. This may result in incorrect timestamps in the output file.
07-12 19:45:10.080 12363 12708 W mobile-ffmpeg: [mp4 @ 0x958d0e00] Non-monotonous DTS in output stream 0:0; previous: 339679, current: 195616; 
07-12 19:45:10.080 12363 12708 W mobile-ffmpeg: [mp4 @ 0x958d0e00] changing to 339680. This may result in incorrect timestamps in the output file.
07-12 19:45:10.080 12363 12708 W mobile-ffmpeg: [mp4 @ 0x958d0e00] Non-monotonous DTS in output stream 0:0; previous: 339680, current: 196160; 
07-12 19:45:10.080 12363 12708 W mobile-ffmpeg: [mp4 @ 0x958d0e00] changing to 339681. This may result in incorrect timestamps in the output file.
07-12 19:45:10.080 12363 12708 W mobile-ffmpeg: [mp4 @ 0x958d0e00] Non-monotonous DTS in output stream 0:0; previous: 339681, current: 196688; 
07-12 19:45:10.080 12363 12708 W mobile-ffmpeg: [mp4 @ 0x958d0e00] changing to 339682. This may result in incorrect timestamps in the output file.
07-12 19:45:10.081 12363 12708 W mobile-ffmpeg: [mp4 @ 0x958d0e00] Non-monotonous DTS in output stream 0:0; previous: 339682, current: 197216; 
07-12 19:45:10.081 12363 12708 W mobile-ffmpeg: [mp4 @ 0x958d0e00] changing to 339683. This may result in incorrect timestamps in the output file.
07-12 19:45:10.082 12363 12708 W mobile-ffmpeg: [mp4 @ 0x958d0e00] Non-monotonous DTS in output stream 0:0; previous: 339683, current: 197760; 
07-12 19:45:10.082 12363 12708 W mobile-ffmpeg: [mp4 @ 0x958d0e00] changing to 339684. This may result in incorrect timestamps in the output file.
07-12 19:45:10.083 12363 12708 W mobile-ffmpeg: [mp4 @ 0x958d0e00] Non-monotonous DTS in output stream 0:0; previous: 339684, current: 198288; 
07-12 19:45:10.083 12363 12708 W mobile-ffmpeg: [mp4 @ 0x958d0e00] changing to 339685. This may result in incorrect timestamps in the output file.
07-12 19:45:10.083 12363 12708 W mobile-ffmpeg: [mp4 @ 0x958d0e00] Non-monotonous DTS in output stream 0:0; previous: 339685, current: 198816; 
07-12 19:45:10.083 12363 12708 W mobile-ffmpeg: [mp4 @ 0x958d0e00] changing to 339686. This may result in incorrect timestamps in the output file.
07-12 19:45:10.083 12363 12708 W mobile-ffmpeg: [mp4 @ 0x958d0e00] Non-monotonous DTS in output stream 0:0; previous: 339686, current: 199360; 
07-12 19:45:10.083 12363 12708 W mobile-ffmpeg: [mp4 @ 0x958d0e00] changing to 339687. This may result in incorrect timestamps in the output file.
07-12 19:45:10.084 12363 12708 W mobile-ffmpeg: [mp4 @ 0x958d0e00] Non-monotonous DTS in output stream 0:0; previous: 339687, current: 199888; 
07-12 19:45:10.084 12363 12708 W mobile-ffmpeg: [mp4 @ 0x958d0e00] changing to 339688. This may result in incorrect timestamps in the output file.
07-12 19:45:10.084 12363 12708 W mobile-ffmpeg: [mp4 @ 0x958d0e00] Non-monotonous DTS in output stream 0:0; previous: 339688, current: 200416; 
07-12 19:45:10.084 12363 12708 W mobile-ffmpeg: [mp4 @ 0x958d0e00] changing to 339689. This may result in incorrect timestamps in the output file.
07-12 19:45:10.084 12363 12708 W mobile-ffmpeg: [mp4 @ 0x958d0e00] Non-monotonous DTS in output stream 0:0; previous: 339689, current: 200960; 
07-12 19:45:10.085 12363 12708 W mobile-ffmpeg: [mp4 @ 0x958d0e00] changing to 339690. This may result in incorrect timestamps in the output file.
07-12 19:45:10.086 12363 12708 W mobile-ffmpeg: [mp4 @ 0x958d0e00] Non-monotonous DTS in output stream 0:0; previous: 339690, current: 201488; 
07-12 19:45:10.086 12363 12708 W mobile-ffmpeg: [mp4 @ 0x958d0e00] changing to 339691. This may result in incorrect timestamps in the output file.
07-12 19:45:10.086 12363 12708 W mobile-ffmpeg: [mp4 @ 0x958d0e00] Non-monotonous DTS in output stream 0:0; previous: 339691, current: 202032; 
07-12 19:45:10.086 12363 12708 W mobile-ffmpeg: [mp4 @ 0x958d0e00] changing to 339692. This may result in incorrect timestamps in the output file.
07-12 19:45:10.087 12363 12708 W mobile-ffmpeg: [mp4 @ 0x958d0e00] Non-monotonous DTS in output stream 0:0; previous: 339692, current: 202560; 
07-12 19:45:10.087 12363 12708 W mobile-ffmpeg: [mp4 @ 0x958d0e00] changing to 339693. This may result in incorrect timestamps in the output file.
07-12 19:45:10.087 12363 12708 W mobile-ffmpeg: [mp4 @ 0x958d0e00] Non-monotonous DTS in output stream 0:0; previous: 339693, current: 203088; 
07-12 19:45:10.087 12363 12708 W mobile-ffmpeg: [mp4 @ 0x958d0e00] changing to 339694. This may result in incorrect timestamps in the output file.
07-12 19:45:10.087 12363 12708 W mobile-ffmpeg: [mp4 @ 0x958d0e00] Non-monotonous DTS in output stream 0:0; previous: 339694, current: 203632; 
07-12 19:45:10.088 12363 12708 W mobile-ffmpeg: [mp4 @ 0x958d0e00] changing to 339695. This may result in incorrect timestamps in the output file.
07-12 19:45:10.088 12363 12708 W mobile-ffmpeg: [mp4 @ 0x958d0e00] Non-monotonous DTS in output stream 0:0; previous: 339695, current: 204160; 
07-12 19:45:10.088 12363 12708 W mobile-ffmpeg: [mp4 @ 0x958d0e00] changing to 339696. This may result in incorrect timestamps in the output file.
07-12 19:45:10.089 12363 12708 W mobile-ffmpeg: [mp4 @ 0x958d0e00] Non-monotonous DTS in output stream 0:0; previous: 339696, current: 204688; 
07-12 19:45:10.089 12363 12708 W mobile-ffmpeg: [mp4 @ 0x958d0e00] changing to 339697. This may result in incorrect timestamps in the output file.
07-12 19:45:10.089 12363 12708 W mobile-ffmpeg: [mp4 @ 0x958d0e00] Non-monotonous DTS in output stream 0:0; previous: 339697, current: 205232; 
07-12 19:45:10.090 12363 12708 W mobile-ffmpeg: [mp4 @ 0x958d0e00] changing to 339698. This may result in incorrect timestamps in the output file.
07-12 19:45:10.091 12363 12708 W mobile-ffmpeg: [mp4 @ 0x958d0e00] Non-monotonous DTS in output stream 0:0; previous: 339698, current: 205760; 
07-12 19:45:10.091 12363 12708 W mobile-ffmpeg: [mp4 @ 0x958d0e00] changing to 339699. This may result in incorrect timestamps in the output file.
07-12 19:45:10.091 12363 12708 W mobile-ffmpeg: [mp4 @ 0x958d0e00] Non-monotonous DTS in output stream 0:0; previous: 339699, current: 206288; 
07-12 19:45:10.091 12363 12708 W mobile-ffmpeg: [mp4 @ 0x958d0e00] changing to 339700. This may result in incorrect timestamps in the output file.
07-12 19:45:10.091 12363 12708 W mobile-ffmpeg: [mp4 @ 0x958d0e00] Non-monotonous DTS in output stream 0:0; previous: 339700, current: 206832; 
07-12 19:45:10.091 12363 12708 W mobile-ffmpeg: [mp4 @ 0x958d0e00] changing to 339701. This may result in incorrect timestamps in the output file.
07-12 19:45:10.091 12363 12708 W mobile-ffmpeg: [mp4 @ 0x958d0e00] Non-monotonous DTS in output stream 0:0; previous: 339701, current: 207360; 
07-12 19:45:10.092 12363 12708 W mobile-ffmpeg: [mp4 @ 0x958d0e00] changing to 339702. This may result in incorrect timestamps in the output file.
07-12 19:45:10.092 12363 12708 W mobile-ffmpeg: [mp4 @ 0x958d0e00] Non-monotonous DTS in output stream 0:0; previous: 339702, current: 207904; 
07-12 19:45:10.092 12363 12708 W mobile-ffmpeg: [mp4 @ 0x958d0e00] changing to 339703. This may result in incorrect timestamps in the output file.
07-12 19:45:10.092 12363 12708 W mobile-ffmpeg: [mp4 @ 0x958d0e00] Non-monotonous DTS in output stream 0:0; previous: 339703, current: 208432; 
07-12 19:45:10.092 12363 12708 W mobile-ffmpeg: [mp4 @ 0x958d0e00] changing to 339704. This may result in incorrect timestamps in the output file.
07-12 19:45:10.092 12363 12708 W mobile-ffmpeg: [mp4 @ 0x958d0e00] Non-monotonous DTS in output stream 0:0; previous: 339704, current: 208960; 
07-12 19:45:10.092 12363 12708 W mobile-ffmpeg: [mp4 @ 0x958d0e00] changing to 339705. This may result in incorrect timestamps in the output file.
07-12 19:45:10.094 12363 12708 W mobile-ffmpeg: [mp4 @ 0x958d0e00] Non-monotonous DTS in output stream 0:0; previous: 339705, current: 209504; 
07-12 19:45:10.094 12363 12708 W mobile-ffmpeg: [mp4 @ 0x958d0e00] changing to 339706. This may result in incorrect timestamps in the output file.
07-12 19:45:10.094 12363 12708 W mobile-ffmpeg: [mp4 @ 0x958d0e00] Non-monotonous DTS in output stream 0:0; previous: 339706, current: 210032; 
07-12 19:45:10.094 12363 12708 W mobile-ffmpeg: [mp4 @ 0x958d0e00] changing to 339707. This may result in incorrect timestamps in the output file.
07-12 19:45:10.095 12363 12708 W mobile-ffmpeg: [mp4 @ 0x958d0e00] Non-monotonous DTS in output stream 0:0; previous: 339707, current: 210560; 
07-12 19:45:10.095 12363 12708 W mobile-ffmpeg: [mp4 @ 0x958d0e00] changing to 339708. This may result in incorrect timestamps in the output file.
07-12 19:45:10.095 12363 12708 W mobile-ffmpeg: [mp4 @ 0x958d0e00] Non-monotonous DTS in output stream 0:0; previous: 339708, current: 211104; 
07-12 19:45:10.095 12363 12708 W mobile-ffmpeg: [mp4 @ 0x958d0e00] changing to 339709. This may result in incorrect timestamps in the output file.
07-12 19:45:10.096 12363 12708 W mobile-ffmpeg: [mp4 @ 0x958d0e00] Non-monotonous DTS in output stream 0:0; previous: 339709, current: 211632; 
07-12 19:45:10.096 12363 12708 W mobile-ffmpeg: [mp4 @ 0x958d0e00] changing to 339710. This may result in incorrect timestamps in the output file.
07-12 19:45:10.096 12363 12708 W mobile-ffmpeg: [mp4 @ 0x958d0e00] Non-monotonous DTS in output stream 0:0; previous: 339710, current: 212160; 
07-12 19:45:10.096 12363 12708 W mobile-ffmpeg: [mp4 @ 0x958d0e00] changing to 339711. This may result in incorrect timestamps in the output file.
07-12 19:45:10.096 12363 12708 W mobile-ffmpeg: [mp4 @ 0x958d0e00] Non-monotonous DTS in output stream 0:0; previous: 339711, current: 212704; 
07-12 19:45:10.096 12363 12708 W mobile-ffmpeg: [mp4 @ 0x958d0e00] changing to 339712. This may result in incorrect timestamps in the output file.
07-12 19:45:10.096 12363 12708 W mobile-ffmpeg: [mp4 @ 0x958d0e00] Non-monotonous DTS in output stream 0:0; previous: 339712, current: 213248; 
07-12 19:45:10.096 12363 12708 W mobile-ffmpeg: [mp4 @ 0x958d0e00] changing to 339713. This may result in incorrect timestamps in the output file.
07-12 19:45:10.098 12363 12708 W mobile-ffmpeg: [mp4 @ 0x958d0e00] Non-monotonous DTS in output stream 0:0; previous: 339713, current: 213776; 
07-12 19:45:10.098 12363 12708 W mobile-ffmpeg: [mp4 @ 0x958d0e00] changing to 339714. This may result in incorrect timestamps in the output file.
07-12 19:45:10.098 12363 12708 W mobile-ffmpeg: [mp4 @ 0x958d0e00] Non-monotonous DTS in output stream 0:0; previous: 339714, current: 214304; 
07-12 19:45:10.098 12363 12708 W mobile-ffmpeg: [mp4 @ 0x958d0e00] changing to 339715. This may result in incorrect timestamps in the output file.
07-12 19:45:10.098 12363 12708 W mobile-ffmpeg: [mp4 @ 0x958d0e00] Non-monotonous DTS in output stream 0:0; previous: 339715, current: 214832; 
07-12 19:45:10.099 12363 12708 W mobile-ffmpeg: [mp4 @ 0x958d0e00] changing to 339716. This may result in incorrect timestamps in the output file.
07-12 19:45:10.099 12363 12708 W mobile-ffmpeg: [mp4 @ 0x958d0e00] Non-monotonous DTS in output stream 0:0; previous: 339716, current: 215376; 
07-12 19:45:10.099 12363 12708 W mobile-ffmpeg: [mp4 @ 0x958d0e00] changing to 339717. This may result in incorrect timestamps in the output file.
07-12 19:45:10.099 12363 12708 W mobile-ffmpeg: [mp4 @ 0x958d0e00] Non-monotonous DTS in output stream 0:0; previous: 339717, current: 215904; 
07-12 19:45:10.099 12363 12708 W mobile-ffmpeg: [mp4 @ 0x958d0e00] changing to 339718. This may result in incorrect timestamps in the output file.
07-12 19:45:10.100 12363 12708 W mobile-ffmpeg: [mp4 @ 0x958d0e00] Non-monotonous DTS in output stream 0:0; previous: 339718, current: 216432; 
07-12 19:45:10.100 12363 12708 W mobile-ffmpeg: [mp4 @ 0x958d0e00] changing to 339719. This may result in incorrect timestamps in the output file.
07-12 19:45:10.100 12363 12708 W mobile-ffmpeg: [mp4 @ 0x958d0e00] Non-monotonous DTS in output stream 0:0; previous: 339719, current: 216976; 
07-12 19:45:10.100 12363 12708 W mobile-ffmpeg: [mp4 @ 0x958d0e00] changing to 339720. This may result in incorrect timestamps in the output file.
07-12 19:45:10.102 12363 12708 W mobile-ffmpeg: [mp4 @ 0x958d0e00] Non-monotonous DTS in output stream 0:0; previous: 339720, current: 217504; 
07-12 19:45:10.102 12363 12708 W mobile-ffmpeg: [mp4 @ 0x958d0e00] changing to 339721. This may result in incorrect timestamps in the output file.
07-12 19:45:10.102 12363 12708 W mobile-ffmpeg: [mp4 @ 0x958d0e00] Non-monotonous DTS in output stream 0:0; previous: 339721, current: 218032; 
07-12 19:45:10.102 12363 12708 W mobile-ffmpeg: [mp4 @ 0x958d0e00] changing to 339722. This may result in incorrect timestamps in the output file.
07-12 19:45:10.102 12363 12708 W mobile-ffmpeg: [mp4 @ 0x958d0e00] Non-monotonous DTS in output stream 0:0; previous: 339722, current: 218576; 
07-12 19:45:10.102 12363 12708 W mobile-ffmpeg: [mp4 @ 0x958d0e00] changing to 339723. This may result in incorrect timestamps in the output file.
07-12 19:45:10.102 12363 12708 W mobile-ffmpeg: [mp4 @ 0x958d0e00] Non-monotonous DTS in output stream 0:0; previous: 339723, current: 219104; 
07-12 19:45:10.102 12363 12708 W mobile-ffmpeg: [mp4 @ 0x958d0e00] changing to 339724. This may result in incorrect timestamps in the output file.
07-12 19:45:10.103 12363 12708 W mobile-ffmpeg: [mp4 @ 0x958d0e00] Non-monotonous DTS in output stream 0:0; previous: 339724, current: 219648; 
07-12 19:45:10.103 12363 12708 W mobile-ffmpeg: [mp4 @ 0x958d0e00] changing to 339725. This may result in incorrect timestamps in the output file.
07-12 19:45:10.103 12363 12708 W mobile-ffmpeg: [mp4 @ 0x958d0e00] Non-monotonous DTS in output stream 0:0; previous: 339725, current: 220176; 
07-12 19:45:10.103 12363 12708 W mobile-ffmpeg: [mp4 @ 0x958d0e00] changing to 339726. This may result in incorrect timestamps in the output file.
07-12 19:45:10.104 12363 12708 W mobile-ffmpeg: [mp4 @ 0x958d0e00] Non-monotonous DTS in output stream 0:0; previous: 339726, current: 220704; 
07-12 19:45:10.104 12363 12708 W mobile-ffmpeg: [mp4 @ 0x958d0e00] changing to 339727. This may result in incorrect timestamps in the output file.
07-12 19:45:10.104 12363 12708 W mobile-ffmpeg: [mp4 @ 0x958d0e00] Non-monotonous DTS in output stream 0:0; previous: 339727, current: 221248; 
07-12 19:45:10.104 12363 12708 W mobile-ffmpeg: [mp4 @ 0x958d0e00] changing to 339728. This may result in incorrect timestamps in the output file.
07-12 19:45:10.105 12363 12708 W mobile-ffmpeg: [mp4 @ 0x958d0e00] Non-monotonous DTS in output stream 0:0; previous: 339728, current: 221776; 
07-12 19:45:10.105 12363 12708 W mobile-ffmpeg: [mp4 @ 0x958d0e00] changing to 339729. This may result in incorrect timestamps in the output file.
07-12 19:45:10.106 12363 12708 W mobile-ffmpeg: [mp4 @ 0x958d0e00] Non-monotonous DTS in output stream 0:0; previous: 339729, current: 222304; 
07-12 19:45:10.106 12363 12708 W mobile-ffmpeg: [mp4 @ 0x958d0e00] changing to 339730. This may result in incorrect timestamps in the output file.
07-12 19:45:10.106 12363 12708 W mobile-ffmpeg: [mp4 @ 0x958d0e00] Non-monotonous DTS in output stream 0:0; previous: 339730, current: 222848; 
07-12 19:45:10.106 12363 12708 W mobile-ffmpeg: [mp4 @ 0x958d0e00] changing to 339731. This may result in incorrect timestamps in the output file.
07-12 19:45:10.107 12363 12708 W mobile-ffmpeg: [mp4 @ 0x958d0e00] Non-monotonous DTS in output stream 0:0; previous: 339731, current: 223376; 
07-12 19:45:10.107 12363 12708 W mobile-ffmpeg: [mp4 @ 0x958d0e00] changing to 339732. This may result in incorrect timestamps in the output file.
07-12 19:45:10.107 12363 12708 W mobile-ffmpeg: [mp4 @ 0x958d0e00] Non-monotonous DTS in output stream 0:0; previous: 339732, current: 223904; 
07-12 19:45:10.107 12363 12708 W mobile-ffmpeg: [mp4 @ 0x958d0e00] changing to 339733. This may result in incorrect timestamps in the output file.
07-12 19:45:10.107 12363 12708 W mobile-ffmpeg: [mp4 @ 0x958d0e00] Non-monotonous DTS in output stream 0:0; previous: 339733, current: 224448; 
07-12 19:45:10.107 12363 12708 W mobile-ffmpeg: [mp4 @ 0x958d0e00] changing to 339734. This may result in incorrect timestamps in the output file.
07-12 19:45:10.107 12363 12708 W mobile-ffmpeg: [mp4 @ 0x958d0e00] Non-monotonous DTS in output stream 0:0; previous: 339734, current: 224976; 
07-12 19:45:10.107 12363 12708 W mobile-ffmpeg: [mp4 @ 0x958d0e00] changing to 339735. This may result in incorrect timestamps in the output file.
07-12 19:45:10.108 12363 12708 W mobile-ffmpeg: [mp4 @ 0x958d0e00] Non-monotonous DTS in output stream 0:0; previous: 339735, current: 225520; 
07-12 19:45:10.108 12363 12708 W mobile-ffmpeg: [mp4 @ 0x958d0e00] changing to 339736. This may result in incorrect timestamps in the output file.
07-12 19:45:10.109 12363 12708 W mobile-ffmpeg: [mp4 @ 0x958d0e00] Non-monotonous DTS in output stream 0:0; previous: 339736, current: 226048; 
07-12 19:45:10.109 12363 12708 W mobile-ffmpeg: [mp4 @ 0x958d0e00] changing to 339737. This may result in incorrect timestamps in the output file.
07-12 19:45:10.110 12363 12708 W mobile-ffmpeg: [mp4 @ 0x958d0e00] Non-monotonous DTS in output stream 0:0; previous: 339737, current: 226576; 
