--------- beginning of main
--------- beginning of system
06-29 21:41:44.001  8352  8352 W LogFactory: Truncating log tag length as it exceed 23, the limit imposed by Android on certain API Levels
06-29 21:42:01.478  8352  8352 E TransferService: No notification is passed in the intent. Unable to transition to foreground.
06-29 21:43:28.135  8352  8352 W NearbyFragment: Preferences:
06-29 21:43:28.135  8352  8352 W NearbyFragment:   Auto download: true
06-29 21:43:28.135  8352  8352 W NearbyFragment:   Algorithm: fastest
06-29 21:43:28.135  8352  8352 W NearbyFragment:   Fast scheduling: true
06-29 21:43:28.135  8352  8352 W NearbyFragment:   Segmentation: true
06-29 21:43:28.135  8352  8352 W NearbyFragment:   Auto segmentation: false
06-29 21:43:28.135  8352  8352 W NearbyFragment:   Segment number: 4
06-29 21:43:28.135  8352  8352 W NearbyFragment:   Noise tolerance: 45.00
06-29 21:43:28.135  8352  8352 W NearbyFragment:   Quality: 23
06-29 21:43:28.135  8352  8352 W NearbyFragment:   Speed: medium
06-29 21:43:28.135  8352  8352 W NearbyFragment:   Freeze duration: 1.00
06-29 21:43:28.136  8352  8352 W NearbyFragment: Download delay: 1s
06-29 21:43:28.136  8352  8352 W NearbyFragment: Started downloading from dashcam
06-29 21:43:44.347  8352  8581 W mobile-ffmpeg: 
06-29 21:43:44.347  8352  8581 W mobile-ffmpeg: [mov,mp4,m4a,3gp,3g2,mj2 @ 0x77505f9400] 
06-29 21:43:44.347  8352  8581 W mobile-ffmpeg: 
06-29 21:43:44.347  8352  8581 W mobile-ffmpeg: Found duplicated MOOV Atom. Skipped it
06-29 21:43:44.801  8352  8352 W NearbyFragment: Sending 20200312_150643!000.mp4 to Galaxy S8 [2802]
06-29 21:43:45.605  8352  8352 W DashDownloadManager: Successfully downloaded 20200312_150643.mp4 in 16.601s
06-29 21:43:46.775  8352  8352 W NearbyFragment: Sending 20200312_150643!001.mp4 to Nexus 5 [1825]
06-29 21:43:48.718  8352  8352 W NearbyFragment: Sending 20200312_150643!002.mp4 to Galaxy S8 [2802]
06-29 21:43:50.295  8352  8352 W NearbyFragment: Sending 20200312_150643!003.mp4 to Nexus 5X [9c8f]
06-29 21:44:08.399  8352  8581 W mobile-ffmpeg: 
06-29 21:44:08.399  8352  8581 W mobile-ffmpeg: [mov,mp4,m4a,3gp,3g2,mj2 @ 0x77505f9400] 
06-29 21:44:08.399  8352  8581 W mobile-ffmpeg: 
06-29 21:44:08.399  8352  8581 W mobile-ffmpeg: Found duplicated MOOV Atom. Skipped it
06-29 21:44:09.094  8352  8352 W NearbyFragment: Sending 20200312_150744!000.mp4 to Galaxy S8 [2802]
06-29 21:44:09.099  8352  8352 W DashDownloadManager: Successfully downloaded 20200312_150744.mp4 in 23.251s
06-29 21:44:10.909  8352  8352 W NearbyFragment: Sending 20200312_150744!001.mp4 to Nexus 5 [1825]
06-29 21:44:13.198  8352  8352 W NearbyFragment: Sending 20200312_150744!002.mp4 to Galaxy S8 [2802]
06-29 21:44:14.783  8352  8352 W NearbyFragment: Sending 20200312_150744!003.mp4 to Nexus 5X [9c8f]
06-29 21:44:33.184  8352  8581 W mobile-ffmpeg: 
06-29 21:44:33.184  8352  8581 W mobile-ffmpeg: [mov,mp4,m4a,3gp,3g2,mj2 @ 0x77505f9400] 
06-29 21:44:33.184  8352  8581 W mobile-ffmpeg: 
06-29 21:44:33.184  8352  8581 W mobile-ffmpeg: Found duplicated MOOV Atom. Skipped it
06-29 21:44:33.907  8352  8352 W NearbyFragment: Sending 20200312_150844!000.mp4 to Galaxy S8 [2802]
06-29 21:44:33.911  8352  8352 W DashDownloadManager: Successfully downloaded 20200312_150844.mp4 in 23.751s
06-29 21:44:34.376  8352  8352 W NearbyFragment: Sending 20200312_150844!001.mp4 to Nexus 5 [1825]
06-29 21:44:34.669  8352  8352 W NearbyFragment: Completed downloading 20200312_150744!003.mp4 from Endpoint{id=nFAu, name=Nexus 5X [9c8f]} in 00.297s
06-29 21:44:34.826  8352  8352 W FfmpegTools: Single segment returned, duration of 20200312_150744: 4.89
06-29 21:44:35.856  8352  8352 W NearbyFragment: Sending 20200312_150844!002.mp4 to Nexus 5X [9c8f]
06-29 21:44:38.549  8352  8352 W NearbyFragment: Sending 20200312_150844!003.mp4 to Galaxy S8 [2802]
06-29 21:44:41.596  8352  8352 W NearbyFragment: Completed downloading 20200312_150844!000.mp4 from Endpoint{id=06ws, name=Galaxy S8 [2802]} in 03.053s
06-29 21:44:49.305  8352  8352 W NearbyFragment: Completed downloading 20200312_150844!003.mp4 from Endpoint{id=06ws, name=Galaxy S8 [2802]} in 02.219s
06-29 21:44:51.131  8352  8352 W NearbyFragment: Completed downloading 20200312_150844!002.mp4 from Endpoint{id=nFAu, name=Nexus 5X [9c8f]} in 03.390s
06-29 21:44:55.877  8352  8352 W NearbyFragment: Completed downloading 20200312_150844!001.mp4 from Endpoint{id=O4nr, name=Nexus 5 [1825]} in 07.084s
06-29 21:44:57.996  8352  8352 W FfmpegTools: Merged duration of 20200312_150844: 60.08
06-29 21:45:11.317  8352  8581 W mobile-ffmpeg: 
06-29 21:45:11.317  8352  8581 W mobile-ffmpeg: [mov,mp4,m4a,3gp,3g2,mj2 @ 0x77505f9400] 
06-29 21:45:11.317  8352  8581 W mobile-ffmpeg: 
06-29 21:45:11.317  8352  8581 W mobile-ffmpeg: Found duplicated MOOV Atom. Skipped it
06-29 21:45:12.071  8352  8352 W NearbyFragment: Sending 20200312_150944!000.mp4 to Galaxy S8 [2802]
06-29 21:45:12.074  8352  8352 W DashDownloadManager: Successfully downloaded 20200312_150944.mp4 in 37.097s
06-29 21:45:14.185  8352  8352 W NearbyFragment: Sending 20200312_150944!001.mp4 to Nexus 5 [1825]
06-29 21:45:18.306  8352  8352 W NearbyFragment: Sending 20200312_150944!002.mp4 to Nexus 5X [9c8f]
06-29 21:45:21.767  8352  8352 W NearbyFragment: Sending 20200312_150944!003.mp4 to Galaxy S8 [2802]
06-29 21:45:23.725  8352  8352 W NearbyFragment: Completed downloading 20200312_150944!000.mp4 from Endpoint{id=06ws, name=Galaxy S8 [2802]} in 00.073s
06-29 21:45:25.431  8352  8352 W FfmpegTools: Single segment returned, duration of 20200312_150944: 7.07
06-29 21:45:39.216  8352  8581 W mobile-ffmpeg: 
06-29 21:45:39.216  8352  8581 W mobile-ffmpeg: [mov,mp4,m4a,3gp,3g2,mj2 @ 0x77505f9400] 
06-29 21:45:39.216  8352  8581 W mobile-ffmpeg: 
06-29 21:45:39.216  8352  8581 W mobile-ffmpeg: Found duplicated MOOV Atom. Skipped it
06-29 21:45:40.624  8352  8352 W NearbyFragment: Sending 20200312_151044!000.mp4 to Galaxy S8 [2802]
06-29 21:45:40.628  8352  8352 W DashDownloadManager: Successfully downloaded 20200312_151044.mp4 in 27.504s
06-29 21:45:42.932  8352  8352 W NearbyFragment: Sending 20200312_151044!001.mp4 to Nexus 5 [1825]
06-29 21:45:44.958  8352  8352 W NearbyFragment: Sending 20200312_151044!002.mp4 to Galaxy S8 [2802]
06-29 21:45:46.823  8352  8352 W NearbyFragment: Sending 20200312_151044!003.mp4 to Nexus 5X [9c8f]
06-29 21:46:05.930  8352  8581 W mobile-ffmpeg: 
06-29 21:46:05.930  8352  8581 W mobile-ffmpeg: [mov,mp4,m4a,3gp,3g2,mj2 @ 0x77505f9400] 
06-29 21:46:05.930  8352  8581 W mobile-ffmpeg: 
06-29 21:46:05.930  8352  8581 W mobile-ffmpeg: Found duplicated MOOV Atom. Skipped it
06-29 21:46:07.274  8352  8352 W NearbyFragment: Sending 20200312_193528!000.mp4 to Galaxy S8 [2802]
06-29 21:46:07.277  8352  8352 W DashDownloadManager: Successfully downloaded 20200312_193528.mp4 in 25.583s
06-29 21:46:09.268  8352  8352 W NearbyFragment: Sending 20200312_193528!001.mp4 to Nexus 5 [1825]
06-29 21:46:11.218  8352  8352 W NearbyFragment: Sending 20200312_193528!002.mp4 to Galaxy S8 [2802]
06-29 21:46:13.329  8352  8352 W NearbyFragment: Sending 20200312_193528!003.mp4 to Nexus 5X [9c8f]
06-29 21:46:32.662  8352  8581 W mobile-ffmpeg: 
06-29 21:46:32.662  8352  8581 W mobile-ffmpeg: [mov,mp4,m4a,3gp,3g2,mj2 @ 0x77505f9400] 
06-29 21:46:32.662  8352  8581 W mobile-ffmpeg: 
06-29 21:46:32.663  8352  8581 W mobile-ffmpeg: Found duplicated MOOV Atom. Skipped it
06-29 21:46:34.191  8352  8352 W NearbyFragment: Sending 20200312_193628!000.mp4 to Galaxy S8 [2802]
06-29 21:46:34.195  8352  8352 W DashDownloadManager: Successfully downloaded 20200312_193628.mp4 in 25.867s
06-29 21:46:36.167  8352  8352 W NearbyFragment: Sending 20200312_193628!001.mp4 to Nexus 5 [1825]
06-29 21:46:38.128  8352  8352 W NearbyFragment: Sending 20200312_193628!002.mp4 to Galaxy S8 [2802]
06-29 21:46:40.266  8352  8352 W NearbyFragment: Sending 20200312_193628!003.mp4 to Nexus 5X [9c8f]
06-29 21:46:59.588  8352  8581 W mobile-ffmpeg: 
06-29 21:46:59.588  8352  8581 W mobile-ffmpeg: [mov,mp4,m4a,3gp,3g2,mj2 @ 0x77505f9400] 
06-29 21:46:59.588  8352  8581 W mobile-ffmpeg: 
06-29 21:46:59.588  8352  8581 W mobile-ffmpeg: Found duplicated MOOV Atom. Skipped it
06-29 21:47:00.318  8352  8352 W NearbyFragment: Sending 20200312_193728!000.mp4 to Galaxy S8 [2802]
06-29 21:47:00.320  8352  8352 W DashDownloadManager: Successfully downloaded 20200312_193728.mp4 in 25.070s
06-29 21:47:02.184  8352  8352 W NearbyFragment: Sending 20200312_193728!001.mp4 to Nexus 5 [1825]
06-29 21:47:02.300  8352  8352 W NearbyFragment: Sending 20200312_193728!002.mp4 to Nexus 5X [9c8f]
06-29 21:47:02.449  8352  8352 W NearbyFragment: Completed downloading 20200312_193628!003.mp4 from Endpoint{id=nFAu, name=Nexus 5X [9c8f]} in 00.270s
06-29 21:47:02.575  8352  8352 W FfmpegTools: Single segment returned, duration of 20200312_193628: 6.16
06-29 21:47:05.301  8352  8352 W NearbyFragment: Sending 20200312_193728!003.mp4 to Galaxy S8 [2802]
06-29 21:47:08.814  8352  8352 W NearbyFragment: Completed downloading 20200312_193728!000.mp4 from Endpoint{id=06ws, name=Galaxy S8 [2802]} in 03.518s
06-29 21:47:14.509  8352  8352 W NearbyFragment: Completed downloading 20200312_193728!003.mp4 from Endpoint{id=06ws, name=Galaxy S8 [2802]} in 01.205s
06-29 21:47:21.831  8352  8352 W NearbyFragment: Completed downloading 20200312_193728!002.mp4 from Endpoint{id=nFAu, name=Nexus 5X [9c8f]} in 04.942s
06-29 21:47:23.041  8352  8352 W NearbyFragment: Completed downloading 20200312_193728!001.mp4 from Endpoint{id=O4nr, name=Nexus 5 [1825]} in 06.840s
06-29 21:47:25.197  8352  8352 W FfmpegTools: Merged duration of 20200312_193728: 60.07
06-29 21:47:35.291  8352  8581 W mobile-ffmpeg: 
06-29 21:47:35.291  8352  8581 W mobile-ffmpeg: [mov,mp4,m4a,3gp,3g2,mj2 @ 0x77505f9400] 
06-29 21:47:35.291  8352  8581 W mobile-ffmpeg: 
06-29 21:47:35.292  8352  8581 W mobile-ffmpeg: Found duplicated MOOV Atom. Skipped it
06-29 21:47:36.924  8352  8352 W NearbyFragment: Sending 20200312_193828!000.mp4 to Galaxy S8 [2802]
06-29 21:47:36.930  8352  8352 W DashDownloadManager: Successfully downloaded 20200312_193828.mp4 in 35.539s
06-29 21:47:39.072  8352  8352 W NearbyFragment: Sending 20200312_193828!001.mp4 to Nexus 5 [1825]
06-29 21:47:43.014  8352  8352 W NearbyFragment: Sending 20200312_193828!002.mp4 to Nexus 5X [9c8f]
06-29 21:47:45.483  8352  8352 W NearbyFragment: Sending 20200312_193828!003.mp4 to Galaxy S8 [2802]
06-29 21:47:56.042  8352  8352 W NearbyFragment: Completed downloading 20200312_193828!000.mp4 from Endpoint{id=06ws, name=Galaxy S8 [2802]} in 00.473s
06-29 21:47:57.377  8352  8352 W FfmpegTools: Single segment returned, duration of 20200312_193828: 14.28
06-29 21:48:05.506  8352  8581 W mobile-ffmpeg: 
06-29 21:48:05.507  8352  8581 W mobile-ffmpeg: [mov,mp4,m4a,3gp,3g2,mj2 @ 0x77504d8200] 
06-29 21:48:05.507  8352  8581 W mobile-ffmpeg: 
06-29 21:48:05.507  8352  8581 W mobile-ffmpeg: Found duplicated MOOV Atom. Skipped it
06-29 21:48:07.036  8352  8352 W NearbyFragment: Sending 20200312_193928!000.mp4 to Galaxy S8 [2802]
06-29 21:48:07.040  8352  8352 W DashDownloadManager: Successfully downloaded 20200312_193928.mp4 in 29.043s
06-29 21:48:09.282  8352  8352 W NearbyFragment: Sending 20200312_193928!001.mp4 to Nexus 5 [1825]
06-29 21:48:11.262  8352  8352 W NearbyFragment: Sending 20200312_193928!002.mp4 to Galaxy S8 [2802]
06-29 21:48:13.493  8352  8352 W NearbyFragment: Sending 20200312_193928!003.mp4 to Nexus 5X [9c8f]
06-29 21:48:35.519  8352  8581 W mobile-ffmpeg: 
06-29 21:48:35.519  8352  8581 W mobile-ffmpeg: [mov,mp4,m4a,3gp,3g2,mj2 @ 0x77504d8200] 
06-29 21:48:35.519  8352  8581 W mobile-ffmpeg: 
06-29 21:48:35.519  8352  8581 W mobile-ffmpeg: Found duplicated MOOV Atom. Skipped it
06-29 21:48:36.456  8352  8352 W NearbyFragment: Sending 20200312_194129!000.mp4 to Galaxy S8 [2802]
06-29 21:48:36.460  8352  8352 W DashDownloadManager: Successfully downloaded 20200312_194129.mp4 in 28.362s
06-29 21:48:38.721  8352  8352 W NearbyFragment: Sending 20200312_194129!001.mp4 to Nexus 5 [1825]
06-29 21:48:40.668  8352  8352 W NearbyFragment: Sending 20200312_194129!002.mp4 to Galaxy S8 [2802]
06-29 21:48:42.533  8352  8352 W NearbyFragment: Sending 20200312_194129!003.mp4 to Nexus 5X [9c8f]
06-29 21:48:54.143  8352  8352 W NearbyFragment: Completed downloading 20200312_194129!003.mp4 from Endpoint{id=nFAu, name=Nexus 5X [9c8f]} in 00.065s
06-29 21:48:54.564  8352  8352 W NearbyFragment: Completed downloading 20200312_194129!002.mp4 from Endpoint{id=06ws, name=Galaxy S8 [2802]} in 00.179s
06-29 21:48:59.127  8352  8352 W NearbyFragment: Completed downloading 20200312_194129!001.mp4 from Endpoint{id=O4nr, name=Nexus 5 [1825]} in 00.337s
06-29 21:48:59.546  8352  8352 W FfmpegTools: Merged duration of 20200312_194129: 11.04
06-29 21:49:03.857  8352  8581 W mobile-ffmpeg: 
06-29 21:49:03.857  8352  8581 W mobile-ffmpeg: [mov,mp4,m4a,3gp,3g2,mj2 @ 0x77504d8200] 
06-29 21:49:03.857  8352  8581 W mobile-ffmpeg: 
06-29 21:49:03.857  8352  8581 W mobile-ffmpeg: Found duplicated MOOV Atom. Skipped it
06-29 21:49:05.555  8352  8352 W NearbyFragment: Sending 20200312_194229!000.mp4 to Galaxy S8 [2802]
06-29 21:49:05.561  8352  8352 W DashDownloadManager: Successfully downloaded 20200312_194229.mp4 in 28.014s
06-29 21:49:07.813  8352  8352 W NearbyFragment: Sending 20200312_194229!001.mp4 to Nexus 5 [1825]
06-29 21:49:11.055  8352  8352 W NearbyFragment: Sending 20200312_194229!002.mp4 to Nexus 5X [9c8f]
06-29 21:49:13.511  8352  8352 W NearbyFragment: Sending 20200312_194229!003.mp4 to Galaxy S8 [2802]
06-29 21:49:17.274  8352  8352 W NearbyFragment: Completed downloading 20200312_194229!000.mp4 from Endpoint{id=06ws, name=Galaxy S8 [2802]} in 00.363s
06-29 21:49:32.799  8352  8581 W mobile-ffmpeg: 
06-29 21:49:32.799  8352  8581 W mobile-ffmpeg: [mov,mp4,m4a,3gp,3g2,mj2 @ 0x77504d8200] 
06-29 21:49:32.799  8352  8581 W mobile-ffmpeg: 
06-29 21:49:32.799  8352  8581 W mobile-ffmpeg: Found duplicated MOOV Atom. Skipped it
06-29 21:49:33.723  8352  8352 W NearbyFragment: Sending 20200312_194330!000.mp4 to Galaxy S8 [2802]
06-29 21:49:33.727  8352  8352 W DashDownloadManager: Successfully downloaded 20200312_194330.mp4 in 27.113s
06-29 21:49:35.791  8352  8352 W NearbyFragment: Sending 20200312_194330!001.mp4 to Nexus 5X [9c8f]
06-29 21:49:37.941  8352  8352 W NearbyFragment: Sending 20200312_194330!002.mp4 to Galaxy S8 [2802]
06-29 21:49:43.421  8352  8352 W NearbyFragment: Sending 20200312_194330!003.mp4 to Galaxy S8 [2802]
06-29 21:49:45.855  8352  8352 W NearbyFragment: Completed downloading 20200312_194229!001.mp4 from Endpoint{id=O4nr, name=Nexus 5 [1825]} in 00.398s
06-29 21:49:46.343  8352  8352 W FfmpegTools: Merged duration of 20200312_194229: 14.35
06-29 21:49:59.925  8352  8581 W mobile-ffmpeg: 
06-29 21:49:59.925  8352  8581 W mobile-ffmpeg: [mov,mp4,m4a,3gp,3g2,mj2 @ 0x77504d8200] 
06-29 21:49:59.925  8352  8581 W mobile-ffmpeg: 
06-29 21:49:59.925  8352  8581 W mobile-ffmpeg: Found duplicated MOOV Atom. Skipped it
06-29 21:50:00.829  8352  8352 W NearbyFragment: Sending 20200312_194730!000.mp4 to Galaxy S8 [2802]
06-29 21:50:00.833  8352  8352 W DashDownloadManager: Successfully downloaded 20200312_194730.mp4 in 26.039s
06-29 21:50:03.126  8352  8352 W NearbyFragment: Sending 20200312_194730!001.mp4 to Nexus 5X [9c8f]
06-29 21:50:05.158  8352  8352 W NearbyFragment: Sending 20200312_194730!002.mp4 to Galaxy S8 [2802]
06-29 21:50:07.044  8352  8352 W NearbyFragment: Sending 20200312_194730!003.mp4 to Nexus 5 [1825]
06-29 21:50:28.131  8352  8581 W mobile-ffmpeg: 
06-29 21:50:28.131  8352  8581 W mobile-ffmpeg: [mov,mp4,m4a,3gp,3g2,mj2 @ 0x77504d8200] 
06-29 21:50:28.131  8352  8581 W mobile-ffmpeg: 
06-29 21:50:28.131  8352  8581 W mobile-ffmpeg: Found duplicated MOOV Atom. Skipped it
06-29 21:50:29.431  8352  8352 W NearbyFragment: Sending 20200312_194830!000.mp4 to Galaxy S8 [2802]
06-29 21:50:29.434  8352  8352 W DashDownloadManager: Successfully downloaded 20200312_194830.mp4 in 27.544s
06-29 21:50:31.540  8352  8352 W NearbyFragment: Sending 20200312_194830!001.mp4 to Nexus 5X [9c8f]
06-29 21:50:34.031  8352  8352 W NearbyFragment: Sending 20200312_194830!002.mp4 to Nexus 5 [1825]
06-29 21:50:38.367  8352  8352 W NearbyFragment: Sending 20200312_194830!003.mp4 to Galaxy S8 [2802]
06-29 21:50:39.122  8352  8352 W NearbyFragment: Completed downloading 20200312_194830!000.mp4 from Endpoint{id=06ws, name=Galaxy S8 [2802]} in 00.337s
06-29 21:50:56.281  8352  8581 W mobile-ffmpeg: 
06-29 21:50:56.281  8352  8581 W mobile-ffmpeg: [mov,mp4,m4a,3gp,3g2,mj2 @ 0x77504d8200] 
06-29 21:50:56.281  8352  8581 W mobile-ffmpeg: 
06-29 21:50:56.281  8352  8581 W mobile-ffmpeg: Found duplicated MOOV Atom. Skipped it
06-29 21:50:57.316  8352  8352 W NearbyFragment: Sending 20200312_194930!000.mp4 to Galaxy S8 [2802]
06-29 21:50:57.319  8352  8352 W DashDownloadManager: Successfully downloaded 20200312_194930.mp4 in 26.814s
06-29 21:50:59.272  8352  8352 W NearbyFragment: Sending 20200312_194930!001.mp4 to Galaxy S8 [2802]
06-29 21:51:01.400  8352  8352 W NearbyFragment: Sending 20200312_194930!002.mp4 to Nexus 5X [9c8f]
06-29 21:51:01.923  8352  8352 W NearbyFragment: Sending 20200312_194930!003.mp4 to Nexus 5X [9c8f]
06-29 21:51:03.045  8352  8352 W NearbyFragment: Completed downloading 20200312_194830!001.mp4 from Endpoint{id=nFAu, name=Nexus 5X [9c8f]} in 01.125s
06-29 21:51:11.328  8352  8352 W NearbyFragment: Completed downloading 20200312_194930!000.mp4 from Endpoint{id=06ws, name=Galaxy S8 [2802]} in 00.276s
06-29 21:51:15.280  8352  8352 W NearbyFragment: Completed downloading 20200312_194930!001.mp4 from Endpoint{id=06ws, name=Galaxy S8 [2802]} in 00.095s
06-29 21:51:15.915  8352  8352 W NearbyFragment: Completed downloading 20200312_194830!002.mp4 from Endpoint{id=O4nr, name=Nexus 5 [1825]} in 00.445s
06-29 21:51:16.515  8352  8352 W FfmpegTools: Merged duration of 20200312_194830: 20.90
06-29 21:51:26.163  8352  8581 W mobile-ffmpeg: 
06-29 21:51:26.163  8352  8581 W mobile-ffmpeg: [mov,mp4,m4a,3gp,3g2,mj2 @ 0x77504d8200] 
06-29 21:51:26.163  8352  8581 W mobile-ffmpeg: 
06-29 21:51:26.163  8352  8581 W mobile-ffmpeg: Found duplicated MOOV Atom. Skipped it
06-29 21:51:27.099  8352  8352 W NearbyFragment: Sending 20200312_195230!000.mp4 to Galaxy S8 [2802]
06-29 21:51:27.102  8352  8352 W DashDownloadManager: Successfully downloaded 20200312_195230.mp4 in 28.711s
06-29 21:51:29.697  8352  8352 W NearbyFragment: Sending 20200312_195230!001.mp4 to Nexus 5 [1825]
06-29 21:51:31.719  8352  8352 W NearbyFragment: Sending 20200312_195230!002.mp4 to Galaxy S8 [2802]
06-29 21:51:34.005  8352  8352 W NearbyFragment: Sending 20200312_195230!003.mp4 to Galaxy S8 [2802]
06-29 21:51:55.842  8352  8581 W mobile-ffmpeg: 
06-29 21:51:55.842  8352  8581 W mobile-ffmpeg: [mov,mp4,m4a,3gp,3g2,mj2 @ 0x77504d8200] 
06-29 21:51:55.842  8352  8581 W mobile-ffmpeg: 
06-29 21:51:55.842  8352  8581 W mobile-ffmpeg: Found duplicated MOOV Atom. Skipped it
06-29 21:51:57.487  8352  8352 W NearbyFragment: Sending 20200312_195330!000.mp4 to Galaxy S8 [2802]
06-29 21:51:57.490  8352  8352 W DashDownloadManager: Successfully downloaded 20200312_195330.mp4 in 29.319s
06-29 21:51:57.498  8352  8352 W NearbyFragment: Sending 20200312_195330!001.mp4 to Nexus 5X [9c8f]
06-29 21:51:57.523  8352  8352 W NearbyFragment: Completed downloading 20200312_194930!003.mp4 from Endpoint{id=nFAu, name=Nexus 5X [9c8f]} in 00.027s
06-29 21:51:58.143  8352  8352 W FfmpegTools: Merged duration of 20200312_194930: 22.33
06-29 21:51:59.801  8352  8352 W NearbyFragment: Sending 20200312_195330!002.mp4 to Galaxy S8 [2802]
06-29 21:52:01.968  8352  8352 W NearbyFragment: Sending 20200312_195330!003.mp4 to Nexus 5X [9c8f]
06-29 21:52:05.169  8352  8352 W NearbyFragment: Completed downloading 20200312_195330!000.mp4 from Endpoint{id=06ws, name=Galaxy S8 [2802]} in 00.295s
06-29 21:52:08.316  8352  8352 W NearbyFragment: Completed downloading 20200312_195230!001.mp4 from Endpoint{id=O4nr, name=Nexus 5 [1825]} in 00.389s
06-29 21:52:08.504  8352  8352 W FfmpegTools: Single segment returned, duration of 20200312_195230: 6.97
06-29 21:52:15.721  8352  8352 W NearbyFragment: Completed downloading 20200312_195330!002.mp4 from Endpoint{id=06ws, name=Galaxy S8 [2802]} in 00.172s
06-29 21:52:26.388  8352  8581 W mobile-ffmpeg: 
06-29 21:52:26.388  8352  8581 W mobile-ffmpeg: [mov,mp4,m4a,3gp,3g2,mj2 @ 0x77504d8200] 
06-29 21:52:26.388  8352  8581 W mobile-ffmpeg: 
06-29 21:52:26.388  8352  8581 W mobile-ffmpeg: Found duplicated MOOV Atom. Skipped it
06-29 21:52:27.341  8352  8352 W NearbyFragment: Sending 20200312_195430!000.mp4 to Galaxy S8 [2802]
06-29 21:52:27.347  8352  8352 W DashDownloadManager: Successfully downloaded 20200312_195430.mp4 in 28.786s
06-29 21:52:28.363  8352  8558 W NearbyFragment: Stopped downloading from dashcam
06-29 21:52:29.426  8352  8352 W NearbyFragment: Sending 20200312_195430!001.mp4 to Nexus 5 [1825]
06-29 21:52:34.679  8352  8352 W NearbyFragment: Sending 20200312_195430!002.mp4 to Galaxy S8 [2802]
06-29 21:52:36.686  8352  8352 W NearbyFragment: Sending 20200312_195430!003.mp4 to Nexus 5 [1825]
06-29 21:52:37.960  8352  8352 W NearbyFragment: Completed downloading 20200312_195430!000.mp4 from Endpoint{id=06ws, name=Galaxy S8 [2802]} in 00.438s
06-29 21:52:45.396  8352  8352 W NearbyFragment: Completed downloading 20200312_195430!002.mp4 from Endpoint{id=06ws, name=Galaxy S8 [2802]} in 00.105s
06-29 21:52:48.882  8352  8352 W NearbyFragment: Completed downloading 20200312_195330!001.mp4 from Endpoint{id=nFAu, name=Nexus 5X [9c8f]} in 00.653s
06-29 21:53:03.377  8352  8352 W NearbyFragment: Completed downloading 20200312_195430!001.mp4 from Endpoint{id=O4nr, name=Nexus 5 [1825]} in 00.490s
06-29 21:53:05.716  8352  8352 W NearbyFragment: Completed downloading 20200312_195330!003.mp4 from Endpoint{id=nFAu, name=Nexus 5X [9c8f]} in 00.151s
06-29 21:53:06.251  8352  8352 W FfmpegTools: Merged duration of 20200312_195330: 24.63
06-29 21:53:29.262  8352  8352 W NearbyFragment: Completed downloading 20200312_195430!003.mp4 from Endpoint{id=O4nr, name=Nexus 5 [1825]} in 00.164s
06-29 21:53:29.633  8352  8352 W FfmpegTools: Merged duration of 20200312_195430: 21.94
