--------- beginning of main
07-05 16:49:34.191 22898 22898 E Zygote  : isWhitelistProcess - Process is Whitelisted
07-05 16:49:34.193 22898 22898 E Zygote  : accessInfo : 1
--------- beginning of system
07-05 16:49:35.215 22898 22898 W LogFactory: Truncating log tag length as it exceed 23, the limit imposed by Android on certain API Levels
07-05 16:49:35.243 22898 22898 W ActivityThread: handleWindowVisibility: no activity for token android.os.BinderProxy@7f1426b
07-05 16:49:35.314 22898 22898 W example.edgesu: Accessing hidden method Landroid/graphics/drawable/Drawable;->getOpticalInsets()Landroid/graphics/Insets; (light greylist, linking)
07-05 16:49:35.314 22898 22898 W example.edgesu: Accessing hidden field Landroid/graphics/Insets;->left:I (light greylist, linking)
07-05 16:49:35.314 22898 22898 W example.edgesu: Accessing hidden field Landroid/graphics/Insets;->right:I (light greylist, linking)
07-05 16:49:35.314 22898 22898 W example.edgesu: Accessing hidden field Landroid/graphics/Insets;->top:I (light greylist, linking)
07-05 16:49:35.314 22898 22898 W example.edgesu: Accessing hidden field Landroid/graphics/Insets;->bottom:I (light greylist, linking)
07-05 16:49:35.361 22898 22898 W example.edgesu: Accessing hidden method Landroid/view/View;->computeFitSystemWindows(Landroid/graphics/Rect;Landroid/graphics/Rect;)Z (light greylist, reflection)
07-05 16:49:35.362 22898 22898 W example.edgesu: Accessing hidden method Landroid/view/ViewGroup;->makeOptionalFitsSystemWindows()V (light greylist, reflection)
07-05 16:49:35.467 22898 22898 W example.edgesu: Accessing hidden method Landroid/widget/TextView;->getTextDirectionHeuristic()Landroid/text/TextDirectionHeuristic; (light greylist, linking)
07-05 16:49:35.476 22898 22898 W example.edgesu: Accessing hidden field Landroid/view/View;->mAccessibilityDelegate:Landroid/view/View$AccessibilityDelegate; (light greylist, reflection)
07-05 16:49:35.785 22898 22898 E TransferService: No notification is passed in the intent. Unable to transition to foreground.
07-05 16:49:35.834 22898 22898 W StaticLayout: maxLineHeight should not be -1.  maxLines:1 lineCount:1
07-05 16:49:35.844 22898 22898 W StaticLayout: maxLineHeight should not be -1.  maxLines:1 lineCount:1
07-05 16:49:35.848 22898 22898 W StaticLayout: maxLineHeight should not be -1.  maxLines:1 lineCount:1
07-05 16:49:35.853 22898 22898 W StaticLayout: maxLineHeight should not be -1.  maxLines:1 lineCount:1
07-05 16:49:35.869 22898 22898 W StaticLayout: maxLineHeight should not be -1.  maxLines:1 lineCount:1
07-05 16:49:35.873 22898 22898 W StaticLayout: maxLineHeight should not be -1.  maxLines:1 lineCount:1
07-05 16:50:15.588 22898 22898 W example.edgesu: Accessing hidden method Landroid/graphics/FontFamily;-><init>()V (light greylist, reflection)
07-05 16:50:15.589 22898 22898 W example.edgesu: Accessing hidden method Landroid/graphics/FontFamily;->addFontFromAssetManager(Landroid/content/res/AssetManager;Ljava/lang/String;IZIII[Landroid/graphics/fonts/FontVariationAxis;)Z (light greylist, reflection)
07-05 16:50:15.589 22898 22898 W example.edgesu: Accessing hidden method Landroid/graphics/FontFamily;->addFontFromBuffer(Ljava/nio/ByteBuffer;I[Landroid/graphics/fonts/FontVariationAxis;II)Z (light greylist, reflection)
07-05 16:50:15.589 22898 22898 W example.edgesu: Accessing hidden method Landroid/graphics/FontFamily;->freeze()Z (light greylist, reflection)
07-05 16:50:15.589 22898 22898 W example.edgesu: Accessing hidden method Landroid/graphics/FontFamily;->abortCreation()V (light greylist, reflection)
07-05 16:50:15.589 22898 22898 W example.edgesu: Accessing hidden method Landroid/graphics/Typeface;->createFromFamiliesWithDefault([Landroid/graphics/FontFamily;Ljava/lang/String;II)Landroid/graphics/Typeface; (light greylist, reflection)
07-05 16:50:19.537 22898 22920 W libEGL  : EGLNativeWindowType 0x779b5ce010 disconnect failed
07-05 16:50:19.578 22898 22898 E ViewRootImpl: sendUserActionEvent() returned.
07-05 16:50:48.361 22898 22898 W NearbyFragment: Preferences:
07-05 16:50:48.361 22898 22898 W NearbyFragment:   Auto download: true
07-05 16:50:48.361 22898 22898 W NearbyFragment:   Algorithm: best
07-05 16:50:48.361 22898 22898 W NearbyFragment:   Fast scheduling: true
07-05 16:50:48.361 22898 22898 W NearbyFragment:   Segmentation: true
07-05 16:50:48.361 22898 22898 W NearbyFragment:   Auto segmentation: false
07-05 16:50:48.361 22898 22898 W NearbyFragment:   Segment number: 4
07-05 16:50:48.361 22898 22898 W NearbyFragment:   Noise tolerance: 45.00
07-05 16:50:48.361 22898 22898 W NearbyFragment:   Quality: 23
07-05 16:50:48.361 22898 22898 W NearbyFragment:   Speed: medium
07-05 16:50:48.361 22898 22898 W NearbyFragment:   Freeze duration: 1.00
07-05 16:50:48.362 22898 22898 W NearbyFragment: Download delay: 1s
07-05 16:50:48.362 22898 22898 W NearbyFragment: Started downloading from dashcam
07-05 16:51:06.067 22898 23662 W DashDownloadManager: Successfully downloaded 20200312_150643.mp4 in 17.535s
07-05 16:51:06.203 22898 23769 W mobile-ffmpeg: [mov,mp4,m4a,3gp,3g2,mj2 @ 0x77b44b9e00] Found duplicated MOOV Atom. Skipped it
07-05 16:51:06.359 22898 23769 W mobile-ffmpeg: [mov,mp4,m4a,3gp,3g2,mj2 @ 0x77b44b9e00] Found duplicated MOOV Atom. Skipped it
07-05 16:51:07.078 22898 23662 W NearbyFragment: Sending 20200312_150643!000.mp4 to Nexus 5X [34d8]
07-05 16:51:11.066 22898 22898 W NearbyFragment: Sending 20200312_150643!001.mp4 to Nexus 5X [34d8]
07-05 16:51:16.695 22898 22898 W NearbyFragment: Sending 20200312_150643!002.mp4 to Nexus 5X [34d8]
07-05 16:51:19.157 22898 22898 W NearbyFragment: Sending 20200312_150643!003.mp4 to Nexus 5X [34d8]
07-05 16:51:25.307 22898 22898 W example.edgesu: Accessing hidden method Landroid/view/View;->getTransitionAlpha()F (light greylist, linking)
07-05 16:51:25.307 22898 22898 W example.edgesu: Accessing hidden method Landroid/view/View;->setTransitionAlpha(F)V (light greylist, linking)
07-05 16:51:25.307 22898 22898 W example.edgesu: Accessing hidden method Landroid/view/View;->setAnimationMatrix(Landroid/graphics/Matrix;)V (light greylist, linking)
07-05 16:51:25.307 22898 22898 W example.edgesu: Accessing hidden method Landroid/view/View;->transformMatrixToGlobal(Landroid/graphics/Matrix;)V (light greylist, linking)
07-05 16:51:25.307 22898 22898 W example.edgesu: Accessing hidden method Landroid/view/View;->transformMatrixToLocal(Landroid/graphics/Matrix;)V (light greylist, linking)
07-05 16:51:25.307 22898 22898 W example.edgesu: Accessing hidden method Landroid/view/View;->setLeftTopRightBottom(IIII)V (light greylist, linking)
07-05 16:51:25.307 22898 22898 W example.edgesu: Accessing hidden method Landroid/view/View;->setTransitionVisibility(I)V (dark greylist, linking)
07-05 16:51:25.327 22898 22898 W StaticLayout: maxLineHeight should not be -1.  maxLines:1 lineCount:1
07-05 16:51:25.330 22898 22898 W StaticLayout: maxLineHeight should not be -1.  maxLines:1 lineCount:1
07-05 16:51:25.336 22898 22898 W example.edgesu: Accessing hidden field Landroid/view/View;->mViewFlags:I (light greylist, reflection)
07-05 16:51:25.338 22898 22898 W example.edgesu: Accessing hidden method Landroid/view/ViewGroup;->suppressLayout(Z)V (light greylist, linking)
07-05 16:51:33.664 22898 23662 W DashDownloadManager: Successfully downloaded 20200312_150744.mp4 in 25.467s
07-05 16:51:33.678 22898 23769 W mobile-ffmpeg: [mov,mp4,m4a,3gp,3g2,mj2 @ 0x779b2f8200] Found duplicated MOOV Atom. Skipped it
07-05 16:51:33.768 22898 23769 W mobile-ffmpeg: [mov,mp4,m4a,3gp,3g2,mj2 @ 0x779b2f8200] Found duplicated MOOV Atom. Skipped it
07-05 16:51:34.293 22898 23662 W NearbyFragment: Sending 20200312_150744!000.mp4 to Nexus 5X [34d8]
07-05 16:51:36.875 22898 22898 W NearbyFragment: Sending 20200312_150744!001.mp4 to Nexus 5X [34d8]
07-05 16:51:38.294 22898 22898 W NearbyFragment: Sending 20200312_150744!002.mp4 to Nexus 5X [34d8]
07-05 16:51:44.176 22898 22898 W NearbyFragment: Sending 20200312_150744!003.mp4 to Nexus 5X [34d8]
07-05 16:51:59.142 22898 23662 W DashDownloadManager: Successfully downloaded 20200312_150844.mp4 in 23.757s
07-05 16:51:59.155 22898 23769 W mobile-ffmpeg: [mov,mp4,m4a,3gp,3g2,mj2 @ 0x779b2f8800] Found duplicated MOOV Atom. Skipped it
07-05 16:51:59.266 22898 23769 W mobile-ffmpeg: [mov,mp4,m4a,3gp,3g2,mj2 @ 0x779b2f8800] Found duplicated MOOV Atom. Skipped it
07-05 16:52:00.073 22898 23662 W NearbyFragment: Sending 20200312_150844!000.mp4 to Nexus 5X [34d8]
07-05 16:52:06.197 22898 22898 W NearbyFragment: Sending 20200312_150844!001.mp4 to Nexus 5X [34d8]
07-05 16:52:09.215 22898 22898 W NearbyFragment: Sending 20200312_150844!002.mp4 to Nexus 5X [34d8]
07-05 16:52:13.475 22898 22898 W NearbyFragment: Sending 20200312_150844!003.mp4 to Nexus 5X [34d8]
07-05 16:52:25.469 22898 23662 W DashDownloadManager: Successfully downloaded 20200312_150944.mp4 in 24.307s
07-05 16:52:25.479 22898 23769 W mobile-ffmpeg: [mov,mp4,m4a,3gp,3g2,mj2 @ 0x77b44ba400] Found duplicated MOOV Atom. Skipped it
07-05 16:52:25.582 22898 23769 W mobile-ffmpeg: [mov,mp4,m4a,3gp,3g2,mj2 @ 0x77b44ba400] Found duplicated MOOV Atom. Skipped it
07-05 16:52:26.461 22898 22898 W NearbyFragment: Completed downloading 20200312_150744!003.mp4 from Endpoint{id=09sQ, name=Nexus 5X [34d8]} in 00.485s
07-05 16:52:26.544 22898 23662 W NearbyFragment: Sending 20200312_150944!000.mp4 to Nexus 5X [34d8]
07-05 16:52:26.598 22898 22898 W FfmpegTools: Single segment returned, duration of 20200312_150744: 4.89
07-05 16:52:32.510 22898 22898 W NearbyFragment: Sending 20200312_150944!001.mp4 to Nexus 5X [34d8]
07-05 16:52:34.727 22898 22898 W NearbyFragment: Sending 20200312_150944!002.mp4 to Nexus 5X [34d8]
07-05 16:52:38.259 22898 22898 W NearbyFragment: Sending 20200312_150944!003.mp4 to Nexus 5X [34d8]
07-05 16:52:43.117 22898 22898 W NearbyFragment: Completed downloading 20200312_150844!000.mp4 from Endpoint{id=09sQ, name=Nexus 5X [34d8]} in 08.394s
07-05 16:52:54.349 22898 22898 W NearbyFragment: Completed downloading 20200312_150844!001.mp4 from Endpoint{id=09sQ, name=Nexus 5X [34d8]} in 08.280s
07-05 16:52:57.376 22898 23662 W DashDownloadManager: Successfully downloaded 20200312_151044.mp4 in 29.734s
07-05 16:52:57.386 22898 23769 W mobile-ffmpeg: [mov,mp4,m4a,3gp,3g2,mj2 @ 0x77b4458400] Found duplicated MOOV Atom. Skipped it
07-05 16:52:57.469 22898 23769 W mobile-ffmpeg: [mov,mp4,m4a,3gp,3g2,mj2 @ 0x77b4458400] Found duplicated MOOV Atom. Skipped it
07-05 16:52:58.174 22898 23662 W NearbyFragment: Sending 20200312_151044!000.mp4 to Nexus 5X [34d8]
07-05 16:53:05.550 22898 22898 W NearbyFragment: Completed downloading 20200312_150844!002.mp4 from Endpoint{id=09sQ, name=Nexus 5X [34d8]} in 08.146s
07-05 16:53:06.073 22898 22898 W NearbyFragment: Sending 20200312_151044!001.mp4 to Nexus 5X [34d8]
07-05 16:53:06.269 22898 22898 W NearbyFragment: Sending 20200312_151044!002.mp4 to Nexus 5X [34d8]
07-05 16:53:12.647 22898 22898 W NearbyFragment: Completed downloading 20200312_150844!003.mp4 from Endpoint{id=09sQ, name=Nexus 5X [34d8]} in 06.382s
07-05 16:53:13.628 22898 22898 W FfmpegTools: Merged duration of 20200312_150844: 60.08
07-05 16:53:14.905 22898 22898 W NearbyFragment: Sending 20200312_151044!003.mp4 to Nexus 5X [34d8]
07-05 16:53:27.171 22898 23662 W DashDownloadManager: Successfully downloaded 20200312_193528.mp4 in 27.879s
07-05 16:53:27.182 22898 23769 W mobile-ffmpeg: [mov,mp4,m4a,3gp,3g2,mj2 @ 0x77b4458400] Found duplicated MOOV Atom. Skipped it
07-05 16:53:27.278 22898 23769 W mobile-ffmpeg: [mov,mp4,m4a,3gp,3g2,mj2 @ 0x77b4458400] Found duplicated MOOV Atom. Skipped it
07-05 16:53:28.065 22898 23662 W NearbyFragment: Sending 20200312_193528!000.mp4 to Nexus 5X [34d8]
07-05 16:53:33.715 22898 22898 W NearbyFragment: Sending 20200312_193528!001.mp4 to Nexus 5X [34d8]
07-05 16:53:39.494 22898 22898 W NearbyFragment: Sending 20200312_193528!002.mp4 to Nexus 5X [34d8]
07-05 16:53:44.388 22898 22898 W NearbyFragment: Sending 20200312_193528!003.mp4 to Nexus 5X [34d8]
07-05 16:53:54.542 22898 23662 W DashDownloadManager: Successfully downloaded 20200312_193628.mp4 in 25.346s
07-05 16:53:54.556 22898 23769 W mobile-ffmpeg: [mov,mp4,m4a,3gp,3g2,mj2 @ 0x77b4458400] Found duplicated MOOV Atom. Skipped it
07-05 16:53:54.661 22898 23769 W mobile-ffmpeg: [mov,mp4,m4a,3gp,3g2,mj2 @ 0x77b4458400] Found duplicated MOOV Atom. Skipped it
07-05 16:53:55.496 22898 23662 W NearbyFragment: Sending 20200312_193628!000.mp4 to Nexus 5X [34d8]
07-05 16:53:58.828 22898 22898 W NearbyFragment: Sending 20200312_193628!001.mp4 to Nexus 5X [34d8]
07-05 16:53:59.387 22898 22898 W NearbyFragment: Sending 20200312_193628!002.mp4 to Nexus 5X [34d8]
07-05 16:54:04.735 22898 22898 W NearbyFragment: Completed downloading 20200312_150944!000.mp4 from Endpoint{id=09sQ, name=Nexus 5X [34d8]} in 05.354s
07-05 16:54:06.327 22898 22898 W NearbyFragment: Sending 20200312_193628!003.mp4 to Nexus 5X [34d8]
07-05 16:54:20.399 22898 23662 W DashDownloadManager: Successfully downloaded 20200312_193728.mp4 in 23.782s
07-05 16:54:20.412 22898 23769 W mobile-ffmpeg: [mov,mp4,m4a,3gp,3g2,mj2 @ 0x77b4458400] Found duplicated MOOV Atom. Skipped it
07-05 16:54:20.520 22898 23769 W mobile-ffmpeg: [mov,mp4,m4a,3gp,3g2,mj2 @ 0x77b4458400] Found duplicated MOOV Atom. Skipped it
07-05 16:54:21.024 22898 23662 W NearbyFragment: Sending 20200312_193728!000.mp4 to Nexus 5X [34d8]
07-05 16:54:27.012 22898 22898 W FfmpegTools: Single segment returned, duration of 20200312_150944: 7.07
07-05 16:54:27.159 22898 22898 W NearbyFragment: Sending 20200312_193728!001.mp4 to Nexus 5X [34d8]
07-05 16:54:27.533 22898 22898 W NearbyFragment: Sending 20200312_193728!002.mp4 to Nexus 5X [34d8]
07-05 16:54:34.885 22898 22898 W NearbyFragment: Sending 20200312_193728!003.mp4 to Nexus 5X [34d8]
07-05 16:54:44.839 22898 23662 W DashDownloadManager: Successfully downloaded 20200312_193828.mp4 in 22.718s
07-05 16:54:44.852 22898 23769 W mobile-ffmpeg: [mov,mp4,m4a,3gp,3g2,mj2 @ 0x77b4458400] Found duplicated MOOV Atom. Skipped it
07-05 16:54:44.961 22898 23769 W mobile-ffmpeg: [mov,mp4,m4a,3gp,3g2,mj2 @ 0x77b4458400] Found duplicated MOOV Atom. Skipped it
07-05 16:54:45.032 22898 22907 W System  : A resource failed to call close. 
07-05 16:54:45.099 22898 22907 W System  : A resource failed to call close. 
07-05 16:54:45.099 22898 22907 W System  : A resource failed to call close. 
07-05 16:54:45.155 22898 22907 W System  : A resource failed to call close. 
07-05 16:54:45.158 22898 22907 W System  : A resource failed to call close. 
07-05 16:54:45.699 22898 23662 W NearbyFragment: Sending 20200312_193828!000.mp4 to Nexus 5X [34d8]
07-05 16:54:45.811 22898 22898 W NearbyFragment: Sending 20200312_193828!001.mp4 to Nexus 5X [34d8]
07-05 16:54:46.472 22898 22898 W NearbyFragment: Sending 20200312_193828!002.mp4 to Nexus 5X [34d8]
07-05 16:54:50.628 22898 22898 W NearbyFragment: Sending 20200312_193828!003.mp4 to Nexus 5X [34d8]
07-05 16:55:10.891 22898 23662 W DashDownloadManager: Successfully downloaded 20200312_193928.mp4 in 24.103s
07-05 16:55:10.903 22898 23769 W mobile-ffmpeg: [mov,mp4,m4a,3gp,3g2,mj2 @ 0x77b4458400] Found duplicated MOOV Atom. Skipped it
07-05 16:55:10.980 22898 23769 W mobile-ffmpeg: [mov,mp4,m4a,3gp,3g2,mj2 @ 0x77b4458400] Found duplicated MOOV Atom. Skipped it
07-05 16:55:11.676 22898 23662 W NearbyFragment: Sending 20200312_193928!000.mp4 to Nexus 5X [34d8]
07-05 16:55:13.317 22898 22898 W NearbyFragment: Sending 20200312_193928!001.mp4 to Nexus 5X [34d8]
07-05 16:55:18.469 22898 22898 W NearbyFragment: Sending 20200312_193928!002.mp4 to Nexus 5X [34d8]
07-05 16:55:22.936 22898 22898 W NearbyFragment: Sending 20200312_193928!003.mp4 to Nexus 5X [34d8]
07-05 16:55:35.766 22898 23662 W DashDownloadManager: Successfully downloaded 20200312_194129.mp4 in 22.962s
07-05 16:55:35.779 22898 23769 W mobile-ffmpeg: [mov,mp4,m4a,3gp,3g2,mj2 @ 0x77b4458400] Found duplicated MOOV Atom. Skipped it
07-05 16:55:35.857 22898 23769 W mobile-ffmpeg: [mov,mp4,m4a,3gp,3g2,mj2 @ 0x77b4458400] Found duplicated MOOV Atom. Skipped it
07-05 16:55:36.566 22898 23662 W NearbyFragment: Sending 20200312_194129!000.mp4 to Nexus 5X [34d8]
07-05 16:55:40.037 22898 22898 W NearbyFragment: Sending 20200312_194129!001.mp4 to Nexus 5X [34d8]
07-05 16:55:43.268 22898 22898 W NearbyFragment: Sending 20200312_194129!002.mp4 to Nexus 5X [34d8]
07-05 16:55:49.886 22898 22898 W NearbyFragment: Sending 20200312_194129!003.mp4 to Nexus 5X [34d8]
07-05 16:56:02.298 22898 23662 W DashDownloadManager: Successfully downloaded 20200312_194229.mp4 in 24.664s
07-05 16:56:02.308 22898 23769 W mobile-ffmpeg: [mov,mp4,m4a,3gp,3g2,mj2 @ 0x77b4458400] Found duplicated MOOV Atom. Skipped it
07-05 16:56:02.406 22898 23769 W mobile-ffmpeg: [mov,mp4,m4a,3gp,3g2,mj2 @ 0x77b4458400] Found duplicated MOOV Atom. Skipped it
07-05 16:56:03.125 22898 23662 W NearbyFragment: Sending 20200312_194229!000.mp4 to Nexus 5X [34d8]
07-05 16:56:09.729 22898 22898 W NearbyFragment: Sending 20200312_194229!001.mp4 to Nexus 5X [34d8]
07-05 16:56:10.283 22898 22898 W NearbyFragment: Sending 20200312_194229!002.mp4 to Nexus 5X [34d8]
07-05 16:56:16.934 22898 22898 W NearbyFragment: Sending 20200312_194229!003.mp4 to Nexus 5X [34d8]
07-05 16:56:27.120 22898 23662 W DashDownloadManager: Successfully downloaded 20200312_194330.mp4 in 22.855s
07-05 16:56:27.132 22898 23769 W mobile-ffmpeg: [mov,mp4,m4a,3gp,3g2,mj2 @ 0x77b4458400] Found duplicated MOOV Atom. Skipped it
07-05 16:56:27.212 22898 23769 W mobile-ffmpeg: [mov,mp4,m4a,3gp,3g2,mj2 @ 0x77b4458400] Found duplicated MOOV Atom. Skipped it
07-05 16:56:27.952 22898 23662 W NearbyFragment: Sending 20200312_194330!000.mp4 to Nexus 5X [34d8]
07-05 16:56:32.738 22898 22898 W NearbyFragment: Sending 20200312_194330!001.mp4 to Nexus 5X [34d8]
07-05 16:56:37.606 22898 22898 W NearbyFragment: Sending 20200312_194330!002.mp4 to Nexus 5X [34d8]
07-05 16:56:42.047 22898 22898 W NearbyFragment: Sending 20200312_194330!003.mp4 to Nexus 5X [34d8]
07-05 16:56:52.709 22898 23662 W DashDownloadManager: Successfully downloaded 20200312_194730.mp4 in 23.626s
07-05 16:56:52.720 22898 23769 W mobile-ffmpeg: [mov,mp4,m4a,3gp,3g2,mj2 @ 0x77b4458400] Found duplicated MOOV Atom. Skipped it
07-05 16:56:52.798 22898 23769 W mobile-ffmpeg: [mov,mp4,m4a,3gp,3g2,mj2 @ 0x77b4458400] Found duplicated MOOV Atom. Skipped it
07-05 16:56:54.374 22898 23662 W NearbyFragment: Sending 20200312_194730!000.mp4 to Nexus 5X [34d8]
07-05 16:56:58.964 22898 22898 W NearbyFragment: Sending 20200312_194730!001.mp4 to Nexus 5X [34d8]
07-05 16:57:01.932 22898 22898 W NearbyFragment: Sending 20200312_194730!002.mp4 to Nexus 5X [34d8]
07-05 16:57:07.966 22898 22898 W NearbyFragment: Completed downloading 20200312_193628!003.mp4 from Endpoint{id=09sQ, name=Nexus 5X [34d8]} in 06.036s
07-05 16:57:08.063 22898 22898 W FfmpegTools: Single segment returned, duration of 20200312_193628: 6.16
07-05 16:57:08.223 22898 22898 W NearbyFragment: Sending 20200312_194730!003.mp4 to Nexus 5X [34d8]
07-05 16:57:22.820 22898 22898 W NearbyFragment: Completed downloading 20200312_193728!000.mp4 from Endpoint{id=09sQ, name=Nexus 5X [34d8]} in 09.093s
07-05 16:57:25.530 22898 23662 W DashDownloadManager: Successfully downloaded 20200312_194830.mp4 in 30.027s
07-05 16:57:25.543 22898 23769 W mobile-ffmpeg: [mov,mp4,m4a,3gp,3g2,mj2 @ 0x77b4458400] Found duplicated MOOV Atom. Skipped it
07-05 16:57:25.654 22898 23769 W mobile-ffmpeg: [mov,mp4,m4a,3gp,3g2,mj2 @ 0x77b4458400] Found duplicated MOOV Atom. Skipped it
07-05 16:57:26.735 22898 23662 W NearbyFragment: Sending 20200312_194830!000.mp4 to Nexus 5X [34d8]
07-05 16:57:32.656 22898 22898 W NearbyFragment: Completed downloading 20200312_193728!001.mp4 from Endpoint{id=09sQ, name=Nexus 5X [34d8]} in 07.076s
07-05 16:57:34.504 22898 22898 W NearbyFragment: Sending 20200312_194830!001.mp4 to Nexus 5X [34d8]
07-05 16:57:37.899 22898 22898 W NearbyFragment: Sending 20200312_194830!002.mp4 to Nexus 5X [34d8]
07-05 16:57:40.629 22898 22898 W NearbyFragment: Sending 20200312_194830!003.mp4 to Nexus 5X [34d8]
07-05 16:57:46.114 22898 22898 W NearbyFragment: Completed downloading 20200312_193728!002.mp4 from Endpoint{id=09sQ, name=Nexus 5X [34d8]} in 08.220s
07-05 16:57:52.639 22898 22898 W NearbyFragment: Completed downloading 20200312_193728!003.mp4 from Endpoint{id=09sQ, name=Nexus 5X [34d8]} in 05.161s
07-05 16:57:53.562 22898 22898 W FfmpegTools: Merged duration of 20200312_193728: 60.07
07-05 16:57:58.095 22898 23662 W DashDownloadManager: Successfully downloaded 20200312_194930.mp4 in 30.256s
07-05 16:57:58.106 22898 23769 W mobile-ffmpeg: [mov,mp4,m4a,3gp,3g2,mj2 @ 0x779b3c2c00] Found duplicated MOOV Atom. Skipped it
07-05 16:57:58.194 22898 23769 W mobile-ffmpeg: [mov,mp4,m4a,3gp,3g2,mj2 @ 0x779b3c2c00] Found duplicated MOOV Atom. Skipped it
07-05 16:57:59.374 22898 23662 W NearbyFragment: Sending 20200312_194930!000.mp4 to Nexus 5X [34d8]
07-05 16:58:03.230 22898 22898 W NearbyFragment: Sending 20200312_194930!001.mp4 to Nexus 5X [34d8]
07-05 16:58:07.520 22898 22898 W NearbyFragment: Sending 20200312_194930!002.mp4 to Nexus 5X [34d8]
07-05 16:58:12.009 22898 22898 W NearbyFragment: Sending 20200312_194930!003.mp4 to Nexus 5X [34d8]
07-05 16:58:23.663 22898 23662 W DashDownloadManager: Successfully downloaded 20200312_195230.mp4 in 23.212s
07-05 16:58:23.673 22898 23769 W mobile-ffmpeg: [mov,mp4,m4a,3gp,3g2,mj2 @ 0x779b3c2c00] Found duplicated MOOV Atom. Skipped it
07-05 16:58:23.747 22898 23769 W mobile-ffmpeg: [mov,mp4,m4a,3gp,3g2,mj2 @ 0x779b3c2c00] Found duplicated MOOV Atom. Skipped it
07-05 16:58:24.458 22898 23662 W NearbyFragment: Sending 20200312_195230!000.mp4 to Nexus 5X [34d8]
07-05 16:58:28.088 22898 22898 W NearbyFragment: Sending 20200312_195230!001.mp4 to Nexus 5X [34d8]
07-05 16:58:33.478 22898 22898 W NearbyFragment: Sending 20200312_195230!002.mp4 to Nexus 5X [34d8]
07-05 16:58:40.631 22898 22898 W NearbyFragment: Sending 20200312_195230!003.mp4 to Nexus 5X [34d8]
07-05 16:58:50.224 22898 23662 W DashDownloadManager: Successfully downloaded 20200312_195330.mp4 in 24.643s
07-05 16:58:50.237 22898 23769 W mobile-ffmpeg: [mov,mp4,m4a,3gp,3g2,mj2 @ 0x77b44ba400] Found duplicated MOOV Atom. Skipped it
07-05 16:58:50.318 22898 23769 W mobile-ffmpeg: [mov,mp4,m4a,3gp,3g2,mj2 @ 0x77b44ba400] Found duplicated MOOV Atom. Skipped it
07-05 16:58:51.981 22898 23662 W NearbyFragment: Sending 20200312_195330!000.mp4 to Nexus 5X [34d8]
07-05 16:58:57.614 22898 22898 W NearbyFragment: Sending 20200312_195330!001.mp4 to Nexus 5X [34d8]
07-05 16:59:04.747 22898 22898 W NearbyFragment: Sending 20200312_195330!002.mp4 to Nexus 5X [34d8]
07-05 16:59:09.241 22898 22898 W NearbyFragment: Sending 20200312_195330!003.mp4 to Nexus 5X [34d8]
07-05 16:59:17.540 22898 23662 W DashDownloadManager: Successfully downloaded 20200312_195430.mp4 in 24.490s
07-05 16:59:17.554 22898 23769 W mobile-ffmpeg: [mov,mp4,m4a,3gp,3g2,mj2 @ 0x77b44ba400] Found duplicated MOOV Atom. Skipped it
07-05 16:59:17.655 22898 23769 W mobile-ffmpeg: [mov,mp4,m4a,3gp,3g2,mj2 @ 0x77b44ba400] Found duplicated MOOV Atom. Skipped it
07-05 16:59:18.664 22898 23662 W NearbyFragment: Sending 20200312_195430!000.mp4 to Nexus 5X [34d8]
07-05 16:59:19.669 22898 23662 W NearbyFragment: Stopped downloading from dashcam
07-05 16:59:22.214 22898 22898 W NearbyFragment: Sending 20200312_195430!001.mp4 to Nexus 5X [34d8]
07-05 16:59:25.679 22898 22898 W NearbyFragment: Sending 20200312_195430!002.mp4 to Nexus 5X [34d8]
07-05 16:59:28.569 22898 22898 W NearbyFragment: Sending 20200312_195430!003.mp4 to Nexus 5X [34d8]
07-05 16:59:29.047 22898 22907 W System  : A resource failed to call close. 
07-05 16:59:29.060 22898 22907 W System  : A resource failed to call close. 
07-05 16:59:29.069 22898 22907 W System  : A resource failed to call close. 
07-05 16:59:29.075 22898 22907 W System  : A resource failed to call close. 
07-05 16:59:29.079 22898 22907 W System  : A resource failed to call close. 
07-05 16:59:29.084 22898 22907 W System  : A resource failed to call close. 
07-05 16:59:29.090 22898 22907 W System  : A resource failed to call close. 
07-05 16:59:29.094 22898 22907 W System  : A resource failed to call close. 
07-05 16:59:29.095 22898 22907 W System  : A resource failed to call close. 
07-05 16:59:29.100 22898 22907 W System  : A resource failed to call close. 
07-05 16:59:29.104 22898 22907 W System  : A resource failed to call close. 
07-05 16:59:29.112 22898 22907 W System  : A resource failed to call close. 
07-05 16:59:29.116 22898 22907 W System  : A resource failed to call close. 
07-05 16:59:29.121 22898 22907 W System  : A resource failed to call close. 
07-05 16:59:29.122 22898 22907 W System  : A resource failed to call close. 
07-05 16:59:29.122 22898 22907 W System  : A resource failed to call close. 
07-05 16:59:29.126 22898 22907 W System  : A resource failed to call close. 
07-05 16:59:29.130 22898 22907 W System  : A resource failed to call close. 
07-05 16:59:29.134 22898 22907 W System  : A resource failed to call close. 
07-05 16:59:29.137 22898 22907 W System  : A resource failed to call close. 
07-05 16:59:29.140 22898 22907 W System  : A resource failed to call close. 
07-05 16:59:29.141 22898 22907 W System  : A resource failed to call close. 
07-05 16:59:29.147 22898 22907 W System  : A resource failed to call close. 
07-05 16:59:29.151 22898 22907 W System  : A resource failed to call close. 
07-05 16:59:29.155 22898 22907 W System  : A resource failed to call close. 
07-05 16:59:29.158 22898 22907 W System  : A resource failed to call close. 
07-05 16:59:29.161 22898 22907 W System  : A resource failed to call close. 
07-05 16:59:29.234 22898 22907 W System  : A resource failed to call close. 
07-05 16:59:29.237 22898 22907 W System  : A resource failed to call close. 
07-05 16:59:29.241 22898 22907 W System  : A resource failed to call close. 
07-05 16:59:29.244 22898 22907 W System  : A resource failed to call close. 
07-05 16:59:29.250 22898 22907 W System  : A resource failed to call close. 
07-05 16:59:29.252 22898 22907 W System  : A resource failed to call close. 
07-05 16:59:29.252 22898 22907 W System  : A resource failed to call close. 
07-05 16:59:30.414 22898 22898 W NearbyFragment: Completed downloading 20200312_193828!000.mp4 from Endpoint{id=09sQ, name=Nexus 5X [34d8]} in 01.506s
07-05 16:59:53.926 22898 22898 W FfmpegTools: Single segment returned, duration of 20200312_193828: 14.28
07-05 17:01:03.185 22898 22898 W NearbyFragment: Completed downloading 20200312_194129!001.mp4 from Endpoint{id=09sQ, name=Nexus 5X [34d8]} in 00.211s
07-05 17:01:49.306 22898 22898 W NearbyFragment: Completed downloading 20200312_194129!002.mp4 from Endpoint{id=09sQ, name=Nexus 5X [34d8]} in 00.194s
07-05 17:02:00.296 22898 22898 W NearbyFragment: Completed downloading 20200312_194129!003.mp4 from Endpoint{id=09sQ, name=Nexus 5X [34d8]} in 00.262s
07-05 17:02:00.532 22898 22898 W FfmpegTools: Merged duration of 20200312_194129: 11.04
07-05 17:02:42.732 22898 22898 W NearbyFragment: Completed downloading 20200312_194229!000.mp4 from Endpoint{id=09sQ, name=Nexus 5X [34d8]} in 00.383s
07-05 17:03:36.304 22898 22898 W NearbyFragment: Completed downloading 20200312_194229!001.mp4 from Endpoint{id=09sQ, name=Nexus 5X [34d8]} in 00.597s
07-05 17:03:50.963 22898 22898 W FfmpegTools: Merged duration of 20200312_194229: 14.35
07-05 17:05:30.840 22898 22898 W NearbyFragment: Completed downloading 20200312_194830!000.mp4 from Endpoint{id=09sQ, name=Nexus 5X [34d8]} in 00.710s
07-05 17:06:24.547 22898 22898 W NearbyFragment: Completed downloading 20200312_194830!001.mp4 from Endpoint{id=09sQ, name=Nexus 5X [34d8]} in 00.644s
07-05 17:07:22.937 22898 22898 W NearbyFragment: Completed downloading 20200312_194830!002.mp4 from Endpoint{id=09sQ, name=Nexus 5X [34d8]} in 00.678s
07-05 17:07:29.131 22898 22898 W FfmpegTools: Merged duration of 20200312_194830: 20.90
07-05 17:08:23.746 22898 22898 W NearbyFragment: Completed downloading 20200312_194930!000.mp4 from Endpoint{id=09sQ, name=Nexus 5X [34d8]} in 00.281s
07-05 17:08:38.725 22898 22898 W NearbyFragment: Completed downloading 20200312_194930!001.mp4 from Endpoint{id=09sQ, name=Nexus 5X [34d8]} in 00.048s
07-05 17:09:37.855 22898 22898 W NearbyFragment: Completed downloading 20200312_194930!003.mp4 from Endpoint{id=09sQ, name=Nexus 5X [34d8]} in 00.674s
07-05 17:09:38.146 22898 22898 W FfmpegTools: Merged duration of 20200312_194930: 22.33
07-05 17:10:35.619 22898 22898 W NearbyFragment: Completed downloading 20200312_195230!001.mp4 from Endpoint{id=09sQ, name=Nexus 5X [34d8]} in 00.416s
07-05 17:10:50.320 22898 22898 W FfmpegTools: Single segment returned, duration of 20200312_195230: 6.97
07-05 17:11:11.222 22898 22898 W NearbyFragment: Completed downloading 20200312_195330!000.mp4 from Endpoint{id=09sQ, name=Nexus 5X [34d8]} in 00.038s
07-05 17:12:15.483 22898 22898 W NearbyFragment: Completed downloading 20200312_195330!001.mp4 from Endpoint{id=09sQ, name=Nexus 5X [34d8]} in 00.404s
07-05 17:12:55.645 22898 22898 W NearbyFragment: Completed downloading 20200312_195330!002.mp4 from Endpoint{id=09sQ, name=Nexus 5X [34d8]} in 00.454s
07-05 17:13:15.613 22898 22898 W NearbyFragment: Completed downloading 20200312_195330!003.mp4 from Endpoint{id=09sQ, name=Nexus 5X [34d8]} in 00.099s
07-05 17:13:15.862 22898 22898 W FfmpegTools: Merged duration of 20200312_195330: 24.63
07-05 17:13:51.557 22898 22898 W NearbyFragment: Completed downloading 20200312_195430!000.mp4 from Endpoint{id=09sQ, name=Nexus 5X [34d8]} in 00.132s
07-05 17:14:30.631 22898 22898 W NearbyFragment: Completed downloading 20200312_195430!001.mp4 from Endpoint{id=09sQ, name=Nexus 5X [34d8]} in 00.344s
07-05 17:15:07.971 22898 22898 W NearbyFragment: Completed downloading 20200312_195430!002.mp4 from Endpoint{id=09sQ, name=Nexus 5X [34d8]} in 00.232s
07-05 17:15:34.796 22898 22898 W NearbyFragment: Completed downloading 20200312_195430!003.mp4 from Endpoint{id=09sQ, name=Nexus 5X [34d8]} in 00.120s
07-05 17:15:35.049 22898 22898 W FfmpegTools: Merged duration of 20200312_195430: 21.94
