--------- beginning of main
06-29 19:22:06.542  8227  8227 I zygote  : Late-enabling -Xcheck:jni
--------- beginning of system
06-29 19:22:06.656  8227  8227 I ActivityThread: handleStopService: token=android.os.BinderProxy@f48ebdf not found.
06-29 19:22:06.660  8227  8227 I TransferService: Starting Transfer Service to listen for network connectivity changes.
06-29 19:22:06.661  8227  8227 W LogFactory: Truncating log tag length as it exceed 23, the limit imposed by Android on certain API Levels
06-29 19:22:06.684  8227  8227 I TransferService: Registering the network receiver
06-29 19:22:06.687  8227  8227 I TransferService: Moving the service out of the Foreground state.
06-29 19:22:06.688  8227  8227 I TransferService: De-registering the network receiver.
06-29 19:22:11.645  8227  8241 I zygote  : Waiting for a blocking GC ProfileSaver
06-29 19:22:11.667  8227  8241 I zygote  : WaitForGcToComplete blocked ProfileSaver on HeapTrim for 21.952ms
06-29 19:22:26.262  8227  8227 I zygote  : Rejecting re-init on previously-failed class java.lang.Class<androidx.core.view.ViewCompat$2>: java.lang.NoClassDefFoundError: Failed resolution of: Landroid/view/View$OnUnhandledKeyEventListener;
06-29 19:22:26.262  8227  8227 I zygote  :   at void androidx.core.view.ViewCompat.setOnApplyWindowInsetsListener(android.view.View, androidx.core.view.OnApplyWindowInsetsListener) (ViewCompat.java:2421)
06-29 19:22:26.262  8227  8227 I zygote  :   at android.view.ViewGroup androidx.appcompat.app.AppCompatDelegateImpl.createSubDecor() (AppCompatDelegateImpl.java:779)
06-29 19:22:26.262  8227  8227 I zygote  :   at void androidx.appcompat.app.AppCompatDelegateImpl.ensureSubDecor() (AppCompatDelegateImpl.java:659)
06-29 19:22:26.262  8227  8227 I zygote  :   at void androidx.appcompat.app.AppCompatDelegateImpl.setContentView(int) (AppCompatDelegateImpl.java:552)
06-29 19:22:26.262  8227  8227 I zygote  :   at void androidx.appcompat.app.AppCompatActivity.setContentView(int) (AppCompatActivity.java:161)
06-29 19:22:26.262  8227  8227 I zygote  :   at void com.example.edgesum.page.main.MainActivity.onCreate(android.os.Bundle) (MainActivity.java:95)
06-29 19:22:26.262  8227  8227 I zygote  :   at void android.app.Activity.performCreate(android.os.Bundle, android.os.PersistableBundle) (Activity.java:7009)
06-29 19:22:26.262  8227  8227 I zygote  :   at void android.app.Activity.performCreate(android.os.Bundle) (Activity.java:7000)
06-29 19:22:26.262  8227  8227 I zygote  :   at void android.app.Instrumentation.callActivityOnCreate(android.app.Activity, android.os.Bundle) (Instrumentation.java:1214)
06-29 19:22:26.262  8227  8227 I zygote  :   at android.app.Activity android.app.ActivityThread.performLaunchActivity(android.app.ActivityThread$ActivityClientRecord, android.content.Intent) (ActivityThread.java:2731)
06-29 19:22:26.262  8227  8227 I zygote  :   at void android.app.ActivityThread.handleLaunchActivity(android.app.ActivityThread$ActivityClientRecord, android.content.Intent, java.lang.String) (ActivityThread.java:2856)
06-29 19:22:26.262  8227  8227 I zygote  :   at void android.app.ActivityThread.-wrap11(android.app.ActivityThread, android.app.ActivityThread$ActivityClientRecord, android.content.Intent, java.lang.String) (ActivityThread.java:-1)
06-29 19:22:26.262  8227  8227 I zygote  :   at void android.app.ActivityThread$H.handleMessage(android.os.Message) (ActivityThread.java:1589)
06-29 19:22:26.262  8227  8227 I zygote  :   at void android.os.Handler.dispatchMessage(android.os.Message) (Handler.java:106)
06-29 19:22:26.262  8227  8227 I zygote  :   at void android.os.Looper.loop() (Looper.java:164)
06-29 19:22:26.262  8227  8227 I zygote  :   at void android.app.ActivityThread.main(java.lang.String[]) (ActivityThread.java:6494)
06-29 19:22:26.262  8227  8227 I zygote  :   at java.lang.Object java.lang.reflect.Method.invoke(java.lang.Object, java.lang.Object[]) (Method.java:-2)
06-29 19:22:26.262  8227  8227 I zygote  :   at void com.android.internal.os.RuntimeInit$MethodAndArgsCaller.run() (RuntimeInit.java:438)
06-29 19:22:26.262  8227  8227 I zygote  :   at void com.android.internal.os.ZygoteInit.main(java.lang.String[]) (ZygoteInit.java:807)
06-29 19:22:26.262  8227  8227 I zygote  : Caused by: java.lang.ClassNotFoundException: Didn't find class "android.view.View$OnUnhandledKeyEventListener" on path: DexPathList[[zip file "/data/app/com.example.edgesum-lkLBCK7p0ZaIGHiDg7wsZg==/base.apk"],nativeLibraryDirectories=[/data/app/com.example.edgesum-lkLBCK7p0ZaIGHiDg7wsZg==/lib/arm, /data/app/com.example.edgesum-lkLBCK7p0ZaIGHiDg7wsZg==/base.apk!/lib/armeabi-v7a, /system/lib, /system/vendor/lib]]
06-29 19:22:26.262  8227  8227 I zygote  :   at java.lang.Class dalvik.system.BaseDexClassLoader.findClass(java.lang.String) (BaseDexClassLoader.java:125)
06-29 19:22:26.262  8227  8227 I zygote  :   at java.lang.Class java.lang.ClassLoader.loadClass(java.lang.String, boolean) (ClassLoader.java:379)
06-29 19:22:26.262  8227  8227 I zygote  :   at java.lang.Class java.lang.ClassLoader.loadClass(java.lang.String) (ClassLoader.java:312)
06-29 19:22:26.262  8227  8227 I zygote  :   at void androidx.core.view.ViewCompat.setOnApplyWindowInsetsListener(android.view.View, androidx.core.view.OnApplyWindowInsetsListener) (ViewCompat.java:2421)
06-29 19:22:26.262  8227  8227 I zygote  :   at android.view.ViewGroup androidx.appcompat.app.AppCompatDelegateImpl.createSubDecor() (AppCompatDelegateImpl.java:779)
06-29 19:22:26.262  8227  8227 I zygote  :   at void androidx.appcompat.app.AppCompatDelegateImpl.ensureSubDecor() (AppCompatDelegateImpl.java:659)
06-29 19:22:26.262  8227  8227 I zygote  :   at void androidx.appcompat.app.AppCompatDelegateImpl.setContentView(int) (AppCompatDelegateImpl.java:552)
06-29 19:22:26.262  8227  8227 I zygote  :   at void androidx.appcompat.app.AppCompatActivity.setContentView(int) (AppCompatActivity.java:161)
06-29 19:22:26.262  8227  8227 I zygote  :   at void com.example.edgesum.page.main.MainActivity.onCreate(android.os.Bundle) (MainActivity.java:95)
06-29 19:22:26.262  8227  8227 I zygote  :   at void android.app.Activity.performCreate(android.os.Bundle, android.os.PersistableBundle) (Activity.java:7009)
06-29 19:22:26.262  8227  8227 I zygote  :   at void android.app.Activity.performCreate(android.os.Bundle) (Activity.java:7000)
06-29 19:22:26.262  8227  8227 I zygote  :   at void android.app.Instrumentation.callActivityOnCreate(android.app.Activity, android.os.Bundle) (Instrumentation.java:1214)
06-29 19:22:26.262  8227  8227 I zygote  :   at android.app.Activity android.app.ActivityThread.performLaunchActivity(android.app.ActivityThread$ActivityClientRecord, android.content.Intent) (ActivityThread.java:2731)
06-29 19:22:26.262  8227  8227 I zygote  :   at void android.app.ActivityThread.handleLaunchActivity(android.app.ActivityThread$ActivityClientRecord, android.content.Intent, java.lang.String) (ActivityThread.java:2856)
06-29 19:22:26.262  8227  8227 I zygote  :   at void android.app.ActivityThread.-wrap11(android.app.ActivityThread, android.app.ActivityThread$ActivityClientRecord, android.content.Intent, java.lang.String) (ActivityThread.java:-1)
06-29 19:22:26.262  8227  8227 I zygote  :   at void android.app.ActivityThread$H.handleMessage(android.os.Message) (ActivityThread.java:1589)
06-29 19:22:26.262  8227  8227 I zygote  :   at void android.os.Handler.dispatchMessage(android.os.Message) (Handler.java:106)
06-29 19:22:26.262  8227  8227 I zygote  :   at void android.os.Looper.loop() (Looper.java:164)
06-29 19:22:26.262  8227  8227 I zygote  :   at void android.app.ActivityThread.main(java.lang.String[]) (ActivityThread.java:6494)
06-29 19:22:26.262  8227  8227 I zygote  :   at java.lang.Object java.lang.reflect.Method.invoke(java.lang.Object, java.lang.Object[]) (Method.java:-2)
06-29 19:22:26.262  8227  8227 I zygote  :   at void com.android.internal.os.RuntimeInit$MethodAndArgsCaller.run() (RuntimeInit.java:438)
06-29 19:22:26.262  8227  8227 I zygote  :   at void com.android.internal.os.ZygoteInit.main(java.lang.String[]) (ZygoteInit.java:807)
06-29 19:22:26.262  8227  8227 I zygote  : 
06-29 19:22:26.263  8227  8227 I zygote  : Rejecting re-init on previously-failed class java.lang.Class<androidx.core.view.ViewCompat$2>: java.lang.NoClassDefFoundError: Failed resolution of: Landroid/view/View$OnUnhandledKeyEventListener;
06-29 19:22:26.263  8227  8227 I zygote  :   at void androidx.core.view.ViewCompat.setOnApplyWindowInsetsListener(android.view.View, androidx.core.view.OnApplyWindowInsetsListener) (ViewCompat.java:2421)
06-29 19:22:26.263  8227  8227 I zygote  :   at android.view.ViewGroup androidx.appcompat.app.AppCompatDelegateImpl.createSubDecor() (AppCompatDelegateImpl.java:779)
06-29 19:22:26.263  8227  8227 I zygote  :   at void androidx.appcompat.app.AppCompatDelegateImpl.ensureSubDecor() (AppCompatDelegateImpl.java:659)
06-29 19:22:26.263  8227  8227 I zygote  :   at void androidx.appcompat.app.AppCompatDelegateImpl.setContentView(int) (AppCompatDelegateImpl.java:552)
06-29 19:22:26.263  8227  8227 I zygote  :   at void androidx.appcompat.app.AppCompatActivity.setContentView(int) (AppCompatActivity.java:161)
06-29 19:22:26.263  8227  8227 I zygote  :   at void com.example.edgesum.page.main.MainActivity.onCreate(android.os.Bundle) (MainActivity.java:95)
06-29 19:22:26.263  8227  8227 I zygote  :   at void android.app.Activity.performCreate(android.os.Bundle, android.os.PersistableBundle) (Activity.java:7009)
06-29 19:22:26.263  8227  8227 I zygote  :   at void android.app.Activity.performCreate(android.os.Bundle) (Activity.java:7000)
06-29 19:22:26.263  8227  8227 I zygote  :   at void android.app.Instrumentation.callActivityOnCreate(android.app.Activity, android.os.Bundle) (Instrumentation.java:1214)
06-29 19:22:26.263  8227  8227 I zygote  :   at android.app.Activity android.app.ActivityThread.performLaunchActivity(android.app.ActivityThread$ActivityClientRecord, android.content.Intent) (ActivityThread.java:2731)
06-29 19:22:26.263  8227  8227 I zygote  :   at void android.app.ActivityThread.handleLaunchActivity(android.app.ActivityThread$ActivityClientRecord, android.content.Intent, java.lang.String) (ActivityThread.java:2856)
06-29 19:22:26.263  8227  8227 I zygote  :   at void android.app.ActivityThread.-wrap11(android.app.ActivityThread, android.app.ActivityThread$ActivityClientRecord, android.content.Intent, java.lang.String) (ActivityThread.java:-1)
06-29 19:22:26.263  8227  8227 I zygote  :   at void android.app.ActivityThread$H.handleMessage(android.os.Message) (ActivityThread.java:1589)
06-29 19:22:26.263  8227  8227 I zygote  :   at void android.os.Handler.dispatchMessage(android.os.Message) (Handler.java:106)
06-29 19:22:26.263  8227  8227 I zygote  :   at void android.os.Looper.loop() (Looper.java:164)
06-29 19:22:26.263  8227  8227 I zygote  :   at void android.app.ActivityThread.main(java.lang.String[]) (ActivityThread.java:6494)
06-29 19:22:26.263  8227  8227 I zygote  :   at java.lang.Object java.lang.reflect.Method.invoke(java.lang.Object, java.lang.Object[]) (Method.java:-2)
06-29 19:22:26.263  8227  8227 I zygote  :   at void com.android.internal.os.RuntimeInit$MethodAndArgsCaller.run() (RuntimeInit.java:438)
06-29 19:22:26.263  8227  8227 I zygote  :   at void com.android.internal.os.ZygoteInit.main(java.lang.String[]) (ZygoteInit.java:807)
06-29 19:22:26.263  8227  8227 I zygote  : Caused by: java.lang.ClassNotFoundException: Didn't find class "android.view.View$OnUnhandledKeyEventListener" on path: DexPathList[[zip file "/data/app/com.example.edgesum-lkLBCK7p0ZaIGHiDg7wsZg==/base.apk"],nativeLibraryDirectories=[/data/app/com.example.edgesum-lkLBCK7p0ZaIGHiDg7wsZg==/lib/arm, /data/app/com.example.edgesum-lkLBCK7p0ZaIGHiDg7wsZg==/base.apk!/lib/armeabi-v7a, /system/lib, /system/vendor/lib]]
06-29 19:22:26.263  8227  8227 I zygote  :   at java.lang.Class dalvik.system.BaseDexClassLoader.findClass(java.lang.String) (BaseDexClassLoader.java:125)
06-29 19:22:26.263  8227  8227 I zygote  :   at java.lang.Class java.lang.ClassLoader.loadClass(java.lang.String, boolean) (ClassLoader.java:379)
06-29 19:22:26.263  8227  8227 I zygote  :   at java.lang.Class java.lang.ClassLoader.loadClass(java.lang.String) (ClassLoader.java:312)
06-29 19:22:26.263  8227  8227 I zygote  :   at void androidx.core.view.ViewCompat.setOnApplyWindowInsetsListener(android.view.View, androidx.core.view.OnApplyWindowInsetsListener) (ViewCompat.java:2421)
06-29 19:22:26.263  8227  8227 I zygote  :   at android.view.ViewGroup androidx.appcompat.app.AppCompatDelegateImpl.createSubDecor() (AppCompatDelegateImpl.java:779)
06-29 19:22:26.263  8227  8227 I zygote  :   at void androidx.appcompat.app.AppCompatDelegateImpl.ensureSubDecor() (AppCompatDelegateImpl.java:659)
06-29 19:22:26.263  8227  8227 I zygote  :   at void androidx.appcompat.app.AppCompatDelegateImpl.setContentView(int) (AppCompatDelegateImpl.java:552)
06-29 19:22:26.263  8227  8227 I zygote  :   at void androidx.appcompat.app.AppCompatActivity.setContentView(int) (AppCompatActivity.java:161)
06-29 19:22:26.263  8227  8227 I zygote  :   at void com.example.edgesum.page.main.MainActivity.onCreate(android.os.Bundle) (MainActivity.java:95)
06-29 19:22:26.263  8227  8227 I zygote  :   at void android.app.Activity.performCreate(android.os.Bundle, android.os.PersistableBundle) (Activity.java:7009)
06-29 19:22:26.263  8227  8227 I zygote  :   at void android.app.Activity.performCreate(android.os.Bundle) (Activity.java:7000)
06-29 19:22:26.263  8227  8227 I zygote  :   at void android.app.Instrumentation.callActivityOnCreate(android.app.Activity, android.os.Bundle) (Instrumentation.java:1214)
06-29 19:22:26.263  8227  8227 I zygote  :   at android.app.Activity android.app.ActivityThread.performLaunchActivity(android.app.ActivityThread$ActivityClientRecord, android.content.Intent) (ActivityThread.java:2731)
06-29 19:22:26.263  8227  8227 I zygote  :   at void android.app.ActivityThread.handleLaunchActivity(android.app.ActivityThread$ActivityClientRecord, android.content.Intent, java.lang.String) (ActivityThread.java:2856)
06-29 19:22:26.263  8227  8227 I zygote  :   at void android.app.ActivityThread.-wrap11(android.app.ActivityThread, android.app.ActivityThread$ActivityClientRecord, android.content.Intent, java.lang.String) (ActivityThread.java:-1)
06-29 19:22:26.263  8227  8227 I zygote  :   at void android.app.ActivityThread$H.handleMessage(android.os.Message) (ActivityThread.java:1589)
06-29 19:22:26.263  8227  8227 I zygote  :   at void android.os.Handler.dispatchMessage(android.os.Message) (Handler.java:106)
06-29 19:22:26.263  8227  8227 I zygote  :   at void android.os.Looper.loop() (Looper.java:164)
06-29 19:22:26.263  8227  8227 I zygote  :   at void android.app.ActivityThread.main(java.lang.String[]) (ActivityThread.java:6494)
06-29 19:22:26.263  8227  8227 I zygote  :   at java.lang.Object java.lang.reflect.Method.invoke(java.lang.Object, java.lang.Object[]) (Method.java:-2)
06-29 19:22:26.263  8227  8227 I zygote  :   at void com.android.internal.os.RuntimeInit$MethodAndArgsCaller.run() (RuntimeInit.java:438)
06-29 19:22:26.263  8227  8227 I zygote  :   at void com.android.internal.os.ZygoteInit.main(java.lang.String[]) (ZygoteInit.java:807)
06-29 19:22:26.263  8227  8227 I zygote  : 
06-29 19:22:26.264  8227  8227 I zygote  : Rejecting re-init on previously-failed class java.lang.Class<androidx.core.view.ViewCompat$2>: java.lang.NoClassDefFoundError: Failed resolution of: Landroid/view/View$OnUnhandledKeyEventListener;
06-29 19:22:26.264  8227  8227 I zygote  :   at void androidx.core.view.ViewCompat.setOnApplyWindowInsetsListener(android.view.View, androidx.core.view.OnApplyWindowInsetsListener) (ViewCompat.java:2421)
06-29 19:22:26.264  8227  8227 I zygote  :   at android.view.ViewGroup androidx.appcompat.app.AppCompatDelegateImpl.createSubDecor() (AppCompatDelegateImpl.java:779)
06-29 19:22:26.264  8227  8227 I zygote  :   at void androidx.appcompat.app.AppCompatDelegateImpl.ensureSubDecor() (AppCompatDelegateImpl.java:659)
06-29 19:22:26.264  8227  8227 I zygote  :   at void androidx.appcompat.app.AppCompatDelegateImpl.setContentView(int) (AppCompatDelegateImpl.java:552)
06-29 19:22:26.264  8227  8227 I zygote  :   at void androidx.appcompat.app.AppCompatActivity.setContentView(int) (AppCompatActivity.java:161)
06-29 19:22:26.264  8227  8227 I zygote  :   at void com.example.edgesum.page.main.MainActivity.onCreate(android.os.Bundle) (MainActivity.java:95)
06-29 19:22:26.264  8227  8227 I zygote  :   at void android.app.Activity.performCreate(android.os.Bundle, android.os.PersistableBundle) (Activity.java:7009)
06-29 19:22:26.264  8227  8227 I zygote  :   at void android.app.Activity.performCreate(android.os.Bundle) (Activity.java:7000)
06-29 19:22:26.264  8227  8227 I zygote  :   at void android.app.Instrumentation.callActivityOnCreate(android.app.Activity, android.os.Bundle) (Instrumentation.java:1214)
06-29 19:22:26.264  8227  8227 I zygote  :   at android.app.Activity android.app.ActivityThread.performLaunchActivity(android.app.ActivityThread$ActivityClientRecord, android.content.Intent) (ActivityThread.java:2731)
06-29 19:22:26.264  8227  8227 I zygote  :   at void android.app.ActivityThread.handleLaunchActivity(android.app.ActivityThread$ActivityClientRecord, android.content.Intent, java.lang.String) (ActivityThread.java:2856)
06-29 19:22:26.264  8227  8227 I zygote  :   at void android.app.ActivityThread.-wrap11(android.app.ActivityThread, android.app.ActivityThread$ActivityClientRecord, android.content.Intent, java.lang.String) (ActivityThread.java:-1)
06-29 19:22:26.264  8227  8227 I zygote  :   at void android.app.ActivityThread$H.handleMessage(android.os.Message) (ActivityThread.java:1589)
06-29 19:22:26.264  8227  8227 I zygote  :   at void android.os.Handler.dispatchMessage(android.os.Message) (Handler.java:106)
06-29 19:22:26.264  8227  8227 I zygote  :   at void android.os.Looper.loop() (Looper.java:164)
06-29 19:22:26.264  8227  8227 I zygote  :   at void android.app.ActivityThread.main(java.lang.String[]) (ActivityThread.java:6494)
06-29 19:22:26.264  8227  8227 I zygote  :   at java.lang.Object java.lang.reflect.Method.invoke(java.lang.Object, java.lang.Object[]) (Method.java:-2)
06-29 19:22:26.264  8227  8227 I zygote  :   at void com.android.internal.os.RuntimeInit$MethodAndArgsCaller.run() (RuntimeInit.java:438)
06-29 19:22:26.264  8227  8227 I zygote  :   at void com.android.internal.os.ZygoteInit.main(java.lang.String[]) (ZygoteInit.java:807)
06-29 19:22:26.264  8227  8227 I zygote  : Caused by: java.lang.ClassNotFoundException: Didn't find class "android.view.View$OnUnhandledKeyEventListener" on path: DexPathList[[zip file "/data/app/com.example.edgesum-lkLBCK7p0ZaIGHiDg7wsZg==/base.apk"],nativeLibraryDirectories=[/data/app/com.example.edgesum-lkLBCK7p0ZaIGHiDg7wsZg==/lib/arm, /data/app/com.example.edgesum-lkLBCK7p0ZaIGHiDg7wsZg==/base.apk!/lib/armeabi-v7a, /system/lib, /system/vendor/lib]]
06-29 19:22:26.264  8227  8227 I zygote  :   at java.lang.Class dalvik.system.BaseDexClassLoader.findClass(java.lang.String) (BaseDexClassLoader.java:125)
06-29 19:22:26.264  8227  8227 I zygote  :   at java.lang.Class java.lang.ClassLoader.loadClass(java.lang.String, boolean) (ClassLoader.java:379)
06-29 19:22:26.264  8227  8227 I zygote  :   at java.lang.Class java.lang.ClassLoader.loadClass(java.lang.String) (ClassLoader.java:312)
06-29 19:22:26.264  8227  8227 I zygote  :   at void androidx.core.view.ViewCompat.setOnApplyWindowInsetsListener(android.view.View, androidx.core.view.OnApplyWindowInsetsListener) (ViewCompat.java:2421)
06-29 19:22:26.264  8227  8227 I zygote  :   at android.view.ViewGroup androidx.appcompat.app.AppCompatDelegateImpl.createSubDecor() (AppCompatDelegateImpl.java:779)
06-29 19:22:26.264  8227  8227 I zygote  :   at void androidx.appcompat.app.AppCompatDelegateImpl.ensureSubDecor() (AppCompatDelegateImpl.java:659)
06-29 19:22:26.264  8227  8227 I zygote  :   at void androidx.appcompat.app.AppCompatDelegateImpl.setContentView(int) (AppCompatDelegateImpl.java:552)
06-29 19:22:26.264  8227  8227 I zygote  :   at void androidx.appcompat.app.AppCompatActivity.setContentView(int) (AppCompatActivity.java:161)
06-29 19:22:26.264  8227  8227 I zygote  :   at void com.example.edgesum.page.main.MainActivity.onCreate(android.os.Bundle) (MainActivity.java:95)
06-29 19:22:26.264  8227  8227 I zygote  :   at void android.app.Activity.performCreate(android.os.Bundle, android.os.PersistableBundle) (Activity.java:7009)
06-29 19:22:26.264  8227  8227 I zygote  :   at void android.app.Activity.performCreate(android.os.Bundle) (Activity.java:7000)
06-29 19:22:26.264  8227  8227 I zygote  :   at void android.app.Instrumentation.callActivityOnCreate(android.app.Activity, android.os.Bundle) (Instrumentation.java:1214)
06-29 19:22:26.264  8227  8227 I zygote  :   at android.app.Activity android.app.ActivityThread.performLaunchActivity(android.app.ActivityThread$ActivityClientRecord, android.content.Intent) (ActivityThread.java:2731)
06-29 19:22:26.264  8227  8227 I zygote  :   at void android.app.ActivityThread.handleLaunchActivity(android.app.ActivityThread$ActivityClientRecord, android.content.Intent, java.lang.String) (ActivityThread.java:2856)
06-29 19:22:26.264  8227  8227 I zygote  :   at void android.app.ActivityThread.-wrap11(android.app.ActivityThread, android.app.ActivityThread$ActivityClientRecord, android.content.Intent, java.lang.String) (ActivityThread.java:-1)
06-29 19:22:26.264  8227  8227 I zygote  :   at void android.app.ActivityThread$H.handleMessage(android.os.Message) (ActivityThread.java:1589)
06-29 19:22:26.264  8227  8227 I zygote  :   at void android.os.Handler.dispatchMessage(android.os.Message) (Handler.java:106)
06-29 19:22:26.264  8227  8227 I zygote  :   at void android.os.Looper.loop() (Looper.java:164)
06-29 19:22:26.264  8227  8227 I zygote  :   at void android.app.ActivityThread.main(java.lang.String[]) (ActivityThread.java:6494)
06-29 19:22:26.264  8227  8227 I zygote  :   at java.lang.Object java.lang.reflect.Method.invoke(java.lang.Object, java.lang.Object[]) (Method.java:-2)
06-29 19:22:26.264  8227  8227 I zygote  :   at void com.android.internal.os.RuntimeInit$MethodAndArgsCaller.run() (RuntimeInit.java:438)
06-29 19:22:26.264  8227  8227 I zygote  :   at void com.android.internal.os.ZygoteInit.main(java.lang.String[]) (ZygoteInit.java:807)
06-29 19:22:26.264  8227  8227 I zygote  : 
06-29 19:22:26.516  8227  8227 V Repo    : /storage/emulated/0/Movies/raw
06-29 19:22:26.516  8227  8227 V Repo    : /storage/emulated/0/Movies/summarised
06-29 19:22:26.531  8227  8227 V FileManager: External storage is readable
06-29 19:22:26.532  8227  8227 V FileManager: Directory already exists: /storage/emulated/0/Movies/raw
06-29 19:22:26.536  8227  8227 V FileManager: External storage is readable
06-29 19:22:26.537  8227  8227 V FileManager: Directory already exists: /storage/emulated/0/Movies/summarised
06-29 19:22:26.540  8227  8227 V FileManager: External storage is readable
06-29 19:22:26.540  8227  8227 V FileManager: Directory already exists: /storage/emulated/0/Download/nearby
06-29 19:22:26.543  8227  8227 V FileManager: External storage is readable
06-29 19:22:26.543  8227  8227 V FileManager: Directory already exists: /storage/emulated/0/Movies/segment
06-29 19:22:26.546  8227  8227 V FileManager: External storage is readable
06-29 19:22:26.546  8227  8227 V FileManager: Directory already exists: /storage/emulated/0/Movies/segment-sum
06-29 19:22:26.748  8227  8227 V VideoManager: getAllVideoFromExternalStorageFolder
06-29 19:22:26.752  8227  8227 D VideoManager: /storage/emulated/0/Movies/summarised
06-29 19:22:26.771  8227  8227 D VideoManager: 0 videos return
06-29 19:22:26.794  8227  8232 I zygote  : Do partial code cache collection, code=10KB, data=19KB
06-29 19:22:26.795  8227  8232 I zygote  : After code cache collection, code=10KB, data=19KB
06-29 19:22:26.795  8227  8232 I zygote  : Increasing code cache capacity to 128KB
06-29 19:22:26.797  8227  8232 I zygote  : Do partial code cache collection, code=10KB, data=37KB
06-29 19:22:26.797  8227  8232 I zygote  : After code cache collection, code=10KB, data=37KB
06-29 19:22:26.797  8227  8232 I zygote  : Increasing code cache capacity to 256KB
06-29 19:22:26.798  8227  8232 I zygote  : Compiler allocated 4MB to compile void android.widget.TextView.<init>(android.content.Context, android.util.AttributeSet, int, int)
06-29 19:22:26.822  8227  8227 V VideoManager: getAllVideoFromExternalStorageFolder
06-29 19:22:26.826  8227  8227 D VideoManager: /storage/emulated/0/Movies/raw
06-29 19:22:26.832  8227  8227 D VideoManager: 0 videos return
06-29 19:22:26.895  8227  8264 D OpenGLRenderer: HWUI GL Pipeline
06-29 19:22:26.904  8227  8227 I TransferService: Starting Transfer Service to listen for network connectivity changes.
06-29 19:22:26.905  8227  8227 I TransferService: Registering the network receiver
06-29 19:22:26.908  8227  8227 E TransferService: No notification is passed in the intent. Unable to transition to foreground.
06-29 19:22:26.984  8227  8240 D MainActivity: Scanned /storage/emulated/0/Movies/summarised
06-29 19:22:26.984  8227  8240 D MainActivity:   -> uri=content://media/external/file/1161
06-29 19:22:27.015  8227  8227 W StaticLayout: maxLineHeight should not be -1.  maxLines:1 lineCount:1
06-29 19:22:27.038  8227  8227 I chatty  : uid=10086(com.example.edgesum) identical 2 lines
06-29 19:22:27.047  8227  8227 W StaticLayout: maxLineHeight should not be -1.  maxLines:1 lineCount:1
06-29 19:22:27.074  8227  8264 I Adreno-EGL: <qeglDrvAPI_eglInitialize:379>: QUALCOMM Build: 06/17/16, f19e6a9, I9e7a63e7c4
06-29 19:22:27.079  8227  8264 I zygote  : android::hardware::configstore::V1_0::ISurfaceFlingerConfigs::hasWideColorDisplay retrieved: 0
06-29 19:22:27.079  8227  8264 I OpenGLRenderer: Initialized EGL, version 1.4
06-29 19:22:27.079  8227  8264 D OpenGLRenderer: Swap behavior 1
06-29 19:22:27.086  8227  8264 W Adreno-EGL: <qeglDrvAPI_eglGetConfigAttrib:607>: EGL_BAD_ATTRIBUTE
06-29 19:22:27.088  8227  8264 W Adreno-EGL: <qeglDrvAPI_eglGetConfigAttrib:607>: EGL_BAD_ATTRIBUTE
06-29 19:22:27.093  8227  8264 D vndksupport: Loading /vendor/lib/hw/gralloc.msm8974.so from current namespace instead of sphal namespace.
06-29 19:22:27.101  8227  8227 W StaticLayout: maxLineHeight should not be -1.  maxLines:1 lineCount:1
06-29 19:22:27.110  8227  8240 D MainActivity: Scanned /storage/emulated/0/Movies/raw
06-29 19:22:27.110  8227  8240 D MainActivity:   -> uri=content://media/external/file/1160
06-29 19:22:27.113  8227  8227 W StaticLayout: maxLineHeight should not be -1.  maxLines:1 lineCount:1
06-29 19:22:27.128  8227  8227 I TransferNetworkLossHand: Network connectivity changed detected.
06-29 19:22:27.129  8227  8227 I TransferNetworkLossHand: Network connected: false
06-29 19:22:27.270  8227  8264 D vndksupport: Loading /vendor/lib/hw/android.hardware.graphics.mapper@2.0-impl.so from current namespace instead of sphal namespace.
06-29 19:22:27.272  8227  8264 D vndksupport: Loading /vendor/lib/hw/gralloc.msm8974.so from current namespace instead of sphal namespace.
06-29 19:22:33.624  8227  8227 V MainActivity: Connect button clicked
06-29 19:22:36.025  8227  8227 V ConnectionFragment: Discovery switch checked
06-29 19:22:37.870  8227  8227 D NearbyFragment: Started discovering
06-29 19:22:38.711  8227  8227 D NearbyFragment: Found endpoint rc9L: Nexus 5X [34d8]
06-29 19:22:50.184  8227  8227 D NearbyFragment: Selected 'Endpoint{id=rc9L, name=Nexus 5X [34d8]}'
06-29 19:22:50.237  8227  8264 W Adreno-EGL: <qeglDrvAPI_eglGetConfigAttrib:607>: EGL_BAD_ATTRIBUTE
06-29 19:22:50.238  8227  8264 D vndksupport: Loading /vendor/lib/hw/gralloc.msm8974.so from current namespace instead of sphal namespace.
06-29 19:22:56.235  8227  8227 D NearbyFragment: Initiated connection with Endpoint{id=rc9L, name=Nexus 5X [34d8]}: Nexus 5X [34d8]
06-29 19:22:56.296  8227  8232 I zygote  : Do full code cache collection, code=126KB, data=91KB
06-29 19:22:56.296  8227  8232 I zygote  : After code cache collection, code=126KB, data=63KB
06-29 19:22:56.365  8227  8227 D NearbyFragment: Requested connection with Endpoint{id=rc9L, name=Nexus 5X [34d8]}
06-29 19:22:56.398  8227  8232 I zygote  : Do partial code cache collection, code=126KB, data=69KB
06-29 19:22:56.400  8227  8232 I zygote  : After code cache collection, code=126KB, data=69KB
06-29 19:22:56.400  8227  8232 I zygote  : Increasing code cache capacity to 512KB
06-29 19:22:56.438  8227  8264 W Adreno-EGL: <qeglDrvAPI_eglGetConfigAttrib:607>: EGL_BAD_ATTRIBUTE
06-29 19:22:56.445  8227  8264 D vndksupport: Loading /vendor/lib/hw/gralloc.msm8974.so from current namespace instead of sphal namespace.
06-29 19:22:58.951  8227  8227 I NearbyFragment: Connected to Endpoint{id=rc9L, name=Nexus 5X [34d8]}
06-29 19:23:03.292  8227  8227 V ConnectionFragment: Discovery switch unchecked
06-29 19:23:03.292  8227  8227 D NearbyFragment: Stopped discovering
06-29 19:23:03.574  8227  8227 I TransferNetworkLossHand: Network connectivity changed detected.
06-29 19:23:03.579  8227  8227 I TransferNetworkLossHand: Network connected: true
06-29 19:28:47.562  8227  8227 D NearbyFragment: onPayloadReceived(endpointId=rc9L, payload=com.google.android.gms.nearby.connection.Payload@7e1a1a7)
06-29 19:28:47.566  8227  8227 V NearbyFragment: Transfer to rc9L: 0%
06-29 19:28:47.574  8227  8227 D NearbyFragment: onPayloadReceived(endpointId=rc9L, payload=com.google.android.gms.nearby.connection.Payload@87ce654)
06-29 19:28:47.576  8227  8227 V NearbyFragment: Started downloading SUMMARISE:-5817785965979410948:20200312_193928.mp4:45.0_1.0_23_medium from Endpoint{id=rc9L, name=Nexus 5X [34d8]}
06-29 19:28:47.583  8227  8227 V NearbyFragment: Transfer to rc9L: 100%
06-29 19:28:47.586  8227  8227 V NearbyFragment: Transfer to rc9L: 100%
06-29 19:28:47.595  8227  8227 V NearbyFragment: Transfer to rc9L: 0%
06-29 19:28:47.606  8227  8227 V NearbyFragment: Transfer to rc9L: 0%
06-29 19:28:47.621  8227  8227 V NearbyFragment: Transfer to rc9L: 0%
06-29 19:28:47.638  8227  8227 V NearbyFragment: Transfer to rc9L: 0%
06-29 19:28:47.667  8227  8227 V NearbyFragment: Transfer to rc9L: 0%
06-29 19:28:47.694  8227  8227 V NearbyFragment: Transfer to rc9L: 0%
06-29 19:28:47.713  8227  8227 V NearbyFragment: Transfer to rc9L: 0%
06-29 19:28:47.725  8227  8227 V NearbyFragment: Transfer to rc9L: 0%
06-29 19:28:47.734  8227  8227 V NearbyFragment: Transfer to rc9L: 0%
06-29 19:28:47.746  8227  8227 V NearbyFragment: Transfer to rc9L: 1%
06-29 19:28:47.763  8227  8227 V NearbyFragment: Transfer to rc9L: 1%
06-29 19:28:47.770  8227  8227 V NearbyFragment: Transfer to rc9L: 1%
06-29 19:28:47.781  8227  8227 V NearbyFragment: Transfer to rc9L: 1%
06-29 19:28:47.794  8227  8227 V NearbyFragment: Transfer to rc9L: 1%
06-29 19:28:47.803  8227  8227 V NearbyFragment: Transfer to rc9L: 1%
06-29 19:28:47.821  8227  8227 V NearbyFragment: Transfer to rc9L: 1%
06-29 19:28:47.831  8227  8227 V NearbyFragment: Transfer to rc9L: 1%
06-29 19:28:47.846  8227  8227 V NearbyFragment: Transfer to rc9L: 1%
06-29 19:28:47.854  8227  8227 V NearbyFragment: Transfer to rc9L: 1%
06-29 19:28:47.865  8227  8227 V NearbyFragment: Transfer to rc9L: 1%
06-29 19:28:47.872  8227  8227 V NearbyFragment: Transfer to rc9L: 2%
06-29 19:28:47.890  8227  8227 V NearbyFragment: Transfer to rc9L: 2%
06-29 19:28:47.898  8227  8227 V NearbyFragment: Transfer to rc9L: 2%
06-29 19:28:47.906  8227  8227 V NearbyFragment: Transfer to rc9L: 2%
06-29 19:28:47.924  8227  8227 V NearbyFragment: Transfer to rc9L: 2%
06-29 19:28:47.942  8227  8227 V NearbyFragment: Transfer to rc9L: 2%
06-29 19:28:47.951  8227  8227 V NearbyFragment: Transfer to rc9L: 2%
06-29 19:28:47.981  8227  8227 V NearbyFragment: Transfer to rc9L: 2%
06-29 19:28:47.993  8227  8227 V NearbyFragment: Transfer to rc9L: 2%
06-29 19:28:48.033  8227  8227 V NearbyFragment: Transfer to rc9L: 2%
06-29 19:28:48.048  8227  8227 V NearbyFragment: Transfer to rc9L: 2%
06-29 19:28:48.057  8227  8227 V NearbyFragment: Transfer to rc9L: 3%
06-29 19:28:48.066  8227  8227 V NearbyFragment: Transfer to rc9L: 3%
06-29 19:28:48.069  8227  8227 V NearbyFragment: Transfer to rc9L: 3%
06-29 19:28:48.077  8227  8227 V NearbyFragment: Transfer to rc9L: 3%
06-29 19:28:48.083  8227  8227 V NearbyFragment: Transfer to rc9L: 3%
06-29 19:28:48.086  8227  8227 V NearbyFragment: Transfer to rc9L: 3%
06-29 19:28:48.094  8227  8227 V NearbyFragment: Transfer to rc9L: 3%
06-29 19:28:48.097  8227  8227 V NearbyFragment: Transfer to rc9L: 3%
06-29 19:28:48.104  8227  8227 V NearbyFragment: Transfer to rc9L: 3%
06-29 19:28:48.110  8227  8227 V NearbyFragment: Transfer to rc9L: 3%
06-29 19:28:48.118  8227  8227 V NearbyFragment: Transfer to rc9L: 4%
06-29 19:28:48.124  8227  8227 V NearbyFragment: Transfer to rc9L: 4%
06-29 19:28:48.129  8227  8227 V NearbyFragment: Transfer to rc9L: 4%
06-29 19:28:48.152  8227  8227 V NearbyFragment: Transfer to rc9L: 4%
06-29 19:28:48.153  8227  8227 V NearbyFragment: Transfer to rc9L: 4%
06-29 19:28:48.159  8227  8227 V NearbyFragment: Transfer to rc9L: 4%
06-29 19:28:48.168  8227  8227 V NearbyFragment: Transfer to rc9L: 4%
06-29 19:28:48.174  8227  8227 V NearbyFragment: Transfer to rc9L: 4%
06-29 19:28:48.192  8227  8227 V NearbyFragment: Transfer to rc9L: 4%
06-29 19:28:48.209  8227  8227 V NearbyFragment: Transfer to rc9L: 4%
06-29 19:28:48.222  8227  8227 V NearbyFragment: Transfer to rc9L: 4%
06-29 19:28:48.238  8227  8227 V NearbyFragment: Transfer to rc9L: 5%
06-29 19:28:48.247  8227  8227 V NearbyFragment: Transfer to rc9L: 5%
06-29 19:28:48.262  8227  8227 V NearbyFragment: Transfer to rc9L: 5%
06-29 19:28:48.274  8227  8227 V NearbyFragment: Transfer to rc9L: 5%
06-29 19:28:48.346  8227  8227 V NearbyFragment: Transfer to rc9L: 5%
06-29 19:28:48.362  8227  8227 V NearbyFragment: Transfer to rc9L: 5%
06-29 19:28:48.387  8227  8227 V NearbyFragment: Transfer to rc9L: 5%
06-29 19:28:48.401  8227  8227 V NearbyFragment: Transfer to rc9L: 5%
06-29 19:28:48.410  8227  8227 V NearbyFragment: Transfer to rc9L: 5%
06-29 19:28:48.420  8227  8227 V NearbyFragment: Transfer to rc9L: 5%
06-29 19:28:48.426  8227  8227 V NearbyFragment: Transfer to rc9L: 5%
06-29 19:28:48.436  8227  8227 V NearbyFragment: Transfer to rc9L: 6%
06-29 19:28:48.445  8227  8227 V NearbyFragment: Transfer to rc9L: 6%
06-29 19:28:48.456  8227  8227 V NearbyFragment: Transfer to rc9L: 6%
06-29 19:28:48.480  8227  8227 V NearbyFragment: Transfer to rc9L: 6%
06-29 19:28:48.487  8227  8227 V NearbyFragment: Transfer to rc9L: 6%
06-29 19:28:48.497  8227  8227 V NearbyFragment: Transfer to rc9L: 6%
06-29 19:28:48.509  8227  8227 V NearbyFragment: Transfer to rc9L: 6%
06-29 19:28:48.519  8227  8227 V NearbyFragment: Transfer to rc9L: 6%
06-29 19:28:48.527  8227  8227 V NearbyFragment: Transfer to rc9L: 6%
06-29 19:28:48.538  8227  8227 V NearbyFragment: Transfer to rc9L: 6%
06-29 19:28:48.545  8227  8227 V NearbyFragment: Transfer to rc9L: 7%
06-29 19:28:48.561  8227  8227 V NearbyFragment: Transfer to rc9L: 7%
06-29 19:28:48.568  8227  8227 V NearbyFragment: Transfer to rc9L: 7%
06-29 19:28:48.576  8227  8227 V NearbyFragment: Transfer to rc9L: 7%
06-29 19:28:48.583  8227  8227 V NearbyFragment: Transfer to rc9L: 7%
06-29 19:28:48.586  8227  8227 V NearbyFragment: Transfer to rc9L: 7%
06-29 19:28:48.594  8227  8227 V NearbyFragment: Transfer to rc9L: 7%
06-29 19:28:48.596  8227  8227 V NearbyFragment: Transfer to rc9L: 7%
06-29 19:28:48.605  8227  8227 V NearbyFragment: Transfer to rc9L: 7%
06-29 19:28:48.607  8227  8227 V NearbyFragment: Transfer to rc9L: 7%
06-29 19:28:48.611  8227  8227 V NearbyFragment: Transfer to rc9L: 7%
06-29 19:28:48.616  8227  8227 V NearbyFragment: Transfer to rc9L: 8%
06-29 19:28:48.635  8227  8227 V NearbyFragment: Transfer to rc9L: 8%
06-29 19:28:48.641  8227  8227 V NearbyFragment: Transfer to rc9L: 8%
06-29 19:28:48.650  8227  8227 V NearbyFragment: Transfer to rc9L: 8%
06-29 19:28:48.718  8227  8227 V NearbyFragment: Transfer to rc9L: 8%
06-29 19:28:48.729  8227  8227 V NearbyFragment: Transfer to rc9L: 8%
06-29 19:28:48.741  8227  8227 V NearbyFragment: Transfer to rc9L: 8%
06-29 19:28:48.753  8227  8227 V NearbyFragment: Transfer to rc9L: 8%
06-29 19:28:48.762  8227  8227 V NearbyFragment: Transfer to rc9L: 8%
06-29 19:28:48.778  8227  8227 V NearbyFragment: Transfer to rc9L: 8%
06-29 19:28:48.785  8227  8227 V NearbyFragment: Transfer to rc9L: 8%
06-29 19:28:48.810  8227  8227 V NearbyFragment: Transfer to rc9L: 9%
06-29 19:28:48.812  8227  8227 V NearbyFragment: Transfer to rc9L: 9%
06-29 19:28:48.822  8227  8227 V NearbyFragment: Transfer to rc9L: 9%
06-29 19:28:48.824  8227  8227 V NearbyFragment: Transfer to rc9L: 9%
06-29 19:28:48.830  8227  8227 V NearbyFragment: Transfer to rc9L: 9%
06-29 19:28:48.843  8227  8227 V NearbyFragment: Transfer to rc9L: 9%
06-29 19:28:48.855  8227  8227 V NearbyFragment: Transfer to rc9L: 9%
06-29 19:28:48.873  8227  8227 V NearbyFragment: Transfer to rc9L: 9%
06-29 19:28:48.890  8227  8227 V NearbyFragment: Transfer to rc9L: 9%
06-29 19:28:48.902  8227  8227 V NearbyFragment: Transfer to rc9L: 9%
06-29 19:28:48.917  8227  8227 V NearbyFragment: Transfer to rc9L: 10%
06-29 19:28:48.924  8227  8227 V NearbyFragment: Transfer to rc9L: 10%
06-29 19:28:48.934  8227  8227 V NearbyFragment: Transfer to rc9L: 10%
06-29 19:28:48.966  8227  8227 V NearbyFragment: Transfer to rc9L: 10%
06-29 19:28:48.975  8227  8227 V NearbyFragment: Transfer to rc9L: 10%
06-29 19:28:48.993  8227  8227 V NearbyFragment: Transfer to rc9L: 10%
06-29 19:28:48.996  8227  8227 V NearbyFragment: Transfer to rc9L: 10%
06-29 19:28:49.006  8227  8227 V NearbyFragment: Transfer to rc9L: 10%
06-29 19:28:49.008  8227  8227 V NearbyFragment: Transfer to rc9L: 10%
06-29 19:28:49.016  8227  8227 V NearbyFragment: Transfer to rc9L: 10%
06-29 19:28:49.025  8227  8227 V NearbyFragment: Transfer to rc9L: 10%
06-29 19:28:49.028  8227  8227 V NearbyFragment: Transfer to rc9L: 11%
06-29 19:28:49.034  8227  8227 V NearbyFragment: Transfer to rc9L: 11%
06-29 19:28:49.041  8227  8227 V NearbyFragment: Transfer to rc9L: 11%
06-29 19:28:49.063  8227  8227 V NearbyFragment: Transfer to rc9L: 11%
06-29 19:28:49.066  8227  8227 V NearbyFragment: Transfer to rc9L: 11%
06-29 19:28:49.075  8227  8227 V NearbyFragment: Transfer to rc9L: 11%
06-29 19:28:49.095  8227  8227 V NearbyFragment: Transfer to rc9L: 11%
06-29 19:28:49.104  8227  8227 V NearbyFragment: Transfer to rc9L: 11%
06-29 19:28:49.107  8227  8227 V NearbyFragment: Transfer to rc9L: 11%
06-29 19:28:49.116  8227  8227 V NearbyFragment: Transfer to rc9L: 11%
06-29 19:28:49.118  8227  8227 V NearbyFragment: Transfer to rc9L: 11%
06-29 19:28:49.124  8227  8227 V NearbyFragment: Transfer to rc9L: 12%
06-29 19:28:49.132  8227  8227 V NearbyFragment: Transfer to rc9L: 12%
06-29 19:28:49.146  8227  8227 V NearbyFragment: Transfer to rc9L: 12%
06-29 19:28:49.152  8227  8227 V NearbyFragment: Transfer to rc9L: 12%
06-29 19:28:49.161  8227  8227 V NearbyFragment: Transfer to rc9L: 12%
06-29 19:28:49.172  8227  8227 V NearbyFragment: Transfer to rc9L: 12%
06-29 19:28:49.180  8227  8227 V NearbyFragment: Transfer to rc9L: 12%
06-29 19:28:49.188  8227  8227 V NearbyFragment: Transfer to rc9L: 12%
06-29 19:28:49.202  8227  8227 V NearbyFragment: Transfer to rc9L: 12%
06-29 19:28:49.209  8227  8227 V NearbyFragment: Transfer to rc9L: 12%
06-29 19:28:49.225  8227  8227 V NearbyFragment: Transfer to rc9L: 13%
06-29 19:28:49.232  8227  8227 V NearbyFragment: Transfer to rc9L: 13%
06-29 19:28:49.240  8227  8227 V NearbyFragment: Transfer to rc9L: 13%
06-29 19:28:49.252  8227  8227 V NearbyFragment: Transfer to rc9L: 13%
06-29 19:28:49.265  8227  8227 V NearbyFragment: Transfer to rc9L: 13%
06-29 19:28:49.272  8227  8227 V NearbyFragment: Transfer to rc9L: 13%
06-29 19:28:49.283  8227  8227 V NearbyFragment: Transfer to rc9L: 13%
06-29 19:28:49.293  8227  8227 V NearbyFragment: Transfer to rc9L: 13%
06-29 19:28:49.311  8227  8227 V NearbyFragment: Transfer to rc9L: 13%
06-29 19:28:49.317  8227  8227 V NearbyFragment: Transfer to rc9L: 13%
06-29 19:28:49.352  8227  8227 V NearbyFragment: Transfer to rc9L: 13%
06-29 19:28:49.367  8227  8227 V NearbyFragment: Transfer to rc9L: 14%
06-29 19:28:49.378  8227  8227 V NearbyFragment: Transfer to rc9L: 14%
06-29 19:28:49.392  8227  8227 V NearbyFragment: Transfer to rc9L: 14%
06-29 19:28:49.401  8227  8227 V NearbyFragment: Transfer to rc9L: 14%
06-29 19:28:49.423  8227  8227 V NearbyFragment: Transfer to rc9L: 14%
06-29 19:28:49.454  8227  8227 V NearbyFragment: Transfer to rc9L: 14%
06-29 19:28:49.472  8227  8227 V NearbyFragment: Transfer to rc9L: 14%
06-29 19:28:49.479  8227  8227 V NearbyFragment: Transfer to rc9L: 14%
06-29 19:28:49.487  8227  8227 V NearbyFragment: Transfer to rc9L: 14%
06-29 19:28:49.526  8227  8227 V NearbyFragment: Transfer to rc9L: 14%
06-29 19:28:49.536  8227  8227 V NearbyFragment: Transfer to rc9L: 14%
06-29 19:28:49.544  8227  8227 V NearbyFragment: Transfer to rc9L: 15%
06-29 19:28:49.555  8227  8227 V NearbyFragment: Transfer to rc9L: 15%
06-29 19:28:49.633  8227  8227 V NearbyFragment: Transfer to rc9L: 15%
06-29 19:28:49.647  8227  8227 V NearbyFragment: Transfer to rc9L: 15%
06-29 19:28:49.655  8227  8227 V NearbyFragment: Transfer to rc9L: 15%
06-29 19:28:49.661  8227  8227 V NearbyFragment: Transfer to rc9L: 15%
06-29 19:28:49.722  8227  8227 V NearbyFragment: Transfer to rc9L: 15%
06-29 19:28:49.759  8227  8227 V NearbyFragment: Transfer to rc9L: 15%
06-29 19:28:49.768  8227  8227 V NearbyFragment: Transfer to rc9L: 15%
06-29 19:28:49.776  8227  8227 V NearbyFragment: Transfer to rc9L: 15%
06-29 19:28:49.782  8227  8227 V NearbyFragment: Transfer to rc9L: 16%
06-29 19:28:49.814  8227  8227 V NearbyFragment: Transfer to rc9L: 16%
06-29 19:28:49.825  8227  8227 V NearbyFragment: Transfer to rc9L: 16%
06-29 19:28:49.837  8227  8227 V NearbyFragment: Transfer to rc9L: 16%
06-29 19:28:49.857  8227  8227 V NearbyFragment: Transfer to rc9L: 16%
06-29 19:28:49.866  8227  8227 V NearbyFragment: Transfer to rc9L: 16%
06-29 19:28:49.876  8227  8227 V NearbyFragment: Transfer to rc9L: 16%
06-29 19:28:49.885  8227  8227 V NearbyFragment: Transfer to rc9L: 16%
06-29 19:28:49.920  8227  8227 V NearbyFragment: Transfer to rc9L: 16%
06-29 19:28:49.928  8227  8227 V NearbyFragment: Transfer to rc9L: 16%
06-29 19:28:49.945  8227  8227 V NearbyFragment: Transfer to rc9L: 16%
06-29 19:28:49.956  8227  8227 V NearbyFragment: Transfer to rc9L: 17%
06-29 19:28:49.975  8227  8227 V NearbyFragment: Transfer to rc9L: 17%
06-29 19:28:49.984  8227  8227 V NearbyFragment: Transfer to rc9L: 17%
06-29 19:28:50.039  8227  8227 V NearbyFragment: Transfer to rc9L: 17%
06-29 19:28:50.050  8227  8227 V NearbyFragment: Transfer to rc9L: 17%
06-29 19:28:50.061  8227  8227 V NearbyFragment: Transfer to rc9L: 17%
06-29 19:28:50.071  8227  8227 V NearbyFragment: Transfer to rc9L: 17%
06-29 19:28:50.096  8227  8227 V NearbyFragment: Transfer to rc9L: 17%
06-29 19:28:50.107  8227  8227 V NearbyFragment: Transfer to rc9L: 17%
06-29 19:28:50.122  8227  8227 V NearbyFragment: Transfer to rc9L: 17%
06-29 19:28:50.137  8227  8227 V NearbyFragment: Transfer to rc9L: 17%
06-29 19:28:50.155  8227  8227 V NearbyFragment: Transfer to rc9L: 18%
06-29 19:28:50.166  8227  8227 V NearbyFragment: Transfer to rc9L: 18%
06-29 19:28:50.176  8227  8227 V NearbyFragment: Transfer to rc9L: 18%
06-29 19:28:50.186  8227  8227 V NearbyFragment: Transfer to rc9L: 18%
06-29 19:28:50.193  8227  8227 V NearbyFragment: Transfer to rc9L: 18%
06-29 19:28:50.196  8227  8227 V NearbyFragment: Transfer to rc9L: 18%
06-29 19:28:50.213  8227  8227 V NearbyFragment: Transfer to rc9L: 18%
06-29 19:28:50.224  8227  8227 V NearbyFragment: Transfer to rc9L: 18%
06-29 19:28:50.258  8227  8227 V NearbyFragment: Transfer to rc9L: 18%
06-29 19:28:50.269  8227  8227 V NearbyFragment: Transfer to rc9L: 18%
06-29 19:28:50.278  8227  8227 V NearbyFragment: Transfer to rc9L: 19%
06-29 19:28:50.284  8227  8227 V NearbyFragment: Transfer to rc9L: 19%
06-29 19:28:50.291  8227  8227 V NearbyFragment: Transfer to rc9L: 19%
06-29 19:28:50.302  8227  8227 V NearbyFragment: Transfer to rc9L: 19%
06-29 19:28:50.314  8227  8227 V NearbyFragment: Transfer to rc9L: 19%
06-29 19:28:50.324  8227  8227 V NearbyFragment: Transfer to rc9L: 19%
06-29 19:28:50.334  8227  8227 V NearbyFragment: Transfer to rc9L: 19%
06-29 19:28:50.344  8227  8227 V NearbyFragment: Transfer to rc9L: 19%
06-29 19:28:50.354  8227  8227 V NearbyFragment: Transfer to rc9L: 19%
06-29 19:28:50.363  8227  8227 V NearbyFragment: Transfer to rc9L: 19%
06-29 19:28:50.373  8227  8227 V NearbyFragment: Transfer to rc9L: 19%
06-29 19:28:50.383  8227  8227 V NearbyFragment: Transfer to rc9L: 20%
06-29 19:28:50.391  8227  8227 V NearbyFragment: Transfer to rc9L: 20%
06-29 19:28:50.401  8227  8227 V NearbyFragment: Transfer to rc9L: 20%
06-29 19:28:50.409  8227  8227 V NearbyFragment: Transfer to rc9L: 20%
06-29 19:28:50.416  8227  8227 V NearbyFragment: Transfer to rc9L: 20%
06-29 19:28:50.436  8227  8227 V NearbyFragment: Transfer to rc9L: 20%
06-29 19:28:50.447  8227  8227 V NearbyFragment: Transfer to rc9L: 20%
06-29 19:28:50.457  8227  8227 V NearbyFragment: Transfer to rc9L: 20%
06-29 19:28:50.470  8227  8227 V NearbyFragment: Transfer to rc9L: 20%
06-29 19:28:50.480  8227  8227 V NearbyFragment: Transfer to rc9L: 20%
06-29 19:28:50.490  8227  8227 V NearbyFragment: Transfer to rc9L: 20%
06-29 19:28:50.501  8227  8227 V NearbyFragment: Transfer to rc9L: 21%
06-29 19:28:50.512  8227  8227 V NearbyFragment: Transfer to rc9L: 21%
06-29 19:28:50.537  8227  8227 V NearbyFragment: Transfer to rc9L: 21%
06-29 19:28:50.546  8227  8227 V NearbyFragment: Transfer to rc9L: 21%
06-29 19:28:50.556  8227  8227 V NearbyFragment: Transfer to rc9L: 21%
06-29 19:28:50.562  8227  8227 V NearbyFragment: Transfer to rc9L: 21%
06-29 19:28:50.567  8227  8227 V NearbyFragment: Transfer to rc9L: 21%
06-29 19:28:50.576  8227  8227 V NearbyFragment: Transfer to rc9L: 21%
06-29 19:28:50.582  8227  8227 V NearbyFragment: Transfer to rc9L: 21%
06-29 19:28:50.594  8227  8227 V NearbyFragment: Transfer to rc9L: 21%
06-29 19:28:50.603  8227  8227 V NearbyFragment: Transfer to rc9L: 22%
06-29 19:28:50.610  8227  8227 V NearbyFragment: Transfer to rc9L: 22%
06-29 19:28:50.622  8227  8227 V NearbyFragment: Transfer to rc9L: 22%
06-29 19:28:50.629  8227  8227 V NearbyFragment: Transfer to rc9L: 22%
06-29 19:28:50.635  8227  8227 V NearbyFragment: Transfer to rc9L: 22%
06-29 19:28:50.639  8227  8227 V NearbyFragment: Transfer to rc9L: 22%
06-29 19:28:50.646  8227  8227 V NearbyFragment: Transfer to rc9L: 22%
06-29 19:28:50.655  8227  8227 V NearbyFragment: Transfer to rc9L: 22%
06-29 19:28:50.675  8227  8227 V NearbyFragment: Transfer to rc9L: 22%
06-29 19:28:50.701  8227  8227 V NearbyFragment: Transfer to rc9L: 22%
06-29 19:28:50.717  8227  8227 V NearbyFragment: Transfer to rc9L: 22%
06-29 19:28:50.726  8227  8227 V NearbyFragment: Transfer to rc9L: 23%
06-29 19:28:50.728  8227  8227 V NearbyFragment: Transfer to rc9L: 23%
06-29 19:28:50.734  8227  8227 V NearbyFragment: Transfer to rc9L: 23%
06-29 19:28:50.747  8227  8227 V NearbyFragment: Transfer to rc9L: 23%
06-29 19:28:50.776  8227  8227 V NearbyFragment: Transfer to rc9L: 23%
06-29 19:28:50.778  8227  8227 V NearbyFragment: Transfer to rc9L: 23%
06-29 19:28:50.805  8227  8227 V NearbyFragment: Transfer to rc9L: 23%
06-29 19:28:50.811  8227  8227 V NearbyFragment: Transfer to rc9L: 23%
06-29 19:28:50.830  8227  8227 V NearbyFragment: Transfer to rc9L: 23%
06-29 19:28:50.840  8227  8227 V NearbyFragment: Transfer to rc9L: 23%
06-29 19:28:50.895  8227  8227 V NearbyFragment: Transfer to rc9L: 23%
06-29 19:28:50.908  8227  8227 V NearbyFragment: Transfer to rc9L: 24%
06-29 19:28:50.932  8227  8227 V NearbyFragment: Transfer to rc9L: 24%
06-29 19:28:50.944  8227  8227 V NearbyFragment: Transfer to rc9L: 24%
06-29 19:28:50.976  8227  8227 V NearbyFragment: Transfer to rc9L: 24%
06-29 19:28:51.002  8227  8227 V NearbyFragment: Transfer to rc9L: 24%
06-29 19:28:51.010  8227  8227 V NearbyFragment: Transfer to rc9L: 24%
06-29 19:28:51.022  8227  8227 V NearbyFragment: Transfer to rc9L: 24%
06-29 19:28:51.042  8227  8227 V NearbyFragment: Transfer to rc9L: 24%
06-29 19:28:51.065  8227  8227 V NearbyFragment: Transfer to rc9L: 24%
06-29 19:28:51.078  8227  8227 V NearbyFragment: Transfer to rc9L: 24%
06-29 19:28:51.100  8227  8227 V NearbyFragment: Transfer to rc9L: 25%
06-29 19:28:51.150  8227  8227 V NearbyFragment: Transfer to rc9L: 25%
06-29 19:28:51.160  8227  8227 V NearbyFragment: Transfer to rc9L: 25%
06-29 19:28:51.175  8227  8227 V NearbyFragment: Transfer to rc9L: 25%
06-29 19:28:51.244  8227  8227 V NearbyFragment: Transfer to rc9L: 25%
06-29 19:28:51.256  8227  8227 V NearbyFragment: Transfer to rc9L: 25%
06-29 19:28:51.266  8227  8227 V NearbyFragment: Transfer to rc9L: 25%
06-29 19:28:51.274  8227  8227 V NearbyFragment: Transfer to rc9L: 25%
06-29 19:28:51.281  8227  8227 V NearbyFragment: Transfer to rc9L: 25%
06-29 19:28:51.283  8227  8227 V NearbyFragment: Transfer to rc9L: 25%
06-29 19:28:51.337  8227  8227 V NearbyFragment: Transfer to rc9L: 25%
06-29 19:28:51.347  8227  8227 V NearbyFragment: Transfer to rc9L: 26%
06-29 19:28:51.368  8227  8227 V NearbyFragment: Transfer to rc9L: 26%
06-29 19:28:51.392  8227  8227 V NearbyFragment: Transfer to rc9L: 26%
06-29 19:28:51.403  8227  8227 V NearbyFragment: Transfer to rc9L: 26%
06-29 19:28:51.407  8227  8227 V NearbyFragment: Transfer to rc9L: 26%
06-29 19:28:51.416  8227  8227 V NearbyFragment: Transfer to rc9L: 26%
06-29 19:28:51.425  8227  8227 V NearbyFragment: Transfer to rc9L: 26%
